I0330 01:21:53.932168 676712 Database.h:65] ycsb initialization finished in 99 milliseconds.
I0330 01:21:53.932410 676712 Coordinator.h:30] Coordinator initializes 12 workers.
I0330 01:21:53.967664 676712 Coordinator.h:77] Coordinator starts to run 13 workers.
I0330 01:21:53.967752 676731 AriaExecutor.h:94] AriaExecutor 0 started. 
I0330 01:21:53.967801 676732 AriaExecutor.h:94] AriaExecutor 1 started. 
I0330 01:21:53.967880 676733 AriaExecutor.h:94] AriaExecutor 2 started. 
I0330 01:21:53.967947 676734 AriaExecutor.h:94] AriaExecutor 3 started. 
I0330 01:21:53.968001 676735 AriaExecutor.h:94] AriaExecutor 4 started. 
I0330 01:21:53.968098 676736 AriaExecutor.h:94] AriaExecutor 5 started. 
I0330 01:21:53.968253 676738 AriaExecutor.h:94] AriaExecutor 7 started. 
I0330 01:21:53.968341 676739 AriaExecutor.h:94] AriaExecutor 8 started. 
I0330 01:21:53.968438 676740 AriaExecutor.h:94] AriaExecutor 9 started. 
I0330 01:21:53.968538 676741 AriaExecutor.h:94] AriaExecutor 10 started. 
I0330 01:21:53.968634 676742 AriaExecutor.h:94] AriaExecutor 11 started. 
I0330 01:21:53.968725 676743 Manager.h:224] Manager(worker id = 12) on the coordinator node started.
I0330 01:21:53.977375 676737 AriaExecutor.h:94] AriaExecutor 6 started. 
I0330 01:21:54.968788 676712 Coordinator.h:126] commit: 23583 abort: 417 (0/417/0), network size: 0, avg network size: 0, si_in_serializable: 0 0 %, local: 0 %
I0330 01:21:55.968931 676712 Coordinator.h:126] commit: 707935 abort: 3065 (0/3065/0), network size: 0, avg network size: 0, si_in_serializable: 0 0 %, local: 0 %
I0330 01:21:56.969081 676712 Coordinator.h:126] commit: 765545 abort: 3455 (0/3455/0), network size: 0, avg network size: 0, si_in_serializable: 0 0 %, local: 0 %
I0330 01:21:57.969215 676712 Coordinator.h:126] commit: 765586 abort: 3414 (0/3414/0), network size: 0, avg network size: 0, si_in_serializable: 0 0 %, local: 0 %
I0330 01:21:58.969334 676712 Coordinator.h:126] commit: 766598 abort: 3402 (0/3402/0), network size: 0, avg network size: 0, si_in_serializable: 0 0 %, local: 0 %
I0330 01:21:59.969460 676712 Coordinator.h:126] commit: 754614 abort: 3386 (0/3386/0), network size: 0, avg network size: 0, si_in_serializable: 0 0 %, local: 0 %
I0330 01:22:00.969579 676712 Coordinator.h:126] commit: 766604 abort: 3396 (0/3396/0), network size: 0, avg network size: 0, si_in_serializable: 0 0 %, local: 0 %
I0330 01:22:01.969736 676712 Coordinator.h:126] commit: 766594 abort: 3406 (0/3406/0), network size: 0, avg network size: 0, si_in_serializable: 0 0 %, local: 0 %
I0330 01:22:02.969870 676712 Coordinator.h:126] commit: 766577 abort: 3423 (0/3423/0), network size: 0, avg network size: 0, si_in_serializable: 0 0 %, local: 0 %
I0330 01:22:03.969992 676712 Coordinator.h:126] commit: 745783 abort: 3217 (0/3217/0), network size: 0, avg network size: 0, si_in_serializable: 0 0 %, local: 0 %
I0330 01:22:04.970114 676712 Coordinator.h:126] commit: 765682 abort: 3318 (0/3318/0), network size: 0, avg network size: 0, si_in_serializable: 0 0 %, local: 0 %
I0330 01:22:05.970238 676712 Coordinator.h:126] commit: 767073 abort: 3465 (0/3465/0), network size: 0, avg network size: 0, si_in_serializable: 0 0 %, local: 0 %
I0330 01:22:06.970358 676712 Coordinator.h:126] commit: 768034 abort: 3427 (0/3427/0), network size: 0, avg network size: 0, si_in_serializable: 0 0 %, local: 0 %
I0330 01:22:07.970474 676712 Coordinator.h:126] commit: 766561 abort: 3439 (0/3439/0), network size: 0, avg network size: 0, si_in_serializable: 0 0 %, local: 0 %
I0330 01:22:08.970592 676712 Coordinator.h:126] commit: 767711 abort: 3289 (0/3289/0), network size: 0, avg network size: 0, si_in_serializable: 0 0 %, local: 0 %
I0330 01:22:09.970745 676712 Coordinator.h:126] commit: 761616 abort: 3384 (0/3384/0), network size: 0, avg network size: 0, si_in_serializable: 0 0 %, local: 0 %
I0330 01:22:10.970876 676712 Coordinator.h:126] commit: 768583 abort: 3417 (0/3417/0), network size: 0, avg network size: 0, si_in_serializable: 0 0 %, local: 0 %
I0330 01:22:11.970999 676712 Coordinator.h:126] commit: 719847 abort: 3153 (0/3153/0), network size: 0, avg network size: 0, si_in_serializable: 0 0 %, local: 0 %
I0330 01:22:12.971123 676712 Coordinator.h:126] commit: 767549 abort: 3451 (0/3451/0), network size: 0, avg network size: 0, si_in_serializable: 0 0 %, local: 0 %
I0330 01:22:13.971248 676712 Coordinator.h:126] commit: 768592 abort: 3408 (0/3408/0), network size: 0, avg network size: 0, si_in_serializable: 0 0 %, local: 0 %
I0330 01:22:14.971369 676712 Coordinator.h:126] commit: 767581 abort: 3419 (0/3419/0), network size: 0, avg network size: 0, si_in_serializable: 0 0 %, local: 0 %
I0330 01:22:15.971489 676712 Coordinator.h:126] commit: 767630 abort: 3370 (0/3370/0), network size: 0, avg network size: 0, si_in_serializable: 0 0 %, local: 0 %
I0330 01:22:16.971606 676712 Coordinator.h:126] commit: 768649 abort: 3351 (0/3351/0), network size: 0, avg network size: 0, si_in_serializable: 0 0 %, local: 0 %
I0330 01:22:17.971728 676712 Coordinator.h:126] commit: 766677 abort: 3323 (0/3323/0), network size: 0, avg network size: 0, si_in_serializable: 0 0 %, local: 0 %
I0330 01:22:18.971851 676712 Coordinator.h:126] commit: 767642 abort: 3358 (0/3358/0), network size: 0, avg network size: 0, si_in_serializable: 0 0 %, local: 0 %
I0330 01:22:18.971894 676712 Coordinator.h:152] average commit: 762125 abort: 3375.1 (0/3375.1/0), network size: 0, avg network size: 0, si_in_serializable: 0 0 %, local: 0 %
I0330 01:22:18.973963 676742 AriaExecutor.h:106] AriaExecutor 11 exits. 
I0330 01:22:18.973963 676732 AriaExecutor.h:106] AriaExecutor 1 exits. 
I0330 01:22:18.973968 676736 AriaExecutor.h:106] AriaExecutor 5 exits. 
I0330 01:22:18.973965 676731 AriaExecutor.h:106] AriaExecutor 0 exits. 
I0330 01:22:18.973965 676740 AriaExecutor.h:106] AriaExecutor 9 exits. 
I0330 01:22:18.973966 676737 AriaExecutor.h:106] AriaExecutor 6 exits. 
I0330 01:22:18.973966 676739 AriaExecutor.h:106] AriaExecutor 8 exits. 
I0330 01:22:18.973964 676734 AriaExecutor.h:106] AriaExecutor 3 exits. 
I0330 01:22:18.973964 676733 AriaExecutor.h:106] AriaExecutor 2 exits. 
I0330 01:22:18.973966 676738 AriaExecutor.h:106] AriaExecutor 7 exits. 
I0330 01:22:18.973964 676741 AriaExecutor.h:106] AriaExecutor 10 exits. 
I0330 01:22:18.973968 676735 AriaExecutor.h:106] AriaExecutor 4 exits. 
I0330 01:22:18.973963 676743 Manager.h:227] Manager(worker id = 12) on the coordinator node exits.
I0330 01:22:18.971908 676712 AriaExecutor.h:664] Worker 0 latency: 833 us (50%) 1050 us (75%) 1224 us (95%) 1263 us (99%).
I0330 01:22:19.040540 676712 AriaExecutor.h:664] Worker 1 latency: 838 us (50%) 1053 us (75%) 1224 us (95%) 1263 us (99%).
I0330 01:22:19.108125 676712 AriaExecutor.h:664] Worker 2 latency: 837 us (50%) 1052 us (75%) 1224 us (95%) 1263 us (99%).
I0330 01:22:19.176007 676712 AriaExecutor.h:664] Worker 3 latency: 838 us (50%) 1052 us (75%) 1224 us (95%) 1263 us (99%).
I0330 01:22:19.240262 676712 AriaExecutor.h:664] Worker 4 latency: 841 us (50%) 1054 us (75%) 1224 us (95%) 1263 us (99%).
I0330 01:22:19.306926 676712 AriaExecutor.h:664] Worker 5 latency: 839 us (50%) 1053 us (75%) 1224 us (95%) 1262 us (99%).
I0330 01:22:19.374114 676712 AriaExecutor.h:664] Worker 6 latency: 840 us (50%) 1053 us (75%) 1224 us (95%) 1262 us (99%).
I0330 01:22:19.437364 676712 AriaExecutor.h:664] Worker 7 latency: 841 us (50%) 1054 us (75%) 1224 us (95%) 1262 us (99%).
I0330 01:22:19.500599 676712 AriaExecutor.h:664] Worker 8 latency: 842 us (50%) 1054 us (75%) 1224 us (95%) 1262 us (99%).
I0330 01:22:19.566821 676712 AriaExecutor.h:664] Worker 9 latency: 841 us (50%) 1053 us (75%) 1224 us (95%) 1262 us (99%).
I0330 01:22:19.633591 676712 AriaExecutor.h:664] Worker 10 latency: 842 us (50%) 1054 us (75%) 1224 us (95%) 1262 us (99%).
I0330 01:22:19.700501 676712 AriaExecutor.h:664] Worker 11 latency: 841 us (50%) 1053 us (75%) 1224 us (95%) 1262 us (99%).
I0330 01:22:19.767263 676712 Coordinator.h:177] total commit: 762125
I0330 01:22:20.767477 676712 Coordinator.h:192] Coordinator exits.
