I0312 09:02:50.676640 305970 Database.h:65] ycsb initialization finished in 98 milliseconds.
I0312 09:02:50.676877 305970 Coordinator.h:30] Coordinator initializes 12 workers.
I0312 09:02:50.787456 305970 Coordinator.h:77] Coordinator starts to run 13 workers.
I0312 09:02:50.787549 305986 AriaExecutor.h:82] AriaExecutor 0 started. 
I0312 09:02:50.787581 305987 AriaExecutor.h:82] AriaExecutor 1 started. 
I0312 09:02:50.787708 305988 AriaExecutor.h:82] AriaExecutor 2 started. 
I0312 09:02:50.787762 305989 AriaExecutor.h:82] AriaExecutor 3 started. 
I0312 09:02:50.787844 305990 AriaExecutor.h:82] AriaExecutor 4 started. 
I0312 09:02:50.787889 305991 AriaExecutor.h:82] AriaExecutor 5 started. 
I0312 09:02:50.787979 305992 AriaExecutor.h:82] AriaExecutor 6 started. 
I0312 09:02:50.788079 305993 AriaExecutor.h:82] AriaExecutor 7 started. 
I0312 09:02:50.788182 305994 AriaExecutor.h:82] AriaExecutor 8 started. 
I0312 09:02:50.788326 305995 AriaExecutor.h:82] AriaExecutor 9 started. 
I0312 09:02:50.788365 305996 AriaExecutor.h:82] AriaExecutor 10 started. 
I0312 09:02:50.788465 305997 AriaExecutor.h:82] AriaExecutor 11 started. 
I0312 09:02:50.788516 305998 Manager.h:224] Manager(worker id = 12) on the coordinator node started.
I0312 09:02:51.788564 305970 Coordinator.h:126] commit: 307695 abort: 40465 (0/40465/0), network size: 0, avg network size: 0, si_in_serializable: 0 0 %, local: 0 %
I0312 09:02:52.788724 305970 Coordinator.h:126] commit: 329661 abort: 43075 (0/43075/0), network size: 0, avg network size: 0, si_in_serializable: 0 0 %, local: 0 %
I0312 09:02:53.788919 305970 Coordinator.h:126] commit: 340409 abort: 44628 (0/44628/0), network size: 0, avg network size: 0, si_in_serializable: 0 0 %, local: 0 %
I0312 09:02:54.789062 305970 Coordinator.h:126] commit: 347586 abort: 45617 (0/45617/0), network size: 0, avg network size: 0, si_in_serializable: 0 0 %, local: 0 %
I0312 09:02:55.789192 305970 Coordinator.h:126] commit: 344108 abort: 45012 (0/45012/0), network size: 0, avg network size: 0, si_in_serializable: 0 0 %, local: 0 %
I0312 09:02:56.789319 305970 Coordinator.h:126] commit: 344119 abort: 45001 (0/45001/0), network size: 0, avg network size: 0, si_in_serializable: 0 0 %, local: 0 %
I0312 09:02:57.789438 305970 Coordinator.h:126] commit: 344407 abort: 44713 (0/44713/0), network size: 0, avg network size: 0, si_in_serializable: 0 0 %, local: 0 %
I0312 09:02:58.789625 305970 Coordinator.h:126] commit: 343424 abort: 45696 (0/45696/0), network size: 0, avg network size: 0, si_in_serializable: 0 0 %, local: 0 %
I0312 09:02:59.789757 305970 Coordinator.h:126] commit: 344105 abort: 45015 (0/45015/0), network size: 0, avg network size: 0, si_in_serializable: 0 0 %, local: 0 %
I0312 09:03:00.789870 305970 Coordinator.h:126] commit: 340423 abort: 44601 (0/44601/0), network size: 0, avg network size: 0, si_in_serializable: 0 0 %, local: 0 %
I0312 09:03:01.789984 305970 Coordinator.h:126] commit: 344158 abort: 44962 (0/44962/0), network size: 0, avg network size: 0, si_in_serializable: 0 0 %, local: 0 %
I0312 09:03:02.790097 305970 Coordinator.h:126] commit: 344085 abort: 45035 (0/45035/0), network size: 0, avg network size: 0, si_in_serializable: 0 0 %, local: 0 %
I0312 09:03:03.790206 305970 Coordinator.h:126] commit: 347666 abort: 45550 (0/45550/0), network size: 0, avg network size: 0, si_in_serializable: 0 0 %, local: 0 %
I0312 09:03:04.790323 305970 Coordinator.h:126] commit: 344179 abort: 44941 (0/44941/0), network size: 0, avg network size: 0, si_in_serializable: 0 0 %, local: 0 %
I0312 09:03:05.790445 305970 Coordinator.h:126] commit: 344001 abort: 45119 (0/45119/0), network size: 0, avg network size: 0, si_in_serializable: 0 0 %, local: 0 %
I0312 09:03:06.790555 305970 Coordinator.h:126] commit: 344044 abort: 45076 (0/45076/0), network size: 0, avg network size: 0, si_in_serializable: 0 0 %, local: 0 %
I0312 09:03:07.790732 305970 Coordinator.h:126] commit: 344039 abort: 45081 (0/45081/0), network size: 0, avg network size: 0, si_in_serializable: 0 0 %, local: 0 %
I0312 09:03:08.790884 305970 Coordinator.h:126] commit: 343838 abort: 45282 (0/45282/0), network size: 0, avg network size: 0, si_in_serializable: 0 0 %, local: 0 %
I0312 09:03:09.791002 305970 Coordinator.h:126] commit: 333669 abort: 43163 (0/43163/0), network size: 0, avg network size: 0, si_in_serializable: 0 0 %, local: 0 %
I0312 09:03:10.791117 305970 Coordinator.h:126] commit: 343781 abort: 45339 (0/45339/0), network size: 0, avg network size: 0, si_in_serializable: 0 0 %, local: 0 %
I0312 09:03:11.791231 305970 Coordinator.h:126] commit: 343938 abort: 45182 (0/45182/0), network size: 0, avg network size: 0, si_in_serializable: 0 0 %, local: 0 %
I0312 09:03:12.791339 305970 Coordinator.h:126] commit: 344020 abort: 45100 (0/45100/0), network size: 0, avg network size: 0, si_in_serializable: 0 0 %, local: 0 %
I0312 09:03:13.791447 305970 Coordinator.h:126] commit: 347771 abort: 45445 (0/45445/0), network size: 0, avg network size: 0, si_in_serializable: 0 0 %, local: 0 %
I0312 09:03:14.791563 305970 Coordinator.h:126] commit: 343896 abort: 45224 (0/45224/0), network size: 0, avg network size: 0, si_in_serializable: 0 0 %, local: 0 %
I0312 09:03:15.791687 305970 Coordinator.h:126] commit: 344024 abort: 45096 (0/45096/0), network size: 0, avg network size: 0, si_in_serializable: 0 0 %, local: 0 %
I0312 09:03:15.791723 305970 Coordinator.h:152] average commit: 343346 abort: 44954.8 (0/44954.8/0), network size: 0, avg network size: 0, si_in_serializable: 0 0 %, local: 0 %
I0312 09:03:15.796501 305995 AriaExecutor.h:94] AriaExecutor 9 exits. 
I0312 09:03:15.796501 305988 AriaExecutor.h:94] AriaExecutor 2 exits. 
I0312 09:03:15.796526 305998 Manager.h:227] Manager(worker id = 12) on the coordinator node exits.
I0312 09:03:15.796501 305990 AriaExecutor.h:94] AriaExecutor 4 exits. 
I0312 09:03:15.796518 305997 AriaExecutor.h:94] AriaExecutor 11 exits. 
I0312 09:03:15.796520 305993 AriaExecutor.h:94] AriaExecutor 7 exits. 
I0312 09:03:15.796520 305991 AriaExecutor.h:94] AriaExecutor 5 exits. 
I0312 09:03:15.796521 305992 AriaExecutor.h:94] AriaExecutor 6 exits. 
I0312 09:03:15.796522 305996 AriaExecutor.h:94] AriaExecutor 10 exits. 
I0312 09:03:15.796501 305987 AriaExecutor.h:94] AriaExecutor 1 exits. 
I0312 09:03:15.796520 305994 AriaExecutor.h:94] AriaExecutor 8 exits. 
I0312 09:03:15.796521 305986 AriaExecutor.h:94] AriaExecutor 0 exits. 
I0312 09:03:15.796519 305989 AriaExecutor.h:94] AriaExecutor 3 exits. 
I0312 09:03:15.791769 305970 AriaExecutor.h:535] Worker 0 latency: 7252 us (50%) 8758 us (75%) 9889 us (95%) 10164 us (99%).
I0312 09:03:15.838982 305970 AriaExecutor.h:535] Worker 1 latency: 7253 us (50%) 8755 us (75%) 9885 us (95%) 10145 us (99%).
I0312 09:03:15.872047 305970 AriaExecutor.h:535] Worker 2 latency: 7254 us (50%) 8757 us (75%) 9886 us (95%) 10147 us (99%).
I0312 09:03:15.905083 305970 AriaExecutor.h:535] Worker 3 latency: 7250 us (50%) 8753 us (75%) 9884 us (95%) 10139 us (99%).
I0312 09:03:15.938614 305970 AriaExecutor.h:535] Worker 4 latency: 7259 us (50%) 8758 us (75%) 9886 us (95%) 10148 us (99%).
I0312 09:03:15.971987 305970 AriaExecutor.h:535] Worker 5 latency: 7255 us (50%) 8756 us (75%) 9884 us (95%) 10140 us (99%).
I0312 09:03:16.005266 305970 AriaExecutor.h:535] Worker 6 latency: 7261 us (50%) 8758 us (75%) 9887 us (95%) 10148 us (99%).
I0312 09:03:16.038636 305970 AriaExecutor.h:535] Worker 7 latency: 7257 us (50%) 8759 us (75%) 9886 us (95%) 10148 us (99%).
I0312 09:03:16.071292 305970 AriaExecutor.h:535] Worker 8 latency: 7257 us (50%) 8757 us (75%) 9885 us (95%) 10141 us (99%).
I0312 09:03:16.105829 305970 AriaExecutor.h:535] Worker 9 latency: 7259 us (50%) 8759 us (75%) 9886 us (95%) 10147 us (99%).
I0312 09:03:16.139248 305970 AriaExecutor.h:535] Worker 10 latency: 7259 us (50%) 8756 us (75%) 9883 us (95%) 10139 us (99%).
I0312 09:03:16.173007 305970 AriaExecutor.h:535] Worker 11 latency: 7258 us (50%) 8757 us (75%) 9886 us (95%) 10146 us (99%).
I0312 09:03:16.206862 305970 Coordinator.h:177] total commit: 343346
I0312 09:03:17.207067 305970 Coordinator.h:192] Coordinator exits.
