I0312 09:05:03.605603 308566 Database.h:65] ycsb initialization finished in 99 milliseconds.
I0312 09:05:03.605742 308566 Coordinator.h:30] Coordinator initializes 12 workers.
I0312 09:05:03.660725 308566 Coordinator.h:77] Coordinator starts to run 13 workers.
I0312 09:05:03.660820 308589 AriaExecutor.h:82] AriaExecutor 0 started. 
I0312 09:05:03.660880 308590 AriaExecutor.h:82] AriaExecutor 1 started. 
I0312 09:05:03.660990 308591 AriaExecutor.h:82] AriaExecutor 2 started. 
I0312 09:05:03.661110 308592 AriaExecutor.h:82] AriaExecutor 3 started. 
I0312 09:05:03.661156 308593 AriaExecutor.h:82] AriaExecutor 4 started. 
I0312 09:05:03.661245 308594 AriaExecutor.h:82] AriaExecutor 5 started. 
I0312 09:05:03.661362 308595 AriaExecutor.h:82] AriaExecutor 6 started. 
I0312 09:05:03.661481 308596 AriaExecutor.h:82] AriaExecutor 7 started. 
I0312 09:05:03.661597 308597 AriaExecutor.h:82] AriaExecutor 8 started. 
I0312 09:05:03.661715 308598 AriaExecutor.h:82] AriaExecutor 9 started. 
I0312 09:05:03.661774 308599 AriaExecutor.h:82] AriaExecutor 10 started. 
I0312 09:05:03.661877 308600 AriaExecutor.h:82] AriaExecutor 11 started. 
I0312 09:05:03.661937 308601 Manager.h:224] Manager(worker id = 12) on the coordinator node started.
I0312 09:05:04.661981 308566 Coordinator.h:126] commit: 460076 abort: 4820 (0/4820/0), network size: 0, avg network size: 0, si_in_serializable: 0 0 %, local: 0 %
I0312 09:05:05.662140 308566 Coordinator.h:126] commit: 482445 abort: 4979 (0/4979/0), network size: 0, avg network size: 0, si_in_serializable: 0 0 %, local: 0 %
I0312 09:05:06.662335 308566 Coordinator.h:126] commit: 500700 abort: 5156 (0/5156/0), network size: 0, avg network size: 0, si_in_serializable: 0 0 %, local: 0 %
I0312 09:05:07.662492 308566 Coordinator.h:126] commit: 502715 abort: 5189 (0/5189/0), network size: 0, avg network size: 0, si_in_serializable: 0 0 %, local: 0 %
I0312 09:05:08.662633 308566 Coordinator.h:126] commit: 502723 abort: 5181 (0/5181/0), network size: 0, avg network size: 0, si_in_serializable: 0 0 %, local: 0 %
I0312 09:05:09.662765 308566 Coordinator.h:126] commit: 500665 abort: 5191 (0/5191/0), network size: 0, avg network size: 0, si_in_serializable: 0 0 %, local: 0 %
I0312 09:05:10.662892 308566 Coordinator.h:126] commit: 498710 abort: 5098 (0/5098/0), network size: 0, avg network size: 0, si_in_serializable: 0 0 %, local: 0 %
I0312 09:05:11.663086 308566 Coordinator.h:126] commit: 502728 abort: 5176 (0/5176/0), network size: 0, avg network size: 0, si_in_serializable: 0 0 %, local: 0 %
I0312 09:05:12.663237 308566 Coordinator.h:126] commit: 504649 abort: 5303 (0/5303/0), network size: 0, avg network size: 0, si_in_serializable: 0 0 %, local: 0 %
I0312 09:05:13.663375 308566 Coordinator.h:126] commit: 502659 abort: 5245 (0/5245/0), network size: 0, avg network size: 0, si_in_serializable: 0 0 %, local: 0 %
I0312 09:05:14.663511 308566 Coordinator.h:126] commit: 504829 abort: 5123 (0/5123/0), network size: 0, avg network size: 0, si_in_serializable: 0 0 %, local: 0 %
I0312 09:05:15.663646 308566 Coordinator.h:126] commit: 500675 abort: 5181 (0/5181/0), network size: 0, avg network size: 0, si_in_serializable: 0 0 %, local: 0 %
I0312 09:05:16.663769 308566 Coordinator.h:126] commit: 494480 abort: 5232 (0/5232/0), network size: 0, avg network size: 0, si_in_serializable: 0 0 %, local: 0 %
I0312 09:05:17.663952 308566 Coordinator.h:126] commit: 498620 abort: 5188 (0/5188/0), network size: 0, avg network size: 0, si_in_serializable: 0 0 %, local: 0 %
I0312 09:05:18.664126 308566 Coordinator.h:126] commit: 502727 abort: 5177 (0/5177/0), network size: 0, avg network size: 0, si_in_serializable: 0 0 %, local: 0 %
I0312 09:05:19.664260 308566 Coordinator.h:126] commit: 504816 abort: 5136 (0/5136/0), network size: 0, avg network size: 0, si_in_serializable: 0 0 %, local: 0 %
I0312 09:05:20.664383 308566 Coordinator.h:126] commit: 504714 abort: 5238 (0/5238/0), network size: 0, avg network size: 0, si_in_serializable: 0 0 %, local: 0 %
I0312 09:05:21.664520 308566 Coordinator.h:126] commit: 502730 abort: 5174 (0/5174/0), network size: 0, avg network size: 0, si_in_serializable: 0 0 %, local: 0 %
I0312 09:05:22.664654 308566 Coordinator.h:126] commit: 504605 abort: 5347 (0/5347/0), network size: 0, avg network size: 0, si_in_serializable: 0 0 %, local: 0 %
I0312 09:05:23.664784 308566 Coordinator.h:126] commit: 502655 abort: 5249 (0/5249/0), network size: 0, avg network size: 0, si_in_serializable: 0 0 %, local: 0 %
I0312 09:05:24.664917 308566 Coordinator.h:126] commit: 504711 abort: 5241 (0/5241/0), network size: 0, avg network size: 0, si_in_serializable: 0 0 %, local: 0 %
I0312 09:05:25.665055 308566 Coordinator.h:126] commit: 502791 abort: 5113 (0/5113/0), network size: 0, avg network size: 0, si_in_serializable: 0 0 %, local: 0 %
I0312 09:05:26.665184 308566 Coordinator.h:126] commit: 502608 abort: 5296 (0/5296/0), network size: 0, avg network size: 0, si_in_serializable: 0 0 %, local: 0 %
I0312 09:05:27.665310 308566 Coordinator.h:126] commit: 504588 abort: 5364 (0/5364/0), network size: 0, avg network size: 0, si_in_serializable: 0 0 %, local: 0 %
I0312 09:05:28.665442 308566 Coordinator.h:126] commit: 502649 abort: 5255 (0/5255/0), network size: 0, avg network size: 0, si_in_serializable: 0 0 %, local: 0 %
I0312 09:05:28.665489 308566 Coordinator.h:152] average commit: 502085 abort: 5204.5 (0/5204.5/0), network size: 0, avg network size: 0, si_in_serializable: 0 0 %, local: 0 %
I0312 09:05:28.666350 308594 AriaExecutor.h:94] AriaExecutor 5 exits. 
I0312 09:05:28.666350 308599 AriaExecutor.h:94] AriaExecutor 10 exits. 
I0312 09:05:28.666352 308598 AriaExecutor.h:94] AriaExecutor 9 exits. 
I0312 09:05:28.666355 308601 Manager.h:227] Manager(worker id = 12) on the coordinator node exits.
I0312 09:05:28.666363 308593 AriaExecutor.h:94] AriaExecutor 4 exits. 
I0312 09:05:28.666364 308591 AriaExecutor.h:94] AriaExecutor 2 exits. 
I0312 09:05:28.666350 308589 AriaExecutor.h:94] AriaExecutor 0 exits. 
I0312 09:05:28.666364 308595 AriaExecutor.h:94] AriaExecutor 6 exits. 
I0312 09:05:28.666364 308600 AriaExecutor.h:94] AriaExecutor 11 exits. 
I0312 09:05:28.666364 308592 AriaExecutor.h:94] AriaExecutor 3 exits. 
I0312 09:05:28.666366 308597 AriaExecutor.h:94] AriaExecutor 8 exits. 
I0312 09:05:28.666350 308590 AriaExecutor.h:94] AriaExecutor 1 exits. 
I0312 09:05:28.666366 308596 AriaExecutor.h:94] AriaExecutor 7 exits. 
I0312 09:05:28.665534 308566 AriaExecutor.h:535] Worker 0 latency: 2405 us (50%) 3192 us (75%) 3820 us (95%) 3949 us (99%).
I0312 09:05:28.733783 308566 AriaExecutor.h:535] Worker 1 latency: 2413 us (50%) 3196 us (75%) 3820 us (95%) 3949 us (99%).
I0312 09:05:28.790323 308566 AriaExecutor.h:535] Worker 2 latency: 2411 us (50%) 3195 us (75%) 3820 us (95%) 3948 us (99%).
I0312 09:05:28.846328 308566 AriaExecutor.h:535] Worker 3 latency: 2411 us (50%) 3196 us (75%) 3820 us (95%) 3949 us (99%).
I0312 09:05:28.904505 308566 AriaExecutor.h:535] Worker 4 latency: 2409 us (50%) 3195 us (75%) 3820 us (95%) 3949 us (99%).
I0312 09:05:28.961252 308566 AriaExecutor.h:535] Worker 5 latency: 2402 us (50%) 3191 us (75%) 3819 us (95%) 3949 us (99%).
I0312 09:05:29.019119 308566 AriaExecutor.h:535] Worker 6 latency: 2408 us (50%) 3194 us (75%) 3819 us (95%) 3948 us (99%).
I0312 09:05:29.075965 308566 AriaExecutor.h:535] Worker 7 latency: 2411 us (50%) 3195 us (75%) 3820 us (95%) 3949 us (99%).
I0312 09:05:29.134703 308566 AriaExecutor.h:535] Worker 8 latency: 2422 us (50%) 3200 us (75%) 3820 us (95%) 3948 us (99%).
I0312 09:05:29.190646 308566 AriaExecutor.h:535] Worker 9 latency: 2418 us (50%) 3199 us (75%) 3820 us (95%) 3948 us (99%).
I0312 09:05:29.247288 308566 AriaExecutor.h:535] Worker 10 latency: 2423 us (50%) 3201 us (75%) 3821 us (95%) 3949 us (99%).
I0312 09:05:29.306069 308566 AriaExecutor.h:535] Worker 11 latency: 2416 us (50%) 3198 us (75%) 3820 us (95%) 3948 us (99%).
I0312 09:05:29.362161 308566 Coordinator.h:177] total commit: 502085
I0312 09:05:30.362365 308566 Coordinator.h:192] Coordinator exits.
