I0312 09:04:10.237911 306537 Database.h:65] ycsb initialization finished in 98 milliseconds.
I0312 09:04:10.238130 306537 Coordinator.h:30] Coordinator initializes 12 workers.
I0312 09:04:10.348332 306537 Coordinator.h:77] Coordinator starts to run 13 workers.
I0312 09:04:10.348438 306553 AriaExecutor.h:82] AriaExecutor 0 started. 
I0312 09:04:10.348485 306554 AriaExecutor.h:82] AriaExecutor 1 started. 
I0312 09:04:10.348594 306555 AriaExecutor.h:82] AriaExecutor 2 started. 
I0312 09:04:10.348639 306556 AriaExecutor.h:82] AriaExecutor 3 started. 
I0312 09:04:10.348728 306557 AriaExecutor.h:82] AriaExecutor 4 started. 
I0312 09:04:10.348845 306558 AriaExecutor.h:82] AriaExecutor 5 started. 
I0312 09:04:10.348876 306559 AriaExecutor.h:82] AriaExecutor 6 started. 
I0312 09:04:10.348976 306560 AriaExecutor.h:82] AriaExecutor 7 started. 
I0312 09:04:10.349095 306561 AriaExecutor.h:82] AriaExecutor 8 started. 
I0312 09:04:10.349126 306562 AriaExecutor.h:82] AriaExecutor 9 started. 
I0312 09:04:10.349232 306563 AriaExecutor.h:82] AriaExecutor 10 started. 
I0312 09:04:10.349346 306564 AriaExecutor.h:82] AriaExecutor 11 started. 
I0312 09:04:10.349472 306565 Manager.h:224] Manager(worker id = 12) on the coordinator node started.
I0312 09:04:11.349462 306537 Coordinator.h:126] commit: 1856 abort: 59584 (0/59584/0), network size: 0, avg network size: 0, si_in_serializable: 0 0 %, local: 0 %
I0312 09:04:12.349627 306537 Coordinator.h:126] commit: 1945 abort: 63591 (0/63591/0), network size: 0, avg network size: 0, si_in_serializable: 0 0 %, local: 0 %
I0312 09:04:13.349810 306537 Coordinator.h:126] commit: 2235 abort: 71493 (0/71493/0), network size: 0, avg network size: 0, si_in_serializable: 0 0 %, local: 0 %
I0312 09:04:14.349942 306537 Coordinator.h:126] commit: 2290 abort: 75534 (0/75534/0), network size: 0, avg network size: 0, si_in_serializable: 0 0 %, local: 0 %
I0312 09:04:15.350081 306537 Coordinator.h:126] commit: 2151 abort: 71577 (0/71577/0), network size: 0, avg network size: 0, si_in_serializable: 0 0 %, local: 0 %
I0312 09:04:16.350224 306537 Coordinator.h:126] commit: 2148 abort: 71580 (0/71580/0), network size: 0, avg network size: 0, si_in_serializable: 0 0 %, local: 0 %
I0312 09:04:17.350432 306537 Coordinator.h:126] commit: 2194 abort: 71534 (0/71534/0), network size: 0, avg network size: 0, si_in_serializable: 0 0 %, local: 0 %
I0312 09:04:18.350600 306537 Coordinator.h:126] commit: 2170 abort: 71558 (0/71558/0), network size: 0, avg network size: 0, si_in_serializable: 0 0 %, local: 0 %
I0312 09:04:19.350759 306537 Coordinator.h:126] commit: 2140 abort: 71588 (0/71588/0), network size: 0, avg network size: 0, si_in_serializable: 0 0 %, local: 0 %
I0312 09:04:20.350915 306537 Coordinator.h:126] commit: 2233 abort: 71495 (0/71495/0), network size: 0, avg network size: 0, si_in_serializable: 0 0 %, local: 0 %
I0312 09:04:21.351053 306537 Coordinator.h:126] commit: 2166 abort: 71562 (0/71562/0), network size: 0, avg network size: 0, si_in_serializable: 0 0 %, local: 0 %
I0312 09:04:22.351194 306537 Coordinator.h:126] commit: 2152 abort: 71576 (0/71576/0), network size: 0, avg network size: 0, si_in_serializable: 0 0 %, local: 0 %
I0312 09:04:23.351348 306537 Coordinator.h:126] commit: 2185 abort: 71543 (0/71543/0), network size: 0, avg network size: 0, si_in_serializable: 0 0 %, local: 0 %
I0312 09:04:24.351495 306537 Coordinator.h:126] commit: 2197 abort: 71531 (0/71531/0), network size: 0, avg network size: 0, si_in_serializable: 0 0 %, local: 0 %
I0312 09:04:25.351696 306537 Coordinator.h:126] commit: 2214 abort: 71514 (0/71514/0), network size: 0, avg network size: 0, si_in_serializable: 0 0 %, local: 0 %
I0312 09:04:26.351836 306537 Coordinator.h:126] commit: 2150 abort: 71578 (0/71578/0), network size: 0, avg network size: 0, si_in_serializable: 0 0 %, local: 0 %
I0312 09:04:27.351980 306537 Coordinator.h:126] commit: 2205 abort: 71523 (0/71523/0), network size: 0, avg network size: 0, si_in_serializable: 0 0 %, local: 0 %
I0312 09:04:28.352142 306537 Coordinator.h:126] commit: 2163 abort: 71565 (0/71565/0), network size: 0, avg network size: 0, si_in_serializable: 0 0 %, local: 0 %
I0312 09:04:29.352303 306537 Coordinator.h:126] commit: 2298 abort: 75526 (0/75526/0), network size: 0, avg network size: 0, si_in_serializable: 0 0 %, local: 0 %
I0312 09:04:30.352461 306537 Coordinator.h:126] commit: 2167 abort: 71561 (0/71561/0), network size: 0, avg network size: 0, si_in_serializable: 0 0 %, local: 0 %
I0312 09:04:31.352613 306537 Coordinator.h:126] commit: 2217 abort: 71511 (0/71511/0), network size: 0, avg network size: 0, si_in_serializable: 0 0 %, local: 0 %
I0312 09:04:32.352757 306537 Coordinator.h:126] commit: 2125 abort: 71603 (0/71603/0), network size: 0, avg network size: 0, si_in_serializable: 0 0 %, local: 0 %
I0312 09:04:33.352907 306537 Coordinator.h:126] commit: 2241 abort: 71487 (0/71487/0), network size: 0, avg network size: 0, si_in_serializable: 0 0 %, local: 0 %
I0312 09:04:34.353061 306537 Coordinator.h:126] commit: 2194 abort: 71534 (0/71534/0), network size: 0, avg network size: 0, si_in_serializable: 0 0 %, local: 0 %
I0312 09:04:35.353214 306537 Coordinator.h:126] commit: 2235 abort: 71493 (0/71493/0), network size: 0, avg network size: 0, si_in_serializable: 0 0 %, local: 0 %
I0312 09:04:35.353276 306537 Coordinator.h:152] average commit: 2189.7 abort: 71947.9 (0/71947.9/0), network size: 0, avg network size: 0, si_in_serializable: 0 0 %, local: 0 %
I0312 09:04:35.353320 306537 AriaExecutor.h:535] Worker 0 latency: 54767 us (50%) 54988 us (75%) 57016 us (95%) 65197 us (99%).
I0312 09:04:35.387128 306563 AriaExecutor.h:94] AriaExecutor 10 exits. 
I0312 09:04:35.387128 306553 AriaExecutor.h:94] AriaExecutor 0 exits. 
I0312 09:04:35.387143 306560 AriaExecutor.h:94] AriaExecutor 7 exits. 
I0312 09:04:35.387143 306559 AriaExecutor.h:94] AriaExecutor 6 exits. 
I0312 09:04:35.387128 306556 AriaExecutor.h:94] AriaExecutor 3 exits. 
I0312 09:04:35.387145 306554 AriaExecutor.h:94] AriaExecutor 1 exits. 
I0312 09:04:35.387140 306555 AriaExecutor.h:94] AriaExecutor 2 exits. 
I0312 09:04:35.387128 306561 AriaExecutor.h:94] AriaExecutor 8 exits. 
I0312 09:04:35.387142 306558 AriaExecutor.h:94] AriaExecutor 5 exits. 
I0312 09:04:35.387145 306557 AriaExecutor.h:94] AriaExecutor 4 exits. 
I0312 09:04:35.387145 306562 AriaExecutor.h:94] AriaExecutor 9 exits. 
I0312 09:04:35.387131 306565 Manager.h:227] Manager(worker id = 12) on the coordinator node exits.
I0312 09:04:35.387137 306564 AriaExecutor.h:94] AriaExecutor 11 exits. 
I0312 09:04:35.387492 306537 AriaExecutor.h:535] Worker 1 latency: 54758 us (50%) 54967 us (75%) 56717 us (95%) 65104 us (99%).
I0312 09:04:35.388171 306537 AriaExecutor.h:535] Worker 2 latency: 54778 us (50%) 54986 us (75%) 56840 us (95%) 65141 us (99%).
I0312 09:04:35.388831 306537 AriaExecutor.h:535] Worker 3 latency: 54768 us (50%) 54977 us (75%) 57233 us (95%) 65035 us (99%).
I0312 09:04:35.389480 306537 AriaExecutor.h:535] Worker 4 latency: 54757 us (50%) 54967 us (75%) 57149 us (95%) 65126 us (99%).
I0312 09:04:35.390174 306537 AriaExecutor.h:535] Worker 5 latency: 54769 us (50%) 54980 us (75%) 56995 us (95%) 65045 us (99%).
I0312 09:04:35.390851 306537 AriaExecutor.h:535] Worker 6 latency: 54754 us (50%) 54972 us (75%) 56809 us (95%) 65079 us (99%).
I0312 09:04:35.391521 306537 AriaExecutor.h:535] Worker 7 latency: 54748 us (50%) 54957 us (75%) 56862 us (95%) 65127 us (99%).
I0312 09:04:35.392172 306537 AriaExecutor.h:535] Worker 8 latency: 54761 us (50%) 54968 us (75%) 57179 us (95%) 65046 us (99%).
I0312 09:04:35.392827 306537 AriaExecutor.h:535] Worker 9 latency: 54772 us (50%) 54981 us (75%) 57919 us (95%) 65158 us (99%).
I0312 09:04:35.393481 306537 AriaExecutor.h:535] Worker 10 latency: 54746 us (50%) 54951 us (75%) 56782 us (95%) 65142 us (99%).
I0312 09:04:35.394129 306537 AriaExecutor.h:535] Worker 11 latency: 54755 us (50%) 54962 us (75%) 56776 us (95%) 65079 us (99%).
I0312 09:04:35.394806 306537 Coordinator.h:177] total commit: 2189.7
I0312 09:04:36.395035 306537 Coordinator.h:192] Coordinator exits.
