I0312 09:03:17.507318 306029 Database.h:65] ycsb initialization finished in 98 milliseconds.
I0312 09:03:17.507469 306029 Coordinator.h:30] Coordinator initializes 12 workers.
I0312 09:03:17.539026 306029 Coordinator.h:77] Coordinator starts to run 13 workers.
I0312 09:03:17.539124 306045 AriaExecutor.h:82] AriaExecutor 0 started. 
I0312 09:03:17.539175 306046 AriaExecutor.h:82] AriaExecutor 1 started. 
I0312 09:03:17.539305 306047 AriaExecutor.h:82] AriaExecutor 2 started. 
I0312 09:03:17.539423 306048 AriaExecutor.h:82] AriaExecutor 3 started. 
I0312 09:03:17.539538 306049 AriaExecutor.h:82] AriaExecutor 4 started. 
I0312 09:03:17.539661 306050 AriaExecutor.h:82] AriaExecutor 5 started. 
I0312 09:03:17.539778 306051 AriaExecutor.h:82] AriaExecutor 6 started. 
I0312 09:03:17.539897 306052 AriaExecutor.h:82] AriaExecutor 7 started. 
I0312 09:03:17.540011 306053 AriaExecutor.h:82] AriaExecutor 8 started. 
I0312 09:03:17.540130 306054 AriaExecutor.h:82] AriaExecutor 9 started. 
I0312 09:03:17.540189 306055 AriaExecutor.h:82] AriaExecutor 10 started. 
I0312 09:03:17.540300 306056 AriaExecutor.h:82] AriaExecutor 11 started. 
I0312 09:03:17.540356 306057 Manager.h:224] Manager(worker id = 12) on the coordinator node started.
I0312 09:03:18.540395 306029 Coordinator.h:126] commit: 7149 abort: 53267 (0/53267/0), network size: 0, avg network size: 0, si_in_serializable: 0 0 %, local: 0 %
I0312 09:03:19.540537 306029 Coordinator.h:126] commit: 8073 abort: 59511 (0/59511/0), network size: 0, avg network size: 0, si_in_serializable: 0 0 %, local: 0 %
I0312 09:03:20.540719 306029 Coordinator.h:126] commit: 8543 abort: 64161 (0/64161/0), network size: 0, avg network size: 0, si_in_serializable: 0 0 %, local: 0 %
I0312 09:03:21.540858 306029 Coordinator.h:126] commit: 8600 abort: 63080 (0/63080/0), network size: 0, avg network size: 0, si_in_serializable: 0 0 %, local: 0 %
I0312 09:03:22.540974 306029 Coordinator.h:126] commit: 8611 abort: 64093 (0/64093/0), network size: 0, avg network size: 0, si_in_serializable: 0 0 %, local: 0 %
I0312 09:03:23.541091 306029 Coordinator.h:126] commit: 8580 abort: 63100 (0/63100/0), network size: 0, avg network size: 0, si_in_serializable: 0 0 %, local: 0 %
I0312 09:03:24.541222 306029 Coordinator.h:126] commit: 8683 abort: 64021 (0/64021/0), network size: 0, avg network size: 0, si_in_serializable: 0 0 %, local: 0 %
I0312 09:03:25.541417 306029 Coordinator.h:126] commit: 8442 abort: 63238 (0/63238/0), network size: 0, avg network size: 0, si_in_serializable: 0 0 %, local: 0 %
I0312 09:03:26.541565 306029 Coordinator.h:126] commit: 8578 abort: 64126 (0/64126/0), network size: 0, avg network size: 0, si_in_serializable: 0 0 %, local: 0 %
I0312 09:03:27.541687 306029 Coordinator.h:126] commit: 8652 abort: 64052 (0/64052/0), network size: 0, avg network size: 0, si_in_serializable: 0 0 %, local: 0 %
I0312 09:03:28.541805 306029 Coordinator.h:126] commit: 8633 abort: 63047 (0/63047/0), network size: 0, avg network size: 0, si_in_serializable: 0 0 %, local: 0 %
I0312 09:03:29.541922 306029 Coordinator.h:126] commit: 8700 abort: 64004 (0/64004/0), network size: 0, avg network size: 0, si_in_serializable: 0 0 %, local: 0 %
I0312 09:03:30.542029 306029 Coordinator.h:126] commit: 8636 abort: 64068 (0/64068/0), network size: 0, avg network size: 0, si_in_serializable: 0 0 %, local: 0 %
I0312 09:03:31.542152 306029 Coordinator.h:126] commit: 8496 abort: 63184 (0/63184/0), network size: 0, avg network size: 0, si_in_serializable: 0 0 %, local: 0 %
I0312 09:03:32.542315 306029 Coordinator.h:126] commit: 8541 abort: 63139 (0/63139/0), network size: 0, avg network size: 0, si_in_serializable: 0 0 %, local: 0 %
I0312 09:03:33.542443 306029 Coordinator.h:126] commit: 8740 abort: 63964 (0/63964/0), network size: 0, avg network size: 0, si_in_serializable: 0 0 %, local: 0 %
I0312 09:03:34.542583 306029 Coordinator.h:126] commit: 8547 abort: 64157 (0/64157/0), network size: 0, avg network size: 0, si_in_serializable: 0 0 %, local: 0 %
I0312 09:03:35.542718 306029 Coordinator.h:126] commit: 8550 abort: 63130 (0/63130/0), network size: 0, avg network size: 0, si_in_serializable: 0 0 %, local: 0 %
I0312 09:03:36.542866 306029 Coordinator.h:126] commit: 8563 abort: 64141 (0/64141/0), network size: 0, avg network size: 0, si_in_serializable: 0 0 %, local: 0 %
I0312 09:03:37.543008 306029 Coordinator.h:126] commit: 8440 abort: 63240 (0/63240/0), network size: 0, avg network size: 0, si_in_serializable: 0 0 %, local: 0 %
I0312 09:03:38.543164 306029 Coordinator.h:126] commit: 8553 abort: 64151 (0/64151/0), network size: 0, avg network size: 0, si_in_serializable: 0 0 %, local: 0 %
I0312 09:03:39.543311 306029 Coordinator.h:126] commit: 8597 abort: 63083 (0/63083/0), network size: 0, avg network size: 0, si_in_serializable: 0 0 %, local: 0 %
I0312 09:03:40.543542 306029 Coordinator.h:126] commit: 8539 abort: 64165 (0/64165/0), network size: 0, avg network size: 0, si_in_serializable: 0 0 %, local: 0 %
I0312 09:03:41.543705 306029 Coordinator.h:126] commit: 8560 abort: 63120 (0/63120/0), network size: 0, avg network size: 0, si_in_serializable: 0 0 %, local: 0 %
I0312 09:03:42.543844 306029 Coordinator.h:126] commit: 8565 abort: 64139 (0/64139/0), network size: 0, avg network size: 0, si_in_serializable: 0 0 %, local: 0 %
I0312 09:03:42.543900 306029 Coordinator.h:152] average commit: 8584.6 abort: 63607.4 (0/63607.4/0), network size: 0, avg network size: 0, si_in_serializable: 0 0 %, local: 0 %
I0312 09:03:42.543943 306029 AriaExecutor.h:535] Worker 0 latency: 13687 us (50%) 13867 us (75%) 14390 us (95%) 16167 us (99%).
I0312 09:03:42.551405 306050 AriaExecutor.h:94] AriaExecutor 5 exits. 
I0312 09:03:42.551405 306054 AriaExecutor.h:94] AriaExecutor 9 exits. 
I0312 09:03:42.551405 306051 AriaExecutor.h:94] AriaExecutor 6 exits. 
I0312 09:03:42.551419 306055 AriaExecutor.h:94] AriaExecutor 10 exits. 
I0312 09:03:42.551420 306052 AriaExecutor.h:94] AriaExecutor 7 exits. 
I0312 09:03:42.551414 306046 AriaExecutor.h:94] AriaExecutor 1 exits. 
I0312 09:03:42.551417 306057 Manager.h:227] Manager(worker id = 12) on the coordinator node exits.
I0312 09:03:42.551419 306053 AriaExecutor.h:94] AriaExecutor 8 exits. 
I0312 09:03:42.551421 306049 AriaExecutor.h:94] AriaExecutor 4 exits. 
I0312 09:03:42.551421 306048 AriaExecutor.h:94] AriaExecutor 3 exits. 
I0312 09:03:42.551420 306056 AriaExecutor.h:94] AriaExecutor 11 exits. 
I0312 09:03:42.551405 306045 AriaExecutor.h:94] AriaExecutor 0 exits. 
I0312 09:03:42.551420 306047 AriaExecutor.h:94] AriaExecutor 2 exits. 
I0312 09:03:42.551757 306029 AriaExecutor.h:535] Worker 1 latency: 13682 us (50%) 13864 us (75%) 14367 us (95%) 16154 us (99%).
I0312 09:03:42.554446 306029 AriaExecutor.h:535] Worker 2 latency: 13687 us (50%) 13867 us (75%) 14372 us (95%) 16164 us (99%).
I0312 09:03:42.557021 306029 AriaExecutor.h:535] Worker 3 latency: 13682 us (50%) 13864 us (75%) 14383 us (95%) 16154 us (99%).
I0312 09:03:42.559578 306029 AriaExecutor.h:535] Worker 4 latency: 13684 us (50%) 13861 us (75%) 14363 us (95%) 16150 us (99%).
I0312 09:03:42.562217 306029 AriaExecutor.h:535] Worker 5 latency: 13677 us (50%) 13860 us (75%) 14365 us (95%) 16157 us (99%).
I0312 09:03:42.564795 306029 AriaExecutor.h:535] Worker 6 latency: 13679 us (50%) 13861 us (75%) 14348 us (95%) 16159 us (99%).
I0312 09:03:42.566699 306029 AriaExecutor.h:535] Worker 7 latency: 13680 us (50%) 13861 us (75%) 14375 us (95%) 16157 us (99%).
I0312 09:03:42.568287 306029 AriaExecutor.h:535] Worker 8 latency: 13679 us (50%) 13860 us (75%) 14354 us (95%) 16166 us (99%).
I0312 09:03:42.569880 306029 AriaExecutor.h:535] Worker 9 latency: 13684 us (50%) 13863 us (75%) 14371 us (95%) 16160 us (99%).
I0312 09:03:42.571429 306029 AriaExecutor.h:535] Worker 10 latency: 13679 us (50%) 13857 us (75%) 14354 us (95%) 16152 us (99%).
I0312 09:03:42.573004 306029 AriaExecutor.h:535] Worker 11 latency: 13680 us (50%) 13860 us (75%) 14308 us (95%) 16150 us (99%).
I0312 09:03:42.574561 306029 Coordinator.h:177] total commit: 8584.6
I0312 09:03:43.574774 306029 Coordinator.h:192] Coordinator exits.
