I0312 09:09:03.709038 310919 Database.h:65] ycsb initialization finished in 98 milliseconds.
I0312 09:09:03.709178 310919 Coordinator.h:30] Coordinator initializes 12 workers.
I0312 09:09:03.760401 310919 Coordinator.h:77] Coordinator starts to run 13 workers.
I0312 09:09:03.760519 310935 AriaExecutor.h:82] AriaExecutor 0 started. 
I0312 09:09:03.760550 310936 AriaExecutor.h:82] AriaExecutor 1 started. 
I0312 09:09:03.760664 310937 AriaExecutor.h:82] AriaExecutor 2 started. 
I0312 09:09:03.760782 310938 AriaExecutor.h:82] AriaExecutor 3 started. 
I0312 09:09:03.760835 310939 AriaExecutor.h:82] AriaExecutor 4 started. 
I0312 09:09:03.760916 310940 AriaExecutor.h:82] AriaExecutor 5 started. 
I0312 09:09:03.760986 310941 AriaExecutor.h:82] AriaExecutor 6 started. 
I0312 09:09:03.761066 310942 AriaExecutor.h:82] AriaExecutor 7 started. 
I0312 09:09:03.761140 310943 AriaExecutor.h:82] AriaExecutor 8 started. 
I0312 09:09:03.761215 310944 AriaExecutor.h:82] AriaExecutor 9 started. 
I0312 09:09:03.761291 310945 AriaExecutor.h:82] AriaExecutor 10 started. 
I0312 09:09:03.761366 310946 AriaExecutor.h:82] AriaExecutor 11 started. 
I0312 09:09:03.761440 310947 Manager.h:224] Manager(worker id = 12) on the coordinator node started.
I0312 09:09:04.761488 310919 Coordinator.h:126] commit: 2330 abort: 57062 (0/57062/0), network size: 0, avg network size: 0, si_in_serializable: 0 0 %, local: 0 %
I0312 09:09:05.761637 310919 Coordinator.h:126] commit: 2812 abort: 66820 (0/66820/0), network size: 0, avg network size: 0, si_in_serializable: 0 0 %, local: 0 %
I0312 09:09:06.761828 310919 Coordinator.h:126] commit: 2895 abort: 70833 (0/70833/0), network size: 0, avg network size: 0, si_in_serializable: 0 0 %, local: 0 %
I0312 09:09:07.761969 310919 Coordinator.h:126] commit: 2928 abort: 70800 (0/70800/0), network size: 0, avg network size: 0, si_in_serializable: 0 0 %, local: 0 %
I0312 09:09:08.762097 310919 Coordinator.h:126] commit: 3000 abort: 70728 (0/70728/0), network size: 0, avg network size: 0, si_in_serializable: 0 0 %, local: 0 %
I0312 09:09:09.762223 310919 Coordinator.h:126] commit: 2881 abort: 70847 (0/70847/0), network size: 0, avg network size: 0, si_in_serializable: 0 0 %, local: 0 %
I0312 09:09:10.762346 310919 Coordinator.h:126] commit: 2918 abort: 70810 (0/70810/0), network size: 0, avg network size: 0, si_in_serializable: 0 0 %, local: 0 %
I0312 09:09:11.762530 310919 Coordinator.h:126] commit: 2975 abort: 70753 (0/70753/0), network size: 0, avg network size: 0, si_in_serializable: 0 0 %, local: 0 %
I0312 09:09:12.762678 310919 Coordinator.h:126] commit: 2830 abort: 68850 (0/68850/0), network size: 0, avg network size: 0, si_in_serializable: 0 0 %, local: 0 %
I0312 09:09:13.762797 310919 Coordinator.h:126] commit: 2894 abort: 70834 (0/70834/0), network size: 0, avg network size: 0, si_in_serializable: 0 0 %, local: 0 %
I0312 09:09:14.762907 310919 Coordinator.h:126] commit: 2919 abort: 70809 (0/70809/0), network size: 0, avg network size: 0, si_in_serializable: 0 0 %, local: 0 %
I0312 09:09:15.763020 310919 Coordinator.h:126] commit: 2877 abort: 70851 (0/70851/0), network size: 0, avg network size: 0, si_in_serializable: 0 0 %, local: 0 %
I0312 09:09:16.763125 310919 Coordinator.h:126] commit: 2994 abort: 70734 (0/70734/0), network size: 0, avg network size: 0, si_in_serializable: 0 0 %, local: 0 %
I0312 09:09:17.763235 310919 Coordinator.h:126] commit: 2870 abort: 70858 (0/70858/0), network size: 0, avg network size: 0, si_in_serializable: 0 0 %, local: 0 %
I0312 09:09:18.763360 310919 Coordinator.h:126] commit: 2908 abort: 70820 (0/70820/0), network size: 0, avg network size: 0, si_in_serializable: 0 0 %, local: 0 %
I0312 09:09:19.763469 310919 Coordinator.h:126] commit: 2862 abort: 70866 (0/70866/0), network size: 0, avg network size: 0, si_in_serializable: 0 0 %, local: 0 %
I0312 09:09:20.763588 310919 Coordinator.h:126] commit: 2884 abort: 70844 (0/70844/0), network size: 0, avg network size: 0, si_in_serializable: 0 0 %, local: 0 %
I0312 09:09:21.763712 310919 Coordinator.h:126] commit: 2883 abort: 70845 (0/70845/0), network size: 0, avg network size: 0, si_in_serializable: 0 0 %, local: 0 %
I0312 09:09:22.763911 310919 Coordinator.h:126] commit: 2927 abort: 70801 (0/70801/0), network size: 0, avg network size: 0, si_in_serializable: 0 0 %, local: 0 %
I0312 09:09:23.764041 310919 Coordinator.h:126] commit: 2931 abort: 70797 (0/70797/0), network size: 0, avg network size: 0, si_in_serializable: 0 0 %, local: 0 %
I0312 09:09:24.764161 310919 Coordinator.h:126] commit: 2899 abort: 70829 (0/70829/0), network size: 0, avg network size: 0, si_in_serializable: 0 0 %, local: 0 %
I0312 09:09:25.764283 310919 Coordinator.h:126] commit: 2989 abort: 70739 (0/70739/0), network size: 0, avg network size: 0, si_in_serializable: 0 0 %, local: 0 %
I0312 09:09:26.764403 310919 Coordinator.h:126] commit: 2920 abort: 70808 (0/70808/0), network size: 0, avg network size: 0, si_in_serializable: 0 0 %, local: 0 %
I0312 09:09:27.764515 310919 Coordinator.h:126] commit: 2881 abort: 68799 (0/68799/0), network size: 0, avg network size: 0, si_in_serializable: 0 0 %, local: 0 %
I0312 09:09:28.764633 310919 Coordinator.h:126] commit: 2942 abort: 70786 (0/70786/0), network size: 0, avg network size: 0, si_in_serializable: 0 0 %, local: 0 %
I0312 09:09:28.764669 310919 Coordinator.h:152] average commit: 2905.5 abort: 70822.5 (0/70822.5/0), network size: 0, avg network size: 0, si_in_serializable: 0 0 %, local: 0 %
I0312 09:09:28.764714 310919 AriaExecutor.h:535] Worker 0 latency: 27486 us (50%) 27621 us (75%) 28525 us (95%) 32915 us (99%).
I0312 09:09:28.767068 310941 AriaExecutor.h:94] AriaExecutor 6 exits. 
I0312 09:09:28.767068 310936 AriaExecutor.h:94] AriaExecutor 1 exits. 
I0312 09:09:28.767068 310939 AriaExecutor.h:94] AriaExecutor 4 exits. 
I0312 09:09:28.767068 310944 AriaExecutor.h:94] AriaExecutor 9 exits. 
I0312 09:09:28.767069 310935 AriaExecutor.h:94] AriaExecutor 0 exits. 
I0312 09:09:28.767077 310943 AriaExecutor.h:94] AriaExecutor 8 exits. 
I0312 09:09:28.767068 310938 AriaExecutor.h:94] AriaExecutor 3 exits. 
I0312 09:09:28.767068 310937 AriaExecutor.h:94] AriaExecutor 2 exits. 
I0312 09:09:28.767078 310947 Manager.h:227] Manager(worker id = 12) on the coordinator node exits.
I0312 09:09:28.767068 310942 AriaExecutor.h:94] AriaExecutor 7 exits. 
I0312 09:09:28.767079 310946 AriaExecutor.h:94] AriaExecutor 11 exits. 
I0312 09:09:28.767079 310945 AriaExecutor.h:94] AriaExecutor 10 exits. 
I0312 09:09:28.767068 310940 AriaExecutor.h:94] AriaExecutor 5 exits. 
I0312 09:09:28.767392 310919 AriaExecutor.h:535] Worker 1 latency: 27479 us (50%) 27611 us (75%) 28436 us (95%) 32900 us (99%).
I0312 09:09:28.768389 310919 AriaExecutor.h:535] Worker 2 latency: 27474 us (50%) 27606 us (75%) 28419 us (95%) 32911 us (99%).
I0312 09:09:28.769287 310919 AriaExecutor.h:535] Worker 3 latency: 27475 us (50%) 27611 us (75%) 28512 us (95%) 32916 us (99%).
I0312 09:09:28.770155 310919 AriaExecutor.h:535] Worker 4 latency: 27476 us (50%) 27609 us (75%) 28496 us (95%) 32937 us (99%).
I0312 09:09:28.771075 310919 AriaExecutor.h:535] Worker 5 latency: 27481 us (50%) 27614 us (75%) 28442 us (95%) 32931 us (99%).
I0312 09:09:28.771966 310919 AriaExecutor.h:535] Worker 6 latency: 27478 us (50%) 27612 us (75%) 28430 us (95%) 32907 us (99%).
I0312 09:09:28.772863 310919 AriaExecutor.h:535] Worker 7 latency: 27475 us (50%) 27609 us (75%) 28488 us (95%) 32928 us (99%).
I0312 09:09:28.773736 310919 AriaExecutor.h:535] Worker 8 latency: 27474 us (50%) 27607 us (75%) 28450 us (95%) 32933 us (99%).
I0312 09:09:28.774595 310919 AriaExecutor.h:535] Worker 9 latency: 27469 us (50%) 27603 us (75%) 28463 us (95%) 32940 us (99%).
I0312 09:09:28.775447 310919 AriaExecutor.h:535] Worker 10 latency: 27466 us (50%) 27603 us (75%) 28449 us (95%) 32915 us (99%).
I0312 09:09:28.776298 310919 AriaExecutor.h:535] Worker 11 latency: 27468 us (50%) 27604 us (75%) 28441 us (95%) 32898 us (99%).
I0312 09:09:28.777153 310919 Coordinator.h:177] total commit: 2905.5
I0312 09:09:29.777359 310919 Coordinator.h:192] Coordinator exits.
