I0312 09:09:56.491317 311202 Database.h:65] ycsb initialization finished in 99 milliseconds.
I0312 09:09:56.491564 311202 Coordinator.h:30] Coordinator initializes 12 workers.
I0312 09:09:56.529562 311202 Coordinator.h:77] Coordinator starts to run 13 workers.
I0312 09:09:56.529651 311218 AriaExecutor.h:82] AriaExecutor 0 started. 
I0312 09:09:56.529709 311219 AriaExecutor.h:82] AriaExecutor 1 started. 
I0312 09:09:56.529819 311220 AriaExecutor.h:82] AriaExecutor 2 started. 
I0312 09:09:56.529937 311221 AriaExecutor.h:82] AriaExecutor 3 started. 
I0312 09:09:56.529978 311222 AriaExecutor.h:82] AriaExecutor 4 started. 
I0312 09:09:56.530067 311223 AriaExecutor.h:82] AriaExecutor 5 started. 
I0312 09:09:56.530180 311224 AriaExecutor.h:82] AriaExecutor 6 started. 
I0312 09:09:56.530293 311225 AriaExecutor.h:82] AriaExecutor 7 started. 
I0312 09:09:56.530345 311226 AriaExecutor.h:82] AriaExecutor 8 started. 
I0312 09:09:56.530441 311227 AriaExecutor.h:82] AriaExecutor 9 started. 
I0312 09:09:56.530550 311228 AriaExecutor.h:82] AriaExecutor 10 started. 
I0312 09:09:56.530658 311229 AriaExecutor.h:82] AriaExecutor 11 started. 
I0312 09:09:56.530778 311230 Manager.h:224] Manager(worker id = 12) on the coordinator node started.
I0312 09:09:57.530804 311202 Coordinator.h:126] commit: 469446 abort: 3642 (0/3642/0), network size: 0, avg network size: 0, si_in_serializable: 0 0 %, local: 0 %
I0312 09:09:58.530948 311202 Coordinator.h:126] commit: 493671 abort: 3993 (0/3993/0), network size: 0, avg network size: 0, si_in_serializable: 0 0 %, local: 0 %
I0312 09:09:59.531128 311202 Coordinator.h:126] commit: 510061 abort: 3987 (0/3987/0), network size: 0, avg network size: 0, si_in_serializable: 0 0 %, local: 0 %
I0312 09:10:00.531263 311202 Coordinator.h:126] commit: 509987 abort: 4061 (0/4061/0), network size: 0, avg network size: 0, si_in_serializable: 0 0 %, local: 0 %
I0312 09:10:01.531383 311202 Coordinator.h:126] commit: 513028 abort: 4092 (0/4092/0), network size: 0, avg network size: 0, si_in_serializable: 0 0 %, local: 0 %
I0312 09:10:02.531498 311202 Coordinator.h:126] commit: 510130 abort: 3918 (0/3918/0), network size: 0, avg network size: 0, si_in_serializable: 0 0 %, local: 0 %
I0312 09:10:03.531616 311202 Coordinator.h:126] commit: 505989 abort: 3963 (0/3963/0), network size: 0, avg network size: 0, si_in_serializable: 0 0 %, local: 0 %
I0312 09:10:04.531795 311202 Coordinator.h:126] commit: 511994 abort: 4102 (0/4102/0), network size: 0, avg network size: 0, si_in_serializable: 0 0 %, local: 0 %
I0312 09:10:05.531930 311202 Coordinator.h:126] commit: 513101 abort: 4019 (0/4019/0), network size: 0, avg network size: 0, si_in_serializable: 0 0 %, local: 0 %
I0312 09:10:06.532043 311202 Coordinator.h:126] commit: 513156 abort: 3964 (0/3964/0), network size: 0, avg network size: 0, si_in_serializable: 0 0 %, local: 0 %
I0312 09:10:07.532156 311202 Coordinator.h:126] commit: 512986 abort: 4134 (0/4134/0), network size: 0, avg network size: 0, si_in_serializable: 0 0 %, local: 0 %
I0312 09:10:08.532272 311202 Coordinator.h:126] commit: 513079 abort: 4041 (0/4041/0), network size: 0, avg network size: 0, si_in_serializable: 0 0 %, local: 0 %
I0312 09:10:09.532384 311202 Coordinator.h:126] commit: 497703 abort: 4057 (0/4057/0), network size: 0, avg network size: 0, si_in_serializable: 0 0 %, local: 0 %
I0312 09:10:10.532500 311202 Coordinator.h:126] commit: 510907 abort: 4165 (0/4165/0), network size: 0, avg network size: 0, si_in_serializable: 0 0 %, local: 0 %
I0312 09:10:11.532614 311202 Coordinator.h:126] commit: 513108 abort: 4012 (0/4012/0), network size: 0, avg network size: 0, si_in_serializable: 0 0 %, local: 0 %
I0312 09:10:12.532727 311202 Coordinator.h:126] commit: 513100 abort: 4020 (0/4020/0), network size: 0, avg network size: 0, si_in_serializable: 0 0 %, local: 0 %
I0312 09:10:13.532895 311202 Coordinator.h:126] commit: 511061 abort: 4011 (0/4011/0), network size: 0, avg network size: 0, si_in_serializable: 0 0 %, local: 0 %
I0312 09:10:14.533026 311202 Coordinator.h:126] commit: 513058 abort: 4062 (0/4062/0), network size: 0, avg network size: 0, si_in_serializable: 0 0 %, local: 0 %
I0312 09:10:15.533156 311202 Coordinator.h:126] commit: 512080 abort: 4016 (0/4016/0), network size: 0, avg network size: 0, si_in_serializable: 0 0 %, local: 0 %
I0312 09:10:16.533279 311202 Coordinator.h:126] commit: 512987 abort: 4133 (0/4133/0), network size: 0, avg network size: 0, si_in_serializable: 0 0 %, local: 0 %
I0312 09:10:17.533406 311202 Coordinator.h:126] commit: 513008 abort: 4112 (0/4112/0), network size: 0, avg network size: 0, si_in_serializable: 0 0 %, local: 0 %
I0312 09:10:18.533529 311202 Coordinator.h:126] commit: 513079 abort: 4041 (0/4041/0), network size: 0, avg network size: 0, si_in_serializable: 0 0 %, local: 0 %
I0312 09:10:19.533653 311202 Coordinator.h:126] commit: 512011 abort: 4085 (0/4085/0), network size: 0, avg network size: 0, si_in_serializable: 0 0 %, local: 0 %
I0312 09:10:20.533773 311202 Coordinator.h:126] commit: 513072 abort: 4048 (0/4048/0), network size: 0, avg network size: 0, si_in_serializable: 0 0 %, local: 0 %
I0312 09:10:21.533906 311202 Coordinator.h:126] commit: 477566 abort: 3714 (0/3714/0), network size: 0, avg network size: 0, si_in_serializable: 0 0 %, local: 0 %
I0312 09:10:21.533960 311202 Coordinator.h:152] average commit: 511007 abort: 4065.1 (0/4065.1/0), network size: 0, avg network size: 0, si_in_serializable: 0 0 %, local: 0 %
I0312 09:10:21.535542 311220 AriaExecutor.h:94] AriaExecutor 2 exits. 
I0312 09:10:21.535542 311224 AriaExecutor.h:94] AriaExecutor 6 exits. 
I0312 09:10:21.535563 311221 AriaExecutor.h:94] AriaExecutor 3 exits. 
I0312 09:10:21.535542 311222 AriaExecutor.h:94] AriaExecutor 4 exits. 
I0312 09:10:21.535542 311227 AriaExecutor.h:94] AriaExecutor 9 exits. 
I0312 09:10:21.535542 311218 AriaExecutor.h:94] AriaExecutor 0 exits. 
I0312 09:10:21.535542 311223 AriaExecutor.h:94] AriaExecutor 5 exits. 
I0312 09:10:21.535568 311229 AriaExecutor.h:94] AriaExecutor 11 exits. 
I0312 09:10:21.535557 311225 AriaExecutor.h:94] AriaExecutor 7 exits. 
I0312 09:10:21.535542 311219 AriaExecutor.h:94] AriaExecutor 1 exits. 
I0312 09:10:21.535557 311226 AriaExecutor.h:94] AriaExecutor 8 exits. 
I0312 09:10:21.535562 311228 AriaExecutor.h:94] AriaExecutor 10 exits. 
I0312 09:10:21.535547 311230 Manager.h:227] Manager(worker id = 12) on the coordinator node exits.
I0312 09:10:21.534015 311202 AriaExecutor.h:535] Worker 0 latency: 1181 us (50%) 1572 us (75%) 1884 us (95%) 1950 us (99%).
I0312 09:10:21.595450 311202 AriaExecutor.h:535] Worker 1 latency: 1184 us (50%) 1574 us (75%) 1884 us (95%) 1950 us (99%).
I0312 09:10:21.643186 311202 AriaExecutor.h:535] Worker 2 latency: 1184 us (50%) 1574 us (75%) 1884 us (95%) 1950 us (99%).
I0312 09:10:21.690471 311202 AriaExecutor.h:535] Worker 3 latency: 1184 us (50%) 1574 us (75%) 1884 us (95%) 1950 us (99%).
I0312 09:10:21.737283 311202 AriaExecutor.h:535] Worker 4 latency: 1192 us (50%) 1577 us (75%) 1885 us (95%) 1950 us (99%).
I0312 09:10:21.784057 311202 AriaExecutor.h:535] Worker 5 latency: 1190 us (50%) 1576 us (75%) 1885 us (95%) 1950 us (99%).
I0312 09:10:21.830181 311202 AriaExecutor.h:535] Worker 6 latency: 1191 us (50%) 1577 us (75%) 1885 us (95%) 1950 us (99%).
I0312 09:10:21.876667 311202 AriaExecutor.h:535] Worker 7 latency: 1192 us (50%) 1577 us (75%) 1885 us (95%) 1950 us (99%).
I0312 09:10:21.922863 311202 AriaExecutor.h:535] Worker 8 latency: 1193 us (50%) 1578 us (75%) 1885 us (95%) 1950 us (99%).
I0312 09:10:21.970006 311202 AriaExecutor.h:535] Worker 9 latency: 1191 us (50%) 1577 us (75%) 1885 us (95%) 1950 us (99%).
I0312 09:10:22.016958 311202 AriaExecutor.h:535] Worker 10 latency: 1193 us (50%) 1578 us (75%) 1885 us (95%) 1950 us (99%).
I0312 09:10:22.063710 311202 AriaExecutor.h:535] Worker 11 latency: 1191 us (50%) 1577 us (75%) 1885 us (95%) 1950 us (99%).
I0312 09:10:22.111786 311202 Coordinator.h:177] total commit: 511007
I0312 09:10:23.111982 311202 Coordinator.h:192] Coordinator exits.
