I0330 00:29:14.454975 664492 Database.h:65] ycsb initialization finished in 100 milliseconds.
I0330 00:29:14.455215 664492 Coordinator.h:30] Coordinator initializes 12 workers.
I0330 00:29:14.492367 664492 Coordinator.h:77] Coordinator starts to run 13 workers.
I0330 00:29:14.492455 664511 AriaExecutor.h:94] AriaExecutor 0 started. 
I0330 00:29:14.492498 664512 AriaExecutor.h:94] AriaExecutor 1 started. 
I0330 00:29:14.492602 664513 AriaExecutor.h:94] AriaExecutor 2 started. 
I0330 00:29:14.492715 664514 AriaExecutor.h:94] AriaExecutor 3 started. 
I0330 00:29:14.492787 664515 AriaExecutor.h:94] AriaExecutor 4 started. 
I0330 00:29:14.492885 664516 AriaExecutor.h:94] AriaExecutor 5 started. 
I0330 00:29:14.492969 664517 AriaExecutor.h:94] AriaExecutor 6 started. 
I0330 00:29:14.493059 664518 AriaExecutor.h:94] AriaExecutor 7 started. 
I0330 00:29:14.493157 664519 AriaExecutor.h:94] AriaExecutor 8 started. 
I0330 00:29:14.493211 664520 AriaExecutor.h:94] AriaExecutor 9 started. 
I0330 00:29:14.493335 664521 AriaExecutor.h:94] AriaExecutor 10 started. 
I0330 00:29:14.493458 664522 AriaExecutor.h:94] AriaExecutor 11 started. 
I0330 00:29:14.493566 664523 Manager.h:224] Manager(worker id = 12) on the coordinator node started.
I0330 00:29:15.493626 664492 Coordinator.h:126] commit: 18928 abort: 5072 (0/5072/0), network size: 0, avg network size: 0, si_in_serializable: 0 0 %, local: 0 %
I0330 00:29:16.493775 664492 Coordinator.h:126] commit: 325074 abort: 450926 (0/450926/0), network size: 0, avg network size: 0, si_in_serializable: 0 0 %, local: 0 %
I0330 00:29:17.493923 664492 Coordinator.h:126] commit: 349584 abort: 479416 (0/479416/0), network size: 0, avg network size: 0, si_in_serializable: 0 0 %, local: 0 %
I0330 00:29:18.494053 664492 Coordinator.h:126] commit: 350274 abort: 477726 (0/477726/0), network size: 0, avg network size: 0, si_in_serializable: 0 0 %, local: 0 %
I0330 00:29:19.494171 664492 Coordinator.h:126] commit: 349604 abort: 475396 (0/475396/0), network size: 0, avg network size: 0, si_in_serializable: 0 0 %, local: 0 %
I0330 00:29:20.494289 664492 Coordinator.h:126] commit: 338034 abort: 477966 (0/477966/0), network size: 0, avg network size: 0, si_in_serializable: 0 0 %, local: 0 %
I0330 00:29:21.494407 664492 Coordinator.h:126] commit: 350797 abort: 461203 (0/461203/0), network size: 0, avg network size: 0, si_in_serializable: 0 0 %, local: 0 %
I0330 00:29:22.494557 664492 Coordinator.h:126] commit: 344940 abort: 473060 (0/473060/0), network size: 0, avg network size: 0, si_in_serializable: 0 0 %, local: 0 %
I0330 00:29:23.494678 664492 Coordinator.h:126] commit: 337417 abort: 477583 (0/477583/0), network size: 0, avg network size: 0, si_in_serializable: 0 0 %, local: 0 %
I0330 00:29:24.494793 664492 Coordinator.h:126] commit: 338787 abort: 477213 (0/477213/0), network size: 0, avg network size: 0, si_in_serializable: 0 0 %, local: 0 %
I0330 00:29:25.494941 664492 Coordinator.h:126] commit: 337651 abort: 436349 (0/436349/0), network size: 0, avg network size: 0, si_in_serializable: 0 0 %, local: 0 %
I0330 00:29:26.495067 664492 Coordinator.h:126] commit: 338811 abort: 474189 (0/474189/0), network size: 0, avg network size: 0, si_in_serializable: 0 0 %, local: 0 %
I0330 00:29:27.495188 664492 Coordinator.h:126] commit: 335923 abort: 469077 (0/469077/0), network size: 0, avg network size: 0, si_in_serializable: 0 0 %, local: 0 %
I0330 00:29:28.495311 664492 Coordinator.h:126] commit: 335210 abort: 480790 (0/480790/0), network size: 0, avg network size: 0, si_in_serializable: 0 0 %, local: 0 %
I0330 00:29:29.495452 664492 Coordinator.h:126] commit: 334194 abort: 472806 (0/472806/0), network size: 0, avg network size: 0, si_in_serializable: 0 0 %, local: 0 %
I0330 00:29:30.495582 664492 Coordinator.h:126] commit: 332988 abort: 478012 (0/478012/0), network size: 0, avg network size: 0, si_in_serializable: 0 0 %, local: 0 %
I0330 00:29:31.495699 664492 Coordinator.h:126] commit: 341951 abort: 452049 (0/452049/0), network size: 0, avg network size: 0, si_in_serializable: 0 0 %, local: 0 %
I0330 00:29:32.495820 664492 Coordinator.h:126] commit: 333209 abort: 462791 (0/462791/0), network size: 0, avg network size: 0, si_in_serializable: 0 0 %, local: 0 %
I0330 00:29:33.495942 664492 Coordinator.h:126] commit: 328968 abort: 481032 (0/481032/0), network size: 0, avg network size: 0, si_in_serializable: 0 0 %, local: 0 %
I0330 00:29:34.496060 664492 Coordinator.h:126] commit: 317687 abort: 434313 (0/434313/0), network size: 0, avg network size: 0, si_in_serializable: 0 0 %, local: 0 %
I0330 00:29:35.496210 664492 Coordinator.h:126] commit: 336999 abort: 444001 (0/444001/0), network size: 0, avg network size: 0, si_in_serializable: 0 0 %, local: 0 %
I0330 00:29:36.496381 664492 Coordinator.h:126] commit: 338674 abort: 450326 (0/450326/0), network size: 0, avg network size: 0, si_in_serializable: 0 0 %, local: 0 %
I0330 00:29:37.496496 664492 Coordinator.h:126] commit: 338132 abort: 458868 (0/458868/0), network size: 0, avg network size: 0, si_in_serializable: 0 0 %, local: 0 %
I0330 00:29:38.496613 664492 Coordinator.h:126] commit: 333720 abort: 465280 (0/465280/0), network size: 0, avg network size: 0, si_in_serializable: 0 0 %, local: 0 %
I0330 00:29:39.496731 664492 Coordinator.h:126] commit: 338786 abort: 453214 (0/453214/0), network size: 0, avg network size: 0, si_in_serializable: 0 0 %, local: 0 %
I0330 00:29:39.496773 664492 Coordinator.h:152] average commit: 333659 abort: 464141 (0/464141/0), network size: 0, avg network size: 0, si_in_serializable: 0 0 %, local: 0 %
I0330 00:29:39.497532 664517 AriaExecutor.h:106] AriaExecutor 6 exits. 
I0330 00:29:39.497534 664522 AriaExecutor.h:106] AriaExecutor 11 exits. 
I0330 00:29:39.497534 664511 AriaExecutor.h:106] AriaExecutor 0 exits. 
I0330 00:29:39.497535 664513 AriaExecutor.h:106] AriaExecutor 2 exits. 
I0330 00:29:39.497534 664516 AriaExecutor.h:106] AriaExecutor 5 exits. 
I0330 00:29:39.497534 664514 AriaExecutor.h:106] AriaExecutor 3 exits. 
I0330 00:29:39.497534 664512 AriaExecutor.h:106] AriaExecutor 1 exits. 
I0330 00:29:39.497536 664520 AriaExecutor.h:106] AriaExecutor 9 exits. 
I0330 00:29:39.497534 664519 AriaExecutor.h:106] AriaExecutor 8 exits. 
I0330 00:29:39.497535 664518 AriaExecutor.h:106] AriaExecutor 7 exits. 
I0330 00:29:39.497536 664523 Manager.h:227] Manager(worker id = 12) on the coordinator node exits.
I0330 00:29:39.497535 664521 AriaExecutor.h:106] AriaExecutor 10 exits. 
I0330 00:29:39.497534 664515 AriaExecutor.h:106] AriaExecutor 4 exits. 
I0330 00:29:39.496786 664492 AriaExecutor.h:658] Worker 0 latency: 797 us (50%) 981 us (75%) 21497 us (95%) 135344 us (99%).
I0330 00:29:39.531191 664492 AriaExecutor.h:658] Worker 1 latency: 789 us (50%) 966 us (75%) 1849 us (95%) 57170 us (99%).
I0330 00:29:39.563462 664492 AriaExecutor.h:658] Worker 2 latency: 786 us (50%) 964 us (75%) 1858 us (95%) 56219 us (99%).
I0330 00:29:39.596143 664492 AriaExecutor.h:658] Worker 3 latency: 787 us (50%) 965 us (75%) 1846 us (95%) 54902 us (99%).
I0330 00:29:39.628691 664492 AriaExecutor.h:658] Worker 4 latency: 792 us (50%) 966 us (75%) 1811 us (95%) 53594 us (99%).
I0330 00:29:39.660648 664492 AriaExecutor.h:658] Worker 5 latency: 789 us (50%) 964 us (75%) 1812 us (95%) 52721 us (99%).
I0330 00:29:39.692765 664492 AriaExecutor.h:658] Worker 6 latency: 789 us (50%) 964 us (75%) 1802 us (95%) 52276 us (99%).
I0330 00:29:39.724866 664492 AriaExecutor.h:658] Worker 7 latency: 791 us (50%) 966 us (75%) 1811 us (95%) 52359 us (99%).
I0330 00:29:39.756759 664492 AriaExecutor.h:658] Worker 8 latency: 791 us (50%) 966 us (75%) 1784 us (95%) 51965 us (99%).
I0330 00:29:39.788707 664492 AriaExecutor.h:658] Worker 9 latency: 789 us (50%) 965 us (75%) 1774 us (95%) 51562 us (99%).
I0330 00:29:39.820768 664492 AriaExecutor.h:658] Worker 10 latency: 790 us (50%) 966 us (75%) 1776 us (95%) 51523 us (99%).
I0330 00:29:39.853070 664492 AriaExecutor.h:658] Worker 11 latency: 787 us (50%) 963 us (75%) 1799 us (95%) 51863 us (99%).
I0330 00:29:39.885623 664492 Coordinator.h:177] total commit: 333659
I0330 00:29:40.885818 664492 Coordinator.h:192] Coordinator exits.
