I0314 19:23:06.695559 2017667 Database.h:65] ycsb initialization finished in 97 milliseconds.
I0314 19:23:06.695799 2017667 Coordinator.h:30] Coordinator initializes 12 workers.
I0314 19:23:06.804150 2017667 Coordinator.h:77] Coordinator starts to run 13 workers.
I0314 19:23:06.804252 2017683 AriaExecutor.h:94] AriaExecutor 0 started. 
I0314 19:23:06.804292 2017684 AriaExecutor.h:94] AriaExecutor 1 started. 
I0314 19:23:06.804414 2017685 AriaExecutor.h:94] AriaExecutor 2 started. 
I0314 19:23:06.804536 2017686 AriaExecutor.h:94] AriaExecutor 3 started. 
I0314 19:23:06.804606 2017687 AriaExecutor.h:94] AriaExecutor 4 started. 
I0314 19:23:06.804677 2017688 AriaExecutor.h:94] AriaExecutor 5 started. 
I0314 19:23:06.804752 2017689 AriaExecutor.h:94] AriaExecutor 6 started. 
I0314 19:23:06.804816 2017690 AriaExecutor.h:94] AriaExecutor 7 started. 
I0314 19:23:06.804876 2017691 AriaExecutor.h:94] AriaExecutor 8 started. 
I0314 19:23:06.804950 2017692 AriaExecutor.h:94] AriaExecutor 9 started. 
I0314 19:23:06.805004 2017693 AriaExecutor.h:94] AriaExecutor 10 started. 
I0314 19:23:06.805095 2017694 AriaExecutor.h:94] AriaExecutor 11 started. 
I0314 19:23:06.805157 2017695 Manager.h:224] Manager(worker id = 12) on the coordinator node started.
I0314 19:23:07.805209 2017667 Coordinator.h:126] commit: 63576 abort: 1496424 (0/1496424/0), network size: 0, avg network size: 0, si_in_serializable: 0 0 %, local: 0 %
I0314 19:23:08.805403 2017667 Coordinator.h:126] commit: 76367 abort: 1467633 (0/1467633/0), network size: 0, avg network size: 0, si_in_serializable: 0 0 %, local: 0 %
I0314 19:23:09.805601 2017667 Coordinator.h:126] commit: 77370 abort: 1510694 (0/1510694/0), network size: 0, avg network size: 0, si_in_serializable: 0 0 %, local: 0 %
I0314 19:23:10.805763 2017667 Coordinator.h:126] commit: 77174 abort: 1510761 (0/1510761/0), network size: 0, avg network size: 0, si_in_serializable: 0 0 %, local: 0 %
I0314 19:23:11.805898 2017667 Coordinator.h:126] commit: 77068 abort: 1490932 (0/1490932/0), network size: 0, avg network size: 0, si_in_serializable: 0 0 %, local: 0 %
I0314 19:23:12.806021 2017667 Coordinator.h:126] commit: 76488 abort: 1467512 (0/1467512/0), network size: 0, avg network size: 0, si_in_serializable: 0 0 %, local: 0 %
I0314 19:23:13.806131 2017667 Coordinator.h:126] commit: 76161 abort: 1479839 (0/1479839/0), network size: 0, avg network size: 0, si_in_serializable: 0 0 %, local: 0 %
I0314 19:23:14.806310 2017667 Coordinator.h:126] commit: 76953 abort: 1471047 (0/1471047/0), network size: 0, avg network size: 0, si_in_serializable: 0 0 %, local: 0 %
I0314 19:23:15.806473 2017667 Coordinator.h:126] commit: 76892 abort: 1479108 (0/1479108/0), network size: 0, avg network size: 0, si_in_serializable: 0 0 %, local: 0 %
I0314 19:23:16.806610 2017667 Coordinator.h:126] commit: 76386 abort: 1471614 (0/1471614/0), network size: 0, avg network size: 0, si_in_serializable: 0 0 %, local: 0 %
I0314 19:23:17.806737 2017667 Coordinator.h:126] commit: 75551 abort: 1468449 (0/1468449/0), network size: 0, avg network size: 0, si_in_serializable: 0 0 %, local: 0 %
I0314 19:23:18.806867 2017667 Coordinator.h:126] commit: 77285 abort: 1470715 (0/1470715/0), network size: 0, avg network size: 0, si_in_serializable: 0 0 %, local: 0 %
I0314 19:23:19.807011 2017667 Coordinator.h:126] commit: 76602 abort: 1455398 (0/1455398/0), network size: 0, avg network size: 0, si_in_serializable: 0 0 %, local: 0 %
I0314 19:23:20.807137 2017667 Coordinator.h:126] commit: 76192 abort: 1475808 (0/1475808/0), network size: 0, avg network size: 0, si_in_serializable: 0 0 %, local: 0 %
I0314 19:23:21.807271 2017667 Coordinator.h:126] commit: 76885 abort: 1475115 (0/1475115/0), network size: 0, avg network size: 0, si_in_serializable: 0 0 %, local: 0 %
I0314 19:23:22.807412 2017667 Coordinator.h:126] commit: 76582 abort: 1463418 (0/1463418/0), network size: 0, avg network size: 0, si_in_serializable: 0 0 %, local: 0 %
I0314 19:23:23.807540 2017667 Coordinator.h:126] commit: 76534 abort: 1479466 (0/1479466/0), network size: 0, avg network size: 0, si_in_serializable: 0 0 %, local: 0 %
I0314 19:23:24.807720 2017667 Coordinator.h:126] commit: 76689 abort: 1483147 (0/1483147/0), network size: 0, avg network size: 0, si_in_serializable: 0 0 %, local: 0 %
I0314 19:23:25.807871 2017667 Coordinator.h:126] commit: 76413 abort: 1483750 (0/1483750/0), network size: 0, avg network size: 0, si_in_serializable: 0 0 %, local: 0 %
I0314 19:23:26.808007 2017667 Coordinator.h:126] commit: 76396 abort: 1479604 (0/1479604/0), network size: 0, avg network size: 0, si_in_serializable: 0 0 %, local: 0 %
I0314 19:23:27.808136 2017667 Coordinator.h:126] commit: 75985 abort: 1472015 (0/1472015/0), network size: 0, avg network size: 0, si_in_serializable: 0 0 %, local: 0 %
I0314 19:23:28.808266 2017667 Coordinator.h:126] commit: 76300 abort: 1475700 (0/1475700/0), network size: 0, avg network size: 0, si_in_serializable: 0 0 %, local: 0 %
I0314 19:23:29.808396 2017667 Coordinator.h:126] commit: 76073 abort: 1479927 (0/1479927/0), network size: 0, avg network size: 0, si_in_serializable: 0 0 %, local: 0 %
I0314 19:23:30.808529 2017667 Coordinator.h:126] commit: 75659 abort: 1472341 (0/1472341/0), network size: 0, avg network size: 0, si_in_serializable: 0 0 %, local: 0 %
I0314 19:23:31.808666 2017667 Coordinator.h:126] commit: 76112 abort: 1475888 (0/1475888/0), network size: 0, avg network size: 0, si_in_serializable: 0 0 %, local: 0 %
I0314 19:23:31.808717 2017667 Coordinator.h:152] average commit: 76512.9 abort: 1.47349e+06 (0/1.47349e+06/0), network size: 0, avg network size: 0, si_in_serializable: 0 0 %, local: 0 %
I0314 19:23:31.809676 2017691 AriaExecutor.h:106] AriaExecutor 8 exits. 
I0314 19:23:31.809676 2017690 AriaExecutor.h:106] AriaExecutor 7 exits. 
I0314 19:23:31.809676 2017692 AriaExecutor.h:106] AriaExecutor 9 exits. 
I0314 19:23:31.809676 2017686 AriaExecutor.h:106] AriaExecutor 3 exits. 
I0314 19:23:31.809693 2017687 AriaExecutor.h:106] AriaExecutor 4 exits. 
I0314 19:23:31.809695 2017694 AriaExecutor.h:106] AriaExecutor 11 exits. 
I0314 19:23:31.809695 2017685 AriaExecutor.h:106] AriaExecutor 2 exits. 
I0314 19:23:31.809701 2017695 Manager.h:227] Manager(worker id = 12) on the coordinator node exits.
I0314 19:23:31.809692 2017684 AriaExecutor.h:106] AriaExecutor 1 exits. 
I0314 19:23:31.809693 2017683 AriaExecutor.h:106] AriaExecutor 0 exits. 
I0314 19:23:31.809681 2017693 AriaExecutor.h:106] AriaExecutor 10 exits. 
I0314 19:23:31.809693 2017688 AriaExecutor.h:106] AriaExecutor 5 exits. 
I0314 19:23:31.809692 2017689 AriaExecutor.h:106] AriaExecutor 6 exits. 
I0314 19:23:31.808763 2017667 AriaExecutor.h:646] Worker 0 latency: 17283 us (50%) 98716 us (75%) 389908 us (95%) 436192 us (99%).
I0314 19:23:31.833254 2017667 AriaExecutor.h:646] Worker 1 latency: 6653 us (50%) 62058 us (75%) 244681 us (95%) 395639 us (99%).
I0314 19:23:31.844168 2017667 AriaExecutor.h:646] Worker 2 latency: 6550 us (50%) 61466 us (75%) 235039 us (95%) 380364 us (99%).
I0314 19:23:31.853452 2017667 AriaExecutor.h:646] Worker 3 latency: 4308 us (50%) 59057 us (75%) 229731 us (95%) 375143 us (99%).
I0314 19:23:31.862449 2017667 AriaExecutor.h:646] Worker 4 latency: 6818 us (50%) 63538 us (75%) 233505 us (95%) 371855 us (99%).
I0314 19:23:31.871505 2017667 AriaExecutor.h:646] Worker 5 latency: 9153 us (50%) 65829 us (75%) 241390 us (95%) 374494 us (99%).
I0314 19:23:31.880786 2017667 AriaExecutor.h:646] Worker 6 latency: 6970 us (50%) 63887 us (75%) 236739 us (95%) 370460 us (99%).
I0314 19:23:31.889931 2017667 AriaExecutor.h:646] Worker 7 latency: 6709 us (50%) 60997 us (75%) 226733 us (95%) 364119 us (99%).
I0314 19:23:31.898911 2017667 AriaExecutor.h:646] Worker 8 latency: 6694 us (50%) 61097 us (75%) 228556 us (95%) 361785 us (99%).
I0314 19:23:31.907923 2017667 AriaExecutor.h:646] Worker 9 latency: 6728 us (50%) 60960 us (75%) 228237 us (95%) 361752 us (99%).
I0314 19:23:31.917011 2017667 AriaExecutor.h:646] Worker 10 latency: 5446 us (50%) 60112 us (75%) 225483 us (95%) 357152 us (99%).
I0314 19:23:31.926003 2017667 AriaExecutor.h:646] Worker 11 latency: 6848 us (50%) 64185 us (75%) 234760 us (95%) 361874 us (99%).
I0314 19:23:31.935328 2017667 Coordinator.h:177] total commit: 76512.9
I0314 19:23:32.935549 2017667 Coordinator.h:192] Coordinator exits.
