I0314 19:07:37.823563 2011315 Database.h:65] ycsb initialization finished in 97 milliseconds.
I0314 19:07:37.823693 2011315 Coordinator.h:30] Coordinator initializes 12 workers.
I0314 19:07:37.921090 2011315 Coordinator.h:77] Coordinator starts to run 13 workers.
I0314 19:07:37.921188 2011331 AriaExecutor.h:94] AriaExecutor 0 started. 
I0314 19:07:37.921236 2011332 AriaExecutor.h:94] AriaExecutor 1 started. 
I0314 19:07:37.921346 2011333 AriaExecutor.h:94] AriaExecutor 2 started. 
I0314 19:07:37.921473 2011334 AriaExecutor.h:94] AriaExecutor 3 started. 
I0314 19:07:37.921592 2011335 AriaExecutor.h:94] AriaExecutor 4 started. 
I0314 19:07:37.921620 2011336 AriaExecutor.h:94] AriaExecutor 5 started. 
I0314 19:07:37.921733 2011337 AriaExecutor.h:94] AriaExecutor 6 started. 
I0314 19:07:37.921741 2011338 AriaExecutor.h:94] AriaExecutor 7 started. 
I0314 19:07:37.921854 2011339 AriaExecutor.h:94] AriaExecutor 8 started. 
I0314 19:07:37.921974 2011340 AriaExecutor.h:94] AriaExecutor 9 started. 
I0314 19:07:37.922031 2011341 AriaExecutor.h:94] AriaExecutor 10 started. 
I0314 19:07:37.922124 2011342 AriaExecutor.h:94] AriaExecutor 11 started. 
I0314 19:07:37.922240 2011343 Manager.h:224] Manager(worker id = 12) on the coordinator node started.
I0314 19:07:38.922253 2011315 Coordinator.h:126] commit: 1670 abort: 70330 (0/70330/0), network size: 0, avg network size: 0, si_in_serializable: 0 0 %, local: 0 %
I0314 19:07:39.922399 2011315 Coordinator.h:126] commit: 2085 abort: 81915 (0/81915/0), network size: 0, avg network size: 0, si_in_serializable: 0 0 %, local: 0 %
I0314 19:07:40.922588 2011315 Coordinator.h:126] commit: 2381 abort: 81619 (0/81619/0), network size: 0, avg network size: 0, si_in_serializable: 0 0 %, local: 0 %
I0314 19:07:41.922745 2011315 Coordinator.h:126] commit: 2134 abort: 81866 (0/81866/0), network size: 0, avg network size: 0, si_in_serializable: 0 0 %, local: 0 %
I0314 19:07:42.922873 2011315 Coordinator.h:126] commit: 2241 abort: 81759 (0/81759/0), network size: 0, avg network size: 0, si_in_serializable: 0 0 %, local: 0 %
I0314 19:07:43.922983 2011315 Coordinator.h:126] commit: 2257 abort: 77743 (0/77743/0), network size: 0, avg network size: 0, si_in_serializable: 0 0 %, local: 0 %
I0314 19:07:44.923105 2011315 Coordinator.h:126] commit: 2171 abort: 81829 (0/81829/0), network size: 0, avg network size: 0, si_in_serializable: 0 0 %, local: 0 %
I0314 19:07:45.923305 2011315 Coordinator.h:126] commit: 2163 abort: 77837 (0/77837/0), network size: 0, avg network size: 0, si_in_serializable: 0 0 %, local: 0 %
I0314 19:07:46.923471 2011315 Coordinator.h:126] commit: 2092 abort: 73908 (0/73908/0), network size: 0, avg network size: 0, si_in_serializable: 0 0 %, local: 0 %
I0314 19:07:47.923604 2011315 Coordinator.h:126] commit: 2165 abort: 77835 (0/77835/0), network size: 0, avg network size: 0, si_in_serializable: 0 0 %, local: 0 %
I0314 19:07:48.923729 2011315 Coordinator.h:126] commit: 2158 abort: 77842 (0/77842/0), network size: 0, avg network size: 0, si_in_serializable: 0 0 %, local: 0 %
I0314 19:07:49.923843 2011315 Coordinator.h:126] commit: 2132 abort: 73868 (0/73868/0), network size: 0, avg network size: 0, si_in_serializable: 0 0 %, local: 0 %
I0314 19:07:50.923969 2011315 Coordinator.h:126] commit: 2196 abort: 77804 (0/77804/0), network size: 0, avg network size: 0, si_in_serializable: 0 0 %, local: 0 %
I0314 19:07:51.924106 2011315 Coordinator.h:126] commit: 2147 abort: 77853 (0/77853/0), network size: 0, avg network size: 0, si_in_serializable: 0 0 %, local: 0 %
I0314 19:07:52.924276 2011315 Coordinator.h:126] commit: 2272 abort: 77728 (0/77728/0), network size: 0, avg network size: 0, si_in_serializable: 0 0 %, local: 0 %
I0314 19:07:53.924399 2011315 Coordinator.h:126] commit: 2045 abort: 77955 (0/77955/0), network size: 0, avg network size: 0, si_in_serializable: 0 0 %, local: 0 %
I0314 19:07:54.924511 2011315 Coordinator.h:126] commit: 1988 abort: 78012 (0/78012/0), network size: 0, avg network size: 0, si_in_serializable: 0 0 %, local: 0 %
I0314 19:07:55.924633 2011315 Coordinator.h:126] commit: 2317 abort: 77683 (0/77683/0), network size: 0, avg network size: 0, si_in_serializable: 0 0 %, local: 0 %
I0314 19:07:56.924775 2011315 Coordinator.h:126] commit: 2150 abort: 77850 (0/77850/0), network size: 0, avg network size: 0, si_in_serializable: 0 0 %, local: 0 %
I0314 19:07:57.924914 2011315 Coordinator.h:126] commit: 2002 abort: 77998 (0/77998/0), network size: 0, avg network size: 0, si_in_serializable: 0 0 %, local: 0 %
I0314 19:07:58.925038 2011315 Coordinator.h:126] commit: 2214 abort: 77786 (0/77786/0), network size: 0, avg network size: 0, si_in_serializable: 0 0 %, local: 0 %
I0314 19:07:59.925159 2011315 Coordinator.h:126] commit: 2207 abort: 77793 (0/77793/0), network size: 0, avg network size: 0, si_in_serializable: 0 0 %, local: 0 %
I0314 19:08:00.925360 2011315 Coordinator.h:126] commit: 2260 abort: 77740 (0/77740/0), network size: 0, avg network size: 0, si_in_serializable: 0 0 %, local: 0 %
I0314 19:08:01.925530 2011315 Coordinator.h:126] commit: 2034 abort: 73966 (0/73966/0), network size: 0, avg network size: 0, si_in_serializable: 0 0 %, local: 0 %
I0314 19:08:02.925663 2011315 Coordinator.h:126] commit: 2162 abort: 77838 (0/77838/0), network size: 0, avg network size: 0, si_in_serializable: 0 0 %, local: 0 %
I0314 19:08:02.925707 2011315 Coordinator.h:152] average commit: 2140.7 abort: 77459.3 (0/77459.3/0), network size: 0, avg network size: 0, si_in_serializable: 0 0 %, local: 0 %
I0314 19:08:02.925751 2011315 AriaExecutor.h:646] Worker 0 latency: 1789438 us (50%) 1960380 us (75%) 2143271 us (95%) 2265807 us (99%).
I0314 19:08:02.934852 2011340 AriaExecutor.h:106] AriaExecutor 9 exits. 
I0314 19:08:02.934870 2011343 Manager.h:227] Manager(worker id = 12) on the coordinator node exits.
I0314 19:08:02.934854 2011338 AriaExecutor.h:106] AriaExecutor 7 exits. 
I0314 19:08:02.934859 2011341 AriaExecutor.h:106] AriaExecutor 10 exits. 
I0314 19:08:02.934875 2011331 AriaExecutor.h:106] AriaExecutor 0 exits. 
I0314 19:08:02.934861 2011342 AriaExecutor.h:106] AriaExecutor 11 exits. 
I0314 19:08:02.934854 2011334 AriaExecutor.h:106] AriaExecutor 3 exits. 
I0314 19:08:02.934865 2011339 AriaExecutor.h:106] AriaExecutor 8 exits. 
I0314 19:08:02.934852 2011333 AriaExecutor.h:106] AriaExecutor 2 exits. 
I0314 19:08:02.934854 2011336 AriaExecutor.h:106] AriaExecutor 5 exits. 
I0314 19:08:02.934872 2011337 AriaExecutor.h:106] AriaExecutor 6 exits. 
I0314 19:08:02.934860 2011332 AriaExecutor.h:106] AriaExecutor 1 exits. 
I0314 19:08:02.934859 2011335 AriaExecutor.h:106] AriaExecutor 4 exits. 
I0314 19:08:02.935272 2011315 AriaExecutor.h:646] Worker 1 latency: 1918368 us (50%) 2027598 us (75%) 2165487 us (95%) 2280828 us (99%).
I0314 19:08:02.935876 2011315 AriaExecutor.h:646] Worker 2 latency: 1915776 us (50%) 2015182 us (75%) 2163273 us (95%) 2280755 us (99%).
I0314 19:08:02.936491 2011315 AriaExecutor.h:646] Worker 3 latency: 1914745 us (50%) 2016368 us (75%) 2152424 us (95%) 2250867 us (99%).
I0314 19:08:02.937069 2011315 AriaExecutor.h:646] Worker 4 latency: 1907731 us (50%) 2012033 us (75%) 2141317 us (95%) 2275966 us (99%).
I0314 19:08:02.937713 2011315 AriaExecutor.h:646] Worker 5 latency: 1893933 us (50%) 2000348 us (75%) 2132658 us (95%) 2237606 us (99%).
I0314 19:08:02.938403 2011315 AriaExecutor.h:646] Worker 6 latency: 1904693 us (50%) 2002367 us (75%) 2131766 us (95%) 2261861 us (99%).
I0314 19:08:02.939029 2011315 AriaExecutor.h:646] Worker 7 latency: 1903654 us (50%) 2004135 us (75%) 2129655 us (95%) 2240753 us (99%).
I0314 19:08:02.939630 2011315 AriaExecutor.h:646] Worker 8 latency: 1901019 us (50%) 2002346 us (75%) 2131719 us (95%) 2268736 us (99%).
I0314 19:08:02.940301 2011315 AriaExecutor.h:646] Worker 9 latency: 1900588 us (50%) 1999467 us (75%) 2129742 us (95%) 2268605 us (99%).
I0314 19:08:02.940932 2011315 AriaExecutor.h:646] Worker 10 latency: 1896164 us (50%) 1997268 us (75%) 2125956 us (95%) 2240252 us (99%).
I0314 19:08:02.941556 2011315 AriaExecutor.h:646] Worker 11 latency: 1900566 us (50%) 1997539 us (75%) 2126588 us (95%) 2241268 us (99%).
I0314 19:08:02.942219 2011315 Coordinator.h:177] total commit: 2140.7
I0314 19:08:03.942430 2011315 Coordinator.h:192] Coordinator exits.
