I0314 19:02:38.835211 2009465 Database.h:65] ycsb initialization finished in 98 milliseconds.
I0314 19:02:38.835430 2009465 Coordinator.h:30] Coordinator initializes 12 workers.
I0314 19:02:38.874408 2009465 Coordinator.h:77] Coordinator starts to run 13 workers.
I0314 19:02:38.874507 2009481 AriaFBExecutor.h:86] AriaFBExecutor 0 started. 
I0314 19:02:38.874552 2009482 AriaFBExecutor.h:86] AriaFBExecutor 1 started. 
I0314 19:02:38.874665 2009483 AriaFBExecutor.h:86] AriaFBExecutor 2 started. 
I0314 19:02:38.874698 2009484 AriaFBExecutor.h:86] AriaFBExecutor 3 started. 
I0314 19:02:38.874809 2009485 AriaFBExecutor.h:86] AriaFBExecutor 4 started. 
I0314 19:02:38.874854 2009486 AriaFBExecutor.h:86] AriaFBExecutor 5 started. 
I0314 19:02:38.874953 2009487 AriaFBExecutor.h:86] AriaFBExecutor 6 started. 
I0314 19:02:38.874980 2009488 AriaFBExecutor.h:86] AriaFBExecutor 7 started. 
I0314 19:02:38.875098 2009490 AriaFBExecutor.h:86] AriaFBExecutor 9 started. 
I0314 19:02:38.875103 2009489 AriaFBExecutor.h:86] AriaFBExecutor 8 started. 
I0314 19:02:38.875239 2009491 AriaFBExecutor.h:86] AriaFBExecutor 10 started. 
I0314 19:02:38.875360 2009492 AriaFBExecutor.h:86] AriaFBExecutor 11 started. 
I0314 19:02:38.875418 2009493 Manager.h:224] Manager(worker id = 12) on the coordinator node started.
I0314 19:02:39.875461 2009465 Coordinator.h:126] commit: 146742 abort: 119851 (0/119851/0), network size: 0, avg network size: 0, si_in_serializable: 0 0 %, local: 0 %
I0314 19:02:40.875624 2009465 Coordinator.h:126] commit: 147881 abort: 120630 (0/120630/0), network size: 0, avg network size: 0, si_in_serializable: 0 0 %, local: 0 %
I0314 19:02:41.875816 2009465 Coordinator.h:126] commit: 151045 abort: 122901 (0/122901/0), network size: 0, avg network size: 0, si_in_serializable: 0 0 %, local: 0 %
I0314 19:02:42.875969 2009465 Coordinator.h:126] commit: 152332 abort: 123774 (0/123774/0), network size: 0, avg network size: 0, si_in_serializable: 0 0 %, local: 0 %
I0314 19:02:43.876106 2009465 Coordinator.h:126] commit: 151978 abort: 123832 (0/123832/0), network size: 0, avg network size: 0, si_in_serializable: 0 0 %, local: 0 %
I0314 19:02:44.876256 2009465 Coordinator.h:126] commit: 151021 abort: 123177 (0/123177/0), network size: 0, avg network size: 0, si_in_serializable: 0 0 %, local: 0 %
I0314 19:02:45.876386 2009465 Coordinator.h:126] commit: 152332 abort: 124821 (0/124821/0), network size: 0, avg network size: 0, si_in_serializable: 0 0 %, local: 0 %
I0314 19:02:46.876575 2009465 Coordinator.h:126] commit: 152241 abort: 123810 (0/123810/0), network size: 0, avg network size: 0, si_in_serializable: 0 0 %, local: 0 %
I0314 19:02:47.876720 2009465 Coordinator.h:126] commit: 152204 abort: 123956 (0/123956/0), network size: 0, avg network size: 0, si_in_serializable: 0 0 %, local: 0 %
I0314 19:02:48.876840 2009465 Coordinator.h:126] commit: 150051 abort: 122227 (0/122227/0), network size: 0, avg network size: 0, si_in_serializable: 0 0 %, local: 0 %
I0314 19:02:49.876973 2009465 Coordinator.h:126] commit: 151948 abort: 123768 (0/123768/0), network size: 0, avg network size: 0, si_in_serializable: 0 0 %, local: 0 %
I0314 19:02:50.877117 2009465 Coordinator.h:126] commit: 151224 abort: 122973 (0/122973/0), network size: 0, avg network size: 0, si_in_serializable: 0 0 %, local: 0 %
I0314 19:02:51.877246 2009465 Coordinator.h:126] commit: 152000 abort: 124007 (0/124007/0), network size: 0, avg network size: 0, si_in_serializable: 0 0 %, local: 0 %
I0314 19:02:52.877367 2009465 Coordinator.h:126] commit: 151975 abort: 123900 (0/123900/0), network size: 0, avg network size: 0, si_in_serializable: 0 0 %, local: 0 %
I0314 19:02:53.877483 2009465 Coordinator.h:126] commit: 151982 abort: 123780 (0/123780/0), network size: 0, avg network size: 0, si_in_serializable: 0 0 %, local: 0 %
I0314 19:02:54.877611 2009465 Coordinator.h:126] commit: 152043 abort: 123832 (0/123832/0), network size: 0, avg network size: 0, si_in_serializable: 0 0 %, local: 0 %
I0314 19:02:55.877763 2009465 Coordinator.h:126] commit: 151745 abort: 124027 (0/124027/0), network size: 0, avg network size: 0, si_in_serializable: 0 0 %, local: 0 %
I0314 19:02:56.877905 2009465 Coordinator.h:126] commit: 151596 abort: 123964 (0/123964/0), network size: 0, avg network size: 0, si_in_serializable: 0 0 %, local: 0 %
I0314 19:02:57.878031 2009465 Coordinator.h:126] commit: 151659 abort: 123189 (0/123189/0), network size: 0, avg network size: 0, si_in_serializable: 0 0 %, local: 0 %
I0314 19:02:58.878214 2009465 Coordinator.h:126] commit: 147000 abort: 119685 (0/119685/0), network size: 0, avg network size: 0, si_in_serializable: 0 0 %, local: 0 %
I0314 19:02:59.878366 2009465 Coordinator.h:126] commit: 152465 abort: 124598 (0/124598/0), network size: 0, avg network size: 0, si_in_serializable: 0 0 %, local: 0 %
I0314 19:03:00.878499 2009465 Coordinator.h:126] commit: 151895 abort: 123707 (0/123707/0), network size: 0, avg network size: 0, si_in_serializable: 0 0 %, local: 0 %
I0314 19:03:01.878645 2009465 Coordinator.h:126] commit: 151885 abort: 124078 (0/124078/0), network size: 0, avg network size: 0, si_in_serializable: 0 0 %, local: 0 %
I0314 19:03:02.878782 2009465 Coordinator.h:126] commit: 151755 abort: 123223 (0/123223/0), network size: 0, avg network size: 0, si_in_serializable: 0 0 %, local: 0 %
I0314 19:03:03.878911 2009465 Coordinator.h:126] commit: 151819 abort: 123965 (0/123965/0), network size: 0, avg network size: 0, si_in_serializable: 0 0 %, local: 0 %
I0314 19:03:03.878959 2009465 Coordinator.h:152] average commit: 151317 abort: 123312 (0/123312/0), network size: 0, avg network size: 0, si_in_serializable: 0 0 %, local: 0 %
I0314 19:03:03.879747 2009483 AriaFBExecutor.h:95] AriaFBExecutor 2 exits. 
I0314 19:03:03.879768 2009488 AriaFBExecutor.h:95] AriaFBExecutor 7 exits. 
I0314 19:03:03.879763 2009482 AriaFBExecutor.h:95] AriaFBExecutor 1 exits. 
I0314 19:03:03.879776 2009493 Manager.h:227] Manager(worker id = 12) on the coordinator node exits.
I0314 19:03:03.879767 2009481 AriaFBExecutor.h:95] AriaFBExecutor 0 exits. 
I0314 19:03:03.879772 2009484 AriaFBExecutor.h:95] AriaFBExecutor 3 exits. 
I0314 19:03:03.879767 2009490 AriaFBExecutor.h:95] AriaFBExecutor 9 exits. 
I0314 19:03:03.879765 2009485 AriaFBExecutor.h:95] AriaFBExecutor 4 exits. 
I0314 19:03:03.879767 2009486 AriaFBExecutor.h:95] AriaFBExecutor 5 exits. 
I0314 19:03:03.879747 2009487 AriaFBExecutor.h:95] AriaFBExecutor 6 exits. 
I0314 19:03:03.879765 2009492 AriaFBExecutor.h:95] AriaFBExecutor 11 exits. 
I0314 19:03:03.879767 2009489 AriaFBExecutor.h:95] AriaFBExecutor 8 exits. 
I0314 19:03:03.879766 2009491 AriaFBExecutor.h:95] AriaFBExecutor 10 exits. 
I0314 19:03:03.879004 2009465 AriaFBExecutor.h:803] Worker 0 latency: 1966 us (50%) 2211 us (75%) 2316 us (95%) 2378 us (99%).
I0314 19:03:03.888294 2009465 AriaFBExecutor.h:803] Worker 1 latency: 3646 us (50%) 4521 us (75%) 5225 us (95%) 5489 us (99%).
I0314 19:03:03.914703 2009465 AriaFBExecutor.h:803] Worker 2 latency: 3651 us (50%) 4524 us (75%) 5227 us (95%) 5489 us (99%).
I0314 19:03:03.932541 2009465 AriaFBExecutor.h:803] Worker 3 latency: 3654 us (50%) 4525 us (75%) 5227 us (95%) 5490 us (99%).
I0314 19:03:03.950127 2009465 AriaFBExecutor.h:803] Worker 4 latency: 3658 us (50%) 4527 us (75%) 5227 us (95%) 5490 us (99%).
I0314 19:03:03.967861 2009465 AriaFBExecutor.h:803] Worker 5 latency: 3662 us (50%) 4529 us (75%) 5228 us (95%) 5492 us (99%).
I0314 19:03:03.985736 2009465 AriaFBExecutor.h:803] Worker 6 latency: 3667 us (50%) 4532 us (75%) 5228 us (95%) 5492 us (99%).
I0314 19:03:04.003237 2009465 AriaFBExecutor.h:803] Worker 7 latency: 3669 us (50%) 4533 us (75%) 5228 us (95%) 5491 us (99%).
I0314 19:03:04.021001 2009465 AriaFBExecutor.h:803] Worker 8 latency: 3673 us (50%) 4534 us (75%) 5229 us (95%) 5491 us (99%).
I0314 19:03:04.038738 2009465 AriaFBExecutor.h:803] Worker 9 latency: 3676 us (50%) 4536 us (75%) 5230 us (95%) 5491 us (99%).
I0314 19:03:04.056506 2009465 AriaFBExecutor.h:803] Worker 10 latency: 3676 us (50%) 4537 us (75%) 5230 us (95%) 5489 us (99%).
I0314 19:03:04.074143 2009465 AriaFBExecutor.h:803] Worker 11 latency: 3680 us (50%) 4538 us (75%) 5230 us (95%) 5491 us (99%).
I0314 19:03:04.091650 2009465 Coordinator.h:177] total commit: 151317
I0314 19:03:05.091861 2009465 Coordinator.h:192] Coordinator exits.
