I0314 18:52:53.756031 2005757 Database.h:65] ycsb initialization finished in 96 milliseconds.
I0314 18:52:53.756235 2005757 Coordinator.h:30] Coordinator initializes 12 workers.
I0314 18:52:53.795780 2005757 Coordinator.h:77] Coordinator starts to run 13 workers.
I0314 18:52:53.795864 2005773 AriaFBExecutor.h:86] AriaFBExecutor 0 started. 
I0314 18:52:53.795898 2005774 AriaFBExecutor.h:86] AriaFBExecutor 1 started. 
I0314 18:52:53.796025 2005775 AriaFBExecutor.h:86] AriaFBExecutor 2 started. 
I0314 18:52:53.796059 2005776 AriaFBExecutor.h:86] AriaFBExecutor 3 started. 
I0314 18:52:53.796167 2005777 AriaFBExecutor.h:86] AriaFBExecutor 4 started. 
I0314 18:52:53.796311 2005778 AriaFBExecutor.h:86] AriaFBExecutor 5 started. 
I0314 18:52:53.796435 2005779 AriaFBExecutor.h:86] AriaFBExecutor 6 started. 
I0314 18:52:53.796489 2005780 AriaFBExecutor.h:86] AriaFBExecutor 7 started. 
I0314 18:52:53.796574 2005781 AriaFBExecutor.h:86] AriaFBExecutor 8 started. 
I0314 18:52:53.796700 2005782 AriaFBExecutor.h:86] AriaFBExecutor 9 started. 
I0314 18:52:53.796725 2005783 AriaFBExecutor.h:86] AriaFBExecutor 10 started. 
I0314 18:52:53.796839 2005784 AriaFBExecutor.h:86] AriaFBExecutor 11 started. 
I0314 18:52:53.796876 2005785 Manager.h:224] Manager(worker id = 12) on the coordinator node started.
I0314 18:52:54.796923 2005757 Coordinator.h:126] commit: 24000 abort: 22000 (0/22000/0), network size: 0, avg network size: 0, si_in_serializable: 0 0 %, local: 0 %
I0314 18:52:55.797063 2005757 Coordinator.h:126] commit: 27104 abort: 25725 (0/25725/0), network size: 0, avg network size: 0, si_in_serializable: 0 0 %, local: 0 %
I0314 18:52:56.797247 2005757 Coordinator.h:126] commit: 28848 abort: 25723 (0/25723/0), network size: 0, avg network size: 0, si_in_serializable: 0 0 %, local: 0 %
I0314 18:52:57.797400 2005757 Coordinator.h:126] commit: 28506 abort: 26609 (0/26609/0), network size: 0, avg network size: 0, si_in_serializable: 0 0 %, local: 0 %
I0314 18:52:58.797540 2005757 Coordinator.h:126] commit: 28829 abort: 26645 (0/26645/0), network size: 0, avg network size: 0, si_in_serializable: 0 0 %, local: 0 %
I0314 18:52:59.797657 2005757 Coordinator.h:126] commit: 28547 abort: 25746 (0/25746/0), network size: 0, avg network size: 0, si_in_serializable: 0 0 %, local: 0 %
I0314 18:53:00.797783 2005757 Coordinator.h:126] commit: 28452 abort: 26684 (0/26684/0), network size: 0, avg network size: 0, si_in_serializable: 0 0 %, local: 0 %
I0314 18:53:01.797966 2005757 Coordinator.h:126] commit: 28790 abort: 26674 (0/26674/0), network size: 0, avg network size: 0, si_in_serializable: 0 0 %, local: 0 %
I0314 18:53:02.798105 2005757 Coordinator.h:126] commit: 28924 abort: 25661 (0/25661/0), network size: 0, avg network size: 0, si_in_serializable: 0 0 %, local: 0 %
I0314 18:53:03.798228 2005757 Coordinator.h:126] commit: 28950 abort: 26666 (0/26666/0), network size: 0, avg network size: 0, si_in_serializable: 0 0 %, local: 0 %
I0314 18:53:04.798337 2005757 Coordinator.h:126] commit: 28753 abort: 26652 (0/26652/0), network size: 0, avg network size: 0, si_in_serializable: 0 0 %, local: 0 %
I0314 18:53:05.798454 2005757 Coordinator.h:126] commit: 28542 abort: 26639 (0/26639/0), network size: 0, avg network size: 0, si_in_serializable: 0 0 %, local: 0 %
I0314 18:53:06.798573 2005757 Coordinator.h:126] commit: 28755 abort: 25740 (0/25740/0), network size: 0, avg network size: 0, si_in_serializable: 0 0 %, local: 0 %
I0314 18:53:07.798691 2005757 Coordinator.h:126] commit: 29000 abort: 26599 (0/26599/0), network size: 0, avg network size: 0, si_in_serializable: 0 0 %, local: 0 %
I0314 18:53:08.798805 2005757 Coordinator.h:126] commit: 28545 abort: 26660 (0/26660/0), network size: 0, avg network size: 0, si_in_serializable: 0 0 %, local: 0 %
I0314 18:53:09.798924 2005757 Coordinator.h:126] commit: 28796 abort: 26672 (0/26672/0), network size: 0, avg network size: 0, si_in_serializable: 0 0 %, local: 0 %
I0314 18:53:10.799057 2005757 Coordinator.h:126] commit: 28791 abort: 26613 (0/26613/0), network size: 0, avg network size: 0, si_in_serializable: 0 0 %, local: 0 %
I0314 18:53:11.799172 2005757 Coordinator.h:126] commit: 28556 abort: 25778 (0/25778/0), network size: 0, avg network size: 0, si_in_serializable: 0 0 %, local: 0 %
I0314 18:53:12.799284 2005757 Coordinator.h:126] commit: 28713 abort: 26615 (0/26615/0), network size: 0, avg network size: 0, si_in_serializable: 0 0 %, local: 0 %
I0314 18:53:13.799460 2005757 Coordinator.h:126] commit: 28681 abort: 26659 (0/26659/0), network size: 0, avg network size: 0, si_in_serializable: 0 0 %, local: 0 %
I0314 18:53:14.799597 2005757 Coordinator.h:126] commit: 28918 abort: 25696 (0/25696/0), network size: 0, avg network size: 0, si_in_serializable: 0 0 %, local: 0 %
I0314 18:53:15.799711 2005757 Coordinator.h:126] commit: 28735 abort: 26706 (0/26706/0), network size: 0, avg network size: 0, si_in_serializable: 0 0 %, local: 0 %
I0314 18:53:16.799824 2005757 Coordinator.h:126] commit: 28601 abort: 26666 (0/26666/0), network size: 0, avg network size: 0, si_in_serializable: 0 0 %, local: 0 %
I0314 18:53:17.799949 2005757 Coordinator.h:126] commit: 28737 abort: 26630 (0/26630/0), network size: 0, avg network size: 0, si_in_serializable: 0 0 %, local: 0 %
I0314 18:53:18.800071 2005757 Coordinator.h:126] commit: 28927 abort: 25753 (0/25753/0), network size: 0, avg network size: 0, si_in_serializable: 0 0 %, local: 0 %
I0314 18:53:18.800107 2005757 Coordinator.h:152] average commit: 28713.2 abort: 26462.7 (0/26462.7/0), network size: 0, avg network size: 0, si_in_serializable: 0 0 %, local: 0 %
I0314 18:53:18.800149 2005757 AriaFBExecutor.h:803] Worker 0 latency: 13855 us (50%) 13920 us (75%) 14561 us (95%) 16748 us (99%).
I0314 18:53:18.831379 2005774 AriaFBExecutor.h:95] AriaFBExecutor 1 exits. 
I0314 18:53:18.831379 2005777 AriaFBExecutor.h:95] AriaFBExecutor 4 exits. 
I0314 18:53:18.831395 2005785 Manager.h:227] Manager(worker id = 12) on the coordinator node exits.
I0314 18:53:18.831399 2005784 AriaFBExecutor.h:95] AriaFBExecutor 11 exits. 
I0314 18:53:18.831400 2005778 AriaFBExecutor.h:95] AriaFBExecutor 5 exits. 
I0314 18:53:18.831379 2005775 AriaFBExecutor.h:95] AriaFBExecutor 2 exits. 
I0314 18:53:18.831379 2005776 AriaFBExecutor.h:95] AriaFBExecutor 3 exits. 
I0314 18:53:18.831387 2005773 AriaFBExecutor.h:95] AriaFBExecutor 0 exits. 
I0314 18:53:18.831398 2005781 AriaFBExecutor.h:95] AriaFBExecutor 8 exits. 
I0314 18:53:18.831398 2005783 AriaFBExecutor.h:95] AriaFBExecutor 10 exits. 
I0314 18:53:18.831399 2005779 AriaFBExecutor.h:95] AriaFBExecutor 6 exits. 
I0314 18:53:18.831400 2005780 AriaFBExecutor.h:95] AriaFBExecutor 7 exits. 
I0314 18:53:18.831379 2005782 AriaFBExecutor.h:95] AriaFBExecutor 9 exits. 
I0314 18:53:18.831678 2005757 AriaFBExecutor.h:803] Worker 1 latency: 23610 us (50%) 28709 us (75%) 32873 us (95%) 34967 us (99%).
I0314 18:53:18.843261 2005757 AriaFBExecutor.h:803] Worker 2 latency: 23629 us (50%) 28717 us (75%) 32875 us (95%) 34971 us (99%).
I0314 18:53:18.850656 2005757 AriaFBExecutor.h:803] Worker 3 latency: 23634 us (50%) 28720 us (75%) 32868 us (95%) 34986 us (99%).
I0314 18:53:18.856454 2005757 AriaFBExecutor.h:803] Worker 4 latency: 23668 us (50%) 28735 us (75%) 32872 us (95%) 34978 us (99%).
I0314 18:53:18.861321 2005757 AriaFBExecutor.h:803] Worker 5 latency: 23694 us (50%) 28748 us (75%) 32883 us (95%) 35009 us (99%).
I0314 18:53:18.865849 2005757 AriaFBExecutor.h:803] Worker 6 latency: 23701 us (50%) 28757 us (75%) 32884 us (95%) 35010 us (99%).
I0314 18:53:18.870105 2005757 AriaFBExecutor.h:803] Worker 7 latency: 23737 us (50%) 28772 us (75%) 32880 us (95%) 35018 us (99%).
I0314 18:53:18.874325 2005757 AriaFBExecutor.h:803] Worker 8 latency: 23754 us (50%) 28782 us (75%) 32885 us (95%) 35032 us (99%).
I0314 18:53:18.878554 2005757 AriaFBExecutor.h:803] Worker 9 latency: 23767 us (50%) 28785 us (75%) 32886 us (95%) 35017 us (99%).
I0314 18:53:18.882791 2005757 AriaFBExecutor.h:803] Worker 10 latency: 23785 us (50%) 28797 us (75%) 32889 us (95%) 35045 us (99%).
I0314 18:53:18.886988 2005757 AriaFBExecutor.h:803] Worker 11 latency: 23804 us (50%) 28807 us (75%) 32895 us (95%) 35042 us (99%).
I0314 18:53:18.891202 2005757 Coordinator.h:177] total commit: 28713.2
I0314 18:53:19.891404 2005757 Coordinator.h:192] Coordinator exits.
