I0314 18:38:34.802150 1999895 Database.h:65] ycsb initialization finished in 101 milliseconds.
I0314 18:38:34.802371 1999895 Coordinator.h:30] Coordinator initializes 12 workers.
I0314 18:38:34.842531 1999895 Coordinator.h:77] Coordinator starts to run 13 workers.
I0314 18:38:34.842613 1999911 AriaExecutor.h:91] AriaExecutor 0 started. 
I0314 18:38:34.842672 1999912 AriaExecutor.h:91] AriaExecutor 1 started. 
I0314 18:38:34.842769 1999913 AriaExecutor.h:91] AriaExecutor 2 started. 
I0314 18:38:34.842829 1999914 AriaExecutor.h:91] AriaExecutor 3 started. 
I0314 18:38:34.842913 1999915 AriaExecutor.h:91] AriaExecutor 4 started. 
I0314 18:38:34.843032 1999916 AriaExecutor.h:91] AriaExecutor 5 started. 
I0314 18:38:34.843042 1999917 AriaExecutor.h:91] AriaExecutor 6 started. 
I0314 18:38:34.843151 1999918 AriaExecutor.h:91] AriaExecutor 7 started. 
I0314 18:38:34.843163 1999919 AriaExecutor.h:91] AriaExecutor 8 started. 
I0314 18:38:34.843271 1999920 AriaExecutor.h:91] AriaExecutor 9 started. 
I0314 18:38:34.843315 1999921 AriaExecutor.h:91] AriaExecutor 10 started. 
I0314 18:38:34.843426 1999922 AriaExecutor.h:91] AriaExecutor 11 started. 
I0314 18:38:34.843478 1999923 Manager.h:224] Manager(worker id = 12) on the coordinator node started.
I0314 18:38:35.843524 1999895 Coordinator.h:126] commit: 227 abort: 88773 (0/88773/0), network size: 0, avg network size: 0, si_in_serializable: 0 0 %, local: 0 %
I0314 18:38:36.843708 1999895 Coordinator.h:126] commit: 285 abort: 93715 (0/93715/0), network size: 0, avg network size: 0, si_in_serializable: 0 0 %, local: 0 %
I0314 18:38:37.843912 1999895 Coordinator.h:126] commit: 289 abort: 94711 (0/94711/0), network size: 0, avg network size: 0, si_in_serializable: 0 0 %, local: 0 %
I0314 18:38:38.844058 1999895 Coordinator.h:126] commit: 322 abort: 92678 (0/92678/0), network size: 0, avg network size: 0, si_in_serializable: 0 0 %, local: 0 %
I0314 18:38:39.844178 1999895 Coordinator.h:126] commit: 387 abort: 91613 (0/91613/0), network size: 0, avg network size: 0, si_in_serializable: 0 0 %, local: 0 %
I0314 18:38:40.844295 1999895 Coordinator.h:126] commit: 394 abort: 88606 (0/88606/0), network size: 0, avg network size: 0, si_in_serializable: 0 0 %, local: 0 %
I0314 18:38:41.844414 1999895 Coordinator.h:126] commit: 416 abort: 87584 (0/87584/0), network size: 0, avg network size: 0, si_in_serializable: 0 0 %, local: 0 %
I0314 18:38:42.844594 1999895 Coordinator.h:126] commit: 685 abort: 86315 (0/86315/0), network size: 0, avg network size: 0, si_in_serializable: 0 0 %, local: 0 %
I0314 18:38:43.844727 1999895 Coordinator.h:126] commit: 905 abort: 87095 (0/87095/0), network size: 0, avg network size: 0, si_in_serializable: 0 0 %, local: 0 %
I0314 18:38:44.844838 1999895 Coordinator.h:126] commit: 910 abort: 89090 (0/89090/0), network size: 0, avg network size: 0, si_in_serializable: 0 0 %, local: 0 %
I0314 18:38:45.844955 1999895 Coordinator.h:126] commit: 910 abort: 89090 (0/89090/0), network size: 0, avg network size: 0, si_in_serializable: 0 0 %, local: 0 %
I0314 18:38:46.845079 1999895 Coordinator.h:126] commit: 872 abort: 89128 (0/89128/0), network size: 0, avg network size: 0, si_in_serializable: 0 0 %, local: 0 %
I0314 18:38:47.845199 1999895 Coordinator.h:126] commit: 868 abort: 87132 (0/87132/0), network size: 0, avg network size: 0, si_in_serializable: 0 0 %, local: 0 %
I0314 18:38:48.845338 1999895 Coordinator.h:126] commit: 851 abort: 88149 (0/88149/0), network size: 0, avg network size: 0, si_in_serializable: 0 0 %, local: 0 %
I0314 18:38:49.845471 1999895 Coordinator.h:126] commit: 863 abort: 86137 (0/86137/0), network size: 0, avg network size: 0, si_in_serializable: 0 0 %, local: 0 %
I0314 18:38:50.845589 1999895 Coordinator.h:126] commit: 857 abort: 87143 (0/87143/0), network size: 0, avg network size: 0, si_in_serializable: 0 0 %, local: 0 %
I0314 18:38:51.845701 1999895 Coordinator.h:126] commit: 909 abort: 88015 (0/88015/0), network size: 0, avg network size: 0, si_in_serializable: 0 0 %, local: 0 %
I0314 18:38:52.845814 1999895 Coordinator.h:126] commit: 875 abort: 86201 (0/86201/0), network size: 0, avg network size: 0, si_in_serializable: 0 0 %, local: 0 %
I0314 18:38:53.846001 1999895 Coordinator.h:126] commit: 850 abort: 87150 (0/87150/0), network size: 0, avg network size: 0, si_in_serializable: 0 0 %, local: 0 %
I0314 18:38:54.846143 1999895 Coordinator.h:126] commit: 898 abort: 87102 (0/87102/0), network size: 0, avg network size: 0, si_in_serializable: 0 0 %, local: 0 %
I0314 18:38:55.846266 1999895 Coordinator.h:126] commit: 849 abort: 87151 (0/87151/0), network size: 0, avg network size: 0, si_in_serializable: 0 0 %, local: 0 %
I0314 18:38:56.846387 1999895 Coordinator.h:126] commit: 891 abort: 87109 (0/87109/0), network size: 0, avg network size: 0, si_in_serializable: 0 0 %, local: 0 %
I0314 18:38:57.846508 1999895 Coordinator.h:126] commit: 877 abort: 87123 (0/87123/0), network size: 0, avg network size: 0, si_in_serializable: 0 0 %, local: 0 %
I0314 18:38:58.846640 1999895 Coordinator.h:126] commit: 897 abort: 89103 (0/89103/0), network size: 0, avg network size: 0, si_in_serializable: 0 0 %, local: 0 %
I0314 18:38:59.846764 1999895 Coordinator.h:126] commit: 860 abort: 88140 (0/88140/0), network size: 0, avg network size: 0, si_in_serializable: 0 0 %, local: 0 %
I0314 18:38:59.846808 1999895 Coordinator.h:152] average commit: 875.3 abort: 87524.7 (0/87524.7/0), network size: 0, avg network size: 0, si_in_serializable: 0 0 %, local: 0 %
I0314 18:38:59.846856 1999895 AriaExecutor.h:649] Worker 0 latency: 1189491 us (50%) 1274645 us (75%) 5563487 us (95%) 7233902 us (99%).
I0314 18:38:59.855150 1999914 AriaExecutor.h:103] AriaExecutor 3 exits. 
I0314 18:38:59.855151 1999922 AriaExecutor.h:103] AriaExecutor 11 exits. 
I0314 18:38:59.855159 1999919 AriaExecutor.h:103] AriaExecutor 8 exits. 
I0314 18:38:59.855151 1999921 AriaExecutor.h:103] AriaExecutor 10 exits. 
I0314 18:38:59.855151 1999911 AriaExecutor.h:103] AriaExecutor 0 exits. 
I0314 18:38:59.855161 1999920 AriaExecutor.h:103] AriaExecutor 9 exits. 
I0314 18:38:59.855151 1999917 AriaExecutor.h:103] AriaExecutor 6 exits. 
I0314 18:38:59.855175 1999923 Manager.h:227] Manager(worker id = 12) on the coordinator node exits.
I0314 18:38:59.855151 1999916 AriaExecutor.h:103] AriaExecutor 5 exits. 
I0314 18:38:59.855159 1999912 AriaExecutor.h:103] AriaExecutor 1 exits. 
I0314 18:38:59.855151 1999913 AriaExecutor.h:103] AriaExecutor 2 exits. 
I0314 18:38:59.855161 1999918 AriaExecutor.h:103] AriaExecutor 7 exits. 
I0314 18:38:59.855162 1999915 AriaExecutor.h:103] AriaExecutor 4 exits. 
I0314 18:38:59.855449 1999895 AriaExecutor.h:649] Worker 1 latency: 1177462 us (50%) 1215745 us (75%) 2351767 us (95%) 6493048 us (99%).
I0314 18:38:59.855767 1999895 AriaExecutor.h:649] Worker 2 latency: 1169887 us (50%) 1210012 us (75%) 2097647 us (95%) 5462955 us (99%).
I0314 18:38:59.856036 1999895 AriaExecutor.h:649] Worker 3 latency: 1168469 us (50%) 1208222 us (75%) 2073407 us (95%) 3139155 us (99%).
I0314 18:38:59.856297 1999895 AriaExecutor.h:649] Worker 4 latency: 1164028 us (50%) 1201835 us (75%) 2070751 us (95%) 3898489 us (99%).
I0314 18:38:59.856556 1999895 AriaExecutor.h:649] Worker 5 latency: 1157601 us (50%) 1201427 us (75%) 2097928 us (95%) 2466231 us (99%).
I0314 18:38:59.856796 1999895 AriaExecutor.h:649] Worker 6 latency: 1157147 us (50%) 1197125 us (75%) 2044365 us (95%) 2461802 us (99%).
I0314 18:38:59.856997 1999895 AriaExecutor.h:649] Worker 7 latency: 1152476 us (50%) 1190361 us (75%) 2051636 us (95%) 2511859 us (99%).
I0314 18:38:59.857179 1999895 AriaExecutor.h:649] Worker 8 latency: 1154681 us (50%) 1190621 us (75%) 2060489 us (95%) 2556604 us (99%).
I0314 18:38:59.857339 1999895 AriaExecutor.h:649] Worker 9 latency: 1150179 us (50%) 1189004 us (75%) 2061487 us (95%) 2480721 us (99%).
I0314 18:38:59.857507 1999895 AriaExecutor.h:649] Worker 10 latency: 1148631 us (50%) 1186672 us (75%) 1985677 us (95%) 2390230 us (99%).
I0314 18:38:59.857649 1999895 AriaExecutor.h:649] Worker 11 latency: 1140693 us (50%) 1183946 us (75%) 2183848 us (95%) 2431650 us (99%).
I0314 18:38:59.857841 1999895 Coordinator.h:177] total commit: 875.3
I0314 18:39:00.858050 1999895 Coordinator.h:192] Coordinator exits.
