I0314 19:19:55.850234 2016376 Database.h:65] ycsb initialization finished in 98 milliseconds.
I0314 19:19:55.850457 2016376 Coordinator.h:30] Coordinator initializes 12 workers.
I0314 19:19:55.888545 2016376 Coordinator.h:77] Coordinator starts to run 13 workers.
I0314 19:19:55.888630 2016395 AriaExecutor.h:94] AriaExecutor 0 started. 
I0314 19:19:55.888760 2016396 AriaExecutor.h:94] AriaExecutor 1 started. 
I0314 19:19:55.888787 2016397 AriaExecutor.h:94] AriaExecutor 2 started. 
I0314 19:19:55.888911 2016398 AriaExecutor.h:94] AriaExecutor 3 started. 
I0314 19:19:55.889034 2016399 AriaExecutor.h:94] AriaExecutor 4 started. 
I0314 19:19:55.889089 2016400 AriaExecutor.h:94] AriaExecutor 5 started. 
I0314 19:19:55.889183 2016401 AriaExecutor.h:94] AriaExecutor 6 started. 
I0314 19:19:55.889307 2016402 AriaExecutor.h:94] AriaExecutor 7 started. 
I0314 19:19:55.889430 2016403 AriaExecutor.h:94] AriaExecutor 8 started. 
I0314 19:19:55.889475 2016404 AriaExecutor.h:94] AriaExecutor 9 started. 
I0314 19:19:55.889573 2016405 AriaExecutor.h:94] AriaExecutor 10 started. 
I0314 19:19:55.889634 2016406 AriaExecutor.h:94] AriaExecutor 11 started. 
I0314 19:19:55.889725 2016407 Manager.h:224] Manager(worker id = 12) on the coordinator node started.
I0314 19:19:56.889776 2016376 Coordinator.h:126] commit: 3167 abort: 148833 (0/148833/0), network size: 0, avg network size: 0, si_in_serializable: 0 0 %, local: 0 %
I0314 19:19:57.889943 2016376 Coordinator.h:126] commit: 5695 abort: 151305 (0/151305/0), network size: 0, avg network size: 0, si_in_serializable: 0 0 %, local: 0 %
I0314 19:19:58.890133 2016376 Coordinator.h:126] commit: 6729 abort: 151271 (0/151271/0), network size: 0, avg network size: 0, si_in_serializable: 0 0 %, local: 0 %
I0314 19:19:59.890276 2016376 Coordinator.h:126] commit: 6881 abort: 152119 (0/152119/0), network size: 0, avg network size: 0, si_in_serializable: 0 0 %, local: 0 %
I0314 19:20:00.890408 2016376 Coordinator.h:126] commit: 6991 abort: 155009 (0/155009/0), network size: 0, avg network size: 0, si_in_serializable: 0 0 %, local: 0 %
I0314 19:20:01.890544 2016376 Coordinator.h:126] commit: 6883 abort: 155117 (0/155117/0), network size: 0, avg network size: 0, si_in_serializable: 0 0 %, local: 0 %
I0314 19:20:02.890689 2016376 Coordinator.h:126] commit: 6935 abort: 157065 (0/157065/0), network size: 0, avg network size: 0, si_in_serializable: 0 0 %, local: 0 %
I0314 19:20:03.890815 2016376 Coordinator.h:126] commit: 6812 abort: 153188 (0/153188/0), network size: 0, avg network size: 0, si_in_serializable: 0 0 %, local: 0 %
I0314 19:20:04.890944 2016376 Coordinator.h:126] commit: 6847 abort: 154153 (0/154153/0), network size: 0, avg network size: 0, si_in_serializable: 0 0 %, local: 0 %
I0314 19:20:05.891150 2016376 Coordinator.h:126] commit: 6846 abort: 153154 (0/153154/0), network size: 0, avg network size: 0, si_in_serializable: 0 0 %, local: 0 %
I0314 19:20:06.891316 2016376 Coordinator.h:126] commit: 6726 abort: 152274 (0/152274/0), network size: 0, avg network size: 0, si_in_serializable: 0 0 %, local: 0 %
I0314 19:20:07.891456 2016376 Coordinator.h:126] commit: 6818 abort: 151182 (0/151182/0), network size: 0, avg network size: 0, si_in_serializable: 0 0 %, local: 0 %
I0314 19:20:08.891587 2016376 Coordinator.h:126] commit: 7030 abort: 151970 (0/151970/0), network size: 0, avg network size: 0, si_in_serializable: 0 0 %, local: 0 %
I0314 19:20:09.891716 2016376 Coordinator.h:126] commit: 6845 abort: 150155 (0/150155/0), network size: 0, avg network size: 0, si_in_serializable: 0 0 %, local: 0 %
I0314 19:20:10.891848 2016376 Coordinator.h:126] commit: 6853 abort: 154147 (0/154147/0), network size: 0, avg network size: 0, si_in_serializable: 0 0 %, local: 0 %
I0314 19:20:11.891980 2016376 Coordinator.h:126] commit: 6749 abort: 156251 (0/156251/0), network size: 0, avg network size: 0, si_in_serializable: 0 0 %, local: 0 %
I0314 19:20:12.892122 2016376 Coordinator.h:126] commit: 6860 abort: 154140 (0/154140/0), network size: 0, avg network size: 0, si_in_serializable: 0 0 %, local: 0 %
I0314 19:20:13.892313 2016376 Coordinator.h:126] commit: 6925 abort: 157075 (0/157075/0), network size: 0, avg network size: 0, si_in_serializable: 0 0 %, local: 0 %
I0314 19:20:14.892437 2016376 Coordinator.h:126] commit: 7017 abort: 158983 (0/158983/0), network size: 0, avg network size: 0, si_in_serializable: 0 0 %, local: 0 %
I0314 19:20:15.892560 2016376 Coordinator.h:126] commit: 6720 abort: 157280 (0/157280/0), network size: 0, avg network size: 0, si_in_serializable: 0 0 %, local: 0 %
I0314 19:20:16.892693 2016376 Coordinator.h:126] commit: 7040 abort: 159960 (0/159960/0), network size: 0, avg network size: 0, si_in_serializable: 0 0 %, local: 0 %
I0314 19:20:17.892889 2016376 Coordinator.h:126] commit: 7071 abort: 159929 (0/159929/0), network size: 0, avg network size: 0, si_in_serializable: 0 0 %, local: 0 %
I0314 19:20:18.893040 2016376 Coordinator.h:126] commit: 7031 abort: 159969 (0/159969/0), network size: 0, avg network size: 0, si_in_serializable: 0 0 %, local: 0 %
I0314 19:20:19.893173 2016376 Coordinator.h:126] commit: 7015 abort: 160985 (0/160985/0), network size: 0, avg network size: 0, si_in_serializable: 0 0 %, local: 0 %
I0314 19:20:20.893301 2016376 Coordinator.h:126] commit: 6949 abort: 160051 (0/160051/0), network size: 0, avg network size: 0, si_in_serializable: 0 0 %, local: 0 %
I0314 19:20:20.893352 2016376 Coordinator.h:152] average commit: 6854.3 abort: 154346 (0/154346/0), network size: 0, avg network size: 0, si_in_serializable: 0 0 %, local: 0 %
I0314 19:20:20.896700 2016398 AriaExecutor.h:106] AriaExecutor 3 exits. 
I0314 19:20:20.896721 2016407 Manager.h:227] Manager(worker id = 12) on the coordinator node exits.
I0314 19:20:20.896706 2016401 AriaExecutor.h:106] AriaExecutor 6 exits. 
I0314 19:20:20.896713 2016400 AriaExecutor.h:106] AriaExecutor 5 exits. 
I0314 19:20:20.896715 2016404 AriaExecutor.h:106] AriaExecutor 9 exits. 
I0314 19:20:20.896716 2016405 AriaExecutor.h:106] AriaExecutor 10 exits. 
I0314 19:20:20.896715 2016406 AriaExecutor.h:106] AriaExecutor 11 exits. 
I0314 19:20:20.896700 2016395 AriaExecutor.h:106] AriaExecutor 0 exits. 
I0314 19:20:20.896703 2016403 AriaExecutor.h:106] AriaExecutor 8 exits. 
I0314 19:20:20.896713 2016402 AriaExecutor.h:106] AriaExecutor 7 exits. 
I0314 19:20:20.896700 2016397 AriaExecutor.h:106] AriaExecutor 2 exits. 
I0314 19:20:20.896713 2016399 AriaExecutor.h:106] AriaExecutor 4 exits. 
I0314 19:20:20.896700 2016396 AriaExecutor.h:106] AriaExecutor 1 exits. 
I0314 19:20:20.893395 2016376 AriaExecutor.h:646] Worker 0 latency: 153953 us (50%) 256049 us (75%) 334024 us (95%) 726608 us (99%).
I0314 19:20:20.902457 2016376 AriaExecutor.h:646] Worker 1 latency: 141757 us (50%) 244893 us (75%) 327763 us (95%) 397138 us (99%).
I0314 19:20:20.904958 2016376 AriaExecutor.h:646] Worker 2 latency: 133470 us (50%) 218742 us (75%) 317849 us (95%) 353507 us (99%).
I0314 19:20:20.907250 2016376 AriaExecutor.h:646] Worker 3 latency: 129111 us (50%) 211644 us (75%) 309990 us (95%) 339632 us (99%).
I0314 19:20:20.908596 2016376 AriaExecutor.h:646] Worker 4 latency: 122917 us (50%) 203944 us (75%) 304563 us (95%) 332541 us (99%).
I0314 19:20:20.909966 2016376 AriaExecutor.h:646] Worker 5 latency: 123027 us (50%) 202089 us (75%) 296997 us (95%) 328753 us (99%).
I0314 19:20:20.911572 2016376 AriaExecutor.h:646] Worker 6 latency: 123274 us (50%) 198671 us (75%) 294859 us (95%) 324545 us (99%).
I0314 19:20:20.913007 2016376 AriaExecutor.h:646] Worker 7 latency: 119647 us (50%) 192628 us (75%) 291494 us (95%) 322461 us (99%).
I0314 19:20:20.914258 2016376 AriaExecutor.h:646] Worker 8 latency: 116645 us (50%) 192098 us (75%) 290777 us (95%) 317291 us (99%).
I0314 19:20:20.915448 2016376 AriaExecutor.h:646] Worker 9 latency: 116888 us (50%) 190804 us (75%) 285656 us (95%) 315605 us (99%).
I0314 19:20:20.916651 2016376 AriaExecutor.h:646] Worker 10 latency: 113664 us (50%) 187345 us (75%) 284638 us (95%) 315047 us (99%).
I0314 19:20:20.917411 2016376 AriaExecutor.h:646] Worker 11 latency: 116724 us (50%) 188703 us (75%) 278019 us (95%) 310429 us (99%).
I0314 19:20:20.918294 2016376 Coordinator.h:177] total commit: 6854.3
I0314 19:20:21.918497 2016376 Coordinator.h:192] Coordinator exits.
