I0314 18:49:20.427295 2004440 Database.h:65] ycsb initialization finished in 99 milliseconds.
I0314 18:49:20.427532 2004440 Coordinator.h:30] Coordinator initializes 12 workers.
I0314 18:49:20.463721 2004440 Coordinator.h:77] Coordinator starts to run 13 workers.
I0314 18:49:20.463821 2004456 AriaFBExecutor.h:86] AriaFBExecutor 0 started. 
I0314 18:49:20.463868 2004457 AriaFBExecutor.h:86] AriaFBExecutor 1 started. 
I0314 18:49:20.463982 2004458 AriaFBExecutor.h:86] AriaFBExecutor 2 started. 
I0314 18:49:20.464104 2004459 AriaFBExecutor.h:86] AriaFBExecutor 3 started. 
I0314 18:49:20.464221 2004460 AriaFBExecutor.h:86] AriaFBExecutor 4 started. 
I0314 18:49:20.464354 2004461 AriaFBExecutor.h:86] AriaFBExecutor 5 started. 
I0314 18:49:20.464473 2004462 AriaFBExecutor.h:86] AriaFBExecutor 6 started. 
I0314 18:49:20.464596 2004463 AriaFBExecutor.h:86] AriaFBExecutor 7 started. 
I0314 18:49:20.464715 2004464 AriaFBExecutor.h:86] AriaFBExecutor 8 started. 
I0314 18:49:20.464834 2004465 AriaFBExecutor.h:86] AriaFBExecutor 9 started. 
I0314 18:49:20.464890 2004466 AriaFBExecutor.h:86] AriaFBExecutor 10 started. 
I0314 18:49:20.464975 2004467 AriaFBExecutor.h:86] AriaFBExecutor 11 started. 
I0314 18:49:20.465092 2004468 Manager.h:224] Manager(worker id = 12) on the coordinator node started.
I0314 18:49:21.465118 2004440 Coordinator.h:126] commit: 26052 abort: 22891 (0/22891/0), network size: 0, avg network size: 0, si_in_serializable: 0 0 %, local: 0 %
I0314 18:49:22.465271 2004440 Coordinator.h:126] commit: 28944 abort: 25485 (0/25485/0), network size: 0, avg network size: 0, si_in_serializable: 0 0 %, local: 0 %
I0314 18:49:23.465463 2004440 Coordinator.h:126] commit: 31213 abort: 28128 (0/28128/0), network size: 0, avg network size: 0, si_in_serializable: 0 0 %, local: 0 %
I0314 18:49:24.465615 2004440 Coordinator.h:126] commit: 31791 abort: 27198 (0/27198/0), network size: 0, avg network size: 0, si_in_serializable: 0 0 %, local: 0 %
I0314 18:49:25.465759 2004440 Coordinator.h:126] commit: 32000 abort: 28067 (0/28067/0), network size: 0, avg network size: 0, si_in_serializable: 0 0 %, local: 0 %
I0314 18:49:26.465901 2004440 Coordinator.h:126] commit: 31000 abort: 27254 (0/27254/0), network size: 0, avg network size: 0, si_in_serializable: 0 0 %, local: 0 %
I0314 18:49:27.466037 2004440 Coordinator.h:126] commit: 32000 abort: 28115 (0/28115/0), network size: 0, avg network size: 0, si_in_serializable: 0 0 %, local: 0 %
I0314 18:49:28.466234 2004440 Coordinator.h:126] commit: 32000 abort: 28095 (0/28095/0), network size: 0, avg network size: 0, si_in_serializable: 0 0 %, local: 0 %
I0314 18:49:29.466382 2004440 Coordinator.h:126] commit: 32000 abort: 28034 (0/28034/0), network size: 0, avg network size: 0, si_in_serializable: 0 0 %, local: 0 %
I0314 18:49:30.466531 2004440 Coordinator.h:126] commit: 31597 abort: 28081 (0/28081/0), network size: 0, avg network size: 0, si_in_serializable: 0 0 %, local: 0 %
I0314 18:49:31.466677 2004440 Coordinator.h:126] commit: 31705 abort: 28090 (0/28090/0), network size: 0, avg network size: 0, si_in_serializable: 0 0 %, local: 0 %
I0314 18:49:32.466806 2004440 Coordinator.h:126] commit: 31698 abort: 27237 (0/27237/0), network size: 0, avg network size: 0, si_in_serializable: 0 0 %, local: 0 %
I0314 18:49:33.466919 2004440 Coordinator.h:126] commit: 32000 abort: 28112 (0/28112/0), network size: 0, avg network size: 0, si_in_serializable: 0 0 %, local: 0 %
I0314 18:49:34.467041 2004440 Coordinator.h:126] commit: 31690 abort: 28213 (0/28213/0), network size: 0, avg network size: 0, si_in_serializable: 0 0 %, local: 0 %
I0314 18:49:35.467178 2004440 Coordinator.h:126] commit: 31650 abort: 28095 (0/28095/0), network size: 0, avg network size: 0, si_in_serializable: 0 0 %, local: 0 %
I0314 18:49:36.467329 2004440 Coordinator.h:126] commit: 31660 abort: 27250 (0/27250/0), network size: 0, avg network size: 0, si_in_serializable: 0 0 %, local: 0 %
I0314 18:49:37.467460 2004440 Coordinator.h:126] commit: 31129 abort: 28112 (0/28112/0), network size: 0, avg network size: 0, si_in_serializable: 0 0 %, local: 0 %
I0314 18:49:38.467585 2004440 Coordinator.h:126] commit: 31871 abort: 27199 (0/27199/0), network size: 0, avg network size: 0, si_in_serializable: 0 0 %, local: 0 %
I0314 18:49:39.467708 2004440 Coordinator.h:126] commit: 32000 abort: 28172 (0/28172/0), network size: 0, avg network size: 0, si_in_serializable: 0 0 %, local: 0 %
I0314 18:49:40.467895 2004440 Coordinator.h:126] commit: 31720 abort: 28121 (0/28121/0), network size: 0, avg network size: 0, si_in_serializable: 0 0 %, local: 0 %
I0314 18:49:41.468050 2004440 Coordinator.h:126] commit: 31746 abort: 28115 (0/28115/0), network size: 0, avg network size: 0, si_in_serializable: 0 0 %, local: 0 %
I0314 18:49:42.468205 2004440 Coordinator.h:126] commit: 31534 abort: 27256 (0/27256/0), network size: 0, avg network size: 0, si_in_serializable: 0 0 %, local: 0 %
I0314 18:49:43.468360 2004440 Coordinator.h:126] commit: 32000 abort: 28103 (0/28103/0), network size: 0, avg network size: 0, si_in_serializable: 0 0 %, local: 0 %
I0314 18:49:44.468490 2004440 Coordinator.h:126] commit: 31829 abort: 28168 (0/28168/0), network size: 0, avg network size: 0, si_in_serializable: 0 0 %, local: 0 %
I0314 18:49:45.468619 2004440 Coordinator.h:126] commit: 31916 abort: 28041 (0/28041/0), network size: 0, avg network size: 0, si_in_serializable: 0 0 %, local: 0 %
I0314 18:49:45.468670 2004440 Coordinator.h:152] average commit: 31712.3 abort: 27860.1 (0/27860.1/0), network size: 0, avg network size: 0, si_in_serializable: 0 0 %, local: 0 %
I0314 18:49:45.468714 2004440 AriaFBExecutor.h:803] Worker 0 latency: 13927 us (50%) 13993 us (75%) 14598 us (95%) 16942 us (99%).
I0314 18:49:45.473167 2004459 AriaFBExecutor.h:95] AriaFBExecutor 3 exits. 
I0314 18:49:45.473167 2004465 AriaFBExecutor.h:95] AriaFBExecutor 9 exits. 
I0314 18:49:45.473171 2004466 AriaFBExecutor.h:95] AriaFBExecutor 10 exits. 
I0314 18:49:45.473176 2004467 AriaFBExecutor.h:95] AriaFBExecutor 11 exits. 
I0314 18:49:45.473178 2004458 AriaFBExecutor.h:95] AriaFBExecutor 2 exits. 
I0314 18:49:45.473178 2004461 AriaFBExecutor.h:95] AriaFBExecutor 5 exits. 
I0314 18:49:45.473179 2004456 AriaFBExecutor.h:95] AriaFBExecutor 0 exits. 
I0314 18:49:45.473167 2004462 AriaFBExecutor.h:95] AriaFBExecutor 6 exits. 
I0314 18:49:45.473186 2004463 AriaFBExecutor.h:95] AriaFBExecutor 7 exits. 
I0314 18:49:45.473167 2004464 AriaFBExecutor.h:95] AriaFBExecutor 8 exits. 
I0314 18:49:45.473176 2004457 AriaFBExecutor.h:95] AriaFBExecutor 1 exits. 
I0314 18:49:45.473167 2004460 AriaFBExecutor.h:95] AriaFBExecutor 4 exits. 
I0314 18:49:45.473181 2004468 Manager.h:227] Manager(worker id = 12) on the coordinator node exits.
I0314 18:49:45.473490 2004440 AriaFBExecutor.h:803] Worker 1 latency: 21768 us (50%) 26136 us (75%) 29697 us (95%) 31837 us (99%).
I0314 18:49:45.485019 2004440 AriaFBExecutor.h:803] Worker 2 latency: 21797 us (50%) 26149 us (75%) 29703 us (95%) 31892 us (99%).
I0314 18:49:45.494184 2004440 AriaFBExecutor.h:803] Worker 3 latency: 21815 us (50%) 26159 us (75%) 29695 us (95%) 31859 us (99%).
I0314 18:49:45.500993 2004440 AriaFBExecutor.h:803] Worker 4 latency: 21833 us (50%) 26167 us (75%) 29699 us (95%) 31877 us (99%).
I0314 18:49:45.505893 2004440 AriaFBExecutor.h:803] Worker 5 latency: 21857 us (50%) 26179 us (75%) 29701 us (95%) 31895 us (99%).
I0314 18:49:45.510619 2004440 AriaFBExecutor.h:803] Worker 6 latency: 21866 us (50%) 26180 us (75%) 29702 us (95%) 31895 us (99%).
I0314 18:49:45.514778 2004440 AriaFBExecutor.h:803] Worker 7 latency: 21882 us (50%) 26193 us (75%) 29703 us (95%) 31905 us (99%).
I0314 18:49:45.518882 2004440 AriaFBExecutor.h:803] Worker 8 latency: 21919 us (50%) 26209 us (75%) 29713 us (95%) 31918 us (99%).
I0314 18:49:45.523025 2004440 AriaFBExecutor.h:803] Worker 9 latency: 21904 us (50%) 26198 us (75%) 29708 us (95%) 31905 us (99%).
I0314 18:49:45.527235 2004440 AriaFBExecutor.h:803] Worker 10 latency: 21925 us (50%) 26213 us (75%) 29708 us (95%) 31911 us (99%).
I0314 18:49:45.531342 2004440 AriaFBExecutor.h:803] Worker 11 latency: 21951 us (50%) 26230 us (75%) 29709 us (95%) 31932 us (99%).
I0314 18:49:45.535475 2004440 Coordinator.h:177] total commit: 31712.3
I0314 18:49:46.535681 2004440 Coordinator.h:192] Coordinator exits.
