I0314 19:40:03.516782 2024186 Database.h:65] ycsb initialization finished in 98 milliseconds.
I0314 19:40:03.517020 2024186 Coordinator.h:30] Coordinator initializes 12 workers.
I0314 19:40:03.625804 2024186 Coordinator.h:77] Coordinator starts to run 13 workers.
I0314 19:40:03.625910 2024202 AriaFBExecutor.h:86] AriaFBExecutor 0 started. 
I0314 19:40:03.625947 2024203 AriaFBExecutor.h:86] AriaFBExecutor 1 started. 
I0314 19:40:03.626066 2024204 AriaFBExecutor.h:86] AriaFBExecutor 2 started. 
I0314 19:40:03.626190 2024205 AriaFBExecutor.h:86] AriaFBExecutor 3 started. 
I0314 19:40:03.626245 2024206 AriaFBExecutor.h:86] AriaFBExecutor 4 started. 
I0314 19:40:03.626327 2024207 AriaFBExecutor.h:86] AriaFBExecutor 5 started. 
I0314 19:40:03.626446 2024208 AriaFBExecutor.h:86] AriaFBExecutor 6 started. 
I0314 19:40:03.626567 2024209 AriaFBExecutor.h:86] AriaFBExecutor 7 started. 
I0314 19:40:03.626613 2024210 AriaFBExecutor.h:86] AriaFBExecutor 8 started. 
I0314 19:40:03.626705 2024211 AriaFBExecutor.h:86] AriaFBExecutor 9 started. 
I0314 19:40:03.626760 2024212 AriaFBExecutor.h:86] AriaFBExecutor 10 started. 
I0314 19:40:03.626856 2024213 AriaFBExecutor.h:86] AriaFBExecutor 11 started. 
I0314 19:40:03.626979 2024214 Manager.h:224] Manager(worker id = 12) on the coordinator node started.
I0314 19:40:04.626989 2024186 Coordinator.h:126] commit: 12875 abort: 15920 (0/15920/0), network size: 0, avg network size: 0, si_in_serializable: 0 0 %, local: 0 %
I0314 19:40:05.627151 2024186 Coordinator.h:126] commit: 14156 abort: 11943 (0/11943/0), network size: 0, avg network size: 0, si_in_serializable: 0 0 %, local: 0 %
I0314 19:40:06.627336 2024186 Coordinator.h:126] commit: 15756 abort: 15932 (0/15932/0), network size: 0, avg network size: 0, si_in_serializable: 0 0 %, local: 0 %
I0314 19:40:07.627483 2024186 Coordinator.h:126] commit: 16050 abort: 15936 (0/15936/0), network size: 0, avg network size: 0, si_in_serializable: 0 0 %, local: 0 %
I0314 19:40:08.627614 2024186 Coordinator.h:126] commit: 15948 abort: 15929 (0/15929/0), network size: 0, avg network size: 0, si_in_serializable: 0 0 %, local: 0 %
I0314 19:40:09.627749 2024186 Coordinator.h:126] commit: 15545 abort: 15926 (0/15926/0), network size: 0, avg network size: 0, si_in_serializable: 0 0 %, local: 0 %
I0314 19:40:10.627940 2024186 Coordinator.h:126] commit: 16070 abort: 15932 (0/15932/0), network size: 0, avg network size: 0, si_in_serializable: 0 0 %, local: 0 %
I0314 19:40:11.628088 2024186 Coordinator.h:126] commit: 15901 abort: 15932 (0/15932/0), network size: 0, avg network size: 0, si_in_serializable: 0 0 %, local: 0 %
I0314 19:40:12.628219 2024186 Coordinator.h:126] commit: 16200 abort: 15933 (0/15933/0), network size: 0, avg network size: 0, si_in_serializable: 0 0 %, local: 0 %
I0314 19:40:13.628350 2024186 Coordinator.h:126] commit: 15915 abort: 15921 (0/15921/0), network size: 0, avg network size: 0, si_in_serializable: 0 0 %, local: 0 %
I0314 19:40:14.628463 2024186 Coordinator.h:126] commit: 16023 abort: 15922 (0/15922/0), network size: 0, avg network size: 0, si_in_serializable: 0 0 %, local: 0 %
I0314 19:40:15.628582 2024186 Coordinator.h:126] commit: 15566 abort: 15903 (0/15903/0), network size: 0, avg network size: 0, si_in_serializable: 0 0 %, local: 0 %
I0314 19:40:16.628705 2024186 Coordinator.h:126] commit: 15913 abort: 15924 (0/15924/0), network size: 0, avg network size: 0, si_in_serializable: 0 0 %, local: 0 %
I0314 19:40:17.628880 2024186 Coordinator.h:126] commit: 15963 abort: 15932 (0/15932/0), network size: 0, avg network size: 0, si_in_serializable: 0 0 %, local: 0 %
I0314 19:40:18.629034 2024186 Coordinator.h:126] commit: 16075 abort: 15911 (0/15911/0), network size: 0, avg network size: 0, si_in_serializable: 0 0 %, local: 0 %
I0314 19:40:19.629158 2024186 Coordinator.h:126] commit: 16085 abort: 15940 (0/15940/0), network size: 0, avg network size: 0, si_in_serializable: 0 0 %, local: 0 %
I0314 19:40:20.629276 2024186 Coordinator.h:126] commit: 16041 abort: 15928 (0/15928/0), network size: 0, avg network size: 0, si_in_serializable: 0 0 %, local: 0 %
I0314 19:40:21.629392 2024186 Coordinator.h:126] commit: 15917 abort: 15926 (0/15926/0), network size: 0, avg network size: 0, si_in_serializable: 0 0 %, local: 0 %
I0314 19:40:22.629523 2024186 Coordinator.h:126] commit: 16112 abort: 15930 (0/15930/0), network size: 0, avg network size: 0, si_in_serializable: 0 0 %, local: 0 %
I0314 19:40:23.629653 2024186 Coordinator.h:126] commit: 16307 abort: 15926 (0/15926/0), network size: 0, avg network size: 0, si_in_serializable: 0 0 %, local: 0 %
I0314 19:40:24.629786 2024186 Coordinator.h:126] commit: 16172 abort: 15922 (0/15922/0), network size: 0, avg network size: 0, si_in_serializable: 0 0 %, local: 0 %
I0314 19:40:25.629914 2024186 Coordinator.h:126] commit: 16213 abort: 15922 (0/15922/0), network size: 0, avg network size: 0, si_in_serializable: 0 0 %, local: 0 %
I0314 19:40:26.630046 2024186 Coordinator.h:126] commit: 15902 abort: 15924 (0/15924/0), network size: 0, avg network size: 0, si_in_serializable: 0 0 %, local: 0 %
I0314 19:40:27.630175 2024186 Coordinator.h:126] commit: 15833 abort: 15917 (0/15917/0), network size: 0, avg network size: 0, si_in_serializable: 0 0 %, local: 0 %
I0314 19:40:28.630316 2024186 Coordinator.h:126] commit: 16137 abort: 15924 (0/15924/0), network size: 0, avg network size: 0, si_in_serializable: 0 0 %, local: 0 %
I0314 19:40:28.630371 2024186 Coordinator.h:152] average commit: 16000.2 abort: 15924.2 (0/15924.2/0), network size: 0, avg network size: 0, si_in_serializable: 0 0 %, local: 0 %
I0314 19:40:28.630419 2024186 AriaFBExecutor.h:803] Worker 0 latency: 53933 us (50%) 54179 us (75%) 60505 us (95%) 78486 us (99%).
I0314 19:40:28.695717 2024212 AriaFBExecutor.h:95] AriaFBExecutor 10 exits. 
I0314 19:40:28.695729 2024210 AriaFBExecutor.h:95] AriaFBExecutor 8 exits. 
I0314 19:40:28.695726 2024202 AriaFBExecutor.h:95] AriaFBExecutor 0 exits. 
I0314 19:40:28.695731 2024213 AriaFBExecutor.h:95] AriaFBExecutor 11 exits. 
I0314 19:40:28.695734 2024205 AriaFBExecutor.h:95] AriaFBExecutor 3 exits. 
I0314 19:40:28.695729 2024211 AriaFBExecutor.h:95] AriaFBExecutor 9 exits. 
I0314 19:40:28.695729 2024203 AriaFBExecutor.h:95] AriaFBExecutor 1 exits. 
I0314 19:40:28.695731 2024209 AriaFBExecutor.h:95] AriaFBExecutor 7 exits. 
I0314 19:40:28.695730 2024206 AriaFBExecutor.h:95] AriaFBExecutor 4 exits. 
I0314 19:40:28.695736 2024207 AriaFBExecutor.h:95] AriaFBExecutor 5 exits. 
I0314 19:40:28.695734 2024214 Manager.h:227] Manager(worker id = 12) on the coordinator node exits.
I0314 19:40:28.695717 2024208 AriaFBExecutor.h:95] AriaFBExecutor 6 exits. 
I0314 19:40:28.695726 2024204 AriaFBExecutor.h:95] AriaFBExecutor 2 exits. 
I0314 19:40:28.696033 2024186 AriaFBExecutor.h:803] Worker 1 latency: 152169 us (50%) 200007 us (75%) 238063 us (95%) 257984 us (99%).
I0314 19:40:28.700901 2024186 AriaFBExecutor.h:803] Worker 2 latency: 152201 us (50%) 199982 us (75%) 238070 us (95%) 258144 us (99%).
I0314 19:40:28.706012 2024186 AriaFBExecutor.h:803] Worker 3 latency: 152273 us (50%) 199993 us (75%) 238002 us (95%) 257892 us (99%).
I0314 19:40:28.709977 2024186 AriaFBExecutor.h:803] Worker 4 latency: 152374 us (50%) 200051 us (75%) 238059 us (95%) 258163 us (99%).
I0314 19:40:28.713122 2024186 AriaFBExecutor.h:803] Worker 5 latency: 152344 us (50%) 200057 us (75%) 238079 us (95%) 258198 us (99%).
I0314 19:40:28.716190 2024186 AriaFBExecutor.h:803] Worker 6 latency: 152409 us (50%) 200100 us (75%) 238056 us (95%) 258185 us (99%).
I0314 19:40:28.718950 2024186 AriaFBExecutor.h:803] Worker 7 latency: 152514 us (50%) 200138 us (75%) 238128 us (95%) 258194 us (99%).
I0314 19:40:28.721055 2024186 AriaFBExecutor.h:803] Worker 8 latency: 152523 us (50%) 200183 us (75%) 238148 us (95%) 258026 us (99%).
I0314 19:40:28.723125 2024186 AriaFBExecutor.h:803] Worker 9 latency: 152585 us (50%) 200185 us (75%) 238118 us (95%) 257973 us (99%).
I0314 19:40:28.725245 2024186 AriaFBExecutor.h:803] Worker 10 latency: 152618 us (50%) 200168 us (75%) 238127 us (95%) 257942 us (99%).
I0314 19:40:28.727315 2024186 AriaFBExecutor.h:803] Worker 11 latency: 152617 us (50%) 200182 us (75%) 238134 us (95%) 257991 us (99%).
I0314 19:40:28.729250 2024186 Coordinator.h:177] total commit: 16000.2
I0314 19:40:29.729457 2024186 Coordinator.h:192] Coordinator exits.
