I0314 18:11:02.757099 1989241 Database.h:65] ycsb initialization finished in 96 milliseconds.
I0314 18:11:02.757329 1989241 Coordinator.h:30] Coordinator initializes 12 workers.
I0314 18:11:02.866968 1989241 Coordinator.h:77] Coordinator starts to run 13 workers.
I0314 18:11:02.867059 1989257 AriaFBExecutor.h:86] AriaFBExecutor 0 started. 
I0314 18:11:02.867105 1989258 AriaFBExecutor.h:86] AriaFBExecutor 1 started. 
I0314 18:11:02.867216 1989259 AriaFBExecutor.h:86] AriaFBExecutor 2 started. 
I0314 18:11:02.867340 1989260 AriaFBExecutor.h:86] AriaFBExecutor 3 started. 
I0314 18:11:02.867460 1989261 AriaFBExecutor.h:86] AriaFBExecutor 4 started. 
I0314 18:11:02.867491 1989262 AriaFBExecutor.h:86] AriaFBExecutor 5 started. 
I0314 18:11:02.867599 1989263 AriaFBExecutor.h:86] AriaFBExecutor 6 started. 
I0314 18:11:02.867620 1989264 AriaFBExecutor.h:86] AriaFBExecutor 7 started. 
I0314 18:11:02.867739 1989265 AriaFBExecutor.h:86] AriaFBExecutor 8 started. 
I0314 18:11:02.867774 1989266 AriaFBExecutor.h:86] AriaFBExecutor 9 started. 
I0314 18:11:02.867877 1989267 AriaFBExecutor.h:86] AriaFBExecutor 10 started. 
I0314 18:11:02.867924 1989268 AriaFBExecutor.h:86] AriaFBExecutor 11 started. 
I0314 18:11:02.868018 1989269 Manager.h:224] Manager(worker id = 12) on the coordinator node started.
I0314 18:11:03.868062 1989241 Coordinator.h:126] commit: 396000 abort: 51547 (0/51547/0), network size: 0, avg network size: 0, si_in_serializable: 0 0 %, local: 0 %
I0314 18:11:04.868221 1989241 Coordinator.h:126] commit: 424000 abort: 55223 (0/55223/0), network size: 0, avg network size: 0, si_in_serializable: 0 0 %, local: 0 %
I0314 18:11:05.868408 1989241 Coordinator.h:126] commit: 444000 abort: 58125 (0/58125/0), network size: 0, avg network size: 0, si_in_serializable: 0 0 %, local: 0 %
I0314 18:11:06.868554 1989241 Coordinator.h:126] commit: 444000 abort: 58214 (0/58214/0), network size: 0, avg network size: 0, si_in_serializable: 0 0 %, local: 0 %
I0314 18:11:07.868696 1989241 Coordinator.h:126] commit: 444477 abort: 58408 (0/58408/0), network size: 0, avg network size: 0, si_in_serializable: 0 0 %, local: 0 %
I0314 18:11:08.868820 1989241 Coordinator.h:126] commit: 443521 abort: 57915 (0/57915/0), network size: 0, avg network size: 0, si_in_serializable: 0 0 %, local: 0 %
I0314 18:11:09.869006 1989241 Coordinator.h:126] commit: 448000 abort: 59054 (0/59054/0), network size: 0, avg network size: 0, si_in_serializable: 0 0 %, local: 0 %
I0314 18:11:10.869148 1989241 Coordinator.h:126] commit: 440000 abort: 58134 (0/58134/0), network size: 0, avg network size: 0, si_in_serializable: 0 0 %, local: 0 %
I0314 18:11:11.869302 1989241 Coordinator.h:126] commit: 444000 abort: 57856 (0/57856/0), network size: 0, avg network size: 0, si_in_serializable: 0 0 %, local: 0 %
I0314 18:11:12.869427 1989241 Coordinator.h:126] commit: 448000 abort: 57926 (0/57926/0), network size: 0, avg network size: 0, si_in_serializable: 0 0 %, local: 0 %
I0314 18:11:13.869542 1989241 Coordinator.h:126] commit: 448000 abort: 58852 (0/58852/0), network size: 0, avg network size: 0, si_in_serializable: 0 0 %, local: 0 %
I0314 18:11:14.869679 1989241 Coordinator.h:126] commit: 444000 abort: 57979 (0/57979/0), network size: 0, avg network size: 0, si_in_serializable: 0 0 %, local: 0 %
I0314 18:11:15.869805 1989241 Coordinator.h:126] commit: 448000 abort: 59022 (0/59022/0), network size: 0, avg network size: 0, si_in_serializable: 0 0 %, local: 0 %
I0314 18:11:16.869992 1989241 Coordinator.h:126] commit: 444000 abort: 58099 (0/58099/0), network size: 0, avg network size: 0, si_in_serializable: 0 0 %, local: 0 %
I0314 18:11:17.870137 1989241 Coordinator.h:126] commit: 428000 abort: 56230 (0/56230/0), network size: 0, avg network size: 0, si_in_serializable: 0 0 %, local: 0 %
I0314 18:11:18.870268 1989241 Coordinator.h:126] commit: 448000 abort: 58370 (0/58370/0), network size: 0, avg network size: 0, si_in_serializable: 0 0 %, local: 0 %
I0314 18:11:19.870396 1989241 Coordinator.h:126] commit: 444000 abort: 58025 (0/58025/0), network size: 0, avg network size: 0, si_in_serializable: 0 0 %, local: 0 %
I0314 18:11:20.870524 1989241 Coordinator.h:126] commit: 448000 abort: 58474 (0/58474/0), network size: 0, avg network size: 0, si_in_serializable: 0 0 %, local: 0 %
I0314 18:11:21.870656 1989241 Coordinator.h:126] commit: 448000 abort: 58477 (0/58477/0), network size: 0, avg network size: 0, si_in_serializable: 0 0 %, local: 0 %
I0314 18:11:22.870781 1989241 Coordinator.h:126] commit: 447560 abort: 58578 (0/58578/0), network size: 0, avg network size: 0, si_in_serializable: 0 0 %, local: 0 %
I0314 18:11:23.870901 1989241 Coordinator.h:126] commit: 444440 abort: 57547 (0/57547/0), network size: 0, avg network size: 0, si_in_serializable: 0 0 %, local: 0 %
I0314 18:11:24.871021 1989241 Coordinator.h:126] commit: 448000 abort: 58860 (0/58860/0), network size: 0, avg network size: 0, si_in_serializable: 0 0 %, local: 0 %
I0314 18:11:25.871158 1989241 Coordinator.h:126] commit: 444000 abort: 58094 (0/58094/0), network size: 0, avg network size: 0, si_in_serializable: 0 0 %, local: 0 %
I0314 18:11:26.871291 1989241 Coordinator.h:126] commit: 448000 abort: 58537 (0/58537/0), network size: 0, avg network size: 0, si_in_serializable: 0 0 %, local: 0 %
I0314 18:11:27.871415 1989241 Coordinator.h:126] commit: 444000 abort: 57926 (0/57926/0), network size: 0, avg network size: 0, si_in_serializable: 0 0 %, local: 0 %
I0314 18:11:27.871461 1989241 Coordinator.h:152] average commit: 444756 abort: 58210.6 (0/58210.6/0), network size: 0, avg network size: 0, si_in_serializable: 0 0 %, local: 0 %
I0314 18:11:27.879005 1989261 AriaFBExecutor.h:95] AriaFBExecutor 4 exits. 
I0314 18:11:27.879024 1989263 AriaFBExecutor.h:95] AriaFBExecutor 6 exits. 
I0314 18:11:27.879005 1989265 AriaFBExecutor.h:95] AriaFBExecutor 8 exits. 
I0314 18:11:27.879021 1989268 AriaFBExecutor.h:95] AriaFBExecutor 11 exits. 
I0314 18:11:27.879024 1989264 AriaFBExecutor.h:95] AriaFBExecutor 7 exits. 
I0314 18:11:27.879024 1989258 AriaFBExecutor.h:95] AriaFBExecutor 1 exits. 
I0314 18:11:27.879025 1989259 AriaFBExecutor.h:95] AriaFBExecutor 2 exits. 
I0314 18:11:27.879026 1989257 AriaFBExecutor.h:95] AriaFBExecutor 0 exits. 
I0314 18:11:27.879026 1989260 AriaFBExecutor.h:95] AriaFBExecutor 3 exits. 
I0314 18:11:27.879005 1989266 AriaFBExecutor.h:95] AriaFBExecutor 9 exits. 
I0314 18:11:27.879029 1989269 Manager.h:227] Manager(worker id = 12) on the coordinator node exits.
I0314 18:11:27.879019 1989267 AriaFBExecutor.h:95] AriaFBExecutor 10 exits. 
I0314 18:11:27.879026 1989262 AriaFBExecutor.h:95] AriaFBExecutor 5 exits. 
I0314 18:11:27.871506 1989241 AriaFBExecutor.h:803] Worker 0 latency: 5861 us (50%) 6956 us (75%) 7775 us (95%) 8095 us (99%).
I0314 18:11:27.930148 1989241 AriaFBExecutor.h:803] Worker 1 latency: 5807 us (50%) 6890 us (75%) 7767 us (95%) 8154 us (99%).
I0314 18:11:27.981972 1989241 AriaFBExecutor.h:803] Worker 2 latency: 5808 us (50%) 6889 us (75%) 7765 us (95%) 8109 us (99%).
I0314 18:11:28.035953 1989241 AriaFBExecutor.h:803] Worker 3 latency: 5806 us (50%) 6889 us (75%) 7765 us (95%) 8104 us (99%).
I0314 18:11:28.086956 1989241 AriaFBExecutor.h:803] Worker 4 latency: 5812 us (50%) 6889 us (75%) 7764 us (95%) 8094 us (99%).
I0314 18:11:28.138309 1989241 AriaFBExecutor.h:803] Worker 5 latency: 5813 us (50%) 6889 us (75%) 7763 us (95%) 8082 us (99%).
I0314 18:11:28.189778 1989241 AriaFBExecutor.h:803] Worker 6 latency: 5811 us (50%) 6887 us (75%) 7762 us (95%) 8076 us (99%).
I0314 18:11:28.243052 1989241 AriaFBExecutor.h:803] Worker 7 latency: 5807 us (50%) 6886 us (75%) 7761 us (95%) 8083 us (99%).
I0314 18:11:28.294445 1989241 AriaFBExecutor.h:803] Worker 8 latency: 5810 us (50%) 6887 us (75%) 7760 us (95%) 8083 us (99%).
I0314 18:11:28.346055 1989241 AriaFBExecutor.h:803] Worker 9 latency: 5804 us (50%) 6882 us (75%) 7756 us (95%) 8072 us (99%).
I0314 18:11:28.397450 1989241 AriaFBExecutor.h:803] Worker 10 latency: 5809 us (50%) 6884 us (75%) 7756 us (95%) 8075 us (99%).
I0314 18:11:28.450966 1989241 AriaFBExecutor.h:803] Worker 11 latency: 5809 us (50%) 6884 us (75%) 7755 us (95%) 8071 us (99%).
I0314 18:11:28.501663 1989241 Coordinator.h:177] total commit: 444756
I0314 18:11:29.501874 1989241 Coordinator.h:192] Coordinator exits.
