I0314 18:39:56.082931 2000552 Database.h:65] ycsb initialization finished in 97 milliseconds.
I0314 18:39:56.083150 2000552 Coordinator.h:30] Coordinator initializes 12 workers.
I0314 18:39:56.191995 2000552 Coordinator.h:77] Coordinator starts to run 13 workers.
I0314 18:39:56.192082 2000568 AriaExecutor.h:91] AriaExecutor 0 started. 
I0314 18:39:56.192127 2000569 AriaExecutor.h:91] AriaExecutor 1 started. 
I0314 18:39:56.192273 2000570 AriaExecutor.h:91] AriaExecutor 2 started. 
I0314 18:39:56.192314 2000571 AriaExecutor.h:91] AriaExecutor 3 started. 
I0314 18:39:56.192420 2000572 AriaExecutor.h:91] AriaExecutor 4 started. 
I0314 18:39:56.192539 2000573 AriaExecutor.h:91] AriaExecutor 5 started. 
I0314 18:39:56.192562 2000574 AriaExecutor.h:91] AriaExecutor 6 started. 
I0314 18:39:56.192680 2000575 AriaExecutor.h:91] AriaExecutor 7 started. 
I0314 18:39:56.192713 2000576 AriaExecutor.h:91] AriaExecutor 8 started. 
I0314 18:39:56.192790 2000577 AriaExecutor.h:91] AriaExecutor 9 started. 
I0314 18:39:56.192906 2000578 AriaExecutor.h:91] AriaExecutor 10 started. 
I0314 18:39:56.192941 2000579 AriaExecutor.h:91] AriaExecutor 11 started. 
I0314 18:39:56.193049 2000580 Manager.h:224] Manager(worker id = 12) on the coordinator node started.
I0314 18:39:57.193089 2000552 Coordinator.h:126] commit: 63136 abort: 1508864 (0/1508864/0), network size: 0, avg network size: 0, si_in_serializable: 0 0 %, local: 0 %
I0314 18:39:58.193272 2000552 Coordinator.h:126] commit: 76888 abort: 1459112 (0/1459112/0), network size: 0, avg network size: 0, si_in_serializable: 0 0 %, local: 0 %
I0314 18:39:59.193514 2000552 Coordinator.h:126] commit: 77101 abort: 1506899 (0/1506899/0), network size: 0, avg network size: 0, si_in_serializable: 0 0 %, local: 0 %
I0314 18:40:00.193672 2000552 Coordinator.h:126] commit: 78026 abort: 1501974 (0/1501974/0), network size: 0, avg network size: 0, si_in_serializable: 0 0 %, local: 0 %
I0314 18:40:01.193787 2000552 Coordinator.h:126] commit: 77907 abort: 1494093 (0/1494093/0), network size: 0, avg network size: 0, si_in_serializable: 0 0 %, local: 0 %
I0314 18:40:02.193912 2000552 Coordinator.h:126] commit: 76769 abort: 1463231 (0/1463231/0), network size: 0, avg network size: 0, si_in_serializable: 0 0 %, local: 0 %
I0314 18:40:03.194079 2000552 Coordinator.h:126] commit: 77254 abort: 1482746 (0/1482746/0), network size: 0, avg network size: 0, si_in_serializable: 0 0 %, local: 0 %
I0314 18:40:04.194304 2000552 Coordinator.h:126] commit: 76108 abort: 1463892 (0/1463892/0), network size: 0, avg network size: 0, si_in_serializable: 0 0 %, local: 0 %
I0314 18:40:05.194451 2000552 Coordinator.h:126] commit: 76373 abort: 1459627 (0/1459627/0), network size: 0, avg network size: 0, si_in_serializable: 0 0 %, local: 0 %
I0314 18:40:06.194566 2000552 Coordinator.h:126] commit: 75998 abort: 1456002 (0/1456002/0), network size: 0, avg network size: 0, si_in_serializable: 0 0 %, local: 0 %
I0314 18:40:07.194685 2000552 Coordinator.h:126] commit: 76567 abort: 1459433 (0/1459433/0), network size: 0, avg network size: 0, si_in_serializable: 0 0 %, local: 0 %
I0314 18:40:08.194816 2000552 Coordinator.h:126] commit: 76266 abort: 1431734 (0/1431734/0), network size: 0, avg network size: 0, si_in_serializable: 0 0 %, local: 0 %
I0314 18:40:09.194980 2000552 Coordinator.h:126] commit: 76839 abort: 1463161 (0/1463161/0), network size: 0, avg network size: 0, si_in_serializable: 0 0 %, local: 0 %
I0314 18:40:10.195115 2000552 Coordinator.h:126] commit: 76272 abort: 1459728 (0/1459728/0), network size: 0, avg network size: 0, si_in_serializable: 0 0 %, local: 0 %
I0314 18:40:11.195228 2000552 Coordinator.h:126] commit: 75892 abort: 1456108 (0/1456108/0), network size: 0, avg network size: 0, si_in_serializable: 0 0 %, local: 0 %
I0314 18:40:12.195359 2000552 Coordinator.h:126] commit: 77392 abort: 1458608 (0/1458608/0), network size: 0, avg network size: 0, si_in_serializable: 0 0 %, local: 0 %
I0314 18:40:13.195489 2000552 Coordinator.h:126] commit: 77104 abort: 1466896 (0/1466896/0), network size: 0, avg network size: 0, si_in_serializable: 0 0 %, local: 0 %
I0314 18:40:14.195648 2000552 Coordinator.h:126] commit: 76150 abort: 1459850 (0/1459850/0), network size: 0, avg network size: 0, si_in_serializable: 0 0 %, local: 0 %
I0314 18:40:15.195847 2000552 Coordinator.h:126] commit: 76497 abort: 1455503 (0/1455503/0), network size: 0, avg network size: 0, si_in_serializable: 0 0 %, local: 0 %
I0314 18:40:16.195986 2000552 Coordinator.h:126] commit: 75552 abort: 1464245 (0/1464245/0), network size: 0, avg network size: 0, si_in_serializable: 0 0 %, local: 0 %
I0314 18:40:17.196137 2000552 Coordinator.h:126] commit: 74911 abort: 1453291 (0/1453291/0), network size: 0, avg network size: 0, si_in_serializable: 0 0 %, local: 0 %
I0314 18:40:18.196266 2000552 Coordinator.h:126] commit: 74695 abort: 1445305 (0/1445305/0), network size: 0, avg network size: 0, si_in_serializable: 0 0 %, local: 0 %
I0314 18:40:19.196395 2000552 Coordinator.h:126] commit: 76072 abort: 1455928 (0/1455928/0), network size: 0, avg network size: 0, si_in_serializable: 0 0 %, local: 0 %
I0314 18:40:20.196537 2000552 Coordinator.h:126] commit: 75914 abort: 1460086 (0/1460086/0), network size: 0, avg network size: 0, si_in_serializable: 0 0 %, local: 0 %
I0314 18:40:21.196669 2000552 Coordinator.h:126] commit: 76415 abort: 1463585 (0/1463585/0), network size: 0, avg network size: 0, si_in_serializable: 0 0 %, local: 0 %
I0314 18:40:21.196704 2000552 Coordinator.h:152] average commit: 76453.1 abort: 1.45753e+06 (0/1.45753e+06/0), network size: 0, avg network size: 0, si_in_serializable: 0 0 %, local: 0 %
I0314 18:40:21.199213 2000573 AriaExecutor.h:103] AriaExecutor 5 exits. 
I0314 18:40:21.199229 2000577 AriaExecutor.h:103] AriaExecutor 9 exits. 
I0314 18:40:21.199213 2000579 AriaExecutor.h:103] AriaExecutor 11 exits. 
I0314 18:40:21.199213 2000578 AriaExecutor.h:103] AriaExecutor 10 exits. 
I0314 18:40:21.199229 2000569 AriaExecutor.h:103] AriaExecutor 1 exits. 
I0314 18:40:21.199229 2000575 AriaExecutor.h:103] AriaExecutor 7 exits. 
I0314 18:40:21.199213 2000572 AriaExecutor.h:103] AriaExecutor 4 exits. 
I0314 18:40:21.199227 2000571 AriaExecutor.h:103] AriaExecutor 3 exits. 
I0314 18:40:21.199231 2000574 AriaExecutor.h:103] AriaExecutor 6 exits. 
I0314 18:40:21.199221 2000580 Manager.h:227] Manager(worker id = 12) on the coordinator node exits.
I0314 18:40:21.199229 2000568 AriaExecutor.h:103] AriaExecutor 0 exits. 
I0314 18:40:21.199230 2000576 AriaExecutor.h:103] AriaExecutor 8 exits. 
I0314 18:40:21.199231 2000570 AriaExecutor.h:103] AriaExecutor 2 exits. 
I0314 18:40:21.196748 2000552 AriaExecutor.h:649] Worker 0 latency: 16634 us (50%) 93610 us (75%) 379966 us (95%) 425157 us (99%).
I0314 18:40:21.221300 2000552 AriaExecutor.h:649] Worker 1 latency: 4517 us (50%) 61783 us (75%) 240296 us (95%) 384615 us (99%).
I0314 18:40:21.232296 2000552 AriaExecutor.h:649] Worker 2 latency: 6534 us (50%) 61680 us (75%) 234659 us (95%) 373217 us (99%).
I0314 18:40:21.241822 2000552 AriaExecutor.h:649] Worker 3 latency: 4368 us (50%) 59442 us (75%) 226284 us (95%) 365117 us (99%).
I0314 18:40:21.251242 2000552 AriaExecutor.h:649] Worker 4 latency: 6864 us (50%) 63550 us (75%) 231960 us (95%) 362591 us (99%).
I0314 18:40:21.260599 2000552 AriaExecutor.h:649] Worker 5 latency: 9218 us (50%) 66494 us (75%) 240718 us (95%) 365735 us (99%).
I0314 18:40:21.270164 2000552 AriaExecutor.h:649] Worker 6 latency: 7026 us (50%) 64533 us (75%) 234687 us (95%) 362372 us (99%).
I0314 18:40:21.279656 2000552 AriaExecutor.h:649] Worker 7 latency: 6768 us (50%) 61681 us (75%) 226523 us (95%) 357114 us (99%).
I0314 18:40:21.289031 2000552 AriaExecutor.h:649] Worker 8 latency: 6657 us (50%) 61596 us (75%) 227483 us (95%) 357008 us (99%).
I0314 18:40:21.298405 2000552 AriaExecutor.h:649] Worker 9 latency: 6825 us (50%) 61423 us (75%) 225996 us (95%) 354131 us (99%).
I0314 18:40:21.307869 2000552 AriaExecutor.h:649] Worker 10 latency: 6626 us (50%) 61167 us (75%) 224333 us (95%) 348116 us (99%).
I0314 18:40:21.317304 2000552 AriaExecutor.h:649] Worker 11 latency: 12059 us (50%) 76412 us (75%) 252533 us (95%) 359035 us (99%).
I0314 18:40:21.327731 2000552 Coordinator.h:177] total commit: 76453.1
I0314 18:40:22.327922 2000552 Coordinator.h:192] Coordinator exits.
