I0314 18:12:22.679312 1989736 Database.h:65] ycsb initialization finished in 99 milliseconds.
I0314 18:12:22.679544 1989736 Coordinator.h:30] Coordinator initializes 12 workers.
I0314 18:12:22.716782 1989736 Coordinator.h:77] Coordinator starts to run 13 workers.
I0314 18:12:22.716877 1989752 AriaFBExecutor.h:86] AriaFBExecutor 0 started. 
I0314 18:12:22.716944 1989753 AriaFBExecutor.h:86] AriaFBExecutor 1 started. 
I0314 18:12:22.717036 1989754 AriaFBExecutor.h:86] AriaFBExecutor 2 started. 
I0314 18:12:22.717132 1989755 AriaFBExecutor.h:86] AriaFBExecutor 3 started. 
I0314 18:12:22.717226 1989756 AriaFBExecutor.h:86] AriaFBExecutor 4 started. 
I0314 18:12:22.717322 1989757 AriaFBExecutor.h:86] AriaFBExecutor 5 started. 
I0314 18:12:22.717411 1989758 AriaFBExecutor.h:86] AriaFBExecutor 6 started. 
I0314 18:12:22.717500 1989759 AriaFBExecutor.h:86] AriaFBExecutor 7 started. 
I0314 18:12:22.717586 1989760 AriaFBExecutor.h:86] AriaFBExecutor 8 started. 
I0314 18:12:22.717677 1989761 AriaFBExecutor.h:86] AriaFBExecutor 9 started. 
I0314 18:12:22.717772 1989762 AriaFBExecutor.h:86] AriaFBExecutor 10 started. 
I0314 18:12:22.717859 1989763 AriaFBExecutor.h:86] AriaFBExecutor 11 started. 
I0314 18:12:22.717957 1989764 Manager.h:224] Manager(worker id = 12) on the coordinator node started.
I0314 18:12:23.718005 1989736 Coordinator.h:126] commit: 334000 abort: 56599 (0/56599/0), network size: 0, avg network size: 0, si_in_serializable: 0 0 %, local: 0 %
I0314 18:12:24.718168 1989736 Coordinator.h:126] commit: 344000 abort: 58061 (0/58061/0), network size: 0, avg network size: 0, si_in_serializable: 0 0 %, local: 0 %
I0314 18:12:25.718356 1989736 Coordinator.h:126] commit: 353000 abort: 59870 (0/59870/0), network size: 0, avg network size: 0, si_in_serializable: 0 0 %, local: 0 %
I0314 18:12:26.718518 1989736 Coordinator.h:126] commit: 358000 abort: 60373 (0/60373/0), network size: 0, avg network size: 0, si_in_serializable: 0 0 %, local: 0 %
I0314 18:12:27.718650 1989736 Coordinator.h:126] commit: 354000 abort: 60114 (0/60114/0), network size: 0, avg network size: 0, si_in_serializable: 0 0 %, local: 0 %
I0314 18:12:28.718770 1989736 Coordinator.h:126] commit: 354000 abort: 60162 (0/60162/0), network size: 0, avg network size: 0, si_in_serializable: 0 0 %, local: 0 %
I0314 18:12:29.718888 1989736 Coordinator.h:126] commit: 357000 abort: 60747 (0/60747/0), network size: 0, avg network size: 0, si_in_serializable: 0 0 %, local: 0 %
I0314 18:12:30.719062 1989736 Coordinator.h:126] commit: 357000 abort: 60428 (0/60428/0), network size: 0, avg network size: 0, si_in_serializable: 0 0 %, local: 0 %
I0314 18:12:31.719208 1989736 Coordinator.h:126] commit: 347000 abort: 59032 (0/59032/0), network size: 0, avg network size: 0, si_in_serializable: 0 0 %, local: 0 %
I0314 18:12:32.719337 1989736 Coordinator.h:126] commit: 357000 abort: 60563 (0/60563/0), network size: 0, avg network size: 0, si_in_serializable: 0 0 %, local: 0 %
I0314 18:12:33.719460 1989736 Coordinator.h:126] commit: 357000 abort: 60410 (0/60410/0), network size: 0, avg network size: 0, si_in_serializable: 0 0 %, local: 0 %
I0314 18:12:34.719576 1989736 Coordinator.h:126] commit: 358000 abort: 60345 (0/60345/0), network size: 0, avg network size: 0, si_in_serializable: 0 0 %, local: 0 %
I0314 18:12:35.719702 1989736 Coordinator.h:126] commit: 357000 abort: 60460 (0/60460/0), network size: 0, avg network size: 0, si_in_serializable: 0 0 %, local: 0 %
I0314 18:12:36.719825 1989736 Coordinator.h:126] commit: 358000 abort: 60705 (0/60705/0), network size: 0, avg network size: 0, si_in_serializable: 0 0 %, local: 0 %
I0314 18:12:37.719959 1989736 Coordinator.h:126] commit: 355000 abort: 59751 (0/59751/0), network size: 0, avg network size: 0, si_in_serializable: 0 0 %, local: 0 %
I0314 18:12:38.720083 1989736 Coordinator.h:126] commit: 358000 abort: 60271 (0/60271/0), network size: 0, avg network size: 0, si_in_serializable: 0 0 %, local: 0 %
I0314 18:12:39.720280 1989736 Coordinator.h:126] commit: 356964 abort: 60282 (0/60282/0), network size: 0, avg network size: 0, si_in_serializable: 0 0 %, local: 0 %
I0314 18:12:40.720424 1989736 Coordinator.h:126] commit: 335036 abort: 56540 (0/56540/0), network size: 0, avg network size: 0, si_in_serializable: 0 0 %, local: 0 %
I0314 18:12:41.720552 1989736 Coordinator.h:126] commit: 357000 abort: 60312 (0/60312/0), network size: 0, avg network size: 0, si_in_serializable: 0 0 %, local: 0 %
I0314 18:12:42.720678 1989736 Coordinator.h:126] commit: 358000 abort: 60245 (0/60245/0), network size: 0, avg network size: 0, si_in_serializable: 0 0 %, local: 0 %
I0314 18:12:43.720806 1989736 Coordinator.h:126] commit: 357880 abort: 60712 (0/60712/0), network size: 0, avg network size: 0, si_in_serializable: 0 0 %, local: 0 %
I0314 18:12:44.720922 1989736 Coordinator.h:126] commit: 355963 abort: 59728 (0/59728/0), network size: 0, avg network size: 0, si_in_serializable: 0 0 %, local: 0 %
I0314 18:12:45.721040 1989736 Coordinator.h:126] commit: 357157 abort: 60453 (0/60453/0), network size: 0, avg network size: 0, si_in_serializable: 0 0 %, local: 0 %
I0314 18:12:46.721160 1989736 Coordinator.h:126] commit: 357000 abort: 60189 (0/60189/0), network size: 0, avg network size: 0, si_in_serializable: 0 0 %, local: 0 %
I0314 18:12:47.721284 1989736 Coordinator.h:126] commit: 358000 abort: 60601 (0/60601/0), network size: 0, avg network size: 0, si_in_serializable: 0 0 %, local: 0 %
I0314 18:12:47.721328 1989736 Coordinator.h:152] average commit: 355000 abort: 59932.1 (0/59932.1/0), network size: 0, avg network size: 0, si_in_serializable: 0 0 %, local: 0 %
I0314 18:12:47.723711 1989754 AriaFBExecutor.h:95] AriaFBExecutor 2 exits. 
I0314 18:12:47.723734 1989757 AriaFBExecutor.h:95] AriaFBExecutor 5 exits. 
I0314 18:12:47.723712 1989758 AriaFBExecutor.h:95] AriaFBExecutor 6 exits. 
I0314 18:12:47.723712 1989756 AriaFBExecutor.h:95] AriaFBExecutor 4 exits. 
I0314 18:12:47.723728 1989760 AriaFBExecutor.h:95] AriaFBExecutor 8 exits. 
I0314 18:12:47.723726 1989762 AriaFBExecutor.h:95] AriaFBExecutor 10 exits. 
I0314 18:12:47.723729 1989755 AriaFBExecutor.h:95] AriaFBExecutor 3 exits. 
I0314 18:12:47.723729 1989752 AriaFBExecutor.h:95] AriaFBExecutor 0 exits. 
I0314 18:12:47.723730 1989753 AriaFBExecutor.h:95] AriaFBExecutor 1 exits. 
I0314 18:12:47.723731 1989761 AriaFBExecutor.h:95] AriaFBExecutor 9 exits. 
I0314 18:12:47.723738 1989763 AriaFBExecutor.h:95] AriaFBExecutor 11 exits. 
I0314 18:12:47.723739 1989764 Manager.h:227] Manager(worker id = 12) on the coordinator node exits.
I0314 18:12:47.723712 1989759 AriaFBExecutor.h:95] AriaFBExecutor 7 exits. 
I0314 18:12:47.721370 1989736 AriaFBExecutor.h:803] Worker 0 latency: 1836 us (50%) 2108 us (75%) 2307 us (95%) 2363 us (99%).
I0314 18:12:47.761291 1989736 AriaFBExecutor.h:803] Worker 1 latency: 1855 us (50%) 2104 us (75%) 2313 us (95%) 2417 us (99%).
I0314 18:12:47.794704 1989736 AriaFBExecutor.h:803] Worker 2 latency: 1855 us (50%) 2102 us (75%) 2312 us (95%) 2398 us (99%).
I0314 18:12:47.828207 1989736 AriaFBExecutor.h:803] Worker 3 latency: 1854 us (50%) 2102 us (75%) 2310 us (95%) 2385 us (99%).
I0314 18:12:47.862200 1989736 AriaFBExecutor.h:803] Worker 4 latency: 1857 us (50%) 2102 us (75%) 2309 us (95%) 2377 us (99%).
I0314 18:12:47.895682 1989736 AriaFBExecutor.h:803] Worker 5 latency: 1857 us (50%) 2102 us (75%) 2307 us (95%) 2373 us (99%).
I0314 18:12:47.929203 1989736 AriaFBExecutor.h:803] Worker 6 latency: 1856 us (50%) 2101 us (75%) 2306 us (95%) 2369 us (99%).
I0314 18:12:47.963117 1989736 AriaFBExecutor.h:803] Worker 7 latency: 1855 us (50%) 2100 us (75%) 2305 us (95%) 2366 us (99%).
I0314 18:12:47.996464 1989736 AriaFBExecutor.h:803] Worker 8 latency: 1855 us (50%) 2099 us (75%) 2304 us (95%) 2364 us (99%).
I0314 18:12:48.029896 1989736 AriaFBExecutor.h:803] Worker 9 latency: 1856 us (50%) 2099 us (75%) 2303 us (95%) 2363 us (99%).
I0314 18:12:48.062978 1989736 AriaFBExecutor.h:803] Worker 10 latency: 1854 us (50%) 2097 us (75%) 2302 us (95%) 2362 us (99%).
I0314 18:12:48.095948 1989736 AriaFBExecutor.h:803] Worker 11 latency: 1854 us (50%) 2097 us (75%) 2301 us (95%) 2362 us (99%).
I0314 18:12:48.129086 1989736 Coordinator.h:177] total commit: 355000
I0314 18:12:49.129284 1989736 Coordinator.h:192] Coordinator exits.
