I0314 17:53:07.994866 1982537 Database.h:65] ycsb initialization finished in 100 milliseconds.
I0314 17:53:07.995102 1982537 Coordinator.h:30] Coordinator initializes 12 workers.
I0314 17:53:08.102121 1982537 Coordinator.h:77] Coordinator starts to run 13 workers.
I0314 17:53:08.102212 1982553 AriaExecutor.h:82] AriaExecutor 0 started. 
I0314 17:53:08.102257 1982554 AriaExecutor.h:82] AriaExecutor 1 started. 
I0314 17:53:08.102377 1982555 AriaExecutor.h:82] AriaExecutor 2 started. 
I0314 17:53:08.102421 1982556 AriaExecutor.h:82] AriaExecutor 3 started. 
I0314 17:53:08.102525 1982557 AriaExecutor.h:82] AriaExecutor 4 started. 
I0314 17:53:08.102553 1982558 AriaExecutor.h:82] AriaExecutor 5 started. 
I0314 17:53:08.102665 1982559 AriaExecutor.h:82] AriaExecutor 6 started. 
I0314 17:53:08.102684 1982560 AriaExecutor.h:82] AriaExecutor 7 started. 
I0314 17:53:08.102805 1982561 AriaExecutor.h:82] AriaExecutor 8 started. 
I0314 17:53:08.102924 1982562 AriaExecutor.h:82] AriaExecutor 9 started. 
I0314 17:53:08.103045 1982563 AriaExecutor.h:82] AriaExecutor 10 started. 
I0314 17:53:08.103168 1982564 AriaExecutor.h:82] AriaExecutor 11 started. 
I0314 17:53:08.103214 1982565 Manager.h:224] Manager(worker id = 12) on the coordinator node started.
I0314 17:53:09.103274 1982537 Coordinator.h:126] commit: 67310 abort: 1320690 (0/1320690/0), network size: 0, avg network size: 0, si_in_serializable: 0 0 %, local: 0 %
I0314 17:53:10.103441 1982537 Coordinator.h:126] commit: 70791 abort: 1297209 (0/1297209/0), network size: 0, avg network size: 0, si_in_serializable: 0 0 %, local: 0 %
I0314 17:53:11.103644 1982537 Coordinator.h:126] commit: 72380 abort: 1331620 (0/1331620/0), network size: 0, avg network size: 0, si_in_serializable: 0 0 %, local: 0 %
I0314 17:53:12.103799 1982537 Coordinator.h:126] commit: 71508 abort: 1324492 (0/1324492/0), network size: 0, avg network size: 0, si_in_serializable: 0 0 %, local: 0 %
I0314 17:53:13.103915 1982537 Coordinator.h:126] commit: 71748 abort: 1320252 (0/1320252/0), network size: 0, avg network size: 0, si_in_serializable: 0 0 %, local: 0 %
I0314 17:53:14.104041 1982537 Coordinator.h:126] commit: 71265 abort: 1284735 (0/1284735/0), network size: 0, avg network size: 0, si_in_serializable: 0 0 %, local: 0 %
I0314 17:53:15.104161 1982537 Coordinator.h:126] commit: 71157 abort: 1288843 (0/1288843/0), network size: 0, avg network size: 0, si_in_serializable: 0 0 %, local: 0 %
I0314 17:53:16.104359 1982537 Coordinator.h:126] commit: 71360 abort: 1284640 (0/1284640/0), network size: 0, avg network size: 0, si_in_serializable: 0 0 %, local: 0 %
I0314 17:53:17.104521 1982537 Coordinator.h:126] commit: 71349 abort: 1288651 (0/1288651/0), network size: 0, avg network size: 0, si_in_serializable: 0 0 %, local: 0 %
I0314 17:53:18.104652 1982537 Coordinator.h:126] commit: 72185 abort: 1295815 (0/1295815/0), network size: 0, avg network size: 0, si_in_serializable: 0 0 %, local: 0 %
I0314 17:53:19.104784 1982537 Coordinator.h:126] commit: 71517 abort: 1288483 (0/1288483/0), network size: 0, avg network size: 0, si_in_serializable: 0 0 %, local: 0 %
I0314 17:53:20.104902 1982537 Coordinator.h:126] commit: 70640 abort: 1265360 (0/1265360/0), network size: 0, avg network size: 0, si_in_serializable: 0 0 %, local: 0 %
I0314 17:53:21.105048 1982537 Coordinator.h:126] commit: 71699 abort: 1300301 (0/1300301/0), network size: 0, avg network size: 0, si_in_serializable: 0 0 %, local: 0 %
I0314 17:53:22.105190 1982537 Coordinator.h:126] commit: 71964 abort: 1300036 (0/1300036/0), network size: 0, avg network size: 0, si_in_serializable: 0 0 %, local: 0 %
I0314 17:53:23.105324 1982537 Coordinator.h:126] commit: 70995 abort: 1297005 (0/1297005/0), network size: 0, avg network size: 0, si_in_serializable: 0 0 %, local: 0 %
I0314 17:53:24.105450 1982537 Coordinator.h:126] commit: 71274 abort: 1304726 (0/1304726/0), network size: 0, avg network size: 0, si_in_serializable: 0 0 %, local: 0 %
I0314 17:53:25.105568 1982537 Coordinator.h:126] commit: 71763 abort: 1300237 (0/1300237/0), network size: 0, avg network size: 0, si_in_serializable: 0 0 %, local: 0 %
I0314 17:53:26.105712 1982537 Coordinator.h:126] commit: 70951 abort: 1309049 (0/1309049/0), network size: 0, avg network size: 0, si_in_serializable: 0 0 %, local: 0 %
I0314 17:53:27.105912 1982537 Coordinator.h:126] commit: 71341 abort: 1308659 (0/1308659/0), network size: 0, avg network size: 0, si_in_serializable: 0 0 %, local: 0 %
I0314 17:53:28.106065 1982537 Coordinator.h:126] commit: 71168 abort: 1300832 (0/1300832/0), network size: 0, avg network size: 0, si_in_serializable: 0 0 %, local: 0 %
I0314 17:53:29.106184 1982537 Coordinator.h:126] commit: 71222 abort: 1300778 (0/1300778/0), network size: 0, avg network size: 0, si_in_serializable: 0 0 %, local: 0 %
I0314 17:53:30.106309 1982537 Coordinator.h:126] commit: 69729 abort: 1306271 (0/1306271/0), network size: 0, avg network size: 0, si_in_serializable: 0 0 %, local: 0 %
I0314 17:53:31.106439 1982537 Coordinator.h:126] commit: 69611 abort: 1302389 (0/1302389/0), network size: 0, avg network size: 0, si_in_serializable: 0 0 %, local: 0 %
I0314 17:53:32.106590 1982537 Coordinator.h:126] commit: 71204 abort: 1296796 (0/1296796/0), network size: 0, avg network size: 0, si_in_serializable: 0 0 %, local: 0 %
I0314 17:53:33.106739 1982537 Coordinator.h:126] commit: 70786 abort: 1301214 (0/1301214/0), network size: 0, avg network size: 0, si_in_serializable: 0 0 %, local: 0 %
I0314 17:53:33.106783 1982537 Coordinator.h:152] average commit: 71331.2 abort: 1.29747e+06 (0/1.29747e+06/0), network size: 0, avg network size: 0, si_in_serializable: 0 0 %, local: 0 %
I0314 17:53:33.109167 1982553 AriaExecutor.h:94] AriaExecutor 0 exits. 
I0314 17:53:33.109167 1982558 AriaExecutor.h:94] AriaExecutor 5 exits. 
I0314 17:53:33.109167 1982559 AriaExecutor.h:94] AriaExecutor 6 exits. 
I0314 17:53:33.109180 1982554 AriaExecutor.h:94] AriaExecutor 1 exits. 
I0314 17:53:33.109185 1982560 AriaExecutor.h:94] AriaExecutor 7 exits. 
I0314 17:53:33.109167 1982562 AriaExecutor.h:94] AriaExecutor 9 exits. 
I0314 17:53:33.109167 1982561 AriaExecutor.h:94] AriaExecutor 8 exits. 
I0314 17:53:33.109180 1982555 AriaExecutor.h:94] AriaExecutor 2 exits. 
I0314 17:53:33.109181 1982563 AriaExecutor.h:94] AriaExecutor 10 exits. 
I0314 17:53:33.109181 1982556 AriaExecutor.h:94] AriaExecutor 3 exits. 
I0314 17:53:33.109182 1982557 AriaExecutor.h:94] AriaExecutor 4 exits. 
I0314 17:53:33.109184 1982564 AriaExecutor.h:94] AriaExecutor 11 exits. 
I0314 17:53:33.109193 1982565 Manager.h:227] Manager(worker id = 12) on the coordinator node exits.
I0314 17:53:33.106827 1982537 AriaExecutor.h:535] Worker 0 latency: 19798 us (50%) 107187 us (75%) 322655 us (95%) 365258 us (99%).
I0314 17:53:33.130028 1982537 AriaExecutor.h:535] Worker 1 latency: 6322 us (50%) 71460 us (75%) 261980 us (95%) 337370 us (99%).
I0314 17:53:33.140722 1982537 AriaExecutor.h:535] Worker 2 latency: 7621 us (50%) 72128 us (75%) 256776 us (95%) 330262 us (99%).
I0314 17:53:33.149487 1982537 AriaExecutor.h:535] Worker 3 latency: 4947 us (50%) 68992 us (75%) 251759 us (95%) 326996 us (99%).
I0314 17:53:33.157866 1982537 AriaExecutor.h:535] Worker 4 latency: 7759 us (50%) 72080 us (75%) 253756 us (95%) 325627 us (99%).
I0314 17:53:33.166064 1982537 AriaExecutor.h:535] Worker 5 latency: 16018 us (50%) 83669 us (75%) 255264 us (95%) 322839 us (99%).
I0314 17:53:33.175248 1982537 AriaExecutor.h:535] Worker 6 latency: 10645 us (50%) 75569 us (75%) 252320 us (95%) 321986 us (99%).
I0314 17:53:33.183931 1982537 AriaExecutor.h:535] Worker 7 latency: 7658 us (50%) 69829 us (75%) 247275 us (95%) 319621 us (99%).
I0314 17:53:33.192179 1982537 AriaExecutor.h:535] Worker 8 latency: 7588 us (50%) 69936 us (75%) 246034 us (95%) 318289 us (99%).
I0314 17:53:33.200388 1982537 AriaExecutor.h:535] Worker 9 latency: 7797 us (50%) 71508 us (75%) 246600 us (95%) 318230 us (99%).
I0314 17:53:33.208824 1982537 AriaExecutor.h:535] Worker 10 latency: 7432 us (50%) 69449 us (75%) 243659 us (95%) 314806 us (99%).
I0314 17:53:33.217104 1982537 AriaExecutor.h:535] Worker 11 latency: 10601 us (50%) 75528 us (75%) 245069 us (95%) 315677 us (99%).
I0314 17:53:33.225927 1982537 Coordinator.h:177] total commit: 71331.2
I0314 17:53:34.226125 1982537 Coordinator.h:192] Coordinator exits.
