I0314 19:03:05.346486 2009623 Database.h:65] ycsb initialization finished in 98 milliseconds.
I0314 19:03:05.346625 2009623 Coordinator.h:30] Coordinator initializes 12 workers.
I0314 19:03:05.448263 2009623 Coordinator.h:77] Coordinator starts to run 13 workers.
I0314 19:03:05.448357 2009645 AriaFBExecutor.h:86] AriaFBExecutor 0 started. 
I0314 19:03:05.448416 2009646 AriaFBExecutor.h:86] AriaFBExecutor 1 started. 
I0314 19:03:05.448529 2009647 AriaFBExecutor.h:86] AriaFBExecutor 2 started. 
I0314 19:03:05.448567 2009648 AriaFBExecutor.h:86] AriaFBExecutor 3 started. 
I0314 19:03:05.448673 2009649 AriaFBExecutor.h:86] AriaFBExecutor 4 started. 
I0314 19:03:05.448714 2009650 AriaFBExecutor.h:86] AriaFBExecutor 5 started. 
I0314 19:03:05.448813 2009651 AriaFBExecutor.h:86] AriaFBExecutor 6 started. 
I0314 19:03:05.448840 2009652 AriaFBExecutor.h:86] AriaFBExecutor 7 started. 
I0314 19:03:05.448953 2009653 AriaFBExecutor.h:86] AriaFBExecutor 8 started. 
I0314 19:03:05.448997 2009654 AriaFBExecutor.h:86] AriaFBExecutor 9 started. 
I0314 19:03:05.449090 2009655 AriaFBExecutor.h:86] AriaFBExecutor 10 started. 
I0314 19:03:05.449136 2009656 AriaFBExecutor.h:86] AriaFBExecutor 11 started. 
I0314 19:03:05.449234 2009657 Manager.h:224] Manager(worker id = 12) on the coordinator node started.
I0314 19:03:06.449282 2009623 Coordinator.h:126] commit: 136000 abort: 123062 (0/123062/0), network size: 0, avg network size: 0, si_in_serializable: 0 0 %, local: 0 %
I0314 19:03:07.449455 2009623 Coordinator.h:126] commit: 136000 abort: 123001 (0/123001/0), network size: 0, avg network size: 0, si_in_serializable: 0 0 %, local: 0 %
I0314 19:03:08.449651 2009623 Coordinator.h:126] commit: 144000 abort: 130220 (0/130220/0), network size: 0, avg network size: 0, si_in_serializable: 0 0 %, local: 0 %
I0314 19:03:09.449785 2009623 Coordinator.h:126] commit: 147086 abort: 133862 (0/133862/0), network size: 0, avg network size: 0, si_in_serializable: 0 0 %, local: 0 %
I0314 19:03:10.449919 2009623 Coordinator.h:126] commit: 146211 abort: 133961 (0/133961/0), network size: 0, avg network size: 0, si_in_serializable: 0 0 %, local: 0 %
I0314 19:03:11.450052 2009623 Coordinator.h:126] commit: 144421 abort: 130383 (0/130383/0), network size: 0, avg network size: 0, si_in_serializable: 0 0 %, local: 0 %
I0314 19:03:12.450177 2009623 Coordinator.h:126] commit: 146282 abort: 130467 (0/130467/0), network size: 0, avg network size: 0, si_in_serializable: 0 0 %, local: 0 %
I0314 19:03:13.450363 2009623 Coordinator.h:126] commit: 146829 abort: 133708 (0/133708/0), network size: 0, avg network size: 0, si_in_serializable: 0 0 %, local: 0 %
I0314 19:03:14.450505 2009623 Coordinator.h:126] commit: 146124 abort: 134095 (0/134095/0), network size: 0, avg network size: 0, si_in_serializable: 0 0 %, local: 0 %
I0314 19:03:15.450628 2009623 Coordinator.h:126] commit: 146771 abort: 130061 (0/130061/0), network size: 0, avg network size: 0, si_in_serializable: 0 0 %, local: 0 %
I0314 19:03:16.450742 2009623 Coordinator.h:126] commit: 144276 abort: 130205 (0/130205/0), network size: 0, avg network size: 0, si_in_serializable: 0 0 %, local: 0 %
I0314 19:03:17.450857 2009623 Coordinator.h:126] commit: 145849 abort: 133825 (0/133825/0), network size: 0, avg network size: 0, si_in_serializable: 0 0 %, local: 0 %
I0314 19:03:18.450977 2009623 Coordinator.h:126] commit: 143622 abort: 130340 (0/130340/0), network size: 0, avg network size: 0, si_in_serializable: 0 0 %, local: 0 %
I0314 19:03:19.451099 2009623 Coordinator.h:126] commit: 146529 abort: 130509 (0/130509/0), network size: 0, avg network size: 0, si_in_serializable: 0 0 %, local: 0 %
I0314 19:03:20.451228 2009623 Coordinator.h:126] commit: 145394 abort: 134066 (0/134066/0), network size: 0, avg network size: 0, si_in_serializable: 0 0 %, local: 0 %
I0314 19:03:21.451417 2009623 Coordinator.h:126] commit: 146180 abort: 130387 (0/130387/0), network size: 0, avg network size: 0, si_in_serializable: 0 0 %, local: 0 %
I0314 19:03:22.451558 2009623 Coordinator.h:126] commit: 145651 abort: 133919 (0/133919/0), network size: 0, avg network size: 0, si_in_serializable: 0 0 %, local: 0 %
I0314 19:03:23.451670 2009623 Coordinator.h:126] commit: 146775 abort: 130257 (0/130257/0), network size: 0, avg network size: 0, si_in_serializable: 0 0 %, local: 0 %
I0314 19:03:24.451805 2009623 Coordinator.h:126] commit: 145874 abort: 134012 (0/134012/0), network size: 0, avg network size: 0, si_in_serializable: 0 0 %, local: 0 %
I0314 19:03:25.451937 2009623 Coordinator.h:126] commit: 146126 abort: 130370 (0/130370/0), network size: 0, avg network size: 0, si_in_serializable: 0 0 %, local: 0 %
I0314 19:03:26.452070 2009623 Coordinator.h:126] commit: 143288 abort: 130277 (0/130277/0), network size: 0, avg network size: 0, si_in_serializable: 0 0 %, local: 0 %
I0314 19:03:27.452193 2009623 Coordinator.h:126] commit: 146074 abort: 133972 (0/133972/0), network size: 0, avg network size: 0, si_in_serializable: 0 0 %, local: 0 %
I0314 19:03:28.452313 2009623 Coordinator.h:126] commit: 146399 abort: 130269 (0/130269/0), network size: 0, avg network size: 0, si_in_serializable: 0 0 %, local: 0 %
I0314 19:03:29.452431 2009623 Coordinator.h:126] commit: 145622 abort: 134049 (0/134049/0), network size: 0, avg network size: 0, si_in_serializable: 0 0 %, local: 0 %
I0314 19:03:30.452615 2009623 Coordinator.h:126] commit: 145440 abort: 130487 (0/130487/0), network size: 0, avg network size: 0, si_in_serializable: 0 0 %, local: 0 %
I0314 19:03:30.452664 2009623 Coordinator.h:152] average commit: 145628 abort: 131789 (0/131789/0), network size: 0, avg network size: 0, si_in_serializable: 0 0 %, local: 0 %
I0314 19:03:30.452710 2009623 AriaFBExecutor.h:803] Worker 0 latency: 8296 us (50%) 9147 us (75%) 9473 us (95%) 9919 us (99%).
I0314 19:03:30.458320 2009653 AriaFBExecutor.h:95] AriaFBExecutor 8 exits. 
I0314 19:03:30.458321 2009645 AriaFBExecutor.h:95] AriaFBExecutor 0 exits. 
I0314 19:03:30.458320 2009656 AriaFBExecutor.h:95] AriaFBExecutor 11 exits. 
I0314 19:03:30.458320 2009648 AriaFBExecutor.h:95] AriaFBExecutor 3 exits. 
I0314 19:03:30.458334 2009650 AriaFBExecutor.h:95] AriaFBExecutor 5 exits. 
I0314 19:03:30.458320 2009652 AriaFBExecutor.h:95] AriaFBExecutor 7 exits. 
I0314 19:03:30.458320 2009646 AriaFBExecutor.h:95] AriaFBExecutor 1 exits. 
I0314 19:03:30.458333 2009647 AriaFBExecutor.h:95] AriaFBExecutor 2 exits. 
I0314 19:03:30.458320 2009649 AriaFBExecutor.h:95] AriaFBExecutor 4 exits. 
I0314 19:03:30.458331 2009651 AriaFBExecutor.h:95] AriaFBExecutor 6 exits. 
I0314 19:03:30.458333 2009654 AriaFBExecutor.h:95] AriaFBExecutor 9 exits. 
I0314 19:03:30.458340 2009657 Manager.h:227] Manager(worker id = 12) on the coordinator node exits.
I0314 19:03:30.458328 2009655 AriaFBExecutor.h:95] AriaFBExecutor 10 exits. 
I0314 19:03:30.458631 2009623 AriaFBExecutor.h:803] Worker 1 latency: 15882 us (50%) 19290 us (75%) 21982 us (95%) 22987 us (99%).
I0314 19:03:30.490029 2009623 AriaFBExecutor.h:803] Worker 2 latency: 15892 us (50%) 19293 us (75%) 21983 us (95%) 22988 us (99%).
I0314 19:03:30.510562 2009623 AriaFBExecutor.h:803] Worker 3 latency: 15884 us (50%) 19289 us (75%) 21982 us (95%) 22990 us (99%).
I0314 19:03:30.531302 2009623 AriaFBExecutor.h:803] Worker 4 latency: 15901 us (50%) 19298 us (75%) 21985 us (95%) 22994 us (99%).
I0314 19:03:30.551874 2009623 AriaFBExecutor.h:803] Worker 5 latency: 15891 us (50%) 19292 us (75%) 21982 us (95%) 22993 us (99%).
I0314 19:03:30.572495 2009623 AriaFBExecutor.h:803] Worker 6 latency: 15903 us (50%) 19297 us (75%) 21984 us (95%) 22994 us (99%).
I0314 19:03:30.593056 2009623 AriaFBExecutor.h:803] Worker 7 latency: 15907 us (50%) 19300 us (75%) 21985 us (95%) 22996 us (99%).
I0314 19:03:30.613510 2009623 AriaFBExecutor.h:803] Worker 8 latency: 15911 us (50%) 19303 us (75%) 21985 us (95%) 22995 us (99%).
I0314 19:03:30.634003 2009623 AriaFBExecutor.h:803] Worker 9 latency: 15912 us (50%) 19303 us (75%) 21984 us (95%) 22995 us (99%).
I0314 19:03:30.654531 2009623 AriaFBExecutor.h:803] Worker 10 latency: 15917 us (50%) 19307 us (75%) 21987 us (95%) 22998 us (99%).
I0314 19:03:30.674904 2009623 AriaFBExecutor.h:803] Worker 11 latency: 15915 us (50%) 19305 us (75%) 21986 us (95%) 22998 us (99%).
I0314 19:03:30.695405 2009623 Coordinator.h:177] total commit: 145628
I0314 19:03:31.695618 2009623 Coordinator.h:192] Coordinator exits.
