I0314 19:17:11.916369 2015316 Database.h:65] ycsb initialization finished in 98 milliseconds.
I0314 19:17:11.916517 2015316 Coordinator.h:30] Coordinator initializes 12 workers.
I0314 19:17:11.946985 2015316 Coordinator.h:77] Coordinator starts to run 13 workers.
I0314 19:17:11.947077 2015333 AriaExecutor.h:94] AriaExecutor 0 started. 
I0314 19:17:11.947122 2015334 AriaExecutor.h:94] AriaExecutor 1 started. 
I0314 19:17:11.947239 2015335 AriaExecutor.h:94] AriaExecutor 2 started. 
I0314 19:17:11.947288 2015336 AriaExecutor.h:94] AriaExecutor 3 started. 
I0314 19:17:11.947393 2015337 AriaExecutor.h:94] AriaExecutor 4 started. 
I0314 19:17:11.947511 2015338 AriaExecutor.h:94] AriaExecutor 5 started. 
I0314 19:17:11.947633 2015339 AriaExecutor.h:94] AriaExecutor 6 started. 
I0314 19:17:11.947752 2015340 AriaExecutor.h:94] AriaExecutor 7 started. 
I0314 19:17:11.947870 2015341 AriaExecutor.h:94] AriaExecutor 8 started. 
I0314 19:17:11.947988 2015342 AriaExecutor.h:94] AriaExecutor 9 started. 
I0314 19:17:11.948105 2015343 AriaExecutor.h:94] AriaExecutor 10 started. 
I0314 19:17:11.948226 2015344 AriaExecutor.h:94] AriaExecutor 11 started. 
I0314 19:17:11.948386 2015345 Manager.h:224] Manager(worker id = 12) on the coordinator node started.
I0314 19:17:12.948385 2015316 Coordinator.h:126] commit: 148839 abort: 574161 (0/574161/0), network size: 0, avg network size: 0, si_in_serializable: 0 0 %, local: 0 %
I0314 19:17:13.948554 2015316 Coordinator.h:126] commit: 140121 abort: 587879 (0/587879/0), network size: 0, avg network size: 0, si_in_serializable: 0 0 %, local: 0 %
I0314 19:17:14.948768 2015316 Coordinator.h:126] commit: 149157 abort: 586843 (0/586843/0), network size: 0, avg network size: 0, si_in_serializable: 0 0 %, local: 0 %
I0314 19:17:15.948936 2015316 Coordinator.h:126] commit: 147576 abort: 587424 (0/587424/0), network size: 0, avg network size: 0, si_in_serializable: 0 0 %, local: 0 %
I0314 19:17:16.949072 2015316 Coordinator.h:126] commit: 144258 abort: 586742 (0/586742/0), network size: 0, avg network size: 0, si_in_serializable: 0 0 %, local: 0 %
I0314 19:17:17.949211 2015316 Coordinator.h:126] commit: 143911 abort: 569089 (0/569089/0), network size: 0, avg network size: 0, si_in_serializable: 0 0 %, local: 0 %
I0314 19:17:18.949353 2015316 Coordinator.h:126] commit: 146184 abort: 579816 (0/579816/0), network size: 0, avg network size: 0, si_in_serializable: 0 0 %, local: 0 %
I0314 19:17:19.949543 2015316 Coordinator.h:126] commit: 146308 abort: 580654 (0/580654/0), network size: 0, avg network size: 0, si_in_serializable: 0 0 %, local: 0 %
I0314 19:17:20.949697 2015316 Coordinator.h:126] commit: 141644 abort: 600394 (0/600394/0), network size: 0, avg network size: 0, si_in_serializable: 0 0 %, local: 0 %
I0314 19:17:21.949819 2015316 Coordinator.h:126] commit: 145963 abort: 590037 (0/590037/0), network size: 0, avg network size: 0, si_in_serializable: 0 0 %, local: 0 %
I0314 19:17:22.949949 2015316 Coordinator.h:126] commit: 142502 abort: 597498 (0/597498/0), network size: 0, avg network size: 0, si_in_serializable: 0 0 %, local: 0 %
I0314 19:17:23.950074 2015316 Coordinator.h:126] commit: 146690 abort: 592310 (0/592310/0), network size: 0, avg network size: 0, si_in_serializable: 0 0 %, local: 0 %
I0314 19:17:24.950199 2015316 Coordinator.h:126] commit: 145070 abort: 595930 (0/595930/0), network size: 0, avg network size: 0, si_in_serializable: 0 0 %, local: 0 %
I0314 19:17:25.950343 2015316 Coordinator.h:126] commit: 143265 abort: 593735 (0/593735/0), network size: 0, avg network size: 0, si_in_serializable: 0 0 %, local: 0 %
I0314 19:17:26.950479 2015316 Coordinator.h:126] commit: 146384 abort: 594616 (0/594616/0), network size: 0, avg network size: 0, si_in_serializable: 0 0 %, local: 0 %
I0314 19:17:27.950627 2015316 Coordinator.h:126] commit: 144866 abort: 582134 (0/582134/0), network size: 0, avg network size: 0, si_in_serializable: 0 0 %, local: 0 %
I0314 19:17:28.950755 2015316 Coordinator.h:126] commit: 143224 abort: 599776 (0/599776/0), network size: 0, avg network size: 0, si_in_serializable: 0 0 %, local: 0 %
I0314 19:17:29.950881 2015316 Coordinator.h:126] commit: 144564 abort: 594436 (0/594436/0), network size: 0, avg network size: 0, si_in_serializable: 0 0 %, local: 0 %
I0314 19:17:30.951014 2015316 Coordinator.h:126] commit: 142316 abort: 598684 (0/598684/0), network size: 0, avg network size: 0, si_in_serializable: 0 0 %, local: 0 %
I0314 19:17:31.951212 2015316 Coordinator.h:126] commit: 144677 abort: 588323 (0/588323/0), network size: 0, avg network size: 0, si_in_serializable: 0 0 %, local: 0 %
I0314 19:17:32.951355 2015316 Coordinator.h:126] commit: 141448 abort: 600552 (0/600552/0), network size: 0, avg network size: 0, si_in_serializable: 0 0 %, local: 0 %
I0314 19:17:33.951468 2015316 Coordinator.h:126] commit: 142639 abort: 585361 (0/585361/0), network size: 0, avg network size: 0, si_in_serializable: 0 0 %, local: 0 %
I0314 19:17:34.951588 2015316 Coordinator.h:126] commit: 142320 abort: 576680 (0/576680/0), network size: 0, avg network size: 0, si_in_serializable: 0 0 %, local: 0 %
I0314 19:17:35.951721 2015316 Coordinator.h:126] commit: 143772 abort: 591096 (0/591096/0), network size: 0, avg network size: 0, si_in_serializable: 0 0 %, local: 0 %
I0314 19:17:36.951859 2015316 Coordinator.h:126] commit: 141260 abort: 594871 (0/594871/0), network size: 0, avg network size: 0, si_in_serializable: 0 0 %, local: 0 %
I0314 19:17:36.951910 2015316 Coordinator.h:152] average commit: 144356 abort: 593744 (0/593744/0), network size: 0, avg network size: 0, si_in_serializable: 0 0 %, local: 0 %
I0314 19:17:36.952754 2015334 AriaExecutor.h:106] AriaExecutor 1 exits. 
I0314 19:17:36.952754 2015336 AriaExecutor.h:106] AriaExecutor 3 exits. 
I0314 19:17:36.952754 2015335 AriaExecutor.h:106] AriaExecutor 2 exits. 
I0314 19:17:36.952770 2015344 AriaExecutor.h:106] AriaExecutor 11 exits. 
I0314 19:17:36.952770 2015341 AriaExecutor.h:106] AriaExecutor 8 exits. 
I0314 19:17:36.952770 2015345 Manager.h:227] Manager(worker id = 12) on the coordinator node exits.
I0314 19:17:36.952767 2015340 AriaExecutor.h:106] AriaExecutor 7 exits. 
I0314 19:17:36.952770 2015339 AriaExecutor.h:106] AriaExecutor 6 exits. 
I0314 19:17:36.952770 2015333 AriaExecutor.h:106] AriaExecutor 0 exits. 
I0314 19:17:36.952754 2015343 AriaExecutor.h:106] AriaExecutor 10 exits. 
I0314 19:17:36.952770 2015338 AriaExecutor.h:106] AriaExecutor 5 exits. 
I0314 19:17:36.952771 2015342 AriaExecutor.h:106] AriaExecutor 9 exits. 
I0314 19:17:36.952771 2015337 AriaExecutor.h:106] AriaExecutor 4 exits. 
I0314 19:17:36.951952 2015316 AriaExecutor.h:646] Worker 0 latency: 1059 us (50%) 4068 us (75%) 75892 us (95%) 94373 us (99%).
I0314 19:17:36.982018 2015316 AriaExecutor.h:646] Worker 1 latency: 1044 us (50%) 1209 us (75%) 41897 us (95%) 75274 us (99%).
I0314 19:17:36.997645 2015316 AriaExecutor.h:646] Worker 2 latency: 1043 us (50%) 1215 us (75%) 40860 us (95%) 71421 us (99%).
I0314 19:17:37.013334 2015316 AriaExecutor.h:646] Worker 3 latency: 1043 us (50%) 1205 us (75%) 40076 us (95%) 70290 us (99%).
I0314 19:17:37.028990 2015316 AriaExecutor.h:646] Worker 4 latency: 1043 us (50%) 1194 us (75%) 38718 us (95%) 68668 us (99%).
I0314 19:17:37.043721 2015316 AriaExecutor.h:646] Worker 5 latency: 1040 us (50%) 1196 us (75%) 38565 us (95%) 68078 us (99%).
I0314 19:17:37.058481 2015316 AriaExecutor.h:646] Worker 6 latency: 1040 us (50%) 1191 us (75%) 38181 us (95%) 67285 us (99%).
I0314 19:17:37.073287 2015316 AriaExecutor.h:646] Worker 7 latency: 1041 us (50%) 1188 us (75%) 37740 us (95%) 66502 us (99%).
I0314 19:17:37.087994 2015316 AriaExecutor.h:646] Worker 8 latency: 1042 us (50%) 1189 us (75%) 37651 us (95%) 66282 us (99%).
I0314 19:17:37.102754 2015316 AriaExecutor.h:646] Worker 9 latency: 1041 us (50%) 1191 us (75%) 37323 us (95%) 65623 us (99%).
I0314 19:17:37.117851 2015316 AriaExecutor.h:646] Worker 10 latency: 1041 us (50%) 1185 us (75%) 37112 us (95%) 64950 us (99%).
I0314 19:17:37.132699 2015316 AriaExecutor.h:646] Worker 11 latency: 1038 us (50%) 1186 us (75%) 36840 us (95%) 64482 us (99%).
I0314 19:17:37.147636 2015316 Coordinator.h:177] total commit: 144356
I0314 19:17:38.147847 2015316 Coordinator.h:192] Coordinator exits.
