I0314 19:06:42.110904 2010972 Database.h:65] ycsb initialization finished in 98 milliseconds.
I0314 19:06:42.111125 2010972 Coordinator.h:30] Coordinator initializes 12 workers.
I0314 19:06:42.221400 2010972 Coordinator.h:77] Coordinator starts to run 13 workers.
I0314 19:06:42.221499 2010988 AriaExecutor.h:94] AriaExecutor 0 started. 
I0314 19:06:42.221544 2010989 AriaExecutor.h:94] AriaExecutor 1 started. 
I0314 19:06:42.221662 2010990 AriaExecutor.h:94] AriaExecutor 2 started. 
I0314 19:06:42.221796 2010991 AriaExecutor.h:94] AriaExecutor 3 started. 
I0314 19:06:42.221851 2010992 AriaExecutor.h:94] AriaExecutor 4 started. 
I0314 19:06:42.221939 2010993 AriaExecutor.h:94] AriaExecutor 5 started. 
I0314 19:06:42.221997 2010994 AriaExecutor.h:94] AriaExecutor 6 started. 
I0314 19:06:42.222091 2010995 AriaExecutor.h:94] AriaExecutor 7 started. 
I0314 19:06:42.222215 2010996 AriaExecutor.h:94] AriaExecutor 8 started. 
I0314 19:06:42.222339 2010997 AriaExecutor.h:94] AriaExecutor 9 started. 
I0314 19:06:42.222389 2010998 AriaExecutor.h:94] AriaExecutor 10 started. 
I0314 19:06:42.222482 2010999 AriaExecutor.h:94] AriaExecutor 11 started. 
I0314 19:06:42.222616 2011000 Manager.h:224] Manager(worker id = 12) on the coordinator node started.
I0314 19:06:43.222631 2010972 Coordinator.h:126] commit: 420908 abort: 55092 (0/55092/0), network size: 0, avg network size: 0, si_in_serializable: 0 0 %, local: 0 %
I0314 19:06:44.222791 2010972 Coordinator.h:126] commit: 427976 abort: 56024 (0/56024/0), network size: 0, avg network size: 0, si_in_serializable: 0 0 %, local: 0 %
I0314 19:06:45.222988 2010972 Coordinator.h:126] commit: 449387 abort: 58613 (0/58613/0), network size: 0, avg network size: 0, si_in_serializable: 0 0 %, local: 0 %
I0314 19:06:46.223140 2010972 Coordinator.h:126] commit: 449171 abort: 58829 (0/58829/0), network size: 0, avg network size: 0, si_in_serializable: 0 0 %, local: 0 %
I0314 19:06:47.223276 2010972 Coordinator.h:126] commit: 446119 abort: 57881 (0/57881/0), network size: 0, avg network size: 0, si_in_serializable: 0 0 %, local: 0 %
I0314 19:06:48.223405 2010972 Coordinator.h:126] commit: 441593 abort: 58407 (0/58407/0), network size: 0, avg network size: 0, si_in_serializable: 0 0 %, local: 0 %
I0314 19:06:49.223518 2010972 Coordinator.h:126] commit: 449336 abort: 58664 (0/58664/0), network size: 0, avg network size: 0, si_in_serializable: 0 0 %, local: 0 %
I0314 19:06:50.223652 2010972 Coordinator.h:126] commit: 442010 abort: 57990 (0/57990/0), network size: 0, avg network size: 0, si_in_serializable: 0 0 %, local: 0 %
I0314 19:06:51.223802 2010972 Coordinator.h:126] commit: 452444 abort: 59556 (0/59556/0), network size: 0, avg network size: 0, si_in_serializable: 0 0 %, local: 0 %
I0314 19:06:52.223995 2010972 Coordinator.h:126] commit: 452599 abort: 59401 (0/59401/0), network size: 0, avg network size: 0, si_in_serializable: 0 0 %, local: 0 %
I0314 19:06:53.224135 2010972 Coordinator.h:126] commit: 449489 abort: 58511 (0/58511/0), network size: 0, avg network size: 0, si_in_serializable: 0 0 %, local: 0 %
I0314 19:06:54.224268 2010972 Coordinator.h:126] commit: 449179 abort: 58821 (0/58821/0), network size: 0, avg network size: 0, si_in_serializable: 0 0 %, local: 0 %
I0314 19:06:55.224399 2010972 Coordinator.h:126] commit: 441926 abort: 58074 (0/58074/0), network size: 0, avg network size: 0, si_in_serializable: 0 0 %, local: 0 %
I0314 19:06:56.224548 2010972 Coordinator.h:126] commit: 445905 abort: 58095 (0/58095/0), network size: 0, avg network size: 0, si_in_serializable: 0 0 %, local: 0 %
I0314 19:06:57.224687 2010972 Coordinator.h:126] commit: 427710 abort: 56290 (0/56290/0), network size: 0, avg network size: 0, si_in_serializable: 0 0 %, local: 0 %
I0314 19:06:58.224815 2010972 Coordinator.h:126] commit: 441744 abort: 58256 (0/58256/0), network size: 0, avg network size: 0, si_in_serializable: 0 0 %, local: 0 %
I0314 19:06:59.224941 2010972 Coordinator.h:126] commit: 438686 abort: 57314 (0/57314/0), network size: 0, avg network size: 0, si_in_serializable: 0 0 %, local: 0 %
I0314 19:07:00.225088 2010972 Coordinator.h:126] commit: 442322 abort: 57678 (0/57678/0), network size: 0, avg network size: 0, si_in_serializable: 0 0 %, local: 0 %
I0314 19:07:01.225229 2010972 Coordinator.h:126] commit: 449397 abort: 58603 (0/58603/0), network size: 0, avg network size: 0, si_in_serializable: 0 0 %, local: 0 %
I0314 19:07:02.225371 2010972 Coordinator.h:126] commit: 449678 abort: 58322 (0/58322/0), network size: 0, avg network size: 0, si_in_serializable: 0 0 %, local: 0 %
I0314 19:07:03.225500 2010972 Coordinator.h:126] commit: 446169 abort: 57831 (0/57831/0), network size: 0, avg network size: 0, si_in_serializable: 0 0 %, local: 0 %
I0314 19:07:04.225626 2010972 Coordinator.h:126] commit: 452985 abort: 59015 (0/59015/0), network size: 0, avg network size: 0, si_in_serializable: 0 0 %, local: 0 %
I0314 19:07:05.225750 2010972 Coordinator.h:126] commit: 452727 abort: 59273 (0/59273/0), network size: 0, avg network size: 0, si_in_serializable: 0 0 %, local: 0 %
I0314 19:07:06.225879 2010972 Coordinator.h:126] commit: 456551 abort: 59265 (0/59265/0), network size: 0, avg network size: 0, si_in_serializable: 0 0 %, local: 0 %
I0314 19:07:07.226071 2010972 Coordinator.h:126] commit: 452951 abort: 59233 (0/59233/0), network size: 0, avg network size: 0, si_in_serializable: 0 0 %, local: 0 %
I0314 19:07:07.226145 2010972 Coordinator.h:152] average commit: 443604 abort: 57996.4 (0/57996.4/0), network size: 0, avg network size: 0, si_in_serializable: 0 0 %, local: 0 %
I0314 19:07:07.231190 2010991 AriaExecutor.h:106] AriaExecutor 3 exits. 
I0314 19:07:07.231190 2010997 AriaExecutor.h:106] AriaExecutor 9 exits. 
I0314 19:07:07.231204 2010988 AriaExecutor.h:106] AriaExecutor 0 exits. 
I0314 19:07:07.231205 2010996 AriaExecutor.h:106] AriaExecutor 8 exits. 
I0314 19:07:07.231206 2010989 AriaExecutor.h:106] AriaExecutor 1 exits. 
I0314 19:07:07.231206 2010993 AriaExecutor.h:106] AriaExecutor 5 exits. 
I0314 19:07:07.231205 2010998 AriaExecutor.h:106] AriaExecutor 10 exits. 
I0314 19:07:07.231206 2010995 AriaExecutor.h:106] AriaExecutor 7 exits. 
I0314 19:07:07.231195 2011000 Manager.h:227] Manager(worker id = 12) on the coordinator node exits.
I0314 19:07:07.231204 2010994 AriaExecutor.h:106] AriaExecutor 6 exits. 
I0314 19:07:07.231190 2010992 AriaExecutor.h:106] AriaExecutor 4 exits. 
I0314 19:07:07.231190 2010999 AriaExecutor.h:106] AriaExecutor 11 exits. 
I0314 19:07:07.231190 2010990 AriaExecutor.h:106] AriaExecutor 2 exits. 
I0314 19:07:07.226189 2010972 AriaExecutor.h:646] Worker 0 latency: 6065 us (50%) 6869 us (75%) 13321 us (95%) 20083 us (99%).
I0314 19:07:07.280826 2010972 AriaExecutor.h:646] Worker 1 latency: 6083 us (50%) 6875 us (75%) 13297 us (95%) 19927 us (99%).
I0314 19:07:07.323676 2010972 AriaExecutor.h:646] Worker 2 latency: 6078 us (50%) 6872 us (75%) 13291 us (95%) 19880 us (99%).
I0314 19:07:07.365916 2010972 AriaExecutor.h:646] Worker 3 latency: 6081 us (50%) 6874 us (75%) 13282 us (95%) 19821 us (99%).
I0314 19:07:07.407827 2010972 AriaExecutor.h:646] Worker 4 latency: 6078 us (50%) 6871 us (75%) 13277 us (95%) 19786 us (99%).
I0314 19:07:07.450642 2010972 AriaExecutor.h:646] Worker 5 latency: 6064 us (50%) 6865 us (75%) 13271 us (95%) 19727 us (99%).
I0314 19:07:07.492199 2010972 AriaExecutor.h:646] Worker 6 latency: 6076 us (50%) 6870 us (75%) 13264 us (95%) 19672 us (99%).
I0314 19:07:07.533782 2010972 AriaExecutor.h:646] Worker 7 latency: 6079 us (50%) 6870 us (75%) 13258 us (95%) 19630 us (99%).
I0314 19:07:07.575443 2010972 AriaExecutor.h:646] Worker 8 latency: 6077 us (50%) 6868 us (75%) 13248 us (95%) 19566 us (99%).
I0314 19:07:07.618937 2010972 AriaExecutor.h:646] Worker 9 latency: 6073 us (50%) 6866 us (75%) 13243 us (95%) 19501 us (99%).
I0314 19:07:07.661053 2010972 AriaExecutor.h:646] Worker 10 latency: 6076 us (50%) 6868 us (75%) 13238 us (95%) 19397 us (99%).
I0314 19:07:07.702939 2010972 AriaExecutor.h:646] Worker 11 latency: 6073 us (50%) 6866 us (75%) 13230 us (95%) 18647 us (99%).
I0314 19:07:07.745090 2010972 Coordinator.h:177] total commit: 443604
I0314 19:07:08.745301 2010972 Coordinator.h:192] Coordinator exits.
