I0314 19:23:33.798766 2017829 Database.h:65] ycsb initialization finished in 98 milliseconds.
I0314 19:23:33.798991 2017829 Coordinator.h:30] Coordinator initializes 12 workers.
I0314 19:23:33.836730 2017829 Coordinator.h:77] Coordinator starts to run 13 workers.
I0314 19:23:33.836825 2017845 AriaExecutor.h:94] AriaExecutor 0 started. 
I0314 19:23:33.836869 2017846 AriaExecutor.h:94] AriaExecutor 1 started. 
I0314 19:23:33.836980 2017847 AriaExecutor.h:94] AriaExecutor 2 started. 
I0314 19:23:33.837098 2017848 AriaExecutor.h:94] AriaExecutor 3 started. 
I0314 19:23:33.837167 2017849 AriaExecutor.h:94] AriaExecutor 4 started. 
I0314 19:23:33.837261 2017850 AriaExecutor.h:94] AriaExecutor 5 started. 
I0314 19:23:33.837337 2017851 AriaExecutor.h:94] AriaExecutor 6 started. 
I0314 19:23:33.837430 2017852 AriaExecutor.h:94] AriaExecutor 7 started. 
I0314 19:23:33.837551 2017853 AriaExecutor.h:94] AriaExecutor 8 started. 
I0314 19:23:33.837554 2017854 AriaExecutor.h:94] AriaExecutor 9 started. 
I0314 19:23:33.837612 2017855 AriaExecutor.h:94] AriaExecutor 10 started. 
I0314 19:23:33.837693 2017856 AriaExecutor.h:94] AriaExecutor 11 started. 
I0314 19:23:33.837808 2017857 Manager.h:224] Manager(worker id = 12) on the coordinator node started.
I0314 19:23:34.837846 2017829 Coordinator.h:126] commit: 1792 abort: 164208 (0/164208/0), network size: 0, avg network size: 0, si_in_serializable: 0 0 %, local: 0 %
I0314 19:23:35.838012 2017829 Coordinator.h:126] commit: 2770 abort: 165230 (0/165230/0), network size: 0, avg network size: 0, si_in_serializable: 0 0 %, local: 0 %
I0314 19:23:36.838222 2017829 Coordinator.h:126] commit: 3321 abort: 164679 (0/164679/0), network size: 0, avg network size: 0, si_in_serializable: 0 0 %, local: 0 %
I0314 19:23:37.838384 2017829 Coordinator.h:126] commit: 3887 abort: 163113 (0/163113/0), network size: 0, avg network size: 0, si_in_serializable: 0 0 %, local: 0 %
I0314 19:23:38.838505 2017829 Coordinator.h:126] commit: 4132 abort: 163868 (0/163868/0), network size: 0, avg network size: 0, si_in_serializable: 0 0 %, local: 0 %
I0314 19:23:39.838650 2017829 Coordinator.h:126] commit: 4179 abort: 164821 (0/164821/0), network size: 0, avg network size: 0, si_in_serializable: 0 0 %, local: 0 %
I0314 19:23:40.838783 2017829 Coordinator.h:126] commit: 4091 abort: 164909 (0/164909/0), network size: 0, avg network size: 0, si_in_serializable: 0 0 %, local: 0 %
I0314 19:23:41.838936 2017829 Coordinator.h:126] commit: 4157 abort: 163843 (0/163843/0), network size: 0, avg network size: 0, si_in_serializable: 0 0 %, local: 0 %
I0314 19:23:42.839080 2017829 Coordinator.h:126] commit: 4089 abort: 163911 (0/163911/0), network size: 0, avg network size: 0, si_in_serializable: 0 0 %, local: 0 %
I0314 19:23:43.839257 2017829 Coordinator.h:126] commit: 4039 abort: 161961 (0/161961/0), network size: 0, avg network size: 0, si_in_serializable: 0 0 %, local: 0 %
I0314 19:23:44.839402 2017829 Coordinator.h:126] commit: 4050 abort: 161950 (0/161950/0), network size: 0, avg network size: 0, si_in_serializable: 0 0 %, local: 0 %
I0314 19:23:45.839538 2017829 Coordinator.h:126] commit: 4186 abort: 161814 (0/161814/0), network size: 0, avg network size: 0, si_in_serializable: 0 0 %, local: 0 %
I0314 19:23:46.839682 2017829 Coordinator.h:126] commit: 4095 abort: 161905 (0/161905/0), network size: 0, avg network size: 0, si_in_serializable: 0 0 %, local: 0 %
I0314 19:23:47.839833 2017829 Coordinator.h:126] commit: 4131 abort: 160869 (0/160869/0), network size: 0, avg network size: 0, si_in_serializable: 0 0 %, local: 0 %
I0314 19:23:48.839972 2017829 Coordinator.h:126] commit: 4094 abort: 163906 (0/163906/0), network size: 0, avg network size: 0, si_in_serializable: 0 0 %, local: 0 %
I0314 19:23:49.840109 2017829 Coordinator.h:126] commit: 4221 abort: 165779 (0/165779/0), network size: 0, avg network size: 0, si_in_serializable: 0 0 %, local: 0 %
I0314 19:23:50.840294 2017829 Coordinator.h:126] commit: 4162 abort: 163838 (0/163838/0), network size: 0, avg network size: 0, si_in_serializable: 0 0 %, local: 0 %
I0314 19:23:51.840435 2017829 Coordinator.h:126] commit: 4176 abort: 166824 (0/166824/0), network size: 0, avg network size: 0, si_in_serializable: 0 0 %, local: 0 %
I0314 19:23:52.840564 2017829 Coordinator.h:126] commit: 4184 abort: 166816 (0/166816/0), network size: 0, avg network size: 0, si_in_serializable: 0 0 %, local: 0 %
I0314 19:23:53.840690 2017829 Coordinator.h:126] commit: 4248 abort: 166752 (0/166752/0), network size: 0, avg network size: 0, si_in_serializable: 0 0 %, local: 0 %
I0314 19:23:54.840828 2017829 Coordinator.h:126] commit: 4222 abort: 168778 (0/168778/0), network size: 0, avg network size: 0, si_in_serializable: 0 0 %, local: 0 %
I0314 19:23:55.841027 2017829 Coordinator.h:126] commit: 4205 abort: 168795 (0/168795/0), network size: 0, avg network size: 0, si_in_serializable: 0 0 %, local: 0 %
I0314 19:23:56.841197 2017829 Coordinator.h:126] commit: 4239 abort: 168761 (0/168761/0), network size: 0, avg network size: 0, si_in_serializable: 0 0 %, local: 0 %
I0314 19:23:57.841336 2017829 Coordinator.h:126] commit: 4287 abort: 168713 (0/168713/0), network size: 0, avg network size: 0, si_in_serializable: 0 0 %, local: 0 %
I0314 19:23:58.841466 2017829 Coordinator.h:126] commit: 4308 abort: 167692 (0/167692/0), network size: 0, avg network size: 0, si_in_serializable: 0 0 %, local: 0 %
I0314 19:23:58.841516 2017829 Coordinator.h:152] average commit: 4154.7 abort: 164045 (0/164045/0), network size: 0, avg network size: 0, si_in_serializable: 0 0 %, local: 0 %
I0314 19:23:58.842418 2017848 AriaExecutor.h:106] AriaExecutor 3 exits. 
I0314 19:23:58.842419 2017851 AriaExecutor.h:106] AriaExecutor 6 exits. 
I0314 19:23:58.842432 2017846 AriaExecutor.h:106] AriaExecutor 1 exits. 
I0314 19:23:58.842433 2017849 AriaExecutor.h:106] AriaExecutor 4 exits. 
I0314 19:23:58.842439 2017850 AriaExecutor.h:106] AriaExecutor 5 exits. 
I0314 19:23:58.842432 2017854 AriaExecutor.h:106] AriaExecutor 9 exits. 
I0314 19:23:58.842442 2017857 Manager.h:227] Manager(worker id = 12) on the coordinator node exits.
I0314 19:23:58.842433 2017845 AriaExecutor.h:106] AriaExecutor 0 exits. 
I0314 19:23:58.842434 2017853 AriaExecutor.h:106] AriaExecutor 8 exits. 
I0314 19:23:58.842419 2017856 AriaExecutor.h:106] AriaExecutor 11 exits. 
I0314 19:23:58.842432 2017847 AriaExecutor.h:106] AriaExecutor 2 exits. 
I0314 19:23:58.842434 2017852 AriaExecutor.h:106] AriaExecutor 7 exits. 
I0314 19:23:58.842435 2017855 AriaExecutor.h:106] AriaExecutor 10 exits. 
I0314 19:23:58.841559 2017829 AriaExecutor.h:646] Worker 0 latency: 289034 us (50%) 363470 us (75%) 408904 us (95%) 2879228 us (99%).
I0314 19:23:58.848534 2017829 AriaExecutor.h:646] Worker 1 latency: 266691 us (50%) 342924 us (75%) 385522 us (95%) 819815 us (99%).
I0314 19:23:58.849983 2017829 AriaExecutor.h:646] Worker 2 latency: 252254 us (50%) 319915 us (75%) 375752 us (95%) 441435 us (99%).
I0314 19:23:58.851394 2017829 AriaExecutor.h:646] Worker 3 latency: 246843 us (50%) 312997 us (75%) 369469 us (95%) 398957 us (99%).
I0314 19:23:58.852761 2017829 AriaExecutor.h:646] Worker 4 latency: 244983 us (50%) 310282 us (75%) 367048 us (95%) 398594 us (99%).
I0314 19:23:58.853546 2017829 AriaExecutor.h:646] Worker 5 latency: 244242 us (50%) 308307 us (75%) 362301 us (95%) 400099 us (99%).
I0314 19:23:58.854445 2017829 AriaExecutor.h:646] Worker 6 latency: 240715 us (50%) 303466 us (75%) 359136 us (95%) 385853 us (99%).
I0314 19:23:58.855330 2017829 AriaExecutor.h:646] Worker 7 latency: 236770 us (50%) 301399 us (75%) 355102 us (95%) 382953 us (99%).
I0314 19:23:58.856062 2017829 AriaExecutor.h:646] Worker 8 latency: 237334 us (50%) 300394 us (75%) 354442 us (95%) 382915 us (99%).
I0314 19:23:58.856772 2017829 AriaExecutor.h:646] Worker 9 latency: 235363 us (50%) 299990 us (75%) 352726 us (95%) 382054 us (99%).
I0314 19:23:58.857496 2017829 AriaExecutor.h:646] Worker 10 latency: 234805 us (50%) 296055 us (75%) 350246 us (95%) 374530 us (99%).
I0314 19:23:58.858188 2017829 AriaExecutor.h:646] Worker 11 latency: 234820 us (50%) 296863 us (75%) 349228 us (95%) 380236 us (99%).
I0314 19:23:58.858960 2017829 Coordinator.h:177] total commit: 4154.7
I0314 19:23:59.859182 2017829 Coordinator.h:192] Coordinator exits.
