I0314 18:41:45.284346 2001345 Database.h:65] ycsb initialization finished in 98 milliseconds.
I0314 18:41:45.284574 2001345 Coordinator.h:30] Coordinator initializes 12 workers.
I0314 18:41:45.394025 2001345 Coordinator.h:77] Coordinator starts to run 13 workers.
I0314 18:41:45.394133 2001369 AriaExecutor.h:91] AriaExecutor 0 started. 
I0314 18:41:45.394181 2001370 AriaExecutor.h:91] AriaExecutor 1 started. 
I0314 18:41:45.394295 2001371 AriaExecutor.h:91] AriaExecutor 2 started. 
I0314 18:41:45.394421 2001372 AriaExecutor.h:91] AriaExecutor 3 started. 
I0314 18:41:45.394541 2001373 AriaExecutor.h:91] AriaExecutor 4 started. 
I0314 18:41:45.394661 2001374 AriaExecutor.h:91] AriaExecutor 5 started. 
I0314 18:41:45.394714 2001375 AriaExecutor.h:91] AriaExecutor 6 started. 
I0314 18:41:45.394804 2001376 AriaExecutor.h:91] AriaExecutor 7 started. 
I0314 18:41:45.394924 2001377 AriaExecutor.h:91] AriaExecutor 8 started. 
I0314 18:41:45.394963 2001378 AriaExecutor.h:91] AriaExecutor 9 started. 
I0314 18:41:45.395062 2001379 AriaExecutor.h:91] AriaExecutor 10 started. 
I0314 18:41:45.395185 2001380 AriaExecutor.h:91] AriaExecutor 11 started. 
I0314 18:41:45.395304 2001381 Manager.h:224] Manager(worker id = 12) on the coordinator node started.
I0314 18:41:46.395332 2001345 Coordinator.h:126] commit: 15864 abort: 972136 (0/972136/0), network size: 0, avg network size: 0, si_in_serializable: 0 0 %, local: 0 %
I0314 18:41:47.395509 2001345 Coordinator.h:126] commit: 22489 abort: 957511 (0/957511/0), network size: 0, avg network size: 0, si_in_serializable: 0 0 %, local: 0 %
I0314 18:41:48.395720 2001345 Coordinator.h:126] commit: 24961 abort: 963039 (0/963039/0), network size: 0, avg network size: 0, si_in_serializable: 0 0 %, local: 0 %
I0314 18:41:49.395891 2001345 Coordinator.h:126] commit: 25905 abort: 958095 (0/958095/0), network size: 0, avg network size: 0, si_in_serializable: 0 0 %, local: 0 %
I0314 18:41:50.396044 2001345 Coordinator.h:126] commit: 25646 abort: 962354 (0/962354/0), network size: 0, avg network size: 0, si_in_serializable: 0 0 %, local: 0 %
I0314 18:41:51.396186 2001345 Coordinator.h:126] commit: 25342 abort: 942658 (0/942658/0), network size: 0, avg network size: 0, si_in_serializable: 0 0 %, local: 0 %
I0314 18:41:52.396391 2001345 Coordinator.h:126] commit: 25295 abort: 946705 (0/946705/0), network size: 0, avg network size: 0, si_in_serializable: 0 0 %, local: 0 %
I0314 18:41:53.396572 2001345 Coordinator.h:126] commit: 25548 abort: 942452 (0/942452/0), network size: 0, avg network size: 0, si_in_serializable: 0 0 %, local: 0 %
I0314 18:41:54.396708 2001345 Coordinator.h:126] commit: 25303 abort: 938697 (0/938697/0), network size: 0, avg network size: 0, si_in_serializable: 0 0 %, local: 0 %
I0314 18:41:55.396829 2001345 Coordinator.h:126] commit: 25706 abort: 946294 (0/946294/0), network size: 0, avg network size: 0, si_in_serializable: 0 0 %, local: 0 %
I0314 18:41:56.396981 2001345 Coordinator.h:126] commit: 25522 abort: 946478 (0/946478/0), network size: 0, avg network size: 0, si_in_serializable: 0 0 %, local: 0 %
I0314 18:41:57.397123 2001345 Coordinator.h:126] commit: 25540 abort: 930460 (0/930460/0), network size: 0, avg network size: 0, si_in_serializable: 0 0 %, local: 0 %
I0314 18:41:58.397289 2001345 Coordinator.h:126] commit: 25234 abort: 950766 (0/950766/0), network size: 0, avg network size: 0, si_in_serializable: 0 0 %, local: 0 %
I0314 18:41:59.397444 2001345 Coordinator.h:126] commit: 25397 abort: 946603 (0/946603/0), network size: 0, avg network size: 0, si_in_serializable: 0 0 %, local: 0 %
I0314 18:42:00.397560 2001345 Coordinator.h:126] commit: 25550 abort: 950450 (0/950450/0), network size: 0, avg network size: 0, si_in_serializable: 0 0 %, local: 0 %
I0314 18:42:01.397684 2001345 Coordinator.h:126] commit: 25367 abort: 950633 (0/950633/0), network size: 0, avg network size: 0, si_in_serializable: 0 0 %, local: 0 %
I0314 18:42:02.397854 2001345 Coordinator.h:126] commit: 25610 abort: 954065 (0/954065/0), network size: 0, avg network size: 0, si_in_serializable: 0 0 %, local: 0 %
I0314 18:42:03.398005 2001345 Coordinator.h:126] commit: 25185 abort: 947140 (0/947140/0), network size: 0, avg network size: 0, si_in_serializable: 0 0 %, local: 0 %
I0314 18:42:04.398146 2001345 Coordinator.h:126] commit: 25162 abort: 950838 (0/950838/0), network size: 0, avg network size: 0, si_in_serializable: 0 0 %, local: 0 %
I0314 18:42:05.398269 2001345 Coordinator.h:126] commit: 25197 abort: 950803 (0/950803/0), network size: 0, avg network size: 0, si_in_serializable: 0 0 %, local: 0 %
I0314 18:42:06.398399 2001345 Coordinator.h:126] commit: 25582 abort: 950418 (0/950418/0), network size: 0, avg network size: 0, si_in_serializable: 0 0 %, local: 0 %
I0314 18:42:07.398547 2001345 Coordinator.h:126] commit: 25698 abort: 950302 (0/950302/0), network size: 0, avg network size: 0, si_in_serializable: 0 0 %, local: 0 %
I0314 18:42:08.398684 2001345 Coordinator.h:126] commit: 24812 abort: 943188 (0/943188/0), network size: 0, avg network size: 0, si_in_serializable: 0 0 %, local: 0 %
I0314 18:42:09.398823 2001345 Coordinator.h:126] commit: 24804 abort: 947196 (0/947196/0), network size: 0, avg network size: 0, si_in_serializable: 0 0 %, local: 0 %
I0314 18:42:10.398952 2001345 Coordinator.h:126] commit: 25264 abort: 946736 (0/946736/0), network size: 0, avg network size: 0, si_in_serializable: 0 0 %, local: 0 %
I0314 18:42:10.399001 2001345 Coordinator.h:152] average commit: 25376.4 abort: 947824 (0/947824/0), network size: 0, avg network size: 0, si_in_serializable: 0 0 %, local: 0 %
I0314 18:42:10.400178 2001372 AriaExecutor.h:103] AriaExecutor 3 exits. 
I0314 18:42:10.400197 2001381 Manager.h:227] Manager(worker id = 12) on the coordinator node exits.
I0314 18:42:10.400178 2001369 AriaExecutor.h:103] AriaExecutor 0 exits. 
I0314 18:42:10.400189 2001380 AriaExecutor.h:103] AriaExecutor 11 exits. 
I0314 18:42:10.400178 2001379 AriaExecutor.h:103] AriaExecutor 10 exits. 
I0314 18:42:10.400182 2001370 AriaExecutor.h:103] AriaExecutor 1 exits. 
I0314 18:42:10.400178 2001374 AriaExecutor.h:103] AriaExecutor 5 exits. 
I0314 18:42:10.400190 2001378 AriaExecutor.h:103] AriaExecutor 9 exits. 
I0314 18:42:10.400192 2001371 AriaExecutor.h:103] AriaExecutor 2 exits. 
I0314 18:42:10.400192 2001376 AriaExecutor.h:103] AriaExecutor 7 exits. 
I0314 18:42:10.400193 2001375 AriaExecutor.h:103] AriaExecutor 6 exits. 
I0314 18:42:10.400178 2001377 AriaExecutor.h:103] AriaExecutor 8 exits. 
I0314 18:42:10.400192 2001373 AriaExecutor.h:103] AriaExecutor 4 exits. 
I0314 18:42:10.399044 2001345 AriaExecutor.h:649] Worker 0 latency: 129636 us (50%) 305258 us (75%) 636009 us (95%) 858003 us (99%).
I0314 18:42:10.411339 2001345 AriaExecutor.h:649] Worker 1 latency: 93639 us (50%) 208052 us (75%) 593761 us (95%) 676511 us (99%).
I0314 18:42:10.418888 2001345 AriaExecutor.h:649] Worker 2 latency: 95240 us (50%) 207874 us (75%) 569033 us (95%) 665018 us (99%).
I0314 18:42:10.424037 2001345 AriaExecutor.h:649] Worker 3 latency: 89680 us (50%) 195705 us (75%) 552668 us (95%) 655726 us (99%).
I0314 18:42:10.428900 2001345 AriaExecutor.h:649] Worker 4 latency: 93499 us (50%) 200119 us (75%) 545270 us (95%) 647897 us (99%).
I0314 18:42:10.432266 2001345 AriaExecutor.h:649] Worker 5 latency: 106287 us (50%) 229014 us (75%) 532677 us (95%) 638621 us (99%).
I0314 18:42:10.436584 2001345 AriaExecutor.h:649] Worker 6 latency: 97558 us (50%) 209918 us (75%) 522897 us (95%) 632860 us (99%).
I0314 18:42:10.440210 2001345 AriaExecutor.h:649] Worker 7 latency: 90641 us (50%) 194741 us (75%) 510828 us (95%) 627156 us (99%).
I0314 18:42:10.443486 2001345 AriaExecutor.h:649] Worker 8 latency: 89723 us (50%) 192007 us (75%) 506883 us (95%) 629046 us (99%).
I0314 18:42:10.446689 2001345 AriaExecutor.h:649] Worker 9 latency: 90019 us (50%) 192612 us (75%) 498576 us (95%) 625190 us (99%).
I0314 18:42:10.450098 2001345 AriaExecutor.h:649] Worker 10 latency: 89159 us (50%) 190371 us (75%) 494192 us (95%) 619462 us (99%).
I0314 18:42:10.453310 2001345 AriaExecutor.h:649] Worker 11 latency: 93673 us (50%) 200394 us (75%) 494529 us (95%) 619556 us (99%).
I0314 18:42:10.456754 2001345 Coordinator.h:177] total commit: 25376.4
I0314 18:42:11.456946 2001345 Coordinator.h:192] Coordinator exits.
