I0314 18:19:27.895143 1992377 Database.h:65] ycsb initialization finished in 98 milliseconds.
I0314 18:19:27.895386 1992377 Coordinator.h:30] Coordinator initializes 12 workers.
I0314 18:19:27.933517 1992377 Coordinator.h:77] Coordinator starts to run 13 workers.
I0314 18:19:27.933605 1992393 AriaFBExecutor.h:86] AriaFBExecutor 0 started. 
I0314 18:19:27.933637 1992394 AriaFBExecutor.h:86] AriaFBExecutor 1 started. 
I0314 18:19:27.933761 1992395 AriaFBExecutor.h:86] AriaFBExecutor 2 started. 
I0314 18:19:27.933790 1992396 AriaFBExecutor.h:86] AriaFBExecutor 3 started. 
I0314 18:19:27.933907 1992397 AriaFBExecutor.h:86] AriaFBExecutor 4 started. 
I0314 18:19:27.933962 1992398 AriaFBExecutor.h:86] AriaFBExecutor 5 started. 
I0314 18:19:27.934043 1992399 AriaFBExecutor.h:86] AriaFBExecutor 6 started. 
I0314 18:19:27.934161 1992400 AriaFBExecutor.h:86] AriaFBExecutor 7 started. 
I0314 18:19:27.934281 1992401 AriaFBExecutor.h:86] AriaFBExecutor 8 started. 
I0314 18:19:27.934329 1992402 AriaFBExecutor.h:86] AriaFBExecutor 9 started. 
I0314 18:19:27.934422 1992403 AriaFBExecutor.h:86] AriaFBExecutor 10 started. 
I0314 18:19:27.934540 1992404 AriaFBExecutor.h:86] AriaFBExecutor 11 started. 
I0314 18:19:27.934657 1992405 Manager.h:224] Manager(worker id = 12) on the coordinator node started.
I0314 18:19:28.934695 1992377 Coordinator.h:126] commit: 146872 abort: 119851 (0/119851/0), network size: 0, avg network size: 0, si_in_serializable: 0 0 %, local: 0 %
I0314 18:19:29.934854 1992377 Coordinator.h:126] commit: 145353 abort: 119022 (0/119022/0), network size: 0, avg network size: 0, si_in_serializable: 0 0 %, local: 0 %
I0314 18:19:30.935011 1992377 Coordinator.h:126] commit: 150459 abort: 122041 (0/122041/0), network size: 0, avg network size: 0, si_in_serializable: 0 0 %, local: 0 %
I0314 18:19:31.935127 1992377 Coordinator.h:126] commit: 151915 abort: 123794 (0/123794/0), network size: 0, avg network size: 0, si_in_serializable: 0 0 %, local: 0 %
I0314 18:19:32.935235 1992377 Coordinator.h:126] commit: 151401 abort: 123009 (0/123009/0), network size: 0, avg network size: 0, si_in_serializable: 0 0 %, local: 0 %
I0314 18:19:33.935349 1992377 Coordinator.h:126] commit: 150581 abort: 123158 (0/123158/0), network size: 0, avg network size: 0, si_in_serializable: 0 0 %, local: 0 %
I0314 18:19:34.935484 1992377 Coordinator.h:126] commit: 151623 abort: 123989 (0/123989/0), network size: 0, avg network size: 0, si_in_serializable: 0 0 %, local: 0 %
I0314 18:19:35.935679 1992377 Coordinator.h:126] commit: 151952 abort: 123864 (0/123864/0), network size: 0, avg network size: 0, si_in_serializable: 0 0 %, local: 0 %
I0314 18:19:36.935814 1992377 Coordinator.h:126] commit: 151844 abort: 123174 (0/123174/0), network size: 0, avg network size: 0, si_in_serializable: 0 0 %, local: 0 %
I0314 18:19:37.935946 1992377 Coordinator.h:126] commit: 149903 abort: 122139 (0/122139/0), network size: 0, avg network size: 0, si_in_serializable: 0 0 %, local: 0 %
I0314 18:19:38.936061 1992377 Coordinator.h:126] commit: 151763 abort: 123826 (0/123826/0), network size: 0, avg network size: 0, si_in_serializable: 0 0 %, local: 0 %
I0314 18:19:39.936189 1992377 Coordinator.h:126] commit: 150950 abort: 122980 (0/122980/0), network size: 0, avg network size: 0, si_in_serializable: 0 0 %, local: 0 %
I0314 18:19:40.936334 1992377 Coordinator.h:126] commit: 151384 abort: 123208 (0/123208/0), network size: 0, avg network size: 0, si_in_serializable: 0 0 %, local: 0 %
I0314 18:19:41.936452 1992377 Coordinator.h:126] commit: 151000 abort: 123080 (0/123080/0), network size: 0, avg network size: 0, si_in_serializable: 0 0 %, local: 0 %
I0314 18:19:42.936570 1992377 Coordinator.h:126] commit: 151616 abort: 123738 (0/123738/0), network size: 0, avg network size: 0, si_in_serializable: 0 0 %, local: 0 %
I0314 18:19:43.936760 1992377 Coordinator.h:126] commit: 151611 abort: 123857 (0/123857/0), network size: 0, avg network size: 0, si_in_serializable: 0 0 %, local: 0 %
I0314 18:19:44.936903 1992377 Coordinator.h:126] commit: 152582 abort: 123971 (0/123971/0), network size: 0, avg network size: 0, si_in_serializable: 0 0 %, local: 0 %
I0314 18:19:45.937034 1992377 Coordinator.h:126] commit: 151191 abort: 123133 (0/123133/0), network size: 0, avg network size: 0, si_in_serializable: 0 0 %, local: 0 %
I0314 18:19:46.937162 1992377 Coordinator.h:126] commit: 151278 abort: 124085 (0/124085/0), network size: 0, avg network size: 0, si_in_serializable: 0 0 %, local: 0 %
I0314 18:19:47.937282 1992377 Coordinator.h:126] commit: 147620 abort: 119640 (0/119640/0), network size: 0, avg network size: 0, si_in_serializable: 0 0 %, local: 0 %
I0314 18:19:48.937404 1992377 Coordinator.h:126] commit: 152102 abort: 123781 (0/123781/0), network size: 0, avg network size: 0, si_in_serializable: 0 0 %, local: 0 %
I0314 18:19:49.937512 1992377 Coordinator.h:126] commit: 152000 abort: 123707 (0/123707/0), network size: 0, avg network size: 0, si_in_serializable: 0 0 %, local: 0 %
I0314 18:19:50.937633 1992377 Coordinator.h:126] commit: 151428 abort: 124126 (0/124126/0), network size: 0, avg network size: 0, si_in_serializable: 0 0 %, local: 0 %
I0314 18:19:51.937765 1992377 Coordinator.h:126] commit: 151572 abort: 123190 (0/123190/0), network size: 0, avg network size: 0, si_in_serializable: 0 0 %, local: 0 %
I0314 18:19:52.937888 1992377 Coordinator.h:126] commit: 151468 abort: 123961 (0/123961/0), network size: 0, avg network size: 0, si_in_serializable: 0 0 %, local: 0 %
I0314 18:19:52.937923 1992377 Coordinator.h:152] average commit: 151100 abort: 123152 (0/123152/0), network size: 0, avg network size: 0, si_in_serializable: 0 0 %, local: 0 %
I0314 18:19:52.940438 1992395 AriaFBExecutor.h:95] AriaFBExecutor 2 exits. 
I0314 18:19:52.940462 1992405 Manager.h:227] Manager(worker id = 12) on the coordinator node exits.
I0314 18:19:52.940438 1992402 AriaFBExecutor.h:95] AriaFBExecutor 9 exits. 
I0314 18:19:52.940455 1992397 AriaFBExecutor.h:95] AriaFBExecutor 4 exits. 
I0314 18:19:52.940452 1992401 AriaFBExecutor.h:95] AriaFBExecutor 8 exits. 
I0314 18:19:52.940451 1992394 AriaFBExecutor.h:95] AriaFBExecutor 1 exits. 
I0314 18:19:52.940454 1992399 AriaFBExecutor.h:95] AriaFBExecutor 6 exits. 
I0314 18:19:52.940438 1992403 AriaFBExecutor.h:95] AriaFBExecutor 10 exits. 
I0314 18:19:52.940454 1992398 AriaFBExecutor.h:95] AriaFBExecutor 5 exits. 
I0314 18:19:52.940438 1992400 AriaFBExecutor.h:95] AriaFBExecutor 7 exits. 
I0314 18:19:52.940451 1992393 AriaFBExecutor.h:95] AriaFBExecutor 0 exits. 
I0314 18:19:52.940457 1992404 AriaFBExecutor.h:95] AriaFBExecutor 11 exits. 
I0314 18:19:52.940452 1992396 AriaFBExecutor.h:95] AriaFBExecutor 3 exits. 
I0314 18:19:52.937968 1992377 AriaFBExecutor.h:803] Worker 0 latency: 1966 us (50%) 2215 us (75%) 2321 us (95%) 2384 us (99%).
I0314 18:19:52.946964 1992377 AriaFBExecutor.h:803] Worker 1 latency: 3652 us (50%) 4529 us (75%) 5234 us (95%) 5497 us (99%).
I0314 18:19:52.974274 1992377 AriaFBExecutor.h:803] Worker 2 latency: 3658 us (50%) 4531 us (75%) 5235 us (95%) 5498 us (99%).
I0314 18:19:52.991400 1992377 AriaFBExecutor.h:803] Worker 3 latency: 3660 us (50%) 4533 us (75%) 5235 us (95%) 5499 us (99%).
I0314 18:19:53.008244 1992377 AriaFBExecutor.h:803] Worker 4 latency: 3665 us (50%) 4535 us (75%) 5235 us (95%) 5499 us (99%).
I0314 18:19:53.025130 1992377 AriaFBExecutor.h:803] Worker 5 latency: 3668 us (50%) 4536 us (75%) 5236 us (95%) 5500 us (99%).
I0314 18:19:53.041965 1992377 AriaFBExecutor.h:803] Worker 6 latency: 3674 us (50%) 4539 us (75%) 5237 us (95%) 5501 us (99%).
I0314 18:19:53.058872 1992377 AriaFBExecutor.h:803] Worker 7 latency: 3676 us (50%) 4541 us (75%) 5237 us (95%) 5500 us (99%).
I0314 18:19:53.075627 1992377 AriaFBExecutor.h:803] Worker 8 latency: 3680 us (50%) 4542 us (75%) 5238 us (95%) 5501 us (99%).
I0314 18:19:53.092360 1992377 AriaFBExecutor.h:803] Worker 9 latency: 3683 us (50%) 4544 us (75%) 5239 us (95%) 5501 us (99%).
I0314 18:19:53.109038 1992377 AriaFBExecutor.h:803] Worker 10 latency: 3684 us (50%) 4544 us (75%) 5238 us (95%) 5500 us (99%).
I0314 18:19:53.125855 1992377 AriaFBExecutor.h:803] Worker 11 latency: 3686 us (50%) 4545 us (75%) 5239 us (95%) 5501 us (99%).
I0314 18:19:53.142385 1992377 Coordinator.h:177] total commit: 151100
I0314 18:19:54.142611 1992377 Coordinator.h:192] Coordinator exits.
