I0314 18:07:29.459717 1987891 Database.h:65] ycsb initialization finished in 97 milliseconds.
I0314 18:07:29.459940 1987891 Coordinator.h:30] Coordinator initializes 12 workers.
I0314 18:07:29.568262 1987891 Coordinator.h:77] Coordinator starts to run 13 workers.
I0314 18:07:29.568359 1987907 AriaFBExecutor.h:86] AriaFBExecutor 0 started. 
I0314 18:07:29.568406 1987908 AriaFBExecutor.h:86] AriaFBExecutor 1 started. 
I0314 18:07:29.568528 1987909 AriaFBExecutor.h:86] AriaFBExecutor 2 started. 
I0314 18:07:29.568564 1987910 AriaFBExecutor.h:86] AriaFBExecutor 3 started. 
I0314 18:07:29.568679 1987911 AriaFBExecutor.h:86] AriaFBExecutor 4 started. 
I0314 18:07:29.568718 1987912 AriaFBExecutor.h:86] AriaFBExecutor 5 started. 
I0314 18:07:29.568820 1987913 AriaFBExecutor.h:86] AriaFBExecutor 6 started. 
I0314 18:07:29.568936 1987914 AriaFBExecutor.h:86] AriaFBExecutor 7 started. 
I0314 18:07:29.569056 1987915 AriaFBExecutor.h:86] AriaFBExecutor 8 started. 
I0314 18:07:29.569118 1987916 AriaFBExecutor.h:86] AriaFBExecutor 9 started. 
I0314 18:07:29.569214 1987917 AriaFBExecutor.h:86] AriaFBExecutor 10 started. 
I0314 18:07:29.569336 1987918 AriaFBExecutor.h:86] AriaFBExecutor 11 started. 
I0314 18:07:29.569383 1987919 Manager.h:224] Manager(worker id = 12) on the coordinator node started.
I0314 18:07:30.569434 1987891 Coordinator.h:126] commit: 416000 abort: 14588 (0/14588/0), network size: 0, avg network size: 0, si_in_serializable: 0 0 %, local: 0 %
I0314 18:07:31.569604 1987891 Coordinator.h:126] commit: 447858 abort: 15988 (0/15988/0), network size: 0, avg network size: 0, si_in_serializable: 0 0 %, local: 0 %
I0314 18:07:32.569802 1987891 Coordinator.h:126] commit: 468142 abort: 16860 (0/16860/0), network size: 0, avg network size: 0, si_in_serializable: 0 0 %, local: 0 %
I0314 18:07:33.569941 1987891 Coordinator.h:126] commit: 468000 abort: 16528 (0/16528/0), network size: 0, avg network size: 0, si_in_serializable: 0 0 %, local: 0 %
I0314 18:07:34.570072 1987891 Coordinator.h:126] commit: 468000 abort: 16624 (0/16624/0), network size: 0, avg network size: 0, si_in_serializable: 0 0 %, local: 0 %
I0314 18:07:35.570202 1987891 Coordinator.h:126] commit: 468000 abort: 16492 (0/16492/0), network size: 0, avg network size: 0, si_in_serializable: 0 0 %, local: 0 %
I0314 18:07:36.570336 1987891 Coordinator.h:126] commit: 464000 abort: 16467 (0/16467/0), network size: 0, avg network size: 0, si_in_serializable: 0 0 %, local: 0 %
I0314 18:07:37.570534 1987891 Coordinator.h:126] commit: 468000 abort: 16600 (0/16600/0), network size: 0, avg network size: 0, si_in_serializable: 0 0 %, local: 0 %
I0314 18:07:38.570696 1987891 Coordinator.h:126] commit: 472000 abort: 16667 (0/16667/0), network size: 0, avg network size: 0, si_in_serializable: 0 0 %, local: 0 %
I0314 18:07:39.570827 1987891 Coordinator.h:126] commit: 468000 abort: 16565 (0/16565/0), network size: 0, avg network size: 0, si_in_serializable: 0 0 %, local: 0 %
I0314 18:07:40.570943 1987891 Coordinator.h:126] commit: 472000 abort: 16709 (0/16709/0), network size: 0, avg network size: 0, si_in_serializable: 0 0 %, local: 0 %
I0314 18:07:41.571076 1987891 Coordinator.h:126] commit: 472000 abort: 16760 (0/16760/0), network size: 0, avg network size: 0, si_in_serializable: 0 0 %, local: 0 %
I0314 18:07:42.571218 1987891 Coordinator.h:126] commit: 468000 abort: 16858 (0/16858/0), network size: 0, avg network size: 0, si_in_serializable: 0 0 %, local: 0 %
I0314 18:07:43.571355 1987891 Coordinator.h:126] commit: 460000 abort: 16275 (0/16275/0), network size: 0, avg network size: 0, si_in_serializable: 0 0 %, local: 0 %
I0314 18:07:44.571489 1987891 Coordinator.h:126] commit: 468000 abort: 16599 (0/16599/0), network size: 0, avg network size: 0, si_in_serializable: 0 0 %, local: 0 %
I0314 18:07:45.571619 1987891 Coordinator.h:126] commit: 472000 abort: 16639 (0/16639/0), network size: 0, avg network size: 0, si_in_serializable: 0 0 %, local: 0 %
I0314 18:07:46.571748 1987891 Coordinator.h:126] commit: 472000 abort: 16670 (0/16670/0), network size: 0, avg network size: 0, si_in_serializable: 0 0 %, local: 0 %
I0314 18:07:47.571878 1987891 Coordinator.h:126] commit: 468000 abort: 16458 (0/16458/0), network size: 0, avg network size: 0, si_in_serializable: 0 0 %, local: 0 %
I0314 18:07:48.572009 1987891 Coordinator.h:126] commit: 468000 abort: 16653 (0/16653/0), network size: 0, avg network size: 0, si_in_serializable: 0 0 %, local: 0 %
I0314 18:07:49.572137 1987891 Coordinator.h:126] commit: 472000 abort: 16965 (0/16965/0), network size: 0, avg network size: 0, si_in_serializable: 0 0 %, local: 0 %
I0314 18:07:50.572278 1987891 Coordinator.h:126] commit: 471956 abort: 16738 (0/16738/0), network size: 0, avg network size: 0, si_in_serializable: 0 0 %, local: 0 %
I0314 18:07:51.572467 1987891 Coordinator.h:126] commit: 468044 abort: 16717 (0/16717/0), network size: 0, avg network size: 0, si_in_serializable: 0 0 %, local: 0 %
I0314 18:07:52.572610 1987891 Coordinator.h:126] commit: 472000 abort: 16795 (0/16795/0), network size: 0, avg network size: 0, si_in_serializable: 0 0 %, local: 0 %
I0314 18:07:53.572737 1987891 Coordinator.h:126] commit: 468000 abort: 16597 (0/16597/0), network size: 0, avg network size: 0, si_in_serializable: 0 0 %, local: 0 %
I0314 18:07:54.572883 1987891 Coordinator.h:126] commit: 472000 abort: 16880 (0/16880/0), network size: 0, avg network size: 0, si_in_serializable: 0 0 %, local: 0 %
I0314 18:07:54.572932 1987891 Coordinator.h:152] average commit: 469200 abort: 16658.6 (0/16658.6/0), network size: 0, avg network size: 0, si_in_serializable: 0 0 %, local: 0 %
I0314 18:07:54.578014 1987910 AriaFBExecutor.h:95] AriaFBExecutor 3 exits. 
I0314 18:07:54.578032 1987911 AriaFBExecutor.h:95] AriaFBExecutor 4 exits. 
I0314 18:07:54.578014 1987909 AriaFBExecutor.h:95] AriaFBExecutor 2 exits. 
I0314 18:07:54.578030 1987912 AriaFBExecutor.h:95] AriaFBExecutor 5 exits. 
I0314 18:07:54.578033 1987917 AriaFBExecutor.h:95] AriaFBExecutor 10 exits. 
I0314 18:07:54.578037 1987916 AriaFBExecutor.h:95] AriaFBExecutor 9 exits. 
I0314 18:07:54.578037 1987913 AriaFBExecutor.h:95] AriaFBExecutor 6 exits. 
I0314 18:07:54.578035 1987914 AriaFBExecutor.h:95] AriaFBExecutor 7 exits. 
I0314 18:07:54.578037 1987907 AriaFBExecutor.h:95] AriaFBExecutor 0 exits. 
I0314 18:07:54.578029 1987915 AriaFBExecutor.h:95] AriaFBExecutor 8 exits. 
I0314 18:07:54.578037 1987918 AriaFBExecutor.h:95] AriaFBExecutor 11 exits. 
I0314 18:07:54.578043 1987919 Manager.h:227] Manager(worker id = 12) on the coordinator node exits.
I0314 18:07:54.578030 1987908 AriaFBExecutor.h:95] AriaFBExecutor 1 exits. 
I0314 18:07:54.572976 1987891 AriaFBExecutor.h:803] Worker 0 latency: 5881 us (50%) 6992 us (75%) 7863 us (95%) 8146 us (99%).
I0314 18:07:54.634907 1987891 AriaFBExecutor.h:803] Worker 1 latency: 5847 us (50%) 6969 us (75%) 7865 us (95%) 8171 us (99%).
I0314 18:07:54.686091 1987891 AriaFBExecutor.h:803] Worker 2 latency: 5847 us (50%) 6968 us (75%) 7860 us (95%) 8138 us (99%).
I0314 18:07:54.737468 1987891 AriaFBExecutor.h:803] Worker 3 latency: 5849 us (50%) 6968 us (75%) 7858 us (95%) 8134 us (99%).
I0314 18:07:54.791107 1987891 AriaFBExecutor.h:803] Worker 4 latency: 5851 us (50%) 6969 us (75%) 7857 us (95%) 8151 us (99%).
I0314 18:07:54.841981 1987891 AriaFBExecutor.h:803] Worker 5 latency: 5845 us (50%) 6964 us (75%) 7856 us (95%) 8141 us (99%).
I0314 18:07:54.893006 1987891 AriaFBExecutor.h:803] Worker 6 latency: 5854 us (50%) 6968 us (75%) 7856 us (95%) 8130 us (99%).
I0314 18:07:54.943816 1987891 AriaFBExecutor.h:803] Worker 7 latency: 5846 us (50%) 6965 us (75%) 7856 us (95%) 8139 us (99%).
I0314 18:07:54.995939 1987891 AriaFBExecutor.h:803] Worker 8 latency: 5847 us (50%) 6965 us (75%) 7856 us (95%) 8132 us (99%).
I0314 18:07:55.048888 1987891 AriaFBExecutor.h:803] Worker 9 latency: 5841 us (50%) 6961 us (75%) 7855 us (95%) 8128 us (99%).
I0314 18:07:55.099629 1987891 AriaFBExecutor.h:803] Worker 10 latency: 5848 us (50%) 6962 us (75%) 7854 us (95%) 8123 us (99%).
I0314 18:07:55.150314 1987891 AriaFBExecutor.h:803] Worker 11 latency: 5850 us (50%) 6964 us (75%) 7857 us (95%) 8142 us (99%).
I0314 18:07:55.201301 1987891 Coordinator.h:177] total commit: 469200
I0314 18:07:56.201503 1987891 Coordinator.h:192] Coordinator exits.
