I0314 18:03:56.159518 1986563 Database.h:65] ycsb initialization finished in 96 milliseconds.
I0314 18:03:56.159739 1986563 Coordinator.h:30] Coordinator initializes 12 workers.
I0314 18:03:56.269006 1986563 Coordinator.h:77] Coordinator starts to run 13 workers.
I0314 18:03:56.269109 1986586 AriaFBExecutor.h:86] AriaFBExecutor 0 started. 
I0314 18:03:56.269179 1986587 AriaFBExecutor.h:86] AriaFBExecutor 1 started. 
I0314 18:03:56.269275 1986588 AriaFBExecutor.h:86] AriaFBExecutor 2 started. 
I0314 18:03:56.269356 1986589 AriaFBExecutor.h:86] AriaFBExecutor 3 started. 
I0314 18:03:56.269414 1986590 AriaFBExecutor.h:86] AriaFBExecutor 4 started. 
I0314 18:03:56.269500 1986591 AriaFBExecutor.h:86] AriaFBExecutor 5 started. 
I0314 18:03:56.269619 1986592 AriaFBExecutor.h:86] AriaFBExecutor 6 started. 
I0314 18:03:56.269737 1986593 AriaFBExecutor.h:86] AriaFBExecutor 7 started. 
I0314 18:03:56.269783 1986594 AriaFBExecutor.h:86] AriaFBExecutor 8 started. 
I0314 18:03:56.269874 1986595 AriaFBExecutor.h:86] AriaFBExecutor 9 started. 
I0314 18:03:56.269991 1986596 AriaFBExecutor.h:86] AriaFBExecutor 10 started. 
I0314 18:03:56.270048 1986597 AriaFBExecutor.h:86] AriaFBExecutor 11 started. 
I0314 18:03:56.270154 1986598 Manager.h:224] Manager(worker id = 12) on the coordinator node started.
I0314 18:03:57.270210 1986563 Coordinator.h:126] commit: 419969 abort: 9358 (0/9358/0), network size: 0, avg network size: 0, si_in_serializable: 0 0 %, local: 0 %
I0314 18:03:58.270355 1986563 Coordinator.h:126] commit: 448030 abort: 9834 (0/9834/0), network size: 0, avg network size: 0, si_in_serializable: 0 0 %, local: 0 %
I0314 18:03:59.270537 1986563 Coordinator.h:126] commit: 472000 abort: 10283 (0/10283/0), network size: 0, avg network size: 0, si_in_serializable: 0 0 %, local: 0 %
I0314 18:04:00.270673 1986563 Coordinator.h:126] commit: 472000 abort: 10377 (0/10377/0), network size: 0, avg network size: 0, si_in_serializable: 0 0 %, local: 0 %
I0314 18:04:01.270789 1986563 Coordinator.h:126] commit: 476000 abort: 10582 (0/10582/0), network size: 0, avg network size: 0, si_in_serializable: 0 0 %, local: 0 %
I0314 18:04:02.270902 1986563 Coordinator.h:126] commit: 468000 abort: 10386 (0/10386/0), network size: 0, avg network size: 0, si_in_serializable: 0 0 %, local: 0 %
I0314 18:04:03.271016 1986563 Coordinator.h:126] commit: 468000 abort: 10402 (0/10402/0), network size: 0, avg network size: 0, si_in_serializable: 0 0 %, local: 0 %
I0314 18:04:04.271186 1986563 Coordinator.h:126] commit: 476000 abort: 10440 (0/10440/0), network size: 0, avg network size: 0, si_in_serializable: 0 0 %, local: 0 %
I0314 18:04:05.271359 1986563 Coordinator.h:126] commit: 472025 abort: 10462 (0/10462/0), network size: 0, avg network size: 0, si_in_serializable: 0 0 %, local: 0 %
I0314 18:04:06.271493 1986563 Coordinator.h:126] commit: 475975 abort: 10503 (0/10503/0), network size: 0, avg network size: 0, si_in_serializable: 0 0 %, local: 0 %
I0314 18:04:07.271608 1986563 Coordinator.h:126] commit: 476000 abort: 10558 (0/10558/0), network size: 0, avg network size: 0, si_in_serializable: 0 0 %, local: 0 %
I0314 18:04:08.271721 1986563 Coordinator.h:126] commit: 476000 abort: 10451 (0/10451/0), network size: 0, avg network size: 0, si_in_serializable: 0 0 %, local: 0 %
I0314 18:04:09.271831 1986563 Coordinator.h:126] commit: 472000 abort: 10237 (0/10237/0), network size: 0, avg network size: 0, si_in_serializable: 0 0 %, local: 0 %
I0314 18:04:10.271955 1986563 Coordinator.h:126] commit: 460000 abort: 10135 (0/10135/0), network size: 0, avg network size: 0, si_in_serializable: 0 0 %, local: 0 %
I0314 18:04:11.272084 1986563 Coordinator.h:126] commit: 476000 abort: 10458 (0/10458/0), network size: 0, avg network size: 0, si_in_serializable: 0 0 %, local: 0 %
I0314 18:04:12.272192 1986563 Coordinator.h:126] commit: 476000 abort: 10413 (0/10413/0), network size: 0, avg network size: 0, si_in_serializable: 0 0 %, local: 0 %
I0314 18:04:13.272295 1986563 Coordinator.h:126] commit: 472000 abort: 10378 (0/10378/0), network size: 0, avg network size: 0, si_in_serializable: 0 0 %, local: 0 %
I0314 18:04:14.272405 1986563 Coordinator.h:126] commit: 476000 abort: 10542 (0/10542/0), network size: 0, avg network size: 0, si_in_serializable: 0 0 %, local: 0 %
I0314 18:04:15.272531 1986563 Coordinator.h:126] commit: 472000 abort: 10413 (0/10413/0), network size: 0, avg network size: 0, si_in_serializable: 0 0 %, local: 0 %
I0314 18:04:16.272666 1986563 Coordinator.h:126] commit: 472000 abort: 10614 (0/10614/0), network size: 0, avg network size: 0, si_in_serializable: 0 0 %, local: 0 %
I0314 18:04:17.272846 1986563 Coordinator.h:126] commit: 476000 abort: 10530 (0/10530/0), network size: 0, avg network size: 0, si_in_serializable: 0 0 %, local: 0 %
I0314 18:04:18.272994 1986563 Coordinator.h:126] commit: 472000 abort: 10511 (0/10511/0), network size: 0, avg network size: 0, si_in_serializable: 0 0 %, local: 0 %
I0314 18:04:19.273108 1986563 Coordinator.h:126] commit: 476000 abort: 10416 (0/10416/0), network size: 0, avg network size: 0, si_in_serializable: 0 0 %, local: 0 %
I0314 18:04:20.273221 1986563 Coordinator.h:126] commit: 476000 abort: 10473 (0/10473/0), network size: 0, avg network size: 0, si_in_serializable: 0 0 %, local: 0 %
I0314 18:04:21.273339 1986563 Coordinator.h:126] commit: 472000 abort: 10482 (0/10482/0), network size: 0, avg network size: 0, si_in_serializable: 0 0 %, local: 0 %
I0314 18:04:21.273386 1986563 Coordinator.h:152] average commit: 472800 abort: 10419.9 (0/10419.9/0), network size: 0, avg network size: 0, si_in_serializable: 0 0 %, local: 0 %
I0314 18:04:21.275131 1986589 AriaFBExecutor.h:95] AriaFBExecutor 3 exits. 
I0314 18:04:21.275151 1986596 AriaFBExecutor.h:95] AriaFBExecutor 10 exits. 
I0314 18:04:21.275131 1986592 AriaFBExecutor.h:95] AriaFBExecutor 6 exits. 
I0314 18:04:21.275152 1986594 AriaFBExecutor.h:95] AriaFBExecutor 8 exits. 
I0314 18:04:21.275151 1986588 AriaFBExecutor.h:95] AriaFBExecutor 2 exits. 
I0314 18:04:21.275151 1986591 AriaFBExecutor.h:95] AriaFBExecutor 5 exits. 
I0314 18:04:21.275131 1986597 AriaFBExecutor.h:95] AriaFBExecutor 11 exits. 
I0314 18:04:21.275151 1986590 AriaFBExecutor.h:95] AriaFBExecutor 4 exits. 
I0314 18:04:21.275153 1986587 AriaFBExecutor.h:95] AriaFBExecutor 1 exits. 
I0314 18:04:21.275131 1986595 AriaFBExecutor.h:95] AriaFBExecutor 9 exits. 
I0314 18:04:21.275153 1986593 AriaFBExecutor.h:95] AriaFBExecutor 7 exits. 
I0314 18:04:21.275161 1986598 Manager.h:227] Manager(worker id = 12) on the coordinator node exits.
I0314 18:04:21.275151 1986586 AriaFBExecutor.h:95] AriaFBExecutor 0 exits. 
I0314 18:04:21.273430 1986563 AriaFBExecutor.h:803] Worker 0 latency: 5866 us (50%) 6977 us (75%) 7854 us (95%) 8140 us (99%).
I0314 18:04:21.335207 1986563 AriaFBExecutor.h:803] Worker 1 latency: 5844 us (50%) 6964 us (75%) 7857 us (95%) 8164 us (99%).
I0314 18:04:21.386912 1986563 AriaFBExecutor.h:803] Worker 2 latency: 5845 us (50%) 6962 us (75%) 7851 us (95%) 8130 us (99%).
I0314 18:04:21.440246 1986563 AriaFBExecutor.h:803] Worker 3 latency: 5838 us (50%) 6960 us (75%) 7849 us (95%) 8132 us (99%).
I0314 18:04:21.491477 1986563 AriaFBExecutor.h:803] Worker 4 latency: 5849 us (50%) 6965 us (75%) 7849 us (95%) 8136 us (99%).
I0314 18:04:21.542619 1986563 AriaFBExecutor.h:803] Worker 5 latency: 5851 us (50%) 6964 us (75%) 7849 us (95%) 8134 us (99%).
I0314 18:04:21.593302 1986563 AriaFBExecutor.h:803] Worker 6 latency: 5849 us (50%) 6963 us (75%) 7849 us (95%) 8130 us (99%).
I0314 18:04:21.644033 1986563 AriaFBExecutor.h:803] Worker 7 latency: 5851 us (50%) 6963 us (75%) 7851 us (95%) 8145 us (99%).
I0314 18:04:21.697993 1986563 AriaFBExecutor.h:803] Worker 8 latency: 5847 us (50%) 6959 us (75%) 7849 us (95%) 8136 us (99%).
I0314 18:04:21.748414 1986563 AriaFBExecutor.h:803] Worker 9 latency: 5836 us (50%) 6952 us (75%) 7848 us (95%) 8132 us (99%).
I0314 18:04:21.799213 1986563 AriaFBExecutor.h:803] Worker 10 latency: 5845 us (50%) 6956 us (75%) 7848 us (95%) 8122 us (99%).
I0314 18:04:21.849401 1986563 AriaFBExecutor.h:803] Worker 11 latency: 5842 us (50%) 6954 us (75%) 7848 us (95%) 8120 us (99%).
I0314 18:04:21.900027 1986563 Coordinator.h:177] total commit: 472800
I0314 18:04:22.900257 1986563 Coordinator.h:192] Coordinator exits.
