I0314 18:23:31.174961 1994084 Database.h:65] ycsb initialization finished in 98 milliseconds.
I0314 18:23:31.175189 1994084 Coordinator.h:30] Coordinator initializes 12 workers.
I0314 18:23:31.285466 1994084 Coordinator.h:77] Coordinator starts to run 13 workers.
I0314 18:23:31.285552 1994106 AriaExecutor.h:91] AriaExecutor 0 started. 
I0314 18:23:31.285606 1994107 AriaExecutor.h:91] AriaExecutor 1 started. 
I0314 18:23:31.285706 1994108 AriaExecutor.h:91] AriaExecutor 2 started. 
I0314 18:23:31.285825 1994109 AriaExecutor.h:91] AriaExecutor 3 started. 
I0314 18:23:31.285946 1994110 AriaExecutor.h:91] AriaExecutor 4 started. 
I0314 18:23:31.286003 1994111 AriaExecutor.h:91] AriaExecutor 5 started. 
I0314 18:23:31.286092 1994112 AriaExecutor.h:91] AriaExecutor 6 started. 
I0314 18:23:31.286209 1994113 AriaExecutor.h:91] AriaExecutor 7 started. 
I0314 18:23:31.286327 1994114 AriaExecutor.h:91] AriaExecutor 8 started. 
I0314 18:23:31.286448 1994115 AriaExecutor.h:91] AriaExecutor 9 started. 
I0314 18:23:31.286497 1994116 AriaExecutor.h:91] AriaExecutor 10 started. 
I0314 18:23:31.286587 1994117 AriaExecutor.h:91] AriaExecutor 11 started. 
I0314 18:23:31.286643 1994118 Manager.h:224] Manager(worker id = 12) on the coordinator node started.
I0314 18:23:32.286692 1994084 Coordinator.h:126] commit: 405321 abort: 52571 (0/52571/0), network size: 0, avg network size: 0, si_in_serializable: 0 0 %, local: 0 %
I0314 18:23:33.286847 1994084 Coordinator.h:126] commit: 422400 abort: 55708 (0/55708/0), network size: 0, avg network size: 0, si_in_serializable: 0 0 %, local: 0 %
I0314 18:23:34.287027 1994084 Coordinator.h:126] commit: 445972 abort: 58028 (0/58028/0), network size: 0, avg network size: 0, si_in_serializable: 0 0 %, local: 0 %
I0314 18:23:35.287204 1994084 Coordinator.h:126] commit: 438709 abort: 57291 (0/57291/0), network size: 0, avg network size: 0, si_in_serializable: 0 0 %, local: 0 %
I0314 18:23:36.287366 1994084 Coordinator.h:126] commit: 442358 abort: 57642 (0/57642/0), network size: 0, avg network size: 0, si_in_serializable: 0 0 %, local: 0 %
I0314 18:23:37.287494 1994084 Coordinator.h:126] commit: 438981 abort: 57238 (0/57238/0), network size: 0, avg network size: 0, si_in_serializable: 0 0 %, local: 0 %
I0314 18:23:38.287668 1994084 Coordinator.h:126] commit: 445863 abort: 57918 (0/57918/0), network size: 0, avg network size: 0, si_in_serializable: 0 0 %, local: 0 %
I0314 18:23:39.287807 1994084 Coordinator.h:126] commit: 442223 abort: 57777 (0/57777/0), network size: 0, avg network size: 0, si_in_serializable: 0 0 %, local: 0 %
I0314 18:23:40.287945 1994084 Coordinator.h:126] commit: 445903 abort: 58097 (0/58097/0), network size: 0, avg network size: 0, si_in_serializable: 0 0 %, local: 0 %
I0314 18:23:41.288075 1994084 Coordinator.h:126] commit: 445645 abort: 58355 (0/58355/0), network size: 0, avg network size: 0, si_in_serializable: 0 0 %, local: 0 %
I0314 18:23:42.288203 1994084 Coordinator.h:126] commit: 442248 abort: 57752 (0/57752/0), network size: 0, avg network size: 0, si_in_serializable: 0 0 %, local: 0 %
I0314 18:23:43.288329 1994084 Coordinator.h:126] commit: 442483 abort: 57517 (0/57517/0), network size: 0, avg network size: 0, si_in_serializable: 0 0 %, local: 0 %
I0314 18:23:44.288444 1994084 Coordinator.h:126] commit: 442096 abort: 57904 (0/57904/0), network size: 0, avg network size: 0, si_in_serializable: 0 0 %, local: 0 %
I0314 18:23:45.288566 1994084 Coordinator.h:126] commit: 432273 abort: 56706 (0/56706/0), network size: 0, avg network size: 0, si_in_serializable: 0 0 %, local: 0 %
I0314 18:23:46.288704 1994084 Coordinator.h:126] commit: 427439 abort: 55580 (0/55580/0), network size: 0, avg network size: 0, si_in_serializable: 0 0 %, local: 0 %
I0314 18:23:47.288844 1994084 Coordinator.h:126] commit: 442304 abort: 57696 (0/57696/0), network size: 0, avg network size: 0, si_in_serializable: 0 0 %, local: 0 %
I0314 18:23:48.289031 1994084 Coordinator.h:126] commit: 438968 abort: 57032 (0/57032/0), network size: 0, avg network size: 0, si_in_serializable: 0 0 %, local: 0 %
I0314 18:23:49.289165 1994084 Coordinator.h:126] commit: 445464 abort: 58536 (0/58536/0), network size: 0, avg network size: 0, si_in_serializable: 0 0 %, local: 0 %
I0314 18:23:50.289297 1994084 Coordinator.h:126] commit: 442583 abort: 57417 (0/57417/0), network size: 0, avg network size: 0, si_in_serializable: 0 0 %, local: 0 %
I0314 18:23:51.289455 1994084 Coordinator.h:126] commit: 442135 abort: 57865 (0/57865/0), network size: 0, avg network size: 0, si_in_serializable: 0 0 %, local: 0 %
I0314 18:23:52.289589 1994084 Coordinator.h:126] commit: 442299 abort: 57701 (0/57701/0), network size: 0, avg network size: 0, si_in_serializable: 0 0 %, local: 0 %
I0314 18:23:53.289709 1994084 Coordinator.h:126] commit: 442222 abort: 57778 (0/57778/0), network size: 0, avg network size: 0, si_in_serializable: 0 0 %, local: 0 %
I0314 18:23:54.289834 1994084 Coordinator.h:126] commit: 442304 abort: 57696 (0/57696/0), network size: 0, avg network size: 0, si_in_serializable: 0 0 %, local: 0 %
I0314 18:23:55.289951 1994084 Coordinator.h:126] commit: 449332 abort: 58668 (0/58668/0), network size: 0, avg network size: 0, si_in_serializable: 0 0 %, local: 0 %
I0314 18:23:56.290107 1994084 Coordinator.h:126] commit: 449218 abort: 58782 (0/58782/0), network size: 0, avg network size: 0, si_in_serializable: 0 0 %, local: 0 %
I0314 18:23:56.290158 1994084 Coordinator.h:152] average commit: 439799 abort: 57400.5 (0/57400.5/0), network size: 0, avg network size: 0, si_in_serializable: 0 0 %, local: 0 %
I0314 18:23:56.291072 1994106 AriaExecutor.h:103] AriaExecutor 0 exits. 
I0314 18:23:56.291096 1994118 Manager.h:227] Manager(worker id = 12) on the coordinator node exits.
I0314 18:23:56.291072 1994108 AriaExecutor.h:103] AriaExecutor 2 exits. 
I0314 18:23:56.291072 1994111 AriaExecutor.h:103] AriaExecutor 5 exits. 
I0314 18:23:56.291090 1994110 AriaExecutor.h:103] AriaExecutor 4 exits. 
I0314 18:23:56.291088 1994114 AriaExecutor.h:103] AriaExecutor 8 exits. 
I0314 18:23:56.291072 1994117 AriaExecutor.h:103] AriaExecutor 11 exits. 
I0314 18:23:56.291091 1994115 AriaExecutor.h:103] AriaExecutor 9 exits. 
I0314 18:23:56.291090 1994107 AriaExecutor.h:103] AriaExecutor 1 exits. 
I0314 18:23:56.291091 1994116 AriaExecutor.h:103] AriaExecutor 10 exits. 
I0314 18:23:56.291090 1994112 AriaExecutor.h:103] AriaExecutor 6 exits. 
I0314 18:23:56.291090 1994113 AriaExecutor.h:103] AriaExecutor 7 exits. 
I0314 18:23:56.291072 1994109 AriaExecutor.h:103] AriaExecutor 3 exits. 
I0314 18:23:56.290201 1994084 AriaExecutor.h:649] Worker 0 latency: 6146 us (50%) 6960 us (75%) 13485 us (95%) 20317 us (99%).
I0314 18:23:56.349524 1994084 AriaExecutor.h:649] Worker 1 latency: 6153 us (50%) 6961 us (75%) 13463 us (95%) 20163 us (99%).
I0314 18:23:56.392690 1994084 AriaExecutor.h:649] Worker 2 latency: 6151 us (50%) 6960 us (75%) 13453 us (95%) 20099 us (99%).
I0314 18:23:56.436779 1994084 AriaExecutor.h:649] Worker 3 latency: 6153 us (50%) 6960 us (75%) 13444 us (95%) 20050 us (99%).
I0314 18:23:56.480955 1994084 AriaExecutor.h:649] Worker 4 latency: 6152 us (50%) 6959 us (75%) 13442 us (95%) 20004 us (99%).
I0314 18:23:56.524070 1994084 AriaExecutor.h:649] Worker 5 latency: 6146 us (50%) 6957 us (75%) 13434 us (95%) 19947 us (99%).
I0314 18:23:56.567492 1994084 AriaExecutor.h:649] Worker 6 latency: 6147 us (50%) 6956 us (75%) 13427 us (95%) 19913 us (99%).
I0314 18:23:56.610638 1994084 AriaExecutor.h:649] Worker 7 latency: 6146 us (50%) 6956 us (75%) 13418 us (95%) 19850 us (99%).
I0314 18:23:56.653926 1994084 AriaExecutor.h:649] Worker 8 latency: 6150 us (50%) 6957 us (75%) 13409 us (95%) 19773 us (99%).
I0314 18:23:56.697788 1994084 AriaExecutor.h:649] Worker 9 latency: 6120 us (50%) 6945 us (75%) 13405 us (95%) 19712 us (99%).
I0314 18:23:56.741694 1994084 AriaExecutor.h:649] Worker 10 latency: 6151 us (50%) 6956 us (75%) 13395 us (95%) 19517 us (99%).
I0314 18:23:56.784759 1994084 AriaExecutor.h:649] Worker 11 latency: 6143 us (50%) 6952 us (75%) 13386 us (95%) 18561 us (99%).
I0314 18:23:56.827932 1994084 Coordinator.h:177] total commit: 439799
I0314 18:23:57.828138 1994084 Coordinator.h:192] Coordinator exits.
