I0314 19:46:15.963770 2026566 Database.h:65] ycsb initialization finished in 98 milliseconds.
I0314 19:46:15.963999 2026566 Coordinator.h:30] Coordinator initializes 12 workers.
I0314 19:46:16.071926 2026566 Coordinator.h:77] Coordinator starts to run 13 workers.
I0314 19:46:16.072016 2026582 AriaFBExecutor.h:86] AriaFBExecutor 0 started. 
I0314 19:46:16.072065 2026583 AriaFBExecutor.h:86] AriaFBExecutor 1 started. 
I0314 19:46:16.072176 2026584 AriaFBExecutor.h:86] AriaFBExecutor 2 started. 
I0314 19:46:16.072295 2026585 AriaFBExecutor.h:86] AriaFBExecutor 3 started. 
I0314 19:46:16.072389 2026586 AriaFBExecutor.h:86] AriaFBExecutor 4 started. 
I0314 19:46:16.072453 2026587 AriaFBExecutor.h:86] AriaFBExecutor 5 started. 
I0314 19:46:16.072523 2026588 AriaFBExecutor.h:86] AriaFBExecutor 6 started. 
I0314 19:46:16.072603 2026589 AriaFBExecutor.h:86] AriaFBExecutor 7 started. 
I0314 19:46:16.072685 2026590 AriaFBExecutor.h:86] AriaFBExecutor 8 started. 
I0314 19:46:16.072742 2026591 AriaFBExecutor.h:86] AriaFBExecutor 9 started. 
I0314 19:46:16.072818 2026592 AriaFBExecutor.h:86] AriaFBExecutor 10 started. 
I0314 19:46:16.072891 2026593 AriaFBExecutor.h:86] AriaFBExecutor 11 started. 
I0314 19:46:16.072973 2026594 Manager.h:224] Manager(worker id = 12) on the coordinator node started.
I0314 19:46:17.073042 2026566 Coordinator.h:126] commit: 136000 abort: 123062 (0/123062/0), network size: 0, avg network size: 0, si_in_serializable: 0 0 %, local: 0 %
I0314 19:46:18.073196 2026566 Coordinator.h:126] commit: 134572 abort: 123001 (0/123001/0), network size: 0, avg network size: 0, si_in_serializable: 0 0 %, local: 0 %
I0314 19:46:19.073380 2026566 Coordinator.h:126] commit: 145428 abort: 130220 (0/130220/0), network size: 0, avg network size: 0, si_in_serializable: 0 0 %, local: 0 %
I0314 19:46:20.073513 2026566 Coordinator.h:126] commit: 147384 abort: 133862 (0/133862/0), network size: 0, avg network size: 0, si_in_serializable: 0 0 %, local: 0 %
I0314 19:46:21.073640 2026566 Coordinator.h:126] commit: 146581 abort: 133961 (0/133961/0), network size: 0, avg network size: 0, si_in_serializable: 0 0 %, local: 0 %
I0314 19:46:22.073784 2026566 Coordinator.h:126] commit: 145021 abort: 130383 (0/130383/0), network size: 0, avg network size: 0, si_in_serializable: 0 0 %, local: 0 %
I0314 19:46:23.073916 2026566 Coordinator.h:126] commit: 145760 abort: 134083 (0/134083/0), network size: 0, avg network size: 0, si_in_serializable: 0 0 %, local: 0 %
I0314 19:46:24.074088 2026566 Coordinator.h:126] commit: 147254 abort: 130092 (0/130092/0), network size: 0, avg network size: 0, si_in_serializable: 0 0 %, local: 0 %
I0314 19:46:25.074223 2026566 Coordinator.h:126] commit: 147358 abort: 134095 (0/134095/0), network size: 0, avg network size: 0, si_in_serializable: 0 0 %, local: 0 %
I0314 19:46:26.074342 2026566 Coordinator.h:126] commit: 145539 abort: 133682 (0/133682/0), network size: 0, avg network size: 0, si_in_serializable: 0 0 %, local: 0 %
I0314 19:46:27.074487 2026566 Coordinator.h:126] commit: 143510 abort: 130177 (0/130177/0), network size: 0, avg network size: 0, si_in_serializable: 0 0 %, local: 0 %
I0314 19:46:28.074599 2026566 Coordinator.h:126] commit: 147268 abort: 130232 (0/130232/0), network size: 0, avg network size: 0, si_in_serializable: 0 0 %, local: 0 %
I0314 19:46:29.074776 2026566 Coordinator.h:126] commit: 145210 abort: 133943 (0/133943/0), network size: 0, avg network size: 0, si_in_serializable: 0 0 %, local: 0 %
I0314 19:46:30.074905 2026566 Coordinator.h:126] commit: 147115 abort: 130537 (0/130537/0), network size: 0, avg network size: 0, si_in_serializable: 0 0 %, local: 0 %
I0314 19:46:31.075026 2026566 Coordinator.h:126] commit: 146160 abort: 134070 (0/134070/0), network size: 0, avg network size: 0, si_in_serializable: 0 0 %, local: 0 %
I0314 19:46:32.075184 2026566 Coordinator.h:126] commit: 145840 abort: 130351 (0/130351/0), network size: 0, avg network size: 0, si_in_serializable: 0 0 %, local: 0 %
I0314 19:46:33.075307 2026566 Coordinator.h:126] commit: 148000 abort: 133934 (0/133934/0), network size: 0, avg network size: 0, si_in_serializable: 0 0 %, local: 0 %
I0314 19:46:34.075421 2026566 Coordinator.h:126] commit: 146703 abort: 133871 (0/133871/0), network size: 0, avg network size: 0, si_in_serializable: 0 0 %, local: 0 %
I0314 19:46:35.075533 2026566 Coordinator.h:126] commit: 145297 abort: 130405 (0/130405/0), network size: 0, avg network size: 0, si_in_serializable: 0 0 %, local: 0 %
I0314 19:46:36.075659 2026566 Coordinator.h:126] commit: 146625 abort: 133956 (0/133956/0), network size: 0, avg network size: 0, si_in_serializable: 0 0 %, local: 0 %
I0314 19:46:37.075794 2026566 Coordinator.h:126] commit: 144403 abort: 130316 (0/130316/0), network size: 0, avg network size: 0, si_in_serializable: 0 0 %, local: 0 %
I0314 19:46:38.075915 2026566 Coordinator.h:126] commit: 146420 abort: 133953 (0/133953/0), network size: 0, avg network size: 0, si_in_serializable: 0 0 %, local: 0 %
I0314 19:46:39.076027 2026566 Coordinator.h:126] commit: 146552 abort: 130264 (0/130264/0), network size: 0, avg network size: 0, si_in_serializable: 0 0 %, local: 0 %
I0314 19:46:40.076143 2026566 Coordinator.h:126] commit: 146851 abort: 134050 (0/134050/0), network size: 0, avg network size: 0, si_in_serializable: 0 0 %, local: 0 %
I0314 19:46:41.076273 2026566 Coordinator.h:126] commit: 145790 abort: 134108 (0/134108/0), network size: 0, avg network size: 0, si_in_serializable: 0 0 %, local: 0 %
I0314 19:46:41.076325 2026566 Coordinator.h:152] average commit: 146173 abort: 132148 (0/132148/0), network size: 0, avg network size: 0, si_in_serializable: 0 0 %, local: 0 %
I0314 19:46:41.076368 2026566 AriaFBExecutor.h:803] Worker 0 latency: 8289 us (50%) 9145 us (75%) 9477 us (95%) 9897 us (99%).
I0314 19:46:41.092108 2026592 AriaFBExecutor.h:95] AriaFBExecutor 10 exits. 
I0314 19:46:41.092108 2026591 AriaFBExecutor.h:95] AriaFBExecutor 9 exits. 
I0314 19:46:41.092108 2026589 AriaFBExecutor.h:95] AriaFBExecutor 7 exits. 
I0314 19:46:41.092108 2026588 AriaFBExecutor.h:95] AriaFBExecutor 6 exits. 
I0314 19:46:41.092108 2026593 AriaFBExecutor.h:95] AriaFBExecutor 11 exits. 
I0314 19:46:41.092108 2026590 AriaFBExecutor.h:95] AriaFBExecutor 8 exits. 
I0314 19:46:41.092124 2026594 Manager.h:227] Manager(worker id = 12) on the coordinator node exits.
I0314 19:46:41.092115 2026587 AriaFBExecutor.h:95] AriaFBExecutor 5 exits. 
I0314 19:46:41.092118 2026584 AriaFBExecutor.h:95] AriaFBExecutor 2 exits. 
I0314 19:46:41.092118 2026583 AriaFBExecutor.h:95] AriaFBExecutor 1 exits. 
I0314 19:46:41.092118 2026582 AriaFBExecutor.h:95] AriaFBExecutor 0 exits. 
I0314 19:46:41.092108 2026586 AriaFBExecutor.h:95] AriaFBExecutor 4 exits. 
I0314 19:46:41.092108 2026585 AriaFBExecutor.h:95] AriaFBExecutor 3 exits. 
I0314 19:46:41.092386 2026566 AriaFBExecutor.h:803] Worker 1 latency: 15839 us (50%) 19219 us (75%) 21891 us (95%) 22832 us (99%).
I0314 19:46:41.123958 2026566 AriaFBExecutor.h:803] Worker 2 latency: 15848 us (50%) 19223 us (75%) 21893 us (95%) 22827 us (99%).
I0314 19:46:41.141470 2026566 AriaFBExecutor.h:803] Worker 3 latency: 15841 us (50%) 19218 us (75%) 21892 us (95%) 22834 us (99%).
I0314 19:46:41.158471 2026566 AriaFBExecutor.h:803] Worker 4 latency: 15856 us (50%) 19227 us (75%) 21893 us (95%) 22834 us (99%).
I0314 19:46:41.175571 2026566 AriaFBExecutor.h:803] Worker 5 latency: 15847 us (50%) 19222 us (75%) 21892 us (95%) 22831 us (99%).
I0314 19:46:41.192744 2026566 AriaFBExecutor.h:803] Worker 6 latency: 15859 us (50%) 19227 us (75%) 21895 us (95%) 22837 us (99%).
I0314 19:46:41.209928 2026566 AriaFBExecutor.h:803] Worker 7 latency: 15864 us (50%) 19230 us (75%) 21894 us (95%) 22833 us (99%).
I0314 19:46:41.227033 2026566 AriaFBExecutor.h:803] Worker 8 latency: 15864 us (50%) 19230 us (75%) 21893 us (95%) 22832 us (99%).
I0314 19:46:41.244064 2026566 AriaFBExecutor.h:803] Worker 9 latency: 15868 us (50%) 19231 us (75%) 21894 us (95%) 22836 us (99%).
I0314 19:46:41.261176 2026566 AriaFBExecutor.h:803] Worker 10 latency: 15873 us (50%) 19234 us (75%) 21894 us (95%) 22840 us (99%).
I0314 19:46:41.278214 2026566 AriaFBExecutor.h:803] Worker 11 latency: 15870 us (50%) 19233 us (75%) 21894 us (95%) 22837 us (99%).
I0314 19:46:41.295282 2026566 Coordinator.h:177] total commit: 146173
I0314 19:46:42.295486 2026566 Coordinator.h:192] Coordinator exits.
