I0314 19:18:34.184834 2015870 Database.h:65] ycsb initialization finished in 99 milliseconds.
I0314 19:18:34.185051 2015870 Coordinator.h:30] Coordinator initializes 12 workers.
I0314 19:18:34.292474 2015870 Coordinator.h:77] Coordinator starts to run 13 workers.
I0314 19:18:34.292564 2015886 AriaExecutor.h:94] AriaExecutor 0 started. 
I0314 19:18:34.292613 2015887 AriaExecutor.h:94] AriaExecutor 1 started. 
I0314 19:18:34.292732 2015888 AriaExecutor.h:94] AriaExecutor 2 started. 
I0314 19:18:34.292769 2015889 AriaExecutor.h:94] AriaExecutor 3 started. 
I0314 19:18:34.292881 2015890 AriaExecutor.h:94] AriaExecutor 4 started. 
I0314 19:18:34.292938 2015891 AriaExecutor.h:94] AriaExecutor 5 started. 
I0314 19:18:34.293021 2015892 AriaExecutor.h:94] AriaExecutor 6 started. 
I0314 19:18:34.293087 2015893 AriaExecutor.h:94] AriaExecutor 7 started. 
I0314 19:18:34.293182 2015894 AriaExecutor.h:94] AriaExecutor 8 started. 
I0314 19:18:34.293301 2015895 AriaExecutor.h:94] AriaExecutor 9 started. 
I0314 19:18:34.293354 2015896 AriaExecutor.h:94] AriaExecutor 10 started. 
I0314 19:18:34.293442 2015897 AriaExecutor.h:94] AriaExecutor 11 started. 
I0314 19:18:34.293567 2015898 Manager.h:224] Manager(worker id = 12) on the coordinator node started.
I0314 19:18:35.293558 2015870 Coordinator.h:126] commit: 191 abort: 75809 (0/75809/0), network size: 0, avg network size: 0, si_in_serializable: 0 0 %, local: 0 %
I0314 19:18:36.293697 2015870 Coordinator.h:126] commit: 265 abort: 83735 (0/83735/0), network size: 0, avg network size: 0, si_in_serializable: 0 0 %, local: 0 %
I0314 19:18:37.293898 2015870 Coordinator.h:126] commit: 301 abort: 91699 (0/91699/0), network size: 0, avg network size: 0, si_in_serializable: 0 0 %, local: 0 %
I0314 19:18:38.294055 2015870 Coordinator.h:126] commit: 332 abort: 87668 (0/87668/0), network size: 0, avg network size: 0, si_in_serializable: 0 0 %, local: 0 %
I0314 19:18:39.294194 2015870 Coordinator.h:126] commit: 359 abort: 87641 (0/87641/0), network size: 0, avg network size: 0, si_in_serializable: 0 0 %, local: 0 %
I0314 19:18:40.294320 2015870 Coordinator.h:126] commit: 377 abort: 83623 (0/83623/0), network size: 0, avg network size: 0, si_in_serializable: 0 0 %, local: 0 %
I0314 19:18:41.294448 2015870 Coordinator.h:126] commit: 401 abort: 83599 (0/83599/0), network size: 0, avg network size: 0, si_in_serializable: 0 0 %, local: 0 %
I0314 19:18:42.294633 2015870 Coordinator.h:126] commit: 412 abort: 83588 (0/83588/0), network size: 0, avg network size: 0, si_in_serializable: 0 0 %, local: 0 %
I0314 19:18:43.294791 2015870 Coordinator.h:126] commit: 441 abort: 83559 (0/83559/0), network size: 0, avg network size: 0, si_in_serializable: 0 0 %, local: 0 %
I0314 19:18:44.294927 2015870 Coordinator.h:126] commit: 433 abort: 83567 (0/83567/0), network size: 0, avg network size: 0, si_in_serializable: 0 0 %, local: 0 %
I0314 19:18:45.295045 2015870 Coordinator.h:126] commit: 482 abort: 83518 (0/83518/0), network size: 0, avg network size: 0, si_in_serializable: 0 0 %, local: 0 %
I0314 19:18:46.295171 2015870 Coordinator.h:126] commit: 480 abort: 83520 (0/83520/0), network size: 0, avg network size: 0, si_in_serializable: 0 0 %, local: 0 %
I0314 19:18:47.295303 2015870 Coordinator.h:126] commit: 483 abort: 83517 (0/83517/0), network size: 0, avg network size: 0, si_in_serializable: 0 0 %, local: 0 %
I0314 19:18:48.295430 2015870 Coordinator.h:126] commit: 506 abort: 83494 (0/83494/0), network size: 0, avg network size: 0, si_in_serializable: 0 0 %, local: 0 %
I0314 19:18:49.295562 2015870 Coordinator.h:126] commit: 523 abort: 83477 (0/83477/0), network size: 0, avg network size: 0, si_in_serializable: 0 0 %, local: 0 %
I0314 19:18:50.295694 2015870 Coordinator.h:126] commit: 571 abort: 83429 (0/83429/0), network size: 0, avg network size: 0, si_in_serializable: 0 0 %, local: 0 %
I0314 19:18:51.295815 2015870 Coordinator.h:126] commit: 592 abort: 83408 (0/83408/0), network size: 0, avg network size: 0, si_in_serializable: 0 0 %, local: 0 %
I0314 19:18:52.295943 2015870 Coordinator.h:126] commit: 600 abort: 83400 (0/83400/0), network size: 0, avg network size: 0, si_in_serializable: 0 0 %, local: 0 %
I0314 19:18:53.296063 2015870 Coordinator.h:126] commit: 664 abort: 83336 (0/83336/0), network size: 0, avg network size: 0, si_in_serializable: 0 0 %, local: 0 %
I0314 19:18:54.296195 2015870 Coordinator.h:126] commit: 593 abort: 79407 (0/79407/0), network size: 0, avg network size: 0, si_in_serializable: 0 0 %, local: 0 %
I0314 19:18:55.296351 2015870 Coordinator.h:126] commit: 686 abort: 83314 (0/83314/0), network size: 0, avg network size: 0, si_in_serializable: 0 0 %, local: 0 %
I0314 19:18:56.296492 2015870 Coordinator.h:126] commit: 731 abort: 83269 (0/83269/0), network size: 0, avg network size: 0, si_in_serializable: 0 0 %, local: 0 %
I0314 19:18:57.296681 2015870 Coordinator.h:126] commit: 822 abort: 79178 (0/79178/0), network size: 0, avg network size: 0, si_in_serializable: 0 0 %, local: 0 %
I0314 19:18:58.296838 2015870 Coordinator.h:126] commit: 1030 abort: 82970 (0/82970/0), network size: 0, avg network size: 0, si_in_serializable: 0 0 %, local: 0 %
I0314 19:18:59.296964 2015870 Coordinator.h:126] commit: 1174 abort: 78826 (0/78826/0), network size: 0, avg network size: 0, si_in_serializable: 0 0 %, local: 0 %
I0314 19:18:59.297012 2015870 Coordinator.h:152] average commit: 549.4 abort: 83050.6 (0/83050.6/0), network size: 0, avg network size: 0, si_in_serializable: 0 0 %, local: 0 %
I0314 19:18:59.297056 2015870 AriaExecutor.h:646] Worker 0 latency: 5696817 us (50%) 9124633 us (75%) 20505561 us (95%) 23807092 us (99%).
I0314 19:18:59.307598 2015890 AriaExecutor.h:106] AriaExecutor 4 exits. 
I0314 19:18:59.307623 2015898 Manager.h:227] Manager(worker id = 12) on the coordinator node exits.
I0314 19:18:59.307605 2015888 AriaExecutor.h:106] AriaExecutor 2 exits. 
I0314 19:18:59.307598 2015894 AriaExecutor.h:106] AriaExecutor 8 exits. 
I0314 19:18:59.307608 2015892 AriaExecutor.h:106] AriaExecutor 6 exits. 
I0314 19:18:59.307608 2015887 AriaExecutor.h:106] AriaExecutor 1 exits. 
I0314 19:18:59.307605 2015886 AriaExecutor.h:106] AriaExecutor 0 exits. 
I0314 19:18:59.307598 2015893 AriaExecutor.h:106] AriaExecutor 7 exits. 
I0314 19:18:59.307606 2015897 AriaExecutor.h:106] AriaExecutor 11 exits. 
I0314 19:18:59.307607 2015896 AriaExecutor.h:106] AriaExecutor 10 exits. 
I0314 19:18:59.307606 2015889 AriaExecutor.h:106] AriaExecutor 3 exits. 
I0314 19:18:59.307598 2015895 AriaExecutor.h:106] AriaExecutor 9 exits. 
I0314 19:18:59.307610 2015891 AriaExecutor.h:106] AriaExecutor 5 exits. 
I0314 19:18:59.307866 2015870 AriaExecutor.h:646] Worker 1 latency: 5904224 us (50%) 12282007 us (75%) 22589387 us (95%) 24049756 us (99%).
I0314 19:18:59.308009 2015870 AriaExecutor.h:646] Worker 2 latency: 5460013 us (50%) 10428217 us (75%) 20987854 us (95%) 23806091 us (99%).
I0314 19:18:59.308144 2015870 AriaExecutor.h:646] Worker 3 latency: 5442267 us (50%) 10333150 us (75%) 21036733 us (95%) 23757790 us (99%).
I0314 19:18:59.308277 2015870 AriaExecutor.h:646] Worker 4 latency: 5409464 us (50%) 8704469 us (75%) 19683687 us (95%) 23368773 us (99%).
I0314 19:18:59.308480 2015870 AriaExecutor.h:646] Worker 5 latency: 5050401 us (50%) 7819661 us (75%) 16657992 us (95%) 22782480 us (99%).
I0314 19:18:59.308766 2015870 AriaExecutor.h:646] Worker 6 latency: 5222156 us (50%) 7891591 us (75%) 18819688 us (95%) 23416766 us (99%).
I0314 19:18:59.308986 2015870 AriaExecutor.h:646] Worker 7 latency: 4413870 us (50%) 7987213 us (75%) 18819457 us (95%) 23465769 us (99%).
I0314 19:18:59.309146 2015870 AriaExecutor.h:646] Worker 8 latency: 4882731 us (50%) 9017575 us (75%) 19972866 us (95%) 23172631 us (99%).
I0314 19:18:59.309286 2015870 AriaExecutor.h:646] Worker 9 latency: 5148101 us (50%) 8683823 us (75%) 20020233 us (95%) 23416548 us (99%).
I0314 19:18:59.309456 2015870 AriaExecutor.h:646] Worker 10 latency: 5159149 us (50%) 9231633 us (75%) 19923951 us (95%) 23757504 us (99%).
I0314 19:18:59.309574 2015870 AriaExecutor.h:646] Worker 11 latency: 4886112 us (50%) 7792474 us (75%) 17898077 us (95%) 23612012 us (99%).
I0314 19:18:59.309788 2015870 Coordinator.h:177] total commit: 549.4
I0314 19:19:00.310015 2015870 Coordinator.h:192] Coordinator exits.
