I0314 18:34:55.995612 1998556 Database.h:65] ycsb initialization finished in 98 milliseconds.
I0314 18:34:55.995842 1998556 Coordinator.h:30] Coordinator initializes 12 workers.
I0314 18:34:56.034071 1998556 Coordinator.h:77] Coordinator starts to run 13 workers.
I0314 18:34:56.034165 1998572 AriaExecutor.h:91] AriaExecutor 0 started. 
I0314 18:34:56.034211 1998573 AriaExecutor.h:91] AriaExecutor 1 started. 
I0314 18:34:56.034323 1998574 AriaExecutor.h:91] AriaExecutor 2 started. 
I0314 18:34:56.034363 1998575 AriaExecutor.h:91] AriaExecutor 3 started. 
I0314 18:34:56.034468 1998576 AriaExecutor.h:91] AriaExecutor 4 started. 
I0314 18:34:56.034518 1998577 AriaExecutor.h:91] AriaExecutor 5 started. 
I0314 18:34:56.034608 1998578 AriaExecutor.h:91] AriaExecutor 6 started. 
I0314 18:34:56.034729 1998579 AriaExecutor.h:91] AriaExecutor 7 started. 
I0314 18:34:56.034848 1998580 AriaExecutor.h:91] AriaExecutor 8 started. 
I0314 18:34:56.034970 1998581 AriaExecutor.h:91] AriaExecutor 9 started. 
I0314 18:34:56.035089 1998582 AriaExecutor.h:91] AriaExecutor 10 started. 
I0314 18:34:56.035212 1998583 AriaExecutor.h:91] AriaExecutor 11 started. 
I0314 18:34:56.035334 1998584 Manager.h:224] Manager(worker id = 12) on the coordinator node started.
I0314 18:34:57.035357 1998556 Coordinator.h:126] commit: 1461 abort: 78539 (0/78539/0), network size: 0, avg network size: 0, si_in_serializable: 0 0 %, local: 0 %
I0314 18:34:58.035531 1998556 Coordinator.h:126] commit: 2850 abort: 81150 (0/81150/0), network size: 0, avg network size: 0, si_in_serializable: 0 0 %, local: 0 %
I0314 18:34:59.035730 1998556 Coordinator.h:126] commit: 3235 abort: 80765 (0/80765/0), network size: 0, avg network size: 0, si_in_serializable: 0 0 %, local: 0 %
I0314 18:35:00.035887 1998556 Coordinator.h:126] commit: 3295 abort: 81705 (0/81705/0), network size: 0, avg network size: 0, si_in_serializable: 0 0 %, local: 0 %
I0314 18:35:01.036026 1998556 Coordinator.h:126] commit: 3364 abort: 82636 (0/82636/0), network size: 0, avg network size: 0, si_in_serializable: 0 0 %, local: 0 %
I0314 18:35:02.036159 1998556 Coordinator.h:126] commit: 3329 abort: 82671 (0/82671/0), network size: 0, avg network size: 0, si_in_serializable: 0 0 %, local: 0 %
I0314 18:35:03.036298 1998556 Coordinator.h:126] commit: 3325 abort: 83675 (0/83675/0), network size: 0, avg network size: 0, si_in_serializable: 0 0 %, local: 0 %
I0314 18:35:04.036425 1998556 Coordinator.h:126] commit: 3258 abort: 81742 (0/81742/0), network size: 0, avg network size: 0, si_in_serializable: 0 0 %, local: 0 %
I0314 18:35:05.036623 1998556 Coordinator.h:126] commit: 3253 abort: 82747 (0/82747/0), network size: 0, avg network size: 0, si_in_serializable: 0 0 %, local: 0 %
I0314 18:35:06.036780 1998556 Coordinator.h:126] commit: 3302 abort: 81698 (0/81698/0), network size: 0, avg network size: 0, si_in_serializable: 0 0 %, local: 0 %
I0314 18:35:07.036929 1998556 Coordinator.h:126] commit: 3327 abort: 81673 (0/81673/0), network size: 0, avg network size: 0, si_in_serializable: 0 0 %, local: 0 %
I0314 18:35:08.037065 1998556 Coordinator.h:126] commit: 3343 abort: 80657 (0/80657/0), network size: 0, avg network size: 0, si_in_serializable: 0 0 %, local: 0 %
I0314 18:35:09.037192 1998556 Coordinator.h:126] commit: 3305 abort: 80695 (0/80695/0), network size: 0, avg network size: 0, si_in_serializable: 0 0 %, local: 0 %
I0314 18:35:10.037315 1998556 Coordinator.h:126] commit: 3268 abort: 81732 (0/81732/0), network size: 0, avg network size: 0, si_in_serializable: 0 0 %, local: 0 %
I0314 18:35:11.037451 1998556 Coordinator.h:126] commit: 3332 abort: 81668 (0/81668/0), network size: 0, avg network size: 0, si_in_serializable: 0 0 %, local: 0 %
I0314 18:35:12.037592 1998556 Coordinator.h:126] commit: 3310 abort: 83690 (0/83690/0), network size: 0, avg network size: 0, si_in_serializable: 0 0 %, local: 0 %
I0314 18:35:13.037721 1998556 Coordinator.h:126] commit: 3319 abort: 83681 (0/83681/0), network size: 0, avg network size: 0, si_in_serializable: 0 0 %, local: 0 %
I0314 18:35:14.037912 1998556 Coordinator.h:126] commit: 3405 abort: 85595 (0/85595/0), network size: 0, avg network size: 0, si_in_serializable: 0 0 %, local: 0 %
I0314 18:35:15.038053 1998556 Coordinator.h:126] commit: 3309 abort: 85691 (0/85691/0), network size: 0, avg network size: 0, si_in_serializable: 0 0 %, local: 0 %
I0314 18:35:16.038184 1998556 Coordinator.h:126] commit: 3233 abort: 85767 (0/85767/0), network size: 0, avg network size: 0, si_in_serializable: 0 0 %, local: 0 %
I0314 18:35:17.038319 1998556 Coordinator.h:126] commit: 3369 abort: 85631 (0/85631/0), network size: 0, avg network size: 0, si_in_serializable: 0 0 %, local: 0 %
I0314 18:35:18.038471 1998556 Coordinator.h:126] commit: 3464 abort: 86536 (0/86536/0), network size: 0, avg network size: 0, si_in_serializable: 0 0 %, local: 0 %
I0314 18:35:19.038617 1998556 Coordinator.h:126] commit: 3408 abort: 85592 (0/85592/0), network size: 0, avg network size: 0, si_in_serializable: 0 0 %, local: 0 %
I0314 18:35:20.038748 1998556 Coordinator.h:126] commit: 3297 abort: 84703 (0/84703/0), network size: 0, avg network size: 0, si_in_serializable: 0 0 %, local: 0 %
I0314 18:35:21.038878 1998556 Coordinator.h:126] commit: 3414 abort: 85586 (0/85586/0), network size: 0, avg network size: 0, si_in_serializable: 0 0 %, local: 0 %
I0314 18:35:21.038926 1998556 Coordinator.h:152] average commit: 3315.1 abort: 83084.9 (0/83084.9/0), network size: 0, avg network size: 0, si_in_serializable: 0 0 %, local: 0 %
I0314 18:35:21.041183 1998580 AriaExecutor.h:103] AriaExecutor 8 exits. 
I0314 18:35:21.041183 1998574 AriaExecutor.h:103] AriaExecutor 2 exits. 
I0314 18:35:21.041196 1998583 AriaExecutor.h:103] AriaExecutor 11 exits. 
I0314 18:35:21.041183 1998579 AriaExecutor.h:103] AriaExecutor 7 exits. 
I0314 18:35:21.041196 1998572 AriaExecutor.h:103] AriaExecutor 0 exits. 
I0314 18:35:21.041196 1998576 AriaExecutor.h:103] AriaExecutor 4 exits. 
I0314 18:35:21.041198 1998581 AriaExecutor.h:103] AriaExecutor 9 exits. 
I0314 18:35:21.041183 1998577 AriaExecutor.h:103] AriaExecutor 5 exits. 
I0314 18:35:21.041199 1998578 AriaExecutor.h:103] AriaExecutor 6 exits. 
I0314 18:35:21.041198 1998573 AriaExecutor.h:103] AriaExecutor 1 exits. 
I0314 18:35:21.041183 1998575 AriaExecutor.h:103] AriaExecutor 3 exits. 
I0314 18:35:21.041183 1998582 AriaExecutor.h:103] AriaExecutor 10 exits. 
I0314 18:35:21.041199 1998584 Manager.h:227] Manager(worker id = 12) on the coordinator node exits.
I0314 18:35:21.038969 1998556 AriaExecutor.h:649] Worker 0 latency: 288775 us (50%) 412719 us (75%) 497009 us (95%) 670050 us (99%).
I0314 18:35:21.046422 1998556 AriaExecutor.h:649] Worker 1 latency: 353867 us (50%) 447574 us (75%) 503402 us (95%) 835781 us (99%).
I0314 18:35:21.047684 1998556 AriaExecutor.h:649] Worker 2 latency: 321452 us (50%) 433301 us (75%) 491928 us (95%) 622634 us (99%).
I0314 18:35:21.049108 1998556 AriaExecutor.h:649] Worker 3 latency: 365555 us (50%) 445042 us (75%) 494576 us (95%) 885615 us (99%).
I0314 18:35:21.049880 1998556 AriaExecutor.h:649] Worker 4 latency: 343947 us (50%) 439484 us (75%) 491523 us (95%) 748525 us (99%).
I0314 18:35:21.050549 1998556 AriaExecutor.h:649] Worker 5 latency: 276051 us (50%) 402637 us (75%) 474839 us (95%) 529978 us (99%).
I0314 18:35:21.051625 1998556 AriaExecutor.h:649] Worker 6 latency: 312245 us (50%) 422913 us (75%) 478957 us (95%) 601405 us (99%).
I0314 18:35:21.052374 1998556 AriaExecutor.h:649] Worker 7 latency: 360655 us (50%) 439838 us (75%) 488469 us (95%) 797296 us (99%).
I0314 18:35:21.052873 1998556 AriaExecutor.h:649] Worker 8 latency: 395528 us (50%) 444536 us (75%) 487526 us (95%) 745127 us (99%).
I0314 18:35:21.053269 1998556 AriaExecutor.h:649] Worker 9 latency: 352651 us (50%) 433161 us (75%) 478845 us (95%) 603235 us (99%).
I0314 18:35:21.053736 1998556 AriaExecutor.h:649] Worker 10 latency: 399212 us (50%) 442506 us (75%) 487164 us (95%) 785119 us (99%).
I0314 18:35:21.054090 1998556 AriaExecutor.h:649] Worker 11 latency: 321968 us (50%) 422542 us (75%) 474267 us (95%) 648658 us (99%).
I0314 18:35:21.054620 1998556 Coordinator.h:177] total commit: 3315.1
I0314 18:35:22.054858 1998556 Coordinator.h:192] Coordinator exits.
