I0314 17:41:44.565873 1978294 Database.h:65] ycsb initialization finished in 98 milliseconds.
I0314 17:41:44.566082 1978294 Coordinator.h:30] Coordinator initializes 12 workers.
I0314 17:41:44.604789 1978294 Coordinator.h:77] Coordinator starts to run 13 workers.
I0314 17:41:44.604872 1978310 AriaExecutor.h:82] AriaExecutor 0 started. 
I0314 17:41:44.604907 1978311 AriaExecutor.h:82] AriaExecutor 1 started. 
I0314 17:41:44.605028 1978312 AriaExecutor.h:82] AriaExecutor 2 started. 
I0314 17:41:44.605069 1978313 AriaExecutor.h:82] AriaExecutor 3 started. 
I0314 17:41:44.605162 1978314 AriaExecutor.h:82] AriaExecutor 4 started. 
I0314 17:41:44.605199 1978315 AriaExecutor.h:82] AriaExecutor 5 started. 
I0314 17:41:44.605317 1978316 AriaExecutor.h:82] AriaExecutor 6 started. 
I0314 17:41:44.605317 1978317 AriaExecutor.h:82] AriaExecutor 7 started. 
I0314 17:41:44.605454 1978318 AriaExecutor.h:82] AriaExecutor 8 started. 
I0314 17:41:44.605494 1978319 AriaExecutor.h:82] AriaExecutor 9 started. 
I0314 17:41:44.605593 1978320 AriaExecutor.h:82] AriaExecutor 10 started. 
I0314 17:41:44.605718 1978321 AriaExecutor.h:82] AriaExecutor 11 started. 
I0314 17:41:44.605770 1978322 Manager.h:224] Manager(worker id = 12) on the coordinator node started.
I0314 17:41:45.605820 1978294 Coordinator.h:126] commit: 462746 abort: 2254 (0/2254/0), network size: 0, avg network size: 0, si_in_serializable: 0 0 %, local: 0 %
I0314 17:41:46.605974 1978294 Coordinator.h:126] commit: 488592 abort: 2408 (0/2408/0), network size: 0, avg network size: 0, si_in_serializable: 0 0 %, local: 0 %
I0314 17:41:47.606170 1978294 Coordinator.h:126] commit: 505549 abort: 2451 (0/2451/0), network size: 0, avg network size: 0, si_in_serializable: 0 0 %, local: 0 %
I0314 17:41:48.606309 1978294 Coordinator.h:126] commit: 506510 abort: 2490 (0/2490/0), network size: 0, avg network size: 0, si_in_serializable: 0 0 %, local: 0 %
I0314 17:41:49.606448 1978294 Coordinator.h:126] commit: 508703 abort: 2456 (0/2456/0), network size: 0, avg network size: 0, si_in_serializable: 0 0 %, local: 0 %
I0314 17:41:50.606568 1978294 Coordinator.h:126] commit: 505443 abort: 2395 (0/2395/0), network size: 0, avg network size: 0, si_in_serializable: 0 0 %, local: 0 %
I0314 17:41:51.606709 1978294 Coordinator.h:126] commit: 499630 abort: 2370 (0/2370/0), network size: 0, avg network size: 0, si_in_serializable: 0 0 %, local: 0 %
I0314 17:41:52.606905 1978294 Coordinator.h:126] commit: 507560 abort: 2440 (0/2440/0), network size: 0, avg network size: 0, si_in_serializable: 0 0 %, local: 0 %
I0314 17:41:53.607055 1978294 Coordinator.h:126] commit: 507520 abort: 2480 (0/2480/0), network size: 0, avg network size: 0, si_in_serializable: 0 0 %, local: 0 %
I0314 17:41:54.607170 1978294 Coordinator.h:126] commit: 507645 abort: 2355 (0/2355/0), network size: 0, avg network size: 0, si_in_serializable: 0 0 %, local: 0 %
I0314 17:41:55.607295 1978294 Coordinator.h:126] commit: 507556 abort: 2444 (0/2444/0), network size: 0, avg network size: 0, si_in_serializable: 0 0 %, local: 0 %
I0314 17:41:56.607445 1978294 Coordinator.h:126] commit: 506612 abort: 2468 (0/2468/0), network size: 0, avg network size: 0, si_in_serializable: 0 0 %, local: 0 %
I0314 17:41:57.607577 1978294 Coordinator.h:126] commit: 494565 abort: 2355 (0/2355/0), network size: 0, avg network size: 0, si_in_serializable: 0 0 %, local: 0 %
I0314 17:41:58.607719 1978294 Coordinator.h:126] commit: 504562 abort: 2438 (0/2438/0), network size: 0, avg network size: 0, si_in_serializable: 0 0 %, local: 0 %
I0314 17:41:59.607873 1978294 Coordinator.h:126] commit: 505530 abort: 2482 (0/2482/0), network size: 0, avg network size: 0, si_in_serializable: 0 0 %, local: 0 %
I0314 17:42:00.607992 1978294 Coordinator.h:126] commit: 506457 abort: 2530 (0/2530/0), network size: 0, avg network size: 0, si_in_serializable: 0 0 %, local: 0 %
I0314 17:42:01.608130 1978294 Coordinator.h:126] commit: 505588 abort: 2412 (0/2412/0), network size: 0, avg network size: 0, si_in_serializable: 0 0 %, local: 0 %
I0314 17:42:02.608265 1978294 Coordinator.h:126] commit: 504714 abort: 2286 (0/2286/0), network size: 0, avg network size: 0, si_in_serializable: 0 0 %, local: 0 %
I0314 17:42:03.608394 1978294 Coordinator.h:126] commit: 504575 abort: 2425 (0/2425/0), network size: 0, avg network size: 0, si_in_serializable: 0 0 %, local: 0 %
I0314 17:42:04.608527 1978294 Coordinator.h:126] commit: 500639 abort: 2361 (0/2361/0), network size: 0, avg network size: 0, si_in_serializable: 0 0 %, local: 0 %
I0314 17:42:05.608707 1978294 Coordinator.h:126] commit: 503624 abort: 2376 (0/2376/0), network size: 0, avg network size: 0, si_in_serializable: 0 0 %, local: 0 %
I0314 17:42:06.608863 1978294 Coordinator.h:126] commit: 504725 abort: 2275 (0/2275/0), network size: 0, avg network size: 0, si_in_serializable: 0 0 %, local: 0 %
I0314 17:42:07.608989 1978294 Coordinator.h:126] commit: 503661 abort: 2339 (0/2339/0), network size: 0, avg network size: 0, si_in_serializable: 0 0 %, local: 0 %
I0314 17:42:08.609107 1978294 Coordinator.h:126] commit: 503599 abort: 2401 (0/2401/0), network size: 0, avg network size: 0, si_in_serializable: 0 0 %, local: 0 %
I0314 17:42:09.609238 1978294 Coordinator.h:126] commit: 486634 abort: 2366 (0/2366/0), network size: 0, avg network size: 0, si_in_serializable: 0 0 %, local: 0 %
I0314 17:42:09.609289 1978294 Coordinator.h:152] average commit: 504080 abort: 2420.1 (0/2420.1/0), network size: 0, avg network size: 0, si_in_serializable: 0 0 %, local: 0 %
I0314 17:42:09.609655 1978310 AriaExecutor.h:94] AriaExecutor 0 exits. 
I0314 17:42:09.609655 1978314 AriaExecutor.h:94] AriaExecutor 4 exits. 
I0314 17:42:09.609663 1978311 AriaExecutor.h:94] AriaExecutor 1 exits. 
I0314 17:42:09.609668 1978319 AriaExecutor.h:94] AriaExecutor 9 exits. 
I0314 17:42:09.609671 1978322 Manager.h:227] Manager(worker id = 12) on the coordinator node exits.
I0314 17:42:09.609656 1978315 AriaExecutor.h:94] AriaExecutor 5 exits. 
I0314 17:42:09.609655 1978312 AriaExecutor.h:94] AriaExecutor 2 exits. 
I0314 17:42:09.609659 1978313 AriaExecutor.h:94] AriaExecutor 3 exits. 
I0314 17:42:09.609668 1978316 AriaExecutor.h:94] AriaExecutor 6 exits. 
I0314 17:42:09.609655 1978318 AriaExecutor.h:94] AriaExecutor 8 exits. 
I0314 17:42:09.609656 1978317 AriaExecutor.h:94] AriaExecutor 7 exits. 
I0314 17:42:09.609666 1978321 AriaExecutor.h:94] AriaExecutor 11 exits. 
I0314 17:42:09.609660 1978320 AriaExecutor.h:94] AriaExecutor 10 exits. 
I0314 17:42:09.609335 1978294 AriaExecutor.h:535] Worker 0 latency: 1184 us (50%) 1573 us (75%) 1884 us (95%) 3044 us (99%).
I0314 17:42:09.667950 1978294 AriaExecutor.h:535] Worker 1 latency: 1186 us (50%) 1574 us (75%) 1883 us (95%) 2725 us (99%).
I0314 17:42:09.714440 1978294 AriaExecutor.h:535] Worker 2 latency: 1184 us (50%) 1572 us (75%) 1882 us (95%) 2496 us (99%).
I0314 17:42:09.761806 1978294 AriaExecutor.h:535] Worker 3 latency: 1183 us (50%) 1570 us (75%) 1879 us (95%) 2077 us (99%).
I0314 17:42:09.810420 1978294 AriaExecutor.h:535] Worker 4 latency: 1186 us (50%) 1569 us (75%) 1876 us (95%) 1985 us (99%).
I0314 17:42:09.864414 1978294 AriaExecutor.h:535] Worker 5 latency: 1180 us (50%) 1565 us (75%) 1872 us (95%) 1948 us (99%).
I0314 17:42:09.918381 1978294 AriaExecutor.h:535] Worker 6 latency: 1179 us (50%) 1563 us (75%) 1870 us (95%) 1939 us (99%).
I0314 17:42:09.973284 1978294 AriaExecutor.h:535] Worker 7 latency: 1178 us (50%) 1562 us (75%) 1868 us (95%) 1936 us (99%).
I0314 17:42:10.027179 1978294 AriaExecutor.h:535] Worker 8 latency: 1178 us (50%) 1561 us (75%) 1867 us (95%) 1934 us (99%).
I0314 17:42:10.081349 1978294 AriaExecutor.h:535] Worker 9 latency: 1176 us (50%) 1560 us (75%) 1867 us (95%) 1933 us (99%).
I0314 17:42:10.134562 1978294 AriaExecutor.h:535] Worker 10 latency: 1177 us (50%) 1561 us (75%) 1867 us (95%) 1932 us (99%).
I0314 17:42:10.187352 1978294 AriaExecutor.h:535] Worker 11 latency: 1176 us (50%) 1560 us (75%) 1867 us (95%) 1932 us (99%).
I0314 17:42:10.243155 1978294 Coordinator.h:177] total commit: 504080
I0314 17:42:11.243363 1978294 Coordinator.h:192] Coordinator exits.
