I0314 17:47:39.771616 1980485 Database.h:65] ycsb initialization finished in 97 milliseconds.
I0314 17:47:39.771827 1980485 Coordinator.h:30] Coordinator initializes 12 workers.
I0314 17:47:39.881664 1980485 Coordinator.h:77] Coordinator starts to run 13 workers.
I0314 17:47:39.881750 1980501 AriaExecutor.h:82] AriaExecutor 0 started. 
I0314 17:47:39.881808 1980502 AriaExecutor.h:82] AriaExecutor 1 started. 
I0314 17:47:39.881908 1980503 AriaExecutor.h:82] AriaExecutor 2 started. 
I0314 17:47:39.881971 1980504 AriaExecutor.h:82] AriaExecutor 3 started. 
I0314 17:47:39.882036 1980505 AriaExecutor.h:82] AriaExecutor 4 started. 
I0314 17:47:39.882120 1980506 AriaExecutor.h:82] AriaExecutor 5 started. 
I0314 17:47:39.882243 1980507 AriaExecutor.h:82] AriaExecutor 6 started. 
I0314 17:47:39.882277 1980508 AriaExecutor.h:82] AriaExecutor 7 started. 
I0314 17:47:39.882383 1980509 AriaExecutor.h:82] AriaExecutor 8 started. 
I0314 17:47:39.882503 1980510 AriaExecutor.h:82] AriaExecutor 9 started. 
I0314 17:47:39.882556 1980511 AriaExecutor.h:82] AriaExecutor 10 started. 
I0314 17:47:39.882642 1980512 AriaExecutor.h:82] AriaExecutor 11 started. 
I0314 17:47:39.882761 1980513 Manager.h:224] Manager(worker id = 12) on the coordinator node started.
I0314 17:47:40.882790 1980485 Coordinator.h:126] commit: 186301 abort: 377699 (0/377699/0), network size: 0, avg network size: 0, si_in_serializable: 0 0 %, local: 0 %
I0314 17:47:41.882942 1980485 Coordinator.h:126] commit: 161199 abort: 474801 (0/474801/0), network size: 0, avg network size: 0, si_in_serializable: 0 0 %, local: 0 %
I0314 17:47:42.883138 1980485 Coordinator.h:126] commit: 168192 abort: 471808 (0/471808/0), network size: 0, avg network size: 0, si_in_serializable: 0 0 %, local: 0 %
I0314 17:47:43.883277 1980485 Coordinator.h:126] commit: 154719 abort: 501281 (0/501281/0), network size: 0, avg network size: 0, si_in_serializable: 0 0 %, local: 0 %
I0314 17:47:44.883391 1980485 Coordinator.h:126] commit: 162901 abort: 473099 (0/473099/0), network size: 0, avg network size: 0, si_in_serializable: 0 0 %, local: 0 %
I0314 17:47:45.883509 1980485 Coordinator.h:126] commit: 160318 abort: 467682 (0/467682/0), network size: 0, avg network size: 0, si_in_serializable: 0 0 %, local: 0 %
I0314 17:47:46.883626 1980485 Coordinator.h:126] commit: 166612 abort: 465388 (0/465388/0), network size: 0, avg network size: 0, si_in_serializable: 0 0 %, local: 0 %
I0314 17:47:47.883809 1980485 Coordinator.h:126] commit: 160761 abort: 475239 (0/475239/0), network size: 0, avg network size: 0, si_in_serializable: 0 0 %, local: 0 %
I0314 17:47:48.883967 1980485 Coordinator.h:126] commit: 155377 abort: 500623 (0/500623/0), network size: 0, avg network size: 0, si_in_serializable: 0 0 %, local: 0 %
I0314 17:47:49.884083 1980485 Coordinator.h:126] commit: 170883 abort: 457117 (0/457117/0), network size: 0, avg network size: 0, si_in_serializable: 0 0 %, local: 0 %
I0314 17:47:50.884198 1980485 Coordinator.h:126] commit: 175442 abort: 456558 (0/456558/0), network size: 0, avg network size: 0, si_in_serializable: 0 0 %, local: 0 %
I0314 17:47:51.884315 1980485 Coordinator.h:126] commit: 171051 abort: 460949 (0/460949/0), network size: 0, avg network size: 0, si_in_serializable: 0 0 %, local: 0 %
I0314 17:47:52.884433 1980485 Coordinator.h:126] commit: 155092 abort: 502347 (0/502347/0), network size: 0, avg network size: 0, si_in_serializable: 0 0 %, local: 0 %
I0314 17:47:53.884560 1980485 Coordinator.h:126] commit: 153799 abort: 507711 (0/507711/0), network size: 0, avg network size: 0, si_in_serializable: 0 0 %, local: 0 %
I0314 17:47:54.884691 1980485 Coordinator.h:126] commit: 159039 abort: 478009 (0/478009/0), network size: 0, avg network size: 0, si_in_serializable: 0 0 %, local: 0 %
I0314 17:47:55.884815 1980485 Coordinator.h:126] commit: 164107 abort: 475893 (0/475893/0), network size: 0, avg network size: 0, si_in_serializable: 0 0 %, local: 0 %
I0314 17:47:56.884939 1980485 Coordinator.h:126] commit: 155550 abort: 500450 (0/500450/0), network size: 0, avg network size: 0, si_in_serializable: 0 0 %, local: 0 %
I0314 17:47:57.885056 1980485 Coordinator.h:126] commit: 162063 abort: 473937 (0/473937/0), network size: 0, avg network size: 0, si_in_serializable: 0 0 %, local: 0 %
I0314 17:47:58.885185 1980485 Coordinator.h:126] commit: 153149 abort: 482851 (0/482851/0), network size: 0, avg network size: 0, si_in_serializable: 0 0 %, local: 0 %
I0314 17:47:59.885321 1980485 Coordinator.h:126] commit: 162199 abort: 449801 (0/449801/0), network size: 0, avg network size: 0, si_in_serializable: 0 0 %, local: 0 %
I0314 17:48:00.885449 1980485 Coordinator.h:126] commit: 155557 abort: 491872 (0/491872/0), network size: 0, avg network size: 0, si_in_serializable: 0 0 %, local: 0 %
I0314 17:48:01.885568 1980485 Coordinator.h:126] commit: 159379 abort: 477188 (0/477188/0), network size: 0, avg network size: 0, si_in_serializable: 0 0 %, local: 0 %
I0314 17:48:02.885746 1980485 Coordinator.h:126] commit: 151803 abort: 496197 (0/496197/0), network size: 0, avg network size: 0, si_in_serializable: 0 0 %, local: 0 %
I0314 17:48:03.885883 1980485 Coordinator.h:126] commit: 151197 abort: 500803 (0/500803/0), network size: 0, avg network size: 0, si_in_serializable: 0 0 %, local: 0 %
I0314 17:48:04.886008 1980485 Coordinator.h:126] commit: 162657 abort: 473343 (0/473343/0), network size: 0, avg network size: 0, si_in_serializable: 0 0 %, local: 0 %
I0314 17:48:04.886054 1980485 Coordinator.h:152] average commit: 161149 abort: 478851 (0/478851/0), network size: 0, avg network size: 0, si_in_serializable: 0 0 %, local: 0 %
I0314 17:48:04.887944 1980509 AriaExecutor.h:94] AriaExecutor 8 exits. 
I0314 17:48:04.887964 1980502 AriaExecutor.h:94] AriaExecutor 1 exits. 
I0314 17:48:04.887944 1980512 AriaExecutor.h:94] AriaExecutor 11 exits. 
I0314 17:48:04.887944 1980511 AriaExecutor.h:94] AriaExecutor 10 exits. 
I0314 17:48:04.887960 1980506 AriaExecutor.h:94] AriaExecutor 5 exits. 
I0314 17:48:04.887957 1980508 AriaExecutor.h:94] AriaExecutor 7 exits. 
I0314 17:48:04.887944 1980507 AriaExecutor.h:94] AriaExecutor 6 exits. 
I0314 17:48:04.887960 1980510 AriaExecutor.h:94] AriaExecutor 9 exits. 
I0314 17:48:04.887944 1980504 AriaExecutor.h:94] AriaExecutor 3 exits. 
I0314 17:48:04.887957 1980501 AriaExecutor.h:94] AriaExecutor 0 exits. 
I0314 17:48:04.887966 1980513 Manager.h:227] Manager(worker id = 12) on the coordinator node exits.
I0314 17:48:04.887960 1980505 AriaExecutor.h:94] AriaExecutor 4 exits. 
I0314 17:48:04.887960 1980503 AriaExecutor.h:94] AriaExecutor 2 exits. 
I0314 17:48:04.886098 1980485 AriaExecutor.h:535] Worker 0 latency: 4832 us (50%) 10836 us (75%) 138525 us (95%) 361591 us (99%).
I0314 17:48:04.918895 1980485 AriaExecutor.h:535] Worker 1 latency: 4832 us (50%) 10395 us (75%) 121418 us (95%) 237484 us (99%).
I0314 17:48:04.936869 1980485 AriaExecutor.h:535] Worker 2 latency: 4828 us (50%) 10414 us (75%) 120929 us (95%) 231759 us (99%).
I0314 17:48:04.954427 1980485 AriaExecutor.h:535] Worker 3 latency: 4831 us (50%) 10352 us (75%) 119442 us (95%) 230014 us (99%).
I0314 17:48:04.971753 1980485 AriaExecutor.h:535] Worker 4 latency: 4824 us (50%) 10411 us (75%) 119689 us (95%) 230332 us (99%).
I0314 17:48:04.989144 1980485 AriaExecutor.h:535] Worker 5 latency: 4820 us (50%) 10512 us (75%) 122030 us (95%) 230531 us (99%).
I0314 17:48:05.006613 1980485 AriaExecutor.h:535] Worker 6 latency: 4822 us (50%) 10461 us (75%) 121293 us (95%) 228071 us (99%).
I0314 17:48:05.024093 1980485 AriaExecutor.h:535] Worker 7 latency: 4822 us (50%) 10368 us (75%) 119031 us (95%) 225948 us (99%).
I0314 17:48:05.041667 1980485 AriaExecutor.h:535] Worker 8 latency: 4827 us (50%) 10422 us (75%) 118788 us (95%) 225816 us (99%).
I0314 17:48:05.059350 1980485 AriaExecutor.h:535] Worker 9 latency: 4821 us (50%) 10375 us (75%) 119108 us (95%) 225648 us (99%).
I0314 17:48:05.076825 1980485 AriaExecutor.h:535] Worker 10 latency: 4834 us (50%) 10415 us (75%) 119134 us (95%) 226945 us (99%).
I0314 17:48:05.094427 1980485 AriaExecutor.h:535] Worker 11 latency: 4816 us (50%) 10380 us (75%) 119170 us (95%) 225718 us (99%).
I0314 17:48:05.111953 1980485 Coordinator.h:177] total commit: 161149
I0314 17:48:06.112159 1980485 Coordinator.h:192] Coordinator exits.
