I0314 18:45:20.171660 2002816 Database.h:65] ycsb initialization finished in 98 milliseconds.
I0314 18:45:20.171875 2002816 Coordinator.h:30] Coordinator initializes 12 workers.
I0314 18:45:20.279697 2002816 Coordinator.h:77] Coordinator starts to run 13 workers.
I0314 18:45:20.279793 2002844 AriaFBExecutor.h:86] AriaFBExecutor 0 started. 
I0314 18:45:20.279840 2002845 AriaFBExecutor.h:86] AriaFBExecutor 1 started. 
I0314 18:45:20.279983 2002847 AriaFBExecutor.h:86] AriaFBExecutor 3 started. 
I0314 18:45:20.280108 2002848 AriaFBExecutor.h:86] AriaFBExecutor 4 started. 
I0314 18:45:20.280194 2002846 AriaFBExecutor.h:86] AriaFBExecutor 2 started. 
I0314 18:45:20.280223 2002849 AriaFBExecutor.h:86] AriaFBExecutor 5 started. 
I0314 18:45:20.280318 2002850 AriaFBExecutor.h:86] AriaFBExecutor 6 started. 
I0314 18:45:20.280448 2002851 AriaFBExecutor.h:86] AriaFBExecutor 7 started. 
I0314 18:45:20.280498 2002852 AriaFBExecutor.h:86] AriaFBExecutor 8 started. 
I0314 18:45:20.280593 2002853 AriaFBExecutor.h:86] AriaFBExecutor 9 started. 
I0314 18:45:20.280651 2002854 AriaFBExecutor.h:86] AriaFBExecutor 10 started. 
I0314 18:45:20.280746 2002855 AriaFBExecutor.h:86] AriaFBExecutor 11 started. 
I0314 18:45:20.280799 2002856 Manager.h:224] Manager(worker id = 12) on the coordinator node started.
I0314 18:45:21.280841 2002816 Coordinator.h:126] commit: 428000 abort: 45444 (0/45444/0), network size: 0, avg network size: 0, si_in_serializable: 0 0 %, local: 0 %
I0314 18:45:22.280999 2002816 Coordinator.h:126] commit: 460000 abort: 48903 (0/48903/0), network size: 0, avg network size: 0, si_in_serializable: 0 0 %, local: 0 %
I0314 18:45:23.281172 2002816 Coordinator.h:126] commit: 488000 abort: 52006 (0/52006/0), network size: 0, avg network size: 0, si_in_serializable: 0 0 %, local: 0 %
I0314 18:45:24.281307 2002816 Coordinator.h:126] commit: 488000 abort: 51824 (0/51824/0), network size: 0, avg network size: 0, si_in_serializable: 0 0 %, local: 0 %
I0314 18:45:25.281436 2002816 Coordinator.h:126] commit: 492000 abort: 52425 (0/52425/0), network size: 0, avg network size: 0, si_in_serializable: 0 0 %, local: 0 %
I0314 18:45:26.281566 2002816 Coordinator.h:126] commit: 488000 abort: 51816 (0/51816/0), network size: 0, avg network size: 0, si_in_serializable: 0 0 %, local: 0 %
I0314 18:45:27.281677 2002816 Coordinator.h:126] commit: 484000 abort: 51272 (0/51272/0), network size: 0, avg network size: 0, si_in_serializable: 0 0 %, local: 0 %
I0314 18:45:28.281849 2002816 Coordinator.h:126] commit: 492000 abort: 52402 (0/52402/0), network size: 0, avg network size: 0, si_in_serializable: 0 0 %, local: 0 %
I0314 18:45:29.281983 2002816 Coordinator.h:126] commit: 491760 abort: 52284 (0/52284/0), network size: 0, avg network size: 0, si_in_serializable: 0 0 %, local: 0 %
I0314 18:45:30.282092 2002816 Coordinator.h:126] commit: 488240 abort: 51709 (0/51709/0), network size: 0, avg network size: 0, si_in_serializable: 0 0 %, local: 0 %
I0314 18:45:31.282202 2002816 Coordinator.h:126] commit: 492000 abort: 52744 (0/52744/0), network size: 0, avg network size: 0, si_in_serializable: 0 0 %, local: 0 %
I0314 18:45:32.282303 2002816 Coordinator.h:126] commit: 492000 abort: 52144 (0/52144/0), network size: 0, avg network size: 0, si_in_serializable: 0 0 %, local: 0 %
I0314 18:45:33.282413 2002816 Coordinator.h:126] commit: 468000 abort: 49966 (0/49966/0), network size: 0, avg network size: 0, si_in_serializable: 0 0 %, local: 0 %
I0314 18:45:34.282526 2002816 Coordinator.h:126] commit: 492000 abort: 52159 (0/52159/0), network size: 0, avg network size: 0, si_in_serializable: 0 0 %, local: 0 %
I0314 18:45:35.282649 2002816 Coordinator.h:126] commit: 488000 abort: 51923 (0/51923/0), network size: 0, avg network size: 0, si_in_serializable: 0 0 %, local: 0 %
I0314 18:45:36.282840 2002816 Coordinator.h:126] commit: 488000 abort: 51777 (0/51777/0), network size: 0, avg network size: 0, si_in_serializable: 0 0 %, local: 0 %
I0314 18:45:37.282991 2002816 Coordinator.h:126] commit: 492000 abort: 51967 (0/51967/0), network size: 0, avg network size: 0, si_in_serializable: 0 0 %, local: 0 %
I0314 18:45:38.283118 2002816 Coordinator.h:126] commit: 492000 abort: 52179 (0/52179/0), network size: 0, avg network size: 0, si_in_serializable: 0 0 %, local: 0 %
I0314 18:45:39.283221 2002816 Coordinator.h:126] commit: 492000 abort: 51877 (0/51877/0), network size: 0, avg network size: 0, si_in_serializable: 0 0 %, local: 0 %
I0314 18:45:40.283324 2002816 Coordinator.h:126] commit: 492000 abort: 52117 (0/52117/0), network size: 0, avg network size: 0, si_in_serializable: 0 0 %, local: 0 %
I0314 18:45:41.283437 2002816 Coordinator.h:126] commit: 488151 abort: 51792 (0/51792/0), network size: 0, avg network size: 0, si_in_serializable: 0 0 %, local: 0 %
I0314 18:45:42.283551 2002816 Coordinator.h:126] commit: 491849 abort: 52448 (0/52448/0), network size: 0, avg network size: 0, si_in_serializable: 0 0 %, local: 0 %
I0314 18:45:43.283663 2002816 Coordinator.h:126] commit: 492000 abort: 51904 (0/51904/0), network size: 0, avg network size: 0, si_in_serializable: 0 0 %, local: 0 %
I0314 18:45:44.283777 2002816 Coordinator.h:126] commit: 492000 abort: 51771 (0/51771/0), network size: 0, avg network size: 0, si_in_serializable: 0 0 %, local: 0 %
I0314 18:45:45.283898 2002816 Coordinator.h:126] commit: 492000 abort: 52220 (0/52220/0), network size: 0, avg network size: 0, si_in_serializable: 0 0 %, local: 0 %
I0314 18:45:45.283946 2002816 Coordinator.h:152] average commit: 488800 abort: 51885.3 (0/51885.3/0), network size: 0, avg network size: 0, si_in_serializable: 0 0 %, local: 0 %
I0314 18:45:45.289201 2002845 AriaFBExecutor.h:95] AriaFBExecutor 1 exits. 
I0314 18:45:45.289222 2002852 AriaFBExecutor.h:95] AriaFBExecutor 8 exits. 
I0314 18:45:45.289216 2002855 AriaFBExecutor.h:95] AriaFBExecutor 11 exits. 
I0314 18:45:45.289219 2002849 AriaFBExecutor.h:95] AriaFBExecutor 5 exits. 
I0314 18:45:45.289201 2002848 AriaFBExecutor.h:95] AriaFBExecutor 4 exits. 
I0314 18:45:45.289201 2002851 AriaFBExecutor.h:95] AriaFBExecutor 7 exits. 
I0314 18:45:45.289222 2002847 AriaFBExecutor.h:95] AriaFBExecutor 3 exits. 
I0314 18:45:45.289225 2002846 AriaFBExecutor.h:95] AriaFBExecutor 2 exits. 
I0314 18:45:45.289222 2002850 AriaFBExecutor.h:95] AriaFBExecutor 6 exits. 
I0314 18:45:45.289220 2002844 AriaFBExecutor.h:95] AriaFBExecutor 0 exits. 
I0314 18:45:45.289229 2002856 Manager.h:227] Manager(worker id = 12) on the coordinator node exits.
I0314 18:45:45.289220 2002853 AriaFBExecutor.h:95] AriaFBExecutor 9 exits. 
I0314 18:45:45.289216 2002854 AriaFBExecutor.h:95] AriaFBExecutor 10 exits. 
I0314 18:45:45.283989 2002816 AriaFBExecutor.h:803] Worker 0 latency: 6444 us (50%) 6778 us (75%) 7063 us (95%) 7721 us (99%).
I0314 18:45:45.336136 2002816 AriaFBExecutor.h:803] Worker 1 latency: 6492 us (50%) 6797 us (75%) 7138 us (95%) 7767 us (99%).
I0314 18:45:45.379918 2002816 AriaFBExecutor.h:803] Worker 2 latency: 6493 us (50%) 6797 us (75%) 7136 us (95%) 7762 us (99%).
I0314 18:45:45.423357 2002816 AriaFBExecutor.h:803] Worker 3 latency: 6491 us (50%) 6795 us (75%) 7131 us (95%) 7752 us (99%).
I0314 18:45:45.466156 2002816 AriaFBExecutor.h:803] Worker 4 latency: 6493 us (50%) 6797 us (75%) 7134 us (95%) 7757 us (99%).
I0314 18:45:45.509016 2002816 AriaFBExecutor.h:803] Worker 5 latency: 6484 us (50%) 6791 us (75%) 7126 us (95%) 7759 us (99%).
I0314 18:45:45.551522 2002816 AriaFBExecutor.h:803] Worker 6 latency: 6495 us (50%) 6797 us (75%) 7131 us (95%) 7756 us (99%).
I0314 18:45:45.594406 2002816 AriaFBExecutor.h:803] Worker 7 latency: 6492 us (50%) 6795 us (75%) 7127 us (95%) 7747 us (99%).
I0314 18:45:45.636829 2002816 AriaFBExecutor.h:803] Worker 8 latency: 6491 us (50%) 6795 us (75%) 7128 us (95%) 7758 us (99%).
I0314 18:45:45.679713 2002816 AriaFBExecutor.h:803] Worker 9 latency: 6489 us (50%) 6794 us (75%) 7128 us (95%) 7764 us (99%).
I0314 18:45:45.722399 2002816 AriaFBExecutor.h:803] Worker 10 latency: 6491 us (50%) 6795 us (75%) 7125 us (95%) 7755 us (99%).
I0314 18:45:45.764933 2002816 AriaFBExecutor.h:803] Worker 11 latency: 6495 us (50%) 6797 us (75%) 7124 us (95%) 7758 us (99%).
I0314 18:45:45.807668 2002816 Coordinator.h:177] total commit: 488800
I0314 18:45:46.807879 2002816 Coordinator.h:192] Coordinator exits.
