I0314 19:32:03.945658 2021146 Database.h:65] ycsb initialization finished in 97 milliseconds.
I0314 19:32:03.945886 2021146 Coordinator.h:30] Coordinator initializes 12 workers.
I0314 19:32:04.054886 2021146 Coordinator.h:77] Coordinator starts to run 13 workers.
I0314 19:32:04.054991 2021162 AriaFBExecutor.h:86] AriaFBExecutor 0 started. 
I0314 19:32:04.055035 2021163 AriaFBExecutor.h:86] AriaFBExecutor 1 started. 
I0314 19:32:04.055166 2021164 AriaFBExecutor.h:86] AriaFBExecutor 2 started. 
I0314 19:32:04.055291 2021165 AriaFBExecutor.h:86] AriaFBExecutor 3 started. 
I0314 19:32:04.055348 2021166 AriaFBExecutor.h:86] AriaFBExecutor 4 started. 
I0314 19:32:04.055445 2021167 AriaFBExecutor.h:86] AriaFBExecutor 5 started. 
I0314 19:32:04.055524 2021168 AriaFBExecutor.h:86] AriaFBExecutor 6 started. 
I0314 19:32:04.055603 2021169 AriaFBExecutor.h:86] AriaFBExecutor 7 started. 
I0314 19:32:04.055680 2021170 AriaFBExecutor.h:86] AriaFBExecutor 8 started. 
I0314 19:32:04.055761 2021171 AriaFBExecutor.h:86] AriaFBExecutor 9 started. 
I0314 19:32:04.055836 2021172 AriaFBExecutor.h:86] AriaFBExecutor 10 started. 
I0314 19:32:04.055913 2021173 AriaFBExecutor.h:86] AriaFBExecutor 11 started. 
I0314 19:32:04.055985 2021174 Manager.h:224] Manager(worker id = 12) on the coordinator node started.
I0314 19:32:05.056032 2021146 Coordinator.h:126] commit: 320000 abort: 36274 (0/36274/0), network size: 0, avg network size: 0, si_in_serializable: 0 0 %, local: 0 %
I0314 19:32:06.056195 2021146 Coordinator.h:126] commit: 340000 abort: 38467 (0/38467/0), network size: 0, avg network size: 0, si_in_serializable: 0 0 %, local: 0 %
I0314 19:32:07.056380 2021146 Coordinator.h:126] commit: 360000 abort: 40555 (0/40555/0), network size: 0, avg network size: 0, si_in_serializable: 0 0 %, local: 0 %
I0314 19:32:08.056510 2021146 Coordinator.h:126] commit: 360000 abort: 40549 (0/40549/0), network size: 0, avg network size: 0, si_in_serializable: 0 0 %, local: 0 %
I0314 19:32:09.056632 2021146 Coordinator.h:126] commit: 360000 abort: 40950 (0/40950/0), network size: 0, avg network size: 0, si_in_serializable: 0 0 %, local: 0 %
I0314 19:32:10.056758 2021146 Coordinator.h:126] commit: 360000 abort: 40459 (0/40459/0), network size: 0, avg network size: 0, si_in_serializable: 0 0 %, local: 0 %
I0314 19:32:11.056951 2021146 Coordinator.h:126] commit: 360000 abort: 40975 (0/40975/0), network size: 0, avg network size: 0, si_in_serializable: 0 0 %, local: 0 %
I0314 19:32:12.057072 2021146 Coordinator.h:126] commit: 364000 abort: 41236 (0/41236/0), network size: 0, avg network size: 0, si_in_serializable: 0 0 %, local: 0 %
I0314 19:32:13.057179 2021146 Coordinator.h:126] commit: 352000 abort: 39953 (0/39953/0), network size: 0, avg network size: 0, si_in_serializable: 0 0 %, local: 0 %
I0314 19:32:14.057289 2021146 Coordinator.h:126] commit: 360000 abort: 40823 (0/40823/0), network size: 0, avg network size: 0, si_in_serializable: 0 0 %, local: 0 %
I0314 19:32:15.057408 2021146 Coordinator.h:126] commit: 360000 abort: 40757 (0/40757/0), network size: 0, avg network size: 0, si_in_serializable: 0 0 %, local: 0 %
I0314 19:32:16.057514 2021146 Coordinator.h:126] commit: 364000 abort: 41301 (0/41301/0), network size: 0, avg network size: 0, si_in_serializable: 0 0 %, local: 0 %
I0314 19:32:17.057626 2021146 Coordinator.h:126] commit: 360000 abort: 40670 (0/40670/0), network size: 0, avg network size: 0, si_in_serializable: 0 0 %, local: 0 %
I0314 19:32:18.057752 2021146 Coordinator.h:126] commit: 360000 abort: 40811 (0/40811/0), network size: 0, avg network size: 0, si_in_serializable: 0 0 %, local: 0 %
I0314 19:32:19.057871 2021146 Coordinator.h:126] commit: 363670 abort: 40919 (0/40919/0), network size: 0, avg network size: 0, si_in_serializable: 0 0 %, local: 0 %
I0314 19:32:20.057984 2021146 Coordinator.h:126] commit: 360330 abort: 40650 (0/40650/0), network size: 0, avg network size: 0, si_in_serializable: 0 0 %, local: 0 %
I0314 19:32:21.058100 2021146 Coordinator.h:126] commit: 360000 abort: 40332 (0/40332/0), network size: 0, avg network size: 0, si_in_serializable: 0 0 %, local: 0 %
I0314 19:32:22.058211 2021146 Coordinator.h:126] commit: 351772 abort: 39858 (0/39858/0), network size: 0, avg network size: 0, si_in_serializable: 0 0 %, local: 0 %
I0314 19:32:23.058386 2021146 Coordinator.h:126] commit: 356228 abort: 40287 (0/40287/0), network size: 0, avg network size: 0, si_in_serializable: 0 0 %, local: 0 %
I0314 19:32:24.058509 2021146 Coordinator.h:126] commit: 360000 abort: 40937 (0/40937/0), network size: 0, avg network size: 0, si_in_serializable: 0 0 %, local: 0 %
I0314 19:32:25.058622 2021146 Coordinator.h:126] commit: 364000 abort: 41271 (0/41271/0), network size: 0, avg network size: 0, si_in_serializable: 0 0 %, local: 0 %
I0314 19:32:26.058735 2021146 Coordinator.h:126] commit: 360000 abort: 40575 (0/40575/0), network size: 0, avg network size: 0, si_in_serializable: 0 0 %, local: 0 %
I0314 19:32:27.058843 2021146 Coordinator.h:126] commit: 360000 abort: 40607 (0/40607/0), network size: 0, avg network size: 0, si_in_serializable: 0 0 %, local: 0 %
I0314 19:32:28.058957 2021146 Coordinator.h:126] commit: 364000 abort: 41243 (0/41243/0), network size: 0, avg network size: 0, si_in_serializable: 0 0 %, local: 0 %
I0314 19:32:29.059103 2021146 Coordinator.h:126] commit: 360000 abort: 40546 (0/40546/0), network size: 0, avg network size: 0, si_in_serializable: 0 0 %, local: 0 %
I0314 19:32:29.059155 2021146 Coordinator.h:152] average commit: 359600 abort: 40652.2 (0/40652.2/0), network size: 0, avg network size: 0, si_in_serializable: 0 0 %, local: 0 %
I0314 19:32:29.064411 2021162 AriaFBExecutor.h:95] AriaFBExecutor 0 exits. 
I0314 19:32:29.064411 2021173 AriaFBExecutor.h:95] AriaFBExecutor 11 exits. 
I0314 19:32:29.064430 2021174 Manager.h:227] Manager(worker id = 12) on the coordinator node exits.
I0314 19:32:29.064426 2021165 AriaFBExecutor.h:95] AriaFBExecutor 3 exits. 
I0314 19:32:29.064411 2021163 AriaFBExecutor.h:95] AriaFBExecutor 1 exits. 
I0314 19:32:29.064427 2021166 AriaFBExecutor.h:95] AriaFBExecutor 4 exits. 
I0314 19:32:29.064427 2021172 AriaFBExecutor.h:95] AriaFBExecutor 10 exits. 
I0314 19:32:29.064411 2021169 AriaFBExecutor.h:95] AriaFBExecutor 7 exits. 
I0314 19:32:29.064427 2021164 AriaFBExecutor.h:95] AriaFBExecutor 2 exits. 
I0314 19:32:29.064428 2021171 AriaFBExecutor.h:95] AriaFBExecutor 9 exits. 
I0314 19:32:29.064428 2021170 AriaFBExecutor.h:95] AriaFBExecutor 8 exits. 
I0314 19:32:29.064429 2021168 AriaFBExecutor.h:95] AriaFBExecutor 6 exits. 
I0314 19:32:29.064411 2021167 AriaFBExecutor.h:95] AriaFBExecutor 5 exits. 
I0314 19:32:29.059201 2021146 AriaFBExecutor.h:803] Worker 0 latency: 8005 us (50%) 9036 us (75%) 9812 us (95%) 10327 us (99%).
I0314 19:32:29.104475 2021146 AriaFBExecutor.h:803] Worker 1 latency: 7929 us (50%) 8972 us (75%) 9807 us (95%) 10387 us (99%).
I0314 19:32:29.139817 2021146 AriaFBExecutor.h:803] Worker 2 latency: 7929 us (50%) 8971 us (75%) 9806 us (95%) 10351 us (99%).
I0314 19:32:29.174361 2021146 AriaFBExecutor.h:803] Worker 3 latency: 7927 us (50%) 8970 us (75%) 9805 us (95%) 10314 us (99%).
I0314 19:32:29.209089 2021146 AriaFBExecutor.h:803] Worker 4 latency: 7933 us (50%) 8972 us (75%) 9804 us (95%) 10327 us (99%).
I0314 19:32:29.243844 2021146 AriaFBExecutor.h:803] Worker 5 latency: 7940 us (50%) 8976 us (75%) 9806 us (95%) 10333 us (99%).
I0314 19:32:29.278671 2021146 AriaFBExecutor.h:803] Worker 6 latency: 7926 us (50%) 8966 us (75%) 9801 us (95%) 10302 us (99%).
I0314 19:32:29.313637 2021146 AriaFBExecutor.h:803] Worker 7 latency: 7937 us (50%) 8973 us (75%) 9803 us (95%) 10318 us (99%).
I0314 19:32:29.348325 2021146 AriaFBExecutor.h:803] Worker 8 latency: 7932 us (50%) 8970 us (75%) 9801 us (95%) 10323 us (99%).
I0314 19:32:29.383206 2021146 AriaFBExecutor.h:803] Worker 9 latency: 7923 us (50%) 8963 us (75%) 9798 us (95%) 10303 us (99%).
I0314 19:32:29.417834 2021146 AriaFBExecutor.h:803] Worker 10 latency: 7932 us (50%) 8969 us (75%) 9799 us (95%) 10316 us (99%).
I0314 19:32:29.452184 2021146 AriaFBExecutor.h:803] Worker 11 latency: 7934 us (50%) 8968 us (75%) 9797 us (95%) 10290 us (99%).
I0314 19:32:29.487777 2021146 Coordinator.h:177] total commit: 359600
I0314 19:32:30.487977 2021146 Coordinator.h:192] Coordinator exits.
