I0314 17:56:45.772853 1983891 Database.h:65] ycsb initialization finished in 98 milliseconds.
I0314 17:56:45.773087 1983891 Coordinator.h:30] Coordinator initializes 12 workers.
I0314 17:56:45.881006 1983891 Coordinator.h:77] Coordinator starts to run 13 workers.
I0314 17:56:45.881095 1983907 AriaExecutor.h:82] AriaExecutor 0 started. 
I0314 17:56:45.881137 1983908 AriaExecutor.h:82] AriaExecutor 1 started. 
I0314 17:56:45.881256 1983909 AriaExecutor.h:82] AriaExecutor 2 started. 
I0314 17:56:45.881379 1983910 AriaExecutor.h:82] AriaExecutor 3 started. 
I0314 17:56:45.881408 1983911 AriaExecutor.h:82] AriaExecutor 4 started. 
I0314 17:56:45.881520 1983912 AriaExecutor.h:82] AriaExecutor 5 started. 
I0314 17:56:45.881551 1983913 AriaExecutor.h:82] AriaExecutor 6 started. 
I0314 17:56:45.881659 1983914 AriaExecutor.h:82] AriaExecutor 7 started. 
I0314 17:56:45.881716 1983915 AriaExecutor.h:82] AriaExecutor 8 started. 
I0314 17:56:45.881800 1983916 AriaExecutor.h:82] AriaExecutor 9 started. 
I0314 17:56:45.881916 1983917 AriaExecutor.h:82] AriaExecutor 10 started. 
I0314 17:56:45.881940 1983918 AriaExecutor.h:82] AriaExecutor 11 started. 
I0314 17:56:45.882052 1983919 Manager.h:224] Manager(worker id = 12) on the coordinator node started.
I0314 17:56:46.882081 1983891 Coordinator.h:126] commit: 46578 abort: 1433422 (0/1433422/0), network size: 0, avg network size: 0, si_in_serializable: 0 0 %, local: 0 %
I0314 17:56:47.882239 1983891 Coordinator.h:126] commit: 59809 abort: 1396191 (0/1396191/0), network size: 0, avg network size: 0, si_in_serializable: 0 0 %, local: 0 %
I0314 17:56:48.882431 1983891 Coordinator.h:126] commit: 61084 abort: 1426916 (0/1426916/0), network size: 0, avg network size: 0, si_in_serializable: 0 0 %, local: 0 %
I0314 17:56:49.882562 1983891 Coordinator.h:126] commit: 60195 abort: 1423805 (0/1423805/0), network size: 0, avg network size: 0, si_in_serializable: 0 0 %, local: 0 %
I0314 17:56:50.882699 1983891 Coordinator.h:126] commit: 60284 abort: 1415716 (0/1415716/0), network size: 0, avg network size: 0, si_in_serializable: 0 0 %, local: 0 %
I0314 17:56:51.882841 1983891 Coordinator.h:126] commit: 60329 abort: 1399671 (0/1399671/0), network size: 0, avg network size: 0, si_in_serializable: 0 0 %, local: 0 %
I0314 17:56:52.882982 1983891 Coordinator.h:126] commit: 59409 abort: 1396591 (0/1396591/0), network size: 0, avg network size: 0, si_in_serializable: 0 0 %, local: 0 %
I0314 17:56:53.883186 1983891 Coordinator.h:126] commit: 60091 abort: 1391909 (0/1391909/0), network size: 0, avg network size: 0, si_in_serializable: 0 0 %, local: 0 %
I0314 17:56:54.883318 1983891 Coordinator.h:126] commit: 59624 abort: 1388376 (0/1388376/0), network size: 0, avg network size: 0, si_in_serializable: 0 0 %, local: 0 %
I0314 17:56:55.883459 1983891 Coordinator.h:126] commit: 59734 abort: 1388266 (0/1388266/0), network size: 0, avg network size: 0, si_in_serializable: 0 0 %, local: 0 %
I0314 17:56:56.883599 1983891 Coordinator.h:126] commit: 59144 abort: 1388856 (0/1388856/0), network size: 0, avg network size: 0, si_in_serializable: 0 0 %, local: 0 %
I0314 17:56:57.883739 1983891 Coordinator.h:126] commit: 59898 abort: 1384102 (0/1384102/0), network size: 0, avg network size: 0, si_in_serializable: 0 0 %, local: 0 %
I0314 17:56:58.883894 1983891 Coordinator.h:126] commit: 59548 abort: 1368452 (0/1368452/0), network size: 0, avg network size: 0, si_in_serializable: 0 0 %, local: 0 %
I0314 17:56:59.884016 1983891 Coordinator.h:126] commit: 59781 abort: 1380219 (0/1380219/0), network size: 0, avg network size: 0, si_in_serializable: 0 0 %, local: 0 %
I0314 17:57:00.884163 1983891 Coordinator.h:126] commit: 59689 abort: 1388311 (0/1388311/0), network size: 0, avg network size: 0, si_in_serializable: 0 0 %, local: 0 %
I0314 17:57:01.884298 1983891 Coordinator.h:126] commit: 59819 abort: 1396181 (0/1396181/0), network size: 0, avg network size: 0, si_in_serializable: 0 0 %, local: 0 %
I0314 17:57:02.884424 1983891 Coordinator.h:126] commit: 59999 abort: 1396001 (0/1396001/0), network size: 0, avg network size: 0, si_in_serializable: 0 0 %, local: 0 %
I0314 17:57:03.884552 1983891 Coordinator.h:126] commit: 59189 abort: 1376811 (0/1376811/0), network size: 0, avg network size: 0, si_in_serializable: 0 0 %, local: 0 %
I0314 17:57:04.884684 1983891 Coordinator.h:126] commit: 59734 abort: 1396266 (0/1396266/0), network size: 0, avg network size: 0, si_in_serializable: 0 0 %, local: 0 %
I0314 17:57:05.884807 1983891 Coordinator.h:126] commit: 59906 abort: 1396094 (0/1396094/0), network size: 0, avg network size: 0, si_in_serializable: 0 0 %, local: 0 %
I0314 17:57:06.885025 1983891 Coordinator.h:126] commit: 59958 abort: 1396042 (0/1396042/0), network size: 0, avg network size: 0, si_in_serializable: 0 0 %, local: 0 %
I0314 17:57:07.885179 1983891 Coordinator.h:126] commit: 59429 abort: 1392571 (0/1392571/0), network size: 0, avg network size: 0, si_in_serializable: 0 0 %, local: 0 %
I0314 17:57:08.885326 1983891 Coordinator.h:126] commit: 59315 abort: 1388685 (0/1388685/0), network size: 0, avg network size: 0, si_in_serializable: 0 0 %, local: 0 %
I0314 17:57:09.885463 1983891 Coordinator.h:126] commit: 58625 abort: 1389375 (0/1389375/0), network size: 0, avg network size: 0, si_in_serializable: 0 0 %, local: 0 %
I0314 17:57:10.885617 1983891 Coordinator.h:126] commit: 59233 abort: 1384767 (0/1384767/0), network size: 0, avg network size: 0, si_in_serializable: 0 0 %, local: 0 %
I0314 17:57:10.885666 1983891 Coordinator.h:152] average commit: 59670.7 abort: 1.38713e+06 (0/1.38713e+06/0), network size: 0, avg network size: 0, si_in_serializable: 0 0 %, local: 0 %
I0314 17:57:10.887225 1983907 AriaExecutor.h:94] AriaExecutor 0 exits. 
I0314 17:57:10.887239 1983913 AriaExecutor.h:94] AriaExecutor 6 exits. 
I0314 17:57:10.887225 1983917 AriaExecutor.h:94] AriaExecutor 10 exits. 
I0314 17:57:10.887241 1983908 AriaExecutor.h:94] AriaExecutor 1 exits. 
I0314 17:57:10.887225 1983912 AriaExecutor.h:94] AriaExecutor 5 exits. 
I0314 17:57:10.887230 1983919 Manager.h:227] Manager(worker id = 12) on the coordinator node exits.
I0314 17:57:10.887240 1983909 AriaExecutor.h:94] AriaExecutor 2 exits. 
I0314 17:57:10.887240 1983918 AriaExecutor.h:94] AriaExecutor 11 exits. 
I0314 17:57:10.887225 1983911 AriaExecutor.h:94] AriaExecutor 4 exits. 
I0314 17:57:10.887241 1983910 AriaExecutor.h:94] AriaExecutor 3 exits. 
I0314 17:57:10.887241 1983914 AriaExecutor.h:94] AriaExecutor 7 exits. 
I0314 17:57:10.887243 1983916 AriaExecutor.h:94] AriaExecutor 9 exits. 
I0314 17:57:10.887225 1983915 AriaExecutor.h:94] AriaExecutor 8 exits. 
I0314 17:57:10.885710 1983891 AriaExecutor.h:535] Worker 0 latency: 40068 us (50%) 128236 us (75%) 338568 us (95%) 369549 us (99%).
I0314 17:57:10.907735 1983891 AriaExecutor.h:535] Worker 1 latency: 24120 us (50%) 90164 us (75%) 301202 us (95%) 355321 us (99%).
I0314 17:57:10.917857 1983891 AriaExecutor.h:535] Worker 2 latency: 24577 us (50%) 89850 us (75%) 288585 us (95%) 350719 us (99%).
I0314 17:57:10.925727 1983891 AriaExecutor.h:535] Worker 3 latency: 23785 us (50%) 87075 us (75%) 279148 us (95%) 347068 us (99%).
I0314 17:57:10.933072 1983891 AriaExecutor.h:535] Worker 4 latency: 26277 us (50%) 89697 us (75%) 276013 us (95%) 344268 us (99%).
I0314 17:57:10.940265 1983891 AriaExecutor.h:535] Worker 5 latency: 29596 us (50%) 96645 us (75%) 275446 us (95%) 341264 us (99%).
I0314 17:57:10.947945 1983891 AriaExecutor.h:535] Worker 6 latency: 28046 us (50%) 92563 us (75%) 271539 us (95%) 339207 us (99%).
I0314 17:57:10.955479 1983891 AriaExecutor.h:535] Worker 7 latency: 24047 us (50%) 86004 us (75%) 262316 us (95%) 337019 us (99%).
I0314 17:57:10.962652 1983891 AriaExecutor.h:535] Worker 8 latency: 23879 us (50%) 86177 us (75%) 260367 us (95%) 335297 us (99%).
I0314 17:57:10.969776 1983891 AriaExecutor.h:535] Worker 9 latency: 24873 us (50%) 86794 us (75%) 259154 us (95%) 332751 us (99%).
I0314 17:57:10.977054 1983891 AriaExecutor.h:535] Worker 10 latency: 23921 us (50%) 86362 us (75%) 257430 us (95%) 331881 us (99%).
I0314 17:57:10.984203 1983891 AriaExecutor.h:535] Worker 11 latency: 32198 us (50%) 101626 us (75%) 269454 us (95%) 331617 us (99%).
I0314 17:57:10.992506 1983891 Coordinator.h:177] total commit: 59670.7
I0314 17:57:11.992709 1983891 Coordinator.h:192] Coordinator exits.
