I0319 10:14:21.638157 4190929 Database.h:65] ycsb initialization finished in 99 milliseconds.
I0319 10:14:21.638388 4190929 Coordinator.h:30] Coordinator initializes 12 workers.
I0319 10:14:21.887357 4190929 Coordinator.h:77] Coordinator starts to run 13 workers.
I0319 10:14:21.887446 4190945 AriaExecutor.h:94] AriaExecutor 0 started. 
I0319 10:14:21.887499 4190946 AriaExecutor.h:94] AriaExecutor 1 started. 
I0319 10:14:21.887578 4190947 AriaExecutor.h:94] AriaExecutor 2 started. 
I0319 10:14:21.887634 4190948 AriaExecutor.h:94] AriaExecutor 3 started. 
I0319 10:14:21.887715 4190949 AriaExecutor.h:94] AriaExecutor 4 started. 
I0319 10:14:21.887795 4190950 AriaExecutor.h:94] AriaExecutor 5 started. 
I0319 10:14:21.887895 4190951 AriaExecutor.h:94] AriaExecutor 6 started. 
I0319 10:14:21.888002 4190952 AriaExecutor.h:94] AriaExecutor 7 started. 
I0319 10:14:21.888110 4190953 AriaExecutor.h:94] AriaExecutor 8 started. 
I0319 10:14:21.888219 4190954 AriaExecutor.h:94] AriaExecutor 9 started. 
I0319 10:14:21.888348 4190955 AriaExecutor.h:94] AriaExecutor 10 started. 
I0319 10:14:21.888463 4190956 AriaExecutor.h:94] AriaExecutor 11 started. 
I0319 10:14:21.888577 4190957 Manager.h:224] Manager(worker id = 12) on the coordinator node started.
I0319 10:14:22.888628 4190929 Coordinator.h:126] commit: 11040 abort: 188960 (0/188960/0), network size: 0, avg network size: 0, si_in_serializable: 0 0 %, local: 0 %
I0319 10:14:23.888783 4190929 Coordinator.h:126] commit: 11661 abort: 198339 (0/198339/0), network size: 0, avg network size: 0, si_in_serializable: 0 0 %, local: 0 %
I0319 10:14:24.888947 4190929 Coordinator.h:126] commit: 11585 abort: 198415 (0/198415/0), network size: 0, avg network size: 0, si_in_serializable: 0 0 %, local: 0 %
I0319 10:14:25.889083 4190929 Coordinator.h:126] commit: 11518 abort: 198482 (0/198482/0), network size: 0, avg network size: 0, si_in_serializable: 0 0 %, local: 0 %
I0319 10:14:26.889210 4190929 Coordinator.h:126] commit: 11495 abort: 198505 (0/198505/0), network size: 0, avg network size: 0, si_in_serializable: 0 0 %, local: 0 %
I0319 10:14:27.889339 4190929 Coordinator.h:126] commit: 11569 abort: 198431 (0/198431/0), network size: 0, avg network size: 0, si_in_serializable: 0 0 %, local: 0 %
I0319 10:14:28.889465 4190929 Coordinator.h:126] commit: 11452 abort: 198548 (0/198548/0), network size: 0, avg network size: 0, si_in_serializable: 0 0 %, local: 0 %
I0319 10:14:29.889627 4190929 Coordinator.h:126] commit: 11497 abort: 198503 (0/198503/0), network size: 0, avg network size: 0, si_in_serializable: 0 0 %, local: 0 %
I0319 10:14:30.889765 4190929 Coordinator.h:126] commit: 11487 abort: 198513 (0/198513/0), network size: 0, avg network size: 0, si_in_serializable: 0 0 %, local: 0 %
I0319 10:14:31.889892 4190929 Coordinator.h:126] commit: 11598 abort: 198402 (0/198402/0), network size: 0, avg network size: 0, si_in_serializable: 0 0 %, local: 0 %
I0319 10:14:32.890017 4190929 Coordinator.h:126] commit: 11530 abort: 198470 (0/198470/0), network size: 0, avg network size: 0, si_in_serializable: 0 0 %, local: 0 %
I0319 10:14:33.890144 4190929 Coordinator.h:126] commit: 11607 abort: 198393 (0/198393/0), network size: 0, avg network size: 0, si_in_serializable: 0 0 %, local: 0 %
I0319 10:14:34.890271 4190929 Coordinator.h:126] commit: 11477 abort: 198523 (0/198523/0), network size: 0, avg network size: 0, si_in_serializable: 0 0 %, local: 0 %
I0319 10:14:35.890436 4190929 Coordinator.h:126] commit: 11475 abort: 198525 (0/198525/0), network size: 0, avg network size: 0, si_in_serializable: 0 0 %, local: 0 %
I0319 10:14:36.890574 4190929 Coordinator.h:126] commit: 11663 abort: 198337 (0/198337/0), network size: 0, avg network size: 0, si_in_serializable: 0 0 %, local: 0 %
I0319 10:14:37.890700 4190929 Coordinator.h:126] commit: 11530 abort: 198470 (0/198470/0), network size: 0, avg network size: 0, si_in_serializable: 0 0 %, local: 0 %
I0319 10:14:38.890826 4190929 Coordinator.h:126] commit: 11531 abort: 198469 (0/198469/0), network size: 0, avg network size: 0, si_in_serializable: 0 0 %, local: 0 %
I0319 10:14:39.890951 4190929 Coordinator.h:126] commit: 11895 abort: 208105 (0/208105/0), network size: 0, avg network size: 0, si_in_serializable: 0 0 %, local: 0 %
I0319 10:14:40.891076 4190929 Coordinator.h:126] commit: 11474 abort: 198526 (0/198526/0), network size: 0, avg network size: 0, si_in_serializable: 0 0 %, local: 0 %
I0319 10:14:41.891201 4190929 Coordinator.h:126] commit: 11675 abort: 198325 (0/198325/0), network size: 0, avg network size: 0, si_in_serializable: 0 0 %, local: 0 %
I0319 10:14:42.891326 4190929 Coordinator.h:126] commit: 11373 abort: 198627 (0/198627/0), network size: 0, avg network size: 0, si_in_serializable: 0 0 %, local: 0 %
I0319 10:14:43.891446 4190929 Coordinator.h:126] commit: 11373 abort: 198627 (0/198627/0), network size: 0, avg network size: 0, si_in_serializable: 0 0 %, local: 0 %
I0319 10:14:44.891573 4190929 Coordinator.h:126] commit: 11357 abort: 198643 (0/198643/0), network size: 0, avg network size: 0, si_in_serializable: 0 0 %, local: 0 %
I0319 10:14:45.891696 4190929 Coordinator.h:126] commit: 11355 abort: 198645 (0/198645/0), network size: 0, avg network size: 0, si_in_serializable: 0 0 %, local: 0 %
I0319 10:14:46.891851 4190929 Coordinator.h:126] commit: 11516 abort: 198484 (0/198484/0), network size: 0, avg network size: 0, si_in_serializable: 0 0 %, local: 0 %
I0319 10:14:46.891904 4190929 Coordinator.h:152] average commit: 11585.7 abort: 199414 (0/199414/0), network size: 0, avg network size: 0, si_in_serializable: 0 0 %, local: 0 %
I0319 10:14:46.891918 4190929 AriaExecutor.h:646] Worker 0 latency: 34963 us (50%) 43366 us (75%) 47061 us (95%) 47548 us (99%).
I0319 10:14:46.908011 4190954 AriaExecutor.h:106] AriaExecutor 9 exits. 
I0319 10:14:46.908011 4190957 Manager.h:227] Manager(worker id = 12) on the coordinator node exits.
I0319 10:14:46.908011 4190948 AriaExecutor.h:106] AriaExecutor 3 exits. 
I0319 10:14:46.908011 4190949 AriaExecutor.h:106] AriaExecutor 4 exits. 
I0319 10:14:46.908011 4190947 AriaExecutor.h:106] AriaExecutor 2 exits. 
I0319 10:14:46.908011 4190951 AriaExecutor.h:106] AriaExecutor 6 exits. 
I0319 10:14:46.908011 4190945 AriaExecutor.h:106] AriaExecutor 0 exits. 
I0319 10:14:46.908011 4190953 AriaExecutor.h:106] AriaExecutor 8 exits. 
I0319 10:14:46.908011 4190955 AriaExecutor.h:106] AriaExecutor 10 exits. 
I0319 10:14:46.908011 4190956 AriaExecutor.h:106] AriaExecutor 11 exits. 
I0319 10:14:46.908011 4190952 AriaExecutor.h:106] AriaExecutor 7 exits. 
I0319 10:14:46.908011 4190946 AriaExecutor.h:106] AriaExecutor 1 exits. 
I0319 10:14:46.908011 4190950 AriaExecutor.h:106] AriaExecutor 5 exits. 
I0319 10:14:46.908218 4190929 AriaExecutor.h:646] Worker 1 latency: 35023 us (50%) 43307 us (75%) 47034 us (95%) 47506 us (99%).
I0319 10:14:46.909638 4190929 AriaExecutor.h:646] Worker 2 latency: 35085 us (50%) 43221 us (75%) 47022 us (95%) 47549 us (99%).
I0319 10:14:46.911046 4190929 AriaExecutor.h:646] Worker 3 latency: 35057 us (50%) 43275 us (75%) 46996 us (95%) 47464 us (99%).
I0319 10:14:46.912418 4190929 AriaExecutor.h:646] Worker 4 latency: 34886 us (50%) 43143 us (75%) 46970 us (95%) 47432 us (99%).
I0319 10:14:46.913810 4190929 AriaExecutor.h:646] Worker 5 latency: 34957 us (50%) 43123 us (75%) 46939 us (95%) 47410 us (99%).
I0319 10:14:46.915182 4190929 AriaExecutor.h:646] Worker 6 latency: 35003 us (50%) 43018 us (75%) 46944 us (95%) 47423 us (99%).
I0319 10:14:46.916571 4190929 AriaExecutor.h:646] Worker 7 latency: 34727 us (50%) 42915 us (75%) 46908 us (95%) 47396 us (99%).
I0319 10:14:46.917945 4190929 AriaExecutor.h:646] Worker 8 latency: 34824 us (50%) 43124 us (75%) 46927 us (95%) 47400 us (99%).
I0319 10:14:46.919354 4190929 AriaExecutor.h:646] Worker 9 latency: 34630 us (50%) 42867 us (75%) 46911 us (95%) 47377 us (99%).
I0319 10:14:46.920733 4190929 AriaExecutor.h:646] Worker 10 latency: 34768 us (50%) 42951 us (75%) 46906 us (95%) 47408 us (99%).
I0319 10:14:46.922092 4190929 AriaExecutor.h:646] Worker 11 latency: 34570 us (50%) 42810 us (75%) 46868 us (95%) 47353 us (99%).
I0319 10:14:46.923466 4190929 Coordinator.h:177] total commit: 11585.7
I0319 10:14:47.923667 4190929 Coordinator.h:192] Coordinator exits.
