I0319 10:11:16.565289 4190381 Database.h:65] ycsb initialization finished in 99 milliseconds.
I0319 10:11:16.565514 4190381 Coordinator.h:30] Coordinator initializes 12 workers.
I0319 10:11:16.649277 4190381 Coordinator.h:77] Coordinator starts to run 13 workers.
I0319 10:11:16.649366 4190397 AriaExecutor.h:94] AriaExecutor 0 started. 
I0319 10:11:16.649400 4190398 AriaExecutor.h:94] AriaExecutor 1 started. 
I0319 10:11:16.649463 4190399 AriaExecutor.h:94] AriaExecutor 2 started. 
I0319 10:11:16.649525 4190400 AriaExecutor.h:94] AriaExecutor 3 started. 
I0319 10:11:16.649648 4190402 AriaExecutor.h:94] AriaExecutor 5 started. 
I0319 10:11:16.649726 4190403 AriaExecutor.h:94] AriaExecutor 6 started. 
I0319 10:11:16.649773 4190404 AriaExecutor.h:94] AriaExecutor 7 started. 
I0319 10:11:16.649817 4190401 AriaExecutor.h:94] AriaExecutor 4 started. 
I0319 10:11:16.649868 4190405 AriaExecutor.h:94] AriaExecutor 8 started. 
I0319 10:11:16.650075 4190406 AriaExecutor.h:94] AriaExecutor 9 started. 
I0319 10:11:16.650257 4190407 AriaExecutor.h:94] AriaExecutor 10 started. 
I0319 10:11:16.650444 4190408 AriaExecutor.h:94] AriaExecutor 11 started. 
I0319 10:11:16.650595 4190409 Manager.h:224] Manager(worker id = 12) on the coordinator node started.
I0319 10:11:17.650671 4190381 Coordinator.h:126] commit: 17162 abort: 183838 (0/183838/0), network size: 0, avg network size: 0, si_in_serializable: 0 0 %, local: 0 %
I0319 10:11:18.650840 4190381 Coordinator.h:126] commit: 17238 abort: 183762 (0/183762/0), network size: 0, avg network size: 0, si_in_serializable: 0 0 %, local: 0 %
I0319 10:11:19.651139 4190381 Coordinator.h:126] commit: 17809 abort: 189191 (0/189191/0), network size: 0, avg network size: 0, si_in_serializable: 0 0 %, local: 0 %
I0319 10:11:20.651324 4190381 Coordinator.h:126] commit: 17565 abort: 186435 (0/186435/0), network size: 0, avg network size: 0, si_in_serializable: 0 0 %, local: 0 %
I0319 10:11:21.651454 4190381 Coordinator.h:126] commit: 17297 abort: 186703 (0/186703/0), network size: 0, avg network size: 0, si_in_serializable: 0 0 %, local: 0 %
I0319 10:11:22.651585 4190381 Coordinator.h:126] commit: 17503 abort: 186497 (0/186497/0), network size: 0, avg network size: 0, si_in_serializable: 0 0 %, local: 0 %
I0319 10:11:23.651719 4190381 Coordinator.h:126] commit: 17510 abort: 186490 (0/186490/0), network size: 0, avg network size: 0, si_in_serializable: 0 0 %, local: 0 %
I0319 10:11:24.651919 4190381 Coordinator.h:126] commit: 17426 abort: 186574 (0/186574/0), network size: 0, avg network size: 0, si_in_serializable: 0 0 %, local: 0 %
I0319 10:11:25.652056 4190381 Coordinator.h:126] commit: 17337 abort: 186663 (0/186663/0), network size: 0, avg network size: 0, si_in_serializable: 0 0 %, local: 0 %
I0319 10:11:26.652173 4190381 Coordinator.h:126] commit: 17278 abort: 186722 (0/186722/0), network size: 0, avg network size: 0, si_in_serializable: 0 0 %, local: 0 %
I0319 10:11:27.652297 4190381 Coordinator.h:126] commit: 17566 abort: 186434 (0/186434/0), network size: 0, avg network size: 0, si_in_serializable: 0 0 %, local: 0 %
I0319 10:11:28.652428 4190381 Coordinator.h:126] commit: 17445 abort: 186555 (0/186555/0), network size: 0, avg network size: 0, si_in_serializable: 0 0 %, local: 0 %
I0319 10:11:29.652551 4190381 Coordinator.h:126] commit: 17320 abort: 186680 (0/186680/0), network size: 0, avg network size: 0, si_in_serializable: 0 0 %, local: 0 %
I0319 10:11:30.652732 4190381 Coordinator.h:126] commit: 17319 abort: 186681 (0/186681/0), network size: 0, avg network size: 0, si_in_serializable: 0 0 %, local: 0 %
I0319 10:11:31.652876 4190381 Coordinator.h:126] commit: 17458 abort: 186542 (0/186542/0), network size: 0, avg network size: 0, si_in_serializable: 0 0 %, local: 0 %
I0319 10:11:32.653009 4190381 Coordinator.h:126] commit: 17316 abort: 186684 (0/186684/0), network size: 0, avg network size: 0, si_in_serializable: 0 0 %, local: 0 %
I0319 10:11:33.653147 4190381 Coordinator.h:126] commit: 17421 abort: 186579 (0/186579/0), network size: 0, avg network size: 0, si_in_serializable: 0 0 %, local: 0 %
I0319 10:11:34.653321 4190381 Coordinator.h:126] commit: 17453 abort: 186547 (0/186547/0), network size: 0, avg network size: 0, si_in_serializable: 0 0 %, local: 0 %
I0319 10:11:35.653450 4190381 Coordinator.h:126] commit: 17248 abort: 186752 (0/186752/0), network size: 0, avg network size: 0, si_in_serializable: 0 0 %, local: 0 %
I0319 10:11:36.653573 4190381 Coordinator.h:126] commit: 17622 abort: 189378 (0/189378/0), network size: 0, avg network size: 0, si_in_serializable: 0 0 %, local: 0 %
I0319 10:11:37.653709 4190381 Coordinator.h:126] commit: 17434 abort: 183566 (0/183566/0), network size: 0, avg network size: 0, si_in_serializable: 0 0 %, local: 0 %
I0319 10:11:38.653832 4190381 Coordinator.h:126] commit: 17301 abort: 186699 (0/186699/0), network size: 0, avg network size: 0, si_in_serializable: 0 0 %, local: 0 %
I0319 10:11:39.653952 4190381 Coordinator.h:126] commit: 17448 abort: 186552 (0/186552/0), network size: 0, avg network size: 0, si_in_serializable: 0 0 %, local: 0 %
I0319 10:11:40.654129 4190381 Coordinator.h:126] commit: 17457 abort: 186543 (0/186543/0), network size: 0, avg network size: 0, si_in_serializable: 0 0 %, local: 0 %
I0319 10:11:41.654287 4190381 Coordinator.h:126] commit: 17768 abort: 189232 (0/189232/0), network size: 0, avg network size: 0, si_in_serializable: 0 0 %, local: 0 %
I0319 10:11:41.654337 4190381 Coordinator.h:152] average commit: 17416.8 abort: 186883 (0/186883/0), network size: 0, avg network size: 0, si_in_serializable: 0 0 %, local: 0 %
I0319 10:11:41.654382 4190381 AriaExecutor.h:646] Worker 0 latency: 10915 us (50%) 13459 us (75%) 14578 us (95%) 14682 us (99%).
I0319 10:11:41.666596 4190398 AriaExecutor.h:106] AriaExecutor 1 exits. 
I0319 10:11:41.666596 4190402 AriaExecutor.h:106] AriaExecutor 5 exits. 
I0319 10:11:41.666597 4190404 AriaExecutor.h:106] AriaExecutor 7 exits. 
I0319 10:11:41.666597 4190405 AriaExecutor.h:106] AriaExecutor 8 exits. 
I0319 10:11:41.666597 4190399 AriaExecutor.h:106] AriaExecutor 2 exits. 
I0319 10:11:41.666606 4190407 AriaExecutor.h:106] AriaExecutor 10 exits. 
I0319 10:11:41.666607 4190406 AriaExecutor.h:106] AriaExecutor 9 exits. 
I0319 10:11:41.666607 4190408 AriaExecutor.h:106] AriaExecutor 11 exits. 
I0319 10:11:41.666596 4190400 AriaExecutor.h:106] AriaExecutor 3 exits. 
I0319 10:11:41.666597 4190403 AriaExecutor.h:106] AriaExecutor 6 exits. 
I0319 10:11:41.666596 4190397 AriaExecutor.h:106] AriaExecutor 0 exits. 
I0319 10:11:41.666613 4190409 Manager.h:227] Manager(worker id = 12) on the coordinator node exits.
I0319 10:11:41.666596 4190401 AriaExecutor.h:106] AriaExecutor 4 exits. 
I0319 10:11:41.666858 4190381 AriaExecutor.h:646] Worker 1 latency: 10894 us (50%) 13427 us (75%) 14572 us (95%) 14682 us (99%).
I0319 10:11:41.672955 4190381 AriaExecutor.h:646] Worker 2 latency: 10908 us (50%) 13405 us (75%) 14563 us (95%) 14677 us (99%).
I0319 10:11:41.678328 4190381 AriaExecutor.h:646] Worker 3 latency: 10828 us (50%) 13362 us (75%) 14551 us (95%) 14669 us (99%).
I0319 10:11:41.682886 4190381 AriaExecutor.h:646] Worker 4 latency: 10801 us (50%) 13338 us (75%) 14537 us (95%) 14668 us (99%).
I0319 10:11:41.687075 4190381 AriaExecutor.h:646] Worker 5 latency: 10705 us (50%) 13291 us (75%) 14525 us (95%) 14664 us (99%).
I0319 10:11:41.690086 4190381 AriaExecutor.h:646] Worker 6 latency: 10740 us (50%) 13281 us (75%) 14520 us (95%) 14665 us (99%).
I0319 10:11:41.693078 4190381 AriaExecutor.h:646] Worker 7 latency: 10717 us (50%) 13271 us (75%) 14510 us (95%) 14658 us (99%).
I0319 10:11:41.696048 4190381 AriaExecutor.h:646] Worker 8 latency: 10770 us (50%) 13266 us (75%) 14512 us (95%) 14653 us (99%).
I0319 10:11:41.698230 4190381 AriaExecutor.h:646] Worker 9 latency: 10714 us (50%) 13261 us (75%) 14505 us (95%) 14657 us (99%).
I0319 10:11:41.700338 4190381 AriaExecutor.h:646] Worker 10 latency: 10773 us (50%) 13258 us (75%) 14502 us (95%) 14651 us (99%).
I0319 10:11:41.702463 4190381 AriaExecutor.h:646] Worker 11 latency: 10642 us (50%) 13207 us (75%) 14493 us (95%) 14650 us (99%).
I0319 10:11:41.704600 4190381 Coordinator.h:177] total commit: 17416.8
I0319 10:11:42.704833 4190381 Coordinator.h:192] Coordinator exits.
