I0319 10:17:52.823160 4191558 Database.h:65] ycsb initialization finished in 101 milliseconds.
I0319 10:17:52.823401 4191558 Coordinator.h:30] Coordinator initializes 12 workers.
I0319 10:17:53.026280 4191558 Coordinator.h:77] Coordinator starts to run 13 workers.
I0319 10:17:53.026366 4191574 AriaExecutor.h:94] AriaExecutor 0 started. 
I0319 10:17:53.026397 4191575 AriaExecutor.h:94] AriaExecutor 1 started. 
I0319 10:17:53.026499 4191576 AriaExecutor.h:94] AriaExecutor 2 started. 
I0319 10:17:53.026582 4191577 AriaExecutor.h:94] AriaExecutor 3 started. 
I0319 10:17:53.026643 4191578 AriaExecutor.h:94] AriaExecutor 4 started. 
I0319 10:17:53.026700 4191579 AriaExecutor.h:94] AriaExecutor 5 started. 
I0319 10:17:53.026785 4191580 AriaExecutor.h:94] AriaExecutor 6 started. 
I0319 10:17:53.026854 4191581 AriaExecutor.h:94] AriaExecutor 7 started. 
I0319 10:17:53.026964 4191582 AriaExecutor.h:94] AriaExecutor 8 started. 
I0319 10:17:53.027076 4191583 AriaExecutor.h:94] AriaExecutor 9 started. 
I0319 10:17:53.027174 4191584 AriaExecutor.h:94] AriaExecutor 10 started. 
I0319 10:17:53.027261 4191585 AriaExecutor.h:94] AriaExecutor 11 started. 
I0319 10:17:53.027372 4191586 Manager.h:224] Manager(worker id = 12) on the coordinator node started.
I0319 10:17:54.027431 4191558 Coordinator.h:126] commit: 9259 abort: 198741 (0/198741/0), network size: 0, avg network size: 0, si_in_serializable: 0 0 %, local: 0 %
I0319 10:17:55.027580 4191558 Coordinator.h:126] commit: 9459 abort: 206541 (0/206541/0), network size: 0, avg network size: 0, si_in_serializable: 0 0 %, local: 0 %
I0319 10:17:56.027746 4191558 Coordinator.h:126] commit: 9819 abort: 214181 (0/214181/0), network size: 0, avg network size: 0, si_in_serializable: 0 0 %, local: 0 %
I0319 10:17:57.027884 4191558 Coordinator.h:126] commit: 9751 abort: 206249 (0/206249/0), network size: 0, avg network size: 0, si_in_serializable: 0 0 %, local: 0 %
I0319 10:17:58.028012 4191558 Coordinator.h:126] commit: 9872 abort: 214128 (0/214128/0), network size: 0, avg network size: 0, si_in_serializable: 0 0 %, local: 0 %
I0319 10:17:59.028137 4191558 Coordinator.h:126] commit: 9355 abort: 206645 (0/206645/0), network size: 0, avg network size: 0, si_in_serializable: 0 0 %, local: 0 %
I0319 10:18:00.028267 4191558 Coordinator.h:126] commit: 9865 abort: 214135 (0/214135/0), network size: 0, avg network size: 0, si_in_serializable: 0 0 %, local: 0 %
I0319 10:18:01.028436 4191558 Coordinator.h:126] commit: 9545 abort: 206455 (0/206455/0), network size: 0, avg network size: 0, si_in_serializable: 0 0 %, local: 0 %
I0319 10:18:02.028571 4191558 Coordinator.h:126] commit: 9912 abort: 214088 (0/214088/0), network size: 0, avg network size: 0, si_in_serializable: 0 0 %, local: 0 %
I0319 10:18:03.028697 4191558 Coordinator.h:126] commit: 9609 abort: 206391 (0/206391/0), network size: 0, avg network size: 0, si_in_serializable: 0 0 %, local: 0 %
I0319 10:18:04.028825 4191558 Coordinator.h:126] commit: 9535 abort: 206465 (0/206465/0), network size: 0, avg network size: 0, si_in_serializable: 0 0 %, local: 0 %
I0319 10:18:05.028991 4191558 Coordinator.h:126] commit: 9828 abort: 214172 (0/214172/0), network size: 0, avg network size: 0, si_in_serializable: 0 0 %, local: 0 %
I0319 10:18:06.029130 4191558 Coordinator.h:126] commit: 9547 abort: 206453 (0/206453/0), network size: 0, avg network size: 0, si_in_serializable: 0 0 %, local: 0 %
I0319 10:18:07.029258 4191558 Coordinator.h:126] commit: 9934 abort: 214066 (0/214066/0), network size: 0, avg network size: 0, si_in_serializable: 0 0 %, local: 0 %
I0319 10:18:08.029386 4191558 Coordinator.h:126] commit: 9468 abort: 206532 (0/206532/0), network size: 0, avg network size: 0, si_in_serializable: 0 0 %, local: 0 %
I0319 10:18:09.029510 4191558 Coordinator.h:126] commit: 9975 abort: 214025 (0/214025/0), network size: 0, avg network size: 0, si_in_serializable: 0 0 %, local: 0 %
I0319 10:18:10.029633 4191558 Coordinator.h:126] commit: 9588 abort: 206412 (0/206412/0), network size: 0, avg network size: 0, si_in_serializable: 0 0 %, local: 0 %
I0319 10:18:11.029758 4191558 Coordinator.h:126] commit: 9668 abort: 206332 (0/206332/0), network size: 0, avg network size: 0, si_in_serializable: 0 0 %, local: 0 %
I0319 10:18:12.029889 4191558 Coordinator.h:126] commit: 9882 abort: 214118 (0/214118/0), network size: 0, avg network size: 0, si_in_serializable: 0 0 %, local: 0 %
I0319 10:18:13.030014 4191558 Coordinator.h:126] commit: 9532 abort: 206468 (0/206468/0), network size: 0, avg network size: 0, si_in_serializable: 0 0 %, local: 0 %
I0319 10:18:14.030140 4191558 Coordinator.h:126] commit: 9843 abort: 214157 (0/214157/0), network size: 0, avg network size: 0, si_in_serializable: 0 0 %, local: 0 %
I0319 10:18:15.030272 4191558 Coordinator.h:126] commit: 9595 abort: 206405 (0/206405/0), network size: 0, avg network size: 0, si_in_serializable: 0 0 %, local: 0 %
I0319 10:18:16.030433 4191558 Coordinator.h:126] commit: 10043 abort: 213957 (0/213957/0), network size: 0, avg network size: 0, si_in_serializable: 0 0 %, local: 0 %
I0319 10:18:17.030570 4191558 Coordinator.h:126] commit: 9587 abort: 206413 (0/206413/0), network size: 0, avg network size: 0, si_in_serializable: 0 0 %, local: 0 %
I0319 10:18:18.030695 4191558 Coordinator.h:126] commit: 9980 abort: 214020 (0/214020/0), network size: 0, avg network size: 0, si_in_serializable: 0 0 %, local: 0 %
I0319 10:18:18.030737 4191558 Coordinator.h:152] average commit: 9695.7 abort: 209504 (0/209504/0), network size: 0, avg network size: 0, si_in_serializable: 0 0 %, local: 0 %
I0319 10:18:18.030752 4191558 AriaExecutor.h:646] Worker 0 latency: 26021 us (50%) 32774 us (75%) 36147 us (95%) 36441 us (99%).
I0319 10:18:18.062747 4191583 AriaExecutor.h:106] AriaExecutor 9 exits. 
I0319 10:18:18.062747 4191585 AriaExecutor.h:106] AriaExecutor 11 exits. 
I0319 10:18:18.062747 4191578 AriaExecutor.h:106] AriaExecutor 4 exits. 
I0319 10:18:18.062747 4191584 AriaExecutor.h:106] AriaExecutor 10 exits. 
I0319 10:18:18.062748 4191582 AriaExecutor.h:106] AriaExecutor 8 exits. 
I0319 10:18:18.062748 4191580 AriaExecutor.h:106] AriaExecutor 6 exits. 
I0319 10:18:18.062747 4191574 AriaExecutor.h:106] AriaExecutor 0 exits. 
I0319 10:18:18.062748 4191577 AriaExecutor.h:106] AriaExecutor 3 exits. 
I0319 10:18:18.062747 4191586 Manager.h:227] Manager(worker id = 12) on the coordinator node exits.
I0319 10:18:18.062747 4191576 AriaExecutor.h:106] AriaExecutor 2 exits. 
I0319 10:18:18.062747 4191581 AriaExecutor.h:106] AriaExecutor 7 exits. 
I0319 10:18:18.062748 4191575 AriaExecutor.h:106] AriaExecutor 1 exits. 
I0319 10:18:18.062747 4191579 AriaExecutor.h:106] AriaExecutor 5 exits. 
I0319 10:18:18.062933 4191558 AriaExecutor.h:646] Worker 1 latency: 26152 us (50%) 32734 us (75%) 36116 us (95%) 36429 us (99%).
I0319 10:18:18.064100 4191558 AriaExecutor.h:646] Worker 2 latency: 26127 us (50%) 32762 us (75%) 36071 us (95%) 36413 us (99%).
I0319 10:18:18.065243 4191558 AriaExecutor.h:646] Worker 3 latency: 26000 us (50%) 32633 us (75%) 36014 us (95%) 36379 us (99%).
I0319 10:18:18.066366 4191558 AriaExecutor.h:646] Worker 4 latency: 26013 us (50%) 32588 us (75%) 35997 us (95%) 36389 us (99%).
I0319 10:18:18.067509 4191558 AriaExecutor.h:646] Worker 5 latency: 25868 us (50%) 32497 us (75%) 35965 us (95%) 36392 us (99%).
I0319 10:18:18.068645 4191558 AriaExecutor.h:646] Worker 6 latency: 25594 us (50%) 32304 us (75%) 35937 us (95%) 36366 us (99%).
I0319 10:18:18.069788 4191558 AriaExecutor.h:646] Worker 7 latency: 25883 us (50%) 32549 us (75%) 35943 us (95%) 36353 us (99%).
I0319 10:18:18.070922 4191558 AriaExecutor.h:646] Worker 8 latency: 25972 us (50%) 32443 us (75%) 35930 us (95%) 36347 us (99%).
I0319 10:18:18.072043 4191558 AriaExecutor.h:646] Worker 9 latency: 25947 us (50%) 32431 us (75%) 35942 us (95%) 36371 us (99%).
I0319 10:18:18.073169 4191558 AriaExecutor.h:646] Worker 10 latency: 25884 us (50%) 32435 us (75%) 35929 us (95%) 36349 us (99%).
I0319 10:18:18.074288 4191558 AriaExecutor.h:646] Worker 11 latency: 25714 us (50%) 32370 us (75%) 35897 us (95%) 36354 us (99%).
I0319 10:18:18.075414 4191558 Coordinator.h:177] total commit: 9695.7
I0319 10:18:19.075623 4191558 Coordinator.h:192] Coordinator exits.
