I0314 20:33:34.047849 2054287 Database.h:137] creating hash tables for database...
I0314 20:33:34.059710 2054287 Database.h:119] warehouse initialization finished in 1 milliseconds.
I0314 20:33:34.061008 2054287 Database.h:119] district initialization finished in 1 milliseconds.
I0314 20:33:34.315738 2054287 Database.h:119] customer initialization finished in 254 milliseconds.
I0314 20:33:34.355468 2054287 Database.h:119] customer_name_idx initialization finished in 39 milliseconds.
I0314 20:33:34.512948 2054287 Database.h:119] item initialization finished in 157 milliseconds.
I0314 20:33:35.078644 2054287 Database.h:119] stock initialization finished in 565 milliseconds.
I0314 20:33:35.078711 2054287 Coordinator.h:30] Coordinator initializes 12 workers.
I0314 20:33:35.101946 2054287 Coordinator.h:77] Coordinator starts to run 13 workers.
I0314 20:33:35.102053 2054352 AriaFBExecutor.h:86] AriaFBExecutor 0 started. 
I0314 20:33:35.102110 2054353 AriaFBExecutor.h:86] AriaFBExecutor 1 started. 
I0314 20:33:35.102222 2054354 AriaFBExecutor.h:86] AriaFBExecutor 2 started. 
I0314 20:33:35.102347 2054355 AriaFBExecutor.h:86] AriaFBExecutor 3 started. 
I0314 20:33:35.102474 2054356 AriaFBExecutor.h:86] AriaFBExecutor 4 started. 
I0314 20:33:35.102592 2054357 AriaFBExecutor.h:86] AriaFBExecutor 5 started. 
I0314 20:33:35.102715 2054358 AriaFBExecutor.h:86] AriaFBExecutor 6 started. 
I0314 20:33:35.102831 2054359 AriaFBExecutor.h:86] AriaFBExecutor 7 started. 
I0314 20:33:35.102958 2054360 AriaFBExecutor.h:86] AriaFBExecutor 8 started. 
I0314 20:33:35.103080 2054361 AriaFBExecutor.h:86] AriaFBExecutor 9 started. 
I0314 20:33:35.103193 2054362 AriaFBExecutor.h:86] AriaFBExecutor 10 started. 
I0314 20:33:35.103319 2054363 AriaFBExecutor.h:86] AriaFBExecutor 11 started. 
I0314 20:33:35.103441 2054364 Manager.h:224] Manager(worker id = 12) on the coordinator node started.
I0314 20:33:36.103494 2054287 Coordinator.h:126] commit: 347258 abort: 325892 (1742/324150/0), network size: 0, avg network size: 0, si_in_serializable: 0 0 %, local: 0 %
I0314 20:33:37.103677 2054287 Coordinator.h:126] commit: 343266 abort: 322110 (1734/320376/0), network size: 0, avg network size: 0, si_in_serializable: 0 0 %, local: 0 %
I0314 20:33:38.103818 2054287 Coordinator.h:126] commit: 346250 abort: 324852 (1761/323091/0), network size: 0, avg network size: 0, si_in_serializable: 0 0 %, local: 0 %
I0314 20:33:39.103951 2054287 Coordinator.h:126] commit: 349132 abort: 327491 (1750/325741/0), network size: 0, avg network size: 0, si_in_serializable: 0 0 %, local: 0 %
I0314 20:33:40.104139 2054287 Coordinator.h:126] commit: 368383 abort: 346296 (1874/344422/0), network size: 0, avg network size: 0, si_in_serializable: 0 0 %, local: 0 %
I0314 20:33:41.104288 2054287 Coordinator.h:126] commit: 382479 abort: 358635 (1871/356764/0), network size: 0, avg network size: 0, si_in_serializable: 0 0 %, local: 0 %
I0314 20:33:42.104427 2054287 Coordinator.h:126] commit: 381746 abort: 358252 (1935/356317/0), network size: 0, avg network size: 0, si_in_serializable: 0 0 %, local: 0 %
I0314 20:33:43.104580 2054287 Coordinator.h:126] commit: 377042 abort: 352982 (1777/351205/0), network size: 0, avg network size: 0, si_in_serializable: 0 0 %, local: 0 %
I0314 20:33:44.104704 2054287 Coordinator.h:126] commit: 374067 abort: 351011 (1927/349084/0), network size: 0, avg network size: 0, si_in_serializable: 0 0 %, local: 0 %
I0314 20:33:45.104854 2054287 Coordinator.h:126] commit: 375079 abort: 352156 (1927/350229/0), network size: 0, avg network size: 0, si_in_serializable: 0 0 %, local: 0 %
I0314 20:33:46.104986 2054287 Coordinator.h:126] commit: 382083 abort: 358565 (1917/356648/0), network size: 0, avg network size: 0, si_in_serializable: 0 0 %, local: 0 %
I0314 20:33:47.105120 2054287 Coordinator.h:126] commit: 374906 abort: 351872 (1858/350014/0), network size: 0, avg network size: 0, si_in_serializable: 0 0 %, local: 0 %
I0314 20:33:48.105260 2054287 Coordinator.h:126] commit: 381681 abort: 358591 (1933/356658/0), network size: 0, avg network size: 0, si_in_serializable: 0 0 %, local: 0 %
I0314 20:33:49.105401 2054287 Coordinator.h:126] commit: 376769 abort: 352927 (1853/351074/0), network size: 0, avg network size: 0, si_in_serializable: 0 0 %, local: 0 %
I0314 20:33:50.105533 2054287 Coordinator.h:126] commit: 381560 abort: 358486 (1951/356535/0), network size: 0, avg network size: 0, si_in_serializable: 0 0 %, local: 0 %
I0314 20:33:51.105717 2054287 Coordinator.h:126] commit: 363662 abort: 340885 (1827/339058/0), network size: 0, avg network size: 0, si_in_serializable: 0 0 %, local: 0 %
I0314 20:33:52.105859 2054287 Coordinator.h:126] commit: 382211 abort: 359315 (1951/357364/0), network size: 0, avg network size: 0, si_in_serializable: 0 0 %, local: 0 %
I0314 20:33:53.105995 2054287 Coordinator.h:126] commit: 381847 abort: 357638 (1889/355749/0), network size: 0, avg network size: 0, si_in_serializable: 0 0 %, local: 0 %
I0314 20:33:54.106143 2054287 Coordinator.h:126] commit: 382325 abort: 359375 (1907/357468/0), network size: 0, avg network size: 0, si_in_serializable: 0 0 %, local: 0 %
I0314 20:33:55.106285 2054287 Coordinator.h:126] commit: 378977 abort: 354789 (1893/352896/0), network size: 0, avg network size: 0, si_in_serializable: 0 0 %, local: 0 %
I0314 20:33:56.106416 2054287 Coordinator.h:126] commit: 382098 abort: 358563 (1902/356661/0), network size: 0, avg network size: 0, si_in_serializable: 0 0 %, local: 0 %
I0314 20:33:57.106544 2054287 Coordinator.h:126] commit: 382085 abort: 358631 (1938/356693/0), network size: 0, avg network size: 0, si_in_serializable: 0 0 %, local: 0 %
I0314 20:33:58.106683 2054287 Coordinator.h:126] commit: 376006 abort: 352949 (1902/351047/0), network size: 0, avg network size: 0, si_in_serializable: 0 0 %, local: 0 %
I0314 20:33:59.106823 2054287 Coordinator.h:126] commit: 382123 abort: 358709 (1946/356763/0), network size: 0, avg network size: 0, si_in_serializable: 0 0 %, local: 0 %
I0314 20:34:00.106966 2054287 Coordinator.h:126] commit: 376082 abort: 352791 (1918/350873/0), network size: 0, avg network size: 0, si_in_serializable: 0 0 %, local: 0 %
I0314 20:34:00.107013 2054287 Coordinator.h:152] average commit: 378602 abort: 355244 (1897.9/353346/0), network size: 0, avg network size: 0, si_in_serializable: 0 0 %, local: 0 %
I0314 20:34:00.109316 2054362 AriaFBExecutor.h:95] AriaFBExecutor 10 exits. 
I0314 20:34:00.109344 2054359 AriaFBExecutor.h:95] AriaFBExecutor 7 exits. 
I0314 20:34:00.109349 2054360 AriaFBExecutor.h:95] AriaFBExecutor 8 exits. 
I0314 20:34:00.109344 2054357 AriaFBExecutor.h:95] AriaFBExecutor 5 exits. 
I0314 20:34:00.109318 2054356 AriaFBExecutor.h:95] AriaFBExecutor 4 exits. 
I0314 20:34:00.109318 2054363 AriaFBExecutor.h:95] AriaFBExecutor 11 exits. 
I0314 20:34:00.109319 2054352 AriaFBExecutor.h:95] AriaFBExecutor 0 exits. 
I0314 20:34:00.109344 2054354 AriaFBExecutor.h:95] AriaFBExecutor 2 exits. 
I0314 20:34:00.109319 2054353 AriaFBExecutor.h:95] AriaFBExecutor 1 exits. 
I0314 20:34:00.109354 2054358 AriaFBExecutor.h:95] AriaFBExecutor 6 exits. 
I0314 20:34:00.109354 2054355 AriaFBExecutor.h:95] AriaFBExecutor 3 exits. 
I0314 20:34:00.109362 2054364 Manager.h:227] Manager(worker id = 12) on the coordinator node exits.
I0314 20:34:00.109344 2054361 AriaFBExecutor.h:95] AriaFBExecutor 9 exits. 
I0314 20:34:00.107060 2054287 AriaFBExecutor.h:803] Worker 0 latency: 909 us (50%) 954 us (75%) 1083 us (95%) 1394 us (99%).
I0314 20:34:00.113788 2054287 AriaFBExecutor.h:803] Worker 1 latency: 1769 us (50%) 2180 us (75%) 2517 us (95%) 2753 us (99%).
I0314 20:34:00.168910 2054287 AriaFBExecutor.h:803] Worker 2 latency: 1771 us (50%) 2181 us (75%) 2518 us (95%) 2755 us (99%).
I0314 20:34:00.213243 2054287 AriaFBExecutor.h:803] Worker 3 latency: 1773 us (50%) 2182 us (75%) 2518 us (95%) 2755 us (99%).
I0314 20:34:00.257915 2054287 AriaFBExecutor.h:803] Worker 4 latency: 1774 us (50%) 2183 us (75%) 2518 us (95%) 2756 us (99%).
I0314 20:34:00.302415 2054287 AriaFBExecutor.h:803] Worker 5 latency: 1776 us (50%) 2184 us (75%) 2518 us (95%) 2756 us (99%).
I0314 20:34:00.348539 2054287 AriaFBExecutor.h:803] Worker 6 latency: 1778 us (50%) 2184 us (75%) 2518 us (95%) 2756 us (99%).
I0314 20:34:00.393112 2054287 AriaFBExecutor.h:803] Worker 7 latency: 1780 us (50%) 2185 us (75%) 2519 us (95%) 2755 us (99%).
I0314 20:34:00.437094 2054287 AriaFBExecutor.h:803] Worker 8 latency: 1780 us (50%) 2186 us (75%) 2519 us (95%) 2755 us (99%).
I0314 20:34:00.480856 2054287 AriaFBExecutor.h:803] Worker 9 latency: 1782 us (50%) 2186 us (75%) 2519 us (95%) 2756 us (99%).
I0314 20:34:00.524940 2054287 AriaFBExecutor.h:803] Worker 10 latency: 1783 us (50%) 2187 us (75%) 2519 us (95%) 2757 us (99%).
I0314 20:34:00.569084 2054287 AriaFBExecutor.h:803] Worker 11 latency: 1785 us (50%) 2188 us (75%) 2519 us (95%) 2758 us (99%).
I0314 20:34:00.615118 2054287 Coordinator.h:177] total commit: 378602
I0314 20:34:01.615321 2054287 Coordinator.h:192] Coordinator exits.
