I0314 20:29:05.576018 2052038 Database.h:137] creating hash tables for database...
I0314 20:29:05.586405 2052038 Database.h:119] warehouse initialization finished in 1 milliseconds.
I0314 20:29:05.587642 2052038 Database.h:119] district initialization finished in 1 milliseconds.
I0314 20:29:05.845887 2052038 Database.h:119] customer initialization finished in 258 milliseconds.
I0314 20:29:05.883502 2052038 Database.h:119] customer_name_idx initialization finished in 37 milliseconds.
I0314 20:29:06.027175 2052038 Database.h:119] item initialization finished in 143 milliseconds.
I0314 20:29:06.593550 2052038 Database.h:119] stock initialization finished in 566 milliseconds.
I0314 20:29:06.593585 2052038 Coordinator.h:30] Coordinator initializes 12 workers.
I0314 20:29:06.643200 2052038 Coordinator.h:77] Coordinator starts to run 13 workers.
I0314 20:29:06.643311 2052106 AriaFBExecutor.h:86] AriaFBExecutor 0 started. 
I0314 20:29:06.643344 2052107 AriaFBExecutor.h:86] AriaFBExecutor 1 started. 
I0314 20:29:06.643508 2052108 AriaFBExecutor.h:86] AriaFBExecutor 2 started. 
I0314 20:29:06.643651 2052109 AriaFBExecutor.h:86] AriaFBExecutor 3 started. 
I0314 20:29:06.643675 2052110 AriaFBExecutor.h:86] AriaFBExecutor 4 started. 
I0314 20:29:06.643803 2052111 AriaFBExecutor.h:86] AriaFBExecutor 5 started. 
I0314 20:29:06.643934 2052112 AriaFBExecutor.h:86] AriaFBExecutor 6 started. 
I0314 20:29:06.643983 2052113 AriaFBExecutor.h:86] AriaFBExecutor 7 started. 
I0314 20:29:06.644081 2052114 AriaFBExecutor.h:86] AriaFBExecutor 8 started. 
I0314 20:29:06.644212 2052115 AriaFBExecutor.h:86] AriaFBExecutor 9 started. 
I0314 20:29:06.644346 2052116 AriaFBExecutor.h:86] AriaFBExecutor 10 started. 
I0314 20:29:06.644412 2052117 AriaFBExecutor.h:86] AriaFBExecutor 11 started. 
I0314 20:29:06.644488 2052118 Manager.h:224] Manager(worker id = 12) on the coordinator node started.
I0314 20:29:07.644548 2052038 Coordinator.h:126] commit: 241644 abort: 241482 (2502/238980/0), network size: 0, avg network size: 0, si_in_serializable: 0 0 %, local: 0 %
I0314 20:29:08.644721 2052038 Coordinator.h:126] commit: 253327 abort: 245466 (2527/242939/0), network size: 0, avg network size: 0, si_in_serializable: 0 0 %, local: 0 %
I0314 20:29:09.644865 2052038 Coordinator.h:126] commit: 251047 abort: 249325 (2499/246826/0), network size: 0, avg network size: 0, si_in_serializable: 0 0 %, local: 0 %
I0314 20:29:10.645007 2052038 Coordinator.h:126] commit: 264056 abort: 260987 (2706/258281/0), network size: 0, avg network size: 0, si_in_serializable: 0 0 %, local: 0 %
I0314 20:29:11.645215 2052038 Coordinator.h:126] commit: 280870 abort: 272687 (2822/269865/0), network size: 0, avg network size: 0, si_in_serializable: 0 0 %, local: 0 %
I0314 20:29:12.645368 2052038 Coordinator.h:126] commit: 285195 abort: 280489 (2805/277684/0), network size: 0, avg network size: 0, si_in_serializable: 0 0 %, local: 0 %
I0314 20:29:13.645498 2052038 Coordinator.h:126] commit: 286435 abort: 284379 (2928/281451/0), network size: 0, avg network size: 0, si_in_serializable: 0 0 %, local: 0 %
I0314 20:29:14.645628 2052038 Coordinator.h:126] commit: 287522 abort: 280453 (2812/277641/0), network size: 0, avg network size: 0, si_in_serializable: 0 0 %, local: 0 %
I0314 20:29:15.645769 2052038 Coordinator.h:126] commit: 285405 abort: 280451 (2897/277554/0), network size: 0, avg network size: 0, si_in_serializable: 0 0 %, local: 0 %
I0314 20:29:16.645915 2052038 Coordinator.h:126] commit: 285102 abort: 280450 (2898/277552/0), network size: 0, avg network size: 0, si_in_serializable: 0 0 %, local: 0 %
I0314 20:29:17.646045 2052038 Coordinator.h:126] commit: 278395 abort: 276605 (2847/273758/0), network size: 0, avg network size: 0, si_in_serializable: 0 0 %, local: 0 %
I0314 20:29:18.646174 2052038 Coordinator.h:126] commit: 283547 abort: 276580 (2790/273790/0), network size: 0, avg network size: 0, si_in_serializable: 0 0 %, local: 0 %
I0314 20:29:19.646299 2052038 Coordinator.h:126] commit: 285999 abort: 284376 (2934/281442/0), network size: 0, avg network size: 0, si_in_serializable: 0 0 %, local: 0 %
I0314 20:29:20.646430 2052038 Coordinator.h:126] commit: 284652 abort: 276626 (2836/273790/0), network size: 0, avg network size: 0, si_in_serializable: 0 0 %, local: 0 %
I0314 20:29:21.646569 2052038 Coordinator.h:126] commit: 286534 abort: 284416 (2881/281535/0), network size: 0, avg network size: 0, si_in_serializable: 0 0 %, local: 0 %
I0314 20:29:22.646775 2052038 Coordinator.h:126] commit: 286160 abort: 280448 (2866/277582/0), network size: 0, avg network size: 0, si_in_serializable: 0 0 %, local: 0 %
I0314 20:29:23.646932 2052038 Coordinator.h:126] commit: 286652 abort: 280522 (2907/277615/0), network size: 0, avg network size: 0, si_in_serializable: 0 0 %, local: 0 %
I0314 20:29:24.647060 2052038 Coordinator.h:126] commit: 287967 abort: 284389 (2980/281409/0), network size: 0, avg network size: 0, si_in_serializable: 0 0 %, local: 0 %
I0314 20:29:25.647179 2052038 Coordinator.h:126] commit: 284202 abort: 280467 (2858/277609/0), network size: 0, avg network size: 0, si_in_serializable: 0 0 %, local: 0 %
I0314 20:29:26.647306 2052038 Coordinator.h:126] commit: 283125 abort: 276616 (2868/273748/0), network size: 0, avg network size: 0, si_in_serializable: 0 0 %, local: 0 %
I0314 20:29:27.647441 2052038 Coordinator.h:126] commit: 269300 abort: 264897 (2700/262197/0), network size: 0, avg network size: 0, si_in_serializable: 0 0 %, local: 0 %
I0314 20:29:28.647588 2052038 Coordinator.h:126] commit: 284193 abort: 280486 (2759/277727/0), network size: 0, avg network size: 0, si_in_serializable: 0 0 %, local: 0 %
I0314 20:29:29.647727 2052038 Coordinator.h:126] commit: 286208 abort: 280507 (2840/277667/0), network size: 0, avg network size: 0, si_in_serializable: 0 0 %, local: 0 %
I0314 20:29:30.647850 2052038 Coordinator.h:126] commit: 283345 abort: 280526 (2987/277539/0), network size: 0, avg network size: 0, si_in_serializable: 0 0 %, local: 0 %
I0314 20:29:31.647966 2052038 Coordinator.h:126] commit: 286812 abort: 280502 (2856/277646/0), network size: 0, avg network size: 0, si_in_serializable: 0 0 %, local: 0 %
I0314 20:29:31.648011 2052038 Coordinator.h:152] average commit: 284723 abort: 280104 (2876.7/277228/0), network size: 0, avg network size: 0, si_in_serializable: 0 0 %, local: 0 %
I0314 20:29:31.648056 2052038 AriaFBExecutor.h:803] Worker 0 latency: 6454 us (50%) 6567 us (75%) 7789 us (95%) 9753 us (99%).
I0314 20:29:31.660792 2052117 AriaFBExecutor.h:95] AriaFBExecutor 11 exits. 
I0314 20:29:31.660818 2052118 Manager.h:227] Manager(worker id = 12) on the coordinator node exits.
I0314 20:29:31.660802 2052116 AriaFBExecutor.h:95] AriaFBExecutor 10 exits. 
I0314 20:29:31.660802 2052110 AriaFBExecutor.h:95] AriaFBExecutor 4 exits. 
I0314 20:29:31.660792 2052109 AriaFBExecutor.h:95] AriaFBExecutor 3 exits. 
I0314 20:29:31.660811 2052115 AriaFBExecutor.h:95] AriaFBExecutor 9 exits. 
I0314 20:29:31.660799 2052112 AriaFBExecutor.h:95] AriaFBExecutor 6 exits. 
I0314 20:29:31.660800 2052107 AriaFBExecutor.h:95] AriaFBExecutor 1 exits. 
I0314 20:29:31.660804 2052108 AriaFBExecutor.h:95] AriaFBExecutor 2 exits. 
I0314 20:29:31.660804 2052111 AriaFBExecutor.h:95] AriaFBExecutor 5 exits. 
I0314 20:29:31.660792 2052106 AriaFBExecutor.h:95] AriaFBExecutor 0 exits. 
I0314 20:29:31.660801 2052114 AriaFBExecutor.h:95] AriaFBExecutor 8 exits. 
I0314 20:29:31.660801 2052113 AriaFBExecutor.h:95] AriaFBExecutor 7 exits. 
I0314 20:29:31.661095 2052038 AriaFBExecutor.h:803] Worker 1 latency: 10388 us (50%) 12090 us (75%) 13510 us (95%) 15766 us (99%).
I0314 20:29:31.707248 2052038 AriaFBExecutor.h:803] Worker 2 latency: 10389 us (50%) 12090 us (75%) 13509 us (95%) 15764 us (99%).
I0314 20:29:31.738603 2052038 AriaFBExecutor.h:803] Worker 3 latency: 10391 us (50%) 12091 us (75%) 13510 us (95%) 15765 us (99%).
I0314 20:29:31.770117 2052038 AriaFBExecutor.h:803] Worker 4 latency: 10393 us (50%) 12093 us (75%) 13510 us (95%) 15762 us (99%).
I0314 20:29:31.801560 2052038 AriaFBExecutor.h:803] Worker 5 latency: 10395 us (50%) 12094 us (75%) 13510 us (95%) 15767 us (99%).
I0314 20:29:31.832897 2052038 AriaFBExecutor.h:803] Worker 6 latency: 10396 us (50%) 12095 us (75%) 13511 us (95%) 15766 us (99%).
I0314 20:29:31.864459 2052038 AriaFBExecutor.h:803] Worker 7 latency: 10397 us (50%) 12095 us (75%) 13511 us (95%) 15769 us (99%).
I0314 20:29:31.895545 2052038 AriaFBExecutor.h:803] Worker 8 latency: 10399 us (50%) 12096 us (75%) 13512 us (95%) 15770 us (99%).
I0314 20:29:31.926894 2052038 AriaFBExecutor.h:803] Worker 9 latency: 10400 us (50%) 12097 us (75%) 13512 us (95%) 15773 us (99%).
I0314 20:29:31.958393 2052038 AriaFBExecutor.h:803] Worker 10 latency: 10403 us (50%) 12098 us (75%) 13512 us (95%) 15773 us (99%).
I0314 20:29:31.989739 2052038 AriaFBExecutor.h:803] Worker 11 latency: 10403 us (50%) 12098 us (75%) 13512 us (95%) 15773 us (99%).
I0314 20:29:32.021253 2052038 Coordinator.h:177] total commit: 284723
I0314 20:29:33.021472 2052038 Coordinator.h:192] Coordinator exits.
