I0318 17:29:16.035599 3989044 Database.h:65] ycsb initialization finished in 103 milliseconds.
I0318 17:29:16.035830 3989044 Coordinator.h:30] Coordinator initializes 60 workers.
I0318 17:29:16.073002 3989044 Coordinator.h:77] Coordinator starts to run 61 workers.
I0318 17:29:16.073077 3989108 AriaExecutor.h:94] AriaExecutor 0 started. 
I0318 17:29:16.073128 3989109 AriaExecutor.h:94] AriaExecutor 1 started. 
I0318 17:29:16.073211 3989110 AriaExecutor.h:94] AriaExecutor 2 started. 
I0318 17:29:16.073272 3989111 AriaExecutor.h:94] AriaExecutor 3 started. 
I0318 17:29:16.073465 3989112 AriaExecutor.h:94] AriaExecutor 4 started. 
I0318 17:29:16.073623 3989113 AriaExecutor.h:94] AriaExecutor 5 started. 
I0318 17:29:16.073781 3989114 AriaExecutor.h:94] AriaExecutor 6 started. 
I0318 17:29:16.073999 3989115 AriaExecutor.h:94] AriaExecutor 7 started. 
I0318 17:29:16.074162 3989116 AriaExecutor.h:94] AriaExecutor 8 started. 
I0318 17:29:16.074342 3989117 AriaExecutor.h:94] AriaExecutor 9 started. 
I0318 17:29:16.074492 3989118 AriaExecutor.h:94] AriaExecutor 10 started. 
I0318 17:29:16.074635 3989119 AriaExecutor.h:94] AriaExecutor 11 started. 
I0318 17:29:16.074791 3989120 AriaExecutor.h:94] AriaExecutor 12 started. 
I0318 17:29:16.074936 3989121 AriaExecutor.h:94] AriaExecutor 13 started. 
I0318 17:29:16.075101 3989122 AriaExecutor.h:94] AriaExecutor 14 started. 
I0318 17:29:16.075245 3989123 AriaExecutor.h:94] AriaExecutor 15 started. 
I0318 17:29:16.075385 3989124 AriaExecutor.h:94] AriaExecutor 16 started. 
I0318 17:29:16.075531 3989125 AriaExecutor.h:94] AriaExecutor 17 started. 
I0318 17:29:16.075670 3989126 AriaExecutor.h:94] AriaExecutor 18 started. 
I0318 17:29:16.075819 3989127 AriaExecutor.h:94] AriaExecutor 19 started. 
I0318 17:29:16.075960 3989128 AriaExecutor.h:94] AriaExecutor 20 started. 
I0318 17:29:16.076115 3989129 AriaExecutor.h:94] AriaExecutor 21 started. 
I0318 17:29:16.076346 3989130 AriaExecutor.h:94] AriaExecutor 22 started. 
I0318 17:29:16.076507 3989131 AriaExecutor.h:94] AriaExecutor 23 started. 
I0318 17:29:16.076686 3989132 AriaExecutor.h:94] AriaExecutor 24 started. 
I0318 17:29:16.076850 3989133 AriaExecutor.h:94] AriaExecutor 25 started. 
I0318 17:29:16.077045 3989134 AriaExecutor.h:94] AriaExecutor 26 started. 
I0318 17:29:16.077244 3989135 AriaExecutor.h:94] AriaExecutor 27 started. 
I0318 17:29:16.077425 3989136 AriaExecutor.h:94] AriaExecutor 28 started. 
I0318 17:29:16.077615 3989137 AriaExecutor.h:94] AriaExecutor 29 started. 
I0318 17:29:16.077773 3989138 AriaExecutor.h:94] AriaExecutor 30 started. 
I0318 17:29:16.077936 3989139 AriaExecutor.h:94] AriaExecutor 31 started. 
I0318 17:29:16.078109 3989140 AriaExecutor.h:94] AriaExecutor 32 started. 
I0318 17:29:16.078284 3989141 AriaExecutor.h:94] AriaExecutor 33 started. 
I0318 17:29:16.078452 3989142 AriaExecutor.h:94] AriaExecutor 34 started. 
I0318 17:29:16.078634 3989143 AriaExecutor.h:94] AriaExecutor 35 started. 
I0318 17:29:16.078830 3989144 AriaExecutor.h:94] AriaExecutor 36 started. 
I0318 17:29:16.079003 3989145 AriaExecutor.h:94] AriaExecutor 37 started. 
I0318 17:29:16.079186 3989146 AriaExecutor.h:94] AriaExecutor 38 started. 
I0318 17:29:16.079401 3989147 AriaExecutor.h:94] AriaExecutor 39 started. 
I0318 17:29:16.079579 3989148 AriaExecutor.h:94] AriaExecutor 40 started. 
I0318 17:29:16.079773 3989149 AriaExecutor.h:94] AriaExecutor 41 started. 
I0318 17:29:16.079964 3989150 AriaExecutor.h:94] AriaExecutor 42 started. 
I0318 17:29:16.080137 3989151 AriaExecutor.h:94] AriaExecutor 43 started. 
I0318 17:29:16.080360 3989152 AriaExecutor.h:94] AriaExecutor 44 started. 
I0318 17:29:16.080559 3989153 AriaExecutor.h:94] AriaExecutor 45 started. 
I0318 17:29:16.080744 3989154 AriaExecutor.h:94] AriaExecutor 46 started. 
I0318 17:29:16.081904 3989155 AriaExecutor.h:94] AriaExecutor 47 started. 
I0318 17:29:16.082098 3989156 AriaExecutor.h:94] AriaExecutor 48 started. 
I0318 17:29:16.082268 3989157 AriaExecutor.h:94] AriaExecutor 49 started. 
I0318 17:29:16.082441 3989158 AriaExecutor.h:94] AriaExecutor 50 started. 
I0318 17:29:16.082635 3989159 AriaExecutor.h:94] AriaExecutor 51 started. 
I0318 17:29:16.082875 3989160 AriaExecutor.h:94] AriaExecutor 52 started. 
I0318 17:29:16.083010 3989161 AriaExecutor.h:94] AriaExecutor 53 started. 
I0318 17:29:16.083197 3989162 AriaExecutor.h:94] AriaExecutor 54 started. 
I0318 17:29:16.083369 3989163 AriaExecutor.h:94] AriaExecutor 55 started. 
I0318 17:29:16.083542 3989164 AriaExecutor.h:94] AriaExecutor 56 started. 
I0318 17:29:16.083940 3989165 AriaExecutor.h:94] AriaExecutor 57 started. 
I0318 17:29:16.084223 3989166 AriaExecutor.h:94] AriaExecutor 58 started. 
I0318 17:29:16.084399 3989167 AriaExecutor.h:94] AriaExecutor 59 started. 
I0318 17:29:16.084851 3989168 Manager.h:224] Manager(worker id = 60) on the coordinator node started.
I0318 17:29:17.084734 3989044 Coordinator.h:126] commit: 50981 abort: 617019 (0/617019/0), network size: 0, avg network size: 0, si_in_serializable: 0 0 %, local: 0 %
I0318 17:29:18.084906 3989044 Coordinator.h:126] commit: 57244 abort: 584756 (0/584756/0), network size: 0, avg network size: 0, si_in_serializable: 0 0 %, local: 0 %
I0318 17:29:19.085042 3989044 Coordinator.h:126] commit: 64907 abort: 656093 (0/656093/0), network size: 0, avg network size: 0, si_in_serializable: 0 0 %, local: 0 %
I0318 17:29:20.085163 3989044 Coordinator.h:126] commit: 63956 abort: 649044 (0/649044/0), network size: 0, avg network size: 0, si_in_serializable: 0 0 %, local: 0 %
I0318 17:29:21.085567 3989044 Coordinator.h:126] commit: 67049 abort: 674951 (0/674951/0), network size: 0, avg network size: 0, si_in_serializable: 0 0 %, local: 0 %
I0318 17:29:22.085778 3989044 Coordinator.h:126] commit: 68075 abort: 685925 (0/685925/0), network size: 0, avg network size: 0, si_in_serializable: 0 0 %, local: 0 %
I0318 17:29:23.085942 3989044 Coordinator.h:126] commit: 67636 abort: 679364 (0/679364/0), network size: 0, avg network size: 0, si_in_serializable: 0 0 %, local: 0 %
I0318 17:29:24.086328 3989044 Coordinator.h:126] commit: 54423 abort: 561577 (0/561577/0), network size: 0, avg network size: 0, si_in_serializable: 0 0 %, local: 0 %
I0318 17:29:25.086505 3989044 Coordinator.h:126] commit: 66594 abort: 669406 (0/669406/0), network size: 0, avg network size: 0, si_in_serializable: 0 0 %, local: 0 %
I0318 17:29:26.086658 3989044 Coordinator.h:126] commit: 54458 abort: 558542 (0/558542/0), network size: 0, avg network size: 0, si_in_serializable: 0 0 %, local: 0 %
I0318 17:29:27.087001 3989044 Coordinator.h:126] commit: 63664 abort: 648336 (0/648336/0), network size: 0, avg network size: 0, si_in_serializable: 0 0 %, local: 0 %
I0318 17:29:28.087216 3989044 Coordinator.h:126] commit: 62984 abort: 639016 (0/639016/0), network size: 0, avg network size: 0, si_in_serializable: 0 0 %, local: 0 %
I0318 17:29:29.087435 3989044 Coordinator.h:126] commit: 64796 abort: 655204 (0/655204/0), network size: 0, avg network size: 0, si_in_serializable: 0 0 %, local: 0 %
I0318 17:29:30.087735 3989044 Coordinator.h:126] commit: 62233 abort: 637767 (0/637767/0), network size: 0, avg network size: 0, si_in_serializable: 0 0 %, local: 0 %
I0318 17:29:31.087880 3989044 Coordinator.h:126] commit: 63512 abort: 651488 (0/651488/0), network size: 0, avg network size: 0, si_in_serializable: 0 0 %, local: 0 %
I0318 17:29:32.088073 3989044 Coordinator.h:126] commit: 64102 abort: 653898 (0/653898/0), network size: 0, avg network size: 0, si_in_serializable: 0 0 %, local: 0 %
I0318 17:29:33.088279 3989044 Coordinator.h:126] commit: 63249 abort: 643751 (0/643751/0), network size: 0, avg network size: 0, si_in_serializable: 0 0 %, local: 0 %
I0318 17:29:34.088420 3989044 Coordinator.h:126] commit: 64868 abort: 656107 (0/656107/0), network size: 0, avg network size: 0, si_in_serializable: 0 0 %, local: 0 %
I0318 17:29:35.088546 3989044 Coordinator.h:126] commit: 61889 abort: 634136 (0/634136/0), network size: 0, avg network size: 0, si_in_serializable: 0 0 %, local: 0 %
I0318 17:29:36.088670 3989044 Coordinator.h:126] commit: 56951 abort: 592049 (0/592049/0), network size: 0, avg network size: 0, si_in_serializable: 0 0 %, local: 0 %
I0318 17:29:37.088806 3989044 Coordinator.h:126] commit: 54530 abort: 567470 (0/567470/0), network size: 0, avg network size: 0, si_in_serializable: 0 0 %, local: 0 %
I0318 17:29:38.089010 3989044 Coordinator.h:126] commit: 58855 abort: 609145 (0/609145/0), network size: 0, avg network size: 0, si_in_serializable: 0 0 %, local: 0 %
I0318 17:29:39.089159 3989044 Coordinator.h:126] commit: 52617 abort: 550383 (0/550383/0), network size: 0, avg network size: 0, si_in_serializable: 0 0 %, local: 0 %
I0318 17:29:40.089407 3989044 Coordinator.h:126] commit: 64725 abort: 655275 (0/655275/0), network size: 0, avg network size: 0, si_in_serializable: 0 0 %, local: 0 %
I0318 17:29:41.089547 3989044 Coordinator.h:126] commit: 64625 abort: 655375 (0/655375/0), network size: 0, avg network size: 0, si_in_serializable: 0 0 %, local: 0 %
I0318 17:29:41.089594 3989044 Coordinator.h:152] average commit: 62824.8 abort: 641175 (0/641175/0), network size: 0, avg network size: 0, si_in_serializable: 0 0 %, local: 0 %
I0318 17:29:41.089653 3989124 AriaExecutor.h:106] AriaExecutor 16 exits. 
I0318 17:29:41.089663 3989128 AriaExecutor.h:106] AriaExecutor 20 exits. 
I0318 17:29:41.089669 3989139 AriaExecutor.h:106] AriaExecutor 31 exits. 
I0318 17:29:41.089671 3989152 AriaExecutor.h:106] AriaExecutor 44 exits. 
I0318 17:29:41.089666 3989131 AriaExecutor.h:106] AriaExecutor 23 exits. 
I0318 17:29:41.089664 3989133 AriaExecutor.h:106] AriaExecutor 25 exits. 
I0318 17:29:41.089660 3989114 AriaExecutor.h:106] AriaExecutor 6 exits. 
I0318 17:29:41.089666 3989134 AriaExecutor.h:106] AriaExecutor 26 exits. 
I0318 17:29:41.089660 3989127 AriaExecutor.h:106] AriaExecutor 19 exits. 
I0318 17:29:41.089663 3989108 AriaExecutor.h:106] AriaExecutor 0 exits. 
I0318 17:29:41.089731 3989161 AriaExecutor.h:106] AriaExecutor 53 exits. 
I0318 17:29:41.089738 3989137 AriaExecutor.h:106] AriaExecutor 29 exits. 
I0318 17:29:41.089747 3989113 AriaExecutor.h:106] AriaExecutor 5 exits. 
I0318 17:29:41.089675 3989115 AriaExecutor.h:106] AriaExecutor 7 exits. 
I0318 17:29:41.089666 3989136 AriaExecutor.h:106] AriaExecutor 28 exits. 
I0318 17:29:41.089653 3989125 AriaExecutor.h:106] AriaExecutor 17 exits. 
I0318 17:29:41.089659 3989132 AriaExecutor.h:106] AriaExecutor 24 exits. 
I0318 17:29:41.089658 3989109 AriaExecutor.h:106] AriaExecutor 1 exits. 
I0318 17:29:41.089682 3989151 AriaExecutor.h:106] AriaExecutor 43 exits. 
I0318 17:29:41.089666 3989135 AriaExecutor.h:106] AriaExecutor 27 exits. 
I0318 17:29:41.089665 3989110 AriaExecutor.h:106] AriaExecutor 2 exits. 
I0318 17:29:41.089666 3989162 AriaExecutor.h:106] AriaExecutor 54 exits. 
I0318 17:29:41.089679 3989148 AriaExecutor.h:106] AriaExecutor 40 exits. 
I0318 17:29:41.089682 3989140 AriaExecutor.h:106] AriaExecutor 32 exits. 
I0318 17:29:41.089685 3989145 AriaExecutor.h:106] AriaExecutor 37 exits. 
I0318 17:29:41.089684 3989149 AriaExecutor.h:106] AriaExecutor 41 exits. 
I0318 17:29:41.089685 3989146 AriaExecutor.h:106] AriaExecutor 38 exits. 
I0318 17:29:41.089664 3989164 AriaExecutor.h:106] AriaExecutor 56 exits. 
I0318 17:29:41.089672 3989116 AriaExecutor.h:106] AriaExecutor 8 exits. 
I0318 17:29:41.089676 3989144 AriaExecutor.h:106] AriaExecutor 36 exits. 
I0318 17:29:41.089673 3989150 AriaExecutor.h:106] AriaExecutor 42 exits. 
I0318 17:29:41.089660 3989112 AriaExecutor.h:106] AriaExecutor 4 exits. 
I0318 17:29:41.089665 3989158 AriaExecutor.h:106] AriaExecutor 50 exits. 
I0318 17:29:41.089666 3989130 AriaExecutor.h:106] AriaExecutor 22 exits. 
I0318 17:29:41.089751 3989111 AriaExecutor.h:106] AriaExecutor 3 exits. 
I0318 17:29:41.089666 3989167 AriaExecutor.h:106] AriaExecutor 59 exits. 
I0318 17:29:41.089679 3989142 AriaExecutor.h:106] AriaExecutor 34 exits. 
I0318 17:29:41.089668 3989155 AriaExecutor.h:106] AriaExecutor 47 exits. 
I0318 17:29:41.089668 3989123 AriaExecutor.h:106] AriaExecutor 15 exits. 
I0318 17:29:41.089754 3989120 AriaExecutor.h:106] AriaExecutor 12 exits. 
I0318 17:29:41.089671 3989143 AriaExecutor.h:106] AriaExecutor 35 exits. 
I0318 17:29:41.089682 3989119 AriaExecutor.h:106] AriaExecutor 11 exits. 
I0318 17:29:41.089673 3989118 AriaExecutor.h:106] AriaExecutor 10 exits. 
I0318 17:29:41.089680 3989147 AriaExecutor.h:106] AriaExecutor 39 exits. 
I0318 17:29:41.089674 3989121 AriaExecutor.h:106] AriaExecutor 13 exits. 
I0318 17:29:41.089658 3989159 AriaExecutor.h:106] AriaExecutor 51 exits. 
I0318 17:29:41.089653 3989160 AriaExecutor.h:106] AriaExecutor 52 exits. 
I0318 17:29:41.089661 3989157 AriaExecutor.h:106] AriaExecutor 49 exits. 
I0318 17:29:41.089695 3989168 Manager.h:227] Manager(worker id = 60) on the coordinator node exits.
I0318 17:29:41.089663 3989165 AriaExecutor.h:106] AriaExecutor 57 exits. 
I0318 17:29:41.089674 3989153 AriaExecutor.h:106] AriaExecutor 45 exits. 
I0318 17:29:41.089666 3989166 AriaExecutor.h:106] AriaExecutor 58 exits. 
I0318 17:29:41.089666 3989126 AriaExecutor.h:106] AriaExecutor 18 exits. 
I0318 17:29:41.089730 3989163 AriaExecutor.h:106] AriaExecutor 55 exits. 
I0318 17:29:41.089679 3989117 AriaExecutor.h:106] AriaExecutor 9 exits. 
I0318 17:29:41.089749 3989129 AriaExecutor.h:106] AriaExecutor 21 exits. 
I0318 17:29:41.089670 3989141 AriaExecutor.h:106] AriaExecutor 33 exits. 
I0318 17:29:41.089653 3989156 AriaExecutor.h:106] AriaExecutor 48 exits. 
I0318 17:29:41.089653 3989122 AriaExecutor.h:106] AriaExecutor 14 exits. 
I0318 17:29:41.089680 3989138 AriaExecutor.h:106] AriaExecutor 30 exits. 
I0318 17:29:41.089658 3989154 AriaExecutor.h:106] AriaExecutor 46 exits. 
I0318 17:29:41.089617 3989044 AriaExecutor.h:646] Worker 0 latency: 23791 us (50%) 34712 us (75%) 41660 us (95%) 82096 us (99%).
I0318 17:29:41.093245 3989044 AriaExecutor.h:646] Worker 1 latency: 19527 us (50%) 32340 us (75%) 39197 us (95%) 59083 us (99%).
I0318 17:29:41.095377 3989044 AriaExecutor.h:646] Worker 2 latency: 18180 us (50%) 30846 us (75%) 37954 us (95%) 54877 us (99%).
I0318 17:29:41.097470 3989044 AriaExecutor.h:646] Worker 3 latency: 17438 us (50%) 29429 us (75%) 36936 us (95%) 49406 us (99%).
I0318 17:29:41.099448 3989044 AriaExecutor.h:646] Worker 4 latency: 16749 us (50%) 27772 us (75%) 36192 us (95%) 49286 us (99%).
I0318 17:29:41.101424 3989044 AriaExecutor.h:646] Worker 5 latency: 16191 us (50%) 26412 us (75%) 35649 us (95%) 46902 us (99%).
I0318 17:29:41.103343 3989044 AriaExecutor.h:646] Worker 6 latency: 16144 us (50%) 25929 us (75%) 35346 us (95%) 46799 us (99%).
I0318 17:29:41.105247 3989044 AriaExecutor.h:646] Worker 7 latency: 15681 us (50%) 24955 us (75%) 34822 us (95%) 46515 us (99%).
I0318 17:29:41.107136 3989044 AriaExecutor.h:646] Worker 8 latency: 15718 us (50%) 24711 us (75%) 34403 us (95%) 44985 us (99%).
I0318 17:29:41.108963 3989044 AriaExecutor.h:646] Worker 9 latency: 15617 us (50%) 24416 us (75%) 34111 us (95%) 45040 us (99%).
I0318 17:29:41.110759 3989044 AriaExecutor.h:646] Worker 10 latency: 15274 us (50%) 23980 us (75%) 33690 us (95%) 45029 us (99%).
I0318 17:29:41.112550 3989044 AriaExecutor.h:646] Worker 11 latency: 15205 us (50%) 23826 us (75%) 33381 us (95%) 43657 us (99%).
I0318 17:29:41.114338 3989044 AriaExecutor.h:646] Worker 12 latency: 14986 us (50%) 23566 us (75%) 33128 us (95%) 42971 us (99%).
I0318 17:29:41.116104 3989044 AriaExecutor.h:646] Worker 13 latency: 15004 us (50%) 23386 us (75%) 32784 us (95%) 42450 us (99%).
I0318 17:29:41.117861 3989044 AriaExecutor.h:646] Worker 14 latency: 15132 us (50%) 23498 us (75%) 32695 us (95%) 43722 us (99%).
I0318 17:29:41.119760 3989044 AriaExecutor.h:646] Worker 15 latency: 14982 us (50%) 23052 us (75%) 32319 us (95%) 41707 us (99%).
I0318 17:29:41.121642 3989044 AriaExecutor.h:646] Worker 16 latency: 14983 us (50%) 23081 us (75%) 32146 us (95%) 42048 us (99%).
I0318 17:29:41.123543 3989044 AriaExecutor.h:646] Worker 17 latency: 14726 us (50%) 22766 us (75%) 31902 us (95%) 40616 us (99%).
I0318 17:29:41.125465 3989044 AriaExecutor.h:646] Worker 18 latency: 14507 us (50%) 22642 us (75%) 31641 us (95%) 41767 us (99%).
I0318 17:29:41.127328 3989044 AriaExecutor.h:646] Worker 19 latency: 14581 us (50%) 22608 us (75%) 31524 us (95%) 40858 us (99%).
I0318 17:29:41.129242 3989044 AriaExecutor.h:646] Worker 20 latency: 14454 us (50%) 22557 us (75%) 31304 us (95%) 40524 us (99%).
I0318 17:29:41.131078 3989044 AriaExecutor.h:646] Worker 21 latency: 14461 us (50%) 22418 us (75%) 31120 us (95%) 40653 us (99%).
I0318 17:29:41.132952 3989044 AriaExecutor.h:646] Worker 22 latency: 14316 us (50%) 22335 us (75%) 30999 us (95%) 41315 us (99%).
I0318 17:29:41.134793 3989044 AriaExecutor.h:646] Worker 23 latency: 14077 us (50%) 22170 us (75%) 30750 us (95%) 39123 us (99%).
I0318 17:29:41.136662 3989044 AriaExecutor.h:646] Worker 24 latency: 14114 us (50%) 22077 us (75%) 30637 us (95%) 40206 us (99%).
I0318 17:29:41.138487 3989044 AriaExecutor.h:646] Worker 25 latency: 14215 us (50%) 21988 us (75%) 30398 us (95%) 39333 us (99%).
I0318 17:29:41.140357 3989044 AriaExecutor.h:646] Worker 26 latency: 14079 us (50%) 21795 us (75%) 30235 us (95%) 39444 us (99%).
I0318 17:29:41.142217 3989044 AriaExecutor.h:646] Worker 27 latency: 14005 us (50%) 21895 us (75%) 30229 us (95%) 39840 us (99%).
I0318 17:29:41.144013 3989044 AriaExecutor.h:646] Worker 28 latency: 15984 us (50%) 23029 us (75%) 30503 us (95%) 41040 us (99%).
I0318 17:29:41.146077 3989044 AriaExecutor.h:646] Worker 29 latency: 12675 us (50%) 21091 us (75%) 29689 us (95%) 37916 us (99%).
I0318 17:29:41.147591 3989044 AriaExecutor.h:646] Worker 30 latency: 12454 us (50%) 20761 us (75%) 29535 us (95%) 39627 us (99%).
I0318 17:29:41.148953 3989044 AriaExecutor.h:646] Worker 31 latency: 12579 us (50%) 20726 us (75%) 29457 us (95%) 38504 us (99%).
I0318 17:29:41.150323 3989044 AriaExecutor.h:646] Worker 32 latency: 13371 us (50%) 20949 us (75%) 29325 us (95%) 38083 us (99%).
I0318 17:29:41.151969 3989044 AriaExecutor.h:646] Worker 33 latency: 13146 us (50%) 20872 us (75%) 29214 us (95%) 37589 us (99%).
I0318 17:29:41.153642 3989044 AriaExecutor.h:646] Worker 34 latency: 13231 us (50%) 20970 us (75%) 29039 us (95%) 37864 us (99%).
I0318 17:29:41.155279 3989044 AriaExecutor.h:646] Worker 35 latency: 13136 us (50%) 20711 us (75%) 28728 us (95%) 38280 us (99%).
I0318 17:29:41.156953 3989044 AriaExecutor.h:646] Worker 36 latency: 13102 us (50%) 20788 us (75%) 28814 us (95%) 37923 us (99%).
I0318 17:29:41.158620 3989044 AriaExecutor.h:646] Worker 37 latency: 13151 us (50%) 20686 us (75%) 28646 us (95%) 37667 us (99%).
I0318 17:29:41.160274 3989044 AriaExecutor.h:646] Worker 38 latency: 13176 us (50%) 20642 us (75%) 28545 us (95%) 36459 us (99%).
I0318 17:29:41.161916 3989044 AriaExecutor.h:646] Worker 39 latency: 13145 us (50%) 20571 us (75%) 28437 us (95%) 36680 us (99%).
I0318 17:29:41.163530 3989044 AriaExecutor.h:646] Worker 40 latency: 13411 us (50%) 20680 us (75%) 28344 us (95%) 37169 us (99%).
I0318 17:29:41.165059 3989044 AriaExecutor.h:646] Worker 41 latency: 13296 us (50%) 20576 us (75%) 28194 us (95%) 36487 us (99%).
I0318 17:29:41.166556 3989044 AriaExecutor.h:646] Worker 42 latency: 13253 us (50%) 20496 us (75%) 28023 us (95%) 36892 us (99%).
I0318 17:29:41.168084 3989044 AriaExecutor.h:646] Worker 43 latency: 13265 us (50%) 20369 us (75%) 27968 us (95%) 37465 us (99%).
I0318 17:29:41.169608 3989044 AriaExecutor.h:646] Worker 44 latency: 13177 us (50%) 20312 us (75%) 27853 us (95%) 37285 us (99%).
I0318 17:29:41.171092 3989044 AriaExecutor.h:646] Worker 45 latency: 13166 us (50%) 20392 us (75%) 27737 us (95%) 36879 us (99%).
I0318 17:29:41.172634 3989044 AriaExecutor.h:646] Worker 46 latency: 13604 us (50%) 20413 us (75%) 27786 us (95%) 36289 us (99%).
I0318 17:29:41.174293 3989044 AriaExecutor.h:646] Worker 47 latency: 13445 us (50%) 20378 us (75%) 27562 us (95%) 36702 us (99%).
I0318 17:29:41.175930 3989044 AriaExecutor.h:646] Worker 48 latency: 13223 us (50%) 20238 us (75%) 27444 us (95%) 35856 us (99%).
I0318 17:29:41.177613 3989044 AriaExecutor.h:646] Worker 49 latency: 13136 us (50%) 20123 us (75%) 27421 us (95%) 37563 us (99%).
I0318 17:29:41.179248 3989044 AriaExecutor.h:646] Worker 50 latency: 13319 us (50%) 20252 us (75%) 27407 us (95%) 36484 us (99%).
I0318 17:29:41.180908 3989044 AriaExecutor.h:646] Worker 51 latency: 13145 us (50%) 20080 us (75%) 27302 us (95%) 35863 us (99%).
I0318 17:29:41.182559 3989044 AriaExecutor.h:646] Worker 52 latency: 13136 us (50%) 19994 us (75%) 27125 us (95%) 36051 us (99%).
I0318 17:29:41.184199 3989044 AriaExecutor.h:646] Worker 53 latency: 13140 us (50%) 19907 us (75%) 27017 us (95%) 35974 us (99%).
I0318 17:29:41.185854 3989044 AriaExecutor.h:646] Worker 54 latency: 12925 us (50%) 19810 us (75%) 26799 us (95%) 35195 us (99%).
I0318 17:29:41.187471 3989044 AriaExecutor.h:646] Worker 55 latency: 13181 us (50%) 19897 us (75%) 26748 us (95%) 35110 us (99%).
I0318 17:29:41.189131 3989044 AriaExecutor.h:646] Worker 56 latency: 13033 us (50%) 19784 us (75%) 26713 us (95%) 35396 us (99%).
I0318 17:29:41.190742 3989044 AriaExecutor.h:646] Worker 57 latency: 12841 us (50%) 19610 us (75%) 26473 us (95%) 34816 us (99%).
I0318 17:29:41.192387 3989044 AriaExecutor.h:646] Worker 58 latency: 12768 us (50%) 19498 us (75%) 26482 us (95%) 35077 us (99%).
I0318 17:29:41.194005 3989044 AriaExecutor.h:646] Worker 59 latency: 12693 us (50%) 19575 us (75%) 26423 us (95%) 34461 us (99%).
I0318 17:29:41.195648 3989044 Coordinator.h:177] total commit: 62824.8
I0318 17:29:42.195890 3989044 Coordinator.h:192] Coordinator exits.
