I0318 17:23:41.874871 3984719 Database.h:65] ycsb initialization finished in 102 milliseconds.
I0318 17:23:41.875098 3984719 Coordinator.h:30] Coordinator initializes 36 workers.
I0318 17:23:41.912351 3984719 Coordinator.h:77] Coordinator starts to run 37 workers.
I0318 17:23:41.912433 3984760 AriaExecutor.h:94] AriaExecutor 0 started. 
I0318 17:23:41.912479 3984761 AriaExecutor.h:94] AriaExecutor 1 started. 
I0318 17:23:41.912549 3984762 AriaExecutor.h:94] AriaExecutor 2 started. 
I0318 17:23:41.912640 3984763 AriaExecutor.h:94] AriaExecutor 3 started. 
I0318 17:23:41.912763 3984764 AriaExecutor.h:94] AriaExecutor 4 started. 
I0318 17:23:41.912882 3984765 AriaExecutor.h:94] AriaExecutor 5 started. 
I0318 17:23:41.912999 3984766 AriaExecutor.h:94] AriaExecutor 6 started. 
I0318 17:23:41.913115 3984767 AriaExecutor.h:94] AriaExecutor 7 started. 
I0318 17:23:41.913172 3984768 AriaExecutor.h:94] AriaExecutor 8 started. 
I0318 17:23:41.913275 3984769 AriaExecutor.h:94] AriaExecutor 9 started. 
I0318 17:23:41.913388 3984770 AriaExecutor.h:94] AriaExecutor 10 started. 
I0318 17:23:41.913504 3984771 AriaExecutor.h:94] AriaExecutor 11 started. 
I0318 17:23:41.913600 3984772 AriaExecutor.h:94] AriaExecutor 12 started. 
I0318 17:23:41.913726 3984773 AriaExecutor.h:94] AriaExecutor 13 started. 
I0318 17:23:41.913841 3984774 AriaExecutor.h:94] AriaExecutor 14 started. 
I0318 17:23:41.913991 3984775 AriaExecutor.h:94] AriaExecutor 15 started. 
I0318 17:23:41.914132 3984776 AriaExecutor.h:94] AriaExecutor 16 started. 
I0318 17:23:41.914260 3984777 AriaExecutor.h:94] AriaExecutor 17 started. 
I0318 17:23:41.914384 3984778 AriaExecutor.h:94] AriaExecutor 18 started. 
I0318 17:23:41.914508 3984779 AriaExecutor.h:94] AriaExecutor 19 started. 
I0318 17:23:41.914650 3984780 AriaExecutor.h:94] AriaExecutor 20 started. 
I0318 17:23:41.914711 3984781 AriaExecutor.h:94] AriaExecutor 21 started. 
I0318 17:23:41.914798 3984782 AriaExecutor.h:94] AriaExecutor 22 started. 
I0318 17:23:41.914865 3984783 AriaExecutor.h:94] AriaExecutor 23 started. 
I0318 17:23:41.914955 3984784 AriaExecutor.h:94] AriaExecutor 24 started. 
I0318 17:23:41.915082 3984785 AriaExecutor.h:94] AriaExecutor 25 started. 
I0318 17:23:41.915207 3984786 AriaExecutor.h:94] AriaExecutor 26 started. 
I0318 17:23:41.915282 3984787 AriaExecutor.h:94] AriaExecutor 27 started. 
I0318 17:23:41.915392 3984788 AriaExecutor.h:94] AriaExecutor 28 started. 
I0318 17:23:41.915520 3984789 AriaExecutor.h:94] AriaExecutor 29 started. 
I0318 17:23:41.915621 3984790 AriaExecutor.h:94] AriaExecutor 30 started. 
I0318 17:23:41.915731 3984791 AriaExecutor.h:94] AriaExecutor 31 started. 
I0318 17:23:41.915877 3984792 AriaExecutor.h:94] AriaExecutor 32 started. 
I0318 17:23:41.916000 3984793 AriaExecutor.h:94] AriaExecutor 33 started. 
I0318 17:23:41.916101 3984794 AriaExecutor.h:94] AriaExecutor 34 started. 
I0318 17:23:41.916375 3984795 AriaExecutor.h:94] AriaExecutor 35 started. 
I0318 17:23:41.916576 3984796 Manager.h:224] Manager(worker id = 36) on the coordinator node started.
I0318 17:23:42.916646 3984719 Coordinator.h:126] commit: 44273 abort: 594727 (0/594727/0), network size: 0, avg network size: 0, si_in_serializable: 0 0 %, local: 0 %
I0318 17:23:43.917169 3984719 Coordinator.h:126] commit: 51751 abort: 581249 (0/581249/0), network size: 0, avg network size: 0, si_in_serializable: 0 0 %, local: 0 %
I0318 17:23:44.917414 3984719 Coordinator.h:126] commit: 52986 abort: 590014 (0/590014/0), network size: 0, avg network size: 0, si_in_serializable: 0 0 %, local: 0 %
I0318 17:23:45.917657 3984719 Coordinator.h:126] commit: 52670 abort: 586330 (0/586330/0), network size: 0, avg network size: 0, si_in_serializable: 0 0 %, local: 0 %
I0318 17:23:46.917814 3984719 Coordinator.h:126] commit: 52379 abort: 586621 (0/586621/0), network size: 0, avg network size: 0, si_in_serializable: 0 0 %, local: 0 %
I0318 17:23:47.917984 3984719 Coordinator.h:126] commit: 54573 abort: 608427 (0/608427/0), network size: 0, avg network size: 0, si_in_serializable: 0 0 %, local: 0 %
I0318 17:23:48.918337 3984719 Coordinator.h:126] commit: 50554 abort: 567446 (0/567446/0), network size: 0, avg network size: 0, si_in_serializable: 0 0 %, local: 0 %
I0318 17:23:49.918501 3984719 Coordinator.h:126] commit: 53715 abort: 594285 (0/594285/0), network size: 0, avg network size: 0, si_in_serializable: 0 0 %, local: 0 %
I0318 17:23:50.918632 3984719 Coordinator.h:126] commit: 51009 abort: 574991 (0/574991/0), network size: 0, avg network size: 0, si_in_serializable: 0 0 %, local: 0 %
I0318 17:23:51.918759 3984719 Coordinator.h:126] commit: 53565 abort: 593435 (0/593435/0), network size: 0, avg network size: 0, si_in_serializable: 0 0 %, local: 0 %
I0318 17:23:52.918927 3984719 Coordinator.h:126] commit: 53510 abort: 595490 (0/595490/0), network size: 0, avg network size: 0, si_in_serializable: 0 0 %, local: 0 %
I0318 17:23:53.919173 3984719 Coordinator.h:126] commit: 53390 abort: 592610 (0/592610/0), network size: 0, avg network size: 0, si_in_serializable: 0 0 %, local: 0 %
I0318 17:23:54.919359 3984719 Coordinator.h:126] commit: 53092 abort: 591908 (0/591908/0), network size: 0, avg network size: 0, si_in_serializable: 0 0 %, local: 0 %
I0318 17:23:55.919492 3984719 Coordinator.h:126] commit: 51730 abort: 572270 (0/572270/0), network size: 0, avg network size: 0, si_in_serializable: 0 0 %, local: 0 %
I0318 17:23:56.919629 3984719 Coordinator.h:126] commit: 55065 abort: 607935 (0/607935/0), network size: 0, avg network size: 0, si_in_serializable: 0 0 %, local: 0 %
I0318 17:23:57.919756 3984719 Coordinator.h:126] commit: 51695 abort: 580305 (0/580305/0), network size: 0, avg network size: 0, si_in_serializable: 0 0 %, local: 0 %
I0318 17:23:58.919883 3984719 Coordinator.h:126] commit: 55216 abort: 609784 (0/609784/0), network size: 0, avg network size: 0, si_in_serializable: 0 0 %, local: 0 %
I0318 17:23:59.920010 3984719 Coordinator.h:126] commit: 54978 abort: 608022 (0/608022/0), network size: 0, avg network size: 0, si_in_serializable: 0 0 %, local: 0 %
I0318 17:24:00.920140 3984719 Coordinator.h:126] commit: 51584 abort: 578416 (0/578416/0), network size: 0, avg network size: 0, si_in_serializable: 0 0 %, local: 0 %
I0318 17:24:01.920271 3984719 Coordinator.h:126] commit: 55304 abort: 615696 (0/615696/0), network size: 0, avg network size: 0, si_in_serializable: 0 0 %, local: 0 %
I0318 17:24:02.920414 3984719 Coordinator.h:126] commit: 54785 abort: 609215 (0/609215/0), network size: 0, avg network size: 0, si_in_serializable: 0 0 %, local: 0 %
I0318 17:24:03.920540 3984719 Coordinator.h:126] commit: 54525 abort: 608475 (0/608475/0), network size: 0, avg network size: 0, si_in_serializable: 0 0 %, local: 0 %
I0318 17:24:04.920665 3984719 Coordinator.h:126] commit: 54086 abort: 600914 (0/600914/0), network size: 0, avg network size: 0, si_in_serializable: 0 0 %, local: 0 %
I0318 17:24:05.920794 3984719 Coordinator.h:126] commit: 54425 abort: 604575 (0/604575/0), network size: 0, avg network size: 0, si_in_serializable: 0 0 %, local: 0 %
I0318 17:24:06.920964 3984719 Coordinator.h:126] commit: 55123 abort: 610877 (0/610877/0), network size: 0, avg network size: 0, si_in_serializable: 0 0 %, local: 0 %
I0318 17:24:06.921017 3984719 Coordinator.h:152] average commit: 53556.4 abort: 595244 (0/595244/0), network size: 0, avg network size: 0, si_in_serializable: 0 0 %, local: 0 %
I0318 17:24:06.921384 3984773 AriaExecutor.h:106] AriaExecutor 13 exits. 
I0318 17:24:06.921406 3984778 AriaExecutor.h:106] AriaExecutor 18 exits. 
I0318 17:24:06.921407 3984788 AriaExecutor.h:106] AriaExecutor 28 exits. 
I0318 17:24:06.921388 3984792 AriaExecutor.h:106] AriaExecutor 32 exits. 
I0318 17:24:06.921399 3984766 AriaExecutor.h:106] AriaExecutor 6 exits. 
I0318 17:24:06.921392 3984779 AriaExecutor.h:106] AriaExecutor 19 exits. 
I0318 17:24:06.921411 3984775 AriaExecutor.h:106] AriaExecutor 15 exits. 
I0318 17:24:06.921386 3984761 AriaExecutor.h:106] AriaExecutor 1 exits. 
I0318 17:24:06.921414 3984782 AriaExecutor.h:106] AriaExecutor 22 exits. 
I0318 17:24:06.921401 3984784 AriaExecutor.h:106] AriaExecutor 24 exits. 
I0318 17:24:06.921388 3984768 AriaExecutor.h:106] AriaExecutor 8 exits. 
I0318 17:24:06.921401 3984783 AriaExecutor.h:106] AriaExecutor 23 exits. 
I0318 17:24:06.921391 3984793 AriaExecutor.h:106] AriaExecutor 33 exits. 
I0318 17:24:06.921392 3984772 AriaExecutor.h:106] AriaExecutor 12 exits. 
I0318 17:24:06.921401 3984780 AriaExecutor.h:106] AriaExecutor 20 exits. 
I0318 17:24:06.921393 3984769 AriaExecutor.h:106] AriaExecutor 9 exits. 
I0318 17:24:06.921394 3984790 AriaExecutor.h:106] AriaExecutor 30 exits. 
I0318 17:24:06.921394 3984765 AriaExecutor.h:106] AriaExecutor 5 exits. 
I0318 17:24:06.921399 3984795 AriaExecutor.h:106] AriaExecutor 35 exits. 
I0318 17:24:06.921409 3984786 AriaExecutor.h:106] AriaExecutor 26 exits. 
I0318 17:24:06.921399 3984763 AriaExecutor.h:106] AriaExecutor 3 exits. 
I0318 17:24:06.921409 3984774 AriaExecutor.h:106] AriaExecutor 14 exits. 
I0318 17:24:06.921401 3984777 AriaExecutor.h:106] AriaExecutor 17 exits. 
I0318 17:24:06.921403 3984781 AriaExecutor.h:106] AriaExecutor 21 exits. 
I0318 17:24:06.921396 3984771 AriaExecutor.h:106] AriaExecutor 11 exits. 
I0318 17:24:06.921386 3984794 AriaExecutor.h:106] AriaExecutor 34 exits. 
I0318 17:24:06.921396 3984770 AriaExecutor.h:106] AriaExecutor 10 exits. 
I0318 17:24:06.921427 3984787 AriaExecutor.h:106] AriaExecutor 27 exits. 
I0318 17:24:06.921389 3984767 AriaExecutor.h:106] AriaExecutor 7 exits. 
I0318 17:24:06.921391 3984791 AriaExecutor.h:106] AriaExecutor 31 exits. 
I0318 17:24:06.921407 3984776 AriaExecutor.h:106] AriaExecutor 16 exits. 
I0318 17:24:06.921386 3984764 AriaExecutor.h:106] AriaExecutor 4 exits. 
I0318 17:24:06.921409 3984785 AriaExecutor.h:106] AriaExecutor 25 exits. 
I0318 17:24:06.921412 3984796 Manager.h:227] Manager(worker id = 36) on the coordinator node exits.
I0318 17:24:06.921396 3984762 AriaExecutor.h:106] AriaExecutor 2 exits. 
I0318 17:24:06.921411 3984789 AriaExecutor.h:106] AriaExecutor 29 exits. 
I0318 17:24:06.921386 3984760 AriaExecutor.h:106] AriaExecutor 0 exits. 
I0318 17:24:06.921033 3984719 AriaExecutor.h:646] Worker 0 latency: 24057 us (50%) 38041 us (75%) 44035 us (95%) 55514 us (99%).
I0318 17:24:06.924801 3984719 AriaExecutor.h:646] Worker 1 latency: 21644 us (50%) 33180 us (75%) 42167 us (95%) 48150 us (99%).
I0318 17:24:06.927923 3984719 AriaExecutor.h:646] Worker 2 latency: 20801 us (50%) 30881 us (75%) 41009 us (95%) 46277 us (99%).
I0318 17:24:06.930899 3984719 AriaExecutor.h:646] Worker 3 latency: 20111 us (50%) 29713 us (75%) 40288 us (95%) 45304 us (99%).
I0318 17:24:06.933827 3984719 AriaExecutor.h:646] Worker 4 latency: 23371 us (50%) 31067 us (75%) 40082 us (95%) 44981 us (99%).
I0318 17:24:06.936739 3984719 AriaExecutor.h:646] Worker 5 latency: 18041 us (50%) 28141 us (75%) 39068 us (95%) 43283 us (99%).
I0318 17:24:06.939173 3984719 AriaExecutor.h:646] Worker 6 latency: 17917 us (50%) 27655 us (75%) 38580 us (95%) 43130 us (99%).
I0318 17:24:06.941552 3984719 AriaExecutor.h:646] Worker 7 latency: 17609 us (50%) 27100 us (75%) 38081 us (95%) 42398 us (99%).
I0318 17:24:06.943892 3984719 AriaExecutor.h:646] Worker 8 latency: 17312 us (50%) 26838 us (75%) 37613 us (95%) 42127 us (99%).
I0318 17:24:06.946188 3984719 AriaExecutor.h:646] Worker 9 latency: 17241 us (50%) 26547 us (75%) 37299 us (95%) 41754 us (99%).
I0318 17:24:06.948483 3984719 AriaExecutor.h:646] Worker 10 latency: 17147 us (50%) 26284 us (75%) 37002 us (95%) 41165 us (99%).
I0318 17:24:06.950748 3984719 AriaExecutor.h:646] Worker 11 latency: 16848 us (50%) 26086 us (75%) 36541 us (95%) 40693 us (99%).
I0318 17:24:06.953051 3984719 AriaExecutor.h:646] Worker 12 latency: 16874 us (50%) 25915 us (75%) 36306 us (95%) 40553 us (99%).
I0318 17:24:06.955323 3984719 AriaExecutor.h:646] Worker 13 latency: 16692 us (50%) 25759 us (75%) 35996 us (95%) 40091 us (99%).
I0318 17:24:06.957605 3984719 AriaExecutor.h:646] Worker 14 latency: 16234 us (50%) 25196 us (75%) 35611 us (95%) 39567 us (99%).
I0318 17:24:06.959882 3984719 AriaExecutor.h:646] Worker 15 latency: 16069 us (50%) 25074 us (75%) 35260 us (95%) 39028 us (99%).
I0318 17:24:06.962158 3984719 AriaExecutor.h:646] Worker 16 latency: 16030 us (50%) 24935 us (75%) 35179 us (95%) 39101 us (99%).
I0318 17:24:06.964381 3984719 AriaExecutor.h:646] Worker 17 latency: 15857 us (50%) 24925 us (75%) 34984 us (95%) 39004 us (99%).
I0318 17:24:06.966626 3984719 AriaExecutor.h:646] Worker 18 latency: 15824 us (50%) 24563 us (75%) 34645 us (95%) 38607 us (99%).
I0318 17:24:06.968859 3984719 AriaExecutor.h:646] Worker 19 latency: 15609 us (50%) 24489 us (75%) 34474 us (95%) 38339 us (99%).
I0318 17:24:06.971048 3984719 AriaExecutor.h:646] Worker 20 latency: 15662 us (50%) 24433 us (75%) 34159 us (95%) 38109 us (99%).
I0318 17:24:06.973274 3984719 AriaExecutor.h:646] Worker 21 latency: 15600 us (50%) 24353 us (75%) 34140 us (95%) 38274 us (99%).
I0318 17:24:06.975489 3984719 AriaExecutor.h:646] Worker 22 latency: 15548 us (50%) 24128 us (75%) 33844 us (95%) 37558 us (99%).
I0318 17:24:06.977725 3984719 AriaExecutor.h:646] Worker 23 latency: 15252 us (50%) 24001 us (75%) 33501 us (95%) 37385 us (99%).
I0318 17:24:06.979915 3984719 AriaExecutor.h:646] Worker 24 latency: 15213 us (50%) 23976 us (75%) 33347 us (95%) 37080 us (99%).
I0318 17:24:06.982141 3984719 AriaExecutor.h:646] Worker 25 latency: 15402 us (50%) 24062 us (75%) 33233 us (95%) 37064 us (99%).
I0318 17:24:06.984321 3984719 AriaExecutor.h:646] Worker 26 latency: 15135 us (50%) 23893 us (75%) 32975 us (95%) 36562 us (99%).
I0318 17:24:06.986475 3984719 AriaExecutor.h:646] Worker 27 latency: 15076 us (50%) 23704 us (75%) 32946 us (95%) 36658 us (99%).
I0318 17:24:06.988700 3984719 AriaExecutor.h:646] Worker 28 latency: 15361 us (50%) 23717 us (75%) 32776 us (95%) 36470 us (99%).
I0318 17:24:06.990840 3984719 AriaExecutor.h:646] Worker 29 latency: 15226 us (50%) 23721 us (75%) 32674 us (95%) 36340 us (99%).
I0318 17:24:06.993003 3984719 AriaExecutor.h:646] Worker 30 latency: 15848 us (50%) 24178 us (75%) 32623 us (95%) 36346 us (99%).
I0318 17:24:06.995101 3984719 AriaExecutor.h:646] Worker 31 latency: 15776 us (50%) 23867 us (75%) 32378 us (95%) 35943 us (99%).
I0318 17:24:06.997393 3984719 AriaExecutor.h:646] Worker 32 latency: 17568 us (50%) 24912 us (75%) 32596 us (95%) 36360 us (99%).
I0318 17:24:06.999845 3984719 AriaExecutor.h:646] Worker 33 latency: 17291 us (50%) 24739 us (75%) 32361 us (95%) 36203 us (99%).
I0318 17:24:07.002307 3984719 AriaExecutor.h:646] Worker 34 latency: 17240 us (50%) 24500 us (75%) 32314 us (95%) 36044 us (99%).
I0318 17:24:07.004784 3984719 AriaExecutor.h:646] Worker 35 latency: 17097 us (50%) 24409 us (75%) 32052 us (95%) 35680 us (99%).
I0318 17:24:07.007228 3984719 Coordinator.h:177] total commit: 53556.4
I0318 17:24:08.007459 3984719 Coordinator.h:192] Coordinator exits.
