I0318 17:26:28.271510 3986793 Database.h:65] ycsb initialization finished in 100 milliseconds.
I0318 17:26:28.271736 3986793 Coordinator.h:30] Coordinator initializes 48 workers.
I0318 17:26:28.309072 3986793 Coordinator.h:77] Coordinator starts to run 49 workers.
I0318 17:26:28.309162 3986845 AriaExecutor.h:94] AriaExecutor 0 started. 
I0318 17:26:28.309197 3986846 AriaExecutor.h:94] AriaExecutor 1 started. 
I0318 17:26:28.309434 3986847 AriaExecutor.h:94] AriaExecutor 2 started. 
I0318 17:26:28.309636 3986848 AriaExecutor.h:94] AriaExecutor 3 started. 
I0318 17:26:28.309841 3986849 AriaExecutor.h:94] AriaExecutor 4 started. 
I0318 17:26:28.310021 3986850 AriaExecutor.h:94] AriaExecutor 5 started. 
I0318 17:26:28.310247 3986851 AriaExecutor.h:94] AriaExecutor 6 started. 
I0318 17:26:28.310456 3986852 AriaExecutor.h:94] AriaExecutor 7 started. 
I0318 17:26:28.310647 3986853 AriaExecutor.h:94] AriaExecutor 8 started. 
I0318 17:26:28.310849 3986854 AriaExecutor.h:94] AriaExecutor 9 started. 
I0318 17:26:28.311038 3986855 AriaExecutor.h:94] AriaExecutor 10 started. 
I0318 17:26:28.311228 3986856 AriaExecutor.h:94] AriaExecutor 11 started. 
I0318 17:26:28.311414 3986857 AriaExecutor.h:94] AriaExecutor 12 started. 
I0318 17:26:28.311604 3986858 AriaExecutor.h:94] AriaExecutor 13 started. 
I0318 17:26:28.313154 3986859 AriaExecutor.h:94] AriaExecutor 14 started. 
I0318 17:26:28.313351 3986860 AriaExecutor.h:94] AriaExecutor 15 started. 
I0318 17:26:28.313519 3986861 AriaExecutor.h:94] AriaExecutor 16 started. 
I0318 17:26:28.313681 3986862 AriaExecutor.h:94] AriaExecutor 17 started. 
I0318 17:26:28.313879 3986863 AriaExecutor.h:94] AriaExecutor 18 started. 
I0318 17:26:28.314079 3986864 AriaExecutor.h:94] AriaExecutor 19 started. 
I0318 17:26:28.314283 3986865 AriaExecutor.h:94] AriaExecutor 20 started. 
I0318 17:26:28.314467 3986866 AriaExecutor.h:94] AriaExecutor 21 started. 
I0318 17:26:28.314639 3986867 AriaExecutor.h:94] AriaExecutor 22 started. 
I0318 17:26:28.314806 3986868 AriaExecutor.h:94] AriaExecutor 23 started. 
I0318 17:26:28.314980 3986869 AriaExecutor.h:94] AriaExecutor 24 started. 
I0318 17:26:28.315181 3986870 AriaExecutor.h:94] AriaExecutor 25 started. 
I0318 17:26:28.315352 3986871 AriaExecutor.h:94] AriaExecutor 26 started. 
I0318 17:26:28.315557 3986872 AriaExecutor.h:94] AriaExecutor 27 started. 
I0318 17:26:28.315732 3986873 AriaExecutor.h:94] AriaExecutor 28 started. 
I0318 17:26:28.315917 3986874 AriaExecutor.h:94] AriaExecutor 29 started. 
I0318 17:26:28.316092 3986875 AriaExecutor.h:94] AriaExecutor 30 started. 
I0318 17:26:28.316289 3986876 AriaExecutor.h:94] AriaExecutor 31 started. 
I0318 17:26:28.316484 3986877 AriaExecutor.h:94] AriaExecutor 32 started. 
I0318 17:26:28.316648 3986878 AriaExecutor.h:94] AriaExecutor 33 started. 
I0318 17:26:28.316872 3986879 AriaExecutor.h:94] AriaExecutor 34 started. 
I0318 17:26:28.317132 3986880 AriaExecutor.h:94] AriaExecutor 35 started. 
I0318 17:26:28.317330 3986881 AriaExecutor.h:94] AriaExecutor 36 started. 
I0318 17:26:28.317538 3986882 AriaExecutor.h:94] AriaExecutor 37 started. 
I0318 17:26:28.317723 3986883 AriaExecutor.h:94] AriaExecutor 38 started. 
I0318 17:26:28.317914 3986884 AriaExecutor.h:94] AriaExecutor 39 started. 
I0318 17:26:28.318094 3986885 AriaExecutor.h:94] AriaExecutor 40 started. 
I0318 17:26:28.318269 3986886 AriaExecutor.h:94] AriaExecutor 41 started. 
I0318 17:26:28.318450 3986887 AriaExecutor.h:94] AriaExecutor 42 started. 
I0318 17:26:28.318631 3986888 AriaExecutor.h:94] AriaExecutor 43 started. 
I0318 17:26:28.318806 3986889 AriaExecutor.h:94] AriaExecutor 44 started. 
I0318 17:26:28.318984 3986890 AriaExecutor.h:94] AriaExecutor 45 started. 
I0318 17:26:28.319165 3986891 AriaExecutor.h:94] AriaExecutor 46 started. 
I0318 17:26:28.319352 3986892 AriaExecutor.h:94] AriaExecutor 47 started. 
I0318 17:26:28.319528 3986893 Manager.h:224] Manager(worker id = 48) on the coordinator node started.
I0318 17:26:29.319694 3986793 Coordinator.h:126] commit: 49645 abort: 634355 (0/634355/0), network size: 0, avg network size: 0, si_in_serializable: 0 0 %, local: 0 %
I0318 17:26:30.319913 3986793 Coordinator.h:126] commit: 55064 abort: 579936 (0/579936/0), network size: 0, avg network size: 0, si_in_serializable: 0 0 %, local: 0 %
I0318 17:26:31.320050 3986793 Coordinator.h:126] commit: 61704 abort: 642296 (0/642296/0), network size: 0, avg network size: 0, si_in_serializable: 0 0 %, local: 0 %
I0318 17:26:32.320465 3986793 Coordinator.h:126] commit: 61931 abort: 648069 (0/648069/0), network size: 0, avg network size: 0, si_in_serializable: 0 0 %, local: 0 %
I0318 17:26:33.320719 3986793 Coordinator.h:126] commit: 60381 abort: 632619 (0/632619/0), network size: 0, avg network size: 0, si_in_serializable: 0 0 %, local: 0 %
I0318 17:26:34.320917 3986793 Coordinator.h:126] commit: 59911 abort: 635089 (0/635089/0), network size: 0, avg network size: 0, si_in_serializable: 0 0 %, local: 0 %
I0318 17:26:35.321054 3986793 Coordinator.h:126] commit: 52305 abort: 558695 (0/558695/0), network size: 0, avg network size: 0, si_in_serializable: 0 0 %, local: 0 %
I0318 17:26:36.321297 3986793 Coordinator.h:126] commit: 60902 abort: 638098 (0/638098/0), network size: 0, avg network size: 0, si_in_serializable: 0 0 %, local: 0 %
I0318 17:26:37.321491 3986793 Coordinator.h:126] commit: 55571 abort: 594429 (0/594429/0), network size: 0, avg network size: 0, si_in_serializable: 0 0 %, local: 0 %
I0318 17:26:38.321633 3986793 Coordinator.h:126] commit: 60411 abort: 637589 (0/637589/0), network size: 0, avg network size: 0, si_in_serializable: 0 0 %, local: 0 %
I0318 17:26:39.321843 3986793 Coordinator.h:126] commit: 59967 abort: 622033 (0/622033/0), network size: 0, avg network size: 0, si_in_serializable: 0 0 %, local: 0 %
I0318 17:26:40.322118 3986793 Coordinator.h:126] commit: 62738 abort: 655262 (0/655262/0), network size: 0, avg network size: 0, si_in_serializable: 0 0 %, local: 0 %
I0318 17:26:41.322320 3986793 Coordinator.h:126] commit: 63800 abort: 669200 (0/669200/0), network size: 0, avg network size: 0, si_in_serializable: 0 0 %, local: 0 %
I0318 17:26:42.322515 3986793 Coordinator.h:126] commit: 64073 abort: 665927 (0/665927/0), network size: 0, avg network size: 0, si_in_serializable: 0 0 %, local: 0 %
I0318 17:26:43.322680 3986793 Coordinator.h:126] commit: 63683 abort: 666317 (0/666317/0), network size: 0, avg network size: 0, si_in_serializable: 0 0 %, local: 0 %
I0318 17:26:44.322875 3986793 Coordinator.h:126] commit: 63918 abort: 669082 (0/669082/0), network size: 0, avg network size: 0, si_in_serializable: 0 0 %, local: 0 %
I0318 17:26:45.323012 3986793 Coordinator.h:126] commit: 64548 abort: 670452 (0/670452/0), network size: 0, avg network size: 0, si_in_serializable: 0 0 %, local: 0 %
I0318 17:26:46.323143 3986793 Coordinator.h:126] commit: 61821 abort: 647179 (0/647179/0), network size: 0, avg network size: 0, si_in_serializable: 0 0 %, local: 0 %
I0318 17:26:47.323315 3986793 Coordinator.h:126] commit: 61500 abort: 638500 (0/638500/0), network size: 0, avg network size: 0, si_in_serializable: 0 0 %, local: 0 %
I0318 17:26:48.323479 3986793 Coordinator.h:126] commit: 59019 abort: 620981 (0/620981/0), network size: 0, avg network size: 0, si_in_serializable: 0 0 %, local: 0 %
I0318 17:26:49.323668 3986793 Coordinator.h:126] commit: 65248 abort: 675752 (0/675752/0), network size: 0, avg network size: 0, si_in_serializable: 0 0 %, local: 0 %
I0318 17:26:50.323864 3986793 Coordinator.h:126] commit: 56846 abort: 601154 (0/601154/0), network size: 0, avg network size: 0, si_in_serializable: 0 0 %, local: 0 %
I0318 17:26:51.324115 3986793 Coordinator.h:126] commit: 64644 abort: 671356 (0/671356/0), network size: 0, avg network size: 0, si_in_serializable: 0 0 %, local: 0 %
I0318 17:26:52.324267 3986793 Coordinator.h:126] commit: 63989 abort: 663011 (0/663011/0), network size: 0, avg network size: 0, si_in_serializable: 0 0 %, local: 0 %
I0318 17:26:53.324400 3986793 Coordinator.h:126] commit: 61822 abort: 645178 (0/645178/0), network size: 0, avg network size: 0, si_in_serializable: 0 0 %, local: 0 %
I0318 17:26:53.324453 3986793 Coordinator.h:152] average commit: 62506.7 abort: 652493 (0/652493/0), network size: 0, avg network size: 0, si_in_serializable: 0 0 %, local: 0 %
I0318 17:26:53.324525 3986892 AriaExecutor.h:106] AriaExecutor 47 exits. 
I0318 17:26:53.324530 3986857 AriaExecutor.h:106] AriaExecutor 12 exits. 
I0318 17:26:53.324542 3986888 AriaExecutor.h:106] AriaExecutor 43 exits. 
I0318 17:26:53.324538 3986870 AriaExecutor.h:106] AriaExecutor 25 exits. 
I0318 17:26:53.324533 3986877 AriaExecutor.h:106] AriaExecutor 32 exits. 
I0318 17:26:53.324548 3986861 AriaExecutor.h:106] AriaExecutor 16 exits. 
I0318 17:26:53.324533 3986872 AriaExecutor.h:106] AriaExecutor 27 exits. 
I0318 17:26:53.324530 3986869 AriaExecutor.h:106] AriaExecutor 24 exits. 
I0318 17:26:53.324548 3986871 AriaExecutor.h:106] AriaExecutor 26 exits. 
I0318 17:26:53.324529 3986886 AriaExecutor.h:106] AriaExecutor 41 exits. 
I0318 17:26:53.324540 3986890 AriaExecutor.h:106] AriaExecutor 45 exits. 
I0318 17:26:53.324532 3986848 AriaExecutor.h:106] AriaExecutor 3 exits. 
I0318 17:26:53.324569 3986887 AriaExecutor.h:106] AriaExecutor 42 exits. 
I0318 17:26:53.324541 3986882 AriaExecutor.h:106] AriaExecutor 37 exits. 
I0318 17:26:53.324534 3986878 AriaExecutor.h:106] AriaExecutor 33 exits. 
I0318 17:26:53.324525 3986891 AriaExecutor.h:106] AriaExecutor 46 exits. 
I0318 17:26:53.324596 3986850 AriaExecutor.h:106] AriaExecutor 5 exits. 
I0318 17:26:53.324537 3986879 AriaExecutor.h:106] AriaExecutor 34 exits. 
I0318 17:26:53.324534 3986860 AriaExecutor.h:106] AriaExecutor 15 exits. 
I0318 17:26:53.324534 3986866 AriaExecutor.h:106] AriaExecutor 21 exits. 
I0318 17:26:53.324529 3986858 AriaExecutor.h:106] AriaExecutor 13 exits. 
I0318 17:26:53.324553 3986885 AriaExecutor.h:106] AriaExecutor 40 exits. 
I0318 17:26:53.324539 3986880 AriaExecutor.h:106] AriaExecutor 35 exits. 
I0318 17:26:53.324544 3986859 AriaExecutor.h:106] AriaExecutor 14 exits. 
I0318 17:26:53.324529 3986853 AriaExecutor.h:106] AriaExecutor 8 exits. 
I0318 17:26:53.324533 3986849 AriaExecutor.h:106] AriaExecutor 4 exits. 
I0318 17:26:53.324535 3986863 AriaExecutor.h:106] AriaExecutor 18 exits. 
I0318 17:26:53.324606 3986873 AriaExecutor.h:106] AriaExecutor 28 exits. 
I0318 17:26:53.324544 3986884 AriaExecutor.h:106] AriaExecutor 39 exits. 
I0318 17:26:53.324543 3986881 AriaExecutor.h:106] AriaExecutor 36 exits. 
I0318 17:26:53.324548 3986865 AriaExecutor.h:106] AriaExecutor 20 exits. 
I0318 17:26:53.324529 3986876 AriaExecutor.h:106] AriaExecutor 31 exits. 
I0318 17:26:53.324548 3986864 AriaExecutor.h:106] AriaExecutor 19 exits. 
I0318 17:26:53.324533 3986874 AriaExecutor.h:106] AriaExecutor 29 exits. 
I0318 17:26:53.324533 3986875 AriaExecutor.h:106] AriaExecutor 30 exits. 
I0318 17:26:53.324534 3986846 AriaExecutor.h:106] AriaExecutor 1 exits. 
I0318 17:26:53.324533 3986845 AriaExecutor.h:106] AriaExecutor 0 exits. 
I0318 17:26:53.324596 3986851 AriaExecutor.h:106] AriaExecutor 6 exits. 
I0318 17:26:53.324597 3986854 AriaExecutor.h:106] AriaExecutor 9 exits. 
I0318 17:26:53.324543 3986867 AriaExecutor.h:106] AriaExecutor 22 exits. 
I0318 17:26:53.324573 3986883 AriaExecutor.h:106] AriaExecutor 38 exits. 
I0318 17:26:53.324533 3986852 AriaExecutor.h:106] AriaExecutor 7 exits. 
I0318 17:26:53.324597 3986856 AriaExecutor.h:106] AriaExecutor 11 exits. 
I0318 17:26:53.324537 3986847 AriaExecutor.h:106] AriaExecutor 2 exits. 
I0318 17:26:53.324606 3986862 AriaExecutor.h:106] AriaExecutor 17 exits. 
I0318 17:26:53.324597 3986855 AriaExecutor.h:106] AriaExecutor 10 exits. 
I0318 17:26:53.324539 3986893 Manager.h:227] Manager(worker id = 48) on the coordinator node exits.
I0318 17:26:53.324539 3986868 AriaExecutor.h:106] AriaExecutor 23 exits. 
I0318 17:26:53.324545 3986889 AriaExecutor.h:106] AriaExecutor 44 exits. 
I0318 17:26:53.324468 3986793 AriaExecutor.h:646] Worker 0 latency: 22257 us (50%) 33823 us (75%) 39688 us (95%) 70550 us (99%).
I0318 17:26:53.328605 3986793 AriaExecutor.h:646] Worker 1 latency: 19389 us (50%) 31341 us (75%) 37610 us (95%) 50550 us (99%).
I0318 17:26:53.331213 3986793 AriaExecutor.h:646] Worker 2 latency: 18316 us (50%) 29358 us (75%) 36572 us (95%) 47064 us (99%).
I0318 17:26:53.333695 3986793 AriaExecutor.h:646] Worker 3 latency: 17715 us (50%) 27559 us (75%) 35865 us (95%) 44644 us (99%).
I0318 17:26:53.336055 3986793 AriaExecutor.h:646] Worker 4 latency: 17251 us (50%) 26242 us (75%) 35209 us (95%) 43466 us (99%).
I0318 17:26:53.338418 3986793 AriaExecutor.h:646] Worker 5 latency: 17011 us (50%) 25555 us (75%) 34653 us (95%) 42402 us (99%).
I0318 17:26:53.340726 3986793 AriaExecutor.h:646] Worker 6 latency: 16787 us (50%) 25233 us (75%) 34220 us (95%) 42611 us (99%).
I0318 17:26:53.342978 3986793 AriaExecutor.h:646] Worker 7 latency: 16492 us (50%) 24731 us (75%) 33842 us (95%) 42374 us (99%).
I0318 17:26:53.345258 3986793 AriaExecutor.h:646] Worker 8 latency: 16467 us (50%) 24658 us (75%) 33479 us (95%) 41471 us (99%).
I0318 17:26:53.347470 3986793 AriaExecutor.h:646] Worker 9 latency: 16176 us (50%) 24207 us (75%) 33218 us (95%) 40445 us (99%).
I0318 17:26:53.349704 3986793 AriaExecutor.h:646] Worker 10 latency: 15940 us (50%) 23970 us (75%) 32905 us (95%) 39997 us (99%).
I0318 17:26:53.351882 3986793 AriaExecutor.h:646] Worker 11 latency: 16069 us (50%) 23878 us (75%) 32536 us (95%) 40262 us (99%).
I0318 17:26:53.354069 3986793 AriaExecutor.h:646] Worker 12 latency: 15858 us (50%) 23572 us (75%) 32228 us (95%) 39012 us (99%).
I0318 17:26:53.356231 3986793 AriaExecutor.h:646] Worker 13 latency: 15628 us (50%) 23369 us (75%) 32105 us (95%) 38561 us (99%).
I0318 17:26:53.358399 3986793 AriaExecutor.h:646] Worker 14 latency: 14398 us (50%) 22409 us (75%) 31556 us (95%) 37940 us (99%).
I0318 17:26:53.360616 3986793 AriaExecutor.h:646] Worker 15 latency: 14491 us (50%) 22272 us (75%) 31388 us (95%) 37451 us (99%).
I0318 17:26:53.362792 3986793 AriaExecutor.h:646] Worker 16 latency: 16755 us (50%) 23563 us (75%) 31528 us (95%) 38580 us (99%).
I0318 17:26:53.365280 3986793 AriaExecutor.h:646] Worker 17 latency: 13268 us (50%) 21581 us (75%) 30847 us (95%) 36857 us (99%).
I0318 17:26:53.367113 3986793 AriaExecutor.h:646] Worker 18 latency: 13252 us (50%) 21475 us (75%) 30609 us (95%) 36740 us (99%).
I0318 17:26:53.368932 3986793 AriaExecutor.h:646] Worker 19 latency: 13274 us (50%) 21502 us (75%) 30495 us (95%) 36375 us (99%).
I0318 17:26:53.370748 3986793 AriaExecutor.h:646] Worker 20 latency: 13181 us (50%) 21386 us (75%) 30112 us (95%) 35684 us (99%).
I0318 17:26:53.372556 3986793 AriaExecutor.h:646] Worker 21 latency: 13179 us (50%) 21256 us (75%) 30015 us (95%) 36706 us (99%).
I0318 17:26:53.374352 3986793 AriaExecutor.h:646] Worker 22 latency: 12835 us (50%) 21018 us (75%) 29737 us (95%) 35394 us (99%).
I0318 17:26:53.376173 3986793 AriaExecutor.h:646] Worker 23 latency: 13004 us (50%) 20966 us (75%) 29742 us (95%) 35526 us (99%).
I0318 17:26:53.377969 3986793 AriaExecutor.h:646] Worker 24 latency: 13035 us (50%) 21042 us (75%) 29728 us (95%) 36868 us (99%).
I0318 17:26:53.379745 3986793 AriaExecutor.h:646] Worker 25 latency: 12704 us (50%) 20823 us (75%) 29352 us (95%) 35702 us (99%).
I0318 17:26:53.381511 3986793 AriaExecutor.h:646] Worker 26 latency: 12579 us (50%) 20690 us (75%) 29118 us (95%) 35508 us (99%).
I0318 17:26:53.383255 3986793 AriaExecutor.h:646] Worker 27 latency: 12769 us (50%) 20671 us (75%) 29018 us (95%) 34167 us (99%).
I0318 17:26:53.385018 3986793 AriaExecutor.h:646] Worker 28 latency: 12572 us (50%) 20660 us (75%) 28927 us (95%) 34849 us (99%).
I0318 17:26:53.386782 3986793 AriaExecutor.h:646] Worker 29 latency: 12398 us (50%) 20305 us (75%) 28556 us (95%) 33984 us (99%).
I0318 17:26:53.388541 3986793 AriaExecutor.h:646] Worker 30 latency: 13225 us (50%) 21045 us (75%) 28800 us (95%) 34773 us (99%).
I0318 17:26:53.390447 3986793 AriaExecutor.h:646] Worker 31 latency: 13379 us (50%) 21039 us (75%) 28763 us (95%) 34651 us (99%).
I0318 17:26:53.392335 3986793 AriaExecutor.h:646] Worker 32 latency: 14542 us (50%) 21640 us (75%) 28705 us (95%) 35691 us (99%).
I0318 17:26:53.394583 3986793 AriaExecutor.h:646] Worker 33 latency: 14288 us (50%) 21408 us (75%) 28521 us (95%) 34088 us (99%).
I0318 17:26:53.396855 3986793 AriaExecutor.h:646] Worker 34 latency: 14192 us (50%) 21328 us (75%) 28512 us (95%) 34915 us (99%).
I0318 17:26:53.399155 3986793 AriaExecutor.h:646] Worker 35 latency: 14244 us (50%) 21304 us (75%) 28329 us (95%) 34773 us (99%).
I0318 17:26:53.401371 3986793 AriaExecutor.h:646] Worker 36 latency: 14264 us (50%) 21191 us (75%) 28174 us (95%) 34845 us (99%).
I0318 17:26:53.403597 3986793 AriaExecutor.h:646] Worker 37 latency: 14228 us (50%) 21349 us (75%) 28195 us (95%) 35450 us (99%).
I0318 17:26:53.405814 3986793 AriaExecutor.h:646] Worker 38 latency: 14093 us (50%) 21079 us (75%) 28021 us (95%) 34010 us (99%).
I0318 17:26:53.408052 3986793 AriaExecutor.h:646] Worker 39 latency: 14107 us (50%) 20897 us (75%) 27898 us (95%) 34685 us (99%).
I0318 17:26:53.410266 3986793 AriaExecutor.h:646] Worker 40 latency: 14223 us (50%) 20920 us (75%) 27725 us (95%) 34426 us (99%).
I0318 17:26:53.412424 3986793 AriaExecutor.h:646] Worker 41 latency: 14133 us (50%) 20752 us (75%) 27598 us (95%) 34479 us (99%).
I0318 17:26:53.414552 3986793 AriaExecutor.h:646] Worker 42 latency: 14067 us (50%) 20733 us (75%) 27454 us (95%) 33851 us (99%).
I0318 17:26:53.416692 3986793 AriaExecutor.h:646] Worker 43 latency: 14165 us (50%) 20823 us (75%) 27426 us (95%) 34168 us (99%).
I0318 17:26:53.418797 3986793 AriaExecutor.h:646] Worker 44 latency: 14078 us (50%) 20766 us (75%) 27351 us (95%) 33544 us (99%).
I0318 17:26:53.420912 3986793 AriaExecutor.h:646] Worker 45 latency: 13883 us (50%) 20575 us (75%) 27238 us (95%) 33420 us (99%).
I0318 17:26:53.423022 3986793 AriaExecutor.h:646] Worker 46 latency: 12858 us (50%) 19872 us (75%) 26889 us (95%) 33204 us (99%).
I0318 17:26:53.425009 3986793 AriaExecutor.h:646] Worker 47 latency: 12824 us (50%) 19695 us (75%) 26662 us (95%) 31761 us (99%).
I0318 17:26:53.427003 3986793 Coordinator.h:177] total commit: 62506.7
I0318 17:26:54.427244 3986793 Coordinator.h:192] Coordinator exits.
