I0318 17:21:51.862365 3983274 Database.h:65] ycsb initialization finished in 101 milliseconds.
I0318 17:21:51.862592 3983274 Coordinator.h:30] Coordinator initializes 28 workers.
I0318 17:21:51.899276 3983274 Coordinator.h:77] Coordinator starts to run 29 workers.
I0318 17:21:51.899365 3983307 AriaExecutor.h:94] AriaExecutor 0 started. 
I0318 17:21:51.899413 3983308 AriaExecutor.h:94] AriaExecutor 1 started. 
I0318 17:21:51.899489 3983309 AriaExecutor.h:94] AriaExecutor 2 started. 
I0318 17:21:51.899602 3983310 AriaExecutor.h:94] AriaExecutor 3 started. 
I0318 17:21:51.899683 3983311 AriaExecutor.h:94] AriaExecutor 4 started. 
I0318 17:21:51.899772 3983312 AriaExecutor.h:94] AriaExecutor 5 started. 
I0318 17:21:51.899850 3983313 AriaExecutor.h:94] AriaExecutor 6 started. 
I0318 17:21:51.899926 3983314 AriaExecutor.h:94] AriaExecutor 7 started. 
I0318 17:21:51.900023 3983315 AriaExecutor.h:94] AriaExecutor 8 started. 
I0318 17:21:51.900131 3983316 AriaExecutor.h:94] AriaExecutor 9 started. 
I0318 17:21:51.900204 3983317 AriaExecutor.h:94] AriaExecutor 10 started. 
I0318 17:21:51.900305 3983318 AriaExecutor.h:94] AriaExecutor 11 started. 
I0318 17:21:51.900409 3983319 AriaExecutor.h:94] AriaExecutor 12 started. 
I0318 17:21:51.900506 3983320 AriaExecutor.h:94] AriaExecutor 13 started. 
I0318 17:21:51.900621 3983321 AriaExecutor.h:94] AriaExecutor 14 started. 
I0318 17:21:51.900767 3983322 AriaExecutor.h:94] AriaExecutor 15 started. 
I0318 17:21:51.900898 3983323 AriaExecutor.h:94] AriaExecutor 16 started. 
I0318 17:21:51.901029 3983324 AriaExecutor.h:94] AriaExecutor 17 started. 
I0318 17:21:51.901145 3983325 AriaExecutor.h:94] AriaExecutor 18 started. 
I0318 17:21:51.901232 3983326 AriaExecutor.h:94] AriaExecutor 19 started. 
I0318 17:21:51.901333 3983327 AriaExecutor.h:94] AriaExecutor 20 started. 
I0318 17:21:51.901422 3983328 AriaExecutor.h:94] AriaExecutor 21 started. 
I0318 17:21:51.901525 3983329 AriaExecutor.h:94] AriaExecutor 22 started. 
I0318 17:21:51.901593 3983330 AriaExecutor.h:94] AriaExecutor 23 started. 
I0318 17:21:51.901691 3983331 AriaExecutor.h:94] AriaExecutor 24 started. 
I0318 17:21:51.901770 3983332 AriaExecutor.h:94] AriaExecutor 25 started. 
I0318 17:21:51.901873 3983333 AriaExecutor.h:94] AriaExecutor 26 started. 
I0318 17:21:51.902000 3983334 AriaExecutor.h:94] AriaExecutor 27 started. 
I0318 17:21:51.902056 3983335 Manager.h:224] Manager(worker id = 28) on the coordinator node started.
I0318 17:21:52.902122 3983274 Coordinator.h:126] commit: 58831 abort: 795169 (0/795169/0), network size: 0, avg network size: 0, si_in_serializable: 0 0 %, local: 0 %
I0318 17:21:53.902275 3983274 Coordinator.h:126] commit: 65018 abort: 773982 (0/773982/0), network size: 0, avg network size: 0, si_in_serializable: 0 0 %, local: 0 %
I0318 17:21:54.902398 3983274 Coordinator.h:126] commit: 65959 abort: 787041 (0/787041/0), network size: 0, avg network size: 0, si_in_serializable: 0 0 %, local: 0 %
I0318 17:21:55.902560 3983274 Coordinator.h:126] commit: 66675 abort: 797325 (0/797325/0), network size: 0, avg network size: 0, si_in_serializable: 0 0 %, local: 0 %
I0318 17:21:56.902691 3983274 Coordinator.h:126] commit: 64424 abort: 771576 (0/771576/0), network size: 0, avg network size: 0, si_in_serializable: 0 0 %, local: 0 %
I0318 17:21:57.902900 3983274 Coordinator.h:126] commit: 65741 abort: 780259 (0/780259/0), network size: 0, avg network size: 0, si_in_serializable: 0 0 %, local: 0 %
I0318 17:21:58.903030 3983274 Coordinator.h:126] commit: 61848 abort: 734152 (0/734152/0), network size: 0, avg network size: 0, si_in_serializable: 0 0 %, local: 0 %
I0318 17:21:59.903153 3983274 Coordinator.h:126] commit: 64655 abort: 771345 (0/771345/0), network size: 0, avg network size: 0, si_in_serializable: 0 0 %, local: 0 %
I0318 17:22:00.903434 3983274 Coordinator.h:126] commit: 63148 abort: 752852 (0/752852/0), network size: 0, avg network size: 0, si_in_serializable: 0 0 %, local: 0 %
I0318 17:22:01.903676 3983274 Coordinator.h:126] commit: 64624 abort: 770376 (0/770376/0), network size: 0, avg network size: 0, si_in_serializable: 0 0 %, local: 0 %
I0318 17:22:02.903976 3983274 Coordinator.h:126] commit: 65264 abort: 772736 (0/772736/0), network size: 0, avg network size: 0, si_in_serializable: 0 0 %, local: 0 %
I0318 17:22:03.904124 3983274 Coordinator.h:126] commit: 65024 abort: 769976 (0/769976/0), network size: 0, avg network size: 0, si_in_serializable: 0 0 %, local: 0 %
I0318 17:22:04.904315 3983274 Coordinator.h:126] commit: 64986 abort: 775014 (0/775014/0), network size: 0, avg network size: 0, si_in_serializable: 0 0 %, local: 0 %
I0318 17:22:05.904505 3983274 Coordinator.h:126] commit: 56796 abort: 678204 (0/678204/0), network size: 0, avg network size: 0, si_in_serializable: 0 0 %, local: 0 %
I0318 17:22:06.904785 3983274 Coordinator.h:126] commit: 65403 abort: 782597 (0/782597/0), network size: 0, avg network size: 0, si_in_serializable: 0 0 %, local: 0 %
I0318 17:22:07.904930 3983274 Coordinator.h:126] commit: 67146 abort: 799854 (0/799854/0), network size: 0, avg network size: 0, si_in_serializable: 0 0 %, local: 0 %
I0318 17:22:08.905164 3983274 Coordinator.h:126] commit: 67335 abort: 802665 (0/802665/0), network size: 0, avg network size: 0, si_in_serializable: 0 0 %, local: 0 %
I0318 17:22:09.905313 3983274 Coordinator.h:126] commit: 69478 abort: 821522 (0/821522/0), network size: 0, avg network size: 0, si_in_serializable: 0 0 %, local: 0 %
I0318 17:22:10.905467 3983274 Coordinator.h:126] commit: 67626 abort: 801374 (0/801374/0), network size: 0, avg network size: 0, si_in_serializable: 0 0 %, local: 0 %
I0318 17:22:11.905604 3983274 Coordinator.h:126] commit: 66583 abort: 796417 (0/796417/0), network size: 0, avg network size: 0, si_in_serializable: 0 0 %, local: 0 %
I0318 17:22:12.905723 3983274 Coordinator.h:126] commit: 67860 abort: 809140 (0/809140/0), network size: 0, avg network size: 0, si_in_serializable: 0 0 %, local: 0 %
I0318 17:22:13.905872 3983274 Coordinator.h:126] commit: 67709 abort: 807291 (0/807291/0), network size: 0, avg network size: 0, si_in_serializable: 0 0 %, local: 0 %
I0318 17:22:14.906028 3983274 Coordinator.h:126] commit: 67859 abort: 805141 (0/805141/0), network size: 0, avg network size: 0, si_in_serializable: 0 0 %, local: 0 %
I0318 17:22:15.906175 3983274 Coordinator.h:126] commit: 65305 abort: 776695 (0/776695/0), network size: 0, avg network size: 0, si_in_serializable: 0 0 %, local: 0 %
I0318 17:22:16.906287 3983274 Coordinator.h:126] commit: 66868 abort: 802132 (0/802132/0), network size: 0, avg network size: 0, si_in_serializable: 0 0 %, local: 0 %
I0318 17:22:16.906323 3983274 Coordinator.h:152] average commit: 65564.1 abort: 780036 (0/780036/0), network size: 0, avg network size: 0, si_in_serializable: 0 0 %, local: 0 %
I0318 17:22:16.906867 3983319 AriaExecutor.h:106] AriaExecutor 12 exits. 
I0318 17:22:16.906877 3983307 AriaExecutor.h:106] AriaExecutor 0 exits. 
I0318 17:22:16.906883 3983311 AriaExecutor.h:106] AriaExecutor 4 exits. 
I0318 17:22:16.906872 3983315 AriaExecutor.h:106] AriaExecutor 8 exits. 
I0318 17:22:16.906888 3983323 AriaExecutor.h:106] AriaExecutor 16 exits. 
I0318 17:22:16.906868 3983317 AriaExecutor.h:106] AriaExecutor 10 exits. 
I0318 17:22:16.906872 3983316 AriaExecutor.h:106] AriaExecutor 9 exits. 
I0318 17:22:16.906883 3983310 AriaExecutor.h:106] AriaExecutor 3 exits. 
I0318 17:22:16.906890 3983322 AriaExecutor.h:106] AriaExecutor 15 exits. 
I0318 17:22:16.906899 3983333 AriaExecutor.h:106] AriaExecutor 26 exits. 
I0318 17:22:16.906898 3983334 AriaExecutor.h:106] AriaExecutor 27 exits. 
I0318 17:22:16.906875 3983312 AriaExecutor.h:106] AriaExecutor 5 exits. 
I0318 17:22:16.906894 3983332 AriaExecutor.h:106] AriaExecutor 25 exits. 
I0318 17:22:16.906890 3983330 AriaExecutor.h:106] AriaExecutor 23 exits. 
I0318 17:22:16.906894 3983327 AriaExecutor.h:106] AriaExecutor 20 exits. 
I0318 17:22:16.906878 3983320 AriaExecutor.h:106] AriaExecutor 13 exits. 
I0318 17:22:16.906890 3983325 AriaExecutor.h:106] AriaExecutor 18 exits. 
I0318 17:22:16.906895 3983335 Manager.h:227] Manager(worker id = 28) on the coordinator node exits.
I0318 17:22:16.906875 3983313 AriaExecutor.h:106] AriaExecutor 6 exits. 
I0318 17:22:16.906908 3983328 AriaExecutor.h:106] AriaExecutor 21 exits. 
I0318 17:22:16.906893 3983321 AriaExecutor.h:106] AriaExecutor 14 exits. 
I0318 17:22:16.906894 3983326 AriaExecutor.h:106] AriaExecutor 19 exits. 
I0318 17:22:16.906890 3983329 AriaExecutor.h:106] AriaExecutor 22 exits. 
I0318 17:22:16.906883 3983309 AriaExecutor.h:106] AriaExecutor 2 exits. 
I0318 17:22:16.906893 3983324 AriaExecutor.h:106] AriaExecutor 17 exits. 
I0318 17:22:16.906908 3983331 AriaExecutor.h:106] AriaExecutor 24 exits. 
I0318 17:22:16.906880 3983318 AriaExecutor.h:106] AriaExecutor 11 exits. 
I0318 17:22:16.906877 3983308 AriaExecutor.h:106] AriaExecutor 1 exits. 
I0318 17:22:16.906869 3983314 AriaExecutor.h:106] AriaExecutor 7 exits. 
I0318 17:22:16.906337 3983274 AriaExecutor.h:646] Worker 0 latency: 18343 us (50%) 32243 us (75%) 37684 us (95%) 42704 us (99%).
I0318 17:22:16.911871 3983274 AriaExecutor.h:646] Worker 1 latency: 15756 us (50%) 25696 us (75%) 35837 us (95%) 39331 us (99%).
I0318 17:22:16.916220 3983274 AriaExecutor.h:646] Worker 2 latency: 15160 us (50%) 24072 us (75%) 34756 us (95%) 38202 us (99%).
I0318 17:22:16.920486 3983274 AriaExecutor.h:646] Worker 3 latency: 14637 us (50%) 23265 us (75%) 33953 us (95%) 37431 us (99%).
I0318 17:22:16.924540 3983274 AriaExecutor.h:646] Worker 4 latency: 14446 us (50%) 22608 us (75%) 33270 us (95%) 36828 us (99%).
I0318 17:22:16.928593 3983274 AriaExecutor.h:646] Worker 5 latency: 14113 us (50%) 22242 us (75%) 32733 us (95%) 36374 us (99%).
I0318 17:22:16.932626 3983274 AriaExecutor.h:646] Worker 6 latency: 14033 us (50%) 22014 us (75%) 32284 us (95%) 35722 us (99%).
I0318 17:22:16.936554 3983274 AriaExecutor.h:646] Worker 7 latency: 13983 us (50%) 21841 us (75%) 31790 us (95%) 35255 us (99%).
I0318 17:22:16.940454 3983274 AriaExecutor.h:646] Worker 8 latency: 13813 us (50%) 21580 us (75%) 31433 us (95%) 34873 us (99%).
I0318 17:22:16.944317 3983274 AriaExecutor.h:646] Worker 9 latency: 13726 us (50%) 21471 us (75%) 31146 us (95%) 34672 us (99%).
I0318 17:22:16.948167 3983274 AriaExecutor.h:646] Worker 10 latency: 13794 us (50%) 21424 us (75%) 30901 us (95%) 34327 us (99%).
I0318 17:22:16.951988 3983274 AriaExecutor.h:646] Worker 11 latency: 13597 us (50%) 21228 us (75%) 30591 us (95%) 33934 us (99%).
I0318 17:22:16.955796 3983274 AriaExecutor.h:646] Worker 12 latency: 13523 us (50%) 21111 us (75%) 30258 us (95%) 33690 us (99%).
I0318 17:22:16.959614 3983274 AriaExecutor.h:646] Worker 13 latency: 13455 us (50%) 21005 us (75%) 30063 us (95%) 33409 us (99%).
I0318 17:22:16.963424 3983274 AriaExecutor.h:646] Worker 14 latency: 13048 us (50%) 20757 us (75%) 29781 us (95%) 33003 us (99%).
I0318 17:22:16.967218 3983274 AriaExecutor.h:646] Worker 15 latency: 12918 us (50%) 20736 us (75%) 29607 us (95%) 32974 us (99%).
I0318 17:22:16.970957 3983274 AriaExecutor.h:646] Worker 16 latency: 13064 us (50%) 20724 us (75%) 29493 us (95%) 32722 us (99%).
I0318 17:22:16.974664 3983274 AriaExecutor.h:646] Worker 17 latency: 12878 us (50%) 20483 us (75%) 29029 us (95%) 32354 us (99%).
I0318 17:22:16.978407 3983274 AriaExecutor.h:646] Worker 18 latency: 12896 us (50%) 20518 us (75%) 29021 us (95%) 32249 us (99%).
I0318 17:22:16.982156 3983274 AriaExecutor.h:646] Worker 19 latency: 12810 us (50%) 20308 us (75%) 28788 us (95%) 31877 us (99%).
I0318 17:22:16.985924 3983274 AriaExecutor.h:646] Worker 20 latency: 12826 us (50%) 20222 us (75%) 28576 us (95%) 31947 us (99%).
I0318 17:22:16.989571 3983274 AriaExecutor.h:646] Worker 21 latency: 12973 us (50%) 20376 us (75%) 28482 us (95%) 31650 us (99%).
I0318 17:22:16.993232 3983274 AriaExecutor.h:646] Worker 22 latency: 12787 us (50%) 20223 us (75%) 28318 us (95%) 31446 us (99%).
I0318 17:22:16.996855 3983274 AriaExecutor.h:646] Worker 23 latency: 12742 us (50%) 20081 us (75%) 28149 us (95%) 31297 us (99%).
I0318 17:22:17.000483 3983274 AriaExecutor.h:646] Worker 24 latency: 12656 us (50%) 20029 us (75%) 27952 us (95%) 30988 us (99%).
I0318 17:22:17.004042 3983274 AriaExecutor.h:646] Worker 25 latency: 12590 us (50%) 19934 us (75%) 27783 us (95%) 30826 us (99%).
I0318 17:22:17.007632 3983274 AriaExecutor.h:646] Worker 26 latency: 12538 us (50%) 19863 us (75%) 27642 us (95%) 30623 us (99%).
I0318 17:22:17.011250 3983274 AriaExecutor.h:646] Worker 27 latency: 12617 us (50%) 19889 us (75%) 27611 us (95%) 30541 us (99%).
I0318 17:22:17.014904 3983274 Coordinator.h:177] total commit: 65564.1
I0318 17:22:18.015120 3983274 Coordinator.h:192] Coordinator exits.
