I0319 21:28:10.417142 151062 Database.h:65] ycsb initialization finished in 100 milliseconds.
I0319 21:28:10.417371 151062 Coordinator.h:30] Coordinator initializes 12 workers.
I0319 21:28:10.455375 151062 Coordinator.h:77] Coordinator starts to run 13 workers.
I0319 21:28:10.455462 151078 AriaExecutor.h:82] AriaExecutor 0 started. 
I0319 21:28:10.455498 151079 AriaExecutor.h:82] AriaExecutor 1 started. 
I0319 21:28:10.455621 151080 AriaExecutor.h:82] AriaExecutor 2 started. 
I0319 21:28:10.455714 151081 AriaExecutor.h:82] AriaExecutor 3 started. 
I0319 21:28:10.455806 151082 AriaExecutor.h:82] AriaExecutor 4 started. 
I0319 21:28:10.455929 151083 AriaExecutor.h:82] AriaExecutor 5 started. 
I0319 21:28:10.456025 151084 AriaExecutor.h:82] AriaExecutor 6 started. 
I0319 21:28:10.456096 151085 AriaExecutor.h:82] AriaExecutor 7 started. 
I0319 21:28:10.456197 151086 AriaExecutor.h:82] AriaExecutor 8 started. 
I0319 21:28:10.456305 151087 AriaExecutor.h:82] AriaExecutor 9 started. 
I0319 21:28:10.456409 151088 AriaExecutor.h:82] AriaExecutor 10 started. 
I0319 21:28:10.456481 151089 AriaExecutor.h:82] AriaExecutor 11 started. 
I0319 21:28:10.456552 151090 Manager.h:224] Manager(worker id = 12) on the coordinator node started.
I0319 21:28:11.456610 151062 Coordinator.h:126] commit: 164 abort: 135836 (0/135836/0), network size: 0, avg network size: 0, si_in_serializable: 0 0 %, local: 0 %
I0319 21:28:12.456768 151062 Coordinator.h:126] commit: 167 abort: 136833 (0/136833/0), network size: 0, avg network size: 0, si_in_serializable: 0 0 %, local: 0 %
I0319 21:28:13.456931 151062 Coordinator.h:126] commit: 172 abort: 138828 (0/138828/0), network size: 0, avg network size: 0, si_in_serializable: 0 0 %, local: 0 %
I0319 21:28:14.457067 151062 Coordinator.h:126] commit: 184 abort: 137816 (0/137816/0), network size: 0, avg network size: 0, si_in_serializable: 0 0 %, local: 0 %
I0319 21:28:15.457196 151062 Coordinator.h:126] commit: 174 abort: 137826 (0/137826/0), network size: 0, avg network size: 0, si_in_serializable: 0 0 %, local: 0 %
I0319 21:28:16.457324 151062 Coordinator.h:126] commit: 180 abort: 137820 (0/137820/0), network size: 0, avg network size: 0, si_in_serializable: 0 0 %, local: 0 %
I0319 21:28:17.457448 151062 Coordinator.h:126] commit: 189 abort: 137811 (0/137811/0), network size: 0, avg network size: 0, si_in_serializable: 0 0 %, local: 0 %
I0319 21:28:18.457615 151062 Coordinator.h:126] commit: 180 abort: 137820 (0/137820/0), network size: 0, avg network size: 0, si_in_serializable: 0 0 %, local: 0 %
I0319 21:28:19.457749 151062 Coordinator.h:126] commit: 168 abort: 138832 (0/138832/0), network size: 0, avg network size: 0, si_in_serializable: 0 0 %, local: 0 %
I0319 21:28:20.457872 151062 Coordinator.h:126] commit: 179 abort: 136821 (0/136821/0), network size: 0, avg network size: 0, si_in_serializable: 0 0 %, local: 0 %
I0319 21:28:21.458031 151062 Coordinator.h:126] commit: 177 abort: 137823 (0/137823/0), network size: 0, avg network size: 0, si_in_serializable: 0 0 %, local: 0 %
I0319 21:28:22.458168 151062 Coordinator.h:126] commit: 179 abort: 138821 (0/138821/0), network size: 0, avg network size: 0, si_in_serializable: 0 0 %, local: 0 %
I0319 21:28:23.458295 151062 Coordinator.h:126] commit: 179 abort: 136821 (0/136821/0), network size: 0, avg network size: 0, si_in_serializable: 0 0 %, local: 0 %
I0319 21:28:24.458423 151062 Coordinator.h:126] commit: 170 abort: 137830 (0/137830/0), network size: 0, avg network size: 0, si_in_serializable: 0 0 %, local: 0 %
I0319 21:28:25.458586 151062 Coordinator.h:126] commit: 176 abort: 138824 (0/138824/0), network size: 0, avg network size: 0, si_in_serializable: 0 0 %, local: 0 %
I0319 21:28:26.458725 151062 Coordinator.h:126] commit: 166 abort: 137834 (0/137834/0), network size: 0, avg network size: 0, si_in_serializable: 0 0 %, local: 0 %
I0319 21:28:27.458853 151062 Coordinator.h:126] commit: 181 abort: 137819 (0/137819/0), network size: 0, avg network size: 0, si_in_serializable: 0 0 %, local: 0 %
I0319 21:28:28.458979 151062 Coordinator.h:126] commit: 167 abort: 137833 (0/137833/0), network size: 0, avg network size: 0, si_in_serializable: 0 0 %, local: 0 %
I0319 21:28:29.459105 151062 Coordinator.h:126] commit: 170 abort: 137830 (0/137830/0), network size: 0, avg network size: 0, si_in_serializable: 0 0 %, local: 0 %
I0319 21:28:30.459234 151062 Coordinator.h:126] commit: 169 abort: 137831 (0/137831/0), network size: 0, avg network size: 0, si_in_serializable: 0 0 %, local: 0 %
I0319 21:28:31.459396 151062 Coordinator.h:126] commit: 189 abort: 137811 (0/137811/0), network size: 0, avg network size: 0, si_in_serializable: 0 0 %, local: 0 %
I0319 21:28:32.459532 151062 Coordinator.h:126] commit: 176 abort: 137824 (0/137824/0), network size: 0, avg network size: 0, si_in_serializable: 0 0 %, local: 0 %
I0319 21:28:33.459656 151062 Coordinator.h:126] commit: 178 abort: 138822 (0/138822/0), network size: 0, avg network size: 0, si_in_serializable: 0 0 %, local: 0 %
I0319 21:28:34.459784 151062 Coordinator.h:126] commit: 179 abort: 136821 (0/136821/0), network size: 0, avg network size: 0, si_in_serializable: 0 0 %, local: 0 %
I0319 21:28:35.459913 151062 Coordinator.h:126] commit: 183 abort: 138817 (0/138817/0), network size: 0, avg network size: 0, si_in_serializable: 0 0 %, local: 0 %
I0319 21:28:35.459954 151062 Coordinator.h:152] average commit: 173.4 abort: 137927 (0/137927/0), network size: 0, avg network size: 0, si_in_serializable: 0 0 %, local: 0 %
I0319 21:28:35.459967 151062 AriaExecutor.h:535] Worker 0 latency: 7218 us (50%) 7250 us (75%) 7305 us (95%) 7370 us (99%).
I0319 21:28:35.465126 151090 AriaManager.h:102] average batch time: 7.2467 ms, batch count: 3451
I0319 21:28:35.465157 151090 Manager.h:227] Manager(worker id = 12) on the coordinator node exits.
I0319 21:28:35.465163 151088 AriaExecutor.h:94] AriaExecutor 10 exits. 
I0319 21:28:35.465169 151078 AriaExecutor.h:94] AriaExecutor 0 exits. 
I0319 21:28:35.465163 151089 AriaExecutor.h:94] AriaExecutor 11 exits. 
I0319 21:28:35.465165 151086 AriaExecutor.h:94] AriaExecutor 8 exits. 
I0319 21:28:35.465167 151081 AriaExecutor.h:94] AriaExecutor 3 exits. 
I0319 21:28:35.465167 151079 AriaExecutor.h:94] AriaExecutor 1 exits. 
I0319 21:28:35.465168 151084 AriaExecutor.h:94] AriaExecutor 6 exits. 
I0319 21:28:35.465167 151085 AriaExecutor.h:94] AriaExecutor 7 exits. 
I0319 21:28:35.465169 151083 AriaExecutor.h:94] AriaExecutor 5 exits. 
I0319 21:28:35.465168 151082 AriaExecutor.h:94] AriaExecutor 4 exits. 
I0319 21:28:35.465165 151087 AriaExecutor.h:94] AriaExecutor 9 exits. 
I0319 21:28:35.465167 151080 AriaExecutor.h:94] AriaExecutor 2 exits. 
I0319 21:28:35.465349 151062 AriaExecutor.h:535] Worker 1 latency: 7215 us (50%) 7249 us (75%) 7295 us (95%) 7343 us (99%).
I0319 21:28:35.465391 151062 AriaExecutor.h:535] Worker 2 latency: 7211 us (50%) 7241 us (75%) 7286 us (95%) 7338 us (99%).
I0319 21:28:35.465404 151062 AriaExecutor.h:535] Worker 3 latency: 7213 us (50%) 7257 us (75%) 7320 us (95%) 7356 us (99%).
I0319 21:28:35.465413 151062 AriaExecutor.h:535] Worker 4 latency: 7213 us (50%) 7250 us (75%) 7320 us (95%) 7345 us (99%).
I0319 21:28:35.465445 151062 AriaExecutor.h:535] Worker 5 latency: 7201 us (50%) 7228 us (75%) 7275 us (95%) 7292 us (99%).
I0319 21:28:35.465471 151062 AriaExecutor.h:535] Worker 6 latency: 7214 us (50%) 7267 us (75%) 7382 us (95%) 7382 us (99%).
I0319 21:28:35.465490 151062 AriaExecutor.h:535] Worker 7 latency: 7202 us (50%) 7239 us (75%) 7354 us (95%) 11758 us (99%).
I0319 21:28:35.465510 151062 AriaExecutor.h:535] Worker 8 latency: 7188 us (50%) 7246 us (75%) 7266 us (95%) 7266 us (99%).
I0319 21:28:35.465531 151062 AriaExecutor.h:535] Worker 9 latency: 7178 us (50%) 7215 us (75%) 7239 us (95%) 7239 us (99%).
I0319 21:28:35.465549 151062 AriaExecutor.h:535] Worker 10 latency: 7164 us (50%) 7227 us (75%) 7262 us (95%) 7262 us (99%).
I0319 21:28:35.465570 151062 AriaExecutor.h:535] Worker 11 latency: 7163 us (50%) 7220 us (75%) 7306 us (95%) 7306 us (99%).
I0319 21:28:35.465600 151062 Coordinator.h:177] total commit: 173.4
I0319 21:28:36.465776 151062 Coordinator.h:192] Coordinator exits.
