I0329 19:38:21.511253 618071 Database.h:65] ycsb initialization finished in 108 milliseconds.
I0329 19:38:21.511477 618071 Coordinator.h:30] Coordinator initializes 12 workers.
I0329 19:38:21.596273 618071 Coordinator.h:77] Coordinator starts to run 13 workers.
I0329 19:38:21.596364 618099 AriaExecutor.h:82] AriaExecutor 0 started. 
I0329 19:38:21.596494 618101 AriaExecutor.h:82] AriaExecutor 2 started. 
I0329 19:38:21.596558 618102 AriaExecutor.h:82] AriaExecutor 3 started. 
I0329 19:38:21.596619 618103 AriaExecutor.h:82] AriaExecutor 4 started. 
I0329 19:38:21.596695 618104 AriaExecutor.h:82] AriaExecutor 5 started. 
I0329 19:38:21.596748 618105 AriaExecutor.h:82] AriaExecutor 6 started. 
I0329 19:38:21.596809 618106 AriaExecutor.h:82] AriaExecutor 7 started. 
I0329 19:38:21.596870 618107 AriaExecutor.h:82] AriaExecutor 8 started. 
I0329 19:38:21.596956 618108 AriaExecutor.h:82] AriaExecutor 9 started. 
I0329 19:38:21.597054 618109 AriaExecutor.h:82] AriaExecutor 10 started. 
I0329 19:38:21.597134 618110 AriaExecutor.h:82] AriaExecutor 11 started. 
I0329 19:38:21.597121 618100 AriaExecutor.h:82] AriaExecutor 1 started. 
I0329 19:38:21.597383 618111 Manager.h:224] Manager(worker id = 12) on the coordinator node started.
I0329 19:38:22.597429 618071 Coordinator.h:126] commit: 101 abort: 125899 (0/125899/0), network size: 0, avg network size: 0, si_in_serializable: 0 0 %, local: 0 %
I0329 19:38:23.597596 618071 Coordinator.h:126] commit: 83 abort: 131917 (0/131917/0), network size: 0, avg network size: 0, si_in_serializable: 0 0 %, local: 0 %
I0329 19:38:24.597865 618071 Coordinator.h:126] commit: 96 abort: 128904 (0/128904/0), network size: 0, avg network size: 0, si_in_serializable: 0 0 %, local: 0 %
I0329 19:38:25.598027 618071 Coordinator.h:126] commit: 92 abort: 131908 (0/131908/0), network size: 0, avg network size: 0, si_in_serializable: 0 0 %, local: 0 %
I0329 19:38:26.598160 618071 Coordinator.h:126] commit: 93 abort: 131907 (0/131907/0), network size: 0, avg network size: 0, si_in_serializable: 0 0 %, local: 0 %
I0329 19:38:27.598316 618071 Coordinator.h:126] commit: 101 abort: 131899 (0/131899/0), network size: 0, avg network size: 0, si_in_serializable: 0 0 %, local: 0 %
I0329 19:38:28.598457 618071 Coordinator.h:126] commit: 89 abort: 128911 (0/128911/0), network size: 0, avg network size: 0, si_in_serializable: 0 0 %, local: 0 %
I0329 19:38:29.598644 618071 Coordinator.h:126] commit: 81 abort: 131919 (0/131919/0), network size: 0, avg network size: 0, si_in_serializable: 0 0 %, local: 0 %
I0329 19:38:30.598773 618071 Coordinator.h:126] commit: 97 abort: 131903 (0/131903/0), network size: 0, avg network size: 0, si_in_serializable: 0 0 %, local: 0 %
I0329 19:38:31.598884 618071 Coordinator.h:126] commit: 99 abort: 131901 (0/131901/0), network size: 0, avg network size: 0, si_in_serializable: 0 0 %, local: 0 %
I0329 19:38:32.599009 618071 Coordinator.h:126] commit: 116 abort: 131884 (0/131884/0), network size: 0, avg network size: 0, si_in_serializable: 0 0 %, local: 0 %
I0329 19:38:33.599155 618071 Coordinator.h:126] commit: 98 abort: 131902 (0/131902/0), network size: 0, avg network size: 0, si_in_serializable: 0 0 %, local: 0 %
I0329 19:38:34.599277 618071 Coordinator.h:126] commit: 94 abort: 128906 (0/128906/0), network size: 0, avg network size: 0, si_in_serializable: 0 0 %, local: 0 %
I0329 19:38:35.599390 618071 Coordinator.h:126] commit: 90 abort: 131910 (0/131910/0), network size: 0, avg network size: 0, si_in_serializable: 0 0 %, local: 0 %
I0329 19:38:36.599505 618071 Coordinator.h:126] commit: 110 abort: 131890 (0/131890/0), network size: 0, avg network size: 0, si_in_serializable: 0 0 %, local: 0 %
I0329 19:38:37.599655 618071 Coordinator.h:126] commit: 105 abort: 131895 (0/131895/0), network size: 0, avg network size: 0, si_in_serializable: 0 0 %, local: 0 %
I0329 19:38:38.599853 618071 Coordinator.h:126] commit: 91 abort: 131909 (0/131909/0), network size: 0, avg network size: 0, si_in_serializable: 0 0 %, local: 0 %
I0329 19:38:39.599982 618071 Coordinator.h:126] commit: 95 abort: 131905 (0/131905/0), network size: 0, avg network size: 0, si_in_serializable: 0 0 %, local: 0 %
I0329 19:38:40.600090 618071 Coordinator.h:126] commit: 104 abort: 128896 (0/128896/0), network size: 0, avg network size: 0, si_in_serializable: 0 0 %, local: 0 %
I0329 19:38:41.600214 618071 Coordinator.h:126] commit: 86 abort: 131914 (0/131914/0), network size: 0, avg network size: 0, si_in_serializable: 0 0 %, local: 0 %
I0329 19:38:42.600363 618071 Coordinator.h:126] commit: 90 abort: 131910 (0/131910/0), network size: 0, avg network size: 0, si_in_serializable: 0 0 %, local: 0 %
I0329 19:38:43.600477 618071 Coordinator.h:126] commit: 95 abort: 131905 (0/131905/0), network size: 0, avg network size: 0, si_in_serializable: 0 0 %, local: 0 %
I0329 19:38:44.600594 618071 Coordinator.h:126] commit: 98 abort: 131902 (0/131902/0), network size: 0, avg network size: 0, si_in_serializable: 0 0 %, local: 0 %
I0329 19:38:45.600708 618071 Coordinator.h:126] commit: 91 abort: 131909 (0/131909/0), network size: 0, avg network size: 0, si_in_serializable: 0 0 %, local: 0 %
I0329 19:38:46.600836 618071 Coordinator.h:126] commit: 95 abort: 128905 (0/128905/0), network size: 0, avg network size: 0, si_in_serializable: 0 0 %, local: 0 %
I0329 19:38:46.600891 618071 Coordinator.h:152] average commit: 98.9 abort: 131301 (0/131301/0), network size: 0, avg network size: 0, si_in_serializable: 0 0 %, local: 0 %
I0329 19:38:46.600934 618071 AriaExecutor.h:535] Worker 0 latency: 22755 us (50%) 22825 us (75%) 23096 us (95%) 23829 us (99%).
I0329 19:38:46.603806 618104 AriaExecutor.h:94] AriaExecutor 5 exits. 
I0329 19:38:46.603806 618110 AriaExecutor.h:94] AriaExecutor 11 exits. 
I0329 19:38:46.603806 618109 AriaExecutor.h:94] AriaExecutor 10 exits. 
I0329 19:38:46.603806 618105 AriaExecutor.h:94] AriaExecutor 6 exits. 
I0329 19:38:46.603806 618100 AriaExecutor.h:94] AriaExecutor 1 exits. 
I0329 19:38:46.603806 618108 AriaExecutor.h:94] AriaExecutor 9 exits. 
I0329 19:38:46.603806 618101 AriaExecutor.h:94] AriaExecutor 2 exits. 
I0329 19:38:46.603806 618107 AriaExecutor.h:94] AriaExecutor 8 exits. 
I0329 19:38:46.603806 618102 AriaExecutor.h:94] AriaExecutor 3 exits. 
I0329 19:38:46.603806 618103 AriaExecutor.h:94] AriaExecutor 4 exits. 
I0329 19:38:46.603806 618099 AriaExecutor.h:94] AriaExecutor 0 exits. 
I0329 19:38:46.603829 618111 Manager.h:227] Manager(worker id = 12) on the coordinator node exits.
I0329 19:38:46.603806 618106 AriaExecutor.h:94] AriaExecutor 7 exits. 
I0329 19:38:46.604082 618071 AriaExecutor.h:535] Worker 1 latency: 22744 us (50%) 22807 us (75%) 23074 us (95%) 23739 us (99%).
I0329 19:38:46.604171 618071 AriaExecutor.h:535] Worker 2 latency: 22760 us (50%) 22830 us (75%) 23095 us (95%) 24116 us (99%).
I0329 19:38:46.604212 618071 AriaExecutor.h:535] Worker 3 latency: 22751 us (50%) 22833 us (75%) 23218 us (95%) 24455 us (99%).
I0329 19:38:46.604251 618071 AriaExecutor.h:535] Worker 4 latency: 22724 us (50%) 22808 us (75%) 23000 us (95%) 24111 us (99%).
I0329 19:38:46.604341 618071 AriaExecutor.h:535] Worker 5 latency: 22714 us (50%) 22802 us (75%) 22976 us (95%) 23173 us (99%).
I0329 19:38:46.604403 618071 AriaExecutor.h:535] Worker 6 latency: 22735 us (50%) 22809 us (75%) 23229 us (95%) 29487 us (99%).
I0329 19:38:46.604460 618071 AriaExecutor.h:535] Worker 7 latency: 22703 us (50%) 22781 us (75%) 22907 us (95%) 23023 us (99%).
I0329 19:38:46.604516 618071 AriaExecutor.h:535] Worker 8 latency: 22726 us (50%) 22804 us (75%) 22930 us (95%) 23526 us (99%).
I0329 19:38:46.604573 618071 AriaExecutor.h:535] Worker 9 latency: 22751 us (50%) 22863 us (75%) 23291 us (95%) 24626 us (99%).
I0329 19:38:46.604622 618071 AriaExecutor.h:535] Worker 10 latency: 22699 us (50%) 22739 us (75%) 22902 us (95%) 23163 us (99%).
I0329 19:38:46.604673 618071 AriaExecutor.h:535] Worker 11 latency: 22637 us (50%) 22737 us (75%) 22953 us (95%) 23098 us (99%).
I0329 19:38:46.604750 618071 Coordinator.h:177] total commit: 98.9
I0329 19:38:47.604980 618071 Coordinator.h:192] Coordinator exits.
