I0329 19:38:47.855261 618302 Database.h:65] ycsb initialization finished in 99 milliseconds.
I0329 19:38:47.855489 618302 Coordinator.h:30] Coordinator initializes 12 workers.
I0329 19:38:47.962913 618302 Coordinator.h:77] Coordinator starts to run 13 workers.
I0329 19:38:47.962992 618318 AriaExecutor.h:82] AriaExecutor 0 started. 
I0329 19:38:47.963030 618319 AriaExecutor.h:82] AriaExecutor 1 started. 
I0329 19:38:47.963100 618320 AriaExecutor.h:82] AriaExecutor 2 started. 
I0329 19:38:47.963165 618321 AriaExecutor.h:82] AriaExecutor 3 started. 
I0329 19:38:47.963240 618322 AriaExecutor.h:82] AriaExecutor 4 started. 
I0329 19:38:47.963315 618323 AriaExecutor.h:82] AriaExecutor 5 started. 
I0329 19:38:47.963397 618324 AriaExecutor.h:82] AriaExecutor 6 started. 
I0329 19:38:47.963457 618325 AriaExecutor.h:82] AriaExecutor 7 started. 
I0329 19:38:47.963536 618326 AriaExecutor.h:82] AriaExecutor 8 started. 
I0329 19:38:47.963594 618327 AriaExecutor.h:82] AriaExecutor 9 started. 
I0329 19:38:47.963716 618329 AriaExecutor.h:82] AriaExecutor 11 started. 
I0329 19:38:47.963757 618328 AriaExecutor.h:82] AriaExecutor 10 started. 
I0329 19:38:47.963855 618330 Manager.h:224] Manager(worker id = 12) on the coordinator node started.
I0329 19:38:48.963835 618302 Coordinator.h:126] commit: 73 abort: 127927 (0/127927/0), network size: 0, avg network size: 0, si_in_serializable: 0 0 %, local: 0 %
I0329 19:38:49.964008 618302 Coordinator.h:126] commit: 78 abort: 131922 (0/131922/0), network size: 0, avg network size: 0, si_in_serializable: 0 0 %, local: 0 %
I0329 19:38:50.964219 618302 Coordinator.h:126] commit: 74 abort: 131926 (0/131926/0), network size: 0, avg network size: 0, si_in_serializable: 0 0 %, local: 0 %
I0329 19:38:51.964406 618302 Coordinator.h:126] commit: 68 abort: 131932 (0/131932/0), network size: 0, avg network size: 0, si_in_serializable: 0 0 %, local: 0 %
I0329 19:38:52.964557 618302 Coordinator.h:126] commit: 72 abort: 131928 (0/131928/0), network size: 0, avg network size: 0, si_in_serializable: 0 0 %, local: 0 %
I0329 19:38:53.964715 618302 Coordinator.h:126] commit: 79 abort: 131921 (0/131921/0), network size: 0, avg network size: 0, si_in_serializable: 0 0 %, local: 0 %
I0329 19:38:54.964864 618302 Coordinator.h:126] commit: 80 abort: 131920 (0/131920/0), network size: 0, avg network size: 0, si_in_serializable: 0 0 %, local: 0 %
I0329 19:38:55.965075 618302 Coordinator.h:126] commit: 67 abort: 131933 (0/131933/0), network size: 0, avg network size: 0, si_in_serializable: 0 0 %, local: 0 %
I0329 19:38:56.965250 618302 Coordinator.h:126] commit: 71 abort: 131929 (0/131929/0), network size: 0, avg network size: 0, si_in_serializable: 0 0 %, local: 0 %
I0329 19:38:57.965399 618302 Coordinator.h:126] commit: 66 abort: 131934 (0/131934/0), network size: 0, avg network size: 0, si_in_serializable: 0 0 %, local: 0 %
I0329 19:38:58.965606 618302 Coordinator.h:126] commit: 61 abort: 131939 (0/131939/0), network size: 0, avg network size: 0, si_in_serializable: 0 0 %, local: 0 %
I0329 19:38:59.965776 618302 Coordinator.h:126] commit: 71 abort: 131929 (0/131929/0), network size: 0, avg network size: 0, si_in_serializable: 0 0 %, local: 0 %
I0329 19:39:00.965929 618302 Coordinator.h:126] commit: 82 abort: 131918 (0/131918/0), network size: 0, avg network size: 0, si_in_serializable: 0 0 %, local: 0 %
I0329 19:39:01.966082 618302 Coordinator.h:126] commit: 78 abort: 131922 (0/131922/0), network size: 0, avg network size: 0, si_in_serializable: 0 0 %, local: 0 %
I0329 19:39:02.966298 618302 Coordinator.h:126] commit: 71 abort: 131929 (0/131929/0), network size: 0, avg network size: 0, si_in_serializable: 0 0 %, local: 0 %
I0329 19:39:03.966470 618302 Coordinator.h:126] commit: 72 abort: 131928 (0/131928/0), network size: 0, avg network size: 0, si_in_serializable: 0 0 %, local: 0 %
I0329 19:39:04.966612 618302 Coordinator.h:126] commit: 69 abort: 131931 (0/131931/0), network size: 0, avg network size: 0, si_in_serializable: 0 0 %, local: 0 %
I0329 19:39:05.966761 618302 Coordinator.h:126] commit: 63 abort: 135937 (0/135937/0), network size: 0, avg network size: 0, si_in_serializable: 0 0 %, local: 0 %
I0329 19:39:06.966904 618302 Coordinator.h:126] commit: 72 abort: 131928 (0/131928/0), network size: 0, avg network size: 0, si_in_serializable: 0 0 %, local: 0 %
I0329 19:39:07.967103 618302 Coordinator.h:126] commit: 80 abort: 131920 (0/131920/0), network size: 0, avg network size: 0, si_in_serializable: 0 0 %, local: 0 %
I0329 19:39:08.967268 618302 Coordinator.h:126] commit: 69 abort: 131931 (0/131931/0), network size: 0, avg network size: 0, si_in_serializable: 0 0 %, local: 0 %
I0329 19:39:09.967414 618302 Coordinator.h:126] commit: 72 abort: 131928 (0/131928/0), network size: 0, avg network size: 0, si_in_serializable: 0 0 %, local: 0 %
I0329 19:39:10.967569 618302 Coordinator.h:126] commit: 64 abort: 131936 (0/131936/0), network size: 0, avg network size: 0, si_in_serializable: 0 0 %, local: 0 %
I0329 19:39:11.967723 618302 Coordinator.h:126] commit: 84 abort: 131916 (0/131916/0), network size: 0, avg network size: 0, si_in_serializable: 0 0 %, local: 0 %
I0329 19:39:12.967883 618302 Coordinator.h:126] commit: 81 abort: 135696 (0/135696/0), network size: 0, avg network size: 0, si_in_serializable: 0 0 %, local: 0 %
I0329 19:39:12.967952 618302 Coordinator.h:152] average commit: 71.9 abort: 132328 (0/132328/0), network size: 0, avg network size: 0, si_in_serializable: 0 0 %, local: 0 %
I0329 19:39:12.967998 618302 AriaExecutor.h:535] Worker 0 latency: 30134 us (50%) 30215 us (75%) 30481 us (95%) 32502 us (99%).
I0329 19:39:12.998028 618319 AriaExecutor.h:94] AriaExecutor 1 exits. 
I0329 19:39:12.998028 618326 AriaExecutor.h:94] AriaExecutor 8 exits. 
I0329 19:39:12.998028 618327 AriaExecutor.h:94] AriaExecutor 9 exits. 
I0329 19:39:12.998028 618321 AriaExecutor.h:94] AriaExecutor 3 exits. 
I0329 19:39:12.998028 618324 AriaExecutor.h:94] AriaExecutor 6 exits. 
I0329 19:39:12.998028 618329 AriaExecutor.h:94] AriaExecutor 11 exits. 
I0329 19:39:12.998028 618328 AriaExecutor.h:94] AriaExecutor 10 exits. 
I0329 19:39:12.998028 618330 Manager.h:227] Manager(worker id = 12) on the coordinator node exits.
I0329 19:39:12.998028 618318 AriaExecutor.h:94] AriaExecutor 0 exits. 
I0329 19:39:12.998028 618325 AriaExecutor.h:94] AriaExecutor 7 exits. 
I0329 19:39:12.998028 618320 AriaExecutor.h:94] AriaExecutor 2 exits. 
I0329 19:39:12.998028 618323 AriaExecutor.h:94] AriaExecutor 5 exits. 
I0329 19:39:12.998028 618322 AriaExecutor.h:94] AriaExecutor 4 exits. 
I0329 19:39:12.998284 618302 AriaExecutor.h:535] Worker 1 latency: 30130 us (50%) 30212 us (75%) 30507 us (95%) 37403 us (99%).
I0329 19:39:12.998353 618302 AriaExecutor.h:535] Worker 2 latency: 30117 us (50%) 30210 us (75%) 30643 us (95%) 34242 us (99%).
I0329 19:39:12.998389 618302 AriaExecutor.h:535] Worker 3 latency: 30118 us (50%) 30216 us (75%) 30535 us (95%) 38264 us (99%).
I0329 19:39:12.998416 618302 AriaExecutor.h:535] Worker 4 latency: 30107 us (50%) 30213 us (75%) 30883 us (95%) 37396 us (99%).
I0329 19:39:12.998493 618302 AriaExecutor.h:535] Worker 5 latency: 30134 us (50%) 30223 us (75%) 30551 us (95%) 31132 us (99%).
I0329 19:39:12.998554 618302 AriaExecutor.h:535] Worker 6 latency: 30120 us (50%) 30188 us (75%) 30691 us (95%) 36566 us (99%).
I0329 19:39:12.998605 618302 AriaExecutor.h:535] Worker 7 latency: 30111 us (50%) 30164 us (75%) 30263 us (95%) 30265 us (99%).
I0329 19:39:12.998653 618302 AriaExecutor.h:535] Worker 8 latency: 30132 us (50%) 30221 us (75%) 30693 us (95%) 37170 us (99%).
I0329 19:39:12.998701 618302 AriaExecutor.h:535] Worker 9 latency: 30077 us (50%) 30146 us (75%) 30457 us (95%) 33970 us (99%).
I0329 19:39:12.998754 618302 AriaExecutor.h:535] Worker 10 latency: 30056 us (50%) 30179 us (75%) 30304 us (95%) 30370 us (99%).
I0329 19:39:12.998808 618302 AriaExecutor.h:535] Worker 11 latency: 30100 us (50%) 30209 us (75%) 31105 us (95%) 31136 us (99%).
I0329 19:39:12.998884 618302 Coordinator.h:177] total commit: 71.9
I0329 19:39:13.999090 618302 Coordinator.h:192] Coordinator exits.
