I0331 01:31:29.082908 856974 Database.h:65] ycsb initialization finished in 99 milliseconds.
I0331 01:31:29.083137 856974 Coordinator.h:30] Coordinator initializes 12 workers.
I0331 01:31:29.238783 856974 Coordinator.h:77] Coordinator starts to run 13 workers.
I0331 01:31:29.238914 856990 AriaExecutor.h:82] AriaExecutor 0 started. 
I0331 01:31:29.238965 856991 AriaExecutor.h:82] AriaExecutor 1 started. 
I0331 01:31:29.239078 856992 AriaExecutor.h:82] AriaExecutor 2 started. 
I0331 01:31:29.239208 856993 AriaExecutor.h:82] AriaExecutor 3 started. 
I0331 01:31:29.239243 856994 AriaExecutor.h:82] AriaExecutor 4 started. 
I0331 01:31:29.239367 856995 AriaExecutor.h:82] AriaExecutor 5 started. 
I0331 01:31:29.239395 856996 AriaExecutor.h:82] AriaExecutor 6 started. 
I0331 01:31:29.239511 856997 AriaExecutor.h:82] AriaExecutor 7 started. 
I0331 01:31:29.239547 856998 AriaExecutor.h:82] AriaExecutor 8 started. 
I0331 01:31:29.239658 856999 AriaExecutor.h:82] AriaExecutor 9 started. 
I0331 01:31:29.239705 857000 AriaExecutor.h:82] AriaExecutor 10 started. 
I0331 01:31:29.239805 857001 AriaExecutor.h:82] AriaExecutor 11 started. 
I0331 01:31:29.239853 857002 Manager.h:224] Manager(worker id = 12) on the coordinator node started.
I0331 01:31:30.239895 856974 Coordinator.h:126] commit: 4962 abort: 79038 (0/79038/0), network size: 0, avg network size: 0, si_in_serializable: 0 0 %, local: 0 %
I0331 01:31:31.240062 856974 Coordinator.h:126] commit: 5878 abort: 96122 (0/96122/0), network size: 0, avg network size: 0, si_in_serializable: 0 0 %, local: 0 %
I0331 01:31:32.240326 856974 Coordinator.h:126] commit: 6674 abort: 107326 (0/107326/0), network size: 0, avg network size: 0, si_in_serializable: 0 0 %, local: 0 %
I0331 01:31:33.240499 856974 Coordinator.h:126] commit: 6381 abort: 101619 (0/101619/0), network size: 0, avg network size: 0, si_in_serializable: 0 0 %, local: 0 %
I0331 01:31:34.240618 856974 Coordinator.h:126] commit: 6656 abort: 107344 (0/107344/0), network size: 0, avg network size: 0, si_in_serializable: 0 0 %, local: 0 %
I0331 01:31:35.240736 856974 Coordinator.h:126] commit: 6701 abort: 107299 (0/107299/0), network size: 0, avg network size: 0, si_in_serializable: 0 0 %, local: 0 %
I0331 01:31:36.240870 856974 Coordinator.h:126] commit: 6666 abort: 107334 (0/107334/0), network size: 0, avg network size: 0, si_in_serializable: 0 0 %, local: 0 %
I0331 01:31:37.241106 856974 Coordinator.h:126] commit: 6334 abort: 101666 (0/101666/0), network size: 0, avg network size: 0, si_in_serializable: 0 0 %, local: 0 %
I0331 01:31:38.241283 856974 Coordinator.h:126] commit: 6718 abort: 107282 (0/107282/0), network size: 0, avg network size: 0, si_in_serializable: 0 0 %, local: 0 %
I0331 01:31:39.241433 856974 Coordinator.h:126] commit: 6688 abort: 107312 (0/107312/0), network size: 0, avg network size: 0, si_in_serializable: 0 0 %, local: 0 %
I0331 01:31:40.241575 856974 Coordinator.h:126] commit: 6661 abort: 107339 (0/107339/0), network size: 0, avg network size: 0, si_in_serializable: 0 0 %, local: 0 %
I0331 01:31:41.241714 856974 Coordinator.h:126] commit: 6369 abort: 101631 (0/101631/0), network size: 0, avg network size: 0, si_in_serializable: 0 0 %, local: 0 %
I0331 01:31:42.241865 856974 Coordinator.h:126] commit: 6685 abort: 107315 (0/107315/0), network size: 0, avg network size: 0, si_in_serializable: 0 0 %, local: 0 %
I0331 01:31:43.242023 856974 Coordinator.h:126] commit: 6729 abort: 107271 (0/107271/0), network size: 0, avg network size: 0, si_in_serializable: 0 0 %, local: 0 %
I0331 01:31:44.242163 856974 Coordinator.h:126] commit: 6290 abort: 101710 (0/101710/0), network size: 0, avg network size: 0, si_in_serializable: 0 0 %, local: 0 %
I0331 01:31:45.242288 856974 Coordinator.h:126] commit: 6705 abort: 107295 (0/107295/0), network size: 0, avg network size: 0, si_in_serializable: 0 0 %, local: 0 %
I0331 01:31:46.242426 856974 Coordinator.h:126] commit: 6701 abort: 107299 (0/107299/0), network size: 0, avg network size: 0, si_in_serializable: 0 0 %, local: 0 %
I0331 01:31:47.242576 856974 Coordinator.h:126] commit: 6695 abort: 107305 (0/107305/0), network size: 0, avg network size: 0, si_in_serializable: 0 0 %, local: 0 %
I0331 01:31:48.242806 856974 Coordinator.h:126] commit: 6384 abort: 101616 (0/101616/0), network size: 0, avg network size: 0, si_in_serializable: 0 0 %, local: 0 %
I0331 01:31:49.242987 856974 Coordinator.h:126] commit: 6710 abort: 107290 (0/107290/0), network size: 0, avg network size: 0, si_in_serializable: 0 0 %, local: 0 %
I0331 01:31:50.243135 856974 Coordinator.h:126] commit: 6724 abort: 107276 (0/107276/0), network size: 0, avg network size: 0, si_in_serializable: 0 0 %, local: 0 %
I0331 01:31:51.243278 856974 Coordinator.h:126] commit: 6649 abort: 107351 (0/107351/0), network size: 0, avg network size: 0, si_in_serializable: 0 0 %, local: 0 %
I0331 01:31:52.243427 856974 Coordinator.h:126] commit: 6650 abort: 107350 (0/107350/0), network size: 0, avg network size: 0, si_in_serializable: 0 0 %, local: 0 %
I0331 01:31:53.243584 856974 Coordinator.h:126] commit: 6363 abort: 101637 (0/101637/0), network size: 0, avg network size: 0, si_in_serializable: 0 0 %, local: 0 %
I0331 01:31:54.243742 856974 Coordinator.h:126] commit: 6754 abort: 107246 (0/107246/0), network size: 0, avg network size: 0, si_in_serializable: 0 0 %, local: 0 %
I0331 01:31:54.243798 856974 Coordinator.h:152] average commit: 6592.9 abort: 105607 (0/105607/0), network size: 0, avg network size: 0, si_in_serializable: 0 0 %, local: 0 %
I0331 01:31:54.243844 856974 AriaExecutor.h:535] Worker 0 latency: 52142 us (50%) 52679 us (75%) 56223 us (95%) 65991 us (99%).
I0331 01:31:54.265288 856990 AriaExecutor.h:94] AriaExecutor 0 exits. 
I0331 01:31:54.265288 856999 AriaExecutor.h:94] AriaExecutor 9 exits. 
I0331 01:31:54.265288 856996 AriaExecutor.h:94] AriaExecutor 6 exits. 
I0331 01:31:54.265288 856992 AriaExecutor.h:94] AriaExecutor 2 exits. 
I0331 01:31:54.265297 856994 AriaExecutor.h:94] AriaExecutor 4 exits. 
I0331 01:31:54.265297 857001 AriaExecutor.h:94] AriaExecutor 11 exits. 
I0331 01:31:54.265300 856997 AriaExecutor.h:94] AriaExecutor 7 exits. 
I0331 01:31:54.265288 856993 AriaExecutor.h:94] AriaExecutor 3 exits. 
I0331 01:31:54.265304 857002 Manager.h:227] Manager(worker id = 12) on the coordinator node exits.
I0331 01:31:54.265288 856995 AriaExecutor.h:94] AriaExecutor 5 exits. 
I0331 01:31:54.265296 857000 AriaExecutor.h:94] AriaExecutor 10 exits. 
I0331 01:31:54.265288 856998 AriaExecutor.h:94] AriaExecutor 8 exits. 
I0331 01:31:54.265300 856991 AriaExecutor.h:94] AriaExecutor 1 exits. 
I0331 01:31:54.265594 856974 AriaExecutor.h:535] Worker 1 latency: 52141 us (50%) 52678 us (75%) 56258 us (95%) 66045 us (99%).
I0331 01:31:54.267809 856974 AriaExecutor.h:535] Worker 2 latency: 52145 us (50%) 52676 us (75%) 56205 us (95%) 66019 us (99%).
I0331 01:31:54.270052 856974 AriaExecutor.h:535] Worker 3 latency: 52146 us (50%) 52680 us (75%) 56216 us (95%) 65970 us (99%).
I0331 01:31:54.272117 856974 AriaExecutor.h:535] Worker 4 latency: 52126 us (50%) 52671 us (75%) 56292 us (95%) 66094 us (99%).
I0331 01:31:54.274298 856974 AriaExecutor.h:535] Worker 5 latency: 52149 us (50%) 52682 us (75%) 56255 us (95%) 66008 us (99%).
I0331 01:31:54.276327 856974 AriaExecutor.h:535] Worker 6 latency: 52126 us (50%) 52676 us (75%) 56398 us (95%) 66044 us (99%).
I0331 01:31:54.278471 856974 AriaExecutor.h:535] Worker 7 latency: 52147 us (50%) 52678 us (75%) 56301 us (95%) 65955 us (99%).
I0331 01:31:54.280144 856974 AriaExecutor.h:535] Worker 8 latency: 52148 us (50%) 52677 us (75%) 56310 us (95%) 65991 us (99%).
I0331 01:31:54.281388 856974 AriaExecutor.h:535] Worker 9 latency: 52158 us (50%) 52688 us (75%) 56269 us (95%) 65970 us (99%).
I0331 01:31:54.282646 856974 AriaExecutor.h:535] Worker 10 latency: 52133 us (50%) 52674 us (75%) 56247 us (95%) 66014 us (99%).
I0331 01:31:54.283933 856974 AriaExecutor.h:535] Worker 11 latency: 52138 us (50%) 52677 us (75%) 56261 us (95%) 66006 us (99%).
I0331 01:31:54.285233 856974 Coordinator.h:177] total commit: 6592.9
I0331 01:31:55.285462 856974 Coordinator.h:192] Coordinator exits.
