I0331 01:32:22.063571 857418 Database.h:65] ycsb initialization finished in 99 milliseconds.
I0331 01:32:22.063781 857418 Coordinator.h:30] Coordinator initializes 12 workers.
I0331 01:32:22.263761 857418 Coordinator.h:77] Coordinator starts to run 13 workers.
I0331 01:32:22.263876 857440 AriaExecutor.h:82] AriaExecutor 0 started. 
I0331 01:32:22.263926 857441 AriaExecutor.h:82] AriaExecutor 1 started. 
I0331 01:32:22.264040 857442 AriaExecutor.h:82] AriaExecutor 2 started. 
I0331 01:32:22.264107 857443 AriaExecutor.h:82] AriaExecutor 3 started. 
I0331 01:32:22.264190 857444 AriaExecutor.h:82] AriaExecutor 4 started. 
I0331 01:32:22.264223 857445 AriaExecutor.h:82] AriaExecutor 5 started. 
I0331 01:32:22.264389 857446 AriaExecutor.h:82] AriaExecutor 6 started. 
I0331 01:32:22.264406 857447 AriaExecutor.h:82] AriaExecutor 7 started. 
I0331 01:32:22.264526 857448 AriaExecutor.h:82] AriaExecutor 8 started. 
I0331 01:32:22.264647 857449 AriaExecutor.h:82] AriaExecutor 9 started. 
I0331 01:32:22.264705 857450 AriaExecutor.h:82] AriaExecutor 10 started. 
I0331 01:32:22.264791 857451 AriaExecutor.h:82] AriaExecutor 11 started. 
I0331 01:32:22.264863 857452 Manager.h:224] Manager(worker id = 12) on the coordinator node started.
I0331 01:32:23.264909 857418 Coordinator.h:126] commit: 3944 abort: 84056 (0/84056/0), network size: 0, avg network size: 0, si_in_serializable: 0 0 %, local: 0 %
I0331 01:32:24.265077 857418 Coordinator.h:126] commit: 3866 abort: 84134 (0/84134/0), network size: 0, avg network size: 0, si_in_serializable: 0 0 %, local: 0 %
I0331 01:32:25.265300 857418 Coordinator.h:126] commit: 5063 abort: 106937 (0/106937/0), network size: 0, avg network size: 0, si_in_serializable: 0 0 %, local: 0 %
I0331 01:32:26.265473 857418 Coordinator.h:126] commit: 4873 abort: 107127 (0/107127/0), network size: 0, avg network size: 0, si_in_serializable: 0 0 %, local: 0 %
I0331 01:32:27.265631 857418 Coordinator.h:126] commit: 4975 abort: 107025 (0/107025/0), network size: 0, avg network size: 0, si_in_serializable: 0 0 %, local: 0 %
I0331 01:32:28.265770 857418 Coordinator.h:126] commit: 5184 abort: 107254 (0/107254/0), network size: 0, avg network size: 0, si_in_serializable: 0 0 %, local: 0 %
I0331 01:32:29.265914 857418 Coordinator.h:126] commit: 5029 abort: 114532 (0/114532/0), network size: 0, avg network size: 0, si_in_serializable: 0 0 %, local: 0 %
I0331 01:32:30.266130 857418 Coordinator.h:126] commit: 4914 abort: 107086 (0/107086/0), network size: 0, avg network size: 0, si_in_serializable: 0 0 %, local: 0 %
I0331 01:32:31.266307 857418 Coordinator.h:126] commit: 4898 abort: 107102 (0/107102/0), network size: 0, avg network size: 0, si_in_serializable: 0 0 %, local: 0 %
I0331 01:32:32.266453 857418 Coordinator.h:126] commit: 4946 abort: 107054 (0/107054/0), network size: 0, avg network size: 0, si_in_serializable: 0 0 %, local: 0 %
I0331 01:32:33.266584 857418 Coordinator.h:126] commit: 4983 abort: 107017 (0/107017/0), network size: 0, avg network size: 0, si_in_serializable: 0 0 %, local: 0 %
I0331 01:32:34.266713 857418 Coordinator.h:126] commit: 5257 abort: 114743 (0/114743/0), network size: 0, avg network size: 0, si_in_serializable: 0 0 %, local: 0 %
I0331 01:32:35.266853 857418 Coordinator.h:126] commit: 4893 abort: 107107 (0/107107/0), network size: 0, avg network size: 0, si_in_serializable: 0 0 %, local: 0 %
I0331 01:32:36.267010 857418 Coordinator.h:126] commit: 5045 abort: 106955 (0/106955/0), network size: 0, avg network size: 0, si_in_serializable: 0 0 %, local: 0 %
I0331 01:32:37.267217 857418 Coordinator.h:126] commit: 5047 abort: 106953 (0/106953/0), network size: 0, avg network size: 0, si_in_serializable: 0 0 %, local: 0 %
I0331 01:32:38.267374 857418 Coordinator.h:126] commit: 4963 abort: 107037 (0/107037/0), network size: 0, avg network size: 0, si_in_serializable: 0 0 %, local: 0 %
I0331 01:32:39.267503 857418 Coordinator.h:126] commit: 4915 abort: 107085 (0/107085/0), network size: 0, avg network size: 0, si_in_serializable: 0 0 %, local: 0 %
I0331 01:32:40.267637 857418 Coordinator.h:126] commit: 5322 abort: 114678 (0/114678/0), network size: 0, avg network size: 0, si_in_serializable: 0 0 %, local: 0 %
I0331 01:32:41.267807 857418 Coordinator.h:126] commit: 4921 abort: 107079 (0/107079/0), network size: 0, avg network size: 0, si_in_serializable: 0 0 %, local: 0 %
I0331 01:32:42.267968 857418 Coordinator.h:126] commit: 4924 abort: 107076 (0/107076/0), network size: 0, avg network size: 0, si_in_serializable: 0 0 %, local: 0 %
I0331 01:32:43.268105 857418 Coordinator.h:126] commit: 4947 abort: 107053 (0/107053/0), network size: 0, avg network size: 0, si_in_serializable: 0 0 %, local: 0 %
I0331 01:32:44.268229 857418 Coordinator.h:126] commit: 4897 abort: 107103 (0/107103/0), network size: 0, avg network size: 0, si_in_serializable: 0 0 %, local: 0 %
I0331 01:32:45.268373 857418 Coordinator.h:126] commit: 4888 abort: 107112 (0/107112/0), network size: 0, avg network size: 0, si_in_serializable: 0 0 %, local: 0 %
I0331 01:32:46.268529 857418 Coordinator.h:126] commit: 5292 abort: 114708 (0/114708/0), network size: 0, avg network size: 0, si_in_serializable: 0 0 %, local: 0 %
I0331 01:32:47.268692 857418 Coordinator.h:126] commit: 4973 abort: 107027 (0/107027/0), network size: 0, avg network size: 0, si_in_serializable: 0 0 %, local: 0 %
I0331 01:32:47.268751 857418 Coordinator.h:152] average commit: 5027 abort: 108573 (0/108573/0), network size: 0, avg network size: 0, si_in_serializable: 0 0 %, local: 0 %
I0331 01:32:47.268796 857418 AriaExecutor.h:535] Worker 0 latency: 69316 us (50%) 69858 us (75%) 81850 us (95%) 87885 us (99%).
I0331 01:32:47.314570 857446 AriaExecutor.h:94] AriaExecutor 6 exits. 
I0331 01:32:47.314592 857441 AriaExecutor.h:94] AriaExecutor 1 exits. 
I0331 01:32:47.314579 857450 AriaExecutor.h:94] AriaExecutor 10 exits. 
I0331 01:32:47.314585 857448 AriaExecutor.h:94] AriaExecutor 8 exits. 
I0331 01:32:47.314570 857445 AriaExecutor.h:94] AriaExecutor 5 exits. 
I0331 01:32:47.314594 857443 AriaExecutor.h:94] AriaExecutor 3 exits. 
I0331 01:32:47.314570 857447 AriaExecutor.h:94] AriaExecutor 7 exits. 
I0331 01:32:47.314582 857444 AriaExecutor.h:94] AriaExecutor 4 exits. 
I0331 01:32:47.314570 857449 AriaExecutor.h:94] AriaExecutor 9 exits. 
I0331 01:32:47.314592 857452 Manager.h:227] Manager(worker id = 12) on the coordinator node exits.
I0331 01:32:47.314592 857451 AriaExecutor.h:94] AriaExecutor 11 exits. 
I0331 01:32:47.314570 857440 AriaExecutor.h:94] AriaExecutor 0 exits. 
I0331 01:32:47.314570 857442 AriaExecutor.h:94] AriaExecutor 2 exits. 
I0331 01:32:47.314844 857418 AriaExecutor.h:535] Worker 1 latency: 69314 us (50%) 69854 us (75%) 82170 us (95%) 87946 us (99%).
I0331 01:32:47.316320 857418 AriaExecutor.h:535] Worker 2 latency: 69313 us (50%) 69859 us (75%) 82000 us (95%) 87776 us (99%).
I0331 01:32:47.317768 857418 AriaExecutor.h:535] Worker 3 latency: 69325 us (50%) 69861 us (75%) 82227 us (95%) 88477 us (99%).
I0331 01:32:47.319214 857418 AriaExecutor.h:535] Worker 4 latency: 69313 us (50%) 69859 us (75%) 81873 us (95%) 87760 us (99%).
I0331 01:32:47.320744 857418 AriaExecutor.h:535] Worker 5 latency: 69305 us (50%) 69855 us (75%) 81810 us (95%) 87829 us (99%).
I0331 01:32:47.322227 857418 AriaExecutor.h:535] Worker 6 latency: 69303 us (50%) 69843 us (75%) 81615 us (95%) 87651 us (99%).
I0331 01:32:47.323700 857418 AriaExecutor.h:535] Worker 7 latency: 69304 us (50%) 69843 us (75%) 82042 us (95%) 87795 us (99%).
I0331 01:32:47.325209 857418 AriaExecutor.h:535] Worker 8 latency: 69312 us (50%) 69851 us (75%) 81780 us (95%) 87852 us (99%).
I0331 01:32:47.326685 857418 AriaExecutor.h:535] Worker 9 latency: 69324 us (50%) 69853 us (75%) 82097 us (95%) 87787 us (99%).
I0331 01:32:47.328159 857418 AriaExecutor.h:535] Worker 10 latency: 69313 us (50%) 69851 us (75%) 81901 us (95%) 87894 us (99%).
I0331 01:32:47.329406 857418 AriaExecutor.h:535] Worker 11 latency: 69319 us (50%) 69851 us (75%) 81895 us (95%) 87921 us (99%).
I0331 01:32:47.330338 857418 Coordinator.h:177] total commit: 5027
I0331 01:32:48.330538 857418 Coordinator.h:192] Coordinator exits.
