I0331 02:23:57.396863 878005 Database.h:65] ycsb initialization finished in 101 milliseconds.
I0331 02:23:57.397073 878005 Coordinator.h:30] Coordinator initializes 12 workers.
I0331 02:23:57.527189 878005 Coordinator.h:77] Coordinator starts to run 13 workers.
I0331 02:23:57.527280 878021 AriaExecutor.h:94] AriaExecutor 0 started. 
I0331 02:23:57.527336 878022 AriaExecutor.h:94] AriaExecutor 1 started. 
I0331 02:23:57.527452 878023 AriaExecutor.h:94] AriaExecutor 2 started. 
I0331 02:23:57.527580 878024 AriaExecutor.h:94] AriaExecutor 3 started. 
I0331 02:23:57.527698 878025 AriaExecutor.h:94] AriaExecutor 4 started. 
I0331 02:23:57.527732 878026 AriaExecutor.h:94] AriaExecutor 5 started. 
I0331 02:23:57.527837 878027 AriaExecutor.h:94] AriaExecutor 6 started. 
I0331 02:23:57.527875 878028 AriaExecutor.h:94] AriaExecutor 7 started. 
I0331 02:23:57.527976 878029 AriaExecutor.h:94] AriaExecutor 8 started. 
I0331 02:23:57.528033 878030 AriaExecutor.h:94] AriaExecutor 9 started. 
I0331 02:23:57.528129 878031 AriaExecutor.h:94] AriaExecutor 10 started. 
I0331 02:23:57.528290 878033 Manager.h:224] Manager(worker id = 12) on the coordinator node started.
I0331 02:23:57.528292 878032 AriaExecutor.h:94] AriaExecutor 11 started. 
I0331 02:23:58.528343 878005 Coordinator.h:126] commit: 5918 abort: 89082 (0/89082/0), network size: 0, avg network size: 0, si_in_serializable: 0 0 %, local: 0 %
I0331 02:23:59.528499 878005 Coordinator.h:126] commit: 6868 abort: 103132 (0/103132/0), network size: 0, avg network size: 0, si_in_serializable: 0 0 %, local: 0 %
I0331 02:24:00.528695 878005 Coordinator.h:126] commit: 7458 abort: 112542 (0/112542/0), network size: 0, avg network size: 0, si_in_serializable: 0 0 %, local: 0 %
I0331 02:24:01.528853 878005 Coordinator.h:126] commit: 7606 abort: 112394 (0/112394/0), network size: 0, avg network size: 0, si_in_serializable: 0 0 %, local: 0 %
I0331 02:24:02.529002 878005 Coordinator.h:126] commit: 7375 abort: 112625 (0/112625/0), network size: 0, avg network size: 0, si_in_serializable: 0 0 %, local: 0 %
I0331 02:24:03.529136 878005 Coordinator.h:126] commit: 7456 abort: 112544 (0/112544/0), network size: 0, avg network size: 0, si_in_serializable: 0 0 %, local: 0 %
I0331 02:24:04.529264 878005 Coordinator.h:126] commit: 7357 abort: 112643 (0/112643/0), network size: 0, avg network size: 0, si_in_serializable: 0 0 %, local: 0 %
I0331 02:24:05.529459 878005 Coordinator.h:126] commit: 7488 abort: 112512 (0/112512/0), network size: 0, avg network size: 0, si_in_serializable: 0 0 %, local: 0 %
I0331 02:24:06.529606 878005 Coordinator.h:126] commit: 7490 abort: 112510 (0/112510/0), network size: 0, avg network size: 0, si_in_serializable: 0 0 %, local: 0 %
I0331 02:24:07.529737 878005 Coordinator.h:126] commit: 7418 abort: 112582 (0/112582/0), network size: 0, avg network size: 0, si_in_serializable: 0 0 %, local: 0 %
I0331 02:24:08.529868 878005 Coordinator.h:126] commit: 7455 abort: 112545 (0/112545/0), network size: 0, avg network size: 0, si_in_serializable: 0 0 %, local: 0 %
I0331 02:24:09.529997 878005 Coordinator.h:126] commit: 7407 abort: 112593 (0/112593/0), network size: 0, avg network size: 0, si_in_serializable: 0 0 %, local: 0 %
I0331 02:24:10.530133 878005 Coordinator.h:126] commit: 7430 abort: 112570 (0/112570/0), network size: 0, avg network size: 0, si_in_serializable: 0 0 %, local: 0 %
I0331 02:24:11.530256 878005 Coordinator.h:126] commit: 7554 abort: 112446 (0/112446/0), network size: 0, avg network size: 0, si_in_serializable: 0 0 %, local: 0 %
I0331 02:24:12.530400 878005 Coordinator.h:126] commit: 7374 abort: 112626 (0/112626/0), network size: 0, avg network size: 0, si_in_serializable: 0 0 %, local: 0 %
I0331 02:24:13.530539 878005 Coordinator.h:126] commit: 7895 abort: 117105 (0/117105/0), network size: 0, avg network size: 0, si_in_serializable: 0 0 %, local: 0 %
I0331 02:24:14.530730 878005 Coordinator.h:126] commit: 7381 abort: 112619 (0/112619/0), network size: 0, avg network size: 0, si_in_serializable: 0 0 %, local: 0 %
I0331 02:24:15.530880 878005 Coordinator.h:126] commit: 7446 abort: 112554 (0/112554/0), network size: 0, avg network size: 0, si_in_serializable: 0 0 %, local: 0 %
I0331 02:24:16.531023 878005 Coordinator.h:126] commit: 7432 abort: 112568 (0/112568/0), network size: 0, avg network size: 0, si_in_serializable: 0 0 %, local: 0 %
I0331 02:24:17.531157 878005 Coordinator.h:126] commit: 7438 abort: 112562 (0/112562/0), network size: 0, avg network size: 0, si_in_serializable: 0 0 %, local: 0 %
I0331 02:24:18.531287 878005 Coordinator.h:126] commit: 7455 abort: 112545 (0/112545/0), network size: 0, avg network size: 0, si_in_serializable: 0 0 %, local: 0 %
I0331 02:24:19.531420 878005 Coordinator.h:126] commit: 7520 abort: 112480 (0/112480/0), network size: 0, avg network size: 0, si_in_serializable: 0 0 %, local: 0 %
I0331 02:24:20.531533 878005 Coordinator.h:126] commit: 7451 abort: 112549 (0/112549/0), network size: 0, avg network size: 0, si_in_serializable: 0 0 %, local: 0 %
I0331 02:24:21.531656 878005 Coordinator.h:126] commit: 7416 abort: 112584 (0/112584/0), network size: 0, avg network size: 0, si_in_serializable: 0 0 %, local: 0 %
I0331 02:24:22.531792 878005 Coordinator.h:126] commit: 7473 abort: 112527 (0/112527/0), network size: 0, avg network size: 0, si_in_serializable: 0 0 %, local: 0 %
I0331 02:24:22.531848 878005 Coordinator.h:152] average commit: 7481.2 abort: 113019 (0/113019/0), network size: 0, avg network size: 0, si_in_serializable: 0 0 %, local: 0 %
I0331 02:24:22.531893 878005 AriaExecutor.h:646] Worker 0 latency: 40419 us (50%) 40968 us (75%) 42575 us (95%) 50813 us (99%).
I0331 02:24:22.539690 878028 AriaExecutor.h:106] AriaExecutor 7 exits. 
I0331 02:24:22.539690 878030 AriaExecutor.h:106] AriaExecutor 9 exits. 
I0331 02:24:22.539696 878023 AriaExecutor.h:106] AriaExecutor 2 exits. 
I0331 02:24:22.539691 878033 Manager.h:227] Manager(worker id = 12) on the coordinator node exits.
I0331 02:24:22.539702 878031 AriaExecutor.h:106] AriaExecutor 10 exits. 
I0331 02:24:22.539695 878025 AriaExecutor.h:106] AriaExecutor 4 exits. 
I0331 02:24:22.539695 878024 AriaExecutor.h:106] AriaExecutor 3 exits. 
I0331 02:24:22.539696 878026 AriaExecutor.h:106] AriaExecutor 5 exits. 
I0331 02:24:22.539690 878021 AriaExecutor.h:106] AriaExecutor 0 exits. 
I0331 02:24:22.539710 878032 AriaExecutor.h:106] AriaExecutor 11 exits. 
I0331 02:24:22.539690 878027 AriaExecutor.h:106] AriaExecutor 6 exits. 
I0331 02:24:22.539693 878022 AriaExecutor.h:106] AriaExecutor 1 exits. 
I0331 02:24:22.539690 878029 AriaExecutor.h:106] AriaExecutor 8 exits. 
I0331 02:24:22.539969 878005 AriaExecutor.h:646] Worker 1 latency: 40429 us (50%) 40972 us (75%) 42615 us (95%) 50840 us (99%).
I0331 02:24:22.542434 878005 AriaExecutor.h:646] Worker 2 latency: 40433 us (50%) 40976 us (75%) 42769 us (95%) 50838 us (99%).
I0331 02:24:22.544728 878005 AriaExecutor.h:646] Worker 3 latency: 40403 us (50%) 40966 us (75%) 42573 us (95%) 50833 us (99%).
I0331 02:24:22.547024 878005 AriaExecutor.h:646] Worker 4 latency: 40406 us (50%) 40965 us (75%) 42595 us (95%) 50840 us (99%).
I0331 02:24:22.549350 878005 AriaExecutor.h:646] Worker 5 latency: 40435 us (50%) 40975 us (75%) 42731 us (95%) 50849 us (99%).
I0331 02:24:22.551608 878005 AriaExecutor.h:646] Worker 6 latency: 40415 us (50%) 40969 us (75%) 42687 us (95%) 50773 us (99%).
I0331 02:24:22.553921 878005 AriaExecutor.h:646] Worker 7 latency: 40408 us (50%) 40971 us (75%) 42638 us (95%) 50847 us (99%).
I0331 02:24:22.555374 878005 AriaExecutor.h:646] Worker 8 latency: 40409 us (50%) 40966 us (75%) 42513 us (95%) 50853 us (99%).
I0331 02:24:22.556824 878005 AriaExecutor.h:646] Worker 9 latency: 40408 us (50%) 40965 us (75%) 42727 us (95%) 50787 us (99%).
I0331 02:24:22.558251 878005 AriaExecutor.h:646] Worker 10 latency: 40417 us (50%) 40969 us (75%) 42652 us (95%) 50774 us (99%).
I0331 02:24:22.559793 878005 AriaExecutor.h:646] Worker 11 latency: 40407 us (50%) 40964 us (75%) 42623 us (95%) 50813 us (99%).
I0331 02:24:22.561247 878005 Coordinator.h:177] total commit: 7481.2
I0331 02:24:23.561453 878005 Coordinator.h:192] Coordinator exits.
