I0331 01:48:14.599426 864371 Database.h:65] ycsb initialization finished in 99 milliseconds.
I0331 01:48:14.599640 864371 Coordinator.h:30] Coordinator initializes 12 workers.
I0331 01:48:14.706709 864371 Coordinator.h:77] Coordinator starts to run 13 workers.
I0331 01:48:14.706835 864387 AriaExecutor.h:82] AriaExecutor 0 started. 
I0331 01:48:14.706858 864388 AriaExecutor.h:82] AriaExecutor 1 started. 
I0331 01:48:14.706990 864389 AriaExecutor.h:82] AriaExecutor 2 started. 
I0331 01:48:14.707114 864390 AriaExecutor.h:82] AriaExecutor 3 started. 
I0331 01:48:14.707171 864391 AriaExecutor.h:82] AriaExecutor 4 started. 
I0331 01:48:14.707250 864392 AriaExecutor.h:82] AriaExecutor 5 started. 
I0331 01:48:14.707366 864393 AriaExecutor.h:82] AriaExecutor 6 started. 
I0331 01:48:14.707494 864394 AriaExecutor.h:82] AriaExecutor 7 started. 
I0331 01:48:14.707535 864395 AriaExecutor.h:82] AriaExecutor 8 started. 
I0331 01:48:14.707634 864396 AriaExecutor.h:82] AriaExecutor 9 started. 
I0331 01:48:14.707690 864397 AriaExecutor.h:82] AriaExecutor 10 started. 
I0331 01:48:14.707770 864398 AriaExecutor.h:82] AriaExecutor 11 started. 
I0331 01:48:14.707890 864399 Manager.h:224] Manager(worker id = 12) on the coordinator node started.
I0331 01:48:15.707916 864371 Coordinator.h:126] commit: 3204 abort: 84796 (0/84796/0), network size: 0, avg network size: 0, si_in_serializable: 0 0 %, local: 0 %
I0331 01:48:16.708067 864371 Coordinator.h:126] commit: 3718 abort: 100282 (0/100282/0), network size: 0, avg network size: 0, si_in_serializable: 0 0 %, local: 0 %
I0331 01:48:17.708273 864371 Coordinator.h:126] commit: 4233 abort: 111767 (0/111767/0), network size: 0, avg network size: 0, si_in_serializable: 0 0 %, local: 0 %
I0331 01:48:18.708432 864371 Coordinator.h:126] commit: 4103 abort: 107897 (0/107897/0), network size: 0, avg network size: 0, si_in_serializable: 0 0 %, local: 0 %
I0331 01:48:19.708547 864371 Coordinator.h:126] commit: 4151 abort: 111849 (0/111849/0), network size: 0, avg network size: 0, si_in_serializable: 0 0 %, local: 0 %
I0331 01:48:20.708668 864371 Coordinator.h:126] commit: 4258 abort: 111742 (0/111742/0), network size: 0, avg network size: 0, si_in_serializable: 0 0 %, local: 0 %
I0331 01:48:21.708794 864371 Coordinator.h:126] commit: 4120 abort: 107880 (0/107880/0), network size: 0, avg network size: 0, si_in_serializable: 0 0 %, local: 0 %
I0331 01:48:22.708986 864371 Coordinator.h:126] commit: 4243 abort: 111757 (0/111757/0), network size: 0, avg network size: 0, si_in_serializable: 0 0 %, local: 0 %
I0331 01:48:23.709146 864371 Coordinator.h:126] commit: 4227 abort: 111773 (0/111773/0), network size: 0, avg network size: 0, si_in_serializable: 0 0 %, local: 0 %
I0331 01:48:24.709267 864371 Coordinator.h:126] commit: 4092 abort: 107908 (0/107908/0), network size: 0, avg network size: 0, si_in_serializable: 0 0 %, local: 0 %
I0331 01:48:25.709383 864371 Coordinator.h:126] commit: 4214 abort: 111786 (0/111786/0), network size: 0, avg network size: 0, si_in_serializable: 0 0 %, local: 0 %
I0331 01:48:26.709508 864371 Coordinator.h:126] commit: 4284 abort: 111716 (0/111716/0), network size: 0, avg network size: 0, si_in_serializable: 0 0 %, local: 0 %
I0331 01:48:27.709642 864371 Coordinator.h:126] commit: 4043 abort: 107957 (0/107957/0), network size: 0, avg network size: 0, si_in_serializable: 0 0 %, local: 0 %
I0331 01:48:28.709780 864371 Coordinator.h:126] commit: 4280 abort: 111720 (0/111720/0), network size: 0, avg network size: 0, si_in_serializable: 0 0 %, local: 0 %
I0331 01:48:29.709908 864371 Coordinator.h:126] commit: 4218 abort: 111782 (0/111782/0), network size: 0, avg network size: 0, si_in_serializable: 0 0 %, local: 0 %
I0331 01:48:30.710032 864371 Coordinator.h:126] commit: 4046 abort: 107954 (0/107954/0), network size: 0, avg network size: 0, si_in_serializable: 0 0 %, local: 0 %
I0331 01:48:31.710160 864371 Coordinator.h:126] commit: 4260 abort: 111740 (0/111740/0), network size: 0, avg network size: 0, si_in_serializable: 0 0 %, local: 0 %
I0331 01:48:32.710304 864371 Coordinator.h:126] commit: 4227 abort: 111773 (0/111773/0), network size: 0, avg network size: 0, si_in_serializable: 0 0 %, local: 0 %
I0331 01:48:33.710438 864371 Coordinator.h:126] commit: 4175 abort: 107825 (0/107825/0), network size: 0, avg network size: 0, si_in_serializable: 0 0 %, local: 0 %
I0331 01:48:34.710553 864371 Coordinator.h:126] commit: 4235 abort: 111765 (0/111765/0), network size: 0, avg network size: 0, si_in_serializable: 0 0 %, local: 0 %
I0331 01:48:35.710670 864371 Coordinator.h:126] commit: 4151 abort: 111849 (0/111849/0), network size: 0, avg network size: 0, si_in_serializable: 0 0 %, local: 0 %
I0331 01:48:36.710783 864371 Coordinator.h:126] commit: 4118 abort: 107882 (0/107882/0), network size: 0, avg network size: 0, si_in_serializable: 0 0 %, local: 0 %
I0331 01:48:37.710920 864371 Coordinator.h:126] commit: 4273 abort: 111727 (0/111727/0), network size: 0, avg network size: 0, si_in_serializable: 0 0 %, local: 0 %
I0331 01:48:38.711050 864371 Coordinator.h:126] commit: 4234 abort: 111766 (0/111766/0), network size: 0, avg network size: 0, si_in_serializable: 0 0 %, local: 0 %
I0331 01:48:39.711220 864371 Coordinator.h:126] commit: 4035 abort: 107965 (0/107965/0), network size: 0, avg network size: 0, si_in_serializable: 0 0 %, local: 0 %
I0331 01:48:39.711277 864371 Coordinator.h:152] average commit: 4198.2 abort: 110602 (0/110602/0), network size: 0, avg network size: 0, si_in_serializable: 0 0 %, local: 0 %
I0331 01:48:39.711323 864371 AriaExecutor.h:535] Worker 0 latency: 34356 us (50%) 34599 us (75%) 35931 us (95%) 44212 us (99%).
I0331 01:48:39.717124 864397 AriaExecutor.h:94] AriaExecutor 10 exits. 
I0331 01:48:39.717132 864395 AriaExecutor.h:94] AriaExecutor 8 exits. 
I0331 01:48:39.717133 864396 AriaExecutor.h:94] AriaExecutor 9 exits. 
I0331 01:48:39.717136 864392 AriaExecutor.h:94] AriaExecutor 5 exits. 
I0331 01:48:39.717135 864394 AriaExecutor.h:94] AriaExecutor 7 exits. 
I0331 01:48:39.717141 864399 Manager.h:227] Manager(worker id = 12) on the coordinator node exits.
I0331 01:48:39.717130 864390 AriaExecutor.h:94] AriaExecutor 3 exits. 
I0331 01:48:39.717124 864393 AriaExecutor.h:94] AriaExecutor 6 exits. 
I0331 01:48:39.717131 864391 AriaExecutor.h:94] AriaExecutor 4 exits. 
I0331 01:48:39.717132 864398 AriaExecutor.h:94] AriaExecutor 11 exits. 
I0331 01:48:39.717134 864387 AriaExecutor.h:94] AriaExecutor 0 exits. 
I0331 01:48:39.717124 864389 AriaExecutor.h:94] AriaExecutor 2 exits. 
I0331 01:48:39.717144 864388 AriaExecutor.h:94] AriaExecutor 1 exits. 
I0331 01:48:39.717418 864371 AriaExecutor.h:535] Worker 1 latency: 34341 us (50%) 34592 us (75%) 35912 us (95%) 44241 us (99%).
I0331 01:48:39.718700 864371 AriaExecutor.h:535] Worker 2 latency: 34351 us (50%) 34598 us (75%) 35909 us (95%) 44219 us (99%).
I0331 01:48:39.720101 864371 AriaExecutor.h:535] Worker 3 latency: 34351 us (50%) 34594 us (75%) 35932 us (95%) 44206 us (99%).
I0331 01:48:39.721393 864371 AriaExecutor.h:535] Worker 4 latency: 34346 us (50%) 34594 us (75%) 35933 us (95%) 44206 us (99%).
I0331 01:48:39.722711 864371 AriaExecutor.h:535] Worker 5 latency: 34360 us (50%) 34601 us (75%) 35989 us (95%) 44194 us (99%).
I0331 01:48:39.723984 864371 AriaExecutor.h:535] Worker 6 latency: 34346 us (50%) 34594 us (75%) 35941 us (95%) 44222 us (99%).
I0331 01:48:39.725265 864371 AriaExecutor.h:535] Worker 7 latency: 34358 us (50%) 34597 us (75%) 35926 us (95%) 44194 us (99%).
I0331 01:48:39.726511 864371 AriaExecutor.h:535] Worker 8 latency: 34350 us (50%) 34597 us (75%) 35955 us (95%) 44172 us (99%).
I0331 01:48:39.727758 864371 AriaExecutor.h:535] Worker 9 latency: 34347 us (50%) 34595 us (75%) 35958 us (95%) 44273 us (99%).
I0331 01:48:39.729015 864371 AriaExecutor.h:535] Worker 10 latency: 34345 us (50%) 34593 us (75%) 35951 us (95%) 44252 us (99%).
I0331 01:48:39.730239 864371 AriaExecutor.h:535] Worker 11 latency: 34349 us (50%) 34598 us (75%) 35904 us (95%) 44157 us (99%).
I0331 01:48:39.731494 864371 Coordinator.h:177] total commit: 4198.2
I0331 01:48:40.731704 864371 Coordinator.h:192] Coordinator exits.
