I0331 02:02:20.768306 869729 Database.h:65] ycsb initialization finished in 99 milliseconds.
I0331 02:02:20.768532 869729 Coordinator.h:30] Coordinator initializes 12 workers.
I0331 02:02:20.923223 869729 Coordinator.h:77] Coordinator starts to run 13 workers.
I0331 02:02:20.923344 869745 AriaExecutor.h:82] AriaExecutor 0 started. 
I0331 02:02:20.923375 869746 AriaExecutor.h:82] AriaExecutor 1 started. 
I0331 02:02:20.923493 869747 AriaExecutor.h:82] AriaExecutor 2 started. 
I0331 02:02:20.923616 869748 AriaExecutor.h:82] AriaExecutor 3 started. 
I0331 02:02:20.923672 869749 AriaExecutor.h:82] AriaExecutor 4 started. 
I0331 02:02:20.923755 869750 AriaExecutor.h:82] AriaExecutor 5 started. 
I0331 02:02:20.923874 869751 AriaExecutor.h:82] AriaExecutor 6 started. 
I0331 02:02:20.923925 869752 AriaExecutor.h:82] AriaExecutor 7 started. 
I0331 02:02:20.924021 869753 AriaExecutor.h:82] AriaExecutor 8 started. 
I0331 02:02:20.924098 869754 AriaExecutor.h:82] AriaExecutor 9 started. 
I0331 02:02:20.924183 869755 AriaExecutor.h:82] AriaExecutor 10 started. 
I0331 02:02:20.924291 869756 AriaExecutor.h:82] AriaExecutor 11 started. 
I0331 02:02:20.924343 869757 Manager.h:224] Manager(worker id = 12) on the coordinator node started.
I0331 02:02:21.924405 869729 Coordinator.h:126] commit: 94 abort: 101906 (0/101906/0), network size: 0, avg network size: 0, si_in_serializable: 0 0 %, local: 0 %
I0331 02:02:22.924566 869729 Coordinator.h:126] commit: 122 abort: 113878 (0/113878/0), network size: 0, avg network size: 0, si_in_serializable: 0 0 %, local: 0 %
I0331 02:02:23.924762 869729 Coordinator.h:126] commit: 132 abort: 125868 (0/125868/0), network size: 0, avg network size: 0, si_in_serializable: 0 0 %, local: 0 %
I0331 02:02:24.924913 869729 Coordinator.h:126] commit: 136 abort: 125864 (0/125864/0), network size: 0, avg network size: 0, si_in_serializable: 0 0 %, local: 0 %
I0331 02:02:25.925034 869729 Coordinator.h:126] commit: 142 abort: 131858 (0/131858/0), network size: 0, avg network size: 0, si_in_serializable: 0 0 %, local: 0 %
I0331 02:02:26.925180 869729 Coordinator.h:126] commit: 143 abort: 125857 (0/125857/0), network size: 0, avg network size: 0, si_in_serializable: 0 0 %, local: 0 %
I0331 02:02:27.925321 869729 Coordinator.h:126] commit: 118 abort: 125882 (0/125882/0), network size: 0, avg network size: 0, si_in_serializable: 0 0 %, local: 0 %
I0331 02:02:28.925509 869729 Coordinator.h:126] commit: 147 abort: 125853 (0/125853/0), network size: 0, avg network size: 0, si_in_serializable: 0 0 %, local: 0 %
I0331 02:02:29.925657 869729 Coordinator.h:126] commit: 145 abort: 131855 (0/131855/0), network size: 0, avg network size: 0, si_in_serializable: 0 0 %, local: 0 %
I0331 02:02:30.925789 869729 Coordinator.h:126] commit: 150 abort: 125850 (0/125850/0), network size: 0, avg network size: 0, si_in_serializable: 0 0 %, local: 0 %
I0331 02:02:31.925913 869729 Coordinator.h:126] commit: 148 abort: 125852 (0/125852/0), network size: 0, avg network size: 0, si_in_serializable: 0 0 %, local: 0 %
I0331 02:02:32.926052 869729 Coordinator.h:126] commit: 133 abort: 125867 (0/125867/0), network size: 0, avg network size: 0, si_in_serializable: 0 0 %, local: 0 %
I0331 02:02:33.926185 869729 Coordinator.h:126] commit: 142 abort: 131858 (0/131858/0), network size: 0, avg network size: 0, si_in_serializable: 0 0 %, local: 0 %
I0331 02:02:34.926321 869729 Coordinator.h:126] commit: 150 abort: 125850 (0/125850/0), network size: 0, avg network size: 0, si_in_serializable: 0 0 %, local: 0 %
I0331 02:02:35.926461 869729 Coordinator.h:126] commit: 135 abort: 125865 (0/125865/0), network size: 0, avg network size: 0, si_in_serializable: 0 0 %, local: 0 %
I0331 02:02:36.926599 869729 Coordinator.h:126] commit: 136 abort: 125864 (0/125864/0), network size: 0, avg network size: 0, si_in_serializable: 0 0 %, local: 0 %
I0331 02:02:37.926731 869729 Coordinator.h:126] commit: 132 abort: 125868 (0/125868/0), network size: 0, avg network size: 0, si_in_serializable: 0 0 %, local: 0 %
I0331 02:02:38.926869 869729 Coordinator.h:126] commit: 151 abort: 131849 (0/131849/0), network size: 0, avg network size: 0, si_in_serializable: 0 0 %, local: 0 %
I0331 02:02:39.927011 869729 Coordinator.h:126] commit: 135 abort: 125865 (0/125865/0), network size: 0, avg network size: 0, si_in_serializable: 0 0 %, local: 0 %
I0331 02:02:40.927191 869729 Coordinator.h:126] commit: 142 abort: 125858 (0/125858/0), network size: 0, avg network size: 0, si_in_serializable: 0 0 %, local: 0 %
I0331 02:02:41.927335 869729 Coordinator.h:126] commit: 136 abort: 125864 (0/125864/0), network size: 0, avg network size: 0, si_in_serializable: 0 0 %, local: 0 %
I0331 02:02:42.927475 869729 Coordinator.h:126] commit: 131 abort: 131869 (0/131869/0), network size: 0, avg network size: 0, si_in_serializable: 0 0 %, local: 0 %
I0331 02:02:43.927620 869729 Coordinator.h:126] commit: 124 abort: 125876 (0/125876/0), network size: 0, avg network size: 0, si_in_serializable: 0 0 %, local: 0 %
I0331 02:02:44.927765 869729 Coordinator.h:126] commit: 120 abort: 125880 (0/125880/0), network size: 0, avg network size: 0, si_in_serializable: 0 0 %, local: 0 %
I0331 02:02:45.927906 869729 Coordinator.h:126] commit: 140 abort: 131860 (0/131860/0), network size: 0, avg network size: 0, si_in_serializable: 0 0 %, local: 0 %
I0331 02:02:45.927953 869729 Coordinator.h:152] average commit: 140.4 abort: 127060 (0/127060/0), network size: 0, avg network size: 0, si_in_serializable: 0 0 %, local: 0 %
I0331 02:02:45.927999 869729 AriaExecutor.h:535] Worker 0 latency: 46965 us (50%) 47078 us (75%) 50268 us (95%) 56791 us (99%).
I0331 02:02:45.970189 869749 AriaExecutor.h:94] AriaExecutor 4 exits. 
I0331 02:02:45.970207 869751 AriaExecutor.h:94] AriaExecutor 6 exits. 
I0331 02:02:45.970197 869750 AriaExecutor.h:94] AriaExecutor 5 exits. 
I0331 02:02:45.970206 869747 AriaExecutor.h:94] AriaExecutor 2 exits. 
I0331 02:02:45.970206 869756 AriaExecutor.h:94] AriaExecutor 11 exits. 
I0331 02:02:45.970197 869753 AriaExecutor.h:94] AriaExecutor 8 exits. 
I0331 02:02:45.970207 869745 AriaExecutor.h:94] AriaExecutor 0 exits. 
I0331 02:02:45.970197 869746 AriaExecutor.h:94] AriaExecutor 1 exits. 
I0331 02:02:45.970203 869757 Manager.h:227] Manager(worker id = 12) on the coordinator node exits.
I0331 02:02:45.970203 869754 AriaExecutor.h:94] AriaExecutor 9 exits. 
I0331 02:02:45.970204 869748 AriaExecutor.h:94] AriaExecutor 3 exits. 
I0331 02:02:45.970207 869752 AriaExecutor.h:94] AriaExecutor 7 exits. 
I0331 02:02:45.970206 869755 AriaExecutor.h:94] AriaExecutor 10 exits. 
I0331 02:02:45.970482 869729 AriaExecutor.h:535] Worker 1 latency: 46948 us (50%) 47059 us (75%) 50145 us (95%) 56757 us (99%).
I0331 02:02:45.970571 869729 AriaExecutor.h:535] Worker 2 latency: 46941 us (50%) 47051 us (75%) 50186 us (95%) 56824 us (99%).
I0331 02:02:45.970635 869729 AriaExecutor.h:535] Worker 3 latency: 46943 us (50%) 47070 us (75%) 50260 us (95%) 56763 us (99%).
I0331 02:02:45.970686 869729 AriaExecutor.h:535] Worker 4 latency: 46918 us (50%) 47025 us (75%) 47343 us (95%) 56743 us (99%).
I0331 02:02:45.970793 869729 AriaExecutor.h:535] Worker 5 latency: 46926 us (50%) 47044 us (75%) 50232 us (95%) 56694 us (99%).
I0331 02:02:45.970876 869729 AriaExecutor.h:535] Worker 6 latency: 46912 us (50%) 47040 us (75%) 49379 us (95%) 56602 us (99%).
I0331 02:02:45.970952 869729 AriaExecutor.h:535] Worker 7 latency: 46896 us (50%) 47000 us (75%) 49034 us (95%) 56475 us (99%).
I0331 02:02:45.971020 869729 AriaExecutor.h:535] Worker 8 latency: 46932 us (50%) 47050 us (75%) 49891 us (95%) 55891 us (99%).
I0331 02:02:45.971093 869729 AriaExecutor.h:535] Worker 9 latency: 46927 us (50%) 47045 us (75%) 50257 us (95%) 56527 us (99%).
I0331 02:02:45.971156 869729 AriaExecutor.h:535] Worker 10 latency: 46859 us (50%) 46969 us (75%) 49906 us (95%) 72918 us (99%).
I0331 02:02:45.971222 869729 AriaExecutor.h:535] Worker 11 latency: 46899 us (50%) 47059 us (75%) 50004 us (95%) 56574 us (99%).
I0331 02:02:45.971318 869729 Coordinator.h:177] total commit: 140.4
I0331 02:02:46.971551 869729 Coordinator.h:192] Coordinator exits.
