I0331 02:08:31.147575 872060 Database.h:65] ycsb initialization finished in 99 milliseconds.
I0331 02:08:31.147787 872060 Coordinator.h:30] Coordinator initializes 12 workers.
I0331 02:08:31.396646 872060 Coordinator.h:77] Coordinator starts to run 13 workers.
I0331 02:08:31.396749 872082 AriaExecutor.h:94] AriaExecutor 0 started. 
I0331 02:08:31.396806 872083 AriaExecutor.h:94] AriaExecutor 1 started. 
I0331 02:08:31.396929 872084 AriaExecutor.h:94] AriaExecutor 2 started. 
I0331 02:08:31.397064 872085 AriaExecutor.h:94] AriaExecutor 3 started. 
I0331 02:08:31.397091 872086 AriaExecutor.h:94] AriaExecutor 4 started. 
I0331 02:08:31.397212 872087 AriaExecutor.h:94] AriaExecutor 5 started. 
I0331 02:08:31.397248 872088 AriaExecutor.h:94] AriaExecutor 6 started. 
I0331 02:08:31.397356 872089 AriaExecutor.h:94] AriaExecutor 7 started. 
I0331 02:08:31.397405 872090 AriaExecutor.h:94] AriaExecutor 8 started. 
I0331 02:08:31.397498 872091 AriaExecutor.h:94] AriaExecutor 9 started. 
I0331 02:08:31.397626 872092 AriaExecutor.h:94] AriaExecutor 10 started. 
I0331 02:08:31.397681 872093 AriaExecutor.h:94] AriaExecutor 11 started. 
I0331 02:08:31.397789 872094 Manager.h:224] Manager(worker id = 12) on the coordinator node started.
I0331 02:08:32.397823 872060 Coordinator.h:126] commit: 4569 abort: 95431 (0/95431/0), network size: 0, avg network size: 0, si_in_serializable: 0 0 %, local: 0 %
I0331 02:08:33.397977 872060 Coordinator.h:126] commit: 5140 abort: 104860 (0/104860/0), network size: 0, avg network size: 0, si_in_serializable: 0 0 %, local: 0 %
I0331 02:08:34.398180 872060 Coordinator.h:126] commit: 5977 abort: 124023 (0/124023/0), network size: 0, avg network size: 0, si_in_serializable: 0 0 %, local: 0 %
I0331 02:08:35.398316 872060 Coordinator.h:126] commit: 6361 abort: 133639 (0/133639/0), network size: 0, avg network size: 0, si_in_serializable: 0 0 %, local: 0 %
I0331 02:08:36.398440 872060 Coordinator.h:126] commit: 6086 abort: 123914 (0/123914/0), network size: 0, avg network size: 0, si_in_serializable: 0 0 %, local: 0 %
I0331 02:08:37.398572 872060 Coordinator.h:126] commit: 5906 abort: 124094 (0/124094/0), network size: 0, avg network size: 0, si_in_serializable: 0 0 %, local: 0 %
I0331 02:08:38.398703 872060 Coordinator.h:126] commit: 6201 abort: 124276 (0/124276/0), network size: 0, avg network size: 0, si_in_serializable: 0 0 %, local: 0 %
I0331 02:08:39.398890 872060 Coordinator.h:126] commit: 6142 abort: 133381 (0/133381/0), network size: 0, avg network size: 0, si_in_serializable: 0 0 %, local: 0 %
I0331 02:08:40.399021 872060 Coordinator.h:126] commit: 5955 abort: 124045 (0/124045/0), network size: 0, avg network size: 0, si_in_serializable: 0 0 %, local: 0 %
I0331 02:08:41.399142 872060 Coordinator.h:126] commit: 5899 abort: 124101 (0/124101/0), network size: 0, avg network size: 0, si_in_serializable: 0 0 %, local: 0 %
I0331 02:08:42.399296 872060 Coordinator.h:126] commit: 6467 abort: 133533 (0/133533/0), network size: 0, avg network size: 0, si_in_serializable: 0 0 %, local: 0 %
I0331 02:08:43.399430 872060 Coordinator.h:126] commit: 6040 abort: 123960 (0/123960/0), network size: 0, avg network size: 0, si_in_serializable: 0 0 %, local: 0 %
I0331 02:08:44.399545 872060 Coordinator.h:126] commit: 6005 abort: 123995 (0/123995/0), network size: 0, avg network size: 0, si_in_serializable: 0 0 %, local: 0 %
I0331 02:08:45.399663 872060 Coordinator.h:126] commit: 6483 abort: 133517 (0/133517/0), network size: 0, avg network size: 0, si_in_serializable: 0 0 %, local: 0 %
I0331 02:08:46.399850 872060 Coordinator.h:126] commit: 5983 abort: 124017 (0/124017/0), network size: 0, avg network size: 0, si_in_serializable: 0 0 %, local: 0 %
I0331 02:08:47.400000 872060 Coordinator.h:126] commit: 6032 abort: 123968 (0/123968/0), network size: 0, avg network size: 0, si_in_serializable: 0 0 %, local: 0 %
I0331 02:08:48.400143 872060 Coordinator.h:126] commit: 6342 abort: 133658 (0/133658/0), network size: 0, avg network size: 0, si_in_serializable: 0 0 %, local: 0 %
I0331 02:08:49.400267 872060 Coordinator.h:126] commit: 5857 abort: 124143 (0/124143/0), network size: 0, avg network size: 0, si_in_serializable: 0 0 %, local: 0 %
I0331 02:08:50.400381 872060 Coordinator.h:126] commit: 6043 abort: 123957 (0/123957/0), network size: 0, avg network size: 0, si_in_serializable: 0 0 %, local: 0 %
I0331 02:08:51.400532 872060 Coordinator.h:126] commit: 5913 abort: 124087 (0/124087/0), network size: 0, avg network size: 0, si_in_serializable: 0 0 %, local: 0 %
I0331 02:08:52.400681 872060 Coordinator.h:126] commit: 6414 abort: 133586 (0/133586/0), network size: 0, avg network size: 0, si_in_serializable: 0 0 %, local: 0 %
I0331 02:08:53.400810 872060 Coordinator.h:126] commit: 5987 abort: 124013 (0/124013/0), network size: 0, avg network size: 0, si_in_serializable: 0 0 %, local: 0 %
I0331 02:08:54.400936 872060 Coordinator.h:126] commit: 5926 abort: 124074 (0/124074/0), network size: 0, avg network size: 0, si_in_serializable: 0 0 %, local: 0 %
I0331 02:08:55.401060 872060 Coordinator.h:126] commit: 6497 abort: 133503 (0/133503/0), network size: 0, avg network size: 0, si_in_serializable: 0 0 %, local: 0 %
I0331 02:08:56.401185 872060 Coordinator.h:126] commit: 5906 abort: 124094 (0/124094/0), network size: 0, avg network size: 0, si_in_serializable: 0 0 %, local: 0 %
I0331 02:08:56.401235 872060 Coordinator.h:152] average commit: 6116.5 abort: 126884 (0/126884/0), network size: 0, avg network size: 0, si_in_serializable: 0 0 %, local: 0 %
I0331 02:08:56.401281 872060 AriaExecutor.h:646] Worker 0 latency: 73678 us (50%) 74330 us (75%) 86133 us (95%) 89753 us (99%).
I0331 02:08:56.430555 872090 AriaExecutor.h:106] AriaExecutor 8 exits. 
I0331 02:08:56.430555 872082 AriaExecutor.h:106] AriaExecutor 0 exits. 
I0331 02:08:56.430563 872093 AriaExecutor.h:106] AriaExecutor 11 exits. 
I0331 02:08:56.430565 872091 AriaExecutor.h:106] AriaExecutor 9 exits. 
I0331 02:08:56.430555 872085 AriaExecutor.h:106] AriaExecutor 3 exits. 
I0331 02:08:56.430555 872083 AriaExecutor.h:106] AriaExecutor 1 exits. 
I0331 02:08:56.430555 872089 AriaExecutor.h:106] AriaExecutor 7 exits. 
I0331 02:08:56.430564 872088 AriaExecutor.h:106] AriaExecutor 6 exits. 
I0331 02:08:56.430567 872087 AriaExecutor.h:106] AriaExecutor 5 exits. 
I0331 02:08:56.430572 872094 Manager.h:227] Manager(worker id = 12) on the coordinator node exits.
I0331 02:08:56.430565 872086 AriaExecutor.h:106] AriaExecutor 4 exits. 
I0331 02:08:56.430562 872092 AriaExecutor.h:106] AriaExecutor 10 exits. 
I0331 02:08:56.430555 872084 AriaExecutor.h:106] AriaExecutor 2 exits. 
I0331 02:08:56.430850 872060 AriaExecutor.h:646] Worker 1 latency: 73694 us (50%) 74328 us (75%) 85610 us (95%) 89660 us (99%).
I0331 02:08:56.432632 872060 AriaExecutor.h:646] Worker 2 latency: 73675 us (50%) 74321 us (75%) 85745 us (95%) 89601 us (99%).
I0331 02:08:56.434417 872060 AriaExecutor.h:646] Worker 3 latency: 73686 us (50%) 74316 us (75%) 85594 us (95%) 89651 us (99%).
I0331 02:08:56.436223 872060 AriaExecutor.h:646] Worker 4 latency: 73673 us (50%) 74322 us (75%) 85833 us (95%) 89636 us (99%).
I0331 02:08:56.438026 872060 AriaExecutor.h:646] Worker 5 latency: 73672 us (50%) 74315 us (75%) 85650 us (95%) 89655 us (99%).
I0331 02:08:56.439788 872060 AriaExecutor.h:646] Worker 6 latency: 73675 us (50%) 74324 us (75%) 85981 us (95%) 89845 us (99%).
I0331 02:08:56.441426 872060 AriaExecutor.h:646] Worker 7 latency: 73692 us (50%) 74325 us (75%) 85950 us (95%) 89803 us (99%).
I0331 02:08:56.443064 872060 AriaExecutor.h:646] Worker 8 latency: 73663 us (50%) 74314 us (75%) 85565 us (95%) 89580 us (99%).
I0331 02:08:56.444698 872060 AriaExecutor.h:646] Worker 9 latency: 73687 us (50%) 74320 us (75%) 85635 us (95%) 89788 us (99%).
I0331 02:08:56.446342 872060 AriaExecutor.h:646] Worker 10 latency: 73687 us (50%) 74322 us (75%) 85807 us (95%) 89729 us (99%).
I0331 02:08:56.447968 872060 AriaExecutor.h:646] Worker 11 latency: 73668 us (50%) 74312 us (75%) 85964 us (95%) 89646 us (99%).
I0331 02:08:56.449539 872060 Coordinator.h:177] total commit: 6116.5
I0331 02:08:57.449740 872060 Coordinator.h:192] Coordinator exits.
