I0331 01:57:29.847465 867844 Database.h:65] ycsb initialization finished in 98 milliseconds.
I0331 01:57:29.847692 867844 Coordinator.h:30] Coordinator initializes 12 workers.
I0331 01:57:29.978956 867844 Coordinator.h:77] Coordinator starts to run 13 workers.
I0331 01:57:29.979043 867860 AriaExecutor.h:82] AriaExecutor 0 started. 
I0331 01:57:29.979089 867861 AriaExecutor.h:82] AriaExecutor 1 started. 
I0331 01:57:29.979213 867862 AriaExecutor.h:82] AriaExecutor 2 started. 
I0331 01:57:29.979339 867863 AriaExecutor.h:82] AriaExecutor 3 started. 
I0331 01:57:29.979383 867864 AriaExecutor.h:82] AriaExecutor 4 started. 
I0331 01:57:29.979476 867865 AriaExecutor.h:82] AriaExecutor 5 started. 
I0331 01:57:29.979513 867866 AriaExecutor.h:82] AriaExecutor 6 started. 
I0331 01:57:29.979610 867867 AriaExecutor.h:82] AriaExecutor 7 started. 
I0331 01:57:29.979728 867868 AriaExecutor.h:82] AriaExecutor 8 started. 
I0331 01:57:29.979774 867869 AriaExecutor.h:82] AriaExecutor 9 started. 
I0331 01:57:29.979868 867870 AriaExecutor.h:82] AriaExecutor 10 started. 
I0331 01:57:29.979928 867871 AriaExecutor.h:82] AriaExecutor 11 started. 
I0331 01:57:29.980005 867872 Manager.h:224] Manager(worker id = 12) on the coordinator node started.
I0331 01:57:30.980070 867844 Coordinator.h:126] commit: 420 abort: 94580 (0/94580/0), network size: 0, avg network size: 0, si_in_serializable: 0 0 %, local: 0 %
I0331 01:57:31.980255 867844 Coordinator.h:126] commit: 493 abort: 109507 (0/109507/0), network size: 0, avg network size: 0, si_in_serializable: 0 0 %, local: 0 %
I0331 01:57:32.980459 867844 Coordinator.h:126] commit: 627 abort: 124373 (0/124373/0), network size: 0, avg network size: 0, si_in_serializable: 0 0 %, local: 0 %
I0331 01:57:33.980620 867844 Coordinator.h:126] commit: 564 abort: 119436 (0/119436/0), network size: 0, avg network size: 0, si_in_serializable: 0 0 %, local: 0 %
I0331 01:57:34.980769 867844 Coordinator.h:126] commit: 561 abort: 119439 (0/119439/0), network size: 0, avg network size: 0, si_in_serializable: 0 0 %, local: 0 %
I0331 01:57:35.980906 867844 Coordinator.h:126] commit: 588 abort: 124412 (0/124412/0), network size: 0, avg network size: 0, si_in_serializable: 0 0 %, local: 0 %
I0331 01:57:36.981045 867844 Coordinator.h:126] commit: 551 abort: 119449 (0/119449/0), network size: 0, avg network size: 0, si_in_serializable: 0 0 %, local: 0 %
I0331 01:57:37.981241 867844 Coordinator.h:126] commit: 578 abort: 124422 (0/124422/0), network size: 0, avg network size: 0, si_in_serializable: 0 0 %, local: 0 %
I0331 01:57:38.981402 867844 Coordinator.h:126] commit: 584 abort: 119416 (0/119416/0), network size: 0, avg network size: 0, si_in_serializable: 0 0 %, local: 0 %
I0331 01:57:39.981534 867844 Coordinator.h:126] commit: 541 abort: 119459 (0/119459/0), network size: 0, avg network size: 0, si_in_serializable: 0 0 %, local: 0 %
I0331 01:57:40.981666 867844 Coordinator.h:126] commit: 591 abort: 124409 (0/124409/0), network size: 0, avg network size: 0, si_in_serializable: 0 0 %, local: 0 %
I0331 01:57:41.981793 867844 Coordinator.h:126] commit: 537 abort: 119463 (0/119463/0), network size: 0, avg network size: 0, si_in_serializable: 0 0 %, local: 0 %
I0331 01:57:42.981946 867844 Coordinator.h:126] commit: 540 abort: 119460 (0/119460/0), network size: 0, avg network size: 0, si_in_serializable: 0 0 %, local: 0 %
I0331 01:57:43.982088 867844 Coordinator.h:126] commit: 615 abort: 124385 (0/124385/0), network size: 0, avg network size: 0, si_in_serializable: 0 0 %, local: 0 %
I0331 01:57:44.982220 867844 Coordinator.h:126] commit: 546 abort: 119454 (0/119454/0), network size: 0, avg network size: 0, si_in_serializable: 0 0 %, local: 0 %
I0331 01:57:45.982364 867844 Coordinator.h:126] commit: 534 abort: 119466 (0/119466/0), network size: 0, avg network size: 0, si_in_serializable: 0 0 %, local: 0 %
I0331 01:57:46.982496 867844 Coordinator.h:126] commit: 581 abort: 124419 (0/124419/0), network size: 0, avg network size: 0, si_in_serializable: 0 0 %, local: 0 %
I0331 01:57:47.982637 867844 Coordinator.h:126] commit: 546 abort: 119454 (0/119454/0), network size: 0, avg network size: 0, si_in_serializable: 0 0 %, local: 0 %
I0331 01:57:48.982841 867844 Coordinator.h:126] commit: 594 abort: 124406 (0/124406/0), network size: 0, avg network size: 0, si_in_serializable: 0 0 %, local: 0 %
I0331 01:57:49.982990 867844 Coordinator.h:126] commit: 561 abort: 119439 (0/119439/0), network size: 0, avg network size: 0, si_in_serializable: 0 0 %, local: 0 %
I0331 01:57:50.983121 867844 Coordinator.h:126] commit: 556 abort: 124444 (0/124444/0), network size: 0, avg network size: 0, si_in_serializable: 0 0 %, local: 0 %
I0331 01:57:51.983261 867844 Coordinator.h:126] commit: 523 abort: 119477 (0/119477/0), network size: 0, avg network size: 0, si_in_serializable: 0 0 %, local: 0 %
I0331 01:57:52.983402 867844 Coordinator.h:126] commit: 599 abort: 119401 (0/119401/0), network size: 0, avg network size: 0, si_in_serializable: 0 0 %, local: 0 %
I0331 01:57:53.983538 867844 Coordinator.h:126] commit: 590 abort: 124410 (0/124410/0), network size: 0, avg network size: 0, si_in_serializable: 0 0 %, local: 0 %
I0331 01:57:54.983668 867844 Coordinator.h:126] commit: 587 abort: 119413 (0/119413/0), network size: 0, avg network size: 0, si_in_serializable: 0 0 %, local: 0 %
I0331 01:57:54.983717 867844 Coordinator.h:152] average commit: 564.5 abort: 121436 (0/121436/0), network size: 0, avg network size: 0, si_in_serializable: 0 0 %, local: 0 %
I0331 01:57:54.983763 867844 AriaExecutor.h:535] Worker 0 latency: 40825 us (50%) 40958 us (75%) 42913 us (95%) 50314 us (99%).
I0331 01:57:54.992594 867867 AriaExecutor.h:94] AriaExecutor 7 exits. 
I0331 01:57:54.992594 867865 AriaExecutor.h:94] AriaExecutor 5 exits. 
I0331 01:57:54.992599 867871 AriaExecutor.h:94] AriaExecutor 11 exits. 
I0331 01:57:54.992594 867861 AriaExecutor.h:94] AriaExecutor 1 exits. 
I0331 01:57:54.992594 867869 AriaExecutor.h:94] AriaExecutor 9 exits. 
I0331 01:57:54.992600 867868 AriaExecutor.h:94] AriaExecutor 8 exits. 
I0331 01:57:54.992605 867872 Manager.h:227] Manager(worker id = 12) on the coordinator node exits.
I0331 01:57:54.992604 867860 AriaExecutor.h:94] AriaExecutor 0 exits. 
I0331 01:57:54.992594 867862 AriaExecutor.h:94] AriaExecutor 2 exits. 
I0331 01:57:54.992594 867870 AriaExecutor.h:94] AriaExecutor 10 exits. 
I0331 01:57:54.992594 867866 AriaExecutor.h:94] AriaExecutor 6 exits. 
I0331 01:57:54.992604 867864 AriaExecutor.h:94] AriaExecutor 4 exits. 
I0331 01:57:54.992594 867863 AriaExecutor.h:94] AriaExecutor 3 exits. 
I0331 01:57:54.992859 867844 AriaExecutor.h:535] Worker 1 latency: 40823 us (50%) 40961 us (75%) 42991 us (95%) 50287 us (99%).
I0331 01:57:54.993078 867844 AriaExecutor.h:535] Worker 2 latency: 40818 us (50%) 40949 us (75%) 42940 us (95%) 50312 us (99%).
I0331 01:57:54.993269 867844 AriaExecutor.h:535] Worker 3 latency: 40814 us (50%) 40949 us (75%) 43033 us (95%) 50242 us (99%).
I0331 01:57:54.993458 867844 AriaExecutor.h:535] Worker 4 latency: 40817 us (50%) 40947 us (75%) 42947 us (95%) 50360 us (99%).
I0331 01:57:54.993690 867844 AriaExecutor.h:535] Worker 5 latency: 40802 us (50%) 40944 us (75%) 42885 us (95%) 50245 us (99%).
I0331 01:57:54.993896 867844 AriaExecutor.h:535] Worker 6 latency: 40806 us (50%) 40940 us (75%) 42834 us (95%) 50243 us (99%).
I0331 01:57:54.994078 867844 AriaExecutor.h:535] Worker 7 latency: 40788 us (50%) 40932 us (75%) 42823 us (95%) 50239 us (99%).
I0331 01:57:54.994257 867844 AriaExecutor.h:535] Worker 8 latency: 40798 us (50%) 40943 us (75%) 42958 us (95%) 50258 us (99%).
I0331 01:57:54.994426 867844 AriaExecutor.h:535] Worker 9 latency: 40782 us (50%) 40932 us (75%) 42719 us (95%) 50221 us (99%).
I0331 01:57:54.994627 867844 AriaExecutor.h:535] Worker 10 latency: 40783 us (50%) 40928 us (75%) 42913 us (95%) 50287 us (99%).
I0331 01:57:54.994793 867844 AriaExecutor.h:535] Worker 11 latency: 40779 us (50%) 40927 us (75%) 42753 us (95%) 50132 us (99%).
I0331 01:57:54.994992 867844 Coordinator.h:177] total commit: 564.5
I0331 01:57:55.995222 867844 Coordinator.h:192] Coordinator exits.
