I0331 02:08:57.735327 872231 Database.h:65] ycsb initialization finished in 99 milliseconds.
I0331 02:08:57.735544 872231 Coordinator.h:30] Coordinator initializes 12 workers.
I0331 02:08:57.774209 872231 Coordinator.h:77] Coordinator starts to run 13 workers.
I0331 02:08:57.774304 872247 AriaExecutor.h:94] AriaExecutor 0 started. 
I0331 02:08:57.774350 872248 AriaExecutor.h:94] AriaExecutor 1 started. 
I0331 02:08:57.774459 872249 AriaExecutor.h:94] AriaExecutor 2 started. 
I0331 02:08:57.774581 872250 AriaExecutor.h:94] AriaExecutor 3 started. 
I0331 02:08:57.774631 872251 AriaExecutor.h:94] AriaExecutor 4 started. 
I0331 02:08:57.774719 872252 AriaExecutor.h:94] AriaExecutor 5 started. 
I0331 02:08:57.774772 872253 AriaExecutor.h:94] AriaExecutor 6 started. 
I0331 02:08:57.774855 872254 AriaExecutor.h:94] AriaExecutor 7 started. 
I0331 02:08:57.774978 872255 AriaExecutor.h:94] AriaExecutor 8 started. 
I0331 02:08:57.775012 872256 AriaExecutor.h:94] AriaExecutor 9 started. 
I0331 02:08:57.775116 872257 AriaExecutor.h:94] AriaExecutor 10 started. 
I0331 02:08:57.775241 872258 AriaExecutor.h:94] AriaExecutor 11 started. 
I0331 02:08:57.775265 872259 Manager.h:224] Manager(worker id = 12) on the coordinator node started.
I0331 02:08:58.775309 872231 Coordinator.h:126] commit: 33494 abort: 51506 (0/51506/0), network size: 0, avg network size: 0, si_in_serializable: 0 0 %, local: 0 %
I0331 02:08:59.775477 872231 Coordinator.h:126] commit: 40030 abort: 61970 (0/61970/0), network size: 0, avg network size: 0, si_in_serializable: 0 0 %, local: 0 %
I0331 02:09:00.775671 872231 Coordinator.h:126] commit: 43144 abort: 66856 (0/66856/0), network size: 0, avg network size: 0, si_in_serializable: 0 0 %, local: 0 %
I0331 02:09:01.775835 872231 Coordinator.h:126] commit: 43107 abort: 66893 (0/66893/0), network size: 0, avg network size: 0, si_in_serializable: 0 0 %, local: 0 %
I0331 02:09:02.775974 872231 Coordinator.h:126] commit: 43740 abort: 67260 (0/67260/0), network size: 0, avg network size: 0, si_in_serializable: 0 0 %, local: 0 %
I0331 02:09:03.776098 872231 Coordinator.h:126] commit: 42877 abort: 67123 (0/67123/0), network size: 0, avg network size: 0, si_in_serializable: 0 0 %, local: 0 %
I0331 02:09:04.776219 872231 Coordinator.h:126] commit: 43268 abort: 66732 (0/66732/0), network size: 0, avg network size: 0, si_in_serializable: 0 0 %, local: 0 %
I0331 02:09:05.776419 872231 Coordinator.h:126] commit: 43123 abort: 66877 (0/66877/0), network size: 0, avg network size: 0, si_in_serializable: 0 0 %, local: 0 %
I0331 02:09:06.776600 872231 Coordinator.h:126] commit: 43180 abort: 66820 (0/66820/0), network size: 0, avg network size: 0, si_in_serializable: 0 0 %, local: 0 %
I0331 02:09:07.776746 872231 Coordinator.h:126] commit: 43583 abort: 67417 (0/67417/0), network size: 0, avg network size: 0, si_in_serializable: 0 0 %, local: 0 %
I0331 02:09:08.776886 872231 Coordinator.h:126] commit: 43146 abort: 66854 (0/66854/0), network size: 0, avg network size: 0, si_in_serializable: 0 0 %, local: 0 %
I0331 02:09:09.777025 872231 Coordinator.h:126] commit: 43300 abort: 66700 (0/66700/0), network size: 0, avg network size: 0, si_in_serializable: 0 0 %, local: 0 %
I0331 02:09:10.777177 872231 Coordinator.h:126] commit: 43558 abort: 67442 (0/67442/0), network size: 0, avg network size: 0, si_in_serializable: 0 0 %, local: 0 %
I0331 02:09:11.777334 872231 Coordinator.h:126] commit: 43286 abort: 66714 (0/66714/0), network size: 0, avg network size: 0, si_in_serializable: 0 0 %, local: 0 %
I0331 02:09:12.777498 872231 Coordinator.h:126] commit: 43191 abort: 66809 (0/66809/0), network size: 0, avg network size: 0, si_in_serializable: 0 0 %, local: 0 %
I0331 02:09:13.777640 872231 Coordinator.h:126] commit: 43631 abort: 67369 (0/67369/0), network size: 0, avg network size: 0, si_in_serializable: 0 0 %, local: 0 %
I0331 02:09:14.777839 872231 Coordinator.h:126] commit: 43044 abort: 66956 (0/66956/0), network size: 0, avg network size: 0, si_in_serializable: 0 0 %, local: 0 %
I0331 02:09:15.778036 872231 Coordinator.h:126] commit: 43114 abort: 66886 (0/66886/0), network size: 0, avg network size: 0, si_in_serializable: 0 0 %, local: 0 %
I0331 02:09:16.778184 872231 Coordinator.h:126] commit: 43336 abort: 66664 (0/66664/0), network size: 0, avg network size: 0, si_in_serializable: 0 0 %, local: 0 %
I0331 02:09:17.778343 872231 Coordinator.h:126] commit: 43376 abort: 67624 (0/67624/0), network size: 0, avg network size: 0, si_in_serializable: 0 0 %, local: 0 %
I0331 02:09:18.778491 872231 Coordinator.h:126] commit: 43370 abort: 66630 (0/66630/0), network size: 0, avg network size: 0, si_in_serializable: 0 0 %, local: 0 %
I0331 02:09:19.778622 872231 Coordinator.h:126] commit: 43489 abort: 67511 (0/67511/0), network size: 0, avg network size: 0, si_in_serializable: 0 0 %, local: 0 %
I0331 02:09:20.778731 872231 Coordinator.h:126] commit: 43296 abort: 66704 (0/66704/0), network size: 0, avg network size: 0, si_in_serializable: 0 0 %, local: 0 %
I0331 02:09:21.778862 872231 Coordinator.h:126] commit: 43540 abort: 67460 (0/67460/0), network size: 0, avg network size: 0, si_in_serializable: 0 0 %, local: 0 %
I0331 02:09:22.779009 872231 Coordinator.h:126] commit: 43249 abort: 66751 (0/66751/0), network size: 0, avg network size: 0, si_in_serializable: 0 0 %, local: 0 %
I0331 02:09:22.779068 872231 Coordinator.h:152] average commit: 43298.2 abort: 67001.8 (0/67001.8/0), network size: 0, avg network size: 0, si_in_serializable: 0 0 %, local: 0 %
I0331 02:09:22.785552 872250 AriaExecutor.h:106] AriaExecutor 3 exits. 
I0331 02:09:22.785552 872258 AriaExecutor.h:106] AriaExecutor 11 exits. 
I0331 02:09:22.785565 872248 AriaExecutor.h:106] AriaExecutor 1 exits. 
I0331 02:09:22.785552 872256 AriaExecutor.h:106] AriaExecutor 9 exits. 
I0331 02:09:22.785552 872247 AriaExecutor.h:106] AriaExecutor 0 exits. 
I0331 02:09:22.785552 872257 AriaExecutor.h:106] AriaExecutor 10 exits. 
I0331 02:09:22.785552 872253 AriaExecutor.h:106] AriaExecutor 6 exits. 
I0331 02:09:22.785566 872251 AriaExecutor.h:106] AriaExecutor 4 exits. 
I0331 02:09:22.785566 872254 AriaExecutor.h:106] AriaExecutor 7 exits. 
I0331 02:09:22.785567 872252 AriaExecutor.h:106] AriaExecutor 5 exits. 
I0331 02:09:22.785567 872255 AriaExecutor.h:106] AriaExecutor 8 exits. 
I0331 02:09:22.785570 872259 Manager.h:227] Manager(worker id = 12) on the coordinator node exits.
I0331 02:09:22.785552 872249 AriaExecutor.h:106] AriaExecutor 2 exits. 
I0331 02:09:22.779112 872231 AriaExecutor.h:646] Worker 0 latency: 7787 us (50%) 8436 us (75%) 8854 us (95%) 10598 us (99%).
I0331 02:09:22.791582 872231 AriaExecutor.h:646] Worker 1 latency: 7797 us (50%) 8436 us (75%) 8850 us (95%) 10564 us (99%).
I0331 02:09:22.800000 872231 AriaExecutor.h:646] Worker 2 latency: 7800 us (50%) 8440 us (75%) 8851 us (95%) 10574 us (99%).
I0331 02:09:22.805776 872231 AriaExecutor.h:646] Worker 3 latency: 7801 us (50%) 8443 us (75%) 8851 us (95%) 10537 us (99%).
I0331 02:09:22.811146 872231 AriaExecutor.h:646] Worker 4 latency: 7805 us (50%) 8441 us (75%) 8850 us (95%) 10557 us (99%).
I0331 02:09:22.816030 872231 AriaExecutor.h:646] Worker 5 latency: 7795 us (50%) 8439 us (75%) 8851 us (95%) 10551 us (99%).
I0331 02:09:22.820746 872231 AriaExecutor.h:646] Worker 6 latency: 7798 us (50%) 8440 us (75%) 8852 us (95%) 10584 us (99%).
I0331 02:09:22.825489 872231 AriaExecutor.h:646] Worker 7 latency: 7807 us (50%) 8442 us (75%) 8851 us (95%) 10548 us (99%).
I0331 02:09:22.830184 872231 AriaExecutor.h:646] Worker 8 latency: 7801 us (50%) 8443 us (75%) 8852 us (95%) 10563 us (99%).
I0331 02:09:22.834890 872231 AriaExecutor.h:646] Worker 9 latency: 7798 us (50%) 8442 us (75%) 8852 us (95%) 10569 us (99%).
I0331 02:09:22.839598 872231 AriaExecutor.h:646] Worker 10 latency: 7805 us (50%) 8444 us (75%) 8850 us (95%) 10550 us (99%).
I0331 02:09:22.844269 872231 AriaExecutor.h:646] Worker 11 latency: 7803 us (50%) 8442 us (75%) 8851 us (95%) 10589 us (99%).
I0331 02:09:22.848950 872231 Coordinator.h:177] total commit: 43298.2
I0331 02:09:23.849151 872231 Coordinator.h:192] Coordinator exits.
