I0331 02:16:00.996660 874909 Database.h:65] ycsb initialization finished in 100 milliseconds.
I0331 02:16:00.996896 874909 Coordinator.h:30] Coordinator initializes 12 workers.
I0331 02:16:01.177021 874909 Coordinator.h:77] Coordinator starts to run 13 workers.
I0331 02:16:01.177170 874938 AriaExecutor.h:94] AriaExecutor 1 started. 
I0331 02:16:01.177255 874937 AriaExecutor.h:94] AriaExecutor 0 started. 
I0331 02:16:01.177305 874939 AriaExecutor.h:94] AriaExecutor 2 started. 
I0331 02:16:01.177402 874941 AriaExecutor.h:94] AriaExecutor 4 started. 
I0331 02:16:01.177402 874940 AriaExecutor.h:94] AriaExecutor 3 started. 
I0331 02:16:01.177531 874942 AriaExecutor.h:94] AriaExecutor 5 started. 
I0331 02:16:01.177567 874943 AriaExecutor.h:94] AriaExecutor 6 started. 
I0331 02:16:01.177670 874944 AriaExecutor.h:94] AriaExecutor 7 started. 
I0331 02:16:01.177721 874945 AriaExecutor.h:94] AriaExecutor 8 started. 
I0331 02:16:01.177806 874946 AriaExecutor.h:94] AriaExecutor 9 started. 
I0331 02:16:01.177924 874947 AriaExecutor.h:94] AriaExecutor 10 started. 
I0331 02:16:01.178045 874948 AriaExecutor.h:94] AriaExecutor 11 started. 
I0331 02:16:01.178166 874949 Manager.h:224] Manager(worker id = 12) on the coordinator node started.
I0331 02:16:02.178197 874909 Coordinator.h:126] commit: 5158 abort: 78842 (0/78842/0), network size: 0, avg network size: 0, si_in_serializable: 0 0 %, local: 0 %
I0331 02:16:03.178366 874909 Coordinator.h:126] commit: 6413 abort: 98587 (0/98587/0), network size: 0, avg network size: 0, si_in_serializable: 0 0 %, local: 0 %
I0331 02:16:04.178563 874909 Coordinator.h:126] commit: 7271 abort: 111729 (0/111729/0), network size: 0, avg network size: 0, si_in_serializable: 0 0 %, local: 0 %
I0331 02:16:05.178694 874909 Coordinator.h:126] commit: 7325 abort: 111675 (0/111675/0), network size: 0, avg network size: 0, si_in_serializable: 0 0 %, local: 0 %
I0331 02:16:06.178813 874909 Coordinator.h:126] commit: 7287 abort: 111713 (0/111713/0), network size: 0, avg network size: 0, si_in_serializable: 0 0 %, local: 0 %
I0331 02:16:07.178942 874909 Coordinator.h:126] commit: 7327 abort: 111673 (0/111673/0), network size: 0, avg network size: 0, si_in_serializable: 0 0 %, local: 0 %
I0331 02:16:08.179065 874909 Coordinator.h:126] commit: 7358 abort: 111642 (0/111642/0), network size: 0, avg network size: 0, si_in_serializable: 0 0 %, local: 0 %
I0331 02:16:09.179255 874909 Coordinator.h:126] commit: 7312 abort: 111688 (0/111688/0), network size: 0, avg network size: 0, si_in_serializable: 0 0 %, local: 0 %
I0331 02:16:10.179405 874909 Coordinator.h:126] commit: 7440 abort: 111560 (0/111560/0), network size: 0, avg network size: 0, si_in_serializable: 0 0 %, local: 0 %
I0331 02:16:11.179535 874909 Coordinator.h:126] commit: 7884 abort: 118116 (0/118116/0), network size: 0, avg network size: 0, si_in_serializable: 0 0 %, local: 0 %
I0331 02:16:12.179677 874909 Coordinator.h:126] commit: 7320 abort: 111680 (0/111680/0), network size: 0, avg network size: 0, si_in_serializable: 0 0 %, local: 0 %
I0331 02:16:13.179819 874909 Coordinator.h:126] commit: 7451 abort: 111549 (0/111549/0), network size: 0, avg network size: 0, si_in_serializable: 0 0 %, local: 0 %
I0331 02:16:14.179948 874909 Coordinator.h:126] commit: 7315 abort: 111685 (0/111685/0), network size: 0, avg network size: 0, si_in_serializable: 0 0 %, local: 0 %
I0331 02:16:15.180086 874909 Coordinator.h:126] commit: 7399 abort: 111601 (0/111601/0), network size: 0, avg network size: 0, si_in_serializable: 0 0 %, local: 0 %
I0331 02:16:16.180208 874909 Coordinator.h:126] commit: 7274 abort: 111726 (0/111726/0), network size: 0, avg network size: 0, si_in_serializable: 0 0 %, local: 0 %
I0331 02:16:17.180368 874909 Coordinator.h:126] commit: 7376 abort: 111624 (0/111624/0), network size: 0, avg network size: 0, si_in_serializable: 0 0 %, local: 0 %
I0331 02:16:18.180501 874909 Coordinator.h:126] commit: 7239 abort: 111761 (0/111761/0), network size: 0, avg network size: 0, si_in_serializable: 0 0 %, local: 0 %
I0331 02:16:19.180614 874909 Coordinator.h:126] commit: 7424 abort: 111576 (0/111576/0), network size: 0, avg network size: 0, si_in_serializable: 0 0 %, local: 0 %
I0331 02:16:20.180720 874909 Coordinator.h:126] commit: 7397 abort: 111603 (0/111603/0), network size: 0, avg network size: 0, si_in_serializable: 0 0 %, local: 0 %
I0331 02:16:21.180835 874909 Coordinator.h:126] commit: 7328 abort: 111672 (0/111672/0), network size: 0, avg network size: 0, si_in_serializable: 0 0 %, local: 0 %
I0331 02:16:22.180971 874909 Coordinator.h:126] commit: 7382 abort: 111618 (0/111618/0), network size: 0, avg network size: 0, si_in_serializable: 0 0 %, local: 0 %
I0331 02:16:23.181094 874909 Coordinator.h:126] commit: 7278 abort: 111722 (0/111722/0), network size: 0, avg network size: 0, si_in_serializable: 0 0 %, local: 0 %
I0331 02:16:24.181262 874909 Coordinator.h:126] commit: 7403 abort: 111597 (0/111597/0), network size: 0, avg network size: 0, si_in_serializable: 0 0 %, local: 0 %
I0331 02:16:25.181391 874909 Coordinator.h:126] commit: 7293 abort: 111707 (0/111707/0), network size: 0, avg network size: 0, si_in_serializable: 0 0 %, local: 0 %
I0331 02:16:26.181510 874909 Coordinator.h:126] commit: 7280 abort: 111720 (0/111720/0), network size: 0, avg network size: 0, si_in_serializable: 0 0 %, local: 0 %
I0331 02:16:26.181564 874909 Coordinator.h:152] average commit: 7352.3 abort: 111648 (0/111648/0), network size: 0, avg network size: 0, si_in_serializable: 0 0 %, local: 0 %
I0331 02:16:26.181607 874909 AriaExecutor.h:646] Worker 0 latency: 57084 us (50%) 57823 us (75%) 62985 us (95%) 75244 us (99%).
I0331 02:16:26.185168 874940 AriaExecutor.h:106] AriaExecutor 3 exits. 
I0331 02:16:26.185176 874947 AriaExecutor.h:106] AriaExecutor 10 exits. 
I0331 02:16:26.185176 874944 AriaExecutor.h:106] AriaExecutor 7 exits. 
I0331 02:16:26.185176 874937 AriaExecutor.h:106] AriaExecutor 0 exits. 
I0331 02:16:26.185184 874946 AriaExecutor.h:106] AriaExecutor 9 exits. 
I0331 02:16:26.185176 874941 AriaExecutor.h:106] AriaExecutor 4 exits. 
I0331 02:16:26.185191 874943 AriaExecutor.h:106] AriaExecutor 6 exits. 
I0331 02:16:26.185176 874945 AriaExecutor.h:106] AriaExecutor 8 exits. 
I0331 02:16:26.185194 874949 Manager.h:227] Manager(worker id = 12) on the coordinator node exits.
I0331 02:16:26.185184 874948 AriaExecutor.h:106] AriaExecutor 11 exits. 
I0331 02:16:26.185176 874938 AriaExecutor.h:106] AriaExecutor 1 exits. 
I0331 02:16:26.185176 874942 AriaExecutor.h:106] AriaExecutor 5 exits. 
I0331 02:16:26.185184 874939 AriaExecutor.h:106] AriaExecutor 2 exits. 
I0331 02:16:26.185451 874909 AriaExecutor.h:646] Worker 1 latency: 57089 us (50%) 57820 us (75%) 63036 us (95%) 75168 us (99%).
I0331 02:16:26.187857 874909 AriaExecutor.h:646] Worker 2 latency: 57107 us (50%) 57825 us (75%) 62914 us (95%) 75074 us (99%).
I0331 02:16:26.190284 874909 AriaExecutor.h:646] Worker 3 latency: 57096 us (50%) 57825 us (75%) 63223 us (95%) 75077 us (99%).
I0331 02:16:26.192543 874909 AriaExecutor.h:646] Worker 4 latency: 57093 us (50%) 57823 us (75%) 63174 us (95%) 75185 us (99%).
I0331 02:16:26.194785 874909 AriaExecutor.h:646] Worker 5 latency: 57058 us (50%) 57812 us (75%) 63139 us (95%) 75223 us (99%).
I0331 02:16:26.197011 874909 AriaExecutor.h:646] Worker 6 latency: 57094 us (50%) 57828 us (75%) 63290 us (95%) 75334 us (99%).
I0331 02:16:26.199198 874909 AriaExecutor.h:646] Worker 7 latency: 57079 us (50%) 57824 us (75%) 63241 us (95%) 75118 us (99%).
I0331 02:16:26.201226 874909 AriaExecutor.h:646] Worker 8 latency: 57083 us (50%) 57826 us (75%) 63050 us (95%) 75402 us (99%).
I0331 02:16:26.202649 874909 AriaExecutor.h:646] Worker 9 latency: 57090 us (50%) 57818 us (75%) 63311 us (95%) 75311 us (99%).
I0331 02:16:26.204094 874909 AriaExecutor.h:646] Worker 10 latency: 57092 us (50%) 57824 us (75%) 63145 us (95%) 75266 us (99%).
I0331 02:16:26.205525 874909 AriaExecutor.h:646] Worker 11 latency: 57070 us (50%) 57814 us (75%) 62894 us (95%) 75150 us (99%).
I0331 02:16:26.206972 874909 Coordinator.h:177] total commit: 7352.3
I0331 02:16:27.207180 874909 Coordinator.h:192] Coordinator exits.
