I0331 02:40:42.492364 884732 Database.h:65] ycsb initialization finished in 100 milliseconds.
I0331 02:40:42.492584 884732 Coordinator.h:30] Coordinator initializes 12 workers.
I0331 02:40:42.576421 884732 Coordinator.h:77] Coordinator starts to run 13 workers.
I0331 02:40:42.576512 884748 AriaExecutor.h:94] AriaExecutor 0 started. 
I0331 02:40:42.576558 884749 AriaExecutor.h:94] AriaExecutor 1 started. 
I0331 02:40:42.576663 884750 AriaExecutor.h:94] AriaExecutor 2 started. 
I0331 02:40:42.576782 884751 AriaExecutor.h:94] AriaExecutor 3 started. 
I0331 02:40:42.576900 884752 AriaExecutor.h:94] AriaExecutor 4 started. 
I0331 02:40:42.576954 884753 AriaExecutor.h:94] AriaExecutor 5 started. 
I0331 02:40:42.577034 884754 AriaExecutor.h:94] AriaExecutor 6 started. 
I0331 02:40:42.577091 884755 AriaExecutor.h:94] AriaExecutor 7 started. 
I0331 02:40:42.577186 884756 AriaExecutor.h:94] AriaExecutor 8 started. 
I0331 02:40:42.577308 884757 AriaExecutor.h:94] AriaExecutor 9 started. 
I0331 02:40:42.577363 884758 AriaExecutor.h:94] AriaExecutor 10 started. 
I0331 02:40:42.577451 884759 AriaExecutor.h:94] AriaExecutor 11 started. 
I0331 02:40:42.577576 884760 Manager.h:224] Manager(worker id = 12) on the coordinator node started.
I0331 02:40:43.577610 884732 Coordinator.h:126] commit: 484 abort: 107516 (0/107516/0), network size: 0, avg network size: 0, si_in_serializable: 0 0 %, local: 0 %
I0331 02:40:44.577787 884732 Coordinator.h:126] commit: 616 abort: 125384 (0/125384/0), network size: 0, avg network size: 0, si_in_serializable: 0 0 %, local: 0 %
I0331 02:40:45.577996 884732 Coordinator.h:126] commit: 669 abort: 134331 (0/134331/0), network size: 0, avg network size: 0, si_in_serializable: 0 0 %, local: 0 %
I0331 02:40:46.578150 884732 Coordinator.h:126] commit: 667 abort: 137333 (0/137333/0), network size: 0, avg network size: 0, si_in_serializable: 0 0 %, local: 0 %
I0331 02:40:47.578282 884732 Coordinator.h:126] commit: 662 abort: 134338 (0/134338/0), network size: 0, avg network size: 0, si_in_serializable: 0 0 %, local: 0 %
I0331 02:40:48.578406 884732 Coordinator.h:126] commit: 640 abort: 134360 (0/134360/0), network size: 0, avg network size: 0, si_in_serializable: 0 0 %, local: 0 %
I0331 02:40:49.578538 884732 Coordinator.h:126] commit: 632 abort: 134368 (0/134368/0), network size: 0, avg network size: 0, si_in_serializable: 0 0 %, local: 0 %
I0331 02:40:50.578742 884732 Coordinator.h:126] commit: 666 abort: 137334 (0/137334/0), network size: 0, avg network size: 0, si_in_serializable: 0 0 %, local: 0 %
I0331 02:40:51.578886 884732 Coordinator.h:126] commit: 674 abort: 134326 (0/134326/0), network size: 0, avg network size: 0, si_in_serializable: 0 0 %, local: 0 %
I0331 02:40:52.579015 884732 Coordinator.h:126] commit: 640 abort: 134360 (0/134360/0), network size: 0, avg network size: 0, si_in_serializable: 0 0 %, local: 0 %
I0331 02:40:53.579140 884732 Coordinator.h:126] commit: 681 abort: 137319 (0/137319/0), network size: 0, avg network size: 0, si_in_serializable: 0 0 %, local: 0 %
I0331 02:40:54.579273 884732 Coordinator.h:126] commit: 675 abort: 134325 (0/134325/0), network size: 0, avg network size: 0, si_in_serializable: 0 0 %, local: 0 %
I0331 02:40:55.579416 884732 Coordinator.h:126] commit: 712 abort: 134288 (0/134288/0), network size: 0, avg network size: 0, si_in_serializable: 0 0 %, local: 0 %
I0331 02:40:56.579546 884732 Coordinator.h:126] commit: 678 abort: 137322 (0/137322/0), network size: 0, avg network size: 0, si_in_serializable: 0 0 %, local: 0 %
I0331 02:40:57.579674 884732 Coordinator.h:126] commit: 666 abort: 134334 (0/134334/0), network size: 0, avg network size: 0, si_in_serializable: 0 0 %, local: 0 %
I0331 02:40:58.579798 884732 Coordinator.h:126] commit: 663 abort: 134337 (0/134337/0), network size: 0, avg network size: 0, si_in_serializable: 0 0 %, local: 0 %
I0331 02:40:59.579936 884732 Coordinator.h:126] commit: 696 abort: 137304 (0/137304/0), network size: 0, avg network size: 0, si_in_serializable: 0 0 %, local: 0 %
I0331 02:41:00.580081 884732 Coordinator.h:126] commit: 635 abort: 134365 (0/134365/0), network size: 0, avg network size: 0, si_in_serializable: 0 0 %, local: 0 %
I0331 02:41:01.580210 884732 Coordinator.h:126] commit: 687 abort: 134313 (0/134313/0), network size: 0, avg network size: 0, si_in_serializable: 0 0 %, local: 0 %
I0331 02:41:02.580353 884732 Coordinator.h:126] commit: 684 abort: 137316 (0/137316/0), network size: 0, avg network size: 0, si_in_serializable: 0 0 %, local: 0 %
I0331 02:41:03.580479 884732 Coordinator.h:126] commit: 650 abort: 134350 (0/134350/0), network size: 0, avg network size: 0, si_in_serializable: 0 0 %, local: 0 %
I0331 02:41:04.580677 884732 Coordinator.h:126] commit: 671 abort: 135206 (0/135206/0), network size: 0, avg network size: 0, si_in_serializable: 0 0 %, local: 0 %
I0331 02:41:05.580818 884732 Coordinator.h:126] commit: 659 abort: 136463 (0/136463/0), network size: 0, avg network size: 0, si_in_serializable: 0 0 %, local: 0 %
I0331 02:41:06.580940 884732 Coordinator.h:126] commit: 679 abort: 134321 (0/134321/0), network size: 0, avg network size: 0, si_in_serializable: 0 0 %, local: 0 %
I0331 02:41:07.581076 884732 Coordinator.h:126] commit: 684 abort: 137316 (0/137316/0), network size: 0, avg network size: 0, si_in_serializable: 0 0 %, local: 0 %
I0331 02:41:07.581125 884732 Coordinator.h:152] average commit: 677.7 abort: 135522 (0/135522/0), network size: 0, avg network size: 0, si_in_serializable: 0 0 %, local: 0 %
I0331 02:41:07.581171 884732 AriaExecutor.h:646] Worker 0 latency: 21954 us (50%) 22038 us (75%) 23046 us (95%) 26837 us (99%).
I0331 02:41:07.599189 884753 AriaExecutor.h:106] AriaExecutor 5 exits. 
I0331 02:41:07.599198 884754 AriaExecutor.h:106] AriaExecutor 6 exits. 
I0331 02:41:07.599200 884756 AriaExecutor.h:106] AriaExecutor 8 exits. 
I0331 02:41:07.599190 884752 AriaExecutor.h:106] AriaExecutor 4 exits. 
I0331 02:41:07.599189 884758 AriaExecutor.h:106] AriaExecutor 10 exits. 
I0331 02:41:07.599205 884760 Manager.h:227] Manager(worker id = 12) on the coordinator node exits.
I0331 02:41:07.599200 884750 AriaExecutor.h:106] AriaExecutor 2 exits. 
I0331 02:41:07.599200 884755 AriaExecutor.h:106] AriaExecutor 7 exits. 
I0331 02:41:07.599200 884757 AriaExecutor.h:106] AriaExecutor 9 exits. 
I0331 02:41:07.599200 884759 AriaExecutor.h:106] AriaExecutor 11 exits. 
I0331 02:41:07.599200 884751 AriaExecutor.h:106] AriaExecutor 3 exits. 
I0331 02:41:07.599189 884749 AriaExecutor.h:106] AriaExecutor 1 exits. 
I0331 02:41:07.599189 884748 AriaExecutor.h:106] AriaExecutor 0 exits. 
I0331 02:41:07.599500 884732 AriaExecutor.h:646] Worker 1 latency: 21930 us (50%) 22027 us (75%) 22989 us (95%) 26774 us (99%).
I0331 02:41:07.599821 884732 AriaExecutor.h:646] Worker 2 latency: 21906 us (50%) 22016 us (75%) 22941 us (95%) 26810 us (99%).
I0331 02:41:07.600054 884732 AriaExecutor.h:646] Worker 3 latency: 21881 us (50%) 22005 us (75%) 23041 us (95%) 26812 us (99%).
I0331 02:41:07.600296 884732 AriaExecutor.h:646] Worker 4 latency: 21834 us (50%) 21990 us (75%) 22601 us (95%) 26718 us (99%).
I0331 02:41:07.600531 884732 AriaExecutor.h:646] Worker 5 latency: 21819 us (50%) 21981 us (75%) 22658 us (95%) 26678 us (99%).
I0331 02:41:07.600749 884732 AriaExecutor.h:646] Worker 6 latency: 21809 us (50%) 21989 us (75%) 23141 us (95%) 26740 us (99%).
I0331 02:41:07.600950 884732 AriaExecutor.h:646] Worker 7 latency: 21697 us (50%) 21942 us (75%) 22316 us (95%) 26538 us (99%).
I0331 02:41:07.601154 884732 AriaExecutor.h:646] Worker 8 latency: 21748 us (50%) 21968 us (75%) 22718 us (95%) 26720 us (99%).
I0331 02:41:07.601349 884732 AriaExecutor.h:646] Worker 9 latency: 21732 us (50%) 21963 us (75%) 22634 us (95%) 26594 us (99%).
I0331 02:41:07.601531 884732 AriaExecutor.h:646] Worker 10 latency: 21690 us (50%) 21957 us (75%) 23100 us (95%) 26716 us (99%).
I0331 02:41:07.601717 884732 AriaExecutor.h:646] Worker 11 latency: 21669 us (50%) 21947 us (75%) 22650 us (95%) 26708 us (99%).
I0331 02:41:07.601923 884732 Coordinator.h:177] total commit: 677.7
I0331 02:41:08.602154 884732 Coordinator.h:192] Coordinator exits.
