I0331 02:21:45.248180 877111 Database.h:65] ycsb initialization finished in 98 milliseconds.
I0331 02:21:45.248443 877111 Coordinator.h:30] Coordinator initializes 12 workers.
I0331 02:21:45.498260 877111 Coordinator.h:77] Coordinator starts to run 13 workers.
I0331 02:21:45.498348 877127 AriaExecutor.h:94] AriaExecutor 0 started. 
I0331 02:21:45.498400 877128 AriaExecutor.h:94] AriaExecutor 1 started. 
I0331 02:21:45.498512 877129 AriaExecutor.h:94] AriaExecutor 2 started. 
I0331 02:21:45.498637 877130 AriaExecutor.h:94] AriaExecutor 3 started. 
I0331 02:21:45.498664 877131 AriaExecutor.h:94] AriaExecutor 4 started. 
I0331 02:21:45.498776 877132 AriaExecutor.h:94] AriaExecutor 5 started. 
I0331 02:21:45.498799 877133 AriaExecutor.h:94] AriaExecutor 6 started. 
I0331 02:21:45.498915 877134 AriaExecutor.h:94] AriaExecutor 7 started. 
I0331 02:21:45.498921 877135 AriaExecutor.h:94] AriaExecutor 8 started. 
I0331 02:21:45.499051 877136 AriaExecutor.h:94] AriaExecutor 9 started. 
I0331 02:21:45.499058 877137 AriaExecutor.h:94] AriaExecutor 10 started. 
I0331 02:21:45.499187 877138 AriaExecutor.h:94] AriaExecutor 11 started. 
I0331 02:21:45.499239 877139 Manager.h:224] Manager(worker id = 12) on the coordinator node started.
I0331 02:21:46.499292 877111 Coordinator.h:126] commit: 3511 abort: 86489 (0/86489/0), network size: 0, avg network size: 0, si_in_serializable: 0 0 %, local: 0 %
I0331 02:21:47.499446 877111 Coordinator.h:126] commit: 3883 abort: 96117 (0/96117/0), network size: 0, avg network size: 0, si_in_serializable: 0 0 %, local: 0 %
I0331 02:21:48.499653 877111 Coordinator.h:126] commit: 4221 abort: 105779 (0/105779/0), network size: 0, avg network size: 0, si_in_serializable: 0 0 %, local: 0 %
I0331 02:21:49.499814 877111 Coordinator.h:126] commit: 5027 abort: 124973 (0/124973/0), network size: 0, avg network size: 0, si_in_serializable: 0 0 %, local: 0 %
I0331 02:21:50.499933 877111 Coordinator.h:126] commit: 4605 abort: 115395 (0/115395/0), network size: 0, avg network size: 0, si_in_serializable: 0 0 %, local: 0 %
I0331 02:21:51.500059 877111 Coordinator.h:126] commit: 4617 abort: 115383 (0/115383/0), network size: 0, avg network size: 0, si_in_serializable: 0 0 %, local: 0 %
I0331 02:21:52.500203 877111 Coordinator.h:126] commit: 4687 abort: 115313 (0/115313/0), network size: 0, avg network size: 0, si_in_serializable: 0 0 %, local: 0 %
I0331 02:21:53.500414 877111 Coordinator.h:126] commit: 4665 abort: 115335 (0/115335/0), network size: 0, avg network size: 0, si_in_serializable: 0 0 %, local: 0 %
I0331 02:21:54.500556 877111 Coordinator.h:126] commit: 4616 abort: 115384 (0/115384/0), network size: 0, avg network size: 0, si_in_serializable: 0 0 %, local: 0 %
I0331 02:21:55.500665 877111 Coordinator.h:126] commit: 4582 abort: 115418 (0/115418/0), network size: 0, avg network size: 0, si_in_serializable: 0 0 %, local: 0 %
I0331 02:21:56.500811 877111 Coordinator.h:126] commit: 4700 abort: 115300 (0/115300/0), network size: 0, avg network size: 0, si_in_serializable: 0 0 %, local: 0 %
I0331 02:21:57.500954 877111 Coordinator.h:126] commit: 5055 abort: 124945 (0/124945/0), network size: 0, avg network size: 0, si_in_serializable: 0 0 %, local: 0 %
I0331 02:21:58.501091 877111 Coordinator.h:126] commit: 4730 abort: 115270 (0/115270/0), network size: 0, avg network size: 0, si_in_serializable: 0 0 %, local: 0 %
I0331 02:21:59.501217 877111 Coordinator.h:126] commit: 4596 abort: 115404 (0/115404/0), network size: 0, avg network size: 0, si_in_serializable: 0 0 %, local: 0 %
I0331 02:22:00.501334 877111 Coordinator.h:126] commit: 4689 abort: 115311 (0/115311/0), network size: 0, avg network size: 0, si_in_serializable: 0 0 %, local: 0 %
I0331 02:22:01.501507 877111 Coordinator.h:126] commit: 4701 abort: 115299 (0/115299/0), network size: 0, avg network size: 0, si_in_serializable: 0 0 %, local: 0 %
I0331 02:22:02.501672 877111 Coordinator.h:126] commit: 4633 abort: 115367 (0/115367/0), network size: 0, avg network size: 0, si_in_serializable: 0 0 %, local: 0 %
I0331 02:22:03.501807 877111 Coordinator.h:126] commit: 4660 abort: 115340 (0/115340/0), network size: 0, avg network size: 0, si_in_serializable: 0 0 %, local: 0 %
I0331 02:22:04.501929 877111 Coordinator.h:126] commit: 5015 abort: 124985 (0/124985/0), network size: 0, avg network size: 0, si_in_serializable: 0 0 %, local: 0 %
I0331 02:22:05.502045 877111 Coordinator.h:126] commit: 4684 abort: 115316 (0/115316/0), network size: 0, avg network size: 0, si_in_serializable: 0 0 %, local: 0 %
I0331 02:22:06.502182 877111 Coordinator.h:126] commit: 4673 abort: 115327 (0/115327/0), network size: 0, avg network size: 0, si_in_serializable: 0 0 %, local: 0 %
I0331 02:22:07.502321 877111 Coordinator.h:126] commit: 4564 abort: 115436 (0/115436/0), network size: 0, avg network size: 0, si_in_serializable: 0 0 %, local: 0 %
I0331 02:22:08.502439 877111 Coordinator.h:126] commit: 4662 abort: 115338 (0/115338/0), network size: 0, avg network size: 0, si_in_serializable: 0 0 %, local: 0 %
I0331 02:22:09.502547 877111 Coordinator.h:126] commit: 4592 abort: 115408 (0/115408/0), network size: 0, avg network size: 0, si_in_serializable: 0 0 %, local: 0 %
I0331 02:22:10.502667 877111 Coordinator.h:126] commit: 5061 abort: 124939 (0/124939/0), network size: 0, avg network size: 0, si_in_serializable: 0 0 %, local: 0 %
I0331 02:22:10.502698 877111 Coordinator.h:152] average commit: 4746.3 abort: 117254 (0/117254/0), network size: 0, avg network size: 0, si_in_serializable: 0 0 %, local: 0 %
I0331 02:22:10.502748 877111 AriaExecutor.h:646] Worker 0 latency: 80887 us (50%) 81547 us (75%) 99154 us (95%) 103434 us (99%).
I0331 02:22:10.577107 877130 AriaExecutor.h:106] AriaExecutor 3 exits. 
I0331 02:22:10.577107 877138 AriaExecutor.h:106] AriaExecutor 11 exits. 
I0331 02:22:10.577108 877133 AriaExecutor.h:106] AriaExecutor 6 exits. 
I0331 02:22:10.577121 877139 Manager.h:227] Manager(worker id = 12) on the coordinator node exits.
I0331 02:22:10.577117 877127 AriaExecutor.h:106] AriaExecutor 0 exits. 
I0331 02:22:10.577119 877128 AriaExecutor.h:106] AriaExecutor 1 exits. 
I0331 02:22:10.577119 877136 AriaExecutor.h:106] AriaExecutor 9 exits. 
I0331 02:22:10.577108 877132 AriaExecutor.h:106] AriaExecutor 5 exits. 
I0331 02:22:10.577108 877137 AriaExecutor.h:106] AriaExecutor 10 exits. 
I0331 02:22:10.577108 877135 AriaExecutor.h:106] AriaExecutor 8 exits. 
I0331 02:22:10.577108 877129 AriaExecutor.h:106] AriaExecutor 2 exits. 
I0331 02:22:10.577108 877131 AriaExecutor.h:106] AriaExecutor 4 exits. 
I0331 02:22:10.577116 877134 AriaExecutor.h:106] AriaExecutor 7 exits. 
I0331 02:22:10.577404 877111 AriaExecutor.h:646] Worker 1 latency: 80882 us (50%) 81544 us (75%) 98310 us (95%) 103353 us (99%).
I0331 02:22:10.578778 877111 AriaExecutor.h:646] Worker 2 latency: 80893 us (50%) 81543 us (75%) 98285 us (95%) 103117 us (99%).
I0331 02:22:10.580128 877111 AriaExecutor.h:646] Worker 3 latency: 80883 us (50%) 81545 us (75%) 98914 us (95%) 103581 us (99%).
I0331 02:22:10.581527 877111 AriaExecutor.h:646] Worker 4 latency: 80889 us (50%) 81549 us (75%) 98968 us (95%) 103415 us (99%).
I0331 02:22:10.582909 877111 AriaExecutor.h:646] Worker 5 latency: 80877 us (50%) 81537 us (75%) 98564 us (95%) 103137 us (99%).
I0331 02:22:10.584301 877111 AriaExecutor.h:646] Worker 6 latency: 80877 us (50%) 81549 us (75%) 99030 us (95%) 103357 us (99%).
I0331 02:22:10.585695 877111 AriaExecutor.h:646] Worker 7 latency: 80863 us (50%) 81538 us (75%) 98617 us (95%) 103145 us (99%).
I0331 02:22:10.586961 877111 AriaExecutor.h:646] Worker 8 latency: 80889 us (50%) 81549 us (75%) 98776 us (95%) 103238 us (99%).
I0331 02:22:10.588102 877111 AriaExecutor.h:646] Worker 9 latency: 80853 us (50%) 81537 us (75%) 98770 us (95%) 103018 us (99%).
I0331 02:22:10.589252 877111 AriaExecutor.h:646] Worker 10 latency: 80885 us (50%) 81538 us (75%) 98525 us (95%) 103315 us (99%).
I0331 02:22:10.590380 877111 AriaExecutor.h:646] Worker 11 latency: 80879 us (50%) 81536 us (75%) 98706 us (95%) 103252 us (99%).
I0331 02:22:10.591544 877111 Coordinator.h:177] total commit: 4746.3
I0331 02:22:11.591794 877111 Coordinator.h:192] Coordinator exits.
