I0331 01:28:50.516847 855621 Database.h:65] ycsb initialization finished in 99 milliseconds.
I0331 01:28:50.517062 855621 Coordinator.h:30] Coordinator initializes 12 workers.
I0331 01:28:50.762759 855621 Coordinator.h:77] Coordinator starts to run 13 workers.
I0331 01:28:50.762853 855637 AriaExecutor.h:82] AriaExecutor 0 started. 
I0331 01:28:50.762889 855638 AriaExecutor.h:82] AriaExecutor 1 started. 
I0331 01:28:50.763036 855640 AriaExecutor.h:82] AriaExecutor 3 started. 
I0331 01:28:50.763041 855639 AriaExecutor.h:82] AriaExecutor 2 started. 
I0331 01:28:50.763095 855641 AriaExecutor.h:82] AriaExecutor 4 started. 
I0331 01:28:50.763185 855642 AriaExecutor.h:82] AriaExecutor 5 started. 
I0331 01:28:50.763232 855643 AriaExecutor.h:82] AriaExecutor 6 started. 
I0331 01:28:50.763325 855644 AriaExecutor.h:82] AriaExecutor 7 started. 
I0331 01:28:50.763424 855645 AriaExecutor.h:82] AriaExecutor 8 started. 
I0331 01:28:50.763516 855646 AriaExecutor.h:82] AriaExecutor 9 started. 
I0331 01:28:50.763643 855647 AriaExecutor.h:82] AriaExecutor 10 started. 
I0331 01:28:50.763687 855648 AriaExecutor.h:82] AriaExecutor 11 started. 
I0331 01:28:50.763794 855649 Manager.h:224] Manager(worker id = 12) on the coordinator node started.
I0331 01:28:51.763811 855621 Coordinator.h:126] commit: 3171 abort: 86829 (0/86829/0), network size: 0, avg network size: 0, si_in_serializable: 0 0 %, local: 0 %
I0331 01:28:52.763990 855621 Coordinator.h:126] commit: 3531 abort: 96469 (0/96469/0), network size: 0, avg network size: 0, si_in_serializable: 0 0 %, local: 0 %
I0331 01:28:53.764212 855621 Coordinator.h:126] commit: 4614 abort: 125386 (0/125386/0), network size: 0, avg network size: 0, si_in_serializable: 0 0 %, local: 0 %
I0331 01:28:54.764384 855621 Coordinator.h:126] commit: 4316 abort: 115684 (0/115684/0), network size: 0, avg network size: 0, si_in_serializable: 0 0 %, local: 0 %
I0331 01:28:55.764497 855621 Coordinator.h:126] commit: 4639 abort: 125361 (0/125361/0), network size: 0, avg network size: 0, si_in_serializable: 0 0 %, local: 0 %
I0331 01:28:56.764631 855621 Coordinator.h:126] commit: 4291 abort: 115709 (0/115709/0), network size: 0, avg network size: 0, si_in_serializable: 0 0 %, local: 0 %
I0331 01:28:57.764796 855621 Coordinator.h:126] commit: 4680 abort: 125320 (0/125320/0), network size: 0, avg network size: 0, si_in_serializable: 0 0 %, local: 0 %
I0331 01:28:58.765025 855621 Coordinator.h:126] commit: 4291 abort: 115709 (0/115709/0), network size: 0, avg network size: 0, si_in_serializable: 0 0 %, local: 0 %
I0331 01:28:59.765177 855621 Coordinator.h:126] commit: 4285 abort: 115715 (0/115715/0), network size: 0, avg network size: 0, si_in_serializable: 0 0 %, local: 0 %
I0331 01:29:00.765298 855621 Coordinator.h:126] commit: 4641 abort: 125359 (0/125359/0), network size: 0, avg network size: 0, si_in_serializable: 0 0 %, local: 0 %
I0331 01:29:01.765434 855621 Coordinator.h:126] commit: 4294 abort: 115706 (0/115706/0), network size: 0, avg network size: 0, si_in_serializable: 0 0 %, local: 0 %
I0331 01:29:02.765596 855621 Coordinator.h:126] commit: 4637 abort: 125363 (0/125363/0), network size: 0, avg network size: 0, si_in_serializable: 0 0 %, local: 0 %
I0331 01:29:03.765758 855621 Coordinator.h:126] commit: 4256 abort: 115744 (0/115744/0), network size: 0, avg network size: 0, si_in_serializable: 0 0 %, local: 0 %
I0331 01:29:04.765906 855621 Coordinator.h:126] commit: 4654 abort: 125346 (0/125346/0), network size: 0, avg network size: 0, si_in_serializable: 0 0 %, local: 0 %
I0331 01:29:05.766033 855621 Coordinator.h:126] commit: 4271 abort: 115729 (0/115729/0), network size: 0, avg network size: 0, si_in_serializable: 0 0 %, local: 0 %
I0331 01:29:06.766228 855621 Coordinator.h:126] commit: 4585 abort: 125415 (0/125415/0), network size: 0, avg network size: 0, si_in_serializable: 0 0 %, local: 0 %
I0331 01:29:07.766390 855621 Coordinator.h:126] commit: 4308 abort: 115692 (0/115692/0), network size: 0, avg network size: 0, si_in_serializable: 0 0 %, local: 0 %
I0331 01:29:08.766556 855621 Coordinator.h:126] commit: 4682 abort: 125318 (0/125318/0), network size: 0, avg network size: 0, si_in_serializable: 0 0 %, local: 0 %
I0331 01:29:09.766702 855621 Coordinator.h:126] commit: 4292 abort: 115708 (0/115708/0), network size: 0, avg network size: 0, si_in_serializable: 0 0 %, local: 0 %
I0331 01:29:10.766835 855621 Coordinator.h:126] commit: 4638 abort: 125362 (0/125362/0), network size: 0, avg network size: 0, si_in_serializable: 0 0 %, local: 0 %
I0331 01:29:11.766961 855621 Coordinator.h:126] commit: 4235 abort: 115765 (0/115765/0), network size: 0, avg network size: 0, si_in_serializable: 0 0 %, local: 0 %
I0331 01:29:12.767102 855621 Coordinator.h:126] commit: 4611 abort: 125389 (0/125389/0), network size: 0, avg network size: 0, si_in_serializable: 0 0 %, local: 0 %
I0331 01:29:13.767237 855621 Coordinator.h:126] commit: 4181 abort: 115819 (0/115819/0), network size: 0, avg network size: 0, si_in_serializable: 0 0 %, local: 0 %
I0331 01:29:14.767380 855621 Coordinator.h:126] commit: 4621 abort: 125379 (0/125379/0), network size: 0, avg network size: 0, si_in_serializable: 0 0 %, local: 0 %
I0331 01:29:15.767511 855621 Coordinator.h:126] commit: 4283 abort: 115717 (0/115717/0), network size: 0, avg network size: 0, si_in_serializable: 0 0 %, local: 0 %
I0331 01:29:15.767554 855621 Coordinator.h:152] average commit: 4461.7 abort: 120538 (0/120538/0), network size: 0, avg network size: 0, si_in_serializable: 0 0 %, local: 0 %
I0331 01:29:15.767597 855621 AriaExecutor.h:535] Worker 0 latency: 79022 us (50%) 79478 us (75%) 93886 us (95%) 98687 us (99%).
I0331 01:29:15.801895 855639 AriaExecutor.h:94] AriaExecutor 2 exits. 
I0331 01:29:15.801895 855646 AriaExecutor.h:94] AriaExecutor 9 exits. 
I0331 01:29:15.801904 855637 AriaExecutor.h:94] AriaExecutor 0 exits. 
I0331 01:29:15.801905 855645 AriaExecutor.h:94] AriaExecutor 8 exits. 
I0331 01:29:15.801915 855643 AriaExecutor.h:94] AriaExecutor 6 exits. 
I0331 01:29:15.801895 855648 AriaExecutor.h:94] AriaExecutor 11 exits. 
I0331 01:29:15.801903 855647 AriaExecutor.h:94] AriaExecutor 10 exits. 
I0331 01:29:15.801899 855649 Manager.h:227] Manager(worker id = 12) on the coordinator node exits.
I0331 01:29:15.801904 855641 AriaExecutor.h:94] AriaExecutor 4 exits. 
I0331 01:29:15.801905 855642 AriaExecutor.h:94] AriaExecutor 5 exits. 
I0331 01:29:15.801895 855638 AriaExecutor.h:94] AriaExecutor 1 exits. 
I0331 01:29:15.801895 855640 AriaExecutor.h:94] AriaExecutor 3 exits. 
I0331 01:29:15.801905 855644 AriaExecutor.h:94] AriaExecutor 7 exits. 
I0331 01:29:15.802192 855621 AriaExecutor.h:535] Worker 1 latency: 79018 us (50%) 79477 us (75%) 93953 us (95%) 98729 us (99%).
I0331 01:29:15.803467 855621 AriaExecutor.h:535] Worker 2 latency: 79011 us (50%) 79477 us (75%) 93997 us (95%) 98977 us (99%).
I0331 01:29:15.804733 855621 AriaExecutor.h:535] Worker 3 latency: 79028 us (50%) 79475 us (75%) 93781 us (95%) 98666 us (99%).
I0331 01:29:15.805985 855621 AriaExecutor.h:535] Worker 4 latency: 79012 us (50%) 79478 us (75%) 94019 us (95%) 99730 us (99%).
I0331 01:29:15.807302 855621 AriaExecutor.h:535] Worker 5 latency: 79030 us (50%) 79491 us (75%) 93818 us (95%) 98779 us (99%).
I0331 01:29:15.808646 855621 AriaExecutor.h:535] Worker 6 latency: 78998 us (50%) 79467 us (75%) 93595 us (95%) 99055 us (99%).
I0331 01:29:15.809943 855621 AriaExecutor.h:535] Worker 7 latency: 79007 us (50%) 79472 us (75%) 93910 us (95%) 98189 us (99%).
I0331 01:29:15.811154 855621 AriaExecutor.h:535] Worker 8 latency: 79017 us (50%) 79472 us (75%) 93842 us (95%) 98692 us (99%).
I0331 01:29:15.812211 855621 AriaExecutor.h:535] Worker 9 latency: 79028 us (50%) 79487 us (75%) 93945 us (95%) 99152 us (99%).
I0331 01:29:15.813275 855621 AriaExecutor.h:535] Worker 10 latency: 79016 us (50%) 79468 us (75%) 93784 us (95%) 98837 us (99%).
I0331 01:29:15.814335 855621 AriaExecutor.h:535] Worker 11 latency: 79026 us (50%) 79484 us (75%) 93975 us (95%) 99209 us (99%).
I0331 01:29:15.815416 855621 Coordinator.h:177] total commit: 4461.7
I0331 01:29:16.815639 855621 Coordinator.h:192] Coordinator exits.
