I0331 01:46:28.948036 863617 Database.h:65] ycsb initialization finished in 113 milliseconds.
I0331 01:46:28.948256 863617 Coordinator.h:30] Coordinator initializes 12 workers.
I0331 01:46:29.195170 863617 Coordinator.h:77] Coordinator starts to run 13 workers.
I0331 01:46:29.195283 863633 AriaExecutor.h:82] AriaExecutor 0 started. 
I0331 01:46:29.195355 863634 AriaExecutor.h:82] AriaExecutor 1 started. 
I0331 01:46:29.195442 863635 AriaExecutor.h:82] AriaExecutor 2 started. 
I0331 01:46:29.195524 863636 AriaExecutor.h:82] AriaExecutor 3 started. 
I0331 01:46:29.195590 863637 AriaExecutor.h:82] AriaExecutor 4 started. 
I0331 01:46:29.195660 863638 AriaExecutor.h:82] AriaExecutor 5 started. 
I0331 01:46:29.195742 863639 AriaExecutor.h:82] AriaExecutor 6 started. 
I0331 01:46:29.195815 863640 AriaExecutor.h:82] AriaExecutor 7 started. 
I0331 01:46:29.195880 863641 AriaExecutor.h:82] AriaExecutor 8 started. 
I0331 01:46:29.195943 863642 AriaExecutor.h:82] AriaExecutor 9 started. 
I0331 01:46:29.196041 863643 AriaExecutor.h:82] AriaExecutor 10 started. 
I0331 01:46:29.196084 863644 AriaExecutor.h:82] AriaExecutor 11 started. 
I0331 01:46:29.196188 863645 Manager.h:224] Manager(worker id = 12) on the coordinator node started.
I0331 01:46:30.196223 863617 Coordinator.h:126] commit: 2093 abort: 87907 (0/87907/0), network size: 0, avg network size: 0, si_in_serializable: 0 0 %, local: 0 %
I0331 01:46:31.196410 863617 Coordinator.h:126] commit: 2129 abort: 87871 (0/87871/0), network size: 0, avg network size: 0, si_in_serializable: 0 0 %, local: 0 %
I0331 01:46:32.196607 863617 Coordinator.h:126] commit: 2577 abort: 107423 (0/107423/0), network size: 0, avg network size: 0, si_in_serializable: 0 0 %, local: 0 %
I0331 01:46:33.196758 863617 Coordinator.h:126] commit: 2851 abort: 117149 (0/117149/0), network size: 0, avg network size: 0, si_in_serializable: 0 0 %, local: 0 %
I0331 01:46:34.196885 863617 Coordinator.h:126] commit: 2566 abort: 107434 (0/107434/0), network size: 0, avg network size: 0, si_in_serializable: 0 0 %, local: 0 %
I0331 01:46:35.197034 863617 Coordinator.h:126] commit: 2793 abort: 117207 (0/117207/0), network size: 0, avg network size: 0, si_in_serializable: 0 0 %, local: 0 %
I0331 01:46:36.197183 863617 Coordinator.h:126] commit: 2486 abort: 107514 (0/107514/0), network size: 0, avg network size: 0, si_in_serializable: 0 0 %, local: 0 %
I0331 01:46:37.197384 863617 Coordinator.h:126] commit: 2808 abort: 117192 (0/117192/0), network size: 0, avg network size: 0, si_in_serializable: 0 0 %, local: 0 %
I0331 01:46:38.197546 863617 Coordinator.h:126] commit: 2598 abort: 107402 (0/107402/0), network size: 0, avg network size: 0, si_in_serializable: 0 0 %, local: 0 %
I0331 01:46:39.197698 863617 Coordinator.h:126] commit: 2752 abort: 117248 (0/117248/0), network size: 0, avg network size: 0, si_in_serializable: 0 0 %, local: 0 %
I0331 01:46:40.197832 863617 Coordinator.h:126] commit: 2583 abort: 107417 (0/107417/0), network size: 0, avg network size: 0, si_in_serializable: 0 0 %, local: 0 %
I0331 01:46:41.197963 863617 Coordinator.h:126] commit: 2783 abort: 117217 (0/117217/0), network size: 0, avg network size: 0, si_in_serializable: 0 0 %, local: 0 %
I0331 01:46:42.198104 863617 Coordinator.h:126] commit: 2564 abort: 107436 (0/107436/0), network size: 0, avg network size: 0, si_in_serializable: 0 0 %, local: 0 %
I0331 01:46:43.198240 863617 Coordinator.h:126] commit: 2781 abort: 117219 (0/117219/0), network size: 0, avg network size: 0, si_in_serializable: 0 0 %, local: 0 %
I0331 01:46:44.198453 863617 Coordinator.h:126] commit: 2599 abort: 107401 (0/107401/0), network size: 0, avg network size: 0, si_in_serializable: 0 0 %, local: 0 %
I0331 01:46:45.198616 863617 Coordinator.h:126] commit: 2787 abort: 117213 (0/117213/0), network size: 0, avg network size: 0, si_in_serializable: 0 0 %, local: 0 %
I0331 01:46:46.198758 863617 Coordinator.h:126] commit: 2586 abort: 107414 (0/107414/0), network size: 0, avg network size: 0, si_in_serializable: 0 0 %, local: 0 %
I0331 01:46:47.198894 863617 Coordinator.h:126] commit: 2756 abort: 117244 (0/117244/0), network size: 0, avg network size: 0, si_in_serializable: 0 0 %, local: 0 %
I0331 01:46:48.199026 863617 Coordinator.h:126] commit: 2797 abort: 117203 (0/117203/0), network size: 0, avg network size: 0, si_in_serializable: 0 0 %, local: 0 %
I0331 01:46:49.199156 863617 Coordinator.h:126] commit: 2557 abort: 107443 (0/107443/0), network size: 0, avg network size: 0, si_in_serializable: 0 0 %, local: 0 %
I0331 01:46:50.199288 863617 Coordinator.h:126] commit: 2792 abort: 117208 (0/117208/0), network size: 0, avg network size: 0, si_in_serializable: 0 0 %, local: 0 %
I0331 01:46:51.199414 863617 Coordinator.h:126] commit: 2613 abort: 107387 (0/107387/0), network size: 0, avg network size: 0, si_in_serializable: 0 0 %, local: 0 %
I0331 01:46:52.199548 863617 Coordinator.h:126] commit: 2831 abort: 117169 (0/117169/0), network size: 0, avg network size: 0, si_in_serializable: 0 0 %, local: 0 %
I0331 01:46:53.199672 863617 Coordinator.h:126] commit: 2564 abort: 107436 (0/107436/0), network size: 0, avg network size: 0, si_in_serializable: 0 0 %, local: 0 %
I0331 01:46:54.199792 863617 Coordinator.h:126] commit: 2772 abort: 117228 (0/117228/0), network size: 0, avg network size: 0, si_in_serializable: 0 0 %, local: 0 %
I0331 01:46:54.199832 863617 Coordinator.h:152] average commit: 2679.3 abort: 112321 (0/112321/0), network size: 0, avg network size: 0, si_in_serializable: 0 0 %, local: 0 %
I0331 01:46:54.199877 863617 AriaExecutor.h:535] Worker 0 latency: 85849 us (50%) 86238 us (75%) 103162 us (95%) 119007 us (99%).
I0331 01:46:54.267869 863633 AriaExecutor.h:94] AriaExecutor 0 exits. 
I0331 01:46:54.267869 863639 AriaExecutor.h:94] AriaExecutor 6 exits. 
I0331 01:46:54.267869 863641 AriaExecutor.h:94] AriaExecutor 8 exits. 
I0331 01:46:54.267869 863637 AriaExecutor.h:94] AriaExecutor 4 exits. 
I0331 01:46:54.267877 863643 AriaExecutor.h:94] AriaExecutor 10 exits. 
I0331 01:46:54.267882 863645 Manager.h:227] Manager(worker id = 12) on the coordinator node exits.
I0331 01:46:54.267869 863636 AriaExecutor.h:94] AriaExecutor 3 exits. 
I0331 01:46:54.267869 863642 AriaExecutor.h:94] AriaExecutor 9 exits. 
I0331 01:46:54.267869 863644 AriaExecutor.h:94] AriaExecutor 11 exits. 
I0331 01:46:54.267879 863640 AriaExecutor.h:94] AriaExecutor 7 exits. 
I0331 01:46:54.267877 863635 AriaExecutor.h:94] AriaExecutor 2 exits. 
I0331 01:46:54.267869 863634 AriaExecutor.h:94] AriaExecutor 1 exits. 
I0331 01:46:54.267879 863638 AriaExecutor.h:94] AriaExecutor 5 exits. 
I0331 01:46:54.268163 863617 AriaExecutor.h:535] Worker 1 latency: 85828 us (50%) 86216 us (75%) 102992 us (95%) 119605 us (99%).
I0331 01:46:54.269098 863617 AriaExecutor.h:535] Worker 2 latency: 85842 us (50%) 86230 us (75%) 102912 us (95%) 105789 us (99%).
I0331 01:46:54.269981 863617 AriaExecutor.h:535] Worker 3 latency: 85837 us (50%) 86223 us (75%) 103072 us (95%) 116508 us (99%).
I0331 01:46:54.270876 863617 AriaExecutor.h:535] Worker 4 latency: 85847 us (50%) 86231 us (75%) 103023 us (95%) 106191 us (99%).
I0331 01:46:54.271798 863617 AriaExecutor.h:535] Worker 5 latency: 85854 us (50%) 86236 us (75%) 102910 us (95%) 117539 us (99%).
I0331 01:46:54.272719 863617 AriaExecutor.h:535] Worker 6 latency: 85839 us (50%) 86224 us (75%) 102770 us (95%) 117944 us (99%).
I0331 01:46:54.273627 863617 AriaExecutor.h:535] Worker 7 latency: 85838 us (50%) 86218 us (75%) 102920 us (95%) 115892 us (99%).
I0331 01:46:54.274516 863617 AriaExecutor.h:535] Worker 8 latency: 85857 us (50%) 86244 us (75%) 102984 us (95%) 117768 us (99%).
I0331 01:46:54.275422 863617 AriaExecutor.h:535] Worker 9 latency: 85851 us (50%) 86235 us (75%) 103063 us (95%) 119358 us (99%).
I0331 01:46:54.276338 863617 AriaExecutor.h:535] Worker 10 latency: 85853 us (50%) 86227 us (75%) 103158 us (95%) 120136 us (99%).
I0331 01:46:54.277236 863617 AriaExecutor.h:535] Worker 11 latency: 85840 us (50%) 86226 us (75%) 103003 us (95%) 117768 us (99%).
I0331 01:46:54.278163 863617 Coordinator.h:177] total commit: 2679.3
I0331 01:46:55.278399 863617 Coordinator.h:192] Coordinator exits.
