I0331 01:56:37.099076 867513 Database.h:65] ycsb initialization finished in 96 milliseconds.
I0331 01:56:37.099301 867513 Coordinator.h:30] Coordinator initializes 12 workers.
I0331 01:56:37.185791 867513 Coordinator.h:77] Coordinator starts to run 13 workers.
I0331 01:56:37.185901 867535 AriaExecutor.h:82] AriaExecutor 0 started. 
I0331 01:56:37.185940 867536 AriaExecutor.h:82] AriaExecutor 1 started. 
I0331 01:56:37.186056 867537 AriaExecutor.h:82] AriaExecutor 2 started. 
I0331 01:56:37.186089 867538 AriaExecutor.h:82] AriaExecutor 3 started. 
I0331 01:56:37.186198 867539 AriaExecutor.h:82] AriaExecutor 4 started. 
I0331 01:56:37.186321 867540 AriaExecutor.h:82] AriaExecutor 5 started. 
I0331 01:56:37.186342 867541 AriaExecutor.h:82] AriaExecutor 6 started. 
I0331 01:56:37.186452 867542 AriaExecutor.h:82] AriaExecutor 7 started. 
I0331 01:56:37.186570 867543 AriaExecutor.h:82] AriaExecutor 8 started. 
I0331 01:56:37.186619 867544 AriaExecutor.h:82] AriaExecutor 9 started. 
I0331 01:56:37.186715 867545 AriaExecutor.h:82] AriaExecutor 10 started. 
I0331 01:56:37.186831 867546 AriaExecutor.h:82] AriaExecutor 11 started. 
I0331 01:56:37.186956 867547 Manager.h:224] Manager(worker id = 12) on the coordinator node started.
I0331 01:56:38.186976 867513 Coordinator.h:126] commit: 758 abort: 95242 (0/95242/0), network size: 0, avg network size: 0, si_in_serializable: 0 0 %, local: 0 %
I0331 01:56:39.187144 867513 Coordinator.h:126] commit: 887 abort: 110113 (0/110113/0), network size: 0, avg network size: 0, si_in_serializable: 0 0 %, local: 0 %
I0331 01:56:40.187322 867513 Coordinator.h:126] commit: 965 abort: 119035 (0/119035/0), network size: 0, avg network size: 0, si_in_serializable: 0 0 %, local: 0 %
I0331 01:56:41.187456 867513 Coordinator.h:126] commit: 934 abort: 119066 (0/119066/0), network size: 0, avg network size: 0, si_in_serializable: 0 0 %, local: 0 %
I0331 01:56:42.187587 867513 Coordinator.h:126] commit: 989 abort: 122011 (0/122011/0), network size: 0, avg network size: 0, si_in_serializable: 0 0 %, local: 0 %
I0331 01:56:43.187721 867513 Coordinator.h:126] commit: 953 abort: 119047 (0/119047/0), network size: 0, avg network size: 0, si_in_serializable: 0 0 %, local: 0 %
I0331 01:56:44.187839 867513 Coordinator.h:126] commit: 925 abort: 119075 (0/119075/0), network size: 0, avg network size: 0, si_in_serializable: 0 0 %, local: 0 %
I0331 01:56:45.188024 867513 Coordinator.h:126] commit: 981 abort: 119019 (0/119019/0), network size: 0, avg network size: 0, si_in_serializable: 0 0 %, local: 0 %
I0331 01:56:46.188174 867513 Coordinator.h:126] commit: 967 abort: 119033 (0/119033/0), network size: 0, avg network size: 0, si_in_serializable: 0 0 %, local: 0 %
I0331 01:56:47.188278 867513 Coordinator.h:126] commit: 980 abort: 122020 (0/122020/0), network size: 0, avg network size: 0, si_in_serializable: 0 0 %, local: 0 %
I0331 01:56:48.188421 867513 Coordinator.h:126] commit: 965 abort: 119035 (0/119035/0), network size: 0, avg network size: 0, si_in_serializable: 0 0 %, local: 0 %
I0331 01:56:49.188536 867513 Coordinator.h:126] commit: 951 abort: 119049 (0/119049/0), network size: 0, avg network size: 0, si_in_serializable: 0 0 %, local: 0 %
I0331 01:56:50.188649 867513 Coordinator.h:126] commit: 933 abort: 119067 (0/119067/0), network size: 0, avg network size: 0, si_in_serializable: 0 0 %, local: 0 %
I0331 01:56:51.188776 867513 Coordinator.h:126] commit: 1004 abort: 121996 (0/121996/0), network size: 0, avg network size: 0, si_in_serializable: 0 0 %, local: 0 %
I0331 01:56:52.188915 867513 Coordinator.h:126] commit: 939 abort: 119061 (0/119061/0), network size: 0, avg network size: 0, si_in_serializable: 0 0 %, local: 0 %
I0331 01:56:53.189054 867513 Coordinator.h:126] commit: 962 abort: 119038 (0/119038/0), network size: 0, avg network size: 0, si_in_serializable: 0 0 %, local: 0 %
I0331 01:56:54.189172 867513 Coordinator.h:126] commit: 938 abort: 119062 (0/119062/0), network size: 0, avg network size: 0, si_in_serializable: 0 0 %, local: 0 %
I0331 01:56:55.189287 867513 Coordinator.h:126] commit: 939 abort: 119061 (0/119061/0), network size: 0, avg network size: 0, si_in_serializable: 0 0 %, local: 0 %
I0331 01:56:56.189414 867513 Coordinator.h:126] commit: 958 abort: 119042 (0/119042/0), network size: 0, avg network size: 0, si_in_serializable: 0 0 %, local: 0 %
I0331 01:56:57.189611 867513 Coordinator.h:126] commit: 979 abort: 122021 (0/122021/0), network size: 0, avg network size: 0, si_in_serializable: 0 0 %, local: 0 %
I0331 01:56:58.189760 867513 Coordinator.h:126] commit: 905 abort: 119095 (0/119095/0), network size: 0, avg network size: 0, si_in_serializable: 0 0 %, local: 0 %
I0331 01:56:59.189881 867513 Coordinator.h:126] commit: 990 abort: 119010 (0/119010/0), network size: 0, avg network size: 0, si_in_serializable: 0 0 %, local: 0 %
I0331 01:57:00.189996 867513 Coordinator.h:126] commit: 934 abort: 119066 (0/119066/0), network size: 0, avg network size: 0, si_in_serializable: 0 0 %, local: 0 %
I0331 01:57:01.190142 867513 Coordinator.h:126] commit: 915 abort: 119085 (0/119085/0), network size: 0, avg network size: 0, si_in_serializable: 0 0 %, local: 0 %
I0331 01:57:02.190284 867513 Coordinator.h:126] commit: 981 abort: 122019 (0/122019/0), network size: 0, avg network size: 0, si_in_serializable: 0 0 %, local: 0 %
I0331 01:57:02.190336 867513 Coordinator.h:152] average commit: 956.8 abort: 119643 (0/119643/0), network size: 0, avg network size: 0, si_in_serializable: 0 0 %, local: 0 %
I0331 01:57:02.190384 867513 AriaExecutor.h:535] Worker 0 latency: 24748 us (50%) 24844 us (75%) 25895 us (95%) 30684 us (99%).
I0331 01:57:02.209715 867537 AriaExecutor.h:94] AriaExecutor 2 exits. 
I0331 01:57:02.209715 867542 AriaExecutor.h:94] AriaExecutor 7 exits. 
I0331 01:57:02.209723 867538 AriaExecutor.h:94] AriaExecutor 3 exits. 
I0331 01:57:02.209717 867541 AriaExecutor.h:94] AriaExecutor 6 exits. 
I0331 01:57:02.209717 867545 AriaExecutor.h:94] AriaExecutor 10 exits. 
I0331 01:57:02.209717 867536 AriaExecutor.h:94] AriaExecutor 1 exits. 
I0331 01:57:02.209724 867546 AriaExecutor.h:94] AriaExecutor 11 exits. 
I0331 01:57:02.209717 867543 AriaExecutor.h:94] AriaExecutor 8 exits. 
I0331 01:57:02.209726 867535 AriaExecutor.h:94] AriaExecutor 0 exits. 
I0331 01:57:02.209728 867547 Manager.h:227] Manager(worker id = 12) on the coordinator node exits.
I0331 01:57:02.209725 867544 AriaExecutor.h:94] AriaExecutor 9 exits. 
I0331 01:57:02.209717 867540 AriaExecutor.h:94] AriaExecutor 5 exits. 
I0331 01:57:02.209717 867539 AriaExecutor.h:94] AriaExecutor 4 exits. 
I0331 01:57:02.209981 867513 AriaExecutor.h:535] Worker 1 latency: 24738 us (50%) 24832 us (75%) 25848 us (95%) 30634 us (99%).
I0331 01:57:02.210327 867513 AriaExecutor.h:535] Worker 2 latency: 24735 us (50%) 24830 us (75%) 25860 us (95%) 30640 us (99%).
I0331 01:57:02.210645 867513 AriaExecutor.h:535] Worker 3 latency: 24729 us (50%) 24827 us (75%) 25896 us (95%) 30658 us (99%).
I0331 01:57:02.210958 867513 AriaExecutor.h:535] Worker 4 latency: 24726 us (50%) 24820 us (75%) 25781 us (95%) 30633 us (99%).
I0331 01:57:02.211315 867513 AriaExecutor.h:535] Worker 5 latency: 24731 us (50%) 24827 us (75%) 25797 us (95%) 30600 us (99%).
I0331 01:57:02.211666 867513 AriaExecutor.h:535] Worker 6 latency: 24716 us (50%) 24822 us (75%) 25894 us (95%) 30601 us (99%).
I0331 01:57:02.211988 867513 AriaExecutor.h:535] Worker 7 latency: 24720 us (50%) 24820 us (75%) 25774 us (95%) 30576 us (99%).
I0331 01:57:02.212288 867513 AriaExecutor.h:535] Worker 8 latency: 24716 us (50%) 24818 us (75%) 25821 us (95%) 30588 us (99%).
I0331 01:57:02.212559 867513 AriaExecutor.h:535] Worker 9 latency: 24708 us (50%) 24812 us (75%) 25878 us (95%) 30586 us (99%).
I0331 01:57:02.212821 867513 AriaExecutor.h:535] Worker 10 latency: 24703 us (50%) 24810 us (75%) 25812 us (95%) 30579 us (99%).
I0331 01:57:02.213081 867513 AriaExecutor.h:535] Worker 11 latency: 24703 us (50%) 24820 us (75%) 25874 us (95%) 30580 us (99%).
I0331 01:57:02.213353 867513 Coordinator.h:177] total commit: 956.8
I0331 01:57:03.213582 867513 Coordinator.h:192] Coordinator exits.
