I0331 01:53:58.357606 866506 Database.h:65] ycsb initialization finished in 96 milliseconds.
I0331 01:53:58.357848 866506 Coordinator.h:30] Coordinator initializes 12 workers.
I0331 01:53:58.538760 866506 Coordinator.h:77] Coordinator starts to run 13 workers.
I0331 01:53:58.538849 866522 AriaExecutor.h:82] AriaExecutor 0 started. 
I0331 01:53:58.538903 866523 AriaExecutor.h:82] AriaExecutor 1 started. 
I0331 01:53:58.539011 866524 AriaExecutor.h:82] AriaExecutor 2 started. 
I0331 01:53:58.539134 866525 AriaExecutor.h:82] AriaExecutor 3 started. 
I0331 01:53:58.539170 866526 AriaExecutor.h:82] AriaExecutor 4 started. 
I0331 01:53:58.539271 866527 AriaExecutor.h:82] AriaExecutor 5 started. 
I0331 01:53:58.539330 866528 AriaExecutor.h:82] AriaExecutor 6 started. 
I0331 01:53:58.539433 866529 AriaExecutor.h:82] AriaExecutor 7 started. 
I0331 01:53:58.539479 866530 AriaExecutor.h:82] AriaExecutor 8 started. 
I0331 01:53:58.539572 866531 AriaExecutor.h:82] AriaExecutor 9 started. 
I0331 01:53:58.539633 866532 AriaExecutor.h:82] AriaExecutor 10 started. 
I0331 01:53:58.539731 866533 AriaExecutor.h:82] AriaExecutor 11 started. 
I0331 01:53:58.539855 866534 Manager.h:224] Manager(worker id = 12) on the coordinator node started.
I0331 01:53:59.539865 866506 Coordinator.h:126] commit: 884 abort: 90116 (0/90116/0), network size: 0, avg network size: 0, si_in_serializable: 0 0 %, local: 0 %
I0331 01:54:00.540045 866506 Coordinator.h:126] commit: 1073 abort: 103927 (0/103927/0), network size: 0, avg network size: 0, si_in_serializable: 0 0 %, local: 0 %
I0331 01:54:01.540230 866506 Coordinator.h:126] commit: 1184 abort: 117816 (0/117816/0), network size: 0, avg network size: 0, si_in_serializable: 0 0 %, local: 0 %
I0331 01:54:02.540405 866506 Coordinator.h:126] commit: 1153 abort: 117847 (0/117847/0), network size: 0, avg network size: 0, si_in_serializable: 0 0 %, local: 0 %
I0331 01:54:03.540544 866506 Coordinator.h:126] commit: 1155 abort: 117845 (0/117845/0), network size: 0, avg network size: 0, si_in_serializable: 0 0 %, local: 0 %
I0331 01:54:04.540678 866506 Coordinator.h:126] commit: 1170 abort: 117830 (0/117830/0), network size: 0, avg network size: 0, si_in_serializable: 0 0 %, local: 0 %
I0331 01:54:05.540812 866506 Coordinator.h:126] commit: 1164 abort: 117836 (0/117836/0), network size: 0, avg network size: 0, si_in_serializable: 0 0 %, local: 0 %
I0331 01:54:06.541002 866506 Coordinator.h:126] commit: 1124 abort: 117876 (0/117876/0), network size: 0, avg network size: 0, si_in_serializable: 0 0 %, local: 0 %
I0331 01:54:07.541152 866506 Coordinator.h:126] commit: 1115 abort: 117885 (0/117885/0), network size: 0, avg network size: 0, si_in_serializable: 0 0 %, local: 0 %
I0331 01:54:08.541281 866506 Coordinator.h:126] commit: 1181 abort: 117819 (0/117819/0), network size: 0, avg network size: 0, si_in_serializable: 0 0 %, local: 0 %
I0331 01:54:09.541417 866506 Coordinator.h:126] commit: 1179 abort: 117821 (0/117821/0), network size: 0, avg network size: 0, si_in_serializable: 0 0 %, local: 0 %
I0331 01:54:10.541536 866506 Coordinator.h:126] commit: 1194 abort: 117806 (0/117806/0), network size: 0, avg network size: 0, si_in_serializable: 0 0 %, local: 0 %
I0331 01:54:11.541659 866506 Coordinator.h:126] commit: 1148 abort: 117852 (0/117852/0), network size: 0, avg network size: 0, si_in_serializable: 0 0 %, local: 0 %
I0331 01:54:12.541786 866506 Coordinator.h:126] commit: 1157 abort: 117843 (0/117843/0), network size: 0, avg network size: 0, si_in_serializable: 0 0 %, local: 0 %
I0331 01:54:13.541908 866506 Coordinator.h:126] commit: 1183 abort: 117817 (0/117817/0), network size: 0, avg network size: 0, si_in_serializable: 0 0 %, local: 0 %
I0331 01:54:14.542042 866506 Coordinator.h:126] commit: 1171 abort: 117829 (0/117829/0), network size: 0, avg network size: 0, si_in_serializable: 0 0 %, local: 0 %
I0331 01:54:15.542181 866506 Coordinator.h:126] commit: 1171 abort: 117829 (0/117829/0), network size: 0, avg network size: 0, si_in_serializable: 0 0 %, local: 0 %
I0331 01:54:16.542363 866506 Coordinator.h:126] commit: 1163 abort: 117837 (0/117837/0), network size: 0, avg network size: 0, si_in_serializable: 0 0 %, local: 0 %
I0331 01:54:17.542528 866506 Coordinator.h:126] commit: 1151 abort: 117849 (0/117849/0), network size: 0, avg network size: 0, si_in_serializable: 0 0 %, local: 0 %
I0331 01:54:18.542660 866506 Coordinator.h:126] commit: 1149 abort: 117851 (0/117851/0), network size: 0, avg network size: 0, si_in_serializable: 0 0 %, local: 0 %
I0331 01:54:19.542783 866506 Coordinator.h:126] commit: 1130 abort: 117870 (0/117870/0), network size: 0, avg network size: 0, si_in_serializable: 0 0 %, local: 0 %
I0331 01:54:20.542909 866506 Coordinator.h:126] commit: 1127 abort: 117873 (0/117873/0), network size: 0, avg network size: 0, si_in_serializable: 0 0 %, local: 0 %
I0331 01:54:21.543040 866506 Coordinator.h:126] commit: 1208 abort: 117792 (0/117792/0), network size: 0, avg network size: 0, si_in_serializable: 0 0 %, local: 0 %
I0331 01:54:22.543186 866506 Coordinator.h:126] commit: 1253 abort: 124747 (0/124747/0), network size: 0, avg network size: 0, si_in_serializable: 0 0 %, local: 0 %
I0331 01:54:23.543331 866506 Coordinator.h:126] commit: 1225 abort: 117775 (0/117775/0), network size: 0, avg network size: 0, si_in_serializable: 0 0 %, local: 0 %
I0331 01:54:23.543378 866506 Coordinator.h:152] average commit: 1166.6 abort: 117833 (0/117833/0), network size: 0, avg network size: 0, si_in_serializable: 0 0 %, local: 0 %
I0331 01:54:23.543421 866506 AriaExecutor.h:535] Worker 0 latency: 58440 us (50%) 58628 us (75%) 62354 us (95%) 71956 us (99%).
I0331 01:54:23.601542 866525 AriaExecutor.h:94] AriaExecutor 3 exits. 
I0331 01:54:23.601542 866529 AriaExecutor.h:94] AriaExecutor 7 exits. 
I0331 01:54:23.601549 866522 AriaExecutor.h:94] AriaExecutor 0 exits. 
I0331 01:54:23.601554 866527 AriaExecutor.h:94] AriaExecutor 5 exits. 
I0331 01:54:23.601542 866530 AriaExecutor.h:94] AriaExecutor 8 exits. 
I0331 01:54:23.601552 866531 AriaExecutor.h:94] AriaExecutor 9 exits. 
I0331 01:54:23.601552 866532 AriaExecutor.h:94] AriaExecutor 10 exits. 
I0331 01:54:23.601552 866533 AriaExecutor.h:94] AriaExecutor 11 exits. 
I0331 01:54:23.601557 866534 Manager.h:227] Manager(worker id = 12) on the coordinator node exits.
I0331 01:54:23.601554 866528 AriaExecutor.h:94] AriaExecutor 6 exits. 
I0331 01:54:23.601542 866523 AriaExecutor.h:94] AriaExecutor 1 exits. 
I0331 01:54:23.601555 866524 AriaExecutor.h:94] AriaExecutor 2 exits. 
I0331 01:54:23.601554 866526 AriaExecutor.h:94] AriaExecutor 4 exits. 
I0331 01:54:23.601836 866506 AriaExecutor.h:535] Worker 1 latency: 58424 us (50%) 58612 us (75%) 62345 us (95%) 72034 us (99%).
I0331 01:54:23.602216 866506 AriaExecutor.h:535] Worker 2 latency: 58429 us (50%) 58609 us (75%) 62427 us (95%) 72168 us (99%).
I0331 01:54:23.602569 866506 AriaExecutor.h:535] Worker 3 latency: 58420 us (50%) 58605 us (75%) 62395 us (95%) 72155 us (99%).
I0331 01:54:23.602912 866506 AriaExecutor.h:535] Worker 4 latency: 58424 us (50%) 58606 us (75%) 62397 us (95%) 71961 us (99%).
I0331 01:54:23.603315 866506 AriaExecutor.h:535] Worker 5 latency: 58428 us (50%) 58614 us (75%) 62422 us (95%) 72018 us (99%).
I0331 01:54:23.603693 866506 AriaExecutor.h:535] Worker 6 latency: 58417 us (50%) 58607 us (75%) 62417 us (95%) 71943 us (99%).
I0331 01:54:23.604056 866506 AriaExecutor.h:535] Worker 7 latency: 58422 us (50%) 58602 us (75%) 62387 us (95%) 72172 us (99%).
I0331 01:54:23.604434 866506 AriaExecutor.h:535] Worker 8 latency: 58409 us (50%) 58597 us (75%) 62346 us (95%) 71859 us (99%).
I0331 01:54:23.604792 866506 AriaExecutor.h:535] Worker 9 latency: 58417 us (50%) 58613 us (75%) 62587 us (95%) 72715 us (99%).
I0331 01:54:23.605125 866506 AriaExecutor.h:535] Worker 10 latency: 58407 us (50%) 58591 us (75%) 62381 us (95%) 72314 us (99%).
I0331 01:54:23.605473 866506 AriaExecutor.h:535] Worker 11 latency: 58403 us (50%) 58597 us (75%) 62576 us (95%) 72058 us (99%).
I0331 01:54:23.605841 866506 Coordinator.h:177] total commit: 1166.6
I0331 01:54:24.606048 866506 Coordinator.h:192] Coordinator exits.
