I0331 02:38:03.632064 883548 Database.h:65] ycsb initialization finished in 99 milliseconds.
I0331 02:38:03.632216 883548 Coordinator.h:30] Coordinator initializes 12 workers.
I0331 02:38:03.802646 883548 Coordinator.h:77] Coordinator starts to run 13 workers.
I0331 02:38:03.802755 883567 AriaExecutor.h:94] AriaExecutor 0 started. 
I0331 02:38:03.802814 883568 AriaExecutor.h:94] AriaExecutor 1 started. 
I0331 02:38:03.802915 883569 AriaExecutor.h:94] AriaExecutor 2 started. 
I0331 02:38:03.802970 883570 AriaExecutor.h:94] AriaExecutor 3 started. 
I0331 02:38:03.803061 883571 AriaExecutor.h:94] AriaExecutor 4 started. 
I0331 02:38:03.803176 883572 AriaExecutor.h:94] AriaExecutor 5 started. 
I0331 02:38:03.803290 883573 AriaExecutor.h:94] AriaExecutor 6 started. 
I0331 02:38:03.803339 883574 AriaExecutor.h:94] AriaExecutor 7 started. 
I0331 02:38:03.803427 883575 AriaExecutor.h:94] AriaExecutor 8 started. 
I0331 02:38:03.803484 883576 AriaExecutor.h:94] AriaExecutor 9 started. 
I0331 02:38:03.803586 883577 AriaExecutor.h:94] AriaExecutor 10 started. 
I0331 02:38:03.803640 883578 AriaExecutor.h:94] AriaExecutor 11 started. 
I0331 02:38:03.803721 883579 Manager.h:224] Manager(worker id = 12) on the coordinator node started.
I0331 02:38:04.803776 883548 Coordinator.h:126] commit: 754 abort: 104246 (0/104246/0), network size: 0, avg network size: 0, si_in_serializable: 0 0 %, local: 0 %
I0331 02:38:05.803942 883548 Coordinator.h:126] commit: 862 abort: 118138 (0/118138/0), network size: 0, avg network size: 0, si_in_serializable: 0 0 %, local: 0 %
I0331 02:38:06.804126 883548 Coordinator.h:126] commit: 980 abort: 132020 (0/132020/0), network size: 0, avg network size: 0, si_in_serializable: 0 0 %, local: 0 %
I0331 02:38:07.804297 883548 Coordinator.h:126] commit: 926 abort: 132074 (0/132074/0), network size: 0, avg network size: 0, si_in_serializable: 0 0 %, local: 0 %
I0331 02:38:08.804432 883548 Coordinator.h:126] commit: 923 abort: 132077 (0/132077/0), network size: 0, avg network size: 0, si_in_serializable: 0 0 %, local: 0 %
I0331 02:38:09.804550 883548 Coordinator.h:126] commit: 904 abort: 125096 (0/125096/0), network size: 0, avg network size: 0, si_in_serializable: 0 0 %, local: 0 %
I0331 02:38:10.804665 883548 Coordinator.h:126] commit: 970 abort: 132030 (0/132030/0), network size: 0, avg network size: 0, si_in_serializable: 0 0 %, local: 0 %
I0331 02:38:11.804858 883548 Coordinator.h:126] commit: 952 abort: 132048 (0/132048/0), network size: 0, avg network size: 0, si_in_serializable: 0 0 %, local: 0 %
I0331 02:38:12.805020 883548 Coordinator.h:126] commit: 900 abort: 125100 (0/125100/0), network size: 0, avg network size: 0, si_in_serializable: 0 0 %, local: 0 %
I0331 02:38:13.805161 883548 Coordinator.h:126] commit: 977 abort: 132023 (0/132023/0), network size: 0, avg network size: 0, si_in_serializable: 0 0 %, local: 0 %
I0331 02:38:14.805291 883548 Coordinator.h:126] commit: 941 abort: 132059 (0/132059/0), network size: 0, avg network size: 0, si_in_serializable: 0 0 %, local: 0 %
I0331 02:38:15.805430 883548 Coordinator.h:126] commit: 985 abort: 132015 (0/132015/0), network size: 0, avg network size: 0, si_in_serializable: 0 0 %, local: 0 %
I0331 02:38:16.805555 883548 Coordinator.h:126] commit: 850 abort: 125150 (0/125150/0), network size: 0, avg network size: 0, si_in_serializable: 0 0 %, local: 0 %
I0331 02:38:17.805702 883548 Coordinator.h:126] commit: 911 abort: 132089 (0/132089/0), network size: 0, avg network size: 0, si_in_serializable: 0 0 %, local: 0 %
I0331 02:38:18.805842 883548 Coordinator.h:126] commit: 962 abort: 132038 (0/132038/0), network size: 0, avg network size: 0, si_in_serializable: 0 0 %, local: 0 %
I0331 02:38:19.805959 883548 Coordinator.h:126] commit: 923 abort: 132077 (0/132077/0), network size: 0, avg network size: 0, si_in_serializable: 0 0 %, local: 0 %
I0331 02:38:20.806123 883548 Coordinator.h:126] commit: 841 abort: 125159 (0/125159/0), network size: 0, avg network size: 0, si_in_serializable: 0 0 %, local: 0 %
I0331 02:38:21.806277 883548 Coordinator.h:126] commit: 953 abort: 132047 (0/132047/0), network size: 0, avg network size: 0, si_in_serializable: 0 0 %, local: 0 %
I0331 02:38:22.806420 883548 Coordinator.h:126] commit: 916 abort: 125084 (0/125084/0), network size: 0, avg network size: 0, si_in_serializable: 0 0 %, local: 0 %
I0331 02:38:23.806552 883548 Coordinator.h:126] commit: 971 abort: 132029 (0/132029/0), network size: 0, avg network size: 0, si_in_serializable: 0 0 %, local: 0 %
I0331 02:38:24.806680 883548 Coordinator.h:126] commit: 933 abort: 132067 (0/132067/0), network size: 0, avg network size: 0, si_in_serializable: 0 0 %, local: 0 %
I0331 02:38:25.806800 883548 Coordinator.h:126] commit: 882 abort: 125118 (0/125118/0), network size: 0, avg network size: 0, si_in_serializable: 0 0 %, local: 0 %
I0331 02:38:26.806926 883548 Coordinator.h:126] commit: 946 abort: 132054 (0/132054/0), network size: 0, avg network size: 0, si_in_serializable: 0 0 %, local: 0 %
I0331 02:38:27.807070 883548 Coordinator.h:126] commit: 982 abort: 132018 (0/132018/0), network size: 0, avg network size: 0, si_in_serializable: 0 0 %, local: 0 %
I0331 02:38:28.807197 883548 Coordinator.h:126] commit: 901 abort: 125099 (0/125099/0), network size: 0, avg network size: 0, si_in_serializable: 0 0 %, local: 0 %
I0331 02:38:28.807235 883548 Coordinator.h:152] average commit: 925.3 abort: 129975 (0/129975/0), network size: 0, avg network size: 0, si_in_serializable: 0 0 %, local: 0 %
I0331 02:38:28.807281 883548 AriaExecutor.h:646] Worker 0 latency: 52771 us (50%) 53664 us (75%) 55416 us (95%) 62644 us (99%).
I0331 02:38:28.825088 883576 AriaExecutor.h:106] AriaExecutor 9 exits. 
I0331 02:38:28.825093 883579 Manager.h:227] Manager(worker id = 12) on the coordinator node exits.
I0331 02:38:28.825093 883571 AriaExecutor.h:106] AriaExecutor 4 exits. 
I0331 02:38:28.825098 883573 AriaExecutor.h:106] AriaExecutor 6 exits. 
I0331 02:38:28.825096 883568 AriaExecutor.h:106] AriaExecutor 1 exits. 
I0331 02:38:28.825098 883572 AriaExecutor.h:106] AriaExecutor 5 exits. 
I0331 02:38:28.825093 883569 AriaExecutor.h:106] AriaExecutor 2 exits. 
I0331 02:38:28.825095 883578 AriaExecutor.h:106] AriaExecutor 11 exits. 
I0331 02:38:28.825095 883567 AriaExecutor.h:106] AriaExecutor 0 exits. 
I0331 02:38:28.825088 883575 AriaExecutor.h:106] AriaExecutor 8 exits. 
I0331 02:38:28.825088 883577 AriaExecutor.h:106] AriaExecutor 10 exits. 
I0331 02:38:28.825099 883570 AriaExecutor.h:106] AriaExecutor 3 exits. 
I0331 02:38:28.825094 883574 AriaExecutor.h:106] AriaExecutor 7 exits. 
I0331 02:38:28.825354 883548 AriaExecutor.h:646] Worker 1 latency: 52768 us (50%) 53642 us (75%) 55561 us (95%) 62588 us (99%).
I0331 02:38:28.825649 883548 AriaExecutor.h:646] Worker 2 latency: 52770 us (50%) 53659 us (75%) 55506 us (95%) 63246 us (99%).
I0331 02:38:28.825934 883548 AriaExecutor.h:646] Worker 3 latency: 52738 us (50%) 53560 us (75%) 55433 us (95%) 62534 us (99%).
I0331 02:38:28.826218 883548 AriaExecutor.h:646] Worker 4 latency: 52703 us (50%) 53593 us (75%) 55398 us (95%) 63118 us (99%).
I0331 02:38:28.826541 883548 AriaExecutor.h:646] Worker 5 latency: 52687 us (50%) 53565 us (75%) 55416 us (95%) 62582 us (99%).
I0331 02:38:28.826853 883548 AriaExecutor.h:646] Worker 6 latency: 52678 us (50%) 53485 us (75%) 55280 us (95%) 62579 us (99%).
I0331 02:38:28.827176 883548 AriaExecutor.h:646] Worker 7 latency: 52673 us (50%) 53551 us (75%) 55632 us (95%) 62667 us (99%).
I0331 02:38:28.827461 883548 AriaExecutor.h:646] Worker 8 latency: 52690 us (50%) 53579 us (75%) 55505 us (95%) 62587 us (99%).
I0331 02:38:28.827752 883548 AriaExecutor.h:646] Worker 9 latency: 52653 us (50%) 53510 us (75%) 55397 us (95%) 62534 us (99%).
I0331 02:38:28.828032 883548 AriaExecutor.h:646] Worker 10 latency: 52643 us (50%) 53483 us (75%) 55351 us (95%) 62464 us (99%).
I0331 02:38:28.828317 883548 AriaExecutor.h:646] Worker 11 latency: 52623 us (50%) 53515 us (75%) 55540 us (95%) 62534 us (99%).
I0331 02:38:28.828610 883548 Coordinator.h:177] total commit: 925.3
I0331 02:38:29.828820 883548 Coordinator.h:192] Coordinator exits.
