I0331 02:22:38.223865 877444 Database.h:65] ycsb initialization finished in 102 milliseconds.
I0331 02:22:38.224112 877444 Coordinator.h:30] Coordinator initializes 12 workers.
I0331 02:22:38.286916 877444 Coordinator.h:77] Coordinator starts to run 13 workers.
I0331 02:22:38.287005 877460 AriaExecutor.h:94] AriaExecutor 0 started. 
I0331 02:22:38.287048 877461 AriaExecutor.h:94] AriaExecutor 1 started. 
I0331 02:22:38.287166 877462 AriaExecutor.h:94] AriaExecutor 2 started. 
I0331 02:22:38.287292 877463 AriaExecutor.h:94] AriaExecutor 3 started. 
I0331 02:22:38.287325 877464 AriaExecutor.h:94] AriaExecutor 4 started. 
I0331 02:22:38.287429 877465 AriaExecutor.h:94] AriaExecutor 5 started. 
I0331 02:22:38.287477 877466 AriaExecutor.h:94] AriaExecutor 6 started. 
I0331 02:22:38.287568 877467 AriaExecutor.h:94] AriaExecutor 7 started. 
I0331 02:22:38.287631 877468 AriaExecutor.h:94] AriaExecutor 8 started. 
I0331 02:22:38.287719 877469 AriaExecutor.h:94] AriaExecutor 9 started. 
I0331 02:22:38.287842 877470 AriaExecutor.h:94] AriaExecutor 10 started. 
I0331 02:22:38.287889 877471 AriaExecutor.h:94] AriaExecutor 11 started. 
I0331 02:22:38.287982 877472 Manager.h:224] Manager(worker id = 12) on the coordinator node started.
I0331 02:22:39.288038 877444 Coordinator.h:126] commit: 13332 abort: 74668 (0/74668/0), network size: 0, avg network size: 0, si_in_serializable: 0 0 %, local: 0 %
I0331 02:22:40.288197 877444 Coordinator.h:126] commit: 15886 abort: 90114 (0/90114/0), network size: 0, avg network size: 0, si_in_serializable: 0 0 %, local: 0 %
I0331 02:22:41.288408 877444 Coordinator.h:126] commit: 17093 abort: 96907 (0/96907/0), network size: 0, avg network size: 0, si_in_serializable: 0 0 %, local: 0 %
I0331 02:22:42.288565 877444 Coordinator.h:126] commit: 17387 abort: 98613 (0/98613/0), network size: 0, avg network size: 0, si_in_serializable: 0 0 %, local: 0 %
I0331 02:22:43.288692 877444 Coordinator.h:126] commit: 17043 abort: 96957 (0/96957/0), network size: 0, avg network size: 0, si_in_serializable: 0 0 %, local: 0 %
I0331 02:22:44.288831 877444 Coordinator.h:126] commit: 17457 abort: 98543 (0/98543/0), network size: 0, avg network size: 0, si_in_serializable: 0 0 %, local: 0 %
I0331 02:22:45.288959 877444 Coordinator.h:126] commit: 17090 abort: 96910 (0/96910/0), network size: 0, avg network size: 0, si_in_serializable: 0 0 %, local: 0 %
I0331 02:22:46.289142 877444 Coordinator.h:126] commit: 17495 abort: 98505 (0/98505/0), network size: 0, avg network size: 0, si_in_serializable: 0 0 %, local: 0 %
I0331 02:22:47.289291 877444 Coordinator.h:126] commit: 17222 abort: 96778 (0/96778/0), network size: 0, avg network size: 0, si_in_serializable: 0 0 %, local: 0 %
I0331 02:22:48.289433 877444 Coordinator.h:126] commit: 17466 abort: 98534 (0/98534/0), network size: 0, avg network size: 0, si_in_serializable: 0 0 %, local: 0 %
I0331 02:22:49.289566 877444 Coordinator.h:126] commit: 17579 abort: 98421 (0/98421/0), network size: 0, avg network size: 0, si_in_serializable: 0 0 %, local: 0 %
I0331 02:22:50.289686 877444 Coordinator.h:126] commit: 17188 abort: 96812 (0/96812/0), network size: 0, avg network size: 0, si_in_serializable: 0 0 %, local: 0 %
I0331 02:22:51.289809 877444 Coordinator.h:126] commit: 17443 abort: 98557 (0/98557/0), network size: 0, avg network size: 0, si_in_serializable: 0 0 %, local: 0 %
I0331 02:22:52.289955 877444 Coordinator.h:126] commit: 17097 abort: 96903 (0/96903/0), network size: 0, avg network size: 0, si_in_serializable: 0 0 %, local: 0 %
I0331 02:22:53.290098 877444 Coordinator.h:126] commit: 17496 abort: 98504 (0/98504/0), network size: 0, avg network size: 0, si_in_serializable: 0 0 %, local: 0 %
I0331 02:22:54.290233 877444 Coordinator.h:126] commit: 17198 abort: 96802 (0/96802/0), network size: 0, avg network size: 0, si_in_serializable: 0 0 %, local: 0 %
I0331 02:22:55.290356 877444 Coordinator.h:126] commit: 17590 abort: 98410 (0/98410/0), network size: 0, avg network size: 0, si_in_serializable: 0 0 %, local: 0 %
I0331 02:22:56.290542 877444 Coordinator.h:126] commit: 17293 abort: 96707 (0/96707/0), network size: 0, avg network size: 0, si_in_serializable: 0 0 %, local: 0 %
I0331 02:22:57.290690 877444 Coordinator.h:126] commit: 17430 abort: 98570 (0/98570/0), network size: 0, avg network size: 0, si_in_serializable: 0 0 %, local: 0 %
I0331 02:22:58.290810 877444 Coordinator.h:126] commit: 17537 abort: 98463 (0/98463/0), network size: 0, avg network size: 0, si_in_serializable: 0 0 %, local: 0 %
I0331 02:22:59.290942 877444 Coordinator.h:126] commit: 17152 abort: 96848 (0/96848/0), network size: 0, avg network size: 0, si_in_serializable: 0 0 %, local: 0 %
I0331 02:23:00.291075 877444 Coordinator.h:126] commit: 17404 abort: 98596 (0/98596/0), network size: 0, avg network size: 0, si_in_serializable: 0 0 %, local: 0 %
I0331 02:23:01.291209 877444 Coordinator.h:126] commit: 17296 abort: 96704 (0/96704/0), network size: 0, avg network size: 0, si_in_serializable: 0 0 %, local: 0 %
I0331 02:23:02.291349 877444 Coordinator.h:126] commit: 17573 abort: 98427 (0/98427/0), network size: 0, avg network size: 0, si_in_serializable: 0 0 %, local: 0 %
I0331 02:23:03.291491 877444 Coordinator.h:126] commit: 17357 abort: 96643 (0/96643/0), network size: 0, avg network size: 0, si_in_serializable: 0 0 %, local: 0 %
I0331 02:23:03.291536 877444 Coordinator.h:152] average commit: 17385.1 abort: 97814.9 (0/97814.9/0), network size: 0, avg network size: 0, si_in_serializable: 0 0 %, local: 0 %
I0331 02:23:03.296756 877463 AriaExecutor.h:106] AriaExecutor 3 exits. 
I0331 02:23:03.296756 877464 AriaExecutor.h:106] AriaExecutor 4 exits. 
I0331 02:23:03.296756 877469 AriaExecutor.h:106] AriaExecutor 9 exits. 
I0331 02:23:03.296768 877462 AriaExecutor.h:106] AriaExecutor 2 exits. 
I0331 02:23:03.296756 877465 AriaExecutor.h:106] AriaExecutor 5 exits. 
I0331 02:23:03.296756 877466 AriaExecutor.h:106] AriaExecutor 6 exits. 
I0331 02:23:03.296756 877460 AriaExecutor.h:106] AriaExecutor 0 exits. 
I0331 02:23:03.296756 877467 AriaExecutor.h:106] AriaExecutor 7 exits. 
I0331 02:23:03.296769 877471 AriaExecutor.h:106] AriaExecutor 11 exits. 
I0331 02:23:03.296756 877468 AriaExecutor.h:106] AriaExecutor 8 exits. 
I0331 02:23:03.296772 877461 AriaExecutor.h:106] AriaExecutor 1 exits. 
I0331 02:23:03.296774 877472 Manager.h:227] Manager(worker id = 12) on the coordinator node exits.
I0331 02:23:03.296756 877470 AriaExecutor.h:106] AriaExecutor 10 exits. 
I0331 02:23:03.291584 877444 AriaExecutor.h:646] Worker 0 latency: 16308 us (50%) 16856 us (75%) 17264 us (95%) 21616 us (99%).
I0331 02:23:03.297431 877444 AriaExecutor.h:646] Worker 1 latency: 16309 us (50%) 16855 us (75%) 17260 us (95%) 21540 us (99%).
I0331 02:23:03.302919 877444 AriaExecutor.h:646] Worker 2 latency: 16315 us (50%) 16854 us (75%) 17239 us (95%) 21515 us (99%).
I0331 02:23:03.306288 877444 AriaExecutor.h:646] Worker 3 latency: 16318 us (50%) 16859 us (75%) 17251 us (95%) 21555 us (99%).
I0331 02:23:03.309656 877444 AriaExecutor.h:646] Worker 4 latency: 16308 us (50%) 16852 us (75%) 17249 us (95%) 21526 us (99%).
I0331 02:23:03.313023 877444 AriaExecutor.h:646] Worker 5 latency: 16302 us (50%) 16854 us (75%) 17249 us (95%) 21537 us (99%).
I0331 02:23:03.315277 877444 AriaExecutor.h:646] Worker 6 latency: 16316 us (50%) 16857 us (75%) 17251 us (95%) 21541 us (99%).
I0331 02:23:03.317516 877444 AriaExecutor.h:646] Worker 7 latency: 16305 us (50%) 16852 us (75%) 17254 us (95%) 21551 us (99%).
I0331 02:23:03.319736 877444 AriaExecutor.h:646] Worker 8 latency: 16307 us (50%) 16855 us (75%) 17256 us (95%) 21536 us (99%).
I0331 02:23:03.321971 877444 AriaExecutor.h:646] Worker 9 latency: 16306 us (50%) 16853 us (75%) 17255 us (95%) 21543 us (99%).
I0331 02:23:03.324038 877444 AriaExecutor.h:646] Worker 10 latency: 16306 us (50%) 16851 us (75%) 17242 us (95%) 21559 us (99%).
I0331 02:23:03.325937 877444 AriaExecutor.h:646] Worker 11 latency: 16314 us (50%) 16855 us (75%) 17255 us (95%) 21544 us (99%).
I0331 02:23:03.327877 877444 Coordinator.h:177] total commit: 17385.1
I0331 02:23:04.328085 877444 Coordinator.h:192] Coordinator exits.
