I0331 02:15:08.070586 874592 Database.h:65] ycsb initialization finished in 101 milliseconds.
I0331 02:15:08.070830 874592 Coordinator.h:30] Coordinator initializes 12 workers.
I0331 02:15:08.203096 874592 Coordinator.h:77] Coordinator starts to run 13 workers.
I0331 02:15:08.203203 874608 AriaExecutor.h:94] AriaExecutor 0 started. 
I0331 02:15:08.203258 874609 AriaExecutor.h:94] AriaExecutor 1 started. 
I0331 02:15:08.203375 874610 AriaExecutor.h:94] AriaExecutor 2 started. 
I0331 02:15:08.203496 874611 AriaExecutor.h:94] AriaExecutor 3 started. 
I0331 02:15:08.203552 874612 AriaExecutor.h:94] AriaExecutor 4 started. 
I0331 02:15:08.203642 874613 AriaExecutor.h:94] AriaExecutor 5 started. 
I0331 02:15:08.203683 874614 AriaExecutor.h:94] AriaExecutor 6 started. 
I0331 02:15:08.203781 874615 AriaExecutor.h:94] AriaExecutor 7 started. 
I0331 02:15:08.203897 874616 AriaExecutor.h:94] AriaExecutor 8 started. 
I0331 02:15:08.204016 874617 AriaExecutor.h:94] AriaExecutor 9 started. 
I0331 02:15:08.204073 874618 AriaExecutor.h:94] AriaExecutor 10 started. 
I0331 02:15:08.204155 874619 AriaExecutor.h:94] AriaExecutor 11 started. 
I0331 02:15:08.204281 874620 Manager.h:224] Manager(worker id = 12) on the coordinator node started.
I0331 02:15:09.204270 874592 Coordinator.h:126] commit: 7764 abort: 82236 (0/82236/0), network size: 0, avg network size: 0, si_in_serializable: 0 0 %, local: 0 %
I0331 02:15:10.204434 874592 Coordinator.h:126] commit: 9119 abort: 95881 (0/95881/0), network size: 0, avg network size: 0, si_in_serializable: 0 0 %, local: 0 %
I0331 02:15:11.204622 874592 Coordinator.h:126] commit: 10405 abort: 109595 (0/109595/0), network size: 0, avg network size: 0, si_in_serializable: 0 0 %, local: 0 %
I0331 02:15:12.204773 874592 Coordinator.h:126] commit: 9922 abort: 105078 (0/105078/0), network size: 0, avg network size: 0, si_in_serializable: 0 0 %, local: 0 %
I0331 02:15:13.204916 874592 Coordinator.h:126] commit: 10306 abort: 109694 (0/109694/0), network size: 0, avg network size: 0, si_in_serializable: 0 0 %, local: 0 %
I0331 02:15:14.205061 874592 Coordinator.h:126] commit: 9935 abort: 105065 (0/105065/0), network size: 0, avg network size: 0, si_in_serializable: 0 0 %, local: 0 %
I0331 02:15:15.205220 874592 Coordinator.h:126] commit: 10345 abort: 109655 (0/109655/0), network size: 0, avg network size: 0, si_in_serializable: 0 0 %, local: 0 %
I0331 02:15:16.205384 874592 Coordinator.h:126] commit: 9953 abort: 105047 (0/105047/0), network size: 0, avg network size: 0, si_in_serializable: 0 0 %, local: 0 %
I0331 02:15:17.205520 874592 Coordinator.h:126] commit: 10313 abort: 109687 (0/109687/0), network size: 0, avg network size: 0, si_in_serializable: 0 0 %, local: 0 %
I0331 02:15:18.205639 874592 Coordinator.h:126] commit: 9921 abort: 105079 (0/105079/0), network size: 0, avg network size: 0, si_in_serializable: 0 0 %, local: 0 %
I0331 02:15:19.205762 874592 Coordinator.h:126] commit: 10294 abort: 109706 (0/109706/0), network size: 0, avg network size: 0, si_in_serializable: 0 0 %, local: 0 %
I0331 02:15:20.205884 874592 Coordinator.h:126] commit: 9934 abort: 105066 (0/105066/0), network size: 0, avg network size: 0, si_in_serializable: 0 0 %, local: 0 %
I0331 02:15:21.206022 874592 Coordinator.h:126] commit: 10234 abort: 109766 (0/109766/0), network size: 0, avg network size: 0, si_in_serializable: 0 0 %, local: 0 %
I0331 02:15:22.206156 874592 Coordinator.h:126] commit: 9723 abort: 105277 (0/105277/0), network size: 0, avg network size: 0, si_in_serializable: 0 0 %, local: 0 %
I0331 02:15:23.206279 874592 Coordinator.h:126] commit: 10259 abort: 109741 (0/109741/0), network size: 0, avg network size: 0, si_in_serializable: 0 0 %, local: 0 %
I0331 02:15:24.206389 874592 Coordinator.h:126] commit: 9787 abort: 105213 (0/105213/0), network size: 0, avg network size: 0, si_in_serializable: 0 0 %, local: 0 %
I0331 02:15:25.206503 874592 Coordinator.h:126] commit: 10272 abort: 109728 (0/109728/0), network size: 0, avg network size: 0, si_in_serializable: 0 0 %, local: 0 %
I0331 02:15:26.206626 874592 Coordinator.h:126] commit: 9937 abort: 105063 (0/105063/0), network size: 0, avg network size: 0, si_in_serializable: 0 0 %, local: 0 %
I0331 02:15:27.206772 874592 Coordinator.h:126] commit: 10246 abort: 109754 (0/109754/0), network size: 0, avg network size: 0, si_in_serializable: 0 0 %, local: 0 %
I0331 02:15:28.206979 874592 Coordinator.h:126] commit: 9881 abort: 105119 (0/105119/0), network size: 0, avg network size: 0, si_in_serializable: 0 0 %, local: 0 %
I0331 02:15:29.207118 874592 Coordinator.h:126] commit: 10317 abort: 109683 (0/109683/0), network size: 0, avg network size: 0, si_in_serializable: 0 0 %, local: 0 %
I0331 02:15:30.207252 874592 Coordinator.h:126] commit: 9890 abort: 105110 (0/105110/0), network size: 0, avg network size: 0, si_in_serializable: 0 0 %, local: 0 %
I0331 02:15:31.207398 874592 Coordinator.h:126] commit: 10337 abort: 109663 (0/109663/0), network size: 0, avg network size: 0, si_in_serializable: 0 0 %, local: 0 %
I0331 02:15:32.207547 874592 Coordinator.h:126] commit: 9855 abort: 105145 (0/105145/0), network size: 0, avg network size: 0, si_in_serializable: 0 0 %, local: 0 %
I0331 02:15:33.207679 874592 Coordinator.h:126] commit: 10278 abort: 109722 (0/109722/0), network size: 0, avg network size: 0, si_in_serializable: 0 0 %, local: 0 %
I0331 02:15:33.207726 874592 Coordinator.h:152] average commit: 10056.7 abort: 107443 (0/107443/0), network size: 0, avg network size: 0, si_in_serializable: 0 0 %, local: 0 %
I0331 02:15:33.207770 874592 AriaExecutor.h:646] Worker 0 latency: 41009 us (50%) 41748 us (75%) 43767 us (95%) 52902 us (99%).
I0331 02:15:33.227859 874612 AriaExecutor.h:106] AriaExecutor 4 exits. 
I0331 02:15:33.227859 874609 AriaExecutor.h:106] AriaExecutor 1 exits. 
I0331 02:15:33.227859 874618 AriaExecutor.h:106] AriaExecutor 10 exits. 
I0331 02:15:33.227859 874617 AriaExecutor.h:106] AriaExecutor 9 exits. 
I0331 02:15:33.227864 874610 AriaExecutor.h:106] AriaExecutor 2 exits. 
I0331 02:15:33.227867 874611 AriaExecutor.h:106] AriaExecutor 3 exits. 
I0331 02:15:33.227862 874619 AriaExecutor.h:106] AriaExecutor 11 exits. 
I0331 02:15:33.227859 874616 AriaExecutor.h:106] AriaExecutor 8 exits. 
I0331 02:15:33.227871 874620 Manager.h:227] Manager(worker id = 12) on the coordinator node exits.
I0331 02:15:33.227859 874608 AriaExecutor.h:106] AriaExecutor 0 exits. 
I0331 02:15:33.227859 874615 AriaExecutor.h:106] AriaExecutor 7 exits. 
I0331 02:15:33.227859 874613 AriaExecutor.h:106] AriaExecutor 5 exits. 
I0331 02:15:33.227859 874614 AriaExecutor.h:106] AriaExecutor 6 exits. 
I0331 02:15:33.228170 874592 AriaExecutor.h:646] Worker 1 latency: 41018 us (50%) 41749 us (75%) 43693 us (95%) 52907 us (99%).
I0331 02:15:33.231310 874592 AriaExecutor.h:646] Worker 2 latency: 41010 us (50%) 41749 us (75%) 43784 us (95%) 52846 us (99%).
I0331 02:15:33.234393 874592 AriaExecutor.h:646] Worker 3 latency: 41007 us (50%) 41749 us (75%) 43550 us (95%) 52837 us (99%).
I0331 02:15:33.237442 874592 AriaExecutor.h:646] Worker 4 latency: 41022 us (50%) 41747 us (75%) 43591 us (95%) 52883 us (99%).
I0331 02:15:33.239955 874592 AriaExecutor.h:646] Worker 5 latency: 41013 us (50%) 41748 us (75%) 43710 us (95%) 52912 us (99%).
I0331 02:15:33.241871 874592 AriaExecutor.h:646] Worker 6 latency: 41004 us (50%) 41740 us (75%) 43506 us (95%) 52925 us (99%).
I0331 02:15:33.243804 874592 AriaExecutor.h:646] Worker 7 latency: 41008 us (50%) 41744 us (75%) 43638 us (95%) 52896 us (99%).
I0331 02:15:33.245702 874592 AriaExecutor.h:646] Worker 8 latency: 40998 us (50%) 41738 us (75%) 43657 us (95%) 52863 us (99%).
I0331 02:15:33.247612 874592 AriaExecutor.h:646] Worker 9 latency: 41007 us (50%) 41747 us (75%) 43740 us (95%) 52931 us (99%).
I0331 02:15:33.249575 874592 AriaExecutor.h:646] Worker 10 latency: 40990 us (50%) 41734 us (75%) 43617 us (95%) 52881 us (99%).
I0331 02:15:33.250938 874592 AriaExecutor.h:646] Worker 11 latency: 40991 us (50%) 41737 us (75%) 43670 us (95%) 52898 us (99%).
I0331 02:15:33.252233 874592 Coordinator.h:177] total commit: 10056.7
I0331 02:15:34.252435 874592 Coordinator.h:192] Coordinator exits.
