I0331 02:19:59.089294 876456 Database.h:65] ycsb initialization finished in 100 milliseconds.
I0331 02:19:59.089520 876456 Coordinator.h:30] Coordinator initializes 12 workers.
I0331 02:19:59.243705 876456 Coordinator.h:77] Coordinator starts to run 13 workers.
I0331 02:19:59.243814 876472 AriaExecutor.h:94] AriaExecutor 0 started. 
I0331 02:19:59.243839 876473 AriaExecutor.h:94] AriaExecutor 1 started. 
I0331 02:19:59.243964 876474 AriaExecutor.h:94] AriaExecutor 2 started. 
I0331 02:19:59.244086 876475 AriaExecutor.h:94] AriaExecutor 3 started. 
I0331 02:19:59.244124 876476 AriaExecutor.h:94] AriaExecutor 4 started. 
I0331 02:19:59.244223 876477 AriaExecutor.h:94] AriaExecutor 5 started. 
I0331 02:19:59.244379 876478 AriaExecutor.h:94] AriaExecutor 6 started. 
I0331 02:19:59.244408 876479 AriaExecutor.h:94] AriaExecutor 7 started. 
I0331 02:19:59.244514 876480 AriaExecutor.h:94] AriaExecutor 8 started. 
I0331 02:19:59.244556 876481 AriaExecutor.h:94] AriaExecutor 9 started. 
I0331 02:19:59.244652 876482 AriaExecutor.h:94] AriaExecutor 10 started. 
I0331 02:19:59.244699 876483 AriaExecutor.h:94] AriaExecutor 11 started. 
I0331 02:19:59.244786 876484 Manager.h:224] Manager(worker id = 12) on the coordinator node started.
I0331 02:20:00.244803 876456 Coordinator.h:126] commit: 5883 abort: 84117 (0/84117/0), network size: 0, avg network size: 0, si_in_serializable: 0 0 %, local: 0 %
I0331 02:20:01.244967 876456 Coordinator.h:126] commit: 6976 abort: 101024 (0/101024/0), network size: 0, avg network size: 0, si_in_serializable: 0 0 %, local: 0 %
I0331 02:20:02.245182 876456 Coordinator.h:126] commit: 7751 abort: 112249 (0/112249/0), network size: 0, avg network size: 0, si_in_serializable: 0 0 %, local: 0 %
I0331 02:20:03.245337 876456 Coordinator.h:126] commit: 7794 abort: 112206 (0/112206/0), network size: 0, avg network size: 0, si_in_serializable: 0 0 %, local: 0 %
I0331 02:20:04.245457 876456 Coordinator.h:126] commit: 7593 abort: 112407 (0/112407/0), network size: 0, avg network size: 0, si_in_serializable: 0 0 %, local: 0 %
I0331 02:20:05.245577 876456 Coordinator.h:126] commit: 7285 abort: 106715 (0/106715/0), network size: 0, avg network size: 0, si_in_serializable: 0 0 %, local: 0 %
I0331 02:20:06.245719 876456 Coordinator.h:126] commit: 7759 abort: 112241 (0/112241/0), network size: 0, avg network size: 0, si_in_serializable: 0 0 %, local: 0 %
I0331 02:20:07.245918 876456 Coordinator.h:126] commit: 7766 abort: 112234 (0/112234/0), network size: 0, avg network size: 0, si_in_serializable: 0 0 %, local: 0 %
I0331 02:20:08.246057 876456 Coordinator.h:126] commit: 7758 abort: 112242 (0/112242/0), network size: 0, avg network size: 0, si_in_serializable: 0 0 %, local: 0 %
I0331 02:20:09.246163 876456 Coordinator.h:126] commit: 7775 abort: 112225 (0/112225/0), network size: 0, avg network size: 0, si_in_serializable: 0 0 %, local: 0 %
I0331 02:20:10.246275 876456 Coordinator.h:126] commit: 7777 abort: 112223 (0/112223/0), network size: 0, avg network size: 0, si_in_serializable: 0 0 %, local: 0 %
I0331 02:20:11.246414 876456 Coordinator.h:126] commit: 7785 abort: 112215 (0/112215/0), network size: 0, avg network size: 0, si_in_serializable: 0 0 %, local: 0 %
I0331 02:20:12.246557 876456 Coordinator.h:126] commit: 7757 abort: 112243 (0/112243/0), network size: 0, avg network size: 0, si_in_serializable: 0 0 %, local: 0 %
I0331 02:20:13.246685 876456 Coordinator.h:126] commit: 7716 abort: 112284 (0/112284/0), network size: 0, avg network size: 0, si_in_serializable: 0 0 %, local: 0 %
I0331 02:20:14.246819 876456 Coordinator.h:126] commit: 7722 abort: 112278 (0/112278/0), network size: 0, avg network size: 0, si_in_serializable: 0 0 %, local: 0 %
I0331 02:20:15.246975 876456 Coordinator.h:126] commit: 7703 abort: 112297 (0/112297/0), network size: 0, avg network size: 0, si_in_serializable: 0 0 %, local: 0 %
I0331 02:20:16.247170 876456 Coordinator.h:126] commit: 7708 abort: 112292 (0/112292/0), network size: 0, avg network size: 0, si_in_serializable: 0 0 %, local: 0 %
I0331 02:20:17.247313 876456 Coordinator.h:126] commit: 7772 abort: 112228 (0/112228/0), network size: 0, avg network size: 0, si_in_serializable: 0 0 %, local: 0 %
I0331 02:20:18.247454 876456 Coordinator.h:126] commit: 7356 abort: 106644 (0/106644/0), network size: 0, avg network size: 0, si_in_serializable: 0 0 %, local: 0 %
I0331 02:20:19.247565 876456 Coordinator.h:126] commit: 7766 abort: 112234 (0/112234/0), network size: 0, avg network size: 0, si_in_serializable: 0 0 %, local: 0 %
I0331 02:20:20.247676 876456 Coordinator.h:126] commit: 7775 abort: 112225 (0/112225/0), network size: 0, avg network size: 0, si_in_serializable: 0 0 %, local: 0 %
I0331 02:20:21.247798 876456 Coordinator.h:126] commit: 7676 abort: 112324 (0/112324/0), network size: 0, avg network size: 0, si_in_serializable: 0 0 %, local: 0 %
I0331 02:20:22.247933 876456 Coordinator.h:126] commit: 7770 abort: 112230 (0/112230/0), network size: 0, avg network size: 0, si_in_serializable: 0 0 %, local: 0 %
I0331 02:20:23.248056 876456 Coordinator.h:126] commit: 7847 abort: 112153 (0/112153/0), network size: 0, avg network size: 0, si_in_serializable: 0 0 %, local: 0 %
I0331 02:20:24.248172 876456 Coordinator.h:126] commit: 7652 abort: 112348 (0/112348/0), network size: 0, avg network size: 0, si_in_serializable: 0 0 %, local: 0 %
I0331 02:20:24.248210 876456 Coordinator.h:152] average commit: 7706.2 abort: 111694 (0/111694/0), network size: 0, avg network size: 0, si_in_serializable: 0 0 %, local: 0 %
I0331 02:20:24.248325 876456 AriaExecutor.h:646] Worker 0 latency: 48836 us (50%) 49498 us (75%) 52527 us (95%) 62448 us (99%).
I0331 02:20:24.272094 876475 AriaExecutor.h:106] AriaExecutor 3 exits. 
I0331 02:20:24.272094 876480 AriaExecutor.h:106] AriaExecutor 8 exits. 
I0331 02:20:24.272094 876481 AriaExecutor.h:106] AriaExecutor 9 exits. 
I0331 02:20:24.272094 876472 AriaExecutor.h:106] AriaExecutor 0 exits. 
I0331 02:20:24.272102 876477 AriaExecutor.h:106] AriaExecutor 5 exits. 
I0331 02:20:24.272094 876476 AriaExecutor.h:106] AriaExecutor 4 exits. 
I0331 02:20:24.272104 876474 AriaExecutor.h:106] AriaExecutor 2 exits. 
I0331 02:20:24.272101 876482 AriaExecutor.h:106] AriaExecutor 10 exits. 
I0331 02:20:24.272105 876473 AriaExecutor.h:106] AriaExecutor 1 exits. 
I0331 02:20:24.272104 876483 AriaExecutor.h:106] AriaExecutor 11 exits. 
I0331 02:20:24.272109 876484 Manager.h:227] Manager(worker id = 12) on the coordinator node exits.
I0331 02:20:24.272100 876478 AriaExecutor.h:106] AriaExecutor 6 exits. 
I0331 02:20:24.272094 876479 AriaExecutor.h:106] AriaExecutor 7 exits. 
I0331 02:20:24.272408 876456 AriaExecutor.h:646] Worker 1 latency: 48828 us (50%) 49496 us (75%) 52440 us (95%) 62450 us (99%).
I0331 02:20:24.274727 876456 AriaExecutor.h:646] Worker 2 latency: 48849 us (50%) 49502 us (75%) 52386 us (95%) 62511 us (99%).
I0331 02:20:24.277032 876456 AriaExecutor.h:646] Worker 3 latency: 48846 us (50%) 49499 us (75%) 52517 us (95%) 62403 us (99%).
I0331 02:20:24.279554 876456 AriaExecutor.h:646] Worker 4 latency: 48822 us (50%) 49493 us (75%) 52462 us (95%) 62445 us (99%).
I0331 02:20:24.281816 876456 AriaExecutor.h:646] Worker 5 latency: 48836 us (50%) 49497 us (75%) 52593 us (95%) 62464 us (99%).
I0331 02:20:24.283772 876456 AriaExecutor.h:646] Worker 6 latency: 48831 us (50%) 49498 us (75%) 52549 us (95%) 62508 us (99%).
I0331 02:20:24.285725 876456 AriaExecutor.h:646] Worker 7 latency: 48840 us (50%) 49499 us (75%) 52589 us (95%) 62472 us (99%).
I0331 02:20:24.287643 876456 AriaExecutor.h:646] Worker 8 latency: 48842 us (50%) 49498 us (75%) 52529 us (95%) 62430 us (99%).
I0331 02:20:24.289742 876456 AriaExecutor.h:646] Worker 9 latency: 48818 us (50%) 49493 us (75%) 52376 us (95%) 62456 us (99%).
I0331 02:20:24.291599 876456 AriaExecutor.h:646] Worker 10 latency: 48845 us (50%) 49496 us (75%) 52514 us (95%) 62415 us (99%).
I0331 02:20:24.292886 876456 AriaExecutor.h:646] Worker 11 latency: 48819 us (50%) 49495 us (75%) 52418 us (95%) 62371 us (99%).
I0331 02:20:24.294184 876456 Coordinator.h:177] total commit: 7706.2
I0331 02:20:25.294420 876456 Coordinator.h:192] Coordinator exits.
