I0331 02:19:06.236068 876135 Database.h:65] ycsb initialization finished in 100 milliseconds.
I0331 02:19:06.236296 876135 Coordinator.h:30] Coordinator initializes 12 workers.
I0331 02:19:06.342973 876135 Coordinator.h:77] Coordinator starts to run 13 workers.
I0331 02:19:06.343084 876151 AriaExecutor.h:94] AriaExecutor 0 started. 
I0331 02:19:06.343101 876152 AriaExecutor.h:94] AriaExecutor 1 started. 
I0331 02:19:06.343226 876153 AriaExecutor.h:94] AriaExecutor 2 started. 
I0331 02:19:06.343272 876154 AriaExecutor.h:94] AriaExecutor 3 started. 
I0331 02:19:06.343370 876155 AriaExecutor.h:94] AriaExecutor 4 started. 
I0331 02:19:06.343426 876156 AriaExecutor.h:94] AriaExecutor 5 started. 
I0331 02:19:06.343523 876157 AriaExecutor.h:94] AriaExecutor 6 started. 
I0331 02:19:06.343643 876158 AriaExecutor.h:94] AriaExecutor 7 started. 
I0331 02:19:06.343677 876159 AriaExecutor.h:94] AriaExecutor 8 started. 
I0331 02:19:06.343778 876160 AriaExecutor.h:94] AriaExecutor 9 started. 
I0331 02:19:06.343827 876161 AriaExecutor.h:94] AriaExecutor 10 started. 
I0331 02:19:06.343919 876162 AriaExecutor.h:94] AriaExecutor 11 started. 
I0331 02:19:06.343976 876163 Manager.h:224] Manager(worker id = 12) on the coordinator node started.
I0331 02:19:07.344028 876135 Coordinator.h:126] commit: 8402 abort: 79598 (0/79598/0), network size: 0, avg network size: 0, si_in_serializable: 0 0 %, local: 0 %
I0331 02:19:08.344172 876135 Coordinator.h:126] commit: 10371 abort: 97629 (0/97629/0), network size: 0, avg network size: 0, si_in_serializable: 0 0 %, local: 0 %
I0331 02:19:09.344360 876135 Coordinator.h:126] commit: 11237 abort: 104763 (0/104763/0), network size: 0, avg network size: 0, si_in_serializable: 0 0 %, local: 0 %
I0331 02:19:10.344514 876135 Coordinator.h:126] commit: 11621 abort: 108379 (0/108379/0), network size: 0, avg network size: 0, si_in_serializable: 0 0 %, local: 0 %
I0331 02:19:11.344636 876135 Coordinator.h:126] commit: 11201 abort: 104799 (0/104799/0), network size: 0, avg network size: 0, si_in_serializable: 0 0 %, local: 0 %
I0331 02:19:12.344764 876135 Coordinator.h:126] commit: 11063 abort: 104937 (0/104937/0), network size: 0, avg network size: 0, si_in_serializable: 0 0 %, local: 0 %
I0331 02:19:13.344887 876135 Coordinator.h:126] commit: 11116 abort: 104884 (0/104884/0), network size: 0, avg network size: 0, si_in_serializable: 0 0 %, local: 0 %
I0331 02:19:14.345072 876135 Coordinator.h:126] commit: 11575 abort: 108425 (0/108425/0), network size: 0, avg network size: 0, si_in_serializable: 0 0 %, local: 0 %
I0331 02:19:15.345244 876135 Coordinator.h:126] commit: 11180 abort: 104820 (0/104820/0), network size: 0, avg network size: 0, si_in_serializable: 0 0 %, local: 0 %
I0331 02:19:16.345360 876135 Coordinator.h:126] commit: 11235 abort: 104765 (0/104765/0), network size: 0, avg network size: 0, si_in_serializable: 0 0 %, local: 0 %
I0331 02:19:17.345477 876135 Coordinator.h:126] commit: 11493 abort: 108507 (0/108507/0), network size: 0, avg network size: 0, si_in_serializable: 0 0 %, local: 0 %
I0331 02:19:18.345597 876135 Coordinator.h:126] commit: 11252 abort: 104748 (0/104748/0), network size: 0, avg network size: 0, si_in_serializable: 0 0 %, local: 0 %
I0331 02:19:19.345716 876135 Coordinator.h:126] commit: 11080 abort: 104920 (0/104920/0), network size: 0, avg network size: 0, si_in_serializable: 0 0 %, local: 0 %
I0331 02:19:20.345834 876135 Coordinator.h:126] commit: 11483 abort: 108517 (0/108517/0), network size: 0, avg network size: 0, si_in_serializable: 0 0 %, local: 0 %
I0331 02:19:21.345952 876135 Coordinator.h:126] commit: 11220 abort: 104780 (0/104780/0), network size: 0, avg network size: 0, si_in_serializable: 0 0 %, local: 0 %
I0331 02:19:22.346066 876135 Coordinator.h:126] commit: 11113 abort: 104887 (0/104887/0), network size: 0, avg network size: 0, si_in_serializable: 0 0 %, local: 0 %
I0331 02:19:23.346181 876135 Coordinator.h:126] commit: 11621 abort: 108379 (0/108379/0), network size: 0, avg network size: 0, si_in_serializable: 0 0 %, local: 0 %
I0331 02:19:24.346302 876135 Coordinator.h:126] commit: 11132 abort: 104868 (0/104868/0), network size: 0, avg network size: 0, si_in_serializable: 0 0 %, local: 0 %
I0331 02:19:25.346489 876135 Coordinator.h:126] commit: 11103 abort: 104897 (0/104897/0), network size: 0, avg network size: 0, si_in_serializable: 0 0 %, local: 0 %
I0331 02:19:26.346626 876135 Coordinator.h:126] commit: 11525 abort: 108475 (0/108475/0), network size: 0, avg network size: 0, si_in_serializable: 0 0 %, local: 0 %
I0331 02:19:27.346745 876135 Coordinator.h:126] commit: 11160 abort: 104840 (0/104840/0), network size: 0, avg network size: 0, si_in_serializable: 0 0 %, local: 0 %
I0331 02:19:28.346868 876135 Coordinator.h:126] commit: 11421 abort: 108579 (0/108579/0), network size: 0, avg network size: 0, si_in_serializable: 0 0 %, local: 0 %
I0331 02:19:29.346987 876135 Coordinator.h:126] commit: 11171 abort: 104829 (0/104829/0), network size: 0, avg network size: 0, si_in_serializable: 0 0 %, local: 0 %
I0331 02:19:30.347091 876135 Coordinator.h:126] commit: 11260 abort: 104740 (0/104740/0), network size: 0, avg network size: 0, si_in_serializable: 0 0 %, local: 0 %
I0331 02:19:31.347226 876135 Coordinator.h:126] commit: 11075 abort: 104925 (0/104925/0), network size: 0, avg network size: 0, si_in_serializable: 0 0 %, local: 0 %
I0331 02:19:31.347275 876135 Coordinator.h:152] average commit: 11302.2 abort: 106298 (0/106298/0), network size: 0, avg network size: 0, si_in_serializable: 0 0 %, local: 0 %
I0331 02:19:31.347930 876155 AriaExecutor.h:106] AriaExecutor 4 exits. 
I0331 02:19:31.347930 876151 AriaExecutor.h:106] AriaExecutor 0 exits. 
I0331 02:19:31.347937 876157 AriaExecutor.h:106] AriaExecutor 6 exits. 
I0331 02:19:31.347939 876162 AriaExecutor.h:106] AriaExecutor 11 exits. 
I0331 02:19:31.347939 876161 AriaExecutor.h:106] AriaExecutor 10 exits. 
I0331 02:19:31.347930 876153 AriaExecutor.h:106] AriaExecutor 2 exits. 
I0331 02:19:31.347935 876154 AriaExecutor.h:106] AriaExecutor 3 exits. 
I0331 02:19:31.347939 876152 AriaExecutor.h:106] AriaExecutor 1 exits. 
I0331 02:19:31.347941 876159 AriaExecutor.h:106] AriaExecutor 8 exits. 
I0331 02:19:31.347945 876163 Manager.h:227] Manager(worker id = 12) on the coordinator node exits.
I0331 02:19:31.347929 876160 AriaExecutor.h:106] AriaExecutor 9 exits. 
I0331 02:19:31.347936 876156 AriaExecutor.h:106] AriaExecutor 5 exits. 
I0331 02:19:31.347937 876158 AriaExecutor.h:106] AriaExecutor 7 exits. 
I0331 02:19:31.347318 876135 AriaExecutor.h:646] Worker 0 latency: 32753 us (50%) 33415 us (75%) 35181 us (95%) 42319 us (99%).
I0331 02:19:31.351303 876135 AriaExecutor.h:646] Worker 1 latency: 32743 us (50%) 33409 us (75%) 34949 us (95%) 42158 us (99%).
I0331 02:19:31.354807 876135 AriaExecutor.h:646] Worker 2 latency: 32762 us (50%) 33418 us (75%) 35019 us (95%) 42163 us (99%).
I0331 02:19:31.358261 876135 AriaExecutor.h:646] Worker 3 latency: 32751 us (50%) 33416 us (75%) 35109 us (95%) 42182 us (99%).
I0331 02:19:31.360551 876135 AriaExecutor.h:646] Worker 4 latency: 32752 us (50%) 33413 us (75%) 35109 us (95%) 42195 us (99%).
I0331 02:19:31.362905 876135 AriaExecutor.h:646] Worker 5 latency: 32738 us (50%) 33408 us (75%) 34947 us (95%) 42153 us (99%).
I0331 02:19:31.365218 876135 AriaExecutor.h:646] Worker 6 latency: 32734 us (50%) 33411 us (75%) 34933 us (95%) 42194 us (99%).
I0331 02:19:31.367563 876135 AriaExecutor.h:646] Worker 7 latency: 32738 us (50%) 33403 us (75%) 34938 us (95%) 42078 us (99%).
I0331 02:19:31.369215 876135 AriaExecutor.h:646] Worker 8 latency: 32753 us (50%) 33417 us (75%) 35123 us (95%) 42175 us (99%).
I0331 02:19:31.370903 876135 AriaExecutor.h:646] Worker 9 latency: 32760 us (50%) 33417 us (75%) 35146 us (95%) 42171 us (99%).
I0331 02:19:31.372385 876135 AriaExecutor.h:646] Worker 10 latency: 32750 us (50%) 33415 us (75%) 35073 us (95%) 42172 us (99%).
I0331 02:19:31.373906 876135 AriaExecutor.h:646] Worker 11 latency: 32756 us (50%) 33417 us (75%) 35094 us (95%) 42198 us (99%).
I0331 02:19:31.375394 876135 Coordinator.h:177] total commit: 11302.2
I0331 02:19:32.375615 876135 Coordinator.h:192] Coordinator exits.
