I0331 02:20:25.588104 876618 Database.h:65] ycsb initialization finished in 98 milliseconds.
I0331 02:20:25.588358 876618 Coordinator.h:30] Coordinator initializes 12 workers.
I0331 02:20:25.767974 876618 Coordinator.h:77] Coordinator starts to run 13 workers.
I0331 02:20:25.768064 876634 AriaExecutor.h:94] AriaExecutor 0 started. 
I0331 02:20:25.768117 876635 AriaExecutor.h:94] AriaExecutor 1 started. 
I0331 02:20:25.768231 876636 AriaExecutor.h:94] AriaExecutor 2 started. 
I0331 02:20:25.768280 876637 AriaExecutor.h:94] AriaExecutor 3 started. 
I0331 02:20:25.768397 876638 AriaExecutor.h:94] AriaExecutor 4 started. 
I0331 02:20:25.768401 876639 AriaExecutor.h:94] AriaExecutor 5 started. 
I0331 02:20:25.768540 876640 AriaExecutor.h:94] AriaExecutor 6 started. 
I0331 02:20:25.768543 876641 AriaExecutor.h:94] AriaExecutor 7 started. 
I0331 02:20:25.768607 876642 AriaExecutor.h:94] AriaExecutor 8 started. 
I0331 02:20:25.768709 876643 AriaExecutor.h:94] AriaExecutor 9 started. 
I0331 02:20:25.768736 876644 AriaExecutor.h:94] AriaExecutor 10 started. 
I0331 02:20:25.768850 876645 AriaExecutor.h:94] AriaExecutor 11 started. 
I0331 02:20:25.768867 876646 Manager.h:224] Manager(worker id = 12) on the coordinator node started.
I0331 02:20:26.768915 876618 Coordinator.h:126] commit: 5032 abort: 85968 (0/85968/0), network size: 0, avg network size: 0, si_in_serializable: 0 0 %, local: 0 %
I0331 02:20:27.769083 876618 Coordinator.h:126] commit: 5849 abort: 99151 (0/99151/0), network size: 0, avg network size: 0, si_in_serializable: 0 0 %, local: 0 %
I0331 02:20:28.769280 876618 Coordinator.h:126] commit: 6549 abort: 112451 (0/112451/0), network size: 0, avg network size: 0, si_in_serializable: 0 0 %, local: 0 %
I0331 02:20:29.769440 876618 Coordinator.h:126] commit: 6553 abort: 112447 (0/112447/0), network size: 0, avg network size: 0, si_in_serializable: 0 0 %, local: 0 %
I0331 02:20:30.769594 876618 Coordinator.h:126] commit: 6542 abort: 112458 (0/112458/0), network size: 0, avg network size: 0, si_in_serializable: 0 0 %, local: 0 %
I0331 02:20:31.769729 876618 Coordinator.h:126] commit: 7033 abort: 118967 (0/118967/0), network size: 0, avg network size: 0, si_in_serializable: 0 0 %, local: 0 %
I0331 02:20:32.769870 876618 Coordinator.h:126] commit: 6524 abort: 112476 (0/112476/0), network size: 0, avg network size: 0, si_in_serializable: 0 0 %, local: 0 %
I0331 02:20:33.770076 876618 Coordinator.h:126] commit: 6556 abort: 112444 (0/112444/0), network size: 0, avg network size: 0, si_in_serializable: 0 0 %, local: 0 %
I0331 02:20:34.770234 876618 Coordinator.h:126] commit: 6576 abort: 112424 (0/112424/0), network size: 0, avg network size: 0, si_in_serializable: 0 0 %, local: 0 %
I0331 02:20:35.770360 876618 Coordinator.h:126] commit: 6574 abort: 112426 (0/112426/0), network size: 0, avg network size: 0, si_in_serializable: 0 0 %, local: 0 %
I0331 02:20:36.770488 876618 Coordinator.h:126] commit: 6550 abort: 112450 (0/112450/0), network size: 0, avg network size: 0, si_in_serializable: 0 0 %, local: 0 %
I0331 02:20:37.770638 876618 Coordinator.h:126] commit: 6955 abort: 119045 (0/119045/0), network size: 0, avg network size: 0, si_in_serializable: 0 0 %, local: 0 %
I0331 02:20:38.770787 876618 Coordinator.h:126] commit: 6456 abort: 112544 (0/112544/0), network size: 0, avg network size: 0, si_in_serializable: 0 0 %, local: 0 %
I0331 02:20:39.770920 876618 Coordinator.h:126] commit: 6602 abort: 112398 (0/112398/0), network size: 0, avg network size: 0, si_in_serializable: 0 0 %, local: 0 %
I0331 02:20:40.771112 876618 Coordinator.h:126] commit: 6648 abort: 112352 (0/112352/0), network size: 0, avg network size: 0, si_in_serializable: 0 0 %, local: 0 %
I0331 02:20:41.771255 876618 Coordinator.h:126] commit: 6494 abort: 112506 (0/112506/0), network size: 0, avg network size: 0, si_in_serializable: 0 0 %, local: 0 %
I0331 02:20:42.771402 876618 Coordinator.h:126] commit: 6533 abort: 112467 (0/112467/0), network size: 0, avg network size: 0, si_in_serializable: 0 0 %, local: 0 %
I0331 02:20:43.771544 876618 Coordinator.h:126] commit: 6589 abort: 112411 (0/112411/0), network size: 0, avg network size: 0, si_in_serializable: 0 0 %, local: 0 %
I0331 02:20:44.771677 876618 Coordinator.h:126] commit: 6952 abort: 119048 (0/119048/0), network size: 0, avg network size: 0, si_in_serializable: 0 0 %, local: 0 %
I0331 02:20:45.771809 876618 Coordinator.h:126] commit: 6611 abort: 112389 (0/112389/0), network size: 0, avg network size: 0, si_in_serializable: 0 0 %, local: 0 %
I0331 02:20:46.771943 876618 Coordinator.h:126] commit: 6613 abort: 112387 (0/112387/0), network size: 0, avg network size: 0, si_in_serializable: 0 0 %, local: 0 %
I0331 02:20:47.772096 876618 Coordinator.h:126] commit: 6592 abort: 112408 (0/112408/0), network size: 0, avg network size: 0, si_in_serializable: 0 0 %, local: 0 %
I0331 02:20:48.772238 876618 Coordinator.h:126] commit: 6539 abort: 112461 (0/112461/0), network size: 0, avg network size: 0, si_in_serializable: 0 0 %, local: 0 %
I0331 02:20:49.772393 876618 Coordinator.h:126] commit: 6517 abort: 112483 (0/112483/0), network size: 0, avg network size: 0, si_in_serializable: 0 0 %, local: 0 %
I0331 02:20:50.772521 876618 Coordinator.h:126] commit: 6607 abort: 112393 (0/112393/0), network size: 0, avg network size: 0, si_in_serializable: 0 0 %, local: 0 %
I0331 02:20:50.772567 876618 Coordinator.h:152] average commit: 6639 abort: 113761 (0/113761/0), network size: 0, avg network size: 0, si_in_serializable: 0 0 %, local: 0 %
I0331 02:20:50.772609 876618 AriaExecutor.h:646] Worker 0 latency: 56904 us (50%) 57572 us (75%) 61808 us (95%) 72638 us (99%).
I0331 02:20:50.775049 876643 AriaExecutor.h:106] AriaExecutor 9 exits. 
I0331 02:20:50.775049 876642 AriaExecutor.h:106] AriaExecutor 8 exits. 
I0331 02:20:50.775049 876640 AriaExecutor.h:106] AriaExecutor 6 exits. 
I0331 02:20:50.775065 876646 Manager.h:227] Manager(worker id = 12) on the coordinator node exits.
I0331 02:20:50.775058 876636 AriaExecutor.h:106] AriaExecutor 2 exits. 
I0331 02:20:50.775058 876634 AriaExecutor.h:106] AriaExecutor 0 exits. 
I0331 02:20:50.775060 876645 AriaExecutor.h:106] AriaExecutor 11 exits. 
I0331 02:20:50.775049 876644 AriaExecutor.h:106] AriaExecutor 10 exits. 
I0331 02:20:50.775049 876637 AriaExecutor.h:106] AriaExecutor 3 exits. 
I0331 02:20:50.775059 876639 AriaExecutor.h:106] AriaExecutor 5 exits. 
I0331 02:20:50.775059 876635 AriaExecutor.h:106] AriaExecutor 1 exits. 
I0331 02:20:50.775060 876638 AriaExecutor.h:106] AriaExecutor 4 exits. 
I0331 02:20:50.775058 876641 AriaExecutor.h:106] AriaExecutor 7 exits. 
I0331 02:20:50.775321 876618 AriaExecutor.h:646] Worker 1 latency: 56907 us (50%) 57568 us (75%) 61662 us (95%) 72633 us (99%).
I0331 02:20:50.777367 876618 AriaExecutor.h:646] Worker 2 latency: 56921 us (50%) 57578 us (75%) 61696 us (95%) 72607 us (99%).
I0331 02:20:50.779646 876618 AriaExecutor.h:646] Worker 3 latency: 56921 us (50%) 57584 us (75%) 61716 us (95%) 72573 us (99%).
I0331 02:20:50.781867 876618 AriaExecutor.h:646] Worker 4 latency: 56892 us (50%) 57570 us (75%) 61744 us (95%) 72605 us (99%).
I0331 02:20:50.784183 876618 AriaExecutor.h:646] Worker 5 latency: 56909 us (50%) 57577 us (75%) 61759 us (95%) 72633 us (99%).
I0331 02:20:50.786396 876618 AriaExecutor.h:646] Worker 6 latency: 56897 us (50%) 57570 us (75%) 61761 us (95%) 72455 us (99%).
I0331 02:20:50.788599 876618 AriaExecutor.h:646] Worker 7 latency: 56915 us (50%) 57578 us (75%) 61848 us (95%) 72643 us (99%).
I0331 02:20:50.790778 876618 AriaExecutor.h:646] Worker 8 latency: 56889 us (50%) 57568 us (75%) 61618 us (95%) 72584 us (99%).
I0331 02:20:50.792030 876618 AriaExecutor.h:646] Worker 9 latency: 56913 us (50%) 57566 us (75%) 61566 us (95%) 72620 us (99%).
I0331 02:20:50.793483 876618 AriaExecutor.h:646] Worker 10 latency: 56916 us (50%) 57575 us (75%) 61722 us (95%) 72602 us (99%).
I0331 02:20:50.794864 876618 AriaExecutor.h:646] Worker 11 latency: 56919 us (50%) 57576 us (75%) 61861 us (95%) 72609 us (99%).
I0331 02:20:50.796305 876618 Coordinator.h:177] total commit: 6639
I0331 02:20:51.796533 876618 Coordinator.h:192] Coordinator exits.
