I0331 02:43:21.151094 885704 Database.h:65] ycsb initialization finished in 101 milliseconds.
I0331 02:43:21.151314 885704 Coordinator.h:30] Coordinator initializes 12 workers.
I0331 02:43:21.376675 885704 Coordinator.h:77] Coordinator starts to run 13 workers.
I0331 02:43:21.376787 885733 AriaExecutor.h:94] AriaExecutor 0 started. 
I0331 02:43:21.376829 885734 AriaExecutor.h:94] AriaExecutor 1 started. 
I0331 02:43:21.376966 885735 AriaExecutor.h:94] AriaExecutor 2 started. 
I0331 02:43:21.376966 885736 AriaExecutor.h:94] AriaExecutor 3 started. 
I0331 02:43:21.377104 885737 AriaExecutor.h:94] AriaExecutor 4 started. 
I0331 02:43:21.377115 885738 AriaExecutor.h:94] AriaExecutor 5 started. 
I0331 02:43:21.377224 885739 AriaExecutor.h:94] AriaExecutor 6 started. 
I0331 02:43:21.377256 885740 AriaExecutor.h:94] AriaExecutor 7 started. 
I0331 02:43:21.377358 885741 AriaExecutor.h:94] AriaExecutor 8 started. 
I0331 02:43:21.377480 885742 AriaExecutor.h:94] AriaExecutor 9 started. 
I0331 02:43:21.377523 885743 AriaExecutor.h:94] AriaExecutor 10 started. 
I0331 02:43:21.377614 885744 AriaExecutor.h:94] AriaExecutor 11 started. 
I0331 02:43:21.377638 885745 Manager.h:224] Manager(worker id = 12) on the coordinator node started.
I0331 02:43:22.377693 885704 Coordinator.h:126] commit: 193 abort: 116807 (0/116807/0), network size: 0, avg network size: 0, si_in_serializable: 0 0 %, local: 0 %
I0331 02:43:23.377846 885704 Coordinator.h:126] commit: 197 abort: 116803 (0/116803/0), network size: 0, avg network size: 0, si_in_serializable: 0 0 %, local: 0 %
I0331 02:43:24.378043 885704 Coordinator.h:126] commit: 224 abort: 134776 (0/134776/0), network size: 0, avg network size: 0, si_in_serializable: 0 0 %, local: 0 %
I0331 02:43:25.378211 885704 Coordinator.h:126] commit: 251 abort: 143749 (0/143749/0), network size: 0, avg network size: 0, si_in_serializable: 0 0 %, local: 0 %
I0331 02:43:26.378336 885704 Coordinator.h:126] commit: 229 abort: 134771 (0/134771/0), network size: 0, avg network size: 0, si_in_serializable: 0 0 %, local: 0 %
I0331 02:43:27.378464 885704 Coordinator.h:126] commit: 198 abort: 134802 (0/134802/0), network size: 0, avg network size: 0, si_in_serializable: 0 0 %, local: 0 %
I0331 02:43:28.378602 885704 Coordinator.h:126] commit: 234 abort: 143766 (0/143766/0), network size: 0, avg network size: 0, si_in_serializable: 0 0 %, local: 0 %
I0331 02:43:29.378794 885704 Coordinator.h:126] commit: 252 abort: 134748 (0/134748/0), network size: 0, avg network size: 0, si_in_serializable: 0 0 %, local: 0 %
I0331 02:43:30.378954 885704 Coordinator.h:126] commit: 244 abort: 143756 (0/143756/0), network size: 0, avg network size: 0, si_in_serializable: 0 0 %, local: 0 %
I0331 02:43:31.379079 885704 Coordinator.h:126] commit: 230 abort: 134770 (0/134770/0), network size: 0, avg network size: 0, si_in_serializable: 0 0 %, local: 0 %
I0331 02:43:32.379210 885704 Coordinator.h:126] commit: 232 abort: 143768 (0/143768/0), network size: 0, avg network size: 0, si_in_serializable: 0 0 %, local: 0 %
I0331 02:43:33.379329 885704 Coordinator.h:126] commit: 240 abort: 143760 (0/143760/0), network size: 0, avg network size: 0, si_in_serializable: 0 0 %, local: 0 %
I0331 02:43:34.379462 885704 Coordinator.h:126] commit: 226 abort: 134774 (0/134774/0), network size: 0, avg network size: 0, si_in_serializable: 0 0 %, local: 0 %
I0331 02:43:35.379601 885704 Coordinator.h:126] commit: 203 abort: 134797 (0/134797/0), network size: 0, avg network size: 0, si_in_serializable: 0 0 %, local: 0 %
I0331 02:43:36.379789 885704 Coordinator.h:126] commit: 272 abort: 143728 (0/143728/0), network size: 0, avg network size: 0, si_in_serializable: 0 0 %, local: 0 %
I0331 02:43:37.379925 885704 Coordinator.h:126] commit: 245 abort: 134755 (0/134755/0), network size: 0, avg network size: 0, si_in_serializable: 0 0 %, local: 0 %
I0331 02:43:38.380061 885704 Coordinator.h:126] commit: 247 abort: 143753 (0/143753/0), network size: 0, avg network size: 0, si_in_serializable: 0 0 %, local: 0 %
I0331 02:43:39.380191 885704 Coordinator.h:126] commit: 236 abort: 134764 (0/134764/0), network size: 0, avg network size: 0, si_in_serializable: 0 0 %, local: 0 %
I0331 02:43:40.380314 885704 Coordinator.h:126] commit: 261 abort: 143739 (0/143739/0), network size: 0, avg network size: 0, si_in_serializable: 0 0 %, local: 0 %
I0331 02:43:41.380438 885704 Coordinator.h:126] commit: 220 abort: 134780 (0/134780/0), network size: 0, avg network size: 0, si_in_serializable: 0 0 %, local: 0 %
I0331 02:43:42.380568 885704 Coordinator.h:126] commit: 246 abort: 143754 (0/143754/0), network size: 0, avg network size: 0, si_in_serializable: 0 0 %, local: 0 %
I0331 02:43:43.380698 885704 Coordinator.h:126] commit: 207 abort: 134793 (0/134793/0), network size: 0, avg network size: 0, si_in_serializable: 0 0 %, local: 0 %
I0331 02:43:44.380833 885704 Coordinator.h:126] commit: 225 abort: 143775 (0/143775/0), network size: 0, avg network size: 0, si_in_serializable: 0 0 %, local: 0 %
I0331 02:43:45.380957 885704 Coordinator.h:126] commit: 230 abort: 134770 (0/134770/0), network size: 0, avg network size: 0, si_in_serializable: 0 0 %, local: 0 %
I0331 02:43:46.381085 885704 Coordinator.h:126] commit: 253 abort: 143747 (0/143747/0), network size: 0, avg network size: 0, si_in_serializable: 0 0 %, local: 0 %
I0331 02:43:46.381126 885704 Coordinator.h:152] average commit: 238.2 abort: 139262 (0/139262/0), network size: 0, avg network size: 0, si_in_serializable: 0 0 %, local: 0 %
I0331 02:43:46.381173 885704 AriaExecutor.h:646] Worker 0 latency: 64287 us (50%) 64462 us (75%) 71806 us (95%) 74916 us (99%).
I0331 02:43:46.421106 885738 AriaExecutor.h:106] AriaExecutor 5 exits. 
I0331 02:43:46.421106 885737 AriaExecutor.h:106] AriaExecutor 4 exits. 
I0331 02:43:46.421113 885740 AriaExecutor.h:106] AriaExecutor 7 exits. 
I0331 02:43:46.421116 885734 AriaExecutor.h:106] AriaExecutor 1 exits. 
I0331 02:43:46.421116 885733 AriaExecutor.h:106] AriaExecutor 0 exits. 
I0331 02:43:46.421106 885735 AriaExecutor.h:106] AriaExecutor 2 exits. 
I0331 02:43:46.421123 885745 Manager.h:227] Manager(worker id = 12) on the coordinator node exits.
I0331 02:43:46.421113 885743 AriaExecutor.h:106] AriaExecutor 10 exits. 
I0331 02:43:46.421110 885744 AriaExecutor.h:106] AriaExecutor 11 exits. 
I0331 02:43:46.421114 885736 AriaExecutor.h:106] AriaExecutor 3 exits. 
I0331 02:43:46.421106 885739 AriaExecutor.h:106] AriaExecutor 6 exits. 
I0331 02:43:46.421116 885741 AriaExecutor.h:106] AriaExecutor 8 exits. 
I0331 02:43:46.421106 885742 AriaExecutor.h:106] AriaExecutor 9 exits. 
I0331 02:43:46.421394 885704 AriaExecutor.h:646] Worker 1 latency: 64241 us (50%) 64442 us (75%) 71034 us (95%) 90220 us (99%).
I0331 02:43:46.421519 885704 AriaExecutor.h:646] Worker 2 latency: 64231 us (50%) 64445 us (75%) 71937 us (95%) 74890 us (99%).
I0331 02:43:46.421603 885704 AriaExecutor.h:646] Worker 3 latency: 64228 us (50%) 64443 us (75%) 71937 us (95%) 91914 us (99%).
I0331 02:43:46.421686 885704 AriaExecutor.h:646] Worker 4 latency: 64175 us (50%) 64390 us (75%) 70485 us (95%) 90214 us (99%).
I0331 02:43:46.421814 885704 AriaExecutor.h:646] Worker 5 latency: 64161 us (50%) 64394 us (75%) 71813 us (95%) 74838 us (99%).
I0331 02:43:46.421921 885704 AriaExecutor.h:646] Worker 6 latency: 64135 us (50%) 64377 us (75%) 71880 us (95%) 74841 us (99%).
I0331 02:43:46.422030 885704 AriaExecutor.h:646] Worker 7 latency: 64148 us (50%) 64375 us (75%) 71817 us (95%) 90035 us (99%).
I0331 02:43:46.422127 885704 AriaExecutor.h:646] Worker 8 latency: 64103 us (50%) 64366 us (75%) 73861 us (95%) 87253 us (99%).
I0331 02:43:46.422221 885704 AriaExecutor.h:646] Worker 9 latency: 64127 us (50%) 64362 us (75%) 71808 us (95%) 74828 us (99%).
I0331 02:43:46.422322 885704 AriaExecutor.h:646] Worker 10 latency: 64043 us (50%) 64347 us (75%) 71720 us (95%) 75672 us (99%).
I0331 02:43:46.422410 885704 AriaExecutor.h:646] Worker 11 latency: 64054 us (50%) 64355 us (75%) 70048 us (95%) 74494 us (99%).
I0331 02:43:46.422530 885704 Coordinator.h:177] total commit: 238.2
I0331 02:43:47.422752 885704 Coordinator.h:192] Coordinator exits.
