I0318 17:47:52.131485 4004933 Database.h:65] ycsb initialization finished in 101 milliseconds.
I0318 17:47:52.131690 4004933 Coordinator.h:30] Coordinator initializes 60 workers.
I0318 17:47:52.168164 4004933 Coordinator.h:77] Coordinator starts to run 61 workers.
I0318 17:47:52.168324 4004999 AriaExecutor.h:82] AriaExecutor 1 started. 
I0318 17:47:52.168330 4004998 AriaExecutor.h:82] AriaExecutor 0 started. 
I0318 17:47:52.168412 4005000 AriaExecutor.h:82] AriaExecutor 2 started. 
I0318 17:47:52.168485 4005001 AriaExecutor.h:82] AriaExecutor 3 started. 
I0318 17:47:52.168531 4005002 AriaExecutor.h:82] AriaExecutor 4 started. 
I0318 17:47:52.168637 4005003 AriaExecutor.h:82] AriaExecutor 5 started. 
I0318 17:47:52.168699 4005004 AriaExecutor.h:82] AriaExecutor 6 started. 
I0318 17:47:52.168761 4005005 AriaExecutor.h:82] AriaExecutor 7 started. 
I0318 17:47:52.168840 4005006 AriaExecutor.h:82] AriaExecutor 8 started. 
I0318 17:47:52.168922 4005007 AriaExecutor.h:82] AriaExecutor 9 started. 
I0318 17:47:52.169034 4005008 AriaExecutor.h:82] AriaExecutor 10 started. 
I0318 17:47:52.169142 4005009 AriaExecutor.h:82] AriaExecutor 11 started. 
I0318 17:47:52.169240 4005010 AriaExecutor.h:82] AriaExecutor 12 started. 
I0318 17:47:52.169351 4005011 AriaExecutor.h:82] AriaExecutor 13 started. 
I0318 17:47:52.169453 4005012 AriaExecutor.h:82] AriaExecutor 14 started. 
I0318 17:47:52.169586 4005013 AriaExecutor.h:82] AriaExecutor 15 started. 
I0318 17:47:52.169699 4005014 AriaExecutor.h:82] AriaExecutor 16 started. 
I0318 17:47:52.169811 4005015 AriaExecutor.h:82] AriaExecutor 17 started. 
I0318 17:47:52.169919 4005016 AriaExecutor.h:82] AriaExecutor 18 started. 
I0318 17:47:52.170022 4005017 AriaExecutor.h:82] AriaExecutor 19 started. 
I0318 17:47:52.170137 4005018 AriaExecutor.h:82] AriaExecutor 20 started. 
I0318 17:47:52.170253 4005019 AriaExecutor.h:82] AriaExecutor 21 started. 
I0318 17:47:52.170360 4005020 AriaExecutor.h:82] AriaExecutor 22 started. 
I0318 17:47:52.170478 4005021 AriaExecutor.h:82] AriaExecutor 23 started. 
I0318 17:47:52.170593 4005022 AriaExecutor.h:82] AriaExecutor 24 started. 
I0318 17:47:52.170713 4005023 AriaExecutor.h:82] AriaExecutor 25 started. 
I0318 17:47:52.170833 4005024 AriaExecutor.h:82] AriaExecutor 26 started. 
I0318 17:47:52.170953 4005025 AriaExecutor.h:82] AriaExecutor 27 started. 
I0318 17:47:52.171063 4005026 AriaExecutor.h:82] AriaExecutor 28 started. 
I0318 17:47:52.171190 4005027 AriaExecutor.h:82] AriaExecutor 29 started. 
I0318 17:47:52.171301 4005028 AriaExecutor.h:82] AriaExecutor 30 started. 
I0318 17:47:52.171448 4005029 AriaExecutor.h:82] AriaExecutor 31 started. 
I0318 17:47:52.171509 4005030 AriaExecutor.h:82] AriaExecutor 32 started. 
I0318 17:47:52.171603 4005031 AriaExecutor.h:82] AriaExecutor 33 started. 
I0318 17:47:52.171754 4005032 AriaExecutor.h:82] AriaExecutor 34 started. 
I0318 17:47:52.171803 4005033 AriaExecutor.h:82] AriaExecutor 35 started. 
I0318 17:47:52.171904 4005034 AriaExecutor.h:82] AriaExecutor 36 started. 
I0318 17:47:52.172173 4005035 AriaExecutor.h:82] AriaExecutor 37 started. 
I0318 17:47:52.173121 4005036 AriaExecutor.h:82] AriaExecutor 38 started. 
I0318 17:47:52.173333 4005037 AriaExecutor.h:82] AriaExecutor 39 started. 
I0318 17:47:52.173518 4005038 AriaExecutor.h:82] AriaExecutor 40 started. 
I0318 17:47:52.174379 4005039 AriaExecutor.h:82] AriaExecutor 41 started. 
I0318 17:47:52.175832 4005041 AriaExecutor.h:82] AriaExecutor 42 started. 
I0318 17:47:52.176024 4005042 AriaExecutor.h:82] AriaExecutor 43 started. 
I0318 17:47:52.176206 4005043 AriaExecutor.h:82] AriaExecutor 44 started. 
I0318 17:47:52.177212 4005044 AriaExecutor.h:82] AriaExecutor 45 started. 
I0318 17:47:52.177392 4005045 AriaExecutor.h:82] AriaExecutor 46 started. 
I0318 17:47:52.177564 4005046 AriaExecutor.h:82] AriaExecutor 47 started. 
I0318 17:47:52.177805 4005047 AriaExecutor.h:82] AriaExecutor 48 started. 
I0318 17:47:52.177999 4005048 AriaExecutor.h:82] AriaExecutor 49 started. 
I0318 17:47:52.178197 4005049 AriaExecutor.h:82] AriaExecutor 50 started. 
I0318 17:47:52.178375 4005050 AriaExecutor.h:82] AriaExecutor 51 started. 
I0318 17:47:52.178556 4005051 AriaExecutor.h:82] AriaExecutor 52 started. 
I0318 17:47:52.178748 4005052 AriaExecutor.h:82] AriaExecutor 53 started. 
I0318 17:47:52.178994 4005053 AriaExecutor.h:82] AriaExecutor 54 started. 
I0318 17:47:52.179191 4005054 AriaExecutor.h:82] AriaExecutor 55 started. 
I0318 17:47:52.179390 4005055 AriaExecutor.h:82] AriaExecutor 56 started. 
I0318 17:47:52.179566 4005056 AriaExecutor.h:82] AriaExecutor 57 started. 
I0318 17:47:52.179745 4005057 AriaExecutor.h:82] AriaExecutor 58 started. 
I0318 17:47:52.179939 4005058 AriaExecutor.h:82] AriaExecutor 59 started. 
I0318 17:47:52.180270 4005059 Manager.h:224] Manager(worker id = 60) on the coordinator node started.
I0318 17:47:53.180214 4004933 Coordinator.h:126] commit: 421 abort: 348579 (0/348579/0), network size: 0, avg network size: 0, si_in_serializable: 0 0 %, local: 0 %
I0318 17:47:54.180452 4004933 Coordinator.h:126] commit: 446 abort: 352554 (0/352554/0), network size: 0, avg network size: 0, si_in_serializable: 0 0 %, local: 0 %
I0318 17:47:55.180606 4004933 Coordinator.h:126] commit: 380 abort: 309603 (0/309603/0), network size: 0, avg network size: 0, si_in_serializable: 0 0 %, local: 0 %
I0318 17:47:56.180766 4004933 Coordinator.h:126] commit: 422 abort: 344595 (0/344595/0), network size: 0, avg network size: 0, si_in_serializable: 0 0 %, local: 0 %
I0318 17:47:57.181048 4004933 Coordinator.h:126] commit: 460 abort: 346540 (0/346540/0), network size: 0, avg network size: 0, si_in_serializable: 0 0 %, local: 0 %
I0318 17:47:58.181239 4004933 Coordinator.h:126] commit: 437 abort: 347563 (0/347563/0), network size: 0, avg network size: 0, si_in_serializable: 0 0 %, local: 0 %
I0318 17:47:59.181406 4004933 Coordinator.h:126] commit: 420 abort: 346580 (0/346580/0), network size: 0, avg network size: 0, si_in_serializable: 0 0 %, local: 0 %
I0318 17:48:00.181565 4004933 Coordinator.h:126] commit: 430 abort: 347570 (0/347570/0), network size: 0, avg network size: 0, si_in_serializable: 0 0 %, local: 0 %
I0318 17:48:01.181723 4004933 Coordinator.h:126] commit: 427 abort: 343573 (0/343573/0), network size: 0, avg network size: 0, si_in_serializable: 0 0 %, local: 0 %
I0318 17:48:02.181879 4004933 Coordinator.h:126] commit: 435 abort: 347565 (0/347565/0), network size: 0, avg network size: 0, si_in_serializable: 0 0 %, local: 0 %
I0318 17:48:03.182042 4004933 Coordinator.h:126] commit: 429 abort: 347571 (0/347571/0), network size: 0, avg network size: 0, si_in_serializable: 0 0 %, local: 0 %
I0318 17:48:04.182241 4004933 Coordinator.h:126] commit: 446 abort: 348554 (0/348554/0), network size: 0, avg network size: 0, si_in_serializable: 0 0 %, local: 0 %
I0318 17:48:05.182425 4004933 Coordinator.h:126] commit: 434 abort: 349566 (0/349566/0), network size: 0, avg network size: 0, si_in_serializable: 0 0 %, local: 0 %
I0318 17:48:06.182590 4004933 Coordinator.h:126] commit: 432 abort: 349568 (0/349568/0), network size: 0, avg network size: 0, si_in_serializable: 0 0 %, local: 0 %
I0318 17:48:07.182751 4004933 Coordinator.h:126] commit: 449 abort: 349551 (0/349551/0), network size: 0, avg network size: 0, si_in_serializable: 0 0 %, local: 0 %
I0318 17:48:08.182909 4004933 Coordinator.h:126] commit: 434 abort: 349566 (0/349566/0), network size: 0, avg network size: 0, si_in_serializable: 0 0 %, local: 0 %
I0318 17:48:09.183075 4004933 Coordinator.h:126] commit: 440 abort: 349560 (0/349560/0), network size: 0, avg network size: 0, si_in_serializable: 0 0 %, local: 0 %
I0318 17:48:10.183246 4004933 Coordinator.h:126] commit: 425 abort: 350575 (0/350575/0), network size: 0, avg network size: 0, si_in_serializable: 0 0 %, local: 0 %
I0318 17:48:11.183410 4004933 Coordinator.h:126] commit: 434 abort: 348566 (0/348566/0), network size: 0, avg network size: 0, si_in_serializable: 0 0 %, local: 0 %
I0318 17:48:12.183564 4004933 Coordinator.h:126] commit: 430 abort: 349570 (0/349570/0), network size: 0, avg network size: 0, si_in_serializable: 0 0 %, local: 0 %
I0318 17:48:13.183724 4004933 Coordinator.h:126] commit: 434 abort: 349566 (0/349566/0), network size: 0, avg network size: 0, si_in_serializable: 0 0 %, local: 0 %
I0318 17:48:14.183895 4004933 Coordinator.h:126] commit: 438 abort: 349562 (0/349562/0), network size: 0, avg network size: 0, si_in_serializable: 0 0 %, local: 0 %
I0318 17:48:15.184058 4004933 Coordinator.h:126] commit: 427 abort: 349573 (0/349573/0), network size: 0, avg network size: 0, si_in_serializable: 0 0 %, local: 0 %
I0318 17:48:16.184222 4004933 Coordinator.h:126] commit: 439 abort: 348561 (0/348561/0), network size: 0, avg network size: 0, si_in_serializable: 0 0 %, local: 0 %
I0318 17:48:17.184381 4004933 Coordinator.h:126] commit: 435 abort: 349565 (0/349565/0), network size: 0, avg network size: 0, si_in_serializable: 0 0 %, local: 0 %
I0318 17:48:17.184440 4004933 Coordinator.h:152] average commit: 435.3 abort: 349265 (0/349265/0), network size: 0, avg network size: 0, si_in_serializable: 0 0 %, local: 0 %
I0318 17:48:17.184456 4004933 AriaExecutor.h:535] Worker 0 latency: 2830 us (50%) 2871 us (75%) 2935 us (95%) 2989 us (99%).
I0318 17:48:17.185873 4005046 AriaExecutor.h:94] AriaExecutor 47 exits. 
I0318 17:48:17.185876 4004998 AriaExecutor.h:94] AriaExecutor 0 exits. 
I0318 17:48:17.185889 4005036 AriaExecutor.h:94] AriaExecutor 38 exits. 
I0318 17:48:17.185901 4005012 AriaExecutor.h:94] AriaExecutor 14 exits. 
I0318 17:48:17.185873 4005003 AriaExecutor.h:94] AriaExecutor 5 exits. 
I0318 17:48:17.185899 4005044 AriaExecutor.h:94] AriaExecutor 45 exits. 
I0318 17:48:17.185887 4005059 Manager.h:227] Manager(worker id = 60) on the coordinator node exits.
I0318 17:48:17.185873 4005006 AriaExecutor.h:94] AriaExecutor 8 exits. 
I0318 17:48:17.185880 4005010 AriaExecutor.h:94] AriaExecutor 12 exits. 
I0318 17:48:17.185959 4005049 AriaExecutor.h:94] AriaExecutor 50 exits. 
I0318 17:48:17.185883 4005057 AriaExecutor.h:94] AriaExecutor 58 exits. 
I0318 17:48:17.185882 4005005 AriaExecutor.h:94] AriaExecutor 7 exits. 
I0318 17:48:17.185873 4004999 AriaExecutor.h:94] AriaExecutor 1 exits. 
I0318 17:48:17.185881 4005000 AriaExecutor.h:94] AriaExecutor 2 exits. 
I0318 17:48:17.185896 4005020 AriaExecutor.h:94] AriaExecutor 22 exits. 
I0318 17:48:17.185900 4005015 AriaExecutor.h:94] AriaExecutor 17 exits. 
I0318 17:48:17.185881 4005045 AriaExecutor.h:94] AriaExecutor 46 exits. 
I0318 17:48:17.185901 4005024 AriaExecutor.h:94] AriaExecutor 26 exits. 
I0318 17:48:17.185902 4005019 AriaExecutor.h:94] AriaExecutor 21 exits. 
I0318 17:48:17.185880 4005056 AriaExecutor.h:94] AriaExecutor 57 exits. 
I0318 17:48:17.185896 4005021 AriaExecutor.h:94] AriaExecutor 23 exits. 
I0318 17:48:17.185914 4005051 AriaExecutor.h:94] AriaExecutor 52 exits. 
I0318 17:48:17.185931 4005016 AriaExecutor.h:94] AriaExecutor 18 exits. 
I0318 17:48:17.185884 4005001 AriaExecutor.h:94] AriaExecutor 3 exits. 
I0318 17:48:17.185895 4005018 AriaExecutor.h:94] AriaExecutor 20 exits. 
I0318 17:48:17.185894 4005014 AriaExecutor.h:94] AriaExecutor 16 exits. 
I0318 17:48:17.185928 4005037 AriaExecutor.h:94] AriaExecutor 39 exits. 
I0318 17:48:17.185928 4005041 AriaExecutor.h:94] AriaExecutor 42 exits. 
I0318 17:48:17.185873 4005004 AriaExecutor.h:94] AriaExecutor 6 exits. 
I0318 17:48:17.185876 4005030 AriaExecutor.h:94] AriaExecutor 32 exits. 
I0318 17:48:17.185916 4005050 AriaExecutor.h:94] AriaExecutor 51 exits. 
I0318 17:48:17.185881 4005011 AriaExecutor.h:94] AriaExecutor 13 exits. 
I0318 17:48:17.185878 4005047 AriaExecutor.h:94] AriaExecutor 48 exits. 
I0318 17:48:17.185878 4005055 AriaExecutor.h:94] AriaExecutor 56 exits. 
I0318 17:48:17.185889 4005035 AriaExecutor.h:94] AriaExecutor 37 exits. 
I0318 17:48:17.185873 4005028 AriaExecutor.h:94] AriaExecutor 30 exits. 
I0318 17:48:17.185878 4005007 AriaExecutor.h:94] AriaExecutor 9 exits. 
I0318 17:48:17.185954 4005031 AriaExecutor.h:94] AriaExecutor 33 exits. 
I0318 17:48:17.185954 4005034 AriaExecutor.h:94] AriaExecutor 36 exits. 
I0318 17:48:17.185894 4005022 AriaExecutor.h:94] AriaExecutor 24 exits. 
I0318 17:48:17.185921 4005043 AriaExecutor.h:94] AriaExecutor 44 exits. 
I0318 17:48:17.185964 4005027 AriaExecutor.h:94] AriaExecutor 29 exits. 
I0318 17:48:17.185881 4005054 AriaExecutor.h:94] AriaExecutor 55 exits. 
I0318 17:48:17.185971 4005026 AriaExecutor.h:94] AriaExecutor 28 exits. 
I0318 17:48:17.185886 4005002 AriaExecutor.h:94] AriaExecutor 4 exits. 
I0318 17:48:17.185879 4005009 AriaExecutor.h:94] AriaExecutor 11 exits. 
I0318 17:48:17.185889 4005039 AriaExecutor.h:94] AriaExecutor 41 exits. 
I0318 17:48:17.185902 4005017 AriaExecutor.h:94] AriaExecutor 19 exits. 
I0318 17:48:17.185916 4005048 AriaExecutor.h:94] AriaExecutor 49 exits. 
I0318 17:48:17.185878 4005058 AriaExecutor.h:94] AriaExecutor 59 exits. 
I0318 17:48:17.185953 4005033 AriaExecutor.h:94] AriaExecutor 35 exits. 
I0318 17:48:17.185894 4005013 AriaExecutor.h:94] AriaExecutor 15 exits. 
I0318 17:48:17.185953 4005032 AriaExecutor.h:94] AriaExecutor 34 exits. 
I0318 17:48:17.185915 4005053 AriaExecutor.h:94] AriaExecutor 54 exits. 
I0318 17:48:17.185880 4005008 AriaExecutor.h:94] AriaExecutor 10 exits. 
I0318 17:48:17.185967 4005025 AriaExecutor.h:94] AriaExecutor 27 exits. 
I0318 17:48:17.185928 4005042 AriaExecutor.h:94] AriaExecutor 43 exits. 
I0318 17:48:17.185900 4005023 AriaExecutor.h:94] AriaExecutor 25 exits. 
I0318 17:48:17.185900 4005038 AriaExecutor.h:94] AriaExecutor 40 exits. 
I0318 17:48:17.185917 4005052 AriaExecutor.h:94] AriaExecutor 53 exits. 
I0318 17:48:17.186547 4004933 AriaExecutor.h:535] Worker 1 latency: 2829 us (50%) 2871 us (75%) 2933 us (95%) 2989 us (99%).
I0318 17:48:17.186704 4004933 AriaExecutor.h:535] Worker 2 latency: 2828 us (50%) 2867 us (75%) 2936 us (95%) 2968 us (99%).
I0318 17:48:17.186725 4004933 AriaExecutor.h:535] Worker 3 latency: 2820 us (50%) 2854 us (75%) 2931 us (95%) 2989 us (99%).
I0318 17:48:17.186738 4004933 AriaExecutor.h:535] Worker 4 latency: 2825 us (50%) 2876 us (75%) 2964 us (95%) 2998 us (99%).
I0318 17:48:17.186784 4004933 AriaExecutor.h:535] Worker 5 latency: 2825 us (50%) 2878 us (75%) 2960 us (95%) 3010 us (99%).
I0318 17:48:17.186810 4004933 AriaExecutor.h:535] Worker 6 latency: 2833 us (50%) 2874 us (75%) 2932 us (95%) 3001 us (99%).
I0318 17:48:17.186836 4004933 AriaExecutor.h:535] Worker 7 latency: 2834 us (50%) 2856 us (75%) 2907 us (95%) 2946 us (99%).
I0318 17:48:17.186859 4004933 AriaExecutor.h:535] Worker 8 latency: 2819 us (50%) 2855 us (75%) 2935 us (95%) 2961 us (99%).
I0318 17:48:17.185876 4005029 AriaExecutor.h:94] AriaExecutor 31 exits. 
I0318 17:48:17.186887 4004933 AriaExecutor.h:535] Worker 9 latency: 2815 us (50%) 2880 us (75%) 2932 us (95%) 2981 us (99%).
I0318 17:48:17.186913 4004933 AriaExecutor.h:535] Worker 10 latency: 2843 us (50%) 2895 us (75%) 2943 us (95%) 2943 us (99%).
I0318 17:48:17.186940 4004933 AriaExecutor.h:535] Worker 11 latency: 2863 us (50%) 2910 us (75%) 2938 us (95%) 2938 us (99%).
I0318 17:48:17.186975 4004933 AriaExecutor.h:535] Worker 12 latency: 2812 us (50%) 2840 us (75%) 2883 us (95%) 2883 us (99%).
I0318 17:48:17.187004 4004933 AriaExecutor.h:535] Worker 13 latency: 2797 us (50%) 2852 us (75%) 2929 us (95%) 2929 us (99%).
I0318 17:48:17.187026 4004933 AriaExecutor.h:535] Worker 14 latency: 2907 us (50%) 2924 us (75%) 2978 us (95%) 2978 us (99%).
I0318 17:48:17.187047 4004933 AriaExecutor.h:535] Worker 15 latency: 2823 us (50%) 2853 us (75%) 2977 us (95%) 2977 us (99%).
I0318 17:48:17.187073 4004933 AriaExecutor.h:535] Worker 16 latency: 2827 us (50%) 2873 us (75%) 2907 us (95%) 2907 us (99%).
I0318 17:48:17.187110 4004933 AriaExecutor.h:535] Worker 17 latency: 2796 us (50%) 2838 us (75%) 2840 us (95%) 2840 us (99%).
I0318 17:48:17.187134 4004933 AriaExecutor.h:535] Worker 18 latency: 2819 us (50%) 2822 us (75%) 2823 us (95%) 2823 us (99%).
I0318 17:48:17.187155 4004933 AriaExecutor.h:535] Worker 19 latency: 2801 us (50%) 2869 us (75%) 2890 us (95%) 2890 us (99%).
I0318 17:48:17.187177 4004933 AriaExecutor.h:535] Worker 20 latency: 2809 us (50%) 2867 us (75%) 2901 us (95%) 2901 us (99%).
I0318 17:48:17.187196 4004933 AriaExecutor.h:535] Worker 21 latency: 2819 us (50%) 2819 us (75%) 2819 us (95%) 2819 us (99%).
I0318 17:48:17.187220 4004933 AriaExecutor.h:535] Worker 22 latency: 2871 us (50%) 2897 us (75%) 2932 us (95%) 2932 us (99%).
I0318 17:48:17.187240 4004933 AriaExecutor.h:535] Worker 23 latency: 2785 us (50%) 2929 us (75%) 2929 us (95%) 2929 us (99%).
I0318 17:48:17.187260 4004933 AriaExecutor.h:535] Worker 24 latency: 2727 us (50%) 2802 us (75%) 2802 us (95%) 2802 us (99%).
I0318 17:48:17.187288 4004933 AriaExecutor.h:535] Worker 25 latency: 2849 us (50%) 2887 us (75%) 2887 us (95%) 2887 us (99%).
I0318 17:48:17.187306 4004933 AriaExecutor.h:535] Worker 26 latency: 2795 us (50%) 2811 us (75%) 2888 us (95%) 2888 us (99%).
I0318 17:48:17.187330 4004933 AriaExecutor.h:535] Worker 27 latency: 2621 us (50%) 2789 us (75%) 2789 us (95%) 2789 us (99%).
I0318 17:48:17.187350 4004933 AriaExecutor.h:535] Worker 28 latency: 2729 us (50%) 2739 us (75%) 2739 us (95%) 2739 us (99%).
I0318 17:48:17.187369 4004933 AriaExecutor.h:535] Worker 29 latency: 2787 us (50%) 2845 us (75%) 2891 us (95%) 2891 us (99%).
I0318 17:48:17.187388 4004933 AriaExecutor.h:535] Worker 30 latency: 2730 us (50%) 2792 us (75%) 2814 us (95%) 2814 us (99%).
I0318 17:48:17.187412 4004933 AriaExecutor.h:535] Worker 31 latency: 2747 us (50%) 2776 us (75%) 2776 us (95%) 2776 us (99%).
I0318 17:48:17.187433 4004933 AriaExecutor.h:535] Worker 32 latency: 2674 us (50%) 2939 us (75%) 2939 us (95%) 2939 us (99%).
I0318 17:48:17.187454 4004933 AriaExecutor.h:535] Worker 33 latency: 2847 us (50%) 5895 us (75%) 5895 us (95%) 5895 us (99%).
I0318 17:48:17.187477 4004933 AriaExecutor.h:535] Worker 34 latency: 2766 us (50%) 2771 us (75%) 2771 us (95%) 2771 us (99%).
I0318 17:48:17.187498 4004933 AriaExecutor.h:535] Worker 35 latency: 2745 us (50%) 2751 us (75%) 2751 us (95%) 2751 us (99%).
I0318 17:48:17.187518 4004933 AriaExecutor.h:535] Worker 36 latency: 2673 us (50%) 2805 us (75%) 2805 us (95%) 2805 us (99%).
I0318 17:48:17.187543 4004933 AriaExecutor.h:535] Worker 37 latency: 2833 us (50%) 2889 us (75%) 2889 us (95%) 2889 us (99%).
I0318 17:48:17.187565 4004933 AriaExecutor.h:535] Worker 38 latency: 2772 us (50%) 2772 us (75%) 2772 us (95%) 2772 us (99%).
I0318 17:48:17.187590 4004933 AriaExecutor.h:535] Worker 39 latency: 2880 us (50%) 2880 us (75%) 2880 us (95%) 2880 us (99%).
I0318 17:48:17.187613 4004933 AriaExecutor.h:535] Worker 40 latency: 2343 us (50%) 2723 us (75%) 2723 us (95%) 2723 us (99%).
I0318 17:48:17.187636 4004933 AriaExecutor.h:535] Worker 41 latency: 2776 us (50%) 2778 us (75%) 2839 us (95%) 2839 us (99%).
I0318 17:48:17.187664 4004933 AriaExecutor.h:535] Worker 42 latency: 2786 us (50%) 2791 us (75%) 2839 us (95%) 2839 us (99%).
I0318 17:48:17.187686 4004933 AriaExecutor.h:535] Worker 43 latency: 2757 us (50%) 2757 us (75%) 2757 us (95%) 2757 us (99%).
I0318 17:48:17.187721 4004933 AriaExecutor.h:535] Worker 44 latency: 2853 us (50%) 2853 us (75%) 2853 us (95%) 2853 us (99%).
I0318 17:48:17.187742 4004933 AriaExecutor.h:535] Worker 45 latency: 2670 us (50%) 2865 us (75%) 2865 us (95%) 2865 us (99%).
I0318 17:48:17.187768 4004933 AriaExecutor.h:535] Worker 46 latency: 2858 us (50%) 2915 us (75%) 2917 us (95%) 2917 us (99%).
I0318 17:48:17.187790 4004933 AriaExecutor.h:535] Worker 47 latency: 2627 us (50%) 2764 us (75%) 2764 us (95%) 2764 us (99%).
I0318 17:48:17.187816 4004933 AriaExecutor.h:535] Worker 48 latency: 2677 us (50%) 2677 us (75%) 2677 us (95%) 2677 us (99%).
I0318 17:48:17.187841 4004933 AriaExecutor.h:535] Worker 49 latency: 2752 us (50%) 2838 us (75%) 2838 us (95%) 2838 us (99%).
I0318 17:48:17.187867 4004933 AriaExecutor.h:535] Worker 50 latency: 2837 us (50%) 2837 us (75%) 2837 us (95%) 2837 us (99%).
I0318 17:48:17.187887 4004933 AriaExecutor.h:535] Worker 51 latency: 0 us (50%) 0 us (75%) 0 us (95%) 0 us (99%).
I0318 17:48:17.187906 4004933 AriaExecutor.h:535] Worker 52 latency: 2642 us (50%) 2642 us (75%) 2642 us (95%) 2642 us (99%).
I0318 17:48:17.187932 4004933 AriaExecutor.h:535] Worker 53 latency: 2779 us (50%) 2883 us (75%) 2883 us (95%) 2883 us (99%).
I0318 17:48:17.187951 4004933 AriaExecutor.h:535] Worker 54 latency: 2776 us (50%) 2812 us (75%) 2812 us (95%) 2812 us (99%).
I0318 17:48:17.187970 4004933 AriaExecutor.h:535] Worker 55 latency: 0 us (50%) 0 us (75%) 0 us (95%) 0 us (99%).
I0318 17:48:17.187994 4004933 AriaExecutor.h:535] Worker 56 latency: 2666 us (50%) 2795 us (75%) 2888 us (95%) 2888 us (99%).
I0318 17:48:17.188014 4004933 AriaExecutor.h:535] Worker 57 latency: 2625 us (50%) 2819 us (75%) 2819 us (95%) 2819 us (99%).
I0318 17:48:17.188031 4004933 AriaExecutor.h:535] Worker 58 latency: 0 us (50%) 0 us (75%) 0 us (95%) 0 us (99%).
I0318 17:48:17.188055 4004933 AriaExecutor.h:535] Worker 59 latency: 0 us (50%) 0 us (75%) 0 us (95%) 0 us (99%).
I0318 17:48:17.188086 4004933 Coordinator.h:177] total commit: 435.3
I0318 17:48:18.188323 4004933 Coordinator.h:192] Coordinator exits.
