I0318 17:44:19.445333 4001909 Database.h:65] ycsb initialization finished in 102 milliseconds.
I0318 17:44:19.445539 4001909 Coordinator.h:30] Coordinator initializes 44 workers.
I0318 17:44:19.481120 4001909 Coordinator.h:77] Coordinator starts to run 45 workers.
I0318 17:44:19.481211 4001958 AriaExecutor.h:82] AriaExecutor 0 started. 
I0318 17:44:19.481247 4001959 AriaExecutor.h:82] AriaExecutor 1 started. 
I0318 17:44:19.481338 4001960 AriaExecutor.h:82] AriaExecutor 2 started. 
I0318 17:44:19.481424 4001961 AriaExecutor.h:82] AriaExecutor 3 started. 
I0318 17:44:19.481534 4001962 AriaExecutor.h:82] AriaExecutor 4 started. 
I0318 17:44:19.481666 4001963 AriaExecutor.h:82] AriaExecutor 5 started. 
I0318 17:44:19.481798 4001964 AriaExecutor.h:82] AriaExecutor 6 started. 
I0318 17:44:19.481900 4001965 AriaExecutor.h:82] AriaExecutor 7 started. 
I0318 17:44:19.482009 4001966 AriaExecutor.h:82] AriaExecutor 8 started. 
I0318 17:44:19.482121 4001967 AriaExecutor.h:82] AriaExecutor 9 started. 
I0318 17:44:19.482235 4001968 AriaExecutor.h:82] AriaExecutor 10 started. 
I0318 17:44:19.482349 4001969 AriaExecutor.h:82] AriaExecutor 11 started. 
I0318 17:44:19.482467 4001970 AriaExecutor.h:82] AriaExecutor 12 started. 
I0318 17:44:19.482595 4001971 AriaExecutor.h:82] AriaExecutor 13 started. 
I0318 17:44:19.482708 4001972 AriaExecutor.h:82] AriaExecutor 14 started. 
I0318 17:44:19.482853 4001973 AriaExecutor.h:82] AriaExecutor 15 started. 
I0318 17:44:19.482987 4001974 AriaExecutor.h:82] AriaExecutor 16 started. 
I0318 17:44:19.483111 4001975 AriaExecutor.h:82] AriaExecutor 17 started. 
I0318 17:44:19.483242 4001976 AriaExecutor.h:82] AriaExecutor 18 started. 
I0318 17:44:19.483368 4001977 AriaExecutor.h:82] AriaExecutor 19 started. 
I0318 17:44:19.483495 4001978 AriaExecutor.h:82] AriaExecutor 20 started. 
I0318 17:44:19.483558 4001979 AriaExecutor.h:82] AriaExecutor 21 started. 
I0318 17:44:19.483657 4001980 AriaExecutor.h:82] AriaExecutor 22 started. 
I0318 17:44:19.483775 4001981 AriaExecutor.h:82] AriaExecutor 23 started. 
I0318 17:44:19.483938 4001982 AriaExecutor.h:82] AriaExecutor 24 started. 
I0318 17:44:19.484042 4001983 AriaExecutor.h:82] AriaExecutor 25 started. 
I0318 17:44:19.484164 4001984 AriaExecutor.h:82] AriaExecutor 26 started. 
I0318 17:44:19.484346 4001985 AriaExecutor.h:82] AriaExecutor 27 started. 
I0318 17:44:19.484462 4001986 AriaExecutor.h:82] AriaExecutor 28 started. 
I0318 17:44:19.484642 4001987 AriaExecutor.h:82] AriaExecutor 29 started. 
I0318 17:44:19.484752 4001988 AriaExecutor.h:82] AriaExecutor 30 started. 
I0318 17:44:19.484884 4001989 AriaExecutor.h:82] AriaExecutor 31 started. 
I0318 17:44:19.485015 4001990 AriaExecutor.h:82] AriaExecutor 32 started. 
I0318 17:44:19.485143 4001991 AriaExecutor.h:82] AriaExecutor 33 started. 
I0318 17:44:19.485280 4001992 AriaExecutor.h:82] AriaExecutor 34 started. 
I0318 17:44:19.485368 4001993 AriaExecutor.h:82] AriaExecutor 35 started. 
I0318 17:44:19.485608 4001994 AriaExecutor.h:82] AriaExecutor 36 started. 
I0318 17:44:19.485807 4001995 AriaExecutor.h:82] AriaExecutor 37 started. 
I0318 17:44:19.486186 4001997 AriaExecutor.h:82] AriaExecutor 39 started. 
I0318 17:44:19.486366 4001998 AriaExecutor.h:82] AriaExecutor 40 started. 
I0318 17:44:19.486550 4001999 AriaExecutor.h:82] AriaExecutor 41 started. 
I0318 17:44:19.486724 4002000 AriaExecutor.h:82] AriaExecutor 42 started. 
I0318 17:44:19.486901 4002001 AriaExecutor.h:82] AriaExecutor 43 started. 
I0318 17:44:19.487080 4002002 Manager.h:224] Manager(worker id = 44) on the coordinator node started.
I0318 17:44:19.487941 4001996 AriaExecutor.h:82] AriaExecutor 38 started. 
I0318 17:44:20.487155 4001909 Coordinator.h:126] commit: 325 abort: 268675 (0/268675/0), network size: 0, avg network size: 0, si_in_serializable: 0 0 %, local: 0 %
I0318 17:44:21.487316 4001909 Coordinator.h:126] commit: 353 abort: 270647 (0/270647/0), network size: 0, avg network size: 0, si_in_serializable: 0 0 %, local: 0 %
I0318 17:44:22.487468 4001909 Coordinator.h:126] commit: 337 abort: 266663 (0/266663/0), network size: 0, avg network size: 0, si_in_serializable: 0 0 %, local: 0 %
I0318 17:44:23.487704 4001909 Coordinator.h:126] commit: 327 abort: 263673 (0/263673/0), network size: 0, avg network size: 0, si_in_serializable: 0 0 %, local: 0 %
I0318 17:44:24.487865 4001909 Coordinator.h:126] commit: 344 abort: 266656 (0/266656/0), network size: 0, avg network size: 0, si_in_serializable: 0 0 %, local: 0 %
I0318 17:44:25.488005 4001909 Coordinator.h:126] commit: 334 abort: 265666 (0/265666/0), network size: 0, avg network size: 0, si_in_serializable: 0 0 %, local: 0 %
I0318 17:44:26.488154 4001909 Coordinator.h:126] commit: 333 abort: 264667 (0/264667/0), network size: 0, avg network size: 0, si_in_serializable: 0 0 %, local: 0 %
I0318 17:44:27.488301 4001909 Coordinator.h:126] commit: 340 abort: 264660 (0/264660/0), network size: 0, avg network size: 0, si_in_serializable: 0 0 %, local: 0 %
I0318 17:44:28.488451 4001909 Coordinator.h:126] commit: 324 abort: 263676 (0/263676/0), network size: 0, avg network size: 0, si_in_serializable: 0 0 %, local: 0 %
I0318 17:44:29.488587 4001909 Coordinator.h:126] commit: 328 abort: 263672 (0/263672/0), network size: 0, avg network size: 0, si_in_serializable: 0 0 %, local: 0 %
I0318 17:44:30.488749 4001909 Coordinator.h:126] commit: 334 abort: 263666 (0/263666/0), network size: 0, avg network size: 0, si_in_serializable: 0 0 %, local: 0 %
I0318 17:44:31.488920 4001909 Coordinator.h:126] commit: 331 abort: 264669 (0/264669/0), network size: 0, avg network size: 0, si_in_serializable: 0 0 %, local: 0 %
I0318 17:44:32.489081 4001909 Coordinator.h:126] commit: 325 abort: 262675 (0/262675/0), network size: 0, avg network size: 0, si_in_serializable: 0 0 %, local: 0 %
I0318 17:44:33.489246 4001909 Coordinator.h:126] commit: 338 abort: 263662 (0/263662/0), network size: 0, avg network size: 0, si_in_serializable: 0 0 %, local: 0 %
I0318 17:44:34.489398 4001909 Coordinator.h:126] commit: 335 abort: 263665 (0/263665/0), network size: 0, avg network size: 0, si_in_serializable: 0 0 %, local: 0 %
I0318 17:44:35.489547 4001909 Coordinator.h:126] commit: 328 abort: 263672 (0/263672/0), network size: 0, avg network size: 0, si_in_serializable: 0 0 %, local: 0 %
I0318 17:44:36.489712 4001909 Coordinator.h:126] commit: 337 abort: 261663 (0/261663/0), network size: 0, avg network size: 0, si_in_serializable: 0 0 %, local: 0 %
I0318 17:44:37.489866 4001909 Coordinator.h:126] commit: 336 abort: 262664 (0/262664/0), network size: 0, avg network size: 0, si_in_serializable: 0 0 %, local: 0 %
I0318 17:44:38.490015 4001909 Coordinator.h:126] commit: 331 abort: 263669 (0/263669/0), network size: 0, avg network size: 0, si_in_serializable: 0 0 %, local: 0 %
I0318 17:44:39.490163 4001909 Coordinator.h:126] commit: 335 abort: 262665 (0/262665/0), network size: 0, avg network size: 0, si_in_serializable: 0 0 %, local: 0 %
I0318 17:44:40.490350 4001909 Coordinator.h:126] commit: 344 abort: 262656 (0/262656/0), network size: 0, avg network size: 0, si_in_serializable: 0 0 %, local: 0 %
I0318 17:44:41.490501 4001909 Coordinator.h:126] commit: 322 abort: 262678 (0/262678/0), network size: 0, avg network size: 0, si_in_serializable: 0 0 %, local: 0 %
I0318 17:44:42.490653 4001909 Coordinator.h:126] commit: 335 abort: 261665 (0/261665/0), network size: 0, avg network size: 0, si_in_serializable: 0 0 %, local: 0 %
I0318 17:44:43.490798 4001909 Coordinator.h:126] commit: 329 abort: 262671 (0/262671/0), network size: 0, avg network size: 0, si_in_serializable: 0 0 %, local: 0 %
I0318 17:44:44.490947 4001909 Coordinator.h:126] commit: 312 abort: 262688 (0/262688/0), network size: 0, avg network size: 0, si_in_serializable: 0 0 %, local: 0 %
I0318 17:44:44.490998 4001909 Coordinator.h:152] average commit: 333 abort: 263267 (0/263267/0), network size: 0, avg network size: 0, si_in_serializable: 0 0 %, local: 0 %
I0318 17:44:44.491015 4001909 AriaExecutor.h:535] Worker 0 latency: 3744 us (50%) 3796 us (75%) 3872 us (95%) 3939 us (99%).
I0318 17:44:44.492833 4001990 AriaExecutor.h:94] AriaExecutor 32 exits. 
I0318 17:44:44.492859 4001962 AriaExecutor.h:94] AriaExecutor 4 exits. 
I0318 17:44:44.492862 4001993 AriaExecutor.h:94] AriaExecutor 35 exits. 
I0318 17:44:44.492851 4001995 AriaExecutor.h:94] AriaExecutor 37 exits. 
I0318 17:44:44.492851 4001999 AriaExecutor.h:94] AriaExecutor 41 exits. 
I0318 17:44:44.492882 4001979 AriaExecutor.h:94] AriaExecutor 21 exits. 
I0318 17:44:44.492846 4001987 AriaExecutor.h:94] AriaExecutor 29 exits. 
I0318 17:44:44.492858 4001965 AriaExecutor.h:94] AriaExecutor 7 exits. 
I0318 17:44:44.492861 4001989 AriaExecutor.h:94] AriaExecutor 31 exits. 
I0318 17:44:44.492853 4001981 AriaExecutor.h:94] AriaExecutor 23 exits. 
I0318 17:44:44.492851 4001994 AriaExecutor.h:94] AriaExecutor 36 exits. 
I0318 17:44:44.492920 4002002 Manager.h:227] Manager(worker id = 44) on the coordinator node exits.
I0318 17:44:44.492882 4001980 AriaExecutor.h:94] AriaExecutor 22 exits. 
I0318 17:44:44.492834 4001988 AriaExecutor.h:94] AriaExecutor 30 exits. 
I0318 17:44:44.492935 4001973 AriaExecutor.h:94] AriaExecutor 15 exits. 
I0318 17:44:44.492851 4001996 AriaExecutor.h:94] AriaExecutor 38 exits. 
I0318 17:44:44.492908 4001974 AriaExecutor.h:94] AriaExecutor 16 exits. 
I0318 17:44:44.492862 4001961 AriaExecutor.h:94] AriaExecutor 3 exits. 
I0318 17:44:44.492862 4001960 AriaExecutor.h:94] AriaExecutor 2 exits. 
I0318 17:44:44.492897 4001969 AriaExecutor.h:94] AriaExecutor 11 exits. 
I0318 17:44:44.492858 4001958 AriaExecutor.h:94] AriaExecutor 0 exits. 
I0318 17:44:44.492834 4001963 AriaExecutor.h:94] AriaExecutor 5 exits. 
I0318 17:44:44.492899 4001998 AriaExecutor.h:94] AriaExecutor 40 exits. 
I0318 17:44:44.492905 4001977 AriaExecutor.h:94] AriaExecutor 19 exits. 
I0318 17:44:44.492908 4001984 AriaExecutor.h:94] AriaExecutor 26 exits. 
I0318 17:44:44.492910 4001978 AriaExecutor.h:94] AriaExecutor 20 exits. 
I0318 17:44:44.492890 4001968 AriaExecutor.h:94] AriaExecutor 10 exits. 
I0318 17:44:44.492898 4001970 AriaExecutor.h:94] AriaExecutor 12 exits. 
I0318 17:44:44.492862 4001992 AriaExecutor.h:94] AriaExecutor 34 exits. 
I0318 17:44:44.492915 4001985 AriaExecutor.h:94] AriaExecutor 27 exits. 
I0318 17:44:44.492923 4001972 AriaExecutor.h:94] AriaExecutor 14 exits. 
I0318 17:44:44.492923 4001982 AriaExecutor.h:94] AriaExecutor 24 exits. 
I0318 17:44:44.492833 4001971 AriaExecutor.h:94] AriaExecutor 13 exits. 
I0318 17:44:44.492884 4001991 AriaExecutor.h:94] AriaExecutor 33 exits. 
I0318 17:44:44.492883 4001964 AriaExecutor.h:94] AriaExecutor 6 exits. 
I0318 17:44:44.492872 4001997 AriaExecutor.h:94] AriaExecutor 39 exits. 
I0318 17:44:44.492836 4001967 AriaExecutor.h:94] AriaExecutor 9 exits. 
I0318 17:44:44.492885 4001959 AriaExecutor.h:94] AriaExecutor 1 exits. 
I0318 17:44:44.492910 4002000 AriaExecutor.h:94] AriaExecutor 42 exits. 
I0318 17:44:44.492911 4002001 AriaExecutor.h:94] AriaExecutor 43 exits. 
I0318 17:44:44.492913 4001983 AriaExecutor.h:94] AriaExecutor 25 exits. 
I0318 17:44:44.492885 4001966 AriaExecutor.h:94] AriaExecutor 8 exits. 
I0318 17:44:44.492904 4001976 AriaExecutor.h:94] AriaExecutor 18 exits. 
I0318 17:44:44.492904 4001975 AriaExecutor.h:94] AriaExecutor 17 exits. 
I0318 17:44:44.492872 4001986 AriaExecutor.h:94] AriaExecutor 28 exits. 
I0318 17:44:44.493299 4001909 AriaExecutor.h:535] Worker 1 latency: 3741 us (50%) 3794 us (75%) 3872 us (95%) 3956 us (99%).
I0318 17:44:44.493418 4001909 AriaExecutor.h:535] Worker 2 latency: 3739 us (50%) 3798 us (75%) 3872 us (95%) 3898 us (99%).
I0318 17:44:44.493435 4001909 AriaExecutor.h:535] Worker 3 latency: 3725 us (50%) 3775 us (75%) 3835 us (95%) 3866 us (99%).
I0318 17:44:44.493448 4001909 AriaExecutor.h:535] Worker 4 latency: 3742 us (50%) 3795 us (75%) 3881 us (95%) 7392 us (99%).
I0318 17:44:44.493490 4001909 AriaExecutor.h:535] Worker 5 latency: 3742 us (50%) 3781 us (75%) 3819 us (95%) 3834 us (99%).
I0318 17:44:44.493516 4001909 AriaExecutor.h:535] Worker 6 latency: 3747 us (50%) 3794 us (75%) 3945 us (95%) 3950 us (99%).
I0318 17:44:44.493544 4001909 AriaExecutor.h:535] Worker 7 latency: 3741 us (50%) 3797 us (75%) 3856 us (95%) 3863 us (99%).
I0318 17:44:44.493569 4001909 AriaExecutor.h:535] Worker 8 latency: 3725 us (50%) 3788 us (75%) 3833 us (95%) 3833 us (99%).
I0318 17:44:44.493589 4001909 AriaExecutor.h:535] Worker 9 latency: 3737 us (50%) 3778 us (75%) 3827 us (95%) 3827 us (99%).
I0318 17:44:44.493611 4001909 AriaExecutor.h:535] Worker 10 latency: 3731 us (50%) 3741 us (75%) 3809 us (95%) 3809 us (99%).
I0318 17:44:44.493633 4001909 AriaExecutor.h:535] Worker 11 latency: 3727 us (50%) 3828 us (75%) 3884 us (95%) 3884 us (99%).
I0318 17:44:44.493655 4001909 AriaExecutor.h:535] Worker 12 latency: 3692 us (50%) 3776 us (75%) 3815 us (95%) 3815 us (99%).
I0318 17:44:44.493675 4001909 AriaExecutor.h:535] Worker 13 latency: 3724 us (50%) 3744 us (75%) 3867 us (95%) 3867 us (99%).
I0318 17:44:44.493697 4001909 AriaExecutor.h:535] Worker 14 latency: 3722 us (50%) 3758 us (75%) 3909 us (95%) 3909 us (99%).
I0318 17:44:44.493717 4001909 AriaExecutor.h:535] Worker 15 latency: 3725 us (50%) 3775 us (75%) 3821 us (95%) 3821 us (99%).
I0318 17:44:44.493738 4001909 AriaExecutor.h:535] Worker 16 latency: 3795 us (50%) 3839 us (75%) 3841 us (95%) 3841 us (99%).
I0318 17:44:44.493758 4001909 AriaExecutor.h:535] Worker 17 latency: 3704 us (50%) 3726 us (75%) 3800 us (95%) 3800 us (99%).
I0318 17:44:44.493777 4001909 AriaExecutor.h:535] Worker 18 latency: 3649 us (50%) 3759 us (75%) 3827 us (95%) 3827 us (99%).
I0318 17:44:44.493798 4001909 AriaExecutor.h:535] Worker 19 latency: 3754 us (50%) 3811 us (75%) 3884 us (95%) 3884 us (99%).
I0318 17:44:44.493817 4001909 AriaExecutor.h:535] Worker 20 latency: 3694 us (50%) 3726 us (75%) 3879 us (95%) 3879 us (99%).
I0318 17:44:44.493836 4001909 AriaExecutor.h:535] Worker 21 latency: 3698 us (50%) 3713 us (75%) 3758 us (95%) 3758 us (99%).
I0318 17:44:44.493855 4001909 AriaExecutor.h:535] Worker 22 latency: 3704 us (50%) 3708 us (75%) 3740 us (95%) 3740 us (99%).
I0318 17:44:44.493875 4001909 AriaExecutor.h:535] Worker 23 latency: 3778 us (50%) 3809 us (75%) 3809 us (95%) 3809 us (99%).
I0318 17:44:44.493896 4001909 AriaExecutor.h:535] Worker 24 latency: 3611 us (50%) 3779 us (75%) 3873 us (95%) 3873 us (99%).
I0318 17:44:44.493914 4001909 AriaExecutor.h:535] Worker 25 latency: 3663 us (50%) 3861 us (75%) 3861 us (95%) 3861 us (99%).
I0318 17:44:44.493947 4001909 AriaExecutor.h:535] Worker 26 latency: 3700 us (50%) 3836 us (75%) 3836 us (95%) 3836 us (99%).
I0318 17:44:44.493966 4001909 AriaExecutor.h:535] Worker 27 latency: 3777 us (50%) 3850 us (75%) 3850 us (95%) 3850 us (99%).
I0318 17:44:44.493986 4001909 AriaExecutor.h:535] Worker 28 latency: 3763 us (50%) 3799 us (75%) 3837 us (95%) 3837 us (99%).
I0318 17:44:44.494005 4001909 AriaExecutor.h:535] Worker 29 latency: 3788 us (50%) 3810 us (75%) 3810 us (95%) 3810 us (99%).
I0318 17:44:44.494025 4001909 AriaExecutor.h:535] Worker 30 latency: 0 us (50%) 0 us (75%) 0 us (95%) 0 us (99%).
I0318 17:44:44.494045 4001909 AriaExecutor.h:535] Worker 31 latency: 3613 us (50%) 3613 us (75%) 3613 us (95%) 3613 us (99%).
I0318 17:44:44.494065 4001909 AriaExecutor.h:535] Worker 32 latency: 3752 us (50%) 3941 us (75%) 3941 us (95%) 3941 us (99%).
I0318 17:44:44.494083 4001909 AriaExecutor.h:535] Worker 33 latency: 3554 us (50%) 3704 us (75%) 3704 us (95%) 3704 us (99%).
I0318 17:44:44.494104 4001909 AriaExecutor.h:535] Worker 34 latency: 3547 us (50%) 3848 us (75%) 3848 us (95%) 3848 us (99%).
I0318 17:44:44.494124 4001909 AriaExecutor.h:535] Worker 35 latency: 3728 us (50%) 3728 us (75%) 3728 us (95%) 3728 us (99%).
I0318 17:44:44.494144 4001909 AriaExecutor.h:535] Worker 36 latency: 3546 us (50%) 3765 us (75%) 3816 us (95%) 3816 us (99%).
I0318 17:44:44.494165 4001909 AriaExecutor.h:535] Worker 37 latency: 3782 us (50%) 3805 us (75%) 3805 us (95%) 3805 us (99%).
I0318 17:44:44.494186 4001909 AriaExecutor.h:535] Worker 38 latency: 3506 us (50%) 3925 us (75%) 3925 us (95%) 3925 us (99%).
I0318 17:44:44.494208 4001909 AriaExecutor.h:535] Worker 39 latency: 3580 us (50%) 3732 us (75%) 3732 us (95%) 3732 us (99%).
I0318 17:44:44.494235 4001909 AriaExecutor.h:535] Worker 40 latency: 3547 us (50%) 3595 us (75%) 3595 us (95%) 3595 us (99%).
I0318 17:44:44.494258 4001909 AriaExecutor.h:535] Worker 41 latency: 0 us (50%) 0 us (75%) 0 us (95%) 0 us (99%).
I0318 17:44:44.494279 4001909 AriaExecutor.h:535] Worker 42 latency: 3632 us (50%) 3632 us (75%) 3632 us (95%) 3632 us (99%).
I0318 17:44:44.494311 4001909 AriaExecutor.h:535] Worker 43 latency: 3726 us (50%) 3767 us (75%) 3788 us (95%) 3788 us (99%).
I0318 17:44:44.494349 4001909 Coordinator.h:177] total commit: 333
I0318 17:44:45.494590 4001909 Coordinator.h:192] Coordinator exits.
