I0318 17:49:12.985176 4005844 Database.h:65] ycsb initialization finished in 265 milliseconds.
I0318 17:49:12.985387 4005844 Coordinator.h:30] Coordinator initializes 4 workers.
I0318 17:49:13.023072 4005844 Coordinator.h:77] Coordinator starts to run 5 workers.
I0318 17:49:13.023176 4005855 AriaExecutor.h:94] AriaExecutor 0 started. 
I0318 17:49:13.023212 4005856 AriaExecutor.h:94] AriaExecutor 1 started. 
I0318 17:49:13.023348 4005858 AriaExecutor.h:94] AriaExecutor 3 started. 
I0318 17:49:13.023398 4005857 AriaExecutor.h:94] AriaExecutor 2 started. 
I0318 17:49:13.023413 4005859 Manager.h:224] Manager(worker id = 4) on the coordinator node started.
I0318 17:49:14.023464 4005844 Coordinator.h:126] commit: 68145 abort: 98855 (0/98855/0), network size: 0, avg network size: 0, si_in_serializable: 0 0 %, local: 0 %
I0318 17:49:15.023628 4005844 Coordinator.h:126] commit: 68437 abort: 99563 (0/99563/0), network size: 0, avg network size: 0, si_in_serializable: 0 0 %, local: 0 %
I0318 17:49:16.023754 4005844 Coordinator.h:126] commit: 69451 abort: 100549 (0/100549/0), network size: 0, avg network size: 0, si_in_serializable: 0 0 %, local: 0 %
I0318 17:49:17.023872 4005844 Coordinator.h:126] commit: 69118 abort: 100882 (0/100882/0), network size: 0, avg network size: 0, si_in_serializable: 0 0 %, local: 0 %
I0318 17:49:18.024019 4005844 Coordinator.h:126] commit: 68870 abort: 100130 (0/100130/0), network size: 0, avg network size: 0, si_in_serializable: 0 0 %, local: 0 %
I0318 17:49:19.024144 4005844 Coordinator.h:126] commit: 69446 abort: 100554 (0/100554/0), network size: 0, avg network size: 0, si_in_serializable: 0 0 %, local: 0 %
I0318 17:49:20.024289 4005844 Coordinator.h:126] commit: 68609 abort: 99391 (0/99391/0), network size: 0, avg network size: 0, si_in_serializable: 0 0 %, local: 0 %
I0318 17:49:21.024417 4005844 Coordinator.h:126] commit: 69553 abort: 100447 (0/100447/0), network size: 0, avg network size: 0, si_in_serializable: 0 0 %, local: 0 %
I0318 17:49:22.024564 4005844 Coordinator.h:126] commit: 68771 abort: 99229 (0/99229/0), network size: 0, avg network size: 0, si_in_serializable: 0 0 %, local: 0 %
I0318 17:49:23.024688 4005844 Coordinator.h:126] commit: 69421 abort: 100579 (0/100579/0), network size: 0, avg network size: 0, si_in_serializable: 0 0 %, local: 0 %
I0318 17:49:24.024833 4005844 Coordinator.h:126] commit: 68887 abort: 100113 (0/100113/0), network size: 0, avg network size: 0, si_in_serializable: 0 0 %, local: 0 %
I0318 17:49:25.024957 4005844 Coordinator.h:126] commit: 68963 abort: 101037 (0/101037/0), network size: 0, avg network size: 0, si_in_serializable: 0 0 %, local: 0 %
I0318 17:49:26.025072 4005844 Coordinator.h:126] commit: 69256 abort: 100744 (0/100744/0), network size: 0, avg network size: 0, si_in_serializable: 0 0 %, local: 0 %
I0318 17:49:27.025189 4005844 Coordinator.h:126] commit: 69821 abort: 101179 (0/101179/0), network size: 0, avg network size: 0, si_in_serializable: 0 0 %, local: 0 %
I0318 17:49:28.025333 4005844 Coordinator.h:126] commit: 68928 abort: 99072 (0/99072/0), network size: 0, avg network size: 0, si_in_serializable: 0 0 %, local: 0 %
I0318 17:49:29.025457 4005844 Coordinator.h:126] commit: 68872 abort: 100128 (0/100128/0), network size: 0, avg network size: 0, si_in_serializable: 0 0 %, local: 0 %
I0318 17:49:30.025573 4005844 Coordinator.h:126] commit: 69488 abort: 100512 (0/100512/0), network size: 0, avg network size: 0, si_in_serializable: 0 0 %, local: 0 %
I0318 17:49:31.025722 4005844 Coordinator.h:126] commit: 68156 abort: 99844 (0/99844/0), network size: 0, avg network size: 0, si_in_serializable: 0 0 %, local: 0 %
I0318 17:49:32.025847 4005844 Coordinator.h:126] commit: 69714 abort: 101286 (0/101286/0), network size: 0, avg network size: 0, si_in_serializable: 0 0 %, local: 0 %
I0318 17:49:33.025960 4005844 Coordinator.h:126] commit: 69262 abort: 100738 (0/100738/0), network size: 0, avg network size: 0, si_in_serializable: 0 0 %, local: 0 %
I0318 17:49:34.026075 4005844 Coordinator.h:126] commit: 69214 abort: 100786 (0/100786/0), network size: 0, avg network size: 0, si_in_serializable: 0 0 %, local: 0 %
I0318 17:49:35.026190 4005844 Coordinator.h:126] commit: 69618 abort: 100382 (0/100382/0), network size: 0, avg network size: 0, si_in_serializable: 0 0 %, local: 0 %
I0318 17:49:36.026307 4005844 Coordinator.h:126] commit: 69569 abort: 101431 (0/101431/0), network size: 0, avg network size: 0, si_in_serializable: 0 0 %, local: 0 %
I0318 17:49:37.026427 4005844 Coordinator.h:126] commit: 69267 abort: 100733 (0/100733/0), network size: 0, avg network size: 0, si_in_serializable: 0 0 %, local: 0 %
I0318 17:49:38.026544 4005844 Coordinator.h:126] commit: 69871 abort: 101129 (0/101129/0), network size: 0, avg network size: 0, si_in_serializable: 0 0 %, local: 0 %
I0318 17:49:38.026584 4005844 Coordinator.h:152] average commit: 69134.7 abort: 100465 (0/100465/0), network size: 0, avg network size: 0, si_in_serializable: 0 0 %, local: 0 %
I0318 17:49:38.032562 4005856 AriaExecutor.h:106] AriaExecutor 1 exits. 
I0318 17:49:38.032563 4005859 Manager.h:227] Manager(worker id = 4) on the coordinator node exits.
I0318 17:49:38.032562 4005855 AriaExecutor.h:106] AriaExecutor 0 exits. 
I0318 17:49:38.032562 4005858 AriaExecutor.h:106] AriaExecutor 3 exits. 
I0318 17:49:38.032562 4005857 AriaExecutor.h:106] AriaExecutor 2 exits. 
I0318 17:49:38.026599 4005844 AriaExecutor.h:646] Worker 0 latency: 3793 us (50%) 4954 us (75%) 5730 us (95%) 5854 us (99%).
I0318 17:49:38.049993 4005844 AriaExecutor.h:646] Worker 1 latency: 3785 us (50%) 4951 us (75%) 5727 us (95%) 5853 us (99%).
I0318 17:49:38.072563 4005844 AriaExecutor.h:646] Worker 2 latency: 3714 us (50%) 4920 us (75%) 5721 us (95%) 5850 us (99%).
I0318 17:49:38.094229 4005844 AriaExecutor.h:646] Worker 3 latency: 3784 us (50%) 4948 us (75%) 5722 us (95%) 5849 us (99%).
I0318 17:49:38.116031 4005844 Coordinator.h:177] total commit: 69134.7
I0318 17:49:39.116267 4005844 Coordinator.h:192] Coordinator exits.
