I0318 18:00:42.209450 4014061 Database.h:65] ycsb initialization finished in 104 milliseconds.
I0318 18:00:42.209681 4014061 Coordinator.h:30] Coordinator initializes 56 workers.
I0318 18:00:42.249262 4014061 Coordinator.h:77] Coordinator starts to run 57 workers.
I0318 18:00:42.249353 4014123 AriaExecutor.h:94] AriaExecutor 0 started. 
I0318 18:00:42.249398 4014124 AriaExecutor.h:94] AriaExecutor 1 started. 
I0318 18:00:42.249482 4014125 AriaExecutor.h:94] AriaExecutor 2 started. 
I0318 18:00:42.249532 4014126 AriaExecutor.h:94] AriaExecutor 3 started. 
I0318 18:00:42.249625 4014127 AriaExecutor.h:94] AriaExecutor 4 started. 
I0318 18:00:42.249725 4014128 AriaExecutor.h:94] AriaExecutor 5 started. 
I0318 18:00:42.249845 4014129 AriaExecutor.h:94] AriaExecutor 6 started. 
I0318 18:00:42.249943 4014130 AriaExecutor.h:94] AriaExecutor 7 started. 
I0318 18:00:42.250048 4014131 AriaExecutor.h:94] AriaExecutor 8 started. 
I0318 18:00:42.250142 4014132 AriaExecutor.h:94] AriaExecutor 9 started. 
I0318 18:00:42.250217 4014133 AriaExecutor.h:94] AriaExecutor 10 started. 
I0318 18:00:42.250319 4014134 AriaExecutor.h:94] AriaExecutor 11 started. 
I0318 18:00:42.250417 4014135 AriaExecutor.h:94] AriaExecutor 12 started. 
I0318 18:00:42.250531 4014136 AriaExecutor.h:94] AriaExecutor 13 started. 
I0318 18:00:42.250653 4014137 AriaExecutor.h:94] AriaExecutor 14 started. 
I0318 18:00:42.250783 4014138 AriaExecutor.h:94] AriaExecutor 15 started. 
I0318 18:00:42.250906 4014139 AriaExecutor.h:94] AriaExecutor 16 started. 
I0318 18:00:42.251014 4014140 AriaExecutor.h:94] AriaExecutor 17 started. 
I0318 18:00:42.251075 4014141 AriaExecutor.h:94] AriaExecutor 18 started. 
I0318 18:00:42.251175 4014142 AriaExecutor.h:94] AriaExecutor 19 started. 
I0318 18:00:42.251300 4014143 AriaExecutor.h:94] AriaExecutor 20 started. 
I0318 18:00:42.251345 4014144 AriaExecutor.h:94] AriaExecutor 21 started. 
I0318 18:00:42.251433 4014145 AriaExecutor.h:94] AriaExecutor 22 started. 
I0318 18:00:42.251492 4014146 AriaExecutor.h:94] AriaExecutor 23 started. 
I0318 18:00:42.251585 4014147 AriaExecutor.h:94] AriaExecutor 24 started. 
I0318 18:00:42.251655 4014148 AriaExecutor.h:94] AriaExecutor 25 started. 
I0318 18:00:42.251750 4014149 AriaExecutor.h:94] AriaExecutor 26 started. 
I0318 18:00:42.251829 4014150 AriaExecutor.h:94] AriaExecutor 27 started. 
I0318 18:00:42.251931 4014151 AriaExecutor.h:94] AriaExecutor 28 started. 
I0318 18:00:42.252063 4014152 AriaExecutor.h:94] AriaExecutor 29 started. 
I0318 18:00:42.252146 4014153 AriaExecutor.h:94] AriaExecutor 30 started. 
I0318 18:00:42.252265 4014154 AriaExecutor.h:94] AriaExecutor 31 started. 
I0318 18:00:42.252421 4014155 AriaExecutor.h:94] AriaExecutor 32 started. 
I0318 18:00:42.252424 4014156 AriaExecutor.h:94] AriaExecutor 33 started. 
I0318 18:00:42.252574 4014157 AriaExecutor.h:94] AriaExecutor 34 started. 
I0318 18:00:42.252669 4014158 AriaExecutor.h:94] AriaExecutor 35 started. 
I0318 18:00:42.252929 4014159 AriaExecutor.h:94] AriaExecutor 36 started. 
I0318 18:00:42.253123 4014160 AriaExecutor.h:94] AriaExecutor 37 started. 
I0318 18:00:42.253331 4014161 AriaExecutor.h:94] AriaExecutor 38 started. 
I0318 18:00:42.253526 4014162 AriaExecutor.h:94] AriaExecutor 39 started. 
I0318 18:00:42.253711 4014163 AriaExecutor.h:94] AriaExecutor 40 started. 
I0318 18:00:42.253898 4014164 AriaExecutor.h:94] AriaExecutor 41 started. 
I0318 18:00:42.254070 4014165 AriaExecutor.h:94] AriaExecutor 42 started. 
I0318 18:00:42.254258 4014166 AriaExecutor.h:94] AriaExecutor 43 started. 
I0318 18:00:42.254436 4014167 AriaExecutor.h:94] AriaExecutor 44 started. 
I0318 18:00:42.254613 4014168 AriaExecutor.h:94] AriaExecutor 45 started. 
I0318 18:00:42.254793 4014169 AriaExecutor.h:94] AriaExecutor 46 started. 
I0318 18:00:42.255015 4014170 AriaExecutor.h:94] AriaExecutor 47 started. 
I0318 18:00:42.255206 4014171 AriaExecutor.h:94] AriaExecutor 48 started. 
I0318 18:00:42.255409 4014172 AriaExecutor.h:94] AriaExecutor 49 started. 
I0318 18:00:42.255590 4014173 AriaExecutor.h:94] AriaExecutor 50 started. 
I0318 18:00:42.255780 4014174 AriaExecutor.h:94] AriaExecutor 51 started. 
I0318 18:00:42.255963 4014175 AriaExecutor.h:94] AriaExecutor 52 started. 
I0318 18:00:42.256142 4014176 AriaExecutor.h:94] AriaExecutor 53 started. 
I0318 18:00:42.256567 4014178 AriaExecutor.h:94] AriaExecutor 55 started. 
I0318 18:00:42.256748 4014179 Manager.h:224] Manager(worker id = 56) on the coordinator node started.
I0318 18:00:42.257799 4014177 AriaExecutor.h:94] AriaExecutor 54 started. 
I0318 18:00:43.256839 4014061 Coordinator.h:126] commit: 505760 abort: 732240 (0/732240/0), network size: 0, avg network size: 0, si_in_serializable: 0 0 %, local: 0 %
I0318 18:00:44.257074 4014061 Coordinator.h:126] commit: 510568 abort: 740432 (0/740432/0), network size: 0, avg network size: 0, si_in_serializable: 0 0 %, local: 0 %
I0318 18:00:45.257304 4014061 Coordinator.h:126] commit: 502947 abort: 731053 (0/731053/0), network size: 0, avg network size: 0, si_in_serializable: 0 0 %, local: 0 %
I0318 18:00:46.257552 4014061 Coordinator.h:126] commit: 496606 abort: 721394 (0/721394/0), network size: 0, avg network size: 0, si_in_serializable: 0 0 %, local: 0 %
I0318 18:00:47.257856 4014061 Coordinator.h:126] commit: 507377 abort: 736623 (0/736623/0), network size: 0, avg network size: 0, si_in_serializable: 0 0 %, local: 0 %
I0318 18:00:48.258013 4014061 Coordinator.h:126] commit: 507609 abort: 737391 (0/737391/0), network size: 0, avg network size: 0, si_in_serializable: 0 0 %, local: 0 %
I0318 18:00:49.258159 4014061 Coordinator.h:126] commit: 498980 abort: 725020 (0/725020/0), network size: 0, avg network size: 0, si_in_serializable: 0 0 %, local: 0 %
I0318 18:00:50.258301 4014061 Coordinator.h:126] commit: 490624 abort: 711376 (0/711376/0), network size: 0, avg network size: 0, si_in_serializable: 0 0 %, local: 0 %
I0318 18:00:51.258445 4014061 Coordinator.h:126] commit: 510085 abort: 739915 (0/739915/0), network size: 0, avg network size: 0, si_in_serializable: 0 0 %, local: 0 %
I0318 18:00:52.258585 4014061 Coordinator.h:126] commit: 504809 abort: 733191 (0/733191/0), network size: 0, avg network size: 0, si_in_serializable: 0 0 %, local: 0 %
I0318 18:00:53.258728 4014061 Coordinator.h:126] commit: 506313 abort: 735687 (0/735687/0), network size: 0, avg network size: 0, si_in_serializable: 0 0 %, local: 0 %
I0318 18:00:54.258911 4014061 Coordinator.h:126] commit: 501103 abort: 726897 (0/726897/0), network size: 0, avg network size: 0, si_in_serializable: 0 0 %, local: 0 %
I0318 18:00:55.259063 4014061 Coordinator.h:126] commit: 509178 abort: 739822 (0/739822/0), network size: 0, avg network size: 0, si_in_serializable: 0 0 %, local: 0 %
I0318 18:00:56.259214 4014061 Coordinator.h:126] commit: 504744 abort: 732256 (0/732256/0), network size: 0, avg network size: 0, si_in_serializable: 0 0 %, local: 0 %
I0318 18:00:57.259363 4014061 Coordinator.h:126] commit: 479997 abort: 695003 (0/695003/0), network size: 0, avg network size: 0, si_in_serializable: 0 0 %, local: 0 %
I0318 18:00:58.259516 4014061 Coordinator.h:126] commit: 504698 abort: 732302 (0/732302/0), network size: 0, avg network size: 0, si_in_serializable: 0 0 %, local: 0 %
I0318 18:00:59.259667 4014061 Coordinator.h:126] commit: 508386 abort: 738614 (0/738614/0), network size: 0, avg network size: 0, si_in_serializable: 0 0 %, local: 0 %
I0318 18:01:00.259816 4014061 Coordinator.h:126] commit: 508931 abort: 739069 (0/739069/0), network size: 0, avg network size: 0, si_in_serializable: 0 0 %, local: 0 %
I0318 18:01:01.259963 4014061 Coordinator.h:126] commit: 505968 abort: 735032 (0/735032/0), network size: 0, avg network size: 0, si_in_serializable: 0 0 %, local: 0 %
I0318 18:01:02.260111 4014061 Coordinator.h:126] commit: 507577 abort: 737423 (0/737423/0), network size: 0, avg network size: 0, si_in_serializable: 0 0 %, local: 0 %
I0318 18:01:03.260269 4014061 Coordinator.h:126] commit: 511022 abort: 741978 (0/741978/0), network size: 0, avg network size: 0, si_in_serializable: 0 0 %, local: 0 %
I0318 18:01:04.260453 4014061 Coordinator.h:126] commit: 507500 abort: 737500 (0/737500/0), network size: 0, avg network size: 0, si_in_serializable: 0 0 %, local: 0 %
I0318 18:01:05.260610 4014061 Coordinator.h:126] commit: 502939 abort: 730061 (0/730061/0), network size: 0, avg network size: 0, si_in_serializable: 0 0 %, local: 0 %
I0318 18:01:06.260751 4014061 Coordinator.h:126] commit: 508442 abort: 735558 (0/735558/0), network size: 0, avg network size: 0, si_in_serializable: 0 0 %, local: 0 %
I0318 18:01:07.260888 4014061 Coordinator.h:126] commit: 509524 abort: 740476 (0/740476/0), network size: 0, avg network size: 0, si_in_serializable: 0 0 %, local: 0 %
I0318 18:01:07.260936 4014061 Coordinator.h:152] average commit: 503690 abort: 731210 (0/731210/0), network size: 0, avg network size: 0, si_in_serializable: 0 0 %, local: 0 %
I0318 18:01:07.261299 4014153 AriaExecutor.h:106] AriaExecutor 30 exits. 
I0318 18:01:07.261307 4014134 AriaExecutor.h:106] AriaExecutor 11 exits. 
I0318 18:01:07.261309 4014175 AriaExecutor.h:106] AriaExecutor 52 exits. 
I0318 18:01:07.261312 4014156 AriaExecutor.h:106] AriaExecutor 33 exits. 
I0318 18:01:07.261315 4014154 AriaExecutor.h:106] AriaExecutor 31 exits. 
I0318 18:01:07.261323 4014151 AriaExecutor.h:106] AriaExecutor 28 exits. 
I0318 18:01:07.261322 4014171 AriaExecutor.h:106] AriaExecutor 48 exits. 
I0318 18:01:07.261317 4014127 AriaExecutor.h:106] AriaExecutor 4 exits. 
I0318 18:01:07.261327 4014167 AriaExecutor.h:106] AriaExecutor 44 exits. 
I0318 18:01:07.261333 4014173 AriaExecutor.h:106] AriaExecutor 50 exits. 
I0318 18:01:07.261320 4014131 AriaExecutor.h:106] AriaExecutor 8 exits. 
I0318 18:01:07.261327 4014128 AriaExecutor.h:106] AriaExecutor 5 exits. 
I0318 18:01:07.261329 4014164 AriaExecutor.h:106] AriaExecutor 41 exits. 
I0318 18:01:07.261325 4014146 AriaExecutor.h:106] AriaExecutor 23 exits. 
I0318 18:01:07.261335 4014160 AriaExecutor.h:106] AriaExecutor 37 exits. 
I0318 18:01:07.261418 4014143 AriaExecutor.h:106] AriaExecutor 20 exits. 
I0318 18:01:07.261332 4014124 AriaExecutor.h:106] AriaExecutor 1 exits. 
I0318 18:01:07.261343 4014130 AriaExecutor.h:106] AriaExecutor 7 exits. 
I0318 18:01:07.261345 4014155 AriaExecutor.h:106] AriaExecutor 32 exits. 
I0318 18:01:07.261348 4014168 AriaExecutor.h:106] AriaExecutor 45 exits. 
I0318 18:01:07.261312 4014176 AriaExecutor.h:106] AriaExecutor 53 exits. 
I0318 18:01:07.261338 4014138 AriaExecutor.h:106] AriaExecutor 15 exits. 
I0318 18:01:07.261322 4014140 AriaExecutor.h:106] AriaExecutor 17 exits. 
I0318 18:01:07.261329 4014161 AriaExecutor.h:106] AriaExecutor 38 exits. 
I0318 18:01:07.261307 4014169 AriaExecutor.h:106] AriaExecutor 46 exits. 
I0318 18:01:07.261322 4014142 AriaExecutor.h:106] AriaExecutor 19 exits. 
I0318 18:01:07.261329 4014170 AriaExecutor.h:106] AriaExecutor 47 exits. 
I0318 18:01:07.261330 4014129 AriaExecutor.h:106] AriaExecutor 6 exits. 
I0318 18:01:07.261404 4014179 Manager.h:227] Manager(worker id = 56) on the coordinator node exits.
I0318 18:01:07.261404 4014178 AriaExecutor.h:106] AriaExecutor 55 exits. 
I0318 18:01:07.261344 4014126 AriaExecutor.h:106] AriaExecutor 3 exits. 
I0318 18:01:07.261336 4014132 AriaExecutor.h:106] AriaExecutor 9 exits. 
I0318 18:01:07.261312 4014123 AriaExecutor.h:106] AriaExecutor 0 exits. 
I0318 18:01:07.261343 4014141 AriaExecutor.h:106] AriaExecutor 18 exits. 
I0318 18:01:07.261344 4014165 AriaExecutor.h:106] AriaExecutor 42 exits. 
I0318 18:01:07.261307 4014172 AriaExecutor.h:106] AriaExecutor 49 exits. 
I0318 18:01:07.261348 4014163 AriaExecutor.h:106] AriaExecutor 40 exits. 
I0318 18:01:07.261334 4014159 AriaExecutor.h:106] AriaExecutor 36 exits. 
I0318 18:01:07.261386 4014166 AriaExecutor.h:106] AriaExecutor 43 exits. 
I0318 18:01:07.261363 4014174 AriaExecutor.h:106] AriaExecutor 51 exits. 
I0318 18:01:07.261332 4014144 AriaExecutor.h:106] AriaExecutor 21 exits. 
I0318 18:01:07.261348 4014125 AriaExecutor.h:106] AriaExecutor 2 exits. 
I0318 18:01:07.261320 4014135 AriaExecutor.h:106] AriaExecutor 12 exits. 
I0318 18:01:07.261330 4014133 AriaExecutor.h:106] AriaExecutor 10 exits. 
I0318 18:01:07.261332 4014136 AriaExecutor.h:106] AriaExecutor 13 exits. 
I0318 18:01:07.261322 4014139 AriaExecutor.h:106] AriaExecutor 16 exits. 
I0318 18:01:07.261320 4014145 AriaExecutor.h:106] AriaExecutor 22 exits. 
I0318 18:01:07.261402 4014177 AriaExecutor.h:106] AriaExecutor 54 exits. 
I0318 18:01:07.261333 4014152 AriaExecutor.h:106] AriaExecutor 29 exits. 
I0318 18:01:07.261335 4014158 AriaExecutor.h:106] AriaExecutor 35 exits. 
I0318 18:01:07.261332 4014149 AriaExecutor.h:106] AriaExecutor 26 exits. 
I0318 18:01:07.261334 4014162 AriaExecutor.h:106] AriaExecutor 39 exits. 
I0318 18:01:07.261324 4014150 AriaExecutor.h:106] AriaExecutor 27 exits. 
I0318 18:01:07.261310 4014157 AriaExecutor.h:106] AriaExecutor 34 exits. 
I0318 18:01:07.261334 4014147 AriaExecutor.h:106] AriaExecutor 24 exits. 
I0318 18:01:07.261320 4014137 AriaExecutor.h:106] AriaExecutor 14 exits. 
I0318 18:01:07.261315 4014148 AriaExecutor.h:106] AriaExecutor 25 exits. 
I0318 18:01:07.260951 4014061 AriaExecutor.h:646] Worker 0 latency: 613 us (50%) 706 us (75%) 769 us (95%) 804 us (99%).
I0318 18:01:07.271939 4014061 AriaExecutor.h:646] Worker 1 latency: 614 us (50%) 706 us (75%) 769 us (95%) 803 us (99%).
I0318 18:01:07.282549 4014061 AriaExecutor.h:646] Worker 2 latency: 612 us (50%) 704 us (75%) 768 us (95%) 802 us (99%).
I0318 18:01:07.293138 4014061 AriaExecutor.h:646] Worker 3 latency: 610 us (50%) 703 us (75%) 768 us (95%) 802 us (99%).
I0318 18:01:07.303736 4014061 AriaExecutor.h:646] Worker 4 latency: 610 us (50%) 702 us (75%) 767 us (95%) 801 us (99%).
I0318 18:01:07.314208 4014061 AriaExecutor.h:646] Worker 5 latency: 608 us (50%) 701 us (75%) 767 us (95%) 801 us (99%).
I0318 18:01:07.324743 4014061 AriaExecutor.h:646] Worker 6 latency: 609 us (50%) 700 us (75%) 766 us (95%) 800 us (99%).
I0318 18:01:07.335203 4014061 AriaExecutor.h:646] Worker 7 latency: 607 us (50%) 699 us (75%) 766 us (95%) 800 us (99%).
I0318 18:01:07.345444 4014061 AriaExecutor.h:646] Worker 8 latency: 606 us (50%) 699 us (75%) 765 us (95%) 800 us (99%).
I0318 18:01:07.355831 4014061 AriaExecutor.h:646] Worker 9 latency: 606 us (50%) 698 us (75%) 765 us (95%) 799 us (99%).
I0318 18:01:07.366158 4014061 AriaExecutor.h:646] Worker 10 latency: 606 us (50%) 697 us (75%) 764 us (95%) 799 us (99%).
I0318 18:01:07.376500 4014061 AriaExecutor.h:646] Worker 11 latency: 604 us (50%) 696 us (75%) 764 us (95%) 799 us (99%).
I0318 18:01:07.386801 4014061 AriaExecutor.h:646] Worker 12 latency: 604 us (50%) 696 us (75%) 764 us (95%) 799 us (99%).
I0318 18:01:07.396993 4014061 AriaExecutor.h:646] Worker 13 latency: 604 us (50%) 695 us (75%) 764 us (95%) 799 us (99%).
I0318 18:01:07.407199 4014061 AriaExecutor.h:646] Worker 14 latency: 604 us (50%) 695 us (75%) 763 us (95%) 798 us (99%).
I0318 18:01:07.417500 4014061 AriaExecutor.h:646] Worker 15 latency: 603 us (50%) 695 us (75%) 763 us (95%) 798 us (99%).
I0318 18:01:07.427780 4014061 AriaExecutor.h:646] Worker 16 latency: 604 us (50%) 694 us (75%) 763 us (95%) 798 us (99%).
I0318 18:01:07.438058 4014061 AriaExecutor.h:646] Worker 17 latency: 605 us (50%) 695 us (75%) 763 us (95%) 797 us (99%).
I0318 18:01:07.448403 4014061 AriaExecutor.h:646] Worker 18 latency: 604 us (50%) 694 us (75%) 763 us (95%) 798 us (99%).
I0318 18:01:07.458503 4014061 AriaExecutor.h:646] Worker 19 latency: 604 us (50%) 694 us (75%) 762 us (95%) 797 us (99%).
I0318 18:01:07.468652 4014061 AriaExecutor.h:646] Worker 20 latency: 603 us (50%) 693 us (75%) 762 us (95%) 797 us (99%).
I0318 18:01:07.478842 4014061 AriaExecutor.h:646] Worker 21 latency: 602 us (50%) 693 us (75%) 762 us (95%) 796 us (99%).
I0318 18:01:07.488910 4014061 AriaExecutor.h:646] Worker 22 latency: 603 us (50%) 693 us (75%) 762 us (95%) 797 us (99%).
I0318 18:01:07.498929 4014061 AriaExecutor.h:646] Worker 23 latency: 603 us (50%) 693 us (75%) 762 us (95%) 796 us (99%).
I0318 18:01:07.509011 4014061 AriaExecutor.h:646] Worker 24 latency: 510 us (50%) 656 us (75%) 757 us (95%) 792 us (99%).
I0318 18:01:07.519644 4014061 AriaExecutor.h:646] Worker 25 latency: 606 us (50%) 694 us (75%) 762 us (95%) 797 us (99%).
I0318 18:01:07.529703 4014061 AriaExecutor.h:646] Worker 26 latency: 606 us (50%) 694 us (75%) 762 us (95%) 797 us (99%).
I0318 18:01:07.539791 4014061 AriaExecutor.h:646] Worker 27 latency: 606 us (50%) 694 us (75%) 762 us (95%) 797 us (99%).
I0318 18:01:07.550098 4014061 AriaExecutor.h:646] Worker 28 latency: 606 us (50%) 694 us (75%) 762 us (95%) 797 us (99%).
I0318 18:01:07.560309 4014061 AriaExecutor.h:646] Worker 29 latency: 605 us (50%) 693 us (75%) 761 us (95%) 796 us (99%).
I0318 18:01:07.570636 4014061 AriaExecutor.h:646] Worker 30 latency: 604 us (50%) 693 us (75%) 762 us (95%) 797 us (99%).
I0318 18:01:07.580687 4014061 AriaExecutor.h:646] Worker 31 latency: 604 us (50%) 693 us (75%) 761 us (95%) 797 us (99%).
I0318 18:01:07.590656 4014061 AriaExecutor.h:646] Worker 32 latency: 600 us (50%) 691 us (75%) 761 us (95%) 797 us (99%).
I0318 18:01:07.600752 4014061 AriaExecutor.h:646] Worker 33 latency: 600 us (50%) 691 us (75%) 761 us (95%) 797 us (99%).
I0318 18:01:07.610817 4014061 AriaExecutor.h:646] Worker 34 latency: 600 us (50%) 691 us (75%) 761 us (95%) 797 us (99%).
I0318 18:01:07.620893 4014061 AriaExecutor.h:646] Worker 35 latency: 600 us (50%) 691 us (75%) 761 us (95%) 797 us (99%).
I0318 18:01:07.630860 4014061 AriaExecutor.h:646] Worker 36 latency: 600 us (50%) 690 us (75%) 761 us (95%) 796 us (99%).
I0318 18:01:07.640820 4014061 AriaExecutor.h:646] Worker 37 latency: 599 us (50%) 690 us (75%) 760 us (95%) 796 us (99%).
I0318 18:01:07.650796 4014061 AriaExecutor.h:646] Worker 38 latency: 599 us (50%) 690 us (75%) 761 us (95%) 796 us (99%).
I0318 18:01:07.660748 4014061 AriaExecutor.h:646] Worker 39 latency: 600 us (50%) 690 us (75%) 761 us (95%) 797 us (99%).
I0318 18:01:07.670673 4014061 AriaExecutor.h:646] Worker 40 latency: 599 us (50%) 690 us (75%) 760 us (95%) 796 us (99%).
I0318 18:01:07.680585 4014061 AriaExecutor.h:646] Worker 41 latency: 600 us (50%) 690 us (75%) 761 us (95%) 797 us (99%).
I0318 18:01:07.690485 4014061 AriaExecutor.h:646] Worker 42 latency: 598 us (50%) 689 us (75%) 760 us (95%) 796 us (99%).
I0318 18:01:07.700451 4014061 AriaExecutor.h:646] Worker 43 latency: 599 us (50%) 690 us (75%) 760 us (95%) 796 us (99%).
I0318 18:01:07.710361 4014061 AriaExecutor.h:646] Worker 44 latency: 598 us (50%) 689 us (75%) 760 us (95%) 795 us (99%).
I0318 18:01:07.720144 4014061 AriaExecutor.h:646] Worker 45 latency: 598 us (50%) 689 us (75%) 760 us (95%) 796 us (99%).
I0318 18:01:07.730104 4014061 AriaExecutor.h:646] Worker 46 latency: 598 us (50%) 688 us (75%) 760 us (95%) 796 us (99%).
I0318 18:01:07.740069 4014061 AriaExecutor.h:646] Worker 47 latency: 598 us (50%) 689 us (75%) 760 us (95%) 796 us (99%).
I0318 18:01:07.749981 4014061 AriaExecutor.h:646] Worker 48 latency: 608 us (50%) 693 us (75%) 761 us (95%) 796 us (99%).
I0318 18:01:07.759332 4014061 AriaExecutor.h:646] Worker 49 latency: 609 us (50%) 693 us (75%) 761 us (95%) 797 us (99%).
I0318 18:01:07.768774 4014061 AriaExecutor.h:646] Worker 50 latency: 609 us (50%) 693 us (75%) 761 us (95%) 796 us (99%).
I0318 18:01:07.778192 4014061 AriaExecutor.h:646] Worker 51 latency: 608 us (50%) 693 us (75%) 760 us (95%) 796 us (99%).
I0318 18:01:07.787526 4014061 AriaExecutor.h:646] Worker 52 latency: 608 us (50%) 693 us (75%) 761 us (95%) 796 us (99%).
I0318 18:01:07.797040 4014061 AriaExecutor.h:646] Worker 53 latency: 608 us (50%) 693 us (75%) 760 us (95%) 795 us (99%).
I0318 18:01:07.806530 4014061 AriaExecutor.h:646] Worker 54 latency: 608 us (50%) 693 us (75%) 761 us (95%) 796 us (99%).
I0318 18:01:07.815850 4014061 AriaExecutor.h:646] Worker 55 latency: 608 us (50%) 693 us (75%) 761 us (95%) 796 us (99%).
I0318 18:01:07.825279 4014061 Coordinator.h:177] total commit: 503690
I0318 18:01:08.825497 4014061 Coordinator.h:192] Coordinator exits.
