I0313 12:04:13.550897 1429994 Database.h:65] ycsb initialization finished in 101 milliseconds.
I0313 12:04:13.551132 1429994 Coordinator.h:30] Coordinator initializes 48 workers.
I0313 12:04:13.587939 1429994 Coordinator.h:77] Coordinator starts to run 49 workers.
I0313 12:04:13.588028 1430046 AriaExecutor.h:94] AriaExecutor 0 started. 
I0313 12:04:13.588064 1430047 AriaExecutor.h:94] AriaExecutor 1 started. 
I0313 12:04:13.588147 1430048 AriaExecutor.h:94] AriaExecutor 2 started. 
I0313 12:04:13.588235 1430049 AriaExecutor.h:94] AriaExecutor 3 started. 
I0313 12:04:13.588307 1430050 AriaExecutor.h:94] AriaExecutor 4 started. 
I0313 12:04:13.588387 1430051 AriaExecutor.h:94] AriaExecutor 5 started. 
I0313 12:04:13.588481 1430052 AriaExecutor.h:94] AriaExecutor 6 started. 
I0313 12:04:13.588614 1430054 AriaExecutor.h:94] AriaExecutor 8 started. 
I0313 12:04:13.588697 1430055 AriaExecutor.h:94] AriaExecutor 9 started. 
I0313 12:04:13.588737 1430056 AriaExecutor.h:94] AriaExecutor 10 started. 
I0313 12:04:13.588790 1430053 AriaExecutor.h:94] AriaExecutor 7 started. 
I0313 12:04:13.588856 1430057 AriaExecutor.h:94] AriaExecutor 11 started. 
I0313 12:04:13.589037 1430058 AriaExecutor.h:94] AriaExecutor 12 started. 
I0313 12:04:13.589202 1430059 AriaExecutor.h:94] AriaExecutor 13 started. 
I0313 12:04:13.589356 1430060 AriaExecutor.h:94] AriaExecutor 14 started. 
I0313 12:04:13.589509 1430061 AriaExecutor.h:94] AriaExecutor 15 started. 
I0313 12:04:13.589640 1430062 AriaExecutor.h:94] AriaExecutor 16 started. 
I0313 12:04:13.589777 1430063 AriaExecutor.h:94] AriaExecutor 17 started. 
I0313 12:04:13.589908 1430064 AriaExecutor.h:94] AriaExecutor 18 started. 
I0313 12:04:13.590042 1430065 AriaExecutor.h:94] AriaExecutor 19 started. 
I0313 12:04:13.590186 1430066 AriaExecutor.h:94] AriaExecutor 20 started. 
I0313 12:04:13.590313 1430067 AriaExecutor.h:94] AriaExecutor 21 started. 
I0313 12:04:13.590447 1430068 AriaExecutor.h:94] AriaExecutor 22 started. 
I0313 12:04:13.590586 1430069 AriaExecutor.h:94] AriaExecutor 23 started. 
I0313 12:04:13.590720 1430070 AriaExecutor.h:94] AriaExecutor 24 started. 
I0313 12:04:13.590873 1430071 AriaExecutor.h:94] AriaExecutor 25 started. 
I0313 12:04:13.591039 1430072 AriaExecutor.h:94] AriaExecutor 26 started. 
I0313 12:04:13.591204 1430073 AriaExecutor.h:94] AriaExecutor 27 started. 
I0313 12:04:13.591398 1430074 AriaExecutor.h:94] AriaExecutor 28 started. 
I0313 12:04:13.591573 1430075 AriaExecutor.h:94] AriaExecutor 29 started. 
I0313 12:04:13.591718 1430076 AriaExecutor.h:94] AriaExecutor 30 started. 
I0313 12:04:13.591873 1430077 AriaExecutor.h:94] AriaExecutor 31 started. 
I0313 12:04:13.592026 1430078 AriaExecutor.h:94] AriaExecutor 32 started. 
I0313 12:04:13.592206 1430079 AriaExecutor.h:94] AriaExecutor 33 started. 
I0313 12:04:13.592433 1430080 AriaExecutor.h:94] AriaExecutor 34 started. 
I0313 12:04:13.592635 1430081 AriaExecutor.h:94] AriaExecutor 35 started. 
I0313 12:04:13.592808 1430082 AriaExecutor.h:94] AriaExecutor 36 started. 
I0313 12:04:13.592978 1430083 AriaExecutor.h:94] AriaExecutor 37 started. 
I0313 12:04:13.593381 1430084 AriaExecutor.h:94] AriaExecutor 38 started. 
I0313 12:04:13.593540 1430085 AriaExecutor.h:94] AriaExecutor 39 started. 
I0313 12:04:13.593756 1430086 AriaExecutor.h:94] AriaExecutor 40 started. 
I0313 12:04:13.594244 1430087 AriaExecutor.h:94] AriaExecutor 41 started. 
I0313 12:04:13.594445 1430088 AriaExecutor.h:94] AriaExecutor 42 started. 
I0313 12:04:13.594655 1430089 AriaExecutor.h:94] AriaExecutor 43 started. 
I0313 12:04:13.594847 1430090 AriaExecutor.h:94] AriaExecutor 44 started. 
I0313 12:04:13.595026 1430091 AriaExecutor.h:94] AriaExecutor 45 started. 
I0313 12:04:13.595219 1430092 AriaExecutor.h:94] AriaExecutor 46 started. 
I0313 12:04:13.595403 1430093 AriaExecutor.h:94] AriaExecutor 47 started. 
I0313 12:04:13.595566 1430094 Manager.h:224] Manager(worker id = 48) on the coordinator node started.
I0313 12:04:14.595654 1429994 Coordinator.h:126] commit: 26216 abort: 220784 (0/220784/0), network size: 0, avg network size: 0, si_in_serializable: 0 0 %, local: 0 %
I0313 12:04:15.595822 1429994 Coordinator.h:126] commit: 26138 abort: 221862 (0/221862/0), network size: 0, avg network size: 0, si_in_serializable: 0 0 %, local: 0 %
I0313 12:04:16.595968 1429994 Coordinator.h:126] commit: 26576 abort: 224424 (0/224424/0), network size: 0, avg network size: 0, si_in_serializable: 0 0 %, local: 0 %
I0313 12:04:17.596221 1429994 Coordinator.h:126] commit: 26326 abort: 224674 (0/224674/0), network size: 0, avg network size: 0, si_in_serializable: 0 0 %, local: 0 %
I0313 12:04:18.596416 1429994 Coordinator.h:126] commit: 26479 abort: 224521 (0/224521/0), network size: 0, avg network size: 0, si_in_serializable: 0 0 %, local: 0 %
I0313 12:04:19.596562 1429994 Coordinator.h:126] commit: 26669 abort: 225331 (0/225331/0), network size: 0, avg network size: 0, si_in_serializable: 0 0 %, local: 0 %
I0313 12:04:20.596712 1429994 Coordinator.h:126] commit: 26483 abort: 224517 (0/224517/0), network size: 0, avg network size: 0, si_in_serializable: 0 0 %, local: 0 %
I0313 12:04:21.596855 1429994 Coordinator.h:126] commit: 26377 abort: 224623 (0/224623/0), network size: 0, avg network size: 0, si_in_serializable: 0 0 %, local: 0 %
I0313 12:04:22.597019 1429994 Coordinator.h:126] commit: 26271 abort: 223839 (0/223839/0), network size: 0, avg network size: 0, si_in_serializable: 0 0 %, local: 0 %
I0313 12:04:23.597229 1429994 Coordinator.h:126] commit: 26594 abort: 225296 (0/225296/0), network size: 0, avg network size: 0, si_in_serializable: 0 0 %, local: 0 %
I0313 12:04:24.597394 1429994 Coordinator.h:126] commit: 26753 abort: 225247 (0/225247/0), network size: 0, avg network size: 0, si_in_serializable: 0 0 %, local: 0 %
I0313 12:04:25.597546 1429994 Coordinator.h:126] commit: 26591 abort: 226409 (0/226409/0), network size: 0, avg network size: 0, si_in_serializable: 0 0 %, local: 0 %
I0313 12:04:26.597690 1429994 Coordinator.h:126] commit: 26467 abort: 224533 (0/224533/0), network size: 0, avg network size: 0, si_in_serializable: 0 0 %, local: 0 %
I0313 12:04:27.597832 1429994 Coordinator.h:126] commit: 26371 abort: 225629 (0/225629/0), network size: 0, avg network size: 0, si_in_serializable: 0 0 %, local: 0 %
I0313 12:04:28.597981 1429994 Coordinator.h:126] commit: 26729 abort: 225271 (0/225271/0), network size: 0, avg network size: 0, si_in_serializable: 0 0 %, local: 0 %
I0313 12:04:29.598129 1429994 Coordinator.h:126] commit: 26589 abort: 225411 (0/225411/0), network size: 0, avg network size: 0, si_in_serializable: 0 0 %, local: 0 %
I0313 12:04:30.598279 1429994 Coordinator.h:126] commit: 26664 abort: 226336 (0/226336/0), network size: 0, avg network size: 0, si_in_serializable: 0 0 %, local: 0 %
I0313 12:04:31.598421 1429994 Coordinator.h:126] commit: 26346 abort: 225654 (0/225654/0), network size: 0, avg network size: 0, si_in_serializable: 0 0 %, local: 0 %
I0313 12:04:32.598567 1429994 Coordinator.h:126] commit: 26683 abort: 225317 (0/225317/0), network size: 0, avg network size: 0, si_in_serializable: 0 0 %, local: 0 %
I0313 12:04:33.598703 1429994 Coordinator.h:126] commit: 26602 abort: 225398 (0/225398/0), network size: 0, avg network size: 0, si_in_serializable: 0 0 %, local: 0 %
I0313 12:04:34.598848 1429994 Coordinator.h:126] commit: 26915 abort: 225085 (0/225085/0), network size: 0, avg network size: 0, si_in_serializable: 0 0 %, local: 0 %
I0313 12:04:35.598989 1429994 Coordinator.h:126] commit: 26674 abort: 226326 (0/226326/0), network size: 0, avg network size: 0, si_in_serializable: 0 0 %, local: 0 %
I0313 12:04:36.599133 1429994 Coordinator.h:126] commit: 26632 abort: 224368 (0/224368/0), network size: 0, avg network size: 0, si_in_serializable: 0 0 %, local: 0 %
I0313 12:04:37.599275 1429994 Coordinator.h:126] commit: 26503 abort: 225497 (0/225497/0), network size: 0, avg network size: 0, si_in_serializable: 0 0 %, local: 0 %
I0313 12:04:38.599462 1429994 Coordinator.h:126] commit: 26605 abort: 224395 (0/224395/0), network size: 0, avg network size: 0, si_in_serializable: 0 0 %, local: 0 %
I0313 12:04:38.599529 1429994 Coordinator.h:152] average commit: 26579.5 abort: 225520 (0/225520/0), network size: 0, avg network size: 0, si_in_serializable: 0 0 %, local: 0 %
I0313 12:04:38.599545 1429994 AriaExecutor.h:646] Worker 0 latency: 3803 us (50%) 3899 us (75%) 4000 us (95%) 4070 us (99%).
I0313 12:04:38.601078 1430063 AriaExecutor.h:106] AriaExecutor 17 exits. 
I0313 12:04:38.601090 1430067 AriaExecutor.h:106] AriaExecutor 21 exits. 
I0313 12:04:38.601081 1430065 AriaExecutor.h:106] AriaExecutor 19 exits. 
I0313 12:04:38.601090 1430068 AriaExecutor.h:106] AriaExecutor 22 exits. 
I0313 12:04:38.601114 1430088 AriaExecutor.h:106] AriaExecutor 42 exits. 
I0313 12:04:38.601090 1430051 AriaExecutor.h:106] AriaExecutor 5 exits. 
I0313 12:04:38.601135 1430054 AriaExecutor.h:106] AriaExecutor 8 exits. 
I0313 12:04:38.601099 1430093 AriaExecutor.h:106] AriaExecutor 47 exits. 
I0313 12:04:38.601143 1430080 AriaExecutor.h:106] AriaExecutor 34 exits. 
I0313 12:04:38.601090 1430056 AriaExecutor.h:106] AriaExecutor 10 exits. 
I0313 12:04:38.601128 1430094 Manager.h:227] Manager(worker id = 48) on the coordinator node exits.
I0313 12:04:38.601164 1430066 AriaExecutor.h:106] AriaExecutor 20 exits. 
I0313 12:04:38.601166 1430084 AriaExecutor.h:106] AriaExecutor 38 exits. 
I0313 12:04:38.601151 1430070 AriaExecutor.h:106] AriaExecutor 24 exits. 
I0313 12:04:38.601138 1430072 AriaExecutor.h:106] AriaExecutor 26 exits. 
I0313 12:04:38.601138 1430047 AriaExecutor.h:106] AriaExecutor 1 exits. 
I0313 12:04:38.601158 1430090 AriaExecutor.h:106] AriaExecutor 44 exits. 
I0313 12:04:38.601147 1430076 AriaExecutor.h:106] AriaExecutor 30 exits. 
I0313 12:04:38.601112 1430081 AriaExecutor.h:106] AriaExecutor 35 exits. 
I0313 12:04:38.601099 1430061 AriaExecutor.h:106] AriaExecutor 15 exits. 
I0313 12:04:38.601150 1430052 AriaExecutor.h:106] AriaExecutor 6 exits. 
I0313 12:04:38.601154 1430073 AriaExecutor.h:106] AriaExecutor 27 exits. 
I0313 12:04:38.601090 1430057 AriaExecutor.h:106] AriaExecutor 11 exits. 
I0313 12:04:38.601158 1430074 AriaExecutor.h:106] AriaExecutor 28 exits. 
I0313 12:04:38.601161 1430075 AriaExecutor.h:106] AriaExecutor 29 exits. 
I0313 12:04:38.601136 1430058 AriaExecutor.h:106] AriaExecutor 12 exits. 
I0313 12:04:38.601161 1430083 AriaExecutor.h:106] AriaExecutor 37 exits. 
I0313 12:04:38.601161 1430079 AriaExecutor.h:106] AriaExecutor 33 exits. 
I0313 12:04:38.601145 1430046 AriaExecutor.h:106] AriaExecutor 0 exits. 
I0313 12:04:38.601166 1430087 AriaExecutor.h:106] AriaExecutor 41 exits. 
I0313 12:04:38.601091 1430049 AriaExecutor.h:106] AriaExecutor 3 exits. 
I0313 12:04:38.601146 1430055 AriaExecutor.h:106] AriaExecutor 9 exits. 
I0313 12:04:38.601166 1430091 AriaExecutor.h:106] AriaExecutor 45 exits. 
I0313 12:04:38.601151 1430069 AriaExecutor.h:106] AriaExecutor 23 exits. 
I0313 12:04:38.601090 1430048 AriaExecutor.h:106] AriaExecutor 2 exits. 
I0313 12:04:38.601100 1430060 AriaExecutor.h:106] AriaExecutor 14 exits. 
I0313 12:04:38.601154 1430071 AriaExecutor.h:106] AriaExecutor 25 exits. 
I0313 12:04:38.601110 1430089 AriaExecutor.h:106] AriaExecutor 43 exits. 
I0313 12:04:38.601130 1430053 AriaExecutor.h:106] AriaExecutor 7 exits. 
I0313 12:04:38.601112 1430086 AriaExecutor.h:106] AriaExecutor 40 exits. 
I0313 12:04:38.601100 1430092 AriaExecutor.h:106] AriaExecutor 46 exits. 
I0313 12:04:38.601166 1430059 AriaExecutor.h:106] AriaExecutor 13 exits. 
I0313 12:04:38.601167 1430077 AriaExecutor.h:106] AriaExecutor 31 exits. 
I0313 12:04:38.601116 1430082 AriaExecutor.h:106] AriaExecutor 36 exits. 
I0313 12:04:38.601128 1430050 AriaExecutor.h:106] AriaExecutor 4 exits. 
I0313 12:04:38.601156 1430085 AriaExecutor.h:106] AriaExecutor 39 exits. 
I0313 12:04:38.601161 1430062 AriaExecutor.h:106] AriaExecutor 16 exits. 
I0313 12:04:38.601164 1430078 AriaExecutor.h:106] AriaExecutor 32 exits. 
I0313 12:04:38.601164 1430064 AriaExecutor.h:106] AriaExecutor 18 exits. 
I0313 12:04:38.601701 1429994 AriaExecutor.h:646] Worker 1 latency: 3803 us (50%) 3897 us (75%) 3998 us (95%) 4071 us (99%).
I0313 12:04:38.602705 1429994 AriaExecutor.h:646] Worker 2 latency: 3801 us (50%) 3897 us (75%) 3998 us (95%) 4069 us (99%).
I0313 12:04:38.603587 1429994 AriaExecutor.h:646] Worker 3 latency: 3802 us (50%) 3898 us (75%) 3999 us (95%) 4071 us (99%).
I0313 12:04:38.604446 1429994 AriaExecutor.h:646] Worker 4 latency: 3800 us (50%) 3896 us (75%) 3999 us (95%) 4070 us (99%).
I0313 12:04:38.605337 1429994 AriaExecutor.h:646] Worker 5 latency: 3796 us (50%) 3894 us (75%) 3996 us (95%) 4066 us (99%).
I0313 12:04:38.606197 1429994 AriaExecutor.h:646] Worker 6 latency: 3798 us (50%) 3896 us (75%) 3997 us (95%) 4069 us (99%).
I0313 12:04:38.607118 1429994 AriaExecutor.h:646] Worker 7 latency: 3797 us (50%) 3894 us (75%) 3997 us (95%) 4068 us (99%).
I0313 12:04:38.608052 1429994 AriaExecutor.h:646] Worker 8 latency: 3795 us (50%) 3894 us (75%) 3996 us (95%) 4068 us (99%).
I0313 12:04:38.608995 1429994 AriaExecutor.h:646] Worker 9 latency: 3792 us (50%) 3893 us (75%) 3995 us (95%) 4070 us (99%).
I0313 12:04:38.609884 1429994 AriaExecutor.h:646] Worker 10 latency: 3792 us (50%) 3891 us (75%) 3997 us (95%) 4068 us (99%).
I0313 12:04:38.610760 1429994 AriaExecutor.h:646] Worker 11 latency: 3791 us (50%) 3891 us (75%) 3997 us (95%) 4070 us (99%).
I0313 12:04:38.611616 1429994 AriaExecutor.h:646] Worker 12 latency: 3788 us (50%) 3890 us (75%) 3994 us (95%) 4067 us (99%).
I0313 12:04:38.612529 1429994 AriaExecutor.h:646] Worker 13 latency: 3787 us (50%) 3890 us (75%) 3994 us (95%) 4069 us (99%).
I0313 12:04:38.613389 1429994 AriaExecutor.h:646] Worker 14 latency: 3791 us (50%) 3892 us (75%) 3997 us (95%) 4069 us (99%).
I0313 12:04:38.614195 1429994 AriaExecutor.h:646] Worker 15 latency: 3788 us (50%) 3891 us (75%) 3996 us (95%) 4071 us (99%).
I0313 12:04:38.614979 1429994 AriaExecutor.h:646] Worker 16 latency: 3747 us (50%) 3882 us (75%) 3995 us (95%) 4071 us (99%).
I0313 12:04:38.615800 1429994 AriaExecutor.h:646] Worker 17 latency: 3792 us (50%) 3892 us (75%) 3995 us (95%) 4065 us (99%).
I0313 12:04:38.616587 1429994 AriaExecutor.h:646] Worker 18 latency: 3788 us (50%) 3889 us (75%) 3995 us (95%) 4070 us (99%).
I0313 12:04:38.617341 1429994 AriaExecutor.h:646] Worker 19 latency: 3787 us (50%) 3889 us (75%) 3993 us (95%) 4066 us (99%).
I0313 12:04:38.618094 1429994 AriaExecutor.h:646] Worker 20 latency: 3784 us (50%) 3887 us (75%) 3992 us (95%) 4067 us (99%).
I0313 12:04:38.618847 1429994 AriaExecutor.h:646] Worker 21 latency: 3785 us (50%) 3889 us (75%) 3993 us (95%) 4064 us (99%).
I0313 12:04:38.619589 1429994 AriaExecutor.h:646] Worker 22 latency: 3783 us (50%) 3888 us (75%) 3992 us (95%) 4065 us (99%).
I0313 12:04:38.620326 1429994 AriaExecutor.h:646] Worker 23 latency: 3785 us (50%) 3889 us (75%) 3993 us (95%) 4067 us (99%).
I0313 12:04:38.621054 1429994 AriaExecutor.h:646] Worker 24 latency: 3782 us (50%) 3886 us (75%) 3992 us (95%) 4067 us (99%).
I0313 12:04:38.621798 1429994 AriaExecutor.h:646] Worker 25 latency: 3785 us (50%) 3886 us (75%) 3991 us (95%) 4065 us (99%).
I0313 12:04:38.622509 1429994 AriaExecutor.h:646] Worker 26 latency: 3774 us (50%) 3883 us (75%) 3989 us (95%) 4066 us (99%).
I0313 12:04:38.623220 1429994 AriaExecutor.h:646] Worker 27 latency: 3775 us (50%) 3883 us (75%) 3991 us (95%) 4063 us (99%).
I0313 12:04:38.623932 1429994 AriaExecutor.h:646] Worker 28 latency: 3772 us (50%) 3882 us (75%) 3991 us (95%) 4065 us (99%).
I0313 12:04:38.624627 1429994 AriaExecutor.h:646] Worker 29 latency: 3772 us (50%) 3881 us (75%) 3989 us (95%) 4069 us (99%).
I0313 12:04:38.625332 1429994 AriaExecutor.h:646] Worker 30 latency: 3772 us (50%) 3881 us (75%) 3989 us (95%) 4064 us (99%).
I0313 12:04:38.626060 1429994 AriaExecutor.h:646] Worker 31 latency: 3772 us (50%) 3882 us (75%) 3989 us (95%) 4064 us (99%).
I0313 12:04:38.626816 1429994 AriaExecutor.h:646] Worker 32 latency: 3765 us (50%) 3879 us (75%) 3989 us (95%) 4064 us (99%).
I0313 12:04:38.627578 1429994 AriaExecutor.h:646] Worker 33 latency: 3759 us (50%) 3877 us (75%) 3985 us (95%) 4065 us (99%).
I0313 12:04:38.628296 1429994 AriaExecutor.h:646] Worker 34 latency: 3760 us (50%) 3876 us (75%) 3985 us (95%) 4062 us (99%).
I0313 12:04:38.629020 1429994 AriaExecutor.h:646] Worker 35 latency: 3763 us (50%) 3879 us (75%) 3986 us (95%) 4064 us (99%).
I0313 12:04:38.629750 1429994 AriaExecutor.h:646] Worker 36 latency: 3756 us (50%) 3873 us (75%) 3983 us (95%) 4057 us (99%).
I0313 12:04:38.630479 1429994 AriaExecutor.h:646] Worker 37 latency: 3758 us (50%) 3876 us (75%) 3985 us (95%) 4060 us (99%).
I0313 12:04:38.631191 1429994 AriaExecutor.h:646] Worker 38 latency: 3759 us (50%) 3875 us (75%) 3984 us (95%) 4059 us (99%).
I0313 12:04:38.631916 1429994 AriaExecutor.h:646] Worker 39 latency: 3753 us (50%) 3873 us (75%) 3986 us (95%) 4059 us (99%).
I0313 12:04:38.632640 1429994 AriaExecutor.h:646] Worker 40 latency: 3753 us (50%) 3872 us (75%) 3983 us (95%) 4060 us (99%).
I0313 12:04:38.633324 1429994 AriaExecutor.h:646] Worker 41 latency: 3750 us (50%) 3871 us (75%) 3983 us (95%) 4065 us (99%).
I0313 12:04:38.633961 1429994 AriaExecutor.h:646] Worker 42 latency: 3750 us (50%) 3873 us (75%) 3984 us (95%) 4059 us (99%).
I0313 12:04:38.634654 1429994 AriaExecutor.h:646] Worker 43 latency: 3746 us (50%) 3870 us (75%) 3980 us (95%) 4059 us (99%).
I0313 12:04:38.635342 1429994 AriaExecutor.h:646] Worker 44 latency: 3752 us (50%) 3874 us (75%) 3985 us (95%) 4059 us (99%).
I0313 12:04:38.635968 1429994 AriaExecutor.h:646] Worker 45 latency: 3750 us (50%) 3868 us (75%) 3980 us (95%) 4058 us (99%).
I0313 12:04:38.636628 1429994 AriaExecutor.h:646] Worker 46 latency: 3746 us (50%) 3870 us (75%) 3982 us (95%) 4059 us (99%).
I0313 12:04:38.637235 1429994 AriaExecutor.h:646] Worker 47 latency: 3746 us (50%) 3870 us (75%) 3983 us (95%) 4061 us (99%).
I0313 12:04:38.637827 1429994 Coordinator.h:177] total commit: 26579.5
I0313 12:04:39.638047 1429994 Coordinator.h:192] Coordinator exits.
