I0313 11:50:17.313995 1422291 Database.h:65] ycsb initialization finished in 99 milliseconds.
I0313 11:50:17.314221 1422291 Coordinator.h:30] Coordinator initializes 48 workers.
I0313 11:50:17.422341 1422291 Coordinator.h:77] Coordinator starts to run 49 workers.
I0313 11:50:17.422437 1422347 AriaExecutor.h:91] AriaExecutor 0 started. 
I0313 11:50:17.422483 1422348 AriaExecutor.h:91] AriaExecutor 1 started. 
I0313 11:50:17.422597 1422349 AriaExecutor.h:91] AriaExecutor 2 started. 
I0313 11:50:17.422667 1422350 AriaExecutor.h:91] AriaExecutor 3 started. 
I0313 11:50:17.422736 1422351 AriaExecutor.h:91] AriaExecutor 4 started. 
I0313 11:50:17.422818 1422352 AriaExecutor.h:91] AriaExecutor 5 started. 
I0313 11:50:17.422919 1422353 AriaExecutor.h:91] AriaExecutor 6 started. 
I0313 11:50:17.423013 1422354 AriaExecutor.h:91] AriaExecutor 7 started. 
I0313 11:50:17.423107 1422355 AriaExecutor.h:91] AriaExecutor 8 started. 
I0313 11:50:17.423197 1422356 AriaExecutor.h:91] AriaExecutor 9 started. 
I0313 11:50:17.423272 1422357 AriaExecutor.h:91] AriaExecutor 10 started. 
I0313 11:50:17.423483 1422358 AriaExecutor.h:91] AriaExecutor 11 started. 
I0313 11:50:17.423648 1422359 AriaExecutor.h:91] AriaExecutor 12 started. 
I0313 11:50:17.423810 1422360 AriaExecutor.h:91] AriaExecutor 13 started. 
I0313 11:50:17.423969 1422361 AriaExecutor.h:91] AriaExecutor 14 started. 
I0313 11:50:17.424111 1422362 AriaExecutor.h:91] AriaExecutor 15 started. 
I0313 11:50:17.424268 1422363 AriaExecutor.h:91] AriaExecutor 16 started. 
I0313 11:50:17.424414 1422364 AriaExecutor.h:91] AriaExecutor 17 started. 
I0313 11:50:17.424557 1422365 AriaExecutor.h:91] AriaExecutor 18 started. 
I0313 11:50:17.424705 1422366 AriaExecutor.h:91] AriaExecutor 19 started. 
I0313 11:50:17.424853 1422367 AriaExecutor.h:91] AriaExecutor 20 started. 
I0313 11:50:17.425036 1422368 AriaExecutor.h:91] AriaExecutor 21 started. 
I0313 11:50:17.425210 1422369 AriaExecutor.h:91] AriaExecutor 22 started. 
I0313 11:50:17.425398 1422370 AriaExecutor.h:91] AriaExecutor 23 started. 
I0313 11:50:17.425578 1422371 AriaExecutor.h:91] AriaExecutor 24 started. 
I0313 11:50:17.425756 1422372 AriaExecutor.h:91] AriaExecutor 25 started. 
I0313 11:50:17.425923 1422373 AriaExecutor.h:91] AriaExecutor 26 started. 
I0313 11:50:17.426124 1422374 AriaExecutor.h:91] AriaExecutor 27 started. 
I0313 11:50:17.426326 1422375 AriaExecutor.h:91] AriaExecutor 28 started. 
I0313 11:50:17.426510 1422376 AriaExecutor.h:91] AriaExecutor 29 started. 
I0313 11:50:17.426680 1422377 AriaExecutor.h:91] AriaExecutor 30 started. 
I0313 11:50:17.426842 1422378 AriaExecutor.h:91] AriaExecutor 31 started. 
I0313 11:50:17.427028 1422379 AriaExecutor.h:91] AriaExecutor 32 started. 
I0313 11:50:17.427217 1422380 AriaExecutor.h:91] AriaExecutor 33 started. 
I0313 11:50:17.427400 1422381 AriaExecutor.h:91] AriaExecutor 34 started. 
I0313 11:50:17.427587 1422382 AriaExecutor.h:91] AriaExecutor 35 started. 
I0313 11:50:17.427771 1422383 AriaExecutor.h:91] AriaExecutor 36 started. 
I0313 11:50:17.427956 1422384 AriaExecutor.h:91] AriaExecutor 37 started. 
I0313 11:50:17.428145 1422385 AriaExecutor.h:91] AriaExecutor 38 started. 
I0313 11:50:17.428372 1422386 AriaExecutor.h:91] AriaExecutor 39 started. 
I0313 11:50:17.428568 1422387 AriaExecutor.h:91] AriaExecutor 40 started. 
I0313 11:50:17.428737 1422388 AriaExecutor.h:91] AriaExecutor 41 started. 
I0313 11:50:17.428898 1422389 AriaExecutor.h:91] AriaExecutor 42 started. 
I0313 11:50:17.429075 1422390 AriaExecutor.h:91] AriaExecutor 43 started. 
I0313 11:50:17.429236 1422391 AriaExecutor.h:91] AriaExecutor 44 started. 
I0313 11:50:17.429418 1422392 AriaExecutor.h:91] AriaExecutor 45 started. 
I0313 11:50:17.429615 1422393 AriaExecutor.h:91] AriaExecutor 46 started. 
I0313 11:50:17.429796 1422394 AriaExecutor.h:91] AriaExecutor 47 started. 
I0313 11:50:17.430001 1422395 Manager.h:224] Manager(worker id = 48) on the coordinator node started.
I0313 11:50:18.430085 1422291 Coordinator.h:126] commit: 23999 abort: 200001 (0/200001/0), network size: 0, avg network size: 0, si_in_serializable: 0 0 %, local: 0 %
I0313 11:50:19.430265 1422291 Coordinator.h:126] commit: 24908 abort: 207092 (0/207092/0), network size: 0, avg network size: 0, si_in_serializable: 0 0 %, local: 0 %
I0313 11:50:20.430414 1422291 Coordinator.h:126] commit: 24795 abort: 207205 (0/207205/0), network size: 0, avg network size: 0, si_in_serializable: 0 0 %, local: 0 %
I0313 11:50:21.430567 1422291 Coordinator.h:126] commit: 24826 abort: 207174 (0/207174/0), network size: 0, avg network size: 0, si_in_serializable: 0 0 %, local: 0 %
I0313 11:50:22.430847 1422291 Coordinator.h:126] commit: 25274 abort: 210726 (0/210726/0), network size: 0, avg network size: 0, si_in_serializable: 0 0 %, local: 0 %
I0313 11:50:23.431036 1422291 Coordinator.h:126] commit: 25425 abort: 210575 (0/210575/0), network size: 0, avg network size: 0, si_in_serializable: 0 0 %, local: 0 %
I0313 11:50:24.431195 1422291 Coordinator.h:126] commit: 25326 abort: 210674 (0/210674/0), network size: 0, avg network size: 0, si_in_serializable: 0 0 %, local: 0 %
I0313 11:50:25.431335 1422291 Coordinator.h:126] commit: 24761 abort: 207239 (0/207239/0), network size: 0, avg network size: 0, si_in_serializable: 0 0 %, local: 0 %
I0313 11:50:26.431476 1422291 Coordinator.h:126] commit: 25363 abort: 210637 (0/210637/0), network size: 0, avg network size: 0, si_in_serializable: 0 0 %, local: 0 %
I0313 11:50:27.431622 1422291 Coordinator.h:126] commit: 25262 abort: 210738 (0/210738/0), network size: 0, avg network size: 0, si_in_serializable: 0 0 %, local: 0 %
I0313 11:50:28.431766 1422291 Coordinator.h:126] commit: 25341 abort: 210659 (0/210659/0), network size: 0, avg network size: 0, si_in_serializable: 0 0 %, local: 0 %
I0313 11:50:29.431917 1422291 Coordinator.h:126] commit: 25139 abort: 210861 (0/210861/0), network size: 0, avg network size: 0, si_in_serializable: 0 0 %, local: 0 %
I0313 11:50:30.432068 1422291 Coordinator.h:126] commit: 25464 abort: 210536 (0/210536/0), network size: 0, avg network size: 0, si_in_serializable: 0 0 %, local: 0 %
I0313 11:50:31.432277 1422291 Coordinator.h:126] commit: 25666 abort: 214334 (0/214334/0), network size: 0, avg network size: 0, si_in_serializable: 0 0 %, local: 0 %
I0313 11:50:32.432446 1422291 Coordinator.h:126] commit: 25185 abort: 210815 (0/210815/0), network size: 0, avg network size: 0, si_in_serializable: 0 0 %, local: 0 %
I0313 11:50:33.432593 1422291 Coordinator.h:126] commit: 25261 abort: 210739 (0/210739/0), network size: 0, avg network size: 0, si_in_serializable: 0 0 %, local: 0 %
I0313 11:50:34.432742 1422291 Coordinator.h:126] commit: 25814 abort: 214186 (0/214186/0), network size: 0, avg network size: 0, si_in_serializable: 0 0 %, local: 0 %
I0313 11:50:35.432891 1422291 Coordinator.h:126] commit: 25276 abort: 210724 (0/210724/0), network size: 0, avg network size: 0, si_in_serializable: 0 0 %, local: 0 %
I0313 11:50:36.433045 1422291 Coordinator.h:126] commit: 25882 abort: 214118 (0/214118/0), network size: 0, avg network size: 0, si_in_serializable: 0 0 %, local: 0 %
I0313 11:50:37.433202 1422291 Coordinator.h:126] commit: 25371 abort: 210629 (0/210629/0), network size: 0, avg network size: 0, si_in_serializable: 0 0 %, local: 0 %
I0313 11:50:38.433353 1422291 Coordinator.h:126] commit: 25221 abort: 210779 (0/210779/0), network size: 0, avg network size: 0, si_in_serializable: 0 0 %, local: 0 %
I0313 11:50:39.433503 1422291 Coordinator.h:126] commit: 25375 abort: 210625 (0/210625/0), network size: 0, avg network size: 0, si_in_serializable: 0 0 %, local: 0 %
I0313 11:50:40.433658 1422291 Coordinator.h:126] commit: 25774 abort: 214226 (0/214226/0), network size: 0, avg network size: 0, si_in_serializable: 0 0 %, local: 0 %
I0313 11:50:41.433804 1422291 Coordinator.h:126] commit: 25317 abort: 210683 (0/210683/0), network size: 0, avg network size: 0, si_in_serializable: 0 0 %, local: 0 %
I0313 11:50:42.433955 1422291 Coordinator.h:126] commit: 25048 abort: 210952 (0/210952/0), network size: 0, avg network size: 0, si_in_serializable: 0 0 %, local: 0 %
I0313 11:50:42.434012 1422291 Coordinator.h:152] average commit: 25439.9 abort: 211760 (0/211760/0), network size: 0, avg network size: 0, si_in_serializable: 0 0 %, local: 0 %
I0313 11:50:42.434026 1422291 AriaExecutor.h:649] Worker 0 latency: 16335 us (50%) 16598 us (75%) 16952 us (95%) 17315 us (99%).
I0313 11:50:42.446727 1422373 AriaExecutor.h:103] AriaExecutor 26 exits. 
I0313 11:50:42.446727 1422364 AriaExecutor.h:103] AriaExecutor 17 exits. 
I0313 11:50:42.446732 1422362 AriaExecutor.h:103] AriaExecutor 15 exits. 
I0313 11:50:42.446761 1422387 AriaExecutor.h:103] AriaExecutor 40 exits. 
I0313 11:50:42.446779 1422385 AriaExecutor.h:103] AriaExecutor 38 exits. 
I0313 11:50:42.446771 1422361 AriaExecutor.h:103] AriaExecutor 14 exits. 
I0313 11:50:42.446730 1422395 Manager.h:227] Manager(worker id = 48) on the coordinator node exits.
I0313 11:50:42.446732 1422367 AriaExecutor.h:103] AriaExecutor 20 exits. 
I0313 11:50:42.446732 1422374 AriaExecutor.h:103] AriaExecutor 27 exits. 
I0313 11:50:42.446733 1422349 AriaExecutor.h:103] AriaExecutor 2 exits. 
I0313 11:50:42.446728 1422363 AriaExecutor.h:103] AriaExecutor 16 exits. 
I0313 11:50:42.446733 1422357 AriaExecutor.h:103] AriaExecutor 10 exits. 
I0313 11:50:42.446790 1422381 AriaExecutor.h:103] AriaExecutor 34 exits. 
I0313 11:50:42.446733 1422353 AriaExecutor.h:103] AriaExecutor 6 exits. 
I0313 11:50:42.446792 1422388 AriaExecutor.h:103] AriaExecutor 41 exits. 
I0313 11:50:42.446733 1422352 AriaExecutor.h:103] AriaExecutor 5 exits. 
I0313 11:50:42.446727 1422376 AriaExecutor.h:103] AriaExecutor 29 exits. 
I0313 11:50:42.446782 1422375 AriaExecutor.h:103] AriaExecutor 28 exits. 
I0313 11:50:42.446734 1422347 AriaExecutor.h:103] AriaExecutor 0 exits. 
I0313 11:50:42.446753 1422359 AriaExecutor.h:103] AriaExecutor 12 exits. 
I0313 11:50:42.446733 1422348 AriaExecutor.h:103] AriaExecutor 1 exits. 
I0313 11:50:42.446791 1422377 AriaExecutor.h:103] AriaExecutor 30 exits. 
I0313 11:50:42.446753 1422358 AriaExecutor.h:103] AriaExecutor 11 exits. 
I0313 11:50:42.446753 1422390 AriaExecutor.h:103] AriaExecutor 43 exits. 
I0313 11:50:42.446733 1422350 AriaExecutor.h:103] AriaExecutor 3 exits. 
I0313 11:50:42.446733 1422355 AriaExecutor.h:103] AriaExecutor 8 exits. 
I0313 11:50:42.446785 1422368 AriaExecutor.h:103] AriaExecutor 21 exits. 
I0313 11:50:42.446727 1422394 AriaExecutor.h:103] AriaExecutor 47 exits. 
I0313 11:50:42.446727 1422393 AriaExecutor.h:103] AriaExecutor 46 exits. 
I0313 11:50:42.446789 1422386 AriaExecutor.h:103] AriaExecutor 39 exits. 
I0313 11:50:42.446758 1422360 AriaExecutor.h:103] AriaExecutor 13 exits. 
I0313 11:50:42.446766 1422354 AriaExecutor.h:103] AriaExecutor 7 exits. 
I0313 11:50:42.446727 1422371 AriaExecutor.h:103] AriaExecutor 24 exits. 
I0313 11:50:42.446791 1422382 AriaExecutor.h:103] AriaExecutor 35 exits. 
I0313 11:50:42.446779 1422383 AriaExecutor.h:103] AriaExecutor 36 exits. 
I0313 11:50:42.446792 1422379 AriaExecutor.h:103] AriaExecutor 32 exits. 
I0313 11:50:42.446728 1422365 AriaExecutor.h:103] AriaExecutor 18 exits. 
I0313 11:50:42.446730 1422366 AriaExecutor.h:103] AriaExecutor 19 exits. 
I0313 11:50:42.446792 1422380 AriaExecutor.h:103] AriaExecutor 33 exits. 
I0313 11:50:42.446732 1422372 AriaExecutor.h:103] AriaExecutor 25 exits. 
I0313 11:50:42.446789 1422389 AriaExecutor.h:103] AriaExecutor 42 exits. 
I0313 11:50:42.446729 1422369 AriaExecutor.h:103] AriaExecutor 22 exits. 
I0313 11:50:42.446729 1422370 AriaExecutor.h:103] AriaExecutor 23 exits. 
I0313 11:50:42.446777 1422391 AriaExecutor.h:103] AriaExecutor 44 exits. 
I0313 11:50:42.446795 1422378 AriaExecutor.h:103] AriaExecutor 31 exits. 
I0313 11:50:42.446733 1422351 AriaExecutor.h:103] AriaExecutor 4 exits. 
I0313 11:50:42.446785 1422392 AriaExecutor.h:103] AriaExecutor 45 exits. 
I0313 11:50:42.446787 1422384 AriaExecutor.h:103] AriaExecutor 37 exits. 
I0313 11:50:42.446733 1422356 AriaExecutor.h:103] AriaExecutor 9 exits. 
I0313 11:50:42.447275 1422291 AriaExecutor.h:649] Worker 1 latency: 16332 us (50%) 16598 us (75%) 16952 us (95%) 17328 us (99%).
I0313 11:50:42.448294 1422291 AriaExecutor.h:649] Worker 2 latency: 16337 us (50%) 16595 us (75%) 16953 us (95%) 17341 us (99%).
I0313 11:50:42.449187 1422291 AriaExecutor.h:649] Worker 3 latency: 16334 us (50%) 16596 us (75%) 16951 us (95%) 17318 us (99%).
I0313 11:50:42.450037 1422291 AriaExecutor.h:649] Worker 4 latency: 16335 us (50%) 16597 us (75%) 16954 us (95%) 17362 us (99%).
I0313 11:50:42.450928 1422291 AriaExecutor.h:649] Worker 5 latency: 16334 us (50%) 16596 us (75%) 16954 us (95%) 17331 us (99%).
I0313 11:50:42.451792 1422291 AriaExecutor.h:649] Worker 6 latency: 16325 us (50%) 16595 us (75%) 16949 us (95%) 17352 us (99%).
I0313 11:50:42.452666 1422291 AriaExecutor.h:649] Worker 7 latency: 16337 us (50%) 16601 us (75%) 16953 us (95%) 17338 us (99%).
I0313 11:50:42.453444 1422291 AriaExecutor.h:649] Worker 8 latency: 16338 us (50%) 16596 us (75%) 16951 us (95%) 17317 us (99%).
I0313 11:50:42.454285 1422291 AriaExecutor.h:649] Worker 9 latency: 16332 us (50%) 16595 us (75%) 16949 us (95%) 17319 us (99%).
I0313 11:50:42.455145 1422291 AriaExecutor.h:649] Worker 10 latency: 16331 us (50%) 16595 us (75%) 16952 us (95%) 17313 us (99%).
I0313 11:50:42.456020 1422291 AriaExecutor.h:649] Worker 11 latency: 16338 us (50%) 16597 us (75%) 16950 us (95%) 17332 us (99%).
I0313 11:50:42.456868 1422291 AriaExecutor.h:649] Worker 12 latency: 16321 us (50%) 16592 us (75%) 16944 us (95%) 17319 us (99%).
I0313 11:50:42.457721 1422291 AriaExecutor.h:649] Worker 13 latency: 16336 us (50%) 16598 us (75%) 16951 us (95%) 17371 us (99%).
I0313 11:50:42.458496 1422291 AriaExecutor.h:649] Worker 14 latency: 16319 us (50%) 16590 us (75%) 16942 us (95%) 17324 us (99%).
I0313 11:50:42.459295 1422291 AriaExecutor.h:649] Worker 15 latency: 16313 us (50%) 16589 us (75%) 16944 us (95%) 17340 us (99%).
I0313 11:50:42.460101 1422291 AriaExecutor.h:649] Worker 16 latency: 16166 us (50%) 16540 us (75%) 16918 us (95%) 17326 us (99%).
I0313 11:50:42.460940 1422291 AriaExecutor.h:649] Worker 17 latency: 16343 us (50%) 16600 us (75%) 16952 us (95%) 17340 us (99%).
I0313 11:50:42.461724 1422291 AriaExecutor.h:649] Worker 18 latency: 16340 us (50%) 16599 us (75%) 16947 us (95%) 17333 us (99%).
I0313 11:50:42.462509 1422291 AriaExecutor.h:649] Worker 19 latency: 16347 us (50%) 16606 us (75%) 16954 us (95%) 17354 us (99%).
I0313 11:50:42.463280 1422291 AriaExecutor.h:649] Worker 20 latency: 16343 us (50%) 16602 us (75%) 16954 us (95%) 17354 us (99%).
I0313 11:50:42.464068 1422291 AriaExecutor.h:649] Worker 21 latency: 16343 us (50%) 16602 us (75%) 16956 us (95%) 17364 us (99%).
I0313 11:50:42.464852 1422291 AriaExecutor.h:649] Worker 22 latency: 16342 us (50%) 16600 us (75%) 16951 us (95%) 17340 us (99%).
I0313 11:50:42.465637 1422291 AriaExecutor.h:649] Worker 23 latency: 16341 us (50%) 16599 us (75%) 16951 us (95%) 17316 us (99%).
I0313 11:50:42.466423 1422291 AriaExecutor.h:649] Worker 24 latency: 16345 us (50%) 16603 us (75%) 16955 us (95%) 17358 us (99%).
I0313 11:50:42.467178 1422291 AriaExecutor.h:649] Worker 25 latency: 16344 us (50%) 16603 us (75%) 16955 us (95%) 17368 us (99%).
I0313 11:50:42.467940 1422291 AriaExecutor.h:649] Worker 26 latency: 16344 us (50%) 16600 us (75%) 16946 us (95%) 17341 us (99%).
I0313 11:50:42.468716 1422291 AriaExecutor.h:649] Worker 27 latency: 16342 us (50%) 16600 us (75%) 16950 us (95%) 17334 us (99%).
I0313 11:50:42.469485 1422291 AriaExecutor.h:649] Worker 28 latency: 16342 us (50%) 16598 us (75%) 16944 us (95%) 17324 us (99%).
I0313 11:50:42.470247 1422291 AriaExecutor.h:649] Worker 29 latency: 16337 us (50%) 16598 us (75%) 16948 us (95%) 17329 us (99%).
I0313 11:50:42.471007 1422291 AriaExecutor.h:649] Worker 30 latency: 16357 us (50%) 16606 us (75%) 16955 us (95%) 17327 us (99%).
I0313 11:50:42.471814 1422291 AriaExecutor.h:649] Worker 31 latency: 16366 us (50%) 16613 us (75%) 16965 us (95%) 17363 us (99%).
I0313 11:50:42.472626 1422291 AriaExecutor.h:649] Worker 32 latency: 16326 us (50%) 16595 us (75%) 16952 us (95%) 17382 us (99%).
I0313 11:50:42.473433 1422291 AriaExecutor.h:649] Worker 33 latency: 16337 us (50%) 16598 us (75%) 16957 us (95%) 17367 us (99%).
I0313 11:50:42.474237 1422291 AriaExecutor.h:649] Worker 34 latency: 16330 us (50%) 16598 us (75%) 16956 us (95%) 17378 us (99%).
I0313 11:50:42.475039 1422291 AriaExecutor.h:649] Worker 35 latency: 16326 us (50%) 16594 us (75%) 16956 us (95%) 17353 us (99%).
I0313 11:50:42.475841 1422291 AriaExecutor.h:649] Worker 36 latency: 16324 us (50%) 16592 us (75%) 16946 us (95%) 17317 us (99%).
I0313 11:50:42.476660 1422291 AriaExecutor.h:649] Worker 37 latency: 16325 us (50%) 16592 us (75%) 16949 us (95%) 17330 us (99%).
I0313 11:50:42.477476 1422291 AriaExecutor.h:649] Worker 38 latency: 16330 us (50%) 16593 us (75%) 16943 us (95%) 17319 us (99%).
I0313 11:50:42.478279 1422291 AriaExecutor.h:649] Worker 39 latency: 16326 us (50%) 16593 us (75%) 16946 us (95%) 17322 us (99%).
I0313 11:50:42.479069 1422291 AriaExecutor.h:649] Worker 40 latency: 16330 us (50%) 16594 us (75%) 16948 us (95%) 17318 us (99%).
I0313 11:50:42.479887 1422291 AriaExecutor.h:649] Worker 41 latency: 16330 us (50%) 16596 us (75%) 16952 us (95%) 17344 us (99%).
I0313 11:50:42.480696 1422291 AriaExecutor.h:649] Worker 42 latency: 16325 us (50%) 16592 us (75%) 16946 us (95%) 17311 us (99%).
I0313 11:50:42.481503 1422291 AriaExecutor.h:649] Worker 43 latency: 16340 us (50%) 16596 us (75%) 16949 us (95%) 17347 us (99%).
I0313 11:50:42.482280 1422291 AriaExecutor.h:649] Worker 44 latency: 16322 us (50%) 16593 us (75%) 16938 us (95%) 17317 us (99%).
I0313 11:50:42.483076 1422291 AriaExecutor.h:649] Worker 45 latency: 16334 us (50%) 16597 us (75%) 16948 us (95%) 17318 us (99%).
I0313 11:50:42.483860 1422291 AriaExecutor.h:649] Worker 46 latency: 16319 us (50%) 16587 us (75%) 16945 us (95%) 17356 us (99%).
I0313 11:50:42.484618 1422291 AriaExecutor.h:649] Worker 47 latency: 16313 us (50%) 16588 us (75%) 16955 us (95%) 17378 us (99%).
I0313 11:50:42.485368 1422291 Coordinator.h:177] total commit: 25439.9
I0313 11:50:43.485602 1422291 Coordinator.h:192] Coordinator exits.
