I0313 12:00:10.340690 1427778 Database.h:65] ycsb initialization finished in 103 milliseconds.
I0313 12:00:10.340936 1427778 Coordinator.h:30] Coordinator initializes 48 workers.
I0313 12:00:10.448170 1427778 Coordinator.h:77] Coordinator starts to run 49 workers.
I0313 12:00:10.448275 1427830 AriaExecutor.h:94] AriaExecutor 0 started. 
I0313 12:00:10.448315 1427831 AriaExecutor.h:94] AriaExecutor 1 started. 
I0313 12:00:10.448421 1427832 AriaExecutor.h:94] AriaExecutor 2 started. 
I0313 12:00:10.448503 1427833 AriaExecutor.h:94] AriaExecutor 3 started. 
I0313 12:00:10.448583 1427834 AriaExecutor.h:94] AriaExecutor 4 started. 
I0313 12:00:10.448674 1427835 AriaExecutor.h:94] AriaExecutor 5 started. 
I0313 12:00:10.448787 1427836 AriaExecutor.h:94] AriaExecutor 6 started. 
I0313 12:00:10.448876 1427837 AriaExecutor.h:94] AriaExecutor 7 started. 
I0313 12:00:10.448963 1427838 AriaExecutor.h:94] AriaExecutor 8 started. 
I0313 12:00:10.449033 1427839 AriaExecutor.h:94] AriaExecutor 9 started. 
I0313 12:00:10.449257 1427840 AriaExecutor.h:94] AriaExecutor 10 started. 
I0313 12:00:10.449425 1427841 AriaExecutor.h:94] AriaExecutor 11 started. 
I0313 12:00:10.449587 1427842 AriaExecutor.h:94] AriaExecutor 12 started. 
I0313 12:00:10.449746 1427843 AriaExecutor.h:94] AriaExecutor 13 started. 
I0313 12:00:10.450049 1427845 AriaExecutor.h:94] AriaExecutor 15 started. 
I0313 12:00:10.450204 1427846 AriaExecutor.h:94] AriaExecutor 16 started. 
I0313 12:00:10.450376 1427847 AriaExecutor.h:94] AriaExecutor 17 started. 
I0313 12:00:10.450531 1427848 AriaExecutor.h:94] AriaExecutor 18 started. 
I0313 12:00:10.450686 1427849 AriaExecutor.h:94] AriaExecutor 19 started. 
I0313 12:00:10.450842 1427850 AriaExecutor.h:94] AriaExecutor 20 started. 
I0313 12:00:10.450995 1427851 AriaExecutor.h:94] AriaExecutor 21 started. 
I0313 12:00:10.451149 1427852 AriaExecutor.h:94] AriaExecutor 22 started. 
I0313 12:00:10.451303 1427853 AriaExecutor.h:94] AriaExecutor 23 started. 
I0313 12:00:10.451459 1427854 AriaExecutor.h:94] AriaExecutor 24 started. 
I0313 12:00:10.451611 1427855 AriaExecutor.h:94] AriaExecutor 25 started. 
I0313 12:00:10.451767 1427856 AriaExecutor.h:94] AriaExecutor 26 started. 
I0313 12:00:10.451923 1427857 AriaExecutor.h:94] AriaExecutor 27 started. 
I0313 12:00:10.452076 1427858 AriaExecutor.h:94] AriaExecutor 28 started. 
I0313 12:00:10.452279 1427859 AriaExecutor.h:94] AriaExecutor 29 started. 
I0313 12:00:10.452487 1427860 AriaExecutor.h:94] AriaExecutor 30 started. 
I0313 12:00:10.452687 1427861 AriaExecutor.h:94] AriaExecutor 31 started. 
I0313 12:00:10.452885 1427862 AriaExecutor.h:94] AriaExecutor 32 started. 
I0313 12:00:10.453090 1427863 AriaExecutor.h:94] AriaExecutor 33 started. 
I0313 12:00:10.453274 1427864 AriaExecutor.h:94] AriaExecutor 34 started. 
I0313 12:00:10.453464 1427865 AriaExecutor.h:94] AriaExecutor 35 started. 
I0313 12:00:10.453637 1427866 AriaExecutor.h:94] AriaExecutor 36 started. 
I0313 12:00:10.453821 1427867 AriaExecutor.h:94] AriaExecutor 37 started. 
I0313 12:00:10.454005 1427868 AriaExecutor.h:94] AriaExecutor 38 started. 
I0313 12:00:10.454190 1427869 AriaExecutor.h:94] AriaExecutor 39 started. 
I0313 12:00:10.454365 1427870 AriaExecutor.h:94] AriaExecutor 40 started. 
I0313 12:00:10.454530 1427871 AriaExecutor.h:94] AriaExecutor 41 started. 
I0313 12:00:10.454698 1427872 AriaExecutor.h:94] AriaExecutor 42 started. 
I0313 12:00:10.454857 1427873 AriaExecutor.h:94] AriaExecutor 43 started. 
I0313 12:00:10.455026 1427874 AriaExecutor.h:94] AriaExecutor 44 started. 
I0313 12:00:10.455206 1427875 AriaExecutor.h:94] AriaExecutor 45 started. 
I0313 12:00:10.455410 1427876 AriaExecutor.h:94] AriaExecutor 46 started. 
I0313 12:00:10.455606 1427877 AriaExecutor.h:94] AriaExecutor 47 started. 
I0313 12:00:10.455794 1427878 Manager.h:224] Manager(worker id = 48) on the coordinator node started.
I0313 12:00:10.456410 1427844 AriaExecutor.h:94] AriaExecutor 14 started. 
I0313 12:00:11.455860 1427778 Coordinator.h:126] commit: 1060291 abort: 23709 (0/23709/0), network size: 0, avg network size: 0, si_in_serializable: 0 0 %, local: 0 %
I0313 12:00:12.456014 1427778 Coordinator.h:126] commit: 1068377 abort: 23623 (0/23623/0), network size: 0, avg network size: 0, si_in_serializable: 0 0 %, local: 0 %
I0313 12:00:13.456152 1427778 Coordinator.h:126] commit: 1052277 abort: 23723 (0/23723/0), network size: 0, avg network size: 0, si_in_serializable: 0 0 %, local: 0 %
I0313 12:00:14.456274 1427778 Coordinator.h:126] commit: 1060140 abort: 23860 (0/23860/0), network size: 0, avg network size: 0, si_in_serializable: 0 0 %, local: 0 %
I0313 12:00:15.456533 1427778 Coordinator.h:126] commit: 1068002 abort: 23998 (0/23998/0), network size: 0, avg network size: 0, si_in_serializable: 0 0 %, local: 0 %
I0313 12:00:16.456704 1427778 Coordinator.h:126] commit: 1060436 abort: 23564 (0/23564/0), network size: 0, avg network size: 0, si_in_serializable: 0 0 %, local: 0 %
I0313 12:00:17.456842 1427778 Coordinator.h:126] commit: 1067872 abort: 24128 (0/24128/0), network size: 0, avg network size: 0, si_in_serializable: 0 0 %, local: 0 %
I0313 12:00:18.456979 1427778 Coordinator.h:126] commit: 1068010 abort: 23990 (0/23990/0), network size: 0, avg network size: 0, si_in_serializable: 0 0 %, local: 0 %
I0313 12:00:19.457118 1427778 Coordinator.h:126] commit: 1067806 abort: 24194 (0/24194/0), network size: 0, avg network size: 0, si_in_serializable: 0 0 %, local: 0 %
I0313 12:00:20.457254 1427778 Coordinator.h:126] commit: 1071998 abort: 24002 (0/24002/0), network size: 0, avg network size: 0, si_in_serializable: 0 0 %, local: 0 %
I0313 12:00:21.457391 1427778 Coordinator.h:126] commit: 1072155 abort: 23845 (0/23845/0), network size: 0, avg network size: 0, si_in_serializable: 0 0 %, local: 0 %
I0313 12:00:22.457525 1427778 Coordinator.h:126] commit: 1025070 abort: 22930 (0/22930/0), network size: 0, avg network size: 0, si_in_serializable: 0 0 %, local: 0 %
I0313 12:00:23.457665 1427778 Coordinator.h:126] commit: 1071929 abort: 24071 (0/24071/0), network size: 0, avg network size: 0, si_in_serializable: 0 0 %, local: 0 %
I0313 12:00:24.457819 1427778 Coordinator.h:126] commit: 1068400 abort: 23600 (0/23600/0), network size: 0, avg network size: 0, si_in_serializable: 0 0 %, local: 0 %
I0313 12:00:25.457971 1427778 Coordinator.h:126] commit: 1075807 abort: 24193 (0/24193/0), network size: 0, avg network size: 0, si_in_serializable: 0 0 %, local: 0 %
I0313 12:00:26.458106 1427778 Coordinator.h:126] commit: 1072049 abort: 23951 (0/23951/0), network size: 0, avg network size: 0, si_in_serializable: 0 0 %, local: 0 %
I0313 12:00:27.458242 1427778 Coordinator.h:126] commit: 1060425 abort: 23575 (0/23575/0), network size: 0, avg network size: 0, si_in_serializable: 0 0 %, local: 0 %
I0313 12:00:28.458384 1427778 Coordinator.h:126] commit: 1071882 abort: 24118 (0/24118/0), network size: 0, avg network size: 0, si_in_serializable: 0 0 %, local: 0 %
I0313 12:00:29.458523 1427778 Coordinator.h:126] commit: 1063999 abort: 24001 (0/24001/0), network size: 0, avg network size: 0, si_in_serializable: 0 0 %, local: 0 %
I0313 12:00:30.458660 1427778 Coordinator.h:126] commit: 1075953 abort: 24047 (0/24047/0), network size: 0, avg network size: 0, si_in_serializable: 0 0 %, local: 0 %
I0313 12:00:31.458796 1427778 Coordinator.h:126] commit: 1075669 abort: 24331 (0/24331/0), network size: 0, avg network size: 0, si_in_serializable: 0 0 %, local: 0 %
I0313 12:00:32.458930 1427778 Coordinator.h:126] commit: 1068066 abort: 23934 (0/23934/0), network size: 0, avg network size: 0, si_in_serializable: 0 0 %, local: 0 %
I0313 12:00:33.459064 1427778 Coordinator.h:126] commit: 1059992 abort: 24008 (0/24008/0), network size: 0, avg network size: 0, si_in_serializable: 0 0 %, local: 0 %
I0313 12:00:34.459204 1427778 Coordinator.h:126] commit: 989990 abort: 22010 (0/22010/0), network size: 0, avg network size: 0, si_in_serializable: 0 0 %, local: 0 %
I0313 12:00:35.459342 1427778 Coordinator.h:126] commit: 1075652 abort: 24348 (0/24348/0), network size: 0, avg network size: 0, si_in_serializable: 0 0 %, local: 0 %
I0313 12:00:35.459391 1427778 Coordinator.h:152] average commit: 1.06577e+06 abort: 23833.1 (0/23833.1/0), network size: 0, avg network size: 0, si_in_serializable: 0 0 %, local: 0 %
I0313 12:00:35.461828 1427834 AriaExecutor.h:106] AriaExecutor 4 exits. 
I0313 12:00:35.461835 1427854 AriaExecutor.h:106] AriaExecutor 24 exits. 
I0313 12:00:35.461845 1427830 AriaExecutor.h:106] AriaExecutor 0 exits. 
I0313 12:00:35.461849 1427862 AriaExecutor.h:106] AriaExecutor 32 exits. 
I0313 12:00:35.461848 1427837 AriaExecutor.h:106] AriaExecutor 7 exits. 
I0313 12:00:35.461851 1427867 AriaExecutor.h:106] AriaExecutor 37 exits. 
I0313 12:00:35.461851 1427843 AriaExecutor.h:106] AriaExecutor 13 exits. 
I0313 12:00:35.461854 1427865 AriaExecutor.h:106] AriaExecutor 35 exits. 
I0313 12:00:35.461846 1427836 AriaExecutor.h:106] AriaExecutor 6 exits. 
I0313 12:00:35.461851 1427875 AriaExecutor.h:106] AriaExecutor 45 exits. 
I0313 12:00:35.461860 1427868 AriaExecutor.h:106] AriaExecutor 38 exits. 
I0313 12:00:35.461838 1427850 AriaExecutor.h:106] AriaExecutor 20 exits. 
I0313 12:00:35.461831 1427857 AriaExecutor.h:106] AriaExecutor 27 exits. 
I0313 12:00:35.461833 1427856 AriaExecutor.h:106] AriaExecutor 26 exits. 
I0313 12:00:35.461861 1427872 AriaExecutor.h:106] AriaExecutor 42 exits. 
I0313 12:00:35.461854 1427841 AriaExecutor.h:106] AriaExecutor 11 exits. 
I0313 12:00:35.461835 1427859 AriaExecutor.h:106] AriaExecutor 29 exits. 
I0313 12:00:35.461853 1427861 AriaExecutor.h:106] AriaExecutor 31 exits. 
I0313 12:00:35.461833 1427858 AriaExecutor.h:106] AriaExecutor 28 exits. 
I0313 12:00:35.461831 1427839 AriaExecutor.h:106] AriaExecutor 9 exits. 
I0313 12:00:35.461841 1427833 AriaExecutor.h:106] AriaExecutor 3 exits. 
I0313 12:00:35.461833 1427831 AriaExecutor.h:106] AriaExecutor 1 exits. 
I0313 12:00:35.461830 1427878 Manager.h:227] Manager(worker id = 48) on the coordinator node exits.
I0313 12:00:35.461843 1427832 AriaExecutor.h:106] AriaExecutor 2 exits. 
I0313 12:00:35.461838 1427835 AriaExecutor.h:106] AriaExecutor 5 exits. 
I0313 12:00:35.461843 1427846 AriaExecutor.h:106] AriaExecutor 16 exits. 
I0313 12:00:35.461841 1427876 AriaExecutor.h:106] AriaExecutor 46 exits. 
I0313 12:00:35.461849 1427863 AriaExecutor.h:106] AriaExecutor 33 exits. 
I0313 12:00:35.461850 1427864 AriaExecutor.h:106] AriaExecutor 34 exits. 
I0313 12:00:35.461830 1427877 AriaExecutor.h:106] AriaExecutor 47 exits. 
I0313 12:00:35.461853 1427866 AriaExecutor.h:106] AriaExecutor 36 exits. 
I0313 12:00:35.461855 1427870 AriaExecutor.h:106] AriaExecutor 40 exits. 
I0313 12:00:35.461854 1427873 AriaExecutor.h:106] AriaExecutor 43 exits. 
I0313 12:00:35.461862 1427842 AriaExecutor.h:106] AriaExecutor 12 exits. 
I0313 12:00:35.461860 1427840 AriaExecutor.h:106] AriaExecutor 10 exits. 
I0313 12:00:35.461833 1427849 AriaExecutor.h:106] AriaExecutor 19 exits. 
I0313 12:00:35.461861 1427869 AriaExecutor.h:106] AriaExecutor 39 exits. 
I0313 12:00:35.461863 1427874 AriaExecutor.h:106] AriaExecutor 44 exits. 
I0313 12:00:35.461838 1427855 AriaExecutor.h:106] AriaExecutor 25 exits. 
I0313 12:00:35.461851 1427860 AriaExecutor.h:106] AriaExecutor 30 exits. 
I0313 12:00:35.461831 1427853 AriaExecutor.h:106] AriaExecutor 23 exits. 
I0313 12:00:35.461880 1427845 AriaExecutor.h:106] AriaExecutor 15 exits. 
I0313 12:00:35.461876 1427848 AriaExecutor.h:106] AriaExecutor 18 exits. 
I0313 12:00:35.461838 1427852 AriaExecutor.h:106] AriaExecutor 22 exits. 
I0313 12:00:35.461835 1427851 AriaExecutor.h:106] AriaExecutor 21 exits. 
I0313 12:00:35.461839 1427838 AriaExecutor.h:106] AriaExecutor 8 exits. 
I0313 12:00:35.461835 1427847 AriaExecutor.h:106] AriaExecutor 17 exits. 
I0313 12:00:35.461841 1427844 AriaExecutor.h:106] AriaExecutor 14 exits. 
I0313 12:00:35.461848 1427871 AriaExecutor.h:106] AriaExecutor 41 exits. 
I0313 12:00:35.459408 1427778 AriaExecutor.h:646] Worker 0 latency: 2669 us (50%) 3089 us (75%) 3425 us (95%) 3525 us (99%).
I0313 12:00:35.485316 1427778 AriaExecutor.h:646] Worker 1 latency: 2674 us (50%) 3091 us (75%) 3426 us (95%) 3525 us (99%).
I0313 12:00:35.510367 1427778 AriaExecutor.h:646] Worker 2 latency: 2672 us (50%) 3090 us (75%) 3425 us (95%) 3525 us (99%).
I0313 12:00:35.535010 1427778 AriaExecutor.h:646] Worker 3 latency: 2673 us (50%) 3090 us (75%) 3425 us (95%) 3525 us (99%).
I0313 12:00:35.560521 1427778 AriaExecutor.h:646] Worker 4 latency: 2671 us (50%) 3090 us (75%) 3425 us (95%) 3525 us (99%).
I0313 12:00:35.585074 1427778 AriaExecutor.h:646] Worker 5 latency: 2669 us (50%) 3088 us (75%) 3425 us (95%) 3524 us (99%).
I0313 12:00:35.609913 1427778 AriaExecutor.h:646] Worker 6 latency: 2671 us (50%) 3090 us (75%) 3425 us (95%) 3525 us (99%).
I0313 12:00:35.634696 1427778 AriaExecutor.h:646] Worker 7 latency: 2673 us (50%) 3090 us (75%) 3425 us (95%) 3525 us (99%).
I0313 12:00:35.660230 1427778 AriaExecutor.h:646] Worker 8 latency: 2671 us (50%) 3089 us (75%) 3425 us (95%) 3524 us (99%).
I0313 12:00:35.684851 1427778 AriaExecutor.h:646] Worker 9 latency: 2668 us (50%) 3088 us (75%) 3425 us (95%) 3525 us (99%).
I0313 12:00:35.709758 1427778 AriaExecutor.h:646] Worker 10 latency: 2671 us (50%) 3089 us (75%) 3425 us (95%) 3524 us (99%).
I0313 12:00:35.734786 1427778 AriaExecutor.h:646] Worker 11 latency: 2668 us (50%) 3088 us (75%) 3425 us (95%) 3524 us (99%).
I0313 12:00:35.759670 1427778 AriaExecutor.h:646] Worker 12 latency: 2668 us (50%) 3088 us (75%) 3425 us (95%) 3525 us (99%).
I0313 12:00:35.784663 1427778 AriaExecutor.h:646] Worker 13 latency: 2667 us (50%) 3087 us (75%) 3425 us (95%) 3525 us (99%).
I0313 12:00:35.809643 1427778 AriaExecutor.h:646] Worker 14 latency: 2685 us (50%) 3097 us (75%) 3427 us (95%) 3526 us (99%).
I0313 12:00:35.834226 1427778 AriaExecutor.h:646] Worker 15 latency: 2686 us (50%) 3098 us (75%) 3427 us (95%) 3525 us (99%).
I0313 12:00:35.858559 1427778 AriaExecutor.h:646] Worker 16 latency: 2209 us (50%) 2875 us (75%) 3402 us (95%) 3528 us (99%).
I0313 12:00:35.884863 1427778 AriaExecutor.h:646] Worker 17 latency: 2725 us (50%) 3119 us (75%) 3434 us (95%) 3529 us (99%).
I0313 12:00:35.908762 1427778 AriaExecutor.h:646] Worker 18 latency: 2726 us (50%) 3120 us (75%) 3434 us (95%) 3529 us (99%).
I0313 12:00:35.932965 1427778 AriaExecutor.h:646] Worker 19 latency: 2724 us (50%) 3119 us (75%) 3434 us (95%) 3529 us (99%).
I0313 12:00:35.957185 1427778 AriaExecutor.h:646] Worker 20 latency: 2722 us (50%) 3118 us (75%) 3434 us (95%) 3529 us (99%).
I0313 12:00:35.981076 1427778 AriaExecutor.h:646] Worker 21 latency: 2723 us (50%) 3118 us (75%) 3434 us (95%) 3529 us (99%).
I0313 12:00:36.005132 1427778 AriaExecutor.h:646] Worker 22 latency: 2725 us (50%) 3119 us (75%) 3434 us (95%) 3528 us (99%).
I0313 12:00:36.029034 1427778 AriaExecutor.h:646] Worker 23 latency: 2725 us (50%) 3119 us (75%) 3434 us (95%) 3529 us (99%).
I0313 12:00:36.053364 1427778 AriaExecutor.h:646] Worker 24 latency: 2724 us (50%) 3119 us (75%) 3434 us (95%) 3529 us (99%).
I0313 12:00:36.077605 1427778 AriaExecutor.h:646] Worker 25 latency: 2722 us (50%) 3118 us (75%) 3433 us (95%) 3529 us (99%).
I0313 12:00:36.102176 1427778 AriaExecutor.h:646] Worker 26 latency: 2724 us (50%) 3119 us (75%) 3433 us (95%) 3529 us (99%).
I0313 12:00:36.126756 1427778 AriaExecutor.h:646] Worker 27 latency: 2721 us (50%) 3117 us (75%) 3433 us (95%) 3528 us (99%).
I0313 12:00:36.150588 1427778 AriaExecutor.h:646] Worker 28 latency: 2720 us (50%) 3117 us (75%) 3433 us (95%) 3528 us (99%).
I0313 12:00:36.174556 1427778 AriaExecutor.h:646] Worker 29 latency: 2719 us (50%) 3116 us (75%) 3433 us (95%) 3529 us (99%).
I0313 12:00:36.198530 1427778 AriaExecutor.h:646] Worker 30 latency: 2703 us (50%) 3107 us (75%) 3430 us (95%) 3527 us (99%).
I0313 12:00:36.222913 1427778 AriaExecutor.h:646] Worker 31 latency: 2707 us (50%) 3109 us (75%) 3431 us (95%) 3528 us (99%).
I0313 12:00:36.247097 1427778 AriaExecutor.h:646] Worker 32 latency: 2678 us (50%) 3093 us (75%) 3426 us (95%) 3525 us (99%).
I0313 12:00:36.271478 1427778 AriaExecutor.h:646] Worker 33 latency: 2683 us (50%) 3095 us (75%) 3426 us (95%) 3525 us (99%).
I0313 12:00:36.296305 1427778 AriaExecutor.h:646] Worker 34 latency: 2683 us (50%) 3095 us (75%) 3426 us (95%) 3526 us (99%).
I0313 12:00:36.320570 1427778 AriaExecutor.h:646] Worker 35 latency: 2682 us (50%) 3095 us (75%) 3426 us (95%) 3526 us (99%).
I0313 12:00:36.345168 1427778 AriaExecutor.h:646] Worker 36 latency: 2681 us (50%) 3094 us (75%) 3426 us (95%) 3526 us (99%).
I0313 12:00:36.369316 1427778 AriaExecutor.h:646] Worker 37 latency: 2679 us (50%) 3093 us (75%) 3426 us (95%) 3525 us (99%).
I0313 12:00:36.393834 1427778 AriaExecutor.h:646] Worker 38 latency: 2681 us (50%) 3094 us (75%) 3426 us (95%) 3525 us (99%).
I0313 12:00:36.418184 1427778 AriaExecutor.h:646] Worker 39 latency: 2683 us (50%) 3095 us (75%) 3426 us (95%) 3524 us (99%).
I0313 12:00:36.443090 1427778 AriaExecutor.h:646] Worker 40 latency: 2680 us (50%) 3094 us (75%) 3426 us (95%) 3525 us (99%).
I0313 12:00:36.467792 1427778 AriaExecutor.h:646] Worker 41 latency: 2678 us (50%) 3093 us (75%) 3426 us (95%) 3526 us (99%).
I0313 12:00:36.492512 1427778 AriaExecutor.h:646] Worker 42 latency: 2680 us (50%) 3094 us (75%) 3426 us (95%) 3525 us (99%).
I0313 12:00:36.516896 1427778 AriaExecutor.h:646] Worker 43 latency: 2677 us (50%) 3093 us (75%) 3426 us (95%) 3526 us (99%).
I0313 12:00:36.541628 1427778 AriaExecutor.h:646] Worker 44 latency: 2678 us (50%) 3092 us (75%) 3425 us (95%) 3525 us (99%).
I0313 12:00:36.566519 1427778 AriaExecutor.h:646] Worker 45 latency: 2677 us (50%) 3092 us (75%) 3426 us (95%) 3525 us (99%).
I0313 12:00:36.591701 1427778 AriaExecutor.h:646] Worker 46 latency: 2695 us (50%) 3102 us (75%) 3428 us (95%) 3526 us (99%).
I0313 12:00:36.615840 1427778 AriaExecutor.h:646] Worker 47 latency: 2695 us (50%) 3102 us (75%) 3428 us (95%) 3526 us (99%).
I0313 12:00:36.639993 1427778 Coordinator.h:177] total commit: 1.06577e+06
I0313 12:00:37.640228 1427778 Coordinator.h:192] Coordinator exits.
