I0313 12:02:25.755650 1429002 Database.h:65] ycsb initialization finished in 103 milliseconds.
I0313 12:02:25.755892 1429002 Coordinator.h:30] Coordinator initializes 48 workers.
I0313 12:02:25.792634 1429002 Coordinator.h:77] Coordinator starts to run 49 workers.
I0313 12:02:25.792711 1429054 AriaExecutor.h:94] AriaExecutor 0 started. 
I0313 12:02:25.792762 1429055 AriaExecutor.h:94] AriaExecutor 1 started. 
I0313 12:02:25.792843 1429056 AriaExecutor.h:94] AriaExecutor 2 started. 
I0313 12:02:25.792943 1429057 AriaExecutor.h:94] AriaExecutor 3 started. 
I0313 12:02:25.793042 1429058 AriaExecutor.h:94] AriaExecutor 4 started. 
I0313 12:02:25.793128 1429059 AriaExecutor.h:94] AriaExecutor 5 started. 
I0313 12:02:25.793226 1429060 AriaExecutor.h:94] AriaExecutor 6 started. 
I0313 12:02:25.793327 1429061 AriaExecutor.h:94] AriaExecutor 7 started. 
I0313 12:02:25.793422 1429062 AriaExecutor.h:94] AriaExecutor 8 started. 
I0313 12:02:25.793531 1429063 AriaExecutor.h:94] AriaExecutor 9 started. 
I0313 12:02:25.793617 1429064 AriaExecutor.h:94] AriaExecutor 10 started. 
I0313 12:02:25.793722 1429065 AriaExecutor.h:94] AriaExecutor 11 started. 
I0313 12:02:25.793824 1429066 AriaExecutor.h:94] AriaExecutor 12 started. 
I0313 12:02:25.793941 1429067 AriaExecutor.h:94] AriaExecutor 13 started. 
I0313 12:02:25.794039 1429068 AriaExecutor.h:94] AriaExecutor 14 started. 
I0313 12:02:25.794190 1429069 AriaExecutor.h:94] AriaExecutor 15 started. 
I0313 12:02:25.794323 1429070 AriaExecutor.h:94] AriaExecutor 16 started. 
I0313 12:02:25.794445 1429071 AriaExecutor.h:94] AriaExecutor 17 started. 
I0313 12:02:25.794585 1429072 AriaExecutor.h:94] AriaExecutor 18 started. 
I0313 12:02:25.794715 1429073 AriaExecutor.h:94] AriaExecutor 19 started. 
I0313 12:02:25.794797 1429074 AriaExecutor.h:94] AriaExecutor 20 started. 
I0313 12:02:25.794900 1429075 AriaExecutor.h:94] AriaExecutor 21 started. 
I0313 12:02:25.795004 1429076 AriaExecutor.h:94] AriaExecutor 22 started. 
I0313 12:02:25.795130 1429077 AriaExecutor.h:94] AriaExecutor 23 started. 
I0313 12:02:25.795258 1429078 AriaExecutor.h:94] AriaExecutor 24 started. 
I0313 12:02:25.795312 1429079 AriaExecutor.h:94] AriaExecutor 25 started. 
I0313 12:02:25.795401 1429080 AriaExecutor.h:94] AriaExecutor 26 started. 
I0313 12:02:25.795467 1429081 AriaExecutor.h:94] AriaExecutor 27 started. 
I0313 12:02:25.795557 1429082 AriaExecutor.h:94] AriaExecutor 28 started. 
I0313 12:02:25.795678 1429083 AriaExecutor.h:94] AriaExecutor 29 started. 
I0313 12:02:25.795784 1429084 AriaExecutor.h:94] AriaExecutor 30 started. 
I0313 12:02:25.795929 1429085 AriaExecutor.h:94] AriaExecutor 31 started. 
I0313 12:02:25.795986 1429086 AriaExecutor.h:94] AriaExecutor 32 started. 
I0313 12:02:25.796085 1429087 AriaExecutor.h:94] AriaExecutor 33 started. 
I0313 12:02:25.796200 1429088 AriaExecutor.h:94] AriaExecutor 34 started. 
I0313 12:02:25.796214 1429089 AriaExecutor.h:94] AriaExecutor 35 started. 
I0313 12:02:25.796343 1429090 AriaExecutor.h:94] AriaExecutor 36 started. 
I0313 12:02:25.796392 1429091 AriaExecutor.h:94] AriaExecutor 37 started. 
I0313 12:02:25.796479 1429092 AriaExecutor.h:94] AriaExecutor 38 started. 
I0313 12:02:25.796597 1429093 AriaExecutor.h:94] AriaExecutor 39 started. 
I0313 12:02:25.796713 1429094 AriaExecutor.h:94] AriaExecutor 40 started. 
I0313 12:02:25.796833 1429095 AriaExecutor.h:94] AriaExecutor 41 started. 
I0313 12:02:25.796923 1429096 AriaExecutor.h:94] AriaExecutor 42 started. 
I0313 12:02:25.797209 1429097 AriaExecutor.h:94] AriaExecutor 43 started. 
I0313 12:02:25.797406 1429098 AriaExecutor.h:94] AriaExecutor 44 started. 
I0313 12:02:25.797787 1429099 AriaExecutor.h:94] AriaExecutor 45 started. 
I0313 12:02:25.797971 1429100 AriaExecutor.h:94] AriaExecutor 46 started. 
I0313 12:02:25.798162 1429101 AriaExecutor.h:94] AriaExecutor 47 started. 
I0313 12:02:25.798379 1429102 Manager.h:224] Manager(worker id = 48) on the coordinator node started.
I0313 12:02:26.798460 1429002 Coordinator.h:126] commit: 64971 abort: 167029 (0/167029/0), network size: 0, avg network size: 0, si_in_serializable: 0 0 %, local: 0 %
I0313 12:02:27.798642 1429002 Coordinator.h:126] commit: 66182 abort: 169818 (0/169818/0), network size: 0, avg network size: 0, si_in_serializable: 0 0 %, local: 0 %
I0313 12:02:28.798789 1429002 Coordinator.h:126] commit: 66155 abort: 169845 (0/169845/0), network size: 0, avg network size: 0, si_in_serializable: 0 0 %, local: 0 %
I0313 12:02:29.799062 1429002 Coordinator.h:126] commit: 65794 abort: 169206 (0/169206/0), network size: 0, avg network size: 0, si_in_serializable: 0 0 %, local: 0 %
I0313 12:02:30.799248 1429002 Coordinator.h:126] commit: 66156 abort: 169844 (0/169844/0), network size: 0, avg network size: 0, si_in_serializable: 0 0 %, local: 0 %
I0313 12:02:31.799396 1429002 Coordinator.h:126] commit: 66586 abort: 171414 (0/171414/0), network size: 0, avg network size: 0, si_in_serializable: 0 0 %, local: 0 %
I0313 12:02:32.799552 1429002 Coordinator.h:126] commit: 66012 abort: 169988 (0/169988/0), network size: 0, avg network size: 0, si_in_serializable: 0 0 %, local: 0 %
I0313 12:02:33.799705 1429002 Coordinator.h:126] commit: 66386 abort: 170614 (0/170614/0), network size: 0, avg network size: 0, si_in_serializable: 0 0 %, local: 0 %
I0313 12:02:34.799852 1429002 Coordinator.h:126] commit: 66107 abort: 169893 (0/169893/0), network size: 0, avg network size: 0, si_in_serializable: 0 0 %, local: 0 %
I0313 12:02:35.800068 1429002 Coordinator.h:126] commit: 65654 abort: 168346 (0/168346/0), network size: 0, avg network size: 0, si_in_serializable: 0 0 %, local: 0 %
I0313 12:02:36.800280 1429002 Coordinator.h:126] commit: 66753 abort: 171247 (0/171247/0), network size: 0, avg network size: 0, si_in_serializable: 0 0 %, local: 0 %
I0313 12:02:37.800429 1429002 Coordinator.h:126] commit: 66350 abort: 170650 (0/170650/0), network size: 0, avg network size: 0, si_in_serializable: 0 0 %, local: 0 %
I0313 12:02:38.800577 1429002 Coordinator.h:126] commit: 66147 abort: 170853 (0/170853/0), network size: 0, avg network size: 0, si_in_serializable: 0 0 %, local: 0 %
I0313 12:02:39.800724 1429002 Coordinator.h:126] commit: 66082 abort: 169918 (0/169918/0), network size: 0, avg network size: 0, si_in_serializable: 0 0 %, local: 0 %
I0313 12:02:40.800865 1429002 Coordinator.h:126] commit: 66242 abort: 170758 (0/170758/0), network size: 0, avg network size: 0, si_in_serializable: 0 0 %, local: 0 %
I0313 12:02:41.801012 1429002 Coordinator.h:126] commit: 66483 abort: 170517 (0/170517/0), network size: 0, avg network size: 0, si_in_serializable: 0 0 %, local: 0 %
I0313 12:02:42.801156 1429002 Coordinator.h:126] commit: 65962 abort: 170038 (0/170038/0), network size: 0, avg network size: 0, si_in_serializable: 0 0 %, local: 0 %
I0313 12:02:43.801297 1429002 Coordinator.h:126] commit: 66098 abort: 169902 (0/169902/0), network size: 0, avg network size: 0, si_in_serializable: 0 0 %, local: 0 %
I0313 12:02:44.801440 1429002 Coordinator.h:126] commit: 66364 abort: 170636 (0/170636/0), network size: 0, avg network size: 0, si_in_serializable: 0 0 %, local: 0 %
I0313 12:02:45.801591 1429002 Coordinator.h:126] commit: 66331 abort: 170669 (0/170669/0), network size: 0, avg network size: 0, si_in_serializable: 0 0 %, local: 0 %
I0313 12:02:46.801731 1429002 Coordinator.h:126] commit: 66193 abort: 170807 (0/170807/0), network size: 0, avg network size: 0, si_in_serializable: 0 0 %, local: 0 %
I0313 12:02:47.801913 1429002 Coordinator.h:126] commit: 66073 abort: 169927 (0/169927/0), network size: 0, avg network size: 0, si_in_serializable: 0 0 %, local: 0 %
I0313 12:02:48.802080 1429002 Coordinator.h:126] commit: 66338 abort: 169662 (0/169662/0), network size: 0, avg network size: 0, si_in_serializable: 0 0 %, local: 0 %
I0313 12:02:49.802237 1429002 Coordinator.h:126] commit: 66554 abort: 170446 (0/170446/0), network size: 0, avg network size: 0, si_in_serializable: 0 0 %, local: 0 %
I0313 12:02:50.802377 1429002 Coordinator.h:126] commit: 66891 abort: 170109 (0/170109/0), network size: 0, avg network size: 0, si_in_serializable: 0 0 %, local: 0 %
I0313 12:02:50.802431 1429002 Coordinator.h:152] average commit: 66281.2 abort: 170519 (0/170519/0), network size: 0, avg network size: 0, si_in_serializable: 0 0 %, local: 0 %
I0313 12:02:50.802445 1429002 AriaExecutor.h:646] Worker 0 latency: 3892 us (50%) 4047 us (75%) 4180 us (95%) 4260 us (99%).
I0313 12:02:50.805639 1429101 AriaExecutor.h:106] AriaExecutor 47 exits. 
I0313 12:02:50.805642 1429059 AriaExecutor.h:106] AriaExecutor 5 exits. 
I0313 12:02:50.805657 1429080 AriaExecutor.h:106] AriaExecutor 26 exits. 
I0313 12:02:50.805640 1429066 AriaExecutor.h:106] AriaExecutor 12 exits. 
I0313 12:02:50.805666 1429093 AriaExecutor.h:106] AriaExecutor 39 exits. 
I0313 12:02:50.805644 1429085 AriaExecutor.h:106] AriaExecutor 31 exits. 
I0313 12:02:50.805641 1429056 AriaExecutor.h:106] AriaExecutor 2 exits. 
I0313 12:02:50.805641 1429087 AriaExecutor.h:106] AriaExecutor 33 exits. 
I0313 12:02:50.805650 1429081 AriaExecutor.h:106] AriaExecutor 27 exits. 
I0313 12:02:50.805646 1429078 AriaExecutor.h:106] AriaExecutor 24 exits. 
I0313 12:02:50.805665 1429063 AriaExecutor.h:106] AriaExecutor 9 exits. 
I0313 12:02:50.805666 1429060 AriaExecutor.h:106] AriaExecutor 6 exits. 
I0313 12:02:50.805675 1429102 Manager.h:227] Manager(worker id = 48) on the coordinator node exits.
I0313 12:02:50.805640 1429064 AriaExecutor.h:106] AriaExecutor 10 exits. 
I0313 12:02:50.805713 1429079 AriaExecutor.h:106] AriaExecutor 25 exits. 
I0313 12:02:50.805641 1429096 AriaExecutor.h:106] AriaExecutor 42 exits. 
I0313 12:02:50.805642 1429089 AriaExecutor.h:106] AriaExecutor 35 exits. 
I0313 12:02:50.805641 1429055 AriaExecutor.h:106] AriaExecutor 1 exits. 
I0313 12:02:50.805641 1429086 AriaExecutor.h:106] AriaExecutor 32 exits. 
I0313 12:02:50.805647 1429084 AriaExecutor.h:106] AriaExecutor 30 exits. 
I0313 12:02:50.805644 1429088 AriaExecutor.h:106] AriaExecutor 34 exits. 
I0313 12:02:50.805646 1429094 AriaExecutor.h:106] AriaExecutor 40 exits. 
I0313 12:02:50.805650 1429082 AriaExecutor.h:106] AriaExecutor 28 exits. 
I0313 12:02:50.805642 1429072 AriaExecutor.h:106] AriaExecutor 18 exits. 
I0313 12:02:50.805653 1429076 AriaExecutor.h:106] AriaExecutor 22 exits. 
I0313 12:02:50.805656 1429068 AriaExecutor.h:106] AriaExecutor 14 exits. 
I0313 12:02:50.805663 1429097 AriaExecutor.h:106] AriaExecutor 43 exits. 
I0313 12:02:50.805665 1429058 AriaExecutor.h:106] AriaExecutor 4 exits. 
I0313 12:02:50.805644 1429062 AriaExecutor.h:106] AriaExecutor 8 exits. 
I0313 12:02:50.805640 1429057 AriaExecutor.h:106] AriaExecutor 3 exits. 
I0313 12:02:50.805665 1429099 AriaExecutor.h:106] AriaExecutor 45 exits. 
I0313 12:02:50.805647 1429083 AriaExecutor.h:106] AriaExecutor 29 exits. 
I0313 12:02:50.805640 1429092 AriaExecutor.h:106] AriaExecutor 38 exits. 
I0313 12:02:50.805665 1429098 AriaExecutor.h:106] AriaExecutor 44 exits. 
I0313 12:02:50.805640 1429054 AriaExecutor.h:106] AriaExecutor 0 exits. 
I0313 12:02:50.805642 1429091 AriaExecutor.h:106] AriaExecutor 37 exits. 
I0313 12:02:50.805645 1429077 AriaExecutor.h:106] AriaExecutor 23 exits. 
I0313 12:02:50.805651 1429071 AriaExecutor.h:106] AriaExecutor 17 exits. 
I0313 12:02:50.805651 1429074 AriaExecutor.h:106] AriaExecutor 20 exits. 
I0313 12:02:50.805712 1429069 AriaExecutor.h:106] AriaExecutor 15 exits. 
I0313 12:02:50.805639 1429100 AriaExecutor.h:106] AriaExecutor 46 exits. 
I0313 12:02:50.805711 1429075 AriaExecutor.h:106] AriaExecutor 21 exits. 
I0313 12:02:50.805644 1429073 AriaExecutor.h:106] AriaExecutor 19 exits. 
I0313 12:02:50.805642 1429067 AriaExecutor.h:106] AriaExecutor 13 exits. 
I0313 12:02:50.805646 1429070 AriaExecutor.h:106] AriaExecutor 16 exits. 
I0313 12:02:50.805640 1429065 AriaExecutor.h:106] AriaExecutor 11 exits. 
I0313 12:02:50.805649 1429090 AriaExecutor.h:106] AriaExecutor 36 exits. 
I0313 12:02:50.805640 1429061 AriaExecutor.h:106] AriaExecutor 7 exits. 
I0313 12:02:50.805642 1429095 AriaExecutor.h:106] AriaExecutor 41 exits. 
I0313 12:02:50.806612 1429002 AriaExecutor.h:646] Worker 1 latency: 3897 us (50%) 4047 us (75%) 4181 us (95%) 4261 us (99%).
I0313 12:02:50.808604 1429002 AriaExecutor.h:646] Worker 2 latency: 3893 us (50%) 4046 us (75%) 4181 us (95%) 4260 us (99%).
I0313 12:02:50.810492 1429002 AriaExecutor.h:646] Worker 3 latency: 3894 us (50%) 4047 us (75%) 4180 us (95%) 4260 us (99%).
I0313 12:02:50.812361 1429002 AriaExecutor.h:646] Worker 4 latency: 3891 us (50%) 4046 us (75%) 4181 us (95%) 4261 us (99%).
I0313 12:02:50.814260 1429002 AriaExecutor.h:646] Worker 5 latency: 3891 us (50%) 4045 us (75%) 4181 us (95%) 4260 us (99%).
I0313 12:02:50.816144 1429002 AriaExecutor.h:646] Worker 6 latency: 3893 us (50%) 4047 us (75%) 4180 us (95%) 4259 us (99%).
I0313 12:02:50.818068 1429002 AriaExecutor.h:646] Worker 7 latency: 3893 us (50%) 4046 us (75%) 4181 us (95%) 4260 us (99%).
I0313 12:02:50.819945 1429002 AriaExecutor.h:646] Worker 8 latency: 3895 us (50%) 4046 us (75%) 4181 us (95%) 4259 us (99%).
I0313 12:02:50.821805 1429002 AriaExecutor.h:646] Worker 9 latency: 3892 us (50%) 4046 us (75%) 4181 us (95%) 4259 us (99%).
I0313 12:02:50.823662 1429002 AriaExecutor.h:646] Worker 10 latency: 3894 us (50%) 4047 us (75%) 4181 us (95%) 4260 us (99%).
I0313 12:02:50.825528 1429002 AriaExecutor.h:646] Worker 11 latency: 3893 us (50%) 4047 us (75%) 4181 us (95%) 4262 us (99%).
I0313 12:02:50.827386 1429002 AriaExecutor.h:646] Worker 12 latency: 3891 us (50%) 4046 us (75%) 4180 us (95%) 4261 us (99%).
I0313 12:02:50.829219 1429002 AriaExecutor.h:646] Worker 13 latency: 3889 us (50%) 4045 us (75%) 4180 us (95%) 4259 us (99%).
I0313 12:02:50.831059 1429002 AriaExecutor.h:646] Worker 14 latency: 3899 us (50%) 4050 us (75%) 4184 us (95%) 4261 us (99%).
I0313 12:02:50.832890 1429002 AriaExecutor.h:646] Worker 15 latency: 3898 us (50%) 4050 us (75%) 4184 us (95%) 4264 us (99%).
I0313 12:02:50.834703 1429002 AriaExecutor.h:646] Worker 16 latency: 3802 us (50%) 4029 us (75%) 4192 us (95%) 4275 us (99%).
I0313 12:02:50.836578 1429002 AriaExecutor.h:646] Worker 17 latency: 3912 us (50%) 4056 us (75%) 4184 us (95%) 4264 us (99%).
I0313 12:02:50.838354 1429002 AriaExecutor.h:646] Worker 18 latency: 3911 us (50%) 4056 us (75%) 4185 us (95%) 4266 us (99%).
I0313 12:02:50.840144 1429002 AriaExecutor.h:646] Worker 19 latency: 3912 us (50%) 4056 us (75%) 4185 us (95%) 4263 us (99%).
I0313 12:02:50.841943 1429002 AriaExecutor.h:646] Worker 20 latency: 3911 us (50%) 4056 us (75%) 4186 us (95%) 4265 us (99%).
I0313 12:02:50.843722 1429002 AriaExecutor.h:646] Worker 21 latency: 3911 us (50%) 4056 us (75%) 4185 us (95%) 4262 us (99%).
I0313 12:02:50.845489 1429002 AriaExecutor.h:646] Worker 22 latency: 3913 us (50%) 4055 us (75%) 4185 us (95%) 4263 us (99%).
I0313 12:02:50.847234 1429002 AriaExecutor.h:646] Worker 23 latency: 3911 us (50%) 4055 us (75%) 4183 us (95%) 4264 us (99%).
I0313 12:02:50.849011 1429002 AriaExecutor.h:646] Worker 24 latency: 3912 us (50%) 4055 us (75%) 4185 us (95%) 4263 us (99%).
I0313 12:02:50.850780 1429002 AriaExecutor.h:646] Worker 25 latency: 3911 us (50%) 4055 us (75%) 4184 us (95%) 4265 us (99%).
I0313 12:02:50.852519 1429002 AriaExecutor.h:646] Worker 26 latency: 3912 us (50%) 4056 us (75%) 4185 us (95%) 4263 us (99%).
I0313 12:02:50.854259 1429002 AriaExecutor.h:646] Worker 27 latency: 3911 us (50%) 4055 us (75%) 4184 us (95%) 4264 us (99%).
I0313 12:02:50.855975 1429002 AriaExecutor.h:646] Worker 28 latency: 3910 us (50%) 4054 us (75%) 4184 us (95%) 4263 us (99%).
I0313 12:02:50.857729 1429002 AriaExecutor.h:646] Worker 29 latency: 3907 us (50%) 4053 us (75%) 4184 us (95%) 4260 us (99%).
I0313 12:02:50.859474 1429002 AriaExecutor.h:646] Worker 30 latency: 3905 us (50%) 4053 us (75%) 4182 us (95%) 4260 us (99%).
I0313 12:02:50.861184 1429002 AriaExecutor.h:646] Worker 31 latency: 3905 us (50%) 4052 us (75%) 4182 us (95%) 4260 us (99%).
I0313 12:02:50.862924 1429002 AriaExecutor.h:646] Worker 32 latency: 3890 us (50%) 4045 us (75%) 4179 us (95%) 4259 us (99%).
I0313 12:02:50.864672 1429002 AriaExecutor.h:646] Worker 33 latency: 3892 us (50%) 4047 us (75%) 4181 us (95%) 4260 us (99%).
I0313 12:02:50.866430 1429002 AriaExecutor.h:646] Worker 34 latency: 3891 us (50%) 4046 us (75%) 4180 us (95%) 4256 us (99%).
I0313 12:02:50.868129 1429002 AriaExecutor.h:646] Worker 35 latency: 3889 us (50%) 4046 us (75%) 4180 us (95%) 4258 us (99%).
I0313 12:02:50.869833 1429002 AriaExecutor.h:646] Worker 36 latency: 3888 us (50%) 4045 us (75%) 4180 us (95%) 4261 us (99%).
I0313 12:02:50.871541 1429002 AriaExecutor.h:646] Worker 37 latency: 3890 us (50%) 4044 us (75%) 4181 us (95%) 4260 us (99%).
I0313 12:02:50.873224 1429002 AriaExecutor.h:646] Worker 38 latency: 3891 us (50%) 4047 us (75%) 4180 us (95%) 4259 us (99%).
I0313 12:02:50.875131 1429002 AriaExecutor.h:646] Worker 39 latency: 3893 us (50%) 4047 us (75%) 4181 us (95%) 4260 us (99%).
I0313 12:02:50.877024 1429002 AriaExecutor.h:646] Worker 40 latency: 3894 us (50%) 4048 us (75%) 4180 us (95%) 4258 us (99%).
I0313 12:02:50.878862 1429002 AriaExecutor.h:646] Worker 41 latency: 3893 us (50%) 4046 us (75%) 4180 us (95%) 4261 us (99%).
I0313 12:02:50.880694 1429002 AriaExecutor.h:646] Worker 42 latency: 3896 us (50%) 4047 us (75%) 4179 us (95%) 4257 us (99%).
I0313 12:02:50.882558 1429002 AriaExecutor.h:646] Worker 43 latency: 3889 us (50%) 4045 us (75%) 4179 us (95%) 4258 us (99%).
I0313 12:02:50.884389 1429002 AriaExecutor.h:646] Worker 44 latency: 3891 us (50%) 4047 us (75%) 4180 us (95%) 4259 us (99%).
I0313 12:02:50.886234 1429002 AriaExecutor.h:646] Worker 45 latency: 3891 us (50%) 4046 us (75%) 4179 us (95%) 4259 us (99%).
I0313 12:02:50.888092 1429002 AriaExecutor.h:646] Worker 46 latency: 3893 us (50%) 4048 us (75%) 4182 us (95%) 4259 us (99%).
I0313 12:02:50.889796 1429002 AriaExecutor.h:646] Worker 47 latency: 3896 us (50%) 4050 us (75%) 4183 us (95%) 4262 us (99%).
I0313 12:02:50.891481 1429002 Coordinator.h:177] total commit: 66281.2
I0313 12:02:51.891702 1429002 Coordinator.h:192] Coordinator exits.
