I0313 11:53:53.179270 1424326 Database.h:65] ycsb initialization finished in 100 milliseconds.
I0313 11:53:53.179481 1424326 Coordinator.h:30] Coordinator initializes 48 workers.
I0313 11:53:53.286975 1424326 Coordinator.h:77] Coordinator starts to run 49 workers.
I0313 11:53:53.287063 1424384 AriaExecutor.h:91] AriaExecutor 0 started. 
I0313 11:53:53.287096 1424385 AriaExecutor.h:91] AriaExecutor 1 started. 
I0313 11:53:53.287185 1424386 AriaExecutor.h:91] AriaExecutor 2 started. 
I0313 11:53:53.287266 1424387 AriaExecutor.h:91] AriaExecutor 3 started. 
I0313 11:53:53.287349 1424388 AriaExecutor.h:91] AriaExecutor 4 started. 
I0313 11:53:53.287460 1424389 AriaExecutor.h:91] AriaExecutor 5 started. 
I0313 11:53:53.287560 1424390 AriaExecutor.h:91] AriaExecutor 6 started. 
I0313 11:53:53.287654 1424391 AriaExecutor.h:91] AriaExecutor 7 started. 
I0313 11:53:53.287750 1424392 AriaExecutor.h:91] AriaExecutor 8 started. 
I0313 11:53:53.287842 1424393 AriaExecutor.h:91] AriaExecutor 9 started. 
I0313 11:53:53.287930 1424394 AriaExecutor.h:91] AriaExecutor 10 started. 
I0313 11:53:53.288044 1424395 AriaExecutor.h:91] AriaExecutor 11 started. 
I0313 11:53:53.288163 1424396 AriaExecutor.h:91] AriaExecutor 12 started. 
I0313 11:53:53.288295 1424397 AriaExecutor.h:91] AriaExecutor 13 started. 
I0313 11:53:53.288410 1424398 AriaExecutor.h:91] AriaExecutor 14 started. 
I0313 11:53:53.288548 1424399 AriaExecutor.h:91] AriaExecutor 15 started. 
I0313 11:53:53.288671 1424400 AriaExecutor.h:91] AriaExecutor 16 started. 
I0313 11:53:53.288791 1424401 AriaExecutor.h:91] AriaExecutor 17 started. 
I0313 11:53:53.288913 1424402 AriaExecutor.h:91] AriaExecutor 18 started. 
I0313 11:53:53.289034 1424403 AriaExecutor.h:91] AriaExecutor 19 started. 
I0313 11:53:53.289155 1424404 AriaExecutor.h:91] AriaExecutor 20 started. 
I0313 11:53:53.289283 1424405 AriaExecutor.h:91] AriaExecutor 21 started. 
I0313 11:53:53.289407 1424406 AriaExecutor.h:91] AriaExecutor 22 started. 
I0313 11:53:53.289526 1424407 AriaExecutor.h:91] AriaExecutor 23 started. 
I0313 11:53:53.289640 1424408 AriaExecutor.h:91] AriaExecutor 24 started. 
I0313 11:53:53.289746 1424409 AriaExecutor.h:91] AriaExecutor 25 started. 
I0313 11:53:53.289873 1424410 AriaExecutor.h:91] AriaExecutor 26 started. 
I0313 11:53:53.290434 1424411 AriaExecutor.h:91] AriaExecutor 27 started. 
I0313 11:53:53.290565 1424412 AriaExecutor.h:91] AriaExecutor 28 started. 
I0313 11:53:53.290714 1424413 AriaExecutor.h:91] AriaExecutor 29 started. 
I0313 11:53:53.290822 1424414 AriaExecutor.h:91] AriaExecutor 30 started. 
I0313 11:53:53.290961 1424415 AriaExecutor.h:91] AriaExecutor 31 started. 
I0313 11:53:53.291096 1424416 AriaExecutor.h:91] AriaExecutor 32 started. 
I0313 11:53:53.291126 1424417 AriaExecutor.h:91] AriaExecutor 33 started. 
I0313 11:53:53.291244 1424418 AriaExecutor.h:91] AriaExecutor 34 started. 
I0313 11:53:53.291373 1424419 AriaExecutor.h:91] AriaExecutor 35 started. 
I0313 11:53:53.291496 1424420 AriaExecutor.h:91] AriaExecutor 36 started. 
I0313 11:53:53.291616 1424421 AriaExecutor.h:91] AriaExecutor 37 started. 
I0313 11:53:53.291739 1424422 AriaExecutor.h:91] AriaExecutor 38 started. 
I0313 11:53:53.292003 1424423 AriaExecutor.h:91] AriaExecutor 39 started. 
I0313 11:53:53.292111 1424424 AriaExecutor.h:91] AriaExecutor 40 started. 
I0313 11:53:53.292230 1424425 AriaExecutor.h:91] AriaExecutor 41 started. 
I0313 11:53:53.292346 1424426 AriaExecutor.h:91] AriaExecutor 42 started. 
I0313 11:53:53.292608 1424427 AriaExecutor.h:91] AriaExecutor 43 started. 
I0313 11:53:53.292796 1424428 AriaExecutor.h:91] AriaExecutor 44 started. 
I0313 11:53:53.292989 1424429 AriaExecutor.h:91] AriaExecutor 45 started. 
I0313 11:53:53.293170 1424430 AriaExecutor.h:91] AriaExecutor 46 started. 
I0313 11:53:53.293354 1424431 AriaExecutor.h:91] AriaExecutor 47 started. 
I0313 11:53:53.293536 1424432 Manager.h:224] Manager(worker id = 48) on the coordinator node started.
I0313 11:53:54.293625 1424326 Coordinator.h:126] commit: 7301 abort: 236699 (0/236699/0), network size: 0, avg network size: 0, si_in_serializable: 0 0 %, local: 0 %
I0313 11:53:55.293792 1424326 Coordinator.h:126] commit: 7317 abort: 240683 (0/240683/0), network size: 0, avg network size: 0, si_in_serializable: 0 0 %, local: 0 %
I0313 11:53:56.293942 1424326 Coordinator.h:126] commit: 7168 abort: 236832 (0/236832/0), network size: 0, avg network size: 0, si_in_serializable: 0 0 %, local: 0 %
I0313 11:53:57.294219 1424326 Coordinator.h:126] commit: 7303 abort: 244697 (0/244697/0), network size: 0, avg network size: 0, si_in_serializable: 0 0 %, local: 0 %
I0313 11:53:58.294425 1424326 Coordinator.h:126] commit: 7544 abort: 248456 (0/248456/0), network size: 0, avg network size: 0, si_in_serializable: 0 0 %, local: 0 %
I0313 11:53:59.294574 1424326 Coordinator.h:126] commit: 7539 abort: 244461 (0/244461/0), network size: 0, avg network size: 0, si_in_serializable: 0 0 %, local: 0 %
I0313 11:54:00.294725 1424326 Coordinator.h:126] commit: 7533 abort: 248467 (0/248467/0), network size: 0, avg network size: 0, si_in_serializable: 0 0 %, local: 0 %
I0313 11:54:01.294871 1424326 Coordinator.h:126] commit: 7393 abort: 244607 (0/244607/0), network size: 0, avg network size: 0, si_in_serializable: 0 0 %, local: 0 %
I0313 11:54:02.295032 1424326 Coordinator.h:126] commit: 7634 abort: 248366 (0/248366/0), network size: 0, avg network size: 0, si_in_serializable: 0 0 %, local: 0 %
I0313 11:54:03.295202 1424326 Coordinator.h:126] commit: 7422 abort: 244578 (0/244578/0), network size: 0, avg network size: 0, si_in_serializable: 0 0 %, local: 0 %
I0313 11:54:04.295359 1424326 Coordinator.h:126] commit: 7695 abort: 248305 (0/248305/0), network size: 0, avg network size: 0, si_in_serializable: 0 0 %, local: 0 %
I0313 11:54:05.295562 1424326 Coordinator.h:126] commit: 7421 abort: 244579 (0/244579/0), network size: 0, avg network size: 0, si_in_serializable: 0 0 %, local: 0 %
I0313 11:54:06.295722 1424326 Coordinator.h:126] commit: 7479 abort: 248521 (0/248521/0), network size: 0, avg network size: 0, si_in_serializable: 0 0 %, local: 0 %
I0313 11:54:07.295866 1424326 Coordinator.h:126] commit: 7577 abort: 248423 (0/248423/0), network size: 0, avg network size: 0, si_in_serializable: 0 0 %, local: 0 %
I0313 11:54:08.296027 1424326 Coordinator.h:126] commit: 7660 abort: 252340 (0/252340/0), network size: 0, avg network size: 0, si_in_serializable: 0 0 %, local: 0 %
I0313 11:54:09.296180 1424326 Coordinator.h:126] commit: 7585 abort: 248415 (0/248415/0), network size: 0, avg network size: 0, si_in_serializable: 0 0 %, local: 0 %
I0313 11:54:10.296335 1424326 Coordinator.h:126] commit: 7438 abort: 248562 (0/248562/0), network size: 0, avg network size: 0, si_in_serializable: 0 0 %, local: 0 %
I0313 11:54:11.296489 1424326 Coordinator.h:126] commit: 7625 abort: 252375 (0/252375/0), network size: 0, avg network size: 0, si_in_serializable: 0 0 %, local: 0 %
I0313 11:54:12.296641 1424326 Coordinator.h:126] commit: 7561 abort: 248439 (0/248439/0), network size: 0, avg network size: 0, si_in_serializable: 0 0 %, local: 0 %
I0313 11:54:13.296798 1424326 Coordinator.h:126] commit: 7548 abort: 248452 (0/248452/0), network size: 0, avg network size: 0, si_in_serializable: 0 0 %, local: 0 %
I0313 11:54:14.296945 1424326 Coordinator.h:126] commit: 7439 abort: 248561 (0/248561/0), network size: 0, avg network size: 0, si_in_serializable: 0 0 %, local: 0 %
I0313 11:54:15.297099 1424326 Coordinator.h:126] commit: 7597 abort: 252403 (0/252403/0), network size: 0, avg network size: 0, si_in_serializable: 0 0 %, local: 0 %
I0313 11:54:16.297255 1424326 Coordinator.h:126] commit: 7585 abort: 248415 (0/248415/0), network size: 0, avg network size: 0, si_in_serializable: 0 0 %, local: 0 %
I0313 11:54:17.297407 1424326 Coordinator.h:126] commit: 7575 abort: 248425 (0/248425/0), network size: 0, avg network size: 0, si_in_serializable: 0 0 %, local: 0 %
I0313 11:54:18.297567 1424326 Coordinator.h:126] commit: 7462 abort: 248538 (0/248538/0), network size: 0, avg network size: 0, si_in_serializable: 0 0 %, local: 0 %
I0313 11:54:18.297641 1424326 Coordinator.h:152] average commit: 7558.9 abort: 248841 (0/248841/0), network size: 0, avg network size: 0, si_in_serializable: 0 0 %, local: 0 %
I0313 11:54:18.297657 1424326 AriaExecutor.h:649] Worker 0 latency: 15337 us (50%) 15527 us (75%) 15883 us (95%) 16376 us (99%).
I0313 11:54:18.320834 1424411 AriaExecutor.h:103] AriaExecutor 27 exits. 
I0313 11:54:18.320825 1424416 AriaExecutor.h:103] AriaExecutor 32 exits. 
I0313 11:54:18.320824 1424429 AriaExecutor.h:103] AriaExecutor 45 exits. 
I0313 11:54:18.320837 1424405 AriaExecutor.h:103] AriaExecutor 21 exits. 
I0313 11:54:18.320827 1424419 AriaExecutor.h:103] AriaExecutor 35 exits. 
I0313 11:54:18.320828 1424390 AriaExecutor.h:103] AriaExecutor 6 exits. 
I0313 11:54:18.320827 1424388 AriaExecutor.h:103] AriaExecutor 4 exits. 
I0313 11:54:18.320827 1424386 AriaExecutor.h:103] AriaExecutor 2 exits. 
I0313 11:54:18.320830 1424428 AriaExecutor.h:103] AriaExecutor 44 exits. 
I0313 11:54:18.320824 1424397 AriaExecutor.h:103] AriaExecutor 13 exits. 
I0313 11:54:18.320806 1424424 AriaExecutor.h:103] AriaExecutor 40 exits. 
I0313 11:54:18.320833 1424410 AriaExecutor.h:103] AriaExecutor 26 exits. 
I0313 11:54:18.320812 1424420 AriaExecutor.h:103] AriaExecutor 36 exits. 
I0313 11:54:18.320833 1424409 AriaExecutor.h:103] AriaExecutor 25 exits. 
I0313 11:54:18.320806 1424426 AriaExecutor.h:103] AriaExecutor 42 exits. 
I0313 11:54:18.320808 1424431 AriaExecutor.h:103] AriaExecutor 47 exits. 
I0313 11:54:18.320834 1424399 AriaExecutor.h:103] AriaExecutor 15 exits. 
I0313 11:54:18.320827 1424427 AriaExecutor.h:103] AriaExecutor 43 exits. 
I0313 11:54:18.320807 1424394 AriaExecutor.h:103] AriaExecutor 10 exits. 
I0313 11:54:18.320825 1424387 AriaExecutor.h:103] AriaExecutor 3 exits. 
I0313 11:54:18.320807 1424425 AriaExecutor.h:103] AriaExecutor 41 exits. 
I0313 11:54:18.320806 1424392 AriaExecutor.h:103] AriaExecutor 8 exits. 
I0313 11:54:18.320829 1424418 AriaExecutor.h:103] AriaExecutor 34 exits. 
I0313 11:54:18.320793 1424408 AriaExecutor.h:103] AriaExecutor 24 exits. 
I0313 11:54:18.320837 1424402 AriaExecutor.h:103] AriaExecutor 18 exits. 
I0313 11:54:18.320835 1424403 AriaExecutor.h:103] AriaExecutor 19 exits. 
I0313 11:54:18.320837 1424401 AriaExecutor.h:103] AriaExecutor 17 exits. 
I0313 11:54:18.320833 1424413 AriaExecutor.h:103] AriaExecutor 29 exits. 
I0313 11:54:18.320806 1424389 AriaExecutor.h:103] AriaExecutor 5 exits. 
I0313 11:54:18.320811 1424422 AriaExecutor.h:103] AriaExecutor 38 exits. 
I0313 11:54:18.320822 1424414 AriaExecutor.h:103] AriaExecutor 30 exits. 
I0313 11:54:18.320837 1424407 AriaExecutor.h:103] AriaExecutor 23 exits. 
I0313 11:54:18.320811 1424423 AriaExecutor.h:103] AriaExecutor 39 exits. 
I0313 11:54:18.320817 1424384 AriaExecutor.h:103] AriaExecutor 0 exits. 
I0313 11:54:18.320837 1424412 AriaExecutor.h:103] AriaExecutor 28 exits. 
I0313 11:54:18.320811 1424393 AriaExecutor.h:103] AriaExecutor 9 exits. 
I0313 11:54:18.320834 1424400 AriaExecutor.h:103] AriaExecutor 16 exits. 
I0313 11:54:18.320823 1424398 AriaExecutor.h:103] AriaExecutor 14 exits. 
I0313 11:54:18.320823 1424415 AriaExecutor.h:103] AriaExecutor 31 exits. 
I0313 11:54:18.320815 1424396 AriaExecutor.h:103] AriaExecutor 12 exits. 
I0313 11:54:18.320815 1424395 AriaExecutor.h:103] AriaExecutor 11 exits. 
I0313 11:54:18.320806 1424385 AriaExecutor.h:103] AriaExecutor 1 exits. 
I0313 11:54:18.320822 1424417 AriaExecutor.h:103] AriaExecutor 33 exits. 
I0313 11:54:18.320837 1424406 AriaExecutor.h:103] AriaExecutor 22 exits. 
I0313 11:54:18.320815 1424391 AriaExecutor.h:103] AriaExecutor 7 exits. 
I0313 11:54:18.320811 1424432 Manager.h:227] Manager(worker id = 48) on the coordinator node exits.
I0313 11:54:18.320811 1424430 AriaExecutor.h:103] AriaExecutor 46 exits. 
I0313 11:54:18.320811 1424421 AriaExecutor.h:103] AriaExecutor 37 exits. 
I0313 11:54:18.320793 1424404 AriaExecutor.h:103] AriaExecutor 20 exits. 
I0313 11:54:18.321455 1424326 AriaExecutor.h:649] Worker 1 latency: 15343 us (50%) 15533 us (75%) 15879 us (95%) 16260 us (99%).
I0313 11:54:18.321770 1424326 AriaExecutor.h:649] Worker 2 latency: 15343 us (50%) 15531 us (75%) 15880 us (95%) 16274 us (99%).
I0313 11:54:18.322046 1424326 AriaExecutor.h:649] Worker 3 latency: 15333 us (50%) 15521 us (75%) 15848 us (95%) 16216 us (99%).
I0313 11:54:18.322319 1424326 AriaExecutor.h:649] Worker 4 latency: 15339 us (50%) 15528 us (75%) 15872 us (95%) 16252 us (99%).
I0313 11:54:18.322613 1424326 AriaExecutor.h:649] Worker 5 latency: 15336 us (50%) 15527 us (75%) 15856 us (95%) 16287 us (99%).
I0313 11:54:18.322890 1424326 AriaExecutor.h:649] Worker 6 latency: 15340 us (50%) 15531 us (75%) 15881 us (95%) 16288 us (99%).
I0313 11:54:18.323185 1424326 AriaExecutor.h:649] Worker 7 latency: 15333 us (50%) 15526 us (75%) 15876 us (95%) 16257 us (99%).
I0313 11:54:18.323448 1424326 AriaExecutor.h:649] Worker 8 latency: 15329 us (50%) 15527 us (75%) 15861 us (95%) 16209 us (99%).
I0313 11:54:18.323714 1424326 AriaExecutor.h:649] Worker 9 latency: 15332 us (50%) 15522 us (75%) 15861 us (95%) 16233 us (99%).
I0313 11:54:18.323973 1424326 AriaExecutor.h:649] Worker 10 latency: 15319 us (50%) 15516 us (75%) 15846 us (95%) 16216 us (99%).
I0313 11:54:18.324244 1424326 AriaExecutor.h:649] Worker 11 latency: 15325 us (50%) 15521 us (75%) 15858 us (95%) 16355 us (99%).
I0313 11:54:18.324507 1424326 AriaExecutor.h:649] Worker 12 latency: 15327 us (50%) 15518 us (75%) 15878 us (95%) 16257 us (99%).
I0313 11:54:18.324767 1424326 AriaExecutor.h:649] Worker 13 latency: 15324 us (50%) 15522 us (75%) 15856 us (95%) 16271 us (99%).
I0313 11:54:18.325021 1424326 AriaExecutor.h:649] Worker 14 latency: 15319 us (50%) 15518 us (75%) 15848 us (95%) 16180 us (99%).
I0313 11:54:18.325274 1424326 AriaExecutor.h:649] Worker 15 latency: 15310 us (50%) 15511 us (75%) 15859 us (95%) 16249 us (99%).
I0313 11:54:18.325525 1424326 AriaExecutor.h:649] Worker 16 latency: 15268 us (50%) 15496 us (75%) 15829 us (95%) 16228 us (99%).
I0313 11:54:18.325778 1424326 AriaExecutor.h:649] Worker 17 latency: 15319 us (50%) 15514 us (75%) 15855 us (95%) 16259 us (99%).
I0313 11:54:18.326021 1424326 AriaExecutor.h:649] Worker 18 latency: 15328 us (50%) 15519 us (75%) 15866 us (95%) 16267 us (99%).
I0313 11:54:18.326278 1424326 AriaExecutor.h:649] Worker 19 latency: 15305 us (50%) 15503 us (75%) 15829 us (95%) 16221 us (99%).
I0313 11:54:18.326515 1424326 AriaExecutor.h:649] Worker 20 latency: 15318 us (50%) 15513 us (75%) 15844 us (95%) 16206 us (99%).
I0313 11:54:18.326764 1424326 AriaExecutor.h:649] Worker 21 latency: 15305 us (50%) 15505 us (75%) 15864 us (95%) 16217 us (99%).
I0313 11:54:18.327004 1424326 AriaExecutor.h:649] Worker 22 latency: 15304 us (50%) 15503 us (75%) 15836 us (95%) 16189 us (99%).
I0313 11:54:18.327246 1424326 AriaExecutor.h:649] Worker 23 latency: 15305 us (50%) 15514 us (75%) 15841 us (95%) 16202 us (99%).
I0313 11:54:18.327489 1424326 AriaExecutor.h:649] Worker 24 latency: 15298 us (50%) 15506 us (75%) 15835 us (95%) 16213 us (99%).
I0313 11:54:18.327716 1424326 AriaExecutor.h:649] Worker 25 latency: 15305 us (50%) 15505 us (75%) 15852 us (95%) 16185 us (99%).
I0313 11:54:18.327951 1424326 AriaExecutor.h:649] Worker 26 latency: 15311 us (50%) 15504 us (75%) 15845 us (95%) 16252 us (99%).
I0313 11:54:18.328188 1424326 AriaExecutor.h:649] Worker 27 latency: 15303 us (50%) 15504 us (75%) 15853 us (95%) 16214 us (99%).
I0313 11:54:18.328423 1424326 AriaExecutor.h:649] Worker 28 latency: 15300 us (50%) 15504 us (75%) 15837 us (95%) 16213 us (99%).
I0313 11:54:18.328636 1424326 AriaExecutor.h:649] Worker 29 latency: 15312 us (50%) 15505 us (75%) 15841 us (95%) 16257 us (99%).
I0313 11:54:18.328860 1424326 AriaExecutor.h:649] Worker 30 latency: 15296 us (50%) 15503 us (75%) 15843 us (95%) 16183 us (99%).
I0313 11:54:18.329106 1424326 AriaExecutor.h:649] Worker 31 latency: 15306 us (50%) 15509 us (75%) 15840 us (95%) 16350 us (99%).
I0313 11:54:18.329319 1424326 AriaExecutor.h:649] Worker 32 latency: 15284 us (50%) 15502 us (75%) 15848 us (95%) 16232 us (99%).
I0313 11:54:18.329557 1424326 AriaExecutor.h:649] Worker 33 latency: 15272 us (50%) 15482 us (75%) 15842 us (95%) 16220 us (99%).
I0313 11:54:18.329773 1424326 AriaExecutor.h:649] Worker 34 latency: 15277 us (50%) 15493 us (75%) 15845 us (95%) 16264 us (99%).
I0313 11:54:18.329984 1424326 AriaExecutor.h:649] Worker 35 latency: 15286 us (50%) 15496 us (75%) 15823 us (95%) 16221 us (99%).
I0313 11:54:18.330189 1424326 AriaExecutor.h:649] Worker 36 latency: 15280 us (50%) 15498 us (75%) 15824 us (95%) 16206 us (99%).
I0313 11:54:18.330399 1424326 AriaExecutor.h:649] Worker 37 latency: 15276 us (50%) 15491 us (75%) 15844 us (95%) 16250 us (99%).
I0313 11:54:18.330610 1424326 AriaExecutor.h:649] Worker 38 latency: 15273 us (50%) 15488 us (75%) 15828 us (95%) 16177 us (99%).
I0313 11:54:18.330826 1424326 AriaExecutor.h:649] Worker 39 latency: 15259 us (50%) 15485 us (75%) 15818 us (95%) 16176 us (99%).
I0313 11:54:18.331048 1424326 AriaExecutor.h:649] Worker 40 latency: 15290 us (50%) 15497 us (75%) 15825 us (95%) 16199 us (99%).
I0313 11:54:18.331249 1424326 AriaExecutor.h:649] Worker 41 latency: 15278 us (50%) 15484 us (75%) 15823 us (95%) 16214 us (99%).
I0313 11:54:18.331483 1424326 AriaExecutor.h:649] Worker 42 latency: 15267 us (50%) 15493 us (75%) 15831 us (95%) 16249 us (99%).
I0313 11:54:18.331686 1424326 AriaExecutor.h:649] Worker 43 latency: 15277 us (50%) 15484 us (75%) 15800 us (95%) 16144 us (99%).
I0313 11:54:18.331887 1424326 AriaExecutor.h:649] Worker 44 latency: 15263 us (50%) 15482 us (75%) 15816 us (95%) 16191 us (99%).
I0313 11:54:18.332075 1424326 AriaExecutor.h:649] Worker 45 latency: 15257 us (50%) 15470 us (75%) 15824 us (95%) 16173 us (99%).
I0313 11:54:18.332285 1424326 AriaExecutor.h:649] Worker 46 latency: 15251 us (50%) 15468 us (75%) 15804 us (95%) 16171 us (99%).
I0313 11:54:18.332501 1424326 AriaExecutor.h:649] Worker 47 latency: 15246 us (50%) 15471 us (75%) 15803 us (95%) 16154 us (99%).
I0313 11:54:18.332713 1424326 Coordinator.h:177] total commit: 7558.9
I0313 11:54:19.332966 1424326 Coordinator.h:192] Coordinator exits.
