I0313 12:03:18.564605 1429498 Database.h:65] ycsb initialization finished in 103 milliseconds.
I0313 12:03:18.564828 1429498 Coordinator.h:30] Coordinator initializes 48 workers.
I0313 12:03:18.600504 1429498 Coordinator.h:77] Coordinator starts to run 49 workers.
I0313 12:03:18.600592 1429550 AriaExecutor.h:94] AriaExecutor 0 started. 
I0313 12:03:18.600636 1429551 AriaExecutor.h:94] AriaExecutor 1 started. 
I0313 12:03:18.600716 1429552 AriaExecutor.h:94] AriaExecutor 2 started. 
I0313 12:03:18.600809 1429553 AriaExecutor.h:94] AriaExecutor 3 started. 
I0313 12:03:18.600898 1429554 AriaExecutor.h:94] AriaExecutor 4 started. 
I0313 12:03:18.600976 1429555 AriaExecutor.h:94] AriaExecutor 5 started. 
I0313 12:03:18.601078 1429556 AriaExecutor.h:94] AriaExecutor 6 started. 
I0313 12:03:18.601166 1429557 AriaExecutor.h:94] AriaExecutor 7 started. 
I0313 12:03:18.601265 1429558 AriaExecutor.h:94] AriaExecutor 8 started. 
I0313 12:03:18.601362 1429559 AriaExecutor.h:94] AriaExecutor 9 started. 
I0313 12:03:18.601431 1429560 AriaExecutor.h:94] AriaExecutor 10 started. 
I0313 12:03:18.601661 1429561 AriaExecutor.h:94] AriaExecutor 11 started. 
I0313 12:03:18.601828 1429562 AriaExecutor.h:94] AriaExecutor 12 started. 
I0313 12:03:18.601996 1429563 AriaExecutor.h:94] AriaExecutor 13 started. 
I0313 12:03:18.602147 1429564 AriaExecutor.h:94] AriaExecutor 14 started. 
I0313 12:03:18.602291 1429565 AriaExecutor.h:94] AriaExecutor 15 started. 
I0313 12:03:18.602437 1429566 AriaExecutor.h:94] AriaExecutor 16 started. 
I0313 12:03:18.602586 1429567 AriaExecutor.h:94] AriaExecutor 17 started. 
I0313 12:03:18.602741 1429568 AriaExecutor.h:94] AriaExecutor 18 started. 
I0313 12:03:18.602890 1429569 AriaExecutor.h:94] AriaExecutor 19 started. 
I0313 12:03:18.603044 1429570 AriaExecutor.h:94] AriaExecutor 20 started. 
I0313 12:03:18.603183 1429571 AriaExecutor.h:94] AriaExecutor 21 started. 
I0313 12:03:18.603332 1429572 AriaExecutor.h:94] AriaExecutor 22 started. 
I0313 12:03:18.603470 1429573 AriaExecutor.h:94] AriaExecutor 23 started. 
I0313 12:03:18.603631 1429574 AriaExecutor.h:94] AriaExecutor 24 started. 
I0313 12:03:18.603799 1429575 AriaExecutor.h:94] AriaExecutor 25 started. 
I0313 12:03:18.603981 1429576 AriaExecutor.h:94] AriaExecutor 26 started. 
I0313 12:03:18.604164 1429577 AriaExecutor.h:94] AriaExecutor 27 started. 
I0313 12:03:18.604379 1429578 AriaExecutor.h:94] AriaExecutor 28 started. 
I0313 12:03:18.604533 1429579 AriaExecutor.h:94] AriaExecutor 29 started. 
I0313 12:03:18.604719 1429580 AriaExecutor.h:94] AriaExecutor 30 started. 
I0313 12:03:18.604923 1429581 AriaExecutor.h:94] AriaExecutor 31 started. 
I0313 12:03:18.605088 1429582 AriaExecutor.h:94] AriaExecutor 32 started. 
I0313 12:03:18.605260 1429583 AriaExecutor.h:94] AriaExecutor 33 started. 
I0313 12:03:18.605422 1429584 AriaExecutor.h:94] AriaExecutor 34 started. 
I0313 12:03:18.605595 1429585 AriaExecutor.h:94] AriaExecutor 35 started. 
I0313 12:03:18.605777 1429586 AriaExecutor.h:94] AriaExecutor 36 started. 
I0313 12:03:18.605957 1429587 AriaExecutor.h:94] AriaExecutor 37 started. 
I0313 12:03:18.606133 1429588 AriaExecutor.h:94] AriaExecutor 38 started. 
I0313 12:03:18.606310 1429589 AriaExecutor.h:94] AriaExecutor 39 started. 
I0313 12:03:18.606489 1429590 AriaExecutor.h:94] AriaExecutor 40 started. 
I0313 12:03:18.606663 1429591 AriaExecutor.h:94] AriaExecutor 41 started. 
I0313 12:03:18.606828 1429592 AriaExecutor.h:94] AriaExecutor 42 started. 
I0313 12:03:18.607021 1429593 AriaExecutor.h:94] AriaExecutor 43 started. 
I0313 12:03:18.607201 1429594 AriaExecutor.h:94] AriaExecutor 44 started. 
I0313 12:03:18.607380 1429595 AriaExecutor.h:94] AriaExecutor 45 started. 
I0313 12:03:18.607558 1429596 AriaExecutor.h:94] AriaExecutor 46 started. 
I0313 12:03:18.607746 1429597 AriaExecutor.h:94] AriaExecutor 47 started. 
I0313 12:03:18.607918 1429598 Manager.h:224] Manager(worker id = 48) on the coordinator node started.
I0313 12:03:19.607996 1429498 Coordinator.h:126] commit: 1032193 abort: 45807 (0/45807/0), network size: 0, avg network size: 0, si_in_serializable: 0 0 %, local: 0 %
I0313 12:03:20.608155 1429498 Coordinator.h:126] commit: 1044110 abort: 46890 (0/46890/0), network size: 0, avg network size: 0, si_in_serializable: 0 0 %, local: 0 %
I0313 12:03:21.608294 1429498 Coordinator.h:126] commit: 1037946 abort: 46045 (0/46045/0), network size: 0, avg network size: 0, si_in_serializable: 0 0 %, local: 0 %
I0313 12:03:22.608566 1429498 Coordinator.h:126] commit: 1025933 abort: 45076 (0/45076/0), network size: 0, avg network size: 0, si_in_serializable: 0 0 %, local: 0 %
I0313 12:03:23.608743 1429498 Coordinator.h:126] commit: 1048255 abort: 46594 (0/46594/0), network size: 0, avg network size: 0, si_in_serializable: 0 0 %, local: 0 %
I0313 12:03:24.608878 1429498 Coordinator.h:126] commit: 1042563 abort: 46588 (0/46588/0), network size: 0, avg network size: 0, si_in_serializable: 0 0 %, local: 0 %
I0313 12:03:25.609014 1429498 Coordinator.h:126] commit: 991950 abort: 44050 (0/44050/0), network size: 0, avg network size: 0, si_in_serializable: 0 0 %, local: 0 %
I0313 12:03:26.609143 1429498 Coordinator.h:126] commit: 1042848 abort: 46152 (0/46152/0), network size: 0, avg network size: 0, si_in_serializable: 0 0 %, local: 0 %
I0313 12:03:27.609278 1429498 Coordinator.h:126] commit: 1031918 abort: 46082 (0/46082/0), network size: 0, avg network size: 0, si_in_serializable: 0 0 %, local: 0 %
I0313 12:03:28.609414 1429498 Coordinator.h:126] commit: 1039578 abort: 46422 (0/46422/0), network size: 0, avg network size: 0, si_in_serializable: 0 0 %, local: 0 %
I0313 12:03:29.609594 1429498 Coordinator.h:126] commit: 1039342 abort: 46658 (0/46658/0), network size: 0, avg network size: 0, si_in_serializable: 0 0 %, local: 0 %
I0313 12:03:30.609760 1429498 Coordinator.h:126] commit: 1036059 abort: 45941 (0/45941/0), network size: 0, avg network size: 0, si_in_serializable: 0 0 %, local: 0 %
I0313 12:03:31.609899 1429498 Coordinator.h:126] commit: 926043 abort: 40957 (0/40957/0), network size: 0, avg network size: 0, si_in_serializable: 0 0 %, local: 0 %
I0313 12:03:32.610049 1429498 Coordinator.h:126] commit: 1038255 abort: 46202 (0/46202/0), network size: 0, avg network size: 0, si_in_serializable: 0 0 %, local: 0 %
I0313 12:03:33.610188 1429498 Coordinator.h:126] commit: 1042329 abort: 46212 (0/46212/0), network size: 0, avg network size: 0, si_in_serializable: 0 0 %, local: 0 %
I0313 12:03:34.610325 1429498 Coordinator.h:126] commit: 1041730 abort: 46270 (0/46270/0), network size: 0, avg network size: 0, si_in_serializable: 0 0 %, local: 0 %
I0313 12:03:35.610455 1429498 Coordinator.h:126] commit: 1034834 abort: 46166 (0/46166/0), network size: 0, avg network size: 0, si_in_serializable: 0 0 %, local: 0 %
I0313 12:03:36.610594 1429498 Coordinator.h:126] commit: 1044431 abort: 46569 (0/46569/0), network size: 0, avg network size: 0, si_in_serializable: 0 0 %, local: 0 %
I0313 12:03:37.610731 1429498 Coordinator.h:126] commit: 1038167 abort: 45816 (0/45816/0), network size: 0, avg network size: 0, si_in_serializable: 0 0 %, local: 0 %
I0313 12:03:38.610869 1429498 Coordinator.h:126] commit: 1042044 abort: 45972 (0/45972/0), network size: 0, avg network size: 0, si_in_serializable: 0 0 %, local: 0 %
I0313 12:03:39.611011 1429498 Coordinator.h:126] commit: 1039790 abort: 46210 (0/46210/0), network size: 0, avg network size: 0, si_in_serializable: 0 0 %, local: 0 %
I0313 12:03:40.611179 1429498 Coordinator.h:126] commit: 1038026 abort: 45974 (0/45974/0), network size: 0, avg network size: 0, si_in_serializable: 0 0 %, local: 0 %
I0313 12:03:41.611331 1429498 Coordinator.h:126] commit: 1046361 abort: 46639 (0/46639/0), network size: 0, avg network size: 0, si_in_serializable: 0 0 %, local: 0 %
I0313 12:03:42.611480 1429498 Coordinator.h:126] commit: 1040654 abort: 46346 (0/46346/0), network size: 0, avg network size: 0, si_in_serializable: 0 0 %, local: 0 %
I0313 12:03:43.611619 1429498 Coordinator.h:126] commit: 882611 abort: 39389 (0/39389/0), network size: 0, avg network size: 0, si_in_serializable: 0 0 %, local: 0 %
I0313 12:03:43.611668 1429498 Coordinator.h:152] average commit: 1.02832e+06 abort: 45676.3 (0/45676.3/0), network size: 0, avg network size: 0, si_in_serializable: 0 0 %, local: 0 %
I0313 12:03:43.612484 1429597 AriaExecutor.h:106] AriaExecutor 47 exits. 
I0313 12:03:43.612488 1429565 AriaExecutor.h:106] AriaExecutor 15 exits. 
I0313 12:03:43.612493 1429567 AriaExecutor.h:106] AriaExecutor 17 exits. 
I0313 12:03:43.612484 1429596 AriaExecutor.h:106] AriaExecutor 46 exits. 
I0313 12:03:43.612490 1429576 AriaExecutor.h:106] AriaExecutor 26 exits. 
I0313 12:03:43.612512 1429582 AriaExecutor.h:106] AriaExecutor 32 exits. 
I0313 12:03:43.612509 1429593 AriaExecutor.h:106] AriaExecutor 43 exits. 
I0313 12:03:43.612486 1429573 AriaExecutor.h:106] AriaExecutor 23 exits. 
I0313 12:03:43.612484 1429558 AriaExecutor.h:106] AriaExecutor 8 exits. 
I0313 12:03:43.612514 1429587 AriaExecutor.h:106] AriaExecutor 37 exits. 
I0313 12:03:43.612514 1429584 AriaExecutor.h:106] AriaExecutor 34 exits. 
I0313 12:03:43.612496 1429579 AriaExecutor.h:106] AriaExecutor 29 exits. 
I0313 12:03:43.612485 1429598 Manager.h:227] Manager(worker id = 48) on the coordinator node exits.
I0313 12:03:43.612509 1429581 AriaExecutor.h:106] AriaExecutor 31 exits. 
I0313 12:03:43.612484 1429554 AriaExecutor.h:106] AriaExecutor 4 exits. 
I0313 12:03:43.612491 1429564 AriaExecutor.h:106] AriaExecutor 14 exits. 
I0313 12:03:43.612551 1429578 AriaExecutor.h:106] AriaExecutor 28 exits. 
I0313 12:03:43.612548 1429577 AriaExecutor.h:106] AriaExecutor 27 exits. 
I0313 12:03:43.612484 1429551 AriaExecutor.h:106] AriaExecutor 1 exits. 
I0313 12:03:43.612497 1429566 AriaExecutor.h:106] AriaExecutor 16 exits. 
I0313 12:03:43.612489 1429571 AriaExecutor.h:106] AriaExecutor 21 exits. 
I0313 12:03:43.612502 1429583 AriaExecutor.h:106] AriaExecutor 33 exits. 
I0313 12:03:43.612509 1429586 AriaExecutor.h:106] AriaExecutor 36 exits. 
I0313 12:03:43.612506 1429592 AriaExecutor.h:106] AriaExecutor 42 exits. 
I0313 12:03:43.612505 1429594 AriaExecutor.h:106] AriaExecutor 44 exits. 
I0313 12:03:43.612506 1429563 AriaExecutor.h:106] AriaExecutor 13 exits. 
I0313 12:03:43.612509 1429591 AriaExecutor.h:106] AriaExecutor 41 exits. 
I0313 12:03:43.612504 1429580 AriaExecutor.h:106] AriaExecutor 30 exits. 
I0313 12:03:43.612495 1429568 AriaExecutor.h:106] AriaExecutor 18 exits. 
I0313 12:03:43.612515 1429589 AriaExecutor.h:106] AriaExecutor 39 exits. 
I0313 12:03:43.612515 1429588 AriaExecutor.h:106] AriaExecutor 38 exits. 
I0313 12:03:43.612484 1429553 AriaExecutor.h:106] AriaExecutor 3 exits. 
I0313 12:03:43.612486 1429575 AriaExecutor.h:106] AriaExecutor 25 exits. 
I0313 12:03:43.612504 1429590 AriaExecutor.h:106] AriaExecutor 40 exits. 
I0313 12:03:43.612506 1429595 AriaExecutor.h:106] AriaExecutor 45 exits. 
I0313 12:03:43.612484 1429555 AriaExecutor.h:106] AriaExecutor 5 exits. 
I0313 12:03:43.612484 1429550 AriaExecutor.h:106] AriaExecutor 0 exits. 
I0313 12:03:43.612496 1429574 AriaExecutor.h:106] AriaExecutor 24 exits. 
I0313 12:03:43.612485 1429557 AriaExecutor.h:106] AriaExecutor 7 exits. 
I0313 12:03:43.612488 1429570 AriaExecutor.h:106] AriaExecutor 20 exits. 
I0313 12:03:43.612509 1429585 AriaExecutor.h:106] AriaExecutor 35 exits. 
I0313 12:03:43.612507 1429561 AriaExecutor.h:106] AriaExecutor 11 exits. 
I0313 12:03:43.612484 1429560 AriaExecutor.h:106] AriaExecutor 10 exits. 
I0313 12:03:43.612484 1429552 AriaExecutor.h:106] AriaExecutor 2 exits. 
I0313 12:03:43.612484 1429556 AriaExecutor.h:106] AriaExecutor 6 exits. 
I0313 12:03:43.612551 1429569 AriaExecutor.h:106] AriaExecutor 19 exits. 
I0313 12:03:43.612488 1429572 AriaExecutor.h:106] AriaExecutor 22 exits. 
I0313 12:03:43.612506 1429562 AriaExecutor.h:106] AriaExecutor 12 exits. 
I0313 12:03:43.612484 1429559 AriaExecutor.h:106] AriaExecutor 9 exits. 
I0313 12:03:43.611685 1429498 AriaExecutor.h:646] Worker 0 latency: 674 us (50%) 776 us (75%) 859 us (95%) 892 us (99%).
I0313 12:03:43.635547 1429498 AriaExecutor.h:646] Worker 1 latency: 675 us (50%) 776 us (75%) 859 us (95%) 892 us (99%).
I0313 12:03:43.658607 1429498 AriaExecutor.h:646] Worker 2 latency: 675 us (50%) 776 us (75%) 859 us (95%) 892 us (99%).
I0313 12:03:43.682000 1429498 AriaExecutor.h:646] Worker 3 latency: 675 us (50%) 776 us (75%) 859 us (95%) 892 us (99%).
I0313 12:03:43.704869 1429498 AriaExecutor.h:646] Worker 4 latency: 673 us (50%) 775 us (75%) 859 us (95%) 892 us (99%).
I0313 12:03:43.727785 1429498 AriaExecutor.h:646] Worker 5 latency: 674 us (50%) 776 us (75%) 859 us (95%) 892 us (99%).
I0313 12:03:43.750792 1429498 AriaExecutor.h:646] Worker 6 latency: 675 us (50%) 776 us (75%) 859 us (95%) 892 us (99%).
I0313 12:03:43.773628 1429498 AriaExecutor.h:646] Worker 7 latency: 673 us (50%) 775 us (75%) 859 us (95%) 892 us (99%).
I0313 12:03:43.796725 1429498 AriaExecutor.h:646] Worker 8 latency: 674 us (50%) 775 us (75%) 859 us (95%) 892 us (99%).
I0313 12:03:43.819548 1429498 AriaExecutor.h:646] Worker 9 latency: 673 us (50%) 775 us (75%) 859 us (95%) 892 us (99%).
I0313 12:03:43.843086 1429498 AriaExecutor.h:646] Worker 10 latency: 674 us (50%) 776 us (75%) 859 us (95%) 892 us (99%).
I0313 12:03:43.866266 1429498 AriaExecutor.h:646] Worker 11 latency: 673 us (50%) 775 us (75%) 859 us (95%) 892 us (99%).
I0313 12:03:43.889153 1429498 AriaExecutor.h:646] Worker 12 latency: 674 us (50%) 775 us (75%) 859 us (95%) 892 us (99%).
I0313 12:03:43.912137 1429498 AriaExecutor.h:646] Worker 13 latency: 673 us (50%) 775 us (75%) 859 us (95%) 892 us (99%).
I0313 12:03:43.934890 1429498 AriaExecutor.h:646] Worker 14 latency: 675 us (50%) 776 us (75%) 859 us (95%) 892 us (99%).
I0313 12:03:43.957670 1429498 AriaExecutor.h:646] Worker 15 latency: 675 us (50%) 776 us (75%) 860 us (95%) 892 us (99%).
I0313 12:03:43.980289 1429498 AriaExecutor.h:646] Worker 16 latency: 564 us (50%) 726 us (75%) 855 us (95%) 893 us (99%).
I0313 12:03:44.004089 1429498 AriaExecutor.h:646] Worker 17 latency: 684 us (50%) 780 us (75%) 860 us (95%) 893 us (99%).
I0313 12:03:44.026573 1429498 AriaExecutor.h:646] Worker 18 latency: 684 us (50%) 781 us (75%) 860 us (95%) 893 us (99%).
I0313 12:03:44.049221 1429498 AriaExecutor.h:646] Worker 19 latency: 684 us (50%) 781 us (75%) 860 us (95%) 893 us (99%).
I0313 12:03:44.071800 1429498 AriaExecutor.h:646] Worker 20 latency: 684 us (50%) 781 us (75%) 860 us (95%) 892 us (99%).
I0313 12:03:44.094360 1429498 AriaExecutor.h:646] Worker 21 latency: 684 us (50%) 780 us (75%) 860 us (95%) 893 us (99%).
I0313 12:03:44.116844 1429498 AriaExecutor.h:646] Worker 22 latency: 684 us (50%) 780 us (75%) 860 us (95%) 893 us (99%).
I0313 12:03:44.139253 1429498 AriaExecutor.h:646] Worker 23 latency: 684 us (50%) 781 us (75%) 860 us (95%) 893 us (99%).
I0313 12:03:44.161948 1429498 AriaExecutor.h:646] Worker 24 latency: 684 us (50%) 780 us (75%) 860 us (95%) 893 us (99%).
I0313 12:03:44.184569 1429498 AriaExecutor.h:646] Worker 25 latency: 683 us (50%) 780 us (75%) 860 us (95%) 893 us (99%).
I0313 12:03:44.206744 1429498 AriaExecutor.h:646] Worker 26 latency: 683 us (50%) 780 us (75%) 860 us (95%) 893 us (99%).
I0313 12:03:44.229418 1429498 AriaExecutor.h:646] Worker 27 latency: 683 us (50%) 780 us (75%) 860 us (95%) 893 us (99%).
I0313 12:03:44.251791 1429498 AriaExecutor.h:646] Worker 28 latency: 683 us (50%) 780 us (75%) 860 us (95%) 892 us (99%).
I0313 12:03:44.274462 1429498 AriaExecutor.h:646] Worker 29 latency: 683 us (50%) 780 us (75%) 860 us (95%) 892 us (99%).
I0313 12:03:44.297197 1429498 AriaExecutor.h:646] Worker 30 latency: 680 us (50%) 779 us (75%) 860 us (95%) 892 us (99%).
I0313 12:03:44.320122 1429498 AriaExecutor.h:646] Worker 31 latency: 681 us (50%) 779 us (75%) 860 us (95%) 893 us (99%).
I0313 12:03:44.342798 1429498 AriaExecutor.h:646] Worker 32 latency: 674 us (50%) 775 us (75%) 859 us (95%) 892 us (99%).
I0313 12:03:44.365566 1429498 AriaExecutor.h:646] Worker 33 latency: 675 us (50%) 776 us (75%) 859 us (95%) 892 us (99%).
I0313 12:03:44.388845 1429498 AriaExecutor.h:646] Worker 34 latency: 675 us (50%) 776 us (75%) 859 us (95%) 892 us (99%).
I0313 12:03:44.411600 1429498 AriaExecutor.h:646] Worker 35 latency: 675 us (50%) 776 us (75%) 859 us (95%) 892 us (99%).
I0313 12:03:44.434571 1429498 AriaExecutor.h:646] Worker 36 latency: 673 us (50%) 775 us (75%) 859 us (95%) 892 us (99%).
I0313 12:03:44.457860 1429498 AriaExecutor.h:646] Worker 37 latency: 674 us (50%) 776 us (75%) 859 us (95%) 892 us (99%).
I0313 12:03:44.480676 1429498 AriaExecutor.h:646] Worker 38 latency: 675 us (50%) 776 us (75%) 859 us (95%) 892 us (99%).
I0313 12:03:44.503378 1429498 AriaExecutor.h:646] Worker 39 latency: 673 us (50%) 775 us (75%) 859 us (95%) 892 us (99%).
I0313 12:03:44.526361 1429498 AriaExecutor.h:646] Worker 40 latency: 683 us (50%) 780 us (75%) 860 us (95%) 892 us (99%).
I0313 12:03:44.548965 1429498 AriaExecutor.h:646] Worker 41 latency: 682 us (50%) 780 us (75%) 860 us (95%) 892 us (99%).
I0313 12:03:44.571309 1429498 AriaExecutor.h:646] Worker 42 latency: 684 us (50%) 780 us (75%) 860 us (95%) 892 us (99%).
I0313 12:03:44.593165 1429498 AriaExecutor.h:646] Worker 43 latency: 683 us (50%) 780 us (75%) 860 us (95%) 893 us (99%).
I0313 12:03:44.614675 1429498 AriaExecutor.h:646] Worker 44 latency: 682 us (50%) 779 us (75%) 860 us (95%) 893 us (99%).
I0313 12:03:44.636603 1429498 AriaExecutor.h:646] Worker 45 latency: 682 us (50%) 779 us (75%) 860 us (95%) 892 us (99%).
I0313 12:03:44.658392 1429498 AriaExecutor.h:646] Worker 46 latency: 684 us (50%) 780 us (75%) 860 us (95%) 892 us (99%).
I0313 12:03:44.679831 1429498 AriaExecutor.h:646] Worker 47 latency: 684 us (50%) 780 us (75%) 860 us (95%) 892 us (99%).
I0313 12:03:44.701654 1429498 Coordinator.h:177] total commit: 1.02832e+06
I0313 12:03:45.701889 1429498 Coordinator.h:192] Coordinator exits.
