I0313 12:02:52.142102 1429239 Database.h:65] ycsb initialization finished in 101 milliseconds.
I0313 12:02:52.142331 1429239 Coordinator.h:30] Coordinator initializes 48 workers.
I0313 12:02:52.251950 1429239 Coordinator.h:77] Coordinator starts to run 49 workers.
I0313 12:02:52.252035 1429304 AriaExecutor.h:94] AriaExecutor 0 started. 
I0313 12:02:52.252079 1429305 AriaExecutor.h:94] AriaExecutor 1 started. 
I0313 12:02:52.252182 1429306 AriaExecutor.h:94] AriaExecutor 2 started. 
I0313 12:02:52.252233 1429307 AriaExecutor.h:94] AriaExecutor 3 started. 
I0313 12:02:52.252311 1429308 AriaExecutor.h:94] AriaExecutor 4 started. 
I0313 12:02:52.252393 1429309 AriaExecutor.h:94] AriaExecutor 5 started. 
I0313 12:02:52.252488 1429310 AriaExecutor.h:94] AriaExecutor 6 started. 
I0313 12:02:52.252576 1429311 AriaExecutor.h:94] AriaExecutor 7 started. 
I0313 12:02:52.252674 1429312 AriaExecutor.h:94] AriaExecutor 8 started. 
I0313 12:02:52.252779 1429313 AriaExecutor.h:94] AriaExecutor 9 started. 
I0313 12:02:52.252835 1429314 AriaExecutor.h:94] AriaExecutor 10 started. 
I0313 12:02:52.252946 1429315 AriaExecutor.h:94] AriaExecutor 11 started. 
I0313 12:02:52.253080 1429316 AriaExecutor.h:94] AriaExecutor 12 started. 
I0313 12:02:52.253196 1429317 AriaExecutor.h:94] AriaExecutor 13 started. 
I0313 12:02:52.253294 1429318 AriaExecutor.h:94] AriaExecutor 14 started. 
I0313 12:02:52.253427 1429319 AriaExecutor.h:94] AriaExecutor 15 started. 
I0313 12:02:52.253549 1429320 AriaExecutor.h:94] AriaExecutor 16 started. 
I0313 12:02:52.253680 1429321 AriaExecutor.h:94] AriaExecutor 17 started. 
I0313 12:02:52.253803 1429322 AriaExecutor.h:94] AriaExecutor 18 started. 
I0313 12:02:52.253928 1429323 AriaExecutor.h:94] AriaExecutor 19 started. 
I0313 12:02:52.254045 1429324 AriaExecutor.h:94] AriaExecutor 20 started. 
I0313 12:02:52.254158 1429325 AriaExecutor.h:94] AriaExecutor 21 started. 
I0313 12:02:52.254278 1429326 AriaExecutor.h:94] AriaExecutor 22 started. 
I0313 12:02:52.254408 1429327 AriaExecutor.h:94] AriaExecutor 23 started. 
I0313 12:02:52.254532 1429328 AriaExecutor.h:94] AriaExecutor 24 started. 
I0313 12:02:52.254660 1429329 AriaExecutor.h:94] AriaExecutor 25 started. 
I0313 12:02:52.254783 1429330 AriaExecutor.h:94] AriaExecutor 26 started. 
I0313 12:02:52.254909 1429331 AriaExecutor.h:94] AriaExecutor 27 started. 
I0313 12:02:52.255041 1429332 AriaExecutor.h:94] AriaExecutor 28 started. 
I0313 12:02:52.255167 1429333 AriaExecutor.h:94] AriaExecutor 29 started. 
I0313 12:02:52.255259 1429334 AriaExecutor.h:94] AriaExecutor 30 started. 
I0313 12:02:52.255352 1429335 AriaExecutor.h:94] AriaExecutor 31 started. 
I0313 12:02:52.255527 1429337 AriaExecutor.h:94] AriaExecutor 33 started. 
I0313 12:02:52.255587 1429336 AriaExecutor.h:94] AriaExecutor 32 started. 
I0313 12:02:52.255759 1429338 AriaExecutor.h:94] AriaExecutor 34 started. 
I0313 12:02:52.255963 1429339 AriaExecutor.h:94] AriaExecutor 35 started. 
I0313 12:02:52.256175 1429340 AriaExecutor.h:94] AriaExecutor 36 started. 
I0313 12:02:52.256409 1429342 AriaExecutor.h:94] AriaExecutor 38 started. 
I0313 12:02:52.256523 1429343 AriaExecutor.h:94] AriaExecutor 39 started. 
I0313 12:02:52.256645 1429344 AriaExecutor.h:94] AriaExecutor 40 started. 
I0313 12:02:52.256752 1429345 AriaExecutor.h:94] AriaExecutor 41 started. 
I0313 12:02:52.256811 1429341 AriaExecutor.h:94] AriaExecutor 37 started. 
I0313 12:02:52.256836 1429346 AriaExecutor.h:94] AriaExecutor 42 started. 
I0313 12:02:52.257087 1429347 AriaExecutor.h:94] AriaExecutor 43 started. 
I0313 12:02:52.257282 1429348 AriaExecutor.h:94] AriaExecutor 44 started. 
I0313 12:02:52.257489 1429349 AriaExecutor.h:94] AriaExecutor 45 started. 
I0313 12:02:52.257671 1429350 AriaExecutor.h:94] AriaExecutor 46 started. 
I0313 12:02:52.257856 1429351 AriaExecutor.h:94] AriaExecutor 47 started. 
I0313 12:02:52.258038 1429352 Manager.h:224] Manager(worker id = 48) on the coordinator node started.
I0313 12:02:53.258129 1429239 Coordinator.h:126] commit: 17601 abort: 210399 (0/210399/0), network size: 0, avg network size: 0, si_in_serializable: 0 0 %, local: 0 %
I0313 12:02:54.258299 1429239 Coordinator.h:126] commit: 17879 abort: 214121 (0/214121/0), network size: 0, avg network size: 0, si_in_serializable: 0 0 %, local: 0 %
I0313 12:02:55.258448 1429239 Coordinator.h:126] commit: 18065 abort: 217935 (0/217935/0), network size: 0, avg network size: 0, si_in_serializable: 0 0 %, local: 0 %
I0313 12:02:56.258598 1429239 Coordinator.h:126] commit: 18167 abort: 217833 (0/217833/0), network size: 0, avg network size: 0, si_in_serializable: 0 0 %, local: 0 %
I0313 12:02:57.258860 1429239 Coordinator.h:126] commit: 18281 abort: 217719 (0/217719/0), network size: 0, avg network size: 0, si_in_serializable: 0 0 %, local: 0 %
I0313 12:02:58.259037 1429239 Coordinator.h:126] commit: 18174 abort: 217826 (0/217826/0), network size: 0, avg network size: 0, si_in_serializable: 0 0 %, local: 0 %
I0313 12:02:59.259186 1429239 Coordinator.h:126] commit: 18671 abort: 221329 (0/221329/0), network size: 0, avg network size: 0, si_in_serializable: 0 0 %, local: 0 %
I0313 12:03:00.259326 1429239 Coordinator.h:126] commit: 18542 abort: 220726 (0/220726/0), network size: 0, avg network size: 0, si_in_serializable: 0 0 %, local: 0 %
I0313 12:03:01.259472 1429239 Coordinator.h:126] commit: 18345 abort: 218386 (0/218386/0), network size: 0, avg network size: 0, si_in_serializable: 0 0 %, local: 0 %
I0313 12:03:02.259620 1429239 Coordinator.h:126] commit: 18120 abort: 217880 (0/217880/0), network size: 0, avg network size: 0, si_in_serializable: 0 0 %, local: 0 %
I0313 12:03:03.259768 1429239 Coordinator.h:126] commit: 18487 abort: 221513 (0/221513/0), network size: 0, avg network size: 0, si_in_serializable: 0 0 %, local: 0 %
I0313 12:03:04.259970 1429239 Coordinator.h:126] commit: 18484 abort: 221516 (0/221516/0), network size: 0, avg network size: 0, si_in_serializable: 0 0 %, local: 0 %
I0313 12:03:05.260150 1429239 Coordinator.h:126] commit: 18919 abort: 225081 (0/225081/0), network size: 0, avg network size: 0, si_in_serializable: 0 0 %, local: 0 %
I0313 12:03:06.260303 1429239 Coordinator.h:126] commit: 18553 abort: 221447 (0/221447/0), network size: 0, avg network size: 0, si_in_serializable: 0 0 %, local: 0 %
I0313 12:03:07.260465 1429239 Coordinator.h:126] commit: 18563 abort: 221437 (0/221437/0), network size: 0, avg network size: 0, si_in_serializable: 0 0 %, local: 0 %
I0313 12:03:08.260618 1429239 Coordinator.h:126] commit: 18545 abort: 221455 (0/221455/0), network size: 0, avg network size: 0, si_in_serializable: 0 0 %, local: 0 %
I0313 12:03:09.260768 1429239 Coordinator.h:126] commit: 18651 abort: 221349 (0/221349/0), network size: 0, avg network size: 0, si_in_serializable: 0 0 %, local: 0 %
I0313 12:03:10.260912 1429239 Coordinator.h:126] commit: 18584 abort: 221416 (0/221416/0), network size: 0, avg network size: 0, si_in_serializable: 0 0 %, local: 0 %
I0313 12:03:11.261056 1429239 Coordinator.h:126] commit: 18631 abort: 221369 (0/221369/0), network size: 0, avg network size: 0, si_in_serializable: 0 0 %, local: 0 %
I0313 12:03:12.261198 1429239 Coordinator.h:126] commit: 18462 abort: 221538 (0/221538/0), network size: 0, avg network size: 0, si_in_serializable: 0 0 %, local: 0 %
I0313 12:03:13.261343 1429239 Coordinator.h:126] commit: 18504 abort: 221496 (0/221496/0), network size: 0, avg network size: 0, si_in_serializable: 0 0 %, local: 0 %
I0313 12:03:14.261493 1429239 Coordinator.h:126] commit: 18841 abort: 225159 (0/225159/0), network size: 0, avg network size: 0, si_in_serializable: 0 0 %, local: 0 %
I0313 12:03:15.261646 1429239 Coordinator.h:126] commit: 18523 abort: 221477 (0/221477/0), network size: 0, avg network size: 0, si_in_serializable: 0 0 %, local: 0 %
I0313 12:03:16.261790 1429239 Coordinator.h:126] commit: 18225 abort: 217775 (0/217775/0), network size: 0, avg network size: 0, si_in_serializable: 0 0 %, local: 0 %
I0313 12:03:17.261926 1429239 Coordinator.h:126] commit: 18651 abort: 221349 (0/221349/0), network size: 0, avg network size: 0, si_in_serializable: 0 0 %, local: 0 %
I0313 12:03:17.261982 1429239 Coordinator.h:152] average commit: 18587.9 abort: 221812 (0/221812/0), network size: 0, avg network size: 0, si_in_serializable: 0 0 %, local: 0 %
I0313 12:03:17.262028 1429239 AriaExecutor.h:646] Worker 0 latency: 16234 us (50%) 16462 us (75%) 16815 us (95%) 17329 us (99%).
I0313 12:03:17.275302 1429352 Manager.h:227] Manager(worker id = 48) on the coordinator node exits.
I0313 12:03:17.275316 1429318 AriaExecutor.h:106] AriaExecutor 14 exits. 
I0313 12:03:17.275315 1429342 AriaExecutor.h:106] AriaExecutor 38 exits. 
I0313 12:03:17.275314 1429345 AriaExecutor.h:106] AriaExecutor 41 exits. 
I0313 12:03:17.275367 1429346 AriaExecutor.h:106] AriaExecutor 42 exits. 
I0313 12:03:17.275318 1429325 AriaExecutor.h:106] AriaExecutor 21 exits. 
I0313 12:03:17.275316 1429323 AriaExecutor.h:106] AriaExecutor 19 exits. 
I0313 12:03:17.275314 1429339 AriaExecutor.h:106] AriaExecutor 35 exits. 
I0313 12:03:17.275388 1429349 AriaExecutor.h:106] AriaExecutor 45 exits. 
I0313 12:03:17.275314 1429334 AriaExecutor.h:106] AriaExecutor 30 exits. 
I0313 12:03:17.275362 1429351 AriaExecutor.h:106] AriaExecutor 47 exits. 
I0313 12:03:17.275321 1429329 AriaExecutor.h:106] AriaExecutor 25 exits. 
I0313 12:03:17.275341 1429347 AriaExecutor.h:106] AriaExecutor 43 exits. 
I0313 12:03:17.275314 1429309 AriaExecutor.h:106] AriaExecutor 5 exits. 
I0313 12:03:17.275367 1429316 AriaExecutor.h:106] AriaExecutor 12 exits. 
I0313 12:03:17.275317 1429333 AriaExecutor.h:106] AriaExecutor 29 exits. 
I0313 12:03:17.275314 1429341 AriaExecutor.h:106] AriaExecutor 37 exits. 
I0313 12:03:17.275314 1429315 AriaExecutor.h:106] AriaExecutor 11 exits. 
I0313 12:03:17.275372 1429338 AriaExecutor.h:106] AriaExecutor 34 exits. 
I0313 12:03:17.275321 1429321 AriaExecutor.h:106] AriaExecutor 17 exits. 
I0313 12:03:17.275382 1429348 AriaExecutor.h:106] AriaExecutor 44 exits. 
I0313 12:03:17.275383 1429328 AriaExecutor.h:106] AriaExecutor 24 exits. 
I0313 12:03:17.275384 1429327 AriaExecutor.h:106] AriaExecutor 23 exits. 
I0313 12:03:17.275381 1429320 AriaExecutor.h:106] AriaExecutor 16 exits. 
I0313 12:03:17.275321 1429331 AriaExecutor.h:106] AriaExecutor 27 exits. 
I0313 12:03:17.275322 1429332 AriaExecutor.h:106] AriaExecutor 28 exits. 
I0313 12:03:17.275315 1429340 AriaExecutor.h:106] AriaExecutor 36 exits. 
I0313 12:03:17.275347 1429305 AriaExecutor.h:106] AriaExecutor 1 exits. 
I0313 12:03:17.275316 1429326 AriaExecutor.h:106] AriaExecutor 22 exits. 
I0313 12:03:17.275318 1429324 AriaExecutor.h:106] AriaExecutor 20 exits. 
I0313 12:03:17.275363 1429314 AriaExecutor.h:106] AriaExecutor 10 exits. 
I0313 12:03:17.275367 1429313 AriaExecutor.h:106] AriaExecutor 9 exits. 
I0313 12:03:17.275367 1429350 AriaExecutor.h:106] AriaExecutor 46 exits. 
I0313 12:03:17.275315 1429311 AriaExecutor.h:106] AriaExecutor 7 exits. 
I0313 12:03:17.275368 1429344 AriaExecutor.h:106] AriaExecutor 40 exits. 
I0313 12:03:17.275368 1429312 AriaExecutor.h:106] AriaExecutor 8 exits. 
I0313 12:03:17.275367 1429304 AriaExecutor.h:106] AriaExecutor 0 exits. 
I0313 12:03:17.275370 1429306 AriaExecutor.h:106] AriaExecutor 2 exits. 
I0313 12:03:17.275322 1429319 AriaExecutor.h:106] AriaExecutor 15 exits. 
I0313 12:03:17.275372 1429336 AriaExecutor.h:106] AriaExecutor 32 exits. 
I0313 12:03:17.275370 1429317 AriaExecutor.h:106] AriaExecutor 13 exits. 
I0313 12:03:17.275370 1429337 AriaExecutor.h:106] AriaExecutor 33 exits. 
I0313 12:03:17.275314 1429307 AriaExecutor.h:106] AriaExecutor 3 exits. 
I0313 12:03:17.275381 1429330 AriaExecutor.h:106] AriaExecutor 26 exits. 
I0313 12:03:17.275315 1429308 AriaExecutor.h:106] AriaExecutor 4 exits. 
I0313 12:03:17.275315 1429310 AriaExecutor.h:106] AriaExecutor 6 exits. 
I0313 12:03:17.275344 1429343 AriaExecutor.h:106] AriaExecutor 39 exits. 
I0313 12:03:17.275314 1429335 AriaExecutor.h:106] AriaExecutor 31 exits. 
I0313 12:03:17.275315 1429322 AriaExecutor.h:106] AriaExecutor 18 exits. 
I0313 12:03:17.276257 1429239 AriaExecutor.h:646] Worker 1 latency: 16245 us (50%) 16471 us (75%) 16813 us (95%) 17254 us (99%).
I0313 12:03:17.276875 1429239 AriaExecutor.h:646] Worker 2 latency: 16234 us (50%) 16469 us (75%) 16812 us (95%) 17225 us (99%).
I0313 12:03:17.277413 1429239 AriaExecutor.h:646] Worker 3 latency: 16241 us (50%) 16466 us (75%) 16803 us (95%) 17204 us (99%).
I0313 12:03:17.277971 1429239 AriaExecutor.h:646] Worker 4 latency: 16236 us (50%) 16468 us (75%) 16811 us (95%) 17288 us (99%).
I0313 12:03:17.278548 1429239 AriaExecutor.h:646] Worker 5 latency: 16237 us (50%) 16464 us (75%) 16804 us (95%) 17235 us (99%).
I0313 12:03:17.279100 1429239 AriaExecutor.h:646] Worker 6 latency: 16236 us (50%) 16465 us (75%) 16807 us (95%) 17265 us (99%).
I0313 12:03:17.279646 1429239 AriaExecutor.h:646] Worker 7 latency: 16238 us (50%) 16465 us (75%) 16804 us (95%) 17244 us (99%).
I0313 12:03:17.280203 1429239 AriaExecutor.h:646] Worker 8 latency: 16238 us (50%) 16466 us (75%) 16803 us (95%) 17247 us (99%).
I0313 12:03:17.280867 1429239 AriaExecutor.h:646] Worker 9 latency: 16237 us (50%) 16468 us (75%) 16806 us (95%) 17244 us (99%).
I0313 12:03:17.281415 1429239 AriaExecutor.h:646] Worker 10 latency: 16239 us (50%) 16465 us (75%) 16808 us (95%) 17268 us (99%).
I0313 12:03:17.281965 1429239 AriaExecutor.h:646] Worker 11 latency: 16233 us (50%) 16464 us (75%) 16806 us (95%) 17344 us (99%).
I0313 12:03:17.282517 1429239 AriaExecutor.h:646] Worker 12 latency: 16236 us (50%) 16463 us (75%) 16799 us (95%) 17231 us (99%).
I0313 12:03:17.283077 1429239 AriaExecutor.h:646] Worker 13 latency: 16231 us (50%) 16462 us (75%) 16802 us (95%) 17252 us (99%).
I0313 12:03:17.283619 1429239 AriaExecutor.h:646] Worker 14 latency: 16226 us (50%) 16461 us (75%) 16796 us (95%) 17249 us (99%).
I0313 12:03:17.284170 1429239 AriaExecutor.h:646] Worker 15 latency: 16227 us (50%) 16464 us (75%) 16803 us (95%) 17271 us (99%).
I0313 12:03:17.284718 1429239 AriaExecutor.h:646] Worker 16 latency: 16131 us (50%) 16425 us (75%) 16777 us (95%) 17218 us (99%).
I0313 12:03:17.285270 1429239 AriaExecutor.h:646] Worker 17 latency: 16242 us (50%) 16467 us (75%) 16809 us (95%) 17225 us (99%).
I0313 12:03:17.285802 1429239 AriaExecutor.h:646] Worker 18 latency: 16247 us (50%) 16472 us (75%) 16808 us (95%) 17267 us (99%).
I0313 12:03:17.286335 1429239 AriaExecutor.h:646] Worker 19 latency: 16242 us (50%) 16472 us (75%) 16812 us (95%) 17308 us (99%).
I0313 12:03:17.286864 1429239 AriaExecutor.h:646] Worker 20 latency: 16246 us (50%) 16469 us (75%) 16801 us (95%) 17235 us (99%).
I0313 12:03:17.287393 1429239 AriaExecutor.h:646] Worker 21 latency: 16246 us (50%) 16470 us (75%) 16807 us (95%) 17209 us (99%).
I0313 12:03:17.287916 1429239 AriaExecutor.h:646] Worker 22 latency: 16249 us (50%) 16472 us (75%) 16802 us (95%) 17277 us (99%).
I0313 12:03:17.288455 1429239 AriaExecutor.h:646] Worker 23 latency: 16244 us (50%) 16465 us (75%) 16809 us (95%) 17283 us (99%).
I0313 12:03:17.288985 1429239 AriaExecutor.h:646] Worker 24 latency: 16243 us (50%) 16469 us (75%) 16805 us (95%) 17267 us (99%).
I0313 12:03:17.289517 1429239 AriaExecutor.h:646] Worker 25 latency: 16243 us (50%) 16468 us (75%) 16797 us (95%) 17233 us (99%).
I0313 12:03:17.290041 1429239 AriaExecutor.h:646] Worker 26 latency: 16245 us (50%) 16466 us (75%) 16802 us (95%) 17291 us (99%).
I0313 12:03:17.290562 1429239 AriaExecutor.h:646] Worker 27 latency: 16241 us (50%) 16469 us (75%) 16808 us (95%) 17252 us (99%).
I0313 12:03:17.291083 1429239 AriaExecutor.h:646] Worker 28 latency: 16241 us (50%) 16466 us (75%) 16806 us (95%) 17255 us (99%).
I0313 12:03:17.291611 1429239 AriaExecutor.h:646] Worker 29 latency: 16242 us (50%) 16468 us (75%) 16804 us (95%) 17235 us (99%).
I0313 12:03:17.292124 1429239 AriaExecutor.h:646] Worker 30 latency: 16249 us (50%) 16470 us (75%) 16807 us (95%) 17320 us (99%).
I0313 12:03:17.292743 1429239 AriaExecutor.h:646] Worker 31 latency: 16249 us (50%) 16474 us (75%) 16807 us (95%) 17222 us (99%).
I0313 12:03:17.293262 1429239 AriaExecutor.h:646] Worker 32 latency: 16228 us (50%) 16458 us (75%) 16801 us (95%) 17249 us (99%).
I0313 12:03:17.293785 1429239 AriaExecutor.h:646] Worker 33 latency: 16226 us (50%) 16460 us (75%) 16801 us (95%) 17254 us (99%).
I0313 12:03:17.294303 1429239 AriaExecutor.h:646] Worker 34 latency: 16222 us (50%) 16460 us (75%) 16801 us (95%) 17261 us (99%).
I0313 12:03:17.294821 1429239 AriaExecutor.h:646] Worker 35 latency: 16236 us (50%) 16466 us (75%) 16805 us (95%) 17207 us (99%).
I0313 12:03:17.295333 1429239 AriaExecutor.h:646] Worker 36 latency: 16222 us (50%) 16456 us (75%) 16796 us (95%) 17238 us (99%).
I0313 12:03:17.295847 1429239 AriaExecutor.h:646] Worker 37 latency: 16223 us (50%) 16455 us (75%) 16800 us (95%) 17217 us (99%).
I0313 12:03:17.296365 1429239 AriaExecutor.h:646] Worker 38 latency: 16227 us (50%) 16460 us (75%) 16801 us (95%) 17219 us (99%).
I0313 12:03:17.296866 1429239 AriaExecutor.h:646] Worker 39 latency: 16234 us (50%) 16465 us (75%) 16809 us (95%) 17468 us (99%).
I0313 12:03:17.297370 1429239 AriaExecutor.h:646] Worker 40 latency: 16229 us (50%) 16462 us (75%) 16805 us (95%) 17315 us (99%).
I0313 12:03:17.297869 1429239 AriaExecutor.h:646] Worker 41 latency: 16228 us (50%) 16460 us (75%) 16812 us (95%) 17382 us (99%).
I0313 12:03:17.298372 1429239 AriaExecutor.h:646] Worker 42 latency: 16218 us (50%) 16454 us (75%) 16799 us (95%) 17223 us (99%).
I0313 12:03:17.298878 1429239 AriaExecutor.h:646] Worker 43 latency: 16229 us (50%) 16461 us (75%) 16795 us (95%) 17243 us (99%).
I0313 12:03:17.299366 1429239 AriaExecutor.h:646] Worker 44 latency: 16226 us (50%) 16459 us (75%) 16792 us (95%) 17209 us (99%).
I0313 12:03:17.299861 1429239 AriaExecutor.h:646] Worker 45 latency: 16217 us (50%) 16458 us (75%) 16801 us (95%) 17211 us (99%).
I0313 12:03:17.300369 1429239 AriaExecutor.h:646] Worker 46 latency: 16217 us (50%) 16456 us (75%) 16793 us (95%) 17228 us (99%).
I0313 12:03:17.300858 1429239 AriaExecutor.h:646] Worker 47 latency: 16222 us (50%) 16460 us (75%) 16794 us (95%) 17272 us (99%).
I0313 12:03:17.301359 1429239 Coordinator.h:177] total commit: 18587.9
I0313 12:03:18.301594 1429239 Coordinator.h:192] Coordinator exits.
