I0318 16:41:53.656915 3951229 Database.h:65] ycsb initialization finished in 100 milliseconds.
I0318 16:41:53.657166 3951229 Coordinator.h:30] Coordinator initializes 12 workers.
I0318 16:41:53.696372 3951229 Coordinator.h:77] Coordinator starts to run 13 workers.
I0318 16:41:53.696452 3951246 AriaExecutor.h:82] AriaExecutor 0 started. 
I0318 16:41:53.696483 3951247 AriaExecutor.h:82] AriaExecutor 1 started. 
I0318 16:41:53.696569 3951248 AriaExecutor.h:82] AriaExecutor 2 started. 
I0318 16:41:53.696627 3951249 AriaExecutor.h:82] AriaExecutor 3 started. 
I0318 16:41:53.696776 3951250 AriaExecutor.h:82] AriaExecutor 4 started. 
I0318 16:41:53.696883 3951251 AriaExecutor.h:82] AriaExecutor 5 started. 
I0318 16:41:53.696987 3951252 AriaExecutor.h:82] AriaExecutor 6 started. 
I0318 16:41:53.697108 3951253 AriaExecutor.h:82] AriaExecutor 7 started. 
I0318 16:41:53.697233 3951254 AriaExecutor.h:82] AriaExecutor 8 started. 
I0318 16:41:53.697350 3951255 AriaExecutor.h:82] AriaExecutor 9 started. 
I0318 16:41:53.697466 3951256 AriaExecutor.h:82] AriaExecutor 10 started. 
I0318 16:41:53.697582 3951257 AriaExecutor.h:82] AriaExecutor 11 started. 
I0318 16:41:53.697695 3951258 Manager.h:224] Manager(worker id = 12) on the coordinator node started.
I0318 16:41:54.697736 3951229 Coordinator.h:126] commit: 278811 abort: 243189 (0/243189/0), network size: 0, avg network size: 0, si_in_serializable: 0 0 %, local: 0 %
I0318 16:41:55.697865 3951229 Coordinator.h:126] commit: 281649 abort: 245351 (0/245351/0), network size: 0, avg network size: 0, si_in_serializable: 0 0 %, local: 0 %
I0318 16:41:56.698021 3951229 Coordinator.h:126] commit: 282345 abort: 247655 (0/247655/0), network size: 0, avg network size: 0, si_in_serializable: 0 0 %, local: 0 %
I0318 16:41:57.698149 3951229 Coordinator.h:126] commit: 284647 abort: 248353 (0/248353/0), network size: 0, avg network size: 0, si_in_serializable: 0 0 %, local: 0 %
I0318 16:41:58.698267 3951229 Coordinator.h:126] commit: 283989 abort: 250011 (0/250011/0), network size: 0, avg network size: 0, si_in_serializable: 0 0 %, local: 0 %
I0318 16:41:59.698385 3951229 Coordinator.h:126] commit: 279111 abort: 244889 (0/244889/0), network size: 0, avg network size: 0, si_in_serializable: 0 0 %, local: 0 %
I0318 16:42:00.698500 3951229 Coordinator.h:126] commit: 284601 abort: 248399 (0/248399/0), network size: 0, avg network size: 0, si_in_serializable: 0 0 %, local: 0 %
I0318 16:42:01.698653 3951229 Coordinator.h:126] commit: 284418 abort: 248582 (0/248582/0), network size: 0, avg network size: 0, si_in_serializable: 0 0 %, local: 0 %
I0318 16:42:02.698776 3951229 Coordinator.h:126] commit: 283648 abort: 246352 (0/246352/0), network size: 0, avg network size: 0, si_in_serializable: 0 0 %, local: 0 %
I0318 16:42:03.698887 3951229 Coordinator.h:126] commit: 285135 abort: 248865 (0/248865/0), network size: 0, avg network size: 0, si_in_serializable: 0 0 %, local: 0 %
I0318 16:42:04.699036 3951229 Coordinator.h:126] commit: 283479 abort: 247521 (0/247521/0), network size: 0, avg network size: 0, si_in_serializable: 0 0 %, local: 0 %
I0318 16:42:05.699162 3951229 Coordinator.h:126] commit: 275028 abort: 240972 (0/240972/0), network size: 0, avg network size: 0, si_in_serializable: 0 0 %, local: 0 %
I0318 16:42:06.699281 3951229 Coordinator.h:126] commit: 285532 abort: 248468 (0/248468/0), network size: 0, avg network size: 0, si_in_serializable: 0 0 %, local: 0 %
I0318 16:42:07.699432 3951229 Coordinator.h:126] commit: 284397 abort: 247603 (0/247603/0), network size: 0, avg network size: 0, si_in_serializable: 0 0 %, local: 0 %
I0318 16:42:08.699558 3951229 Coordinator.h:126] commit: 284922 abort: 249078 (0/249078/0), network size: 0, avg network size: 0, si_in_serializable: 0 0 %, local: 0 %
I0318 16:42:09.699677 3951229 Coordinator.h:126] commit: 283520 abort: 246480 (0/246480/0), network size: 0, avg network size: 0, si_in_serializable: 0 0 %, local: 0 %
I0318 16:42:10.699795 3951229 Coordinator.h:126] commit: 285068 abort: 248932 (0/248932/0), network size: 0, avg network size: 0, si_in_serializable: 0 0 %, local: 0 %
I0318 16:42:11.699945 3951229 Coordinator.h:126] commit: 283098 abort: 249902 (0/249902/0), network size: 0, avg network size: 0, si_in_serializable: 0 0 %, local: 0 %
I0318 16:42:12.700074 3951229 Coordinator.h:126] commit: 285348 abort: 249652 (0/249652/0), network size: 0, avg network size: 0, si_in_serializable: 0 0 %, local: 0 %
I0318 16:42:13.700192 3951229 Coordinator.h:126] commit: 285497 abort: 248503 (0/248503/0), network size: 0, avg network size: 0, si_in_serializable: 0 0 %, local: 0 %
I0318 16:42:14.700311 3951229 Coordinator.h:126] commit: 283768 abort: 247232 (0/247232/0), network size: 0, avg network size: 0, si_in_serializable: 0 0 %, local: 0 %
I0318 16:42:15.700430 3951229 Coordinator.h:126] commit: 280420 abort: 244580 (0/244580/0), network size: 0, avg network size: 0, si_in_serializable: 0 0 %, local: 0 %
I0318 16:42:16.700582 3951229 Coordinator.h:126] commit: 269918 abort: 236082 (0/236082/0), network size: 0, avg network size: 0, si_in_serializable: 0 0 %, local: 0 %
I0318 16:42:17.700714 3951229 Coordinator.h:126] commit: 284591 abort: 249409 (0/249409/0), network size: 0, avg network size: 0, si_in_serializable: 0 0 %, local: 0 %
I0318 16:42:18.700835 3951229 Coordinator.h:126] commit: 284656 abort: 249344 (0/249344/0), network size: 0, avg network size: 0, si_in_serializable: 0 0 %, local: 0 %
I0318 16:42:18.700876 3951229 Coordinator.h:152] average commit: 283589 abort: 247711 (0/247711/0), network size: 0, avg network size: 0, si_in_serializable: 0 0 %, local: 0 %
I0318 16:42:18.702551 3951258 Manager.h:227] Manager(worker id = 12) on the coordinator node exits.
I0318 16:42:18.702553 3951246 AriaExecutor.h:94] AriaExecutor 0 exits. 
I0318 16:42:18.702555 3951256 AriaExecutor.h:94] AriaExecutor 10 exits. 
I0318 16:42:18.702555 3951253 AriaExecutor.h:94] AriaExecutor 7 exits. 
I0318 16:42:18.702555 3951255 AriaExecutor.h:94] AriaExecutor 9 exits. 
I0318 16:42:18.702556 3951251 AriaExecutor.h:94] AriaExecutor 5 exits. 
I0318 16:42:18.702558 3951252 AriaExecutor.h:94] AriaExecutor 6 exits. 
I0318 16:42:18.702554 3951249 AriaExecutor.h:94] AriaExecutor 3 exits. 
I0318 16:42:18.702555 3951248 AriaExecutor.h:94] AriaExecutor 2 exits. 
I0318 16:42:18.702556 3951250 AriaExecutor.h:94] AriaExecutor 4 exits. 
I0318 16:42:18.702553 3951257 AriaExecutor.h:94] AriaExecutor 11 exits. 
I0318 16:42:18.702557 3951247 AriaExecutor.h:94] AriaExecutor 1 exits. 
I0318 16:42:18.702558 3951254 AriaExecutor.h:94] AriaExecutor 8 exits. 
I0318 16:42:18.700898 3951229 AriaExecutor.h:535] Worker 0 latency: 1216 us (50%) 1579 us (75%) 1817 us (95%) 1857 us (99%).
I0318 16:42:18.728703 3951229 AriaExecutor.h:535] Worker 1 latency: 1218 us (50%) 1579 us (75%) 1817 us (95%) 1857 us (99%).
I0318 16:42:18.756011 3951229 AriaExecutor.h:535] Worker 2 latency: 1217 us (50%) 1578 us (75%) 1816 us (95%) 1857 us (99%).
I0318 16:42:18.783067 3951229 AriaExecutor.h:535] Worker 3 latency: 1217 us (50%) 1578 us (75%) 1816 us (95%) 1857 us (99%).
I0318 16:42:18.810084 3951229 AriaExecutor.h:535] Worker 4 latency: 1223 us (50%) 1580 us (75%) 1816 us (95%) 1857 us (99%).
I0318 16:42:18.837083 3951229 AriaExecutor.h:535] Worker 5 latency: 1220 us (50%) 1578 us (75%) 1816 us (95%) 1856 us (99%).
I0318 16:42:18.864661 3951229 AriaExecutor.h:535] Worker 6 latency: 1220 us (50%) 1579 us (75%) 1815 us (95%) 1856 us (99%).
I0318 16:42:18.891691 3951229 AriaExecutor.h:535] Worker 7 latency: 1222 us (50%) 1578 us (75%) 1815 us (95%) 1856 us (99%).
I0318 16:42:18.918573 3951229 AriaExecutor.h:535] Worker 8 latency: 1221 us (50%) 1578 us (75%) 1815 us (95%) 1856 us (99%).
I0318 16:42:18.945263 3951229 AriaExecutor.h:535] Worker 9 latency: 1219 us (50%) 1576 us (75%) 1814 us (95%) 1856 us (99%).
I0318 16:42:18.972332 3951229 AriaExecutor.h:535] Worker 10 latency: 1220 us (50%) 1576 us (75%) 1814 us (95%) 1856 us (99%).
I0318 16:42:18.999102 3951229 AriaExecutor.h:535] Worker 11 latency: 1218 us (50%) 1576 us (75%) 1814 us (95%) 1856 us (99%).
I0318 16:42:19.025694 3951229 Coordinator.h:177] total commit: 283589
I0318 16:42:20.025894 3951229 Coordinator.h:192] Coordinator exits.
