I0319 08:51:28.228703 4176107 Database.h:65] ycsb initialization finished in 97 milliseconds.
I0319 08:51:28.228940 4176107 Coordinator.h:30] Coordinator initializes 12 workers.
I0319 08:51:28.290545 4176107 Coordinator.h:77] Coordinator starts to run 13 workers.
I0319 08:51:28.290638 4176126 AriaExecutor.h:82] AriaExecutor 0 started. 
I0319 08:51:28.290683 4176127 AriaExecutor.h:82] AriaExecutor 1 started. 
I0319 08:51:28.290781 4176128 AriaExecutor.h:82] AriaExecutor 2 started. 
I0319 08:51:28.290844 4176129 AriaExecutor.h:82] AriaExecutor 3 started. 
I0319 08:51:28.290933 4176130 AriaExecutor.h:82] AriaExecutor 4 started. 
I0319 08:51:28.291025 4176131 AriaExecutor.h:82] AriaExecutor 5 started. 
I0319 08:51:28.291142 4176132 AriaExecutor.h:82] AriaExecutor 6 started. 
I0319 08:51:28.291235 4176133 AriaExecutor.h:82] AriaExecutor 7 started. 
I0319 08:51:28.291332 4176134 AriaExecutor.h:82] AriaExecutor 8 started. 
I0319 08:51:28.291445 4176135 AriaExecutor.h:82] AriaExecutor 9 started. 
I0319 08:51:28.291549 4176136 AriaExecutor.h:82] AriaExecutor 10 started. 
I0319 08:51:28.291659 4176137 AriaExecutor.h:82] AriaExecutor 11 started. 
I0319 08:51:28.291764 4176138 Manager.h:224] Manager(worker id = 12) on the coordinator node started.
I0319 08:51:29.291829 4176107 Coordinator.h:126] commit: 84657 abort: 55343 (0/55343/0), network size: 0, avg network size: 0, si_in_serializable: 0 0 %, local: 0 %
I0319 08:51:30.291987 4176107 Coordinator.h:126] commit: 88301 abort: 57699 (0/57699/0), network size: 0, avg network size: 0, si_in_serializable: 0 0 %, local: 0 %
I0319 08:51:31.292155 4176107 Coordinator.h:126] commit: 87928 abort: 58072 (0/58072/0), network size: 0, avg network size: 0, si_in_serializable: 0 0 %, local: 0 %
I0319 08:51:32.292291 4176107 Coordinator.h:126] commit: 88190 abort: 57810 (0/57810/0), network size: 0, avg network size: 0, si_in_serializable: 0 0 %, local: 0 %
I0319 08:51:33.292420 4176107 Coordinator.h:126] commit: 88252 abort: 57748 (0/57748/0), network size: 0, avg network size: 0, si_in_serializable: 0 0 %, local: 0 %
I0319 08:51:34.292550 4176107 Coordinator.h:126] commit: 87921 abort: 58079 (0/58079/0), network size: 0, avg network size: 0, si_in_serializable: 0 0 %, local: 0 %
I0319 08:51:35.292680 4176107 Coordinator.h:126] commit: 87966 abort: 58034 (0/58034/0), network size: 0, avg network size: 0, si_in_serializable: 0 0 %, local: 0 %
I0319 08:51:36.292843 4176107 Coordinator.h:126] commit: 89544 abort: 58456 (0/58456/0), network size: 0, avg network size: 0, si_in_serializable: 0 0 %, local: 0 %
I0319 08:51:37.292979 4176107 Coordinator.h:126] commit: 88071 abort: 57929 (0/57929/0), network size: 0, avg network size: 0, si_in_serializable: 0 0 %, local: 0 %
I0319 08:51:38.293108 4176107 Coordinator.h:126] commit: 87976 abort: 58024 (0/58024/0), network size: 0, avg network size: 0, si_in_serializable: 0 0 %, local: 0 %
I0319 08:51:39.293236 4176107 Coordinator.h:126] commit: 88182 abort: 57818 (0/57818/0), network size: 0, avg network size: 0, si_in_serializable: 0 0 %, local: 0 %
I0319 08:51:40.293366 4176107 Coordinator.h:126] commit: 87898 abort: 58102 (0/58102/0), network size: 0, avg network size: 0, si_in_serializable: 0 0 %, local: 0 %
I0319 08:51:41.293498 4176107 Coordinator.h:126] commit: 88353 abort: 57647 (0/57647/0), network size: 0, avg network size: 0, si_in_serializable: 0 0 %, local: 0 %
I0319 08:51:42.293661 4176107 Coordinator.h:126] commit: 88284 abort: 57716 (0/57716/0), network size: 0, avg network size: 0, si_in_serializable: 0 0 %, local: 0 %
I0319 08:51:43.293798 4176107 Coordinator.h:126] commit: 89612 abort: 58388 (0/58388/0), network size: 0, avg network size: 0, si_in_serializable: 0 0 %, local: 0 %
I0319 08:51:44.293928 4176107 Coordinator.h:126] commit: 87764 abort: 58236 (0/58236/0), network size: 0, avg network size: 0, si_in_serializable: 0 0 %, local: 0 %
I0319 08:51:45.294057 4176107 Coordinator.h:126] commit: 88092 abort: 57908 (0/57908/0), network size: 0, avg network size: 0, si_in_serializable: 0 0 %, local: 0 %
I0319 08:51:46.294189 4176107 Coordinator.h:126] commit: 88282 abort: 57718 (0/57718/0), network size: 0, avg network size: 0, si_in_serializable: 0 0 %, local: 0 %
I0319 08:51:47.294320 4176107 Coordinator.h:126] commit: 88257 abort: 57743 (0/57743/0), network size: 0, avg network size: 0, si_in_serializable: 0 0 %, local: 0 %
I0319 08:51:48.294450 4176107 Coordinator.h:126] commit: 88373 abort: 57627 (0/57627/0), network size: 0, avg network size: 0, si_in_serializable: 0 0 %, local: 0 %
I0319 08:51:49.294579 4176107 Coordinator.h:126] commit: 87870 abort: 58130 (0/58130/0), network size: 0, avg network size: 0, si_in_serializable: 0 0 %, local: 0 %
I0319 08:51:50.294706 4176107 Coordinator.h:126] commit: 89333 abort: 58667 (0/58667/0), network size: 0, avg network size: 0, si_in_serializable: 0 0 %, local: 0 %
I0319 08:51:51.294837 4176107 Coordinator.h:126] commit: 88124 abort: 57876 (0/57876/0), network size: 0, avg network size: 0, si_in_serializable: 0 0 %, local: 0 %
I0319 08:51:52.294965 4176107 Coordinator.h:126] commit: 88223 abort: 57777 (0/57777/0), network size: 0, avg network size: 0, si_in_serializable: 0 0 %, local: 0 %
I0319 08:51:53.295097 4176107 Coordinator.h:126] commit: 88159 abort: 57841 (0/57841/0), network size: 0, avg network size: 0, si_in_serializable: 0 0 %, local: 0 %
I0319 08:51:53.295141 4176107 Coordinator.h:152] average commit: 88309.7 abort: 57890.3 (0/57890.3/0), network size: 0, avg network size: 0, si_in_serializable: 0 0 %, local: 0 %
I0319 08:51:53.296826 4176135 AriaExecutor.h:94] AriaExecutor 9 exits. 
I0319 08:51:53.296826 4176136 AriaExecutor.h:94] AriaExecutor 10 exits. 
I0319 08:51:53.296826 4176133 AriaExecutor.h:94] AriaExecutor 7 exits. 
I0319 08:51:53.296826 4176126 AriaExecutor.h:94] AriaExecutor 0 exits. 
I0319 08:51:53.296826 4176131 AriaExecutor.h:94] AriaExecutor 5 exits. 
I0319 08:51:53.296826 4176138 Manager.h:227] Manager(worker id = 12) on the coordinator node exits.
I0319 08:51:53.296826 4176134 AriaExecutor.h:94] AriaExecutor 8 exits. 
I0319 08:51:53.296826 4176137 AriaExecutor.h:94] AriaExecutor 11 exits. 
I0319 08:51:53.296826 4176127 AriaExecutor.h:94] AriaExecutor 1 exits. 
I0319 08:51:53.296826 4176132 AriaExecutor.h:94] AriaExecutor 6 exits. 
I0319 08:51:53.296826 4176129 AriaExecutor.h:94] AriaExecutor 3 exits. 
I0319 08:51:53.296826 4176128 AriaExecutor.h:94] AriaExecutor 2 exits. 
I0319 08:51:53.296826 4176130 AriaExecutor.h:94] AriaExecutor 4 exits. 
I0319 08:51:53.295156 4176107 AriaExecutor.h:535] Worker 0 latency: 10167 us (50%) 11956 us (75%) 13181 us (95%) 13428 us (99%).
I0319 08:51:53.305205 4176107 AriaExecutor.h:535] Worker 1 latency: 10217 us (50%) 11972 us (75%) 13178 us (95%) 13420 us (99%).
I0319 08:51:53.315042 4176107 AriaExecutor.h:535] Worker 2 latency: 10188 us (50%) 11962 us (75%) 13175 us (95%) 13418 us (99%).
I0319 08:51:53.324792 4176107 AriaExecutor.h:535] Worker 3 latency: 10210 us (50%) 11970 us (75%) 13176 us (95%) 13417 us (99%).
I0319 08:51:53.334477 4176107 AriaExecutor.h:535] Worker 4 latency: 10190 us (50%) 11960 us (75%) 13176 us (95%) 13420 us (99%).
I0319 08:51:53.344336 4176107 AriaExecutor.h:535] Worker 5 latency: 10178 us (50%) 11956 us (75%) 13179 us (95%) 13425 us (99%).
I0319 08:51:53.354080 4176107 AriaExecutor.h:535] Worker 6 latency: 10189 us (50%) 11963 us (75%) 13177 us (95%) 13420 us (99%).
I0319 08:51:53.363848 4176107 AriaExecutor.h:535] Worker 7 latency: 10189 us (50%) 11961 us (75%) 13176 us (95%) 13420 us (99%).
I0319 08:51:53.373466 4176107 AriaExecutor.h:535] Worker 8 latency: 10211 us (50%) 11972 us (75%) 13177 us (95%) 13417 us (99%).
I0319 08:51:53.383158 4176107 AriaExecutor.h:535] Worker 9 latency: 10188 us (50%) 11959 us (75%) 13176 us (95%) 13419 us (99%).
I0319 08:51:53.392815 4176107 AriaExecutor.h:535] Worker 10 latency: 10225 us (50%) 11971 us (75%) 13175 us (95%) 13417 us (99%).
I0319 08:51:53.402559 4176107 AriaExecutor.h:535] Worker 11 latency: 10182 us (50%) 11958 us (75%) 13175 us (95%) 13418 us (99%).
I0319 08:51:53.412328 4176107 Coordinator.h:177] total commit: 88309.7
I0319 08:51:54.412536 4176107 Coordinator.h:192] Coordinator exits.
