I0319 09:08:13.967161 4179058 Database.h:65] ycsb initialization finished in 107 milliseconds.
I0319 09:08:13.967404 4179058 Coordinator.h:30] Coordinator initializes 12 workers.
I0319 09:08:14.215699 4179058 Coordinator.h:77] Coordinator starts to run 13 workers.
I0319 09:08:14.215791 4179077 AriaExecutor.h:82] AriaExecutor 0 started. 
I0319 09:08:14.215840 4179078 AriaExecutor.h:82] AriaExecutor 1 started. 
I0319 09:08:14.215931 4179079 AriaExecutor.h:82] AriaExecutor 2 started. 
I0319 09:08:14.216027 4179080 AriaExecutor.h:82] AriaExecutor 3 started. 
I0319 09:08:14.216094 4179081 AriaExecutor.h:82] AriaExecutor 4 started. 
I0319 09:08:14.216176 4179082 AriaExecutor.h:82] AriaExecutor 5 started. 
I0319 09:08:14.216265 4179083 AriaExecutor.h:82] AriaExecutor 6 started. 
I0319 09:08:14.216378 4179084 AriaExecutor.h:82] AriaExecutor 7 started. 
I0319 09:08:14.216493 4179085 AriaExecutor.h:82] AriaExecutor 8 started. 
I0319 09:08:14.216609 4179086 AriaExecutor.h:82] AriaExecutor 9 started. 
I0319 09:08:14.216722 4179087 AriaExecutor.h:82] AriaExecutor 10 started. 
I0319 09:08:14.216831 4179088 AriaExecutor.h:82] AriaExecutor 11 started. 
I0319 09:08:14.216929 4179089 Manager.h:224] Manager(worker id = 12) on the coordinator node started.
I0319 09:08:15.216986 4179058 Coordinator.h:126] commit: 15487 abort: 134513 (0/134513/0), network size: 0, avg network size: 0, si_in_serializable: 0 0 %, local: 0 %
I0319 09:08:16.217147 4179058 Coordinator.h:126] commit: 16537 abort: 143463 (0/143463/0), network size: 0, avg network size: 0, si_in_serializable: 0 0 %, local: 0 %
I0319 09:08:17.217311 4179058 Coordinator.h:126] commit: 16526 abort: 143474 (0/143474/0), network size: 0, avg network size: 0, si_in_serializable: 0 0 %, local: 0 %
I0319 09:08:18.217443 4179058 Coordinator.h:126] commit: 16415 abort: 143585 (0/143585/0), network size: 0, avg network size: 0, si_in_serializable: 0 0 %, local: 0 %
I0319 09:08:19.217571 4179058 Coordinator.h:126] commit: 16335 abort: 143665 (0/143665/0), network size: 0, avg network size: 0, si_in_serializable: 0 0 %, local: 0 %
I0319 09:08:20.217698 4179058 Coordinator.h:126] commit: 16345 abort: 143655 (0/143655/0), network size: 0, avg network size: 0, si_in_serializable: 0 0 %, local: 0 %
I0319 09:08:21.217826 4179058 Coordinator.h:126] commit: 16443 abort: 143557 (0/143557/0), network size: 0, avg network size: 0, si_in_serializable: 0 0 %, local: 0 %
I0319 09:08:22.217990 4179058 Coordinator.h:126] commit: 16442 abort: 143558 (0/143558/0), network size: 0, avg network size: 0, si_in_serializable: 0 0 %, local: 0 %
I0319 09:08:23.218124 4179058 Coordinator.h:126] commit: 17302 abort: 152698 (0/152698/0), network size: 0, avg network size: 0, si_in_serializable: 0 0 %, local: 0 %
I0319 09:08:24.218251 4179058 Coordinator.h:126] commit: 16279 abort: 143721 (0/143721/0), network size: 0, avg network size: 0, si_in_serializable: 0 0 %, local: 0 %
I0319 09:08:25.218379 4179058 Coordinator.h:126] commit: 16288 abort: 143712 (0/143712/0), network size: 0, avg network size: 0, si_in_serializable: 0 0 %, local: 0 %
I0319 09:08:26.218542 4179058 Coordinator.h:126] commit: 16528 abort: 143472 (0/143472/0), network size: 0, avg network size: 0, si_in_serializable: 0 0 %, local: 0 %
I0319 09:08:27.218680 4179058 Coordinator.h:126] commit: 16437 abort: 143563 (0/143563/0), network size: 0, avg network size: 0, si_in_serializable: 0 0 %, local: 0 %
I0319 09:08:28.218814 4179058 Coordinator.h:126] commit: 16344 abort: 143656 (0/143656/0), network size: 0, avg network size: 0, si_in_serializable: 0 0 %, local: 0 %
I0319 09:08:29.218940 4179058 Coordinator.h:126] commit: 16551 abort: 143449 (0/143449/0), network size: 0, avg network size: 0, si_in_serializable: 0 0 %, local: 0 %
I0319 09:08:30.219066 4179058 Coordinator.h:126] commit: 17440 abort: 152560 (0/152560/0), network size: 0, avg network size: 0, si_in_serializable: 0 0 %, local: 0 %
I0319 09:08:31.219197 4179058 Coordinator.h:126] commit: 16376 abort: 143624 (0/143624/0), network size: 0, avg network size: 0, si_in_serializable: 0 0 %, local: 0 %
I0319 09:08:32.219324 4179058 Coordinator.h:126] commit: 16224 abort: 143776 (0/143776/0), network size: 0, avg network size: 0, si_in_serializable: 0 0 %, local: 0 %
I0319 09:08:33.219449 4179058 Coordinator.h:126] commit: 16566 abort: 143434 (0/143434/0), network size: 0, avg network size: 0, si_in_serializable: 0 0 %, local: 0 %
I0319 09:08:34.219610 4179058 Coordinator.h:126] commit: 16436 abort: 143564 (0/143564/0), network size: 0, avg network size: 0, si_in_serializable: 0 0 %, local: 0 %
I0319 09:08:35.219751 4179058 Coordinator.h:126] commit: 16417 abort: 143583 (0/143583/0), network size: 0, avg network size: 0, si_in_serializable: 0 0 %, local: 0 %
I0319 09:08:36.219883 4179058 Coordinator.h:126] commit: 16710 abort: 143290 (0/143290/0), network size: 0, avg network size: 0, si_in_serializable: 0 0 %, local: 0 %
I0319 09:08:37.220010 4179058 Coordinator.h:126] commit: 16384 abort: 143616 (0/143616/0), network size: 0, avg network size: 0, si_in_serializable: 0 0 %, local: 0 %
I0319 09:08:38.220139 4179058 Coordinator.h:126] commit: 17498 abort: 152502 (0/152502/0), network size: 0, avg network size: 0, si_in_serializable: 0 0 %, local: 0 %
I0319 09:08:39.220266 4179058 Coordinator.h:126] commit: 16387 abort: 143613 (0/143613/0), network size: 0, avg network size: 0, si_in_serializable: 0 0 %, local: 0 %
I0319 09:08:39.220310 4179058 Coordinator.h:152] average commit: 16519 abort: 144481 (0/144481/0), network size: 0, avg network size: 0, si_in_serializable: 0 0 %, local: 0 %
I0319 09:08:39.220323 4179058 AriaExecutor.h:535] Worker 0 latency: 58055 us (50%) 60386 us (75%) 61549 us (95%) 64945 us (99%).
I0319 09:08:39.273453 4179088 AriaExecutor.h:94] AriaExecutor 11 exits. 
I0319 09:08:39.273453 4179084 AriaExecutor.h:94] AriaExecutor 7 exits. 
I0319 09:08:39.273453 4179083 AriaExecutor.h:94] AriaExecutor 6 exits. 
I0319 09:08:39.273453 4179081 AriaExecutor.h:94] AriaExecutor 4 exits. 
I0319 09:08:39.273454 4179079 AriaExecutor.h:94] AriaExecutor 2 exits. 
I0319 09:08:39.273453 4179078 AriaExecutor.h:94] AriaExecutor 1 exits. 
I0319 09:08:39.273454 4179077 AriaExecutor.h:94] AriaExecutor 0 exits. 
I0319 09:08:39.273453 4179085 AriaExecutor.h:94] AriaExecutor 8 exits. 
I0319 09:08:39.273454 4179087 AriaExecutor.h:94] AriaExecutor 10 exits. 
I0319 09:08:39.273453 4179082 AriaExecutor.h:94] AriaExecutor 5 exits. 
I0319 09:08:39.273453 4179086 AriaExecutor.h:94] AriaExecutor 9 exits. 
I0319 09:08:39.273453 4179089 Manager.h:227] Manager(worker id = 12) on the coordinator node exits.
I0319 09:08:39.273454 4179080 AriaExecutor.h:94] AriaExecutor 3 exits. 
I0319 09:08:39.273692 4179058 AriaExecutor.h:535] Worker 1 latency: 58050 us (50%) 60387 us (75%) 61536 us (95%) 64838 us (99%).
I0319 09:08:39.275535 4179058 AriaExecutor.h:535] Worker 2 latency: 58028 us (50%) 60376 us (75%) 61544 us (95%) 64877 us (99%).
I0319 09:08:39.277390 4179058 AriaExecutor.h:535] Worker 3 latency: 58066 us (50%) 60392 us (75%) 61548 us (95%) 64989 us (99%).
I0319 09:08:39.279206 4179058 AriaExecutor.h:535] Worker 4 latency: 57995 us (50%) 60373 us (75%) 61536 us (95%) 64853 us (99%).
I0319 09:08:39.281052 4179058 AriaExecutor.h:535] Worker 5 latency: 57979 us (50%) 60375 us (75%) 61543 us (95%) 64772 us (99%).
I0319 09:08:39.282891 4179058 AriaExecutor.h:535] Worker 6 latency: 58000 us (50%) 60364 us (75%) 61537 us (95%) 64978 us (99%).
I0319 09:08:39.284744 4179058 AriaExecutor.h:535] Worker 7 latency: 58019 us (50%) 60377 us (75%) 61535 us (95%) 64829 us (99%).
I0319 09:08:39.286581 4179058 AriaExecutor.h:535] Worker 8 latency: 57995 us (50%) 60369 us (75%) 61534 us (95%) 64688 us (99%).
I0319 09:08:39.288431 4179058 AriaExecutor.h:535] Worker 9 latency: 57962 us (50%) 60379 us (75%) 61540 us (95%) 65025 us (99%).
I0319 09:08:39.290266 4179058 AriaExecutor.h:535] Worker 10 latency: 58008 us (50%) 60372 us (75%) 61532 us (95%) 64794 us (99%).
I0319 09:08:39.292130 4179058 AriaExecutor.h:535] Worker 11 latency: 57989 us (50%) 60366 us (75%) 61539 us (95%) 65023 us (99%).
I0319 09:08:39.293962 4179058 Coordinator.h:177] total commit: 16519
I0319 09:08:40.294167 4179058 Coordinator.h:192] Coordinator exits.
