I0319 09:21:53.388008 4181416 Database.h:65] ycsb initialization finished in 98 milliseconds.
I0319 09:21:53.388222 4181416 Coordinator.h:30] Coordinator initializes 12 workers.
I0319 09:21:53.430778 4181416 Coordinator.h:77] Coordinator starts to run 13 workers.
I0319 09:21:53.430868 4181432 AriaExecutor.h:82] AriaExecutor 0 started. 
I0319 09:21:53.430912 4181433 AriaExecutor.h:82] AriaExecutor 1 started. 
I0319 09:21:53.431005 4181434 AriaExecutor.h:82] AriaExecutor 2 started. 
I0319 09:21:53.431079 4181435 AriaExecutor.h:82] AriaExecutor 3 started. 
I0319 09:21:53.431140 4181436 AriaExecutor.h:82] AriaExecutor 4 started. 
I0319 09:21:53.431238 4181437 AriaExecutor.h:82] AriaExecutor 5 started. 
I0319 09:21:53.431289 4181438 AriaExecutor.h:82] AriaExecutor 6 started. 
I0319 09:21:53.431497 4181439 AriaExecutor.h:82] AriaExecutor 7 started. 
I0319 09:21:53.431654 4181440 AriaExecutor.h:82] AriaExecutor 8 started. 
I0319 09:21:53.431823 4181441 AriaExecutor.h:82] AriaExecutor 9 started. 
I0319 09:21:53.431995 4181442 AriaExecutor.h:82] AriaExecutor 10 started. 
I0319 09:21:53.432216 4181443 AriaExecutor.h:82] AriaExecutor 11 started. 
I0319 09:21:53.432395 4181444 Manager.h:224] Manager(worker id = 12) on the coordinator node started.
I0319 09:21:54.432466 4181416 Coordinator.h:126] commit: 16909 abort: 168091 (0/168091/0), network size: 0, avg network size: 0, si_in_serializable: 0 0 %, local: 0 %
I0319 09:21:55.432648 4181416 Coordinator.h:126] commit: 17479 abort: 171521 (0/171521/0), network size: 0, avg network size: 0, si_in_serializable: 0 0 %, local: 0 %
I0319 09:21:56.432968 4181416 Coordinator.h:126] commit: 17271 abort: 172729 (0/172729/0), network size: 0, avg network size: 0, si_in_serializable: 0 0 %, local: 0 %
I0319 09:21:57.433139 4181416 Coordinator.h:126] commit: 17581 abort: 173419 (0/173419/0), network size: 0, avg network size: 0, si_in_serializable: 0 0 %, local: 0 %
I0319 09:21:58.433261 4181416 Coordinator.h:126] commit: 17448 abort: 172552 (0/172552/0), network size: 0, avg network size: 0, si_in_serializable: 0 0 %, local: 0 %
I0319 09:21:59.433382 4181416 Coordinator.h:126] commit: 17253 abort: 172747 (0/172747/0), network size: 0, avg network size: 0, si_in_serializable: 0 0 %, local: 0 %
I0319 09:22:00.433502 4181416 Coordinator.h:126] commit: 17685 abort: 172315 (0/172315/0), network size: 0, avg network size: 0, si_in_serializable: 0 0 %, local: 0 %
I0319 09:22:01.433688 4181416 Coordinator.h:126] commit: 17337 abort: 172663 (0/172663/0), network size: 0, avg network size: 0, si_in_serializable: 0 0 %, local: 0 %
I0319 09:22:02.433825 4181416 Coordinator.h:126] commit: 17431 abort: 173569 (0/173569/0), network size: 0, avg network size: 0, si_in_serializable: 0 0 %, local: 0 %
I0319 09:22:03.433944 4181416 Coordinator.h:126] commit: 17268 abort: 172732 (0/172732/0), network size: 0, avg network size: 0, si_in_serializable: 0 0 %, local: 0 %
I0319 09:22:04.434074 4181416 Coordinator.h:126] commit: 17304 abort: 172696 (0/172696/0), network size: 0, avg network size: 0, si_in_serializable: 0 0 %, local: 0 %
I0319 09:22:05.434209 4181416 Coordinator.h:126] commit: 17469 abort: 172531 (0/172531/0), network size: 0, avg network size: 0, si_in_serializable: 0 0 %, local: 0 %
I0319 09:22:06.434347 4181416 Coordinator.h:126] commit: 16960 abort: 171040 (0/171040/0), network size: 0, avg network size: 0, si_in_serializable: 0 0 %, local: 0 %
I0319 09:22:07.434526 4181416 Coordinator.h:126] commit: 17386 abort: 172614 (0/172614/0), network size: 0, avg network size: 0, si_in_serializable: 0 0 %, local: 0 %
I0319 09:22:08.434679 4181416 Coordinator.h:126] commit: 17463 abort: 172537 (0/172537/0), network size: 0, avg network size: 0, si_in_serializable: 0 0 %, local: 0 %
I0319 09:22:09.434801 4181416 Coordinator.h:126] commit: 17501 abort: 171499 (0/171499/0), network size: 0, avg network size: 0, si_in_serializable: 0 0 %, local: 0 %
I0319 09:22:10.434944 4181416 Coordinator.h:126] commit: 17273 abort: 172727 (0/172727/0), network size: 0, avg network size: 0, si_in_serializable: 0 0 %, local: 0 %
I0319 09:22:11.435084 4181416 Coordinator.h:126] commit: 17369 abort: 172631 (0/172631/0), network size: 0, avg network size: 0, si_in_serializable: 0 0 %, local: 0 %
I0319 09:22:12.435196 4181416 Coordinator.h:126] commit: 17421 abort: 173579 (0/173579/0), network size: 0, avg network size: 0, si_in_serializable: 0 0 %, local: 0 %
I0319 09:22:13.435310 4181416 Coordinator.h:126] commit: 17301 abort: 172699 (0/172699/0), network size: 0, avg network size: 0, si_in_serializable: 0 0 %, local: 0 %
I0319 09:22:14.435429 4181416 Coordinator.h:126] commit: 17129 abort: 172871 (0/172871/0), network size: 0, avg network size: 0, si_in_serializable: 0 0 %, local: 0 %
I0319 09:22:15.435565 4181416 Coordinator.h:126] commit: 17543 abort: 172457 (0/172457/0), network size: 0, avg network size: 0, si_in_serializable: 0 0 %, local: 0 %
I0319 09:22:16.435705 4181416 Coordinator.h:126] commit: 17233 abort: 172767 (0/172767/0), network size: 0, avg network size: 0, si_in_serializable: 0 0 %, local: 0 %
I0319 09:22:17.435882 4181416 Coordinator.h:126] commit: 17445 abort: 172555 (0/172555/0), network size: 0, avg network size: 0, si_in_serializable: 0 0 %, local: 0 %
I0319 09:22:18.436015 4181416 Coordinator.h:126] commit: 17394 abort: 172606 (0/172606/0), network size: 0, avg network size: 0, si_in_serializable: 0 0 %, local: 0 %
I0319 09:22:18.436051 4181416 Coordinator.h:152] average commit: 17344.7 abort: 172455 (0/172455/0), network size: 0, avg network size: 0, si_in_serializable: 0 0 %, local: 0 %
I0319 09:22:18.437537 4181435 AriaExecutor.h:94] AriaExecutor 3 exits. 
I0319 09:22:18.437537 4181436 AriaExecutor.h:94] AriaExecutor 4 exits. 
I0319 09:22:18.437537 4181437 AriaExecutor.h:94] AriaExecutor 5 exits. 
I0319 09:22:18.437548 4181441 AriaExecutor.h:94] AriaExecutor 9 exits. 
I0319 09:22:18.437554 4181444 Manager.h:227] Manager(worker id = 12) on the coordinator node exits.
I0319 09:22:18.437537 4181433 AriaExecutor.h:94] AriaExecutor 1 exits. 
I0319 09:22:18.437548 4181443 AriaExecutor.h:94] AriaExecutor 11 exits. 
I0319 09:22:18.437537 4181432 AriaExecutor.h:94] AriaExecutor 0 exits. 
I0319 09:22:18.437537 4181434 AriaExecutor.h:94] AriaExecutor 2 exits. 
I0319 09:22:18.437548 4181439 AriaExecutor.h:94] AriaExecutor 7 exits. 
I0319 09:22:18.437548 4181442 AriaExecutor.h:94] AriaExecutor 10 exits. 
I0319 09:22:18.437548 4181440 AriaExecutor.h:94] AriaExecutor 8 exits. 
I0319 09:22:18.437537 4181438 AriaExecutor.h:94] AriaExecutor 6 exits. 
I0319 09:22:18.436096 4181416 AriaExecutor.h:535] Worker 0 latency: 4345 us (50%) 5041 us (75%) 5250 us (95%) 5303 us (99%).
I0319 09:22:18.442315 4181416 AriaExecutor.h:535] Worker 1 latency: 4332 us (50%) 5022 us (75%) 5247 us (95%) 5299 us (99%).
I0319 09:22:18.448182 4181416 AriaExecutor.h:535] Worker 2 latency: 4301 us (50%) 4999 us (75%) 5243 us (95%) 5298 us (99%).
I0319 09:22:18.451911 4181416 AriaExecutor.h:535] Worker 3 latency: 4274 us (50%) 4981 us (75%) 5237 us (95%) 5289 us (99%).
I0319 09:22:18.455555 4181416 AriaExecutor.h:535] Worker 4 latency: 4263 us (50%) 4964 us (75%) 5234 us (95%) 5287 us (99%).
I0319 09:22:18.458841 4181416 AriaExecutor.h:535] Worker 5 latency: 4219 us (50%) 4939 us (75%) 5230 us (95%) 5286 us (99%).
I0319 09:22:18.461246 4181416 AriaExecutor.h:535] Worker 6 latency: 4208 us (50%) 4930 us (75%) 5225 us (95%) 5282 us (99%).
I0319 09:22:18.463658 4181416 AriaExecutor.h:535] Worker 7 latency: 4194 us (50%) 4921 us (75%) 5223 us (95%) 5283 us (99%).
I0319 09:22:18.466028 4181416 AriaExecutor.h:535] Worker 8 latency: 4188 us (50%) 4909 us (75%) 5219 us (95%) 5280 us (99%).
I0319 09:22:18.468338 4181416 AriaExecutor.h:535] Worker 9 latency: 4154 us (50%) 4895 us (75%) 5219 us (95%) 5278 us (99%).
I0319 09:22:18.470371 4181416 AriaExecutor.h:535] Worker 10 latency: 4158 us (50%) 4890 us (75%) 5217 us (95%) 5276 us (99%).
I0319 09:22:18.472393 4181416 AriaExecutor.h:535] Worker 11 latency: 4150 us (50%) 4893 us (75%) 5214 us (95%) 5277 us (99%).
I0319 09:22:18.474417 4181416 Coordinator.h:177] total commit: 17344.7
I0319 09:22:19.474642 4181416 Coordinator.h:192] Coordinator exits.
