I0319 10:03:47.044430 4189044 Database.h:65] ycsb initialization finished in 100 milliseconds.
I0319 10:03:47.044660 4189044 Coordinator.h:30] Coordinator initializes 12 workers.
I0319 10:03:47.200203 4189044 Coordinator.h:77] Coordinator starts to run 13 workers.
I0319 10:03:47.200301 4189060 AriaExecutor.h:94] AriaExecutor 0 started. 
I0319 10:03:47.200346 4189061 AriaExecutor.h:94] AriaExecutor 1 started. 
I0319 10:03:47.200428 4189062 AriaExecutor.h:94] AriaExecutor 2 started. 
I0319 10:03:47.200495 4189063 AriaExecutor.h:94] AriaExecutor 3 started. 
I0319 10:03:47.200590 4189064 AriaExecutor.h:94] AriaExecutor 4 started. 
I0319 10:03:47.200634 4189065 AriaExecutor.h:94] AriaExecutor 5 started. 
I0319 10:03:47.200946 4189066 AriaExecutor.h:94] AriaExecutor 6 started. 
I0319 10:03:47.201170 4189067 AriaExecutor.h:94] AriaExecutor 7 started. 
I0319 10:03:47.201359 4189068 AriaExecutor.h:94] AriaExecutor 8 started. 
I0319 10:03:47.201575 4189069 AriaExecutor.h:94] AriaExecutor 9 started. 
I0319 10:03:47.201763 4189070 AriaExecutor.h:94] AriaExecutor 10 started. 
I0319 10:03:47.201943 4189071 AriaExecutor.h:94] AriaExecutor 11 started. 
I0319 10:03:47.202129 4189072 Manager.h:224] Manager(worker id = 12) on the coordinator node started.
I0319 10:03:48.202198 4189044 Coordinator.h:126] commit: 19608 abort: 154392 (0/154392/0), network size: 0, avg network size: 0, si_in_serializable: 0 0 %, local: 0 %
I0319 10:03:49.202355 4189044 Coordinator.h:126] commit: 20271 abort: 159729 (0/159729/0), network size: 0, avg network size: 0, si_in_serializable: 0 0 %, local: 0 %
I0319 10:03:50.202524 4189044 Coordinator.h:126] commit: 20244 abort: 159756 (0/159756/0), network size: 0, avg network size: 0, si_in_serializable: 0 0 %, local: 0 %
I0319 10:03:51.202664 4189044 Coordinator.h:126] commit: 20309 abort: 159691 (0/159691/0), network size: 0, avg network size: 0, si_in_serializable: 0 0 %, local: 0 %
I0319 10:03:52.202797 4189044 Coordinator.h:126] commit: 20183 abort: 159817 (0/159817/0), network size: 0, avg network size: 0, si_in_serializable: 0 0 %, local: 0 %
I0319 10:03:53.202929 4189044 Coordinator.h:126] commit: 20293 abort: 159707 (0/159707/0), network size: 0, avg network size: 0, si_in_serializable: 0 0 %, local: 0 %
I0319 10:03:54.203063 4189044 Coordinator.h:126] commit: 20062 abort: 159938 (0/159938/0), network size: 0, avg network size: 0, si_in_serializable: 0 0 %, local: 0 %
I0319 10:03:55.203231 4189044 Coordinator.h:126] commit: 20237 abort: 159763 (0/159763/0), network size: 0, avg network size: 0, si_in_serializable: 0 0 %, local: 0 %
I0319 10:03:56.203368 4189044 Coordinator.h:126] commit: 20320 abort: 159680 (0/159680/0), network size: 0, avg network size: 0, si_in_serializable: 0 0 %, local: 0 %
I0319 10:03:57.203500 4189044 Coordinator.h:126] commit: 20190 abort: 159810 (0/159810/0), network size: 0, avg network size: 0, si_in_serializable: 0 0 %, local: 0 %
I0319 10:03:58.203663 4189044 Coordinator.h:126] commit: 20130 abort: 159870 (0/159870/0), network size: 0, avg network size: 0, si_in_serializable: 0 0 %, local: 0 %
I0319 10:03:59.203806 4189044 Coordinator.h:126] commit: 19575 abort: 154425 (0/154425/0), network size: 0, avg network size: 0, si_in_serializable: 0 0 %, local: 0 %
I0319 10:04:00.203940 4189044 Coordinator.h:126] commit: 20336 abort: 159664 (0/159664/0), network size: 0, avg network size: 0, si_in_serializable: 0 0 %, local: 0 %
I0319 10:04:01.204092 4189044 Coordinator.h:126] commit: 20308 abort: 159692 (0/159692/0), network size: 0, avg network size: 0, si_in_serializable: 0 0 %, local: 0 %
I0319 10:04:02.204227 4189044 Coordinator.h:126] commit: 20341 abort: 159659 (0/159659/0), network size: 0, avg network size: 0, si_in_serializable: 0 0 %, local: 0 %
I0319 10:04:03.204366 4189044 Coordinator.h:126] commit: 20331 abort: 159669 (0/159669/0), network size: 0, avg network size: 0, si_in_serializable: 0 0 %, local: 0 %
I0319 10:04:04.204501 4189044 Coordinator.h:126] commit: 20314 abort: 159686 (0/159686/0), network size: 0, avg network size: 0, si_in_serializable: 0 0 %, local: 0 %
I0319 10:04:05.204631 4189044 Coordinator.h:126] commit: 20319 abort: 159681 (0/159681/0), network size: 0, avg network size: 0, si_in_serializable: 0 0 %, local: 0 %
I0319 10:04:06.204762 4189044 Coordinator.h:126] commit: 20242 abort: 159758 (0/159758/0), network size: 0, avg network size: 0, si_in_serializable: 0 0 %, local: 0 %
I0319 10:04:07.204929 4189044 Coordinator.h:126] commit: 20247 abort: 159753 (0/159753/0), network size: 0, avg network size: 0, si_in_serializable: 0 0 %, local: 0 %
I0319 10:04:08.205070 4189044 Coordinator.h:126] commit: 20007 abort: 159993 (0/159993/0), network size: 0, avg network size: 0, si_in_serializable: 0 0 %, local: 0 %
I0319 10:04:09.205199 4189044 Coordinator.h:126] commit: 20266 abort: 159734 (0/159734/0), network size: 0, avg network size: 0, si_in_serializable: 0 0 %, local: 0 %
I0319 10:04:10.205331 4189044 Coordinator.h:126] commit: 20001 abort: 159999 (0/159999/0), network size: 0, avg network size: 0, si_in_serializable: 0 0 %, local: 0 %
I0319 10:04:11.205462 4189044 Coordinator.h:126] commit: 20158 abort: 159842 (0/159842/0), network size: 0, avg network size: 0, si_in_serializable: 0 0 %, local: 0 %
I0319 10:04:12.205593 4189044 Coordinator.h:126] commit: 20177 abort: 159823 (0/159823/0), network size: 0, avg network size: 0, si_in_serializable: 0 0 %, local: 0 %
I0319 10:04:12.205637 4189044 Coordinator.h:152] average commit: 20214.3 abort: 159186 (0/159186/0), network size: 0, avg network size: 0, si_in_serializable: 0 0 %, local: 0 %
I0319 10:04:12.205653 4189044 AriaExecutor.h:646] Worker 0 latency: 27596 us (50%) 31594 us (75%) 33020 us (95%) 33291 us (99%).
I0319 10:04:12.221629 4189070 AriaExecutor.h:106] AriaExecutor 10 exits. 
I0319 10:04:12.221629 4189068 AriaExecutor.h:106] AriaExecutor 8 exits. 
I0319 10:04:12.221632 4189065 AriaExecutor.h:106] AriaExecutor 5 exits. 
I0319 10:04:12.221629 4189066 AriaExecutor.h:106] AriaExecutor 6 exits. 
I0319 10:04:12.221630 4189064 AriaExecutor.h:106] AriaExecutor 4 exits. 
I0319 10:04:12.221632 4189069 AriaExecutor.h:106] AriaExecutor 9 exits. 
I0319 10:04:12.221632 4189062 AriaExecutor.h:106] AriaExecutor 2 exits. 
I0319 10:04:12.221633 4189061 AriaExecutor.h:106] AriaExecutor 1 exits. 
I0319 10:04:12.221633 4189072 Manager.h:227] Manager(worker id = 12) on the coordinator node exits.
I0319 10:04:12.221632 4189063 AriaExecutor.h:106] AriaExecutor 3 exits. 
I0319 10:04:12.221632 4189067 AriaExecutor.h:106] AriaExecutor 7 exits. 
I0319 10:04:12.221632 4189060 AriaExecutor.h:106] AriaExecutor 0 exits. 
I0319 10:04:12.221629 4189071 AriaExecutor.h:106] AriaExecutor 11 exits. 
I0319 10:04:12.221882 4189044 AriaExecutor.h:646] Worker 1 latency: 27644 us (50%) 31602 us (75%) 33018 us (95%) 33310 us (99%).
I0319 10:04:12.224367 4189044 AriaExecutor.h:646] Worker 2 latency: 27511 us (50%) 31558 us (75%) 33014 us (95%) 33295 us (99%).
I0319 10:04:12.226835 4189044 AriaExecutor.h:646] Worker 3 latency: 27522 us (50%) 31549 us (75%) 33009 us (95%) 33287 us (99%).
I0319 10:04:12.229307 4189044 AriaExecutor.h:646] Worker 4 latency: 27527 us (50%) 31539 us (75%) 33012 us (95%) 33271 us (99%).
I0319 10:04:12.231814 4189044 AriaExecutor.h:646] Worker 5 latency: 27581 us (50%) 31576 us (75%) 33013 us (95%) 33296 us (99%).
I0319 10:04:12.234211 4189044 AriaExecutor.h:646] Worker 6 latency: 27502 us (50%) 31535 us (75%) 33008 us (95%) 33279 us (99%).
I0319 10:04:12.236718 4189044 AriaExecutor.h:646] Worker 7 latency: 27399 us (50%) 31505 us (75%) 32998 us (95%) 33276 us (99%).
I0319 10:04:12.239192 4189044 AriaExecutor.h:646] Worker 8 latency: 27580 us (50%) 31525 us (75%) 33001 us (95%) 33273 us (99%).
I0319 10:04:12.241575 4189044 AriaExecutor.h:646] Worker 9 latency: 27530 us (50%) 31518 us (75%) 33001 us (95%) 33270 us (99%).
I0319 10:04:12.244024 4189044 AriaExecutor.h:646] Worker 10 latency: 27455 us (50%) 31478 us (75%) 32993 us (95%) 33274 us (99%).
I0319 10:04:12.246505 4189044 AriaExecutor.h:646] Worker 11 latency: 27463 us (50%) 31486 us (75%) 33000 us (95%) 33282 us (99%).
I0319 10:04:12.248967 4189044 Coordinator.h:177] total commit: 20214.3
I0319 10:04:13.249168 4189044 Coordinator.h:192] Coordinator exits.
