I0319 10:16:59.968601 4191399 Database.h:65] ycsb initialization finished in 102 milliseconds.
I0319 10:16:59.968851 4191399 Coordinator.h:30] Coordinator initializes 12 workers.
I0319 10:17:00.124900 4191399 Coordinator.h:77] Coordinator starts to run 13 workers.
I0319 10:17:00.124991 4191416 AriaExecutor.h:94] AriaExecutor 0 started. 
I0319 10:17:00.125036 4191417 AriaExecutor.h:94] AriaExecutor 1 started. 
I0319 10:17:00.125128 4191418 AriaExecutor.h:94] AriaExecutor 2 started. 
I0319 10:17:00.125197 4191419 AriaExecutor.h:94] AriaExecutor 3 started. 
I0319 10:17:00.125296 4191420 AriaExecutor.h:94] AriaExecutor 4 started. 
I0319 10:17:00.125340 4191421 AriaExecutor.h:94] AriaExecutor 5 started. 
I0319 10:17:00.125615 4191422 AriaExecutor.h:94] AriaExecutor 6 started. 
I0319 10:17:00.125813 4191423 AriaExecutor.h:94] AriaExecutor 7 started. 
I0319 10:17:00.126012 4191424 AriaExecutor.h:94] AriaExecutor 8 started. 
I0319 10:17:00.126207 4191425 AriaExecutor.h:94] AriaExecutor 9 started. 
I0319 10:17:00.126389 4191426 AriaExecutor.h:94] AriaExecutor 10 started. 
I0319 10:17:00.126583 4191427 AriaExecutor.h:94] AriaExecutor 11 started. 
I0319 10:17:00.126775 4191428 Manager.h:224] Manager(worker id = 12) on the coordinator node started.
I0319 10:17:01.126844 4191399 Coordinator.h:126] commit: 10173 abort: 199827 (0/199827/0), network size: 0, avg network size: 0, si_in_serializable: 0 0 %, local: 0 %
I0319 10:17:02.126986 4191399 Coordinator.h:126] commit: 10518 abort: 205482 (0/205482/0), network size: 0, avg network size: 0, si_in_serializable: 0 0 %, local: 0 %
I0319 10:17:03.127153 4191399 Coordinator.h:126] commit: 10451 abort: 205549 (0/205549/0), network size: 0, avg network size: 0, si_in_serializable: 0 0 %, local: 0 %
I0319 10:17:04.127295 4191399 Coordinator.h:126] commit: 10480 abort: 205520 (0/205520/0), network size: 0, avg network size: 0, si_in_serializable: 0 0 %, local: 0 %
I0319 10:17:05.127420 4191399 Coordinator.h:126] commit: 10823 abort: 211177 (0/211177/0), network size: 0, avg network size: 0, si_in_serializable: 0 0 %, local: 0 %
I0319 10:17:06.127548 4191399 Coordinator.h:126] commit: 10401 abort: 205599 (0/205599/0), network size: 0, avg network size: 0, si_in_serializable: 0 0 %, local: 0 %
I0319 10:17:07.127677 4191399 Coordinator.h:126] commit: 10751 abort: 211249 (0/211249/0), network size: 0, avg network size: 0, si_in_serializable: 0 0 %, local: 0 %
I0319 10:17:08.127840 4191399 Coordinator.h:126] commit: 10505 abort: 205495 (0/205495/0), network size: 0, avg network size: 0, si_in_serializable: 0 0 %, local: 0 %
I0319 10:17:09.127979 4191399 Coordinator.h:126] commit: 10506 abort: 205494 (0/205494/0), network size: 0, avg network size: 0, si_in_serializable: 0 0 %, local: 0 %
I0319 10:17:10.128111 4191399 Coordinator.h:126] commit: 10655 abort: 211345 (0/211345/0), network size: 0, avg network size: 0, si_in_serializable: 0 0 %, local: 0 %
I0319 10:17:11.128232 4191399 Coordinator.h:126] commit: 10740 abort: 211260 (0/211260/0), network size: 0, avg network size: 0, si_in_serializable: 0 0 %, local: 0 %
I0319 10:17:12.128367 4191399 Coordinator.h:126] commit: 10451 abort: 205549 (0/205549/0), network size: 0, avg network size: 0, si_in_serializable: 0 0 %, local: 0 %
I0319 10:17:13.128494 4191399 Coordinator.h:126] commit: 10899 abort: 211101 (0/211101/0), network size: 0, avg network size: 0, si_in_serializable: 0 0 %, local: 0 %
I0319 10:17:14.128618 4191399 Coordinator.h:126] commit: 10440 abort: 205560 (0/205560/0), network size: 0, avg network size: 0, si_in_serializable: 0 0 %, local: 0 %
I0319 10:17:15.128744 4191399 Coordinator.h:126] commit: 10334 abort: 205666 (0/205666/0), network size: 0, avg network size: 0, si_in_serializable: 0 0 %, local: 0 %
I0319 10:17:16.128908 4191399 Coordinator.h:126] commit: 10846 abort: 211154 (0/211154/0), network size: 0, avg network size: 0, si_in_serializable: 0 0 %, local: 0 %
I0319 10:17:17.129050 4191399 Coordinator.h:126] commit: 10306 abort: 205694 (0/205694/0), network size: 0, avg network size: 0, si_in_serializable: 0 0 %, local: 0 %
I0319 10:17:18.129179 4191399 Coordinator.h:126] commit: 10751 abort: 211249 (0/211249/0), network size: 0, avg network size: 0, si_in_serializable: 0 0 %, local: 0 %
I0319 10:17:19.129307 4191399 Coordinator.h:126] commit: 10489 abort: 205511 (0/205511/0), network size: 0, avg network size: 0, si_in_serializable: 0 0 %, local: 0 %
I0319 10:17:20.129436 4191399 Coordinator.h:126] commit: 10839 abort: 211161 (0/211161/0), network size: 0, avg network size: 0, si_in_serializable: 0 0 %, local: 0 %
I0319 10:17:21.129562 4191399 Coordinator.h:126] commit: 10396 abort: 205604 (0/205604/0), network size: 0, avg network size: 0, si_in_serializable: 0 0 %, local: 0 %
I0319 10:17:22.129688 4191399 Coordinator.h:126] commit: 10626 abort: 211374 (0/211374/0), network size: 0, avg network size: 0, si_in_serializable: 0 0 %, local: 0 %
I0319 10:17:23.129817 4191399 Coordinator.h:126] commit: 10470 abort: 205530 (0/205530/0), network size: 0, avg network size: 0, si_in_serializable: 0 0 %, local: 0 %
I0319 10:17:24.129942 4191399 Coordinator.h:126] commit: 10541 abort: 211459 (0/211459/0), network size: 0, avg network size: 0, si_in_serializable: 0 0 %, local: 0 %
I0319 10:17:25.130064 4191399 Coordinator.h:126] commit: 10468 abort: 205532 (0/205532/0), network size: 0, avg network size: 0, si_in_serializable: 0 0 %, local: 0 %
I0319 10:17:25.130110 4191399 Coordinator.h:152] average commit: 10609.5 abort: 208390 (0/208390/0), network size: 0, avg network size: 0, si_in_serializable: 0 0 %, local: 0 %
I0319 10:17:25.130124 4191399 AriaExecutor.h:646] Worker 0 latency: 19748 us (50%) 24810 us (75%) 27261 us (95%) 27474 us (99%).
I0319 10:17:25.139839 4191416 AriaExecutor.h:106] AriaExecutor 0 exits. 
I0319 10:17:25.139840 4191419 AriaExecutor.h:106] AriaExecutor 3 exits. 
I0319 10:17:25.139840 4191427 AriaExecutor.h:106] AriaExecutor 11 exits. 
I0319 10:17:25.139839 4191418 AriaExecutor.h:106] AriaExecutor 2 exits. 
I0319 10:17:25.139840 4191425 AriaExecutor.h:106] AriaExecutor 9 exits. 
I0319 10:17:25.139840 4191426 AriaExecutor.h:106] AriaExecutor 10 exits. 
I0319 10:17:25.139839 4191421 AriaExecutor.h:106] AriaExecutor 5 exits. 
I0319 10:17:25.139839 4191417 AriaExecutor.h:106] AriaExecutor 1 exits. 
I0319 10:17:25.139839 4191422 AriaExecutor.h:106] AriaExecutor 6 exits. 
I0319 10:17:25.139840 4191423 AriaExecutor.h:106] AriaExecutor 7 exits. 
I0319 10:17:25.139839 4191420 AriaExecutor.h:106] AriaExecutor 4 exits. 
I0319 10:17:25.139840 4191428 Manager.h:227] Manager(worker id = 12) on the coordinator node exits.
I0319 10:17:25.139839 4191424 AriaExecutor.h:106] AriaExecutor 8 exits. 
I0319 10:17:25.140021 4191399 AriaExecutor.h:646] Worker 1 latency: 19782 us (50%) 24722 us (75%) 27232 us (95%) 27457 us (99%).
I0319 10:17:25.141341 4191399 AriaExecutor.h:646] Worker 2 latency: 19704 us (50%) 24679 us (75%) 27185 us (95%) 27437 us (99%).
I0319 10:17:25.142606 4191399 AriaExecutor.h:646] Worker 3 latency: 19638 us (50%) 24577 us (75%) 27147 us (95%) 27426 us (99%).
I0319 10:17:25.143829 4191399 AriaExecutor.h:646] Worker 4 latency: 19601 us (50%) 24559 us (75%) 27132 us (95%) 27398 us (99%).
I0319 10:17:25.145097 4191399 AriaExecutor.h:646] Worker 5 latency: 19449 us (50%) 24449 us (75%) 27108 us (95%) 27390 us (99%).
I0319 10:17:25.146375 4191399 AriaExecutor.h:646] Worker 6 latency: 19435 us (50%) 24432 us (75%) 27094 us (95%) 27388 us (99%).
I0319 10:17:25.147622 4191399 AriaExecutor.h:646] Worker 7 latency: 19445 us (50%) 24524 us (75%) 27112 us (95%) 27408 us (99%).
I0319 10:17:25.148880 4191399 AriaExecutor.h:646] Worker 8 latency: 19346 us (50%) 24372 us (75%) 27072 us (95%) 27374 us (99%).
I0319 10:17:25.150130 4191399 AriaExecutor.h:646] Worker 9 latency: 19368 us (50%) 24346 us (75%) 27056 us (95%) 27388 us (99%).
I0319 10:17:25.151381 4191399 AriaExecutor.h:646] Worker 10 latency: 19359 us (50%) 24363 us (75%) 27044 us (95%) 27375 us (99%).
I0319 10:17:25.152650 4191399 AriaExecutor.h:646] Worker 11 latency: 19404 us (50%) 24375 us (75%) 27057 us (95%) 27383 us (99%).
I0319 10:17:25.153931 4191399 Coordinator.h:177] total commit: 10609.5
I0319 10:17:26.154136 4191399 Coordinator.h:192] Coordinator exits.
