I0319 09:45:15.733410 4185259 Database.h:65] ycsb initialization finished in 101 milliseconds.
I0319 09:45:15.733625 4185259 Coordinator.h:30] Coordinator initializes 12 workers.
I0319 09:45:15.839902 4185259 Coordinator.h:77] Coordinator starts to run 13 workers.
I0319 09:45:15.839986 4185275 AriaExecutor.h:94] AriaExecutor 0 started. 
I0319 09:45:15.840016 4185276 AriaExecutor.h:94] AriaExecutor 1 started. 
I0319 09:45:15.840116 4185277 AriaExecutor.h:94] AriaExecutor 2 started. 
I0319 09:45:15.840175 4185278 AriaExecutor.h:94] AriaExecutor 3 started. 
I0319 09:45:15.840250 4185279 AriaExecutor.h:94] AriaExecutor 4 started. 
I0319 09:45:15.840353 4185280 AriaExecutor.h:94] AriaExecutor 5 started. 
I0319 09:45:15.840467 4185281 AriaExecutor.h:94] AriaExecutor 6 started. 
I0319 09:45:15.840554 4185282 AriaExecutor.h:94] AriaExecutor 7 started. 
I0319 09:45:15.840644 4185283 AriaExecutor.h:94] AriaExecutor 8 started. 
I0319 09:45:15.840734 4185284 AriaExecutor.h:94] AriaExecutor 9 started. 
I0319 09:45:15.840834 4185285 AriaExecutor.h:94] AriaExecutor 10 started. 
I0319 09:45:15.840947 4185286 AriaExecutor.h:94] AriaExecutor 11 started. 
I0319 09:45:15.841051 4185287 Manager.h:224] Manager(worker id = 12) on the coordinator node started.
I0319 09:45:16.841105 4185259 Coordinator.h:126] commit: 51398 abort: 92602 (0/92602/0), network size: 0, avg network size: 0, si_in_serializable: 0 0 %, local: 0 %
I0319 09:45:17.841252 4185259 Coordinator.h:126] commit: 52727 abort: 95273 (0/95273/0), network size: 0, avg network size: 0, si_in_serializable: 0 0 %, local: 0 %
I0319 09:45:18.841418 4185259 Coordinator.h:126] commit: 52536 abort: 95464 (0/95464/0), network size: 0, avg network size: 0, si_in_serializable: 0 0 %, local: 0 %
I0319 09:45:19.841557 4185259 Coordinator.h:126] commit: 53024 abort: 94976 (0/94976/0), network size: 0, avg network size: 0, si_in_serializable: 0 0 %, local: 0 %
I0319 09:45:20.841693 4185259 Coordinator.h:126] commit: 54184 abort: 97816 (0/97816/0), network size: 0, avg network size: 0, si_in_serializable: 0 0 %, local: 0 %
I0319 09:45:21.841825 4185259 Coordinator.h:126] commit: 52838 abort: 95162 (0/95162/0), network size: 0, avg network size: 0, si_in_serializable: 0 0 %, local: 0 %
I0319 09:45:22.841959 4185259 Coordinator.h:126] commit: 54247 abort: 97753 (0/97753/0), network size: 0, avg network size: 0, si_in_serializable: 0 0 %, local: 0 %
I0319 09:45:23.842131 4185259 Coordinator.h:126] commit: 52751 abort: 95249 (0/95249/0), network size: 0, avg network size: 0, si_in_serializable: 0 0 %, local: 0 %
I0319 09:45:24.842268 4185259 Coordinator.h:126] commit: 52818 abort: 95182 (0/95182/0), network size: 0, avg network size: 0, si_in_serializable: 0 0 %, local: 0 %
I0319 09:45:25.842397 4185259 Coordinator.h:126] commit: 54085 abort: 97915 (0/97915/0), network size: 0, avg network size: 0, si_in_serializable: 0 0 %, local: 0 %
I0319 09:45:26.842564 4185259 Coordinator.h:126] commit: 52742 abort: 95258 (0/95258/0), network size: 0, avg network size: 0, si_in_serializable: 0 0 %, local: 0 %
I0319 09:45:27.842705 4185259 Coordinator.h:126] commit: 52712 abort: 95288 (0/95288/0), network size: 0, avg network size: 0, si_in_serializable: 0 0 %, local: 0 %
I0319 09:45:28.842837 4185259 Coordinator.h:126] commit: 53226 abort: 95329 (0/95329/0), network size: 0, avg network size: 0, si_in_serializable: 0 0 %, local: 0 %
I0319 09:45:29.842970 4185259 Coordinator.h:126] commit: 53867 abort: 97578 (0/97578/0), network size: 0, avg network size: 0, si_in_serializable: 0 0 %, local: 0 %
I0319 09:45:30.843140 4185259 Coordinator.h:126] commit: 52950 abort: 95050 (0/95050/0), network size: 0, avg network size: 0, si_in_serializable: 0 0 %, local: 0 %
I0319 09:45:31.843283 4185259 Coordinator.h:126] commit: 52994 abort: 95006 (0/95006/0), network size: 0, avg network size: 0, si_in_serializable: 0 0 %, local: 0 %
I0319 09:45:32.843422 4185259 Coordinator.h:126] commit: 54262 abort: 97738 (0/97738/0), network size: 0, avg network size: 0, si_in_serializable: 0 0 %, local: 0 %
I0319 09:45:33.843555 4185259 Coordinator.h:126] commit: 52987 abort: 95013 (0/95013/0), network size: 0, avg network size: 0, si_in_serializable: 0 0 %, local: 0 %
I0319 09:45:34.843685 4185259 Coordinator.h:126] commit: 54125 abort: 97875 (0/97875/0), network size: 0, avg network size: 0, si_in_serializable: 0 0 %, local: 0 %
I0319 09:45:35.843847 4185259 Coordinator.h:126] commit: 52790 abort: 95210 (0/95210/0), network size: 0, avg network size: 0, si_in_serializable: 0 0 %, local: 0 %
I0319 09:45:36.843989 4185259 Coordinator.h:126] commit: 52694 abort: 95306 (0/95306/0), network size: 0, avg network size: 0, si_in_serializable: 0 0 %, local: 0 %
I0319 09:45:37.844120 4185259 Coordinator.h:126] commit: 54131 abort: 97869 (0/97869/0), network size: 0, avg network size: 0, si_in_serializable: 0 0 %, local: 0 %
I0319 09:45:38.844259 4185259 Coordinator.h:126] commit: 52810 abort: 95190 (0/95190/0), network size: 0, avg network size: 0, si_in_serializable: 0 0 %, local: 0 %
I0319 09:45:39.844390 4185259 Coordinator.h:126] commit: 52897 abort: 95103 (0/95103/0), network size: 0, avg network size: 0, si_in_serializable: 0 0 %, local: 0 %
I0319 09:45:40.844519 4185259 Coordinator.h:126] commit: 54166 abort: 97834 (0/97834/0), network size: 0, avg network size: 0, si_in_serializable: 0 0 %, local: 0 %
I0319 09:45:40.844563 4185259 Coordinator.h:152] average commit: 53265.5 abort: 95934.5 (0/95934.5/0), network size: 0, avg network size: 0, si_in_serializable: 0 0 %, local: 0 %
I0319 09:45:40.844576 4185259 AriaExecutor.h:646] Worker 0 latency: 22274 us (50%) 24635 us (75%) 26121 us (95%) 26461 us (99%).
I0319 09:45:40.863548 4185286 AriaExecutor.h:106] AriaExecutor 11 exits. 
I0319 09:45:40.863549 4185276 AriaExecutor.h:106] AriaExecutor 1 exits. 
I0319 09:45:40.863548 4185275 AriaExecutor.h:106] AriaExecutor 0 exits. 
I0319 09:45:40.863548 4185277 AriaExecutor.h:106] AriaExecutor 2 exits. 
I0319 09:45:40.863549 4185282 AriaExecutor.h:106] AriaExecutor 7 exits. 
I0319 09:45:40.863549 4185285 AriaExecutor.h:106] AriaExecutor 10 exits. 
I0319 09:45:40.863548 4185278 AriaExecutor.h:106] AriaExecutor 3 exits. 
I0319 09:45:40.863548 4185281 AriaExecutor.h:106] AriaExecutor 6 exits. 
I0319 09:45:40.863548 4185283 AriaExecutor.h:106] AriaExecutor 8 exits. 
I0319 09:45:40.863548 4185284 AriaExecutor.h:106] AriaExecutor 9 exits. 
I0319 09:45:40.863548 4185279 AriaExecutor.h:106] AriaExecutor 4 exits. 
I0319 09:45:40.863548 4185287 Manager.h:227] Manager(worker id = 12) on the coordinator node exits.
I0319 09:45:40.863548 4185280 AriaExecutor.h:106] AriaExecutor 5 exits. 
I0319 09:45:40.863756 4185259 AriaExecutor.h:646] Worker 1 latency: 22285 us (50%) 24644 us (75%) 26118 us (95%) 26461 us (99%).
I0319 09:45:40.870134 4185259 AriaExecutor.h:646] Worker 2 latency: 22270 us (50%) 24642 us (75%) 26122 us (95%) 26464 us (99%).
I0319 09:45:40.876452 4185259 AriaExecutor.h:646] Worker 3 latency: 22277 us (50%) 24641 us (75%) 26119 us (95%) 26465 us (99%).
I0319 09:45:40.882858 4185259 AriaExecutor.h:646] Worker 4 latency: 22269 us (50%) 24639 us (75%) 26121 us (95%) 26475 us (99%).
I0319 09:45:40.889220 4185259 AriaExecutor.h:646] Worker 5 latency: 22239 us (50%) 24632 us (75%) 26123 us (95%) 26471 us (99%).
I0319 09:45:40.895568 4185259 AriaExecutor.h:646] Worker 6 latency: 22250 us (50%) 24631 us (75%) 26117 us (95%) 26459 us (99%).
I0319 09:45:40.901981 4185259 AriaExecutor.h:646] Worker 7 latency: 22264 us (50%) 24632 us (75%) 26116 us (95%) 26458 us (99%).
I0319 09:45:40.908385 4185259 AriaExecutor.h:646] Worker 8 latency: 22271 us (50%) 24629 us (75%) 26116 us (95%) 26455 us (99%).
I0319 09:45:40.914795 4185259 AriaExecutor.h:646] Worker 9 latency: 22275 us (50%) 24641 us (75%) 26122 us (95%) 26470 us (99%).
I0319 09:45:40.921255 4185259 AriaExecutor.h:646] Worker 10 latency: 22296 us (50%) 24647 us (75%) 26116 us (95%) 26456 us (99%).
I0319 09:45:40.927537 4185259 AriaExecutor.h:646] Worker 11 latency: 22263 us (50%) 24642 us (75%) 26121 us (95%) 26465 us (99%).
I0319 09:45:40.933928 4185259 Coordinator.h:177] total commit: 53265.5
I0319 09:45:41.934129 4185259 Coordinator.h:192] Coordinator exits.
