I0319 09:19:14.590220 4180990 Database.h:65] ycsb initialization finished in 99 milliseconds.
I0319 09:19:14.590353 4180990 Coordinator.h:30] Coordinator initializes 12 workers.
I0319 09:19:14.714125 4180990 Coordinator.h:77] Coordinator starts to run 13 workers.
I0319 09:19:14.714214 4181009 AriaExecutor.h:82] AriaExecutor 0 started. 
I0319 09:19:14.714259 4181010 AriaExecutor.h:82] AriaExecutor 1 started. 
I0319 09:19:14.714352 4181011 AriaExecutor.h:82] AriaExecutor 2 started. 
I0319 09:19:14.714416 4181012 AriaExecutor.h:82] AriaExecutor 3 started. 
I0319 09:19:14.714461 4181013 AriaExecutor.h:82] AriaExecutor 4 started. 
I0319 09:19:14.714594 4181014 AriaExecutor.h:82] AriaExecutor 5 started. 
I0319 09:19:14.714680 4181015 AriaExecutor.h:82] AriaExecutor 6 started. 
I0319 09:19:14.714787 4181016 AriaExecutor.h:82] AriaExecutor 7 started. 
I0319 09:19:14.714901 4181017 AriaExecutor.h:82] AriaExecutor 8 started. 
I0319 09:19:14.715003 4181018 AriaExecutor.h:82] AriaExecutor 9 started. 
I0319 09:19:14.715113 4181019 AriaExecutor.h:82] AriaExecutor 10 started. 
I0319 09:19:14.715226 4181020 AriaExecutor.h:82] AriaExecutor 11 started. 
I0319 09:19:14.715339 4181021 Manager.h:224] Manager(worker id = 12) on the coordinator node started.
I0319 09:19:15.715399 4180990 Coordinator.h:126] commit: 10717 abort: 164283 (0/164283/0), network size: 0, avg network size: 0, si_in_serializable: 0 0 %, local: 0 %
I0319 09:19:16.715540 4180990 Coordinator.h:126] commit: 11067 abort: 168933 (0/168933/0), network size: 0, avg network size: 0, si_in_serializable: 0 0 %, local: 0 %
I0319 09:19:17.715703 4180990 Coordinator.h:126] commit: 11116 abort: 168884 (0/168884/0), network size: 0, avg network size: 0, si_in_serializable: 0 0 %, local: 0 %
I0319 09:19:18.715838 4180990 Coordinator.h:126] commit: 11019 abort: 168981 (0/168981/0), network size: 0, avg network size: 0, si_in_serializable: 0 0 %, local: 0 %
I0319 09:19:19.715968 4180990 Coordinator.h:126] commit: 10876 abort: 169124 (0/169124/0), network size: 0, avg network size: 0, si_in_serializable: 0 0 %, local: 0 %
I0319 09:19:20.716099 4180990 Coordinator.h:126] commit: 11283 abort: 168717 (0/168717/0), network size: 0, avg network size: 0, si_in_serializable: 0 0 %, local: 0 %
I0319 09:19:21.716233 4180990 Coordinator.h:126] commit: 11075 abort: 168925 (0/168925/0), network size: 0, avg network size: 0, si_in_serializable: 0 0 %, local: 0 %
I0319 09:19:22.716403 4180990 Coordinator.h:126] commit: 11014 abort: 168986 (0/168986/0), network size: 0, avg network size: 0, si_in_serializable: 0 0 %, local: 0 %
I0319 09:19:23.716539 4180990 Coordinator.h:126] commit: 11102 abort: 168898 (0/168898/0), network size: 0, avg network size: 0, si_in_serializable: 0 0 %, local: 0 %
I0319 09:19:24.716666 4180990 Coordinator.h:126] commit: 10932 abort: 169068 (0/169068/0), network size: 0, avg network size: 0, si_in_serializable: 0 0 %, local: 0 %
I0319 09:19:25.716827 4180990 Coordinator.h:126] commit: 10961 abort: 169039 (0/169039/0), network size: 0, avg network size: 0, si_in_serializable: 0 0 %, local: 0 %
I0319 09:19:26.716964 4180990 Coordinator.h:126] commit: 11141 abort: 168859 (0/168859/0), network size: 0, avg network size: 0, si_in_serializable: 0 0 %, local: 0 %
I0319 09:19:27.717090 4180990 Coordinator.h:126] commit: 10984 abort: 169016 (0/169016/0), network size: 0, avg network size: 0, si_in_serializable: 0 0 %, local: 0 %
I0319 09:19:28.717218 4180990 Coordinator.h:126] commit: 11267 abort: 168733 (0/168733/0), network size: 0, avg network size: 0, si_in_serializable: 0 0 %, local: 0 %
I0319 09:19:29.717377 4180990 Coordinator.h:126] commit: 11110 abort: 168890 (0/168890/0), network size: 0, avg network size: 0, si_in_serializable: 0 0 %, local: 0 %
I0319 09:19:30.717514 4180990 Coordinator.h:126] commit: 11149 abort: 168851 (0/168851/0), network size: 0, avg network size: 0, si_in_serializable: 0 0 %, local: 0 %
I0319 09:19:31.717645 4180990 Coordinator.h:126] commit: 11026 abort: 168974 (0/168974/0), network size: 0, avg network size: 0, si_in_serializable: 0 0 %, local: 0 %
I0319 09:19:32.717777 4180990 Coordinator.h:126] commit: 11108 abort: 168892 (0/168892/0), network size: 0, avg network size: 0, si_in_serializable: 0 0 %, local: 0 %
I0319 09:19:33.717908 4180990 Coordinator.h:126] commit: 10939 abort: 169061 (0/169061/0), network size: 0, avg network size: 0, si_in_serializable: 0 0 %, local: 0 %
I0319 09:19:34.718068 4180990 Coordinator.h:126] commit: 10950 abort: 169050 (0/169050/0), network size: 0, avg network size: 0, si_in_serializable: 0 0 %, local: 0 %
I0319 09:19:35.718207 4180990 Coordinator.h:126] commit: 11141 abort: 168859 (0/168859/0), network size: 0, avg network size: 0, si_in_serializable: 0 0 %, local: 0 %
I0319 09:19:36.718336 4180990 Coordinator.h:126] commit: 11256 abort: 168744 (0/168744/0), network size: 0, avg network size: 0, si_in_serializable: 0 0 %, local: 0 %
I0319 09:19:37.718463 4180990 Coordinator.h:126] commit: 11137 abort: 168863 (0/168863/0), network size: 0, avg network size: 0, si_in_serializable: 0 0 %, local: 0 %
I0319 09:19:38.718590 4180990 Coordinator.h:126] commit: 11156 abort: 168844 (0/168844/0), network size: 0, avg network size: 0, si_in_serializable: 0 0 %, local: 0 %
I0319 09:19:39.718719 4180990 Coordinator.h:126] commit: 11033 abort: 168967 (0/168967/0), network size: 0, avg network size: 0, si_in_serializable: 0 0 %, local: 0 %
I0319 09:19:39.718763 4180990 Coordinator.h:152] average commit: 11063.5 abort: 168936 (0/168936/0), network size: 0, avg network size: 0, si_in_serializable: 0 0 %, local: 0 %
I0319 09:19:39.718776 4180990 AriaExecutor.h:535] Worker 0 latency: 23988 us (50%) 26741 us (75%) 27604 us (95%) 27781 us (99%).
I0319 09:19:39.741726 4181015 AriaExecutor.h:94] AriaExecutor 6 exits. 
I0319 09:19:39.741726 4181012 AriaExecutor.h:94] AriaExecutor 3 exits. 
I0319 09:19:39.741726 4181010 AriaExecutor.h:94] AriaExecutor 1 exits. 
I0319 09:19:39.741726 4181016 AriaExecutor.h:94] AriaExecutor 7 exits. 
I0319 09:19:39.741726 4181013 AriaExecutor.h:94] AriaExecutor 4 exits. 
I0319 09:19:39.741726 4181017 AriaExecutor.h:94] AriaExecutor 8 exits. 
I0319 09:19:39.741726 4181021 Manager.h:227] Manager(worker id = 12) on the coordinator node exits.
I0319 09:19:39.741726 4181011 AriaExecutor.h:94] AriaExecutor 2 exits. 
I0319 09:19:39.741726 4181014 AriaExecutor.h:94] AriaExecutor 5 exits. 
I0319 09:19:39.741726 4181009 AriaExecutor.h:94] AriaExecutor 0 exits. 
I0319 09:19:39.741726 4181018 AriaExecutor.h:94] AriaExecutor 9 exits. 
I0319 09:19:39.741726 4181020 AriaExecutor.h:94] AriaExecutor 11 exits. 
I0319 09:19:39.741726 4181019 AriaExecutor.h:94] AriaExecutor 10 exits. 
I0319 09:19:39.741954 4180990 AriaExecutor.h:535] Worker 1 latency: 24033 us (50%) 26712 us (75%) 27600 us (95%) 27775 us (99%).
I0319 09:19:39.743316 4180990 AriaExecutor.h:535] Worker 2 latency: 23934 us (50%) 26698 us (75%) 27594 us (95%) 27773 us (99%).
I0319 09:19:39.744704 4180990 AriaExecutor.h:535] Worker 3 latency: 24054 us (50%) 26707 us (75%) 27595 us (95%) 27779 us (99%).
I0319 09:19:39.746104 4180990 AriaExecutor.h:535] Worker 4 latency: 23950 us (50%) 26685 us (75%) 27585 us (95%) 27773 us (99%).
I0319 09:19:39.747447 4180990 AriaExecutor.h:535] Worker 5 latency: 23960 us (50%) 26642 us (75%) 27585 us (95%) 27766 us (99%).
I0319 09:19:39.748811 4180990 AriaExecutor.h:535] Worker 6 latency: 23892 us (50%) 26625 us (75%) 27584 us (95%) 27775 us (99%).
I0319 09:19:39.750171 4180990 AriaExecutor.h:535] Worker 7 latency: 23764 us (50%) 26591 us (75%) 27569 us (95%) 27758 us (99%).
I0319 09:19:39.751535 4180990 AriaExecutor.h:535] Worker 8 latency: 23860 us (50%) 26658 us (75%) 27575 us (95%) 27775 us (99%).
I0319 09:19:39.752919 4180990 AriaExecutor.h:535] Worker 9 latency: 23824 us (50%) 26595 us (75%) 27569 us (95%) 27750 us (99%).
I0319 09:19:39.754272 4180990 AriaExecutor.h:535] Worker 10 latency: 23825 us (50%) 26586 us (75%) 27567 us (95%) 27764 us (99%).
I0319 09:19:39.755609 4180990 AriaExecutor.h:535] Worker 11 latency: 23765 us (50%) 26566 us (75%) 27566 us (95%) 27759 us (99%).
I0319 09:19:39.756986 4180990 Coordinator.h:177] total commit: 11063.5
I0319 09:19:40.757194 4180990 Coordinator.h:192] Coordinator exits.
