I0319 08:57:12.075224 4177121 Database.h:65] ycsb initialization finished in 99 milliseconds.
I0319 08:57:12.075459 4177121 Coordinator.h:30] Coordinator initializes 12 workers.
I0319 08:57:12.206661 4177121 Coordinator.h:77] Coordinator starts to run 13 workers.
I0319 08:57:12.206748 4177137 AriaExecutor.h:82] AriaExecutor 0 started. 
I0319 08:57:12.206791 4177138 AriaExecutor.h:82] AriaExecutor 1 started. 
I0319 08:57:12.206894 4177139 AriaExecutor.h:82] AriaExecutor 2 started. 
I0319 08:57:12.206952 4177140 AriaExecutor.h:82] AriaExecutor 3 started. 
I0319 08:57:12.207055 4177141 AriaExecutor.h:82] AriaExecutor 4 started. 
I0319 08:57:12.207136 4177142 AriaExecutor.h:82] AriaExecutor 5 started. 
I0319 08:57:12.207226 4177143 AriaExecutor.h:82] AriaExecutor 6 started. 
I0319 08:57:12.207283 4177144 AriaExecutor.h:82] AriaExecutor 7 started. 
I0319 08:57:12.207505 4177145 AriaExecutor.h:82] AriaExecutor 8 started. 
I0319 08:57:12.207671 4177146 AriaExecutor.h:82] AriaExecutor 9 started. 
I0319 08:57:12.207818 4177147 AriaExecutor.h:82] AriaExecutor 10 started. 
I0319 08:57:12.207964 4177148 AriaExecutor.h:82] AriaExecutor 11 started. 
I0319 08:57:12.208106 4177149 Manager.h:224] Manager(worker id = 12) on the coordinator node started.
I0319 08:57:13.208168 4177121 Coordinator.h:126] commit: 40591 abort: 104409 (0/104409/0), network size: 0, avg network size: 0, si_in_serializable: 0 0 %, local: 0 %
I0319 08:57:14.208364 4177121 Coordinator.h:126] commit: 40956 abort: 104044 (0/104044/0), network size: 0, avg network size: 0, si_in_serializable: 0 0 %, local: 0 %
I0319 08:57:15.208676 4177121 Coordinator.h:126] commit: 43875 abort: 111125 (0/111125/0), network size: 0, avg network size: 0, si_in_serializable: 0 0 %, local: 0 %
I0319 08:57:16.208871 4177121 Coordinator.h:126] commit: 42304 abort: 107696 (0/107696/0), network size: 0, avg network size: 0, si_in_serializable: 0 0 %, local: 0 %
I0319 08:57:17.209002 4177121 Coordinator.h:126] commit: 42435 abort: 107565 (0/107565/0), network size: 0, avg network size: 0, si_in_serializable: 0 0 %, local: 0 %
I0319 08:57:18.209133 4177121 Coordinator.h:126] commit: 42227 abort: 107773 (0/107773/0), network size: 0, avg network size: 0, si_in_serializable: 0 0 %, local: 0 %
I0319 08:57:19.209287 4177121 Coordinator.h:126] commit: 42398 abort: 107602 (0/107602/0), network size: 0, avg network size: 0, si_in_serializable: 0 0 %, local: 0 %
I0319 08:57:20.209493 4177121 Coordinator.h:126] commit: 43870 abort: 111130 (0/111130/0), network size: 0, avg network size: 0, si_in_serializable: 0 0 %, local: 0 %
I0319 08:57:21.209646 4177121 Coordinator.h:126] commit: 42570 abort: 107430 (0/107430/0), network size: 0, avg network size: 0, si_in_serializable: 0 0 %, local: 0 %
I0319 08:57:22.209775 4177121 Coordinator.h:126] commit: 42365 abort: 107635 (0/107635/0), network size: 0, avg network size: 0, si_in_serializable: 0 0 %, local: 0 %
I0319 08:57:23.209904 4177121 Coordinator.h:126] commit: 42551 abort: 107449 (0/107449/0), network size: 0, avg network size: 0, si_in_serializable: 0 0 %, local: 0 %
I0319 08:57:24.210040 4177121 Coordinator.h:126] commit: 43686 abort: 111314 (0/111314/0), network size: 0, avg network size: 0, si_in_serializable: 0 0 %, local: 0 %
I0319 08:57:25.210191 4177121 Coordinator.h:126] commit: 42121 abort: 107879 (0/107879/0), network size: 0, avg network size: 0, si_in_serializable: 0 0 %, local: 0 %
I0319 08:57:26.210378 4177121 Coordinator.h:126] commit: 42125 abort: 107875 (0/107875/0), network size: 0, avg network size: 0, si_in_serializable: 0 0 %, local: 0 %
I0319 08:57:27.210530 4177121 Coordinator.h:126] commit: 42326 abort: 107674 (0/107674/0), network size: 0, avg network size: 0, si_in_serializable: 0 0 %, local: 0 %
I0319 08:57:28.210660 4177121 Coordinator.h:126] commit: 43577 abort: 111423 (0/111423/0), network size: 0, avg network size: 0, si_in_serializable: 0 0 %, local: 0 %
I0319 08:57:29.210799 4177121 Coordinator.h:126] commit: 42269 abort: 107731 (0/107731/0), network size: 0, avg network size: 0, si_in_serializable: 0 0 %, local: 0 %
I0319 08:57:30.210949 4177121 Coordinator.h:126] commit: 42104 abort: 107896 (0/107896/0), network size: 0, avg network size: 0, si_in_serializable: 0 0 %, local: 0 %
I0319 08:57:31.211104 4177121 Coordinator.h:126] commit: 42340 abort: 107660 (0/107660/0), network size: 0, avg network size: 0, si_in_serializable: 0 0 %, local: 0 %
I0319 08:57:32.211234 4177121 Coordinator.h:126] commit: 43678 abort: 111322 (0/111322/0), network size: 0, avg network size: 0, si_in_serializable: 0 0 %, local: 0 %
I0319 08:57:33.211357 4177121 Coordinator.h:126] commit: 42185 abort: 107815 (0/107815/0), network size: 0, avg network size: 0, si_in_serializable: 0 0 %, local: 0 %
I0319 08:57:34.211493 4177121 Coordinator.h:126] commit: 42153 abort: 107847 (0/107847/0), network size: 0, avg network size: 0, si_in_serializable: 0 0 %, local: 0 %
I0319 08:57:35.211639 4177121 Coordinator.h:126] commit: 42303 abort: 107697 (0/107697/0), network size: 0, avg network size: 0, si_in_serializable: 0 0 %, local: 0 %
I0319 08:57:36.211827 4177121 Coordinator.h:126] commit: 43919 abort: 111081 (0/111081/0), network size: 0, avg network size: 0, si_in_serializable: 0 0 %, local: 0 %
I0319 08:57:37.211957 4177121 Coordinator.h:126] commit: 42208 abort: 107792 (0/107792/0), network size: 0, avg network size: 0, si_in_serializable: 0 0 %, local: 0 %
I0319 08:57:37.211988 4177121 Coordinator.h:152] average commit: 42677.7 abort: 108822 (0/108822/0), network size: 0, avg network size: 0, si_in_serializable: 0 0 %, local: 0 %
I0319 08:57:37.212034 4177121 AriaExecutor.h:535] Worker 0 latency: 28680 us (50%) 31011 us (75%) 32461 us (95%) 32871 us (99%).
I0319 08:57:37.232075 4177144 AriaExecutor.h:94] AriaExecutor 7 exits. 
I0319 08:57:37.232075 4177142 AriaExecutor.h:94] AriaExecutor 5 exits. 
I0319 08:57:37.232075 4177140 AriaExecutor.h:94] AriaExecutor 3 exits. 
I0319 08:57:37.232075 4177139 AriaExecutor.h:94] AriaExecutor 2 exits. 
I0319 08:57:37.232075 4177137 AriaExecutor.h:94] AriaExecutor 0 exits. 
I0319 08:57:37.232075 4177141 AriaExecutor.h:94] AriaExecutor 4 exits. 
I0319 08:57:37.232086 4177146 AriaExecutor.h:94] AriaExecutor 9 exits. 
I0319 08:57:37.232086 4177148 AriaExecutor.h:94] AriaExecutor 11 exits. 
I0319 08:57:37.232087 4177147 AriaExecutor.h:94] AriaExecutor 10 exits. 
I0319 08:57:37.232093 4177149 Manager.h:227] Manager(worker id = 12) on the coordinator node exits.
I0319 08:57:37.232075 4177143 AriaExecutor.h:94] AriaExecutor 6 exits. 
I0319 08:57:37.232085 4177145 AriaExecutor.h:94] AriaExecutor 8 exits. 
I0319 08:57:37.232075 4177138 AriaExecutor.h:94] AriaExecutor 1 exits. 
I0319 08:57:37.232383 4177121 AriaExecutor.h:535] Worker 1 latency: 28734 us (50%) 31029 us (75%) 32458 us (95%) 32876 us (99%).
I0319 08:57:37.245149 4177121 AriaExecutor.h:535] Worker 2 latency: 28718 us (50%) 31022 us (75%) 32460 us (95%) 32874 us (99%).
I0319 08:57:37.254362 4177121 AriaExecutor.h:535] Worker 3 latency: 28726 us (50%) 31028 us (75%) 32460 us (95%) 32878 us (99%).
I0319 08:57:37.261453 4177121 AriaExecutor.h:535] Worker 4 latency: 28702 us (50%) 31019 us (75%) 32458 us (95%) 32861 us (99%).
I0319 08:57:37.267210 4177121 AriaExecutor.h:535] Worker 5 latency: 28685 us (50%) 31015 us (75%) 32463 us (95%) 32876 us (99%).
I0319 08:57:37.272841 4177121 AriaExecutor.h:535] Worker 6 latency: 28700 us (50%) 31016 us (75%) 32459 us (95%) 32866 us (99%).
I0319 08:57:37.278416 4177121 AriaExecutor.h:535] Worker 7 latency: 28705 us (50%) 31025 us (75%) 32460 us (95%) 32885 us (99%).
I0319 08:57:37.284039 4177121 AriaExecutor.h:535] Worker 8 latency: 28707 us (50%) 31013 us (75%) 32455 us (95%) 32857 us (99%).
I0319 08:57:37.289708 4177121 AriaExecutor.h:535] Worker 9 latency: 28704 us (50%) 31024 us (75%) 32462 us (95%) 32869 us (99%).
I0319 08:57:37.295236 4177121 AriaExecutor.h:535] Worker 10 latency: 28699 us (50%) 31013 us (75%) 32454 us (95%) 32860 us (99%).
I0319 08:57:37.300817 4177121 AriaExecutor.h:535] Worker 11 latency: 28687 us (50%) 31015 us (75%) 32459 us (95%) 32864 us (99%).
I0319 08:57:37.306382 4177121 Coordinator.h:177] total commit: 42677.7
I0319 08:57:38.306605 4177121 Coordinator.h:192] Coordinator exits.
