I0401 03:52:05.681500 1164949 Database.h:65] ycsb initialization finished in 99 milliseconds.
I0401 03:52:05.681730 1164949 Coordinator.h:30] Coordinator initializes 24 workers.
I0401 03:52:05.719867 1164949 Coordinator.h:77] Coordinator starts to run 25 workers.
I0401 03:52:05.719970 1164977 AriaExecutor.h:82] AriaExecutor 0 started. 
I0401 03:52:05.720014 1164978 AriaExecutor.h:82] AriaExecutor 1 started. 
I0401 03:52:05.720150 1164979 AriaExecutor.h:82] AriaExecutor 2 started. 
I0401 03:52:05.720176 1164980 AriaExecutor.h:82] AriaExecutor 3 started. 
I0401 03:52:05.720327 1164982 AriaExecutor.h:82] AriaExecutor 5 started. 
I0401 03:52:05.720330 1164981 AriaExecutor.h:82] AriaExecutor 4 started. 
I0401 03:52:05.720396 1164983 AriaExecutor.h:82] AriaExecutor 6 started. 
I0401 03:52:05.720494 1164984 AriaExecutor.h:82] AriaExecutor 7 started. 
I0401 03:52:05.720554 1164985 AriaExecutor.h:82] AriaExecutor 8 started. 
I0401 03:52:05.720638 1164986 AriaExecutor.h:82] AriaExecutor 9 started. 
I0401 03:52:05.720685 1164987 AriaExecutor.h:82] AriaExecutor 10 started. 
I0401 03:52:05.720782 1164988 AriaExecutor.h:82] AriaExecutor 11 started. 
I0401 03:52:05.720839 1164989 AriaExecutor.h:82] AriaExecutor 12 started. 
I0401 03:52:05.720929 1164990 AriaExecutor.h:82] AriaExecutor 13 started. 
I0401 03:52:05.720992 1164991 AriaExecutor.h:82] AriaExecutor 14 started. 
I0401 03:52:05.721081 1164992 AriaExecutor.h:82] AriaExecutor 15 started. 
I0401 03:52:05.721222 1164993 AriaExecutor.h:82] AriaExecutor 16 started. 
I0401 03:52:05.722394 1164994 AriaExecutor.h:82] AriaExecutor 17 started. 
I0401 03:52:05.722506 1164995 AriaExecutor.h:82] AriaExecutor 18 started. 
I0401 03:52:05.722597 1164996 AriaExecutor.h:82] AriaExecutor 19 started. 
I0401 03:52:05.722697 1164997 AriaExecutor.h:82] AriaExecutor 20 started. 
I0401 03:52:05.722807 1164998 AriaExecutor.h:82] AriaExecutor 21 started. 
I0401 03:52:05.722921 1164999 AriaExecutor.h:82] AriaExecutor 22 started. 
I0401 03:52:05.723034 1165000 AriaExecutor.h:82] AriaExecutor 23 started. 
I0401 03:52:05.723146 1165001 Manager.h:224] Manager(worker id = 24) on the coordinator node started.
I0401 03:52:06.723199 1164949 Coordinator.h:126] commit: 72935 abort: 138065 (0/138065/0), network size: 0, avg network size: 0, si_in_serializable: 0 0 %, local: 0 %
I0401 03:52:07.723345 1164949 Coordinator.h:126] commit: 74510 abort: 140490 (0/140490/0), network size: 0, avg network size: 0, si_in_serializable: 0 0 %, local: 0 %
I0401 03:52:08.723519 1164949 Coordinator.h:126] commit: 75471 abort: 142529 (0/142529/0), network size: 0, avg network size: 0, si_in_serializable: 0 0 %, local: 0 %
I0401 03:52:09.723664 1164949 Coordinator.h:126] commit: 76106 abort: 142894 (0/142894/0), network size: 0, avg network size: 0, si_in_serializable: 0 0 %, local: 0 %
I0401 03:52:10.723798 1164949 Coordinator.h:126] commit: 74408 abort: 140592 (0/140592/0), network size: 0, avg network size: 0, si_in_serializable: 0 0 %, local: 0 %
I0401 03:52:11.723930 1164949 Coordinator.h:126] commit: 75134 abort: 142866 (0/142866/0), network size: 0, avg network size: 0, si_in_serializable: 0 0 %, local: 0 %
I0401 03:52:12.724064 1164949 Coordinator.h:126] commit: 76839 abort: 144161 (0/144161/0), network size: 0, avg network size: 0, si_in_serializable: 0 0 %, local: 0 %
I0401 03:52:13.724237 1164949 Coordinator.h:126] commit: 76075 abort: 143925 (0/143925/0), network size: 0, avg network size: 0, si_in_serializable: 0 0 %, local: 0 %
I0401 03:52:14.724390 1164949 Coordinator.h:126] commit: 77085 abort: 144915 (0/144915/0), network size: 0, avg network size: 0, si_in_serializable: 0 0 %, local: 0 %
I0401 03:52:15.724521 1164949 Coordinator.h:126] commit: 76901 abort: 145099 (0/145099/0), network size: 0, avg network size: 0, si_in_serializable: 0 0 %, local: 0 %
I0401 03:52:16.724651 1164949 Coordinator.h:126] commit: 73833 abort: 140167 (0/140167/0), network size: 0, avg network size: 0, si_in_serializable: 0 0 %, local: 0 %
I0401 03:52:17.724782 1164949 Coordinator.h:126] commit: 77072 abort: 144928 (0/144928/0), network size: 0, avg network size: 0, si_in_serializable: 0 0 %, local: 0 %
I0401 03:52:18.724910 1164949 Coordinator.h:126] commit: 74960 abort: 142040 (0/142040/0), network size: 0, avg network size: 0, si_in_serializable: 0 0 %, local: 0 %
I0401 03:52:19.725044 1164949 Coordinator.h:126] commit: 76850 abort: 144150 (0/144150/0), network size: 0, avg network size: 0, si_in_serializable: 0 0 %, local: 0 %
I0401 03:52:20.725175 1164949 Coordinator.h:126] commit: 77032 abort: 144968 (0/144968/0), network size: 0, avg network size: 0, si_in_serializable: 0 0 %, local: 0 %
I0401 03:52:21.725304 1164949 Coordinator.h:126] commit: 75719 abort: 143281 (0/143281/0), network size: 0, avg network size: 0, si_in_serializable: 0 0 %, local: 0 %
I0401 03:52:22.725440 1164949 Coordinator.h:126] commit: 76692 abort: 145308 (0/145308/0), network size: 0, avg network size: 0, si_in_serializable: 0 0 %, local: 0 %
I0401 03:52:23.725572 1164949 Coordinator.h:126] commit: 76665 abort: 144335 (0/144335/0), network size: 0, avg network size: 0, si_in_serializable: 0 0 %, local: 0 %
I0401 03:52:24.725764 1164949 Coordinator.h:126] commit: 76603 abort: 144397 (0/144397/0), network size: 0, avg network size: 0, si_in_serializable: 0 0 %, local: 0 %
I0401 03:52:25.725934 1164949 Coordinator.h:126] commit: 76556 abort: 144444 (0/144444/0), network size: 0, avg network size: 0, si_in_serializable: 0 0 %, local: 0 %
I0401 03:52:26.726075 1164949 Coordinator.h:126] commit: 75581 abort: 142419 (0/142419/0), network size: 0, avg network size: 0, si_in_serializable: 0 0 %, local: 0 %
I0401 03:52:27.726205 1164949 Coordinator.h:126] commit: 75541 abort: 142459 (0/142459/0), network size: 0, avg network size: 0, si_in_serializable: 0 0 %, local: 0 %
I0401 03:52:28.726334 1164949 Coordinator.h:126] commit: 76321 abort: 143679 (0/143679/0), network size: 0, avg network size: 0, si_in_serializable: 0 0 %, local: 0 %
I0401 03:52:29.726464 1164949 Coordinator.h:126] commit: 75641 abort: 142359 (0/142359/0), network size: 0, avg network size: 0, si_in_serializable: 0 0 %, local: 0 %
I0401 03:52:30.726593 1164949 Coordinator.h:126] commit: 74012 abort: 138988 (0/138988/0), network size: 0, avg network size: 0, si_in_serializable: 0 0 %, local: 0 %
I0401 03:52:30.726641 1164949 Coordinator.h:152] average commit: 76198.2 abort: 143802 (0/143802/0), network size: 0, avg network size: 0, si_in_serializable: 0 0 %, local: 0 %
I0401 03:52:30.730839 1164992 AriaExecutor.h:94] AriaExecutor 15 exits. 
I0401 03:52:30.730845 1164995 AriaExecutor.h:94] AriaExecutor 18 exits. 
I0401 03:52:30.730860 1164983 AriaExecutor.h:94] AriaExecutor 6 exits. 
I0401 03:52:30.730841 1164993 AriaExecutor.h:94] AriaExecutor 16 exits. 
I0401 03:52:30.730885 1164986 AriaExecutor.h:94] AriaExecutor 9 exits. 
I0401 03:52:30.730842 1164996 AriaExecutor.h:94] AriaExecutor 19 exits. 
I0401 03:52:30.730839 1164997 AriaExecutor.h:94] AriaExecutor 20 exits. 
I0401 03:52:30.730841 1164991 AriaExecutor.h:94] AriaExecutor 14 exits. 
I0401 03:52:30.730861 1164990 AriaExecutor.h:94] AriaExecutor 13 exits. 
I0401 03:52:30.730861 1164988 AriaExecutor.h:94] AriaExecutor 11 exits. 
I0401 03:52:30.730844 1165000 AriaExecutor.h:94] AriaExecutor 23 exits. 
I0401 03:52:30.730861 1164977 AriaExecutor.h:94] AriaExecutor 0 exits. 
I0401 03:52:30.730861 1164982 AriaExecutor.h:94] AriaExecutor 5 exits. 
I0401 03:52:30.730840 1165001 Manager.h:227] Manager(worker id = 24) on the coordinator node exits.
I0401 03:52:30.730860 1164987 AriaExecutor.h:94] AriaExecutor 10 exits. 
I0401 03:52:30.730842 1164999 AriaExecutor.h:94] AriaExecutor 22 exits. 
I0401 03:52:30.730844 1164998 AriaExecutor.h:94] AriaExecutor 21 exits. 
I0401 03:52:30.730841 1164994 AriaExecutor.h:94] AriaExecutor 17 exits. 
I0401 03:52:30.730861 1164984 AriaExecutor.h:94] AriaExecutor 7 exits. 
I0401 03:52:30.730861 1164989 AriaExecutor.h:94] AriaExecutor 12 exits. 
I0401 03:52:30.730861 1164980 AriaExecutor.h:94] AriaExecutor 3 exits. 
I0401 03:52:30.730880 1164979 AriaExecutor.h:94] AriaExecutor 2 exits. 
I0401 03:52:30.730885 1164981 AriaExecutor.h:94] AriaExecutor 4 exits. 
I0401 03:52:30.730861 1164978 AriaExecutor.h:94] AriaExecutor 1 exits. 
I0401 03:52:30.730861 1164985 AriaExecutor.h:94] AriaExecutor 8 exits. 
I0401 03:52:30.726658 1164949 AriaExecutor.h:535] Worker 0 latency: 3996 us (50%) 4251 us (75%) 4431 us (95%) 4947 us (99%).
I0401 03:52:30.731540 1164949 AriaExecutor.h:535] Worker 1 latency: 4003 us (50%) 4256 us (75%) 4432 us (95%) 4968 us (99%).
I0401 03:52:30.735684 1164949 AriaExecutor.h:535] Worker 2 latency: 4004 us (50%) 4255 us (75%) 4432 us (95%) 4954 us (99%).
I0401 03:52:30.739784 1164949 AriaExecutor.h:535] Worker 3 latency: 4004 us (50%) 4256 us (75%) 4432 us (95%) 4970 us (99%).
I0401 03:52:30.743850 1164949 AriaExecutor.h:535] Worker 4 latency: 4002 us (50%) 4254 us (75%) 4431 us (95%) 4970 us (99%).
I0401 03:52:30.747982 1164949 AriaExecutor.h:535] Worker 5 latency: 4000 us (50%) 4253 us (75%) 4432 us (95%) 4953 us (99%).
I0401 03:52:30.752064 1164949 AriaExecutor.h:535] Worker 6 latency: 4003 us (50%) 4254 us (75%) 4431 us (95%) 4954 us (99%).
I0401 03:52:30.756107 1164949 AriaExecutor.h:535] Worker 7 latency: 4006 us (50%) 4256 us (75%) 4431 us (95%) 4942 us (99%).
I0401 03:52:30.760213 1164949 AriaExecutor.h:535] Worker 8 latency: 4005 us (50%) 4256 us (75%) 4432 us (95%) 4950 us (99%).
I0401 03:52:30.764290 1164949 AriaExecutor.h:535] Worker 9 latency: 4001 us (50%) 4255 us (75%) 4431 us (95%) 4950 us (99%).
I0401 03:52:30.768349 1164949 AriaExecutor.h:535] Worker 10 latency: 4006 us (50%) 4256 us (75%) 4431 us (95%) 4956 us (99%).
I0401 03:52:30.772382 1164949 AriaExecutor.h:535] Worker 11 latency: 4001 us (50%) 4255 us (75%) 4431 us (95%) 4959 us (99%).
I0401 03:52:30.776428 1164949 AriaExecutor.h:535] Worker 12 latency: 4002 us (50%) 4254 us (75%) 4430 us (95%) 4941 us (99%).
I0401 03:52:30.780435 1164949 AriaExecutor.h:535] Worker 13 latency: 3998 us (50%) 4253 us (75%) 4430 us (95%) 4930 us (99%).
I0401 03:52:30.784461 1164949 AriaExecutor.h:535] Worker 14 latency: 3999 us (50%) 4256 us (75%) 4435 us (95%) 4956 us (99%).
I0401 03:52:30.788473 1164949 AriaExecutor.h:535] Worker 15 latency: 4001 us (50%) 4258 us (75%) 4436 us (95%) 4960 us (99%).
I0401 03:52:30.792435 1164949 AriaExecutor.h:535] Worker 16 latency: 3999 us (50%) 4256 us (75%) 4434 us (95%) 4964 us (99%).
I0401 03:52:30.796370 1164949 AriaExecutor.h:535] Worker 17 latency: 4003 us (50%) 4257 us (75%) 4434 us (95%) 4931 us (99%).
I0401 03:52:30.800279 1164949 AriaExecutor.h:535] Worker 18 latency: 4001 us (50%) 4257 us (75%) 4434 us (95%) 4949 us (99%).
I0401 03:52:30.804265 1164949 AriaExecutor.h:535] Worker 19 latency: 4001 us (50%) 4255 us (75%) 4433 us (95%) 4943 us (99%).
I0401 03:52:30.808163 1164949 AriaExecutor.h:535] Worker 20 latency: 3999 us (50%) 4257 us (75%) 4435 us (95%) 4971 us (99%).
I0401 03:52:30.812052 1164949 AriaExecutor.h:535] Worker 21 latency: 3999 us (50%) 4256 us (75%) 4434 us (95%) 4945 us (99%).
I0401 03:52:30.815973 1164949 AriaExecutor.h:535] Worker 22 latency: 4005 us (50%) 4259 us (75%) 4434 us (95%) 4962 us (99%).
I0401 03:52:30.819911 1164949 AriaExecutor.h:535] Worker 23 latency: 4003 us (50%) 4258 us (75%) 4434 us (95%) 4942 us (99%).
I0401 03:52:30.823802 1164949 Coordinator.h:177] total commit: 76198.2
I0401 03:52:31.824014 1164949 Coordinator.h:192] Coordinator exits.
