I1126 13:29:46.448675 934189 Database.h:65] ycsb initialization finished in 30 milliseconds.
I1126 13:29:46.448778 934189 Coordinator.h:30] Coordinator initializes 12 workers.
I1126 13:29:46.520365 934189 Coordinator.h:77] Coordinator starts to run 13 workers.
I1126 13:29:46.520423 934205 AriaExecutor.h:82] AriaExecutor 0 started. 
I1126 13:29:46.520453 934206 AriaExecutor.h:82] AriaExecutor 1 started. 
I1126 13:29:46.520499 934207 AriaExecutor.h:82] AriaExecutor 2 started. 
I1126 13:29:46.520538 934208 AriaExecutor.h:82] AriaExecutor 3 started. 
I1126 13:29:46.520571 934209 AriaExecutor.h:82] AriaExecutor 4 started. 
I1126 13:29:46.520622 934210 AriaExecutor.h:82] AriaExecutor 5 started. 
I1126 13:29:46.520668 934211 AriaExecutor.h:82] AriaExecutor 6 started. 
I1126 13:29:46.520726 934212 AriaExecutor.h:82] AriaExecutor 7 started. 
I1126 13:29:46.520780 934213 AriaExecutor.h:82] AriaExecutor 8 started. 
I1126 13:29:46.520833 934214 AriaExecutor.h:82] AriaExecutor 9 started. 
I1126 13:29:46.520876 934215 AriaExecutor.h:82] AriaExecutor 10 started. 
I1126 13:29:46.520933 934216 AriaExecutor.h:82] AriaExecutor 11 started. 
I1126 13:29:46.520982 934217 Manager.h:224] Manager(worker id = 12) on the coordinator node started.
I1126 13:29:47.521041 934189 Coordinator.h:126] commit: 7066 abort: 202934 (0/202934/0), network size: 0, avg network size: 0, si_in_serializable: 0 0 %, local: 0 %
I1126 13:29:48.521166 934189 Coordinator.h:126] commit: 7465 abort: 212535 (0/212535/0), network size: 0, avg network size: 0, si_in_serializable: 0 0 %, local: 0 %
I1126 13:29:49.521301 934189 Coordinator.h:126] commit: 7408 abort: 212592 (0/212592/0), network size: 0, avg network size: 0, si_in_serializable: 0 0 %, local: 0 %
I1126 13:29:50.521409 934189 Coordinator.h:126] commit: 7766 abort: 222234 (0/222234/0), network size: 0, avg network size: 0, si_in_serializable: 0 0 %, local: 0 %
I1126 13:29:51.521513 934189 Coordinator.h:126] commit: 7445 abort: 212555 (0/212555/0), network size: 0, avg network size: 0, si_in_serializable: 0 0 %, local: 0 %
I1126 13:29:52.521616 934189 Coordinator.h:126] commit: 7633 abort: 222367 (0/222367/0), network size: 0, avg network size: 0, si_in_serializable: 0 0 %, local: 0 %
I1126 13:29:53.521749 934189 Coordinator.h:126] commit: 7325 abort: 212675 (0/212675/0), network size: 0, avg network size: 0, si_in_serializable: 0 0 %, local: 0 %
I1126 13:29:54.521865 934189 Coordinator.h:126] commit: 7740 abort: 222260 (0/222260/0), network size: 0, avg network size: 0, si_in_serializable: 0 0 %, local: 0 %
I1126 13:29:55.521966 934189 Coordinator.h:126] commit: 7321 abort: 212679 (0/212679/0), network size: 0, avg network size: 0, si_in_serializable: 0 0 %, local: 0 %
I1126 13:29:56.522071 934189 Coordinator.h:126] commit: 7652 abort: 222348 (0/222348/0), network size: 0, avg network size: 0, si_in_serializable: 0 0 %, local: 0 %
I1126 13:29:57.522173 934189 Coordinator.h:126] commit: 7847 abort: 222153 (0/222153/0), network size: 0, avg network size: 0, si_in_serializable: 0 0 %, local: 0 %
I1126 13:29:58.522303 934189 Coordinator.h:126] commit: 7425 abort: 212575 (0/212575/0), network size: 0, avg network size: 0, si_in_serializable: 0 0 %, local: 0 %
I1126 13:29:59.522428 934189 Coordinator.h:126] commit: 7663 abort: 222337 (0/222337/0), network size: 0, avg network size: 0, si_in_serializable: 0 0 %, local: 0 %
I1126 13:30:00.522527 934189 Coordinator.h:126] commit: 7682 abort: 222318 (0/222318/0), network size: 0, avg network size: 0, si_in_serializable: 0 0 %, local: 0 %
I1126 13:30:01.522641 934189 Coordinator.h:126] commit: 7482 abort: 212518 (0/212518/0), network size: 0, avg network size: 0, si_in_serializable: 0 0 %, local: 0 %
I1126 13:30:02.522739 934189 Coordinator.h:126] commit: 7850 abort: 222150 (0/222150/0), network size: 0, avg network size: 0, si_in_serializable: 0 0 %, local: 0 %
I1126 13:30:03.522840 934189 Coordinator.h:126] commit: 7782 abort: 222218 (0/222218/0), network size: 0, avg network size: 0, si_in_serializable: 0 0 %, local: 0 %
I1126 13:30:04.522943 934189 Coordinator.h:126] commit: 7342 abort: 212658 (0/212658/0), network size: 0, avg network size: 0, si_in_serializable: 0 0 %, local: 0 %
I1126 13:30:05.523068 934189 Coordinator.h:126] commit: 7727 abort: 222273 (0/222273/0), network size: 0, avg network size: 0, si_in_serializable: 0 0 %, local: 0 %
I1126 13:30:06.523178 934189 Coordinator.h:126] commit: 7370 abort: 212630 (0/212630/0), network size: 0, avg network size: 0, si_in_serializable: 0 0 %, local: 0 %
I1126 13:30:07.523281 934189 Coordinator.h:126] commit: 7674 abort: 222326 (0/222326/0), network size: 0, avg network size: 0, si_in_serializable: 0 0 %, local: 0 %
I1126 13:30:08.523380 934189 Coordinator.h:126] commit: 7461 abort: 212539 (0/212539/0), network size: 0, avg network size: 0, si_in_serializable: 0 0 %, local: 0 %
I1126 13:30:09.523483 934189 Coordinator.h:126] commit: 7766 abort: 222234 (0/222234/0), network size: 0, avg network size: 0, si_in_serializable: 0 0 %, local: 0 %
I1126 13:30:10.523587 934189 Coordinator.h:126] commit: 7729 abort: 222271 (0/222271/0), network size: 0, avg network size: 0, si_in_serializable: 0 0 %, local: 0 %
I1126 13:30:11.523689 934189 Coordinator.h:126] commit: 7343 abort: 212657 (0/212657/0), network size: 0, avg network size: 0, si_in_serializable: 0 0 %, local: 0 %
I1126 13:30:11.523713 934189 Coordinator.h:152] average commit: 7617 abort: 218383 (0/218383/0), network size: 0, avg network size: 0, si_in_serializable: 0 0 %, local: 0 %
I1126 13:30:11.523726 934189 AriaExecutor.h:535] Worker 0 latency: 43440 us (50%) 43782 us (75%) 44765 us (95%) 50712 us (99%).
I1126 13:30:11.536334 934207 AriaExecutor.h:94] AriaExecutor 2 exits. 
I1126 13:30:11.536334 934209 AriaExecutor.h:94] AriaExecutor 4 exits. 
I1126 13:30:11.536350 934216 AriaExecutor.h:94] AriaExecutor 11 exits. 
I1126 13:30:11.536334 934213 AriaExecutor.h:94] AriaExecutor 8 exits. 
I1126 13:30:11.536334 934211 AriaExecutor.h:94] AriaExecutor 6 exits. 
I1126 13:30:11.536335 934217 Manager.h:227] Manager(worker id = 12) on the coordinator node exits.
I1126 13:30:11.536350 934206 AriaExecutor.h:94] AriaExecutor 1 exits. 
I1126 13:30:11.536350 934212 AriaExecutor.h:94] AriaExecutor 7 exits. 
I1126 13:30:11.536350 934208 AriaExecutor.h:94] AriaExecutor 3 exits. 
I1126 13:30:11.536350 934210 AriaExecutor.h:94] AriaExecutor 5 exits. 
I1126 13:30:11.536335 934205 AriaExecutor.h:94] AriaExecutor 0 exits. 
I1126 13:30:11.536350 934214 AriaExecutor.h:94] AriaExecutor 9 exits. 
I1126 13:30:11.536335 934215 AriaExecutor.h:94] AriaExecutor 10 exits. 
I1126 13:30:11.536586 934189 AriaExecutor.h:535] Worker 1 latency: 43429 us (50%) 43775 us (75%) 44783 us (95%) 50804 us (99%).
I1126 13:30:11.537786 934189 AriaExecutor.h:535] Worker 2 latency: 43435 us (50%) 43781 us (75%) 44795 us (95%) 50830 us (99%).
I1126 13:30:11.538821 934189 AriaExecutor.h:535] Worker 3 latency: 43426 us (50%) 43772 us (75%) 44835 us (95%) 50766 us (99%).
I1126 13:30:11.539887 934189 AriaExecutor.h:535] Worker 4 latency: 43443 us (50%) 43785 us (75%) 44775 us (95%) 50824 us (99%).
I1126 13:30:11.540876 934189 AriaExecutor.h:535] Worker 5 latency: 43435 us (50%) 43775 us (75%) 44777 us (95%) 50647 us (99%).
I1126 13:30:11.541782 934189 AriaExecutor.h:535] Worker 6 latency: 43432 us (50%) 43772 us (75%) 44790 us (95%) 50723 us (99%).
I1126 13:30:11.542636 934189 AriaExecutor.h:535] Worker 7 latency: 43421 us (50%) 43763 us (75%) 44769 us (95%) 50695 us (99%).
I1126 13:30:11.543540 934189 AriaExecutor.h:535] Worker 8 latency: 43432 us (50%) 43775 us (75%) 44769 us (95%) 50834 us (99%).
I1126 13:30:11.544390 934189 AriaExecutor.h:535] Worker 9 latency: 43424 us (50%) 43773 us (75%) 44853 us (95%) 50950 us (99%).
I1126 13:30:11.545284 934189 AriaExecutor.h:535] Worker 10 latency: 43428 us (50%) 43772 us (75%) 44763 us (95%) 50797 us (99%).
I1126 13:30:11.546141 934189 AriaExecutor.h:535] Worker 11 latency: 43411 us (50%) 43758 us (75%) 44758 us (95%) 50864 us (99%).
I1126 13:30:11.547055 934189 Coordinator.h:177] total commit: 7617
I1126 13:30:12.547164 934189 Coordinator.h:192] Coordinator exits.
