I1126 14:56:55.492576 986425 Database.h:65] ycsb initialization finished in 30 milliseconds.
I1126 14:56:55.492674 986425 Coordinator.h:30] Coordinator initializes 12 workers.
I1126 14:56:55.499514 986425 Coordinator.h:77] Coordinator starts to run 13 workers.
I1126 14:56:55.499572 986441 AriaExecutor.h:91] AriaExecutor 0 started. 
I1126 14:56:55.499605 986442 AriaExecutor.h:91] AriaExecutor 1 started. 
I1126 14:56:55.499650 986443 AriaExecutor.h:91] AriaExecutor 2 started. 
I1126 14:56:55.499688 986444 AriaExecutor.h:91] AriaExecutor 3 started. 
I1126 14:56:55.499770 986446 AriaExecutor.h:91] AriaExecutor 5 started. 
I1126 14:56:55.499814 986447 AriaExecutor.h:91] AriaExecutor 6 started. 
I1126 14:56:55.499861 986448 AriaExecutor.h:91] AriaExecutor 7 started. 
I1126 14:56:55.499897 986449 AriaExecutor.h:91] AriaExecutor 8 started. 
I1126 14:56:55.499941 986450 AriaExecutor.h:91] AriaExecutor 9 started. 
I1126 14:56:55.499977 986451 AriaExecutor.h:91] AriaExecutor 10 started. 
I1126 14:56:55.500028 986452 AriaExecutor.h:91] AriaExecutor 11 started. 
I1126 14:56:55.500068 986445 AriaExecutor.h:91] AriaExecutor 4 started. 
I1126 14:56:55.500072 986453 Manager.h:224] Manager(worker id = 12) on the coordinator node started.
I1126 14:56:56.500140 986425 Coordinator.h:126] commit: 611228 abort: 768772 (0/768772/0), network size: 0, avg network size: 0, si_in_serializable: 0 0 %, local: 0 %
I1126 14:56:57.500258 986425 Coordinator.h:126] commit: 611702 abort: 768298 (0/768298/0), network size: 0, avg network size: 0, si_in_serializable: 0 0 %, local: 0 %
I1126 14:56:58.500376 986425 Coordinator.h:126] commit: 615685 abort: 774315 (0/774315/0), network size: 0, avg network size: 0, si_in_serializable: 0 0 %, local: 0 %
I1126 14:56:59.500484 986425 Coordinator.h:126] commit: 615868 abort: 774132 (0/774132/0), network size: 0, avg network size: 0, si_in_serializable: 0 0 %, local: 0 %
I1126 14:57:00.500574 986425 Coordinator.h:126] commit: 619986 abort: 780014 (0/780014/0), network size: 0, avg network size: 0, si_in_serializable: 0 0 %, local: 0 %
I1126 14:57:01.500703 986425 Coordinator.h:126] commit: 611415 abort: 768585 (0/768585/0), network size: 0, avg network size: 0, si_in_serializable: 0 0 %, local: 0 %
I1126 14:57:02.500824 986425 Coordinator.h:126] commit: 611559 abort: 768441 (0/768441/0), network size: 0, avg network size: 0, si_in_serializable: 0 0 %, local: 0 %
I1126 14:57:03.500932 986425 Coordinator.h:126] commit: 616763 abort: 773237 (0/773237/0), network size: 0, avg network size: 0, si_in_serializable: 0 0 %, local: 0 %
I1126 14:57:04.501006 986425 Coordinator.h:126] commit: 617135 abort: 772865 (0/772865/0), network size: 0, avg network size: 0, si_in_serializable: 0 0 %, local: 0 %
I1126 14:57:05.501089 986425 Coordinator.h:126] commit: 616110 abort: 773890 (0/773890/0), network size: 0, avg network size: 0, si_in_serializable: 0 0 %, local: 0 %
I1126 14:57:06.501196 986425 Coordinator.h:126] commit: 607047 abort: 762953 (0/762953/0), network size: 0, avg network size: 0, si_in_serializable: 0 0 %, local: 0 %
I1126 14:57:07.501296 986425 Coordinator.h:126] commit: 617530 abort: 772470 (0/772470/0), network size: 0, avg network size: 0, si_in_serializable: 0 0 %, local: 0 %
I1126 14:57:08.501382 986425 Coordinator.h:126] commit: 616827 abort: 773173 (0/773173/0), network size: 0, avg network size: 0, si_in_serializable: 0 0 %, local: 0 %
I1126 14:57:09.501487 986425 Coordinator.h:126] commit: 617199 abort: 772801 (0/772801/0), network size: 0, avg network size: 0, si_in_serializable: 0 0 %, local: 0 %
I1126 14:57:10.501571 986425 Coordinator.h:126] commit: 612121 abort: 767879 (0/767879/0), network size: 0, avg network size: 0, si_in_serializable: 0 0 %, local: 0 %
I1126 14:57:11.501691 986425 Coordinator.h:126] commit: 617195 abort: 772805 (0/772805/0), network size: 0, avg network size: 0, si_in_serializable: 0 0 %, local: 0 %
I1126 14:57:12.501791 986425 Coordinator.h:126] commit: 612298 abort: 767702 (0/767702/0), network size: 0, avg network size: 0, si_in_serializable: 0 0 %, local: 0 %
I1126 14:57:13.501899 986425 Coordinator.h:126] commit: 621915 abort: 778085 (0/778085/0), network size: 0, avg network size: 0, si_in_serializable: 0 0 %, local: 0 %
I1126 14:57:14.501991 986425 Coordinator.h:126] commit: 616257 abort: 773743 (0/773743/0), network size: 0, avg network size: 0, si_in_serializable: 0 0 %, local: 0 %
I1126 14:57:15.502101 986425 Coordinator.h:126] commit: 617545 abort: 772455 (0/772455/0), network size: 0, avg network size: 0, si_in_serializable: 0 0 %, local: 0 %
I1126 14:57:16.502208 986425 Coordinator.h:126] commit: 578969 abort: 725512 (0/725512/0), network size: 0, avg network size: 0, si_in_serializable: 0 0 %, local: 0 %
I1126 14:57:17.502305 986425 Coordinator.h:126] commit: 618252 abort: 777267 (0/777267/0), network size: 0, avg network size: 0, si_in_serializable: 0 0 %, local: 0 %
I1126 14:57:18.502393 986425 Coordinator.h:126] commit: 616567 abort: 773433 (0/773433/0), network size: 0, avg network size: 0, si_in_serializable: 0 0 %, local: 0 %
I1126 14:57:19.502476 986425 Coordinator.h:126] commit: 616291 abort: 773709 (0/773709/0), network size: 0, avg network size: 0, si_in_serializable: 0 0 %, local: 0 %
I1126 14:57:20.502585 986425 Coordinator.h:126] commit: 615746 abort: 774254 (0/774254/0), network size: 0, avg network size: 0, si_in_serializable: 0 0 %, local: 0 %
I1126 14:57:20.502620 986425 Coordinator.h:152] average commit: 615593 abort: 771407 (0/771407/0), network size: 0, avg network size: 0, si_in_serializable: 0 0 %, local: 0 %
I1126 14:57:20.507067 986445 AriaExecutor.h:103] AriaExecutor 4 exits. 
I1126 14:57:20.507067 986451 AriaExecutor.h:103] AriaExecutor 10 exits. 
I1126 14:57:20.507071 986443 AriaExecutor.h:103] AriaExecutor 2 exits. 
I1126 14:57:20.507081 986442 AriaExecutor.h:103] AriaExecutor 1 exits. 
I1126 14:57:20.507069 986449 AriaExecutor.h:103] AriaExecutor 8 exits. 
I1126 14:57:20.507081 986453 Manager.h:227] Manager(worker id = 12) on the coordinator node exits.
I1126 14:57:20.507067 986447 AriaExecutor.h:103] AriaExecutor 6 exits. 
I1126 14:57:20.507081 986452 AriaExecutor.h:103] AriaExecutor 11 exits. 
I1126 14:57:20.507081 986446 AriaExecutor.h:103] AriaExecutor 5 exits. 
I1126 14:57:20.507082 986450 AriaExecutor.h:103] AriaExecutor 9 exits. 
I1126 14:57:20.507081 986448 AriaExecutor.h:103] AriaExecutor 7 exits. 
I1126 14:57:20.507083 986444 AriaExecutor.h:103] AriaExecutor 3 exits. 
I1126 14:57:20.507069 986441 AriaExecutor.h:103] AriaExecutor 0 exits. 
I1126 14:57:20.502628 986425 AriaExecutor.h:649] Worker 0 latency: 5907 us (50%) 6326 us (75%) 6566 us (95%) 6655 us (99%).
I1126 14:57:20.553660 986425 AriaExecutor.h:649] Worker 1 latency: 5896 us (50%) 6320 us (75%) 6564 us (95%) 6649 us (99%).
I1126 14:57:20.605432 986425 AriaExecutor.h:649] Worker 2 latency: 5912 us (50%) 6327 us (75%) 6566 us (95%) 6653 us (99%).
I1126 14:57:20.657063 986425 AriaExecutor.h:649] Worker 3 latency: 5893 us (50%) 6321 us (75%) 6565 us (95%) 6650 us (99%).
I1126 14:57:20.708513 986425 AriaExecutor.h:649] Worker 4 latency: 5900 us (50%) 6321 us (75%) 6564 us (95%) 6649 us (99%).
I1126 14:57:20.759038 986425 AriaExecutor.h:649] Worker 5 latency: 5892 us (50%) 6320 us (75%) 6563 us (95%) 6649 us (99%).
I1126 14:57:20.810148 986425 AriaExecutor.h:649] Worker 6 latency: 5911 us (50%) 6327 us (75%) 6566 us (95%) 6652 us (99%).
I1126 14:57:20.861536 986425 AriaExecutor.h:649] Worker 7 latency: 5893 us (50%) 6321 us (75%) 6565 us (95%) 6652 us (99%).
I1126 14:57:20.913219 986425 AriaExecutor.h:649] Worker 8 latency: 5908 us (50%) 6325 us (75%) 6565 us (95%) 6650 us (99%).
I1126 14:57:20.964311 986425 AriaExecutor.h:649] Worker 9 latency: 5895 us (50%) 6320 us (75%) 6564 us (95%) 6650 us (99%).
I1126 14:57:21.014438 986425 AriaExecutor.h:649] Worker 10 latency: 5912 us (50%) 6327 us (75%) 6565 us (95%) 6651 us (99%).
I1126 14:57:21.065052 986425 AriaExecutor.h:649] Worker 11 latency: 5893 us (50%) 6321 us (75%) 6565 us (95%) 6651 us (99%).
I1126 14:57:21.116503 986425 Coordinator.h:177] total commit: 615593
I1126 14:57:22.116607 986425 Coordinator.h:192] Coordinator exits.
