I0911 23:42:35.124624 2949638 Database.h:65] ycsb initialization finished in 146 milliseconds.
I0911 23:42:35.124737 2949638 Coordinator.h:30] Coordinator initializes 16 workers.
I0911 23:42:35.132555 2949638 Coordinator.h:77] Coordinator starts to run 17 workers.
I0911 23:42:35.132611 2949658 AriaExecutor.h:82] AriaExecutor 0 started. 
I0911 23:42:35.132644 2949659 AriaExecutor.h:82] AriaExecutor 1 started. 
I0911 23:42:35.132683 2949660 AriaExecutor.h:82] AriaExecutor 2 started. 
I0911 23:42:35.132741 2949661 AriaExecutor.h:82] AriaExecutor 3 started. 
I0911 23:42:35.132755 2949662 AriaExecutor.h:82] AriaExecutor 4 started. 
I0911 23:42:35.132804 2949663 AriaExecutor.h:82] AriaExecutor 5 started. 
I0911 23:42:35.132844 2949664 AriaExecutor.h:82] AriaExecutor 6 started. 
I0911 23:42:35.132885 2949665 AriaExecutor.h:82] AriaExecutor 7 started. 
I0911 23:42:35.132916 2949666 AriaExecutor.h:82] AriaExecutor 8 started. 
I0911 23:42:35.132965 2949667 AriaExecutor.h:82] AriaExecutor 9 started. 
I0911 23:42:35.133001 2949668 AriaExecutor.h:82] AriaExecutor 10 started. 
I0911 23:42:35.133042 2949669 AriaExecutor.h:82] AriaExecutor 11 started. 
I0911 23:42:35.133087 2949670 AriaExecutor.h:82] AriaExecutor 12 started. 
I0911 23:42:35.133126 2949671 AriaExecutor.h:82] AriaExecutor 13 started. 
I0911 23:42:35.133159 2949672 AriaExecutor.h:82] AriaExecutor 14 started. 
I0911 23:42:35.133201 2949673 AriaExecutor.h:82] AriaExecutor 15 started. 
I0911 23:42:35.133232 2949674 Manager.h:224] Manager(worker id = 16) on the coordinator node started.
I0911 23:42:36.133283 2949638 Coordinator.h:126] commit: 175804 abort: 87364 (0/87364/0), network size: 0, avg network size: 0, si_in_serializable: 0 0 %, local: 0 %
I0911 23:42:37.133386 2949638 Coordinator.h:126] commit: 174900 abort: 87244 (0/87244/0), network size: 0, avg network size: 0, si_in_serializable: 0 0 %, local: 0 %
I0911 23:42:38.133472 2949638 Coordinator.h:126] commit: 169706 abort: 84246 (0/84246/0), network size: 0, avg network size: 0, si_in_serializable: 0 0 %, local: 0 %
I0911 23:42:39.133553 2949638 Coordinator.h:126] commit: 172019 abort: 85005 (0/85005/0), network size: 0, avg network size: 0, si_in_serializable: 0 0 %, local: 0 %
I0911 23:42:40.133658 2949638 Coordinator.h:126] commit: 179399 abort: 88889 (0/88889/0), network size: 0, avg network size: 0, si_in_serializable: 0 0 %, local: 0 %
I0911 23:42:41.133749 2949638 Coordinator.h:126] commit: 180135 abort: 89177 (0/89177/0), network size: 0, avg network size: 0, si_in_serializable: 0 0 %, local: 0 %
I0911 23:42:42.133827 2949638 Coordinator.h:126] commit: 179511 abort: 89801 (0/89801/0), network size: 0, avg network size: 0, si_in_serializable: 0 0 %, local: 0 %
I0911 23:42:43.133903 2949638 Coordinator.h:126] commit: 178639 abort: 88625 (0/88625/0), network size: 0, avg network size: 0, si_in_serializable: 0 0 %, local: 0 %
I0911 23:42:44.133980 2949638 Coordinator.h:126] commit: 175001 abort: 87143 (0/87143/0), network size: 0, avg network size: 0, si_in_serializable: 0 0 %, local: 0 %
I0911 23:42:45.134060 2949638 Coordinator.h:126] commit: 180210 abort: 89102 (0/89102/0), network size: 0, avg network size: 0, si_in_serializable: 0 0 %, local: 0 %
I0911 23:42:46.134138 2949638 Coordinator.h:126] commit: 175821 abort: 87347 (0/87347/0), network size: 0, avg network size: 0, si_in_serializable: 0 0 %, local: 0 %
I0911 23:42:47.134213 2949638 Coordinator.h:126] commit: 178238 abort: 88002 (0/88002/0), network size: 0, avg network size: 0, si_in_serializable: 0 0 %, local: 0 %
I0911 23:42:48.134308 2949638 Coordinator.h:126] commit: 180448 abort: 88864 (0/88864/0), network size: 0, avg network size: 0, si_in_serializable: 0 0 %, local: 0 %
I0911 23:42:49.134389 2949638 Coordinator.h:126] commit: 180820 abort: 89516 (0/89516/0), network size: 0, avg network size: 0, si_in_serializable: 0 0 %, local: 0 %
I0911 23:42:50.134467 2949638 Coordinator.h:126] commit: 180549 abort: 89787 (0/89787/0), network size: 0, avg network size: 0, si_in_serializable: 0 0 %, local: 0 %
I0911 23:42:51.134544 2949638 Coordinator.h:126] commit: 180586 abort: 89750 (0/89750/0), network size: 0, avg network size: 0, si_in_serializable: 0 0 %, local: 0 %
I0911 23:42:52.134621 2949638 Coordinator.h:126] commit: 178743 abort: 88521 (0/88521/0), network size: 0, avg network size: 0, si_in_serializable: 0 0 %, local: 0 %
I0911 23:42:53.134699 2949638 Coordinator.h:126] commit: 180565 abort: 89771 (0/89771/0), network size: 0, avg network size: 0, si_in_serializable: 0 0 %, local: 0 %
I0911 23:42:54.134778 2949638 Coordinator.h:126] commit: 180510 abort: 89826 (0/89826/0), network size: 0, avg network size: 0, si_in_serializable: 0 0 %, local: 0 %
I0911 23:42:55.134855 2949638 Coordinator.h:126] commit: 181163 abort: 89173 (0/89173/0), network size: 0, avg network size: 0, si_in_serializable: 0 0 %, local: 0 %
I0911 23:42:56.134933 2949638 Coordinator.h:126] commit: 176201 abort: 86967 (0/86967/0), network size: 0, avg network size: 0, si_in_serializable: 0 0 %, local: 0 %
I0911 23:42:57.135010 2949638 Coordinator.h:126] commit: 177348 abort: 88892 (0/88892/0), network size: 0, avg network size: 0, si_in_serializable: 0 0 %, local: 0 %
I0911 23:42:58.135085 2949638 Coordinator.h:126] commit: 179929 abort: 88519 (0/88519/0), network size: 0, avg network size: 0, si_in_serializable: 0 0 %, local: 0 %
I0911 23:42:59.135183 2949638 Coordinator.h:126] commit: 174879 abort: 87105 (0/87105/0), network size: 0, avg network size: 0, si_in_serializable: 0 0 %, local: 0 %
I0911 23:43:00.135270 2949638 Coordinator.h:126] commit: 180234 abort: 89078 (0/89078/0), network size: 0, avg network size: 0, si_in_serializable: 0 0 %, local: 0 %
I0911 23:43:00.135283 2949638 Coordinator.h:152] average commit: 179744 abort: 89055.7 (0/89055.7/0), network size: 0, avg network size: 0, si_in_serializable: 0 0 %, local: 0 %
I0911 23:43:00.135582 2949674 Manager.h:227] Manager(worker id = 16) on the coordinator node exits.
I0911 23:43:00.135586 2949658 AriaExecutor.h:94] AriaExecutor 0 exits. 
I0911 23:43:00.135591 2949664 AriaExecutor.h:94] AriaExecutor 6 exits. 
I0911 23:43:00.135598 2949660 AriaExecutor.h:94] AriaExecutor 2 exits. 
I0911 23:43:00.135603 2949661 AriaExecutor.h:94] AriaExecutor 3 exits. 
I0911 23:43:00.135586 2949662 AriaExecutor.h:94] AriaExecutor 4 exits. 
I0911 23:43:00.135607 2949659 AriaExecutor.h:94] AriaExecutor 1 exits. 
I0911 23:43:00.135604 2949667 AriaExecutor.h:94] AriaExecutor 9 exits. 
I0911 23:43:00.135587 2949668 AriaExecutor.h:94] AriaExecutor 10 exits. 
I0911 23:43:00.135586 2949666 AriaExecutor.h:94] AriaExecutor 8 exits. 
I0911 23:43:00.135603 2949669 AriaExecutor.h:94] AriaExecutor 11 exits. 
I0911 23:43:00.135603 2949673 AriaExecutor.h:94] AriaExecutor 15 exits. 
I0911 23:43:00.135587 2949670 AriaExecutor.h:94] AriaExecutor 12 exits. 
I0911 23:43:00.135609 2949663 AriaExecutor.h:94] AriaExecutor 5 exits. 
I0911 23:43:00.135586 2949672 AriaExecutor.h:94] AriaExecutor 14 exits. 
I0911 23:43:00.135604 2949671 AriaExecutor.h:94] AriaExecutor 13 exits. 
I0911 23:43:00.135603 2949665 AriaExecutor.h:94] AriaExecutor 7 exits. 
I0911 23:43:00.135293 2949638 AriaExecutor.h:641] Worker 0 latency: 2806 us (50%) 3287 us (75%) 3615 us (95%) 3696 us (99%).
I0911 23:43:00.148741 2949638 AriaExecutor.h:641] Worker 1 latency: 2807 us (50%) 3286 us (75%) 3613 us (95%) 3694 us (99%).
I0911 23:43:00.161965 2949638 AriaExecutor.h:641] Worker 2 latency: 2818 us (50%) 3291 us (75%) 3614 us (95%) 3695 us (99%).
I0911 23:43:00.175072 2949638 AriaExecutor.h:641] Worker 3 latency: 2808 us (50%) 3285 us (75%) 3613 us (95%) 3694 us (99%).
I0911 23:43:00.188349 2949638 AriaExecutor.h:641] Worker 4 latency: 2807 us (50%) 3288 us (75%) 3614 us (95%) 3696 us (99%).
I0911 23:43:00.201308 2949638 AriaExecutor.h:641] Worker 5 latency: 2800 us (50%) 3283 us (75%) 3613 us (95%) 3694 us (99%).
I0911 23:43:00.214432 2949638 AriaExecutor.h:641] Worker 6 latency: 2818 us (50%) 3292 us (75%) 3615 us (95%) 3695 us (99%).
I0911 23:43:00.227566 2949638 AriaExecutor.h:641] Worker 7 latency: 2806 us (50%) 3286 us (75%) 3613 us (95%) 3694 us (99%).
I0911 23:43:00.241030 2949638 AriaExecutor.h:641] Worker 8 latency: 2807 us (50%) 3287 us (75%) 3615 us (95%) 3697 us (99%).
I0911 23:43:00.254443 2949638 AriaExecutor.h:641] Worker 9 latency: 2803 us (50%) 3286 us (75%) 3612 us (95%) 3694 us (99%).
I0911 23:43:00.267577 2949638 AriaExecutor.h:641] Worker 10 latency: 2818 us (50%) 3290 us (75%) 3615 us (95%) 3695 us (99%).
I0911 23:43:00.280721 2949638 AriaExecutor.h:641] Worker 11 latency: 2813 us (50%) 3289 us (75%) 3613 us (95%) 3694 us (99%).
I0911 23:43:00.293941 2949638 AriaExecutor.h:641] Worker 12 latency: 2810 us (50%) 3288 us (75%) 3614 us (95%) 3695 us (99%).
I0911 23:43:00.307111 2949638 AriaExecutor.h:641] Worker 13 latency: 2804 us (50%) 3286 us (75%) 3613 us (95%) 3695 us (99%).
I0911 23:43:00.320309 2949638 AriaExecutor.h:641] Worker 14 latency: 2821 us (50%) 3292 us (75%) 3614 us (95%) 3694 us (99%).
I0911 23:43:00.333180 2949638 AriaExecutor.h:641] Worker 15 latency: 2815 us (50%) 3290 us (75%) 3613 us (95%) 3694 us (99%).
I0911 23:43:00.346285 2949638 Coordinator.h:177] total commit: 179744
I0911 23:43:01.346398 2949638 Coordinator.h:192] Coordinator exits.
