I0911 22:06:21.511683 2931119 Database.h:65] ycsb initialization finished in 197 milliseconds.
I0911 22:06:21.511788 2931119 Coordinator.h:30] Coordinator initializes 16 workers.
I0911 22:06:21.527074 2931119 Coordinator.h:77] Coordinator starts to run 17 workers.
I0911 22:06:21.527189 2931139 AriaExecutor.h:82] AriaExecutor 0 started. 
I0911 22:06:21.527204 2931140 AriaExecutor.h:82] AriaExecutor 1 started. 
I0911 22:06:21.527272 2931141 AriaExecutor.h:82] AriaExecutor 2 started. 
I0911 22:06:21.527311 2931142 AriaExecutor.h:82] AriaExecutor 3 started. 
I0911 22:06:21.527350 2931143 AriaExecutor.h:82] AriaExecutor 4 started. 
I0911 22:06:21.527384 2931144 AriaExecutor.h:82] AriaExecutor 5 started. 
I0911 22:06:21.527415 2931145 AriaExecutor.h:82] AriaExecutor 6 started. 
I0911 22:06:21.527448 2931146 AriaExecutor.h:82] AriaExecutor 7 started. 
I0911 22:06:21.527478 2931147 AriaExecutor.h:82] AriaExecutor 8 started. 
I0911 22:06:21.527511 2931148 AriaExecutor.h:82] AriaExecutor 9 started. 
I0911 22:06:21.527549 2931149 AriaExecutor.h:82] AriaExecutor 10 started. 
I0911 22:06:21.527578 2931150 AriaExecutor.h:82] AriaExecutor 11 started. 
I0911 22:06:21.527619 2931151 AriaExecutor.h:82] AriaExecutor 12 started. 
I0911 22:06:21.527648 2931152 AriaExecutor.h:82] AriaExecutor 13 started. 
I0911 22:06:21.527688 2931153 AriaExecutor.h:82] AriaExecutor 14 started. 
I0911 22:06:21.527719 2931154 AriaExecutor.h:82] AriaExecutor 15 started. 
I0911 22:06:21.527753 2931155 Manager.h:224] Manager(worker id = 16) on the coordinator node started.
I0911 22:06:22.527789 2931119 Coordinator.h:126] commit: 1333466 abort: 1830 (0/1830/0), network size: 0, avg network size: 0, si_in_serializable: 0 0 %, local: 0 %
I0911 22:06:23.527901 2931119 Coordinator.h:126] commit: 1323132 abort: 1924 (0/1924/0), network size: 0, avg network size: 0, si_in_serializable: 0 0 %, local: 0 %
I0911 22:06:24.527969 2931119 Coordinator.h:126] commit: 1280264 abort: 1784 (0/1784/0), network size: 0, avg network size: 0, si_in_serializable: 0 0 %, local: 0 %
I0911 22:06:25.528045 2931119 Coordinator.h:126] commit: 1286382 abort: 1810 (0/1810/0), network size: 0, avg network size: 0, si_in_serializable: 0 0 %, local: 0 %
I0911 22:06:26.528185 2931119 Coordinator.h:126] commit: 1337559 abort: 1833 (0/1833/0), network size: 0, avg network size: 0, si_in_serializable: 0 0 %, local: 0 %
I0911 22:06:27.528278 2931119 Coordinator.h:126] commit: 1345776 abort: 1808 (0/1808/0), network size: 0, avg network size: 0, si_in_serializable: 0 0 %, local: 0 %
I0911 22:06:28.528343 2931119 Coordinator.h:126] commit: 1325955 abort: 1819 (0/1819/0), network size: 0, avg network size: 0, si_in_serializable: 0 0 %, local: 0 %
I0911 22:06:29.528417 2931119 Coordinator.h:126] commit: 1345031 abort: 1883 (0/1883/0), network size: 0, avg network size: 0, si_in_serializable: 0 0 %, local: 0 %
I0911 22:06:30.528481 2931119 Coordinator.h:126] commit: 1343653 abort: 1883 (0/1883/0), network size: 0, avg network size: 0, si_in_serializable: 0 0 %, local: 0 %
I0911 22:06:31.528555 2931119 Coordinator.h:126] commit: 1308903 abort: 1817 (0/1817/0), network size: 0, avg network size: 0, si_in_serializable: 0 0 %, local: 0 %
I0911 22:06:32.528620 2931119 Coordinator.h:126] commit: 1310937 abort: 1831 (0/1831/0), network size: 0, avg network size: 0, si_in_serializable: 0 0 %, local: 0 %
I0911 22:06:33.528681 2931119 Coordinator.h:126] commit: 1341577 abort: 1911 (0/1911/0), network size: 0, avg network size: 0, si_in_serializable: 0 0 %, local: 0 %
I0911 22:06:34.528770 2931119 Coordinator.h:126] commit: 1300756 abort: 1772 (0/1772/0), network size: 0, avg network size: 0, si_in_serializable: 0 0 %, local: 0 %
I0911 22:06:35.528864 2931119 Coordinator.h:126] commit: 1343603 abort: 1933 (0/1933/0), network size: 0, avg network size: 0, si_in_serializable: 0 0 %, local: 0 %
I0911 22:06:36.528924 2931119 Coordinator.h:126] commit: 1345731 abort: 1853 (0/1853/0), network size: 0, avg network size: 0, si_in_serializable: 0 0 %, local: 0 %
I0911 22:06:37.528992 2931119 Coordinator.h:126] commit: 1343614 abort: 1922 (0/1922/0), network size: 0, avg network size: 0, si_in_serializable: 0 0 %, local: 0 %
I0911 22:06:38.529057 2931119 Coordinator.h:126] commit: 1343606 abort: 1930 (0/1930/0), network size: 0, avg network size: 0, si_in_serializable: 0 0 %, local: 0 %
I0911 22:06:39.529129 2931119 Coordinator.h:126] commit: 1341608 abort: 1880 (0/1880/0), network size: 0, avg network size: 0, si_in_serializable: 0 0 %, local: 0 %
I0911 22:06:40.529188 2931119 Coordinator.h:126] commit: 1343676 abort: 1860 (0/1860/0), network size: 0, avg network size: 0, si_in_serializable: 0 0 %, local: 0 %
I0911 22:06:41.529249 2931119 Coordinator.h:126] commit: 1343614 abort: 1922 (0/1922/0), network size: 0, avg network size: 0, si_in_serializable: 0 0 %, local: 0 %
I0911 22:06:42.529309 2931119 Coordinator.h:126] commit: 1327219 abort: 1933 (0/1933/0), network size: 0, avg network size: 0, si_in_serializable: 0 0 %, local: 0 %
I0911 22:06:43.529379 2931119 Coordinator.h:126] commit: 1317061 abort: 1851 (0/1851/0), network size: 0, avg network size: 0, si_in_serializable: 0 0 %, local: 0 %
I0911 22:06:44.529443 2931119 Coordinator.h:126] commit: 1325210 abort: 1894 (0/1894/0), network size: 0, avg network size: 0, si_in_serializable: 0 0 %, local: 0 %
I0911 22:06:45.529536 2931119 Coordinator.h:126] commit: 1339522 abort: 1918 (0/1918/0), network size: 0, avg network size: 0, si_in_serializable: 0 0 %, local: 0 %
I0911 22:06:46.529603 2931119 Coordinator.h:126] commit: 1341628 abort: 1860 (0/1860/0), network size: 0, avg network size: 0, si_in_serializable: 0 0 %, local: 0 %
I0911 22:06:46.529615 2931119 Coordinator.h:152] average commit: 1.33587e+06 abort: 1881.4 (0/1881.4/0), network size: 0, avg network size: 0, si_in_serializable: 0 0 %, local: 0 %
I0911 22:06:46.530284 2931139 AriaExecutor.h:94] AriaExecutor 0 exits. 
I0911 22:06:46.530287 2931152 AriaExecutor.h:94] AriaExecutor 13 exits. 
I0911 22:06:46.530308 2931143 AriaExecutor.h:94] AriaExecutor 4 exits. 
I0911 22:06:46.530293 2931154 AriaExecutor.h:94] AriaExecutor 15 exits. 
I0911 22:06:46.530296 2931148 AriaExecutor.h:94] AriaExecutor 9 exits. 
I0911 22:06:46.530295 2931153 AriaExecutor.h:94] AriaExecutor 14 exits. 
I0911 22:06:46.530296 2931145 AriaExecutor.h:94] AriaExecutor 6 exits. 
I0911 22:06:46.530308 2931149 AriaExecutor.h:94] AriaExecutor 10 exits. 
I0911 22:06:46.530301 2931140 AriaExecutor.h:94] AriaExecutor 1 exits. 
I0911 22:06:46.530295 2931151 AriaExecutor.h:94] AriaExecutor 12 exits. 
I0911 22:06:46.530308 2931147 AriaExecutor.h:94] AriaExecutor 8 exits. 
I0911 22:06:46.530308 2931141 AriaExecutor.h:94] AriaExecutor 2 exits. 
I0911 22:06:46.530308 2931155 Manager.h:227] Manager(worker id = 16) on the coordinator node exits.
I0911 22:06:46.530290 2931146 AriaExecutor.h:94] AriaExecutor 7 exits. 
I0911 22:06:46.530293 2931142 AriaExecutor.h:94] AriaExecutor 3 exits. 
I0911 22:06:46.530289 2931150 AriaExecutor.h:94] AriaExecutor 11 exits. 
I0911 22:06:46.530294 2931144 AriaExecutor.h:94] AriaExecutor 5 exits. 
I0911 22:06:46.529624 2931119 AriaExecutor.h:535] Worker 0 latency: 861 us (50%) 1164 us (75%) 1408 us (95%) 1460 us (99%).
I0911 22:06:46.620138 2931119 AriaExecutor.h:535] Worker 1 latency: 861 us (50%) 1163 us (75%) 1408 us (95%) 1460 us (99%).
I0911 22:06:46.705122 2931119 AriaExecutor.h:535] Worker 2 latency: 869 us (50%) 1167 us (75%) 1409 us (95%) 1460 us (99%).
I0911 22:06:46.795333 2931119 AriaExecutor.h:535] Worker 3 latency: 862 us (50%) 1163 us (75%) 1408 us (95%) 1460 us (99%).
I0911 22:06:46.880393 2931119 AriaExecutor.h:535] Worker 4 latency: 864 us (50%) 1165 us (75%) 1409 us (95%) 1460 us (99%).
I0911 22:06:46.975046 2931119 AriaExecutor.h:535] Worker 5 latency: 860 us (50%) 1163 us (75%) 1408 us (95%) 1460 us (99%).
I0911 22:06:47.060081 2931119 AriaExecutor.h:535] Worker 6 latency: 866 us (50%) 1166 us (75%) 1409 us (95%) 1460 us (99%).
I0911 22:06:47.151448 2931119 AriaExecutor.h:535] Worker 7 latency: 863 us (50%) 1164 us (75%) 1408 us (95%) 1460 us (99%).
I0911 22:06:47.236189 2931119 AriaExecutor.h:535] Worker 8 latency: 863 us (50%) 1164 us (75%) 1408 us (95%) 1460 us (99%).
I0911 22:06:47.329989 2931119 AriaExecutor.h:535] Worker 9 latency: 858 us (50%) 1160 us (75%) 1407 us (95%) 1459 us (99%).
I0911 22:06:47.414219 2931119 AriaExecutor.h:535] Worker 10 latency: 867 us (50%) 1165 us (75%) 1408 us (95%) 1460 us (99%).
I0911 22:06:47.505311 2931119 AriaExecutor.h:535] Worker 11 latency: 862 us (50%) 1163 us (75%) 1407 us (95%) 1460 us (99%).
I0911 22:06:47.589960 2931119 AriaExecutor.h:535] Worker 12 latency: 862 us (50%) 1163 us (75%) 1408 us (95%) 1460 us (99%).
I0911 22:06:47.685052 2931119 AriaExecutor.h:535] Worker 13 latency: 859 us (50%) 1161 us (75%) 1407 us (95%) 1459 us (99%).
I0911 22:06:47.769853 2931119 AriaExecutor.h:535] Worker 14 latency: 867 us (50%) 1166 us (75%) 1408 us (95%) 1460 us (99%).
I0911 22:06:47.861474 2931119 AriaExecutor.h:535] Worker 15 latency: 864 us (50%) 1163 us (75%) 1407 us (95%) 1460 us (99%).
I0911 22:06:47.943873 2931119 Coordinator.h:177] total commit: 1.33587e+06
I0911 22:06:48.943998 2931119 Coordinator.h:192] Coordinator exits.
