I1126 15:44:06.622737 1016773 Database.h:65] ycsb initialization finished in 30 milliseconds.
I1126 15:44:06.622829 1016773 Coordinator.h:30] Coordinator initializes 12 workers.
I1126 15:44:06.629763 1016773 Coordinator.h:77] Coordinator starts to run 13 workers.
I1126 15:44:06.629837 1016789 AriaExecutor.h:95] AriaExecutor 0 started. 
I1126 15:44:06.629868 1016790 AriaExecutor.h:95] AriaExecutor 1 started. 
I1126 15:44:06.629914 1016791 AriaExecutor.h:95] AriaExecutor 2 started. 
I1126 15:44:06.629964 1016792 AriaExecutor.h:95] AriaExecutor 3 started. 
I1126 15:44:06.629988 1016793 AriaExecutor.h:95] AriaExecutor 4 started. 
I1126 15:44:06.630029 1016794 AriaExecutor.h:95] AriaExecutor 5 started. 
I1126 15:44:06.630066 1016795 AriaExecutor.h:95] AriaExecutor 6 started. 
I1126 15:44:06.630105 1016796 AriaExecutor.h:95] AriaExecutor 7 started. 
I1126 15:44:06.630134 1016797 AriaExecutor.h:95] AriaExecutor 8 started. 
I1126 15:44:06.630174 1016798 AriaExecutor.h:95] AriaExecutor 9 started. 
I1126 15:44:06.630213 1016799 AriaExecutor.h:95] AriaExecutor 10 started. 
I1126 15:44:06.630252 1016800 AriaExecutor.h:95] AriaExecutor 11 started. 
I1126 15:44:06.630297 1016801 Manager.h:224] Manager(worker id = 12) on the coordinator node started.
I1126 15:44:07.630333 1016773 Coordinator.h:126] commit: 116693 abort: 1423307 (0/1423307/0), network size: 0, avg network size: 0, si_in_serializable: 0 0 %, local: 0 %
I1126 15:44:08.630445 1016773 Coordinator.h:126] commit: 115895 abort: 1404105 (0/1404105/0), network size: 0, avg network size: 0, si_in_serializable: 0 0 %, local: 0 %
I1126 15:44:09.630555 1016773 Coordinator.h:126] commit: 116561 abort: 1423439 (0/1423439/0), network size: 0, avg network size: 0, si_in_serializable: 0 0 %, local: 0 %
I1126 15:44:10.630661 1016773 Coordinator.h:126] commit: 117716 abort: 1432284 (0/1432284/0), network size: 0, avg network size: 0, si_in_serializable: 0 0 %, local: 0 %
I1126 15:44:11.630770 1016773 Coordinator.h:126] commit: 117955 abort: 1432045 (0/1432045/0), network size: 0, avg network size: 0, si_in_serializable: 0 0 %, local: 0 %
I1126 15:44:12.630865 1016773 Coordinator.h:126] commit: 115493 abort: 1404507 (0/1404507/0), network size: 0, avg network size: 0, si_in_serializable: 0 0 %, local: 0 %
I1126 15:44:13.630955 1016773 Coordinator.h:126] commit: 117318 abort: 1422682 (0/1422682/0), network size: 0, avg network size: 0, si_in_serializable: 0 0 %, local: 0 %
I1126 15:44:14.631068 1016773 Coordinator.h:126] commit: 117138 abort: 1422862 (0/1422862/0), network size: 0, avg network size: 0, si_in_serializable: 0 0 %, local: 0 %
I1126 15:44:15.631179 1016773 Coordinator.h:126] commit: 116675 abort: 1423325 (0/1423325/0), network size: 0, avg network size: 0, si_in_serializable: 0 0 %, local: 0 %
I1126 15:44:16.631286 1016773 Coordinator.h:126] commit: 117935 abort: 1432065 (0/1432065/0), network size: 0, avg network size: 0, si_in_serializable: 0 0 %, local: 0 %
I1126 15:44:17.631389 1016773 Coordinator.h:126] commit: 117342 abort: 1422658 (0/1422658/0), network size: 0, avg network size: 0, si_in_serializable: 0 0 %, local: 0 %
I1126 15:44:18.631492 1016773 Coordinator.h:126] commit: 117677 abort: 1432323 (0/1432323/0), network size: 0, avg network size: 0, si_in_serializable: 0 0 %, local: 0 %
I1126 15:44:19.631595 1016773 Coordinator.h:126] commit: 116100 abort: 1413900 (0/1413900/0), network size: 0, avg network size: 0, si_in_serializable: 0 0 %, local: 0 %
I1126 15:44:20.631695 1016773 Coordinator.h:126] commit: 116467 abort: 1413533 (0/1413533/0), network size: 0, avg network size: 0, si_in_serializable: 0 0 %, local: 0 %
I1126 15:44:21.631806 1016773 Coordinator.h:126] commit: 116729 abort: 1423271 (0/1423271/0), network size: 0, avg network size: 0, si_in_serializable: 0 0 %, local: 0 %
I1126 15:44:22.631932 1016773 Coordinator.h:126] commit: 117498 abort: 1422502 (0/1422502/0), network size: 0, avg network size: 0, si_in_serializable: 0 0 %, local: 0 %
I1126 15:44:23.632032 1016773 Coordinator.h:126] commit: 117102 abort: 1422898 (0/1422898/0), network size: 0, avg network size: 0, si_in_serializable: 0 0 %, local: 0 %
I1126 15:44:24.632129 1016773 Coordinator.h:126] commit: 118117 abort: 1431883 (0/1431883/0), network size: 0, avg network size: 0, si_in_serializable: 0 0 %, local: 0 %
I1126 15:44:25.632231 1016773 Coordinator.h:126] commit: 117452 abort: 1422548 (0/1422548/0), network size: 0, avg network size: 0, si_in_serializable: 0 0 %, local: 0 %
I1126 15:44:26.632335 1016773 Coordinator.h:126] commit: 118025 abort: 1431975 (0/1431975/0), network size: 0, avg network size: 0, si_in_serializable: 0 0 %, local: 0 %
I1126 15:44:27.632431 1016773 Coordinator.h:126] commit: 116700 abort: 1423300 (0/1423300/0), network size: 0, avg network size: 0, si_in_serializable: 0 0 %, local: 0 %
I1126 15:44:28.632519 1016773 Coordinator.h:126] commit: 117445 abort: 1422555 (0/1422555/0), network size: 0, avg network size: 0, si_in_serializable: 0 0 %, local: 0 %
I1126 15:44:29.632614 1016773 Coordinator.h:126] commit: 117631 abort: 1432369 (0/1432369/0), network size: 0, avg network size: 0, si_in_serializable: 0 0 %, local: 0 %
I1126 15:44:30.632710 1016773 Coordinator.h:126] commit: 116978 abort: 1423022 (0/1423022/0), network size: 0, avg network size: 0, si_in_serializable: 0 0 %, local: 0 %
I1126 15:44:31.632818 1016773 Coordinator.h:126] commit: 118360 abort: 1431640 (0/1431640/0), network size: 0, avg network size: 0, si_in_serializable: 0 0 %, local: 0 %
I1126 15:44:31.632853 1016773 Coordinator.h:152] average commit: 117251 abort: 1.42375e+06 (0/1.42375e+06/0), network size: 0, avg network size: 0, si_in_serializable: 0 0 %, local: 0 %
I1126 15:44:31.637331 1016801 Manager.h:227] Manager(worker id = 12) on the coordinator node exits.
I1126 15:44:31.637334 1016791 AriaExecutor.h:107] AriaExecutor 2 exits. 
I1126 15:44:31.637342 1016797 AriaExecutor.h:107] AriaExecutor 8 exits. 
I1126 15:44:31.637346 1016795 AriaExecutor.h:107] AriaExecutor 6 exits. 
I1126 15:44:31.637348 1016800 AriaExecutor.h:107] AriaExecutor 11 exits. 
I1126 15:44:31.637336 1016789 AriaExecutor.h:107] AriaExecutor 0 exits. 
I1126 15:44:31.637347 1016792 AriaExecutor.h:107] AriaExecutor 3 exits. 
I1126 15:44:31.637349 1016796 AriaExecutor.h:107] AriaExecutor 7 exits. 
I1126 15:44:31.637351 1016798 AriaExecutor.h:107] AriaExecutor 9 exits. 
I1126 15:44:31.637351 1016794 AriaExecutor.h:107] AriaExecutor 5 exits. 
I1126 15:44:31.637336 1016799 AriaExecutor.h:107] AriaExecutor 10 exits. 
I1126 15:44:31.637353 1016790 AriaExecutor.h:107] AriaExecutor 1 exits. 
I1126 15:44:31.637334 1016793 AriaExecutor.h:107] AriaExecutor 4 exits. 
I1126 15:44:31.632863 1016773 AriaExecutor.h:705] Worker 0 latency: 5672 us (50%) 6095 us (75%) 6284 us (95%) 6359 us (99%).
I1126 15:44:31.644963 1016773 AriaExecutor.h:705] Worker 1 latency: 5669 us (50%) 6092 us (75%) 6282 us (95%) 6355 us (99%).
I1126 15:44:31.657004 1016773 AriaExecutor.h:705] Worker 2 latency: 5682 us (50%) 6097 us (75%) 6282 us (95%) 6356 us (99%).
I1126 15:44:31.668952 1016773 AriaExecutor.h:705] Worker 3 latency: 5667 us (50%) 6092 us (75%) 6281 us (95%) 6355 us (99%).
I1126 15:44:31.680869 1016773 AriaExecutor.h:705] Worker 4 latency: 5673 us (50%) 6094 us (75%) 6281 us (95%) 6354 us (99%).
I1126 15:44:31.692989 1016773 AriaExecutor.h:705] Worker 5 latency: 5667 us (50%) 6089 us (75%) 6280 us (95%) 6352 us (99%).
I1126 15:44:31.704921 1016773 AriaExecutor.h:705] Worker 6 latency: 5674 us (50%) 6092 us (75%) 6280 us (95%) 6355 us (99%).
I1126 15:44:31.716859 1016773 AriaExecutor.h:705] Worker 7 latency: 5657 us (50%) 6085 us (75%) 6278 us (95%) 6351 us (99%).
I1126 15:44:31.728677 1016773 AriaExecutor.h:705] Worker 8 latency: 5664 us (50%) 6089 us (75%) 6280 us (95%) 6352 us (99%).
I1126 15:44:31.740604 1016773 AriaExecutor.h:705] Worker 9 latency: 5667 us (50%) 6085 us (75%) 6278 us (95%) 6351 us (99%).
I1126 15:44:31.752596 1016773 AriaExecutor.h:705] Worker 10 latency: 5666 us (50%) 6090 us (75%) 6278 us (95%) 6353 us (99%).
I1126 15:44:31.764529 1016773 AriaExecutor.h:705] Worker 11 latency: 5663 us (50%) 6086 us (75%) 6278 us (95%) 6352 us (99%).
I1126 15:44:31.776615 1016773 Coordinator.h:177] total commit: 117251
I1126 15:44:32.776736 1016773 Coordinator.h:192] Coordinator exits.
