I0911 23:34:20.552947 2948117 Database.h:65] ycsb initialization finished in 189 milliseconds.
I0911 23:34:20.553066 2948117 Coordinator.h:30] Coordinator initializes 16 workers.
I0911 23:34:20.583607 2948117 Coordinator.h:77] Coordinator starts to run 17 workers.
I0911 23:34:20.583673 2948138 AriaExecutor.h:82] AriaExecutor 0 started. 
I0911 23:34:20.583712 2948139 AriaExecutor.h:82] AriaExecutor 1 started. 
I0911 23:34:20.583752 2948140 AriaExecutor.h:82] AriaExecutor 2 started. 
I0911 23:34:20.583803 2948141 AriaExecutor.h:82] AriaExecutor 3 started. 
I0911 23:34:20.583834 2948142 AriaExecutor.h:82] AriaExecutor 4 started. 
I0911 23:34:20.583882 2948143 AriaExecutor.h:82] AriaExecutor 5 started. 
I0911 23:34:20.583912 2948144 AriaExecutor.h:82] AriaExecutor 6 started. 
I0911 23:34:20.583956 2948145 AriaExecutor.h:82] AriaExecutor 7 started. 
I0911 23:34:20.583994 2948146 AriaExecutor.h:82] AriaExecutor 8 started. 
I0911 23:34:20.584034 2948147 AriaExecutor.h:82] AriaExecutor 9 started. 
I0911 23:34:20.584070 2948148 AriaExecutor.h:82] AriaExecutor 10 started. 
I0911 23:34:20.584120 2948149 AriaExecutor.h:82] AriaExecutor 11 started. 
I0911 23:34:20.584154 2948150 AriaExecutor.h:82] AriaExecutor 12 started. 
I0911 23:34:20.584199 2948151 AriaExecutor.h:82] AriaExecutor 13 started. 
I0911 23:34:20.584231 2948152 AriaExecutor.h:82] AriaExecutor 14 started. 
I0911 23:34:20.584275 2948153 AriaExecutor.h:82] AriaExecutor 15 started. 
I0911 23:34:20.584307 2948154 Manager.h:224] Manager(worker id = 16) on the coordinator node started.
I0911 23:34:21.584360 2948117 Coordinator.h:126] commit: 1296543 abort: 5985 (0/5985/0), network size: 0, avg network size: 0, si_in_serializable: 0 0 %, local: 0 %
I0911 23:34:22.584470 2948117 Coordinator.h:126] commit: 1292576 abort: 5856 (0/5856/0), network size: 0, avg network size: 0, si_in_serializable: 0 0 %, local: 0 %
I0911 23:34:23.584548 2948117 Coordinator.h:126] commit: 1251684 abort: 5788 (0/5788/0), network size: 0, avg network size: 0, si_in_serializable: 0 0 %, local: 0 %
I0911 23:34:24.584625 2948117 Coordinator.h:126] commit: 1251768 abort: 5704 (0/5704/0), network size: 0, avg network size: 0, si_in_serializable: 0 0 %, local: 0 %
I0911 23:34:25.584723 2948117 Coordinator.h:126] commit: 1300675 abort: 5949 (0/5949/0), network size: 0, avg network size: 0, si_in_serializable: 0 0 %, local: 0 %
I0911 23:34:26.584802 2948117 Coordinator.h:126] commit: 1304844 abort: 5876 (0/5876/0), network size: 0, avg network size: 0, si_in_serializable: 0 0 %, local: 0 %
I0911 23:34:27.584875 2948117 Coordinator.h:126] commit: 1292582 abort: 5850 (0/5850/0), network size: 0, avg network size: 0, si_in_serializable: 0 0 %, local: 0 %
I0911 23:34:28.584952 2948117 Coordinator.h:126] commit: 1304962 abort: 5758 (0/5758/0), network size: 0, avg network size: 0, si_in_serializable: 0 0 %, local: 0 %
I0911 23:34:29.585027 2948117 Coordinator.h:126] commit: 1304751 abort: 5969 (0/5969/0), network size: 0, avg network size: 0, si_in_serializable: 0 0 %, local: 0 %
I0911 23:34:30.585100 2948117 Coordinator.h:126] commit: 1272185 abort: 5767 (0/5767/0), network size: 0, avg network size: 0, si_in_serializable: 0 0 %, local: 0 %
I0911 23:34:31.585177 2948117 Coordinator.h:126] commit: 1268098 abort: 5758 (0/5758/0), network size: 0, avg network size: 0, si_in_serializable: 0 0 %, local: 0 %
I0911 23:34:32.585253 2948117 Coordinator.h:126] commit: 1308944 abort: 5872 (0/5872/0), network size: 0, avg network size: 0, si_in_serializable: 0 0 %, local: 0 %
I0911 23:34:33.585350 2948117 Coordinator.h:126] commit: 1296607 abort: 5939 (0/5939/0), network size: 0, avg network size: 0, si_in_serializable: 0 0 %, local: 0 %
I0911 23:34:34.585429 2948117 Coordinator.h:126] commit: 1280231 abort: 5895 (0/5895/0), network size: 0, avg network size: 0, si_in_serializable: 0 0 %, local: 0 %
I0911 23:34:35.585505 2948117 Coordinator.h:126] commit: 1308898 abort: 5918 (0/5918/0), network size: 0, avg network size: 0, si_in_serializable: 0 0 %, local: 0 %
I0911 23:34:36.585579 2948117 Coordinator.h:126] commit: 1300585 abort: 6039 (0/6039/0), network size: 0, avg network size: 0, si_in_serializable: 0 0 %, local: 0 %
I0911 23:34:37.585657 2948117 Coordinator.h:126] commit: 1308871 abort: 5945 (0/5945/0), network size: 0, avg network size: 0, si_in_serializable: 0 0 %, local: 0 %
I0911 23:34:38.585731 2948117 Coordinator.h:126] commit: 1304695 abort: 6025 (0/6025/0), network size: 0, avg network size: 0, si_in_serializable: 0 0 %, local: 0 %
I0911 23:34:39.585808 2948117 Coordinator.h:126] commit: 1300587 abort: 6037 (0/6037/0), network size: 0, avg network size: 0, si_in_serializable: 0 0 %, local: 0 %
I0911 23:34:40.585882 2948117 Coordinator.h:126] commit: 1292629 abort: 5803 (0/5803/0), network size: 0, avg network size: 0, si_in_serializable: 0 0 %, local: 0 %
I0911 23:34:41.585952 2948117 Coordinator.h:126] commit: 1292578 abort: 5854 (0/5854/0), network size: 0, avg network size: 0, si_in_serializable: 0 0 %, local: 0 %
I0911 23:34:42.586027 2948117 Coordinator.h:126] commit: 1295034 abort: 5982 (0/5982/0), network size: 0, avg network size: 0, si_in_serializable: 0 0 %, local: 0 %
I0911 23:34:43.586099 2948117 Coordinator.h:126] commit: 1294212 abort: 5732 (0/5732/0), network size: 0, avg network size: 0, si_in_serializable: 0 0 %, local: 0 %
I0911 23:34:44.586189 2948117 Coordinator.h:126] commit: 1308786 abort: 6030 (0/6030/0), network size: 0, avg network size: 0, si_in_serializable: 0 0 %, local: 0 %
I0911 23:34:45.586272 2948117 Coordinator.h:126] commit: 1306562 abort: 5882 (0/5882/0), network size: 0, avg network size: 0, si_in_serializable: 0 0 %, local: 0 %
I0911 23:34:45.586284 2948117 Coordinator.h:152] average commit: 1.29701e+06 abort: 5923.1 (0/5923.1/0), network size: 0, avg network size: 0, si_in_serializable: 0 0 %, local: 0 %
I0911 23:34:45.586333 2948152 AriaExecutor.h:94] AriaExecutor 14 exits. 
I0911 23:34:45.586344 2948144 AriaExecutor.h:94] AriaExecutor 6 exits. 
I0911 23:34:45.586333 2948138 AriaExecutor.h:94] AriaExecutor 0 exits. 
I0911 23:34:45.586350 2948143 AriaExecutor.h:94] AriaExecutor 5 exits. 
I0911 23:34:45.586372 2948151 AriaExecutor.h:94] AriaExecutor 13 exits. 
I0911 23:34:45.586336 2948154 Manager.h:227] Manager(worker id = 16) on the coordinator node exits.
I0911 23:34:45.586344 2948140 AriaExecutor.h:94] AriaExecutor 2 exits. 
I0911 23:34:45.586366 2948149 AriaExecutor.h:94] AriaExecutor 11 exits. 
I0911 23:34:45.586335 2948146 AriaExecutor.h:94] AriaExecutor 8 exits. 
I0911 23:34:45.586351 2948145 AriaExecutor.h:94] AriaExecutor 7 exits. 
I0911 23:34:45.586351 2948153 AriaExecutor.h:94] AriaExecutor 15 exits. 
I0911 23:34:45.586351 2948147 AriaExecutor.h:94] AriaExecutor 9 exits. 
I0911 23:34:45.586354 2948139 AriaExecutor.h:94] AriaExecutor 1 exits. 
I0911 23:34:45.586352 2948141 AriaExecutor.h:94] AriaExecutor 3 exits. 
I0911 23:34:45.586344 2948148 AriaExecutor.h:94] AriaExecutor 10 exits. 
I0911 23:34:45.586344 2948150 AriaExecutor.h:94] AriaExecutor 12 exits. 
I0911 23:34:45.586344 2948142 AriaExecutor.h:94] AriaExecutor 4 exits. 
I0911 23:34:45.586293 2948117 AriaExecutor.h:641] Worker 0 latency: 1799 us (50%) 2404 us (75%) 2890 us (95%) 2991 us (99%).
I0911 23:34:45.668785 2948117 AriaExecutor.h:641] Worker 1 latency: 1795 us (50%) 2402 us (75%) 2888 us (95%) 2990 us (99%).
I0911 23:34:45.757865 2948117 AriaExecutor.h:641] Worker 2 latency: 1807 us (50%) 2408 us (75%) 2891 us (95%) 2991 us (99%).
I0911 23:34:45.841352 2948117 AriaExecutor.h:641] Worker 3 latency: 1799 us (50%) 2403 us (75%) 2888 us (95%) 2990 us (99%).
I0911 23:34:45.931006 2948117 AriaExecutor.h:641] Worker 4 latency: 1800 us (50%) 2405 us (75%) 2890 us (95%) 2991 us (99%).
I0911 23:34:46.014360 2948117 AriaExecutor.h:641] Worker 5 latency: 1794 us (50%) 2401 us (75%) 2888 us (95%) 2990 us (99%).
I0911 23:34:46.102929 2948117 AriaExecutor.h:641] Worker 6 latency: 1808 us (50%) 2408 us (75%) 2891 us (95%) 2991 us (99%).
I0911 23:34:46.185541 2948117 AriaExecutor.h:641] Worker 7 latency: 1796 us (50%) 2402 us (75%) 2887 us (95%) 2989 us (99%).
I0911 23:34:46.277485 2948117 AriaExecutor.h:641] Worker 8 latency: 1801 us (50%) 2404 us (75%) 2889 us (95%) 2990 us (99%).
I0911 23:34:46.360237 2948117 AriaExecutor.h:641] Worker 9 latency: 1797 us (50%) 2402 us (75%) 2887 us (95%) 2990 us (99%).
I0911 23:34:46.449542 2948117 AriaExecutor.h:641] Worker 10 latency: 1813 us (50%) 2410 us (75%) 2891 us (95%) 2991 us (99%).
I0911 23:34:46.532873 2948117 AriaExecutor.h:641] Worker 11 latency: 1801 us (50%) 2403 us (75%) 2888 us (95%) 2990 us (99%).
I0911 23:34:46.624706 2948117 AriaExecutor.h:641] Worker 12 latency: 1812 us (50%) 2409 us (75%) 2891 us (95%) 2991 us (99%).
I0911 23:34:46.709161 2948117 AriaExecutor.h:641] Worker 13 latency: 1794 us (50%) 2400 us (75%) 2887 us (95%) 2990 us (99%).
I0911 23:34:46.798787 2948117 AriaExecutor.h:641] Worker 14 latency: 1813 us (50%) 2410 us (75%) 2891 us (95%) 2991 us (99%).
I0911 23:34:46.882571 2948117 AriaExecutor.h:641] Worker 15 latency: 1802 us (50%) 2404 us (75%) 2888 us (95%) 2989 us (99%).
I0911 23:34:46.972826 2948117 Coordinator.h:177] total commit: 1.29701e+06
I0911 23:34:47.972949 2948117 Coordinator.h:192] Coordinator exits.
