I1126 18:03:36.383277 1065294 Database.h:65] ycsb initialization finished in 30 milliseconds.
I1126 18:03:36.383373 1065294 Coordinator.h:30] Coordinator initializes 12 workers.
I1126 18:03:36.390211 1065294 Coordinator.h:77] Coordinator starts to run 13 workers.
I1126 18:03:36.390262 1065313 AriaExecutor.h:91] AriaExecutor 0 started. 
I1126 18:03:36.390298 1065314 AriaExecutor.h:91] AriaExecutor 1 started. 
I1126 18:03:36.390342 1065315 AriaExecutor.h:91] AriaExecutor 2 started. 
I1126 18:03:36.390404 1065316 AriaExecutor.h:91] AriaExecutor 3 started. 
I1126 18:03:36.390470 1065318 AriaExecutor.h:91] AriaExecutor 5 started. 
I1126 18:03:36.390489 1065319 AriaExecutor.h:91] AriaExecutor 6 started. 
I1126 18:03:36.390544 1065320 AriaExecutor.h:91] AriaExecutor 7 started. 
I1126 18:03:36.390588 1065321 AriaExecutor.h:91] AriaExecutor 8 started. 
I1126 18:03:36.390637 1065322 AriaExecutor.h:91] AriaExecutor 9 started. 
I1126 18:03:36.390671 1065323 AriaExecutor.h:91] AriaExecutor 10 started. 
I1126 18:03:36.390715 1065317 AriaExecutor.h:91] AriaExecutor 4 started. 
I1126 18:03:36.390736 1065324 AriaExecutor.h:91] AriaExecutor 11 started. 
I1126 18:03:36.390817 1065325 Manager.h:224] Manager(worker id = 12) on the coordinator node started.
I1126 18:03:37.390879 1065294 Coordinator.h:126] commit: 929064 abort: 380936 (0/380936/0), network size: 0, avg network size: 0, si_in_serializable: 0 0 %, local: 0 %
I1126 18:03:38.391017 1065294 Coordinator.h:126] commit: 921778 abort: 378222 (0/378222/0), network size: 0, avg network size: 0, si_in_serializable: 0 0 %, local: 0 %
I1126 18:03:39.391180 1065294 Coordinator.h:126] commit: 935643 abort: 384357 (0/384357/0), network size: 0, avg network size: 0, si_in_serializable: 0 0 %, local: 0 %
I1126 18:03:40.391278 1065294 Coordinator.h:126] commit: 942058 abort: 387942 (0/387942/0), network size: 0, avg network size: 0, si_in_serializable: 0 0 %, local: 0 %
I1126 18:03:41.391358 1065294 Coordinator.h:126] commit: 945062 abort: 387979 (0/387979/0), network size: 0, avg network size: 0, si_in_serializable: 0 0 %, local: 0 %
I1126 18:03:42.391446 1065294 Coordinator.h:126] commit: 940606 abort: 386353 (0/386353/0), network size: 0, avg network size: 0, si_in_serializable: 0 0 %, local: 0 %
I1126 18:03:43.391525 1065294 Coordinator.h:126] commit: 928592 abort: 381408 (0/381408/0), network size: 0, avg network size: 0, si_in_serializable: 0 0 %, local: 0 %
I1126 18:03:44.391624 1065294 Coordinator.h:126] commit: 940600 abort: 385812 (0/385812/0), network size: 0, avg network size: 0, si_in_serializable: 0 0 %, local: 0 %
I1126 18:03:45.391707 1065294 Coordinator.h:126] commit: 937982 abort: 385606 (0/385606/0), network size: 0, avg network size: 0, si_in_serializable: 0 0 %, local: 0 %
I1126 18:03:46.391783 1065294 Coordinator.h:126] commit: 949705 abort: 390295 (0/390295/0), network size: 0, avg network size: 0, si_in_serializable: 0 0 %, local: 0 %
I1126 18:03:47.391861 1065294 Coordinator.h:126] commit: 942436 abort: 387564 (0/387564/0), network size: 0, avg network size: 0, si_in_serializable: 0 0 %, local: 0 %
I1126 18:03:48.391932 1065294 Coordinator.h:126] commit: 943512 abort: 386488 (0/386488/0), network size: 0, avg network size: 0, si_in_serializable: 0 0 %, local: 0 %
I1126 18:03:49.392004 1065294 Coordinator.h:126] commit: 949922 abort: 390078 (0/390078/0), network size: 0, avg network size: 0, si_in_serializable: 0 0 %, local: 0 %
I1126 18:03:50.392081 1065294 Coordinator.h:126] commit: 921970 abort: 378030 (0/378030/0), network size: 0, avg network size: 0, si_in_serializable: 0 0 %, local: 0 %
I1126 18:03:51.392160 1065294 Coordinator.h:126] commit: 942938 abort: 387062 (0/387062/0), network size: 0, avg network size: 0, si_in_serializable: 0 0 %, local: 0 %
I1126 18:03:52.392238 1065294 Coordinator.h:126] commit: 943490 abort: 386510 (0/386510/0), network size: 0, avg network size: 0, si_in_serializable: 0 0 %, local: 0 %
I1126 18:03:53.392316 1065294 Coordinator.h:126] commit: 942352 abort: 387648 (0/387648/0), network size: 0, avg network size: 0, si_in_serializable: 0 0 %, local: 0 %
I1126 18:03:54.392416 1065294 Coordinator.h:126] commit: 935319 abort: 384681 (0/384681/0), network size: 0, avg network size: 0, si_in_serializable: 0 0 %, local: 0 %
I1126 18:03:55.392498 1065294 Coordinator.h:126] commit: 946543 abort: 387306 (0/387306/0), network size: 0, avg network size: 0, si_in_serializable: 0 0 %, local: 0 %
I1126 18:03:56.392571 1065294 Coordinator.h:126] commit: 946425 abort: 389726 (0/389726/0), network size: 0, avg network size: 0, si_in_serializable: 0 0 %, local: 0 %
I1126 18:03:57.392645 1065294 Coordinator.h:126] commit: 949382 abort: 390618 (0/390618/0), network size: 0, avg network size: 0, si_in_serializable: 0 0 %, local: 0 %
I1126 18:03:58.392719 1065294 Coordinator.h:126] commit: 942406 abort: 387594 (0/387594/0), network size: 0, avg network size: 0, si_in_serializable: 0 0 %, local: 0 %
I1126 18:03:59.392796 1065294 Coordinator.h:126] commit: 950434 abort: 389566 (0/389566/0), network size: 0, avg network size: 0, si_in_serializable: 0 0 %, local: 0 %
I1126 18:04:00.392872 1065294 Coordinator.h:126] commit: 943044 abort: 386956 (0/386956/0), network size: 0, avg network size: 0, si_in_serializable: 0 0 %, local: 0 %
I1126 18:04:01.392951 1065294 Coordinator.h:126] commit: 950527 abort: 389473 (0/389473/0), network size: 0, avg network size: 0, si_in_serializable: 0 0 %, local: 0 %
I1126 18:04:01.392963 1065294 Coordinator.h:152] average commit: 941491 abort: 386509 (0/386509/0), network size: 0, avg network size: 0, si_in_serializable: 0 0 %, local: 0 %
I1126 18:04:01.396653 1065317 AriaExecutor.h:103] AriaExecutor 4 exits. 
I1126 18:04:01.396657 1065323 AriaExecutor.h:103] AriaExecutor 10 exits. 
I1126 18:04:01.396682 1065318 AriaExecutor.h:103] AriaExecutor 5 exits. 
I1126 18:04:01.396687 1065324 AriaExecutor.h:103] AriaExecutor 11 exits. 
I1126 18:04:01.396657 1065313 AriaExecutor.h:103] AriaExecutor 0 exits. 
I1126 18:04:01.396675 1065319 AriaExecutor.h:103] AriaExecutor 6 exits. 
I1126 18:04:01.396658 1065320 AriaExecutor.h:103] AriaExecutor 7 exits. 
I1126 18:04:01.396658 1065322 AriaExecutor.h:103] AriaExecutor 9 exits. 
I1126 18:04:01.396661 1065316 AriaExecutor.h:103] AriaExecutor 3 exits. 
I1126 18:04:01.396661 1065314 AriaExecutor.h:103] AriaExecutor 1 exits. 
I1126 18:04:01.396658 1065315 AriaExecutor.h:103] AriaExecutor 2 exits. 
I1126 18:04:01.396687 1065321 AriaExecutor.h:103] AriaExecutor 8 exits. 
I1126 18:04:01.396687 1065325 Manager.h:227] Manager(worker id = 12) on the coordinator node exits.
I1126 18:04:01.392973 1065294 AriaExecutor.h:621] Worker 0 latency: 5943 us (50%) 6372 us (75%) 6676 us (95%) 6786 us (99%).
I1126 18:04:01.475324 1065294 AriaExecutor.h:621] Worker 1 latency: 5923 us (50%) 6365 us (75%) 6674 us (95%) 6782 us (99%).
I1126 18:04:01.552408 1065294 AriaExecutor.h:621] Worker 2 latency: 5948 us (50%) 6373 us (75%) 6674 us (95%) 6782 us (99%).
I1126 18:04:01.633953 1065294 AriaExecutor.h:621] Worker 3 latency: 5919 us (50%) 6362 us (75%) 6672 us (95%) 6780 us (99%).
I1126 18:04:01.711309 1065294 AriaExecutor.h:621] Worker 4 latency: 5932 us (50%) 6366 us (75%) 6672 us (95%) 6780 us (99%).
I1126 18:04:01.794021 1065294 AriaExecutor.h:621] Worker 5 latency: 5921 us (50%) 6363 us (75%) 6672 us (95%) 6780 us (99%).
I1126 18:04:01.870841 1065294 AriaExecutor.h:621] Worker 6 latency: 5926 us (50%) 6362 us (75%) 6670 us (95%) 6781 us (99%).
I1126 18:04:01.954442 1065294 AriaExecutor.h:621] Worker 7 latency: 5927 us (50%) 6365 us (75%) 6672 us (95%) 6781 us (99%).
I1126 18:04:02.031165 1065294 AriaExecutor.h:621] Worker 8 latency: 5936 us (50%) 6369 us (75%) 6674 us (95%) 6782 us (99%).
I1126 18:04:02.113888 1065294 AriaExecutor.h:621] Worker 9 latency: 5922 us (50%) 6363 us (75%) 6672 us (95%) 6781 us (99%).
I1126 18:04:02.191633 1065294 AriaExecutor.h:621] Worker 10 latency: 5947 us (50%) 6374 us (75%) 6675 us (95%) 6782 us (99%).
I1126 18:04:02.274487 1065294 AriaExecutor.h:621] Worker 11 latency: 5918 us (50%) 6362 us (75%) 6672 us (95%) 6781 us (99%).
I1126 18:04:02.353855 1065294 Coordinator.h:177] total commit: 941491
I1126 18:04:03.353992 1065294 Coordinator.h:192] Coordinator exits.
