I0911 23:05:04.791965 2942493 Database.h:65] ycsb initialization finished in 148 milliseconds.
I0911 23:05:04.792071 2942493 Coordinator.h:30] Coordinator initializes 16 workers.
I0911 23:05:04.822666 2942493 Coordinator.h:77] Coordinator starts to run 17 workers.
I0911 23:05:04.822724 2942513 AriaExecutor.h:82] AriaExecutor 0 started. 
I0911 23:05:04.822764 2942514 AriaExecutor.h:82] AriaExecutor 1 started. 
I0911 23:05:04.822808 2942515 AriaExecutor.h:82] AriaExecutor 2 started. 
I0911 23:05:04.822862 2942516 AriaExecutor.h:82] AriaExecutor 3 started. 
I0911 23:05:04.822881 2942517 AriaExecutor.h:82] AriaExecutor 4 started. 
I0911 23:05:04.822926 2942518 AriaExecutor.h:82] AriaExecutor 5 started. 
I0911 23:05:04.822953 2942519 AriaExecutor.h:82] AriaExecutor 6 started. 
I0911 23:05:04.822999 2942520 AriaExecutor.h:82] AriaExecutor 7 started. 
I0911 23:05:04.823032 2942521 AriaExecutor.h:82] AriaExecutor 8 started. 
I0911 23:05:04.823081 2942522 AriaExecutor.h:82] AriaExecutor 9 started. 
I0911 23:05:04.823117 2942523 AriaExecutor.h:82] AriaExecutor 10 started. 
I0911 23:05:04.823161 2942524 AriaExecutor.h:82] AriaExecutor 11 started. 
I0911 23:05:04.823207 2942525 AriaExecutor.h:82] AriaExecutor 12 started. 
I0911 23:05:04.823254 2942526 AriaExecutor.h:82] AriaExecutor 13 started. 
I0911 23:05:04.823292 2942527 AriaExecutor.h:82] AriaExecutor 14 started. 
I0911 23:05:04.823331 2942528 AriaExecutor.h:82] AriaExecutor 15 started. 
I0911 23:05:04.823367 2942529 Manager.h:224] Manager(worker id = 16) on the coordinator node started.
I0911 23:05:05.823417 2942493 Coordinator.h:126] commit: 1687112 abort: 4536 (0/4536/0), network size: 0, avg network size: 0, si_in_serializable: 0 0 %, local: 0 %
I0911 23:05:06.823519 2942493 Coordinator.h:126] commit: 1682954 abort: 4519 (0/4519/0), network size: 0, avg network size: 0, si_in_serializable: 0 0 %, local: 0 %
I0911 23:05:07.823599 2942493 Coordinator.h:126] commit: 1617701 abort: 4394 (0/4394/0), network size: 0, avg network size: 0, si_in_serializable: 0 0 %, local: 0 %
I0911 23:05:08.823670 2942493 Coordinator.h:126] commit: 1637993 abort: 4503 (0/4503/0), network size: 0, avg network size: 0, si_in_serializable: 0 0 %, local: 0 %
I0911 23:05:09.823767 2942493 Coordinator.h:126] commit: 1707585 abort: 4543 (0/4543/0), network size: 0, avg network size: 0, si_in_serializable: 0 0 %, local: 0 %
I0911 23:05:10.823840 2942493 Coordinator.h:126] commit: 1699403 abort: 4533 (0/4533/0), network size: 0, avg network size: 0, si_in_serializable: 0 0 %, local: 0 %
I0911 23:05:11.823910 2942493 Coordinator.h:126] commit: 1715799 abort: 4521 (0/4521/0), network size: 0, avg network size: 0, si_in_serializable: 0 0 %, local: 0 %
I0911 23:05:12.823982 2942493 Coordinator.h:126] commit: 1715713 abort: 4607 (0/4607/0), network size: 0, avg network size: 0, si_in_serializable: 0 0 %, local: 0 %
I0911 23:05:13.824060 2942493 Coordinator.h:126] commit: 1715896 abort: 4424 (0/4424/0), network size: 0, avg network size: 0, si_in_serializable: 0 0 %, local: 0 %
I0911 23:05:14.824141 2942493 Coordinator.h:126] commit: 1658578 abort: 4398 (0/4398/0), network size: 0, avg network size: 0, si_in_serializable: 0 0 %, local: 0 %
I0911 23:05:15.824230 2942493 Coordinator.h:126] commit: 1662501 abort: 4571 (0/4571/0), network size: 0, avg network size: 0, si_in_serializable: 0 0 %, local: 0 %
I0911 23:05:16.824313 2942493 Coordinator.h:126] commit: 1670702 abort: 4562 (0/4562/0), network size: 0, avg network size: 0, si_in_serializable: 0 0 %, local: 0 %
I0911 23:05:17.824417 2942493 Coordinator.h:126] commit: 1707549 abort: 4579 (0/4579/0), network size: 0, avg network size: 0, si_in_serializable: 0 0 %, local: 0 %
I0911 23:05:18.824502 2942493 Coordinator.h:126] commit: 1703501 abort: 4531 (0/4531/0), network size: 0, avg network size: 0, si_in_serializable: 0 0 %, local: 0 %
I0911 23:05:19.824577 2942493 Coordinator.h:126] commit: 1715681 abort: 4592 (0/4592/0), network size: 0, avg network size: 0, si_in_serializable: 0 0 %, local: 0 %
I0911 23:05:20.824656 2942493 Coordinator.h:126] commit: 1711646 abort: 4625 (0/4625/0), network size: 0, avg network size: 0, si_in_serializable: 0 0 %, local: 0 %
I0911 23:05:21.824743 2942493 Coordinator.h:126] commit: 1711634 abort: 4590 (0/4590/0), network size: 0, avg network size: 0, si_in_serializable: 0 0 %, local: 0 %
I0911 23:05:22.824824 2942493 Coordinator.h:126] commit: 1707720 abort: 4408 (0/4408/0), network size: 0, avg network size: 0, si_in_serializable: 0 0 %, local: 0 %
I0911 23:05:23.824898 2942493 Coordinator.h:126] commit: 1703474 abort: 4558 (0/4558/0), network size: 0, avg network size: 0, si_in_serializable: 0 0 %, local: 0 %
I0911 23:05:24.824970 2942493 Coordinator.h:126] commit: 1634099 abort: 4301 (0/4301/0), network size: 0, avg network size: 0, si_in_serializable: 0 0 %, local: 0 %
I0911 23:05:25.825042 2942493 Coordinator.h:126] commit: 1707535 abort: 4593 (0/4593/0), network size: 0, avg network size: 0, si_in_serializable: 0 0 %, local: 0 %
I0911 23:05:26.825116 2942493 Coordinator.h:126] commit: 1707628 abort: 4500 (0/4500/0), network size: 0, avg network size: 0, si_in_serializable: 0 0 %, local: 0 %
I0911 23:05:27.825196 2942493 Coordinator.h:126] commit: 1699488 abort: 4448 (0/4448/0), network size: 0, avg network size: 0, si_in_serializable: 0 0 %, local: 0 %
I0911 23:05:28.825273 2942493 Coordinator.h:126] commit: 1711706 abort: 4518 (0/4518/0), network size: 0, avg network size: 0, si_in_serializable: 0 0 %, local: 0 %
I0911 23:05:29.825347 2942493 Coordinator.h:126] commit: 1711633 abort: 4591 (0/4591/0), network size: 0, avg network size: 0, si_in_serializable: 0 0 %, local: 0 %
I0911 23:05:29.825358 2942493 Coordinator.h:152] average commit: 1.69285e+06 abort: 4531.7 (0/4531.7/0), network size: 0, avg network size: 0, si_in_serializable: 0 0 %, local: 0 %
I0911 23:05:29.826262 2942519 AriaExecutor.h:94] AriaExecutor 6 exits. 
I0911 23:05:29.826277 2942515 AriaExecutor.h:94] AriaExecutor 2 exits. 
I0911 23:05:29.826280 2942514 AriaExecutor.h:94] AriaExecutor 1 exits. 
I0911 23:05:29.826270 2942513 AriaExecutor.h:94] AriaExecutor 0 exits. 
I0911 23:05:29.826267 2942521 AriaExecutor.h:94] AriaExecutor 8 exits. 
I0911 23:05:29.826270 2942527 AriaExecutor.h:94] AriaExecutor 14 exits. 
I0911 23:05:29.826269 2942525 AriaExecutor.h:94] AriaExecutor 12 exits. 
I0911 23:05:29.826267 2942523 AriaExecutor.h:94] AriaExecutor 10 exits. 
I0911 23:05:29.826265 2942529 Manager.h:227] Manager(worker id = 16) on the coordinator node exits.
I0911 23:05:29.826282 2942528 AriaExecutor.h:94] AriaExecutor 15 exits. 
I0911 23:05:29.826280 2942526 AriaExecutor.h:94] AriaExecutor 13 exits. 
I0911 23:05:29.826282 2942524 AriaExecutor.h:94] AriaExecutor 11 exits. 
I0911 23:05:29.826280 2942516 AriaExecutor.h:94] AriaExecutor 3 exits. 
I0911 23:05:29.826282 2942518 AriaExecutor.h:94] AriaExecutor 5 exits. 
I0911 23:05:29.826282 2942522 AriaExecutor.h:94] AriaExecutor 9 exits. 
I0911 23:05:29.826284 2942520 AriaExecutor.h:94] AriaExecutor 7 exits. 
I0911 23:05:29.826269 2942517 AriaExecutor.h:94] AriaExecutor 4 exits. 
I0911 23:05:29.825369 2942493 AriaExecutor.h:641] Worker 0 latency: 1447 us (50%) 1859 us (75%) 2193 us (95%) 2383 us (99%).
I0911 23:05:29.926270 2942493 AriaExecutor.h:641] Worker 1 latency: 1444 us (50%) 1857 us (75%) 2191 us (95%) 2379 us (99%).
I0911 23:05:30.029218 2942493 AriaExecutor.h:641] Worker 2 latency: 1456 us (50%) 1863 us (75%) 2194 us (95%) 2383 us (99%).
I0911 23:05:30.128259 2942493 AriaExecutor.h:641] Worker 3 latency: 1448 us (50%) 1859 us (75%) 2192 us (95%) 2381 us (99%).
I0911 23:05:30.229632 2942493 AriaExecutor.h:641] Worker 4 latency: 1446 us (50%) 1859 us (75%) 2193 us (95%) 2382 us (99%).
I0911 23:05:30.334686 2942493 AriaExecutor.h:641] Worker 5 latency: 1444 us (50%) 1858 us (75%) 2192 us (95%) 2379 us (99%).
I0911 23:05:30.436648 2942493 AriaExecutor.h:641] Worker 6 latency: 1457 us (50%) 1864 us (75%) 2194 us (95%) 2383 us (99%).
I0911 23:05:30.541735 2942493 AriaExecutor.h:641] Worker 7 latency: 1444 us (50%) 1857 us (75%) 2191 us (95%) 2379 us (99%).
I0911 23:05:30.642812 2942493 AriaExecutor.h:641] Worker 8 latency: 1447 us (50%) 1858 us (75%) 2192 us (95%) 2381 us (99%).
I0911 23:05:30.742609 2942493 AriaExecutor.h:641] Worker 9 latency: 1445 us (50%) 1857 us (75%) 2191 us (95%) 2379 us (99%).
I0911 23:05:30.859112 2942493 AriaExecutor.h:641] Worker 10 latency: 1461 us (50%) 1865 us (75%) 2194 us (95%) 2383 us (99%).
I0911 23:05:30.958828 2942493 AriaExecutor.h:641] Worker 11 latency: 1452 us (50%) 1860 us (75%) 2192 us (95%) 2379 us (99%).
I0911 23:05:31.061901 2942493 AriaExecutor.h:641] Worker 12 latency: 1461 us (50%) 1865 us (75%) 2194 us (95%) 2383 us (99%).
I0911 23:05:31.166538 2942493 AriaExecutor.h:641] Worker 13 latency: 1441 us (50%) 1855 us (75%) 2191 us (95%) 2378 us (99%).
I0911 23:05:31.284461 2942493 AriaExecutor.h:641] Worker 14 latency: 1461 us (50%) 1865 us (75%) 2194 us (95%) 2383 us (99%).
I0911 23:05:31.385416 2942493 AriaExecutor.h:641] Worker 15 latency: 1454 us (50%) 1861 us (75%) 2192 us (95%) 2380 us (99%).
I0911 23:05:31.488234 2942493 Coordinator.h:177] total commit: 1.69285e+06
I0911 23:05:32.488354 2942493 Coordinator.h:192] Coordinator exits.
