I1126 16:07:35.722285 1031619 Database.h:65] ycsb initialization finished in 29 milliseconds.
I1126 16:07:35.722380 1031619 Coordinator.h:30] Coordinator initializes 12 workers.
I1126 16:07:35.729938 1031619 Coordinator.h:77] Coordinator starts to run 13 workers.
I1126 16:07:35.729990 1031635 AriaExecutor.h:93] AriaExecutor 0 started. 
I1126 16:07:35.730027 1031636 AriaExecutor.h:93] AriaExecutor 1 started. 
I1126 16:07:35.730065 1031637 AriaExecutor.h:93] AriaExecutor 2 started. 
I1126 16:07:35.730120 1031638 AriaExecutor.h:93] AriaExecutor 3 started. 
I1126 16:07:35.730197 1031640 AriaExecutor.h:93] AriaExecutor 5 started. 
I1126 16:07:35.730232 1031641 AriaExecutor.h:93] AriaExecutor 6 started. 
I1126 16:07:35.730279 1031642 AriaExecutor.h:93] AriaExecutor 7 started. 
I1126 16:07:35.730319 1031643 AriaExecutor.h:93] AriaExecutor 8 started. 
I1126 16:07:35.730393 1031644 AriaExecutor.h:93] AriaExecutor 9 started. 
I1126 16:07:35.730436 1031645 AriaExecutor.h:93] AriaExecutor 10 started. 
I1126 16:07:35.730474 1031646 AriaExecutor.h:93] AriaExecutor 11 started. 
I1126 16:07:35.730504 1031639 AriaExecutor.h:93] AriaExecutor 4 started. 
I1126 16:07:35.730510 1031647 Manager.h:224] Manager(worker id = 12) on the coordinator node started.
I1126 16:07:36.730569 1031619 Coordinator.h:126] commit: 608632 abort: 122368 (0/122368/0), network size: 0, avg network size: 0, si_in_serializable: 0 0 %, local: 0 %
I1126 16:07:37.730685 1031619 Coordinator.h:126] commit: 600951 abort: 121049 (0/121049/0), network size: 0, avg network size: 0, si_in_serializable: 0 0 %, local: 0 %
I1126 16:07:38.730793 1031619 Coordinator.h:126] commit: 607478 abort: 122459 (0/122459/0), network size: 0, avg network size: 0, si_in_serializable: 0 0 %, local: 0 %
I1126 16:07:39.730880 1031619 Coordinator.h:126] commit: 611408 abort: 123655 (0/123655/0), network size: 0, avg network size: 0, si_in_serializable: 0 0 %, local: 0 %
I1126 16:07:40.730964 1031619 Coordinator.h:126] commit: 613754 abort: 123246 (0/123246/0), network size: 0, avg network size: 0, si_in_serializable: 0 0 %, local: 0 %
I1126 16:07:41.731056 1031619 Coordinator.h:126] commit: 594509 abort: 119491 (0/119491/0), network size: 0, avg network size: 0, si_in_serializable: 0 0 %, local: 0 %
I1126 16:07:42.731135 1031619 Coordinator.h:126] commit: 612707 abort: 123293 (0/123293/0), network size: 0, avg network size: 0, si_in_serializable: 0 0 %, local: 0 %
I1126 16:07:43.731235 1031619 Coordinator.h:126] commit: 611913 abort: 123087 (0/123087/0), network size: 0, avg network size: 0, si_in_serializable: 0 0 %, local: 0 %
I1126 16:07:44.731321 1031619 Coordinator.h:126] commit: 612791 abort: 123209 (0/123209/0), network size: 0, avg network size: 0, si_in_serializable: 0 0 %, local: 0 %
I1126 16:07:45.731416 1031619 Coordinator.h:126] commit: 612558 abort: 123442 (0/123442/0), network size: 0, avg network size: 0, si_in_serializable: 0 0 %, local: 0 %
I1126 16:07:46.731515 1031619 Coordinator.h:126] commit: 594143 abort: 119857 (0/119857/0), network size: 0, avg network size: 0, si_in_serializable: 0 0 %, local: 0 %
I1126 16:07:47.731606 1031619 Coordinator.h:126] commit: 614162 abort: 123838 (0/123838/0), network size: 0, avg network size: 0, si_in_serializable: 0 0 %, local: 0 %
I1126 16:07:48.731691 1031619 Coordinator.h:126] commit: 612215 abort: 123785 (0/123785/0), network size: 0, avg network size: 0, si_in_serializable: 0 0 %, local: 0 %
I1126 16:07:49.731773 1031619 Coordinator.h:126] commit: 613887 abort: 123113 (0/123113/0), network size: 0, avg network size: 0, si_in_serializable: 0 0 %, local: 0 %
I1126 16:07:50.731861 1031619 Coordinator.h:126] commit: 610827 abort: 123173 (0/123173/0), network size: 0, avg network size: 0, si_in_serializable: 0 0 %, local: 0 %
I1126 16:07:51.731962 1031619 Coordinator.h:126] commit: 604481 abort: 122519 (0/122519/0), network size: 0, avg network size: 0, si_in_serializable: 0 0 %, local: 0 %
I1126 16:07:52.732050 1031619 Coordinator.h:126] commit: 611785 abort: 123215 (0/123215/0), network size: 0, avg network size: 0, si_in_serializable: 0 0 %, local: 0 %
I1126 16:07:53.732151 1031619 Coordinator.h:126] commit: 613245 abort: 123755 (0/123755/0), network size: 0, avg network size: 0, si_in_serializable: 0 0 %, local: 0 %
I1126 16:07:54.732231 1031619 Coordinator.h:126] commit: 613106 abort: 122894 (0/122894/0), network size: 0, avg network size: 0, si_in_serializable: 0 0 %, local: 0 %
I1126 16:07:55.732324 1031619 Coordinator.h:126] commit: 612407 abort: 123593 (0/123593/0), network size: 0, avg network size: 0, si_in_serializable: 0 0 %, local: 0 %
I1126 16:07:56.732429 1031619 Coordinator.h:126] commit: 564978 abort: 114022 (0/114022/0), network size: 0, avg network size: 0, si_in_serializable: 0 0 %, local: 0 %
I1126 16:07:57.732522 1031619 Coordinator.h:126] commit: 613664 abort: 123336 (0/123336/0), network size: 0, avg network size: 0, si_in_serializable: 0 0 %, local: 0 %
I1126 16:07:58.732605 1031619 Coordinator.h:126] commit: 614164 abort: 122836 (0/122836/0), network size: 0, avg network size: 0, si_in_serializable: 0 0 %, local: 0 %
I1126 16:07:59.732686 1031619 Coordinator.h:126] commit: 613466 abort: 123534 (0/123534/0), network size: 0, avg network size: 0, si_in_serializable: 0 0 %, local: 0 %
I1126 16:08:00.732777 1031619 Coordinator.h:126] commit: 611160 abort: 123840 (0/123840/0), network size: 0, avg network size: 0, si_in_serializable: 0 0 %, local: 0 %
I1126 16:08:00.732810 1031619 Coordinator.h:152] average commit: 610026 abort: 122974 (0/122974/0), network size: 0, avg network size: 0, si_in_serializable: 0 0 %, local: 0 %
I1126 16:08:00.733239 1031639 AriaExecutor.h:105] AriaExecutor 4 exits. 
I1126 16:08:00.733242 1031643 AriaExecutor.h:105] AriaExecutor 8 exits. 
I1126 16:08:00.733248 1031641 AriaExecutor.h:105] AriaExecutor 6 exits. 
I1126 16:08:00.733253 1031636 AriaExecutor.h:105] AriaExecutor 1 exits. 
I1126 16:08:00.733253 1031642 AriaExecutor.h:105] AriaExecutor 7 exits. 
I1126 16:08:00.733250 1031645 AriaExecutor.h:105] AriaExecutor 10 exits. 
I1126 16:08:00.733253 1031638 AriaExecutor.h:105] AriaExecutor 3 exits. 
I1126 16:08:00.733253 1031644 AriaExecutor.h:105] AriaExecutor 9 exits. 
I1126 16:08:00.733253 1031640 AriaExecutor.h:105] AriaExecutor 5 exits. 
I1126 16:08:00.733245 1031637 AriaExecutor.h:105] AriaExecutor 2 exits. 
I1126 16:08:00.733260 1031647 Manager.h:227] Manager(worker id = 12) on the coordinator node exits.
I1126 16:08:00.733268 1031646 AriaExecutor.h:105] AriaExecutor 11 exits. 
I1126 16:08:00.733240 1031635 AriaExecutor.h:105] AriaExecutor 0 exits. 
I1126 16:08:00.732820 1031619 AriaExecutor.h:672] Worker 0 latency: 921 us (50%) 1118 us (75%) 1264 us (95%) 1295 us (99%).
I1126 16:08:00.786598 1031619 AriaExecutor.h:672] Worker 1 latency: 918 us (50%) 1117 us (75%) 1263 us (95%) 1294 us (99%).
I1126 16:08:00.840924 1031619 AriaExecutor.h:672] Worker 2 latency: 920 us (50%) 1118 us (75%) 1264 us (95%) 1295 us (99%).
I1126 16:08:00.895615 1031619 AriaExecutor.h:672] Worker 3 latency: 918 us (50%) 1116 us (75%) 1263 us (95%) 1294 us (99%).
I1126 16:08:00.948985 1031619 AriaExecutor.h:672] Worker 4 latency: 921 us (50%) 1118 us (75%) 1264 us (95%) 1295 us (99%).
I1126 16:08:01.002739 1031619 AriaExecutor.h:672] Worker 5 latency: 918 us (50%) 1116 us (75%) 1263 us (95%) 1294 us (99%).
I1126 16:08:01.055475 1031619 AriaExecutor.h:672] Worker 6 latency: 921 us (50%) 1118 us (75%) 1264 us (95%) 1295 us (99%).
I1126 16:08:01.109078 1031619 AriaExecutor.h:672] Worker 7 latency: 920 us (50%) 1117 us (75%) 1263 us (95%) 1294 us (99%).
I1126 16:08:01.162519 1031619 AriaExecutor.h:672] Worker 8 latency: 921 us (50%) 1118 us (75%) 1264 us (95%) 1295 us (99%).
I1126 16:08:01.214756 1031619 AriaExecutor.h:672] Worker 9 latency: 919 us (50%) 1116 us (75%) 1263 us (95%) 1294 us (99%).
I1126 16:08:01.270148 1031619 AriaExecutor.h:672] Worker 10 latency: 921 us (50%) 1118 us (75%) 1264 us (95%) 1295 us (99%).
I1126 16:08:01.323021 1031619 AriaExecutor.h:672] Worker 11 latency: 920 us (50%) 1117 us (75%) 1263 us (95%) 1294 us (99%).
I1126 16:08:01.377216 1031619 Coordinator.h:177] total commit: 610026
I1126 16:08:02.377331 1031619 Coordinator.h:192] Coordinator exits.
