I1126 17:08:01.934921 1048439 Database.h:65] ycsb initialization finished in 30 milliseconds.
I1126 17:08:01.935017 1048439 Coordinator.h:30] Coordinator initializes 12 workers.
I1126 17:08:01.942701 1048439 Coordinator.h:77] Coordinator starts to run 13 workers.
I1126 17:08:01.942780 1048521 AriaExecutor.h:93] AriaExecutor 0 started. 
I1126 17:08:01.942811 1048522 AriaExecutor.h:93] AriaExecutor 1 started. 
I1126 17:08:01.942845 1048523 AriaExecutor.h:93] AriaExecutor 2 started. 
I1126 17:08:01.942898 1048524 AriaExecutor.h:93] AriaExecutor 3 started. 
I1126 17:08:01.942904 1048525 AriaExecutor.h:93] AriaExecutor 4 started. 
I1126 17:08:01.942958 1048526 AriaExecutor.h:93] AriaExecutor 5 started. 
I1126 17:08:01.942977 1048527 AriaExecutor.h:93] AriaExecutor 6 started. 
I1126 17:08:01.943025 1048528 AriaExecutor.h:93] AriaExecutor 7 started. 
I1126 17:08:01.943037 1048529 AriaExecutor.h:93] AriaExecutor 8 started. 
I1126 17:08:01.943089 1048530 AriaExecutor.h:93] AriaExecutor 9 started. 
I1126 17:08:01.943101 1048531 AriaExecutor.h:93] AriaExecutor 10 started. 
I1126 17:08:01.943156 1048532 AriaExecutor.h:93] AriaExecutor 11 started. 
I1126 17:08:01.943176 1048533 Manager.h:224] Manager(worker id = 12) on the coordinator node started.
I1126 17:08:02.943219 1048439 Coordinator.h:126] commit: 140733 abort: 578267 (0/578267/0), network size: 0, avg network size: 0, si_in_serializable: 0 0 %, local: 0 %
I1126 17:08:03.943325 1048439 Coordinator.h:126] commit: 137918 abort: 567082 (0/567082/0), network size: 0, avg network size: 0, si_in_serializable: 0 0 %, local: 0 %
I1126 17:08:04.943444 1048439 Coordinator.h:126] commit: 140790 abort: 577210 (0/577210/0), network size: 0, avg network size: 0, si_in_serializable: 0 0 %, local: 0 %
I1126 17:08:05.943554 1048439 Coordinator.h:126] commit: 141363 abort: 580637 (0/580637/0), network size: 0, avg network size: 0, si_in_serializable: 0 0 %, local: 0 %
I1126 17:08:06.943643 1048439 Coordinator.h:126] commit: 141573 abort: 582427 (0/582427/0), network size: 0, avg network size: 0, si_in_serializable: 0 0 %, local: 0 %
I1126 17:08:07.943732 1048439 Coordinator.h:126] commit: 138786 abort: 570214 (0/570214/0), network size: 0, avg network size: 0, si_in_serializable: 0 0 %, local: 0 %
I1126 17:08:08.943817 1048439 Coordinator.h:126] commit: 140875 abort: 582125 (0/582125/0), network size: 0, avg network size: 0, si_in_serializable: 0 0 %, local: 0 %
I1126 17:08:09.943913 1048439 Coordinator.h:126] commit: 140941 abort: 580059 (0/580059/0), network size: 0, avg network size: 0, si_in_serializable: 0 0 %, local: 0 %
I1126 17:08:10.943998 1048439 Coordinator.h:126] commit: 141369 abort: 581631 (0/581631/0), network size: 0, avg network size: 0, si_in_serializable: 0 0 %, local: 0 %
I1126 17:08:11.944079 1048439 Coordinator.h:126] commit: 141323 abort: 581677 (0/581677/0), network size: 0, avg network size: 0, si_in_serializable: 0 0 %, local: 0 %
I1126 17:08:12.944157 1048439 Coordinator.h:126] commit: 141177 abort: 578823 (0/578823/0), network size: 0, avg network size: 0, si_in_serializable: 0 0 %, local: 0 %
I1126 17:08:13.944236 1048439 Coordinator.h:126] commit: 140543 abort: 579457 (0/579457/0), network size: 0, avg network size: 0, si_in_serializable: 0 0 %, local: 0 %
I1126 17:08:14.944314 1048439 Coordinator.h:126] commit: 141308 abort: 580692 (0/580692/0), network size: 0, avg network size: 0, si_in_serializable: 0 0 %, local: 0 %
I1126 17:08:15.944409 1048439 Coordinator.h:126] commit: 141977 abort: 582023 (0/582023/0), network size: 0, avg network size: 0, si_in_serializable: 0 0 %, local: 0 %
I1126 17:08:16.944492 1048439 Coordinator.h:126] commit: 141528 abort: 581472 (0/581472/0), network size: 0, avg network size: 0, si_in_serializable: 0 0 %, local: 0 %
I1126 17:08:17.944586 1048439 Coordinator.h:126] commit: 140627 abort: 577373 (0/577373/0), network size: 0, avg network size: 0, si_in_serializable: 0 0 %, local: 0 %
I1126 17:08:18.944680 1048439 Coordinator.h:126] commit: 141059 abort: 579941 (0/579941/0), network size: 0, avg network size: 0, si_in_serializable: 0 0 %, local: 0 %
I1126 17:08:19.944764 1048439 Coordinator.h:126] commit: 141285 abort: 581715 (0/581715/0), network size: 0, avg network size: 0, si_in_serializable: 0 0 %, local: 0 %
I1126 17:08:20.944840 1048439 Coordinator.h:126] commit: 141285 abort: 581715 (0/581715/0), network size: 0, avg network size: 0, si_in_serializable: 0 0 %, local: 0 %
I1126 17:08:21.944932 1048439 Coordinator.h:126] commit: 142379 abort: 582621 (0/582621/0), network size: 0, avg network size: 0, si_in_serializable: 0 0 %, local: 0 %
I1126 17:08:22.945011 1048439 Coordinator.h:126] commit: 141970 abort: 582030 (0/582030/0), network size: 0, avg network size: 0, si_in_serializable: 0 0 %, local: 0 %
I1126 17:08:23.945086 1048439 Coordinator.h:126] commit: 141261 abort: 578739 (0/578739/0), network size: 0, avg network size: 0, si_in_serializable: 0 0 %, local: 0 %
I1126 17:08:24.945165 1048439 Coordinator.h:126] commit: 139539 abort: 574461 (0/574461/0), network size: 0, avg network size: 0, si_in_serializable: 0 0 %, local: 0 %
I1126 17:08:25.945261 1048439 Coordinator.h:126] commit: 141876 abort: 583124 (0/583124/0), network size: 0, avg network size: 0, si_in_serializable: 0 0 %, local: 0 %
I1126 17:08:26.945343 1048439 Coordinator.h:126] commit: 141413 abort: 582587 (0/582587/0), network size: 0, avg network size: 0, si_in_serializable: 0 0 %, local: 0 %
I1126 17:08:26.945374 1048439 Coordinator.h:152] average commit: 141317 abort: 580583 (0/580583/0), network size: 0, avg network size: 0, si_in_serializable: 0 0 %, local: 0 %
I1126 17:08:26.945914 1048533 Manager.h:227] Manager(worker id = 12) on the coordinator node exits.
I1126 17:08:26.945916 1048531 AriaExecutor.h:105] AriaExecutor 10 exits. 
I1126 17:08:26.945914 1048521 AriaExecutor.h:105] AriaExecutor 0 exits. 
I1126 17:08:26.945928 1048522 AriaExecutor.h:105] AriaExecutor 1 exits. 
I1126 17:08:26.945916 1048523 AriaExecutor.h:105] AriaExecutor 2 exits. 
I1126 17:08:26.945919 1048527 AriaExecutor.h:105] AriaExecutor 6 exits. 
I1126 17:08:26.945914 1048529 AriaExecutor.h:105] AriaExecutor 8 exits. 
I1126 17:08:26.945928 1048528 AriaExecutor.h:105] AriaExecutor 7 exits. 
I1126 17:08:26.945930 1048530 AriaExecutor.h:105] AriaExecutor 9 exits. 
I1126 17:08:26.945930 1048526 AriaExecutor.h:105] AriaExecutor 5 exits. 
I1126 17:08:26.945930 1048524 AriaExecutor.h:105] AriaExecutor 3 exits. 
I1126 17:08:26.945930 1048532 AriaExecutor.h:105] AriaExecutor 11 exits. 
I1126 17:08:26.945916 1048525 AriaExecutor.h:105] AriaExecutor 4 exits. 
I1126 17:08:26.945384 1048439 AriaExecutor.h:672] Worker 0 latency: 1079 us (50%) 1266 us (75%) 1348 us (95%) 1367 us (99%).
I1126 17:08:26.960104 1048439 AriaExecutor.h:672] Worker 1 latency: 1077 us (50%) 1263 us (75%) 1347 us (95%) 1366 us (99%).
I1126 17:08:26.974596 1048439 AriaExecutor.h:672] Worker 2 latency: 1074 us (50%) 1261 us (75%) 1347 us (95%) 1366 us (99%).
I1126 17:08:26.988974 1048439 AriaExecutor.h:672] Worker 3 latency: 1074 us (50%) 1260 us (75%) 1346 us (95%) 1365 us (99%).
I1126 17:08:27.003465 1048439 AriaExecutor.h:672] Worker 4 latency: 1071 us (50%) 1257 us (75%) 1346 us (95%) 1366 us (99%).
I1126 17:08:27.017643 1048439 AriaExecutor.h:672] Worker 5 latency: 1069 us (50%) 1256 us (75%) 1345 us (95%) 1365 us (99%).
I1126 17:08:27.031893 1048439 AriaExecutor.h:672] Worker 6 latency: 1069 us (50%) 1255 us (75%) 1345 us (95%) 1365 us (99%).
I1126 17:08:27.046267 1048439 AriaExecutor.h:672] Worker 7 latency: 1068 us (50%) 1253 us (75%) 1344 us (95%) 1364 us (99%).
I1126 17:08:27.060333 1048439 AriaExecutor.h:672] Worker 8 latency: 1063 us (50%) 1251 us (75%) 1344 us (95%) 1365 us (99%).
I1126 17:08:27.074349 1048439 AriaExecutor.h:672] Worker 9 latency: 1064 us (50%) 1251 us (75%) 1343 us (95%) 1364 us (99%).
I1126 17:08:27.088330 1048439 AriaExecutor.h:672] Worker 10 latency: 1061 us (50%) 1249 us (75%) 1343 us (95%) 1364 us (99%).
I1126 17:08:27.102401 1048439 AriaExecutor.h:672] Worker 11 latency: 1061 us (50%) 1249 us (75%) 1343 us (95%) 1363 us (99%).
I1126 17:08:27.116365 1048439 Coordinator.h:177] total commit: 141317
I1126 17:08:28.116473 1048439 Coordinator.h:192] Coordinator exits.
