I0911 21:51:14.576483 2927164 Database.h:65] ycsb initialization finished in 149 milliseconds.
I0911 21:51:14.576587 2927164 Coordinator.h:30] Coordinator initializes 16 workers.
I0911 21:51:14.584115 2927164 Coordinator.h:77] Coordinator starts to run 17 workers.
I0911 21:51:14.584229 2927187 AriaExecutor.h:82] AriaExecutor 0 started. 
I0911 21:51:14.584239 2927188 AriaExecutor.h:82] AriaExecutor 1 started. 
I0911 21:51:14.584322 2927189 AriaExecutor.h:82] AriaExecutor 2 started. 
I0911 21:51:14.584354 2927190 AriaExecutor.h:82] AriaExecutor 3 started. 
I0911 21:51:14.584398 2927191 AriaExecutor.h:82] AriaExecutor 4 started. 
I0911 21:51:14.584437 2927192 AriaExecutor.h:82] AriaExecutor 5 started. 
I0911 21:51:14.584470 2927193 AriaExecutor.h:82] AriaExecutor 6 started. 
I0911 21:51:14.584503 2927194 AriaExecutor.h:82] AriaExecutor 7 started. 
I0911 21:51:14.584544 2927195 AriaExecutor.h:82] AriaExecutor 8 started. 
I0911 21:51:14.584580 2927196 AriaExecutor.h:82] AriaExecutor 9 started. 
I0911 21:51:14.584609 2927197 AriaExecutor.h:82] AriaExecutor 10 started. 
I0911 21:51:14.584643 2927198 AriaExecutor.h:82] AriaExecutor 11 started. 
I0911 21:51:14.584671 2927199 AriaExecutor.h:82] AriaExecutor 12 started. 
I0911 21:51:14.584705 2927200 AriaExecutor.h:82] AriaExecutor 13 started. 
I0911 21:51:14.584736 2927201 AriaExecutor.h:82] AriaExecutor 14 started. 
I0911 21:51:14.584774 2927202 AriaExecutor.h:82] AriaExecutor 15 started. 
I0911 21:51:14.584817 2927203 Manager.h:224] Manager(worker id = 16) on the coordinator node started.
I0911 21:51:15.584867 2927164 Coordinator.h:126] commit: 1725389 abort: 1075 (0/1075/0), network size: 0, avg network size: 0, si_in_serializable: 0 0 %, local: 0 %
I0911 21:51:16.584945 2927164 Coordinator.h:126] commit: 1725282 abort: 1182 (0/1182/0), network size: 0, avg network size: 0, si_in_serializable: 0 0 %, local: 0 %
I0911 21:51:17.585052 2927164 Coordinator.h:126] commit: 1664028 abort: 1061 (0/1061/0), network size: 0, avg network size: 0, si_in_serializable: 0 0 %, local: 0 %
I0911 21:51:18.585156 2927164 Coordinator.h:126] commit: 1700734 abort: 1089 (0/1089/0), network size: 0, avg network size: 0, si_in_serializable: 0 0 %, local: 0 %
I0911 21:51:19.585335 2927164 Coordinator.h:126] commit: 1743780 abort: 1116 (0/1116/0), network size: 0, avg network size: 0, si_in_serializable: 0 0 %, local: 0 %
I0911 21:51:20.585462 2927164 Coordinator.h:126] commit: 1769387 abort: 1109 (0/1109/0), network size: 0, avg network size: 0, si_in_serializable: 0 0 %, local: 0 %
I0911 21:51:21.585582 2927164 Coordinator.h:126] commit: 1769300 abort: 1196 (0/1196/0), network size: 0, avg network size: 0, si_in_serializable: 0 0 %, local: 0 %
I0911 21:51:22.585703 2927164 Coordinator.h:126] commit: 1765216 abort: 1184 (0/1184/0), network size: 0, avg network size: 0, si_in_serializable: 0 0 %, local: 0 %
I0911 21:51:23.585819 2927164 Coordinator.h:126] commit: 1767271 abort: 1177 (0/1177/0), network size: 0, avg network size: 0, si_in_serializable: 0 0 %, local: 0 %
I0911 21:51:24.585929 2927164 Coordinator.h:126] commit: 1706964 abort: 1068 (0/1068/0), network size: 0, avg network size: 0, si_in_serializable: 0 0 %, local: 0 %
I0911 21:51:25.586036 2927164 Coordinator.h:126] commit: 1718212 abort: 1084 (0/1084/0), network size: 0, avg network size: 0, si_in_serializable: 0 0 %, local: 0 %
I0911 21:51:26.586153 2927164 Coordinator.h:126] commit: 1713129 abort: 1047 (0/1047/0), network size: 0, avg network size: 0, si_in_serializable: 0 0 %, local: 0 %
I0911 21:51:27.586288 2927164 Coordinator.h:126] commit: 1745744 abort: 1200 (0/1200/0), network size: 0, avg network size: 0, si_in_serializable: 0 0 %, local: 0 %
I0911 21:51:28.586408 2927164 Coordinator.h:126] commit: 1752969 abort: 1143 (0/1143/0), network size: 0, avg network size: 0, si_in_serializable: 0 0 %, local: 0 %
I0911 21:51:29.586520 2927164 Coordinator.h:126] commit: 1756988 abort: 1220 (0/1220/0), network size: 0, avg network size: 0, si_in_serializable: 0 0 %, local: 0 %
I0911 21:51:30.586625 2927164 Coordinator.h:126] commit: 1759054 abort: 1202 (0/1202/0), network size: 0, avg network size: 0, si_in_serializable: 0 0 %, local: 0 %
I0911 21:51:31.586735 2927164 Coordinator.h:126] commit: 1756055 abort: 1129 (0/1129/0), network size: 0, avg network size: 0, si_in_serializable: 0 0 %, local: 0 %
I0911 21:51:32.586853 2927164 Coordinator.h:126] commit: 1751940 abort: 1148 (0/1148/0), network size: 0, avg network size: 0, si_in_serializable: 0 0 %, local: 0 %
I0911 21:51:33.586966 2927164 Coordinator.h:126] commit: 1365094 abort: 922 (0/922/0), network size: 0, avg network size: 0, si_in_serializable: 0 0 %, local: 0 %
I0911 21:51:34.587080 2927164 Coordinator.h:126] commit: 1659839 abort: 1089 (0/1089/0), network size: 0, avg network size: 0, si_in_serializable: 0 0 %, local: 0 %
I0911 21:51:35.587183 2927164 Coordinator.h:126] commit: 1739634 abort: 1166 (0/1166/0), network size: 0, avg network size: 0, si_in_serializable: 0 0 %, local: 0 %
I0911 21:51:36.587298 2927164 Coordinator.h:126] commit: 1733568 abort: 1088 (0/1088/0), network size: 0, avg network size: 0, si_in_serializable: 0 0 %, local: 0 %
I0911 21:51:37.587409 2927164 Coordinator.h:126] commit: 1747883 abort: 1109 (0/1109/0), network size: 0, avg network size: 0, si_in_serializable: 0 0 %, local: 0 %
I0911 21:51:38.587499 2927164 Coordinator.h:126] commit: 1753018 abort: 1094 (0/1094/0), network size: 0, avg network size: 0, si_in_serializable: 0 0 %, local: 0 %
I0911 21:51:39.587595 2927164 Coordinator.h:126] commit: 1749875 abort: 1165 (0/1165/0), network size: 0, avg network size: 0, si_in_serializable: 0 0 %, local: 0 %
I0911 21:51:39.587610 2927164 Coordinator.h:152] average commit: 1.6979e+06 abort: 1118.4 (0/1118.4/0), network size: 0, avg network size: 0, si_in_serializable: 0 0 %, local: 0 %
I0911 21:51:39.587917 2927200 AriaExecutor.h:94] AriaExecutor 13 exits. 
I0911 21:51:39.587921 2927190 AriaExecutor.h:94] AriaExecutor 3 exits. 
I0911 21:51:39.587925 2927197 AriaExecutor.h:94] AriaExecutor 10 exits. 
I0911 21:51:39.587921 2927198 AriaExecutor.h:94] AriaExecutor 11 exits. 
I0911 21:51:39.587918 2927187 AriaExecutor.h:94] AriaExecutor 0 exits. 
I0911 21:51:39.587941 2927188 AriaExecutor.h:94] AriaExecutor 1 exits. 
I0911 21:51:39.587930 2927199 AriaExecutor.h:94] AriaExecutor 12 exits. 
I0911 21:51:39.587920 2927196 AriaExecutor.h:94] AriaExecutor 9 exits. 
I0911 21:51:39.587931 2927195 AriaExecutor.h:94] AriaExecutor 8 exits. 
I0911 21:51:39.587918 2927194 AriaExecutor.h:94] AriaExecutor 7 exits. 
I0911 21:51:39.587930 2927193 AriaExecutor.h:94] AriaExecutor 6 exits. 
I0911 21:51:39.587918 2927202 AriaExecutor.h:94] AriaExecutor 15 exits. 
I0911 21:51:39.587927 2927201 AriaExecutor.h:94] AriaExecutor 14 exits. 
I0911 21:51:39.587932 2927191 AriaExecutor.h:94] AriaExecutor 4 exits. 
I0911 21:51:39.587944 2927189 AriaExecutor.h:94] AriaExecutor 2 exits. 
I0911 21:51:39.587920 2927192 AriaExecutor.h:94] AriaExecutor 5 exits. 
I0911 21:51:39.587944 2927203 Manager.h:227] Manager(worker id = 16) on the coordinator node exits.
I0911 21:51:39.587621 2927164 AriaExecutor.h:535] Worker 0 latency: 348 us (50%) 453 us (75%) 537 us (95%) 602 us (99%).
I0911 21:51:39.685633 2927164 AriaExecutor.h:535] Worker 1 latency: 350 us (50%) 454 us (75%) 538 us (95%) 636 us (99%).
I0911 21:51:39.783636 2927164 AriaExecutor.h:535] Worker 2 latency: 353 us (50%) 456 us (75%) 539 us (95%) 641 us (99%).
I0911 21:51:39.896015 2927164 AriaExecutor.h:535] Worker 3 latency: 351 us (50%) 454 us (75%) 538 us (95%) 637 us (99%).
I0911 21:51:39.994000 2927164 AriaExecutor.h:535] Worker 4 latency: 352 us (50%) 455 us (75%) 539 us (95%) 640 us (99%).
I0911 21:51:40.093561 2927164 AriaExecutor.h:535] Worker 5 latency: 350 us (50%) 454 us (75%) 538 us (95%) 637 us (99%).
I0911 21:51:40.189885 2927164 AriaExecutor.h:535] Worker 6 latency: 352 us (50%) 456 us (75%) 539 us (95%) 641 us (99%).
I0911 21:51:40.288717 2927164 AriaExecutor.h:535] Worker 7 latency: 350 us (50%) 454 us (75%) 538 us (95%) 637 us (99%).
I0911 21:51:40.386799 2927164 AriaExecutor.h:535] Worker 8 latency: 350 us (50%) 454 us (75%) 539 us (95%) 639 us (99%).
I0911 21:51:40.488066 2927164 AriaExecutor.h:535] Worker 9 latency: 349 us (50%) 453 us (75%) 538 us (95%) 635 us (99%).
I0911 21:51:40.586858 2927164 AriaExecutor.h:535] Worker 10 latency: 352 us (50%) 455 us (75%) 539 us (95%) 639 us (99%).
I0911 21:51:40.686831 2927164 AriaExecutor.h:535] Worker 11 latency: 350 us (50%) 453 us (75%) 538 us (95%) 636 us (99%).
I0911 21:51:40.784586 2927164 AriaExecutor.h:535] Worker 12 latency: 352 us (50%) 455 us (75%) 539 us (95%) 639 us (99%).
I0911 21:51:40.882313 2927164 AriaExecutor.h:535] Worker 13 latency: 349 us (50%) 453 us (75%) 538 us (95%) 634 us (99%).
I0911 21:51:40.980249 2927164 AriaExecutor.h:535] Worker 14 latency: 352 us (50%) 455 us (75%) 539 us (95%) 640 us (99%).
I0911 21:51:41.078727 2927164 AriaExecutor.h:535] Worker 15 latency: 350 us (50%) 454 us (75%) 538 us (95%) 636 us (99%).
I0911 21:51:41.178965 2927164 Coordinator.h:177] total commit: 1.6979e+06
I0911 21:51:42.179095 2927164 Coordinator.h:192] Coordinator exits.
