I1126 14:19:09.107220 963739 Database.h:65] ycsb initialization finished in 30 milliseconds.
I1126 14:19:09.107326 963739 Coordinator.h:30] Coordinator initializes 12 workers.
I1126 14:19:09.114198 963739 Coordinator.h:77] Coordinator starts to run 13 workers.
I1126 14:19:09.114250 963755 AriaExecutor.h:91] AriaExecutor 0 started. 
I1126 14:19:09.114279 963756 AriaExecutor.h:91] AriaExecutor 1 started. 
I1126 14:19:09.114322 963757 AriaExecutor.h:91] AriaExecutor 2 started. 
I1126 14:19:09.114367 963758 AriaExecutor.h:91] AriaExecutor 3 started. 
I1126 14:19:09.114450 963760 AriaExecutor.h:91] AriaExecutor 5 started. 
I1126 14:19:09.114503 963761 AriaExecutor.h:91] AriaExecutor 6 started. 
I1126 14:19:09.114540 963762 AriaExecutor.h:91] AriaExecutor 7 started. 
I1126 14:19:09.114579 963763 AriaExecutor.h:91] AriaExecutor 8 started. 
I1126 14:19:09.114626 963764 AriaExecutor.h:91] AriaExecutor 9 started. 
I1126 14:19:09.114666 963765 AriaExecutor.h:91] AriaExecutor 10 started. 
I1126 14:19:09.114713 963766 AriaExecutor.h:91] AriaExecutor 11 started. 
I1126 14:19:09.114735 963759 AriaExecutor.h:91] AriaExecutor 4 started. 
I1126 14:19:09.114742 963767 Manager.h:224] Manager(worker id = 12) on the coordinator node started.
I1126 14:19:10.114814 963739 Coordinator.h:126] commit: 1474449 abort: 455551 (0/455551/0), network size: 0, avg network size: 0, si_in_serializable: 0 0 %, local: 0 %
I1126 14:19:11.114926 963739 Coordinator.h:126] commit: 1474220 abort: 455780 (0/455780/0), network size: 0, avg network size: 0, si_in_serializable: 0 0 %, local: 0 %
I1126 14:19:12.115041 963739 Coordinator.h:126] commit: 1482393 abort: 457607 (0/457607/0), network size: 0, avg network size: 0, si_in_serializable: 0 0 %, local: 0 %
I1126 14:19:13.115144 963739 Coordinator.h:126] commit: 1491147 abort: 461126 (0/461126/0), network size: 0, avg network size: 0, si_in_serializable: 0 0 %, local: 0 %
I1126 14:19:14.115235 963739 Coordinator.h:126] commit: 1480568 abort: 457159 (0/457159/0), network size: 0, avg network size: 0, si_in_serializable: 0 0 %, local: 0 %
I1126 14:19:15.115334 963739 Coordinator.h:126] commit: 1489827 abort: 460173 (0/460173/0), network size: 0, avg network size: 0, si_in_serializable: 0 0 %, local: 0 %
I1126 14:19:16.115419 963739 Coordinator.h:126] commit: 1481144 abort: 458856 (0/458856/0), network size: 0, avg network size: 0, si_in_serializable: 0 0 %, local: 0 %
I1126 14:19:17.115527 963739 Coordinator.h:126] commit: 1490578 abort: 459422 (0/459422/0), network size: 0, avg network size: 0, si_in_serializable: 0 0 %, local: 0 %
I1126 14:19:18.115639 963739 Coordinator.h:126] commit: 1443698 abort: 446302 (0/446302/0), network size: 0, avg network size: 0, si_in_serializable: 0 0 %, local: 0 %
I1126 14:19:19.115742 963739 Coordinator.h:126] commit: 1493257 abort: 459260 (0/459260/0), network size: 0, avg network size: 0, si_in_serializable: 0 0 %, local: 0 %
I1126 14:19:20.115833 963739 Coordinator.h:126] commit: 1496177 abort: 461306 (0/461306/0), network size: 0, avg network size: 0, si_in_serializable: 0 0 %, local: 0 %
I1126 14:19:21.115933 963739 Coordinator.h:126] commit: 1497074 abort: 462926 (0/462926/0), network size: 0, avg network size: 0, si_in_serializable: 0 0 %, local: 0 %
I1126 14:19:22.116025 963739 Coordinator.h:126] commit: 1489672 abort: 460328 (0/460328/0), network size: 0, avg network size: 0, si_in_serializable: 0 0 %, local: 0 %
I1126 14:19:23.116132 963739 Coordinator.h:126] commit: 1490723 abort: 459807 (0/459807/0), network size: 0, avg network size: 0, si_in_serializable: 0 0 %, local: 0 %
I1126 14:19:24.116225 963739 Coordinator.h:126] commit: 1497305 abort: 462165 (0/462165/0), network size: 0, avg network size: 0, si_in_serializable: 0 0 %, local: 0 %
I1126 14:19:25.116341 963739 Coordinator.h:126] commit: 1474599 abort: 455401 (0/455401/0), network size: 0, avg network size: 0, si_in_serializable: 0 0 %, local: 0 %
I1126 14:19:26.116436 963739 Coordinator.h:126] commit: 1421454 abort: 438546 (0/438546/0), network size: 0, avg network size: 0, si_in_serializable: 0 0 %, local: 0 %
I1126 14:19:27.116530 963739 Coordinator.h:126] commit: 1443711 abort: 446289 (0/446289/0), network size: 0, avg network size: 0, si_in_serializable: 0 0 %, local: 0 %
I1126 14:19:28.116606 963739 Coordinator.h:126] commit: 1491630 abort: 458370 (0/458370/0), network size: 0, avg network size: 0, si_in_serializable: 0 0 %, local: 0 %
I1126 14:19:29.116688 963739 Coordinator.h:126] commit: 1490410 abort: 459590 (0/459590/0), network size: 0, avg network size: 0, si_in_serializable: 0 0 %, local: 0 %
I1126 14:19:30.116788 963739 Coordinator.h:126] commit: 1490307 abort: 459693 (0/459693/0), network size: 0, avg network size: 0, si_in_serializable: 0 0 %, local: 0 %
I1126 14:19:31.116878 963739 Coordinator.h:126] commit: 1489428 abort: 460572 (0/460572/0), network size: 0, avg network size: 0, si_in_serializable: 0 0 %, local: 0 %
I1126 14:19:32.116981 963739 Coordinator.h:126] commit: 1487627 abort: 458266 (0/458266/0), network size: 0, avg network size: 0, si_in_serializable: 0 0 %, local: 0 %
I1126 14:19:33.117074 963739 Coordinator.h:126] commit: 1485178 abort: 458929 (0/458929/0), network size: 0, avg network size: 0, si_in_serializable: 0 0 %, local: 0 %
I1126 14:19:34.117170 963739 Coordinator.h:126] commit: 1498640 abort: 461360 (0/461360/0), network size: 0, avg network size: 0, si_in_serializable: 0 0 %, local: 0 %
I1126 14:19:34.117180 963739 Coordinator.h:152] average commit: 1.47928e+06 abort: 456473 (0/456473/0), network size: 0, avg network size: 0, si_in_serializable: 0 0 %, local: 0 %
I1126 14:19:34.122020 963761 AriaExecutor.h:103] AriaExecutor 6 exits. 
I1126 14:19:34.122020 963757 AriaExecutor.h:103] AriaExecutor 2 exits. 
I1126 14:19:34.122038 963760 AriaExecutor.h:103] AriaExecutor 5 exits. 
I1126 14:19:34.122022 963765 AriaExecutor.h:103] AriaExecutor 10 exits. 
I1126 14:19:34.122021 963763 AriaExecutor.h:103] AriaExecutor 8 exits. 
I1126 14:19:34.122035 963767 Manager.h:227] Manager(worker id = 12) on the coordinator node exits.
I1126 14:19:34.122025 963755 AriaExecutor.h:103] AriaExecutor 0 exits. 
I1126 14:19:34.122036 963756 AriaExecutor.h:103] AriaExecutor 1 exits. 
I1126 14:19:34.122036 963764 AriaExecutor.h:103] AriaExecutor 9 exits. 
I1126 14:19:34.122036 963762 AriaExecutor.h:103] AriaExecutor 7 exits. 
I1126 14:19:34.122036 963766 AriaExecutor.h:103] AriaExecutor 11 exits. 
I1126 14:19:34.122036 963758 AriaExecutor.h:103] AriaExecutor 3 exits. 
I1126 14:19:34.122021 963759 AriaExecutor.h:103] AriaExecutor 4 exits. 
I1126 14:19:34.117188 963739 AriaExecutor.h:649] Worker 0 latency: 3686 us (50%) 4180 us (75%) 4535 us (95%) 4624 us (99%).
I1126 14:19:34.233155 963739 AriaExecutor.h:649] Worker 1 latency: 3677 us (50%) 4175 us (75%) 4533 us (95%) 4623 us (99%).
I1126 14:19:34.348696 963739 AriaExecutor.h:649] Worker 2 latency: 3693 us (50%) 4182 us (75%) 4533 us (95%) 4622 us (99%).
I1126 14:19:34.465127 963739 AriaExecutor.h:649] Worker 3 latency: 3680 us (50%) 4178 us (75%) 4533 us (95%) 4622 us (99%).
I1126 14:19:34.582490 963739 AriaExecutor.h:649] Worker 4 latency: 3687 us (50%) 4179 us (75%) 4534 us (95%) 4623 us (99%).
I1126 14:19:34.699327 963739 AriaExecutor.h:649] Worker 5 latency: 3679 us (50%) 4178 us (75%) 4533 us (95%) 4622 us (99%).
I1126 14:19:34.818172 963739 AriaExecutor.h:649] Worker 6 latency: 3699 us (50%) 4185 us (75%) 4534 us (95%) 4622 us (99%).
I1126 14:19:34.934984 963739 AriaExecutor.h:649] Worker 7 latency: 3676 us (50%) 4177 us (75%) 4533 us (95%) 4622 us (99%).
I1126 14:19:35.050678 963739 AriaExecutor.h:649] Worker 8 latency: 3691 us (50%) 4182 us (75%) 4535 us (95%) 4623 us (99%).
I1126 14:19:35.168010 963739 AriaExecutor.h:649] Worker 9 latency: 3680 us (50%) 4178 us (75%) 4534 us (95%) 4623 us (99%).
I1126 14:19:35.286540 963739 AriaExecutor.h:649] Worker 10 latency: 3698 us (50%) 4185 us (75%) 4535 us (95%) 4623 us (99%).
I1126 14:19:35.401877 963739 AriaExecutor.h:649] Worker 11 latency: 3679 us (50%) 4179 us (75%) 4534 us (95%) 4622 us (99%).
I1126 14:19:35.520035 963739 Coordinator.h:177] total commit: 1.47928e+06
I1126 14:19:36.520167 963739 Coordinator.h:192] Coordinator exits.
