I1126 18:04:30.787982 1065965 Database.h:65] ycsb initialization finished in 30 milliseconds.
I1126 18:04:30.788080 1065965 Coordinator.h:30] Coordinator initializes 12 workers.
I1126 18:04:30.794934 1065965 Coordinator.h:77] Coordinator starts to run 13 workers.
I1126 18:04:30.794999 1065984 AriaExecutor.h:91] AriaExecutor 0 started. 
I1126 18:04:30.795028 1065985 AriaExecutor.h:91] AriaExecutor 1 started. 
I1126 18:04:30.795075 1065986 AriaExecutor.h:91] AriaExecutor 2 started. 
I1126 18:04:30.795121 1065987 AriaExecutor.h:91] AriaExecutor 3 started. 
I1126 18:04:30.795130 1065988 AriaExecutor.h:91] AriaExecutor 4 started. 
I1126 18:04:30.795171 1065989 AriaExecutor.h:91] AriaExecutor 5 started. 
I1126 18:04:30.795197 1065990 AriaExecutor.h:91] AriaExecutor 6 started. 
I1126 18:04:30.795234 1065991 AriaExecutor.h:91] AriaExecutor 7 started. 
I1126 18:04:30.795249 1065992 AriaExecutor.h:91] AriaExecutor 8 started. 
I1126 18:04:30.795293 1065993 AriaExecutor.h:91] AriaExecutor 9 started. 
I1126 18:04:30.795310 1065994 AriaExecutor.h:91] AriaExecutor 10 started. 
I1126 18:04:30.795352 1065995 AriaExecutor.h:91] AriaExecutor 11 started. 
I1126 18:04:30.795369 1065996 Manager.h:224] Manager(worker id = 12) on the coordinator node started.
I1126 18:04:31.795424 1065965 Coordinator.h:126] commit: 935486 abort: 384514 (0/384514/0), network size: 0, avg network size: 0, si_in_serializable: 0 0 %, local: 0 %
I1126 18:04:32.795535 1065965 Coordinator.h:126] commit: 924451 abort: 379290 (0/379290/0), network size: 0, avg network size: 0, si_in_serializable: 0 0 %, local: 0 %
I1126 18:04:33.795655 1065965 Coordinator.h:126] commit: 939712 abort: 386547 (0/386547/0), network size: 0, avg network size: 0, si_in_serializable: 0 0 %, local: 0 %
I1126 18:04:34.795770 1065965 Coordinator.h:126] commit: 935490 abort: 384510 (0/384510/0), network size: 0, avg network size: 0, si_in_serializable: 0 0 %, local: 0 %
I1126 18:04:35.795871 1065965 Coordinator.h:126] commit: 943135 abort: 386865 (0/386865/0), network size: 0, avg network size: 0, si_in_serializable: 0 0 %, local: 0 %
I1126 18:04:36.795974 1065965 Coordinator.h:126] commit: 935936 abort: 384064 (0/384064/0), network size: 0, avg network size: 0, si_in_serializable: 0 0 %, local: 0 %
I1126 18:04:37.796109 1065965 Coordinator.h:126] commit: 921195 abort: 378805 (0/378805/0), network size: 0, avg network size: 0, si_in_serializable: 0 0 %, local: 0 %
I1126 18:04:38.796227 1065965 Coordinator.h:126] commit: 946146 abort: 386572 (0/386572/0), network size: 0, avg network size: 0, si_in_serializable: 0 0 %, local: 0 %
I1126 18:04:39.796340 1065965 Coordinator.h:126] commit: 947479 abort: 389803 (0/389803/0), network size: 0, avg network size: 0, si_in_serializable: 0 0 %, local: 0 %
I1126 18:04:40.796454 1065965 Coordinator.h:126] commit: 943178 abort: 386822 (0/386822/0), network size: 0, avg network size: 0, si_in_serializable: 0 0 %, local: 0 %
I1126 18:04:41.796562 1065965 Coordinator.h:126] commit: 942821 abort: 387179 (0/387179/0), network size: 0, avg network size: 0, si_in_serializable: 0 0 %, local: 0 %
I1126 18:04:42.796674 1065965 Coordinator.h:126] commit: 935408 abort: 384592 (0/384592/0), network size: 0, avg network size: 0, si_in_serializable: 0 0 %, local: 0 %
I1126 18:04:43.796778 1065965 Coordinator.h:126] commit: 943323 abort: 386677 (0/386677/0), network size: 0, avg network size: 0, si_in_serializable: 0 0 %, local: 0 %
I1126 18:04:44.796905 1065965 Coordinator.h:126] commit: 906704 abort: 373296 (0/373296/0), network size: 0, avg network size: 0, si_in_serializable: 0 0 %, local: 0 %
I1126 18:04:45.797016 1065965 Coordinator.h:126] commit: 950503 abort: 389497 (0/389497/0), network size: 0, avg network size: 0, si_in_serializable: 0 0 %, local: 0 %
I1126 18:04:46.797130 1065965 Coordinator.h:126] commit: 942716 abort: 387284 (0/387284/0), network size: 0, avg network size: 0, si_in_serializable: 0 0 %, local: 0 %
I1126 18:04:47.797241 1065965 Coordinator.h:126] commit: 942055 abort: 387945 (0/387945/0), network size: 0, avg network size: 0, si_in_serializable: 0 0 %, local: 0 %
I1126 18:04:48.797349 1065965 Coordinator.h:126] commit: 944526 abort: 388090 (0/388090/0), network size: 0, avg network size: 0, si_in_serializable: 0 0 %, local: 0 %
I1126 18:04:49.797466 1065965 Coordinator.h:126] commit: 947323 abort: 390061 (0/390061/0), network size: 0, avg network size: 0, si_in_serializable: 0 0 %, local: 0 %
I1126 18:04:50.797580 1065965 Coordinator.h:126] commit: 943018 abort: 386982 (0/386982/0), network size: 0, avg network size: 0, si_in_serializable: 0 0 %, local: 0 %
I1126 18:04:51.797695 1065965 Coordinator.h:126] commit: 949861 abort: 390139 (0/390139/0), network size: 0, avg network size: 0, si_in_serializable: 0 0 %, local: 0 %
I1126 18:04:52.797806 1065965 Coordinator.h:126] commit: 942476 abort: 387524 (0/387524/0), network size: 0, avg network size: 0, si_in_serializable: 0 0 %, local: 0 %
I1126 18:04:53.797916 1065965 Coordinator.h:126] commit: 942471 abort: 387529 (0/387529/0), network size: 0, avg network size: 0, si_in_serializable: 0 0 %, local: 0 %
I1126 18:04:54.798012 1065965 Coordinator.h:126] commit: 942959 abort: 387041 (0/387041/0), network size: 0, avg network size: 0, si_in_serializable: 0 0 %, local: 0 %
I1126 18:04:55.798115 1065965 Coordinator.h:126] commit: 950301 abort: 389699 (0/389699/0), network size: 0, avg network size: 0, si_in_serializable: 0 0 %, local: 0 %
I1126 18:04:55.798147 1065965 Coordinator.h:152] average commit: 939840 abort: 386160 (0/386160/0), network size: 0, avg network size: 0, si_in_serializable: 0 0 %, local: 0 %
I1126 18:04:55.804253 1065984 AriaExecutor.h:103] AriaExecutor 0 exits. 
I1126 18:04:55.804266 1065993 AriaExecutor.h:103] AriaExecutor 9 exits. 
I1126 18:04:55.804280 1065985 AriaExecutor.h:103] AriaExecutor 1 exits. 
I1126 18:04:55.804256 1065992 AriaExecutor.h:103] AriaExecutor 8 exits. 
I1126 18:04:55.804255 1065990 AriaExecutor.h:103] AriaExecutor 6 exits. 
I1126 18:04:55.804267 1065995 AriaExecutor.h:103] AriaExecutor 11 exits. 
I1126 18:04:55.804253 1065988 AriaExecutor.h:103] AriaExecutor 4 exits. 
I1126 18:04:55.804258 1065996 Manager.h:227] Manager(worker id = 12) on the coordinator node exits.
I1126 18:04:55.804281 1065987 AriaExecutor.h:103] AriaExecutor 3 exits. 
I1126 18:04:55.804267 1065989 AriaExecutor.h:103] AriaExecutor 5 exits. 
I1126 18:04:55.804255 1065994 AriaExecutor.h:103] AriaExecutor 10 exits. 
I1126 18:04:55.804275 1065986 AriaExecutor.h:103] AriaExecutor 2 exits. 
I1126 18:04:55.804280 1065991 AriaExecutor.h:103] AriaExecutor 7 exits. 
I1126 18:04:55.798157 1065965 AriaExecutor.h:621] Worker 0 latency: 5947 us (50%) 6378 us (75%) 6681 us (95%) 6783 us (99%).
I1126 18:04:55.876320 1065965 AriaExecutor.h:621] Worker 1 latency: 5929 us (50%) 6370 us (75%) 6678 us (95%) 6779 us (99%).
I1126 18:04:55.963548 1065965 AriaExecutor.h:621] Worker 2 latency: 5947 us (50%) 6378 us (75%) 6680 us (95%) 6782 us (99%).
I1126 18:04:56.041556 1065965 AriaExecutor.h:621] Worker 3 latency: 5923 us (50%) 6366 us (75%) 6675 us (95%) 6776 us (99%).
I1126 18:04:56.117157 1065965 AriaExecutor.h:621] Worker 4 latency: 5943 us (50%) 6376 us (75%) 6679 us (95%) 6780 us (99%).
I1126 18:04:56.196190 1065965 AriaExecutor.h:621] Worker 5 latency: 5928 us (50%) 6370 us (75%) 6677 us (95%) 6777 us (99%).
I1126 18:04:56.282672 1065965 AriaExecutor.h:621] Worker 6 latency: 5935 us (50%) 6371 us (75%) 6677 us (95%) 6779 us (99%).
I1126 18:04:56.361754 1065965 AriaExecutor.h:621] Worker 7 latency: 5918 us (50%) 6364 us (75%) 6675 us (95%) 6777 us (99%).
I1126 18:04:56.439405 1065965 AriaExecutor.h:621] Worker 8 latency: 5942 us (50%) 6376 us (75%) 6680 us (95%) 6782 us (99%).
I1126 18:04:56.516185 1065965 AriaExecutor.h:621] Worker 9 latency: 5917 us (50%) 6364 us (75%) 6676 us (95%) 6778 us (99%).
I1126 18:04:56.604063 1065965 AriaExecutor.h:621] Worker 10 latency: 5954 us (50%) 6383 us (75%) 6682 us (95%) 6783 us (99%).
I1126 18:04:56.679068 1065965 AriaExecutor.h:621] Worker 11 latency: 5916 us (50%) 6363 us (75%) 6676 us (95%) 6777 us (99%).
I1126 18:04:56.766650 1065965 Coordinator.h:177] total commit: 939840
I1126 18:04:57.766759 1065965 Coordinator.h:192] Coordinator exits.
