I0911 23:43:55.667310 2949888 Database.h:65] ycsb initialization finished in 171 milliseconds.
I0911 23:43:55.667421 2949888 Coordinator.h:30] Coordinator initializes 16 workers.
I0911 23:43:55.790315 2949888 Coordinator.h:77] Coordinator starts to run 17 workers.
I0911 23:43:55.790405 2949910 AriaExecutor.h:82] AriaExecutor 0 started. 
I0911 23:43:55.790441 2949911 AriaExecutor.h:82] AriaExecutor 1 started. 
I0911 23:43:55.790484 2949912 AriaExecutor.h:82] AriaExecutor 2 started. 
I0911 23:43:55.790526 2949913 AriaExecutor.h:82] AriaExecutor 3 started. 
I0911 23:43:55.790561 2949914 AriaExecutor.h:82] AriaExecutor 4 started. 
I0911 23:43:55.790611 2949915 AriaExecutor.h:82] AriaExecutor 5 started. 
I0911 23:43:55.790643 2949916 AriaExecutor.h:82] AriaExecutor 6 started. 
I0911 23:43:55.790685 2949917 AriaExecutor.h:82] AriaExecutor 7 started. 
I0911 23:43:55.790720 2949918 AriaExecutor.h:82] AriaExecutor 8 started. 
I0911 23:43:55.790761 2949919 AriaExecutor.h:82] AriaExecutor 9 started. 
I0911 23:43:55.790796 2949920 AriaExecutor.h:82] AriaExecutor 10 started. 
I0911 23:43:55.790843 2949921 AriaExecutor.h:82] AriaExecutor 11 started. 
I0911 23:43:55.790879 2949922 AriaExecutor.h:82] AriaExecutor 12 started. 
I0911 23:43:55.790928 2949923 AriaExecutor.h:82] AriaExecutor 13 started. 
I0911 23:43:55.790959 2949924 AriaExecutor.h:82] AriaExecutor 14 started. 
I0911 23:43:55.790997 2949925 AriaExecutor.h:82] AriaExecutor 15 started. 
I0911 23:43:55.791029 2949926 Manager.h:224] Manager(worker id = 16) on the coordinator node started.
I0911 23:43:56.791078 2949888 Coordinator.h:126] commit: 16757 abort: 175243 (0/175243/0), network size: 0, avg network size: 0, si_in_serializable: 0 0 %, local: 0 %
I0911 23:43:57.791186 2949888 Coordinator.h:126] commit: 19551 abort: 204449 (0/204449/0), network size: 0, avg network size: 0, si_in_serializable: 0 0 %, local: 0 %
I0911 23:43:58.791260 2949888 Coordinator.h:126] commit: 18182 abort: 189818 (0/189818/0), network size: 0, avg network size: 0, si_in_serializable: 0 0 %, local: 0 %
I0911 23:43:59.791347 2949888 Coordinator.h:126] commit: 19586 abort: 204414 (0/204414/0), network size: 0, avg network size: 0, si_in_serializable: 0 0 %, local: 0 %
I0911 23:44:00.791424 2949888 Coordinator.h:126] commit: 19626 abort: 204374 (0/204374/0), network size: 0, avg network size: 0, si_in_serializable: 0 0 %, local: 0 %
I0911 23:44:01.791535 2949888 Coordinator.h:126] commit: 19527 abort: 204473 (0/204473/0), network size: 0, avg network size: 0, si_in_serializable: 0 0 %, local: 0 %
I0911 23:44:02.791620 2949888 Coordinator.h:126] commit: 19378 abort: 204622 (0/204622/0), network size: 0, avg network size: 0, si_in_serializable: 0 0 %, local: 0 %
I0911 23:44:03.791705 2949888 Coordinator.h:126] commit: 21012 abort: 218988 (0/218988/0), network size: 0, avg network size: 0, si_in_serializable: 0 0 %, local: 0 %
I0911 23:44:04.791781 2949888 Coordinator.h:126] commit: 19459 abort: 204541 (0/204541/0), network size: 0, avg network size: 0, si_in_serializable: 0 0 %, local: 0 %
I0911 23:44:05.791853 2949888 Coordinator.h:126] commit: 20945 abort: 219055 (0/219055/0), network size: 0, avg network size: 0, si_in_serializable: 0 0 %, local: 0 %
I0911 23:44:06.791924 2949888 Coordinator.h:126] commit: 19621 abort: 204379 (0/204379/0), network size: 0, avg network size: 0, si_in_serializable: 0 0 %, local: 0 %
I0911 23:44:07.792011 2949888 Coordinator.h:126] commit: 20874 abort: 219126 (0/219126/0), network size: 0, avg network size: 0, si_in_serializable: 0 0 %, local: 0 %
I0911 23:44:08.792088 2949888 Coordinator.h:126] commit: 19498 abort: 204502 (0/204502/0), network size: 0, avg network size: 0, si_in_serializable: 0 0 %, local: 0 %
I0911 23:44:09.792184 2949888 Coordinator.h:126] commit: 20849 abort: 219151 (0/219151/0), network size: 0, avg network size: 0, si_in_serializable: 0 0 %, local: 0 %
I0911 23:44:10.792265 2949888 Coordinator.h:126] commit: 19598 abort: 204402 (0/204402/0), network size: 0, avg network size: 0, si_in_serializable: 0 0 %, local: 0 %
I0911 23:44:11.792343 2949888 Coordinator.h:126] commit: 21031 abort: 218969 (0/218969/0), network size: 0, avg network size: 0, si_in_serializable: 0 0 %, local: 0 %
I0911 23:44:12.792424 2949888 Coordinator.h:126] commit: 20841 abort: 219159 (0/219159/0), network size: 0, avg network size: 0, si_in_serializable: 0 0 %, local: 0 %
I0911 23:44:13.792490 2949888 Coordinator.h:126] commit: 19673 abort: 204327 (0/204327/0), network size: 0, avg network size: 0, si_in_serializable: 0 0 %, local: 0 %
I0911 23:44:14.792558 2949888 Coordinator.h:126] commit: 20992 abort: 219008 (0/219008/0), network size: 0, avg network size: 0, si_in_serializable: 0 0 %, local: 0 %
I0911 23:44:15.792646 2949888 Coordinator.h:126] commit: 20916 abort: 219084 (0/219084/0), network size: 0, avg network size: 0, si_in_serializable: 0 0 %, local: 0 %
I0911 23:44:16.792726 2949888 Coordinator.h:126] commit: 19506 abort: 204494 (0/204494/0), network size: 0, avg network size: 0, si_in_serializable: 0 0 %, local: 0 %
I0911 23:44:17.792799 2949888 Coordinator.h:126] commit: 20931 abort: 219069 (0/219069/0), network size: 0, avg network size: 0, si_in_serializable: 0 0 %, local: 0 %
I0911 23:44:18.792873 2949888 Coordinator.h:126] commit: 20951 abort: 219049 (0/219049/0), network size: 0, avg network size: 0, si_in_serializable: 0 0 %, local: 0 %
I0911 23:44:19.792948 2949888 Coordinator.h:126] commit: 19701 abort: 204299 (0/204299/0), network size: 0, avg network size: 0, si_in_serializable: 0 0 %, local: 0 %
I0911 23:44:20.793023 2949888 Coordinator.h:126] commit: 20913 abort: 219087 (0/219087/0), network size: 0, avg network size: 0, si_in_serializable: 0 0 %, local: 0 %
I0911 23:44:20.793040 2949888 Coordinator.h:152] average commit: 20389.3 abort: 213211 (0/213211/0), network size: 0, avg network size: 0, si_in_serializable: 0 0 %, local: 0 %
I0911 23:44:20.793049 2949888 AriaExecutor.h:641] Worker 0 latency: 65285 us (50%) 66792 us (75%) 72655 us (95%) 83487 us (99%).
I0911 23:44:20.833349 2949918 AriaExecutor.h:94] AriaExecutor 8 exits. 
I0911 23:44:20.833346 2949920 AriaExecutor.h:94] AriaExecutor 10 exits. 
I0911 23:44:20.833349 2949922 AriaExecutor.h:94] AriaExecutor 12 exits. 
I0911 23:44:20.833350 2949910 AriaExecutor.h:94] AriaExecutor 0 exits. 
I0911 23:44:20.833350 2949916 AriaExecutor.h:94] AriaExecutor 6 exits. 
I0911 23:44:20.833362 2949919 AriaExecutor.h:94] AriaExecutor 9 exits. 
I0911 23:44:20.833343 2949924 AriaExecutor.h:94] AriaExecutor 14 exits. 
I0911 23:44:20.833362 2949923 AriaExecutor.h:94] AriaExecutor 13 exits. 
I0911 23:44:20.833346 2949926 Manager.h:227] Manager(worker id = 16) on the coordinator node exits.
I0911 23:44:20.833348 2949912 AriaExecutor.h:94] AriaExecutor 2 exits. 
I0911 23:44:20.833362 2949921 AriaExecutor.h:94] AriaExecutor 11 exits. 
I0911 23:44:20.833364 2949925 AriaExecutor.h:94] AriaExecutor 15 exits. 
I0911 23:44:20.833346 2949914 AriaExecutor.h:94] AriaExecutor 4 exits. 
I0911 23:44:20.833362 2949913 AriaExecutor.h:94] AriaExecutor 3 exits. 
I0911 23:44:20.833362 2949917 AriaExecutor.h:94] AriaExecutor 7 exits. 
I0911 23:44:20.833364 2949915 AriaExecutor.h:94] AriaExecutor 5 exits. 
I0911 23:44:20.833362 2949911 AriaExecutor.h:94] AriaExecutor 1 exits. 
I0911 23:44:20.833570 2949888 AriaExecutor.h:641] Worker 1 latency: 65295 us (50%) 66785 us (75%) 72521 us (95%) 83486 us (99%).
I0911 23:44:20.835405 2949888 AriaExecutor.h:641] Worker 2 latency: 65232 us (50%) 66759 us (75%) 72523 us (95%) 84374 us (99%).
I0911 23:44:20.837075 2949888 AriaExecutor.h:641] Worker 3 latency: 65283 us (50%) 66764 us (75%) 72476 us (95%) 84515 us (99%).
I0911 23:44:20.838784 2949888 AriaExecutor.h:641] Worker 4 latency: 65241 us (50%) 66768 us (75%) 72514 us (95%) 83263 us (99%).
I0911 23:44:20.840441 2949888 AriaExecutor.h:641] Worker 5 latency: 65271 us (50%) 66774 us (75%) 72424 us (95%) 83421 us (99%).
I0911 23:44:20.842181 2949888 AriaExecutor.h:641] Worker 6 latency: 65231 us (50%) 66769 us (75%) 72425 us (95%) 83086 us (99%).
I0911 23:44:20.843825 2949888 AriaExecutor.h:641] Worker 7 latency: 65277 us (50%) 66781 us (75%) 72627 us (95%) 83910 us (99%).
I0911 23:44:20.845662 2949888 AriaExecutor.h:641] Worker 8 latency: 65242 us (50%) 66746 us (75%) 72310 us (95%) 83055 us (99%).
I0911 23:44:20.847271 2949888 AriaExecutor.h:641] Worker 9 latency: 65261 us (50%) 66770 us (75%) 72457 us (95%) 83453 us (99%).
I0911 23:44:20.849006 2949888 AriaExecutor.h:641] Worker 10 latency: 65270 us (50%) 66763 us (75%) 72461 us (95%) 83297 us (99%).
I0911 23:44:20.850653 2949888 AriaExecutor.h:641] Worker 11 latency: 65248 us (50%) 66770 us (75%) 72588 us (95%) 83849 us (99%).
I0911 23:44:20.852339 2949888 AriaExecutor.h:641] Worker 12 latency: 65264 us (50%) 66766 us (75%) 72573 us (95%) 83378 us (99%).
I0911 23:44:20.853942 2949888 AriaExecutor.h:641] Worker 13 latency: 65239 us (50%) 66765 us (75%) 72454 us (95%) 84099 us (99%).
I0911 23:44:20.855644 2949888 AriaExecutor.h:641] Worker 14 latency: 65274 us (50%) 66782 us (75%) 72437 us (95%) 83815 us (99%).
I0911 23:44:20.857240 2949888 AriaExecutor.h:641] Worker 15 latency: 65252 us (50%) 66759 us (75%) 72580 us (95%) 84408 us (99%).
I0911 23:44:20.858974 2949888 Coordinator.h:177] total commit: 20389.3
I0911 23:44:21.859076 2949888 Coordinator.h:192] Coordinator exits.
