I1126 14:05:54.416684 956438 Database.h:65] ycsb initialization finished in 29 milliseconds.
I1126 14:05:54.416787 956438 Coordinator.h:30] Coordinator initializes 12 workers.
I1126 14:05:54.417665 956438 Coordinator.h:77] Coordinator starts to run 13 workers.
I1126 14:05:54.417716 956454 AriaExecutor.h:91] AriaExecutor 0 started. 
I1126 14:05:54.417753 956455 AriaExecutor.h:91] AriaExecutor 1 started. 
I1126 14:05:54.417789 956456 AriaExecutor.h:91] AriaExecutor 2 started. 
I1126 14:05:54.417832 956457 AriaExecutor.h:91] AriaExecutor 3 started. 
I1126 14:05:54.417869 956458 AriaExecutor.h:91] AriaExecutor 4 started. 
I1126 14:05:54.417925 956459 AriaExecutor.h:91] AriaExecutor 5 started. 
I1126 14:05:54.417974 956460 AriaExecutor.h:91] AriaExecutor 6 started. 
I1126 14:05:54.418025 956461 AriaExecutor.h:91] AriaExecutor 7 started. 
I1126 14:05:54.418076 956462 AriaExecutor.h:91] AriaExecutor 8 started. 
I1126 14:05:54.418125 956463 AriaExecutor.h:91] AriaExecutor 9 started. 
I1126 14:05:54.418170 956464 AriaExecutor.h:91] AriaExecutor 10 started. 
I1126 14:05:54.418226 956465 AriaExecutor.h:91] AriaExecutor 11 started. 
I1126 14:05:54.418267 956466 Manager.h:224] Manager(worker id = 12) on the coordinator node started.
I1126 14:05:55.418330 956438 Coordinator.h:126] commit: 1233941 abort: 35059 (0/35059/0), network size: 0, avg network size: 0, si_in_serializable: 0 0 %, local: 0 %
I1126 14:05:56.418459 956438 Coordinator.h:126] commit: 1211107 abort: 34893 (0/34893/0), network size: 0, avg network size: 0, si_in_serializable: 0 0 %, local: 0 %
I1126 14:05:57.418591 956438 Coordinator.h:126] commit: 1231384 abort: 35616 (0/35616/0), network size: 0, avg network size: 0, si_in_serializable: 0 0 %, local: 0 %
I1126 14:05:58.418704 956438 Coordinator.h:126] commit: 1245463 abort: 35537 (0/35537/0), network size: 0, avg network size: 0, si_in_serializable: 0 0 %, local: 0 %
I1126 14:05:59.418803 956438 Coordinator.h:126] commit: 1244286 abort: 35714 (0/35714/0), network size: 0, avg network size: 0, si_in_serializable: 0 0 %, local: 0 %
I1126 14:06:00.418897 956438 Coordinator.h:126] commit: 1185941 abort: 33939 (0/33939/0), network size: 0, avg network size: 0, si_in_serializable: 0 0 %, local: 0 %
I1126 14:06:01.418991 956438 Coordinator.h:126] commit: 1244134 abort: 35986 (0/35986/0), network size: 0, avg network size: 0, si_in_serializable: 0 0 %, local: 0 %
I1126 14:06:02.419116 956438 Coordinator.h:126] commit: 1234510 abort: 35490 (0/35490/0), network size: 0, avg network size: 0, si_in_serializable: 0 0 %, local: 0 %
I1126 14:06:03.419215 956438 Coordinator.h:126] commit: 1242223 abort: 35562 (0/35562/0), network size: 0, avg network size: 0, si_in_serializable: 0 0 %, local: 0 %
I1126 14:06:04.419312 956438 Coordinator.h:126] commit: 1240815 abort: 35741 (0/35741/0), network size: 0, avg network size: 0, si_in_serializable: 0 0 %, local: 0 %
I1126 14:06:05.419406 956438 Coordinator.h:126] commit: 1176705 abort: 33954 (0/33954/0), network size: 0, avg network size: 0, si_in_serializable: 0 0 %, local: 0 %
I1126 14:06:06.419504 956438 Coordinator.h:126] commit: 1244044 abort: 35956 (0/35956/0), network size: 0, avg network size: 0, si_in_serializable: 0 0 %, local: 0 %
I1126 14:06:07.419600 956438 Coordinator.h:126] commit: 1241936 abort: 36064 (0/36064/0), network size: 0, avg network size: 0, si_in_serializable: 0 0 %, local: 0 %
I1126 14:06:08.419699 956438 Coordinator.h:126] commit: 1242323 abort: 35677 (0/35677/0), network size: 0, avg network size: 0, si_in_serializable: 0 0 %, local: 0 %
I1126 14:06:09.419801 956438 Coordinator.h:126] commit: 1237209 abort: 35791 (0/35791/0), network size: 0, avg network size: 0, si_in_serializable: 0 0 %, local: 0 %
I1126 14:06:10.419895 956438 Coordinator.h:126] commit: 1243790 abort: 36210 (0/36210/0), network size: 0, avg network size: 0, si_in_serializable: 0 0 %, local: 0 %
I1126 14:06:11.419992 956438 Coordinator.h:126] commit: 1235044 abort: 35956 (0/35956/0), network size: 0, avg network size: 0, si_in_serializable: 0 0 %, local: 0 %
I1126 14:06:12.420116 956438 Coordinator.h:126] commit: 1229714 abort: 35286 (0/35286/0), network size: 0, avg network size: 0, si_in_serializable: 0 0 %, local: 0 %
I1126 14:06:13.420228 956438 Coordinator.h:126] commit: 1243037 abort: 35963 (0/35963/0), network size: 0, avg network size: 0, si_in_serializable: 0 0 %, local: 0 %
I1126 14:06:14.420327 956438 Coordinator.h:126] commit: 1243215 abort: 35785 (0/35785/0), network size: 0, avg network size: 0, si_in_serializable: 0 0 %, local: 0 %
I1126 14:06:15.420425 956438 Coordinator.h:126] commit: 1051710 abort: 30290 (0/30290/0), network size: 0, avg network size: 0, si_in_serializable: 0 0 %, local: 0 %
I1126 14:06:16.420523 956438 Coordinator.h:126] commit: 1244213 abort: 35787 (0/35787/0), network size: 0, avg network size: 0, si_in_serializable: 0 0 %, local: 0 %
I1126 14:06:17.420624 956438 Coordinator.h:126] commit: 1241038 abort: 35962 (0/35962/0), network size: 0, avg network size: 0, si_in_serializable: 0 0 %, local: 0 %
I1126 14:06:18.420722 956438 Coordinator.h:126] commit: 1246281 abort: 35719 (0/35719/0), network size: 0, avg network size: 0, si_in_serializable: 0 0 %, local: 0 %
I1126 14:06:19.420818 956438 Coordinator.h:126] commit: 1241429 abort: 35571 (0/35571/0), network size: 0, avg network size: 0, si_in_serializable: 0 0 %, local: 0 %
I1126 14:06:19.420845 956438 Coordinator.h:152] average commit: 1.2337e+06 abort: 35664.2 (0/35664.2/0), network size: 0, avg network size: 0, si_in_serializable: 0 0 %, local: 0 %
I1126 14:06:19.421003 956466 Manager.h:227] Manager(worker id = 12) on the coordinator node exits.
I1126 14:06:19.421010 956454 AriaExecutor.h:103] AriaExecutor 0 exits. 
I1126 14:06:19.421015 956465 AriaExecutor.h:103] AriaExecutor 11 exits. 
I1126 14:06:19.421015 956462 AriaExecutor.h:103] AriaExecutor 8 exits. 
I1126 14:06:19.421022 956455 AriaExecutor.h:103] AriaExecutor 1 exits. 
I1126 14:06:19.421021 956461 AriaExecutor.h:103] AriaExecutor 7 exits. 
I1126 14:06:19.421011 956456 AriaExecutor.h:103] AriaExecutor 2 exits. 
I1126 14:06:19.421012 956460 AriaExecutor.h:103] AriaExecutor 6 exits. 
I1126 14:06:19.421020 956463 AriaExecutor.h:103] AriaExecutor 9 exits. 
I1126 14:06:19.421042 956457 AriaExecutor.h:103] AriaExecutor 3 exits. 
I1126 14:06:19.421015 956458 AriaExecutor.h:103] AriaExecutor 4 exits. 
I1126 14:06:19.421015 956464 AriaExecutor.h:103] AriaExecutor 10 exits. 
I1126 14:06:19.421022 956459 AriaExecutor.h:103] AriaExecutor 5 exits. 
I1126 14:06:19.420857 956438 AriaExecutor.h:649] Worker 0 latency: 590 us (50%) 644 us (75%) 691 us (95%) 707 us (99%).
I1126 14:06:19.509250 956438 AriaExecutor.h:649] Worker 1 latency: 587 us (50%) 643 us (75%) 689 us (95%) 706 us (99%).
I1126 14:06:19.599321 956438 AriaExecutor.h:649] Worker 2 latency: 590 us (50%) 644 us (75%) 690 us (95%) 707 us (99%).
I1126 14:06:19.688722 956438 AriaExecutor.h:649] Worker 3 latency: 589 us (50%) 643 us (75%) 689 us (95%) 706 us (99%).
I1126 14:06:19.779140 956438 AriaExecutor.h:649] Worker 4 latency: 591 us (50%) 644 us (75%) 690 us (95%) 707 us (99%).
I1126 14:06:19.867903 956438 AriaExecutor.h:649] Worker 5 latency: 589 us (50%) 643 us (75%) 689 us (95%) 706 us (99%).
I1126 14:06:19.957640 956438 AriaExecutor.h:649] Worker 6 latency: 595 us (50%) 646 us (75%) 691 us (95%) 707 us (99%).
I1126 14:06:20.044152 956438 AriaExecutor.h:649] Worker 7 latency: 591 us (50%) 644 us (75%) 689 us (95%) 706 us (99%).
I1126 14:06:20.130959 956438 AriaExecutor.h:649] Worker 8 latency: 593 us (50%) 646 us (75%) 691 us (95%) 707 us (99%).
I1126 14:06:20.217054 956438 AriaExecutor.h:649] Worker 9 latency: 592 us (50%) 644 us (75%) 689 us (95%) 706 us (99%).
I1126 14:06:20.304121 956438 AriaExecutor.h:649] Worker 10 latency: 593 us (50%) 645 us (75%) 690 us (95%) 707 us (99%).
I1126 14:06:20.392158 956438 AriaExecutor.h:649] Worker 11 latency: 592 us (50%) 644 us (75%) 689 us (95%) 706 us (99%).
I1126 14:06:20.480460 956438 Coordinator.h:177] total commit: 1.2337e+06
I1126 14:06:21.480578 956438 Coordinator.h:192] Coordinator exits.
