I0911 22:44:16.006354 2938336 Database.h:65] ycsb initialization finished in 179 milliseconds.
I0911 22:44:16.006471 2938336 Coordinator.h:30] Coordinator initializes 16 workers.
I0911 22:44:16.014238 2938336 Coordinator.h:77] Coordinator starts to run 17 workers.
I0911 22:44:16.014300 2938356 AriaExecutor.h:82] AriaExecutor 0 started. 
I0911 22:44:16.014335 2938357 AriaExecutor.h:82] AriaExecutor 1 started. 
I0911 22:44:16.014384 2938358 AriaExecutor.h:82] AriaExecutor 2 started. 
I0911 22:44:16.014436 2938359 AriaExecutor.h:82] AriaExecutor 3 started. 
I0911 22:44:16.014472 2938360 AriaExecutor.h:82] AriaExecutor 4 started. 
I0911 22:44:16.014509 2938361 AriaExecutor.h:82] AriaExecutor 5 started. 
I0911 22:44:16.014544 2938362 AriaExecutor.h:82] AriaExecutor 6 started. 
I0911 22:44:16.014587 2938363 AriaExecutor.h:82] AriaExecutor 7 started. 
I0911 22:44:16.014628 2938364 AriaExecutor.h:82] AriaExecutor 8 started. 
I0911 22:44:16.014668 2938365 AriaExecutor.h:82] AriaExecutor 9 started. 
I0911 22:44:16.014699 2938366 AriaExecutor.h:82] AriaExecutor 10 started. 
I0911 22:44:16.014740 2938367 AriaExecutor.h:82] AriaExecutor 11 started. 
I0911 22:44:16.014777 2938368 AriaExecutor.h:82] AriaExecutor 12 started. 
I0911 22:44:16.014816 2938369 AriaExecutor.h:82] AriaExecutor 13 started. 
I0911 22:44:16.014853 2938370 AriaExecutor.h:82] AriaExecutor 14 started. 
I0911 22:44:16.014900 2938371 AriaExecutor.h:82] AriaExecutor 15 started. 
I0911 22:44:16.014937 2938372 Manager.h:224] Manager(worker id = 16) on the coordinator node started.
I0911 22:44:17.014997 2938336 Coordinator.h:126] commit: 45231 abort: 234321 (0/234321/0), network size: 0, avg network size: 0, si_in_serializable: 0 0 %, local: 0 %
I0911 22:44:18.015129 2938336 Coordinator.h:126] commit: 45127 abort: 234425 (0/234425/0), network size: 0, avg network size: 0, si_in_serializable: 0 0 %, local: 0 %
I0911 22:44:19.015216 2938336 Coordinator.h:126] commit: 44157 abort: 228227 (0/228227/0), network size: 0, avg network size: 0, si_in_serializable: 0 0 %, local: 0 %
I0911 22:44:20.015322 2938336 Coordinator.h:126] commit: 44420 abort: 232060 (0/232060/0), network size: 0, avg network size: 0, si_in_serializable: 0 0 %, local: 0 %
I0911 22:44:21.015450 2938336 Coordinator.h:126] commit: 46569 abort: 241175 (0/241175/0), network size: 0, avg network size: 0, si_in_serializable: 0 0 %, local: 0 %
I0911 22:44:22.015548 2938336 Coordinator.h:126] commit: 46969 abort: 242823 (0/242823/0), network size: 0, avg network size: 0, si_in_serializable: 0 0 %, local: 0 %
I0911 22:44:23.015650 2938336 Coordinator.h:126] commit: 46961 abort: 242831 (0/242831/0), network size: 0, avg network size: 0, si_in_serializable: 0 0 %, local: 0 %
I0911 22:44:24.015743 2938336 Coordinator.h:126] commit: 46608 abort: 242160 (0/242160/0), network size: 0, avg network size: 0, si_in_serializable: 0 0 %, local: 0 %
I0911 22:44:25.015849 2938336 Coordinator.h:126] commit: 46561 abort: 243231 (0/243231/0), network size: 0, avg network size: 0, si_in_serializable: 0 0 %, local: 0 %
I0911 22:44:26.015947 2938336 Coordinator.h:126] commit: 45245 abort: 236355 (0/236355/0), network size: 0, avg network size: 0, si_in_serializable: 0 0 %, local: 0 %
I0911 22:44:27.016037 2938336 Coordinator.h:126] commit: 45898 abort: 238774 (0/238774/0), network size: 0, avg network size: 0, si_in_serializable: 0 0 %, local: 0 %
I0911 22:44:28.016160 2938336 Coordinator.h:126] commit: 46641 abort: 242127 (0/242127/0), network size: 0, avg network size: 0, si_in_serializable: 0 0 %, local: 0 %
I0911 22:44:29.016269 2938336 Coordinator.h:126] commit: 46962 abort: 244878 (0/244878/0), network size: 0, avg network size: 0, si_in_serializable: 0 0 %, local: 0 %
I0911 22:44:30.016371 2938336 Coordinator.h:126] commit: 47004 abort: 243812 (0/243812/0), network size: 0, avg network size: 0, si_in_serializable: 0 0 %, local: 0 %
I0911 22:44:31.016476 2938336 Coordinator.h:126] commit: 46866 abort: 244974 (0/244974/0), network size: 0, avg network size: 0, si_in_serializable: 0 0 %, local: 0 %
I0911 22:44:32.016563 2938336 Coordinator.h:126] commit: 46769 abort: 246095 (0/246095/0), network size: 0, avg network size: 0, si_in_serializable: 0 0 %, local: 0 %
I0911 22:44:33.016665 2938336 Coordinator.h:126] commit: 46717 abort: 243075 (0/243075/0), network size: 0, avg network size: 0, si_in_serializable: 0 0 %, local: 0 %
I0911 22:44:34.016748 2938336 Coordinator.h:126] commit: 47053 abort: 244787 (0/244787/0), network size: 0, avg network size: 0, si_in_serializable: 0 0 %, local: 0 %
I0911 22:44:35.016827 2938336 Coordinator.h:126] commit: 47249 abort: 244591 (0/244591/0), network size: 0, avg network size: 0, si_in_serializable: 0 0 %, local: 0 %
I0911 22:44:36.016908 2938336 Coordinator.h:126] commit: 47104 abort: 245760 (0/245760/0), network size: 0, avg network size: 0, si_in_serializable: 0 0 %, local: 0 %
I0911 22:44:37.016945 2938336 Coordinator.h:126] commit: 47084 abort: 244756 (0/244756/0), network size: 0, avg network size: 0, si_in_serializable: 0 0 %, local: 0 %
I0911 22:44:38.017025 2938336 Coordinator.h:126] commit: 45783 abort: 238889 (0/238889/0), network size: 0, avg network size: 0, si_in_serializable: 0 0 %, local: 0 %
I0911 22:44:39.017115 2938336 Coordinator.h:126] commit: 46043 abort: 239653 (0/239653/0), network size: 0, avg network size: 0, si_in_serializable: 0 0 %, local: 0 %
I0911 22:44:40.017208 2938336 Coordinator.h:126] commit: 46709 abort: 244107 (0/244107/0), network size: 0, avg network size: 0, si_in_serializable: 0 0 %, local: 0 %
I0911 22:44:41.017325 2938336 Coordinator.h:126] commit: 46806 abort: 244010 (0/244010/0), network size: 0, avg network size: 0, si_in_serializable: 0 0 %, local: 0 %
I0911 22:44:41.017351 2938336 Coordinator.h:152] average commit: 46826.3 abort: 243887 (0/243887/0), network size: 0, avg network size: 0, si_in_serializable: 0 0 %, local: 0 %
I0911 22:44:41.019145 2938372 Manager.h:227] Manager(worker id = 16) on the coordinator node exits.
I0911 22:44:41.019153 2938370 AriaExecutor.h:94] AriaExecutor 14 exits. 
I0911 22:44:41.019155 2938360 AriaExecutor.h:94] AriaExecutor 4 exits. 
I0911 22:44:41.019148 2938368 AriaExecutor.h:94] AriaExecutor 12 exits. 
I0911 22:44:41.019165 2938367 AriaExecutor.h:94] AriaExecutor 11 exits. 
I0911 22:44:41.019145 2938364 AriaExecutor.h:94] AriaExecutor 8 exits. 
I0911 22:44:41.019153 2938366 AriaExecutor.h:94] AriaExecutor 10 exits. 
I0911 22:44:41.019163 2938361 AriaExecutor.h:94] AriaExecutor 5 exits. 
I0911 22:44:41.019166 2938363 AriaExecutor.h:94] AriaExecutor 7 exits. 
I0911 22:44:41.019166 2938365 AriaExecutor.h:94] AriaExecutor 9 exits. 
I0911 22:44:41.019153 2938362 AriaExecutor.h:94] AriaExecutor 6 exits. 
I0911 22:44:41.019161 2938357 AriaExecutor.h:94] AriaExecutor 1 exits. 
I0911 22:44:41.019166 2938369 AriaExecutor.h:94] AriaExecutor 13 exits. 
I0911 22:44:41.019166 2938371 AriaExecutor.h:94] AriaExecutor 15 exits. 
I0911 22:44:41.019153 2938356 AriaExecutor.h:94] AriaExecutor 0 exits. 
I0911 22:44:41.019155 2938358 AriaExecutor.h:94] AriaExecutor 2 exits. 
I0911 22:44:41.019162 2938359 AriaExecutor.h:94] AriaExecutor 3 exits. 
I0911 22:44:41.017361 2938336 AriaExecutor.h:535] Worker 0 latency: 3231 us (50%) 3394 us (75%) 3494 us (95%) 3599 us (99%).
I0911 22:44:41.021237 2938336 AriaExecutor.h:535] Worker 1 latency: 3226 us (50%) 3392 us (75%) 3491 us (95%) 3594 us (99%).
I0911 22:44:41.025019 2938336 AriaExecutor.h:535] Worker 2 latency: 3234 us (50%) 3395 us (75%) 3494 us (95%) 3598 us (99%).
I0911 22:44:41.028638 2938336 AriaExecutor.h:535] Worker 3 latency: 3226 us (50%) 3391 us (75%) 3491 us (95%) 3597 us (99%).
I0911 22:44:41.032330 2938336 AriaExecutor.h:535] Worker 4 latency: 3228 us (50%) 3393 us (75%) 3493 us (95%) 3599 us (99%).
I0911 22:44:41.036000 2938336 AriaExecutor.h:535] Worker 5 latency: 3223 us (50%) 3390 us (75%) 3491 us (95%) 3594 us (99%).
I0911 22:44:41.039664 2938336 AriaExecutor.h:535] Worker 6 latency: 3226 us (50%) 3393 us (75%) 3493 us (95%) 3599 us (99%).
I0911 22:44:41.043282 2938336 AriaExecutor.h:535] Worker 7 latency: 3224 us (50%) 3391 us (75%) 3490 us (95%) 3593 us (99%).
I0911 22:44:41.046949 2938336 AriaExecutor.h:535] Worker 8 latency: 3222 us (50%) 3391 us (75%) 3493 us (95%) 3597 us (99%).
I0911 22:44:41.050551 2938336 AriaExecutor.h:535] Worker 9 latency: 3221 us (50%) 3390 us (75%) 3490 us (95%) 3594 us (99%).
I0911 22:44:41.054175 2938336 AriaExecutor.h:535] Worker 10 latency: 3220 us (50%) 3390 us (75%) 3492 us (95%) 3597 us (99%).
I0911 22:44:41.057775 2938336 AriaExecutor.h:535] Worker 11 latency: 3216 us (50%) 3388 us (75%) 3489 us (95%) 3592 us (99%).
I0911 22:44:41.061362 2938336 AriaExecutor.h:535] Worker 12 latency: 3221 us (50%) 3390 us (75%) 3491 us (95%) 3594 us (99%).
I0911 22:44:41.064877 2938336 AriaExecutor.h:535] Worker 13 latency: 3211 us (50%) 3386 us (75%) 3489 us (95%) 3591 us (99%).
I0911 22:44:41.068456 2938336 AriaExecutor.h:535] Worker 14 latency: 3222 us (50%) 3390 us (75%) 3491 us (95%) 3592 us (99%).
I0911 22:44:41.071967 2938336 AriaExecutor.h:535] Worker 15 latency: 3213 us (50%) 3387 us (75%) 3489 us (95%) 3589 us (99%).
I0911 22:44:41.075496 2938336 Coordinator.h:177] total commit: 46826.3
I0911 22:44:42.075610 2938336 Coordinator.h:192] Coordinator exits.
