I1126 13:55:50.915899 950397 Database.h:65] ycsb initialization finished in 30 milliseconds.
I1126 13:55:50.915985 950397 Coordinator.h:30] Coordinator initializes 12 workers.
I1126 13:55:50.923499 950397 Coordinator.h:77] Coordinator starts to run 13 workers.
I1126 13:55:50.923552 950413 AriaExecutor.h:82] AriaExecutor 0 started. 
I1126 13:55:50.923581 950414 AriaExecutor.h:82] AriaExecutor 1 started. 
I1126 13:55:50.923620 950415 AriaExecutor.h:82] AriaExecutor 2 started. 
I1126 13:55:50.923658 950416 AriaExecutor.h:82] AriaExecutor 3 started. 
I1126 13:55:50.923736 950418 AriaExecutor.h:82] AriaExecutor 5 started. 
I1126 13:55:50.923787 950419 AriaExecutor.h:82] AriaExecutor 6 started. 
I1126 13:55:50.923846 950420 AriaExecutor.h:82] AriaExecutor 7 started. 
I1126 13:55:50.923888 950421 AriaExecutor.h:82] AriaExecutor 8 started. 
I1126 13:55:50.923941 950422 AriaExecutor.h:82] AriaExecutor 9 started. 
I1126 13:55:50.923985 950423 AriaExecutor.h:82] AriaExecutor 10 started. 
I1126 13:55:50.924027 950424 AriaExecutor.h:82] AriaExecutor 11 started. 
I1126 13:55:50.924060 950417 AriaExecutor.h:82] AriaExecutor 4 started. 
I1126 13:55:50.924062 950425 Manager.h:224] Manager(worker id = 12) on the coordinator node started.
I1126 13:55:51.924130 950397 Coordinator.h:126] commit: 186 abort: 181814 (0/181814/0), network size: 0, avg network size: 0, si_in_serializable: 0 0 %, local: 0 %
I1126 13:55:52.924265 950397 Coordinator.h:126] commit: 194 abort: 182806 (0/182806/0), network size: 0, avg network size: 0, si_in_serializable: 0 0 %, local: 0 %
I1126 13:55:53.924391 950397 Coordinator.h:126] commit: 191 abort: 185809 (0/185809/0), network size: 0, avg network size: 0, si_in_serializable: 0 0 %, local: 0 %
I1126 13:55:54.924489 950397 Coordinator.h:126] commit: 198 abort: 186802 (0/186802/0), network size: 0, avg network size: 0, si_in_serializable: 0 0 %, local: 0 %
I1126 13:55:55.924589 950397 Coordinator.h:126] commit: 198 abort: 186802 (0/186802/0), network size: 0, avg network size: 0, si_in_serializable: 0 0 %, local: 0 %
I1126 13:55:56.924692 950397 Coordinator.h:126] commit: 191 abort: 183809 (0/183809/0), network size: 0, avg network size: 0, si_in_serializable: 0 0 %, local: 0 %
I1126 13:55:57.924824 950397 Coordinator.h:126] commit: 195 abort: 185805 (0/185805/0), network size: 0, avg network size: 0, si_in_serializable: 0 0 %, local: 0 %
I1126 13:55:58.924930 950397 Coordinator.h:126] commit: 206 abort: 186794 (0/186794/0), network size: 0, avg network size: 0, si_in_serializable: 0 0 %, local: 0 %
I1126 13:55:59.925022 950397 Coordinator.h:126] commit: 196 abort: 186804 (0/186804/0), network size: 0, avg network size: 0, si_in_serializable: 0 0 %, local: 0 %
I1126 13:56:00.925129 950397 Coordinator.h:126] commit: 190 abort: 186810 (0/186810/0), network size: 0, avg network size: 0, si_in_serializable: 0 0 %, local: 0 %
I1126 13:56:01.925266 950397 Coordinator.h:126] commit: 195 abort: 185805 (0/185805/0), network size: 0, avg network size: 0, si_in_serializable: 0 0 %, local: 0 %
I1126 13:56:02.925380 950397 Coordinator.h:126] commit: 201 abort: 186799 (0/186799/0), network size: 0, avg network size: 0, si_in_serializable: 0 0 %, local: 0 %
I1126 13:56:03.925494 950397 Coordinator.h:126] commit: 191 abort: 185809 (0/185809/0), network size: 0, avg network size: 0, si_in_serializable: 0 0 %, local: 0 %
I1126 13:56:04.925603 950397 Coordinator.h:126] commit: 193 abort: 186807 (0/186807/0), network size: 0, avg network size: 0, si_in_serializable: 0 0 %, local: 0 %
I1126 13:56:05.925710 950397 Coordinator.h:126] commit: 197 abort: 186803 (0/186803/0), network size: 0, avg network size: 0, si_in_serializable: 0 0 %, local: 0 %
I1126 13:56:06.925807 950397 Coordinator.h:126] commit: 201 abort: 186799 (0/186799/0), network size: 0, avg network size: 0, si_in_serializable: 0 0 %, local: 0 %
I1126 13:56:07.925889 950397 Coordinator.h:126] commit: 196 abort: 184804 (0/184804/0), network size: 0, avg network size: 0, si_in_serializable: 0 0 %, local: 0 %
I1126 13:56:08.925983 950397 Coordinator.h:126] commit: 201 abort: 186799 (0/186799/0), network size: 0, avg network size: 0, si_in_serializable: 0 0 %, local: 0 %
I1126 13:56:09.926064 950397 Coordinator.h:126] commit: 191 abort: 186809 (0/186809/0), network size: 0, avg network size: 0, si_in_serializable: 0 0 %, local: 0 %
I1126 13:56:10.926163 950397 Coordinator.h:126] commit: 194 abort: 186806 (0/186806/0), network size: 0, avg network size: 0, si_in_serializable: 0 0 %, local: 0 %
I1126 13:56:11.926282 950397 Coordinator.h:126] commit: 197 abort: 186803 (0/186803/0), network size: 0, avg network size: 0, si_in_serializable: 0 0 %, local: 0 %
I1126 13:56:12.926381 950397 Coordinator.h:126] commit: 196 abort: 186804 (0/186804/0), network size: 0, avg network size: 0, si_in_serializable: 0 0 %, local: 0 %
I1126 13:56:13.926470 950397 Coordinator.h:126] commit: 194 abort: 185806 (0/185806/0), network size: 0, avg network size: 0, si_in_serializable: 0 0 %, local: 0 %
I1126 13:56:14.926568 950397 Coordinator.h:126] commit: 192 abort: 186808 (0/186808/0), network size: 0, avg network size: 0, si_in_serializable: 0 0 %, local: 0 %
I1126 13:56:15.926671 950397 Coordinator.h:126] commit: 193 abort: 186807 (0/186807/0), network size: 0, avg network size: 0, si_in_serializable: 0 0 %, local: 0 %
I1126 13:56:15.926707 950397 Coordinator.h:152] average commit: 196 abort: 186404 (0/186404/0), network size: 0, avg network size: 0, si_in_serializable: 0 0 %, local: 0 %
I1126 13:56:15.926714 950397 AriaExecutor.h:535] Worker 0 latency: 5333 us (50%) 5358 us (75%) 5423 us (95%) 5754 us (99%).
I1126 13:56:15.928107 950415 AriaExecutor.h:94] AriaExecutor 2 exits. 
I1126 13:56:15.928107 950425 Manager.h:227] Manager(worker id = 12) on the coordinator node exits.
I1126 13:56:15.928123 950416 AriaExecutor.h:94] AriaExecutor 3 exits. 
I1126 13:56:15.928119 950417 AriaExecutor.h:94] AriaExecutor 4 exits. 
I1126 13:56:15.928107 950413 AriaExecutor.h:94] AriaExecutor 0 exits. 
I1126 13:56:15.928121 950423 AriaExecutor.h:94] AriaExecutor 10 exits. 
I1126 13:56:15.928107 950421 AriaExecutor.h:94] AriaExecutor 8 exits. 
I1126 13:56:15.928123 950414 AriaExecutor.h:94] AriaExecutor 1 exits. 
I1126 13:56:15.928123 950422 AriaExecutor.h:94] AriaExecutor 9 exits. 
I1126 13:56:15.928121 950419 AriaExecutor.h:94] AriaExecutor 6 exits. 
I1126 13:56:15.928123 950424 AriaExecutor.h:94] AriaExecutor 11 exits. 
I1126 13:56:15.928123 950420 AriaExecutor.h:94] AriaExecutor 7 exits. 
I1126 13:56:15.928123 950418 AriaExecutor.h:94] AriaExecutor 5 exits. 
I1126 13:56:15.928354 950397 AriaExecutor.h:535] Worker 1 latency: 5326 us (50%) 5351 us (75%) 5407 us (95%) 5858 us (99%).
I1126 13:56:15.928383 950397 AriaExecutor.h:535] Worker 2 latency: 5346 us (50%) 5371 us (75%) 6642 us (95%) 6642 us (99%).
I1126 13:56:15.928392 950397 AriaExecutor.h:535] Worker 3 latency: 5308 us (50%) 5312 us (75%) 5334 us (95%) 5334 us (99%).
I1126 13:56:15.928397 950397 AriaExecutor.h:535] Worker 4 latency: 5275 us (50%) 5345 us (75%) 5345 us (95%) 5345 us (99%).
I1126 13:56:15.928448 950397 AriaExecutor.h:535] Worker 5 latency: 5300 us (50%) 5343 us (75%) 5343 us (95%) 5343 us (99%).
I1126 13:56:15.928467 950397 AriaExecutor.h:535] Worker 6 latency: 5339 us (50%) 5339 us (75%) 5339 us (95%) 5339 us (99%).
I1126 13:56:15.928478 950397 AriaExecutor.h:535] Worker 7 latency: 0 us (50%) 0 us (75%) 0 us (95%) 0 us (99%).
I1126 13:56:15.928491 950397 AriaExecutor.h:535] Worker 8 latency: 0 us (50%) 0 us (75%) 0 us (95%) 0 us (99%).
I1126 13:56:15.928503 950397 AriaExecutor.h:535] Worker 9 latency: 0 us (50%) 0 us (75%) 0 us (95%) 0 us (99%).
I1126 13:56:15.928514 950397 AriaExecutor.h:535] Worker 10 latency: 0 us (50%) 0 us (75%) 0 us (95%) 0 us (99%).
I1126 13:56:15.928524 950397 AriaExecutor.h:535] Worker 11 latency: 0 us (50%) 0 us (75%) 0 us (95%) 0 us (99%).
I1126 13:56:15.928543 950397 Coordinator.h:177] total commit: 196
I1126 13:56:16.928644 950397 Coordinator.h:192] Coordinator exits.
