I0911 23:14:41.608724 2944398 Database.h:65] ycsb initialization finished in 194 milliseconds.
I0911 23:14:41.608830 2944398 Coordinator.h:30] Coordinator initializes 16 workers.
I0911 23:14:41.730897 2944398 Coordinator.h:77] Coordinator starts to run 17 workers.
I0911 23:14:41.730954 2944418 AriaExecutor.h:82] AriaExecutor 0 started. 
I0911 23:14:41.730994 2944419 AriaExecutor.h:82] AriaExecutor 1 started. 
I0911 23:14:41.731029 2944420 AriaExecutor.h:82] AriaExecutor 2 started. 
I0911 23:14:41.731084 2944421 AriaExecutor.h:82] AriaExecutor 3 started. 
I0911 23:14:41.731109 2944422 AriaExecutor.h:82] AriaExecutor 4 started. 
I0911 23:14:41.731154 2944423 AriaExecutor.h:82] AriaExecutor 5 started. 
I0911 23:14:41.731190 2944424 AriaExecutor.h:82] AriaExecutor 6 started. 
I0911 23:14:41.731227 2944425 AriaExecutor.h:82] AriaExecutor 7 started. 
I0911 23:14:41.731262 2944426 AriaExecutor.h:82] AriaExecutor 8 started. 
I0911 23:14:41.731305 2944427 AriaExecutor.h:82] AriaExecutor 9 started. 
I0911 23:14:41.731343 2944428 AriaExecutor.h:82] AriaExecutor 10 started. 
I0911 23:14:41.731388 2944429 AriaExecutor.h:82] AriaExecutor 11 started. 
I0911 23:14:41.731432 2944430 AriaExecutor.h:82] AriaExecutor 12 started. 
I0911 23:14:41.731473 2944431 AriaExecutor.h:82] AriaExecutor 13 started. 
I0911 23:14:41.731508 2944432 AriaExecutor.h:82] AriaExecutor 14 started. 
I0911 23:14:41.731549 2944433 AriaExecutor.h:82] AriaExecutor 15 started. 
I0911 23:14:41.731591 2944434 Manager.h:224] Manager(worker id = 16) on the coordinator node started.
I0911 23:14:42.731657 2944398 Coordinator.h:126] commit: 32345 abort: 143655 (0/143655/0), network size: 0, avg network size: 0, si_in_serializable: 0 0 %, local: 0 %
I0911 23:14:43.731817 2944398 Coordinator.h:126] commit: 35082 abort: 156918 (0/156918/0), network size: 0, avg network size: 0, si_in_serializable: 0 0 %, local: 0 %
I0911 23:14:44.731902 2944398 Coordinator.h:126] commit: 38224 abort: 169776 (0/169776/0), network size: 0, avg network size: 0, si_in_serializable: 0 0 %, local: 0 %
I0911 23:14:45.731994 2944398 Coordinator.h:126] commit: 36154 abort: 156504 (0/156504/0), network size: 0, avg network size: 0, si_in_serializable: 0 0 %, local: 0 %
I0911 23:14:46.732080 2944398 Coordinator.h:126] commit: 37498 abort: 169844 (0/169844/0), network size: 0, avg network size: 0, si_in_serializable: 0 0 %, local: 0 %
I0911 23:14:47.732199 2944398 Coordinator.h:126] commit: 41022 abort: 182978 (0/182978/0), network size: 0, avg network size: 0, si_in_serializable: 0 0 %, local: 0 %
I0911 23:14:48.732300 2944398 Coordinator.h:126] commit: 38271 abort: 169729 (0/169729/0), network size: 0, avg network size: 0, si_in_serializable: 0 0 %, local: 0 %
I0911 23:14:49.732385 2944398 Coordinator.h:126] commit: 41019 abort: 182981 (0/182981/0), network size: 0, avg network size: 0, si_in_serializable: 0 0 %, local: 0 %
I0911 23:14:50.732473 2944398 Coordinator.h:126] commit: 38070 abort: 169930 (0/169930/0), network size: 0, avg network size: 0, si_in_serializable: 0 0 %, local: 0 %
I0911 23:14:51.732561 2944398 Coordinator.h:126] commit: 41051 abort: 182949 (0/182949/0), network size: 0, avg network size: 0, si_in_serializable: 0 0 %, local: 0 %
I0911 23:14:52.732647 2944398 Coordinator.h:126] commit: 38356 abort: 169644 (0/169644/0), network size: 0, avg network size: 0, si_in_serializable: 0 0 %, local: 0 %
I0911 23:14:53.732738 2944398 Coordinator.h:126] commit: 38101 abort: 169899 (0/169899/0), network size: 0, avg network size: 0, si_in_serializable: 0 0 %, local: 0 %
I0911 23:14:54.732821 2944398 Coordinator.h:126] commit: 41012 abort: 182988 (0/182988/0), network size: 0, avg network size: 0, si_in_serializable: 0 0 %, local: 0 %
I0911 23:14:55.732931 2944398 Coordinator.h:126] commit: 38103 abort: 169897 (0/169897/0), network size: 0, avg network size: 0, si_in_serializable: 0 0 %, local: 0 %
I0911 23:14:56.733018 2944398 Coordinator.h:126] commit: 40928 abort: 183072 (0/183072/0), network size: 0, avg network size: 0, si_in_serializable: 0 0 %, local: 0 %
I0911 23:14:57.733107 2944398 Coordinator.h:126] commit: 40943 abort: 183057 (0/183057/0), network size: 0, avg network size: 0, si_in_serializable: 0 0 %, local: 0 %
I0911 23:14:58.733186 2944398 Coordinator.h:126] commit: 38147 abort: 169853 (0/169853/0), network size: 0, avg network size: 0, si_in_serializable: 0 0 %, local: 0 %
I0911 23:14:59.733261 2944398 Coordinator.h:126] commit: 41156 abort: 182844 (0/182844/0), network size: 0, avg network size: 0, si_in_serializable: 0 0 %, local: 0 %
I0911 23:15:00.733345 2944398 Coordinator.h:126] commit: 41052 abort: 182948 (0/182948/0), network size: 0, avg network size: 0, si_in_serializable: 0 0 %, local: 0 %
I0911 23:15:01.733425 2944398 Coordinator.h:126] commit: 38191 abort: 169809 (0/169809/0), network size: 0, avg network size: 0, si_in_serializable: 0 0 %, local: 0 %
I0911 23:15:02.733502 2944398 Coordinator.h:126] commit: 41079 abort: 182921 (0/182921/0), network size: 0, avg network size: 0, si_in_serializable: 0 0 %, local: 0 %
I0911 23:15:03.733593 2944398 Coordinator.h:126] commit: 41125 abort: 182875 (0/182875/0), network size: 0, avg network size: 0, si_in_serializable: 0 0 %, local: 0 %
I0911 23:15:04.733675 2944398 Coordinator.h:126] commit: 38258 abort: 169742 (0/169742/0), network size: 0, avg network size: 0, si_in_serializable: 0 0 %, local: 0 %
I0911 23:15:05.733757 2944398 Coordinator.h:126] commit: 41014 abort: 182986 (0/182986/0), network size: 0, avg network size: 0, si_in_serializable: 0 0 %, local: 0 %
I0911 23:15:06.733839 2944398 Coordinator.h:126] commit: 38146 abort: 169854 (0/169854/0), network size: 0, avg network size: 0, si_in_serializable: 0 0 %, local: 0 %
I0911 23:15:06.733850 2944398 Coordinator.h:152] average commit: 39598.9 abort: 176401 (0/176401/0), network size: 0, avg network size: 0, si_in_serializable: 0 0 %, local: 0 %
I0911 23:15:06.733861 2944398 AriaExecutor.h:641] Worker 0 latency: 67586 us (50%) 70272 us (75%) 76959 us (95%) 89492 us (99%).
I0911 23:15:06.754544 2944430 AriaExecutor.h:94] AriaExecutor 12 exits. 
I0911 23:15:06.754546 2944418 AriaExecutor.h:94] AriaExecutor 0 exits. 
I0911 23:15:06.754547 2944424 AriaExecutor.h:94] AriaExecutor 6 exits. 
I0911 23:15:06.754547 2944426 AriaExecutor.h:94] AriaExecutor 8 exits. 
I0911 23:15:06.754549 2944420 AriaExecutor.h:94] AriaExecutor 2 exits. 
I0911 23:15:06.754552 2944432 AriaExecutor.h:94] AriaExecutor 14 exits. 
I0911 23:15:06.754552 2944421 AriaExecutor.h:94] AriaExecutor 3 exits. 
I0911 23:15:06.754558 2944419 AriaExecutor.h:94] AriaExecutor 1 exits. 
I0911 23:15:06.754588 2944428 AriaExecutor.h:94] AriaExecutor 10 exits. 
I0911 23:15:06.754597 2944427 AriaExecutor.h:94] AriaExecutor 9 exits. 
I0911 23:15:06.754560 2944431 AriaExecutor.h:94] AriaExecutor 13 exits. 
I0911 23:15:06.754546 2944434 Manager.h:227] Manager(worker id = 16) on the coordinator node exits.
I0911 23:15:06.754546 2944422 AriaExecutor.h:94] AriaExecutor 4 exits. 
I0911 23:15:06.754556 2944423 AriaExecutor.h:94] AriaExecutor 5 exits. 
I0911 23:15:06.754599 2944433 AriaExecutor.h:94] AriaExecutor 15 exits. 
I0911 23:15:06.754559 2944425 AriaExecutor.h:94] AriaExecutor 7 exits. 
I0911 23:15:06.754558 2944429 AriaExecutor.h:94] AriaExecutor 11 exits. 
I0911 23:15:06.754858 2944398 AriaExecutor.h:641] Worker 1 latency: 67542 us (50%) 70237 us (75%) 76902 us (95%) 89790 us (99%).
I0911 23:15:06.758323 2944398 AriaExecutor.h:641] Worker 2 latency: 67598 us (50%) 70280 us (75%) 77058 us (95%) 89428 us (99%).
I0911 23:15:06.761516 2944398 AriaExecutor.h:641] Worker 3 latency: 67591 us (50%) 70252 us (75%) 76983 us (95%) 89727 us (99%).
I0911 23:15:06.764947 2944398 AriaExecutor.h:641] Worker 4 latency: 67539 us (50%) 70245 us (75%) 76912 us (95%) 89629 us (99%).
I0911 23:15:06.768224 2944398 AriaExecutor.h:641] Worker 5 latency: 67566 us (50%) 70241 us (75%) 77016 us (95%) 89989 us (99%).
I0911 23:15:06.771631 2944398 AriaExecutor.h:641] Worker 6 latency: 67581 us (50%) 70250 us (75%) 76989 us (95%) 89655 us (99%).
I0911 23:15:06.774859 2944398 AriaExecutor.h:641] Worker 7 latency: 67558 us (50%) 70251 us (75%) 76974 us (95%) 89679 us (99%).
I0911 23:15:06.778402 2944398 AriaExecutor.h:641] Worker 8 latency: 67541 us (50%) 70266 us (75%) 76983 us (95%) 89763 us (99%).
I0911 23:15:06.781589 2944398 AriaExecutor.h:641] Worker 9 latency: 67532 us (50%) 70233 us (75%) 76961 us (95%) 89706 us (99%).
I0911 23:15:06.785111 2944398 AriaExecutor.h:641] Worker 10 latency: 67612 us (50%) 70268 us (75%) 76924 us (95%) 89746 us (99%).
I0911 23:15:06.788291 2944398 AriaExecutor.h:641] Worker 11 latency: 67590 us (50%) 70249 us (75%) 76854 us (95%) 89873 us (99%).
I0911 23:15:06.791705 2944398 AriaExecutor.h:641] Worker 12 latency: 67593 us (50%) 70261 us (75%) 77036 us (95%) 89642 us (99%).
I0911 23:15:06.794911 2944398 AriaExecutor.h:641] Worker 13 latency: 67539 us (50%) 70252 us (75%) 77047 us (95%) 90056 us (99%).
I0911 23:15:06.798281 2944398 AriaExecutor.h:641] Worker 14 latency: 67575 us (50%) 70257 us (75%) 76920 us (95%) 89621 us (99%).
I0911 23:15:06.801472 2944398 AriaExecutor.h:641] Worker 15 latency: 67570 us (50%) 70239 us (75%) 76927 us (95%) 89675 us (99%).
I0911 23:15:06.804893 2944398 Coordinator.h:177] total commit: 39598.9
I0911 23:15:07.804999 2944398 Coordinator.h:192] Coordinator exits.
