I1126 17:56:27.857538 1062379 Database.h:65] ycsb initialization finished in 30 milliseconds.
I1126 17:56:27.857637 1062379 Coordinator.h:30] Coordinator initializes 12 workers.
I1126 17:56:27.864506 1062379 Coordinator.h:77] Coordinator starts to run 13 workers.
I1126 17:56:27.864574 1062395 AriaExecutor.h:91] AriaExecutor 0 started. 
I1126 17:56:27.864596 1062396 AriaExecutor.h:91] AriaExecutor 1 started. 
I1126 17:56:27.864636 1062397 AriaExecutor.h:91] AriaExecutor 2 started. 
I1126 17:56:27.864681 1062398 AriaExecutor.h:91] AriaExecutor 3 started. 
I1126 17:56:27.864754 1062400 AriaExecutor.h:91] AriaExecutor 5 started. 
I1126 17:56:27.864800 1062401 AriaExecutor.h:91] AriaExecutor 6 started. 
I1126 17:56:27.864843 1062402 AriaExecutor.h:91] AriaExecutor 7 started. 
I1126 17:56:27.864881 1062403 AriaExecutor.h:91] AriaExecutor 8 started. 
I1126 17:56:27.864928 1062404 AriaExecutor.h:91] AriaExecutor 9 started. 
I1126 17:56:27.864964 1062405 AriaExecutor.h:91] AriaExecutor 10 started. 
I1126 17:56:27.865005 1062406 AriaExecutor.h:91] AriaExecutor 11 started. 
I1126 17:56:27.865044 1062399 AriaExecutor.h:91] AriaExecutor 4 started. 
I1126 17:56:27.865048 1062407 Manager.h:224] Manager(worker id = 12) on the coordinator node started.
I1126 17:56:28.865118 1062379 Coordinator.h:126] commit: 1776425 abort: 123575 (0/123575/0), network size: 0, avg network size: 0, si_in_serializable: 0 0 %, local: 0 %
I1126 17:56:29.865237 1062379 Coordinator.h:126] commit: 1767129 abort: 122871 (0/122871/0), network size: 0, avg network size: 0, si_in_serializable: 0 0 %, local: 0 %
I1126 17:56:30.865350 1062379 Coordinator.h:126] commit: 1794834 abort: 125166 (0/125166/0), network size: 0, avg network size: 0, si_in_serializable: 0 0 %, local: 0 %
I1126 17:56:31.865459 1062379 Coordinator.h:126] commit: 1785473 abort: 124527 (0/124527/0), network size: 0, avg network size: 0, si_in_serializable: 0 0 %, local: 0 %
I1126 17:56:32.865550 1062379 Coordinator.h:126] commit: 1795373 abort: 124627 (0/124627/0), network size: 0, avg network size: 0, si_in_serializable: 0 0 %, local: 0 %
I1126 17:56:33.865653 1062379 Coordinator.h:126] commit: 1794903 abort: 125097 (0/125097/0), network size: 0, avg network size: 0, si_in_serializable: 0 0 %, local: 0 %
I1126 17:56:34.865761 1062379 Coordinator.h:126] commit: 1775704 abort: 124296 (0/124296/0), network size: 0, avg network size: 0, si_in_serializable: 0 0 %, local: 0 %
I1126 17:56:35.865870 1062379 Coordinator.h:126] commit: 1767465 abort: 122535 (0/122535/0), network size: 0, avg network size: 0, si_in_serializable: 0 0 %, local: 0 %
I1126 17:56:36.865958 1062379 Coordinator.h:126] commit: 1795166 abort: 124834 (0/124834/0), network size: 0, avg network size: 0, si_in_serializable: 0 0 %, local: 0 %
I1126 17:56:37.866051 1062379 Coordinator.h:126] commit: 1804967 abort: 125033 (0/125033/0), network size: 0, avg network size: 0, si_in_serializable: 0 0 %, local: 0 %
I1126 17:56:38.866133 1062379 Coordinator.h:126] commit: 1800862 abort: 125763 (0/125763/0), network size: 0, avg network size: 0, si_in_serializable: 0 0 %, local: 0 %
I1126 17:56:39.866236 1062379 Coordinator.h:126] commit: 1798264 abort: 125110 (0/125110/0), network size: 0, avg network size: 0, si_in_serializable: 0 0 %, local: 0 %
I1126 17:56:40.866321 1062379 Coordinator.h:126] commit: 1804738 abort: 125262 (0/125262/0), network size: 0, avg network size: 0, si_in_serializable: 0 0 %, local: 0 %
I1126 17:56:41.866417 1062379 Coordinator.h:126] commit: 1794924 abort: 125076 (0/125076/0), network size: 0, avg network size: 0, si_in_serializable: 0 0 %, local: 0 %
I1126 17:56:42.866541 1062379 Coordinator.h:126] commit: 1664594 abort: 115406 (0/115406/0), network size: 0, avg network size: 0, si_in_serializable: 0 0 %, local: 0 %
I1126 17:56:43.866638 1062379 Coordinator.h:126] commit: 1794967 abort: 125033 (0/125033/0), network size: 0, avg network size: 0, si_in_serializable: 0 0 %, local: 0 %
I1126 17:56:44.866734 1062379 Coordinator.h:126] commit: 1804852 abort: 125148 (0/125148/0), network size: 0, avg network size: 0, si_in_serializable: 0 0 %, local: 0 %
I1126 17:56:45.866815 1062379 Coordinator.h:126] commit: 1796244 abort: 124983 (0/124983/0), network size: 0, avg network size: 0, si_in_serializable: 0 0 %, local: 0 %
I1126 17:56:46.866910 1062379 Coordinator.h:126] commit: 1802771 abort: 126002 (0/126002/0), network size: 0, avg network size: 0, si_in_serializable: 0 0 %, local: 0 %
I1126 17:56:47.866997 1062379 Coordinator.h:126] commit: 1804813 abort: 125187 (0/125187/0), network size: 0, avg network size: 0, si_in_serializable: 0 0 %, local: 0 %
I1126 17:56:48.867095 1062379 Coordinator.h:126] commit: 1795499 abort: 124501 (0/124501/0), network size: 0, avg network size: 0, si_in_serializable: 0 0 %, local: 0 %
I1126 17:56:49.867182 1062379 Coordinator.h:126] commit: 1804259 abort: 125741 (0/125741/0), network size: 0, avg network size: 0, si_in_serializable: 0 0 %, local: 0 %
I1126 17:56:50.867285 1062379 Coordinator.h:126] commit: 1794506 abort: 125494 (0/125494/0), network size: 0, avg network size: 0, si_in_serializable: 0 0 %, local: 0 %
I1126 17:56:51.867376 1062379 Coordinator.h:126] commit: 1795399 abort: 124601 (0/124601/0), network size: 0, avg network size: 0, si_in_serializable: 0 0 %, local: 0 %
I1126 17:56:52.867478 1062379 Coordinator.h:126] commit: 1804790 abort: 125210 (0/125210/0), network size: 0, avg network size: 0, si_in_serializable: 0 0 %, local: 0 %
I1126 17:56:52.867499 1062379 Coordinator.h:152] average commit: 1.7867e+06 abort: 124297 (0/124297/0), network size: 0, avg network size: 0, si_in_serializable: 0 0 %, local: 0 %
I1126 17:56:52.872165 1062397 AriaExecutor.h:103] AriaExecutor 2 exits. 
I1126 17:56:52.872165 1062407 Manager.h:227] Manager(worker id = 12) on the coordinator node exits.
I1126 17:56:52.872172 1062395 AriaExecutor.h:103] AriaExecutor 0 exits. 
I1126 17:56:52.872181 1062402 AriaExecutor.h:103] AriaExecutor 7 exits. 
I1126 17:56:52.872169 1062405 AriaExecutor.h:103] AriaExecutor 10 exits. 
I1126 17:56:52.872172 1062399 AriaExecutor.h:103] AriaExecutor 4 exits. 
I1126 17:56:52.872179 1062398 AriaExecutor.h:103] AriaExecutor 3 exits. 
I1126 17:56:52.872179 1062400 AriaExecutor.h:103] AriaExecutor 5 exits. 
I1126 17:56:52.872179 1062406 AriaExecutor.h:103] AriaExecutor 11 exits. 
I1126 17:56:52.872184 1062404 AriaExecutor.h:103] AriaExecutor 9 exits. 
I1126 17:56:52.872167 1062403 AriaExecutor.h:103] AriaExecutor 8 exits. 
I1126 17:56:52.872185 1062396 AriaExecutor.h:103] AriaExecutor 1 exits. 
I1126 17:56:52.872167 1062401 AriaExecutor.h:103] AriaExecutor 6 exits. 
I1126 17:56:52.867508 1062379 AriaExecutor.h:621] Worker 0 latency: 3656 us (50%) 4148 us (75%) 4539 us (95%) 4647 us (99%).
I1126 17:56:53.013062 1062379 AriaExecutor.h:621] Worker 1 latency: 3626 us (50%) 4131 us (75%) 4534 us (95%) 4642 us (99%).
I1126 17:56:53.174562 1062379 AriaExecutor.h:621] Worker 2 latency: 3664 us (50%) 4153 us (75%) 4539 us (95%) 4645 us (99%).
I1126 17:56:53.313447 1062379 AriaExecutor.h:621] Worker 3 latency: 3618 us (50%) 4128 us (75%) 4532 us (95%) 4640 us (99%).
I1126 17:56:53.477851 1062379 AriaExecutor.h:621] Worker 4 latency: 3650 us (50%) 4146 us (75%) 4538 us (95%) 4644 us (99%).
I1126 17:56:53.623139 1062379 AriaExecutor.h:621] Worker 5 latency: 3628 us (50%) 4133 us (75%) 4534 us (95%) 4641 us (99%).
I1126 17:56:53.764047 1062379 AriaExecutor.h:621] Worker 6 latency: 3643 us (50%) 4142 us (75%) 4535 us (95%) 4641 us (99%).
I1126 17:56:53.909102 1062379 AriaExecutor.h:621] Worker 7 latency: 3624 us (50%) 4131 us (75%) 4533 us (95%) 4640 us (99%).
I1126 17:56:54.072845 1062379 AriaExecutor.h:621] Worker 8 latency: 3648 us (50%) 4146 us (75%) 4537 us (95%) 4644 us (99%).
I1126 17:56:54.218405 1062379 AriaExecutor.h:621] Worker 9 latency: 3619 us (50%) 4128 us (75%) 4532 us (95%) 4639 us (99%).
I1126 17:56:54.381301 1062379 AriaExecutor.h:621] Worker 10 latency: 3667 us (50%) 4155 us (75%) 4540 us (95%) 4645 us (99%).
I1126 17:56:54.519766 1062379 AriaExecutor.h:621] Worker 11 latency: 3619 us (50%) 4128 us (75%) 4532 us (95%) 4639 us (99%).
I1126 17:56:54.681510 1062379 Coordinator.h:177] total commit: 1.7867e+06
I1126 17:56:55.681623 1062379 Coordinator.h:192] Coordinator exits.
