I0911 22:09:33.540246 2931726 Database.h:65] ycsb initialization finished in 149 milliseconds.
I0911 22:09:33.540362 2931726 Coordinator.h:30] Coordinator initializes 16 workers.
I0911 22:09:33.548192 2931726 Coordinator.h:77] Coordinator starts to run 17 workers.
I0911 22:09:33.548251 2931746 AriaExecutor.h:82] AriaExecutor 0 started. 
I0911 22:09:33.548283 2931747 AriaExecutor.h:82] AriaExecutor 1 started. 
I0911 22:09:33.548316 2931748 AriaExecutor.h:82] AriaExecutor 2 started. 
I0911 22:09:33.548369 2931749 AriaExecutor.h:82] AriaExecutor 3 started. 
I0911 22:09:33.548404 2931750 AriaExecutor.h:82] AriaExecutor 4 started. 
I0911 22:09:33.548453 2931751 AriaExecutor.h:82] AriaExecutor 5 started. 
I0911 22:09:33.548497 2931752 AriaExecutor.h:82] AriaExecutor 6 started. 
I0911 22:09:33.548550 2931753 AriaExecutor.h:82] AriaExecutor 7 started. 
I0911 22:09:33.548584 2931754 AriaExecutor.h:82] AriaExecutor 8 started. 
I0911 22:09:33.548633 2931755 AriaExecutor.h:82] AriaExecutor 9 started. 
I0911 22:09:33.548664 2931756 AriaExecutor.h:82] AriaExecutor 10 started. 
I0911 22:09:33.548710 2931757 AriaExecutor.h:82] AriaExecutor 11 started. 
I0911 22:09:33.548745 2931758 AriaExecutor.h:82] AriaExecutor 12 started. 
I0911 22:09:33.548790 2931759 AriaExecutor.h:82] AriaExecutor 13 started. 
I0911 22:09:33.548837 2931760 AriaExecutor.h:82] AriaExecutor 14 started. 
I0911 22:09:33.548900 2931761 AriaExecutor.h:82] AriaExecutor 15 started. 
I0911 22:09:33.548944 2931762 Manager.h:224] Manager(worker id = 16) on the coordinator node started.
I0911 22:09:34.548940 2931726 Coordinator.h:126] commit: 1113590 abort: 4618 (0/4618/0), network size: 0, avg network size: 0, si_in_serializable: 0 0 %, local: 0 %
I0911 22:09:35.549048 2931726 Coordinator.h:126] commit: 1101226 abort: 4694 (0/4694/0), network size: 0, avg network size: 0, si_in_serializable: 0 0 %, local: 0 %
I0911 22:09:36.549125 2931726 Coordinator.h:126] commit: 1071563 abort: 4661 (0/4661/0), network size: 0, avg network size: 0, si_in_serializable: 0 0 %, local: 0 %
I0911 22:09:37.549201 2931726 Coordinator.h:126] commit: 1080858 abort: 4582 (0/4582/0), network size: 0, avg network size: 0, si_in_serializable: 0 0 %, local: 0 %
I0911 22:09:38.549302 2931726 Coordinator.h:126] commit: 1118512 abort: 4816 (0/4816/0), network size: 0, avg network size: 0, si_in_serializable: 0 0 %, local: 0 %
I0911 22:09:39.549386 2931726 Coordinator.h:126] commit: 1126590 abort: 4930 (0/4930/0), network size: 0, avg network size: 0, si_in_serializable: 0 0 %, local: 0 %
I0911 22:09:40.549463 2931726 Coordinator.h:126] commit: 1126754 abort: 4766 (0/4766/0), network size: 0, avg network size: 0, si_in_serializable: 0 0 %, local: 0 %
I0911 22:09:41.549540 2931726 Coordinator.h:126] commit: 1101233 abort: 4687 (0/4687/0), network size: 0, avg network size: 0, si_in_serializable: 0 0 %, local: 0 %
I0911 22:09:42.549623 2931726 Coordinator.h:126] commit: 1126595 abort: 4925 (0/4925/0), network size: 0, avg network size: 0, si_in_serializable: 0 0 %, local: 0 %
I0911 22:09:43.549703 2931726 Coordinator.h:126] commit: 1104244 abort: 4748 (0/4748/0), network size: 0, avg network size: 0, si_in_serializable: 0 0 %, local: 0 %
I0911 22:09:44.549786 2931726 Coordinator.h:126] commit: 1093029 abort: 4699 (0/4699/0), network size: 0, avg network size: 0, si_in_serializable: 0 0 %, local: 0 %
I0911 22:09:45.549858 2931726 Coordinator.h:126] commit: 1108260 abort: 4828 (0/4828/0), network size: 0, avg network size: 0, si_in_serializable: 0 0 %, local: 0 %
I0911 22:09:46.549955 2931726 Coordinator.h:126] commit: 1124776 abort: 4696 (0/4696/0), network size: 0, avg network size: 0, si_in_serializable: 0 0 %, local: 0 %
I0911 22:09:47.550037 2931726 Coordinator.h:126] commit: 1122677 abort: 4747 (0/4747/0), network size: 0, avg network size: 0, si_in_serializable: 0 0 %, local: 0 %
I0911 22:09:48.550112 2931726 Coordinator.h:126] commit: 1125632 abort: 4864 (0/4864/0), network size: 0, avg network size: 0, si_in_serializable: 0 0 %, local: 0 %
I0911 22:09:49.550190 2931726 Coordinator.h:126] commit: 1070526 abort: 4674 (0/4674/0), network size: 0, avg network size: 0, si_in_serializable: 0 0 %, local: 0 %
I0911 22:09:50.550271 2931726 Coordinator.h:126] commit: 1123700 abort: 4748 (0/4748/0), network size: 0, avg network size: 0, si_in_serializable: 0 0 %, local: 0 %
I0911 22:09:51.550366 2931726 Coordinator.h:126] commit: 1124662 abort: 4810 (0/4810/0), network size: 0, avg network size: 0, si_in_serializable: 0 0 %, local: 0 %
I0911 22:09:52.550449 2931726 Coordinator.h:126] commit: 1123588 abort: 4860 (0/4860/0), network size: 0, avg network size: 0, si_in_serializable: 0 0 %, local: 0 %
I0911 22:09:53.550535 2931726 Coordinator.h:126] commit: 1124563 abort: 4909 (0/4909/0), network size: 0, avg network size: 0, si_in_serializable: 0 0 %, local: 0 %
I0911 22:09:54.550611 2931726 Coordinator.h:126] commit: 1100190 abort: 4706 (0/4706/0), network size: 0, avg network size: 0, si_in_serializable: 0 0 %, local: 0 %
I0911 22:09:55.550688 2931726 Coordinator.h:126] commit: 1095944 abort: 4856 (0/4856/0), network size: 0, avg network size: 0, si_in_serializable: 0 0 %, local: 0 %
I0911 22:09:56.550796 2931726 Coordinator.h:126] commit: 1117475 abort: 4829 (0/4829/0), network size: 0, avg network size: 0, si_in_serializable: 0 0 %, local: 0 %
I0911 22:09:57.550879 2931726 Coordinator.h:126] commit: 1122707 abort: 4717 (0/4717/0), network size: 0, avg network size: 0, si_in_serializable: 0 0 %, local: 0 %
I0911 22:09:58.550961 2931726 Coordinator.h:126] commit: 1122562 abort: 4862 (0/4862/0), network size: 0, avg network size: 0, si_in_serializable: 0 0 %, local: 0 %
I0911 22:09:58.550989 2931726 Coordinator.h:152] average commit: 1.11414e+06 abort: 4783.5 (0/4783.5/0), network size: 0, avg network size: 0, si_in_serializable: 0 0 %, local: 0 %
I0911 22:09:58.551355 2931752 AriaExecutor.h:94] AriaExecutor 6 exits. 
I0911 22:09:58.551365 2931762 Manager.h:227] Manager(worker id = 16) on the coordinator node exits.
I0911 22:09:58.551359 2931750 AriaExecutor.h:94] AriaExecutor 4 exits. 
I0911 22:09:58.551357 2931748 AriaExecutor.h:94] AriaExecutor 2 exits. 
I0911 22:09:58.551378 2931749 AriaExecutor.h:94] AriaExecutor 3 exits. 
I0911 22:09:58.551362 2931756 AriaExecutor.h:94] AriaExecutor 10 exits. 
I0911 22:09:58.551373 2931759 AriaExecutor.h:94] AriaExecutor 13 exits. 
I0911 22:09:58.551362 2931758 AriaExecutor.h:94] AriaExecutor 12 exits. 
I0911 22:09:58.551373 2931757 AriaExecutor.h:94] AriaExecutor 11 exits. 
I0911 22:09:58.551374 2931751 AriaExecutor.h:94] AriaExecutor 5 exits. 
I0911 22:09:58.551375 2931761 AriaExecutor.h:94] AriaExecutor 15 exits. 
I0911 22:09:58.551375 2931753 AriaExecutor.h:94] AriaExecutor 7 exits. 
I0911 22:09:58.551359 2931746 AriaExecutor.h:94] AriaExecutor 0 exits. 
I0911 22:09:58.551376 2931755 AriaExecutor.h:94] AriaExecutor 9 exits. 
I0911 22:09:58.551362 2931754 AriaExecutor.h:94] AriaExecutor 8 exits. 
I0911 22:09:58.551357 2931760 AriaExecutor.h:94] AriaExecutor 14 exits. 
I0911 22:09:58.551514 2931747 AriaExecutor.h:94] AriaExecutor 1 exits. 
I0911 22:09:58.550998 2931726 AriaExecutor.h:535] Worker 0 latency: 566 us (50%) 716 us (75%) 837 us (95%) 864 us (99%).
I0911 22:09:58.617185 2931726 AriaExecutor.h:535] Worker 1 latency: 565 us (50%) 714 us (75%) 836 us (95%) 863 us (99%).
I0911 22:09:58.684955 2931726 AriaExecutor.h:535] Worker 2 latency: 569 us (50%) 717 us (75%) 837 us (95%) 864 us (99%).
I0911 22:09:58.751942 2931726 AriaExecutor.h:535] Worker 3 latency: 566 us (50%) 715 us (75%) 836 us (95%) 863 us (99%).
I0911 22:09:58.820096 2931726 AriaExecutor.h:535] Worker 4 latency: 568 us (50%) 717 us (75%) 837 us (95%) 864 us (99%).
I0911 22:09:58.886274 2931726 AriaExecutor.h:535] Worker 5 latency: 564 us (50%) 714 us (75%) 836 us (95%) 863 us (99%).
I0911 22:09:58.953011 2931726 AriaExecutor.h:535] Worker 6 latency: 569 us (50%) 717 us (75%) 837 us (95%) 864 us (99%).
I0911 22:09:59.019165 2931726 AriaExecutor.h:535] Worker 7 latency: 565 us (50%) 715 us (75%) 836 us (95%) 863 us (99%).
I0911 22:09:59.086614 2931726 AriaExecutor.h:535] Worker 8 latency: 565 us (50%) 715 us (75%) 836 us (95%) 864 us (99%).
I0911 22:09:59.150911 2931726 AriaExecutor.h:535] Worker 9 latency: 564 us (50%) 713 us (75%) 835 us (95%) 863 us (99%).
I0911 22:09:59.216830 2931726 AriaExecutor.h:535] Worker 10 latency: 567 us (50%) 716 us (75%) 836 us (95%) 864 us (99%).
I0911 22:09:59.281355 2931726 AriaExecutor.h:535] Worker 11 latency: 565 us (50%) 714 us (75%) 835 us (95%) 863 us (99%).
I0911 22:09:59.347275 2931726 AriaExecutor.h:535] Worker 12 latency: 568 us (50%) 716 us (75%) 836 us (95%) 864 us (99%).
I0911 22:09:59.412904 2931726 AriaExecutor.h:535] Worker 13 latency: 563 us (50%) 713 us (75%) 835 us (95%) 863 us (99%).
I0911 22:09:59.478282 2931726 AriaExecutor.h:535] Worker 14 latency: 569 us (50%) 717 us (75%) 837 us (95%) 864 us (99%).
I0911 22:09:59.543030 2931726 AriaExecutor.h:535] Worker 15 latency: 565 us (50%) 714 us (75%) 835 us (95%) 863 us (99%).
I0911 22:09:59.608635 2931726 Coordinator.h:177] total commit: 1.11414e+06
I0911 22:10:00.608755 2931726 Coordinator.h:192] Coordinator exits.
