I0912 00:10:17.962736 2954897 Database.h:65] ycsb initialization finished in 146 milliseconds.
I0912 00:10:17.962849 2954897 Coordinator.h:30] Coordinator initializes 16 workers.
I0912 00:10:17.978176 2954897 Coordinator.h:77] Coordinator starts to run 17 workers.
I0912 00:10:17.978230 2954917 AriaExecutor.h:82] AriaExecutor 0 started. 
I0912 00:10:17.978267 2954918 AriaExecutor.h:82] AriaExecutor 1 started. 
I0912 00:10:17.978315 2954919 AriaExecutor.h:82] AriaExecutor 2 started. 
I0912 00:10:17.978363 2954920 AriaExecutor.h:82] AriaExecutor 3 started. 
I0912 00:10:17.978389 2954921 AriaExecutor.h:82] AriaExecutor 4 started. 
I0912 00:10:17.978435 2954922 AriaExecutor.h:82] AriaExecutor 5 started. 
I0912 00:10:17.978471 2954923 AriaExecutor.h:82] AriaExecutor 6 started. 
I0912 00:10:17.978511 2954924 AriaExecutor.h:82] AriaExecutor 7 started. 
I0912 00:10:17.978540 2954925 AriaExecutor.h:82] AriaExecutor 8 started. 
I0912 00:10:17.978595 2954926 AriaExecutor.h:82] AriaExecutor 9 started. 
I0912 00:10:17.978628 2954927 AriaExecutor.h:82] AriaExecutor 10 started. 
I0912 00:10:17.978667 2954928 AriaExecutor.h:82] AriaExecutor 11 started. 
I0912 00:10:17.978710 2954929 AriaExecutor.h:82] AriaExecutor 12 started. 
I0912 00:10:17.978752 2954930 AriaExecutor.h:82] AriaExecutor 13 started. 
I0912 00:10:17.978785 2954931 AriaExecutor.h:82] AriaExecutor 14 started. 
I0912 00:10:17.978833 2954932 AriaExecutor.h:82] AriaExecutor 15 started. 
I0912 00:10:17.978873 2954933 Manager.h:224] Manager(worker id = 16) on the coordinator node started.
I0912 00:10:18.978922 2954897 Coordinator.h:126] commit: 902040 abort: 382056 (0/382056/0), network size: 0, avg network size: 0, si_in_serializable: 0 0 %, local: 0 %
I0912 00:10:19.979017 2954897 Coordinator.h:126] commit: 892914 abort: 378894 (0/378894/0), network size: 0, avg network size: 0, si_in_serializable: 0 0 %, local: 0 %
I0912 00:10:20.979094 2954897 Coordinator.h:126] commit: 857875 abort: 364781 (0/364781/0), network size: 0, avg network size: 0, si_in_serializable: 0 0 %, local: 0 %
I0912 00:10:21.979168 2954897 Coordinator.h:126] commit: 873479 abort: 371705 (0/371705/0), network size: 0, avg network size: 0, si_in_serializable: 0 0 %, local: 0 %
I0912 00:10:22.979264 2954897 Coordinator.h:126] commit: 892896 abort: 378912 (0/378912/0), network size: 0, avg network size: 0, si_in_serializable: 0 0 %, local: 0 %
I0912 00:10:23.979341 2954897 Coordinator.h:126] commit: 902096 abort: 384048 (0/384048/0), network size: 0, avg network size: 0, si_in_serializable: 0 0 %, local: 0 %
I0912 00:10:24.979410 2954897 Coordinator.h:126] commit: 904693 abort: 383499 (0/383499/0), network size: 0, avg network size: 0, si_in_serializable: 0 0 %, local: 0 %
I0912 00:10:25.979481 2954897 Coordinator.h:126] commit: 901601 abort: 382495 (0/382495/0), network size: 0, avg network size: 0, si_in_serializable: 0 0 %, local: 0 %
I0912 00:10:26.979552 2954897 Coordinator.h:126] commit: 903460 abort: 384732 (0/384732/0), network size: 0, avg network size: 0, si_in_serializable: 0 0 %, local: 0 %
I0912 00:10:27.979621 2954897 Coordinator.h:126] commit: 845840 abort: 358384 (0/358384/0), network size: 0, avg network size: 0, si_in_serializable: 0 0 %, local: 0 %
I0912 00:10:28.979693 2954897 Coordinator.h:126] commit: 906916 abort: 385372 (0/385372/0), network size: 0, avg network size: 0, si_in_serializable: 0 0 %, local: 0 %
I0912 00:10:29.979765 2954897 Coordinator.h:126] commit: 881753 abort: 373671 (0/373671/0), network size: 0, avg network size: 0, si_in_serializable: 0 0 %, local: 0 %
I0912 00:10:30.979836 2954897 Coordinator.h:126] commit: 906527 abort: 383713 (0/383713/0), network size: 0, avg network size: 0, si_in_serializable: 0 0 %, local: 0 %
I0912 00:10:31.979911 2954897 Coordinator.h:126] commit: 886873 abort: 376743 (0/376743/0), network size: 0, avg network size: 0, si_in_serializable: 0 0 %, local: 0 %
I0912 00:10:32.980005 2954897 Coordinator.h:126] commit: 907260 abort: 385028 (0/385028/0), network size: 0, avg network size: 0, si_in_serializable: 0 0 %, local: 0 %
I0912 00:10:33.980079 2954897 Coordinator.h:126] commit: 904680 abort: 383512 (0/383512/0), network size: 0, avg network size: 0, si_in_serializable: 0 0 %, local: 0 %
I0912 00:10:34.980149 2954897 Coordinator.h:126] commit: 902333 abort: 383811 (0/383811/0), network size: 0, avg network size: 0, si_in_serializable: 0 0 %, local: 0 %
I0912 00:10:35.980221 2954897 Coordinator.h:126] commit: 896940 abort: 381012 (0/381012/0), network size: 0, avg network size: 0, si_in_serializable: 0 0 %, local: 0 %
I0912 00:10:36.980295 2954897 Coordinator.h:126] commit: 850858 abort: 359510 (0/359510/0), network size: 0, avg network size: 0, si_in_serializable: 0 0 %, local: 0 %
I0912 00:10:37.980366 2954897 Coordinator.h:126] commit: 910009 abort: 386375 (0/386375/0), network size: 0, avg network size: 0, si_in_serializable: 0 0 %, local: 0 %
I0912 00:10:38.980438 2954897 Coordinator.h:126] commit: 901330 abort: 382766 (0/382766/0), network size: 0, avg network size: 0, si_in_serializable: 0 0 %, local: 0 %
I0912 00:10:39.980509 2954897 Coordinator.h:126] commit: 898366 abort: 381634 (0/381634/0), network size: 0, avg network size: 0, si_in_serializable: 0 0 %, local: 0 %
I0912 00:10:40.980582 2954897 Coordinator.h:126] commit: 898074 abort: 381926 (0/381926/0), network size: 0, avg network size: 0, si_in_serializable: 0 0 %, local: 0 %
I0912 00:10:41.980654 2954897 Coordinator.h:126] commit: 904569 abort: 383623 (0/383623/0), network size: 0, avg network size: 0, si_in_serializable: 0 0 %, local: 0 %
I0912 00:10:42.980727 2954897 Coordinator.h:126] commit: 890562 abort: 379198 (0/379198/0), network size: 0, avg network size: 0, si_in_serializable: 0 0 %, local: 0 %
I0912 00:10:42.980737 2954897 Coordinator.h:152] average commit: 895415 abort: 379875 (0/379875/0), network size: 0, avg network size: 0, si_in_serializable: 0 0 %, local: 0 %
I0912 00:10:42.980959 2954919 AriaExecutor.h:94] AriaExecutor 2 exits. 
I0912 00:10:42.980962 2954933 Manager.h:227] Manager(worker id = 16) on the coordinator node exits.
I0912 00:10:42.980960 2954931 AriaExecutor.h:94] AriaExecutor 14 exits. 
I0912 00:10:42.980964 2954921 AriaExecutor.h:94] AriaExecutor 4 exits. 
I0912 00:10:42.980962 2954927 AriaExecutor.h:94] AriaExecutor 10 exits. 
I0912 00:10:42.980970 2954920 AriaExecutor.h:94] AriaExecutor 3 exits. 
I0912 00:10:42.980968 2954924 AriaExecutor.h:94] AriaExecutor 7 exits. 
I0912 00:10:42.980962 2954929 AriaExecutor.h:94] AriaExecutor 12 exits. 
I0912 00:10:42.980960 2954925 AriaExecutor.h:94] AriaExecutor 8 exits. 
I0912 00:10:42.980971 2954926 AriaExecutor.h:94] AriaExecutor 9 exits. 
I0912 00:10:42.980971 2954922 AriaExecutor.h:94] AriaExecutor 5 exits. 
I0912 00:10:42.980973 2954918 AriaExecutor.h:94] AriaExecutor 1 exits. 
I0912 00:10:42.980962 2954923 AriaExecutor.h:94] AriaExecutor 6 exits. 
I0912 00:10:42.980966 2954928 AriaExecutor.h:94] AriaExecutor 11 exits. 
I0912 00:10:42.980966 2954930 AriaExecutor.h:94] AriaExecutor 13 exits. 
I0912 00:10:42.980960 2954917 AriaExecutor.h:94] AriaExecutor 0 exits. 
I0912 00:10:42.980971 2954932 AriaExecutor.h:94] AriaExecutor 15 exits. 
I0912 00:10:42.980746 2954897 AriaExecutor.h:641] Worker 0 latency: 993 us (50%) 1293 us (75%) 1498 us (95%) 1617 us (99%).
I0912 00:10:43.041262 2954897 AriaExecutor.h:641] Worker 1 latency: 990 us (50%) 1291 us (75%) 1497 us (95%) 1615 us (99%).
I0912 00:10:43.107601 2954897 AriaExecutor.h:641] Worker 2 latency: 996 us (50%) 1295 us (75%) 1499 us (95%) 1618 us (99%).
I0912 00:10:43.166707 2954897 AriaExecutor.h:641] Worker 3 latency: 990 us (50%) 1291 us (75%) 1497 us (95%) 1614 us (99%).
I0912 00:10:43.231721 2954897 AriaExecutor.h:641] Worker 4 latency: 993 us (50%) 1294 us (75%) 1499 us (95%) 1617 us (99%).
I0912 00:10:43.291817 2954897 AriaExecutor.h:641] Worker 5 latency: 989 us (50%) 1291 us (75%) 1496 us (95%) 1614 us (99%).
I0912 00:10:43.356339 2954897 AriaExecutor.h:641] Worker 6 latency: 994 us (50%) 1294 us (75%) 1498 us (95%) 1616 us (99%).
I0912 00:10:43.415500 2954897 AriaExecutor.h:641] Worker 7 latency: 990 us (50%) 1291 us (75%) 1496 us (95%) 1614 us (99%).
I0912 00:10:43.481834 2954897 AriaExecutor.h:641] Worker 8 latency: 991 us (50%) 1292 us (75%) 1498 us (95%) 1617 us (99%).
I0912 00:10:43.540488 2954897 AriaExecutor.h:641] Worker 9 latency: 990 us (50%) 1290 us (75%) 1496 us (95%) 1613 us (99%).
I0912 00:10:43.606726 2954897 AriaExecutor.h:641] Worker 10 latency: 994 us (50%) 1293 us (75%) 1498 us (95%) 1617 us (99%).
I0912 00:10:43.666294 2954897 AriaExecutor.h:641] Worker 11 latency: 990 us (50%) 1290 us (75%) 1496 us (95%) 1614 us (99%).
I0912 00:10:43.731243 2954897 AriaExecutor.h:641] Worker 12 latency: 994 us (50%) 1292 us (75%) 1498 us (95%) 1615 us (99%).
I0912 00:10:43.790956 2954897 AriaExecutor.h:641] Worker 13 latency: 988 us (50%) 1289 us (75%) 1496 us (95%) 1614 us (99%).
I0912 00:10:43.855304 2954897 AriaExecutor.h:641] Worker 14 latency: 994 us (50%) 1292 us (75%) 1498 us (95%) 1616 us (99%).
I0912 00:10:43.913446 2954897 AriaExecutor.h:641] Worker 15 latency: 988 us (50%) 1289 us (75%) 1496 us (95%) 1613 us (99%).
I0912 00:10:43.978552 2954897 Coordinator.h:177] total commit: 895415
I0912 00:10:44.978663 2954897 Coordinator.h:192] Coordinator exits.
