I1126 13:44:23.997583 943551 Database.h:65] ycsb initialization finished in 30 milliseconds.
I1126 13:44:23.997685 943551 Coordinator.h:30] Coordinator initializes 12 workers.
I1126 13:44:24.005455 943551 Coordinator.h:77] Coordinator starts to run 13 workers.
I1126 13:44:24.005509 943569 AriaExecutor.h:82] AriaExecutor 0 started. 
I1126 13:44:24.005537 943570 AriaExecutor.h:82] AriaExecutor 1 started. 
I1126 13:44:24.005580 943571 AriaExecutor.h:82] AriaExecutor 2 started. 
I1126 13:44:24.005618 943572 AriaExecutor.h:82] AriaExecutor 3 started. 
I1126 13:44:24.005694 943574 AriaExecutor.h:82] AriaExecutor 5 started. 
I1126 13:44:24.005748 943575 AriaExecutor.h:82] AriaExecutor 6 started. 
I1126 13:44:24.005790 943576 AriaExecutor.h:82] AriaExecutor 7 started. 
I1126 13:44:24.005825 943577 AriaExecutor.h:82] AriaExecutor 8 started. 
I1126 13:44:24.005872 943578 AriaExecutor.h:82] AriaExecutor 9 started. 
I1126 13:44:24.005908 943579 AriaExecutor.h:82] AriaExecutor 10 started. 
I1126 13:44:24.005959 943580 AriaExecutor.h:82] AriaExecutor 11 started. 
I1126 13:44:24.005992 943573 AriaExecutor.h:82] AriaExecutor 4 started. 
I1126 13:44:24.005995 943581 Manager.h:224] Manager(worker id = 12) on the coordinator node started.
I1126 13:44:25.006055 943551 Coordinator.h:126] commit: 708586 abort: 144414 (0/144414/0), network size: 0, avg network size: 0, si_in_serializable: 0 0 %, local: 0 %
I1126 13:44:26.006174 943551 Coordinator.h:126] commit: 702220 abort: 142780 (0/142780/0), network size: 0, avg network size: 0, si_in_serializable: 0 0 %, local: 0 %
I1126 13:44:27.006281 943551 Coordinator.h:126] commit: 710712 abort: 144288 (0/144288/0), network size: 0, avg network size: 0, si_in_serializable: 0 0 %, local: 0 %
I1126 13:44:28.006376 943551 Coordinator.h:126] commit: 720004 abort: 145996 (0/145996/0), network size: 0, avg network size: 0, si_in_serializable: 0 0 %, local: 0 %
I1126 13:44:29.006453 943551 Coordinator.h:126] commit: 707443 abort: 143557 (0/143557/0), network size: 0, avg network size: 0, si_in_serializable: 0 0 %, local: 0 %
I1126 13:44:30.006541 943551 Coordinator.h:126] commit: 712475 abort: 144525 (0/144525/0), network size: 0, avg network size: 0, si_in_serializable: 0 0 %, local: 0 %
I1126 13:44:31.006654 943551 Coordinator.h:126] commit: 711585 abort: 145415 (0/145415/0), network size: 0, avg network size: 0, si_in_serializable: 0 0 %, local: 0 %
I1126 13:44:32.006745 943551 Coordinator.h:126] commit: 720008 abort: 146992 (0/146992/0), network size: 0, avg network size: 0, si_in_serializable: 0 0 %, local: 0 %
I1126 13:44:33.006826 943551 Coordinator.h:126] commit: 689255 abort: 139745 (0/139745/0), network size: 0, avg network size: 0, si_in_serializable: 0 0 %, local: 0 %
I1126 13:44:34.006922 943551 Coordinator.h:126] commit: 719114 abort: 145886 (0/145886/0), network size: 0, avg network size: 0, si_in_serializable: 0 0 %, local: 0 %
I1126 13:44:35.007004 943551 Coordinator.h:126] commit: 718485 abort: 145515 (0/145515/0), network size: 0, avg network size: 0, si_in_serializable: 0 0 %, local: 0 %
I1126 13:44:36.007094 943551 Coordinator.h:126] commit: 720097 abort: 145903 (0/145903/0), network size: 0, avg network size: 0, si_in_serializable: 0 0 %, local: 0 %
I1126 13:44:37.007179 943551 Coordinator.h:126] commit: 717728 abort: 146272 (0/146272/0), network size: 0, avg network size: 0, si_in_serializable: 0 0 %, local: 0 %
I1126 13:44:38.007261 943551 Coordinator.h:126] commit: 719589 abort: 146411 (0/146411/0), network size: 0, avg network size: 0, si_in_serializable: 0 0 %, local: 0 %
I1126 13:44:39.007352 943551 Coordinator.h:126] commit: 709813 abort: 144187 (0/144187/0), network size: 0, avg network size: 0, si_in_serializable: 0 0 %, local: 0 %
I1126 13:44:40.007479 943551 Coordinator.h:126] commit: 718778 abort: 146222 (0/146222/0), network size: 0, avg network size: 0, si_in_serializable: 0 0 %, local: 0 %
I1126 13:44:41.007578 943551 Coordinator.h:126] commit: 719388 abort: 145612 (0/145612/0), network size: 0, avg network size: 0, si_in_serializable: 0 0 %, local: 0 %
I1126 13:44:42.007664 943551 Coordinator.h:126] commit: 659609 abort: 133391 (0/133391/0), network size: 0, avg network size: 0, si_in_serializable: 0 0 %, local: 0 %
I1126 13:44:43.007741 943551 Coordinator.h:126] commit: 719097 abort: 145903 (0/145903/0), network size: 0, avg network size: 0, si_in_serializable: 0 0 %, local: 0 %
I1126 13:44:44.007823 943551 Coordinator.h:126] commit: 718285 abort: 146715 (0/146715/0), network size: 0, avg network size: 0, si_in_serializable: 0 0 %, local: 0 %
I1126 13:44:45.007898 943551 Coordinator.h:126] commit: 718130 abort: 145870 (0/145870/0), network size: 0, avg network size: 0, si_in_serializable: 0 0 %, local: 0 %
I1126 13:44:46.007989 943551 Coordinator.h:126] commit: 718488 abort: 146512 (0/146512/0), network size: 0, avg network size: 0, si_in_serializable: 0 0 %, local: 0 %
I1126 13:44:47.008080 943551 Coordinator.h:126] commit: 717974 abort: 146026 (0/146026/0), network size: 0, avg network size: 0, si_in_serializable: 0 0 %, local: 0 %
I1126 13:44:48.008165 943551 Coordinator.h:126] commit: 719207 abort: 146793 (0/146793/0), network size: 0, avg network size: 0, si_in_serializable: 0 0 %, local: 0 %
I1126 13:44:49.008265 943551 Coordinator.h:126] commit: 718826 abort: 146174 (0/146174/0), network size: 0, avg network size: 0, si_in_serializable: 0 0 %, local: 0 %
I1126 13:44:49.008282 943551 Coordinator.h:152] average commit: 712087 abort: 144613 (0/144613/0), network size: 0, avg network size: 0, si_in_serializable: 0 0 %, local: 0 %
I1126 13:44:49.008833 943571 AriaExecutor.h:94] AriaExecutor 2 exits. 
I1126 13:44:49.008833 943575 AriaExecutor.h:94] AriaExecutor 6 exits. 
I1126 13:44:49.008846 943570 AriaExecutor.h:94] AriaExecutor 1 exits. 
I1126 13:44:49.008837 943579 AriaExecutor.h:94] AriaExecutor 10 exits. 
I1126 13:44:49.008836 943569 AriaExecutor.h:94] AriaExecutor 0 exits. 
I1126 13:44:49.008846 943576 AriaExecutor.h:94] AriaExecutor 7 exits. 
I1126 13:44:49.008839 943581 Manager.h:227] Manager(worker id = 12) on the coordinator node exits.
I1126 13:44:49.008847 943578 AriaExecutor.h:94] AriaExecutor 9 exits. 
I1126 13:44:49.008838 943577 AriaExecutor.h:94] AriaExecutor 8 exits. 
I1126 13:44:49.008847 943580 AriaExecutor.h:94] AriaExecutor 11 exits. 
I1126 13:44:49.008846 943574 AriaExecutor.h:94] AriaExecutor 5 exits. 
I1126 13:44:49.008846 943572 AriaExecutor.h:94] AriaExecutor 3 exits. 
I1126 13:44:49.008839 943573 AriaExecutor.h:94] AriaExecutor 4 exits. 
I1126 13:44:49.008291 943551 AriaExecutor.h:535] Worker 0 latency: 770 us (50%) 943 us (75%) 1071 us (95%) 1098 us (99%).
I1126 13:44:49.069480 943551 AriaExecutor.h:535] Worker 1 latency: 768 us (50%) 941 us (75%) 1070 us (95%) 1097 us (99%).
I1126 13:44:49.132686 943551 AriaExecutor.h:535] Worker 2 latency: 770 us (50%) 943 us (75%) 1070 us (95%) 1098 us (99%).
I1126 13:44:49.195324 943551 AriaExecutor.h:535] Worker 3 latency: 770 us (50%) 942 us (75%) 1070 us (95%) 1097 us (99%).
I1126 13:44:49.256204 943551 AriaExecutor.h:535] Worker 4 latency: 773 us (50%) 944 us (75%) 1070 us (95%) 1098 us (99%).
I1126 13:44:49.318101 943551 AriaExecutor.h:535] Worker 5 latency: 770 us (50%) 942 us (75%) 1070 us (95%) 1097 us (99%).
I1126 13:44:49.378202 943551 AriaExecutor.h:535] Worker 6 latency: 773 us (50%) 944 us (75%) 1070 us (95%) 1098 us (99%).
I1126 13:44:49.438433 943551 AriaExecutor.h:535] Worker 7 latency: 771 us (50%) 942 us (75%) 1069 us (95%) 1097 us (99%).
I1126 13:44:49.499366 943551 AriaExecutor.h:535] Worker 8 latency: 774 us (50%) 945 us (75%) 1071 us (95%) 1098 us (99%).
I1126 13:44:49.561467 943551 AriaExecutor.h:535] Worker 9 latency: 772 us (50%) 943 us (75%) 1070 us (95%) 1097 us (99%).
I1126 13:44:49.622084 943551 AriaExecutor.h:535] Worker 10 latency: 774 us (50%) 945 us (75%) 1071 us (95%) 1098 us (99%).
I1126 13:44:49.681696 943551 AriaExecutor.h:535] Worker 11 latency: 772 us (50%) 943 us (75%) 1070 us (95%) 1097 us (99%).
I1126 13:44:49.743543 943551 Coordinator.h:177] total commit: 712087
I1126 13:44:50.743649 943551 Coordinator.h:192] Coordinator exits.
