I0911 22:39:13.954785 2937351 Database.h:65] ycsb initialization finished in 177 milliseconds.
I0911 22:39:13.954902 2937351 Coordinator.h:30] Coordinator initializes 16 workers.
I0911 22:39:13.970461 2937351 Coordinator.h:77] Coordinator starts to run 17 workers.
I0911 22:39:13.970520 2937371 AriaExecutor.h:82] AriaExecutor 0 started. 
I0911 22:39:13.970548 2937372 AriaExecutor.h:82] AriaExecutor 1 started. 
I0911 22:39:13.970607 2937373 AriaExecutor.h:82] AriaExecutor 2 started. 
I0911 22:39:13.970644 2937374 AriaExecutor.h:82] AriaExecutor 3 started. 
I0911 22:39:13.970676 2937375 AriaExecutor.h:82] AriaExecutor 4 started. 
I0911 22:39:13.970738 2937376 AriaExecutor.h:82] AriaExecutor 5 started. 
I0911 22:39:13.970785 2937377 AriaExecutor.h:82] AriaExecutor 6 started. 
I0911 22:39:13.970832 2937378 AriaExecutor.h:82] AriaExecutor 7 started. 
I0911 22:39:13.970888 2937379 AriaExecutor.h:82] AriaExecutor 8 started. 
I0911 22:39:13.970942 2937380 AriaExecutor.h:82] AriaExecutor 9 started. 
I0911 22:39:13.970984 2937381 AriaExecutor.h:82] AriaExecutor 10 started. 
I0911 22:39:13.971035 2937382 AriaExecutor.h:82] AriaExecutor 11 started. 
I0911 22:39:13.971081 2937383 AriaExecutor.h:82] AriaExecutor 12 started. 
I0911 22:39:13.971130 2937384 AriaExecutor.h:82] AriaExecutor 13 started. 
I0911 22:39:13.971180 2937385 AriaExecutor.h:82] AriaExecutor 14 started. 
I0911 22:39:13.971237 2937386 AriaExecutor.h:82] AriaExecutor 15 started. 
I0911 22:39:13.971283 2937387 Manager.h:224] Manager(worker id = 16) on the coordinator node started.
I0911 22:39:14.971334 2937351 Coordinator.h:126] commit: 1052255 abort: 74145 (0/74145/0), network size: 0, avg network size: 0, si_in_serializable: 0 0 %, local: 0 %
I0911 22:39:15.971449 2937351 Coordinator.h:126] commit: 1045339 abort: 72869 (0/72869/0), network size: 0, avg network size: 0, si_in_serializable: 0 0 %, local: 0 %
I0911 22:39:16.971549 2937351 Coordinator.h:126] commit: 1010245 abort: 71113 (0/71113/0), network size: 0, avg network size: 0, si_in_serializable: 0 0 %, local: 0 %
I0911 22:39:17.971645 2937351 Coordinator.h:126] commit: 1025562 abort: 72152 (0/72152/0), network size: 0, avg network size: 0, si_in_serializable: 0 0 %, local: 0 %
I0911 22:39:18.971766 2937351 Coordinator.h:126] commit: 1042547 abort: 73613 (0/73613/0), network size: 0, avg network size: 0, si_in_serializable: 0 0 %, local: 0 %
I0911 22:39:19.971868 2937351 Coordinator.h:126] commit: 1060312 abort: 74280 (0/74280/0), network size: 0, avg network size: 0, si_in_serializable: 0 0 %, local: 0 %
I0911 22:39:20.971964 2937351 Coordinator.h:126] commit: 1062243 abort: 74397 (0/74397/0), network size: 0, avg network size: 0, si_in_serializable: 0 0 %, local: 0 %
I0911 22:39:21.972056 2937351 Coordinator.h:126] commit: 1060347 abort: 74245 (0/74245/0), network size: 0, avg network size: 0, si_in_serializable: 0 0 %, local: 0 %
I0911 22:39:22.972149 2937351 Coordinator.h:126] commit: 1025723 abort: 72005 (0/72005/0), network size: 0, avg network size: 0, si_in_serializable: 0 0 %, local: 0 %
I0911 22:39:23.972244 2937351 Coordinator.h:126] commit: 1044945 abort: 73263 (0/73263/0), network size: 0, avg network size: 0, si_in_serializable: 0 0 %, local: 0 %
I0911 22:39:24.972342 2937351 Coordinator.h:126] commit: 1059926 abort: 74666 (0/74666/0), network size: 0, avg network size: 0, si_in_serializable: 0 0 %, local: 0 %
I0911 22:39:25.972438 2937351 Coordinator.h:126] commit: 1031360 abort: 72512 (0/72512/0), network size: 0, avg network size: 0, si_in_serializable: 0 0 %, local: 0 %
I0911 22:39:26.972534 2937351 Coordinator.h:126] commit: 1062164 abort: 74476 (0/74476/0), network size: 0, avg network size: 0, si_in_serializable: 0 0 %, local: 0 %
I0911 22:39:27.972630 2937351 Coordinator.h:126] commit: 1046766 abort: 73490 (0/73490/0), network size: 0, avg network size: 0, si_in_serializable: 0 0 %, local: 0 %
I0911 22:39:28.972751 2937351 Coordinator.h:126] commit: 1062030 abort: 74610 (0/74610/0), network size: 0, avg network size: 0, si_in_serializable: 0 0 %, local: 0 %
I0911 22:39:29.972856 2937351 Coordinator.h:126] commit: 1060001 abort: 74591 (0/74591/0), network size: 0, avg network size: 0, si_in_serializable: 0 0 %, local: 0 %
I0911 22:39:30.972951 2937351 Coordinator.h:126] commit: 1000469 abort: 70635 (0/70635/0), network size: 0, avg network size: 0, si_in_serializable: 0 0 %, local: 0 %
I0911 22:39:31.973044 2937351 Coordinator.h:126] commit: 1062417 abort: 74223 (0/74223/0), network size: 0, avg network size: 0, si_in_serializable: 0 0 %, local: 0 %
I0911 22:39:32.973130 2937351 Coordinator.h:126] commit: 1059938 abort: 74654 (0/74654/0), network size: 0, avg network size: 0, si_in_serializable: 0 0 %, local: 0 %
I0911 22:39:33.973224 2937351 Coordinator.h:126] commit: 1061772 abort: 74868 (0/74868/0), network size: 0, avg network size: 0, si_in_serializable: 0 0 %, local: 0 %
I0911 22:39:34.973316 2937351 Coordinator.h:126] commit: 1059487 abort: 74276 (0/74276/0), network size: 0, avg network size: 0, si_in_serializable: 0 0 %, local: 0 %
I0911 22:39:35.973403 2937351 Coordinator.h:126] commit: 1060892 abort: 74529 (0/74529/0), network size: 0, avg network size: 0, si_in_serializable: 0 0 %, local: 0 %
I0911 22:39:36.973489 2937351 Coordinator.h:126] commit: 1062021 abort: 74619 (0/74619/0), network size: 0, avg network size: 0, si_in_serializable: 0 0 %, local: 0 %
I0911 22:39:37.973574 2937351 Coordinator.h:126] commit: 1060028 abort: 74564 (0/74564/0), network size: 0, avg network size: 0, si_in_serializable: 0 0 %, local: 0 %
I0911 22:39:38.973660 2937351 Coordinator.h:126] commit: 1060046 abort: 74546 (0/74546/0), network size: 0, avg network size: 0, si_in_serializable: 0 0 %, local: 0 %
I0911 22:39:38.973685 2937351 Coordinator.h:152] average commit: 1.05068e+06 abort: 73872.5 (0/73872.5/0), network size: 0, avg network size: 0, si_in_serializable: 0 0 %, local: 0 %
I0911 22:39:38.974241 2937383 AriaExecutor.h:94] AriaExecutor 12 exits. 
I0911 22:39:38.974247 2937371 AriaExecutor.h:94] AriaExecutor 0 exits. 
I0911 22:39:38.974244 2937379 AriaExecutor.h:94] AriaExecutor 8 exits. 
I0911 22:39:38.974241 2937373 AriaExecutor.h:94] AriaExecutor 2 exits. 
I0911 22:39:38.974259 2937372 AriaExecutor.h:94] AriaExecutor 1 exits. 
I0911 22:39:38.974242 2937387 Manager.h:227] Manager(worker id = 16) on the coordinator node exits.
I0911 22:39:38.974243 2937381 AriaExecutor.h:94] AriaExecutor 10 exits. 
I0911 22:39:38.974246 2937375 AriaExecutor.h:94] AriaExecutor 4 exits. 
I0911 22:39:38.974261 2937376 AriaExecutor.h:94] AriaExecutor 5 exits. 
I0911 22:39:38.974247 2937385 AriaExecutor.h:94] AriaExecutor 14 exits. 
I0911 22:39:38.974243 2937377 AriaExecutor.h:94] AriaExecutor 6 exits. 
I0911 22:39:38.974263 2937384 AriaExecutor.h:94] AriaExecutor 13 exits. 
I0911 22:39:38.974263 2937374 AriaExecutor.h:94] AriaExecutor 3 exits. 
I0911 22:39:38.974263 2937378 AriaExecutor.h:94] AriaExecutor 7 exits. 
I0911 22:39:38.974261 2937382 AriaExecutor.h:94] AriaExecutor 11 exits. 
I0911 22:39:38.974263 2937386 AriaExecutor.h:94] AriaExecutor 15 exits. 
I0911 22:39:38.974262 2937380 AriaExecutor.h:94] AriaExecutor 9 exits. 
I0911 22:39:38.973697 2937351 AriaExecutor.h:535] Worker 0 latency: 1148 us (50%) 1439 us (75%) 1665 us (95%) 1714 us (99%).
I0911 22:39:39.040397 2937351 AriaExecutor.h:535] Worker 1 latency: 1147 us (50%) 1437 us (75%) 1664 us (95%) 1713 us (99%).
I0911 22:39:39.112990 2937351 AriaExecutor.h:535] Worker 2 latency: 1153 us (50%) 1441 us (75%) 1666 us (95%) 1714 us (99%).
I0911 22:39:39.179646 2937351 AriaExecutor.h:535] Worker 3 latency: 1147 us (50%) 1437 us (75%) 1664 us (95%) 1713 us (99%).
I0911 22:39:39.252993 2937351 AriaExecutor.h:535] Worker 4 latency: 1148 us (50%) 1439 us (75%) 1666 us (95%) 1714 us (99%).
I0911 22:39:39.320574 2937351 AriaExecutor.h:535] Worker 5 latency: 1146 us (50%) 1437 us (75%) 1665 us (95%) 1713 us (99%).
I0911 22:39:39.396008 2937351 AriaExecutor.h:535] Worker 6 latency: 1153 us (50%) 1441 us (75%) 1666 us (95%) 1713 us (99%).
I0911 22:39:39.463341 2937351 AriaExecutor.h:535] Worker 7 latency: 1146 us (50%) 1437 us (75%) 1664 us (95%) 1713 us (99%).
I0911 22:39:39.536628 2937351 AriaExecutor.h:535] Worker 8 latency: 1147 us (50%) 1438 us (75%) 1665 us (95%) 1713 us (99%).
I0911 22:39:39.603245 2937351 AriaExecutor.h:535] Worker 9 latency: 1145 us (50%) 1436 us (75%) 1664 us (95%) 1713 us (99%).
I0911 22:39:39.678727 2937351 AriaExecutor.h:535] Worker 10 latency: 1152 us (50%) 1440 us (75%) 1666 us (95%) 1713 us (99%).
I0911 22:39:39.744135 2937351 AriaExecutor.h:535] Worker 11 latency: 1147 us (50%) 1437 us (75%) 1664 us (95%) 1713 us (99%).
I0911 22:39:39.817677 2937351 AriaExecutor.h:535] Worker 12 latency: 1153 us (50%) 1440 us (75%) 1666 us (95%) 1713 us (99%).
I0911 22:39:39.882879 2937351 AriaExecutor.h:535] Worker 13 latency: 1144 us (50%) 1436 us (75%) 1664 us (95%) 1713 us (99%).
I0911 22:39:39.956344 2937351 AriaExecutor.h:535] Worker 14 latency: 1154 us (50%) 1441 us (75%) 1666 us (95%) 1713 us (99%).
I0911 22:39:40.021921 2937351 AriaExecutor.h:535] Worker 15 latency: 1147 us (50%) 1436 us (75%) 1664 us (95%) 1713 us (99%).
I0911 22:39:40.094834 2937351 Coordinator.h:177] total commit: 1.05068e+06
I0911 22:39:41.094955 2937351 Coordinator.h:192] Coordinator exits.
