I0912 00:02:35.078572 2953408 Database.h:65] ycsb initialization finished in 177 milliseconds.
I0912 00:02:35.078696 2953408 Coordinator.h:30] Coordinator initializes 16 workers.
I0912 00:02:35.086966 2953408 Coordinator.h:77] Coordinator starts to run 17 workers.
I0912 00:02:35.087016 2953428 AriaExecutor.h:82] AriaExecutor 0 started. 
I0912 00:02:35.087051 2953429 AriaExecutor.h:82] AriaExecutor 1 started. 
I0912 00:02:35.087087 2953430 AriaExecutor.h:82] AriaExecutor 2 started. 
I0912 00:02:35.087145 2953431 AriaExecutor.h:82] AriaExecutor 3 started. 
I0912 00:02:35.087172 2953432 AriaExecutor.h:82] AriaExecutor 4 started. 
I0912 00:02:35.087215 2953433 AriaExecutor.h:82] AriaExecutor 5 started. 
I0912 00:02:35.087255 2953434 AriaExecutor.h:82] AriaExecutor 6 started. 
I0912 00:02:35.087293 2953435 AriaExecutor.h:82] AriaExecutor 7 started. 
I0912 00:02:35.087332 2953436 AriaExecutor.h:82] AriaExecutor 8 started. 
I0912 00:02:35.087378 2953437 AriaExecutor.h:82] AriaExecutor 9 started. 
I0912 00:02:35.087416 2953438 AriaExecutor.h:82] AriaExecutor 10 started. 
I0912 00:02:35.087461 2953439 AriaExecutor.h:82] AriaExecutor 11 started. 
I0912 00:02:35.087497 2953440 AriaExecutor.h:82] AriaExecutor 12 started. 
I0912 00:02:35.087540 2953441 AriaExecutor.h:82] AriaExecutor 13 started. 
I0912 00:02:35.087575 2953442 AriaExecutor.h:82] AriaExecutor 14 started. 
I0912 00:02:35.087625 2953443 AriaExecutor.h:82] AriaExecutor 15 started. 
I0912 00:02:35.087666 2953444 Manager.h:224] Manager(worker id = 16) on the coordinator node started.
I0912 00:02:36.087718 2953408 Coordinator.h:126] commit: 1173849 abort: 115367 (0/115367/0), network size: 0, avg network size: 0, si_in_serializable: 0 0 %, local: 0 %
I0912 00:02:37.087824 2953408 Coordinator.h:126] commit: 1159489 abort: 113343 (0/113343/0), network size: 0, avg network size: 0, si_in_serializable: 0 0 %, local: 0 %
I0912 00:02:38.087899 2953408 Coordinator.h:126] commit: 1130637 abort: 110451 (0/110451/0), network size: 0, avg network size: 0, si_in_serializable: 0 0 %, local: 0 %
I0912 00:02:39.087973 2953408 Coordinator.h:126] commit: 1128934 abort: 110106 (0/110106/0), network size: 0, avg network size: 0, si_in_serializable: 0 0 %, local: 0 %
I0912 00:02:40.088071 2953408 Coordinator.h:126] commit: 1170766 abort: 114354 (0/114354/0), network size: 0, avg network size: 0, si_in_serializable: 0 0 %, local: 0 %
I0912 00:02:41.088151 2953408 Coordinator.h:126] commit: 1179574 abort: 114762 (0/114762/0), network size: 0, avg network size: 0, si_in_serializable: 0 0 %, local: 0 %
I0912 00:02:42.088224 2953408 Coordinator.h:126] commit: 1182444 abort: 114964 (0/114964/0), network size: 0, avg network size: 0, si_in_serializable: 0 0 %, local: 0 %
I0912 00:02:43.088297 2953408 Coordinator.h:126] commit: 1135581 abort: 111651 (0/111651/0), network size: 0, avg network size: 0, si_in_serializable: 0 0 %, local: 0 %
I0912 00:02:44.088369 2953408 Coordinator.h:126] commit: 1171567 abort: 114577 (0/114577/0), network size: 0, avg network size: 0, si_in_serializable: 0 0 %, local: 0 %
I0912 00:02:45.088441 2953408 Coordinator.h:126] commit: 1181167 abort: 115217 (0/115217/0), network size: 0, avg network size: 0, si_in_serializable: 0 0 %, local: 0 %
I0912 00:02:46.088511 2953408 Coordinator.h:126] commit: 1145901 abort: 111571 (0/111571/0), network size: 0, avg network size: 0, si_in_serializable: 0 0 %, local: 0 %
I0912 00:02:47.088583 2953408 Coordinator.h:126] commit: 1181992 abort: 115416 (0/115416/0), network size: 0, avg network size: 0, si_in_serializable: 0 0 %, local: 0 %
I0912 00:02:48.088656 2953408 Coordinator.h:126] commit: 1158114 abort: 112670 (0/112670/0), network size: 0, avg network size: 0, si_in_serializable: 0 0 %, local: 0 %
I0912 00:02:49.088728 2953408 Coordinator.h:126] commit: 1180008 abort: 115352 (0/115352/0), network size: 0, avg network size: 0, si_in_serializable: 0 0 %, local: 0 %
I0912 00:02:50.088819 2953408 Coordinator.h:126] commit: 1067131 abort: 104325 (0/104325/0), network size: 0, avg network size: 0, si_in_serializable: 0 0 %, local: 0 %
I0912 00:02:51.088894 2953408 Coordinator.h:126] commit: 1180125 abort: 115235 (0/115235/0), network size: 0, avg network size: 0, si_in_serializable: 0 0 %, local: 0 %
I0912 00:02:52.088965 2953408 Coordinator.h:126] commit: 1182384 abort: 115024 (0/115024/0), network size: 0, avg network size: 0, si_in_serializable: 0 0 %, local: 0 %
I0912 00:02:53.089036 2953408 Coordinator.h:126] commit: 1182208 abort: 115200 (0/115200/0), network size: 0, avg network size: 0, si_in_serializable: 0 0 %, local: 0 %
I0912 00:02:54.089109 2953408 Coordinator.h:126] commit: 1172115 abort: 115053 (0/115053/0), network size: 0, avg network size: 0, si_in_serializable: 0 0 %, local: 0 %
I0912 00:02:55.089181 2953408 Coordinator.h:126] commit: 1178705 abort: 114607 (0/114607/0), network size: 0, avg network size: 0, si_in_serializable: 0 0 %, local: 0 %
I0912 00:02:56.089253 2953408 Coordinator.h:126] commit: 1171352 abort: 114792 (0/114792/0), network size: 0, avg network size: 0, si_in_serializable: 0 0 %, local: 0 %
I0912 00:02:57.089331 2953408 Coordinator.h:126] commit: 1155634 abort: 113102 (0/113102/0), network size: 0, avg network size: 0, si_in_serializable: 0 0 %, local: 0 %
I0912 00:02:58.089404 2953408 Coordinator.h:126] commit: 1157822 abort: 112962 (0/112962/0), network size: 0, avg network size: 0, si_in_serializable: 0 0 %, local: 0 %
I0912 00:02:59.089494 2953408 Coordinator.h:126] commit: 1178074 abort: 114214 (0/114214/0), network size: 0, avg network size: 0, si_in_serializable: 0 0 %, local: 0 %
I0912 00:03:00.089571 2953408 Coordinator.h:126] commit: 1178005 abort: 115307 (0/115307/0), network size: 0, avg network size: 0, si_in_serializable: 0 0 %, local: 0 %
I0912 00:03:00.089583 2953408 Coordinator.h:152] average commit: 1.16287e+06 abort: 113445 (0/113445/0), network size: 0, avg network size: 0, si_in_serializable: 0 0 %, local: 0 %
I0912 00:03:00.090020 2953432 AriaExecutor.h:94] AriaExecutor 4 exits. 
I0912 00:03:00.090029 2953430 AriaExecutor.h:94] AriaExecutor 2 exits. 
I0912 00:03:00.090030 2953436 AriaExecutor.h:94] AriaExecutor 8 exits. 
I0912 00:03:00.090026 2953442 AriaExecutor.h:94] AriaExecutor 14 exits. 
I0912 00:03:00.090029 2953434 AriaExecutor.h:94] AriaExecutor 6 exits. 
I0912 00:03:00.090021 2953428 AriaExecutor.h:94] AriaExecutor 0 exits. 
I0912 00:03:00.090029 2953444 Manager.h:227] Manager(worker id = 16) on the coordinator node exits.
I0912 00:03:00.090029 2953440 AriaExecutor.h:94] AriaExecutor 12 exits. 
I0912 00:03:00.090037 2953438 AriaExecutor.h:94] AriaExecutor 10 exits. 
I0912 00:03:00.090036 2953435 AriaExecutor.h:94] AriaExecutor 7 exits. 
I0912 00:03:00.090035 2953437 AriaExecutor.h:94] AriaExecutor 9 exits. 
I0912 00:03:00.090039 2953443 AriaExecutor.h:94] AriaExecutor 15 exits. 
I0912 00:03:00.090040 2953431 AriaExecutor.h:94] AriaExecutor 3 exits. 
I0912 00:03:00.090041 2953441 AriaExecutor.h:94] AriaExecutor 13 exits. 
I0912 00:03:00.090041 2953429 AriaExecutor.h:94] AriaExecutor 1 exits. 
I0912 00:03:00.090036 2953439 AriaExecutor.h:94] AriaExecutor 11 exits. 
I0912 00:03:00.090035 2953433 AriaExecutor.h:94] AriaExecutor 5 exits. 
I0912 00:03:00.089592 2953408 AriaExecutor.h:641] Worker 0 latency: 472 us (50%) 620 us (75%) 734 us (95%) 763 us (99%).
I0912 00:03:00.161298 2953408 AriaExecutor.h:641] Worker 1 latency: 471 us (50%) 618 us (75%) 732 us (95%) 761 us (99%).
I0912 00:03:00.241367 2953408 AriaExecutor.h:641] Worker 2 latency: 475 us (50%) 621 us (75%) 734 us (95%) 763 us (99%).
I0912 00:03:00.314793 2953408 AriaExecutor.h:641] Worker 3 latency: 471 us (50%) 618 us (75%) 732 us (95%) 761 us (99%).
I0912 00:03:00.395478 2953408 AriaExecutor.h:641] Worker 4 latency: 473 us (50%) 620 us (75%) 734 us (95%) 763 us (99%).
I0912 00:03:00.468327 2953408 AriaExecutor.h:641] Worker 5 latency: 470 us (50%) 618 us (75%) 732 us (95%) 761 us (99%).
I0912 00:03:00.549049 2953408 AriaExecutor.h:641] Worker 6 latency: 474 us (50%) 621 us (75%) 734 us (95%) 764 us (99%).
I0912 00:03:00.622818 2953408 AriaExecutor.h:641] Worker 7 latency: 471 us (50%) 618 us (75%) 732 us (95%) 761 us (99%).
I0912 00:03:00.702564 2953408 AriaExecutor.h:641] Worker 8 latency: 472 us (50%) 620 us (75%) 734 us (95%) 764 us (99%).
I0912 00:03:00.774956 2953408 AriaExecutor.h:641] Worker 9 latency: 469 us (50%) 617 us (75%) 732 us (95%) 761 us (99%).
I0912 00:03:00.855573 2953408 AriaExecutor.h:641] Worker 10 latency: 474 us (50%) 620 us (75%) 734 us (95%) 763 us (99%).
I0912 00:03:00.928154 2953408 AriaExecutor.h:641] Worker 11 latency: 470 us (50%) 617 us (75%) 732 us (95%) 761 us (99%).
I0912 00:03:01.009723 2953408 AriaExecutor.h:641] Worker 12 latency: 474 us (50%) 620 us (75%) 734 us (95%) 763 us (99%).
I0912 00:03:01.082077 2953408 AriaExecutor.h:641] Worker 13 latency: 469 us (50%) 617 us (75%) 732 us (95%) 761 us (99%).
I0912 00:03:01.161931 2953408 AriaExecutor.h:641] Worker 14 latency: 475 us (50%) 621 us (75%) 734 us (95%) 763 us (99%).
I0912 00:03:01.235824 2953408 AriaExecutor.h:641] Worker 15 latency: 471 us (50%) 618 us (75%) 732 us (95%) 761 us (99%).
I0912 00:03:01.315876 2953408 Coordinator.h:177] total commit: 1.16287e+06
I0912 00:03:02.315996 2953408 Coordinator.h:192] Coordinator exits.
