I1126 18:21:51.117018 1076559 Database.h:65] ycsb initialization finished in 30 milliseconds.
I1126 18:21:51.117106 1076559 Coordinator.h:30] Coordinator initializes 12 workers.
I1126 18:21:51.124027 1076559 Coordinator.h:77] Coordinator starts to run 13 workers.
I1126 18:21:51.124078 1076575 AriaExecutor.h:91] AriaExecutor 0 started. 
I1126 18:21:51.124109 1076576 AriaExecutor.h:91] AriaExecutor 1 started. 
I1126 18:21:51.124152 1076577 AriaExecutor.h:91] AriaExecutor 2 started. 
I1126 18:21:51.124189 1076578 AriaExecutor.h:91] AriaExecutor 3 started. 
I1126 18:21:51.124272 1076580 AriaExecutor.h:91] AriaExecutor 5 started. 
I1126 18:21:51.124311 1076581 AriaExecutor.h:91] AriaExecutor 6 started. 
I1126 18:21:51.124353 1076582 AriaExecutor.h:91] AriaExecutor 7 started. 
I1126 18:21:51.124392 1076583 AriaExecutor.h:91] AriaExecutor 8 started. 
I1126 18:21:51.124439 1076584 AriaExecutor.h:91] AriaExecutor 9 started. 
I1126 18:21:51.124476 1076585 AriaExecutor.h:91] AriaExecutor 10 started. 
I1126 18:21:51.124521 1076586 AriaExecutor.h:91] AriaExecutor 11 started. 
I1126 18:21:51.124559 1076579 AriaExecutor.h:91] AriaExecutor 4 started. 
I1126 18:21:51.124563 1076587 Manager.h:224] Manager(worker id = 12) on the coordinator node started.
I1126 18:21:52.124627 1076559 Coordinator.h:126] commit: 221542 abort: 1288458 (0/1288458/0), network size: 0, avg network size: 0, si_in_serializable: 0 0 %, local: 0 %
I1126 18:21:53.124747 1076559 Coordinator.h:126] commit: 218869 abort: 1271131 (0/1271131/0), network size: 0, avg network size: 0, si_in_serializable: 0 0 %, local: 0 %
I1126 18:21:54.124869 1076559 Coordinator.h:126] commit: 221401 abort: 1288599 (0/1288599/0), network size: 0, avg network size: 0, si_in_serializable: 0 0 %, local: 0 %
I1126 18:21:55.124959 1076559 Coordinator.h:126] commit: 223031 abort: 1296969 (0/1296969/0), network size: 0, avg network size: 0, si_in_serializable: 0 0 %, local: 0 %
I1126 18:21:56.125046 1076559 Coordinator.h:126] commit: 223452 abort: 1296548 (0/1296548/0), network size: 0, avg network size: 0, si_in_serializable: 0 0 %, local: 0 %
I1126 18:21:57.125124 1076559 Coordinator.h:126] commit: 220394 abort: 1279606 (0/1279606/0), network size: 0, avg network size: 0, si_in_serializable: 0 0 %, local: 0 %
I1126 18:21:58.125231 1076559 Coordinator.h:126] commit: 222486 abort: 1287514 (0/1287514/0), network size: 0, avg network size: 0, si_in_serializable: 0 0 %, local: 0 %
I1126 18:21:59.125317 1076559 Coordinator.h:126] commit: 220299 abort: 1279701 (0/1279701/0), network size: 0, avg network size: 0, si_in_serializable: 0 0 %, local: 0 %
I1126 18:22:00.125397 1076559 Coordinator.h:126] commit: 225027 abort: 1304973 (0/1304973/0), network size: 0, avg network size: 0, si_in_serializable: 0 0 %, local: 0 %
I1126 18:22:01.125491 1076559 Coordinator.h:126] commit: 222262 abort: 1287738 (0/1287738/0), network size: 0, avg network size: 0, si_in_serializable: 0 0 %, local: 0 %
I1126 18:22:02.125573 1076559 Coordinator.h:126] commit: 222543 abort: 1297457 (0/1297457/0), network size: 0, avg network size: 0, si_in_serializable: 0 0 %, local: 0 %
I1126 18:22:03.125656 1076559 Coordinator.h:126] commit: 220099 abort: 1279901 (0/1279901/0), network size: 0, avg network size: 0, si_in_serializable: 0 0 %, local: 0 %
I1126 18:22:04.125736 1076559 Coordinator.h:126] commit: 222815 abort: 1297185 (0/1297185/0), network size: 0, avg network size: 0, si_in_serializable: 0 0 %, local: 0 %
I1126 18:22:05.125819 1076559 Coordinator.h:126] commit: 223732 abort: 1296268 (0/1296268/0), network size: 0, avg network size: 0, si_in_serializable: 0 0 %, local: 0 %
I1126 18:22:06.125921 1076559 Coordinator.h:126] commit: 217646 abort: 1262354 (0/1262354/0), network size: 0, avg network size: 0, si_in_serializable: 0 0 %, local: 0 %
I1126 18:22:07.126001 1076559 Coordinator.h:126] commit: 223282 abort: 1296718 (0/1296718/0), network size: 0, avg network size: 0, si_in_serializable: 0 0 %, local: 0 %
I1126 18:22:08.126082 1076559 Coordinator.h:126] commit: 223427 abort: 1296573 (0/1296573/0), network size: 0, avg network size: 0, si_in_serializable: 0 0 %, local: 0 %
I1126 18:22:09.126178 1076559 Coordinator.h:126] commit: 225078 abort: 1304922 (0/1304922/0), network size: 0, avg network size: 0, si_in_serializable: 0 0 %, local: 0 %
I1126 18:22:10.126255 1076559 Coordinator.h:126] commit: 223108 abort: 1296892 (0/1296892/0), network size: 0, avg network size: 0, si_in_serializable: 0 0 %, local: 0 %
I1126 18:22:11.126333 1076559 Coordinator.h:126] commit: 223606 abort: 1296394 (0/1296394/0), network size: 0, avg network size: 0, si_in_serializable: 0 0 %, local: 0 %
I1126 18:22:12.126410 1076559 Coordinator.h:126] commit: 222865 abort: 1297135 (0/1297135/0), network size: 0, avg network size: 0, si_in_serializable: 0 0 %, local: 0 %
I1126 18:22:13.126489 1076559 Coordinator.h:126] commit: 223866 abort: 1296134 (0/1296134/0), network size: 0, avg network size: 0, si_in_serializable: 0 0 %, local: 0 %
I1126 18:22:14.126564 1076559 Coordinator.h:126] commit: 222236 abort: 1287764 (0/1287764/0), network size: 0, avg network size: 0, si_in_serializable: 0 0 %, local: 0 %
I1126 18:22:15.126642 1076559 Coordinator.h:126] commit: 223351 abort: 1296649 (0/1296649/0), network size: 0, avg network size: 0, si_in_serializable: 0 0 %, local: 0 %
I1126 18:22:16.126719 1076559 Coordinator.h:126] commit: 222570 abort: 1297430 (0/1297430/0), network size: 0, avg network size: 0, si_in_serializable: 0 0 %, local: 0 %
I1126 18:22:16.126731 1076559 Coordinator.h:152] average commit: 222534 abort: 1.29247e+06 (0/1.29247e+06/0), network size: 0, avg network size: 0, si_in_serializable: 0 0 %, local: 0 %
I1126 18:22:16.127452 1076581 AriaExecutor.h:103] AriaExecutor 6 exits. 
I1126 18:22:16.127453 1076587 Manager.h:227] Manager(worker id = 12) on the coordinator node exits.
I1126 18:22:16.127456 1076585 AriaExecutor.h:103] AriaExecutor 10 exits. 
I1126 18:22:16.127453 1076575 AriaExecutor.h:103] AriaExecutor 0 exits. 
I1126 18:22:16.127467 1076578 AriaExecutor.h:103] AriaExecutor 3 exits. 
I1126 18:22:16.127457 1076583 AriaExecutor.h:103] AriaExecutor 8 exits. 
I1126 18:22:16.127465 1076576 AriaExecutor.h:103] AriaExecutor 1 exits. 
I1126 18:22:16.127466 1076584 AriaExecutor.h:103] AriaExecutor 9 exits. 
I1126 18:22:16.127466 1076586 AriaExecutor.h:103] AriaExecutor 11 exits. 
I1126 18:22:16.127466 1076582 AriaExecutor.h:103] AriaExecutor 7 exits. 
I1126 18:22:16.127453 1076577 AriaExecutor.h:103] AriaExecutor 2 exits. 
I1126 18:22:16.127468 1076580 AriaExecutor.h:103] AriaExecutor 5 exits. 
I1126 18:22:16.127454 1076579 AriaExecutor.h:103] AriaExecutor 4 exits. 
I1126 18:22:16.126740 1076559 AriaExecutor.h:621] Worker 0 latency: 5775 us (50%) 6145 us (75%) 6338 us (95%) 6427 us (99%).
I1126 18:22:16.148554 1076559 AriaExecutor.h:621] Worker 1 latency: 5775 us (50%) 6143 us (75%) 6338 us (95%) 6423 us (99%).
I1126 18:22:16.172583 1076559 AriaExecutor.h:621] Worker 2 latency: 5779 us (50%) 6146 us (75%) 6339 us (95%) 6425 us (99%).
I1126 18:22:16.194279 1076559 AriaExecutor.h:621] Worker 3 latency: 5779 us (50%) 6143 us (75%) 6337 us (95%) 6423 us (99%).
I1126 18:22:16.218317 1076559 AriaExecutor.h:621] Worker 4 latency: 5772 us (50%) 6143 us (75%) 6338 us (95%) 6423 us (99%).
I1126 18:22:16.239944 1076559 AriaExecutor.h:621] Worker 5 latency: 5777 us (50%) 6142 us (75%) 6337 us (95%) 6425 us (99%).
I1126 18:22:16.263754 1076559 AriaExecutor.h:621] Worker 6 latency: 5778 us (50%) 6144 us (75%) 6337 us (95%) 6423 us (99%).
I1126 18:22:16.285135 1076559 AriaExecutor.h:621] Worker 7 latency: 5774 us (50%) 6142 us (75%) 6336 us (95%) 6422 us (99%).
I1126 18:22:16.309058 1076559 AriaExecutor.h:621] Worker 8 latency: 5772 us (50%) 6142 us (75%) 6337 us (95%) 6424 us (99%).
I1126 18:22:16.331166 1076559 AriaExecutor.h:621] Worker 9 latency: 5779 us (50%) 6143 us (75%) 6336 us (95%) 6421 us (99%).
I1126 18:22:16.355064 1076559 AriaExecutor.h:621] Worker 10 latency: 5775 us (50%) 6144 us (75%) 6337 us (95%) 6424 us (99%).
I1126 18:22:16.376484 1076559 AriaExecutor.h:621] Worker 11 latency: 5773 us (50%) 6140 us (75%) 6336 us (95%) 6422 us (99%).
I1126 18:22:16.400029 1076559 Coordinator.h:177] total commit: 222534
I1126 18:22:17.400136 1076559 Coordinator.h:192] Coordinator exits.
