I0911 22:32:24.202296 2936071 Database.h:65] ycsb initialization finished in 176 milliseconds.
I0911 22:32:24.202405 2936071 Coordinator.h:30] Coordinator initializes 16 workers.
I0911 22:32:24.232894 2936071 Coordinator.h:77] Coordinator starts to run 17 workers.
I0911 22:32:24.232970 2936093 AriaExecutor.h:82] AriaExecutor 0 started. 
I0911 22:32:24.233016 2936094 AriaExecutor.h:82] AriaExecutor 1 started. 
I0911 22:32:24.233057 2936095 AriaExecutor.h:82] AriaExecutor 2 started. 
I0911 22:32:24.233110 2936096 AriaExecutor.h:82] AriaExecutor 3 started. 
I0911 22:32:24.233131 2936097 AriaExecutor.h:82] AriaExecutor 4 started. 
I0911 22:32:24.233180 2936098 AriaExecutor.h:82] AriaExecutor 5 started. 
I0911 22:32:24.233213 2936099 AriaExecutor.h:82] AriaExecutor 6 started. 
I0911 22:32:24.233254 2936100 AriaExecutor.h:82] AriaExecutor 7 started. 
I0911 22:32:24.233287 2936101 AriaExecutor.h:82] AriaExecutor 8 started. 
I0911 22:32:24.233331 2936102 AriaExecutor.h:82] AriaExecutor 9 started. 
I0911 22:32:24.233364 2936103 AriaExecutor.h:82] AriaExecutor 10 started. 
I0911 22:32:24.233403 2936104 AriaExecutor.h:82] AriaExecutor 11 started. 
I0911 22:32:24.233446 2936105 AriaExecutor.h:82] AriaExecutor 12 started. 
I0911 22:32:24.233489 2936106 AriaExecutor.h:82] AriaExecutor 13 started. 
I0911 22:32:24.233520 2936107 AriaExecutor.h:82] AriaExecutor 14 started. 
I0911 22:32:24.233559 2936108 AriaExecutor.h:82] AriaExecutor 15 started. 
I0911 22:32:24.233601 2936109 Manager.h:224] Manager(worker id = 16) on the coordinator node started.
I0911 22:32:25.233639 2936071 Coordinator.h:126] commit: 1048353 abort: 53471 (0/53471/0), network size: 0, avg network size: 0, si_in_serializable: 0 0 %, local: 0 %
I0911 22:32:26.233738 2936071 Coordinator.h:126] commit: 1048459 abort: 53365 (0/53365/0), network size: 0, avg network size: 0, si_in_serializable: 0 0 %, local: 0 %
I0911 22:32:27.233806 2936071 Coordinator.h:126] commit: 1008814 abort: 52050 (0/52050/0), network size: 0, avg network size: 0, si_in_serializable: 0 0 %, local: 0 %
I0911 22:32:28.233875 2936071 Coordinator.h:126] commit: 1017043 abort: 52013 (0/52013/0), network size: 0, avg network size: 0, si_in_serializable: 0 0 %, local: 0 %
I0911 22:32:29.233968 2936071 Coordinator.h:126] commit: 1044275 abort: 53453 (0/53453/0), network size: 0, avg network size: 0, si_in_serializable: 0 0 %, local: 0 %
I0911 22:32:30.234040 2936071 Coordinator.h:126] commit: 1055950 abort: 54066 (0/54066/0), network size: 0, avg network size: 0, si_in_serializable: 0 0 %, local: 0 %
I0911 22:32:31.234104 2936071 Coordinator.h:126] commit: 1059895 abort: 54217 (0/54217/0), network size: 0, avg network size: 0, si_in_serializable: 0 0 %, local: 0 %
I0911 22:32:32.234174 2936071 Coordinator.h:126] commit: 1056200 abort: 53816 (0/53816/0), network size: 0, avg network size: 0, si_in_serializable: 0 0 %, local: 0 %
I0911 22:32:33.234244 2936071 Coordinator.h:126] commit: 1024765 abort: 52483 (0/52483/0), network size: 0, avg network size: 0, si_in_serializable: 0 0 %, local: 0 %
I0911 22:32:34.234313 2936071 Coordinator.h:126] commit: 1060318 abort: 53794 (0/53794/0), network size: 0, avg network size: 0, si_in_serializable: 0 0 %, local: 0 %
I0911 22:32:35.234380 2936071 Coordinator.h:126] commit: 1025262 abort: 51986 (0/51986/0), network size: 0, avg network size: 0, si_in_serializable: 0 0 %, local: 0 %
I0911 22:32:36.234453 2936071 Coordinator.h:126] commit: 1040515 abort: 53117 (0/53117/0), network size: 0, avg network size: 0, si_in_serializable: 0 0 %, local: 0 %
I0911 22:32:37.234551 2936071 Coordinator.h:126] commit: 1056034 abort: 53982 (0/53982/0), network size: 0, avg network size: 0, si_in_serializable: 0 0 %, local: 0 %
I0911 22:32:38.234632 2936071 Coordinator.h:126] commit: 1056500 abort: 53516 (0/53516/0), network size: 0, avg network size: 0, si_in_serializable: 0 0 %, local: 0 %
I0911 22:32:39.234700 2936071 Coordinator.h:126] commit: 1060205 abort: 53907 (0/53907/0), network size: 0, avg network size: 0, si_in_serializable: 0 0 %, local: 0 %
I0911 22:32:40.234766 2936071 Coordinator.h:126] commit: 1056028 abort: 53988 (0/53988/0), network size: 0, avg network size: 0, si_in_serializable: 0 0 %, local: 0 %
I0911 22:32:41.234836 2936071 Coordinator.h:126] commit: 1021444 abort: 51708 (0/51708/0), network size: 0, avg network size: 0, si_in_serializable: 0 0 %, local: 0 %
I0911 22:32:42.234907 2936071 Coordinator.h:126] commit: 1060343 abort: 53769 (0/53769/0), network size: 0, avg network size: 0, si_in_serializable: 0 0 %, local: 0 %
I0911 22:32:43.234980 2936071 Coordinator.h:126] commit: 1056313 abort: 53703 (0/53703/0), network size: 0, avg network size: 0, si_in_serializable: 0 0 %, local: 0 %
I0911 22:32:44.235052 2936071 Coordinator.h:126] commit: 1060021 abort: 54091 (0/54091/0), network size: 0, avg network size: 0, si_in_serializable: 0 0 %, local: 0 %
I0911 22:32:45.235122 2936071 Coordinator.h:126] commit: 1048341 abort: 53483 (0/53483/0), network size: 0, avg network size: 0, si_in_serializable: 0 0 %, local: 0 %
I0911 22:32:46.235195 2936071 Coordinator.h:126] commit: 1036221 abort: 53315 (0/53315/0), network size: 0, avg network size: 0, si_in_serializable: 0 0 %, local: 0 %
I0911 22:32:47.235268 2936071 Coordinator.h:126] commit: 1040701 abort: 52931 (0/52931/0), network size: 0, avg network size: 0, si_in_serializable: 0 0 %, local: 0 %
I0911 22:32:48.235360 2936071 Coordinator.h:126] commit: 1052259 abort: 53661 (0/53661/0), network size: 0, avg network size: 0, si_in_serializable: 0 0 %, local: 0 %
I0911 22:32:49.235440 2936071 Coordinator.h:126] commit: 1055913 abort: 54103 (0/54103/0), network size: 0, avg network size: 0, si_in_serializable: 0 0 %, local: 0 %
I0911 22:32:49.235450 2936071 Coordinator.h:152] average commit: 1.04927e+06 abort: 53376.7 (0/53376.7/0), network size: 0, avg network size: 0, si_in_serializable: 0 0 %, local: 0 %
I0911 22:32:49.236905 2936103 AriaExecutor.h:94] AriaExecutor 10 exits. 
I0911 22:32:49.236907 2936109 Manager.h:227] Manager(worker id = 16) on the coordinator node exits.
I0911 22:32:49.236912 2936095 AriaExecutor.h:94] AriaExecutor 2 exits. 
I0911 22:32:49.236907 2936107 AriaExecutor.h:94] AriaExecutor 14 exits. 
I0911 22:32:49.236913 2936101 AriaExecutor.h:94] AriaExecutor 8 exits. 
I0911 22:32:49.236925 2936106 AriaExecutor.h:94] AriaExecutor 13 exits. 
I0911 22:32:49.236936 2936096 AriaExecutor.h:94] AriaExecutor 3 exits. 
I0911 22:32:49.236922 2936098 AriaExecutor.h:94] AriaExecutor 5 exits. 
I0911 22:32:49.236923 2936108 AriaExecutor.h:94] AriaExecutor 15 exits. 
I0911 22:32:49.236912 2936093 AriaExecutor.h:94] AriaExecutor 0 exits. 
I0911 22:32:49.236913 2936097 AriaExecutor.h:94] AriaExecutor 4 exits. 
I0911 22:32:49.236929 2936100 AriaExecutor.h:94] AriaExecutor 7 exits. 
I0911 22:32:49.236929 2936102 AriaExecutor.h:94] AriaExecutor 9 exits. 
I0911 22:32:49.236910 2936105 AriaExecutor.h:94] AriaExecutor 12 exits. 
I0911 22:32:49.236923 2936094 AriaExecutor.h:94] AriaExecutor 1 exits. 
I0911 22:32:49.236923 2936104 AriaExecutor.h:94] AriaExecutor 11 exits. 
I0911 22:32:49.236925 2936099 AriaExecutor.h:94] AriaExecutor 6 exits. 
I0911 22:32:49.235458 2936071 AriaExecutor.h:535] Worker 0 latency: 2347 us (50%) 2937 us (75%) 3401 us (95%) 3498 us (99%).
I0911 22:32:49.299924 2936071 AriaExecutor.h:535] Worker 1 latency: 2345 us (50%) 2936 us (75%) 3399 us (95%) 3497 us (99%).
I0911 22:32:49.365891 2936071 AriaExecutor.h:535] Worker 2 latency: 2359 us (50%) 2942 us (75%) 3402 us (95%) 3499 us (99%).
I0911 22:32:49.430217 2936071 AriaExecutor.h:535] Worker 3 latency: 2349 us (50%) 2937 us (75%) 3400 us (95%) 3497 us (99%).
I0911 22:32:49.495813 2936071 AriaExecutor.h:535] Worker 4 latency: 2349 us (50%) 2938 us (75%) 3401 us (95%) 3498 us (99%).
I0911 22:32:49.560523 2936071 AriaExecutor.h:535] Worker 5 latency: 2342 us (50%) 2933 us (75%) 3398 us (95%) 3496 us (99%).
I0911 22:32:49.626045 2936071 AriaExecutor.h:535] Worker 6 latency: 2360 us (50%) 2944 us (75%) 3402 us (95%) 3498 us (99%).
I0911 22:32:49.692198 2936071 AriaExecutor.h:535] Worker 7 latency: 2348 us (50%) 2937 us (75%) 3399 us (95%) 3497 us (99%).
I0911 22:32:49.758415 2936071 AriaExecutor.h:535] Worker 8 latency: 2348 us (50%) 2936 us (75%) 3400 us (95%) 3498 us (99%).
I0911 22:32:49.822122 2936071 AriaExecutor.h:535] Worker 9 latency: 2343 us (50%) 2933 us (75%) 3398 us (95%) 3496 us (99%).
I0911 22:32:49.887362 2936071 AriaExecutor.h:535] Worker 10 latency: 2358 us (50%) 2940 us (75%) 3400 us (95%) 3498 us (99%).
I0911 22:32:49.951911 2936071 AriaExecutor.h:535] Worker 11 latency: 2348 us (50%) 2935 us (75%) 3398 us (95%) 3497 us (99%).
I0911 22:32:50.016315 2936071 AriaExecutor.h:535] Worker 12 latency: 2356 us (50%) 2940 us (75%) 3400 us (95%) 3497 us (99%).
I0911 22:32:50.080528 2936071 AriaExecutor.h:535] Worker 13 latency: 2341 us (50%) 2932 us (75%) 3398 us (95%) 3496 us (99%).
I0911 22:32:50.145937 2936071 AriaExecutor.h:535] Worker 14 latency: 2361 us (50%) 2942 us (75%) 3401 us (95%) 3498 us (99%).
I0911 22:32:50.211247 2936071 AriaExecutor.h:535] Worker 15 latency: 2349 us (50%) 2936 us (75%) 3399 us (95%) 3497 us (99%).
I0911 22:32:50.276301 2936071 Coordinator.h:177] total commit: 1.04927e+06
I0911 22:32:51.276422 2936071 Coordinator.h:192] Coordinator exits.
