I1126 14:54:39.134778 975922 Database.h:65] ycsb initialization finished in 41 milliseconds.
I1126 14:54:39.134857 975922 Coordinator.h:30] Coordinator initializes 12 workers.
I1126 14:54:39.135715 975922 Coordinator.h:77] Coordinator starts to run 13 workers.
I1126 14:54:39.135774 976457 AriaExecutor.h:91] AriaExecutor 0 started. 
I1126 14:54:39.135808 976458 AriaExecutor.h:91] AriaExecutor 1 started. 
I1126 14:54:39.135840 976459 AriaExecutor.h:91] AriaExecutor 2 started. 
I1126 14:54:39.135882 976460 AriaExecutor.h:91] AriaExecutor 3 started. 
I1126 14:54:39.135905 976461 AriaExecutor.h:91] AriaExecutor 4 started. 
I1126 14:54:39.135947 976462 AriaExecutor.h:91] AriaExecutor 5 started. 
I1126 14:54:39.135978 976463 AriaExecutor.h:91] AriaExecutor 6 started. 
I1126 14:54:39.136024 976464 AriaExecutor.h:91] AriaExecutor 7 started. 
I1126 14:54:39.136052 976465 AriaExecutor.h:91] AriaExecutor 8 started. 
I1126 14:54:39.136094 976466 AriaExecutor.h:91] AriaExecutor 9 started. 
I1126 14:54:39.136127 976467 AriaExecutor.h:91] AriaExecutor 10 started. 
I1126 14:54:39.136168 976468 AriaExecutor.h:91] AriaExecutor 11 started. 
I1126 14:54:39.136198 976469 Manager.h:224] Manager(worker id = 12) on the coordinator node started.
I1126 14:54:40.136253 975922 Coordinator.h:126] commit: 1712943 abort: 76057 (0/76057/0), network size: 0, avg network size: 0, si_in_serializable: 0 0 %, local: 0 %
I1126 14:54:41.136363 975922 Coordinator.h:126] commit: 1721607 abort: 76393 (0/76393/0), network size: 0, avg network size: 0, si_in_serializable: 0 0 %, local: 0 %
I1126 14:54:42.136476 975922 Coordinator.h:126] commit: 1798223 abort: 79777 (0/79777/0), network size: 0, avg network size: 0, si_in_serializable: 0 0 %, local: 0 %
I1126 14:54:43.136570 975922 Coordinator.h:126] commit: 1777762 abort: 79238 (0/79238/0), network size: 0, avg network size: 0, si_in_serializable: 0 0 %, local: 0 %
I1126 14:54:44.136653 975922 Coordinator.h:126] commit: 1814189 abort: 80811 (0/80811/0), network size: 0, avg network size: 0, si_in_serializable: 0 0 %, local: 0 %
I1126 14:54:45.136732 975922 Coordinator.h:126] commit: 1814284 abort: 80716 (0/80716/0), network size: 0, avg network size: 0, si_in_serializable: 0 0 %, local: 0 %
I1126 14:54:46.136809 975922 Coordinator.h:126] commit: 1815932 abort: 81068 (0/81068/0), network size: 0, avg network size: 0, si_in_serializable: 0 0 %, local: 0 %
I1126 14:54:47.136886 975922 Coordinator.h:126] commit: 1663892 abort: 74108 (0/74108/0), network size: 0, avg network size: 0, si_in_serializable: 0 0 %, local: 0 %
I1126 14:54:48.136973 975922 Coordinator.h:126] commit: 1812568 abort: 81029 (0/81029/0), network size: 0, avg network size: 0, si_in_serializable: 0 0 %, local: 0 %
I1126 14:54:49.137092 975922 Coordinator.h:126] commit: 1811724 abort: 80679 (0/80679/0), network size: 0, avg network size: 0, si_in_serializable: 0 0 %, local: 0 %
I1126 14:54:50.137188 975922 Coordinator.h:126] commit: 1817695 abort: 81305 (0/81305/0), network size: 0, avg network size: 0, si_in_serializable: 0 0 %, local: 0 %
I1126 14:54:51.137266 975922 Coordinator.h:126] commit: 1814885 abort: 81115 (0/81115/0), network size: 0, avg network size: 0, si_in_serializable: 0 0 %, local: 0 %
I1126 14:54:52.137341 975922 Coordinator.h:126] commit: 1817794 abort: 81206 (0/81206/0), network size: 0, avg network size: 0, si_in_serializable: 0 0 %, local: 0 %
I1126 14:54:53.137413 975922 Coordinator.h:126] commit: 1773877 abort: 79117 (0/79117/0), network size: 0, avg network size: 0, si_in_serializable: 0 0 %, local: 0 %
I1126 14:54:54.137485 975922 Coordinator.h:126] commit: 1678774 abort: 75232 (0/75232/0), network size: 0, avg network size: 0, si_in_serializable: 0 0 %, local: 0 %
I1126 14:54:55.137557 975922 Coordinator.h:126] commit: 1813272 abort: 80728 (0/80728/0), network size: 0, avg network size: 0, si_in_serializable: 0 0 %, local: 0 %
I1126 14:54:56.137637 975922 Coordinator.h:126] commit: 1800947 abort: 80053 (0/80053/0), network size: 0, avg network size: 0, si_in_serializable: 0 0 %, local: 0 %
I1126 14:54:57.137732 975922 Coordinator.h:126] commit: 1813171 abort: 80829 (0/80829/0), network size: 0, avg network size: 0, si_in_serializable: 0 0 %, local: 0 %
I1126 14:54:58.137825 975922 Coordinator.h:126] commit: 1812826 abort: 81174 (0/81174/0), network size: 0, avg network size: 0, si_in_serializable: 0 0 %, local: 0 %
I1126 14:54:59.137914 975922 Coordinator.h:126] commit: 1810460 abort: 80540 (0/80540/0), network size: 0, avg network size: 0, si_in_serializable: 0 0 %, local: 0 %
I1126 14:55:00.137998 975922 Coordinator.h:126] commit: 1815151 abort: 80849 (0/80849/0), network size: 0, avg network size: 0, si_in_serializable: 0 0 %, local: 0 %
I1126 14:55:01.138089 975922 Coordinator.h:126] commit: 1811016 abort: 80984 (0/80984/0), network size: 0, avg network size: 0, si_in_serializable: 0 0 %, local: 0 %
I1126 14:55:02.138171 975922 Coordinator.h:126] commit: 1810543 abort: 80457 (0/80457/0), network size: 0, avg network size: 0, si_in_serializable: 0 0 %, local: 0 %
I1126 14:55:03.138248 975922 Coordinator.h:126] commit: 1816337 abort: 80663 (0/80663/0), network size: 0, avg network size: 0, si_in_serializable: 0 0 %, local: 0 %
I1126 14:55:04.138319 975922 Coordinator.h:126] commit: 1819177 abort: 80823 (0/80823/0), network size: 0, avg network size: 0, si_in_serializable: 0 0 %, local: 0 %
I1126 14:55:04.138327 975922 Coordinator.h:152] average commit: 1.79537e+06 abort: 80129.9 (0/80129.9/0), network size: 0, avg network size: 0, si_in_serializable: 0 0 %, local: 0 %
I1126 14:55:04.138675 976457 AriaExecutor.h:103] AriaExecutor 0 exits. 
I1126 14:55:04.138675 976469 Manager.h:227] Manager(worker id = 12) on the coordinator node exits.
I1126 14:55:04.138680 976459 AriaExecutor.h:103] AriaExecutor 2 exits. 
I1126 14:55:04.138690 976458 AriaExecutor.h:103] AriaExecutor 1 exits. 
I1126 14:55:04.138682 976465 AriaExecutor.h:103] AriaExecutor 8 exits. 
I1126 14:55:04.138682 976467 AriaExecutor.h:103] AriaExecutor 10 exits. 
I1126 14:55:04.138679 976463 AriaExecutor.h:103] AriaExecutor 6 exits. 
I1126 14:55:04.138691 976462 AriaExecutor.h:103] AriaExecutor 5 exits. 
I1126 14:55:04.138691 976464 AriaExecutor.h:103] AriaExecutor 7 exits. 
I1126 14:55:04.138691 976460 AriaExecutor.h:103] AriaExecutor 3 exits. 
I1126 14:55:04.138692 976466 AriaExecutor.h:103] AriaExecutor 9 exits. 
I1126 14:55:04.138691 976468 AriaExecutor.h:103] AriaExecutor 11 exits. 
I1126 14:55:04.138679 976461 AriaExecutor.h:103] AriaExecutor 4 exits. 
I1126 14:55:04.138336 975922 AriaExecutor.h:649] Worker 0 latency: 359 us (50%) 416 us (75%) 464 us (95%) 481 us (99%).
I1126 14:55:04.271647 975922 AriaExecutor.h:649] Worker 1 latency: 358 us (50%) 415 us (75%) 462 us (95%) 480 us (99%).
I1126 14:55:04.419214 975922 AriaExecutor.h:649] Worker 2 latency: 361 us (50%) 416 us (75%) 463 us (95%) 481 us (99%).
I1126 14:55:04.556017 975922 AriaExecutor.h:649] Worker 3 latency: 360 us (50%) 415 us (75%) 462 us (95%) 480 us (99%).
I1126 14:55:04.703680 975922 AriaExecutor.h:649] Worker 4 latency: 362 us (50%) 417 us (75%) 463 us (95%) 481 us (99%).
I1126 14:55:04.837702 975922 AriaExecutor.h:649] Worker 5 latency: 358 us (50%) 414 us (75%) 462 us (95%) 480 us (99%).
I1126 14:55:04.985929 975922 AriaExecutor.h:649] Worker 6 latency: 365 us (50%) 418 us (75%) 464 us (95%) 481 us (99%).
I1126 14:55:05.122498 975922 AriaExecutor.h:649] Worker 7 latency: 361 us (50%) 416 us (75%) 462 us (95%) 480 us (99%).
I1126 14:55:05.274217 975922 AriaExecutor.h:649] Worker 8 latency: 365 us (50%) 419 us (75%) 464 us (95%) 481 us (99%).
I1126 14:55:05.410369 975922 AriaExecutor.h:649] Worker 9 latency: 362 us (50%) 416 us (75%) 462 us (95%) 480 us (99%).
I1126 14:55:05.560766 975922 AriaExecutor.h:649] Worker 10 latency: 365 us (50%) 418 us (75%) 464 us (95%) 481 us (99%).
I1126 14:55:05.693790 975922 AriaExecutor.h:649] Worker 11 latency: 362 us (50%) 416 us (75%) 463 us (95%) 480 us (99%).
I1126 14:55:05.841190 975922 Coordinator.h:177] total commit: 1.79537e+06
I1126 14:55:06.841300 975922 Coordinator.h:192] Coordinator exits.
