I0911 22:50:08.377067 2939511 Database.h:65] ycsb initialization finished in 175 milliseconds.
I0911 22:50:08.377182 2939511 Coordinator.h:30] Coordinator initializes 16 workers.
I0911 22:50:08.392437 2939511 Coordinator.h:77] Coordinator starts to run 17 workers.
I0911 22:50:08.392498 2939531 AriaExecutor.h:82] AriaExecutor 0 started. 
I0911 22:50:08.392544 2939532 AriaExecutor.h:82] AriaExecutor 1 started. 
I0911 22:50:08.392590 2939533 AriaExecutor.h:82] AriaExecutor 2 started. 
I0911 22:50:08.392639 2939534 AriaExecutor.h:82] AriaExecutor 3 started. 
I0911 22:50:08.392671 2939535 AriaExecutor.h:82] AriaExecutor 4 started. 
I0911 22:50:08.392720 2939536 AriaExecutor.h:82] AriaExecutor 5 started. 
I0911 22:50:08.392757 2939537 AriaExecutor.h:82] AriaExecutor 6 started. 
I0911 22:50:08.392807 2939538 AriaExecutor.h:82] AriaExecutor 7 started. 
I0911 22:50:08.392844 2939539 AriaExecutor.h:82] AriaExecutor 8 started. 
I0911 22:50:08.392882 2939540 AriaExecutor.h:82] AriaExecutor 9 started. 
I0911 22:50:08.392922 2939541 AriaExecutor.h:82] AriaExecutor 10 started. 
I0911 22:50:08.392972 2939542 AriaExecutor.h:82] AriaExecutor 11 started. 
I0911 22:50:08.393018 2939543 AriaExecutor.h:82] AriaExecutor 12 started. 
I0911 22:50:08.393069 2939544 AriaExecutor.h:82] AriaExecutor 13 started. 
I0911 22:50:08.393102 2939545 AriaExecutor.h:82] AriaExecutor 14 started. 
I0911 22:50:08.393141 2939546 AriaExecutor.h:82] AriaExecutor 15 started. 
I0911 22:50:08.393179 2939547 Manager.h:224] Manager(worker id = 16) on the coordinator node started.
I0911 22:50:09.393234 2939511 Coordinator.h:126] commit: 958698 abort: 159510 (0/159510/0), network size: 0, avg network size: 0, si_in_serializable: 0 0 %, local: 0 %
I0911 22:50:10.393344 2939511 Coordinator.h:126] commit: 953679 abort: 158385 (0/158385/0), network size: 0, avg network size: 0, si_in_serializable: 0 0 %, local: 0 %
I0911 22:50:11.393428 2939511 Coordinator.h:126] commit: 925062 abort: 154234 (0/154234/0), network size: 0, avg network size: 0, si_in_serializable: 0 0 %, local: 0 %
I0911 22:50:12.393507 2939511 Coordinator.h:126] commit: 936275 abort: 155309 (0/155309/0), network size: 0, avg network size: 0, si_in_serializable: 0 0 %, local: 0 %
I0911 22:50:13.393606 2939511 Coordinator.h:126] commit: 1127408 abort: 187408 (0/187408/0), network size: 0, avg network size: 0, si_in_serializable: 0 0 %, local: 0 %
I0911 22:50:14.393689 2939511 Coordinator.h:126] commit: 1150625 abort: 190815 (0/190815/0), network size: 0, avg network size: 0, si_in_serializable: 0 0 %, local: 0 %
I0911 22:50:15.393766 2939511 Coordinator.h:126] commit: 1148004 abort: 191388 (0/191388/0), network size: 0, avg network size: 0, si_in_serializable: 0 0 %, local: 0 %
I0911 22:50:16.393839 2939511 Coordinator.h:126] commit: 1144809 abort: 190487 (0/190487/0), network size: 0, avg network size: 0, si_in_serializable: 0 0 %, local: 0 %
I0911 22:50:17.393918 2939511 Coordinator.h:126] commit: 1106173 abort: 184067 (0/184067/0), network size: 0, avg network size: 0, si_in_serializable: 0 0 %, local: 0 %
I0911 22:50:18.394001 2939511 Coordinator.h:126] commit: 1132920 abort: 188040 (0/188040/0), network size: 0, avg network size: 0, si_in_serializable: 0 0 %, local: 0 %
I0911 22:50:19.394079 2939511 Coordinator.h:126] commit: 1117119 abort: 185409 (0/185409/0), network size: 0, avg network size: 0, si_in_serializable: 0 0 %, local: 0 %
I0911 22:50:20.394156 2939511 Coordinator.h:126] commit: 1131145 abort: 187767 (0/187767/0), network size: 0, avg network size: 0, si_in_serializable: 0 0 %, local: 0 %
I0911 22:50:21.394259 2939511 Coordinator.h:126] commit: 1145697 abort: 189599 (0/189599/0), network size: 0, avg network size: 0, si_in_serializable: 0 0 %, local: 0 %
I0911 22:50:22.394342 2939511 Coordinator.h:126] commit: 1148657 abort: 190735 (0/190735/0), network size: 0, avg network size: 0, si_in_serializable: 0 0 %, local: 0 %
I0911 22:50:23.394421 2939511 Coordinator.h:126] commit: 1147044 abort: 190300 (0/190300/0), network size: 0, avg network size: 0, si_in_serializable: 0 0 %, local: 0 %
I0911 22:50:24.394496 2939511 Coordinator.h:126] commit: 1081531 abort: 180037 (0/180037/0), network size: 0, avg network size: 0, si_in_serializable: 0 0 %, local: 0 %
I0911 22:50:25.394578 2939511 Coordinator.h:126] commit: 1146186 abort: 191158 (0/191158/0), network size: 0, avg network size: 0, si_in_serializable: 0 0 %, local: 0 %
I0911 22:50:26.394666 2939511 Coordinator.h:126] commit: 1146716 abort: 190628 (0/190628/0), network size: 0, avg network size: 0, si_in_serializable: 0 0 %, local: 0 %
I0911 22:50:27.394747 2939511 Coordinator.h:126] commit: 1144928 abort: 190368 (0/190368/0), network size: 0, avg network size: 0, si_in_serializable: 0 0 %, local: 0 %
I0911 22:50:28.394820 2939511 Coordinator.h:126] commit: 1147105 abort: 190239 (0/190239/0), network size: 0, avg network size: 0, si_in_serializable: 0 0 %, local: 0 %
I0911 22:50:29.394897 2939511 Coordinator.h:126] commit: 1144982 abort: 190314 (0/190314/0), network size: 0, avg network size: 0, si_in_serializable: 0 0 %, local: 0 %
I0911 22:50:30.394984 2939511 Coordinator.h:126] commit: 1147536 abort: 189906 (0/189906/0), network size: 0, avg network size: 0, si_in_serializable: 0 0 %, local: 0 %
I0911 22:50:31.395062 2939511 Coordinator.h:126] commit: 1148140 abort: 191154 (0/191154/0), network size: 0, avg network size: 0, si_in_serializable: 0 0 %, local: 0 %
I0911 22:50:32.395140 2939511 Coordinator.h:126] commit: 1146657 abort: 190687 (0/190687/0), network size: 0, avg network size: 0, si_in_serializable: 0 0 %, local: 0 %
I0911 22:50:33.395232 2939511 Coordinator.h:126] commit: 1146764 abort: 190580 (0/190580/0), network size: 0, avg network size: 0, si_in_serializable: 0 0 %, local: 0 %
I0911 22:50:33.395247 2939511 Coordinator.h:152] average commit: 1.13561e+06 abort: 188624 (0/188624/0), network size: 0, avg network size: 0, si_in_serializable: 0 0 %, local: 0 %
I0911 22:50:33.395900 2939547 Manager.h:227] Manager(worker id = 16) on the coordinator node exits.
I0911 22:50:33.395901 2939537 AriaExecutor.h:94] AriaExecutor 6 exits. 
I0911 22:50:33.395905 2939535 AriaExecutor.h:94] AriaExecutor 4 exits. 
I0911 22:50:33.395920 2939534 AriaExecutor.h:94] AriaExecutor 3 exits. 
I0911 22:50:33.395903 2939531 AriaExecutor.h:94] AriaExecutor 0 exits. 
I0911 22:50:33.395923 2939532 AriaExecutor.h:94] AriaExecutor 1 exits. 
I0911 22:50:33.395906 2939539 AriaExecutor.h:94] AriaExecutor 8 exits. 
I0911 22:50:33.395902 2939543 AriaExecutor.h:94] AriaExecutor 12 exits. 
I0911 22:50:33.395905 2939541 AriaExecutor.h:94] AriaExecutor 10 exits. 
I0911 22:50:33.395905 2939533 AriaExecutor.h:94] AriaExecutor 2 exits. 
I0911 22:50:33.395920 2939544 AriaExecutor.h:94] AriaExecutor 13 exits. 
I0911 22:50:33.395922 2939536 AriaExecutor.h:94] AriaExecutor 5 exits. 
I0911 22:50:33.395923 2939540 AriaExecutor.h:94] AriaExecutor 9 exits. 
I0911 22:50:33.395920 2939546 AriaExecutor.h:94] AriaExecutor 15 exits. 
I0911 22:50:33.395902 2939545 AriaExecutor.h:94] AriaExecutor 14 exits. 
I0911 22:50:33.395920 2939542 AriaExecutor.h:94] AriaExecutor 11 exits. 
I0911 22:50:33.395920 2939538 AriaExecutor.h:94] AriaExecutor 7 exits. 
I0911 22:50:33.395257 2939511 AriaExecutor.h:535] Worker 0 latency: 953 us (50%) 1243 us (75%) 1462 us (95%) 1710 us (99%).
I0911 22:50:33.465202 2939511 AriaExecutor.h:535] Worker 1 latency: 952 us (50%) 1242 us (75%) 1461 us (95%) 1708 us (99%).
I0911 22:50:33.541716 2939511 AriaExecutor.h:535] Worker 2 latency: 959 us (50%) 1246 us (75%) 1463 us (95%) 1710 us (99%).
I0911 22:50:33.611379 2939511 AriaExecutor.h:535] Worker 3 latency: 952 us (50%) 1242 us (75%) 1461 us (95%) 1708 us (99%).
I0911 22:50:33.688455 2939511 AriaExecutor.h:535] Worker 4 latency: 955 us (50%) 1244 us (75%) 1462 us (95%) 1710 us (99%).
I0911 22:50:33.759760 2939511 AriaExecutor.h:535] Worker 5 latency: 950 us (50%) 1241 us (75%) 1461 us (95%) 1708 us (99%).
I0911 22:50:33.838366 2939511 AriaExecutor.h:535] Worker 6 latency: 958 us (50%) 1246 us (75%) 1463 us (95%) 1710 us (99%).
I0911 22:50:33.907335 2939511 AriaExecutor.h:535] Worker 7 latency: 952 us (50%) 1242 us (75%) 1461 us (95%) 1708 us (99%).
I0911 22:50:33.984519 2939511 AriaExecutor.h:535] Worker 8 latency: 953 us (50%) 1243 us (75%) 1462 us (95%) 1709 us (99%).
I0911 22:50:34.056666 2939511 AriaExecutor.h:535] Worker 9 latency: 926 us (50%) 1225 us (75%) 1451 us (95%) 1688 us (99%).
I0911 22:50:34.134442 2939511 AriaExecutor.h:535] Worker 10 latency: 959 us (50%) 1246 us (75%) 1463 us (95%) 1711 us (99%).
I0911 22:50:34.205421 2939511 AriaExecutor.h:535] Worker 11 latency: 951 us (50%) 1241 us (75%) 1461 us (95%) 1707 us (99%).
I0911 22:50:34.283407 2939511 AriaExecutor.h:535] Worker 12 latency: 957 us (50%) 1244 us (75%) 1462 us (95%) 1709 us (99%).
I0911 22:50:34.354664 2939511 AriaExecutor.h:535] Worker 13 latency: 949 us (50%) 1240 us (75%) 1461 us (95%) 1708 us (99%).
I0911 22:50:34.432370 2939511 AriaExecutor.h:535] Worker 14 latency: 959 us (50%) 1246 us (75%) 1463 us (95%) 1711 us (99%).
I0911 22:50:34.503016 2939511 AriaExecutor.h:535] Worker 15 latency: 952 us (50%) 1241 us (75%) 1461 us (95%) 1707 us (99%).
I0911 22:50:34.580654 2939511 Coordinator.h:177] total commit: 1.13561e+06
I0911 22:50:35.580777 2939511 Coordinator.h:192] Coordinator exits.
