I1126 15:15:29.110440 998151 Database.h:65] ycsb initialization finished in 30 milliseconds.
I1126 15:15:29.110534 998151 Coordinator.h:30] Coordinator initializes 12 workers.
I1126 15:15:29.111413 998151 Coordinator.h:77] Coordinator starts to run 13 workers.
I1126 15:15:29.111466 998167 AriaExecutor.h:95] AriaExecutor 0 started. 
I1126 15:15:29.111497 998168 AriaExecutor.h:95] AriaExecutor 1 started. 
I1126 15:15:29.111548 998169 AriaExecutor.h:95] AriaExecutor 2 started. 
I1126 15:15:29.111584 998170 AriaExecutor.h:95] AriaExecutor 3 started. 
I1126 15:15:29.111666 998172 AriaExecutor.h:95] AriaExecutor 5 started. 
I1126 15:15:29.111703 998173 AriaExecutor.h:95] AriaExecutor 6 started. 
I1126 15:15:29.111747 998174 AriaExecutor.h:95] AriaExecutor 7 started. 
I1126 15:15:29.111790 998175 AriaExecutor.h:95] AriaExecutor 8 started. 
I1126 15:15:29.111831 998176 AriaExecutor.h:95] AriaExecutor 9 started. 
I1126 15:15:29.111868 998177 AriaExecutor.h:95] AriaExecutor 10 started. 
I1126 15:15:29.111915 998178 AriaExecutor.h:95] AriaExecutor 11 started. 
I1126 15:15:29.111945 998171 AriaExecutor.h:95] AriaExecutor 4 started. 
I1126 15:15:29.111951 998179 Manager.h:224] Manager(worker id = 12) on the coordinator node started.
I1126 15:15:30.112010 998151 Coordinator.h:126] commit: 1870090 abort: 8910 (0/8910/0), network size: 0, avg network size: 0, si_in_serializable: 0 0 %, local: 0 %
I1126 15:15:31.112124 998151 Coordinator.h:126] commit: 1842307 abort: 8693 (0/8693/0), network size: 0, avg network size: 0, si_in_serializable: 0 0 %, local: 0 %
I1126 15:15:32.112241 998151 Coordinator.h:126] commit: 1884955 abort: 9045 (0/9045/0), network size: 0, avg network size: 0, si_in_serializable: 0 0 %, local: 0 %
I1126 15:15:33.112331 998151 Coordinator.h:126] commit: 1864162 abort: 8838 (0/8838/0), network size: 0, avg network size: 0, si_in_serializable: 0 0 %, local: 0 %
I1126 15:15:34.112411 998151 Coordinator.h:126] commit: 1894851 abort: 9149 (0/9149/0), network size: 0, avg network size: 0, si_in_serializable: 0 0 %, local: 0 %
I1126 15:15:35.112488 998151 Coordinator.h:126] commit: 1886934 abort: 9066 (0/9066/0), network size: 0, avg network size: 0, si_in_serializable: 0 0 %, local: 0 %
I1126 15:15:36.112573 998151 Coordinator.h:126] commit: 1768854 abort: 8146 (0/8146/0), network size: 0, avg network size: 0, si_in_serializable: 0 0 %, local: 0 %
I1126 15:15:37.112671 998151 Coordinator.h:126] commit: 1881272 abort: 9051 (0/9051/0), network size: 0, avg network size: 0, si_in_serializable: 0 0 %, local: 0 %
I1126 15:15:38.112771 998151 Coordinator.h:126] commit: 1885791 abort: 8886 (0/8886/0), network size: 0, avg network size: 0, si_in_serializable: 0 0 %, local: 0 %
I1126 15:15:39.112854 998151 Coordinator.h:126] commit: 1883131 abort: 8869 (0/8869/0), network size: 0, avg network size: 0, si_in_serializable: 0 0 %, local: 0 %
I1126 15:15:40.112932 998151 Coordinator.h:126] commit: 1885905 abort: 9095 (0/9095/0), network size: 0, avg network size: 0, si_in_serializable: 0 0 %, local: 0 %
I1126 15:15:41.113011 998151 Coordinator.h:126] commit: 1879954 abort: 9046 (0/9046/0), network size: 0, avg network size: 0, si_in_serializable: 0 0 %, local: 0 %
I1126 15:15:42.113108 998151 Coordinator.h:126] commit: 1887014 abort: 8986 (0/8986/0), network size: 0, avg network size: 0, si_in_serializable: 0 0 %, local: 0 %
I1126 15:15:43.113189 998151 Coordinator.h:126] commit: 1763805 abort: 8195 (0/8195/0), network size: 0, avg network size: 0, si_in_serializable: 0 0 %, local: 0 %
I1126 15:15:44.113263 998151 Coordinator.h:126] commit: 1888077 abort: 8923 (0/8923/0), network size: 0, avg network size: 0, si_in_serializable: 0 0 %, local: 0 %
I1126 15:15:45.113339 998151 Coordinator.h:126] commit: 1882112 abort: 8888 (0/8888/0), network size: 0, avg network size: 0, si_in_serializable: 0 0 %, local: 0 %
I1126 15:15:46.113421 998151 Coordinator.h:126] commit: 1884033 abort: 8967 (0/8967/0), network size: 0, avg network size: 0, si_in_serializable: 0 0 %, local: 0 %
I1126 15:15:47.113516 998151 Coordinator.h:126] commit: 1877860 abort: 9140 (0/9140/0), network size: 0, avg network size: 0, si_in_serializable: 0 0 %, local: 0 %
I1126 15:15:48.113592 998151 Coordinator.h:126] commit: 1886013 abort: 8987 (0/8987/0), network size: 0, avg network size: 0, si_in_serializable: 0 0 %, local: 0 %
I1126 15:15:49.113667 998151 Coordinator.h:126] commit: 1888023 abort: 8977 (0/8977/0), network size: 0, avg network size: 0, si_in_serializable: 0 0 %, local: 0 %
I1126 15:15:50.113760 998151 Coordinator.h:126] commit: 1852118 abort: 8882 (0/8882/0), network size: 0, avg network size: 0, si_in_serializable: 0 0 %, local: 0 %
I1126 15:15:51.113850 998151 Coordinator.h:126] commit: 1877366 abort: 8936 (0/8936/0), network size: 0, avg network size: 0, si_in_serializable: 0 0 %, local: 0 %
I1126 15:15:52.113945 998151 Coordinator.h:126] commit: 1877695 abort: 9003 (0/9003/0), network size: 0, avg network size: 0, si_in_serializable: 0 0 %, local: 0 %
I1126 15:15:53.114024 998151 Coordinator.h:126] commit: 1883005 abort: 8995 (0/8995/0), network size: 0, avg network size: 0, si_in_serializable: 0 0 %, local: 0 %
I1126 15:15:54.114100 998151 Coordinator.h:126] commit: 1878991 abort: 9009 (0/9009/0), network size: 0, avg network size: 0, si_in_serializable: 0 0 %, local: 0 %
I1126 15:15:54.114113 998151 Coordinator.h:152] average commit: 1.87228e+06 abort: 8920.4 (0/8920.4/0), network size: 0, avg network size: 0, si_in_serializable: 0 0 %, local: 0 %
I1126 15:15:54.114459 998173 AriaExecutor.h:107] AriaExecutor 6 exits. 
I1126 15:15:54.114464 998175 AriaExecutor.h:107] AriaExecutor 8 exits. 
I1126 15:15:54.114480 998169 AriaExecutor.h:107] AriaExecutor 2 exits. 
I1126 15:15:54.114463 998171 AriaExecutor.h:107] AriaExecutor 4 exits. 
I1126 15:15:54.114476 998170 AriaExecutor.h:107] AriaExecutor 3 exits. 
I1126 15:15:54.114477 998172 AriaExecutor.h:107] AriaExecutor 5 exits. 
I1126 15:15:54.114460 998179 Manager.h:227] Manager(worker id = 12) on the coordinator node exits.
I1126 15:15:54.114463 998167 AriaExecutor.h:107] AriaExecutor 0 exits. 
I1126 15:15:54.114478 998176 AriaExecutor.h:107] AriaExecutor 9 exits. 
I1126 15:15:54.114478 998178 AriaExecutor.h:107] AriaExecutor 11 exits. 
I1126 15:15:54.114477 998174 AriaExecutor.h:107] AriaExecutor 7 exits. 
I1126 15:15:54.114478 998168 AriaExecutor.h:107] AriaExecutor 1 exits. 
I1126 15:15:54.114464 998177 AriaExecutor.h:107] AriaExecutor 10 exits. 
I1126 15:15:54.114122 998151 AriaExecutor.h:705] Worker 0 latency: 358 us (50%) 415 us (75%) 463 us (95%) 479 us (99%).
I1126 15:15:54.261567 998151 AriaExecutor.h:705] Worker 1 latency: 356 us (50%) 413 us (75%) 462 us (95%) 478 us (99%).
I1126 15:15:54.420197 998151 AriaExecutor.h:705] Worker 2 latency: 358 us (50%) 415 us (75%) 463 us (95%) 479 us (99%).
I1126 15:15:54.564162 998151 AriaExecutor.h:705] Worker 3 latency: 359 us (50%) 414 us (75%) 462 us (95%) 478 us (99%).
I1126 15:15:54.724843 998151 AriaExecutor.h:705] Worker 4 latency: 360 us (50%) 415 us (75%) 463 us (95%) 479 us (99%).
I1126 15:15:54.866514 998151 AriaExecutor.h:705] Worker 5 latency: 357 us (50%) 413 us (75%) 462 us (95%) 478 us (99%).
I1126 15:15:55.019528 998151 AriaExecutor.h:705] Worker 6 latency: 363 us (50%) 417 us (75%) 464 us (95%) 479 us (99%).
I1126 15:15:55.162585 998151 AriaExecutor.h:705] Worker 7 latency: 359 us (50%) 414 us (75%) 462 us (95%) 478 us (99%).
I1126 15:15:55.316816 998151 AriaExecutor.h:705] Worker 8 latency: 363 us (50%) 417 us (75%) 464 us (95%) 479 us (99%).
I1126 15:15:55.461196 998151 AriaExecutor.h:705] Worker 9 latency: 360 us (50%) 414 us (75%) 462 us (95%) 478 us (99%).
I1126 15:15:55.613231 998151 AriaExecutor.h:705] Worker 10 latency: 363 us (50%) 417 us (75%) 464 us (95%) 479 us (99%).
I1126 15:15:55.755458 998151 AriaExecutor.h:705] Worker 11 latency: 361 us (50%) 415 us (75%) 462 us (95%) 478 us (99%).
I1126 15:15:55.912503 998151 Coordinator.h:177] total commit: 1.87228e+06
I1126 15:15:56.912612 998151 Coordinator.h:192] Coordinator exits.
