I1126 16:07:09.525120 1031399 Database.h:65] ycsb initialization finished in 30 milliseconds.
I1126 16:07:09.525228 1031399 Coordinator.h:30] Coordinator initializes 12 workers.
I1126 16:07:09.597359 1031399 Coordinator.h:77] Coordinator starts to run 13 workers.
I1126 16:07:09.597445 1031415 AriaExecutor.h:93] AriaExecutor 0 started. 
I1126 16:07:09.597462 1031416 AriaExecutor.h:93] AriaExecutor 1 started. 
I1126 16:07:09.597515 1031417 AriaExecutor.h:93] AriaExecutor 2 started. 
I1126 16:07:09.597553 1031418 AriaExecutor.h:93] AriaExecutor 3 started. 
I1126 16:07:09.597579 1031419 AriaExecutor.h:93] AriaExecutor 4 started. 
I1126 16:07:09.597630 1031420 AriaExecutor.h:93] AriaExecutor 5 started. 
I1126 16:07:09.597647 1031421 AriaExecutor.h:93] AriaExecutor 6 started. 
I1126 16:07:09.597688 1031422 AriaExecutor.h:93] AriaExecutor 7 started. 
I1126 16:07:09.597708 1031423 AriaExecutor.h:93] AriaExecutor 8 started. 
I1126 16:07:09.597746 1031424 AriaExecutor.h:93] AriaExecutor 9 started. 
I1126 16:07:09.597774 1031425 AriaExecutor.h:93] AriaExecutor 10 started. 
I1126 16:07:09.597815 1031426 AriaExecutor.h:93] AriaExecutor 11 started. 
I1126 16:07:09.597836 1031427 Manager.h:224] Manager(worker id = 12) on the coordinator node started.
I1126 16:07:10.597890 1031399 Coordinator.h:126] commit: 1635 abort: 208365 (0/208365/0), network size: 0, avg network size: 0, si_in_serializable: 0 0 %, local: 0 %
I1126 16:07:11.598007 1031399 Coordinator.h:126] commit: 1792 abort: 228208 (0/228208/0), network size: 0, avg network size: 0, si_in_serializable: 0 0 %, local: 0 %
I1126 16:07:12.598117 1031399 Coordinator.h:126] commit: 1774 abort: 228226 (0/228226/0), network size: 0, avg network size: 0, si_in_serializable: 0 0 %, local: 0 %
I1126 16:07:13.598205 1031399 Coordinator.h:126] commit: 1732 abort: 228268 (0/228268/0), network size: 0, avg network size: 0, si_in_serializable: 0 0 %, local: 0 %
I1126 16:07:14.598289 1031399 Coordinator.h:126] commit: 1732 abort: 228268 (0/228268/0), network size: 0, avg network size: 0, si_in_serializable: 0 0 %, local: 0 %
I1126 16:07:15.598387 1031399 Coordinator.h:126] commit: 1771 abort: 228229 (0/228229/0), network size: 0, avg network size: 0, si_in_serializable: 0 0 %, local: 0 %
I1126 16:07:16.598471 1031399 Coordinator.h:126] commit: 1783 abort: 228217 (0/228217/0), network size: 0, avg network size: 0, si_in_serializable: 0 0 %, local: 0 %
I1126 16:07:17.598579 1031399 Coordinator.h:126] commit: 1756 abort: 228244 (0/228244/0), network size: 0, avg network size: 0, si_in_serializable: 0 0 %, local: 0 %
I1126 16:07:18.598665 1031399 Coordinator.h:126] commit: 1781 abort: 228219 (0/228219/0), network size: 0, avg network size: 0, si_in_serializable: 0 0 %, local: 0 %
I1126 16:07:19.598744 1031399 Coordinator.h:126] commit: 1848 abort: 238152 (0/238152/0), network size: 0, avg network size: 0, si_in_serializable: 0 0 %, local: 0 %
I1126 16:07:20.598824 1031399 Coordinator.h:126] commit: 1809 abort: 228191 (0/228191/0), network size: 0, avg network size: 0, si_in_serializable: 0 0 %, local: 0 %
I1126 16:07:21.598904 1031399 Coordinator.h:126] commit: 1831 abort: 228169 (0/228169/0), network size: 0, avg network size: 0, si_in_serializable: 0 0 %, local: 0 %
I1126 16:07:22.598984 1031399 Coordinator.h:126] commit: 1850 abort: 238150 (0/238150/0), network size: 0, avg network size: 0, si_in_serializable: 0 0 %, local: 0 %
I1126 16:07:23.599076 1031399 Coordinator.h:126] commit: 1766 abort: 228234 (0/228234/0), network size: 0, avg network size: 0, si_in_serializable: 0 0 %, local: 0 %
I1126 16:07:24.599159 1031399 Coordinator.h:126] commit: 1797 abort: 228203 (0/228203/0), network size: 0, avg network size: 0, si_in_serializable: 0 0 %, local: 0 %
I1126 16:07:25.599237 1031399 Coordinator.h:126] commit: 1811 abort: 228189 (0/228189/0), network size: 0, avg network size: 0, si_in_serializable: 0 0 %, local: 0 %
I1126 16:07:26.599314 1031399 Coordinator.h:126] commit: 1811 abort: 228189 (0/228189/0), network size: 0, avg network size: 0, si_in_serializable: 0 0 %, local: 0 %
I1126 16:07:27.599392 1031399 Coordinator.h:126] commit: 1879 abort: 238121 (0/238121/0), network size: 0, avg network size: 0, si_in_serializable: 0 0 %, local: 0 %
I1126 16:07:28.599471 1031399 Coordinator.h:126] commit: 1769 abort: 228231 (0/228231/0), network size: 0, avg network size: 0, si_in_serializable: 0 0 %, local: 0 %
I1126 16:07:29.599550 1031399 Coordinator.h:126] commit: 1767 abort: 228233 (0/228233/0), network size: 0, avg network size: 0, si_in_serializable: 0 0 %, local: 0 %
I1126 16:07:30.599627 1031399 Coordinator.h:126] commit: 1783 abort: 228217 (0/228217/0), network size: 0, avg network size: 0, si_in_serializable: 0 0 %, local: 0 %
I1126 16:07:31.599705 1031399 Coordinator.h:126] commit: 1901 abort: 238099 (0/238099/0), network size: 0, avg network size: 0, si_in_serializable: 0 0 %, local: 0 %
I1126 16:07:32.599783 1031399 Coordinator.h:126] commit: 1755 abort: 228245 (0/228245/0), network size: 0, avg network size: 0, si_in_serializable: 0 0 %, local: 0 %
I1126 16:07:33.599862 1031399 Coordinator.h:126] commit: 1743 abort: 228257 (0/228257/0), network size: 0, avg network size: 0, si_in_serializable: 0 0 %, local: 0 %
I1126 16:07:34.599941 1031399 Coordinator.h:126] commit: 1823 abort: 228177 (0/228177/0), network size: 0, avg network size: 0, si_in_serializable: 0 0 %, local: 0 %
I1126 16:07:34.599956 1031399 Coordinator.h:152] average commit: 1809 abort: 230191 (0/230191/0), network size: 0, avg network size: 0, si_in_serializable: 0 0 %, local: 0 %
I1126 16:07:34.599965 1031399 AriaExecutor.h:672] Worker 0 latency: 42684 us (50%) 42940 us (75%) 44129 us (95%) 50506 us (99%).
I1126 16:07:34.609468 1031423 AriaExecutor.h:105] AriaExecutor 8 exits. 
I1126 16:07:34.609468 1031419 AriaExecutor.h:105] AriaExecutor 4 exits. 
I1126 16:07:34.609468 1031427 Manager.h:227] Manager(worker id = 12) on the coordinator node exits.
I1126 16:07:34.609472 1031421 AriaExecutor.h:105] AriaExecutor 6 exits. 
I1126 16:07:34.609472 1031417 AriaExecutor.h:105] AriaExecutor 2 exits. 
I1126 16:07:34.609485 1031420 AriaExecutor.h:105] AriaExecutor 5 exits. 
I1126 16:07:34.609473 1031425 AriaExecutor.h:105] AriaExecutor 10 exits. 
I1126 16:07:34.609485 1031422 AriaExecutor.h:105] AriaExecutor 7 exits. 
I1126 16:07:34.609485 1031418 AriaExecutor.h:105] AriaExecutor 3 exits. 
I1126 16:07:34.609486 1031426 AriaExecutor.h:105] AriaExecutor 11 exits. 
I1126 16:07:34.609485 1031424 AriaExecutor.h:105] AriaExecutor 9 exits. 
I1126 16:07:34.609469 1031415 AriaExecutor.h:105] AriaExecutor 0 exits. 
I1126 16:07:34.609485 1031416 AriaExecutor.h:105] AriaExecutor 1 exits. 
I1126 16:07:34.609745 1031399 AriaExecutor.h:672] Worker 1 latency: 42666 us (50%) 42937 us (75%) 44272 us (95%) 49585 us (99%).
I1126 16:07:34.610002 1031399 AriaExecutor.h:672] Worker 2 latency: 42669 us (50%) 42925 us (75%) 44190 us (95%) 50458 us (99%).
I1126 16:07:34.610220 1031399 AriaExecutor.h:672] Worker 3 latency: 42666 us (50%) 42936 us (75%) 44209 us (95%) 49474 us (99%).
I1126 16:07:34.610463 1031399 AriaExecutor.h:672] Worker 4 latency: 42677 us (50%) 42933 us (75%) 44359 us (95%) 49627 us (99%).
I1126 16:07:34.610703 1031399 AriaExecutor.h:672] Worker 5 latency: 42668 us (50%) 42926 us (75%) 44232 us (95%) 50923 us (99%).
I1126 16:07:34.610944 1031399 AriaExecutor.h:672] Worker 6 latency: 42682 us (50%) 42942 us (75%) 44534 us (95%) 50776 us (99%).
I1126 16:07:34.611155 1031399 AriaExecutor.h:672] Worker 7 latency: 42657 us (50%) 42925 us (75%) 44385 us (95%) 49595 us (99%).
I1126 16:07:34.611383 1031399 AriaExecutor.h:672] Worker 8 latency: 42659 us (50%) 42911 us (75%) 44208 us (95%) 49509 us (99%).
I1126 16:07:34.611593 1031399 AriaExecutor.h:672] Worker 9 latency: 42661 us (50%) 42920 us (75%) 44135 us (95%) 49577 us (99%).
I1126 16:07:34.611819 1031399 AriaExecutor.h:672] Worker 10 latency: 42652 us (50%) 42928 us (75%) 44231 us (95%) 49363 us (99%).
I1126 16:07:34.612025 1031399 AriaExecutor.h:672] Worker 11 latency: 42665 us (50%) 42932 us (75%) 44112 us (95%) 49293 us (99%).
I1126 16:07:34.612248 1031399 Coordinator.h:177] total commit: 1809
I1126 16:07:35.612352 1031399 Coordinator.h:192] Coordinator exits.
