I1126 13:40:51.413244 941425 Database.h:65] ycsb initialization finished in 29 milliseconds.
I1126 13:40:51.413339 941425 Coordinator.h:30] Coordinator initializes 12 workers.
I1126 13:40:51.420881 941425 Coordinator.h:77] Coordinator starts to run 13 workers.
I1126 13:40:51.420930 941441 AriaExecutor.h:82] AriaExecutor 0 started. 
I1126 13:40:51.420964 941442 AriaExecutor.h:82] AriaExecutor 1 started. 
I1126 13:40:51.421005 941443 AriaExecutor.h:82] AriaExecutor 2 started. 
I1126 13:40:51.421046 941444 AriaExecutor.h:82] AriaExecutor 3 started. 
I1126 13:40:51.421080 941445 AriaExecutor.h:82] AriaExecutor 4 started. 
I1126 13:40:51.421130 941446 AriaExecutor.h:82] AriaExecutor 5 started. 
I1126 13:40:51.421172 941447 AriaExecutor.h:82] AriaExecutor 6 started. 
I1126 13:40:51.421222 941448 AriaExecutor.h:82] AriaExecutor 7 started. 
I1126 13:40:51.421269 941449 AriaExecutor.h:82] AriaExecutor 8 started. 
I1126 13:40:51.421336 941450 AriaExecutor.h:82] AriaExecutor 9 started. 
I1126 13:40:51.421393 941451 AriaExecutor.h:82] AriaExecutor 10 started. 
I1126 13:40:51.421447 941452 AriaExecutor.h:82] AriaExecutor 11 started. 
I1126 13:40:51.421489 941453 Manager.h:224] Manager(worker id = 12) on the coordinator node started.
I1126 13:40:52.421548 941425 Coordinator.h:126] commit: 783043 abort: 65957 (0/65957/0), network size: 0, avg network size: 0, si_in_serializable: 0 0 %, local: 0 %
I1126 13:40:53.421669 941425 Coordinator.h:126] commit: 777151 abort: 65849 (0/65849/0), network size: 0, avg network size: 0, si_in_serializable: 0 0 %, local: 0 %
I1126 13:40:54.421797 941425 Coordinator.h:126] commit: 785640 abort: 66360 (0/66360/0), network size: 0, avg network size: 0, si_in_serializable: 0 0 %, local: 0 %
I1126 13:40:55.421900 941425 Coordinator.h:126] commit: 789197 abort: 66803 (0/66803/0), network size: 0, avg network size: 0, si_in_serializable: 0 0 %, local: 0 %
I1126 13:40:56.421993 941425 Coordinator.h:126] commit: 787661 abort: 66339 (0/66339/0), network size: 0, avg network size: 0, si_in_serializable: 0 0 %, local: 0 %
I1126 13:40:57.422087 941425 Coordinator.h:126] commit: 785121 abort: 66879 (0/66879/0), network size: 0, avg network size: 0, si_in_serializable: 0 0 %, local: 0 %
I1126 13:40:58.422204 941425 Coordinator.h:126] commit: 787724 abort: 66276 (0/66276/0), network size: 0, avg network size: 0, si_in_serializable: 0 0 %, local: 0 %
I1126 13:40:59.422304 941425 Coordinator.h:126] commit: 786860 abort: 66140 (0/66140/0), network size: 0, avg network size: 0, si_in_serializable: 0 0 %, local: 0 %
I1126 13:41:00.422410 941425 Coordinator.h:126] commit: 772494 abort: 65506 (0/65506/0), network size: 0, avg network size: 0, si_in_serializable: 0 0 %, local: 0 %
I1126 13:41:01.422518 941425 Coordinator.h:126] commit: 794943 abort: 67057 (0/67057/0), network size: 0, avg network size: 0, si_in_serializable: 0 0 %, local: 0 %
I1126 13:41:02.422609 941425 Coordinator.h:126] commit: 795038 abort: 66962 (0/66962/0), network size: 0, avg network size: 0, si_in_serializable: 0 0 %, local: 0 %
I1126 13:41:03.422703 941425 Coordinator.h:126] commit: 795594 abort: 67406 (0/67406/0), network size: 0, avg network size: 0, si_in_serializable: 0 0 %, local: 0 %
I1126 13:41:04.422797 941425 Coordinator.h:126] commit: 793924 abort: 67076 (0/67076/0), network size: 0, avg network size: 0, si_in_serializable: 0 0 %, local: 0 %
I1126 13:41:05.422905 941425 Coordinator.h:126] commit: 783827 abort: 66173 (0/66173/0), network size: 0, avg network size: 0, si_in_serializable: 0 0 %, local: 0 %
I1126 13:41:06.423010 941425 Coordinator.h:126] commit: 793860 abort: 67140 (0/67140/0), network size: 0, avg network size: 0, si_in_serializable: 0 0 %, local: 0 %
I1126 13:41:07.423105 941425 Coordinator.h:126] commit: 778168 abort: 65832 (0/65832/0), network size: 0, avg network size: 0, si_in_serializable: 0 0 %, local: 0 %
I1126 13:41:08.423197 941425 Coordinator.h:126] commit: 755768 abort: 63232 (0/63232/0), network size: 0, avg network size: 0, si_in_serializable: 0 0 %, local: 0 %
I1126 13:41:09.423288 941425 Coordinator.h:126] commit: 794673 abort: 67327 (0/67327/0), network size: 0, avg network size: 0, si_in_serializable: 0 0 %, local: 0 %
I1126 13:41:10.423379 941425 Coordinator.h:126] commit: 794099 abort: 66901 (0/66901/0), network size: 0, avg network size: 0, si_in_serializable: 0 0 %, local: 0 %
I1126 13:41:11.423470 941425 Coordinator.h:126] commit: 794857 abort: 67501 (0/67501/0), network size: 0, avg network size: 0, si_in_serializable: 0 0 %, local: 0 %
I1126 13:41:12.423561 941425 Coordinator.h:126] commit: 793692 abort: 66950 (0/66950/0), network size: 0, avg network size: 0, si_in_serializable: 0 0 %, local: 0 %
I1126 13:41:13.423653 941425 Coordinator.h:126] commit: 794983 abort: 67017 (0/67017/0), network size: 0, avg network size: 0, si_in_serializable: 0 0 %, local: 0 %
I1126 13:41:14.423745 941425 Coordinator.h:126] commit: 793801 abort: 67199 (0/67199/0), network size: 0, avg network size: 0, si_in_serializable: 0 0 %, local: 0 %
I1126 13:41:15.423837 941425 Coordinator.h:126] commit: 795396 abort: 66604 (0/66604/0), network size: 0, avg network size: 0, si_in_serializable: 0 0 %, local: 0 %
I1126 13:41:16.423929 941425 Coordinator.h:126] commit: 793105 abort: 66895 (0/66895/0), network size: 0, avg network size: 0, si_in_serializable: 0 0 %, local: 0 %
I1126 13:41:16.423952 941425 Coordinator.h:152] average commit: 787981 abort: 66555 (0/66555/0), network size: 0, avg network size: 0, si_in_serializable: 0 0 %, local: 0 %
I1126 13:41:16.424046 941453 Manager.h:227] Manager(worker id = 12) on the coordinator node exits.
I1126 13:41:16.424048 941451 AriaExecutor.h:94] AriaExecutor 10 exits. 
I1126 13:41:16.424058 941450 AriaExecutor.h:94] AriaExecutor 9 exits. 
I1126 13:41:16.424047 941447 AriaExecutor.h:94] AriaExecutor 6 exits. 
I1126 13:41:16.424048 941441 AriaExecutor.h:94] AriaExecutor 0 exits. 
I1126 13:41:16.424048 941449 AriaExecutor.h:94] AriaExecutor 8 exits. 
I1126 13:41:16.424059 941452 AriaExecutor.h:94] AriaExecutor 11 exits. 
I1126 13:41:16.424059 941446 AriaExecutor.h:94] AriaExecutor 5 exits. 
I1126 13:41:16.424060 941444 AriaExecutor.h:94] AriaExecutor 3 exits. 
I1126 13:41:16.424060 941442 AriaExecutor.h:94] AriaExecutor 1 exits. 
I1126 13:41:16.424047 941443 AriaExecutor.h:94] AriaExecutor 2 exits. 
I1126 13:41:16.424060 941448 AriaExecutor.h:94] AriaExecutor 7 exits. 
I1126 13:41:16.424046 941445 AriaExecutor.h:94] AriaExecutor 4 exits. 
I1126 13:41:16.423964 941425 AriaExecutor.h:535] Worker 0 latency: 756 us (50%) 932 us (75%) 1068 us (95%) 1097 us (99%).
I1126 13:41:16.494571 941425 AriaExecutor.h:535] Worker 1 latency: 755 us (50%) 932 us (75%) 1068 us (95%) 1097 us (99%).
I1126 13:41:16.571228 941425 AriaExecutor.h:535] Worker 2 latency: 756 us (50%) 932 us (75%) 1068 us (95%) 1097 us (99%).
I1126 13:41:16.642237 941425 AriaExecutor.h:535] Worker 3 latency: 756 us (50%) 932 us (75%) 1068 us (95%) 1097 us (99%).
I1126 13:41:16.721684 941425 AriaExecutor.h:535] Worker 4 latency: 759 us (50%) 933 us (75%) 1068 us (95%) 1097 us (99%).
I1126 13:41:16.791025 941425 AriaExecutor.h:535] Worker 5 latency: 757 us (50%) 932 us (75%) 1067 us (95%) 1097 us (99%).
I1126 13:41:16.868911 941425 AriaExecutor.h:535] Worker 6 latency: 760 us (50%) 934 us (75%) 1068 us (95%) 1097 us (99%).
I1126 13:41:16.938063 941425 AriaExecutor.h:535] Worker 7 latency: 758 us (50%) 932 us (75%) 1067 us (95%) 1096 us (99%).
I1126 13:41:17.014638 941425 AriaExecutor.h:535] Worker 8 latency: 759 us (50%) 933 us (75%) 1068 us (95%) 1097 us (99%).
I1126 13:41:17.084555 941425 AriaExecutor.h:535] Worker 9 latency: 758 us (50%) 932 us (75%) 1068 us (95%) 1097 us (99%).
I1126 13:41:17.161382 941425 AriaExecutor.h:535] Worker 10 latency: 760 us (50%) 934 us (75%) 1068 us (95%) 1097 us (99%).
I1126 13:41:17.230891 941425 AriaExecutor.h:535] Worker 11 latency: 759 us (50%) 933 us (75%) 1068 us (95%) 1096 us (99%).
I1126 13:41:17.307498 941425 Coordinator.h:177] total commit: 787981
I1126 13:41:18.307608 941425 Coordinator.h:192] Coordinator exits.
