I1126 13:48:22.828040 946007 Database.h:65] ycsb initialization finished in 30 milliseconds.
I1126 13:48:22.828140 946007 Coordinator.h:30] Coordinator initializes 12 workers.
I1126 13:48:22.900362 946007 Coordinator.h:77] Coordinator starts to run 13 workers.
I1126 13:48:22.900424 946023 AriaExecutor.h:82] AriaExecutor 0 started. 
I1126 13:48:22.900453 946024 AriaExecutor.h:82] AriaExecutor 1 started. 
I1126 13:48:22.900506 946025 AriaExecutor.h:82] AriaExecutor 2 started. 
I1126 13:48:22.900544 946026 AriaExecutor.h:82] AriaExecutor 3 started. 
I1126 13:48:22.900632 946028 AriaExecutor.h:82] AriaExecutor 5 started. 
I1126 13:48:22.900672 946029 AriaExecutor.h:82] AriaExecutor 6 started. 
I1126 13:48:22.900708 946030 AriaExecutor.h:82] AriaExecutor 7 started. 
I1126 13:48:22.900743 946031 AriaExecutor.h:82] AriaExecutor 8 started. 
I1126 13:48:22.900787 946032 AriaExecutor.h:82] AriaExecutor 9 started. 
I1126 13:48:22.900823 946033 AriaExecutor.h:82] AriaExecutor 10 started. 
I1126 13:48:22.900875 946034 AriaExecutor.h:82] AriaExecutor 11 started. 
I1126 13:48:22.900908 946027 AriaExecutor.h:82] AriaExecutor 4 started. 
I1126 13:48:22.900913 946035 Manager.h:224] Manager(worker id = 12) on the coordinator node started.
I1126 13:48:23.900977 946007 Coordinator.h:126] commit: 212775 abort: 607225 (0/607225/0), network size: 0, avg network size: 0, si_in_serializable: 0 0 %, local: 0 %
I1126 13:48:24.901106 946007 Coordinator.h:126] commit: 213194 abort: 606806 (0/606806/0), network size: 0, avg network size: 0, si_in_serializable: 0 0 %, local: 0 %
I1126 13:48:25.901235 946007 Coordinator.h:126] commit: 212760 abort: 607240 (0/607240/0), network size: 0, avg network size: 0, si_in_serializable: 0 0 %, local: 0 %
I1126 13:48:26.901340 946007 Coordinator.h:126] commit: 215746 abort: 614254 (0/614254/0), network size: 0, avg network size: 0, si_in_serializable: 0 0 %, local: 0 %
I1126 13:48:27.901436 946007 Coordinator.h:126] commit: 214022 abort: 606839 (0/606839/0), network size: 0, avg network size: 0, si_in_serializable: 0 0 %, local: 0 %
I1126 13:48:28.901522 946007 Coordinator.h:126] commit: 215069 abort: 614070 (0/614070/0), network size: 0, avg network size: 0, si_in_serializable: 0 0 %, local: 0 %
I1126 13:48:29.901649 946007 Coordinator.h:126] commit: 212809 abort: 607191 (0/607191/0), network size: 0, avg network size: 0, si_in_serializable: 0 0 %, local: 0 %
I1126 13:48:30.901753 946007 Coordinator.h:126] commit: 215547 abort: 614453 (0/614453/0), network size: 0, avg network size: 0, si_in_serializable: 0 0 %, local: 0 %
I1126 13:48:31.901851 946007 Coordinator.h:126] commit: 212988 abort: 607012 (0/607012/0), network size: 0, avg network size: 0, si_in_serializable: 0 0 %, local: 0 %
I1126 13:48:32.901937 946007 Coordinator.h:126] commit: 215610 abort: 614390 (0/614390/0), network size: 0, avg network size: 0, si_in_serializable: 0 0 %, local: 0 %
I1126 13:48:33.902029 946007 Coordinator.h:126] commit: 215722 abort: 614278 (0/614278/0), network size: 0, avg network size: 0, si_in_serializable: 0 0 %, local: 0 %
I1126 13:48:34.902110 946007 Coordinator.h:126] commit: 215099 abort: 614901 (0/614901/0), network size: 0, avg network size: 0, si_in_serializable: 0 0 %, local: 0 %
I1126 13:48:35.902195 946007 Coordinator.h:126] commit: 215514 abort: 614486 (0/614486/0), network size: 0, avg network size: 0, si_in_serializable: 0 0 %, local: 0 %
I1126 13:48:36.902302 946007 Coordinator.h:126] commit: 213184 abort: 606816 (0/606816/0), network size: 0, avg network size: 0, si_in_serializable: 0 0 %, local: 0 %
I1126 13:48:37.902401 946007 Coordinator.h:126] commit: 213349 abort: 606651 (0/606651/0), network size: 0, avg network size: 0, si_in_serializable: 0 0 %, local: 0 %
I1126 13:48:38.902487 946007 Coordinator.h:126] commit: 215231 abort: 614769 (0/614769/0), network size: 0, avg network size: 0, si_in_serializable: 0 0 %, local: 0 %
I1126 13:48:39.902587 946007 Coordinator.h:126] commit: 214445 abort: 615555 (0/615555/0), network size: 0, avg network size: 0, si_in_serializable: 0 0 %, local: 0 %
I1126 13:48:40.902688 946007 Coordinator.h:126] commit: 215018 abort: 614982 (0/614982/0), network size: 0, avg network size: 0, si_in_serializable: 0 0 %, local: 0 %
I1126 13:48:41.902782 946007 Coordinator.h:126] commit: 216347 abort: 613653 (0/613653/0), network size: 0, avg network size: 0, si_in_serializable: 0 0 %, local: 0 %
I1126 13:48:42.902863 946007 Coordinator.h:126] commit: 215222 abort: 614778 (0/614778/0), network size: 0, avg network size: 0, si_in_serializable: 0 0 %, local: 0 %
I1126 13:48:43.902962 946007 Coordinator.h:126] commit: 215472 abort: 614528 (0/614528/0), network size: 0, avg network size: 0, si_in_serializable: 0 0 %, local: 0 %
I1126 13:48:44.903048 946007 Coordinator.h:126] commit: 213394 abort: 606606 (0/606606/0), network size: 0, avg network size: 0, si_in_serializable: 0 0 %, local: 0 %
I1126 13:48:45.903147 946007 Coordinator.h:126] commit: 215025 abort: 614975 (0/614975/0), network size: 0, avg network size: 0, si_in_serializable: 0 0 %, local: 0 %
I1126 13:48:46.903263 946007 Coordinator.h:126] commit: 215495 abort: 614505 (0/614505/0), network size: 0, avg network size: 0, si_in_serializable: 0 0 %, local: 0 %
I1126 13:48:47.903354 946007 Coordinator.h:126] commit: 215906 abort: 614094 (0/614094/0), network size: 0, avg network size: 0, si_in_serializable: 0 0 %, local: 0 %
I1126 13:48:47.903373 946007 Coordinator.h:152] average commit: 214913 abort: 613087 (0/613087/0), network size: 0, avg network size: 0, si_in_serializable: 0 0 %, local: 0 %
I1126 13:48:47.913973 946031 AriaExecutor.h:94] AriaExecutor 8 exits. 
I1126 13:48:47.913983 946027 AriaExecutor.h:94] AriaExecutor 4 exits. 
I1126 13:48:47.913986 946026 AriaExecutor.h:94] AriaExecutor 3 exits. 
I1126 13:48:47.913975 946033 AriaExecutor.h:94] AriaExecutor 10 exits. 
I1126 13:48:47.913985 946028 AriaExecutor.h:94] AriaExecutor 5 exits. 
I1126 13:48:47.913985 946034 AriaExecutor.h:94] AriaExecutor 11 exits. 
I1126 13:48:47.913985 946025 AriaExecutor.h:94] AriaExecutor 2 exits. 
I1126 13:48:47.913985 946032 AriaExecutor.h:94] AriaExecutor 9 exits. 
I1126 13:48:47.913986 946029 AriaExecutor.h:94] AriaExecutor 6 exits. 
I1126 13:48:47.913988 946030 AriaExecutor.h:94] AriaExecutor 7 exits. 
I1126 13:48:47.913975 946023 AriaExecutor.h:94] AriaExecutor 0 exits. 
I1126 13:48:47.913985 946035 Manager.h:227] Manager(worker id = 12) on the coordinator node exits.
I1126 13:48:47.913985 946024 AriaExecutor.h:94] AriaExecutor 1 exits. 
I1126 13:48:47.903381 946007 AriaExecutor.h:535] Worker 0 latency: 9682 us (50%) 10977 us (75%) 11630 us (95%) 11777 us (99%).
I1126 13:48:47.926764 946007 AriaExecutor.h:535] Worker 1 latency: 9647 us (50%) 10961 us (75%) 11624 us (95%) 11769 us (99%).
I1126 13:48:47.951507 946007 AriaExecutor.h:535] Worker 2 latency: 9692 us (50%) 10979 us (75%) 11629 us (95%) 11773 us (99%).
I1126 13:48:47.974931 946007 AriaExecutor.h:535] Worker 3 latency: 9616 us (50%) 10949 us (75%) 11620 us (95%) 11768 us (99%).
I1126 13:48:48.000123 946007 AriaExecutor.h:535] Worker 4 latency: 9637 us (50%) 10959 us (75%) 11624 us (95%) 11770 us (99%).
I1126 13:48:48.023314 946007 AriaExecutor.h:535] Worker 5 latency: 9646 us (50%) 10960 us (75%) 11622 us (95%) 11769 us (99%).
I1126 13:48:48.048134 946007 AriaExecutor.h:535] Worker 6 latency: 9617 us (50%) 10950 us (75%) 11621 us (95%) 11769 us (99%).
I1126 13:48:48.071058 946007 AriaExecutor.h:535] Worker 7 latency: 9588 us (50%) 10936 us (75%) 11617 us (95%) 11765 us (99%).
I1126 13:48:48.096118 946007 AriaExecutor.h:535] Worker 8 latency: 9642 us (50%) 10959 us (75%) 11623 us (95%) 11770 us (99%).
I1126 13:48:48.119340 946007 AriaExecutor.h:535] Worker 9 latency: 9634 us (50%) 10954 us (75%) 11621 us (95%) 11768 us (99%).
I1126 13:48:48.144112 946007 AriaExecutor.h:535] Worker 10 latency: 9655 us (50%) 10961 us (75%) 11624 us (95%) 11771 us (99%).
I1126 13:48:48.167055 946007 AriaExecutor.h:535] Worker 11 latency: 9624 us (50%) 10949 us (75%) 11619 us (95%) 11766 us (99%).
I1126 13:48:48.192240 946007 Coordinator.h:177] total commit: 214913
I1126 13:48:49.192348 946007 Coordinator.h:192] Coordinator exits.
