I1126 19:04:50.328686 1094070 Database.h:65] ycsb initialization finished in 30 milliseconds.
I1126 19:04:50.328795 1094070 Coordinator.h:30] Coordinator initializes 12 workers.
I1126 19:04:50.335748 1094070 Coordinator.h:77] Coordinator starts to run 13 workers.
I1126 19:04:50.335830 1094092 AriaExecutor.h:91] AriaExecutor 0 started. 
I1126 19:04:50.335856 1094093 AriaExecutor.h:91] AriaExecutor 1 started. 
I1126 19:04:50.335893 1094094 AriaExecutor.h:91] AriaExecutor 2 started. 
I1126 19:04:50.335956 1094095 AriaExecutor.h:91] AriaExecutor 3 started. 
I1126 19:04:50.335958 1094096 AriaExecutor.h:91] AriaExecutor 4 started. 
I1126 19:04:50.336023 1094098 AriaExecutor.h:91] AriaExecutor 6 started. 
I1126 19:04:50.336026 1094097 AriaExecutor.h:91] AriaExecutor 5 started. 
I1126 19:04:50.336059 1094099 AriaExecutor.h:91] AriaExecutor 7 started. 
I1126 19:04:50.336107 1094100 AriaExecutor.h:91] AriaExecutor 8 started. 
I1126 19:04:50.336119 1094101 AriaExecutor.h:91] AriaExecutor 9 started. 
I1126 19:04:50.336169 1094102 AriaExecutor.h:91] AriaExecutor 10 started. 
I1126 19:04:50.336174 1094103 AriaExecutor.h:91] AriaExecutor 11 started. 
I1126 19:04:50.336226 1094104 Manager.h:224] Manager(worker id = 12) on the coordinator node started.
I1126 19:04:51.336264 1094070 Coordinator.h:126] commit: 734842 abort: 1365158 (0/1365158/0), network size: 0, avg network size: 0, si_in_serializable: 0 0 %, local: 0 %
I1126 19:04:52.336392 1094070 Coordinator.h:126] commit: 754844 abort: 1405156 (0/1405156/0), network size: 0, avg network size: 0, si_in_serializable: 0 0 %, local: 0 %
I1126 19:04:53.336525 1094070 Coordinator.h:126] commit: 775889 abort: 1444111 (0/1444111/0), network size: 0, avg network size: 0, si_in_serializable: 0 0 %, local: 0 %
I1126 19:04:54.336634 1094070 Coordinator.h:126] commit: 796763 abort: 1483237 (0/1483237/0), network size: 0, avg network size: 0, si_in_serializable: 0 0 %, local: 0 %
I1126 19:04:55.336730 1094070 Coordinator.h:126] commit: 785038 abort: 1464962 (0/1464962/0), network size: 0, avg network size: 0, si_in_serializable: 0 0 %, local: 0 %
I1126 19:04:56.336835 1094070 Coordinator.h:126] commit: 791230 abort: 1468770 (0/1468770/0), network size: 0, avg network size: 0, si_in_serializable: 0 0 %, local: 0 %
I1126 19:04:57.336931 1094070 Coordinator.h:126] commit: 794362 abort: 1475638 (0/1475638/0), network size: 0, avg network size: 0, si_in_serializable: 0 0 %, local: 0 %
I1126 19:04:58.337040 1094070 Coordinator.h:126] commit: 794673 abort: 1475327 (0/1475327/0), network size: 0, avg network size: 0, si_in_serializable: 0 0 %, local: 0 %
I1126 19:04:59.337134 1094070 Coordinator.h:126] commit: 769268 abort: 1430732 (0/1430732/0), network size: 0, avg network size: 0, si_in_serializable: 0 0 %, local: 0 %
I1126 19:05:00.337218 1094070 Coordinator.h:126] commit: 801341 abort: 1488659 (0/1488659/0), network size: 0, avg network size: 0, si_in_serializable: 0 0 %, local: 0 %
I1126 19:05:01.337317 1094070 Coordinator.h:126] commit: 793482 abort: 1476518 (0/1476518/0), network size: 0, avg network size: 0, si_in_serializable: 0 0 %, local: 0 %
I1126 19:05:02.337415 1094070 Coordinator.h:126] commit: 796793 abort: 1483207 (0/1483207/0), network size: 0, avg network size: 0, si_in_serializable: 0 0 %, local: 0 %
I1126 19:05:03.337513 1094070 Coordinator.h:126] commit: 796943 abort: 1483057 (0/1483057/0), network size: 0, avg network size: 0, si_in_serializable: 0 0 %, local: 0 %
I1126 19:05:04.337604 1094070 Coordinator.h:126] commit: 794611 abort: 1475389 (0/1475389/0), network size: 0, avg network size: 0, si_in_serializable: 0 0 %, local: 0 %
I1126 19:05:05.337699 1094070 Coordinator.h:126] commit: 795144 abort: 1484856 (0/1484856/0), network size: 0, avg network size: 0, si_in_serializable: 0 0 %, local: 0 %
I1126 19:05:06.337805 1094070 Coordinator.h:126] commit: 782864 abort: 1456483 (0/1456483/0), network size: 0, avg network size: 0, si_in_serializable: 0 0 %, local: 0 %
I1126 19:05:07.337903 1094070 Coordinator.h:126] commit: 752246 abort: 1398407 (0/1398407/0), network size: 0, avg network size: 0, si_in_serializable: 0 0 %, local: 0 %
I1126 19:05:08.337985 1094070 Coordinator.h:126] commit: 792570 abort: 1477430 (0/1477430/0), network size: 0, avg network size: 0, si_in_serializable: 0 0 %, local: 0 %
I1126 19:05:09.338078 1094070 Coordinator.h:126] commit: 796082 abort: 1483918 (0/1483918/0), network size: 0, avg network size: 0, si_in_serializable: 0 0 %, local: 0 %
I1126 19:05:10.338169 1094070 Coordinator.h:126] commit: 793311 abort: 1476689 (0/1476689/0), network size: 0, avg network size: 0, si_in_serializable: 0 0 %, local: 0 %
I1126 19:05:11.338267 1094070 Coordinator.h:126] commit: 794198 abort: 1475802 (0/1475802/0), network size: 0, avg network size: 0, si_in_serializable: 0 0 %, local: 0 %
I1126 19:05:12.338322 1094070 Coordinator.h:126] commit: 795062 abort: 1484938 (0/1484938/0), network size: 0, avg network size: 0, si_in_serializable: 0 0 %, local: 0 %
I1126 19:05:13.338402 1094070 Coordinator.h:126] commit: 801306 abort: 1488694 (0/1488694/0), network size: 0, avg network size: 0, si_in_serializable: 0 0 %, local: 0 %
I1126 19:05:14.338486 1094070 Coordinator.h:126] commit: 793821 abort: 1476179 (0/1476179/0), network size: 0, avg network size: 0, si_in_serializable: 0 0 %, local: 0 %
I1126 19:05:15.338565 1094070 Coordinator.h:126] commit: 793735 abort: 1476265 (0/1476265/0), network size: 0, avg network size: 0, si_in_serializable: 0 0 %, local: 0 %
I1126 19:05:15.338577 1094070 Coordinator.h:152] average commit: 789405 abort: 1.4696e+06 (0/1.4696e+06/0), network size: 0, avg network size: 0, si_in_serializable: 0 0 %, local: 0 %
I1126 19:05:15.338913 1094102 AriaExecutor.h:103] AriaExecutor 10 exits. 
I1126 19:05:15.338913 1094094 AriaExecutor.h:103] AriaExecutor 2 exits. 
I1126 19:05:15.338917 1094098 AriaExecutor.h:103] AriaExecutor 6 exits. 
I1126 19:05:15.338917 1094104 Manager.h:227] Manager(worker id = 12) on the coordinator node exits.
I1126 19:05:15.338915 1094096 AriaExecutor.h:103] AriaExecutor 4 exits. 
I1126 19:05:15.338928 1094101 AriaExecutor.h:103] AriaExecutor 9 exits. 
I1126 19:05:15.338928 1094093 AriaExecutor.h:103] AriaExecutor 1 exits. 
I1126 19:05:15.338928 1094095 AriaExecutor.h:103] AriaExecutor 3 exits. 
I1126 19:05:15.338917 1094100 AriaExecutor.h:103] AriaExecutor 8 exits. 
I1126 19:05:15.338928 1094097 AriaExecutor.h:103] AriaExecutor 5 exits. 
I1126 19:05:15.338928 1094103 AriaExecutor.h:103] AriaExecutor 11 exits. 
I1126 19:05:15.338928 1094099 AriaExecutor.h:103] AriaExecutor 7 exits. 
I1126 19:05:15.338918 1094092 AriaExecutor.h:103] AriaExecutor 0 exits. 
I1126 19:05:15.338588 1094070 AriaExecutor.h:621] Worker 0 latency: 3322 us (50%) 3806 us (75%) 4149 us (95%) 4291 us (99%).
I1126 19:05:15.408737 1094070 AriaExecutor.h:621] Worker 1 latency: 3325 us (50%) 3804 us (75%) 4146 us (95%) 4284 us (99%).
I1126 19:05:15.488958 1094070 AriaExecutor.h:621] Worker 2 latency: 3341 us (50%) 3814 us (75%) 4151 us (95%) 4295 us (99%).
I1126 19:05:15.560241 1094070 AriaExecutor.h:621] Worker 3 latency: 3339 us (50%) 3813 us (75%) 4149 us (95%) 4287 us (99%).
I1126 19:05:15.640128 1094070 AriaExecutor.h:621] Worker 4 latency: 3321 us (50%) 3805 us (75%) 4147 us (95%) 4289 us (99%).
I1126 19:05:15.711139 1094070 AriaExecutor.h:621] Worker 5 latency: 3330 us (50%) 3807 us (75%) 4146 us (95%) 4284 us (99%).
I1126 19:05:15.789522 1094070 AriaExecutor.h:621] Worker 6 latency: 3337 us (50%) 3812 us (75%) 4149 us (95%) 4291 us (99%).
I1126 19:05:15.860545 1094070 AriaExecutor.h:621] Worker 7 latency: 3336 us (50%) 3810 us (75%) 4146 us (95%) 4284 us (99%).
I1126 19:05:15.939159 1094070 AriaExecutor.h:621] Worker 8 latency: 3326 us (50%) 3807 us (75%) 4147 us (95%) 4292 us (99%).
I1126 19:05:16.010187 1094070 AriaExecutor.h:621] Worker 9 latency: 3335 us (50%) 3810 us (75%) 4146 us (95%) 4283 us (99%).
I1126 19:05:16.088284 1094070 AriaExecutor.h:621] Worker 10 latency: 3333 us (50%) 3810 us (75%) 4149 us (95%) 4293 us (99%).
I1126 19:05:16.159430 1094070 AriaExecutor.h:621] Worker 11 latency: 3331 us (50%) 3808 us (75%) 4146 us (95%) 4284 us (99%).
I1126 19:05:16.238817 1094070 Coordinator.h:177] total commit: 789405
I1126 19:05:17.238929 1094070 Coordinator.h:192] Coordinator exits.
