I1126 15:14:07.703078 997314 Database.h:65] ycsb initialization finished in 29 milliseconds.
I1126 15:14:07.703186 997314 Coordinator.h:30] Coordinator initializes 12 workers.
I1126 15:14:07.710017 997314 Coordinator.h:77] Coordinator starts to run 13 workers.
I1126 15:14:07.710072 997330 AriaExecutor.h:95] AriaExecutor 0 started. 
I1126 15:14:07.710104 997331 AriaExecutor.h:95] AriaExecutor 1 started. 
I1126 15:14:07.710136 997332 AriaExecutor.h:95] AriaExecutor 2 started. 
I1126 15:14:07.710207 997333 AriaExecutor.h:95] AriaExecutor 3 started. 
I1126 15:14:07.710238 997334 AriaExecutor.h:95] AriaExecutor 4 started. 
I1126 15:14:07.710294 997335 AriaExecutor.h:95] AriaExecutor 5 started. 
I1126 15:14:07.710345 997336 AriaExecutor.h:95] AriaExecutor 6 started. 
I1126 15:14:07.710400 997337 AriaExecutor.h:95] AriaExecutor 7 started. 
I1126 15:14:07.710445 997338 AriaExecutor.h:95] AriaExecutor 8 started. 
I1126 15:14:07.710495 997339 AriaExecutor.h:95] AriaExecutor 9 started. 
I1126 15:14:07.710539 997340 AriaExecutor.h:95] AriaExecutor 10 started. 
I1126 15:14:07.710597 997341 AriaExecutor.h:95] AriaExecutor 11 started. 
I1126 15:14:07.710640 997342 Manager.h:224] Manager(worker id = 12) on the coordinator node started.
I1126 15:14:08.710707 997314 Coordinator.h:126] commit: 968572 abort: 321428 (0/321428/0), network size: 0, avg network size: 0, si_in_serializable: 0 0 %, local: 0 %
I1126 15:14:09.710834 997314 Coordinator.h:126] commit: 960322 abort: 319678 (0/319678/0), network size: 0, avg network size: 0, si_in_serializable: 0 0 %, local: 0 %
I1126 15:14:10.710968 997314 Coordinator.h:126] commit: 975484 abort: 324516 (0/324516/0), network size: 0, avg network size: 0, si_in_serializable: 0 0 %, local: 0 %
I1126 15:14:11.711084 997314 Coordinator.h:126] commit: 967812 abort: 322188 (0/322188/0), network size: 0, avg network size: 0, si_in_serializable: 0 0 %, local: 0 %
I1126 15:14:12.711194 997314 Coordinator.h:126] commit: 982589 abort: 327411 (0/327411/0), network size: 0, avg network size: 0, si_in_serializable: 0 0 %, local: 0 %
I1126 15:14:13.711298 997314 Coordinator.h:126] commit: 968353 abort: 321647 (0/321647/0), network size: 0, avg network size: 0, si_in_serializable: 0 0 %, local: 0 %
I1126 15:14:14.711434 997314 Coordinator.h:126] commit: 960221 abort: 319779 (0/319779/0), network size: 0, avg network size: 0, si_in_serializable: 0 0 %, local: 0 %
I1126 15:14:15.711548 997314 Coordinator.h:126] commit: 975792 abort: 324208 (0/324208/0), network size: 0, avg network size: 0, si_in_serializable: 0 0 %, local: 0 %
I1126 15:14:16.711653 997314 Coordinator.h:126] commit: 974832 abort: 325168 (0/325168/0), network size: 0, avg network size: 0, si_in_serializable: 0 0 %, local: 0 %
I1126 15:14:17.711791 997314 Coordinator.h:126] commit: 982666 abort: 327334 (0/327334/0), network size: 0, avg network size: 0, si_in_serializable: 0 0 %, local: 0 %
I1126 15:14:18.711892 997314 Coordinator.h:126] commit: 975881 abort: 324119 (0/324119/0), network size: 0, avg network size: 0, si_in_serializable: 0 0 %, local: 0 %
I1126 15:14:19.711999 997314 Coordinator.h:126] commit: 975385 abort: 324615 (0/324615/0), network size: 0, avg network size: 0, si_in_serializable: 0 0 %, local: 0 %
I1126 15:14:20.712101 997314 Coordinator.h:126] commit: 945234 abort: 314766 (0/314766/0), network size: 0, avg network size: 0, si_in_serializable: 0 0 %, local: 0 %
I1126 15:14:21.712212 997314 Coordinator.h:126] commit: 975227 abort: 324773 (0/324773/0), network size: 0, avg network size: 0, si_in_serializable: 0 0 %, local: 0 %
I1126 15:14:22.712314 997314 Coordinator.h:126] commit: 974880 abort: 325120 (0/325120/0), network size: 0, avg network size: 0, si_in_serializable: 0 0 %, local: 0 %
I1126 15:14:23.712416 997314 Coordinator.h:126] commit: 983744 abort: 325643 (0/325643/0), network size: 0, avg network size: 0, si_in_serializable: 0 0 %, local: 0 %
I1126 15:14:24.712517 997314 Coordinator.h:126] commit: 975036 abort: 325577 (0/325577/0), network size: 0, avg network size: 0, si_in_serializable: 0 0 %, local: 0 %
I1126 15:14:25.712620 997314 Coordinator.h:126] commit: 976413 abort: 323587 (0/323587/0), network size: 0, avg network size: 0, si_in_serializable: 0 0 %, local: 0 %
I1126 15:14:26.712721 997314 Coordinator.h:126] commit: 974384 abort: 325616 (0/325616/0), network size: 0, avg network size: 0, si_in_serializable: 0 0 %, local: 0 %
I1126 15:14:27.712824 997314 Coordinator.h:126] commit: 983311 abort: 326689 (0/326689/0), network size: 0, avg network size: 0, si_in_serializable: 0 0 %, local: 0 %
I1126 15:14:28.712949 997314 Coordinator.h:126] commit: 960119 abort: 319881 (0/319881/0), network size: 0, avg network size: 0, si_in_serializable: 0 0 %, local: 0 %
I1126 15:14:29.713058 997314 Coordinator.h:126] commit: 975590 abort: 324410 (0/324410/0), network size: 0, avg network size: 0, si_in_serializable: 0 0 %, local: 0 %
I1126 15:14:30.713160 997314 Coordinator.h:126] commit: 974758 abort: 325242 (0/325242/0), network size: 0, avg network size: 0, si_in_serializable: 0 0 %, local: 0 %
I1126 15:14:31.713261 997314 Coordinator.h:126] commit: 973675 abort: 323258 (0/323258/0), network size: 0, avg network size: 0, si_in_serializable: 0 0 %, local: 0 %
I1126 15:14:32.713362 997314 Coordinator.h:126] commit: 969568 abort: 323499 (0/323499/0), network size: 0, avg network size: 0, si_in_serializable: 0 0 %, local: 0 %
I1126 15:14:32.713392 997314 Coordinator.h:152] average commit: 973950 abort: 324050 (0/324050/0), network size: 0, avg network size: 0, si_in_serializable: 0 0 %, local: 0 %
I1126 15:14:32.715866 997342 Manager.h:227] Manager(worker id = 12) on the coordinator node exits.
I1126 15:14:32.715870 997338 AriaExecutor.h:107] AriaExecutor 8 exits. 
I1126 15:14:32.715871 997336 AriaExecutor.h:107] AriaExecutor 6 exits. 
I1126 15:14:32.715867 997340 AriaExecutor.h:107] AriaExecutor 10 exits. 
I1126 15:14:32.715886 997331 AriaExecutor.h:107] AriaExecutor 1 exits. 
I1126 15:14:32.715873 997330 AriaExecutor.h:107] AriaExecutor 0 exits. 
I1126 15:14:32.715871 997334 AriaExecutor.h:107] AriaExecutor 4 exits. 
I1126 15:14:32.715873 997332 AriaExecutor.h:107] AriaExecutor 2 exits. 
I1126 15:14:32.715886 997337 AriaExecutor.h:107] AriaExecutor 7 exits. 
I1126 15:14:32.715886 997335 AriaExecutor.h:107] AriaExecutor 5 exits. 
I1126 15:14:32.715895 997341 AriaExecutor.h:107] AriaExecutor 11 exits. 
I1126 15:14:32.715896 997339 AriaExecutor.h:107] AriaExecutor 9 exits. 
I1126 15:14:32.715886 997333 AriaExecutor.h:107] AriaExecutor 3 exits. 
I1126 15:14:32.713405 997314 AriaExecutor.h:705] Worker 0 latency: 6007 us (50%) 6451 us (75%) 6766 us (95%) 6868 us (99%).
I1126 15:14:32.792510 997314 AriaExecutor.h:705] Worker 1 latency: 5995 us (50%) 6443 us (75%) 6763 us (95%) 6866 us (99%).
I1126 15:14:32.876863 997314 AriaExecutor.h:705] Worker 2 latency: 6014 us (50%) 6449 us (75%) 6760 us (95%) 6860 us (99%).
I1126 15:14:32.953877 997314 AriaExecutor.h:705] Worker 3 latency: 5996 us (50%) 6445 us (75%) 6763 us (95%) 6864 us (99%).
I1126 15:14:33.038754 997314 AriaExecutor.h:705] Worker 4 latency: 6008 us (50%) 6449 us (75%) 6764 us (95%) 6865 us (99%).
I1126 15:14:33.117599 997314 AriaExecutor.h:705] Worker 5 latency: 5995 us (50%) 6443 us (75%) 6762 us (95%) 6863 us (99%).
I1126 15:14:33.202457 997314 AriaExecutor.h:705] Worker 6 latency: 6015 us (50%) 6452 us (75%) 6764 us (95%) 6862 us (99%).
I1126 15:14:33.280138 997314 AriaExecutor.h:705] Worker 7 latency: 5998 us (50%) 6447 us (75%) 6764 us (95%) 6865 us (99%).
I1126 15:14:33.364595 997314 AriaExecutor.h:705] Worker 8 latency: 6007 us (50%) 6448 us (75%) 6762 us (95%) 6862 us (99%).
I1126 15:14:33.443013 997314 AriaExecutor.h:705] Worker 9 latency: 6000 us (50%) 6446 us (75%) 6763 us (95%) 6865 us (99%).
I1126 15:14:33.525666 997314 AriaExecutor.h:705] Worker 10 latency: 6016 us (50%) 6453 us (75%) 6764 us (95%) 6863 us (99%).
I1126 15:14:33.604209 997314 AriaExecutor.h:705] Worker 11 latency: 5999 us (50%) 6448 us (75%) 6765 us (95%) 6866 us (99%).
I1126 15:14:33.688010 997314 Coordinator.h:177] total commit: 973950
I1126 15:14:34.688131 997314 Coordinator.h:192] Coordinator exits.
