I0911 23:15:08.524505 2944485 Database.h:65] ycsb initialization finished in 183 milliseconds.
I0911 23:15:08.524616 2944485 Coordinator.h:30] Coordinator initializes 16 workers.
I0911 23:15:08.532441 2944485 Coordinator.h:77] Coordinator starts to run 17 workers.
I0911 23:15:08.532495 2944505 AriaExecutor.h:82] AriaExecutor 0 started. 
I0911 23:15:08.532536 2944506 AriaExecutor.h:82] AriaExecutor 1 started. 
I0911 23:15:08.532573 2944507 AriaExecutor.h:82] AriaExecutor 2 started. 
I0911 23:15:08.532621 2944508 AriaExecutor.h:82] AriaExecutor 3 started. 
I0911 23:15:08.532648 2944509 AriaExecutor.h:82] AriaExecutor 4 started. 
I0911 23:15:08.532696 2944510 AriaExecutor.h:82] AriaExecutor 5 started. 
I0911 23:15:08.532739 2944511 AriaExecutor.h:82] AriaExecutor 6 started. 
I0911 23:15:08.532779 2944512 AriaExecutor.h:82] AriaExecutor 7 started. 
I0911 23:15:08.532824 2944513 AriaExecutor.h:82] AriaExecutor 8 started. 
I0911 23:15:08.532861 2944514 AriaExecutor.h:82] AriaExecutor 9 started. 
I0911 23:15:08.532899 2944515 AriaExecutor.h:82] AriaExecutor 10 started. 
I0911 23:15:08.532946 2944516 AriaExecutor.h:82] AriaExecutor 11 started. 
I0911 23:15:08.533010 2944517 AriaExecutor.h:82] AriaExecutor 12 started. 
I0911 23:15:08.533058 2944518 AriaExecutor.h:82] AriaExecutor 13 started. 
I0911 23:15:08.533097 2944519 AriaExecutor.h:82] AriaExecutor 14 started. 
I0911 23:15:08.533140 2944520 AriaExecutor.h:82] AriaExecutor 15 started. 
I0911 23:15:08.533176 2944521 Manager.h:224] Manager(worker id = 16) on the coordinator node started.
I0911 23:15:09.533226 2944485 Coordinator.h:126] commit: 1095377 abort: 4399 (0/4399/0), network size: 0, avg network size: 0, si_in_serializable: 0 0 %, local: 0 %
I0911 23:15:10.533336 2944485 Coordinator.h:126] commit: 1085057 abort: 4479 (0/4479/0), network size: 0, avg network size: 0, si_in_serializable: 0 0 %, local: 0 %
I0911 23:15:11.533416 2944485 Coordinator.h:126] commit: 1051501 abort: 4243 (0/4243/0), network size: 0, avg network size: 0, si_in_serializable: 0 0 %, local: 0 %
I0911 23:15:12.533500 2944485 Coordinator.h:126] commit: 1062679 abort: 4329 (0/4329/0), network size: 0, avg network size: 0, si_in_serializable: 0 0 %, local: 0 %
I0911 23:15:13.533601 2944485 Coordinator.h:126] commit: 1098360 abort: 4488 (0/4488/0), network size: 0, avg network size: 0, si_in_serializable: 0 0 %, local: 0 %
I0911 23:15:14.533684 2944485 Coordinator.h:126] commit: 1107534 abort: 4530 (0/4530/0), network size: 0, avg network size: 0, si_in_serializable: 0 0 %, local: 0 %
I0911 23:15:15.533764 2944485 Coordinator.h:126] commit: 1108602 abort: 4486 (0/4486/0), network size: 0, avg network size: 0, si_in_serializable: 0 0 %, local: 0 %
I0911 23:15:16.533846 2944485 Coordinator.h:126] commit: 1086171 abort: 4389 (0/4389/0), network size: 0, avg network size: 0, si_in_serializable: 0 0 %, local: 0 %
I0911 23:15:17.533927 2944485 Coordinator.h:126] commit: 1106682 abort: 4358 (0/4358/0), network size: 0, avg network size: 0, si_in_serializable: 0 0 %, local: 0 %
I0911 23:15:18.533998 2944485 Coordinator.h:126] commit: 1087079 abort: 4505 (0/4505/0), network size: 0, avg network size: 0, si_in_serializable: 0 0 %, local: 0 %
I0911 23:15:19.534072 2944485 Coordinator.h:126] commit: 1107579 abort: 4485 (0/4485/0), network size: 0, avg network size: 0, si_in_serializable: 0 0 %, local: 0 %
I0911 23:15:20.534155 2944485 Coordinator.h:126] commit: 1072809 abort: 4439 (0/4439/0), network size: 0, avg network size: 0, si_in_serializable: 0 0 %, local: 0 %
I0911 23:15:21.534233 2944485 Coordinator.h:126] commit: 1107407 abort: 4657 (0/4657/0), network size: 0, avg network size: 0, si_in_serializable: 0 0 %, local: 0 %
I0911 23:15:22.534305 2944485 Coordinator.h:126] commit: 1091313 abort: 4367 (0/4367/0), network size: 0, avg network size: 0, si_in_serializable: 0 0 %, local: 0 %
I0911 23:15:23.534380 2944485 Coordinator.h:126] commit: 1108592 abort: 4496 (0/4496/0), network size: 0, avg network size: 0, si_in_serializable: 0 0 %, local: 0 %
I0911 23:15:24.534487 2944485 Coordinator.h:126] commit: 1076997 abort: 4347 (0/4347/0), network size: 0, avg network size: 0, si_in_serializable: 0 0 %, local: 0 %
I0911 23:15:25.534577 2944485 Coordinator.h:126] commit: 1107557 abort: 4507 (0/4507/0), network size: 0, avg network size: 0, si_in_serializable: 0 0 %, local: 0 %
I0911 23:15:26.534649 2944485 Coordinator.h:126] commit: 1107610 abort: 4454 (0/4454/0), network size: 0, avg network size: 0, si_in_serializable: 0 0 %, local: 0 %
I0911 23:15:27.534722 2944485 Coordinator.h:126] commit: 1107558 abort: 4506 (0/4506/0), network size: 0, avg network size: 0, si_in_serializable: 0 0 %, local: 0 %
I0911 23:15:28.534797 2944485 Coordinator.h:126] commit: 1106065 abort: 4602 (0/4602/0), network size: 0, avg network size: 0, si_in_serializable: 0 0 %, local: 0 %
I0911 23:15:29.534871 2944485 Coordinator.h:126] commit: 1106855 abort: 4558 (0/4558/0), network size: 0, avg network size: 0, si_in_serializable: 0 0 %, local: 0 %
I0911 23:15:30.534945 2944485 Coordinator.h:126] commit: 1107528 abort: 4536 (0/4536/0), network size: 0, avg network size: 0, si_in_serializable: 0 0 %, local: 0 %
I0911 23:15:31.535019 2944485 Coordinator.h:126] commit: 1107522 abort: 4542 (0/4542/0), network size: 0, avg network size: 0, si_in_serializable: 0 0 %, local: 0 %
I0911 23:15:32.535099 2944485 Coordinator.h:126] commit: 1106430 abort: 4610 (0/4610/0), network size: 0, avg network size: 0, si_in_serializable: 0 0 %, local: 0 %
I0911 23:15:33.535176 2944485 Coordinator.h:126] commit: 1106624 abort: 4416 (0/4416/0), network size: 0, avg network size: 0, si_in_serializable: 0 0 %, local: 0 %
I0911 23:15:33.535187 2944485 Coordinator.h:152] average commit: 1.09935e+06 abort: 4486 (0/4486/0), network size: 0, avg network size: 0, si_in_serializable: 0 0 %, local: 0 %
I0911 23:15:33.535650 2944515 AriaExecutor.h:94] AriaExecutor 10 exits. 
I0911 23:15:33.535651 2944505 AriaExecutor.h:94] AriaExecutor 0 exits. 
I0911 23:15:33.535665 2944510 AriaExecutor.h:94] AriaExecutor 5 exits. 
I0911 23:15:33.535652 2944519 AriaExecutor.h:94] AriaExecutor 14 exits. 
I0911 23:15:33.535652 2944511 AriaExecutor.h:94] AriaExecutor 6 exits. 
I0911 23:15:33.535665 2944506 AriaExecutor.h:94] AriaExecutor 1 exits. 
I0911 23:15:33.535651 2944509 AriaExecutor.h:94] AriaExecutor 4 exits. 
I0911 23:15:33.535666 2944508 AriaExecutor.h:94] AriaExecutor 3 exits. 
I0911 23:15:33.535667 2944518 AriaExecutor.h:94] AriaExecutor 13 exits. 
I0911 23:15:33.535655 2944513 AriaExecutor.h:94] AriaExecutor 8 exits. 
I0911 23:15:33.535666 2944516 AriaExecutor.h:94] AriaExecutor 11 exits. 
I0911 23:15:33.535666 2944520 AriaExecutor.h:94] AriaExecutor 15 exits. 
I0911 23:15:33.535666 2944512 AriaExecutor.h:94] AriaExecutor 7 exits. 
I0911 23:15:33.535655 2944507 AriaExecutor.h:94] AriaExecutor 2 exits. 
I0911 23:15:33.535655 2944517 AriaExecutor.h:94] AriaExecutor 12 exits. 
I0911 23:15:33.535653 2944521 Manager.h:227] Manager(worker id = 16) on the coordinator node exits.
I0911 23:15:33.535666 2944514 AriaExecutor.h:94] AriaExecutor 9 exits. 
I0911 23:15:33.535197 2944485 AriaExecutor.h:641] Worker 0 latency: 579 us (50%) 730 us (75%) 851 us (95%) 877 us (99%).
I0911 23:15:33.604087 2944485 AriaExecutor.h:641] Worker 1 latency: 576 us (50%) 727 us (75%) 849 us (95%) 876 us (99%).
I0911 23:15:33.679450 2944485 AriaExecutor.h:641] Worker 2 latency: 582 us (50%) 731 us (75%) 851 us (95%) 877 us (99%).
I0911 23:15:33.747561 2944485 AriaExecutor.h:641] Worker 3 latency: 576 us (50%) 727 us (75%) 849 us (95%) 876 us (99%).
I0911 23:15:33.822238 2944485 AriaExecutor.h:641] Worker 4 latency: 580 us (50%) 731 us (75%) 851 us (95%) 878 us (99%).
I0911 23:15:33.889762 2944485 AriaExecutor.h:641] Worker 5 latency: 576 us (50%) 727 us (75%) 849 us (95%) 876 us (99%).
I0911 23:15:33.965623 2944485 AriaExecutor.h:641] Worker 6 latency: 581 us (50%) 731 us (75%) 851 us (95%) 877 us (99%).
I0911 23:15:34.032641 2944485 AriaExecutor.h:641] Worker 7 latency: 576 us (50%) 727 us (75%) 849 us (95%) 876 us (99%).
I0911 23:15:34.107580 2944485 AriaExecutor.h:641] Worker 8 latency: 580 us (50%) 730 us (75%) 850 us (95%) 877 us (99%).
I0911 23:15:34.176283 2944485 AriaExecutor.h:641] Worker 9 latency: 576 us (50%) 727 us (75%) 849 us (95%) 876 us (99%).
I0911 23:15:34.253495 2944485 AriaExecutor.h:641] Worker 10 latency: 581 us (50%) 731 us (75%) 851 us (95%) 877 us (99%).
I0911 23:15:34.321132 2944485 AriaExecutor.h:641] Worker 11 latency: 577 us (50%) 727 us (75%) 849 us (95%) 876 us (99%).
I0911 23:15:34.398888 2944485 AriaExecutor.h:641] Worker 12 latency: 581 us (50%) 731 us (75%) 851 us (95%) 877 us (99%).
I0911 23:15:34.467819 2944485 AriaExecutor.h:641] Worker 13 latency: 576 us (50%) 727 us (75%) 849 us (95%) 876 us (99%).
I0911 23:15:34.543574 2944485 AriaExecutor.h:641] Worker 14 latency: 580 us (50%) 730 us (75%) 850 us (95%) 877 us (99%).
I0911 23:15:34.611353 2944485 AriaExecutor.h:641] Worker 15 latency: 576 us (50%) 727 us (75%) 849 us (95%) 876 us (99%).
I0911 23:15:34.688079 2944485 Coordinator.h:177] total commit: 1.09935e+06
I0911 23:15:35.688192 2944485 Coordinator.h:192] Coordinator exits.
