I0911 23:35:43.641297 2948372 Database.h:65] ycsb initialization finished in 148 milliseconds.
I0911 23:35:43.641412 2948372 Coordinator.h:30] Coordinator initializes 16 workers.
I0911 23:35:43.656706 2948372 Coordinator.h:77] Coordinator starts to run 17 workers.
I0911 23:35:43.656762 2948394 AriaExecutor.h:82] AriaExecutor 0 started. 
I0911 23:35:43.656793 2948395 AriaExecutor.h:82] AriaExecutor 1 started. 
I0911 23:35:43.656836 2948396 AriaExecutor.h:82] AriaExecutor 2 started. 
I0911 23:35:43.656880 2948397 AriaExecutor.h:82] AriaExecutor 3 started. 
I0911 23:35:43.656906 2948398 AriaExecutor.h:82] AriaExecutor 4 started. 
I0911 23:35:43.656968 2948399 AriaExecutor.h:82] AriaExecutor 5 started. 
I0911 23:35:43.657013 2948400 AriaExecutor.h:82] AriaExecutor 6 started. 
I0911 23:35:43.657052 2948401 AriaExecutor.h:82] AriaExecutor 7 started. 
I0911 23:35:43.657092 2948402 AriaExecutor.h:82] AriaExecutor 8 started. 
I0911 23:35:43.657131 2948403 AriaExecutor.h:82] AriaExecutor 9 started. 
I0911 23:35:43.657162 2948404 AriaExecutor.h:82] AriaExecutor 10 started. 
I0911 23:35:43.657214 2948405 AriaExecutor.h:82] AriaExecutor 11 started. 
I0911 23:35:43.657246 2948406 AriaExecutor.h:82] AriaExecutor 12 started. 
I0911 23:35:43.657286 2948407 AriaExecutor.h:82] AriaExecutor 13 started. 
I0911 23:35:43.657318 2948408 AriaExecutor.h:82] AriaExecutor 14 started. 
I0911 23:35:43.657361 2948409 AriaExecutor.h:82] AriaExecutor 15 started. 
I0911 23:35:43.657398 2948410 Manager.h:224] Manager(worker id = 16) on the coordinator node started.
I0911 23:35:44.657461 2948372 Coordinator.h:126] commit: 141359 abort: 83921 (0/83921/0), network size: 0, avg network size: 0, si_in_serializable: 0 0 %, local: 0 %
I0911 23:35:45.657606 2948372 Coordinator.h:126] commit: 145874 abort: 87598 (0/87598/0), network size: 0, avg network size: 0, si_in_serializable: 0 0 %, local: 0 %
I0911 23:35:46.657687 2948372 Coordinator.h:126] commit: 142298 abort: 85030 (0/85030/0), network size: 0, avg network size: 0, si_in_serializable: 0 0 %, local: 0 %
I0911 23:35:47.657768 2948372 Coordinator.h:126] commit: 146354 abort: 87118 (0/87118/0), network size: 0, avg network size: 0, si_in_serializable: 0 0 %, local: 0 %
I0911 23:35:48.657881 2948372 Coordinator.h:126] commit: 152727 abort: 90985 (0/90985/0), network size: 0, avg network size: 0, si_in_serializable: 0 0 %, local: 0 %
I0911 23:35:49.657966 2948372 Coordinator.h:126] commit: 153921 abort: 91839 (0/91839/0), network size: 0, avg network size: 0, si_in_serializable: 0 0 %, local: 0 %
I0911 23:35:50.658047 2948372 Coordinator.h:126] commit: 153889 abort: 91871 (0/91871/0), network size: 0, avg network size: 0, si_in_serializable: 0 0 %, local: 0 %
I0911 23:35:51.658128 2948372 Coordinator.h:126] commit: 152482 abort: 91230 (0/91230/0), network size: 0, avg network size: 0, si_in_serializable: 0 0 %, local: 0 %
I0911 23:35:52.658210 2948372 Coordinator.h:126] commit: 149860 abort: 89756 (0/89756/0), network size: 0, avg network size: 0, si_in_serializable: 0 0 %, local: 0 %
I0911 23:35:53.658293 2948372 Coordinator.h:126] commit: 151413 abort: 90251 (0/90251/0), network size: 0, avg network size: 0, si_in_serializable: 0 0 %, local: 0 %
I0911 23:35:54.658370 2948372 Coordinator.h:126] commit: 155220 abort: 92588 (0/92588/0), network size: 0, avg network size: 0, si_in_serializable: 0 0 %, local: 0 %
I0911 23:35:55.658468 2948372 Coordinator.h:126] commit: 154971 abort: 92837 (0/92837/0), network size: 0, avg network size: 0, si_in_serializable: 0 0 %, local: 0 %
I0911 23:35:56.658556 2948372 Coordinator.h:126] commit: 154983 abort: 92825 (0/92825/0), network size: 0, avg network size: 0, si_in_serializable: 0 0 %, local: 0 %
I0911 23:35:57.658634 2948372 Coordinator.h:126] commit: 155193 abort: 92615 (0/92615/0), network size: 0, avg network size: 0, si_in_serializable: 0 0 %, local: 0 %
I0911 23:35:58.658713 2948372 Coordinator.h:126] commit: 155595 abort: 92213 (0/92213/0), network size: 0, avg network size: 0, si_in_serializable: 0 0 %, local: 0 %
I0911 23:35:59.658793 2948372 Coordinator.h:126] commit: 155255 abort: 92553 (0/92553/0), network size: 0, avg network size: 0, si_in_serializable: 0 0 %, local: 0 %
I0911 23:36:00.658878 2948372 Coordinator.h:126] commit: 154053 abort: 91707 (0/91707/0), network size: 0, avg network size: 0, si_in_serializable: 0 0 %, local: 0 %
I0911 23:36:01.658959 2948372 Coordinator.h:126] commit: 151514 abort: 90150 (0/90150/0), network size: 0, avg network size: 0, si_in_serializable: 0 0 %, local: 0 %
I0911 23:36:02.659045 2948372 Coordinator.h:126] commit: 151359 abort: 90305 (0/90305/0), network size: 0, avg network size: 0, si_in_serializable: 0 0 %, local: 0 %
I0911 23:36:03.659147 2948372 Coordinator.h:126] commit: 153904 abort: 91856 (0/91856/0), network size: 0, avg network size: 0, si_in_serializable: 0 0 %, local: 0 %
I0911 23:36:04.659240 2948372 Coordinator.h:126] commit: 153934 abort: 91826 (0/91826/0), network size: 0, avg network size: 0, si_in_serializable: 0 0 %, local: 0 %
I0911 23:36:05.659318 2948372 Coordinator.h:126] commit: 153745 abort: 92015 (0/92015/0), network size: 0, avg network size: 0, si_in_serializable: 0 0 %, local: 0 %
I0911 23:36:06.659396 2948372 Coordinator.h:126] commit: 153833 abort: 91927 (0/91927/0), network size: 0, avg network size: 0, si_in_serializable: 0 0 %, local: 0 %
I0911 23:36:07.659476 2948372 Coordinator.h:126] commit: 153840 abort: 91920 (0/91920/0), network size: 0, avg network size: 0, si_in_serializable: 0 0 %, local: 0 %
I0911 23:36:08.659564 2948372 Coordinator.h:126] commit: 153718 abort: 92042 (0/92042/0), network size: 0, avg network size: 0, si_in_serializable: 0 0 %, local: 0 %
I0911 23:36:08.659576 2948372 Coordinator.h:152] average commit: 154205 abort: 91964.9 (0/91964.9/0), network size: 0, avg network size: 0, si_in_serializable: 0 0 %, local: 0 %
I0911 23:36:08.664289 2948400 AriaExecutor.h:94] AriaExecutor 6 exits. 
I0911 23:36:08.664286 2948396 AriaExecutor.h:94] AriaExecutor 2 exits. 
I0911 23:36:08.664289 2948410 Manager.h:227] Manager(worker id = 16) on the coordinator node exits.
I0911 23:36:08.664290 2948404 AriaExecutor.h:94] AriaExecutor 10 exits. 
I0911 23:36:08.664292 2948406 AriaExecutor.h:94] AriaExecutor 12 exits. 
I0911 23:36:08.664309 2948403 AriaExecutor.h:94] AriaExecutor 9 exits. 
I0911 23:36:08.664306 2948402 AriaExecutor.h:94] AriaExecutor 8 exits. 
I0911 23:36:08.664294 2948408 AriaExecutor.h:94] AriaExecutor 14 exits. 
I0911 23:36:08.664290 2948398 AriaExecutor.h:94] AriaExecutor 4 exits. 
I0911 23:36:08.664310 2948409 AriaExecutor.h:94] AriaExecutor 15 exits. 
I0911 23:36:08.664310 2948401 AriaExecutor.h:94] AriaExecutor 7 exits. 
I0911 23:36:08.664310 2948407 AriaExecutor.h:94] AriaExecutor 13 exits. 
I0911 23:36:08.664310 2948399 AriaExecutor.h:94] AriaExecutor 5 exits. 
I0911 23:36:08.664310 2948395 AriaExecutor.h:94] AriaExecutor 1 exits. 
I0911 23:36:08.664310 2948397 AriaExecutor.h:94] AriaExecutor 3 exits. 
I0911 23:36:08.664310 2948405 AriaExecutor.h:94] AriaExecutor 11 exits. 
I0911 23:36:08.664291 2948394 AriaExecutor.h:94] AriaExecutor 0 exits. 
I0911 23:36:08.659587 2948372 AriaExecutor.h:641] Worker 0 latency: 6280 us (50%) 7244 us (75%) 7894 us (95%) 8301 us (99%).
I0911 23:36:08.672001 2948372 AriaExecutor.h:641] Worker 1 latency: 6279 us (50%) 7239 us (75%) 7888 us (95%) 8271 us (99%).
I0911 23:36:08.685104 2948372 AriaExecutor.h:641] Worker 2 latency: 6310 us (50%) 7255 us (75%) 7894 us (95%) 8296 us (99%).
I0911 23:36:08.697083 2948372 AriaExecutor.h:641] Worker 3 latency: 6297 us (50%) 7249 us (75%) 7892 us (95%) 8283 us (99%).
I0911 23:36:08.709946 2948372 AriaExecutor.h:641] Worker 4 latency: 6281 us (50%) 7242 us (75%) 7890 us (95%) 8285 us (99%).
I0911 23:36:08.722133 2948372 AriaExecutor.h:641] Worker 5 latency: 6277 us (50%) 7241 us (75%) 7891 us (95%) 8274 us (99%).
I0911 23:36:08.735056 2948372 AriaExecutor.h:641] Worker 6 latency: 6297 us (50%) 7251 us (75%) 7894 us (95%) 8298 us (99%).
I0911 23:36:08.747130 2948372 AriaExecutor.h:641] Worker 7 latency: 6296 us (50%) 7248 us (75%) 7891 us (95%) 8267 us (99%).
I0911 23:36:08.760079 2948372 AriaExecutor.h:641] Worker 8 latency: 6284 us (50%) 7243 us (75%) 7892 us (95%) 8283 us (99%).
I0911 23:36:08.772285 2948372 AriaExecutor.h:641] Worker 9 latency: 6274 us (50%) 7236 us (75%) 7889 us (95%) 8262 us (99%).
I0911 23:36:08.785048 2948372 AriaExecutor.h:641] Worker 10 latency: 6319 us (50%) 7258 us (75%) 7893 us (95%) 8295 us (99%).
I0911 23:36:08.796968 2948372 AriaExecutor.h:641] Worker 11 latency: 6297 us (50%) 7246 us (75%) 7890 us (95%) 8267 us (99%).
I0911 23:36:08.809727 2948372 AriaExecutor.h:641] Worker 12 latency: 6298 us (50%) 7251 us (75%) 7890 us (95%) 8284 us (99%).
I0911 23:36:08.821758 2948372 AriaExecutor.h:641] Worker 13 latency: 6276 us (50%) 7241 us (75%) 7890 us (95%) 8271 us (99%).
I0911 23:36:08.834481 2948372 AriaExecutor.h:641] Worker 14 latency: 6308 us (50%) 7254 us (75%) 7891 us (95%) 8291 us (99%).
I0911 23:36:08.846488 2948372 AriaExecutor.h:641] Worker 15 latency: 6301 us (50%) 7248 us (75%) 7889 us (95%) 8273 us (99%).
I0911 23:36:08.859383 2948372 Coordinator.h:177] total commit: 154205
I0911 23:36:09.859494 2948372 Coordinator.h:192] Coordinator exits.
