I0911 22:31:28.565963 2935903 Database.h:65] ycsb initialization finished in 148 milliseconds.
I0911 22:31:28.566071 2935903 Coordinator.h:30] Coordinator initializes 16 workers.
I0911 22:31:28.573900 2935903 Coordinator.h:77] Coordinator starts to run 17 workers.
I0911 22:31:28.573945 2935924 AriaExecutor.h:82] AriaExecutor 0 started. 
I0911 22:31:28.573985 2935925 AriaExecutor.h:82] AriaExecutor 1 started. 
I0911 22:31:28.574026 2935926 AriaExecutor.h:82] AriaExecutor 2 started. 
I0911 22:31:28.574076 2935927 AriaExecutor.h:82] AriaExecutor 3 started. 
I0911 22:31:28.574108 2935928 AriaExecutor.h:82] AriaExecutor 4 started. 
I0911 22:31:28.574148 2935929 AriaExecutor.h:82] AriaExecutor 5 started. 
I0911 22:31:28.574177 2935930 AriaExecutor.h:82] AriaExecutor 6 started. 
I0911 22:31:28.574214 2935931 AriaExecutor.h:82] AriaExecutor 7 started. 
I0911 22:31:28.574244 2935932 AriaExecutor.h:82] AriaExecutor 8 started. 
I0911 22:31:28.574290 2935933 AriaExecutor.h:82] AriaExecutor 9 started. 
I0911 22:31:28.574323 2935934 AriaExecutor.h:82] AriaExecutor 10 started. 
I0911 22:31:28.574368 2935935 AriaExecutor.h:82] AriaExecutor 11 started. 
I0911 22:31:28.574406 2935936 AriaExecutor.h:82] AriaExecutor 12 started. 
I0911 22:31:28.574445 2935937 AriaExecutor.h:82] AriaExecutor 13 started. 
I0911 22:31:28.574476 2935938 AriaExecutor.h:82] AriaExecutor 14 started. 
I0911 22:31:28.574517 2935939 AriaExecutor.h:82] AriaExecutor 15 started. 
I0911 22:31:28.574549 2935940 Manager.h:224] Manager(worker id = 16) on the coordinator node started.
I0911 22:31:29.574594 2935903 Coordinator.h:126] commit: 1105065 abort: 14167 (0/14167/0), network size: 0, avg network size: 0, si_in_serializable: 0 0 %, local: 0 %
I0911 22:31:30.574677 2935903 Coordinator.h:126] commit: 1092759 abort: 14185 (0/14185/0), network size: 0, avg network size: 0, si_in_serializable: 0 0 %, local: 0 %
I0911 22:31:31.574755 2935903 Coordinator.h:126] commit: 1064267 abort: 14005 (0/14005/0), network size: 0, avg network size: 0, si_in_serializable: 0 0 %, local: 0 %
I0911 22:31:32.574827 2935903 Coordinator.h:126] commit: 1071739 abort: 13701 (0/13701/0), network size: 0, avg network size: 0, si_in_serializable: 0 0 %, local: 0 %
I0911 22:31:33.574919 2935903 Coordinator.h:126] commit: 1110015 abort: 14337 (0/14337/0), network size: 0, avg network size: 0, si_in_serializable: 0 0 %, local: 0 %
I0911 22:31:34.574994 2935903 Coordinator.h:126] commit: 1117172 abort: 14348 (0/14348/0), network size: 0, avg network size: 0, si_in_serializable: 0 0 %, local: 0 %
I0911 22:31:35.575068 2935903 Coordinator.h:126] commit: 1117993 abort: 14551 (0/14551/0), network size: 0, avg network size: 0, si_in_serializable: 0 0 %, local: 0 %
I0911 22:31:36.575141 2935903 Coordinator.h:126] commit: 1075538 abort: 13998 (0/13998/0), network size: 0, avg network size: 0, si_in_serializable: 0 0 %, local: 0 %
I0911 22:31:37.575212 2935903 Coordinator.h:126] commit: 1093857 abort: 14111 (0/14111/0), network size: 0, avg network size: 0, si_in_serializable: 0 0 %, local: 0 %
I0911 22:31:38.575281 2935903 Coordinator.h:126] commit: 1117085 abort: 14435 (0/14435/0), network size: 0, avg network size: 0, si_in_serializable: 0 0 %, local: 0 %
I0911 22:31:39.575353 2935903 Coordinator.h:126] commit: 1086700 abort: 14100 (0/14100/0), network size: 0, avg network size: 0, si_in_serializable: 0 0 %, local: 0 %
I0911 22:31:40.575425 2935903 Coordinator.h:126] commit: 1098687 abort: 14401 (0/14401/0), network size: 0, avg network size: 0, si_in_serializable: 0 0 %, local: 0 %
I0911 22:31:41.575518 2935903 Coordinator.h:126] commit: 1114982 abort: 14490 (0/14490/0), network size: 0, avg network size: 0, si_in_serializable: 0 0 %, local: 0 %
I0911 22:31:42.575599 2935903 Coordinator.h:126] commit: 1114047 abort: 14401 (0/14401/0), network size: 0, avg network size: 0, si_in_serializable: 0 0 %, local: 0 %
I0911 22:31:43.575673 2935903 Coordinator.h:126] commit: 1116008 abort: 14488 (0/14488/0), network size: 0, avg network size: 0, si_in_serializable: 0 0 %, local: 0 %
I0911 22:31:44.575744 2935903 Coordinator.h:126] commit: 1042094 abort: 13650 (0/13650/0), network size: 0, avg network size: 0, si_in_serializable: 0 0 %, local: 0 %
I0911 22:31:45.575815 2935903 Coordinator.h:126] commit: 1117082 abort: 14438 (0/14438/0), network size: 0, avg network size: 0, si_in_serializable: 0 0 %, local: 0 %
I0911 22:31:46.575887 2935903 Coordinator.h:126] commit: 1116207 abort: 14289 (0/14289/0), network size: 0, avg network size: 0, si_in_serializable: 0 0 %, local: 0 %
I0911 22:31:47.575958 2935903 Coordinator.h:126] commit: 1093889 abort: 14079 (0/14079/0), network size: 0, avg network size: 0, si_in_serializable: 0 0 %, local: 0 %
I0911 22:31:48.576030 2935903 Coordinator.h:126] commit: 1115905 abort: 14591 (0/14591/0), network size: 0, avg network size: 0, si_in_serializable: 0 0 %, local: 0 %
I0911 22:31:49.576102 2935903 Coordinator.h:126] commit: 1090891 abort: 14005 (0/14005/0), network size: 0, avg network size: 0, si_in_serializable: 0 0 %, local: 0 %
I0911 22:31:50.576196 2935903 Coordinator.h:126] commit: 1107973 abort: 14331 (0/14331/0), network size: 0, avg network size: 0, si_in_serializable: 0 0 %, local: 0 %
I0911 22:31:51.576275 2935903 Coordinator.h:126] commit: 1115098 abort: 14374 (0/14374/0), network size: 0, avg network size: 0, si_in_serializable: 0 0 %, local: 0 %
I0911 22:31:52.576345 2935903 Coordinator.h:126] commit: 1116038 abort: 14458 (0/14458/0), network size: 0, avg network size: 0, si_in_serializable: 0 0 %, local: 0 %
I0911 22:31:53.576417 2935903 Coordinator.h:126] commit: 1116168 abort: 14328 (0/14328/0), network size: 0, avg network size: 0, si_in_serializable: 0 0 %, local: 0 %
I0911 22:31:53.576428 2935903 Coordinator.h:152] average commit: 1.10156e+06 abort: 14292.7 (0/14292.7/0), network size: 0, avg network size: 0, si_in_serializable: 0 0 %, local: 0 %
I0911 22:31:53.577286 2935940 Manager.h:227] Manager(worker id = 16) on the coordinator node exits.
I0911 22:31:53.577288 2935938 AriaExecutor.h:94] AriaExecutor 14 exits. 
I0911 22:31:53.577292 2935936 AriaExecutor.h:94] AriaExecutor 12 exits. 
I0911 22:31:53.577288 2935934 AriaExecutor.h:94] AriaExecutor 10 exits. 
I0911 22:31:53.577291 2935928 AriaExecutor.h:94] AriaExecutor 4 exits. 
I0911 22:31:53.577311 2935937 AriaExecutor.h:94] AriaExecutor 13 exits. 
I0911 22:31:53.577289 2935930 AriaExecutor.h:94] AriaExecutor 6 exits. 
I0911 22:31:53.577312 2935933 AriaExecutor.h:94] AriaExecutor 9 exits. 
I0911 22:31:53.577292 2935924 AriaExecutor.h:94] AriaExecutor 0 exits. 
I0911 22:31:53.577313 2935935 AriaExecutor.h:94] AriaExecutor 11 exits. 
I0911 22:31:53.577313 2935927 AriaExecutor.h:94] AriaExecutor 3 exits. 
I0911 22:31:53.577312 2935939 AriaExecutor.h:94] AriaExecutor 15 exits. 
I0911 22:31:53.577312 2935931 AriaExecutor.h:94] AriaExecutor 7 exits. 
I0911 22:31:53.577312 2935929 AriaExecutor.h:94] AriaExecutor 5 exits. 
I0911 22:31:53.577313 2935925 AriaExecutor.h:94] AriaExecutor 1 exits. 
I0911 22:31:53.577292 2935932 AriaExecutor.h:94] AriaExecutor 8 exits. 
I0911 22:31:53.577291 2935926 AriaExecutor.h:94] AriaExecutor 2 exits. 
I0911 22:31:53.576444 2935903 AriaExecutor.h:535] Worker 0 latency: 567 us (50%) 716 us (75%) 835 us (95%) 862 us (99%).
I0911 22:31:53.640605 2935903 AriaExecutor.h:535] Worker 1 latency: 567 us (50%) 715 us (75%) 835 us (95%) 862 us (99%).
I0911 22:31:53.706733 2935903 AriaExecutor.h:535] Worker 2 latency: 570 us (50%) 718 us (75%) 836 us (95%) 863 us (99%).
I0911 22:31:53.770298 2935903 AriaExecutor.h:535] Worker 3 latency: 567 us (50%) 715 us (75%) 835 us (95%) 862 us (99%).
I0911 22:31:53.835285 2935903 AriaExecutor.h:535] Worker 4 latency: 569 us (50%) 717 us (75%) 836 us (95%) 863 us (99%).
I0911 22:31:53.903573 2935903 AriaExecutor.h:535] Worker 5 latency: 567 us (50%) 715 us (75%) 835 us (95%) 862 us (99%).
I0911 22:31:53.967772 2935903 AriaExecutor.h:535] Worker 6 latency: 571 us (50%) 718 us (75%) 836 us (95%) 863 us (99%).
I0911 22:31:54.033264 2935903 AriaExecutor.h:535] Worker 7 latency: 566 us (50%) 715 us (75%) 835 us (95%) 862 us (99%).
I0911 22:31:54.098565 2935903 AriaExecutor.h:535] Worker 8 latency: 567 us (50%) 716 us (75%) 835 us (95%) 863 us (99%).
I0911 22:31:54.165324 2935903 AriaExecutor.h:535] Worker 9 latency: 566 us (50%) 714 us (75%) 834 us (95%) 862 us (99%).
I0911 22:31:54.230258 2935903 AriaExecutor.h:535] Worker 10 latency: 570 us (50%) 717 us (75%) 835 us (95%) 862 us (99%).
I0911 22:31:54.294546 2935903 AriaExecutor.h:535] Worker 11 latency: 566 us (50%) 714 us (75%) 834 us (95%) 862 us (99%).
I0911 22:31:54.360378 2935903 AriaExecutor.h:535] Worker 12 latency: 569 us (50%) 717 us (75%) 835 us (95%) 863 us (99%).
I0911 22:31:54.425731 2935903 AriaExecutor.h:535] Worker 13 latency: 566 us (50%) 714 us (75%) 834 us (95%) 862 us (99%).
I0911 22:31:54.491185 2935903 AriaExecutor.h:535] Worker 14 latency: 570 us (50%) 717 us (75%) 836 us (95%) 862 us (99%).
I0911 22:31:54.555912 2935903 AriaExecutor.h:535] Worker 15 latency: 567 us (50%) 715 us (75%) 835 us (95%) 862 us (99%).
I0911 22:31:54.620666 2935903 Coordinator.h:177] total commit: 1.10156e+06
I0911 22:31:55.620782 2935903 Coordinator.h:192] Coordinator exits.
