I1126 13:30:39.688723 934659 Database.h:65] ycsb initialization finished in 30 milliseconds.
I1126 13:30:39.688819 934659 Coordinator.h:30] Coordinator initializes 12 workers.
I1126 13:30:39.760111 934659 Coordinator.h:77] Coordinator starts to run 13 workers.
I1126 13:30:39.760174 934675 AriaExecutor.h:82] AriaExecutor 0 started. 
I1126 13:30:39.760201 934676 AriaExecutor.h:82] AriaExecutor 1 started. 
I1126 13:30:39.760243 934677 AriaExecutor.h:82] AriaExecutor 2 started. 
I1126 13:30:39.760284 934678 AriaExecutor.h:82] AriaExecutor 3 started. 
I1126 13:30:39.760370 934680 AriaExecutor.h:82] AriaExecutor 5 started. 
I1126 13:30:39.760418 934681 AriaExecutor.h:82] AriaExecutor 6 started. 
I1126 13:30:39.760454 934682 AriaExecutor.h:82] AriaExecutor 7 started. 
I1126 13:30:39.760492 934683 AriaExecutor.h:82] AriaExecutor 8 started. 
I1126 13:30:39.760535 934684 AriaExecutor.h:82] AriaExecutor 9 started. 
I1126 13:30:39.760571 934685 AriaExecutor.h:82] AriaExecutor 10 started. 
I1126 13:30:39.760609 934686 AriaExecutor.h:82] AriaExecutor 11 started. 
I1126 13:30:39.760644 934679 AriaExecutor.h:82] AriaExecutor 4 started. 
I1126 13:30:39.760651 934687 Manager.h:224] Manager(worker id = 12) on the coordinator node started.
I1126 13:30:40.760711 934659 Coordinator.h:126] commit: 568746 abort: 211254 (0/211254/0), network size: 0, avg network size: 0, si_in_serializable: 0 0 %, local: 0 %
I1126 13:30:41.760851 934659 Coordinator.h:126] commit: 569310 abort: 210690 (0/210690/0), network size: 0, avg network size: 0, si_in_serializable: 0 0 %, local: 0 %
I1126 13:30:42.760978 934659 Coordinator.h:126] commit: 576932 abort: 213068 (0/213068/0), network size: 0, avg network size: 0, si_in_serializable: 0 0 %, local: 0 %
I1126 13:30:43.761081 934659 Coordinator.h:126] commit: 576919 abort: 213081 (0/213081/0), network size: 0, avg network size: 0, si_in_serializable: 0 0 %, local: 0 %
I1126 13:30:44.761199 934659 Coordinator.h:126] commit: 584950 abort: 215050 (0/215050/0), network size: 0, avg network size: 0, si_in_serializable: 0 0 %, local: 0 %
I1126 13:30:45.761318 934659 Coordinator.h:126] commit: 569743 abort: 210257 (0/210257/0), network size: 0, avg network size: 0, si_in_serializable: 0 0 %, local: 0 %
I1126 13:30:46.761435 934659 Coordinator.h:126] commit: 569912 abort: 210308 (0/210308/0), network size: 0, avg network size: 0, si_in_serializable: 0 0 %, local: 0 %
I1126 13:30:47.761547 934659 Coordinator.h:126] commit: 582769 abort: 217011 (0/217011/0), network size: 0, avg network size: 0, si_in_serializable: 0 0 %, local: 0 %
I1126 13:30:48.761682 934659 Coordinator.h:126] commit: 576820 abort: 213180 (0/213180/0), network size: 0, avg network size: 0, si_in_serializable: 0 0 %, local: 0 %
I1126 13:30:49.761806 934659 Coordinator.h:126] commit: 576525 abort: 213475 (0/213475/0), network size: 0, avg network size: 0, si_in_serializable: 0 0 %, local: 0 %
I1126 13:30:50.761920 934659 Coordinator.h:126] commit: 569553 abort: 210447 (0/210447/0), network size: 0, avg network size: 0, si_in_serializable: 0 0 %, local: 0 %
I1126 13:30:51.762032 934659 Coordinator.h:126] commit: 569570 abort: 210430 (0/210430/0), network size: 0, avg network size: 0, si_in_serializable: 0 0 %, local: 0 %
I1126 13:30:52.762140 934659 Coordinator.h:126] commit: 583356 abort: 216644 (0/216644/0), network size: 0, avg network size: 0, si_in_serializable: 0 0 %, local: 0 %
I1126 13:30:53.762262 934659 Coordinator.h:126] commit: 576331 abort: 213669 (0/213669/0), network size: 0, avg network size: 0, si_in_serializable: 0 0 %, local: 0 %
I1126 13:30:54.762374 934659 Coordinator.h:126] commit: 576260 abort: 213740 (0/213740/0), network size: 0, avg network size: 0, si_in_serializable: 0 0 %, local: 0 %
I1126 13:30:55.762485 934659 Coordinator.h:126] commit: 584266 abort: 215734 (0/215734/0), network size: 0, avg network size: 0, si_in_serializable: 0 0 %, local: 0 %
I1126 13:30:56.762594 934659 Coordinator.h:126] commit: 576580 abort: 213420 (0/213420/0), network size: 0, avg network size: 0, si_in_serializable: 0 0 %, local: 0 %
I1126 13:30:57.762702 934659 Coordinator.h:126] commit: 577187 abort: 212813 (0/212813/0), network size: 0, avg network size: 0, si_in_serializable: 0 0 %, local: 0 %
I1126 13:30:58.762810 934659 Coordinator.h:126] commit: 583992 abort: 216008 (0/216008/0), network size: 0, avg network size: 0, si_in_serializable: 0 0 %, local: 0 %
I1126 13:30:59.762926 934659 Coordinator.h:126] commit: 576869 abort: 213131 (0/213131/0), network size: 0, avg network size: 0, si_in_serializable: 0 0 %, local: 0 %
I1126 13:31:00.763039 934659 Coordinator.h:126] commit: 576144 abort: 213856 (0/213856/0), network size: 0, avg network size: 0, si_in_serializable: 0 0 %, local: 0 %
I1126 13:31:01.763172 934659 Coordinator.h:126] commit: 546978 abort: 203022 (0/203022/0), network size: 0, avg network size: 0, si_in_serializable: 0 0 %, local: 0 %
I1126 13:31:02.763293 934659 Coordinator.h:126] commit: 576588 abort: 213412 (0/213412/0), network size: 0, avg network size: 0, si_in_serializable: 0 0 %, local: 0 %
I1126 13:31:03.763404 934659 Coordinator.h:126] commit: 584330 abort: 215670 (0/215670/0), network size: 0, avg network size: 0, si_in_serializable: 0 0 %, local: 0 %
I1126 13:31:04.763510 934659 Coordinator.h:126] commit: 576721 abort: 213279 (0/213279/0), network size: 0, avg network size: 0, si_in_serializable: 0 0 %, local: 0 %
I1126 13:31:04.763551 934659 Coordinator.h:152] average commit: 577396 abort: 213604 (0/213604/0), network size: 0, avg network size: 0, si_in_serializable: 0 0 %, local: 0 %
I1126 13:31:04.767290 934679 AriaExecutor.h:94] AriaExecutor 4 exits. 
I1126 13:31:04.767292 934677 AriaExecutor.h:94] AriaExecutor 2 exits. 
I1126 13:31:04.767294 934681 AriaExecutor.h:94] AriaExecutor 6 exits. 
I1126 13:31:04.767305 934678 AriaExecutor.h:94] AriaExecutor 3 exits. 
I1126 13:31:04.767297 934675 AriaExecutor.h:94] AriaExecutor 0 exits. 
I1126 13:31:04.767293 934683 AriaExecutor.h:94] AriaExecutor 8 exits. 
I1126 13:31:04.767297 934685 AriaExecutor.h:94] AriaExecutor 10 exits. 
I1126 13:31:04.767305 934686 AriaExecutor.h:94] AriaExecutor 11 exits. 
I1126 13:31:04.767293 934687 Manager.h:227] Manager(worker id = 12) on the coordinator node exits.
I1126 13:31:04.767305 934682 AriaExecutor.h:94] AriaExecutor 7 exits. 
I1126 13:31:04.767305 934680 AriaExecutor.h:94] AriaExecutor 5 exits. 
I1126 13:31:04.767305 934684 AriaExecutor.h:94] AriaExecutor 9 exits. 
I1126 13:31:04.767307 934676 AriaExecutor.h:94] AriaExecutor 1 exits. 
I1126 13:31:04.763561 934659 AriaExecutor.h:535] Worker 0 latency: 8802 us (50%) 10461 us (75%) 11636 us (95%) 11891 us (99%).
I1126 13:31:04.817842 934659 AriaExecutor.h:535] Worker 1 latency: 8753 us (50%) 10435 us (75%) 11626 us (95%) 11883 us (99%).
I1126 13:31:04.873070 934659 AriaExecutor.h:535] Worker 2 latency: 8842 us (50%) 10482 us (75%) 11640 us (95%) 11892 us (99%).
I1126 13:31:04.927347 934659 AriaExecutor.h:535] Worker 3 latency: 8634 us (50%) 10378 us (75%) 11611 us (95%) 11873 us (99%).
I1126 13:31:04.981570 934659 AriaExecutor.h:535] Worker 4 latency: 8725 us (50%) 10421 us (75%) 11624 us (95%) 11880 us (99%).
I1126 13:31:05.036093 934659 AriaExecutor.h:535] Worker 5 latency: 8702 us (50%) 10412 us (75%) 11619 us (95%) 11877 us (99%).
I1126 13:31:05.090580 934659 AriaExecutor.h:535] Worker 6 latency: 8637 us (50%) 10380 us (75%) 11615 us (95%) 11878 us (99%).
I1126 13:31:05.144799 934659 AriaExecutor.h:535] Worker 7 latency: 8619 us (50%) 10371 us (75%) 11610 us (95%) 11875 us (99%).
I1126 13:31:05.199498 934659 AriaExecutor.h:535] Worker 8 latency: 8721 us (50%) 10423 us (75%) 11628 us (95%) 11888 us (99%).
I1126 13:31:05.253867 934659 AriaExecutor.h:535] Worker 9 latency: 8708 us (50%) 10415 us (75%) 11621 us (95%) 11880 us (99%).
I1126 13:31:05.309149 934659 AriaExecutor.h:535] Worker 10 latency: 8769 us (50%) 10445 us (75%) 11630 us (95%) 11884 us (99%).
I1126 13:31:05.363226 934659 AriaExecutor.h:535] Worker 11 latency: 8650 us (50%) 10385 us (75%) 11613 us (95%) 11876 us (99%).
I1126 13:31:05.417749 934659 Coordinator.h:177] total commit: 577396
I1126 13:31:06.417892 934659 Coordinator.h:192] Coordinator exits.
