I0911 22:21:54.671352 2934143 Database.h:65] ycsb initialization finished in 181 milliseconds.
I0911 22:21:54.671468 2934143 Coordinator.h:30] Coordinator initializes 16 workers.
I0911 22:21:54.790468 2934143 Coordinator.h:77] Coordinator starts to run 17 workers.
I0911 22:21:54.790531 2934163 AriaExecutor.h:82] AriaExecutor 0 started. 
I0911 22:21:54.790561 2934164 AriaExecutor.h:82] AriaExecutor 1 started. 
I0911 22:21:54.790655 2934166 AriaExecutor.h:82] AriaExecutor 3 started. 
I0911 22:21:54.790696 2934167 AriaExecutor.h:82] AriaExecutor 4 started. 
I0911 22:21:54.790746 2934168 AriaExecutor.h:82] AriaExecutor 5 started. 
I0911 22:21:54.790786 2934169 AriaExecutor.h:82] AriaExecutor 6 started. 
I0911 22:21:54.790831 2934170 AriaExecutor.h:82] AriaExecutor 7 started. 
I0911 22:21:54.790866 2934171 AriaExecutor.h:82] AriaExecutor 8 started. 
I0911 22:21:54.790915 2934172 AriaExecutor.h:82] AriaExecutor 9 started. 
I0911 22:21:54.790948 2934173 AriaExecutor.h:82] AriaExecutor 10 started. 
I0911 22:21:54.790992 2934174 AriaExecutor.h:82] AriaExecutor 11 started. 
I0911 22:21:54.791029 2934175 AriaExecutor.h:82] AriaExecutor 12 started. 
I0911 22:21:54.791071 2934176 AriaExecutor.h:82] AriaExecutor 13 started. 
I0911 22:21:54.791105 2934177 AriaExecutor.h:82] AriaExecutor 14 started. 
I0911 22:21:54.791159 2934178 AriaExecutor.h:82] AriaExecutor 15 started. 
I0911 22:21:54.791188 2934165 AriaExecutor.h:82] AriaExecutor 2 started. 
I0911 22:21:54.791193 2934179 Manager.h:224] Manager(worker id = 16) on the coordinator node started.
I0911 22:21:55.791272 2934143 Coordinator.h:126] commit: 1129021 abort: 22979 (0/22979/0), network size: 0, avg network size: 0, si_in_serializable: 0 0 %, local: 0 %
I0911 22:21:56.791436 2934143 Coordinator.h:126] commit: 1144847 abort: 23153 (0/23153/0), network size: 0, avg network size: 0, si_in_serializable: 0 0 %, local: 0 %
I0911 22:21:57.791539 2934143 Coordinator.h:126] commit: 1144861 abort: 23139 (0/23139/0), network size: 0, avg network size: 0, si_in_serializable: 0 0 %, local: 0 %
I0911 22:21:58.791636 2934143 Coordinator.h:126] commit: 1129005 abort: 22995 (0/22995/0), network size: 0, avg network size: 0, si_in_serializable: 0 0 %, local: 0 %
I0911 22:21:59.791745 2934143 Coordinator.h:126] commit: 1129404 abort: 22596 (0/22596/0), network size: 0, avg network size: 0, si_in_serializable: 0 0 %, local: 0 %
I0911 22:22:00.791868 2934143 Coordinator.h:126] commit: 1176390 abort: 23610 (0/23610/0), network size: 0, avg network size: 0, si_in_serializable: 0 0 %, local: 0 %
I0911 22:22:01.791970 2934143 Coordinator.h:126] commit: 1176498 abort: 23502 (0/23502/0), network size: 0, avg network size: 0, si_in_serializable: 0 0 %, local: 0 %
I0911 22:22:02.792062 2934143 Coordinator.h:126] commit: 1160579 abort: 23421 (0/23421/0), network size: 0, avg network size: 0, si_in_serializable: 0 0 %, local: 0 %
I0911 22:22:03.792167 2934143 Coordinator.h:126] commit: 1175997 abort: 24003 (0/24003/0), network size: 0, avg network size: 0, si_in_serializable: 0 0 %, local: 0 %
I0911 22:22:04.792265 2934143 Coordinator.h:126] commit: 1160445 abort: 23555 (0/23555/0), network size: 0, avg network size: 0, si_in_serializable: 0 0 %, local: 0 %
I0911 22:22:05.792359 2934143 Coordinator.h:126] commit: 1176290 abort: 23710 (0/23710/0), network size: 0, avg network size: 0, si_in_serializable: 0 0 %, local: 0 %
I0911 22:22:06.792455 2934143 Coordinator.h:126] commit: 1144855 abort: 23145 (0/23145/0), network size: 0, avg network size: 0, si_in_serializable: 0 0 %, local: 0 %
I0911 22:22:07.792560 2934143 Coordinator.h:126] commit: 1176211 abort: 23789 (0/23789/0), network size: 0, avg network size: 0, si_in_serializable: 0 0 %, local: 0 %
I0911 22:22:08.792657 2934143 Coordinator.h:126] commit: 1144707 abort: 23293 (0/23293/0), network size: 0, avg network size: 0, si_in_serializable: 0 0 %, local: 0 %
I0911 22:22:09.792783 2934143 Coordinator.h:126] commit: 1128779 abort: 23221 (0/23221/0), network size: 0, avg network size: 0, si_in_serializable: 0 0 %, local: 0 %
I0911 22:22:10.792886 2934143 Coordinator.h:126] commit: 1176234 abort: 23766 (0/23766/0), network size: 0, avg network size: 0, si_in_serializable: 0 0 %, local: 0 %
I0911 22:22:11.792987 2934143 Coordinator.h:126] commit: 1176410 abort: 23590 (0/23590/0), network size: 0, avg network size: 0, si_in_serializable: 0 0 %, local: 0 %
I0911 22:22:12.793082 2934143 Coordinator.h:126] commit: 1163914 abort: 23235 (0/23235/0), network size: 0, avg network size: 0, si_in_serializable: 0 0 %, local: 0 %
I0911 22:22:13.793180 2934143 Coordinator.h:126] commit: 1173073 abort: 23778 (0/23778/0), network size: 0, avg network size: 0, si_in_serializable: 0 0 %, local: 0 %
I0911 22:22:14.793275 2934143 Coordinator.h:126] commit: 1176069 abort: 23931 (0/23931/0), network size: 0, avg network size: 0, si_in_serializable: 0 0 %, local: 0 %
I0911 22:22:15.793371 2934143 Coordinator.h:126] commit: 1176321 abort: 23679 (0/23679/0), network size: 0, avg network size: 0, si_in_serializable: 0 0 %, local: 0 %
I0911 22:22:16.793463 2934143 Coordinator.h:126] commit: 1176175 abort: 23825 (0/23825/0), network size: 0, avg network size: 0, si_in_serializable: 0 0 %, local: 0 %
I0911 22:22:17.793561 2934143 Coordinator.h:126] commit: 1160619 abort: 23381 (0/23381/0), network size: 0, avg network size: 0, si_in_serializable: 0 0 %, local: 0 %
I0911 22:22:18.793658 2934143 Coordinator.h:126] commit: 1160530 abort: 23470 (0/23470/0), network size: 0, avg network size: 0, si_in_serializable: 0 0 %, local: 0 %
I0911 22:22:19.793762 2934143 Coordinator.h:126] commit: 1160591 abort: 23409 (0/23409/0), network size: 0, avg network size: 0, si_in_serializable: 0 0 %, local: 0 %
I0911 22:22:19.793792 2934143 Coordinator.h:152] average commit: 1.16365e+06 abort: 23545.8 (0/23545.8/0), network size: 0, avg network size: 0, si_in_serializable: 0 0 %, local: 0 %
I0911 22:22:19.807224 2934173 AriaExecutor.h:94] AriaExecutor 10 exits. 
I0911 22:22:19.807224 2934177 AriaExecutor.h:94] AriaExecutor 14 exits. 
I0911 22:22:19.807235 2934172 AriaExecutor.h:94] AriaExecutor 9 exits. 
I0911 22:22:19.807224 2934171 AriaExecutor.h:94] AriaExecutor 8 exits. 
I0911 22:22:19.807224 2934179 Manager.h:227] Manager(worker id = 16) on the coordinator node exits.
I0911 22:22:19.807226 2934163 AriaExecutor.h:94] AriaExecutor 0 exits. 
I0911 22:22:19.807226 2934175 AriaExecutor.h:94] AriaExecutor 12 exits. 
I0911 22:22:19.807226 2934165 AriaExecutor.h:94] AriaExecutor 2 exits. 
I0911 22:22:19.807227 2934167 AriaExecutor.h:94] AriaExecutor 4 exits. 
I0911 22:22:19.807235 2934166 AriaExecutor.h:94] AriaExecutor 3 exits. 
I0911 22:22:19.807236 2934178 AriaExecutor.h:94] AriaExecutor 15 exits. 
I0911 22:22:19.807235 2934174 AriaExecutor.h:94] AriaExecutor 11 exits. 
I0911 22:22:19.807235 2934164 AriaExecutor.h:94] AriaExecutor 1 exits. 
I0911 22:22:19.807236 2934176 AriaExecutor.h:94] AriaExecutor 13 exits. 
I0911 22:22:19.807236 2934168 AriaExecutor.h:94] AriaExecutor 5 exits. 
I0911 22:22:19.807238 2934170 AriaExecutor.h:94] AriaExecutor 7 exits. 
I0911 22:22:19.807224 2934169 AriaExecutor.h:94] AriaExecutor 6 exits. 
I0911 22:22:19.793807 2934143 AriaExecutor.h:535] Worker 0 latency: 8015 us (50%) 10374 us (75%) 12253 us (95%) 12664 us (99%).
I0911 22:22:19.874049 2934143 AriaExecutor.h:535] Worker 1 latency: 7967 us (50%) 10346 us (75%) 12244 us (95%) 12650 us (99%).
I0911 22:22:19.958873 2934143 AriaExecutor.h:535] Worker 2 latency: 8004 us (50%) 10361 us (75%) 12244 us (95%) 12649 us (99%).
I0911 22:22:20.036616 2934143 AriaExecutor.h:535] Worker 3 latency: 8006 us (50%) 10369 us (75%) 12251 us (95%) 12654 us (99%).
I0911 22:22:20.120882 2934143 AriaExecutor.h:535] Worker 4 latency: 8001 us (50%) 10363 us (75%) 12249 us (95%) 12653 us (99%).
I0911 22:22:20.199470 2934143 AriaExecutor.h:535] Worker 5 latency: 7964 us (50%) 10347 us (75%) 12248 us (95%) 12653 us (99%).
I0911 22:22:20.285076 2934143 AriaExecutor.h:535] Worker 6 latency: 8045 us (50%) 10391 us (75%) 12256 us (95%) 12659 us (99%).
I0911 22:22:20.363235 2934143 AriaExecutor.h:535] Worker 7 latency: 7999 us (50%) 10367 us (75%) 12251 us (95%) 12652 us (99%).
I0911 22:22:20.448180 2934143 AriaExecutor.h:535] Worker 8 latency: 7999 us (50%) 10363 us (75%) 12248 us (95%) 12655 us (99%).
I0911 22:22:20.525125 2934143 AriaExecutor.h:535] Worker 9 latency: 7964 us (50%) 10342 us (75%) 12243 us (95%) 12649 us (99%).
I0911 22:22:20.609941 2934143 AriaExecutor.h:535] Worker 10 latency: 7991 us (50%) 10348 us (75%) 12239 us (95%) 12649 us (99%).
I0911 22:22:20.688117 2934143 AriaExecutor.h:535] Worker 11 latency: 7948 us (50%) 10329 us (75%) 12240 us (95%) 12648 us (99%).
I0911 22:22:20.775314 2934143 AriaExecutor.h:535] Worker 12 latency: 7981 us (50%) 10346 us (75%) 12239 us (95%) 12648 us (99%).
I0911 22:22:20.852679 2934143 AriaExecutor.h:535] Worker 13 latency: 7978 us (50%) 10354 us (75%) 12249 us (95%) 12657 us (99%).
I0911 22:22:20.938338 2934143 AriaExecutor.h:535] Worker 14 latency: 8002 us (50%) 10355 us (75%) 12239 us (95%) 12646 us (99%).
I0911 22:22:21.014952 2934143 AriaExecutor.h:535] Worker 15 latency: 7951 us (50%) 10330 us (75%) 12240 us (95%) 12646 us (99%).
I0911 22:22:21.099570 2934143 Coordinator.h:177] total commit: 1.16365e+06
I0911 22:22:22.099694 2934143 Coordinator.h:192] Coordinator exits.
