I1126 13:52:20.453377 948364 Database.h:65] ycsb initialization finished in 30 milliseconds.
I1126 13:52:20.453480 948364 Coordinator.h:30] Coordinator initializes 12 workers.
I1126 13:52:20.461019 948364 Coordinator.h:77] Coordinator starts to run 13 workers.
I1126 13:52:20.461088 948380 AriaExecutor.h:82] AriaExecutor 0 started. 
I1126 13:52:20.461112 948381 AriaExecutor.h:82] AriaExecutor 1 started. 
I1126 13:52:20.461153 948382 AriaExecutor.h:82] AriaExecutor 2 started. 
I1126 13:52:20.461196 948383 AriaExecutor.h:82] AriaExecutor 3 started. 
I1126 13:52:20.461227 948384 AriaExecutor.h:82] AriaExecutor 4 started. 
I1126 13:52:20.461268 948385 AriaExecutor.h:82] AriaExecutor 5 started. 
I1126 13:52:20.461288 948386 AriaExecutor.h:82] AriaExecutor 6 started. 
I1126 13:52:20.461323 948387 AriaExecutor.h:82] AriaExecutor 7 started. 
I1126 13:52:20.461354 948388 AriaExecutor.h:82] AriaExecutor 8 started. 
I1126 13:52:20.461393 948389 AriaExecutor.h:82] AriaExecutor 9 started. 
I1126 13:52:20.461416 948390 AriaExecutor.h:82] AriaExecutor 10 started. 
I1126 13:52:20.461454 948391 AriaExecutor.h:82] AriaExecutor 11 started. 
I1126 13:52:20.461480 948392 Manager.h:224] Manager(worker id = 12) on the coordinator node started.
I1126 13:52:21.461534 948364 Coordinator.h:126] commit: 255 abort: 168745 (0/168745/0), network size: 0, avg network size: 0, si_in_serializable: 0 0 %, local: 0 %
I1126 13:52:22.461640 948364 Coordinator.h:126] commit: 284 abort: 179716 (0/179716/0), network size: 0, avg network size: 0, si_in_serializable: 0 0 %, local: 0 %
I1126 13:52:23.461742 948364 Coordinator.h:126] commit: 295 abort: 183705 (0/183705/0), network size: 0, avg network size: 0, si_in_serializable: 0 0 %, local: 0 %
I1126 13:52:24.461833 948364 Coordinator.h:126] commit: 290 abort: 184710 (0/184710/0), network size: 0, avg network size: 0, si_in_serializable: 0 0 %, local: 0 %
I1126 13:52:25.461951 948364 Coordinator.h:126] commit: 285 abort: 184715 (0/184715/0), network size: 0, avg network size: 0, si_in_serializable: 0 0 %, local: 0 %
I1126 13:52:26.462059 948364 Coordinator.h:126] commit: 293 abort: 182707 (0/182707/0), network size: 0, avg network size: 0, si_in_serializable: 0 0 %, local: 0 %
I1126 13:52:27.462184 948364 Coordinator.h:126] commit: 284 abort: 183716 (0/183716/0), network size: 0, avg network size: 0, si_in_serializable: 0 0 %, local: 0 %
I1126 13:52:28.462286 948364 Coordinator.h:126] commit: 282 abort: 182718 (0/182718/0), network size: 0, avg network size: 0, si_in_serializable: 0 0 %, local: 0 %
I1126 13:52:29.462391 948364 Coordinator.h:126] commit: 281 abort: 183719 (0/183719/0), network size: 0, avg network size: 0, si_in_serializable: 0 0 %, local: 0 %
I1126 13:52:30.462487 948364 Coordinator.h:126] commit: 266 abort: 183734 (0/183734/0), network size: 0, avg network size: 0, si_in_serializable: 0 0 %, local: 0 %
I1126 13:52:31.462585 948364 Coordinator.h:126] commit: 278 abort: 184722 (0/184722/0), network size: 0, avg network size: 0, si_in_serializable: 0 0 %, local: 0 %
I1126 13:52:32.462672 948364 Coordinator.h:126] commit: 288 abort: 183712 (0/183712/0), network size: 0, avg network size: 0, si_in_serializable: 0 0 %, local: 0 %
I1126 13:52:33.462774 948364 Coordinator.h:126] commit: 301 abort: 183699 (0/183699/0), network size: 0, avg network size: 0, si_in_serializable: 0 0 %, local: 0 %
I1126 13:52:34.462860 948364 Coordinator.h:126] commit: 299 abort: 183701 (0/183701/0), network size: 0, avg network size: 0, si_in_serializable: 0 0 %, local: 0 %
I1126 13:52:35.462954 948364 Coordinator.h:126] commit: 284 abort: 183716 (0/183716/0), network size: 0, avg network size: 0, si_in_serializable: 0 0 %, local: 0 %
I1126 13:52:36.463052 948364 Coordinator.h:126] commit: 291 abort: 183709 (0/183709/0), network size: 0, avg network size: 0, si_in_serializable: 0 0 %, local: 0 %
I1126 13:52:37.463135 948364 Coordinator.h:126] commit: 292 abort: 182708 (0/182708/0), network size: 0, avg network size: 0, si_in_serializable: 0 0 %, local: 0 %
I1126 13:52:38.463234 948364 Coordinator.h:126] commit: 276 abort: 181724 (0/181724/0), network size: 0, avg network size: 0, si_in_serializable: 0 0 %, local: 0 %
I1126 13:52:39.463321 948364 Coordinator.h:126] commit: 290 abort: 183710 (0/183710/0), network size: 0, avg network size: 0, si_in_serializable: 0 0 %, local: 0 %
I1126 13:52:40.463428 948364 Coordinator.h:126] commit: 270 abort: 183730 (0/183730/0), network size: 0, avg network size: 0, si_in_serializable: 0 0 %, local: 0 %
I1126 13:52:41.463521 948364 Coordinator.h:126] commit: 292 abort: 182708 (0/182708/0), network size: 0, avg network size: 0, si_in_serializable: 0 0 %, local: 0 %
I1126 13:52:42.463630 948364 Coordinator.h:126] commit: 296 abort: 183704 (0/183704/0), network size: 0, avg network size: 0, si_in_serializable: 0 0 %, local: 0 %
I1126 13:52:43.463732 948364 Coordinator.h:126] commit: 296 abort: 182704 (0/182704/0), network size: 0, avg network size: 0, si_in_serializable: 0 0 %, local: 0 %
I1126 13:52:44.463817 948364 Coordinator.h:126] commit: 284 abort: 182716 (0/182716/0), network size: 0, avg network size: 0, si_in_serializable: 0 0 %, local: 0 %
I1126 13:52:45.463919 948364 Coordinator.h:126] commit: 285 abort: 183715 (0/183715/0), network size: 0, avg network size: 0, si_in_serializable: 0 0 %, local: 0 %
I1126 13:52:45.463949 948364 Coordinator.h:152] average commit: 286.9 abort: 183513 (0/183513/0), network size: 0, avg network size: 0, si_in_serializable: 0 0 %, local: 0 %
I1126 13:52:45.463960 948364 AriaExecutor.h:535] Worker 0 latency: 5394 us (50%) 5423 us (75%) 5829 us (95%) 5925 us (99%).
I1126 13:52:45.465430 948380 AriaExecutor.h:94] AriaExecutor 0 exits. 
I1126 13:52:45.465441 948391 AriaExecutor.h:94] AriaExecutor 11 exits. 
I1126 13:52:45.465438 948384 AriaExecutor.h:94] AriaExecutor 4 exits. 
I1126 13:52:45.465440 948390 AriaExecutor.h:94] AriaExecutor 10 exits. 
I1126 13:52:45.465438 948388 AriaExecutor.h:94] AriaExecutor 8 exits. 
I1126 13:52:45.465441 948385 AriaExecutor.h:94] AriaExecutor 5 exits. 
I1126 13:52:45.465442 948381 AriaExecutor.h:94] AriaExecutor 1 exits. 
I1126 13:52:45.465442 948386 AriaExecutor.h:94] AriaExecutor 6 exits. 
I1126 13:52:45.465443 948387 AriaExecutor.h:94] AriaExecutor 7 exits. 
I1126 13:52:45.465438 948382 AriaExecutor.h:94] AriaExecutor 2 exits. 
I1126 13:52:45.465440 948389 AriaExecutor.h:94] AriaExecutor 9 exits. 
I1126 13:52:45.465442 948383 AriaExecutor.h:94] AriaExecutor 3 exits. 
I1126 13:52:45.465430 948392 Manager.h:227] Manager(worker id = 12) on the coordinator node exits.
I1126 13:52:45.465662 948364 AriaExecutor.h:535] Worker 1 latency: 5398 us (50%) 5427 us (75%) 5830 us (95%) 5933 us (99%).
I1126 13:52:45.465768 948364 AriaExecutor.h:535] Worker 2 latency: 5393 us (50%) 5420 us (75%) 5809 us (95%) 5896 us (99%).
I1126 13:52:45.465792 948364 AriaExecutor.h:535] Worker 3 latency: 5394 us (50%) 5418 us (75%) 5755 us (95%) 5872 us (99%).
I1126 13:52:45.465804 948364 AriaExecutor.h:535] Worker 4 latency: 5385 us (50%) 5417 us (75%) 5849 us (95%) 5929 us (99%).
I1126 13:52:45.465835 948364 AriaExecutor.h:535] Worker 5 latency: 5398 us (50%) 5431 us (75%) 5864 us (95%) 5992 us (99%).
I1126 13:52:45.465855 948364 AriaExecutor.h:535] Worker 6 latency: 5389 us (50%) 5408 us (75%) 5829 us (95%) 6045 us (99%).
I1126 13:52:45.465871 948364 AriaExecutor.h:535] Worker 7 latency: 5384 us (50%) 5407 us (75%) 5713 us (95%) 5771 us (99%).
I1126 13:52:45.465884 948364 AriaExecutor.h:535] Worker 8 latency: 5370 us (50%) 5396 us (75%) 5754 us (95%) 5875 us (99%).
I1126 13:52:45.465896 948364 AriaExecutor.h:535] Worker 9 latency: 5382 us (50%) 5411 us (75%) 5589 us (95%) 5589 us (99%).
I1126 13:52:45.465910 948364 AriaExecutor.h:535] Worker 10 latency: 5394 us (50%) 5425 us (75%) 5603 us (95%) 5775 us (99%).
I1126 13:52:45.465922 948364 AriaExecutor.h:535] Worker 11 latency: 5410 us (50%) 5447 us (75%) 5848 us (95%) 5848 us (99%).
I1126 13:52:45.465943 948364 Coordinator.h:177] total commit: 286.9
I1126 13:52:46.466046 948364 Coordinator.h:192] Coordinator exits.
