I0911 22:46:30.814158 2938783 Database.h:65] ycsb initialization finished in 148 milliseconds.
I0911 22:46:30.814272 2938783 Coordinator.h:30] Coordinator initializes 16 workers.
I0911 22:46:30.830529 2938783 Coordinator.h:77] Coordinator starts to run 17 workers.
I0911 22:46:30.830581 2938803 AriaExecutor.h:82] AriaExecutor 0 started. 
I0911 22:46:30.830627 2938804 AriaExecutor.h:82] AriaExecutor 1 started. 
I0911 22:46:30.830672 2938805 AriaExecutor.h:82] AriaExecutor 2 started. 
I0911 22:46:30.830726 2938806 AriaExecutor.h:82] AriaExecutor 3 started. 
I0911 22:46:30.830742 2938807 AriaExecutor.h:82] AriaExecutor 4 started. 
I0911 22:46:30.830791 2938808 AriaExecutor.h:82] AriaExecutor 5 started. 
I0911 22:46:30.830837 2938809 AriaExecutor.h:82] AriaExecutor 6 started. 
I0911 22:46:30.830886 2938810 AriaExecutor.h:82] AriaExecutor 7 started. 
I0911 22:46:30.830935 2938811 AriaExecutor.h:82] AriaExecutor 8 started. 
I0911 22:46:30.830979 2938812 AriaExecutor.h:82] AriaExecutor 9 started. 
I0911 22:46:30.831013 2938813 AriaExecutor.h:82] AriaExecutor 10 started. 
I0911 22:46:30.831060 2938814 AriaExecutor.h:82] AriaExecutor 11 started. 
I0911 22:46:30.831095 2938815 AriaExecutor.h:82] AriaExecutor 12 started. 
I0911 22:46:30.831148 2938816 AriaExecutor.h:82] AriaExecutor 13 started. 
I0911 22:46:30.831182 2938817 AriaExecutor.h:82] AriaExecutor 14 started. 
I0911 22:46:30.831226 2938818 AriaExecutor.h:82] AriaExecutor 15 started. 
I0911 22:46:30.831264 2938819 Manager.h:224] Manager(worker id = 16) on the coordinator node started.
I0911 22:46:31.831312 2938783 Coordinator.h:126] commit: 928089 abort: 202407 (0/202407/0), network size: 0, avg network size: 0, si_in_serializable: 0 0 %, local: 0 %
I0911 22:46:32.831414 2938783 Coordinator.h:126] commit: 918246 abort: 202010 (0/202010/0), network size: 0, avg network size: 0, si_in_serializable: 0 0 %, local: 0 %
I0911 22:46:33.831490 2938783 Coordinator.h:126] commit: 886827 abort: 194517 (0/194517/0), network size: 0, avg network size: 0, si_in_serializable: 0 0 %, local: 0 %
I0911 22:46:34.831576 2938783 Coordinator.h:126] commit: 903394 abort: 198430 (0/198430/0), network size: 0, avg network size: 0, si_in_serializable: 0 0 %, local: 0 %
I0911 22:46:35.831691 2938783 Coordinator.h:126] commit: 917014 abort: 201194 (0/201194/0), network size: 0, avg network size: 0, si_in_serializable: 0 0 %, local: 0 %
I0911 22:46:36.831780 2938783 Coordinator.h:126] commit: 934134 abort: 204554 (0/204554/0), network size: 0, avg network size: 0, si_in_serializable: 0 0 %, local: 0 %
I0911 22:46:37.831848 2938783 Coordinator.h:126] commit: 934816 abort: 203872 (0/203872/0), network size: 0, avg network size: 0, si_in_serializable: 0 0 %, local: 0 %
I0911 22:46:38.831908 2938783 Coordinator.h:126] commit: 933812 abort: 204876 (0/204876/0), network size: 0, avg network size: 0, si_in_serializable: 0 0 %, local: 0 %
I0911 22:46:39.831979 2938783 Coordinator.h:126] commit: 935401 abort: 205335 (0/205335/0), network size: 0, avg network size: 0, si_in_serializable: 0 0 %, local: 0 %
I0911 22:46:40.832041 2938783 Coordinator.h:126] commit: 883778 abort: 193470 (0/193470/0), network size: 0, avg network size: 0, si_in_serializable: 0 0 %, local: 0 %
I0911 22:46:41.832100 2938783 Coordinator.h:126] commit: 933570 abort: 205118 (0/205118/0), network size: 0, avg network size: 0, si_in_serializable: 0 0 %, local: 0 %
I0911 22:46:42.832159 2938783 Coordinator.h:126] commit: 909114 abort: 198854 (0/198854/0), network size: 0, avg network size: 0, si_in_serializable: 0 0 %, local: 0 %
I0911 22:46:43.832228 2938783 Coordinator.h:126] commit: 935003 abort: 205733 (0/205733/0), network size: 0, avg network size: 0, si_in_serializable: 0 0 %, local: 0 %
I0911 22:46:44.832294 2938783 Coordinator.h:126] commit: 920235 abort: 202069 (0/202069/0), network size: 0, avg network size: 0, si_in_serializable: 0 0 %, local: 0 %
I0911 22:46:45.832388 2938783 Coordinator.h:126] commit: 934157 abort: 204531 (0/204531/0), network size: 0, avg network size: 0, si_in_serializable: 0 0 %, local: 0 %
I0911 22:46:46.832460 2938783 Coordinator.h:126] commit: 934537 abort: 204151 (0/204151/0), network size: 0, avg network size: 0, si_in_serializable: 0 0 %, local: 0 %
I0911 22:46:47.832533 2938783 Coordinator.h:126] commit: 934208 abort: 204480 (0/204480/0), network size: 0, avg network size: 0, si_in_serializable: 0 0 %, local: 0 %
I0911 22:46:48.832597 2938783 Coordinator.h:126] commit: 934016 abort: 204672 (0/204672/0), network size: 0, avg network size: 0, si_in_serializable: 0 0 %, local: 0 %
I0911 22:46:49.832667 2938783 Coordinator.h:126] commit: 873831 abort: 191129 (0/191129/0), network size: 0, avg network size: 0, si_in_serializable: 0 0 %, local: 0 %
I0911 22:46:50.832736 2938783 Coordinator.h:126] commit: 934455 abort: 204233 (0/204233/0), network size: 0, avg network size: 0, si_in_serializable: 0 0 %, local: 0 %
I0911 22:46:51.832811 2938783 Coordinator.h:126] commit: 934003 abort: 204685 (0/204685/0), network size: 0, avg network size: 0, si_in_serializable: 0 0 %, local: 0 %
I0911 22:46:52.832885 2938783 Coordinator.h:126] commit: 937119 abort: 203617 (0/203617/0), network size: 0, avg network size: 0, si_in_serializable: 0 0 %, local: 0 %
I0911 22:46:53.832952 2938783 Coordinator.h:126] commit: 932580 abort: 204060 (0/204060/0), network size: 0, avg network size: 0, si_in_serializable: 0 0 %, local: 0 %
I0911 22:46:54.833029 2938783 Coordinator.h:126] commit: 934631 abort: 204057 (0/204057/0), network size: 0, avg network size: 0, si_in_serializable: 0 0 %, local: 0 %
I0911 22:46:55.833118 2938783 Coordinator.h:126] commit: 934004 abort: 204684 (0/204684/0), network size: 0, avg network size: 0, si_in_serializable: 0 0 %, local: 0 %
I0911 22:46:55.833134 2938783 Coordinator.h:152] average commit: 924313 abort: 202497 (0/202497/0), network size: 0, avg network size: 0, si_in_serializable: 0 0 %, local: 0 %
I0911 22:46:55.833194 2938819 Manager.h:227] Manager(worker id = 16) on the coordinator node exits.
I0911 22:46:55.833199 2938803 AriaExecutor.h:94] AriaExecutor 0 exits. 
I0911 22:46:55.833201 2938817 AriaExecutor.h:94] AriaExecutor 14 exits. 
I0911 22:46:55.833201 2938811 AriaExecutor.h:94] AriaExecutor 8 exits. 
I0911 22:46:55.833196 2938809 AriaExecutor.h:94] AriaExecutor 6 exits. 
I0911 22:46:55.833212 2938818 AriaExecutor.h:94] AriaExecutor 15 exits. 
I0911 22:46:55.833212 2938816 AriaExecutor.h:94] AriaExecutor 13 exits. 
I0911 22:46:55.833200 2938815 AriaExecutor.h:94] AriaExecutor 12 exits. 
I0911 22:46:55.833212 2938805 AriaExecutor.h:94] AriaExecutor 2 exits. 
I0911 22:46:55.833212 2938804 AriaExecutor.h:94] AriaExecutor 1 exits. 
I0911 22:46:55.833201 2938807 AriaExecutor.h:94] AriaExecutor 4 exits. 
I0911 22:46:55.833200 2938813 AriaExecutor.h:94] AriaExecutor 10 exits. 
I0911 22:46:55.833217 2938808 AriaExecutor.h:94] AriaExecutor 5 exits. 
I0911 22:46:55.833211 2938814 AriaExecutor.h:94] AriaExecutor 11 exits. 
I0911 22:46:55.833212 2938812 AriaExecutor.h:94] AriaExecutor 9 exits. 
I0911 22:46:55.833218 2938806 AriaExecutor.h:94] AriaExecutor 3 exits. 
I0911 22:46:55.833218 2938810 AriaExecutor.h:94] AriaExecutor 7 exits. 
I0911 22:46:55.833150 2938783 AriaExecutor.h:535] Worker 0 latency: 1180 us (50%) 1464 us (75%) 1673 us (95%) 1716 us (99%).
I0911 22:46:55.889824 2938783 AriaExecutor.h:535] Worker 1 latency: 1178 us (50%) 1463 us (75%) 1672 us (95%) 1715 us (99%).
I0911 22:46:55.948199 2938783 AriaExecutor.h:535] Worker 2 latency: 1183 us (50%) 1466 us (75%) 1673 us (95%) 1716 us (99%).
I0911 22:46:56.007987 2938783 AriaExecutor.h:535] Worker 3 latency: 1179 us (50%) 1463 us (75%) 1672 us (95%) 1715 us (99%).
I0911 22:46:56.074493 2938783 AriaExecutor.h:535] Worker 4 latency: 1180 us (50%) 1464 us (75%) 1672 us (95%) 1716 us (99%).
I0911 22:46:56.133800 2938783 AriaExecutor.h:535] Worker 5 latency: 1177 us (50%) 1462 us (75%) 1671 us (95%) 1715 us (99%).
I0911 22:46:56.191884 2938783 AriaExecutor.h:535] Worker 6 latency: 1183 us (50%) 1466 us (75%) 1673 us (95%) 1716 us (99%).
I0911 22:46:56.249967 2938783 AriaExecutor.h:535] Worker 7 latency: 1179 us (50%) 1463 us (75%) 1672 us (95%) 1715 us (99%).
I0911 22:46:56.308784 2938783 AriaExecutor.h:535] Worker 8 latency: 1178 us (50%) 1463 us (75%) 1672 us (95%) 1716 us (99%).
I0911 22:46:56.366820 2938783 AriaExecutor.h:535] Worker 9 latency: 1176 us (50%) 1461 us (75%) 1671 us (95%) 1715 us (99%).
I0911 22:46:56.432920 2938783 AriaExecutor.h:535] Worker 10 latency: 1181 us (50%) 1464 us (75%) 1672 us (95%) 1716 us (99%).
I0911 22:46:56.492759 2938783 AriaExecutor.h:535] Worker 11 latency: 1177 us (50%) 1461 us (75%) 1671 us (95%) 1715 us (99%).
I0911 22:46:56.559309 2938783 AriaExecutor.h:535] Worker 12 latency: 1181 us (50%) 1464 us (75%) 1672 us (95%) 1716 us (99%).
I0911 22:46:56.617235 2938783 AriaExecutor.h:535] Worker 13 latency: 1176 us (50%) 1461 us (75%) 1671 us (95%) 1715 us (99%).
I0911 22:46:56.683373 2938783 AriaExecutor.h:535] Worker 14 latency: 1183 us (50%) 1465 us (75%) 1672 us (95%) 1716 us (99%).
I0911 22:46:56.739622 2938783 AriaExecutor.h:535] Worker 15 latency: 1179 us (50%) 1463 us (75%) 1671 us (95%) 1715 us (99%).
I0911 22:46:56.795984 2938783 Coordinator.h:177] total commit: 924313
I0911 22:46:57.796090 2938783 Coordinator.h:192] Coordinator exits.
