I1126 15:36:03.358996 1011510 Database.h:65] ycsb initialization finished in 30 milliseconds.
I1126 15:36:03.359097 1011510 Coordinator.h:30] Coordinator initializes 12 workers.
I1126 15:36:03.366019 1011510 Coordinator.h:77] Coordinator starts to run 13 workers.
I1126 15:36:03.366068 1011526 AriaExecutor.h:95] AriaExecutor 0 started. 
I1126 15:36:03.366101 1011527 AriaExecutor.h:95] AriaExecutor 1 started. 
I1126 15:36:03.366135 1011528 AriaExecutor.h:95] AriaExecutor 2 started. 
I1126 15:36:03.366187 1011529 AriaExecutor.h:95] AriaExecutor 3 started. 
I1126 15:36:03.366238 1011530 AriaExecutor.h:95] AriaExecutor 4 started. 
I1126 15:36:03.366291 1011531 AriaExecutor.h:95] AriaExecutor 5 started. 
I1126 15:36:03.366350 1011532 AriaExecutor.h:95] AriaExecutor 6 started. 
I1126 15:36:03.366416 1011533 AriaExecutor.h:95] AriaExecutor 7 started. 
I1126 15:36:03.366484 1011534 AriaExecutor.h:95] AriaExecutor 8 started. 
I1126 15:36:03.366542 1011535 AriaExecutor.h:95] AriaExecutor 9 started. 
I1126 15:36:03.366585 1011536 AriaExecutor.h:95] AriaExecutor 10 started. 
I1126 15:36:03.366645 1011537 AriaExecutor.h:95] AriaExecutor 11 started. 
I1126 15:36:03.366688 1011538 Manager.h:224] Manager(worker id = 12) on the coordinator node started.
I1126 15:36:04.366752 1011510 Coordinator.h:126] commit: 422713 abort: 997287 (0/997287/0), network size: 0, avg network size: 0, si_in_serializable: 0 0 %, local: 0 %
I1126 15:36:05.366890 1011510 Coordinator.h:126] commit: 417117 abort: 982883 (0/982883/0), network size: 0, avg network size: 0, si_in_serializable: 0 0 %, local: 0 %
I1126 15:36:06.367028 1011510 Coordinator.h:126] commit: 425793 abort: 1004207 (0/1004207/0), network size: 0, avg network size: 0, si_in_serializable: 0 0 %, local: 0 %
I1126 15:36:07.367144 1011510 Coordinator.h:126] commit: 423354 abort: 996646 (0/996646/0), network size: 0, avg network size: 0, si_in_serializable: 0 0 %, local: 0 %
I1126 15:36:08.367246 1011510 Coordinator.h:126] commit: 427989 abort: 1012011 (0/1012011/0), network size: 0, avg network size: 0, si_in_serializable: 0 0 %, local: 0 %
I1126 15:36:09.367350 1011510 Coordinator.h:126] commit: 419987 abort: 990013 (0/990013/0), network size: 0, avg network size: 0, si_in_serializable: 0 0 %, local: 0 %
I1126 15:36:10.367455 1011510 Coordinator.h:126] commit: 425426 abort: 1004574 (0/1004574/0), network size: 0, avg network size: 0, si_in_serializable: 0 0 %, local: 0 %
I1126 15:36:11.367587 1011510 Coordinator.h:126] commit: 417489 abort: 982511 (0/982511/0), network size: 0, avg network size: 0, si_in_serializable: 0 0 %, local: 0 %
I1126 15:36:12.367697 1011510 Coordinator.h:126] commit: 430446 abort: 1009554 (0/1009554/0), network size: 0, avg network size: 0, si_in_serializable: 0 0 %, local: 0 %
I1126 15:36:13.367799 1011510 Coordinator.h:126] commit: 427276 abort: 1002724 (0/1002724/0), network size: 0, avg network size: 0, si_in_serializable: 0 0 %, local: 0 %
I1126 15:36:14.367901 1011510 Coordinator.h:126] commit: 425411 abort: 1004589 (0/1004589/0), network size: 0, avg network size: 0, si_in_serializable: 0 0 %, local: 0 %
I1126 15:36:15.368002 1011510 Coordinator.h:126] commit: 420045 abort: 989955 (0/989955/0), network size: 0, avg network size: 0, si_in_serializable: 0 0 %, local: 0 %
I1126 15:36:16.368103 1011510 Coordinator.h:126] commit: 426771 abort: 1003229 (0/1003229/0), network size: 0, avg network size: 0, si_in_serializable: 0 0 %, local: 0 %
I1126 15:36:17.368228 1011510 Coordinator.h:126] commit: 422268 abort: 997732 (0/997732/0), network size: 0, avg network size: 0, si_in_serializable: 0 0 %, local: 0 %
I1126 15:36:18.368335 1011510 Coordinator.h:126] commit: 416789 abort: 982880 (0/982880/0), network size: 0, avg network size: 0, si_in_serializable: 0 0 %, local: 0 %
I1126 15:36:19.368438 1011510 Coordinator.h:126] commit: 426034 abort: 1004295 (0/1004295/0), network size: 0, avg network size: 0, si_in_serializable: 0 0 %, local: 0 %
I1126 15:36:20.368538 1011510 Coordinator.h:126] commit: 426238 abort: 1003762 (0/1003762/0), network size: 0, avg network size: 0, si_in_serializable: 0 0 %, local: 0 %
I1126 15:36:21.368639 1011510 Coordinator.h:126] commit: 426119 abort: 1003881 (0/1003881/0), network size: 0, avg network size: 0, si_in_serializable: 0 0 %, local: 0 %
I1126 15:36:22.368742 1011510 Coordinator.h:126] commit: 425431 abort: 1004569 (0/1004569/0), network size: 0, avg network size: 0, si_in_serializable: 0 0 %, local: 0 %
I1126 15:36:23.368844 1011510 Coordinator.h:126] commit: 426277 abort: 1003723 (0/1003723/0), network size: 0, avg network size: 0, si_in_serializable: 0 0 %, local: 0 %
I1126 15:36:24.368942 1011510 Coordinator.h:126] commit: 426461 abort: 1003539 (0/1003539/0), network size: 0, avg network size: 0, si_in_serializable: 0 0 %, local: 0 %
I1126 15:36:25.369045 1011510 Coordinator.h:126] commit: 425787 abort: 1004213 (0/1004213/0), network size: 0, avg network size: 0, si_in_serializable: 0 0 %, local: 0 %
I1126 15:36:26.369145 1011510 Coordinator.h:126] commit: 425651 abort: 1004349 (0/1004349/0), network size: 0, avg network size: 0, si_in_serializable: 0 0 %, local: 0 %
I1126 15:36:27.369246 1011510 Coordinator.h:126] commit: 425584 abort: 1004416 (0/1004416/0), network size: 0, avg network size: 0, si_in_serializable: 0 0 %, local: 0 %
I1126 15:36:28.369346 1011510 Coordinator.h:126] commit: 423396 abort: 996604 (0/996604/0), network size: 0, avg network size: 0, si_in_serializable: 0 0 %, local: 0 %
I1126 15:36:28.369374 1011510 Coordinator.h:152] average commit: 424138 abort: 999862 (0/999862/0), network size: 0, avg network size: 0, si_in_serializable: 0 0 %, local: 0 %
I1126 15:36:28.377234 1011536 AriaExecutor.h:107] AriaExecutor 10 exits. 
I1126 15:36:28.377238 1011532 AriaExecutor.h:107] AriaExecutor 6 exits. 
I1126 15:36:28.377251 1011527 AriaExecutor.h:107] AriaExecutor 1 exits. 
I1126 15:36:28.377240 1011526 AriaExecutor.h:107] AriaExecutor 0 exits. 
I1126 15:36:28.377236 1011528 AriaExecutor.h:107] AriaExecutor 2 exits. 
I1126 15:36:28.377234 1011538 Manager.h:227] Manager(worker id = 12) on the coordinator node exits.
I1126 15:36:28.377249 1011529 AriaExecutor.h:107] AriaExecutor 3 exits. 
I1126 15:36:28.377249 1011535 AriaExecutor.h:107] AriaExecutor 9 exits. 
I1126 15:36:28.377249 1011533 AriaExecutor.h:107] AriaExecutor 7 exits. 
I1126 15:36:28.377249 1011537 AriaExecutor.h:107] AriaExecutor 11 exits. 
I1126 15:36:28.377249 1011531 AriaExecutor.h:107] AriaExecutor 5 exits. 
I1126 15:36:28.377235 1011534 AriaExecutor.h:107] AriaExecutor 8 exits. 
I1126 15:36:28.377236 1011530 AriaExecutor.h:107] AriaExecutor 4 exits. 
I1126 15:36:28.369386 1011510 AriaExecutor.h:705] Worker 0 latency: 5908 us (50%) 6328 us (75%) 6547 us (95%) 6634 us (99%).
I1126 15:36:28.409567 1011510 AriaExecutor.h:705] Worker 1 latency: 5910 us (50%) 6329 us (75%) 6546 us (95%) 6632 us (99%).
I1126 15:36:28.452080 1011510 AriaExecutor.h:705] Worker 2 latency: 5916 us (50%) 6330 us (75%) 6545 us (95%) 6631 us (99%).
I1126 15:36:28.490484 1011510 AriaExecutor.h:705] Worker 3 latency: 5908 us (50%) 6329 us (75%) 6546 us (95%) 6630 us (99%).
I1126 15:36:28.532886 1011510 AriaExecutor.h:705] Worker 4 latency: 5911 us (50%) 6329 us (75%) 6546 us (95%) 6631 us (99%).
I1126 15:36:28.572229 1011510 AriaExecutor.h:705] Worker 5 latency: 5911 us (50%) 6329 us (75%) 6546 us (95%) 6631 us (99%).
I1126 15:36:28.615216 1011510 AriaExecutor.h:705] Worker 6 latency: 5915 us (50%) 6329 us (75%) 6546 us (95%) 6630 us (99%).
I1126 15:36:28.653499 1011510 AriaExecutor.h:705] Worker 7 latency: 5908 us (50%) 6329 us (75%) 6545 us (95%) 6631 us (99%).
I1126 15:36:28.696035 1011510 AriaExecutor.h:705] Worker 8 latency: 5912 us (50%) 6329 us (75%) 6546 us (95%) 6632 us (99%).
I1126 15:36:28.734158 1011510 AriaExecutor.h:705] Worker 9 latency: 5912 us (50%) 6331 us (75%) 6546 us (95%) 6633 us (99%).
I1126 15:36:28.776448 1011510 AriaExecutor.h:705] Worker 10 latency: 5916 us (50%) 6331 us (75%) 6547 us (95%) 6632 us (99%).
I1126 15:36:28.814823 1011510 AriaExecutor.h:705] Worker 11 latency: 5904 us (50%) 6328 us (75%) 6545 us (95%) 6631 us (99%).
I1126 15:36:28.857282 1011510 Coordinator.h:177] total commit: 424138
I1126 15:36:29.857398 1011510 Coordinator.h:192] Coordinator exits.
