I1126 14:58:17.322686 987122 Database.h:65] ycsb initialization finished in 30 milliseconds.
I1126 14:58:17.322790 987122 Coordinator.h:30] Coordinator initializes 12 workers.
I1126 14:58:17.323686 987122 Coordinator.h:77] Coordinator starts to run 13 workers.
I1126 14:58:17.323738 987138 AriaExecutor.h:91] AriaExecutor 0 started. 
I1126 14:58:17.323767 987139 AriaExecutor.h:91] AriaExecutor 1 started. 
I1126 14:58:17.323804 987140 AriaExecutor.h:91] AriaExecutor 2 started. 
I1126 14:58:17.323848 987141 AriaExecutor.h:91] AriaExecutor 3 started. 
I1126 14:58:17.323920 987143 AriaExecutor.h:91] AriaExecutor 5 started. 
I1126 14:58:17.323971 987144 AriaExecutor.h:91] AriaExecutor 6 started. 
I1126 14:58:17.324013 987145 AriaExecutor.h:91] AriaExecutor 7 started. 
I1126 14:58:17.324055 987146 AriaExecutor.h:91] AriaExecutor 8 started. 
I1126 14:58:17.324095 987147 AriaExecutor.h:91] AriaExecutor 9 started. 
I1126 14:58:17.324127 987148 AriaExecutor.h:91] AriaExecutor 10 started. 
I1126 14:58:17.324159 987142 AriaExecutor.h:91] AriaExecutor 4 started. 
I1126 14:58:17.324178 987149 AriaExecutor.h:91] AriaExecutor 11 started. 
I1126 14:58:17.324256 987150 Manager.h:224] Manager(worker id = 12) on the coordinator node started.
I1126 14:58:18.324312 987122 Coordinator.h:126] commit: 1675668 abort: 225332 (0/225332/0), network size: 0, avg network size: 0, si_in_serializable: 0 0 %, local: 0 %
I1126 14:58:19.324435 987122 Coordinator.h:126] commit: 1635883 abort: 221117 (0/221117/0), network size: 0, avg network size: 0, si_in_serializable: 0 0 %, local: 0 %
I1126 14:58:20.324568 987122 Coordinator.h:126] commit: 1693539 abort: 229461 (0/229461/0), network size: 0, avg network size: 0, si_in_serializable: 0 0 %, local: 0 %
I1126 14:58:21.324684 987122 Coordinator.h:126] commit: 1654191 abort: 222809 (0/222809/0), network size: 0, avg network size: 0, si_in_serializable: 0 0 %, local: 0 %
I1126 14:58:22.324780 987122 Coordinator.h:126] commit: 1699608 abort: 229392 (0/229392/0), network size: 0, avg network size: 0, si_in_serializable: 0 0 %, local: 0 %
I1126 14:58:23.324863 987122 Coordinator.h:126] commit: 1698968 abort: 230032 (0/230032/0), network size: 0, avg network size: 0, si_in_serializable: 0 0 %, local: 0 %
I1126 14:58:24.324954 987122 Coordinator.h:126] commit: 1701289 abort: 229711 (0/229711/0), network size: 0, avg network size: 0, si_in_serializable: 0 0 %, local: 0 %
I1126 14:58:25.325069 987122 Coordinator.h:126] commit: 1564461 abort: 211539 (0/211539/0), network size: 0, avg network size: 0, si_in_serializable: 0 0 %, local: 0 %
I1126 14:58:26.325174 987122 Coordinator.h:126] commit: 1694008 abort: 228992 (0/228992/0), network size: 0, avg network size: 0, si_in_serializable: 0 0 %, local: 0 %
I1126 14:58:27.325263 987122 Coordinator.h:126] commit: 1698347 abort: 229653 (0/229653/0), network size: 0, avg network size: 0, si_in_serializable: 0 0 %, local: 0 %
I1126 14:58:28.325351 987122 Coordinator.h:126] commit: 1694742 abort: 229258 (0/229258/0), network size: 0, avg network size: 0, si_in_serializable: 0 0 %, local: 0 %
I1126 14:58:29.325452 987122 Coordinator.h:126] commit: 1696579 abort: 229421 (0/229421/0), network size: 0, avg network size: 0, si_in_serializable: 0 0 %, local: 0 %
I1126 14:58:30.325546 987122 Coordinator.h:126] commit: 1687993 abort: 227007 (0/227007/0), network size: 0, avg network size: 0, si_in_serializable: 0 0 %, local: 0 %
I1126 14:58:31.325654 987122 Coordinator.h:126] commit: 1698980 abort: 229020 (0/229020/0), network size: 0, avg network size: 0, si_in_serializable: 0 0 %, local: 0 %
I1126 14:58:32.325773 987122 Coordinator.h:126] commit: 1581811 abort: 213189 (0/213189/0), network size: 0, avg network size: 0, si_in_serializable: 0 0 %, local: 0 %
I1126 14:58:33.325881 987122 Coordinator.h:126] commit: 1520319 abort: 205681 (0/205681/0), network size: 0, avg network size: 0, si_in_serializable: 0 0 %, local: 0 %
I1126 14:58:34.325969 987122 Coordinator.h:126] commit: 1694753 abort: 228732 (0/228732/0), network size: 0, avg network size: 0, si_in_serializable: 0 0 %, local: 0 %
I1126 14:58:35.326078 987122 Coordinator.h:126] commit: 1696055 abort: 227459 (0/227459/0), network size: 0, avg network size: 0, si_in_serializable: 0 0 %, local: 0 %
I1126 14:58:36.326184 987122 Coordinator.h:126] commit: 1692987 abort: 228013 (0/228013/0), network size: 0, avg network size: 0, si_in_serializable: 0 0 %, local: 0 %
I1126 14:58:37.326289 987122 Coordinator.h:126] commit: 1697189 abort: 229811 (0/229811/0), network size: 0, avg network size: 0, si_in_serializable: 0 0 %, local: 0 %
I1126 14:58:38.326381 987122 Coordinator.h:126] commit: 1692640 abort: 228360 (0/228360/0), network size: 0, avg network size: 0, si_in_serializable: 0 0 %, local: 0 %
I1126 14:58:39.326480 987122 Coordinator.h:126] commit: 1696370 abort: 228630 (0/228630/0), network size: 0, avg network size: 0, si_in_serializable: 0 0 %, local: 0 %
I1126 14:58:40.326565 987122 Coordinator.h:126] commit: 1689262 abort: 228738 (0/228738/0), network size: 0, avg network size: 0, si_in_serializable: 0 0 %, local: 0 %
I1126 14:58:41.326673 987122 Coordinator.h:126] commit: 1697262 abort: 228738 (0/228738/0), network size: 0, avg network size: 0, si_in_serializable: 0 0 %, local: 0 %
I1126 14:58:42.326773 987122 Coordinator.h:126] commit: 1689266 abort: 228389 (0/228389/0), network size: 0, avg network size: 0, si_in_serializable: 0 0 %, local: 0 %
I1126 14:58:42.326812 987122 Coordinator.h:152] average commit: 1.66614e+06 abort: 224759 (0/224759/0), network size: 0, avg network size: 0, si_in_serializable: 0 0 %, local: 0 %
I1126 14:58:42.327309 987148 AriaExecutor.h:103] AriaExecutor 10 exits. 
I1126 14:58:42.327315 987146 AriaExecutor.h:103] AriaExecutor 8 exits. 
I1126 14:58:42.327311 987150 Manager.h:227] Manager(worker id = 12) on the coordinator node exits.
I1126 14:58:42.327313 987138 AriaExecutor.h:103] AriaExecutor 0 exits. 
I1126 14:58:42.327337 987147 AriaExecutor.h:103] AriaExecutor 9 exits. 
I1126 14:58:42.327324 987145 AriaExecutor.h:103] AriaExecutor 7 exits. 
I1126 14:58:42.327314 987140 AriaExecutor.h:103] AriaExecutor 2 exits. 
I1126 14:58:42.327325 987139 AriaExecutor.h:103] AriaExecutor 1 exits. 
I1126 14:58:42.327327 987143 AriaExecutor.h:103] AriaExecutor 5 exits. 
I1126 14:58:42.327332 987144 AriaExecutor.h:103] AriaExecutor 6 exits. 
I1126 14:58:42.327327 987149 AriaExecutor.h:103] AriaExecutor 11 exits. 
I1126 14:58:42.327313 987142 AriaExecutor.h:103] AriaExecutor 4 exits. 
I1126 14:58:42.327325 987141 AriaExecutor.h:103] AriaExecutor 3 exits. 
I1126 14:58:42.326819 987122 AriaExecutor.h:649] Worker 0 latency: 359 us (50%) 415 us (75%) 459 us (95%) 474 us (99%).
I1126 14:58:42.452877 987122 AriaExecutor.h:649] Worker 1 latency: 359 us (50%) 414 us (75%) 458 us (95%) 473 us (99%).
I1126 14:58:42.577662 987122 AriaExecutor.h:649] Worker 2 latency: 360 us (50%) 415 us (75%) 459 us (95%) 474 us (99%).
I1126 14:58:42.708696 987122 AriaExecutor.h:649] Worker 3 latency: 361 us (50%) 414 us (75%) 458 us (95%) 473 us (99%).
I1126 14:58:42.852618 987122 AriaExecutor.h:649] Worker 4 latency: 361 us (50%) 415 us (75%) 459 us (95%) 474 us (99%).
I1126 14:58:42.976469 987122 AriaExecutor.h:649] Worker 5 latency: 359 us (50%) 414 us (75%) 458 us (95%) 473 us (99%).
I1126 14:58:43.123761 987122 AriaExecutor.h:649] Worker 6 latency: 365 us (50%) 417 us (75%) 459 us (95%) 474 us (99%).
I1126 14:58:43.246047 987122 AriaExecutor.h:649] Worker 7 latency: 361 us (50%) 415 us (75%) 458 us (95%) 473 us (99%).
I1126 14:58:43.370676 987122 AriaExecutor.h:649] Worker 8 latency: 365 us (50%) 417 us (75%) 460 us (95%) 474 us (99%).
I1126 14:58:43.495229 987122 AriaExecutor.h:649] Worker 9 latency: 361 us (50%) 415 us (75%) 458 us (95%) 473 us (99%).
I1126 14:58:43.642179 987122 AriaExecutor.h:649] Worker 10 latency: 364 us (50%) 417 us (75%) 460 us (95%) 474 us (99%).
I1126 14:58:43.767930 987122 AriaExecutor.h:649] Worker 11 latency: 362 us (50%) 415 us (75%) 458 us (95%) 473 us (99%).
I1126 14:58:43.917714 987122 Coordinator.h:177] total commit: 1.66614e+06
I1126 14:58:44.917829 987122 Coordinator.h:192] Coordinator exits.
