I1126 13:58:06.867759 951777 Database.h:65] ycsb initialization finished in 30 milliseconds.
I1126 13:58:06.867859 951777 Coordinator.h:30] Coordinator initializes 12 workers.
I1126 13:58:06.874639 951777 Coordinator.h:77] Coordinator starts to run 13 workers.
I1126 13:58:06.874689 951793 AriaExecutor.h:91] AriaExecutor 0 started. 
I1126 13:58:06.874715 951794 AriaExecutor.h:91] AriaExecutor 1 started. 
I1126 13:58:06.874752 951795 AriaExecutor.h:91] AriaExecutor 2 started. 
I1126 13:58:06.874805 951796 AriaExecutor.h:91] AriaExecutor 3 started. 
I1126 13:58:06.874886 951798 AriaExecutor.h:91] AriaExecutor 5 started. 
I1126 13:58:06.874930 951799 AriaExecutor.h:91] AriaExecutor 6 started. 
I1126 13:58:06.874962 951800 AriaExecutor.h:91] AriaExecutor 7 started. 
I1126 13:58:06.875002 951801 AriaExecutor.h:91] AriaExecutor 8 started. 
I1126 13:58:06.875046 951802 AriaExecutor.h:91] AriaExecutor 9 started. 
I1126 13:58:06.875082 951803 AriaExecutor.h:91] AriaExecutor 10 started. 
I1126 13:58:06.875123 951804 AriaExecutor.h:91] AriaExecutor 11 started. 
I1126 13:58:06.875154 951797 AriaExecutor.h:91] AriaExecutor 4 started. 
I1126 13:58:06.875156 951805 Manager.h:224] Manager(worker id = 12) on the coordinator node started.
I1126 13:58:07.875226 951777 Coordinator.h:126] commit: 1861221 abort: 118779 (0/118779/0), network size: 0, avg network size: 0, si_in_serializable: 0 0 %, local: 0 %
I1126 13:58:08.875339 951777 Coordinator.h:126] commit: 1842555 abort: 117445 (0/117445/0), network size: 0, avg network size: 0, si_in_serializable: 0 0 %, local: 0 %
I1126 13:58:09.875445 951777 Coordinator.h:126] commit: 1870972 abort: 119028 (0/119028/0), network size: 0, avg network size: 0, si_in_serializable: 0 0 %, local: 0 %
I1126 13:58:10.875542 951777 Coordinator.h:126] commit: 1861569 abort: 118431 (0/118431/0), network size: 0, avg network size: 0, si_in_serializable: 0 0 %, local: 0 %
I1126 13:58:11.875623 951777 Coordinator.h:126] commit: 1880529 abort: 119471 (0/119471/0), network size: 0, avg network size: 0, si_in_serializable: 0 0 %, local: 0 %
I1126 13:58:12.875698 951777 Coordinator.h:126] commit: 1880187 abort: 119813 (0/119813/0), network size: 0, avg network size: 0, si_in_serializable: 0 0 %, local: 0 %
I1126 13:58:13.875774 951777 Coordinator.h:126] commit: 1814515 abort: 115485 (0/115485/0), network size: 0, avg network size: 0, si_in_serializable: 0 0 %, local: 0 %
I1126 13:58:14.875855 951777 Coordinator.h:126] commit: 1870787 abort: 119213 (0/119213/0), network size: 0, avg network size: 0, si_in_serializable: 0 0 %, local: 0 %
I1126 13:58:15.875973 951777 Coordinator.h:126] commit: 1870691 abort: 119251 (0/119251/0), network size: 0, avg network size: 0, si_in_serializable: 0 0 %, local: 0 %
I1126 13:58:16.876062 951777 Coordinator.h:126] commit: 1870773 abort: 119285 (0/119285/0), network size: 0, avg network size: 0, si_in_serializable: 0 0 %, local: 0 %
I1126 13:58:17.876137 951777 Coordinator.h:126] commit: 1880198 abort: 119802 (0/119802/0), network size: 0, avg network size: 0, si_in_serializable: 0 0 %, local: 0 %
I1126 13:58:18.876211 951777 Coordinator.h:126] commit: 1871023 abort: 118977 (0/118977/0), network size: 0, avg network size: 0, si_in_serializable: 0 0 %, local: 0 %
I1126 13:58:19.876293 951777 Coordinator.h:126] commit: 1879968 abort: 120032 (0/120032/0), network size: 0, avg network size: 0, si_in_serializable: 0 0 %, local: 0 %
I1126 13:58:20.876389 951777 Coordinator.h:126] commit: 1714361 abort: 108759 (0/108759/0), network size: 0, avg network size: 0, si_in_serializable: 0 0 %, local: 0 %
I1126 13:58:21.876499 951777 Coordinator.h:126] commit: 1858262 abort: 118618 (0/118618/0), network size: 0, avg network size: 0, si_in_serializable: 0 0 %, local: 0 %
I1126 13:58:22.876582 951777 Coordinator.h:126] commit: 1870709 abort: 119291 (0/119291/0), network size: 0, avg network size: 0, si_in_serializable: 0 0 %, local: 0 %
I1126 13:58:23.876660 951777 Coordinator.h:126] commit: 1879636 abort: 120364 (0/120364/0), network size: 0, avg network size: 0, si_in_serializable: 0 0 %, local: 0 %
I1126 13:58:24.876744 951777 Coordinator.h:126] commit: 1871306 abort: 118694 (0/118694/0), network size: 0, avg network size: 0, si_in_serializable: 0 0 %, local: 0 %
I1126 13:58:25.876834 951777 Coordinator.h:126] commit: 1880019 abort: 119981 (0/119981/0), network size: 0, avg network size: 0, si_in_serializable: 0 0 %, local: 0 %
I1126 13:58:26.876922 951777 Coordinator.h:126] commit: 1861380 abort: 118620 (0/118620/0), network size: 0, avg network size: 0, si_in_serializable: 0 0 %, local: 0 %
I1126 13:58:27.876999 951777 Coordinator.h:126] commit: 1870984 abort: 119512 (0/119512/0), network size: 0, avg network size: 0, si_in_serializable: 0 0 %, local: 0 %
I1126 13:58:28.877077 951777 Coordinator.h:126] commit: 1879214 abort: 120290 (0/120290/0), network size: 0, avg network size: 0, si_in_serializable: 0 0 %, local: 0 %
I1126 13:58:29.877161 951777 Coordinator.h:126] commit: 1871121 abort: 118879 (0/118879/0), network size: 0, avg network size: 0, si_in_serializable: 0 0 %, local: 0 %
I1126 13:58:30.877254 951777 Coordinator.h:126] commit: 1879558 abort: 120442 (0/120442/0), network size: 0, avg network size: 0, si_in_serializable: 0 0 %, local: 0 %
I1126 13:58:31.877344 951777 Coordinator.h:126] commit: 1880048 abort: 119952 (0/119952/0), network size: 0, avg network size: 0, si_in_serializable: 0 0 %, local: 0 %
I1126 13:58:31.877358 951777 Coordinator.h:152] average commit: 1.85669e+06 abort: 118314 (0/118314/0), network size: 0, avg network size: 0, si_in_serializable: 0 0 %, local: 0 %
I1126 13:58:31.882385 951797 AriaExecutor.h:103] AriaExecutor 4 exits. 
I1126 13:58:31.882390 951801 AriaExecutor.h:103] AriaExecutor 8 exits. 
I1126 13:58:31.882400 951796 AriaExecutor.h:103] AriaExecutor 3 exits. 
I1126 13:58:31.882386 951795 AriaExecutor.h:103] AriaExecutor 2 exits. 
I1126 13:58:31.882390 951793 AriaExecutor.h:103] AriaExecutor 0 exits. 
I1126 13:58:31.882386 951805 Manager.h:227] Manager(worker id = 12) on the coordinator node exits.
I1126 13:58:31.882391 951799 AriaExecutor.h:103] AriaExecutor 6 exits. 
I1126 13:58:31.882400 951802 AriaExecutor.h:103] AriaExecutor 9 exits. 
I1126 13:58:31.882400 951798 AriaExecutor.h:103] AriaExecutor 5 exits. 
I1126 13:58:31.882400 951800 AriaExecutor.h:103] AriaExecutor 7 exits. 
I1126 13:58:31.882400 951794 AriaExecutor.h:103] AriaExecutor 1 exits. 
I1126 13:58:31.882385 951803 AriaExecutor.h:103] AriaExecutor 10 exits. 
I1126 13:58:31.882400 951804 AriaExecutor.h:103] AriaExecutor 11 exits. 
I1126 13:58:31.877368 951777 AriaExecutor.h:649] Worker 0 latency: 3531 us (50%) 3970 us (75%) 4322 us (95%) 4417 us (99%).
I1126 13:58:32.021363 951777 AriaExecutor.h:649] Worker 1 latency: 3539 us (50%) 3974 us (75%) 4324 us (95%) 4418 us (99%).
I1126 13:58:32.175328 951777 AriaExecutor.h:649] Worker 2 latency: 3546 us (50%) 3976 us (75%) 4321 us (95%) 4414 us (99%).
I1126 13:58:32.318035 951777 AriaExecutor.h:649] Worker 3 latency: 3548 us (50%) 3982 us (75%) 4328 us (95%) 4421 us (99%).
I1126 13:58:32.474407 951777 AriaExecutor.h:649] Worker 4 latency: 3523 us (50%) 3965 us (75%) 4319 us (95%) 4414 us (99%).
I1126 13:58:32.615711 951777 AriaExecutor.h:649] Worker 5 latency: 3542 us (50%) 3975 us (75%) 4323 us (95%) 4418 us (99%).
I1126 13:58:32.770882 951777 AriaExecutor.h:649] Worker 6 latency: 3552 us (50%) 3981 us (75%) 4324 us (95%) 4416 us (99%).
I1126 13:58:32.912411 951777 AriaExecutor.h:649] Worker 7 latency: 3544 us (50%) 3979 us (75%) 4326 us (95%) 4420 us (99%).
I1126 13:58:33.066228 951777 AriaExecutor.h:649] Worker 8 latency: 3539 us (50%) 3975 us (75%) 4322 us (95%) 4416 us (99%).
I1126 13:58:33.207842 951777 AriaExecutor.h:649] Worker 9 latency: 3547 us (50%) 3979 us (75%) 4325 us (95%) 4420 us (99%).
I1126 13:58:33.361256 951777 AriaExecutor.h:649] Worker 10 latency: 3541 us (50%) 3974 us (75%) 4321 us (95%) 4415 us (99%).
I1126 13:58:33.506603 951777 AriaExecutor.h:649] Worker 11 latency: 3549 us (50%) 3980 us (75%) 4326 us (95%) 4420 us (99%).
I1126 13:58:33.660454 951777 Coordinator.h:177] total commit: 1.85669e+06
I1126 13:58:34.660565 951777 Coordinator.h:192] Coordinator exits.
