I0911 22:04:32.964504 2930785 Database.h:65] ycsb initialization finished in 179 milliseconds.
I0911 22:04:32.964617 2930785 Coordinator.h:30] Coordinator initializes 16 workers.
I0911 22:04:32.980010 2930785 Coordinator.h:77] Coordinator starts to run 17 workers.
I0911 22:04:32.980073 2930806 AriaExecutor.h:82] AriaExecutor 0 started. 
I0911 22:04:32.980116 2930807 AriaExecutor.h:82] AriaExecutor 1 started. 
I0911 22:04:32.980156 2930808 AriaExecutor.h:82] AriaExecutor 2 started. 
I0911 22:04:32.980209 2930809 AriaExecutor.h:82] AriaExecutor 3 started. 
I0911 22:04:32.980242 2930810 AriaExecutor.h:82] AriaExecutor 4 started. 
I0911 22:04:32.980281 2930811 AriaExecutor.h:82] AriaExecutor 5 started. 
I0911 22:04:32.980319 2930812 AriaExecutor.h:82] AriaExecutor 6 started. 
I0911 22:04:32.980356 2930813 AriaExecutor.h:82] AriaExecutor 7 started. 
I0911 22:04:32.980391 2930814 AriaExecutor.h:82] AriaExecutor 8 started. 
I0911 22:04:32.980443 2930815 AriaExecutor.h:82] AriaExecutor 9 started. 
I0911 22:04:32.980475 2930816 AriaExecutor.h:82] AriaExecutor 10 started. 
I0911 22:04:32.980516 2930817 AriaExecutor.h:82] AriaExecutor 11 started. 
I0911 22:04:32.980551 2930818 AriaExecutor.h:82] AriaExecutor 12 started. 
I0911 22:04:32.980592 2930819 AriaExecutor.h:82] AriaExecutor 13 started. 
I0911 22:04:32.980623 2930820 AriaExecutor.h:82] AriaExecutor 14 started. 
I0911 22:04:32.980672 2930821 AriaExecutor.h:82] AriaExecutor 15 started. 
I0911 22:04:32.980707 2930822 Manager.h:224] Manager(worker id = 16) on the coordinator node started.
I0911 22:04:33.980756 2930785 Coordinator.h:126] commit: 62124 abort: 95572 (0/95572/0), network size: 0, avg network size: 0, si_in_serializable: 0 0 %, local: 0 %
I0911 22:04:34.980866 2930785 Coordinator.h:126] commit: 64458 abort: 99382 (0/99382/0), network size: 0, avg network size: 0, si_in_serializable: 0 0 %, local: 0 %
I0911 22:04:35.980948 2930785 Coordinator.h:126] commit: 62750 abort: 96994 (0/96994/0), network size: 0, avg network size: 0, si_in_serializable: 0 0 %, local: 0 %
I0911 22:04:36.981022 2930785 Coordinator.h:126] commit: 64437 abort: 99498 (0/99498/0), network size: 0, avg network size: 0, si_in_serializable: 0 0 %, local: 0 %
I0911 22:04:37.981119 2930785 Coordinator.h:126] commit: 68358 abort: 105627 (0/105627/0), network size: 0, avg network size: 0, si_in_serializable: 0 0 %, local: 0 %
I0911 22:04:38.981199 2930785 Coordinator.h:126] commit: 68498 abort: 105582 (0/105582/0), network size: 0, avg network size: 0, si_in_serializable: 0 0 %, local: 0 %
I0911 22:04:39.981274 2930785 Coordinator.h:126] commit: 68771 abort: 105179 (0/105179/0), network size: 0, avg network size: 0, si_in_serializable: 0 0 %, local: 0 %
I0911 22:04:40.981338 2930785 Coordinator.h:126] commit: 67937 abort: 104225 (0/104225/0), network size: 0, avg network size: 0, si_in_serializable: 0 0 %, local: 0 %
I0911 22:04:41.981419 2930785 Coordinator.h:126] commit: 68652 abort: 105428 (0/105428/0), network size: 0, avg network size: 0, si_in_serializable: 0 0 %, local: 0 %
I0911 22:04:42.981490 2930785 Coordinator.h:126] commit: 66237 abort: 101699 (0/101699/0), network size: 0, avg network size: 0, si_in_serializable: 0 0 %, local: 0 %
I0911 22:04:43.981567 2930785 Coordinator.h:126] commit: 67594 abort: 104438 (0/104438/0), network size: 0, avg network size: 0, si_in_serializable: 0 0 %, local: 0 %
I0911 22:04:44.981664 2930785 Coordinator.h:126] commit: 68544 abort: 105536 (0/105536/0), network size: 0, avg network size: 0, si_in_serializable: 0 0 %, local: 0 %
I0911 22:04:45.981755 2930785 Coordinator.h:126] commit: 68254 abort: 105826 (0/105826/0), network size: 0, avg network size: 0, si_in_serializable: 0 0 %, local: 0 %
I0911 22:04:46.981822 2930785 Coordinator.h:126] commit: 68419 abort: 105661 (0/105661/0), network size: 0, avg network size: 0, si_in_serializable: 0 0 %, local: 0 %
I0911 22:04:47.981890 2930785 Coordinator.h:126] commit: 68457 abort: 105623 (0/105623/0), network size: 0, avg network size: 0, si_in_serializable: 0 0 %, local: 0 %
I0911 22:04:48.981952 2930785 Coordinator.h:126] commit: 68500 abort: 105580 (0/105580/0), network size: 0, avg network size: 0, si_in_serializable: 0 0 %, local: 0 %
I0911 22:04:49.982014 2930785 Coordinator.h:126] commit: 68427 abort: 105653 (0/105653/0), network size: 0, avg network size: 0, si_in_serializable: 0 0 %, local: 0 %
I0911 22:04:50.982077 2930785 Coordinator.h:126] commit: 68674 abort: 105406 (0/105406/0), network size: 0, avg network size: 0, si_in_serializable: 0 0 %, local: 0 %
I0911 22:04:51.982151 2930785 Coordinator.h:126] commit: 69158 abort: 106077 (0/106077/0), network size: 0, avg network size: 0, si_in_serializable: 0 0 %, local: 0 %
I0911 22:04:52.982226 2930785 Coordinator.h:126] commit: 68238 abort: 106735 (0/106735/0), network size: 0, avg network size: 0, si_in_serializable: 0 0 %, local: 0 %
I0911 22:04:53.982290 2930785 Coordinator.h:126] commit: 67712 abort: 104320 (0/104320/0), network size: 0, avg network size: 0, si_in_serializable: 0 0 %, local: 0 %
I0911 22:04:54.982357 2930785 Coordinator.h:126] commit: 68509 abort: 105571 (0/105571/0), network size: 0, avg network size: 0, si_in_serializable: 0 0 %, local: 0 %
I0911 22:04:55.982431 2930785 Coordinator.h:126] commit: 68174 abort: 105906 (0/105906/0), network size: 0, avg network size: 0, si_in_serializable: 0 0 %, local: 0 %
I0911 22:04:56.982498 2930785 Coordinator.h:126] commit: 68262 abort: 105818 (0/105818/0), network size: 0, avg network size: 0, si_in_serializable: 0 0 %, local: 0 %
I0911 22:04:57.982563 2930785 Coordinator.h:126] commit: 66488 abort: 103496 (0/103496/0), network size: 0, avg network size: 0, si_in_serializable: 0 0 %, local: 0 %
I0911 22:04:57.982575 2930785 Coordinator.h:152] average commit: 68426.5 abort: 105654 (0/105654/0), network size: 0, avg network size: 0, si_in_serializable: 0 0 %, local: 0 %
I0911 22:04:57.982584 2930785 AriaExecutor.h:535] Worker 0 latency: 10184 us (50%) 10785 us (75%) 11171 us (95%) 12006 us (99%).
I0911 22:04:57.992238 2930822 Manager.h:227] Manager(worker id = 16) on the coordinator node exits.
I0911 22:04:57.992238 2930814 AriaExecutor.h:94] AriaExecutor 8 exits. 
I0911 22:04:57.992257 2930815 AriaExecutor.h:94] AriaExecutor 9 exits. 
I0911 22:04:57.992250 2930808 AriaExecutor.h:94] AriaExecutor 2 exits. 
I0911 22:04:57.992254 2930809 AriaExecutor.h:94] AriaExecutor 3 exits. 
I0911 22:04:57.992254 2930811 AriaExecutor.h:94] AriaExecutor 5 exits. 
I0911 22:04:57.992255 2930807 AriaExecutor.h:94] AriaExecutor 1 exits. 
I0911 22:04:57.992254 2930821 AriaExecutor.h:94] AriaExecutor 15 exits. 
I0911 22:04:57.992254 2930817 AriaExecutor.h:94] AriaExecutor 11 exits. 
I0911 22:04:57.992244 2930818 AriaExecutor.h:94] AriaExecutor 12 exits. 
I0911 22:04:57.992249 2930806 AriaExecutor.h:94] AriaExecutor 0 exits. 
I0911 22:04:57.992254 2930819 AriaExecutor.h:94] AriaExecutor 13 exits. 
I0911 22:04:57.992246 2930816 AriaExecutor.h:94] AriaExecutor 10 exits. 
I0911 22:04:57.992249 2930820 AriaExecutor.h:94] AriaExecutor 14 exits. 
I0911 22:04:57.992259 2930813 AriaExecutor.h:94] AriaExecutor 7 exits. 
I0911 22:04:57.992245 2930810 AriaExecutor.h:94] AriaExecutor 4 exits. 
I0911 22:04:57.992247 2930812 AriaExecutor.h:94] AriaExecutor 6 exits. 
I0911 22:04:57.992640 2930785 AriaExecutor.h:535] Worker 1 latency: 10162 us (50%) 10767 us (75%) 11162 us (95%) 12016 us (99%).
I0911 22:04:57.998941 2930785 AriaExecutor.h:535] Worker 2 latency: 10176 us (50%) 10773 us (75%) 11161 us (95%) 12011 us (99%).
I0911 22:04:58.004537 2930785 AriaExecutor.h:535] Worker 3 latency: 10175 us (50%) 10773 us (75%) 11160 us (95%) 12002 us (99%).
I0911 22:04:58.010514 2930785 AriaExecutor.h:535] Worker 4 latency: 10166 us (50%) 10774 us (75%) 11165 us (95%) 12028 us (99%).
I0911 22:04:58.016072 2930785 AriaExecutor.h:535] Worker 5 latency: 10156 us (50%) 10767 us (75%) 11162 us (95%) 12017 us (99%).
I0911 22:04:58.022061 2930785 AriaExecutor.h:535] Worker 6 latency: 10178 us (50%) 10778 us (75%) 11163 us (95%) 12018 us (99%).
I0911 22:04:58.027526 2930785 AriaExecutor.h:535] Worker 7 latency: 10171 us (50%) 10771 us (75%) 11160 us (95%) 12007 us (99%).
I0911 22:04:58.033569 2930785 AriaExecutor.h:535] Worker 8 latency: 10165 us (50%) 10772 us (75%) 11161 us (95%) 12034 us (99%).
I0911 22:04:58.039058 2930785 AriaExecutor.h:535] Worker 9 latency: 10165 us (50%) 10770 us (75%) 11159 us (95%) 12007 us (99%).
I0911 22:04:58.045019 2930785 AriaExecutor.h:535] Worker 10 latency: 10177 us (50%) 10772 us (75%) 11159 us (95%) 12006 us (99%).
I0911 22:04:58.050418 2930785 AriaExecutor.h:535] Worker 11 latency: 10166 us (50%) 10770 us (75%) 11153 us (95%) 11995 us (99%).
I0911 22:04:58.056340 2930785 AriaExecutor.h:535] Worker 12 latency: 10165 us (50%) 10770 us (75%) 11158 us (95%) 12001 us (99%).
I0911 22:04:58.061789 2930785 AriaExecutor.h:535] Worker 13 latency: 10163 us (50%) 10769 us (75%) 11163 us (95%) 12027 us (99%).
I0911 22:04:58.067708 2930785 AriaExecutor.h:535] Worker 14 latency: 10169 us (50%) 10769 us (75%) 11157 us (95%) 11997 us (99%).
I0911 22:04:58.073251 2930785 AriaExecutor.h:535] Worker 15 latency: 10167 us (50%) 10765 us (75%) 11158 us (95%) 12016 us (99%).
I0911 22:04:58.079129 2930785 Coordinator.h:177] total commit: 68426.5
I0911 22:04:59.079303 2930785 Coordinator.h:192] Coordinator exits.
