I1126 14:16:53.296526 962954 Database.h:65] ycsb initialization finished in 30 milliseconds.
I1126 14:16:53.296622 962954 Coordinator.h:30] Coordinator initializes 12 workers.
I1126 14:16:53.297518 962954 Coordinator.h:77] Coordinator starts to run 13 workers.
I1126 14:16:53.297569 962970 AriaExecutor.h:91] AriaExecutor 0 started. 
I1126 14:16:53.297596 962971 AriaExecutor.h:91] AriaExecutor 1 started. 
I1126 14:16:53.297633 962972 AriaExecutor.h:91] AriaExecutor 2 started. 
I1126 14:16:53.297680 962973 AriaExecutor.h:91] AriaExecutor 3 started. 
I1126 14:16:53.297765 962975 AriaExecutor.h:91] AriaExecutor 5 started. 
I1126 14:16:53.297806 962976 AriaExecutor.h:91] AriaExecutor 6 started. 
I1126 14:16:53.297847 962977 AriaExecutor.h:91] AriaExecutor 7 started. 
I1126 14:16:53.297885 962978 AriaExecutor.h:91] AriaExecutor 8 started. 
I1126 14:16:53.297930 962979 AriaExecutor.h:91] AriaExecutor 9 started. 
I1126 14:16:53.297960 962980 AriaExecutor.h:91] AriaExecutor 10 started. 
I1126 14:16:53.298010 962981 AriaExecutor.h:91] AriaExecutor 11 started. 
I1126 14:16:53.298045 962974 AriaExecutor.h:91] AriaExecutor 4 started. 
I1126 14:16:53.298055 962982 Manager.h:224] Manager(worker id = 12) on the coordinator node started.
I1126 14:16:54.298121 962954 Coordinator.h:126] commit: 1172852 abort: 98148 (0/98148/0), network size: 0, avg network size: 0, si_in_serializable: 0 0 %, local: 0 %
I1126 14:16:55.298231 962954 Coordinator.h:126] commit: 1154307 abort: 96693 (0/96693/0), network size: 0, avg network size: 0, si_in_serializable: 0 0 %, local: 0 %
I1126 14:16:56.298357 962954 Coordinator.h:126] commit: 1167095 abort: 97905 (0/97905/0), network size: 0, avg network size: 0, si_in_serializable: 0 0 %, local: 0 %
I1126 14:16:57.298457 962954 Coordinator.h:126] commit: 1185308 abort: 99692 (0/99692/0), network size: 0, avg network size: 0, si_in_serializable: 0 0 %, local: 0 %
I1126 14:16:58.298547 962954 Coordinator.h:126] commit: 1183613 abort: 99387 (0/99387/0), network size: 0, avg network size: 0, si_in_serializable: 0 0 %, local: 0 %
I1126 14:16:59.298640 962954 Coordinator.h:126] commit: 1146459 abort: 96541 (0/96541/0), network size: 0, avg network size: 0, si_in_serializable: 0 0 %, local: 0 %
I1126 14:17:00.298746 962954 Coordinator.h:126] commit: 1166330 abort: 97670 (0/97670/0), network size: 0, avg network size: 0, si_in_serializable: 0 0 %, local: 0 %
I1126 14:17:01.298861 962954 Coordinator.h:126] commit: 1179799 abort: 99201 (0/99201/0), network size: 0, avg network size: 0, si_in_serializable: 0 0 %, local: 0 %
I1126 14:17:02.298949 962954 Coordinator.h:126] commit: 1179544 abort: 98456 (0/98456/0), network size: 0, avg network size: 0, si_in_serializable: 0 0 %, local: 0 %
I1126 14:17:03.299043 962954 Coordinator.h:126] commit: 1181455 abort: 99545 (0/99545/0), network size: 0, avg network size: 0, si_in_serializable: 0 0 %, local: 0 %
I1126 14:17:04.299122 962954 Coordinator.h:126] commit: 1105012 abort: 92988 (0/92988/0), network size: 0, avg network size: 0, si_in_serializable: 0 0 %, local: 0 %
I1126 14:17:05.299217 962954 Coordinator.h:126] commit: 1179360 abort: 98429 (0/98429/0), network size: 0, avg network size: 0, si_in_serializable: 0 0 %, local: 0 %
I1126 14:17:06.299307 962954 Coordinator.h:126] commit: 1163002 abort: 97209 (0/97209/0), network size: 0, avg network size: 0, si_in_serializable: 0 0 %, local: 0 %
I1126 14:17:07.299418 962954 Coordinator.h:126] commit: 1174581 abort: 98419 (0/98419/0), network size: 0, avg network size: 0, si_in_serializable: 0 0 %, local: 0 %
I1126 14:17:08.299517 962954 Coordinator.h:126] commit: 1176182 abort: 98818 (0/98818/0), network size: 0, avg network size: 0, si_in_serializable: 0 0 %, local: 0 %
I1126 14:17:09.299603 962954 Coordinator.h:126] commit: 1175986 abort: 99014 (0/99014/0), network size: 0, avg network size: 0, si_in_serializable: 0 0 %, local: 0 %
I1126 14:17:10.299690 962954 Coordinator.h:126] commit: 1176064 abort: 98936 (0/98936/0), network size: 0, avg network size: 0, si_in_serializable: 0 0 %, local: 0 %
I1126 14:17:11.299774 962954 Coordinator.h:126] commit: 1175251 abort: 98749 (0/98749/0), network size: 0, avg network size: 0, si_in_serializable: 0 0 %, local: 0 %
I1126 14:17:12.299877 962954 Coordinator.h:126] commit: 1177678 abort: 98322 (0/98322/0), network size: 0, avg network size: 0, si_in_serializable: 0 0 %, local: 0 %
I1126 14:17:13.299965 962954 Coordinator.h:126] commit: 1175295 abort: 98705 (0/98705/0), network size: 0, avg network size: 0, si_in_serializable: 0 0 %, local: 0 %
I1126 14:17:14.300067 962954 Coordinator.h:126] commit: 1178269 abort: 98731 (0/98731/0), network size: 0, avg network size: 0, si_in_serializable: 0 0 %, local: 0 %
I1126 14:17:15.300156 962954 Coordinator.h:126] commit: 1003720 abort: 84280 (0/84280/0), network size: 0, avg network size: 0, si_in_serializable: 0 0 %, local: 0 %
I1126 14:17:16.300259 962954 Coordinator.h:126] commit: 1177671 abort: 98329 (0/98329/0), network size: 0, avg network size: 0, si_in_serializable: 0 0 %, local: 0 %
I1126 14:17:17.300345 962954 Coordinator.h:126] commit: 1175565 abort: 98435 (0/98435/0), network size: 0, avg network size: 0, si_in_serializable: 0 0 %, local: 0 %
I1126 14:17:18.300446 962954 Coordinator.h:126] commit: 1179131 abort: 98869 (0/98869/0), network size: 0, avg network size: 0, si_in_serializable: 0 0 %, local: 0 %
I1126 14:17:18.300458 962954 Coordinator.h:152] average commit: 1.16784e+06 abort: 97958.9 (0/97958.9/0), network size: 0, avg network size: 0, si_in_serializable: 0 0 %, local: 0 %
I1126 14:17:18.300999 962970 AriaExecutor.h:103] AriaExecutor 0 exits. 
I1126 14:17:18.301004 962972 AriaExecutor.h:103] AriaExecutor 2 exits. 
I1126 14:17:18.301012 962971 AriaExecutor.h:103] AriaExecutor 1 exits. 
I1126 14:17:18.301002 962976 AriaExecutor.h:103] AriaExecutor 6 exits. 
I1126 14:17:18.300999 962974 AriaExecutor.h:103] AriaExecutor 4 exits. 
I1126 14:17:18.301002 962980 AriaExecutor.h:103] AriaExecutor 10 exits. 
I1126 14:17:18.301012 962973 AriaExecutor.h:103] AriaExecutor 3 exits. 
I1126 14:17:18.301012 962975 AriaExecutor.h:103] AriaExecutor 5 exits. 
I1126 14:17:18.301012 962977 AriaExecutor.h:103] AriaExecutor 7 exits. 
I1126 14:17:18.301012 962979 AriaExecutor.h:103] AriaExecutor 9 exits. 
I1126 14:17:18.301000 962978 AriaExecutor.h:103] AriaExecutor 8 exits. 
I1126 14:17:18.301016 962982 Manager.h:227] Manager(worker id = 12) on the coordinator node exits.
I1126 14:17:18.301012 962981 AriaExecutor.h:103] AriaExecutor 11 exits. 
I1126 14:17:18.300468 962954 AriaExecutor.h:649] Worker 0 latency: 595 us (50%) 648 us (75%) 693 us (95%) 709 us (99%).
I1126 14:17:18.387662 962954 AriaExecutor.h:649] Worker 1 latency: 592 us (50%) 647 us (75%) 692 us (95%) 708 us (99%).
I1126 14:17:18.474141 962954 AriaExecutor.h:649] Worker 2 latency: 595 us (50%) 648 us (75%) 693 us (95%) 709 us (99%).
I1126 14:17:18.558424 962954 AriaExecutor.h:649] Worker 3 latency: 592 us (50%) 647 us (75%) 692 us (95%) 709 us (99%).
I1126 14:17:18.643954 962954 AriaExecutor.h:649] Worker 4 latency: 596 us (50%) 648 us (75%) 692 us (95%) 709 us (99%).
I1126 14:17:18.727636 962954 AriaExecutor.h:649] Worker 5 latency: 592 us (50%) 646 us (75%) 691 us (95%) 708 us (99%).
I1126 14:17:18.812846 962954 AriaExecutor.h:649] Worker 6 latency: 598 us (50%) 649 us (75%) 692 us (95%) 709 us (99%).
I1126 14:17:18.897010 962954 AriaExecutor.h:649] Worker 7 latency: 594 us (50%) 647 us (75%) 692 us (95%) 708 us (99%).
I1126 14:17:18.981691 962954 AriaExecutor.h:649] Worker 8 latency: 596 us (50%) 648 us (75%) 693 us (95%) 709 us (99%).
I1126 14:17:19.066418 962954 AriaExecutor.h:649] Worker 9 latency: 596 us (50%) 648 us (75%) 692 us (95%) 708 us (99%).
I1126 14:17:19.148779 962954 AriaExecutor.h:649] Worker 10 latency: 597 us (50%) 649 us (75%) 692 us (95%) 709 us (99%).
I1126 14:17:19.233479 962954 AriaExecutor.h:649] Worker 11 latency: 596 us (50%) 648 us (75%) 692 us (95%) 708 us (99%).
I1126 14:17:19.318468 962954 Coordinator.h:177] total commit: 1.16784e+06
I1126 14:17:20.318575 962954 Coordinator.h:192] Coordinator exits.
