I0911 21:55:23.598330 2929106 Database.h:65] ycsb initialization finished in 145 milliseconds.
I0911 21:55:23.598441 2929106 Coordinator.h:30] Coordinator initializes 16 workers.
I0911 21:55:23.613746 2929106 Coordinator.h:77] Coordinator starts to run 17 workers.
I0911 21:55:23.613826 2929126 AriaExecutor.h:82] AriaExecutor 0 started. 
I0911 21:55:23.613855 2929127 AriaExecutor.h:82] AriaExecutor 1 started. 
I0911 21:55:23.613907 2929128 AriaExecutor.h:82] AriaExecutor 2 started. 
I0911 21:55:23.613952 2929129 AriaExecutor.h:82] AriaExecutor 3 started. 
I0911 21:55:23.613973 2929130 AriaExecutor.h:82] AriaExecutor 4 started. 
I0911 21:55:23.614017 2929131 AriaExecutor.h:82] AriaExecutor 5 started. 
I0911 21:55:23.614037 2929132 AriaExecutor.h:82] AriaExecutor 6 started. 
I0911 21:55:23.614071 2929133 AriaExecutor.h:82] AriaExecutor 7 started. 
I0911 21:55:23.614097 2929134 AriaExecutor.h:82] AriaExecutor 8 started. 
I0911 21:55:23.614136 2929135 AriaExecutor.h:82] AriaExecutor 9 started. 
I0911 21:55:23.614169 2929136 AriaExecutor.h:82] AriaExecutor 10 started. 
I0911 21:55:23.614212 2929137 AriaExecutor.h:82] AriaExecutor 11 started. 
I0911 21:55:23.614235 2929138 AriaExecutor.h:82] AriaExecutor 12 started. 
I0911 21:55:23.614270 2929139 AriaExecutor.h:82] AriaExecutor 13 started. 
I0911 21:55:23.614300 2929140 AriaExecutor.h:82] AriaExecutor 14 started. 
I0911 21:55:23.614342 2929141 AriaExecutor.h:82] AriaExecutor 15 started. 
I0911 21:55:23.614367 2929142 Manager.h:224] Manager(worker id = 16) on the coordinator node started.
I0911 21:55:24.614418 2929106 Coordinator.h:126] commit: 1399789 abort: 11283 (0/11283/0), network size: 0, avg network size: 0, si_in_serializable: 0 0 %, local: 0 %
I0911 21:55:25.614548 2929106 Coordinator.h:126] commit: 1385532 abort: 11204 (0/11204/0), network size: 0, avg network size: 0, si_in_serializable: 0 0 %, local: 0 %
I0911 21:55:26.614642 2929106 Coordinator.h:126] commit: 1342982 abort: 10746 (0/10746/0), network size: 0, avg network size: 0, si_in_serializable: 0 0 %, local: 0 %
I0911 21:55:27.614719 2929106 Coordinator.h:126] commit: 1347029 abort: 10795 (0/10795/0), network size: 0, avg network size: 0, si_in_serializable: 0 0 %, local: 0 %
I0911 21:55:28.614822 2929106 Coordinator.h:126] commit: 1403860 abort: 11308 (0/11308/0), network size: 0, avg network size: 0, si_in_serializable: 0 0 %, local: 0 %
I0911 21:55:29.614912 2929106 Coordinator.h:126] commit: 1411951 abort: 11409 (0/11409/0), network size: 0, avg network size: 0, si_in_serializable: 0 0 %, local: 0 %
I0911 21:55:30.615000 2929106 Coordinator.h:126] commit: 1389624 abort: 11208 (0/11208/0), network size: 0, avg network size: 0, si_in_serializable: 0 0 %, local: 0 %
I0911 21:55:31.615085 2929106 Coordinator.h:126] commit: 1407909 abort: 11355 (0/11355/0), network size: 0, avg network size: 0, si_in_serializable: 0 0 %, local: 0 %
I0911 21:55:32.615183 2929106 Coordinator.h:126] commit: 1409747 abort: 11565 (0/11565/0), network size: 0, avg network size: 0, si_in_serializable: 0 0 %, local: 0 %
I0911 21:55:33.615273 2929106 Coordinator.h:126] commit: 1407817 abort: 11447 (0/11447/0), network size: 0, avg network size: 0, si_in_serializable: 0 0 %, local: 0 %
I0911 21:55:34.615358 2929106 Coordinator.h:126] commit: 1411975 abort: 11385 (0/11385/0), network size: 0, avg network size: 0, si_in_serializable: 0 0 %, local: 0 %
I0911 21:55:35.615437 2929106 Coordinator.h:126] commit: 1369257 abort: 11095 (0/11095/0), network size: 0, avg network size: 0, si_in_serializable: 0 0 %, local: 0 %
I0911 21:55:36.615512 2929106 Coordinator.h:126] commit: 1373547 abort: 10901 (0/10901/0), network size: 0, avg network size: 0, si_in_serializable: 0 0 %, local: 0 %
I0911 21:55:37.615590 2929106 Coordinator.h:126] commit: 1369386 abort: 10966 (0/10966/0), network size: 0, avg network size: 0, si_in_serializable: 0 0 %, local: 0 %
I0911 21:55:38.615665 2929106 Coordinator.h:126] commit: 1412021 abort: 11339 (0/11339/0), network size: 0, avg network size: 0, si_in_serializable: 0 0 %, local: 0 %
I0911 21:55:39.615770 2929106 Coordinator.h:126] commit: 1408761 abort: 11348 (0/11348/0), network size: 0, avg network size: 0, si_in_serializable: 0 0 %, local: 0 %
I0911 21:55:40.615861 2929106 Coordinator.h:126] commit: 1413441 abort: 11489 (0/11489/0), network size: 0, avg network size: 0, si_in_serializable: 0 0 %, local: 0 %
I0911 21:55:41.615945 2929106 Coordinator.h:126] commit: 1411356 abort: 11529 (0/11529/0), network size: 0, avg network size: 0, si_in_serializable: 0 0 %, local: 0 %
I0911 21:55:42.616035 2929106 Coordinator.h:126] commit: 1409981 abort: 11438 (0/11438/0), network size: 0, avg network size: 0, si_in_serializable: 0 0 %, local: 0 %
I0911 21:55:43.616112 2929106 Coordinator.h:126] commit: 1414009 abort: 11399 (0/11399/0), network size: 0, avg network size: 0, si_in_serializable: 0 0 %, local: 0 %
I0911 21:55:44.616187 2929106 Coordinator.h:126] commit: 1404049 abort: 11119 (0/11119/0), network size: 0, avg network size: 0, si_in_serializable: 0 0 %, local: 0 %
I0911 21:55:45.616259 2929106 Coordinator.h:126] commit: 1409969 abort: 11343 (0/11343/0), network size: 0, avg network size: 0, si_in_serializable: 0 0 %, local: 0 %
I0911 21:55:46.616329 2929106 Coordinator.h:126] commit: 1412161 abort: 11199 (0/11199/0), network size: 0, avg network size: 0, si_in_serializable: 0 0 %, local: 0 %
I0911 21:55:47.616400 2929106 Coordinator.h:126] commit: 1412135 abort: 11225 (0/11225/0), network size: 0, avg network size: 0, si_in_serializable: 0 0 %, local: 0 %
I0911 21:55:48.616475 2929106 Coordinator.h:126] commit: 1322485 abort: 10763 (0/10763/0), network size: 0, avg network size: 0, si_in_serializable: 0 0 %, local: 0 %
I0911 21:55:48.616487 2929106 Coordinator.h:152] average commit: 1.39937e+06 abort: 11288.9 (0/11288.9/0), network size: 0, avg network size: 0, si_in_serializable: 0 0 %, local: 0 %
I0911 21:55:48.617218 2929140 AriaExecutor.h:94] AriaExecutor 14 exits. 
I0911 21:55:48.617218 2929142 Manager.h:227] Manager(worker id = 16) on the coordinator node exits.
I0911 21:55:48.617221 2929130 AriaExecutor.h:94] AriaExecutor 4 exits. 
I0911 21:55:48.617219 2929138 AriaExecutor.h:94] AriaExecutor 12 exits. 
I0911 21:55:48.617220 2929136 AriaExecutor.h:94] AriaExecutor 10 exits. 
I0911 21:55:48.617219 2929132 AriaExecutor.h:94] AriaExecutor 6 exits. 
I0911 21:55:48.617236 2929131 AriaExecutor.h:94] AriaExecutor 5 exits. 
I0911 21:55:48.617223 2929126 AriaExecutor.h:94] AriaExecutor 0 exits. 
I0911 21:55:48.617236 2929129 AriaExecutor.h:94] AriaExecutor 3 exits. 
I0911 21:55:48.617236 2929133 AriaExecutor.h:94] AriaExecutor 7 exits. 
I0911 21:55:48.617236 2929137 AriaExecutor.h:94] AriaExecutor 11 exits. 
I0911 21:55:48.617236 2929135 AriaExecutor.h:94] AriaExecutor 9 exits. 
I0911 21:55:48.617236 2929127 AriaExecutor.h:94] AriaExecutor 1 exits. 
I0911 21:55:48.617236 2929141 AriaExecutor.h:94] AriaExecutor 15 exits. 
I0911 21:55:48.617219 2929134 AriaExecutor.h:94] AriaExecutor 8 exits. 
I0911 21:55:48.617218 2929128 AriaExecutor.h:94] AriaExecutor 2 exits. 
I0911 21:55:48.617236 2929139 AriaExecutor.h:94] AriaExecutor 13 exits. 
I0911 21:55:48.616496 2929106 AriaExecutor.h:535] Worker 0 latency: 952 us (50%) 1154 us (75%) 1316 us (95%) 1399 us (99%).
I0911 21:55:48.696702 2929106 AriaExecutor.h:535] Worker 1 latency: 952 us (50%) 1153 us (75%) 1315 us (95%) 1399 us (99%).
I0911 21:55:48.778934 2929106 AriaExecutor.h:535] Worker 2 latency: 956 us (50%) 1156 us (75%) 1316 us (95%) 1399 us (99%).
I0911 21:55:48.858742 2929106 AriaExecutor.h:535] Worker 3 latency: 952 us (50%) 1153 us (75%) 1315 us (95%) 1399 us (99%).
I0911 21:55:48.940114 2929106 AriaExecutor.h:535] Worker 4 latency: 952 us (50%) 1154 us (75%) 1316 us (95%) 1399 us (99%).
I0911 21:55:49.021668 2929106 AriaExecutor.h:535] Worker 5 latency: 950 us (50%) 1152 us (75%) 1315 us (95%) 1398 us (99%).
I0911 21:55:49.102658 2929106 AriaExecutor.h:535] Worker 6 latency: 955 us (50%) 1155 us (75%) 1316 us (95%) 1399 us (99%).
I0911 21:55:49.183051 2929106 AriaExecutor.h:535] Worker 7 latency: 952 us (50%) 1153 us (75%) 1315 us (95%) 1398 us (99%).
I0911 21:55:49.264394 2929106 AriaExecutor.h:535] Worker 8 latency: 952 us (50%) 1153 us (75%) 1315 us (95%) 1399 us (99%).
I0911 21:55:49.344424 2929106 AriaExecutor.h:535] Worker 9 latency: 950 us (50%) 1152 us (75%) 1315 us (95%) 1398 us (99%).
I0911 21:55:49.425976 2929106 AriaExecutor.h:535] Worker 10 latency: 957 us (50%) 1155 us (75%) 1316 us (95%) 1399 us (99%).
I0911 21:55:49.505487 2929106 AriaExecutor.h:535] Worker 11 latency: 951 us (50%) 1152 us (75%) 1315 us (95%) 1398 us (99%).
I0911 21:55:49.586437 2929106 AriaExecutor.h:535] Worker 12 latency: 957 us (50%) 1155 us (75%) 1316 us (95%) 1399 us (99%).
I0911 21:55:49.665668 2929106 AriaExecutor.h:535] Worker 13 latency: 950 us (50%) 1151 us (75%) 1314 us (95%) 1398 us (99%).
I0911 21:55:49.747460 2929106 AriaExecutor.h:535] Worker 14 latency: 955 us (50%) 1154 us (75%) 1315 us (95%) 1398 us (99%).
I0911 21:55:49.828498 2929106 AriaExecutor.h:535] Worker 15 latency: 952 us (50%) 1153 us (75%) 1315 us (95%) 1398 us (99%).
I0911 21:55:49.910620 2929106 Coordinator.h:177] total commit: 1.39937e+06
I0911 21:55:50.910748 2929106 Coordinator.h:192] Coordinator exits.
