I0911 23:32:30.582306 2947781 Database.h:65] ycsb initialization finished in 145 milliseconds.
I0911 23:32:30.582427 2947781 Coordinator.h:30] Coordinator initializes 16 workers.
I0911 23:32:30.613242 2947781 Coordinator.h:77] Coordinator starts to run 17 workers.
I0911 23:32:30.613304 2947802 AriaExecutor.h:82] AriaExecutor 0 started. 
I0911 23:32:30.613353 2947803 AriaExecutor.h:82] AriaExecutor 1 started. 
I0911 23:32:30.613391 2947804 AriaExecutor.h:82] AriaExecutor 2 started. 
I0911 23:32:30.613452 2947805 AriaExecutor.h:82] AriaExecutor 3 started. 
I0911 23:32:30.613468 2947806 AriaExecutor.h:82] AriaExecutor 4 started. 
I0911 23:32:30.613530 2947807 AriaExecutor.h:82] AriaExecutor 5 started. 
I0911 23:32:30.613575 2947808 AriaExecutor.h:82] AriaExecutor 6 started. 
I0911 23:32:30.613615 2947809 AriaExecutor.h:82] AriaExecutor 7 started. 
I0911 23:32:30.613648 2947810 AriaExecutor.h:82] AriaExecutor 8 started. 
I0911 23:32:30.613691 2947811 AriaExecutor.h:82] AriaExecutor 9 started. 
I0911 23:32:30.613720 2947812 AriaExecutor.h:82] AriaExecutor 10 started. 
I0911 23:32:30.613770 2947813 AriaExecutor.h:82] AriaExecutor 11 started. 
I0911 23:32:30.613801 2947814 AriaExecutor.h:82] AriaExecutor 12 started. 
I0911 23:32:30.613844 2947815 AriaExecutor.h:82] AriaExecutor 13 started. 
I0911 23:32:30.613880 2947816 AriaExecutor.h:82] AriaExecutor 14 started. 
I0911 23:32:30.613924 2947817 AriaExecutor.h:82] AriaExecutor 15 started. 
I0911 23:32:30.613958 2947818 Manager.h:224] Manager(worker id = 16) on the coordinator node started.
I0911 23:32:31.614023 2947781 Coordinator.h:126] commit: 32543 abort: 119009 (0/119009/0), network size: 0, avg network size: 0, si_in_serializable: 0 0 %, local: 0 %
I0911 23:32:32.614182 2947781 Coordinator.h:126] commit: 35097 abort: 125797 (0/125797/0), network size: 0, avg network size: 0, si_in_serializable: 0 0 %, local: 0 %
I0911 23:32:33.614270 2947781 Coordinator.h:126] commit: 33836 abort: 124758 (0/124758/0), network size: 0, avg network size: 0, si_in_serializable: 0 0 %, local: 0 %
I0911 23:32:34.614349 2947781 Coordinator.h:126] commit: 34400 abort: 125344 (0/125344/0), network size: 0, avg network size: 0, si_in_serializable: 0 0 %, local: 0 %
I0911 23:32:35.614461 2947781 Coordinator.h:126] commit: 36007 abort: 129925 (0/129925/0), network size: 0, avg network size: 0, si_in_serializable: 0 0 %, local: 0 %
I0911 23:32:36.614552 2947781 Coordinator.h:126] commit: 35920 abort: 130656 (0/130656/0), network size: 0, avg network size: 0, si_in_serializable: 0 0 %, local: 0 %
I0911 23:32:37.614631 2947781 Coordinator.h:126] commit: 36312 abort: 134988 (0/134988/0), network size: 0, avg network size: 0, si_in_serializable: 0 0 %, local: 0 %
I0911 23:32:38.614708 2947781 Coordinator.h:126] commit: 35544 abort: 128690 (0/128690/0), network size: 0, avg network size: 0, si_in_serializable: 0 0 %, local: 0 %
I0911 23:32:39.614791 2947781 Coordinator.h:126] commit: 35605 abort: 131937 (0/131937/0), network size: 0, avg network size: 0, si_in_serializable: 0 0 %, local: 0 %
I0911 23:32:40.614876 2947781 Coordinator.h:126] commit: 35286 abort: 128554 (0/128554/0), network size: 0, avg network size: 0, si_in_serializable: 0 0 %, local: 0 %
I0911 23:32:41.614959 2947781 Coordinator.h:126] commit: 36156 abort: 131780 (0/131780/0), network size: 0, avg network size: 0, si_in_serializable: 0 0 %, local: 0 %
I0911 23:32:42.615061 2947781 Coordinator.h:126] commit: 36307 abort: 131629 (0/131629/0), network size: 0, avg network size: 0, si_in_serializable: 0 0 %, local: 0 %
I0911 23:32:43.615149 2947781 Coordinator.h:126] commit: 36976 abort: 135056 (0/135056/0), network size: 0, avg network size: 0, si_in_serializable: 0 0 %, local: 0 %
I0911 23:32:44.615223 2947781 Coordinator.h:126] commit: 36172 abort: 131764 (0/131764/0), network size: 0, avg network size: 0, si_in_serializable: 0 0 %, local: 0 %
I0911 23:32:45.615296 2947781 Coordinator.h:126] commit: 36089 abort: 131847 (0/131847/0), network size: 0, avg network size: 0, si_in_serializable: 0 0 %, local: 0 %
I0911 23:32:46.615374 2947781 Coordinator.h:126] commit: 36086 abort: 131850 (0/131850/0), network size: 0, avg network size: 0, si_in_serializable: 0 0 %, local: 0 %
I0911 23:32:47.615458 2947781 Coordinator.h:126] commit: 36057 abort: 131879 (0/131879/0), network size: 0, avg network size: 0, si_in_serializable: 0 0 %, local: 0 %
I0911 23:32:48.615540 2947781 Coordinator.h:126] commit: 35960 abort: 131976 (0/131976/0), network size: 0, avg network size: 0, si_in_serializable: 0 0 %, local: 0 %
I0911 23:32:49.615633 2947781 Coordinator.h:126] commit: 35899 abort: 132037 (0/132037/0), network size: 0, avg network size: 0, si_in_serializable: 0 0 %, local: 0 %
I0911 23:32:50.615711 2947781 Coordinator.h:126] commit: 37062 abort: 134872 (0/134872/0), network size: 0, avg network size: 0, si_in_serializable: 0 0 %, local: 0 %
I0911 23:32:51.615787 2947781 Coordinator.h:126] commit: 36153 abort: 131881 (0/131881/0), network size: 0, avg network size: 0, si_in_serializable: 0 0 %, local: 0 %
I0911 23:32:52.615864 2947781 Coordinator.h:126] commit: 36118 abort: 131818 (0/131818/0), network size: 0, avg network size: 0, si_in_serializable: 0 0 %, local: 0 %
I0911 23:32:53.615932 2947781 Coordinator.h:126] commit: 37033 abort: 134999 (0/134999/0), network size: 0, avg network size: 0, si_in_serializable: 0 0 %, local: 0 %
I0911 23:32:54.616009 2947781 Coordinator.h:126] commit: 36088 abort: 131848 (0/131848/0), network size: 0, avg network size: 0, si_in_serializable: 0 0 %, local: 0 %
I0911 23:32:55.616084 2947781 Coordinator.h:126] commit: 36103 abort: 131833 (0/131833/0), network size: 0, avg network size: 0, si_in_serializable: 0 0 %, local: 0 %
I0911 23:32:55.616094 2947781 Coordinator.h:152] average commit: 36276.4 abort: 132469 (0/132469/0), network size: 0, avg network size: 0, si_in_serializable: 0 0 %, local: 0 %
I0911 23:32:55.616104 2947781 AriaExecutor.h:641] Worker 0 latency: 22089 us (50%) 22815 us (75%) 23499 us (95%) 25974 us (99%).
I0911 23:32:55.625918 2947818 Manager.h:227] Manager(worker id = 16) on the coordinator node exits.
I0911 23:32:55.625926 2947817 AriaExecutor.h:94] AriaExecutor 15 exits. 
I0911 23:32:55.625912 2947812 AriaExecutor.h:94] AriaExecutor 10 exits. 
I0911 23:32:55.625911 2947802 AriaExecutor.h:94] AriaExecutor 0 exits. 
I0911 23:32:55.625913 2947808 AriaExecutor.h:94] AriaExecutor 6 exits. 
I0911 23:32:55.625908 2947810 AriaExecutor.h:94] AriaExecutor 8 exits. 
I0911 23:32:55.625916 2947806 AriaExecutor.h:94] AriaExecutor 4 exits. 
I0911 23:32:55.625914 2947804 AriaExecutor.h:94] AriaExecutor 2 exits. 
I0911 23:32:55.625926 2947807 AriaExecutor.h:94] AriaExecutor 5 exits. 
I0911 23:32:55.625911 2947816 AriaExecutor.h:94] AriaExecutor 14 exits. 
I0911 23:32:55.625926 2947815 AriaExecutor.h:94] AriaExecutor 13 exits. 
I0911 23:32:55.625927 2947805 AriaExecutor.h:94] AriaExecutor 3 exits. 
I0911 23:32:55.625926 2947813 AriaExecutor.h:94] AriaExecutor 11 exits. 
I0911 23:32:55.625926 2947803 AriaExecutor.h:94] AriaExecutor 1 exits. 
I0911 23:32:55.625926 2947811 AriaExecutor.h:94] AriaExecutor 9 exits. 
I0911 23:32:55.625926 2947809 AriaExecutor.h:94] AriaExecutor 7 exits. 
I0911 23:32:55.625916 2947814 AriaExecutor.h:94] AriaExecutor 12 exits. 
I0911 23:32:55.626214 2947781 AriaExecutor.h:641] Worker 1 latency: 22076 us (50%) 22810 us (75%) 23500 us (95%) 26005 us (99%).
I0911 23:32:55.629280 2947781 AriaExecutor.h:641] Worker 2 latency: 22092 us (50%) 22820 us (75%) 23495 us (95%) 26039 us (99%).
I0911 23:32:55.632232 2947781 AriaExecutor.h:641] Worker 3 latency: 22080 us (50%) 22812 us (75%) 23486 us (95%) 26017 us (99%).
I0911 23:32:55.635185 2947781 AriaExecutor.h:641] Worker 4 latency: 22080 us (50%) 22813 us (75%) 23505 us (95%) 26171 us (99%).
I0911 23:32:55.638149 2947781 AriaExecutor.h:641] Worker 5 latency: 22070 us (50%) 22811 us (75%) 23497 us (95%) 25849 us (99%).
I0911 23:32:55.641040 2947781 AriaExecutor.h:641] Worker 6 latency: 22071 us (50%) 22810 us (75%) 23483 us (95%) 25857 us (99%).
I0911 23:32:55.643977 2947781 AriaExecutor.h:641] Worker 7 latency: 22066 us (50%) 22809 us (75%) 23479 us (95%) 25971 us (99%).
I0911 23:32:55.646916 2947781 AriaExecutor.h:641] Worker 8 latency: 22069 us (50%) 22811 us (75%) 23485 us (95%) 25847 us (99%).
I0911 23:32:55.649816 2947781 AriaExecutor.h:641] Worker 9 latency: 22071 us (50%) 22805 us (75%) 23477 us (95%) 25662 us (99%).
I0911 23:32:55.652730 2947781 AriaExecutor.h:641] Worker 10 latency: 22075 us (50%) 22810 us (75%) 23486 us (95%) 25936 us (99%).
I0911 23:32:55.655682 2947781 AriaExecutor.h:641] Worker 11 latency: 22084 us (50%) 22815 us (75%) 23486 us (95%) 25684 us (99%).
I0911 23:32:55.658600 2947781 AriaExecutor.h:641] Worker 12 latency: 22077 us (50%) 22811 us (75%) 23494 us (95%) 26065 us (99%).
I0911 23:32:55.661496 2947781 AriaExecutor.h:641] Worker 13 latency: 22067 us (50%) 22808 us (75%) 23495 us (95%) 25888 us (99%).
I0911 23:32:55.664453 2947781 AriaExecutor.h:641] Worker 14 latency: 22074 us (50%) 22811 us (75%) 23492 us (95%) 25991 us (99%).
I0911 23:32:55.667356 2947781 AriaExecutor.h:641] Worker 15 latency: 22078 us (50%) 22808 us (75%) 23503 us (95%) 26053 us (99%).
I0911 23:32:55.670301 2947781 Coordinator.h:177] total commit: 36276.4
I0911 23:32:56.670408 2947781 Coordinator.h:192] Coordinator exits.
