I1126 13:21:19.002327 928763 Database.h:65] ycsb initialization finished in 29 milliseconds.
I1126 13:21:19.002421 928763 Coordinator.h:30] Coordinator initializes 12 workers.
I1126 13:21:19.009917 928763 Coordinator.h:77] Coordinator starts to run 13 workers.
I1126 13:21:19.009970 928779 AriaExecutor.h:82] AriaExecutor 0 started. 
I1126 13:21:19.010007 928780 AriaExecutor.h:82] AriaExecutor 1 started. 
I1126 13:21:19.010048 928781 AriaExecutor.h:82] AriaExecutor 2 started. 
I1126 13:21:19.010116 928783 AriaExecutor.h:82] AriaExecutor 4 started. 
I1126 13:21:19.010123 928782 AriaExecutor.h:82] AriaExecutor 3 started. 
I1126 13:21:19.010190 928784 AriaExecutor.h:82] AriaExecutor 5 started. 
I1126 13:21:19.010226 928785 AriaExecutor.h:82] AriaExecutor 6 started. 
I1126 13:21:19.010288 928786 AriaExecutor.h:82] AriaExecutor 7 started. 
I1126 13:21:19.010349 928787 AriaExecutor.h:82] AriaExecutor 8 started. 
I1126 13:21:19.010416 928788 AriaExecutor.h:82] AriaExecutor 9 started. 
I1126 13:21:19.010460 928789 AriaExecutor.h:82] AriaExecutor 10 started. 
I1126 13:21:19.010569 928791 Manager.h:224] Manager(worker id = 12) on the coordinator node started.
I1126 13:21:19.010685 928790 AriaExecutor.h:82] AriaExecutor 11 started. 
I1126 13:21:20.010624 928763 Coordinator.h:126] commit: 1382758 abort: 6242 (0/6242/0), network size: 0, avg network size: 0, si_in_serializable: 0 0 %, local: 0 %
I1126 13:21:21.010744 928763 Coordinator.h:126] commit: 1362861 abort: 6139 (0/6139/0), network size: 0, avg network size: 0, si_in_serializable: 0 0 %, local: 0 %
I1126 13:21:22.010867 928763 Coordinator.h:126] commit: 1381767 abort: 6233 (0/6233/0), network size: 0, avg network size: 0, si_in_serializable: 0 0 %, local: 0 %
I1126 13:21:23.010972 928763 Coordinator.h:126] commit: 1398822 abort: 6178 (0/6178/0), network size: 0, avg network size: 0, si_in_serializable: 0 0 %, local: 0 %
I1126 13:21:24.011070 928763 Coordinator.h:126] commit: 1372850 abort: 6150 (0/6150/0), network size: 0, avg network size: 0, si_in_serializable: 0 0 %, local: 0 %
I1126 13:21:25.011171 928763 Coordinator.h:126] commit: 1396802 abort: 6198 (0/6198/0), network size: 0, avg network size: 0, si_in_serializable: 0 0 %, local: 0 %
I1126 13:21:26.011271 928763 Coordinator.h:126] commit: 1385899 abort: 6101 (0/6101/0), network size: 0, avg network size: 0, si_in_serializable: 0 0 %, local: 0 %
I1126 13:21:27.011404 928763 Coordinator.h:126] commit: 1378760 abort: 6240 (0/6240/0), network size: 0, avg network size: 0, si_in_serializable: 0 0 %, local: 0 %
I1126 13:21:28.011507 928763 Coordinator.h:126] commit: 1399950 abort: 6050 (0/6050/0), network size: 0, avg network size: 0, si_in_serializable: 0 0 %, local: 0 %
I1126 13:21:29.011606 928763 Coordinator.h:126] commit: 1341015 abort: 5985 (0/5985/0), network size: 0, avg network size: 0, si_in_serializable: 0 0 %, local: 0 %
I1126 13:21:30.011700 928763 Coordinator.h:126] commit: 1402831 abort: 6169 (0/6169/0), network size: 0, avg network size: 0, si_in_serializable: 0 0 %, local: 0 %
I1126 13:21:31.011792 928763 Coordinator.h:126] commit: 1400595 abort: 6405 (0/6405/0), network size: 0, avg network size: 0, si_in_serializable: 0 0 %, local: 0 %
I1126 13:21:32.011884 928763 Coordinator.h:126] commit: 1403027 abort: 5973 (0/5973/0), network size: 0, avg network size: 0, si_in_serializable: 0 0 %, local: 0 %
I1126 13:21:33.011974 928763 Coordinator.h:126] commit: 1401852 abort: 6148 (0/6148/0), network size: 0, avg network size: 0, si_in_serializable: 0 0 %, local: 0 %
I1126 13:21:34.012094 928763 Coordinator.h:126] commit: 1385987 abort: 6013 (0/6013/0), network size: 0, avg network size: 0, si_in_serializable: 0 0 %, local: 0 %
I1126 13:21:35.012194 928763 Coordinator.h:126] commit: 1399795 abort: 6205 (0/6205/0), network size: 0, avg network size: 0, si_in_serializable: 0 0 %, local: 0 %
I1126 13:21:36.012290 928763 Coordinator.h:126] commit: 1398742 abort: 6258 (0/6258/0), network size: 0, avg network size: 0, si_in_serializable: 0 0 %, local: 0 %
I1126 13:21:37.012382 928763 Coordinator.h:126] commit: 1371828 abort: 6158 (0/6158/0), network size: 0, avg network size: 0, si_in_serializable: 0 0 %, local: 0 %
I1126 13:21:38.012475 928763 Coordinator.h:126] commit: 1290286 abort: 5728 (0/5728/0), network size: 0, avg network size: 0, si_in_serializable: 0 0 %, local: 0 %
I1126 13:21:39.012565 928763 Coordinator.h:126] commit: 1403758 abort: 6242 (0/6242/0), network size: 0, avg network size: 0, si_in_serializable: 0 0 %, local: 0 %
I1126 13:21:40.012656 928763 Coordinator.h:126] commit: 1407761 abort: 6239 (0/6239/0), network size: 0, avg network size: 0, si_in_serializable: 0 0 %, local: 0 %
I1126 13:21:41.012746 928763 Coordinator.h:126] commit: 1398657 abort: 6343 (0/6343/0), network size: 0, avg network size: 0, si_in_serializable: 0 0 %, local: 0 %
I1126 13:21:42.012837 928763 Coordinator.h:126] commit: 1400824 abort: 6190 (0/6190/0), network size: 0, avg network size: 0, si_in_serializable: 0 0 %, local: 0 %
I1126 13:21:43.012925 928763 Coordinator.h:126] commit: 1401661 abort: 6324 (0/6324/0), network size: 0, avg network size: 0, si_in_serializable: 0 0 %, local: 0 %
I1126 13:21:44.013017 928763 Coordinator.h:126] commit: 1407622 abort: 6378 (0/6378/0), network size: 0, avg network size: 0, si_in_serializable: 0 0 %, local: 0 %
I1126 13:21:44.013041 928763 Coordinator.h:152] average commit: 1.38587e+06 abort: 6129.9 (0/6129.9/0), network size: 0, avg network size: 0, si_in_serializable: 0 0 %, local: 0 %
I1126 13:21:44.013906 928781 AriaExecutor.h:94] AriaExecutor 2 exits. 
I1126 13:21:44.013907 928779 AriaExecutor.h:94] AriaExecutor 0 exits. 
I1126 13:21:44.013909 928785 AriaExecutor.h:94] AriaExecutor 6 exits. 
I1126 13:21:44.013907 928787 AriaExecutor.h:94] AriaExecutor 8 exits. 
I1126 13:21:44.013922 928782 AriaExecutor.h:94] AriaExecutor 3 exits. 
I1126 13:21:44.013911 928791 Manager.h:227] Manager(worker id = 12) on the coordinator node exits.
I1126 13:21:44.013913 928783 AriaExecutor.h:94] AriaExecutor 4 exits. 
I1126 13:21:44.013922 928790 AriaExecutor.h:94] AriaExecutor 11 exits. 
I1126 13:21:44.013921 928780 AriaExecutor.h:94] AriaExecutor 1 exits. 
I1126 13:21:44.013922 928784 AriaExecutor.h:94] AriaExecutor 5 exits. 
I1126 13:21:44.013921 928788 AriaExecutor.h:94] AriaExecutor 9 exits. 
I1126 13:21:44.013909 928789 AriaExecutor.h:94] AriaExecutor 10 exits. 
I1126 13:21:44.013921 928786 AriaExecutor.h:94] AriaExecutor 7 exits. 
I1126 13:21:44.013054 928763 AriaExecutor.h:535] Worker 0 latency: 437 us (50%) 552 us (75%) 644 us (95%) 700 us (99%).
I1126 13:21:44.125506 928763 AriaExecutor.h:535] Worker 1 latency: 435 us (50%) 550 us (75%) 644 us (95%) 700 us (99%).
I1126 13:21:44.236929 928763 AriaExecutor.h:535] Worker 2 latency: 436 us (50%) 552 us (75%) 644 us (95%) 701 us (99%).
I1126 13:21:44.347159 928763 AriaExecutor.h:535] Worker 3 latency: 437 us (50%) 552 us (75%) 644 us (95%) 700 us (99%).
I1126 13:21:44.459933 928763 AriaExecutor.h:535] Worker 4 latency: 439 us (50%) 553 us (75%) 645 us (95%) 701 us (99%).
I1126 13:21:44.570936 928763 AriaExecutor.h:535] Worker 5 latency: 438 us (50%) 552 us (75%) 644 us (95%) 700 us (99%).
I1126 13:21:44.682497 928763 AriaExecutor.h:535] Worker 6 latency: 441 us (50%) 554 us (75%) 645 us (95%) 701 us (99%).
I1126 13:21:44.794097 928763 AriaExecutor.h:535] Worker 7 latency: 438 us (50%) 552 us (75%) 644 us (95%) 700 us (99%).
I1126 13:21:44.904512 928763 AriaExecutor.h:535] Worker 8 latency: 441 us (50%) 554 us (75%) 645 us (95%) 701 us (99%).
I1126 13:21:45.013175 928763 AriaExecutor.h:535] Worker 9 latency: 439 us (50%) 552 us (75%) 644 us (95%) 700 us (99%).
I1126 13:21:45.121867 928763 AriaExecutor.h:535] Worker 10 latency: 440 us (50%) 553 us (75%) 645 us (95%) 701 us (99%).
I1126 13:21:45.231559 928763 AriaExecutor.h:535] Worker 11 latency: 438 us (50%) 552 us (75%) 644 us (95%) 700 us (99%).
I1126 13:21:45.340574 928763 Coordinator.h:177] total commit: 1.38587e+06
I1126 13:21:46.340685 928763 Coordinator.h:192] Coordinator exits.
