I1126 15:10:27.834853 994974 Database.h:65] ycsb initialization finished in 30 milliseconds.
I1126 15:10:27.834949 994974 Coordinator.h:30] Coordinator initializes 12 workers.
I1126 15:10:27.841722 994974 Coordinator.h:77] Coordinator starts to run 13 workers.
I1126 15:10:27.841771 994990 AriaExecutor.h:95] AriaExecutor 0 started. 
I1126 15:10:27.841812 994991 AriaExecutor.h:95] AriaExecutor 1 started. 
I1126 15:10:27.841856 994992 AriaExecutor.h:95] AriaExecutor 2 started. 
I1126 15:10:27.841899 994993 AriaExecutor.h:95] AriaExecutor 3 started. 
I1126 15:10:27.841972 994995 AriaExecutor.h:95] AriaExecutor 5 started. 
I1126 15:10:27.842011 994996 AriaExecutor.h:95] AriaExecutor 6 started. 
I1126 15:10:27.842053 994997 AriaExecutor.h:95] AriaExecutor 7 started. 
I1126 15:10:27.842098 994998 AriaExecutor.h:95] AriaExecutor 8 started. 
I1126 15:10:27.842134 994999 AriaExecutor.h:95] AriaExecutor 9 started. 
I1126 15:10:27.842164 995000 AriaExecutor.h:95] AriaExecutor 10 started. 
I1126 15:10:27.842209 995001 AriaExecutor.h:95] AriaExecutor 11 started. 
I1126 15:10:27.842238 994994 AriaExecutor.h:95] AriaExecutor 4 started. 
I1126 15:10:27.842242 995002 Manager.h:224] Manager(worker id = 12) on the coordinator node started.
I1126 15:10:28.842307 994974 Coordinator.h:126] commit: 1008125 abort: 331875 (0/331875/0), network size: 0, avg network size: 0, si_in_serializable: 0 0 %, local: 0 %
I1126 15:10:29.842464 994974 Coordinator.h:126] commit: 1008468 abort: 331104 (0/331104/0), network size: 0, avg network size: 0, si_in_serializable: 0 0 %, local: 0 %
I1126 15:10:30.842573 994974 Coordinator.h:126] commit: 1009350 abort: 331078 (0/331078/0), network size: 0, avg network size: 0, si_in_serializable: 0 0 %, local: 0 %
I1126 15:10:31.842677 994974 Coordinator.h:126] commit: 1015425 abort: 334575 (0/334575/0), network size: 0, avg network size: 0, si_in_serializable: 0 0 %, local: 0 %
I1126 15:10:32.842757 994974 Coordinator.h:126] commit: 1024473 abort: 335527 (0/335527/0), network size: 0, avg network size: 0, si_in_serializable: 0 0 %, local: 0 %
I1126 15:10:33.842837 994974 Coordinator.h:126] commit: 1015880 abort: 334120 (0/334120/0), network size: 0, avg network size: 0, si_in_serializable: 0 0 %, local: 0 %
I1126 15:10:34.842919 994974 Coordinator.h:126] commit: 1008821 abort: 331179 (0/331179/0), network size: 0, avg network size: 0, si_in_serializable: 0 0 %, local: 0 %
I1126 15:10:35.843045 994974 Coordinator.h:126] commit: 1008595 abort: 331405 (0/331405/0), network size: 0, avg network size: 0, si_in_serializable: 0 0 %, local: 0 %
I1126 15:10:36.843152 994974 Coordinator.h:126] commit: 1015865 abort: 334135 (0/334135/0), network size: 0, avg network size: 0, si_in_serializable: 0 0 %, local: 0 %
I1126 15:10:37.843252 994974 Coordinator.h:126] commit: 1023838 abort: 336162 (0/336162/0), network size: 0, avg network size: 0, si_in_serializable: 0 0 %, local: 0 %
I1126 15:10:38.843346 994974 Coordinator.h:126] commit: 1020204 abort: 333832 (0/333832/0), network size: 0, avg network size: 0, si_in_serializable: 0 0 %, local: 0 %
I1126 15:10:39.843452 994974 Coordinator.h:126] commit: 1020281 abort: 335683 (0/335683/0), network size: 0, avg network size: 0, si_in_serializable: 0 0 %, local: 0 %
I1126 15:10:40.843539 994974 Coordinator.h:126] commit: 978367 abort: 321633 (0/321633/0), network size: 0, avg network size: 0, si_in_serializable: 0 0 %, local: 0 %
I1126 15:10:41.843640 994974 Coordinator.h:126] commit: 1018508 abort: 333942 (0/333942/0), network size: 0, avg network size: 0, si_in_serializable: 0 0 %, local: 0 %
I1126 15:10:42.843734 994974 Coordinator.h:126] commit: 1020864 abort: 336686 (0/336686/0), network size: 0, avg network size: 0, si_in_serializable: 0 0 %, local: 0 %
I1126 15:10:43.843838 994974 Coordinator.h:126] commit: 1024095 abort: 335905 (0/335905/0), network size: 0, avg network size: 0, si_in_serializable: 0 0 %, local: 0 %
I1126 15:10:44.843930 994974 Coordinator.h:126] commit: 1008972 abort: 331028 (0/331028/0), network size: 0, avg network size: 0, si_in_serializable: 0 0 %, local: 0 %
I1126 15:10:45.844063 994974 Coordinator.h:126] commit: 1016274 abort: 332207 (0/332207/0), network size: 0, avg network size: 0, si_in_serializable: 0 0 %, local: 0 %
I1126 15:10:46.844182 994974 Coordinator.h:126] commit: 1016878 abort: 334641 (0/334641/0), network size: 0, avg network size: 0, si_in_serializable: 0 0 %, local: 0 %
I1126 15:10:47.844286 994974 Coordinator.h:126] commit: 1020378 abort: 333318 (0/333318/0), network size: 0, avg network size: 0, si_in_serializable: 0 0 %, local: 0 %
I1126 15:10:48.844374 994974 Coordinator.h:126] commit: 1020697 abort: 335607 (0/335607/0), network size: 0, avg network size: 0, si_in_serializable: 0 0 %, local: 0 %
I1126 15:10:49.844475 994974 Coordinator.h:126] commit: 1023585 abort: 336350 (0/336350/0), network size: 0, avg network size: 0, si_in_serializable: 0 0 %, local: 0 %
I1126 15:10:50.844561 994974 Coordinator.h:126] commit: 1016944 abort: 333121 (0/333121/0), network size: 0, avg network size: 0, si_in_serializable: 0 0 %, local: 0 %
I1126 15:10:51.844667 994974 Coordinator.h:126] commit: 1016382 abort: 333618 (0/333618/0), network size: 0, avg network size: 0, si_in_serializable: 0 0 %, local: 0 %
I1126 15:10:52.844765 994974 Coordinator.h:126] commit: 955861 abort: 314139 (0/314139/0), network size: 0, avg network size: 0, si_in_serializable: 0 0 %, local: 0 %
I1126 15:10:52.844805 994974 Coordinator.h:152] average commit: 1.01448e+06 abort: 332888 (0/332888/0), network size: 0, avg network size: 0, si_in_serializable: 0 0 %, local: 0 %
I1126 15:10:52.848320 994990 AriaExecutor.h:107] AriaExecutor 0 exits. 
I1126 15:10:52.848338 995002 Manager.h:227] Manager(worker id = 12) on the coordinator node exits.
I1126 15:10:52.848321 994992 AriaExecutor.h:107] AriaExecutor 2 exits. 
I1126 15:10:52.848354 994997 AriaExecutor.h:107] AriaExecutor 7 exits. 
I1126 15:10:52.848325 995000 AriaExecutor.h:107] AriaExecutor 10 exits. 
I1126 15:10:52.848328 994995 AriaExecutor.h:107] AriaExecutor 5 exits. 
I1126 15:10:52.848335 994993 AriaExecutor.h:107] AriaExecutor 3 exits. 
I1126 15:10:52.848330 994999 AriaExecutor.h:107] AriaExecutor 9 exits. 
I1126 15:10:52.848322 994998 AriaExecutor.h:107] AriaExecutor 8 exits. 
I1126 15:10:52.848349 994996 AriaExecutor.h:107] AriaExecutor 6 exits. 
I1126 15:10:52.848322 994994 AriaExecutor.h:107] AriaExecutor 4 exits. 
I1126 15:10:52.848356 995001 AriaExecutor.h:107] AriaExecutor 11 exits. 
I1126 15:10:52.848330 994991 AriaExecutor.h:107] AriaExecutor 1 exits. 
I1126 15:10:52.844812 994974 AriaExecutor.h:705] Worker 0 latency: 5834 us (50%) 6207 us (75%) 6475 us (95%) 6586 us (99%).
I1126 15:10:52.922040 994974 AriaExecutor.h:705] Worker 1 latency: 5821 us (50%) 6200 us (75%) 6473 us (95%) 6577 us (99%).
I1126 15:10:52.999928 994974 AriaExecutor.h:705] Worker 2 latency: 5850 us (50%) 6213 us (75%) 6476 us (95%) 6581 us (99%).
I1126 15:10:53.076936 994974 AriaExecutor.h:705] Worker 3 latency: 5830 us (50%) 6208 us (75%) 6477 us (95%) 6582 us (99%).
I1126 15:10:53.155614 994974 AriaExecutor.h:705] Worker 4 latency: 5835 us (50%) 6206 us (75%) 6474 us (95%) 6578 us (99%).
I1126 15:10:53.234220 994974 AriaExecutor.h:705] Worker 5 latency: 5828 us (50%) 6205 us (75%) 6474 us (95%) 6581 us (99%).
I1126 15:10:53.312143 994974 AriaExecutor.h:705] Worker 6 latency: 5849 us (50%) 6213 us (75%) 6476 us (95%) 6580 us (99%).
I1126 15:10:53.388365 994974 AriaExecutor.h:705] Worker 7 latency: 5828 us (50%) 6206 us (75%) 6475 us (95%) 6580 us (99%).
I1126 15:10:53.467135 994974 AriaExecutor.h:705] Worker 8 latency: 5836 us (50%) 6208 us (75%) 6475 us (95%) 6580 us (99%).
I1126 15:10:53.544811 994974 AriaExecutor.h:705] Worker 9 latency: 5832 us (50%) 6208 us (75%) 6477 us (95%) 6584 us (99%).
I1126 15:10:53.623801 994974 AriaExecutor.h:705] Worker 10 latency: 5846 us (50%) 6211 us (75%) 6475 us (95%) 6581 us (99%).
I1126 15:10:53.700635 994974 AriaExecutor.h:705] Worker 11 latency: 5827 us (50%) 6206 us (75%) 6476 us (95%) 6581 us (99%).
I1126 15:10:53.778869 994974 Coordinator.h:177] total commit: 1.01448e+06
I1126 15:10:54.778988 994974 Coordinator.h:192] Coordinator exits.
