I1126 16:08:02.482268 1031827 Database.h:65] ycsb initialization finished in 29 milliseconds.
I1126 16:08:02.482370 1031827 Coordinator.h:30] Coordinator initializes 12 workers.
I1126 16:08:02.554913 1031827 Coordinator.h:77] Coordinator starts to run 13 workers.
I1126 16:08:02.554986 1031846 AriaExecutor.h:93] AriaExecutor 0 started. 
I1126 16:08:02.555025 1031847 AriaExecutor.h:93] AriaExecutor 1 started. 
I1126 16:08:02.555061 1031848 AriaExecutor.h:93] AriaExecutor 2 started. 
I1126 16:08:02.555107 1031849 AriaExecutor.h:93] AriaExecutor 3 started. 
I1126 16:08:02.555193 1031851 AriaExecutor.h:93] AriaExecutor 5 started. 
I1126 16:08:02.555231 1031852 AriaExecutor.h:93] AriaExecutor 6 started. 
I1126 16:08:02.555274 1031853 AriaExecutor.h:93] AriaExecutor 7 started. 
I1126 16:08:02.555307 1031854 AriaExecutor.h:93] AriaExecutor 8 started. 
I1126 16:08:02.555353 1031855 AriaExecutor.h:93] AriaExecutor 9 started. 
I1126 16:08:02.555392 1031856 AriaExecutor.h:93] AriaExecutor 10 started. 
I1126 16:08:02.555430 1031857 AriaExecutor.h:93] AriaExecutor 11 started. 
I1126 16:08:02.555459 1031850 AriaExecutor.h:93] AriaExecutor 4 started. 
I1126 16:08:02.555465 1031858 Manager.h:224] Manager(worker id = 12) on the coordinator node started.
I1126 16:08:03.555531 1031827 Coordinator.h:126] commit: 337429 abort: 452571 (0/452571/0), network size: 0, avg network size: 0, si_in_serializable: 0 0 %, local: 0 %
I1126 16:08:04.555657 1031827 Coordinator.h:126] commit: 332754 abort: 447246 (0/447246/0), network size: 0, avg network size: 0, si_in_serializable: 0 0 %, local: 0 %
I1126 16:08:05.555783 1031827 Coordinator.h:126] commit: 337733 abort: 452267 (0/452267/0), network size: 0, avg network size: 0, si_in_serializable: 0 0 %, local: 0 %
I1126 16:08:06.555889 1031827 Coordinator.h:126] commit: 341606 abort: 458394 (0/458394/0), network size: 0, avg network size: 0, si_in_serializable: 0 0 %, local: 0 %
I1126 16:08:07.555970 1031827 Coordinator.h:126] commit: 340909 abort: 459091 (0/459091/0), network size: 0, avg network size: 0, si_in_serializable: 0 0 %, local: 0 %
I1126 16:08:08.556046 1031827 Coordinator.h:126] commit: 341994 abort: 458006 (0/458006/0), network size: 0, avg network size: 0, si_in_serializable: 0 0 %, local: 0 %
I1126 16:08:09.556118 1031827 Coordinator.h:126] commit: 341176 abort: 458824 (0/458824/0), network size: 0, avg network size: 0, si_in_serializable: 0 0 %, local: 0 %
I1126 16:08:10.556214 1031827 Coordinator.h:126] commit: 336761 abort: 453239 (0/453239/0), network size: 0, avg network size: 0, si_in_serializable: 0 0 %, local: 0 %
I1126 16:08:11.556314 1031827 Coordinator.h:126] commit: 340995 abort: 459005 (0/459005/0), network size: 0, avg network size: 0, si_in_serializable: 0 0 %, local: 0 %
I1126 16:08:12.556406 1031827 Coordinator.h:126] commit: 341413 abort: 458587 (0/458587/0), network size: 0, avg network size: 0, si_in_serializable: 0 0 %, local: 0 %
I1126 16:08:13.556502 1031827 Coordinator.h:126] commit: 342133 abort: 457867 (0/457867/0), network size: 0, avg network size: 0, si_in_serializable: 0 0 %, local: 0 %
I1126 16:08:14.556607 1031827 Coordinator.h:126] commit: 341149 abort: 458851 (0/458851/0), network size: 0, avg network size: 0, si_in_serializable: 0 0 %, local: 0 %
I1126 16:08:15.556715 1031827 Coordinator.h:126] commit: 341155 abort: 458845 (0/458845/0), network size: 0, avg network size: 0, si_in_serializable: 0 0 %, local: 0 %
I1126 16:08:16.556818 1031827 Coordinator.h:126] commit: 341873 abort: 458127 (0/458127/0), network size: 0, avg network size: 0, si_in_serializable: 0 0 %, local: 0 %
I1126 16:08:17.556917 1031827 Coordinator.h:126] commit: 337501 abort: 452499 (0/452499/0), network size: 0, avg network size: 0, si_in_serializable: 0 0 %, local: 0 %
I1126 16:08:18.557022 1031827 Coordinator.h:126] commit: 341530 abort: 458470 (0/458470/0), network size: 0, avg network size: 0, si_in_serializable: 0 0 %, local: 0 %
I1126 16:08:19.557142 1031827 Coordinator.h:126] commit: 341634 abort: 458366 (0/458366/0), network size: 0, avg network size: 0, si_in_serializable: 0 0 %, local: 0 %
I1126 16:08:20.557257 1031827 Coordinator.h:126] commit: 341584 abort: 458416 (0/458416/0), network size: 0, avg network size: 0, si_in_serializable: 0 0 %, local: 0 %
I1126 16:08:21.557376 1031827 Coordinator.h:126] commit: 336468 abort: 453532 (0/453532/0), network size: 0, avg network size: 0, si_in_serializable: 0 0 %, local: 0 %
I1126 16:08:22.557484 1031827 Coordinator.h:126] commit: 341044 abort: 458956 (0/458956/0), network size: 0, avg network size: 0, si_in_serializable: 0 0 %, local: 0 %
I1126 16:08:23.557586 1031827 Coordinator.h:126] commit: 341587 abort: 458413 (0/458413/0), network size: 0, avg network size: 0, si_in_serializable: 0 0 %, local: 0 %
I1126 16:08:24.557694 1031827 Coordinator.h:126] commit: 341581 abort: 458419 (0/458419/0), network size: 0, avg network size: 0, si_in_serializable: 0 0 %, local: 0 %
I1126 16:08:25.557804 1031827 Coordinator.h:126] commit: 337519 abort: 453689 (0/453689/0), network size: 0, avg network size: 0, si_in_serializable: 0 0 %, local: 0 %
I1126 16:08:26.557907 1031827 Coordinator.h:126] commit: 344438 abort: 464354 (0/464354/0), network size: 0, avg network size: 0, si_in_serializable: 0 0 %, local: 0 %
I1126 16:08:27.558008 1031827 Coordinator.h:126] commit: 341728 abort: 458272 (0/458272/0), network size: 0, avg network size: 0, si_in_serializable: 0 0 %, local: 0 %
I1126 16:08:27.558027 1031827 Coordinator.h:152] average commit: 340607 abort: 457393 (0/457393/0), network size: 0, avg network size: 0, si_in_serializable: 0 0 %, local: 0 %
I1126 16:08:27.569933 1031848 AriaExecutor.h:105] AriaExecutor 2 exits. 
I1126 16:08:27.569941 1031856 AriaExecutor.h:105] AriaExecutor 10 exits. 
I1126 16:08:27.569947 1031857 AriaExecutor.h:105] AriaExecutor 11 exits. 
I1126 16:08:27.569937 1031854 AriaExecutor.h:105] AriaExecutor 8 exits. 
I1126 16:08:27.569938 1031852 AriaExecutor.h:105] AriaExecutor 6 exits. 
I1126 16:08:27.569937 1031846 AriaExecutor.h:105] AriaExecutor 0 exits. 
I1126 16:08:27.569945 1031849 AriaExecutor.h:105] AriaExecutor 3 exits. 
I1126 16:08:27.569934 1031858 Manager.h:227] Manager(worker id = 12) on the coordinator node exits.
I1126 16:08:27.569945 1031851 AriaExecutor.h:105] AriaExecutor 5 exits. 
I1126 16:08:27.569933 1031850 AriaExecutor.h:105] AriaExecutor 4 exits. 
I1126 16:08:27.569945 1031847 AriaExecutor.h:105] AriaExecutor 1 exits. 
I1126 16:08:27.569945 1031853 AriaExecutor.h:105] AriaExecutor 7 exits. 
I1126 16:08:27.569945 1031855 AriaExecutor.h:105] AriaExecutor 9 exits. 
I1126 16:08:27.558036 1031827 AriaExecutor.h:672] Worker 0 latency: 9409 us (50%) 10949 us (75%) 11833 us (95%) 12014 us (99%).
I1126 16:08:27.595208 1031827 AriaExecutor.h:672] Worker 1 latency: 9380 us (50%) 10935 us (75%) 11828 us (95%) 12005 us (99%).
I1126 16:08:27.638408 1031827 AriaExecutor.h:672] Worker 2 latency: 9413 us (50%) 10948 us (75%) 11831 us (95%) 12009 us (99%).
I1126 16:08:27.673775 1031827 AriaExecutor.h:672] Worker 3 latency: 9389 us (50%) 10937 us (75%) 11827 us (95%) 12004 us (99%).
I1126 16:08:27.708712 1031827 AriaExecutor.h:672] Worker 4 latency: 9396 us (50%) 10940 us (75%) 11829 us (95%) 12006 us (99%).
I1126 16:08:27.743330 1031827 AriaExecutor.h:672] Worker 5 latency: 9391 us (50%) 10937 us (75%) 11827 us (95%) 12005 us (99%).
I1126 16:08:27.778051 1031827 AriaExecutor.h:672] Worker 6 latency: 9379 us (50%) 10933 us (75%) 11829 us (95%) 12009 us (99%).
I1126 16:08:27.811923 1031827 AriaExecutor.h:672] Worker 7 latency: 9392 us (50%) 10936 us (75%) 11826 us (95%) 12004 us (99%).
I1126 16:08:27.846354 1031827 AriaExecutor.h:672] Worker 8 latency: 9372 us (50%) 10932 us (75%) 11829 us (95%) 12009 us (99%).
I1126 16:08:27.880000 1031827 AriaExecutor.h:672] Worker 9 latency: 9374 us (50%) 10929 us (75%) 11826 us (95%) 12003 us (99%).
I1126 16:08:27.914675 1031827 AriaExecutor.h:672] Worker 10 latency: 9387 us (50%) 10933 us (75%) 11828 us (95%) 12006 us (99%).
I1126 16:08:27.948549 1031827 AriaExecutor.h:672] Worker 11 latency: 9389 us (50%) 10935 us (75%) 11826 us (95%) 12002 us (99%).
I1126 16:08:27.982717 1031827 Coordinator.h:177] total commit: 340607
I1126 16:08:28.982841 1031827 Coordinator.h:192] Coordinator exits.
