I0911 22:28:16.795516 2935315 Database.h:65] ycsb initialization finished in 178 milliseconds.
I0911 22:28:16.795629 2935315 Coordinator.h:30] Coordinator initializes 16 workers.
I0911 22:28:16.811215 2935315 Coordinator.h:77] Coordinator starts to run 17 workers.
I0911 22:28:16.811278 2935335 AriaExecutor.h:82] AriaExecutor 0 started. 
I0911 22:28:16.811304 2935336 AriaExecutor.h:82] AriaExecutor 1 started. 
I0911 22:28:16.811347 2935337 AriaExecutor.h:82] AriaExecutor 2 started. 
I0911 22:28:16.811400 2935338 AriaExecutor.h:82] AriaExecutor 3 started. 
I0911 22:28:16.811417 2935339 AriaExecutor.h:82] AriaExecutor 4 started. 
I0911 22:28:16.811461 2935340 AriaExecutor.h:82] AriaExecutor 5 started. 
I0911 22:28:16.811498 2935341 AriaExecutor.h:82] AriaExecutor 6 started. 
I0911 22:28:16.811534 2935342 AriaExecutor.h:82] AriaExecutor 7 started. 
I0911 22:28:16.811568 2935343 AriaExecutor.h:82] AriaExecutor 8 started. 
I0911 22:28:16.811610 2935344 AriaExecutor.h:82] AriaExecutor 9 started. 
I0911 22:28:16.811640 2935345 AriaExecutor.h:82] AriaExecutor 10 started. 
I0911 22:28:16.811699 2935346 AriaExecutor.h:82] AriaExecutor 11 started. 
I0911 22:28:16.811736 2935347 AriaExecutor.h:82] AriaExecutor 12 started. 
I0911 22:28:16.811774 2935348 AriaExecutor.h:82] AriaExecutor 13 started. 
I0911 22:28:16.811816 2935349 AriaExecutor.h:82] AriaExecutor 14 started. 
I0911 22:28:16.811851 2935350 AriaExecutor.h:82] AriaExecutor 15 started. 
I0911 22:28:16.811882 2935351 Manager.h:224] Manager(worker id = 16) on the coordinator node started.
I0911 22:28:17.811928 2935315 Coordinator.h:126] commit: 1334707 abort: 5881 (0/5881/0), network size: 0, avg network size: 0, si_in_serializable: 0 0 %, local: 0 %
I0911 22:28:18.812016 2935315 Coordinator.h:126] commit: 1324367 abort: 5637 (0/5637/0), network size: 0, avg network size: 0, si_in_serializable: 0 0 %, local: 0 %
I0911 22:28:19.812088 2935315 Coordinator.h:126] commit: 1280610 abort: 5534 (0/5534/0), network size: 0, avg network size: 0, si_in_serializable: 0 0 %, local: 0 %
I0911 22:28:20.812150 2935315 Coordinator.h:126] commit: 1288757 abort: 5579 (0/5579/0), network size: 0, avg network size: 0, si_in_serializable: 0 0 %, local: 0 %
I0911 22:28:21.812232 2935315 Coordinator.h:126] commit: 1335520 abort: 5920 (0/5920/0), network size: 0, avg network size: 0, si_in_serializable: 0 0 %, local: 0 %
I0911 22:28:22.812299 2935315 Coordinator.h:126] commit: 1343836 abort: 5796 (0/5796/0), network size: 0, avg network size: 0, si_in_serializable: 0 0 %, local: 0 %
I0911 22:28:23.812368 2935315 Coordinator.h:126] commit: 1321438 abort: 5666 (0/5666/0), network size: 0, avg network size: 0, si_in_serializable: 0 0 %, local: 0 %
I0911 22:28:24.812429 2935315 Coordinator.h:126] commit: 1343871 abort: 5761 (0/5761/0), network size: 0, avg network size: 0, si_in_serializable: 0 0 %, local: 0 %
I0911 22:28:25.812501 2935315 Coordinator.h:126] commit: 1343789 abort: 5843 (0/5843/0), network size: 0, avg network size: 0, si_in_serializable: 0 0 %, local: 0 %
I0911 22:28:26.812561 2935315 Coordinator.h:126] commit: 1343831 abort: 5801 (0/5801/0), network size: 0, avg network size: 0, si_in_serializable: 0 0 %, local: 0 %
I0911 22:28:27.812629 2935315 Coordinator.h:126] commit: 1309106 abort: 5654 (0/5654/0), network size: 0, avg network size: 0, si_in_serializable: 0 0 %, local: 0 %
I0911 22:28:28.812690 2935315 Coordinator.h:126] commit: 1301142 abort: 5538 (0/5538/0), network size: 0, avg network size: 0, si_in_serializable: 0 0 %, local: 0 %
I0911 22:28:29.812768 2935315 Coordinator.h:126] commit: 1296957 abort: 5571 (0/5571/0), network size: 0, avg network size: 0, si_in_serializable: 0 0 %, local: 0 %
I0911 22:28:30.812834 2935315 Coordinator.h:126] commit: 1343870 abort: 5762 (0/5762/0), network size: 0, avg network size: 0, si_in_serializable: 0 0 %, local: 0 %
I0911 22:28:31.812901 2935315 Coordinator.h:126] commit: 1345840 abort: 5840 (0/5840/0), network size: 0, avg network size: 0, si_in_serializable: 0 0 %, local: 0 %
I0911 22:28:32.812960 2935315 Coordinator.h:126] commit: 1345913 abort: 5767 (0/5767/0), network size: 0, avg network size: 0, si_in_serializable: 0 0 %, local: 0 %
I0911 22:28:33.813021 2935315 Coordinator.h:126] commit: 1343942 abort: 5690 (0/5690/0), network size: 0, avg network size: 0, si_in_serializable: 0 0 %, local: 0 %
I0911 22:28:34.813081 2935315 Coordinator.h:126] commit: 1343873 abort: 5759 (0/5759/0), network size: 0, avg network size: 0, si_in_serializable: 0 0 %, local: 0 %
I0911 22:28:35.813149 2935315 Coordinator.h:126] commit: 1343715 abort: 5917 (0/5917/0), network size: 0, avg network size: 0, si_in_serializable: 0 0 %, local: 0 %
I0911 22:28:36.813213 2935315 Coordinator.h:126] commit: 1343916 abort: 5716 (0/5716/0), network size: 0, avg network size: 0, si_in_serializable: 0 0 %, local: 0 %
I0911 22:28:37.813273 2935315 Coordinator.h:126] commit: 1345796 abort: 5884 (0/5884/0), network size: 0, avg network size: 0, si_in_serializable: 0 0 %, local: 0 %
I0911 22:28:38.813331 2935315 Coordinator.h:126] commit: 1343798 abort: 5834 (0/5834/0), network size: 0, avg network size: 0, si_in_serializable: 0 0 %, local: 0 %
I0911 22:28:39.813401 2935315 Coordinator.h:126] commit: 1343785 abort: 5847 (0/5847/0), network size: 0, avg network size: 0, si_in_serializable: 0 0 %, local: 0 %
I0911 22:28:40.813460 2935315 Coordinator.h:126] commit: 1345830 abort: 5850 (0/5850/0), network size: 0, avg network size: 0, si_in_serializable: 0 0 %, local: 0 %
I0911 22:28:41.813520 2935315 Coordinator.h:126] commit: 1345848 abort: 5832 (0/5832/0), network size: 0, avg network size: 0, si_in_serializable: 0 0 %, local: 0 %
I0911 22:28:41.813531 2935315 Coordinator.h:152] average commit: 1.33183e+06 abort: 5721.4 (0/5721.4/0), network size: 0, avg network size: 0, si_in_serializable: 0 0 %, local: 0 %
I0911 22:28:41.814217 2935345 AriaExecutor.h:94] AriaExecutor 10 exits. 
I0911 22:28:41.814221 2935339 AriaExecutor.h:94] AriaExecutor 4 exits. 
I0911 22:28:41.814220 2935337 AriaExecutor.h:94] AriaExecutor 2 exits. 
I0911 22:28:41.814220 2935341 AriaExecutor.h:94] AriaExecutor 6 exits. 
I0911 22:28:41.814224 2935347 AriaExecutor.h:94] AriaExecutor 12 exits. 
I0911 22:28:41.814218 2935349 AriaExecutor.h:94] AriaExecutor 14 exits. 
I0911 22:28:41.814222 2935351 Manager.h:227] Manager(worker id = 16) on the coordinator node exits.
I0911 22:28:41.814234 2935348 AriaExecutor.h:94] AriaExecutor 13 exits. 
I0911 22:28:41.814234 2935338 AriaExecutor.h:94] AriaExecutor 3 exits. 
I0911 22:28:41.814236 2935336 AriaExecutor.h:94] AriaExecutor 1 exits. 
I0911 22:28:41.814237 2935350 AriaExecutor.h:94] AriaExecutor 15 exits. 
I0911 22:28:41.814225 2935335 AriaExecutor.h:94] AriaExecutor 0 exits. 
I0911 22:28:41.814235 2935344 AriaExecutor.h:94] AriaExecutor 9 exits. 
I0911 22:28:41.814220 2935343 AriaExecutor.h:94] AriaExecutor 8 exits. 
I0911 22:28:41.814234 2935342 AriaExecutor.h:94] AriaExecutor 7 exits. 
I0911 22:28:41.814237 2935346 AriaExecutor.h:94] AriaExecutor 11 exits. 
I0911 22:28:41.814234 2935340 AriaExecutor.h:94] AriaExecutor 5 exits. 
I0911 22:28:41.813540 2935315 AriaExecutor.h:535] Worker 0 latency: 862 us (50%) 1161 us (75%) 1402 us (95%) 1452 us (99%).
I0911 22:28:41.895298 2935315 AriaExecutor.h:535] Worker 1 latency: 860 us (50%) 1157 us (75%) 1401 us (95%) 1452 us (99%).
I0911 22:28:41.985857 2935315 AriaExecutor.h:535] Worker 2 latency: 868 us (50%) 1163 us (75%) 1402 us (95%) 1452 us (99%).
I0911 22:28:42.068006 2935315 AriaExecutor.h:535] Worker 3 latency: 862 us (50%) 1159 us (75%) 1400 us (95%) 1452 us (99%).
I0911 22:28:42.158609 2935315 AriaExecutor.h:535] Worker 4 latency: 860 us (50%) 1160 us (75%) 1401 us (95%) 1452 us (99%).
I0911 22:28:42.240556 2935315 AriaExecutor.h:535] Worker 5 latency: 861 us (50%) 1159 us (75%) 1401 us (95%) 1452 us (99%).
I0911 22:28:42.332508 2935315 AriaExecutor.h:535] Worker 6 latency: 869 us (50%) 1164 us (75%) 1402 us (95%) 1452 us (99%).
I0911 22:28:42.416038 2935315 AriaExecutor.h:535] Worker 7 latency: 862 us (50%) 1160 us (75%) 1401 us (95%) 1452 us (99%).
I0911 22:28:42.507027 2935315 AriaExecutor.h:535] Worker 8 latency: 861 us (50%) 1159 us (75%) 1401 us (95%) 1452 us (99%).
I0911 22:28:42.588599 2935315 AriaExecutor.h:535] Worker 9 latency: 860 us (50%) 1158 us (75%) 1400 us (95%) 1452 us (99%).
I0911 22:28:42.678258 2935315 AriaExecutor.h:535] Worker 10 latency: 867 us (50%) 1162 us (75%) 1402 us (95%) 1452 us (99%).
I0911 22:28:42.760221 2935315 AriaExecutor.h:535] Worker 11 latency: 862 us (50%) 1159 us (75%) 1401 us (95%) 1452 us (99%).
I0911 22:28:42.849876 2935315 AriaExecutor.h:535] Worker 12 latency: 867 us (50%) 1162 us (75%) 1402 us (95%) 1452 us (99%).
I0911 22:28:42.931339 2935315 AriaExecutor.h:535] Worker 13 latency: 860 us (50%) 1158 us (75%) 1400 us (95%) 1452 us (99%).
I0911 22:28:43.021824 2935315 AriaExecutor.h:535] Worker 14 latency: 870 us (50%) 1163 us (75%) 1402 us (95%) 1452 us (99%).
I0911 22:28:43.103415 2935315 AriaExecutor.h:535] Worker 15 latency: 863 us (50%) 1160 us (75%) 1401 us (95%) 1452 us (99%).
I0911 22:28:43.196970 2935315 Coordinator.h:177] total commit: 1.33183e+06
I0911 22:28:44.197077 2935315 Coordinator.h:192] Coordinator exits.
