I1126 18:07:43.701896 1067695 Database.h:65] ycsb initialization finished in 30 milliseconds.
I1126 18:07:43.702001 1067695 Coordinator.h:30] Coordinator initializes 12 workers.
I1126 18:07:43.702876 1067695 Coordinator.h:77] Coordinator starts to run 13 workers.
I1126 18:07:43.702926 1067711 AriaExecutor.h:91] AriaExecutor 0 started. 
I1126 18:07:43.702952 1067712 AriaExecutor.h:91] AriaExecutor 1 started. 
I1126 18:07:43.702992 1067713 AriaExecutor.h:91] AriaExecutor 2 started. 
I1126 18:07:43.703034 1067714 AriaExecutor.h:91] AriaExecutor 3 started. 
I1126 18:07:43.703102 1067716 AriaExecutor.h:91] AriaExecutor 5 started. 
I1126 18:07:43.703142 1067717 AriaExecutor.h:91] AriaExecutor 6 started. 
I1126 18:07:43.703181 1067718 AriaExecutor.h:91] AriaExecutor 7 started. 
I1126 18:07:43.703224 1067719 AriaExecutor.h:91] AriaExecutor 8 started. 
I1126 18:07:43.703269 1067720 AriaExecutor.h:91] AriaExecutor 9 started. 
I1126 18:07:43.703310 1067721 AriaExecutor.h:91] AriaExecutor 10 started. 
I1126 18:07:43.703351 1067722 AriaExecutor.h:91] AriaExecutor 11 started. 
I1126 18:07:43.703387 1067715 AriaExecutor.h:91] AriaExecutor 4 started. 
I1126 18:07:43.703389 1067723 Manager.h:224] Manager(worker id = 12) on the coordinator node started.
I1126 18:07:44.703452 1067695 Coordinator.h:126] commit: 1336170 abort: 60830 (0/60830/0), network size: 0, avg network size: 0, si_in_serializable: 0 0 %, local: 0 %
I1126 18:07:45.703579 1067695 Coordinator.h:126] commit: 1321025 abort: 59975 (0/59975/0), network size: 0, avg network size: 0, si_in_serializable: 0 0 %, local: 0 %
I1126 18:07:46.703703 1067695 Coordinator.h:126] commit: 1343797 abort: 61203 (0/61203/0), network size: 0, avg network size: 0, si_in_serializable: 0 0 %, local: 0 %
I1126 18:07:47.703795 1067695 Coordinator.h:126] commit: 1355443 abort: 61557 (0/61557/0), network size: 0, avg network size: 0, si_in_serializable: 0 0 %, local: 0 %
I1126 18:07:48.703898 1067695 Coordinator.h:126] commit: 1324291 abort: 59709 (0/59709/0), network size: 0, avg network size: 0, si_in_serializable: 0 0 %, local: 0 %
I1126 18:07:49.703997 1067695 Coordinator.h:126] commit: 1353549 abort: 61451 (0/61451/0), network size: 0, avg network size: 0, si_in_serializable: 0 0 %, local: 0 %
I1126 18:07:50.704080 1067695 Coordinator.h:126] commit: 1362023 abort: 61977 (0/61977/0), network size: 0, avg network size: 0, si_in_serializable: 0 0 %, local: 0 %
I1126 18:07:51.704187 1067695 Coordinator.h:126] commit: 1337703 abort: 61297 (0/61297/0), network size: 0, avg network size: 0, si_in_serializable: 0 0 %, local: 0 %
I1126 18:07:52.704303 1067695 Coordinator.h:126] commit: 1352643 abort: 61357 (0/61357/0), network size: 0, avg network size: 0, si_in_serializable: 0 0 %, local: 0 %
I1126 18:07:53.704416 1067695 Coordinator.h:126] commit: 1288473 abort: 58527 (0/58527/0), network size: 0, avg network size: 0, si_in_serializable: 0 0 %, local: 0 %
I1126 18:07:54.704507 1067695 Coordinator.h:126] commit: 1358268 abort: 61732 (0/61732/0), network size: 0, avg network size: 0, si_in_serializable: 0 0 %, local: 0 %
I1126 18:07:55.704584 1067695 Coordinator.h:126] commit: 1359146 abort: 61854 (0/61854/0), network size: 0, avg network size: 0, si_in_serializable: 0 0 %, local: 0 %
I1126 18:07:56.704669 1067695 Coordinator.h:126] commit: 1352859 abort: 61141 (0/61141/0), network size: 0, avg network size: 0, si_in_serializable: 0 0 %, local: 0 %
I1126 18:07:57.704766 1067695 Coordinator.h:126] commit: 1353901 abort: 61099 (0/61099/0), network size: 0, avg network size: 0, si_in_serializable: 0 0 %, local: 0 %
I1126 18:07:58.704852 1067695 Coordinator.h:126] commit: 1354409 abort: 60918 (0/60918/0), network size: 0, avg network size: 0, si_in_serializable: 0 0 %, local: 0 %
I1126 18:07:59.704948 1067695 Coordinator.h:126] commit: 1355186 abort: 61487 (0/61487/0), network size: 0, avg network size: 0, si_in_serializable: 0 0 %, local: 0 %
I1126 18:08:00.705080 1067695 Coordinator.h:126] commit: 1340222 abort: 60778 (0/60778/0), network size: 0, avg network size: 0, si_in_serializable: 0 0 %, local: 0 %
I1126 18:08:01.705189 1067695 Coordinator.h:126] commit: 1354134 abort: 61371 (0/61371/0), network size: 0, avg network size: 0, si_in_serializable: 0 0 %, local: 0 %
I1126 18:08:02.705272 1067695 Coordinator.h:126] commit: 1173544 abort: 52950 (0/52950/0), network size: 0, avg network size: 0, si_in_serializable: 0 0 %, local: 0 %
I1126 18:08:03.705359 1067695 Coordinator.h:126] commit: 1353527 abort: 61473 (0/61473/0), network size: 0, avg network size: 0, si_in_serializable: 0 0 %, local: 0 %
I1126 18:08:04.705440 1067695 Coordinator.h:126] commit: 1351518 abort: 61482 (0/61482/0), network size: 0, avg network size: 0, si_in_serializable: 0 0 %, local: 0 %
I1126 18:08:05.705528 1067695 Coordinator.h:126] commit: 1354578 abort: 61422 (0/61422/0), network size: 0, avg network size: 0, si_in_serializable: 0 0 %, local: 0 %
I1126 18:08:06.705605 1067695 Coordinator.h:126] commit: 1348755 abort: 61245 (0/61245/0), network size: 0, avg network size: 0, si_in_serializable: 0 0 %, local: 0 %
I1126 18:08:07.705678 1067695 Coordinator.h:126] commit: 1351906 abort: 61094 (0/61094/0), network size: 0, avg network size: 0, si_in_serializable: 0 0 %, local: 0 %
I1126 18:08:08.705756 1067695 Coordinator.h:126] commit: 1351968 abort: 61032 (0/61032/0), network size: 0, avg network size: 0, si_in_serializable: 0 0 %, local: 0 %
I1126 18:08:08.705771 1067695 Coordinator.h:152] average commit: 1.33552e+06 abort: 60480.3 (0/60480.3/0), network size: 0, avg network size: 0, si_in_serializable: 0 0 %, local: 0 %
I1126 18:08:08.705843 1067715 AriaExecutor.h:103] AriaExecutor 4 exits. 
I1126 18:08:08.705847 1067717 AriaExecutor.h:103] AriaExecutor 6 exits. 
I1126 18:08:08.705847 1067713 AriaExecutor.h:103] AriaExecutor 2 exits. 
I1126 18:08:08.705847 1067711 AriaExecutor.h:103] AriaExecutor 0 exits. 
I1126 18:08:08.705857 1067716 AriaExecutor.h:103] AriaExecutor 5 exits. 
I1126 18:08:08.705847 1067719 AriaExecutor.h:103] AriaExecutor 8 exits. 
I1126 18:08:08.705857 1067720 AriaExecutor.h:103] AriaExecutor 9 exits. 
I1126 18:08:08.705857 1067714 AriaExecutor.h:103] AriaExecutor 3 exits. 
I1126 18:08:08.705857 1067718 AriaExecutor.h:103] AriaExecutor 7 exits. 
I1126 18:08:08.705857 1067712 AriaExecutor.h:103] AriaExecutor 1 exits. 
I1126 18:08:08.705857 1067722 AriaExecutor.h:103] AriaExecutor 11 exits. 
I1126 18:08:08.705847 1067721 AriaExecutor.h:103] AriaExecutor 10 exits. 
I1126 18:08:08.705848 1067723 Manager.h:227] Manager(worker id = 12) on the coordinator node exits.
I1126 18:08:08.705780 1067695 AriaExecutor.h:621] Worker 0 latency: 529 us (50%) 579 us (75%) 622 us (95%) 642 us (99%).
I1126 18:08:08.806919 1067695 AriaExecutor.h:621] Worker 1 latency: 526 us (50%) 577 us (75%) 620 us (95%) 640 us (99%).
I1126 18:08:08.907236 1067695 AriaExecutor.h:621] Worker 2 latency: 530 us (50%) 579 us (75%) 622 us (95%) 642 us (99%).
I1126 18:08:09.007016 1067695 AriaExecutor.h:621] Worker 3 latency: 529 us (50%) 578 us (75%) 620 us (95%) 640 us (99%).
I1126 18:08:09.105944 1067695 AriaExecutor.h:621] Worker 4 latency: 530 us (50%) 579 us (75%) 621 us (95%) 641 us (99%).
I1126 18:08:09.204665 1067695 AriaExecutor.h:621] Worker 5 latency: 527 us (50%) 576 us (75%) 619 us (95%) 640 us (99%).
I1126 18:08:09.305732 1067695 AriaExecutor.h:621] Worker 6 latency: 534 us (50%) 580 us (75%) 621 us (95%) 641 us (99%).
I1126 18:08:09.405797 1067695 AriaExecutor.h:621] Worker 7 latency: 529 us (50%) 577 us (75%) 620 us (95%) 640 us (99%).
I1126 18:08:09.504380 1067695 AriaExecutor.h:621] Worker 8 latency: 532 us (50%) 580 us (75%) 621 us (95%) 642 us (99%).
I1126 18:08:09.603062 1067695 AriaExecutor.h:621] Worker 9 latency: 530 us (50%) 578 us (75%) 620 us (95%) 640 us (99%).
I1126 18:08:09.706751 1067695 AriaExecutor.h:621] Worker 10 latency: 533 us (50%) 580 us (75%) 622 us (95%) 642 us (99%).
I1126 18:08:09.805630 1067695 AriaExecutor.h:621] Worker 11 latency: 530 us (50%) 578 us (75%) 620 us (95%) 640 us (99%).
I1126 18:08:09.909083 1067695 Coordinator.h:177] total commit: 1.33552e+06
I1126 18:08:10.909201 1067695 Coordinator.h:192] Coordinator exits.
