I1126 17:12:06.242404 1050692 Database.h:65] ycsb initialization finished in 30 milliseconds.
I1126 17:12:06.242508 1050692 Coordinator.h:30] Coordinator initializes 12 workers.
I1126 17:12:06.249392 1050692 Coordinator.h:77] Coordinator starts to run 13 workers.
I1126 17:12:06.249464 1050708 AriaExecutor.h:91] AriaExecutor 0 started. 
I1126 17:12:06.249485 1050709 AriaExecutor.h:91] AriaExecutor 1 started. 
I1126 17:12:06.249532 1050710 AriaExecutor.h:91] AriaExecutor 2 started. 
I1126 17:12:06.249573 1050711 AriaExecutor.h:91] AriaExecutor 3 started. 
I1126 17:12:06.249600 1050712 AriaExecutor.h:91] AriaExecutor 4 started. 
I1126 17:12:06.249641 1050713 AriaExecutor.h:91] AriaExecutor 5 started. 
I1126 17:12:06.249675 1050714 AriaExecutor.h:91] AriaExecutor 6 started. 
I1126 17:12:06.249706 1050715 AriaExecutor.h:91] AriaExecutor 7 started. 
I1126 17:12:06.249739 1050716 AriaExecutor.h:91] AriaExecutor 8 started. 
I1126 17:12:06.249778 1050717 AriaExecutor.h:91] AriaExecutor 9 started. 
I1126 17:12:06.249807 1050718 AriaExecutor.h:91] AriaExecutor 10 started. 
I1126 17:12:06.249843 1050719 AriaExecutor.h:91] AriaExecutor 11 started. 
I1126 17:12:06.249882 1050720 Manager.h:224] Manager(worker id = 12) on the coordinator node started.
I1126 17:12:07.249920 1050692 Coordinator.h:126] commit: 1025464 abort: 344536 (0/344536/0), network size: 0, avg network size: 0, si_in_serializable: 0 0 %, local: 0 %
I1126 17:12:08.250041 1050692 Coordinator.h:126] commit: 1017729 abort: 342271 (0/342271/0), network size: 0, avg network size: 0, si_in_serializable: 0 0 %, local: 0 %
I1126 17:12:09.250169 1050692 Coordinator.h:126] commit: 1033140 abort: 346860 (0/346860/0), network size: 0, avg network size: 0, si_in_serializable: 0 0 %, local: 0 %
I1126 17:12:10.250268 1050692 Coordinator.h:126] commit: 1033673 abort: 346327 (0/346327/0), network size: 0, avg network size: 0, si_in_serializable: 0 0 %, local: 0 %
I1126 17:12:11.250329 1050692 Coordinator.h:126] commit: 1041059 abort: 348941 (0/348941/0), network size: 0, avg network size: 0, si_in_serializable: 0 0 %, local: 0 %
I1126 17:12:12.250429 1050692 Coordinator.h:126] commit: 1026884 abort: 343116 (0/343116/0), network size: 0, avg network size: 0, si_in_serializable: 0 0 %, local: 0 %
I1126 17:12:13.250540 1050692 Coordinator.h:126] commit: 1017636 abort: 342364 (0/342364/0), network size: 0, avg network size: 0, si_in_serializable: 0 0 %, local: 0 %
I1126 17:12:14.250646 1050692 Coordinator.h:126] commit: 1040887 abort: 349113 (0/349113/0), network size: 0, avg network size: 0, si_in_serializable: 0 0 %, local: 0 %
I1126 17:12:15.250737 1050692 Coordinator.h:126] commit: 1041457 abort: 348543 (0/348543/0), network size: 0, avg network size: 0, si_in_serializable: 0 0 %, local: 0 %
I1126 17:12:16.250839 1050692 Coordinator.h:126] commit: 1039767 abort: 348088 (0/348088/0), network size: 0, avg network size: 0, si_in_serializable: 0 0 %, local: 0 %
I1126 17:12:17.250927 1050692 Coordinator.h:126] commit: 1034288 abort: 347857 (0/347857/0), network size: 0, avg network size: 0, si_in_serializable: 0 0 %, local: 0 %
I1126 17:12:18.251029 1050692 Coordinator.h:126] commit: 1039966 abort: 350034 (0/350034/0), network size: 0, avg network size: 0, si_in_serializable: 0 0 %, local: 0 %
I1126 17:12:19.251117 1050692 Coordinator.h:126] commit: 1011120 abort: 338880 (0/338880/0), network size: 0, avg network size: 0, si_in_serializable: 0 0 %, local: 0 %
I1126 17:12:20.251219 1050692 Coordinator.h:126] commit: 1040139 abort: 349861 (0/349861/0), network size: 0, avg network size: 0, si_in_serializable: 0 0 %, local: 0 %
I1126 17:12:21.251307 1050692 Coordinator.h:126] commit: 1032895 abort: 347105 (0/347105/0), network size: 0, avg network size: 0, si_in_serializable: 0 0 %, local: 0 %
I1126 17:12:22.251416 1050692 Coordinator.h:126] commit: 1041227 abort: 348773 (0/348773/0), network size: 0, avg network size: 0, si_in_serializable: 0 0 %, local: 0 %
I1126 17:12:23.251523 1050692 Coordinator.h:126] commit: 1040861 abort: 349139 (0/349139/0), network size: 0, avg network size: 0, si_in_serializable: 0 0 %, local: 0 %
I1126 17:12:24.251628 1050692 Coordinator.h:126] commit: 1040749 abort: 349251 (0/349251/0), network size: 0, avg network size: 0, si_in_serializable: 0 0 %, local: 0 %
I1126 17:12:25.251727 1050692 Coordinator.h:126] commit: 1039976 abort: 350024 (0/350024/0), network size: 0, avg network size: 0, si_in_serializable: 0 0 %, local: 0 %
I1126 17:12:26.251830 1050692 Coordinator.h:126] commit: 1033054 abort: 346946 (0/346946/0), network size: 0, avg network size: 0, si_in_serializable: 0 0 %, local: 0 %
I1126 17:12:27.251931 1050692 Coordinator.h:126] commit: 1033248 abort: 346752 (0/346752/0), network size: 0, avg network size: 0, si_in_serializable: 0 0 %, local: 0 %
I1126 17:12:28.252036 1050692 Coordinator.h:126] commit: 1040934 abort: 349066 (0/349066/0), network size: 0, avg network size: 0, si_in_serializable: 0 0 %, local: 0 %
I1126 17:12:29.252139 1050692 Coordinator.h:126] commit: 1040242 abort: 349758 (0/349758/0), network size: 0, avg network size: 0, si_in_serializable: 0 0 %, local: 0 %
I1126 17:12:30.252267 1050692 Coordinator.h:126] commit: 1025720 abort: 344280 (0/344280/0), network size: 0, avg network size: 0, si_in_serializable: 0 0 %, local: 0 %
I1126 17:12:31.252379 1050692 Coordinator.h:126] commit: 942461 abort: 317539 (0/317539/0), network size: 0, avg network size: 0, si_in_serializable: 0 0 %, local: 0 %
I1126 17:12:31.252415 1050692 Coordinator.h:152] average commit: 1.03543e+06 abort: 347787 (0/347787/0), network size: 0, avg network size: 0, si_in_serializable: 0 0 %, local: 0 %
I1126 17:12:31.257539 1050712 AriaExecutor.h:103] AriaExecutor 4 exits. 
I1126 17:12:31.257539 1050710 AriaExecutor.h:103] AriaExecutor 2 exits. 
I1126 17:12:31.257555 1050717 AriaExecutor.h:103] AriaExecutor 9 exits. 
I1126 17:12:31.257542 1050708 AriaExecutor.h:103] AriaExecutor 0 exits. 
I1126 17:12:31.257540 1050714 AriaExecutor.h:103] AriaExecutor 6 exits. 
I1126 17:12:31.257543 1050718 AriaExecutor.h:103] AriaExecutor 10 exits. 
I1126 17:12:31.257543 1050716 AriaExecutor.h:103] AriaExecutor 8 exits. 
I1126 17:12:31.257555 1050713 AriaExecutor.h:103] AriaExecutor 5 exits. 
I1126 17:12:31.257555 1050719 AriaExecutor.h:103] AriaExecutor 11 exits. 
I1126 17:12:31.257543 1050720 Manager.h:227] Manager(worker id = 12) on the coordinator node exits.
I1126 17:12:31.257555 1050711 AriaExecutor.h:103] AriaExecutor 3 exits. 
I1126 17:12:31.257555 1050709 AriaExecutor.h:103] AriaExecutor 1 exits. 
I1126 17:12:31.257555 1050715 AriaExecutor.h:103] AriaExecutor 7 exits. 
I1126 17:12:31.252424 1050692 AriaExecutor.h:621] Worker 0 latency: 5737 us (50%) 6105 us (75%) 6373 us (95%) 6468 us (99%).
I1126 17:12:31.334555 1050692 AriaExecutor.h:621] Worker 1 latency: 5716 us (50%) 6097 us (75%) 6371 us (95%) 6467 us (99%).
I1126 17:12:31.415189 1050692 AriaExecutor.h:621] Worker 2 latency: 5744 us (50%) 6108 us (75%) 6373 us (95%) 6467 us (99%).
I1126 17:12:31.495620 1050692 AriaExecutor.h:621] Worker 3 latency: 5712 us (50%) 6095 us (75%) 6369 us (95%) 6466 us (99%).
I1126 17:12:31.577088 1050692 AriaExecutor.h:621] Worker 4 latency: 5736 us (50%) 6105 us (75%) 6372 us (95%) 6467 us (99%).
I1126 17:12:31.657454 1050692 AriaExecutor.h:621] Worker 5 latency: 5718 us (50%) 6098 us (75%) 6370 us (95%) 6467 us (99%).
I1126 17:12:31.739771 1050692 AriaExecutor.h:621] Worker 6 latency: 5745 us (50%) 6108 us (75%) 6372 us (95%) 6467 us (99%).
I1126 17:12:31.820081 1050692 AriaExecutor.h:621] Worker 7 latency: 5719 us (50%) 6098 us (75%) 6368 us (95%) 6462 us (99%).
I1126 17:12:31.900349 1050692 AriaExecutor.h:621] Worker 8 latency: 5740 us (50%) 6107 us (75%) 6373 us (95%) 6468 us (99%).
I1126 17:12:31.981904 1050692 AriaExecutor.h:621] Worker 9 latency: 5714 us (50%) 6096 us (75%) 6368 us (95%) 6462 us (99%).
I1126 17:12:32.061751 1050692 AriaExecutor.h:621] Worker 10 latency: 5752 us (50%) 6114 us (75%) 6375 us (95%) 6472 us (99%).
I1126 17:12:32.142496 1050692 AriaExecutor.h:621] Worker 11 latency: 5709 us (50%) 6094 us (75%) 6369 us (95%) 6465 us (99%).
I1126 17:12:32.223049 1050692 Coordinator.h:177] total commit: 1.03543e+06
I1126 17:12:33.223173 1050692 Coordinator.h:192] Coordinator exits.
