I1126 15:08:36.734329 993820 Database.h:65] ycsb initialization finished in 30 milliseconds.
I1126 15:08:36.734428 993820 Coordinator.h:30] Coordinator initializes 12 workers.
I1126 15:08:36.741288 993820 Coordinator.h:77] Coordinator starts to run 13 workers.
I1126 15:08:36.741349 993836 AriaExecutor.h:95] AriaExecutor 0 started. 
I1126 15:08:36.741393 993837 AriaExecutor.h:95] AriaExecutor 1 started. 
I1126 15:08:36.741436 993838 AriaExecutor.h:95] AriaExecutor 2 started. 
I1126 15:08:36.741492 993839 AriaExecutor.h:95] AriaExecutor 3 started. 
I1126 15:08:36.741549 993840 AriaExecutor.h:95] AriaExecutor 4 started. 
I1126 15:08:36.741605 993841 AriaExecutor.h:95] AriaExecutor 5 started. 
I1126 15:08:36.741652 993842 AriaExecutor.h:95] AriaExecutor 6 started. 
I1126 15:08:36.741703 993843 AriaExecutor.h:95] AriaExecutor 7 started. 
I1126 15:08:36.741752 993844 AriaExecutor.h:95] AriaExecutor 8 started. 
I1126 15:08:36.741809 993845 AriaExecutor.h:95] AriaExecutor 9 started. 
I1126 15:08:36.741863 993846 AriaExecutor.h:95] AriaExecutor 10 started. 
I1126 15:08:36.741920 993847 AriaExecutor.h:95] AriaExecutor 11 started. 
I1126 15:08:36.741966 993848 Manager.h:224] Manager(worker id = 12) on the coordinator node started.
I1126 15:08:37.742031 993820 Coordinator.h:126] commit: 1861194 abort: 118806 (0/118806/0), network size: 0, avg network size: 0, si_in_serializable: 0 0 %, local: 0 %
I1126 15:08:38.742162 993820 Coordinator.h:126] commit: 1842530 abort: 117470 (0/117470/0), network size: 0, avg network size: 0, si_in_serializable: 0 0 %, local: 0 %
I1126 15:08:39.742316 993820 Coordinator.h:126] commit: 1851644 abort: 118356 (0/118356/0), network size: 0, avg network size: 0, si_in_serializable: 0 0 %, local: 0 %
I1126 15:08:40.742430 993820 Coordinator.h:126] commit: 1870643 abort: 119357 (0/119357/0), network size: 0, avg network size: 0, si_in_serializable: 0 0 %, local: 0 %
I1126 15:08:41.742542 993820 Coordinator.h:126] commit: 1879993 abort: 120007 (0/120007/0), network size: 0, avg network size: 0, si_in_serializable: 0 0 %, local: 0 %
I1126 15:08:42.742648 993820 Coordinator.h:126] commit: 1871014 abort: 118986 (0/118986/0), network size: 0, avg network size: 0, si_in_serializable: 0 0 %, local: 0 %
I1126 15:08:43.742750 993820 Coordinator.h:126] commit: 1832753 abort: 117247 (0/117247/0), network size: 0, avg network size: 0, si_in_serializable: 0 0 %, local: 0 %
I1126 15:08:44.742854 993820 Coordinator.h:126] commit: 1861820 abort: 118180 (0/118180/0), network size: 0, avg network size: 0, si_in_serializable: 0 0 %, local: 0 %
I1126 15:08:45.742961 993820 Coordinator.h:126] commit: 1871502 abort: 118498 (0/118498/0), network size: 0, avg network size: 0, si_in_serializable: 0 0 %, local: 0 %
I1126 15:08:46.743093 993820 Coordinator.h:126] commit: 1862653 abort: 119034 (0/119034/0), network size: 0, avg network size: 0, si_in_serializable: 0 0 %, local: 0 %
I1126 15:08:47.743206 993820 Coordinator.h:126] commit: 1878270 abort: 120043 (0/120043/0), network size: 0, avg network size: 0, si_in_serializable: 0 0 %, local: 0 %
I1126 15:08:48.743309 993820 Coordinator.h:126] commit: 1879876 abort: 120124 (0/120124/0), network size: 0, avg network size: 0, si_in_serializable: 0 0 %, local: 0 %
I1126 15:08:49.743412 993820 Coordinator.h:126] commit: 1870646 abort: 119354 (0/119354/0), network size: 0, avg network size: 0, si_in_serializable: 0 0 %, local: 0 %
I1126 15:08:50.743512 993820 Coordinator.h:126] commit: 1785938 abort: 114062 (0/114062/0), network size: 0, avg network size: 0, si_in_serializable: 0 0 %, local: 0 %
I1126 15:08:51.743613 993820 Coordinator.h:126] commit: 1880291 abort: 119709 (0/119709/0), network size: 0, avg network size: 0, si_in_serializable: 0 0 %, local: 0 %
I1126 15:08:52.743714 993820 Coordinator.h:126] commit: 1876692 abort: 119658 (0/119658/0), network size: 0, avg network size: 0, si_in_serializable: 0 0 %, local: 0 %
I1126 15:08:53.743813 993820 Coordinator.h:126] commit: 1873919 abort: 119731 (0/119731/0), network size: 0, avg network size: 0, si_in_serializable: 0 0 %, local: 0 %
I1126 15:08:54.743911 993820 Coordinator.h:126] commit: 1870138 abort: 119862 (0/119862/0), network size: 0, avg network size: 0, si_in_serializable: 0 0 %, local: 0 %
I1126 15:08:55.744012 993820 Coordinator.h:126] commit: 1880193 abort: 119807 (0/119807/0), network size: 0, avg network size: 0, si_in_serializable: 0 0 %, local: 0 %
I1126 15:08:56.744112 993820 Coordinator.h:126] commit: 1870675 abort: 119325 (0/119325/0), network size: 0, avg network size: 0, si_in_serializable: 0 0 %, local: 0 %
I1126 15:08:57.744213 993820 Coordinator.h:126] commit: 1880045 abort: 119955 (0/119955/0), network size: 0, avg network size: 0, si_in_serializable: 0 0 %, local: 0 %
I1126 15:08:58.744313 993820 Coordinator.h:126] commit: 1870603 abort: 119397 (0/119397/0), network size: 0, avg network size: 0, si_in_serializable: 0 0 %, local: 0 %
I1126 15:08:59.744411 993820 Coordinator.h:126] commit: 1879971 abort: 119789 (0/119789/0), network size: 0, avg network size: 0, si_in_serializable: 0 0 %, local: 0 %
I1126 15:09:00.744513 993820 Coordinator.h:126] commit: 1871086 abort: 119154 (0/119154/0), network size: 0, avg network size: 0, si_in_serializable: 0 0 %, local: 0 %
I1126 15:09:01.744638 993820 Coordinator.h:126] commit: 1851781 abort: 118219 (0/118219/0), network size: 0, avg network size: 0, si_in_serializable: 0 0 %, local: 0 %
I1126 15:09:01.744673 993820 Coordinator.h:152] average commit: 1.86666e+06 abort: 119168 (0/119168/0), network size: 0, avg network size: 0, si_in_serializable: 0 0 %, local: 0 %
I1126 15:09:01.751211 993848 Manager.h:227] Manager(worker id = 12) on the coordinator node exits.
I1126 15:09:01.751215 993842 AriaExecutor.h:107] AriaExecutor 6 exits. 
I1126 15:09:01.751214 993840 AriaExecutor.h:107] AriaExecutor 4 exits. 
I1126 15:09:01.751228 993836 AriaExecutor.h:107] AriaExecutor 0 exits. 
I1126 15:09:01.751232 993837 AriaExecutor.h:107] AriaExecutor 1 exits. 
I1126 15:09:01.751228 993838 AriaExecutor.h:107] AriaExecutor 2 exits. 
I1126 15:09:01.751230 993843 AriaExecutor.h:107] AriaExecutor 7 exits. 
I1126 15:09:01.751231 993847 AriaExecutor.h:107] AriaExecutor 11 exits. 
I1126 15:09:01.751230 993845 AriaExecutor.h:107] AriaExecutor 9 exits. 
I1126 15:09:01.751233 993839 AriaExecutor.h:107] AriaExecutor 3 exits. 
I1126 15:09:01.751233 993841 AriaExecutor.h:107] AriaExecutor 5 exits. 
I1126 15:09:01.751219 993844 AriaExecutor.h:107] AriaExecutor 8 exits. 
I1126 15:09:01.751215 993846 AriaExecutor.h:107] AriaExecutor 10 exits. 
I1126 15:09:01.744690 993820 AriaExecutor.h:705] Worker 0 latency: 3546 us (50%) 3983 us (75%) 4331 us (95%) 4426 us (99%).
I1126 15:09:01.891096 993820 AriaExecutor.h:705] Worker 1 latency: 3543 us (50%) 3980 us (75%) 4329 us (95%) 4424 us (99%).
I1126 15:09:02.050904 993820 AriaExecutor.h:705] Worker 2 latency: 3561 us (50%) 3988 us (75%) 4330 us (95%) 4423 us (99%).
I1126 15:09:02.195410 993820 AriaExecutor.h:705] Worker 3 latency: 3552 us (50%) 3986 us (75%) 4331 us (95%) 4425 us (99%).
I1126 15:09:02.358125 993820 AriaExecutor.h:705] Worker 4 latency: 3557 us (50%) 3990 us (75%) 4334 us (95%) 4427 us (99%).
I1126 15:09:02.504514 993820 AriaExecutor.h:705] Worker 5 latency: 3549 us (50%) 3984 us (75%) 4332 us (95%) 4425 us (99%).
I1126 15:09:02.666508 993820 AriaExecutor.h:705] Worker 6 latency: 3566 us (50%) 3993 us (75%) 4333 us (95%) 4425 us (99%).
I1126 15:09:02.811939 993820 AriaExecutor.h:705] Worker 7 latency: 3548 us (50%) 3984 us (75%) 4331 us (95%) 4424 us (99%).
I1126 15:09:02.972407 993820 AriaExecutor.h:705] Worker 8 latency: 3554 us (50%) 3987 us (75%) 4332 us (95%) 4425 us (99%).
I1126 15:09:03.119135 993820 AriaExecutor.h:705] Worker 9 latency: 3551 us (50%) 3985 us (75%) 4331 us (95%) 4425 us (99%).
I1126 15:09:03.280802 993820 AriaExecutor.h:705] Worker 10 latency: 3560 us (50%) 3989 us (75%) 4332 us (95%) 4425 us (99%).
I1126 15:09:03.426565 993820 AriaExecutor.h:705] Worker 11 latency: 3548 us (50%) 3985 us (75%) 4331 us (95%) 4424 us (99%).
I1126 15:09:03.585786 993820 Coordinator.h:177] total commit: 1.86666e+06
I1126 15:09:04.585908 993820 Coordinator.h:192] Coordinator exits.
