I1126 15:39:12.858465 1013584 Database.h:65] ycsb initialization finished in 30 milliseconds.
I1126 15:39:12.858557 1013584 Coordinator.h:30] Coordinator initializes 12 workers.
I1126 15:39:12.859462 1013584 Coordinator.h:77] Coordinator starts to run 13 workers.
I1126 15:39:12.859510 1013603 AriaExecutor.h:95] AriaExecutor 0 started. 
I1126 15:39:12.859540 1013604 AriaExecutor.h:95] AriaExecutor 1 started. 
I1126 15:39:12.859586 1013605 AriaExecutor.h:95] AriaExecutor 2 started. 
I1126 15:39:12.859629 1013606 AriaExecutor.h:95] AriaExecutor 3 started. 
I1126 15:39:12.859706 1013608 AriaExecutor.h:95] AriaExecutor 5 started. 
I1126 15:39:12.859745 1013609 AriaExecutor.h:95] AriaExecutor 6 started. 
I1126 15:39:12.859781 1013610 AriaExecutor.h:95] AriaExecutor 7 started. 
I1126 15:39:12.859822 1013611 AriaExecutor.h:95] AriaExecutor 8 started. 
I1126 15:39:12.859861 1013612 AriaExecutor.h:95] AriaExecutor 9 started. 
I1126 15:39:12.859895 1013613 AriaExecutor.h:95] AriaExecutor 10 started. 
I1126 15:39:12.859937 1013614 AriaExecutor.h:95] AriaExecutor 11 started. 
I1126 15:39:12.859967 1013607 AriaExecutor.h:95] AriaExecutor 4 started. 
I1126 15:39:12.859978 1013615 Manager.h:224] Manager(worker id = 12) on the coordinator node started.
I1126 15:39:13.860034 1013584 Coordinator.h:126] commit: 564459 abort: 774541 (0/774541/0), network size: 0, avg network size: 0, si_in_serializable: 0 0 %, local: 0 %
I1126 15:39:14.860144 1013584 Coordinator.h:126] commit: 554409 abort: 760591 (0/760591/0), network size: 0, avg network size: 0, si_in_serializable: 0 0 %, local: 0 %
I1126 15:39:15.860266 1013584 Coordinator.h:126] commit: 558426 abort: 767574 (0/767574/0), network size: 0, avg network size: 0, si_in_serializable: 0 0 %, local: 0 %
I1126 15:39:16.860368 1013584 Coordinator.h:126] commit: 565045 abort: 777955 (0/777955/0), network size: 0, avg network size: 0, si_in_serializable: 0 0 %, local: 0 %
I1126 15:39:17.860450 1013584 Coordinator.h:126] commit: 566424 abort: 775576 (0/775576/0), network size: 0, avg network size: 0, si_in_serializable: 0 0 %, local: 0 %
I1126 15:39:18.860550 1013584 Coordinator.h:126] commit: 549410 abort: 753590 (0/753590/0), network size: 0, avg network size: 0, si_in_serializable: 0 0 %, local: 0 %
I1126 15:39:19.860666 1013584 Coordinator.h:126] commit: 563055 abort: 772945 (0/772945/0), network size: 0, avg network size: 0, si_in_serializable: 0 0 %, local: 0 %
I1126 15:39:20.860774 1013584 Coordinator.h:126] commit: 564849 abort: 775151 (0/775151/0), network size: 0, avg network size: 0, si_in_serializable: 0 0 %, local: 0 %
I1126 15:39:21.860877 1013584 Coordinator.h:126] commit: 566608 abort: 774671 (0/774671/0), network size: 0, avg network size: 0, si_in_serializable: 0 0 %, local: 0 %
I1126 15:39:22.860975 1013584 Coordinator.h:126] commit: 566475 abort: 776246 (0/776246/0), network size: 0, avg network size: 0, si_in_serializable: 0 0 %, local: 0 %
I1126 15:39:23.861063 1013584 Coordinator.h:126] commit: 565403 abort: 774597 (0/774597/0), network size: 0, avg network size: 0, si_in_serializable: 0 0 %, local: 0 %
I1126 15:39:24.861156 1013584 Coordinator.h:126] commit: 547513 abort: 751487 (0/751487/0), network size: 0, avg network size: 0, si_in_serializable: 0 0 %, local: 0 %
I1126 15:39:25.861245 1013584 Coordinator.h:126] commit: 565299 abort: 773701 (0/773701/0), network size: 0, avg network size: 0, si_in_serializable: 0 0 %, local: 0 %
I1126 15:39:26.861342 1013584 Coordinator.h:126] commit: 565528 abort: 775472 (0/775472/0), network size: 0, avg network size: 0, si_in_serializable: 0 0 %, local: 0 %
I1126 15:39:27.861446 1013584 Coordinator.h:126] commit: 559822 abort: 767178 (0/767178/0), network size: 0, avg network size: 0, si_in_serializable: 0 0 %, local: 0 %
I1126 15:39:28.861547 1013584 Coordinator.h:126] commit: 565799 abort: 777201 (0/777201/0), network size: 0, avg network size: 0, si_in_serializable: 0 0 %, local: 0 %
I1126 15:39:29.861641 1013584 Coordinator.h:126] commit: 564912 abort: 776088 (0/776088/0), network size: 0, avg network size: 0, si_in_serializable: 0 0 %, local: 0 %
I1126 15:39:30.861744 1013584 Coordinator.h:126] commit: 565276 abort: 776724 (0/776724/0), network size: 0, avg network size: 0, si_in_serializable: 0 0 %, local: 0 %
I1126 15:39:31.861871 1013584 Coordinator.h:126] commit: 561132 abort: 770868 (0/770868/0), network size: 0, avg network size: 0, si_in_serializable: 0 0 %, local: 0 %
I1126 15:39:32.861974 1013584 Coordinator.h:126] commit: 566174 abort: 775826 (0/775826/0), network size: 0, avg network size: 0, si_in_serializable: 0 0 %, local: 0 %
I1126 15:39:33.862066 1013584 Coordinator.h:126] commit: 565059 abort: 774941 (0/774941/0), network size: 0, avg network size: 0, si_in_serializable: 0 0 %, local: 0 %
I1126 15:39:34.862164 1013584 Coordinator.h:126] commit: 566528 abort: 775472 (0/775472/0), network size: 0, avg network size: 0, si_in_serializable: 0 0 %, local: 0 %
I1126 15:39:35.862252 1013584 Coordinator.h:126] commit: 519746 abort: 714254 (0/714254/0), network size: 0, avg network size: 0, si_in_serializable: 0 0 %, local: 0 %
I1126 15:39:36.862344 1013584 Coordinator.h:126] commit: 567515 abort: 774485 (0/774485/0), network size: 0, avg network size: 0, si_in_serializable: 0 0 %, local: 0 %
I1126 15:39:37.862435 1013584 Coordinator.h:126] commit: 566417 abort: 775583 (0/775583/0), network size: 0, avg network size: 0, si_in_serializable: 0 0 %, local: 0 %
I1126 15:39:37.862452 1013584 Coordinator.h:152] average commit: 562686 abort: 771914 (0/771914/0), network size: 0, avg network size: 0, si_in_serializable: 0 0 %, local: 0 %
I1126 15:39:37.863070 1013611 AriaExecutor.h:107] AriaExecutor 8 exits. 
I1126 15:39:37.863071 1013607 AriaExecutor.h:107] AriaExecutor 4 exits. 
I1126 15:39:37.863085 1013614 AriaExecutor.h:107] AriaExecutor 11 exits. 
I1126 15:39:37.863071 1013603 AriaExecutor.h:107] AriaExecutor 0 exits. 
I1126 15:39:37.863072 1013613 AriaExecutor.h:107] AriaExecutor 10 exits. 
I1126 15:39:37.863077 1013615 Manager.h:227] Manager(worker id = 12) on the coordinator node exits.
I1126 15:39:37.863072 1013609 AriaExecutor.h:107] AriaExecutor 6 exits. 
I1126 15:39:37.863070 1013605 AriaExecutor.h:107] AriaExecutor 2 exits. 
I1126 15:39:37.863082 1013612 AriaExecutor.h:107] AriaExecutor 9 exits. 
I1126 15:39:37.863083 1013604 AriaExecutor.h:107] AriaExecutor 1 exits. 
I1126 15:39:37.863082 1013610 AriaExecutor.h:107] AriaExecutor 7 exits. 
I1126 15:39:37.863083 1013606 AriaExecutor.h:107] AriaExecutor 3 exits. 
I1126 15:39:37.863082 1013608 AriaExecutor.h:107] AriaExecutor 5 exits. 
I1126 15:39:37.862461 1013584 AriaExecutor.h:705] Worker 0 latency: 606 us (50%) 659 us (75%) 692 us (95%) 707 us (99%).
I1126 15:39:37.908609 1013584 AriaExecutor.h:705] Worker 1 latency: 603 us (50%) 657 us (75%) 691 us (95%) 705 us (99%).
I1126 15:39:37.954649 1013584 AriaExecutor.h:705] Worker 2 latency: 604 us (50%) 657 us (75%) 691 us (95%) 706 us (99%).
I1126 15:39:38.000114 1013584 AriaExecutor.h:705] Worker 3 latency: 603 us (50%) 656 us (75%) 691 us (95%) 705 us (99%).
I1126 15:39:38.046305 1013584 AriaExecutor.h:705] Worker 4 latency: 604 us (50%) 657 us (75%) 691 us (95%) 706 us (99%).
I1126 15:39:38.092535 1013584 AriaExecutor.h:705] Worker 5 latency: 603 us (50%) 656 us (75%) 690 us (95%) 705 us (99%).
I1126 15:39:38.137812 1013584 AriaExecutor.h:705] Worker 6 latency: 607 us (50%) 658 us (75%) 691 us (95%) 706 us (99%).
I1126 15:39:38.182789 1013584 AriaExecutor.h:705] Worker 7 latency: 603 us (50%) 655 us (75%) 690 us (95%) 705 us (99%).
I1126 15:39:38.228590 1013584 AriaExecutor.h:705] Worker 8 latency: 606 us (50%) 658 us (75%) 691 us (95%) 706 us (99%).
I1126 15:39:38.274201 1013584 AriaExecutor.h:705] Worker 9 latency: 604 us (50%) 656 us (75%) 690 us (95%) 705 us (99%).
I1126 15:39:38.319872 1013584 AriaExecutor.h:705] Worker 10 latency: 606 us (50%) 658 us (75%) 691 us (95%) 706 us (99%).
I1126 15:39:38.364775 1013584 AriaExecutor.h:705] Worker 11 latency: 605 us (50%) 656 us (75%) 690 us (95%) 705 us (99%).
I1126 15:39:38.409633 1013584 Coordinator.h:177] total commit: 562686
I1126 15:39:39.409749 1013584 Coordinator.h:192] Coordinator exits.
