I1126 13:57:38.994550 951428 Database.h:65] ycsb initialization finished in 30 milliseconds.
I1126 13:57:38.994657 951428 Coordinator.h:30] Coordinator initializes 12 workers.
I1126 13:57:38.995551 951428 Coordinator.h:77] Coordinator starts to run 13 workers.
I1126 13:57:38.995615 951444 AriaExecutor.h:91] AriaExecutor 0 started. 
I1126 13:57:38.995654 951445 AriaExecutor.h:91] AriaExecutor 1 started. 
I1126 13:57:38.995698 951446 AriaExecutor.h:91] AriaExecutor 2 started. 
I1126 13:57:38.995751 951447 AriaExecutor.h:91] AriaExecutor 3 started. 
I1126 13:57:38.995817 951449 AriaExecutor.h:91] AriaExecutor 5 started. 
I1126 13:57:38.995865 951450 AriaExecutor.h:91] AriaExecutor 6 started. 
I1126 13:57:38.995911 951451 AriaExecutor.h:91] AriaExecutor 7 started. 
I1126 13:57:38.995949 951452 AriaExecutor.h:91] AriaExecutor 8 started. 
I1126 13:57:38.995999 951453 AriaExecutor.h:91] AriaExecutor 9 started. 
I1126 13:57:38.996037 951454 AriaExecutor.h:91] AriaExecutor 10 started. 
I1126 13:57:38.996088 951455 AriaExecutor.h:91] AriaExecutor 11 started. 
I1126 13:57:38.996124 951448 AriaExecutor.h:91] AriaExecutor 4 started. 
I1126 13:57:38.996126 951456 Manager.h:224] Manager(worker id = 12) on the coordinator node started.
I1126 13:57:39.996192 951428 Coordinator.h:126] commit: 2002178 abort: 8822 (0/8822/0), network size: 0, avg network size: 0, si_in_serializable: 0 0 %, local: 0 %
I1126 13:57:40.996315 951428 Coordinator.h:126] commit: 1981281 abort: 8719 (0/8719/0), network size: 0, avg network size: 0, si_in_serializable: 0 0 %, local: 0 %
I1126 13:57:41.996438 951428 Coordinator.h:126] commit: 2023157 abort: 8843 (0/8843/0), network size: 0, avg network size: 0, si_in_serializable: 0 0 %, local: 0 %
I1126 13:57:42.996528 951428 Coordinator.h:126] commit: 1994021 abort: 8979 (0/8979/0), network size: 0, avg network size: 0, si_in_serializable: 0 0 %, local: 0 %
I1126 13:57:43.996608 951428 Coordinator.h:126] commit: 2032993 abort: 9007 (0/9007/0), network size: 0, avg network size: 0, si_in_serializable: 0 0 %, local: 0 %
I1126 13:57:44.996688 951428 Coordinator.h:126] commit: 2031980 abort: 9020 (0/9020/0), network size: 0, avg network size: 0, si_in_serializable: 0 0 %, local: 0 %
I1126 13:57:45.996801 951428 Coordinator.h:126] commit: 1893520 abort: 8480 (0/8480/0), network size: 0, avg network size: 0, si_in_serializable: 0 0 %, local: 0 %
I1126 13:57:46.996893 951428 Coordinator.h:126] commit: 2027912 abort: 9088 (0/9088/0), network size: 0, avg network size: 0, si_in_serializable: 0 0 %, local: 0 %
I1126 13:57:47.996971 951428 Coordinator.h:126] commit: 2021095 abort: 8905 (0/8905/0), network size: 0, avg network size: 0, si_in_serializable: 0 0 %, local: 0 %
I1126 13:57:48.997046 951428 Coordinator.h:126] commit: 2026845 abort: 9155 (0/9155/0), network size: 0, avg network size: 0, si_in_serializable: 0 0 %, local: 0 %
I1126 13:57:49.997128 951428 Coordinator.h:126] commit: 2026023 abort: 8977 (0/8977/0), network size: 0, avg network size: 0, si_in_serializable: 0 0 %, local: 0 %
I1126 13:57:50.997231 951428 Coordinator.h:126] commit: 2022882 abort: 9118 (0/9118/0), network size: 0, avg network size: 0, si_in_serializable: 0 0 %, local: 0 %
I1126 13:57:51.997325 951428 Coordinator.h:126] commit: 1807063 abort: 7937 (0/7937/0), network size: 0, avg network size: 0, si_in_serializable: 0 0 %, local: 0 %
I1126 13:57:52.997414 951428 Coordinator.h:126] commit: 2028934 abort: 9066 (0/9066/0), network size: 0, avg network size: 0, si_in_serializable: 0 0 %, local: 0 %
I1126 13:57:53.997514 951428 Coordinator.h:126] commit: 2000093 abort: 8907 (0/8907/0), network size: 0, avg network size: 0, si_in_serializable: 0 0 %, local: 0 %
I1126 13:57:54.997603 951428 Coordinator.h:126] commit: 2024070 abort: 8930 (0/8930/0), network size: 0, avg network size: 0, si_in_serializable: 0 0 %, local: 0 %
I1126 13:57:55.997696 951428 Coordinator.h:126] commit: 2022155 abort: 8845 (0/8845/0), network size: 0, avg network size: 0, si_in_serializable: 0 0 %, local: 0 %
I1126 13:57:56.997779 951428 Coordinator.h:126] commit: 2026055 abort: 8945 (0/8945/0), network size: 0, avg network size: 0, si_in_serializable: 0 0 %, local: 0 %
I1126 13:57:57.997850 951428 Coordinator.h:126] commit: 2024890 abort: 9110 (0/9110/0), network size: 0, avg network size: 0, si_in_serializable: 0 0 %, local: 0 %
I1126 13:57:58.997927 951428 Coordinator.h:126] commit: 2023014 abort: 9015 (0/9015/0), network size: 0, avg network size: 0, si_in_serializable: 0 0 %, local: 0 %
I1126 13:57:59.998013 951428 Coordinator.h:126] commit: 2025139 abort: 8832 (0/8832/0), network size: 0, avg network size: 0, si_in_serializable: 0 0 %, local: 0 %
I1126 13:58:00.998106 951428 Coordinator.h:126] commit: 2024092 abort: 8908 (0/8908/0), network size: 0, avg network size: 0, si_in_serializable: 0 0 %, local: 0 %
I1126 13:58:01.998214 951428 Coordinator.h:126] commit: 2025883 abort: 9117 (0/9117/0), network size: 0, avg network size: 0, si_in_serializable: 0 0 %, local: 0 %
I1126 13:58:02.998294 951428 Coordinator.h:126] commit: 2014193 abort: 8807 (0/8807/0), network size: 0, avg network size: 0, si_in_serializable: 0 0 %, local: 0 %
I1126 13:58:03.998405 951428 Coordinator.h:126] commit: 1891549 abort: 8451 (0/8451/0), network size: 0, avg network size: 0, si_in_serializable: 0 0 %, local: 0 %
I1126 13:58:03.998440 951428 Coordinator.h:152] average commit: 2.00052e+06 abort: 8885 (0/8885/0), network size: 0, avg network size: 0, si_in_serializable: 0 0 %, local: 0 %
I1126 13:58:03.998827 951452 AriaExecutor.h:103] AriaExecutor 8 exits. 
I1126 13:58:03.998831 951444 AriaExecutor.h:103] AriaExecutor 0 exits. 
I1126 13:58:03.998838 951454 AriaExecutor.h:103] AriaExecutor 10 exits. 
I1126 13:58:03.998842 951451 AriaExecutor.h:103] AriaExecutor 7 exits. 
I1126 13:58:03.998829 951448 AriaExecutor.h:103] AriaExecutor 4 exits. 
I1126 13:58:03.998842 951445 AriaExecutor.h:103] AriaExecutor 1 exits. 
I1126 13:58:03.998842 951449 AriaExecutor.h:103] AriaExecutor 5 exits. 
I1126 13:58:03.998842 951447 AriaExecutor.h:103] AriaExecutor 3 exits. 
I1126 13:58:03.998832 951446 AriaExecutor.h:103] AriaExecutor 2 exits. 
I1126 13:58:03.998832 951450 AriaExecutor.h:103] AriaExecutor 6 exits. 
I1126 13:58:03.998834 951456 Manager.h:227] Manager(worker id = 12) on the coordinator node exits.
I1126 13:58:03.998844 951453 AriaExecutor.h:103] AriaExecutor 9 exits. 
I1126 13:58:03.998852 951455 AriaExecutor.h:103] AriaExecutor 11 exits. 
I1126 13:58:03.998449 951428 AriaExecutor.h:649] Worker 0 latency: 336 us (50%) 385 us (75%) 428 us (95%) 442 us (99%).
I1126 13:58:04.139328 951428 AriaExecutor.h:649] Worker 1 latency: 334 us (50%) 384 us (75%) 427 us (95%) 442 us (99%).
I1126 13:58:04.282577 951428 AriaExecutor.h:649] Worker 2 latency: 337 us (50%) 386 us (75%) 428 us (95%) 442 us (99%).
I1126 13:58:04.422858 951428 AriaExecutor.h:649] Worker 3 latency: 338 us (50%) 386 us (75%) 427 us (95%) 442 us (99%).
I1126 13:58:04.562536 951428 AriaExecutor.h:649] Worker 4 latency: 335 us (50%) 385 us (75%) 427 us (95%) 442 us (99%).
I1126 13:58:04.705322 951428 AriaExecutor.h:649] Worker 5 latency: 336 us (50%) 384 us (75%) 427 us (95%) 441 us (99%).
I1126 13:58:04.845654 951428 AriaExecutor.h:649] Worker 6 latency: 340 us (50%) 386 us (75%) 427 us (95%) 442 us (99%).
I1126 13:58:04.988085 951428 AriaExecutor.h:649] Worker 7 latency: 338 us (50%) 386 us (75%) 427 us (95%) 442 us (99%).
I1126 13:58:05.157563 951428 AriaExecutor.h:649] Worker 8 latency: 339 us (50%) 387 us (75%) 428 us (95%) 442 us (99%).
I1126 13:58:05.300298 951428 AriaExecutor.h:649] Worker 9 latency: 340 us (50%) 387 us (75%) 427 us (95%) 442 us (99%).
I1126 13:58:05.468590 951428 AriaExecutor.h:649] Worker 10 latency: 339 us (50%) 386 us (75%) 428 us (95%) 442 us (99%).
I1126 13:58:05.618729 951428 AriaExecutor.h:649] Worker 11 latency: 340 us (50%) 387 us (75%) 428 us (95%) 442 us (99%).
I1126 13:58:05.760577 951428 Coordinator.h:177] total commit: 2.00052e+06
I1126 13:58:06.760691 951428 Coordinator.h:192] Coordinator exits.
