I1126 14:10:28.322355 959416 Database.h:65] ycsb initialization finished in 30 milliseconds.
I1126 14:10:28.322448 959416 Coordinator.h:30] Coordinator initializes 12 workers.
I1126 14:10:28.323343 959416 Coordinator.h:77] Coordinator starts to run 13 workers.
I1126 14:10:28.323390 959432 AriaExecutor.h:91] AriaExecutor 0 started. 
I1126 14:10:28.323421 959433 AriaExecutor.h:91] AriaExecutor 1 started. 
I1126 14:10:28.323465 959434 AriaExecutor.h:91] AriaExecutor 2 started. 
I1126 14:10:28.323510 959435 AriaExecutor.h:91] AriaExecutor 3 started. 
I1126 14:10:28.323589 959437 AriaExecutor.h:91] AriaExecutor 5 started. 
I1126 14:10:28.323638 959438 AriaExecutor.h:91] AriaExecutor 6 started. 
I1126 14:10:28.323681 959439 AriaExecutor.h:91] AriaExecutor 7 started. 
I1126 14:10:28.323721 959440 AriaExecutor.h:91] AriaExecutor 8 started. 
I1126 14:10:28.323766 959441 AriaExecutor.h:91] AriaExecutor 9 started. 
I1126 14:10:28.323807 959442 AriaExecutor.h:91] AriaExecutor 10 started. 
I1126 14:10:28.323851 959443 AriaExecutor.h:91] AriaExecutor 11 started. 
I1126 14:10:28.323881 959436 AriaExecutor.h:91] AriaExecutor 4 started. 
I1126 14:10:28.323885 959444 Manager.h:224] Manager(worker id = 12) on the coordinator node started.
I1126 14:10:29.323946 959416 Coordinator.h:126] commit: 1229175 abort: 40825 (0/40825/0), network size: 0, avg network size: 0, si_in_serializable: 0 0 %, local: 0 %
I1126 14:10:30.324049 959416 Coordinator.h:126] commit: 1208874 abort: 40126 (0/40126/0), network size: 0, avg network size: 0, si_in_serializable: 0 0 %, local: 0 %
I1126 14:10:31.324151 959416 Coordinator.h:126] commit: 1226671 abort: 40329 (0/40329/0), network size: 0, avg network size: 0, si_in_serializable: 0 0 %, local: 0 %
I1126 14:10:32.324231 959416 Coordinator.h:126] commit: 1233916 abort: 41084 (0/41084/0), network size: 0, avg network size: 0, si_in_serializable: 0 0 %, local: 0 %
I1126 14:10:33.324308 959416 Coordinator.h:126] commit: 1238806 abort: 41194 (0/41194/0), network size: 0, avg network size: 0, si_in_serializable: 0 0 %, local: 0 %
I1126 14:10:34.324384 959416 Coordinator.h:126] commit: 1209897 abort: 40103 (0/40103/0), network size: 0, avg network size: 0, si_in_serializable: 0 0 %, local: 0 %
I1126 14:10:35.324487 959416 Coordinator.h:126] commit: 1222394 abort: 40606 (0/40606/0), network size: 0, avg network size: 0, si_in_serializable: 0 0 %, local: 0 %
I1126 14:10:36.324575 959416 Coordinator.h:126] commit: 1234376 abort: 40624 (0/40624/0), network size: 0, avg network size: 0, si_in_serializable: 0 0 %, local: 0 %
I1126 14:10:37.324666 959416 Coordinator.h:126] commit: 1238327 abort: 40673 (0/40673/0), network size: 0, avg network size: 0, si_in_serializable: 0 0 %, local: 0 %
I1126 14:10:38.324743 959416 Coordinator.h:126] commit: 1235434 abort: 40566 (0/40566/0), network size: 0, avg network size: 0, si_in_serializable: 0 0 %, local: 0 %
I1126 14:10:39.324826 959416 Coordinator.h:126] commit: 1157948 abort: 38169 (0/38169/0), network size: 0, avg network size: 0, si_in_serializable: 0 0 %, local: 0 %
I1126 14:10:40.324904 959416 Coordinator.h:126] commit: 1233801 abort: 41082 (0/41082/0), network size: 0, avg network size: 0, si_in_serializable: 0 0 %, local: 0 %
I1126 14:10:41.324983 959416 Coordinator.h:126] commit: 1233093 abort: 40315 (0/40315/0), network size: 0, avg network size: 0, si_in_serializable: 0 0 %, local: 0 %
I1126 14:10:42.325057 959416 Coordinator.h:126] commit: 1232767 abort: 40825 (0/40825/0), network size: 0, avg network size: 0, si_in_serializable: 0 0 %, local: 0 %
I1126 14:10:43.325152 959416 Coordinator.h:126] commit: 1222708 abort: 40161 (0/40161/0), network size: 0, avg network size: 0, si_in_serializable: 0 0 %, local: 0 %
I1126 14:10:44.325232 959416 Coordinator.h:126] commit: 1230489 abort: 40642 (0/40642/0), network size: 0, avg network size: 0, si_in_serializable: 0 0 %, local: 0 %
I1126 14:10:45.325305 959416 Coordinator.h:126] commit: 1230304 abort: 40788 (0/40788/0), network size: 0, avg network size: 0, si_in_serializable: 0 0 %, local: 0 %
I1126 14:10:46.325384 959416 Coordinator.h:126] commit: 1230059 abort: 40849 (0/40849/0), network size: 0, avg network size: 0, si_in_serializable: 0 0 %, local: 0 %
I1126 14:10:47.325464 959416 Coordinator.h:126] commit: 1233420 abort: 40580 (0/40580/0), network size: 0, avg network size: 0, si_in_serializable: 0 0 %, local: 0 %
I1126 14:10:48.325548 959416 Coordinator.h:126] commit: 1233363 abort: 40637 (0/40637/0), network size: 0, avg network size: 0, si_in_serializable: 0 0 %, local: 0 %
I1126 14:10:49.325647 959416 Coordinator.h:126] commit: 1080290 abort: 35710 (0/35710/0), network size: 0, avg network size: 0, si_in_serializable: 0 0 %, local: 0 %
I1126 14:10:50.325742 959416 Coordinator.h:126] commit: 1230480 abort: 40520 (0/40520/0), network size: 0, avg network size: 0, si_in_serializable: 0 0 %, local: 0 %
I1126 14:10:51.325840 959416 Coordinator.h:126] commit: 1214562 abort: 40438 (0/40438/0), network size: 0, avg network size: 0, si_in_serializable: 0 0 %, local: 0 %
I1126 14:10:52.325930 959416 Coordinator.h:126] commit: 1233036 abort: 40964 (0/40964/0), network size: 0, avg network size: 0, si_in_serializable: 0 0 %, local: 0 %
I1126 14:10:53.326046 959416 Coordinator.h:126] commit: 1227618 abort: 40382 (0/40382/0), network size: 0, avg network size: 0, si_in_serializable: 0 0 %, local: 0 %
I1126 14:10:53.326084 959416 Coordinator.h:152] average commit: 1.2238e+06 abort: 40404.8 (0/40404.8/0), network size: 0, avg network size: 0, si_in_serializable: 0 0 %, local: 0 %
I1126 14:10:53.326115 959442 AriaExecutor.h:103] AriaExecutor 10 exits. 
I1126 14:10:53.326120 959444 Manager.h:227] Manager(worker id = 12) on the coordinator node exits.
I1126 14:10:53.326125 959441 AriaExecutor.h:103] AriaExecutor 9 exits. 
I1126 14:10:53.326123 959436 AriaExecutor.h:103] AriaExecutor 4 exits. 
I1126 14:10:53.326123 959435 AriaExecutor.h:103] AriaExecutor 3 exits. 
I1126 14:10:53.326124 959443 AriaExecutor.h:103] AriaExecutor 11 exits. 
I1126 14:10:53.326117 959432 AriaExecutor.h:103] AriaExecutor 0 exits. 
I1126 14:10:53.326124 959439 AriaExecutor.h:103] AriaExecutor 7 exits. 
I1126 14:10:53.326117 959434 AriaExecutor.h:103] AriaExecutor 2 exits. 
I1126 14:10:53.326123 959437 AriaExecutor.h:103] AriaExecutor 5 exits. 
I1126 14:10:53.326125 959433 AriaExecutor.h:103] AriaExecutor 1 exits. 
I1126 14:10:53.326122 959440 AriaExecutor.h:103] AriaExecutor 8 exits. 
I1126 14:10:53.326120 959438 AriaExecutor.h:103] AriaExecutor 6 exits. 
I1126 14:10:53.326092 959416 AriaExecutor.h:649] Worker 0 latency: 592 us (50%) 647 us (75%) 693 us (95%) 710 us (99%).
I1126 14:10:53.418365 959416 AriaExecutor.h:649] Worker 1 latency: 588 us (50%) 644 us (75%) 692 us (95%) 708 us (99%).
I1126 14:10:53.520102 959416 AriaExecutor.h:649] Worker 2 latency: 592 us (50%) 646 us (75%) 692 us (95%) 709 us (99%).
I1126 14:10:53.611375 959416 AriaExecutor.h:649] Worker 3 latency: 590 us (50%) 645 us (75%) 691 us (95%) 708 us (99%).
I1126 14:10:53.713541 959416 AriaExecutor.h:649] Worker 4 latency: 592 us (50%) 646 us (75%) 692 us (95%) 709 us (99%).
I1126 14:10:53.805356 959416 AriaExecutor.h:649] Worker 5 latency: 589 us (50%) 644 us (75%) 691 us (95%) 708 us (99%).
I1126 14:10:53.906913 959416 AriaExecutor.h:649] Worker 6 latency: 596 us (50%) 648 us (75%) 693 us (95%) 709 us (99%).
I1126 14:10:54.000162 959416 AriaExecutor.h:649] Worker 7 latency: 593 us (50%) 646 us (75%) 691 us (95%) 708 us (99%).
I1126 14:10:54.088703 959416 AriaExecutor.h:649] Worker 8 latency: 594 us (50%) 647 us (75%) 693 us (95%) 709 us (99%).
I1126 14:10:54.175489 959416 AriaExecutor.h:649] Worker 9 latency: 592 us (50%) 645 us (75%) 691 us (95%) 708 us (99%).
I1126 14:10:54.262624 959416 AriaExecutor.h:649] Worker 10 latency: 596 us (50%) 648 us (75%) 693 us (95%) 709 us (99%).
I1126 14:10:54.348740 959416 AriaExecutor.h:649] Worker 11 latency: 593 us (50%) 646 us (75%) 691 us (95%) 708 us (99%).
I1126 14:10:54.438378 959416 Coordinator.h:177] total commit: 1.2238e+06
I1126 14:10:55.438491 959416 Coordinator.h:192] Coordinator exits.
