I1126 17:55:32.025835 1061891 Database.h:65] ycsb initialization finished in 30 milliseconds.
I1126 17:55:32.025935 1061891 Coordinator.h:30] Coordinator initializes 12 workers.
I1126 17:55:32.032829 1061891 Coordinator.h:77] Coordinator starts to run 13 workers.
I1126 17:55:32.032887 1061907 AriaExecutor.h:91] AriaExecutor 0 started. 
I1126 17:55:32.032915 1061908 AriaExecutor.h:91] AriaExecutor 1 started. 
I1126 17:55:32.032955 1061909 AriaExecutor.h:91] AriaExecutor 2 started. 
I1126 17:55:32.032996 1061910 AriaExecutor.h:91] AriaExecutor 3 started. 
I1126 17:55:32.033079 1061912 AriaExecutor.h:91] AriaExecutor 5 started. 
I1126 17:55:32.033119 1061913 AriaExecutor.h:91] AriaExecutor 6 started. 
I1126 17:55:32.033160 1061914 AriaExecutor.h:91] AriaExecutor 7 started. 
I1126 17:55:32.033202 1061915 AriaExecutor.h:91] AriaExecutor 8 started. 
I1126 17:55:32.033245 1061916 AriaExecutor.h:91] AriaExecutor 9 started. 
I1126 17:55:32.033282 1061917 AriaExecutor.h:91] AriaExecutor 10 started. 
I1126 17:55:32.033331 1061918 AriaExecutor.h:91] AriaExecutor 11 started. 
I1126 17:55:32.033367 1061911 AriaExecutor.h:91] AriaExecutor 4 started. 
I1126 17:55:32.033370 1061919 Manager.h:224] Manager(worker id = 12) on the coordinator node started.
I1126 17:55:33.033438 1061891 Coordinator.h:126] commit: 1775901 abort: 124099 (0/124099/0), network size: 0, avg network size: 0, si_in_serializable: 0 0 %, local: 0 %
I1126 17:55:34.033558 1061891 Coordinator.h:126] commit: 1766778 abort: 123222 (0/123222/0), network size: 0, avg network size: 0, si_in_serializable: 0 0 %, local: 0 %
I1126 17:55:35.033685 1061891 Coordinator.h:126] commit: 1794997 abort: 125003 (0/125003/0), network size: 0, avg network size: 0, si_in_serializable: 0 0 %, local: 0 %
I1126 17:55:36.033776 1061891 Coordinator.h:126] commit: 1768115 abort: 121885 (0/121885/0), network size: 0, avg network size: 0, si_in_serializable: 0 0 %, local: 0 %
I1126 17:55:37.033880 1061891 Coordinator.h:126] commit: 1785854 abort: 124146 (0/124146/0), network size: 0, avg network size: 0, si_in_serializable: 0 0 %, local: 0 %
I1126 17:55:38.033982 1061891 Coordinator.h:126] commit: 1805153 abort: 124847 (0/124847/0), network size: 0, avg network size: 0, si_in_serializable: 0 0 %, local: 0 %
I1126 17:55:39.034067 1061891 Coordinator.h:126] commit: 1804704 abort: 125296 (0/125296/0), network size: 0, avg network size: 0, si_in_serializable: 0 0 %, local: 0 %
I1126 17:55:40.034166 1061891 Coordinator.h:126] commit: 1730048 abort: 119952 (0/119952/0), network size: 0, avg network size: 0, si_in_serializable: 0 0 %, local: 0 %
I1126 17:55:41.034250 1061891 Coordinator.h:126] commit: 1804772 abort: 125228 (0/125228/0), network size: 0, avg network size: 0, si_in_serializable: 0 0 %, local: 0 %
I1126 17:55:42.034369 1061891 Coordinator.h:126] commit: 1785592 abort: 124408 (0/124408/0), network size: 0, avg network size: 0, si_in_serializable: 0 0 %, local: 0 %
I1126 17:55:43.034466 1061891 Coordinator.h:126] commit: 1804359 abort: 125641 (0/125641/0), network size: 0, avg network size: 0, si_in_serializable: 0 0 %, local: 0 %
I1126 17:55:44.034574 1061891 Coordinator.h:126] commit: 1795459 abort: 124541 (0/124541/0), network size: 0, avg network size: 0, si_in_serializable: 0 0 %, local: 0 %
I1126 17:55:45.034682 1061891 Coordinator.h:126] commit: 1804327 abort: 125673 (0/125673/0), network size: 0, avg network size: 0, si_in_serializable: 0 0 %, local: 0 %
I1126 17:55:46.034790 1061891 Coordinator.h:126] commit: 1795258 abort: 124742 (0/124742/0), network size: 0, avg network size: 0, si_in_serializable: 0 0 %, local: 0 %
I1126 17:55:47.034873 1061891 Coordinator.h:126] commit: 1682750 abort: 117250 (0/117250/0), network size: 0, avg network size: 0, si_in_serializable: 0 0 %, local: 0 %
I1126 17:55:48.034950 1061891 Coordinator.h:126] commit: 1804121 abort: 125879 (0/125879/0), network size: 0, avg network size: 0, si_in_serializable: 0 0 %, local: 0 %
I1126 17:55:49.035027 1061891 Coordinator.h:126] commit: 1795319 abort: 124681 (0/124681/0), network size: 0, avg network size: 0, si_in_serializable: 0 0 %, local: 0 %
I1126 17:55:50.035120 1061891 Coordinator.h:126] commit: 1804712 abort: 125288 (0/125288/0), network size: 0, avg network size: 0, si_in_serializable: 0 0 %, local: 0 %
I1126 17:55:51.035214 1061891 Coordinator.h:126] commit: 1775989 abort: 124011 (0/124011/0), network size: 0, avg network size: 0, si_in_serializable: 0 0 %, local: 0 %
I1126 17:55:52.035295 1061891 Coordinator.h:126] commit: 1804900 abort: 125100 (0/125100/0), network size: 0, avg network size: 0, si_in_serializable: 0 0 %, local: 0 %
I1126 17:55:53.035378 1061891 Coordinator.h:126] commit: 1794630 abort: 125370 (0/125370/0), network size: 0, avg network size: 0, si_in_serializable: 0 0 %, local: 0 %
I1126 17:55:54.035486 1061891 Coordinator.h:126] commit: 1785565 abort: 124435 (0/124435/0), network size: 0, avg network size: 0, si_in_serializable: 0 0 %, local: 0 %
I1126 17:55:55.035594 1061891 Coordinator.h:126] commit: 1795345 abort: 124655 (0/124655/0), network size: 0, avg network size: 0, si_in_serializable: 0 0 %, local: 0 %
I1126 17:55:56.035691 1061891 Coordinator.h:126] commit: 1804569 abort: 125431 (0/125431/0), network size: 0, avg network size: 0, si_in_serializable: 0 0 %, local: 0 %
I1126 17:55:57.035770 1061891 Coordinator.h:126] commit: 1794925 abort: 125075 (0/125075/0), network size: 0, avg network size: 0, si_in_serializable: 0 0 %, local: 0 %
I1126 17:55:57.035785 1061891 Coordinator.h:152] average commit: 1.78672e+06 abort: 124281 (0/124281/0), network size: 0, avg network size: 0, si_in_serializable: 0 0 %, local: 0 %
I1126 17:55:57.039691 1061915 AriaExecutor.h:103] AriaExecutor 8 exits. 
I1126 17:55:57.039695 1061919 Manager.h:227] Manager(worker id = 12) on the coordinator node exits.
I1126 17:55:57.039705 1061918 AriaExecutor.h:103] AriaExecutor 11 exits. 
I1126 17:55:57.039719 1061910 AriaExecutor.h:103] AriaExecutor 3 exits. 
I1126 17:55:57.039695 1061917 AriaExecutor.h:103] AriaExecutor 10 exits. 
I1126 17:55:57.039692 1061907 AriaExecutor.h:103] AriaExecutor 0 exits. 
I1126 17:55:57.039696 1061913 AriaExecutor.h:103] AriaExecutor 6 exits. 
I1126 17:55:57.039709 1061912 AriaExecutor.h:103] AriaExecutor 5 exits. 
I1126 17:55:57.039708 1061916 AriaExecutor.h:103] AriaExecutor 9 exits. 
I1126 17:55:57.039710 1061908 AriaExecutor.h:103] AriaExecutor 1 exits. 
I1126 17:55:57.039696 1061911 AriaExecutor.h:103] AriaExecutor 4 exits. 
I1126 17:55:57.039721 1061914 AriaExecutor.h:103] AriaExecutor 7 exits. 
I1126 17:55:57.039696 1061909 AriaExecutor.h:103] AriaExecutor 2 exits. 
I1126 17:55:57.035796 1061891 AriaExecutor.h:621] Worker 0 latency: 3656 us (50%) 4150 us (75%) 4543 us (95%) 4656 us (99%).
I1126 17:55:57.177737 1061891 AriaExecutor.h:621] Worker 1 latency: 3625 us (50%) 4134 us (75%) 4538 us (95%) 4651 us (99%).
I1126 17:55:57.330835 1061891 AriaExecutor.h:621] Worker 2 latency: 3653 us (50%) 4148 us (75%) 4541 us (95%) 4652 us (99%).
I1126 17:55:57.474223 1061891 AriaExecutor.h:621] Worker 3 latency: 3628 us (50%) 4136 us (75%) 4538 us (95%) 4651 us (99%).
I1126 17:55:57.630635 1061891 AriaExecutor.h:621] Worker 4 latency: 3651 us (50%) 4148 us (75%) 4541 us (95%) 4652 us (99%).
I1126 17:55:57.772039 1061891 AriaExecutor.h:621] Worker 5 latency: 3625 us (50%) 4135 us (75%) 4538 us (95%) 4651 us (99%).
I1126 17:55:57.915915 1061891 AriaExecutor.h:621] Worker 6 latency: 3640 us (50%) 4142 us (75%) 4538 us (95%) 4650 us (99%).
I1126 17:55:58.055816 1061891 AriaExecutor.h:621] Worker 7 latency: 3614 us (50%) 4129 us (75%) 4536 us (95%) 4649 us (99%).
I1126 17:55:58.195123 1061891 AriaExecutor.h:621] Worker 8 latency: 3658 us (50%) 4151 us (75%) 4542 us (95%) 4651 us (99%).
I1126 17:55:58.338295 1061891 AriaExecutor.h:621] Worker 9 latency: 3630 us (50%) 4138 us (75%) 4538 us (95%) 4651 us (99%).
I1126 17:55:58.479693 1061891 AriaExecutor.h:621] Worker 10 latency: 3662 us (50%) 4153 us (75%) 4541 us (95%) 4652 us (99%).
I1126 17:55:58.619390 1061891 AriaExecutor.h:621] Worker 11 latency: 3619 us (50%) 4132 us (75%) 4537 us (95%) 4650 us (99%).
I1126 17:55:58.760159 1061891 Coordinator.h:177] total commit: 1.78672e+06
I1126 17:55:59.760272 1061891 Coordinator.h:192] Coordinator exits.
