I1126 15:26:56.308599 1005607 Database.h:65] ycsb initialization finished in 30 milliseconds.
I1126 15:26:56.308693 1005607 Coordinator.h:30] Coordinator initializes 12 workers.
I1126 15:26:56.315491 1005607 Coordinator.h:77] Coordinator starts to run 13 workers.
I1126 15:26:56.315546 1005623 AriaExecutor.h:95] AriaExecutor 0 started. 
I1126 15:26:56.315578 1005624 AriaExecutor.h:95] AriaExecutor 1 started. 
I1126 15:26:56.315624 1005625 AriaExecutor.h:95] AriaExecutor 2 started. 
I1126 15:26:56.315668 1005626 AriaExecutor.h:95] AriaExecutor 3 started. 
I1126 15:26:56.315738 1005628 AriaExecutor.h:95] AriaExecutor 5 started. 
I1126 15:26:56.315775 1005629 AriaExecutor.h:95] AriaExecutor 6 started. 
I1126 15:26:56.315819 1005630 AriaExecutor.h:95] AriaExecutor 7 started. 
I1126 15:26:56.315850 1005631 AriaExecutor.h:95] AriaExecutor 8 started. 
I1126 15:26:56.315896 1005632 AriaExecutor.h:95] AriaExecutor 9 started. 
I1126 15:26:56.315932 1005633 AriaExecutor.h:95] AriaExecutor 10 started. 
I1126 15:26:56.315980 1005634 AriaExecutor.h:95] AriaExecutor 11 started. 
I1126 15:26:56.316018 1005627 AriaExecutor.h:95] AriaExecutor 4 started. 
I1126 15:26:56.316025 1005635 Manager.h:224] Manager(worker id = 12) on the coordinator node started.
I1126 15:26:57.316088 1005607 Coordinator.h:126] commit: 1612878 abort: 277122 (0/277122/0), network size: 0, avg network size: 0, si_in_serializable: 0 0 %, local: 0 %
I1126 15:26:58.316213 1005607 Coordinator.h:126] commit: 1595107 abort: 274893 (0/274893/0), network size: 0, avg network size: 0, si_in_serializable: 0 0 %, local: 0 %
I1126 15:26:59.316342 1005607 Coordinator.h:126] commit: 1620942 abort: 279058 (0/279058/0), network size: 0, avg network size: 0, si_in_serializable: 0 0 %, local: 0 %
I1126 15:27:00.316443 1005607 Coordinator.h:126] commit: 1604507 abort: 275493 (0/275493/0), network size: 0, avg network size: 0, si_in_serializable: 0 0 %, local: 0 %
I1126 15:27:01.316561 1005607 Coordinator.h:126] commit: 1620205 abort: 279795 (0/279795/0), network size: 0, avg network size: 0, si_in_serializable: 0 0 %, local: 0 %
I1126 15:27:02.316661 1005607 Coordinator.h:126] commit: 1620465 abort: 279535 (0/279535/0), network size: 0, avg network size: 0, si_in_serializable: 0 0 %, local: 0 %
I1126 15:27:03.316774 1005607 Coordinator.h:126] commit: 1603899 abort: 276101 (0/276101/0), network size: 0, avg network size: 0, si_in_serializable: 0 0 %, local: 0 %
I1126 15:27:04.316883 1005607 Coordinator.h:126] commit: 1569882 abort: 270118 (0/270118/0), network size: 0, avg network size: 0, si_in_serializable: 0 0 %, local: 0 %
I1126 15:27:05.317015 1005607 Coordinator.h:126] commit: 1612927 abort: 277073 (0/277073/0), network size: 0, avg network size: 0, si_in_serializable: 0 0 %, local: 0 %
I1126 15:27:06.317128 1005607 Coordinator.h:126] commit: 1620623 abort: 279377 (0/279377/0), network size: 0, avg network size: 0, si_in_serializable: 0 0 %, local: 0 %
I1126 15:27:07.317235 1005607 Coordinator.h:126] commit: 1620627 abort: 279373 (0/279373/0), network size: 0, avg network size: 0, si_in_serializable: 0 0 %, local: 0 %
I1126 15:27:08.317339 1005607 Coordinator.h:126] commit: 1619814 abort: 280186 (0/280186/0), network size: 0, avg network size: 0, si_in_serializable: 0 0 %, local: 0 %
I1126 15:27:09.317449 1005607 Coordinator.h:126] commit: 1620550 abort: 279450 (0/279450/0), network size: 0, avg network size: 0, si_in_serializable: 0 0 %, local: 0 %
I1126 15:27:10.317559 1005607 Coordinator.h:126] commit: 1621278 abort: 278722 (0/278722/0), network size: 0, avg network size: 0, si_in_serializable: 0 0 %, local: 0 %
I1126 15:27:11.317663 1005607 Coordinator.h:126] commit: 1620475 abort: 279525 (0/279525/0), network size: 0, avg network size: 0, si_in_serializable: 0 0 %, local: 0 %
I1126 15:27:12.317760 1005607 Coordinator.h:126] commit: 1475155 abort: 254845 (0/254845/0), network size: 0, avg network size: 0, si_in_serializable: 0 0 %, local: 0 %
I1126 15:27:13.317860 1005607 Coordinator.h:126] commit: 1620824 abort: 279176 (0/279176/0), network size: 0, avg network size: 0, si_in_serializable: 0 0 %, local: 0 %
I1126 15:27:14.317948 1005607 Coordinator.h:126] commit: 1620269 abort: 279731 (0/279731/0), network size: 0, avg network size: 0, si_in_serializable: 0 0 %, local: 0 %
I1126 15:27:15.318035 1005607 Coordinator.h:126] commit: 1603689 abort: 276311 (0/276311/0), network size: 0, avg network size: 0, si_in_serializable: 0 0 %, local: 0 %
I1126 15:27:16.318141 1005607 Coordinator.h:126] commit: 1621360 abort: 278640 (0/278640/0), network size: 0, avg network size: 0, si_in_serializable: 0 0 %, local: 0 %
I1126 15:27:17.318236 1005607 Coordinator.h:126] commit: 1620558 abort: 279442 (0/279442/0), network size: 0, avg network size: 0, si_in_serializable: 0 0 %, local: 0 %
I1126 15:27:18.318344 1005607 Coordinator.h:126] commit: 1612494 abort: 277506 (0/277506/0), network size: 0, avg network size: 0, si_in_serializable: 0 0 %, local: 0 %
I1126 15:27:19.318440 1005607 Coordinator.h:126] commit: 1621684 abort: 278316 (0/278316/0), network size: 0, avg network size: 0, si_in_serializable: 0 0 %, local: 0 %
I1126 15:27:20.318549 1005607 Coordinator.h:126] commit: 1617019 abort: 277702 (0/277702/0), network size: 0, avg network size: 0, si_in_serializable: 0 0 %, local: 0 %
I1126 15:27:21.318652 1005607 Coordinator.h:126] commit: 1616543 abort: 278736 (0/278736/0), network size: 0, avg network size: 0, si_in_serializable: 0 0 %, local: 0 %
I1126 15:27:21.318681 1005607 Coordinator.h:152] average commit: 1.6044e+06 abort: 276596 (0/276596/0), network size: 0, avg network size: 0, si_in_serializable: 0 0 %, local: 0 %
I1126 15:27:21.323292 1005633 AriaExecutor.h:107] AriaExecutor 10 exits. 
I1126 15:27:21.323298 1005631 AriaExecutor.h:107] AriaExecutor 8 exits. 
I1126 15:27:21.323305 1005624 AriaExecutor.h:107] AriaExecutor 1 exits. 
I1126 15:27:21.323293 1005627 AriaExecutor.h:107] AriaExecutor 4 exits. 
I1126 15:27:21.323294 1005625 AriaExecutor.h:107] AriaExecutor 2 exits. 
I1126 15:27:21.323295 1005635 Manager.h:227] Manager(worker id = 12) on the coordinator node exits.
I1126 15:27:21.323292 1005629 AriaExecutor.h:107] AriaExecutor 6 exits. 
I1126 15:27:21.323305 1005630 AriaExecutor.h:107] AriaExecutor 7 exits. 
I1126 15:27:21.323305 1005626 AriaExecutor.h:107] AriaExecutor 3 exits. 
I1126 15:27:21.323307 1005634 AriaExecutor.h:107] AriaExecutor 11 exits. 
I1126 15:27:21.323308 1005628 AriaExecutor.h:107] AriaExecutor 5 exits. 
I1126 15:27:21.323308 1005632 AriaExecutor.h:107] AriaExecutor 9 exits. 
I1126 15:27:21.323293 1005623 AriaExecutor.h:107] AriaExecutor 0 exits. 
I1126 15:27:21.318697 1005607 AriaExecutor.h:705] Worker 0 latency: 3735 us (50%) 4239 us (75%) 4617 us (95%) 4718 us (99%).
I1126 15:27:21.443797 1005607 AriaExecutor.h:705] Worker 1 latency: 3741 us (50%) 4241 us (75%) 4618 us (95%) 4718 us (99%).
I1126 15:27:21.569793 1005607 AriaExecutor.h:705] Worker 2 latency: 3750 us (50%) 4243 us (75%) 4615 us (95%) 4715 us (99%).
I1126 15:27:21.696791 1005607 AriaExecutor.h:705] Worker 3 latency: 3747 us (50%) 4245 us (75%) 4619 us (95%) 4718 us (99%).
I1126 15:27:21.824066 1005607 AriaExecutor.h:705] Worker 4 latency: 3744 us (50%) 4242 us (75%) 4617 us (95%) 4716 us (99%).
I1126 15:27:21.951774 1005607 AriaExecutor.h:705] Worker 5 latency: 3744 us (50%) 4244 us (75%) 4620 us (95%) 4719 us (99%).
I1126 15:27:22.079262 1005607 AriaExecutor.h:705] Worker 6 latency: 3754 us (50%) 4247 us (75%) 4617 us (95%) 4714 us (99%).
I1126 15:27:22.206414 1005607 AriaExecutor.h:705] Worker 7 latency: 3744 us (50%) 4243 us (75%) 4618 us (95%) 4717 us (99%).
I1126 15:27:22.333442 1005607 AriaExecutor.h:705] Worker 8 latency: 3748 us (50%) 4245 us (75%) 4619 us (95%) 4716 us (99%).
I1126 15:27:22.458936 1005607 AriaExecutor.h:705] Worker 9 latency: 3748 us (50%) 4246 us (75%) 4620 us (95%) 4718 us (99%).
I1126 15:27:22.588586 1005607 AriaExecutor.h:705] Worker 10 latency: 3767 us (50%) 4253 us (75%) 4619 us (95%) 4715 us (99%).
I1126 15:27:22.715351 1005607 AriaExecutor.h:705] Worker 11 latency: 3743 us (50%) 4244 us (75%) 4620 us (95%) 4719 us (99%).
I1126 15:27:22.841696 1005607 Coordinator.h:177] total commit: 1.6044e+06
I1126 15:27:23.841805 1005607 Coordinator.h:192] Coordinator exits.
