I1126 15:19:36.976433 1000854 Database.h:65] ycsb initialization finished in 30 milliseconds.
I1126 15:19:36.976521 1000854 Coordinator.h:30] Coordinator initializes 12 workers.
I1126 15:19:36.983314 1000854 Coordinator.h:77] Coordinator starts to run 13 workers.
I1126 15:19:36.983366 1000870 AriaExecutor.h:95] AriaExecutor 0 started. 
I1126 15:19:36.983397 1000871 AriaExecutor.h:95] AriaExecutor 1 started. 
I1126 15:19:36.983438 1000872 AriaExecutor.h:95] AriaExecutor 2 started. 
I1126 15:19:36.983486 1000873 AriaExecutor.h:95] AriaExecutor 3 started. 
I1126 15:19:36.983565 1000875 AriaExecutor.h:95] AriaExecutor 5 started. 
I1126 15:19:36.983603 1000876 AriaExecutor.h:95] AriaExecutor 6 started. 
I1126 15:19:36.983639 1000877 AriaExecutor.h:95] AriaExecutor 7 started. 
I1126 15:19:36.983676 1000878 AriaExecutor.h:95] AriaExecutor 8 started. 
I1126 15:19:36.983721 1000879 AriaExecutor.h:95] AriaExecutor 9 started. 
I1126 15:19:36.983754 1000880 AriaExecutor.h:95] AriaExecutor 10 started. 
I1126 15:19:36.983799 1000881 AriaExecutor.h:95] AriaExecutor 11 started. 
I1126 15:19:36.983841 1000874 AriaExecutor.h:95] AriaExecutor 4 started. 
I1126 15:19:36.983851 1000882 Manager.h:224] Manager(worker id = 12) on the coordinator node started.
I1126 15:19:37.983911 1000854 Coordinator.h:126] commit: 1722705 abort: 137525 (0/137525/0), network size: 0, avg network size: 0, si_in_serializable: 0 0 %, local: 0 %
I1126 15:19:38.984032 1000854 Coordinator.h:126] commit: 1712708 abort: 137062 (0/137062/0), network size: 0, avg network size: 0, si_in_serializable: 0 0 %, local: 0 %
I1126 15:19:39.984133 1000854 Coordinator.h:126] commit: 1730889 abort: 139111 (0/139111/0), network size: 0, avg network size: 0, si_in_serializable: 0 0 %, local: 0 %
I1126 15:19:40.984217 1000854 Coordinator.h:126] commit: 1732032 abort: 137968 (0/137968/0), network size: 0, avg network size: 0, si_in_serializable: 0 0 %, local: 0 %
I1126 15:19:41.984318 1000854 Coordinator.h:126] commit: 1731888 abort: 138112 (0/138112/0), network size: 0, avg network size: 0, si_in_serializable: 0 0 %, local: 0 %
I1126 15:19:42.984400 1000854 Coordinator.h:126] commit: 1749201 abort: 140148 (0/140148/0), network size: 0, avg network size: 0, si_in_serializable: 0 0 %, local: 0 %
I1126 15:19:43.984479 1000854 Coordinator.h:126] commit: 1721380 abort: 137112 (0/137112/0), network size: 0, avg network size: 0, si_in_serializable: 0 0 %, local: 0 %
I1126 15:19:44.984556 1000854 Coordinator.h:126] commit: 1696756 abort: 135403 (0/135403/0), network size: 0, avg network size: 0, si_in_serializable: 0 0 %, local: 0 %
I1126 15:19:45.984663 1000854 Coordinator.h:126] commit: 1723073 abort: 136927 (0/136927/0), network size: 0, avg network size: 0, si_in_serializable: 0 0 %, local: 0 %
I1126 15:19:46.984766 1000854 Coordinator.h:126] commit: 1740773 abort: 139227 (0/139227/0), network size: 0, avg network size: 0, si_in_serializable: 0 0 %, local: 0 %
I1126 15:19:47.984848 1000854 Coordinator.h:126] commit: 1739847 abort: 140153 (0/140153/0), network size: 0, avg network size: 0, si_in_serializable: 0 0 %, local: 0 %
I1126 15:19:48.984927 1000854 Coordinator.h:126] commit: 1741000 abort: 139000 (0/139000/0), network size: 0, avg network size: 0, si_in_serializable: 0 0 %, local: 0 %
I1126 15:19:49.985005 1000854 Coordinator.h:126] commit: 1731630 abort: 138401 (0/138401/0), network size: 0, avg network size: 0, si_in_serializable: 0 0 %, local: 0 %
I1126 15:19:50.985083 1000854 Coordinator.h:126] commit: 1740370 abort: 139599 (0/139599/0), network size: 0, avg network size: 0, si_in_serializable: 0 0 %, local: 0 %
I1126 15:19:51.985178 1000854 Coordinator.h:126] commit: 1611337 abort: 128663 (0/128663/0), network size: 0, avg network size: 0, si_in_serializable: 0 0 %, local: 0 %
I1126 15:19:52.985257 1000854 Coordinator.h:126] commit: 1745295 abort: 139402 (0/139402/0), network size: 0, avg network size: 0, si_in_serializable: 0 0 %, local: 0 %
I1126 15:19:53.985332 1000854 Coordinator.h:126] commit: 1736366 abort: 138937 (0/138937/0), network size: 0, avg network size: 0, si_in_serializable: 0 0 %, local: 0 %
I1126 15:19:54.985409 1000854 Coordinator.h:126] commit: 1740684 abort: 139316 (0/139316/0), network size: 0, avg network size: 0, si_in_serializable: 0 0 %, local: 0 %
I1126 15:19:55.985512 1000854 Coordinator.h:126] commit: 1713332 abort: 136668 (0/136668/0), network size: 0, avg network size: 0, si_in_serializable: 0 0 %, local: 0 %
I1126 15:19:56.985618 1000854 Coordinator.h:126] commit: 1749738 abort: 140262 (0/140262/0), network size: 0, avg network size: 0, si_in_serializable: 0 0 %, local: 0 %
I1126 15:19:57.985711 1000854 Coordinator.h:126] commit: 1741168 abort: 138832 (0/138832/0), network size: 0, avg network size: 0, si_in_serializable: 0 0 %, local: 0 %
I1126 15:19:58.985810 1000854 Coordinator.h:126] commit: 1741242 abort: 138758 (0/138758/0), network size: 0, avg network size: 0, si_in_serializable: 0 0 %, local: 0 %
I1126 15:19:59.985888 1000854 Coordinator.h:126] commit: 1741148 abort: 138852 (0/138852/0), network size: 0, avg network size: 0, si_in_serializable: 0 0 %, local: 0 %
I1126 15:20:00.985970 1000854 Coordinator.h:126] commit: 1740278 abort: 139722 (0/139722/0), network size: 0, avg network size: 0, si_in_serializable: 0 0 %, local: 0 %
I1126 15:20:01.986091 1000854 Coordinator.h:126] commit: 1732023 abort: 137977 (0/137977/0), network size: 0, avg network size: 0, si_in_serializable: 0 0 %, local: 0 %
I1126 15:20:01.986117 1000854 Coordinator.h:152] average commit: 1.72496e+06 abort: 138040 (0/138040/0), network size: 0, avg network size: 0, si_in_serializable: 0 0 %, local: 0 %
I1126 15:20:01.987044 1000878 AriaExecutor.h:107] AriaExecutor 8 exits. 
I1126 15:20:01.987062 1000882 Manager.h:227] Manager(worker id = 12) on the coordinator node exits.
I1126 15:20:01.987056 1000877 AriaExecutor.h:107] AriaExecutor 7 exits. 
I1126 15:20:01.987066 1000873 AriaExecutor.h:107] AriaExecutor 3 exits. 
I1126 15:20:01.987046 1000870 AriaExecutor.h:107] AriaExecutor 0 exits. 
I1126 15:20:01.987046 1000872 AriaExecutor.h:107] AriaExecutor 2 exits. 
I1126 15:20:01.987056 1000871 AriaExecutor.h:107] AriaExecutor 1 exits. 
I1126 15:20:01.987057 1000875 AriaExecutor.h:107] AriaExecutor 5 exits. 
I1126 15:20:01.987046 1000876 AriaExecutor.h:107] AriaExecutor 6 exits. 
I1126 15:20:01.987046 1000874 AriaExecutor.h:107] AriaExecutor 4 exits. 
I1126 15:20:01.987046 1000880 AriaExecutor.h:107] AriaExecutor 10 exits. 
I1126 15:20:01.987069 1000881 AriaExecutor.h:107] AriaExecutor 11 exits. 
I1126 15:20:01.987056 1000879 AriaExecutor.h:107] AriaExecutor 9 exits. 
I1126 15:20:01.986125 1000854 AriaExecutor.h:705] Worker 0 latency: 3713 us (50%) 4224 us (75%) 4625 us (95%) 4728 us (99%).
I1126 15:20:02.121960 1000854 AriaExecutor.h:705] Worker 1 latency: 3704 us (50%) 4218 us (75%) 4623 us (95%) 4727 us (99%).
I1126 15:20:02.257212 1000854 AriaExecutor.h:705] Worker 2 latency: 3732 us (50%) 4232 us (75%) 4626 us (95%) 4728 us (99%).
I1126 15:20:02.389786 1000854 AriaExecutor.h:705] Worker 3 latency: 3707 us (50%) 4220 us (75%) 4623 us (95%) 4726 us (99%).
I1126 15:20:02.527141 1000854 AriaExecutor.h:705] Worker 4 latency: 3718 us (50%) 4227 us (75%) 4626 us (95%) 4728 us (99%).
I1126 15:20:02.664439 1000854 AriaExecutor.h:705] Worker 5 latency: 3707 us (50%) 4219 us (75%) 4623 us (95%) 4726 us (99%).
I1126 15:20:02.797966 1000854 AriaExecutor.h:705] Worker 6 latency: 3731 us (50%) 4231 us (75%) 4626 us (95%) 4727 us (99%).
I1126 15:20:02.931396 1000854 AriaExecutor.h:705] Worker 7 latency: 3703 us (50%) 4217 us (75%) 4623 us (95%) 4725 us (99%).
I1126 15:20:03.065732 1000854 AriaExecutor.h:705] Worker 8 latency: 3726 us (50%) 4230 us (75%) 4627 us (95%) 4729 us (99%).
I1126 15:20:03.201782 1000854 AriaExecutor.h:705] Worker 9 latency: 3707 us (50%) 4220 us (75%) 4624 us (95%) 4727 us (99%).
I1126 15:20:03.339488 1000854 AriaExecutor.h:705] Worker 10 latency: 3729 us (50%) 4232 us (75%) 4626 us (95%) 4727 us (99%).
I1126 15:20:03.473258 1000854 AriaExecutor.h:705] Worker 11 latency: 3708 us (50%) 4221 us (75%) 4624 us (95%) 4726 us (99%).
I1126 15:20:03.608985 1000854 Coordinator.h:177] total commit: 1.72496e+06
I1126 15:20:04.609099 1000854 Coordinator.h:192] Coordinator exits.
