I1126 18:21:24.383498 1076339 Database.h:65] ycsb initialization finished in 29 milliseconds.
I1126 18:21:24.383592 1076339 Coordinator.h:30] Coordinator initializes 12 workers.
I1126 18:21:24.384452 1076339 Coordinator.h:77] Coordinator starts to run 13 workers.
I1126 18:21:24.384500 1076355 AriaExecutor.h:91] AriaExecutor 0 started. 
I1126 18:21:24.384538 1076356 AriaExecutor.h:91] AriaExecutor 1 started. 
I1126 18:21:24.384572 1076357 AriaExecutor.h:91] AriaExecutor 2 started. 
I1126 18:21:24.384613 1076358 AriaExecutor.h:91] AriaExecutor 3 started. 
I1126 18:21:24.384691 1076360 AriaExecutor.h:91] AriaExecutor 5 started. 
I1126 18:21:24.384728 1076361 AriaExecutor.h:91] AriaExecutor 6 started. 
I1126 18:21:24.384766 1076362 AriaExecutor.h:91] AriaExecutor 7 started. 
I1126 18:21:24.384799 1076363 AriaExecutor.h:91] AriaExecutor 8 started. 
I1126 18:21:24.384845 1076364 AriaExecutor.h:91] AriaExecutor 9 started. 
I1126 18:21:24.384883 1076365 AriaExecutor.h:91] AriaExecutor 10 started. 
I1126 18:21:24.384927 1076366 AriaExecutor.h:91] AriaExecutor 11 started. 
I1126 18:21:24.384961 1076359 AriaExecutor.h:91] AriaExecutor 4 started. 
I1126 18:21:24.384965 1076367 Manager.h:224] Manager(worker id = 12) on the coordinator node started.
I1126 18:21:25.385025 1076339 Coordinator.h:126] commit: 604083 abort: 874917 (0/874917/0), network size: 0, avg network size: 0, si_in_serializable: 0 0 %, local: 0 %
I1126 18:21:26.385145 1076339 Coordinator.h:126] commit: 591544 abort: 859456 (0/859456/0), network size: 0, avg network size: 0, si_in_serializable: 0 0 %, local: 0 %
I1126 18:21:27.385242 1076339 Coordinator.h:126] commit: 606730 abort: 878270 (0/878270/0), network size: 0, avg network size: 0, si_in_serializable: 0 0 %, local: 0 %
I1126 18:21:28.385325 1076339 Coordinator.h:126] commit: 610719 abort: 885281 (0/885281/0), network size: 0, avg network size: 0, si_in_serializable: 0 0 %, local: 0 %
I1126 18:21:29.385398 1076339 Coordinator.h:126] commit: 612608 abort: 886392 (0/886392/0), network size: 0, avg network size: 0, si_in_serializable: 0 0 %, local: 0 %
I1126 18:21:30.385473 1076339 Coordinator.h:126] commit: 593326 abort: 858674 (0/858674/0), network size: 0, avg network size: 0, si_in_serializable: 0 0 %, local: 0 %
I1126 18:21:31.385572 1076339 Coordinator.h:126] commit: 610658 abort: 882342 (0/882342/0), network size: 0, avg network size: 0, si_in_serializable: 0 0 %, local: 0 %
I1126 18:21:32.385655 1076339 Coordinator.h:126] commit: 611539 abort: 883461 (0/883461/0), network size: 0, avg network size: 0, si_in_serializable: 0 0 %, local: 0 %
I1126 18:21:33.385737 1076339 Coordinator.h:126] commit: 613381 abort: 887619 (0/887619/0), network size: 0, avg network size: 0, si_in_serializable: 0 0 %, local: 0 %
I1126 18:21:34.385810 1076339 Coordinator.h:126] commit: 611903 abort: 885097 (0/885097/0), network size: 0, avg network size: 0, si_in_serializable: 0 0 %, local: 0 %
I1126 18:21:35.385885 1076339 Coordinator.h:126] commit: 587909 abort: 850091 (0/850091/0), network size: 0, avg network size: 0, si_in_serializable: 0 0 %, local: 0 %
I1126 18:21:36.385959 1076339 Coordinator.h:126] commit: 610556 abort: 885444 (0/885444/0), network size: 0, avg network size: 0, si_in_serializable: 0 0 %, local: 0 %
I1126 18:21:37.386054 1076339 Coordinator.h:126] commit: 602967 abort: 870033 (0/870033/0), network size: 0, avg network size: 0, si_in_serializable: 0 0 %, local: 0 %
I1126 18:21:38.386132 1076339 Coordinator.h:126] commit: 609285 abort: 880715 (0/880715/0), network size: 0, avg network size: 0, si_in_serializable: 0 0 %, local: 0 %
I1126 18:21:39.386209 1076339 Coordinator.h:126] commit: 610176 abort: 881824 (0/881824/0), network size: 0, avg network size: 0, si_in_serializable: 0 0 %, local: 0 %
I1126 18:21:40.386283 1076339 Coordinator.h:126] commit: 609928 abort: 882072 (0/882072/0), network size: 0, avg network size: 0, si_in_serializable: 0 0 %, local: 0 %
I1126 18:21:41.386366 1076339 Coordinator.h:126] commit: 609999 abort: 885001 (0/885001/0), network size: 0, avg network size: 0, si_in_serializable: 0 0 %, local: 0 %
I1126 18:21:42.386445 1076339 Coordinator.h:126] commit: 609789 abort: 882214 (0/882214/0), network size: 0, avg network size: 0, si_in_serializable: 0 0 %, local: 0 %
I1126 18:21:43.386529 1076339 Coordinator.h:126] commit: 610942 abort: 883055 (0/883055/0), network size: 0, avg network size: 0, si_in_serializable: 0 0 %, local: 0 %
I1126 18:21:44.386606 1076339 Coordinator.h:126] commit: 610813 abort: 883187 (0/883187/0), network size: 0, avg network size: 0, si_in_serializable: 0 0 %, local: 0 %
I1126 18:21:45.386678 1076339 Coordinator.h:126] commit: 568665 abort: 823322 (0/823322/0), network size: 0, avg network size: 0, si_in_serializable: 0 0 %, local: 0 %
I1126 18:21:46.386750 1076339 Coordinator.h:126] commit: 606672 abort: 875341 (0/875341/0), network size: 0, avg network size: 0, si_in_serializable: 0 0 %, local: 0 %
I1126 18:21:47.386840 1076339 Coordinator.h:126] commit: 601334 abort: 870666 (0/870666/0), network size: 0, avg network size: 0, si_in_serializable: 0 0 %, local: 0 %
I1126 18:21:48.386926 1076339 Coordinator.h:126] commit: 611157 abort: 885843 (0/885843/0), network size: 0, avg network size: 0, si_in_serializable: 0 0 %, local: 0 %
I1126 18:21:49.386998 1076339 Coordinator.h:126] commit: 610478 abort: 882522 (0/882522/0), network size: 0, avg network size: 0, si_in_serializable: 0 0 %, local: 0 %
I1126 18:21:49.387012 1076339 Coordinator.h:152] average commit: 607236 abort: 878364 (0/878364/0), network size: 0, avg network size: 0, si_in_serializable: 0 0 %, local: 0 %
I1126 18:21:49.387095 1076367 Manager.h:227] Manager(worker id = 12) on the coordinator node exits.
I1126 18:21:49.387102 1076357 AriaExecutor.h:103] AriaExecutor 2 exits. 
I1126 18:21:49.387097 1076363 AriaExecutor.h:103] AriaExecutor 8 exits. 
I1126 18:21:49.387099 1076365 AriaExecutor.h:103] AriaExecutor 10 exits. 
I1126 18:21:49.387110 1076360 AriaExecutor.h:103] AriaExecutor 5 exits. 
I1126 18:21:49.387111 1076359 AriaExecutor.h:103] AriaExecutor 4 exits. 
I1126 18:21:49.387111 1076355 AriaExecutor.h:103] AriaExecutor 0 exits. 
I1126 18:21:49.387112 1076361 AriaExecutor.h:103] AriaExecutor 6 exits. 
I1126 18:21:49.387112 1076366 AriaExecutor.h:103] AriaExecutor 11 exits. 
I1126 18:21:49.387115 1076362 AriaExecutor.h:103] AriaExecutor 7 exits. 
I1126 18:21:49.387115 1076364 AriaExecutor.h:103] AriaExecutor 9 exits. 
I1126 18:21:49.387115 1076356 AriaExecutor.h:103] AriaExecutor 1 exits. 
I1126 18:21:49.387116 1076358 AriaExecutor.h:103] AriaExecutor 3 exits. 
I1126 18:21:49.387019 1076339 AriaExecutor.h:621] Worker 0 latency: 541 us (50%) 590 us (75%) 622 us (95%) 648 us (99%).
I1126 18:21:49.439289 1076339 AriaExecutor.h:621] Worker 1 latency: 539 us (50%) 588 us (75%) 621 us (95%) 646 us (99%).
I1126 18:21:49.496121 1076339 AriaExecutor.h:621] Worker 2 latency: 541 us (50%) 589 us (75%) 622 us (95%) 647 us (99%).
I1126 18:21:49.547052 1076339 AriaExecutor.h:621] Worker 3 latency: 541 us (50%) 588 us (75%) 621 us (95%) 646 us (99%).
I1126 18:21:49.603976 1076339 AriaExecutor.h:621] Worker 4 latency: 542 us (50%) 589 us (75%) 622 us (95%) 647 us (99%).
I1126 18:21:49.655277 1076339 AriaExecutor.h:621] Worker 5 latency: 539 us (50%) 587 us (75%) 620 us (95%) 645 us (99%).
I1126 18:21:49.712430 1076339 AriaExecutor.h:621] Worker 6 latency: 543 us (50%) 589 us (75%) 622 us (95%) 647 us (99%).
I1126 18:21:49.761969 1076339 AriaExecutor.h:621] Worker 7 latency: 540 us (50%) 587 us (75%) 620 us (95%) 645 us (99%).
I1126 18:21:49.813998 1076339 AriaExecutor.h:621] Worker 8 latency: 544 us (50%) 590 us (75%) 622 us (95%) 647 us (99%).
I1126 18:21:49.863970 1076339 AriaExecutor.h:621] Worker 9 latency: 540 us (50%) 587 us (75%) 620 us (95%) 645 us (99%).
I1126 18:21:49.914160 1076339 AriaExecutor.h:621] Worker 10 latency: 543 us (50%) 589 us (75%) 622 us (95%) 647 us (99%).
I1126 18:21:49.963721 1076339 AriaExecutor.h:621] Worker 11 latency: 541 us (50%) 587 us (75%) 620 us (95%) 645 us (99%).
I1126 18:21:50.012920 1076339 Coordinator.h:177] total commit: 607236
I1126 18:21:51.013055 1076339 Coordinator.h:192] Coordinator exits.
