I1126 15:50:19.619663 1021000 Database.h:65] ycsb initialization finished in 30 milliseconds.
I1126 15:50:19.619764 1021000 Coordinator.h:30] Coordinator initializes 12 workers.
I1126 15:50:19.691908 1021000 Coordinator.h:77] Coordinator starts to run 13 workers.
I1126 15:50:19.691964 1021016 AriaExecutor.h:93] AriaExecutor 0 started. 
I1126 15:50:19.691998 1021017 AriaExecutor.h:93] AriaExecutor 1 started. 
I1126 15:50:19.692044 1021018 AriaExecutor.h:93] AriaExecutor 2 started. 
I1126 15:50:19.692087 1021019 AriaExecutor.h:93] AriaExecutor 3 started. 
I1126 15:50:19.692162 1021021 AriaExecutor.h:93] AriaExecutor 5 started. 
I1126 15:50:19.692212 1021022 AriaExecutor.h:93] AriaExecutor 6 started. 
I1126 15:50:19.692248 1021023 AriaExecutor.h:93] AriaExecutor 7 started. 
I1126 15:50:19.692291 1021024 AriaExecutor.h:93] AriaExecutor 8 started. 
I1126 15:50:19.692328 1021025 AriaExecutor.h:93] AriaExecutor 9 started. 
I1126 15:50:19.692363 1021026 AriaExecutor.h:93] AriaExecutor 10 started. 
I1126 15:50:19.692404 1021027 AriaExecutor.h:93] AriaExecutor 11 started. 
I1126 15:50:19.692433 1021020 AriaExecutor.h:93] AriaExecutor 4 started. 
I1126 15:50:19.692438 1021028 Manager.h:224] Manager(worker id = 12) on the coordinator node started.
I1126 15:50:20.692500 1021000 Coordinator.h:126] commit: 574292 abort: 195708 (0/195708/0), network size: 0, avg network size: 0, si_in_serializable: 0 0 %, local: 0 %
I1126 15:50:21.692621 1021000 Coordinator.h:126] commit: 574809 abort: 195191 (0/195191/0), network size: 0, avg network size: 0, si_in_serializable: 0 0 %, local: 0 %
I1126 15:50:22.692739 1021000 Coordinator.h:126] commit: 574679 abort: 195321 (0/195321/0), network size: 0, avg network size: 0, si_in_serializable: 0 0 %, local: 0 %
I1126 15:50:23.692832 1021000 Coordinator.h:126] commit: 582412 abort: 197588 (0/197588/0), network size: 0, avg network size: 0, si_in_serializable: 0 0 %, local: 0 %
I1126 15:50:24.692910 1021000 Coordinator.h:126] commit: 582298 abort: 197702 (0/197702/0), network size: 0, avg network size: 0, si_in_serializable: 0 0 %, local: 0 %
I1126 15:50:25.692998 1021000 Coordinator.h:126] commit: 574516 abort: 195484 (0/195484/0), network size: 0, avg network size: 0, si_in_serializable: 0 0 %, local: 0 %
I1126 15:50:26.693095 1021000 Coordinator.h:126] commit: 574134 abort: 195866 (0/195866/0), network size: 0, avg network size: 0, si_in_serializable: 0 0 %, local: 0 %
I1126 15:50:27.693192 1021000 Coordinator.h:126] commit: 581792 abort: 198208 (0/198208/0), network size: 0, avg network size: 0, si_in_serializable: 0 0 %, local: 0 %
I1126 15:50:28.693290 1021000 Coordinator.h:126] commit: 589552 abort: 200448 (0/200448/0), network size: 0, avg network size: 0, si_in_serializable: 0 0 %, local: 0 %
I1126 15:50:29.693372 1021000 Coordinator.h:126] commit: 582365 abort: 197635 (0/197635/0), network size: 0, avg network size: 0, si_in_serializable: 0 0 %, local: 0 %
I1126 15:50:30.693454 1021000 Coordinator.h:126] commit: 575023 abort: 194977 (0/194977/0), network size: 0, avg network size: 0, si_in_serializable: 0 0 %, local: 0 %
I1126 15:50:31.693558 1021000 Coordinator.h:126] commit: 581874 abort: 198126 (0/198126/0), network size: 0, avg network size: 0, si_in_serializable: 0 0 %, local: 0 %
I1126 15:50:32.693639 1021000 Coordinator.h:126] commit: 581981 abort: 198019 (0/198019/0), network size: 0, avg network size: 0, si_in_serializable: 0 0 %, local: 0 %
I1126 15:50:33.693715 1021000 Coordinator.h:126] commit: 581980 abort: 198020 (0/198020/0), network size: 0, avg network size: 0, si_in_serializable: 0 0 %, local: 0 %
I1126 15:50:34.693792 1021000 Coordinator.h:126] commit: 581945 abort: 198055 (0/198055/0), network size: 0, avg network size: 0, si_in_serializable: 0 0 %, local: 0 %
I1126 15:50:35.693879 1021000 Coordinator.h:126] commit: 581739 abort: 198261 (0/198261/0), network size: 0, avg network size: 0, si_in_serializable: 0 0 %, local: 0 %
I1126 15:50:36.693996 1021000 Coordinator.h:126] commit: 581943 abort: 198057 (0/198057/0), network size: 0, avg network size: 0, si_in_serializable: 0 0 %, local: 0 %
I1126 15:50:37.694088 1021000 Coordinator.h:126] commit: 582480 abort: 197520 (0/197520/0), network size: 0, avg network size: 0, si_in_serializable: 0 0 %, local: 0 %
I1126 15:50:38.694170 1021000 Coordinator.h:126] commit: 582125 abort: 197875 (0/197875/0), network size: 0, avg network size: 0, si_in_serializable: 0 0 %, local: 0 %
I1126 15:50:39.694250 1021000 Coordinator.h:126] commit: 581867 abort: 198133 (0/198133/0), network size: 0, avg network size: 0, si_in_serializable: 0 0 %, local: 0 %
I1126 15:50:40.694330 1021000 Coordinator.h:126] commit: 581816 abort: 198184 (0/198184/0), network size: 0, avg network size: 0, si_in_serializable: 0 0 %, local: 0 %
I1126 15:50:41.694432 1021000 Coordinator.h:126] commit: 559344 abort: 190656 (0/190656/0), network size: 0, avg network size: 0, si_in_serializable: 0 0 %, local: 0 %
I1126 15:50:42.694535 1021000 Coordinator.h:126] commit: 581586 abort: 198414 (0/198414/0), network size: 0, avg network size: 0, si_in_serializable: 0 0 %, local: 0 %
I1126 15:50:43.694614 1021000 Coordinator.h:126] commit: 581625 abort: 198375 (0/198375/0), network size: 0, avg network size: 0, si_in_serializable: 0 0 %, local: 0 %
I1126 15:50:44.694689 1021000 Coordinator.h:126] commit: 581269 abort: 198731 (0/198731/0), network size: 0, avg network size: 0, si_in_serializable: 0 0 %, local: 0 %
I1126 15:50:44.694700 1021000 Coordinator.h:152] average commit: 581296 abort: 197704 (0/197704/0), network size: 0, avg network size: 0, si_in_serializable: 0 0 %, local: 0 %
I1126 15:50:44.700337 1021028 Manager.h:227] Manager(worker id = 12) on the coordinator node exits.
I1126 15:50:44.700340 1021018 AriaExecutor.h:105] AriaExecutor 2 exits. 
I1126 15:50:44.700352 1021025 AriaExecutor.h:105] AriaExecutor 9 exits. 
I1126 15:50:44.700350 1021026 AriaExecutor.h:105] AriaExecutor 10 exits. 
I1126 15:50:44.700350 1021016 AriaExecutor.h:105] AriaExecutor 0 exits. 
I1126 15:50:44.700351 1021027 AriaExecutor.h:105] AriaExecutor 11 exits. 
I1126 15:50:44.700338 1021020 AriaExecutor.h:105] AriaExecutor 4 exits. 
I1126 15:50:44.700342 1021022 AriaExecutor.h:105] AriaExecutor 6 exits. 
I1126 15:50:44.700351 1021017 AriaExecutor.h:105] AriaExecutor 1 exits. 
I1126 15:50:44.700338 1021024 AriaExecutor.h:105] AriaExecutor 8 exits. 
I1126 15:50:44.700351 1021019 AriaExecutor.h:105] AriaExecutor 3 exits. 
I1126 15:50:44.700353 1021021 AriaExecutor.h:105] AriaExecutor 5 exits. 
I1126 15:50:44.700352 1021023 AriaExecutor.h:105] AriaExecutor 7 exits. 
I1126 15:50:44.694711 1021000 AriaExecutor.h:672] Worker 0 latency: 8777 us (50%) 10502 us (75%) 11769 us (95%) 12042 us (99%).
I1126 15:50:44.749517 1021000 AriaExecutor.h:672] Worker 1 latency: 8782 us (50%) 10502 us (75%) 11765 us (95%) 12032 us (99%).
I1126 15:50:44.804505 1021000 AriaExecutor.h:672] Worker 2 latency: 8794 us (50%) 10508 us (75%) 11767 us (95%) 12034 us (99%).
I1126 15:50:44.860913 1021000 AriaExecutor.h:672] Worker 3 latency: 8763 us (50%) 10485 us (75%) 11759 us (95%) 12026 us (99%).
I1126 15:50:44.916812 1021000 AriaExecutor.h:672] Worker 4 latency: 8769 us (50%) 10493 us (75%) 11764 us (95%) 12033 us (99%).
I1126 15:50:44.971194 1021000 AriaExecutor.h:672] Worker 5 latency: 8736 us (50%) 10475 us (75%) 11760 us (95%) 12031 us (99%).
I1126 15:50:45.027518 1021000 AriaExecutor.h:672] Worker 6 latency: 8776 us (50%) 10494 us (75%) 11764 us (95%) 12036 us (99%).
I1126 15:50:45.082485 1021000 AriaExecutor.h:672] Worker 7 latency: 8769 us (50%) 10490 us (75%) 11760 us (95%) 12029 us (99%).
I1126 15:50:45.137569 1021000 AriaExecutor.h:672] Worker 8 latency: 8754 us (50%) 10484 us (75%) 11764 us (95%) 12037 us (99%).
I1126 15:50:45.192477 1021000 AriaExecutor.h:672] Worker 9 latency: 8757 us (50%) 10485 us (75%) 11761 us (95%) 12031 us (99%).
I1126 15:50:45.247555 1021000 AriaExecutor.h:672] Worker 10 latency: 8782 us (50%) 10501 us (75%) 11764 us (95%) 12031 us (99%).
I1126 15:50:45.302151 1021000 AriaExecutor.h:672] Worker 11 latency: 8775 us (50%) 10493 us (75%) 11762 us (95%) 12030 us (99%).
I1126 15:50:45.358264 1021000 Coordinator.h:177] total commit: 581296
I1126 15:50:46.358381 1021000 Coordinator.h:192] Coordinator exits.
