I0912 00:07:35.877704 2954382 Database.h:65] ycsb initialization finished in 194 milliseconds.
I0912 00:07:35.877811 2954382 Coordinator.h:30] Coordinator initializes 16 workers.
I0912 00:07:35.999842 2954382 Coordinator.h:77] Coordinator starts to run 17 workers.
I0912 00:07:35.999907 2954404 AriaExecutor.h:82] AriaExecutor 0 started. 
I0912 00:07:35.999938 2954405 AriaExecutor.h:82] AriaExecutor 1 started. 
I0912 00:07:35.999981 2954406 AriaExecutor.h:82] AriaExecutor 2 started. 
I0912 00:07:36.000041 2954407 AriaExecutor.h:82] AriaExecutor 3 started. 
I0912 00:07:36.000067 2954408 AriaExecutor.h:82] AriaExecutor 4 started. 
I0912 00:07:36.000109 2954409 AriaExecutor.h:82] AriaExecutor 5 started. 
I0912 00:07:36.000149 2954410 AriaExecutor.h:82] AriaExecutor 6 started. 
I0912 00:07:36.000192 2954411 AriaExecutor.h:82] AriaExecutor 7 started. 
I0912 00:07:36.000226 2954412 AriaExecutor.h:82] AriaExecutor 8 started. 
I0912 00:07:36.000270 2954413 AriaExecutor.h:82] AriaExecutor 9 started. 
I0912 00:07:36.000312 2954414 AriaExecutor.h:82] AriaExecutor 10 started. 
I0912 00:07:36.000357 2954415 AriaExecutor.h:82] AriaExecutor 11 started. 
I0912 00:07:36.000394 2954416 AriaExecutor.h:82] AriaExecutor 12 started. 
I0912 00:07:36.000435 2954417 AriaExecutor.h:82] AriaExecutor 13 started. 
I0912 00:07:36.000470 2954418 AriaExecutor.h:82] AriaExecutor 14 started. 
I0912 00:07:36.000509 2954419 AriaExecutor.h:82] AriaExecutor 15 started. 
I0912 00:07:36.000550 2954420 Manager.h:224] Manager(worker id = 16) on the coordinator node started.
I0912 00:07:37.000607 2954382 Coordinator.h:126] commit: 327081 abort: 664919 (0/664919/0), network size: 0, avg network size: 0, si_in_serializable: 0 0 %, local: 0 %
I0912 00:07:38.000725 2954382 Coordinator.h:126] commit: 337697 abort: 686214 (0/686214/0), network size: 0, avg network size: 0, si_in_serializable: 0 0 %, local: 0 %
I0912 00:07:39.000805 2954382 Coordinator.h:126] commit: 327547 abort: 664542 (0/664542/0), network size: 0, avg network size: 0, si_in_serializable: 0 0 %, local: 0 %
I0912 00:07:40.000877 2954382 Coordinator.h:126] commit: 326345 abort: 665655 (0/665655/0), network size: 0, avg network size: 0, si_in_serializable: 0 0 %, local: 0 %
I0912 00:07:41.000953 2954382 Coordinator.h:126] commit: 332553 abort: 675447 (0/675447/0), network size: 0, avg network size: 0, si_in_serializable: 0 0 %, local: 0 %
I0912 00:07:42.001060 2954382 Coordinator.h:126] commit: 337732 abort: 686268 (0/686268/0), network size: 0, avg network size: 0, si_in_serializable: 0 0 %, local: 0 %
I0912 00:07:43.001158 2954382 Coordinator.h:126] commit: 337696 abort: 686304 (0/686304/0), network size: 0, avg network size: 0, si_in_serializable: 0 0 %, local: 0 %
I0912 00:07:44.001235 2954382 Coordinator.h:126] commit: 338947 abort: 685053 (0/685053/0), network size: 0, avg network size: 0, si_in_serializable: 0 0 %, local: 0 %
I0912 00:07:45.001314 2954382 Coordinator.h:126] commit: 337614 abort: 686386 (0/686386/0), network size: 0, avg network size: 0, si_in_serializable: 0 0 %, local: 0 %
I0912 00:07:46.001394 2954382 Coordinator.h:126] commit: 338083 abort: 685917 (0/685917/0), network size: 0, avg network size: 0, si_in_serializable: 0 0 %, local: 0 %
I0912 00:07:47.001470 2954382 Coordinator.h:126] commit: 333256 abort: 674744 (0/674744/0), network size: 0, avg network size: 0, si_in_serializable: 0 0 %, local: 0 %
I0912 00:07:48.001547 2954382 Coordinator.h:126] commit: 343064 abort: 696936 (0/696936/0), network size: 0, avg network size: 0, si_in_serializable: 0 0 %, local: 0 %
I0912 00:07:49.001621 2954382 Coordinator.h:126] commit: 327407 abort: 664593 (0/664593/0), network size: 0, avg network size: 0, si_in_serializable: 0 0 %, local: 0 %
I0912 00:07:50.001724 2954382 Coordinator.h:126] commit: 337651 abort: 686349 (0/686349/0), network size: 0, avg network size: 0, si_in_serializable: 0 0 %, local: 0 %
I0912 00:07:51.001807 2954382 Coordinator.h:126] commit: 342899 abort: 697101 (0/697101/0), network size: 0, avg network size: 0, si_in_serializable: 0 0 %, local: 0 %
I0912 00:07:52.001881 2954382 Coordinator.h:126] commit: 337941 abort: 686059 (0/686059/0), network size: 0, avg network size: 0, si_in_serializable: 0 0 %, local: 0 %
I0912 00:07:53.001957 2954382 Coordinator.h:126] commit: 342917 abort: 697083 (0/697083/0), network size: 0, avg network size: 0, si_in_serializable: 0 0 %, local: 0 %
I0912 00:07:54.002038 2954382 Coordinator.h:126] commit: 337556 abort: 686444 (0/686444/0), network size: 0, avg network size: 0, si_in_serializable: 0 0 %, local: 0 %
I0912 00:07:55.002115 2954382 Coordinator.h:126] commit: 343997 abort: 696003 (0/696003/0), network size: 0, avg network size: 0, si_in_serializable: 0 0 %, local: 0 %
I0912 00:07:56.002188 2954382 Coordinator.h:126] commit: 337534 abort: 686466 (0/686466/0), network size: 0, avg network size: 0, si_in_serializable: 0 0 %, local: 0 %
I0912 00:07:57.002265 2954382 Coordinator.h:126] commit: 343743 abort: 696257 (0/696257/0), network size: 0, avg network size: 0, si_in_serializable: 0 0 %, local: 0 %
I0912 00:07:58.002343 2954382 Coordinator.h:126] commit: 337676 abort: 686324 (0/686324/0), network size: 0, avg network size: 0, si_in_serializable: 0 0 %, local: 0 %
I0912 00:07:59.002419 2954382 Coordinator.h:126] commit: 343288 abort: 696712 (0/696712/0), network size: 0, avg network size: 0, si_in_serializable: 0 0 %, local: 0 %
I0912 00:08:00.002501 2954382 Coordinator.h:126] commit: 332951 abort: 675049 (0/675049/0), network size: 0, avg network size: 0, si_in_serializable: 0 0 %, local: 0 %
I0912 00:08:01.002578 2954382 Coordinator.h:126] commit: 327752 abort: 664248 (0/664248/0), network size: 0, avg network size: 0, si_in_serializable: 0 0 %, local: 0 %
I0912 00:08:01.002589 2954382 Coordinator.h:152] average commit: 338422 abort: 687178 (0/687178/0), network size: 0, avg network size: 0, si_in_serializable: 0 0 %, local: 0 %
I0912 00:08:01.018250 2954416 AriaExecutor.h:94] AriaExecutor 12 exits. 
I0912 00:08:01.018254 2954406 AriaExecutor.h:94] AriaExecutor 2 exits. 
I0912 00:08:01.018288 2954417 AriaExecutor.h:94] AriaExecutor 13 exits. 
I0912 00:08:01.018254 2954412 AriaExecutor.h:94] AriaExecutor 8 exits. 
I0912 00:08:01.018262 2954409 AriaExecutor.h:94] AriaExecutor 5 exits. 
I0912 00:08:01.018263 2954415 AriaExecutor.h:94] AriaExecutor 11 exits. 
I0912 00:08:01.018262 2954407 AriaExecutor.h:94] AriaExecutor 3 exits. 
I0912 00:08:01.018261 2954419 AriaExecutor.h:94] AriaExecutor 15 exits. 
I0912 00:08:01.018253 2954408 AriaExecutor.h:94] AriaExecutor 4 exits. 
I0912 00:08:01.018283 2954410 AriaExecutor.h:94] AriaExecutor 6 exits. 
I0912 00:08:01.018289 2954411 AriaExecutor.h:94] AriaExecutor 7 exits. 
I0912 00:08:01.018254 2954418 AriaExecutor.h:94] AriaExecutor 14 exits. 
I0912 00:08:01.018257 2954420 Manager.h:227] Manager(worker id = 16) on the coordinator node exits.
I0912 00:08:01.018263 2954413 AriaExecutor.h:94] AriaExecutor 9 exits. 
I0912 00:08:01.018271 2954404 AriaExecutor.h:94] AriaExecutor 0 exits. 
I0912 00:08:01.018252 2954414 AriaExecutor.h:94] AriaExecutor 10 exits. 
I0912 00:08:01.018292 2954405 AriaExecutor.h:94] AriaExecutor 1 exits. 
I0912 00:08:01.002599 2954382 AriaExecutor.h:641] Worker 0 latency: 11618 us (50%) 13716 us (75%) 14822 us (95%) 15627 us (99%).
I0912 00:08:01.027472 2954382 AriaExecutor.h:641] Worker 1 latency: 11604 us (50%) 13706 us (75%) 14815 us (95%) 15421 us (99%).
I0912 00:08:01.052851 2954382 AriaExecutor.h:641] Worker 2 latency: 11637 us (50%) 13720 us (75%) 14821 us (95%) 15578 us (99%).
I0912 00:08:01.077690 2954382 AriaExecutor.h:641] Worker 3 latency: 11616 us (50%) 13712 us (75%) 14818 us (95%) 15536 us (99%).
I0912 00:08:01.102602 2954382 AriaExecutor.h:641] Worker 4 latency: 11623 us (50%) 13712 us (75%) 14818 us (95%) 15493 us (99%).
I0912 00:08:01.127353 2954382 AriaExecutor.h:641] Worker 5 latency: 11612 us (50%) 13717 us (75%) 14822 us (95%) 15534 us (99%).
I0912 00:08:01.152299 2954382 AriaExecutor.h:641] Worker 6 latency: 11640 us (50%) 13720 us (75%) 14819 us (95%) 15511 us (99%).
I0912 00:08:01.177024 2954382 AriaExecutor.h:641] Worker 7 latency: 11615 us (50%) 13716 us (75%) 14820 us (95%) 15540 us (99%).
I0912 00:08:01.201921 2954382 AriaExecutor.h:641] Worker 8 latency: 11611 us (50%) 13711 us (75%) 14818 us (95%) 15528 us (99%).
I0912 00:08:01.226985 2954382 AriaExecutor.h:641] Worker 9 latency: 11595 us (50%) 13710 us (75%) 14817 us (95%) 15516 us (99%).
I0912 00:08:01.251761 2954382 AriaExecutor.h:641] Worker 10 latency: 11637 us (50%) 13719 us (75%) 14817 us (95%) 15529 us (99%).
I0912 00:08:01.276620 2954382 AriaExecutor.h:641] Worker 11 latency: 11603 us (50%) 13710 us (75%) 14820 us (95%) 15569 us (99%).
I0912 00:08:01.301447 2954382 AriaExecutor.h:641] Worker 12 latency: 11625 us (50%) 13717 us (75%) 14817 us (95%) 15517 us (99%).
I0912 00:08:01.326041 2954382 AriaExecutor.h:641] Worker 13 latency: 11611 us (50%) 13712 us (75%) 14817 us (95%) 15502 us (99%).
I0912 00:08:01.350862 2954382 AriaExecutor.h:641] Worker 14 latency: 11623 us (50%) 13717 us (75%) 14818 us (95%) 15575 us (99%).
I0912 00:08:01.375509 2954382 AriaExecutor.h:641] Worker 15 latency: 11599 us (50%) 13702 us (75%) 14816 us (95%) 15476 us (99%).
I0912 00:08:01.400390 2954382 Coordinator.h:177] total commit: 338422
I0912 00:08:02.400509 2954382 Coordinator.h:192] Coordinator exits.
