I1126 14:15:57.619606 962478 Database.h:65] ycsb initialization finished in 30 milliseconds.
I1126 14:15:57.619707 962478 Coordinator.h:30] Coordinator initializes 12 workers.
I1126 14:15:57.620600 962478 Coordinator.h:77] Coordinator starts to run 13 workers.
I1126 14:15:57.620648 962494 AriaExecutor.h:91] AriaExecutor 0 started. 
I1126 14:15:57.620680 962495 AriaExecutor.h:91] AriaExecutor 1 started. 
I1126 14:15:57.620761 962496 AriaExecutor.h:91] AriaExecutor 2 started. 
I1126 14:15:57.620800 962497 AriaExecutor.h:91] AriaExecutor 3 started. 
I1126 14:15:57.620887 962499 AriaExecutor.h:91] AriaExecutor 5 started. 
I1126 14:15:57.620931 962500 AriaExecutor.h:91] AriaExecutor 6 started. 
I1126 14:15:57.620977 962501 AriaExecutor.h:91] AriaExecutor 7 started. 
I1126 14:15:57.621016 962502 AriaExecutor.h:91] AriaExecutor 8 started. 
I1126 14:15:57.621058 962503 AriaExecutor.h:91] AriaExecutor 9 started. 
I1126 14:15:57.621088 962504 AriaExecutor.h:91] AriaExecutor 10 started. 
I1126 14:15:57.621134 962505 AriaExecutor.h:91] AriaExecutor 11 started. 
I1126 14:15:57.621169 962498 AriaExecutor.h:91] AriaExecutor 4 started. 
I1126 14:15:57.621176 962506 Manager.h:224] Manager(worker id = 12) on the coordinator node started.
I1126 14:15:58.621238 962478 Coordinator.h:126] commit: 1849232 abort: 28768 (0/28768/0), network size: 0, avg network size: 0, si_in_serializable: 0 0 %, local: 0 %
I1126 14:15:59.621363 962478 Coordinator.h:126] commit: 1818763 abort: 28237 (0/28237/0), network size: 0, avg network size: 0, si_in_serializable: 0 0 %, local: 0 %
I1126 14:16:00.621490 962478 Coordinator.h:126] commit: 1867046 abort: 28954 (0/28954/0), network size: 0, avg network size: 0, si_in_serializable: 0 0 %, local: 0 %
I1126 14:16:01.621595 962478 Coordinator.h:126] commit: 1833549 abort: 28451 (0/28451/0), network size: 0, avg network size: 0, si_in_serializable: 0 0 %, local: 0 %
I1126 14:16:02.621672 962478 Coordinator.h:126] commit: 1874996 abort: 29004 (0/29004/0), network size: 0, avg network size: 0, si_in_serializable: 0 0 %, local: 0 %
I1126 14:16:03.621752 962478 Coordinator.h:126] commit: 1872872 abort: 29128 (0/29128/0), network size: 0, avg network size: 0, si_in_serializable: 0 0 %, local: 0 %
I1126 14:16:04.621866 962478 Coordinator.h:126] commit: 1736921 abort: 27079 (0/27079/0), network size: 0, avg network size: 0, si_in_serializable: 0 0 %, local: 0 %
I1126 14:16:05.621981 962478 Coordinator.h:126] commit: 1872460 abort: 29540 (0/29540/0), network size: 0, avg network size: 0, si_in_serializable: 0 0 %, local: 0 %
I1126 14:16:06.622093 962478 Coordinator.h:126] commit: 1873006 abort: 28994 (0/28994/0), network size: 0, avg network size: 0, si_in_serializable: 0 0 %, local: 0 %
I1126 14:16:07.622193 962478 Coordinator.h:126] commit: 1876591 abort: 29409 (0/29409/0), network size: 0, avg network size: 0, si_in_serializable: 0 0 %, local: 0 %
I1126 14:16:08.622279 962478 Coordinator.h:126] commit: 1873016 abort: 28984 (0/28984/0), network size: 0, avg network size: 0, si_in_serializable: 0 0 %, local: 0 %
I1126 14:16:09.622393 962478 Coordinator.h:126] commit: 1872971 abort: 29029 (0/29029/0), network size: 0, avg network size: 0, si_in_serializable: 0 0 %, local: 0 %
I1126 14:16:10.622500 962478 Coordinator.h:126] commit: 1871942 abort: 28919 (0/28919/0), network size: 0, avg network size: 0, si_in_serializable: 0 0 %, local: 0 %
I1126 14:16:11.622599 962478 Coordinator.h:126] commit: 1673028 abort: 26111 (0/26111/0), network size: 0, avg network size: 0, si_in_serializable: 0 0 %, local: 0 %
I1126 14:16:12.622674 962478 Coordinator.h:126] commit: 1865932 abort: 29068 (0/29068/0), network size: 0, avg network size: 0, si_in_serializable: 0 0 %, local: 0 %
I1126 14:16:13.622771 962478 Coordinator.h:126] commit: 1857703 abort: 29297 (0/29297/0), network size: 0, avg network size: 0, si_in_serializable: 0 0 %, local: 0 %
I1126 14:16:14.622859 962478 Coordinator.h:126] commit: 1868996 abort: 29004 (0/29004/0), network size: 0, avg network size: 0, si_in_serializable: 0 0 %, local: 0 %
I1126 14:16:15.622957 962478 Coordinator.h:126] commit: 1874874 abort: 29126 (0/29126/0), network size: 0, avg network size: 0, si_in_serializable: 0 0 %, local: 0 %
I1126 14:16:16.623041 962478 Coordinator.h:126] commit: 1869748 abort: 29252 (0/29252/0), network size: 0, avg network size: 0, si_in_serializable: 0 0 %, local: 0 %
I1126 14:16:17.623117 962478 Coordinator.h:126] commit: 1874775 abort: 29225 (0/29225/0), network size: 0, avg network size: 0, si_in_serializable: 0 0 %, local: 0 %
I1126 14:16:18.623193 962478 Coordinator.h:126] commit: 1871903 abort: 29097 (0/29097/0), network size: 0, avg network size: 0, si_in_serializable: 0 0 %, local: 0 %
I1126 14:16:19.623274 962478 Coordinator.h:126] commit: 1870700 abort: 29300 (0/29300/0), network size: 0, avg network size: 0, si_in_serializable: 0 0 %, local: 0 %
I1126 14:16:20.623375 962478 Coordinator.h:126] commit: 1867431 abort: 29569 (0/29569/0), network size: 0, avg network size: 0, si_in_serializable: 0 0 %, local: 0 %
I1126 14:16:21.623464 962478 Coordinator.h:126] commit: 1875414 abort: 29586 (0/29586/0), network size: 0, avg network size: 0, si_in_serializable: 0 0 %, local: 0 %
I1126 14:16:22.623548 962478 Coordinator.h:126] commit: 1869834 abort: 29166 (0/29166/0), network size: 0, avg network size: 0, si_in_serializable: 0 0 %, local: 0 %
I1126 14:16:22.623571 962478 Coordinator.h:152] average commit: 1.8503e+06 abort: 28801.5 (0/28801.5/0), network size: 0, avg network size: 0, si_in_serializable: 0 0 %, local: 0 %
I1126 14:16:22.624003 962496 AriaExecutor.h:103] AriaExecutor 2 exits. 
I1126 14:16:22.624014 962504 AriaExecutor.h:103] AriaExecutor 10 exits. 
I1126 14:16:22.624007 962494 AriaExecutor.h:103] AriaExecutor 0 exits. 
I1126 14:16:22.624008 962506 Manager.h:227] Manager(worker id = 12) on the coordinator node exits.
I1126 14:16:22.624006 962498 AriaExecutor.h:103] AriaExecutor 4 exits. 
I1126 14:16:22.624006 962500 AriaExecutor.h:103] AriaExecutor 6 exits. 
I1126 14:16:22.624020 962495 AriaExecutor.h:103] AriaExecutor 1 exits. 
I1126 14:16:22.624020 962497 AriaExecutor.h:103] AriaExecutor 3 exits. 
I1126 14:16:22.624019 962499 AriaExecutor.h:103] AriaExecutor 5 exits. 
I1126 14:16:22.624019 962505 AriaExecutor.h:103] AriaExecutor 11 exits. 
I1126 14:16:22.624006 962502 AriaExecutor.h:103] AriaExecutor 8 exits. 
I1126 14:16:22.624019 962501 AriaExecutor.h:103] AriaExecutor 7 exits. 
I1126 14:16:22.624019 962503 AriaExecutor.h:103] AriaExecutor 9 exits. 
I1126 14:16:22.623587 962478 AriaExecutor.h:649] Worker 0 latency: 356 us (50%) 413 us (75%) 461 us (95%) 476 us (99%).
I1126 14:16:22.765579 962478 AriaExecutor.h:649] Worker 1 latency: 354 us (50%) 411 us (75%) 459 us (95%) 475 us (99%).
I1126 14:16:22.924171 962478 AriaExecutor.h:649] Worker 2 latency: 357 us (50%) 413 us (75%) 461 us (95%) 476 us (99%).
I1126 14:16:23.066031 962478 AriaExecutor.h:649] Worker 3 latency: 358 us (50%) 413 us (75%) 460 us (95%) 475 us (99%).
I1126 14:16:23.227473 962478 AriaExecutor.h:649] Worker 4 latency: 357 us (50%) 412 us (75%) 460 us (95%) 476 us (99%).
I1126 14:16:23.365353 962478 AriaExecutor.h:649] Worker 5 latency: 356 us (50%) 412 us (75%) 459 us (95%) 475 us (99%).
I1126 14:16:23.523521 962478 AriaExecutor.h:649] Worker 6 latency: 360 us (50%) 414 us (75%) 460 us (95%) 476 us (99%).
I1126 14:16:23.664191 962478 AriaExecutor.h:649] Worker 7 latency: 358 us (50%) 412 us (75%) 459 us (95%) 475 us (99%).
I1126 14:16:23.820555 962478 AriaExecutor.h:649] Worker 8 latency: 360 us (50%) 414 us (75%) 461 us (95%) 476 us (99%).
I1126 14:16:23.958083 962478 AriaExecutor.h:649] Worker 9 latency: 358 us (50%) 412 us (75%) 460 us (95%) 475 us (99%).
I1126 14:16:24.113307 962478 AriaExecutor.h:649] Worker 10 latency: 360 us (50%) 414 us (75%) 461 us (95%) 476 us (99%).
I1126 14:16:24.252853 962478 AriaExecutor.h:649] Worker 11 latency: 360 us (50%) 414 us (75%) 460 us (95%) 475 us (99%).
I1126 14:16:24.407465 962478 Coordinator.h:177] total commit: 1.8503e+06
I1126 14:16:25.407574 962478 Coordinator.h:192] Coordinator exits.
