I1126 16:15:05.383610 1035864 Database.h:65] ycsb initialization finished in 30 milliseconds.
I1126 16:15:05.383708 1035864 Coordinator.h:30] Coordinator initializes 12 workers.
I1126 16:15:05.456328 1035864 Coordinator.h:77] Coordinator starts to run 13 workers.
I1126 16:15:05.456393 1035883 AriaExecutor.h:93] AriaExecutor 0 started. 
I1126 16:15:05.456429 1035884 AriaExecutor.h:93] AriaExecutor 1 started. 
I1126 16:15:05.456480 1035885 AriaExecutor.h:93] AriaExecutor 2 started. 
I1126 16:15:05.456522 1035886 AriaExecutor.h:93] AriaExecutor 3 started. 
I1126 16:15:05.456605 1035888 AriaExecutor.h:93] AriaExecutor 5 started. 
I1126 16:15:05.456641 1035889 AriaExecutor.h:93] AriaExecutor 6 started. 
I1126 16:15:05.456681 1035890 AriaExecutor.h:93] AriaExecutor 7 started. 
I1126 16:15:05.456720 1035891 AriaExecutor.h:93] AriaExecutor 8 started. 
I1126 16:15:05.456763 1035892 AriaExecutor.h:93] AriaExecutor 9 started. 
I1126 16:15:05.456804 1035893 AriaExecutor.h:93] AriaExecutor 10 started. 
I1126 16:15:05.456842 1035894 AriaExecutor.h:93] AriaExecutor 11 started. 
I1126 16:15:05.456878 1035887 AriaExecutor.h:93] AriaExecutor 4 started. 
I1126 16:15:05.456881 1035895 Manager.h:224] Manager(worker id = 12) on the coordinator node started.
I1126 16:15:06.456941 1035864 Coordinator.h:126] commit: 118799 abort: 691201 (0/691201/0), network size: 0, avg network size: 0, si_in_serializable: 0 0 %, local: 0 %
I1126 16:15:07.457051 1035864 Coordinator.h:126] commit: 117455 abort: 682545 (0/682545/0), network size: 0, avg network size: 0, si_in_serializable: 0 0 %, local: 0 %
I1126 16:15:08.457152 1035864 Coordinator.h:126] commit: 118503 abort: 691497 (0/691497/0), network size: 0, avg network size: 0, si_in_serializable: 0 0 %, local: 0 %
I1126 16:15:09.457233 1035864 Coordinator.h:126] commit: 120871 abort: 699129 (0/699129/0), network size: 0, avg network size: 0, si_in_serializable: 0 0 %, local: 0 %
I1126 16:15:10.457317 1035864 Coordinator.h:126] commit: 120388 abort: 699612 (0/699612/0), network size: 0, avg network size: 0, si_in_serializable: 0 0 %, local: 0 %
I1126 16:15:11.457417 1035864 Coordinator.h:126] commit: 118857 abort: 691143 (0/691143/0), network size: 0, avg network size: 0, si_in_serializable: 0 0 %, local: 0 %
I1126 16:15:12.457525 1035864 Coordinator.h:126] commit: 119034 abort: 690966 (0/690966/0), network size: 0, avg network size: 0, si_in_serializable: 0 0 %, local: 0 %
I1126 16:15:13.457607 1035864 Coordinator.h:126] commit: 120495 abort: 699505 (0/699505/0), network size: 0, avg network size: 0, si_in_serializable: 0 0 %, local: 0 %
I1126 16:15:14.457680 1035864 Coordinator.h:126] commit: 120573 abort: 699427 (0/699427/0), network size: 0, avg network size: 0, si_in_serializable: 0 0 %, local: 0 %
I1126 16:15:15.457765 1035864 Coordinator.h:126] commit: 120694 abort: 699306 (0/699306/0), network size: 0, avg network size: 0, si_in_serializable: 0 0 %, local: 0 %
I1126 16:15:16.457854 1035864 Coordinator.h:126] commit: 120610 abort: 699390 (0/699390/0), network size: 0, avg network size: 0, si_in_serializable: 0 0 %, local: 0 %
I1126 16:15:17.457932 1035864 Coordinator.h:126] commit: 117709 abort: 682291 (0/682291/0), network size: 0, avg network size: 0, si_in_serializable: 0 0 %, local: 0 %
I1126 16:15:18.458031 1035864 Coordinator.h:126] commit: 120368 abort: 699632 (0/699632/0), network size: 0, avg network size: 0, si_in_serializable: 0 0 %, local: 0 %
I1126 16:15:19.458112 1035864 Coordinator.h:126] commit: 118918 abort: 691082 (0/691082/0), network size: 0, avg network size: 0, si_in_serializable: 0 0 %, local: 0 %
I1126 16:15:20.458192 1035864 Coordinator.h:126] commit: 120954 abort: 699046 (0/699046/0), network size: 0, avg network size: 0, si_in_serializable: 0 0 %, local: 0 %
I1126 16:15:21.458288 1035864 Coordinator.h:126] commit: 120242 abort: 699758 (0/699758/0), network size: 0, avg network size: 0, si_in_serializable: 0 0 %, local: 0 %
I1126 16:15:22.458366 1035864 Coordinator.h:126] commit: 120468 abort: 699532 (0/699532/0), network size: 0, avg network size: 0, si_in_serializable: 0 0 %, local: 0 %
I1126 16:15:23.458441 1035864 Coordinator.h:126] commit: 120452 abort: 699548 (0/699548/0), network size: 0, avg network size: 0, si_in_serializable: 0 0 %, local: 0 %
I1126 16:15:24.458513 1035864 Coordinator.h:126] commit: 120454 abort: 699546 (0/699546/0), network size: 0, avg network size: 0, si_in_serializable: 0 0 %, local: 0 %
I1126 16:15:25.458596 1035864 Coordinator.h:126] commit: 119134 abort: 690866 (0/690866/0), network size: 0, avg network size: 0, si_in_serializable: 0 0 %, local: 0 %
I1126 16:15:26.458698 1035864 Coordinator.h:126] commit: 120295 abort: 699705 (0/699705/0), network size: 0, avg network size: 0, si_in_serializable: 0 0 %, local: 0 %
I1126 16:15:27.458782 1035864 Coordinator.h:126] commit: 120165 abort: 699835 (0/699835/0), network size: 0, avg network size: 0, si_in_serializable: 0 0 %, local: 0 %
I1126 16:15:28.458861 1035864 Coordinator.h:126] commit: 120538 abort: 699462 (0/699462/0), network size: 0, avg network size: 0, si_in_serializable: 0 0 %, local: 0 %
I1126 16:15:29.458963 1035864 Coordinator.h:126] commit: 118386 abort: 691614 (0/691614/0), network size: 0, avg network size: 0, si_in_serializable: 0 0 %, local: 0 %
I1126 16:15:30.459051 1035864 Coordinator.h:126] commit: 118737 abort: 691263 (0/691263/0), network size: 0, avg network size: 0, si_in_serializable: 0 0 %, local: 0 %
I1126 16:15:30.459087 1035864 Coordinator.h:152] average commit: 119931 abort: 696069 (0/696069/0), network size: 0, avg network size: 0, si_in_serializable: 0 0 %, local: 0 %
I1126 16:15:30.460186 1035883 AriaExecutor.h:105] AriaExecutor 0 exits. 
I1126 16:15:30.460189 1035891 AriaExecutor.h:105] AriaExecutor 8 exits. 
I1126 16:15:30.460186 1035895 Manager.h:227] Manager(worker id = 12) on the coordinator node exits.
I1126 16:15:30.460201 1035884 AriaExecutor.h:105] AriaExecutor 1 exits. 
I1126 16:15:30.460189 1035889 AriaExecutor.h:105] AriaExecutor 6 exits. 
I1126 16:15:30.460188 1035887 AriaExecutor.h:105] AriaExecutor 4 exits. 
I1126 16:15:30.460201 1035892 AriaExecutor.h:105] AriaExecutor 9 exits. 
I1126 16:15:30.460201 1035886 AriaExecutor.h:105] AriaExecutor 3 exits. 
I1126 16:15:30.460201 1035888 AriaExecutor.h:105] AriaExecutor 5 exits. 
I1126 16:15:30.460201 1035894 AriaExecutor.h:105] AriaExecutor 11 exits. 
I1126 16:15:30.460203 1035890 AriaExecutor.h:105] AriaExecutor 7 exits. 
I1126 16:15:30.460203 1035893 AriaExecutor.h:105] AriaExecutor 10 exits. 
I1126 16:15:30.460187 1035885 AriaExecutor.h:105] AriaExecutor 2 exits. 
I1126 16:15:30.459095 1035864 AriaExecutor.h:672] Worker 0 latency: 9880 us (50%) 11296 us (75%) 11915 us (95%) 12043 us (99%).
I1126 16:15:30.473014 1035864 AriaExecutor.h:672] Worker 1 latency: 9862 us (50%) 11292 us (75%) 11912 us (95%) 12036 us (99%).
I1126 16:15:30.487893 1035864 AriaExecutor.h:672] Worker 2 latency: 9878 us (50%) 11292 us (75%) 11912 us (95%) 12037 us (99%).
I1126 16:15:30.501729 1035864 AriaExecutor.h:672] Worker 3 latency: 9840 us (50%) 11284 us (75%) 11911 us (95%) 12035 us (99%).
I1126 16:15:30.516669 1035864 AriaExecutor.h:672] Worker 4 latency: 9854 us (50%) 11288 us (75%) 11911 us (95%) 12037 us (99%).
I1126 16:15:30.530524 1035864 AriaExecutor.h:672] Worker 5 latency: 9838 us (50%) 11280 us (75%) 11910 us (95%) 12036 us (99%).
I1126 16:15:30.545346 1035864 AriaExecutor.h:672] Worker 6 latency: 9847 us (50%) 11280 us (75%) 11909 us (95%) 12037 us (99%).
I1126 16:15:30.559083 1035864 AriaExecutor.h:672] Worker 7 latency: 9843 us (50%) 11282 us (75%) 11909 us (95%) 12036 us (99%).
I1126 16:15:30.573881 1035864 AriaExecutor.h:672] Worker 8 latency: 9842 us (50%) 11279 us (75%) 11909 us (95%) 12037 us (99%).
I1126 16:15:30.587641 1035864 AriaExecutor.h:672] Worker 9 latency: 9828 us (50%) 11271 us (75%) 11907 us (95%) 12033 us (99%).
I1126 16:15:30.602669 1035864 AriaExecutor.h:672] Worker 10 latency: 9866 us (50%) 11283 us (75%) 11909 us (95%) 12037 us (99%).
I1126 16:15:30.616312 1035864 AriaExecutor.h:672] Worker 11 latency: 9829 us (50%) 11272 us (75%) 11905 us (95%) 12032 us (99%).
I1126 16:15:30.631098 1035864 Coordinator.h:177] total commit: 119931
I1126 16:15:31.631206 1035864 Coordinator.h:192] Coordinator exits.
