I0911 22:16:51.923110 2933207 Database.h:65] ycsb initialization finished in 147 milliseconds.
I0911 22:16:51.923226 2933207 Coordinator.h:30] Coordinator initializes 16 workers.
I0911 22:16:51.931061 2933207 Coordinator.h:77] Coordinator starts to run 17 workers.
I0911 22:16:51.931128 2933227 AriaExecutor.h:82] AriaExecutor 0 started. 
I0911 22:16:51.931155 2933228 AriaExecutor.h:82] AriaExecutor 1 started. 
I0911 22:16:51.931207 2933229 AriaExecutor.h:82] AriaExecutor 2 started. 
I0911 22:16:51.931247 2933230 AriaExecutor.h:82] AriaExecutor 3 started. 
I0911 22:16:51.931275 2933231 AriaExecutor.h:82] AriaExecutor 4 started. 
I0911 22:16:51.931320 2933232 AriaExecutor.h:82] AriaExecutor 5 started. 
I0911 22:16:51.931349 2933233 AriaExecutor.h:82] AriaExecutor 6 started. 
I0911 22:16:51.931393 2933234 AriaExecutor.h:82] AriaExecutor 7 started. 
I0911 22:16:51.931416 2933235 AriaExecutor.h:82] AriaExecutor 8 started. 
I0911 22:16:51.931455 2933236 AriaExecutor.h:82] AriaExecutor 9 started. 
I0911 22:16:51.931486 2933237 AriaExecutor.h:82] AriaExecutor 10 started. 
I0911 22:16:51.931525 2933238 AriaExecutor.h:82] AriaExecutor 11 started. 
I0911 22:16:51.931562 2933239 AriaExecutor.h:82] AriaExecutor 12 started. 
I0911 22:16:51.931598 2933240 AriaExecutor.h:82] AriaExecutor 13 started. 
I0911 22:16:51.931638 2933241 AriaExecutor.h:82] AriaExecutor 14 started. 
I0911 22:16:51.931667 2933242 AriaExecutor.h:82] AriaExecutor 15 started. 
I0911 22:16:51.931695 2933243 Manager.h:224] Manager(worker id = 16) on the coordinator node started.
I0911 22:16:52.931751 2933207 Coordinator.h:126] commit: 1113794 abort: 5438 (0/5438/0), network size: 0, avg network size: 0, si_in_serializable: 0 0 %, local: 0 %
I0911 22:16:53.931875 2933207 Coordinator.h:126] commit: 1102492 abort: 5476 (0/5476/0), network size: 0, avg network size: 0, si_in_serializable: 0 0 %, local: 0 %
I0911 22:16:54.931962 2933207 Coordinator.h:126] commit: 1074012 abort: 5284 (0/5284/0), network size: 0, avg network size: 0, si_in_serializable: 0 0 %, local: 0 %
I0911 22:16:55.932037 2933207 Coordinator.h:126] commit: 1082123 abort: 5365 (0/5365/0), network size: 0, avg network size: 0, si_in_serializable: 0 0 %, local: 0 %
I0911 22:16:56.932135 2933207 Coordinator.h:126] commit: 1117795 abort: 5533 (0/5533/0), network size: 0, avg network size: 0, si_in_serializable: 0 0 %, local: 0 %
I0911 22:16:57.932214 2933207 Coordinator.h:126] commit: 1126976 abort: 5568 (0/5568/0), network size: 0, avg network size: 0, si_in_serializable: 0 0 %, local: 0 %
I0911 22:16:58.932291 2933207 Coordinator.h:126] commit: 1124890 abort: 5606 (0/5606/0), network size: 0, avg network size: 0, si_in_serializable: 0 0 %, local: 0 %
I0911 22:16:59.932369 2933207 Coordinator.h:126] commit: 1105660 abort: 5380 (0/5380/0), network size: 0, avg network size: 0, si_in_serializable: 0 0 %, local: 0 %
I0911 22:17:00.932442 2933207 Coordinator.h:126] commit: 1127064 abort: 5480 (0/5480/0), network size: 0, avg network size: 0, si_in_serializable: 0 0 %, local: 0 %
I0911 22:17:01.932516 2933207 Coordinator.h:126] commit: 1126094 abort: 5426 (0/5426/0), network size: 0, avg network size: 0, si_in_serializable: 0 0 %, local: 0 %
I0911 22:17:02.932602 2933207 Coordinator.h:126] commit: 1095452 abort: 5348 (0/5348/0), network size: 0, avg network size: 0, si_in_serializable: 0 0 %, local: 0 %
I0911 22:17:03.932698 2933207 Coordinator.h:126] commit: 1091388 abort: 5316 (0/5316/0), network size: 0, avg network size: 0, si_in_serializable: 0 0 %, local: 0 %
I0911 22:17:04.932809 2933207 Coordinator.h:126] commit: 1114847 abort: 5409 (0/5409/0), network size: 0, avg network size: 0, si_in_serializable: 0 0 %, local: 0 %
I0911 22:17:05.932894 2933207 Coordinator.h:126] commit: 1124099 abort: 5373 (0/5373/0), network size: 0, avg network size: 0, si_in_serializable: 0 0 %, local: 0 %
I0911 22:17:06.932941 2933207 Coordinator.h:126] commit: 1124036 abort: 5436 (0/5436/0), network size: 0, avg network size: 0, si_in_serializable: 0 0 %, local: 0 %
I0911 22:17:07.933020 2933207 Coordinator.h:126] commit: 1083137 abort: 5375 (0/5375/0), network size: 0, avg network size: 0, si_in_serializable: 0 0 %, local: 0 %
I0911 22:17:08.933104 2933207 Coordinator.h:126] commit: 1123984 abort: 5488 (0/5488/0), network size: 0, avg network size: 0, si_in_serializable: 0 0 %, local: 0 %
I0911 22:17:09.933187 2933207 Coordinator.h:126] commit: 1123933 abort: 5539 (0/5539/0), network size: 0, avg network size: 0, si_in_serializable: 0 0 %, local: 0 %
I0911 22:17:10.933261 2933207 Coordinator.h:126] commit: 1122986 abort: 5462 (0/5462/0), network size: 0, avg network size: 0, si_in_serializable: 0 0 %, local: 0 %
I0911 22:17:11.933336 2933207 Coordinator.h:126] commit: 1120846 abort: 5554 (0/5554/0), network size: 0, avg network size: 0, si_in_serializable: 0 0 %, local: 0 %
I0911 22:17:12.933413 2933207 Coordinator.h:126] commit: 1122850 abort: 5599 (0/5599/0), network size: 0, avg network size: 0, si_in_serializable: 0 0 %, local: 0 %
I0911 22:17:13.933490 2933207 Coordinator.h:126] commit: 1122952 abort: 5495 (0/5495/0), network size: 0, avg network size: 0, si_in_serializable: 0 0 %, local: 0 %
I0911 22:17:14.933571 2933207 Coordinator.h:126] commit: 1081371 abort: 5225 (0/5225/0), network size: 0, avg network size: 0, si_in_serializable: 0 0 %, local: 0 %
I0911 22:17:15.933672 2933207 Coordinator.h:126] commit: 1111670 abort: 5381 (0/5381/0), network size: 0, avg network size: 0, si_in_serializable: 0 0 %, local: 0 %
I0911 22:17:16.933751 2933207 Coordinator.h:126] commit: 1122968 abort: 5480 (0/5480/0), network size: 0, avg network size: 0, si_in_serializable: 0 0 %, local: 0 %
I0911 22:17:16.933761 2933207 Coordinator.h:152] average commit: 1.11247e+06 abort: 5430 (0/5430/0), network size: 0, avg network size: 0, si_in_serializable: 0 0 %, local: 0 %
I0911 22:17:16.934654 2933239 AriaExecutor.h:94] AriaExecutor 12 exits. 
I0911 22:17:16.934664 2933229 AriaExecutor.h:94] AriaExecutor 2 exits. 
I0911 22:17:16.934655 2933227 AriaExecutor.h:94] AriaExecutor 0 exits. 
I0911 22:17:16.934659 2933231 AriaExecutor.h:94] AriaExecutor 4 exits. 
I0911 22:17:16.934655 2933243 Manager.h:227] Manager(worker id = 16) on the coordinator node exits.
I0911 22:17:16.934677 2933236 AriaExecutor.h:94] AriaExecutor 9 exits. 
I0911 22:17:16.934664 2933237 AriaExecutor.h:94] AriaExecutor 10 exits. 
I0911 22:17:16.934677 2933234 AriaExecutor.h:94] AriaExecutor 7 exits. 
I0911 22:17:16.934675 2933240 AriaExecutor.h:94] AriaExecutor 13 exits. 
I0911 22:17:16.934677 2933232 AriaExecutor.h:94] AriaExecutor 5 exits. 
I0911 22:17:16.934664 2933233 AriaExecutor.h:94] AriaExecutor 6 exits. 
I0911 22:17:16.934657 2933241 AriaExecutor.h:94] AriaExecutor 14 exits. 
I0911 22:17:16.934675 2933230 AriaExecutor.h:94] AriaExecutor 3 exits. 
I0911 22:17:16.934679 2933242 AriaExecutor.h:94] AriaExecutor 15 exits. 
I0911 22:17:16.934680 2933238 AriaExecutor.h:94] AriaExecutor 11 exits. 
I0911 22:17:16.934684 2933228 AriaExecutor.h:94] AriaExecutor 1 exits. 
I0911 22:17:16.934656 2933235 AriaExecutor.h:94] AriaExecutor 8 exits. 
I0911 22:17:16.933771 2933207 AriaExecutor.h:535] Worker 0 latency: 565 us (50%) 715 us (75%) 835 us (95%) 863 us (99%).
I0911 22:17:17.002401 2933207 AriaExecutor.h:535] Worker 1 latency: 565 us (50%) 714 us (75%) 835 us (95%) 862 us (99%).
I0911 22:17:17.077525 2933207 AriaExecutor.h:535] Worker 2 latency: 569 us (50%) 717 us (75%) 836 us (95%) 863 us (99%).
I0911 22:17:17.145867 2933207 AriaExecutor.h:535] Worker 3 latency: 565 us (50%) 714 us (75%) 835 us (95%) 863 us (99%).
I0911 22:17:17.222932 2933207 AriaExecutor.h:535] Worker 4 latency: 567 us (50%) 716 us (75%) 836 us (95%) 863 us (99%).
I0911 22:17:17.290169 2933207 AriaExecutor.h:535] Worker 5 latency: 564 us (50%) 713 us (75%) 835 us (95%) 862 us (99%).
I0911 22:17:17.365538 2933207 AriaExecutor.h:535] Worker 6 latency: 568 us (50%) 716 us (75%) 835 us (95%) 863 us (99%).
I0911 22:17:17.433187 2933207 AriaExecutor.h:535] Worker 7 latency: 565 us (50%) 714 us (75%) 835 us (95%) 863 us (99%).
I0911 22:17:17.507918 2933207 AriaExecutor.h:535] Worker 8 latency: 566 us (50%) 715 us (75%) 835 us (95%) 863 us (99%).
I0911 22:17:17.575763 2933207 AriaExecutor.h:535] Worker 9 latency: 564 us (50%) 713 us (75%) 835 us (95%) 862 us (99%).
I0911 22:17:17.650038 2933207 AriaExecutor.h:535] Worker 10 latency: 568 us (50%) 716 us (75%) 835 us (95%) 863 us (99%).
I0911 22:17:17.717155 2933207 AriaExecutor.h:535] Worker 11 latency: 564 us (50%) 713 us (75%) 835 us (95%) 863 us (99%).
I0911 22:17:17.794335 2933207 AriaExecutor.h:535] Worker 12 latency: 567 us (50%) 715 us (75%) 835 us (95%) 863 us (99%).
I0911 22:17:17.863638 2933207 AriaExecutor.h:535] Worker 13 latency: 563 us (50%) 713 us (75%) 834 us (95%) 862 us (99%).
I0911 22:17:17.939038 2933207 AriaExecutor.h:535] Worker 14 latency: 568 us (50%) 716 us (75%) 836 us (95%) 863 us (99%).
I0911 22:17:18.006855 2933207 AriaExecutor.h:535] Worker 15 latency: 565 us (50%) 714 us (75%) 835 us (95%) 862 us (99%).
I0911 22:17:18.084566 2933207 Coordinator.h:177] total commit: 1.11247e+06
I0911 22:17:19.084692 2933207 Coordinator.h:192] Coordinator exits.
