I1126 17:54:36.929764 1061410 Database.h:65] ycsb initialization finished in 30 milliseconds.
I1126 17:54:36.929864 1061410 Coordinator.h:30] Coordinator initializes 12 workers.
I1126 17:54:36.936717 1061410 Coordinator.h:77] Coordinator starts to run 13 workers.
I1126 17:54:36.936770 1061426 AriaExecutor.h:91] AriaExecutor 0 started. 
I1126 17:54:36.936795 1061427 AriaExecutor.h:91] AriaExecutor 1 started. 
I1126 17:54:36.936833 1061428 AriaExecutor.h:91] AriaExecutor 2 started. 
I1126 17:54:36.936875 1061429 AriaExecutor.h:91] AriaExecutor 3 started. 
I1126 17:54:36.936908 1061430 AriaExecutor.h:91] AriaExecutor 4 started. 
I1126 17:54:36.936959 1061431 AriaExecutor.h:91] AriaExecutor 5 started. 
I1126 17:54:36.937004 1061432 AriaExecutor.h:91] AriaExecutor 6 started. 
I1126 17:54:36.937055 1061433 AriaExecutor.h:91] AriaExecutor 7 started. 
I1126 17:54:36.937103 1061434 AriaExecutor.h:91] AriaExecutor 8 started. 
I1126 17:54:36.937160 1061435 AriaExecutor.h:91] AriaExecutor 9 started. 
I1126 17:54:36.937208 1061436 AriaExecutor.h:91] AriaExecutor 10 started. 
I1126 17:54:36.937259 1061437 AriaExecutor.h:91] AriaExecutor 11 started. 
I1126 17:54:36.937304 1061438 Manager.h:224] Manager(worker id = 12) on the coordinator node started.
I1126 17:54:37.937373 1061410 Coordinator.h:126] commit: 984894 abort: 335106 (0/335106/0), network size: 0, avg network size: 0, si_in_serializable: 0 0 %, local: 0 %
I1126 17:54:38.937500 1061410 Coordinator.h:126] commit: 977337 abort: 332663 (0/332663/0), network size: 0, avg network size: 0, si_in_serializable: 0 0 %, local: 0 %
I1126 17:54:39.937638 1061410 Coordinator.h:126] commit: 985473 abort: 334527 (0/334527/0), network size: 0, avg network size: 0, si_in_serializable: 0 0 %, local: 0 %
I1126 17:54:40.937749 1061410 Coordinator.h:126] commit: 992926 abort: 337074 (0/337074/0), network size: 0, avg network size: 0, si_in_serializable: 0 0 %, local: 0 %
I1126 17:54:41.937852 1061410 Coordinator.h:126] commit: 992064 abort: 337936 (0/337936/0), network size: 0, avg network size: 0, si_in_serializable: 0 0 %, local: 0 %
I1126 17:54:42.937955 1061410 Coordinator.h:126] commit: 992104 abort: 337896 (0/337896/0), network size: 0, avg network size: 0, si_in_serializable: 0 0 %, local: 0 %
I1126 17:54:43.938084 1061410 Coordinator.h:126] commit: 969681 abort: 330319 (0/330319/0), network size: 0, avg network size: 0, si_in_serializable: 0 0 %, local: 0 %
I1126 17:54:44.938194 1061410 Coordinator.h:126] commit: 991442 abort: 338558 (0/338558/0), network size: 0, avg network size: 0, si_in_serializable: 0 0 %, local: 0 %
I1126 17:54:45.938293 1061410 Coordinator.h:126] commit: 992478 abort: 337522 (0/337522/0), network size: 0, avg network size: 0, si_in_serializable: 0 0 %, local: 0 %
I1126 17:54:46.938396 1061410 Coordinator.h:126] commit: 1000375 abort: 339625 (0/339625/0), network size: 0, avg network size: 0, si_in_serializable: 0 0 %, local: 0 %
I1126 17:54:47.938493 1061410 Coordinator.h:126] commit: 992519 abort: 337481 (0/337481/0), network size: 0, avg network size: 0, si_in_serializable: 0 0 %, local: 0 %
I1126 17:54:48.938592 1061410 Coordinator.h:126] commit: 999199 abort: 340801 (0/340801/0), network size: 0, avg network size: 0, si_in_serializable: 0 0 %, local: 0 %
I1126 17:54:49.938692 1061410 Coordinator.h:126] commit: 971585 abort: 329949 (0/329949/0), network size: 0, avg network size: 0, si_in_serializable: 0 0 %, local: 0 %
I1126 17:54:50.938793 1061410 Coordinator.h:126] commit: 976722 abort: 331744 (0/331744/0), network size: 0, avg network size: 0, si_in_serializable: 0 0 %, local: 0 %
I1126 17:54:51.938890 1061410 Coordinator.h:126] commit: 1000327 abort: 339673 (0/339673/0), network size: 0, avg network size: 0, si_in_serializable: 0 0 %, local: 0 %
I1126 17:54:52.938990 1061410 Coordinator.h:126] commit: 992599 abort: 337401 (0/337401/0), network size: 0, avg network size: 0, si_in_serializable: 0 0 %, local: 0 %
I1126 17:54:53.939088 1061410 Coordinator.h:126] commit: 999913 abort: 340087 (0/340087/0), network size: 0, avg network size: 0, si_in_serializable: 0 0 %, local: 0 %
I1126 17:54:54.939188 1061410 Coordinator.h:126] commit: 993587 abort: 336413 (0/336413/0), network size: 0, avg network size: 0, si_in_serializable: 0 0 %, local: 0 %
I1126 17:54:55.939314 1061410 Coordinator.h:126] commit: 985459 abort: 334541 (0/334541/0), network size: 0, avg network size: 0, si_in_serializable: 0 0 %, local: 0 %
I1126 17:54:56.939422 1061410 Coordinator.h:126] commit: 992169 abort: 337831 (0/337831/0), network size: 0, avg network size: 0, si_in_serializable: 0 0 %, local: 0 %
I1126 17:54:57.939522 1061410 Coordinator.h:126] commit: 992002 abort: 337998 (0/337998/0), network size: 0, avg network size: 0, si_in_serializable: 0 0 %, local: 0 %
I1126 17:54:58.939617 1061410 Coordinator.h:126] commit: 992166 abort: 337927 (0/337927/0), network size: 0, avg network size: 0, si_in_serializable: 0 0 %, local: 0 %
I1126 17:54:59.939716 1061410 Coordinator.h:126] commit: 1000291 abort: 339616 (0/339616/0), network size: 0, avg network size: 0, si_in_serializable: 0 0 %, local: 0 %
I1126 17:55:00.939816 1061410 Coordinator.h:126] commit: 992424 abort: 337576 (0/337576/0), network size: 0, avg network size: 0, si_in_serializable: 0 0 %, local: 0 %
I1126 17:55:01.939934 1061410 Coordinator.h:126] commit: 992424 abort: 337576 (0/337576/0), network size: 0, avg network size: 0, si_in_serializable: 0 0 %, local: 0 %
I1126 17:55:01.939960 1061410 Coordinator.h:152] average commit: 990408 abort: 336592 (0/336592/0), network size: 0, avg network size: 0, si_in_serializable: 0 0 %, local: 0 %
I1126 17:55:01.942680 1061438 Manager.h:227] Manager(worker id = 12) on the coordinator node exits.
I1126 17:55:01.942682 1061428 AriaExecutor.h:103] AriaExecutor 2 exits. 
I1126 17:55:01.942687 1061432 AriaExecutor.h:103] AriaExecutor 6 exits. 
I1126 17:55:01.942682 1061434 AriaExecutor.h:103] AriaExecutor 8 exits. 
I1126 17:55:01.942698 1061431 AriaExecutor.h:103] AriaExecutor 5 exits. 
I1126 17:55:01.942698 1061427 AriaExecutor.h:103] AriaExecutor 1 exits. 
I1126 17:55:01.942699 1061435 AriaExecutor.h:103] AriaExecutor 9 exits. 
I1126 17:55:01.942699 1061429 AriaExecutor.h:103] AriaExecutor 3 exits. 
I1126 17:55:01.942683 1061426 AriaExecutor.h:103] AriaExecutor 0 exits. 
I1126 17:55:01.942698 1061433 AriaExecutor.h:103] AriaExecutor 7 exits. 
I1126 17:55:01.942685 1061430 AriaExecutor.h:103] AriaExecutor 4 exits. 
I1126 17:55:01.942699 1061437 AriaExecutor.h:103] AriaExecutor 11 exits. 
I1126 17:55:01.942683 1061436 AriaExecutor.h:103] AriaExecutor 10 exits. 
I1126 17:55:01.939970 1061410 AriaExecutor.h:621] Worker 0 latency: 5905 us (50%) 6341 us (75%) 6654 us (95%) 6771 us (99%).
I1126 17:55:02.020328 1061410 AriaExecutor.h:621] Worker 1 latency: 5889 us (50%) 6332 us (75%) 6652 us (95%) 6768 us (99%).
I1126 17:55:02.109225 1061410 AriaExecutor.h:621] Worker 2 latency: 5913 us (50%) 6345 us (75%) 6654 us (95%) 6769 us (99%).
I1126 17:55:02.190981 1061410 AriaExecutor.h:621] Worker 3 latency: 5875 us (50%) 6326 us (75%) 6649 us (95%) 6766 us (99%).
I1126 17:55:02.277354 1061410 AriaExecutor.h:621] Worker 4 latency: 5899 us (50%) 6338 us (75%) 6652 us (95%) 6765 us (99%).
I1126 17:55:02.360648 1061410 AriaExecutor.h:621] Worker 5 latency: 5885 us (50%) 6330 us (75%) 6650 us (95%) 6765 us (99%).
I1126 17:55:02.447607 1061410 AriaExecutor.h:621] Worker 6 latency: 5894 us (50%) 6336 us (75%) 6651 us (95%) 6766 us (99%).
I1126 17:55:02.528174 1061410 AriaExecutor.h:621] Worker 7 latency: 5883 us (50%) 6329 us (75%) 6648 us (95%) 6764 us (99%).
I1126 17:55:02.615741 1061410 AriaExecutor.h:621] Worker 8 latency: 5899 us (50%) 6339 us (75%) 6653 us (95%) 6766 us (99%).
I1126 17:55:02.696628 1061410 AriaExecutor.h:621] Worker 9 latency: 5886 us (50%) 6331 us (75%) 6650 us (95%) 6764 us (99%).
I1126 17:55:02.782480 1061410 AriaExecutor.h:621] Worker 10 latency: 5912 us (50%) 6344 us (75%) 6654 us (95%) 6767 us (99%).
I1126 17:55:02.862957 1061410 AriaExecutor.h:621] Worker 11 latency: 5873 us (50%) 6326 us (75%) 6649 us (95%) 6764 us (99%).
I1126 17:55:02.950106 1061410 Coordinator.h:177] total commit: 990408
I1126 17:55:03.950220 1061410 Coordinator.h:192] Coordinator exits.
