I1126 13:27:59.635697 933045 Database.h:65] ycsb initialization finished in 30 milliseconds.
I1126 13:27:59.635792 933045 Coordinator.h:30] Coordinator initializes 12 workers.
I1126 13:27:59.707633 933045 Coordinator.h:77] Coordinator starts to run 13 workers.
I1126 13:27:59.707701 933061 AriaExecutor.h:82] AriaExecutor 0 started. 
I1126 13:27:59.707736 933062 AriaExecutor.h:82] AriaExecutor 1 started. 
I1126 13:27:59.707784 933063 AriaExecutor.h:82] AriaExecutor 2 started. 
I1126 13:27:59.707823 933064 AriaExecutor.h:82] AriaExecutor 3 started. 
I1126 13:27:59.707906 933066 AriaExecutor.h:82] AriaExecutor 5 started. 
I1126 13:27:59.707958 933067 AriaExecutor.h:82] AriaExecutor 6 started. 
I1126 13:27:59.707998 933068 AriaExecutor.h:82] AriaExecutor 7 started. 
I1126 13:27:59.708030 933069 AriaExecutor.h:82] AriaExecutor 8 started. 
I1126 13:27:59.708071 933070 AriaExecutor.h:82] AriaExecutor 9 started. 
I1126 13:27:59.708106 933071 AriaExecutor.h:82] AriaExecutor 10 started. 
I1126 13:27:59.708158 933072 AriaExecutor.h:82] AriaExecutor 11 started. 
I1126 13:27:59.708186 933065 AriaExecutor.h:82] AriaExecutor 4 started. 
I1126 13:27:59.708191 933073 Manager.h:224] Manager(worker id = 12) on the coordinator node started.
I1126 13:28:00.708259 933045 Coordinator.h:126] commit: 1939 abort: 148061 (0/148061/0), network size: 0, avg network size: 0, si_in_serializable: 0 0 %, local: 0 %
I1126 13:28:01.708397 933045 Coordinator.h:126] commit: 2041 abort: 157959 (0/157959/0), network size: 0, avg network size: 0, si_in_serializable: 0 0 %, local: 0 %
I1126 13:28:02.708531 933045 Coordinator.h:126] commit: 1878 abort: 148122 (0/148122/0), network size: 0, avg network size: 0, si_in_serializable: 0 0 %, local: 0 %
I1126 13:28:03.708645 933045 Coordinator.h:126] commit: 1986 abort: 158014 (0/158014/0), network size: 0, avg network size: 0, si_in_serializable: 0 0 %, local: 0 %
I1126 13:28:04.708758 933045 Coordinator.h:126] commit: 1993 abort: 158007 (0/158007/0), network size: 0, avg network size: 0, si_in_serializable: 0 0 %, local: 0 %
I1126 13:28:05.708873 933045 Coordinator.h:126] commit: 2114 abort: 157886 (0/157886/0), network size: 0, avg network size: 0, si_in_serializable: 0 0 %, local: 0 %
I1126 13:28:06.709012 933045 Coordinator.h:126] commit: 2055 abort: 157945 (0/157945/0), network size: 0, avg network size: 0, si_in_serializable: 0 0 %, local: 0 %
I1126 13:28:07.709131 933045 Coordinator.h:126] commit: 2014 abort: 157986 (0/157986/0), network size: 0, avg network size: 0, si_in_serializable: 0 0 %, local: 0 %
I1126 13:28:08.709247 933045 Coordinator.h:126] commit: 1994 abort: 158006 (0/158006/0), network size: 0, avg network size: 0, si_in_serializable: 0 0 %, local: 0 %
I1126 13:28:09.709364 933045 Coordinator.h:126] commit: 2174 abort: 167826 (0/167826/0), network size: 0, avg network size: 0, si_in_serializable: 0 0 %, local: 0 %
I1126 13:28:10.709486 933045 Coordinator.h:126] commit: 2017 abort: 157983 (0/157983/0), network size: 0, avg network size: 0, si_in_serializable: 0 0 %, local: 0 %
I1126 13:28:11.709604 933045 Coordinator.h:126] commit: 2068 abort: 157932 (0/157932/0), network size: 0, avg network size: 0, si_in_serializable: 0 0 %, local: 0 %
I1126 13:28:12.709709 933045 Coordinator.h:126] commit: 2060 abort: 157940 (0/157940/0), network size: 0, avg network size: 0, si_in_serializable: 0 0 %, local: 0 %
I1126 13:28:13.709843 933045 Coordinator.h:126] commit: 2129 abort: 157871 (0/157871/0), network size: 0, avg network size: 0, si_in_serializable: 0 0 %, local: 0 %
I1126 13:28:14.709967 933045 Coordinator.h:126] commit: 2046 abort: 157954 (0/157954/0), network size: 0, avg network size: 0, si_in_serializable: 0 0 %, local: 0 %
I1126 13:28:15.710085 933045 Coordinator.h:126] commit: 2075 abort: 157925 (0/157925/0), network size: 0, avg network size: 0, si_in_serializable: 0 0 %, local: 0 %
I1126 13:28:16.710197 933045 Coordinator.h:126] commit: 2053 abort: 157947 (0/157947/0), network size: 0, avg network size: 0, si_in_serializable: 0 0 %, local: 0 %
I1126 13:28:17.710343 933045 Coordinator.h:126] commit: 2027 abort: 157973 (0/157973/0), network size: 0, avg network size: 0, si_in_serializable: 0 0 %, local: 0 %
I1126 13:28:18.710462 933045 Coordinator.h:126] commit: 2041 abort: 157959 (0/157959/0), network size: 0, avg network size: 0, si_in_serializable: 0 0 %, local: 0 %
I1126 13:28:19.710577 933045 Coordinator.h:126] commit: 1924 abort: 148076 (0/148076/0), network size: 0, avg network size: 0, si_in_serializable: 0 0 %, local: 0 %
I1126 13:28:20.710707 933045 Coordinator.h:126] commit: 2018 abort: 157982 (0/157982/0), network size: 0, avg network size: 0, si_in_serializable: 0 0 %, local: 0 %
I1126 13:28:21.710820 933045 Coordinator.h:126] commit: 2095 abort: 157905 (0/157905/0), network size: 0, avg network size: 0, si_in_serializable: 0 0 %, local: 0 %
I1126 13:28:22.710932 933045 Coordinator.h:126] commit: 2036 abort: 157964 (0/157964/0), network size: 0, avg network size: 0, si_in_serializable: 0 0 %, local: 0 %
I1126 13:28:23.711042 933045 Coordinator.h:126] commit: 2049 abort: 157951 (0/157951/0), network size: 0, avg network size: 0, si_in_serializable: 0 0 %, local: 0 %
I1126 13:28:24.711158 933045 Coordinator.h:126] commit: 1992 abort: 158008 (0/158008/0), network size: 0, avg network size: 0, si_in_serializable: 0 0 %, local: 0 %
I1126 13:28:24.711196 933045 Coordinator.h:152] average commit: 2044 abort: 156956 (0/156956/0), network size: 0, avg network size: 0, si_in_serializable: 0 0 %, local: 0 %
I1126 13:28:24.711212 933045 AriaExecutor.h:535] Worker 0 latency: 61961 us (50%) 62322 us (75%) 63775 us (95%) 72510 us (99%).
I1126 13:28:24.737893 933065 AriaExecutor.h:94] AriaExecutor 4 exits. 
I1126 13:28:24.737895 933063 AriaExecutor.h:94] AriaExecutor 2 exits. 
I1126 13:28:24.737905 933073 Manager.h:227] Manager(worker id = 12) on the coordinator node exits.
I1126 13:28:24.737911 933070 AriaExecutor.h:94] AriaExecutor 9 exits. 
I1126 13:28:24.737895 933069 AriaExecutor.h:94] AriaExecutor 8 exits. 
I1126 13:28:24.737895 933061 AriaExecutor.h:94] AriaExecutor 0 exits. 
I1126 13:28:24.737900 933071 AriaExecutor.h:94] AriaExecutor 10 exits. 
I1126 13:28:24.737911 933068 AriaExecutor.h:94] AriaExecutor 7 exits. 
I1126 13:28:24.737911 933062 AriaExecutor.h:94] AriaExecutor 1 exits. 
I1126 13:28:24.737911 933066 AriaExecutor.h:94] AriaExecutor 5 exits. 
I1126 13:28:24.737911 933072 AriaExecutor.h:94] AriaExecutor 11 exits. 
I1126 13:28:24.737911 933064 AriaExecutor.h:94] AriaExecutor 3 exits. 
I1126 13:28:24.737895 933067 AriaExecutor.h:94] AriaExecutor 6 exits. 
I1126 13:28:24.738144 933045 AriaExecutor.h:535] Worker 1 latency: 61945 us (50%) 62300 us (75%) 63875 us (95%) 71933 us (99%).
I1126 13:28:24.738454 933045 AriaExecutor.h:535] Worker 2 latency: 61962 us (50%) 62309 us (75%) 63698 us (95%) 72197 us (99%).
I1126 13:28:24.738670 933045 AriaExecutor.h:535] Worker 3 latency: 61919 us (50%) 62283 us (75%) 63843 us (95%) 71920 us (99%).
I1126 13:28:24.738885 933045 AriaExecutor.h:535] Worker 4 latency: 61950 us (50%) 62332 us (75%) 63751 us (95%) 71825 us (99%).
I1126 13:28:24.739130 933045 AriaExecutor.h:535] Worker 5 latency: 61914 us (50%) 62287 us (75%) 63826 us (95%) 71957 us (99%).
I1126 13:28:24.739355 933045 AriaExecutor.h:535] Worker 6 latency: 61959 us (50%) 62314 us (75%) 63715 us (95%) 71776 us (99%).
I1126 13:28:24.739573 933045 AriaExecutor.h:535] Worker 7 latency: 61911 us (50%) 62287 us (75%) 63837 us (95%) 71769 us (99%).
I1126 13:28:24.739789 933045 AriaExecutor.h:535] Worker 8 latency: 61967 us (50%) 62346 us (75%) 63794 us (95%) 72486 us (99%).
I1126 13:28:24.740000 933045 AriaExecutor.h:535] Worker 9 latency: 61923 us (50%) 62295 us (75%) 63847 us (95%) 72351 us (99%).
I1126 13:28:24.740211 933045 AriaExecutor.h:535] Worker 10 latency: 61956 us (50%) 62325 us (75%) 63753 us (95%) 72410 us (99%).
I1126 13:28:24.740422 933045 AriaExecutor.h:535] Worker 11 latency: 61912 us (50%) 62277 us (75%) 63867 us (95%) 72187 us (99%).
I1126 13:28:24.740645 933045 Coordinator.h:177] total commit: 2044
I1126 13:28:25.740774 933045 Coordinator.h:192] Coordinator exits.
