I1126 13:51:27.609426 947822 Database.h:65] ycsb initialization finished in 30 milliseconds.
I1126 13:51:27.609529 947822 Coordinator.h:30] Coordinator initializes 12 workers.
I1126 13:51:27.617131 947822 Coordinator.h:77] Coordinator starts to run 13 workers.
I1126 13:51:27.617182 947838 AriaExecutor.h:82] AriaExecutor 0 started. 
I1126 13:51:27.617211 947839 AriaExecutor.h:82] AriaExecutor 1 started. 
I1126 13:51:27.617251 947840 AriaExecutor.h:82] AriaExecutor 2 started. 
I1126 13:51:27.617308 947841 AriaExecutor.h:82] AriaExecutor 3 started. 
I1126 13:51:27.617353 947842 AriaExecutor.h:82] AriaExecutor 4 started. 
I1126 13:51:27.617409 947843 AriaExecutor.h:82] AriaExecutor 5 started. 
I1126 13:51:27.617456 947844 AriaExecutor.h:82] AriaExecutor 6 started. 
I1126 13:51:27.617518 947845 AriaExecutor.h:82] AriaExecutor 7 started. 
I1126 13:51:27.617561 947846 AriaExecutor.h:82] AriaExecutor 8 started. 
I1126 13:51:27.617616 947847 AriaExecutor.h:82] AriaExecutor 9 started. 
I1126 13:51:27.617664 947848 AriaExecutor.h:82] AriaExecutor 10 started. 
I1126 13:51:27.617730 947849 AriaExecutor.h:82] AriaExecutor 11 started. 
I1126 13:51:27.617774 947850 Manager.h:224] Manager(worker id = 12) on the coordinator node started.
I1126 13:51:28.617833 947822 Coordinator.h:126] commit: 339305 abort: 512695 (0/512695/0), network size: 0, avg network size: 0, si_in_serializable: 0 0 %, local: 0 %
I1126 13:51:29.617962 947822 Coordinator.h:126] commit: 337355 abort: 510645 (0/510645/0), network size: 0, avg network size: 0, si_in_serializable: 0 0 %, local: 0 %
I1126 13:51:30.618083 947822 Coordinator.h:126] commit: 341429 abort: 515571 (0/515571/0), network size: 0, avg network size: 0, si_in_serializable: 0 0 %, local: 0 %
I1126 13:51:31.618186 947822 Coordinator.h:126] commit: 345721 abort: 523279 (0/523279/0), network size: 0, avg network size: 0, si_in_serializable: 0 0 %, local: 0 %
I1126 13:51:32.618278 947822 Coordinator.h:126] commit: 341205 abort: 516795 (0/516795/0), network size: 0, avg network size: 0, si_in_serializable: 0 0 %, local: 0 %
I1126 13:51:33.618371 947822 Coordinator.h:126] commit: 342408 abort: 515592 (0/515592/0), network size: 0, avg network size: 0, si_in_serializable: 0 0 %, local: 0 %
I1126 13:51:34.618489 947822 Coordinator.h:126] commit: 344775 abort: 520225 (0/520225/0), network size: 0, avg network size: 0, si_in_serializable: 0 0 %, local: 0 %
I1126 13:51:35.618597 947822 Coordinator.h:126] commit: 345398 abort: 522602 (0/522602/0), network size: 0, avg network size: 0, si_in_serializable: 0 0 %, local: 0 %
I1126 13:51:36.618688 947822 Coordinator.h:126] commit: 342487 abort: 516513 (0/516513/0), network size: 0, avg network size: 0, si_in_serializable: 0 0 %, local: 0 %
I1126 13:51:37.618780 947822 Coordinator.h:126] commit: 337648 abort: 509352 (0/509352/0), network size: 0, avg network size: 0, si_in_serializable: 0 0 %, local: 0 %
I1126 13:51:38.618871 947822 Coordinator.h:126] commit: 345204 abort: 521796 (0/521796/0), network size: 0, avg network size: 0, si_in_serializable: 0 0 %, local: 0 %
I1126 13:51:39.618965 947822 Coordinator.h:126] commit: 345330 abort: 522670 (0/522670/0), network size: 0, avg network size: 0, si_in_serializable: 0 0 %, local: 0 %
I1126 13:51:40.619081 947822 Coordinator.h:126] commit: 343940 abort: 521060 (0/521060/0), network size: 0, avg network size: 0, si_in_serializable: 0 0 %, local: 0 %
I1126 13:51:41.619184 947822 Coordinator.h:126] commit: 345670 abort: 524330 (0/524330/0), network size: 0, avg network size: 0, si_in_serializable: 0 0 %, local: 0 %
I1126 13:51:42.619280 947822 Coordinator.h:126] commit: 345088 abort: 521912 (0/521912/0), network size: 0, avg network size: 0, si_in_serializable: 0 0 %, local: 0 %
I1126 13:51:43.619371 947822 Coordinator.h:126] commit: 345756 abort: 523244 (0/523244/0), network size: 0, avg network size: 0, si_in_serializable: 0 0 %, local: 0 %
I1126 13:51:44.619465 947822 Coordinator.h:126] commit: 344180 abort: 521820 (0/521820/0), network size: 0, avg network size: 0, si_in_serializable: 0 0 %, local: 0 %
I1126 13:51:45.619555 947822 Coordinator.h:126] commit: 345137 abort: 521863 (0/521863/0), network size: 0, avg network size: 0, si_in_serializable: 0 0 %, local: 0 %
I1126 13:51:46.619647 947822 Coordinator.h:126] commit: 333568 abort: 505432 (0/505432/0), network size: 0, avg network size: 0, si_in_serializable: 0 0 %, local: 0 %
I1126 13:51:47.619738 947822 Coordinator.h:126] commit: 345852 abort: 522148 (0/522148/0), network size: 0, avg network size: 0, si_in_serializable: 0 0 %, local: 0 %
I1126 13:51:48.619828 947822 Coordinator.h:126] commit: 345173 abort: 521827 (0/521827/0), network size: 0, avg network size: 0, si_in_serializable: 0 0 %, local: 0 %
I1126 13:51:49.619916 947822 Coordinator.h:126] commit: 345279 abort: 522721 (0/522721/0), network size: 0, avg network size: 0, si_in_serializable: 0 0 %, local: 0 %
I1126 13:51:50.620007 947822 Coordinator.h:126] commit: 345707 abort: 522293 (0/522293/0), network size: 0, avg network size: 0, si_in_serializable: 0 0 %, local: 0 %
I1126 13:51:51.620095 947822 Coordinator.h:126] commit: 345877 abort: 523123 (0/523123/0), network size: 0, avg network size: 0, si_in_serializable: 0 0 %, local: 0 %
I1126 13:51:52.620185 947822 Coordinator.h:126] commit: 345880 abort: 523120 (0/523120/0), network size: 0, avg network size: 0, si_in_serializable: 0 0 %, local: 0 %
I1126 13:51:52.620206 947822 Coordinator.h:152] average commit: 343972 abort: 520628 (0/520628/0), network size: 0, avg network size: 0, si_in_serializable: 0 0 %, local: 0 %
I1126 13:51:52.621268 947850 Manager.h:227] Manager(worker id = 12) on the coordinator node exits.
I1126 13:51:52.621273 947846 AriaExecutor.h:94] AriaExecutor 8 exits. 
I1126 13:51:52.621279 947844 AriaExecutor.h:94] AriaExecutor 6 exits. 
I1126 13:51:52.621275 947848 AriaExecutor.h:94] AriaExecutor 10 exits. 
I1126 13:51:52.621285 947847 AriaExecutor.h:94] AriaExecutor 9 exits. 
I1126 13:51:52.621273 947840 AriaExecutor.h:94] AriaExecutor 2 exits. 
I1126 13:51:52.621285 947845 AriaExecutor.h:94] AriaExecutor 7 exits. 
I1126 13:51:52.621285 947839 AriaExecutor.h:94] AriaExecutor 1 exits. 
I1126 13:51:52.621286 947843 AriaExecutor.h:94] AriaExecutor 5 exits. 
I1126 13:51:52.621286 947841 AriaExecutor.h:94] AriaExecutor 3 exits. 
I1126 13:51:52.621287 947849 AriaExecutor.h:94] AriaExecutor 11 exits. 
I1126 13:51:52.621273 947838 AriaExecutor.h:94] AriaExecutor 0 exits. 
I1126 13:51:52.621289 947842 AriaExecutor.h:94] AriaExecutor 4 exits. 
I1126 13:51:52.620218 947822 AriaExecutor.h:535] Worker 0 latency: 844 us (50%) 1009 us (75%) 1101 us (95%) 1122 us (99%).
I1126 13:51:52.652602 947822 AriaExecutor.h:535] Worker 1 latency: 844 us (50%) 1008 us (75%) 1100 us (95%) 1121 us (99%).
I1126 13:51:52.685094 947822 AriaExecutor.h:535] Worker 2 latency: 843 us (50%) 1008 us (75%) 1101 us (95%) 1121 us (99%).
I1126 13:51:52.717197 947822 AriaExecutor.h:535] Worker 3 latency: 844 us (50%) 1007 us (75%) 1100 us (95%) 1120 us (99%).
I1126 13:51:52.749291 947822 AriaExecutor.h:535] Worker 4 latency: 846 us (50%) 1007 us (75%) 1100 us (95%) 1121 us (99%).
I1126 13:51:52.781530 947822 AriaExecutor.h:535] Worker 5 latency: 844 us (50%) 1006 us (75%) 1099 us (95%) 1120 us (99%).
I1126 13:51:52.813122 947822 AriaExecutor.h:535] Worker 6 latency: 846 us (50%) 1007 us (75%) 1100 us (95%) 1121 us (99%).
I1126 13:51:52.844583 947822 AriaExecutor.h:535] Worker 7 latency: 843 us (50%) 1005 us (75%) 1099 us (95%) 1120 us (99%).
I1126 13:51:52.876606 947822 AriaExecutor.h:535] Worker 8 latency: 845 us (50%) 1007 us (75%) 1100 us (95%) 1121 us (99%).
I1126 13:51:52.908193 947822 AriaExecutor.h:535] Worker 9 latency: 843 us (50%) 1005 us (75%) 1099 us (95%) 1120 us (99%).
I1126 13:51:52.939337 947822 AriaExecutor.h:535] Worker 10 latency: 843 us (50%) 1006 us (75%) 1099 us (95%) 1121 us (99%).
I1126 13:51:52.970098 947822 AriaExecutor.h:535] Worker 11 latency: 841 us (50%) 1004 us (75%) 1099 us (95%) 1120 us (99%).
I1126 13:51:53.001514 947822 Coordinator.h:177] total commit: 343972
I1126 13:51:54.001641 947822 Coordinator.h:192] Coordinator exits.
