I0911 21:54:01.860273 2928853 Database.h:65] ycsb initialization finished in 149 milliseconds.
I0911 21:54:01.860388 2928853 Coordinator.h:30] Coordinator initializes 16 workers.
I0911 21:54:01.890961 2928853 Coordinator.h:77] Coordinator starts to run 17 workers.
I0911 21:54:01.891029 2928873 AriaExecutor.h:82] AriaExecutor 0 started. 
I0911 21:54:01.891072 2928874 AriaExecutor.h:82] AriaExecutor 1 started. 
I0911 21:54:01.891114 2928875 AriaExecutor.h:82] AriaExecutor 2 started. 
I0911 21:54:01.891170 2928876 AriaExecutor.h:82] AriaExecutor 3 started. 
I0911 21:54:01.891206 2928877 AriaExecutor.h:82] AriaExecutor 4 started. 
I0911 21:54:01.891247 2928878 AriaExecutor.h:82] AriaExecutor 5 started. 
I0911 21:54:01.891287 2928879 AriaExecutor.h:82] AriaExecutor 6 started. 
I0911 21:54:01.891338 2928880 AriaExecutor.h:82] AriaExecutor 7 started. 
I0911 21:54:01.891378 2928881 AriaExecutor.h:82] AriaExecutor 8 started. 
I0911 21:54:01.891423 2928882 AriaExecutor.h:82] AriaExecutor 9 started. 
I0911 21:54:01.891459 2928883 AriaExecutor.h:82] AriaExecutor 10 started. 
I0911 21:54:01.891503 2928884 AriaExecutor.h:82] AriaExecutor 11 started. 
I0911 21:54:01.891537 2928885 AriaExecutor.h:82] AriaExecutor 12 started. 
I0911 21:54:01.891582 2928886 AriaExecutor.h:82] AriaExecutor 13 started. 
I0911 21:54:01.891619 2928887 AriaExecutor.h:82] AriaExecutor 14 started. 
I0911 21:54:01.891676 2928888 AriaExecutor.h:82] AriaExecutor 15 started. 
I0911 21:54:01.891708 2928889 Manager.h:224] Manager(worker id = 16) on the coordinator node started.
I0911 21:54:02.891790 2928853 Coordinator.h:126] commit: 88286 abort: 83746 (0/83746/0), network size: 0, avg network size: 0, si_in_serializable: 0 0 %, local: 0 %
I0911 21:54:03.891994 2928853 Coordinator.h:126] commit: 100872 abort: 95736 (0/95736/0), network size: 0, avg network size: 0, si_in_serializable: 0 0 %, local: 0 %
I0911 21:54:04.892086 2928853 Coordinator.h:126] commit: 98676 abort: 93836 (0/93836/0), network size: 0, avg network size: 0, si_in_serializable: 0 0 %, local: 0 %
I0911 21:54:05.892167 2928853 Coordinator.h:126] commit: 102979 abort: 97725 (0/97725/0), network size: 0, avg network size: 0, si_in_serializable: 0 0 %, local: 0 %
I0911 21:54:06.892288 2928853 Coordinator.h:126] commit: 109216 abort: 103776 (0/103776/0), network size: 0, avg network size: 0, si_in_serializable: 0 0 %, local: 0 %
I0911 21:54:07.892387 2928853 Coordinator.h:126] commit: 107312 abort: 101584 (0/101584/0), network size: 0, avg network size: 0, si_in_serializable: 0 0 %, local: 0 %
I0911 21:54:08.892475 2928853 Coordinator.h:126] commit: 109085 abort: 103907 (0/103907/0), network size: 0, avg network size: 0, si_in_serializable: 0 0 %, local: 0 %
I0911 21:54:09.892561 2928853 Coordinator.h:126] commit: 108247 abort: 102115 (0/102115/0), network size: 0, avg network size: 0, si_in_serializable: 0 0 %, local: 0 %
I0911 21:54:10.892647 2928853 Coordinator.h:126] commit: 110124 abort: 105498 (0/105498/0), network size: 0, avg network size: 0, si_in_serializable: 0 0 %, local: 0 %
I0911 21:54:11.892736 2928853 Coordinator.h:126] commit: 106924 abort: 101972 (0/101972/0), network size: 0, avg network size: 0, si_in_serializable: 0 0 %, local: 0 %
I0911 21:54:12.892825 2928853 Coordinator.h:126] commit: 106963 abort: 101933 (0/101933/0), network size: 0, avg network size: 0, si_in_serializable: 0 0 %, local: 0 %
I0911 21:54:13.892956 2928853 Coordinator.h:126] commit: 111422 abort: 105666 (0/105666/0), network size: 0, avg network size: 0, si_in_serializable: 0 0 %, local: 0 %
I0911 21:54:14.893055 2928853 Coordinator.h:126] commit: 111415 abort: 105673 (0/105673/0), network size: 0, avg network size: 0, si_in_serializable: 0 0 %, local: 0 %
I0911 21:54:15.893141 2928853 Coordinator.h:126] commit: 111056 abort: 106032 (0/106032/0), network size: 0, avg network size: 0, si_in_serializable: 0 0 %, local: 0 %
I0911 21:54:16.893234 2928853 Coordinator.h:126] commit: 111379 abort: 105709 (0/105709/0), network size: 0, avg network size: 0, si_in_serializable: 0 0 %, local: 0 %
I0911 21:54:17.893340 2928853 Coordinator.h:126] commit: 111305 abort: 105783 (0/105783/0), network size: 0, avg network size: 0, si_in_serializable: 0 0 %, local: 0 %
I0911 21:54:18.893446 2928853 Coordinator.h:126] commit: 111328 abort: 105760 (0/105760/0), network size: 0, avg network size: 0, si_in_serializable: 0 0 %, local: 0 %
I0911 21:54:19.893532 2928853 Coordinator.h:126] commit: 111658 abort: 105430 (0/105430/0), network size: 0, avg network size: 0, si_in_serializable: 0 0 %, local: 0 %
I0911 21:54:20.893625 2928853 Coordinator.h:126] commit: 111676 abort: 105412 (0/105412/0), network size: 0, avg network size: 0, si_in_serializable: 0 0 %, local: 0 %
I0911 21:54:21.893725 2928853 Coordinator.h:126] commit: 111226 abort: 105862 (0/105862/0), network size: 0, avg network size: 0, si_in_serializable: 0 0 %, local: 0 %
I0911 21:54:22.893828 2928853 Coordinator.h:126] commit: 111475 abort: 105613 (0/105613/0), network size: 0, avg network size: 0, si_in_serializable: 0 0 %, local: 0 %
I0911 21:54:23.893919 2928853 Coordinator.h:126] commit: 111447 abort: 105641 (0/105641/0), network size: 0, avg network size: 0, si_in_serializable: 0 0 %, local: 0 %
I0911 21:54:24.894008 2928853 Coordinator.h:126] commit: 111204 abort: 105884 (0/105884/0), network size: 0, avg network size: 0, si_in_serializable: 0 0 %, local: 0 %
I0911 21:54:25.894106 2928853 Coordinator.h:126] commit: 109261 abort: 103731 (0/103731/0), network size: 0, avg network size: 0, si_in_serializable: 0 0 %, local: 0 %
I0911 21:54:26.894191 2928853 Coordinator.h:126] commit: 107262 abort: 101634 (0/101634/0), network size: 0, avg network size: 0, si_in_serializable: 0 0 %, local: 0 %
I0911 21:54:26.894203 2928853 Coordinator.h:152] average commit: 110943 abort: 105326 (0/105326/0), network size: 0, avg network size: 0, si_in_serializable: 0 0 %, local: 0 %
I0911 21:54:26.900370 2928877 AriaExecutor.h:94] AriaExecutor 4 exits. 
I0911 21:54:26.900393 2928880 AriaExecutor.h:94] AriaExecutor 7 exits. 
I0911 21:54:26.900372 2928885 AriaExecutor.h:94] AriaExecutor 12 exits. 
I0911 21:54:26.900374 2928875 AriaExecutor.h:94] AriaExecutor 2 exits. 
I0911 21:54:26.900374 2928883 AriaExecutor.h:94] AriaExecutor 10 exits. 
I0911 21:54:26.900372 2928887 AriaExecutor.h:94] AriaExecutor 14 exits. 
I0911 21:54:26.900370 2928889 Manager.h:227] Manager(worker id = 16) on the coordinator node exits.
I0911 21:54:26.900375 2928873 AriaExecutor.h:94] AriaExecutor 0 exits. 
I0911 21:54:26.900377 2928881 AriaExecutor.h:94] AriaExecutor 8 exits. 
I0911 21:54:26.900393 2928884 AriaExecutor.h:94] AriaExecutor 11 exits. 
I0911 21:54:26.900393 2928882 AriaExecutor.h:94] AriaExecutor 9 exits. 
I0911 21:54:26.900393 2928874 AriaExecutor.h:94] AriaExecutor 1 exits. 
I0911 21:54:26.900393 2928878 AriaExecutor.h:94] AriaExecutor 5 exits. 
I0911 21:54:26.900393 2928886 AriaExecutor.h:94] AriaExecutor 13 exits. 
I0911 21:54:26.900393 2928876 AriaExecutor.h:94] AriaExecutor 3 exits. 
I0911 21:54:26.900393 2928888 AriaExecutor.h:94] AriaExecutor 15 exits. 
I0911 21:54:26.900372 2928879 AriaExecutor.h:94] AriaExecutor 6 exits. 
I0911 21:54:26.894213 2928853 AriaExecutor.h:535] Worker 0 latency: 15410 us (50%) 16948 us (75%) 18126 us (95%) 21333 us (99%).
I0911 21:54:26.903299 2928853 AriaExecutor.h:535] Worker 1 latency: 15379 us (50%) 16922 us (75%) 18121 us (95%) 21182 us (99%).
I0911 21:54:26.913233 2928853 AriaExecutor.h:535] Worker 2 latency: 15412 us (50%) 16940 us (75%) 18109 us (95%) 21200 us (99%).
I0911 21:54:26.922309 2928853 AriaExecutor.h:535] Worker 3 latency: 15385 us (50%) 16931 us (75%) 18132 us (95%) 21224 us (99%).
I0911 21:54:26.932049 2928853 AriaExecutor.h:535] Worker 4 latency: 15391 us (50%) 16930 us (75%) 18105 us (95%) 21195 us (99%).
I0911 21:54:26.941043 2928853 AriaExecutor.h:535] Worker 5 latency: 15366 us (50%) 16926 us (75%) 18136 us (95%) 21227 us (99%).
I0911 21:54:26.950913 2928853 AriaExecutor.h:535] Worker 6 latency: 15401 us (50%) 16937 us (75%) 18104 us (95%) 21161 us (99%).
I0911 21:54:26.959887 2928853 AriaExecutor.h:535] Worker 7 latency: 15370 us (50%) 16921 us (75%) 18115 us (95%) 21213 us (99%).
I0911 21:54:26.969702 2928853 AriaExecutor.h:535] Worker 8 latency: 15382 us (50%) 16933 us (75%) 18105 us (95%) 21191 us (99%).
I0911 21:54:26.978596 2928853 AriaExecutor.h:535] Worker 9 latency: 15385 us (50%) 16930 us (75%) 18137 us (95%) 21272 us (99%).
I0911 21:54:26.988560 2928853 AriaExecutor.h:535] Worker 10 latency: 15414 us (50%) 16941 us (75%) 18111 us (95%) 21162 us (99%).
I0911 21:54:26.997288 2928853 AriaExecutor.h:535] Worker 11 latency: 15388 us (50%) 16930 us (75%) 18135 us (95%) 21234 us (99%).
I0911 21:54:27.007228 2928853 AriaExecutor.h:535] Worker 12 latency: 15405 us (50%) 16939 us (75%) 18114 us (95%) 21236 us (99%).
I0911 21:54:27.016204 2928853 AriaExecutor.h:535] Worker 13 latency: 15369 us (50%) 16929 us (75%) 18124 us (95%) 21216 us (99%).
I0911 21:54:27.026243 2928853 AriaExecutor.h:535] Worker 14 latency: 15417 us (50%) 16944 us (75%) 18118 us (95%) 21237 us (99%).
I0911 21:54:27.035189 2928853 AriaExecutor.h:535] Worker 15 latency: 15392 us (50%) 16926 us (75%) 18124 us (95%) 21204 us (99%).
I0911 21:54:27.045073 2928853 Coordinator.h:177] total commit: 110943
I0911 21:54:28.045194 2928853 Coordinator.h:192] Coordinator exits.
