I1126 13:49:41.600219 946765 Database.h:65] ycsb initialization finished in 30 milliseconds.
I1126 13:49:41.600327 946765 Coordinator.h:30] Coordinator initializes 12 workers.
I1126 13:49:41.607941 946765 Coordinator.h:77] Coordinator starts to run 13 workers.
I1126 13:49:41.607998 946781 AriaExecutor.h:82] AriaExecutor 0 started. 
I1126 13:49:41.608031 946782 AriaExecutor.h:82] AriaExecutor 1 started. 
I1126 13:49:41.608067 946783 AriaExecutor.h:82] AriaExecutor 2 started. 
I1126 13:49:41.608115 946784 AriaExecutor.h:82] AriaExecutor 3 started. 
I1126 13:49:41.608166 946785 AriaExecutor.h:82] AriaExecutor 4 started. 
I1126 13:49:41.608220 946786 AriaExecutor.h:82] AriaExecutor 5 started. 
I1126 13:49:41.608263 946787 AriaExecutor.h:82] AriaExecutor 6 started. 
I1126 13:49:41.608320 946788 AriaExecutor.h:82] AriaExecutor 7 started. 
I1126 13:49:41.608367 946789 AriaExecutor.h:82] AriaExecutor 8 started. 
I1126 13:49:41.608422 946790 AriaExecutor.h:82] AriaExecutor 9 started. 
I1126 13:49:41.608470 946791 AriaExecutor.h:82] AriaExecutor 10 started. 
I1126 13:49:41.608533 946792 AriaExecutor.h:82] AriaExecutor 11 started. 
I1126 13:49:41.608582 946793 Manager.h:224] Manager(worker id = 12) on the coordinator node started.
I1126 13:49:42.608647 946765 Coordinator.h:126] commit: 736406 abort: 279594 (0/279594/0), network size: 0, avg network size: 0, si_in_serializable: 0 0 %, local: 0 %
I1126 13:49:43.608760 946765 Coordinator.h:126] commit: 728882 abort: 276118 (0/276118/0), network size: 0, avg network size: 0, si_in_serializable: 0 0 %, local: 0 %
I1126 13:49:44.608880 946765 Coordinator.h:126] commit: 738191 abort: 279809 (0/279809/0), network size: 0, avg network size: 0, si_in_serializable: 0 0 %, local: 0 %
I1126 13:49:45.608983 946765 Coordinator.h:126] commit: 746285 abort: 283715 (0/283715/0), network size: 0, avg network size: 0, si_in_serializable: 0 0 %, local: 0 %
I1126 13:49:46.609076 946765 Coordinator.h:126] commit: 733733 abort: 278267 (0/278267/0), network size: 0, avg network size: 0, si_in_serializable: 0 0 %, local: 0 %
I1126 13:49:47.609171 946765 Coordinator.h:126] commit: 741807 abort: 281193 (0/281193/0), network size: 0, avg network size: 0, si_in_serializable: 0 0 %, local: 0 %
I1126 13:49:48.609261 946765 Coordinator.h:126] commit: 746979 abort: 284021 (0/284021/0), network size: 0, avg network size: 0, si_in_serializable: 0 0 %, local: 0 %
I1126 13:49:49.609377 946765 Coordinator.h:126] commit: 741294 abort: 280706 (0/280706/0), network size: 0, avg network size: 0, si_in_serializable: 0 0 %, local: 0 %
I1126 13:49:50.609472 946765 Coordinator.h:126] commit: 718931 abort: 274069 (0/274069/0), network size: 0, avg network size: 0, si_in_serializable: 0 0 %, local: 0 %
I1126 13:49:51.609565 946765 Coordinator.h:126] commit: 746702 abort: 284298 (0/284298/0), network size: 0, avg network size: 0, si_in_serializable: 0 0 %, local: 0 %
I1126 13:49:52.609652 946765 Coordinator.h:126] commit: 745893 abort: 283107 (0/283107/0), network size: 0, avg network size: 0, si_in_serializable: 0 0 %, local: 0 %
I1126 13:49:53.609745 946765 Coordinator.h:126] commit: 743512 abort: 283488 (0/283488/0), network size: 0, avg network size: 0, si_in_serializable: 0 0 %, local: 0 %
I1126 13:49:54.609838 946765 Coordinator.h:126] commit: 745635 abort: 283365 (0/283365/0), network size: 0, avg network size: 0, si_in_serializable: 0 0 %, local: 0 %
I1126 13:49:55.609951 946765 Coordinator.h:126] commit: 743054 abort: 281946 (0/281946/0), network size: 0, avg network size: 0, si_in_serializable: 0 0 %, local: 0 %
I1126 13:49:56.610054 946765 Coordinator.h:126] commit: 746026 abort: 283974 (0/283974/0), network size: 0, avg network size: 0, si_in_serializable: 0 0 %, local: 0 %
I1126 13:49:57.610145 946765 Coordinator.h:126] commit: 748519 abort: 284481 (0/284481/0), network size: 0, avg network size: 0, si_in_serializable: 0 0 %, local: 0 %
I1126 13:49:58.610239 946765 Coordinator.h:126] commit: 725413 abort: 276587 (0/276587/0), network size: 0, avg network size: 0, si_in_serializable: 0 0 %, local: 0 %
I1126 13:49:59.610333 946765 Coordinator.h:126] commit: 707626 abort: 269374 (0/269374/0), network size: 0, avg network size: 0, si_in_serializable: 0 0 %, local: 0 %
I1126 13:50:00.610425 946765 Coordinator.h:126] commit: 746858 abort: 283142 (0/283142/0), network size: 0, avg network size: 0, si_in_serializable: 0 0 %, local: 0 %
I1126 13:50:01.610535 946765 Coordinator.h:126] commit: 747238 abort: 283762 (0/283762/0), network size: 0, avg network size: 0, si_in_serializable: 0 0 %, local: 0 %
I1126 13:50:02.610628 946765 Coordinator.h:126] commit: 744386 abort: 282614 (0/282614/0), network size: 0, avg network size: 0, si_in_serializable: 0 0 %, local: 0 %
I1126 13:50:03.610718 946765 Coordinator.h:126] commit: 748575 abort: 283425 (0/283425/0), network size: 0, avg network size: 0, si_in_serializable: 0 0 %, local: 0 %
I1126 13:50:04.610807 946765 Coordinator.h:126] commit: 745017 abort: 282983 (0/282983/0), network size: 0, avg network size: 0, si_in_serializable: 0 0 %, local: 0 %
I1126 13:50:05.610901 946765 Coordinator.h:126] commit: 747716 abort: 284284 (0/284284/0), network size: 0, avg network size: 0, si_in_serializable: 0 0 %, local: 0 %
I1126 13:50:06.610996 946765 Coordinator.h:126] commit: 747016 abort: 283984 (0/283984/0), network size: 0, avg network size: 0, si_in_serializable: 0 0 %, local: 0 %
I1126 13:50:06.611018 946765 Coordinator.h:152] average commit: 739977 abort: 281323 (0/281323/0), network size: 0, avg network size: 0, si_in_serializable: 0 0 %, local: 0 %
I1126 13:50:06.611200 946793 Manager.h:227] Manager(worker id = 12) on the coordinator node exits.
I1126 13:50:06.611202 946789 AriaExecutor.h:94] AriaExecutor 8 exits. 
I1126 13:50:06.611207 946787 AriaExecutor.h:94] AriaExecutor 6 exits. 
I1126 13:50:06.611202 946785 AriaExecutor.h:94] AriaExecutor 4 exits. 
I1126 13:50:06.611214 946782 AriaExecutor.h:94] AriaExecutor 1 exits. 
I1126 13:50:06.611214 946784 AriaExecutor.h:94] AriaExecutor 3 exits. 
I1126 13:50:06.611214 946788 AriaExecutor.h:94] AriaExecutor 7 exits. 
I1126 13:50:06.611214 946790 AriaExecutor.h:94] AriaExecutor 9 exits. 
I1126 13:50:06.611203 946781 AriaExecutor.h:94] AriaExecutor 0 exits. 
I1126 13:50:06.611205 946783 AriaExecutor.h:94] AriaExecutor 2 exits. 
I1126 13:50:06.611203 946791 AriaExecutor.h:94] AriaExecutor 10 exits. 
I1126 13:50:06.611215 946792 AriaExecutor.h:94] AriaExecutor 11 exits. 
I1126 13:50:06.611214 946786 AriaExecutor.h:94] AriaExecutor 5 exits. 
I1126 13:50:06.611029 946765 AriaExecutor.h:535] Worker 0 latency: 604 us (50%) 783 us (75%) 909 us (95%) 934 us (99%).
I1126 13:50:06.676709 946765 AriaExecutor.h:535] Worker 1 latency: 603 us (50%) 781 us (75%) 908 us (95%) 933 us (99%).
I1126 13:50:06.742550 946765 AriaExecutor.h:535] Worker 2 latency: 603 us (50%) 782 us (75%) 909 us (95%) 933 us (99%).
I1126 13:50:06.808681 946765 AriaExecutor.h:535] Worker 3 latency: 603 us (50%) 782 us (75%) 908 us (95%) 933 us (99%).
I1126 13:50:06.874117 946765 AriaExecutor.h:535] Worker 4 latency: 607 us (50%) 784 us (75%) 909 us (95%) 934 us (99%).
I1126 13:50:06.938294 946765 AriaExecutor.h:535] Worker 5 latency: 605 us (50%) 782 us (75%) 908 us (95%) 933 us (99%).
I1126 13:50:07.003284 946765 AriaExecutor.h:535] Worker 6 latency: 607 us (50%) 784 us (75%) 909 us (95%) 933 us (99%).
I1126 13:50:07.067924 946765 AriaExecutor.h:535] Worker 7 latency: 605 us (50%) 782 us (75%) 908 us (95%) 933 us (99%).
I1126 13:50:07.132292 946765 AriaExecutor.h:535] Worker 8 latency: 607 us (50%) 783 us (75%) 909 us (95%) 933 us (99%).
I1126 13:50:07.196177 946765 AriaExecutor.h:535] Worker 9 latency: 605 us (50%) 782 us (75%) 908 us (95%) 933 us (99%).
I1126 13:50:07.261637 946765 AriaExecutor.h:535] Worker 10 latency: 607 us (50%) 783 us (75%) 909 us (95%) 933 us (99%).
I1126 13:50:07.325820 946765 AriaExecutor.h:535] Worker 11 latency: 605 us (50%) 782 us (75%) 908 us (95%) 933 us (99%).
I1126 13:50:07.389694 946765 Coordinator.h:177] total commit: 739977
I1126 13:50:08.389806 946765 Coordinator.h:192] Coordinator exits.
