I1126 13:25:47.160477 931659 Database.h:65] ycsb initialization finished in 30 milliseconds.
I1126 13:25:47.160568 931659 Coordinator.h:30] Coordinator initializes 12 workers.
I1126 13:25:47.168051 931659 Coordinator.h:77] Coordinator starts to run 13 workers.
I1126 13:25:47.168123 931675 AriaExecutor.h:82] AriaExecutor 0 started. 
I1126 13:25:47.168139 931676 AriaExecutor.h:82] AriaExecutor 1 started. 
I1126 13:25:47.168190 931677 AriaExecutor.h:82] AriaExecutor 2 started. 
I1126 13:25:47.168226 931678 AriaExecutor.h:82] AriaExecutor 3 started. 
I1126 13:25:47.168249 931679 AriaExecutor.h:82] AriaExecutor 4 started. 
I1126 13:25:47.168290 931680 AriaExecutor.h:82] AriaExecutor 5 started. 
I1126 13:25:47.168322 931681 AriaExecutor.h:82] AriaExecutor 6 started. 
I1126 13:25:47.168358 931682 AriaExecutor.h:82] AriaExecutor 7 started. 
I1126 13:25:47.168391 931683 AriaExecutor.h:82] AriaExecutor 8 started. 
I1126 13:25:47.168422 931684 AriaExecutor.h:82] AriaExecutor 9 started. 
I1126 13:25:47.168453 931685 AriaExecutor.h:82] AriaExecutor 10 started. 
I1126 13:25:47.168483 931686 AriaExecutor.h:82] AriaExecutor 11 started. 
I1126 13:25:47.168519 931687 Manager.h:224] Manager(worker id = 12) on the coordinator node started.
I1126 13:25:48.168567 931659 Coordinator.h:126] commit: 77704 abort: 149296 (0/149296/0), network size: 0, avg network size: 0, si_in_serializable: 0 0 %, local: 0 %
I1126 13:25:49.168689 931659 Coordinator.h:126] commit: 78584 abort: 149416 (0/149416/0), network size: 0, avg network size: 0, si_in_serializable: 0 0 %, local: 0 %
I1126 13:25:50.168800 931659 Coordinator.h:126] commit: 78865 abort: 151135 (0/151135/0), network size: 0, avg network size: 0, si_in_serializable: 0 0 %, local: 0 %
I1126 13:25:51.168908 931659 Coordinator.h:126] commit: 80015 abort: 152985 (0/152985/0), network size: 0, avg network size: 0, si_in_serializable: 0 0 %, local: 0 %
I1126 13:25:52.168993 931659 Coordinator.h:126] commit: 79582 abort: 152418 (0/152418/0), network size: 0, avg network size: 0, si_in_serializable: 0 0 %, local: 0 %
I1126 13:25:53.169075 931659 Coordinator.h:126] commit: 78807 abort: 150193 (0/150193/0), network size: 0, avg network size: 0, si_in_serializable: 0 0 %, local: 0 %
I1126 13:25:54.169183 931659 Coordinator.h:126] commit: 79570 abort: 152430 (0/152430/0), network size: 0, avg network size: 0, si_in_serializable: 0 0 %, local: 0 %
I1126 13:25:55.169279 931659 Coordinator.h:126] commit: 78624 abort: 151388 (0/151388/0), network size: 0, avg network size: 0, si_in_serializable: 0 0 %, local: 0 %
I1126 13:25:56.169394 931659 Coordinator.h:126] commit: 79370 abort: 152618 (0/152618/0), network size: 0, avg network size: 0, si_in_serializable: 0 0 %, local: 0 %
I1126 13:25:57.169497 931659 Coordinator.h:126] commit: 79242 abort: 151758 (0/151758/0), network size: 0, avg network size: 0, si_in_serializable: 0 0 %, local: 0 %
I1126 13:25:58.169581 931659 Coordinator.h:126] commit: 78886 abort: 152114 (0/152114/0), network size: 0, avg network size: 0, si_in_serializable: 0 0 %, local: 0 %
I1126 13:25:59.169664 931659 Coordinator.h:126] commit: 79650 abort: 152350 (0/152350/0), network size: 0, avg network size: 0, si_in_serializable: 0 0 %, local: 0 %
I1126 13:26:00.169756 931659 Coordinator.h:126] commit: 79703 abort: 152297 (0/152297/0), network size: 0, avg network size: 0, si_in_serializable: 0 0 %, local: 0 %
I1126 13:26:01.169894 931659 Coordinator.h:126] commit: 79378 abort: 151622 (0/151622/0), network size: 0, avg network size: 0, si_in_serializable: 0 0 %, local: 0 %
I1126 13:26:02.170001 931659 Coordinator.h:126] commit: 78544 abort: 150456 (0/150456/0), network size: 0, avg network size: 0, si_in_serializable: 0 0 %, local: 0 %
I1126 13:26:03.170114 931659 Coordinator.h:126] commit: 79394 abort: 151606 (0/151606/0), network size: 0, avg network size: 0, si_in_serializable: 0 0 %, local: 0 %
I1126 13:26:04.170207 931659 Coordinator.h:126] commit: 79002 abort: 151998 (0/151998/0), network size: 0, avg network size: 0, si_in_serializable: 0 0 %, local: 0 %
I1126 13:26:05.170295 931659 Coordinator.h:126] commit: 78896 abort: 152104 (0/152104/0), network size: 0, avg network size: 0, si_in_serializable: 0 0 %, local: 0 %
I1126 13:26:06.170413 931659 Coordinator.h:126] commit: 79673 abort: 152327 (0/152327/0), network size: 0, avg network size: 0, si_in_serializable: 0 0 %, local: 0 %
I1126 13:26:07.170516 931659 Coordinator.h:126] commit: 79162 abort: 151838 (0/151838/0), network size: 0, avg network size: 0, si_in_serializable: 0 0 %, local: 0 %
I1126 13:26:08.170603 931659 Coordinator.h:126] commit: 79101 abort: 151899 (0/151899/0), network size: 0, avg network size: 0, si_in_serializable: 0 0 %, local: 0 %
I1126 13:26:09.170686 931659 Coordinator.h:126] commit: 79220 abort: 151780 (0/151780/0), network size: 0, avg network size: 0, si_in_serializable: 0 0 %, local: 0 %
I1126 13:26:10.170780 931659 Coordinator.h:126] commit: 79282 abort: 151718 (0/151718/0), network size: 0, avg network size: 0, si_in_serializable: 0 0 %, local: 0 %
I1126 13:26:11.170894 931659 Coordinator.h:126] commit: 79131 abort: 151869 (0/151869/0), network size: 0, avg network size: 0, si_in_serializable: 0 0 %, local: 0 %
I1126 13:26:12.170997 931659 Coordinator.h:126] commit: 79773 abort: 152227 (0/152227/0), network size: 0, avg network size: 0, si_in_serializable: 0 0 %, local: 0 %
I1126 13:26:12.171017 931659 Coordinator.h:152] average commit: 79228.8 abort: 151871 (0/151871/0), network size: 0, avg network size: 0, si_in_serializable: 0 0 %, local: 0 %
I1126 13:26:12.171659 931677 AriaExecutor.h:94] AriaExecutor 2 exits. 
I1126 13:26:12.171658 931683 AriaExecutor.h:94] AriaExecutor 8 exits. 
I1126 13:26:12.171669 931686 AriaExecutor.h:94] AriaExecutor 11 exits. 
I1126 13:26:12.171684 931680 AriaExecutor.h:94] AriaExecutor 5 exits. 
I1126 13:26:12.171660 931685 AriaExecutor.h:94] AriaExecutor 10 exits. 
I1126 13:26:12.171658 931675 AriaExecutor.h:94] AriaExecutor 0 exits. 
I1126 13:26:12.171658 931679 AriaExecutor.h:94] AriaExecutor 4 exits. 
I1126 13:26:12.171658 931687 Manager.h:227] Manager(worker id = 12) on the coordinator node exits.
I1126 13:26:12.171669 931678 AriaExecutor.h:94] AriaExecutor 3 exits. 
I1126 13:26:12.171669 931676 AriaExecutor.h:94] AriaExecutor 1 exits. 
I1126 13:26:12.171658 931681 AriaExecutor.h:94] AriaExecutor 6 exits. 
I1126 13:26:12.171669 931684 AriaExecutor.h:94] AriaExecutor 9 exits. 
I1126 13:26:12.171669 931682 AriaExecutor.h:94] AriaExecutor 7 exits. 
I1126 13:26:12.171026 931659 AriaExecutor.h:535] Worker 0 latency: 3792 us (50%) 4029 us (75%) 4191 us (95%) 4256 us (99%).
I1126 13:26:12.179600 931659 AriaExecutor.h:535] Worker 1 latency: 3801 us (50%) 4033 us (75%) 4193 us (95%) 4257 us (99%).
I1126 13:26:12.188041 931659 AriaExecutor.h:535] Worker 2 latency: 3790 us (50%) 4027 us (75%) 4190 us (95%) 4255 us (99%).
I1126 13:26:12.196435 931659 AriaExecutor.h:535] Worker 3 latency: 3797 us (50%) 4032 us (75%) 4193 us (95%) 4255 us (99%).
I1126 13:26:12.204766 931659 AriaExecutor.h:535] Worker 4 latency: 3790 us (50%) 4028 us (75%) 4190 us (95%) 4254 us (99%).
I1126 13:26:12.213124 931659 AriaExecutor.h:535] Worker 5 latency: 3798 us (50%) 4032 us (75%) 4193 us (95%) 4256 us (99%).
I1126 13:26:12.221415 931659 AriaExecutor.h:535] Worker 6 latency: 3792 us (50%) 4028 us (75%) 4190 us (95%) 4254 us (99%).
I1126 13:26:12.229700 931659 AriaExecutor.h:535] Worker 7 latency: 3803 us (50%) 4033 us (75%) 4193 us (95%) 4255 us (99%).
I1126 13:26:12.238019 931659 AriaExecutor.h:535] Worker 8 latency: 3793 us (50%) 4029 us (75%) 4190 us (95%) 4254 us (99%).
I1126 13:26:12.246281 931659 AriaExecutor.h:535] Worker 9 latency: 3799 us (50%) 4033 us (75%) 4193 us (95%) 4256 us (99%).
I1126 13:26:12.254554 931659 AriaExecutor.h:535] Worker 10 latency: 3790 us (50%) 4028 us (75%) 4189 us (95%) 4253 us (99%).
I1126 13:26:12.262603 931659 AriaExecutor.h:535] Worker 11 latency: 3802 us (50%) 4034 us (75%) 4193 us (95%) 4256 us (99%).
I1126 13:26:12.270802 931659 Coordinator.h:177] total commit: 79228.8
I1126 13:26:13.270910 931659 Coordinator.h:192] Coordinator exits.
