I1126 17:58:44.746315 1063615 Database.h:65] ycsb initialization finished in 30 milliseconds.
I1126 17:58:44.746409 1063615 Coordinator.h:30] Coordinator initializes 12 workers.
I1126 17:58:44.747274 1063615 Coordinator.h:77] Coordinator starts to run 13 workers.
I1126 17:58:44.747321 1063631 AriaExecutor.h:91] AriaExecutor 0 started. 
I1126 17:58:44.747363 1063632 AriaExecutor.h:91] AriaExecutor 1 started. 
I1126 17:58:44.747397 1063633 AriaExecutor.h:91] AriaExecutor 2 started. 
I1126 17:58:44.747435 1063634 AriaExecutor.h:91] AriaExecutor 3 started. 
I1126 17:58:44.747478 1063635 AriaExecutor.h:91] AriaExecutor 4 started. 
I1126 17:58:44.747525 1063636 AriaExecutor.h:91] AriaExecutor 5 started. 
I1126 17:58:44.747568 1063637 AriaExecutor.h:91] AriaExecutor 6 started. 
I1126 17:58:44.747620 1063638 AriaExecutor.h:91] AriaExecutor 7 started. 
I1126 17:58:44.747665 1063639 AriaExecutor.h:91] AriaExecutor 8 started. 
I1126 17:58:44.747713 1063640 AriaExecutor.h:91] AriaExecutor 9 started. 
I1126 17:58:44.747766 1063641 AriaExecutor.h:91] AriaExecutor 10 started. 
I1126 17:58:44.747820 1063642 AriaExecutor.h:91] AriaExecutor 11 started. 
I1126 17:58:44.747869 1063643 Manager.h:224] Manager(worker id = 12) on the coordinator node started.
I1126 17:58:45.747931 1063615 Coordinator.h:126] commit: 2073700 abort: 11300 (0/11300/0), network size: 0, avg network size: 0, si_in_serializable: 0 0 %, local: 0 %
I1126 17:58:46.748063 1063615 Coordinator.h:126] commit: 2028941 abort: 11059 (0/11059/0), network size: 0, avg network size: 0, si_in_serializable: 0 0 %, local: 0 %
I1126 17:58:47.748193 1063615 Coordinator.h:126] commit: 2092656 abort: 11344 (0/11344/0), network size: 0, avg network size: 0, si_in_serializable: 0 0 %, local: 0 %
I1126 17:58:48.748294 1063615 Coordinator.h:126] commit: 2059638 abort: 11362 (0/11362/0), network size: 0, avg network size: 0, si_in_serializable: 0 0 %, local: 0 %
I1126 17:58:49.748391 1063615 Coordinator.h:126] commit: 2099560 abort: 11440 (0/11440/0), network size: 0, avg network size: 0, si_in_serializable: 0 0 %, local: 0 %
I1126 17:58:50.748487 1063615 Coordinator.h:126] commit: 2093381 abort: 11619 (0/11619/0), network size: 0, avg network size: 0, si_in_serializable: 0 0 %, local: 0 %
I1126 17:58:51.748586 1063615 Coordinator.h:126] commit: 1962338 abort: 10662 (0/10662/0), network size: 0, avg network size: 0, si_in_serializable: 0 0 %, local: 0 %
I1126 17:58:52.748684 1063615 Coordinator.h:126] commit: 2095486 abort: 11504 (0/11504/0), network size: 0, avg network size: 0, si_in_serializable: 0 0 %, local: 0 %
I1126 17:58:53.748809 1063615 Coordinator.h:126] commit: 2091652 abort: 11358 (0/11358/0), network size: 0, avg network size: 0, si_in_serializable: 0 0 %, local: 0 %
I1126 17:58:54.748910 1063615 Coordinator.h:126] commit: 2092479 abort: 11521 (0/11521/0), network size: 0, avg network size: 0, si_in_serializable: 0 0 %, local: 0 %
I1126 17:58:55.749002 1063615 Coordinator.h:126] commit: 2093586 abort: 11414 (0/11414/0), network size: 0, avg network size: 0, si_in_serializable: 0 0 %, local: 0 %
I1126 17:58:56.749099 1063615 Coordinator.h:126] commit: 2098445 abort: 11555 (0/11555/0), network size: 0, avg network size: 0, si_in_serializable: 0 0 %, local: 0 %
I1126 17:58:57.749193 1063615 Coordinator.h:126] commit: 1923431 abort: 10569 (0/10569/0), network size: 0, avg network size: 0, si_in_serializable: 0 0 %, local: 0 %
I1126 17:58:58.749291 1063615 Coordinator.h:126] commit: 2095236 abort: 11488 (0/11488/0), network size: 0, avg network size: 0, si_in_serializable: 0 0 %, local: 0 %
I1126 17:58:59.749387 1063615 Coordinator.h:126] commit: 2089864 abort: 11412 (0/11412/0), network size: 0, avg network size: 0, si_in_serializable: 0 0 %, local: 0 %
I1126 17:59:00.749486 1063615 Coordinator.h:126] commit: 2090717 abort: 11305 (0/11305/0), network size: 0, avg network size: 0, si_in_serializable: 0 0 %, local: 0 %
I1126 17:59:01.749600 1063615 Coordinator.h:126] commit: 2088508 abort: 11470 (0/11470/0), network size: 0, avg network size: 0, si_in_serializable: 0 0 %, local: 0 %
I1126 17:59:02.749696 1063615 Coordinator.h:126] commit: 2077665 abort: 11335 (0/11335/0), network size: 0, avg network size: 0, si_in_serializable: 0 0 %, local: 0 %
I1126 17:59:03.749794 1063615 Coordinator.h:126] commit: 2087432 abort: 11568 (0/11568/0), network size: 0, avg network size: 0, si_in_serializable: 0 0 %, local: 0 %
I1126 17:59:04.749912 1063615 Coordinator.h:126] commit: 2081662 abort: 11338 (0/11338/0), network size: 0, avg network size: 0, si_in_serializable: 0 0 %, local: 0 %
I1126 17:59:05.750013 1063615 Coordinator.h:126] commit: 2086554 abort: 11446 (0/11446/0), network size: 0, avg network size: 0, si_in_serializable: 0 0 %, local: 0 %
I1126 17:59:06.750109 1063615 Coordinator.h:126] commit: 2087717 abort: 11283 (0/11283/0), network size: 0, avg network size: 0, si_in_serializable: 0 0 %, local: 0 %
I1126 17:59:07.750206 1063615 Coordinator.h:126] commit: 2084584 abort: 11416 (0/11416/0), network size: 0, avg network size: 0, si_in_serializable: 0 0 %, local: 0 %
I1126 17:59:08.750301 1063615 Coordinator.h:126] commit: 2087549 abort: 11451 (0/11451/0), network size: 0, avg network size: 0, si_in_serializable: 0 0 %, local: 0 %
I1126 17:59:09.750435 1063615 Coordinator.h:126] commit: 1666933 abort: 9067 (0/9067/0), network size: 0, avg network size: 0, si_in_serializable: 0 0 %, local: 0 %
I1126 17:59:09.750461 1063615 Coordinator.h:152] average commit: 2.07265e+06 abort: 11345.4 (0/11345.4/0), network size: 0, avg network size: 0, si_in_serializable: 0 0 %, local: 0 %
I1126 17:59:09.750736 1063641 AriaExecutor.h:103] AriaExecutor 10 exits. 
I1126 17:59:09.750737 1063643 Manager.h:227] Manager(worker id = 12) on the coordinator node exits.
I1126 17:59:09.750741 1063631 AriaExecutor.h:103] AriaExecutor 0 exits. 
I1126 17:59:09.750749 1063638 AriaExecutor.h:103] AriaExecutor 7 exits. 
I1126 17:59:09.750738 1063637 AriaExecutor.h:103] AriaExecutor 6 exits. 
I1126 17:59:09.750739 1063633 AriaExecutor.h:103] AriaExecutor 2 exits. 
I1126 17:59:09.750739 1063639 AriaExecutor.h:103] AriaExecutor 8 exits. 
I1126 17:59:09.750751 1063642 AriaExecutor.h:103] AriaExecutor 11 exits. 
I1126 17:59:09.750751 1063636 AriaExecutor.h:103] AriaExecutor 5 exits. 
I1126 17:59:09.750751 1063634 AriaExecutor.h:103] AriaExecutor 3 exits. 
I1126 17:59:09.750751 1063640 AriaExecutor.h:103] AriaExecutor 9 exits. 
I1126 17:59:09.750751 1063632 AriaExecutor.h:103] AriaExecutor 1 exits. 
I1126 17:59:09.750741 1063635 AriaExecutor.h:103] AriaExecutor 4 exits. 
I1126 17:59:09.750473 1063615 AriaExecutor.h:621] Worker 0 latency: 316 us (50%) 369 us (75%) 414 us (95%) 429 us (99%).
I1126 17:59:09.906111 1063615 AriaExecutor.h:621] Worker 1 latency: 312 us (50%) 367 us (75%) 413 us (95%) 428 us (99%).
I1126 17:59:10.061365 1063615 AriaExecutor.h:621] Worker 2 latency: 317 us (50%) 369 us (75%) 414 us (95%) 429 us (99%).
I1126 17:59:10.215509 1063615 AriaExecutor.h:621] Worker 3 latency: 317 us (50%) 368 us (75%) 413 us (95%) 428 us (99%).
I1126 17:59:10.370479 1063615 AriaExecutor.h:621] Worker 4 latency: 318 us (50%) 369 us (75%) 414 us (95%) 429 us (99%).
I1126 17:59:10.521909 1063615 AriaExecutor.h:621] Worker 5 latency: 315 us (50%) 367 us (75%) 413 us (95%) 428 us (99%).
I1126 17:59:10.676035 1063615 AriaExecutor.h:621] Worker 6 latency: 318 us (50%) 369 us (75%) 414 us (95%) 429 us (99%).
I1126 17:59:10.827807 1063615 AriaExecutor.h:621] Worker 7 latency: 317 us (50%) 368 us (75%) 413 us (95%) 428 us (99%).
I1126 17:59:10.982558 1063615 AriaExecutor.h:621] Worker 8 latency: 321 us (50%) 371 us (75%) 415 us (95%) 429 us (99%).
I1126 17:59:11.137741 1063615 AriaExecutor.h:621] Worker 9 latency: 318 us (50%) 368 us (75%) 413 us (95%) 428 us (99%).
I1126 17:59:11.291097 1063615 AriaExecutor.h:621] Worker 10 latency: 321 us (50%) 371 us (75%) 415 us (95%) 429 us (99%).
I1126 17:59:11.444473 1063615 AriaExecutor.h:621] Worker 11 latency: 319 us (50%) 369 us (75%) 413 us (95%) 428 us (99%).
I1126 17:59:11.595551 1063615 Coordinator.h:177] total commit: 2.07265e+06
I1126 17:59:12.595664 1063615 Coordinator.h:192] Coordinator exits.
