I1126 15:56:58.198809 1025064 Database.h:65] ycsb initialization finished in 30 milliseconds.
I1126 15:56:58.198908 1025064 Coordinator.h:30] Coordinator initializes 12 workers.
I1126 15:56:58.206622 1025064 Coordinator.h:77] Coordinator starts to run 13 workers.
I1126 15:56:58.206686 1025083 AriaExecutor.h:93] AriaExecutor 0 started. 
I1126 15:56:58.206712 1025084 AriaExecutor.h:93] AriaExecutor 1 started. 
I1126 15:56:58.206749 1025085 AriaExecutor.h:93] AriaExecutor 2 started. 
I1126 15:56:58.206794 1025086 AriaExecutor.h:93] AriaExecutor 3 started. 
I1126 15:56:58.206874 1025088 AriaExecutor.h:93] AriaExecutor 5 started. 
I1126 15:56:58.206920 1025089 AriaExecutor.h:93] AriaExecutor 6 started. 
I1126 15:56:58.206967 1025090 AriaExecutor.h:93] AriaExecutor 7 started. 
I1126 15:56:58.207006 1025091 AriaExecutor.h:93] AriaExecutor 8 started. 
I1126 15:56:58.207049 1025092 AriaExecutor.h:93] AriaExecutor 9 started. 
I1126 15:56:58.207093 1025093 AriaExecutor.h:93] AriaExecutor 10 started. 
I1126 15:56:58.207127 1025094 AriaExecutor.h:93] AriaExecutor 11 started. 
I1126 15:56:58.207156 1025087 AriaExecutor.h:93] AriaExecutor 4 started. 
I1126 15:56:58.207161 1025095 Manager.h:224] Manager(worker id = 12) on the coordinator node started.
I1126 15:56:59.207221 1025064 Coordinator.h:126] commit: 709564 abort: 23436 (0/23436/0), network size: 0, avg network size: 0, si_in_serializable: 0 0 %, local: 0 %
I1126 15:57:00.207336 1025064 Coordinator.h:126] commit: 699873 abort: 23127 (0/23127/0), network size: 0, avg network size: 0, si_in_serializable: 0 0 %, local: 0 %
I1126 15:57:01.207446 1025064 Coordinator.h:126] commit: 705713 abort: 23287 (0/23287/0), network size: 0, avg network size: 0, si_in_serializable: 0 0 %, local: 0 %
I1126 15:57:02.207544 1025064 Coordinator.h:126] commit: 714262 abort: 23738 (0/23738/0), network size: 0, avg network size: 0, si_in_serializable: 0 0 %, local: 0 %
I1126 15:57:03.207638 1025064 Coordinator.h:126] commit: 705713 abort: 23287 (0/23287/0), network size: 0, avg network size: 0, si_in_serializable: 0 0 %, local: 0 %
I1126 15:57:04.207744 1025064 Coordinator.h:126] commit: 705500 abort: 23500 (0/23500/0), network size: 0, avg network size: 0, si_in_serializable: 0 0 %, local: 0 %
I1126 15:57:05.207870 1025064 Coordinator.h:126] commit: 708691 abort: 23309 (0/23309/0), network size: 0, avg network size: 0, si_in_serializable: 0 0 %, local: 0 %
I1126 15:57:06.207960 1025064 Coordinator.h:126] commit: 713251 abort: 23749 (0/23749/0), network size: 0, avg network size: 0, si_in_serializable: 0 0 %, local: 0 %
I1126 15:57:07.208045 1025064 Coordinator.h:126] commit: 688347 abort: 22653 (0/22653/0), network size: 0, avg network size: 0, si_in_serializable: 0 0 %, local: 0 %
I1126 15:57:08.208142 1025064 Coordinator.h:126] commit: 712330 abort: 23670 (0/23670/0), network size: 0, avg network size: 0, si_in_serializable: 0 0 %, local: 0 %
I1126 15:57:09.208227 1025064 Coordinator.h:126] commit: 713453 abort: 23547 (0/23547/0), network size: 0, avg network size: 0, si_in_serializable: 0 0 %, local: 0 %
I1126 15:57:10.208326 1025064 Coordinator.h:126] commit: 713349 abort: 23651 (0/23651/0), network size: 0, avg network size: 0, si_in_serializable: 0 0 %, local: 0 %
I1126 15:57:11.208438 1025064 Coordinator.h:126] commit: 708905 abort: 23095 (0/23095/0), network size: 0, avg network size: 0, si_in_serializable: 0 0 %, local: 0 %
I1126 15:57:12.208549 1025064 Coordinator.h:126] commit: 713428 abort: 23572 (0/23572/0), network size: 0, avg network size: 0, si_in_serializable: 0 0 %, local: 0 %
I1126 15:57:13.208653 1025064 Coordinator.h:126] commit: 712943 abort: 23514 (0/23514/0), network size: 0, avg network size: 0, si_in_serializable: 0 0 %, local: 0 %
I1126 15:57:14.208747 1025064 Coordinator.h:126] commit: 714035 abort: 23508 (0/23508/0), network size: 0, avg network size: 0, si_in_serializable: 0 0 %, local: 0 %
I1126 15:57:15.208825 1025064 Coordinator.h:126] commit: 712257 abort: 23743 (0/23743/0), network size: 0, avg network size: 0, si_in_serializable: 0 0 %, local: 0 %
I1126 15:57:16.208913 1025064 Coordinator.h:126] commit: 677670 abort: 22330 (0/22330/0), network size: 0, avg network size: 0, si_in_serializable: 0 0 %, local: 0 %
I1126 15:57:17.209002 1025064 Coordinator.h:126] commit: 712516 abort: 23484 (0/23484/0), network size: 0, avg network size: 0, si_in_serializable: 0 0 %, local: 0 %
I1126 15:57:18.209096 1025064 Coordinator.h:126] commit: 713316 abort: 23684 (0/23684/0), network size: 0, avg network size: 0, si_in_serializable: 0 0 %, local: 0 %
I1126 15:57:19.209179 1025064 Coordinator.h:126] commit: 711443 abort: 23557 (0/23557/0), network size: 0, avg network size: 0, si_in_serializable: 0 0 %, local: 0 %
I1126 15:57:20.209275 1025064 Coordinator.h:126] commit: 701707 abort: 23293 (0/23293/0), network size: 0, avg network size: 0, si_in_serializable: 0 0 %, local: 0 %
I1126 15:57:21.209369 1025064 Coordinator.h:126] commit: 713577 abort: 23423 (0/23423/0), network size: 0, avg network size: 0, si_in_serializable: 0 0 %, local: 0 %
I1126 15:57:22.209479 1025064 Coordinator.h:126] commit: 713376 abort: 23624 (0/23624/0), network size: 0, avg network size: 0, si_in_serializable: 0 0 %, local: 0 %
I1126 15:57:23.209573 1025064 Coordinator.h:126] commit: 713285 abort: 23715 (0/23715/0), network size: 0, avg network size: 0, si_in_serializable: 0 0 %, local: 0 %
I1126 15:57:23.209594 1025064 Coordinator.h:152] average commit: 709187 abort: 23412.8 (0/23412.8/0), network size: 0, avg network size: 0, si_in_serializable: 0 0 %, local: 0 %
I1126 15:57:23.210211 1025095 Manager.h:227] Manager(worker id = 12) on the coordinator node exits.
I1126 15:57:23.210212 1025093 AriaExecutor.h:105] AriaExecutor 10 exits. 
I1126 15:57:23.210222 1025087 AriaExecutor.h:105] AriaExecutor 4 exits. 
I1126 15:57:23.210211 1025085 AriaExecutor.h:105] AriaExecutor 2 exits. 
I1126 15:57:23.210219 1025094 AriaExecutor.h:105] AriaExecutor 11 exits. 
I1126 15:57:23.210219 1025083 AriaExecutor.h:105] AriaExecutor 0 exits. 
I1126 15:57:23.210219 1025092 AriaExecutor.h:105] AriaExecutor 9 exits. 
I1126 15:57:23.210220 1025089 AriaExecutor.h:105] AriaExecutor 6 exits. 
I1126 15:57:23.210222 1025086 AriaExecutor.h:105] AriaExecutor 3 exits. 
I1126 15:57:23.210222 1025091 AriaExecutor.h:105] AriaExecutor 8 exits. 
I1126 15:57:23.210222 1025088 AriaExecutor.h:105] AriaExecutor 5 exits. 
I1126 15:57:23.210222 1025084 AriaExecutor.h:105] AriaExecutor 1 exits. 
I1126 15:57:23.210219 1025090 AriaExecutor.h:105] AriaExecutor 7 exits. 
I1126 15:57:23.209604 1025064 AriaExecutor.h:672] Worker 0 latency: 891 us (50%) 1093 us (75%) 1254 us (95%) 1289 us (99%).
I1126 15:57:23.272967 1025064 AriaExecutor.h:672] Worker 1 latency: 889 us (50%) 1092 us (75%) 1253 us (95%) 1288 us (99%).
I1126 15:57:23.342821 1025064 AriaExecutor.h:672] Worker 2 latency: 889 us (50%) 1093 us (75%) 1254 us (95%) 1289 us (99%).
I1126 15:57:23.409085 1025064 AriaExecutor.h:672] Worker 3 latency: 890 us (50%) 1092 us (75%) 1253 us (95%) 1288 us (99%).
I1126 15:57:23.477856 1025064 AriaExecutor.h:672] Worker 4 latency: 893 us (50%) 1094 us (75%) 1254 us (95%) 1289 us (99%).
I1126 15:57:23.540263 1025064 AriaExecutor.h:672] Worker 5 latency: 889 us (50%) 1092 us (75%) 1253 us (95%) 1288 us (99%).
I1126 15:57:23.608886 1025064 AriaExecutor.h:672] Worker 6 latency: 893 us (50%) 1094 us (75%) 1254 us (95%) 1289 us (99%).
I1126 15:57:23.671614 1025064 AriaExecutor.h:672] Worker 7 latency: 891 us (50%) 1093 us (75%) 1253 us (95%) 1288 us (99%).
I1126 15:57:23.740796 1025064 AriaExecutor.h:672] Worker 8 latency: 893 us (50%) 1094 us (75%) 1254 us (95%) 1289 us (99%).
I1126 15:57:23.804510 1025064 AriaExecutor.h:672] Worker 9 latency: 891 us (50%) 1093 us (75%) 1253 us (95%) 1288 us (99%).
I1126 15:57:23.873869 1025064 AriaExecutor.h:672] Worker 10 latency: 892 us (50%) 1094 us (75%) 1254 us (95%) 1289 us (99%).
I1126 15:57:23.937323 1025064 AriaExecutor.h:672] Worker 11 latency: 891 us (50%) 1093 us (75%) 1253 us (95%) 1288 us (99%).
I1126 15:57:24.005537 1025064 Coordinator.h:177] total commit: 709187
I1126 15:57:25.005651 1025064 Coordinator.h:192] Coordinator exits.
