I1126 16:14:38.934213 1035627 Database.h:65] ycsb initialization finished in 30 milliseconds.
I1126 16:14:38.934305 1035627 Coordinator.h:30] Coordinator initializes 12 workers.
I1126 16:14:38.941883 1035627 Coordinator.h:77] Coordinator starts to run 13 workers.
I1126 16:14:38.941946 1035643 AriaExecutor.h:93] AriaExecutor 0 started. 
I1126 16:14:38.941965 1035644 AriaExecutor.h:93] AriaExecutor 1 started. 
I1126 16:14:38.942008 1035645 AriaExecutor.h:93] AriaExecutor 2 started. 
I1126 16:14:38.942049 1035646 AriaExecutor.h:93] AriaExecutor 3 started. 
I1126 16:14:38.942088 1035647 AriaExecutor.h:93] AriaExecutor 4 started. 
I1126 16:14:38.942124 1035648 AriaExecutor.h:93] AriaExecutor 5 started. 
I1126 16:14:38.942158 1035649 AriaExecutor.h:93] AriaExecutor 6 started. 
I1126 16:14:38.942209 1035650 AriaExecutor.h:93] AriaExecutor 7 started. 
I1126 16:14:38.942260 1035651 AriaExecutor.h:93] AriaExecutor 8 started. 
I1126 16:14:38.942319 1035652 AriaExecutor.h:93] AriaExecutor 9 started. 
I1126 16:14:38.942368 1035653 AriaExecutor.h:93] AriaExecutor 10 started. 
I1126 16:14:38.942427 1035654 AriaExecutor.h:93] AriaExecutor 11 started. 
I1126 16:14:38.942469 1035655 Manager.h:224] Manager(worker id = 12) on the coordinator node started.
I1126 16:14:39.942528 1035627 Coordinator.h:126] commit: 299814 abort: 433186 (0/433186/0), network size: 0, avg network size: 0, si_in_serializable: 0 0 %, local: 0 %
I1126 16:14:40.942646 1035627 Coordinator.h:126] commit: 296595 abort: 429405 (0/429405/0), network size: 0, avg network size: 0, si_in_serializable: 0 0 %, local: 0 %
I1126 16:14:41.942770 1035627 Coordinator.h:126] commit: 299748 abort: 433252 (0/433252/0), network size: 0, avg network size: 0, si_in_serializable: 0 0 %, local: 0 %
I1126 16:14:42.942873 1035627 Coordinator.h:126] commit: 302828 abort: 437172 (0/437172/0), network size: 0, avg network size: 0, si_in_serializable: 0 0 %, local: 0 %
I1126 16:14:43.942966 1035627 Coordinator.h:126] commit: 301713 abort: 435287 (0/435287/0), network size: 0, avg network size: 0, si_in_serializable: 0 0 %, local: 0 %
I1126 16:14:44.943061 1035627 Coordinator.h:126] commit: 294818 abort: 428182 (0/428182/0), network size: 0, avg network size: 0, si_in_serializable: 0 0 %, local: 0 %
I1126 16:14:45.943156 1035627 Coordinator.h:126] commit: 301299 abort: 436701 (0/436701/0), network size: 0, avg network size: 0, si_in_serializable: 0 0 %, local: 0 %
I1126 16:14:46.943281 1035627 Coordinator.h:126] commit: 301152 abort: 436848 (0/436848/0), network size: 0, avg network size: 0, si_in_serializable: 0 0 %, local: 0 %
I1126 16:14:47.943380 1035627 Coordinator.h:126] commit: 298744 abort: 431256 (0/431256/0), network size: 0, avg network size: 0, si_in_serializable: 0 0 %, local: 0 %
I1126 16:14:48.943472 1035627 Coordinator.h:126] commit: 302634 abort: 437366 (0/437366/0), network size: 0, avg network size: 0, si_in_serializable: 0 0 %, local: 0 %
I1126 16:14:49.943562 1035627 Coordinator.h:126] commit: 295782 abort: 427218 (0/427218/0), network size: 0, avg network size: 0, si_in_serializable: 0 0 %, local: 0 %
I1126 16:14:50.943651 1035627 Coordinator.h:126] commit: 302938 abort: 436062 (0/436062/0), network size: 0, avg network size: 0, si_in_serializable: 0 0 %, local: 0 %
I1126 16:14:51.943766 1035627 Coordinator.h:126] commit: 301229 abort: 435771 (0/435771/0), network size: 0, avg network size: 0, si_in_serializable: 0 0 %, local: 0 %
I1126 16:14:52.943864 1035627 Coordinator.h:126] commit: 301640 abort: 438360 (0/438360/0), network size: 0, avg network size: 0, si_in_serializable: 0 0 %, local: 0 %
I1126 16:14:53.943950 1035627 Coordinator.h:126] commit: 301700 abort: 437300 (0/437300/0), network size: 0, avg network size: 0, si_in_serializable: 0 0 %, local: 0 %
I1126 16:14:54.944041 1035627 Coordinator.h:126] commit: 301340 abort: 436660 (0/436660/0), network size: 0, avg network size: 0, si_in_serializable: 0 0 %, local: 0 %
I1126 16:14:55.944132 1035627 Coordinator.h:126] commit: 301993 abort: 437007 (0/437007/0), network size: 0, avg network size: 0, si_in_serializable: 0 0 %, local: 0 %
I1126 16:14:56.944224 1035627 Coordinator.h:126] commit: 302340 abort: 435660 (0/435660/0), network size: 0, avg network size: 0, si_in_serializable: 0 0 %, local: 0 %
I1126 16:14:57.944312 1035627 Coordinator.h:126] commit: 302038 abort: 437962 (0/437962/0), network size: 0, avg network size: 0, si_in_serializable: 0 0 %, local: 0 %
I1126 16:14:58.944401 1035627 Coordinator.h:126] commit: 301655 abort: 437345 (0/437345/0), network size: 0, avg network size: 0, si_in_serializable: 0 0 %, local: 0 %
I1126 16:14:59.944494 1035627 Coordinator.h:126] commit: 297052 abort: 430912 (0/430912/0), network size: 0, avg network size: 0, si_in_serializable: 0 0 %, local: 0 %
I1126 16:15:00.944586 1035627 Coordinator.h:126] commit: 295799 abort: 430237 (0/430237/0), network size: 0, avg network size: 0, si_in_serializable: 0 0 %, local: 0 %
I1126 16:15:01.944701 1035627 Coordinator.h:126] commit: 302263 abort: 436737 (0/436737/0), network size: 0, avg network size: 0, si_in_serializable: 0 0 %, local: 0 %
I1126 16:15:02.944794 1035627 Coordinator.h:126] commit: 302283 abort: 436717 (0/436717/0), network size: 0, avg network size: 0, si_in_serializable: 0 0 %, local: 0 %
I1126 16:15:03.944887 1035627 Coordinator.h:126] commit: 302079 abort: 436921 (0/436921/0), network size: 0, avg network size: 0, si_in_serializable: 0 0 %, local: 0 %
I1126 16:15:03.944911 1035627 Coordinator.h:152] average commit: 301266 abort: 435934 (0/435934/0), network size: 0, avg network size: 0, si_in_serializable: 0 0 %, local: 0 %
I1126 16:15:03.945362 1035655 Manager.h:227] Manager(worker id = 12) on the coordinator node exits.
I1126 16:15:03.945365 1035643 AriaExecutor.h:105] AriaExecutor 0 exits. 
I1126 16:15:03.945369 1035645 AriaExecutor.h:105] AriaExecutor 2 exits. 
I1126 16:15:03.945375 1035644 AriaExecutor.h:105] AriaExecutor 1 exits. 
I1126 16:15:03.945369 1035647 AriaExecutor.h:105] AriaExecutor 4 exits. 
I1126 16:15:03.945369 1035651 AriaExecutor.h:105] AriaExecutor 8 exits. 
I1126 16:15:03.945376 1035650 AriaExecutor.h:105] AriaExecutor 7 exits. 
I1126 16:15:03.945365 1035649 AriaExecutor.h:105] AriaExecutor 6 exits. 
I1126 16:15:03.945377 1035648 AriaExecutor.h:105] AriaExecutor 5 exits. 
I1126 16:15:03.945376 1035652 AriaExecutor.h:105] AriaExecutor 9 exits. 
I1126 16:15:03.945377 1035646 AriaExecutor.h:105] AriaExecutor 3 exits. 
I1126 16:15:03.945379 1035654 AriaExecutor.h:105] AriaExecutor 11 exits. 
I1126 16:15:03.945366 1035653 AriaExecutor.h:105] AriaExecutor 10 exits. 
I1126 16:15:03.944926 1035627 AriaExecutor.h:672] Worker 0 latency: 999 us (50%) 1188 us (75%) 1296 us (95%) 1318 us (99%).
I1126 16:15:03.973533 1035627 AriaExecutor.h:672] Worker 1 latency: 996 us (50%) 1185 us (75%) 1295 us (95%) 1317 us (99%).
I1126 16:15:04.002126 1035627 AriaExecutor.h:672] Worker 2 latency: 998 us (50%) 1187 us (75%) 1295 us (95%) 1318 us (99%).
I1126 16:15:04.030314 1035627 AriaExecutor.h:672] Worker 3 latency: 998 us (50%) 1186 us (75%) 1294 us (95%) 1317 us (99%).
I1126 16:15:04.058445 1035627 AriaExecutor.h:672] Worker 4 latency: 998 us (50%) 1186 us (75%) 1295 us (95%) 1317 us (99%).
I1126 16:15:04.086264 1035627 AriaExecutor.h:672] Worker 5 latency: 995 us (50%) 1184 us (75%) 1294 us (95%) 1316 us (99%).
I1126 16:15:04.114238 1035627 AriaExecutor.h:672] Worker 6 latency: 996 us (50%) 1184 us (75%) 1295 us (95%) 1317 us (99%).
I1126 16:15:04.142321 1035627 AriaExecutor.h:672] Worker 7 latency: 996 us (50%) 1184 us (75%) 1294 us (95%) 1316 us (99%).
I1126 16:15:04.170255 1035627 AriaExecutor.h:672] Worker 8 latency: 997 us (50%) 1184 us (75%) 1294 us (95%) 1317 us (99%).
I1126 16:15:04.198884 1035627 AriaExecutor.h:672] Worker 9 latency: 995 us (50%) 1183 us (75%) 1293 us (95%) 1316 us (99%).
I1126 16:15:04.226898 1035627 AriaExecutor.h:672] Worker 10 latency: 995 us (50%) 1183 us (75%) 1294 us (95%) 1317 us (99%).
I1126 16:15:04.254921 1035627 AriaExecutor.h:672] Worker 11 latency: 994 us (50%) 1182 us (75%) 1293 us (95%) 1316 us (99%).
I1126 16:15:04.282130 1035627 Coordinator.h:177] total commit: 301266
I1126 16:15:05.282239 1035627 Coordinator.h:192] Coordinator exits.
