I1126 15:16:52.583921 998989 Database.h:65] ycsb initialization finished in 30 milliseconds.
I1126 15:16:52.584015 998989 Coordinator.h:30] Coordinator initializes 12 workers.
I1126 15:16:52.590857 998989 Coordinator.h:77] Coordinator starts to run 13 workers.
I1126 15:16:52.590912 999006 AriaExecutor.h:95] AriaExecutor 0 started. 
I1126 15:16:52.590940 999007 AriaExecutor.h:95] AriaExecutor 1 started. 
I1126 15:16:52.591029 999009 AriaExecutor.h:95] AriaExecutor 3 started. 
I1126 15:16:52.591073 999010 AriaExecutor.h:95] AriaExecutor 4 started. 
I1126 15:16:52.591110 999011 AriaExecutor.h:95] AriaExecutor 5 started. 
I1126 15:16:52.591149 999012 AriaExecutor.h:95] AriaExecutor 6 started. 
I1126 15:16:52.591195 999013 AriaExecutor.h:95] AriaExecutor 7 started. 
I1126 15:16:52.591230 999014 AriaExecutor.h:95] AriaExecutor 8 started. 
I1126 15:16:52.591284 999015 AriaExecutor.h:95] AriaExecutor 9 started. 
I1126 15:16:52.591324 999016 AriaExecutor.h:95] AriaExecutor 10 started. 
I1126 15:16:52.591370 999017 AriaExecutor.h:95] AriaExecutor 11 started. 
I1126 15:16:52.591401 999008 AriaExecutor.h:95] AriaExecutor 2 started. 
I1126 15:16:52.591408 999018 Manager.h:224] Manager(worker id = 12) on the coordinator node started.
I1126 15:16:53.591470 998989 Coordinator.h:126] commit: 1740190 abort: 119810 (0/119810/0), network size: 0, avg network size: 0, si_in_serializable: 0 0 %, local: 0 %
I1126 15:16:54.591588 998989 Coordinator.h:126] commit: 1721595 abort: 118405 (0/118405/0), network size: 0, avg network size: 0, si_in_serializable: 0 0 %, local: 0 %
I1126 15:16:55.591702 998989 Coordinator.h:126] commit: 1749378 abort: 120622 (0/120622/0), network size: 0, avg network size: 0, si_in_serializable: 0 0 %, local: 0 %
I1126 15:16:56.591813 998989 Coordinator.h:126] commit: 1749332 abort: 120476 (0/120476/0), network size: 0, avg network size: 0, si_in_serializable: 0 0 %, local: 0 %
I1126 15:16:57.591902 998989 Coordinator.h:126] commit: 1758993 abort: 121199 (0/121199/0), network size: 0, avg network size: 0, si_in_serializable: 0 0 %, local: 0 %
I1126 15:16:58.591982 998989 Coordinator.h:126] commit: 1749694 abort: 120306 (0/120306/0), network size: 0, avg network size: 0, si_in_serializable: 0 0 %, local: 0 %
I1126 15:16:59.592062 998989 Coordinator.h:126] commit: 1749204 abort: 120112 (0/120112/0), network size: 0, avg network size: 0, si_in_serializable: 0 0 %, local: 0 %
I1126 15:17:00.592152 998989 Coordinator.h:126] commit: 1703310 abort: 117374 (0/117374/0), network size: 0, avg network size: 0, si_in_serializable: 0 0 %, local: 0 %
I1126 15:17:01.592288 998989 Coordinator.h:126] commit: 1749749 abort: 120251 (0/120251/0), network size: 0, avg network size: 0, si_in_serializable: 0 0 %, local: 0 %
I1126 15:17:02.592391 998989 Coordinator.h:126] commit: 1758666 abort: 121334 (0/121334/0), network size: 0, avg network size: 0, si_in_serializable: 0 0 %, local: 0 %
I1126 15:17:03.592502 998989 Coordinator.h:126] commit: 1758585 abort: 121415 (0/121415/0), network size: 0, avg network size: 0, si_in_serializable: 0 0 %, local: 0 %
I1126 15:17:04.592604 998989 Coordinator.h:126] commit: 1758969 abort: 121031 (0/121031/0), network size: 0, avg network size: 0, si_in_serializable: 0 0 %, local: 0 %
I1126 15:17:05.592690 998989 Coordinator.h:126] commit: 1758683 abort: 121317 (0/121317/0), network size: 0, avg network size: 0, si_in_serializable: 0 0 %, local: 0 %
I1126 15:17:06.592797 998989 Coordinator.h:126] commit: 1759509 abort: 120491 (0/120491/0), network size: 0, avg network size: 0, si_in_serializable: 0 0 %, local: 0 %
I1126 15:17:07.592880 998989 Coordinator.h:126] commit: 1674617 abort: 115383 (0/115383/0), network size: 0, avg network size: 0, si_in_serializable: 0 0 %, local: 0 %
I1126 15:17:08.592962 998989 Coordinator.h:126] commit: 1758709 abort: 121291 (0/121291/0), network size: 0, avg network size: 0, si_in_serializable: 0 0 %, local: 0 %
I1126 15:17:09.593039 998989 Coordinator.h:126] commit: 1758984 abort: 121016 (0/121016/0), network size: 0, avg network size: 0, si_in_serializable: 0 0 %, local: 0 %
I1126 15:17:10.593117 998989 Coordinator.h:126] commit: 1759484 abort: 120516 (0/120516/0), network size: 0, avg network size: 0, si_in_serializable: 0 0 %, local: 0 %
I1126 15:17:11.593209 998989 Coordinator.h:126] commit: 1758812 abort: 121188 (0/121188/0), network size: 0, avg network size: 0, si_in_serializable: 0 0 %, local: 0 %
I1126 15:17:12.593299 998989 Coordinator.h:126] commit: 1749650 abort: 120350 (0/120350/0), network size: 0, avg network size: 0, si_in_serializable: 0 0 %, local: 0 %
I1126 15:17:13.593375 998989 Coordinator.h:126] commit: 1758801 abort: 121199 (0/121199/0), network size: 0, avg network size: 0, si_in_serializable: 0 0 %, local: 0 %
I1126 15:17:14.593451 998989 Coordinator.h:126] commit: 1749666 abort: 120334 (0/120334/0), network size: 0, avg network size: 0, si_in_serializable: 0 0 %, local: 0 %
I1126 15:17:15.593536 998989 Coordinator.h:126] commit: 1749193 abort: 120807 (0/120807/0), network size: 0, avg network size: 0, si_in_serializable: 0 0 %, local: 0 %
I1126 15:17:16.593652 998989 Coordinator.h:126] commit: 1730516 abort: 119484 (0/119484/0), network size: 0, avg network size: 0, si_in_serializable: 0 0 %, local: 0 %
I1126 15:17:17.593743 998989 Coordinator.h:126] commit: 1749935 abort: 120065 (0/120065/0), network size: 0, avg network size: 0, si_in_serializable: 0 0 %, local: 0 %
I1126 15:17:17.593760 998989 Coordinator.h:152] average commit: 1.7496e+06 abort: 120400 (0/120400/0), network size: 0, avg network size: 0, si_in_serializable: 0 0 %, local: 0 %
I1126 15:17:17.596199 999012 AriaExecutor.h:107] AriaExecutor 6 exits. 
I1126 15:17:17.596201 999018 Manager.h:227] Manager(worker id = 12) on the coordinator node exits.
I1126 15:17:17.596213 999010 AriaExecutor.h:107] AriaExecutor 4 exits. 
I1126 15:17:17.596216 999015 AriaExecutor.h:107] AriaExecutor 9 exits. 
I1126 15:17:17.596210 999014 AriaExecutor.h:107] AriaExecutor 8 exits. 
I1126 15:17:17.596210 999006 AriaExecutor.h:107] AriaExecutor 0 exits. 
I1126 15:17:17.596213 999016 AriaExecutor.h:107] AriaExecutor 10 exits. 
I1126 15:17:17.596211 999017 AriaExecutor.h:107] AriaExecutor 11 exits. 
I1126 15:17:17.596215 999011 AriaExecutor.h:107] AriaExecutor 5 exits. 
I1126 15:17:17.596215 999013 AriaExecutor.h:107] AriaExecutor 7 exits. 
I1126 15:17:17.596217 999007 AriaExecutor.h:107] AriaExecutor 1 exits. 
I1126 15:17:17.596210 999008 AriaExecutor.h:107] AriaExecutor 2 exits. 
I1126 15:17:17.596215 999009 AriaExecutor.h:107] AriaExecutor 3 exits. 
I1126 15:17:17.593768 998989 AriaExecutor.h:705] Worker 0 latency: 3703 us (50%) 4218 us (75%) 4626 us (95%) 4730 us (99%).
I1126 15:17:17.732434 998989 AriaExecutor.h:705] Worker 1 latency: 3705 us (50%) 4219 us (75%) 4627 us (95%) 4730 us (99%).
I1126 15:17:17.882086 998989 AriaExecutor.h:705] Worker 2 latency: 3703 us (50%) 4216 us (75%) 4623 us (95%) 4728 us (99%).
I1126 15:17:18.022862 998989 AriaExecutor.h:705] Worker 3 latency: 3716 us (50%) 4225 us (75%) 4628 us (95%) 4731 us (99%).
I1126 15:17:18.176144 998989 AriaExecutor.h:705] Worker 4 latency: 3703 us (50%) 4217 us (75%) 4625 us (95%) 4730 us (99%).
I1126 15:17:18.315577 998989 AriaExecutor.h:705] Worker 5 latency: 3712 us (50%) 4224 us (75%) 4629 us (95%) 4733 us (99%).
I1126 15:17:18.466137 998989 AriaExecutor.h:705] Worker 6 latency: 3715 us (50%) 4224 us (75%) 4626 us (95%) 4728 us (99%).
I1126 15:17:18.604378 998989 AriaExecutor.h:705] Worker 7 latency: 3706 us (50%) 4221 us (75%) 4627 us (95%) 4731 us (99%).
I1126 15:17:18.757359 998989 AriaExecutor.h:705] Worker 8 latency: 3709 us (50%) 4221 us (75%) 4626 us (95%) 4730 us (99%).
I1126 15:17:18.898020 998989 AriaExecutor.h:705] Worker 9 latency: 3716 us (50%) 4226 us (75%) 4631 us (95%) 4734 us (99%).
I1126 15:17:19.052016 998989 AriaExecutor.h:705] Worker 10 latency: 3711 us (50%) 4222 us (75%) 4625 us (95%) 4728 us (99%).
I1126 15:17:19.192579 998989 AriaExecutor.h:705] Worker 11 latency: 3708 us (50%) 4222 us (75%) 4628 us (95%) 4732 us (99%).
I1126 15:17:19.344936 998989 Coordinator.h:177] total commit: 1.7496e+06
I1126 15:17:20.345057 998989 Coordinator.h:192] Coordinator exits.
