I1126 19:05:17.346256 1108035 Database.h:65] ycsb initialization finished in 30 milliseconds.
I1126 19:05:17.346367 1108035 Coordinator.h:30] Coordinator initializes 12 workers.
I1126 19:05:17.347265 1108035 Coordinator.h:77] Coordinator starts to run 13 workers.
I1126 19:05:17.347317 1108057 AriaExecutor.h:91] AriaExecutor 0 started. 
I1126 19:05:17.347363 1108058 AriaExecutor.h:91] AriaExecutor 1 started. 
I1126 19:05:17.347406 1108059 AriaExecutor.h:91] AriaExecutor 2 started. 
I1126 19:05:17.347451 1108060 AriaExecutor.h:91] AriaExecutor 3 started. 
I1126 19:05:17.347532 1108062 AriaExecutor.h:91] AriaExecutor 5 started. 
I1126 19:05:17.347581 1108063 AriaExecutor.h:91] AriaExecutor 6 started. 
I1126 19:05:17.347618 1108064 AriaExecutor.h:91] AriaExecutor 7 started. 
I1126 19:05:17.347656 1108065 AriaExecutor.h:91] AriaExecutor 8 started. 
I1126 19:05:17.347698 1108066 AriaExecutor.h:91] AriaExecutor 9 started. 
I1126 19:05:17.347731 1108067 AriaExecutor.h:91] AriaExecutor 10 started. 
I1126 19:05:17.347784 1108068 AriaExecutor.h:91] AriaExecutor 11 started. 
I1126 19:05:17.347820 1108061 AriaExecutor.h:91] AriaExecutor 4 started. 
I1126 19:05:17.347824 1108069 Manager.h:224] Manager(worker id = 12) on the coordinator node started.
I1126 19:05:18.347879 1108035 Coordinator.h:126] commit: 298841 abort: 1230159 (0/1230159/0), network size: 0, avg network size: 0, si_in_serializable: 0 0 %, local: 0 %
I1126 19:05:19.347988 1108035 Coordinator.h:126] commit: 296519 abort: 1219481 (0/1219481/0), network size: 0, avg network size: 0, si_in_serializable: 0 0 %, local: 0 %
I1126 19:05:20.348107 1108035 Coordinator.h:126] commit: 300973 abort: 1236027 (0/1236027/0), network size: 0, avg network size: 0, si_in_serializable: 0 0 %, local: 0 %
I1126 19:05:21.348203 1108035 Coordinator.h:126] commit: 303405 abort: 1246595 (0/1246595/0), network size: 0, avg network size: 0, si_in_serializable: 0 0 %, local: 0 %
I1126 19:05:22.348296 1108035 Coordinator.h:126] commit: 304299 abort: 1247701 (0/1247701/0), network size: 0, avg network size: 0, si_in_serializable: 0 0 %, local: 0 %
I1126 19:05:23.348392 1108035 Coordinator.h:126] commit: 294831 abort: 1211169 (0/1211169/0), network size: 0, avg network size: 0, si_in_serializable: 0 0 %, local: 0 %
I1126 19:05:24.348485 1108035 Coordinator.h:126] commit: 303689 abort: 1249311 (0/1249311/0), network size: 0, avg network size: 0, si_in_serializable: 0 0 %, local: 0 %
I1126 19:05:25.348599 1108035 Coordinator.h:126] commit: 302593 abort: 1245407 (0/1245407/0), network size: 0, avg network size: 0, si_in_serializable: 0 0 %, local: 0 %
I1126 19:05:26.348706 1108035 Coordinator.h:126] commit: 304755 abort: 1246245 (0/1246245/0), network size: 0, avg network size: 0, si_in_serializable: 0 0 %, local: 0 %
I1126 19:05:27.348799 1108035 Coordinator.h:126] commit: 303065 abort: 1246935 (0/1246935/0), network size: 0, avg network size: 0, si_in_serializable: 0 0 %, local: 0 %
I1126 19:05:28.348886 1108035 Coordinator.h:126] commit: 298274 abort: 1225726 (0/1225726/0), network size: 0, avg network size: 0, si_in_serializable: 0 0 %, local: 0 %
I1126 19:05:29.348970 1108035 Coordinator.h:126] commit: 300075 abort: 1234925 (0/1234925/0), network size: 0, avg network size: 0, si_in_serializable: 0 0 %, local: 0 %
I1126 19:05:30.349066 1108035 Coordinator.h:126] commit: 302570 abort: 1246430 (0/1246430/0), network size: 0, avg network size: 0, si_in_serializable: 0 0 %, local: 0 %
I1126 19:05:31.349167 1108035 Coordinator.h:126] commit: 302971 abort: 1245029 (0/1245029/0), network size: 0, avg network size: 0, si_in_serializable: 0 0 %, local: 0 %
I1126 19:05:32.349261 1108035 Coordinator.h:126] commit: 303047 abort: 1247953 (0/1247953/0), network size: 0, avg network size: 0, si_in_serializable: 0 0 %, local: 0 %
I1126 19:05:33.349371 1108035 Coordinator.h:126] commit: 302058 abort: 1240942 (0/1240942/0), network size: 0, avg network size: 0, si_in_serializable: 0 0 %, local: 0 %
I1126 19:05:34.349474 1108035 Coordinator.h:126] commit: 304759 abort: 1247241 (0/1247241/0), network size: 0, avg network size: 0, si_in_serializable: 0 0 %, local: 0 %
I1126 19:05:35.349574 1108035 Coordinator.h:126] commit: 302988 abort: 1247012 (0/1247012/0), network size: 0, avg network size: 0, si_in_serializable: 0 0 %, local: 0 %
I1126 19:05:36.349675 1108035 Coordinator.h:126] commit: 303826 abort: 1247174 (0/1247174/0), network size: 0, avg network size: 0, si_in_serializable: 0 0 %, local: 0 %
I1126 19:05:37.349769 1108035 Coordinator.h:126] commit: 303356 abort: 1246644 (0/1246644/0), network size: 0, avg network size: 0, si_in_serializable: 0 0 %, local: 0 %
I1126 19:05:38.349864 1108035 Coordinator.h:126] commit: 296981 abort: 1220019 (0/1220019/0), network size: 0, avg network size: 0, si_in_serializable: 0 0 %, local: 0 %
I1126 19:05:39.349972 1108035 Coordinator.h:126] commit: 298806 abort: 1225194 (0/1225194/0), network size: 0, avg network size: 0, si_in_serializable: 0 0 %, local: 0 %
I1126 19:05:40.350081 1108035 Coordinator.h:126] commit: 304024 abort: 1248976 (0/1248976/0), network size: 0, avg network size: 0, si_in_serializable: 0 0 %, local: 0 %
I1126 19:05:41.350186 1108035 Coordinator.h:126] commit: 303077 abort: 1247923 (0/1247923/0), network size: 0, avg network size: 0, si_in_serializable: 0 0 %, local: 0 %
I1126 19:05:42.350281 1108035 Coordinator.h:126] commit: 304257 abort: 1247743 (0/1247743/0), network size: 0, avg network size: 0, si_in_serializable: 0 0 %, local: 0 %
I1126 19:05:42.350304 1108035 Coordinator.h:152] average commit: 302392 abort: 1.24291e+06 (0/1.24291e+06/0), network size: 0, avg network size: 0, si_in_serializable: 0 0 %, local: 0 %
I1126 19:05:42.351114 1108059 AriaExecutor.h:103] AriaExecutor 2 exits. 
I1126 19:05:42.351119 1108063 AriaExecutor.h:103] AriaExecutor 6 exits. 
I1126 19:05:42.351115 1108067 AriaExecutor.h:103] AriaExecutor 10 exits. 
I1126 19:05:42.351116 1108069 Manager.h:227] Manager(worker id = 12) on the coordinator node exits.
I1126 19:05:42.351128 1108060 AriaExecutor.h:103] AriaExecutor 3 exits. 
I1126 19:05:42.351118 1108065 AriaExecutor.h:103] AriaExecutor 8 exits. 
I1126 19:05:42.351130 1108064 AriaExecutor.h:103] AriaExecutor 7 exits. 
I1126 19:05:42.351128 1108062 AriaExecutor.h:103] AriaExecutor 5 exits. 
I1126 19:05:42.351130 1108068 AriaExecutor.h:103] AriaExecutor 11 exits. 
I1126 19:05:42.351130 1108066 AriaExecutor.h:103] AriaExecutor 9 exits. 
I1126 19:05:42.351118 1108057 AriaExecutor.h:103] AriaExecutor 0 exits. 
I1126 19:05:42.351121 1108061 AriaExecutor.h:103] AriaExecutor 4 exits. 
I1126 19:05:42.351133 1108058 AriaExecutor.h:103] AriaExecutor 1 exits. 
I1126 19:05:42.350329 1108035 AriaExecutor.h:621] Worker 0 latency: 542 us (50%) 590 us (75%) 615 us (95%) 630 us (99%).
I1126 19:05:42.377239 1108035 AriaExecutor.h:621] Worker 1 latency: 541 us (50%) 588 us (75%) 613 us (95%) 629 us (99%).
I1126 19:05:42.403932 1108035 AriaExecutor.h:621] Worker 2 latency: 543 us (50%) 589 us (75%) 614 us (95%) 630 us (99%).
I1126 19:05:42.430583 1108035 AriaExecutor.h:621] Worker 3 latency: 542 us (50%) 588 us (75%) 613 us (95%) 628 us (99%).
I1126 19:05:42.457095 1108035 AriaExecutor.h:621] Worker 4 latency: 542 us (50%) 587 us (75%) 614 us (95%) 629 us (99%).
I1126 19:05:42.483407 1108035 AriaExecutor.h:621] Worker 5 latency: 540 us (50%) 586 us (75%) 612 us (95%) 628 us (99%).
I1126 19:05:42.510167 1108035 AriaExecutor.h:621] Worker 6 latency: 543 us (50%) 587 us (75%) 613 us (95%) 629 us (99%).
I1126 19:05:42.535899 1108035 AriaExecutor.h:621] Worker 7 latency: 540 us (50%) 585 us (75%) 612 us (95%) 627 us (99%).
I1126 19:05:42.562244 1108035 AriaExecutor.h:621] Worker 8 latency: 542 us (50%) 587 us (75%) 613 us (95%) 629 us (99%).
I1126 19:05:42.588047 1108035 AriaExecutor.h:621] Worker 9 latency: 540 us (50%) 585 us (75%) 612 us (95%) 627 us (99%).
I1126 19:05:42.615458 1108035 AriaExecutor.h:621] Worker 10 latency: 542 us (50%) 586 us (75%) 613 us (95%) 629 us (99%).
I1126 19:05:42.642071 1108035 AriaExecutor.h:621] Worker 11 latency: 540 us (50%) 584 us (75%) 611 us (95%) 627 us (99%).
I1126 19:05:42.668429 1108035 Coordinator.h:177] total commit: 302392
I1126 19:05:43.668552 1108035 Coordinator.h:192] Coordinator exits.
