I0911 23:10:07.800587 2943487 Database.h:65] ycsb initialization finished in 146 milliseconds.
I0911 23:10:07.800709 2943487 Coordinator.h:30] Coordinator initializes 16 workers.
I0911 23:10:07.816820 2943487 Coordinator.h:77] Coordinator starts to run 17 workers.
I0911 23:10:07.816880 2943507 AriaExecutor.h:82] AriaExecutor 0 started. 
I0911 23:10:07.816917 2943508 AriaExecutor.h:82] AriaExecutor 1 started. 
I0911 23:10:07.816970 2943509 AriaExecutor.h:82] AriaExecutor 2 started. 
I0911 23:10:07.817018 2943510 AriaExecutor.h:82] AriaExecutor 3 started. 
I0911 23:10:07.817054 2943511 AriaExecutor.h:82] AriaExecutor 4 started. 
I0911 23:10:07.817098 2943512 AriaExecutor.h:82] AriaExecutor 5 started. 
I0911 23:10:07.817140 2943513 AriaExecutor.h:82] AriaExecutor 6 started. 
I0911 23:10:07.817188 2943514 AriaExecutor.h:82] AriaExecutor 7 started. 
I0911 23:10:07.817224 2943515 AriaExecutor.h:82] AriaExecutor 8 started. 
I0911 23:10:07.817268 2943516 AriaExecutor.h:82] AriaExecutor 9 started. 
I0911 23:10:07.817306 2943517 AriaExecutor.h:82] AriaExecutor 10 started. 
I0911 23:10:07.817350 2943518 AriaExecutor.h:82] AriaExecutor 11 started. 
I0911 23:10:07.817390 2943519 AriaExecutor.h:82] AriaExecutor 12 started. 
I0911 23:10:07.817442 2943520 AriaExecutor.h:82] AriaExecutor 13 started. 
I0911 23:10:07.817478 2943521 AriaExecutor.h:82] AriaExecutor 14 started. 
I0911 23:10:07.817521 2943522 AriaExecutor.h:82] AriaExecutor 15 started. 
I0911 23:10:07.817555 2943523 Manager.h:224] Manager(worker id = 16) on the coordinator node started.
I0911 23:10:08.817603 2943487 Coordinator.h:126] commit: 77757 abort: 98371 (0/98371/0), network size: 0, avg network size: 0, si_in_serializable: 0 0 %, local: 0 %
I0911 23:10:09.817705 2943487 Coordinator.h:126] commit: 78758 abort: 99418 (0/99418/0), network size: 0, avg network size: 0, si_in_serializable: 0 0 %, local: 0 %
I0911 23:10:10.817775 2943487 Coordinator.h:126] commit: 76613 abort: 97467 (0/97467/0), network size: 0, avg network size: 0, si_in_serializable: 0 0 %, local: 0 %
I0911 23:10:11.817858 2943487 Coordinator.h:126] commit: 77814 abort: 98314 (0/98314/0), network size: 0, avg network size: 0, si_in_serializable: 0 0 %, local: 0 %
I0911 23:10:12.817952 2943487 Coordinator.h:126] commit: 79316 abort: 100908 (0/100908/0), network size: 0, avg network size: 0, si_in_serializable: 0 0 %, local: 0 %
I0911 23:10:13.818022 2943487 Coordinator.h:126] commit: 81285 abort: 102968 (0/102968/0), network size: 0, avg network size: 0, si_in_serializable: 0 0 %, local: 0 %
I0911 23:10:14.818084 2943487 Coordinator.h:126] commit: 79813 abort: 100478 (0/100478/0), network size: 0, avg network size: 0, si_in_serializable: 0 0 %, local: 0 %
I0911 23:10:15.818159 2943487 Coordinator.h:126] commit: 80446 abort: 101826 (0/101826/0), network size: 0, avg network size: 0, si_in_serializable: 0 0 %, local: 0 %
I0911 23:10:16.818228 2943487 Coordinator.h:126] commit: 77754 abort: 98374 (0/98374/0), network size: 0, avg network size: 0, si_in_serializable: 0 0 %, local: 0 %
I0911 23:10:17.818295 2943487 Coordinator.h:126] commit: 78573 abort: 99603 (0/99603/0), network size: 0, avg network size: 0, si_in_serializable: 0 0 %, local: 0 %
I0911 23:10:18.818356 2943487 Coordinator.h:126] commit: 80479 abort: 101793 (0/101793/0), network size: 0, avg network size: 0, si_in_serializable: 0 0 %, local: 0 %
I0911 23:10:19.818454 2943487 Coordinator.h:126] commit: 80557 abort: 101715 (0/101715/0), network size: 0, avg network size: 0, si_in_serializable: 0 0 %, local: 0 %
I0911 23:10:20.818531 2943487 Coordinator.h:126] commit: 80291 abort: 101981 (0/101981/0), network size: 0, avg network size: 0, si_in_serializable: 0 0 %, local: 0 %
I0911 23:10:21.818594 2943487 Coordinator.h:126] commit: 79686 abort: 100538 (0/100538/0), network size: 0, avg network size: 0, si_in_serializable: 0 0 %, local: 0 %
I0911 23:10:22.818655 2943487 Coordinator.h:126] commit: 80351 abort: 101921 (0/101921/0), network size: 0, avg network size: 0, si_in_serializable: 0 0 %, local: 0 %
I0911 23:10:23.818727 2943487 Coordinator.h:126] commit: 80480 abort: 101792 (0/101792/0), network size: 0, avg network size: 0, si_in_serializable: 0 0 %, local: 0 %
I0911 23:10:24.818797 2943487 Coordinator.h:126] commit: 80762 abort: 101510 (0/101510/0), network size: 0, avg network size: 0, si_in_serializable: 0 0 %, local: 0 %
I0911 23:10:25.818867 2943487 Coordinator.h:126] commit: 79266 abort: 100958 (0/100958/0), network size: 0, avg network size: 0, si_in_serializable: 0 0 %, local: 0 %
I0911 23:10:26.818939 2943487 Coordinator.h:126] commit: 77561 abort: 98567 (0/98567/0), network size: 0, avg network size: 0, si_in_serializable: 0 0 %, local: 0 %
I0911 23:10:27.819012 2943487 Coordinator.h:126] commit: 80694 abort: 101578 (0/101578/0), network size: 0, avg network size: 0, si_in_serializable: 0 0 %, local: 0 %
I0911 23:10:28.819074 2943487 Coordinator.h:126] commit: 78714 abort: 99462 (0/99462/0), network size: 0, avg network size: 0, si_in_serializable: 0 0 %, local: 0 %
I0911 23:10:29.819164 2943487 Coordinator.h:126] commit: 79432 abort: 100792 (0/100792/0), network size: 0, avg network size: 0, si_in_serializable: 0 0 %, local: 0 %
I0911 23:10:30.819248 2943487 Coordinator.h:126] commit: 80282 abort: 101990 (0/101990/0), network size: 0, avg network size: 0, si_in_serializable: 0 0 %, local: 0 %
I0911 23:10:31.819330 2943487 Coordinator.h:126] commit: 80418 abort: 101854 (0/101854/0), network size: 0, avg network size: 0, si_in_serializable: 0 0 %, local: 0 %
I0911 23:10:32.819401 2943487 Coordinator.h:126] commit: 79350 abort: 100874 (0/100874/0), network size: 0, avg network size: 0, si_in_serializable: 0 0 %, local: 0 %
I0911 23:10:32.819411 2943487 Coordinator.h:152] average commit: 80012.7 abort: 101235 (0/101235/0), network size: 0, avg network size: 0, si_in_serializable: 0 0 %, local: 0 %
I0911 23:10:32.822440 2943509 AriaExecutor.h:94] AriaExecutor 2 exits. 
I0911 23:10:32.822460 2943508 AriaExecutor.h:94] AriaExecutor 1 exits. 
I0911 23:10:32.822479 2943516 AriaExecutor.h:94] AriaExecutor 9 exits. 
I0911 23:10:32.822448 2943523 Manager.h:227] Manager(worker id = 16) on the coordinator node exits.
I0911 23:10:32.822494 2943512 AriaExecutor.h:94] AriaExecutor 5 exits. 
I0911 23:10:32.822446 2943511 AriaExecutor.h:94] AriaExecutor 4 exits. 
I0911 23:10:32.822448 2943519 AriaExecutor.h:94] AriaExecutor 12 exits. 
I0911 23:10:32.822491 2943520 AriaExecutor.h:94] AriaExecutor 13 exits. 
I0911 23:10:32.822460 2943514 AriaExecutor.h:94] AriaExecutor 7 exits. 
I0911 23:10:32.822446 2943507 AriaExecutor.h:94] AriaExecutor 0 exits. 
I0911 23:10:32.822445 2943513 AriaExecutor.h:94] AriaExecutor 6 exits. 
I0911 23:10:32.822444 2943521 AriaExecutor.h:94] AriaExecutor 14 exits. 
I0911 23:10:32.822446 2943515 AriaExecutor.h:94] AriaExecutor 8 exits. 
I0911 23:10:32.822479 2943522 AriaExecutor.h:94] AriaExecutor 15 exits. 
I0911 23:10:32.822479 2943518 AriaExecutor.h:94] AriaExecutor 11 exits. 
I0911 23:10:32.822448 2943517 AriaExecutor.h:94] AriaExecutor 10 exits. 
I0911 23:10:32.822461 2943510 AriaExecutor.h:94] AriaExecutor 3 exits. 
I0911 23:10:32.819423 2943487 AriaExecutor.h:641] Worker 0 latency: 9517 us (50%) 10166 us (75%) 10538 us (95%) 10738 us (99%).
I0911 23:10:32.825994 2943487 AriaExecutor.h:641] Worker 1 latency: 9501 us (50%) 10156 us (75%) 10534 us (95%) 10728 us (99%).
I0911 23:10:32.832854 2943487 AriaExecutor.h:641] Worker 2 latency: 9511 us (50%) 10159 us (75%) 10535 us (95%) 10726 us (99%).
I0911 23:10:32.839250 2943487 AriaExecutor.h:641] Worker 3 latency: 9499 us (50%) 10155 us (75%) 10533 us (95%) 10730 us (99%).
I0911 23:10:32.846189 2943487 AriaExecutor.h:641] Worker 4 latency: 9481 us (50%) 10144 us (75%) 10526 us (95%) 10722 us (99%).
I0911 23:10:32.852645 2943487 AriaExecutor.h:641] Worker 5 latency: 9489 us (50%) 10152 us (75%) 10533 us (95%) 10721 us (99%).
I0911 23:10:32.859550 2943487 AriaExecutor.h:641] Worker 6 latency: 9511 us (50%) 10161 us (75%) 10534 us (95%) 10716 us (99%).
I0911 23:10:32.865901 2943487 AriaExecutor.h:641] Worker 7 latency: 9501 us (50%) 10159 us (75%) 10536 us (95%) 10732 us (99%).
I0911 23:10:32.872659 2943487 AriaExecutor.h:641] Worker 8 latency: 9496 us (50%) 10156 us (75%) 10533 us (95%) 10718 us (99%).
I0911 23:10:32.879021 2943487 AriaExecutor.h:641] Worker 9 latency: 9493 us (50%) 10153 us (75%) 10533 us (95%) 10722 us (99%).
I0911 23:10:32.885891 2943487 AriaExecutor.h:641] Worker 10 latency: 9517 us (50%) 10159 us (75%) 10534 us (95%) 10721 us (99%).
I0911 23:10:32.892292 2943487 AriaExecutor.h:641] Worker 11 latency: 9503 us (50%) 10156 us (75%) 10533 us (95%) 10719 us (99%).
I0911 23:10:32.899106 2943487 AriaExecutor.h:641] Worker 12 latency: 9505 us (50%) 10155 us (75%) 10532 us (95%) 10715 us (99%).
I0911 23:10:32.905512 2943487 AriaExecutor.h:641] Worker 13 latency: 9487 us (50%) 10152 us (75%) 10532 us (95%) 10726 us (99%).
I0911 23:10:32.912400 2943487 AriaExecutor.h:641] Worker 14 latency: 9514 us (50%) 10162 us (75%) 10534 us (95%) 10724 us (99%).
I0911 23:10:32.918695 2943487 AriaExecutor.h:641] Worker 15 latency: 9498 us (50%) 10151 us (75%) 10531 us (95%) 10711 us (99%).
I0911 23:10:32.925540 2943487 Coordinator.h:177] total commit: 80012.7
I0911 23:10:33.925647 2943487 Coordinator.h:192] Coordinator exits.
