I0911 22:49:40.436942 2939421 Database.h:65] ycsb initialization finished in 180 milliseconds.
I0911 22:49:40.437057 2939421 Coordinator.h:30] Coordinator initializes 16 workers.
I0911 22:49:40.444859 2939421 Coordinator.h:77] Coordinator starts to run 17 workers.
I0911 22:49:40.444908 2939441 AriaExecutor.h:82] AriaExecutor 0 started. 
I0911 22:49:40.444976 2939442 AriaExecutor.h:82] AriaExecutor 1 started. 
I0911 22:49:40.445008 2939443 AriaExecutor.h:82] AriaExecutor 2 started. 
I0911 22:49:40.445065 2939444 AriaExecutor.h:82] AriaExecutor 3 started. 
I0911 22:49:40.445080 2939445 AriaExecutor.h:82] AriaExecutor 4 started. 
I0911 22:49:40.445127 2939446 AriaExecutor.h:82] AriaExecutor 5 started. 
I0911 22:49:40.445149 2939447 AriaExecutor.h:82] AriaExecutor 6 started. 
I0911 22:49:40.445190 2939448 AriaExecutor.h:82] AriaExecutor 7 started. 
I0911 22:49:40.445225 2939449 AriaExecutor.h:82] AriaExecutor 8 started. 
I0911 22:49:40.445271 2939450 AriaExecutor.h:82] AriaExecutor 9 started. 
I0911 22:49:40.445303 2939451 AriaExecutor.h:82] AriaExecutor 10 started. 
I0911 22:49:40.445343 2939452 AriaExecutor.h:82] AriaExecutor 11 started. 
I0911 22:49:40.445380 2939453 AriaExecutor.h:82] AriaExecutor 12 started. 
I0911 22:49:40.445421 2939454 AriaExecutor.h:82] AriaExecutor 13 started. 
I0911 22:49:40.445453 2939455 AriaExecutor.h:82] AriaExecutor 14 started. 
I0911 22:49:40.445499 2939456 AriaExecutor.h:82] AriaExecutor 15 started. 
I0911 22:49:40.445533 2939457 Manager.h:224] Manager(worker id = 16) on the coordinator node started.
I0911 22:49:41.445582 2939421 Coordinator.h:126] commit: 1188682 abort: 117942 (0/117942/0), network size: 0, avg network size: 0, si_in_serializable: 0 0 %, local: 0 %
I0911 22:49:42.445672 2939421 Coordinator.h:126] commit: 1177308 abort: 117028 (0/117028/0), network size: 0, avg network size: 0, si_in_serializable: 0 0 %, local: 0 %
I0911 22:49:43.445739 2939421 Coordinator.h:126] commit: 1145522 abort: 113763 (0/113763/0), network size: 0, avg network size: 0, si_in_serializable: 0 0 %, local: 0 %
I0911 22:49:44.445806 2939421 Coordinator.h:126] commit: 1139389 abort: 113198 (0/113198/0), network size: 0, avg network size: 0, si_in_serializable: 0 0 %, local: 0 %
I0911 22:49:45.445890 2939421 Coordinator.h:126] commit: 1190214 abort: 118458 (0/118458/0), network size: 0, avg network size: 0, si_in_serializable: 0 0 %, local: 0 %
I0911 22:49:46.445958 2939421 Coordinator.h:126] commit: 1200618 abort: 119318 (0/119318/0), network size: 0, avg network size: 0, si_in_serializable: 0 0 %, local: 0 %
I0911 22:49:47.446017 2939421 Coordinator.h:126] commit: 1202230 abort: 118730 (0/118730/0), network size: 0, avg network size: 0, si_in_serializable: 0 0 %, local: 0 %
I0911 22:49:48.446079 2939421 Coordinator.h:126] commit: 1144162 abort: 113310 (0/113310/0), network size: 0, avg network size: 0, si_in_serializable: 0 0 %, local: 0 %
I0911 22:49:49.446141 2939421 Coordinator.h:126] commit: 1201235 abort: 118701 (0/118701/0), network size: 0, avg network size: 0, si_in_serializable: 0 0 %, local: 0 %
I0911 22:49:50.446203 2939421 Coordinator.h:126] commit: 1181326 abort: 117106 (0/117106/0), network size: 0, avg network size: 0, si_in_serializable: 0 0 %, local: 0 %
I0911 22:49:51.446264 2939421 Coordinator.h:126] commit: 1168315 abort: 115781 (0/115781/0), network size: 0, avg network size: 0, si_in_serializable: 0 0 %, local: 0 %
I0911 22:49:52.446326 2939421 Coordinator.h:126] commit: 1182997 abort: 117483 (0/117483/0), network size: 0, avg network size: 0, si_in_serializable: 0 0 %, local: 0 %
I0911 22:49:53.446405 2939421 Coordinator.h:126] commit: 1201405 abort: 118531 (0/118531/0), network size: 0, avg network size: 0, si_in_serializable: 0 0 %, local: 0 %
I0911 22:49:54.446468 2939421 Coordinator.h:126] commit: 1201670 abort: 119290 (0/119290/0), network size: 0, avg network size: 0, si_in_serializable: 0 0 %, local: 0 %
I0911 22:49:55.446532 2939421 Coordinator.h:126] commit: 1123635 abort: 111309 (0/111309/0), network size: 0, avg network size: 0, si_in_serializable: 0 0 %, local: 0 %
I0911 22:49:56.446591 2939421 Coordinator.h:126] commit: 1200392 abort: 119544 (0/119544/0), network size: 0, avg network size: 0, si_in_serializable: 0 0 %, local: 0 %
I0911 22:49:57.446651 2939421 Coordinator.h:126] commit: 1201971 abort: 118989 (0/118989/0), network size: 0, avg network size: 0, si_in_serializable: 0 0 %, local: 0 %
I0911 22:49:58.446714 2939421 Coordinator.h:126] commit: 1201094 abort: 118842 (0/118842/0), network size: 0, avg network size: 0, si_in_serializable: 0 0 %, local: 0 %
I0911 22:49:59.446777 2939421 Coordinator.h:126] commit: 1198898 abort: 118990 (0/118990/0), network size: 0, avg network size: 0, si_in_serializable: 0 0 %, local: 0 %
I0911 22:50:00.446842 2939421 Coordinator.h:126] commit: 1200383 abort: 119553 (0/119553/0), network size: 0, avg network size: 0, si_in_serializable: 0 0 %, local: 0 %
I0911 22:50:01.446906 2939421 Coordinator.h:126] commit: 1201858 abort: 119102 (0/119102/0), network size: 0, avg network size: 0, si_in_serializable: 0 0 %, local: 0 %
I0911 22:50:02.446969 2939421 Coordinator.h:126] commit: 1198260 abort: 118604 (0/118604/0), network size: 0, avg network size: 0, si_in_serializable: 0 0 %, local: 0 %
I0911 22:50:03.447033 2939421 Coordinator.h:126] commit: 1199644 abort: 119268 (0/119268/0), network size: 0, avg network size: 0, si_in_serializable: 0 0 %, local: 0 %
I0911 22:50:04.447095 2939421 Coordinator.h:126] commit: 1199656 abort: 119256 (0/119256/0), network size: 0, avg network size: 0, si_in_serializable: 0 0 %, local: 0 %
I0911 22:50:05.447160 2939421 Coordinator.h:126] commit: 1200107 abort: 118805 (0/118805/0), network size: 0, avg network size: 0, si_in_serializable: 0 0 %, local: 0 %
I0911 22:50:05.447168 2939421 Coordinator.h:152] average commit: 1.18808e+06 abort: 117831 (0/117831/0), network size: 0, avg network size: 0, si_in_serializable: 0 0 %, local: 0 %
I0911 22:50:05.447507 2939453 AriaExecutor.h:94] AriaExecutor 12 exits. 
I0911 22:50:05.447510 2939443 AriaExecutor.h:94] AriaExecutor 2 exits. 
I0911 22:50:05.447525 2939450 AriaExecutor.h:94] AriaExecutor 9 exits. 
I0911 22:50:05.447513 2939447 AriaExecutor.h:94] AriaExecutor 6 exits. 
I0911 22:50:05.447512 2939449 AriaExecutor.h:94] AriaExecutor 8 exits. 
I0911 22:50:05.447513 2939441 AriaExecutor.h:94] AriaExecutor 0 exits. 
I0911 22:50:05.447525 2939452 AriaExecutor.h:94] AriaExecutor 11 exits. 
I0911 22:50:05.447508 2939457 Manager.h:227] Manager(worker id = 16) on the coordinator node exits.
I0911 22:50:05.447516 2939445 AriaExecutor.h:94] AriaExecutor 4 exits. 
I0911 22:50:05.447515 2939455 AriaExecutor.h:94] AriaExecutor 14 exits. 
I0911 22:50:05.447526 2939448 AriaExecutor.h:94] AriaExecutor 7 exits. 
I0911 22:50:05.447525 2939446 AriaExecutor.h:94] AriaExecutor 5 exits. 
I0911 22:50:05.447526 2939444 AriaExecutor.h:94] AriaExecutor 3 exits. 
I0911 22:50:05.447525 2939454 AriaExecutor.h:94] AriaExecutor 13 exits. 
I0911 22:50:05.447526 2939456 AriaExecutor.h:94] AriaExecutor 15 exits. 
I0911 22:50:05.447512 2939451 AriaExecutor.h:94] AriaExecutor 10 exits. 
I0911 22:50:05.447530 2939442 AriaExecutor.h:94] AriaExecutor 1 exits. 
I0911 22:50:05.447178 2939421 AriaExecutor.h:535] Worker 0 latency: 460 us (50%) 607 us (75%) 719 us (95%) 744 us (99%).
I0911 22:50:05.521661 2939421 AriaExecutor.h:535] Worker 1 latency: 458 us (50%) 605 us (75%) 718 us (95%) 744 us (99%).
I0911 22:50:05.601665 2939421 AriaExecutor.h:535] Worker 2 latency: 462 us (50%) 608 us (75%) 719 us (95%) 744 us (99%).
I0911 22:50:05.675966 2939421 AriaExecutor.h:535] Worker 3 latency: 459 us (50%) 605 us (75%) 719 us (95%) 744 us (99%).
I0911 22:50:05.756408 2939421 AriaExecutor.h:535] Worker 4 latency: 461 us (50%) 607 us (75%) 719 us (95%) 744 us (99%).
I0911 22:50:05.829445 2939421 AriaExecutor.h:535] Worker 5 latency: 458 us (50%) 605 us (75%) 719 us (95%) 744 us (99%).
I0911 22:50:05.911652 2939421 AriaExecutor.h:535] Worker 6 latency: 463 us (50%) 608 us (75%) 720 us (95%) 744 us (99%).
I0911 22:50:05.983989 2939421 AriaExecutor.h:535] Worker 7 latency: 458 us (50%) 605 us (75%) 719 us (95%) 744 us (99%).
I0911 22:50:06.066051 2939421 AriaExecutor.h:535] Worker 8 latency: 460 us (50%) 606 us (75%) 719 us (95%) 744 us (99%).
I0911 22:50:06.138785 2939421 AriaExecutor.h:535] Worker 9 latency: 457 us (50%) 604 us (75%) 718 us (95%) 744 us (99%).
I0911 22:50:06.218329 2939421 AriaExecutor.h:535] Worker 10 latency: 462 us (50%) 607 us (75%) 719 us (95%) 744 us (99%).
I0911 22:50:06.290587 2939421 AriaExecutor.h:535] Worker 11 latency: 458 us (50%) 604 us (75%) 718 us (95%) 744 us (99%).
I0911 22:50:06.371299 2939421 AriaExecutor.h:535] Worker 12 latency: 460 us (50%) 607 us (75%) 719 us (95%) 744 us (99%).
I0911 22:50:06.443238 2939421 AriaExecutor.h:535] Worker 13 latency: 457 us (50%) 604 us (75%) 718 us (95%) 744 us (99%).
I0911 22:50:06.522430 2939421 AriaExecutor.h:535] Worker 14 latency: 462 us (50%) 607 us (75%) 719 us (95%) 744 us (99%).
I0911 22:50:06.595209 2939421 AriaExecutor.h:535] Worker 15 latency: 458 us (50%) 605 us (75%) 718 us (95%) 744 us (99%).
I0911 22:50:06.675714 2939421 Coordinator.h:177] total commit: 1.18808e+06
I0911 22:50:07.675825 2939421 Coordinator.h:192] Coordinator exits.
