I1126 15:27:23.958331 1005951 Database.h:65] ycsb initialization finished in 30 milliseconds.
I1126 15:27:23.958425 1005951 Coordinator.h:30] Coordinator initializes 12 workers.
I1126 15:27:23.959321 1005951 Coordinator.h:77] Coordinator starts to run 13 workers.
I1126 15:27:23.959414 1005967 AriaExecutor.h:95] AriaExecutor 0 started. 
I1126 15:27:23.959434 1005968 AriaExecutor.h:95] AriaExecutor 1 started. 
I1126 15:27:23.959515 1005969 AriaExecutor.h:95] AriaExecutor 2 started. 
I1126 15:27:23.959544 1005970 AriaExecutor.h:95] AriaExecutor 3 started. 
I1126 15:27:23.959583 1005971 AriaExecutor.h:95] AriaExecutor 4 started. 
I1126 15:27:23.959618 1005972 AriaExecutor.h:95] AriaExecutor 5 started. 
I1126 15:27:23.959657 1005973 AriaExecutor.h:95] AriaExecutor 6 started. 
I1126 15:27:23.959687 1005974 AriaExecutor.h:95] AriaExecutor 7 started. 
I1126 15:27:23.959738 1005975 AriaExecutor.h:95] AriaExecutor 8 started. 
I1126 15:27:23.959764 1005976 AriaExecutor.h:95] AriaExecutor 9 started. 
I1126 15:27:23.959802 1005977 AriaExecutor.h:95] AriaExecutor 10 started. 
I1126 15:27:23.959841 1005978 AriaExecutor.h:95] AriaExecutor 11 started. 
I1126 15:27:23.959869 1005979 Manager.h:224] Manager(worker id = 12) on the coordinator node started.
I1126 15:27:24.959921 1005951 Coordinator.h:126] commit: 1835348 abort: 28652 (0/28652/0), network size: 0, avg network size: 0, si_in_serializable: 0 0 %, local: 0 %
I1126 15:27:25.960033 1005951 Coordinator.h:126] commit: 1811775 abort: 28225 (0/28225/0), network size: 0, avg network size: 0, si_in_serializable: 0 0 %, local: 0 %
I1126 15:27:26.960194 1005951 Coordinator.h:126] commit: 1856190 abort: 28810 (0/28810/0), network size: 0, avg network size: 0, si_in_serializable: 0 0 %, local: 0 %
I1126 15:27:27.960291 1005951 Coordinator.h:126] commit: 1833615 abort: 28385 (0/28385/0), network size: 0, avg network size: 0, si_in_serializable: 0 0 %, local: 0 %
I1126 15:27:28.960378 1005951 Coordinator.h:126] commit: 1865682 abort: 29123 (0/29123/0), network size: 0, avg network size: 0, si_in_serializable: 0 0 %, local: 0 %
I1126 15:27:29.960453 1005951 Coordinator.h:126] commit: 1865207 abort: 28988 (0/28988/0), network size: 0, avg network size: 0, si_in_serializable: 0 0 %, local: 0 %
I1126 15:27:30.960544 1005951 Coordinator.h:126] commit: 1717359 abort: 26641 (0/26641/0), network size: 0, avg network size: 0, si_in_serializable: 0 0 %, local: 0 %
I1126 15:27:31.960624 1005951 Coordinator.h:126] commit: 1857141 abort: 28859 (0/28859/0), network size: 0, avg network size: 0, si_in_serializable: 0 0 %, local: 0 %
I1126 15:27:32.960705 1005951 Coordinator.h:126] commit: 1861920 abort: 29080 (0/29080/0), network size: 0, avg network size: 0, si_in_serializable: 0 0 %, local: 0 %
I1126 15:27:33.960786 1005951 Coordinator.h:126] commit: 1856081 abort: 28919 (0/28919/0), network size: 0, avg network size: 0, si_in_serializable: 0 0 %, local: 0 %
I1126 15:27:34.960870 1005951 Coordinator.h:126] commit: 1863952 abort: 29048 (0/29048/0), network size: 0, avg network size: 0, si_in_serializable: 0 0 %, local: 0 %
I1126 15:27:35.960945 1005951 Coordinator.h:126] commit: 1853238 abort: 28705 (0/28705/0), network size: 0, avg network size: 0, si_in_serializable: 0 0 %, local: 0 %
I1126 15:27:36.961024 1005951 Coordinator.h:126] commit: 1837465 abort: 28592 (0/28592/0), network size: 0, avg network size: 0, si_in_serializable: 0 0 %, local: 0 %
I1126 15:27:37.961102 1005951 Coordinator.h:126] commit: 1669033 abort: 25967 (0/25967/0), network size: 0, avg network size: 0, si_in_serializable: 0 0 %, local: 0 %
I1126 15:27:38.961179 1005951 Coordinator.h:126] commit: 1863785 abort: 29215 (0/29215/0), network size: 0, avg network size: 0, si_in_serializable: 0 0 %, local: 0 %
I1126 15:27:39.961251 1005951 Coordinator.h:126] commit: 1859481 abort: 28519 (0/28519/0), network size: 0, avg network size: 0, si_in_serializable: 0 0 %, local: 0 %
I1126 15:27:40.961323 1005951 Coordinator.h:126] commit: 1857229 abort: 28771 (0/28771/0), network size: 0, avg network size: 0, si_in_serializable: 0 0 %, local: 0 %
I1126 15:27:41.961412 1005951 Coordinator.h:126] commit: 1856990 abort: 29010 (0/29010/0), network size: 0, avg network size: 0, si_in_serializable: 0 0 %, local: 0 %
I1126 15:27:42.961488 1005951 Coordinator.h:126] commit: 1864124 abort: 28876 (0/28876/0), network size: 0, avg network size: 0, si_in_serializable: 0 0 %, local: 0 %
I1126 15:27:43.961563 1005951 Coordinator.h:126] commit: 1857529 abort: 28471 (0/28471/0), network size: 0, avg network size: 0, si_in_serializable: 0 0 %, local: 0 %
I1126 15:27:44.961635 1005951 Coordinator.h:126] commit: 1863066 abort: 28934 (0/28934/0), network size: 0, avg network size: 0, si_in_serializable: 0 0 %, local: 0 %
I1126 15:27:45.961711 1005951 Coordinator.h:126] commit: 1858046 abort: 28954 (0/28954/0), network size: 0, avg network size: 0, si_in_serializable: 0 0 %, local: 0 %
I1126 15:27:46.961788 1005951 Coordinator.h:126] commit: 1862911 abort: 29089 (0/29089/0), network size: 0, avg network size: 0, si_in_serializable: 0 0 %, local: 0 %
I1126 15:27:47.961862 1005951 Coordinator.h:126] commit: 1861855 abort: 29145 (0/29145/0), network size: 0, avg network size: 0, si_in_serializable: 0 0 %, local: 0 %
I1126 15:27:48.961933 1005951 Coordinator.h:126] commit: 1862878 abort: 29122 (0/29122/0), network size: 0, avg network size: 0, si_in_serializable: 0 0 %, local: 0 %
I1126 15:27:48.961941 1005951 Coordinator.h:152] average commit: 1.83828e+06 abort: 28517.4 (0/28517.4/0), network size: 0, avg network size: 0, si_in_serializable: 0 0 %, local: 0 %
I1126 15:27:48.962070 1005967 AriaExecutor.h:107] AriaExecutor 0 exits. 
I1126 15:27:48.962072 1005976 AriaExecutor.h:107] AriaExecutor 9 exits. 
I1126 15:27:48.962080 1005968 AriaExecutor.h:107] AriaExecutor 1 exits. 
I1126 15:27:48.962083 1005971 AriaExecutor.h:107] AriaExecutor 4 exits. 
I1126 15:27:48.962096 1005978 AriaExecutor.h:107] AriaExecutor 11 exits. 
I1126 15:27:48.962083 1005969 AriaExecutor.h:107] AriaExecutor 2 exits. 
I1126 15:27:48.962083 1005977 AriaExecutor.h:107] AriaExecutor 10 exits. 
I1126 15:27:48.962074 1005974 AriaExecutor.h:107] AriaExecutor 7 exits. 
I1126 15:27:48.962083 1005973 AriaExecutor.h:107] AriaExecutor 6 exits. 
I1126 15:27:48.962108 1005979 Manager.h:227] Manager(worker id = 12) on the coordinator node exits.
I1126 15:27:48.962097 1005972 AriaExecutor.h:107] AriaExecutor 5 exits. 
I1126 15:27:48.962074 1005970 AriaExecutor.h:107] AriaExecutor 3 exits. 
I1126 15:27:48.962091 1005975 AriaExecutor.h:107] AriaExecutor 8 exits. 
I1126 15:27:48.961952 1005951 AriaExecutor.h:705] Worker 0 latency: 361 us (50%) 417 us (75%) 464 us (95%) 480 us (99%).
I1126 15:27:49.100641 1005951 AriaExecutor.h:705] Worker 1 latency: 359 us (50%) 416 us (75%) 464 us (95%) 479 us (99%).
I1126 15:27:49.238107 1005951 AriaExecutor.h:705] Worker 2 latency: 361 us (50%) 416 us (75%) 464 us (95%) 480 us (99%).
I1126 15:27:49.376124 1005951 AriaExecutor.h:705] Worker 3 latency: 361 us (50%) 416 us (75%) 463 us (95%) 479 us (99%).
I1126 15:27:49.513517 1005951 AriaExecutor.h:705] Worker 4 latency: 362 us (50%) 416 us (75%) 463 us (95%) 479 us (99%).
I1126 15:27:49.651295 1005951 AriaExecutor.h:705] Worker 5 latency: 361 us (50%) 416 us (75%) 463 us (95%) 479 us (99%).
I1126 15:27:49.786616 1005951 AriaExecutor.h:705] Worker 6 latency: 364 us (50%) 418 us (75%) 464 us (95%) 480 us (99%).
I1126 15:27:49.922323 1005951 AriaExecutor.h:705] Worker 7 latency: 363 us (50%) 417 us (75%) 463 us (95%) 479 us (99%).
I1126 15:27:50.057945 1005951 AriaExecutor.h:705] Worker 8 latency: 364 us (50%) 417 us (75%) 464 us (95%) 480 us (99%).
I1126 15:27:50.196728 1005951 AriaExecutor.h:705] Worker 9 latency: 363 us (50%) 417 us (75%) 464 us (95%) 479 us (99%).
I1126 15:27:50.337297 1005951 AriaExecutor.h:705] Worker 10 latency: 364 us (50%) 417 us (75%) 464 us (95%) 480 us (99%).
I1126 15:27:50.475608 1005951 AriaExecutor.h:705] Worker 11 latency: 365 us (50%) 418 us (75%) 464 us (95%) 479 us (99%).
I1126 15:27:50.608769 1005951 Coordinator.h:177] total commit: 1.83828e+06
I1126 15:27:51.608911 1005951 Coordinator.h:192] Coordinator exits.
