I0911 22:15:58.205207 2933043 Database.h:65] ycsb initialization finished in 147 milliseconds.
I0911 22:15:58.205323 2933043 Coordinator.h:30] Coordinator initializes 16 workers.
I0911 22:15:58.235957 2933043 Coordinator.h:77] Coordinator starts to run 17 workers.
I0911 22:15:58.236033 2933063 AriaExecutor.h:82] AriaExecutor 0 started. 
I0911 22:15:58.236065 2933064 AriaExecutor.h:82] AriaExecutor 1 started. 
I0911 22:15:58.236106 2933065 AriaExecutor.h:82] AriaExecutor 2 started. 
I0911 22:15:58.236152 2933066 AriaExecutor.h:82] AriaExecutor 3 started. 
I0911 22:15:58.236191 2933067 AriaExecutor.h:82] AriaExecutor 4 started. 
I0911 22:15:58.236236 2933068 AriaExecutor.h:82] AriaExecutor 5 started. 
I0911 22:15:58.236282 2933069 AriaExecutor.h:82] AriaExecutor 6 started. 
I0911 22:15:58.236311 2933070 AriaExecutor.h:82] AriaExecutor 7 started. 
I0911 22:15:58.236349 2933071 AriaExecutor.h:82] AriaExecutor 8 started. 
I0911 22:15:58.236388 2933072 AriaExecutor.h:82] AriaExecutor 9 started. 
I0911 22:15:58.236423 2933073 AriaExecutor.h:82] AriaExecutor 10 started. 
I0911 22:15:58.236474 2933074 AriaExecutor.h:82] AriaExecutor 11 started. 
I0911 22:15:58.236508 2933075 AriaExecutor.h:82] AriaExecutor 12 started. 
I0911 22:15:58.236548 2933076 AriaExecutor.h:82] AriaExecutor 13 started. 
I0911 22:15:58.236579 2933077 AriaExecutor.h:82] AriaExecutor 14 started. 
I0911 22:15:58.236619 2933078 AriaExecutor.h:82] AriaExecutor 15 started. 
I0911 22:15:58.236656 2933079 Manager.h:224] Manager(worker id = 16) on the coordinator node started.
I0911 22:15:59.236716 2933043 Coordinator.h:126] commit: 86191 abort: 106321 (0/106321/0), network size: 0, avg network size: 0, si_in_serializable: 0 0 %, local: 0 %
I0911 22:16:00.236845 2933043 Coordinator.h:126] commit: 93488 abort: 115408 (0/115408/0), network size: 0, avg network size: 0, si_in_serializable: 0 0 %, local: 0 %
I0911 22:16:01.236974 2933043 Coordinator.h:126] commit: 90388 abort: 110316 (0/110316/0), network size: 0, avg network size: 0, si_in_serializable: 0 0 %, local: 0 %
I0911 22:16:02.237089 2933043 Coordinator.h:126] commit: 90041 abort: 110663 (0/110663/0), network size: 0, avg network size: 0, si_in_serializable: 0 0 %, local: 0 %
I0911 22:16:03.237226 2933043 Coordinator.h:126] commit: 93611 abort: 115285 (0/115285/0), network size: 0, avg network size: 0, si_in_serializable: 0 0 %, local: 0 %
I0911 22:16:04.237332 2933043 Coordinator.h:126] commit: 93575 abort: 115321 (0/115321/0), network size: 0, avg network size: 0, si_in_serializable: 0 0 %, local: 0 %
I0911 22:16:05.237421 2933043 Coordinator.h:126] commit: 95477 abort: 117515 (0/117515/0), network size: 0, avg network size: 0, si_in_serializable: 0 0 %, local: 0 %
I0911 22:16:06.237515 2933043 Coordinator.h:126] commit: 93616 abort: 115280 (0/115280/0), network size: 0, avg network size: 0, si_in_serializable: 0 0 %, local: 0 %
I0911 22:16:07.237600 2933043 Coordinator.h:126] commit: 95242 abort: 117750 (0/117750/0), network size: 0, avg network size: 0, si_in_serializable: 0 0 %, local: 0 %
I0911 22:16:08.237694 2933043 Coordinator.h:126] commit: 93453 abort: 115443 (0/115443/0), network size: 0, avg network size: 0, si_in_serializable: 0 0 %, local: 0 %
I0911 22:16:09.237783 2933043 Coordinator.h:126] commit: 93488 abort: 115408 (0/115408/0), network size: 0, avg network size: 0, si_in_serializable: 0 0 %, local: 0 %
I0911 22:16:10.237895 2933043 Coordinator.h:126] commit: 93685 abort: 115211 (0/115211/0), network size: 0, avg network size: 0, si_in_serializable: 0 0 %, local: 0 %
I0911 22:16:11.237988 2933043 Coordinator.h:126] commit: 95561 abort: 117431 (0/117431/0), network size: 0, avg network size: 0, si_in_serializable: 0 0 %, local: 0 %
I0911 22:16:12.238068 2933043 Coordinator.h:126] commit: 95579 abort: 117413 (0/117413/0), network size: 0, avg network size: 0, si_in_serializable: 0 0 %, local: 0 %
I0911 22:16:13.238155 2933043 Coordinator.h:126] commit: 95216 abort: 117776 (0/117776/0), network size: 0, avg network size: 0, si_in_serializable: 0 0 %, local: 0 %
I0911 22:16:14.238232 2933043 Coordinator.h:126] commit: 93780 abort: 115116 (0/115116/0), network size: 0, avg network size: 0, si_in_serializable: 0 0 %, local: 0 %
I0911 22:16:15.238309 2933043 Coordinator.h:126] commit: 95403 abort: 117589 (0/117589/0), network size: 0, avg network size: 0, si_in_serializable: 0 0 %, local: 0 %
I0911 22:16:16.238384 2933043 Coordinator.h:126] commit: 95536 abort: 117456 (0/117456/0), network size: 0, avg network size: 0, si_in_serializable: 0 0 %, local: 0 %
I0911 22:16:17.238459 2933043 Coordinator.h:126] commit: 95094 abort: 117898 (0/117898/0), network size: 0, avg network size: 0, si_in_serializable: 0 0 %, local: 0 %
I0911 22:16:18.238530 2933043 Coordinator.h:126] commit: 93456 abort: 115440 (0/115440/0), network size: 0, avg network size: 0, si_in_serializable: 0 0 %, local: 0 %
I0911 22:16:19.238612 2933043 Coordinator.h:126] commit: 95065 abort: 117927 (0/117927/0), network size: 0, avg network size: 0, si_in_serializable: 0 0 %, local: 0 %
I0911 22:16:20.238693 2933043 Coordinator.h:126] commit: 91775 abort: 113312 (0/113312/0), network size: 0, avg network size: 0, si_in_serializable: 0 0 %, local: 0 %
I0911 22:16:21.238814 2933043 Coordinator.h:126] commit: 95039 abort: 117666 (0/117666/0), network size: 0, avg network size: 0, si_in_serializable: 0 0 %, local: 0 %
I0911 22:16:22.238901 2933043 Coordinator.h:126] commit: 93388 abort: 115515 (0/115515/0), network size: 0, avg network size: 0, si_in_serializable: 0 0 %, local: 0 %
I0911 22:16:23.238981 2933043 Coordinator.h:126] commit: 95504 abort: 117481 (0/117481/0), network size: 0, avg network size: 0, si_in_serializable: 0 0 %, local: 0 %
I0911 22:16:23.238993 2933043 Coordinator.h:152] average commit: 94679.8 abort: 116674 (0/116674/0), network size: 0, avg network size: 0, si_in_serializable: 0 0 %, local: 0 %
I0911 22:16:23.244969 2933063 AriaExecutor.h:94] AriaExecutor 0 exits. 
I0911 22:16:23.244969 2933069 AriaExecutor.h:94] AriaExecutor 6 exits. 
I0911 22:16:23.244992 2933067 AriaExecutor.h:94] AriaExecutor 4 exits. 
I0911 22:16:23.244997 2933074 AriaExecutor.h:94] AriaExecutor 11 exits. 
I0911 22:16:23.244982 2933070 AriaExecutor.h:94] AriaExecutor 7 exits. 
I0911 22:16:23.244982 2933078 AriaExecutor.h:94] AriaExecutor 15 exits. 
I0911 22:16:23.244972 2933077 AriaExecutor.h:94] AriaExecutor 14 exits. 
I0911 22:16:23.244969 2933075 AriaExecutor.h:94] AriaExecutor 12 exits. 
I0911 22:16:23.244982 2933066 AriaExecutor.h:94] AriaExecutor 3 exits. 
I0911 22:16:23.244983 2933064 AriaExecutor.h:94] AriaExecutor 1 exits. 
I0911 22:16:23.244982 2933072 AriaExecutor.h:94] AriaExecutor 9 exits. 
I0911 22:16:23.244984 2933076 AriaExecutor.h:94] AriaExecutor 13 exits. 
I0911 22:16:23.244964 2933079 Manager.h:227] Manager(worker id = 16) on the coordinator node exits.
I0911 22:16:23.244971 2933071 AriaExecutor.h:94] AriaExecutor 8 exits. 
I0911 22:16:23.244973 2933065 AriaExecutor.h:94] AriaExecutor 2 exits. 
I0911 22:16:23.244992 2933073 AriaExecutor.h:94] AriaExecutor 10 exits. 
I0911 22:16:23.244983 2933068 AriaExecutor.h:94] AriaExecutor 5 exits. 
I0911 22:16:23.239001 2933043 AriaExecutor.h:535] Worker 0 latency: 15919 us (50%) 17364 us (75%) 18281 us (95%) 19571 us (99%).
I0911 22:16:23.246789 2933043 AriaExecutor.h:535] Worker 1 latency: 15875 us (50%) 17332 us (75%) 18272 us (95%) 19442 us (99%).
I0911 22:16:23.254557 2933043 AriaExecutor.h:535] Worker 2 latency: 15928 us (50%) 17353 us (75%) 18273 us (95%) 19498 us (99%).
I0911 22:16:23.262356 2933043 AriaExecutor.h:535] Worker 3 latency: 15901 us (50%) 17333 us (75%) 18268 us (95%) 19412 us (99%).
I0911 22:16:23.270025 2933043 AriaExecutor.h:535] Worker 4 latency: 15899 us (50%) 17339 us (75%) 18274 us (95%) 19543 us (99%).
I0911 22:16:23.277637 2933043 AriaExecutor.h:535] Worker 5 latency: 15885 us (50%) 17341 us (75%) 18281 us (95%) 19473 us (99%).
I0911 22:16:23.285323 2933043 AriaExecutor.h:535] Worker 6 latency: 15925 us (50%) 17343 us (75%) 18265 us (95%) 19468 us (99%).
I0911 22:16:23.292902 2933043 AriaExecutor.h:535] Worker 7 latency: 15883 us (50%) 17340 us (75%) 18274 us (95%) 19448 us (99%).
I0911 22:16:23.300659 2933043 AriaExecutor.h:535] Worker 8 latency: 15918 us (50%) 17346 us (75%) 18273 us (95%) 19502 us (99%).
I0911 22:16:23.308207 2933043 AriaExecutor.h:535] Worker 9 latency: 15890 us (50%) 17338 us (75%) 18278 us (95%) 19415 us (99%).
I0911 22:16:23.316056 2933043 AriaExecutor.h:535] Worker 10 latency: 15943 us (50%) 17352 us (75%) 18266 us (95%) 19470 us (99%).
I0911 22:16:23.323748 2933043 AriaExecutor.h:535] Worker 11 latency: 15886 us (50%) 17332 us (75%) 18268 us (95%) 19447 us (99%).
I0911 22:16:23.331413 2933043 AriaExecutor.h:535] Worker 12 latency: 15925 us (50%) 17346 us (75%) 18265 us (95%) 19517 us (99%).
I0911 22:16:23.338971 2933043 AriaExecutor.h:535] Worker 13 latency: 15885 us (50%) 17339 us (75%) 18275 us (95%) 19436 us (99%).
I0911 22:16:23.346627 2933043 AriaExecutor.h:535] Worker 14 latency: 15917 us (50%) 17340 us (75%) 18260 us (95%) 19476 us (99%).
I0911 22:16:23.354137 2933043 AriaExecutor.h:535] Worker 15 latency: 15899 us (50%) 17338 us (75%) 18268 us (95%) 19437 us (99%).
I0911 22:16:23.361783 2933043 Coordinator.h:177] total commit: 94679.8
I0911 22:16:24.361896 2933043 Coordinator.h:192] Coordinator exits.
