I1126 16:06:43.397586 1031079 Database.h:65] ycsb initialization finished in 30 milliseconds.
I1126 16:06:43.397686 1031079 Coordinator.h:30] Coordinator initializes 12 workers.
I1126 16:06:43.405315 1031079 Coordinator.h:77] Coordinator starts to run 13 workers.
I1126 16:06:43.405367 1031095 AriaExecutor.h:93] AriaExecutor 0 started. 
I1126 16:06:43.405397 1031096 AriaExecutor.h:93] AriaExecutor 1 started. 
I1126 16:06:43.405437 1031097 AriaExecutor.h:93] AriaExecutor 2 started. 
I1126 16:06:43.405476 1031098 AriaExecutor.h:93] AriaExecutor 3 started. 
I1126 16:06:43.405557 1031100 AriaExecutor.h:93] AriaExecutor 5 started. 
I1126 16:06:43.405599 1031101 AriaExecutor.h:93] AriaExecutor 6 started. 
I1126 16:06:43.405638 1031102 AriaExecutor.h:93] AriaExecutor 7 started. 
I1126 16:06:43.405673 1031103 AriaExecutor.h:93] AriaExecutor 8 started. 
I1126 16:06:43.405726 1031104 AriaExecutor.h:93] AriaExecutor 9 started. 
I1126 16:06:43.405761 1031105 AriaExecutor.h:93] AriaExecutor 10 started. 
I1126 16:06:43.405812 1031106 AriaExecutor.h:93] AriaExecutor 11 started. 
I1126 16:06:43.405849 1031099 AriaExecutor.h:93] AriaExecutor 4 started. 
I1126 16:06:43.405851 1031107 Manager.h:224] Manager(worker id = 12) on the coordinator node started.
I1126 16:06:44.405916 1031079 Coordinator.h:126] commit: 17839 abort: 216161 (0/216161/0), network size: 0, avg network size: 0, si_in_serializable: 0 0 %, local: 0 %
I1126 16:06:45.406056 1031079 Coordinator.h:126] commit: 17973 abort: 217027 (0/217027/0), network size: 0, avg network size: 0, si_in_serializable: 0 0 %, local: 0 %
I1126 16:06:46.406195 1031079 Coordinator.h:126] commit: 18249 abort: 219751 (0/219751/0), network size: 0, avg network size: 0, si_in_serializable: 0 0 %, local: 0 %
I1126 16:06:47.406342 1031079 Coordinator.h:126] commit: 18267 abort: 220733 (0/220733/0), network size: 0, avg network size: 0, si_in_serializable: 0 0 %, local: 0 %
I1126 16:06:48.406458 1031079 Coordinator.h:126] commit: 18205 abort: 220795 (0/220795/0), network size: 0, avg network size: 0, si_in_serializable: 0 0 %, local: 0 %
I1126 16:06:49.406570 1031079 Coordinator.h:126] commit: 18167 abort: 217833 (0/217833/0), network size: 0, avg network size: 0, si_in_serializable: 0 0 %, local: 0 %
I1126 16:06:50.406694 1031079 Coordinator.h:126] commit: 18078 abort: 219922 (0/219922/0), network size: 0, avg network size: 0, si_in_serializable: 0 0 %, local: 0 %
I1126 16:06:51.406807 1031079 Coordinator.h:126] commit: 18142 abort: 220858 (0/220858/0), network size: 0, avg network size: 0, si_in_serializable: 0 0 %, local: 0 %
I1126 16:06:52.406904 1031079 Coordinator.h:126] commit: 18143 abort: 219857 (0/219857/0), network size: 0, avg network size: 0, si_in_serializable: 0 0 %, local: 0 %
I1126 16:06:53.407009 1031079 Coordinator.h:126] commit: 18493 abort: 221507 (0/221507/0), network size: 0, avg network size: 0, si_in_serializable: 0 0 %, local: 0 %
I1126 16:06:54.407105 1031079 Coordinator.h:126] commit: 18048 abort: 217952 (0/217952/0), network size: 0, avg network size: 0, si_in_serializable: 0 0 %, local: 0 %
I1126 16:06:55.407217 1031079 Coordinator.h:126] commit: 18207 abort: 219793 (0/219793/0), network size: 0, avg network size: 0, si_in_serializable: 0 0 %, local: 0 %
I1126 16:06:56.407328 1031079 Coordinator.h:126] commit: 18182 abort: 219818 (0/219818/0), network size: 0, avg network size: 0, si_in_serializable: 0 0 %, local: 0 %
I1126 16:06:57.407434 1031079 Coordinator.h:126] commit: 18186 abort: 219814 (0/219814/0), network size: 0, avg network size: 0, si_in_serializable: 0 0 %, local: 0 %
I1126 16:06:58.407557 1031079 Coordinator.h:126] commit: 17937 abort: 219063 (0/219063/0), network size: 0, avg network size: 0, si_in_serializable: 0 0 %, local: 0 %
I1126 16:06:59.407672 1031079 Coordinator.h:126] commit: 18262 abort: 220738 (0/220738/0), network size: 0, avg network size: 0, si_in_serializable: 0 0 %, local: 0 %
I1126 16:07:00.407776 1031079 Coordinator.h:126] commit: 18176 abort: 218824 (0/218824/0), network size: 0, avg network size: 0, si_in_serializable: 0 0 %, local: 0 %
I1126 16:07:01.407883 1031079 Coordinator.h:126] commit: 18248 abort: 220752 (0/220752/0), network size: 0, avg network size: 0, si_in_serializable: 0 0 %, local: 0 %
I1126 16:07:02.407985 1031079 Coordinator.h:126] commit: 18044 abort: 219956 (0/219956/0), network size: 0, avg network size: 0, si_in_serializable: 0 0 %, local: 0 %
I1126 16:07:03.408098 1031079 Coordinator.h:126] commit: 18023 abort: 218977 (0/218977/0), network size: 0, avg network size: 0, si_in_serializable: 0 0 %, local: 0 %
I1126 16:07:04.408211 1031079 Coordinator.h:126] commit: 18255 abort: 218745 (0/218745/0), network size: 0, avg network size: 0, si_in_serializable: 0 0 %, local: 0 %
I1126 16:07:05.408321 1031079 Coordinator.h:126] commit: 18364 abort: 219636 (0/219636/0), network size: 0, avg network size: 0, si_in_serializable: 0 0 %, local: 0 %
I1126 16:07:06.408439 1031079 Coordinator.h:126] commit: 18180 abort: 219820 (0/219820/0), network size: 0, avg network size: 0, si_in_serializable: 0 0 %, local: 0 %
I1126 16:07:07.408546 1031079 Coordinator.h:126] commit: 18335 abort: 220665 (0/220665/0), network size: 0, avg network size: 0, si_in_serializable: 0 0 %, local: 0 %
I1126 16:07:08.408643 1031079 Coordinator.h:126] commit: 18029 abort: 218971 (0/218971/0), network size: 0, avg network size: 0, si_in_serializable: 0 0 %, local: 0 %
I1126 16:07:08.408682 1031079 Coordinator.h:152] average commit: 18131.3 abort: 219569 (0/219569/0), network size: 0, avg network size: 0, si_in_serializable: 0 0 %, local: 0 %
I1126 16:07:08.408876 1031095 AriaExecutor.h:105] AriaExecutor 0 exits. 
I1126 16:07:08.408880 1031101 AriaExecutor.h:105] AriaExecutor 6 exits. 
I1126 16:07:08.408883 1031103 AriaExecutor.h:105] AriaExecutor 8 exits. 
I1126 16:07:08.408891 1031106 AriaExecutor.h:105] AriaExecutor 11 exits. 
I1126 16:07:08.408882 1031099 AriaExecutor.h:105] AriaExecutor 4 exits. 
I1126 16:07:08.408877 1031107 Manager.h:227] Manager(worker id = 12) on the coordinator node exits.
I1126 16:07:08.408877 1031097 AriaExecutor.h:105] AriaExecutor 2 exits. 
I1126 16:07:08.408892 1031102 AriaExecutor.h:105] AriaExecutor 7 exits. 
I1126 16:07:08.408892 1031104 AriaExecutor.h:105] AriaExecutor 9 exits. 
I1126 16:07:08.408892 1031096 AriaExecutor.h:105] AriaExecutor 1 exits. 
I1126 16:07:08.408892 1031098 AriaExecutor.h:105] AriaExecutor 3 exits. 
I1126 16:07:08.408893 1031100 AriaExecutor.h:105] AriaExecutor 5 exits. 
I1126 16:07:08.408881 1031105 AriaExecutor.h:105] AriaExecutor 10 exits. 
I1126 16:07:08.408690 1031079 AriaExecutor.h:672] Worker 0 latency: 4038 us (50%) 4116 us (75%) 4186 us (95%) 4271 us (99%).
I1126 16:07:08.410908 1031079 AriaExecutor.h:672] Worker 1 latency: 4037 us (50%) 4115 us (75%) 4185 us (95%) 4267 us (99%).
I1126 16:07:08.412988 1031079 AriaExecutor.h:672] Worker 2 latency: 4036 us (50%) 4115 us (75%) 4185 us (95%) 4269 us (99%).
I1126 16:07:08.415045 1031079 AriaExecutor.h:672] Worker 3 latency: 4034 us (50%) 4113 us (75%) 4184 us (95%) 4264 us (99%).
I1126 16:07:08.417078 1031079 AriaExecutor.h:672] Worker 4 latency: 4034 us (50%) 4114 us (75%) 4185 us (95%) 4267 us (99%).
I1126 16:07:08.419090 1031079 AriaExecutor.h:672] Worker 5 latency: 4031 us (50%) 4112 us (75%) 4183 us (95%) 4262 us (99%).
I1126 16:07:08.421051 1031079 AriaExecutor.h:672] Worker 6 latency: 4031 us (50%) 4113 us (75%) 4184 us (95%) 4269 us (99%).
I1126 16:07:08.423039 1031079 AriaExecutor.h:672] Worker 7 latency: 4031 us (50%) 4112 us (75%) 4182 us (95%) 4261 us (99%).
I1126 16:07:08.424984 1031079 AriaExecutor.h:672] Worker 8 latency: 4028 us (50%) 4111 us (75%) 4183 us (95%) 4263 us (99%).
I1126 16:07:08.426930 1031079 AriaExecutor.h:672] Worker 9 latency: 4028 us (50%) 4110 us (75%) 4182 us (95%) 4266 us (99%).
I1126 16:07:08.428861 1031079 AriaExecutor.h:672] Worker 10 latency: 4026 us (50%) 4110 us (75%) 4182 us (95%) 4264 us (99%).
I1126 16:07:08.430724 1031079 AriaExecutor.h:672] Worker 11 latency: 4025 us (50%) 4109 us (75%) 4180 us (95%) 4262 us (99%).
I1126 16:07:08.432595 1031079 Coordinator.h:177] total commit: 18131.3
I1126 16:07:09.432718 1031079 Coordinator.h:192] Coordinator exits.
