I1126 15:33:19.297012 1009780 Database.h:65] ycsb initialization finished in 30 milliseconds.
I1126 15:33:19.297111 1009780 Coordinator.h:30] Coordinator initializes 12 workers.
I1126 15:33:19.303886 1009780 Coordinator.h:77] Coordinator starts to run 13 workers.
I1126 15:33:19.303972 1009796 AriaExecutor.h:95] AriaExecutor 0 started. 
I1126 15:33:19.303989 1009797 AriaExecutor.h:95] AriaExecutor 1 started. 
I1126 15:33:19.304052 1009798 AriaExecutor.h:95] AriaExecutor 2 started. 
I1126 15:33:19.304080 1009799 AriaExecutor.h:95] AriaExecutor 3 started. 
I1126 15:33:19.304117 1009800 AriaExecutor.h:95] AriaExecutor 4 started. 
I1126 15:33:19.304147 1009801 AriaExecutor.h:95] AriaExecutor 5 started. 
I1126 15:33:19.304191 1009802 AriaExecutor.h:95] AriaExecutor 6 started. 
I1126 15:33:19.304212 1009803 AriaExecutor.h:95] AriaExecutor 7 started. 
I1126 15:33:19.304261 1009804 AriaExecutor.h:95] AriaExecutor 8 started. 
I1126 15:33:19.304277 1009805 AriaExecutor.h:95] AriaExecutor 9 started. 
I1126 15:33:19.304317 1009806 AriaExecutor.h:95] AriaExecutor 10 started. 
I1126 15:33:19.304337 1009807 AriaExecutor.h:95] AriaExecutor 11 started. 
I1126 15:33:19.304370 1009808 Manager.h:224] Manager(worker id = 12) on the coordinator node started.
I1126 15:33:20.304427 1009780 Coordinator.h:126] commit: 602485 abort: 757515 (0/757515/0), network size: 0, avg network size: 0, si_in_serializable: 0 0 %, local: 0 %
I1126 15:33:21.304556 1009780 Coordinator.h:126] commit: 603458 abort: 756542 (0/756542/0), network size: 0, avg network size: 0, si_in_serializable: 0 0 %, local: 0 %
I1126 15:33:22.304720 1009780 Coordinator.h:126] commit: 605951 abort: 761759 (0/761759/0), network size: 0, avg network size: 0, si_in_serializable: 0 0 %, local: 0 %
I1126 15:33:23.304818 1009780 Coordinator.h:126] commit: 607776 abort: 765198 (0/765198/0), network size: 0, avg network size: 0, si_in_serializable: 0 0 %, local: 0 %
I1126 15:33:24.304898 1009780 Coordinator.h:126] commit: 611044 abort: 768272 (0/768272/0), network size: 0, avg network size: 0, si_in_serializable: 0 0 %, local: 0 %
I1126 15:33:25.304978 1009780 Coordinator.h:126] commit: 599586 abort: 750414 (0/750414/0), network size: 0, avg network size: 0, si_in_serializable: 0 0 %, local: 0 %
I1126 15:33:26.305081 1009780 Coordinator.h:126] commit: 608391 abort: 761609 (0/761609/0), network size: 0, avg network size: 0, si_in_serializable: 0 0 %, local: 0 %
I1126 15:33:27.305166 1009780 Coordinator.h:126] commit: 610537 abort: 763664 (0/763664/0), network size: 0, avg network size: 0, si_in_serializable: 0 0 %, local: 0 %
I1126 15:33:28.305243 1009780 Coordinator.h:126] commit: 609524 abort: 766274 (0/766274/0), network size: 0, avg network size: 0, si_in_serializable: 0 0 %, local: 0 %
I1126 15:33:29.305320 1009780 Coordinator.h:126] commit: 611796 abort: 768204 (0/768204/0), network size: 0, avg network size: 0, si_in_serializable: 0 0 %, local: 0 %
I1126 15:33:30.305397 1009780 Coordinator.h:126] commit: 598300 abort: 751700 (0/751700/0), network size: 0, avg network size: 0, si_in_serializable: 0 0 %, local: 0 %
I1126 15:33:31.305475 1009780 Coordinator.h:126] commit: 612575 abort: 767425 (0/767425/0), network size: 0, avg network size: 0, si_in_serializable: 0 0 %, local: 0 %
I1126 15:33:32.305550 1009780 Coordinator.h:126] commit: 612551 abort: 767449 (0/767449/0), network size: 0, avg network size: 0, si_in_serializable: 0 0 %, local: 0 %
I1126 15:33:33.305629 1009780 Coordinator.h:126] commit: 606867 abort: 763133 (0/763133/0), network size: 0, avg network size: 0, si_in_serializable: 0 0 %, local: 0 %
I1126 15:33:34.305716 1009780 Coordinator.h:126] commit: 612593 abort: 767407 (0/767407/0), network size: 0, avg network size: 0, si_in_serializable: 0 0 %, local: 0 %
I1126 15:33:35.305807 1009780 Coordinator.h:126] commit: 602904 abort: 757096 (0/757096/0), network size: 0, avg network size: 0, si_in_serializable: 0 0 %, local: 0 %
I1126 15:33:36.305891 1009780 Coordinator.h:126] commit: 611974 abort: 768026 (0/768026/0), network size: 0, avg network size: 0, si_in_serializable: 0 0 %, local: 0 %
I1126 15:33:37.305994 1009780 Coordinator.h:126] commit: 598663 abort: 751337 (0/751337/0), network size: 0, avg network size: 0, si_in_serializable: 0 0 %, local: 0 %
I1126 15:33:38.306072 1009780 Coordinator.h:126] commit: 612516 abort: 767484 (0/767484/0), network size: 0, avg network size: 0, si_in_serializable: 0 0 %, local: 0 %
I1126 15:33:39.306152 1009780 Coordinator.h:126] commit: 612351 abort: 767649 (0/767649/0), network size: 0, avg network size: 0, si_in_serializable: 0 0 %, local: 0 %
I1126 15:33:40.306231 1009780 Coordinator.h:126] commit: 578356 abort: 723730 (0/723730/0), network size: 0, avg network size: 0, si_in_serializable: 0 0 %, local: 0 %
I1126 15:33:41.306318 1009780 Coordinator.h:126] commit: 608634 abort: 769280 (0/769280/0), network size: 0, avg network size: 0, si_in_serializable: 0 0 %, local: 0 %
I1126 15:33:42.306396 1009780 Coordinator.h:126] commit: 611917 abort: 768083 (0/768083/0), network size: 0, avg network size: 0, si_in_serializable: 0 0 %, local: 0 %
I1126 15:33:43.306470 1009780 Coordinator.h:126] commit: 607974 abort: 762026 (0/762026/0), network size: 0, avg network size: 0, si_in_serializable: 0 0 %, local: 0 %
I1126 15:33:44.306550 1009780 Coordinator.h:126] commit: 612173 abort: 767827 (0/767827/0), network size: 0, avg network size: 0, si_in_serializable: 0 0 %, local: 0 %
I1126 15:33:44.306566 1009780 Coordinator.h:152] average commit: 608129 abort: 762871 (0/762871/0), network size: 0, avg network size: 0, si_in_serializable: 0 0 %, local: 0 %
I1126 15:33:44.312585 1009799 AriaExecutor.h:107] AriaExecutor 3 exits. 
I1126 15:33:44.312594 1009798 AriaExecutor.h:107] AriaExecutor 2 exits. 
I1126 15:33:44.312585 1009803 AriaExecutor.h:107] AriaExecutor 7 exits. 
I1126 15:33:44.312600 1009804 AriaExecutor.h:107] AriaExecutor 8 exits. 
I1126 15:33:44.312595 1009800 AriaExecutor.h:107] AriaExecutor 4 exits. 
I1126 15:33:44.312587 1009801 AriaExecutor.h:107] AriaExecutor 5 exits. 
I1126 15:33:44.312595 1009806 AriaExecutor.h:107] AriaExecutor 10 exits. 
I1126 15:33:44.312587 1009796 AriaExecutor.h:107] AriaExecutor 0 exits. 
I1126 15:33:44.312597 1009797 AriaExecutor.h:107] AriaExecutor 1 exits. 
I1126 15:33:44.312598 1009802 AriaExecutor.h:107] AriaExecutor 6 exits. 
I1126 15:33:44.312585 1009807 AriaExecutor.h:107] AriaExecutor 11 exits. 
I1126 15:33:44.312604 1009808 Manager.h:227] Manager(worker id = 12) on the coordinator node exits.
I1126 15:33:44.312587 1009805 AriaExecutor.h:107] AriaExecutor 9 exits. 
I1126 15:33:44.306576 1009780 AriaExecutor.h:705] Worker 0 latency: 6005 us (50%) 6422 us (75%) 6661 us (95%) 6763 us (99%).
I1126 15:33:44.358304 1009780 AriaExecutor.h:705] Worker 1 latency: 6001 us (50%) 6419 us (75%) 6660 us (95%) 6762 us (99%).
I1126 15:33:44.411326 1009780 AriaExecutor.h:705] Worker 2 latency: 6016 us (50%) 6427 us (75%) 6661 us (95%) 6760 us (99%).
I1126 15:33:44.470990 1009780 AriaExecutor.h:705] Worker 3 latency: 6001 us (50%) 6420 us (75%) 6660 us (95%) 6759 us (99%).
I1126 15:33:44.522199 1009780 AriaExecutor.h:705] Worker 4 latency: 6005 us (50%) 6421 us (75%) 6659 us (95%) 6762 us (99%).
I1126 15:33:44.580933 1009780 AriaExecutor.h:705] Worker 5 latency: 6000 us (50%) 6418 us (75%) 6658 us (95%) 6758 us (99%).
I1126 15:33:44.634419 1009780 AriaExecutor.h:705] Worker 6 latency: 6011 us (50%) 6424 us (75%) 6660 us (95%) 6760 us (99%).
I1126 15:33:44.693154 1009780 AriaExecutor.h:705] Worker 7 latency: 6002 us (50%) 6421 us (75%) 6660 us (95%) 6760 us (99%).
I1126 15:33:44.746630 1009780 AriaExecutor.h:705] Worker 8 latency: 6009 us (50%) 6424 us (75%) 6661 us (95%) 6763 us (99%).
I1126 15:33:44.804854 1009780 AriaExecutor.h:705] Worker 9 latency: 6004 us (50%) 6422 us (75%) 6661 us (95%) 6763 us (99%).
I1126 15:33:44.857699 1009780 AriaExecutor.h:705] Worker 10 latency: 6008 us (50%) 6423 us (75%) 6659 us (95%) 6757 us (99%).
I1126 15:33:44.916761 1009780 AriaExecutor.h:705] Worker 11 latency: 6003 us (50%) 6422 us (75%) 6660 us (95%) 6761 us (99%).
I1126 15:33:44.970484 1009780 Coordinator.h:177] total commit: 608129
I1126 15:33:45.970621 1009780 Coordinator.h:192] Coordinator exits.
