I0911 23:07:22.212411 2942945 Database.h:65] ycsb initialization finished in 146 milliseconds.
I0911 23:07:22.212525 2942945 Coordinator.h:30] Coordinator initializes 16 workers.
I0911 23:07:22.332785 2942945 Coordinator.h:77] Coordinator starts to run 17 workers.
I0911 23:07:22.332840 2942965 AriaExecutor.h:82] AriaExecutor 0 started. 
I0911 23:07:22.332882 2942966 AriaExecutor.h:82] AriaExecutor 1 started. 
I0911 23:07:22.332912 2942967 AriaExecutor.h:82] AriaExecutor 2 started. 
I0911 23:07:22.333000 2942968 AriaExecutor.h:82] AriaExecutor 3 started. 
I0911 23:07:22.333009 2942969 AriaExecutor.h:82] AriaExecutor 4 started. 
I0911 23:07:22.333061 2942970 AriaExecutor.h:82] AriaExecutor 5 started. 
I0911 23:07:22.333089 2942971 AriaExecutor.h:82] AriaExecutor 6 started. 
I0911 23:07:22.333143 2942972 AriaExecutor.h:82] AriaExecutor 7 started. 
I0911 23:07:22.333173 2942973 AriaExecutor.h:82] AriaExecutor 8 started. 
I0911 23:07:22.333214 2942974 AriaExecutor.h:82] AriaExecutor 9 started. 
I0911 23:07:22.333248 2942975 AriaExecutor.h:82] AriaExecutor 10 started. 
I0911 23:07:22.333290 2942976 AriaExecutor.h:82] AriaExecutor 11 started. 
I0911 23:07:22.333325 2942977 AriaExecutor.h:82] AriaExecutor 12 started. 
I0911 23:07:22.333374 2942978 AriaExecutor.h:82] AriaExecutor 13 started. 
I0911 23:07:22.333410 2942979 AriaExecutor.h:82] AriaExecutor 14 started. 
I0911 23:07:22.333444 2942980 AriaExecutor.h:82] AriaExecutor 15 started. 
I0911 23:07:22.333480 2942981 Manager.h:224] Manager(worker id = 16) on the coordinator node started.
I0911 23:07:23.333537 2942945 Coordinator.h:126] commit: 35339 abort: 156661 (0/156661/0), network size: 0, avg network size: 0, si_in_serializable: 0 0 %, local: 0 %
I0911 23:07:24.333688 2942945 Coordinator.h:126] commit: 35657 abort: 156343 (0/156343/0), network size: 0, avg network size: 0, si_in_serializable: 0 0 %, local: 0 %
I0911 23:07:25.333771 2942945 Coordinator.h:126] commit: 38605 abort: 169395 (0/169395/0), network size: 0, avg network size: 0, si_in_serializable: 0 0 %, local: 0 %
I0911 23:07:26.333856 2942945 Coordinator.h:126] commit: 38773 abort: 169227 (0/169227/0), network size: 0, avg network size: 0, si_in_serializable: 0 0 %, local: 0 %
I0911 23:07:27.333937 2942945 Coordinator.h:126] commit: 38618 abort: 169382 (0/169382/0), network size: 0, avg network size: 0, si_in_serializable: 0 0 %, local: 0 %
I0911 23:07:28.334041 2942945 Coordinator.h:126] commit: 41656 abort: 182344 (0/182344/0), network size: 0, avg network size: 0, si_in_serializable: 0 0 %, local: 0 %
I0911 23:07:29.334131 2942945 Coordinator.h:126] commit: 41525 abort: 182475 (0/182475/0), network size: 0, avg network size: 0, si_in_serializable: 0 0 %, local: 0 %
I0911 23:07:30.334211 2942945 Coordinator.h:126] commit: 41590 abort: 182410 (0/182410/0), network size: 0, avg network size: 0, si_in_serializable: 0 0 %, local: 0 %
I0911 23:07:31.334301 2942945 Coordinator.h:126] commit: 41383 abort: 182617 (0/182617/0), network size: 0, avg network size: 0, si_in_serializable: 0 0 %, local: 0 %
I0911 23:07:32.334390 2942945 Coordinator.h:126] commit: 41408 abort: 182592 (0/182592/0), network size: 0, avg network size: 0, si_in_serializable: 0 0 %, local: 0 %
I0911 23:07:33.334482 2942945 Coordinator.h:126] commit: 38405 abort: 169595 (0/169595/0), network size: 0, avg network size: 0, si_in_serializable: 0 0 %, local: 0 %
I0911 23:07:34.334561 2942945 Coordinator.h:126] commit: 41599 abort: 182401 (0/182401/0), network size: 0, avg network size: 0, si_in_serializable: 0 0 %, local: 0 %
I0911 23:07:35.334647 2942945 Coordinator.h:126] commit: 41477 abort: 182523 (0/182523/0), network size: 0, avg network size: 0, si_in_serializable: 0 0 %, local: 0 %
I0911 23:07:36.334756 2942945 Coordinator.h:126] commit: 41660 abort: 182340 (0/182340/0), network size: 0, avg network size: 0, si_in_serializable: 0 0 %, local: 0 %
I0911 23:07:37.334861 2942945 Coordinator.h:126] commit: 41293 abort: 182707 (0/182707/0), network size: 0, avg network size: 0, si_in_serializable: 0 0 %, local: 0 %
I0911 23:07:38.334945 2942945 Coordinator.h:126] commit: 41454 abort: 182546 (0/182546/0), network size: 0, avg network size: 0, si_in_serializable: 0 0 %, local: 0 %
I0911 23:07:39.335026 2942945 Coordinator.h:126] commit: 41485 abort: 182515 (0/182515/0), network size: 0, avg network size: 0, si_in_serializable: 0 0 %, local: 0 %
I0911 23:07:40.335108 2942945 Coordinator.h:126] commit: 41735 abort: 182265 (0/182265/0), network size: 0, avg network size: 0, si_in_serializable: 0 0 %, local: 0 %
I0911 23:07:41.335199 2942945 Coordinator.h:126] commit: 41601 abort: 182399 (0/182399/0), network size: 0, avg network size: 0, si_in_serializable: 0 0 %, local: 0 %
I0911 23:07:42.335297 2942945 Coordinator.h:126] commit: 41634 abort: 182366 (0/182366/0), network size: 0, avg network size: 0, si_in_serializable: 0 0 %, local: 0 %
I0911 23:07:43.335381 2942945 Coordinator.h:126] commit: 41613 abort: 182387 (0/182387/0), network size: 0, avg network size: 0, si_in_serializable: 0 0 %, local: 0 %
I0911 23:07:44.335465 2942945 Coordinator.h:126] commit: 41602 abort: 182398 (0/182398/0), network size: 0, avg network size: 0, si_in_serializable: 0 0 %, local: 0 %
I0911 23:07:45.335548 2942945 Coordinator.h:126] commit: 41534 abort: 182466 (0/182466/0), network size: 0, avg network size: 0, si_in_serializable: 0 0 %, local: 0 %
I0911 23:07:46.335624 2942945 Coordinator.h:126] commit: 41741 abort: 182259 (0/182259/0), network size: 0, avg network size: 0, si_in_serializable: 0 0 %, local: 0 %
I0911 23:07:47.335704 2942945 Coordinator.h:126] commit: 41520 abort: 182480 (0/182480/0), network size: 0, avg network size: 0, si_in_serializable: 0 0 %, local: 0 %
I0911 23:07:47.335717 2942945 Coordinator.h:152] average commit: 41234.3 abort: 181166 (0/181166/0), network size: 0, avg network size: 0, si_in_serializable: 0 0 %, local: 0 %
I0911 23:07:47.335726 2942945 AriaExecutor.h:641] Worker 0 latency: 65793 us (50%) 68339 us (75%) 73820 us (95%) 86983 us (99%).
I0911 23:07:47.360762 2942981 Manager.h:227] Manager(worker id = 16) on the coordinator node exits.
I0911 23:07:47.360780 2942968 AriaExecutor.h:94] AriaExecutor 3 exits. 
I0911 23:07:47.360766 2942979 AriaExecutor.h:94] AriaExecutor 14 exits. 
I0911 23:07:47.360767 2942977 AriaExecutor.h:94] AriaExecutor 12 exits. 
I0911 23:07:47.360769 2942975 AriaExecutor.h:94] AriaExecutor 10 exits. 
I0911 23:07:47.360769 2942973 AriaExecutor.h:94] AriaExecutor 8 exits. 
I0911 23:07:47.360780 2942972 AriaExecutor.h:94] AriaExecutor 7 exits. 
I0911 23:07:47.360780 2942976 AriaExecutor.h:94] AriaExecutor 11 exits. 
I0911 23:07:47.360769 2942969 AriaExecutor.h:94] AriaExecutor 4 exits. 
I0911 23:07:47.360793 2942978 AriaExecutor.h:94] AriaExecutor 13 exits. 
I0911 23:07:47.360780 2942970 AriaExecutor.h:94] AriaExecutor 5 exits. 
I0911 23:07:47.360780 2942980 AriaExecutor.h:94] AriaExecutor 15 exits. 
I0911 23:07:47.360762 2942967 AriaExecutor.h:94] AriaExecutor 2 exits. 
I0911 23:07:47.360780 2942974 AriaExecutor.h:94] AriaExecutor 9 exits. 
I0911 23:07:47.360780 2942966 AriaExecutor.h:94] AriaExecutor 1 exits. 
I0911 23:07:47.360764 2942965 AriaExecutor.h:94] AriaExecutor 0 exits. 
I0911 23:07:47.360767 2942971 AriaExecutor.h:94] AriaExecutor 6 exits. 
I0911 23:07:47.361104 2942945 AriaExecutor.h:641] Worker 1 latency: 65774 us (50%) 68333 us (75%) 73950 us (95%) 86191 us (99%).
I0911 23:07:47.364816 2942945 AriaExecutor.h:641] Worker 2 latency: 65780 us (50%) 68314 us (75%) 73939 us (95%) 86630 us (99%).
I0911 23:07:47.368227 2942945 AriaExecutor.h:641] Worker 3 latency: 65778 us (50%) 68322 us (75%) 73942 us (95%) 86392 us (99%).
I0911 23:07:47.372022 2942945 AriaExecutor.h:641] Worker 4 latency: 65755 us (50%) 68331 us (75%) 74085 us (95%) 86922 us (99%).
I0911 23:07:47.375454 2942945 AriaExecutor.h:641] Worker 5 latency: 65726 us (50%) 68310 us (75%) 73913 us (95%) 86570 us (99%).
I0911 23:07:47.379144 2942945 AriaExecutor.h:641] Worker 6 latency: 65772 us (50%) 68323 us (75%) 73966 us (95%) 87079 us (99%).
I0911 23:07:47.382514 2942945 AriaExecutor.h:641] Worker 7 latency: 65713 us (50%) 68305 us (75%) 73912 us (95%) 86505 us (99%).
I0911 23:07:47.386163 2942945 AriaExecutor.h:641] Worker 8 latency: 65773 us (50%) 68326 us (75%) 73867 us (95%) 86608 us (99%).
I0911 23:07:47.389537 2942945 AriaExecutor.h:641] Worker 9 latency: 65754 us (50%) 68319 us (75%) 74010 us (95%) 86737 us (99%).
I0911 23:07:47.393319 2942945 AriaExecutor.h:641] Worker 10 latency: 65784 us (50%) 68325 us (75%) 73896 us (95%) 86589 us (99%).
I0911 23:07:47.396664 2942945 AriaExecutor.h:641] Worker 11 latency: 65758 us (50%) 68312 us (75%) 73838 us (95%) 86716 us (99%).
I0911 23:07:47.400322 2942945 AriaExecutor.h:641] Worker 12 latency: 65777 us (50%) 68325 us (75%) 73942 us (95%) 87493 us (99%).
I0911 23:07:47.403662 2942945 AriaExecutor.h:641] Worker 13 latency: 65752 us (50%) 68330 us (75%) 73956 us (95%) 86348 us (99%).
I0911 23:07:47.407300 2942945 AriaExecutor.h:641] Worker 14 latency: 65765 us (50%) 68293 us (75%) 73554 us (95%) 85692 us (99%).
I0911 23:07:47.410681 2942945 AriaExecutor.h:641] Worker 15 latency: 65733 us (50%) 68307 us (75%) 73880 us (95%) 86083 us (99%).
I0911 23:07:47.414357 2942945 Coordinator.h:177] total commit: 41234.3
I0911 23:07:48.414469 2942945 Coordinator.h:192] Coordinator exits.
