I1126 13:32:26.091060 935992 Database.h:65] ycsb initialization finished in 30 milliseconds.
I1126 13:32:26.091161 935992 Coordinator.h:30] Coordinator initializes 12 workers.
I1126 13:32:26.162552 935992 Coordinator.h:77] Coordinator starts to run 13 workers.
I1126 13:32:26.162609 936008 AriaExecutor.h:82] AriaExecutor 0 started. 
I1126 13:32:26.162637 936009 AriaExecutor.h:82] AriaExecutor 1 started. 
I1126 13:32:26.162684 936010 AriaExecutor.h:82] AriaExecutor 2 started. 
I1126 13:32:26.162725 936011 AriaExecutor.h:82] AriaExecutor 3 started. 
I1126 13:32:26.162810 936013 AriaExecutor.h:82] AriaExecutor 5 started. 
I1126 13:32:26.162846 936014 AriaExecutor.h:82] AriaExecutor 6 started. 
I1126 13:32:26.162882 936015 AriaExecutor.h:82] AriaExecutor 7 started. 
I1126 13:32:26.162921 936016 AriaExecutor.h:82] AriaExecutor 8 started. 
I1126 13:32:26.162966 936017 AriaExecutor.h:82] AriaExecutor 9 started. 
I1126 13:32:26.163003 936018 AriaExecutor.h:82] AriaExecutor 10 started. 
I1126 13:32:26.163049 936019 AriaExecutor.h:82] AriaExecutor 11 started. 
I1126 13:32:26.163081 936012 AriaExecutor.h:82] AriaExecutor 4 started. 
I1126 13:32:26.163085 936020 Manager.h:224] Manager(worker id = 12) on the coordinator node started.
I1126 13:32:27.163151 935992 Coordinator.h:126] commit: 869160 abort: 70840 (0/70840/0), network size: 0, avg network size: 0, si_in_serializable: 0 0 %, local: 0 %
I1126 13:32:28.163271 935992 Coordinator.h:126] commit: 859646 abort: 70354 (0/70354/0), network size: 0, avg network size: 0, si_in_serializable: 0 0 %, local: 0 %
I1126 13:32:29.163406 935992 Coordinator.h:126] commit: 869111 abort: 70889 (0/70889/0), network size: 0, avg network size: 0, si_in_serializable: 0 0 %, local: 0 %
I1126 13:32:30.163528 935992 Coordinator.h:126] commit: 878068 abort: 71932 (0/71932/0), network size: 0, avg network size: 0, si_in_serializable: 0 0 %, local: 0 %
I1126 13:32:31.163641 935992 Coordinator.h:126] commit: 887405 abort: 72595 (0/72595/0), network size: 0, avg network size: 0, si_in_serializable: 0 0 %, local: 0 %
I1126 13:32:32.163751 935992 Coordinator.h:126] commit: 868924 abort: 71076 (0/71076/0), network size: 0, avg network size: 0, si_in_serializable: 0 0 %, local: 0 %
I1126 13:32:33.163856 935992 Coordinator.h:126] commit: 869389 abort: 70611 (0/70611/0), network size: 0, avg network size: 0, si_in_serializable: 0 0 %, local: 0 %
I1126 13:32:34.163942 935992 Coordinator.h:126] commit: 869745 abort: 70255 (0/70255/0), network size: 0, avg network size: 0, si_in_serializable: 0 0 %, local: 0 %
I1126 13:32:35.164075 935992 Coordinator.h:126] commit: 878202 abort: 71798 (0/71798/0), network size: 0, avg network size: 0, si_in_serializable: 0 0 %, local: 0 %
I1126 13:32:36.164187 935992 Coordinator.h:126] commit: 878589 abort: 71411 (0/71411/0), network size: 0, avg network size: 0, si_in_serializable: 0 0 %, local: 0 %
I1126 13:32:37.164287 935992 Coordinator.h:126] commit: 887621 abort: 72379 (0/72379/0), network size: 0, avg network size: 0, si_in_serializable: 0 0 %, local: 0 %
I1126 13:32:38.164371 935992 Coordinator.h:126] commit: 878275 abort: 71725 (0/71725/0), network size: 0, avg network size: 0, si_in_serializable: 0 0 %, local: 0 %
I1126 13:32:39.164464 935992 Coordinator.h:126] commit: 868641 abort: 71359 (0/71359/0), network size: 0, avg network size: 0, si_in_serializable: 0 0 %, local: 0 %
I1126 13:32:40.164546 935992 Coordinator.h:126] commit: 877891 abort: 72109 (0/72109/0), network size: 0, avg network size: 0, si_in_serializable: 0 0 %, local: 0 %
I1126 13:32:41.164647 935992 Coordinator.h:126] commit: 859752 abort: 70248 (0/70248/0), network size: 0, avg network size: 0, si_in_serializable: 0 0 %, local: 0 %
I1126 13:32:42.164746 935992 Coordinator.h:126] commit: 877513 abort: 72487 (0/72487/0), network size: 0, avg network size: 0, si_in_serializable: 0 0 %, local: 0 %
I1126 13:32:43.164829 935992 Coordinator.h:126] commit: 877985 abort: 72015 (0/72015/0), network size: 0, avg network size: 0, si_in_serializable: 0 0 %, local: 0 %
I1126 13:32:44.164949 935992 Coordinator.h:126] commit: 868709 abort: 71291 (0/71291/0), network size: 0, avg network size: 0, si_in_serializable: 0 0 %, local: 0 %
I1126 13:32:45.165036 935992 Coordinator.h:126] commit: 878055 abort: 71945 (0/71945/0), network size: 0, avg network size: 0, si_in_serializable: 0 0 %, local: 0 %
I1126 13:32:46.165144 935992 Coordinator.h:126] commit: 878354 abort: 71646 (0/71646/0), network size: 0, avg network size: 0, si_in_serializable: 0 0 %, local: 0 %
I1126 13:32:47.165246 935992 Coordinator.h:126] commit: 878264 abort: 71736 (0/71736/0), network size: 0, avg network size: 0, si_in_serializable: 0 0 %, local: 0 %
I1126 13:32:48.165343 935992 Coordinator.h:126] commit: 878287 abort: 71713 (0/71713/0), network size: 0, avg network size: 0, si_in_serializable: 0 0 %, local: 0 %
I1126 13:32:49.165431 935992 Coordinator.h:126] commit: 878316 abort: 71684 (0/71684/0), network size: 0, avg network size: 0, si_in_serializable: 0 0 %, local: 0 %
I1126 13:32:50.165537 935992 Coordinator.h:126] commit: 877749 abort: 72251 (0/72251/0), network size: 0, avg network size: 0, si_in_serializable: 0 0 %, local: 0 %
I1126 13:32:51.165640 935992 Coordinator.h:126] commit: 878862 abort: 71138 (0/71138/0), network size: 0, avg network size: 0, si_in_serializable: 0 0 %, local: 0 %
I1126 13:32:51.165680 935992 Coordinator.h:152] average commit: 875280 abort: 71720.4 (0/71720.4/0), network size: 0, avg network size: 0, si_in_serializable: 0 0 %, local: 0 %
I1126 13:32:51.172437 936010 AriaExecutor.h:94] AriaExecutor 2 exits. 
I1126 13:32:51.172443 936016 AriaExecutor.h:94] AriaExecutor 8 exits. 
I1126 13:32:51.172449 936013 AriaExecutor.h:94] AriaExecutor 5 exits. 
I1126 13:32:51.172443 936014 AriaExecutor.h:94] AriaExecutor 6 exits. 
I1126 13:32:51.172442 936008 AriaExecutor.h:94] AriaExecutor 0 exits. 
I1126 13:32:51.172446 936020 Manager.h:227] Manager(worker id = 12) on the coordinator node exits.
I1126 13:32:51.172441 936018 AriaExecutor.h:94] AriaExecutor 10 exits. 
I1126 13:32:51.172451 936009 AriaExecutor.h:94] AriaExecutor 1 exits. 
I1126 13:32:51.172451 936019 AriaExecutor.h:94] AriaExecutor 11 exits. 
I1126 13:32:51.172449 936017 AriaExecutor.h:94] AriaExecutor 9 exits. 
I1126 13:32:51.172451 936011 AriaExecutor.h:94] AriaExecutor 3 exits. 
I1126 13:32:51.172451 936015 AriaExecutor.h:94] AriaExecutor 7 exits. 
I1126 13:32:51.172444 936012 AriaExecutor.h:94] AriaExecutor 4 exits. 
I1126 13:32:51.165688 935992 AriaExecutor.h:535] Worker 0 latency: 6355 us (50%) 8207 us (75%) 9651 us (95%) 9961 us (99%).
I1126 13:32:51.247113 935992 AriaExecutor.h:535] Worker 1 latency: 6299 us (50%) 8177 us (75%) 9640 us (95%) 9952 us (99%).
I1126 13:32:51.328370 935992 AriaExecutor.h:535] Worker 2 latency: 6435 us (50%) 8247 us (75%) 9659 us (95%) 9962 us (99%).
I1126 13:32:51.408737 935992 AriaExecutor.h:535] Worker 3 latency: 6248 us (50%) 8152 us (75%) 9633 us (95%) 9949 us (99%).
I1126 13:32:51.489934 935992 AriaExecutor.h:535] Worker 4 latency: 6326 us (50%) 8192 us (75%) 9645 us (95%) 9956 us (99%).
I1126 13:32:51.570108 935992 AriaExecutor.h:535] Worker 5 latency: 6234 us (50%) 8143 us (75%) 9631 us (95%) 9949 us (99%).
I1126 13:32:51.651350 935992 AriaExecutor.h:535] Worker 6 latency: 6192 us (50%) 8123 us (75%) 9627 us (95%) 9947 us (99%).
I1126 13:32:51.732090 935992 AriaExecutor.h:535] Worker 7 latency: 6146 us (50%) 8097 us (75%) 9617 us (95%) 9940 us (99%).
I1126 13:32:51.813083 935992 AriaExecutor.h:535] Worker 8 latency: 6307 us (50%) 8184 us (75%) 9644 us (95%) 9956 us (99%).
I1126 13:32:51.893507 935992 AriaExecutor.h:535] Worker 9 latency: 6231 us (50%) 8140 us (75%) 9628 us (95%) 9945 us (99%).
I1126 13:32:51.975194 935992 AriaExecutor.h:535] Worker 10 latency: 6370 us (50%) 8214 us (75%) 9651 us (95%) 9957 us (99%).
I1126 13:32:52.055778 935992 AriaExecutor.h:535] Worker 11 latency: 6202 us (50%) 8128 us (75%) 9626 us (95%) 9946 us (99%).
I1126 13:32:52.136117 935992 Coordinator.h:177] total commit: 875280
I1126 13:32:53.136261 935992 Coordinator.h:192] Coordinator exits.
