I1126 16:00:57.771123 1027553 Database.h:65] ycsb initialization finished in 30 milliseconds.
I1126 16:00:57.771232 1027553 Coordinator.h:30] Coordinator initializes 12 workers.
I1126 16:00:57.843066 1027553 Coordinator.h:77] Coordinator starts to run 13 workers.
I1126 16:00:57.843133 1027569 AriaExecutor.h:93] AriaExecutor 0 started. 
I1126 16:00:57.843176 1027570 AriaExecutor.h:93] AriaExecutor 1 started. 
I1126 16:00:57.843216 1027571 AriaExecutor.h:93] AriaExecutor 2 started. 
I1126 16:00:57.843264 1027572 AriaExecutor.h:93] AriaExecutor 3 started. 
I1126 16:00:57.843343 1027574 AriaExecutor.h:93] AriaExecutor 5 started. 
I1126 16:00:57.843382 1027575 AriaExecutor.h:93] AriaExecutor 6 started. 
I1126 16:00:57.843426 1027576 AriaExecutor.h:93] AriaExecutor 7 started. 
I1126 16:00:57.843463 1027577 AriaExecutor.h:93] AriaExecutor 8 started. 
I1126 16:00:57.843508 1027578 AriaExecutor.h:93] AriaExecutor 9 started. 
I1126 16:00:57.843549 1027579 AriaExecutor.h:93] AriaExecutor 10 started. 
I1126 16:00:57.843588 1027580 AriaExecutor.h:93] AriaExecutor 11 started. 
I1126 16:00:57.843621 1027573 AriaExecutor.h:93] AriaExecutor 4 started. 
I1126 16:00:57.843626 1027581 Manager.h:224] Manager(worker id = 12) on the coordinator node started.
I1126 16:00:58.843693 1027553 Coordinator.h:126] commit: 510428 abort: 269572 (0/269572/0), network size: 0, avg network size: 0, si_in_serializable: 0 0 %, local: 0 %
I1126 16:00:59.843801 1027553 Coordinator.h:126] commit: 498279 abort: 262298 (0/262298/0), network size: 0, avg network size: 0, si_in_serializable: 0 0 %, local: 0 %
I1126 16:01:00.843909 1027553 Coordinator.h:126] commit: 509281 abort: 270142 (0/270142/0), network size: 0, avg network size: 0, si_in_serializable: 0 0 %, local: 0 %
I1126 16:01:01.844018 1027553 Coordinator.h:126] commit: 516687 abort: 273313 (0/273313/0), network size: 0, avg network size: 0, si_in_serializable: 0 0 %, local: 0 %
I1126 16:01:02.844118 1027553 Coordinator.h:126] commit: 510656 abort: 269344 (0/269344/0), network size: 0, avg network size: 0, si_in_serializable: 0 0 %, local: 0 %
I1126 16:01:03.844229 1027553 Coordinator.h:126] commit: 509653 abort: 270347 (0/270347/0), network size: 0, avg network size: 0, si_in_serializable: 0 0 %, local: 0 %
I1126 16:01:04.844343 1027553 Coordinator.h:126] commit: 510904 abort: 269096 (0/269096/0), network size: 0, avg network size: 0, si_in_serializable: 0 0 %, local: 0 %
I1126 16:01:05.844435 1027553 Coordinator.h:126] commit: 510115 abort: 269885 (0/269885/0), network size: 0, avg network size: 0, si_in_serializable: 0 0 %, local: 0 %
I1126 16:01:06.844532 1027553 Coordinator.h:126] commit: 517335 abort: 272665 (0/272665/0), network size: 0, avg network size: 0, si_in_serializable: 0 0 %, local: 0 %
I1126 16:01:07.844606 1027553 Coordinator.h:126] commit: 512056 abort: 270003 (0/270003/0), network size: 0, avg network size: 0, si_in_serializable: 0 0 %, local: 0 %
I1126 16:01:08.844678 1027553 Coordinator.h:126] commit: 514494 abort: 273446 (0/273446/0), network size: 0, avg network size: 0, si_in_serializable: 0 0 %, local: 0 %
I1126 16:01:09.844750 1027553 Coordinator.h:126] commit: 510331 abort: 269669 (0/269669/0), network size: 0, avg network size: 0, si_in_serializable: 0 0 %, local: 0 %
I1126 16:01:10.844830 1027553 Coordinator.h:126] commit: 510528 abort: 269472 (0/269472/0), network size: 0, avg network size: 0, si_in_serializable: 0 0 %, local: 0 %
I1126 16:01:11.844930 1027553 Coordinator.h:126] commit: 503848 abort: 266152 (0/266152/0), network size: 0, avg network size: 0, si_in_serializable: 0 0 %, local: 0 %
I1126 16:01:12.845005 1027553 Coordinator.h:126] commit: 517136 abort: 272864 (0/272864/0), network size: 0, avg network size: 0, si_in_serializable: 0 0 %, local: 0 %
I1126 16:01:13.845074 1027553 Coordinator.h:126] commit: 510869 abort: 269131 (0/269131/0), network size: 0, avg network size: 0, si_in_serializable: 0 0 %, local: 0 %
I1126 16:01:14.845166 1027553 Coordinator.h:126] commit: 517485 abort: 272515 (0/272515/0), network size: 0, avg network size: 0, si_in_serializable: 0 0 %, local: 0 %
I1126 16:01:15.845257 1027553 Coordinator.h:126] commit: 509873 abort: 270127 (0/270127/0), network size: 0, avg network size: 0, si_in_serializable: 0 0 %, local: 0 %
I1126 16:01:16.845363 1027553 Coordinator.h:126] commit: 516759 abort: 273241 (0/273241/0), network size: 0, avg network size: 0, si_in_serializable: 0 0 %, local: 0 %
I1126 16:01:17.845461 1027553 Coordinator.h:126] commit: 510971 abort: 269029 (0/269029/0), network size: 0, avg network size: 0, si_in_serializable: 0 0 %, local: 0 %
I1126 16:01:18.845544 1027553 Coordinator.h:126] commit: 516874 abort: 273126 (0/273126/0), network size: 0, avg network size: 0, si_in_serializable: 0 0 %, local: 0 %
I1126 16:01:19.845624 1027553 Coordinator.h:126] commit: 510547 abort: 269453 (0/269453/0), network size: 0, avg network size: 0, si_in_serializable: 0 0 %, local: 0 %
I1126 16:01:20.845715 1027553 Coordinator.h:126] commit: 515867 abort: 274133 (0/274133/0), network size: 0, avg network size: 0, si_in_serializable: 0 0 %, local: 0 %
I1126 16:01:21.845820 1027553 Coordinator.h:126] commit: 510407 abort: 269593 (0/269593/0), network size: 0, avg network size: 0, si_in_serializable: 0 0 %, local: 0 %
I1126 16:01:22.845912 1027553 Coordinator.h:126] commit: 496168 abort: 263832 (0/263832/0), network size: 0, avg network size: 0, si_in_serializable: 0 0 %, local: 0 %
I1126 16:01:22.845928 1027553 Coordinator.h:152] average commit: 512229 abort: 270565 (0/270565/0), network size: 0, avg network size: 0, si_in_serializable: 0 0 %, local: 0 %
I1126 16:01:22.847287 1027573 AriaExecutor.h:105] AriaExecutor 4 exits. 
I1126 16:01:22.847291 1027581 Manager.h:227] Manager(worker id = 12) on the coordinator node exits.
I1126 16:01:22.847291 1027575 AriaExecutor.h:105] AriaExecutor 6 exits. 
I1126 16:01:22.847290 1027569 AriaExecutor.h:105] AriaExecutor 0 exits. 
I1126 16:01:22.847303 1027570 AriaExecutor.h:105] AriaExecutor 1 exits. 
I1126 16:01:22.847304 1027580 AriaExecutor.h:105] AriaExecutor 11 exits. 
I1126 16:01:22.847303 1027572 AriaExecutor.h:105] AriaExecutor 3 exits. 
I1126 16:01:22.847306 1027578 AriaExecutor.h:105] AriaExecutor 9 exits. 
I1126 16:01:22.847293 1027571 AriaExecutor.h:105] AriaExecutor 2 exits. 
I1126 16:01:22.847306 1027576 AriaExecutor.h:105] AriaExecutor 7 exits. 
I1126 16:01:22.847303 1027577 AriaExecutor.h:105] AriaExecutor 8 exits. 
I1126 16:01:22.847303 1027574 AriaExecutor.h:105] AriaExecutor 5 exits. 
I1126 16:01:22.847292 1027579 AriaExecutor.h:105] AriaExecutor 10 exits. 
I1126 16:01:22.845942 1027553 AriaExecutor.h:672] Worker 0 latency: 8989 us (50%) 10650 us (75%) 11791 us (95%) 12024 us (99%).
I1126 16:01:22.894894 1027553 AriaExecutor.h:672] Worker 1 latency: 8986 us (50%) 10648 us (75%) 11787 us (95%) 12018 us (99%).
I1126 16:01:22.944566 1027553 AriaExecutor.h:672] Worker 2 latency: 8997 us (50%) 10660 us (75%) 11792 us (95%) 12023 us (99%).
I1126 16:01:22.994048 1027553 AriaExecutor.h:672] Worker 3 latency: 8983 us (50%) 10648 us (75%) 11789 us (95%) 12020 us (99%).
I1126 16:01:23.043918 1027553 AriaExecutor.h:672] Worker 4 latency: 8988 us (50%) 10646 us (75%) 11790 us (95%) 12023 us (99%).
I1126 16:01:23.092705 1027553 AriaExecutor.h:672] Worker 5 latency: 8971 us (50%) 10640 us (75%) 11784 us (95%) 12016 us (99%).
I1126 16:01:23.142792 1027553 AriaExecutor.h:672] Worker 6 latency: 8960 us (50%) 10635 us (75%) 11786 us (95%) 12020 us (99%).
I1126 16:01:23.191423 1027553 AriaExecutor.h:672] Worker 7 latency: 8966 us (50%) 10631 us (75%) 11783 us (95%) 12014 us (99%).
I1126 16:01:23.240661 1027553 AriaExecutor.h:672] Worker 8 latency: 8979 us (50%) 10641 us (75%) 11787 us (95%) 12019 us (99%).
I1126 16:01:23.289155 1027553 AriaExecutor.h:672] Worker 9 latency: 8991 us (50%) 10647 us (75%) 11785 us (95%) 12014 us (99%).
I1126 16:01:23.338485 1027553 AriaExecutor.h:672] Worker 10 latency: 8998 us (50%) 10654 us (75%) 11790 us (95%) 12022 us (99%).
I1126 16:01:23.387795 1027553 AriaExecutor.h:672] Worker 11 latency: 8982 us (50%) 10640 us (75%) 11783 us (95%) 12013 us (99%).
I1126 16:01:23.437497 1027553 Coordinator.h:177] total commit: 512229
I1126 16:01:24.437615 1027553 Coordinator.h:192] Coordinator exits.
