I1126 13:34:39.513175 937432 Database.h:65] ycsb initialization finished in 29 milliseconds.
I1126 13:34:39.513269 937432 Coordinator.h:30] Coordinator initializes 12 workers.
I1126 13:34:39.520795 937432 Coordinator.h:77] Coordinator starts to run 13 workers.
I1126 13:34:39.520844 937448 AriaExecutor.h:82] AriaExecutor 0 started. 
I1126 13:34:39.520882 937449 AriaExecutor.h:82] AriaExecutor 1 started. 
I1126 13:34:39.520927 937450 AriaExecutor.h:82] AriaExecutor 2 started. 
I1126 13:34:39.520969 937451 AriaExecutor.h:82] AriaExecutor 3 started. 
I1126 13:34:39.521003 937452 AriaExecutor.h:82] AriaExecutor 4 started. 
I1126 13:34:39.521041 937453 AriaExecutor.h:82] AriaExecutor 5 started. 
I1126 13:34:39.521073 937454 AriaExecutor.h:82] AriaExecutor 6 started. 
I1126 13:34:39.521126 937455 AriaExecutor.h:82] AriaExecutor 7 started. 
I1126 13:34:39.521174 937456 AriaExecutor.h:82] AriaExecutor 8 started. 
I1126 13:34:39.521222 937457 AriaExecutor.h:82] AriaExecutor 9 started. 
I1126 13:34:39.521265 937458 AriaExecutor.h:82] AriaExecutor 10 started. 
I1126 13:34:39.521322 937459 AriaExecutor.h:82] AriaExecutor 11 started. 
I1126 13:34:39.521368 937460 Manager.h:224] Manager(worker id = 12) on the coordinator node started.
I1126 13:34:40.521428 937432 Coordinator.h:126] commit: 17470 abort: 144530 (0/144530/0), network size: 0, avg network size: 0, si_in_serializable: 0 0 %, local: 0 %
I1126 13:34:41.521559 937432 Coordinator.h:126] commit: 17286 abort: 143714 (0/143714/0), network size: 0, avg network size: 0, si_in_serializable: 0 0 %, local: 0 %
I1126 13:34:42.521685 937432 Coordinator.h:126] commit: 17700 abort: 146300 (0/146300/0), network size: 0, avg network size: 0, si_in_serializable: 0 0 %, local: 0 %
I1126 13:34:43.521791 937432 Coordinator.h:126] commit: 17573 abort: 146427 (0/146427/0), network size: 0, avg network size: 0, si_in_serializable: 0 0 %, local: 0 %
I1126 13:34:44.521886 937432 Coordinator.h:126] commit: 17593 abort: 146407 (0/146407/0), network size: 0, avg network size: 0, si_in_serializable: 0 0 %, local: 0 %
I1126 13:34:45.521979 937432 Coordinator.h:126] commit: 17443 abort: 144557 (0/144557/0), network size: 0, avg network size: 0, si_in_serializable: 0 0 %, local: 0 %
I1126 13:34:46.522097 937432 Coordinator.h:126] commit: 17691 abort: 146309 (0/146309/0), network size: 0, avg network size: 0, si_in_serializable: 0 0 %, local: 0 %
I1126 13:34:47.522207 937432 Coordinator.h:126] commit: 17766 abort: 146234 (0/146234/0), network size: 0, avg network size: 0, si_in_serializable: 0 0 %, local: 0 %
I1126 13:34:48.522302 937432 Coordinator.h:126] commit: 17587 abort: 146413 (0/146413/0), network size: 0, avg network size: 0, si_in_serializable: 0 0 %, local: 0 %
I1126 13:34:49.522403 937432 Coordinator.h:126] commit: 17542 abort: 147458 (0/147458/0), network size: 0, avg network size: 0, si_in_serializable: 0 0 %, local: 0 %
I1126 13:34:50.522498 937432 Coordinator.h:126] commit: 17721 abort: 146279 (0/146279/0), network size: 0, avg network size: 0, si_in_serializable: 0 0 %, local: 0 %
I1126 13:34:51.522593 937432 Coordinator.h:126] commit: 17641 abort: 146359 (0/146359/0), network size: 0, avg network size: 0, si_in_serializable: 0 0 %, local: 0 %
I1126 13:34:52.522684 937432 Coordinator.h:126] commit: 17698 abort: 147302 (0/147302/0), network size: 0, avg network size: 0, si_in_serializable: 0 0 %, local: 0 %
I1126 13:34:53.522778 937432 Coordinator.h:126] commit: 17618 abort: 146382 (0/146382/0), network size: 0, avg network size: 0, si_in_serializable: 0 0 %, local: 0 %
I1126 13:34:54.522871 937432 Coordinator.h:126] commit: 17588 abort: 146412 (0/146412/0), network size: 0, avg network size: 0, si_in_serializable: 0 0 %, local: 0 %
I1126 13:34:55.522964 937432 Coordinator.h:126] commit: 17408 abort: 145592 (0/145592/0), network size: 0, avg network size: 0, si_in_serializable: 0 0 %, local: 0 %
I1126 13:34:56.523085 937432 Coordinator.h:126] commit: 17600 abort: 145400 (0/145400/0), network size: 0, avg network size: 0, si_in_serializable: 0 0 %, local: 0 %
I1126 13:34:57.523218 937432 Coordinator.h:126] commit: 17661 abort: 146339 (0/146339/0), network size: 0, avg network size: 0, si_in_serializable: 0 0 %, local: 0 %
I1126 13:34:58.523310 937432 Coordinator.h:126] commit: 17593 abort: 146407 (0/146407/0), network size: 0, avg network size: 0, si_in_serializable: 0 0 %, local: 0 %
I1126 13:34:59.523402 937432 Coordinator.h:126] commit: 17648 abort: 146352 (0/146352/0), network size: 0, avg network size: 0, si_in_serializable: 0 0 %, local: 0 %
I1126 13:35:00.523494 937432 Coordinator.h:126] commit: 17663 abort: 146337 (0/146337/0), network size: 0, avg network size: 0, si_in_serializable: 0 0 %, local: 0 %
I1126 13:35:01.523609 937432 Coordinator.h:126] commit: 17671 abort: 146329 (0/146329/0), network size: 0, avg network size: 0, si_in_serializable: 0 0 %, local: 0 %
I1126 13:35:02.523710 937432 Coordinator.h:126] commit: 17639 abort: 145361 (0/145361/0), network size: 0, avg network size: 0, si_in_serializable: 0 0 %, local: 0 %
I1126 13:35:03.523803 937432 Coordinator.h:126] commit: 17564 abort: 146436 (0/146436/0), network size: 0, avg network size: 0, si_in_serializable: 0 0 %, local: 0 %
I1126 13:35:04.523895 937432 Coordinator.h:126] commit: 17709 abort: 146291 (0/146291/0), network size: 0, avg network size: 0, si_in_serializable: 0 0 %, local: 0 %
I1126 13:35:04.523916 937432 Coordinator.h:152] average commit: 17617.6 abort: 146282 (0/146282/0), network size: 0, avg network size: 0, si_in_serializable: 0 0 %, local: 0 %
I1126 13:35:04.523927 937432 AriaExecutor.h:535] Worker 0 latency: 5869 us (50%) 5946 us (75%) 6030 us (95%) 6140 us (99%).
I1126 13:35:04.529896 937460 Manager.h:227] Manager(worker id = 12) on the coordinator node exits.
I1126 13:35:04.529897 937456 AriaExecutor.h:94] AriaExecutor 8 exits. 
I1126 13:35:04.529898 937452 AriaExecutor.h:94] AriaExecutor 4 exits. 
I1126 13:35:04.529901 937448 AriaExecutor.h:94] AriaExecutor 0 exits. 
I1126 13:35:04.529913 937449 AriaExecutor.h:94] AriaExecutor 1 exits. 
I1126 13:35:04.529897 937458 AriaExecutor.h:94] AriaExecutor 10 exits. 
I1126 13:35:04.529913 937453 AriaExecutor.h:94] AriaExecutor 5 exits. 
I1126 13:35:04.529913 937459 AriaExecutor.h:94] AriaExecutor 11 exits. 
I1126 13:35:04.529904 937454 AriaExecutor.h:94] AriaExecutor 6 exits. 
I1126 13:35:04.529913 937457 AriaExecutor.h:94] AriaExecutor 9 exits. 
I1126 13:35:04.529913 937455 AriaExecutor.h:94] AriaExecutor 7 exits. 
I1126 13:35:04.529913 937451 AriaExecutor.h:94] AriaExecutor 3 exits. 
I1126 13:35:04.529901 937450 AriaExecutor.h:94] AriaExecutor 2 exits. 
I1126 13:35:04.530115 937432 AriaExecutor.h:535] Worker 1 latency: 5868 us (50%) 5946 us (75%) 6030 us (95%) 6143 us (99%).
I1126 13:35:04.532441 937432 AriaExecutor.h:535] Worker 2 latency: 5867 us (50%) 5944 us (75%) 6029 us (95%) 6145 us (99%).
I1126 13:35:04.534564 937432 AriaExecutor.h:535] Worker 3 latency: 5868 us (50%) 5945 us (75%) 6029 us (95%) 6139 us (99%).
I1126 13:35:04.536419 937432 AriaExecutor.h:535] Worker 4 latency: 5867 us (50%) 5944 us (75%) 6029 us (95%) 6135 us (99%).
I1126 13:35:04.538280 937432 AriaExecutor.h:535] Worker 5 latency: 5865 us (50%) 5943 us (75%) 6027 us (95%) 6133 us (99%).
I1126 13:35:04.540136 937432 AriaExecutor.h:535] Worker 6 latency: 5865 us (50%) 5942 us (75%) 6027 us (95%) 6137 us (99%).
I1126 13:35:04.541942 937432 AriaExecutor.h:535] Worker 7 latency: 5862 us (50%) 5941 us (75%) 6025 us (95%) 6128 us (99%).
I1126 13:35:04.543743 937432 AriaExecutor.h:535] Worker 8 latency: 5864 us (50%) 5943 us (75%) 6027 us (95%) 6132 us (99%).
I1126 13:35:04.545511 937432 AriaExecutor.h:535] Worker 9 latency: 5864 us (50%) 5943 us (75%) 6028 us (95%) 6131 us (99%).
I1126 13:35:04.547281 937432 AriaExecutor.h:535] Worker 10 latency: 5863 us (50%) 5942 us (75%) 6027 us (95%) 6138 us (99%).
I1126 13:35:04.549039 937432 AriaExecutor.h:535] Worker 11 latency: 5862 us (50%) 5942 us (75%) 6027 us (95%) 6141 us (99%).
I1126 13:35:04.550773 937432 Coordinator.h:177] total commit: 17617.6
I1126 13:35:05.550879 937432 Coordinator.h:192] Coordinator exits.
