I1126 17:58:17.607121 1063364 Database.h:65] ycsb initialization finished in 30 milliseconds.
I1126 17:58:17.607216 1063364 Coordinator.h:30] Coordinator initializes 12 workers.
I1126 17:58:17.614054 1063364 Coordinator.h:77] Coordinator starts to run 13 workers.
I1126 17:58:17.614121 1063380 AriaExecutor.h:91] AriaExecutor 0 started. 
I1126 17:58:17.614147 1063381 AriaExecutor.h:91] AriaExecutor 1 started. 
I1126 17:58:17.614189 1063382 AriaExecutor.h:91] AriaExecutor 2 started. 
I1126 17:58:17.614231 1063383 AriaExecutor.h:91] AriaExecutor 3 started. 
I1126 17:58:17.614255 1063384 AriaExecutor.h:91] AriaExecutor 4 started. 
I1126 17:58:17.614295 1063385 AriaExecutor.h:91] AriaExecutor 5 started. 
I1126 17:58:17.614332 1063386 AriaExecutor.h:91] AriaExecutor 6 started. 
I1126 17:58:17.614369 1063387 AriaExecutor.h:91] AriaExecutor 7 started. 
I1126 17:58:17.614403 1063388 AriaExecutor.h:91] AriaExecutor 8 started. 
I1126 17:58:17.614440 1063389 AriaExecutor.h:91] AriaExecutor 9 started. 
I1126 17:58:17.614475 1063390 AriaExecutor.h:91] AriaExecutor 10 started. 
I1126 17:58:17.614511 1063391 AriaExecutor.h:91] AriaExecutor 11 started. 
I1126 17:58:17.614545 1063392 Manager.h:224] Manager(worker id = 12) on the coordinator node started.
I1126 17:58:18.614602 1063364 Coordinator.h:126] commit: 963491 abort: 346509 (0/346509/0), network size: 0, avg network size: 0, si_in_serializable: 0 0 %, local: 0 %
I1126 17:58:19.614729 1063364 Coordinator.h:126] commit: 955741 abort: 344463 (0/344463/0), network size: 0, avg network size: 0, si_in_serializable: 0 0 %, local: 0 %
I1126 17:58:20.614856 1063364 Coordinator.h:126] commit: 977887 abort: 351909 (0/351909/0), network size: 0, avg network size: 0, si_in_serializable: 0 0 %, local: 0 %
I1126 17:58:21.614956 1063364 Coordinator.h:126] commit: 977943 abort: 352057 (0/352057/0), network size: 0, avg network size: 0, si_in_serializable: 0 0 %, local: 0 %
I1126 17:58:22.615053 1063364 Coordinator.h:126] commit: 978029 abort: 351971 (0/351971/0), network size: 0, avg network size: 0, si_in_serializable: 0 0 %, local: 0 %
I1126 17:58:23.615146 1063364 Coordinator.h:126] commit: 963428 abort: 346572 (0/346572/0), network size: 0, avg network size: 0, si_in_serializable: 0 0 %, local: 0 %
I1126 17:58:24.615278 1063364 Coordinator.h:126] commit: 962704 abort: 347296 (0/347296/0), network size: 0, avg network size: 0, si_in_serializable: 0 0 %, local: 0 %
I1126 17:58:25.615381 1063364 Coordinator.h:126] commit: 977983 abort: 352017 (0/352017/0), network size: 0, avg network size: 0, si_in_serializable: 0 0 %, local: 0 %
I1126 17:58:26.615469 1063364 Coordinator.h:126] commit: 977466 abort: 352534 (0/352534/0), network size: 0, avg network size: 0, si_in_serializable: 0 0 %, local: 0 %
I1126 17:58:27.615561 1063364 Coordinator.h:126] commit: 978261 abort: 351739 (0/351739/0), network size: 0, avg network size: 0, si_in_serializable: 0 0 %, local: 0 %
I1126 17:58:28.615665 1063364 Coordinator.h:126] commit: 977958 abort: 352042 (0/352042/0), network size: 0, avg network size: 0, si_in_serializable: 0 0 %, local: 0 %
I1126 17:58:29.615762 1063364 Coordinator.h:126] commit: 978085 abort: 351915 (0/351915/0), network size: 0, avg network size: 0, si_in_serializable: 0 0 %, local: 0 %
I1126 17:58:30.615864 1063364 Coordinator.h:126] commit: 948803 abort: 341197 (0/341197/0), network size: 0, avg network size: 0, si_in_serializable: 0 0 %, local: 0 %
I1126 17:58:31.615967 1063364 Coordinator.h:126] commit: 977974 abort: 352026 (0/352026/0), network size: 0, avg network size: 0, si_in_serializable: 0 0 %, local: 0 %
I1126 17:58:32.616053 1063364 Coordinator.h:126] commit: 977916 abort: 352084 (0/352084/0), network size: 0, avg network size: 0, si_in_serializable: 0 0 %, local: 0 %
I1126 17:58:33.616138 1063364 Coordinator.h:126] commit: 982979 abort: 354987 (0/354987/0), network size: 0, avg network size: 0, si_in_serializable: 0 0 %, local: 0 %
I1126 17:58:34.616232 1063364 Coordinator.h:126] commit: 977915 abort: 350869 (0/350869/0), network size: 0, avg network size: 0, si_in_serializable: 0 0 %, local: 0 %
I1126 17:58:35.616343 1063364 Coordinator.h:126] commit: 979516 abort: 353734 (0/353734/0), network size: 0, avg network size: 0, si_in_serializable: 0 0 %, local: 0 %
I1126 17:58:36.616443 1063364 Coordinator.h:126] commit: 971232 abort: 348768 (0/348768/0), network size: 0, avg network size: 0, si_in_serializable: 0 0 %, local: 0 %
I1126 17:58:37.616551 1063364 Coordinator.h:126] commit: 977761 abort: 352239 (0/352239/0), network size: 0, avg network size: 0, si_in_serializable: 0 0 %, local: 0 %
I1126 17:58:38.616650 1063364 Coordinator.h:126] commit: 978340 abort: 351660 (0/351660/0), network size: 0, avg network size: 0, si_in_serializable: 0 0 %, local: 0 %
I1126 17:58:39.616757 1063364 Coordinator.h:126] commit: 985009 abort: 354991 (0/354991/0), network size: 0, avg network size: 0, si_in_serializable: 0 0 %, local: 0 %
I1126 17:58:40.616855 1063364 Coordinator.h:126] commit: 971246 abort: 348754 (0/348754/0), network size: 0, avg network size: 0, si_in_serializable: 0 0 %, local: 0 %
I1126 17:58:41.616958 1063364 Coordinator.h:126] commit: 985562 abort: 354438 (0/354438/0), network size: 0, avg network size: 0, si_in_serializable: 0 0 %, local: 0 %
I1126 17:58:42.617074 1063364 Coordinator.h:126] commit: 955434 abort: 344566 (0/344566/0), network size: 0, avg network size: 0, si_in_serializable: 0 0 %, local: 0 %
I1126 17:58:42.617120 1063364 Coordinator.h:152] average commit: 975014 abort: 350986 (0/350986/0), network size: 0, avg network size: 0, si_in_serializable: 0 0 %, local: 0 %
I1126 17:58:42.618762 1063388 AriaExecutor.h:103] AriaExecutor 8 exits. 
I1126 17:58:42.618762 1063382 AriaExecutor.h:103] AriaExecutor 2 exits. 
I1126 17:58:42.618762 1063380 AriaExecutor.h:103] AriaExecutor 0 exits. 
I1126 17:58:42.618764 1063384 AriaExecutor.h:103] AriaExecutor 4 exits. 
I1126 17:58:42.618778 1063389 AriaExecutor.h:103] AriaExecutor 9 exits. 
I1126 17:58:42.618762 1063386 AriaExecutor.h:103] AriaExecutor 6 exits. 
I1126 17:58:42.618779 1063385 AriaExecutor.h:103] AriaExecutor 5 exits. 
I1126 17:58:42.618779 1063381 AriaExecutor.h:103] AriaExecutor 1 exits. 
I1126 17:58:42.618779 1063387 AriaExecutor.h:103] AriaExecutor 7 exits. 
I1126 17:58:42.618780 1063383 AriaExecutor.h:103] AriaExecutor 3 exits. 
I1126 17:58:42.618781 1063392 Manager.h:227] Manager(worker id = 12) on the coordinator node exits.
I1126 17:58:42.618763 1063390 AriaExecutor.h:103] AriaExecutor 10 exits. 
I1126 17:58:42.618785 1063391 AriaExecutor.h:103] AriaExecutor 11 exits. 
I1126 17:58:42.617127 1063364 AriaExecutor.h:621] Worker 0 latency: 5937 us (50%) 6366 us (75%) 6673 us (95%) 6777 us (99%).
I1126 17:58:42.697583 1063364 AriaExecutor.h:621] Worker 1 latency: 5897 us (50%) 6348 us (75%) 6668 us (95%) 6770 us (99%).
I1126 17:58:42.786466 1063364 AriaExecutor.h:621] Worker 2 latency: 5945 us (50%) 6370 us (75%) 6672 us (95%) 6774 us (99%).
I1126 17:58:42.866674 1063364 AriaExecutor.h:621] Worker 3 latency: 5889 us (50%) 6344 us (75%) 6666 us (95%) 6769 us (99%).
I1126 17:58:42.956615 1063364 AriaExecutor.h:621] Worker 4 latency: 5926 us (50%) 6359 us (75%) 6669 us (95%) 6771 us (99%).
I1126 17:58:43.037266 1063364 AriaExecutor.h:621] Worker 5 latency: 5897 us (50%) 6347 us (75%) 6667 us (95%) 6769 us (99%).
I1126 17:58:43.126621 1063364 AriaExecutor.h:621] Worker 6 latency: 5920 us (50%) 6357 us (75%) 6667 us (95%) 6768 us (99%).
I1126 17:58:43.207787 1063364 AriaExecutor.h:621] Worker 7 latency: 5893 us (50%) 6345 us (75%) 6665 us (95%) 6767 us (99%).
I1126 17:58:43.296331 1063364 AriaExecutor.h:621] Worker 8 latency: 5925 us (50%) 6360 us (75%) 6669 us (95%) 6770 us (99%).
I1126 17:58:43.376019 1063364 AriaExecutor.h:621] Worker 9 latency: 5896 us (50%) 6348 us (75%) 6667 us (95%) 6769 us (99%).
I1126 17:58:43.467177 1063364 AriaExecutor.h:621] Worker 10 latency: 5939 us (50%) 6367 us (75%) 6671 us (95%) 6772 us (99%).
I1126 17:58:43.546629 1063364 AriaExecutor.h:621] Worker 11 latency: 5889 us (50%) 6343 us (75%) 6665 us (95%) 6767 us (99%).
I1126 17:58:43.635682 1063364 Coordinator.h:177] total commit: 975014
I1126 17:58:44.635800 1063364 Coordinator.h:192] Coordinator exits.
