I1126 15:40:05.905820 1014170 Database.h:65] ycsb initialization finished in 30 milliseconds.
I1126 15:40:05.905923 1014170 Coordinator.h:30] Coordinator initializes 12 workers.
I1126 15:40:05.906840 1014170 Coordinator.h:77] Coordinator starts to run 13 workers.
I1126 15:40:05.906939 1014186 AriaExecutor.h:95] AriaExecutor 0 started. 
I1126 15:40:05.906955 1014187 AriaExecutor.h:95] AriaExecutor 1 started. 
I1126 15:40:05.907022 1014188 AriaExecutor.h:95] AriaExecutor 2 started. 
I1126 15:40:05.907050 1014189 AriaExecutor.h:95] AriaExecutor 3 started. 
I1126 15:40:05.907089 1014190 AriaExecutor.h:95] AriaExecutor 4 started. 
I1126 15:40:05.907132 1014191 AriaExecutor.h:95] AriaExecutor 5 started. 
I1126 15:40:05.907176 1014192 AriaExecutor.h:95] AriaExecutor 6 started. 
I1126 15:40:05.907198 1014193 AriaExecutor.h:95] AriaExecutor 7 started. 
I1126 15:40:05.907250 1014194 AriaExecutor.h:95] AriaExecutor 8 started. 
I1126 15:40:05.907265 1014195 AriaExecutor.h:95] AriaExecutor 9 started. 
I1126 15:40:05.907315 1014196 AriaExecutor.h:95] AriaExecutor 10 started. 
I1126 15:40:05.907331 1014197 AriaExecutor.h:95] AriaExecutor 11 started. 
I1126 15:40:05.907371 1014198 Manager.h:224] Manager(worker id = 12) on the coordinator node started.
I1126 15:40:06.907418 1014170 Coordinator.h:126] commit: 564580 abort: 773420 (0/773420/0), network size: 0, avg network size: 0, si_in_serializable: 0 0 %, local: 0 %
I1126 15:40:07.907544 1014170 Coordinator.h:126] commit: 553172 abort: 759828 (0/759828/0), network size: 0, avg network size: 0, si_in_serializable: 0 0 %, local: 0 %
I1126 15:40:08.907693 1014170 Coordinator.h:126] commit: 564843 abort: 773157 (0/773157/0), network size: 0, avg network size: 0, si_in_serializable: 0 0 %, local: 0 %
I1126 15:40:09.907783 1014170 Coordinator.h:126] commit: 568134 abort: 779866 (0/779866/0), network size: 0, avg network size: 0, si_in_serializable: 0 0 %, local: 0 %
I1126 15:40:10.907862 1014170 Coordinator.h:126] commit: 566836 abort: 780164 (0/780164/0), network size: 0, avg network size: 0, si_in_serializable: 0 0 %, local: 0 %
I1126 15:40:11.907939 1014170 Coordinator.h:126] commit: 549462 abort: 751538 (0/751538/0), network size: 0, avg network size: 0, si_in_serializable: 0 0 %, local: 0 %
I1126 15:40:12.908015 1014170 Coordinator.h:126] commit: 569003 abort: 779997 (0/779997/0), network size: 0, avg network size: 0, si_in_serializable: 0 0 %, local: 0 %
I1126 15:40:13.908111 1014170 Coordinator.h:126] commit: 566650 abort: 775350 (0/775350/0), network size: 0, avg network size: 0, si_in_serializable: 0 0 %, local: 0 %
I1126 15:40:14.908185 1014170 Coordinator.h:126] commit: 568915 abort: 780085 (0/780085/0), network size: 0, avg network size: 0, si_in_serializable: 0 0 %, local: 0 %
I1126 15:40:15.908258 1014170 Coordinator.h:126] commit: 566666 abort: 774334 (0/774334/0), network size: 0, avg network size: 0, si_in_serializable: 0 0 %, local: 0 %
I1126 15:40:16.908334 1014170 Coordinator.h:126] commit: 568038 abort: 776962 (0/776962/0), network size: 0, avg network size: 0, si_in_serializable: 0 0 %, local: 0 %
I1126 15:40:17.908409 1014170 Coordinator.h:126] commit: 551126 abort: 755874 (0/755874/0), network size: 0, avg network size: 0, si_in_serializable: 0 0 %, local: 0 %
I1126 15:40:18.908484 1014170 Coordinator.h:126] commit: 568264 abort: 780736 (0/780736/0), network size: 0, avg network size: 0, si_in_serializable: 0 0 %, local: 0 %
I1126 15:40:19.908560 1014170 Coordinator.h:126] commit: 568299 abort: 778701 (0/778701/0), network size: 0, avg network size: 0, si_in_serializable: 0 0 %, local: 0 %
I1126 15:40:20.908641 1014170 Coordinator.h:126] commit: 561650 abort: 770350 (0/770350/0), network size: 0, avg network size: 0, si_in_serializable: 0 0 %, local: 0 %
I1126 15:40:21.908715 1014170 Coordinator.h:126] commit: 567334 abort: 777666 (0/777666/0), network size: 0, avg network size: 0, si_in_serializable: 0 0 %, local: 0 %
I1126 15:40:22.908788 1014170 Coordinator.h:126] commit: 568680 abort: 779320 (0/779320/0), network size: 0, avg network size: 0, si_in_serializable: 0 0 %, local: 0 %
I1126 15:40:23.908861 1014170 Coordinator.h:126] commit: 567295 abort: 778705 (0/778705/0), network size: 0, avg network size: 0, si_in_serializable: 0 0 %, local: 0 %
I1126 15:40:24.908962 1014170 Coordinator.h:126] commit: 564330 abort: 774670 (0/774670/0), network size: 0, avg network size: 0, si_in_serializable: 0 0 %, local: 0 %
I1126 15:40:25.909041 1014170 Coordinator.h:126] commit: 567331 abort: 778669 (0/778669/0), network size: 0, avg network size: 0, si_in_serializable: 0 0 %, local: 0 %
I1126 15:40:26.909114 1014170 Coordinator.h:126] commit: 568474 abort: 777526 (0/777526/0), network size: 0, avg network size: 0, si_in_serializable: 0 0 %, local: 0 %
I1126 15:40:27.909188 1014170 Coordinator.h:126] commit: 564656 abort: 774344 (0/774344/0), network size: 0, avg network size: 0, si_in_serializable: 0 0 %, local: 0 %
I1126 15:40:28.909260 1014170 Coordinator.h:126] commit: 523188 abort: 716792 (0/716792/0), network size: 0, avg network size: 0, si_in_serializable: 0 0 %, local: 0 %
I1126 15:40:29.909338 1014170 Coordinator.h:126] commit: 567931 abort: 780089 (0/780089/0), network size: 0, avg network size: 0, si_in_serializable: 0 0 %, local: 0 %
I1126 15:40:30.909413 1014170 Coordinator.h:126] commit: 566475 abort: 776525 (0/776525/0), network size: 0, avg network size: 0, si_in_serializable: 0 0 %, local: 0 %
I1126 15:40:30.909425 1014170 Coordinator.h:152] average commit: 565235 abort: 775165 (0/775165/0), network size: 0, avg network size: 0, si_in_serializable: 0 0 %, local: 0 %
I1126 15:40:30.909499 1014186 AriaExecutor.h:107] AriaExecutor 0 exits. 
I1126 15:40:30.909500 1014193 AriaExecutor.h:107] AriaExecutor 7 exits. 
I1126 15:40:30.909500 1014195 AriaExecutor.h:107] AriaExecutor 9 exits. 
I1126 15:40:30.909513 1014198 Manager.h:227] Manager(worker id = 12) on the coordinator node exits.
I1126 15:40:30.909507 1014190 AriaExecutor.h:107] AriaExecutor 4 exits. 
I1126 15:40:30.909508 1014192 AriaExecutor.h:107] AriaExecutor 6 exits. 
I1126 15:40:30.909508 1014196 AriaExecutor.h:107] AriaExecutor 10 exits. 
I1126 15:40:30.909502 1014197 AriaExecutor.h:107] AriaExecutor 11 exits. 
I1126 15:40:30.909500 1014189 AriaExecutor.h:107] AriaExecutor 3 exits. 
I1126 15:40:30.909514 1014194 AriaExecutor.h:107] AriaExecutor 8 exits. 
I1126 15:40:30.909510 1014188 AriaExecutor.h:107] AriaExecutor 2 exits. 
I1126 15:40:30.909510 1014187 AriaExecutor.h:107] AriaExecutor 1 exits. 
I1126 15:40:30.909500 1014191 AriaExecutor.h:107] AriaExecutor 5 exits. 
I1126 15:40:30.909436 1014170 AriaExecutor.h:705] Worker 0 latency: 604 us (50%) 658 us (75%) 692 us (95%) 707 us (99%).
I1126 15:40:30.956024 1014170 AriaExecutor.h:705] Worker 1 latency: 603 us (50%) 656 us (75%) 690 us (95%) 705 us (99%).
I1126 15:40:31.002488 1014170 AriaExecutor.h:705] Worker 2 latency: 605 us (50%) 657 us (75%) 691 us (95%) 706 us (99%).
I1126 15:40:31.048218 1014170 AriaExecutor.h:705] Worker 3 latency: 604 us (50%) 656 us (75%) 690 us (95%) 705 us (99%).
I1126 15:40:31.093688 1014170 AriaExecutor.h:705] Worker 4 latency: 604 us (50%) 656 us (75%) 691 us (95%) 706 us (99%).
I1126 15:40:31.139829 1014170 AriaExecutor.h:705] Worker 5 latency: 601 us (50%) 655 us (75%) 690 us (95%) 705 us (99%).
I1126 15:40:31.186924 1014170 AriaExecutor.h:705] Worker 6 latency: 606 us (50%) 657 us (75%) 691 us (95%) 706 us (99%).
I1126 15:40:31.231976 1014170 AriaExecutor.h:705] Worker 7 latency: 603 us (50%) 655 us (75%) 690 us (95%) 705 us (99%).
I1126 15:40:31.278378 1014170 AriaExecutor.h:705] Worker 8 latency: 606 us (50%) 657 us (75%) 691 us (95%) 706 us (99%).
I1126 15:40:31.323632 1014170 AriaExecutor.h:705] Worker 9 latency: 603 us (50%) 655 us (75%) 690 us (95%) 705 us (99%).
I1126 15:40:31.368515 1014170 AriaExecutor.h:705] Worker 10 latency: 606 us (50%) 657 us (75%) 691 us (95%) 706 us (99%).
I1126 15:40:31.413642 1014170 AriaExecutor.h:705] Worker 11 latency: 604 us (50%) 655 us (75%) 690 us (95%) 705 us (99%).
I1126 15:40:31.459044 1014170 Coordinator.h:177] total commit: 565235
I1126 15:40:32.459183 1014170 Coordinator.h:192] Coordinator exits.
