I1126 15:32:25.503173 1009200 Database.h:65] ycsb initialization finished in 30 milliseconds.
I1126 15:32:25.503263 1009200 Coordinator.h:30] Coordinator initializes 12 workers.
I1126 15:32:25.510159 1009200 Coordinator.h:77] Coordinator starts to run 13 workers.
I1126 15:32:25.510247 1009219 AriaExecutor.h:95] AriaExecutor 0 started. 
I1126 15:32:25.510267 1009220 AriaExecutor.h:95] AriaExecutor 1 started. 
I1126 15:32:25.510334 1009221 AriaExecutor.h:95] AriaExecutor 2 started. 
I1126 15:32:25.510370 1009222 AriaExecutor.h:95] AriaExecutor 3 started. 
I1126 15:32:25.510407 1009223 AriaExecutor.h:95] AriaExecutor 4 started. 
I1126 15:32:25.510438 1009224 AriaExecutor.h:95] AriaExecutor 5 started. 
I1126 15:32:25.510478 1009225 AriaExecutor.h:95] AriaExecutor 6 started. 
I1126 15:32:25.510511 1009226 AriaExecutor.h:95] AriaExecutor 7 started. 
I1126 15:32:25.510545 1009227 AriaExecutor.h:95] AriaExecutor 8 started. 
I1126 15:32:25.510567 1009228 AriaExecutor.h:95] AriaExecutor 9 started. 
I1126 15:32:25.510607 1009229 AriaExecutor.h:95] AriaExecutor 10 started. 
I1126 15:32:25.510629 1009230 AriaExecutor.h:95] AriaExecutor 11 started. 
I1126 15:32:25.510671 1009231 Manager.h:224] Manager(worker id = 12) on the coordinator node started.
I1126 15:32:26.510725 1009200 Coordinator.h:126] commit: 603261 abort: 756739 (0/756739/0), network size: 0, avg network size: 0, si_in_serializable: 0 0 %, local: 0 %
I1126 15:32:27.510865 1009200 Coordinator.h:126] commit: 602863 abort: 757137 (0/757137/0), network size: 0, avg network size: 0, si_in_serializable: 0 0 %, local: 0 %
I1126 15:32:28.511039 1009200 Coordinator.h:126] commit: 607118 abort: 762882 (0/762882/0), network size: 0, avg network size: 0, si_in_serializable: 0 0 %, local: 0 %
I1126 15:32:29.511178 1009200 Coordinator.h:126] commit: 612020 abort: 767980 (0/767980/0), network size: 0, avg network size: 0, si_in_serializable: 0 0 %, local: 0 %
I1126 15:32:30.511291 1009200 Coordinator.h:126] commit: 607555 abort: 762445 (0/762445/0), network size: 0, avg network size: 0, si_in_serializable: 0 0 %, local: 0 %
I1126 15:32:31.511390 1009200 Coordinator.h:126] commit: 607432 abort: 762564 (0/762564/0), network size: 0, avg network size: 0, si_in_serializable: 0 0 %, local: 0 %
I1126 15:32:32.511512 1009200 Coordinator.h:126] commit: 603582 abort: 756422 (0/756422/0), network size: 0, avg network size: 0, si_in_serializable: 0 0 %, local: 0 %
I1126 15:32:33.511600 1009200 Coordinator.h:126] commit: 611685 abort: 768315 (0/768315/0), network size: 0, avg network size: 0, si_in_serializable: 0 0 %, local: 0 %
I1126 15:32:34.511698 1009200 Coordinator.h:126] commit: 611504 abort: 768496 (0/768496/0), network size: 0, avg network size: 0, si_in_serializable: 0 0 %, local: 0 %
I1126 15:32:35.511806 1009200 Coordinator.h:126] commit: 611613 abort: 768387 (0/768387/0), network size: 0, avg network size: 0, si_in_serializable: 0 0 %, local: 0 %
I1126 15:32:36.511904 1009200 Coordinator.h:126] commit: 600306 abort: 749694 (0/749694/0), network size: 0, avg network size: 0, si_in_serializable: 0 0 %, local: 0 %
I1126 15:32:37.511996 1009200 Coordinator.h:126] commit: 611929 abort: 768071 (0/768071/0), network size: 0, avg network size: 0, si_in_serializable: 0 0 %, local: 0 %
I1126 15:32:38.512090 1009200 Coordinator.h:126] commit: 611465 abort: 768535 (0/768535/0), network size: 0, avg network size: 0, si_in_serializable: 0 0 %, local: 0 %
I1126 15:32:39.512180 1009200 Coordinator.h:126] commit: 611856 abort: 768144 (0/768144/0), network size: 0, avg network size: 0, si_in_serializable: 0 0 %, local: 0 %
I1126 15:32:40.512287 1009200 Coordinator.h:126] commit: 603444 abort: 756556 (0/756556/0), network size: 0, avg network size: 0, si_in_serializable: 0 0 %, local: 0 %
I1126 15:32:41.512408 1009200 Coordinator.h:126] commit: 608989 abort: 761011 (0/761011/0), network size: 0, avg network size: 0, si_in_serializable: 0 0 %, local: 0 %
I1126 15:32:42.512509 1009200 Coordinator.h:126] commit: 610905 abort: 769095 (0/769095/0), network size: 0, avg network size: 0, si_in_serializable: 0 0 %, local: 0 %
I1126 15:32:43.512606 1009200 Coordinator.h:126] commit: 612353 abort: 767647 (0/767647/0), network size: 0, avg network size: 0, si_in_serializable: 0 0 %, local: 0 %
I1126 15:32:44.512707 1009200 Coordinator.h:126] commit: 606988 abort: 763012 (0/763012/0), network size: 0, avg network size: 0, si_in_serializable: 0 0 %, local: 0 %
I1126 15:32:45.512815 1009200 Coordinator.h:126] commit: 612637 abort: 767363 (0/767363/0), network size: 0, avg network size: 0, si_in_serializable: 0 0 %, local: 0 %
I1126 15:32:46.512917 1009200 Coordinator.h:126] commit: 576478 abort: 723522 (0/723522/0), network size: 0, avg network size: 0, si_in_serializable: 0 0 %, local: 0 %
I1126 15:32:47.513015 1009200 Coordinator.h:126] commit: 610986 abort: 769014 (0/769014/0), network size: 0, avg network size: 0, si_in_serializable: 0 0 %, local: 0 %
I1126 15:32:48.513113 1009200 Coordinator.h:126] commit: 607864 abort: 762136 (0/762136/0), network size: 0, avg network size: 0, si_in_serializable: 0 0 %, local: 0 %
I1126 15:32:49.513208 1009200 Coordinator.h:126] commit: 612264 abort: 767736 (0/767736/0), network size: 0, avg network size: 0, si_in_serializable: 0 0 %, local: 0 %
I1126 15:32:50.513306 1009200 Coordinator.h:126] commit: 612275 abort: 767725 (0/767725/0), network size: 0, avg network size: 0, si_in_serializable: 0 0 %, local: 0 %
I1126 15:32:50.513334 1009200 Coordinator.h:152] average commit: 609087 abort: 763913 (0/763913/0), network size: 0, avg network size: 0, si_in_serializable: 0 0 %, local: 0 %
I1126 15:32:50.517899 1009219 AriaExecutor.h:107] AriaExecutor 0 exits. 
I1126 15:32:50.517915 1009227 AriaExecutor.h:107] AriaExecutor 8 exits. 
I1126 15:32:50.517911 1009229 AriaExecutor.h:107] AriaExecutor 10 exits. 
I1126 15:32:50.517902 1009230 AriaExecutor.h:107] AriaExecutor 11 exits. 
I1126 15:32:50.517904 1009228 AriaExecutor.h:107] AriaExecutor 9 exits. 
I1126 15:32:50.517912 1009223 AriaExecutor.h:107] AriaExecutor 4 exits. 
I1126 15:32:50.517920 1009225 AriaExecutor.h:107] AriaExecutor 6 exits. 
I1126 15:32:50.517915 1009220 AriaExecutor.h:107] AriaExecutor 1 exits. 
I1126 15:32:50.517902 1009226 AriaExecutor.h:107] AriaExecutor 7 exits. 
I1126 15:32:50.517915 1009221 AriaExecutor.h:107] AriaExecutor 2 exits. 
I1126 15:32:50.517930 1009231 Manager.h:227] Manager(worker id = 12) on the coordinator node exits.
I1126 15:32:50.517903 1009222 AriaExecutor.h:107] AriaExecutor 3 exits. 
I1126 15:32:50.517903 1009224 AriaExecutor.h:107] AriaExecutor 5 exits. 
I1126 15:32:50.513343 1009200 AriaExecutor.h:705] Worker 0 latency: 5995 us (50%) 6413 us (75%) 6650 us (95%) 6745 us (99%).
I1126 15:32:50.564692 1009200 AriaExecutor.h:705] Worker 1 latency: 5993 us (50%) 6411 us (75%) 6649 us (95%) 6743 us (99%).
I1126 15:32:50.615515 1009200 AriaExecutor.h:705] Worker 2 latency: 6001 us (50%) 6413 us (75%) 6648 us (95%) 6739 us (99%).
I1126 15:32:50.667358 1009200 AriaExecutor.h:705] Worker 3 latency: 5993 us (50%) 6412 us (75%) 6650 us (95%) 6742 us (99%).
I1126 15:32:50.719085 1009200 AriaExecutor.h:705] Worker 4 latency: 5996 us (50%) 6412 us (75%) 6650 us (95%) 6741 us (99%).
I1126 15:32:50.770730 1009200 AriaExecutor.h:705] Worker 5 latency: 5993 us (50%) 6410 us (75%) 6649 us (95%) 6741 us (99%).
I1126 15:32:50.823030 1009200 AriaExecutor.h:705] Worker 6 latency: 6001 us (50%) 6415 us (75%) 6651 us (95%) 6740 us (99%).
I1126 15:32:50.875468 1009200 AriaExecutor.h:705] Worker 7 latency: 5988 us (50%) 6408 us (75%) 6648 us (95%) 6740 us (99%).
I1126 15:32:50.927065 1009200 AriaExecutor.h:705] Worker 8 latency: 5995 us (50%) 6412 us (75%) 6650 us (95%) 6739 us (99%).
I1126 15:32:50.978756 1009200 AriaExecutor.h:705] Worker 9 latency: 5992 us (50%) 6410 us (75%) 6649 us (95%) 6741 us (99%).
I1126 15:32:51.030594 1009200 AriaExecutor.h:705] Worker 10 latency: 6003 us (50%) 6416 us (75%) 6650 us (95%) 6741 us (99%).
I1126 15:32:51.082216 1009200 AriaExecutor.h:705] Worker 11 latency: 5994 us (50%) 6412 us (75%) 6650 us (95%) 6741 us (99%).
I1126 15:32:51.133450 1009200 Coordinator.h:177] total commit: 609087
I1126 15:32:52.133586 1009200 Coordinator.h:192] Coordinator exits.
