I1126 14:14:35.220956 961768 Database.h:65] ycsb initialization finished in 30 milliseconds.
I1126 14:14:35.221056 961768 Coordinator.h:30] Coordinator initializes 12 workers.
I1126 14:14:35.228019 961768 Coordinator.h:77] Coordinator starts to run 13 workers.
I1126 14:14:35.228087 961784 AriaExecutor.h:91] AriaExecutor 0 started. 
I1126 14:14:35.228116 961785 AriaExecutor.h:91] AriaExecutor 1 started. 
I1126 14:14:35.228161 961786 AriaExecutor.h:91] AriaExecutor 2 started. 
I1126 14:14:35.228202 961787 AriaExecutor.h:91] AriaExecutor 3 started. 
I1126 14:14:35.228227 961788 AriaExecutor.h:91] AriaExecutor 4 started. 
I1126 14:14:35.228272 961789 AriaExecutor.h:91] AriaExecutor 5 started. 
I1126 14:14:35.228302 961790 AriaExecutor.h:91] AriaExecutor 6 started. 
I1126 14:14:35.228339 961791 AriaExecutor.h:91] AriaExecutor 7 started. 
I1126 14:14:35.228365 961792 AriaExecutor.h:91] AriaExecutor 8 started. 
I1126 14:14:35.228402 961793 AriaExecutor.h:91] AriaExecutor 9 started. 
I1126 14:14:35.228425 961794 AriaExecutor.h:91] AriaExecutor 10 started. 
I1126 14:14:35.228461 961795 AriaExecutor.h:91] AriaExecutor 11 started. 
I1126 14:14:35.228487 961796 Manager.h:224] Manager(worker id = 12) on the coordinator node started.
I1126 14:14:36.228542 961768 Coordinator.h:126] commit: 866406 abort: 443594 (0/443594/0), network size: 0, avg network size: 0, si_in_serializable: 0 0 %, local: 0 %
I1126 14:14:37.228669 961768 Coordinator.h:126] commit: 861097 abort: 438903 (0/438903/0), network size: 0, avg network size: 0, si_in_serializable: 0 0 %, local: 0 %
I1126 14:14:38.228796 961768 Coordinator.h:126] commit: 873601 abort: 446399 (0/446399/0), network size: 0, avg network size: 0, si_in_serializable: 0 0 %, local: 0 %
I1126 14:14:39.228914 961768 Coordinator.h:126] commit: 871685 abort: 443712 (0/443712/0), network size: 0, avg network size: 0, si_in_serializable: 0 0 %, local: 0 %
I1126 14:14:40.229022 961768 Coordinator.h:126] commit: 875490 abort: 449113 (0/449113/0), network size: 0, avg network size: 0, si_in_serializable: 0 0 %, local: 0 %
I1126 14:14:41.229132 961768 Coordinator.h:126] commit: 867333 abort: 442667 (0/442667/0), network size: 0, avg network size: 0, si_in_serializable: 0 0 %, local: 0 %
I1126 14:14:42.229239 961768 Coordinator.h:126] commit: 875140 abort: 445824 (0/445824/0), network size: 0, avg network size: 0, si_in_serializable: 0 0 %, local: 0 %
I1126 14:14:43.229360 961768 Coordinator.h:126] commit: 859414 abort: 439622 (0/439622/0), network size: 0, avg network size: 0, si_in_serializable: 0 0 %, local: 0 %
I1126 14:14:44.229473 961768 Coordinator.h:126] commit: 880182 abort: 449818 (0/449818/0), network size: 0, avg network size: 0, si_in_serializable: 0 0 %, local: 0 %
I1126 14:14:45.229574 961768 Coordinator.h:126] commit: 873822 abort: 446178 (0/446178/0), network size: 0, avg network size: 0, si_in_serializable: 0 0 %, local: 0 %
I1126 14:14:46.229672 961768 Coordinator.h:126] commit: 880842 abort: 449158 (0/449158/0), network size: 0, avg network size: 0, si_in_serializable: 0 0 %, local: 0 %
I1126 14:14:47.229775 961768 Coordinator.h:126] commit: 873688 abort: 446312 (0/446312/0), network size: 0, avg network size: 0, si_in_serializable: 0 0 %, local: 0 %
I1126 14:14:48.229877 961768 Coordinator.h:126] commit: 866912 abort: 443088 (0/443088/0), network size: 0, avg network size: 0, si_in_serializable: 0 0 %, local: 0 %
I1126 14:14:49.229980 961768 Coordinator.h:126] commit: 880001 abort: 449999 (0/449999/0), network size: 0, avg network size: 0, si_in_serializable: 0 0 %, local: 0 %
I1126 14:14:50.230105 961768 Coordinator.h:126] commit: 841160 abort: 428840 (0/428840/0), network size: 0, avg network size: 0, si_in_serializable: 0 0 %, local: 0 %
I1126 14:14:51.230222 961768 Coordinator.h:126] commit: 873139 abort: 446861 (0/446861/0), network size: 0, avg network size: 0, si_in_serializable: 0 0 %, local: 0 %
I1126 14:14:52.230331 961768 Coordinator.h:126] commit: 880442 abort: 449558 (0/449558/0), network size: 0, avg network size: 0, si_in_serializable: 0 0 %, local: 0 %
I1126 14:14:53.230439 961768 Coordinator.h:126] commit: 874308 abort: 445692 (0/445692/0), network size: 0, avg network size: 0, si_in_serializable: 0 0 %, local: 0 %
I1126 14:14:54.230549 961768 Coordinator.h:126] commit: 880794 abort: 449206 (0/449206/0), network size: 0, avg network size: 0, si_in_serializable: 0 0 %, local: 0 %
I1126 14:14:55.230655 961768 Coordinator.h:126] commit: 880208 abort: 449792 (0/449792/0), network size: 0, avg network size: 0, si_in_serializable: 0 0 %, local: 0 %
I1126 14:14:56.230760 961768 Coordinator.h:126] commit: 873904 abort: 446096 (0/446096/0), network size: 0, avg network size: 0, si_in_serializable: 0 0 %, local: 0 %
I1126 14:14:57.230865 961768 Coordinator.h:126] commit: 873654 abort: 446346 (0/446346/0), network size: 0, avg network size: 0, si_in_serializable: 0 0 %, local: 0 %
I1126 14:14:58.230970 961768 Coordinator.h:126] commit: 880457 abort: 449543 (0/449543/0), network size: 0, avg network size: 0, si_in_serializable: 0 0 %, local: 0 %
I1126 14:14:59.231083 961768 Coordinator.h:126] commit: 880007 abort: 449993 (0/449993/0), network size: 0, avg network size: 0, si_in_serializable: 0 0 %, local: 0 %
I1126 14:15:00.231192 961768 Coordinator.h:126] commit: 873756 abort: 446244 (0/446244/0), network size: 0, avg network size: 0, si_in_serializable: 0 0 %, local: 0 %
I1126 14:15:00.231248 961768 Coordinator.h:152] average commit: 873149 abort: 445851 (0/445851/0), network size: 0, avg network size: 0, si_in_serializable: 0 0 %, local: 0 %
I1126 14:15:00.234582 961788 AriaExecutor.h:103] AriaExecutor 4 exits. 
I1126 14:15:00.234583 961784 AriaExecutor.h:103] AriaExecutor 0 exits. 
I1126 14:15:00.234587 961792 AriaExecutor.h:103] AriaExecutor 8 exits. 
I1126 14:15:00.234597 961791 AriaExecutor.h:103] AriaExecutor 7 exits. 
I1126 14:15:00.234588 961786 AriaExecutor.h:103] AriaExecutor 2 exits. 
I1126 14:15:00.234598 961793 AriaExecutor.h:103] AriaExecutor 9 exits. 
I1126 14:15:00.234599 961787 AriaExecutor.h:103] AriaExecutor 3 exits. 
I1126 14:15:00.234598 961785 AriaExecutor.h:103] AriaExecutor 1 exits. 
I1126 14:15:00.234586 961796 Manager.h:227] Manager(worker id = 12) on the coordinator node exits.
I1126 14:15:00.234601 961790 AriaExecutor.h:103] AriaExecutor 6 exits. 
I1126 14:15:00.234599 961789 AriaExecutor.h:103] AriaExecutor 5 exits. 
I1126 14:15:00.234588 961794 AriaExecutor.h:103] AriaExecutor 10 exits. 
I1126 14:15:00.234596 961795 AriaExecutor.h:103] AriaExecutor 11 exits. 
I1126 14:15:00.231258 961768 AriaExecutor.h:649] Worker 0 latency: 5982 us (50%) 6415 us (75%) 6706 us (95%) 6809 us (99%).
I1126 14:15:00.303478 961768 AriaExecutor.h:649] Worker 1 latency: 5975 us (50%) 6411 us (75%) 6704 us (95%) 6805 us (99%).
I1126 14:15:00.373929 961768 AriaExecutor.h:649] Worker 2 latency: 5995 us (50%) 6421 us (75%) 6707 us (95%) 6808 us (99%).
I1126 14:15:00.446041 961768 AriaExecutor.h:649] Worker 3 latency: 5972 us (50%) 6410 us (75%) 6705 us (95%) 6807 us (99%).
I1126 14:15:00.527662 961768 AriaExecutor.h:649] Worker 4 latency: 5979 us (50%) 6413 us (75%) 6704 us (95%) 6805 us (99%).
I1126 14:15:00.599341 961768 AriaExecutor.h:649] Worker 5 latency: 5976 us (50%) 6411 us (75%) 6703 us (95%) 6804 us (99%).
I1126 14:15:00.669111 961768 AriaExecutor.h:649] Worker 6 latency: 5987 us (50%) 6417 us (75%) 6706 us (95%) 6807 us (99%).
I1126 14:15:00.741221 961768 AriaExecutor.h:649] Worker 7 latency: 5977 us (50%) 6412 us (75%) 6705 us (95%) 6807 us (99%).
I1126 14:15:00.822575 961768 AriaExecutor.h:649] Worker 8 latency: 5983 us (50%) 6415 us (75%) 6706 us (95%) 6806 us (99%).
I1126 14:15:00.895237 961768 AriaExecutor.h:649] Worker 9 latency: 5981 us (50%) 6415 us (75%) 6706 us (95%) 6807 us (99%).
I1126 14:15:00.965544 961768 AriaExecutor.h:649] Worker 10 latency: 5988 us (50%) 6417 us (75%) 6705 us (95%) 6805 us (99%).
I1126 14:15:01.036468 961768 AriaExecutor.h:649] Worker 11 latency: 5971 us (50%) 6411 us (75%) 6705 us (95%) 6805 us (99%).
I1126 14:15:01.116889 961768 Coordinator.h:177] total commit: 873149
I1126 14:15:02.116995 961768 Coordinator.h:192] Coordinator exits.
