I0911 21:51:42.850442 2927352 Database.h:65] ycsb initialization finished in 146 milliseconds.
I0911 21:51:42.850555 2927352 Coordinator.h:30] Coordinator initializes 16 workers.
I0911 21:51:42.865935 2927352 Coordinator.h:77] Coordinator starts to run 17 workers.
I0911 21:51:42.866016 2927373 AriaExecutor.h:82] AriaExecutor 0 started. 
I0911 21:51:42.866037 2927374 AriaExecutor.h:82] AriaExecutor 1 started. 
I0911 21:51:42.866075 2927375 AriaExecutor.h:82] AriaExecutor 2 started. 
I0911 21:51:42.866134 2927376 AriaExecutor.h:82] AriaExecutor 3 started. 
I0911 21:51:42.866178 2927377 AriaExecutor.h:82] AriaExecutor 4 started. 
I0911 21:51:42.866233 2927378 AriaExecutor.h:82] AriaExecutor 5 started. 
I0911 21:51:42.866281 2927379 AriaExecutor.h:82] AriaExecutor 6 started. 
I0911 21:51:42.866326 2927380 AriaExecutor.h:82] AriaExecutor 7 started. 
I0911 21:51:42.866371 2927381 AriaExecutor.h:82] AriaExecutor 8 started. 
I0911 21:51:42.866420 2927382 AriaExecutor.h:82] AriaExecutor 9 started. 
I0911 21:51:42.866469 2927383 AriaExecutor.h:82] AriaExecutor 10 started. 
I0911 21:51:42.866525 2927384 AriaExecutor.h:82] AriaExecutor 11 started. 
I0911 21:51:42.866569 2927385 AriaExecutor.h:82] AriaExecutor 12 started. 
I0911 21:51:42.866618 2927386 AriaExecutor.h:82] AriaExecutor 13 started. 
I0911 21:51:42.866659 2927387 AriaExecutor.h:82] AriaExecutor 14 started. 
I0911 21:51:42.866711 2927388 AriaExecutor.h:82] AriaExecutor 15 started. 
I0911 21:51:42.866757 2927389 Manager.h:224] Manager(worker id = 16) on the coordinator node started.
I0911 21:51:43.866809 2927352 Coordinator.h:126] commit: 1746651 abort: 2341 (0/2341/0), network size: 0, avg network size: 0, si_in_serializable: 0 0 %, local: 0 %
I0911 21:51:44.866933 2927352 Coordinator.h:126] commit: 1732395 abort: 2261 (0/2261/0), network size: 0, avg network size: 0, si_in_serializable: 0 0 %, local: 0 %
I0911 21:51:45.867035 2927352 Coordinator.h:126] commit: 1668973 abort: 2195 (0/2195/0), network size: 0, avg network size: 0, si_in_serializable: 0 0 %, local: 0 %
I0911 21:51:46.867120 2927352 Coordinator.h:126] commit: 1673040 abort: 2224 (0/2224/0), network size: 0, avg network size: 0, si_in_serializable: 0 0 %, local: 0 %
I0911 21:51:47.867237 2927352 Coordinator.h:126] commit: 1707760 abort: 2320 (0/2320/0), network size: 0, avg network size: 0, si_in_serializable: 0 0 %, local: 0 %
I0911 21:51:48.867344 2927352 Coordinator.h:126] commit: 1775321 abort: 2343 (0/2343/0), network size: 0, avg network size: 0, si_in_serializable: 0 0 %, local: 0 %
I0911 21:51:49.867431 2927352 Coordinator.h:126] commit: 1765134 abort: 2290 (0/2290/0), network size: 0, avg network size: 0, si_in_serializable: 0 0 %, local: 0 %
I0911 21:51:50.867520 2927352 Coordinator.h:126] commit: 1759023 abort: 2257 (0/2257/0), network size: 0, avg network size: 0, si_in_serializable: 0 0 %, local: 0 %
I0911 21:51:51.867611 2927352 Coordinator.h:126] commit: 1771249 abort: 2319 (0/2319/0), network size: 0, avg network size: 0, si_in_serializable: 0 0 %, local: 0 %
I0911 21:51:52.867693 2927352 Coordinator.h:126] commit: 1728333 abort: 2227 (0/2227/0), network size: 0, avg network size: 0, si_in_serializable: 0 0 %, local: 0 %
I0911 21:51:53.867776 2927352 Coordinator.h:126] commit: 1771320 abort: 2248 (0/2248/0), network size: 0, avg network size: 0, si_in_serializable: 0 0 %, local: 0 %
I0911 21:51:54.867858 2927352 Coordinator.h:126] commit: 1718114 abort: 2206 (0/2206/0), network size: 0, avg network size: 0, si_in_serializable: 0 0 %, local: 0 %
I0911 21:51:55.867957 2927352 Coordinator.h:126] commit: 1767193 abort: 2279 (0/2279/0), network size: 0, avg network size: 0, si_in_serializable: 0 0 %, local: 0 %
I0911 21:51:56.868039 2927352 Coordinator.h:126] commit: 1673066 abort: 2198 (0/2198/0), network size: 0, avg network size: 0, si_in_serializable: 0 0 %, local: 0 %
I0911 21:51:57.868145 2927352 Coordinator.h:126] commit: 1707860 abort: 2220 (0/2220/0), network size: 0, avg network size: 0, si_in_serializable: 0 0 %, local: 0 %
I0911 21:51:58.868254 2927352 Coordinator.h:126] commit: 1711921 abort: 2255 (0/2255/0), network size: 0, avg network size: 0, si_in_serializable: 0 0 %, local: 0 %
I0911 21:51:59.868367 2927352 Coordinator.h:126] commit: 1668964 abort: 2204 (0/2204/0), network size: 0, avg network size: 0, si_in_serializable: 0 0 %, local: 0 %
I0911 21:52:00.868471 2927352 Coordinator.h:126] commit: 1756928 abort: 2304 (0/2304/0), network size: 0, avg network size: 0, si_in_serializable: 0 0 %, local: 0 %
I0911 21:52:01.868577 2927352 Coordinator.h:126] commit: 1748356 abort: 2257 (0/2257/0), network size: 0, avg network size: 0, si_in_serializable: 0 0 %, local: 0 %
I0911 21:52:02.868660 2927352 Coordinator.h:126] commit: 1659186 abort: 2168 (0/2168/0), network size: 0, avg network size: 0, si_in_serializable: 0 0 %, local: 0 %
I0911 21:52:03.868749 2927352 Coordinator.h:126] commit: 1760968 abort: 2360 (0/2360/0), network size: 0, avg network size: 0, si_in_serializable: 0 0 %, local: 0 %
I0911 21:52:04.868832 2927352 Coordinator.h:126] commit: 1765072 abort: 2352 (0/2352/0), network size: 0, avg network size: 0, si_in_serializable: 0 0 %, local: 0 %
I0911 21:52:05.868916 2927352 Coordinator.h:126] commit: 1765084 abort: 2340 (0/2340/0), network size: 0, avg network size: 0, si_in_serializable: 0 0 %, local: 0 %
I0911 21:52:06.869031 2927352 Coordinator.h:126] commit: 1728307 abort: 2253 (0/2253/0), network size: 0, avg network size: 0, si_in_serializable: 0 0 %, local: 0 %
I0911 21:52:07.869122 2927352 Coordinator.h:126] commit: 1726290 abort: 2222 (0/2222/0), network size: 0, avg network size: 0, si_in_serializable: 0 0 %, local: 0 %
I0911 21:52:07.869148 2927352 Coordinator.h:152] average commit: 1.71829e+06 abort: 2233.9 (0/2233.9/0), network size: 0, avg network size: 0, si_in_serializable: 0 0 %, local: 0 %
I0911 21:52:07.870087 2927385 AriaExecutor.h:94] AriaExecutor 12 exits. 
I0911 21:52:07.870090 2927381 AriaExecutor.h:94] AriaExecutor 8 exits. 
I0911 21:52:07.870103 2927386 AriaExecutor.h:94] AriaExecutor 13 exits. 
I0911 21:52:07.870090 2927377 AriaExecutor.h:94] AriaExecutor 4 exits. 
I0911 21:52:07.870090 2927379 AriaExecutor.h:94] AriaExecutor 6 exits. 
I0911 21:52:07.870091 2927389 Manager.h:227] Manager(worker id = 16) on the coordinator node exits.
I0911 21:52:07.870103 2927388 AriaExecutor.h:94] AriaExecutor 15 exits. 
I0911 21:52:07.870090 2927373 AriaExecutor.h:94] AriaExecutor 0 exits. 
I0911 21:52:07.870090 2927387 AriaExecutor.h:94] AriaExecutor 14 exits. 
I0911 21:52:07.870103 2927384 AriaExecutor.h:94] AriaExecutor 11 exits. 
I0911 21:52:07.870103 2927382 AriaExecutor.h:94] AriaExecutor 9 exits. 
I0911 21:52:07.870103 2927374 AriaExecutor.h:94] AriaExecutor 1 exits. 
I0911 21:52:07.870103 2927380 AriaExecutor.h:94] AriaExecutor 7 exits. 
I0911 21:52:07.870103 2927378 AriaExecutor.h:94] AriaExecutor 5 exits. 
I0911 21:52:07.870090 2927383 AriaExecutor.h:94] AriaExecutor 10 exits. 
I0911 21:52:07.870091 2927375 AriaExecutor.h:94] AriaExecutor 2 exits. 
I0911 21:52:07.870103 2927376 AriaExecutor.h:94] AriaExecutor 3 exits. 
I0911 21:52:07.869159 2927352 AriaExecutor.h:535] Worker 0 latency: 695 us (50%) 901 us (75%) 1069 us (95%) 1159 us (99%).
I0911 21:52:07.969849 2927352 AriaExecutor.h:535] Worker 1 latency: 692 us (50%) 899 us (75%) 1068 us (95%) 1158 us (99%).
I0911 21:52:08.069917 2927352 AriaExecutor.h:535] Worker 2 latency: 698 us (50%) 903 us (75%) 1070 us (95%) 1159 us (99%).
I0911 21:52:08.168843 2927352 AriaExecutor.h:535] Worker 3 latency: 693 us (50%) 900 us (75%) 1068 us (95%) 1158 us (99%).
I0911 21:52:08.268711 2927352 AriaExecutor.h:535] Worker 4 latency: 695 us (50%) 902 us (75%) 1069 us (95%) 1159 us (99%).
I0911 21:52:08.368798 2927352 AriaExecutor.h:535] Worker 5 latency: 691 us (50%) 898 us (75%) 1068 us (95%) 1157 us (99%).
I0911 21:52:08.470541 2927352 AriaExecutor.h:535] Worker 6 latency: 697 us (50%) 903 us (75%) 1070 us (95%) 1159 us (99%).
I0911 21:52:08.570465 2927352 AriaExecutor.h:535] Worker 7 latency: 693 us (50%) 900 us (75%) 1068 us (95%) 1158 us (99%).
I0911 21:52:08.671998 2927352 AriaExecutor.h:535] Worker 8 latency: 693 us (50%) 900 us (75%) 1068 us (95%) 1159 us (99%).
I0911 21:52:08.775063 2927352 AriaExecutor.h:535] Worker 9 latency: 690 us (50%) 898 us (75%) 1068 us (95%) 1157 us (99%).
I0911 21:52:08.889945 2927352 AriaExecutor.h:535] Worker 10 latency: 699 us (50%) 902 us (75%) 1069 us (95%) 1159 us (99%).
I0911 21:52:08.990166 2927352 AriaExecutor.h:535] Worker 11 latency: 693 us (50%) 899 us (75%) 1068 us (95%) 1157 us (99%).
I0911 21:52:09.089326 2927352 AriaExecutor.h:535] Worker 12 latency: 698 us (50%) 902 us (75%) 1069 us (95%) 1159 us (99%).
I0911 21:52:09.192634 2927352 AriaExecutor.h:535] Worker 13 latency: 690 us (50%) 897 us (75%) 1067 us (95%) 1157 us (99%).
I0911 21:52:09.292450 2927352 AriaExecutor.h:535] Worker 14 latency: 700 us (50%) 903 us (75%) 1069 us (95%) 1159 us (99%).
I0911 21:52:09.392886 2927352 AriaExecutor.h:535] Worker 15 latency: 693 us (50%) 899 us (75%) 1068 us (95%) 1158 us (99%).
I0911 21:52:09.495801 2927352 Coordinator.h:177] total commit: 1.71829e+06
I0911 21:52:10.495926 2927352 Coordinator.h:192] Coordinator exits.
