I0911 23:19:43.220794 2945388 Database.h:65] ycsb initialization finished in 186 milliseconds.
I0911 23:19:43.220911 2945388 Coordinator.h:30] Coordinator initializes 16 workers.
I0911 23:19:43.251322 2945388 Coordinator.h:77] Coordinator starts to run 17 workers.
I0911 23:19:43.251386 2945408 AriaExecutor.h:82] AriaExecutor 0 started. 
I0911 23:19:43.251425 2945409 AriaExecutor.h:82] AriaExecutor 1 started. 
I0911 23:19:43.251467 2945410 AriaExecutor.h:82] AriaExecutor 2 started. 
I0911 23:19:43.251518 2945411 AriaExecutor.h:82] AriaExecutor 3 started. 
I0911 23:19:43.251542 2945412 AriaExecutor.h:82] AriaExecutor 4 started. 
I0911 23:19:43.251585 2945413 AriaExecutor.h:82] AriaExecutor 5 started. 
I0911 23:19:43.251628 2945414 AriaExecutor.h:82] AriaExecutor 6 started. 
I0911 23:19:43.251664 2945415 AriaExecutor.h:82] AriaExecutor 7 started. 
I0911 23:19:43.251693 2945416 AriaExecutor.h:82] AriaExecutor 8 started. 
I0911 23:19:43.251742 2945417 AriaExecutor.h:82] AriaExecutor 9 started. 
I0911 23:19:43.251772 2945418 AriaExecutor.h:82] AriaExecutor 10 started. 
I0911 23:19:43.251818 2945419 AriaExecutor.h:82] AriaExecutor 11 started. 
I0911 23:19:43.251852 2945420 AriaExecutor.h:82] AriaExecutor 12 started. 
I0911 23:19:43.251895 2945421 AriaExecutor.h:82] AriaExecutor 13 started. 
I0911 23:19:43.251928 2945422 AriaExecutor.h:82] AriaExecutor 14 started. 
I0911 23:19:43.251976 2945423 AriaExecutor.h:82] AriaExecutor 15 started. 
I0911 23:19:43.252022 2945424 Manager.h:224] Manager(worker id = 16) on the coordinator node started.
I0911 23:19:44.252075 2945388 Coordinator.h:126] commit: 1290578 abort: 3758 (0/3758/0), network size: 0, avg network size: 0, si_in_serializable: 0 0 %, local: 0 %
I0911 23:19:45.252172 2945388 Coordinator.h:126] commit: 1290693 abort: 3643 (0/3643/0), network size: 0, avg network size: 0, si_in_serializable: 0 0 %, local: 0 %
I0911 23:19:46.252249 2945388 Coordinator.h:126] commit: 1241630 abort: 3554 (0/3554/0), network size: 0, avg network size: 0, si_in_serializable: 0 0 %, local: 0 %
I0911 23:19:47.252321 2945388 Coordinator.h:126] commit: 1241661 abort: 3523 (0/3523/0), network size: 0, avg network size: 0, si_in_serializable: 0 0 %, local: 0 %
I0911 23:19:48.252420 2945388 Coordinator.h:126] commit: 1294736 abort: 3696 (0/3696/0), network size: 0, avg network size: 0, si_in_serializable: 0 0 %, local: 0 %
I0911 23:19:49.252496 2945388 Coordinator.h:126] commit: 1302896 abort: 3728 (0/3728/0), network size: 0, avg network size: 0, si_in_serializable: 0 0 %, local: 0 %
I0911 23:19:50.252569 2945388 Coordinator.h:126] commit: 1290606 abort: 3730 (0/3730/0), network size: 0, avg network size: 0, si_in_serializable: 0 0 %, local: 0 %
I0911 23:19:51.252640 2945388 Coordinator.h:126] commit: 1302841 abort: 3783 (0/3783/0), network size: 0, avg network size: 0, si_in_serializable: 0 0 %, local: 0 %
I0911 23:19:52.252712 2945388 Coordinator.h:126] commit: 1302914 abort: 3710 (0/3710/0), network size: 0, avg network size: 0, si_in_serializable: 0 0 %, local: 0 %
I0911 23:19:53.252781 2945388 Coordinator.h:126] commit: 1294824 abort: 3608 (0/3608/0), network size: 0, avg network size: 0, si_in_serializable: 0 0 %, local: 0 %
I0911 23:19:54.252854 2945388 Coordinator.h:126] commit: 1307003 abort: 3717 (0/3717/0), network size: 0, avg network size: 0, si_in_serializable: 0 0 %, local: 0 %
I0911 23:19:55.252935 2945388 Coordinator.h:126] commit: 1264386 abort: 3529 (0/3529/0), network size: 0, avg network size: 0, si_in_serializable: 0 0 %, local: 0 %
I0911 23:19:56.253008 2945388 Coordinator.h:126] commit: 1304772 abort: 3696 (0/3696/0), network size: 0, avg network size: 0, si_in_serializable: 0 0 %, local: 0 %
I0911 23:19:57.253078 2945388 Coordinator.h:126] commit: 1237689 abort: 3399 (0/3399/0), network size: 0, avg network size: 0, si_in_serializable: 0 0 %, local: 0 %
I0911 23:19:58.253151 2945388 Coordinator.h:126] commit: 1307043 abort: 3677 (0/3677/0), network size: 0, avg network size: 0, si_in_serializable: 0 0 %, local: 0 %
I0911 23:19:59.253244 2945388 Coordinator.h:126] commit: 1294696 abort: 3736 (0/3736/0), network size: 0, avg network size: 0, si_in_serializable: 0 0 %, local: 0 %
I0911 23:20:00.253326 2945388 Coordinator.h:126] commit: 1302864 abort: 3760 (0/3760/0), network size: 0, avg network size: 0, si_in_serializable: 0 0 %, local: 0 %
I0911 23:20:01.253403 2945388 Coordinator.h:126] commit: 1302982 abort: 3642 (0/3642/0), network size: 0, avg network size: 0, si_in_serializable: 0 0 %, local: 0 %
I0911 23:20:02.253479 2945388 Coordinator.h:126] commit: 1300420 abort: 3820 (0/3820/0), network size: 0, avg network size: 0, si_in_serializable: 0 0 %, local: 0 %
I0911 23:20:03.253553 2945388 Coordinator.h:126] commit: 1301167 abort: 3745 (0/3745/0), network size: 0, avg network size: 0, si_in_serializable: 0 0 %, local: 0 %
I0911 23:20:04.253625 2945388 Coordinator.h:126] commit: 1302916 abort: 3708 (0/3708/0), network size: 0, avg network size: 0, si_in_serializable: 0 0 %, local: 0 %
I0911 23:20:05.253700 2945388 Coordinator.h:126] commit: 1302898 abort: 3726 (0/3726/0), network size: 0, avg network size: 0, si_in_serializable: 0 0 %, local: 0 %
I0911 23:20:06.253774 2945388 Coordinator.h:126] commit: 1302907 abort: 3717 (0/3717/0), network size: 0, avg network size: 0, si_in_serializable: 0 0 %, local: 0 %
I0911 23:20:07.253846 2945388 Coordinator.h:126] commit: 1302843 abort: 3781 (0/3781/0), network size: 0, avg network size: 0, si_in_serializable: 0 0 %, local: 0 %
I0911 23:20:08.253917 2945388 Coordinator.h:126] commit: 1306987 abort: 3733 (0/3733/0), network size: 0, avg network size: 0, si_in_serializable: 0 0 %, local: 0 %
I0911 23:20:08.253928 2945388 Coordinator.h:152] average commit: 1.2923e+06 abort: 3672.1 (0/3672.1/0), network size: 0, avg network size: 0, si_in_serializable: 0 0 %, local: 0 %
I0911 23:20:08.256760 2945416 AriaExecutor.h:94] AriaExecutor 8 exits. 
I0911 23:20:08.256762 2945414 AriaExecutor.h:94] AriaExecutor 6 exits. 
I0911 23:20:08.256765 2945422 AriaExecutor.h:94] AriaExecutor 14 exits. 
I0911 23:20:08.256763 2945408 AriaExecutor.h:94] AriaExecutor 0 exits. 
I0911 23:20:08.256767 2945418 AriaExecutor.h:94] AriaExecutor 10 exits. 
I0911 23:20:08.256767 2945420 AriaExecutor.h:94] AriaExecutor 12 exits. 
I0911 23:20:08.256762 2945412 AriaExecutor.h:94] AriaExecutor 4 exits. 
I0911 23:20:08.256781 2945417 AriaExecutor.h:94] AriaExecutor 9 exits. 
I0911 23:20:08.256783 2945421 AriaExecutor.h:94] AriaExecutor 13 exits. 
I0911 23:20:08.256785 2945415 AriaExecutor.h:94] AriaExecutor 7 exits. 
I0911 23:20:08.256781 2945409 AriaExecutor.h:94] AriaExecutor 1 exits. 
I0911 23:20:08.256780 2945423 AriaExecutor.h:94] AriaExecutor 15 exits. 
I0911 23:20:08.256784 2945419 AriaExecutor.h:94] AriaExecutor 11 exits. 
I0911 23:20:08.256781 2945413 AriaExecutor.h:94] AriaExecutor 5 exits. 
I0911 23:20:08.256765 2945410 AriaExecutor.h:94] AriaExecutor 2 exits. 
I0911 23:20:08.256780 2945411 AriaExecutor.h:94] AriaExecutor 3 exits. 
I0911 23:20:08.256770 2945424 Manager.h:227] Manager(worker id = 16) on the coordinator node exits.
I0911 23:20:08.253938 2945388 AriaExecutor.h:641] Worker 0 latency: 1801 us (50%) 2413 us (75%) 2903 us (95%) 3003 us (99%).
I0911 23:20:08.337558 2945388 AriaExecutor.h:641] Worker 1 latency: 1798 us (50%) 2410 us (75%) 2900 us (95%) 3001 us (99%).
I0911 23:20:08.429221 2945388 AriaExecutor.h:641] Worker 2 latency: 1809 us (50%) 2416 us (75%) 2903 us (95%) 3003 us (99%).
I0911 23:20:08.512346 2945388 AriaExecutor.h:641] Worker 3 latency: 1799 us (50%) 2410 us (75%) 2900 us (95%) 3001 us (99%).
I0911 23:20:08.604614 2945388 AriaExecutor.h:641] Worker 4 latency: 1802 us (50%) 2413 us (75%) 2903 us (95%) 3003 us (99%).
I0911 23:20:08.688088 2945388 AriaExecutor.h:641] Worker 5 latency: 1798 us (50%) 2409 us (75%) 2900 us (95%) 3001 us (99%).
I0911 23:20:08.782387 2945388 AriaExecutor.h:641] Worker 6 latency: 1810 us (50%) 2417 us (75%) 2904 us (95%) 3003 us (99%).
I0911 23:20:08.866535 2945388 AriaExecutor.h:641] Worker 7 latency: 1801 us (50%) 2411 us (75%) 2900 us (95%) 3001 us (99%).
I0911 23:20:08.960263 2945388 AriaExecutor.h:641] Worker 8 latency: 1807 us (50%) 2414 us (75%) 2902 us (95%) 3002 us (99%).
I0911 23:20:09.044922 2945388 AriaExecutor.h:641] Worker 9 latency: 1801 us (50%) 2410 us (75%) 2899 us (95%) 3001 us (99%).
I0911 23:20:09.138800 2945388 AriaExecutor.h:641] Worker 10 latency: 1816 us (50%) 2419 us (75%) 2904 us (95%) 3003 us (99%).
I0911 23:20:09.222620 2945388 AriaExecutor.h:641] Worker 11 latency: 1804 us (50%) 2412 us (75%) 2900 us (95%) 3001 us (99%).
I0911 23:20:09.315382 2945388 AriaExecutor.h:641] Worker 12 latency: 1816 us (50%) 2419 us (75%) 2904 us (95%) 3003 us (99%).
I0911 23:20:09.398315 2945388 AriaExecutor.h:641] Worker 13 latency: 1801 us (50%) 2410 us (75%) 2900 us (95%) 3001 us (99%).
I0911 23:20:09.490618 2945388 AriaExecutor.h:641] Worker 14 latency: 1818 us (50%) 2420 us (75%) 2904 us (95%) 3003 us (99%).
I0911 23:20:09.576519 2945388 AriaExecutor.h:641] Worker 15 latency: 1805 us (50%) 2413 us (75%) 2901 us (95%) 3001 us (99%).
I0911 23:20:09.670446 2945388 Coordinator.h:177] total commit: 1.2923e+06
I0911 23:20:10.670569 2945388 Coordinator.h:192] Coordinator exits.
