I0911 22:57:50.530738 2941049 Database.h:65] ycsb initialization finished in 195 milliseconds.
I0911 22:57:50.530860 2941049 Coordinator.h:30] Coordinator initializes 16 workers.
I0911 22:57:50.561250 2941049 Coordinator.h:77] Coordinator starts to run 17 workers.
I0911 22:57:50.561316 2941069 AriaExecutor.h:82] AriaExecutor 0 started. 
I0911 22:57:50.561350 2941070 AriaExecutor.h:82] AriaExecutor 1 started. 
I0911 22:57:50.561389 2941071 AriaExecutor.h:82] AriaExecutor 2 started. 
I0911 22:57:50.561451 2941072 AriaExecutor.h:82] AriaExecutor 3 started. 
I0911 22:57:50.561483 2941073 AriaExecutor.h:82] AriaExecutor 4 started. 
I0911 22:57:50.561527 2941074 AriaExecutor.h:82] AriaExecutor 5 started. 
I0911 22:57:50.561568 2941075 AriaExecutor.h:82] AriaExecutor 6 started. 
I0911 22:57:50.561604 2941076 AriaExecutor.h:82] AriaExecutor 7 started. 
I0911 22:57:50.561638 2941077 AriaExecutor.h:82] AriaExecutor 8 started. 
I0911 22:57:50.561690 2941078 AriaExecutor.h:82] AriaExecutor 9 started. 
I0911 22:57:50.561723 2941079 AriaExecutor.h:82] AriaExecutor 10 started. 
I0911 22:57:50.561762 2941080 AriaExecutor.h:82] AriaExecutor 11 started. 
I0911 22:57:50.561796 2941081 AriaExecutor.h:82] AriaExecutor 12 started. 
I0911 22:57:50.561841 2941082 AriaExecutor.h:82] AriaExecutor 13 started. 
I0911 22:57:50.561875 2941083 AriaExecutor.h:82] AriaExecutor 14 started. 
I0911 22:57:50.561916 2941084 AriaExecutor.h:82] AriaExecutor 15 started. 
I0911 22:57:50.561967 2941085 Manager.h:224] Manager(worker id = 16) on the coordinator node started.
I0911 22:57:51.562018 2941049 Coordinator.h:126] commit: 800264 abort: 502264 (0/502264/0), network size: 0, avg network size: 0, si_in_serializable: 0 0 %, local: 0 %
I0911 22:57:52.562103 2941049 Coordinator.h:126] commit: 797189 abort: 501243 (0/501243/0), network size: 0, avg network size: 0, si_in_serializable: 0 0 %, local: 0 %
I0911 22:57:53.562165 2941049 Coordinator.h:126] commit: 767260 abort: 482020 (0/482020/0), network size: 0, avg network size: 0, si_in_serializable: 0 0 %, local: 0 %
I0911 22:57:54.562239 2941049 Coordinator.h:126] commit: 777056 abort: 488608 (0/488608/0), network size: 0, avg network size: 0, si_in_serializable: 0 0 %, local: 0 %
I0911 22:57:55.562332 2941049 Coordinator.h:126] commit: 798788 abort: 503740 (0/503740/0), network size: 0, avg network size: 0, si_in_serializable: 0 0 %, local: 0 %
I0911 22:57:56.562400 2941049 Coordinator.h:126] commit: 791999 abort: 498241 (0/498241/0), network size: 0, avg network size: 0, si_in_serializable: 0 0 %, local: 0 %
I0911 22:57:57.562459 2941049 Coordinator.h:126] commit: 807205 abort: 507611 (0/507611/0), network size: 0, avg network size: 0, si_in_serializable: 0 0 %, local: 0 %
I0911 22:57:58.562521 2941049 Coordinator.h:126] commit: 801441 abort: 505183 (0/505183/0), network size: 0, avg network size: 0, si_in_serializable: 0 0 %, local: 0 %
I0911 22:57:59.562594 2941049 Coordinator.h:126] commit: 803953 abort: 506767 (0/506767/0), network size: 0, avg network size: 0, si_in_serializable: 0 0 %, local: 0 %
I0911 22:58:00.562655 2941049 Coordinator.h:126] commit: 797995 abort: 500437 (0/500437/0), network size: 0, avg network size: 0, si_in_serializable: 0 0 %, local: 0 %
I0911 22:58:01.562723 2941049 Coordinator.h:126] commit: 762093 abort: 478995 (0/478995/0), network size: 0, avg network size: 0, si_in_serializable: 0 0 %, local: 0 %
I0911 22:58:02.562794 2941049 Coordinator.h:126] commit: 792981 abort: 497259 (0/497259/0), network size: 0, avg network size: 0, si_in_serializable: 0 0 %, local: 0 %
I0911 22:58:03.562889 2941049 Coordinator.h:126] commit: 803810 abort: 506910 (0/506910/0), network size: 0, avg network size: 0, si_in_serializable: 0 0 %, local: 0 %
I0911 22:58:04.562969 2941049 Coordinator.h:126] commit: 805388 abort: 505332 (0/505332/0), network size: 0, avg network size: 0, si_in_serializable: 0 0 %, local: 0 %
I0911 22:58:05.563031 2941049 Coordinator.h:126] commit: 804194 abort: 506526 (0/506526/0), network size: 0, avg network size: 0, si_in_serializable: 0 0 %, local: 0 %
I0911 22:58:06.563094 2941049 Coordinator.h:126] commit: 804924 abort: 505796 (0/505796/0), network size: 0, avg network size: 0, si_in_serializable: 0 0 %, local: 0 %
I0911 22:58:07.563174 2941049 Coordinator.h:126] commit: 802380 abort: 504244 (0/504244/0), network size: 0, avg network size: 0, si_in_serializable: 0 0 %, local: 0 %
I0911 22:58:08.563235 2941049 Coordinator.h:126] commit: 804032 abort: 506688 (0/506688/0), network size: 0, avg network size: 0, si_in_serializable: 0 0 %, local: 0 %
I0911 22:58:09.563313 2941049 Coordinator.h:126] commit: 802214 abort: 504410 (0/504410/0), network size: 0, avg network size: 0, si_in_serializable: 0 0 %, local: 0 %
I0911 22:58:10.563376 2941049 Coordinator.h:126] commit: 801734 abort: 504890 (0/504890/0), network size: 0, avg network size: 0, si_in_serializable: 0 0 %, local: 0 %
I0911 22:58:11.563450 2941049 Coordinator.h:126] commit: 804780 abort: 505940 (0/505940/0), network size: 0, avg network size: 0, si_in_serializable: 0 0 %, local: 0 %
I0911 22:58:12.563519 2941049 Coordinator.h:126] commit: 738624 abort: 465600 (0/465600/0), network size: 0, avg network size: 0, si_in_serializable: 0 0 %, local: 0 %
I0911 22:58:13.563583 2941049 Coordinator.h:126] commit: 790321 abort: 495823 (0/495823/0), network size: 0, avg network size: 0, si_in_serializable: 0 0 %, local: 0 %
I0911 22:58:14.563659 2941049 Coordinator.h:126] commit: 803526 abort: 507194 (0/507194/0), network size: 0, avg network size: 0, si_in_serializable: 0 0 %, local: 0 %
I0911 22:58:15.563735 2941049 Coordinator.h:126] commit: 789342 abort: 496802 (0/496802/0), network size: 0, avg network size: 0, si_in_serializable: 0 0 %, local: 0 %
I0911 22:58:15.563750 2941049 Coordinator.h:152] average commit: 798375 abort: 502105 (0/502105/0), network size: 0, avg network size: 0, si_in_serializable: 0 0 %, local: 0 %
I0911 22:58:15.563949 2941085 Manager.h:227] Manager(worker id = 16) on the coordinator node exits.
I0911 22:58:15.563947 2941071 AriaExecutor.h:94] AriaExecutor 2 exits. 
I0911 22:58:15.563956 2941084 AriaExecutor.h:94] AriaExecutor 15 exits. 
I0911 22:58:15.563947 2941083 AriaExecutor.h:94] AriaExecutor 14 exits. 
I0911 22:58:15.563988 2941070 AriaExecutor.h:94] AriaExecutor 1 exits. 
I0911 22:58:15.563956 2941078 AriaExecutor.h:94] AriaExecutor 9 exits. 
I0911 22:58:15.563982 2941076 AriaExecutor.h:94] AriaExecutor 7 exits. 
I0911 22:58:15.563946 2941075 AriaExecutor.h:94] AriaExecutor 6 exits. 
I0911 22:58:15.563946 2941081 AriaExecutor.h:94] AriaExecutor 12 exits. 
I0911 22:58:15.563953 2941080 AriaExecutor.h:94] AriaExecutor 11 exits. 
I0911 22:58:15.563956 2941074 AriaExecutor.h:94] AriaExecutor 5 exits. 
I0911 22:58:15.563956 2941082 AriaExecutor.h:94] AriaExecutor 13 exits. 
I0911 22:58:15.563946 2941077 AriaExecutor.h:94] AriaExecutor 8 exits. 
I0911 22:58:15.563946 2941073 AriaExecutor.h:94] AriaExecutor 4 exits. 
I0911 22:58:15.563956 2941072 AriaExecutor.h:94] AriaExecutor 3 exits. 
I0911 22:58:15.563946 2941069 AriaExecutor.h:94] AriaExecutor 0 exits. 
I0911 22:58:15.563947 2941079 AriaExecutor.h:94] AriaExecutor 10 exits. 
I0911 22:58:15.563760 2941049 AriaExecutor.h:535] Worker 0 latency: 1963 us (50%) 2566 us (75%) 2963 us (95%) 3035 us (99%).
I0911 22:58:15.615000 2941049 AriaExecutor.h:535] Worker 1 latency: 1960 us (50%) 2564 us (75%) 2962 us (95%) 3033 us (99%).
I0911 22:58:15.667608 2941049 AriaExecutor.h:535] Worker 2 latency: 1971 us (50%) 2569 us (75%) 2963 us (95%) 3034 us (99%).
I0911 22:58:15.718806 2941049 AriaExecutor.h:535] Worker 3 latency: 1960 us (50%) 2564 us (75%) 2962 us (95%) 3033 us (99%).
I0911 22:58:15.771452 2941049 AriaExecutor.h:535] Worker 4 latency: 1963 us (50%) 2565 us (75%) 2963 us (95%) 3034 us (99%).
I0911 22:58:15.823376 2941049 AriaExecutor.h:535] Worker 5 latency: 1957 us (50%) 2562 us (75%) 2961 us (95%) 3033 us (99%).
I0911 22:58:15.876713 2941049 AriaExecutor.h:535] Worker 6 latency: 1969 us (50%) 2567 us (75%) 2963 us (95%) 3034 us (99%).
I0911 22:58:15.929183 2941049 AriaExecutor.h:535] Worker 7 latency: 1959 us (50%) 2563 us (75%) 2961 us (95%) 3033 us (99%).
I0911 22:58:15.982088 2941049 AriaExecutor.h:535] Worker 8 latency: 1959 us (50%) 2563 us (75%) 2962 us (95%) 3034 us (99%).
I0911 22:58:16.033855 2941049 AriaExecutor.h:535] Worker 9 latency: 1959 us (50%) 2562 us (75%) 2961 us (95%) 3033 us (99%).
I0911 22:58:16.085397 2941049 AriaExecutor.h:535] Worker 10 latency: 1967 us (50%) 2565 us (75%) 2962 us (95%) 3034 us (99%).
I0911 22:58:16.136961 2941049 AriaExecutor.h:535] Worker 11 latency: 1961 us (50%) 2562 us (75%) 2961 us (95%) 3033 us (99%).
I0911 22:58:16.188884 2941049 AriaExecutor.h:535] Worker 12 latency: 1966 us (50%) 2565 us (75%) 2962 us (95%) 3034 us (99%).
I0911 22:58:16.239998 2941049 AriaExecutor.h:535] Worker 13 latency: 1954 us (50%) 2559 us (75%) 2960 us (95%) 3033 us (99%).
I0911 22:58:16.293298 2941049 AriaExecutor.h:535] Worker 14 latency: 1971 us (50%) 2567 us (75%) 2962 us (95%) 3034 us (99%).
I0911 22:58:16.345218 2941049 AriaExecutor.h:535] Worker 15 latency: 1958 us (50%) 2560 us (75%) 2960 us (95%) 3032 us (99%).
I0911 22:58:16.398296 2941049 Coordinator.h:177] total commit: 798375
I0911 22:58:17.398420 2941049 Coordinator.h:192] Coordinator exits.
