I0911 23:55:46.478931 2952086 Database.h:65] ycsb initialization finished in 172 milliseconds.
I0911 23:55:46.479053 2952086 Coordinator.h:30] Coordinator initializes 16 workers.
I0911 23:55:46.494516 2952086 Coordinator.h:77] Coordinator starts to run 17 workers.
I0911 23:55:46.494580 2952106 AriaExecutor.h:82] AriaExecutor 0 started. 
I0911 23:55:46.494603 2952107 AriaExecutor.h:82] AriaExecutor 1 started. 
I0911 23:55:46.494648 2952108 AriaExecutor.h:82] AriaExecutor 2 started. 
I0911 23:55:46.494697 2952109 AriaExecutor.h:82] AriaExecutor 3 started. 
I0911 23:55:46.494721 2952110 AriaExecutor.h:82] AriaExecutor 4 started. 
I0911 23:55:46.494766 2952111 AriaExecutor.h:82] AriaExecutor 5 started. 
I0911 23:55:46.494808 2952112 AriaExecutor.h:82] AriaExecutor 6 started. 
I0911 23:55:46.494853 2952113 AriaExecutor.h:82] AriaExecutor 7 started. 
I0911 23:55:46.494886 2952114 AriaExecutor.h:82] AriaExecutor 8 started. 
I0911 23:55:46.494936 2952115 AriaExecutor.h:82] AriaExecutor 9 started. 
I0911 23:55:46.494973 2952116 AriaExecutor.h:82] AriaExecutor 10 started. 
I0911 23:55:46.495014 2952117 AriaExecutor.h:82] AriaExecutor 11 started. 
I0911 23:55:46.495048 2952118 AriaExecutor.h:82] AriaExecutor 12 started. 
I0911 23:55:46.495091 2952119 AriaExecutor.h:82] AriaExecutor 13 started. 
I0911 23:55:46.495126 2952120 AriaExecutor.h:82] AriaExecutor 14 started. 
I0911 23:55:46.495177 2952121 AriaExecutor.h:82] AriaExecutor 15 started. 
I0911 23:55:46.495208 2952122 Manager.h:224] Manager(worker id = 16) on the coordinator node started.
I0911 23:55:47.495263 2952086 Coordinator.h:126] commit: 1264087 abort: 60969 (0/60969/0), network size: 0, avg network size: 0, si_in_serializable: 0 0 %, local: 0 %
I0911 23:55:48.495381 2952086 Coordinator.h:126] commit: 1250638 abort: 60082 (0/60082/0), network size: 0, avg network size: 0, si_in_serializable: 0 0 %, local: 0 %
I0911 23:55:49.495476 2952086 Coordinator.h:126] commit: 1214111 abort: 58543 (0/58543/0), network size: 0, avg network size: 0, si_in_serializable: 0 0 %, local: 0 %
I0911 23:55:50.495563 2952086 Coordinator.h:126] commit: 1218029 abort: 59076 (0/59076/0), network size: 0, avg network size: 0, si_in_serializable: 0 0 %, local: 0 %
I0911 23:55:51.495664 2952086 Coordinator.h:126] commit: 1267862 abort: 61290 (0/61290/0), network size: 0, avg network size: 0, si_in_serializable: 0 0 %, local: 0 %
I0911 23:55:52.495745 2952086 Coordinator.h:126] commit: 1270114 abort: 61086 (0/61086/0), network size: 0, avg network size: 0, si_in_serializable: 0 0 %, local: 0 %
I0911 23:55:53.495821 2952086 Coordinator.h:126] commit: 1248013 abort: 60659 (0/60659/0), network size: 0, avg network size: 0, si_in_serializable: 0 0 %, local: 0 %
I0911 23:55:54.495894 2952086 Coordinator.h:126] commit: 1265725 abort: 61379 (0/61379/0), network size: 0, avg network size: 0, si_in_serializable: 0 0 %, local: 0 %
I0911 23:55:55.495967 2952086 Coordinator.h:126] commit: 1271828 abort: 61420 (0/61420/0), network size: 0, avg network size: 0, si_in_serializable: 0 0 %, local: 0 %
I0911 23:55:56.496039 2952086 Coordinator.h:126] commit: 1273426 abort: 61870 (0/61870/0), network size: 0, avg network size: 0, si_in_serializable: 0 0 %, local: 0 %
I0911 23:55:57.496114 2952086 Coordinator.h:126] commit: 1236299 abort: 60085 (0/60085/0), network size: 0, avg network size: 0, si_in_serializable: 0 0 %, local: 0 %
I0911 23:55:58.496193 2952086 Coordinator.h:126] commit: 1271551 abort: 61697 (0/61697/0), network size: 0, avg network size: 0, si_in_serializable: 0 0 %, local: 0 %
I0911 23:55:59.496273 2952086 Coordinator.h:126] commit: 1232752 abort: 59536 (0/59536/0), network size: 0, avg network size: 0, si_in_serializable: 0 0 %, local: 0 %
I0911 23:56:00.496367 2952086 Coordinator.h:126] commit: 1203158 abort: 58410 (0/58410/0), network size: 0, avg network size: 0, si_in_serializable: 0 0 %, local: 0 %
I0911 23:56:01.496475 2952086 Coordinator.h:126] commit: 1259685 abort: 61275 (0/61275/0), network size: 0, avg network size: 0, si_in_serializable: 0 0 %, local: 0 %
I0911 23:56:02.496562 2952086 Coordinator.h:126] commit: 1269949 abort: 61251 (0/61251/0), network size: 0, avg network size: 0, si_in_serializable: 0 0 %, local: 0 %
I0911 23:56:03.496642 2952086 Coordinator.h:126] commit: 1271681 abort: 61567 (0/61567/0), network size: 0, avg network size: 0, si_in_serializable: 0 0 %, local: 0 %
I0911 23:56:04.496721 2952086 Coordinator.h:126] commit: 1269870 abort: 61330 (0/61330/0), network size: 0, avg network size: 0, si_in_serializable: 0 0 %, local: 0 %
I0911 23:56:05.496802 2952086 Coordinator.h:126] commit: 1267975 abort: 61177 (0/61177/0), network size: 0, avg network size: 0, si_in_serializable: 0 0 %, local: 0 %
I0911 23:56:06.496881 2952086 Coordinator.h:126] commit: 1271822 abort: 61426 (0/61426/0), network size: 0, avg network size: 0, si_in_serializable: 0 0 %, local: 0 %
I0911 23:56:07.496942 2952086 Coordinator.h:126] commit: 1269647 abort: 61553 (0/61553/0), network size: 0, avg network size: 0, si_in_serializable: 0 0 %, local: 0 %
I0911 23:56:08.497023 2952086 Coordinator.h:126] commit: 1270110 abort: 61090 (0/61090/0), network size: 0, avg network size: 0, si_in_serializable: 0 0 %, local: 0 %
I0911 23:56:09.497108 2952086 Coordinator.h:126] commit: 1269821 abort: 61379 (0/61379/0), network size: 0, avg network size: 0, si_in_serializable: 0 0 %, local: 0 %
I0911 23:56:10.497195 2952086 Coordinator.h:126] commit: 1271901 abort: 61347 (0/61347/0), network size: 0, avg network size: 0, si_in_serializable: 0 0 %, local: 0 %
I0911 23:56:11.497269 2952086 Coordinator.h:126] commit: 1270001 abort: 61199 (0/61199/0), network size: 0, avg network size: 0, si_in_serializable: 0 0 %, local: 0 %
I0911 23:56:11.497280 2952086 Coordinator.h:152] average commit: 1.25547e+06 abort: 60775.4 (0/60775.4/0), network size: 0, avg network size: 0, si_in_serializable: 0 0 %, local: 0 %
I0911 23:56:11.497627 2952116 AriaExecutor.h:94] AriaExecutor 10 exits. 
I0911 23:56:11.497623 2952122 Manager.h:227] Manager(worker id = 16) on the coordinator node exits.
I0911 23:56:11.497624 2952118 AriaExecutor.h:94] AriaExecutor 12 exits. 
I0911 23:56:11.497630 2952114 AriaExecutor.h:94] AriaExecutor 8 exits. 
I0911 23:56:11.497640 2952113 AriaExecutor.h:94] AriaExecutor 7 exits. 
I0911 23:56:11.497628 2952112 AriaExecutor.h:94] AriaExecutor 6 exits. 
I0911 23:56:11.497627 2952110 AriaExecutor.h:94] AriaExecutor 4 exits. 
I0911 23:56:11.497622 2952108 AriaExecutor.h:94] AriaExecutor 2 exits. 
I0911 23:56:11.497640 2952121 AriaExecutor.h:94] AriaExecutor 15 exits. 
I0911 23:56:11.497640 2952119 AriaExecutor.h:94] AriaExecutor 13 exits. 
I0911 23:56:11.497638 2952109 AriaExecutor.h:94] AriaExecutor 3 exits. 
I0911 23:56:11.497641 2952107 AriaExecutor.h:94] AriaExecutor 1 exits. 
I0911 23:56:11.497641 2952117 AriaExecutor.h:94] AriaExecutor 11 exits. 
I0911 23:56:11.497641 2952115 AriaExecutor.h:94] AriaExecutor 9 exits. 
I0911 23:56:11.497643 2952111 AriaExecutor.h:94] AriaExecutor 5 exits. 
I0911 23:56:11.497627 2952120 AriaExecutor.h:94] AriaExecutor 14 exits. 
I0911 23:56:11.497625 2952106 AriaExecutor.h:94] AriaExecutor 0 exits. 
I0911 23:56:11.497289 2952086 AriaExecutor.h:641] Worker 0 latency: 899 us (50%) 1192 us (75%) 1424 us (95%) 1474 us (99%).
I0911 23:56:11.577082 2952086 AriaExecutor.h:641] Worker 1 latency: 896 us (50%) 1190 us (75%) 1422 us (95%) 1472 us (99%).
I0911 23:56:11.665581 2952086 AriaExecutor.h:641] Worker 2 latency: 904 us (50%) 1194 us (75%) 1424 us (95%) 1474 us (99%).
I0911 23:56:11.746199 2952086 AriaExecutor.h:641] Worker 3 latency: 897 us (50%) 1190 us (75%) 1422 us (95%) 1472 us (99%).
I0911 23:56:11.835129 2952086 AriaExecutor.h:641] Worker 4 latency: 900 us (50%) 1193 us (75%) 1425 us (95%) 1474 us (99%).
I0911 23:56:11.915798 2952086 AriaExecutor.h:641] Worker 5 latency: 894 us (50%) 1189 us (75%) 1422 us (95%) 1472 us (99%).
I0911 23:56:12.002658 2952086 AriaExecutor.h:641] Worker 6 latency: 904 us (50%) 1195 us (75%) 1425 us (95%) 1474 us (99%).
I0911 23:56:12.084204 2952086 AriaExecutor.h:641] Worker 7 latency: 897 us (50%) 1190 us (75%) 1422 us (95%) 1472 us (99%).
I0911 23:56:12.171795 2952086 AriaExecutor.h:641] Worker 8 latency: 898 us (50%) 1192 us (75%) 1424 us (95%) 1474 us (99%).
I0911 23:56:12.251602 2952086 AriaExecutor.h:641] Worker 9 latency: 894 us (50%) 1188 us (75%) 1422 us (95%) 1472 us (99%).
I0911 23:56:12.340903 2952086 AriaExecutor.h:641] Worker 10 latency: 903 us (50%) 1193 us (75%) 1424 us (95%) 1474 us (99%).
I0911 23:56:12.420315 2952086 AriaExecutor.h:641] Worker 11 latency: 896 us (50%) 1189 us (75%) 1422 us (95%) 1472 us (99%).
I0911 23:56:12.508975 2952086 AriaExecutor.h:641] Worker 12 latency: 901 us (50%) 1192 us (75%) 1424 us (95%) 1474 us (99%).
I0911 23:56:12.590090 2952086 AriaExecutor.h:641] Worker 13 latency: 893 us (50%) 1188 us (75%) 1422 us (95%) 1472 us (99%).
I0911 23:56:12.678967 2952086 AriaExecutor.h:641] Worker 14 latency: 905 us (50%) 1194 us (75%) 1424 us (95%) 1474 us (99%).
I0911 23:56:12.758369 2952086 AriaExecutor.h:641] Worker 15 latency: 897 us (50%) 1189 us (75%) 1422 us (95%) 1472 us (99%).
I0911 23:56:12.847347 2952086 Coordinator.h:177] total commit: 1.25547e+06
I0911 23:56:13.847471 2952086 Coordinator.h:192] Coordinator exits.
