I0911 22:02:42.728081 2930449 Database.h:65] ycsb initialization finished in 145 milliseconds.
I0911 22:02:42.728211 2930449 Coordinator.h:30] Coordinator initializes 16 workers.
I0911 22:02:42.743676 2930449 Coordinator.h:77] Coordinator starts to run 17 workers.
I0911 22:02:42.743736 2930469 AriaExecutor.h:82] AriaExecutor 0 started. 
I0911 22:02:42.743767 2930470 AriaExecutor.h:82] AriaExecutor 1 started. 
I0911 22:02:42.743804 2930471 AriaExecutor.h:82] AriaExecutor 2 started. 
I0911 22:02:42.743865 2930472 AriaExecutor.h:82] AriaExecutor 3 started. 
I0911 22:02:42.743878 2930473 AriaExecutor.h:82] AriaExecutor 4 started. 
I0911 22:02:42.743942 2930474 AriaExecutor.h:82] AriaExecutor 5 started. 
I0911 22:02:42.743985 2930475 AriaExecutor.h:82] AriaExecutor 6 started. 
I0911 22:02:42.744027 2930476 AriaExecutor.h:82] AriaExecutor 7 started. 
I0911 22:02:42.744072 2930477 AriaExecutor.h:82] AriaExecutor 8 started. 
I0911 22:02:42.744113 2930478 AriaExecutor.h:82] AriaExecutor 9 started. 
I0911 22:02:42.744143 2930479 AriaExecutor.h:82] AriaExecutor 10 started. 
I0911 22:02:42.744186 2930480 AriaExecutor.h:82] AriaExecutor 11 started. 
I0911 22:02:42.744218 2930481 AriaExecutor.h:82] AriaExecutor 12 started. 
I0911 22:02:42.744257 2930482 AriaExecutor.h:82] AriaExecutor 13 started. 
I0911 22:02:42.744298 2930483 AriaExecutor.h:82] AriaExecutor 14 started. 
I0911 22:02:42.744339 2930484 AriaExecutor.h:82] AriaExecutor 15 started. 
I0911 22:02:42.744375 2930485 Manager.h:224] Manager(worker id = 16) on the coordinator node started.
I0911 22:02:43.744426 2930449 Coordinator.h:126] commit: 1115229 abort: 9123 (0/9123/0), network size: 0, avg network size: 0, si_in_serializable: 0 0 %, local: 0 %
I0911 22:02:44.744522 2930449 Coordinator.h:126] commit: 1099041 abort: 8927 (0/8927/0), network size: 0, avg network size: 0, si_in_serializable: 0 0 %, local: 0 %
I0911 22:02:45.744587 2930449 Coordinator.h:126] commit: 1072500 abort: 8844 (0/8844/0), network size: 0, avg network size: 0, si_in_serializable: 0 0 %, local: 0 %
I0911 22:02:46.744658 2930449 Coordinator.h:126] commit: 1076483 abort: 8957 (0/8957/0), network size: 0, avg network size: 0, si_in_serializable: 0 0 %, local: 0 %
I0911 22:02:47.744760 2930449 Coordinator.h:126] commit: 1117250 abort: 9150 (0/9150/0), network size: 0, avg network size: 0, si_in_serializable: 0 0 %, local: 0 %
I0911 22:02:48.744828 2930449 Coordinator.h:126] commit: 1123488 abort: 9056 (0/9056/0), network size: 0, avg network size: 0, si_in_serializable: 0 0 %, local: 0 %
I0911 22:02:49.744892 2930449 Coordinator.h:126] commit: 1123308 abort: 9236 (0/9236/0), network size: 0, avg network size: 0, si_in_serializable: 0 0 %, local: 0 %
I0911 22:02:50.744962 2930449 Coordinator.h:126] commit: 1103211 abort: 8953 (0/8953/0), network size: 0, avg network size: 0, si_in_serializable: 0 0 %, local: 0 %
I0911 22:02:51.745040 2930449 Coordinator.h:126] commit: 1121129 abort: 9267 (0/9267/0), network size: 0, avg network size: 0, si_in_serializable: 0 0 %, local: 0 %
I0911 22:02:52.745105 2930449 Coordinator.h:126] commit: 1100871 abort: 9145 (0/9145/0), network size: 0, avg network size: 0, si_in_serializable: 0 0 %, local: 0 %
I0911 22:02:53.745170 2930449 Coordinator.h:126] commit: 1092856 abort: 8968 (0/8968/0), network size: 0, avg network size: 0, si_in_serializable: 0 0 %, local: 0 %
I0911 22:02:54.745234 2930449 Coordinator.h:126] commit: 1109152 abort: 9056 (0/9056/0), network size: 0, avg network size: 0, si_in_serializable: 0 0 %, local: 0 %
I0911 22:02:55.745309 2930449 Coordinator.h:126] commit: 1123222 abort: 9322 (0/9322/0), network size: 0, avg network size: 0, si_in_serializable: 0 0 %, local: 0 %
I0911 22:02:56.745398 2930449 Coordinator.h:126] commit: 1123318 abort: 9226 (0/9226/0), network size: 0, avg network size: 0, si_in_serializable: 0 0 %, local: 0 %
I0911 22:02:57.745469 2930449 Coordinator.h:126] commit: 1123326 abort: 9218 (0/9218/0), network size: 0, avg network size: 0, si_in_serializable: 0 0 %, local: 0 %
I0911 22:02:58.745536 2930449 Coordinator.h:126] commit: 1076469 abort: 8971 (0/8971/0), network size: 0, avg network size: 0, si_in_serializable: 0 0 %, local: 0 %
I0911 22:02:59.745610 2930449 Coordinator.h:126] commit: 1123341 abort: 9203 (0/9203/0), network size: 0, avg network size: 0, si_in_serializable: 0 0 %, local: 0 %
I0911 22:03:00.745675 2930449 Coordinator.h:126] commit: 1123365 abort: 9179 (0/9179/0), network size: 0, avg network size: 0, si_in_serializable: 0 0 %, local: 0 %
I0911 22:03:01.745738 2930449 Coordinator.h:126] commit: 1123306 abort: 9238 (0/9238/0), network size: 0, avg network size: 0, si_in_serializable: 0 0 %, local: 0 %
I0911 22:03:02.745801 2930449 Coordinator.h:126] commit: 1123460 abort: 9084 (0/9084/0), network size: 0, avg network size: 0, si_in_serializable: 0 0 %, local: 0 %
I0911 22:03:03.745880 2930449 Coordinator.h:126] commit: 1123061 abort: 9483 (0/9483/0), network size: 0, avg network size: 0, si_in_serializable: 0 0 %, local: 0 %
I0911 22:03:04.745947 2930449 Coordinator.h:126] commit: 1123236 abort: 9308 (0/9308/0), network size: 0, avg network size: 0, si_in_serializable: 0 0 %, local: 0 %
I0911 22:03:05.746012 2930449 Coordinator.h:126] commit: 1098977 abort: 8991 (0/8991/0), network size: 0, avg network size: 0, si_in_serializable: 0 0 %, local: 0 %
I0911 22:03:06.746083 2930449 Coordinator.h:126] commit: 1123256 abort: 9288 (0/9288/0), network size: 0, avg network size: 0, si_in_serializable: 0 0 %, local: 0 %
I0911 22:03:07.746160 2930449 Coordinator.h:126] commit: 1096957 abort: 8963 (0/8963/0), network size: 0, avg network size: 0, si_in_serializable: 0 0 %, local: 0 %
I0911 22:03:07.746171 2930449 Coordinator.h:152] average commit: 1.11418e+06 abort: 9146.5 (0/9146.5/0), network size: 0, avg network size: 0, si_in_serializable: 0 0 %, local: 0 %
I0911 22:03:07.746495 2930469 AriaExecutor.h:94] AriaExecutor 0 exits. 
I0911 22:03:07.746502 2930475 AriaExecutor.h:94] AriaExecutor 6 exits. 
I0911 22:03:07.746498 2930471 AriaExecutor.h:94] AriaExecutor 2 exits. 
I0911 22:03:07.746500 2930485 Manager.h:227] Manager(worker id = 16) on the coordinator node exits.
I0911 22:03:07.746501 2930481 AriaExecutor.h:94] AriaExecutor 12 exits. 
I0911 22:03:07.746502 2930483 AriaExecutor.h:94] AriaExecutor 14 exits. 
I0911 22:03:07.746515 2930470 AriaExecutor.h:94] AriaExecutor 1 exits. 
I0911 22:03:07.746512 2930484 AriaExecutor.h:94] AriaExecutor 15 exits. 
I0911 22:03:07.746500 2930473 AriaExecutor.h:94] AriaExecutor 4 exits. 
I0911 22:03:07.746512 2930482 AriaExecutor.h:94] AriaExecutor 13 exits. 
I0911 22:03:07.746498 2930479 AriaExecutor.h:94] AriaExecutor 10 exits. 
I0911 22:03:07.746513 2930476 AriaExecutor.h:94] AriaExecutor 7 exits. 
I0911 22:03:07.746500 2930477 AriaExecutor.h:94] AriaExecutor 8 exits. 
I0911 22:03:07.746513 2930474 AriaExecutor.h:94] AriaExecutor 5 exits. 
I0911 22:03:07.746512 2930480 AriaExecutor.h:94] AriaExecutor 11 exits. 
I0911 22:03:07.746516 2930472 AriaExecutor.h:94] AriaExecutor 3 exits. 
I0911 22:03:07.746513 2930478 AriaExecutor.h:94] AriaExecutor 9 exits. 
I0911 22:03:07.746181 2930449 AriaExecutor.h:535] Worker 0 latency: 1130 us (50%) 1428 us (75%) 1667 us (95%) 1719 us (99%).
I0911 22:03:07.812412 2930449 AriaExecutor.h:535] Worker 1 latency: 1130 us (50%) 1427 us (75%) 1667 us (95%) 1718 us (99%).
I0911 22:03:07.879894 2930449 AriaExecutor.h:535] Worker 2 latency: 1136 us (50%) 1431 us (75%) 1668 us (95%) 1719 us (99%).
I0911 22:03:07.947116 2930449 AriaExecutor.h:535] Worker 3 latency: 1130 us (50%) 1428 us (75%) 1667 us (95%) 1718 us (99%).
I0911 22:03:08.015220 2930449 AriaExecutor.h:535] Worker 4 latency: 1132 us (50%) 1429 us (75%) 1668 us (95%) 1719 us (99%).
I0911 22:03:08.082798 2930449 AriaExecutor.h:535] Worker 5 latency: 1129 us (50%) 1427 us (75%) 1666 us (95%) 1718 us (99%).
I0911 22:03:08.150110 2930449 AriaExecutor.h:535] Worker 6 latency: 1135 us (50%) 1431 us (75%) 1668 us (95%) 1719 us (99%).
I0911 22:03:08.216580 2930449 AriaExecutor.h:535] Worker 7 latency: 1132 us (50%) 1429 us (75%) 1667 us (95%) 1719 us (99%).
I0911 22:03:08.283461 2930449 AriaExecutor.h:535] Worker 8 latency: 1131 us (50%) 1428 us (75%) 1667 us (95%) 1719 us (99%).
I0911 22:03:08.351050 2930449 AriaExecutor.h:535] Worker 9 latency: 1129 us (50%) 1426 us (75%) 1666 us (95%) 1718 us (99%).
I0911 22:03:08.419337 2930449 AriaExecutor.h:535] Worker 10 latency: 1135 us (50%) 1430 us (75%) 1668 us (95%) 1719 us (99%).
I0911 22:03:08.486806 2930449 AriaExecutor.h:535] Worker 11 latency: 1130 us (50%) 1427 us (75%) 1667 us (95%) 1719 us (99%).
I0911 22:03:08.553900 2930449 AriaExecutor.h:535] Worker 12 latency: 1133 us (50%) 1429 us (75%) 1667 us (95%) 1719 us (99%).
I0911 22:03:08.621798 2930449 AriaExecutor.h:535] Worker 13 latency: 1127 us (50%) 1425 us (75%) 1666 us (95%) 1718 us (99%).
I0911 22:03:08.690200 2930449 AriaExecutor.h:535] Worker 14 latency: 1134 us (50%) 1430 us (75%) 1667 us (95%) 1719 us (99%).
I0911 22:03:08.757592 2930449 AriaExecutor.h:535] Worker 15 latency: 1131 us (50%) 1428 us (75%) 1666 us (95%) 1718 us (99%).
I0911 22:03:08.825680 2930449 Coordinator.h:177] total commit: 1.11418e+06
I0911 22:03:09.825793 2930449 Coordinator.h:192] Coordinator exits.
