I0911 22:20:30.432749 2933887 Database.h:65] ycsb initialization finished in 146 milliseconds.
I0911 22:20:30.432862 2933887 Coordinator.h:30] Coordinator initializes 16 workers.
I0911 22:20:30.440660 2933887 Coordinator.h:77] Coordinator starts to run 17 workers.
I0911 22:20:30.440708 2933907 AriaExecutor.h:82] AriaExecutor 0 started. 
I0911 22:20:30.440743 2933908 AriaExecutor.h:82] AriaExecutor 1 started. 
I0911 22:20:30.440778 2933909 AriaExecutor.h:82] AriaExecutor 2 started. 
I0911 22:20:30.440832 2933910 AriaExecutor.h:82] AriaExecutor 3 started. 
I0911 22:20:30.440857 2933911 AriaExecutor.h:82] AriaExecutor 4 started. 
I0911 22:20:30.440902 2933912 AriaExecutor.h:82] AriaExecutor 5 started. 
I0911 22:20:30.440946 2933913 AriaExecutor.h:82] AriaExecutor 6 started. 
I0911 22:20:30.440997 2933914 AriaExecutor.h:82] AriaExecutor 7 started. 
I0911 22:20:30.441031 2933915 AriaExecutor.h:82] AriaExecutor 8 started. 
I0911 22:20:30.441071 2933916 AriaExecutor.h:82] AriaExecutor 9 started. 
I0911 22:20:30.441110 2933917 AriaExecutor.h:82] AriaExecutor 10 started. 
I0911 22:20:30.441155 2933918 AriaExecutor.h:82] AriaExecutor 11 started. 
I0911 22:20:30.441190 2933919 AriaExecutor.h:82] AriaExecutor 12 started. 
I0911 22:20:30.441234 2933920 AriaExecutor.h:82] AriaExecutor 13 started. 
I0911 22:20:30.441267 2933921 AriaExecutor.h:82] AriaExecutor 14 started. 
I0911 22:20:30.441305 2933922 AriaExecutor.h:82] AriaExecutor 15 started. 
I0911 22:20:30.441349 2933923 Manager.h:224] Manager(worker id = 16) on the coordinator node started.
I0911 22:20:31.441398 2933887 Coordinator.h:126] commit: 1323630 abort: 1426 (0/1426/0), network size: 0, avg network size: 0, si_in_serializable: 0 0 %, local: 0 %
I0911 22:20:32.441509 2933887 Coordinator.h:126] commit: 1313388 abort: 1428 (0/1428/0), network size: 0, avg network size: 0, si_in_serializable: 0 0 %, local: 0 %
I0911 22:20:33.441586 2933887 Coordinator.h:126] commit: 1269522 abort: 1262 (0/1262/0), network size: 0, avg network size: 0, si_in_serializable: 0 0 %, local: 0 %
I0911 22:20:34.441659 2933887 Coordinator.h:126] commit: 1281702 abort: 1370 (0/1370/0), network size: 0, avg network size: 0, si_in_serializable: 0 0 %, local: 0 %
I0911 22:20:35.441752 2933887 Coordinator.h:126] commit: 1325728 abort: 1376 (0/1376/0), network size: 0, avg network size: 0, si_in_serializable: 0 0 %, local: 0 %
I0911 22:20:36.441838 2933887 Coordinator.h:126] commit: 1334877 abort: 1443 (0/1443/0), network size: 0, avg network size: 0, si_in_serializable: 0 0 %, local: 0 %
I0911 22:20:37.441910 2933887 Coordinator.h:126] commit: 1321611 abort: 1397 (0/1397/0), network size: 0, avg network size: 0, si_in_serializable: 0 0 %, local: 0 %
I0911 22:20:38.441983 2933887 Coordinator.h:126] commit: 1329785 abort: 1415 (0/1415/0), network size: 0, avg network size: 0, si_in_serializable: 0 0 %, local: 0 %
I0911 22:20:39.442054 2933887 Coordinator.h:126] commit: 1332846 abort: 1426 (0/1426/0), network size: 0, avg network size: 0, si_in_serializable: 0 0 %, local: 0 %
I0911 22:20:40.442131 2933887 Coordinator.h:126] commit: 1334843 abort: 1477 (0/1477/0), network size: 0, avg network size: 0, si_in_serializable: 0 0 %, local: 0 %
I0911 22:20:41.442209 2933887 Coordinator.h:126] commit: 1300056 abort: 1448 (0/1448/0), network size: 0, avg network size: 0, si_in_serializable: 0 0 %, local: 0 %
I0911 22:20:42.442283 2933887 Coordinator.h:126] commit: 1294965 abort: 1419 (0/1419/0), network size: 0, avg network size: 0, si_in_serializable: 0 0 %, local: 0 %
I0911 22:20:43.442356 2933887 Coordinator.h:126] commit: 1297928 abort: 1471 (0/1471/0), network size: 0, avg network size: 0, si_in_serializable: 0 0 %, local: 0 %
I0911 22:20:44.442452 2933887 Coordinator.h:126] commit: 1322683 abort: 1406 (0/1406/0), network size: 0, avg network size: 0, si_in_serializable: 0 0 %, local: 0 %
I0911 22:20:45.442533 2933887 Coordinator.h:126] commit: 1335944 abort: 1400 (0/1400/0), network size: 0, avg network size: 0, si_in_serializable: 0 0 %, local: 0 %
I0911 22:20:46.442605 2933887 Coordinator.h:126] commit: 1330708 abort: 1516 (0/1516/0), network size: 0, avg network size: 0, si_in_serializable: 0 0 %, local: 0 %
I0911 22:20:47.442677 2933887 Coordinator.h:126] commit: 1333796 abort: 1500 (0/1500/0), network size: 0, avg network size: 0, si_in_serializable: 0 0 %, local: 0 %
I0911 22:20:48.442747 2933887 Coordinator.h:126] commit: 1332813 abort: 1459 (0/1459/0), network size: 0, avg network size: 0, si_in_serializable: 0 0 %, local: 0 %
I0911 22:20:49.442822 2933887 Coordinator.h:126] commit: 1334859 abort: 1461 (0/1461/0), network size: 0, avg network size: 0, si_in_serializable: 0 0 %, local: 0 %
I0911 22:20:50.442893 2933887 Coordinator.h:126] commit: 1305182 abort: 1442 (0/1442/0), network size: 0, avg network size: 0, si_in_serializable: 0 0 %, local: 0 %
I0911 22:20:51.442963 2933887 Coordinator.h:126] commit: 1307209 abort: 1463 (0/1463/0), network size: 0, avg network size: 0, si_in_serializable: 0 0 %, local: 0 %
I0911 22:20:52.443053 2933887 Coordinator.h:126] commit: 1329768 abort: 1434 (0/1434/0), network size: 0, avg network size: 0, si_in_serializable: 0 0 %, local: 0 %
I0911 22:20:53.443118 2933887 Coordinator.h:126] commit: 1336865 abort: 1501 (0/1501/0), network size: 0, avg network size: 0, si_in_serializable: 0 0 %, local: 0 %
I0911 22:20:54.443179 2933887 Coordinator.h:126] commit: 1335905 abort: 1439 (0/1439/0), network size: 0, avg network size: 0, si_in_serializable: 0 0 %, local: 0 %
I0911 22:20:55.443241 2933887 Coordinator.h:126] commit: 1336687 abort: 1491 (0/1491/0), network size: 0, avg network size: 0, si_in_serializable: 0 0 %, local: 0 %
I0911 22:20:55.443250 2933887 Coordinator.h:152] average commit: 1.31889e+06 abort: 1452.2 (0/1452.2/0), network size: 0, avg network size: 0, si_in_serializable: 0 0 %, local: 0 %
I0911 22:20:55.444021 2933921 AriaExecutor.h:94] AriaExecutor 14 exits. 
I0911 22:20:55.444029 2933909 AriaExecutor.h:94] AriaExecutor 2 exits. 
I0911 22:20:55.444026 2933913 AriaExecutor.h:94] AriaExecutor 6 exits. 
I0911 22:20:55.444027 2933923 Manager.h:227] Manager(worker id = 16) on the coordinator node exits.
I0911 22:20:55.444041 2933920 AriaExecutor.h:94] AriaExecutor 13 exits. 
I0911 22:20:55.444028 2933915 AriaExecutor.h:94] AriaExecutor 8 exits. 
I0911 22:20:55.444041 2933922 AriaExecutor.h:94] AriaExecutor 15 exits. 
I0911 22:20:55.444031 2933917 AriaExecutor.h:94] AriaExecutor 10 exits. 
I0911 22:20:55.444041 2933916 AriaExecutor.h:94] AriaExecutor 9 exits. 
I0911 22:20:55.444041 2933910 AriaExecutor.h:94] AriaExecutor 3 exits. 
I0911 22:20:55.444046 2933914 AriaExecutor.h:94] AriaExecutor 7 exits. 
I0911 22:20:55.444046 2933911 AriaExecutor.h:94] AriaExecutor 4 exits. 
I0911 22:20:55.444046 2933908 AriaExecutor.h:94] AriaExecutor 1 exits. 
I0911 22:20:55.444048 2933912 AriaExecutor.h:94] AriaExecutor 5 exits. 
I0911 22:20:55.444046 2933918 AriaExecutor.h:94] AriaExecutor 11 exits. 
I0911 22:20:55.444027 2933907 AriaExecutor.h:94] AriaExecutor 0 exits. 
I0911 22:20:55.444031 2933919 AriaExecutor.h:94] AriaExecutor 12 exits. 
I0911 22:20:55.443259 2933887 AriaExecutor.h:535] Worker 0 latency: 437 us (50%) 587 us (75%) 709 us (95%) 736 us (99%).
I0911 22:20:55.522181 2933887 AriaExecutor.h:535] Worker 1 latency: 435 us (50%) 586 us (75%) 708 us (95%) 736 us (99%).
I0911 22:20:55.607436 2933887 AriaExecutor.h:535] Worker 2 latency: 439 us (50%) 589 us (75%) 709 us (95%) 736 us (99%).
I0911 22:20:55.687781 2933887 AriaExecutor.h:535] Worker 3 latency: 435 us (50%) 586 us (75%) 708 us (95%) 736 us (99%).
I0911 22:20:55.775024 2933887 AriaExecutor.h:535] Worker 4 latency: 437 us (50%) 587 us (75%) 709 us (95%) 736 us (99%).
I0911 22:20:55.854408 2933887 AriaExecutor.h:535] Worker 5 latency: 435 us (50%) 585 us (75%) 708 us (95%) 736 us (99%).
I0911 22:20:55.942001 2933887 AriaExecutor.h:535] Worker 6 latency: 438 us (50%) 588 us (75%) 709 us (95%) 736 us (99%).
I0911 22:20:56.020886 2933887 AriaExecutor.h:535] Worker 7 latency: 436 us (50%) 586 us (75%) 708 us (95%) 736 us (99%).
I0911 22:20:56.108340 2933887 AriaExecutor.h:535] Worker 8 latency: 436 us (50%) 586 us (75%) 709 us (95%) 736 us (99%).
I0911 22:20:56.188898 2933887 AriaExecutor.h:535] Worker 9 latency: 434 us (50%) 585 us (75%) 708 us (95%) 735 us (99%).
I0911 22:20:56.275750 2933887 AriaExecutor.h:535] Worker 10 latency: 438 us (50%) 587 us (75%) 709 us (95%) 736 us (99%).
I0911 22:20:56.355718 2933887 AriaExecutor.h:535] Worker 11 latency: 435 us (50%) 585 us (75%) 708 us (95%) 736 us (99%).
I0911 22:20:56.443627 2933887 AriaExecutor.h:535] Worker 12 latency: 438 us (50%) 587 us (75%) 709 us (95%) 736 us (99%).
I0911 22:20:56.522079 2933887 AriaExecutor.h:535] Worker 13 latency: 433 us (50%) 584 us (75%) 708 us (95%) 735 us (99%).
I0911 22:20:56.610028 2933887 AriaExecutor.h:535] Worker 14 latency: 437 us (50%) 587 us (75%) 709 us (95%) 736 us (99%).
I0911 22:20:56.689353 2933887 AriaExecutor.h:535] Worker 15 latency: 436 us (50%) 586 us (75%) 708 us (95%) 736 us (99%).
I0911 22:20:56.776669 2933887 Coordinator.h:177] total commit: 1.31889e+06
I0911 22:20:57.776785 2933887 Coordinator.h:192] Coordinator exits.
