I1126 15:00:32.942847 988474 Database.h:65] ycsb initialization finished in 30 milliseconds.
I1126 15:00:32.942948 988474 Coordinator.h:30] Coordinator initializes 12 workers.
I1126 15:00:32.949755 988474 Coordinator.h:77] Coordinator starts to run 13 workers.
I1126 15:00:32.949807 988490 AriaExecutor.h:91] AriaExecutor 0 started. 
I1126 15:00:32.949834 988491 AriaExecutor.h:91] AriaExecutor 1 started. 
I1126 15:00:32.949874 988492 AriaExecutor.h:91] AriaExecutor 2 started. 
I1126 15:00:32.949913 988493 AriaExecutor.h:91] AriaExecutor 3 started. 
I1126 15:00:32.949992 988495 AriaExecutor.h:91] AriaExecutor 5 started. 
I1126 15:00:32.950031 988496 AriaExecutor.h:91] AriaExecutor 6 started. 
I1126 15:00:32.950073 988497 AriaExecutor.h:91] AriaExecutor 7 started. 
I1126 15:00:32.950106 988498 AriaExecutor.h:91] AriaExecutor 8 started. 
I1126 15:00:32.950146 988499 AriaExecutor.h:91] AriaExecutor 9 started. 
I1126 15:00:32.950193 988500 AriaExecutor.h:91] AriaExecutor 10 started. 
I1126 15:00:32.950237 988501 AriaExecutor.h:91] AriaExecutor 11 started. 
I1126 15:00:32.950268 988494 AriaExecutor.h:91] AriaExecutor 4 started. 
I1126 15:00:32.950269 988502 Manager.h:224] Manager(worker id = 12) on the coordinator node started.
I1126 15:00:33.950338 988474 Coordinator.h:126] commit: 431382 abort: 1018618 (0/1018618/0), network size: 0, avg network size: 0, si_in_serializable: 0 0 %, local: 0 %
I1126 15:00:34.950457 988474 Coordinator.h:126] commit: 425875 abort: 1004125 (0/1004125/0), network size: 0, avg network size: 0, si_in_serializable: 0 0 %, local: 0 %
I1126 15:00:35.950585 988474 Coordinator.h:126] commit: 431355 abort: 1018645 (0/1018645/0), network size: 0, avg network size: 0, si_in_serializable: 0 0 %, local: 0 %
I1126 15:00:36.950711 988474 Coordinator.h:126] commit: 434946 abort: 1025054 (0/1025054/0), network size: 0, avg network size: 0, si_in_serializable: 0 0 %, local: 0 %
I1126 15:00:37.950807 988474 Coordinator.h:126] commit: 435242 abort: 1024758 (0/1024758/0), network size: 0, avg network size: 0, si_in_serializable: 0 0 %, local: 0 %
I1126 15:00:38.950892 988474 Coordinator.h:126] commit: 428298 abort: 1011702 (0/1011702/0), network size: 0, avg network size: 0, si_in_serializable: 0 0 %, local: 0 %
I1126 15:00:39.950999 988474 Coordinator.h:126] commit: 431975 abort: 1018025 (0/1018025/0), network size: 0, avg network size: 0, si_in_serializable: 0 0 %, local: 0 %
I1126 15:00:40.951109 988474 Coordinator.h:126] commit: 429734 abort: 1010266 (0/1010266/0), network size: 0, avg network size: 0, si_in_serializable: 0 0 %, local: 0 %
I1126 15:00:41.951215 988474 Coordinator.h:126] commit: 435997 abort: 1024003 (0/1024003/0), network size: 0, avg network size: 0, si_in_serializable: 0 0 %, local: 0 %
I1126 15:00:42.951299 988474 Coordinator.h:126] commit: 435513 abort: 1024487 (0/1024487/0), network size: 0, avg network size: 0, si_in_serializable: 0 0 %, local: 0 %
I1126 15:00:43.951377 988474 Coordinator.h:126] commit: 429605 abort: 1010464 (0/1010464/0), network size: 0, avg network size: 0, si_in_serializable: 0 0 %, local: 0 %
I1126 15:00:44.951454 988474 Coordinator.h:126] commit: 435024 abort: 1024907 (0/1024907/0), network size: 0, avg network size: 0, si_in_serializable: 0 0 %, local: 0 %
I1126 15:00:45.951534 988474 Coordinator.h:126] commit: 434427 abort: 1025573 (0/1025573/0), network size: 0, avg network size: 0, si_in_serializable: 0 0 %, local: 0 %
I1126 15:00:46.951632 988474 Coordinator.h:126] commit: 435188 abort: 1024812 (0/1024812/0), network size: 0, avg network size: 0, si_in_serializable: 0 0 %, local: 0 %
I1126 15:00:47.951735 988474 Coordinator.h:126] commit: 417204 abort: 982796 (0/982796/0), network size: 0, avg network size: 0, si_in_serializable: 0 0 %, local: 0 %
I1126 15:00:48.951819 988474 Coordinator.h:126] commit: 433850 abort: 1026150 (0/1026150/0), network size: 0, avg network size: 0, si_in_serializable: 0 0 %, local: 0 %
I1126 15:00:49.951893 988474 Coordinator.h:126] commit: 434251 abort: 1025749 (0/1025749/0), network size: 0, avg network size: 0, si_in_serializable: 0 0 %, local: 0 %
I1126 15:00:50.951973 988474 Coordinator.h:126] commit: 435030 abort: 1024970 (0/1024970/0), network size: 0, avg network size: 0, si_in_serializable: 0 0 %, local: 0 %
I1126 15:00:51.952083 988474 Coordinator.h:126] commit: 431892 abort: 1018108 (0/1018108/0), network size: 0, avg network size: 0, si_in_serializable: 0 0 %, local: 0 %
I1126 15:00:52.952179 988474 Coordinator.h:126] commit: 434607 abort: 1025393 (0/1025393/0), network size: 0, avg network size: 0, si_in_serializable: 0 0 %, local: 0 %
I1126 15:00:53.952271 988474 Coordinator.h:126] commit: 434502 abort: 1025498 (0/1025498/0), network size: 0, avg network size: 0, si_in_serializable: 0 0 %, local: 0 %
I1126 15:00:54.952369 988474 Coordinator.h:126] commit: 434200 abort: 1025800 (0/1025800/0), network size: 0, avg network size: 0, si_in_serializable: 0 0 %, local: 0 %
I1126 15:00:55.952462 988474 Coordinator.h:126] commit: 432571 abort: 1017429 (0/1017429/0), network size: 0, avg network size: 0, si_in_serializable: 0 0 %, local: 0 %
I1126 15:00:56.952569 988474 Coordinator.h:126] commit: 434538 abort: 1025462 (0/1025462/0), network size: 0, avg network size: 0, si_in_serializable: 0 0 %, local: 0 %
I1126 15:00:57.952669 988474 Coordinator.h:126] commit: 429291 abort: 1010709 (0/1010709/0), network size: 0, avg network size: 0, si_in_serializable: 0 0 %, local: 0 %
I1126 15:00:57.952701 988474 Coordinator.h:152] average commit: 432108 abort: 1.01889e+06 (0/1.01889e+06/0), network size: 0, avg network size: 0, si_in_serializable: 0 0 %, local: 0 %
I1126 15:00:57.957667 988498 AriaExecutor.h:103] AriaExecutor 8 exits. 
I1126 15:00:57.957667 988502 Manager.h:227] Manager(worker id = 12) on the coordinator node exits.
I1126 15:00:57.957671 988490 AriaExecutor.h:103] AriaExecutor 0 exits. 
I1126 15:00:57.957669 988492 AriaExecutor.h:103] AriaExecutor 2 exits. 
I1126 15:00:57.957670 988500 AriaExecutor.h:103] AriaExecutor 10 exits. 
I1126 15:00:57.957672 988496 AriaExecutor.h:103] AriaExecutor 6 exits. 
I1126 15:00:57.957667 988494 AriaExecutor.h:103] AriaExecutor 4 exits. 
I1126 15:00:57.957680 988491 AriaExecutor.h:103] AriaExecutor 1 exits. 
I1126 15:00:57.957681 988497 AriaExecutor.h:103] AriaExecutor 7 exits. 
I1126 15:00:57.957681 988501 AriaExecutor.h:103] AriaExecutor 11 exits. 
I1126 15:00:57.957681 988493 AriaExecutor.h:103] AriaExecutor 3 exits. 
I1126 15:00:57.957681 988495 AriaExecutor.h:103] AriaExecutor 5 exits. 
I1126 15:00:57.957681 988499 AriaExecutor.h:103] AriaExecutor 9 exits. 
I1126 15:00:57.952710 988474 AriaExecutor.h:649] Worker 0 latency: 5778 us (50%) 6197 us (75%) 6416 us (95%) 6497 us (99%).
I1126 15:00:57.992128 988474 AriaExecutor.h:649] Worker 1 latency: 5770 us (50%) 6193 us (75%) 6414 us (95%) 6495 us (99%).
I1126 15:00:58.035620 988474 AriaExecutor.h:649] Worker 2 latency: 5782 us (50%) 6199 us (75%) 6415 us (95%) 6494 us (99%).
I1126 15:00:58.074692 988474 AriaExecutor.h:649] Worker 3 latency: 5775 us (50%) 6197 us (75%) 6416 us (95%) 6497 us (99%).
I1126 15:00:58.118350 988474 AriaExecutor.h:649] Worker 4 latency: 5773 us (50%) 6195 us (75%) 6414 us (95%) 6494 us (99%).
I1126 15:00:58.157217 988474 AriaExecutor.h:649] Worker 5 latency: 5776 us (50%) 6195 us (75%) 6414 us (95%) 6495 us (99%).
I1126 15:00:58.200057 988474 AriaExecutor.h:649] Worker 6 latency: 5785 us (50%) 6199 us (75%) 6415 us (95%) 6496 us (99%).
I1126 15:00:58.239070 988474 AriaExecutor.h:649] Worker 7 latency: 5776 us (50%) 6197 us (75%) 6415 us (95%) 6496 us (99%).
I1126 15:00:58.281555 988474 AriaExecutor.h:649] Worker 8 latency: 5778 us (50%) 6197 us (75%) 6415 us (95%) 6497 us (99%).
I1126 15:00:58.320829 988474 AriaExecutor.h:649] Worker 9 latency: 5776 us (50%) 6196 us (75%) 6415 us (95%) 6497 us (99%).
I1126 15:00:58.362877 988474 AriaExecutor.h:649] Worker 10 latency: 5780 us (50%) 6197 us (75%) 6414 us (95%) 6496 us (99%).
I1126 15:00:58.401906 988474 AriaExecutor.h:649] Worker 11 latency: 5774 us (50%) 6196 us (75%) 6415 us (95%) 6496 us (99%).
I1126 15:00:58.444423 988474 Coordinator.h:177] total commit: 432108
I1126 15:00:59.444535 988474 Coordinator.h:192] Coordinator exits.
