I0911 23:15:36.367905 2944583 Database.h:65] ycsb initialization finished in 145 milliseconds.
I0911 23:15:36.368016 2944583 Coordinator.h:30] Coordinator initializes 16 workers.
I0911 23:15:36.383246 2944583 Coordinator.h:77] Coordinator starts to run 17 workers.
I0911 23:15:36.383306 2944603 AriaExecutor.h:82] AriaExecutor 0 started. 
I0911 23:15:36.383339 2944604 AriaExecutor.h:82] AriaExecutor 1 started. 
I0911 23:15:36.383384 2944605 AriaExecutor.h:82] AriaExecutor 2 started. 
I0911 23:15:36.383435 2944606 AriaExecutor.h:82] AriaExecutor 3 started. 
I0911 23:15:36.383453 2944607 AriaExecutor.h:82] AriaExecutor 4 started. 
I0911 23:15:36.383502 2944608 AriaExecutor.h:82] AriaExecutor 5 started. 
I0911 23:15:36.383534 2944609 AriaExecutor.h:82] AriaExecutor 6 started. 
I0911 23:15:36.383590 2944610 AriaExecutor.h:82] AriaExecutor 7 started. 
I0911 23:15:36.383625 2944611 AriaExecutor.h:82] AriaExecutor 8 started. 
I0911 23:15:36.383677 2944612 AriaExecutor.h:82] AriaExecutor 9 started. 
I0911 23:15:36.383709 2944613 AriaExecutor.h:82] AriaExecutor 10 started. 
I0911 23:15:36.383749 2944614 AriaExecutor.h:82] AriaExecutor 11 started. 
I0911 23:15:36.383785 2944615 AriaExecutor.h:82] AriaExecutor 12 started. 
I0911 23:15:36.383824 2944616 AriaExecutor.h:82] AriaExecutor 13 started. 
I0911 23:15:36.383860 2944617 AriaExecutor.h:82] AriaExecutor 14 started. 
I0911 23:15:36.383908 2944618 AriaExecutor.h:82] AriaExecutor 15 started. 
I0911 23:15:36.383944 2944619 Manager.h:224] Manager(worker id = 16) on the coordinator node started.
I0911 23:15:37.383994 2944583 Coordinator.h:126] commit: 1096929 abort: 8991 (0/8991/0), network size: 0, avg network size: 0, si_in_serializable: 0 0 %, local: 0 %
I0911 23:15:38.384094 2944583 Coordinator.h:126] commit: 1088753 abort: 8975 (0/8975/0), network size: 0, avg network size: 0, si_in_serializable: 0 0 %, local: 0 %
I0911 23:15:39.384172 2944583 Coordinator.h:126] commit: 1052214 abort: 8650 (0/8650/0), network size: 0, avg network size: 0, si_in_serializable: 0 0 %, local: 0 %
I0911 23:15:40.384249 2944583 Coordinator.h:126] commit: 1056241 abort: 8719 (0/8719/0), network size: 0, avg network size: 0, si_in_serializable: 0 0 %, local: 0 %
I0911 23:15:41.384349 2944583 Coordinator.h:126] commit: 1101082 abort: 8934 (0/8934/0), network size: 0, avg network size: 0, si_in_serializable: 0 0 %, local: 0 %
I0911 23:15:42.384436 2944583 Coordinator.h:126] commit: 1105041 abort: 9071 (0/9071/0), network size: 0, avg network size: 0, si_in_serializable: 0 0 %, local: 0 %
I0911 23:15:43.384512 2944583 Coordinator.h:126] commit: 1107161 abort: 8999 (0/8999/0), network size: 0, avg network size: 0, si_in_serializable: 0 0 %, local: 0 %
I0911 23:15:44.384582 2944583 Coordinator.h:126] commit: 1088951 abort: 8777 (0/8777/0), network size: 0, avg network size: 0, si_in_serializable: 0 0 %, local: 0 %
I0911 23:15:45.384656 2944583 Coordinator.h:126] commit: 1086884 abort: 8796 (0/8796/0), network size: 0, avg network size: 0, si_in_serializable: 0 0 %, local: 0 %
I0911 23:15:46.384730 2944583 Coordinator.h:126] commit: 1072642 abort: 8702 (0/8702/0), network size: 0, avg network size: 0, si_in_serializable: 0 0 %, local: 0 %
I0911 23:15:47.384804 2944583 Coordinator.h:126] commit: 1092905 abort: 8919 (0/8919/0), network size: 0, avg network size: 0, si_in_serializable: 0 0 %, local: 0 %
I0911 23:15:48.384876 2944583 Coordinator.h:126] commit: 1107017 abort: 9143 (0/9143/0), network size: 0, avg network size: 0, si_in_serializable: 0 0 %, local: 0 %
I0911 23:15:49.384974 2944583 Coordinator.h:126] commit: 1105058 abort: 9054 (0/9054/0), network size: 0, avg network size: 0, si_in_serializable: 0 0 %, local: 0 %
I0911 23:15:50.385053 2944583 Coordinator.h:126] commit: 1103154 abort: 8910 (0/8910/0), network size: 0, avg network size: 0, si_in_serializable: 0 0 %, local: 0 %
I0911 23:15:51.385125 2944583 Coordinator.h:126] commit: 1107171 abort: 8989 (0/8989/0), network size: 0, avg network size: 0, si_in_serializable: 0 0 %, local: 0 %
I0911 23:15:52.385197 2944583 Coordinator.h:126] commit: 1066450 abort: 8750 (0/8750/0), network size: 0, avg network size: 0, si_in_serializable: 0 0 %, local: 0 %
I0911 23:15:53.385270 2944583 Coordinator.h:126] commit: 1109086 abort: 9122 (0/9122/0), network size: 0, avg network size: 0, si_in_serializable: 0 0 %, local: 0 %
I0911 23:15:54.385344 2944583 Coordinator.h:126] commit: 1107084 abort: 9076 (0/9076/0), network size: 0, avg network size: 0, si_in_serializable: 0 0 %, local: 0 %
I0911 23:15:55.385417 2944583 Coordinator.h:126] commit: 1107095 abort: 9065 (0/9065/0), network size: 0, avg network size: 0, si_in_serializable: 0 0 %, local: 0 %
I0911 23:15:56.385492 2944583 Coordinator.h:126] commit: 1106894 abort: 9266 (0/9266/0), network size: 0, avg network size: 0, si_in_serializable: 0 0 %, local: 0 %
I0911 23:15:57.385564 2944583 Coordinator.h:126] commit: 1084792 abort: 8840 (0/8840/0), network size: 0, avg network size: 0, si_in_serializable: 0 0 %, local: 0 %
I0911 23:15:58.385639 2944583 Coordinator.h:126] commit: 1107051 abort: 9109 (0/9109/0), network size: 0, avg network size: 0, si_in_serializable: 0 0 %, local: 0 %
I0911 23:15:59.385716 2944583 Coordinator.h:126] commit: 1080658 abort: 8878 (0/8878/0), network size: 0, avg network size: 0, si_in_serializable: 0 0 %, local: 0 %
I0911 23:16:00.385808 2944583 Coordinator.h:126] commit: 1102975 abort: 9089 (0/9089/0), network size: 0, avg network size: 0, si_in_serializable: 0 0 %, local: 0 %
I0911 23:16:01.385886 2944583 Coordinator.h:126] commit: 1107271 abort: 8889 (0/8889/0), network size: 0, avg network size: 0, si_in_serializable: 0 0 %, local: 0 %
I0911 23:16:01.385900 2944583 Coordinator.h:152] average commit: 1.10119e+06 abort: 9029.4 (0/9029.4/0), network size: 0, avg network size: 0, si_in_serializable: 0 0 %, local: 0 %
I0911 23:16:01.387012 2944619 Manager.h:227] Manager(worker id = 16) on the coordinator node exits.
I0911 23:16:01.387014 2944609 AriaExecutor.h:94] AriaExecutor 6 exits. 
I0911 23:16:01.387037 2944610 AriaExecutor.h:94] AriaExecutor 7 exits. 
I0911 23:16:01.387010 2944607 AriaExecutor.h:94] AriaExecutor 4 exits. 
I0911 23:16:01.387037 2944603 AriaExecutor.h:94] AriaExecutor 0 exits. 
I0911 23:16:01.387020 2944615 AriaExecutor.h:94] AriaExecutor 12 exits. 
I0911 23:16:01.387038 2944612 AriaExecutor.h:94] AriaExecutor 9 exits. 
I0911 23:16:01.387017 2944611 AriaExecutor.h:94] AriaExecutor 8 exits. 
I0911 23:16:01.387037 2944618 AriaExecutor.h:94] AriaExecutor 15 exits. 
I0911 23:16:01.387034 2944613 AriaExecutor.h:94] AriaExecutor 10 exits. 
I0911 23:16:01.387038 2944606 AriaExecutor.h:94] AriaExecutor 3 exits. 
I0911 23:16:01.387038 2944608 AriaExecutor.h:94] AriaExecutor 5 exits. 
I0911 23:16:01.387015 2944617 AriaExecutor.h:94] AriaExecutor 14 exits. 
I0911 23:16:01.387039 2944604 AriaExecutor.h:94] AriaExecutor 1 exits. 
I0911 23:16:01.387039 2944616 AriaExecutor.h:94] AriaExecutor 13 exits. 
I0911 23:16:01.387013 2944605 AriaExecutor.h:94] AriaExecutor 2 exits. 
I0911 23:16:01.387042 2944614 AriaExecutor.h:94] AriaExecutor 11 exits. 
I0911 23:16:01.385910 2944583 AriaExecutor.h:641] Worker 0 latency: 1155 us (50%) 1456 us (75%) 1697 us (95%) 1749 us (99%).
I0911 23:16:01.452625 2944583 AriaExecutor.h:641] Worker 1 latency: 1151 us (50%) 1453 us (75%) 1694 us (95%) 1747 us (99%).
I0911 23:16:01.520025 2944583 AriaExecutor.h:641] Worker 2 latency: 1159 us (50%) 1458 us (75%) 1697 us (95%) 1748 us (99%).
I0911 23:16:01.587929 2944583 AriaExecutor.h:641] Worker 3 latency: 1152 us (50%) 1453 us (75%) 1694 us (95%) 1747 us (99%).
I0911 23:16:01.655320 2944583 AriaExecutor.h:641] Worker 4 latency: 1157 us (50%) 1457 us (75%) 1697 us (95%) 1748 us (99%).
I0911 23:16:01.723834 2944583 AriaExecutor.h:641] Worker 5 latency: 1151 us (50%) 1452 us (75%) 1695 us (95%) 1747 us (99%).
I0911 23:16:01.791947 2944583 AriaExecutor.h:641] Worker 6 latency: 1159 us (50%) 1458 us (75%) 1697 us (95%) 1748 us (99%).
I0911 23:16:01.859176 2944583 AriaExecutor.h:641] Worker 7 latency: 1153 us (50%) 1453 us (75%) 1695 us (95%) 1747 us (99%).
I0911 23:16:01.927574 2944583 AriaExecutor.h:641] Worker 8 latency: 1157 us (50%) 1457 us (75%) 1696 us (95%) 1748 us (99%).
I0911 23:16:01.994633 2944583 AriaExecutor.h:641] Worker 9 latency: 1152 us (50%) 1453 us (75%) 1694 us (95%) 1747 us (99%).
I0911 23:16:02.062631 2944583 AriaExecutor.h:641] Worker 10 latency: 1160 us (50%) 1458 us (75%) 1697 us (95%) 1748 us (99%).
I0911 23:16:02.130362 2944583 AriaExecutor.h:641] Worker 11 latency: 1153 us (50%) 1453 us (75%) 1694 us (95%) 1747 us (99%).
I0911 23:16:02.197770 2944583 AriaExecutor.h:641] Worker 12 latency: 1160 us (50%) 1458 us (75%) 1696 us (95%) 1748 us (99%).
I0911 23:16:02.264961 2944583 AriaExecutor.h:641] Worker 13 latency: 1151 us (50%) 1452 us (75%) 1694 us (95%) 1747 us (99%).
I0911 23:16:02.331945 2944583 AriaExecutor.h:641] Worker 14 latency: 1161 us (50%) 1459 us (75%) 1697 us (95%) 1749 us (99%).
I0911 23:16:02.398763 2944583 AriaExecutor.h:641] Worker 15 latency: 1153 us (50%) 1453 us (75%) 1694 us (95%) 1747 us (99%).
I0911 23:16:02.466161 2944583 Coordinator.h:177] total commit: 1.10119e+06
I0911 23:16:03.466285 2944583 Coordinator.h:192] Coordinator exits.
