I1126 16:11:07.585533 1033875 Database.h:65] ycsb initialization finished in 30 milliseconds.
I1126 16:11:07.585637 1033875 Coordinator.h:30] Coordinator initializes 12 workers.
I1126 16:11:07.593261 1033875 Coordinator.h:77] Coordinator starts to run 13 workers.
I1126 16:11:07.593314 1033891 AriaExecutor.h:93] AriaExecutor 0 started. 
I1126 16:11:07.593339 1033892 AriaExecutor.h:93] AriaExecutor 1 started. 
I1126 16:11:07.593385 1033893 AriaExecutor.h:93] AriaExecutor 2 started. 
I1126 16:11:07.593434 1033894 AriaExecutor.h:93] AriaExecutor 3 started. 
I1126 16:11:07.593511 1033896 AriaExecutor.h:93] AriaExecutor 5 started. 
I1126 16:11:07.593554 1033897 AriaExecutor.h:93] AriaExecutor 6 started. 
I1126 16:11:07.593592 1033898 AriaExecutor.h:93] AriaExecutor 7 started. 
I1126 16:11:07.593637 1033899 AriaExecutor.h:93] AriaExecutor 8 started. 
I1126 16:11:07.593678 1033900 AriaExecutor.h:93] AriaExecutor 9 started. 
I1126 16:11:07.593717 1033901 AriaExecutor.h:93] AriaExecutor 10 started. 
I1126 16:11:07.593760 1033902 AriaExecutor.h:93] AriaExecutor 11 started. 
I1126 16:11:07.593784 1033895 AriaExecutor.h:93] AriaExecutor 4 started. 
I1126 16:11:07.593786 1033903 Manager.h:224] Manager(worker id = 12) on the coordinator node started.
I1126 16:11:08.593847 1033875 Coordinator.h:126] commit: 474036 abort: 251964 (0/251964/0), network size: 0, avg network size: 0, si_in_serializable: 0 0 %, local: 0 %
I1126 16:11:09.593950 1033875 Coordinator.h:126] commit: 468412 abort: 249588 (0/249588/0), network size: 0, avg network size: 0, si_in_serializable: 0 0 %, local: 0 %
I1126 16:11:10.594048 1033875 Coordinator.h:126] commit: 474138 abort: 252862 (0/252862/0), network size: 0, avg network size: 0, si_in_serializable: 0 0 %, local: 0 %
I1126 16:11:11.594142 1033875 Coordinator.h:126] commit: 474755 abort: 253245 (0/253245/0), network size: 0, avg network size: 0, si_in_serializable: 0 0 %, local: 0 %
I1126 16:11:12.594224 1033875 Coordinator.h:126] commit: 478443 abort: 254557 (0/254557/0), network size: 0, avg network size: 0, si_in_serializable: 0 0 %, local: 0 %
I1126 16:11:13.594295 1033875 Coordinator.h:126] commit: 471756 abort: 251244 (0/251244/0), network size: 0, avg network size: 0, si_in_serializable: 0 0 %, local: 0 %
I1126 16:11:14.594394 1033875 Coordinator.h:126] commit: 467022 abort: 248978 (0/248978/0), network size: 0, avg network size: 0, si_in_serializable: 0 0 %, local: 0 %
I1126 16:11:15.594473 1033875 Coordinator.h:126] commit: 475770 abort: 253230 (0/253230/0), network size: 0, avg network size: 0, si_in_serializable: 0 0 %, local: 0 %
I1126 16:11:16.594565 1033875 Coordinator.h:126] commit: 478728 abort: 254272 (0/254272/0), network size: 0, avg network size: 0, si_in_serializable: 0 0 %, local: 0 %
I1126 16:11:17.594641 1033875 Coordinator.h:126] commit: 473451 abort: 252549 (0/252549/0), network size: 0, avg network size: 0, si_in_serializable: 0 0 %, local: 0 %
I1126 16:11:18.594714 1033875 Coordinator.h:126] commit: 478337 abort: 253663 (0/253663/0), network size: 0, avg network size: 0, si_in_serializable: 0 0 %, local: 0 %
I1126 16:11:19.594792 1033875 Coordinator.h:126] commit: 477604 abort: 254396 (0/254396/0), network size: 0, avg network size: 0, si_in_serializable: 0 0 %, local: 0 %
I1126 16:11:20.594895 1033875 Coordinator.h:126] commit: 477323 abort: 254677 (0/254677/0), network size: 0, avg network size: 0, si_in_serializable: 0 0 %, local: 0 %
I1126 16:11:21.595018 1033875 Coordinator.h:126] commit: 454378 abort: 241622 (0/241622/0), network size: 0, avg network size: 0, si_in_serializable: 0 0 %, local: 0 %
I1126 16:11:22.595120 1033875 Coordinator.h:126] commit: 477719 abort: 255281 (0/255281/0), network size: 0, avg network size: 0, si_in_serializable: 0 0 %, local: 0 %
I1126 16:11:23.595211 1033875 Coordinator.h:126] commit: 477146 abort: 253854 (0/253854/0), network size: 0, avg network size: 0, si_in_serializable: 0 0 %, local: 0 %
I1126 16:11:24.595314 1033875 Coordinator.h:126] commit: 478095 abort: 253905 (0/253905/0), network size: 0, avg network size: 0, si_in_serializable: 0 0 %, local: 0 %
I1126 16:11:25.595408 1033875 Coordinator.h:126] commit: 475681 abort: 254319 (0/254319/0), network size: 0, avg network size: 0, si_in_serializable: 0 0 %, local: 0 %
I1126 16:11:26.595503 1033875 Coordinator.h:126] commit: 478396 abort: 254604 (0/254604/0), network size: 0, avg network size: 0, si_in_serializable: 0 0 %, local: 0 %
I1126 16:11:27.595594 1033875 Coordinator.h:126] commit: 477652 abort: 253348 (0/253348/0), network size: 0, avg network size: 0, si_in_serializable: 0 0 %, local: 0 %
I1126 16:11:28.595691 1033875 Coordinator.h:126] commit: 478134 abort: 253866 (0/253866/0), network size: 0, avg network size: 0, si_in_serializable: 0 0 %, local: 0 %
I1126 16:11:29.595784 1033875 Coordinator.h:126] commit: 477100 abort: 252900 (0/252900/0), network size: 0, avg network size: 0, si_in_serializable: 0 0 %, local: 0 %
I1126 16:11:30.595888 1033875 Coordinator.h:126] commit: 478049 abort: 252951 (0/252951/0), network size: 0, avg network size: 0, si_in_serializable: 0 0 %, local: 0 %
I1126 16:11:31.595991 1033875 Coordinator.h:126] commit: 477260 abort: 254740 (0/254740/0), network size: 0, avg network size: 0, si_in_serializable: 0 0 %, local: 0 %
I1126 16:11:32.596101 1033875 Coordinator.h:126] commit: 471937 abort: 251063 (0/251063/0), network size: 0, avg network size: 0, si_in_serializable: 0 0 %, local: 0 %
I1126 16:11:32.596127 1033875 Coordinator.h:152] average commit: 475233 abort: 252967 (0/252967/0), network size: 0, avg network size: 0, si_in_serializable: 0 0 %, local: 0 %
I1126 16:11:32.596230 1033903 Manager.h:227] Manager(worker id = 12) on the coordinator node exits.
I1126 16:11:32.596232 1033893 AriaExecutor.h:105] AriaExecutor 2 exits. 
I1126 16:11:32.596235 1033895 AriaExecutor.h:105] AriaExecutor 4 exits. 
I1126 16:11:32.596242 1033892 AriaExecutor.h:105] AriaExecutor 1 exits. 
I1126 16:11:32.596233 1033899 AriaExecutor.h:105] AriaExecutor 8 exits. 
I1126 16:11:32.596231 1033891 AriaExecutor.h:105] AriaExecutor 0 exits. 
I1126 16:11:32.596231 1033901 AriaExecutor.h:105] AriaExecutor 10 exits. 
I1126 16:11:32.596243 1033898 AriaExecutor.h:105] AriaExecutor 7 exits. 
I1126 16:11:32.596243 1033894 AriaExecutor.h:105] AriaExecutor 3 exits. 
I1126 16:11:32.596243 1033896 AriaExecutor.h:105] AriaExecutor 5 exits. 
I1126 16:11:32.596246 1033900 AriaExecutor.h:105] AriaExecutor 9 exits. 
I1126 16:11:32.596246 1033902 AriaExecutor.h:105] AriaExecutor 11 exits. 
I1126 16:11:32.596231 1033897 AriaExecutor.h:105] AriaExecutor 6 exits. 
I1126 16:11:32.596135 1033875 AriaExecutor.h:672] Worker 0 latency: 959 us (50%) 1155 us (75%) 1287 us (95%) 1314 us (99%).
I1126 16:11:32.640534 1033875 AriaExecutor.h:672] Worker 1 latency: 956 us (50%) 1153 us (75%) 1285 us (95%) 1313 us (99%).
I1126 16:11:32.689281 1033875 AriaExecutor.h:672] Worker 2 latency: 957 us (50%) 1155 us (75%) 1287 us (95%) 1314 us (99%).
I1126 16:11:32.733995 1033875 AriaExecutor.h:672] Worker 3 latency: 956 us (50%) 1153 us (75%) 1286 us (95%) 1313 us (99%).
I1126 16:11:32.783478 1033875 AriaExecutor.h:672] Worker 4 latency: 958 us (50%) 1154 us (75%) 1287 us (95%) 1314 us (99%).
I1126 16:11:32.826968 1033875 AriaExecutor.h:672] Worker 5 latency: 956 us (50%) 1153 us (75%) 1285 us (95%) 1313 us (99%).
I1126 16:11:32.875629 1033875 AriaExecutor.h:672] Worker 6 latency: 957 us (50%) 1154 us (75%) 1287 us (95%) 1314 us (99%).
I1126 16:11:32.920037 1033875 AriaExecutor.h:672] Worker 7 latency: 957 us (50%) 1153 us (75%) 1285 us (95%) 1313 us (99%).
I1126 16:11:32.968870 1033875 AriaExecutor.h:672] Worker 8 latency: 958 us (50%) 1154 us (75%) 1286 us (95%) 1314 us (99%).
I1126 16:11:33.012668 1033875 AriaExecutor.h:672] Worker 9 latency: 956 us (50%) 1152 us (75%) 1285 us (95%) 1313 us (99%).
I1126 16:11:33.062157 1033875 AriaExecutor.h:672] Worker 10 latency: 957 us (50%) 1154 us (75%) 1286 us (95%) 1314 us (99%).
I1126 16:11:33.105902 1033875 AriaExecutor.h:672] Worker 11 latency: 955 us (50%) 1152 us (75%) 1285 us (95%) 1313 us (99%).
I1126 16:11:33.154546 1033875 Coordinator.h:177] total commit: 475233
I1126 16:11:34.154656 1033875 Coordinator.h:192] Coordinator exits.
