I0911 22:28:44.867858 2935398 Database.h:65] ycsb initialization finished in 146 milliseconds.
I0911 22:28:44.867978 2935398 Coordinator.h:30] Coordinator initializes 16 workers.
I0911 22:28:44.898641 2935398 Coordinator.h:77] Coordinator starts to run 17 workers.
I0911 22:28:44.898695 2935418 AriaExecutor.h:82] AriaExecutor 0 started. 
I0911 22:28:44.898726 2935419 AriaExecutor.h:82] AriaExecutor 1 started. 
I0911 22:28:44.898768 2935420 AriaExecutor.h:82] AriaExecutor 2 started. 
I0911 22:28:44.898820 2935421 AriaExecutor.h:82] AriaExecutor 3 started. 
I0911 22:28:44.898852 2935422 AriaExecutor.h:82] AriaExecutor 4 started. 
I0911 22:28:44.898893 2935423 AriaExecutor.h:82] AriaExecutor 5 started. 
I0911 22:28:44.898921 2935424 AriaExecutor.h:82] AriaExecutor 6 started. 
I0911 22:28:44.898965 2935425 AriaExecutor.h:82] AriaExecutor 7 started. 
I0911 22:28:44.898998 2935426 AriaExecutor.h:82] AriaExecutor 8 started. 
I0911 22:28:44.899055 2935427 AriaExecutor.h:82] AriaExecutor 9 started. 
I0911 22:28:44.899087 2935428 AriaExecutor.h:82] AriaExecutor 10 started. 
I0911 22:28:44.899125 2935429 AriaExecutor.h:82] AriaExecutor 11 started. 
I0911 22:28:44.899163 2935430 AriaExecutor.h:82] AriaExecutor 12 started. 
I0911 22:28:44.899202 2935431 AriaExecutor.h:82] AriaExecutor 13 started. 
I0911 22:28:44.899238 2935432 AriaExecutor.h:82] AriaExecutor 14 started. 
I0911 22:28:44.899286 2935433 AriaExecutor.h:82] AriaExecutor 15 started. 
I0911 22:28:44.899322 2935434 Manager.h:224] Manager(worker id = 16) on the coordinator node started.
I0911 22:28:45.899364 2935398 Coordinator.h:126] commit: 1303108 abort: 11708 (0/11708/0), network size: 0, avg network size: 0, si_in_serializable: 0 0 %, local: 0 %
I0911 22:28:46.899461 2935398 Coordinator.h:126] commit: 1294929 abort: 11695 (0/11695/0), network size: 0, avg network size: 0, si_in_serializable: 0 0 %, local: 0 %
I0911 22:28:47.899530 2935398 Coordinator.h:126] commit: 1250308 abort: 11260 (0/11260/0), network size: 0, avg network size: 0, si_in_serializable: 0 0 %, local: 0 %
I0911 22:28:48.899595 2935398 Coordinator.h:126] commit: 1250276 abort: 11292 (0/11292/0), network size: 0, avg network size: 0, si_in_serializable: 0 0 %, local: 0 %
I0911 22:28:49.899677 2935398 Coordinator.h:126] commit: 1307314 abort: 11598 (0/11598/0), network size: 0, avg network size: 0, si_in_serializable: 0 0 %, local: 0 %
I0911 22:28:50.899748 2935398 Coordinator.h:126] commit: 1315226 abort: 11878 (0/11878/0), network size: 0, avg network size: 0, si_in_serializable: 0 0 %, local: 0 %
I0911 22:28:51.899822 2935398 Coordinator.h:126] commit: 1294998 abort: 11646 (0/11646/0), network size: 0, avg network size: 0, si_in_serializable: 0 0 %, local: 0 %
I0911 22:28:52.899883 2935398 Coordinator.h:126] commit: 1315330 abort: 11754 (0/11754/0), network size: 0, avg network size: 0, si_in_serializable: 0 0 %, local: 0 %
I0911 22:28:53.899943 2935398 Coordinator.h:126] commit: 1311262 abort: 11746 (0/11746/0), network size: 0, avg network size: 0, si_in_serializable: 0 0 %, local: 0 %
I0911 22:28:54.900003 2935398 Coordinator.h:126] commit: 1311522 abort: 11486 (0/11486/0), network size: 0, avg network size: 0, si_in_serializable: 0 0 %, local: 0 %
I0911 22:28:55.900069 2935398 Coordinator.h:126] commit: 1315311 abort: 11793 (0/11793/0), network size: 0, avg network size: 0, si_in_serializable: 0 0 %, local: 0 %
I0911 22:28:56.900130 2935398 Coordinator.h:126] commit: 1278846 abort: 11394 (0/11394/0), network size: 0, avg network size: 0, si_in_serializable: 0 0 %, local: 0 %
I0911 22:28:57.900190 2935398 Coordinator.h:126] commit: 1278901 abort: 11339 (0/11339/0), network size: 0, avg network size: 0, si_in_serializable: 0 0 %, local: 0 %
I0911 22:28:58.900251 2935398 Coordinator.h:126] commit: 1274645 abort: 11499 (0/11499/0), network size: 0, avg network size: 0, si_in_serializable: 0 0 %, local: 0 %
I0911 22:28:59.900323 2935398 Coordinator.h:126] commit: 1311349 abort: 11659 (0/11659/0), network size: 0, avg network size: 0, si_in_serializable: 0 0 %, local: 0 %
I0911 22:29:00.900403 2935398 Coordinator.h:126] commit: 1307272 abort: 11640 (0/11640/0), network size: 0, avg network size: 0, si_in_serializable: 0 0 %, local: 0 %
I0911 22:29:01.900468 2935398 Coordinator.h:126] commit: 1311468 abort: 11540 (0/11540/0), network size: 0, avg network size: 0, si_in_serializable: 0 0 %, local: 0 %
I0911 22:29:02.900528 2935398 Coordinator.h:126] commit: 1315248 abort: 11856 (0/11856/0), network size: 0, avg network size: 0, si_in_serializable: 0 0 %, local: 0 %
I0911 22:29:03.900597 2935398 Coordinator.h:126] commit: 1311216 abort: 11792 (0/11792/0), network size: 0, avg network size: 0, si_in_serializable: 0 0 %, local: 0 %
I0911 22:29:04.900661 2935398 Coordinator.h:126] commit: 1315554 abort: 11550 (0/11550/0), network size: 0, avg network size: 0, si_in_serializable: 0 0 %, local: 0 %
I0911 22:29:05.900733 2935398 Coordinator.h:126] commit: 1307169 abort: 11743 (0/11743/0), network size: 0, avg network size: 0, si_in_serializable: 0 0 %, local: 0 %
I0911 22:29:06.900799 2935398 Coordinator.h:126] commit: 1311288 abort: 11720 (0/11720/0), network size: 0, avg network size: 0, si_in_serializable: 0 0 %, local: 0 %
I0911 22:29:07.900869 2935398 Coordinator.h:126] commit: 1315254 abort: 11850 (0/11850/0), network size: 0, avg network size: 0, si_in_serializable: 0 0 %, local: 0 %
I0911 22:29:08.900938 2935398 Coordinator.h:126] commit: 1311049 abort: 11959 (0/11959/0), network size: 0, avg network size: 0, si_in_serializable: 0 0 %, local: 0 %
I0911 22:29:09.901001 2935398 Coordinator.h:126] commit: 1311264 abort: 11744 (0/11744/0), network size: 0, avg network size: 0, si_in_serializable: 0 0 %, local: 0 %
I0911 22:29:09.901011 2935398 Coordinator.h:152] average commit: 1.30198e+06 abort: 11606.2 (0/11606.2/0), network size: 0, avg network size: 0, si_in_serializable: 0 0 %, local: 0 %
I0911 22:29:09.901355 2935428 AriaExecutor.h:94] AriaExecutor 10 exits. 
I0911 22:29:09.901361 2935418 AriaExecutor.h:94] AriaExecutor 0 exits. 
I0911 22:29:09.901360 2935434 Manager.h:227] Manager(worker id = 16) on the coordinator node exits.
I0911 22:29:09.901362 2935424 AriaExecutor.h:94] AriaExecutor 6 exits. 
I0911 22:29:09.901377 2935427 AriaExecutor.h:94] AriaExecutor 9 exits. 
I0911 22:29:09.901356 2935432 AriaExecutor.h:94] AriaExecutor 14 exits. 
I0911 22:29:09.901364 2935430 AriaExecutor.h:94] AriaExecutor 12 exits. 
I0911 22:29:09.901364 2935422 AriaExecutor.h:94] AriaExecutor 4 exits. 
I0911 22:29:09.901363 2935420 AriaExecutor.h:94] AriaExecutor 2 exits. 
I0911 22:29:09.901379 2935421 AriaExecutor.h:94] AriaExecutor 3 exits. 
I0911 22:29:09.901379 2935433 AriaExecutor.h:94] AriaExecutor 15 exits. 
I0911 22:29:09.901381 2935431 AriaExecutor.h:94] AriaExecutor 13 exits. 
I0911 22:29:09.901381 2935419 AriaExecutor.h:94] AriaExecutor 1 exits. 
I0911 22:29:09.901381 2935423 AriaExecutor.h:94] AriaExecutor 5 exits. 
I0911 22:29:09.901381 2935429 AriaExecutor.h:94] AriaExecutor 11 exits. 
I0911 22:29:09.901357 2935426 AriaExecutor.h:94] AriaExecutor 8 exits. 
I0911 22:29:09.901381 2935425 AriaExecutor.h:94] AriaExecutor 7 exits. 
I0911 22:29:09.901021 2935398 AriaExecutor.h:535] Worker 0 latency: 1776 us (50%) 2378 us (75%) 2861 us (95%) 2960 us (99%).
I0911 22:29:09.983058 2935398 AriaExecutor.h:535] Worker 1 latency: 1773 us (50%) 2376 us (75%) 2859 us (95%) 2959 us (99%).
I0911 22:29:10.075506 2935398 AriaExecutor.h:535] Worker 2 latency: 1786 us (50%) 2383 us (75%) 2862 us (95%) 2960 us (99%).
I0911 22:29:10.157212 2935398 AriaExecutor.h:535] Worker 3 latency: 1775 us (50%) 2377 us (75%) 2860 us (95%) 2959 us (99%).
I0911 22:29:10.249261 2935398 AriaExecutor.h:535] Worker 4 latency: 1777 us (50%) 2379 us (75%) 2861 us (95%) 2960 us (99%).
I0911 22:29:10.333472 2935398 AriaExecutor.h:535] Worker 5 latency: 1771 us (50%) 2376 us (75%) 2859 us (95%) 2959 us (99%).
I0911 22:29:10.425626 2935398 AriaExecutor.h:535] Worker 6 latency: 1784 us (50%) 2382 us (75%) 2862 us (95%) 2960 us (99%).
I0911 22:29:10.509383 2935398 AriaExecutor.h:535] Worker 7 latency: 1774 us (50%) 2377 us (75%) 2859 us (95%) 2959 us (99%).
I0911 22:29:10.600445 2935398 AriaExecutor.h:535] Worker 8 latency: 1774 us (50%) 2377 us (75%) 2859 us (95%) 2959 us (99%).
I0911 22:29:10.682296 2935398 AriaExecutor.h:535] Worker 9 latency: 1772 us (50%) 2375 us (75%) 2858 us (95%) 2958 us (99%).
I0911 22:29:10.773965 2935398 AriaExecutor.h:535] Worker 10 latency: 1787 us (50%) 2383 us (75%) 2861 us (95%) 2959 us (99%).
I0911 22:29:10.856276 2935398 AriaExecutor.h:535] Worker 11 latency: 1776 us (50%) 2377 us (75%) 2859 us (95%) 2958 us (99%).
I0911 22:29:10.947551 2935398 AriaExecutor.h:535] Worker 12 latency: 1785 us (50%) 2382 us (75%) 2861 us (95%) 2960 us (99%).
I0911 22:29:11.030191 2935398 AriaExecutor.h:535] Worker 13 latency: 1771 us (50%) 2374 us (75%) 2858 us (95%) 2958 us (99%).
I0911 22:29:11.122169 2935398 AriaExecutor.h:535] Worker 14 latency: 1782 us (50%) 2380 us (75%) 2860 us (95%) 2959 us (99%).
I0911 22:29:11.205193 2935398 AriaExecutor.h:535] Worker 15 latency: 1778 us (50%) 2378 us (75%) 2859 us (95%) 2959 us (99%).
I0911 22:29:11.296603 2935398 Coordinator.h:177] total commit: 1.30198e+06
I0911 22:29:12.296723 2935398 Coordinator.h:192] Coordinator exits.
