I0911 23:27:57.932669 2946935 Database.h:65] ycsb initialization finished in 146 milliseconds.
I0911 23:27:57.932780 2946935 Coordinator.h:30] Coordinator initializes 16 workers.
I0911 23:27:57.940570 2946935 Coordinator.h:77] Coordinator starts to run 17 workers.
I0911 23:27:57.940675 2946955 AriaExecutor.h:82] AriaExecutor 0 started. 
I0911 23:27:57.940689 2946956 AriaExecutor.h:82] AriaExecutor 1 started. 
I0911 23:27:57.940753 2946957 AriaExecutor.h:82] AriaExecutor 2 started. 
I0911 23:27:57.940786 2946958 AriaExecutor.h:82] AriaExecutor 3 started. 
I0911 23:27:57.940829 2946959 AriaExecutor.h:82] AriaExecutor 4 started. 
I0911 23:27:57.940860 2946960 AriaExecutor.h:82] AriaExecutor 5 started. 
I0911 23:27:57.940901 2946961 AriaExecutor.h:82] AriaExecutor 6 started. 
I0911 23:27:57.940943 2946962 AriaExecutor.h:82] AriaExecutor 7 started. 
I0911 23:27:57.940994 2946963 AriaExecutor.h:82] AriaExecutor 8 started. 
I0911 23:27:57.941005 2946964 AriaExecutor.h:82] AriaExecutor 9 started. 
I0911 23:27:57.941043 2946965 AriaExecutor.h:82] AriaExecutor 10 started. 
I0911 23:27:57.941069 2946966 AriaExecutor.h:82] AriaExecutor 11 started. 
I0911 23:27:57.941107 2946967 AriaExecutor.h:82] AriaExecutor 12 started. 
I0911 23:27:57.941141 2946968 AriaExecutor.h:82] AriaExecutor 13 started. 
I0911 23:27:57.941174 2946969 AriaExecutor.h:82] AriaExecutor 14 started. 
I0911 23:27:57.941207 2946970 AriaExecutor.h:82] AriaExecutor 15 started. 
I0911 23:27:57.941241 2946971 Manager.h:224] Manager(worker id = 16) on the coordinator node started.
I0911 23:27:58.941295 2946935 Coordinator.h:126] commit: 217457 abort: 35471 (0/35471/0), network size: 0, avg network size: 0, si_in_serializable: 0 0 %, local: 0 %
I0911 23:27:59.941452 2946935 Coordinator.h:126] commit: 218036 abort: 35916 (0/35916/0), network size: 0, avg network size: 0, si_in_serializable: 0 0 %, local: 0 %
I0911 23:28:00.941545 2946935 Coordinator.h:126] commit: 211432 abort: 34328 (0/34328/0), network size: 0, avg network size: 0, si_in_serializable: 0 0 %, local: 0 %
I0911 23:28:01.941625 2946935 Coordinator.h:126] commit: 215648 abort: 35232 (0/35232/0), network size: 0, avg network size: 0, si_in_serializable: 0 0 %, local: 0 %
I0911 23:28:02.941807 2946935 Coordinator.h:126] commit: 223437 abort: 36659 (0/36659/0), network size: 0, avg network size: 0, si_in_serializable: 0 0 %, local: 0 %
I0911 23:28:03.941933 2946935 Coordinator.h:126] commit: 224224 abort: 36896 (0/36896/0), network size: 0, avg network size: 0, si_in_serializable: 0 0 %, local: 0 %
I0911 23:28:04.942018 2946935 Coordinator.h:126] commit: 225625 abort: 36519 (0/36519/0), network size: 0, avg network size: 0, si_in_serializable: 0 0 %, local: 0 %
I0911 23:28:05.942102 2946935 Coordinator.h:126] commit: 223176 abort: 36920 (0/36920/0), network size: 0, avg network size: 0, si_in_serializable: 0 0 %, local: 0 %
I0911 23:28:06.942186 2946935 Coordinator.h:126] commit: 218920 abort: 36056 (0/36056/0), network size: 0, avg network size: 0, si_in_serializable: 0 0 %, local: 0 %
I0911 23:28:07.942268 2946935 Coordinator.h:126] commit: 219299 abort: 35677 (0/35677/0), network size: 0, avg network size: 0, si_in_serializable: 0 0 %, local: 0 %
I0911 23:28:08.942351 2946935 Coordinator.h:126] commit: 226090 abort: 37078 (0/37078/0), network size: 0, avg network size: 0, si_in_serializable: 0 0 %, local: 0 %
I0911 23:28:09.942476 2946935 Coordinator.h:126] commit: 224989 abort: 37155 (0/37155/0), network size: 0, avg network size: 0, si_in_serializable: 0 0 %, local: 0 %
I0911 23:28:10.942613 2946935 Coordinator.h:126] commit: 226203 abort: 36965 (0/36965/0), network size: 0, avg network size: 0, si_in_serializable: 0 0 %, local: 0 %
I0911 23:28:11.942690 2946935 Coordinator.h:126] commit: 226097 abort: 37071 (0/37071/0), network size: 0, avg network size: 0, si_in_serializable: 0 0 %, local: 0 %
I0911 23:28:12.942771 2946935 Coordinator.h:126] commit: 226699 abort: 37118 (0/37118/0), network size: 0, avg network size: 0, si_in_serializable: 0 0 %, local: 0 %
I0911 23:28:13.942840 2946935 Coordinator.h:126] commit: 225486 abort: 37033 (0/37033/0), network size: 0, avg network size: 0, si_in_serializable: 0 0 %, local: 0 %
I0911 23:28:14.942924 2946935 Coordinator.h:126] commit: 227003 abort: 37189 (0/37189/0), network size: 0, avg network size: 0, si_in_serializable: 0 0 %, local: 0 %
I0911 23:28:15.942999 2946935 Coordinator.h:126] commit: 226156 abort: 37012 (0/37012/0), network size: 0, avg network size: 0, si_in_serializable: 0 0 %, local: 0 %
I0911 23:28:16.943079 2946935 Coordinator.h:126] commit: 222799 abort: 36272 (0/36272/0), network size: 0, avg network size: 0, si_in_serializable: 0 0 %, local: 0 %
I0911 23:28:17.943143 2946935 Coordinator.h:126] commit: 226383 abort: 36786 (0/36786/0), network size: 0, avg network size: 0, si_in_serializable: 0 0 %, local: 0 %
I0911 23:28:18.943226 2946935 Coordinator.h:126] commit: 225990 abort: 37178 (0/37178/0), network size: 0, avg network size: 0, si_in_serializable: 0 0 %, local: 0 %
I0911 23:28:19.943315 2946935 Coordinator.h:126] commit: 225893 abort: 37275 (0/37275/0), network size: 0, avg network size: 0, si_in_serializable: 0 0 %, local: 0 %
I0911 23:28:20.943414 2946935 Coordinator.h:126] commit: 226303 abort: 36865 (0/36865/0), network size: 0, avg network size: 0, si_in_serializable: 0 0 %, local: 0 %
I0911 23:28:21.943495 2946935 Coordinator.h:126] commit: 226106 abort: 37062 (0/37062/0), network size: 0, avg network size: 0, si_in_serializable: 0 0 %, local: 0 %
I0911 23:28:22.943591 2946935 Coordinator.h:126] commit: 226057 abort: 37111 (0/37111/0), network size: 0, avg network size: 0, si_in_serializable: 0 0 %, local: 0 %
I0911 23:28:22.943625 2946935 Coordinator.h:152] average commit: 225790 abort: 36967.9 (0/36967.9/0), network size: 0, avg network size: 0, si_in_serializable: 0 0 %, local: 0 %
I0911 23:28:22.946894 2946958 AriaExecutor.h:94] AriaExecutor 3 exits. 
I0911 23:28:22.946913 2946956 AriaExecutor.h:94] AriaExecutor 1 exits. 
I0911 23:28:22.946892 2946970 AriaExecutor.h:94] AriaExecutor 15 exits. 
I0911 23:28:22.946893 2946960 AriaExecutor.h:94] AriaExecutor 5 exits. 
I0911 23:28:22.946894 2946962 AriaExecutor.h:94] AriaExecutor 7 exits. 
I0911 23:28:22.946906 2946965 AriaExecutor.h:94] AriaExecutor 10 exits. 
I0911 23:28:22.946892 2946955 AriaExecutor.h:94] AriaExecutor 0 exits. 
I0911 23:28:22.946909 2946959 AriaExecutor.h:94] AriaExecutor 4 exits. 
I0911 23:28:22.946910 2946961 AriaExecutor.h:94] AriaExecutor 6 exits. 
I0911 23:28:22.946913 2946971 Manager.h:227] Manager(worker id = 16) on the coordinator node exits.
I0911 23:28:22.946916 2946966 AriaExecutor.h:94] AriaExecutor 11 exits. 
I0911 23:28:22.946897 2946968 AriaExecutor.h:94] AriaExecutor 13 exits. 
I0911 23:28:22.946918 2946964 AriaExecutor.h:94] AriaExecutor 9 exits. 
I0911 23:28:22.946907 2946967 AriaExecutor.h:94] AriaExecutor 12 exits. 
I0911 23:28:22.946908 2946963 AriaExecutor.h:94] AriaExecutor 8 exits. 
I0911 23:28:22.946908 2946957 AriaExecutor.h:94] AriaExecutor 2 exits. 
I0911 23:28:22.946909 2946969 AriaExecutor.h:94] AriaExecutor 14 exits. 
I0911 23:28:22.943635 2946935 AriaExecutor.h:641] Worker 0 latency: 2697 us (50%) 3251 us (75%) 3666 us (95%) 3765 us (99%).
I0911 23:28:22.962723 2946935 AriaExecutor.h:641] Worker 1 latency: 2698 us (50%) 3249 us (75%) 3662 us (95%) 3760 us (99%).
I0911 23:28:22.979692 2946935 AriaExecutor.h:641] Worker 2 latency: 2710 us (50%) 3255 us (75%) 3665 us (95%) 3764 us (99%).
I0911 23:28:22.998054 2946935 AriaExecutor.h:641] Worker 3 latency: 2705 us (50%) 3253 us (75%) 3663 us (95%) 3762 us (99%).
I0911 23:28:23.014761 2946935 AriaExecutor.h:641] Worker 4 latency: 2694 us (50%) 3248 us (75%) 3664 us (95%) 3763 us (99%).
I0911 23:28:23.033389 2946935 AriaExecutor.h:641] Worker 5 latency: 2691 us (50%) 3247 us (75%) 3663 us (95%) 3761 us (99%).
I0911 23:28:23.050515 2946935 AriaExecutor.h:641] Worker 6 latency: 2706 us (50%) 3254 us (75%) 3664 us (95%) 3764 us (99%).
I0911 23:28:23.069262 2946935 AriaExecutor.h:641] Worker 7 latency: 2702 us (50%) 3252 us (75%) 3663 us (95%) 3762 us (99%).
I0911 23:28:23.086004 2946935 AriaExecutor.h:641] Worker 8 latency: 2699 us (50%) 3250 us (75%) 3664 us (95%) 3763 us (99%).
I0911 23:28:23.104452 2946935 AriaExecutor.h:641] Worker 9 latency: 2697 us (50%) 3249 us (75%) 3663 us (95%) 3761 us (99%).
I0911 23:28:23.121549 2946935 AriaExecutor.h:641] Worker 10 latency: 2712 us (50%) 3257 us (75%) 3665 us (95%) 3764 us (99%).
I0911 23:28:23.140215 2946935 AriaExecutor.h:641] Worker 11 latency: 2707 us (50%) 3253 us (75%) 3663 us (95%) 3761 us (99%).
I0911 23:28:23.157173 2946935 AriaExecutor.h:641] Worker 12 latency: 2708 us (50%) 3255 us (75%) 3664 us (95%) 3763 us (99%).
I0911 23:28:23.175720 2946935 AriaExecutor.h:641] Worker 13 latency: 2692 us (50%) 3247 us (75%) 3663 us (95%) 3761 us (99%).
I0911 23:28:23.192677 2946935 AriaExecutor.h:641] Worker 14 latency: 2716 us (50%) 3259 us (75%) 3666 us (95%) 3763 us (99%).
I0911 23:28:23.211408 2946935 AriaExecutor.h:641] Worker 15 latency: 2711 us (50%) 3254 us (75%) 3663 us (95%) 3761 us (99%).
I0911 23:28:23.228018 2946935 Coordinator.h:177] total commit: 225790
I0911 23:28:24.228143 2946935 Coordinator.h:192] Coordinator exits.
