I0911 23:51:40.616838 2951323 Database.h:65] ycsb initialization finished in 197 milliseconds.
I0911 23:51:40.616961 2951323 Coordinator.h:30] Coordinator initializes 16 workers.
I0911 23:51:40.624854 2951323 Coordinator.h:77] Coordinator starts to run 17 workers.
I0911 23:51:40.624910 2951343 AriaExecutor.h:82] AriaExecutor 0 started. 
I0911 23:51:40.624965 2951344 AriaExecutor.h:82] AriaExecutor 1 started. 
I0911 23:51:40.625008 2951345 AriaExecutor.h:82] AriaExecutor 2 started. 
I0911 23:51:40.625061 2951346 AriaExecutor.h:82] AriaExecutor 3 started. 
I0911 23:51:40.625087 2951347 AriaExecutor.h:82] AriaExecutor 4 started. 
I0911 23:51:40.625130 2951348 AriaExecutor.h:82] AriaExecutor 5 started. 
I0911 23:51:40.625167 2951349 AriaExecutor.h:82] AriaExecutor 6 started. 
I0911 23:51:40.625207 2951350 AriaExecutor.h:82] AriaExecutor 7 started. 
I0911 23:51:40.625239 2951351 AriaExecutor.h:82] AriaExecutor 8 started. 
I0911 23:51:40.625280 2951352 AriaExecutor.h:82] AriaExecutor 9 started. 
I0911 23:51:40.625322 2951353 AriaExecutor.h:82] AriaExecutor 10 started. 
I0911 23:51:40.625370 2951354 AriaExecutor.h:82] AriaExecutor 11 started. 
I0911 23:51:40.625411 2951355 AriaExecutor.h:82] AriaExecutor 12 started. 
I0911 23:51:40.625453 2951356 AriaExecutor.h:82] AriaExecutor 13 started. 
I0911 23:51:40.625491 2951357 AriaExecutor.h:82] AriaExecutor 14 started. 
I0911 23:51:40.625536 2951358 AriaExecutor.h:82] AriaExecutor 15 started. 
I0911 23:51:40.625569 2951359 Manager.h:224] Manager(worker id = 16) on the coordinator node started.
I0911 23:51:41.625628 2951323 Coordinator.h:126] commit: 1067070 abort: 39874 (0/39874/0), network size: 0, avg network size: 0, si_in_serializable: 0 0 %, local: 0 %
I0911 23:51:42.625734 2951323 Coordinator.h:126] commit: 1053475 abort: 39133 (0/39133/0), network size: 0, avg network size: 0, si_in_serializable: 0 0 %, local: 0 %
I0911 23:51:43.625808 2951323 Coordinator.h:126] commit: 1029881 abort: 38151 (0/38151/0), network size: 0, avg network size: 0, si_in_serializable: 0 0 %, local: 0 %
I0911 23:51:44.625882 2951323 Coordinator.h:126] commit: 1040619 abort: 38677 (0/38677/0), network size: 0, avg network size: 0, si_in_serializable: 0 0 %, local: 0 %
I0911 23:51:45.625978 2951323 Coordinator.h:126] commit: 1060641 abort: 39135 (0/39135/0), network size: 0, avg network size: 0, si_in_serializable: 0 0 %, local: 0 %
I0911 23:51:46.626055 2951323 Coordinator.h:126] commit: 1077283 abort: 39901 (0/39901/0), network size: 0, avg network size: 0, si_in_serializable: 0 0 %, local: 0 %
I0911 23:51:47.626124 2951323 Coordinator.h:126] commit: 1079212 abort: 40020 (0/40020/0), network size: 0, avg network size: 0, si_in_serializable: 0 0 %, local: 0 %
I0911 23:51:48.626194 2951323 Coordinator.h:126] commit: 1037028 abort: 38172 (0/38172/0), network size: 0, avg network size: 0, si_in_serializable: 0 0 %, local: 0 %
I0911 23:51:49.626266 2951323 Coordinator.h:126] commit: 1073195 abort: 39893 (0/39893/0), network size: 0, avg network size: 0, si_in_serializable: 0 0 %, local: 0 %
I0911 23:51:50.626338 2951323 Coordinator.h:126] commit: 1058618 abort: 39110 (0/39110/0), network size: 0, avg network size: 0, si_in_serializable: 0 0 %, local: 0 %
I0911 23:51:51.626407 2951323 Coordinator.h:126] commit: 1077431 abort: 39753 (0/39753/0), network size: 0, avg network size: 0, si_in_serializable: 0 0 %, local: 0 %
I0911 23:51:52.626482 2951323 Coordinator.h:126] commit: 1046394 abort: 39046 (0/39046/0), network size: 0, avg network size: 0, si_in_serializable: 0 0 %, local: 0 %
I0911 23:51:53.626554 2951323 Coordinator.h:126] commit: 1078309 abort: 39899 (0/39899/0), network size: 0, avg network size: 0, si_in_serializable: 0 0 %, local: 0 %
I0911 23:51:54.626626 2951323 Coordinator.h:126] commit: 1061566 abort: 39234 (0/39234/0), network size: 0, avg network size: 0, si_in_serializable: 0 0 %, local: 0 %
I0911 23:51:55.626703 2951323 Coordinator.h:126] commit: 1076513 abort: 39647 (0/39647/0), network size: 0, avg network size: 0, si_in_serializable: 0 0 %, local: 0 %
I0911 23:51:56.626793 2951323 Coordinator.h:126] commit: 1007363 abort: 37117 (0/37117/0), network size: 0, avg network size: 0, si_in_serializable: 0 0 %, local: 0 %
I0911 23:51:57.626869 2951323 Coordinator.h:126] commit: 1073097 abort: 39991 (0/39991/0), network size: 0, avg network size: 0, si_in_serializable: 0 0 %, local: 0 %
I0911 23:51:58.626940 2951323 Coordinator.h:126] commit: 1077130 abort: 40054 (0/40054/0), network size: 0, avg network size: 0, si_in_serializable: 0 0 %, local: 0 %
I0911 23:51:59.627009 2951323 Coordinator.h:126] commit: 1076296 abort: 39864 (0/39864/0), network size: 0, avg network size: 0, si_in_serializable: 0 0 %, local: 0 %
I0911 23:52:00.627080 2951323 Coordinator.h:126] commit: 1076083 abort: 40077 (0/40077/0), network size: 0, avg network size: 0, si_in_serializable: 0 0 %, local: 0 %
I0911 23:52:01.627153 2951323 Coordinator.h:126] commit: 1076258 abort: 39902 (0/39902/0), network size: 0, avg network size: 0, si_in_serializable: 0 0 %, local: 0 %
I0911 23:52:02.627225 2951323 Coordinator.h:126] commit: 1075450 abort: 39686 (0/39686/0), network size: 0, avg network size: 0, si_in_serializable: 0 0 %, local: 0 %
I0911 23:52:03.627298 2951323 Coordinator.h:126] commit: 1074721 abort: 39391 (0/39391/0), network size: 0, avg network size: 0, si_in_serializable: 0 0 %, local: 0 %
I0911 23:52:04.627369 2951323 Coordinator.h:126] commit: 1076811 abort: 40373 (0/40373/0), network size: 0, avg network size: 0, si_in_serializable: 0 0 %, local: 0 %
I0911 23:52:05.627441 2951323 Coordinator.h:126] commit: 1077229 abort: 39955 (0/39955/0), network size: 0, avg network size: 0, si_in_serializable: 0 0 %, local: 0 %
I0911 23:52:05.627451 2951323 Coordinator.h:152] average commit: 1.06502e+06 abort: 39468.2 (0/39468.2/0), network size: 0, avg network size: 0, si_in_serializable: 0 0 %, local: 0 %
I0911 23:52:05.627708 2951351 AriaExecutor.h:94] AriaExecutor 8 exits. 
I0911 23:52:05.627719 2951359 Manager.h:227] Manager(worker id = 16) on the coordinator node exits.
I0911 23:52:05.627709 2951345 AriaExecutor.h:94] AriaExecutor 2 exits. 
I0911 23:52:05.627714 2951355 AriaExecutor.h:94] AriaExecutor 12 exits. 
I0911 23:52:05.627727 2951349 AriaExecutor.h:94] AriaExecutor 6 exits. 
I0911 23:52:05.627729 2951354 AriaExecutor.h:94] AriaExecutor 11 exits. 
I0911 23:52:05.627727 2951350 AriaExecutor.h:94] AriaExecutor 7 exits. 
I0911 23:52:05.627717 2951357 AriaExecutor.h:94] AriaExecutor 14 exits. 
I0911 23:52:05.627728 2951346 AriaExecutor.h:94] AriaExecutor 3 exits. 
I0911 23:52:05.627728 2951356 AriaExecutor.h:94] AriaExecutor 13 exits. 
I0911 23:52:05.627727 2951358 AriaExecutor.h:94] AriaExecutor 15 exits. 
I0911 23:52:05.627717 2951343 AriaExecutor.h:94] AriaExecutor 0 exits. 
I0911 23:52:05.627717 2951353 AriaExecutor.h:94] AriaExecutor 10 exits. 
I0911 23:52:05.627728 2951348 AriaExecutor.h:94] AriaExecutor 5 exits. 
I0911 23:52:05.627728 2951344 AriaExecutor.h:94] AriaExecutor 1 exits. 
I0911 23:52:05.627710 2951347 AriaExecutor.h:94] AriaExecutor 4 exits. 
I0911 23:52:05.627728 2951352 AriaExecutor.h:94] AriaExecutor 9 exits. 
I0911 23:52:05.627466 2951323 AriaExecutor.h:641] Worker 0 latency: 583 us (50%) 730 us (75%) 847 us (95%) 875 us (99%).
I0911 23:52:05.694253 2951323 AriaExecutor.h:641] Worker 1 latency: 581 us (50%) 728 us (75%) 846 us (95%) 873 us (99%).
I0911 23:52:05.761409 2951323 AriaExecutor.h:641] Worker 2 latency: 585 us (50%) 732 us (75%) 847 us (95%) 875 us (99%).
I0911 23:52:05.827503 2951323 AriaExecutor.h:641] Worker 3 latency: 583 us (50%) 729 us (75%) 846 us (95%) 873 us (99%).
I0911 23:52:05.892134 2951323 AriaExecutor.h:641] Worker 4 latency: 584 us (50%) 731 us (75%) 847 us (95%) 875 us (99%).
I0911 23:52:05.958160 2951323 AriaExecutor.h:641] Worker 5 latency: 581 us (50%) 728 us (75%) 845 us (95%) 873 us (99%).
I0911 23:52:06.034579 2951323 AriaExecutor.h:641] Worker 6 latency: 585 us (50%) 731 us (75%) 847 us (95%) 875 us (99%).
I0911 23:52:06.098270 2951323 AriaExecutor.h:641] Worker 7 latency: 581 us (50%) 728 us (75%) 846 us (95%) 874 us (99%).
I0911 23:52:06.173512 2951323 AriaExecutor.h:641] Worker 8 latency: 582 us (50%) 730 us (75%) 847 us (95%) 875 us (99%).
I0911 23:52:06.239681 2951323 AriaExecutor.h:641] Worker 9 latency: 580 us (50%) 727 us (75%) 846 us (95%) 873 us (99%).
I0911 23:52:06.304214 2951323 AriaExecutor.h:641] Worker 10 latency: 585 us (50%) 731 us (75%) 847 us (95%) 875 us (99%).
I0911 23:52:06.368921 2951323 AriaExecutor.h:641] Worker 11 latency: 582 us (50%) 728 us (75%) 846 us (95%) 873 us (99%).
I0911 23:52:06.443872 2951323 AriaExecutor.h:641] Worker 12 latency: 585 us (50%) 731 us (75%) 847 us (95%) 875 us (99%).
I0911 23:52:06.508360 2951323 AriaExecutor.h:641] Worker 13 latency: 581 us (50%) 728 us (75%) 845 us (95%) 873 us (99%).
I0911 23:52:06.582700 2951323 AriaExecutor.h:641] Worker 14 latency: 586 us (50%) 731 us (75%) 847 us (95%) 875 us (99%).
I0911 23:52:06.648636 2951323 AriaExecutor.h:641] Worker 15 latency: 582 us (50%) 728 us (75%) 845 us (95%) 873 us (99%).
I0911 23:52:06.723475 2951323 Coordinator.h:177] total commit: 1.06502e+06
I0911 23:52:07.723587 2951323 Coordinator.h:192] Coordinator exits.
