I0911 22:11:51.563375 2932208 Database.h:65] ycsb initialization finished in 146 milliseconds.
I0911 22:11:51.563503 2932208 Coordinator.h:30] Coordinator initializes 16 workers.
I0911 22:11:51.578907 2932208 Coordinator.h:77] Coordinator starts to run 17 workers.
I0911 22:11:51.579012 2932228 AriaExecutor.h:82] AriaExecutor 0 started. 
I0911 22:11:51.579027 2932229 AriaExecutor.h:82] AriaExecutor 1 started. 
I0911 22:11:51.579095 2932230 AriaExecutor.h:82] AriaExecutor 2 started. 
I0911 22:11:51.579126 2932231 AriaExecutor.h:82] AriaExecutor 3 started. 
I0911 22:11:51.579167 2932232 AriaExecutor.h:82] AriaExecutor 4 started. 
I0911 22:11:51.579202 2932233 AriaExecutor.h:82] AriaExecutor 5 started. 
I0911 22:11:51.579234 2932234 AriaExecutor.h:82] AriaExecutor 6 started. 
I0911 22:11:51.579272 2932235 AriaExecutor.h:82] AriaExecutor 7 started. 
I0911 22:11:51.579311 2932236 AriaExecutor.h:82] AriaExecutor 8 started. 
I0911 22:11:51.579340 2932237 AriaExecutor.h:82] AriaExecutor 9 started. 
I0911 22:11:51.579381 2932238 AriaExecutor.h:82] AriaExecutor 10 started. 
I0911 22:11:51.579411 2932239 AriaExecutor.h:82] AriaExecutor 11 started. 
I0911 22:11:51.579452 2932240 AriaExecutor.h:82] AriaExecutor 12 started. 
I0911 22:11:51.579492 2932241 AriaExecutor.h:82] AriaExecutor 13 started. 
I0911 22:11:51.579528 2932242 AriaExecutor.h:82] AriaExecutor 14 started. 
I0911 22:11:51.579558 2932243 AriaExecutor.h:82] AriaExecutor 15 started. 
I0911 22:11:51.579597 2932244 Manager.h:224] Manager(worker id = 16) on the coordinator node started.
I0911 22:11:52.579653 2932208 Coordinator.h:126] commit: 63592 abort: 104344 (0/104344/0), network size: 0, avg network size: 0, si_in_serializable: 0 0 %, local: 0 %
I0911 22:11:53.579814 2932208 Coordinator.h:126] commit: 64167 abort: 105817 (0/105817/0), network size: 0, avg network size: 0, si_in_serializable: 0 0 %, local: 0 %
I0911 22:11:54.579905 2932208 Coordinator.h:126] commit: 63190 abort: 104746 (0/104746/0), network size: 0, avg network size: 0, si_in_serializable: 0 0 %, local: 0 %
I0911 22:11:55.580011 2932208 Coordinator.h:126] commit: 63364 abort: 104572 (0/104572/0), network size: 0, avg network size: 0, si_in_serializable: 0 0 %, local: 0 %
I0911 22:11:56.580186 2932208 Coordinator.h:126] commit: 65572 abort: 108508 (0/108508/0), network size: 0, avg network size: 0, si_in_serializable: 0 0 %, local: 0 %
I0911 22:11:57.580302 2932208 Coordinator.h:126] commit: 66486 abort: 109642 (0/109642/0), network size: 0, avg network size: 0, si_in_serializable: 0 0 %, local: 0 %
I0911 22:11:58.580387 2932208 Coordinator.h:126] commit: 65798 abort: 108282 (0/108282/0), network size: 0, avg network size: 0, si_in_serializable: 0 0 %, local: 0 %
I0911 22:11:59.580469 2932208 Coordinator.h:126] commit: 65845 abort: 108235 (0/108235/0), network size: 0, avg network size: 0, si_in_serializable: 0 0 %, local: 0 %
I0911 22:12:00.580555 2932208 Coordinator.h:126] commit: 64378 abort: 105606 (0/105606/0), network size: 0, avg network size: 0, si_in_serializable: 0 0 %, local: 0 %
I0911 22:12:01.580644 2932208 Coordinator.h:126] commit: 64778 abort: 107254 (0/107254/0), network size: 0, avg network size: 0, si_in_serializable: 0 0 %, local: 0 %
I0911 22:12:02.580734 2932208 Coordinator.h:126] commit: 65903 abort: 108177 (0/108177/0), network size: 0, avg network size: 0, si_in_serializable: 0 0 %, local: 0 %
I0911 22:12:03.580878 2932208 Coordinator.h:126] commit: 66098 abort: 110030 (0/110030/0), network size: 0, avg network size: 0, si_in_serializable: 0 0 %, local: 0 %
I0911 22:12:04.581022 2932208 Coordinator.h:126] commit: 65546 abort: 108534 (0/108534/0), network size: 0, avg network size: 0, si_in_serializable: 0 0 %, local: 0 %
I0911 22:12:05.581125 2932208 Coordinator.h:126] commit: 65993 abort: 108087 (0/108087/0), network size: 0, avg network size: 0, si_in_serializable: 0 0 %, local: 0 %
I0911 22:12:06.581228 2932208 Coordinator.h:126] commit: 66572 abort: 109556 (0/109556/0), network size: 0, avg network size: 0, si_in_serializable: 0 0 %, local: 0 %
I0911 22:12:07.581317 2932208 Coordinator.h:126] commit: 65648 abort: 108432 (0/108432/0), network size: 0, avg network size: 0, si_in_serializable: 0 0 %, local: 0 %
I0911 22:12:08.581403 2932208 Coordinator.h:126] commit: 65555 abort: 108525 (0/108525/0), network size: 0, avg network size: 0, si_in_serializable: 0 0 %, local: 0 %
I0911 22:12:09.581497 2932208 Coordinator.h:126] commit: 66509 abort: 109619 (0/109619/0), network size: 0, avg network size: 0, si_in_serializable: 0 0 %, local: 0 %
I0911 22:12:10.581589 2932208 Coordinator.h:126] commit: 66044 abort: 108036 (0/108036/0), network size: 0, avg network size: 0, si_in_serializable: 0 0 %, local: 0 %
I0911 22:12:11.581681 2932208 Coordinator.h:126] commit: 65527 abort: 108553 (0/108553/0), network size: 0, avg network size: 0, si_in_serializable: 0 0 %, local: 0 %
I0911 22:12:12.581761 2932208 Coordinator.h:126] commit: 65706 abort: 108374 (0/108374/0), network size: 0, avg network size: 0, si_in_serializable: 0 0 %, local: 0 %
I0911 22:12:13.581840 2932208 Coordinator.h:126] commit: 64839 abort: 107193 (0/107193/0), network size: 0, avg network size: 0, si_in_serializable: 0 0 %, local: 0 %
I0911 22:12:14.581921 2932208 Coordinator.h:126] commit: 64690 abort: 107342 (0/107342/0), network size: 0, avg network size: 0, si_in_serializable: 0 0 %, local: 0 %
I0911 22:12:15.582046 2932208 Coordinator.h:126] commit: 65885 abort: 108195 (0/108195/0), network size: 0, avg network size: 0, si_in_serializable: 0 0 %, local: 0 %
I0911 22:12:16.582154 2932208 Coordinator.h:126] commit: 65009 abort: 107023 (0/107023/0), network size: 0, avg network size: 0, si_in_serializable: 0 0 %, local: 0 %
I0911 22:12:16.582170 2932208 Coordinator.h:152] average commit: 65939.5 abort: 108755 (0/108755/0), network size: 0, avg network size: 0, si_in_serializable: 0 0 %, local: 0 %
I0911 22:12:16.585403 2932233 AriaExecutor.h:94] AriaExecutor 5 exits. 
I0911 22:12:16.585418 2932244 Manager.h:227] Manager(worker id = 16) on the coordinator node exits.
I0911 22:12:16.585405 2932235 AriaExecutor.h:94] AriaExecutor 7 exits. 
I0911 22:12:16.585413 2932242 AriaExecutor.h:94] AriaExecutor 14 exits. 
I0911 22:12:16.585403 2932243 AriaExecutor.h:94] AriaExecutor 15 exits. 
I0911 22:12:16.585409 2932234 AriaExecutor.h:94] AriaExecutor 6 exits. 
I0911 22:12:16.585403 2932231 AriaExecutor.h:94] AriaExecutor 3 exits. 
I0911 22:12:16.585412 2932232 AriaExecutor.h:94] AriaExecutor 4 exits. 
I0911 22:12:16.585410 2932238 AriaExecutor.h:94] AriaExecutor 10 exits. 
I0911 22:12:16.585405 2932228 AriaExecutor.h:94] AriaExecutor 0 exits. 
I0911 22:12:16.585413 2932236 AriaExecutor.h:94] AriaExecutor 8 exits. 
I0911 22:12:16.585403 2932237 AriaExecutor.h:94] AriaExecutor 9 exits. 
I0911 22:12:16.585417 2932240 AriaExecutor.h:94] AriaExecutor 12 exits. 
I0911 22:12:16.585415 2932229 AriaExecutor.h:94] AriaExecutor 1 exits. 
I0911 22:12:16.585403 2932241 AriaExecutor.h:94] AriaExecutor 13 exits. 
I0911 22:12:16.585410 2932230 AriaExecutor.h:94] AriaExecutor 2 exits. 
I0911 22:12:16.585404 2932239 AriaExecutor.h:94] AriaExecutor 11 exits. 
I0911 22:12:16.582180 2932208 AriaExecutor.h:535] Worker 0 latency: 10159 us (50%) 10731 us (75%) 11070 us (95%) 11443 us (99%).
I0911 22:12:16.588289 2932208 AriaExecutor.h:535] Worker 1 latency: 10154 us (50%) 10725 us (75%) 11071 us (95%) 11417 us (99%).
I0911 22:12:16.593673 2932208 AriaExecutor.h:535] Worker 2 latency: 10149 us (50%) 10724 us (75%) 11065 us (95%) 11408 us (99%).
I0911 22:12:16.599681 2932208 AriaExecutor.h:535] Worker 3 latency: 10151 us (50%) 10727 us (75%) 11070 us (95%) 11405 us (99%).
I0911 22:12:16.605047 2932208 AriaExecutor.h:535] Worker 4 latency: 10137 us (50%) 10720 us (75%) 11066 us (95%) 11405 us (99%).
I0911 22:12:16.610966 2932208 AriaExecutor.h:535] Worker 5 latency: 10141 us (50%) 10726 us (75%) 11071 us (95%) 11424 us (99%).
I0911 22:12:16.616354 2932208 AriaExecutor.h:535] Worker 6 latency: 10149 us (50%) 10725 us (75%) 11065 us (95%) 11413 us (99%).
I0911 22:12:16.622253 2932208 AriaExecutor.h:535] Worker 7 latency: 10159 us (50%) 10732 us (75%) 11071 us (95%) 11408 us (99%).
I0911 22:12:16.627660 2932208 AriaExecutor.h:535] Worker 8 latency: 10146 us (50%) 10723 us (75%) 11067 us (95%) 11410 us (99%).
I0911 22:12:16.633503 2932208 AriaExecutor.h:535] Worker 9 latency: 10145 us (50%) 10726 us (75%) 11070 us (95%) 11413 us (99%).
I0911 22:12:16.638779 2932208 AriaExecutor.h:535] Worker 10 latency: 10149 us (50%) 10720 us (75%) 11061 us (95%) 11406 us (99%).
I0911 22:12:16.644618 2932208 AriaExecutor.h:535] Worker 11 latency: 10155 us (50%) 10726 us (75%) 11066 us (95%) 11406 us (99%).
I0911 22:12:16.649920 2932208 AriaExecutor.h:535] Worker 12 latency: 10142 us (50%) 10718 us (75%) 11060 us (95%) 11402 us (99%).
I0911 22:12:16.655735 2932208 AriaExecutor.h:535] Worker 13 latency: 10143 us (50%) 10725 us (75%) 11071 us (95%) 11410 us (99%).
I0911 22:12:16.660995 2932208 AriaExecutor.h:535] Worker 14 latency: 10154 us (50%) 10724 us (75%) 11061 us (95%) 11413 us (99%).
I0911 22:12:16.666810 2932208 AriaExecutor.h:535] Worker 15 latency: 10131 us (50%) 10712 us (75%) 11062 us (95%) 11402 us (99%).
I0911 22:12:16.672051 2932208 Coordinator.h:177] total commit: 65939.5
I0911 22:12:17.672169 2932208 Coordinator.h:192] Coordinator exits.
