I1126 13:36:52.387540 938816 Database.h:65] ycsb initialization finished in 30 milliseconds.
I1126 13:36:52.387635 938816 Coordinator.h:30] Coordinator initializes 12 workers.
I1126 13:36:52.459420 938816 Coordinator.h:77] Coordinator starts to run 13 workers.
I1126 13:36:52.459487 938832 AriaExecutor.h:82] AriaExecutor 0 started. 
I1126 13:36:52.459515 938833 AriaExecutor.h:82] AriaExecutor 1 started. 
I1126 13:36:52.459553 938834 AriaExecutor.h:82] AriaExecutor 2 started. 
I1126 13:36:52.459596 938835 AriaExecutor.h:82] AriaExecutor 3 started. 
I1126 13:36:52.459679 938837 AriaExecutor.h:82] AriaExecutor 5 started. 
I1126 13:36:52.459721 938838 AriaExecutor.h:82] AriaExecutor 6 started. 
I1126 13:36:52.459760 938839 AriaExecutor.h:82] AriaExecutor 7 started. 
I1126 13:36:52.459791 938840 AriaExecutor.h:82] AriaExecutor 8 started. 
I1126 13:36:52.459836 938841 AriaExecutor.h:82] AriaExecutor 9 started. 
I1126 13:36:52.459872 938842 AriaExecutor.h:82] AriaExecutor 10 started. 
I1126 13:36:52.459920 938843 AriaExecutor.h:82] AriaExecutor 11 started. 
I1126 13:36:52.459954 938836 AriaExecutor.h:82] AriaExecutor 4 started. 
I1126 13:36:52.459960 938844 Manager.h:224] Manager(worker id = 12) on the coordinator node started.
I1126 13:36:53.460026 938816 Coordinator.h:126] commit: 4884 abort: 205116 (0/205116/0), network size: 0, avg network size: 0, si_in_serializable: 0 0 %, local: 0 %
I1126 13:36:54.460153 938816 Coordinator.h:126] commit: 5113 abort: 214887 (0/214887/0), network size: 0, avg network size: 0, si_in_serializable: 0 0 %, local: 0 %
I1126 13:36:55.460291 938816 Coordinator.h:126] commit: 5329 abort: 224671 (0/224671/0), network size: 0, avg network size: 0, si_in_serializable: 0 0 %, local: 0 %
I1126 13:36:56.460414 938816 Coordinator.h:126] commit: 5263 abort: 224737 (0/224737/0), network size: 0, avg network size: 0, si_in_serializable: 0 0 %, local: 0 %
I1126 13:36:57.460525 938816 Coordinator.h:126] commit: 5016 abort: 214984 (0/214984/0), network size: 0, avg network size: 0, si_in_serializable: 0 0 %, local: 0 %
I1126 13:36:58.460642 938816 Coordinator.h:126] commit: 5394 abort: 224606 (0/224606/0), network size: 0, avg network size: 0, si_in_serializable: 0 0 %, local: 0 %
I1126 13:36:59.460774 938816 Coordinator.h:126] commit: 5410 abort: 224590 (0/224590/0), network size: 0, avg network size: 0, si_in_serializable: 0 0 %, local: 0 %
I1126 13:37:00.460896 938816 Coordinator.h:126] commit: 5256 abort: 224744 (0/224744/0), network size: 0, avg network size: 0, si_in_serializable: 0 0 %, local: 0 %
I1126 13:37:01.461023 938816 Coordinator.h:126] commit: 5316 abort: 224684 (0/224684/0), network size: 0, avg network size: 0, si_in_serializable: 0 0 %, local: 0 %
I1126 13:37:02.461138 938816 Coordinator.h:126] commit: 5363 abort: 224637 (0/224637/0), network size: 0, avg network size: 0, si_in_serializable: 0 0 %, local: 0 %
I1126 13:37:03.461256 938816 Coordinator.h:126] commit: 5277 abort: 224723 (0/224723/0), network size: 0, avg network size: 0, si_in_serializable: 0 0 %, local: 0 %
I1126 13:37:04.461376 938816 Coordinator.h:126] commit: 5373 abort: 224627 (0/224627/0), network size: 0, avg network size: 0, si_in_serializable: 0 0 %, local: 0 %
I1126 13:37:05.461490 938816 Coordinator.h:126] commit: 5448 abort: 224552 (0/224552/0), network size: 0, avg network size: 0, si_in_serializable: 0 0 %, local: 0 %
I1126 13:37:06.461617 938816 Coordinator.h:126] commit: 5510 abort: 224490 (0/224490/0), network size: 0, avg network size: 0, si_in_serializable: 0 0 %, local: 0 %
I1126 13:37:07.461725 938816 Coordinator.h:126] commit: 5356 abort: 224644 (0/224644/0), network size: 0, avg network size: 0, si_in_serializable: 0 0 %, local: 0 %
I1126 13:37:08.461817 938816 Coordinator.h:126] commit: 5297 abort: 224703 (0/224703/0), network size: 0, avg network size: 0, si_in_serializable: 0 0 %, local: 0 %
I1126 13:37:09.461938 938816 Coordinator.h:126] commit: 5319 abort: 224681 (0/224681/0), network size: 0, avg network size: 0, si_in_serializable: 0 0 %, local: 0 %
I1126 13:37:10.462064 938816 Coordinator.h:126] commit: 5139 abort: 214861 (0/214861/0), network size: 0, avg network size: 0, si_in_serializable: 0 0 %, local: 0 %
I1126 13:37:11.462177 938816 Coordinator.h:126] commit: 5390 abort: 224610 (0/224610/0), network size: 0, avg network size: 0, si_in_serializable: 0 0 %, local: 0 %
I1126 13:37:12.462276 938816 Coordinator.h:126] commit: 5350 abort: 224650 (0/224650/0), network size: 0, avg network size: 0, si_in_serializable: 0 0 %, local: 0 %
I1126 13:37:13.462392 938816 Coordinator.h:126] commit: 5393 abort: 224607 (0/224607/0), network size: 0, avg network size: 0, si_in_serializable: 0 0 %, local: 0 %
I1126 13:37:14.462504 938816 Coordinator.h:126] commit: 5431 abort: 224569 (0/224569/0), network size: 0, avg network size: 0, si_in_serializable: 0 0 %, local: 0 %
I1126 13:37:15.462623 938816 Coordinator.h:126] commit: 5420 abort: 224580 (0/224580/0), network size: 0, avg network size: 0, si_in_serializable: 0 0 %, local: 0 %
I1126 13:37:16.462733 938816 Coordinator.h:126] commit: 5335 abort: 224665 (0/224665/0), network size: 0, avg network size: 0, si_in_serializable: 0 0 %, local: 0 %
I1126 13:37:17.462852 938816 Coordinator.h:126] commit: 5274 abort: 224726 (0/224726/0), network size: 0, avg network size: 0, si_in_serializable: 0 0 %, local: 0 %
I1126 13:37:17.462893 938816 Coordinator.h:152] average commit: 5345.9 abort: 223654 (0/223654/0), network size: 0, avg network size: 0, si_in_serializable: 0 0 %, local: 0 %
I1126 13:37:17.462903 938816 AriaExecutor.h:535] Worker 0 latency: 43015 us (50%) 43325 us (75%) 44444 us (95%) 51537 us (99%).
I1126 13:37:17.493816 938834 AriaExecutor.h:94] AriaExecutor 2 exits. 
I1126 13:37:17.493829 938835 AriaExecutor.h:94] AriaExecutor 3 exits. 
I1126 13:37:17.493816 938840 AriaExecutor.h:94] AriaExecutor 8 exits. 
I1126 13:37:17.493817 938836 AriaExecutor.h:94] AriaExecutor 4 exits. 
I1126 13:37:17.493816 938842 AriaExecutor.h:94] AriaExecutor 10 exits. 
I1126 13:37:17.493819 938832 AriaExecutor.h:94] AriaExecutor 0 exits. 
I1126 13:37:17.493820 938838 AriaExecutor.h:94] AriaExecutor 6 exits. 
I1126 13:37:17.493829 938837 AriaExecutor.h:94] AriaExecutor 5 exits. 
I1126 13:37:17.493829 938843 AriaExecutor.h:94] AriaExecutor 11 exits. 
I1126 13:37:17.493829 938839 AriaExecutor.h:94] AriaExecutor 7 exits. 
I1126 13:37:17.493829 938833 AriaExecutor.h:94] AriaExecutor 1 exits. 
I1126 13:37:17.493831 938841 AriaExecutor.h:94] AriaExecutor 9 exits. 
I1126 13:37:17.493816 938844 Manager.h:227] Manager(worker id = 12) on the coordinator node exits.
I1126 13:37:17.494014 938816 AriaExecutor.h:535] Worker 1 latency: 43012 us (50%) 43321 us (75%) 44485 us (95%) 50907 us (99%).
I1126 13:37:17.494807 938816 AriaExecutor.h:535] Worker 2 latency: 43013 us (50%) 43326 us (75%) 44503 us (95%) 51917 us (99%).
I1126 13:37:17.495419 938816 AriaExecutor.h:535] Worker 3 latency: 43006 us (50%) 43306 us (75%) 44350 us (95%) 50772 us (99%).
I1126 13:37:17.496071 938816 AriaExecutor.h:535] Worker 4 latency: 43010 us (50%) 43321 us (75%) 44415 us (95%) 51315 us (99%).
I1126 13:37:17.496706 938816 AriaExecutor.h:535] Worker 5 latency: 43018 us (50%) 43329 us (75%) 44464 us (95%) 51843 us (99%).
I1126 13:37:17.497380 938816 AriaExecutor.h:535] Worker 6 latency: 43009 us (50%) 43316 us (75%) 44403 us (95%) 51766 us (99%).
I1126 13:37:17.497987 938816 AriaExecutor.h:535] Worker 7 latency: 43009 us (50%) 43310 us (75%) 44410 us (95%) 51443 us (99%).
I1126 13:37:17.498636 938816 AriaExecutor.h:535] Worker 8 latency: 43014 us (50%) 43319 us (75%) 44435 us (95%) 52137 us (99%).
I1126 13:37:17.499230 938816 AriaExecutor.h:535] Worker 9 latency: 42997 us (50%) 43305 us (75%) 44402 us (95%) 52103 us (99%).
I1126 13:37:17.499873 938816 AriaExecutor.h:535] Worker 10 latency: 43016 us (50%) 43320 us (75%) 44406 us (95%) 50992 us (99%).
I1126 13:37:17.500473 938816 AriaExecutor.h:535] Worker 11 latency: 43000 us (50%) 43303 us (75%) 44385 us (95%) 50793 us (99%).
I1126 13:37:17.501129 938816 Coordinator.h:177] total commit: 5345.9
I1126 13:37:18.501255 938816 Coordinator.h:192] Coordinator exits.
