I0911 22:17:47.629117 2933382 Database.h:65] ycsb initialization finished in 146 milliseconds.
I0911 22:17:47.629237 2933382 Coordinator.h:30] Coordinator initializes 16 workers.
I0911 22:17:47.659703 2933382 Coordinator.h:77] Coordinator starts to run 17 workers.
I0911 22:17:47.659772 2933402 AriaExecutor.h:82] AriaExecutor 0 started. 
I0911 22:17:47.659802 2933403 AriaExecutor.h:82] AriaExecutor 1 started. 
I0911 22:17:47.659847 2933404 AriaExecutor.h:82] AriaExecutor 2 started. 
I0911 22:17:47.659899 2933405 AriaExecutor.h:82] AriaExecutor 3 started. 
I0911 22:17:47.659935 2933406 AriaExecutor.h:82] AriaExecutor 4 started. 
I0911 22:17:47.659981 2933407 AriaExecutor.h:82] AriaExecutor 5 started. 
I0911 22:17:47.660018 2933408 AriaExecutor.h:82] AriaExecutor 6 started. 
I0911 22:17:47.660055 2933409 AriaExecutor.h:82] AriaExecutor 7 started. 
I0911 22:17:47.660089 2933410 AriaExecutor.h:82] AriaExecutor 8 started. 
I0911 22:17:47.660131 2933411 AriaExecutor.h:82] AriaExecutor 9 started. 
I0911 22:17:47.660176 2933412 AriaExecutor.h:82] AriaExecutor 10 started. 
I0911 22:17:47.660223 2933413 AriaExecutor.h:82] AriaExecutor 11 started. 
I0911 22:17:47.660264 2933414 AriaExecutor.h:82] AriaExecutor 12 started. 
I0911 22:17:47.660307 2933415 AriaExecutor.h:82] AriaExecutor 13 started. 
I0911 22:17:47.660341 2933416 AriaExecutor.h:82] AriaExecutor 14 started. 
I0911 22:17:47.660382 2933417 AriaExecutor.h:82] AriaExecutor 15 started. 
I0911 22:17:47.660423 2933418 Manager.h:224] Manager(worker id = 16) on the coordinator node started.
I0911 22:17:48.660467 2933382 Coordinator.h:126] commit: 1076208 abort: 21520 (0/21520/0), network size: 0, avg network size: 0, si_in_serializable: 0 0 %, local: 0 %
I0911 22:17:49.660557 2933382 Coordinator.h:126] commit: 1069324 abort: 21504 (0/21504/0), network size: 0, avg network size: 0, si_in_serializable: 0 0 %, local: 0 %
I0911 22:17:50.660620 2933382 Coordinator.h:126] commit: 1042444 abort: 21223 (0/21223/0), network size: 0, avg network size: 0, si_in_serializable: 0 0 %, local: 0 %
I0911 22:17:51.660694 2933382 Coordinator.h:126] commit: 1035924 abort: 20844 (0/20844/0), network size: 0, avg network size: 0, si_in_serializable: 0 0 %, local: 0 %
I0911 22:17:52.660779 2933382 Coordinator.h:126] commit: 1080257 abort: 21567 (0/21567/0), network size: 0, avg network size: 0, si_in_serializable: 0 0 %, local: 0 %
I0911 22:17:53.660853 2933382 Coordinator.h:126] commit: 1084359 abort: 21635 (0/21635/0), network size: 0, avg network size: 0, si_in_serializable: 0 0 %, local: 0 %
I0911 22:17:54.660913 2933382 Coordinator.h:126] commit: 1088186 abort: 21754 (0/21754/0), network size: 0, avg network size: 0, si_in_serializable: 0 0 %, local: 0 %
I0911 22:17:55.660991 2933382 Coordinator.h:126] commit: 1072612 abort: 21020 (0/21020/0), network size: 0, avg network size: 0, si_in_serializable: 0 0 %, local: 0 %
I0911 22:17:56.661060 2933382 Coordinator.h:126] commit: 1080447 abort: 21377 (0/21377/0), network size: 0, avg network size: 0, si_in_serializable: 0 0 %, local: 0 %
I0911 22:17:57.661125 2933382 Coordinator.h:126] commit: 1071978 abort: 21654 (0/21654/0), network size: 0, avg network size: 0, si_in_serializable: 0 0 %, local: 0 %
I0911 22:17:58.661186 2933382 Coordinator.h:126] commit: 1084015 abort: 21905 (0/21905/0), network size: 0, avg network size: 0, si_in_serializable: 0 0 %, local: 0 %
I0911 22:17:59.661259 2933382 Coordinator.h:126] commit: 1059208 abort: 21344 (0/21344/0), network size: 0, avg network size: 0, si_in_serializable: 0 0 %, local: 0 %
I0911 22:18:00.661321 2933382 Coordinator.h:126] commit: 1084832 abort: 21880 (0/21880/0), network size: 0, avg network size: 0, si_in_serializable: 0 0 %, local: 0 %
I0911 22:18:01.661384 2933382 Coordinator.h:126] commit: 1068067 abort: 21469 (0/21469/0), network size: 0, avg network size: 0, si_in_serializable: 0 0 %, local: 0 %
I0911 22:18:02.661464 2933382 Coordinator.h:126] commit: 1084196 abort: 21724 (0/21724/0), network size: 0, avg network size: 0, si_in_serializable: 0 0 %, local: 0 %
I0911 22:18:03.661545 2933382 Coordinator.h:126] commit: 1059802 abort: 21542 (0/21542/0), network size: 0, avg network size: 0, si_in_serializable: 0 0 %, local: 0 %
I0911 22:18:04.661605 2933382 Coordinator.h:126] commit: 1084039 abort: 21881 (0/21881/0), network size: 0, avg network size: 0, si_in_serializable: 0 0 %, local: 0 %
I0911 22:18:05.661665 2933382 Coordinator.h:126] commit: 1088149 abort: 21867 (0/21867/0), network size: 0, avg network size: 0, si_in_serializable: 0 0 %, local: 0 %
I0911 22:18:06.661726 2933382 Coordinator.h:126] commit: 1084501 abort: 21419 (0/21419/0), network size: 0, avg network size: 0, si_in_serializable: 0 0 %, local: 0 %
I0911 22:18:07.661800 2933382 Coordinator.h:126] commit: 1084331 abort: 21589 (0/21589/0), network size: 0, avg network size: 0, si_in_serializable: 0 0 %, local: 0 %
I0911 22:18:08.661862 2933382 Coordinator.h:126] commit: 1084183 abort: 21737 (0/21737/0), network size: 0, avg network size: 0, si_in_serializable: 0 0 %, local: 0 %
I0911 22:18:09.661926 2933382 Coordinator.h:126] commit: 1087916 abort: 22100 (0/22100/0), network size: 0, avg network size: 0, si_in_serializable: 0 0 %, local: 0 %
I0911 22:18:10.661988 2933382 Coordinator.h:126] commit: 1084156 abort: 21764 (0/21764/0), network size: 0, avg network size: 0, si_in_serializable: 0 0 %, local: 0 %
I0911 22:18:11.662057 2933382 Coordinator.h:126] commit: 1067962 abort: 21574 (0/21574/0), network size: 0, avg network size: 0, si_in_serializable: 0 0 %, local: 0 %
I0911 22:18:12.662118 2933382 Coordinator.h:126] commit: 1064146 abort: 21294 (0/21294/0), network size: 0, avg network size: 0, si_in_serializable: 0 0 %, local: 0 %
I0911 22:18:12.662128 2933382 Coordinator.h:152] average commit: 1.07811e+06 abort: 21662 (0/21662/0), network size: 0, avg network size: 0, si_in_serializable: 0 0 %, local: 0 %
I0911 22:18:12.664593 2933412 AriaExecutor.h:94] AriaExecutor 10 exits. 
I0911 22:18:12.664592 2933402 AriaExecutor.h:94] AriaExecutor 0 exits. 
I0911 22:18:12.664593 2933408 AriaExecutor.h:94] AriaExecutor 6 exits. 
I0911 22:18:12.664613 2933405 AriaExecutor.h:94] AriaExecutor 3 exits. 
I0911 22:18:12.664594 2933406 AriaExecutor.h:94] AriaExecutor 4 exits. 
I0911 22:18:12.664608 2933407 AriaExecutor.h:94] AriaExecutor 5 exits. 
I0911 22:18:12.664608 2933409 AriaExecutor.h:94] AriaExecutor 7 exits. 
I0911 22:18:12.664608 2933411 AriaExecutor.h:94] AriaExecutor 9 exits. 
I0911 22:18:12.664609 2933417 AriaExecutor.h:94] AriaExecutor 15 exits. 
I0911 22:18:12.664592 2933416 AriaExecutor.h:94] AriaExecutor 14 exits. 
I0911 22:18:12.664608 2933415 AriaExecutor.h:94] AriaExecutor 13 exits. 
I0911 22:18:12.664594 2933404 AriaExecutor.h:94] AriaExecutor 2 exits. 
I0911 22:18:12.664593 2933410 AriaExecutor.h:94] AriaExecutor 8 exits. 
I0911 22:18:12.664595 2933414 AriaExecutor.h:94] AriaExecutor 12 exits. 
I0911 22:18:12.664608 2933413 AriaExecutor.h:94] AriaExecutor 11 exits. 
I0911 22:18:12.664609 2933403 AriaExecutor.h:94] AriaExecutor 1 exits. 
I0911 22:18:12.664595 2933418 Manager.h:227] Manager(worker id = 16) on the coordinator node exits.
I0911 22:18:12.662137 2933382 AriaExecutor.h:535] Worker 0 latency: 2336 us (50%) 2934 us (75%) 3409 us (95%) 3510 us (99%).
I0911 22:18:12.730104 2933382 AriaExecutor.h:535] Worker 1 latency: 2333 us (50%) 2932 us (75%) 3407 us (95%) 3508 us (99%).
I0911 22:18:12.806771 2933382 AriaExecutor.h:535] Worker 2 latency: 2347 us (50%) 2939 us (75%) 3410 us (95%) 3509 us (99%).
I0911 22:18:12.874718 2933382 AriaExecutor.h:535] Worker 3 latency: 2336 us (50%) 2933 us (75%) 3408 us (95%) 3508 us (99%).
I0911 22:18:12.951915 2933382 AriaExecutor.h:535] Worker 4 latency: 2339 us (50%) 2935 us (75%) 3409 us (95%) 3509 us (99%).
I0911 22:18:13.020450 2933382 AriaExecutor.h:535] Worker 5 latency: 2332 us (50%) 2931 us (75%) 3407 us (95%) 3507 us (99%).
I0911 22:18:13.095886 2933382 AriaExecutor.h:535] Worker 6 latency: 2344 us (50%) 2937 us (75%) 3409 us (95%) 3509 us (99%).
I0911 22:18:13.164981 2933382 AriaExecutor.h:535] Worker 7 latency: 2338 us (50%) 2934 us (75%) 3408 us (95%) 3508 us (99%).
I0911 22:18:13.240878 2933382 AriaExecutor.h:535] Worker 8 latency: 2337 us (50%) 2932 us (75%) 3408 us (95%) 3508 us (99%).
I0911 22:18:13.308923 2933382 AriaExecutor.h:535] Worker 9 latency: 2332 us (50%) 2930 us (75%) 3406 us (95%) 3507 us (99%).
I0911 22:18:13.385072 2933382 AriaExecutor.h:535] Worker 10 latency: 2348 us (50%) 2938 us (75%) 3409 us (95%) 3509 us (99%).
I0911 22:18:13.453670 2933382 AriaExecutor.h:535] Worker 11 latency: 2337 us (50%) 2932 us (75%) 3406 us (95%) 3507 us (99%).
I0911 22:18:13.529732 2933382 AriaExecutor.h:535] Worker 12 latency: 2345 us (50%) 2936 us (75%) 3409 us (95%) 3509 us (99%).
I0911 22:18:13.597796 2933382 AriaExecutor.h:535] Worker 13 latency: 2332 us (50%) 2930 us (75%) 3406 us (95%) 3508 us (99%).
I0911 22:18:13.673218 2933382 AriaExecutor.h:535] Worker 14 latency: 2350 us (50%) 2940 us (75%) 3410 us (95%) 3510 us (99%).
I0911 22:18:13.741852 2933382 AriaExecutor.h:535] Worker 15 latency: 2339 us (50%) 2934 us (75%) 3407 us (95%) 3508 us (99%).
I0911 22:18:13.817085 2933382 Coordinator.h:177] total commit: 1.07811e+06
I0911 22:18:14.817196 2933382 Coordinator.h:192] Coordinator exits.
