I1126 13:37:18.613395 939108 Database.h:65] ycsb initialization finished in 30 milliseconds.
I1126 13:37:18.613488 939108 Coordinator.h:30] Coordinator initializes 12 workers.
I1126 13:37:18.621189 939108 Coordinator.h:77] Coordinator starts to run 13 workers.
I1126 13:37:18.621268 939124 AriaExecutor.h:82] AriaExecutor 0 started. 
I1126 13:37:18.621281 939125 AriaExecutor.h:82] AriaExecutor 1 started. 
I1126 13:37:18.621330 939126 AriaExecutor.h:82] AriaExecutor 2 started. 
I1126 13:37:18.621371 939127 AriaExecutor.h:82] AriaExecutor 3 started. 
I1126 13:37:18.621397 939128 AriaExecutor.h:82] AriaExecutor 4 started. 
I1126 13:37:18.621435 939129 AriaExecutor.h:82] AriaExecutor 5 started. 
I1126 13:37:18.621470 939130 AriaExecutor.h:82] AriaExecutor 6 started. 
I1126 13:37:18.621505 939131 AriaExecutor.h:82] AriaExecutor 7 started. 
I1126 13:37:18.621538 939132 AriaExecutor.h:82] AriaExecutor 8 started. 
I1126 13:37:18.621575 939133 AriaExecutor.h:82] AriaExecutor 9 started. 
I1126 13:37:18.621601 939134 AriaExecutor.h:82] AriaExecutor 10 started. 
I1126 13:37:18.621642 939135 AriaExecutor.h:82] AriaExecutor 11 started. 
I1126 13:37:18.621670 939136 Manager.h:224] Manager(worker id = 12) on the coordinator node started.
I1126 13:37:19.621724 939108 Coordinator.h:126] commit: 813149 abort: 36851 (0/36851/0), network size: 0, avg network size: 0, si_in_serializable: 0 0 %, local: 0 %
I1126 13:37:20.621833 939108 Coordinator.h:126] commit: 796662 abort: 36338 (0/36338/0), network size: 0, avg network size: 0, si_in_serializable: 0 0 %, local: 0 %
I1126 13:37:21.621950 939108 Coordinator.h:126] commit: 820956 abort: 37063 (0/37063/0), network size: 0, avg network size: 0, si_in_serializable: 0 0 %, local: 0 %
I1126 13:37:22.622038 939108 Coordinator.h:126] commit: 814058 abort: 36923 (0/36923/0), network size: 0, avg network size: 0, si_in_serializable: 0 0 %, local: 0 %
I1126 13:37:23.622130 939108 Coordinator.h:126] commit: 823413 abort: 37587 (0/37587/0), network size: 0, avg network size: 0, si_in_serializable: 0 0 %, local: 0 %
I1126 13:37:24.622226 939108 Coordinator.h:126] commit: 815005 abort: 36995 (0/36995/0), network size: 0, avg network size: 0, si_in_serializable: 0 0 %, local: 0 %
I1126 13:37:25.622344 939108 Coordinator.h:126] commit: 818622 abort: 37378 (0/37378/0), network size: 0, avg network size: 0, si_in_serializable: 0 0 %, local: 0 %
I1126 13:37:26.622439 939108 Coordinator.h:126] commit: 799862 abort: 36138 (0/36138/0), network size: 0, avg network size: 0, si_in_serializable: 0 0 %, local: 0 %
I1126 13:37:27.622526 939108 Coordinator.h:126] commit: 823796 abort: 37204 (0/37204/0), network size: 0, avg network size: 0, si_in_serializable: 0 0 %, local: 0 %
I1126 13:37:28.622609 939108 Coordinator.h:126] commit: 823581 abort: 37419 (0/37419/0), network size: 0, avg network size: 0, si_in_serializable: 0 0 %, local: 0 %
I1126 13:37:29.622692 939108 Coordinator.h:126] commit: 824137 abort: 37863 (0/37863/0), network size: 0, avg network size: 0, si_in_serializable: 0 0 %, local: 0 %
I1126 13:37:30.622803 939108 Coordinator.h:126] commit: 821563 abort: 37437 (0/37437/0), network size: 0, avg network size: 0, si_in_serializable: 0 0 %, local: 0 %
I1126 13:37:31.622890 939108 Coordinator.h:126] commit: 811680 abort: 37320 (0/37320/0), network size: 0, avg network size: 0, si_in_serializable: 0 0 %, local: 0 %
I1126 13:37:32.622968 939108 Coordinator.h:126] commit: 823685 abort: 37315 (0/37315/0), network size: 0, avg network size: 0, si_in_serializable: 0 0 %, local: 0 %
I1126 13:37:33.623059 939108 Coordinator.h:126] commit: 822367 abort: 37633 (0/37633/0), network size: 0, avg network size: 0, si_in_serializable: 0 0 %, local: 0 %
I1126 13:37:34.623153 939108 Coordinator.h:126] commit: 767365 abort: 34635 (0/34635/0), network size: 0, avg network size: 0, si_in_serializable: 0 0 %, local: 0 %
I1126 13:37:35.623250 939108 Coordinator.h:126] commit: 823662 abort: 37338 (0/37338/0), network size: 0, avg network size: 0, si_in_serializable: 0 0 %, local: 0 %
I1126 13:37:36.623339 939108 Coordinator.h:126] commit: 824420 abort: 37580 (0/37580/0), network size: 0, avg network size: 0, si_in_serializable: 0 0 %, local: 0 %
I1126 13:37:37.623418 939108 Coordinator.h:126] commit: 821771 abort: 37229 (0/37229/0), network size: 0, avg network size: 0, si_in_serializable: 0 0 %, local: 0 %
I1126 13:37:38.623504 939108 Coordinator.h:126] commit: 824848 abort: 37152 (0/37152/0), network size: 0, avg network size: 0, si_in_serializable: 0 0 %, local: 0 %
I1126 13:37:39.623610 939108 Coordinator.h:126] commit: 823407 abort: 37593 (0/37593/0), network size: 0, avg network size: 0, si_in_serializable: 0 0 %, local: 0 %
I1126 13:37:40.623710 939108 Coordinator.h:126] commit: 823748 abort: 37252 (0/37252/0), network size: 0, avg network size: 0, si_in_serializable: 0 0 %, local: 0 %
I1126 13:37:41.623809 939108 Coordinator.h:126] commit: 823495 abort: 37505 (0/37505/0), network size: 0, avg network size: 0, si_in_serializable: 0 0 %, local: 0 %
I1126 13:37:42.623896 939108 Coordinator.h:126] commit: 823526 abort: 37474 (0/37474/0), network size: 0, avg network size: 0, si_in_serializable: 0 0 %, local: 0 %
I1126 13:37:43.623975 939108 Coordinator.h:126] commit: 821704 abort: 37296 (0/37296/0), network size: 0, avg network size: 0, si_in_serializable: 0 0 %, local: 0 %
I1126 13:37:43.623987 939108 Coordinator.h:152] average commit: 816550 abort: 37150.2 (0/37150.2/0), network size: 0, avg network size: 0, si_in_serializable: 0 0 %, local: 0 %
I1126 13:37:43.624747 939132 AriaExecutor.h:94] AriaExecutor 8 exits. 
I1126 13:37:43.624749 939134 AriaExecutor.h:94] AriaExecutor 10 exits. 
I1126 13:37:43.624758 939133 AriaExecutor.h:94] AriaExecutor 9 exits. 
I1126 13:37:43.624749 939136 Manager.h:227] Manager(worker id = 12) on the coordinator node exits.
I1126 13:37:43.624750 939128 AriaExecutor.h:94] AriaExecutor 4 exits. 
I1126 13:37:43.624750 939130 AriaExecutor.h:94] AriaExecutor 6 exits. 
I1126 13:37:43.624748 939124 AriaExecutor.h:94] AriaExecutor 0 exits. 
I1126 13:37:43.624758 939129 AriaExecutor.h:94] AriaExecutor 5 exits. 
I1126 13:37:43.624758 939125 AriaExecutor.h:94] AriaExecutor 1 exits. 
I1126 13:37:43.624758 939131 AriaExecutor.h:94] AriaExecutor 7 exits. 
I1126 13:37:43.624758 939127 AriaExecutor.h:94] AriaExecutor 3 exits. 
I1126 13:37:43.624758 939135 AriaExecutor.h:94] AriaExecutor 11 exits. 
I1126 13:37:43.624748 939126 AriaExecutor.h:94] AriaExecutor 2 exits. 
I1126 13:37:43.623998 939108 AriaExecutor.h:535] Worker 0 latency: 748 us (50%) 927 us (75%) 1067 us (95%) 1097 us (99%).
I1126 13:37:43.695664 939108 AriaExecutor.h:535] Worker 1 latency: 748 us (50%) 926 us (75%) 1066 us (95%) 1097 us (99%).
I1126 13:37:43.773766 939108 AriaExecutor.h:535] Worker 2 latency: 750 us (50%) 927 us (75%) 1067 us (95%) 1097 us (99%).
I1126 13:37:43.847291 939108 AriaExecutor.h:535] Worker 3 latency: 749 us (50%) 926 us (75%) 1066 us (95%) 1097 us (99%).
I1126 13:37:43.927167 939108 AriaExecutor.h:535] Worker 4 latency: 752 us (50%) 928 us (75%) 1067 us (95%) 1097 us (99%).
I1126 13:37:43.997974 939108 AriaExecutor.h:535] Worker 5 latency: 750 us (50%) 927 us (75%) 1066 us (95%) 1097 us (99%).
I1126 13:37:44.078894 939108 AriaExecutor.h:535] Worker 6 latency: 754 us (50%) 929 us (75%) 1066 us (95%) 1097 us (99%).
I1126 13:37:44.150265 939108 AriaExecutor.h:535] Worker 7 latency: 751 us (50%) 927 us (75%) 1066 us (95%) 1097 us (99%).
I1126 13:37:44.229457 939108 AriaExecutor.h:535] Worker 8 latency: 753 us (50%) 928 us (75%) 1067 us (95%) 1097 us (99%).
I1126 13:37:44.300326 939108 AriaExecutor.h:535] Worker 9 latency: 752 us (50%) 928 us (75%) 1066 us (95%) 1097 us (99%).
I1126 13:37:44.378396 939108 AriaExecutor.h:535] Worker 10 latency: 753 us (50%) 928 us (75%) 1067 us (95%) 1097 us (99%).
I1126 13:37:44.449807 939108 AriaExecutor.h:535] Worker 11 latency: 752 us (50%) 928 us (75%) 1066 us (95%) 1097 us (99%).
I1126 13:37:44.527908 939108 Coordinator.h:177] total commit: 816550
I1126 13:37:45.528017 939108 Coordinator.h:192] Coordinator exits.
