I1126 16:17:43.459952 1036877 Database.h:65] ycsb initialization finished in 30 milliseconds.
I1126 16:17:43.460041 1036877 Coordinator.h:30] Coordinator initializes 12 workers.
I1126 16:17:43.532490 1036877 Coordinator.h:77] Coordinator starts to run 13 workers.
I1126 16:17:43.532558 1036893 AriaExecutor.h:93] AriaExecutor 0 started. 
I1126 16:17:43.532593 1036894 AriaExecutor.h:93] AriaExecutor 1 started. 
I1126 16:17:43.532635 1036895 AriaExecutor.h:93] AriaExecutor 2 started. 
I1126 16:17:43.532677 1036896 AriaExecutor.h:93] AriaExecutor 3 started. 
I1126 16:17:43.532757 1036898 AriaExecutor.h:93] AriaExecutor 5 started. 
I1126 16:17:43.532794 1036899 AriaExecutor.h:93] AriaExecutor 6 started. 
I1126 16:17:43.532835 1036900 AriaExecutor.h:93] AriaExecutor 7 started. 
I1126 16:17:43.532869 1036901 AriaExecutor.h:93] AriaExecutor 8 started. 
I1126 16:17:43.532915 1036902 AriaExecutor.h:93] AriaExecutor 9 started. 
I1126 16:17:43.532958 1036903 AriaExecutor.h:93] AriaExecutor 10 started. 
I1126 16:17:43.533003 1036904 AriaExecutor.h:93] AriaExecutor 11 started. 
I1126 16:17:43.533035 1036897 AriaExecutor.h:93] AriaExecutor 4 started. 
I1126 16:17:43.533041 1036905 Manager.h:224] Manager(worker id = 12) on the coordinator node started.
I1126 16:17:44.533109 1036877 Coordinator.h:126] commit: 52 abort: 229948 (0/229948/0), network size: 0, avg network size: 0, si_in_serializable: 0 0 %, local: 0 %
I1126 16:17:45.533221 1036877 Coordinator.h:126] commit: 58 abort: 239942 (0/239942/0), network size: 0, avg network size: 0, si_in_serializable: 0 0 %, local: 0 %
I1126 16:17:46.533324 1036877 Coordinator.h:126] commit: 60 abort: 239940 (0/239940/0), network size: 0, avg network size: 0, si_in_serializable: 0 0 %, local: 0 %
I1126 16:17:47.533406 1036877 Coordinator.h:126] commit: 49 abort: 249951 (0/249951/0), network size: 0, avg network size: 0, si_in_serializable: 0 0 %, local: 0 %
I1126 16:17:48.533483 1036877 Coordinator.h:126] commit: 50 abort: 239950 (0/239950/0), network size: 0, avg network size: 0, si_in_serializable: 0 0 %, local: 0 %
I1126 16:17:49.533560 1036877 Coordinator.h:126] commit: 58 abort: 249942 (0/249942/0), network size: 0, avg network size: 0, si_in_serializable: 0 0 %, local: 0 %
I1126 16:17:50.533655 1036877 Coordinator.h:126] commit: 51 abort: 239949 (0/239949/0), network size: 0, avg network size: 0, si_in_serializable: 0 0 %, local: 0 %
I1126 16:17:51.533743 1036877 Coordinator.h:126] commit: 61 abort: 249939 (0/249939/0), network size: 0, avg network size: 0, si_in_serializable: 0 0 %, local: 0 %
I1126 16:17:52.533821 1036877 Coordinator.h:126] commit: 59 abort: 249941 (0/249941/0), network size: 0, avg network size: 0, si_in_serializable: 0 0 %, local: 0 %
I1126 16:17:53.533898 1036877 Coordinator.h:126] commit: 57 abort: 249943 (0/249943/0), network size: 0, avg network size: 0, si_in_serializable: 0 0 %, local: 0 %
I1126 16:17:54.533972 1036877 Coordinator.h:126] commit: 60 abort: 249940 (0/249940/0), network size: 0, avg network size: 0, si_in_serializable: 0 0 %, local: 0 %
I1126 16:17:55.534044 1036877 Coordinator.h:126] commit: 51 abort: 239949 (0/239949/0), network size: 0, avg network size: 0, si_in_serializable: 0 0 %, local: 0 %
I1126 16:17:56.534116 1036877 Coordinator.h:126] commit: 52 abort: 249948 (0/249948/0), network size: 0, avg network size: 0, si_in_serializable: 0 0 %, local: 0 %
I1126 16:17:57.534211 1036877 Coordinator.h:126] commit: 50 abort: 249950 (0/249950/0), network size: 0, avg network size: 0, si_in_serializable: 0 0 %, local: 0 %
I1126 16:17:58.534288 1036877 Coordinator.h:126] commit: 48 abort: 239952 (0/239952/0), network size: 0, avg network size: 0, si_in_serializable: 0 0 %, local: 0 %
I1126 16:17:59.534361 1036877 Coordinator.h:126] commit: 57 abort: 249943 (0/249943/0), network size: 0, avg network size: 0, si_in_serializable: 0 0 %, local: 0 %
I1126 16:18:00.534436 1036877 Coordinator.h:126] commit: 53 abort: 249947 (0/249947/0), network size: 0, avg network size: 0, si_in_serializable: 0 0 %, local: 0 %
I1126 16:18:01.534526 1036877 Coordinator.h:126] commit: 48 abort: 249952 (0/249952/0), network size: 0, avg network size: 0, si_in_serializable: 0 0 %, local: 0 %
I1126 16:18:02.534598 1036877 Coordinator.h:126] commit: 53 abort: 239947 (0/239947/0), network size: 0, avg network size: 0, si_in_serializable: 0 0 %, local: 0 %
I1126 16:18:03.534670 1036877 Coordinator.h:126] commit: 64 abort: 249936 (0/249936/0), network size: 0, avg network size: 0, si_in_serializable: 0 0 %, local: 0 %
I1126 16:18:04.534859 1036877 Coordinator.h:126] commit: 50 abort: 239950 (0/239950/0), network size: 0, avg network size: 0, si_in_serializable: 0 0 %, local: 0 %
I1126 16:18:05.534993 1036877 Coordinator.h:126] commit: 52 abort: 249948 (0/249948/0), network size: 0, avg network size: 0, si_in_serializable: 0 0 %, local: 0 %
I1126 16:18:06.535079 1036877 Coordinator.h:126] commit: 47 abort: 249953 (0/249953/0), network size: 0, avg network size: 0, si_in_serializable: 0 0 %, local: 0 %
I1126 16:18:07.535157 1036877 Coordinator.h:126] commit: 54 abort: 239946 (0/239946/0), network size: 0, avg network size: 0, si_in_serializable: 0 0 %, local: 0 %
I1126 16:18:08.535238 1036877 Coordinator.h:126] commit: 46 abort: 249954 (0/249954/0), network size: 0, avg network size: 0, si_in_serializable: 0 0 %, local: 0 %
I1126 16:18:08.535251 1036877 Coordinator.h:152] average commit: 53.6 abort: 246946 (0/246946/0), network size: 0, avg network size: 0, si_in_serializable: 0 0 %, local: 0 %
I1126 16:18:08.535264 1036877 AriaExecutor.h:672] Worker 0 latency: 40336 us (50%) 40543 us (75%) 42040 us (95%) 47890 us (99%).
I1126 16:18:08.567129 1036905 Manager.h:227] Manager(worker id = 12) on the coordinator node exits.
I1126 16:18:08.567130 1036899 AriaExecutor.h:105] AriaExecutor 6 exits. 
I1126 16:18:08.567143 1036904 AriaExecutor.h:105] AriaExecutor 11 exits. 
I1126 16:18:08.567132 1036901 AriaExecutor.h:105] AriaExecutor 8 exits. 
I1126 16:18:08.567133 1036897 AriaExecutor.h:105] AriaExecutor 4 exits. 
I1126 16:18:08.567132 1036895 AriaExecutor.h:105] AriaExecutor 2 exits. 
I1126 16:18:08.567134 1036903 AriaExecutor.h:105] AriaExecutor 10 exits. 
I1126 16:18:08.567143 1036894 AriaExecutor.h:105] AriaExecutor 1 exits. 
I1126 16:18:08.567144 1036898 AriaExecutor.h:105] AriaExecutor 5 exits. 
I1126 16:18:08.567143 1036896 AriaExecutor.h:105] AriaExecutor 3 exits. 
I1126 16:18:08.567144 1036902 AriaExecutor.h:105] AriaExecutor 9 exits. 
I1126 16:18:08.567132 1036893 AriaExecutor.h:105] AriaExecutor 0 exits. 
I1126 16:18:08.567143 1036900 AriaExecutor.h:105] AriaExecutor 7 exits. 
I1126 16:18:08.567389 1036877 AriaExecutor.h:672] Worker 1 latency: 40373 us (50%) 40569 us (75%) 42111 us (95%) 49302 us (99%).
I1126 16:18:08.567405 1036877 AriaExecutor.h:672] Worker 2 latency: 40356 us (50%) 40577 us (75%) 42012 us (95%) 44775 us (99%).
I1126 16:18:08.567413 1036877 AriaExecutor.h:672] Worker 3 latency: 40363 us (50%) 40592 us (75%) 42222 us (95%) 55225 us (99%).
I1126 16:18:08.567420 1036877 AriaExecutor.h:672] Worker 4 latency: 40291 us (50%) 40500 us (75%) 41602 us (95%) 42388 us (99%).
I1126 16:18:08.567456 1036877 AriaExecutor.h:672] Worker 5 latency: 40277 us (50%) 40621 us (75%) 42475 us (95%) 43107 us (99%).
I1126 16:18:08.567476 1036877 AriaExecutor.h:672] Worker 6 latency: 40221 us (50%) 40479 us (75%) 41677 us (95%) 41983 us (99%).
I1126 16:18:08.567490 1036877 AriaExecutor.h:672] Worker 7 latency: 40352 us (50%) 40478 us (75%) 44747 us (95%) 55012 us (99%).
I1126 16:18:08.567505 1036877 AriaExecutor.h:672] Worker 8 latency: 40369 us (50%) 40516 us (75%) 41995 us (95%) 42220 us (99%).
I1126 16:18:08.567517 1036877 AriaExecutor.h:672] Worker 9 latency: 40168 us (50%) 40514 us (75%) 55226 us (95%) 55226 us (99%).
I1126 16:18:08.567528 1036877 AriaExecutor.h:672] Worker 10 latency: 40079 us (50%) 40577 us (75%) 44781 us (95%) 44781 us (99%).
I1126 16:18:08.567539 1036877 AriaExecutor.h:672] Worker 11 latency: 40333 us (50%) 40476 us (75%) 48105 us (95%) 48105 us (99%).
I1126 16:18:08.567561 1036877 Coordinator.h:177] total commit: 53.6
I1126 16:18:09.567677 1036877 Coordinator.h:192] Coordinator exits.
