I0911 23:08:17.034966 2943131 Database.h:65] ycsb initialization finished in 145 milliseconds.
I0911 23:08:17.035081 2943131 Coordinator.h:30] Coordinator initializes 16 workers.
I0911 23:08:17.050421 2943131 Coordinator.h:77] Coordinator starts to run 17 workers.
I0911 23:08:17.050483 2943151 AriaExecutor.h:82] AriaExecutor 0 started. 
I0911 23:08:17.050529 2943152 AriaExecutor.h:82] AriaExecutor 1 started. 
I0911 23:08:17.050577 2943153 AriaExecutor.h:82] AriaExecutor 2 started. 
I0911 23:08:17.050628 2943154 AriaExecutor.h:82] AriaExecutor 3 started. 
I0911 23:08:17.050657 2943155 AriaExecutor.h:82] AriaExecutor 4 started. 
I0911 23:08:17.050704 2943156 AriaExecutor.h:82] AriaExecutor 5 started. 
I0911 23:08:17.050734 2943157 AriaExecutor.h:82] AriaExecutor 6 started. 
I0911 23:08:17.050781 2943158 AriaExecutor.h:82] AriaExecutor 7 started. 
I0911 23:08:17.050823 2943159 AriaExecutor.h:82] AriaExecutor 8 started. 
I0911 23:08:17.050860 2943160 AriaExecutor.h:82] AriaExecutor 9 started. 
I0911 23:08:17.050894 2943161 AriaExecutor.h:82] AriaExecutor 10 started. 
I0911 23:08:17.050935 2943162 AriaExecutor.h:82] AriaExecutor 11 started. 
I0911 23:08:17.050968 2943163 AriaExecutor.h:82] AriaExecutor 12 started. 
I0911 23:08:17.051008 2943164 AriaExecutor.h:82] AriaExecutor 13 started. 
I0911 23:08:17.051049 2943165 AriaExecutor.h:82] AriaExecutor 14 started. 
I0911 23:08:17.051091 2943166 AriaExecutor.h:82] AriaExecutor 15 started. 
I0911 23:08:17.051126 2943167 Manager.h:224] Manager(worker id = 16) on the coordinator node started.
I0911 23:08:18.051172 2943131 Coordinator.h:126] commit: 1365284 abort: 10972 (0/10972/0), network size: 0, avg network size: 0, si_in_serializable: 0 0 %, local: 0 %
I0911 23:08:19.051270 2943131 Coordinator.h:126] commit: 1348838 abort: 11034 (0/11034/0), network size: 0, avg network size: 0, si_in_serializable: 0 0 %, local: 0 %
I0911 23:08:20.051345 2943131 Coordinator.h:126] commit: 1312305 abort: 10703 (0/10703/0), network size: 0, avg network size: 0, si_in_serializable: 0 0 %, local: 0 %
I0911 23:08:21.051424 2943131 Coordinator.h:126] commit: 1318436 abort: 10716 (0/10716/0), network size: 0, avg network size: 0, si_in_serializable: 0 0 %, local: 0 %
I0911 23:08:22.051529 2943131 Coordinator.h:126] commit: 1383518 abort: 11170 (0/11170/0), network size: 0, avg network size: 0, si_in_serializable: 0 0 %, local: 0 %
I0911 23:08:23.051616 2943131 Coordinator.h:126] commit: 1385412 abort: 11324 (0/11324/0), network size: 0, avg network size: 0, si_in_serializable: 0 0 %, local: 0 %
I0911 23:08:24.051697 2943131 Coordinator.h:126] commit: 1367182 abort: 11122 (0/11122/0), network size: 0, avg network size: 0, si_in_serializable: 0 0 %, local: 0 %
I0911 23:08:25.051784 2943131 Coordinator.h:126] commit: 1377195 abort: 11272 (0/11272/0), network size: 0, avg network size: 0, si_in_serializable: 0 0 %, local: 0 %
I0911 23:08:26.051864 2943131 Coordinator.h:126] commit: 1375469 abort: 11104 (0/11104/0), network size: 0, avg network size: 0, si_in_serializable: 0 0 %, local: 0 %
I0911 23:08:27.051942 2943131 Coordinator.h:126] commit: 1381463 abort: 11177 (0/11177/0), network size: 0, avg network size: 0, si_in_serializable: 0 0 %, local: 0 %
I0911 23:08:28.052016 2943131 Coordinator.h:126] commit: 1385591 abort: 11145 (0/11145/0), network size: 0, avg network size: 0, si_in_serializable: 0 0 %, local: 0 %
I0911 23:08:29.052090 2943131 Coordinator.h:126] commit: 1340836 abort: 10844 (0/10844/0), network size: 0, avg network size: 0, si_in_serializable: 0 0 %, local: 0 %
I0911 23:08:30.052168 2943131 Coordinator.h:126] commit: 1338933 abort: 10699 (0/10699/0), network size: 0, avg network size: 0, si_in_serializable: 0 0 %, local: 0 %
I0911 23:08:31.052248 2943131 Coordinator.h:126] commit: 1336696 abort: 10888 (0/10888/0), network size: 0, avg network size: 0, si_in_serializable: 0 0 %, local: 0 %
I0911 23:08:32.052321 2943131 Coordinator.h:126] commit: 1381487 abort: 11153 (0/11153/0), network size: 0, avg network size: 0, si_in_serializable: 0 0 %, local: 0 %
I0911 23:08:33.052428 2943131 Coordinator.h:126] commit: 1371152 abort: 11248 (0/11248/0), network size: 0, avg network size: 0, si_in_serializable: 0 0 %, local: 0 %
I0911 23:08:34.052517 2943131 Coordinator.h:126] commit: 1379325 abort: 11267 (0/11267/0), network size: 0, avg network size: 0, si_in_serializable: 0 0 %, local: 0 %
I0911 23:08:35.052596 2943131 Coordinator.h:126] commit: 1379358 abort: 11234 (0/11234/0), network size: 0, avg network size: 0, si_in_serializable: 0 0 %, local: 0 %
I0911 23:08:36.052675 2943131 Coordinator.h:126] commit: 1377225 abort: 11319 (0/11319/0), network size: 0, avg network size: 0, si_in_serializable: 0 0 %, local: 0 %
I0911 23:08:37.052757 2943131 Coordinator.h:126] commit: 1381476 abort: 11164 (0/11164/0), network size: 0, avg network size: 0, si_in_serializable: 0 0 %, local: 0 %
I0911 23:08:38.052834 2943131 Coordinator.h:126] commit: 1381485 abort: 11155 (0/11155/0), network size: 0, avg network size: 0, si_in_serializable: 0 0 %, local: 0 %
I0911 23:08:39.052915 2943131 Coordinator.h:126] commit: 1379607 abort: 10985 (0/10985/0), network size: 0, avg network size: 0, si_in_serializable: 0 0 %, local: 0 %
I0911 23:08:40.053004 2943131 Coordinator.h:126] commit: 1379533 abort: 11059 (0/11059/0), network size: 0, avg network size: 0, si_in_serializable: 0 0 %, local: 0 %
I0911 23:08:41.053087 2943131 Coordinator.h:126] commit: 1379443 abort: 11149 (0/11149/0), network size: 0, avg network size: 0, si_in_serializable: 0 0 %, local: 0 %
I0911 23:08:42.053169 2943131 Coordinator.h:126] commit: 1265746 abort: 10158 (0/10158/0), network size: 0, avg network size: 0, si_in_serializable: 0 0 %, local: 0 %
I0911 23:08:42.053197 2943131 Coordinator.h:152] average commit: 1.36721e+06 abort: 11096.1 (0/11096.1/0), network size: 0, avg network size: 0, si_in_serializable: 0 0 %, local: 0 %
I0911 23:08:42.054039 2943167 Manager.h:227] Manager(worker id = 16) on the coordinator node exits.
I0911 23:08:42.054039 2943157 AriaExecutor.h:94] AriaExecutor 6 exits. 
I0911 23:08:42.054040 2943159 AriaExecutor.h:94] AriaExecutor 8 exits. 
I0911 23:08:42.054057 2943158 AriaExecutor.h:94] AriaExecutor 7 exits. 
I0911 23:08:42.054071 2943160 AriaExecutor.h:94] AriaExecutor 9 exits. 
I0911 23:08:42.054057 2943166 AriaExecutor.h:94] AriaExecutor 15 exits. 
I0911 23:08:42.054057 2943164 AriaExecutor.h:94] AriaExecutor 13 exits. 
I0911 23:08:42.054057 2943156 AriaExecutor.h:94] AriaExecutor 5 exits. 
I0911 23:08:42.054059 2943152 AriaExecutor.h:94] AriaExecutor 1 exits. 
I0911 23:08:42.054057 2943162 AriaExecutor.h:94] AriaExecutor 11 exits. 
I0911 23:08:42.054059 2943154 AriaExecutor.h:94] AriaExecutor 3 exits. 
I0911 23:08:42.054042 2943165 AriaExecutor.h:94] AriaExecutor 14 exits. 
I0911 23:08:42.054045 2943163 AriaExecutor.h:94] AriaExecutor 12 exits. 
I0911 23:08:42.054046 2943153 AriaExecutor.h:94] AriaExecutor 2 exits. 
I0911 23:08:42.054042 2943155 AriaExecutor.h:94] AriaExecutor 4 exits. 
I0911 23:08:42.054044 2943161 AriaExecutor.h:94] AriaExecutor 10 exits. 
I0911 23:08:42.054042 2943151 AriaExecutor.h:94] AriaExecutor 0 exits. 
I0911 23:08:42.053207 2943131 AriaExecutor.h:641] Worker 0 latency: 985 us (50%) 1186 us (75%) 1354 us (95%) 1432 us (99%).
I0911 23:08:42.133975 2943131 AriaExecutor.h:641] Worker 1 latency: 983 us (50%) 1184 us (75%) 1352 us (95%) 1431 us (99%).
I0911 23:08:42.214993 2943131 AriaExecutor.h:641] Worker 2 latency: 990 us (50%) 1188 us (75%) 1355 us (95%) 1433 us (99%).
I0911 23:08:42.293783 2943131 AriaExecutor.h:641] Worker 3 latency: 983 us (50%) 1185 us (75%) 1352 us (95%) 1431 us (99%).
I0911 23:08:42.376102 2943131 AriaExecutor.h:641] Worker 4 latency: 986 us (50%) 1187 us (75%) 1354 us (95%) 1432 us (99%).
I0911 23:08:42.455279 2943131 AriaExecutor.h:641] Worker 5 latency: 980 us (50%) 1183 us (75%) 1352 us (95%) 1431 us (99%).
I0911 23:08:42.535324 2943131 AriaExecutor.h:641] Worker 6 latency: 989 us (50%) 1188 us (75%) 1354 us (95%) 1432 us (99%).
I0911 23:08:42.614387 2943131 AriaExecutor.h:641] Worker 7 latency: 984 us (50%) 1185 us (75%) 1353 us (95%) 1431 us (99%).
I0911 23:08:42.695010 2943131 AriaExecutor.h:641] Worker 8 latency: 987 us (50%) 1187 us (75%) 1354 us (95%) 1432 us (99%).
I0911 23:08:42.773788 2943131 AriaExecutor.h:641] Worker 9 latency: 982 us (50%) 1183 us (75%) 1352 us (95%) 1431 us (99%).
I0911 23:08:42.854051 2943131 AriaExecutor.h:641] Worker 10 latency: 992 us (50%) 1188 us (75%) 1355 us (95%) 1432 us (99%).
I0911 23:08:42.932729 2943131 AriaExecutor.h:641] Worker 11 latency: 984 us (50%) 1185 us (75%) 1353 us (95%) 1431 us (99%).
I0911 23:08:43.012876 2943131 AriaExecutor.h:641] Worker 12 latency: 993 us (50%) 1189 us (75%) 1355 us (95%) 1432 us (99%).
I0911 23:08:43.092216 2943131 AriaExecutor.h:641] Worker 13 latency: 981 us (50%) 1183 us (75%) 1352 us (95%) 1431 us (99%).
I0911 23:08:43.173310 2943131 AriaExecutor.h:641] Worker 14 latency: 993 us (50%) 1189 us (75%) 1355 us (95%) 1432 us (99%).
I0911 23:08:43.251562 2943131 AriaExecutor.h:641] Worker 15 latency: 984 us (50%) 1184 us (75%) 1352 us (95%) 1431 us (99%).
I0911 23:08:43.332304 2943131 Coordinator.h:177] total commit: 1.36721e+06
I0911 23:08:44.332412 2943131 Coordinator.h:192] Coordinator exits.
