I1126 13:23:06.292328 929887 Database.h:65] ycsb initialization finished in 30 milliseconds.
I1126 13:23:06.292424 929887 Coordinator.h:30] Coordinator initializes 12 workers.
I1126 13:23:06.300102 929887 Coordinator.h:77] Coordinator starts to run 13 workers.
I1126 13:23:06.300154 929903 AriaExecutor.h:82] AriaExecutor 0 started. 
I1126 13:23:06.300182 929904 AriaExecutor.h:82] AriaExecutor 1 started. 
I1126 13:23:06.300225 929905 AriaExecutor.h:82] AriaExecutor 2 started. 
I1126 13:23:06.300262 929906 AriaExecutor.h:82] AriaExecutor 3 started. 
I1126 13:23:06.300302 929907 AriaExecutor.h:82] AriaExecutor 4 started. 
I1126 13:23:06.300350 929908 AriaExecutor.h:82] AriaExecutor 5 started. 
I1126 13:23:06.300395 929909 AriaExecutor.h:82] AriaExecutor 6 started. 
I1126 13:23:06.300449 929910 AriaExecutor.h:82] AriaExecutor 7 started. 
I1126 13:23:06.300490 929911 AriaExecutor.h:82] AriaExecutor 8 started. 
I1126 13:23:06.300546 929912 AriaExecutor.h:82] AriaExecutor 9 started. 
I1126 13:23:06.300587 929913 AriaExecutor.h:82] AriaExecutor 10 started. 
I1126 13:23:06.300647 929914 AriaExecutor.h:82] AriaExecutor 11 started. 
I1126 13:23:06.300693 929915 Manager.h:224] Manager(worker id = 12) on the coordinator node started.
I1126 13:23:07.300745 929887 Coordinator.h:126] commit: 1067276 abort: 28724 (0/28724/0), network size: 0, avg network size: 0, si_in_serializable: 0 0 %, local: 0 %
I1126 13:23:08.300872 929887 Coordinator.h:126] commit: 1057368 abort: 28632 (0/28632/0), network size: 0, avg network size: 0, si_in_serializable: 0 0 %, local: 0 %
I1126 13:23:09.300992 929887 Coordinator.h:126] commit: 1064312 abort: 28688 (0/28688/0), network size: 0, avg network size: 0, si_in_serializable: 0 0 %, local: 0 %
I1126 13:23:10.301092 929887 Coordinator.h:126] commit: 1082351 abort: 29085 (0/29085/0), network size: 0, avg network size: 0, si_in_serializable: 0 0 %, local: 0 %
I1126 13:23:11.301184 929887 Coordinator.h:126] commit: 1080405 abort: 29159 (0/29159/0), network size: 0, avg network size: 0, si_in_serializable: 0 0 %, local: 0 %
I1126 13:23:12.301282 929887 Coordinator.h:126] commit: 1042785 abort: 28215 (0/28215/0), network size: 0, avg network size: 0, si_in_serializable: 0 0 %, local: 0 %
I1126 13:23:13.301400 929887 Coordinator.h:126] commit: 1071268 abort: 28732 (0/28732/0), network size: 0, avg network size: 0, si_in_serializable: 0 0 %, local: 0 %
I1126 13:23:14.301504 929887 Coordinator.h:126] commit: 1078931 abort: 29069 (0/29069/0), network size: 0, avg network size: 0, si_in_serializable: 0 0 %, local: 0 %
I1126 13:23:15.301599 929887 Coordinator.h:126] commit: 1079185 abort: 28815 (0/28815/0), network size: 0, avg network size: 0, si_in_serializable: 0 0 %, local: 0 %
I1126 13:23:16.301693 929887 Coordinator.h:126] commit: 1081943 abort: 29057 (0/29057/0), network size: 0, avg network size: 0, si_in_serializable: 0 0 %, local: 0 %
I1126 13:23:17.301782 929887 Coordinator.h:126] commit: 1077949 abort: 29051 (0/29051/0), network size: 0, avg network size: 0, si_in_serializable: 0 0 %, local: 0 %
I1126 13:23:18.301877 929887 Coordinator.h:126] commit: 1014785 abort: 27215 (0/27215/0), network size: 0, avg network size: 0, si_in_serializable: 0 0 %, local: 0 %
I1126 13:23:19.301986 929887 Coordinator.h:126] commit: 1059542 abort: 28458 (0/28458/0), network size: 0, avg network size: 0, si_in_serializable: 0 0 %, local: 0 %
I1126 13:23:20.302084 929887 Coordinator.h:126] commit: 1075876 abort: 29124 (0/29124/0), network size: 0, avg network size: 0, si_in_serializable: 0 0 %, local: 0 %
I1126 13:23:21.302174 929887 Coordinator.h:126] commit: 1077525 abort: 29475 (0/29475/0), network size: 0, avg network size: 0, si_in_serializable: 0 0 %, local: 0 %
I1126 13:23:22.302268 929887 Coordinator.h:126] commit: 1078957 abort: 29043 (0/29043/0), network size: 0, avg network size: 0, si_in_serializable: 0 0 %, local: 0 %
I1126 13:23:23.302322 929887 Coordinator.h:126] commit: 1078080 abort: 28920 (0/28920/0), network size: 0, avg network size: 0, si_in_serializable: 0 0 %, local: 0 %
I1126 13:23:24.302409 929887 Coordinator.h:126] commit: 1077029 abort: 28971 (0/28971/0), network size: 0, avg network size: 0, si_in_serializable: 0 0 %, local: 0 %
I1126 13:23:25.302500 929887 Coordinator.h:126] commit: 1079060 abort: 28940 (0/28940/0), network size: 0, avg network size: 0, si_in_serializable: 0 0 %, local: 0 %
I1126 13:23:26.302592 929887 Coordinator.h:126] commit: 1077840 abort: 29160 (0/29160/0), network size: 0, avg network size: 0, si_in_serializable: 0 0 %, local: 0 %
I1126 13:23:27.302681 929887 Coordinator.h:126] commit: 1080601 abort: 29399 (0/29399/0), network size: 0, avg network size: 0, si_in_serializable: 0 0 %, local: 0 %
I1126 13:23:28.302776 929887 Coordinator.h:126] commit: 1074340 abort: 28660 (0/28660/0), network size: 0, avg network size: 0, si_in_serializable: 0 0 %, local: 0 %
I1126 13:23:29.302868 929887 Coordinator.h:126] commit: 1079869 abort: 29131 (0/29131/0), network size: 0, avg network size: 0, si_in_serializable: 0 0 %, local: 0 %
I1126 13:23:30.302956 929887 Coordinator.h:126] commit: 933677 abort: 25323 (0/25323/0), network size: 0, avg network size: 0, si_in_serializable: 0 0 %, local: 0 %
I1126 13:23:31.303049 929887 Coordinator.h:126] commit: 1080260 abort: 28895 (0/28895/0), network size: 0, avg network size: 0, si_in_serializable: 0 0 %, local: 0 %
I1126 13:23:31.303073 929887 Coordinator.h:152] average commit: 1.06966e+06 abort: 28835.7 (0/28835.7/0), network size: 0, avg network size: 0, si_in_serializable: 0 0 %, local: 0 %
I1126 13:23:31.303105 929903 AriaExecutor.h:94] AriaExecutor 0 exits. 
I1126 13:23:31.303109 929909 AriaExecutor.h:94] AriaExecutor 6 exits. 
I1126 13:23:31.303117 929914 AriaExecutor.h:94] AriaExecutor 11 exits. 
I1126 13:23:31.303107 929915 Manager.h:227] Manager(worker id = 12) on the coordinator node exits.
I1126 13:23:31.303105 929911 AriaExecutor.h:94] AriaExecutor 8 exits. 
I1126 13:23:31.303109 929905 AriaExecutor.h:94] AriaExecutor 2 exits. 
I1126 13:23:31.303117 929906 AriaExecutor.h:94] AriaExecutor 3 exits. 
I1126 13:23:31.303118 929908 AriaExecutor.h:94] AriaExecutor 5 exits. 
I1126 13:23:31.303118 929910 AriaExecutor.h:94] AriaExecutor 7 exits. 
I1126 13:23:31.303118 929912 AriaExecutor.h:94] AriaExecutor 9 exits. 
I1126 13:23:31.303117 929904 AriaExecutor.h:94] AriaExecutor 1 exits. 
I1126 13:23:31.303105 929907 AriaExecutor.h:94] AriaExecutor 4 exits. 
I1126 13:23:31.303107 929913 AriaExecutor.h:94] AriaExecutor 10 exits. 
I1126 13:23:31.303086 929887 AriaExecutor.h:535] Worker 0 latency: 615 us (50%) 728 us (75%) 817 us (95%) 866 us (99%).
I1126 13:23:31.387881 929887 AriaExecutor.h:535] Worker 1 latency: 613 us (50%) 727 us (75%) 816 us (95%) 865 us (99%).
I1126 13:23:31.475471 929887 AriaExecutor.h:535] Worker 2 latency: 616 us (50%) 728 us (75%) 817 us (95%) 866 us (99%).
I1126 13:23:31.561609 929887 AriaExecutor.h:535] Worker 3 latency: 614 us (50%) 727 us (75%) 816 us (95%) 865 us (99%).
I1126 13:23:31.646445 929887 AriaExecutor.h:535] Worker 4 latency: 617 us (50%) 728 us (75%) 817 us (95%) 867 us (99%).
I1126 13:23:31.729110 929887 AriaExecutor.h:535] Worker 5 latency: 615 us (50%) 727 us (75%) 816 us (95%) 866 us (99%).
I1126 13:23:31.816268 929887 AriaExecutor.h:535] Worker 6 latency: 618 us (50%) 729 us (75%) 817 us (95%) 866 us (99%).
I1126 13:23:31.900158 929887 AriaExecutor.h:535] Worker 7 latency: 615 us (50%) 727 us (75%) 816 us (95%) 865 us (99%).
I1126 13:23:31.985311 929887 AriaExecutor.h:535] Worker 8 latency: 619 us (50%) 729 us (75%) 817 us (95%) 866 us (99%).
I1126 13:23:32.071587 929887 AriaExecutor.h:535] Worker 9 latency: 616 us (50%) 727 us (75%) 816 us (95%) 866 us (99%).
I1126 13:23:32.159626 929887 AriaExecutor.h:535] Worker 10 latency: 619 us (50%) 729 us (75%) 817 us (95%) 866 us (99%).
I1126 13:23:32.242908 929887 AriaExecutor.h:535] Worker 11 latency: 616 us (50%) 728 us (75%) 816 us (95%) 866 us (99%).
I1126 13:23:32.326839 929887 Coordinator.h:177] total commit: 1.06966e+06
I1126 13:23:33.326951 929887 Coordinator.h:192] Coordinator exits.
