I1126 13:44:50.849433 943793 Database.h:65] ycsb initialization finished in 30 milliseconds.
I1126 13:44:50.849529 943793 Coordinator.h:30] Coordinator initializes 12 workers.
I1126 13:44:50.922017 943793 Coordinator.h:77] Coordinator starts to run 13 workers.
I1126 13:44:50.922081 943809 AriaExecutor.h:82] AriaExecutor 0 started. 
I1126 13:44:50.922107 943810 AriaExecutor.h:82] AriaExecutor 1 started. 
I1126 13:44:50.922148 943811 AriaExecutor.h:82] AriaExecutor 2 started. 
I1126 13:44:50.922205 943812 AriaExecutor.h:82] AriaExecutor 3 started. 
I1126 13:44:50.922247 943813 AriaExecutor.h:82] AriaExecutor 4 started. 
I1126 13:44:50.922307 943814 AriaExecutor.h:82] AriaExecutor 5 started. 
I1126 13:44:50.922376 943815 AriaExecutor.h:82] AriaExecutor 6 started. 
I1126 13:44:50.922430 943816 AriaExecutor.h:82] AriaExecutor 7 started. 
I1126 13:44:50.922470 943817 AriaExecutor.h:82] AriaExecutor 8 started. 
I1126 13:44:50.922530 943818 AriaExecutor.h:82] AriaExecutor 9 started. 
I1126 13:44:50.922572 943819 AriaExecutor.h:82] AriaExecutor 10 started. 
I1126 13:44:50.922624 943820 AriaExecutor.h:82] AriaExecutor 11 started. 
I1126 13:44:50.922676 943821 Manager.h:224] Manager(worker id = 12) on the coordinator node started.
I1126 13:44:51.922739 943793 Coordinator.h:126] commit: 327433 abort: 472567 (0/472567/0), network size: 0, avg network size: 0, si_in_serializable: 0 0 %, local: 0 %
I1126 13:44:52.922857 943793 Coordinator.h:126] commit: 328690 abort: 471310 (0/471310/0), network size: 0, avg network size: 0, si_in_serializable: 0 0 %, local: 0 %
I1126 13:44:53.922988 943793 Coordinator.h:126] commit: 331998 abort: 478002 (0/478002/0), network size: 0, avg network size: 0, si_in_serializable: 0 0 %, local: 0 %
I1126 13:44:54.923097 943793 Coordinator.h:126] commit: 332350 abort: 477650 (0/477650/0), network size: 0, avg network size: 0, si_in_serializable: 0 0 %, local: 0 %
I1126 13:44:55.923194 943793 Coordinator.h:126] commit: 332099 abort: 477901 (0/477901/0), network size: 0, avg network size: 0, si_in_serializable: 0 0 %, local: 0 %
I1126 13:44:56.923296 943793 Coordinator.h:126] commit: 331980 abort: 478020 (0/478020/0), network size: 0, avg network size: 0, si_in_serializable: 0 0 %, local: 0 %
I1126 13:44:57.923396 943793 Coordinator.h:126] commit: 331859 abort: 478141 (0/478141/0), network size: 0, avg network size: 0, si_in_serializable: 0 0 %, local: 0 %
I1126 13:44:58.923521 943793 Coordinator.h:126] commit: 332055 abort: 477945 (0/477945/0), network size: 0, avg network size: 0, si_in_serializable: 0 0 %, local: 0 %
I1126 13:44:59.923625 943793 Coordinator.h:126] commit: 333308 abort: 476692 (0/476692/0), network size: 0, avg network size: 0, si_in_serializable: 0 0 %, local: 0 %
I1126 13:45:00.923722 943793 Coordinator.h:126] commit: 331977 abort: 478023 (0/478023/0), network size: 0, avg network size: 0, si_in_serializable: 0 0 %, local: 0 %
I1126 13:45:01.923838 943793 Coordinator.h:126] commit: 332868 abort: 477132 (0/477132/0), network size: 0, avg network size: 0, si_in_serializable: 0 0 %, local: 0 %
I1126 13:45:02.923936 943793 Coordinator.h:126] commit: 332841 abort: 477055 (0/477055/0), network size: 0, avg network size: 0, si_in_serializable: 0 0 %, local: 0 %
I1126 13:45:03.924032 943793 Coordinator.h:126] commit: 332161 abort: 476512 (0/476512/0), network size: 0, avg network size: 0, si_in_serializable: 0 0 %, local: 0 %
I1126 13:45:04.924126 943793 Coordinator.h:126] commit: 332592 abort: 478839 (0/478839/0), network size: 0, avg network size: 0, si_in_serializable: 0 0 %, local: 0 %
I1126 13:45:05.924223 943793 Coordinator.h:126] commit: 328882 abort: 471118 (0/471118/0), network size: 0, avg network size: 0, si_in_serializable: 0 0 %, local: 0 %
I1126 13:45:06.924321 943793 Coordinator.h:126] commit: 334380 abort: 479493 (0/479493/0), network size: 0, avg network size: 0, si_in_serializable: 0 0 %, local: 0 %
I1126 13:45:07.924440 943793 Coordinator.h:126] commit: 334889 abort: 481238 (0/481238/0), network size: 0, avg network size: 0, si_in_serializable: 0 0 %, local: 0 %
I1126 13:45:08.924543 943793 Coordinator.h:126] commit: 332617 abort: 477383 (0/477383/0), network size: 0, avg network size: 0, si_in_serializable: 0 0 %, local: 0 %
I1126 13:45:09.924639 943793 Coordinator.h:126] commit: 328520 abort: 471480 (0/471480/0), network size: 0, avg network size: 0, si_in_serializable: 0 0 %, local: 0 %
I1126 13:45:10.924737 943793 Coordinator.h:126] commit: 332203 abort: 477797 (0/477797/0), network size: 0, avg network size: 0, si_in_serializable: 0 0 %, local: 0 %
I1126 13:45:11.924834 943793 Coordinator.h:126] commit: 336113 abort: 481107 (0/481107/0), network size: 0, avg network size: 0, si_in_serializable: 0 0 %, local: 0 %
I1126 13:45:12.924926 943793 Coordinator.h:126] commit: 333432 abort: 479348 (0/479348/0), network size: 0, avg network size: 0, si_in_serializable: 0 0 %, local: 0 %
I1126 13:45:13.925020 943793 Coordinator.h:126] commit: 332445 abort: 477555 (0/477555/0), network size: 0, avg network size: 0, si_in_serializable: 0 0 %, local: 0 %
I1126 13:45:14.925115 943793 Coordinator.h:126] commit: 332615 abort: 477385 (0/477385/0), network size: 0, avg network size: 0, si_in_serializable: 0 0 %, local: 0 %
I1126 13:45:15.925213 943793 Coordinator.h:126] commit: 332518 abort: 477482 (0/477482/0), network size: 0, avg network size: 0, si_in_serializable: 0 0 %, local: 0 %
I1126 13:45:15.925239 943793 Coordinator.h:152] average commit: 332195 abort: 476805 (0/476805/0), network size: 0, avg network size: 0, si_in_serializable: 0 0 %, local: 0 %
I1126 13:45:15.926954 943817 AriaExecutor.h:94] AriaExecutor 8 exits. 
I1126 13:45:15.926959 943809 AriaExecutor.h:94] AriaExecutor 0 exits. 
I1126 13:45:15.926961 943811 AriaExecutor.h:94] AriaExecutor 2 exits. 
I1126 13:45:15.926954 943815 AriaExecutor.h:94] AriaExecutor 6 exits. 
I1126 13:45:15.926967 943818 AriaExecutor.h:94] AriaExecutor 9 exits. 
I1126 13:45:15.926970 943816 AriaExecutor.h:94] AriaExecutor 7 exits. 
I1126 13:45:15.926986 943820 AriaExecutor.h:94] AriaExecutor 11 exits. 
I1126 13:45:15.926954 943813 AriaExecutor.h:94] AriaExecutor 4 exits. 
I1126 13:45:15.926967 943812 AriaExecutor.h:94] AriaExecutor 3 exits. 
I1126 13:45:15.926968 943810 AriaExecutor.h:94] AriaExecutor 1 exits. 
I1126 13:45:15.926963 943819 AriaExecutor.h:94] AriaExecutor 10 exits. 
I1126 13:45:15.926968 943814 AriaExecutor.h:94] AriaExecutor 5 exits. 
I1126 13:45:15.926978 943821 Manager.h:227] Manager(worker id = 12) on the coordinator node exits.
I1126 13:45:15.925251 943793 AriaExecutor.h:535] Worker 0 latency: 9475 us (50%) 10880 us (75%) 11689 us (95%) 11887 us (99%).
I1126 13:45:15.958905 943793 AriaExecutor.h:535] Worker 1 latency: 9451 us (50%) 10866 us (75%) 11683 us (95%) 11876 us (99%).
I1126 13:45:15.992681 943793 AriaExecutor.h:535] Worker 2 latency: 9496 us (50%) 10889 us (75%) 11690 us (95%) 11884 us (99%).
I1126 13:45:16.025682 943793 AriaExecutor.h:535] Worker 3 latency: 9402 us (50%) 10846 us (75%) 11677 us (95%) 11870 us (99%).
I1126 13:45:16.059284 943793 AriaExecutor.h:535] Worker 4 latency: 9450 us (50%) 10869 us (75%) 11684 us (95%) 11877 us (99%).
I1126 13:45:16.092964 943793 AriaExecutor.h:535] Worker 5 latency: 9425 us (50%) 10857 us (75%) 11679 us (95%) 11873 us (99%).
I1126 13:45:16.126549 943793 AriaExecutor.h:535] Worker 6 latency: 9383 us (50%) 10841 us (75%) 11677 us (95%) 11875 us (99%).
I1126 13:45:16.160321 943793 AriaExecutor.h:535] Worker 7 latency: 9368 us (50%) 10830 us (75%) 11672 us (95%) 11865 us (99%).
I1126 13:45:16.193871 943793 AriaExecutor.h:535] Worker 8 latency: 9437 us (50%) 10860 us (75%) 11683 us (95%) 11877 us (99%).
I1126 13:45:16.227082 943793 AriaExecutor.h:535] Worker 9 latency: 9414 us (50%) 10851 us (75%) 11679 us (95%) 11874 us (99%).
I1126 13:45:16.260502 943793 AriaExecutor.h:535] Worker 10 latency: 9457 us (50%) 10870 us (75%) 11683 us (95%) 11875 us (99%).
I1126 13:45:16.294116 943793 AriaExecutor.h:535] Worker 11 latency: 9391 us (50%) 10839 us (75%) 11674 us (95%) 11868 us (99%).
I1126 13:45:16.327551 943793 Coordinator.h:177] total commit: 332195
I1126 13:45:17.327661 943793 Coordinator.h:192] Coordinator exits.
