I1126 15:06:49.796193 992323 Database.h:65] ycsb initialization finished in 30 milliseconds.
I1126 15:06:49.796299 992323 Coordinator.h:30] Coordinator initializes 12 workers.
I1126 15:06:49.803174 992323 Coordinator.h:77] Coordinator starts to run 13 workers.
I1126 15:06:49.803227 992339 AriaExecutor.h:91] AriaExecutor 0 started. 
I1126 15:06:49.803259 992340 AriaExecutor.h:91] AriaExecutor 1 started. 
I1126 15:06:49.803303 992341 AriaExecutor.h:91] AriaExecutor 2 started. 
I1126 15:06:49.803344 992342 AriaExecutor.h:91] AriaExecutor 3 started. 
I1126 15:06:49.803423 992344 AriaExecutor.h:91] AriaExecutor 5 started. 
I1126 15:06:49.803473 992345 AriaExecutor.h:91] AriaExecutor 6 started. 
I1126 15:06:49.803521 992346 AriaExecutor.h:91] AriaExecutor 7 started. 
I1126 15:06:49.803558 992347 AriaExecutor.h:91] AriaExecutor 8 started. 
I1126 15:06:49.803604 992348 AriaExecutor.h:91] AriaExecutor 9 started. 
I1126 15:06:49.803645 992349 AriaExecutor.h:91] AriaExecutor 10 started. 
I1126 15:06:49.803699 992350 AriaExecutor.h:91] AriaExecutor 11 started. 
I1126 15:06:49.803732 992343 AriaExecutor.h:91] AriaExecutor 4 started. 
I1126 15:06:49.803733 992351 Manager.h:224] Manager(worker id = 12) on the coordinator node started.
I1126 15:06:50.803799 992323 Coordinator.h:126] commit: 120830 abort: 1469170 (0/1469170/0), network size: 0, avg network size: 0, si_in_serializable: 0 0 %, local: 0 %
I1126 15:06:51.803920 992323 Coordinator.h:126] commit: 120600 abort: 1459400 (0/1459400/0), network size: 0, avg network size: 0, si_in_serializable: 0 0 %, local: 0 %
I1126 15:06:52.804021 992323 Coordinator.h:126] commit: 121655 abort: 1478345 (0/1478345/0), network size: 0, avg network size: 0, si_in_serializable: 0 0 %, local: 0 %
I1126 15:06:53.804111 992323 Coordinator.h:126] commit: 121801 abort: 1478199 (0/1478199/0), network size: 0, avg network size: 0, si_in_serializable: 0 0 %, local: 0 %
I1126 15:06:54.804186 992323 Coordinator.h:126] commit: 121722 abort: 1478278 (0/1478278/0), network size: 0, avg network size: 0, si_in_serializable: 0 0 %, local: 0 %
I1126 15:06:55.804270 992323 Coordinator.h:126] commit: 119844 abort: 1460156 (0/1460156/0), network size: 0, avg network size: 0, si_in_serializable: 0 0 %, local: 0 %
I1126 15:06:56.804387 992323 Coordinator.h:126] commit: 120879 abort: 1469121 (0/1469121/0), network size: 0, avg network size: 0, si_in_serializable: 0 0 %, local: 0 %
I1126 15:06:57.804473 992323 Coordinator.h:126] commit: 121907 abort: 1478093 (0/1478093/0), network size: 0, avg network size: 0, si_in_serializable: 0 0 %, local: 0 %
I1126 15:06:58.804546 992323 Coordinator.h:126] commit: 123030 abort: 1486970 (0/1486970/0), network size: 0, avg network size: 0, si_in_serializable: 0 0 %, local: 0 %
I1126 15:06:59.804620 992323 Coordinator.h:126] commit: 121431 abort: 1478569 (0/1478569/0), network size: 0, avg network size: 0, si_in_serializable: 0 0 %, local: 0 %
I1126 15:07:00.804700 992323 Coordinator.h:126] commit: 121853 abort: 1478147 (0/1478147/0), network size: 0, avg network size: 0, si_in_serializable: 0 0 %, local: 0 %
I1126 15:07:01.804800 992323 Coordinator.h:126] commit: 121532 abort: 1478468 (0/1478468/0), network size: 0, avg network size: 0, si_in_serializable: 0 0 %, local: 0 %
I1126 15:07:02.804900 992323 Coordinator.h:126] commit: 121480 abort: 1478520 (0/1478520/0), network size: 0, avg network size: 0, si_in_serializable: 0 0 %, local: 0 %
I1126 15:07:03.805016 992323 Coordinator.h:126] commit: 121677 abort: 1478323 (0/1478323/0), network size: 0, avg network size: 0, si_in_serializable: 0 0 %, local: 0 %
I1126 15:07:04.805116 992323 Coordinator.h:126] commit: 120764 abort: 1469236 (0/1469236/0), network size: 0, avg network size: 0, si_in_serializable: 0 0 %, local: 0 %
I1126 15:07:05.805199 992323 Coordinator.h:126] commit: 121681 abort: 1478319 (0/1478319/0), network size: 0, avg network size: 0, si_in_serializable: 0 0 %, local: 0 %
I1126 15:07:06.805315 992323 Coordinator.h:126] commit: 121069 abort: 1468931 (0/1468931/0), network size: 0, avg network size: 0, si_in_serializable: 0 0 %, local: 0 %
I1126 15:07:07.805397 992323 Coordinator.h:126] commit: 121547 abort: 1478453 (0/1478453/0), network size: 0, avg network size: 0, si_in_serializable: 0 0 %, local: 0 %
I1126 15:07:08.805472 992323 Coordinator.h:126] commit: 122565 abort: 1487435 (0/1487435/0), network size: 0, avg network size: 0, si_in_serializable: 0 0 %, local: 0 %
I1126 15:07:09.805552 992323 Coordinator.h:126] commit: 120419 abort: 1469581 (0/1469581/0), network size: 0, avg network size: 0, si_in_serializable: 0 0 %, local: 0 %
I1126 15:07:10.805657 992323 Coordinator.h:126] commit: 122172 abort: 1487828 (0/1487828/0), network size: 0, avg network size: 0, si_in_serializable: 0 0 %, local: 0 %
I1126 15:07:11.805763 992323 Coordinator.h:126] commit: 121905 abort: 1478095 (0/1478095/0), network size: 0, avg network size: 0, si_in_serializable: 0 0 %, local: 0 %
I1126 15:07:12.805846 992323 Coordinator.h:126] commit: 122099 abort: 1477901 (0/1477901/0), network size: 0, avg network size: 0, si_in_serializable: 0 0 %, local: 0 %
I1126 15:07:13.805923 992323 Coordinator.h:126] commit: 121693 abort: 1478307 (0/1478307/0), network size: 0, avg network size: 0, si_in_serializable: 0 0 %, local: 0 %
I1126 15:07:14.806001 992323 Coordinator.h:126] commit: 122161 abort: 1487839 (0/1487839/0), network size: 0, avg network size: 0, si_in_serializable: 0 0 %, local: 0 %
I1126 15:07:14.806010 992323 Coordinator.h:152] average commit: 121459 abort: 1.47654e+06 (0/1.47654e+06/0), network size: 0, avg network size: 0, si_in_serializable: 0 0 %, local: 0 %
I1126 15:07:14.810838 992349 AriaExecutor.h:103] AriaExecutor 10 exits. 
I1126 15:07:14.810839 992351 Manager.h:227] Manager(worker id = 12) on the coordinator node exits.
I1126 15:07:14.810842 992343 AriaExecutor.h:103] AriaExecutor 4 exits. 
I1126 15:07:14.810854 992350 AriaExecutor.h:103] AriaExecutor 11 exits. 
I1126 15:07:14.810843 992341 AriaExecutor.h:103] AriaExecutor 2 exits. 
I1126 15:07:14.810842 992347 AriaExecutor.h:103] AriaExecutor 8 exits. 
I1126 15:07:14.810839 992345 AriaExecutor.h:103] AriaExecutor 6 exits. 
I1126 15:07:14.810854 992348 AriaExecutor.h:103] AriaExecutor 9 exits. 
I1126 15:07:14.810854 992346 AriaExecutor.h:103] AriaExecutor 7 exits. 
I1126 15:07:14.810854 992342 AriaExecutor.h:103] AriaExecutor 3 exits. 
I1126 15:07:14.810854 992344 AriaExecutor.h:103] AriaExecutor 5 exits. 
I1126 15:07:14.810855 992340 AriaExecutor.h:103] AriaExecutor 1 exits. 
I1126 15:07:14.810842 992339 AriaExecutor.h:103] AriaExecutor 0 exits. 
I1126 15:07:14.806020 992323 AriaExecutor.h:649] Worker 0 latency: 5453 us (50%) 5870 us (75%) 6056 us (95%) 6132 us (99%).
I1126 15:07:14.818764 992323 AriaExecutor.h:649] Worker 1 latency: 5446 us (50%) 5867 us (75%) 6054 us (95%) 6129 us (99%).
I1126 15:07:14.831941 992323 AriaExecutor.h:649] Worker 2 latency: 5453 us (50%) 5869 us (75%) 6054 us (95%) 6130 us (99%).
I1126 15:07:14.844389 992323 AriaExecutor.h:649] Worker 3 latency: 5446 us (50%) 5866 us (75%) 6053 us (95%) 6128 us (99%).
I1126 15:07:14.857919 992323 AriaExecutor.h:649] Worker 4 latency: 5449 us (50%) 5864 us (75%) 6052 us (95%) 6126 us (99%).
I1126 15:07:14.870507 992323 AriaExecutor.h:649] Worker 5 latency: 5446 us (50%) 5863 us (75%) 6052 us (95%) 6126 us (99%).
I1126 15:07:14.883893 992323 AriaExecutor.h:649] Worker 6 latency: 5450 us (50%) 5864 us (75%) 6052 us (95%) 6127 us (99%).
I1126 15:07:14.896628 992323 AriaExecutor.h:649] Worker 7 latency: 5441 us (50%) 5863 us (75%) 6051 us (95%) 6125 us (99%).
I1126 15:07:14.909838 992323 AriaExecutor.h:649] Worker 8 latency: 5442 us (50%) 5863 us (75%) 6050 us (95%) 6125 us (99%).
I1126 15:07:14.922479 992323 AriaExecutor.h:649] Worker 9 latency: 5442 us (50%) 5860 us (75%) 6050 us (95%) 6125 us (99%).
I1126 15:07:14.935942 992323 AriaExecutor.h:649] Worker 10 latency: 5440 us (50%) 5861 us (75%) 6051 us (95%) 6125 us (99%).
I1126 15:07:14.948411 992323 AriaExecutor.h:649] Worker 11 latency: 5439 us (50%) 5859 us (75%) 6050 us (95%) 6125 us (99%).
I1126 15:07:14.961612 992323 Coordinator.h:177] total commit: 121459
I1126 15:07:15.961716 992323 Coordinator.h:192] Coordinator exits.
