I1126 17:12:33.325742 1050918 Database.h:65] ycsb initialization finished in 30 milliseconds.
I1126 17:12:33.325845 1050918 Coordinator.h:30] Coordinator initializes 12 workers.
I1126 17:12:33.326740 1050918 Coordinator.h:77] Coordinator starts to run 13 workers.
I1126 17:12:33.326833 1050934 AriaExecutor.h:91] AriaExecutor 0 started. 
I1126 17:12:33.326850 1050935 AriaExecutor.h:91] AriaExecutor 1 started. 
I1126 17:12:33.326916 1050936 AriaExecutor.h:91] AriaExecutor 2 started. 
I1126 17:12:33.326951 1050937 AriaExecutor.h:91] AriaExecutor 3 started. 
I1126 17:12:33.326990 1050938 AriaExecutor.h:91] AriaExecutor 4 started. 
I1126 17:12:33.327023 1050939 AriaExecutor.h:91] AriaExecutor 5 started. 
I1126 17:12:33.327073 1050940 AriaExecutor.h:91] AriaExecutor 6 started. 
I1126 17:12:33.327100 1050941 AriaExecutor.h:91] AriaExecutor 7 started. 
I1126 17:12:33.327143 1050942 AriaExecutor.h:91] AriaExecutor 8 started. 
I1126 17:12:33.327167 1050943 AriaExecutor.h:91] AriaExecutor 9 started. 
I1126 17:12:33.327216 1050944 AriaExecutor.h:91] AriaExecutor 10 started. 
I1126 17:12:33.327250 1050945 AriaExecutor.h:91] AriaExecutor 11 started. 
I1126 17:12:33.327286 1050946 Manager.h:224] Manager(worker id = 12) on the coordinator node started.
I1126 17:12:34.327337 1050918 Coordinator.h:126] commit: 1421744 abort: 38256 (0/38256/0), network size: 0, avg network size: 0, si_in_serializable: 0 0 %, local: 0 %
I1126 17:12:35.327456 1050918 Coordinator.h:126] commit: 1400186 abort: 37814 (0/37814/0), network size: 0, avg network size: 0, si_in_serializable: 0 0 %, local: 0 %
I1126 17:12:36.327611 1050918 Coordinator.h:126] commit: 1423423 abort: 38577 (0/38577/0), network size: 0, avg network size: 0, si_in_serializable: 0 0 %, local: 0 %
I1126 17:12:37.327714 1050918 Coordinator.h:126] commit: 1438124 abort: 38876 (0/38876/0), network size: 0, avg network size: 0, si_in_serializable: 0 0 %, local: 0 %
I1126 17:12:38.327792 1050918 Coordinator.h:126] commit: 1406707 abort: 38293 (0/38293/0), network size: 0, avg network size: 0, si_in_serializable: 0 0 %, local: 0 %
I1126 17:12:39.327869 1050918 Coordinator.h:126] commit: 1437707 abort: 39088 (0/39088/0), network size: 0, avg network size: 0, si_in_serializable: 0 0 %, local: 0 %
I1126 17:12:40.327945 1050918 Coordinator.h:126] commit: 1418083 abort: 38122 (0/38122/0), network size: 0, avg network size: 0, si_in_serializable: 0 0 %, local: 0 %
I1126 17:12:41.328019 1050918 Coordinator.h:126] commit: 1436042 abort: 38958 (0/38958/0), network size: 0, avg network size: 0, si_in_serializable: 0 0 %, local: 0 %
I1126 17:12:42.328116 1050918 Coordinator.h:126] commit: 1355696 abort: 36304 (0/36304/0), network size: 0, avg network size: 0, si_in_serializable: 0 0 %, local: 0 %
I1126 17:12:43.328188 1050918 Coordinator.h:126] commit: 1435465 abort: 38535 (0/38535/0), network size: 0, avg network size: 0, si_in_serializable: 0 0 %, local: 0 %
I1126 17:12:44.328262 1050918 Coordinator.h:126] commit: 1434411 abort: 38589 (0/38589/0), network size: 0, avg network size: 0, si_in_serializable: 0 0 %, local: 0 %
I1126 17:12:45.328331 1050918 Coordinator.h:126] commit: 1437212 abort: 38788 (0/38788/0), network size: 0, avg network size: 0, si_in_serializable: 0 0 %, local: 0 %
I1126 17:12:46.328405 1050918 Coordinator.h:126] commit: 1433454 abort: 38546 (0/38546/0), network size: 0, avg network size: 0, si_in_serializable: 0 0 %, local: 0 %
I1126 17:12:47.328482 1050918 Coordinator.h:126] commit: 1433213 abort: 38738 (0/38738/0), network size: 0, avg network size: 0, si_in_serializable: 0 0 %, local: 0 %
I1126 17:12:48.328555 1050918 Coordinator.h:126] commit: 1426920 abort: 38671 (0/38671/0), network size: 0, avg network size: 0, si_in_serializable: 0 0 %, local: 0 %
I1126 17:12:49.328632 1050918 Coordinator.h:126] commit: 1439622 abort: 38836 (0/38836/0), network size: 0, avg network size: 0, si_in_serializable: 0 0 %, local: 0 %
I1126 17:12:50.328724 1050918 Coordinator.h:126] commit: 1419846 abort: 38154 (0/38154/0), network size: 0, avg network size: 0, si_in_serializable: 0 0 %, local: 0 %
I1126 17:12:51.328802 1050918 Coordinator.h:126] commit: 1285217 abort: 34783 (0/34783/0), network size: 0, avg network size: 0, si_in_serializable: 0 0 %, local: 0 %
I1126 17:12:52.328878 1050918 Coordinator.h:126] commit: 1437298 abort: 38702 (0/38702/0), network size: 0, avg network size: 0, si_in_serializable: 0 0 %, local: 0 %
I1126 17:12:53.328955 1050918 Coordinator.h:126] commit: 1440392 abort: 38608 (0/38608/0), network size: 0, avg network size: 0, si_in_serializable: 0 0 %, local: 0 %
I1126 17:12:54.329032 1050918 Coordinator.h:126] commit: 1437577 abort: 38423 (0/38423/0), network size: 0, avg network size: 0, si_in_serializable: 0 0 %, local: 0 %
I1126 17:12:55.329106 1050918 Coordinator.h:126] commit: 1439985 abort: 39015 (0/39015/0), network size: 0, avg network size: 0, si_in_serializable: 0 0 %, local: 0 %
I1126 17:12:56.329181 1050918 Coordinator.h:126] commit: 1438124 abort: 38876 (0/38876/0), network size: 0, avg network size: 0, si_in_serializable: 0 0 %, local: 0 %
I1126 17:12:57.329257 1050918 Coordinator.h:126] commit: 1439322 abort: 38678 (0/38678/0), network size: 0, avg network size: 0, si_in_serializable: 0 0 %, local: 0 %
I1126 17:12:58.329334 1050918 Coordinator.h:126] commit: 1433000 abort: 39000 (0/39000/0), network size: 0, avg network size: 0, si_in_serializable: 0 0 %, local: 0 %
I1126 17:12:58.329345 1050918 Coordinator.h:152] average commit: 1.41876e+06 abort: 38241.5 (0/38241.5/0), network size: 0, avg network size: 0, si_in_serializable: 0 0 %, local: 0 %
I1126 17:12:58.329409 1050943 AriaExecutor.h:103] AriaExecutor 9 exits. 
I1126 17:12:58.329418 1050944 AriaExecutor.h:103] AriaExecutor 10 exits. 
I1126 17:12:58.329423 1050936 AriaExecutor.h:103] AriaExecutor 2 exits. 
I1126 17:12:58.329419 1050942 AriaExecutor.h:103] AriaExecutor 8 exits. 
I1126 17:12:58.329420 1050935 AriaExecutor.h:103] AriaExecutor 1 exits. 
I1126 17:12:58.329412 1050945 AriaExecutor.h:103] AriaExecutor 11 exits. 
I1126 17:12:58.329412 1050939 AriaExecutor.h:103] AriaExecutor 5 exits. 
I1126 17:12:58.329421 1050940 AriaExecutor.h:103] AriaExecutor 6 exits. 
I1126 17:12:58.329413 1050941 AriaExecutor.h:103] AriaExecutor 7 exits. 
I1126 17:12:58.329427 1050946 Manager.h:227] Manager(worker id = 12) on the coordinator node exits.
I1126 17:12:58.329411 1050934 AriaExecutor.h:103] AriaExecutor 0 exits. 
I1126 17:12:58.329412 1050937 AriaExecutor.h:103] AriaExecutor 3 exits. 
I1126 17:12:58.329417 1050938 AriaExecutor.h:103] AriaExecutor 4 exits. 
I1126 17:12:58.329356 1050918 AriaExecutor.h:621] Worker 0 latency: 512 us (50%) 555 us (75%) 593 us (95%) 613 us (99%).
I1126 17:12:58.453703 1050918 AriaExecutor.h:621] Worker 1 latency: 508 us (50%) 553 us (75%) 592 us (95%) 611 us (99%).
I1126 17:12:58.563620 1050918 AriaExecutor.h:621] Worker 2 latency: 514 us (50%) 556 us (75%) 593 us (95%) 613 us (99%).
I1126 17:12:58.685556 1050918 AriaExecutor.h:621] Worker 3 latency: 512 us (50%) 555 us (75%) 592 us (95%) 612 us (99%).
I1126 17:12:58.795543 1050918 AriaExecutor.h:621] Worker 4 latency: 514 us (50%) 555 us (75%) 593 us (95%) 612 us (99%).
I1126 17:12:58.918509 1050918 AriaExecutor.h:621] Worker 5 latency: 510 us (50%) 553 us (75%) 592 us (95%) 611 us (99%).
I1126 17:12:59.024605 1050918 AriaExecutor.h:621] Worker 6 latency: 518 us (50%) 557 us (75%) 594 us (95%) 613 us (99%).
I1126 17:12:59.146994 1050918 AriaExecutor.h:621] Worker 7 latency: 511 us (50%) 553 us (75%) 592 us (95%) 611 us (99%).
I1126 17:12:59.254729 1050918 AriaExecutor.h:621] Worker 8 latency: 517 us (50%) 558 us (75%) 594 us (95%) 613 us (99%).
I1126 17:12:59.376822 1050918 AriaExecutor.h:621] Worker 9 latency: 512 us (50%) 554 us (75%) 592 us (95%) 611 us (99%).
I1126 17:12:59.484896 1050918 AriaExecutor.h:621] Worker 10 latency: 517 us (50%) 557 us (75%) 593 us (95%) 613 us (99%).
I1126 17:12:59.607301 1050918 AriaExecutor.h:621] Worker 11 latency: 512 us (50%) 554 us (75%) 592 us (95%) 611 us (99%).
I1126 17:12:59.715646 1050918 Coordinator.h:177] total commit: 1.41876e+06
I1126 17:13:00.715785 1050918 Coordinator.h:192] Coordinator exits.
