I1126 13:35:31.876469 937891 Database.h:65] ycsb initialization finished in 30 milliseconds.
I1126 13:35:31.876566 937891 Coordinator.h:30] Coordinator initializes 12 workers.
I1126 13:35:31.884130 937891 Coordinator.h:77] Coordinator starts to run 13 workers.
I1126 13:35:31.884191 937907 AriaExecutor.h:82] AriaExecutor 0 started. 
I1126 13:35:31.884218 937908 AriaExecutor.h:82] AriaExecutor 1 started. 
I1126 13:35:31.884258 937909 AriaExecutor.h:82] AriaExecutor 2 started. 
I1126 13:35:31.884296 937910 AriaExecutor.h:82] AriaExecutor 3 started. 
I1126 13:35:31.884335 937911 AriaExecutor.h:82] AriaExecutor 4 started. 
I1126 13:35:31.884370 937912 AriaExecutor.h:82] AriaExecutor 5 started. 
I1126 13:35:31.884452 937914 AriaExecutor.h:82] AriaExecutor 7 started. 
I1126 13:35:31.884490 937915 AriaExecutor.h:82] AriaExecutor 8 started. 
I1126 13:35:31.884531 937916 AriaExecutor.h:82] AriaExecutor 9 started. 
I1126 13:35:31.884572 937917 AriaExecutor.h:82] AriaExecutor 10 started. 
I1126 13:35:31.884615 937918 AriaExecutor.h:82] AriaExecutor 11 started. 
I1126 13:35:31.884649 937913 AriaExecutor.h:82] AriaExecutor 6 started. 
I1126 13:35:31.884655 937919 Manager.h:224] Manager(worker id = 12) on the coordinator node started.
I1126 13:35:32.884712 937891 Coordinator.h:126] commit: 1015183 abort: 7817 (0/7817/0), network size: 0, avg network size: 0, si_in_serializable: 0 0 %, local: 0 %
I1126 13:35:33.884826 937891 Coordinator.h:126] commit: 997371 abort: 7629 (0/7629/0), network size: 0, avg network size: 0, si_in_serializable: 0 0 %, local: 0 %
I1126 13:35:34.884951 937891 Coordinator.h:126] commit: 1025002 abort: 7998 (0/7998/0), network size: 0, avg network size: 0, si_in_serializable: 0 0 %, local: 0 %
I1126 13:35:35.885064 937891 Coordinator.h:126] commit: 1017157 abort: 7843 (0/7843/0), network size: 0, avg network size: 0, si_in_serializable: 0 0 %, local: 0 %
I1126 13:35:36.885164 937891 Coordinator.h:126] commit: 1029279 abort: 7721 (0/7721/0), network size: 0, avg network size: 0, si_in_serializable: 0 0 %, local: 0 %
I1126 13:35:37.885255 937891 Coordinator.h:126] commit: 1013131 abort: 7869 (0/7869/0), network size: 0, avg network size: 0, si_in_serializable: 0 0 %, local: 0 %
I1126 13:35:38.885378 937891 Coordinator.h:126] commit: 996267 abort: 7733 (0/7733/0), network size: 0, avg network size: 0, si_in_serializable: 0 0 %, local: 0 %
I1126 13:35:39.885488 937891 Coordinator.h:126] commit: 1025029 abort: 7971 (0/7971/0), network size: 0, avg network size: 0, si_in_serializable: 0 0 %, local: 0 %
I1126 13:35:40.885586 937891 Coordinator.h:126] commit: 1027140 abort: 7860 (0/7860/0), network size: 0, avg network size: 0, si_in_serializable: 0 0 %, local: 0 %
I1126 13:35:41.885690 937891 Coordinator.h:126] commit: 1028036 abort: 7964 (0/7964/0), network size: 0, avg network size: 0, si_in_serializable: 0 0 %, local: 0 %
I1126 13:35:42.885789 937891 Coordinator.h:126] commit: 1024059 abort: 7941 (0/7941/0), network size: 0, avg network size: 0, si_in_serializable: 0 0 %, local: 0 %
I1126 13:35:43.885900 937891 Coordinator.h:126] commit: 1014241 abort: 7759 (0/7759/0), network size: 0, avg network size: 0, si_in_serializable: 0 0 %, local: 0 %
I1126 13:35:44.885996 937891 Coordinator.h:126] commit: 973621 abort: 7379 (0/7379/0), network size: 0, avg network size: 0, si_in_serializable: 0 0 %, local: 0 %
I1126 13:35:45.886101 937891 Coordinator.h:126] commit: 1027935 abort: 8065 (0/8065/0), network size: 0, avg network size: 0, si_in_serializable: 0 0 %, local: 0 %
I1126 13:35:46.886199 937891 Coordinator.h:126] commit: 1025274 abort: 7726 (0/7726/0), network size: 0, avg network size: 0, si_in_serializable: 0 0 %, local: 0 %
I1126 13:35:47.886277 937891 Coordinator.h:126] commit: 1028090 abort: 7910 (0/7910/0), network size: 0, avg network size: 0, si_in_serializable: 0 0 %, local: 0 %
I1126 13:35:48.886351 937891 Coordinator.h:126] commit: 1027154 abort: 7846 (0/7846/0), network size: 0, avg network size: 0, si_in_serializable: 0 0 %, local: 0 %
I1126 13:35:49.886431 937891 Coordinator.h:126] commit: 1026126 abort: 7874 (0/7874/0), network size: 0, avg network size: 0, si_in_serializable: 0 0 %, local: 0 %
I1126 13:35:50.886535 937891 Coordinator.h:126] commit: 1027053 abort: 7947 (0/7947/0), network size: 0, avg network size: 0, si_in_serializable: 0 0 %, local: 0 %
I1126 13:35:51.886626 937891 Coordinator.h:126] commit: 1028231 abort: 7769 (0/7769/0), network size: 0, avg network size: 0, si_in_serializable: 0 0 %, local: 0 %
I1126 13:35:52.886718 937891 Coordinator.h:126] commit: 1012348 abort: 7652 (0/7652/0), network size: 0, avg network size: 0, si_in_serializable: 0 0 %, local: 0 %
I1126 13:35:53.886802 937891 Coordinator.h:126] commit: 1027100 abort: 7900 (0/7900/0), network size: 0, avg network size: 0, si_in_serializable: 0 0 %, local: 0 %
I1126 13:35:54.886880 937891 Coordinator.h:126] commit: 1025051 abort: 7949 (0/7949/0), network size: 0, avg network size: 0, si_in_serializable: 0 0 %, local: 0 %
I1126 13:35:55.886984 937891 Coordinator.h:126] commit: 1029112 abort: 7888 (0/7888/0), network size: 0, avg network size: 0, si_in_serializable: 0 0 %, local: 0 %
I1126 13:35:56.887079 937891 Coordinator.h:126] commit: 916985 abort: 7015 (0/7015/0), network size: 0, avg network size: 0, si_in_serializable: 0 0 %, local: 0 %
I1126 13:35:56.887095 937891 Coordinator.h:152] average commit: 1.02018e+06 abort: 7821.6 (0/7821.6/0), network size: 0, avg network size: 0, si_in_serializable: 0 0 %, local: 0 %
I1126 13:35:56.887887 937915 AriaExecutor.h:94] AriaExecutor 8 exits. 
I1126 13:35:56.887887 937911 AriaExecutor.h:94] AriaExecutor 4 exits. 
I1126 13:35:56.887899 937919 Manager.h:227] Manager(worker id = 12) on the coordinator node exits.
I1126 13:35:56.887890 937907 AriaExecutor.h:94] AriaExecutor 0 exits. 
I1126 13:35:56.887889 937913 AriaExecutor.h:94] AriaExecutor 6 exits. 
I1126 13:35:56.887890 937917 AriaExecutor.h:94] AriaExecutor 10 exits. 
I1126 13:35:56.887887 937909 AriaExecutor.h:94] AriaExecutor 2 exits. 
I1126 13:35:56.887900 937914 AriaExecutor.h:94] AriaExecutor 7 exits. 
I1126 13:35:56.887900 937908 AriaExecutor.h:94] AriaExecutor 1 exits. 
I1126 13:35:56.887900 937918 AriaExecutor.h:94] AriaExecutor 11 exits. 
I1126 13:35:56.887900 937912 AriaExecutor.h:94] AriaExecutor 5 exits. 
I1126 13:35:56.887900 937910 AriaExecutor.h:94] AriaExecutor 3 exits. 
I1126 13:35:56.887902 937916 AriaExecutor.h:94] AriaExecutor 9 exits. 
I1126 13:35:56.887105 937891 AriaExecutor.h:535] Worker 0 latency: 562 us (50%) 743 us (75%) 888 us (95%) 919 us (99%).
I1126 13:35:56.972920 937891 AriaExecutor.h:535] Worker 1 latency: 561 us (50%) 742 us (75%) 887 us (95%) 918 us (99%).
I1126 13:35:57.059906 937891 AriaExecutor.h:535] Worker 2 latency: 562 us (50%) 743 us (75%) 888 us (95%) 919 us (99%).
I1126 13:35:57.145126 937891 AriaExecutor.h:535] Worker 3 latency: 562 us (50%) 742 us (75%) 887 us (95%) 918 us (99%).
I1126 13:35:57.232230 937891 AriaExecutor.h:535] Worker 4 latency: 565 us (50%) 744 us (75%) 888 us (95%) 919 us (99%).
I1126 13:35:57.317148 937891 AriaExecutor.h:535] Worker 5 latency: 564 us (50%) 743 us (75%) 887 us (95%) 918 us (99%).
I1126 13:35:57.403501 937891 AriaExecutor.h:535] Worker 6 latency: 567 us (50%) 745 us (75%) 888 us (95%) 919 us (99%).
I1126 13:35:57.488314 937891 AriaExecutor.h:535] Worker 7 latency: 565 us (50%) 744 us (75%) 887 us (95%) 918 us (99%).
I1126 13:35:57.573894 937891 AriaExecutor.h:535] Worker 8 latency: 567 us (50%) 745 us (75%) 888 us (95%) 919 us (99%).
I1126 13:35:57.659258 937891 AriaExecutor.h:535] Worker 9 latency: 565 us (50%) 744 us (75%) 887 us (95%) 918 us (99%).
I1126 13:35:57.743836 937891 AriaExecutor.h:535] Worker 10 latency: 566 us (50%) 745 us (75%) 888 us (95%) 919 us (99%).
I1126 13:35:57.828612 937891 AriaExecutor.h:535] Worker 11 latency: 566 us (50%) 744 us (75%) 887 us (95%) 918 us (99%).
I1126 13:35:57.913560 937891 Coordinator.h:177] total commit: 1.02018e+06
I1126 13:35:58.913671 937891 Coordinator.h:192] Coordinator exits.
