I0911 22:18:15.486851 2933466 Database.h:65] ycsb initialization finished in 146 milliseconds.
I0911 22:18:15.486964 2933466 Coordinator.h:30] Coordinator initializes 16 workers.
I0911 22:18:15.606009 2933466 Coordinator.h:77] Coordinator starts to run 17 workers.
I0911 22:18:15.606071 2933487 AriaExecutor.h:82] AriaExecutor 0 started. 
I0911 22:18:15.606109 2933488 AriaExecutor.h:82] AriaExecutor 1 started. 
I0911 22:18:15.606153 2933489 AriaExecutor.h:82] AriaExecutor 2 started. 
I0911 22:18:15.606201 2933490 AriaExecutor.h:82] AriaExecutor 3 started. 
I0911 22:18:15.606233 2933491 AriaExecutor.h:82] AriaExecutor 4 started. 
I0911 22:18:15.606279 2933492 AriaExecutor.h:82] AriaExecutor 5 started. 
I0911 22:18:15.606313 2933493 AriaExecutor.h:82] AriaExecutor 6 started. 
I0911 22:18:15.606350 2933494 AriaExecutor.h:82] AriaExecutor 7 started. 
I0911 22:18:15.606379 2933495 AriaExecutor.h:82] AriaExecutor 8 started. 
I0911 22:18:15.606423 2933496 AriaExecutor.h:82] AriaExecutor 9 started. 
I0911 22:18:15.606452 2933497 AriaExecutor.h:82] AriaExecutor 10 started. 
I0911 22:18:15.606503 2933498 AriaExecutor.h:82] AriaExecutor 11 started. 
I0911 22:18:15.606536 2933499 AriaExecutor.h:82] AriaExecutor 12 started. 
I0911 22:18:15.606578 2933500 AriaExecutor.h:82] AriaExecutor 13 started. 
I0911 22:18:15.606616 2933501 AriaExecutor.h:82] AriaExecutor 14 started. 
I0911 22:18:15.606657 2933502 AriaExecutor.h:82] AriaExecutor 15 started. 
I0911 22:18:15.606691 2933503 Manager.h:224] Manager(worker id = 16) on the coordinator node started.
I0911 22:18:16.606750 2933466 Coordinator.h:126] commit: 812145 abort: 67855 (0/67855/0), network size: 0, avg network size: 0, si_in_serializable: 0 0 %, local: 0 %
I0911 22:18:17.606848 2933466 Coordinator.h:126] commit: 827036 abort: 68964 (0/68964/0), network size: 0, avg network size: 0, si_in_serializable: 0 0 %, local: 0 %
I0911 22:18:18.606925 2933466 Coordinator.h:126] commit: 826651 abort: 69349 (0/69349/0), network size: 0, avg network size: 0, si_in_serializable: 0 0 %, local: 0 %
I0911 22:18:19.607010 2933466 Coordinator.h:126] commit: 812074 abort: 67926 (0/67926/0), network size: 0, avg network size: 0, si_in_serializable: 0 0 %, local: 0 %
I0911 22:18:20.607088 2933466 Coordinator.h:126] commit: 842082 abort: 69918 (0/69918/0), network size: 0, avg network size: 0, si_in_serializable: 0 0 %, local: 0 %
I0911 22:18:21.607193 2933466 Coordinator.h:126] commit: 841552 abort: 70448 (0/70448/0), network size: 0, avg network size: 0, si_in_serializable: 0 0 %, local: 0 %
I0911 22:18:22.607273 2933466 Coordinator.h:126] commit: 856050 abort: 71950 (0/71950/0), network size: 0, avg network size: 0, si_in_serializable: 0 0 %, local: 0 %
I0911 22:18:23.607349 2933466 Coordinator.h:126] commit: 856359 abort: 71641 (0/71641/0), network size: 0, avg network size: 0, si_in_serializable: 0 0 %, local: 0 %
I0911 22:18:24.607422 2933466 Coordinator.h:126] commit: 856681 abort: 71319 (0/71319/0), network size: 0, avg network size: 0, si_in_serializable: 0 0 %, local: 0 %
I0911 22:18:25.607486 2933466 Coordinator.h:126] commit: 855934 abort: 72066 (0/72066/0), network size: 0, avg network size: 0, si_in_serializable: 0 0 %, local: 0 %
I0911 22:18:26.607561 2933466 Coordinator.h:126] commit: 841637 abort: 70363 (0/70363/0), network size: 0, avg network size: 0, si_in_serializable: 0 0 %, local: 0 %
I0911 22:18:27.607631 2933466 Coordinator.h:126] commit: 856144 abort: 71856 (0/71856/0), network size: 0, avg network size: 0, si_in_serializable: 0 0 %, local: 0 %
I0911 22:18:28.607705 2933466 Coordinator.h:126] commit: 841694 abort: 70306 (0/70306/0), network size: 0, avg network size: 0, si_in_serializable: 0 0 %, local: 0 %
I0911 22:18:29.607776 2933466 Coordinator.h:126] commit: 856020 abort: 71980 (0/71980/0), network size: 0, avg network size: 0, si_in_serializable: 0 0 %, local: 0 %
I0911 22:18:30.607852 2933466 Coordinator.h:126] commit: 826922 abort: 69078 (0/69078/0), network size: 0, avg network size: 0, si_in_serializable: 0 0 %, local: 0 %
I0911 22:18:31.607954 2933466 Coordinator.h:126] commit: 856369 abort: 71631 (0/71631/0), network size: 0, avg network size: 0, si_in_serializable: 0 0 %, local: 0 %
I0911 22:18:32.608032 2933466 Coordinator.h:126] commit: 856752 abort: 71248 (0/71248/0), network size: 0, avg network size: 0, si_in_serializable: 0 0 %, local: 0 %
I0911 22:18:33.608103 2933466 Coordinator.h:126] commit: 856184 abort: 71816 (0/71816/0), network size: 0, avg network size: 0, si_in_serializable: 0 0 %, local: 0 %
I0911 22:18:34.608178 2933466 Coordinator.h:126] commit: 856278 abort: 71722 (0/71722/0), network size: 0, avg network size: 0, si_in_serializable: 0 0 %, local: 0 %
I0911 22:18:35.608255 2933466 Coordinator.h:126] commit: 842002 abort: 69998 (0/69998/0), network size: 0, avg network size: 0, si_in_serializable: 0 0 %, local: 0 %
I0911 22:18:36.608327 2933466 Coordinator.h:126] commit: 856626 abort: 71374 (0/71374/0), network size: 0, avg network size: 0, si_in_serializable: 0 0 %, local: 0 %
I0911 22:18:37.608405 2933466 Coordinator.h:126] commit: 856599 abort: 71401 (0/71401/0), network size: 0, avg network size: 0, si_in_serializable: 0 0 %, local: 0 %
I0911 22:18:38.608479 2933466 Coordinator.h:126] commit: 856224 abort: 71776 (0/71776/0), network size: 0, avg network size: 0, si_in_serializable: 0 0 %, local: 0 %
I0911 22:18:39.608558 2933466 Coordinator.h:126] commit: 856195 abort: 71805 (0/71805/0), network size: 0, avg network size: 0, si_in_serializable: 0 0 %, local: 0 %
I0911 22:18:40.608639 2933466 Coordinator.h:126] commit: 856727 abort: 71273 (0/71273/0), network size: 0, avg network size: 0, si_in_serializable: 0 0 %, local: 0 %
I0911 22:18:40.608649 2933466 Coordinator.h:152] average commit: 849000 abort: 70999.8 (0/70999.8/0), network size: 0, avg network size: 0, si_in_serializable: 0 0 %, local: 0 %
I0911 22:18:40.610397 2933493 AriaExecutor.h:94] AriaExecutor 6 exits. 
I0911 22:18:40.610400 2933501 AriaExecutor.h:94] AriaExecutor 14 exits. 
I0911 22:18:40.610401 2933495 AriaExecutor.h:94] AriaExecutor 8 exits. 
I0911 22:18:40.610404 2933499 AriaExecutor.h:94] AriaExecutor 12 exits. 
I0911 22:18:40.610404 2933503 Manager.h:227] Manager(worker id = 16) on the coordinator node exits.
I0911 22:18:40.610415 2933500 AriaExecutor.h:94] AriaExecutor 13 exits. 
I0911 22:18:40.610405 2933491 AriaExecutor.h:94] AriaExecutor 4 exits. 
I0911 22:18:40.610410 2933496 AriaExecutor.h:94] AriaExecutor 9 exits. 
I0911 22:18:40.610404 2933487 AriaExecutor.h:94] AriaExecutor 0 exits. 
I0911 22:18:40.610411 2933488 AriaExecutor.h:94] AriaExecutor 1 exits. 
I0911 22:18:40.610404 2933497 AriaExecutor.h:94] AriaExecutor 10 exits. 
I0911 22:18:40.610414 2933498 AriaExecutor.h:94] AriaExecutor 11 exits. 
I0911 22:18:40.610417 2933494 AriaExecutor.h:94] AriaExecutor 7 exits. 
I0911 22:18:40.610410 2933490 AriaExecutor.h:94] AriaExecutor 3 exits. 
I0911 22:18:40.610411 2933492 AriaExecutor.h:94] AriaExecutor 5 exits. 
I0911 22:18:40.610399 2933489 AriaExecutor.h:94] AriaExecutor 2 exits. 
I0911 22:18:40.610409 2933502 AriaExecutor.h:94] AriaExecutor 15 exits. 
I0911 22:18:40.608657 2933466 AriaExecutor.h:535] Worker 0 latency: 11357 us (50%) 13550 us (75%) 15254 us (95%) 15680 us (99%).
I0911 22:18:40.666522 2933466 AriaExecutor.h:535] Worker 1 latency: 11354 us (50%) 13547 us (75%) 15246 us (95%) 15641 us (99%).
I0911 22:18:40.729542 2933466 AriaExecutor.h:535] Worker 2 latency: 11385 us (50%) 13560 us (75%) 15248 us (95%) 15642 us (99%).
I0911 22:18:40.786520 2933466 AriaExecutor.h:535] Worker 3 latency: 11375 us (50%) 13558 us (75%) 15251 us (95%) 15646 us (99%).
I0911 22:18:40.850170 2933466 AriaExecutor.h:535] Worker 4 latency: 11369 us (50%) 13554 us (75%) 15246 us (95%) 15633 us (99%).
I0911 22:18:40.907277 2933466 AriaExecutor.h:535] Worker 5 latency: 11369 us (50%) 13562 us (75%) 15258 us (95%) 15649 us (99%).
I0911 22:18:40.970399 2933466 AriaExecutor.h:535] Worker 6 latency: 11407 us (50%) 13576 us (75%) 15254 us (95%) 15653 us (99%).
I0911 22:18:41.027678 2933466 AriaExecutor.h:535] Worker 7 latency: 11380 us (50%) 13565 us (75%) 15255 us (95%) 15647 us (99%).
I0911 22:18:41.090910 2933466 AriaExecutor.h:535] Worker 8 latency: 11351 us (50%) 13540 us (75%) 15240 us (95%) 15627 us (99%).
I0911 22:18:41.148238 2933466 AriaExecutor.h:535] Worker 9 latency: 11354 us (50%) 13547 us (75%) 15246 us (95%) 15637 us (99%).
I0911 22:18:41.212124 2933466 AriaExecutor.h:535] Worker 10 latency: 11374 us (50%) 13553 us (75%) 15246 us (95%) 15656 us (99%).
I0911 22:18:41.269500 2933466 AriaExecutor.h:535] Worker 11 latency: 11362 us (50%) 13547 us (75%) 15246 us (95%) 15638 us (99%).
I0911 22:18:41.332859 2933466 AriaExecutor.h:535] Worker 12 latency: 11362 us (50%) 13545 us (75%) 15244 us (95%) 15646 us (99%).
I0911 22:18:41.390974 2933466 AriaExecutor.h:535] Worker 13 latency: 11378 us (50%) 13565 us (75%) 15259 us (95%) 15666 us (99%).
I0911 22:18:41.454206 2933466 AriaExecutor.h:535] Worker 14 latency: 11381 us (50%) 13556 us (75%) 15246 us (95%) 15652 us (99%).
I0911 22:18:41.511713 2933466 AriaExecutor.h:535] Worker 15 latency: 11348 us (50%) 13544 us (75%) 15252 us (95%) 15675 us (99%).
I0911 22:18:41.575114 2933466 Coordinator.h:177] total commit: 849000
I0911 22:18:42.575227 2933466 Coordinator.h:192] Coordinator exits.
