I1126 18:06:49.361491 1067210 Database.h:65] ycsb initialization finished in 30 milliseconds.
I1126 18:06:49.361596 1067210 Coordinator.h:30] Coordinator initializes 12 workers.
I1126 18:06:49.362510 1067210 Coordinator.h:77] Coordinator starts to run 13 workers.
I1126 18:06:49.362564 1067226 AriaExecutor.h:91] AriaExecutor 0 started. 
I1126 18:06:49.362584 1067227 AriaExecutor.h:91] AriaExecutor 1 started. 
I1126 18:06:49.362635 1067228 AriaExecutor.h:91] AriaExecutor 2 started. 
I1126 18:06:49.362675 1067229 AriaExecutor.h:91] AriaExecutor 3 started. 
I1126 18:06:49.362756 1067231 AriaExecutor.h:91] AriaExecutor 5 started. 
I1126 18:06:49.362799 1067232 AriaExecutor.h:91] AriaExecutor 6 started. 
I1126 18:06:49.362833 1067233 AriaExecutor.h:91] AriaExecutor 7 started. 
I1126 18:06:49.362870 1067234 AriaExecutor.h:91] AriaExecutor 8 started. 
I1126 18:06:49.362911 1067235 AriaExecutor.h:91] AriaExecutor 9 started. 
I1126 18:06:49.362946 1067236 AriaExecutor.h:91] AriaExecutor 10 started. 
I1126 18:06:49.362995 1067237 AriaExecutor.h:91] AriaExecutor 11 started. 
I1126 18:06:49.363029 1067230 AriaExecutor.h:91] AriaExecutor 4 started. 
I1126 18:06:49.363034 1067238 Manager.h:224] Manager(worker id = 12) on the coordinator node started.
I1126 18:06:50.363092 1067210 Coordinator.h:126] commit: 1333379 abort: 60621 (0/60621/0), network size: 0, avg network size: 0, si_in_serializable: 0 0 %, local: 0 %
I1126 18:06:51.363219 1067210 Coordinator.h:126] commit: 1320977 abort: 60023 (0/60023/0), network size: 0, avg network size: 0, si_in_serializable: 0 0 %, local: 0 %
I1126 18:06:52.363335 1067210 Coordinator.h:126] commit: 1343859 abort: 61141 (0/61141/0), network size: 0, avg network size: 0, si_in_serializable: 0 0 %, local: 0 %
I1126 18:06:53.363435 1067210 Coordinator.h:126] commit: 1357447 abort: 61565 (0/61565/0), network size: 0, avg network size: 0, si_in_serializable: 0 0 %, local: 0 %
I1126 18:06:54.363533 1067210 Coordinator.h:126] commit: 1330765 abort: 60222 (0/60222/0), network size: 0, avg network size: 0, si_in_serializable: 0 0 %, local: 0 %
I1126 18:06:55.363618 1067210 Coordinator.h:126] commit: 1353379 abort: 61128 (0/61128/0), network size: 0, avg network size: 0, si_in_serializable: 0 0 %, local: 0 %
I1126 18:06:56.363714 1067210 Coordinator.h:126] commit: 1361293 abort: 62200 (0/62200/0), network size: 0, avg network size: 0, si_in_serializable: 0 0 %, local: 0 %
I1126 18:06:57.363817 1067210 Coordinator.h:126] commit: 1334463 abort: 60537 (0/60537/0), network size: 0, avg network size: 0, si_in_serializable: 0 0 %, local: 0 %
I1126 18:06:58.363914 1067210 Coordinator.h:126] commit: 1356609 abort: 61391 (0/61391/0), network size: 0, avg network size: 0, si_in_serializable: 0 0 %, local: 0 %
I1126 18:06:59.364001 1067210 Coordinator.h:126] commit: 1278033 abort: 57967 (0/57967/0), network size: 0, avg network size: 0, si_in_serializable: 0 0 %, local: 0 %
I1126 18:07:00.364101 1067210 Coordinator.h:126] commit: 1355664 abort: 61336 (0/61336/0), network size: 0, avg network size: 0, si_in_serializable: 0 0 %, local: 0 %
I1126 18:07:01.364203 1067210 Coordinator.h:126] commit: 1353687 abort: 61313 (0/61313/0), network size: 0, avg network size: 0, si_in_serializable: 0 0 %, local: 0 %
I1126 18:07:02.364305 1067210 Coordinator.h:126] commit: 1353382 abort: 61618 (0/61618/0), network size: 0, avg network size: 0, si_in_serializable: 0 0 %, local: 0 %
I1126 18:07:03.364392 1067210 Coordinator.h:126] commit: 1355017 abort: 61983 (0/61983/0), network size: 0, avg network size: 0, si_in_serializable: 0 0 %, local: 0 %
I1126 18:07:04.364475 1067210 Coordinator.h:126] commit: 1350691 abort: 61309 (0/61309/0), network size: 0, avg network size: 0, si_in_serializable: 0 0 %, local: 0 %
I1126 18:07:05.364579 1067210 Coordinator.h:126] commit: 1355640 abort: 61360 (0/61360/0), network size: 0, avg network size: 0, si_in_serializable: 0 0 %, local: 0 %
I1126 18:07:06.364701 1067210 Coordinator.h:126] commit: 1339908 abort: 61092 (0/61092/0), network size: 0, avg network size: 0, si_in_serializable: 0 0 %, local: 0 %
I1126 18:07:07.364806 1067210 Coordinator.h:126] commit: 1356353 abort: 61647 (0/61647/0), network size: 0, avg network size: 0, si_in_serializable: 0 0 %, local: 0 %
I1126 18:07:08.364892 1067210 Coordinator.h:126] commit: 1162249 abort: 52751 (0/52751/0), network size: 0, avg network size: 0, si_in_serializable: 0 0 %, local: 0 %
I1126 18:07:09.364997 1067210 Coordinator.h:126] commit: 1356378 abort: 61622 (0/61622/0), network size: 0, avg network size: 0, si_in_serializable: 0 0 %, local: 0 %
I1126 18:07:10.365108 1067210 Coordinator.h:126] commit: 1356785 abort: 61215 (0/61215/0), network size: 0, avg network size: 0, si_in_serializable: 0 0 %, local: 0 %
I1126 18:07:11.365207 1067210 Coordinator.h:126] commit: 1358172 abort: 61828 (0/61828/0), network size: 0, avg network size: 0, si_in_serializable: 0 0 %, local: 0 %
I1126 18:07:12.365290 1067210 Coordinator.h:126] commit: 1353640 abort: 61533 (0/61533/0), network size: 0, avg network size: 0, si_in_serializable: 0 0 %, local: 0 %
I1126 18:07:13.365392 1067210 Coordinator.h:126] commit: 1354595 abort: 61232 (0/61232/0), network size: 0, avg network size: 0, si_in_serializable: 0 0 %, local: 0 %
I1126 18:07:14.365502 1067210 Coordinator.h:126] commit: 1351426 abort: 61574 (0/61574/0), network size: 0, avg network size: 0, si_in_serializable: 0 0 %, local: 0 %
I1126 18:07:14.365538 1067210 Coordinator.h:152] average commit: 1.3339e+06 abort: 60603.1 (0/60603.1/0), network size: 0, avg network size: 0, si_in_serializable: 0 0 %, local: 0 %
I1126 18:07:14.365664 1067238 Manager.h:227] Manager(worker id = 12) on the coordinator node exits.
I1126 18:07:14.365665 1067232 AriaExecutor.h:103] AriaExecutor 6 exits. 
I1126 18:07:14.365664 1067226 AriaExecutor.h:103] AriaExecutor 0 exits. 
I1126 18:07:14.365675 1067233 AriaExecutor.h:103] AriaExecutor 7 exits. 
I1126 18:07:14.365667 1067230 AriaExecutor.h:103] AriaExecutor 4 exits. 
I1126 18:07:14.365667 1067234 AriaExecutor.h:103] AriaExecutor 8 exits. 
I1126 18:07:14.365669 1067228 AriaExecutor.h:103] AriaExecutor 2 exits. 
I1126 18:07:14.365675 1067235 AriaExecutor.h:103] AriaExecutor 9 exits. 
I1126 18:07:14.365675 1067237 AriaExecutor.h:103] AriaExecutor 11 exits. 
I1126 18:07:14.365675 1067229 AriaExecutor.h:103] AriaExecutor 3 exits. 
I1126 18:07:14.365675 1067227 AriaExecutor.h:103] AriaExecutor 1 exits. 
I1126 18:07:14.365675 1067231 AriaExecutor.h:103] AriaExecutor 5 exits. 
I1126 18:07:14.365666 1067236 AriaExecutor.h:103] AriaExecutor 10 exits. 
I1126 18:07:14.365549 1067210 AriaExecutor.h:621] Worker 0 latency: 528 us (50%) 578 us (75%) 621 us (95%) 642 us (99%).
I1126 18:07:14.465094 1067210 AriaExecutor.h:621] Worker 1 latency: 526 us (50%) 576 us (75%) 620 us (95%) 641 us (99%).
I1126 18:07:14.563639 1067210 AriaExecutor.h:621] Worker 2 latency: 530 us (50%) 579 us (75%) 621 us (95%) 642 us (99%).
I1126 18:07:14.665299 1067210 AriaExecutor.h:621] Worker 3 latency: 528 us (50%) 577 us (75%) 620 us (95%) 641 us (99%).
I1126 18:07:14.765751 1067210 AriaExecutor.h:621] Worker 4 latency: 529 us (50%) 578 us (75%) 621 us (95%) 642 us (99%).
I1126 18:07:14.865375 1067210 AriaExecutor.h:621] Worker 5 latency: 526 us (50%) 576 us (75%) 619 us (95%) 640 us (99%).
I1126 18:07:14.965032 1067210 AriaExecutor.h:621] Worker 6 latency: 533 us (50%) 580 us (75%) 621 us (95%) 642 us (99%).
I1126 18:07:15.061224 1067210 AriaExecutor.h:621] Worker 7 latency: 527 us (50%) 576 us (75%) 619 us (95%) 640 us (99%).
I1126 18:07:15.161697 1067210 AriaExecutor.h:621] Worker 8 latency: 532 us (50%) 580 us (75%) 621 us (95%) 642 us (99%).
I1126 18:07:15.262473 1067210 AriaExecutor.h:621] Worker 9 latency: 528 us (50%) 576 us (75%) 619 us (95%) 640 us (99%).
I1126 18:07:15.360918 1067210 AriaExecutor.h:621] Worker 10 latency: 532 us (50%) 579 us (75%) 621 us (95%) 642 us (99%).
I1126 18:07:15.460484 1067210 AriaExecutor.h:621] Worker 11 latency: 530 us (50%) 578 us (75%) 620 us (95%) 641 us (99%).
I1126 18:07:15.562553 1067210 Coordinator.h:177] total commit: 1.3339e+06
I1126 18:07:16.562664 1067210 Coordinator.h:192] Coordinator exits.
