I0911 22:06:49.622861 2931205 Database.h:65] ycsb initialization finished in 150 milliseconds.
I0911 22:06:49.622969 2931205 Coordinator.h:30] Coordinator initializes 16 workers.
I0911 22:06:49.655416 2931205 Coordinator.h:77] Coordinator starts to run 17 workers.
I0911 22:06:49.655490 2931225 AriaExecutor.h:82] AriaExecutor 0 started. 
I0911 22:06:49.655522 2931226 AriaExecutor.h:82] AriaExecutor 1 started. 
I0911 22:06:49.655572 2931227 AriaExecutor.h:82] AriaExecutor 2 started. 
I0911 22:06:49.655628 2931228 AriaExecutor.h:82] AriaExecutor 3 started. 
I0911 22:06:49.655669 2931229 AriaExecutor.h:82] AriaExecutor 4 started. 
I0911 22:06:49.655709 2931230 AriaExecutor.h:82] AriaExecutor 5 started. 
I0911 22:06:49.655747 2931231 AriaExecutor.h:82] AriaExecutor 6 started. 
I0911 22:06:49.655791 2931232 AriaExecutor.h:82] AriaExecutor 7 started. 
I0911 22:06:49.655829 2931233 AriaExecutor.h:82] AriaExecutor 8 started. 
I0911 22:06:49.655879 2931234 AriaExecutor.h:82] AriaExecutor 9 started. 
I0911 22:06:49.655917 2931235 AriaExecutor.h:82] AriaExecutor 10 started. 
I0911 22:06:49.655956 2931236 AriaExecutor.h:82] AriaExecutor 11 started. 
I0911 22:06:49.655995 2931237 AriaExecutor.h:82] AriaExecutor 12 started. 
I0911 22:06:49.656034 2931238 AriaExecutor.h:82] AriaExecutor 13 started. 
I0911 22:06:49.656073 2931239 AriaExecutor.h:82] AriaExecutor 14 started. 
I0911 22:06:49.656123 2931240 AriaExecutor.h:82] AriaExecutor 15 started. 
I0911 22:06:49.656167 2931241 Manager.h:224] Manager(worker id = 16) on the coordinator node started.
I0911 22:06:50.656211 2931205 Coordinator.h:126] commit: 1307082 abort: 3638 (0/3638/0), network size: 0, avg network size: 0, si_in_serializable: 0 0 %, local: 0 %
I0911 22:06:51.656322 2931205 Coordinator.h:126] commit: 1303005 abort: 3619 (0/3619/0), network size: 0, avg network size: 0, si_in_serializable: 0 0 %, local: 0 %
I0911 22:06:52.656396 2931205 Coordinator.h:126] commit: 1266041 abort: 3719 (0/3719/0), network size: 0, avg network size: 0, si_in_serializable: 0 0 %, local: 0 %
I0911 22:06:53.656471 2931205 Coordinator.h:126] commit: 1262100 abort: 3564 (0/3564/0), network size: 0, avg network size: 0, si_in_serializable: 0 0 %, local: 0 %
I0911 22:06:54.656564 2931205 Coordinator.h:126] commit: 1319296 abort: 3712 (0/3712/0), network size: 0, avg network size: 0, si_in_serializable: 0 0 %, local: 0 %
I0911 22:06:55.656642 2931205 Coordinator.h:126] commit: 1323404 abort: 3700 (0/3700/0), network size: 0, avg network size: 0, si_in_serializable: 0 0 %, local: 0 %
I0911 22:06:56.656716 2931205 Coordinator.h:126] commit: 1306951 abort: 3769 (0/3769/0), network size: 0, avg network size: 0, si_in_serializable: 0 0 %, local: 0 %
I0911 22:06:57.656788 2931205 Coordinator.h:126] commit: 1323378 abort: 3726 (0/3726/0), network size: 0, avg network size: 0, si_in_serializable: 0 0 %, local: 0 %
I0911 22:06:58.656862 2931205 Coordinator.h:126] commit: 1323358 abort: 3746 (0/3746/0), network size: 0, avg network size: 0, si_in_serializable: 0 0 %, local: 0 %
I0911 22:06:59.656936 2931205 Coordinator.h:126] commit: 1319307 abort: 3701 (0/3701/0), network size: 0, avg network size: 0, si_in_serializable: 0 0 %, local: 0 %
I0911 22:07:00.657009 2931205 Coordinator.h:126] commit: 1286520 abort: 3720 (0/3720/0), network size: 0, avg network size: 0, si_in_serializable: 0 0 %, local: 0 %
I0911 22:07:01.657075 2931205 Coordinator.h:126] commit: 1286579 abort: 3661 (0/3661/0), network size: 0, avg network size: 0, si_in_serializable: 0 0 %, local: 0 %
I0911 22:07:02.657145 2931205 Coordinator.h:126] commit: 1290592 abort: 3744 (0/3744/0), network size: 0, avg network size: 0, si_in_serializable: 0 0 %, local: 0 %
I0911 22:07:03.657238 2931205 Coordinator.h:126] commit: 1319168 abort: 3840 (0/3840/0), network size: 0, avg network size: 0, si_in_serializable: 0 0 %, local: 0 %
I0911 22:07:04.657312 2931205 Coordinator.h:126] commit: 1323343 abort: 3761 (0/3761/0), network size: 0, avg network size: 0, si_in_serializable: 0 0 %, local: 0 %
I0911 22:07:05.657373 2931205 Coordinator.h:126] commit: 1323408 abort: 3696 (0/3696/0), network size: 0, avg network size: 0, si_in_serializable: 0 0 %, local: 0 %
I0911 22:07:06.657435 2931205 Coordinator.h:126] commit: 1319237 abort: 3771 (0/3771/0), network size: 0, avg network size: 0, si_in_serializable: 0 0 %, local: 0 %
I0911 22:07:07.657505 2931205 Coordinator.h:126] commit: 1323271 abort: 3833 (0/3833/0), network size: 0, avg network size: 0, si_in_serializable: 0 0 %, local: 0 %
I0911 22:07:08.657567 2931205 Coordinator.h:126] commit: 1323283 abort: 3821 (0/3821/0), network size: 0, avg network size: 0, si_in_serializable: 0 0 %, local: 0 %
I0911 22:07:09.657629 2931205 Coordinator.h:126] commit: 1319323 abort: 3685 (0/3685/0), network size: 0, avg network size: 0, si_in_serializable: 0 0 %, local: 0 %
I0911 22:07:10.657688 2931205 Coordinator.h:126] commit: 1323304 abort: 3800 (0/3800/0), network size: 0, avg network size: 0, si_in_serializable: 0 0 %, local: 0 %
I0911 22:07:11.657763 2931205 Coordinator.h:126] commit: 1294663 abort: 3769 (0/3769/0), network size: 0, avg network size: 0, si_in_serializable: 0 0 %, local: 0 %
I0911 22:07:12.657835 2931205 Coordinator.h:126] commit: 1302907 abort: 3717 (0/3717/0), network size: 0, avg network size: 0, si_in_serializable: 0 0 %, local: 0 %
I0911 22:07:13.657909 2931205 Coordinator.h:126] commit: 1306979 abort: 3741 (0/3741/0), network size: 0, avg network size: 0, si_in_serializable: 0 0 %, local: 0 %
I0911 22:07:14.657986 2931205 Coordinator.h:126] commit: 1306974 abort: 3746 (0/3746/0), network size: 0, avg network size: 0, si_in_serializable: 0 0 %, local: 0 %
I0911 22:07:14.657999 2931205 Coordinator.h:152] average commit: 1.31147e+06 abort: 3753.2 (0/3753.2/0), network size: 0, avg network size: 0, si_in_serializable: 0 0 %, local: 0 %
I0911 22:07:14.661111 2931233 AriaExecutor.h:94] AriaExecutor 8 exits. 
I0911 22:07:14.661124 2931228 AriaExecutor.h:94] AriaExecutor 3 exits. 
I0911 22:07:14.661113 2931235 AriaExecutor.h:94] AriaExecutor 10 exits. 
I0911 22:07:14.661113 2931229 AriaExecutor.h:94] AriaExecutor 4 exits. 
I0911 22:07:14.661113 2931237 AriaExecutor.h:94] AriaExecutor 12 exits. 
I0911 22:07:14.661113 2931231 AriaExecutor.h:94] AriaExecutor 6 exits. 
I0911 22:07:14.661113 2931225 AriaExecutor.h:94] AriaExecutor 0 exits. 
I0911 22:07:14.661113 2931227 AriaExecutor.h:94] AriaExecutor 2 exits. 
I0911 22:07:14.661113 2931241 Manager.h:227] Manager(worker id = 16) on the coordinator node exits.
I0911 22:07:14.661111 2931239 AriaExecutor.h:94] AriaExecutor 14 exits. 
I0911 22:07:14.661125 2931238 AriaExecutor.h:94] AriaExecutor 13 exits. 
I0911 22:07:14.661125 2931240 AriaExecutor.h:94] AriaExecutor 15 exits. 
I0911 22:07:14.661125 2931232 AriaExecutor.h:94] AriaExecutor 7 exits. 
I0911 22:07:14.661125 2931236 AriaExecutor.h:94] AriaExecutor 11 exits. 
I0911 22:07:14.661126 2931234 AriaExecutor.h:94] AriaExecutor 9 exits. 
I0911 22:07:14.661127 2931226 AriaExecutor.h:94] AriaExecutor 1 exits. 
I0911 22:07:14.661127 2931230 AriaExecutor.h:94] AriaExecutor 5 exits. 
I0911 22:07:14.658008 2931205 AriaExecutor.h:535] Worker 0 latency: 1766 us (50%) 2371 us (75%) 2859 us (95%) 2960 us (99%).
I0911 22:07:14.739593 2931205 AriaExecutor.h:535] Worker 1 latency: 1765 us (50%) 2370 us (75%) 2857 us (95%) 2958 us (99%).
I0911 22:07:14.830227 2931205 AriaExecutor.h:535] Worker 2 latency: 1777 us (50%) 2377 us (75%) 2860 us (95%) 2959 us (99%).
I0911 22:07:14.914884 2931205 AriaExecutor.h:535] Worker 3 latency: 1767 us (50%) 2372 us (75%) 2858 us (95%) 2958 us (99%).
I0911 22:07:15.006678 2931205 AriaExecutor.h:535] Worker 4 latency: 1769 us (50%) 2373 us (75%) 2859 us (95%) 2959 us (99%).
I0911 22:07:15.089761 2931205 AriaExecutor.h:535] Worker 5 latency: 1762 us (50%) 2368 us (75%) 2857 us (95%) 2958 us (99%).
I0911 22:07:15.179677 2931205 AriaExecutor.h:535] Worker 6 latency: 1774 us (50%) 2375 us (75%) 2859 us (95%) 2959 us (99%).
I0911 22:07:15.261611 2931205 AriaExecutor.h:535] Worker 7 latency: 1768 us (50%) 2372 us (75%) 2858 us (95%) 2958 us (99%).
I0911 22:07:15.353469 2931205 AriaExecutor.h:535] Worker 8 latency: 1767 us (50%) 2371 us (75%) 2857 us (95%) 2959 us (99%).
I0911 22:07:15.435441 2931205 AriaExecutor.h:535] Worker 9 latency: 1763 us (50%) 2368 us (75%) 2856 us (95%) 2958 us (99%).
I0911 22:07:15.527689 2931205 AriaExecutor.h:535] Worker 10 latency: 1768 us (50%) 2371 us (75%) 2857 us (95%) 2959 us (99%).
I0911 22:07:15.612408 2931205 AriaExecutor.h:535] Worker 11 latency: 1767 us (50%) 2370 us (75%) 2856 us (95%) 2958 us (99%).
I0911 22:07:15.704802 2931205 AriaExecutor.h:535] Worker 12 latency: 1775 us (50%) 2374 us (75%) 2858 us (95%) 2959 us (99%).
I0911 22:07:15.787143 2931205 AriaExecutor.h:535] Worker 13 latency: 1760 us (50%) 2367 us (75%) 2856 us (95%) 2958 us (99%).
I0911 22:07:15.878177 2931205 AriaExecutor.h:535] Worker 14 latency: 1776 us (50%) 2374 us (75%) 2857 us (95%) 2959 us (99%).
I0911 22:07:15.962504 2931205 AriaExecutor.h:535] Worker 15 latency: 1769 us (50%) 2371 us (75%) 2857 us (95%) 2958 us (99%).
I0911 22:07:16.054062 2931205 Coordinator.h:177] total commit: 1.31147e+06
I0911 22:07:17.054183 2931205 Coordinator.h:192] Coordinator exits.
