I0911 21:54:55.645346 2929021 Database.h:65] ycsb initialization finished in 148 milliseconds.
I0911 21:54:55.645452 2929021 Coordinator.h:30] Coordinator initializes 16 workers.
I0911 21:54:55.653710 2929021 Coordinator.h:77] Coordinator starts to run 17 workers.
I0911 21:54:55.653767 2929041 AriaExecutor.h:82] AriaExecutor 0 started. 
I0911 21:54:55.653800 2929042 AriaExecutor.h:82] AriaExecutor 1 started. 
I0911 21:54:55.653846 2929043 AriaExecutor.h:82] AriaExecutor 2 started. 
I0911 21:54:55.653901 2929044 AriaExecutor.h:82] AriaExecutor 3 started. 
I0911 21:54:55.653944 2929045 AriaExecutor.h:82] AriaExecutor 4 started. 
I0911 21:54:55.653999 2929046 AriaExecutor.h:82] AriaExecutor 5 started. 
I0911 21:54:55.654043 2929047 AriaExecutor.h:82] AriaExecutor 6 started. 
I0911 21:54:55.654093 2929048 AriaExecutor.h:82] AriaExecutor 7 started. 
I0911 21:54:55.654136 2929049 AriaExecutor.h:82] AriaExecutor 8 started. 
I0911 21:54:55.654193 2929050 AriaExecutor.h:82] AriaExecutor 9 started. 
I0911 21:54:55.654237 2929051 AriaExecutor.h:82] AriaExecutor 10 started. 
I0911 21:54:55.654295 2929052 AriaExecutor.h:82] AriaExecutor 11 started. 
I0911 21:54:55.654340 2929053 AriaExecutor.h:82] AriaExecutor 12 started. 
I0911 21:54:55.654388 2929054 AriaExecutor.h:82] AriaExecutor 13 started. 
I0911 21:54:55.654436 2929055 AriaExecutor.h:82] AriaExecutor 14 started. 
I0911 21:54:55.654488 2929056 AriaExecutor.h:82] AriaExecutor 15 started. 
I0911 21:54:55.654534 2929057 Manager.h:224] Manager(worker id = 16) on the coordinator node started.
I0911 21:54:56.654587 2929021 Coordinator.h:126] commit: 1390098 abort: 5614 (0/5614/0), network size: 0, avg network size: 0, si_in_serializable: 0 0 %, local: 0 %
I0911 21:54:57.654711 2929021 Coordinator.h:126] commit: 1377970 abort: 5454 (0/5454/0), network size: 0, avg network size: 0, si_in_serializable: 0 0 %, local: 0 %
I0911 21:54:58.654801 2929021 Coordinator.h:126] commit: 1345112 abort: 5544 (0/5544/0), network size: 0, avg network size: 0, si_in_serializable: 0 0 %, local: 0 %
I0911 21:54:59.654896 2929021 Coordinator.h:126] commit: 1358490 abort: 5478 (0/5478/0), network size: 0, avg network size: 0, si_in_serializable: 0 0 %, local: 0 %
I0911 21:55:00.655004 2929021 Coordinator.h:126] commit: 1405490 abort: 5582 (0/5582/0), network size: 0, avg network size: 0, si_in_serializable: 0 0 %, local: 0 %
I0911 21:55:01.655097 2929021 Coordinator.h:126] commit: 1411336 abort: 5880 (0/5880/0), network size: 0, avg network size: 0, si_in_serializable: 0 0 %, local: 0 %
I0911 21:55:02.655187 2929021 Coordinator.h:126] commit: 1392183 abort: 5577 (0/5577/0), network size: 0, avg network size: 0, si_in_serializable: 0 0 %, local: 0 %
I0911 21:55:03.655280 2929021 Coordinator.h:126] commit: 1414153 abort: 5779 (0/5779/0), network size: 0, avg network size: 0, si_in_serializable: 0 0 %, local: 0 %
I0911 21:55:04.655360 2929021 Coordinator.h:126] commit: 1408913 abort: 5587 (0/5587/0), network size: 0, avg network size: 0, si_in_serializable: 0 0 %, local: 0 %
I0911 21:55:05.655440 2929021 Coordinator.h:126] commit: 1415703 abort: 5609 (0/5609/0), network size: 0, avg network size: 0, si_in_serializable: 0 0 %, local: 0 %
I0911 21:55:06.655522 2929021 Coordinator.h:126] commit: 1415619 abort: 5693 (0/5693/0), network size: 0, avg network size: 0, si_in_serializable: 0 0 %, local: 0 %
I0911 21:55:07.655615 2929021 Coordinator.h:126] commit: 1368636 abort: 5572 (0/5572/0), network size: 0, avg network size: 0, si_in_serializable: 0 0 %, local: 0 %
I0911 21:55:08.655697 2929021 Coordinator.h:126] commit: 1368760 abort: 5448 (0/5448/0), network size: 0, avg network size: 0, si_in_serializable: 0 0 %, local: 0 %
I0911 21:55:09.655781 2929021 Coordinator.h:126] commit: 1371671 abort: 5609 (0/5609/0), network size: 0, avg network size: 0, si_in_serializable: 0 0 %, local: 0 %
I0911 21:55:10.655889 2929021 Coordinator.h:126] commit: 1407471 abort: 5649 (0/5649/0), network size: 0, avg network size: 0, si_in_serializable: 0 0 %, local: 0 %
I0911 21:55:11.655987 2929021 Coordinator.h:126] commit: 1413503 abort: 5761 (0/5761/0), network size: 0, avg network size: 0, si_in_serializable: 0 0 %, local: 0 %
I0911 21:55:12.656081 2929021 Coordinator.h:126] commit: 1415667 abort: 5645 (0/5645/0), network size: 0, avg network size: 0, si_in_serializable: 0 0 %, local: 0 %
I0911 21:55:13.656164 2929021 Coordinator.h:126] commit: 1413532 abort: 5724 (0/5724/0), network size: 0, avg network size: 0, si_in_serializable: 0 0 %, local: 0 %
I0911 21:55:14.656248 2929021 Coordinator.h:126] commit: 1413716 abort: 5556 (0/5556/0), network size: 0, avg network size: 0, si_in_serializable: 0 0 %, local: 0 %
I0911 21:55:15.656342 2929021 Coordinator.h:126] commit: 1414588 abort: 5700 (0/5700/0), network size: 0, avg network size: 0, si_in_serializable: 0 0 %, local: 0 %
I0911 21:55:16.656422 2929021 Coordinator.h:126] commit: 1414534 abort: 5754 (0/5754/0), network size: 0, avg network size: 0, si_in_serializable: 0 0 %, local: 0 %
I0911 21:55:17.656502 2929021 Coordinator.h:126] commit: 1412584 abort: 5656 (0/5656/0), network size: 0, avg network size: 0, si_in_serializable: 0 0 %, local: 0 %
I0911 21:55:18.656596 2929021 Coordinator.h:126] commit: 1413746 abort: 5518 (0/5518/0), network size: 0, avg network size: 0, si_in_serializable: 0 0 %, local: 0 %
I0911 21:55:19.656685 2929021 Coordinator.h:126] commit: 1389066 abort: 5622 (0/5622/0), network size: 0, avg network size: 0, si_in_serializable: 0 0 %, local: 0 %
I0911 21:55:20.656769 2929021 Coordinator.h:126] commit: 1304418 abort: 5278 (0/5278/0), network size: 0, avg network size: 0, si_in_serializable: 0 0 %, local: 0 %
I0911 21:55:20.656795 2929021 Coordinator.h:152] average commit: 1.40032e+06 abort: 5635.7 (0/5635.7/0), network size: 0, avg network size: 0, si_in_serializable: 0 0 %, local: 0 %
I0911 21:55:20.657763 2929057 Manager.h:227] Manager(worker id = 16) on the coordinator node exits.
I0911 21:55:20.657766 2929043 AriaExecutor.h:94] AriaExecutor 2 exits. 
I0911 21:55:20.657769 2929053 AriaExecutor.h:94] AriaExecutor 12 exits. 
I0911 21:55:20.657786 2929048 AriaExecutor.h:94] AriaExecutor 7 exits. 
I0911 21:55:20.657773 2929051 AriaExecutor.h:94] AriaExecutor 10 exits. 
I0911 21:55:20.657768 2929047 AriaExecutor.h:94] AriaExecutor 6 exits. 
I0911 21:55:20.657773 2929055 AriaExecutor.h:94] AriaExecutor 14 exits. 
I0911 21:55:20.657786 2929050 AriaExecutor.h:94] AriaExecutor 9 exits. 
I0911 21:55:20.657786 2929044 AriaExecutor.h:94] AriaExecutor 3 exits. 
I0911 21:55:20.657773 2929045 AriaExecutor.h:94] AriaExecutor 4 exits. 
I0911 21:55:20.657786 2929054 AriaExecutor.h:94] AriaExecutor 13 exits. 
I0911 21:55:20.657786 2929056 AriaExecutor.h:94] AriaExecutor 15 exits. 
I0911 21:55:20.657786 2929052 AriaExecutor.h:94] AriaExecutor 11 exits. 
I0911 21:55:20.657786 2929046 AriaExecutor.h:94] AriaExecutor 5 exits. 
I0911 21:55:20.657786 2929042 AriaExecutor.h:94] AriaExecutor 1 exits. 
I0911 21:55:20.657769 2929041 AriaExecutor.h:94] AriaExecutor 0 exits. 
I0911 21:55:20.657771 2929049 AriaExecutor.h:94] AriaExecutor 8 exits. 
I0911 21:55:20.656807 2929021 AriaExecutor.h:535] Worker 0 latency: 477 us (50%) 578 us (75%) 659 us (95%) 699 us (99%).
I0911 21:55:20.735589 2929021 AriaExecutor.h:535] Worker 1 latency: 476 us (50%) 577 us (75%) 659 us (95%) 698 us (99%).
I0911 21:55:20.814280 2929021 AriaExecutor.h:535] Worker 2 latency: 477 us (50%) 578 us (75%) 659 us (95%) 700 us (99%).
I0911 21:55:20.892218 2929021 AriaExecutor.h:535] Worker 3 latency: 476 us (50%) 577 us (75%) 659 us (95%) 698 us (99%).
I0911 21:55:20.970633 2929021 AriaExecutor.h:535] Worker 4 latency: 477 us (50%) 578 us (75%) 659 us (95%) 699 us (99%).
I0911 21:55:21.049208 2929021 AriaExecutor.h:535] Worker 5 latency: 475 us (50%) 577 us (75%) 659 us (95%) 698 us (99%).
I0911 21:55:21.127832 2929021 AriaExecutor.h:535] Worker 6 latency: 478 us (50%) 579 us (75%) 660 us (95%) 700 us (99%).
I0911 21:55:21.207358 2929021 AriaExecutor.h:535] Worker 7 latency: 476 us (50%) 577 us (75%) 659 us (95%) 698 us (99%).
I0911 21:55:21.286417 2929021 AriaExecutor.h:535] Worker 8 latency: 476 us (50%) 577 us (75%) 659 us (95%) 699 us (99%).
I0911 21:55:21.364642 2929021 AriaExecutor.h:535] Worker 9 latency: 474 us (50%) 576 us (75%) 658 us (95%) 698 us (99%).
I0911 21:55:21.443989 2929021 AriaExecutor.h:535] Worker 10 latency: 478 us (50%) 578 us (75%) 659 us (95%) 700 us (99%).
I0911 21:55:21.521459 2929021 AriaExecutor.h:535] Worker 11 latency: 475 us (50%) 576 us (75%) 658 us (95%) 698 us (99%).
I0911 21:55:21.599536 2929021 AriaExecutor.h:535] Worker 12 latency: 478 us (50%) 578 us (75%) 659 us (95%) 699 us (99%).
I0911 21:55:21.678184 2929021 AriaExecutor.h:535] Worker 13 latency: 474 us (50%) 576 us (75%) 658 us (95%) 698 us (99%).
I0911 21:55:21.757329 2929021 AriaExecutor.h:535] Worker 14 latency: 477 us (50%) 578 us (75%) 659 us (95%) 699 us (99%).
I0911 21:55:21.835525 2929021 AriaExecutor.h:535] Worker 15 latency: 476 us (50%) 577 us (75%) 659 us (95%) 698 us (99%).
I0911 21:55:21.913988 2929021 Coordinator.h:177] total commit: 1.40032e+06
I0911 21:55:22.914098 2929021 Coordinator.h:192] Coordinator exits.
