I0911 23:29:18.676299 2947187 Database.h:65] ycsb initialization finished in 149 milliseconds.
I0911 23:29:18.676405 2947187 Coordinator.h:30] Coordinator initializes 16 workers.
I0911 23:29:18.796546 2947187 Coordinator.h:77] Coordinator starts to run 17 workers.
I0911 23:29:18.796610 2947207 AriaExecutor.h:82] AriaExecutor 0 started. 
I0911 23:29:18.796643 2947208 AriaExecutor.h:82] AriaExecutor 1 started. 
I0911 23:29:18.796751 2947210 AriaExecutor.h:82] AriaExecutor 3 started. 
I0911 23:29:18.796794 2947211 AriaExecutor.h:82] AriaExecutor 4 started. 
I0911 23:29:18.796834 2947212 AriaExecutor.h:82] AriaExecutor 5 started. 
I0911 23:29:18.796869 2947213 AriaExecutor.h:82] AriaExecutor 6 started. 
I0911 23:29:18.796917 2947214 AriaExecutor.h:82] AriaExecutor 7 started. 
I0911 23:29:18.796983 2947215 AriaExecutor.h:82] AriaExecutor 8 started. 
I0911 23:29:18.797034 2947216 AriaExecutor.h:82] AriaExecutor 9 started. 
I0911 23:29:18.797068 2947217 AriaExecutor.h:82] AriaExecutor 10 started. 
I0911 23:29:18.797120 2947218 AriaExecutor.h:82] AriaExecutor 11 started. 
I0911 23:29:18.797154 2947219 AriaExecutor.h:82] AriaExecutor 12 started. 
I0911 23:29:18.797197 2947220 AriaExecutor.h:82] AriaExecutor 13 started. 
I0911 23:29:18.797240 2947221 AriaExecutor.h:82] AriaExecutor 14 started. 
I0911 23:29:18.797286 2947222 AriaExecutor.h:82] AriaExecutor 15 started. 
I0911 23:29:18.797325 2947209 AriaExecutor.h:82] AriaExecutor 2 started. 
I0911 23:29:18.797329 2947223 Manager.h:224] Manager(worker id = 16) on the coordinator node started.
I0911 23:29:19.797432 2947187 Coordinator.h:126] commit: 27829 abort: 148171 (0/148171/0), network size: 0, avg network size: 0, si_in_serializable: 0 0 %, local: 0 %
I0911 23:29:20.797649 2947187 Coordinator.h:126] commit: 30443 abort: 161557 (0/161557/0), network size: 0, avg network size: 0, si_in_serializable: 0 0 %, local: 0 %
I0911 23:29:21.797786 2947187 Coordinator.h:126] commit: 30197 abort: 161803 (0/161803/0), network size: 0, avg network size: 0, si_in_serializable: 0 0 %, local: 0 %
I0911 23:29:22.797904 2947187 Coordinator.h:126] commit: 32831 abort: 175169 (0/175169/0), network size: 0, avg network size: 0, si_in_serializable: 0 0 %, local: 0 %
I0911 23:29:23.798043 2947187 Coordinator.h:126] commit: 33070 abort: 174930 (0/174930/0), network size: 0, avg network size: 0, si_in_serializable: 0 0 %, local: 0 %
I0911 23:29:24.798220 2947187 Coordinator.h:126] commit: 32683 abort: 175317 (0/175317/0), network size: 0, avg network size: 0, si_in_serializable: 0 0 %, local: 0 %
I0911 23:29:25.798347 2947187 Coordinator.h:126] commit: 32902 abort: 175098 (0/175098/0), network size: 0, avg network size: 0, si_in_serializable: 0 0 %, local: 0 %
I0911 23:29:26.798457 2947187 Coordinator.h:126] commit: 35416 abort: 188584 (0/188584/0), network size: 0, avg network size: 0, si_in_serializable: 0 0 %, local: 0 %
I0911 23:29:27.798585 2947187 Coordinator.h:126] commit: 32716 abort: 175284 (0/175284/0), network size: 0, avg network size: 0, si_in_serializable: 0 0 %, local: 0 %
I0911 23:29:28.798697 2947187 Coordinator.h:126] commit: 32634 abort: 175366 (0/175366/0), network size: 0, avg network size: 0, si_in_serializable: 0 0 %, local: 0 %
I0911 23:29:29.798812 2947187 Coordinator.h:126] commit: 35459 abort: 188541 (0/188541/0), network size: 0, avg network size: 0, si_in_serializable: 0 0 %, local: 0 %
I0911 23:29:30.798940 2947187 Coordinator.h:126] commit: 32813 abort: 175187 (0/175187/0), network size: 0, avg network size: 0, si_in_serializable: 0 0 %, local: 0 %
I0911 23:29:31.799070 2947187 Coordinator.h:126] commit: 35295 abort: 188705 (0/188705/0), network size: 0, avg network size: 0, si_in_serializable: 0 0 %, local: 0 %
I0911 23:29:32.799218 2947187 Coordinator.h:126] commit: 32789 abort: 175211 (0/175211/0), network size: 0, avg network size: 0, si_in_serializable: 0 0 %, local: 0 %
I0911 23:29:33.799333 2947187 Coordinator.h:126] commit: 35399 abort: 188601 (0/188601/0), network size: 0, avg network size: 0, si_in_serializable: 0 0 %, local: 0 %
I0911 23:29:34.799458 2947187 Coordinator.h:126] commit: 35404 abort: 188596 (0/188596/0), network size: 0, avg network size: 0, si_in_serializable: 0 0 %, local: 0 %
I0911 23:29:35.799587 2947187 Coordinator.h:126] commit: 35102 abort: 188898 (0/188898/0), network size: 0, avg network size: 0, si_in_serializable: 0 0 %, local: 0 %
I0911 23:29:36.799700 2947187 Coordinator.h:126] commit: 35391 abort: 188609 (0/188609/0), network size: 0, avg network size: 0, si_in_serializable: 0 0 %, local: 0 %
I0911 23:29:37.799814 2947187 Coordinator.h:126] commit: 32993 abort: 175007 (0/175007/0), network size: 0, avg network size: 0, si_in_serializable: 0 0 %, local: 0 %
I0911 23:29:38.799927 2947187 Coordinator.h:126] commit: 35385 abort: 188615 (0/188615/0), network size: 0, avg network size: 0, si_in_serializable: 0 0 %, local: 0 %
I0911 23:29:39.800052 2947187 Coordinator.h:126] commit: 35262 abort: 188738 (0/188738/0), network size: 0, avg network size: 0, si_in_serializable: 0 0 %, local: 0 %
I0911 23:29:40.800179 2947187 Coordinator.h:126] commit: 35373 abort: 188627 (0/188627/0), network size: 0, avg network size: 0, si_in_serializable: 0 0 %, local: 0 %
I0911 23:29:41.800304 2947187 Coordinator.h:126] commit: 35577 abort: 188423 (0/188423/0), network size: 0, avg network size: 0, si_in_serializable: 0 0 %, local: 0 %
I0911 23:29:42.800411 2947187 Coordinator.h:126] commit: 32730 abort: 175270 (0/175270/0), network size: 0, avg network size: 0, si_in_serializable: 0 0 %, local: 0 %
I0911 23:29:43.800525 2947187 Coordinator.h:126] commit: 35288 abort: 188712 (0/188712/0), network size: 0, avg network size: 0, si_in_serializable: 0 0 %, local: 0 %
I0911 23:29:43.800565 2947187 Coordinator.h:152] average commit: 34603 abort: 184597 (0/184597/0), network size: 0, avg network size: 0, si_in_serializable: 0 0 %, local: 0 %
I0911 23:29:43.800578 2947187 AriaExecutor.h:641] Worker 0 latency: 67990 us (50%) 70364 us (75%) 78157 us (95%) 89761 us (99%).
I0911 23:29:43.829691 2947221 AriaExecutor.h:94] AriaExecutor 14 exits. 
I0911 23:29:43.829692 2947223 Manager.h:227] Manager(worker id = 16) on the coordinator node exits.
I0911 23:29:43.829695 2947217 AriaExecutor.h:94] AriaExecutor 10 exits. 
I0911 23:29:43.829712 2947210 AriaExecutor.h:94] AriaExecutor 3 exits. 
I0911 23:29:43.829699 2947207 AriaExecutor.h:94] AriaExecutor 0 exits. 
I0911 23:29:43.829699 2947211 AriaExecutor.h:94] AriaExecutor 4 exits. 
I0911 23:29:43.829697 2947213 AriaExecutor.h:94] AriaExecutor 6 exits. 
I0911 23:29:43.829712 2947216 AriaExecutor.h:94] AriaExecutor 9 exits. 
I0911 23:29:43.829694 2947219 AriaExecutor.h:94] AriaExecutor 12 exits. 
I0911 23:29:43.829712 2947208 AriaExecutor.h:94] AriaExecutor 1 exits. 
I0911 23:29:43.829712 2947222 AriaExecutor.h:94] AriaExecutor 15 exits. 
I0911 23:29:43.829713 2947218 AriaExecutor.h:94] AriaExecutor 11 exits. 
I0911 23:29:43.829713 2947220 AriaExecutor.h:94] AriaExecutor 13 exits. 
I0911 23:29:43.829715 2947214 AriaExecutor.h:94] AriaExecutor 7 exits. 
I0911 23:29:43.829696 2947209 AriaExecutor.h:94] AriaExecutor 2 exits. 
I0911 23:29:43.829695 2947215 AriaExecutor.h:94] AriaExecutor 8 exits. 
I0911 23:29:43.829722 2947212 AriaExecutor.h:94] AriaExecutor 5 exits. 
I0911 23:29:43.829998 2947187 AriaExecutor.h:641] Worker 1 latency: 67929 us (50%) 70298 us (75%) 77945 us (95%) 89560 us (99%).
I0911 23:29:43.833034 2947187 AriaExecutor.h:641] Worker 2 latency: 68027 us (50%) 70337 us (75%) 78022 us (95%) 89819 us (99%).
I0911 23:29:43.835768 2947187 AriaExecutor.h:641] Worker 3 latency: 67947 us (50%) 70300 us (75%) 77792 us (95%) 88986 us (99%).
I0911 23:29:43.838708 2947187 AriaExecutor.h:641] Worker 4 latency: 67978 us (50%) 70328 us (75%) 78026 us (95%) 89968 us (99%).
I0911 23:29:43.841487 2947187 AriaExecutor.h:641] Worker 5 latency: 67919 us (50%) 70309 us (75%) 77819 us (95%) 89508 us (99%).
I0911 23:29:43.844432 2947187 AriaExecutor.h:641] Worker 6 latency: 67933 us (50%) 70303 us (75%) 77934 us (95%) 89733 us (99%).
I0911 23:29:43.847191 2947187 AriaExecutor.h:641] Worker 7 latency: 67940 us (50%) 70300 us (75%) 77888 us (95%) 89034 us (99%).
I0911 23:29:43.850097 2947187 AriaExecutor.h:641] Worker 8 latency: 67991 us (50%) 70335 us (75%) 78074 us (95%) 89808 us (99%).
I0911 23:29:43.852824 2947187 AriaExecutor.h:641] Worker 9 latency: 67916 us (50%) 70286 us (75%) 77819 us (95%) 89863 us (99%).
I0911 23:29:43.855831 2947187 AriaExecutor.h:641] Worker 10 latency: 68011 us (50%) 70345 us (75%) 77936 us (95%) 89493 us (99%).
I0911 23:29:43.858595 2947187 AriaExecutor.h:641] Worker 11 latency: 67975 us (50%) 70309 us (75%) 77762 us (95%) 88931 us (99%).
I0911 23:29:43.861522 2947187 AriaExecutor.h:641] Worker 12 latency: 67997 us (50%) 70336 us (75%) 78103 us (95%) 89952 us (99%).
I0911 23:29:43.864236 2947187 AriaExecutor.h:641] Worker 13 latency: 67914 us (50%) 70307 us (75%) 77853 us (95%) 90129 us (99%).
I0911 23:29:43.867234 2947187 AriaExecutor.h:641] Worker 14 latency: 67979 us (50%) 70324 us (75%) 77943 us (95%) 89409 us (99%).
I0911 23:29:43.869999 2947187 AriaExecutor.h:641] Worker 15 latency: 67970 us (50%) 70309 us (75%) 77980 us (95%) 89386 us (99%).
I0911 23:29:43.872912 2947187 Coordinator.h:177] total commit: 34603
I0911 23:29:44.873016 2947187 Coordinator.h:192] Coordinator exits.
