I0911 23:44:50.420282 2950058 Database.h:65] ycsb initialization finished in 147 milliseconds.
I0911 23:44:50.420392 2950058 Coordinator.h:30] Coordinator initializes 16 workers.
I0911 23:44:50.435633 2950058 Coordinator.h:77] Coordinator starts to run 17 workers.
I0911 23:44:50.435676 2950078 AriaExecutor.h:82] AriaExecutor 0 started. 
I0911 23:44:50.435714 2950079 AriaExecutor.h:82] AriaExecutor 1 started. 
I0911 23:44:50.435742 2950080 AriaExecutor.h:82] AriaExecutor 2 started. 
I0911 23:44:50.435802 2950081 AriaExecutor.h:82] AriaExecutor 3 started. 
I0911 23:44:50.435823 2950082 AriaExecutor.h:82] AriaExecutor 4 started. 
I0911 23:44:50.435864 2950083 AriaExecutor.h:82] AriaExecutor 5 started. 
I0911 23:44:50.435896 2950084 AriaExecutor.h:82] AriaExecutor 6 started. 
I0911 23:44:50.435941 2950085 AriaExecutor.h:82] AriaExecutor 7 started. 
I0911 23:44:50.435972 2950086 AriaExecutor.h:82] AriaExecutor 8 started. 
I0911 23:44:50.436033 2950087 AriaExecutor.h:82] AriaExecutor 9 started. 
I0911 23:44:50.436064 2950088 AriaExecutor.h:82] AriaExecutor 10 started. 
I0911 23:44:50.436106 2950089 AriaExecutor.h:82] AriaExecutor 11 started. 
I0911 23:44:50.436138 2950090 AriaExecutor.h:82] AriaExecutor 12 started. 
I0911 23:44:50.436182 2950091 AriaExecutor.h:82] AriaExecutor 13 started. 
I0911 23:44:50.436218 2950092 AriaExecutor.h:82] AriaExecutor 14 started. 
I0911 23:44:50.436268 2950093 AriaExecutor.h:82] AriaExecutor 15 started. 
I0911 23:44:50.436298 2950094 Manager.h:224] Manager(worker id = 16) on the coordinator node started.
I0911 23:44:51.436352 2950058 Coordinator.h:126] commit: 1082155 abort: 27861 (0/27861/0), network size: 0, avg network size: 0, si_in_serializable: 0 0 %, local: 0 %
I0911 23:44:52.436453 2950058 Coordinator.h:126] commit: 1076270 abort: 27602 (0/27602/0), network size: 0, avg network size: 0, si_in_serializable: 0 0 %, local: 0 %
I0911 23:44:53.436542 2950058 Coordinator.h:126] commit: 1040826 abort: 26182 (0/26182/0), network size: 0, avg network size: 0, si_in_serializable: 0 0 %, local: 0 %
I0911 23:44:54.436618 2950058 Coordinator.h:126] commit: 1046358 abort: 26794 (0/26794/0), network size: 0, avg network size: 0, si_in_serializable: 0 0 %, local: 0 %
I0911 23:44:55.436719 2950058 Coordinator.h:126] commit: 1086296 abort: 27816 (0/27816/0), network size: 0, avg network size: 0, si_in_serializable: 0 0 %, local: 0 %
I0911 23:44:56.436801 2950058 Coordinator.h:126] commit: 1093927 abort: 28377 (0/28377/0), network size: 0, avg network size: 0, si_in_serializable: 0 0 %, local: 0 %
I0911 23:44:57.436872 2950058 Coordinator.h:126] commit: 1096130 abort: 28222 (0/28222/0), network size: 0, avg network size: 0, si_in_serializable: 0 0 %, local: 0 %
I0911 23:44:58.436936 2950058 Coordinator.h:126] commit: 1070158 abort: 27570 (0/27570/0), network size: 0, avg network size: 0, si_in_serializable: 0 0 %, local: 0 %
I0911 23:44:59.437008 2950058 Coordinator.h:126] commit: 1070227 abort: 27501 (0/27501/0), network size: 0, avg network size: 0, si_in_serializable: 0 0 %, local: 0 %
I0911 23:45:00.437070 2950058 Coordinator.h:126] commit: 1062098 abort: 27438 (0/27438/0), network size: 0, avg network size: 0, si_in_serializable: 0 0 %, local: 0 %
I0911 23:45:01.437132 2950058 Coordinator.h:126] commit: 1096043 abort: 28309 (0/28309/0), network size: 0, avg network size: 0, si_in_serializable: 0 0 %, local: 0 %
I0911 23:45:02.437201 2950058 Coordinator.h:126] commit: 1078243 abort: 27677 (0/27677/0), network size: 0, avg network size: 0, si_in_serializable: 0 0 %, local: 0 %
I0911 23:45:03.437294 2950058 Coordinator.h:126] commit: 1092043 abort: 28213 (0/28213/0), network size: 0, avg network size: 0, si_in_serializable: 0 0 %, local: 0 %
I0911 23:45:04.437364 2950058 Coordinator.h:126] commit: 1094174 abort: 28130 (0/28130/0), network size: 0, avg network size: 0, si_in_serializable: 0 0 %, local: 0 %
I0911 23:45:05.437436 2950058 Coordinator.h:126] commit: 1094141 abort: 28163 (0/28163/0), network size: 0, avg network size: 0, si_in_serializable: 0 0 %, local: 0 %
I0911 23:45:06.437513 2950058 Coordinator.h:126] commit: 1056330 abort: 27062 (0/27062/0), network size: 0, avg network size: 0, si_in_serializable: 0 0 %, local: 0 %
I0911 23:45:07.437588 2950058 Coordinator.h:126] commit: 1094011 abort: 28293 (0/28293/0), network size: 0, avg network size: 0, si_in_serializable: 0 0 %, local: 0 %
I0911 23:45:08.437664 2950058 Coordinator.h:126] commit: 1094186 abort: 28118 (0/28118/0), network size: 0, avg network size: 0, si_in_serializable: 0 0 %, local: 0 %
I0911 23:45:09.437741 2950058 Coordinator.h:126] commit: 1092115 abort: 28141 (0/28141/0), network size: 0, avg network size: 0, si_in_serializable: 0 0 %, local: 0 %
I0911 23:45:10.437817 2950058 Coordinator.h:126] commit: 1093925 abort: 28379 (0/28379/0), network size: 0, avg network size: 0, si_in_serializable: 0 0 %, local: 0 %
I0911 23:45:11.437894 2950058 Coordinator.h:126] commit: 1090237 abort: 27971 (0/27971/0), network size: 0, avg network size: 0, si_in_serializable: 0 0 %, local: 0 %
I0911 23:45:12.437970 2950058 Coordinator.h:126] commit: 1068007 abort: 27673 (0/27673/0), network size: 0, avg network size: 0, si_in_serializable: 0 0 %, local: 0 %
I0911 23:45:13.438043 2950058 Coordinator.h:126] commit: 1082306 abort: 27710 (0/27710/0), network size: 0, avg network size: 0, si_in_serializable: 0 0 %, local: 0 %
I0911 23:45:14.438117 2950058 Coordinator.h:126] commit: 1080154 abort: 27814 (0/27814/0), network size: 0, avg network size: 0, si_in_serializable: 0 0 %, local: 0 %
I0911 23:45:15.438210 2950058 Coordinator.h:126] commit: 1089998 abort: 28210 (0/28210/0), network size: 0, avg network size: 0, si_in_serializable: 0 0 %, local: 0 %
I0911 23:45:15.438226 2950058 Coordinator.h:152] average commit: 1.08852e+06 abort: 28048.5 (0/28048.5/0), network size: 0, avg network size: 0, si_in_serializable: 0 0 %, local: 0 %
I0911 23:45:15.439625 2950078 AriaExecutor.h:94] AriaExecutor 0 exits. 
I0911 23:45:15.439632 2950084 AriaExecutor.h:94] AriaExecutor 6 exits. 
I0911 23:45:15.439635 2950082 AriaExecutor.h:94] AriaExecutor 4 exits. 
I0911 23:45:15.439625 2950080 AriaExecutor.h:94] AriaExecutor 2 exits. 
I0911 23:45:15.439648 2950093 AriaExecutor.h:94] AriaExecutor 15 exits. 
I0911 23:45:15.439632 2950090 AriaExecutor.h:94] AriaExecutor 12 exits. 
I0911 23:45:15.439632 2950086 AriaExecutor.h:94] AriaExecutor 8 exits. 
I0911 23:45:15.439644 2950081 AriaExecutor.h:94] AriaExecutor 3 exits. 
I0911 23:45:15.439646 2950089 AriaExecutor.h:94] AriaExecutor 11 exits. 
I0911 23:45:15.439632 2950092 AriaExecutor.h:94] AriaExecutor 14 exits. 
I0911 23:45:15.439647 2950083 AriaExecutor.h:94] AriaExecutor 5 exits. 
I0911 23:45:15.439626 2950094 Manager.h:227] Manager(worker id = 16) on the coordinator node exits.
I0911 23:45:15.439625 2950088 AriaExecutor.h:94] AriaExecutor 10 exits. 
I0911 23:45:15.439646 2950091 AriaExecutor.h:94] AriaExecutor 13 exits. 
I0911 23:45:15.439648 2950087 AriaExecutor.h:94] AriaExecutor 9 exits. 
I0911 23:45:15.439649 2950085 AriaExecutor.h:94] AriaExecutor 7 exits. 
I0911 23:45:15.439646 2950079 AriaExecutor.h:94] AriaExecutor 1 exits. 
I0911 23:45:15.438237 2950058 AriaExecutor.h:641] Worker 0 latency: 1154 us (50%) 1451 us (75%) 1686 us (95%) 1739 us (99%).
I0911 23:45:15.506646 2950058 AriaExecutor.h:641] Worker 1 latency: 1154 us (50%) 1449 us (75%) 1684 us (95%) 1737 us (99%).
I0911 23:45:15.582175 2950058 AriaExecutor.h:641] Worker 2 latency: 1160 us (50%) 1454 us (75%) 1687 us (95%) 1739 us (99%).
I0911 23:45:15.649597 2950058 AriaExecutor.h:641] Worker 3 latency: 1154 us (50%) 1449 us (75%) 1685 us (95%) 1737 us (99%).
I0911 23:45:15.724766 2950058 AriaExecutor.h:641] Worker 4 latency: 1155 us (50%) 1451 us (75%) 1687 us (95%) 1739 us (99%).
I0911 23:45:15.793893 2950058 AriaExecutor.h:641] Worker 5 latency: 1153 us (50%) 1449 us (75%) 1684 us (95%) 1737 us (99%).
I0911 23:45:15.869781 2950058 AriaExecutor.h:641] Worker 6 latency: 1160 us (50%) 1454 us (75%) 1687 us (95%) 1739 us (99%).
I0911 23:45:15.937747 2950058 AriaExecutor.h:641] Worker 7 latency: 1155 us (50%) 1450 us (75%) 1685 us (95%) 1737 us (99%).
I0911 23:45:16.013847 2950058 AriaExecutor.h:641] Worker 8 latency: 1156 us (50%) 1451 us (75%) 1686 us (95%) 1739 us (99%).
I0911 23:45:16.081723 2950058 AriaExecutor.h:641] Worker 9 latency: 1153 us (50%) 1448 us (75%) 1684 us (95%) 1737 us (99%).
I0911 23:45:16.157668 2950058 AriaExecutor.h:641] Worker 10 latency: 1161 us (50%) 1453 us (75%) 1687 us (95%) 1739 us (99%).
I0911 23:45:16.226246 2950058 AriaExecutor.h:641] Worker 11 latency: 1155 us (50%) 1449 us (75%) 1684 us (95%) 1737 us (99%).
I0911 23:45:16.300740 2950058 AriaExecutor.h:641] Worker 12 latency: 1160 us (50%) 1453 us (75%) 1686 us (95%) 1739 us (99%).
I0911 23:45:16.368984 2950058 AriaExecutor.h:641] Worker 13 latency: 1152 us (50%) 1448 us (75%) 1684 us (95%) 1737 us (99%).
I0911 23:45:16.443631 2950058 AriaExecutor.h:641] Worker 14 latency: 1162 us (50%) 1454 us (75%) 1687 us (95%) 1739 us (99%).
I0911 23:45:16.511037 2950058 AriaExecutor.h:641] Worker 15 latency: 1155 us (50%) 1449 us (75%) 1684 us (95%) 1737 us (99%).
I0911 23:45:16.586846 2950058 Coordinator.h:177] total commit: 1.08852e+06
I0911 23:45:17.586967 2950058 Coordinator.h:192] Coordinator exits.
