I0911 22:19:10.051426 2933632 Database.h:65] ycsb initialization finished in 145 milliseconds.
I0911 22:19:10.051538 2933632 Coordinator.h:30] Coordinator initializes 16 workers.
I0911 22:19:10.066985 2933632 Coordinator.h:77] Coordinator starts to run 17 workers.
I0911 22:19:10.067054 2933653 AriaExecutor.h:82] AriaExecutor 0 started. 
I0911 22:19:10.067085 2933654 AriaExecutor.h:82] AriaExecutor 1 started. 
I0911 22:19:10.067119 2933655 AriaExecutor.h:82] AriaExecutor 2 started. 
I0911 22:19:10.067181 2933656 AriaExecutor.h:82] AriaExecutor 3 started. 
I0911 22:19:10.067198 2933657 AriaExecutor.h:82] AriaExecutor 4 started. 
I0911 22:19:10.067247 2933658 AriaExecutor.h:82] AriaExecutor 5 started. 
I0911 22:19:10.067286 2933659 AriaExecutor.h:82] AriaExecutor 6 started. 
I0911 22:19:10.067324 2933660 AriaExecutor.h:82] AriaExecutor 7 started. 
I0911 22:19:10.067361 2933661 AriaExecutor.h:82] AriaExecutor 8 started. 
I0911 22:19:10.067406 2933662 AriaExecutor.h:82] AriaExecutor 9 started. 
I0911 22:19:10.067441 2933663 AriaExecutor.h:82] AriaExecutor 10 started. 
I0911 22:19:10.067485 2933664 AriaExecutor.h:82] AriaExecutor 11 started. 
I0911 22:19:10.067519 2933665 AriaExecutor.h:82] AriaExecutor 12 started. 
I0911 22:19:10.067572 2933666 AriaExecutor.h:82] AriaExecutor 13 started. 
I0911 22:19:10.067607 2933667 AriaExecutor.h:82] AriaExecutor 14 started. 
I0911 22:19:10.067644 2933668 AriaExecutor.h:82] AriaExecutor 15 started. 
I0911 22:19:10.067682 2933669 Manager.h:224] Manager(worker id = 16) on the coordinator node started.
I0911 22:19:11.067728 2933632 Coordinator.h:126] commit: 56784 abort: 111152 (0/111152/0), network size: 0, avg network size: 0, si_in_serializable: 0 0 %, local: 0 %
I0911 22:19:12.067828 2933632 Coordinator.h:126] commit: 58691 abort: 113341 (0/113341/0), network size: 0, avg network size: 0, si_in_serializable: 0 0 %, local: 0 %
I0911 22:19:13.067898 2933632 Coordinator.h:126] commit: 56942 abort: 110994 (0/110994/0), network size: 0, avg network size: 0, si_in_serializable: 0 0 %, local: 0 %
I0911 22:19:14.067968 2933632 Coordinator.h:126] commit: 56878 abort: 111058 (0/111058/0), network size: 0, avg network size: 0, si_in_serializable: 0 0 %, local: 0 %
I0911 22:19:15.068070 2933632 Coordinator.h:126] commit: 59926 abort: 116202 (0/116202/0), network size: 0, avg network size: 0, si_in_serializable: 0 0 %, local: 0 %
I0911 22:19:16.068150 2933632 Coordinator.h:126] commit: 59875 abort: 116253 (0/116253/0), network size: 0, avg network size: 0, si_in_serializable: 0 0 %, local: 0 %
I0911 22:19:17.068215 2933632 Coordinator.h:126] commit: 60019 abort: 116109 (0/116109/0), network size: 0, avg network size: 0, si_in_serializable: 0 0 %, local: 0 %
I0911 22:19:18.068279 2933632 Coordinator.h:126] commit: 59117 abort: 114963 (0/114963/0), network size: 0, avg network size: 0, si_in_serializable: 0 0 %, local: 0 %
I0911 22:19:19.068346 2933632 Coordinator.h:126] commit: 57492 abort: 112492 (0/112492/0), network size: 0, avg network size: 0, si_in_serializable: 0 0 %, local: 0 %
I0911 22:19:20.068418 2933632 Coordinator.h:126] commit: 59832 abort: 116296 (0/116296/0), network size: 0, avg network size: 0, si_in_serializable: 0 0 %, local: 0 %
I0911 22:19:21.068486 2933632 Coordinator.h:126] commit: 58280 abort: 113752 (0/113752/0), network size: 0, avg network size: 0, si_in_serializable: 0 0 %, local: 0 %
I0911 22:19:22.068572 2933632 Coordinator.h:126] commit: 59342 abort: 114738 (0/114738/0), network size: 0, avg network size: 0, si_in_serializable: 0 0 %, local: 0 %
I0911 22:19:23.068647 2933632 Coordinator.h:126] commit: 59870 abort: 116258 (0/116258/0), network size: 0, avg network size: 0, si_in_serializable: 0 0 %, local: 0 %
I0911 22:19:24.068717 2933632 Coordinator.h:126] commit: 58897 abort: 115332 (0/115332/0), network size: 0, avg network size: 0, si_in_serializable: 0 0 %, local: 0 %
I0911 22:19:25.068778 2933632 Coordinator.h:126] commit: 59500 abort: 116479 (0/116479/0), network size: 0, avg network size: 0, si_in_serializable: 0 0 %, local: 0 %
I0911 22:19:26.068840 2933632 Coordinator.h:126] commit: 59275 abort: 114805 (0/114805/0), network size: 0, avg network size: 0, si_in_serializable: 0 0 %, local: 0 %
I0911 22:19:27.068903 2933632 Coordinator.h:126] commit: 59555 abort: 116573 (0/116573/0), network size: 0, avg network size: 0, si_in_serializable: 0 0 %, local: 0 %
I0911 22:19:28.068974 2933632 Coordinator.h:126] commit: 58894 abort: 115186 (0/115186/0), network size: 0, avg network size: 0, si_in_serializable: 0 0 %, local: 0 %
I0911 22:19:29.069039 2933632 Coordinator.h:126] commit: 60576 abort: 115552 (0/115552/0), network size: 0, avg network size: 0, si_in_serializable: 0 0 %, local: 0 %
I0911 22:19:30.069105 2933632 Coordinator.h:126] commit: 58740 abort: 113292 (0/113292/0), network size: 0, avg network size: 0, si_in_serializable: 0 0 %, local: 0 %
I0911 22:19:31.069171 2933632 Coordinator.h:126] commit: 59416 abort: 115203 (0/115203/0), network size: 0, avg network size: 0, si_in_serializable: 0 0 %, local: 0 %
I0911 22:19:32.069243 2933632 Coordinator.h:126] commit: 58687 abort: 114854 (0/114854/0), network size: 0, avg network size: 0, si_in_serializable: 0 0 %, local: 0 %
I0911 22:19:33.069442 2933632 Coordinator.h:126] commit: 58931 abort: 115149 (0/115149/0), network size: 0, avg network size: 0, si_in_serializable: 0 0 %, local: 0 %
I0911 22:19:34.069602 2933632 Coordinator.h:126] commit: 59401 abort: 114679 (0/114679/0), network size: 0, avg network size: 0, si_in_serializable: 0 0 %, local: 0 %
I0911 22:19:35.069705 2933632 Coordinator.h:126] commit: 58972 abort: 115108 (0/115108/0), network size: 0, avg network size: 0, si_in_serializable: 0 0 %, local: 0 %
I0911 22:19:35.069720 2933632 Coordinator.h:152] average commit: 59292.9 abort: 115197 (0/115197/0), network size: 0, avg network size: 0, si_in_serializable: 0 0 %, local: 0 %
I0911 22:19:35.070809 2933663 AriaExecutor.h:94] AriaExecutor 10 exits. 
I0911 22:19:35.070823 2933666 AriaExecutor.h:94] AriaExecutor 13 exits. 
I0911 22:19:35.070812 2933657 AriaExecutor.h:94] AriaExecutor 4 exits. 
I0911 22:19:35.070812 2933665 AriaExecutor.h:94] AriaExecutor 12 exits. 
I0911 22:19:35.070814 2933653 AriaExecutor.h:94] AriaExecutor 0 exits. 
I0911 22:19:35.070809 2933655 AriaExecutor.h:94] AriaExecutor 2 exits. 
I0911 22:19:35.070829 2933656 AriaExecutor.h:94] AriaExecutor 3 exits. 
I0911 22:19:35.070823 2933662 AriaExecutor.h:94] AriaExecutor 9 exits. 
I0911 22:19:35.070814 2933667 AriaExecutor.h:94] AriaExecutor 14 exits. 
I0911 22:19:35.070823 2933668 AriaExecutor.h:94] AriaExecutor 15 exits. 
I0911 22:19:35.070823 2933654 AriaExecutor.h:94] AriaExecutor 1 exits. 
I0911 22:19:35.070814 2933669 Manager.h:227] Manager(worker id = 16) on the coordinator node exits.
I0911 22:19:35.070824 2933660 AriaExecutor.h:94] AriaExecutor 7 exits. 
I0911 22:19:35.070824 2933664 AriaExecutor.h:94] AriaExecutor 11 exits. 
I0911 22:19:35.070809 2933661 AriaExecutor.h:94] AriaExecutor 8 exits. 
I0911 22:19:35.070830 2933658 AriaExecutor.h:94] AriaExecutor 5 exits. 
I0911 22:19:35.070811 2933659 AriaExecutor.h:94] AriaExecutor 6 exits. 
I0911 22:19:35.069729 2933632 AriaExecutor.h:535] Worker 0 latency: 10253 us (50%) 10782 us (75%) 11091 us (95%) 11447 us (99%).
I0911 22:19:35.075352 2933632 AriaExecutor.h:535] Worker 1 latency: 10243 us (50%) 10774 us (75%) 11089 us (95%) 11438 us (99%).
I0911 22:19:35.080212 2933632 AriaExecutor.h:535] Worker 2 latency: 10249 us (50%) 10775 us (75%) 11086 us (95%) 11449 us (99%).
I0911 22:19:35.085544 2933632 AriaExecutor.h:535] Worker 3 latency: 10249 us (50%) 10776 us (75%) 11089 us (95%) 11431 us (99%).
I0911 22:19:35.090358 2933632 AriaExecutor.h:535] Worker 4 latency: 10239 us (50%) 10771 us (75%) 11087 us (95%) 11431 us (99%).
I0911 22:19:35.095734 2933632 AriaExecutor.h:535] Worker 5 latency: 10227 us (50%) 10765 us (75%) 11089 us (95%) 11447 us (99%).
I0911 22:19:35.100571 2933632 AriaExecutor.h:535] Worker 6 latency: 10242 us (50%) 10769 us (75%) 11083 us (95%) 11430 us (99%).
I0911 22:19:35.105854 2933632 AriaExecutor.h:535] Worker 7 latency: 10250 us (50%) 10777 us (75%) 11089 us (95%) 11429 us (99%).
I0911 22:19:35.110783 2933632 AriaExecutor.h:535] Worker 8 latency: 10242 us (50%) 10771 us (75%) 11085 us (95%) 11418 us (99%).
I0911 22:19:35.116106 2933632 AriaExecutor.h:535] Worker 9 latency: 10235 us (50%) 10772 us (75%) 11089 us (95%) 11441 us (99%).
I0911 22:19:35.120957 2933632 AriaExecutor.h:535] Worker 10 latency: 10245 us (50%) 10769 us (75%) 11083 us (95%) 11442 us (99%).
I0911 22:19:35.126293 2933632 AriaExecutor.h:535] Worker 11 latency: 10238 us (50%) 10771 us (75%) 11086 us (95%) 11433 us (99%).
I0911 22:19:35.131080 2933632 AriaExecutor.h:535] Worker 12 latency: 10243 us (50%) 10769 us (75%) 11080 us (95%) 11427 us (99%).
I0911 22:19:35.136463 2933632 AriaExecutor.h:535] Worker 13 latency: 10235 us (50%) 10772 us (75%) 11089 us (95%) 11441 us (99%).
I0911 22:19:35.141315 2933632 AriaExecutor.h:535] Worker 14 latency: 10253 us (50%) 10774 us (75%) 11082 us (95%) 11440 us (99%).
I0911 22:19:35.146517 2933632 AriaExecutor.h:535] Worker 15 latency: 10235 us (50%) 10768 us (75%) 11084 us (95%) 11438 us (99%).
I0911 22:19:35.151264 2933632 Coordinator.h:177] total commit: 59292.9
I0911 22:19:36.151387 2933632 Coordinator.h:192] Coordinator exits.
