I1126 13:41:45.125083 941883 Database.h:65] ycsb initialization finished in 29 milliseconds.
I1126 13:41:45.125180 941883 Coordinator.h:30] Coordinator initializes 12 workers.
I1126 13:41:45.132719 941883 Coordinator.h:77] Coordinator starts to run 13 workers.
I1126 13:41:45.132786 941899 AriaExecutor.h:82] AriaExecutor 0 started. 
I1126 13:41:45.132813 941900 AriaExecutor.h:82] AriaExecutor 1 started. 
I1126 13:41:45.132853 941901 AriaExecutor.h:82] AriaExecutor 2 started. 
I1126 13:41:45.132897 941902 AriaExecutor.h:82] AriaExecutor 3 started. 
I1126 13:41:45.132913 941903 AriaExecutor.h:82] AriaExecutor 4 started. 
I1126 13:41:45.132958 941904 AriaExecutor.h:82] AriaExecutor 5 started. 
I1126 13:41:45.132975 941905 AriaExecutor.h:82] AriaExecutor 6 started. 
I1126 13:41:45.133014 941906 AriaExecutor.h:82] AriaExecutor 7 started. 
I1126 13:41:45.133045 941907 AriaExecutor.h:82] AriaExecutor 8 started. 
I1126 13:41:45.133085 941908 AriaExecutor.h:82] AriaExecutor 9 started. 
I1126 13:41:45.133113 941909 AriaExecutor.h:82] AriaExecutor 10 started. 
I1126 13:41:45.133153 941910 AriaExecutor.h:82] AriaExecutor 11 started. 
I1126 13:41:45.133183 941911 Manager.h:224] Manager(worker id = 12) on the coordinator node started.
I1126 13:41:46.133234 941883 Coordinator.h:126] commit: 7702 abort: 156298 (0/156298/0), network size: 0, avg network size: 0, si_in_serializable: 0 0 %, local: 0 %
I1126 13:41:47.133350 941883 Coordinator.h:126] commit: 7717 abort: 156283 (0/156283/0), network size: 0, avg network size: 0, si_in_serializable: 0 0 %, local: 0 %
I1126 13:41:48.133460 941883 Coordinator.h:126] commit: 7893 abort: 158107 (0/158107/0), network size: 0, avg network size: 0, si_in_serializable: 0 0 %, local: 0 %
I1126 13:41:49.133548 941883 Coordinator.h:126] commit: 7850 abort: 158150 (0/158150/0), network size: 0, avg network size: 0, si_in_serializable: 0 0 %, local: 0 %
I1126 13:41:50.133643 941883 Coordinator.h:126] commit: 7786 abort: 159214 (0/159214/0), network size: 0, avg network size: 0, si_in_serializable: 0 0 %, local: 0 %
I1126 13:41:51.133747 941883 Coordinator.h:126] commit: 7734 abort: 157266 (0/157266/0), network size: 0, avg network size: 0, si_in_serializable: 0 0 %, local: 0 %
I1126 13:41:52.133870 941883 Coordinator.h:126] commit: 7714 abort: 158286 (0/158286/0), network size: 0, avg network size: 0, si_in_serializable: 0 0 %, local: 0 %
I1126 13:41:53.133958 941883 Coordinator.h:126] commit: 7906 abort: 159094 (0/159094/0), network size: 0, avg network size: 0, si_in_serializable: 0 0 %, local: 0 %
I1126 13:41:54.134038 941883 Coordinator.h:126] commit: 7688 abort: 157312 (0/157312/0), network size: 0, avg network size: 0, si_in_serializable: 0 0 %, local: 0 %
I1126 13:41:55.134124 941883 Coordinator.h:126] commit: 7778 abort: 158222 (0/158222/0), network size: 0, avg network size: 0, si_in_serializable: 0 0 %, local: 0 %
I1126 13:41:56.134239 941883 Coordinator.h:126] commit: 8083 abort: 158917 (0/158917/0), network size: 0, avg network size: 0, si_in_serializable: 0 0 %, local: 0 %
I1126 13:41:57.134323 941883 Coordinator.h:126] commit: 7879 abort: 159121 (0/159121/0), network size: 0, avg network size: 0, si_in_serializable: 0 0 %, local: 0 %
I1126 13:41:58.134424 941883 Coordinator.h:126] commit: 7785 abort: 157215 (0/157215/0), network size: 0, avg network size: 0, si_in_serializable: 0 0 %, local: 0 %
I1126 13:41:59.134509 941883 Coordinator.h:126] commit: 7850 abort: 159150 (0/159150/0), network size: 0, avg network size: 0, si_in_serializable: 0 0 %, local: 0 %
I1126 13:42:00.134596 941883 Coordinator.h:126] commit: 7752 abort: 158248 (0/158248/0), network size: 0, avg network size: 0, si_in_serializable: 0 0 %, local: 0 %
I1126 13:42:01.134723 941883 Coordinator.h:126] commit: 7862 abort: 159138 (0/159138/0), network size: 0, avg network size: 0, si_in_serializable: 0 0 %, local: 0 %
I1126 13:42:02.134811 941883 Coordinator.h:126] commit: 7875 abort: 159125 (0/159125/0), network size: 0, avg network size: 0, si_in_serializable: 0 0 %, local: 0 %
I1126 13:42:03.134903 941883 Coordinator.h:126] commit: 7783 abort: 158217 (0/158217/0), network size: 0, avg network size: 0, si_in_serializable: 0 0 %, local: 0 %
I1126 13:42:04.135010 941883 Coordinator.h:126] commit: 7792 abort: 159208 (0/159208/0), network size: 0, avg network size: 0, si_in_serializable: 0 0 %, local: 0 %
I1126 13:42:05.135119 941883 Coordinator.h:126] commit: 7879 abort: 158121 (0/158121/0), network size: 0, avg network size: 0, si_in_serializable: 0 0 %, local: 0 %
I1126 13:42:06.135224 941883 Coordinator.h:126] commit: 7910 abort: 159090 (0/159090/0), network size: 0, avg network size: 0, si_in_serializable: 0 0 %, local: 0 %
I1126 13:42:07.135311 941883 Coordinator.h:126] commit: 7691 abort: 158309 (0/158309/0), network size: 0, avg network size: 0, si_in_serializable: 0 0 %, local: 0 %
I1126 13:42:08.135397 941883 Coordinator.h:126] commit: 7960 abort: 159040 (0/159040/0), network size: 0, avg network size: 0, si_in_serializable: 0 0 %, local: 0 %
I1126 13:42:09.135486 941883 Coordinator.h:126] commit: 7825 abort: 159175 (0/159175/0), network size: 0, avg network size: 0, si_in_serializable: 0 0 %, local: 0 %
I1126 13:42:10.135573 941883 Coordinator.h:126] commit: 7811 abort: 159189 (0/159189/0), network size: 0, avg network size: 0, si_in_serializable: 0 0 %, local: 0 %
I1126 13:42:10.135607 941883 Coordinator.h:152] average commit: 7854 abort: 158646 (0/158646/0), network size: 0, avg network size: 0, si_in_serializable: 0 0 %, local: 0 %
I1126 13:42:10.135617 941883 AriaExecutor.h:535] Worker 0 latency: 5891 us (50%) 5945 us (75%) 6016 us (95%) 6118 us (99%).
I1126 13:42:10.140625 941905 AriaExecutor.h:94] AriaExecutor 6 exits. 
I1126 13:42:10.140625 941899 AriaExecutor.h:94] AriaExecutor 0 exits. 
I1126 13:42:10.140638 941910 AriaExecutor.h:94] AriaExecutor 11 exits. 
I1126 13:42:10.140626 941903 AriaExecutor.h:94] AriaExecutor 4 exits. 
I1126 13:42:10.140627 941911 Manager.h:227] Manager(worker id = 12) on the coordinator node exits.
I1126 13:42:10.140628 941907 AriaExecutor.h:94] AriaExecutor 8 exits. 
I1126 13:42:10.140625 941901 AriaExecutor.h:94] AriaExecutor 2 exits. 
I1126 13:42:10.140638 941908 AriaExecutor.h:94] AriaExecutor 9 exits. 
I1126 13:42:10.140640 941906 AriaExecutor.h:94] AriaExecutor 7 exits. 
I1126 13:42:10.140640 941902 AriaExecutor.h:94] AriaExecutor 3 exits. 
I1126 13:42:10.140638 941900 AriaExecutor.h:94] AriaExecutor 1 exits. 
I1126 13:42:10.140640 941904 AriaExecutor.h:94] AriaExecutor 5 exits. 
I1126 13:42:10.140630 941909 AriaExecutor.h:94] AriaExecutor 10 exits. 
I1126 13:42:10.140870 941883 AriaExecutor.h:535] Worker 1 latency: 5890 us (50%) 5943 us (75%) 6014 us (95%) 6105 us (99%).
I1126 13:42:10.141785 941883 AriaExecutor.h:535] Worker 2 latency: 5887 us (50%) 5941 us (75%) 6013 us (95%) 6116 us (99%).
I1126 13:42:10.142644 941883 AriaExecutor.h:535] Worker 3 latency: 5889 us (50%) 5942 us (75%) 6013 us (95%) 6106 us (99%).
I1126 13:42:10.143473 941883 AriaExecutor.h:535] Worker 4 latency: 5887 us (50%) 5942 us (75%) 6014 us (95%) 6114 us (99%).
I1126 13:42:10.144315 941883 AriaExecutor.h:535] Worker 5 latency: 5887 us (50%) 5941 us (75%) 6013 us (95%) 6114 us (99%).
I1126 13:42:10.145140 941883 AriaExecutor.h:535] Worker 6 latency: 5883 us (50%) 5938 us (75%) 6010 us (95%) 6101 us (99%).
I1126 13:42:10.145918 941883 AriaExecutor.h:535] Worker 7 latency: 5884 us (50%) 5940 us (75%) 6011 us (95%) 6110 us (99%).
I1126 13:42:10.146703 941883 AriaExecutor.h:535] Worker 8 latency: 5884 us (50%) 5940 us (75%) 6013 us (95%) 6122 us (99%).
I1126 13:42:10.147467 941883 AriaExecutor.h:535] Worker 9 latency: 5886 us (50%) 5940 us (75%) 6010 us (95%) 6089 us (99%).
I1126 13:42:10.148222 941883 AriaExecutor.h:535] Worker 10 latency: 5883 us (50%) 5938 us (75%) 6012 us (95%) 6113 us (99%).
I1126 13:42:10.148973 941883 AriaExecutor.h:535] Worker 11 latency: 5884 us (50%) 5938 us (75%) 6009 us (95%) 6106 us (99%).
I1126 13:42:10.149715 941883 Coordinator.h:177] total commit: 7854
I1126 13:42:11.149824 941883 Coordinator.h:192] Coordinator exits.
