I1126 18:06:21.584860 1066951 Database.h:65] ycsb initialization finished in 30 milliseconds.
I1126 18:06:21.584957 1066951 Coordinator.h:30] Coordinator initializes 12 workers.
I1126 18:06:21.591810 1066951 Coordinator.h:77] Coordinator starts to run 13 workers.
I1126 18:06:21.591866 1066970 AriaExecutor.h:91] AriaExecutor 0 started. 
I1126 18:06:21.591894 1066971 AriaExecutor.h:91] AriaExecutor 1 started. 
I1126 18:06:21.591929 1066972 AriaExecutor.h:91] AriaExecutor 2 started. 
I1126 18:06:21.591976 1066973 AriaExecutor.h:91] AriaExecutor 3 started. 
I1126 18:06:21.592051 1066975 AriaExecutor.h:91] AriaExecutor 5 started. 
I1126 18:06:21.592090 1066976 AriaExecutor.h:91] AriaExecutor 6 started. 
I1126 18:06:21.592137 1066977 AriaExecutor.h:91] AriaExecutor 7 started. 
I1126 18:06:21.592175 1066978 AriaExecutor.h:91] AriaExecutor 8 started. 
I1126 18:06:21.592217 1066979 AriaExecutor.h:91] AriaExecutor 9 started. 
I1126 18:06:21.592253 1066980 AriaExecutor.h:91] AriaExecutor 10 started. 
I1126 18:06:21.592298 1066981 AriaExecutor.h:91] AriaExecutor 11 started. 
I1126 18:06:21.592324 1066974 AriaExecutor.h:91] AriaExecutor 4 started. 
I1126 18:06:21.592327 1066982 Manager.h:224] Manager(worker id = 12) on the coordinator node started.
I1126 18:06:22.592401 1066951 Coordinator.h:126] commit: 1721337 abort: 188663 (0/188663/0), network size: 0, avg network size: 0, si_in_serializable: 0 0 %, local: 0 %
I1126 18:06:23.592543 1066951 Coordinator.h:126] commit: 1694766 abort: 185234 (0/185234/0), network size: 0, avg network size: 0, si_in_serializable: 0 0 %, local: 0 %
I1126 18:06:24.592680 1066951 Coordinator.h:126] commit: 1732093 abort: 187907 (0/187907/0), network size: 0, avg network size: 0, si_in_serializable: 0 0 %, local: 0 %
I1126 18:06:25.592792 1066951 Coordinator.h:126] commit: 1713083 abort: 186917 (0/186917/0), network size: 0, avg network size: 0, si_in_serializable: 0 0 %, local: 0 %
I1126 18:06:26.592883 1066951 Coordinator.h:126] commit: 1731127 abort: 188873 (0/188873/0), network size: 0, avg network size: 0, si_in_serializable: 0 0 %, local: 0 %
I1126 18:06:27.592998 1066951 Coordinator.h:126] commit: 1731045 abort: 188955 (0/188955/0), network size: 0, avg network size: 0, si_in_serializable: 0 0 %, local: 0 %
I1126 18:06:28.593104 1066951 Coordinator.h:126] commit: 1730711 abort: 189289 (0/189289/0), network size: 0, avg network size: 0, si_in_serializable: 0 0 %, local: 0 %
I1126 18:06:29.593209 1066951 Coordinator.h:126] commit: 1676753 abort: 183247 (0/183247/0), network size: 0, avg network size: 0, si_in_serializable: 0 0 %, local: 0 %
I1126 18:06:30.593299 1066951 Coordinator.h:126] commit: 1731494 abort: 188506 (0/188506/0), network size: 0, avg network size: 0, si_in_serializable: 0 0 %, local: 0 %
I1126 18:06:31.593422 1066951 Coordinator.h:126] commit: 1739011 abort: 190989 (0/190989/0), network size: 0, avg network size: 0, si_in_serializable: 0 0 %, local: 0 %
I1126 18:06:32.593518 1066951 Coordinator.h:126] commit: 1731568 abort: 188432 (0/188432/0), network size: 0, avg network size: 0, si_in_serializable: 0 0 %, local: 0 %
I1126 18:06:33.593619 1066951 Coordinator.h:126] commit: 1730731 abort: 189269 (0/189269/0), network size: 0, avg network size: 0, si_in_serializable: 0 0 %, local: 0 %
I1126 18:06:34.593698 1066951 Coordinator.h:126] commit: 1733822 abort: 188734 (0/188734/0), network size: 0, avg network size: 0, si_in_serializable: 0 0 %, local: 0 %
I1126 18:06:35.593773 1066951 Coordinator.h:126] commit: 1737205 abort: 190239 (0/190239/0), network size: 0, avg network size: 0, si_in_serializable: 0 0 %, local: 0 %
I1126 18:06:36.593858 1066951 Coordinator.h:126] commit: 1613670 abort: 176330 (0/176330/0), network size: 0, avg network size: 0, si_in_serializable: 0 0 %, local: 0 %
I1126 18:06:37.593976 1066951 Coordinator.h:126] commit: 1740808 abort: 189192 (0/189192/0), network size: 0, avg network size: 0, si_in_serializable: 0 0 %, local: 0 %
I1126 18:06:38.594087 1066951 Coordinator.h:126] commit: 1730947 abort: 189053 (0/189053/0), network size: 0, avg network size: 0, si_in_serializable: 0 0 %, local: 0 %
I1126 18:06:39.594179 1066951 Coordinator.h:126] commit: 1734788 abort: 188867 (0/188867/0), network size: 0, avg network size: 0, si_in_serializable: 0 0 %, local: 0 %
I1126 18:06:40.594270 1066951 Coordinator.h:126] commit: 1736020 abort: 190323 (0/190323/0), network size: 0, avg network size: 0, si_in_serializable: 0 0 %, local: 0 %
I1126 18:06:41.594383 1066951 Coordinator.h:126] commit: 1740061 abort: 189939 (0/189939/0), network size: 0, avg network size: 0, si_in_serializable: 0 0 %, local: 0 %
I1126 18:06:42.594494 1066951 Coordinator.h:126] commit: 1731125 abort: 188875 (0/188875/0), network size: 0, avg network size: 0, si_in_serializable: 0 0 %, local: 0 %
I1126 18:06:43.594604 1066951 Coordinator.h:126] commit: 1739487 abort: 190513 (0/190513/0), network size: 0, avg network size: 0, si_in_serializable: 0 0 %, local: 0 %
I1126 18:06:44.594684 1066951 Coordinator.h:126] commit: 1739709 abort: 190291 (0/190291/0), network size: 0, avg network size: 0, si_in_serializable: 0 0 %, local: 0 %
I1126 18:06:45.594784 1066951 Coordinator.h:126] commit: 1721782 abort: 188218 (0/188218/0), network size: 0, avg network size: 0, si_in_serializable: 0 0 %, local: 0 %
I1126 18:06:46.594883 1066951 Coordinator.h:126] commit: 1740126 abort: 189874 (0/189874/0), network size: 0, avg network size: 0, si_in_serializable: 0 0 %, local: 0 %
I1126 18:06:46.594919 1066951 Coordinator.h:152] average commit: 1.72296e+06 abort: 188038 (0/188038/0), network size: 0, avg network size: 0, si_in_serializable: 0 0 %, local: 0 %
I1126 18:06:46.597115 1066980 AriaExecutor.h:103] AriaExecutor 10 exits. 
I1126 18:06:46.597110 1066972 AriaExecutor.h:103] AriaExecutor 2 exits. 
I1126 18:06:46.597146 1066981 AriaExecutor.h:103] AriaExecutor 11 exits. 
I1126 18:06:46.597111 1066978 AriaExecutor.h:103] AriaExecutor 8 exits. 
I1126 18:06:46.597141 1066979 AriaExecutor.h:103] AriaExecutor 9 exits. 
I1126 18:06:46.597124 1066971 AriaExecutor.h:103] AriaExecutor 1 exits. 
I1126 18:06:46.597126 1066975 AriaExecutor.h:103] AriaExecutor 5 exits. 
I1126 18:06:46.597112 1066976 AriaExecutor.h:103] AriaExecutor 6 exits. 
I1126 18:06:46.597110 1066974 AriaExecutor.h:103] AriaExecutor 4 exits. 
I1126 18:06:46.597131 1066982 Manager.h:227] Manager(worker id = 12) on the coordinator node exits.
I1126 18:06:46.597126 1066973 AriaExecutor.h:103] AriaExecutor 3 exits. 
I1126 18:06:46.597141 1066977 AriaExecutor.h:103] AriaExecutor 7 exits. 
I1126 18:06:46.597111 1066970 AriaExecutor.h:103] AriaExecutor 0 exits. 
I1126 18:06:46.594928 1066951 AriaExecutor.h:621] Worker 0 latency: 3705 us (50%) 4181 us (75%) 4551 us (95%) 4655 us (99%).
I1126 18:06:46.730274 1066951 AriaExecutor.h:621] Worker 1 latency: 3636 us (50%) 4145 us (75%) 4540 us (95%) 4645 us (99%).
I1126 18:06:46.866649 1066951 AriaExecutor.h:621] Worker 2 latency: 3718 us (50%) 4188 us (75%) 4553 us (95%) 4653 us (99%).
I1126 18:06:46.998234 1066951 AriaExecutor.h:621] Worker 3 latency: 3637 us (50%) 4146 us (75%) 4540 us (95%) 4644 us (99%).
I1126 18:06:47.134336 1066951 AriaExecutor.h:621] Worker 4 latency: 3690 us (50%) 4174 us (75%) 4549 us (95%) 4652 us (99%).
I1126 18:06:47.267580 1066951 AriaExecutor.h:621] Worker 5 latency: 3642 us (50%) 4149 us (75%) 4541 us (95%) 4645 us (99%).
I1126 18:06:47.405421 1066951 AriaExecutor.h:621] Worker 6 latency: 3689 us (50%) 4173 us (75%) 4549 us (95%) 4651 us (99%).
I1126 18:06:47.538456 1066951 AriaExecutor.h:621] Worker 7 latency: 3635 us (50%) 4144 us (75%) 4539 us (95%) 4643 us (99%).
I1126 18:06:47.678726 1066951 AriaExecutor.h:621] Worker 8 latency: 3708 us (50%) 4184 us (75%) 4552 us (95%) 4654 us (99%).
I1126 18:06:47.812577 1066951 AriaExecutor.h:621] Worker 9 latency: 3634 us (50%) 4144 us (75%) 4539 us (95%) 4643 us (99%).
I1126 18:06:47.968329 1066951 AriaExecutor.h:621] Worker 10 latency: 3715 us (50%) 4187 us (75%) 4552 us (95%) 4653 us (99%).
I1126 18:06:48.107738 1066951 AriaExecutor.h:621] Worker 11 latency: 3627 us (50%) 4140 us (75%) 4538 us (95%) 4643 us (99%).
I1126 18:06:48.244915 1066951 Coordinator.h:177] total commit: 1.72296e+06
I1126 18:06:49.245029 1066951 Coordinator.h:192] Coordinator exits.
