I1126 17:57:23.129091 1062871 Database.h:65] ycsb initialization finished in 30 milliseconds.
I1126 17:57:23.129180 1062871 Coordinator.h:30] Coordinator initializes 12 workers.
I1126 17:57:23.136059 1062871 Coordinator.h:77] Coordinator starts to run 13 workers.
I1126 17:57:23.136130 1062887 AriaExecutor.h:91] AriaExecutor 0 started. 
I1126 17:57:23.136152 1062888 AriaExecutor.h:91] AriaExecutor 1 started. 
I1126 17:57:23.136199 1062889 AriaExecutor.h:91] AriaExecutor 2 started. 
I1126 17:57:23.136240 1062890 AriaExecutor.h:91] AriaExecutor 3 started. 
I1126 17:57:23.136268 1062891 AriaExecutor.h:91] AriaExecutor 4 started. 
I1126 17:57:23.136307 1062892 AriaExecutor.h:91] AriaExecutor 5 started. 
I1126 17:57:23.136343 1062893 AriaExecutor.h:91] AriaExecutor 6 started. 
I1126 17:57:23.136377 1062894 AriaExecutor.h:91] AriaExecutor 7 started. 
I1126 17:57:23.136406 1062895 AriaExecutor.h:91] AriaExecutor 8 started. 
I1126 17:57:23.136444 1062896 AriaExecutor.h:91] AriaExecutor 9 started. 
I1126 17:57:23.136468 1062897 AriaExecutor.h:91] AriaExecutor 10 started. 
I1126 17:57:23.136505 1062898 AriaExecutor.h:91] AriaExecutor 11 started. 
I1126 17:57:23.136543 1062899 Manager.h:224] Manager(worker id = 12) on the coordinator node started.
I1126 17:57:24.136596 1062871 Coordinator.h:126] commit: 970124 abort: 349876 (0/349876/0), network size: 0, avg network size: 0, si_in_serializable: 0 0 %, local: 0 %
I1126 17:57:25.136713 1062871 Coordinator.h:126] commit: 963585 abort: 346415 (0/346415/0), network size: 0, avg network size: 0, si_in_serializable: 0 0 %, local: 0 %
I1126 17:57:26.136827 1062871 Coordinator.h:126] commit: 970446 abort: 349554 (0/349554/0), network size: 0, avg network size: 0, si_in_serializable: 0 0 %, local: 0 %
I1126 17:57:27.136931 1062871 Coordinator.h:126] commit: 978024 abort: 351976 (0/351976/0), network size: 0, avg network size: 0, si_in_serializable: 0 0 %, local: 0 %
I1126 17:57:28.137023 1062871 Coordinator.h:126] commit: 977524 abort: 352476 (0/352476/0), network size: 0, avg network size: 0, si_in_serializable: 0 0 %, local: 0 %
I1126 17:57:29.137106 1062871 Coordinator.h:126] commit: 970297 abort: 349703 (0/349703/0), network size: 0, avg network size: 0, si_in_serializable: 0 0 %, local: 0 %
I1126 17:57:30.137221 1062871 Coordinator.h:126] commit: 948879 abort: 341121 (0/341121/0), network size: 0, avg network size: 0, si_in_serializable: 0 0 %, local: 0 %
I1126 17:57:31.137331 1062871 Coordinator.h:126] commit: 977824 abort: 352176 (0/352176/0), network size: 0, avg network size: 0, si_in_serializable: 0 0 %, local: 0 %
I1126 17:57:32.137431 1062871 Coordinator.h:126] commit: 978252 abort: 351748 (0/351748/0), network size: 0, avg network size: 0, si_in_serializable: 0 0 %, local: 0 %
I1126 17:57:33.137521 1062871 Coordinator.h:126] commit: 970829 abort: 349171 (0/349171/0), network size: 0, avg network size: 0, si_in_serializable: 0 0 %, local: 0 %
I1126 17:57:34.137604 1062871 Coordinator.h:126] commit: 978110 abort: 351890 (0/351890/0), network size: 0, avg network size: 0, si_in_serializable: 0 0 %, local: 0 %
I1126 17:57:35.137714 1062871 Coordinator.h:126] commit: 977769 abort: 352231 (0/352231/0), network size: 0, avg network size: 0, si_in_serializable: 0 0 %, local: 0 %
I1126 17:57:36.137825 1062871 Coordinator.h:126] commit: 940331 abort: 338230 (0/338230/0), network size: 0, avg network size: 0, si_in_serializable: 0 0 %, local: 0 %
I1126 17:57:37.137933 1062871 Coordinator.h:126] commit: 974405 abort: 350044 (0/350044/0), network size: 0, avg network size: 0, si_in_serializable: 0 0 %, local: 0 %
I1126 17:57:38.138032 1062871 Coordinator.h:126] commit: 967999 abort: 348991 (0/348991/0), network size: 0, avg network size: 0, si_in_serializable: 0 0 %, local: 0 %
I1126 17:57:39.138132 1062871 Coordinator.h:126] commit: 978339 abort: 351661 (0/351661/0), network size: 0, avg network size: 0, si_in_serializable: 0 0 %, local: 0 %
I1126 17:57:40.138259 1062871 Coordinator.h:126] commit: 970774 abort: 349226 (0/349226/0), network size: 0, avg network size: 0, si_in_serializable: 0 0 %, local: 0 %
I1126 17:57:41.138331 1062871 Coordinator.h:126] commit: 970362 abort: 349638 (0/349638/0), network size: 0, avg network size: 0, si_in_serializable: 0 0 %, local: 0 %
I1126 17:57:42.138439 1062871 Coordinator.h:126] commit: 977806 abort: 352194 (0/352194/0), network size: 0, avg network size: 0, si_in_serializable: 0 0 %, local: 0 %
I1126 17:57:43.138541 1062871 Coordinator.h:126] commit: 978387 abort: 351613 (0/351613/0), network size: 0, avg network size: 0, si_in_serializable: 0 0 %, local: 0 %
I1126 17:57:44.138639 1062871 Coordinator.h:126] commit: 970766 abort: 349234 (0/349234/0), network size: 0, avg network size: 0, si_in_serializable: 0 0 %, local: 0 %
I1126 17:57:45.138744 1062871 Coordinator.h:126] commit: 978333 abort: 351667 (0/351667/0), network size: 0, avg network size: 0, si_in_serializable: 0 0 %, local: 0 %
I1126 17:57:46.138854 1062871 Coordinator.h:126] commit: 974518 abort: 349845 (0/349845/0), network size: 0, avg network size: 0, si_in_serializable: 0 0 %, local: 0 %
I1126 17:57:47.138955 1062871 Coordinator.h:126] commit: 973999 abort: 352098 (0/352098/0), network size: 0, avg network size: 0, si_in_serializable: 0 0 %, local: 0 %
I1126 17:57:48.139045 1062871 Coordinator.h:126] commit: 977399 abort: 352141 (0/352141/0), network size: 0, avg network size: 0, si_in_serializable: 0 0 %, local: 0 %
I1126 17:57:48.139070 1062871 Coordinator.h:152] average commit: 971428 abort: 349572 (0/349572/0), network size: 0, avg network size: 0, si_in_serializable: 0 0 %, local: 0 %
I1126 17:57:48.141577 1062889 AriaExecutor.h:103] AriaExecutor 2 exits. 
I1126 17:57:48.141578 1062895 AriaExecutor.h:103] AriaExecutor 8 exits. 
I1126 17:57:48.141580 1062891 AriaExecutor.h:103] AriaExecutor 4 exits. 
I1126 17:57:48.141579 1062893 AriaExecutor.h:103] AriaExecutor 6 exits. 
I1126 17:57:48.141582 1062887 AriaExecutor.h:103] AriaExecutor 0 exits. 
I1126 17:57:48.141608 1062894 AriaExecutor.h:103] AriaExecutor 7 exits. 
I1126 17:57:48.141593 1062892 AriaExecutor.h:103] AriaExecutor 5 exits. 
I1126 17:57:48.141582 1062899 Manager.h:227] Manager(worker id = 12) on the coordinator node exits.
I1126 17:57:48.141608 1062888 AriaExecutor.h:103] AriaExecutor 1 exits. 
I1126 17:57:48.141607 1062890 AriaExecutor.h:103] AriaExecutor 3 exits. 
I1126 17:57:48.141594 1062896 AriaExecutor.h:103] AriaExecutor 9 exits. 
I1126 17:57:48.141592 1062898 AriaExecutor.h:103] AriaExecutor 11 exits. 
I1126 17:57:48.141580 1062897 AriaExecutor.h:103] AriaExecutor 10 exits. 
I1126 17:57:48.139078 1062871 AriaExecutor.h:621] Worker 0 latency: 5928 us (50%) 6362 us (75%) 6675 us (95%) 6778 us (99%).
I1126 17:57:48.218246 1062871 AriaExecutor.h:621] Worker 1 latency: 5906 us (50%) 6354 us (75%) 6672 us (95%) 6775 us (99%).
I1126 17:57:48.307003 1062871 AriaExecutor.h:621] Worker 2 latency: 5932 us (50%) 6365 us (75%) 6674 us (95%) 6776 us (99%).
I1126 17:57:48.387499 1062871 AriaExecutor.h:621] Worker 3 latency: 5897 us (50%) 6349 us (75%) 6669 us (95%) 6771 us (99%).
I1126 17:57:48.475093 1062871 AriaExecutor.h:621] Worker 4 latency: 5918 us (50%) 6358 us (75%) 6672 us (95%) 6773 us (99%).
I1126 17:57:48.556351 1062871 AriaExecutor.h:621] Worker 5 latency: 5902 us (50%) 6352 us (75%) 6671 us (95%) 6773 us (99%).
I1126 17:57:48.646632 1062871 AriaExecutor.h:621] Worker 6 latency: 5915 us (50%) 6356 us (75%) 6670 us (95%) 6773 us (99%).
I1126 17:57:48.730957 1062871 AriaExecutor.h:621] Worker 7 latency: 5899 us (50%) 6350 us (75%) 6669 us (95%) 6772 us (99%).
I1126 17:57:48.819535 1062871 AriaExecutor.h:621] Worker 8 latency: 5929 us (50%) 6365 us (75%) 6675 us (95%) 6777 us (99%).
I1126 17:57:48.900790 1062871 AriaExecutor.h:621] Worker 9 latency: 5901 us (50%) 6352 us (75%) 6671 us (95%) 6774 us (99%).
I1126 17:57:48.990775 1062871 AriaExecutor.h:621] Worker 10 latency: 5924 us (50%) 6362 us (75%) 6673 us (95%) 6774 us (99%).
I1126 17:57:49.070658 1062871 AriaExecutor.h:621] Worker 11 latency: 5888 us (50%) 6346 us (75%) 6668 us (95%) 6772 us (99%).
I1126 17:57:49.159999 1062871 Coordinator.h:177] total commit: 971428
I1126 17:57:50.160112 1062871 Coordinator.h:192] Coordinator exits.
