I1126 15:51:38.809713 1021965 Database.h:65] ycsb initialization finished in 30 milliseconds.
I1126 15:51:38.809809 1021965 Coordinator.h:30] Coordinator initializes 12 workers.
I1126 15:51:38.817449 1021965 Coordinator.h:77] Coordinator starts to run 13 workers.
I1126 15:51:38.817509 1021981 AriaExecutor.h:93] AriaExecutor 0 started. 
I1126 15:51:38.817545 1021982 AriaExecutor.h:93] AriaExecutor 1 started. 
I1126 15:51:38.817589 1021983 AriaExecutor.h:93] AriaExecutor 2 started. 
I1126 15:51:38.817633 1021984 AriaExecutor.h:93] AriaExecutor 3 started. 
I1126 15:51:38.817714 1021986 AriaExecutor.h:93] AriaExecutor 5 started. 
I1126 15:51:38.817755 1021987 AriaExecutor.h:93] AriaExecutor 6 started. 
I1126 15:51:38.817790 1021988 AriaExecutor.h:93] AriaExecutor 7 started. 
I1126 15:51:38.817831 1021989 AriaExecutor.h:93] AriaExecutor 8 started. 
I1126 15:51:38.817883 1021990 AriaExecutor.h:93] AriaExecutor 9 started. 
I1126 15:51:38.817916 1021991 AriaExecutor.h:93] AriaExecutor 10 started. 
I1126 15:51:38.817962 1021992 AriaExecutor.h:93] AriaExecutor 11 started. 
I1126 15:51:38.817994 1021985 AriaExecutor.h:93] AriaExecutor 4 started. 
I1126 15:51:38.817999 1021993 Manager.h:224] Manager(worker id = 12) on the coordinator node started.
I1126 15:51:39.818063 1021965 Coordinator.h:126] commit: 870894 abort: 4106 (0/4106/0), network size: 0, avg network size: 0, si_in_serializable: 0 0 %, local: 0 %
I1126 15:51:40.818176 1021965 Coordinator.h:126] commit: 854910 abort: 4090 (0/4090/0), network size: 0, avg network size: 0, si_in_serializable: 0 0 %, local: 0 %
I1126 15:51:41.818293 1021965 Coordinator.h:126] commit: 871911 abort: 4089 (0/4089/0), network size: 0, avg network size: 0, si_in_serializable: 0 0 %, local: 0 %
I1126 15:51:42.818396 1021965 Coordinator.h:126] commit: 866899 abort: 4101 (0/4101/0), network size: 0, avg network size: 0, si_in_serializable: 0 0 %, local: 0 %
I1126 15:51:43.818468 1021965 Coordinator.h:126] commit: 876865 abort: 4135 (0/4135/0), network size: 0, avg network size: 0, si_in_serializable: 0 0 %, local: 0 %
I1126 15:51:44.818542 1021965 Coordinator.h:126] commit: 865775 abort: 4225 (0/4225/0), network size: 0, avg network size: 0, si_in_serializable: 0 0 %, local: 0 %
I1126 15:51:45.818645 1021965 Coordinator.h:126] commit: 871822 abort: 4178 (0/4178/0), network size: 0, avg network size: 0, si_in_serializable: 0 0 %, local: 0 %
I1126 15:51:46.818743 1021965 Coordinator.h:126] commit: 864884 abort: 4116 (0/4116/0), network size: 0, avg network size: 0, si_in_serializable: 0 0 %, local: 0 %
I1126 15:51:47.818820 1021965 Coordinator.h:126] commit: 873800 abort: 4200 (0/4200/0), network size: 0, avg network size: 0, si_in_serializable: 0 0 %, local: 0 %
I1126 15:51:48.818893 1021965 Coordinator.h:126] commit: 867867 abort: 4133 (0/4133/0), network size: 0, avg network size: 0, si_in_serializable: 0 0 %, local: 0 %
I1126 15:51:49.818984 1021965 Coordinator.h:126] commit: 874817 abort: 4183 (0/4183/0), network size: 0, avg network size: 0, si_in_serializable: 0 0 %, local: 0 %
I1126 15:51:50.819064 1021965 Coordinator.h:126] commit: 874873 abort: 4127 (0/4127/0), network size: 0, avg network size: 0, si_in_serializable: 0 0 %, local: 0 %
I1126 15:51:51.819155 1021965 Coordinator.h:126] commit: 874894 abort: 4106 (0/4106/0), network size: 0, avg network size: 0, si_in_serializable: 0 0 %, local: 0 %
I1126 15:51:52.819250 1021965 Coordinator.h:126] commit: 865918 abort: 4082 (0/4082/0), network size: 0, avg network size: 0, si_in_serializable: 0 0 %, local: 0 %
I1126 15:51:53.819332 1021965 Coordinator.h:126] commit: 846023 abort: 3977 (0/3977/0), network size: 0, avg network size: 0, si_in_serializable: 0 0 %, local: 0 %
I1126 15:51:54.819414 1021965 Coordinator.h:126] commit: 877832 abort: 4168 (0/4168/0), network size: 0, avg network size: 0, si_in_serializable: 0 0 %, local: 0 %
I1126 15:51:55.819492 1021965 Coordinator.h:126] commit: 872803 abort: 4197 (0/4197/0), network size: 0, avg network size: 0, si_in_serializable: 0 0 %, local: 0 %
I1126 15:51:56.819583 1021965 Coordinator.h:126] commit: 877784 abort: 4216 (0/4216/0), network size: 0, avg network size: 0, si_in_serializable: 0 0 %, local: 0 %
I1126 15:51:57.819660 1021965 Coordinator.h:126] commit: 871826 abort: 4174 (0/4174/0), network size: 0, avg network size: 0, si_in_serializable: 0 0 %, local: 0 %
I1126 15:51:58.819733 1021965 Coordinator.h:126] commit: 876813 abort: 4187 (0/4187/0), network size: 0, avg network size: 0, si_in_serializable: 0 0 %, local: 0 %
I1126 15:51:59.819804 1021965 Coordinator.h:126] commit: 875874 abort: 4126 (0/4126/0), network size: 0, avg network size: 0, si_in_serializable: 0 0 %, local: 0 %
I1126 15:52:00.819900 1021965 Coordinator.h:126] commit: 867896 abort: 4104 (0/4104/0), network size: 0, avg network size: 0, si_in_serializable: 0 0 %, local: 0 %
I1126 15:52:01.819998 1021965 Coordinator.h:126] commit: 876646 abort: 4189 (0/4189/0), network size: 0, avg network size: 0, si_in_serializable: 0 0 %, local: 0 %
I1126 15:52:02.820072 1021965 Coordinator.h:126] commit: 876966 abort: 4198 (0/4198/0), network size: 0, avg network size: 0, si_in_serializable: 0 0 %, local: 0 %
I1126 15:52:03.820144 1021965 Coordinator.h:126] commit: 875911 abort: 4089 (0/4089/0), network size: 0, avg network size: 0, si_in_serializable: 0 0 %, local: 0 %
I1126 15:52:03.820153 1021965 Coordinator.h:152] average commit: 871358 abort: 4141.7 (0/4141.7/0), network size: 0, avg network size: 0, si_in_serializable: 0 0 %, local: 0 %
I1126 15:52:03.821013 1021985 AriaExecutor.h:105] AriaExecutor 4 exits. 
I1126 15:52:03.821013 1021981 AriaExecutor.h:105] AriaExecutor 0 exits. 
I1126 15:52:03.821014 1021989 AriaExecutor.h:105] AriaExecutor 8 exits. 
I1126 15:52:03.821017 1021991 AriaExecutor.h:105] AriaExecutor 10 exits. 
I1126 15:52:03.821017 1021982 AriaExecutor.h:105] AriaExecutor 1 exits. 
I1126 15:52:03.821017 1021984 AriaExecutor.h:105] AriaExecutor 3 exits. 
I1126 15:52:03.821017 1021990 AriaExecutor.h:105] AriaExecutor 9 exits. 
I1126 15:52:03.821017 1021988 AriaExecutor.h:105] AriaExecutor 7 exits. 
I1126 15:52:03.821017 1021986 AriaExecutor.h:105] AriaExecutor 5 exits. 
I1126 15:52:03.821022 1021993 Manager.h:227] Manager(worker id = 12) on the coordinator node exits.
I1126 15:52:03.821017 1021992 AriaExecutor.h:105] AriaExecutor 11 exits. 
I1126 15:52:03.821024 1021983 AriaExecutor.h:105] AriaExecutor 2 exits. 
I1126 15:52:03.821015 1021987 AriaExecutor.h:105] AriaExecutor 6 exits. 
I1126 15:52:03.820163 1021965 AriaExecutor.h:672] Worker 0 latency: 665 us (50%) 879 us (75%) 1050 us (95%) 1087 us (99%).
I1126 15:52:03.897464 1021965 AriaExecutor.h:672] Worker 1 latency: 664 us (50%) 878 us (75%) 1050 us (95%) 1086 us (99%).
I1126 15:52:03.980084 1021965 AriaExecutor.h:672] Worker 2 latency: 665 us (50%) 879 us (75%) 1050 us (95%) 1087 us (99%).
I1126 15:52:04.058723 1021965 AriaExecutor.h:672] Worker 3 latency: 665 us (50%) 879 us (75%) 1050 us (95%) 1086 us (99%).
I1126 15:52:04.143792 1021965 AriaExecutor.h:672] Worker 4 latency: 670 us (50%) 882 us (75%) 1051 us (95%) 1087 us (99%).
I1126 15:52:04.219720 1021965 AriaExecutor.h:672] Worker 5 latency: 670 us (50%) 881 us (75%) 1050 us (95%) 1086 us (99%).
I1126 15:52:04.303543 1021965 AriaExecutor.h:672] Worker 6 latency: 671 us (50%) 882 us (75%) 1051 us (95%) 1087 us (99%).
I1126 15:52:04.380399 1021965 AriaExecutor.h:672] Worker 7 latency: 670 us (50%) 881 us (75%) 1050 us (95%) 1086 us (99%).
I1126 15:52:04.463627 1021965 AriaExecutor.h:672] Worker 8 latency: 670 us (50%) 881 us (75%) 1051 us (95%) 1087 us (99%).
I1126 15:52:04.541194 1021965 AriaExecutor.h:672] Worker 9 latency: 669 us (50%) 881 us (75%) 1050 us (95%) 1086 us (99%).
I1126 15:52:04.626726 1021965 AriaExecutor.h:672] Worker 10 latency: 670 us (50%) 881 us (75%) 1051 us (95%) 1087 us (99%).
I1126 15:52:04.703933 1021965 AriaExecutor.h:672] Worker 11 latency: 670 us (50%) 881 us (75%) 1050 us (95%) 1086 us (99%).
I1126 15:52:04.785748 1021965 Coordinator.h:177] total commit: 871358
I1126 15:52:05.785874 1021965 Coordinator.h:192] Coordinator exits.
