I1126 13:39:04.771272 940188 Database.h:65] ycsb initialization finished in 29 milliseconds.
I1126 13:39:04.771365 940188 Coordinator.h:30] Coordinator initializes 12 workers.
I1126 13:39:04.778903 940188 Coordinator.h:77] Coordinator starts to run 13 workers.
I1126 13:39:04.778961 940204 AriaExecutor.h:82] AriaExecutor 0 started. 
I1126 13:39:04.778990 940205 AriaExecutor.h:82] AriaExecutor 1 started. 
I1126 13:39:04.779034 940206 AriaExecutor.h:82] AriaExecutor 2 started. 
I1126 13:39:04.779078 940207 AriaExecutor.h:82] AriaExecutor 3 started. 
I1126 13:39:04.779107 940208 AriaExecutor.h:82] AriaExecutor 4 started. 
I1126 13:39:04.779165 940209 AriaExecutor.h:82] AriaExecutor 5 started. 
I1126 13:39:04.779212 940210 AriaExecutor.h:82] AriaExecutor 6 started. 
I1126 13:39:04.779259 940211 AriaExecutor.h:82] AriaExecutor 7 started. 
I1126 13:39:04.779314 940212 AriaExecutor.h:82] AriaExecutor 8 started. 
I1126 13:39:04.779361 940213 AriaExecutor.h:82] AriaExecutor 9 started. 
I1126 13:39:04.779408 940214 AriaExecutor.h:82] AriaExecutor 10 started. 
I1126 13:39:04.779461 940215 AriaExecutor.h:82] AriaExecutor 11 started. 
I1126 13:39:04.779506 940216 Manager.h:224] Manager(worker id = 12) on the coordinator node started.
I1126 13:39:05.779560 940188 Coordinator.h:126] commit: 1004251 abort: 15749 (0/15749/0), network size: 0, avg network size: 0, si_in_serializable: 0 0 %, local: 0 %
I1126 13:39:06.779677 940188 Coordinator.h:126] commit: 993597 abort: 15403 (0/15403/0), network size: 0, avg network size: 0, si_in_serializable: 0 0 %, local: 0 %
I1126 13:39:07.779801 940188 Coordinator.h:126] commit: 1016040 abort: 15960 (0/15960/0), network size: 0, avg network size: 0, si_in_serializable: 0 0 %, local: 0 %
I1126 13:39:08.779903 940188 Coordinator.h:126] commit: 1011359 abort: 15641 (0/15641/0), network size: 0, avg network size: 0, si_in_serializable: 0 0 %, local: 0 %
I1126 13:39:09.779994 940188 Coordinator.h:126] commit: 1019980 abort: 16020 (0/16020/0), network size: 0, avg network size: 0, si_in_serializable: 0 0 %, local: 0 %
I1126 13:39:10.780084 940188 Coordinator.h:126] commit: 1007530 abort: 15470 (0/15470/0), network size: 0, avg network size: 0, si_in_serializable: 0 0 %, local: 0 %
I1126 13:39:11.780197 940188 Coordinator.h:126] commit: 985575 abort: 15425 (0/15425/0), network size: 0, avg network size: 0, si_in_serializable: 0 0 %, local: 0 %
I1126 13:39:12.780297 940188 Coordinator.h:126] commit: 1020103 abort: 15897 (0/15897/0), network size: 0, avg network size: 0, si_in_serializable: 0 0 %, local: 0 %
I1126 13:39:13.780386 940188 Coordinator.h:126] commit: 1015274 abort: 15726 (0/15726/0), network size: 0, avg network size: 0, si_in_serializable: 0 0 %, local: 0 %
I1126 13:39:14.780478 940188 Coordinator.h:126] commit: 1020112 abort: 15888 (0/15888/0), network size: 0, avg network size: 0, si_in_serializable: 0 0 %, local: 0 %
I1126 13:39:15.780570 940188 Coordinator.h:126] commit: 1018092 abort: 15908 (0/15908/0), network size: 0, avg network size: 0, si_in_serializable: 0 0 %, local: 0 %
I1126 13:39:16.780660 940188 Coordinator.h:126] commit: 1019318 abort: 15682 (0/15682/0), network size: 0, avg network size: 0, si_in_serializable: 0 0 %, local: 0 %
I1126 13:39:17.780750 940188 Coordinator.h:126] commit: 952959 abort: 15041 (0/15041/0), network size: 0, avg network size: 0, si_in_serializable: 0 0 %, local: 0 %
I1126 13:39:18.780843 940188 Coordinator.h:126] commit: 1020094 abort: 15906 (0/15906/0), network size: 0, avg network size: 0, si_in_serializable: 0 0 %, local: 0 %
I1126 13:39:19.780932 940188 Coordinator.h:126] commit: 1018338 abort: 15662 (0/15662/0), network size: 0, avg network size: 0, si_in_serializable: 0 0 %, local: 0 %
I1126 13:39:20.781023 940188 Coordinator.h:126] commit: 1020004 abort: 15996 (0/15996/0), network size: 0, avg network size: 0, si_in_serializable: 0 0 %, local: 0 %
I1126 13:39:21.781133 940188 Coordinator.h:126] commit: 999440 abort: 15560 (0/15560/0), network size: 0, avg network size: 0, si_in_serializable: 0 0 %, local: 0 %
I1126 13:39:22.781234 940188 Coordinator.h:126] commit: 1019199 abort: 15801 (0/15801/0), network size: 0, avg network size: 0, si_in_serializable: 0 0 %, local: 0 %
I1126 13:39:23.781324 940188 Coordinator.h:126] commit: 1017979 abort: 16021 (0/16021/0), network size: 0, avg network size: 0, si_in_serializable: 0 0 %, local: 0 %
I1126 13:39:24.781416 940188 Coordinator.h:126] commit: 1019052 abort: 15948 (0/15948/0), network size: 0, avg network size: 0, si_in_serializable: 0 0 %, local: 0 %
I1126 13:39:25.781507 940188 Coordinator.h:126] commit: 1014149 abort: 15851 (0/15851/0), network size: 0, avg network size: 0, si_in_serializable: 0 0 %, local: 0 %
I1126 13:39:26.781598 940188 Coordinator.h:126] commit: 1009150 abort: 15850 (0/15850/0), network size: 0, avg network size: 0, si_in_serializable: 0 0 %, local: 0 %
I1126 13:39:27.781688 940188 Coordinator.h:126] commit: 1016134 abort: 15866 (0/15866/0), network size: 0, avg network size: 0, si_in_serializable: 0 0 %, local: 0 %
I1126 13:39:28.781778 940188 Coordinator.h:126] commit: 1018903 abort: 16097 (0/16097/0), network size: 0, avg network size: 0, si_in_serializable: 0 0 %, local: 0 %
I1126 13:39:29.781889 940188 Coordinator.h:126] commit: 952197 abort: 14803 (0/14803/0), network size: 0, avg network size: 0, si_in_serializable: 0 0 %, local: 0 %
I1126 13:39:29.781926 940188 Coordinator.h:152] average commit: 1.01045e+06 abort: 15752.5 (0/15752.5/0), network size: 0, avg network size: 0, si_in_serializable: 0 0 %, local: 0 %
I1126 13:39:29.783085 940216 Manager.h:227] Manager(worker id = 12) on the coordinator node exits.
I1126 13:39:29.783092 940206 AriaExecutor.h:94] AriaExecutor 2 exits. 
I1126 13:39:29.783094 940208 AriaExecutor.h:94] AriaExecutor 4 exits. 
I1126 13:39:29.783098 940212 AriaExecutor.h:94] AriaExecutor 8 exits. 
I1126 13:39:29.783102 940210 AriaExecutor.h:94] AriaExecutor 6 exits. 
I1126 13:39:29.783107 940213 AriaExecutor.h:94] AriaExecutor 9 exits. 
I1126 13:39:29.783103 940209 AriaExecutor.h:94] AriaExecutor 5 exits. 
I1126 13:39:29.783106 940215 AriaExecutor.h:94] AriaExecutor 11 exits. 
I1126 13:39:29.783104 940207 AriaExecutor.h:94] AriaExecutor 3 exits. 
I1126 13:39:29.783105 940211 AriaExecutor.h:94] AriaExecutor 7 exits. 
I1126 13:39:29.783103 940205 AriaExecutor.h:94] AriaExecutor 1 exits. 
I1126 13:39:29.783100 940214 AriaExecutor.h:94] AriaExecutor 10 exits. 
I1126 13:39:29.783099 940204 AriaExecutor.h:94] AriaExecutor 0 exits. 
I1126 13:39:29.781939 940188 AriaExecutor.h:535] Worker 0 latency: 564 us (50%) 744 us (75%) 888 us (95%) 919 us (99%).
I1126 13:39:29.867026 940188 AriaExecutor.h:535] Worker 1 latency: 563 us (50%) 744 us (75%) 888 us (95%) 919 us (99%).
I1126 13:39:29.951188 940188 AriaExecutor.h:535] Worker 2 latency: 565 us (50%) 745 us (75%) 889 us (95%) 919 us (99%).
I1126 13:39:30.038084 940188 AriaExecutor.h:535] Worker 3 latency: 565 us (50%) 745 us (75%) 888 us (95%) 919 us (99%).
I1126 13:39:30.122794 940188 AriaExecutor.h:535] Worker 4 latency: 568 us (50%) 747 us (75%) 889 us (95%) 919 us (99%).
I1126 13:39:30.209669 940188 AriaExecutor.h:535] Worker 5 latency: 567 us (50%) 746 us (75%) 888 us (95%) 919 us (99%).
I1126 13:39:30.306250 940188 AriaExecutor.h:535] Worker 6 latency: 569 us (50%) 747 us (75%) 889 us (95%) 919 us (99%).
I1126 13:39:30.393589 940188 AriaExecutor.h:535] Worker 7 latency: 568 us (50%) 746 us (75%) 888 us (95%) 919 us (99%).
I1126 13:39:30.488698 940188 AriaExecutor.h:535] Worker 8 latency: 569 us (50%) 747 us (75%) 889 us (95%) 919 us (99%).
I1126 13:39:30.576396 940188 AriaExecutor.h:535] Worker 9 latency: 568 us (50%) 746 us (75%) 888 us (95%) 919 us (99%).
I1126 13:39:30.671897 940188 AriaExecutor.h:535] Worker 10 latency: 569 us (50%) 747 us (75%) 889 us (95%) 919 us (99%).
I1126 13:39:30.758410 940188 AriaExecutor.h:535] Worker 11 latency: 568 us (50%) 746 us (75%) 888 us (95%) 919 us (99%).
I1126 13:39:30.854025 940188 Coordinator.h:177] total commit: 1.01045e+06
I1126 13:39:31.854139 940188 Coordinator.h:192] Coordinator exits.
