I1126 13:43:57.805305 943216 Database.h:65] ycsb initialization finished in 30 milliseconds.
I1126 13:43:57.805399 943216 Coordinator.h:30] Coordinator initializes 12 workers.
I1126 13:43:57.877986 943216 Coordinator.h:77] Coordinator starts to run 13 workers.
I1126 13:43:57.878055 943232 AriaExecutor.h:82] AriaExecutor 0 started. 
I1126 13:43:57.878084 943233 AriaExecutor.h:82] AriaExecutor 1 started. 
I1126 13:43:57.878130 943234 AriaExecutor.h:82] AriaExecutor 2 started. 
I1126 13:43:57.878180 943235 AriaExecutor.h:82] AriaExecutor 3 started. 
I1126 13:43:57.878230 943236 AriaExecutor.h:82] AriaExecutor 4 started. 
I1126 13:43:57.878284 943237 AriaExecutor.h:82] AriaExecutor 5 started. 
I1126 13:43:57.878351 943238 AriaExecutor.h:82] AriaExecutor 6 started. 
I1126 13:43:57.878417 943239 AriaExecutor.h:82] AriaExecutor 7 started. 
I1126 13:43:57.878474 943240 AriaExecutor.h:82] AriaExecutor 8 started. 
I1126 13:43:57.878528 943241 AriaExecutor.h:82] AriaExecutor 9 started. 
I1126 13:43:57.878571 943242 AriaExecutor.h:82] AriaExecutor 10 started. 
I1126 13:43:57.878626 943243 AriaExecutor.h:82] AriaExecutor 11 started. 
I1126 13:43:57.878671 943244 Manager.h:224] Manager(worker id = 12) on the coordinator node started.
I1126 13:43:58.878736 943216 Coordinator.h:126] commit: 1519 abort: 218481 (0/218481/0), network size: 0, avg network size: 0, si_in_serializable: 0 0 %, local: 0 %
I1126 13:43:59.878872 943216 Coordinator.h:126] commit: 1537 abort: 218463 (0/218463/0), network size: 0, avg network size: 0, si_in_serializable: 0 0 %, local: 0 %
I1126 13:44:00.879007 943216 Coordinator.h:126] commit: 1667 abort: 238333 (0/238333/0), network size: 0, avg network size: 0, si_in_serializable: 0 0 %, local: 0 %
I1126 13:44:01.879132 943216 Coordinator.h:126] commit: 1584 abort: 228416 (0/228416/0), network size: 0, avg network size: 0, si_in_serializable: 0 0 %, local: 0 %
I1126 13:44:02.879238 943216 Coordinator.h:126] commit: 1619 abort: 228381 (0/228381/0), network size: 0, avg network size: 0, si_in_serializable: 0 0 %, local: 0 %
I1126 13:44:03.879343 943216 Coordinator.h:126] commit: 1582 abort: 228418 (0/228418/0), network size: 0, avg network size: 0, si_in_serializable: 0 0 %, local: 0 %
I1126 13:44:04.879446 943216 Coordinator.h:126] commit: 1652 abort: 238348 (0/238348/0), network size: 0, avg network size: 0, si_in_serializable: 0 0 %, local: 0 %
I1126 13:44:05.879577 943216 Coordinator.h:126] commit: 1529 abort: 228471 (0/228471/0), network size: 0, avg network size: 0, si_in_serializable: 0 0 %, local: 0 %
I1126 13:44:06.879689 943216 Coordinator.h:126] commit: 1607 abort: 238393 (0/238393/0), network size: 0, avg network size: 0, si_in_serializable: 0 0 %, local: 0 %
I1126 13:44:07.879796 943216 Coordinator.h:126] commit: 1536 abort: 228464 (0/228464/0), network size: 0, avg network size: 0, si_in_serializable: 0 0 %, local: 0 %
I1126 13:44:08.879896 943216 Coordinator.h:126] commit: 1622 abort: 238378 (0/238378/0), network size: 0, avg network size: 0, si_in_serializable: 0 0 %, local: 0 %
I1126 13:44:09.880002 943216 Coordinator.h:126] commit: 1535 abort: 228465 (0/228465/0), network size: 0, avg network size: 0, si_in_serializable: 0 0 %, local: 0 %
I1126 13:44:10.880125 943216 Coordinator.h:126] commit: 1605 abort: 228395 (0/228395/0), network size: 0, avg network size: 0, si_in_serializable: 0 0 %, local: 0 %
I1126 13:44:11.880240 943216 Coordinator.h:126] commit: 1613 abort: 238387 (0/238387/0), network size: 0, avg network size: 0, si_in_serializable: 0 0 %, local: 0 %
I1126 13:44:12.880344 943216 Coordinator.h:126] commit: 1577 abort: 228423 (0/228423/0), network size: 0, avg network size: 0, si_in_serializable: 0 0 %, local: 0 %
I1126 13:44:13.880446 943216 Coordinator.h:126] commit: 1679 abort: 238321 (0/238321/0), network size: 0, avg network size: 0, si_in_serializable: 0 0 %, local: 0 %
I1126 13:44:14.880548 943216 Coordinator.h:126] commit: 1631 abort: 228369 (0/228369/0), network size: 0, avg network size: 0, si_in_serializable: 0 0 %, local: 0 %
I1126 13:44:15.880646 943216 Coordinator.h:126] commit: 1673 abort: 238327 (0/238327/0), network size: 0, avg network size: 0, si_in_serializable: 0 0 %, local: 0 %
I1126 13:44:16.880748 943216 Coordinator.h:126] commit: 1595 abort: 228405 (0/228405/0), network size: 0, avg network size: 0, si_in_serializable: 0 0 %, local: 0 %
I1126 13:44:17.880854 943216 Coordinator.h:126] commit: 1562 abort: 228438 (0/228438/0), network size: 0, avg network size: 0, si_in_serializable: 0 0 %, local: 0 %
I1126 13:44:18.880981 943216 Coordinator.h:126] commit: 1564 abort: 228436 (0/228436/0), network size: 0, avg network size: 0, si_in_serializable: 0 0 %, local: 0 %
I1126 13:44:19.881093 943216 Coordinator.h:126] commit: 1611 abort: 228389 (0/228389/0), network size: 0, avg network size: 0, si_in_serializable: 0 0 %, local: 0 %
I1126 13:44:20.881196 943216 Coordinator.h:126] commit: 1651 abort: 238349 (0/238349/0), network size: 0, avg network size: 0, si_in_serializable: 0 0 %, local: 0 %
I1126 13:44:21.881294 943216 Coordinator.h:126] commit: 1566 abort: 228434 (0/228434/0), network size: 0, avg network size: 0, si_in_serializable: 0 0 %, local: 0 %
I1126 13:44:22.881394 943216 Coordinator.h:126] commit: 1556 abort: 228444 (0/228444/0), network size: 0, avg network size: 0, si_in_serializable: 0 0 %, local: 0 %
I1126 13:44:22.881418 943216 Coordinator.h:152] average commit: 1609.2 abort: 232391 (0/232391/0), network size: 0, avg network size: 0, si_in_serializable: 0 0 %, local: 0 %
I1126 13:44:22.881430 943216 AriaExecutor.h:535] Worker 0 latency: 42466 us (50%) 42692 us (75%) 44041 us (95%) 50208 us (99%).
I1126 13:44:22.884622 943232 AriaExecutor.h:94] AriaExecutor 0 exits. 
I1126 13:44:22.884624 943236 AriaExecutor.h:94] AriaExecutor 4 exits. 
I1126 13:44:22.884635 943233 AriaExecutor.h:94] AriaExecutor 1 exits. 
I1126 13:44:22.884629 943244 Manager.h:227] Manager(worker id = 12) on the coordinator node exits.
I1126 13:44:22.884622 943240 AriaExecutor.h:94] AriaExecutor 8 exits. 
I1126 13:44:22.884624 943234 AriaExecutor.h:94] AriaExecutor 2 exits. 
I1126 13:44:22.884624 943242 AriaExecutor.h:94] AriaExecutor 10 exits. 
I1126 13:44:22.884622 943238 AriaExecutor.h:94] AriaExecutor 6 exits. 
I1126 13:44:22.884635 943241 AriaExecutor.h:94] AriaExecutor 9 exits. 
I1126 13:44:22.884635 943235 AriaExecutor.h:94] AriaExecutor 3 exits. 
I1126 13:44:22.884635 943243 AriaExecutor.h:94] AriaExecutor 11 exits. 
I1126 13:44:22.884636 943237 AriaExecutor.h:94] AriaExecutor 5 exits. 
I1126 13:44:22.884635 943239 AriaExecutor.h:94] AriaExecutor 7 exits. 
I1126 13:44:22.884860 943216 AriaExecutor.h:535] Worker 1 latency: 42422 us (50%) 42671 us (75%) 43720 us (95%) 49924 us (99%).
I1126 13:44:22.885113 943216 AriaExecutor.h:535] Worker 2 latency: 42429 us (50%) 42673 us (75%) 43835 us (95%) 49827 us (99%).
I1126 13:44:22.885299 943216 AriaExecutor.h:535] Worker 3 latency: 42421 us (50%) 42671 us (75%) 43696 us (95%) 49875 us (99%).
I1126 13:44:22.885493 943216 AriaExecutor.h:535] Worker 4 latency: 42429 us (50%) 42660 us (75%) 43855 us (95%) 49808 us (99%).
I1126 13:44:22.885699 943216 AriaExecutor.h:535] Worker 5 latency: 42420 us (50%) 42660 us (75%) 43709 us (95%) 49917 us (99%).
I1126 13:44:22.885910 943216 AriaExecutor.h:535] Worker 6 latency: 42426 us (50%) 42660 us (75%) 43956 us (95%) 49977 us (99%).
I1126 13:44:22.886088 943216 AriaExecutor.h:535] Worker 7 latency: 42416 us (50%) 42657 us (75%) 43937 us (95%) 49660 us (99%).
I1126 13:44:22.886284 943216 AriaExecutor.h:535] Worker 8 latency: 42432 us (50%) 42668 us (75%) 43867 us (95%) 49678 us (99%).
I1126 13:44:22.886467 943216 AriaExecutor.h:535] Worker 9 latency: 42413 us (50%) 42661 us (75%) 43650 us (95%) 49800 us (99%).
I1126 13:44:22.886659 943216 AriaExecutor.h:535] Worker 10 latency: 42430 us (50%) 42670 us (75%) 43873 us (95%) 50211 us (99%).
I1126 13:44:22.886835 943216 AriaExecutor.h:535] Worker 11 latency: 42408 us (50%) 42649 us (75%) 43742 us (95%) 49758 us (99%).
I1126 13:44:22.887034 943216 Coordinator.h:177] total commit: 1609.2
I1126 13:44:23.887135 943216 Coordinator.h:192] Coordinator exits.
