I1126 15:33:46.075366 1010024 Database.h:65] ycsb initialization finished in 30 milliseconds.
I1126 15:33:46.075469 1010024 Coordinator.h:30] Coordinator initializes 12 workers.
I1126 15:33:46.076365 1010024 Coordinator.h:77] Coordinator starts to run 13 workers.
I1126 15:33:46.076423 1010040 AriaExecutor.h:95] AriaExecutor 0 started. 
I1126 15:33:46.076452 1010041 AriaExecutor.h:95] AriaExecutor 1 started. 
I1126 15:33:46.076494 1010042 AriaExecutor.h:95] AriaExecutor 2 started. 
I1126 15:33:46.076550 1010043 AriaExecutor.h:95] AriaExecutor 3 started. 
I1126 15:33:46.076591 1010044 AriaExecutor.h:95] AriaExecutor 4 started. 
I1126 15:33:46.076644 1010045 AriaExecutor.h:95] AriaExecutor 5 started. 
I1126 15:33:46.076704 1010046 AriaExecutor.h:95] AriaExecutor 6 started. 
I1126 15:33:46.076753 1010047 AriaExecutor.h:95] AriaExecutor 7 started. 
I1126 15:33:46.076800 1010048 AriaExecutor.h:95] AriaExecutor 8 started. 
I1126 15:33:46.076856 1010049 AriaExecutor.h:95] AriaExecutor 9 started. 
I1126 15:33:46.076900 1010050 AriaExecutor.h:95] AriaExecutor 10 started. 
I1126 15:33:46.076954 1010051 AriaExecutor.h:95] AriaExecutor 11 started. 
I1126 15:33:46.077001 1010052 Manager.h:224] Manager(worker id = 12) on the coordinator node started.
I1126 15:33:47.077066 1010024 Coordinator.h:126] commit: 1661038 abort: 223962 (0/223962/0), network size: 0, avg network size: 0, si_in_serializable: 0 0 %, local: 0 %
I1126 15:33:48.077198 1010024 Coordinator.h:126] commit: 1629036 abort: 219964 (0/219964/0), network size: 0, avg network size: 0, si_in_serializable: 0 0 %, local: 0 %
I1126 15:33:49.077322 1010024 Coordinator.h:126] commit: 1683587 abort: 226413 (0/226413/0), network size: 0, avg network size: 0, si_in_serializable: 0 0 %, local: 0 %
I1126 15:33:50.077422 1010024 Coordinator.h:126] commit: 1642912 abort: 222088 (0/222088/0), network size: 0, avg network size: 0, si_in_serializable: 0 0 %, local: 0 %
I1126 15:33:51.077524 1010024 Coordinator.h:126] commit: 1686695 abort: 227305 (0/227305/0), network size: 0, avg network size: 0, si_in_serializable: 0 0 %, local: 0 %
I1126 15:33:52.077628 1010024 Coordinator.h:126] commit: 1686152 abort: 227427 (0/227427/0), network size: 0, avg network size: 0, si_in_serializable: 0 0 %, local: 0 %
I1126 15:33:53.077754 1010024 Coordinator.h:126] commit: 1665436 abort: 224985 (0/224985/0), network size: 0, avg network size: 0, si_in_serializable: 0 0 %, local: 0 %
I1126 15:33:54.077864 1010024 Coordinator.h:126] commit: 1557466 abort: 210534 (0/210534/0), network size: 0, avg network size: 0, si_in_serializable: 0 0 %, local: 0 %
I1126 15:33:55.077965 1010024 Coordinator.h:126] commit: 1687361 abort: 228639 (0/228639/0), network size: 0, avg network size: 0, si_in_serializable: 0 0 %, local: 0 %
I1126 15:33:56.078066 1010024 Coordinator.h:126] commit: 1682328 abort: 226672 (0/226672/0), network size: 0, avg network size: 0, si_in_serializable: 0 0 %, local: 0 %
I1126 15:33:57.078166 1010024 Coordinator.h:126] commit: 1685325 abort: 228675 (0/228675/0), network size: 0, avg network size: 0, si_in_serializable: 0 0 %, local: 0 %
I1126 15:33:58.078269 1010024 Coordinator.h:126] commit: 1681365 abort: 226635 (0/226635/0), network size: 0, avg network size: 0, si_in_serializable: 0 0 %, local: 0 %
I1126 15:33:59.078369 1010024 Coordinator.h:126] commit: 1667624 abort: 225376 (0/225376/0), network size: 0, avg network size: 0, si_in_serializable: 0 0 %, local: 0 %
I1126 15:34:00.078472 1010024 Coordinator.h:126] commit: 1682492 abort: 227574 (0/227574/0), network size: 0, avg network size: 0, si_in_serializable: 0 0 %, local: 0 %
I1126 15:34:01.078590 1010024 Coordinator.h:126] commit: 1660294 abort: 223639 (0/223639/0), network size: 0, avg network size: 0, si_in_serializable: 0 0 %, local: 0 %
I1126 15:34:02.078701 1010024 Coordinator.h:126] commit: 1458321 abort: 196679 (0/196679/0), network size: 0, avg network size: 0, si_in_serializable: 0 0 %, local: 0 %
I1126 15:34:03.078804 1010024 Coordinator.h:126] commit: 1683325 abort: 227675 (0/227675/0), network size: 0, avg network size: 0, si_in_serializable: 0 0 %, local: 0 %
I1126 15:34:04.078902 1010024 Coordinator.h:126] commit: 1683070 abort: 226930 (0/226930/0), network size: 0, avg network size: 0, si_in_serializable: 0 0 %, local: 0 %
I1126 15:34:05.079000 1010024 Coordinator.h:126] commit: 1686324 abort: 228676 (0/228676/0), network size: 0, avg network size: 0, si_in_serializable: 0 0 %, local: 0 %
I1126 15:34:06.079100 1010024 Coordinator.h:126] commit: 1679241 abort: 227759 (0/227759/0), network size: 0, avg network size: 0, si_in_serializable: 0 0 %, local: 0 %
I1126 15:34:07.079198 1010024 Coordinator.h:126] commit: 1687358 abort: 227582 (0/227582/0), network size: 0, avg network size: 0, si_in_serializable: 0 0 %, local: 0 %
I1126 15:34:08.079298 1010024 Coordinator.h:126] commit: 1683713 abort: 227347 (0/227347/0), network size: 0, avg network size: 0, si_in_serializable: 0 0 %, local: 0 %
I1126 15:34:09.079396 1010024 Coordinator.h:126] commit: 1688039 abort: 228961 (0/228961/0), network size: 0, avg network size: 0, si_in_serializable: 0 0 %, local: 0 %
I1126 15:34:10.079495 1010024 Coordinator.h:126] commit: 1681346 abort: 226654 (0/226654/0), network size: 0, avg network size: 0, si_in_serializable: 0 0 %, local: 0 %
I1126 15:34:11.079592 1010024 Coordinator.h:126] commit: 1679906 abort: 227094 (0/227094/0), network size: 0, avg network size: 0, si_in_serializable: 0 0 %, local: 0 %
I1126 15:34:11.079618 1010024 Coordinator.h:152] average commit: 1.65674e+06 abort: 223962 (0/223962/0), network size: 0, avg network size: 0, si_in_serializable: 0 0 %, local: 0 %
I1126 15:34:11.079797 1010042 AriaExecutor.h:107] AriaExecutor 2 exits. 
I1126 15:34:11.079800 1010050 AriaExecutor.h:107] AriaExecutor 10 exits. 
I1126 15:34:11.079806 1010048 AriaExecutor.h:107] AriaExecutor 8 exits. 
I1126 15:34:11.079813 1010052 Manager.h:227] Manager(worker id = 12) on the coordinator node exits.
I1126 15:34:11.079814 1010045 AriaExecutor.h:107] AriaExecutor 5 exits. 
I1126 15:34:11.079800 1010040 AriaExecutor.h:107] AriaExecutor 0 exits. 
I1126 15:34:11.079800 1010046 AriaExecutor.h:107] AriaExecutor 6 exits. 
I1126 15:34:11.079813 1010043 AriaExecutor.h:107] AriaExecutor 3 exits. 
I1126 15:34:11.079814 1010041 AriaExecutor.h:107] AriaExecutor 1 exits. 
I1126 15:34:11.079814 1010047 AriaExecutor.h:107] AriaExecutor 7 exits. 
I1126 15:34:11.079802 1010044 AriaExecutor.h:107] AriaExecutor 4 exits. 
I1126 15:34:11.079814 1010049 AriaExecutor.h:107] AriaExecutor 9 exits. 
I1126 15:34:11.079814 1010051 AriaExecutor.h:107] AriaExecutor 11 exits. 
I1126 15:34:11.079633 1010024 AriaExecutor.h:705] Worker 0 latency: 365 us (50%) 419 us (75%) 464 us (95%) 479 us (99%).
I1126 15:34:11.210515 1010024 AriaExecutor.h:705] Worker 1 latency: 363 us (50%) 418 us (75%) 462 us (95%) 478 us (99%).
I1126 15:34:11.359474 1010024 AriaExecutor.h:705] Worker 2 latency: 366 us (50%) 419 us (75%) 463 us (95%) 478 us (99%).
I1126 15:34:11.485404 1010024 AriaExecutor.h:705] Worker 3 latency: 366 us (50%) 419 us (75%) 462 us (95%) 477 us (99%).
I1126 15:34:11.633173 1010024 AriaExecutor.h:705] Worker 4 latency: 367 us (50%) 420 us (75%) 463 us (95%) 478 us (99%).
I1126 15:34:11.763763 1010024 AriaExecutor.h:705] Worker 5 latency: 364 us (50%) 418 us (75%) 462 us (95%) 477 us (99%).
I1126 15:34:11.910280 1010024 AriaExecutor.h:705] Worker 6 latency: 369 us (50%) 421 us (75%) 463 us (95%) 478 us (99%).
I1126 15:34:12.041601 1010024 AriaExecutor.h:705] Worker 7 latency: 366 us (50%) 419 us (75%) 462 us (95%) 477 us (99%).
I1126 15:34:12.184897 1010024 AriaExecutor.h:705] Worker 8 latency: 369 us (50%) 421 us (75%) 464 us (95%) 479 us (99%).
I1126 15:34:12.313762 1010024 AriaExecutor.h:705] Worker 9 latency: 367 us (50%) 419 us (75%) 462 us (95%) 477 us (99%).
I1126 15:34:12.458052 1010024 AriaExecutor.h:705] Worker 10 latency: 368 us (50%) 420 us (75%) 464 us (95%) 478 us (99%).
I1126 15:34:12.587710 1010024 AriaExecutor.h:705] Worker 11 latency: 367 us (50%) 419 us (75%) 463 us (95%) 478 us (99%).
I1126 15:34:12.735194 1010024 Coordinator.h:177] total commit: 1.65674e+06
I1126 15:34:13.735308 1010024 Coordinator.h:192] Coordinator exits.
