I0912 00:07:08.465624 2954300 Database.h:65] ycsb initialization finished in 147 milliseconds.
I0912 00:07:08.465736 2954300 Coordinator.h:30] Coordinator initializes 16 workers.
I0912 00:07:08.496841 2954300 Coordinator.h:77] Coordinator starts to run 17 workers.
I0912 00:07:08.496896 2954320 AriaExecutor.h:82] AriaExecutor 0 started. 
I0912 00:07:08.496938 2954321 AriaExecutor.h:82] AriaExecutor 1 started. 
I0912 00:07:08.496981 2954322 AriaExecutor.h:82] AriaExecutor 2 started. 
I0912 00:07:08.497033 2954323 AriaExecutor.h:82] AriaExecutor 3 started. 
I0912 00:07:08.497076 2954324 AriaExecutor.h:82] AriaExecutor 4 started. 
I0912 00:07:08.497124 2954325 AriaExecutor.h:82] AriaExecutor 5 started. 
I0912 00:07:08.497159 2954326 AriaExecutor.h:82] AriaExecutor 6 started. 
I0912 00:07:08.497212 2954327 AriaExecutor.h:82] AriaExecutor 7 started. 
I0912 00:07:08.497251 2954328 AriaExecutor.h:82] AriaExecutor 8 started. 
I0912 00:07:08.497296 2954329 AriaExecutor.h:82] AriaExecutor 9 started. 
I0912 00:07:08.497330 2954330 AriaExecutor.h:82] AriaExecutor 10 started. 
I0912 00:07:08.497377 2954331 AriaExecutor.h:82] AriaExecutor 11 started. 
I0912 00:07:08.497414 2954332 AriaExecutor.h:82] AriaExecutor 12 started. 
I0912 00:07:08.497464 2954333 AriaExecutor.h:82] AriaExecutor 13 started. 
I0912 00:07:08.497500 2954334 AriaExecutor.h:82] AriaExecutor 14 started. 
I0912 00:07:08.497545 2954335 AriaExecutor.h:82] AriaExecutor 15 started. 
I0912 00:07:08.497588 2954336 Manager.h:224] Manager(worker id = 16) on the coordinator node started.
I0912 00:07:09.497640 2954300 Coordinator.h:126] commit: 572630 abort: 541482 (0/541482/0), network size: 0, avg network size: 0, si_in_serializable: 0 0 %, local: 0 %
I0912 00:07:10.497736 2954300 Coordinator.h:126] commit: 572477 abort: 541635 (0/541635/0), network size: 0, avg network size: 0, si_in_serializable: 0 0 %, local: 0 %
I0912 00:07:11.497812 2954300 Coordinator.h:126] commit: 556137 abort: 525207 (0/525207/0), network size: 0, avg network size: 0, si_in_serializable: 0 0 %, local: 0 %
I0912 00:07:12.497888 2954300 Coordinator.h:126] commit: 553673 abort: 523575 (0/523575/0), network size: 0, avg network size: 0, si_in_serializable: 0 0 %, local: 0 %
I0912 00:07:13.497987 2954300 Coordinator.h:126] commit: 577107 abort: 545197 (0/545197/0), network size: 0, avg network size: 0, si_in_serializable: 0 0 %, local: 0 %
I0912 00:07:14.498066 2954300 Coordinator.h:126] commit: 577520 abort: 544784 (0/544784/0), network size: 0, avg network size: 0, si_in_serializable: 0 0 %, local: 0 %
I0912 00:07:15.498139 2954300 Coordinator.h:126] commit: 578863 abort: 547537 (0/547537/0), network size: 0, avg network size: 0, si_in_serializable: 0 0 %, local: 0 %
I0912 00:07:16.498220 2954300 Coordinator.h:126] commit: 564662 abort: 533066 (0/533066/0), network size: 0, avg network size: 0, si_in_serializable: 0 0 %, local: 0 %
I0912 00:07:17.498293 2954300 Coordinator.h:126] commit: 578399 abort: 548001 (0/548001/0), network size: 0, avg network size: 0, si_in_serializable: 0 0 %, local: 0 %
I0912 00:07:18.498368 2954300 Coordinator.h:126] commit: 564862 abort: 532866 (0/532866/0), network size: 0, avg network size: 0, si_in_serializable: 0 0 %, local: 0 %
I0912 00:07:19.498442 2954300 Coordinator.h:126] commit: 562449 abort: 531183 (0/531183/0), network size: 0, avg network size: 0, si_in_serializable: 0 0 %, local: 0 %
I0912 00:07:20.498541 2954300 Coordinator.h:126] commit: 577921 abort: 548479 (0/548479/0), network size: 0, avg network size: 0, si_in_serializable: 0 0 %, local: 0 %
I0912 00:07:21.498618 2954300 Coordinator.h:126] commit: 578734 abort: 547666 (0/547666/0), network size: 0, avg network size: 0, si_in_serializable: 0 0 %, local: 0 %
I0912 00:07:22.498689 2954300 Coordinator.h:126] commit: 583207 abort: 551385 (0/551385/0), network size: 0, avg network size: 0, si_in_serializable: 0 0 %, local: 0 %
I0912 00:07:23.498760 2954300 Coordinator.h:126] commit: 561110 abort: 528426 (0/528426/0), network size: 0, avg network size: 0, si_in_serializable: 0 0 %, local: 0 %
I0912 00:07:24.498836 2954300 Coordinator.h:126] commit: 581771 abort: 548725 (0/548725/0), network size: 0, avg network size: 0, si_in_serializable: 0 0 %, local: 0 %
I0912 00:07:25.498910 2954300 Coordinator.h:126] commit: 574840 abort: 543368 (0/543368/0), network size: 0, avg network size: 0, si_in_serializable: 0 0 %, local: 0 %
I0912 00:07:26.498986 2954300 Coordinator.h:126] commit: 578986 abort: 547414 (0/547414/0), network size: 0, avg network size: 0, si_in_serializable: 0 0 %, local: 0 %
I0912 00:07:27.499058 2954300 Coordinator.h:126] commit: 577192 abort: 545112 (0/545112/0), network size: 0, avg network size: 0, si_in_serializable: 0 0 %, local: 0 %
I0912 00:07:28.499136 2954300 Coordinator.h:126] commit: 579639 abort: 546761 (0/546761/0), network size: 0, avg network size: 0, si_in_serializable: 0 0 %, local: 0 %
I0912 00:07:29.499212 2954300 Coordinator.h:126] commit: 581233 abort: 549263 (0/549263/0), network size: 0, avg network size: 0, si_in_serializable: 0 0 %, local: 0 %
I0912 00:07:30.499284 2954300 Coordinator.h:126] commit: 580167 abort: 546233 (0/546233/0), network size: 0, avg network size: 0, si_in_serializable: 0 0 %, local: 0 %
I0912 00:07:31.499358 2954300 Coordinator.h:126] commit: 583463 abort: 551129 (0/551129/0), network size: 0, avg network size: 0, si_in_serializable: 0 0 %, local: 0 %
I0912 00:07:32.499430 2954300 Coordinator.h:126] commit: 577755 abort: 548645 (0/548645/0), network size: 0, avg network size: 0, si_in_serializable: 0 0 %, local: 0 %
I0912 00:07:33.499501 2954300 Coordinator.h:126] commit: 581367 abort: 549129 (0/549129/0), network size: 0, avg network size: 0, si_in_serializable: 0 0 %, local: 0 %
I0912 00:07:33.499511 2954300 Coordinator.h:152] average commit: 575585 abort: 543852 (0/543852/0), network size: 0, avg network size: 0, si_in_serializable: 0 0 %, local: 0 %
I0912 00:07:33.500620 2954332 AriaExecutor.h:94] AriaExecutor 12 exits. 
I0912 00:07:33.500625 2954324 AriaExecutor.h:94] AriaExecutor 4 exits. 
I0912 00:07:33.500622 2954336 Manager.h:227] Manager(worker id = 16) on the coordinator node exits.
I0912 00:07:33.500623 2954334 AriaExecutor.h:94] AriaExecutor 14 exits. 
I0912 00:07:33.500624 2954330 AriaExecutor.h:94] AriaExecutor 10 exits. 
I0912 00:07:33.500641 2954331 AriaExecutor.h:94] AriaExecutor 11 exits. 
I0912 00:07:33.500622 2954320 AriaExecutor.h:94] AriaExecutor 0 exits. 
I0912 00:07:33.500641 2954333 AriaExecutor.h:94] AriaExecutor 13 exits. 
I0912 00:07:33.500641 2954323 AriaExecutor.h:94] AriaExecutor 3 exits. 
I0912 00:07:33.500641 2954325 AriaExecutor.h:94] AriaExecutor 5 exits. 
I0912 00:07:33.500624 2954328 AriaExecutor.h:94] AriaExecutor 8 exits. 
I0912 00:07:33.500643 2954329 AriaExecutor.h:94] AriaExecutor 9 exits. 
I0912 00:07:33.500641 2954321 AriaExecutor.h:94] AriaExecutor 1 exits. 
I0912 00:07:33.500643 2954335 AriaExecutor.h:94] AriaExecutor 15 exits. 
I0912 00:07:33.500625 2954322 AriaExecutor.h:94] AriaExecutor 2 exits. 
I0912 00:07:33.500641 2954327 AriaExecutor.h:94] AriaExecutor 7 exits. 
I0912 00:07:33.500625 2954326 AriaExecutor.h:94] AriaExecutor 6 exits. 
I0912 00:07:33.499522 2954300 AriaExecutor.h:641] Worker 0 latency: 2555 us (50%) 3111 us (75%) 3448 us (95%) 3623 us (99%).
I0912 00:07:33.539628 2954300 AriaExecutor.h:641] Worker 1 latency: 2554 us (50%) 3108 us (75%) 3446 us (95%) 3610 us (99%).
I0912 00:07:33.582826 2954300 AriaExecutor.h:641] Worker 2 latency: 2563 us (50%) 3114 us (75%) 3449 us (95%) 3622 us (99%).
I0912 00:07:33.622232 2954300 AriaExecutor.h:641] Worker 3 latency: 2556 us (50%) 3110 us (75%) 3446 us (95%) 3615 us (99%).
I0912 00:07:33.665509 2954300 AriaExecutor.h:641] Worker 4 latency: 2557 us (50%) 3112 us (75%) 3448 us (95%) 3619 us (99%).
I0912 00:07:33.705333 2954300 AriaExecutor.h:641] Worker 5 latency: 2550 us (50%) 3108 us (75%) 3446 us (95%) 3611 us (99%).
I0912 00:07:33.747303 2954300 AriaExecutor.h:641] Worker 6 latency: 2560 us (50%) 3112 us (75%) 3448 us (95%) 3620 us (99%).
I0912 00:07:33.786885 2954300 AriaExecutor.h:641] Worker 7 latency: 2554 us (50%) 3108 us (75%) 3446 us (95%) 3610 us (99%).
I0912 00:07:33.829514 2954300 AriaExecutor.h:641] Worker 8 latency: 2554 us (50%) 3109 us (75%) 3448 us (95%) 3626 us (99%).
I0912 00:07:33.868781 2954300 AriaExecutor.h:641] Worker 9 latency: 2551 us (50%) 3106 us (75%) 3446 us (95%) 3612 us (99%).
I0912 00:07:33.911602 2954300 AriaExecutor.h:641] Worker 10 latency: 2561 us (50%) 3112 us (75%) 3448 us (95%) 3625 us (99%).
I0912 00:07:33.950214 2954300 AriaExecutor.h:641] Worker 11 latency: 2554 us (50%) 3108 us (75%) 3446 us (95%) 3613 us (99%).
I0912 00:07:33.993103 2954300 AriaExecutor.h:641] Worker 12 latency: 2559 us (50%) 3111 us (75%) 3448 us (95%) 3625 us (99%).
I0912 00:07:34.032423 2954300 AriaExecutor.h:641] Worker 13 latency: 2551 us (50%) 3106 us (75%) 3445 us (95%) 3611 us (99%).
I0912 00:07:34.074190 2954300 AriaExecutor.h:641] Worker 14 latency: 2562 us (50%) 3112 us (75%) 3448 us (95%) 3623 us (99%).
I0912 00:07:34.113626 2954300 AriaExecutor.h:641] Worker 15 latency: 2553 us (50%) 3107 us (75%) 3445 us (95%) 3612 us (99%).
I0912 00:07:34.156571 2954300 Coordinator.h:177] total commit: 575585
I0912 00:07:35.156679 2954300 Coordinator.h:192] Coordinator exits.
