I1126 18:15:30.315974 1072984 Database.h:65] ycsb initialization finished in 32 milliseconds.
I1126 18:15:30.316069 1072984 Coordinator.h:30] Coordinator initializes 12 workers.
I1126 18:15:30.322943 1072984 Coordinator.h:77] Coordinator starts to run 13 workers.
I1126 18:15:30.323012 1073000 AriaExecutor.h:91] AriaExecutor 0 started. 
I1126 18:15:30.323035 1073001 AriaExecutor.h:91] AriaExecutor 1 started. 
I1126 18:15:30.323078 1073002 AriaExecutor.h:91] AriaExecutor 2 started. 
I1126 18:15:30.323122 1073003 AriaExecutor.h:91] AriaExecutor 3 started. 
I1126 18:15:30.323139 1073004 AriaExecutor.h:91] AriaExecutor 4 started. 
I1126 18:15:30.323184 1073005 AriaExecutor.h:91] AriaExecutor 5 started. 
I1126 18:15:30.323207 1073006 AriaExecutor.h:91] AriaExecutor 6 started. 
I1126 18:15:30.323238 1073007 AriaExecutor.h:91] AriaExecutor 7 started. 
I1126 18:15:30.323272 1073008 AriaExecutor.h:91] AriaExecutor 8 started. 
I1126 18:15:30.323307 1073009 AriaExecutor.h:91] AriaExecutor 9 started. 
I1126 18:15:30.323338 1073010 AriaExecutor.h:91] AriaExecutor 10 started. 
I1126 18:15:30.323370 1073011 AriaExecutor.h:91] AriaExecutor 11 started. 
I1126 18:15:30.323400 1073012 Manager.h:224] Manager(worker id = 12) on the coordinator node started.
I1126 18:15:31.323451 1072984 Coordinator.h:126] commit: 592920 abort: 797080 (0/797080/0), network size: 0, avg network size: 0, si_in_serializable: 0 0 %, local: 0 %
I1126 18:15:32.323570 1072984 Coordinator.h:126] commit: 590120 abort: 789880 (0/789880/0), network size: 0, avg network size: 0, si_in_serializable: 0 0 %, local: 0 %
I1126 18:15:33.323676 1072984 Coordinator.h:126] commit: 598657 abort: 801343 (0/801343/0), network size: 0, avg network size: 0, si_in_serializable: 0 0 %, local: 0 %
I1126 18:15:34.323760 1072984 Coordinator.h:126] commit: 601623 abort: 808377 (0/808377/0), network size: 0, avg network size: 0, si_in_serializable: 0 0 %, local: 0 %
I1126 18:15:35.323841 1072984 Coordinator.h:126] commit: 597900 abort: 802100 (0/802100/0), network size: 0, avg network size: 0, si_in_serializable: 0 0 %, local: 0 %
I1126 18:15:36.323923 1072984 Coordinator.h:126] commit: 593484 abort: 796516 (0/796516/0), network size: 0, avg network size: 0, si_in_serializable: 0 0 %, local: 0 %
I1126 18:15:37.324036 1072984 Coordinator.h:126] commit: 593625 abort: 796493 (0/796493/0), network size: 0, avg network size: 0, si_in_serializable: 0 0 %, local: 0 %
I1126 18:15:38.324119 1072984 Coordinator.h:126] commit: 601444 abort: 808438 (0/808438/0), network size: 0, avg network size: 0, si_in_serializable: 0 0 %, local: 0 %
I1126 18:15:39.324191 1072984 Coordinator.h:126] commit: 601818 abort: 808182 (0/808182/0), network size: 0, avg network size: 0, si_in_serializable: 0 0 %, local: 0 %
I1126 18:15:40.324263 1072984 Coordinator.h:126] commit: 596965 abort: 803035 (0/803035/0), network size: 0, avg network size: 0, si_in_serializable: 0 0 %, local: 0 %
I1126 18:15:41.324337 1072984 Coordinator.h:126] commit: 589360 abort: 790640 (0/790640/0), network size: 0, avg network size: 0, si_in_serializable: 0 0 %, local: 0 %
I1126 18:15:42.324409 1072984 Coordinator.h:126] commit: 601135 abort: 808865 (0/808865/0), network size: 0, avg network size: 0, si_in_serializable: 0 0 %, local: 0 %
I1126 18:15:43.324479 1072984 Coordinator.h:126] commit: 602062 abort: 807938 (0/807938/0), network size: 0, avg network size: 0, si_in_serializable: 0 0 %, local: 0 %
I1126 18:15:44.324549 1072984 Coordinator.h:126] commit: 602546 abort: 807454 (0/807454/0), network size: 0, avg network size: 0, si_in_serializable: 0 0 %, local: 0 %
I1126 18:15:45.324622 1072984 Coordinator.h:126] commit: 598515 abort: 801485 (0/801485/0), network size: 0, avg network size: 0, si_in_serializable: 0 0 %, local: 0 %
I1126 18:15:46.324697 1072984 Coordinator.h:126] commit: 596421 abort: 803579 (0/803579/0), network size: 0, avg network size: 0, si_in_serializable: 0 0 %, local: 0 %
I1126 18:15:47.324777 1072984 Coordinator.h:126] commit: 593250 abort: 796750 (0/796750/0), network size: 0, avg network size: 0, si_in_serializable: 0 0 %, local: 0 %
I1126 18:15:48.324880 1072984 Coordinator.h:126] commit: 597500 abort: 802500 (0/802500/0), network size: 0, avg network size: 0, si_in_serializable: 0 0 %, local: 0 %
I1126 18:15:49.325001 1072984 Coordinator.h:126] commit: 598045 abort: 801955 (0/801955/0), network size: 0, avg network size: 0, si_in_serializable: 0 0 %, local: 0 %
I1126 18:15:50.325110 1072984 Coordinator.h:126] commit: 598014 abort: 801986 (0/801986/0), network size: 0, avg network size: 0, si_in_serializable: 0 0 %, local: 0 %
I1126 18:15:51.325196 1072984 Coordinator.h:126] commit: 597392 abort: 802608 (0/802608/0), network size: 0, avg network size: 0, si_in_serializable: 0 0 %, local: 0 %
I1126 18:15:52.325274 1072984 Coordinator.h:126] commit: 562846 abort: 757154 (0/757154/0), network size: 0, avg network size: 0, si_in_serializable: 0 0 %, local: 0 %
I1126 18:15:53.325348 1072984 Coordinator.h:126] commit: 597466 abort: 802534 (0/802534/0), network size: 0, avg network size: 0, si_in_serializable: 0 0 %, local: 0 %
I1126 18:15:54.325420 1072984 Coordinator.h:126] commit: 596615 abort: 803385 (0/803385/0), network size: 0, avg network size: 0, si_in_serializable: 0 0 %, local: 0 %
I1126 18:15:55.325492 1072984 Coordinator.h:126] commit: 597769 abort: 802231 (0/802231/0), network size: 0, avg network size: 0, si_in_serializable: 0 0 %, local: 0 %
I1126 18:15:55.325503 1072984 Coordinator.h:152] average commit: 597685 abort: 802315 (0/802315/0), network size: 0, avg network size: 0, si_in_serializable: 0 0 %, local: 0 %
I1126 18:15:55.329437 1073008 AriaExecutor.h:103] AriaExecutor 8 exits. 
I1126 18:15:55.329442 1073006 AriaExecutor.h:103] AriaExecutor 6 exits. 
I1126 18:15:55.329440 1073010 AriaExecutor.h:103] AriaExecutor 10 exits. 
I1126 18:15:55.329450 1073003 AriaExecutor.h:103] AriaExecutor 3 exits. 
I1126 18:15:55.329440 1073004 AriaExecutor.h:103] AriaExecutor 4 exits. 
I1126 18:15:55.329442 1073012 Manager.h:227] Manager(worker id = 12) on the coordinator node exits.
I1126 18:15:55.329461 1073002 AriaExecutor.h:103] AriaExecutor 2 exits. 
I1126 18:15:55.329450 1073009 AriaExecutor.h:103] AriaExecutor 9 exits. 
I1126 18:15:55.329450 1073007 AriaExecutor.h:103] AriaExecutor 7 exits. 
I1126 18:15:55.329439 1073000 AriaExecutor.h:103] AriaExecutor 0 exits. 
I1126 18:15:55.329456 1073005 AriaExecutor.h:103] AriaExecutor 5 exits. 
I1126 18:15:55.329469 1073001 AriaExecutor.h:103] AriaExecutor 1 exits. 
I1126 18:15:55.329470 1073011 AriaExecutor.h:103] AriaExecutor 11 exits. 
I1126 18:15:55.325512 1072984 AriaExecutor.h:621] Worker 0 latency: 5947 us (50%) 6341 us (75%) 6572 us (95%) 6670 us (99%).
I1126 18:15:55.376758 1072984 AriaExecutor.h:621] Worker 1 latency: 5934 us (50%) 6334 us (75%) 6569 us (95%) 6666 us (99%).
I1126 18:15:55.427500 1072984 AriaExecutor.h:621] Worker 2 latency: 5953 us (50%) 6342 us (75%) 6570 us (95%) 6667 us (99%).
I1126 18:15:55.477221 1072984 AriaExecutor.h:621] Worker 3 latency: 5930 us (50%) 6331 us (75%) 6567 us (95%) 6662 us (99%).
I1126 18:15:55.528038 1072984 AriaExecutor.h:621] Worker 4 latency: 5944 us (50%) 6338 us (75%) 6569 us (95%) 6664 us (99%).
I1126 18:15:55.578701 1072984 AriaExecutor.h:621] Worker 5 latency: 5934 us (50%) 6334 us (75%) 6568 us (95%) 6667 us (99%).
I1126 18:15:55.630501 1072984 AriaExecutor.h:621] Worker 6 latency: 5948 us (50%) 6340 us (75%) 6569 us (95%) 6666 us (99%).
I1126 18:15:55.680608 1072984 AriaExecutor.h:621] Worker 7 latency: 5932 us (50%) 6333 us (75%) 6567 us (95%) 6664 us (99%).
I1126 18:15:55.733194 1072984 AriaExecutor.h:621] Worker 8 latency: 5947 us (50%) 6340 us (75%) 6570 us (95%) 6668 us (99%).
I1126 18:15:55.783797 1072984 AriaExecutor.h:621] Worker 9 latency: 5932 us (50%) 6332 us (75%) 6567 us (95%) 6664 us (99%).
I1126 18:15:55.834965 1072984 AriaExecutor.h:621] Worker 10 latency: 5953 us (50%) 6342 us (75%) 6570 us (95%) 6668 us (99%).
I1126 18:15:55.885623 1072984 AriaExecutor.h:621] Worker 11 latency: 5931 us (50%) 6332 us (75%) 6567 us (95%) 6663 us (99%).
I1126 18:15:55.935983 1072984 Coordinator.h:177] total commit: 597685
I1126 18:15:56.936101 1072984 Coordinator.h:192] Coordinator exits.
