I1126 15:58:18.070322 1026049 Database.h:65] ycsb initialization finished in 30 milliseconds.
I1126 15:58:18.070431 1026049 Coordinator.h:30] Coordinator initializes 12 workers.
I1126 15:58:18.142410 1026049 Coordinator.h:77] Coordinator starts to run 13 workers.
I1126 15:58:18.142465 1026065 AriaExecutor.h:93] AriaExecutor 0 started. 
I1126 15:58:18.142493 1026066 AriaExecutor.h:93] AriaExecutor 1 started. 
I1126 15:58:18.142536 1026067 AriaExecutor.h:93] AriaExecutor 2 started. 
I1126 15:58:18.142575 1026068 AriaExecutor.h:93] AriaExecutor 3 started. 
I1126 15:58:18.142663 1026070 AriaExecutor.h:93] AriaExecutor 5 started. 
I1126 15:58:18.142712 1026071 AriaExecutor.h:93] AriaExecutor 6 started. 
I1126 15:58:18.142750 1026072 AriaExecutor.h:93] AriaExecutor 7 started. 
I1126 15:58:18.142783 1026073 AriaExecutor.h:93] AriaExecutor 8 started. 
I1126 15:58:18.142829 1026074 AriaExecutor.h:93] AriaExecutor 9 started. 
I1126 15:58:18.142868 1026075 AriaExecutor.h:93] AriaExecutor 10 started. 
I1126 15:58:18.142910 1026076 AriaExecutor.h:93] AriaExecutor 11 started. 
I1126 15:58:18.142947 1026069 AriaExecutor.h:93] AriaExecutor 4 started. 
I1126 15:58:18.142951 1026077 Manager.h:224] Manager(worker id = 12) on the coordinator node started.
I1126 15:58:19.143020 1026049 Coordinator.h:126] commit: 1833 abort: 148167 (0/148167/0), network size: 0, avg network size: 0, si_in_serializable: 0 0 %, local: 0 %
I1126 15:58:20.143148 1026049 Coordinator.h:126] commit: 1798 abort: 148202 (0/148202/0), network size: 0, avg network size: 0, si_in_serializable: 0 0 %, local: 0 %
I1126 15:58:21.143265 1026049 Coordinator.h:126] commit: 1962 abort: 158038 (0/158038/0), network size: 0, avg network size: 0, si_in_serializable: 0 0 %, local: 0 %
I1126 15:58:22.143381 1026049 Coordinator.h:126] commit: 1919 abort: 158081 (0/158081/0), network size: 0, avg network size: 0, si_in_serializable: 0 0 %, local: 0 %
I1126 15:58:23.143474 1026049 Coordinator.h:126] commit: 1849 abort: 148151 (0/148151/0), network size: 0, avg network size: 0, si_in_serializable: 0 0 %, local: 0 %
I1126 15:58:24.143559 1026049 Coordinator.h:126] commit: 1971 abort: 158029 (0/158029/0), network size: 0, avg network size: 0, si_in_serializable: 0 0 %, local: 0 %
I1126 15:58:25.143662 1026049 Coordinator.h:126] commit: 1956 abort: 158044 (0/158044/0), network size: 0, avg network size: 0, si_in_serializable: 0 0 %, local: 0 %
I1126 15:58:26.143759 1026049 Coordinator.h:126] commit: 1967 abort: 158033 (0/158033/0), network size: 0, avg network size: 0, si_in_serializable: 0 0 %, local: 0 %
I1126 15:58:27.143865 1026049 Coordinator.h:126] commit: 1984 abort: 158016 (0/158016/0), network size: 0, avg network size: 0, si_in_serializable: 0 0 %, local: 0 %
I1126 15:58:28.143951 1026049 Coordinator.h:126] commit: 1852 abort: 148148 (0/148148/0), network size: 0, avg network size: 0, si_in_serializable: 0 0 %, local: 0 %
I1126 15:58:29.144030 1026049 Coordinator.h:126] commit: 1972 abort: 158028 (0/158028/0), network size: 0, avg network size: 0, si_in_serializable: 0 0 %, local: 0 %
I1126 15:58:30.144121 1026049 Coordinator.h:126] commit: 1962 abort: 158038 (0/158038/0), network size: 0, avg network size: 0, si_in_serializable: 0 0 %, local: 0 %
I1126 15:58:31.144217 1026049 Coordinator.h:126] commit: 1951 abort: 158049 (0/158049/0), network size: 0, avg network size: 0, si_in_serializable: 0 0 %, local: 0 %
I1126 15:58:32.144342 1026049 Coordinator.h:126] commit: 1961 abort: 158039 (0/158039/0), network size: 0, avg network size: 0, si_in_serializable: 0 0 %, local: 0 %
I1126 15:58:33.144429 1026049 Coordinator.h:126] commit: 1995 abort: 158005 (0/158005/0), network size: 0, avg network size: 0, si_in_serializable: 0 0 %, local: 0 %
I1126 15:58:34.144502 1026049 Coordinator.h:126] commit: 1920 abort: 158080 (0/158080/0), network size: 0, avg network size: 0, si_in_serializable: 0 0 %, local: 0 %
I1126 15:58:35.144573 1026049 Coordinator.h:126] commit: 1837 abort: 148163 (0/148163/0), network size: 0, avg network size: 0, si_in_serializable: 0 0 %, local: 0 %
I1126 15:58:36.144655 1026049 Coordinator.h:126] commit: 1964 abort: 158036 (0/158036/0), network size: 0, avg network size: 0, si_in_serializable: 0 0 %, local: 0 %
I1126 15:58:37.144752 1026049 Coordinator.h:126] commit: 1958 abort: 158042 (0/158042/0), network size: 0, avg network size: 0, si_in_serializable: 0 0 %, local: 0 %
I1126 15:58:38.144829 1026049 Coordinator.h:126] commit: 1991 abort: 158009 (0/158009/0), network size: 0, avg network size: 0, si_in_serializable: 0 0 %, local: 0 %
I1126 15:58:39.144906 1026049 Coordinator.h:126] commit: 1947 abort: 158053 (0/158053/0), network size: 0, avg network size: 0, si_in_serializable: 0 0 %, local: 0 %
I1126 15:58:40.144984 1026049 Coordinator.h:126] commit: 1973 abort: 158027 (0/158027/0), network size: 0, avg network size: 0, si_in_serializable: 0 0 %, local: 0 %
I1126 15:58:41.145067 1026049 Coordinator.h:126] commit: 1856 abort: 148144 (0/148144/0), network size: 0, avg network size: 0, si_in_serializable: 0 0 %, local: 0 %
I1126 15:58:42.145191 1026049 Coordinator.h:126] commit: 1953 abort: 158047 (0/158047/0), network size: 0, avg network size: 0, si_in_serializable: 0 0 %, local: 0 %
I1126 15:58:43.145282 1026049 Coordinator.h:126] commit: 1973 abort: 158027 (0/158027/0), network size: 0, avg network size: 0, si_in_serializable: 0 0 %, local: 0 %
I1126 15:58:43.145294 1026049 Coordinator.h:152] average commit: 1951.1 abort: 157049 (0/157049/0), network size: 0, avg network size: 0, si_in_serializable: 0 0 %, local: 0 %
I1126 15:58:43.145305 1026049 AriaExecutor.h:672] Worker 0 latency: 62601 us (50%) 62969 us (75%) 64773 us (95%) 71806 us (99%).
I1126 15:58:43.189749 1026077 Manager.h:227] Manager(worker id = 12) on the coordinator node exits.
I1126 15:58:43.189755 1026072 AriaExecutor.h:105] AriaExecutor 7 exits. 
I1126 15:58:43.189746 1026071 AriaExecutor.h:105] AriaExecutor 6 exits. 
I1126 15:58:43.189743 1026073 AriaExecutor.h:105] AriaExecutor 8 exits. 
I1126 15:58:43.189743 1026069 AriaExecutor.h:105] AriaExecutor 4 exits. 
I1126 15:58:43.189750 1026075 AriaExecutor.h:105] AriaExecutor 10 exits. 
I1126 15:58:43.189755 1026070 AriaExecutor.h:105] AriaExecutor 5 exits. 
I1126 15:58:43.189744 1026067 AriaExecutor.h:105] AriaExecutor 2 exits. 
I1126 15:58:43.189764 1026068 AriaExecutor.h:105] AriaExecutor 3 exits. 
I1126 15:58:43.189755 1026074 AriaExecutor.h:105] AriaExecutor 9 exits. 
I1126 15:58:43.189756 1026076 AriaExecutor.h:105] AriaExecutor 11 exits. 
I1126 15:58:43.189756 1026066 AriaExecutor.h:105] AriaExecutor 1 exits. 
I1126 15:58:43.189746 1026065 AriaExecutor.h:105] AriaExecutor 0 exits. 
I1126 15:58:43.190133 1026049 AriaExecutor.h:672] Worker 1 latency: 62590 us (50%) 62963 us (75%) 64621 us (95%) 71835 us (99%).
I1126 15:58:43.190367 1026049 AriaExecutor.h:672] Worker 2 latency: 62594 us (50%) 62954 us (75%) 64517 us (95%) 71726 us (99%).
I1126 15:58:43.190578 1026049 AriaExecutor.h:672] Worker 3 latency: 62599 us (50%) 62970 us (75%) 64724 us (95%) 71907 us (99%).
I1126 15:58:43.190785 1026049 AriaExecutor.h:672] Worker 4 latency: 62595 us (50%) 62955 us (75%) 64635 us (95%) 71864 us (99%).
I1126 15:58:43.191013 1026049 AriaExecutor.h:672] Worker 5 latency: 62602 us (50%) 62967 us (75%) 64627 us (95%) 71800 us (99%).
I1126 15:58:43.191233 1026049 AriaExecutor.h:672] Worker 6 latency: 62596 us (50%) 62955 us (75%) 64595 us (95%) 71832 us (99%).
I1126 15:58:43.191448 1026049 AriaExecutor.h:672] Worker 7 latency: 62604 us (50%) 62969 us (75%) 64623 us (95%) 72060 us (99%).
I1126 15:58:43.191687 1026049 AriaExecutor.h:672] Worker 8 latency: 62595 us (50%) 62961 us (75%) 64635 us (95%) 71887 us (99%).
I1126 15:58:43.191898 1026049 AriaExecutor.h:672] Worker 9 latency: 62596 us (50%) 62949 us (75%) 64575 us (95%) 71681 us (99%).
I1126 15:58:43.192129 1026049 AriaExecutor.h:672] Worker 10 latency: 62596 us (50%) 62950 us (75%) 64616 us (95%) 71754 us (99%).
I1126 15:58:43.192344 1026049 AriaExecutor.h:672] Worker 11 latency: 62594 us (50%) 62951 us (75%) 64703 us (95%) 71900 us (99%).
I1126 15:58:43.192571 1026049 Coordinator.h:177] total commit: 1951.1
I1126 15:58:44.192672 1026049 Coordinator.h:192] Coordinator exits.
