I0911 23:40:15.891449 2949210 Database.h:65] ycsb initialization finished in 146 milliseconds.
I0911 23:40:15.891571 2949210 Coordinator.h:30] Coordinator initializes 16 workers.
I0911 23:40:16.016530 2949210 Coordinator.h:77] Coordinator starts to run 17 workers.
I0911 23:40:16.016595 2949231 AriaExecutor.h:82] AriaExecutor 0 started. 
I0911 23:40:16.016636 2949232 AriaExecutor.h:82] AriaExecutor 1 started. 
I0911 23:40:16.016676 2949233 AriaExecutor.h:82] AriaExecutor 2 started. 
I0911 23:40:16.016728 2949234 AriaExecutor.h:82] AriaExecutor 3 started. 
I0911 23:40:16.016763 2949235 AriaExecutor.h:82] AriaExecutor 4 started. 
I0911 23:40:16.016800 2949236 AriaExecutor.h:82] AriaExecutor 5 started. 
I0911 23:40:16.016848 2949237 AriaExecutor.h:82] AriaExecutor 6 started. 
I0911 23:40:16.016891 2949238 AriaExecutor.h:82] AriaExecutor 7 started. 
I0911 23:40:16.016940 2949239 AriaExecutor.h:82] AriaExecutor 8 started. 
I0911 23:40:16.016981 2949240 AriaExecutor.h:82] AriaExecutor 9 started. 
I0911 23:40:16.017014 2949241 AriaExecutor.h:82] AriaExecutor 10 started. 
I0911 23:40:16.017063 2949242 AriaExecutor.h:82] AriaExecutor 11 started. 
I0911 23:40:16.017099 2949243 AriaExecutor.h:82] AriaExecutor 12 started. 
I0911 23:40:16.017139 2949244 AriaExecutor.h:82] AriaExecutor 13 started. 
I0911 23:40:16.017174 2949245 AriaExecutor.h:82] AriaExecutor 14 started. 
I0911 23:40:16.017212 2949246 AriaExecutor.h:82] AriaExecutor 15 started. 
I0911 23:40:16.017246 2949247 Manager.h:224] Manager(worker id = 16) on the coordinator node started.
I0911 23:40:17.017289 2949210 Coordinator.h:126] commit: 6229 abort: 137771 (0/137771/0), network size: 0, avg network size: 0, si_in_serializable: 0 0 %, local: 0 %
I0911 23:40:18.017427 2949210 Coordinator.h:126] commit: 7576 abort: 168424 (0/168424/0), network size: 0, avg network size: 0, si_in_serializable: 0 0 %, local: 0 %
I0911 23:40:19.017503 2949210 Coordinator.h:126] commit: 6887 abort: 153113 (0/153113/0), network size: 0, avg network size: 0, si_in_serializable: 0 0 %, local: 0 %
I0911 23:40:20.017578 2949210 Coordinator.h:126] commit: 7594 abort: 168406 (0/168406/0), network size: 0, avg network size: 0, si_in_serializable: 0 0 %, local: 0 %
I0911 23:40:21.017656 2949210 Coordinator.h:126] commit: 6883 abort: 153117 (0/153117/0), network size: 0, avg network size: 0, si_in_serializable: 0 0 %, local: 0 %
I0911 23:40:22.017756 2949210 Coordinator.h:126] commit: 7503 abort: 168497 (0/168497/0), network size: 0, avg network size: 0, si_in_serializable: 0 0 %, local: 0 %
I0911 23:40:23.017843 2949210 Coordinator.h:126] commit: 7575 abort: 168425 (0/168425/0), network size: 0, avg network size: 0, si_in_serializable: 0 0 %, local: 0 %
I0911 23:40:24.017926 2949210 Coordinator.h:126] commit: 7494 abort: 168506 (0/168506/0), network size: 0, avg network size: 0, si_in_serializable: 0 0 %, local: 0 %
I0911 23:40:25.017999 2949210 Coordinator.h:126] commit: 7653 abort: 168347 (0/168347/0), network size: 0, avg network size: 0, si_in_serializable: 0 0 %, local: 0 %
I0911 23:40:26.018069 2949210 Coordinator.h:126] commit: 6994 abort: 153006 (0/153006/0), network size: 0, avg network size: 0, si_in_serializable: 0 0 %, local: 0 %
I0911 23:40:27.018133 2949210 Coordinator.h:126] commit: 7653 abort: 168347 (0/168347/0), network size: 0, avg network size: 0, si_in_serializable: 0 0 %, local: 0 %
I0911 23:40:28.018210 2949210 Coordinator.h:126] commit: 7676 abort: 168324 (0/168324/0), network size: 0, avg network size: 0, si_in_serializable: 0 0 %, local: 0 %
I0911 23:40:29.018280 2949210 Coordinator.h:126] commit: 7645 abort: 168355 (0/168355/0), network size: 0, avg network size: 0, si_in_serializable: 0 0 %, local: 0 %
I0911 23:40:30.018363 2949210 Coordinator.h:126] commit: 7577 abort: 168423 (0/168423/0), network size: 0, avg network size: 0, si_in_serializable: 0 0 %, local: 0 %
I0911 23:40:31.018440 2949210 Coordinator.h:126] commit: 7654 abort: 168346 (0/168346/0), network size: 0, avg network size: 0, si_in_serializable: 0 0 %, local: 0 %
I0911 23:40:32.018512 2949210 Coordinator.h:126] commit: 7687 abort: 168313 (0/168313/0), network size: 0, avg network size: 0, si_in_serializable: 0 0 %, local: 0 %
I0911 23:40:33.018577 2949210 Coordinator.h:126] commit: 7592 abort: 168408 (0/168408/0), network size: 0, avg network size: 0, si_in_serializable: 0 0 %, local: 0 %
I0911 23:40:34.018641 2949210 Coordinator.h:126] commit: 7503 abort: 168497 (0/168497/0), network size: 0, avg network size: 0, si_in_serializable: 0 0 %, local: 0 %
I0911 23:40:35.018707 2949210 Coordinator.h:126] commit: 7631 abort: 168369 (0/168369/0), network size: 0, avg network size: 0, si_in_serializable: 0 0 %, local: 0 %
I0911 23:40:36.018775 2949210 Coordinator.h:126] commit: 8293 abort: 183707 (0/183707/0), network size: 0, avg network size: 0, si_in_serializable: 0 0 %, local: 0 %
I0911 23:40:37.018847 2949210 Coordinator.h:126] commit: 7593 abort: 168407 (0/168407/0), network size: 0, avg network size: 0, si_in_serializable: 0 0 %, local: 0 %
I0911 23:40:38.018924 2949210 Coordinator.h:126] commit: 7657 abort: 168343 (0/168343/0), network size: 0, avg network size: 0, si_in_serializable: 0 0 %, local: 0 %
I0911 23:40:39.019001 2949210 Coordinator.h:126] commit: 7583 abort: 168417 (0/168417/0), network size: 0, avg network size: 0, si_in_serializable: 0 0 %, local: 0 %
I0911 23:40:40.019081 2949210 Coordinator.h:126] commit: 7583 abort: 168417 (0/168417/0), network size: 0, avg network size: 0, si_in_serializable: 0 0 %, local: 0 %
I0911 23:40:41.019155 2949210 Coordinator.h:126] commit: 7566 abort: 168434 (0/168434/0), network size: 0, avg network size: 0, si_in_serializable: 0 0 %, local: 0 %
I0911 23:40:41.019174 2949210 Coordinator.h:152] average commit: 7691.1 abort: 169909 (0/169909/0), network size: 0, avg network size: 0, si_in_serializable: 0 0 %, local: 0 %
I0911 23:40:41.019186 2949210 AriaExecutor.h:641] Worker 0 latency: 88743 us (50%) 89958 us (75%) 98202 us (95%) 114672 us (99%).
I0911 23:40:41.092442 2949239 AriaExecutor.h:94] AriaExecutor 8 exits. 
I0911 23:40:41.092461 2949232 AriaExecutor.h:94] AriaExecutor 1 exits. 
I0911 23:40:41.092444 2949247 Manager.h:227] Manager(worker id = 16) on the coordinator node exits.
I0911 23:40:41.092443 2949237 AriaExecutor.h:94] AriaExecutor 6 exits. 
I0911 23:40:41.092442 2949235 AriaExecutor.h:94] AriaExecutor 4 exits. 
I0911 23:40:41.092443 2949243 AriaExecutor.h:94] AriaExecutor 12 exits. 
I0911 23:40:41.092443 2949231 AriaExecutor.h:94] AriaExecutor 0 exits. 
I0911 23:40:41.092461 2949234 AriaExecutor.h:94] AriaExecutor 3 exits. 
I0911 23:40:41.092461 2949240 AriaExecutor.h:94] AriaExecutor 9 exits. 
I0911 23:40:41.092461 2949246 AriaExecutor.h:94] AriaExecutor 15 exits. 
I0911 23:40:41.092464 2949236 AriaExecutor.h:94] AriaExecutor 5 exits. 
I0911 23:40:41.092465 2949238 AriaExecutor.h:94] AriaExecutor 7 exits. 
I0911 23:40:41.092446 2949245 AriaExecutor.h:94] AriaExecutor 14 exits. 
I0911 23:40:41.092446 2949233 AriaExecutor.h:94] AriaExecutor 2 exits. 
I0911 23:40:41.092442 2949241 AriaExecutor.h:94] AriaExecutor 10 exits. 
I0911 23:40:41.092466 2949242 AriaExecutor.h:94] AriaExecutor 11 exits. 
I0911 23:40:41.092468 2949244 AriaExecutor.h:94] AriaExecutor 13 exits. 
I0911 23:40:41.092769 2949210 AriaExecutor.h:641] Worker 1 latency: 88724 us (50%) 89882 us (75%) 98300 us (95%) 114997 us (99%).
I0911 23:40:41.093505 2949210 AriaExecutor.h:641] Worker 2 latency: 88726 us (50%) 89946 us (75%) 98394 us (95%) 113947 us (99%).
I0911 23:40:41.094069 2949210 AriaExecutor.h:641] Worker 3 latency: 88722 us (50%) 89923 us (75%) 98158 us (95%) 114103 us (99%).
I0911 23:40:41.094683 2949210 AriaExecutor.h:641] Worker 4 latency: 88700 us (50%) 89859 us (75%) 98100 us (95%) 114614 us (99%).
I0911 23:40:41.095255 2949210 AriaExecutor.h:641] Worker 5 latency: 88698 us (50%) 89851 us (75%) 97966 us (95%) 113705 us (99%).
I0911 23:40:41.095837 2949210 AriaExecutor.h:641] Worker 6 latency: 88721 us (50%) 89903 us (75%) 98415 us (95%) 114149 us (99%).
I0911 23:40:41.096398 2949210 AriaExecutor.h:641] Worker 7 latency: 88714 us (50%) 89926 us (75%) 97995 us (95%) 114247 us (99%).
I0911 23:40:41.097014 2949210 AriaExecutor.h:641] Worker 8 latency: 88688 us (50%) 89867 us (75%) 97956 us (95%) 113752 us (99%).
I0911 23:40:41.097591 2949210 AriaExecutor.h:641] Worker 9 latency: 88699 us (50%) 89936 us (75%) 98238 us (95%) 114052 us (99%).
I0911 23:40:41.098191 2949210 AriaExecutor.h:641] Worker 10 latency: 88725 us (50%) 89921 us (75%) 98294 us (95%) 113731 us (99%).
I0911 23:40:41.098745 2949210 AriaExecutor.h:641] Worker 11 latency: 88715 us (50%) 89896 us (75%) 98245 us (95%) 113532 us (99%).
I0911 23:40:41.099318 2949210 AriaExecutor.h:641] Worker 12 latency: 88703 us (50%) 89872 us (75%) 98209 us (95%) 113418 us (99%).
I0911 23:40:41.099874 2949210 AriaExecutor.h:641] Worker 13 latency: 88697 us (50%) 89874 us (75%) 98258 us (95%) 113414 us (99%).
I0911 23:40:41.100438 2949210 AriaExecutor.h:641] Worker 14 latency: 88726 us (50%) 89919 us (75%) 98227 us (95%) 113819 us (99%).
I0911 23:40:41.101004 2949210 AriaExecutor.h:641] Worker 15 latency: 88713 us (50%) 89878 us (75%) 98145 us (95%) 113726 us (99%).
I0911 23:40:41.101562 2949210 Coordinator.h:177] total commit: 7691.1
I0911 23:40:42.101673 2949210 Coordinator.h:192] Coordinator exits.
