I0911 21:55:51.618304 2929191 Database.h:65] ycsb initialization finished in 179 milliseconds.
I0911 21:55:51.618417 2929191 Coordinator.h:30] Coordinator initializes 16 workers.
I0911 21:55:51.648989 2929191 Coordinator.h:77] Coordinator starts to run 17 workers.
I0911 21:55:51.649055 2929211 AriaExecutor.h:82] AriaExecutor 0 started. 
I0911 21:55:51.649091 2929212 AriaExecutor.h:82] AriaExecutor 1 started. 
I0911 21:55:51.649130 2929213 AriaExecutor.h:82] AriaExecutor 2 started. 
I0911 21:55:51.649189 2929214 AriaExecutor.h:82] AriaExecutor 3 started. 
I0911 21:55:51.649238 2929215 AriaExecutor.h:82] AriaExecutor 4 started. 
I0911 21:55:51.649297 2929216 AriaExecutor.h:82] AriaExecutor 5 started. 
I0911 21:55:51.649343 2929217 AriaExecutor.h:82] AriaExecutor 6 started. 
I0911 21:55:51.649390 2929218 AriaExecutor.h:82] AriaExecutor 7 started. 
I0911 21:55:51.649430 2929219 AriaExecutor.h:82] AriaExecutor 8 started. 
I0911 21:55:51.649485 2929220 AriaExecutor.h:82] AriaExecutor 9 started. 
I0911 21:55:51.649531 2929221 AriaExecutor.h:82] AriaExecutor 10 started. 
I0911 21:55:51.649580 2929222 AriaExecutor.h:82] AriaExecutor 11 started. 
I0911 21:55:51.649634 2929223 AriaExecutor.h:82] AriaExecutor 12 started. 
I0911 21:55:51.649685 2929224 AriaExecutor.h:82] AriaExecutor 13 started. 
I0911 21:55:51.649729 2929225 AriaExecutor.h:82] AriaExecutor 14 started. 
I0911 21:55:51.649778 2929226 AriaExecutor.h:82] AriaExecutor 15 started. 
I0911 21:55:51.649825 2929227 Manager.h:224] Manager(worker id = 16) on the coordinator node started.
I0911 21:55:52.649879 2929191 Coordinator.h:126] commit: 1346063 abort: 22001 (0/22001/0), network size: 0, avg network size: 0, si_in_serializable: 0 0 %, local: 0 %
I0911 21:55:53.649993 2929191 Coordinator.h:126] commit: 1345864 abort: 22200 (0/22200/0), network size: 0, avg network size: 0, si_in_serializable: 0 0 %, local: 0 %
I0911 21:55:54.650089 2929191 Coordinator.h:126] commit: 1305600 abort: 21504 (0/21504/0), network size: 0, avg network size: 0, si_in_serializable: 0 0 %, local: 0 %
I0911 21:55:55.650190 2929191 Coordinator.h:126] commit: 1301792 abort: 21216 (0/21216/0), network size: 0, avg network size: 0, si_in_serializable: 0 0 %, local: 0 %
I0911 21:55:56.650307 2929191 Coordinator.h:126] commit: 1358165 abort: 22187 (0/22187/0), network size: 0, avg network size: 0, si_in_serializable: 0 0 %, local: 0 %
I0911 21:55:57.650403 2929191 Coordinator.h:126] commit: 1366277 abort: 22267 (0/22267/0), network size: 0, avg network size: 0, si_in_serializable: 0 0 %, local: 0 %
I0911 21:55:58.650494 2929191 Coordinator.h:126] commit: 1341826 abort: 22142 (0/22142/0), network size: 0, avg network size: 0, si_in_serializable: 0 0 %, local: 0 %
I0911 21:55:59.650588 2929191 Coordinator.h:126] commit: 1366068 abort: 22476 (0/22476/0), network size: 0, avg network size: 0, si_in_serializable: 0 0 %, local: 0 %
I0911 21:56:00.650674 2929191 Coordinator.h:126] commit: 1366305 abort: 22239 (0/22239/0), network size: 0, avg network size: 0, si_in_serializable: 0 0 %, local: 0 %
I0911 21:56:01.650775 2929191 Coordinator.h:126] commit: 1366044 abort: 22500 (0/22500/0), network size: 0, avg network size: 0, si_in_serializable: 0 0 %, local: 0 %
I0911 21:56:02.650864 2929191 Coordinator.h:126] commit: 1370158 abort: 22482 (0/22482/0), network size: 0, avg network size: 0, si_in_serializable: 0 0 %, local: 0 %
I0911 21:56:03.650961 2929191 Coordinator.h:126] commit: 1321957 abort: 21531 (0/21531/0), network size: 0, avg network size: 0, si_in_serializable: 0 0 %, local: 0 %
I0911 21:56:04.651049 2929191 Coordinator.h:126] commit: 1325663 abort: 21921 (0/21921/0), network size: 0, avg network size: 0, si_in_serializable: 0 0 %, local: 0 %
I0911 21:56:05.651140 2929191 Coordinator.h:126] commit: 1325922 abort: 21662 (0/21662/0), network size: 0, avg network size: 0, si_in_serializable: 0 0 %, local: 0 %
I0911 21:56:06.651270 2929191 Coordinator.h:126] commit: 1353913 abort: 22343 (0/22343/0), network size: 0, avg network size: 0, si_in_serializable: 0 0 %, local: 0 %
I0911 21:56:07.651374 2929191 Coordinator.h:126] commit: 1366375 abort: 22169 (0/22169/0), network size: 0, avg network size: 0, si_in_serializable: 0 0 %, local: 0 %
I0911 21:56:08.651460 2929191 Coordinator.h:126] commit: 1366137 abort: 22407 (0/22407/0), network size: 0, avg network size: 0, si_in_serializable: 0 0 %, local: 0 %
I0911 21:56:09.651547 2929191 Coordinator.h:126] commit: 1366116 abort: 22428 (0/22428/0), network size: 0, avg network size: 0, si_in_serializable: 0 0 %, local: 0 %
I0911 21:56:10.651635 2929191 Coordinator.h:126] commit: 1362107 abort: 22341 (0/22341/0), network size: 0, avg network size: 0, si_in_serializable: 0 0 %, local: 0 %
I0911 21:56:11.651734 2929191 Coordinator.h:126] commit: 1362100 abort: 22348 (0/22348/0), network size: 0, avg network size: 0, si_in_serializable: 0 0 %, local: 0 %
I0911 21:56:12.651822 2929191 Coordinator.h:126] commit: 1366157 abort: 22387 (0/22387/0), network size: 0, avg network size: 0, si_in_serializable: 0 0 %, local: 0 %
I0911 21:56:13.651912 2929191 Coordinator.h:126] commit: 1358299 abort: 22053 (0/22053/0), network size: 0, avg network size: 0, si_in_serializable: 0 0 %, local: 0 %
I0911 21:56:14.652001 2929191 Coordinator.h:126] commit: 1362133 abort: 22315 (0/22315/0), network size: 0, avg network size: 0, si_in_serializable: 0 0 %, local: 0 %
I0911 21:56:15.652096 2929191 Coordinator.h:126] commit: 1366189 abort: 22355 (0/22355/0), network size: 0, avg network size: 0, si_in_serializable: 0 0 %, local: 0 %
I0911 21:56:16.652200 2929191 Coordinator.h:126] commit: 1273433 abort: 20903 (0/20903/0), network size: 0, avg network size: 0, si_in_serializable: 0 0 %, local: 0 %
I0911 21:56:16.652228 2929191 Coordinator.h:152] average commit: 1.35204e+06 abort: 22163.2 (0/22163.2/0), network size: 0, avg network size: 0, si_in_serializable: 0 0 %, local: 0 %
I0911 21:56:16.656390 2929217 AriaExecutor.h:94] AriaExecutor 6 exits. 
I0911 21:56:16.656414 2929223 AriaExecutor.h:94] AriaExecutor 12 exits. 
I0911 21:56:16.656391 2929215 AriaExecutor.h:94] AriaExecutor 4 exits. 
I0911 21:56:16.656394 2929211 AriaExecutor.h:94] AriaExecutor 0 exits. 
I0911 21:56:16.656400 2929214 AriaExecutor.h:94] AriaExecutor 3 exits. 
I0911 21:56:16.656401 2929226 AriaExecutor.h:94] AriaExecutor 15 exits. 
I0911 21:56:16.656402 2929212 AriaExecutor.h:94] AriaExecutor 1 exits. 
I0911 21:56:16.656401 2929218 AriaExecutor.h:94] AriaExecutor 7 exits. 
I0911 21:56:16.656394 2929225 AriaExecutor.h:94] AriaExecutor 14 exits. 
I0911 21:56:16.656402 2929216 AriaExecutor.h:94] AriaExecutor 5 exits. 
I0911 21:56:16.656392 2929221 AriaExecutor.h:94] AriaExecutor 10 exits. 
I0911 21:56:16.656400 2929227 Manager.h:227] Manager(worker id = 16) on the coordinator node exits.
I0911 21:56:16.656402 2929224 AriaExecutor.h:94] AriaExecutor 13 exits. 
I0911 21:56:16.656391 2929219 AriaExecutor.h:94] AriaExecutor 8 exits. 
I0911 21:56:16.656419 2929220 AriaExecutor.h:94] AriaExecutor 9 exits. 
I0911 21:56:16.656401 2929222 AriaExecutor.h:94] AriaExecutor 11 exits. 
I0911 21:56:16.656391 2929213 AriaExecutor.h:94] AriaExecutor 2 exits. 
I0911 21:56:16.652240 2929191 AriaExecutor.h:535] Worker 0 latency: 1966 us (50%) 2374 us (75%) 2697 us (95%) 2866 us (99%).
I0911 21:56:16.731952 2929191 AriaExecutor.h:535] Worker 1 latency: 1963 us (50%) 2371 us (75%) 2695 us (95%) 2862 us (99%).
I0911 21:56:16.811693 2929191 AriaExecutor.h:535] Worker 2 latency: 1974 us (50%) 2377 us (75%) 2697 us (95%) 2866 us (99%).
I0911 21:56:16.890765 2929191 AriaExecutor.h:535] Worker 3 latency: 1964 us (50%) 2371 us (75%) 2695 us (95%) 2863 us (99%).
I0911 21:56:16.970708 2929191 AriaExecutor.h:535] Worker 4 latency: 1963 us (50%) 2372 us (75%) 2696 us (95%) 2865 us (99%).
I0911 21:56:17.050432 2929191 AriaExecutor.h:535] Worker 5 latency: 1963 us (50%) 2371 us (75%) 2695 us (95%) 2864 us (99%).
I0911 21:56:17.130520 2929191 AriaExecutor.h:535] Worker 6 latency: 1975 us (50%) 2377 us (75%) 2697 us (95%) 2866 us (99%).
I0911 21:56:17.208218 2929191 AriaExecutor.h:535] Worker 7 latency: 1965 us (50%) 2372 us (75%) 2695 us (95%) 2863 us (99%).
I0911 21:56:17.288990 2929191 AriaExecutor.h:535] Worker 8 latency: 1968 us (50%) 2374 us (75%) 2696 us (95%) 2866 us (99%).
I0911 21:56:17.368939 2929191 AriaExecutor.h:535] Worker 9 latency: 1963 us (50%) 2370 us (75%) 2694 us (95%) 2861 us (99%).
I0911 21:56:17.448447 2929191 AriaExecutor.h:535] Worker 10 latency: 1977 us (50%) 2377 us (75%) 2697 us (95%) 2865 us (99%).
I0911 21:56:17.527657 2929191 AriaExecutor.h:535] Worker 11 latency: 1966 us (50%) 2371 us (75%) 2694 us (95%) 2863 us (99%).
I0911 21:56:17.608139 2929191 AriaExecutor.h:535] Worker 12 latency: 1976 us (50%) 2377 us (75%) 2697 us (95%) 2865 us (99%).
I0911 21:56:17.686527 2929191 AriaExecutor.h:535] Worker 13 latency: 1963 us (50%) 2369 us (75%) 2694 us (95%) 2860 us (99%).
I0911 21:56:17.765744 2929191 AriaExecutor.h:535] Worker 14 latency: 1982 us (50%) 2380 us (75%) 2698 us (95%) 2866 us (99%).
I0911 21:56:17.843619 2929191 AriaExecutor.h:535] Worker 15 latency: 1966 us (50%) 2371 us (75%) 2695 us (95%) 2862 us (99%).
I0911 21:56:17.923230 2929191 Coordinator.h:177] total commit: 1.35204e+06
I0911 21:56:18.923341 2929191 Coordinator.h:192] Coordinator exits.
