I0911 22:38:46.161096 2937265 Database.h:65] ycsb initialization finished in 148 milliseconds.
I0911 22:38:46.161206 2937265 Coordinator.h:30] Coordinator initializes 16 workers.
I0911 22:38:46.169230 2937265 Coordinator.h:77] Coordinator starts to run 17 workers.
I0911 22:38:46.169291 2937285 AriaExecutor.h:82] AriaExecutor 0 started. 
I0911 22:38:46.169317 2937286 AriaExecutor.h:82] AriaExecutor 1 started. 
I0911 22:38:46.169361 2937287 AriaExecutor.h:82] AriaExecutor 2 started. 
I0911 22:38:46.169415 2937288 AriaExecutor.h:82] AriaExecutor 3 started. 
I0911 22:38:46.169458 2937289 AriaExecutor.h:82] AriaExecutor 4 started. 
I0911 22:38:46.169508 2937290 AriaExecutor.h:82] AriaExecutor 5 started. 
I0911 22:38:46.169553 2937291 AriaExecutor.h:82] AriaExecutor 6 started. 
I0911 22:38:46.169603 2937292 AriaExecutor.h:82] AriaExecutor 7 started. 
I0911 22:38:46.169653 2937293 AriaExecutor.h:82] AriaExecutor 8 started. 
I0911 22:38:46.169711 2937294 AriaExecutor.h:82] AriaExecutor 9 started. 
I0911 22:38:46.169755 2937295 AriaExecutor.h:82] AriaExecutor 10 started. 
I0911 22:38:46.169806 2937296 AriaExecutor.h:82] AriaExecutor 11 started. 
I0911 22:38:46.169852 2937297 AriaExecutor.h:82] AriaExecutor 12 started. 
I0911 22:38:46.169902 2937298 AriaExecutor.h:82] AriaExecutor 13 started. 
I0911 22:38:46.169952 2937299 AriaExecutor.h:82] AriaExecutor 14 started. 
I0911 22:38:46.170006 2937300 AriaExecutor.h:82] AriaExecutor 15 started. 
I0911 22:38:46.170055 2937301 Manager.h:224] Manager(worker id = 16) on the coordinator node started.
I0911 22:38:47.170105 2937265 Coordinator.h:126] commit: 1080930 abort: 40350 (0/40350/0), network size: 0, avg network size: 0, si_in_serializable: 0 0 %, local: 0 %
I0911 22:38:48.170217 2937265 Coordinator.h:126] commit: 1068214 abort: 39754 (0/39754/0), network size: 0, avg network size: 0, si_in_serializable: 0 0 %, local: 0 %
I0911 22:38:49.170311 2937265 Coordinator.h:126] commit: 1039128 abort: 38120 (0/38120/0), network size: 0, avg network size: 0, si_in_serializable: 0 0 %, local: 0 %
I0911 22:38:50.170399 2937265 Coordinator.h:126] commit: 1043047 abort: 38297 (0/38297/0), network size: 0, avg network size: 0, si_in_serializable: 0 0 %, local: 0 %
I0911 22:38:51.170521 2937265 Coordinator.h:126] commit: 1081090 abort: 40190 (0/40190/0), network size: 0, avg network size: 0, si_in_serializable: 0 0 %, local: 0 %
I0911 22:38:52.170617 2937265 Coordinator.h:126] commit: 1089915 abort: 40581 (0/40581/0), network size: 0, avg network size: 0, si_in_serializable: 0 0 %, local: 0 %
I0911 22:38:53.170703 2937265 Coordinator.h:126] commit: 1091314 abort: 40206 (0/40206/0), network size: 0, avg network size: 0, si_in_serializable: 0 0 %, local: 0 %
I0911 22:38:54.170789 2937265 Coordinator.h:126] commit: 1054516 abort: 39116 (0/39116/0), network size: 0, avg network size: 0, si_in_serializable: 0 0 %, local: 0 %
I0911 22:38:55.170878 2937265 Coordinator.h:126] commit: 1090300 abort: 40196 (0/40196/0), network size: 0, avg network size: 0, si_in_serializable: 0 0 %, local: 0 %
I0911 22:38:56.170964 2937265 Coordinator.h:126] commit: 1069650 abort: 39342 (0/39342/0), network size: 0, avg network size: 0, si_in_serializable: 0 0 %, local: 0 %
I0911 22:38:57.171056 2937265 Coordinator.h:126] commit: 1091785 abort: 40759 (0/40759/0), network size: 0, avg network size: 0, si_in_serializable: 0 0 %, local: 0 %
I0911 22:38:58.171140 2937265 Coordinator.h:126] commit: 1059196 abort: 39556 (0/39556/0), network size: 0, avg network size: 0, si_in_serializable: 0 0 %, local: 0 %
I0911 22:38:59.171226 2937265 Coordinator.h:126] commit: 1092270 abort: 40274 (0/40274/0), network size: 0, avg network size: 0, si_in_serializable: 0 0 %, local: 0 %
I0911 22:39:00.171314 2937265 Coordinator.h:126] commit: 1076689 abort: 39805 (0/39805/0), network size: 0, avg network size: 0, si_in_serializable: 0 0 %, local: 0 %
I0911 22:39:01.171427 2937265 Coordinator.h:126] commit: 1090603 abort: 40583 (0/40583/0), network size: 0, avg network size: 0, si_in_serializable: 0 0 %, local: 0 %
I0911 22:39:02.171520 2937265 Coordinator.h:126] commit: 1025663 abort: 38273 (0/38273/0), network size: 0, avg network size: 0, si_in_serializable: 0 0 %, local: 0 %
I0911 22:39:03.171612 2937265 Coordinator.h:126] commit: 1090912 abort: 40608 (0/40608/0), network size: 0, avg network size: 0, si_in_serializable: 0 0 %, local: 0 %
I0911 22:39:04.171701 2937265 Coordinator.h:126] commit: 1091491 abort: 40029 (0/40029/0), network size: 0, avg network size: 0, si_in_serializable: 0 0 %, local: 0 %
I0911 22:39:05.171785 2937265 Coordinator.h:126] commit: 1091021 abort: 40499 (0/40499/0), network size: 0, avg network size: 0, si_in_serializable: 0 0 %, local: 0 %
I0911 22:39:06.171869 2937265 Coordinator.h:126] commit: 1091137 abort: 40318 (0/40318/0), network size: 0, avg network size: 0, si_in_serializable: 0 0 %, local: 0 %
I0911 22:39:07.171949 2937265 Coordinator.h:126] commit: 1089328 abort: 40208 (0/40208/0), network size: 0, avg network size: 0, si_in_serializable: 0 0 %, local: 0 %
I0911 22:39:08.172037 2937265 Coordinator.h:126] commit: 1092283 abort: 40261 (0/40261/0), network size: 0, avg network size: 0, si_in_serializable: 0 0 %, local: 0 %
I0911 22:39:09.172118 2937265 Coordinator.h:126] commit: 1092045 abort: 40499 (0/40499/0), network size: 0, avg network size: 0, si_in_serializable: 0 0 %, local: 0 %
I0911 22:39:10.172199 2937265 Coordinator.h:126] commit: 1091984 abort: 40560 (0/40560/0), network size: 0, avg network size: 0, si_in_serializable: 0 0 %, local: 0 %
I0911 22:39:11.172281 2937265 Coordinator.h:126] commit: 1092314 abort: 40230 (0/40230/0), network size: 0, avg network size: 0, si_in_serializable: 0 0 %, local: 0 %
I0911 22:39:11.172304 2937265 Coordinator.h:152] average commit: 1.08008e+06 abort: 40070.4 (0/40070.4/0), network size: 0, avg network size: 0, si_in_serializable: 0 0 %, local: 0 %
I0911 22:39:11.173218 2937285 AriaExecutor.h:94] AriaExecutor 0 exits. 
I0911 22:39:11.173231 2937289 AriaExecutor.h:94] AriaExecutor 4 exits. 
I0911 22:39:11.173223 2937297 AriaExecutor.h:94] AriaExecutor 12 exits. 
I0911 22:39:11.173240 2937286 AriaExecutor.h:94] AriaExecutor 1 exits. 
I0911 22:39:11.173228 2937293 AriaExecutor.h:94] AriaExecutor 8 exits. 
I0911 22:39:11.173221 2937301 Manager.h:227] Manager(worker id = 16) on the coordinator node exits.
I0911 22:39:11.173239 2937298 AriaExecutor.h:94] AriaExecutor 13 exits. 
I0911 22:39:11.173239 2937294 AriaExecutor.h:94] AriaExecutor 9 exits. 
I0911 22:39:11.173239 2937288 AriaExecutor.h:94] AriaExecutor 3 exits. 
I0911 22:39:11.173241 2937290 AriaExecutor.h:94] AriaExecutor 5 exits. 
I0911 22:39:11.173254 2937300 AriaExecutor.h:94] AriaExecutor 15 exits. 
I0911 22:39:11.173254 2937296 AriaExecutor.h:94] AriaExecutor 11 exits. 
I0911 22:39:11.173220 2937291 AriaExecutor.h:94] AriaExecutor 6 exits. 
I0911 22:39:11.173233 2937287 AriaExecutor.h:94] AriaExecutor 2 exits. 
I0911 22:39:11.173221 2937295 AriaExecutor.h:94] AriaExecutor 10 exits. 
I0911 22:39:11.173223 2937299 AriaExecutor.h:94] AriaExecutor 14 exits. 
I0911 22:39:11.173254 2937292 AriaExecutor.h:94] AriaExecutor 7 exits. 
I0911 22:39:11.172317 2937265 AriaExecutor.h:535] Worker 0 latency: 571 us (50%) 718 us (75%) 835 us (95%) 861 us (99%).
I0911 22:39:11.235026 2937265 AriaExecutor.h:535] Worker 1 latency: 570 us (50%) 717 us (75%) 834 us (95%) 861 us (99%).
I0911 22:39:11.307744 2937265 AriaExecutor.h:535] Worker 2 latency: 574 us (50%) 719 us (75%) 835 us (95%) 861 us (99%).
I0911 22:39:11.370393 2937265 AriaExecutor.h:535] Worker 3 latency: 571 us (50%) 717 us (75%) 834 us (95%) 861 us (99%).
I0911 22:39:11.443563 2937265 AriaExecutor.h:535] Worker 4 latency: 572 us (50%) 719 us (75%) 835 us (95%) 861 us (99%).
I0911 22:39:11.506028 2937265 AriaExecutor.h:535] Worker 5 latency: 569 us (50%) 717 us (75%) 834 us (95%) 861 us (99%).
I0911 22:39:11.579874 2937265 AriaExecutor.h:535] Worker 6 latency: 573 us (50%) 719 us (75%) 835 us (95%) 861 us (99%).
I0911 22:39:11.644436 2937265 AriaExecutor.h:535] Worker 7 latency: 570 us (50%) 716 us (75%) 834 us (95%) 861 us (99%).
I0911 22:39:11.708969 2937265 AriaExecutor.h:535] Worker 8 latency: 571 us (50%) 718 us (75%) 835 us (95%) 861 us (99%).
I0911 22:39:11.774883 2937265 AriaExecutor.h:535] Worker 9 latency: 569 us (50%) 716 us (75%) 834 us (95%) 861 us (99%).
I0911 22:39:11.848116 2937265 AriaExecutor.h:535] Worker 10 latency: 573 us (50%) 719 us (75%) 835 us (95%) 861 us (99%).
I0911 22:39:11.913340 2937265 AriaExecutor.h:535] Worker 11 latency: 570 us (50%) 717 us (75%) 834 us (95%) 861 us (99%).
I0911 22:39:11.988556 2937265 AriaExecutor.h:535] Worker 12 latency: 573 us (50%) 719 us (75%) 835 us (95%) 861 us (99%).
I0911 22:39:12.055002 2937265 AriaExecutor.h:535] Worker 13 latency: 568 us (50%) 716 us (75%) 834 us (95%) 861 us (99%).
I0911 22:39:12.128052 2937265 AriaExecutor.h:535] Worker 14 latency: 573 us (50%) 719 us (75%) 835 us (95%) 861 us (99%).
I0911 22:39:12.191694 2937265 AriaExecutor.h:535] Worker 15 latency: 570 us (50%) 717 us (75%) 834 us (95%) 861 us (99%).
I0911 22:39:12.255529 2937265 Coordinator.h:177] total commit: 1.08008e+06
I0911 22:39:13.255643 2937265 Coordinator.h:192] Coordinator exits.
