I1126 14:02:41.644117 954403 Database.h:65] ycsb initialization finished in 30 milliseconds.
I1126 14:02:41.644222 954403 Coordinator.h:30] Coordinator initializes 12 workers.
I1126 14:02:41.651160 954403 Coordinator.h:77] Coordinator starts to run 13 workers.
I1126 14:02:41.651217 954419 AriaExecutor.h:91] AriaExecutor 0 started. 
I1126 14:02:41.651245 954420 AriaExecutor.h:91] AriaExecutor 1 started. 
I1126 14:02:41.651324 954422 AriaExecutor.h:91] AriaExecutor 3 started. 
I1126 14:02:41.651377 954423 AriaExecutor.h:91] AriaExecutor 4 started. 
I1126 14:02:41.651417 954424 AriaExecutor.h:91] AriaExecutor 5 started. 
I1126 14:02:41.651466 954425 AriaExecutor.h:91] AriaExecutor 6 started. 
I1126 14:02:41.651495 954426 AriaExecutor.h:91] AriaExecutor 7 started. 
I1126 14:02:41.651536 954427 AriaExecutor.h:91] AriaExecutor 8 started. 
I1126 14:02:41.651579 954428 AriaExecutor.h:91] AriaExecutor 9 started. 
I1126 14:02:41.651612 954429 AriaExecutor.h:91] AriaExecutor 10 started. 
I1126 14:02:41.651659 954430 AriaExecutor.h:91] AriaExecutor 11 started. 
I1126 14:02:41.651686 954421 AriaExecutor.h:91] AriaExecutor 2 started. 
I1126 14:02:41.651691 954431 Manager.h:224] Manager(worker id = 12) on the coordinator node started.
I1126 14:02:42.651763 954403 Coordinator.h:126] commit: 968466 abort: 321604 (0/321604/0), network size: 0, avg network size: 0, si_in_serializable: 0 0 %, local: 0 %
I1126 14:02:43.651916 954403 Coordinator.h:126] commit: 968693 abort: 321237 (0/321237/0), network size: 0, avg network size: 0, si_in_serializable: 0 0 %, local: 0 %
I1126 14:02:44.652056 954403 Coordinator.h:126] commit: 980079 abort: 325444 (0/325444/0), network size: 0, avg network size: 0, si_in_serializable: 0 0 %, local: 0 %
I1126 14:02:45.652170 954403 Coordinator.h:126] commit: 977882 abort: 326595 (0/326595/0), network size: 0, avg network size: 0, si_in_serializable: 0 0 %, local: 0 %
I1126 14:02:46.652277 954403 Coordinator.h:126] commit: 983115 abort: 326885 (0/326885/0), network size: 0, avg network size: 0, si_in_serializable: 0 0 %, local: 0 %
I1126 14:02:47.652382 954403 Coordinator.h:126] commit: 967716 abort: 322284 (0/322284/0), network size: 0, avg network size: 0, si_in_serializable: 0 0 %, local: 0 %
I1126 14:02:48.652513 954403 Coordinator.h:126] commit: 961623 abort: 319224 (0/319224/0), network size: 0, avg network size: 0, si_in_serializable: 0 0 %, local: 0 %
I1126 14:02:49.652628 954403 Coordinator.h:126] commit: 982861 abort: 326292 (0/326292/0), network size: 0, avg network size: 0, si_in_serializable: 0 0 %, local: 0 %
I1126 14:02:50.652734 954403 Coordinator.h:126] commit: 983290 abort: 326840 (0/326840/0), network size: 0, avg network size: 0, si_in_serializable: 0 0 %, local: 0 %
I1126 14:02:51.652851 954403 Coordinator.h:126] commit: 982718 abort: 327152 (0/327152/0), network size: 0, avg network size: 0, si_in_serializable: 0 0 %, local: 0 %
I1126 14:02:52.652953 954403 Coordinator.h:126] commit: 982836 abort: 327164 (0/327164/0), network size: 0, avg network size: 0, si_in_serializable: 0 0 %, local: 0 %
I1126 14:02:53.653056 954403 Coordinator.h:126] commit: 982999 abort: 327100 (0/327100/0), network size: 0, avg network size: 0, si_in_serializable: 0 0 %, local: 0 %
I1126 14:02:54.653167 954403 Coordinator.h:126] commit: 953258 abort: 316643 (0/316643/0), network size: 0, avg network size: 0, si_in_serializable: 0 0 %, local: 0 %
I1126 14:02:55.653271 954403 Coordinator.h:126] commit: 983065 abort: 326935 (0/326935/0), network size: 0, avg network size: 0, si_in_serializable: 0 0 %, local: 0 %
I1126 14:02:56.653375 954403 Coordinator.h:126] commit: 981692 abort: 328308 (0/328308/0), network size: 0, avg network size: 0, si_in_serializable: 0 0 %, local: 0 %
I1126 14:02:57.653479 954403 Coordinator.h:126] commit: 990143 abort: 329857 (0/329857/0), network size: 0, avg network size: 0, si_in_serializable: 0 0 %, local: 0 %
I1126 14:02:58.653581 954403 Coordinator.h:126] commit: 976404 abort: 324718 (0/324718/0), network size: 0, avg network size: 0, si_in_serializable: 0 0 %, local: 0 %
I1126 14:02:59.653680 954403 Coordinator.h:126] commit: 982294 abort: 326584 (0/326584/0), network size: 0, avg network size: 0, si_in_serializable: 0 0 %, local: 0 %
I1126 14:03:00.653782 954403 Coordinator.h:126] commit: 982351 abort: 327649 (0/327649/0), network size: 0, avg network size: 0, si_in_serializable: 0 0 %, local: 0 %
I1126 14:03:01.653885 954403 Coordinator.h:126] commit: 975251 abort: 324749 (0/324749/0), network size: 0, avg network size: 0, si_in_serializable: 0 0 %, local: 0 %
I1126 14:03:02.654017 954403 Coordinator.h:126] commit: 968210 abort: 321790 (0/321790/0), network size: 0, avg network size: 0, si_in_serializable: 0 0 %, local: 0 %
I1126 14:03:03.654134 954403 Coordinator.h:126] commit: 974641 abort: 325359 (0/325359/0), network size: 0, avg network size: 0, si_in_serializable: 0 0 %, local: 0 %
I1126 14:03:04.654237 954403 Coordinator.h:126] commit: 974786 abort: 325214 (0/325214/0), network size: 0, avg network size: 0, si_in_serializable: 0 0 %, local: 0 %
I1126 14:03:05.654345 954403 Coordinator.h:126] commit: 975093 abort: 324907 (0/324907/0), network size: 0, avg network size: 0, si_in_serializable: 0 0 %, local: 0 %
I1126 14:03:06.654448 954403 Coordinator.h:126] commit: 982831 abort: 327169 (0/327169/0), network size: 0, avg network size: 0, si_in_serializable: 0 0 %, local: 0 %
I1126 14:03:06.654474 954403 Coordinator.h:152] average commit: 979029 abort: 325971 (0/325971/0), network size: 0, avg network size: 0, si_in_serializable: 0 0 %, local: 0 %
I1126 14:03:06.661079 954427 AriaExecutor.h:103] AriaExecutor 8 exits. 
I1126 14:03:06.661094 954430 AriaExecutor.h:103] AriaExecutor 11 exits. 
I1126 14:03:06.661082 954423 AriaExecutor.h:103] AriaExecutor 4 exits. 
I1126 14:03:06.661087 954429 AriaExecutor.h:103] AriaExecutor 10 exits. 
I1126 14:03:06.661084 954425 AriaExecutor.h:103] AriaExecutor 6 exits. 
I1126 14:03:06.661090 954431 Manager.h:227] Manager(worker id = 12) on the coordinator node exits.
I1126 14:03:06.661095 954422 AriaExecutor.h:103] AriaExecutor 3 exits. 
I1126 14:03:06.661094 954426 AriaExecutor.h:103] AriaExecutor 7 exits. 
I1126 14:03:06.661095 954424 AriaExecutor.h:103] AriaExecutor 5 exits. 
I1126 14:03:06.661093 954420 AriaExecutor.h:103] AriaExecutor 1 exits. 
I1126 14:03:06.661079 954419 AriaExecutor.h:103] AriaExecutor 0 exits. 
I1126 14:03:06.661095 954428 AriaExecutor.h:103] AriaExecutor 9 exits. 
I1126 14:03:06.661082 954421 AriaExecutor.h:103] AriaExecutor 2 exits. 
I1126 14:03:06.654486 954403 AriaExecutor.h:649] Worker 0 latency: 5967 us (50%) 6414 us (75%) 6733 us (95%) 6841 us (99%).
I1126 14:03:06.732962 954403 AriaExecutor.h:649] Worker 1 latency: 5947 us (50%) 6401 us (75%) 6726 us (95%) 6832 us (99%).
I1126 14:03:06.819612 954403 AriaExecutor.h:649] Worker 2 latency: 5974 us (50%) 6414 us (75%) 6730 us (95%) 6836 us (99%).
I1126 14:03:06.896816 954403 AriaExecutor.h:649] Worker 3 latency: 5945 us (50%) 6401 us (75%) 6727 us (95%) 6836 us (99%).
I1126 14:03:06.982275 954403 AriaExecutor.h:649] Worker 4 latency: 5967 us (50%) 6412 us (75%) 6731 us (95%) 6838 us (99%).
I1126 14:03:07.060855 954403 AriaExecutor.h:649] Worker 5 latency: 5943 us (50%) 6398 us (75%) 6725 us (95%) 6831 us (99%).
I1126 14:03:07.147351 954403 AriaExecutor.h:649] Worker 6 latency: 5982 us (50%) 6419 us (75%) 6732 us (95%) 6838 us (99%).
I1126 14:03:07.224125 954403 AriaExecutor.h:649] Worker 7 latency: 5943 us (50%) 6399 us (75%) 6726 us (95%) 6835 us (99%).
I1126 14:03:07.309167 954403 AriaExecutor.h:649] Worker 8 latency: 5967 us (50%) 6412 us (75%) 6731 us (95%) 6837 us (99%).
I1126 14:03:07.387027 954403 AriaExecutor.h:649] Worker 9 latency: 5948 us (50%) 6402 us (75%) 6728 us (95%) 6838 us (99%).
I1126 14:03:07.472764 954403 AriaExecutor.h:649] Worker 10 latency: 5973 us (50%) 6416 us (75%) 6730 us (95%) 6838 us (99%).
I1126 14:03:07.550179 954403 AriaExecutor.h:649] Worker 11 latency: 5948 us (50%) 6403 us (75%) 6727 us (95%) 6834 us (99%).
I1126 14:03:07.635514 954403 Coordinator.h:177] total commit: 979029
I1126 14:03:08.635623 954403 Coordinator.h:192] Coordinator exits.
