I0911 23:50:46.928485 2951156 Database.h:65] ycsb initialization finished in 146 milliseconds.
I0911 23:50:46.928606 2951156 Coordinator.h:30] Coordinator initializes 16 workers.
I0911 23:50:46.961083 2951156 Coordinator.h:77] Coordinator starts to run 17 workers.
I0911 23:50:46.961145 2951177 AriaExecutor.h:82] AriaExecutor 0 started. 
I0911 23:50:46.961184 2951178 AriaExecutor.h:82] AriaExecutor 1 started. 
I0911 23:50:46.961226 2951179 AriaExecutor.h:82] AriaExecutor 2 started. 
I0911 23:50:46.961287 2951180 AriaExecutor.h:82] AriaExecutor 3 started. 
I0911 23:50:46.961316 2951181 AriaExecutor.h:82] AriaExecutor 4 started. 
I0911 23:50:46.961359 2951182 AriaExecutor.h:82] AriaExecutor 5 started. 
I0911 23:50:46.961392 2951183 AriaExecutor.h:82] AriaExecutor 6 started. 
I0911 23:50:46.961436 2951184 AriaExecutor.h:82] AriaExecutor 7 started. 
I0911 23:50:46.961469 2951185 AriaExecutor.h:82] AriaExecutor 8 started. 
I0911 23:50:46.961527 2951186 AriaExecutor.h:82] AriaExecutor 9 started. 
I0911 23:50:46.961560 2951187 AriaExecutor.h:82] AriaExecutor 10 started. 
I0911 23:50:46.961601 2951188 AriaExecutor.h:82] AriaExecutor 11 started. 
I0911 23:50:46.961637 2951189 AriaExecutor.h:82] AriaExecutor 12 started. 
I0911 23:50:46.961683 2951190 AriaExecutor.h:82] AriaExecutor 13 started. 
I0911 23:50:46.961717 2951191 AriaExecutor.h:82] AriaExecutor 14 started. 
I0911 23:50:46.961762 2951192 AriaExecutor.h:82] AriaExecutor 15 started. 
I0911 23:50:46.961796 2951193 Manager.h:224] Manager(worker id = 16) on the coordinator node started.
I0911 23:50:47.961865 2951156 Coordinator.h:126] commit: 35511 abort: 181577 (0/181577/0), network size: 0, avg network size: 0, si_in_serializable: 0 0 %, local: 0 %
I0911 23:50:48.962006 2951156 Coordinator.h:126] commit: 38138 abort: 195334 (0/195334/0), network size: 0, avg network size: 0, si_in_serializable: 0 0 %, local: 0 %
I0911 23:50:49.962098 2951156 Coordinator.h:126] commit: 37157 abort: 192219 (0/192219/0), network size: 0, avg network size: 0, si_in_serializable: 0 0 %, local: 0 %
I0911 23:50:50.962180 2951156 Coordinator.h:126] commit: 36856 abort: 188424 (0/188424/0), network size: 0, avg network size: 0, si_in_serializable: 0 0 %, local: 0 %
I0911 23:50:51.962297 2951156 Coordinator.h:126] commit: 39486 abort: 202178 (0/202178/0), network size: 0, avg network size: 0, si_in_serializable: 0 0 %, local: 0 %
I0911 23:50:52.962385 2951156 Coordinator.h:126] commit: 38796 abort: 198772 (0/198772/0), network size: 0, avg network size: 0, si_in_serializable: 0 0 %, local: 0 %
I0911 23:50:53.962466 2951156 Coordinator.h:126] commit: 39461 abort: 202203 (0/202203/0), network size: 0, avg network size: 0, si_in_serializable: 0 0 %, local: 0 %
I0911 23:50:54.962549 2951156 Coordinator.h:126] commit: 39345 abort: 202319 (0/202319/0), network size: 0, avg network size: 0, si_in_serializable: 0 0 %, local: 0 %
I0911 23:50:55.962633 2951156 Coordinator.h:126] commit: 40204 abort: 205556 (0/205556/0), network size: 0, avg network size: 0, si_in_serializable: 0 0 %, local: 0 %
I0911 23:50:56.962723 2951156 Coordinator.h:126] commit: 38031 abort: 195441 (0/195441/0), network size: 0, avg network size: 0, si_in_serializable: 0 0 %, local: 0 %
I0911 23:50:57.962806 2951156 Coordinator.h:126] commit: 40144 abort: 205616 (0/205616/0), network size: 0, avg network size: 0, si_in_serializable: 0 0 %, local: 0 %
I0911 23:50:58.962901 2951156 Coordinator.h:126] commit: 38757 abort: 198811 (0/198811/0), network size: 0, avg network size: 0, si_in_serializable: 0 0 %, local: 0 %
I0911 23:50:59.962987 2951156 Coordinator.h:126] commit: 39452 abort: 202212 (0/202212/0), network size: 0, avg network size: 0, si_in_serializable: 0 0 %, local: 0 %
I0911 23:51:00.963094 2951156 Coordinator.h:126] commit: 40144 abort: 205616 (0/205616/0), network size: 0, avg network size: 0, si_in_serializable: 0 0 %, local: 0 %
I0911 23:51:01.963184 2951156 Coordinator.h:126] commit: 39446 abort: 202218 (0/202218/0), network size: 0, avg network size: 0, si_in_serializable: 0 0 %, local: 0 %
I0911 23:51:02.963270 2951156 Coordinator.h:126] commit: 39780 abort: 205980 (0/205980/0), network size: 0, avg network size: 0, si_in_serializable: 0 0 %, local: 0 %
I0911 23:51:03.963349 2951156 Coordinator.h:126] commit: 39538 abort: 202126 (0/202126/0), network size: 0, avg network size: 0, si_in_serializable: 0 0 %, local: 0 %
I0911 23:51:04.963423 2951156 Coordinator.h:126] commit: 40092 abort: 205668 (0/205668/0), network size: 0, avg network size: 0, si_in_serializable: 0 0 %, local: 0 %
I0911 23:51:05.963500 2951156 Coordinator.h:126] commit: 39425 abort: 202239 (0/202239/0), network size: 0, avg network size: 0, si_in_serializable: 0 0 %, local: 0 %
I0911 23:51:06.963575 2951156 Coordinator.h:126] commit: 39991 abort: 205769 (0/205769/0), network size: 0, avg network size: 0, si_in_serializable: 0 0 %, local: 0 %
I0911 23:51:07.963660 2951156 Coordinator.h:126] commit: 39110 abort: 202554 (0/202554/0), network size: 0, avg network size: 0, si_in_serializable: 0 0 %, local: 0 %
I0911 23:51:08.963737 2951156 Coordinator.h:126] commit: 39591 abort: 202073 (0/202073/0), network size: 0, avg network size: 0, si_in_serializable: 0 0 %, local: 0 %
I0911 23:51:09.963817 2951156 Coordinator.h:126] commit: 38624 abort: 198944 (0/198944/0), network size: 0, avg network size: 0, si_in_serializable: 0 0 %, local: 0 %
I0911 23:51:10.963899 2951156 Coordinator.h:126] commit: 39344 abort: 202320 (0/202320/0), network size: 0, avg network size: 0, si_in_serializable: 0 0 %, local: 0 %
I0911 23:51:11.964006 2951156 Coordinator.h:126] commit: 40038 abort: 205722 (0/205722/0), network size: 0, avg network size: 0, si_in_serializable: 0 0 %, local: 0 %
I0911 23:51:11.964026 2951156 Coordinator.h:152] average commit: 39676.9 abort: 203626 (0/203626/0), network size: 0, avg network size: 0, si_in_serializable: 0 0 %, local: 0 %
I0911 23:51:11.964035 2951156 AriaExecutor.h:641] Worker 0 latency: 15250 us (50%) 16155 us (75%) 16679 us (95%) 18315 us (99%).
I0911 23:51:11.980316 2951179 AriaExecutor.h:94] AriaExecutor 2 exits. 
I0911 23:51:11.980332 2951188 AriaExecutor.h:94] AriaExecutor 11 exits. 
I0911 23:51:11.980355 2951190 AriaExecutor.h:94] AriaExecutor 13 exits. 
I0911 23:51:11.980332 2951182 AriaExecutor.h:94] AriaExecutor 5 exits. 
I0911 23:51:11.980319 2951187 AriaExecutor.h:94] AriaExecutor 10 exits. 
I0911 23:51:11.980337 2951177 AriaExecutor.h:94] AriaExecutor 0 exits. 
I0911 23:51:11.980316 2951189 AriaExecutor.h:94] AriaExecutor 12 exits. 
I0911 23:51:11.980316 2951191 AriaExecutor.h:94] AriaExecutor 14 exits. 
I0911 23:51:11.980332 2951184 AriaExecutor.h:94] AriaExecutor 7 exits. 
I0911 23:51:11.980317 2951183 AriaExecutor.h:94] AriaExecutor 6 exits. 
I0911 23:51:11.980335 2951181 AriaExecutor.h:94] AriaExecutor 4 exits. 
I0911 23:51:11.980340 2951185 AriaExecutor.h:94] AriaExecutor 8 exits. 
I0911 23:51:11.980365 2951192 AriaExecutor.h:94] AriaExecutor 15 exits. 
I0911 23:51:11.980333 2951178 AriaExecutor.h:94] AriaExecutor 1 exits. 
I0911 23:51:11.980356 2951180 AriaExecutor.h:94] AriaExecutor 3 exits. 
I0911 23:51:11.980319 2951193 Manager.h:227] Manager(worker id = 16) on the coordinator node exits.
I0911 23:51:11.980369 2951186 AriaExecutor.h:94] AriaExecutor 9 exits. 
I0911 23:51:11.980681 2951156 AriaExecutor.h:641] Worker 1 latency: 15257 us (50%) 16153 us (75%) 16676 us (95%) 18317 us (99%).
I0911 23:51:11.984400 2951156 AriaExecutor.h:641] Worker 2 latency: 15264 us (50%) 16158 us (75%) 16685 us (95%) 18323 us (99%).
I0911 23:51:11.987848 2951156 AriaExecutor.h:641] Worker 3 latency: 15245 us (50%) 16150 us (75%) 16678 us (95%) 18323 us (99%).
I0911 23:51:11.991590 2951156 AriaExecutor.h:641] Worker 4 latency: 15234 us (50%) 16146 us (75%) 16679 us (95%) 18333 us (99%).
I0911 23:51:11.995011 2951156 AriaExecutor.h:641] Worker 5 latency: 15242 us (50%) 16151 us (75%) 16677 us (95%) 18318 us (99%).
I0911 23:51:11.998678 2951156 AriaExecutor.h:641] Worker 6 latency: 15254 us (50%) 16152 us (75%) 16677 us (95%) 18323 us (99%).
I0911 23:51:12.002079 2951156 AriaExecutor.h:641] Worker 7 latency: 15234 us (50%) 16148 us (75%) 16682 us (95%) 18325 us (99%).
I0911 23:51:12.005754 2951156 AriaExecutor.h:641] Worker 8 latency: 15228 us (50%) 16147 us (75%) 16670 us (95%) 18306 us (99%).
I0911 23:51:12.009128 2951156 AriaExecutor.h:641] Worker 9 latency: 15231 us (50%) 16149 us (75%) 16677 us (95%) 18336 us (99%).
I0911 23:51:12.012698 2951156 AriaExecutor.h:641] Worker 10 latency: 15255 us (50%) 16148 us (75%) 16672 us (95%) 18320 us (99%).
I0911 23:51:12.016024 2951156 AriaExecutor.h:641] Worker 11 latency: 15241 us (50%) 16147 us (75%) 16676 us (95%) 18327 us (99%).
I0911 23:51:12.019625 2951156 AriaExecutor.h:641] Worker 12 latency: 15257 us (50%) 16154 us (75%) 16682 us (95%) 18336 us (99%).
I0911 23:51:12.023028 2951156 AriaExecutor.h:641] Worker 13 latency: 15221 us (50%) 16141 us (75%) 16674 us (95%) 18337 us (99%).
I0911 23:51:12.026736 2951156 AriaExecutor.h:641] Worker 14 latency: 15252 us (50%) 16149 us (75%) 16683 us (95%) 18347 us (99%).
I0911 23:51:12.030131 2951156 AriaExecutor.h:641] Worker 15 latency: 15227 us (50%) 16144 us (75%) 16675 us (95%) 18292 us (99%).
I0911 23:51:12.033767 2951156 Coordinator.h:177] total commit: 39676.9
I0911 23:51:13.033880 2951156 Coordinator.h:192] Coordinator exits.
