I0911 23:59:53.104483 2952872 Database.h:65] ycsb initialization finished in 146 milliseconds.
I0911 23:59:53.104606 2952872 Coordinator.h:30] Coordinator initializes 16 workers.
I0911 23:59:53.135586 2952872 Coordinator.h:77] Coordinator starts to run 17 workers.
I0911 23:59:53.135639 2952894 AriaExecutor.h:82] AriaExecutor 0 started. 
I0911 23:59:53.135680 2952895 AriaExecutor.h:82] AriaExecutor 1 started. 
I0911 23:59:53.135727 2952896 AriaExecutor.h:82] AriaExecutor 2 started. 
I0911 23:59:53.135771 2952897 AriaExecutor.h:82] AriaExecutor 3 started. 
I0911 23:59:53.135809 2952898 AriaExecutor.h:82] AriaExecutor 4 started. 
I0911 23:59:53.135847 2952899 AriaExecutor.h:82] AriaExecutor 5 started. 
I0911 23:59:53.135890 2952900 AriaExecutor.h:82] AriaExecutor 6 started. 
I0911 23:59:53.135936 2952901 AriaExecutor.h:82] AriaExecutor 7 started. 
I0911 23:59:53.135967 2952902 AriaExecutor.h:82] AriaExecutor 8 started. 
I0911 23:59:53.136014 2952903 AriaExecutor.h:82] AriaExecutor 9 started. 
I0911 23:59:53.136047 2952904 AriaExecutor.h:82] AriaExecutor 10 started. 
I0911 23:59:53.136087 2952905 AriaExecutor.h:82] AriaExecutor 11 started. 
I0911 23:59:53.136132 2952906 AriaExecutor.h:82] AriaExecutor 12 started. 
I0911 23:59:53.136169 2952907 AriaExecutor.h:82] AriaExecutor 13 started. 
I0911 23:59:53.136204 2952908 AriaExecutor.h:82] AriaExecutor 14 started. 
I0911 23:59:53.136241 2952909 AriaExecutor.h:82] AriaExecutor 15 started. 
I0911 23:59:53.136278 2952910 Manager.h:224] Manager(worker id = 16) on the coordinator node started.
I0911 23:59:54.136332 2952872 Coordinator.h:126] commit: 815466 abort: 286471 (0/286471/0), network size: 0, avg network size: 0, si_in_serializable: 0 0 %, local: 0 %
I0911 23:59:55.136441 2952872 Coordinator.h:126] commit: 811995 abort: 285620 (0/285620/0), network size: 0, avg network size: 0, si_in_serializable: 0 0 %, local: 0 %
I0911 23:59:56.136530 2952872 Coordinator.h:126] commit: 788216 abort: 276744 (0/276744/0), network size: 0, avg network size: 0, si_in_serializable: 0 0 %, local: 0 %
I0911 23:59:57.136598 2952872 Coordinator.h:126] commit: 790644 abort: 278412 (0/278412/0), network size: 0, avg network size: 0, si_in_serializable: 0 0 %, local: 0 %
I0911 23:59:58.136693 2952872 Coordinator.h:126] commit: 817666 abort: 288254 (0/288254/0), network size: 0, avg network size: 0, si_in_serializable: 0 0 %, local: 0 %
I0911 23:59:59.136772 2952872 Coordinator.h:126] commit: 815075 abort: 286749 (0/286749/0), network size: 0, avg network size: 0, si_in_serializable: 0 0 %, local: 0 %
I0912 00:00:00.136842 2952872 Coordinator.h:126] commit: 818788 abort: 287564 (0/287564/0), network size: 0, avg network size: 0, si_in_serializable: 0 0 %, local: 0 %
I0912 00:00:01.136909 2952872 Coordinator.h:126] commit: 821597 abort: 287987 (0/287987/0), network size: 0, avg network size: 0, si_in_serializable: 0 0 %, local: 0 %
I0912 00:00:02.136978 2952872 Coordinator.h:126] commit: 805529 abort: 284007 (0/284007/0), network size: 0, avg network size: 0, si_in_serializable: 0 0 %, local: 0 %
I0912 00:00:03.137053 2952872 Coordinator.h:126] commit: 800175 abort: 281169 (0/281169/0), network size: 0, avg network size: 0, si_in_serializable: 0 0 %, local: 0 %
I0912 00:00:04.137127 2952872 Coordinator.h:126] commit: 794985 abort: 278167 (0/278167/0), network size: 0, avg network size: 0, si_in_serializable: 0 0 %, local: 0 %
I0912 00:00:05.137199 2952872 Coordinator.h:126] commit: 808312 abort: 284572 (0/284572/0), network size: 0, avg network size: 0, si_in_serializable: 0 0 %, local: 0 %
I0912 00:00:06.137288 2952872 Coordinator.h:126] commit: 818006 abort: 288662 (0/288662/0), network size: 0, avg network size: 0, si_in_serializable: 0 0 %, local: 0 %
I0912 00:00:07.137363 2952872 Coordinator.h:126] commit: 820722 abort: 289294 (0/289294/0), network size: 0, avg network size: 0, si_in_serializable: 0 0 %, local: 0 %
I0912 00:00:08.137430 2952872 Coordinator.h:126] commit: 821640 abort: 288376 (0/288376/0), network size: 0, avg network size: 0, si_in_serializable: 0 0 %, local: 0 %
I0912 00:00:09.137498 2952872 Coordinator.h:126] commit: 824743 abort: 289369 (0/289369/0), network size: 0, avg network size: 0, si_in_serializable: 0 0 %, local: 0 %
I0912 00:00:10.137566 2952872 Coordinator.h:126] commit: 824405 abort: 289707 (0/289707/0), network size: 0, avg network size: 0, si_in_serializable: 0 0 %, local: 0 %
I0912 00:00:11.137634 2952872 Coordinator.h:126] commit: 822411 abort: 287605 (0/287605/0), network size: 0, avg network size: 0, si_in_serializable: 0 0 %, local: 0 %
I0912 00:00:12.137704 2952872 Coordinator.h:126] commit: 817846 abort: 288074 (0/288074/0), network size: 0, avg network size: 0, si_in_serializable: 0 0 %, local: 0 %
I0912 00:00:13.137778 2952872 Coordinator.h:126] commit: 821105 abort: 288911 (0/288911/0), network size: 0, avg network size: 0, si_in_serializable: 0 0 %, local: 0 %
I0912 00:00:14.137852 2952872 Coordinator.h:126] commit: 752628 abort: 263180 (0/263180/0), network size: 0, avg network size: 0, si_in_serializable: 0 0 %, local: 0 %
I0912 00:00:15.137923 2952872 Coordinator.h:126] commit: 820905 abort: 289111 (0/289111/0), network size: 0, avg network size: 0, si_in_serializable: 0 0 %, local: 0 %
I0912 00:00:16.137995 2952872 Coordinator.h:126] commit: 825468 abort: 288644 (0/288644/0), network size: 0, avg network size: 0, si_in_serializable: 0 0 %, local: 0 %
I0912 00:00:17.138067 2952872 Coordinator.h:126] commit: 820799 abort: 289217 (0/289217/0), network size: 0, avg network size: 0, si_in_serializable: 0 0 %, local: 0 %
I0912 00:00:18.138139 2952872 Coordinator.h:126] commit: 820550 abort: 289466 (0/289466/0), network size: 0, avg network size: 0, si_in_serializable: 0 0 %, local: 0 %
I0912 00:00:18.138149 2952872 Coordinator.h:152] average commit: 817418 abort: 287274 (0/287274/0), network size: 0, avg network size: 0, si_in_serializable: 0 0 %, local: 0 %
I0912 00:00:18.139580 2952908 AriaExecutor.h:94] AriaExecutor 14 exits. 
I0912 00:00:18.139580 2952898 AriaExecutor.h:94] AriaExecutor 4 exits. 
I0912 00:00:18.139585 2952902 AriaExecutor.h:94] AriaExecutor 8 exits. 
I0912 00:00:18.139582 2952910 Manager.h:227] Manager(worker id = 16) on the coordinator node exits.
I0912 00:00:18.139596 2952907 AriaExecutor.h:94] AriaExecutor 13 exits. 
I0912 00:00:18.139596 2952903 AriaExecutor.h:94] AriaExecutor 9 exits. 
I0912 00:00:18.139596 2952897 AriaExecutor.h:94] AriaExecutor 3 exits. 
I0912 00:00:18.139596 2952909 AriaExecutor.h:94] AriaExecutor 15 exits. 
I0912 00:00:18.139581 2952906 AriaExecutor.h:94] AriaExecutor 12 exits. 
I0912 00:00:18.139596 2952905 AriaExecutor.h:94] AriaExecutor 11 exits. 
I0912 00:00:18.139596 2952901 AriaExecutor.h:94] AriaExecutor 7 exits. 
I0912 00:00:18.139596 2952895 AriaExecutor.h:94] AriaExecutor 1 exits. 
I0912 00:00:18.139596 2952899 AriaExecutor.h:94] AriaExecutor 5 exits. 
I0912 00:00:18.139585 2952904 AriaExecutor.h:94] AriaExecutor 10 exits. 
I0912 00:00:18.139577 2952900 AriaExecutor.h:94] AriaExecutor 6 exits. 
I0912 00:00:18.139581 2952894 AriaExecutor.h:94] AriaExecutor 0 exits. 
I0912 00:00:18.139581 2952896 AriaExecutor.h:94] AriaExecutor 2 exits. 
I0912 00:00:18.138156 2952872 AriaExecutor.h:641] Worker 0 latency: 2478 us (50%) 3047 us (75%) 3446 us (95%) 3546 us (99%).
I0912 00:00:18.190677 2952872 AriaExecutor.h:641] Worker 1 latency: 2477 us (50%) 3047 us (75%) 3445 us (95%) 3544 us (99%).
I0912 00:00:18.243386 2952872 AriaExecutor.h:641] Worker 2 latency: 2488 us (50%) 3051 us (75%) 3447 us (95%) 3545 us (99%).
I0912 00:00:18.296154 2952872 AriaExecutor.h:641] Worker 3 latency: 2480 us (50%) 3048 us (75%) 3446 us (95%) 3545 us (99%).
I0912 00:00:18.348866 2952872 AriaExecutor.h:641] Worker 4 latency: 2480 us (50%) 3048 us (75%) 3446 us (95%) 3545 us (99%).
I0912 00:00:18.400678 2952872 AriaExecutor.h:641] Worker 5 latency: 2472 us (50%) 3044 us (75%) 3445 us (95%) 3543 us (99%).
I0912 00:00:18.454489 2952872 AriaExecutor.h:641] Worker 6 latency: 2489 us (50%) 3051 us (75%) 3447 us (95%) 3545 us (99%).
I0912 00:00:18.506319 2952872 AriaExecutor.h:641] Worker 7 latency: 2475 us (50%) 3045 us (75%) 3445 us (95%) 3544 us (99%).
I0912 00:00:18.559939 2952872 AriaExecutor.h:641] Worker 8 latency: 2481 us (50%) 3048 us (75%) 3446 us (95%) 3545 us (99%).
I0912 00:00:18.612735 2952872 AriaExecutor.h:641] Worker 9 latency: 2471 us (50%) 3042 us (75%) 3444 us (95%) 3545 us (99%).
I0912 00:00:18.665674 2952872 AriaExecutor.h:641] Worker 10 latency: 2487 us (50%) 3050 us (75%) 3446 us (95%) 3544 us (99%).
I0912 00:00:18.718073 2952872 AriaExecutor.h:641] Worker 11 latency: 2477 us (50%) 3044 us (75%) 3444 us (95%) 3544 us (99%).
I0912 00:00:18.770925 2952872 AriaExecutor.h:641] Worker 12 latency: 2484 us (50%) 3048 us (75%) 3445 us (95%) 3544 us (99%).
I0912 00:00:18.822849 2952872 AriaExecutor.h:641] Worker 13 latency: 2470 us (50%) 3041 us (75%) 3444 us (95%) 3543 us (99%).
I0912 00:00:18.876498 2952872 AriaExecutor.h:641] Worker 14 latency: 2487 us (50%) 3050 us (75%) 3446 us (95%) 3545 us (99%).
I0912 00:00:18.929358 2952872 AriaExecutor.h:641] Worker 15 latency: 2479 us (50%) 3046 us (75%) 3444 us (95%) 3543 us (99%).
I0912 00:00:18.981528 2952872 Coordinator.h:177] total commit: 817418
I0912 00:00:19.981642 2952872 Coordinator.h:192] Coordinator exits.
