I1126 15:21:54.639890 1002569 Database.h:65] ycsb initialization finished in 29 milliseconds.
I1126 15:21:54.639989 1002569 Coordinator.h:30] Coordinator initializes 12 workers.
I1126 15:21:54.640885 1002569 Coordinator.h:77] Coordinator starts to run 13 workers.
I1126 15:21:54.640936 1002585 AriaExecutor.h:95] AriaExecutor 0 started. 
I1126 15:21:54.640972 1002586 AriaExecutor.h:95] AriaExecutor 1 started. 
I1126 15:21:54.641012 1002587 AriaExecutor.h:95] AriaExecutor 2 started. 
I1126 15:21:54.641067 1002588 AriaExecutor.h:95] AriaExecutor 3 started. 
I1126 15:21:54.641111 1002589 AriaExecutor.h:95] AriaExecutor 4 started. 
I1126 15:21:54.641162 1002590 AriaExecutor.h:95] AriaExecutor 5 started. 
I1126 15:21:54.641208 1002591 AriaExecutor.h:95] AriaExecutor 6 started. 
I1126 15:21:54.641263 1002592 AriaExecutor.h:95] AriaExecutor 7 started. 
I1126 15:21:54.641309 1002593 AriaExecutor.h:95] AriaExecutor 8 started. 
I1126 15:21:54.641363 1002594 AriaExecutor.h:95] AriaExecutor 9 started. 
I1126 15:21:54.641412 1002595 AriaExecutor.h:95] AriaExecutor 10 started. 
I1126 15:21:54.641465 1002596 AriaExecutor.h:95] AriaExecutor 11 started. 
I1126 15:21:54.641510 1002597 Manager.h:224] Manager(worker id = 12) on the coordinator node started.
I1126 15:21:55.641572 1002569 Coordinator.h:126] commit: 1222136 abort: 39864 (0/39864/0), network size: 0, avg network size: 0, si_in_serializable: 0 0 %, local: 0 %
I1126 15:21:56.641693 1002569 Coordinator.h:126] commit: 1208069 abort: 39931 (0/39931/0), network size: 0, avg network size: 0, si_in_serializable: 0 0 %, local: 0 %
I1126 15:21:57.641820 1002569 Coordinator.h:126] commit: 1217017 abort: 39983 (0/39983/0), network size: 0, avg network size: 0, si_in_serializable: 0 0 %, local: 0 %
I1126 15:21:58.641932 1002569 Coordinator.h:126] commit: 1234080 abort: 40920 (0/40920/0), network size: 0, avg network size: 0, si_in_serializable: 0 0 %, local: 0 %
I1126 15:21:59.642030 1002569 Coordinator.h:126] commit: 1233381 abort: 40619 (0/40619/0), network size: 0, avg network size: 0, si_in_serializable: 0 0 %, local: 0 %
I1126 15:22:00.642125 1002569 Coordinator.h:126] commit: 1207450 abort: 39550 (0/39550/0), network size: 0, avg network size: 0, si_in_serializable: 0 0 %, local: 0 %
I1126 15:22:01.642270 1002569 Coordinator.h:126] commit: 1213846 abort: 40154 (0/40154/0), network size: 0, avg network size: 0, si_in_serializable: 0 0 %, local: 0 %
I1126 15:22:02.642374 1002569 Coordinator.h:126] commit: 1233147 abort: 40853 (0/40853/0), network size: 0, avg network size: 0, si_in_serializable: 0 0 %, local: 0 %
I1126 15:22:03.642475 1002569 Coordinator.h:126] commit: 1227140 abort: 40860 (0/40860/0), network size: 0, avg network size: 0, si_in_serializable: 0 0 %, local: 0 %
I1126 15:22:04.642570 1002569 Coordinator.h:126] commit: 1231536 abort: 40464 (0/40464/0), network size: 0, avg network size: 0, si_in_serializable: 0 0 %, local: 0 %
I1126 15:22:05.642673 1002569 Coordinator.h:126] commit: 1155672 abort: 38328 (0/38328/0), network size: 0, avg network size: 0, si_in_serializable: 0 0 %, local: 0 %
I1126 15:22:06.642767 1002569 Coordinator.h:126] commit: 1230828 abort: 41172 (0/41172/0), network size: 0, avg network size: 0, si_in_serializable: 0 0 %, local: 0 %
I1126 15:22:07.642867 1002569 Coordinator.h:126] commit: 1231322 abort: 40678 (0/40678/0), network size: 0, avg network size: 0, si_in_serializable: 0 0 %, local: 0 %
I1126 15:22:08.642962 1002569 Coordinator.h:126] commit: 1213789 abort: 40211 (0/40211/0), network size: 0, avg network size: 0, si_in_serializable: 0 0 %, local: 0 %
I1126 15:22:09.643085 1002569 Coordinator.h:126] commit: 1227781 abort: 40219 (0/40219/0), network size: 0, avg network size: 0, si_in_serializable: 0 0 %, local: 0 %
I1126 15:22:10.643191 1002569 Coordinator.h:126] commit: 1230186 abort: 40814 (0/40814/0), network size: 0, avg network size: 0, si_in_serializable: 0 0 %, local: 0 %
I1126 15:22:11.643288 1002569 Coordinator.h:126] commit: 1227847 abort: 40555 (0/40555/0), network size: 0, avg network size: 0, si_in_serializable: 0 0 %, local: 0 %
I1126 15:22:12.643379 1002569 Coordinator.h:126] commit: 1230672 abort: 40925 (0/40925/0), network size: 0, avg network size: 0, si_in_serializable: 0 0 %, local: 0 %
I1126 15:22:13.643476 1002569 Coordinator.h:126] commit: 1230345 abort: 40074 (0/40074/0), network size: 0, avg network size: 0, si_in_serializable: 0 0 %, local: 0 %
I1126 15:22:14.643570 1002569 Coordinator.h:126] commit: 1230578 abort: 41003 (0/41003/0), network size: 0, avg network size: 0, si_in_serializable: 0 0 %, local: 0 %
I1126 15:22:15.643666 1002569 Coordinator.h:126] commit: 1061636 abort: 35364 (0/35364/0), network size: 0, avg network size: 0, si_in_serializable: 0 0 %, local: 0 %
I1126 15:22:16.643759 1002569 Coordinator.h:126] commit: 1230089 abort: 40911 (0/40911/0), network size: 0, avg network size: 0, si_in_serializable: 0 0 %, local: 0 %
I1126 15:22:17.643857 1002569 Coordinator.h:126] commit: 1231153 abort: 40847 (0/40847/0), network size: 0, avg network size: 0, si_in_serializable: 0 0 %, local: 0 %
I1126 15:22:18.643965 1002569 Coordinator.h:126] commit: 1229170 abort: 40830 (0/40830/0), network size: 0, avg network size: 0, si_in_serializable: 0 0 %, local: 0 %
I1126 15:22:19.644058 1002569 Coordinator.h:126] commit: 1231726 abort: 40274 (0/40274/0), network size: 0, avg network size: 0, si_in_serializable: 0 0 %, local: 0 %
I1126 15:22:19.644081 1002569 Coordinator.h:152] average commit: 1.2209e+06 abort: 40397.9 (0/40397.9/0), network size: 0, avg network size: 0, si_in_serializable: 0 0 %, local: 0 %
I1126 15:22:19.644877 1002595 AriaExecutor.h:107] AriaExecutor 10 exits. 
I1126 15:22:19.644881 1002585 AriaExecutor.h:107] AriaExecutor 0 exits. 
I1126 15:22:19.644881 1002591 AriaExecutor.h:107] AriaExecutor 6 exits. 
I1126 15:22:19.644884 1002593 AriaExecutor.h:107] AriaExecutor 8 exits. 
I1126 15:22:19.644893 1002596 AriaExecutor.h:107] AriaExecutor 11 exits. 
I1126 15:22:19.644896 1002597 Manager.h:227] Manager(worker id = 12) on the coordinator node exits.
I1126 15:22:19.644894 1002590 AriaExecutor.h:107] AriaExecutor 5 exits. 
I1126 15:22:19.644894 1002592 AriaExecutor.h:107] AriaExecutor 7 exits. 
I1126 15:22:19.644893 1002586 AriaExecutor.h:107] AriaExecutor 1 exits. 
I1126 15:22:19.644893 1002594 AriaExecutor.h:107] AriaExecutor 9 exits. 
I1126 15:22:19.644894 1002588 AriaExecutor.h:107] AriaExecutor 3 exits. 
I1126 15:22:19.644882 1002589 AriaExecutor.h:107] AriaExecutor 4 exits. 
I1126 15:22:19.644881 1002587 AriaExecutor.h:107] AriaExecutor 2 exits. 
I1126 15:22:19.644093 1002569 AriaExecutor.h:705] Worker 0 latency: 597 us (50%) 651 us (75%) 696 us (95%) 713 us (99%).
I1126 15:22:19.734153 1002569 AriaExecutor.h:705] Worker 1 latency: 594 us (50%) 648 us (75%) 694 us (95%) 711 us (99%).
I1126 15:22:19.823629 1002569 AriaExecutor.h:705] Worker 2 latency: 597 us (50%) 650 us (75%) 695 us (95%) 712 us (99%).
I1126 15:22:19.912911 1002569 AriaExecutor.h:705] Worker 3 latency: 596 us (50%) 649 us (75%) 695 us (95%) 711 us (99%).
I1126 15:22:20.002619 1002569 AriaExecutor.h:705] Worker 4 latency: 597 us (50%) 650 us (75%) 695 us (95%) 712 us (99%).
I1126 15:22:20.092026 1002569 AriaExecutor.h:705] Worker 5 latency: 596 us (50%) 649 us (75%) 694 us (95%) 711 us (99%).
I1126 15:22:20.183666 1002569 AriaExecutor.h:705] Worker 6 latency: 599 us (50%) 650 us (75%) 695 us (95%) 712 us (99%).
I1126 15:22:20.271763 1002569 AriaExecutor.h:705] Worker 7 latency: 597 us (50%) 649 us (75%) 694 us (95%) 711 us (99%).
I1126 15:22:20.361152 1002569 AriaExecutor.h:705] Worker 8 latency: 600 us (50%) 651 us (75%) 696 us (95%) 712 us (99%).
I1126 15:22:20.450373 1002569 AriaExecutor.h:705] Worker 9 latency: 599 us (50%) 650 us (75%) 695 us (95%) 711 us (99%).
I1126 15:22:20.540376 1002569 AriaExecutor.h:705] Worker 10 latency: 600 us (50%) 651 us (75%) 696 us (95%) 712 us (99%).
I1126 15:22:20.628098 1002569 AriaExecutor.h:705] Worker 11 latency: 599 us (50%) 650 us (75%) 695 us (95%) 712 us (99%).
I1126 15:22:20.716198 1002569 Coordinator.h:177] total commit: 1.2209e+06
I1126 15:22:21.716307 1002569 Coordinator.h:192] Coordinator exits.
