I1126 15:01:54.139727 989225 Database.h:65] ycsb initialization finished in 30 milliseconds.
I1126 15:01:54.139829 989225 Coordinator.h:30] Coordinator initializes 12 workers.
I1126 15:01:54.140713 989225 Coordinator.h:77] Coordinator starts to run 13 workers.
I1126 15:01:54.140764 989241 AriaExecutor.h:91] AriaExecutor 0 started. 
I1126 15:01:54.140794 989242 AriaExecutor.h:91] AriaExecutor 1 started. 
I1126 15:01:54.140839 989243 AriaExecutor.h:91] AriaExecutor 2 started. 
I1126 15:01:54.140883 989244 AriaExecutor.h:91] AriaExecutor 3 started. 
I1126 15:01:54.140916 989245 AriaExecutor.h:91] AriaExecutor 4 started. 
I1126 15:01:54.140969 989246 AriaExecutor.h:91] AriaExecutor 5 started. 
I1126 15:01:54.141016 989247 AriaExecutor.h:91] AriaExecutor 6 started. 
I1126 15:01:54.141067 989248 AriaExecutor.h:91] AriaExecutor 7 started. 
I1126 15:01:54.141117 989249 AriaExecutor.h:91] AriaExecutor 8 started. 
I1126 15:01:54.141176 989250 AriaExecutor.h:91] AriaExecutor 9 started. 
I1126 15:01:54.141220 989251 AriaExecutor.h:91] AriaExecutor 10 started. 
I1126 15:01:54.141273 989252 AriaExecutor.h:91] AriaExecutor 11 started. 
I1126 15:01:54.141325 989253 Manager.h:224] Manager(worker id = 12) on the coordinator node started.
I1126 15:01:55.141386 989225 Coordinator.h:126] commit: 1441753 abort: 516247 (0/516247/0), network size: 0, avg network size: 0, si_in_serializable: 0 0 %, local: 0 %
I1126 15:01:56.141494 989225 Coordinator.h:126] commit: 1416212 abort: 506788 (0/506788/0), network size: 0, avg network size: 0, si_in_serializable: 0 0 %, local: 0 %
I1126 15:01:57.141618 989225 Coordinator.h:126] commit: 1433956 abort: 513044 (0/513044/0), network size: 0, avg network size: 0, si_in_serializable: 0 0 %, local: 0 %
I1126 15:01:58.141722 989225 Coordinator.h:126] commit: 1455900 abort: 523100 (0/523100/0), network size: 0, avg network size: 0, si_in_serializable: 0 0 %, local: 0 %
I1126 15:01:59.141819 989225 Coordinator.h:126] commit: 1411031 abort: 504969 (0/504969/0), network size: 0, avg network size: 0, si_in_serializable: 0 0 %, local: 0 %
I1126 15:02:00.141917 989225 Coordinator.h:126] commit: 1454210 abort: 521790 (0/521790/0), network size: 0, avg network size: 0, si_in_serializable: 0 0 %, local: 0 %
I1126 15:02:01.142036 989225 Coordinator.h:126] commit: 1431261 abort: 512739 (0/512739/0), network size: 0, avg network size: 0, si_in_serializable: 0 0 %, local: 0 %
I1126 15:02:02.142138 989225 Coordinator.h:126] commit: 1456736 abort: 522264 (0/522264/0), network size: 0, avg network size: 0, si_in_serializable: 0 0 %, local: 0 %
I1126 15:02:03.142235 989225 Coordinator.h:126] commit: 1350032 abort: 483968 (0/483968/0), network size: 0, avg network size: 0, si_in_serializable: 0 0 %, local: 0 %
I1126 15:02:04.142333 989225 Coordinator.h:126] commit: 1457487 abort: 521513 (0/521513/0), network size: 0, avg network size: 0, si_in_serializable: 0 0 %, local: 0 %
I1126 15:02:05.142431 989225 Coordinator.h:126] commit: 1455023 abort: 520977 (0/520977/0), network size: 0, avg network size: 0, si_in_serializable: 0 0 %, local: 0 %
I1126 15:02:06.142522 989225 Coordinator.h:126] commit: 1457605 abort: 522395 (0/522395/0), network size: 0, avg network size: 0, si_in_serializable: 0 0 %, local: 0 %
I1126 15:02:07.142616 989225 Coordinator.h:126] commit: 1454251 abort: 520755 (0/520755/0), network size: 0, avg network size: 0, si_in_serializable: 0 0 %, local: 0 %
I1126 15:02:08.142714 989225 Coordinator.h:126] commit: 1455167 abort: 520827 (0/520827/0), network size: 0, avg network size: 0, si_in_serializable: 0 0 %, local: 0 %
I1126 15:02:09.142812 989225 Coordinator.h:126] commit: 1450857 abort: 518143 (0/518143/0), network size: 0, avg network size: 0, si_in_serializable: 0 0 %, local: 0 %
I1126 15:02:10.142910 989225 Coordinator.h:126] commit: 1456147 abort: 521853 (0/521853/0), network size: 0, avg network size: 0, si_in_serializable: 0 0 %, local: 0 %
I1126 15:02:11.143023 989225 Coordinator.h:126] commit: 1435994 abort: 515006 (0/515006/0), network size: 0, avg network size: 0, si_in_serializable: 0 0 %, local: 0 %
I1126 15:02:12.143121 989225 Coordinator.h:126] commit: 1232382 abort: 440618 (0/440618/0), network size: 0, avg network size: 0, si_in_serializable: 0 0 %, local: 0 %
I1126 15:02:13.143220 989225 Coordinator.h:126] commit: 1455889 abort: 521111 (0/521111/0), network size: 0, avg network size: 0, si_in_serializable: 0 0 %, local: 0 %
I1126 15:02:14.143316 989225 Coordinator.h:126] commit: 1459357 abort: 522643 (0/522643/0), network size: 0, avg network size: 0, si_in_serializable: 0 0 %, local: 0 %
I1126 15:02:15.143412 989225 Coordinator.h:126] commit: 1454348 abort: 519652 (0/519652/0), network size: 0, avg network size: 0, si_in_serializable: 0 0 %, local: 0 %
I1126 15:02:16.143507 989225 Coordinator.h:126] commit: 1456332 abort: 521668 (0/521668/0), network size: 0, avg network size: 0, si_in_serializable: 0 0 %, local: 0 %
I1126 15:02:17.143599 989225 Coordinator.h:126] commit: 1457586 abort: 521414 (0/521414/0), network size: 0, avg network size: 0, si_in_serializable: 0 0 %, local: 0 %
I1126 15:02:18.143689 989225 Coordinator.h:126] commit: 1456481 abort: 521519 (0/521519/0), network size: 0, avg network size: 0, si_in_serializable: 0 0 %, local: 0 %
I1126 15:02:19.143784 989225 Coordinator.h:126] commit: 1457634 abort: 521366 (0/521366/0), network size: 0, avg network size: 0, si_in_serializable: 0 0 %, local: 0 %
I1126 15:02:19.143806 989225 Coordinator.h:152] average commit: 1.43127e+06 abort: 512433 (0/512433/0), network size: 0, avg network size: 0, si_in_serializable: 0 0 %, local: 0 %
I1126 15:02:19.144099 989251 AriaExecutor.h:103] AriaExecutor 10 exits. 
I1126 15:02:19.144105 989245 AriaExecutor.h:103] AriaExecutor 4 exits. 
I1126 15:02:19.144105 989253 Manager.h:227] Manager(worker id = 12) on the coordinator node exits.
I1126 15:02:19.144107 989243 AriaExecutor.h:103] AriaExecutor 2 exits. 
I1126 15:02:19.144115 989242 AriaExecutor.h:103] AriaExecutor 1 exits. 
I1126 15:02:19.144109 989247 AriaExecutor.h:103] AriaExecutor 6 exits. 
I1126 15:02:19.144109 989249 AriaExecutor.h:103] AriaExecutor 8 exits. 
I1126 15:02:19.144116 989246 AriaExecutor.h:103] AriaExecutor 5 exits. 
I1126 15:02:19.144116 989250 AriaExecutor.h:103] AriaExecutor 9 exits. 
I1126 15:02:19.144109 989241 AriaExecutor.h:103] AriaExecutor 0 exits. 
I1126 15:02:19.144116 989244 AriaExecutor.h:103] AriaExecutor 3 exits. 
I1126 15:02:19.144116 989248 AriaExecutor.h:103] AriaExecutor 7 exits. 
I1126 15:02:19.144116 989252 AriaExecutor.h:103] AriaExecutor 11 exits. 
I1126 15:02:19.143826 989225 AriaExecutor.h:649] Worker 0 latency: 356 us (50%) 411 us (75%) 453 us (95%) 467 us (99%).
I1126 15:02:19.249751 989225 AriaExecutor.h:649] Worker 1 latency: 356 us (50%) 410 us (75%) 452 us (95%) 466 us (99%).
I1126 15:02:19.357554 989225 AriaExecutor.h:649] Worker 2 latency: 358 us (50%) 412 us (75%) 453 us (95%) 467 us (99%).
I1126 15:02:19.466356 989225 AriaExecutor.h:649] Worker 3 latency: 359 us (50%) 412 us (75%) 452 us (95%) 466 us (99%).
I1126 15:02:19.574928 989225 AriaExecutor.h:649] Worker 4 latency: 359 us (50%) 412 us (75%) 453 us (95%) 467 us (99%).
I1126 15:02:19.684326 989225 AriaExecutor.h:649] Worker 5 latency: 357 us (50%) 410 us (75%) 451 us (95%) 466 us (99%).
I1126 15:02:19.789278 989225 AriaExecutor.h:649] Worker 6 latency: 361 us (50%) 413 us (75%) 453 us (95%) 467 us (99%).
I1126 15:02:19.896512 989225 AriaExecutor.h:649] Worker 7 latency: 358 us (50%) 411 us (75%) 451 us (95%) 466 us (99%).
I1126 15:02:20.003222 989225 AriaExecutor.h:649] Worker 8 latency: 361 us (50%) 414 us (75%) 453 us (95%) 467 us (99%).
I1126 15:02:20.111744 989225 AriaExecutor.h:649] Worker 9 latency: 360 us (50%) 412 us (75%) 452 us (95%) 466 us (99%).
I1126 15:02:20.219970 989225 AriaExecutor.h:649] Worker 10 latency: 361 us (50%) 413 us (75%) 453 us (95%) 467 us (99%).
I1126 15:02:20.326346 989225 AriaExecutor.h:649] Worker 11 latency: 360 us (50%) 411 us (75%) 452 us (95%) 466 us (99%).
I1126 15:02:20.433569 989225 Coordinator.h:177] total commit: 1.43127e+06
I1126 15:02:21.433683 989225 Coordinator.h:192] Coordinator exits.
