I0911 22:31:01.688484 2935820 Database.h:65] ycsb initialization finished in 172 milliseconds.
I0911 22:31:01.688596 2935820 Coordinator.h:30] Coordinator initializes 16 workers.
I0911 22:31:01.811542 2935820 Coordinator.h:77] Coordinator starts to run 17 workers.
I0911 22:31:01.811609 2935840 AriaExecutor.h:82] AriaExecutor 0 started. 
I0911 22:31:01.811650 2935841 AriaExecutor.h:82] AriaExecutor 1 started. 
I0911 22:31:01.811700 2935842 AriaExecutor.h:82] AriaExecutor 2 started. 
I0911 22:31:01.811741 2935843 AriaExecutor.h:82] AriaExecutor 3 started. 
I0911 22:31:01.811772 2935844 AriaExecutor.h:82] AriaExecutor 4 started. 
I0911 22:31:01.811820 2935845 AriaExecutor.h:82] AriaExecutor 5 started. 
I0911 22:31:01.811854 2935846 AriaExecutor.h:82] AriaExecutor 6 started. 
I0911 22:31:01.811899 2935847 AriaExecutor.h:82] AriaExecutor 7 started. 
I0911 22:31:01.811942 2935848 AriaExecutor.h:82] AriaExecutor 8 started. 
I0911 22:31:01.811982 2935849 AriaExecutor.h:82] AriaExecutor 9 started. 
I0911 22:31:01.812014 2935850 AriaExecutor.h:82] AriaExecutor 10 started. 
I0911 22:31:01.812059 2935851 AriaExecutor.h:82] AriaExecutor 11 started. 
I0911 22:31:01.812095 2935852 AriaExecutor.h:82] AriaExecutor 12 started. 
I0911 22:31:01.812130 2935853 AriaExecutor.h:82] AriaExecutor 13 started. 
I0911 22:31:01.812166 2935854 AriaExecutor.h:82] AriaExecutor 14 started. 
I0911 22:31:01.812211 2935855 AriaExecutor.h:82] AriaExecutor 15 started. 
I0911 22:31:01.812245 2935856 Manager.h:224] Manager(worker id = 16) on the coordinator node started.
I0911 22:31:02.812310 2935820 Coordinator.h:126] commit: 11990 abort: 180010 (0/180010/0), network size: 0, avg network size: 0, si_in_serializable: 0 0 %, local: 0 %
I0911 22:31:03.812487 2935820 Coordinator.h:126] commit: 11976 abort: 180024 (0/180024/0), network size: 0, avg network size: 0, si_in_serializable: 0 0 %, local: 0 %
I0911 22:31:04.812573 2935820 Coordinator.h:126] commit: 12947 abort: 195053 (0/195053/0), network size: 0, avg network size: 0, si_in_serializable: 0 0 %, local: 0 %
I0911 22:31:05.812661 2935820 Coordinator.h:126] commit: 12945 abort: 195055 (0/195055/0), network size: 0, avg network size: 0, si_in_serializable: 0 0 %, local: 0 %
I0911 22:31:06.812754 2935820 Coordinator.h:126] commit: 12973 abort: 195027 (0/195027/0), network size: 0, avg network size: 0, si_in_serializable: 0 0 %, local: 0 %
I0911 22:31:07.812875 2935820 Coordinator.h:126] commit: 12893 abort: 195107 (0/195107/0), network size: 0, avg network size: 0, si_in_serializable: 0 0 %, local: 0 %
I0911 22:31:08.812973 2935820 Coordinator.h:126] commit: 13088 abort: 194912 (0/194912/0), network size: 0, avg network size: 0, si_in_serializable: 0 0 %, local: 0 %
I0911 22:31:09.813059 2935820 Coordinator.h:126] commit: 14018 abort: 209982 (0/209982/0), network size: 0, avg network size: 0, si_in_serializable: 0 0 %, local: 0 %
I0911 22:31:10.813143 2935820 Coordinator.h:126] commit: 13213 abort: 194787 (0/194787/0), network size: 0, avg network size: 0, si_in_serializable: 0 0 %, local: 0 %
I0911 22:31:11.813231 2935820 Coordinator.h:126] commit: 13005 abort: 194995 (0/194995/0), network size: 0, avg network size: 0, si_in_serializable: 0 0 %, local: 0 %
I0911 22:31:12.813321 2935820 Coordinator.h:126] commit: 13900 abort: 210100 (0/210100/0), network size: 0, avg network size: 0, si_in_serializable: 0 0 %, local: 0 %
I0911 22:31:13.813403 2935820 Coordinator.h:126] commit: 12941 abort: 195059 (0/195059/0), network size: 0, avg network size: 0, si_in_serializable: 0 0 %, local: 0 %
I0911 22:31:14.813483 2935820 Coordinator.h:126] commit: 13873 abort: 210127 (0/210127/0), network size: 0, avg network size: 0, si_in_serializable: 0 0 %, local: 0 %
I0911 22:31:15.813597 2935820 Coordinator.h:126] commit: 13028 abort: 194972 (0/194972/0), network size: 0, avg network size: 0, si_in_serializable: 0 0 %, local: 0 %
I0911 22:31:16.813688 2935820 Coordinator.h:126] commit: 14046 abort: 209954 (0/209954/0), network size: 0, avg network size: 0, si_in_serializable: 0 0 %, local: 0 %
I0911 22:31:17.813766 2935820 Coordinator.h:126] commit: 12959 abort: 195041 (0/195041/0), network size: 0, avg network size: 0, si_in_serializable: 0 0 %, local: 0 %
I0911 22:31:18.813835 2935820 Coordinator.h:126] commit: 14061 abort: 209939 (0/209939/0), network size: 0, avg network size: 0, si_in_serializable: 0 0 %, local: 0 %
I0911 22:31:19.813915 2935820 Coordinator.h:126] commit: 12995 abort: 195005 (0/195005/0), network size: 0, avg network size: 0, si_in_serializable: 0 0 %, local: 0 %
I0911 22:31:20.813983 2935820 Coordinator.h:126] commit: 13955 abort: 210045 (0/210045/0), network size: 0, avg network size: 0, si_in_serializable: 0 0 %, local: 0 %
I0911 22:31:21.814064 2935820 Coordinator.h:126] commit: 12924 abort: 195076 (0/195076/0), network size: 0, avg network size: 0, si_in_serializable: 0 0 %, local: 0 %
I0911 22:31:22.814146 2935820 Coordinator.h:126] commit: 14106 abort: 209894 (0/209894/0), network size: 0, avg network size: 0, si_in_serializable: 0 0 %, local: 0 %
I0911 22:31:23.814230 2935820 Coordinator.h:126] commit: 13078 abort: 194922 (0/194922/0), network size: 0, avg network size: 0, si_in_serializable: 0 0 %, local: 0 %
I0911 22:31:24.814313 2935820 Coordinator.h:126] commit: 14116 abort: 209884 (0/209884/0), network size: 0, avg network size: 0, si_in_serializable: 0 0 %, local: 0 %
I0911 22:31:25.814404 2935820 Coordinator.h:126] commit: 12944 abort: 195056 (0/195056/0), network size: 0, avg network size: 0, si_in_serializable: 0 0 %, local: 0 %
I0911 22:31:26.814494 2935820 Coordinator.h:126] commit: 13906 abort: 210094 (0/210094/0), network size: 0, avg network size: 0, si_in_serializable: 0 0 %, local: 0 %
I0911 22:31:26.814513 2935820 Coordinator.h:152] average commit: 13468.2 abort: 202532 (0/202532/0), network size: 0, avg network size: 0, si_in_serializable: 0 0 %, local: 0 %
I0911 22:31:26.814523 2935820 AriaExecutor.h:535] Worker 0 latency: 71981 us (50%) 72844 us (75%) 79215 us (95%) 96143 us (99%).
I0911 22:31:26.869966 2935842 AriaExecutor.h:94] AriaExecutor 2 exits. 
I0911 22:31:26.869969 2935852 AriaExecutor.h:94] AriaExecutor 12 exits. 
I0911 22:31:26.869968 2935848 AriaExecutor.h:94] AriaExecutor 8 exits. 
I0911 22:31:26.869966 2935840 AriaExecutor.h:94] AriaExecutor 0 exits. 
I0911 22:31:26.869972 2935856 Manager.h:227] Manager(worker id = 16) on the coordinator node exits.
I0911 22:31:26.869969 2935844 AriaExecutor.h:94] AriaExecutor 4 exits. 
I0911 22:31:26.869975 2935855 AriaExecutor.h:94] AriaExecutor 15 exits. 
I0911 22:31:26.869976 2935841 AriaExecutor.h:94] AriaExecutor 1 exits. 
I0911 22:31:26.869976 2935843 AriaExecutor.h:94] AriaExecutor 3 exits. 
I0911 22:31:26.869976 2935847 AriaExecutor.h:94] AriaExecutor 7 exits. 
I0911 22:31:26.869976 2935849 AriaExecutor.h:94] AriaExecutor 9 exits. 
I0911 22:31:26.869976 2935851 AriaExecutor.h:94] AriaExecutor 11 exits. 
I0911 22:31:26.869987 2935850 AriaExecutor.h:94] AriaExecutor 10 exits. 
I0911 22:31:26.869987 2935846 AriaExecutor.h:94] AriaExecutor 6 exits. 
I0911 22:31:26.869992 2935845 AriaExecutor.h:94] AriaExecutor 5 exits. 
I0911 22:31:26.869994 2935853 AriaExecutor.h:94] AriaExecutor 13 exits. 
I0911 22:31:26.869969 2935854 AriaExecutor.h:94] AriaExecutor 14 exits. 
I0911 22:31:26.870270 2935820 AriaExecutor.h:535] Worker 1 latency: 71950 us (50%) 72821 us (75%) 79106 us (95%) 96010 us (99%).
I0911 22:31:26.871320 2935820 AriaExecutor.h:535] Worker 2 latency: 71979 us (50%) 72823 us (75%) 78976 us (95%) 96034 us (99%).
I0911 22:31:26.872330 2935820 AriaExecutor.h:535] Worker 3 latency: 71942 us (50%) 72815 us (75%) 79084 us (95%) 96009 us (99%).
I0911 22:31:26.873368 2935820 AriaExecutor.h:535] Worker 4 latency: 72005 us (50%) 72854 us (75%) 79345 us (95%) 96227 us (99%).
I0911 22:31:26.874426 2935820 AriaExecutor.h:535] Worker 5 latency: 71943 us (50%) 72829 us (75%) 79189 us (95%) 96914 us (99%).
I0911 22:31:26.875459 2935820 AriaExecutor.h:535] Worker 6 latency: 71977 us (50%) 72833 us (75%) 79368 us (95%) 97469 us (99%).
I0911 22:31:26.876482 2935820 AriaExecutor.h:535] Worker 7 latency: 71949 us (50%) 72815 us (75%) 79244 us (95%) 96152 us (99%).
I0911 22:31:26.877524 2935820 AriaExecutor.h:535] Worker 8 latency: 71994 us (50%) 72854 us (75%) 79102 us (95%) 96278 us (99%).
I0911 22:31:26.878554 2935820 AriaExecutor.h:535] Worker 9 latency: 71941 us (50%) 72814 us (75%) 78856 us (95%) 96528 us (99%).
I0911 22:31:26.879586 2935820 AriaExecutor.h:535] Worker 10 latency: 71972 us (50%) 72829 us (75%) 78940 us (95%) 96366 us (99%).
I0911 22:31:26.880615 2935820 AriaExecutor.h:535] Worker 11 latency: 71946 us (50%) 72807 us (75%) 78736 us (95%) 93505 us (99%).
I0911 22:31:26.881635 2935820 AriaExecutor.h:535] Worker 12 latency: 71955 us (50%) 72827 us (75%) 79096 us (95%) 96671 us (99%).
I0911 22:31:26.882661 2935820 AriaExecutor.h:535] Worker 13 latency: 71923 us (50%) 72813 us (75%) 78998 us (95%) 96230 us (99%).
I0911 22:31:26.883690 2935820 AriaExecutor.h:535] Worker 14 latency: 71948 us (50%) 72824 us (75%) 79105 us (95%) 97140 us (99%).
I0911 22:31:26.884696 2935820 AriaExecutor.h:535] Worker 15 latency: 71939 us (50%) 72801 us (75%) 79135 us (95%) 96282 us (99%).
I0911 22:31:26.885720 2935820 Coordinator.h:177] total commit: 13468.2
I0911 22:31:27.885828 2935820 Coordinator.h:192] Coordinator exits.
