I1126 15:56:31.995046 1024856 Database.h:65] ycsb initialization finished in 29 milliseconds.
I1126 15:56:31.995138 1024856 Coordinator.h:30] Coordinator initializes 12 workers.
I1126 15:56:32.066887 1024856 Coordinator.h:77] Coordinator starts to run 13 workers.
I1126 15:56:32.066994 1024872 AriaExecutor.h:93] AriaExecutor 0 started. 
I1126 15:56:32.067009 1024873 AriaExecutor.h:93] AriaExecutor 1 started. 
I1126 15:56:32.067077 1024874 AriaExecutor.h:93] AriaExecutor 2 started. 
I1126 15:56:32.067106 1024875 AriaExecutor.h:93] AriaExecutor 3 started. 
I1126 15:56:32.067142 1024876 AriaExecutor.h:93] AriaExecutor 4 started. 
I1126 15:56:32.067175 1024877 AriaExecutor.h:93] AriaExecutor 5 started. 
I1126 15:56:32.067212 1024878 AriaExecutor.h:93] AriaExecutor 6 started. 
I1126 15:56:32.067238 1024879 AriaExecutor.h:93] AriaExecutor 7 started. 
I1126 15:56:32.067279 1024880 AriaExecutor.h:93] AriaExecutor 8 started. 
I1126 15:56:32.067304 1024881 AriaExecutor.h:93] AriaExecutor 9 started. 
I1126 15:56:32.067351 1024882 AriaExecutor.h:93] AriaExecutor 10 started. 
I1126 15:56:32.067369 1024883 AriaExecutor.h:93] AriaExecutor 11 started. 
I1126 15:56:32.067407 1024884 Manager.h:224] Manager(worker id = 12) on the coordinator node started.
I1126 15:56:33.067461 1024856 Coordinator.h:126] commit: 7067 abort: 202933 (0/202933/0), network size: 0, avg network size: 0, si_in_serializable: 0 0 %, local: 0 %
I1126 15:56:34.067595 1024856 Coordinator.h:126] commit: 7361 abort: 212639 (0/212639/0), network size: 0, avg network size: 0, si_in_serializable: 0 0 %, local: 0 %
I1126 15:56:35.067757 1024856 Coordinator.h:126] commit: 7421 abort: 212579 (0/212579/0), network size: 0, avg network size: 0, si_in_serializable: 0 0 %, local: 0 %
I1126 15:56:36.067863 1024856 Coordinator.h:126] commit: 7360 abort: 212640 (0/212640/0), network size: 0, avg network size: 0, si_in_serializable: 0 0 %, local: 0 %
I1126 15:56:37.067942 1024856 Coordinator.h:126] commit: 7763 abort: 222237 (0/222237/0), network size: 0, avg network size: 0, si_in_serializable: 0 0 %, local: 0 %
I1126 15:56:38.068022 1024856 Coordinator.h:126] commit: 7405 abort: 212595 (0/212595/0), network size: 0, avg network size: 0, si_in_serializable: 0 0 %, local: 0 %
I1126 15:56:39.068122 1024856 Coordinator.h:126] commit: 7360 abort: 212640 (0/212640/0), network size: 0, avg network size: 0, si_in_serializable: 0 0 %, local: 0 %
I1126 15:56:40.068202 1024856 Coordinator.h:126] commit: 7790 abort: 222210 (0/222210/0), network size: 0, avg network size: 0, si_in_serializable: 0 0 %, local: 0 %
I1126 15:56:41.068284 1024856 Coordinator.h:126] commit: 7635 abort: 222365 (0/222365/0), network size: 0, avg network size: 0, si_in_serializable: 0 0 %, local: 0 %
I1126 15:56:42.068362 1024856 Coordinator.h:126] commit: 7794 abort: 222206 (0/222206/0), network size: 0, avg network size: 0, si_in_serializable: 0 0 %, local: 0 %
I1126 15:56:43.068440 1024856 Coordinator.h:126] commit: 7763 abort: 222237 (0/222237/0), network size: 0, avg network size: 0, si_in_serializable: 0 0 %, local: 0 %
I1126 15:56:44.068523 1024856 Coordinator.h:126] commit: 7466 abort: 212534 (0/212534/0), network size: 0, avg network size: 0, si_in_serializable: 0 0 %, local: 0 %
I1126 15:56:45.068604 1024856 Coordinator.h:126] commit: 7796 abort: 222204 (0/222204/0), network size: 0, avg network size: 0, si_in_serializable: 0 0 %, local: 0 %
I1126 15:56:46.068706 1024856 Coordinator.h:126] commit: 7497 abort: 212503 (0/212503/0), network size: 0, avg network size: 0, si_in_serializable: 0 0 %, local: 0 %
I1126 15:56:47.068785 1024856 Coordinator.h:126] commit: 7863 abort: 222137 (0/222137/0), network size: 0, avg network size: 0, si_in_serializable: 0 0 %, local: 0 %
I1126 15:56:48.068863 1024856 Coordinator.h:126] commit: 7747 abort: 222253 (0/222253/0), network size: 0, avg network size: 0, si_in_serializable: 0 0 %, local: 0 %
I1126 15:56:49.068941 1024856 Coordinator.h:126] commit: 7482 abort: 212518 (0/212518/0), network size: 0, avg network size: 0, si_in_serializable: 0 0 %, local: 0 %
I1126 15:56:50.069021 1024856 Coordinator.h:126] commit: 7769 abort: 222231 (0/222231/0), network size: 0, avg network size: 0, si_in_serializable: 0 0 %, local: 0 %
I1126 15:56:51.069100 1024856 Coordinator.h:126] commit: 7775 abort: 222225 (0/222225/0), network size: 0, avg network size: 0, si_in_serializable: 0 0 %, local: 0 %
I1126 15:56:52.069180 1024856 Coordinator.h:126] commit: 7478 abort: 212522 (0/212522/0), network size: 0, avg network size: 0, si_in_serializable: 0 0 %, local: 0 %
I1126 15:56:53.069262 1024856 Coordinator.h:126] commit: 7702 abort: 222298 (0/222298/0), network size: 0, avg network size: 0, si_in_serializable: 0 0 %, local: 0 %
I1126 15:56:54.069343 1024856 Coordinator.h:126] commit: 7791 abort: 222209 (0/222209/0), network size: 0, avg network size: 0, si_in_serializable: 0 0 %, local: 0 %
I1126 15:56:55.069446 1024856 Coordinator.h:126] commit: 7403 abort: 212597 (0/212597/0), network size: 0, avg network size: 0, si_in_serializable: 0 0 %, local: 0 %
I1126 15:56:56.069526 1024856 Coordinator.h:126] commit: 7800 abort: 222200 (0/222200/0), network size: 0, avg network size: 0, si_in_serializable: 0 0 %, local: 0 %
I1126 15:56:57.069607 1024856 Coordinator.h:126] commit: 7416 abort: 212584 (0/212584/0), network size: 0, avg network size: 0, si_in_serializable: 0 0 %, local: 0 %
I1126 15:56:57.069619 1024856 Coordinator.h:152] average commit: 7663.6 abort: 218336 (0/218336/0), network size: 0, avg network size: 0, si_in_serializable: 0 0 %, local: 0 %
I1126 15:56:57.069630 1024856 AriaExecutor.h:672] Worker 0 latency: 43374 us (50%) 43759 us (75%) 45154 us (95%) 51598 us (99%).
I1126 15:56:57.082506 1024881 AriaExecutor.h:105] AriaExecutor 9 exits. 
I1126 15:56:57.082517 1024874 AriaExecutor.h:105] AriaExecutor 2 exits. 
I1126 15:56:57.082507 1024883 AriaExecutor.h:105] AriaExecutor 11 exits. 
I1126 15:56:57.082525 1024882 AriaExecutor.h:105] AriaExecutor 10 exits. 
I1126 15:56:57.082517 1024876 AriaExecutor.h:105] AriaExecutor 4 exits. 
I1126 15:56:57.082517 1024878 AriaExecutor.h:105] AriaExecutor 6 exits. 
I1126 15:56:57.082517 1024880 AriaExecutor.h:105] AriaExecutor 8 exits. 
I1126 15:56:57.082508 1024879 AriaExecutor.h:105] AriaExecutor 7 exits. 
I1126 15:56:57.082520 1024873 AriaExecutor.h:105] AriaExecutor 1 exits. 
I1126 15:56:57.082523 1024884 Manager.h:227] Manager(worker id = 12) on the coordinator node exits.
I1126 15:56:57.082523 1024877 AriaExecutor.h:105] AriaExecutor 5 exits. 
I1126 15:56:57.082506 1024872 AriaExecutor.h:105] AriaExecutor 0 exits. 
I1126 15:56:57.082508 1024875 AriaExecutor.h:105] AriaExecutor 3 exits. 
I1126 15:56:57.082800 1024856 AriaExecutor.h:672] Worker 1 latency: 43376 us (50%) 43754 us (75%) 45062 us (95%) 51485 us (99%).
I1126 15:56:57.083663 1024856 AriaExecutor.h:672] Worker 2 latency: 43370 us (50%) 43753 us (75%) 45097 us (95%) 51467 us (99%).
I1126 15:56:57.084602 1024856 AriaExecutor.h:672] Worker 3 latency: 43359 us (50%) 43745 us (75%) 45106 us (95%) 51402 us (99%).
I1126 15:56:57.085476 1024856 AriaExecutor.h:672] Worker 4 latency: 43371 us (50%) 43760 us (75%) 45126 us (95%) 51556 us (99%).
I1126 15:56:57.086459 1024856 AriaExecutor.h:672] Worker 5 latency: 43355 us (50%) 43738 us (75%) 45009 us (95%) 51556 us (99%).
I1126 15:56:57.087355 1024856 AriaExecutor.h:672] Worker 6 latency: 43369 us (50%) 43760 us (75%) 45160 us (95%) 51559 us (99%).
I1126 15:56:57.088270 1024856 AriaExecutor.h:672] Worker 7 latency: 43369 us (50%) 43749 us (75%) 45179 us (95%) 51630 us (99%).
I1126 15:56:57.089140 1024856 AriaExecutor.h:672] Worker 8 latency: 43369 us (50%) 43755 us (75%) 45120 us (95%) 51460 us (99%).
I1126 15:56:57.090059 1024856 AriaExecutor.h:672] Worker 9 latency: 43367 us (50%) 43744 us (75%) 45098 us (95%) 51513 us (99%).
I1126 15:56:57.090938 1024856 AriaExecutor.h:672] Worker 10 latency: 43364 us (50%) 43757 us (75%) 45173 us (95%) 51593 us (99%).
I1126 15:56:57.091861 1024856 AriaExecutor.h:672] Worker 11 latency: 43361 us (50%) 43746 us (75%) 45007 us (95%) 51574 us (99%).
I1126 15:56:57.092736 1024856 Coordinator.h:177] total commit: 7663.6
I1126 15:56:58.092862 1024856 Coordinator.h:192] Coordinator exits.
