I1126 16:15:57.845054 1036317 Database.h:65] ycsb initialization finished in 30 milliseconds.
I1126 16:15:57.845153 1036317 Coordinator.h:30] Coordinator initializes 12 workers.
I1126 16:15:57.917445 1036317 Coordinator.h:77] Coordinator starts to run 13 workers.
I1126 16:15:57.917523 1036333 AriaExecutor.h:93] AriaExecutor 0 started. 
I1126 16:15:57.917557 1036334 AriaExecutor.h:93] AriaExecutor 1 started. 
I1126 16:15:57.917598 1036335 AriaExecutor.h:93] AriaExecutor 2 started. 
I1126 16:15:57.917640 1036336 AriaExecutor.h:93] AriaExecutor 3 started. 
I1126 16:15:57.917665 1036337 AriaExecutor.h:93] AriaExecutor 4 started. 
I1126 16:15:57.917704 1036338 AriaExecutor.h:93] AriaExecutor 5 started. 
I1126 16:15:57.917738 1036339 AriaExecutor.h:93] AriaExecutor 6 started. 
I1126 16:15:57.917770 1036340 AriaExecutor.h:93] AriaExecutor 7 started. 
I1126 16:15:57.917809 1036341 AriaExecutor.h:93] AriaExecutor 8 started. 
I1126 16:15:57.917837 1036342 AriaExecutor.h:93] AriaExecutor 9 started. 
I1126 16:15:57.917876 1036343 AriaExecutor.h:93] AriaExecutor 10 started. 
I1126 16:15:57.917903 1036344 AriaExecutor.h:93] AriaExecutor 11 started. 
I1126 16:15:57.917939 1036345 Manager.h:224] Manager(worker id = 12) on the coordinator node started.
I1126 16:15:58.917989 1036317 Coordinator.h:126] commit: 24 abort: 159976 (0/159976/0), network size: 0, avg network size: 0, si_in_serializable: 0 0 %, local: 0 %
I1126 16:15:59.918112 1036317 Coordinator.h:126] commit: 29 abort: 159971 (0/159971/0), network size: 0, avg network size: 0, si_in_serializable: 0 0 %, local: 0 %
I1126 16:16:00.918246 1036317 Coordinator.h:126] commit: 24 abort: 159976 (0/159976/0), network size: 0, avg network size: 0, si_in_serializable: 0 0 %, local: 0 %
I1126 16:16:01.918332 1036317 Coordinator.h:126] commit: 28 abort: 169972 (0/169972/0), network size: 0, avg network size: 0, si_in_serializable: 0 0 %, local: 0 %
I1126 16:16:02.918440 1036317 Coordinator.h:126] commit: 26 abort: 169974 (0/169974/0), network size: 0, avg network size: 0, si_in_serializable: 0 0 %, local: 0 %
I1126 16:16:03.918546 1036317 Coordinator.h:126] commit: 26 abort: 159974 (0/159974/0), network size: 0, avg network size: 0, si_in_serializable: 0 0 %, local: 0 %
I1126 16:16:04.918671 1036317 Coordinator.h:126] commit: 28 abort: 169972 (0/169972/0), network size: 0, avg network size: 0, si_in_serializable: 0 0 %, local: 0 %
I1126 16:16:05.918782 1036317 Coordinator.h:126] commit: 32 abort: 169968 (0/169968/0), network size: 0, avg network size: 0, si_in_serializable: 0 0 %, local: 0 %
I1126 16:16:06.918893 1036317 Coordinator.h:126] commit: 26 abort: 169974 (0/169974/0), network size: 0, avg network size: 0, si_in_serializable: 0 0 %, local: 0 %
I1126 16:16:07.919008 1036317 Coordinator.h:126] commit: 25 abort: 159975 (0/159975/0), network size: 0, avg network size: 0, si_in_serializable: 0 0 %, local: 0 %
I1126 16:16:08.919116 1036317 Coordinator.h:126] commit: 27 abort: 169973 (0/169973/0), network size: 0, avg network size: 0, si_in_serializable: 0 0 %, local: 0 %
I1126 16:16:09.919224 1036317 Coordinator.h:126] commit: 32 abort: 169968 (0/169968/0), network size: 0, avg network size: 0, si_in_serializable: 0 0 %, local: 0 %
I1126 16:16:10.919332 1036317 Coordinator.h:126] commit: 28 abort: 169972 (0/169972/0), network size: 0, avg network size: 0, si_in_serializable: 0 0 %, local: 0 %
I1126 16:16:11.919459 1036317 Coordinator.h:126] commit: 26 abort: 159974 (0/159974/0), network size: 0, avg network size: 0, si_in_serializable: 0 0 %, local: 0 %
I1126 16:16:12.919576 1036317 Coordinator.h:126] commit: 20 abort: 169980 (0/169980/0), network size: 0, avg network size: 0, si_in_serializable: 0 0 %, local: 0 %
I1126 16:16:13.919683 1036317 Coordinator.h:126] commit: 26 abort: 169974 (0/169974/0), network size: 0, avg network size: 0, si_in_serializable: 0 0 %, local: 0 %
I1126 16:16:14.919793 1036317 Coordinator.h:126] commit: 26 abort: 169974 (0/169974/0), network size: 0, avg network size: 0, si_in_serializable: 0 0 %, local: 0 %
I1126 16:16:15.919899 1036317 Coordinator.h:126] commit: 25 abort: 169975 (0/169975/0), network size: 0, avg network size: 0, si_in_serializable: 0 0 %, local: 0 %
I1126 16:16:16.920007 1036317 Coordinator.h:126] commit: 31 abort: 159969 (0/159969/0), network size: 0, avg network size: 0, si_in_serializable: 0 0 %, local: 0 %
I1126 16:16:17.920112 1036317 Coordinator.h:126] commit: 24 abort: 169976 (0/169976/0), network size: 0, avg network size: 0, si_in_serializable: 0 0 %, local: 0 %
I1126 16:16:18.920220 1036317 Coordinator.h:126] commit: 28 abort: 169972 (0/169972/0), network size: 0, avg network size: 0, si_in_serializable: 0 0 %, local: 0 %
I1126 16:16:19.920333 1036317 Coordinator.h:126] commit: 26 abort: 169974 (0/169974/0), network size: 0, avg network size: 0, si_in_serializable: 0 0 %, local: 0 %
I1126 16:16:20.920442 1036317 Coordinator.h:126] commit: 24 abort: 159976 (0/159976/0), network size: 0, avg network size: 0, si_in_serializable: 0 0 %, local: 0 %
I1126 16:16:21.920547 1036317 Coordinator.h:126] commit: 26 abort: 169974 (0/169974/0), network size: 0, avg network size: 0, si_in_serializable: 0 0 %, local: 0 %
I1126 16:16:22.920670 1036317 Coordinator.h:126] commit: 29 abort: 169971 (0/169971/0), network size: 0, avg network size: 0, si_in_serializable: 0 0 %, local: 0 %
I1126 16:16:22.920704 1036317 Coordinator.h:152] average commit: 26.5 abort: 167974 (0/167974/0), network size: 0, avg network size: 0, si_in_serializable: 0 0 %, local: 0 %
I1126 16:16:22.920714 1036317 AriaExecutor.h:672] Worker 0 latency: 59548 us (50%) 59883 us (75%) 61641 us (95%) 68716 us (99%).
I1126 16:16:22.979687 1036345 Manager.h:227] Manager(worker id = 12) on the coordinator node exits.
I1126 16:16:22.979687 1036337 AriaExecutor.h:105] AriaExecutor 4 exits. 
I1126 16:16:22.979701 1036344 AriaExecutor.h:105] AriaExecutor 11 exits. 
I1126 16:16:22.979689 1036339 AriaExecutor.h:105] AriaExecutor 6 exits. 
I1126 16:16:22.979691 1036335 AriaExecutor.h:105] AriaExecutor 2 exits. 
I1126 16:16:22.979688 1036333 AriaExecutor.h:105] AriaExecutor 0 exits. 
I1126 16:16:22.979691 1036343 AriaExecutor.h:105] AriaExecutor 10 exits. 
I1126 16:16:22.979701 1036334 AriaExecutor.h:105] AriaExecutor 1 exits. 
I1126 16:16:22.979701 1036342 AriaExecutor.h:105] AriaExecutor 9 exits. 
I1126 16:16:22.979701 1036338 AriaExecutor.h:105] AriaExecutor 5 exits. 
I1126 16:16:22.979701 1036340 AriaExecutor.h:105] AriaExecutor 7 exits. 
I1126 16:16:22.979704 1036336 AriaExecutor.h:105] AriaExecutor 3 exits. 
I1126 16:16:22.979688 1036341 AriaExecutor.h:105] AriaExecutor 8 exits. 
I1126 16:16:22.979912 1036317 AriaExecutor.h:672] Worker 1 latency: 59559 us (50%) 59804 us (75%) 61091 us (95%) 70039 us (99%).
I1126 16:16:22.979967 1036317 AriaExecutor.h:672] Worker 2 latency: 59502 us (50%) 59905 us (75%) 60767 us (95%) 61852 us (99%).
I1126 16:16:22.979975 1036317 AriaExecutor.h:672] Worker 3 latency: 59438 us (50%) 60508 us (75%) 69279 us (95%) 74168 us (99%).
I1126 16:16:22.980036 1036317 AriaExecutor.h:672] Worker 4 latency: 59362 us (50%) 60013 us (75%) 66929 us (95%) 66929 us (99%).
I1126 16:16:22.980069 1036317 AriaExecutor.h:672] Worker 5 latency: 59817 us (50%) 60103 us (75%) 60151 us (95%) 60151 us (99%).
I1126 16:16:22.980085 1036317 AriaExecutor.h:672] Worker 6 latency: 59736 us (50%) 60734 us (75%) 60734 us (95%) 60734 us (99%).
I1126 16:16:22.980098 1036317 AriaExecutor.h:672] Worker 7 latency: 59386 us (50%) 59610 us (75%) 59805 us (95%) 59805 us (99%).
I1126 16:16:22.980110 1036317 AriaExecutor.h:672] Worker 8 latency: 59817 us (50%) 59874 us (75%) 68715 us (95%) 68715 us (99%).
I1126 16:16:22.980121 1036317 AriaExecutor.h:672] Worker 9 latency: 59927 us (50%) 60236 us (75%) 61656 us (95%) 61656 us (99%).
I1126 16:16:22.980134 1036317 AriaExecutor.h:672] Worker 10 latency: 60140 us (50%) 60140 us (75%) 60140 us (95%) 60140 us (99%).
I1126 16:16:22.980144 1036317 AriaExecutor.h:672] Worker 11 latency: 59388 us (50%) 59388 us (75%) 59388 us (95%) 59388 us (99%).
I1126 16:16:22.980176 1036317 Coordinator.h:177] total commit: 26.5
I1126 16:16:23.980288 1036317 Coordinator.h:192] Coordinator exits.
