I1126 15:12:44.817551 996363 Database.h:65] ycsb initialization finished in 30 milliseconds.
I1126 15:12:44.817647 996363 Coordinator.h:30] Coordinator initializes 12 workers.
I1126 15:12:44.818527 996363 Coordinator.h:77] Coordinator starts to run 13 workers.
I1126 15:12:44.818581 996379 AriaExecutor.h:95] AriaExecutor 0 started. 
I1126 15:12:44.818608 996380 AriaExecutor.h:95] AriaExecutor 1 started. 
I1126 15:12:44.818653 996381 AriaExecutor.h:95] AriaExecutor 2 started. 
I1126 15:12:44.818701 996382 AriaExecutor.h:95] AriaExecutor 3 started. 
I1126 15:12:44.818744 996383 AriaExecutor.h:95] AriaExecutor 4 started. 
I1126 15:12:44.818805 996384 AriaExecutor.h:95] AriaExecutor 5 started. 
I1126 15:12:44.818846 996385 AriaExecutor.h:95] AriaExecutor 6 started. 
I1126 15:12:44.818898 996386 AriaExecutor.h:95] AriaExecutor 7 started. 
I1126 15:12:44.818943 996387 AriaExecutor.h:95] AriaExecutor 8 started. 
I1126 15:12:44.819002 996388 AriaExecutor.h:95] AriaExecutor 9 started. 
I1126 15:12:44.819054 996389 AriaExecutor.h:95] AriaExecutor 10 started. 
I1126 15:12:44.819118 996390 AriaExecutor.h:95] AriaExecutor 11 started. 
I1126 15:12:44.819164 996391 Manager.h:224] Manager(worker id = 12) on the coordinator node started.
I1126 15:12:45.819226 996363 Coordinator.h:126] commit: 1870593 abort: 8407 (0/8407/0), network size: 0, avg network size: 0, si_in_serializable: 0 0 %, local: 0 %
I1126 15:12:46.819365 996363 Coordinator.h:126] commit: 1850299 abort: 8384 (0/8384/0), network size: 0, avg network size: 0, si_in_serializable: 0 0 %, local: 0 %
I1126 15:12:47.819494 996363 Coordinator.h:126] commit: 1876892 abort: 8422 (0/8422/0), network size: 0, avg network size: 0, si_in_serializable: 0 0 %, local: 0 %
I1126 15:12:48.819600 996363 Coordinator.h:126] commit: 1858669 abort: 8331 (0/8331/0), network size: 0, avg network size: 0, si_in_serializable: 0 0 %, local: 0 %
I1126 15:12:49.819700 996363 Coordinator.h:126] commit: 1882637 abort: 8363 (0/8363/0), network size: 0, avg network size: 0, si_in_serializable: 0 0 %, local: 0 %
I1126 15:12:50.819798 996363 Coordinator.h:126] commit: 1886478 abort: 8522 (0/8522/0), network size: 0, avg network size: 0, si_in_serializable: 0 0 %, local: 0 %
I1126 15:12:51.819923 996363 Coordinator.h:126] commit: 1771041 abort: 7959 (0/7959/0), network size: 0, avg network size: 0, si_in_serializable: 0 0 %, local: 0 %
I1126 15:12:52.820031 996363 Coordinator.h:126] commit: 1883488 abort: 8512 (0/8512/0), network size: 0, avg network size: 0, si_in_serializable: 0 0 %, local: 0 %
I1126 15:12:53.820127 996363 Coordinator.h:126] commit: 1881605 abort: 8395 (0/8395/0), network size: 0, avg network size: 0, si_in_serializable: 0 0 %, local: 0 %
I1126 15:12:54.820220 996363 Coordinator.h:126] commit: 1884661 abort: 8339 (0/8339/0), network size: 0, avg network size: 0, si_in_serializable: 0 0 %, local: 0 %
I1126 15:12:55.820317 996363 Coordinator.h:126] commit: 1880485 abort: 8515 (0/8515/0), network size: 0, avg network size: 0, si_in_serializable: 0 0 %, local: 0 %
I1126 15:12:56.820412 996363 Coordinator.h:126] commit: 1879467 abort: 8533 (0/8533/0), network size: 0, avg network size: 0, si_in_serializable: 0 0 %, local: 0 %
I1126 15:12:57.820508 996363 Coordinator.h:126] commit: 1862622 abort: 8378 (0/8378/0), network size: 0, avg network size: 0, si_in_serializable: 0 0 %, local: 0 %
I1126 15:12:58.820604 996363 Coordinator.h:126] commit: 1616915 abort: 7085 (0/7085/0), network size: 0, avg network size: 0, si_in_serializable: 0 0 %, local: 0 %
I1126 15:12:59.820701 996363 Coordinator.h:126] commit: 1882531 abort: 8469 (0/8469/0), network size: 0, avg network size: 0, si_in_serializable: 0 0 %, local: 0 %
I1126 15:13:00.820798 996363 Coordinator.h:126] commit: 1876519 abort: 8481 (0/8481/0), network size: 0, avg network size: 0, si_in_serializable: 0 0 %, local: 0 %
I1126 15:13:01.820914 996363 Coordinator.h:126] commit: 1880556 abort: 8444 (0/8444/0), network size: 0, avg network size: 0, si_in_serializable: 0 0 %, local: 0 %
I1126 15:13:02.821035 996363 Coordinator.h:126] commit: 1872591 abort: 8409 (0/8409/0), network size: 0, avg network size: 0, si_in_serializable: 0 0 %, local: 0 %
I1126 15:13:03.821142 996363 Coordinator.h:126] commit: 1878546 abort: 8454 (0/8454/0), network size: 0, avg network size: 0, si_in_serializable: 0 0 %, local: 0 %
I1126 15:13:04.821240 996363 Coordinator.h:126] commit: 1877455 abort: 8545 (0/8545/0), network size: 0, avg network size: 0, si_in_serializable: 0 0 %, local: 0 %
I1126 15:13:05.821339 996363 Coordinator.h:126] commit: 1879561 abort: 8439 (0/8439/0), network size: 0, avg network size: 0, si_in_serializable: 0 0 %, local: 0 %
I1126 15:13:06.821437 996363 Coordinator.h:126] commit: 1878529 abort: 8471 (0/8471/0), network size: 0, avg network size: 0, si_in_serializable: 0 0 %, local: 0 %
I1126 15:13:07.821533 996363 Coordinator.h:126] commit: 1881522 abort: 8478 (0/8478/0), network size: 0, avg network size: 0, si_in_serializable: 0 0 %, local: 0 %
I1126 15:13:08.821625 996363 Coordinator.h:126] commit: 1876533 abort: 8467 (0/8467/0), network size: 0, avg network size: 0, si_in_serializable: 0 0 %, local: 0 %
I1126 15:13:09.821720 996363 Coordinator.h:126] commit: 1882588 abort: 8412 (0/8412/0), network size: 0, avg network size: 0, si_in_serializable: 0 0 %, local: 0 %
I1126 15:13:09.821744 996363 Coordinator.h:152] average commit: 1.85077e+06 abort: 8331.3 (0/8331.3/0), network size: 0, avg network size: 0, si_in_serializable: 0 0 %, local: 0 %
I1126 15:13:09.822150 996391 Manager.h:227] Manager(worker id = 12) on the coordinator node exits.
I1126 15:13:09.822154 996379 AriaExecutor.h:107] AriaExecutor 0 exits. 
I1126 15:13:09.822167 996381 AriaExecutor.h:107] AriaExecutor 2 exits. 
I1126 15:13:09.822173 996388 AriaExecutor.h:107] AriaExecutor 9 exits. 
I1126 15:13:09.822160 996380 AriaExecutor.h:107] AriaExecutor 1 exits. 
I1126 15:13:09.822151 996385 AriaExecutor.h:107] AriaExecutor 6 exits. 
I1126 15:13:09.822161 996383 AriaExecutor.h:107] AriaExecutor 4 exits. 
I1126 15:13:09.822161 996390 AriaExecutor.h:107] AriaExecutor 11 exits. 
I1126 15:13:09.822161 996384 AriaExecutor.h:107] AriaExecutor 5 exits. 
I1126 15:13:09.822162 996382 AriaExecutor.h:107] AriaExecutor 3 exits. 
I1126 15:13:09.822161 996386 AriaExecutor.h:107] AriaExecutor 7 exits. 
I1126 15:13:09.822167 996387 AriaExecutor.h:107] AriaExecutor 8 exits. 
I1126 15:13:09.822161 996389 AriaExecutor.h:107] AriaExecutor 10 exits. 
I1126 15:13:09.821759 996363 AriaExecutor.h:705] Worker 0 latency: 359 us (50%) 415 us (75%) 464 us (95%) 479 us (99%).
I1126 15:13:09.957340 996363 AriaExecutor.h:705] Worker 1 latency: 357 us (50%) 414 us (75%) 463 us (95%) 478 us (99%).
I1126 15:13:10.095649 996363 AriaExecutor.h:705] Worker 2 latency: 359 us (50%) 415 us (75%) 463 us (95%) 479 us (99%).
I1126 15:13:10.233625 996363 AriaExecutor.h:705] Worker 3 latency: 359 us (50%) 414 us (75%) 463 us (95%) 478 us (99%).
I1126 15:13:10.372457 996363 AriaExecutor.h:705] Worker 4 latency: 359 us (50%) 415 us (75%) 463 us (95%) 479 us (99%).
I1126 15:13:10.511257 996363 AriaExecutor.h:705] Worker 5 latency: 357 us (50%) 413 us (75%) 462 us (95%) 478 us (99%).
I1126 15:13:10.647719 996363 AriaExecutor.h:705] Worker 6 latency: 362 us (50%) 416 us (75%) 463 us (95%) 479 us (99%).
I1126 15:13:10.789137 996363 AriaExecutor.h:705] Worker 7 latency: 360 us (50%) 414 us (75%) 462 us (95%) 478 us (99%).
I1126 15:13:10.928514 996363 AriaExecutor.h:705] Worker 8 latency: 362 us (50%) 417 us (75%) 464 us (95%) 479 us (99%).
I1126 15:13:11.063832 996363 AriaExecutor.h:705] Worker 9 latency: 361 us (50%) 415 us (75%) 463 us (95%) 478 us (99%).
I1126 15:13:11.201948 996363 AriaExecutor.h:705] Worker 10 latency: 362 us (50%) 416 us (75%) 464 us (95%) 479 us (99%).
I1126 15:13:11.336861 996363 AriaExecutor.h:705] Worker 11 latency: 362 us (50%) 416 us (75%) 463 us (95%) 478 us (99%).
I1126 15:13:11.476747 996363 Coordinator.h:177] total commit: 1.85077e+06
I1126 15:13:12.476861 996363 Coordinator.h:192] Coordinator exits.
