I1126 13:28:25.854528 933328 Database.h:65] ycsb initialization finished in 30 milliseconds.
I1126 13:28:25.854619 933328 Coordinator.h:30] Coordinator initializes 12 workers.
I1126 13:28:25.862277 933328 Coordinator.h:77] Coordinator starts to run 13 workers.
I1126 13:28:25.862360 933344 AriaExecutor.h:82] AriaExecutor 0 started. 
I1126 13:28:25.862397 933345 AriaExecutor.h:82] AriaExecutor 1 started. 
I1126 13:28:25.862437 933346 AriaExecutor.h:82] AriaExecutor 2 started. 
I1126 13:28:25.862481 933347 AriaExecutor.h:82] AriaExecutor 3 started. 
I1126 13:28:25.862556 933349 AriaExecutor.h:82] AriaExecutor 5 started. 
I1126 13:28:25.862601 933350 AriaExecutor.h:82] AriaExecutor 6 started. 
I1126 13:28:25.862637 933351 AriaExecutor.h:82] AriaExecutor 7 started. 
I1126 13:28:25.862673 933352 AriaExecutor.h:82] AriaExecutor 8 started. 
I1126 13:28:25.862730 933353 AriaExecutor.h:82] AriaExecutor 9 started. 
I1126 13:28:25.862768 933354 AriaExecutor.h:82] AriaExecutor 10 started. 
I1126 13:28:25.862807 933355 AriaExecutor.h:82] AriaExecutor 11 started. 
I1126 13:28:25.862843 933348 AriaExecutor.h:82] AriaExecutor 4 started. 
I1126 13:28:25.862844 933356 Manager.h:224] Manager(worker id = 12) on the coordinator node started.
I1126 13:28:26.862901 933328 Coordinator.h:126] commit: 1017200 abort: 4800 (0/4800/0), network size: 0, avg network size: 0, si_in_serializable: 0 0 %, local: 0 %
I1126 13:28:27.863019 933328 Coordinator.h:126] commit: 1008204 abort: 4796 (0/4796/0), network size: 0, avg network size: 0, si_in_serializable: 0 0 %, local: 0 %
I1126 13:28:28.863143 933328 Coordinator.h:126] commit: 1023071 abort: 4929 (0/4929/0), network size: 0, avg network size: 0, si_in_serializable: 0 0 %, local: 0 %
I1126 13:28:29.863253 933328 Coordinator.h:126] commit: 1021104 abort: 4896 (0/4896/0), network size: 0, avg network size: 0, si_in_serializable: 0 0 %, local: 0 %
I1126 13:28:30.863358 933328 Coordinator.h:126] commit: 1030102 abort: 4898 (0/4898/0), network size: 0, avg network size: 0, si_in_serializable: 0 0 %, local: 0 %
I1126 13:28:31.863466 933328 Coordinator.h:126] commit: 1020096 abort: 4904 (0/4904/0), network size: 0, avg network size: 0, si_in_serializable: 0 0 %, local: 0 %
I1126 13:28:32.863587 933328 Coordinator.h:126] commit: 1008182 abort: 4818 (0/4818/0), network size: 0, avg network size: 0, si_in_serializable: 0 0 %, local: 0 %
I1126 13:28:33.863696 933328 Coordinator.h:126] commit: 1029060 abort: 4940 (0/4940/0), network size: 0, avg network size: 0, si_in_serializable: 0 0 %, local: 0 %
I1126 13:28:34.863801 933328 Coordinator.h:126] commit: 1030115 abort: 4885 (0/4885/0), network size: 0, avg network size: 0, si_in_serializable: 0 0 %, local: 0 %
I1126 13:28:35.863903 933328 Coordinator.h:126] commit: 1029106 abort: 4894 (0/4894/0), network size: 0, avg network size: 0, si_in_serializable: 0 0 %, local: 0 %
I1126 13:28:36.864003 933328 Coordinator.h:126] commit: 1028179 abort: 4821 (0/4821/0), network size: 0, avg network size: 0, si_in_serializable: 0 0 %, local: 0 %
I1126 13:28:37.864105 933328 Coordinator.h:126] commit: 1028011 abort: 4989 (0/4989/0), network size: 0, avg network size: 0, si_in_serializable: 0 0 %, local: 0 %
I1126 13:28:38.864207 933328 Coordinator.h:126] commit: 990264 abort: 4736 (0/4736/0), network size: 0, avg network size: 0, si_in_serializable: 0 0 %, local: 0 %
I1126 13:28:39.864312 933328 Coordinator.h:126] commit: 1029223 abort: 4777 (0/4777/0), network size: 0, avg network size: 0, si_in_serializable: 0 0 %, local: 0 %
I1126 13:28:40.864413 933328 Coordinator.h:126] commit: 1019124 abort: 4876 (0/4876/0), network size: 0, avg network size: 0, si_in_serializable: 0 0 %, local: 0 %
I1126 13:28:41.864532 933328 Coordinator.h:126] commit: 1029998 abort: 5002 (0/5002/0), network size: 0, avg network size: 0, si_in_serializable: 0 0 %, local: 0 %
I1126 13:28:42.864622 933328 Coordinator.h:126] commit: 1028891 abort: 5109 (0/5109/0), network size: 0, avg network size: 0, si_in_serializable: 0 0 %, local: 0 %
I1126 13:28:43.864722 933328 Coordinator.h:126] commit: 1028033 abort: 4967 (0/4967/0), network size: 0, avg network size: 0, si_in_serializable: 0 0 %, local: 0 %
I1126 13:28:44.864805 933328 Coordinator.h:126] commit: 1030161 abort: 4839 (0/4839/0), network size: 0, avg network size: 0, si_in_serializable: 0 0 %, local: 0 %
I1126 13:28:45.864903 933328 Coordinator.h:126] commit: 1028078 abort: 4922 (0/4922/0), network size: 0, avg network size: 0, si_in_serializable: 0 0 %, local: 0 %
I1126 13:28:46.864997 933328 Coordinator.h:126] commit: 1031134 abort: 4866 (0/4866/0), network size: 0, avg network size: 0, si_in_serializable: 0 0 %, local: 0 %
I1126 13:28:47.865095 933328 Coordinator.h:126] commit: 1031050 abort: 4950 (0/4950/0), network size: 0, avg network size: 0, si_in_serializable: 0 0 %, local: 0 %
I1126 13:28:48.865181 933328 Coordinator.h:126] commit: 1029187 abort: 4813 (0/4813/0), network size: 0, avg network size: 0, si_in_serializable: 0 0 %, local: 0 %
I1126 13:28:49.865279 933328 Coordinator.h:126] commit: 1028233 abort: 4767 (0/4767/0), network size: 0, avg network size: 0, si_in_serializable: 0 0 %, local: 0 %
I1126 13:28:50.865371 933328 Coordinator.h:126] commit: 941474 abort: 4526 (0/4526/0), network size: 0, avg network size: 0, si_in_serializable: 0 0 %, local: 0 %
I1126 13:28:50.865406 933328 Coordinator.h:152] average commit: 1.024e+06 abort: 4903.8 (0/4903.8/0), network size: 0, avg network size: 0, si_in_serializable: 0 0 %, local: 0 %
I1126 13:28:50.865844 933354 AriaExecutor.h:94] AriaExecutor 10 exits. 
I1126 13:28:50.865852 933356 Manager.h:227] Manager(worker id = 12) on the coordinator node exits.
I1126 13:28:50.865847 933352 AriaExecutor.h:94] AriaExecutor 8 exits. 
I1126 13:28:50.865849 933348 AriaExecutor.h:94] AriaExecutor 4 exits. 
I1126 13:28:50.865856 933345 AriaExecutor.h:94] AriaExecutor 1 exits. 
I1126 13:28:50.865846 933344 AriaExecutor.h:94] AriaExecutor 0 exits. 
I1126 13:28:50.865857 933355 AriaExecutor.h:94] AriaExecutor 11 exits. 
I1126 13:28:50.865857 933349 AriaExecutor.h:94] AriaExecutor 5 exits. 
I1126 13:28:50.865857 933351 AriaExecutor.h:94] AriaExecutor 7 exits. 
I1126 13:28:50.865856 933347 AriaExecutor.h:94] AriaExecutor 3 exits. 
I1126 13:28:50.865857 933353 AriaExecutor.h:94] AriaExecutor 9 exits. 
I1126 13:28:50.865845 933346 AriaExecutor.h:94] AriaExecutor 2 exits. 
I1126 13:28:50.865844 933350 AriaExecutor.h:94] AriaExecutor 6 exits. 
I1126 13:28:50.865415 933328 AriaExecutor.h:535] Worker 0 latency: 560 us (50%) 743 us (75%) 889 us (95%) 919 us (99%).
I1126 13:28:50.950987 933328 AriaExecutor.h:535] Worker 1 latency: 560 us (50%) 742 us (75%) 888 us (95%) 919 us (99%).
I1126 13:28:51.036422 933328 AriaExecutor.h:535] Worker 2 latency: 561 us (50%) 743 us (75%) 889 us (95%) 919 us (99%).
I1126 13:28:51.125454 933328 AriaExecutor.h:535] Worker 3 latency: 561 us (50%) 743 us (75%) 888 us (95%) 919 us (99%).
I1126 13:28:51.211764 933328 AriaExecutor.h:535] Worker 4 latency: 565 us (50%) 745 us (75%) 889 us (95%) 919 us (99%).
I1126 13:28:51.297698 933328 AriaExecutor.h:535] Worker 5 latency: 562 us (50%) 743 us (75%) 888 us (95%) 919 us (99%).
I1126 13:28:51.385749 933328 AriaExecutor.h:535] Worker 6 latency: 565 us (50%) 745 us (75%) 889 us (95%) 919 us (99%).
I1126 13:28:51.470732 933328 AriaExecutor.h:535] Worker 7 latency: 564 us (50%) 744 us (75%) 888 us (95%) 919 us (99%).
I1126 13:28:51.555557 933328 AriaExecutor.h:535] Worker 8 latency: 565 us (50%) 745 us (75%) 889 us (95%) 919 us (99%).
I1126 13:28:51.642272 933328 AriaExecutor.h:535] Worker 9 latency: 565 us (50%) 744 us (75%) 888 us (95%) 919 us (99%).
I1126 13:28:51.729435 933328 AriaExecutor.h:535] Worker 10 latency: 565 us (50%) 745 us (75%) 889 us (95%) 919 us (99%).
I1126 13:28:51.815399 933328 AriaExecutor.h:535] Worker 11 latency: 565 us (50%) 744 us (75%) 888 us (95%) 919 us (99%).
I1126 13:28:51.899621 933328 Coordinator.h:177] total commit: 1.024e+06
I1126 13:28:52.899737 933328 Coordinator.h:192] Coordinator exits.
