I1126 18:12:17.874763 1070730 Database.h:65] ycsb initialization finished in 30 milliseconds.
I1126 18:12:17.874859 1070730 Coordinator.h:30] Coordinator initializes 12 workers.
I1126 18:12:17.875767 1070730 Coordinator.h:77] Coordinator starts to run 13 workers.
I1126 18:12:17.875818 1070746 AriaExecutor.h:91] AriaExecutor 0 started. 
I1126 18:12:17.875845 1070747 AriaExecutor.h:91] AriaExecutor 1 started. 
I1126 18:12:17.875887 1070748 AriaExecutor.h:91] AriaExecutor 2 started. 
I1126 18:12:17.875928 1070749 AriaExecutor.h:91] AriaExecutor 3 started. 
I1126 18:12:17.875970 1070750 AriaExecutor.h:91] AriaExecutor 4 started. 
I1126 18:12:17.876008 1070751 AriaExecutor.h:91] AriaExecutor 5 started. 
I1126 18:12:17.876039 1070752 AriaExecutor.h:91] AriaExecutor 6 started. 
I1126 18:12:17.876094 1070753 AriaExecutor.h:91] AriaExecutor 7 started. 
I1126 18:12:17.876139 1070754 AriaExecutor.h:91] AriaExecutor 8 started. 
I1126 18:12:17.876188 1070755 AriaExecutor.h:91] AriaExecutor 9 started. 
I1126 18:12:17.876241 1070756 AriaExecutor.h:91] AriaExecutor 10 started. 
I1126 18:12:17.876296 1070757 AriaExecutor.h:91] AriaExecutor 11 started. 
I1126 18:12:17.876338 1070758 Manager.h:224] Manager(worker id = 12) on the coordinator node started.
I1126 18:12:18.876399 1070730 Coordinator.h:126] commit: 1986458 abort: 88542 (0/88542/0), network size: 0, avg network size: 0, si_in_serializable: 0 0 %, local: 0 %
I1126 18:12:19.876515 1070730 Coordinator.h:126] commit: 1945709 abort: 87291 (0/87291/0), network size: 0, avg network size: 0, si_in_serializable: 0 0 %, local: 0 %
I1126 18:12:20.876637 1070730 Coordinator.h:126] commit: 2001043 abort: 89957 (0/89957/0), network size: 0, avg network size: 0, si_in_serializable: 0 0 %, local: 0 %
I1126 18:12:21.876740 1070730 Coordinator.h:126] commit: 1954444 abort: 87556 (0/87556/0), network size: 0, avg network size: 0, si_in_serializable: 0 0 %, local: 0 %
I1126 18:12:22.876830 1070730 Coordinator.h:126] commit: 2007368 abort: 89632 (0/89632/0), network size: 0, avg network size: 0, si_in_serializable: 0 0 %, local: 0 %
I1126 18:12:23.876921 1070730 Coordinator.h:126] commit: 2000360 abort: 89640 (0/89640/0), network size: 0, avg network size: 0, si_in_serializable: 0 0 %, local: 0 %
I1126 18:12:24.877015 1070730 Coordinator.h:126] commit: 1852440 abort: 83560 (0/83560/0), network size: 0, avg network size: 0, si_in_serializable: 0 0 %, local: 0 %
I1126 18:12:25.877110 1070730 Coordinator.h:126] commit: 1997740 abort: 89260 (0/89260/0), network size: 0, avg network size: 0, si_in_serializable: 0 0 %, local: 0 %
I1126 18:12:26.877233 1070730 Coordinator.h:126] commit: 2000548 abort: 89452 (0/89452/0), network size: 0, avg network size: 0, si_in_serializable: 0 0 %, local: 0 %
I1126 18:12:27.877334 1070730 Coordinator.h:126] commit: 1992819 abort: 89181 (0/89181/0), network size: 0, avg network size: 0, si_in_serializable: 0 0 %, local: 0 %
I1126 18:12:28.877429 1070730 Coordinator.h:126] commit: 2002771 abort: 89151 (0/89151/0), network size: 0, avg network size: 0, si_in_serializable: 0 0 %, local: 0 %
I1126 18:12:29.877522 1070730 Coordinator.h:126] commit: 1992979 abort: 89099 (0/89099/0), network size: 0, avg network size: 0, si_in_serializable: 0 0 %, local: 0 %
I1126 18:12:30.877616 1070730 Coordinator.h:126] commit: 1722816 abort: 77184 (0/77184/0), network size: 0, avg network size: 0, si_in_serializable: 0 0 %, local: 0 %
I1126 18:12:31.877712 1070730 Coordinator.h:126] commit: 2000817 abort: 89183 (0/89183/0), network size: 0, avg network size: 0, si_in_serializable: 0 0 %, local: 0 %
I1126 18:12:32.877801 1070730 Coordinator.h:126] commit: 2004429 abort: 89571 (0/89571/0), network size: 0, avg network size: 0, si_in_serializable: 0 0 %, local: 0 %
I1126 18:12:33.877915 1070730 Coordinator.h:126] commit: 1987299 abort: 88701 (0/88701/0), network size: 0, avg network size: 0, si_in_serializable: 0 0 %, local: 0 %
I1126 18:12:34.878015 1070730 Coordinator.h:126] commit: 2004058 abort: 89942 (0/89942/0), network size: 0, avg network size: 0, si_in_serializable: 0 0 %, local: 0 %
I1126 18:12:35.878113 1070730 Coordinator.h:126] commit: 2009196 abort: 89815 (0/89815/0), network size: 0, avg network size: 0, si_in_serializable: 0 0 %, local: 0 %
I1126 18:12:36.878209 1070730 Coordinator.h:126] commit: 2005371 abort: 89618 (0/89618/0), network size: 0, avg network size: 0, si_in_serializable: 0 0 %, local: 0 %
I1126 18:12:37.878301 1070730 Coordinator.h:126] commit: 2005304 abort: 89696 (0/89696/0), network size: 0, avg network size: 0, si_in_serializable: 0 0 %, local: 0 %
I1126 18:12:38.878412 1070730 Coordinator.h:126] commit: 2004430 abort: 89570 (0/89570/0), network size: 0, avg network size: 0, si_in_serializable: 0 0 %, local: 0 %
I1126 18:12:39.878505 1070730 Coordinator.h:126] commit: 2003547 abort: 89453 (0/89453/0), network size: 0, avg network size: 0, si_in_serializable: 0 0 %, local: 0 %
I1126 18:12:40.878598 1070730 Coordinator.h:126] commit: 2003539 abort: 89461 (0/89461/0), network size: 0, avg network size: 0, si_in_serializable: 0 0 %, local: 0 %
I1126 18:12:41.878695 1070730 Coordinator.h:126] commit: 2004329 abort: 89671 (0/89671/0), network size: 0, avg network size: 0, si_in_serializable: 0 0 %, local: 0 %
I1126 18:12:42.878788 1070730 Coordinator.h:126] commit: 1991563 abort: 89281 (0/89281/0), network size: 0, avg network size: 0, si_in_serializable: 0 0 %, local: 0 %
I1126 18:12:42.878811 1070730 Coordinator.h:152] average commit: 1.9735e+06 abort: 88196 (0/88196/0), network size: 0, avg network size: 0, si_in_serializable: 0 0 %, local: 0 %
I1126 18:12:42.879462 1070758 Manager.h:227] Manager(worker id = 12) on the coordinator node exits.
I1126 18:12:42.879465 1070750 AriaExecutor.h:103] AriaExecutor 4 exits. 
I1126 18:12:42.879469 1070756 AriaExecutor.h:103] AriaExecutor 10 exits. 
I1126 18:12:42.879462 1070746 AriaExecutor.h:103] AriaExecutor 0 exits. 
I1126 18:12:42.879477 1070753 AriaExecutor.h:103] AriaExecutor 7 exits. 
I1126 18:12:42.879468 1070748 AriaExecutor.h:103] AriaExecutor 2 exits. 
I1126 18:12:42.879467 1070752 AriaExecutor.h:103] AriaExecutor 6 exits. 
I1126 18:12:42.879469 1070754 AriaExecutor.h:103] AriaExecutor 8 exits. 
I1126 18:12:42.879477 1070757 AriaExecutor.h:103] AriaExecutor 11 exits. 
I1126 18:12:42.879477 1070755 AriaExecutor.h:103] AriaExecutor 9 exits. 
I1126 18:12:42.879477 1070749 AriaExecutor.h:103] AriaExecutor 3 exits. 
I1126 18:12:42.879477 1070747 AriaExecutor.h:103] AriaExecutor 1 exits. 
I1126 18:12:42.879477 1070751 AriaExecutor.h:103] AriaExecutor 5 exits. 
I1126 18:12:42.878823 1070730 AriaExecutor.h:621] Worker 0 latency: 321 us (50%) 373 us (75%) 417 us (95%) 431 us (99%).
I1126 18:12:43.035684 1070730 AriaExecutor.h:621] Worker 1 latency: 319 us (50%) 371 us (75%) 415 us (95%) 430 us (99%).
I1126 18:12:43.209980 1070730 AriaExecutor.h:621] Worker 2 latency: 323 us (50%) 373 us (75%) 416 us (95%) 431 us (99%).
I1126 18:12:43.364609 1070730 AriaExecutor.h:621] Worker 3 latency: 322 us (50%) 372 us (75%) 415 us (95%) 430 us (99%).
I1126 18:12:43.537420 1070730 AriaExecutor.h:621] Worker 4 latency: 323 us (50%) 373 us (75%) 416 us (95%) 430 us (99%).
I1126 18:12:43.690030 1070730 AriaExecutor.h:621] Worker 5 latency: 319 us (50%) 370 us (75%) 415 us (95%) 429 us (99%).
I1126 18:12:43.861028 1070730 AriaExecutor.h:621] Worker 6 latency: 324 us (50%) 373 us (75%) 416 us (95%) 431 us (99%).
I1126 18:12:44.014670 1070730 AriaExecutor.h:621] Worker 7 latency: 322 us (50%) 371 us (75%) 415 us (95%) 429 us (99%).
I1126 18:12:44.191107 1070730 AriaExecutor.h:621] Worker 8 latency: 326 us (50%) 375 us (75%) 417 us (95%) 431 us (99%).
I1126 18:12:44.345351 1070730 AriaExecutor.h:621] Worker 9 latency: 322 us (50%) 372 us (75%) 415 us (95%) 430 us (99%).
I1126 18:12:44.519232 1070730 AriaExecutor.h:621] Worker 10 latency: 324 us (50%) 374 us (75%) 417 us (95%) 431 us (99%).
I1126 18:12:44.671066 1070730 AriaExecutor.h:621] Worker 11 latency: 324 us (50%) 373 us (75%) 416 us (95%) 430 us (99%).
I1126 18:12:44.839448 1070730 Coordinator.h:177] total commit: 1.9735e+06
I1126 18:12:45.839561 1070730 Coordinator.h:192] Coordinator exits.
