I1126 13:46:09.789572 944690 Database.h:65] ycsb initialization finished in 30 milliseconds.
I1126 13:46:09.789675 944690 Coordinator.h:30] Coordinator initializes 12 workers.
I1126 13:46:09.797255 944690 Coordinator.h:77] Coordinator starts to run 13 workers.
I1126 13:46:09.797317 944706 AriaExecutor.h:82] AriaExecutor 0 started. 
I1126 13:46:09.797340 944707 AriaExecutor.h:82] AriaExecutor 1 started. 
I1126 13:46:09.797389 944708 AriaExecutor.h:82] AriaExecutor 2 started. 
I1126 13:46:09.797439 944709 AriaExecutor.h:82] AriaExecutor 3 started. 
I1126 13:46:09.797492 944710 AriaExecutor.h:82] AriaExecutor 4 started. 
I1126 13:46:09.797550 944711 AriaExecutor.h:82] AriaExecutor 5 started. 
I1126 13:46:09.797593 944712 AriaExecutor.h:82] AriaExecutor 6 started. 
I1126 13:46:09.797643 944713 AriaExecutor.h:82] AriaExecutor 7 started. 
I1126 13:46:09.797693 944714 AriaExecutor.h:82] AriaExecutor 8 started. 
I1126 13:46:09.797753 944715 AriaExecutor.h:82] AriaExecutor 9 started. 
I1126 13:46:09.797799 944716 AriaExecutor.h:82] AriaExecutor 10 started. 
I1126 13:46:09.797863 944717 AriaExecutor.h:82] AriaExecutor 11 started. 
I1126 13:46:09.797912 944718 Manager.h:224] Manager(worker id = 12) on the coordinator node started.
I1126 13:46:10.797974 944690 Coordinator.h:126] commit: 891628 abort: 124372 (0/124372/0), network size: 0, avg network size: 0, si_in_serializable: 0 0 %, local: 0 %
I1126 13:46:11.798100 944690 Coordinator.h:126] commit: 886949 abort: 122051 (0/122051/0), network size: 0, avg network size: 0, si_in_serializable: 0 0 %, local: 0 %
I1126 13:46:12.798221 944690 Coordinator.h:126] commit: 905287 abort: 125713 (0/125713/0), network size: 0, avg network size: 0, si_in_serializable: 0 0 %, local: 0 %
I1126 13:46:13.798326 944690 Coordinator.h:126] commit: 896679 abort: 124321 (0/124321/0), network size: 0, avg network size: 0, si_in_serializable: 0 0 %, local: 0 %
I1126 13:46:14.798424 944690 Coordinator.h:126] commit: 906723 abort: 126277 (0/126277/0), network size: 0, avg network size: 0, si_in_serializable: 0 0 %, local: 0 %
I1126 13:46:15.798518 944690 Coordinator.h:126] commit: 899327 abort: 124673 (0/124673/0), network size: 0, avg network size: 0, si_in_serializable: 0 0 %, local: 0 %
I1126 13:46:16.798632 944690 Coordinator.h:126] commit: 890412 abort: 123588 (0/123588/0), network size: 0, avg network size: 0, si_in_serializable: 0 0 %, local: 0 %
I1126 13:46:17.798731 944690 Coordinator.h:126] commit: 882484 abort: 122516 (0/122516/0), network size: 0, avg network size: 0, si_in_serializable: 0 0 %, local: 0 %
I1126 13:46:18.798822 944690 Coordinator.h:126] commit: 910161 abort: 125839 (0/125839/0), network size: 0, avg network size: 0, si_in_serializable: 0 0 %, local: 0 %
I1126 13:46:19.798913 944690 Coordinator.h:126] commit: 906545 abort: 126455 (0/126455/0), network size: 0, avg network size: 0, si_in_serializable: 0 0 %, local: 0 %
I1126 13:46:20.799003 944690 Coordinator.h:126] commit: 909525 abort: 125475 (0/125475/0), network size: 0, avg network size: 0, si_in_serializable: 0 0 %, local: 0 %
I1126 13:46:21.799093 944690 Coordinator.h:126] commit: 907689 abort: 125311 (0/125311/0), network size: 0, avg network size: 0, si_in_serializable: 0 0 %, local: 0 %
I1126 13:46:22.799209 944690 Coordinator.h:126] commit: 897904 abort: 124096 (0/124096/0), network size: 0, avg network size: 0, si_in_serializable: 0 0 %, local: 0 %
I1126 13:46:23.799307 944690 Coordinator.h:126] commit: 888266 abort: 122734 (0/122734/0), network size: 0, avg network size: 0, si_in_serializable: 0 0 %, local: 0 %
I1126 13:46:24.799399 944690 Coordinator.h:126] commit: 864826 abort: 120174 (0/120174/0), network size: 0, avg network size: 0, si_in_serializable: 0 0 %, local: 0 %
I1126 13:46:25.799491 944690 Coordinator.h:126] commit: 906176 abort: 125824 (0/125824/0), network size: 0, avg network size: 0, si_in_serializable: 0 0 %, local: 0 %
I1126 13:46:26.799582 944690 Coordinator.h:126] commit: 907804 abort: 126196 (0/126196/0), network size: 0, avg network size: 0, si_in_serializable: 0 0 %, local: 0 %
I1126 13:46:27.799672 944690 Coordinator.h:126] commit: 905747 abort: 125253 (0/125253/0), network size: 0, avg network size: 0, si_in_serializable: 0 0 %, local: 0 %
I1126 13:46:28.799764 944690 Coordinator.h:126] commit: 908238 abort: 126762 (0/126762/0), network size: 0, avg network size: 0, si_in_serializable: 0 0 %, local: 0 %
I1126 13:46:29.799856 944690 Coordinator.h:126] commit: 906369 abort: 125651 (0/125651/0), network size: 0, avg network size: 0, si_in_serializable: 0 0 %, local: 0 %
I1126 13:46:30.799944 944690 Coordinator.h:126] commit: 908044 abort: 125936 (0/125936/0), network size: 0, avg network size: 0, si_in_serializable: 0 0 %, local: 0 %
I1126 13:46:31.800036 944690 Coordinator.h:126] commit: 905729 abort: 126271 (0/126271/0), network size: 0, avg network size: 0, si_in_serializable: 0 0 %, local: 0 %
I1126 13:46:32.800127 944690 Coordinator.h:126] commit: 906864 abort: 125136 (0/125136/0), network size: 0, avg network size: 0, si_in_serializable: 0 0 %, local: 0 %
I1126 13:46:33.800220 944690 Coordinator.h:126] commit: 908304 abort: 125696 (0/125696/0), network size: 0, avg network size: 0, si_in_serializable: 0 0 %, local: 0 %
I1126 13:46:34.800312 944690 Coordinator.h:126] commit: 902560 abort: 124440 (0/124440/0), network size: 0, avg network size: 0, si_in_serializable: 0 0 %, local: 0 %
I1126 13:46:34.800334 944690 Coordinator.h:152] average commit: 900254 abort: 124748 (0/124748/0), network size: 0, avg network size: 0, si_in_serializable: 0 0 %, local: 0 %
I1126 13:46:34.801148 944716 AriaExecutor.h:94] AriaExecutor 10 exits. 
I1126 13:46:34.801149 944708 AriaExecutor.h:94] AriaExecutor 2 exits. 
I1126 13:46:34.801157 944713 AriaExecutor.h:94] AriaExecutor 7 exits. 
I1126 13:46:34.801172 944709 AriaExecutor.h:94] AriaExecutor 3 exits. 
I1126 13:46:34.801149 944712 AriaExecutor.h:94] AriaExecutor 6 exits. 
I1126 13:46:34.801158 944711 AriaExecutor.h:94] AriaExecutor 5 exits. 
I1126 13:46:34.801159 944717 AriaExecutor.h:94] AriaExecutor 11 exits. 
I1126 13:46:34.801160 944707 AriaExecutor.h:94] AriaExecutor 1 exits. 
I1126 13:46:34.801149 944718 Manager.h:227] Manager(worker id = 12) on the coordinator node exits.
I1126 13:46:34.801151 944714 AriaExecutor.h:94] AriaExecutor 8 exits. 
I1126 13:46:34.801148 944710 AriaExecutor.h:94] AriaExecutor 4 exits. 
I1126 13:46:34.801149 944706 AriaExecutor.h:94] AriaExecutor 0 exits. 
I1126 13:46:34.801164 944715 AriaExecutor.h:94] AriaExecutor 9 exits. 
I1126 13:46:34.800346 944690 AriaExecutor.h:535] Worker 0 latency: 583 us (50%) 761 us (75%) 896 us (95%) 924 us (99%).
I1126 13:46:34.880963 944690 AriaExecutor.h:535] Worker 1 latency: 581 us (50%) 760 us (75%) 895 us (95%) 923 us (99%).
I1126 13:46:34.970038 944690 AriaExecutor.h:535] Worker 2 latency: 583 us (50%) 761 us (75%) 896 us (95%) 924 us (99%).
I1126 13:46:35.049741 944690 AriaExecutor.h:535] Worker 3 latency: 582 us (50%) 760 us (75%) 895 us (95%) 923 us (99%).
I1126 13:46:35.137056 944690 AriaExecutor.h:535] Worker 4 latency: 586 us (50%) 762 us (75%) 896 us (95%) 924 us (99%).
I1126 13:46:35.215680 944690 AriaExecutor.h:535] Worker 5 latency: 584 us (50%) 761 us (75%) 895 us (95%) 923 us (99%).
I1126 13:46:35.303416 944690 AriaExecutor.h:535] Worker 6 latency: 587 us (50%) 763 us (75%) 896 us (95%) 924 us (99%).
I1126 13:46:35.383092 944690 AriaExecutor.h:535] Worker 7 latency: 585 us (50%) 761 us (75%) 895 us (95%) 923 us (99%).
I1126 13:46:35.470593 944690 AriaExecutor.h:535] Worker 8 latency: 587 us (50%) 763 us (75%) 896 us (95%) 924 us (99%).
I1126 13:46:35.549990 944690 AriaExecutor.h:535] Worker 9 latency: 585 us (50%) 761 us (75%) 896 us (95%) 923 us (99%).
I1126 13:46:35.637782 944690 AriaExecutor.h:535] Worker 10 latency: 587 us (50%) 763 us (75%) 896 us (95%) 924 us (99%).
I1126 13:46:35.717304 944690 AriaExecutor.h:535] Worker 11 latency: 585 us (50%) 761 us (75%) 896 us (95%) 923 us (99%).
I1126 13:46:35.805685 944690 Coordinator.h:177] total commit: 900254
I1126 13:46:36.805794 944690 Coordinator.h:192] Coordinator exits.
