I1126 17:59:40.618106 1063996 Database.h:65] ycsb initialization finished in 30 milliseconds.
I1126 17:59:40.618204 1063996 Coordinator.h:30] Coordinator initializes 12 workers.
I1126 17:59:40.619074 1063996 Coordinator.h:77] Coordinator starts to run 13 workers.
I1126 17:59:40.619133 1064012 AriaExecutor.h:91] AriaExecutor 0 started. 
I1126 17:59:40.619174 1064013 AriaExecutor.h:91] AriaExecutor 1 started. 
I1126 17:59:40.619211 1064014 AriaExecutor.h:91] AriaExecutor 2 started. 
I1126 17:59:40.619258 1064015 AriaExecutor.h:91] AriaExecutor 3 started. 
I1126 17:59:40.619339 1064017 AriaExecutor.h:91] AriaExecutor 5 started. 
I1126 17:59:40.619381 1064018 AriaExecutor.h:91] AriaExecutor 6 started. 
I1126 17:59:40.619426 1064019 AriaExecutor.h:91] AriaExecutor 7 started. 
I1126 17:59:40.619467 1064020 AriaExecutor.h:91] AriaExecutor 8 started. 
I1126 17:59:40.619515 1064021 AriaExecutor.h:91] AriaExecutor 9 started. 
I1126 17:59:40.619549 1064022 AriaExecutor.h:91] AriaExecutor 10 started. 
I1126 17:59:40.619597 1064023 AriaExecutor.h:91] AriaExecutor 11 started. 
I1126 17:59:40.619630 1064016 AriaExecutor.h:91] AriaExecutor 4 started. 
I1126 17:59:40.619632 1064024 Manager.h:224] Manager(worker id = 12) on the coordinator node started.
I1126 17:59:41.619704 1063996 Coordinator.h:126] commit: 2067848 abort: 11152 (0/11152/0), network size: 0, avg network size: 0, si_in_serializable: 0 0 %, local: 0 %
I1126 17:59:42.619827 1063996 Coordinator.h:126] commit: 2040847 abort: 11153 (0/11153/0), network size: 0, avg network size: 0, si_in_serializable: 0 0 %, local: 0 %
I1126 17:59:43.619952 1063996 Coordinator.h:126] commit: 2089545 abort: 11455 (0/11455/0), network size: 0, avg network size: 0, si_in_serializable: 0 0 %, local: 0 %
I1126 17:59:44.620059 1063996 Coordinator.h:126] commit: 2068595 abort: 11405 (0/11405/0), network size: 0, avg network size: 0, si_in_serializable: 0 0 %, local: 0 %
I1126 17:59:45.620144 1063996 Coordinator.h:126] commit: 2097687 abort: 11313 (0/11313/0), network size: 0, avg network size: 0, si_in_serializable: 0 0 %, local: 0 %
I1126 17:59:46.620245 1063996 Coordinator.h:126] commit: 2100505 abort: 11495 (0/11495/0), network size: 0, avg network size: 0, si_in_serializable: 0 0 %, local: 0 %
I1126 17:59:47.620350 1063996 Coordinator.h:126] commit: 1974115 abort: 10885 (0/10885/0), network size: 0, avg network size: 0, si_in_serializable: 0 0 %, local: 0 %
I1126 17:59:48.620455 1063996 Coordinator.h:126] commit: 2097369 abort: 11631 (0/11631/0), network size: 0, avg network size: 0, si_in_serializable: 0 0 %, local: 0 %
I1126 17:59:49.620543 1063996 Coordinator.h:126] commit: 2096425 abort: 11523 (0/11523/0), network size: 0, avg network size: 0, si_in_serializable: 0 0 %, local: 0 %
I1126 17:59:50.620641 1063996 Coordinator.h:126] commit: 2096643 abort: 11408 (0/11408/0), network size: 0, avg network size: 0, si_in_serializable: 0 0 %, local: 0 %
I1126 17:59:51.620728 1063996 Coordinator.h:126] commit: 2094455 abort: 11545 (0/11545/0), network size: 0, avg network size: 0, si_in_serializable: 0 0 %, local: 0 %
I1126 17:59:52.620827 1063996 Coordinator.h:126] commit: 2093363 abort: 11637 (0/11637/0), network size: 0, avg network size: 0, si_in_serializable: 0 0 %, local: 0 %
I1126 17:59:53.620929 1063996 Coordinator.h:126] commit: 1886734 abort: 10266 (0/10266/0), network size: 0, avg network size: 0, si_in_serializable: 0 0 %, local: 0 %
I1126 17:59:54.621050 1063996 Coordinator.h:126] commit: 2079669 abort: 11331 (0/11331/0), network size: 0, avg network size: 0, si_in_serializable: 0 0 %, local: 0 %
I1126 17:59:55.621147 1063996 Coordinator.h:126] commit: 2089598 abort: 11402 (0/11402/0), network size: 0, avg network size: 0, si_in_serializable: 0 0 %, local: 0 %
I1126 17:59:56.621245 1063996 Coordinator.h:126] commit: 2093335 abort: 11665 (0/11665/0), network size: 0, avg network size: 0, si_in_serializable: 0 0 %, local: 0 %
I1126 17:59:57.621333 1063996 Coordinator.h:126] commit: 2091516 abort: 11484 (0/11484/0), network size: 0, avg network size: 0, si_in_serializable: 0 0 %, local: 0 %
I1126 17:59:58.621431 1063996 Coordinator.h:126] commit: 2094524 abort: 11476 (0/11476/0), network size: 0, avg network size: 0, si_in_serializable: 0 0 %, local: 0 %
I1126 17:59:59.621519 1063996 Coordinator.h:126] commit: 2091422 abort: 11578 (0/11578/0), network size: 0, avg network size: 0, si_in_serializable: 0 0 %, local: 0 %
I1126 18:00:00.621614 1063996 Coordinator.h:126] commit: 2091563 abort: 11437 (0/11437/0), network size: 0, avg network size: 0, si_in_serializable: 0 0 %, local: 0 %
I1126 18:00:01.621713 1063996 Coordinator.h:126] commit: 2089353 abort: 11609 (0/11609/0), network size: 0, avg network size: 0, si_in_serializable: 0 0 %, local: 0 %
I1126 18:00:02.621812 1063996 Coordinator.h:126] commit: 2091579 abort: 11459 (0/11459/0), network size: 0, avg network size: 0, si_in_serializable: 0 0 %, local: 0 %
I1126 18:00:03.621908 1063996 Coordinator.h:126] commit: 2091390 abort: 11610 (0/11610/0), network size: 0, avg network size: 0, si_in_serializable: 0 0 %, local: 0 %
I1126 18:00:04.621994 1063996 Coordinator.h:126] commit: 2090699 abort: 11301 (0/11301/0), network size: 0, avg network size: 0, si_in_serializable: 0 0 %, local: 0 %
I1126 18:00:05.622119 1063996 Coordinator.h:126] commit: 1570384 abort: 8616 (0/8616/0), network size: 0, avg network size: 0, si_in_serializable: 0 0 %, local: 0 %
I1126 18:00:05.622140 1063996 Coordinator.h:152] average commit: 2.07062e+06 abort: 11382.1 (0/11382.1/0), network size: 0, avg network size: 0, si_in_serializable: 0 0 %, local: 0 %
I1126 18:00:05.622442 1064022 AriaExecutor.h:103] AriaExecutor 10 exits. 
I1126 18:00:05.622443 1064020 AriaExecutor.h:103] AriaExecutor 8 exits. 
I1126 18:00:05.622455 1064024 Manager.h:227] Manager(worker id = 12) on the coordinator node exits.
I1126 18:00:05.622447 1064018 AriaExecutor.h:103] AriaExecutor 6 exits. 
I1126 18:00:05.622447 1064016 AriaExecutor.h:103] AriaExecutor 4 exits. 
I1126 18:00:05.622457 1064021 AriaExecutor.h:103] AriaExecutor 9 exits. 
I1126 18:00:05.622457 1064013 AriaExecutor.h:103] AriaExecutor 1 exits. 
I1126 18:00:05.622457 1064019 AriaExecutor.h:103] AriaExecutor 7 exits. 
I1126 18:00:05.622457 1064023 AriaExecutor.h:103] AriaExecutor 11 exits. 
I1126 18:00:05.622457 1064015 AriaExecutor.h:103] AriaExecutor 3 exits. 
I1126 18:00:05.622457 1064017 AriaExecutor.h:103] AriaExecutor 5 exits. 
I1126 18:00:05.622447 1064014 AriaExecutor.h:103] AriaExecutor 2 exits. 
I1126 18:00:05.622453 1064012 AriaExecutor.h:103] AriaExecutor 0 exits. 
I1126 18:00:05.622148 1063996 AriaExecutor.h:621] Worker 0 latency: 315 us (50%) 368 us (75%) 414 us (95%) 428 us (99%).
I1126 18:00:05.779260 1063996 AriaExecutor.h:621] Worker 1 latency: 313 us (50%) 366 us (75%) 412 us (95%) 427 us (99%).
I1126 18:00:05.939035 1063996 AriaExecutor.h:621] Worker 2 latency: 316 us (50%) 368 us (75%) 413 us (95%) 428 us (99%).
I1126 18:00:06.093600 1063996 AriaExecutor.h:621] Worker 3 latency: 316 us (50%) 367 us (75%) 412 us (95%) 427 us (99%).
I1126 18:00:06.248541 1063996 AriaExecutor.h:621] Worker 4 latency: 317 us (50%) 368 us (75%) 413 us (95%) 428 us (99%).
I1126 18:00:06.402405 1063996 AriaExecutor.h:621] Worker 5 latency: 314 us (50%) 366 us (75%) 412 us (95%) 427 us (99%).
I1126 18:00:06.560998 1063996 AriaExecutor.h:621] Worker 6 latency: 320 us (50%) 370 us (75%) 414 us (95%) 428 us (99%).
I1126 18:00:06.713958 1063996 AriaExecutor.h:621] Worker 7 latency: 317 us (50%) 367 us (75%) 412 us (95%) 427 us (99%).
I1126 18:00:06.869131 1063996 AriaExecutor.h:621] Worker 8 latency: 320 us (50%) 370 us (75%) 414 us (95%) 428 us (99%).
I1126 18:00:07.024031 1063996 AriaExecutor.h:621] Worker 9 latency: 317 us (50%) 368 us (75%) 412 us (95%) 427 us (99%).
I1126 18:00:07.177067 1063996 AriaExecutor.h:621] Worker 10 latency: 320 us (50%) 370 us (75%) 414 us (95%) 428 us (99%).
I1126 18:00:07.328159 1063996 AriaExecutor.h:621] Worker 11 latency: 318 us (50%) 368 us (75%) 413 us (95%) 427 us (99%).
I1126 18:00:07.480327 1063996 Coordinator.h:177] total commit: 2.07062e+06
I1126 18:00:08.480445 1063996 Coordinator.h:192] Coordinator exits.
