I0911 23:31:36.949164 2947618 Database.h:65] ycsb initialization finished in 192 milliseconds.
I0911 23:31:36.949287 2947618 Coordinator.h:30] Coordinator initializes 16 workers.
I0911 23:31:36.957106 2947618 Coordinator.h:77] Coordinator starts to run 17 workers.
I0911 23:31:36.957166 2947638 AriaExecutor.h:82] AriaExecutor 0 started. 
I0911 23:31:36.957204 2947639 AriaExecutor.h:82] AriaExecutor 1 started. 
I0911 23:31:36.957254 2947640 AriaExecutor.h:82] AriaExecutor 2 started. 
I0911 23:31:36.957300 2947641 AriaExecutor.h:82] AriaExecutor 3 started. 
I0911 23:31:36.957333 2947642 AriaExecutor.h:82] AriaExecutor 4 started. 
I0911 23:31:36.957376 2947643 AriaExecutor.h:82] AriaExecutor 5 started. 
I0911 23:31:36.957413 2947644 AriaExecutor.h:82] AriaExecutor 6 started. 
I0911 23:31:36.957451 2947645 AriaExecutor.h:82] AriaExecutor 7 started. 
I0911 23:31:36.957494 2947646 AriaExecutor.h:82] AriaExecutor 8 started. 
I0911 23:31:36.957545 2947647 AriaExecutor.h:82] AriaExecutor 9 started. 
I0911 23:31:36.957578 2947648 AriaExecutor.h:82] AriaExecutor 10 started. 
I0911 23:31:36.957620 2947649 AriaExecutor.h:82] AriaExecutor 11 started. 
I0911 23:31:36.957655 2947650 AriaExecutor.h:82] AriaExecutor 12 started. 
I0911 23:31:36.957698 2947651 AriaExecutor.h:82] AriaExecutor 13 started. 
I0911 23:31:36.957737 2947652 AriaExecutor.h:82] AriaExecutor 14 started. 
I0911 23:31:36.957778 2947653 AriaExecutor.h:82] AriaExecutor 15 started. 
I0911 23:31:36.957815 2947654 Manager.h:224] Manager(worker id = 16) on the coordinator node started.
I0911 23:31:37.957872 2947618 Coordinator.h:126] commit: 109822 abort: 76546 (0/76546/0), network size: 0, avg network size: 0, si_in_serializable: 0 0 %, local: 0 %
I0911 23:31:38.957998 2947618 Coordinator.h:126] commit: 109448 abort: 75896 (0/75896/0), network size: 0, avg network size: 0, si_in_serializable: 0 0 %, local: 0 %
I0911 23:31:39.958086 2947618 Coordinator.h:126] commit: 105788 abort: 73412 (0/73412/0), network size: 0, avg network size: 0, si_in_serializable: 0 0 %, local: 0 %
I0911 23:31:40.958166 2947618 Coordinator.h:126] commit: 107314 abort: 74958 (0/74958/0), network size: 0, avg network size: 0, si_in_serializable: 0 0 %, local: 0 %
I0911 23:31:41.958283 2947618 Coordinator.h:126] commit: 110405 abort: 76987 (0/76987/0), network size: 0, avg network size: 0, si_in_serializable: 0 0 %, local: 0 %
I0911 23:31:42.958391 2947618 Coordinator.h:126] commit: 111894 abort: 77546 (0/77546/0), network size: 0, avg network size: 0, si_in_serializable: 0 0 %, local: 0 %
I0911 23:31:43.958480 2947618 Coordinator.h:126] commit: 111809 abort: 77631 (0/77631/0), network size: 0, avg network size: 0, si_in_serializable: 0 0 %, local: 0 %
I0911 23:31:44.958557 2947618 Coordinator.h:126] commit: 111032 abort: 76360 (0/76360/0), network size: 0, avg network size: 0, si_in_serializable: 0 0 %, local: 0 %
I0911 23:31:45.958632 2947618 Coordinator.h:126] commit: 107916 abort: 75380 (0/75380/0), network size: 0, avg network size: 0, si_in_serializable: 0 0 %, local: 0 %
I0911 23:31:46.958714 2947618 Coordinator.h:126] commit: 108680 abort: 75640 (0/75640/0), network size: 0, avg network size: 0, si_in_serializable: 0 0 %, local: 0 %
I0911 23:31:47.958791 2947618 Coordinator.h:126] commit: 111193 abort: 77223 (0/77223/0), network size: 0, avg network size: 0, si_in_serializable: 0 0 %, local: 0 %
I0911 23:31:48.958899 2947618 Coordinator.h:126] commit: 111756 abort: 77684 (0/77684/0), network size: 0, avg network size: 0, si_in_serializable: 0 0 %, local: 0 %
I0911 23:31:49.958997 2947618 Coordinator.h:126] commit: 111810 abort: 77630 (0/77630/0), network size: 0, avg network size: 0, si_in_serializable: 0 0 %, local: 0 %
I0911 23:31:50.959075 2947618 Coordinator.h:126] commit: 111893 abort: 77547 (0/77547/0), network size: 0, avg network size: 0, si_in_serializable: 0 0 %, local: 0 %
I0911 23:31:51.959147 2947618 Coordinator.h:126] commit: 111624 abort: 77816 (0/77816/0), network size: 0, avg network size: 0, si_in_serializable: 0 0 %, local: 0 %
I0911 23:31:52.959223 2947618 Coordinator.h:126] commit: 111310 abort: 77106 (0/77106/0), network size: 0, avg network size: 0, si_in_serializable: 0 0 %, local: 0 %
I0911 23:31:53.959302 2947618 Coordinator.h:126] commit: 111543 abort: 77897 (0/77897/0), network size: 0, avg network size: 0, si_in_serializable: 0 0 %, local: 0 %
I0911 23:31:54.959380 2947618 Coordinator.h:126] commit: 112008 abort: 77432 (0/77432/0), network size: 0, avg network size: 0, si_in_serializable: 0 0 %, local: 0 %
I0911 23:31:55.959460 2947618 Coordinator.h:126] commit: 111082 abort: 77334 (0/77334/0), network size: 0, avg network size: 0, si_in_serializable: 0 0 %, local: 0 %
I0911 23:31:56.959535 2947618 Coordinator.h:126] commit: 108120 abort: 75176 (0/75176/0), network size: 0, avg network size: 0, si_in_serializable: 0 0 %, local: 0 %
I0911 23:31:57.959611 2947618 Coordinator.h:126] commit: 111884 abort: 77556 (0/77556/0), network size: 0, avg network size: 0, si_in_serializable: 0 0 %, local: 0 %
I0911 23:31:58.959687 2947618 Coordinator.h:126] commit: 109759 abort: 76609 (0/76609/0), network size: 0, avg network size: 0, si_in_serializable: 0 0 %, local: 0 %
I0911 23:31:59.959793 2947618 Coordinator.h:126] commit: 111718 abort: 77722 (0/77722/0), network size: 0, avg network size: 0, si_in_serializable: 0 0 %, local: 0 %
I0911 23:32:00.959908 2947618 Coordinator.h:126] commit: 111481 abort: 77959 (0/77959/0), network size: 0, avg network size: 0, si_in_serializable: 0 0 %, local: 0 %
I0911 23:32:01.959983 2947618 Coordinator.h:126] commit: 110951 abort: 77465 (0/77465/0), network size: 0, avg network size: 0, si_in_serializable: 0 0 %, local: 0 %
I0911 23:32:01.959995 2947618 Coordinator.h:152] average commit: 111234 abort: 77284.5 (0/77284.5/0), network size: 0, avg network size: 0, si_in_serializable: 0 0 %, local: 0 %
I0911 23:32:01.962798 2947650 AriaExecutor.h:94] AriaExecutor 12 exits. 
I0911 23:32:01.962798 2947644 AriaExecutor.h:94] AriaExecutor 6 exits. 
I0911 23:32:01.962798 2947646 AriaExecutor.h:94] AriaExecutor 8 exits. 
I0911 23:32:01.962800 2947652 AriaExecutor.h:94] AriaExecutor 14 exits. 
I0911 23:32:01.962814 2947641 AriaExecutor.h:94] AriaExecutor 3 exits. 
I0911 23:32:01.962800 2947648 AriaExecutor.h:94] AriaExecutor 10 exits. 
I0911 23:32:01.962800 2947638 AriaExecutor.h:94] AriaExecutor 0 exits. 
I0911 23:32:01.962800 2947642 AriaExecutor.h:94] AriaExecutor 4 exits. 
I0911 23:32:01.962800 2947654 Manager.h:227] Manager(worker id = 16) on the coordinator node exits.
I0911 23:32:01.962815 2947639 AriaExecutor.h:94] AriaExecutor 1 exits. 
I0911 23:32:01.962815 2947645 AriaExecutor.h:94] AriaExecutor 7 exits. 
I0911 23:32:01.962816 2947649 AriaExecutor.h:94] AriaExecutor 11 exits. 
I0911 23:32:01.962815 2947643 AriaExecutor.h:94] AriaExecutor 5 exits. 
I0911 23:32:01.962816 2947647 AriaExecutor.h:94] AriaExecutor 9 exits. 
I0911 23:32:01.962816 2947653 AriaExecutor.h:94] AriaExecutor 15 exits. 
I0911 23:32:01.962817 2947651 AriaExecutor.h:94] AriaExecutor 13 exits. 
I0911 23:32:01.962800 2947640 AriaExecutor.h:94] AriaExecutor 2 exits. 
I0911 23:32:01.960003 2947618 AriaExecutor.h:641] Worker 0 latency: 4359 us (50%) 4791 us (75%) 5073 us (95%) 5156 us (99%).
I0911 23:32:01.968745 2947618 AriaExecutor.h:641] Worker 1 latency: 4343 us (50%) 4786 us (75%) 5070 us (95%) 5152 us (99%).
I0911 23:32:01.978268 2947618 AriaExecutor.h:641] Worker 2 latency: 4363 us (50%) 4791 us (75%) 5072 us (95%) 5154 us (99%).
I0911 23:32:01.986997 2947618 AriaExecutor.h:641] Worker 3 latency: 4352 us (50%) 4788 us (75%) 5070 us (95%) 5153 us (99%).
I0911 23:32:01.996445 2947618 AriaExecutor.h:641] Worker 4 latency: 4346 us (50%) 4786 us (75%) 5071 us (95%) 5154 us (99%).
I0911 23:32:02.005110 2947618 AriaExecutor.h:641] Worker 5 latency: 4343 us (50%) 4786 us (75%) 5070 us (95%) 5152 us (99%).
I0911 23:32:02.014457 2947618 AriaExecutor.h:641] Worker 6 latency: 4360 us (50%) 4790 us (75%) 5072 us (95%) 5154 us (99%).
I0911 23:32:02.023043 2947618 AriaExecutor.h:641] Worker 7 latency: 4353 us (50%) 4789 us (75%) 5070 us (95%) 5151 us (99%).
I0911 23:32:02.032421 2947618 AriaExecutor.h:641] Worker 8 latency: 4354 us (50%) 4789 us (75%) 5071 us (95%) 5154 us (99%).
I0911 23:32:02.040944 2947618 AriaExecutor.h:641] Worker 9 latency: 4346 us (50%) 4785 us (75%) 5070 us (95%) 5152 us (99%).
I0911 23:32:02.050462 2947618 AriaExecutor.h:641] Worker 10 latency: 4359 us (50%) 4792 us (75%) 5071 us (95%) 5154 us (99%).
I0911 23:32:02.058918 2947618 AriaExecutor.h:641] Worker 11 latency: 4350 us (50%) 4787 us (75%) 5070 us (95%) 5151 us (99%).
I0911 23:32:02.068341 2947618 AriaExecutor.h:641] Worker 12 latency: 4362 us (50%) 4792 us (75%) 5071 us (95%) 5153 us (99%).
I0911 23:32:02.076856 2947618 AriaExecutor.h:641] Worker 13 latency: 4342 us (50%) 4785 us (75%) 5070 us (95%) 5152 us (99%).
I0911 23:32:02.086306 2947618 AriaExecutor.h:641] Worker 14 latency: 4360 us (50%) 4793 us (75%) 5072 us (95%) 5155 us (99%).
I0911 23:32:02.094903 2947618 AriaExecutor.h:641] Worker 15 latency: 4354 us (50%) 4788 us (75%) 5069 us (95%) 5150 us (99%).
I0911 23:32:02.104341 2947618 Coordinator.h:177] total commit: 111234
I0911 23:32:03.104449 2947618 Coordinator.h:192] Coordinator exits.
