I1126 15:49:26.556732 1020476 Database.h:65] ycsb initialization finished in 30 milliseconds.
I1126 15:49:26.556829 1020476 Coordinator.h:30] Coordinator initializes 12 workers.
I1126 15:49:26.628949 1020476 Coordinator.h:77] Coordinator starts to run 13 workers.
I1126 15:49:26.629009 1020492 AriaExecutor.h:93] AriaExecutor 0 started. 
I1126 15:49:26.629035 1020493 AriaExecutor.h:93] AriaExecutor 1 started. 
I1126 15:49:26.629074 1020494 AriaExecutor.h:93] AriaExecutor 2 started. 
I1126 15:49:26.629117 1020495 AriaExecutor.h:93] AriaExecutor 3 started. 
I1126 15:49:26.629190 1020497 AriaExecutor.h:93] AriaExecutor 5 started. 
I1126 15:49:26.629235 1020498 AriaExecutor.h:93] AriaExecutor 6 started. 
I1126 15:49:26.629272 1020499 AriaExecutor.h:93] AriaExecutor 7 started. 
I1126 15:49:26.629307 1020500 AriaExecutor.h:93] AriaExecutor 8 started. 
I1126 15:49:26.629354 1020501 AriaExecutor.h:93] AriaExecutor 9 started. 
I1126 15:49:26.629388 1020502 AriaExecutor.h:93] AriaExecutor 10 started. 
I1126 15:49:26.629442 1020503 AriaExecutor.h:93] AriaExecutor 11 started. 
I1126 15:49:26.629474 1020496 AriaExecutor.h:93] AriaExecutor 4 started. 
I1126 15:49:26.629479 1020504 Manager.h:224] Manager(worker id = 12) on the coordinator node started.
I1126 15:49:27.629557 1020476 Coordinator.h:126] commit: 8414 abort: 201586 (0/201586/0), network size: 0, avg network size: 0, si_in_serializable: 0 0 %, local: 0 %
I1126 15:49:28.629696 1020476 Coordinator.h:126] commit: 8770 abort: 211230 (0/211230/0), network size: 0, avg network size: 0, si_in_serializable: 0 0 %, local: 0 %
I1126 15:49:29.629837 1020476 Coordinator.h:126] commit: 8736 abort: 211264 (0/211264/0), network size: 0, avg network size: 0, si_in_serializable: 0 0 %, local: 0 %
I1126 15:49:30.629969 1020476 Coordinator.h:126] commit: 9104 abort: 220896 (0/220896/0), network size: 0, avg network size: 0, si_in_serializable: 0 0 %, local: 0 %
I1126 15:49:31.630093 1020476 Coordinator.h:126] commit: 8681 abort: 211319 (0/211319/0), network size: 0, avg network size: 0, si_in_serializable: 0 0 %, local: 0 %
I1126 15:49:32.630208 1020476 Coordinator.h:126] commit: 9172 abort: 220828 (0/220828/0), network size: 0, avg network size: 0, si_in_serializable: 0 0 %, local: 0 %
I1126 15:49:33.630352 1020476 Coordinator.h:126] commit: 8773 abort: 211227 (0/211227/0), network size: 0, avg network size: 0, si_in_serializable: 0 0 %, local: 0 %
I1126 15:49:34.630472 1020476 Coordinator.h:126] commit: 9107 abort: 220893 (0/220893/0), network size: 0, avg network size: 0, si_in_serializable: 0 0 %, local: 0 %
I1126 15:49:35.630584 1020476 Coordinator.h:126] commit: 8792 abort: 211208 (0/211208/0), network size: 0, avg network size: 0, si_in_serializable: 0 0 %, local: 0 %
I1126 15:49:36.630704 1020476 Coordinator.h:126] commit: 9118 abort: 220882 (0/220882/0), network size: 0, avg network size: 0, si_in_serializable: 0 0 %, local: 0 %
I1126 15:49:37.630821 1020476 Coordinator.h:126] commit: 9164 abort: 220836 (0/220836/0), network size: 0, avg network size: 0, si_in_serializable: 0 0 %, local: 0 %
I1126 15:49:38.630954 1020476 Coordinator.h:126] commit: 8830 abort: 211170 (0/211170/0), network size: 0, avg network size: 0, si_in_serializable: 0 0 %, local: 0 %
I1126 15:49:39.631042 1020476 Coordinator.h:126] commit: 9191 abort: 220809 (0/220809/0), network size: 0, avg network size: 0, si_in_serializable: 0 0 %, local: 0 %
I1126 15:49:40.631126 1020476 Coordinator.h:126] commit: 9212 abort: 220788 (0/220788/0), network size: 0, avg network size: 0, si_in_serializable: 0 0 %, local: 0 %
I1126 15:49:41.631229 1020476 Coordinator.h:126] commit: 8761 abort: 211239 (0/211239/0), network size: 0, avg network size: 0, si_in_serializable: 0 0 %, local: 0 %
I1126 15:49:42.631333 1020476 Coordinator.h:126] commit: 9173 abort: 220827 (0/220827/0), network size: 0, avg network size: 0, si_in_serializable: 0 0 %, local: 0 %
I1126 15:49:43.631412 1020476 Coordinator.h:126] commit: 9141 abort: 220859 (0/220859/0), network size: 0, avg network size: 0, si_in_serializable: 0 0 %, local: 0 %
I1126 15:49:44.631494 1020476 Coordinator.h:126] commit: 8820 abort: 211180 (0/211180/0), network size: 0, avg network size: 0, si_in_serializable: 0 0 %, local: 0 %
I1126 15:49:45.631608 1020476 Coordinator.h:126] commit: 9156 abort: 220844 (0/220844/0), network size: 0, avg network size: 0, si_in_serializable: 0 0 %, local: 0 %
I1126 15:49:46.631747 1020476 Coordinator.h:126] commit: 8800 abort: 211200 (0/211200/0), network size: 0, avg network size: 0, si_in_serializable: 0 0 %, local: 0 %
I1126 15:49:47.631853 1020476 Coordinator.h:126] commit: 9158 abort: 220842 (0/220842/0), network size: 0, avg network size: 0, si_in_serializable: 0 0 %, local: 0 %
I1126 15:49:48.631942 1020476 Coordinator.h:126] commit: 9116 abort: 220884 (0/220884/0), network size: 0, avg network size: 0, si_in_serializable: 0 0 %, local: 0 %
I1126 15:49:49.632030 1020476 Coordinator.h:126] commit: 8851 abort: 211149 (0/211149/0), network size: 0, avg network size: 0, si_in_serializable: 0 0 %, local: 0 %
I1126 15:49:50.632118 1020476 Coordinator.h:126] commit: 9159 abort: 220841 (0/220841/0), network size: 0, avg network size: 0, si_in_serializable: 0 0 %, local: 0 %
I1126 15:49:51.632220 1020476 Coordinator.h:126] commit: 8784 abort: 211216 (0/211216/0), network size: 0, avg network size: 0, si_in_serializable: 0 0 %, local: 0 %
I1126 15:49:51.632234 1020476 Coordinator.h:152] average commit: 9024.8 abort: 216975 (0/216975/0), network size: 0, avg network size: 0, si_in_serializable: 0 0 %, local: 0 %
I1126 15:49:51.632243 1020476 AriaExecutor.h:672] Worker 0 latency: 43327 us (50%) 43703 us (75%) 44698 us (95%) 51562 us (99%).
I1126 15:49:51.638178 1020504 Manager.h:227] Manager(worker id = 12) on the coordinator node exits.
I1126 15:49:51.638182 1020502 AriaExecutor.h:105] AriaExecutor 10 exits. 
I1126 15:49:51.638180 1020492 AriaExecutor.h:105] AriaExecutor 0 exits. 
I1126 15:49:51.638190 1020499 AriaExecutor.h:105] AriaExecutor 7 exits. 
I1126 15:49:51.638180 1020494 AriaExecutor.h:105] AriaExecutor 2 exits. 
I1126 15:49:51.638180 1020498 AriaExecutor.h:105] AriaExecutor 6 exits. 
I1126 15:49:51.638181 1020500 AriaExecutor.h:105] AriaExecutor 8 exits. 
I1126 15:49:51.638191 1020503 AriaExecutor.h:105] AriaExecutor 11 exits. 
I1126 15:49:51.638191 1020497 AriaExecutor.h:105] AriaExecutor 5 exits. 
I1126 15:49:51.638191 1020501 AriaExecutor.h:105] AriaExecutor 9 exits. 
I1126 15:49:51.638181 1020496 AriaExecutor.h:105] AriaExecutor 4 exits. 
I1126 15:49:51.638191 1020495 AriaExecutor.h:105] AriaExecutor 3 exits. 
I1126 15:49:51.638191 1020493 AriaExecutor.h:105] AriaExecutor 1 exits. 
I1126 15:49:51.638360 1020476 AriaExecutor.h:672] Worker 1 latency: 43306 us (50%) 43691 us (75%) 44627 us (95%) 51602 us (99%).
I1126 15:49:51.639433 1020476 AriaExecutor.h:672] Worker 2 latency: 43335 us (50%) 43706 us (75%) 44697 us (95%) 51622 us (99%).
I1126 15:49:51.640415 1020476 AriaExecutor.h:672] Worker 3 latency: 43329 us (50%) 43701 us (75%) 44615 us (95%) 51459 us (99%).
I1126 15:49:51.641398 1020476 AriaExecutor.h:672] Worker 4 latency: 43319 us (50%) 43698 us (75%) 44647 us (95%) 51533 us (99%).
I1126 15:49:51.642417 1020476 AriaExecutor.h:672] Worker 5 latency: 43301 us (50%) 43687 us (75%) 44622 us (95%) 51392 us (99%).
I1126 15:49:51.643419 1020476 AriaExecutor.h:672] Worker 6 latency: 43323 us (50%) 43702 us (75%) 44684 us (95%) 51298 us (99%).
I1126 15:49:51.644419 1020476 AriaExecutor.h:672] Worker 7 latency: 43320 us (50%) 43697 us (75%) 44647 us (95%) 51610 us (99%).
I1126 15:49:51.645426 1020476 AriaExecutor.h:672] Worker 8 latency: 43324 us (50%) 43702 us (75%) 44685 us (95%) 51502 us (99%).
I1126 15:49:51.646416 1020476 AriaExecutor.h:672] Worker 9 latency: 43306 us (50%) 43693 us (75%) 44662 us (95%) 51655 us (99%).
I1126 15:49:51.647413 1020476 AriaExecutor.h:672] Worker 10 latency: 43326 us (50%) 43702 us (75%) 44679 us (95%) 51576 us (99%).
I1126 15:49:51.648399 1020476 AriaExecutor.h:672] Worker 11 latency: 43322 us (50%) 43696 us (75%) 44628 us (95%) 51354 us (99%).
I1126 15:49:51.649407 1020476 Coordinator.h:177] total commit: 9024.8
I1126 15:49:52.649510 1020476 Coordinator.h:192] Coordinator exits.
