I1126 15:30:35.448338 1008020 Database.h:65] ycsb initialization finished in 30 milliseconds.
I1126 15:30:35.448447 1008020 Coordinator.h:30] Coordinator initializes 12 workers.
I1126 15:30:35.455447 1008020 Coordinator.h:77] Coordinator starts to run 13 workers.
I1126 15:30:35.455497 1008036 AriaExecutor.h:95] AriaExecutor 0 started. 
I1126 15:30:35.455528 1008037 AriaExecutor.h:95] AriaExecutor 1 started. 
I1126 15:30:35.455570 1008038 AriaExecutor.h:95] AriaExecutor 2 started. 
I1126 15:30:35.455626 1008039 AriaExecutor.h:95] AriaExecutor 3 started. 
I1126 15:30:35.455690 1008041 AriaExecutor.h:95] AriaExecutor 5 started. 
I1126 15:30:35.455736 1008042 AriaExecutor.h:95] AriaExecutor 6 started. 
I1126 15:30:35.455771 1008043 AriaExecutor.h:95] AriaExecutor 7 started. 
I1126 15:30:35.455809 1008044 AriaExecutor.h:95] AriaExecutor 8 started. 
I1126 15:30:35.455853 1008045 AriaExecutor.h:95] AriaExecutor 9 started. 
I1126 15:30:35.455888 1008046 AriaExecutor.h:95] AriaExecutor 10 started. 
I1126 15:30:35.455938 1008047 AriaExecutor.h:95] AriaExecutor 11 started. 
I1126 15:30:35.455976 1008040 AriaExecutor.h:95] AriaExecutor 4 started. 
I1126 15:30:35.455981 1008048 Manager.h:224] Manager(worker id = 12) on the coordinator node started.
I1126 15:30:36.456043 1008020 Coordinator.h:126] commit: 1466667 abort: 453333 (0/453333/0), network size: 0, avg network size: 0, si_in_serializable: 0 0 %, local: 0 %
I1126 15:30:37.456171 1008020 Coordinator.h:126] commit: 1450784 abort: 449216 (0/449216/0), network size: 0, avg network size: 0, si_in_serializable: 0 0 %, local: 0 %
I1126 15:30:38.456296 1008020 Coordinator.h:126] commit: 1474653 abort: 455347 (0/455347/0), network size: 0, avg network size: 0, si_in_serializable: 0 0 %, local: 0 %
I1126 15:30:39.456396 1008020 Coordinator.h:126] commit: 1482122 abort: 457878 (0/457878/0), network size: 0, avg network size: 0, si_in_serializable: 0 0 %, local: 0 %
I1126 15:30:40.456509 1008020 Coordinator.h:126] commit: 1465699 abort: 452374 (0/452374/0), network size: 0, avg network size: 0, si_in_serializable: 0 0 %, local: 0 %
I1126 15:30:41.456620 1008020 Coordinator.h:126] commit: 1475757 abort: 456169 (0/456169/0), network size: 0, avg network size: 0, si_in_serializable: 0 0 %, local: 0 %
I1126 15:30:42.456727 1008020 Coordinator.h:126] commit: 1471857 abort: 453284 (0/453284/0), network size: 0, avg network size: 0, si_in_serializable: 0 0 %, local: 0 %
I1126 15:30:43.456811 1008020 Coordinator.h:126] commit: 1477897 abort: 456961 (0/456961/0), network size: 0, avg network size: 0, si_in_serializable: 0 0 %, local: 0 %
I1126 15:30:44.456938 1008020 Coordinator.h:126] commit: 1428343 abort: 441657 (0/441657/0), network size: 0, avg network size: 0, si_in_serializable: 0 0 %, local: 0 %
I1126 15:30:45.457033 1008020 Coordinator.h:126] commit: 1482627 abort: 457373 (0/457373/0), network size: 0, avg network size: 0, si_in_serializable: 0 0 %, local: 0 %
I1126 15:30:46.457137 1008020 Coordinator.h:126] commit: 1481503 abort: 458497 (0/458497/0), network size: 0, avg network size: 0, si_in_serializable: 0 0 %, local: 0 %
I1126 15:30:47.457229 1008020 Coordinator.h:126] commit: 1481361 abort: 458639 (0/458639/0), network size: 0, avg network size: 0, si_in_serializable: 0 0 %, local: 0 %
I1126 15:30:48.457334 1008020 Coordinator.h:126] commit: 1482720 abort: 457280 (0/457280/0), network size: 0, avg network size: 0, si_in_serializable: 0 0 %, local: 0 %
I1126 15:30:49.457432 1008020 Coordinator.h:126] commit: 1482670 abort: 457330 (0/457330/0), network size: 0, avg network size: 0, si_in_serializable: 0 0 %, local: 0 %
I1126 15:30:50.457540 1008020 Coordinator.h:126] commit: 1482871 abort: 457129 (0/457129/0), network size: 0, avg network size: 0, si_in_serializable: 0 0 %, local: 0 %
I1126 15:30:51.457677 1008020 Coordinator.h:126] commit: 1459087 abort: 450913 (0/450913/0), network size: 0, avg network size: 0, si_in_serializable: 0 0 %, local: 0 %
I1126 15:30:52.457787 1008020 Coordinator.h:126] commit: 1483117 abort: 456883 (0/456883/0), network size: 0, avg network size: 0, si_in_serializable: 0 0 %, local: 0 %
I1126 15:30:53.457877 1008020 Coordinator.h:126] commit: 1337130 abort: 412870 (0/412870/0), network size: 0, avg network size: 0, si_in_serializable: 0 0 %, local: 0 %
I1126 15:30:54.457957 1008020 Coordinator.h:126] commit: 1483151 abort: 456849 (0/456849/0), network size: 0, avg network size: 0, si_in_serializable: 0 0 %, local: 0 %
I1126 15:30:55.458050 1008020 Coordinator.h:126] commit: 1475106 abort: 454894 (0/454894/0), network size: 0, avg network size: 0, si_in_serializable: 0 0 %, local: 0 %
I1126 15:30:56.458158 1008020 Coordinator.h:126] commit: 1482104 abort: 457896 (0/457896/0), network size: 0, avg network size: 0, si_in_serializable: 0 0 %, local: 0 %
I1126 15:30:57.458258 1008020 Coordinator.h:126] commit: 1482644 abort: 457356 (0/457356/0), network size: 0, avg network size: 0, si_in_serializable: 0 0 %, local: 0 %
I1126 15:30:58.458334 1008020 Coordinator.h:126] commit: 1482640 abort: 457360 (0/457360/0), network size: 0, avg network size: 0, si_in_serializable: 0 0 %, local: 0 %
I1126 15:30:59.458415 1008020 Coordinator.h:126] commit: 1481532 abort: 458468 (0/458468/0), network size: 0, avg network size: 0, si_in_serializable: 0 0 %, local: 0 %
I1126 15:31:00.458508 1008020 Coordinator.h:126] commit: 1475408 abort: 454612 (0/454612/0), network size: 0, avg network size: 0, si_in_serializable: 0 0 %, local: 0 %
I1126 15:31:00.458563 1008020 Coordinator.h:152] average commit: 1.46487e+06 abort: 452128 (0/452128/0), network size: 0, avg network size: 0, si_in_serializable: 0 0 %, local: 0 %
I1126 15:31:00.458928 1008036 AriaExecutor.h:107] AriaExecutor 0 exits. 
I1126 15:31:00.458930 1008038 AriaExecutor.h:107] AriaExecutor 2 exits. 
I1126 15:31:00.458943 1008041 AriaExecutor.h:107] AriaExecutor 5 exits. 
I1126 15:31:00.458930 1008042 AriaExecutor.h:107] AriaExecutor 6 exits. 
I1126 15:31:00.458930 1008044 AriaExecutor.h:107] AriaExecutor 8 exits. 
I1126 15:31:00.458930 1008046 AriaExecutor.h:107] AriaExecutor 10 exits. 
I1126 15:31:00.458942 1008039 AriaExecutor.h:107] AriaExecutor 3 exits. 
I1126 15:31:00.458930 1008048 Manager.h:227] Manager(worker id = 12) on the coordinator node exits.
I1126 15:31:00.458942 1008043 AriaExecutor.h:107] AriaExecutor 7 exits. 
I1126 15:31:00.458943 1008037 AriaExecutor.h:107] AriaExecutor 1 exits. 
I1126 15:31:00.458942 1008047 AriaExecutor.h:107] AriaExecutor 11 exits. 
I1126 15:31:00.458943 1008045 AriaExecutor.h:107] AriaExecutor 9 exits. 
I1126 15:31:00.458930 1008040 AriaExecutor.h:107] AriaExecutor 4 exits. 
I1126 15:31:00.458573 1008020 AriaExecutor.h:705] Worker 0 latency: 3714 us (50%) 4216 us (75%) 4576 us (95%) 4669 us (99%).
I1126 15:31:00.579074 1008020 AriaExecutor.h:705] Worker 1 latency: 3719 us (50%) 4219 us (75%) 4577 us (95%) 4669 us (99%).
I1126 15:31:00.714915 1008020 AriaExecutor.h:705] Worker 2 latency: 3727 us (50%) 4221 us (75%) 4575 us (95%) 4666 us (99%).
I1126 15:31:00.836496 1008020 AriaExecutor.h:705] Worker 3 latency: 3720 us (50%) 4219 us (75%) 4575 us (95%) 4667 us (99%).
I1126 15:31:00.971729 1008020 AriaExecutor.h:705] Worker 4 latency: 3717 us (50%) 4216 us (75%) 4573 us (95%) 4665 us (99%).
I1126 15:31:01.094658 1008020 AriaExecutor.h:705] Worker 5 latency: 3724 us (50%) 4221 us (75%) 4575 us (95%) 4667 us (99%).
I1126 15:31:01.231302 1008020 AriaExecutor.h:705] Worker 6 latency: 3729 us (50%) 4222 us (75%) 4576 us (95%) 4667 us (99%).
I1126 15:31:01.350826 1008020 AriaExecutor.h:705] Worker 7 latency: 3723 us (50%) 4222 us (75%) 4577 us (95%) 4669 us (99%).
I1126 15:31:01.484455 1008020 AriaExecutor.h:705] Worker 8 latency: 3717 us (50%) 4217 us (75%) 4575 us (95%) 4667 us (99%).
I1126 15:31:01.601269 1008020 AriaExecutor.h:705] Worker 9 latency: 3723 us (50%) 4221 us (75%) 4576 us (95%) 4668 us (99%).
I1126 15:31:01.737195 1008020 AriaExecutor.h:705] Worker 10 latency: 3724 us (50%) 4220 us (75%) 4575 us (95%) 4666 us (99%).
I1126 15:31:01.859079 1008020 AriaExecutor.h:705] Worker 11 latency: 3727 us (50%) 4224 us (75%) 4577 us (95%) 4668 us (99%).
I1126 15:31:01.996790 1008020 Coordinator.h:177] total commit: 1.46487e+06
I1126 15:31:02.996919 1008020 Coordinator.h:192] Coordinator exits.
