I1126 13:54:06.056032 949445 Database.h:65] ycsb initialization finished in 30 milliseconds.
I1126 13:54:06.056136 949445 Coordinator.h:30] Coordinator initializes 12 workers.
I1126 13:54:06.063647 949445 Coordinator.h:77] Coordinator starts to run 13 workers.
I1126 13:54:06.063737 949461 AriaExecutor.h:82] AriaExecutor 0 started. 
I1126 13:54:06.063755 949462 AriaExecutor.h:82] AriaExecutor 1 started. 
I1126 13:54:06.063813 949463 AriaExecutor.h:82] AriaExecutor 2 started. 
I1126 13:54:06.063843 949464 AriaExecutor.h:82] AriaExecutor 3 started. 
I1126 13:54:06.063874 949465 AriaExecutor.h:82] AriaExecutor 4 started. 
I1126 13:54:06.063906 949466 AriaExecutor.h:82] AriaExecutor 5 started. 
I1126 13:54:06.063946 949467 AriaExecutor.h:82] AriaExecutor 6 started. 
I1126 13:54:06.063975 949468 AriaExecutor.h:82] AriaExecutor 7 started. 
I1126 13:54:06.064023 949469 AriaExecutor.h:82] AriaExecutor 8 started. 
I1126 13:54:06.064052 949470 AriaExecutor.h:82] AriaExecutor 9 started. 
I1126 13:54:06.064093 949471 AriaExecutor.h:82] AriaExecutor 10 started. 
I1126 13:54:06.064122 949472 AriaExecutor.h:82] AriaExecutor 11 started. 
I1126 13:54:06.064157 949473 Manager.h:224] Manager(worker id = 12) on the coordinator node started.
I1126 13:54:07.064213 949445 Coordinator.h:126] commit: 584 abort: 272416 (0/272416/0), network size: 0, avg network size: 0, si_in_serializable: 0 0 %, local: 0 %
I1126 13:54:08.064339 949445 Coordinator.h:126] commit: 581 abort: 273419 (0/273419/0), network size: 0, avg network size: 0, si_in_serializable: 0 0 %, local: 0 %
I1126 13:54:09.064496 949445 Coordinator.h:126] commit: 603 abort: 275397 (0/275397/0), network size: 0, avg network size: 0, si_in_serializable: 0 0 %, local: 0 %
I1126 13:54:10.064620 949445 Coordinator.h:126] commit: 592 abort: 278408 (0/278408/0), network size: 0, avg network size: 0, si_in_serializable: 0 0 %, local: 0 %
I1126 13:54:11.064699 949445 Coordinator.h:126] commit: 596 abort: 277404 (0/277404/0), network size: 0, avg network size: 0, si_in_serializable: 0 0 %, local: 0 %
I1126 13:54:12.064777 949445 Coordinator.h:126] commit: 587 abort: 275413 (0/275413/0), network size: 0, avg network size: 0, si_in_serializable: 0 0 %, local: 0 %
I1126 13:54:13.064880 949445 Coordinator.h:126] commit: 605 abort: 277395 (0/277395/0), network size: 0, avg network size: 0, si_in_serializable: 0 0 %, local: 0 %
I1126 13:54:14.064963 949445 Coordinator.h:126] commit: 590 abort: 278410 (0/278410/0), network size: 0, avg network size: 0, si_in_serializable: 0 0 %, local: 0 %
I1126 13:54:15.065039 949445 Coordinator.h:126] commit: 617 abort: 278383 (0/278383/0), network size: 0, avg network size: 0, si_in_serializable: 0 0 %, local: 0 %
I1126 13:54:16.065116 949445 Coordinator.h:126] commit: 612 abort: 278388 (0/278388/0), network size: 0, avg network size: 0, si_in_serializable: 0 0 %, local: 0 %
I1126 13:54:17.065196 949445 Coordinator.h:126] commit: 634 abort: 278366 (0/278366/0), network size: 0, avg network size: 0, si_in_serializable: 0 0 %, local: 0 %
I1126 13:54:18.065274 949445 Coordinator.h:126] commit: 602 abort: 279398 (0/279398/0), network size: 0, avg network size: 0, si_in_serializable: 0 0 %, local: 0 %
I1126 13:54:19.065364 949445 Coordinator.h:126] commit: 596 abort: 278404 (0/278404/0), network size: 0, avg network size: 0, si_in_serializable: 0 0 %, local: 0 %
I1126 13:54:20.065472 949445 Coordinator.h:126] commit: 597 abort: 279403 (0/279403/0), network size: 0, avg network size: 0, si_in_serializable: 0 0 %, local: 0 %
I1126 13:54:21.065552 949445 Coordinator.h:126] commit: 596 abort: 273404 (0/273404/0), network size: 0, avg network size: 0, si_in_serializable: 0 0 %, local: 0 %
I1126 13:54:22.065634 949445 Coordinator.h:126] commit: 596 abort: 278404 (0/278404/0), network size: 0, avg network size: 0, si_in_serializable: 0 0 %, local: 0 %
I1126 13:54:23.065711 949445 Coordinator.h:126] commit: 607 abort: 277393 (0/277393/0), network size: 0, avg network size: 0, si_in_serializable: 0 0 %, local: 0 %
I1126 13:54:24.065789 949445 Coordinator.h:126] commit: 589 abort: 278411 (0/278411/0), network size: 0, avg network size: 0, si_in_serializable: 0 0 %, local: 0 %
I1126 13:54:25.065888 949445 Coordinator.h:126] commit: 597 abort: 276403 (0/276403/0), network size: 0, avg network size: 0, si_in_serializable: 0 0 %, local: 0 %
I1126 13:54:26.065972 949445 Coordinator.h:126] commit: 614 abort: 278386 (0/278386/0), network size: 0, avg network size: 0, si_in_serializable: 0 0 %, local: 0 %
I1126 13:54:27.066049 949445 Coordinator.h:126] commit: 574 abort: 278426 (0/278426/0), network size: 0, avg network size: 0, si_in_serializable: 0 0 %, local: 0 %
I1126 13:54:28.066128 949445 Coordinator.h:126] commit: 563 abort: 277437 (0/277437/0), network size: 0, avg network size: 0, si_in_serializable: 0 0 %, local: 0 %
I1126 13:54:29.066207 949445 Coordinator.h:126] commit: 613 abort: 278387 (0/278387/0), network size: 0, avg network size: 0, si_in_serializable: 0 0 %, local: 0 %
I1126 13:54:30.066284 949445 Coordinator.h:126] commit: 602 abort: 277398 (0/277398/0), network size: 0, avg network size: 0, si_in_serializable: 0 0 %, local: 0 %
I1126 13:54:31.066361 949445 Coordinator.h:126] commit: 614 abort: 278386 (0/278386/0), network size: 0, avg network size: 0, si_in_serializable: 0 0 %, local: 0 %
I1126 13:54:31.066372 949445 Coordinator.h:152] average commit: 602.8 abort: 277797 (0/277797/0), network size: 0, avg network size: 0, si_in_serializable: 0 0 %, local: 0 %
I1126 13:54:31.066382 949445 AriaExecutor.h:535] Worker 0 latency: 3568 us (50%) 3588 us (75%) 3637 us (95%) 3692 us (99%).
I1126 13:54:31.069104 949466 AriaExecutor.h:94] AriaExecutor 5 exits. 
I1126 13:54:31.069104 949470 AriaExecutor.h:94] AriaExecutor 9 exits. 
I1126 13:54:31.069115 949473 Manager.h:227] Manager(worker id = 12) on the coordinator node exits.
I1126 13:54:31.069105 949468 AriaExecutor.h:94] AriaExecutor 7 exits. 
I1126 13:54:31.069105 949472 AriaExecutor.h:94] AriaExecutor 11 exits. 
I1126 13:54:31.069105 949464 AriaExecutor.h:94] AriaExecutor 3 exits. 
I1126 13:54:31.069109 949471 AriaExecutor.h:94] AriaExecutor 10 exits. 
I1126 13:54:31.069105 949461 AriaExecutor.h:94] AriaExecutor 0 exits. 
I1126 13:54:31.069111 949463 AriaExecutor.h:94] AriaExecutor 2 exits. 
I1126 13:54:31.069111 949467 AriaExecutor.h:94] AriaExecutor 6 exits. 
I1126 13:54:31.069116 949462 AriaExecutor.h:94] AriaExecutor 1 exits. 
I1126 13:54:31.069110 949469 AriaExecutor.h:94] AriaExecutor 8 exits. 
I1126 13:54:31.069119 949465 AriaExecutor.h:94] AriaExecutor 4 exits. 
I1126 13:54:31.069344 949445 AriaExecutor.h:535] Worker 1 latency: 3567 us (50%) 3589 us (75%) 3640 us (95%) 3698 us (99%).
I1126 13:54:31.069489 949445 AriaExecutor.h:535] Worker 2 latency: 3563 us (50%) 3585 us (75%) 3632 us (95%) 3728 us (99%).
I1126 13:54:31.069553 949445 AriaExecutor.h:535] Worker 3 latency: 3561 us (50%) 3582 us (75%) 3632 us (95%) 3679 us (99%).
I1126 13:54:31.069592 949445 AriaExecutor.h:535] Worker 4 latency: 3558 us (50%) 3581 us (75%) 3624 us (95%) 3670 us (99%).
I1126 13:54:31.069649 949445 AriaExecutor.h:535] Worker 5 latency: 3560 us (50%) 3580 us (75%) 3632 us (95%) 3662 us (99%).
I1126 13:54:31.069690 949445 AriaExecutor.h:535] Worker 6 latency: 3556 us (50%) 3581 us (75%) 3623 us (95%) 3696 us (99%).
I1126 13:54:31.069725 949445 AriaExecutor.h:535] Worker 7 latency: 3554 us (50%) 3574 us (75%) 3607 us (95%) 3807 us (99%).
I1126 13:54:31.069754 949445 AriaExecutor.h:535] Worker 8 latency: 3553 us (50%) 3577 us (75%) 3634 us (95%) 3702 us (99%).
I1126 13:54:31.069780 949445 AriaExecutor.h:535] Worker 9 latency: 3550 us (50%) 3573 us (75%) 3618 us (95%) 3678 us (99%).
I1126 13:54:31.069805 949445 AriaExecutor.h:535] Worker 10 latency: 3553 us (50%) 3573 us (75%) 3611 us (95%) 3653 us (99%).
I1126 13:54:31.069828 949445 AriaExecutor.h:535] Worker 11 latency: 3550 us (50%) 3576 us (75%) 3619 us (95%) 3659 us (99%).
I1126 13:54:31.069861 949445 Coordinator.h:177] total commit: 602.8
I1126 13:54:32.069977 949445 Coordinator.h:192] Coordinator exits.
