I1126 15:15:01.989216 997798 Database.h:65] ycsb initialization finished in 30 milliseconds.
I1126 15:15:01.989315 997798 Coordinator.h:30] Coordinator initializes 12 workers.
I1126 15:15:01.996299 997798 Coordinator.h:77] Coordinator starts to run 13 workers.
I1126 15:15:01.996354 997814 AriaExecutor.h:95] AriaExecutor 0 started. 
I1126 15:15:01.996389 997815 AriaExecutor.h:95] AriaExecutor 1 started. 
I1126 15:15:01.996430 997816 AriaExecutor.h:95] AriaExecutor 2 started. 
I1126 15:15:01.996479 997817 AriaExecutor.h:95] AriaExecutor 3 started. 
I1126 15:15:01.996531 997818 AriaExecutor.h:95] AriaExecutor 4 started. 
I1126 15:15:01.996582 997819 AriaExecutor.h:95] AriaExecutor 5 started. 
I1126 15:15:01.996624 997820 AriaExecutor.h:95] AriaExecutor 6 started. 
I1126 15:15:01.996680 997821 AriaExecutor.h:95] AriaExecutor 7 started. 
I1126 15:15:01.996727 997822 AriaExecutor.h:95] AriaExecutor 8 started. 
I1126 15:15:01.996778 997823 AriaExecutor.h:95] AriaExecutor 9 started. 
I1126 15:15:01.996830 997824 AriaExecutor.h:95] AriaExecutor 10 started. 
I1126 15:15:01.996883 997825 AriaExecutor.h:95] AriaExecutor 11 started. 
I1126 15:15:01.996927 997826 Manager.h:224] Manager(worker id = 12) on the coordinator node started.
I1126 15:15:02.996994 997798 Coordinator.h:126] commit: 967584 abort: 322416 (0/322416/0), network size: 0, avg network size: 0, si_in_serializable: 0 0 %, local: 0 %
I1126 15:15:03.997118 997798 Coordinator.h:126] commit: 953668 abort: 316332 (0/316332/0), network size: 0, avg network size: 0, si_in_serializable: 0 0 %, local: 0 %
I1126 15:15:04.997254 997798 Coordinator.h:126] commit: 967774 abort: 322226 (0/322226/0), network size: 0, avg network size: 0, si_in_serializable: 0 0 %, local: 0 %
I1126 15:15:05.997365 997798 Coordinator.h:126] commit: 976602 abort: 323398 (0/323398/0), network size: 0, avg network size: 0, si_in_serializable: 0 0 %, local: 0 %
I1126 15:15:06.997471 997798 Coordinator.h:126] commit: 975395 abort: 324605 (0/324605/0), network size: 0, avg network size: 0, si_in_serializable: 0 0 %, local: 0 %
I1126 15:15:07.997577 997798 Coordinator.h:126] commit: 959594 abort: 320406 (0/320406/0), network size: 0, avg network size: 0, si_in_serializable: 0 0 %, local: 0 %
I1126 15:15:08.997709 997798 Coordinator.h:126] commit: 953461 abort: 316539 (0/316539/0), network size: 0, avg network size: 0, si_in_serializable: 0 0 %, local: 0 %
I1126 15:15:09.997817 997798 Coordinator.h:126] commit: 968353 abort: 321647 (0/321647/0), network size: 0, avg network size: 0, si_in_serializable: 0 0 %, local: 0 %
I1126 15:15:10.997918 997798 Coordinator.h:126] commit: 975905 abort: 324095 (0/324095/0), network size: 0, avg network size: 0, si_in_serializable: 0 0 %, local: 0 %
I1126 15:15:11.998018 997798 Coordinator.h:126] commit: 968366 abort: 321634 (0/321634/0), network size: 0, avg network size: 0, si_in_serializable: 0 0 %, local: 0 %
I1126 15:15:12.998117 997798 Coordinator.h:126] commit: 975094 abort: 324906 (0/324906/0), network size: 0, avg network size: 0, si_in_serializable: 0 0 %, local: 0 %
I1126 15:15:13.998219 997798 Coordinator.h:126] commit: 967289 abort: 322711 (0/322711/0), network size: 0, avg network size: 0, si_in_serializable: 0 0 %, local: 0 %
I1126 15:15:14.998325 997798 Coordinator.h:126] commit: 967702 abort: 322088 (0/322088/0), network size: 0, avg network size: 0, si_in_serializable: 0 0 %, local: 0 %
I1126 15:15:15.998435 997798 Coordinator.h:126] commit: 923198 abort: 307012 (0/307012/0), network size: 0, avg network size: 0, si_in_serializable: 0 0 %, local: 0 %
I1126 15:15:16.998559 997798 Coordinator.h:126] commit: 967830 abort: 322170 (0/322170/0), network size: 0, avg network size: 0, si_in_serializable: 0 0 %, local: 0 %
I1126 15:15:17.998663 997798 Coordinator.h:126] commit: 967799 abort: 322201 (0/322201/0), network size: 0, avg network size: 0, si_in_serializable: 0 0 %, local: 0 %
I1126 15:15:18.998762 997798 Coordinator.h:126] commit: 967523 abort: 322477 (0/322477/0), network size: 0, avg network size: 0, si_in_serializable: 0 0 %, local: 0 %
I1126 15:15:19.998858 997798 Coordinator.h:126] commit: 967712 abort: 322288 (0/322288/0), network size: 0, avg network size: 0, si_in_serializable: 0 0 %, local: 0 %
I1126 15:15:20.998957 997798 Coordinator.h:126] commit: 968259 abort: 321741 (0/321741/0), network size: 0, avg network size: 0, si_in_serializable: 0 0 %, local: 0 %
I1126 15:15:21.999055 997798 Coordinator.h:126] commit: 970795 abort: 321464 (0/321464/0), network size: 0, avg network size: 0, si_in_serializable: 0 0 %, local: 0 %
I1126 15:15:22.999148 997798 Coordinator.h:126] commit: 973156 abort: 324585 (0/324585/0), network size: 0, avg network size: 0, si_in_serializable: 0 0 %, local: 0 %
I1126 15:15:23.999249 997798 Coordinator.h:126] commit: 968199 abort: 321801 (0/321801/0), network size: 0, avg network size: 0, si_in_serializable: 0 0 %, local: 0 %
I1126 15:15:24.999349 997798 Coordinator.h:126] commit: 967629 abort: 322371 (0/322371/0), network size: 0, avg network size: 0, si_in_serializable: 0 0 %, local: 0 %
I1126 15:15:25.999447 997798 Coordinator.h:126] commit: 967709 abort: 322291 (0/322291/0), network size: 0, avg network size: 0, si_in_serializable: 0 0 %, local: 0 %
I1126 15:15:26.999545 997798 Coordinator.h:126] commit: 967527 abort: 322473 (0/322473/0), network size: 0, avg network size: 0, si_in_serializable: 0 0 %, local: 0 %
I1126 15:15:26.999569 997798 Coordinator.h:152] average commit: 964320 abort: 320906 (0/320906/0), network size: 0, avg network size: 0, si_in_serializable: 0 0 %, local: 0 %
I1126 15:15:27.004328 997818 AriaExecutor.h:107] AriaExecutor 4 exits. 
I1126 15:15:27.004330 997826 Manager.h:227] Manager(worker id = 12) on the coordinator node exits.
I1126 15:15:27.004334 997824 AriaExecutor.h:107] AriaExecutor 10 exits. 
I1126 15:15:27.004333 997816 AriaExecutor.h:107] AriaExecutor 2 exits. 
I1126 15:15:27.004359 997823 AriaExecutor.h:107] AriaExecutor 9 exits. 
I1126 15:15:27.004333 997820 AriaExecutor.h:107] AriaExecutor 6 exits. 
I1126 15:15:27.004341 997819 AriaExecutor.h:107] AriaExecutor 5 exits. 
I1126 15:15:27.004340 997821 AriaExecutor.h:107] AriaExecutor 7 exits. 
I1126 15:15:27.004344 997815 AriaExecutor.h:107] AriaExecutor 1 exits. 
I1126 15:15:27.004343 997825 AriaExecutor.h:107] AriaExecutor 11 exits. 
I1126 15:15:27.004333 997814 AriaExecutor.h:107] AriaExecutor 0 exits. 
I1126 15:15:27.004359 997817 AriaExecutor.h:107] AriaExecutor 3 exits. 
I1126 15:15:27.004330 997822 AriaExecutor.h:107] AriaExecutor 8 exits. 
I1126 15:15:26.999580 997798 AriaExecutor.h:705] Worker 0 latency: 6026 us (50%) 6477 us (75%) 6799 us (95%) 6911 us (99%).
I1126 15:15:27.079546 997798 AriaExecutor.h:705] Worker 1 latency: 6011 us (50%) 6471 us (75%) 6797 us (95%) 6907 us (99%).
I1126 15:15:27.166467 997798 AriaExecutor.h:705] Worker 2 latency: 6031 us (50%) 6479 us (75%) 6798 us (95%) 6911 us (99%).
I1126 15:15:27.245674 997798 AriaExecutor.h:705] Worker 3 latency: 6007 us (50%) 6468 us (75%) 6797 us (95%) 6910 us (99%).
I1126 15:15:27.333374 997798 AriaExecutor.h:705] Worker 4 latency: 6025 us (50%) 6474 us (75%) 6796 us (95%) 6906 us (99%).
I1126 15:15:27.412703 997798 AriaExecutor.h:705] Worker 5 latency: 6010 us (50%) 6470 us (75%) 6797 us (95%) 6908 us (99%).
I1126 15:15:27.500892 997798 AriaExecutor.h:705] Worker 6 latency: 6038 us (50%) 6481 us (75%) 6799 us (95%) 6908 us (99%).
I1126 15:15:27.579384 997798 AriaExecutor.h:705] Worker 7 latency: 6004 us (50%) 6468 us (75%) 6796 us (95%) 6908 us (99%).
I1126 15:15:27.667343 997798 AriaExecutor.h:705] Worker 8 latency: 6028 us (50%) 6478 us (75%) 6799 us (95%) 6909 us (99%).
I1126 15:15:27.745738 997798 AriaExecutor.h:705] Worker 9 latency: 6009 us (50%) 6471 us (75%) 6798 us (95%) 6909 us (99%).
I1126 15:15:27.833171 997798 AriaExecutor.h:705] Worker 10 latency: 6037 us (50%) 6482 us (75%) 6800 us (95%) 6907 us (99%).
I1126 15:15:27.913102 997798 AriaExecutor.h:705] Worker 11 latency: 6009 us (50%) 6472 us (75%) 6799 us (95%) 6910 us (99%).
I1126 15:15:27.999460 997798 Coordinator.h:177] total commit: 964320
I1126 15:15:28.999570 997798 Coordinator.h:192] Coordinator exits.
