I1126 13:41:18.414907 941652 Database.h:65] ycsb initialization finished in 29 milliseconds.
I1126 13:41:18.415002 941652 Coordinator.h:30] Coordinator initializes 12 workers.
I1126 13:41:18.486398 941652 Coordinator.h:77] Coordinator starts to run 13 workers.
I1126 13:41:18.486460 941668 AriaExecutor.h:82] AriaExecutor 0 started. 
I1126 13:41:18.486490 941669 AriaExecutor.h:82] AriaExecutor 1 started. 
I1126 13:41:18.486523 941670 AriaExecutor.h:82] AriaExecutor 2 started. 
I1126 13:41:18.486570 941671 AriaExecutor.h:82] AriaExecutor 3 started. 
I1126 13:41:18.486603 941672 AriaExecutor.h:82] AriaExecutor 4 started. 
I1126 13:41:18.486639 941673 AriaExecutor.h:82] AriaExecutor 5 started. 
I1126 13:41:18.486675 941674 AriaExecutor.h:82] AriaExecutor 6 started. 
I1126 13:41:18.486723 941675 AriaExecutor.h:82] AriaExecutor 7 started. 
I1126 13:41:18.486768 941676 AriaExecutor.h:82] AriaExecutor 8 started. 
I1126 13:41:18.486820 941677 AriaExecutor.h:82] AriaExecutor 9 started. 
I1126 13:41:18.486864 941678 AriaExecutor.h:82] AriaExecutor 10 started. 
I1126 13:41:18.486922 941679 AriaExecutor.h:82] AriaExecutor 11 started. 
I1126 13:41:18.486969 941680 Manager.h:224] Manager(worker id = 12) on the coordinator node started.
I1126 13:41:19.487036 941652 Coordinator.h:126] commit: 433143 abort: 356857 (0/356857/0), network size: 0, avg network size: 0, si_in_serializable: 0 0 %, local: 0 %
I1126 13:41:20.487160 941652 Coordinator.h:126] commit: 433298 abort: 356702 (0/356702/0), network size: 0, avg network size: 0, si_in_serializable: 0 0 %, local: 0 %
I1126 13:41:21.487291 941652 Coordinator.h:126] commit: 437468 abort: 362532 (0/362532/0), network size: 0, avg network size: 0, si_in_serializable: 0 0 %, local: 0 %
I1126 13:41:22.487394 941652 Coordinator.h:126] commit: 438204 abort: 361796 (0/361796/0), network size: 0, avg network size: 0, si_in_serializable: 0 0 %, local: 0 %
I1126 13:41:23.487493 941652 Coordinator.h:126] commit: 438302 abort: 361698 (0/361698/0), network size: 0, avg network size: 0, si_in_serializable: 0 0 %, local: 0 %
I1126 13:41:24.487592 941652 Coordinator.h:126] commit: 443281 abort: 366719 (0/366719/0), network size: 0, avg network size: 0, si_in_serializable: 0 0 %, local: 0 %
I1126 13:41:25.487715 941652 Coordinator.h:126] commit: 432540 abort: 357460 (0/357460/0), network size: 0, avg network size: 0, si_in_serializable: 0 0 %, local: 0 %
I1126 13:41:26.487818 941652 Coordinator.h:126] commit: 437574 abort: 362426 (0/362426/0), network size: 0, avg network size: 0, si_in_serializable: 0 0 %, local: 0 %
I1126 13:41:27.487910 941652 Coordinator.h:126] commit: 443819 abort: 366181 (0/366181/0), network size: 0, avg network size: 0, si_in_serializable: 0 0 %, local: 0 %
I1126 13:41:28.488005 941652 Coordinator.h:126] commit: 438228 abort: 361772 (0/361772/0), network size: 0, avg network size: 0, si_in_serializable: 0 0 %, local: 0 %
I1126 13:41:29.488104 941652 Coordinator.h:126] commit: 437444 abort: 362556 (0/362556/0), network size: 0, avg network size: 0, si_in_serializable: 0 0 %, local: 0 %
I1126 13:41:30.488205 941652 Coordinator.h:126] commit: 438015 abort: 361985 (0/361985/0), network size: 0, avg network size: 0, si_in_serializable: 0 0 %, local: 0 %
I1126 13:41:31.488328 941652 Coordinator.h:126] commit: 438088 abort: 361912 (0/361912/0), network size: 0, avg network size: 0, si_in_serializable: 0 0 %, local: 0 %
I1126 13:41:32.488425 941652 Coordinator.h:126] commit: 440673 abort: 362278 (0/362278/0), network size: 0, avg network size: 0, si_in_serializable: 0 0 %, local: 0 %
I1126 13:41:33.488519 941652 Coordinator.h:126] commit: 430108 abort: 356941 (0/356941/0), network size: 0, avg network size: 0, si_in_serializable: 0 0 %, local: 0 %
I1126 13:41:34.488619 941652 Coordinator.h:126] commit: 438469 abort: 361531 (0/361531/0), network size: 0, avg network size: 0, si_in_serializable: 0 0 %, local: 0 %
I1126 13:41:35.488715 941652 Coordinator.h:126] commit: 443530 abort: 366470 (0/366470/0), network size: 0, avg network size: 0, si_in_serializable: 0 0 %, local: 0 %
I1126 13:41:36.488812 941652 Coordinator.h:126] commit: 438213 abort: 361787 (0/361787/0), network size: 0, avg network size: 0, si_in_serializable: 0 0 %, local: 0 %
I1126 13:41:37.488909 941652 Coordinator.h:126] commit: 438398 abort: 361602 (0/361602/0), network size: 0, avg network size: 0, si_in_serializable: 0 0 %, local: 0 %
I1126 13:41:38.489005 941652 Coordinator.h:126] commit: 437804 abort: 362196 (0/362196/0), network size: 0, avg network size: 0, si_in_serializable: 0 0 %, local: 0 %
I1126 13:41:39.489105 941652 Coordinator.h:126] commit: 438189 abort: 361811 (0/361811/0), network size: 0, avg network size: 0, si_in_serializable: 0 0 %, local: 0 %
I1126 13:41:40.489228 941652 Coordinator.h:126] commit: 443934 abort: 366066 (0/366066/0), network size: 0, avg network size: 0, si_in_serializable: 0 0 %, local: 0 %
I1126 13:41:41.489328 941652 Coordinator.h:126] commit: 438249 abort: 361751 (0/361751/0), network size: 0, avg network size: 0, si_in_serializable: 0 0 %, local: 0 %
I1126 13:41:42.489423 941652 Coordinator.h:126] commit: 443417 abort: 366583 (0/366583/0), network size: 0, avg network size: 0, si_in_serializable: 0 0 %, local: 0 %
I1126 13:41:43.489516 941652 Coordinator.h:126] commit: 437836 abort: 362164 (0/362164/0), network size: 0, avg network size: 0, si_in_serializable: 0 0 %, local: 0 %
I1126 13:41:43.489539 941652 Coordinator.h:152] average commit: 438074 abort: 361926 (0/361926/0), network size: 0, avg network size: 0, si_in_serializable: 0 0 %, local: 0 %
I1126 13:41:43.500275 941670 AriaExecutor.h:94] AriaExecutor 2 exits. 
I1126 13:41:43.500286 941673 AriaExecutor.h:94] AriaExecutor 5 exits. 
I1126 13:41:43.500277 941680 Manager.h:227] Manager(worker id = 12) on the coordinator node exits.
I1126 13:41:43.500276 941674 AriaExecutor.h:94] AriaExecutor 6 exits. 
I1126 13:41:43.500277 941672 AriaExecutor.h:94] AriaExecutor 4 exits. 
I1126 13:41:43.500276 941676 AriaExecutor.h:94] AriaExecutor 8 exits. 
I1126 13:41:43.500277 941668 AriaExecutor.h:94] AriaExecutor 0 exits. 
I1126 13:41:43.500276 941678 AriaExecutor.h:94] AriaExecutor 10 exits. 
I1126 13:41:43.500286 941669 AriaExecutor.h:94] AriaExecutor 1 exits. 
I1126 13:41:43.500288 941675 AriaExecutor.h:94] AriaExecutor 7 exits. 
I1126 13:41:43.500288 941671 AriaExecutor.h:94] AriaExecutor 3 exits. 
I1126 13:41:43.500286 941677 AriaExecutor.h:94] AriaExecutor 9 exits. 
I1126 13:41:43.500286 941679 AriaExecutor.h:94] AriaExecutor 11 exits. 
I1126 13:41:43.489552 941652 AriaExecutor.h:535] Worker 0 latency: 9210 us (50%) 10710 us (75%) 11663 us (95%) 11873 us (99%).
I1126 13:41:43.534833 941652 AriaExecutor.h:535] Worker 1 latency: 9178 us (50%) 10697 us (75%) 11658 us (95%) 11869 us (99%).
I1126 13:41:43.578380 941652 AriaExecutor.h:535] Worker 2 latency: 9228 us (50%) 10718 us (75%) 11665 us (95%) 11874 us (99%).
I1126 13:41:43.621471 941652 AriaExecutor.h:535] Worker 3 latency: 9087 us (50%) 10654 us (75%) 11646 us (95%) 11860 us (99%).
I1126 13:41:43.669140 941652 AriaExecutor.h:535] Worker 4 latency: 9168 us (50%) 10694 us (75%) 11660 us (95%) 11873 us (99%).
I1126 13:41:43.712256 941652 AriaExecutor.h:535] Worker 5 latency: 9129 us (50%) 10672 us (75%) 11649 us (95%) 11861 us (99%).
I1126 13:41:43.755339 941652 AriaExecutor.h:535] Worker 6 latency: 9063 us (50%) 10644 us (75%) 11646 us (95%) 11864 us (99%).
I1126 13:41:43.798415 941652 AriaExecutor.h:535] Worker 7 latency: 9080 us (50%) 10647 us (75%) 11644 us (95%) 11860 us (99%).
I1126 13:41:43.841092 941652 AriaExecutor.h:535] Worker 8 latency: 9153 us (50%) 10685 us (75%) 11656 us (95%) 11868 us (99%).
I1126 13:41:43.884178 941652 AriaExecutor.h:535] Worker 9 latency: 9138 us (50%) 10675 us (75%) 11651 us (95%) 11862 us (99%).
I1126 13:41:43.927424 941652 AriaExecutor.h:535] Worker 10 latency: 9197 us (50%) 10701 us (75%) 11659 us (95%) 11868 us (99%).
I1126 13:41:43.969951 941652 AriaExecutor.h:535] Worker 11 latency: 9076 us (50%) 10648 us (75%) 11645 us (95%) 11861 us (99%).
I1126 13:41:44.013183 941652 Coordinator.h:177] total commit: 438074
I1126 13:41:45.013312 941652 Coordinator.h:192] Coordinator exits.
