I0911 23:03:41.138160 2942211 Database.h:65] ycsb initialization finished in 198 milliseconds.
I0911 23:03:41.138273 2942211 Coordinator.h:30] Coordinator initializes 16 workers.
I0911 23:03:41.263972 2942211 Coordinator.h:77] Coordinator starts to run 17 workers.
I0911 23:03:41.264041 2942232 AriaExecutor.h:82] AriaExecutor 0 started. 
I0911 23:03:41.264075 2942233 AriaExecutor.h:82] AriaExecutor 1 started. 
I0911 23:03:41.264124 2942234 AriaExecutor.h:82] AriaExecutor 2 started. 
I0911 23:03:41.264170 2942235 AriaExecutor.h:82] AriaExecutor 3 started. 
I0911 23:03:41.264201 2942236 AriaExecutor.h:82] AriaExecutor 4 started. 
I0911 23:03:41.264248 2942237 AriaExecutor.h:82] AriaExecutor 5 started. 
I0911 23:03:41.264300 2942238 AriaExecutor.h:82] AriaExecutor 6 started. 
I0911 23:03:41.264343 2942239 AriaExecutor.h:82] AriaExecutor 7 started. 
I0911 23:03:41.264374 2942240 AriaExecutor.h:82] AriaExecutor 8 started. 
I0911 23:03:41.264425 2942241 AriaExecutor.h:82] AriaExecutor 9 started. 
I0911 23:03:41.264458 2942242 AriaExecutor.h:82] AriaExecutor 10 started. 
I0911 23:03:41.264500 2942243 AriaExecutor.h:82] AriaExecutor 11 started. 
I0911 23:03:41.264539 2942244 AriaExecutor.h:82] AriaExecutor 12 started. 
I0911 23:03:41.264596 2942245 AriaExecutor.h:82] AriaExecutor 13 started. 
I0911 23:03:41.264627 2942246 AriaExecutor.h:82] AriaExecutor 14 started. 
I0911 23:03:41.264672 2942247 AriaExecutor.h:82] AriaExecutor 15 started. 
I0911 23:03:41.264714 2942248 Manager.h:224] Manager(worker id = 16) on the coordinator node started.
I0911 23:03:42.264780 2942211 Coordinator.h:126] commit: 163 abort: 159837 (0/159837/0), network size: 0, avg network size: 0, si_in_serializable: 0 0 %, local: 0 %
I0911 23:03:43.264945 2942211 Coordinator.h:126] commit: 163 abort: 159837 (0/159837/0), network size: 0, avg network size: 0, si_in_serializable: 0 0 %, local: 0 %
I0911 23:03:44.265028 2942211 Coordinator.h:126] commit: 180 abort: 175820 (0/175820/0), network size: 0, avg network size: 0, si_in_serializable: 0 0 %, local: 0 %
I0911 23:03:45.265111 2942211 Coordinator.h:126] commit: 183 abort: 175817 (0/175817/0), network size: 0, avg network size: 0, si_in_serializable: 0 0 %, local: 0 %
I0911 23:03:46.265193 2942211 Coordinator.h:126] commit: 176 abort: 175824 (0/175824/0), network size: 0, avg network size: 0, si_in_serializable: 0 0 %, local: 0 %
I0911 23:03:47.265296 2942211 Coordinator.h:126] commit: 180 abort: 175820 (0/175820/0), network size: 0, avg network size: 0, si_in_serializable: 0 0 %, local: 0 %
I0911 23:03:48.265384 2942211 Coordinator.h:126] commit: 178 abort: 175822 (0/175822/0), network size: 0, avg network size: 0, si_in_serializable: 0 0 %, local: 0 %
I0911 23:03:49.265462 2942211 Coordinator.h:126] commit: 197 abort: 191803 (0/191803/0), network size: 0, avg network size: 0, si_in_serializable: 0 0 %, local: 0 %
I0911 23:03:50.265545 2942211 Coordinator.h:126] commit: 182 abort: 175818 (0/175818/0), network size: 0, avg network size: 0, si_in_serializable: 0 0 %, local: 0 %
I0911 23:03:51.265625 2942211 Coordinator.h:126] commit: 180 abort: 175820 (0/175820/0), network size: 0, avg network size: 0, si_in_serializable: 0 0 %, local: 0 %
I0911 23:03:52.265709 2942211 Coordinator.h:126] commit: 177 abort: 175823 (0/175823/0), network size: 0, avg network size: 0, si_in_serializable: 0 0 %, local: 0 %
I0911 23:03:53.265796 2942211 Coordinator.h:126] commit: 198 abort: 191802 (0/191802/0), network size: 0, avg network size: 0, si_in_serializable: 0 0 %, local: 0 %
I0911 23:03:54.265883 2942211 Coordinator.h:126] commit: 178 abort: 175822 (0/175822/0), network size: 0, avg network size: 0, si_in_serializable: 0 0 %, local: 0 %
I0911 23:03:55.265995 2942211 Coordinator.h:126] commit: 182 abort: 175818 (0/175818/0), network size: 0, avg network size: 0, si_in_serializable: 0 0 %, local: 0 %
I0911 23:03:56.266090 2942211 Coordinator.h:126] commit: 195 abort: 191805 (0/191805/0), network size: 0, avg network size: 0, si_in_serializable: 0 0 %, local: 0 %
I0911 23:03:57.266176 2942211 Coordinator.h:126] commit: 178 abort: 175822 (0/175822/0), network size: 0, avg network size: 0, si_in_serializable: 0 0 %, local: 0 %
I0911 23:03:58.266251 2942211 Coordinator.h:126] commit: 179 abort: 175821 (0/175821/0), network size: 0, avg network size: 0, si_in_serializable: 0 0 %, local: 0 %
I0911 23:03:59.266326 2942211 Coordinator.h:126] commit: 195 abort: 191805 (0/191805/0), network size: 0, avg network size: 0, si_in_serializable: 0 0 %, local: 0 %
I0911 23:04:00.266405 2942211 Coordinator.h:126] commit: 179 abort: 175821 (0/175821/0), network size: 0, avg network size: 0, si_in_serializable: 0 0 %, local: 0 %
I0911 23:04:01.266481 2942211 Coordinator.h:126] commit: 195 abort: 191805 (0/191805/0), network size: 0, avg network size: 0, si_in_serializable: 0 0 %, local: 0 %
I0911 23:04:02.266567 2942211 Coordinator.h:126] commit: 181 abort: 175819 (0/175819/0), network size: 0, avg network size: 0, si_in_serializable: 0 0 %, local: 0 %
I0911 23:04:03.266647 2942211 Coordinator.h:126] commit: 179 abort: 175821 (0/175821/0), network size: 0, avg network size: 0, si_in_serializable: 0 0 %, local: 0 %
I0911 23:04:04.266733 2942211 Coordinator.h:126] commit: 195 abort: 191805 (0/191805/0), network size: 0, avg network size: 0, si_in_serializable: 0 0 %, local: 0 %
I0911 23:04:05.266821 2942211 Coordinator.h:126] commit: 180 abort: 175820 (0/175820/0), network size: 0, avg network size: 0, si_in_serializable: 0 0 %, local: 0 %
I0911 23:04:06.266906 2942211 Coordinator.h:126] commit: 181 abort: 175819 (0/175819/0), network size: 0, avg network size: 0, si_in_serializable: 0 0 %, local: 0 %
I0911 23:04:06.266921 2942211 Coordinator.h:152] average commit: 185.6 abort: 182214 (0/182214/0), network size: 0, avg network size: 0, si_in_serializable: 0 0 %, local: 0 %
I0911 23:04:06.266932 2942211 AriaExecutor.h:535] Worker 0 latency: 87768 us (50%) 88716 us (75%) 96273 us (95%) 109978 us (99%).
I0911 23:04:06.288168 2942240 AriaExecutor.h:94] AriaExecutor 8 exits. 
I0911 23:04:06.288169 2942232 AriaExecutor.h:94] AriaExecutor 0 exits. 
I0911 23:04:06.288168 2942236 AriaExecutor.h:94] AriaExecutor 4 exits. 
I0911 23:04:06.288170 2942242 AriaExecutor.h:94] AriaExecutor 10 exits. 
I0911 23:04:06.288168 2942238 AriaExecutor.h:94] AriaExecutor 6 exits. 
I0911 23:04:06.288170 2942248 Manager.h:227] Manager(worker id = 16) on the coordinator node exits.
I0911 23:04:06.288170 2942246 AriaExecutor.h:94] AriaExecutor 14 exits. 
I0911 23:04:06.288185 2942243 AriaExecutor.h:94] AriaExecutor 11 exits. 
I0911 23:04:06.288189 2942233 AriaExecutor.h:94] AriaExecutor 1 exits. 
I0911 23:04:06.288185 2942245 AriaExecutor.h:94] AriaExecutor 13 exits. 
I0911 23:04:06.288188 2942239 AriaExecutor.h:94] AriaExecutor 7 exits. 
I0911 23:04:06.288170 2942234 AriaExecutor.h:94] AriaExecutor 2 exits. 
I0911 23:04:06.288170 2942244 AriaExecutor.h:94] AriaExecutor 12 exits. 
I0911 23:04:06.288185 2942235 AriaExecutor.h:94] AriaExecutor 3 exits. 
I0911 23:04:06.288185 2942241 AriaExecutor.h:94] AriaExecutor 9 exits. 
I0911 23:04:06.288185 2942247 AriaExecutor.h:94] AriaExecutor 15 exits. 
I0911 23:04:06.288185 2942237 AriaExecutor.h:94] AriaExecutor 5 exits. 
I0911 23:04:06.288488 2942211 AriaExecutor.h:535] Worker 1 latency: 87821 us (50%) 88748 us (75%) 96702 us (95%) 112552 us (99%).
I0911 23:04:06.288673 2942211 AriaExecutor.h:535] Worker 2 latency: 87690 us (50%) 88689 us (75%) 96214 us (95%) 112468 us (99%).
I0911 23:04:06.288695 2942211 AriaExecutor.h:535] Worker 3 latency: 87711 us (50%) 88592 us (75%) 95945 us (95%) 104566 us (99%).
I0911 23:04:06.288713 2942211 AriaExecutor.h:535] Worker 4 latency: 87699 us (50%) 88733 us (75%) 96690 us (95%) 109989 us (99%).
I0911 23:04:06.288753 2942211 AriaExecutor.h:535] Worker 5 latency: 87663 us (50%) 88760 us (75%) 96194 us (95%) 105550 us (99%).
I0911 23:04:06.288786 2942211 AriaExecutor.h:535] Worker 6 latency: 87591 us (50%) 88534 us (75%) 96033 us (95%) 112504 us (99%).
I0911 23:04:06.288812 2942211 AriaExecutor.h:535] Worker 7 latency: 87801 us (50%) 88818 us (75%) 97525 us (95%) 109949 us (99%).
I0911 23:04:06.288834 2942211 AriaExecutor.h:535] Worker 8 latency: 87781 us (50%) 88761 us (75%) 96702 us (95%) 105135 us (99%).
I0911 23:04:06.288854 2942211 AriaExecutor.h:535] Worker 9 latency: 87756 us (50%) 88658 us (75%) 96166 us (95%) 112597 us (99%).
I0911 23:04:06.288878 2942211 AriaExecutor.h:535] Worker 10 latency: 87630 us (50%) 88606 us (75%) 98407 us (95%) 112648 us (99%).
I0911 23:04:06.288898 2942211 AriaExecutor.h:535] Worker 11 latency: 87642 us (50%) 88644 us (75%) 97461 us (95%) 111469 us (99%).
I0911 23:04:06.288919 2942211 AriaExecutor.h:535] Worker 12 latency: 87753 us (50%) 88651 us (75%) 96131 us (95%) 112506 us (99%).
I0911 23:04:06.288944 2942211 AriaExecutor.h:535] Worker 13 latency: 87783 us (50%) 88679 us (75%) 96510 us (95%) 105512 us (99%).
I0911 23:04:06.288964 2942211 AriaExecutor.h:535] Worker 14 latency: 87732 us (50%) 88590 us (75%) 96174 us (95%) 109900 us (99%).
I0911 23:04:06.288981 2942211 AriaExecutor.h:535] Worker 15 latency: 87783 us (50%) 88717 us (75%) 96578 us (95%) 112487 us (99%).
I0911 23:04:06.289007 2942211 Coordinator.h:177] total commit: 185.6
I0911 23:04:07.289111 2942211 Coordinator.h:192] Coordinator exits.
