I1126 14:58:45.030601 987335 Database.h:65] ycsb initialization finished in 30 milliseconds.
I1126 14:58:45.030699 987335 Coordinator.h:30] Coordinator initializes 12 workers.
I1126 14:58:45.037518 987335 Coordinator.h:77] Coordinator starts to run 13 workers.
I1126 14:58:45.037573 987351 AriaExecutor.h:91] AriaExecutor 0 started. 
I1126 14:58:45.037608 987352 AriaExecutor.h:91] AriaExecutor 1 started. 
I1126 14:58:45.037645 987353 AriaExecutor.h:91] AriaExecutor 2 started. 
I1126 14:58:45.037690 987354 AriaExecutor.h:91] AriaExecutor 3 started. 
I1126 14:58:45.037724 987355 AriaExecutor.h:91] AriaExecutor 4 started. 
I1126 14:58:45.037776 987356 AriaExecutor.h:91] AriaExecutor 5 started. 
I1126 14:58:45.037824 987357 AriaExecutor.h:91] AriaExecutor 6 started. 
I1126 14:58:45.037884 987358 AriaExecutor.h:91] AriaExecutor 7 started. 
I1126 14:58:45.037927 987359 AriaExecutor.h:91] AriaExecutor 8 started. 
I1126 14:58:45.037981 987360 AriaExecutor.h:91] AriaExecutor 9 started. 
I1126 14:58:45.038028 987361 AriaExecutor.h:91] AriaExecutor 10 started. 
I1126 14:58:45.038089 987362 AriaExecutor.h:91] AriaExecutor 11 started. 
I1126 14:58:45.038132 987363 Manager.h:224] Manager(worker id = 12) on the coordinator node started.
I1126 14:58:46.038196 987335 Coordinator.h:126] commit: 1286844 abort: 723156 (0/723156/0), network size: 0, avg network size: 0, si_in_serializable: 0 0 %, local: 0 %
I1126 14:58:47.038322 987335 Coordinator.h:126] commit: 1280766 abort: 719234 (0/719234/0), network size: 0, avg network size: 0, si_in_serializable: 0 0 %, local: 0 %
I1126 14:58:48.038457 987335 Coordinator.h:126] commit: 1287257 abort: 722743 (0/722743/0), network size: 0, avg network size: 0, si_in_serializable: 0 0 %, local: 0 %
I1126 14:58:49.038571 987335 Coordinator.h:126] commit: 1299425 abort: 730575 (0/730575/0), network size: 0, avg network size: 0, si_in_serializable: 0 0 %, local: 0 %
I1126 14:58:50.038676 987335 Coordinator.h:126] commit: 1279703 abort: 720297 (0/720297/0), network size: 0, avg network size: 0, si_in_serializable: 0 0 %, local: 0 %
I1126 14:58:51.038780 987335 Coordinator.h:126] commit: 1299171 abort: 730829 (0/730829/0), network size: 0, avg network size: 0, si_in_serializable: 0 0 %, local: 0 %
I1126 14:58:52.038887 987335 Coordinator.h:126] commit: 1286767 abort: 723233 (0/723233/0), network size: 0, avg network size: 0, si_in_serializable: 0 0 %, local: 0 %
I1126 14:58:53.038986 987335 Coordinator.h:126] commit: 1298900 abort: 731100 (0/731100/0), network size: 0, avg network size: 0, si_in_serializable: 0 0 %, local: 0 %
I1126 14:58:54.039114 987335 Coordinator.h:126] commit: 1293286 abort: 726714 (0/726714/0), network size: 0, avg network size: 0, si_in_serializable: 0 0 %, local: 0 %
I1126 14:58:55.039222 987335 Coordinator.h:126] commit: 1248290 abort: 701710 (0/701710/0), network size: 0, avg network size: 0, si_in_serializable: 0 0 %, local: 0 %
I1126 14:58:56.039324 987335 Coordinator.h:126] commit: 1299741 abort: 730259 (0/730259/0), network size: 0, avg network size: 0, si_in_serializable: 0 0 %, local: 0 %
I1126 14:58:57.039422 987335 Coordinator.h:126] commit: 1299090 abort: 727271 (0/727271/0), network size: 0, avg network size: 0, si_in_serializable: 0 0 %, local: 0 %
I1126 14:58:58.039522 987335 Coordinator.h:126] commit: 1300194 abort: 733445 (0/733445/0), network size: 0, avg network size: 0, si_in_serializable: 0 0 %, local: 0 %
I1126 14:58:59.039623 987335 Coordinator.h:126] commit: 1287774 abort: 722594 (0/722594/0), network size: 0, avg network size: 0, si_in_serializable: 0 0 %, local: 0 %
I1126 14:59:00.039721 987335 Coordinator.h:126] commit: 1300087 abort: 729544 (0/729544/0), network size: 0, avg network size: 0, si_in_serializable: 0 0 %, local: 0 %
I1126 14:59:01.039845 987335 Coordinator.h:126] commit: 1286141 abort: 723859 (0/723859/0), network size: 0, avg network size: 0, si_in_serializable: 0 0 %, local: 0 %
I1126 14:59:02.039952 987335 Coordinator.h:126] commit: 1299488 abort: 730512 (0/730512/0), network size: 0, avg network size: 0, si_in_serializable: 0 0 %, local: 0 %
I1126 14:59:03.040052 987335 Coordinator.h:126] commit: 1294909 abort: 726332 (0/726332/0), network size: 0, avg network size: 0, si_in_serializable: 0 0 %, local: 0 %
I1126 14:59:04.040151 987335 Coordinator.h:126] commit: 1300111 abort: 730460 (0/730460/0), network size: 0, avg network size: 0, si_in_serializable: 0 0 %, local: 0 %
I1126 14:59:05.040251 987335 Coordinator.h:126] commit: 1196300 abort: 671887 (0/671887/0), network size: 0, avg network size: 0, si_in_serializable: 0 0 %, local: 0 %
I1126 14:59:06.040346 987335 Coordinator.h:126] commit: 1296821 abort: 729488 (0/729488/0), network size: 0, avg network size: 0, si_in_serializable: 0 0 %, local: 0 %
I1126 14:59:07.040445 987335 Coordinator.h:126] commit: 1301508 abort: 732183 (0/732183/0), network size: 0, avg network size: 0, si_in_serializable: 0 0 %, local: 0 %
I1126 14:59:08.040548 987335 Coordinator.h:126] commit: 1299030 abort: 730970 (0/730970/0), network size: 0, avg network size: 0, si_in_serializable: 0 0 %, local: 0 %
I1126 14:59:09.040649 987335 Coordinator.h:126] commit: 1299519 abort: 730481 (0/730481/0), network size: 0, avg network size: 0, si_in_serializable: 0 0 %, local: 0 %
I1126 14:59:10.040748 987335 Coordinator.h:126] commit: 1300120 abort: 729880 (0/729880/0), network size: 0, avg network size: 0, si_in_serializable: 0 0 %, local: 0 %
I1126 14:59:10.040773 987335 Coordinator.h:152] average commit: 1.28638e+06 abort: 722616 (0/722616/0), network size: 0, avg network size: 0, si_in_serializable: 0 0 %, local: 0 %
I1126 14:59:10.045827 987363 Manager.h:227] Manager(worker id = 12) on the coordinator node exits.
I1126 14:59:10.045836 987359 AriaExecutor.h:103] AriaExecutor 8 exits. 
I1126 14:59:10.045832 987361 AriaExecutor.h:103] AriaExecutor 10 exits. 
I1126 14:59:10.045830 987357 AriaExecutor.h:103] AriaExecutor 6 exits. 
I1126 14:59:10.045841 987356 AriaExecutor.h:103] AriaExecutor 5 exits. 
I1126 14:59:10.045833 987355 AriaExecutor.h:103] AriaExecutor 4 exits. 
I1126 14:59:10.045841 987354 AriaExecutor.h:103] AriaExecutor 3 exits. 
I1126 14:59:10.045841 987358 AriaExecutor.h:103] AriaExecutor 7 exits. 
I1126 14:59:10.045841 987362 AriaExecutor.h:103] AriaExecutor 11 exits. 
I1126 14:59:10.045840 987352 AriaExecutor.h:103] AriaExecutor 1 exits. 
I1126 14:59:10.045841 987360 AriaExecutor.h:103] AriaExecutor 9 exits. 
I1126 14:59:10.045832 987353 AriaExecutor.h:103] AriaExecutor 2 exits. 
I1126 14:59:10.045828 987351 AriaExecutor.h:103] AriaExecutor 0 exits. 
I1126 14:59:10.040786 987335 AriaExecutor.h:649] Worker 0 latency: 3593 us (50%) 4094 us (75%) 4433 us (95%) 4520 us (99%).
I1126 14:59:10.145941 987335 AriaExecutor.h:649] Worker 1 latency: 3596 us (50%) 4095 us (75%) 4433 us (95%) 4519 us (99%).
I1126 14:59:10.250054 987335 AriaExecutor.h:649] Worker 2 latency: 3606 us (50%) 4099 us (75%) 4432 us (95%) 4518 us (99%).
I1126 14:59:10.352339 987335 AriaExecutor.h:649] Worker 3 latency: 3601 us (50%) 4099 us (75%) 4434 us (95%) 4519 us (99%).
I1126 14:59:10.455688 987335 AriaExecutor.h:649] Worker 4 latency: 3601 us (50%) 4098 us (75%) 4433 us (95%) 4520 us (99%).
I1126 14:59:10.559257 987335 AriaExecutor.h:649] Worker 5 latency: 3598 us (50%) 4096 us (75%) 4433 us (95%) 4520 us (99%).
I1126 14:59:10.662806 987335 AriaExecutor.h:649] Worker 6 latency: 3609 us (50%) 4101 us (75%) 4434 us (95%) 4518 us (99%).
I1126 14:59:10.764289 987335 AriaExecutor.h:649] Worker 7 latency: 3597 us (50%) 4096 us (75%) 4433 us (95%) 4518 us (99%).
I1126 14:59:10.865895 987335 AriaExecutor.h:649] Worker 8 latency: 3597 us (50%) 4096 us (75%) 4433 us (95%) 4519 us (99%).
I1126 14:59:10.968987 987335 AriaExecutor.h:649] Worker 9 latency: 3603 us (50%) 4099 us (75%) 4433 us (95%) 4519 us (99%).
I1126 14:59:11.073463 987335 AriaExecutor.h:649] Worker 10 latency: 3606 us (50%) 4100 us (75%) 4434 us (95%) 4520 us (99%).
I1126 14:59:11.175206 987335 AriaExecutor.h:649] Worker 11 latency: 3604 us (50%) 4100 us (75%) 4434 us (95%) 4521 us (99%).
I1126 14:59:11.280041 987335 Coordinator.h:177] total commit: 1.28638e+06
I1126 14:59:12.280153 987335 Coordinator.h:192] Coordinator exits.
