I0911 23:05:33.174167 2942588 Database.h:65] ycsb initialization finished in 146 milliseconds.
I0911 23:05:33.174274 2942588 Coordinator.h:30] Coordinator initializes 16 workers.
I0911 23:05:33.293597 2942588 Coordinator.h:77] Coordinator starts to run 17 workers.
I0911 23:05:33.293666 2942608 AriaExecutor.h:82] AriaExecutor 0 started. 
I0911 23:05:33.293707 2942609 AriaExecutor.h:82] AriaExecutor 1 started. 
I0911 23:05:33.293753 2942610 AriaExecutor.h:82] AriaExecutor 2 started. 
I0911 23:05:33.293800 2942611 AriaExecutor.h:82] AriaExecutor 3 started. 
I0911 23:05:33.293833 2942612 AriaExecutor.h:82] AriaExecutor 4 started. 
I0911 23:05:33.293882 2942613 AriaExecutor.h:82] AriaExecutor 5 started. 
I0911 23:05:33.293918 2942614 AriaExecutor.h:82] AriaExecutor 6 started. 
I0911 23:05:33.293956 2942615 AriaExecutor.h:82] AriaExecutor 7 started. 
I0911 23:05:33.294003 2942616 AriaExecutor.h:82] AriaExecutor 8 started. 
I0911 23:05:33.294049 2942617 AriaExecutor.h:82] AriaExecutor 9 started. 
I0911 23:05:33.294080 2942618 AriaExecutor.h:82] AriaExecutor 10 started. 
I0911 23:05:33.294118 2942619 AriaExecutor.h:82] AriaExecutor 11 started. 
I0911 23:05:33.294158 2942620 AriaExecutor.h:82] AriaExecutor 12 started. 
I0911 23:05:33.294198 2942621 AriaExecutor.h:82] AriaExecutor 13 started. 
I0911 23:05:33.294241 2942622 AriaExecutor.h:82] AriaExecutor 14 started. 
I0911 23:05:33.294281 2942623 AriaExecutor.h:82] AriaExecutor 15 started. 
I0911 23:05:33.294314 2942624 Manager.h:224] Manager(worker id = 16) on the coordinator node started.
I0911 23:05:34.294369 2942588 Coordinator.h:126] commit: 1423183 abort: 16817 (0/16817/0), network size: 0, avg network size: 0, si_in_serializable: 0 0 %, local: 0 %
I0911 23:05:35.294492 2942588 Coordinator.h:126] commit: 1455091 abort: 16909 (0/16909/0), network size: 0, avg network size: 0, si_in_serializable: 0 0 %, local: 0 %
I0911 23:05:36.294560 2942588 Coordinator.h:126] commit: 1439403 abort: 16597 (0/16597/0), network size: 0, avg network size: 0, si_in_serializable: 0 0 %, local: 0 %
I0911 23:05:37.294634 2942588 Coordinator.h:126] commit: 1430908 abort: 16434 (0/16434/0), network size: 0, avg network size: 0, si_in_serializable: 0 0 %, local: 0 %
I0911 23:05:38.294703 2942588 Coordinator.h:126] commit: 1463790 abort: 16868 (0/16868/0), network size: 0, avg network size: 0, si_in_serializable: 0 0 %, local: 0 %
I0911 23:05:39.294807 2942588 Coordinator.h:126] commit: 1470885 abort: 17115 (0/17115/0), network size: 0, avg network size: 0, si_in_serializable: 0 0 %, local: 0 %
I0911 23:05:40.294878 2942588 Coordinator.h:126] commit: 1502515 abort: 17485 (0/17485/0), network size: 0, avg network size: 0, si_in_serializable: 0 0 %, local: 0 %
I0911 23:05:41.294948 2942588 Coordinator.h:126] commit: 1502577 abort: 17423 (0/17423/0), network size: 0, avg network size: 0, si_in_serializable: 0 0 %, local: 0 %
I0911 23:05:42.295028 2942588 Coordinator.h:126] commit: 1502533 abort: 17467 (0/17467/0), network size: 0, avg network size: 0, si_in_serializable: 0 0 %, local: 0 %
I0911 23:05:43.295111 2942588 Coordinator.h:126] commit: 1502577 abort: 17423 (0/17423/0), network size: 0, avg network size: 0, si_in_serializable: 0 0 %, local: 0 %
I0911 23:05:44.295179 2942588 Coordinator.h:126] commit: 1502554 abort: 17446 (0/17446/0), network size: 0, avg network size: 0, si_in_serializable: 0 0 %, local: 0 %
I0911 23:05:45.295253 2942588 Coordinator.h:126] commit: 1470867 abort: 17133 (0/17133/0), network size: 0, avg network size: 0, si_in_serializable: 0 0 %, local: 0 %
I0911 23:05:46.295323 2942588 Coordinator.h:126] commit: 1486732 abort: 17268 (0/17268/0), network size: 0, avg network size: 0, si_in_serializable: 0 0 %, local: 0 %
I0911 23:05:47.295403 2942588 Coordinator.h:126] commit: 1518302 abort: 17698 (0/17698/0), network size: 0, avg network size: 0, si_in_serializable: 0 0 %, local: 0 %
I0911 23:05:48.295471 2942588 Coordinator.h:126] commit: 1455221 abort: 16779 (0/16779/0), network size: 0, avg network size: 0, si_in_serializable: 0 0 %, local: 0 %
I0911 23:05:49.295543 2942588 Coordinator.h:126] commit: 1502676 abort: 17324 (0/17324/0), network size: 0, avg network size: 0, si_in_serializable: 0 0 %, local: 0 %
I0911 23:05:50.295610 2942588 Coordinator.h:126] commit: 1455225 abort: 16775 (0/16775/0), network size: 0, avg network size: 0, si_in_serializable: 0 0 %, local: 0 %
I0911 23:05:51.295692 2942588 Coordinator.h:126] commit: 1502672 abort: 17328 (0/17328/0), network size: 0, avg network size: 0, si_in_serializable: 0 0 %, local: 0 %
I0911 23:05:52.295794 2942588 Coordinator.h:126] commit: 1486812 abort: 17188 (0/17188/0), network size: 0, avg network size: 0, si_in_serializable: 0 0 %, local: 0 %
I0911 23:05:53.295867 2942588 Coordinator.h:126] commit: 1502921 abort: 17079 (0/17079/0), network size: 0, avg network size: 0, si_in_serializable: 0 0 %, local: 0 %
I0911 23:05:54.295933 2942588 Coordinator.h:126] commit: 1502661 abort: 17339 (0/17339/0), network size: 0, avg network size: 0, si_in_serializable: 0 0 %, local: 0 %
I0911 23:05:55.296015 2942588 Coordinator.h:126] commit: 1513476 abort: 17540 (0/17540/0), network size: 0, avg network size: 0, si_in_serializable: 0 0 %, local: 0 %
I0911 23:05:56.296085 2942588 Coordinator.h:126] commit: 1444033 abort: 16951 (0/16951/0), network size: 0, avg network size: 0, si_in_serializable: 0 0 %, local: 0 %
I0911 23:05:57.296156 2942588 Coordinator.h:126] commit: 1502419 abort: 17581 (0/17581/0), network size: 0, avg network size: 0, si_in_serializable: 0 0 %, local: 0 %
I0911 23:05:58.296226 2942588 Coordinator.h:126] commit: 1502545 abort: 17455 (0/17455/0), network size: 0, avg network size: 0, si_in_serializable: 0 0 %, local: 0 %
I0911 23:05:58.296239 2942588 Coordinator.h:152] average commit: 1.4884e+06 abort: 17201.8 (0/17201.8/0), network size: 0, avg network size: 0, si_in_serializable: 0 0 %, local: 0 %
I0911 23:05:58.297379 2942612 AriaExecutor.h:94] AriaExecutor 4 exits. 
I0911 23:05:58.297394 2942611 AriaExecutor.h:94] AriaExecutor 3 exits. 
I0911 23:05:58.297384 2942620 AriaExecutor.h:94] AriaExecutor 12 exits. 
I0911 23:05:58.297379 2942624 Manager.h:227] Manager(worker id = 16) on the coordinator node exits.
I0911 23:05:58.297382 2942614 AriaExecutor.h:94] AriaExecutor 6 exits. 
I0911 23:05:58.297386 2942616 AriaExecutor.h:94] AriaExecutor 8 exits. 
I0911 23:05:58.297385 2942610 AriaExecutor.h:94] AriaExecutor 2 exits. 
I0911 23:05:58.297386 2942622 AriaExecutor.h:94] AriaExecutor 14 exits. 
I0911 23:05:58.297394 2942609 AriaExecutor.h:94] AriaExecutor 1 exits. 
I0911 23:05:58.297394 2942619 AriaExecutor.h:94] AriaExecutor 11 exits. 
I0911 23:05:58.297394 2942621 AriaExecutor.h:94] AriaExecutor 13 exits. 
I0911 23:05:58.297394 2942615 AriaExecutor.h:94] AriaExecutor 7 exits. 
I0911 23:05:58.297394 2942623 AriaExecutor.h:94] AriaExecutor 15 exits. 
I0911 23:05:58.297394 2942613 AriaExecutor.h:94] AriaExecutor 5 exits. 
I0911 23:05:58.297396 2942617 AriaExecutor.h:94] AriaExecutor 9 exits. 
I0911 23:05:58.297384 2942618 AriaExecutor.h:94] AriaExecutor 10 exits. 
I0911 23:05:58.297382 2942608 AriaExecutor.h:94] AriaExecutor 0 exits. 
I0911 23:05:58.296249 2942588 AriaExecutor.h:641] Worker 0 latency: 6604 us (50%) 8227 us (75%) 9528 us (95%) 10098 us (99%).
I0911 23:05:58.389009 2942588 AriaExecutor.h:641] Worker 1 latency: 6570 us (50%) 8205 us (75%) 9519 us (95%) 10051 us (99%).
I0911 23:05:58.482604 2942588 AriaExecutor.h:641] Worker 2 latency: 6636 us (50%) 8238 us (75%) 9523 us (95%) 10065 us (99%).
I0911 23:05:58.574306 2942588 AriaExecutor.h:641] Worker 3 latency: 6588 us (50%) 8217 us (75%) 9522 us (95%) 10060 us (99%).
I0911 23:05:58.666798 2942588 AriaExecutor.h:641] Worker 4 latency: 6604 us (50%) 8225 us (75%) 9525 us (95%) 10070 us (99%).
I0911 23:05:58.757951 2942588 AriaExecutor.h:641] Worker 5 latency: 6563 us (50%) 8204 us (75%) 9520 us (95%) 10074 us (99%).
I0911 23:05:58.850225 2942588 AriaExecutor.h:641] Worker 6 latency: 6652 us (50%) 8250 us (75%) 9530 us (95%) 10085 us (99%).
I0911 23:05:58.940548 2942588 AriaExecutor.h:641] Worker 7 latency: 6586 us (50%) 8218 us (75%) 9523 us (95%) 10069 us (99%).
I0911 23:05:59.032889 2942588 AriaExecutor.h:641] Worker 8 latency: 6620 us (50%) 8232 us (75%) 9523 us (95%) 10056 us (99%).
I0911 23:05:59.123639 2942588 AriaExecutor.h:641] Worker 9 latency: 6566 us (50%) 8202 us (75%) 9516 us (95%) 10055 us (99%).
I0911 23:05:59.216768 2942588 AriaExecutor.h:641] Worker 10 latency: 6641 us (50%) 8243 us (75%) 9525 us (95%) 10079 us (99%).
I0911 23:05:59.308910 2942588 AriaExecutor.h:641] Worker 11 latency: 6563 us (50%) 8200 us (75%) 9516 us (95%) 10060 us (99%).
I0911 23:05:59.402074 2942588 AriaExecutor.h:641] Worker 12 latency: 6617 us (50%) 8229 us (75%) 9520 us (95%) 10073 us (99%).
I0911 23:05:59.493657 2942588 AriaExecutor.h:641] Worker 13 latency: 6558 us (50%) 8196 us (75%) 9513 us (95%) 10042 us (99%).
I0911 23:05:59.586346 2942588 AriaExecutor.h:641] Worker 14 latency: 6637 us (50%) 8240 us (75%) 9524 us (95%) 10077 us (99%).
I0911 23:05:59.678179 2942588 AriaExecutor.h:641] Worker 15 latency: 6568 us (50%) 8206 us (75%) 9518 us (95%) 10064 us (99%).
I0911 23:05:59.770045 2942588 Coordinator.h:177] total commit: 1.4884e+06
I0911 23:06:00.770170 2942588 Coordinator.h:192] Coordinator exits.
