I1126 15:10:54.882120 995370 Database.h:65] ycsb initialization finished in 30 milliseconds.
I1126 15:10:54.882220 995370 Coordinator.h:30] Coordinator initializes 12 workers.
I1126 15:10:54.883126 995370 Coordinator.h:77] Coordinator starts to run 13 workers.
I1126 15:10:54.883176 995386 AriaExecutor.h:95] AriaExecutor 0 started. 
I1126 15:10:54.883203 995387 AriaExecutor.h:95] AriaExecutor 1 started. 
I1126 15:10:54.883245 995388 AriaExecutor.h:95] AriaExecutor 2 started. 
I1126 15:10:54.883294 995389 AriaExecutor.h:95] AriaExecutor 3 started. 
I1126 15:10:54.883337 995390 AriaExecutor.h:95] AriaExecutor 4 started. 
I1126 15:10:54.883395 995391 AriaExecutor.h:95] AriaExecutor 5 started. 
I1126 15:10:54.883441 995392 AriaExecutor.h:95] AriaExecutor 6 started. 
I1126 15:10:54.883496 995393 AriaExecutor.h:95] AriaExecutor 7 started. 
I1126 15:10:54.883543 995394 AriaExecutor.h:95] AriaExecutor 8 started. 
I1126 15:10:54.883594 995395 AriaExecutor.h:95] AriaExecutor 9 started. 
I1126 15:10:54.883641 995396 AriaExecutor.h:95] AriaExecutor 10 started. 
I1126 15:10:54.883708 995397 AriaExecutor.h:95] AriaExecutor 11 started. 
I1126 15:10:54.883762 995398 Manager.h:224] Manager(worker id = 12) on the coordinator node started.
I1126 15:10:55.883826 995370 Coordinator.h:126] commit: 1290488 abort: 34511 (0/34511/0), network size: 0, avg network size: 0, si_in_serializable: 0 0 %, local: 0 %
I1126 15:10:56.883949 995370 Coordinator.h:126] commit: 1260885 abort: 34116 (0/34116/0), network size: 0, avg network size: 0, si_in_serializable: 0 0 %, local: 0 %
I1126 15:10:57.884078 995370 Coordinator.h:126] commit: 1282193 abort: 34337 (0/34337/0), network size: 0, avg network size: 0, si_in_serializable: 0 0 %, local: 0 %
I1126 15:10:58.884186 995370 Coordinator.h:126] commit: 1295635 abort: 34835 (0/34835/0), network size: 0, avg network size: 0, si_in_serializable: 0 0 %, local: 0 %
I1126 15:10:59.884289 995370 Coordinator.h:126] commit: 1264827 abort: 34173 (0/34173/0), network size: 0, avg network size: 0, si_in_serializable: 0 0 %, local: 0 %
I1126 15:11:00.884388 995370 Coordinator.h:126] commit: 1291312 abort: 34688 (0/34688/0), network size: 0, avg network size: 0, si_in_serializable: 0 0 %, local: 0 %
I1126 15:11:01.884531 995370 Coordinator.h:126] commit: 1273632 abort: 34368 (0/34368/0), network size: 0, avg network size: 0, si_in_serializable: 0 0 %, local: 0 %
I1126 15:11:02.884634 995370 Coordinator.h:126] commit: 1294840 abort: 35035 (0/35035/0), network size: 0, avg network size: 0, si_in_serializable: 0 0 %, local: 0 %
I1126 15:11:03.884735 995370 Coordinator.h:126] commit: 1290291 abort: 34834 (0/34834/0), network size: 0, avg network size: 0, si_in_serializable: 0 0 %, local: 0 %
I1126 15:11:04.884831 995370 Coordinator.h:126] commit: 1212495 abort: 32505 (0/32505/0), network size: 0, avg network size: 0, si_in_serializable: 0 0 %, local: 0 %
I1126 15:11:05.884927 995370 Coordinator.h:126] commit: 1290223 abort: 34777 (0/34777/0), network size: 0, avg network size: 0, si_in_serializable: 0 0 %, local: 0 %
I1126 15:11:06.885022 995370 Coordinator.h:126] commit: 1294875 abort: 35125 (0/35125/0), network size: 0, avg network size: 0, si_in_serializable: 0 0 %, local: 0 %
I1126 15:11:07.885118 995370 Coordinator.h:126] commit: 1291290 abort: 34710 (0/34710/0), network size: 0, avg network size: 0, si_in_serializable: 0 0 %, local: 0 %
I1126 15:11:08.885215 995370 Coordinator.h:126] commit: 1296085 abort: 34915 (0/34915/0), network size: 0, avg network size: 0, si_in_serializable: 0 0 %, local: 0 %
I1126 15:11:09.885314 995370 Coordinator.h:126] commit: 1289316 abort: 34684 (0/34684/0), network size: 0, avg network size: 0, si_in_serializable: 0 0 %, local: 0 %
I1126 15:11:10.885411 995370 Coordinator.h:126] commit: 1279655 abort: 34345 (0/34345/0), network size: 0, avg network size: 0, si_in_serializable: 0 0 %, local: 0 %
I1126 15:11:11.885533 995370 Coordinator.h:126] commit: 1293154 abort: 34846 (0/34846/0), network size: 0, avg network size: 0, si_in_serializable: 0 0 %, local: 0 %
I1126 15:11:12.885637 995370 Coordinator.h:126] commit: 1299395 abort: 34605 (0/34605/0), network size: 0, avg network size: 0, si_in_serializable: 0 0 %, local: 0 %
I1126 15:11:13.885735 995370 Coordinator.h:126] commit: 1295883 abort: 35117 (0/35117/0), network size: 0, avg network size: 0, si_in_serializable: 0 0 %, local: 0 %
I1126 15:11:14.885834 995370 Coordinator.h:126] commit: 1114016 abort: 29984 (0/29984/0), network size: 0, avg network size: 0, si_in_serializable: 0 0 %, local: 0 %
I1126 15:11:15.885936 995370 Coordinator.h:126] commit: 1294149 abort: 34851 (0/34851/0), network size: 0, avg network size: 0, si_in_serializable: 0 0 %, local: 0 %
I1126 15:11:16.886032 995370 Coordinator.h:126] commit: 1299639 abort: 35361 (0/35361/0), network size: 0, avg network size: 0, si_in_serializable: 0 0 %, local: 0 %
I1126 15:11:17.886132 995370 Coordinator.h:126] commit: 1296477 abort: 34900 (0/34900/0), network size: 0, avg network size: 0, si_in_serializable: 0 0 %, local: 0 %
I1126 15:11:18.886230 995370 Coordinator.h:126] commit: 1300429 abort: 35193 (0/35193/0), network size: 0, avg network size: 0, si_in_serializable: 0 0 %, local: 0 %
I1126 15:11:19.886328 995370 Coordinator.h:126] commit: 1295849 abort: 35271 (0/35271/0), network size: 0, avg network size: 0, si_in_serializable: 0 0 %, local: 0 %
I1126 15:11:19.886353 995370 Coordinator.h:152] average commit: 1.27439e+06 abort: 34310.8 (0/34310.8/0), network size: 0, avg network size: 0, si_in_serializable: 0 0 %, local: 0 %
I1126 15:11:19.886404 995398 Manager.h:227] Manager(worker id = 12) on the coordinator node exits.
I1126 15:11:19.886405 995390 AriaExecutor.h:107] AriaExecutor 4 exits. 
I1126 15:11:19.886404 995386 AriaExecutor.h:107] AriaExecutor 0 exits. 
I1126 15:11:19.886404 995396 AriaExecutor.h:107] AriaExecutor 10 exits. 
I1126 15:11:19.886417 995397 AriaExecutor.h:107] AriaExecutor 11 exits. 
I1126 15:11:19.886408 995394 AriaExecutor.h:107] AriaExecutor 8 exits. 
I1126 15:11:19.886415 995387 AriaExecutor.h:107] AriaExecutor 1 exits. 
I1126 15:11:19.886415 995389 AriaExecutor.h:107] AriaExecutor 3 exits. 
I1126 15:11:19.886416 995395 AriaExecutor.h:107] AriaExecutor 9 exits. 
I1126 15:11:19.886404 995388 AriaExecutor.h:107] AriaExecutor 2 exits. 
I1126 15:11:19.886416 995393 AriaExecutor.h:107] AriaExecutor 7 exits. 
I1126 15:11:19.886415 995391 AriaExecutor.h:107] AriaExecutor 5 exits. 
I1126 15:11:19.886407 995392 AriaExecutor.h:107] AriaExecutor 6 exits. 
I1126 15:11:19.886364 995370 AriaExecutor.h:705] Worker 0 latency: 578 us (50%) 623 us (75%) 663 us (95%) 679 us (99%).
I1126 15:11:19.978339 995370 AriaExecutor.h:705] Worker 1 latency: 574 us (50%) 621 us (75%) 662 us (95%) 677 us (99%).
I1126 15:11:20.071411 995370 AriaExecutor.h:705] Worker 2 latency: 580 us (50%) 624 us (75%) 663 us (95%) 679 us (99%).
I1126 15:11:20.163244 995370 AriaExecutor.h:705] Worker 3 latency: 577 us (50%) 622 us (75%) 662 us (95%) 677 us (99%).
I1126 15:11:20.272372 995370 AriaExecutor.h:705] Worker 4 latency: 579 us (50%) 623 us (75%) 663 us (95%) 679 us (99%).
I1126 15:11:20.366613 995370 AriaExecutor.h:705] Worker 5 latency: 576 us (50%) 621 us (75%) 661 us (95%) 677 us (99%).
I1126 15:11:20.473775 995370 AriaExecutor.h:705] Worker 6 latency: 583 us (50%) 625 us (75%) 663 us (95%) 679 us (99%).
I1126 15:11:20.564566 995370 AriaExecutor.h:705] Worker 7 latency: 578 us (50%) 622 us (75%) 661 us (95%) 677 us (99%).
I1126 15:11:20.655016 995370 AriaExecutor.h:705] Worker 8 latency: 583 us (50%) 626 us (75%) 663 us (95%) 679 us (99%).
I1126 15:11:20.749603 995370 AriaExecutor.h:705] Worker 9 latency: 578 us (50%) 623 us (75%) 661 us (95%) 677 us (99%).
I1126 15:11:20.841202 995370 AriaExecutor.h:705] Worker 10 latency: 583 us (50%) 626 us (75%) 663 us (95%) 679 us (99%).
I1126 15:11:20.936563 995370 AriaExecutor.h:705] Worker 11 latency: 579 us (50%) 623 us (75%) 662 us (95%) 677 us (99%).
I1126 15:11:21.026439 995370 Coordinator.h:177] total commit: 1.27439e+06
I1126 15:11:22.026556 995370 Coordinator.h:192] Coordinator exits.
