I0911 23:09:13.085012 2943307 Database.h:65] ycsb initialization finished in 147 milliseconds.
I0911 23:09:13.085124 2943307 Coordinator.h:30] Coordinator initializes 16 workers.
I0911 23:09:13.204475 2943307 Coordinator.h:77] Coordinator starts to run 17 workers.
I0911 23:09:13.204540 2943330 AriaExecutor.h:82] AriaExecutor 0 started. 
I0911 23:09:13.204574 2943331 AriaExecutor.h:82] AriaExecutor 1 started. 
I0911 23:09:13.204612 2943332 AriaExecutor.h:82] AriaExecutor 2 started. 
I0911 23:09:13.204663 2943333 AriaExecutor.h:82] AriaExecutor 3 started. 
I0911 23:09:13.204701 2943334 AriaExecutor.h:82] AriaExecutor 4 started. 
I0911 23:09:13.204738 2943335 AriaExecutor.h:82] AriaExecutor 5 started. 
I0911 23:09:13.204775 2943336 AriaExecutor.h:82] AriaExecutor 6 started. 
I0911 23:09:13.204826 2943337 AriaExecutor.h:82] AriaExecutor 7 started. 
I0911 23:09:13.204860 2943338 AriaExecutor.h:82] AriaExecutor 8 started. 
I0911 23:09:13.204903 2943339 AriaExecutor.h:82] AriaExecutor 9 started. 
I0911 23:09:13.204952 2943340 AriaExecutor.h:82] AriaExecutor 10 started. 
I0911 23:09:13.205000 2943341 AriaExecutor.h:82] AriaExecutor 11 started. 
I0911 23:09:13.205035 2943342 AriaExecutor.h:82] AriaExecutor 12 started. 
I0911 23:09:13.205080 2943343 AriaExecutor.h:82] AriaExecutor 13 started. 
I0911 23:09:13.205124 2943344 AriaExecutor.h:82] AriaExecutor 14 started. 
I0911 23:09:13.205166 2943345 AriaExecutor.h:82] AriaExecutor 15 started. 
I0911 23:09:13.205201 2943346 Manager.h:224] Manager(worker id = 16) on the coordinator node started.
I0911 23:09:14.205251 2943307 Coordinator.h:126] commit: 958770 abort: 65118 (0/65118/0), network size: 0, avg network size: 0, si_in_serializable: 0 0 %, local: 0 %
I0911 23:09:15.205366 2943307 Coordinator.h:126] commit: 974566 abort: 65546 (0/65546/0), network size: 0, avg network size: 0, si_in_serializable: 0 0 %, local: 0 %
I0911 23:09:16.205456 2943307 Coordinator.h:126] commit: 973957 abort: 66043 (0/66043/0), network size: 0, avg network size: 0, si_in_serializable: 0 0 %, local: 0 %
I0911 23:09:17.205538 2943307 Coordinator.h:126] commit: 974434 abort: 65566 (0/65566/0), network size: 0, avg network size: 0, si_in_serializable: 0 0 %, local: 0 %
I0911 23:09:18.205621 2943307 Coordinator.h:126] commit: 989336 abort: 66664 (0/66664/0), network size: 0, avg network size: 0, si_in_serializable: 0 0 %, local: 0 %
I0911 23:09:19.205724 2943307 Coordinator.h:126] commit: 1033934 abort: 70066 (0/70066/0), network size: 0, avg network size: 0, si_in_serializable: 0 0 %, local: 0 %
I0911 23:09:20.205811 2943307 Coordinator.h:126] commit: 1019065 abort: 68935 (0/68935/0), network size: 0, avg network size: 0, si_in_serializable: 0 0 %, local: 0 %
I0911 23:09:21.205892 2943307 Coordinator.h:126] commit: 1034241 abort: 69759 (0/69759/0), network size: 0, avg network size: 0, si_in_serializable: 0 0 %, local: 0 %
I0911 23:09:22.205972 2943307 Coordinator.h:126] commit: 1018818 abort: 69182 (0/69182/0), network size: 0, avg network size: 0, si_in_serializable: 0 0 %, local: 0 %
I0911 23:09:23.206050 2943307 Coordinator.h:126] commit: 1018953 abort: 69047 (0/69047/0), network size: 0, avg network size: 0, si_in_serializable: 0 0 %, local: 0 %
I0911 23:09:24.206125 2943307 Coordinator.h:126] commit: 1033867 abort: 70133 (0/70133/0), network size: 0, avg network size: 0, si_in_serializable: 0 0 %, local: 0 %
I0911 23:09:25.206204 2943307 Coordinator.h:126] commit: 1034232 abort: 69738 (0/69738/0), network size: 0, avg network size: 0, si_in_serializable: 0 0 %, local: 0 %
I0911 23:09:26.206280 2943307 Coordinator.h:126] commit: 991614 abort: 66868 (0/66868/0), network size: 0, avg network size: 0, si_in_serializable: 0 0 %, local: 0 %
I0911 23:09:27.206354 2943307 Coordinator.h:126] commit: 1031516 abort: 70032 (0/70032/0), network size: 0, avg network size: 0, si_in_serializable: 0 0 %, local: 0 %
I0911 23:09:28.206434 2943307 Coordinator.h:126] commit: 1004073 abort: 67927 (0/67927/0), network size: 0, avg network size: 0, si_in_serializable: 0 0 %, local: 0 %
I0911 23:09:29.206497 2943307 Coordinator.h:126] commit: 1034385 abort: 69615 (0/69615/0), network size: 0, avg network size: 0, si_in_serializable: 0 0 %, local: 0 %
I0911 23:09:30.206589 2943307 Coordinator.h:126] commit: 1004185 abort: 67815 (0/67815/0), network size: 0, avg network size: 0, si_in_serializable: 0 0 %, local: 0 %
I0911 23:09:31.206672 2943307 Coordinator.h:126] commit: 1033637 abort: 70363 (0/70363/0), network size: 0, avg network size: 0, si_in_serializable: 0 0 %, local: 0 %
I0911 23:09:32.206751 2943307 Coordinator.h:126] commit: 1018902 abort: 69098 (0/69098/0), network size: 0, avg network size: 0, si_in_serializable: 0 0 %, local: 0 %
I0911 23:09:33.206832 2943307 Coordinator.h:126] commit: 1034074 abort: 69926 (0/69926/0), network size: 0, avg network size: 0, si_in_serializable: 0 0 %, local: 0 %
I0911 23:09:34.206910 2943307 Coordinator.h:126] commit: 1034174 abort: 69826 (0/69826/0), network size: 0, avg network size: 0, si_in_serializable: 0 0 %, local: 0 %
I0911 23:09:35.206990 2943307 Coordinator.h:126] commit: 1018989 abort: 69011 (0/69011/0), network size: 0, avg network size: 0, si_in_serializable: 0 0 %, local: 0 %
I0911 23:09:36.207079 2943307 Coordinator.h:126] commit: 1034750 abort: 69250 (0/69250/0), network size: 0, avg network size: 0, si_in_serializable: 0 0 %, local: 0 %
I0911 23:09:37.207170 2943307 Coordinator.h:126] commit: 1033918 abort: 70082 (0/70082/0), network size: 0, avg network size: 0, si_in_serializable: 0 0 %, local: 0 %
I0911 23:09:38.207257 2943307 Coordinator.h:126] commit: 1019071 abort: 68929 (0/68929/0), network size: 0, avg network size: 0, si_in_serializable: 0 0 %, local: 0 %
I0911 23:09:38.207269 2943307 Coordinator.h:152] average commit: 1.02205e+06 abort: 69151.5 (0/69151.5/0), network size: 0, avg network size: 0, si_in_serializable: 0 0 %, local: 0 %
I0911 23:09:38.213531 2943336 AriaExecutor.h:94] AriaExecutor 6 exits. 
I0911 23:09:38.213526 2943342 AriaExecutor.h:94] AriaExecutor 12 exits. 
I0911 23:09:38.213544 2943331 AriaExecutor.h:94] AriaExecutor 1 exits. 
I0911 23:09:38.213522 2943344 AriaExecutor.h:94] AriaExecutor 14 exits. 
I0911 23:09:38.213541 2943346 Manager.h:227] Manager(worker id = 16) on the coordinator node exits.
I0911 23:09:38.213544 2943335 AriaExecutor.h:94] AriaExecutor 5 exits. 
I0911 23:09:38.213544 2943339 AriaExecutor.h:94] AriaExecutor 9 exits. 
I0911 23:09:38.213519 2943332 AriaExecutor.h:94] AriaExecutor 2 exits. 
I0911 23:09:38.213544 2943333 AriaExecutor.h:94] AriaExecutor 3 exits. 
I0911 23:09:38.213546 2943343 AriaExecutor.h:94] AriaExecutor 13 exits. 
I0911 23:09:38.213526 2943340 AriaExecutor.h:94] AriaExecutor 10 exits. 
I0911 23:09:38.213543 2943345 AriaExecutor.h:94] AriaExecutor 15 exits. 
I0911 23:09:38.213527 2943338 AriaExecutor.h:94] AriaExecutor 8 exits. 
I0911 23:09:38.213544 2943341 AriaExecutor.h:94] AriaExecutor 11 exits. 
I0911 23:09:38.213544 2943337 AriaExecutor.h:94] AriaExecutor 7 exits. 
I0911 23:09:38.213529 2943334 AriaExecutor.h:94] AriaExecutor 4 exits. 
I0911 23:09:38.213522 2943330 AriaExecutor.h:94] AriaExecutor 0 exits. 
I0911 23:09:38.207281 2943307 AriaExecutor.h:641] Worker 0 latency: 10102 us (50%) 11517 us (75%) 12620 us (95%) 13336 us (99%).
I0911 23:09:38.273486 2943307 AriaExecutor.h:641] Worker 1 latency: 10088 us (50%) 11505 us (75%) 12613 us (95%) 13275 us (99%).
I0911 23:09:38.344904 2943307 AriaExecutor.h:641] Worker 2 latency: 10136 us (50%) 11536 us (75%) 12620 us (95%) 13328 us (99%).
I0911 23:09:38.408711 2943307 AriaExecutor.h:641] Worker 3 latency: 10101 us (50%) 11511 us (75%) 12614 us (95%) 13289 us (99%).
I0911 23:09:38.480967 2943307 AriaExecutor.h:641] Worker 4 latency: 10130 us (50%) 11534 us (75%) 12621 us (95%) 13311 us (99%).
I0911 23:09:38.545157 2943307 AriaExecutor.h:641] Worker 5 latency: 10092 us (50%) 11502 us (75%) 12618 us (95%) 13290 us (99%).
I0911 23:09:38.618304 2943307 AriaExecutor.h:641] Worker 6 latency: 10143 us (50%) 11539 us (75%) 12622 us (95%) 13329 us (99%).
I0911 23:09:38.683178 2943307 AriaExecutor.h:641] Worker 7 latency: 10109 us (50%) 11519 us (75%) 12622 us (95%) 13291 us (99%).
I0911 23:09:38.755532 2943307 AriaExecutor.h:641] Worker 8 latency: 10103 us (50%) 11513 us (75%) 12612 us (95%) 13289 us (99%).
I0911 23:09:38.819797 2943307 AriaExecutor.h:641] Worker 9 latency: 10092 us (50%) 11509 us (75%) 12615 us (95%) 13273 us (99%).
I0911 23:09:38.890170 2943307 AriaExecutor.h:641] Worker 10 latency: 10132 us (50%) 11531 us (75%) 12615 us (95%) 13314 us (99%).
I0911 23:09:38.954505 2943307 AriaExecutor.h:641] Worker 11 latency: 10067 us (50%) 11483 us (75%) 12605 us (95%) 13280 us (99%).
I0911 23:09:39.026726 2943307 AriaExecutor.h:641] Worker 12 latency: 10123 us (50%) 11524 us (75%) 12614 us (95%) 13297 us (99%).
I0911 23:09:39.090209 2943307 AriaExecutor.h:641] Worker 13 latency: 10094 us (50%) 11507 us (75%) 12613 us (95%) 13291 us (99%).
I0911 23:09:39.163049 2943307 AriaExecutor.h:641] Worker 14 latency: 10140 us (50%) 11537 us (75%) 12619 us (95%) 13326 us (99%).
I0911 23:09:39.225117 2943307 AriaExecutor.h:641] Worker 15 latency: 10076 us (50%) 11487 us (75%) 12606 us (95%) 13265 us (99%).
I0911 23:09:39.295356 2943307 Coordinator.h:177] total commit: 1.02205e+06
I0911 23:09:40.295469 2943307 Coordinator.h:192] Coordinator exits.
