I1126 14:59:39.369454 987922 Database.h:65] ycsb initialization finished in 30 milliseconds.
I1126 14:59:39.369551 987922 Coordinator.h:30] Coordinator initializes 12 workers.
I1126 14:59:39.376600 987922 Coordinator.h:77] Coordinator starts to run 13 workers.
I1126 14:59:39.376674 987938 AriaExecutor.h:91] AriaExecutor 0 started. 
I1126 14:59:39.376710 987939 AriaExecutor.h:91] AriaExecutor 1 started. 
I1126 14:59:39.376760 987940 AriaExecutor.h:91] AriaExecutor 2 started. 
I1126 14:59:39.376806 987941 AriaExecutor.h:91] AriaExecutor 3 started. 
I1126 14:59:39.376837 987942 AriaExecutor.h:91] AriaExecutor 4 started. 
I1126 14:59:39.376883 987943 AriaExecutor.h:91] AriaExecutor 5 started. 
I1126 14:59:39.376920 987944 AriaExecutor.h:91] AriaExecutor 6 started. 
I1126 14:59:39.376962 987945 AriaExecutor.h:91] AriaExecutor 7 started. 
I1126 14:59:39.376996 987946 AriaExecutor.h:91] AriaExecutor 8 started. 
I1126 14:59:39.377045 987947 AriaExecutor.h:91] AriaExecutor 9 started. 
I1126 14:59:39.377072 987948 AriaExecutor.h:91] AriaExecutor 10 started. 
I1126 14:59:39.377111 987949 AriaExecutor.h:91] AriaExecutor 11 started. 
I1126 14:59:39.377138 987950 Manager.h:224] Manager(worker id = 12) on the coordinator node started.
I1126 14:59:40.377199 987922 Coordinator.h:126] commit: 431344 abort: 1018656 (0/1018656/0), network size: 0, avg network size: 0, si_in_serializable: 0 0 %, local: 0 %
I1126 14:59:41.377319 987922 Coordinator.h:126] commit: 425532 abort: 1004468 (0/1004468/0), network size: 0, avg network size: 0, si_in_serializable: 0 0 %, local: 0 %
I1126 14:59:42.377449 987922 Coordinator.h:126] commit: 431945 abort: 1018055 (0/1018055/0), network size: 0, avg network size: 0, si_in_serializable: 0 0 %, local: 0 %
I1126 14:59:43.377558 987922 Coordinator.h:126] commit: 435534 abort: 1024466 (0/1024466/0), network size: 0, avg network size: 0, si_in_serializable: 0 0 %, local: 0 %
I1126 14:59:44.377664 987922 Coordinator.h:126] commit: 435578 abort: 1024422 (0/1024422/0), network size: 0, avg network size: 0, si_in_serializable: 0 0 %, local: 0 %
I1126 14:59:45.377779 987922 Coordinator.h:126] commit: 425606 abort: 1004394 (0/1004394/0), network size: 0, avg network size: 0, si_in_serializable: 0 0 %, local: 0 %
I1126 14:59:46.377918 987922 Coordinator.h:126] commit: 435163 abort: 1024837 (0/1024837/0), network size: 0, avg network size: 0, si_in_serializable: 0 0 %, local: 0 %
I1126 14:59:47.378031 987922 Coordinator.h:126] commit: 425367 abort: 1004633 (0/1004633/0), network size: 0, avg network size: 0, si_in_serializable: 0 0 %, local: 0 %
I1126 14:59:48.378134 987922 Coordinator.h:126] commit: 434790 abort: 1025210 (0/1025210/0), network size: 0, avg network size: 0, si_in_serializable: 0 0 %, local: 0 %
I1126 14:59:49.378238 987922 Coordinator.h:126] commit: 434973 abort: 1025027 (0/1025027/0), network size: 0, avg network size: 0, si_in_serializable: 0 0 %, local: 0 %
I1126 14:59:50.378334 987922 Coordinator.h:126] commit: 435823 abort: 1024177 (0/1024177/0), network size: 0, avg network size: 0, si_in_serializable: 0 0 %, local: 0 %
I1126 14:59:51.378446 987922 Coordinator.h:126] commit: 428589 abort: 1011411 (0/1011411/0), network size: 0, avg network size: 0, si_in_serializable: 0 0 %, local: 0 %
I1126 14:59:52.378553 987922 Coordinator.h:126] commit: 434301 abort: 1025699 (0/1025699/0), network size: 0, avg network size: 0, si_in_serializable: 0 0 %, local: 0 %
I1126 14:59:53.378679 987922 Coordinator.h:126] commit: 425720 abort: 1004280 (0/1004280/0), network size: 0, avg network size: 0, si_in_serializable: 0 0 %, local: 0 %
I1126 14:59:54.378793 987922 Coordinator.h:126] commit: 419713 abort: 990287 (0/990287/0), network size: 0, avg network size: 0, si_in_serializable: 0 0 %, local: 0 %
I1126 14:59:55.378906 987922 Coordinator.h:126] commit: 431533 abort: 1018467 (0/1018467/0), network size: 0, avg network size: 0, si_in_serializable: 0 0 %, local: 0 %
I1126 14:59:56.379020 987922 Coordinator.h:126] commit: 431729 abort: 1018271 (0/1018271/0), network size: 0, avg network size: 0, si_in_serializable: 0 0 %, local: 0 %
I1126 14:59:57.379132 987922 Coordinator.h:126] commit: 431585 abort: 1018415 (0/1018415/0), network size: 0, avg network size: 0, si_in_serializable: 0 0 %, local: 0 %
I1126 14:59:58.379241 987922 Coordinator.h:126] commit: 434734 abort: 1025266 (0/1025266/0), network size: 0, avg network size: 0, si_in_serializable: 0 0 %, local: 0 %
I1126 14:59:59.379344 987922 Coordinator.h:126] commit: 432424 abort: 1017576 (0/1017576/0), network size: 0, avg network size: 0, si_in_serializable: 0 0 %, local: 0 %
I1126 15:00:00.379462 987922 Coordinator.h:126] commit: 432240 abort: 1017760 (0/1017760/0), network size: 0, avg network size: 0, si_in_serializable: 0 0 %, local: 0 %
I1126 15:00:01.379591 987922 Coordinator.h:126] commit: 427485 abort: 1012515 (0/1012515/0), network size: 0, avg network size: 0, si_in_serializable: 0 0 %, local: 0 %
I1126 15:00:02.379696 987922 Coordinator.h:126] commit: 431443 abort: 1018557 (0/1018557/0), network size: 0, avg network size: 0, si_in_serializable: 0 0 %, local: 0 %
I1126 15:00:03.379819 987922 Coordinator.h:126] commit: 428703 abort: 1011297 (0/1011297/0), network size: 0, avg network size: 0, si_in_serializable: 0 0 %, local: 0 %
I1126 15:00:04.379940 987922 Coordinator.h:126] commit: 431429 abort: 1018571 (0/1018571/0), network size: 0, avg network size: 0, si_in_serializable: 0 0 %, local: 0 %
I1126 15:00:04.379980 987922 Coordinator.h:152] average commit: 430615 abort: 1.01538e+06 (0/1.01538e+06/0), network size: 0, avg network size: 0, si_in_serializable: 0 0 %, local: 0 %
I1126 15:00:04.384446 987950 Manager.h:227] Manager(worker id = 12) on the coordinator node exits.
I1126 15:00:04.384451 987940 AriaExecutor.h:103] AriaExecutor 2 exits. 
I1126 15:00:04.384446 987938 AriaExecutor.h:103] AriaExecutor 0 exits. 
I1126 15:00:04.384469 987949 AriaExecutor.h:103] AriaExecutor 11 exits. 
I1126 15:00:04.384459 987941 AriaExecutor.h:103] AriaExecutor 3 exits. 
I1126 15:00:04.384449 987942 AriaExecutor.h:103] AriaExecutor 4 exits. 
I1126 15:00:04.384446 987946 AriaExecutor.h:103] AriaExecutor 8 exits. 
I1126 15:00:04.384459 987945 AriaExecutor.h:103] AriaExecutor 7 exits. 
I1126 15:00:04.384459 987947 AriaExecutor.h:103] AriaExecutor 9 exits. 
I1126 15:00:04.384461 987939 AriaExecutor.h:103] AriaExecutor 1 exits. 
I1126 15:00:04.384464 987948 AriaExecutor.h:103] AriaExecutor 10 exits. 
I1126 15:00:04.384454 987944 AriaExecutor.h:103] AriaExecutor 6 exits. 
I1126 15:00:04.384461 987943 AriaExecutor.h:103] AriaExecutor 5 exits. 
I1126 15:00:04.379992 987922 AriaExecutor.h:649] Worker 0 latency: 5787 us (50%) 6207 us (75%) 6425 us (95%) 6514 us (99%).
I1126 15:00:04.418912 987922 AriaExecutor.h:649] Worker 1 latency: 5775 us (50%) 6200 us (75%) 6423 us (95%) 6509 us (99%).
I1126 15:00:04.461328 987922 AriaExecutor.h:649] Worker 2 latency: 5794 us (50%) 6209 us (75%) 6424 us (95%) 6513 us (99%).
I1126 15:00:04.500728 987922 AriaExecutor.h:649] Worker 3 latency: 5779 us (50%) 6203 us (75%) 6423 us (95%) 6511 us (99%).
I1126 15:00:04.543808 987922 AriaExecutor.h:649] Worker 4 latency: 5784 us (50%) 6204 us (75%) 6423 us (95%) 6510 us (99%).
I1126 15:00:04.583055 987922 AriaExecutor.h:649] Worker 5 latency: 5779 us (50%) 6203 us (75%) 6423 us (95%) 6510 us (99%).
I1126 15:00:04.624888 987922 AriaExecutor.h:649] Worker 6 latency: 5794 us (50%) 6207 us (75%) 6424 us (95%) 6511 us (99%).
I1126 15:00:04.663444 987922 AriaExecutor.h:649] Worker 7 latency: 5776 us (50%) 6201 us (75%) 6422 us (95%) 6511 us (99%).
I1126 15:00:04.705428 987922 AriaExecutor.h:649] Worker 8 latency: 5788 us (50%) 6206 us (75%) 6424 us (95%) 6513 us (99%).
I1126 15:00:04.744306 987922 AriaExecutor.h:649] Worker 9 latency: 5778 us (50%) 6203 us (75%) 6423 us (95%) 6512 us (99%).
I1126 15:00:04.786437 987922 AriaExecutor.h:649] Worker 10 latency: 5789 us (50%) 6207 us (75%) 6424 us (95%) 6512 us (99%).
I1126 15:00:04.825114 987922 AriaExecutor.h:649] Worker 11 latency: 5778 us (50%) 6202 us (75%) 6423 us (95%) 6511 us (99%).
I1126 15:00:04.867333 987922 Coordinator.h:177] total commit: 430615
I1126 15:00:05.867470 987922 Coordinator.h:192] Coordinator exits.
