I1126 15:44:32.869551 1017010 Database.h:65] ycsb initialization finished in 30 milliseconds.
I1126 15:44:32.869652 1017010 Coordinator.h:30] Coordinator initializes 12 workers.
I1126 15:44:32.877337 1017010 Coordinator.h:77] Coordinator starts to run 13 workers.
I1126 15:44:32.877393 1017026 AriaExecutor.h:93] AriaExecutor 0 started. 
I1126 15:44:32.877424 1017027 AriaExecutor.h:93] AriaExecutor 1 started. 
I1126 15:44:32.877462 1017028 AriaExecutor.h:93] AriaExecutor 2 started. 
I1126 15:44:32.877502 1017029 AriaExecutor.h:93] AriaExecutor 3 started. 
I1126 15:44:32.877590 1017031 AriaExecutor.h:93] AriaExecutor 5 started. 
I1126 15:44:32.877633 1017032 AriaExecutor.h:93] AriaExecutor 6 started. 
I1126 15:44:32.877668 1017033 AriaExecutor.h:93] AriaExecutor 7 started. 
I1126 15:44:32.877708 1017034 AriaExecutor.h:93] AriaExecutor 8 started. 
I1126 15:44:32.877756 1017035 AriaExecutor.h:93] AriaExecutor 9 started. 
I1126 15:44:32.877794 1017036 AriaExecutor.h:93] AriaExecutor 10 started. 
I1126 15:44:32.877844 1017037 AriaExecutor.h:93] AriaExecutor 11 started. 
I1126 15:44:32.877882 1017030 AriaExecutor.h:93] AriaExecutor 4 started. 
I1126 15:44:32.877887 1017038 Manager.h:224] Manager(worker id = 12) on the coordinator node started.
I1126 15:44:33.877946 1017010 Coordinator.h:126] commit: 1090066 abort: 4934 (0/4934/0), network size: 0, avg network size: 0, si_in_serializable: 0 0 %, local: 0 %
I1126 15:44:34.878073 1017010 Coordinator.h:126] commit: 1073297 abort: 4703 (0/4703/0), network size: 0, avg network size: 0, si_in_serializable: 0 0 %, local: 0 %
I1126 15:44:35.878194 1017010 Coordinator.h:126] commit: 1088050 abort: 4950 (0/4950/0), network size: 0, avg network size: 0, si_in_serializable: 0 0 %, local: 0 %
I1126 15:44:36.878304 1017010 Coordinator.h:126] commit: 1095271 abort: 4729 (0/4729/0), network size: 0, avg network size: 0, si_in_serializable: 0 0 %, local: 0 %
I1126 15:44:37.878417 1017010 Coordinator.h:126] commit: 1096067 abort: 4933 (0/4933/0), network size: 0, avg network size: 0, si_in_serializable: 0 0 %, local: 0 %
I1126 15:44:38.878516 1017010 Coordinator.h:126] commit: 1068296 abort: 4704 (0/4704/0), network size: 0, avg network size: 0, si_in_serializable: 0 0 %, local: 0 %
I1126 15:44:39.878630 1017010 Coordinator.h:126] commit: 1088166 abort: 4834 (0/4834/0), network size: 0, avg network size: 0, si_in_serializable: 0 0 %, local: 0 %
I1126 15:44:40.878726 1017010 Coordinator.h:126] commit: 1094146 abort: 4854 (0/4854/0), network size: 0, avg network size: 0, si_in_serializable: 0 0 %, local: 0 %
I1126 15:44:41.878818 1017010 Coordinator.h:126] commit: 1097105 abort: 4895 (0/4895/0), network size: 0, avg network size: 0, si_in_serializable: 0 0 %, local: 0 %
I1126 15:44:42.878906 1017010 Coordinator.h:126] commit: 1095213 abort: 4787 (0/4787/0), network size: 0, avg network size: 0, si_in_serializable: 0 0 %, local: 0 %
I1126 15:44:43.878998 1017010 Coordinator.h:126] commit: 1096281 abort: 4719 (0/4719/0), network size: 0, avg network size: 0, si_in_serializable: 0 0 %, local: 0 %
I1126 15:44:44.879088 1017010 Coordinator.h:126] commit: 1050263 abort: 4737 (0/4737/0), network size: 0, avg network size: 0, si_in_serializable: 0 0 %, local: 0 %
I1126 15:44:45.879171 1017010 Coordinator.h:126] commit: 1081159 abort: 4841 (0/4841/0), network size: 0, avg network size: 0, si_in_serializable: 0 0 %, local: 0 %
I1126 15:44:46.879267 1017010 Coordinator.h:126] commit: 1097029 abort: 4971 (0/4971/0), network size: 0, avg network size: 0, si_in_serializable: 0 0 %, local: 0 %
I1126 15:44:47.879443 1017010 Coordinator.h:126] commit: 1095099 abort: 4901 (0/4901/0), network size: 0, avg network size: 0, si_in_serializable: 0 0 %, local: 0 %
I1126 15:44:48.879570 1017010 Coordinator.h:126] commit: 1098204 abort: 4796 (0/4796/0), network size: 0, avg network size: 0, si_in_serializable: 0 0 %, local: 0 %
I1126 15:44:49.879652 1017010 Coordinator.h:126] commit: 1095085 abort: 4915 (0/4915/0), network size: 0, avg network size: 0, si_in_serializable: 0 0 %, local: 0 %
I1126 15:44:50.879724 1017010 Coordinator.h:126] commit: 1095192 abort: 4808 (0/4808/0), network size: 0, avg network size: 0, si_in_serializable: 0 0 %, local: 0 %
I1126 15:44:51.879799 1017010 Coordinator.h:126] commit: 1096194 abort: 4806 (0/4806/0), network size: 0, avg network size: 0, si_in_serializable: 0 0 %, local: 0 %
I1126 15:44:52.879873 1017010 Coordinator.h:126] commit: 1097171 abort: 4829 (0/4829/0), network size: 0, avg network size: 0, si_in_serializable: 0 0 %, local: 0 %
I1126 15:44:53.879974 1017010 Coordinator.h:126] commit: 1081189 abort: 4811 (0/4811/0), network size: 0, avg network size: 0, si_in_serializable: 0 0 %, local: 0 %
I1126 15:44:54.880052 1017010 Coordinator.h:126] commit: 1098088 abort: 4912 (0/4912/0), network size: 0, avg network size: 0, si_in_serializable: 0 0 %, local: 0 %
I1126 15:44:55.880124 1017010 Coordinator.h:126] commit: 1062297 abort: 4703 (0/4703/0), network size: 0, avg network size: 0, si_in_serializable: 0 0 %, local: 0 %
I1126 15:44:56.880199 1017010 Coordinator.h:126] commit: 1036383 abort: 4617 (0/4617/0), network size: 0, avg network size: 0, si_in_serializable: 0 0 %, local: 0 %
I1126 15:44:57.880271 1017010 Coordinator.h:126] commit: 1094110 abort: 4890 (0/4890/0), network size: 0, avg network size: 0, si_in_serializable: 0 0 %, local: 0 %
I1126 15:44:57.880280 1017010 Coordinator.h:152] average commit: 1.09017e+06 abort: 4832.3 (0/4832.3/0), network size: 0, avg network size: 0, si_in_serializable: 0 0 %, local: 0 %
I1126 15:44:57.880360 1017030 AriaExecutor.h:105] AriaExecutor 4 exits. 
I1126 15:44:57.880376 1017028 AriaExecutor.h:105] AriaExecutor 2 exits. 
I1126 15:44:57.880362 1017032 AriaExecutor.h:105] AriaExecutor 6 exits. 
I1126 15:44:57.880380 1017027 AriaExecutor.h:105] AriaExecutor 1 exits. 
I1126 15:44:57.880366 1017026 AriaExecutor.h:105] AriaExecutor 0 exits. 
I1126 15:44:57.880362 1017034 AriaExecutor.h:105] AriaExecutor 8 exits. 
I1126 15:44:57.880371 1017035 AriaExecutor.h:105] AriaExecutor 9 exits. 
I1126 15:44:57.880373 1017029 AriaExecutor.h:105] AriaExecutor 3 exits. 
I1126 15:44:57.880371 1017033 AriaExecutor.h:105] AriaExecutor 7 exits. 
I1126 15:44:57.880371 1017037 AriaExecutor.h:105] AriaExecutor 11 exits. 
I1126 15:44:57.880362 1017038 Manager.h:227] Manager(worker id = 12) on the coordinator node exits.
I1126 15:44:57.880362 1017036 AriaExecutor.h:105] AriaExecutor 10 exits. 
I1126 15:44:57.880373 1017031 AriaExecutor.h:105] AriaExecutor 5 exits. 
I1126 15:44:57.880290 1017010 AriaExecutor.h:672] Worker 0 latency: 548 us (50%) 706 us (75%) 832 us (95%) 860 us (99%).
I1126 15:44:57.971248 1017010 AriaExecutor.h:672] Worker 1 latency: 546 us (50%) 704 us (75%) 831 us (95%) 859 us (99%).
I1126 15:44:58.060881 1017010 AriaExecutor.h:672] Worker 2 latency: 546 us (50%) 705 us (75%) 832 us (95%) 860 us (99%).
I1126 15:44:58.151979 1017010 AriaExecutor.h:672] Worker 3 latency: 547 us (50%) 705 us (75%) 831 us (95%) 859 us (99%).
I1126 15:44:58.241335 1017010 AriaExecutor.h:672] Worker 4 latency: 553 us (50%) 708 us (75%) 833 us (95%) 860 us (99%).
I1126 15:44:58.330598 1017010 AriaExecutor.h:672] Worker 5 latency: 549 us (50%) 706 us (75%) 831 us (95%) 859 us (99%).
I1126 15:44:58.418637 1017010 AriaExecutor.h:672] Worker 6 latency: 553 us (50%) 708 us (75%) 833 us (95%) 860 us (99%).
I1126 15:44:58.511598 1017010 AriaExecutor.h:672] Worker 7 latency: 550 us (50%) 706 us (75%) 831 us (95%) 859 us (99%).
I1126 15:44:58.601490 1017010 AriaExecutor.h:672] Worker 8 latency: 552 us (50%) 708 us (75%) 833 us (95%) 860 us (99%).
I1126 15:44:58.690837 1017010 AriaExecutor.h:672] Worker 9 latency: 549 us (50%) 706 us (75%) 831 us (95%) 859 us (99%).
I1126 15:44:58.780053 1017010 AriaExecutor.h:672] Worker 10 latency: 553 us (50%) 708 us (75%) 833 us (95%) 860 us (99%).
I1126 15:44:58.869504 1017010 AriaExecutor.h:672] Worker 11 latency: 550 us (50%) 706 us (75%) 831 us (95%) 859 us (99%).
I1126 15:44:58.958809 1017010 Coordinator.h:177] total commit: 1.09017e+06
I1126 15:44:59.958947 1017010 Coordinator.h:192] Coordinator exits.
