I1126 14:02:14.465705 954190 Database.h:65] ycsb initialization finished in 29 milliseconds.
I1126 14:02:14.465794 954190 Coordinator.h:30] Coordinator initializes 12 workers.
I1126 14:02:14.466670 954190 Coordinator.h:77] Coordinator starts to run 13 workers.
I1126 14:02:14.466720 954206 AriaExecutor.h:91] AriaExecutor 0 started. 
I1126 14:02:14.466751 954207 AriaExecutor.h:91] AriaExecutor 1 started. 
I1126 14:02:14.466794 954208 AriaExecutor.h:91] AriaExecutor 2 started. 
I1126 14:02:14.466837 954209 AriaExecutor.h:91] AriaExecutor 3 started. 
I1126 14:02:14.466874 954210 AriaExecutor.h:91] AriaExecutor 4 started. 
I1126 14:02:14.466923 954211 AriaExecutor.h:91] AriaExecutor 5 started. 
I1126 14:02:14.466969 954212 AriaExecutor.h:91] AriaExecutor 6 started. 
I1126 14:02:14.467020 954213 AriaExecutor.h:91] AriaExecutor 7 started. 
I1126 14:02:14.467074 954214 AriaExecutor.h:91] AriaExecutor 8 started. 
I1126 14:02:14.467123 954215 AriaExecutor.h:91] AriaExecutor 9 started. 
I1126 14:02:14.467178 954216 AriaExecutor.h:91] AriaExecutor 10 started. 
I1126 14:02:14.467232 954217 AriaExecutor.h:91] AriaExecutor 11 started. 
I1126 14:02:14.467278 954218 Manager.h:224] Manager(worker id = 12) on the coordinator node started.
I1126 14:02:15.467339 954190 Coordinator.h:126] commit: 1236137 abort: 33863 (0/33863/0), network size: 0, avg network size: 0, si_in_serializable: 0 0 %, local: 0 %
I1126 14:02:16.467461 954190 Coordinator.h:126] commit: 1216684 abort: 33316 (0/33316/0), network size: 0, avg network size: 0, si_in_serializable: 0 0 %, local: 0 %
I1126 14:02:17.467588 954190 Coordinator.h:126] commit: 1236118 abort: 33882 (0/33882/0), network size: 0, avg network size: 0, si_in_serializable: 0 0 %, local: 0 %
I1126 14:02:18.467694 954190 Coordinator.h:126] commit: 1250017 abort: 33983 (0/33983/0), network size: 0, avg network size: 0, si_in_serializable: 0 0 %, local: 0 %
I1126 14:02:19.467793 954190 Coordinator.h:126] commit: 1246820 abort: 33899 (0/33899/0), network size: 0, avg network size: 0, si_in_serializable: 0 0 %, local: 0 %
I1126 14:02:20.467890 954190 Coordinator.h:126] commit: 1218723 abort: 33558 (0/33558/0), network size: 0, avg network size: 0, si_in_serializable: 0 0 %, local: 0 %
I1126 14:02:21.468014 954190 Coordinator.h:126] commit: 1230543 abort: 33457 (0/33457/0), network size: 0, avg network size: 0, si_in_serializable: 0 0 %, local: 0 %
I1126 14:02:22.468118 954190 Coordinator.h:126] commit: 1248728 abort: 34272 (0/34272/0), network size: 0, avg network size: 0, si_in_serializable: 0 0 %, local: 0 %
I1126 14:02:23.468215 954190 Coordinator.h:126] commit: 1245839 abort: 34094 (0/34094/0), network size: 0, avg network size: 0, si_in_serializable: 0 0 %, local: 0 %
I1126 14:02:24.468309 954190 Coordinator.h:126] commit: 1247011 abort: 34056 (0/34056/0), network size: 0, avg network size: 0, si_in_serializable: 0 0 %, local: 0 %
I1126 14:02:25.468405 954190 Coordinator.h:126] commit: 1173132 abort: 32234 (0/32234/0), network size: 0, avg network size: 0, si_in_serializable: 0 0 %, local: 0 %
I1126 14:02:26.468505 954190 Coordinator.h:126] commit: 1249237 abort: 34397 (0/34397/0), network size: 0, avg network size: 0, si_in_serializable: 0 0 %, local: 0 %
I1126 14:02:27.468600 954190 Coordinator.h:126] commit: 1246990 abort: 33815 (0/33815/0), network size: 0, avg network size: 0, si_in_serializable: 0 0 %, local: 0 %
I1126 14:02:28.468695 954190 Coordinator.h:126] commit: 1248430 abort: 33978 (0/33978/0), network size: 0, avg network size: 0, si_in_serializable: 0 0 %, local: 0 %
I1126 14:02:29.468791 954190 Coordinator.h:126] commit: 1243699 abort: 34088 (0/34088/0), network size: 0, avg network size: 0, si_in_serializable: 0 0 %, local: 0 %
I1126 14:02:30.468886 954190 Coordinator.h:126] commit: 1244060 abort: 33940 (0/33940/0), network size: 0, avg network size: 0, si_in_serializable: 0 0 %, local: 0 %
I1126 14:02:31.469007 954190 Coordinator.h:126] commit: 1230330 abort: 33670 (0/33670/0), network size: 0, avg network size: 0, si_in_serializable: 0 0 %, local: 0 %
I1126 14:02:32.469106 954190 Coordinator.h:126] commit: 1244105 abort: 33895 (0/33895/0), network size: 0, avg network size: 0, si_in_serializable: 0 0 %, local: 0 %
I1126 14:02:33.469206 954190 Coordinator.h:126] commit: 1245848 abort: 33960 (0/33960/0), network size: 0, avg network size: 0, si_in_serializable: 0 0 %, local: 0 %
I1126 14:02:34.469303 954190 Coordinator.h:126] commit: 1242256 abort: 33936 (0/33936/0), network size: 0, avg network size: 0, si_in_serializable: 0 0 %, local: 0 %
I1126 14:02:35.469403 954190 Coordinator.h:126] commit: 1067639 abort: 29361 (0/29361/0), network size: 0, avg network size: 0, si_in_serializable: 0 0 %, local: 0 %
I1126 14:02:36.469496 954190 Coordinator.h:126] commit: 1242789 abort: 34211 (0/34211/0), network size: 0, avg network size: 0, si_in_serializable: 0 0 %, local: 0 %
I1126 14:02:37.469589 954190 Coordinator.h:126] commit: 1246064 abort: 33936 (0/33936/0), network size: 0, avg network size: 0, si_in_serializable: 0 0 %, local: 0 %
I1126 14:02:38.469686 954190 Coordinator.h:126] commit: 1243751 abort: 33920 (0/33920/0), network size: 0, avg network size: 0, si_in_serializable: 0 0 %, local: 0 %
I1126 14:02:39.469780 954190 Coordinator.h:126] commit: 1244214 abort: 34115 (0/34115/0), network size: 0, avg network size: 0, si_in_serializable: 0 0 %, local: 0 %
I1126 14:02:39.469805 954190 Coordinator.h:152] average commit: 1.23681e+06 abort: 33791.3 (0/33791.3/0), network size: 0, avg network size: 0, si_in_serializable: 0 0 %, local: 0 %
I1126 14:02:39.470219 954208 AriaExecutor.h:103] AriaExecutor 2 exits. 
I1126 14:02:39.470220 954214 AriaExecutor.h:103] AriaExecutor 8 exits. 
I1126 14:02:39.470235 954209 AriaExecutor.h:103] AriaExecutor 3 exits. 
I1126 14:02:39.470224 954210 AriaExecutor.h:103] AriaExecutor 4 exits. 
I1126 14:02:39.470225 954206 AriaExecutor.h:103] AriaExecutor 0 exits. 
I1126 14:02:39.470221 954218 Manager.h:227] Manager(worker id = 12) on the coordinator node exits.
I1126 14:02:39.470224 954216 AriaExecutor.h:103] AriaExecutor 10 exits. 
I1126 14:02:39.470235 954217 AriaExecutor.h:103] AriaExecutor 11 exits. 
I1126 14:02:39.470237 954207 AriaExecutor.h:103] AriaExecutor 1 exits. 
I1126 14:02:39.470237 954215 AriaExecutor.h:103] AriaExecutor 9 exits. 
I1126 14:02:39.470237 954211 AriaExecutor.h:103] AriaExecutor 5 exits. 
I1126 14:02:39.470235 954213 AriaExecutor.h:103] AriaExecutor 7 exits. 
I1126 14:02:39.470222 954212 AriaExecutor.h:103] AriaExecutor 6 exits. 
I1126 14:02:39.469818 954190 AriaExecutor.h:649] Worker 0 latency: 591 us (50%) 645 us (75%) 690 us (95%) 707 us (99%).
I1126 14:02:39.559167 954190 AriaExecutor.h:649] Worker 1 latency: 587 us (50%) 642 us (75%) 689 us (95%) 705 us (99%).
I1126 14:02:39.649174 954190 AriaExecutor.h:649] Worker 2 latency: 589 us (50%) 643 us (75%) 690 us (95%) 706 us (99%).
I1126 14:02:39.736719 954190 AriaExecutor.h:649] Worker 3 latency: 589 us (50%) 643 us (75%) 689 us (95%) 705 us (99%).
I1126 14:02:39.826668 954190 AriaExecutor.h:649] Worker 4 latency: 590 us (50%) 644 us (75%) 690 us (95%) 706 us (99%).
I1126 14:02:39.914927 954190 AriaExecutor.h:649] Worker 5 latency: 589 us (50%) 643 us (75%) 689 us (95%) 705 us (99%).
I1126 14:02:40.003247 954190 AriaExecutor.h:649] Worker 6 latency: 593 us (50%) 645 us (75%) 690 us (95%) 706 us (99%).
I1126 14:02:40.090490 954190 AriaExecutor.h:649] Worker 7 latency: 590 us (50%) 643 us (75%) 688 us (95%) 705 us (99%).
I1126 14:02:40.178710 954190 AriaExecutor.h:649] Worker 8 latency: 592 us (50%) 645 us (75%) 690 us (95%) 706 us (99%).
I1126 14:02:40.266083 954190 AriaExecutor.h:649] Worker 9 latency: 591 us (50%) 643 us (75%) 689 us (95%) 705 us (99%).
I1126 14:02:40.354854 954190 AriaExecutor.h:649] Worker 10 latency: 593 us (50%) 645 us (75%) 690 us (95%) 706 us (99%).
I1126 14:02:40.443595 954190 AriaExecutor.h:649] Worker 11 latency: 591 us (50%) 644 us (75%) 689 us (95%) 705 us (99%).
I1126 14:02:40.531219 954190 Coordinator.h:177] total commit: 1.23681e+06
I1126 14:02:41.531335 954190 Coordinator.h:192] Coordinator exits.
