I1126 15:06:23.378706 992100 Database.h:65] ycsb initialization finished in 30 milliseconds.
I1126 15:06:23.378806 992100 Coordinator.h:30] Coordinator initializes 12 workers.
I1126 15:06:23.379760 992100 Coordinator.h:77] Coordinator starts to run 13 workers.
I1126 15:06:23.379823 992119 AriaExecutor.h:91] AriaExecutor 0 started. 
I1126 15:06:23.379860 992120 AriaExecutor.h:91] AriaExecutor 1 started. 
I1126 15:06:23.379894 992121 AriaExecutor.h:91] AriaExecutor 2 started. 
I1126 15:06:23.379967 992122 AriaExecutor.h:91] AriaExecutor 3 started. 
I1126 15:06:23.380016 992123 AriaExecutor.h:91] AriaExecutor 4 started. 
I1126 15:06:23.380046 992124 AriaExecutor.h:91] AriaExecutor 5 started. 
I1126 15:06:23.380134 992125 AriaExecutor.h:91] AriaExecutor 6 started. 
I1126 15:06:23.380184 992126 AriaExecutor.h:91] AriaExecutor 7 started. 
I1126 15:06:23.380236 992127 AriaExecutor.h:91] AriaExecutor 8 started. 
I1126 15:06:23.380273 992128 AriaExecutor.h:91] AriaExecutor 9 started. 
I1126 15:06:23.380313 992129 AriaExecutor.h:91] AriaExecutor 10 started. 
I1126 15:06:23.380350 992130 AriaExecutor.h:91] AriaExecutor 11 started. 
I1126 15:06:23.380391 992131 Manager.h:224] Manager(worker id = 12) on the coordinator node started.
I1126 15:06:24.380445 992100 Coordinator.h:126] commit: 304080 abort: 1126920 (0/1126920/0), network size: 0, avg network size: 0, si_in_serializable: 0 0 %, local: 0 %
I1126 15:06:25.380581 992100 Coordinator.h:126] commit: 298713 abort: 1106287 (0/1106287/0), network size: 0, avg network size: 0, si_in_serializable: 0 0 %, local: 0 %
I1126 15:06:26.380736 992100 Coordinator.h:126] commit: 304193 abort: 1125807 (0/1125807/0), network size: 0, avg network size: 0, si_in_serializable: 0 0 %, local: 0 %
I1126 15:06:27.380832 992100 Coordinator.h:126] commit: 305213 abort: 1134787 (0/1134787/0), network size: 0, avg network size: 0, si_in_serializable: 0 0 %, local: 0 %
I1126 15:06:28.380910 992100 Coordinator.h:126] commit: 305741 abort: 1132509 (0/1132509/0), network size: 0, avg network size: 0, si_in_serializable: 0 0 %, local: 0 %
I1126 15:06:29.380986 992100 Coordinator.h:126] commit: 300295 abort: 1113455 (0/1113455/0), network size: 0, avg network size: 0, si_in_serializable: 0 0 %, local: 0 %
I1126 15:06:30.381075 992100 Coordinator.h:126] commit: 304618 abort: 1128382 (0/1128382/0), network size: 0, avg network size: 0, si_in_serializable: 0 0 %, local: 0 %
I1126 15:06:31.381150 992100 Coordinator.h:126] commit: 305934 abort: 1134066 (0/1134066/0), network size: 0, avg network size: 0, si_in_serializable: 0 0 %, local: 0 %
I1126 15:06:32.381225 992100 Coordinator.h:126] commit: 305897 abort: 1131103 (0/1131103/0), network size: 0, avg network size: 0, si_in_serializable: 0 0 %, local: 0 %
I1126 15:06:33.381297 992100 Coordinator.h:126] commit: 304062 abort: 1123938 (0/1123938/0), network size: 0, avg network size: 0, si_in_serializable: 0 0 %, local: 0 %
I1126 15:06:34.381369 992100 Coordinator.h:126] commit: 299483 abort: 1105517 (0/1105517/0), network size: 0, avg network size: 0, si_in_serializable: 0 0 %, local: 0 %
I1126 15:06:35.381440 992100 Coordinator.h:126] commit: 306315 abort: 1134685 (0/1134685/0), network size: 0, avg network size: 0, si_in_serializable: 0 0 %, local: 0 %
I1126 15:06:36.381515 992100 Coordinator.h:126] commit: 305563 abort: 1131437 (0/1131437/0), network size: 0, avg network size: 0, si_in_serializable: 0 0 %, local: 0 %
I1126 15:06:37.381603 992100 Coordinator.h:126] commit: 305112 abort: 1131888 (0/1131888/0), network size: 0, avg network size: 0, si_in_serializable: 0 0 %, local: 0 %
I1126 15:06:38.381677 992100 Coordinator.h:126] commit: 306050 abort: 1131950 (0/1131950/0), network size: 0, avg network size: 0, si_in_serializable: 0 0 %, local: 0 %
I1126 15:06:39.381749 992100 Coordinator.h:126] commit: 306562 abort: 1134438 (0/1134438/0), network size: 0, avg network size: 0, si_in_serializable: 0 0 %, local: 0 %
I1126 15:06:40.381820 992100 Coordinator.h:126] commit: 306193 abort: 1131807 (0/1131807/0), network size: 0, avg network size: 0, si_in_serializable: 0 0 %, local: 0 %
I1126 15:06:41.381899 992100 Coordinator.h:126] commit: 306189 abort: 1133811 (0/1133811/0), network size: 0, avg network size: 0, si_in_serializable: 0 0 %, local: 0 %
I1126 15:06:42.381975 992100 Coordinator.h:126] commit: 305686 abort: 1131314 (0/1131314/0), network size: 0, avg network size: 0, si_in_serializable: 0 0 %, local: 0 %
I1126 15:06:43.382047 992100 Coordinator.h:126] commit: 305941 abort: 1135059 (0/1135059/0), network size: 0, avg network size: 0, si_in_serializable: 0 0 %, local: 0 %
I1126 15:06:44.382119 992100 Coordinator.h:126] commit: 299292 abort: 1104708 (0/1104708/0), network size: 0, avg network size: 0, si_in_serializable: 0 0 %, local: 0 %
I1126 15:06:45.382192 992100 Coordinator.h:126] commit: 303351 abort: 1124649 (0/1124649/0), network size: 0, avg network size: 0, si_in_serializable: 0 0 %, local: 0 %
I1126 15:06:46.382267 992100 Coordinator.h:126] commit: 305272 abort: 1130728 (0/1130728/0), network size: 0, avg network size: 0, si_in_serializable: 0 0 %, local: 0 %
I1126 15:06:47.382339 992100 Coordinator.h:126] commit: 304820 abort: 1135180 (0/1135180/0), network size: 0, avg network size: 0, si_in_serializable: 0 0 %, local: 0 %
I1126 15:06:48.382411 992100 Coordinator.h:126] commit: 306000 abort: 1133011 (0/1133011/0), network size: 0, avg network size: 0, si_in_serializable: 0 0 %, local: 0 %
I1126 15:06:48.382418 992100 Coordinator.h:152] average commit: 305309 abort: 1.13019e+06 (0/1.13019e+06/0), network size: 0, avg network size: 0, si_in_serializable: 0 0 %, local: 0 %
I1126 15:06:48.382443 992123 AriaExecutor.h:103] AriaExecutor 4 exits. 
I1126 15:06:48.382453 992127 AriaExecutor.h:103] AriaExecutor 8 exits. 
I1126 15:06:48.382455 992122 AriaExecutor.h:103] AriaExecutor 3 exits. 
I1126 15:06:48.382445 992130 AriaExecutor.h:103] AriaExecutor 11 exits. 
I1126 15:06:48.382445 992121 AriaExecutor.h:103] AriaExecutor 2 exits. 
I1126 15:06:48.382454 992120 AriaExecutor.h:103] AriaExecutor 1 exits. 
I1126 15:06:48.382455 992129 AriaExecutor.h:103] AriaExecutor 10 exits. 
I1126 15:06:48.382444 992128 AriaExecutor.h:103] AriaExecutor 9 exits. 
I1126 15:06:48.382460 992131 Manager.h:227] Manager(worker id = 12) on the coordinator node exits.
I1126 15:06:48.382447 992119 AriaExecutor.h:103] AriaExecutor 0 exits. 
I1126 15:06:48.382444 992126 AriaExecutor.h:103] AriaExecutor 7 exits. 
I1126 15:06:48.382455 992124 AriaExecutor.h:103] AriaExecutor 5 exits. 
I1126 15:06:48.382459 992125 AriaExecutor.h:103] AriaExecutor 6 exits. 
I1126 15:06:48.382427 992100 AriaExecutor.h:649] Worker 0 latency: 581 us (50%) 633 us (75%) 662 us (95%) 675 us (99%).
I1126 15:06:48.409134 992100 AriaExecutor.h:649] Worker 1 latency: 579 us (50%) 631 us (75%) 660 us (95%) 673 us (99%).
I1126 15:06:48.435094 992100 AriaExecutor.h:649] Worker 2 latency: 581 us (50%) 632 us (75%) 661 us (95%) 674 us (99%).
I1126 15:06:48.461359 992100 AriaExecutor.h:649] Worker 3 latency: 579 us (50%) 630 us (75%) 659 us (95%) 672 us (99%).
I1126 15:06:48.487521 992100 AriaExecutor.h:649] Worker 4 latency: 580 us (50%) 631 us (75%) 660 us (95%) 673 us (99%).
I1126 15:06:48.513124 992100 AriaExecutor.h:649] Worker 5 latency: 577 us (50%) 629 us (75%) 659 us (95%) 672 us (99%).
I1126 15:06:48.539309 992100 AriaExecutor.h:649] Worker 6 latency: 581 us (50%) 630 us (75%) 660 us (95%) 673 us (99%).
I1126 15:06:48.564921 992100 AriaExecutor.h:649] Worker 7 latency: 578 us (50%) 628 us (75%) 658 us (95%) 672 us (99%).
I1126 15:06:48.590623 992100 AriaExecutor.h:649] Worker 8 latency: 581 us (50%) 630 us (75%) 660 us (95%) 673 us (99%).
I1126 15:06:48.616750 992100 AriaExecutor.h:649] Worker 9 latency: 578 us (50%) 628 us (75%) 658 us (95%) 672 us (99%).
I1126 15:06:48.642616 992100 AriaExecutor.h:649] Worker 10 latency: 579 us (50%) 629 us (75%) 659 us (95%) 673 us (99%).
I1126 15:06:48.668387 992100 AriaExecutor.h:649] Worker 11 latency: 577 us (50%) 628 us (75%) 658 us (95%) 671 us (99%).
I1126 15:06:48.693148 992100 Coordinator.h:177] total commit: 305309
I1126 15:06:49.693281 992100 Coordinator.h:192] Coordinator exits.
