I0911 21:56:47.579073 2929363 Database.h:65] ycsb initialization finished in 147 milliseconds.
I0911 21:56:47.579180 2929363 Coordinator.h:30] Coordinator initializes 16 workers.
I0911 21:56:47.586935 2929363 Coordinator.h:77] Coordinator starts to run 17 workers.
I0911 21:56:47.586992 2929383 AriaExecutor.h:82] AriaExecutor 0 started. 
I0911 21:56:47.587021 2929384 AriaExecutor.h:82] AriaExecutor 1 started. 
I0911 21:56:47.587066 2929385 AriaExecutor.h:82] AriaExecutor 2 started. 
I0911 21:56:47.587118 2929386 AriaExecutor.h:82] AriaExecutor 3 started. 
I0911 21:56:47.587157 2929387 AriaExecutor.h:82] AriaExecutor 4 started. 
I0911 21:56:47.587203 2929388 AriaExecutor.h:82] AriaExecutor 5 started. 
I0911 21:56:47.587246 2929389 AriaExecutor.h:82] AriaExecutor 6 started. 
I0911 21:56:47.587297 2929390 AriaExecutor.h:82] AriaExecutor 7 started. 
I0911 21:56:47.587339 2929391 AriaExecutor.h:82] AriaExecutor 8 started. 
I0911 21:56:47.587396 2929392 AriaExecutor.h:82] AriaExecutor 9 started. 
I0911 21:56:47.587441 2929393 AriaExecutor.h:82] AriaExecutor 10 started. 
I0911 21:56:47.587491 2929394 AriaExecutor.h:82] AriaExecutor 11 started. 
I0911 21:56:47.587538 2929395 AriaExecutor.h:82] AriaExecutor 12 started. 
I0911 21:56:47.587587 2929396 AriaExecutor.h:82] AriaExecutor 13 started. 
I0911 21:56:47.587632 2929397 AriaExecutor.h:82] AriaExecutor 14 started. 
I0911 21:56:47.587687 2929398 AriaExecutor.h:82] AriaExecutor 15 started. 
I0911 21:56:47.587734 2929399 Manager.h:224] Manager(worker id = 16) on the coordinator node started.
I0911 21:56:48.587795 2929363 Coordinator.h:126] commit: 114508 abort: 69812 (0/69812/0), network size: 0, avg network size: 0, si_in_serializable: 0 0 %, local: 0 %
I0911 21:56:49.587918 2929363 Coordinator.h:126] commit: 116543 abort: 70849 (0/70849/0), network size: 0, avg network size: 0, si_in_serializable: 0 0 %, local: 0 %
I0911 21:56:50.588027 2929363 Coordinator.h:126] commit: 112822 abort: 68426 (0/68426/0), network size: 0, avg network size: 0, si_in_serializable: 0 0 %, local: 0 %
I0911 21:56:51.588135 2929363 Coordinator.h:126] commit: 115857 abort: 70511 (0/70511/0), network size: 0, avg network size: 0, si_in_serializable: 0 0 %, local: 0 %
I0911 21:56:52.588272 2929363 Coordinator.h:126] commit: 120529 abort: 73007 (0/73007/0), network size: 0, avg network size: 0, si_in_serializable: 0 0 %, local: 0 %
I0911 21:56:53.588385 2929363 Coordinator.h:126] commit: 121184 abort: 72694 (0/72694/0), network size: 0, avg network size: 0, si_in_serializable: 0 0 %, local: 0 %
I0911 21:56:54.588493 2929363 Coordinator.h:126] commit: 120736 abort: 73482 (0/73482/0), network size: 0, avg network size: 0, si_in_serializable: 0 0 %, local: 0 %
I0911 21:56:55.588590 2929363 Coordinator.h:126] commit: 120322 abort: 73214 (0/73214/0), network size: 0, avg network size: 0, si_in_serializable: 0 0 %, local: 0 %
I0911 21:56:56.588686 2929363 Coordinator.h:126] commit: 121229 abort: 73331 (0/73331/0), network size: 0, avg network size: 0, si_in_serializable: 0 0 %, local: 0 %
I0911 21:56:57.588785 2929363 Coordinator.h:126] commit: 118093 abort: 71347 (0/71347/0), network size: 0, avg network size: 0, si_in_serializable: 0 0 %, local: 0 %
I0911 21:56:58.588884 2929363 Coordinator.h:126] commit: 121064 abort: 73496 (0/73496/0), network size: 0, avg network size: 0, si_in_serializable: 0 0 %, local: 0 %
I0911 21:56:59.588986 2929363 Coordinator.h:126] commit: 119191 abort: 72297 (0/72297/0), network size: 0, avg network size: 0, si_in_serializable: 0 0 %, local: 0 %
I0911 21:57:00.589090 2929363 Coordinator.h:126] commit: 121446 abort: 73268 (0/73268/0), network size: 0, avg network size: 0, si_in_serializable: 0 0 %, local: 0 %
I0911 21:57:01.589215 2929363 Coordinator.h:126] commit: 121644 abort: 73786 (0/73786/0), network size: 0, avg network size: 0, si_in_serializable: 0 0 %, local: 0 %
I0911 21:57:02.589318 2929363 Coordinator.h:126] commit: 121624 abort: 73960 (0/73960/0), network size: 0, avg network size: 0, si_in_serializable: 0 0 %, local: 0 %
I0911 21:57:03.589421 2929363 Coordinator.h:126] commit: 121103 abort: 73457 (0/73457/0), network size: 0, avg network size: 0, si_in_serializable: 0 0 %, local: 0 %
I0911 21:57:04.589509 2929363 Coordinator.h:126] commit: 121804 abort: 73780 (0/73780/0), network size: 0, avg network size: 0, si_in_serializable: 0 0 %, local: 0 %
I0911 21:57:05.589610 2929363 Coordinator.h:126] commit: 120930 abort: 73630 (0/73630/0), network size: 0, avg network size: 0, si_in_serializable: 0 0 %, local: 0 %
I0911 21:57:06.589706 2929363 Coordinator.h:126] commit: 121020 abort: 73540 (0/73540/0), network size: 0, avg network size: 0, si_in_serializable: 0 0 %, local: 0 %
I0911 21:57:07.589803 2929363 Coordinator.h:126] commit: 121966 abort: 73618 (0/73618/0), network size: 0, avg network size: 0, si_in_serializable: 0 0 %, local: 0 %
I0911 21:57:08.589890 2929363 Coordinator.h:126] commit: 121355 abort: 74229 (0/74229/0), network size: 0, avg network size: 0, si_in_serializable: 0 0 %, local: 0 %
I0911 21:57:09.589977 2929363 Coordinator.h:126] commit: 120318 abort: 73218 (0/73218/0), network size: 0, avg network size: 0, si_in_serializable: 0 0 %, local: 0 %
I0911 21:57:10.590076 2929363 Coordinator.h:126] commit: 119205 abort: 72283 (0/72283/0), network size: 0, avg network size: 0, si_in_serializable: 0 0 %, local: 0 %
I0911 21:57:11.590185 2929363 Coordinator.h:126] commit: 118860 abort: 72628 (0/72628/0), network size: 0, avg network size: 0, si_in_serializable: 0 0 %, local: 0 %
I0911 21:57:12.590308 2929363 Coordinator.h:126] commit: 120487 abort: 73049 (0/73049/0), network size: 0, avg network size: 0, si_in_serializable: 0 0 %, local: 0 %
I0911 21:57:12.590346 2929363 Coordinator.h:152] average commit: 121179 abort: 73483.2 (0/73483.2/0), network size: 0, avg network size: 0, si_in_serializable: 0 0 %, local: 0 %
I0911 21:57:12.595511 2929399 Manager.h:227] Manager(worker id = 16) on the coordinator node exits.
I0911 21:57:12.595515 2929389 AriaExecutor.h:94] AriaExecutor 6 exits. 
I0911 21:57:12.595523 2929387 AriaExecutor.h:94] AriaExecutor 4 exits. 
I0911 21:57:12.595526 2929384 AriaExecutor.h:94] AriaExecutor 1 exits. 
I0911 21:57:12.595546 2929386 AriaExecutor.h:94] AriaExecutor 3 exits. 
I0911 21:57:12.595523 2929388 AriaExecutor.h:94] AriaExecutor 5 exits. 
I0911 21:57:12.595518 2929383 AriaExecutor.h:94] AriaExecutor 0 exits. 
I0911 21:57:12.595526 2929391 AriaExecutor.h:94] AriaExecutor 8 exits. 
I0911 21:57:12.595525 2929396 AriaExecutor.h:94] AriaExecutor 13 exits. 
I0911 21:57:12.595523 2929392 AriaExecutor.h:94] AriaExecutor 9 exits. 
I0911 21:57:12.595526 2929398 AriaExecutor.h:94] AriaExecutor 15 exits. 
I0911 21:57:12.595537 2929395 AriaExecutor.h:94] AriaExecutor 12 exits. 
I0911 21:57:12.595520 2929385 AriaExecutor.h:94] AriaExecutor 2 exits. 
I0911 21:57:12.595525 2929394 AriaExecutor.h:94] AriaExecutor 11 exits. 
I0911 21:57:12.595527 2929397 AriaExecutor.h:94] AriaExecutor 14 exits. 
I0911 21:57:12.595536 2929390 AriaExecutor.h:94] AriaExecutor 7 exits. 
I0911 21:57:12.595513 2929393 AriaExecutor.h:94] AriaExecutor 10 exits. 
I0911 21:57:12.590358 2929363 AriaExecutor.h:535] Worker 0 latency: 4253 us (50%) 4660 us (75%) 4928 us (95%) 5097 us (99%).
I0911 21:57:12.600463 2929363 AriaExecutor.h:535] Worker 1 latency: 4247 us (50%) 4656 us (75%) 4925 us (95%) 5091 us (99%).
I0911 21:57:12.610625 2929363 AriaExecutor.h:535] Worker 2 latency: 4253 us (50%) 4659 us (75%) 4928 us (95%) 5098 us (99%).
I0911 21:57:12.619643 2929363 AriaExecutor.h:535] Worker 3 latency: 4254 us (50%) 4660 us (75%) 4926 us (95%) 5090 us (99%).
I0911 21:57:12.629752 2929363 AriaExecutor.h:535] Worker 4 latency: 4244 us (50%) 4655 us (75%) 4927 us (95%) 5094 us (99%).
I0911 21:57:12.638857 2929363 AriaExecutor.h:535] Worker 5 latency: 4230 us (50%) 4648 us (75%) 4923 us (95%) 5088 us (99%).
I0911 21:57:12.648892 2929363 AriaExecutor.h:535] Worker 6 latency: 4252 us (50%) 4659 us (75%) 4927 us (95%) 5099 us (99%).
I0911 21:57:12.658000 2929363 AriaExecutor.h:535] Worker 7 latency: 4255 us (50%) 4660 us (75%) 4928 us (95%) 5091 us (99%).
I0911 21:57:12.667904 2929363 AriaExecutor.h:535] Worker 8 latency: 4250 us (50%) 4659 us (75%) 4928 us (95%) 5093 us (99%).
I0911 21:57:12.677083 2929363 AriaExecutor.h:535] Worker 9 latency: 4236 us (50%) 4650 us (75%) 4924 us (95%) 5089 us (99%).
I0911 21:57:12.686946 2929363 AriaExecutor.h:535] Worker 10 latency: 4250 us (50%) 4659 us (75%) 4926 us (95%) 5098 us (99%).
I0911 21:57:12.695912 2929363 AriaExecutor.h:535] Worker 11 latency: 4248 us (50%) 4655 us (75%) 4927 us (95%) 5092 us (99%).
I0911 21:57:12.705796 2929363 AriaExecutor.h:535] Worker 12 latency: 4250 us (50%) 4657 us (75%) 4924 us (95%) 5097 us (99%).
I0911 21:57:12.714800 2929363 AriaExecutor.h:535] Worker 13 latency: 4244 us (50%) 4655 us (75%) 4925 us (95%) 5088 us (99%).
I0911 21:57:12.724727 2929363 AriaExecutor.h:535] Worker 14 latency: 4253 us (50%) 4658 us (75%) 4925 us (95%) 5094 us (99%).
I0911 21:57:12.733727 2929363 AriaExecutor.h:535] Worker 15 latency: 4252 us (50%) 4658 us (75%) 4926 us (95%) 5092 us (99%).
I0911 21:57:12.743615 2929363 Coordinator.h:177] total commit: 121179
I0911 21:57:13.743722 2929363 Coordinator.h:192] Coordinator exits.
