I0911 22:05:26.496552 2930953 Database.h:65] ycsb initialization finished in 152 milliseconds.
I0911 22:05:26.496663 2930953 Coordinator.h:30] Coordinator initializes 16 workers.
I0911 22:05:26.617475 2930953 Coordinator.h:77] Coordinator starts to run 17 workers.
I0911 22:05:26.617539 2930973 AriaExecutor.h:82] AriaExecutor 0 started. 
I0911 22:05:26.617573 2930974 AriaExecutor.h:82] AriaExecutor 1 started. 
I0911 22:05:26.617607 2930975 AriaExecutor.h:82] AriaExecutor 2 started. 
I0911 22:05:26.617667 2930976 AriaExecutor.h:82] AriaExecutor 3 started. 
I0911 22:05:26.617697 2930977 AriaExecutor.h:82] AriaExecutor 4 started. 
I0911 22:05:26.617738 2930978 AriaExecutor.h:82] AriaExecutor 5 started. 
I0911 22:05:26.617774 2930979 AriaExecutor.h:82] AriaExecutor 6 started. 
I0911 22:05:26.617811 2930980 AriaExecutor.h:82] AriaExecutor 7 started. 
I0911 22:05:26.617841 2930981 AriaExecutor.h:82] AriaExecutor 8 started. 
I0911 22:05:26.617890 2930982 AriaExecutor.h:82] AriaExecutor 9 started. 
I0911 22:05:26.617919 2930983 AriaExecutor.h:82] AriaExecutor 10 started. 
I0911 22:05:26.617959 2930984 AriaExecutor.h:82] AriaExecutor 11 started. 
I0911 22:05:26.617995 2930985 AriaExecutor.h:82] AriaExecutor 12 started. 
I0911 22:05:26.618037 2930986 AriaExecutor.h:82] AriaExecutor 13 started. 
I0911 22:05:26.618072 2930987 AriaExecutor.h:82] AriaExecutor 14 started. 
I0911 22:05:26.618115 2930988 AriaExecutor.h:82] AriaExecutor 15 started. 
I0911 22:05:26.618149 2930989 Manager.h:224] Manager(worker id = 16) on the coordinator node started.
I0911 22:05:27.618216 2930953 Coordinator.h:126] commit: 6899 abort: 121101 (0/121101/0), network size: 0, avg network size: 0, si_in_serializable: 0 0 %, local: 0 %
I0911 22:05:28.618376 2930953 Coordinator.h:126] commit: 7652 abort: 136348 (0/136348/0), network size: 0, avg network size: 0, si_in_serializable: 0 0 %, local: 0 %
I0911 22:05:29.618459 2930953 Coordinator.h:126] commit: 7680 abort: 136320 (0/136320/0), network size: 0, avg network size: 0, si_in_serializable: 0 0 %, local: 0 %
I0911 22:05:30.618543 2930953 Coordinator.h:126] commit: 7882 abort: 136118 (0/136118/0), network size: 0, avg network size: 0, si_in_serializable: 0 0 %, local: 0 %
I0911 22:05:31.618638 2930953 Coordinator.h:126] commit: 7715 abort: 136285 (0/136285/0), network size: 0, avg network size: 0, si_in_serializable: 0 0 %, local: 0 %
I0911 22:05:32.618765 2930953 Coordinator.h:126] commit: 8609 abort: 151391 (0/151391/0), network size: 0, avg network size: 0, si_in_serializable: 0 0 %, local: 0 %
I0911 22:05:33.618861 2930953 Coordinator.h:126] commit: 8553 abort: 151447 (0/151447/0), network size: 0, avg network size: 0, si_in_serializable: 0 0 %, local: 0 %
I0911 22:05:34.618952 2930953 Coordinator.h:126] commit: 7712 abort: 136288 (0/136288/0), network size: 0, avg network size: 0, si_in_serializable: 0 0 %, local: 0 %
I0911 22:05:35.619030 2930953 Coordinator.h:126] commit: 8511 abort: 151489 (0/151489/0), network size: 0, avg network size: 0, si_in_serializable: 0 0 %, local: 0 %
I0911 22:05:36.619119 2930953 Coordinator.h:126] commit: 8513 abort: 151487 (0/151487/0), network size: 0, avg network size: 0, si_in_serializable: 0 0 %, local: 0 %
I0911 22:05:37.619212 2930953 Coordinator.h:126] commit: 8434 abort: 151566 (0/151566/0), network size: 0, avg network size: 0, si_in_serializable: 0 0 %, local: 0 %
I0911 22:05:38.619294 2930953 Coordinator.h:126] commit: 8575 abort: 151425 (0/151425/0), network size: 0, avg network size: 0, si_in_serializable: 0 0 %, local: 0 %
I0911 22:05:39.619375 2930953 Coordinator.h:126] commit: 7635 abort: 136365 (0/136365/0), network size: 0, avg network size: 0, si_in_serializable: 0 0 %, local: 0 %
I0911 22:05:40.619480 2930953 Coordinator.h:126] commit: 8543 abort: 151457 (0/151457/0), network size: 0, avg network size: 0, si_in_serializable: 0 0 %, local: 0 %
I0911 22:05:41.619580 2930953 Coordinator.h:126] commit: 9477 abort: 166523 (0/166523/0), network size: 0, avg network size: 0, si_in_serializable: 0 0 %, local: 0 %
I0911 22:05:42.619681 2930953 Coordinator.h:126] commit: 8532 abort: 151468 (0/151468/0), network size: 0, avg network size: 0, si_in_serializable: 0 0 %, local: 0 %
I0911 22:05:43.619774 2930953 Coordinator.h:126] commit: 8575 abort: 151425 (0/151425/0), network size: 0, avg network size: 0, si_in_serializable: 0 0 %, local: 0 %
I0911 22:05:44.619858 2930953 Coordinator.h:126] commit: 8579 abort: 151421 (0/151421/0), network size: 0, avg network size: 0, si_in_serializable: 0 0 %, local: 0 %
I0911 22:05:45.619944 2930953 Coordinator.h:126] commit: 8601 abort: 151399 (0/151399/0), network size: 0, avg network size: 0, si_in_serializable: 0 0 %, local: 0 %
I0911 22:05:46.620030 2930953 Coordinator.h:126] commit: 8540 abort: 151460 (0/151460/0), network size: 0, avg network size: 0, si_in_serializable: 0 0 %, local: 0 %
I0911 22:05:47.620116 2930953 Coordinator.h:126] commit: 8424 abort: 147766 (0/147766/0), network size: 0, avg network size: 0, si_in_serializable: 0 0 %, local: 0 %
I0911 22:05:48.620198 2930953 Coordinator.h:126] commit: 8479 abort: 155331 (0/155331/0), network size: 0, avg network size: 0, si_in_serializable: 0 0 %, local: 0 %
I0911 22:05:49.620280 2930953 Coordinator.h:126] commit: 8484 abort: 151516 (0/151516/0), network size: 0, avg network size: 0, si_in_serializable: 0 0 %, local: 0 %
I0911 22:05:50.620393 2930953 Coordinator.h:126] commit: 8586 abort: 151414 (0/151414/0), network size: 0, avg network size: 0, si_in_serializable: 0 0 %, local: 0 %
I0911 22:05:51.620528 2930953 Coordinator.h:126] commit: 8650 abort: 151350 (0/151350/0), network size: 0, avg network size: 0, si_in_serializable: 0 0 %, local: 0 %
I0911 22:05:51.620545 2930953 Coordinator.h:152] average commit: 8549.1 abort: 151451 (0/151451/0), network size: 0, avg network size: 0, si_in_serializable: 0 0 %, local: 0 %
I0911 22:05:51.620556 2930953 AriaExecutor.h:535] Worker 0 latency: 97819 us (50%) 100700 us (75%) 114440 us (95%) 125868 us (99%).
I0911 22:05:51.709379 2930979 AriaExecutor.h:94] AriaExecutor 6 exits. 
I0911 22:05:51.709379 2930981 AriaExecutor.h:94] AriaExecutor 8 exits. 
I0911 22:05:51.709408 2930988 AriaExecutor.h:94] AriaExecutor 15 exits. 
I0911 22:05:51.709379 2930975 AriaExecutor.h:94] AriaExecutor 2 exits. 
I0911 22:05:51.709393 2930984 AriaExecutor.h:94] AriaExecutor 11 exits. 
I0911 22:05:51.709380 2930983 AriaExecutor.h:94] AriaExecutor 10 exits. 
I0911 22:05:51.709379 2930987 AriaExecutor.h:94] AriaExecutor 14 exits. 
I0911 22:05:51.709393 2930978 AriaExecutor.h:94] AriaExecutor 5 exits. 
I0911 22:05:51.709379 2930973 AriaExecutor.h:94] AriaExecutor 0 exits. 
I0911 22:05:51.709394 2930986 AriaExecutor.h:94] AriaExecutor 13 exits. 
I0911 22:05:51.709393 2930974 AriaExecutor.h:94] AriaExecutor 1 exits. 
I0911 22:05:51.709393 2930982 AriaExecutor.h:94] AriaExecutor 9 exits. 
I0911 22:05:51.709393 2930980 AriaExecutor.h:94] AriaExecutor 7 exits. 
I0911 22:05:51.709385 2930977 AriaExecutor.h:94] AriaExecutor 4 exits. 
I0911 22:05:51.709399 2930989 Manager.h:227] Manager(worker id = 16) on the coordinator node exits.
I0911 22:05:51.709379 2930985 AriaExecutor.h:94] AriaExecutor 12 exits. 
I0911 22:05:51.709396 2930976 AriaExecutor.h:94] AriaExecutor 3 exits. 
I0911 22:05:51.709720 2930953 AriaExecutor.h:535] Worker 1 latency: 97781 us (50%) 100732 us (75%) 114779 us (95%) 124431 us (99%).
I0911 22:05:51.710446 2930953 AriaExecutor.h:535] Worker 2 latency: 97772 us (50%) 100679 us (75%) 114669 us (95%) 125130 us (99%).
I0911 22:05:51.711040 2930953 AriaExecutor.h:535] Worker 3 latency: 97739 us (50%) 100612 us (75%) 114293 us (95%) 125187 us (99%).
I0911 22:05:51.711666 2930953 AriaExecutor.h:535] Worker 4 latency: 97803 us (50%) 100638 us (75%) 114478 us (95%) 125273 us (99%).
I0911 22:05:51.712284 2930953 AriaExecutor.h:535] Worker 5 latency: 97789 us (50%) 100713 us (75%) 114359 us (95%) 125333 us (99%).
I0911 22:05:51.712956 2930953 AriaExecutor.h:535] Worker 6 latency: 97759 us (50%) 100667 us (75%) 114870 us (95%) 124611 us (99%).
I0911 22:05:51.713570 2930953 AriaExecutor.h:535] Worker 7 latency: 97747 us (50%) 100708 us (75%) 114594 us (95%) 124516 us (99%).
I0911 22:05:51.714202 2930953 AriaExecutor.h:535] Worker 8 latency: 97823 us (50%) 100672 us (75%) 115069 us (95%) 125752 us (99%).
I0911 22:05:51.714795 2930953 AriaExecutor.h:535] Worker 9 latency: 97788 us (50%) 100718 us (75%) 114820 us (95%) 125467 us (99%).
I0911 22:05:51.715440 2930953 AriaExecutor.h:535] Worker 10 latency: 97755 us (50%) 100643 us (75%) 114699 us (95%) 125024 us (99%).
I0911 22:05:51.716035 2930953 AriaExecutor.h:535] Worker 11 latency: 97768 us (50%) 100737 us (75%) 115098 us (95%) 125944 us (99%).
I0911 22:05:51.716673 2930953 AriaExecutor.h:535] Worker 12 latency: 97759 us (50%) 100581 us (75%) 114278 us (95%) 125067 us (99%).
I0911 22:05:51.717264 2930953 AriaExecutor.h:535] Worker 13 latency: 97780 us (50%) 100698 us (75%) 114859 us (95%) 125857 us (99%).
I0911 22:05:51.717878 2930953 AriaExecutor.h:535] Worker 14 latency: 97739 us (50%) 100540 us (75%) 114441 us (95%) 125114 us (99%).
I0911 22:05:51.718477 2930953 AriaExecutor.h:535] Worker 15 latency: 97717 us (50%) 100686 us (75%) 114927 us (95%) 125955 us (99%).
I0911 22:05:51.719152 2930953 Coordinator.h:177] total commit: 8549.1
I0911 22:05:52.719265 2930953 Coordinator.h:192] Coordinator exits.
