I0911 23:59:25.409207 2952784 Database.h:65] ycsb initialization finished in 188 milliseconds.
I0911 23:59:25.409328 2952784 Coordinator.h:30] Coordinator initializes 16 workers.
I0911 23:59:25.425655 2952784 Coordinator.h:77] Coordinator starts to run 17 workers.
I0911 23:59:25.425717 2952804 AriaExecutor.h:82] AriaExecutor 0 started. 
I0911 23:59:25.425761 2952805 AriaExecutor.h:82] AriaExecutor 1 started. 
I0911 23:59:25.425806 2952806 AriaExecutor.h:82] AriaExecutor 2 started. 
I0911 23:59:25.425858 2952807 AriaExecutor.h:82] AriaExecutor 3 started. 
I0911 23:59:25.425880 2952808 AriaExecutor.h:82] AriaExecutor 4 started. 
I0911 23:59:25.425927 2952809 AriaExecutor.h:82] AriaExecutor 5 started. 
I0911 23:59:25.425966 2952810 AriaExecutor.h:82] AriaExecutor 6 started. 
I0911 23:59:25.426016 2952811 AriaExecutor.h:82] AriaExecutor 7 started. 
I0911 23:59:25.426054 2952812 AriaExecutor.h:82] AriaExecutor 8 started. 
I0911 23:59:25.426105 2952813 AriaExecutor.h:82] AriaExecutor 9 started. 
I0911 23:59:25.426134 2952814 AriaExecutor.h:82] AriaExecutor 10 started. 
I0911 23:59:25.426184 2952815 AriaExecutor.h:82] AriaExecutor 11 started. 
I0911 23:59:25.426221 2952816 AriaExecutor.h:82] AriaExecutor 12 started. 
I0911 23:59:25.426280 2952817 AriaExecutor.h:82] AriaExecutor 13 started. 
I0911 23:59:25.426317 2952818 AriaExecutor.h:82] AriaExecutor 14 started. 
I0911 23:59:25.426357 2952819 AriaExecutor.h:82] AriaExecutor 15 started. 
I0911 23:59:25.426395 2952820 Manager.h:224] Manager(worker id = 16) on the coordinator node started.
I0911 23:59:26.426450 2952784 Coordinator.h:126] commit: 917803 abort: 198357 (0/198357/0), network size: 0, avg network size: 0, si_in_serializable: 0 0 %, local: 0 %
I0911 23:59:27.426560 2952784 Coordinator.h:126] commit: 916715 abort: 197397 (0/197397/0), network size: 0, avg network size: 0, si_in_serializable: 0 0 %, local: 0 %
I0911 23:59:28.426642 2952784 Coordinator.h:126] commit: 882827 abort: 190325 (0/190325/0), network size: 0, avg network size: 0, si_in_serializable: 0 0 %, local: 0 %
I0911 23:59:29.426716 2952784 Coordinator.h:126] commit: 898189 abort: 193395 (0/193395/0), network size: 0, avg network size: 0, si_in_serializable: 0 0 %, local: 0 %
I0911 23:59:30.426817 2952784 Coordinator.h:126] commit: 911100 abort: 196868 (0/196868/0), network size: 0, avg network size: 0, si_in_serializable: 0 0 %, local: 0 %
I0911 23:59:31.426903 2952784 Coordinator.h:126] commit: 930318 abort: 200178 (0/200178/0), network size: 0, avg network size: 0, si_in_serializable: 0 0 %, local: 0 %
I0911 23:59:32.426977 2952784 Coordinator.h:126] commit: 929359 abort: 201137 (0/201137/0), network size: 0, avg network size: 0, si_in_serializable: 0 0 %, local: 0 %
I0911 23:59:33.427055 2952784 Coordinator.h:126] commit: 924999 abort: 199353 (0/199353/0), network size: 0, avg network size: 0, si_in_serializable: 0 0 %, local: 0 %
I0911 23:59:34.427131 2952784 Coordinator.h:126] commit: 931678 abort: 200866 (0/200866/0), network size: 0, avg network size: 0, si_in_serializable: 0 0 %, local: 0 %
I0911 23:59:35.427204 2952784 Coordinator.h:126] commit: 871987 abort: 188877 (0/188877/0), network size: 0, avg network size: 0, si_in_serializable: 0 0 %, local: 0 %
I0911 23:59:36.427278 2952784 Coordinator.h:126] commit: 898525 abort: 193059 (0/193059/0), network size: 0, avg network size: 0, si_in_serializable: 0 0 %, local: 0 %
I0911 23:59:37.427356 2952784 Coordinator.h:126] commit: 917038 abort: 197074 (0/197074/0), network size: 0, avg network size: 0, si_in_serializable: 0 0 %, local: 0 %
I0911 23:59:38.427452 2952784 Coordinator.h:126] commit: 927804 abort: 200644 (0/200644/0), network size: 0, avg network size: 0, si_in_serializable: 0 0 %, local: 0 %
I0911 23:59:39.427528 2952784 Coordinator.h:126] commit: 924060 abort: 200292 (0/200292/0), network size: 0, avg network size: 0, si_in_serializable: 0 0 %, local: 0 %
I0911 23:59:40.427603 2952784 Coordinator.h:126] commit: 930172 abort: 199793 (0/199793/0), network size: 0, avg network size: 0, si_in_serializable: 0 0 %, local: 0 %
I0911 23:59:41.427675 2952784 Coordinator.h:126] commit: 929100 abort: 199879 (0/199879/0), network size: 0, avg network size: 0, si_in_serializable: 0 0 %, local: 0 %
I0911 23:59:42.427753 2952784 Coordinator.h:126] commit: 922269 abort: 200035 (0/200035/0), network size: 0, avg network size: 0, si_in_serializable: 0 0 %, local: 0 %
I0911 23:59:43.427827 2952784 Coordinator.h:126] commit: 926217 abort: 200183 (0/200183/0), network size: 0, avg network size: 0, si_in_serializable: 0 0 %, local: 0 %
I0911 23:59:44.427901 2952784 Coordinator.h:126] commit: 854626 abort: 183710 (0/183710/0), network size: 0, avg network size: 0, si_in_serializable: 0 0 %, local: 0 %
I0911 23:59:45.427974 2952784 Coordinator.h:126] commit: 920496 abort: 197712 (0/197712/0), network size: 0, avg network size: 0, si_in_serializable: 0 0 %, local: 0 %
I0911 23:59:46.428047 2952784 Coordinator.h:126] commit: 925018 abort: 199334 (0/199334/0), network size: 0, avg network size: 0, si_in_serializable: 0 0 %, local: 0 %
I0911 23:59:47.428118 2952784 Coordinator.h:126] commit: 929801 abort: 200695 (0/200695/0), network size: 0, avg network size: 0, si_in_serializable: 0 0 %, local: 0 %
I0911 23:59:48.428191 2952784 Coordinator.h:126] commit: 924668 abort: 199684 (0/199684/0), network size: 0, avg network size: 0, si_in_serializable: 0 0 %, local: 0 %
I0911 23:59:49.428272 2952784 Coordinator.h:126] commit: 927805 abort: 200643 (0/200643/0), network size: 0, avg network size: 0, si_in_serializable: 0 0 %, local: 0 %
I0911 23:59:50.428357 2952784 Coordinator.h:126] commit: 929034 abort: 201462 (0/201462/0), network size: 0, avg network size: 0, si_in_serializable: 0 0 %, local: 0 %
I0911 23:59:50.428372 2952784 Coordinator.h:152] average commit: 915031 abort: 197238 (0/197238/0), network size: 0, avg network size: 0, si_in_serializable: 0 0 %, local: 0 %
I0911 23:59:50.429421 2952812 AriaExecutor.h:94] AriaExecutor 8 exits. 
I0911 23:59:50.429421 2952810 AriaExecutor.h:94] AriaExecutor 6 exits. 
I0911 23:59:50.429423 2952816 AriaExecutor.h:94] AriaExecutor 12 exits. 
I0911 23:59:50.429426 2952806 AriaExecutor.h:94] AriaExecutor 2 exits. 
I0911 23:59:50.429425 2952808 AriaExecutor.h:94] AriaExecutor 4 exits. 
I0911 23:59:50.429425 2952804 AriaExecutor.h:94] AriaExecutor 0 exits. 
I0911 23:59:50.429442 2952815 AriaExecutor.h:94] AriaExecutor 11 exits. 
I0911 23:59:50.429421 2952818 AriaExecutor.h:94] AriaExecutor 14 exits. 
I0911 23:59:50.429442 2952819 AriaExecutor.h:94] AriaExecutor 15 exits. 
I0911 23:59:50.429442 2952807 AriaExecutor.h:94] AriaExecutor 3 exits. 
I0911 23:59:50.429443 2952817 AriaExecutor.h:94] AriaExecutor 13 exits. 
I0911 23:59:50.429442 2952809 AriaExecutor.h:94] AriaExecutor 5 exits. 
I0911 23:59:50.429442 2952805 AriaExecutor.h:94] AriaExecutor 1 exits. 
I0911 23:59:50.429428 2952814 AriaExecutor.h:94] AriaExecutor 10 exits. 
I0911 23:59:50.429445 2952811 AriaExecutor.h:94] AriaExecutor 7 exits. 
I0911 23:59:50.429426 2952820 Manager.h:227] Manager(worker id = 16) on the coordinator node exits.
I0911 23:59:50.429442 2952813 AriaExecutor.h:94] AriaExecutor 9 exits. 
I0911 23:59:50.428381 2952784 AriaExecutor.h:641] Worker 0 latency: 1196 us (50%) 1481 us (75%) 1690 us (95%) 1745 us (99%).
I0911 23:59:50.487793 2952784 AriaExecutor.h:641] Worker 1 latency: 1193 us (50%) 1478 us (75%) 1688 us (95%) 1742 us (99%).
I0911 23:59:50.555663 2952784 AriaExecutor.h:641] Worker 2 latency: 1201 us (50%) 1483 us (75%) 1690 us (95%) 1744 us (99%).
I0911 23:59:50.614148 2952784 AriaExecutor.h:641] Worker 3 latency: 1195 us (50%) 1479 us (75%) 1688 us (95%) 1743 us (99%).
I0911 23:59:50.680408 2952784 AriaExecutor.h:641] Worker 4 latency: 1198 us (50%) 1482 us (75%) 1690 us (95%) 1744 us (99%).
I0911 23:59:50.738931 2952784 AriaExecutor.h:641] Worker 5 latency: 1192 us (50%) 1478 us (75%) 1688 us (95%) 1743 us (99%).
I0911 23:59:50.805668 2952784 AriaExecutor.h:641] Worker 6 latency: 1199 us (50%) 1482 us (75%) 1690 us (95%) 1744 us (99%).
I0911 23:59:50.864759 2952784 AriaExecutor.h:641] Worker 7 latency: 1193 us (50%) 1478 us (75%) 1688 us (95%) 1743 us (99%).
I0911 23:59:50.931536 2952784 AriaExecutor.h:641] Worker 8 latency: 1195 us (50%) 1479 us (75%) 1689 us (95%) 1744 us (99%).
I0911 23:59:50.990823 2952784 AriaExecutor.h:641] Worker 9 latency: 1193 us (50%) 1477 us (75%) 1688 us (95%) 1743 us (99%).
I0911 23:59:51.057170 2952784 AriaExecutor.h:641] Worker 10 latency: 1199 us (50%) 1481 us (75%) 1690 us (95%) 1744 us (99%).
I0911 23:59:51.116866 2952784 AriaExecutor.h:641] Worker 11 latency: 1195 us (50%) 1479 us (75%) 1688 us (95%) 1743 us (99%).
I0911 23:59:51.184172 2952784 AriaExecutor.h:641] Worker 12 latency: 1198 us (50%) 1481 us (75%) 1689 us (95%) 1743 us (99%).
I0911 23:59:51.243468 2952784 AriaExecutor.h:641] Worker 13 latency: 1190 us (50%) 1476 us (75%) 1688 us (95%) 1742 us (99%).
I0911 23:59:51.310612 2952784 AriaExecutor.h:641] Worker 14 latency: 1201 us (50%) 1482 us (75%) 1690 us (95%) 1744 us (99%).
I0911 23:59:51.370224 2952784 AriaExecutor.h:641] Worker 15 latency: 1194 us (50%) 1478 us (75%) 1688 us (95%) 1742 us (99%).
I0911 23:59:51.435968 2952784 Coordinator.h:177] total commit: 915031
I0911 23:59:52.436082 2952784 Coordinator.h:192] Coordinator exits.
