I1126 14:09:06.357977 958564 Database.h:65] ycsb initialization finished in 30 milliseconds.
I1126 14:09:06.358084 958564 Coordinator.h:30] Coordinator initializes 12 workers.
I1126 14:09:06.365041 958564 Coordinator.h:77] Coordinator starts to run 13 workers.
I1126 14:09:06.365094 958580 AriaExecutor.h:91] AriaExecutor 0 started. 
I1126 14:09:06.365126 958581 AriaExecutor.h:91] AriaExecutor 1 started. 
I1126 14:09:06.365164 958582 AriaExecutor.h:91] AriaExecutor 2 started. 
I1126 14:09:06.365227 958583 AriaExecutor.h:91] AriaExecutor 3 started. 
I1126 14:09:06.365293 958585 AriaExecutor.h:91] AriaExecutor 5 started. 
I1126 14:09:06.365332 958586 AriaExecutor.h:91] AriaExecutor 6 started. 
I1126 14:09:06.365373 958587 AriaExecutor.h:91] AriaExecutor 7 started. 
I1126 14:09:06.365415 958588 AriaExecutor.h:91] AriaExecutor 8 started. 
I1126 14:09:06.365456 958589 AriaExecutor.h:91] AriaExecutor 9 started. 
I1126 14:09:06.365489 958590 AriaExecutor.h:91] AriaExecutor 10 started. 
I1126 14:09:06.365528 958591 AriaExecutor.h:91] AriaExecutor 11 started. 
I1126 14:09:06.365574 958584 AriaExecutor.h:91] AriaExecutor 4 started. 
I1126 14:09:06.365578 958592 Manager.h:224] Manager(worker id = 12) on the coordinator node started.
I1126 14:09:07.365638 958564 Coordinator.h:126] commit: 1722640 abort: 137360 (0/137360/0), network size: 0, avg network size: 0, si_in_serializable: 0 0 %, local: 0 %
I1126 14:09:08.365751 958564 Coordinator.h:126] commit: 1712873 abort: 137127 (0/137127/0), network size: 0, avg network size: 0, si_in_serializable: 0 0 %, local: 0 %
I1126 14:09:09.365867 958564 Coordinator.h:126] commit: 1731788 abort: 138212 (0/138212/0), network size: 0, avg network size: 0, si_in_serializable: 0 0 %, local: 0 %
I1126 14:09:10.365971 958564 Coordinator.h:126] commit: 1731707 abort: 138293 (0/138293/0), network size: 0, avg network size: 0, si_in_serializable: 0 0 %, local: 0 %
I1126 14:09:11.366067 958564 Coordinator.h:126] commit: 1740519 abort: 139481 (0/139481/0), network size: 0, avg network size: 0, si_in_serializable: 0 0 %, local: 0 %
I1126 14:09:12.366151 958564 Coordinator.h:126] commit: 1740565 abort: 139435 (0/139435/0), network size: 0, avg network size: 0, si_in_serializable: 0 0 %, local: 0 %
I1126 14:09:13.366235 958564 Coordinator.h:126] commit: 1722527 abort: 137473 (0/137473/0), network size: 0, avg network size: 0, si_in_serializable: 0 0 %, local: 0 %
I1126 14:09:14.366324 958564 Coordinator.h:126] commit: 1685387 abort: 134613 (0/134613/0), network size: 0, avg network size: 0, si_in_serializable: 0 0 %, local: 0 %
I1126 14:09:15.366449 958564 Coordinator.h:126] commit: 1741058 abort: 138942 (0/138942/0), network size: 0, avg network size: 0, si_in_serializable: 0 0 %, local: 0 %
I1126 14:09:16.366555 958564 Coordinator.h:126] commit: 1741102 abort: 138898 (0/138898/0), network size: 0, avg network size: 0, si_in_serializable: 0 0 %, local: 0 %
I1126 14:09:17.366640 958564 Coordinator.h:126] commit: 1741086 abort: 138914 (0/138914/0), network size: 0, avg network size: 0, si_in_serializable: 0 0 %, local: 0 %
I1126 14:09:18.366725 958564 Coordinator.h:126] commit: 1740858 abort: 139142 (0/139142/0), network size: 0, avg network size: 0, si_in_serializable: 0 0 %, local: 0 %
I1126 14:09:19.366812 958564 Coordinator.h:126] commit: 1731820 abort: 138180 (0/138180/0), network size: 0, avg network size: 0, si_in_serializable: 0 0 %, local: 0 %
I1126 14:09:20.366918 958564 Coordinator.h:126] commit: 1741086 abort: 138914 (0/138914/0), network size: 0, avg network size: 0, si_in_serializable: 0 0 %, local: 0 %
I1126 14:09:21.367017 958564 Coordinator.h:126] commit: 1612071 abort: 127929 (0/127929/0), network size: 0, avg network size: 0, si_in_serializable: 0 0 %, local: 0 %
I1126 14:09:22.367117 958564 Coordinator.h:126] commit: 1740180 abort: 139820 (0/139820/0), network size: 0, avg network size: 0, si_in_serializable: 0 0 %, local: 0 %
I1126 14:09:23.367197 958564 Coordinator.h:126] commit: 1740803 abort: 139197 (0/139197/0), network size: 0, avg network size: 0, si_in_serializable: 0 0 %, local: 0 %
I1126 14:09:24.367306 958564 Coordinator.h:126] commit: 1722203 abort: 137797 (0/137797/0), network size: 0, avg network size: 0, si_in_serializable: 0 0 %, local: 0 %
I1126 14:09:25.367411 958564 Coordinator.h:126] commit: 1740542 abort: 139458 (0/139458/0), network size: 0, avg network size: 0, si_in_serializable: 0 0 %, local: 0 %
I1126 14:09:26.367508 958564 Coordinator.h:126] commit: 1740234 abort: 139766 (0/139766/0), network size: 0, avg network size: 0, si_in_serializable: 0 0 %, local: 0 %
I1126 14:09:27.367587 958564 Coordinator.h:126] commit: 1740955 abort: 139045 (0/139045/0), network size: 0, avg network size: 0, si_in_serializable: 0 0 %, local: 0 %
I1126 14:09:28.367666 958564 Coordinator.h:126] commit: 1740738 abort: 139262 (0/139262/0), network size: 0, avg network size: 0, si_in_serializable: 0 0 %, local: 0 %
I1126 14:09:29.367743 958564 Coordinator.h:126] commit: 1740587 abort: 139413 (0/139413/0), network size: 0, avg network size: 0, si_in_serializable: 0 0 %, local: 0 %
I1126 14:09:30.367823 958564 Coordinator.h:126] commit: 1740992 abort: 139008 (0/139008/0), network size: 0, avg network size: 0, si_in_serializable: 0 0 %, local: 0 %
I1126 14:09:31.367913 958564 Coordinator.h:126] commit: 1740911 abort: 139089 (0/139089/0), network size: 0, avg network size: 0, si_in_serializable: 0 0 %, local: 0 %
I1126 14:09:31.367933 958564 Coordinator.h:152] average commit: 1.72509e+06 abort: 137912 (0/137912/0), network size: 0, avg network size: 0, si_in_serializable: 0 0 %, local: 0 %
I1126 14:09:31.370357 958590 AriaExecutor.h:103] AriaExecutor 10 exits. 
I1126 14:09:31.370361 958592 Manager.h:227] Manager(worker id = 12) on the coordinator node exits.
I1126 14:09:31.370373 958591 AriaExecutor.h:103] AriaExecutor 11 exits. 
I1126 14:09:31.370357 958584 AriaExecutor.h:103] AriaExecutor 4 exits. 
I1126 14:09:31.370361 958580 AriaExecutor.h:103] AriaExecutor 0 exits. 
I1126 14:09:31.370373 958581 AriaExecutor.h:103] AriaExecutor 1 exits. 
I1126 14:09:31.370362 958586 AriaExecutor.h:103] AriaExecutor 6 exits. 
I1126 14:09:31.370360 958588 AriaExecutor.h:103] AriaExecutor 8 exits. 
I1126 14:09:31.370374 958587 AriaExecutor.h:103] AriaExecutor 7 exits. 
I1126 14:09:31.370373 958585 AriaExecutor.h:103] AriaExecutor 5 exits. 
I1126 14:09:31.370376 958583 AriaExecutor.h:103] AriaExecutor 3 exits. 
I1126 14:09:31.370375 958589 AriaExecutor.h:103] AriaExecutor 9 exits. 
I1126 14:09:31.370361 958582 AriaExecutor.h:103] AriaExecutor 2 exits. 
I1126 14:09:31.367942 958564 AriaExecutor.h:649] Worker 0 latency: 3697 us (50%) 4210 us (75%) 4619 us (95%) 4723 us (99%).
I1126 14:09:31.499264 958564 AriaExecutor.h:649] Worker 1 latency: 3703 us (50%) 4215 us (75%) 4623 us (95%) 4726 us (99%).
I1126 14:09:31.633095 958564 AriaExecutor.h:649] Worker 2 latency: 3716 us (50%) 4219 us (75%) 4619 us (95%) 4720 us (99%).
I1126 14:09:31.764547 958564 AriaExecutor.h:649] Worker 3 latency: 3706 us (50%) 4218 us (75%) 4623 us (95%) 4725 us (99%).
I1126 14:09:31.899400 958564 AriaExecutor.h:649] Worker 4 latency: 3706 us (50%) 4217 us (75%) 4622 us (95%) 4725 us (99%).
I1126 14:09:32.031469 958564 AriaExecutor.h:649] Worker 5 latency: 3710 us (50%) 4218 us (75%) 4622 us (95%) 4724 us (99%).
I1126 14:09:32.163604 958564 AriaExecutor.h:649] Worker 6 latency: 3712 us (50%) 4217 us (75%) 4618 us (95%) 4719 us (99%).
I1126 14:09:32.299405 958564 AriaExecutor.h:649] Worker 7 latency: 3706 us (50%) 4218 us (75%) 4622 us (95%) 4724 us (99%).
I1126 14:09:32.445175 958564 AriaExecutor.h:649] Worker 8 latency: 3703 us (50%) 4213 us (75%) 4619 us (95%) 4722 us (99%).
I1126 14:09:32.576977 958564 AriaExecutor.h:649] Worker 9 latency: 3710 us (50%) 4220 us (75%) 4624 us (95%) 4726 us (99%).
I1126 14:09:32.713908 958564 AriaExecutor.h:649] Worker 10 latency: 3713 us (50%) 4218 us (75%) 4620 us (95%) 4722 us (99%).
I1126 14:09:32.844624 958564 AriaExecutor.h:649] Worker 11 latency: 3706 us (50%) 4219 us (75%) 4624 us (95%) 4726 us (99%).
I1126 14:09:32.978819 958564 Coordinator.h:177] total commit: 1.72509e+06
I1126 14:09:33.978936 958564 Coordinator.h:192] Coordinator exits.
