I1126 15:58:44.299998 1026248 Database.h:65] ycsb initialization finished in 30 milliseconds.
I1126 15:58:44.300107 1026248 Coordinator.h:30] Coordinator initializes 12 workers.
I1126 15:58:44.307736 1026248 Coordinator.h:77] Coordinator starts to run 13 workers.
I1126 15:58:44.307788 1026267 AriaExecutor.h:93] AriaExecutor 0 started. 
I1126 15:58:44.307817 1026268 AriaExecutor.h:93] AriaExecutor 1 started. 
I1126 15:58:44.307861 1026269 AriaExecutor.h:93] AriaExecutor 2 started. 
I1126 15:58:44.307907 1026270 AriaExecutor.h:93] AriaExecutor 3 started. 
I1126 15:58:44.307983 1026272 AriaExecutor.h:93] AriaExecutor 5 started. 
I1126 15:58:44.308022 1026273 AriaExecutor.h:93] AriaExecutor 6 started. 
I1126 15:58:44.308068 1026274 AriaExecutor.h:93] AriaExecutor 7 started. 
I1126 15:58:44.308102 1026275 AriaExecutor.h:93] AriaExecutor 8 started. 
I1126 15:58:44.308161 1026276 AriaExecutor.h:93] AriaExecutor 9 started. 
I1126 15:58:44.308200 1026277 AriaExecutor.h:93] AriaExecutor 10 started. 
I1126 15:58:44.308235 1026278 AriaExecutor.h:93] AriaExecutor 11 started. 
I1126 15:58:44.308269 1026271 AriaExecutor.h:93] AriaExecutor 4 started. 
I1126 15:58:44.308270 1026279 Manager.h:224] Manager(worker id = 12) on the coordinator node started.
I1126 15:58:45.308331 1026248 Coordinator.h:126] commit: 867223 abort: 6777 (0/6777/0), network size: 0, avg network size: 0, si_in_serializable: 0 0 %, local: 0 %
I1126 15:58:46.308435 1026248 Coordinator.h:126] commit: 855275 abort: 6725 (0/6725/0), network size: 0, avg network size: 0, si_in_serializable: 0 0 %, local: 0 %
I1126 15:58:47.308531 1026248 Coordinator.h:126] commit: 870422 abort: 6578 (0/6578/0), network size: 0, avg network size: 0, si_in_serializable: 0 0 %, local: 0 %
I1126 15:58:48.308614 1026248 Coordinator.h:126] commit: 870365 abort: 6635 (0/6635/0), network size: 0, avg network size: 0, si_in_serializable: 0 0 %, local: 0 %
I1126 15:58:49.308687 1026248 Coordinator.h:126] commit: 873305 abort: 6695 (0/6695/0), network size: 0, avg network size: 0, si_in_serializable: 0 0 %, local: 0 %
I1126 15:58:50.308768 1026248 Coordinator.h:126] commit: 866425 abort: 6575 (0/6575/0), network size: 0, avg network size: 0, si_in_serializable: 0 0 %, local: 0 %
I1126 15:58:51.308854 1026248 Coordinator.h:126] commit: 874165 abort: 6835 (0/6835/0), network size: 0, avg network size: 0, si_in_serializable: 0 0 %, local: 0 %
I1126 15:58:52.308952 1026248 Coordinator.h:126] commit: 844382 abort: 6618 (0/6618/0), network size: 0, avg network size: 0, si_in_serializable: 0 0 %, local: 0 %
I1126 15:58:53.309032 1026248 Coordinator.h:126] commit: 873353 abort: 6647 (0/6647/0), network size: 0, avg network size: 0, si_in_serializable: 0 0 %, local: 0 %
I1126 15:58:54.309105 1026248 Coordinator.h:126] commit: 875414 abort: 6586 (0/6586/0), network size: 0, avg network size: 0, si_in_serializable: 0 0 %, local: 0 %
I1126 15:58:55.309180 1026248 Coordinator.h:126] commit: 873249 abort: 6751 (0/6751/0), network size: 0, avg network size: 0, si_in_serializable: 0 0 %, local: 0 %
I1126 15:58:56.309262 1026248 Coordinator.h:126] commit: 865324 abort: 6676 (0/6676/0), network size: 0, avg network size: 0, si_in_serializable: 0 0 %, local: 0 %
I1126 15:58:57.309350 1026248 Coordinator.h:126] commit: 876189 abort: 6800 (0/6800/0), network size: 0, avg network size: 0, si_in_serializable: 0 0 %, local: 0 %
I1126 15:58:58.309423 1026248 Coordinator.h:126] commit: 876207 abort: 6804 (0/6804/0), network size: 0, avg network size: 0, si_in_serializable: 0 0 %, local: 0 %
I1126 15:58:59.309494 1026248 Coordinator.h:126] commit: 817585 abort: 6415 (0/6415/0), network size: 0, avg network size: 0, si_in_serializable: 0 0 %, local: 0 %
I1126 15:59:00.309569 1026248 Coordinator.h:126] commit: 875173 abort: 6827 (0/6827/0), network size: 0, avg network size: 0, si_in_serializable: 0 0 %, local: 0 %
I1126 15:59:01.309669 1026248 Coordinator.h:126] commit: 877109 abort: 6891 (0/6891/0), network size: 0, avg network size: 0, si_in_serializable: 0 0 %, local: 0 %
I1126 15:59:02.309743 1026248 Coordinator.h:126] commit: 875374 abort: 6626 (0/6626/0), network size: 0, avg network size: 0, si_in_serializable: 0 0 %, local: 0 %
I1126 15:59:03.309824 1026248 Coordinator.h:126] commit: 875182 abort: 6818 (0/6818/0), network size: 0, avg network size: 0, si_in_serializable: 0 0 %, local: 0 %
I1126 15:59:04.309935 1026248 Coordinator.h:126] commit: 875139 abort: 6861 (0/6861/0), network size: 0, avg network size: 0, si_in_serializable: 0 0 %, local: 0 %
I1126 15:59:05.310039 1026248 Coordinator.h:126] commit: 875136 abort: 6864 (0/6864/0), network size: 0, avg network size: 0, si_in_serializable: 0 0 %, local: 0 %
I1126 15:59:06.310129 1026248 Coordinator.h:126] commit: 875287 abort: 6713 (0/6713/0), network size: 0, avg network size: 0, si_in_serializable: 0 0 %, local: 0 %
I1126 15:59:07.310204 1026248 Coordinator.h:126] commit: 866231 abort: 6769 (0/6769/0), network size: 0, avg network size: 0, si_in_serializable: 0 0 %, local: 0 %
I1126 15:59:08.310295 1026248 Coordinator.h:126] commit: 875233 abort: 6767 (0/6767/0), network size: 0, avg network size: 0, si_in_serializable: 0 0 %, local: 0 %
I1126 15:59:09.310413 1026248 Coordinator.h:126] commit: 877244 abort: 6756 (0/6756/0), network size: 0, avg network size: 0, si_in_serializable: 0 0 %, local: 0 %
I1126 15:59:09.310422 1026248 Coordinator.h:152] average commit: 868653 abort: 6746.9 (0/6746.9/0), network size: 0, avg network size: 0, si_in_serializable: 0 0 %, local: 0 %
I1126 15:59:09.310628 1026271 AriaExecutor.h:105] AriaExecutor 4 exits. 
I1126 15:59:09.310632 1026273 AriaExecutor.h:105] AriaExecutor 6 exits. 
I1126 15:59:09.310636 1026268 AriaExecutor.h:105] AriaExecutor 1 exits. 
I1126 15:59:09.310632 1026277 AriaExecutor.h:105] AriaExecutor 10 exits. 
I1126 15:59:09.310634 1026274 AriaExecutor.h:105] AriaExecutor 7 exits. 
I1126 15:59:09.310635 1026270 AriaExecutor.h:105] AriaExecutor 3 exits. 
I1126 15:59:09.310637 1026276 AriaExecutor.h:105] AriaExecutor 9 exits. 
I1126 15:59:09.310633 1026269 AriaExecutor.h:105] AriaExecutor 2 exits. 
I1126 15:59:09.310629 1026275 AriaExecutor.h:105] AriaExecutor 8 exits. 
I1126 15:59:09.310638 1026278 AriaExecutor.h:105] AriaExecutor 11 exits. 
I1126 15:59:09.310629 1026279 Manager.h:227] Manager(worker id = 12) on the coordinator node exits.
I1126 15:59:09.310637 1026272 AriaExecutor.h:105] AriaExecutor 5 exits. 
I1126 15:59:09.310631 1026267 AriaExecutor.h:105] AriaExecutor 0 exits. 
I1126 15:59:09.310432 1026248 AriaExecutor.h:672] Worker 0 latency: 666 us (50%) 878 us (75%) 1047 us (95%) 1083 us (99%).
I1126 15:59:09.385783 1026248 AriaExecutor.h:672] Worker 1 latency: 664 us (50%) 877 us (75%) 1047 us (95%) 1083 us (99%).
I1126 15:59:09.462900 1026248 AriaExecutor.h:672] Worker 2 latency: 666 us (50%) 878 us (75%) 1048 us (95%) 1083 us (99%).
I1126 15:59:09.538214 1026248 AriaExecutor.h:672] Worker 3 latency: 665 us (50%) 877 us (75%) 1047 us (95%) 1083 us (99%).
I1126 15:59:09.614812 1026248 AriaExecutor.h:672] Worker 4 latency: 669 us (50%) 879 us (75%) 1048 us (95%) 1083 us (99%).
I1126 15:59:09.692500 1026248 AriaExecutor.h:672] Worker 5 latency: 668 us (50%) 878 us (75%) 1047 us (95%) 1083 us (99%).
I1126 15:59:09.767199 1026248 AriaExecutor.h:672] Worker 6 latency: 669 us (50%) 879 us (75%) 1048 us (95%) 1083 us (99%).
I1126 15:59:09.841733 1026248 AriaExecutor.h:672] Worker 7 latency: 669 us (50%) 879 us (75%) 1047 us (95%) 1083 us (99%).
I1126 15:59:09.915551 1026248 AriaExecutor.h:672] Worker 8 latency: 669 us (50%) 879 us (75%) 1048 us (95%) 1083 us (99%).
I1126 15:59:09.990666 1026248 AriaExecutor.h:672] Worker 9 latency: 670 us (50%) 879 us (75%) 1047 us (95%) 1083 us (99%).
I1126 15:59:10.065300 1026248 AriaExecutor.h:672] Worker 10 latency: 666 us (50%) 878 us (75%) 1048 us (95%) 1083 us (99%).
I1126 15:59:10.140250 1026248 AriaExecutor.h:672] Worker 11 latency: 668 us (50%) 879 us (75%) 1047 us (95%) 1083 us (99%).
I1126 15:59:10.214435 1026248 Coordinator.h:177] total commit: 868653
I1126 15:59:11.214541 1026248 Coordinator.h:192] Coordinator exits.
