I0911 23:26:05.478736 2946589 Database.h:65] ycsb initialization finished in 146 milliseconds.
I0911 23:26:05.478840 2946589 Coordinator.h:30] Coordinator initializes 16 workers.
I0911 23:26:05.486941 2946589 Coordinator.h:77] Coordinator starts to run 17 workers.
I0911 23:26:05.487020 2946611 AriaExecutor.h:82] AriaExecutor 0 started. 
I0911 23:26:05.487053 2946612 AriaExecutor.h:82] AriaExecutor 1 started. 
I0911 23:26:05.487103 2946613 AriaExecutor.h:82] AriaExecutor 2 started. 
I0911 23:26:05.487149 2946614 AriaExecutor.h:82] AriaExecutor 3 started. 
I0911 23:26:05.487193 2946615 AriaExecutor.h:82] AriaExecutor 4 started. 
I0911 23:26:05.487227 2946616 AriaExecutor.h:82] AriaExecutor 5 started. 
I0911 23:26:05.487258 2946617 AriaExecutor.h:82] AriaExecutor 6 started. 
I0911 23:26:05.487304 2946618 AriaExecutor.h:82] AriaExecutor 7 started. 
I0911 23:26:05.487334 2946619 AriaExecutor.h:82] AriaExecutor 8 started. 
I0911 23:26:05.487378 2946620 AriaExecutor.h:82] AriaExecutor 9 started. 
I0911 23:26:05.487417 2946621 AriaExecutor.h:82] AriaExecutor 10 started. 
I0911 23:26:05.487470 2946622 AriaExecutor.h:82] AriaExecutor 11 started. 
I0911 23:26:05.487504 2946623 AriaExecutor.h:82] AriaExecutor 12 started. 
I0911 23:26:05.487550 2946624 AriaExecutor.h:82] AriaExecutor 13 started. 
I0911 23:26:05.487581 2946625 AriaExecutor.h:82] AriaExecutor 14 started. 
I0911 23:26:05.487622 2946626 AriaExecutor.h:82] AriaExecutor 15 started. 
I0911 23:26:05.487660 2946627 Manager.h:224] Manager(worker id = 16) on the coordinator node started.
I0911 23:26:06.487716 2946589 Coordinator.h:126] commit: 1311685 abort: 1083 (0/1083/0), network size: 0, avg network size: 0, si_in_serializable: 0 0 %, local: 0 %
I0911 23:26:07.487829 2946589 Coordinator.h:126] commit: 1300448 abort: 1056 (0/1056/0), network size: 0, avg network size: 0, si_in_serializable: 0 0 %, local: 0 %
I0911 23:26:08.487910 2946589 Coordinator.h:126] commit: 1256486 abort: 986 (0/986/0), network size: 0, avg network size: 0, si_in_serializable: 0 0 %, local: 0 %
I0911 23:26:09.487986 2946589 Coordinator.h:126] commit: 1269768 abort: 1016 (0/1016/0), network size: 0, avg network size: 0, si_in_serializable: 0 0 %, local: 0 %
I0911 23:26:10.488090 2946589 Coordinator.h:126] commit: 1313779 abort: 1037 (0/1037/0), network size: 0, avg network size: 0, si_in_serializable: 0 0 %, local: 0 %
I0911 23:26:11.488173 2946589 Coordinator.h:126] commit: 1323977 abort: 1079 (0/1079/0), network size: 0, avg network size: 0, si_in_serializable: 0 0 %, local: 0 %
I0911 23:26:12.488247 2946589 Coordinator.h:126] commit: 1309611 abort: 1109 (0/1109/0), network size: 0, avg network size: 0, si_in_serializable: 0 0 %, local: 0 %
I0911 23:26:13.488322 2946589 Coordinator.h:126] commit: 1318876 abort: 1060 (0/1060/0), network size: 0, avg network size: 0, si_in_serializable: 0 0 %, local: 0 %
I0911 23:26:14.488396 2946589 Coordinator.h:126] commit: 1325031 abort: 1049 (0/1049/0), network size: 0, avg network size: 0, si_in_serializable: 0 0 %, local: 0 %
I0911 23:26:15.488471 2946589 Coordinator.h:126] commit: 1325042 abort: 1038 (0/1038/0), network size: 0, avg network size: 0, si_in_serializable: 0 0 %, local: 0 %
I0911 23:26:16.488543 2946589 Coordinator.h:126] commit: 1281027 abort: 1021 (0/1021/0), network size: 0, avg network size: 0, si_in_serializable: 0 0 %, local: 0 %
I0911 23:26:17.488620 2946589 Coordinator.h:126] commit: 1325035 abort: 1045 (0/1045/0), network size: 0, avg network size: 0, si_in_serializable: 0 0 %, local: 0 %
I0911 23:26:18.488694 2946589 Coordinator.h:126] commit: 1256542 abort: 930 (0/930/0), network size: 0, avg network size: 0, si_in_serializable: 0 0 %, local: 0 %
I0911 23:26:19.488768 2946589 Coordinator.h:126] commit: 1325053 abort: 1027 (0/1027/0), network size: 0, avg network size: 0, si_in_serializable: 0 0 %, local: 0 %
I0911 23:26:20.488857 2946589 Coordinator.h:126] commit: 1309635 abort: 1085 (0/1085/0), network size: 0, avg network size: 0, si_in_serializable: 0 0 %, local: 0 %
I0911 23:26:21.488924 2946589 Coordinator.h:126] commit: 1322969 abort: 1063 (0/1063/0), network size: 0, avg network size: 0, si_in_serializable: 0 0 %, local: 0 %
I0911 23:26:22.489002 2946589 Coordinator.h:126] commit: 1326052 abort: 1052 (0/1052/0), network size: 0, avg network size: 0, si_in_serializable: 0 0 %, local: 0 %
I0911 23:26:23.489082 2946589 Coordinator.h:126] commit: 1326026 abort: 1078 (0/1078/0), network size: 0, avg network size: 0, si_in_serializable: 0 0 %, local: 0 %
I0911 23:26:24.489154 2946589 Coordinator.h:126] commit: 1322519 abort: 1046 (0/1046/0), network size: 0, avg network size: 0, si_in_serializable: 0 0 %, local: 0 %
I0911 23:26:25.489215 2946589 Coordinator.h:126] commit: 1324518 abort: 1005 (0/1005/0), network size: 0, avg network size: 0, si_in_serializable: 0 0 %, local: 0 %
I0911 23:26:26.489277 2946589 Coordinator.h:126] commit: 1323017 abort: 1015 (0/1015/0), network size: 0, avg network size: 0, si_in_serializable: 0 0 %, local: 0 %
I0911 23:26:27.489351 2946589 Coordinator.h:126] commit: 1325081 abort: 999 (0/999/0), network size: 0, avg network size: 0, si_in_serializable: 0 0 %, local: 0 %
I0911 23:26:28.489413 2946589 Coordinator.h:126] commit: 1302518 abort: 1034 (0/1034/0), network size: 0, avg network size: 0, si_in_serializable: 0 0 %, local: 0 %
I0911 23:26:29.489472 2946589 Coordinator.h:126] commit: 1294328 abort: 1032 (0/1032/0), network size: 0, avg network size: 0, si_in_serializable: 0 0 %, local: 0 %
I0911 23:26:30.489535 2946589 Coordinator.h:126] commit: 1304552 abort: 1048 (0/1048/0), network size: 0, avg network size: 0, si_in_serializable: 0 0 %, local: 0 %
I0911 23:26:30.489547 2946589 Coordinator.h:152] average commit: 1.31194e+06 abort: 1035.2 (0/1035.2/0), network size: 0, avg network size: 0, si_in_serializable: 0 0 %, local: 0 %
I0911 23:26:30.490173 2946625 AriaExecutor.h:94] AriaExecutor 14 exits. 
I0911 23:26:30.490173 2946621 AriaExecutor.h:94] AriaExecutor 10 exits. 
I0911 23:26:30.490177 2946613 AriaExecutor.h:94] AriaExecutor 2 exits. 
I0911 23:26:30.490176 2946611 AriaExecutor.h:94] AriaExecutor 0 exits. 
I0911 23:26:30.490180 2946623 AriaExecutor.h:94] AriaExecutor 12 exits. 
I0911 23:26:30.490180 2946617 AriaExecutor.h:94] AriaExecutor 6 exits. 
I0911 23:26:30.490181 2946615 AriaExecutor.h:94] AriaExecutor 4 exits. 
I0911 23:26:30.490192 2946612 AriaExecutor.h:94] AriaExecutor 1 exits. 
I0911 23:26:30.490175 2946619 AriaExecutor.h:94] AriaExecutor 8 exits. 
I0911 23:26:30.490192 2946626 AriaExecutor.h:94] AriaExecutor 15 exits. 
I0911 23:26:30.490193 2946614 AriaExecutor.h:94] AriaExecutor 3 exits. 
I0911 23:26:30.490193 2946618 AriaExecutor.h:94] AriaExecutor 7 exits. 
I0911 23:26:30.490193 2946620 AriaExecutor.h:94] AriaExecutor 9 exits. 
I0911 23:26:30.490193 2946622 AriaExecutor.h:94] AriaExecutor 11 exits. 
I0911 23:26:30.490193 2946616 AriaExecutor.h:94] AriaExecutor 5 exits. 
I0911 23:26:30.490195 2946624 AriaExecutor.h:94] AriaExecutor 13 exits. 
I0911 23:26:30.490175 2946627 Manager.h:227] Manager(worker id = 16) on the coordinator node exits.
I0911 23:26:30.489557 2946589 AriaExecutor.h:641] Worker 0 latency: 444 us (50%) 595 us (75%) 717 us (95%) 745 us (99%).
I0911 23:26:30.570926 2946589 AriaExecutor.h:641] Worker 1 latency: 442 us (50%) 593 us (75%) 716 us (95%) 744 us (99%).
I0911 23:26:30.660986 2946589 AriaExecutor.h:641] Worker 2 latency: 446 us (50%) 597 us (75%) 717 us (95%) 745 us (99%).
I0911 23:26:30.741456 2946589 AriaExecutor.h:641] Worker 3 latency: 443 us (50%) 594 us (75%) 716 us (95%) 744 us (99%).
I0911 23:26:30.830179 2946589 AriaExecutor.h:641] Worker 4 latency: 445 us (50%) 596 us (75%) 717 us (95%) 745 us (99%).
I0911 23:26:30.911301 2946589 AriaExecutor.h:641] Worker 5 latency: 441 us (50%) 594 us (75%) 716 us (95%) 744 us (99%).
I0911 23:26:31.002163 2946589 AriaExecutor.h:641] Worker 6 latency: 446 us (50%) 597 us (75%) 717 us (95%) 745 us (99%).
I0911 23:26:31.083403 2946589 AriaExecutor.h:641] Worker 7 latency: 443 us (50%) 594 us (75%) 716 us (95%) 744 us (99%).
I0911 23:26:31.174620 2946589 AriaExecutor.h:641] Worker 8 latency: 444 us (50%) 595 us (75%) 717 us (95%) 745 us (99%).
I0911 23:26:31.255649 2946589 AriaExecutor.h:641] Worker 9 latency: 441 us (50%) 593 us (75%) 715 us (95%) 744 us (99%).
I0911 23:26:31.345882 2946589 AriaExecutor.h:641] Worker 10 latency: 445 us (50%) 596 us (75%) 717 us (95%) 745 us (99%).
I0911 23:26:31.426947 2946589 AriaExecutor.h:641] Worker 11 latency: 442 us (50%) 593 us (75%) 716 us (95%) 744 us (99%).
I0911 23:26:31.518069 2946589 AriaExecutor.h:641] Worker 12 latency: 445 us (50%) 596 us (75%) 717 us (95%) 745 us (99%).
I0911 23:26:31.599476 2946589 AriaExecutor.h:641] Worker 13 latency: 441 us (50%) 593 us (75%) 716 us (95%) 744 us (99%).
I0911 23:26:31.691942 2946589 AriaExecutor.h:641] Worker 14 latency: 446 us (50%) 596 us (75%) 717 us (95%) 745 us (99%).
I0911 23:26:31.772114 2946589 AriaExecutor.h:641] Worker 15 latency: 443 us (50%) 594 us (75%) 716 us (95%) 744 us (99%).
I0911 23:26:31.861043 2946589 Coordinator.h:177] total commit: 1.31194e+06
I0911 23:26:32.861156 2946589 Coordinator.h:192] Coordinator exits.
