I0911 23:28:51.829035 2947101 Database.h:65] ycsb initialization finished in 146 milliseconds.
I0911 23:28:51.829152 2947101 Coordinator.h:30] Coordinator initializes 16 workers.
I0911 23:28:51.861040 2947101 Coordinator.h:77] Coordinator starts to run 17 workers.
I0911 23:28:51.861157 2947121 AriaExecutor.h:82] AriaExecutor 0 started. 
I0911 23:28:51.861172 2947122 AriaExecutor.h:82] AriaExecutor 1 started. 
I0911 23:28:51.861241 2947123 AriaExecutor.h:82] AriaExecutor 2 started. 
I0911 23:28:51.861275 2947124 AriaExecutor.h:82] AriaExecutor 3 started. 
I0911 23:28:51.861315 2947125 AriaExecutor.h:82] AriaExecutor 4 started. 
I0911 23:28:51.861348 2947126 AriaExecutor.h:82] AriaExecutor 5 started. 
I0911 23:28:51.861387 2947127 AriaExecutor.h:82] AriaExecutor 6 started. 
I0911 23:28:51.861419 2947128 AriaExecutor.h:82] AriaExecutor 7 started. 
I0911 23:28:51.861454 2947129 AriaExecutor.h:82] AriaExecutor 8 started. 
I0911 23:28:51.861486 2947130 AriaExecutor.h:82] AriaExecutor 9 started. 
I0911 23:28:51.861522 2947131 AriaExecutor.h:82] AriaExecutor 10 started. 
I0911 23:28:51.861552 2947132 AriaExecutor.h:82] AriaExecutor 11 started. 
I0911 23:28:51.861585 2947133 AriaExecutor.h:82] AriaExecutor 12 started. 
I0911 23:28:51.861625 2947134 AriaExecutor.h:82] AriaExecutor 13 started. 
I0911 23:28:51.861660 2947135 AriaExecutor.h:82] AriaExecutor 14 started. 
I0911 23:28:51.861691 2947136 AriaExecutor.h:82] AriaExecutor 15 started. 
I0911 23:28:51.861729 2947137 Manager.h:224] Manager(worker id = 16) on the coordinator node started.
I0911 23:28:52.861775 2947101 Coordinator.h:126] commit: 94696 abort: 97816 (0/97816/0), network size: 0, avg network size: 0, si_in_serializable: 0 0 %, local: 0 %
I0911 23:28:53.861935 2947101 Coordinator.h:126] commit: 100671 abort: 104129 (0/104129/0), network size: 0, avg network size: 0, si_in_serializable: 0 0 %, local: 0 %
I0911 23:28:54.862032 2947101 Coordinator.h:126] commit: 100655 abort: 104145 (0/104145/0), network size: 0, avg network size: 0, si_in_serializable: 0 0 %, local: 0 %
I0911 23:28:55.862118 2947101 Coordinator.h:126] commit: 98902 abort: 101802 (0/101802/0), network size: 0, avg network size: 0, si_in_serializable: 0 0 %, local: 0 %
I0911 23:28:56.862320 2947101 Coordinator.h:126] commit: 104984 abort: 108008 (0/108008/0), network size: 0, avg network size: 0, si_in_serializable: 0 0 %, local: 0 %
I0911 23:28:57.862489 2947101 Coordinator.h:126] commit: 105206 abort: 107786 (0/107786/0), network size: 0, avg network size: 0, si_in_serializable: 0 0 %, local: 0 %
I0911 23:28:58.862601 2947101 Coordinator.h:126] commit: 104849 abort: 108143 (0/108143/0), network size: 0, avg network size: 0, si_in_serializable: 0 0 %, local: 0 %
I0911 23:28:59.862725 2947101 Coordinator.h:126] commit: 105081 abort: 107911 (0/107911/0), network size: 0, avg network size: 0, si_in_serializable: 0 0 %, local: 0 %
I0911 23:29:00.862839 2947101 Coordinator.h:126] commit: 102635 abort: 106261 (0/106261/0), network size: 0, avg network size: 0, si_in_serializable: 0 0 %, local: 0 %
I0911 23:29:01.862941 2947101 Coordinator.h:126] commit: 106318 abort: 110770 (0/110770/0), network size: 0, avg network size: 0, si_in_serializable: 0 0 %, local: 0 %
I0911 23:29:02.863050 2947101 Coordinator.h:126] commit: 102779 abort: 106117 (0/106117/0), network size: 0, avg network size: 0, si_in_serializable: 0 0 %, local: 0 %
I0911 23:29:03.863184 2947101 Coordinator.h:126] commit: 104720 abort: 108272 (0/108272/0), network size: 0, avg network size: 0, si_in_serializable: 0 0 %, local: 0 %
I0911 23:29:04.863292 2947101 Coordinator.h:126] commit: 106775 abort: 110313 (0/110313/0), network size: 0, avg network size: 0, si_in_serializable: 0 0 %, local: 0 %
I0911 23:29:05.863420 2947101 Coordinator.h:126] commit: 104655 abort: 108337 (0/108337/0), network size: 0, avg network size: 0, si_in_serializable: 0 0 %, local: 0 %
I0911 23:29:06.863529 2947101 Coordinator.h:126] commit: 107266 abort: 109822 (0/109822/0), network size: 0, avg network size: 0, si_in_serializable: 0 0 %, local: 0 %
I0911 23:29:07.863641 2947101 Coordinator.h:126] commit: 106765 abort: 110323 (0/110323/0), network size: 0, avg network size: 0, si_in_serializable: 0 0 %, local: 0 %
I0911 23:29:08.863736 2947101 Coordinator.h:126] commit: 104714 abort: 108278 (0/108278/0), network size: 0, avg network size: 0, si_in_serializable: 0 0 %, local: 0 %
I0911 23:29:09.863860 2947101 Coordinator.h:126] commit: 102616 abort: 106280 (0/106280/0), network size: 0, avg network size: 0, si_in_serializable: 0 0 %, local: 0 %
I0911 23:29:10.863991 2947101 Coordinator.h:126] commit: 102651 abort: 106245 (0/106245/0), network size: 0, avg network size: 0, si_in_serializable: 0 0 %, local: 0 %
I0911 23:29:11.864094 2947101 Coordinator.h:126] commit: 104847 abort: 108145 (0/108145/0), network size: 0, avg network size: 0, si_in_serializable: 0 0 %, local: 0 %
I0911 23:29:12.864229 2947101 Coordinator.h:126] commit: 105176 abort: 107816 (0/107816/0), network size: 0, avg network size: 0, si_in_serializable: 0 0 %, local: 0 %
I0911 23:29:13.864341 2947101 Coordinator.h:126] commit: 104606 abort: 108386 (0/108386/0), network size: 0, avg network size: 0, si_in_serializable: 0 0 %, local: 0 %
I0911 23:29:14.864467 2947101 Coordinator.h:126] commit: 104825 abort: 108167 (0/108167/0), network size: 0, avg network size: 0, si_in_serializable: 0 0 %, local: 0 %
I0911 23:29:15.864593 2947101 Coordinator.h:126] commit: 105102 abort: 107890 (0/107890/0), network size: 0, avg network size: 0, si_in_serializable: 0 0 %, local: 0 %
I0911 23:29:16.864698 2947101 Coordinator.h:126] commit: 104658 abort: 108334 (0/108334/0), network size: 0, avg network size: 0, si_in_serializable: 0 0 %, local: 0 %
I0911 23:29:16.864733 2947101 Coordinator.h:152] average commit: 104779 abort: 108213 (0/108213/0), network size: 0, avg network size: 0, si_in_serializable: 0 0 %, local: 0 %
I0911 23:29:16.871891 2947124 AriaExecutor.h:94] AriaExecutor 3 exits. 
I0911 23:29:16.871903 2947131 AriaExecutor.h:94] AriaExecutor 10 exits. 
I0911 23:29:16.871893 2947130 AriaExecutor.h:94] AriaExecutor 9 exits. 
I0911 23:29:16.871918 2947136 AriaExecutor.h:94] AriaExecutor 15 exits. 
I0911 23:29:16.871905 2947125 AriaExecutor.h:94] AriaExecutor 4 exits. 
I0911 23:29:16.871905 2947129 AriaExecutor.h:94] AriaExecutor 8 exits. 
I0911 23:29:16.871905 2947133 AriaExecutor.h:94] AriaExecutor 12 exits. 
I0911 23:29:16.871892 2947121 AriaExecutor.h:94] AriaExecutor 0 exits. 
I0911 23:29:16.871904 2947135 AriaExecutor.h:94] AriaExecutor 14 exits. 
I0911 23:29:16.871922 2947128 AriaExecutor.h:94] AriaExecutor 7 exits. 
I0911 23:29:16.871891 2947132 AriaExecutor.h:94] AriaExecutor 11 exits. 
I0911 23:29:16.871925 2947122 AriaExecutor.h:94] AriaExecutor 1 exits. 
I0911 23:29:16.871904 2947127 AriaExecutor.h:94] AriaExecutor 6 exits. 
I0911 23:29:16.871923 2947134 AriaExecutor.h:94] AriaExecutor 13 exits. 
I0911 23:29:16.871920 2947137 Manager.h:227] Manager(worker id = 16) on the coordinator node exits.
I0911 23:29:16.871896 2947126 AriaExecutor.h:94] AriaExecutor 5 exits. 
I0911 23:29:16.871905 2947123 AriaExecutor.h:94] AriaExecutor 2 exits. 
I0911 23:29:16.864744 2947101 AriaExecutor.h:641] Worker 0 latency: 15338 us (50%) 16986 us (75%) 18032 us (95%) 19513 us (99%).
I0911 23:29:16.873478 2947101 AriaExecutor.h:641] Worker 1 latency: 15298 us (50%) 16967 us (75%) 18029 us (95%) 19362 us (99%).
I0911 23:29:16.881982 2947101 AriaExecutor.h:641] Worker 2 latency: 15362 us (50%) 16983 us (75%) 18023 us (95%) 19376 us (99%).
I0911 23:29:16.890493 2947101 AriaExecutor.h:641] Worker 3 latency: 15314 us (50%) 16965 us (75%) 18022 us (95%) 19367 us (99%).
I0911 23:29:16.899029 2947101 AriaExecutor.h:641] Worker 4 latency: 15328 us (50%) 16978 us (75%) 18030 us (95%) 19397 us (99%).
I0911 23:29:16.907733 2947101 AriaExecutor.h:641] Worker 5 latency: 15277 us (50%) 16953 us (75%) 18022 us (95%) 19350 us (99%).
I0911 23:29:16.916271 2947101 AriaExecutor.h:641] Worker 6 latency: 15337 us (50%) 16976 us (75%) 18022 us (95%) 19409 us (99%).
I0911 23:29:16.924932 2947101 AriaExecutor.h:641] Worker 7 latency: 15326 us (50%) 16972 us (75%) 18026 us (95%) 19388 us (99%).
I0911 23:29:16.933426 2947101 AriaExecutor.h:641] Worker 8 latency: 15322 us (50%) 16978 us (75%) 18026 us (95%) 19415 us (99%).
I0911 23:29:16.942142 2947101 AriaExecutor.h:641] Worker 9 latency: 15303 us (50%) 16963 us (75%) 18023 us (95%) 19363 us (99%).
I0911 23:29:16.950651 2947101 AriaExecutor.h:641] Worker 10 latency: 15353 us (50%) 16978 us (75%) 18015 us (95%) 19376 us (99%).
I0911 23:29:16.959223 2947101 AriaExecutor.h:641] Worker 11 latency: 15317 us (50%) 16969 us (75%) 18017 us (95%) 19353 us (99%).
I0911 23:29:16.967892 2947101 AriaExecutor.h:641] Worker 12 latency: 15339 us (50%) 16974 us (75%) 18016 us (95%) 19391 us (99%).
I0911 23:29:16.976394 2947101 AriaExecutor.h:641] Worker 13 latency: 15290 us (50%) 16961 us (75%) 18026 us (95%) 19372 us (99%).
I0911 23:29:16.985031 2947101 AriaExecutor.h:641] Worker 14 latency: 15361 us (50%) 16977 us (75%) 18018 us (95%) 19405 us (99%).
I0911 23:29:16.993531 2947101 AriaExecutor.h:641] Worker 15 latency: 15321 us (50%) 16967 us (75%) 18019 us (95%) 19386 us (99%).
I0911 23:29:17.002050 2947101 Coordinator.h:177] total commit: 104779
I0911 23:29:18.002177 2947101 Coordinator.h:192] Coordinator exits.
