I1126 15:17:47.650296 999579 Database.h:65] ycsb initialization finished in 29 milliseconds.
I1126 15:17:47.650399 999579 Coordinator.h:30] Coordinator initializes 12 workers.
I1126 15:17:47.657258 999579 Coordinator.h:77] Coordinator starts to run 13 workers.
I1126 15:17:47.657328 999595 AriaExecutor.h:95] AriaExecutor 0 started. 
I1126 15:17:47.657364 999596 AriaExecutor.h:95] AriaExecutor 1 started. 
I1126 15:17:47.657405 999597 AriaExecutor.h:95] AriaExecutor 2 started. 
I1126 15:17:47.657451 999598 AriaExecutor.h:95] AriaExecutor 3 started. 
I1126 15:17:47.657469 999599 AriaExecutor.h:95] AriaExecutor 4 started. 
I1126 15:17:47.657514 999600 AriaExecutor.h:95] AriaExecutor 5 started. 
I1126 15:17:47.657544 999601 AriaExecutor.h:95] AriaExecutor 6 started. 
I1126 15:17:47.657588 999602 AriaExecutor.h:95] AriaExecutor 7 started. 
I1126 15:17:47.657613 999603 AriaExecutor.h:95] AriaExecutor 8 started. 
I1126 15:17:47.657647 999604 AriaExecutor.h:95] AriaExecutor 9 started. 
I1126 15:17:47.657667 999605 AriaExecutor.h:95] AriaExecutor 10 started. 
I1126 15:17:47.657708 999606 AriaExecutor.h:95] AriaExecutor 11 started. 
I1126 15:17:47.657737 999607 Manager.h:224] Manager(worker id = 12) on the coordinator node started.
I1126 15:17:48.657791 999579 Coordinator.h:126] commit: 954321 abort: 335585 (0/335585/0), network size: 0, avg network size: 0, si_in_serializable: 0 0 %, local: 0 %
I1126 15:17:49.657910 999579 Coordinator.h:126] commit: 947083 abort: 333011 (0/333011/0), network size: 0, avg network size: 0, si_in_serializable: 0 0 %, local: 0 %
I1126 15:17:50.658043 999579 Coordinator.h:126] commit: 954711 abort: 335289 (0/335289/0), network size: 0, avg network size: 0, si_in_serializable: 0 0 %, local: 0 %
I1126 15:17:51.658159 999579 Coordinator.h:126] commit: 962030 abort: 337970 (0/337970/0), network size: 0, avg network size: 0, si_in_serializable: 0 0 %, local: 0 %
I1126 15:17:52.658259 999579 Coordinator.h:126] commit: 969981 abort: 340019 (0/340019/0), network size: 0, avg network size: 0, si_in_serializable: 0 0 %, local: 0 %
I1126 15:17:53.658329 999579 Coordinator.h:126] commit: 953456 abort: 336544 (0/336544/0), network size: 0, avg network size: 0, si_in_serializable: 0 0 %, local: 0 %
I1126 15:17:54.658458 999579 Coordinator.h:126] commit: 940020 abort: 329980 (0/329980/0), network size: 0, avg network size: 0, si_in_serializable: 0 0 %, local: 0 %
I1126 15:17:55.658571 999579 Coordinator.h:126] commit: 961601 abort: 338399 (0/338399/0), network size: 0, avg network size: 0, si_in_serializable: 0 0 %, local: 0 %
I1126 15:17:56.658672 999579 Coordinator.h:126] commit: 965542 abort: 337871 (0/337871/0), network size: 0, avg network size: 0, si_in_serializable: 0 0 %, local: 0 %
I1126 15:17:57.658777 999579 Coordinator.h:126] commit: 966081 abort: 340506 (0/340506/0), network size: 0, avg network size: 0, si_in_serializable: 0 0 %, local: 0 %
I1126 15:17:58.658879 999579 Coordinator.h:126] commit: 962398 abort: 337602 (0/337602/0), network size: 0, avg network size: 0, si_in_serializable: 0 0 %, local: 0 %
I1126 15:17:59.658979 999579 Coordinator.h:126] commit: 969329 abort: 340671 (0/340671/0), network size: 0, avg network size: 0, si_in_serializable: 0 0 %, local: 0 %
I1126 15:18:00.659086 999579 Coordinator.h:126] commit: 962618 abort: 337382 (0/337382/0), network size: 0, avg network size: 0, si_in_serializable: 0 0 %, local: 0 %
I1126 15:18:01.659207 999579 Coordinator.h:126] commit: 917494 abort: 322506 (0/322506/0), network size: 0, avg network size: 0, si_in_serializable: 0 0 %, local: 0 %
I1126 15:18:02.659315 999579 Coordinator.h:126] commit: 954299 abort: 335701 (0/335701/0), network size: 0, avg network size: 0, si_in_serializable: 0 0 %, local: 0 %
I1126 15:18:03.659448 999579 Coordinator.h:126] commit: 954524 abort: 335476 (0/335476/0), network size: 0, avg network size: 0, si_in_serializable: 0 0 %, local: 0 %
I1126 15:18:04.659554 999579 Coordinator.h:126] commit: 968967 abort: 341033 (0/341033/0), network size: 0, avg network size: 0, si_in_serializable: 0 0 %, local: 0 %
I1126 15:18:05.659644 999579 Coordinator.h:126] commit: 955208 abort: 335857 (0/335857/0), network size: 0, avg network size: 0, si_in_serializable: 0 0 %, local: 0 %
I1126 15:18:06.659746 999579 Coordinator.h:126] commit: 968906 abort: 340029 (0/340029/0), network size: 0, avg network size: 0, si_in_serializable: 0 0 %, local: 0 %
I1126 15:18:07.659834 999579 Coordinator.h:126] commit: 962737 abort: 337263 (0/337263/0), network size: 0, avg network size: 0, si_in_serializable: 0 0 %, local: 0 %
I1126 15:18:08.659922 999579 Coordinator.h:126] commit: 961653 abort: 338347 (0/338347/0), network size: 0, avg network size: 0, si_in_serializable: 0 0 %, local: 0 %
I1126 15:18:09.660017 999579 Coordinator.h:126] commit: 961124 abort: 338876 (0/338876/0), network size: 0, avg network size: 0, si_in_serializable: 0 0 %, local: 0 %
I1126 15:18:10.660110 999579 Coordinator.h:126] commit: 957917 abort: 335724 (0/335724/0), network size: 0, avg network size: 0, si_in_serializable: 0 0 %, local: 0 %
I1126 15:18:11.660210 999579 Coordinator.h:126] commit: 966313 abort: 340046 (0/340046/0), network size: 0, avg network size: 0, si_in_serializable: 0 0 %, local: 0 %
I1126 15:18:12.660316 999579 Coordinator.h:126] commit: 962243 abort: 337757 (0/337757/0), network size: 0, avg network size: 0, si_in_serializable: 0 0 %, local: 0 %
I1126 15:18:12.660343 999579 Coordinator.h:152] average commit: 957648 abort: 336352 (0/336352/0), network size: 0, avg network size: 0, si_in_serializable: 0 0 %, local: 0 %
I1126 15:18:12.667212 999605 AriaExecutor.h:107] AriaExecutor 10 exits. 
I1126 15:18:12.667218 999603 AriaExecutor.h:107] AriaExecutor 8 exits. 
I1126 15:18:12.667227 999596 AriaExecutor.h:107] AriaExecutor 1 exits. 
I1126 15:18:12.667213 999601 AriaExecutor.h:107] AriaExecutor 6 exits. 
I1126 15:18:12.667214 999595 AriaExecutor.h:107] AriaExecutor 0 exits. 
I1126 15:18:12.667215 999599 AriaExecutor.h:107] AriaExecutor 4 exits. 
I1126 15:18:12.667212 999607 Manager.h:227] Manager(worker id = 12) on the coordinator node exits.
I1126 15:18:12.667227 999606 AriaExecutor.h:107] AriaExecutor 11 exits. 
I1126 15:18:12.667227 999600 AriaExecutor.h:107] AriaExecutor 5 exits. 
I1126 15:18:12.667228 999604 AriaExecutor.h:107] AriaExecutor 9 exits. 
I1126 15:18:12.667228 999602 AriaExecutor.h:107] AriaExecutor 7 exits. 
I1126 15:18:12.667229 999598 AriaExecutor.h:107] AriaExecutor 3 exits. 
I1126 15:18:12.667213 999597 AriaExecutor.h:107] AriaExecutor 2 exits. 
I1126 15:18:12.660352 999579 AriaExecutor.h:705] Worker 0 latency: 6017 us (50%) 6458 us (75%) 6770 us (95%) 6878 us (99%).
I1126 15:18:12.740592 999579 AriaExecutor.h:705] Worker 1 latency: 6011 us (50%) 6456 us (75%) 6771 us (95%) 6878 us (99%).
I1126 15:18:12.830085 999579 AriaExecutor.h:705] Worker 2 latency: 6027 us (50%) 6461 us (75%) 6769 us (95%) 6876 us (99%).
I1126 15:18:12.909698 999579 AriaExecutor.h:705] Worker 3 latency: 6009 us (50%) 6455 us (75%) 6770 us (95%) 6877 us (99%).
I1126 15:18:12.999647 999579 AriaExecutor.h:705] Worker 4 latency: 6018 us (50%) 6458 us (75%) 6770 us (95%) 6878 us (99%).
I1126 15:18:13.078883 999579 AriaExecutor.h:705] Worker 5 latency: 6010 us (50%) 6455 us (75%) 6770 us (95%) 6878 us (99%).
I1126 15:18:13.168076 999579 AriaExecutor.h:705] Worker 6 latency: 6026 us (50%) 6461 us (75%) 6769 us (95%) 6876 us (99%).
I1126 15:18:13.247702 999579 AriaExecutor.h:705] Worker 7 latency: 6006 us (50%) 6454 us (75%) 6770 us (95%) 6878 us (99%).
I1126 15:18:13.336747 999579 AriaExecutor.h:705] Worker 8 latency: 6021 us (50%) 6460 us (75%) 6769 us (95%) 6875 us (99%).
I1126 15:18:13.416904 999579 AriaExecutor.h:705] Worker 9 latency: 6009 us (50%) 6454 us (75%) 6768 us (95%) 6874 us (99%).
I1126 15:18:13.506361 999579 AriaExecutor.h:705] Worker 10 latency: 6025 us (50%) 6461 us (75%) 6769 us (95%) 6877 us (99%).
I1126 15:18:13.584776 999579 AriaExecutor.h:705] Worker 11 latency: 6007 us (50%) 6454 us (75%) 6770 us (95%) 6877 us (99%).
I1126 15:18:13.672632 999579 Coordinator.h:177] total commit: 957648
I1126 15:18:14.672744 999579 Coordinator.h:192] Coordinator exits.
