I1126 13:40:25.205348 941162 Database.h:65] ycsb initialization finished in 30 milliseconds.
I1126 13:40:25.205438 941162 Coordinator.h:30] Coordinator initializes 12 workers.
I1126 13:40:25.277518 941162 Coordinator.h:77] Coordinator starts to run 13 workers.
I1126 13:40:25.277576 941184 AriaExecutor.h:82] AriaExecutor 0 started. 
I1126 13:40:25.277603 941185 AriaExecutor.h:82] AriaExecutor 1 started. 
I1126 13:40:25.277639 941186 AriaExecutor.h:82] AriaExecutor 2 started. 
I1126 13:40:25.277693 941187 AriaExecutor.h:82] AriaExecutor 3 started. 
I1126 13:40:25.277755 941189 AriaExecutor.h:82] AriaExecutor 5 started. 
I1126 13:40:25.277801 941190 AriaExecutor.h:82] AriaExecutor 6 started. 
I1126 13:40:25.277843 941191 AriaExecutor.h:82] AriaExecutor 7 started. 
I1126 13:40:25.277879 941192 AriaExecutor.h:82] AriaExecutor 8 started. 
I1126 13:40:25.277932 941193 AriaExecutor.h:82] AriaExecutor 9 started. 
I1126 13:40:25.277969 941194 AriaExecutor.h:82] AriaExecutor 10 started. 
I1126 13:40:25.278016 941195 AriaExecutor.h:82] AriaExecutor 11 started. 
I1126 13:40:25.278049 941188 AriaExecutor.h:82] AriaExecutor 4 started. 
I1126 13:40:25.278052 941196 Manager.h:224] Manager(worker id = 12) on the coordinator node started.
I1126 13:40:26.278124 941162 Coordinator.h:126] commit: 3224 abort: 216776 (0/216776/0), network size: 0, avg network size: 0, si_in_serializable: 0 0 %, local: 0 %
I1126 13:40:27.278252 941162 Coordinator.h:126] commit: 3187 abort: 216813 (0/216813/0), network size: 0, avg network size: 0, si_in_serializable: 0 0 %, local: 0 %
I1126 13:40:28.278383 941162 Coordinator.h:126] commit: 3369 abort: 226631 (0/226631/0), network size: 0, avg network size: 0, si_in_serializable: 0 0 %, local: 0 %
I1126 13:40:29.278496 941162 Coordinator.h:126] commit: 3418 abort: 226582 (0/226582/0), network size: 0, avg network size: 0, si_in_serializable: 0 0 %, local: 0 %
I1126 13:40:30.278586 941162 Coordinator.h:126] commit: 3367 abort: 226633 (0/226633/0), network size: 0, avg network size: 0, si_in_serializable: 0 0 %, local: 0 %
I1126 13:40:31.278681 941162 Coordinator.h:126] commit: 3327 abort: 226673 (0/226673/0), network size: 0, avg network size: 0, si_in_serializable: 0 0 %, local: 0 %
I1126 13:40:32.278784 941162 Coordinator.h:126] commit: 3151 abort: 216849 (0/216849/0), network size: 0, avg network size: 0, si_in_serializable: 0 0 %, local: 0 %
I1126 13:40:33.278885 941162 Coordinator.h:126] commit: 3407 abort: 226593 (0/226593/0), network size: 0, avg network size: 0, si_in_serializable: 0 0 %, local: 0 %
I1126 13:40:34.278975 941162 Coordinator.h:126] commit: 3436 abort: 226564 (0/226564/0), network size: 0, avg network size: 0, si_in_serializable: 0 0 %, local: 0 %
I1126 13:40:35.279078 941162 Coordinator.h:126] commit: 3381 abort: 226619 (0/226619/0), network size: 0, avg network size: 0, si_in_serializable: 0 0 %, local: 0 %
I1126 13:40:36.279176 941162 Coordinator.h:126] commit: 3389 abort: 226611 (0/226611/0), network size: 0, avg network size: 0, si_in_serializable: 0 0 %, local: 0 %
I1126 13:40:37.279295 941162 Coordinator.h:126] commit: 3253 abort: 216747 (0/216747/0), network size: 0, avg network size: 0, si_in_serializable: 0 0 %, local: 0 %
I1126 13:40:38.279408 941162 Coordinator.h:126] commit: 3401 abort: 226599 (0/226599/0), network size: 0, avg network size: 0, si_in_serializable: 0 0 %, local: 0 %
I1126 13:40:39.279505 941162 Coordinator.h:126] commit: 3395 abort: 226605 (0/226605/0), network size: 0, avg network size: 0, si_in_serializable: 0 0 %, local: 0 %
I1126 13:40:40.279605 941162 Coordinator.h:126] commit: 3421 abort: 226579 (0/226579/0), network size: 0, avg network size: 0, si_in_serializable: 0 0 %, local: 0 %
I1126 13:40:41.279692 941162 Coordinator.h:126] commit: 3420 abort: 226580 (0/226580/0), network size: 0, avg network size: 0, si_in_serializable: 0 0 %, local: 0 %
I1126 13:40:42.279784 941162 Coordinator.h:126] commit: 3406 abort: 226594 (0/226594/0), network size: 0, avg network size: 0, si_in_serializable: 0 0 %, local: 0 %
I1126 13:40:43.279863 941162 Coordinator.h:126] commit: 3258 abort: 216742 (0/216742/0), network size: 0, avg network size: 0, si_in_serializable: 0 0 %, local: 0 %
I1126 13:40:44.279943 941162 Coordinator.h:126] commit: 3350 abort: 226650 (0/226650/0), network size: 0, avg network size: 0, si_in_serializable: 0 0 %, local: 0 %
I1126 13:40:45.280050 941162 Coordinator.h:126] commit: 3408 abort: 226592 (0/226592/0), network size: 0, avg network size: 0, si_in_serializable: 0 0 %, local: 0 %
I1126 13:40:46.280143 941162 Coordinator.h:126] commit: 3439 abort: 226561 (0/226561/0), network size: 0, avg network size: 0, si_in_serializable: 0 0 %, local: 0 %
I1126 13:40:47.280233 941162 Coordinator.h:126] commit: 3250 abort: 226750 (0/226750/0), network size: 0, avg network size: 0, si_in_serializable: 0 0 %, local: 0 %
I1126 13:40:48.280324 941162 Coordinator.h:126] commit: 3337 abort: 226663 (0/226663/0), network size: 0, avg network size: 0, si_in_serializable: 0 0 %, local: 0 %
I1126 13:40:49.280431 941162 Coordinator.h:126] commit: 3315 abort: 226685 (0/226685/0), network size: 0, avg network size: 0, si_in_serializable: 0 0 %, local: 0 %
I1126 13:40:50.280519 941162 Coordinator.h:126] commit: 3369 abort: 226631 (0/226631/0), network size: 0, avg network size: 0, si_in_serializable: 0 0 %, local: 0 %
I1126 13:40:50.280550 941162 Coordinator.h:152] average commit: 3370.1 abort: 224630 (0/224630/0), network size: 0, avg network size: 0, si_in_serializable: 0 0 %, local: 0 %
I1126 13:40:50.280557 941162 AriaExecutor.h:535] Worker 0 latency: 43121 us (50%) 43369 us (75%) 44586 us (95%) 52399 us (99%).
I1126 13:40:50.298215 941194 AriaExecutor.h:94] AriaExecutor 10 exits. 
I1126 13:40:50.298228 941187 AriaExecutor.h:94] AriaExecutor 3 exits. 
I1126 13:40:50.298215 941186 AriaExecutor.h:94] AriaExecutor 2 exits. 
I1126 13:40:50.298215 941192 AriaExecutor.h:94] AriaExecutor 8 exits. 
I1126 13:40:50.298218 941196 Manager.h:227] Manager(worker id = 12) on the coordinator node exits.
I1126 13:40:50.298218 941184 AriaExecutor.h:94] AriaExecutor 0 exits. 
I1126 13:40:50.298219 941190 AriaExecutor.h:94] AriaExecutor 6 exits. 
I1126 13:40:50.298228 941195 AriaExecutor.h:94] AriaExecutor 11 exits. 
I1126 13:40:50.298228 941193 AriaExecutor.h:94] AriaExecutor 9 exits. 
I1126 13:40:50.298228 941191 AriaExecutor.h:94] AriaExecutor 7 exits. 
I1126 13:40:50.298228 941189 AriaExecutor.h:94] AriaExecutor 5 exits. 
I1126 13:40:50.298229 941185 AriaExecutor.h:94] AriaExecutor 1 exits. 
I1126 13:40:50.298215 941188 AriaExecutor.h:94] AriaExecutor 4 exits. 
I1126 13:40:50.298405 941162 AriaExecutor.h:535] Worker 1 latency: 43102 us (50%) 43344 us (75%) 44570 us (95%) 52539 us (99%).
I1126 13:40:50.298920 941162 AriaExecutor.h:535] Worker 2 latency: 43115 us (50%) 43367 us (75%) 44556 us (95%) 50482 us (99%).
I1126 13:40:50.299314 941162 AriaExecutor.h:535] Worker 3 latency: 43100 us (50%) 43343 us (75%) 44518 us (95%) 50034 us (99%).
I1126 13:40:50.299731 941162 AriaExecutor.h:535] Worker 4 latency: 43117 us (50%) 43368 us (75%) 44540 us (95%) 50519 us (99%).
I1126 13:40:50.300137 941162 AriaExecutor.h:535] Worker 5 latency: 43107 us (50%) 43346 us (75%) 44529 us (95%) 50489 us (99%).
I1126 13:40:50.300561 941162 AriaExecutor.h:535] Worker 6 latency: 43103 us (50%) 43364 us (75%) 44578 us (95%) 52550 us (99%).
I1126 13:40:50.300951 941162 AriaExecutor.h:535] Worker 7 latency: 43097 us (50%) 43334 us (75%) 44500 us (95%) 50128 us (99%).
I1126 13:40:50.301359 941162 AriaExecutor.h:535] Worker 8 latency: 43110 us (50%) 43370 us (75%) 44556 us (95%) 52573 us (99%).
I1126 13:40:50.301735 941162 AriaExecutor.h:535] Worker 9 latency: 43100 us (50%) 43344 us (75%) 44548 us (95%) 51136 us (99%).
I1126 13:40:50.302132 941162 AriaExecutor.h:535] Worker 10 latency: 43107 us (50%) 43355 us (75%) 44564 us (95%) 52429 us (99%).
I1126 13:40:50.302510 941162 AriaExecutor.h:535] Worker 11 latency: 43097 us (50%) 43349 us (75%) 44571 us (95%) 52387 us (99%).
I1126 13:40:50.302914 941162 Coordinator.h:177] total commit: 3370.1
I1126 13:40:51.303017 941162 Coordinator.h:192] Coordinator exits.
