I1126 13:49:15.403100 946547 Database.h:65] ycsb initialization finished in 30 milliseconds.
I1126 13:49:15.403201 946547 Coordinator.h:30] Coordinator initializes 12 workers.
I1126 13:49:15.475308 946547 Coordinator.h:77] Coordinator starts to run 13 workers.
I1126 13:49:15.475409 946563 AriaExecutor.h:82] AriaExecutor 0 started. 
I1126 13:49:15.475421 946564 AriaExecutor.h:82] AriaExecutor 1 started. 
I1126 13:49:15.475484 946565 AriaExecutor.h:82] AriaExecutor 2 started. 
I1126 13:49:15.475513 946566 AriaExecutor.h:82] AriaExecutor 3 started. 
I1126 13:49:15.475555 946567 AriaExecutor.h:82] AriaExecutor 4 started. 
I1126 13:49:15.475589 946568 AriaExecutor.h:82] AriaExecutor 5 started. 
I1126 13:49:15.475613 946569 AriaExecutor.h:82] AriaExecutor 6 started. 
I1126 13:49:15.475642 946570 AriaExecutor.h:82] AriaExecutor 7 started. 
I1126 13:49:15.475678 946571 AriaExecutor.h:82] AriaExecutor 8 started. 
I1126 13:49:15.475709 946572 AriaExecutor.h:82] AriaExecutor 9 started. 
I1126 13:49:15.475745 946573 AriaExecutor.h:82] AriaExecutor 10 started. 
I1126 13:49:15.475771 946574 AriaExecutor.h:82] AriaExecutor 11 started. 
I1126 13:49:15.475807 946575 Manager.h:224] Manager(worker id = 12) on the coordinator node started.
I1126 13:49:16.475864 946547 Coordinator.h:126] commit: 76 abort: 149924 (0/149924/0), network size: 0, avg network size: 0, si_in_serializable: 0 0 %, local: 0 %
I1126 13:49:17.475996 946547 Coordinator.h:126] commit: 89 abort: 169911 (0/169911/0), network size: 0, avg network size: 0, si_in_serializable: 0 0 %, local: 0 %
I1126 13:49:18.476148 946547 Coordinator.h:126] commit: 82 abort: 159918 (0/159918/0), network size: 0, avg network size: 0, si_in_serializable: 0 0 %, local: 0 %
I1126 13:49:19.476253 946547 Coordinator.h:126] commit: 87 abort: 159913 (0/159913/0), network size: 0, avg network size: 0, si_in_serializable: 0 0 %, local: 0 %
I1126 13:49:20.476333 946547 Coordinator.h:126] commit: 80 abort: 169920 (0/169920/0), network size: 0, avg network size: 0, si_in_serializable: 0 0 %, local: 0 %
I1126 13:49:21.476415 946547 Coordinator.h:126] commit: 76 abort: 159924 (0/159924/0), network size: 0, avg network size: 0, si_in_serializable: 0 0 %, local: 0 %
I1126 13:49:22.476517 946547 Coordinator.h:126] commit: 85 abort: 169915 (0/169915/0), network size: 0, avg network size: 0, si_in_serializable: 0 0 %, local: 0 %
I1126 13:49:23.476604 946547 Coordinator.h:126] commit: 79 abort: 169921 (0/169921/0), network size: 0, avg network size: 0, si_in_serializable: 0 0 %, local: 0 %
I1126 13:49:24.476683 946547 Coordinator.h:126] commit: 74 abort: 159926 (0/159926/0), network size: 0, avg network size: 0, si_in_serializable: 0 0 %, local: 0 %
I1126 13:49:25.476759 946547 Coordinator.h:126] commit: 85 abort: 169915 (0/169915/0), network size: 0, avg network size: 0, si_in_serializable: 0 0 %, local: 0 %
I1126 13:49:26.476842 946547 Coordinator.h:126] commit: 87 abort: 169913 (0/169913/0), network size: 0, avg network size: 0, si_in_serializable: 0 0 %, local: 0 %
I1126 13:49:27.476927 946547 Coordinator.h:126] commit: 72 abort: 159928 (0/159928/0), network size: 0, avg network size: 0, si_in_serializable: 0 0 %, local: 0 %
I1126 13:49:28.477005 946547 Coordinator.h:126] commit: 74 abort: 169926 (0/169926/0), network size: 0, avg network size: 0, si_in_serializable: 0 0 %, local: 0 %
I1126 13:49:29.477110 946547 Coordinator.h:126] commit: 91 abort: 169909 (0/169909/0), network size: 0, avg network size: 0, si_in_serializable: 0 0 %, local: 0 %
I1126 13:49:30.477190 946547 Coordinator.h:126] commit: 69 abort: 159931 (0/159931/0), network size: 0, avg network size: 0, si_in_serializable: 0 0 %, local: 0 %
I1126 13:49:31.477270 946547 Coordinator.h:126] commit: 76 abort: 169924 (0/169924/0), network size: 0, avg network size: 0, si_in_serializable: 0 0 %, local: 0 %
I1126 13:49:32.477351 946547 Coordinator.h:126] commit: 79 abort: 169921 (0/169921/0), network size: 0, avg network size: 0, si_in_serializable: 0 0 %, local: 0 %
I1126 13:49:33.477432 946547 Coordinator.h:126] commit: 85 abort: 159915 (0/159915/0), network size: 0, avg network size: 0, si_in_serializable: 0 0 %, local: 0 %
I1126 13:49:34.477509 946547 Coordinator.h:126] commit: 91 abort: 169909 (0/169909/0), network size: 0, avg network size: 0, si_in_serializable: 0 0 %, local: 0 %
I1126 13:49:35.477589 946547 Coordinator.h:126] commit: 80 abort: 169920 (0/169920/0), network size: 0, avg network size: 0, si_in_serializable: 0 0 %, local: 0 %
I1126 13:49:36.477690 946547 Coordinator.h:126] commit: 74 abort: 159926 (0/159926/0), network size: 0, avg network size: 0, si_in_serializable: 0 0 %, local: 0 %
I1126 13:49:37.477774 946547 Coordinator.h:126] commit: 73 abort: 169927 (0/169927/0), network size: 0, avg network size: 0, si_in_serializable: 0 0 %, local: 0 %
I1126 13:49:38.477847 946547 Coordinator.h:126] commit: 70 abort: 159930 (0/159930/0), network size: 0, avg network size: 0, si_in_serializable: 0 0 %, local: 0 %
I1126 13:49:39.477921 946547 Coordinator.h:126] commit: 91 abort: 169909 (0/169909/0), network size: 0, avg network size: 0, si_in_serializable: 0 0 %, local: 0 %
I1126 13:49:40.477995 946547 Coordinator.h:126] commit: 83 abort: 159917 (0/159917/0), network size: 0, avg network size: 0, si_in_serializable: 0 0 %, local: 0 %
I1126 13:49:40.478005 946547 Coordinator.h:152] average commit: 80.4 abort: 166920 (0/166920/0), network size: 0, avg network size: 0, si_in_serializable: 0 0 %, local: 0 %
I1126 13:49:40.478016 946547 AriaExecutor.h:535] Worker 0 latency: 59999 us (50%) 60320 us (75%) 61679 us (95%) 68618 us (99%).
I1126 13:49:40.493213 946572 AriaExecutor.h:94] AriaExecutor 9 exits. 
I1126 13:49:40.493213 946568 AriaExecutor.h:94] AriaExecutor 5 exits. 
I1126 13:49:40.493213 946570 AriaExecutor.h:94] AriaExecutor 7 exits. 
I1126 13:49:40.493213 946574 AriaExecutor.h:94] AriaExecutor 11 exits. 
I1126 13:49:40.493213 946566 AriaExecutor.h:94] AriaExecutor 3 exits. 
I1126 13:49:40.493213 946563 AriaExecutor.h:94] AriaExecutor 0 exits. 
I1126 13:49:40.493218 946571 AriaExecutor.h:94] AriaExecutor 8 exits. 
I1126 13:49:40.493218 946573 AriaExecutor.h:94] AriaExecutor 10 exits. 
I1126 13:49:40.493218 946565 AriaExecutor.h:94] AriaExecutor 2 exits. 
I1126 13:49:40.493225 946575 Manager.h:227] Manager(worker id = 12) on the coordinator node exits.
I1126 13:49:40.493218 946567 AriaExecutor.h:94] AriaExecutor 4 exits. 
I1126 13:49:40.493219 946569 AriaExecutor.h:94] AriaExecutor 6 exits. 
I1126 13:49:40.493225 946564 AriaExecutor.h:94] AriaExecutor 1 exits. 
I1126 13:49:40.493603 946547 AriaExecutor.h:535] Worker 1 latency: 60006 us (50%) 60339 us (75%) 62062 us (95%) 69151 us (99%).
I1126 13:49:40.493624 946547 AriaExecutor.h:535] Worker 2 latency: 59984 us (50%) 60305 us (75%) 61619 us (95%) 69205 us (99%).
I1126 13:49:40.493638 946547 AriaExecutor.h:535] Worker 3 latency: 59943 us (50%) 60211 us (75%) 62234 us (95%) 69080 us (99%).
I1126 13:49:40.493649 946547 AriaExecutor.h:535] Worker 4 latency: 59998 us (50%) 60367 us (75%) 61977 us (95%) 73265 us (99%).
I1126 13:49:40.493695 946547 AriaExecutor.h:535] Worker 5 latency: 59990 us (50%) 60268 us (75%) 62153 us (95%) 69086 us (99%).
I1126 13:49:40.493714 946547 AriaExecutor.h:535] Worker 6 latency: 59922 us (50%) 60267 us (75%) 61549 us (95%) 68123 us (99%).
I1126 13:49:40.493734 946547 AriaExecutor.h:535] Worker 7 latency: 59953 us (50%) 60246 us (75%) 62181 us (95%) 65109 us (99%).
I1126 13:49:40.493750 946547 AriaExecutor.h:535] Worker 8 latency: 60038 us (50%) 60337 us (75%) 61887 us (95%) 65156 us (99%).
I1126 13:49:40.493767 946547 AriaExecutor.h:535] Worker 9 latency: 59950 us (50%) 60365 us (75%) 61741 us (95%) 69783 us (99%).
I1126 13:49:40.493779 946547 AriaExecutor.h:535] Worker 10 latency: 59946 us (50%) 60463 us (75%) 67180 us (95%) 74932 us (99%).
I1126 13:49:40.493795 946547 AriaExecutor.h:535] Worker 11 latency: 59894 us (50%) 60238 us (75%) 66927 us (95%) 75060 us (99%).
I1126 13:49:40.493819 946547 Coordinator.h:177] total commit: 80.4
I1126 13:49:41.493937 946547 Coordinator.h:192] Coordinator exits.
