I1126 14:12:46.141763 960833 Database.h:65] ycsb initialization finished in 30 milliseconds.
I1126 14:12:46.141861 960833 Coordinator.h:30] Coordinator initializes 12 workers.
I1126 14:12:46.148701 960833 Coordinator.h:77] Coordinator starts to run 13 workers.
I1126 14:12:46.148754 960849 AriaExecutor.h:91] AriaExecutor 0 started. 
I1126 14:12:46.148783 960850 AriaExecutor.h:91] AriaExecutor 1 started. 
I1126 14:12:46.148824 960851 AriaExecutor.h:91] AriaExecutor 2 started. 
I1126 14:12:46.148880 960852 AriaExecutor.h:91] AriaExecutor 3 started. 
I1126 14:12:46.148963 960854 AriaExecutor.h:91] AriaExecutor 5 started. 
I1126 14:12:46.149006 960855 AriaExecutor.h:91] AriaExecutor 6 started. 
I1126 14:12:46.149039 960856 AriaExecutor.h:91] AriaExecutor 7 started. 
I1126 14:12:46.149080 960857 AriaExecutor.h:91] AriaExecutor 8 started. 
I1126 14:12:46.149128 960858 AriaExecutor.h:91] AriaExecutor 9 started. 
I1126 14:12:46.149163 960859 AriaExecutor.h:91] AriaExecutor 10 started. 
I1126 14:12:46.149207 960860 AriaExecutor.h:91] AriaExecutor 11 started. 
I1126 14:12:46.149246 960853 AriaExecutor.h:91] AriaExecutor 4 started. 
I1126 14:12:46.149250 960861 Manager.h:224] Manager(worker id = 12) on the coordinator node started.
I1126 14:12:47.149317 960833 Coordinator.h:126] commit: 1689071 abort: 180929 (0/180929/0), network size: 0, avg network size: 0, si_in_serializable: 0 0 %, local: 0 %
I1126 14:12:48.149428 960833 Coordinator.h:126] commit: 1670050 abort: 179950 (0/179950/0), network size: 0, avg network size: 0, si_in_serializable: 0 0 %, local: 0 %
I1126 14:12:49.149525 960833 Coordinator.h:126] commit: 1688336 abort: 181664 (0/181664/0), network size: 0, avg network size: 0, si_in_serializable: 0 0 %, local: 0 %
I1126 14:12:50.149619 960833 Coordinator.h:126] commit: 1688503 abort: 181497 (0/181497/0), network size: 0, avg network size: 0, si_in_serializable: 0 0 %, local: 0 %
I1126 14:12:51.149724 960833 Coordinator.h:126] commit: 1705875 abort: 184125 (0/184125/0), network size: 0, avg network size: 0, si_in_serializable: 0 0 %, local: 0 %
I1126 14:12:52.149821 960833 Coordinator.h:126] commit: 1706782 abort: 183218 (0/183218/0), network size: 0, avg network size: 0, si_in_serializable: 0 0 %, local: 0 %
I1126 14:12:53.149899 960833 Coordinator.h:126] commit: 1679064 abort: 180936 (0/180936/0), network size: 0, avg network size: 0, si_in_serializable: 0 0 %, local: 0 %
I1126 14:12:54.149981 960833 Coordinator.h:126] commit: 1660851 abort: 179149 (0/179149/0), network size: 0, avg network size: 0, si_in_serializable: 0 0 %, local: 0 %
I1126 14:12:55.150103 960833 Coordinator.h:126] commit: 1688357 abort: 181643 (0/181643/0), network size: 0, avg network size: 0, si_in_serializable: 0 0 %, local: 0 %
I1126 14:12:56.150208 960833 Coordinator.h:126] commit: 1697927 abort: 182073 (0/182073/0), network size: 0, avg network size: 0, si_in_serializable: 0 0 %, local: 0 %
I1126 14:12:57.150300 960833 Coordinator.h:126] commit: 1706972 abort: 183028 (0/183028/0), network size: 0, avg network size: 0, si_in_serializable: 0 0 %, local: 0 %
I1126 14:12:58.150396 960833 Coordinator.h:126] commit: 1697456 abort: 182544 (0/182544/0), network size: 0, avg network size: 0, si_in_serializable: 0 0 %, local: 0 %
I1126 14:12:59.150471 960833 Coordinator.h:126] commit: 1706679 abort: 183321 (0/183321/0), network size: 0, avg network size: 0, si_in_serializable: 0 0 %, local: 0 %
I1126 14:13:00.150553 960833 Coordinator.h:126] commit: 1696646 abort: 183354 (0/183354/0), network size: 0, avg network size: 0, si_in_serializable: 0 0 %, local: 0 %
I1126 14:13:01.150672 960833 Coordinator.h:126] commit: 1595883 abort: 170308 (0/170308/0), network size: 0, avg network size: 0, si_in_serializable: 0 0 %, local: 0 %
I1126 14:13:02.150758 960833 Coordinator.h:126] commit: 1700291 abort: 183518 (0/183518/0), network size: 0, avg network size: 0, si_in_serializable: 0 0 %, local: 0 %
I1126 14:13:03.150835 960833 Coordinator.h:126] commit: 1701432 abort: 182093 (0/182093/0), network size: 0, avg network size: 0, si_in_serializable: 0 0 %, local: 0 %
I1126 14:13:04.150913 960833 Coordinator.h:126] commit: 1702801 abort: 183674 (0/183674/0), network size: 0, avg network size: 0, si_in_serializable: 0 0 %, local: 0 %
I1126 14:13:05.151026 960833 Coordinator.h:126] commit: 1669476 abort: 180524 (0/180524/0), network size: 0, avg network size: 0, si_in_serializable: 0 0 %, local: 0 %
I1126 14:13:06.151126 960833 Coordinator.h:126] commit: 1696703 abort: 183297 (0/183297/0), network size: 0, avg network size: 0, si_in_serializable: 0 0 %, local: 0 %
I1126 14:13:07.151222 960833 Coordinator.h:126] commit: 1702691 abort: 182819 (0/182819/0), network size: 0, avg network size: 0, si_in_serializable: 0 0 %, local: 0 %
I1126 14:13:08.151316 960833 Coordinator.h:126] commit: 1701129 abort: 183361 (0/183361/0), network size: 0, avg network size: 0, si_in_serializable: 0 0 %, local: 0 %
I1126 14:13:09.151392 960833 Coordinator.h:126] commit: 1706912 abort: 183088 (0/183088/0), network size: 0, avg network size: 0, si_in_serializable: 0 0 %, local: 0 %
I1126 14:13:10.151473 960833 Coordinator.h:126] commit: 1697488 abort: 182512 (0/182512/0), network size: 0, avg network size: 0, si_in_serializable: 0 0 %, local: 0 %
I1126 14:13:11.151566 960833 Coordinator.h:126] commit: 1697745 abort: 182255 (0/182255/0), network size: 0, avg network size: 0, si_in_serializable: 0 0 %, local: 0 %
I1126 14:13:11.151589 960833 Coordinator.h:152] average commit: 1.68743e+06 abort: 181566 (0/181566/0), network size: 0, avg network size: 0, si_in_serializable: 0 0 %, local: 0 %
I1126 14:13:11.152866 960855 AriaExecutor.h:103] AriaExecutor 6 exits. 
I1126 14:13:11.152871 960849 AriaExecutor.h:103] AriaExecutor 0 exits. 
I1126 14:13:11.152868 960861 Manager.h:227] Manager(worker id = 12) on the coordinator node exits.
I1126 14:13:11.152868 960851 AriaExecutor.h:103] AriaExecutor 2 exits. 
I1126 14:13:11.152869 960859 AriaExecutor.h:103] AriaExecutor 10 exits. 
I1126 14:13:11.152871 960857 AriaExecutor.h:103] AriaExecutor 8 exits. 
I1126 14:13:11.152881 960860 AriaExecutor.h:103] AriaExecutor 11 exits. 
I1126 14:13:11.152881 960854 AriaExecutor.h:103] AriaExecutor 5 exits. 
I1126 14:13:11.152881 960856 AriaExecutor.h:103] AriaExecutor 7 exits. 
I1126 14:13:11.152881 960858 AriaExecutor.h:103] AriaExecutor 9 exits. 
I1126 14:13:11.152881 960850 AriaExecutor.h:103] AriaExecutor 1 exits. 
I1126 14:13:11.152866 960853 AriaExecutor.h:103] AriaExecutor 4 exits. 
I1126 14:13:11.152881 960852 AriaExecutor.h:103] AriaExecutor 3 exits. 
I1126 14:13:11.151598 960833 AriaExecutor.h:649] Worker 0 latency: 3708 us (50%) 4219 us (75%) 4618 us (95%) 4720 us (99%).
I1126 14:13:11.283290 960833 AriaExecutor.h:649] Worker 1 latency: 3714 us (50%) 4223 us (75%) 4621 us (95%) 4722 us (99%).
I1126 14:13:11.412595 960833 AriaExecutor.h:649] Worker 2 latency: 3727 us (50%) 4227 us (75%) 4617 us (95%) 4717 us (99%).
I1126 14:13:11.541008 960833 AriaExecutor.h:649] Worker 3 latency: 3713 us (50%) 4224 us (75%) 4622 us (95%) 4723 us (99%).
I1126 14:13:11.672255 960833 AriaExecutor.h:649] Worker 4 latency: 3715 us (50%) 4221 us (75%) 4617 us (95%) 4719 us (99%).
I1126 14:13:11.802515 960833 AriaExecutor.h:649] Worker 5 latency: 3722 us (50%) 4227 us (75%) 4621 us (95%) 4721 us (99%).
I1126 14:13:11.932610 960833 AriaExecutor.h:649] Worker 6 latency: 3721 us (50%) 4225 us (75%) 4617 us (95%) 4717 us (99%).
I1126 14:13:12.062896 960833 AriaExecutor.h:649] Worker 7 latency: 3715 us (50%) 4225 us (75%) 4621 us (95%) 4722 us (99%).
I1126 14:13:12.193529 960833 AriaExecutor.h:649] Worker 8 latency: 3712 us (50%) 4221 us (75%) 4617 us (95%) 4718 us (99%).
I1126 14:13:12.323612 960833 AriaExecutor.h:649] Worker 9 latency: 3722 us (50%) 4228 us (75%) 4622 us (95%) 4723 us (99%).
I1126 14:13:12.454668 960833 AriaExecutor.h:649] Worker 10 latency: 3720 us (50%) 4225 us (75%) 4618 us (95%) 4718 us (99%).
I1126 14:13:12.583936 960833 AriaExecutor.h:649] Worker 11 latency: 3725 us (50%) 4231 us (75%) 4625 us (95%) 4725 us (99%).
I1126 14:13:12.715658 960833 Coordinator.h:177] total commit: 1.68743e+06
I1126 14:13:13.715776 960833 Coordinator.h:192] Coordinator exits.
