I0911 23:38:27.918984 2948877 Database.h:65] ycsb initialization finished in 145 milliseconds.
I0911 23:38:27.919103 2948877 Coordinator.h:30] Coordinator initializes 16 workers.
I0911 23:38:28.038842 2948877 Coordinator.h:77] Coordinator starts to run 17 workers.
I0911 23:38:28.038911 2948898 AriaExecutor.h:82] AriaExecutor 0 started. 
I0911 23:38:28.038940 2948899 AriaExecutor.h:82] AriaExecutor 1 started. 
I0911 23:38:28.038988 2948900 AriaExecutor.h:82] AriaExecutor 2 started. 
I0911 23:38:28.039032 2948901 AriaExecutor.h:82] AriaExecutor 3 started. 
I0911 23:38:28.039064 2948902 AriaExecutor.h:82] AriaExecutor 4 started. 
I0911 23:38:28.039113 2948903 AriaExecutor.h:82] AriaExecutor 5 started. 
I0911 23:38:28.039145 2948904 AriaExecutor.h:82] AriaExecutor 6 started. 
I0911 23:38:28.039186 2948905 AriaExecutor.h:82] AriaExecutor 7 started. 
I0911 23:38:28.039220 2948906 AriaExecutor.h:82] AriaExecutor 8 started. 
I0911 23:38:28.039260 2948907 AriaExecutor.h:82] AriaExecutor 9 started. 
I0911 23:38:28.039295 2948908 AriaExecutor.h:82] AriaExecutor 10 started. 
I0911 23:38:28.039347 2948909 AriaExecutor.h:82] AriaExecutor 11 started. 
I0911 23:38:28.039383 2948910 AriaExecutor.h:82] AriaExecutor 12 started. 
I0911 23:38:28.039426 2948911 AriaExecutor.h:82] AriaExecutor 13 started. 
I0911 23:38:28.039463 2948912 AriaExecutor.h:82] AriaExecutor 14 started. 
I0911 23:38:28.039510 2948913 AriaExecutor.h:82] AriaExecutor 15 started. 
I0911 23:38:28.039547 2948914 Manager.h:224] Manager(worker id = 16) on the coordinator node started.
I0911 23:38:29.039611 2948877 Coordinator.h:126] commit: 788152 abort: 87241 (0/87241/0), network size: 0, avg network size: 0, si_in_serializable: 0 0 %, local: 0 %
I0911 23:38:30.039741 2948877 Coordinator.h:126] commit: 795484 abort: 89123 (0/89123/0), network size: 0, avg network size: 0, si_in_serializable: 0 0 %, local: 0 %
I0911 23:38:31.039824 2948877 Coordinator.h:126] commit: 805900 abort: 90100 (0/90100/0), network size: 0, avg network size: 0, si_in_serializable: 0 0 %, local: 0 %
I0911 23:38:32.039912 2948877 Coordinator.h:126] commit: 776981 abort: 87019 (0/87019/0), network size: 0, avg network size: 0, si_in_serializable: 0 0 %, local: 0 %
I0911 23:38:33.039994 2948877 Coordinator.h:126] commit: 805841 abort: 90159 (0/90159/0), network size: 0, avg network size: 0, si_in_serializable: 0 0 %, local: 0 %
I0911 23:38:34.040099 2948877 Coordinator.h:126] commit: 819772 abort: 92228 (0/92228/0), network size: 0, avg network size: 0, si_in_serializable: 0 0 %, local: 0 %
I0911 23:38:35.040190 2948877 Coordinator.h:126] commit: 820153 abort: 91847 (0/91847/0), network size: 0, avg network size: 0, si_in_serializable: 0 0 %, local: 0 %
I0911 23:38:36.040264 2948877 Coordinator.h:126] commit: 834675 abort: 93325 (0/93325/0), network size: 0, avg network size: 0, si_in_serializable: 0 0 %, local: 0 %
I0911 23:38:37.040341 2948877 Coordinator.h:126] commit: 820459 abort: 91541 (0/91541/0), network size: 0, avg network size: 0, si_in_serializable: 0 0 %, local: 0 %
I0911 23:38:38.040417 2948877 Coordinator.h:126] commit: 820283 abort: 91717 (0/91717/0), network size: 0, avg network size: 0, si_in_serializable: 0 0 %, local: 0 %
I0911 23:38:39.040498 2948877 Coordinator.h:126] commit: 798430 abort: 89144 (0/89144/0), network size: 0, avg network size: 0, si_in_serializable: 0 0 %, local: 0 %
I0911 23:38:40.040580 2948877 Coordinator.h:126] commit: 798769 abort: 89657 (0/89657/0), network size: 0, avg network size: 0, si_in_serializable: 0 0 %, local: 0 %
I0911 23:38:41.040652 2948877 Coordinator.h:126] commit: 834564 abort: 93436 (0/93436/0), network size: 0, avg network size: 0, si_in_serializable: 0 0 %, local: 0 %
I0911 23:38:42.040753 2948877 Coordinator.h:126] commit: 820239 abort: 91761 (0/91761/0), network size: 0, avg network size: 0, si_in_serializable: 0 0 %, local: 0 %
I0911 23:38:43.040838 2948877 Coordinator.h:126] commit: 820349 abort: 91651 (0/91651/0), network size: 0, avg network size: 0, si_in_serializable: 0 0 %, local: 0 %
I0911 23:38:44.040915 2948877 Coordinator.h:126] commit: 831952 abort: 91917 (0/91917/0), network size: 0, avg network size: 0, si_in_serializable: 0 0 %, local: 0 %
I0911 23:38:45.040998 2948877 Coordinator.h:126] commit: 824359 abort: 91772 (0/91772/0), network size: 0, avg network size: 0, si_in_serializable: 0 0 %, local: 0 %
I0911 23:38:46.041072 2948877 Coordinator.h:126] commit: 820008 abort: 91992 (0/91992/0), network size: 0, avg network size: 0, si_in_serializable: 0 0 %, local: 0 %
I0911 23:38:47.041149 2948877 Coordinator.h:126] commit: 834970 abort: 93030 (0/93030/0), network size: 0, avg network size: 0, si_in_serializable: 0 0 %, local: 0 %
I0911 23:38:48.041224 2948877 Coordinator.h:126] commit: 819961 abort: 92039 (0/92039/0), network size: 0, avg network size: 0, si_in_serializable: 0 0 %, local: 0 %
I0911 23:38:49.041301 2948877 Coordinator.h:126] commit: 805966 abort: 90034 (0/90034/0), network size: 0, avg network size: 0, si_in_serializable: 0 0 %, local: 0 %
I0911 23:38:50.041381 2948877 Coordinator.h:126] commit: 834914 abort: 93086 (0/93086/0), network size: 0, avg network size: 0, si_in_serializable: 0 0 %, local: 0 %
I0911 23:38:51.041457 2948877 Coordinator.h:126] commit: 820693 abort: 91307 (0/91307/0), network size: 0, avg network size: 0, si_in_serializable: 0 0 %, local: 0 %
I0911 23:38:52.041535 2948877 Coordinator.h:126] commit: 830602 abort: 92708 (0/92708/0), network size: 0, avg network size: 0, si_in_serializable: 0 0 %, local: 0 %
I0911 23:38:53.041622 2948877 Coordinator.h:126] commit: 824476 abort: 92214 (0/92214/0), network size: 0, avg network size: 0, si_in_serializable: 0 0 %, local: 0 %
I0911 23:38:53.041635 2948877 Coordinator.h:152] average commit: 820360 abort: 91639.9 (0/91639.9/0), network size: 0, avg network size: 0, si_in_serializable: 0 0 %, local: 0 %
I0911 23:38:53.056589 2948914 Manager.h:227] Manager(worker id = 16) on the coordinator node exits.
I0911 23:38:53.056607 2948911 AriaExecutor.h:94] AriaExecutor 13 exits. 
I0911 23:38:53.056594 2948912 AriaExecutor.h:94] AriaExecutor 14 exits. 
I0911 23:38:53.056629 2948907 AriaExecutor.h:94] AriaExecutor 9 exits. 
I0911 23:38:53.056619 2948901 AriaExecutor.h:94] AriaExecutor 3 exits. 
I0911 23:38:53.056603 2948913 AriaExecutor.h:94] AriaExecutor 15 exits. 
I0911 23:38:53.056605 2948905 AriaExecutor.h:94] AriaExecutor 7 exits. 
I0911 23:38:53.056603 2948903 AriaExecutor.h:94] AriaExecutor 5 exits. 
I0911 23:38:53.056592 2948906 AriaExecutor.h:94] AriaExecutor 8 exits. 
I0911 23:38:53.056592 2948898 AriaExecutor.h:94] AriaExecutor 0 exits. 
I0911 23:38:53.056603 2948909 AriaExecutor.h:94] AriaExecutor 11 exits. 
I0911 23:38:53.056594 2948900 AriaExecutor.h:94] AriaExecutor 2 exits. 
I0911 23:38:53.056603 2948899 AriaExecutor.h:94] AriaExecutor 1 exits. 
I0911 23:38:53.056627 2948904 AriaExecutor.h:94] AriaExecutor 6 exits. 
I0911 23:38:53.056589 2948910 AriaExecutor.h:94] AriaExecutor 12 exits. 
I0911 23:38:53.056593 2948902 AriaExecutor.h:94] AriaExecutor 4 exits. 
I0911 23:38:53.056592 2948908 AriaExecutor.h:94] AriaExecutor 10 exits. 
I0911 23:38:53.041646 2948877 AriaExecutor.h:641] Worker 0 latency: 11637 us (50%) 13783 us (75%) 15429 us (95%) 15859 us (99%).
I0911 23:38:53.097587 2948877 AriaExecutor.h:641] Worker 1 latency: 11640 us (50%) 13780 us (75%) 15419 us (95%) 15824 us (99%).
I0911 23:38:53.151698 2948877 AriaExecutor.h:641] Worker 2 latency: 11658 us (50%) 13786 us (75%) 15426 us (95%) 15852 us (99%).
I0911 23:38:53.205644 2948877 AriaExecutor.h:641] Worker 3 latency: 11634 us (50%) 13774 us (75%) 15418 us (95%) 15812 us (99%).
I0911 23:38:53.259960 2948877 AriaExecutor.h:641] Worker 4 latency: 11656 us (50%) 13787 us (75%) 15418 us (95%) 15818 us (99%).
I0911 23:38:53.313088 2948877 AriaExecutor.h:641] Worker 5 latency: 11666 us (50%) 13800 us (75%) 15432 us (95%) 15862 us (99%).
I0911 23:38:53.367676 2948877 AriaExecutor.h:641] Worker 6 latency: 11671 us (50%) 13794 us (75%) 15423 us (95%) 15834 us (99%).
I0911 23:38:53.422166 2948877 AriaExecutor.h:641] Worker 7 latency: 11644 us (50%) 13784 us (75%) 15423 us (95%) 15822 us (99%).
I0911 23:38:53.477022 2948877 AriaExecutor.h:641] Worker 8 latency: 11637 us (50%) 13780 us (75%) 15425 us (95%) 15843 us (99%).
I0911 23:38:53.530576 2948877 AriaExecutor.h:641] Worker 9 latency: 11627 us (50%) 13775 us (75%) 15419 us (95%) 15821 us (99%).
I0911 23:38:53.584679 2948877 AriaExecutor.h:641] Worker 10 latency: 11658 us (50%) 13786 us (75%) 15417 us (95%) 15827 us (99%).
I0911 23:38:53.638541 2948877 AriaExecutor.h:641] Worker 11 latency: 11604 us (50%) 13758 us (75%) 15417 us (95%) 15831 us (99%).
I0911 23:38:53.692796 2948877 AriaExecutor.h:641] Worker 12 latency: 11629 us (50%) 13769 us (75%) 15413 us (95%) 15816 us (99%).
I0911 23:38:53.746376 2948877 AriaExecutor.h:641] Worker 13 latency: 11620 us (50%) 13767 us (75%) 15414 us (95%) 15805 us (99%).
I0911 23:38:53.800925 2948877 AriaExecutor.h:641] Worker 14 latency: 11659 us (50%) 13784 us (75%) 15415 us (95%) 15837 us (99%).
I0911 23:38:53.854280 2948877 AriaExecutor.h:641] Worker 15 latency: 11605 us (50%) 13759 us (75%) 15417 us (95%) 15824 us (99%).
I0911 23:38:53.908723 2948877 Coordinator.h:177] total commit: 820360
I0911 23:38:54.908836 2948877 Coordinator.h:192] Coordinator exits.
