I0911 22:14:08.107672 2932679 Database.h:65] ycsb initialization finished in 148 milliseconds.
I0911 22:14:08.107789 2932679 Coordinator.h:30] Coordinator initializes 16 workers.
I0911 22:14:08.138217 2932679 Coordinator.h:77] Coordinator starts to run 17 workers.
I0911 22:14:08.138283 2932699 AriaExecutor.h:82] AriaExecutor 0 started. 
I0911 22:14:08.138314 2932700 AriaExecutor.h:82] AriaExecutor 1 started. 
I0911 22:14:08.138367 2932701 AriaExecutor.h:82] AriaExecutor 2 started. 
I0911 22:14:08.138409 2932702 AriaExecutor.h:82] AriaExecutor 3 started. 
I0911 22:14:08.138454 2932703 AriaExecutor.h:82] AriaExecutor 4 started. 
I0911 22:14:08.138490 2932704 AriaExecutor.h:82] AriaExecutor 5 started. 
I0911 22:14:08.138530 2932705 AriaExecutor.h:82] AriaExecutor 6 started. 
I0911 22:14:08.138577 2932706 AriaExecutor.h:82] AriaExecutor 7 started. 
I0911 22:14:08.138609 2932707 AriaExecutor.h:82] AriaExecutor 8 started. 
I0911 22:14:08.138649 2932708 AriaExecutor.h:82] AriaExecutor 9 started. 
I0911 22:14:08.138687 2932709 AriaExecutor.h:82] AriaExecutor 10 started. 
I0911 22:14:08.138736 2932710 AriaExecutor.h:82] AriaExecutor 11 started. 
I0911 22:14:08.138772 2932711 AriaExecutor.h:82] AriaExecutor 12 started. 
I0911 22:14:08.138813 2932712 AriaExecutor.h:82] AriaExecutor 13 started. 
I0911 22:14:08.138854 2932713 AriaExecutor.h:82] AriaExecutor 14 started. 
I0911 22:14:08.138906 2932714 AriaExecutor.h:82] AriaExecutor 15 started. 
I0911 22:14:08.138942 2932715 Manager.h:224] Manager(worker id = 16) on the coordinator node started.
I0911 22:14:09.138993 2932679 Coordinator.h:126] commit: 1310544 abort: 4272 (0/4272/0), network size: 0, avg network size: 0, si_in_serializable: 0 0 %, local: 0 %
I0911 22:14:10.139096 2932679 Coordinator.h:126] commit: 1302275 abort: 4349 (0/4349/0), network size: 0, avg network size: 0, si_in_serializable: 0 0 %, local: 0 %
I0911 22:14:11.139171 2932679 Coordinator.h:126] commit: 1265659 abort: 4101 (0/4101/0), network size: 0, avg network size: 0, si_in_serializable: 0 0 %, local: 0 %
I0911 22:14:12.139247 2932679 Coordinator.h:126] commit: 1265511 abort: 4249 (0/4249/0), network size: 0, avg network size: 0, si_in_serializable: 0 0 %, local: 0 %
I0911 22:14:13.139348 2932679 Coordinator.h:126] commit: 1318604 abort: 4404 (0/4404/0), network size: 0, avg network size: 0, si_in_serializable: 0 0 %, local: 0 %
I0911 22:14:14.139430 2932679 Coordinator.h:126] commit: 1322751 abort: 4353 (0/4353/0), network size: 0, avg network size: 0, si_in_serializable: 0 0 %, local: 0 %
I0911 22:14:15.139506 2932679 Coordinator.h:126] commit: 1302268 abort: 4356 (0/4356/0), network size: 0, avg network size: 0, si_in_serializable: 0 0 %, local: 0 %
I0911 22:14:16.139585 2932679 Coordinator.h:126] commit: 1322756 abort: 4348 (0/4348/0), network size: 0, avg network size: 0, si_in_serializable: 0 0 %, local: 0 %
I0911 22:14:17.139662 2932679 Coordinator.h:126] commit: 1322638 abort: 4466 (0/4466/0), network size: 0, avg network size: 0, si_in_serializable: 0 0 %, local: 0 %
I0911 22:14:18.139736 2932679 Coordinator.h:126] commit: 1322671 abort: 4433 (0/4433/0), network size: 0, avg network size: 0, si_in_serializable: 0 0 %, local: 0 %
I0911 22:14:19.139813 2932679 Coordinator.h:126] commit: 1285923 abort: 4317 (0/4317/0), network size: 0, avg network size: 0, si_in_serializable: 0 0 %, local: 0 %
I0911 22:14:20.139891 2932679 Coordinator.h:126] commit: 1285988 abort: 4252 (0/4252/0), network size: 0, avg network size: 0, si_in_serializable: 0 0 %, local: 0 %
I0911 22:14:21.139968 2932679 Coordinator.h:126] commit: 1290072 abort: 4264 (0/4264/0), network size: 0, avg network size: 0, si_in_serializable: 0 0 %, local: 0 %
I0911 22:14:22.140069 2932679 Coordinator.h:126] commit: 1314591 abort: 4321 (0/4321/0), network size: 0, avg network size: 0, si_in_serializable: 0 0 %, local: 0 %
I0911 22:14:23.140148 2932679 Coordinator.h:126] commit: 1326918 abort: 4282 (0/4282/0), network size: 0, avg network size: 0, si_in_serializable: 0 0 %, local: 0 %
I0911 22:14:24.140221 2932679 Coordinator.h:126] commit: 1322778 abort: 4326 (0/4326/0), network size: 0, avg network size: 0, si_in_serializable: 0 0 %, local: 0 %
I0911 22:14:25.140297 2932679 Coordinator.h:126] commit: 1322759 abort: 4345 (0/4345/0), network size: 0, avg network size: 0, si_in_serializable: 0 0 %, local: 0 %
I0911 22:14:26.140374 2932679 Coordinator.h:126] commit: 1318518 abort: 4490 (0/4490/0), network size: 0, avg network size: 0, si_in_serializable: 0 0 %, local: 0 %
I0911 22:14:27.140451 2932679 Coordinator.h:126] commit: 1322683 abort: 4421 (0/4421/0), network size: 0, avg network size: 0, si_in_serializable: 0 0 %, local: 0 %
I0911 22:14:28.140527 2932679 Coordinator.h:126] commit: 1322906 abort: 4198 (0/4198/0), network size: 0, avg network size: 0, si_in_serializable: 0 0 %, local: 0 %
I0911 22:14:29.140611 2932679 Coordinator.h:126] commit: 1321133 abort: 4349 (0/4349/0), network size: 0, avg network size: 0, si_in_serializable: 0 0 %, local: 0 %
I0911 22:14:30.140688 2932679 Coordinator.h:126] commit: 1300083 abort: 4067 (0/4067/0), network size: 0, avg network size: 0, si_in_serializable: 0 0 %, local: 0 %
I0911 22:14:31.140763 2932679 Coordinator.h:126] commit: 1302254 abort: 4370 (0/4370/0), network size: 0, avg network size: 0, si_in_serializable: 0 0 %, local: 0 %
I0911 22:14:32.140839 2932679 Coordinator.h:126] commit: 1318626 abort: 4382 (0/4382/0), network size: 0, avg network size: 0, si_in_serializable: 0 0 %, local: 0 %
I0911 22:14:33.140913 2932679 Coordinator.h:126] commit: 1306422 abort: 4298 (0/4298/0), network size: 0, avg network size: 0, si_in_serializable: 0 0 %, local: 0 %
I0911 22:14:33.140933 2932679 Coordinator.h:152] average commit: 1.31131e+06 abort: 4321.6 (0/4321.6/0), network size: 0, avg network size: 0, si_in_serializable: 0 0 %, local: 0 %
I0911 22:14:33.141160 2932709 AriaExecutor.h:94] AriaExecutor 10 exits. 
I0911 22:14:33.141168 2932703 AriaExecutor.h:94] AriaExecutor 4 exits. 
I0911 22:14:33.141165 2932713 AriaExecutor.h:94] AriaExecutor 14 exits. 
I0911 22:14:33.141162 2932715 Manager.h:227] Manager(worker id = 16) on the coordinator node exits.
I0911 22:14:33.141165 2932707 AriaExecutor.h:94] AriaExecutor 8 exits. 
I0911 22:14:33.141163 2932699 AriaExecutor.h:94] AriaExecutor 0 exits. 
I0911 22:14:33.141165 2932705 AriaExecutor.h:94] AriaExecutor 6 exits. 
I0911 22:14:33.141163 2932701 AriaExecutor.h:94] AriaExecutor 2 exits. 
I0911 22:14:33.141183 2932704 AriaExecutor.h:94] AriaExecutor 5 exits. 
I0911 22:14:33.141181 2932702 AriaExecutor.h:94] AriaExecutor 3 exits. 
I0911 22:14:33.141181 2932708 AriaExecutor.h:94] AriaExecutor 9 exits. 
I0911 22:14:33.141180 2932700 AriaExecutor.h:94] AriaExecutor 1 exits. 
I0911 22:14:33.141180 2932706 AriaExecutor.h:94] AriaExecutor 7 exits. 
I0911 22:14:33.141181 2932712 AriaExecutor.h:94] AriaExecutor 13 exits. 
I0911 22:14:33.141180 2932714 AriaExecutor.h:94] AriaExecutor 15 exits. 
I0911 22:14:33.141181 2932710 AriaExecutor.h:94] AriaExecutor 11 exits. 
I0911 22:14:33.141168 2932711 AriaExecutor.h:94] AriaExecutor 12 exits. 
I0911 22:14:33.140941 2932679 AriaExecutor.h:535] Worker 0 latency: 1763 us (50%) 2369 us (75%) 2856 us (95%) 2957 us (99%).
I0911 22:14:33.225773 2932679 AriaExecutor.h:535] Worker 1 latency: 1765 us (50%) 2369 us (75%) 2855 us (95%) 2957 us (99%).
I0911 22:14:33.317559 2932679 AriaExecutor.h:535] Worker 2 latency: 1776 us (50%) 2375 us (75%) 2857 us (95%) 2958 us (99%).
I0911 22:14:33.400175 2932679 AriaExecutor.h:535] Worker 3 latency: 1770 us (50%) 2371 us (75%) 2856 us (95%) 2956 us (99%).
I0911 22:14:33.491694 2932679 AriaExecutor.h:535] Worker 4 latency: 1767 us (50%) 2370 us (75%) 2856 us (95%) 2957 us (99%).
I0911 22:14:33.574546 2932679 AriaExecutor.h:535] Worker 5 latency: 1760 us (50%) 2366 us (75%) 2855 us (95%) 2956 us (99%).
I0911 22:14:33.668175 2932679 AriaExecutor.h:535] Worker 6 latency: 1775 us (50%) 2374 us (75%) 2857 us (95%) 2957 us (99%).
I0911 22:14:33.750233 2932679 AriaExecutor.h:535] Worker 7 latency: 1766 us (50%) 2370 us (75%) 2856 us (95%) 2957 us (99%).
I0911 22:14:33.840121 2932679 AriaExecutor.h:535] Worker 8 latency: 1766 us (50%) 2369 us (75%) 2855 us (95%) 2957 us (99%).
I0911 22:14:33.921957 2932679 AriaExecutor.h:535] Worker 9 latency: 1763 us (50%) 2367 us (75%) 2854 us (95%) 2956 us (99%).
I0911 22:14:34.012135 2932679 AriaExecutor.h:535] Worker 10 latency: 1776 us (50%) 2374 us (75%) 2856 us (95%) 2957 us (99%).
I0911 22:14:34.096036 2932679 AriaExecutor.h:535] Worker 11 latency: 1766 us (50%) 2368 us (75%) 2854 us (95%) 2956 us (99%).
I0911 22:14:34.187948 2932679 AriaExecutor.h:535] Worker 12 latency: 1769 us (50%) 2370 us (75%) 2855 us (95%) 2957 us (99%).
I0911 22:14:34.270493 2932679 AriaExecutor.h:535] Worker 13 latency: 1759 us (50%) 2365 us (75%) 2853 us (95%) 2956 us (99%).
I0911 22:14:34.361284 2932679 AriaExecutor.h:535] Worker 14 latency: 1780 us (50%) 2376 us (75%) 2857 us (95%) 2957 us (99%).
I0911 22:14:34.444218 2932679 AriaExecutor.h:535] Worker 15 latency: 1770 us (50%) 2370 us (75%) 2854 us (95%) 2956 us (99%).
I0911 22:14:34.535354 2932679 Coordinator.h:177] total commit: 1.31131e+06
I0911 22:14:35.535477 2932679 Coordinator.h:192] Coordinator exits.
