I1126 15:34:13.847262 1010376 Database.h:65] ycsb initialization finished in 30 milliseconds.
I1126 15:34:13.847358 1010376 Coordinator.h:30] Coordinator initializes 12 workers.
I1126 15:34:13.854187 1010376 Coordinator.h:77] Coordinator starts to run 13 workers.
I1126 15:34:13.854242 1010392 AriaExecutor.h:95] AriaExecutor 0 started. 
I1126 15:34:13.854271 1010393 AriaExecutor.h:95] AriaExecutor 1 started. 
I1126 15:34:13.854339 1010394 AriaExecutor.h:95] AriaExecutor 2 started. 
I1126 15:34:13.854370 1010395 AriaExecutor.h:95] AriaExecutor 3 started. 
I1126 15:34:13.854450 1010397 AriaExecutor.h:95] AriaExecutor 5 started. 
I1126 15:34:13.854488 1010398 AriaExecutor.h:95] AriaExecutor 6 started. 
I1126 15:34:13.854534 1010399 AriaExecutor.h:95] AriaExecutor 7 started. 
I1126 15:34:13.854580 1010400 AriaExecutor.h:95] AriaExecutor 8 started. 
I1126 15:34:13.854622 1010401 AriaExecutor.h:95] AriaExecutor 9 started. 
I1126 15:34:13.854656 1010402 AriaExecutor.h:95] AriaExecutor 10 started. 
I1126 15:34:13.854710 1010403 AriaExecutor.h:95] AriaExecutor 11 started. 
I1126 15:34:13.854744 1010396 AriaExecutor.h:95] AriaExecutor 4 started. 
I1126 15:34:13.854753 1010404 Manager.h:224] Manager(worker id = 12) on the coordinator node started.
I1126 15:34:14.854809 1010376 Coordinator.h:126] commit: 1279603 abort: 720397 (0/720397/0), network size: 0, avg network size: 0, si_in_serializable: 0 0 %, local: 0 %
I1126 15:34:15.854928 1010376 Coordinator.h:126] commit: 1273934 abort: 716066 (0/716066/0), network size: 0, avg network size: 0, si_in_serializable: 0 0 %, local: 0 %
I1126 15:34:16.855057 1010376 Coordinator.h:126] commit: 1280218 abort: 719782 (0/719782/0), network size: 0, avg network size: 0, si_in_serializable: 0 0 %, local: 0 %
I1126 15:34:17.855161 1010376 Coordinator.h:126] commit: 1293111 abort: 726889 (0/726889/0), network size: 0, avg network size: 0, si_in_serializable: 0 0 %, local: 0 %
I1126 15:34:18.855247 1010376 Coordinator.h:126] commit: 1273255 abort: 716745 (0/716745/0), network size: 0, avg network size: 0, si_in_serializable: 0 0 %, local: 0 %
I1126 15:34:19.855345 1010376 Coordinator.h:126] commit: 1294416 abort: 725584 (0/725584/0), network size: 0, avg network size: 0, si_in_serializable: 0 0 %, local: 0 %
I1126 15:34:20.855427 1010376 Coordinator.h:126] commit: 1274279 abort: 715721 (0/715721/0), network size: 0, avg network size: 0, si_in_serializable: 0 0 %, local: 0 %
I1126 15:34:21.855528 1010376 Coordinator.h:126] commit: 1287242 abort: 722758 (0/722758/0), network size: 0, avg network size: 0, si_in_serializable: 0 0 %, local: 0 %
I1126 15:34:22.855638 1010376 Coordinator.h:126] commit: 1279883 abort: 720117 (0/720117/0), network size: 0, avg network size: 0, si_in_serializable: 0 0 %, local: 0 %
I1126 15:34:23.855743 1010376 Coordinator.h:126] commit: 1231769 abort: 691415 (0/691415/0), network size: 0, avg network size: 0, si_in_serializable: 0 0 %, local: 0 %
I1126 15:34:24.855831 1010376 Coordinator.h:126] commit: 1271000 abort: 715816 (0/715816/0), network size: 0, avg network size: 0, si_in_serializable: 0 0 %, local: 0 %
I1126 15:34:25.855940 1010376 Coordinator.h:126] commit: 1286756 abort: 723244 (0/723244/0), network size: 0, avg network size: 0, si_in_serializable: 0 0 %, local: 0 %
I1126 15:34:26.856046 1010376 Coordinator.h:126] commit: 1286459 abort: 723541 (0/723541/0), network size: 0, avg network size: 0, si_in_serializable: 0 0 %, local: 0 %
I1126 15:34:27.856148 1010376 Coordinator.h:126] commit: 1286327 abort: 723673 (0/723673/0), network size: 0, avg network size: 0, si_in_serializable: 0 0 %, local: 0 %
I1126 15:34:28.856236 1010376 Coordinator.h:126] commit: 1285425 abort: 724575 (0/724575/0), network size: 0, avg network size: 0, si_in_serializable: 0 0 %, local: 0 %
I1126 15:34:29.856336 1010376 Coordinator.h:126] commit: 1293284 abort: 726716 (0/726716/0), network size: 0, avg network size: 0, si_in_serializable: 0 0 %, local: 0 %
I1126 15:34:30.856421 1010376 Coordinator.h:126] commit: 1274973 abort: 715027 (0/715027/0), network size: 0, avg network size: 0, si_in_serializable: 0 0 %, local: 0 %
I1126 15:34:31.856516 1010376 Coordinator.h:126] commit: 1286542 abort: 723458 (0/723458/0), network size: 0, avg network size: 0, si_in_serializable: 0 0 %, local: 0 %
I1126 15:34:32.856599 1010376 Coordinator.h:126] commit: 1286685 abort: 723315 (0/723315/0), network size: 0, avg network size: 0, si_in_serializable: 0 0 %, local: 0 %
I1126 15:34:33.856705 1010376 Coordinator.h:126] commit: 1164344 abort: 655656 (0/655656/0), network size: 0, avg network size: 0, si_in_serializable: 0 0 %, local: 0 %
I1126 15:34:34.856817 1010376 Coordinator.h:126] commit: 1286388 abort: 723612 (0/723612/0), network size: 0, avg network size: 0, si_in_serializable: 0 0 %, local: 0 %
I1126 15:34:35.856901 1010376 Coordinator.h:126] commit: 1287793 abort: 722207 (0/722207/0), network size: 0, avg network size: 0, si_in_serializable: 0 0 %, local: 0 %
I1126 15:34:36.857003 1010376 Coordinator.h:126] commit: 1286097 abort: 723903 (0/723903/0), network size: 0, avg network size: 0, si_in_serializable: 0 0 %, local: 0 %
I1126 15:34:37.857095 1010376 Coordinator.h:126] commit: 1285674 abort: 724326 (0/724326/0), network size: 0, avg network size: 0, si_in_serializable: 0 0 %, local: 0 %
I1126 15:34:38.857197 1010376 Coordinator.h:126] commit: 1286587 abort: 723413 (0/723413/0), network size: 0, avg network size: 0, si_in_serializable: 0 0 %, local: 0 %
I1126 15:34:38.857209 1010376 Coordinator.h:152] average commit: 1.27218e+06 abort: 715502 (0/715502/0), network size: 0, avg network size: 0, si_in_serializable: 0 0 %, local: 0 %
I1126 15:34:38.861227 1010392 AriaExecutor.h:107] AriaExecutor 0 exits. 
I1126 15:34:38.861228 1010398 AriaExecutor.h:107] AriaExecutor 6 exits. 
I1126 15:34:38.861260 1010404 Manager.h:227] Manager(worker id = 12) on the coordinator node exits.
I1126 15:34:38.861232 1010400 AriaExecutor.h:107] AriaExecutor 8 exits. 
I1126 15:34:38.861234 1010402 AriaExecutor.h:107] AriaExecutor 10 exits. 
I1126 15:34:38.861240 1010393 AriaExecutor.h:107] AriaExecutor 1 exits. 
I1126 15:34:38.861253 1010403 AriaExecutor.h:107] AriaExecutor 11 exits. 
I1126 15:34:38.861239 1010395 AriaExecutor.h:107] AriaExecutor 3 exits. 
I1126 15:34:38.861241 1010401 AriaExecutor.h:107] AriaExecutor 9 exits. 
I1126 15:34:38.861241 1010399 AriaExecutor.h:107] AriaExecutor 7 exits. 
I1126 15:34:38.861232 1010394 AriaExecutor.h:107] AriaExecutor 2 exits. 
I1126 15:34:38.861232 1010396 AriaExecutor.h:107] AriaExecutor 4 exits. 
I1126 15:34:38.861239 1010397 AriaExecutor.h:107] AriaExecutor 5 exits. 
I1126 15:34:38.857218 1010376 AriaExecutor.h:705] Worker 0 latency: 3632 us (50%) 4135 us (75%) 4469 us (95%) 4558 us (99%).
I1126 15:34:38.958994 1010376 AriaExecutor.h:705] Worker 1 latency: 3626 us (50%) 4128 us (75%) 4467 us (95%) 4556 us (99%).
I1126 15:34:39.063560 1010376 AriaExecutor.h:705] Worker 2 latency: 3653 us (50%) 4142 us (75%) 4469 us (95%) 4556 us (99%).
I1126 15:34:39.167990 1010376 AriaExecutor.h:705] Worker 3 latency: 3627 us (50%) 4129 us (75%) 4466 us (95%) 4556 us (99%).
I1126 15:34:39.272104 1010376 AriaExecutor.h:705] Worker 4 latency: 3641 us (50%) 4137 us (75%) 4469 us (95%) 4558 us (99%).
I1126 15:34:39.375378 1010376 AriaExecutor.h:705] Worker 5 latency: 3628 us (50%) 4128 us (75%) 4466 us (95%) 4556 us (99%).
I1126 15:34:39.477376 1010376 AriaExecutor.h:705] Worker 6 latency: 3656 us (50%) 4144 us (75%) 4470 us (95%) 4557 us (99%).
I1126 15:34:39.579150 1010376 AriaExecutor.h:705] Worker 7 latency: 3629 us (50%) 4129 us (75%) 4466 us (95%) 4555 us (99%).
I1126 15:34:39.683845 1010376 AriaExecutor.h:705] Worker 8 latency: 3649 us (50%) 4142 us (75%) 4471 us (95%) 4559 us (99%).
I1126 15:34:39.785884 1010376 AriaExecutor.h:705] Worker 9 latency: 3630 us (50%) 4130 us (75%) 4467 us (95%) 4556 us (99%).
I1126 15:34:39.889923 1010376 AriaExecutor.h:705] Worker 10 latency: 3649 us (50%) 4142 us (75%) 4470 us (95%) 4558 us (99%).
I1126 15:34:39.993646 1010376 AriaExecutor.h:705] Worker 11 latency: 3631 us (50%) 4131 us (75%) 4467 us (95%) 4556 us (99%).
I1126 15:34:40.098866 1010376 Coordinator.h:177] total commit: 1.27218e+06
I1126 15:34:41.098974 1010376 Coordinator.h:192] Coordinator exits.
