I1126 15:37:50.943363 1012635 Database.h:65] ycsb initialization finished in 30 milliseconds.
I1126 15:37:50.943455 1012635 Coordinator.h:30] Coordinator initializes 12 workers.
I1126 15:37:50.950220 1012635 Coordinator.h:77] Coordinator starts to run 13 workers.
I1126 15:37:50.950270 1012651 AriaExecutor.h:95] AriaExecutor 0 started. 
I1126 15:37:50.950302 1012652 AriaExecutor.h:95] AriaExecutor 1 started. 
I1126 15:37:50.950356 1012653 AriaExecutor.h:95] AriaExecutor 2 started. 
I1126 15:37:50.950407 1012654 AriaExecutor.h:95] AriaExecutor 3 started. 
I1126 15:37:50.950456 1012655 AriaExecutor.h:95] AriaExecutor 4 started. 
I1126 15:37:50.950510 1012656 AriaExecutor.h:95] AriaExecutor 5 started. 
I1126 15:37:50.950551 1012657 AriaExecutor.h:95] AriaExecutor 6 started. 
I1126 15:37:50.950608 1012658 AriaExecutor.h:95] AriaExecutor 7 started. 
I1126 15:37:50.950655 1012659 AriaExecutor.h:95] AriaExecutor 8 started. 
I1126 15:37:50.950711 1012660 AriaExecutor.h:95] AriaExecutor 9 started. 
I1126 15:37:50.950754 1012661 AriaExecutor.h:95] AriaExecutor 10 started. 
I1126 15:37:50.950812 1012662 AriaExecutor.h:95] AriaExecutor 11 started. 
I1126 15:37:50.950853 1012663 Manager.h:224] Manager(worker id = 12) on the coordinator node started.
I1126 15:37:51.950924 1012635 Coordinator.h:126] commit: 1053879 abort: 1036121 (0/1036121/0), network size: 0, avg network size: 0, si_in_serializable: 0 0 %, local: 0 %
I1126 15:37:52.951071 1012635 Coordinator.h:126] commit: 1048797 abort: 1031203 (0/1031203/0), network size: 0, avg network size: 0, si_in_serializable: 0 0 %, local: 0 %
I1126 15:37:53.951210 1012635 Coordinator.h:126] commit: 1054223 abort: 1035777 (0/1035777/0), network size: 0, avg network size: 0, si_in_serializable: 0 0 %, local: 0 %
I1126 15:37:54.951321 1012635 Coordinator.h:126] commit: 1065578 abort: 1044422 (0/1044422/0), network size: 0, avg network size: 0, si_in_serializable: 0 0 %, local: 0 %
I1126 15:37:55.951427 1012635 Coordinator.h:126] commit: 1068760 abort: 1051240 (0/1051240/0), network size: 0, avg network size: 0, si_in_serializable: 0 0 %, local: 0 %
I1126 15:37:56.951529 1012635 Coordinator.h:126] commit: 1029495 abort: 1010505 (0/1010505/0), network size: 0, avg network size: 0, si_in_serializable: 0 0 %, local: 0 %
I1126 15:37:57.951638 1012635 Coordinator.h:126] commit: 1064623 abort: 1045377 (0/1045377/0), network size: 0, avg network size: 0, si_in_serializable: 0 0 %, local: 0 %
I1126 15:37:58.951769 1012635 Coordinator.h:126] commit: 1054950 abort: 1036371 (0/1036371/0), network size: 0, avg network size: 0, si_in_serializable: 0 0 %, local: 0 %
I1126 15:37:59.951876 1012635 Coordinator.h:126] commit: 1069215 abort: 1049464 (0/1049464/0), network size: 0, avg network size: 0, si_in_serializable: 0 0 %, local: 0 %
I1126 15:38:00.951977 1012635 Coordinator.h:126] commit: 1063027 abort: 1046973 (0/1046973/0), network size: 0, avg network size: 0, si_in_serializable: 0 0 %, local: 0 %
I1126 15:38:01.952103 1012635 Coordinator.h:126] commit: 1063802 abort: 1046198 (0/1046198/0), network size: 0, avg network size: 0, si_in_serializable: 0 0 %, local: 0 %
I1126 15:38:02.952209 1012635 Coordinator.h:126] commit: 1014780 abort: 995220 (0/995220/0), network size: 0, avg network size: 0, si_in_serializable: 0 0 %, local: 0 %
I1126 15:38:03.952317 1012635 Coordinator.h:126] commit: 1064541 abort: 1045459 (0/1045459/0), network size: 0, avg network size: 0, si_in_serializable: 0 0 %, local: 0 %
I1126 15:38:04.952426 1012635 Coordinator.h:126] commit: 1069543 abort: 1050457 (0/1050457/0), network size: 0, avg network size: 0, si_in_serializable: 0 0 %, local: 0 %
I1126 15:38:05.952530 1012635 Coordinator.h:126] commit: 1067845 abort: 1049455 (0/1049455/0), network size: 0, avg network size: 0, si_in_serializable: 0 0 %, local: 0 %
I1126 15:38:06.952629 1012635 Coordinator.h:126] commit: 1064980 abort: 1047720 (0/1047720/0), network size: 0, avg network size: 0, si_in_serializable: 0 0 %, local: 0 %
I1126 15:38:07.952728 1012635 Coordinator.h:126] commit: 1069591 abort: 1050409 (0/1050409/0), network size: 0, avg network size: 0, si_in_serializable: 0 0 %, local: 0 %
I1126 15:38:08.952828 1012635 Coordinator.h:126] commit: 1044202 abort: 1025798 (0/1025798/0), network size: 0, avg network size: 0, si_in_serializable: 0 0 %, local: 0 %
I1126 15:38:09.952951 1012635 Coordinator.h:126] commit: 1058596 abort: 1041404 (0/1041404/0), network size: 0, avg network size: 0, si_in_serializable: 0 0 %, local: 0 %
I1126 15:38:10.953060 1012635 Coordinator.h:126] commit: 1065159 abort: 1044841 (0/1044841/0), network size: 0, avg network size: 0, si_in_serializable: 0 0 %, local: 0 %
I1126 15:38:11.953161 1012635 Coordinator.h:126] commit: 1069888 abort: 1050112 (0/1050112/0), network size: 0, avg network size: 0, si_in_serializable: 0 0 %, local: 0 %
I1126 15:38:12.953264 1012635 Coordinator.h:126] commit: 1064566 abort: 1045434 (0/1045434/0), network size: 0, avg network size: 0, si_in_serializable: 0 0 %, local: 0 %
I1126 15:38:13.953366 1012635 Coordinator.h:126] commit: 1070885 abort: 1049115 (0/1049115/0), network size: 0, avg network size: 0, si_in_serializable: 0 0 %, local: 0 %
I1126 15:38:14.953470 1012635 Coordinator.h:126] commit: 929270 abort: 910730 (0/910730/0), network size: 0, avg network size: 0, si_in_serializable: 0 0 %, local: 0 %
I1126 15:38:15.953572 1012635 Coordinator.h:126] commit: 1064007 abort: 1045993 (0/1045993/0), network size: 0, avg network size: 0, si_in_serializable: 0 0 %, local: 0 %
I1126 15:38:15.953598 1012635 Coordinator.h:152] average commit: 1.0583e+06 abort: 1.0397e+06 (0/1.0397e+06/0), network size: 0, avg network size: 0, si_in_serializable: 0 0 %, local: 0 %
I1126 15:38:15.953998 1012651 AriaExecutor.h:107] AriaExecutor 0 exits. 
I1126 15:38:15.954002 1012663 Manager.h:227] Manager(worker id = 12) on the coordinator node exits.
I1126 15:38:15.953999 1012659 AriaExecutor.h:107] AriaExecutor 8 exits. 
I1126 15:38:15.954005 1012655 AriaExecutor.h:107] AriaExecutor 4 exits. 
I1126 15:38:15.954000 1012661 AriaExecutor.h:107] AriaExecutor 10 exits. 
I1126 15:38:15.954012 1012662 AriaExecutor.h:107] AriaExecutor 11 exits. 
I1126 15:38:15.954012 1012658 AriaExecutor.h:107] AriaExecutor 7 exits. 
I1126 15:38:15.954012 1012654 AriaExecutor.h:107] AriaExecutor 3 exits. 
I1126 15:38:15.954012 1012660 AriaExecutor.h:107] AriaExecutor 9 exits. 
I1126 15:38:15.954005 1012653 AriaExecutor.h:107] AriaExecutor 2 exits. 
I1126 15:38:15.954005 1012657 AriaExecutor.h:107] AriaExecutor 6 exits. 
I1126 15:38:15.954012 1012656 AriaExecutor.h:107] AriaExecutor 5 exits. 
I1126 15:38:15.954012 1012652 AriaExecutor.h:107] AriaExecutor 1 exits. 
I1126 15:38:15.953613 1012635 AriaExecutor.h:705] Worker 0 latency: 3488 us (50%) 4000 us (75%) 4335 us (95%) 4418 us (99%).
I1126 15:38:16.043058 1012635 AriaExecutor.h:705] Worker 1 latency: 3494 us (50%) 4002 us (75%) 4335 us (95%) 4418 us (99%).
I1126 15:38:16.132359 1012635 AriaExecutor.h:705] Worker 2 latency: 3501 us (50%) 4005 us (75%) 4335 us (95%) 4417 us (99%).
I1126 15:38:16.221535 1012635 AriaExecutor.h:705] Worker 3 latency: 3501 us (50%) 4006 us (75%) 4336 us (95%) 4418 us (99%).
I1126 15:38:16.309283 1012635 AriaExecutor.h:705] Worker 4 latency: 3492 us (50%) 4002 us (75%) 4335 us (95%) 4417 us (99%).
I1126 15:38:16.397152 1012635 AriaExecutor.h:705] Worker 5 latency: 3499 us (50%) 4005 us (75%) 4336 us (95%) 4418 us (99%).
I1126 15:38:16.484789 1012635 AriaExecutor.h:705] Worker 6 latency: 3502 us (50%) 4005 us (75%) 4334 us (95%) 4417 us (99%).
I1126 15:38:16.573057 1012635 AriaExecutor.h:705] Worker 7 latency: 3499 us (50%) 4006 us (75%) 4335 us (95%) 4418 us (99%).
I1126 15:38:16.661890 1012635 AriaExecutor.h:705] Worker 8 latency: 3493 us (50%) 4002 us (75%) 4335 us (95%) 4417 us (99%).
I1126 15:38:16.749643 1012635 AriaExecutor.h:705] Worker 9 latency: 3501 us (50%) 4006 us (75%) 4336 us (95%) 4418 us (99%).
I1126 15:38:16.839228 1012635 AriaExecutor.h:705] Worker 10 latency: 3494 us (50%) 4002 us (75%) 4335 us (95%) 4417 us (99%).
I1126 15:38:16.928560 1012635 AriaExecutor.h:705] Worker 11 latency: 3501 us (50%) 4005 us (75%) 4336 us (95%) 4418 us (99%).
I1126 15:38:17.017408 1012635 Coordinator.h:177] total commit: 1.0583e+06
I1126 15:38:18.017524 1012635 Coordinator.h:192] Coordinator exits.
