I0911 22:36:58.979244 2936917 Database.h:65] ycsb initialization finished in 182 milliseconds.
I0911 22:36:58.979368 2936917 Coordinator.h:30] Coordinator initializes 16 workers.
I0911 22:36:58.987152 2936917 Coordinator.h:77] Coordinator starts to run 17 workers.
I0911 22:36:58.987254 2936937 AriaExecutor.h:82] AriaExecutor 0 started. 
I0911 22:36:58.987275 2936938 AriaExecutor.h:82] AriaExecutor 1 started. 
I0911 22:36:58.987345 2936939 AriaExecutor.h:82] AriaExecutor 2 started. 
I0911 22:36:58.987370 2936940 AriaExecutor.h:82] AriaExecutor 3 started. 
I0911 22:36:58.987418 2936941 AriaExecutor.h:82] AriaExecutor 4 started. 
I0911 22:36:58.987449 2936942 AriaExecutor.h:82] AriaExecutor 5 started. 
I0911 22:36:58.987483 2936943 AriaExecutor.h:82] AriaExecutor 6 started. 
I0911 22:36:58.987517 2936944 AriaExecutor.h:82] AriaExecutor 7 started. 
I0911 22:36:58.987552 2936945 AriaExecutor.h:82] AriaExecutor 8 started. 
I0911 22:36:58.987583 2936946 AriaExecutor.h:82] AriaExecutor 9 started. 
I0911 22:36:58.987620 2936947 AriaExecutor.h:82] AriaExecutor 10 started. 
I0911 22:36:58.987661 2936948 AriaExecutor.h:82] AriaExecutor 11 started. 
I0911 22:36:58.987697 2936949 AriaExecutor.h:82] AriaExecutor 12 started. 
I0911 22:36:58.987730 2936950 AriaExecutor.h:82] AriaExecutor 13 started. 
I0911 22:36:58.987761 2936951 AriaExecutor.h:82] AriaExecutor 14 started. 
I0911 22:36:58.987790 2936952 AriaExecutor.h:82] AriaExecutor 15 started. 
I0911 22:36:58.987828 2936953 Manager.h:224] Manager(worker id = 16) on the coordinator node started.
I0911 22:36:59.987876 2936917 Coordinator.h:126] commit: 104588 abort: 167796 (0/167796/0), network size: 0, avg network size: 0, si_in_serializable: 0 0 %, local: 0 %
I0911 22:37:00.988003 2936917 Coordinator.h:126] commit: 104276 abort: 168108 (0/168108/0), network size: 0, avg network size: 0, si_in_serializable: 0 0 %, local: 0 %
I0911 22:37:01.988075 2936917 Coordinator.h:126] commit: 101127 abort: 162041 (0/162041/0), network size: 0, avg network size: 0, si_in_serializable: 0 0 %, local: 0 %
I0911 22:37:02.988147 2936917 Coordinator.h:126] commit: 102041 abort: 164199 (0/164199/0), network size: 0, avg network size: 0, si_in_serializable: 0 0 %, local: 0 %
I0911 22:37:03.988318 2936917 Coordinator.h:126] commit: 106034 abort: 171470 (0/171470/0), network size: 0, avg network size: 0, si_in_serializable: 0 0 %, local: 0 %
I0911 22:37:04.988430 2936917 Coordinator.h:126] commit: 106611 abort: 171917 (0/171917/0), network size: 0, avg network size: 0, si_in_serializable: 0 0 %, local: 0 %
I0911 22:37:05.988507 2936917 Coordinator.h:126] commit: 106612 abort: 172297 (0/172297/0), network size: 0, avg network size: 0, si_in_serializable: 0 0 %, local: 0 %
I0911 22:37:06.988591 2936917 Coordinator.h:126] commit: 106139 abort: 170984 (0/170984/0), network size: 0, avg network size: 0, si_in_serializable: 0 0 %, local: 0 %
I0911 22:37:07.988664 2936917 Coordinator.h:126] commit: 107340 abort: 172212 (0/172212/0), network size: 0, avg network size: 0, si_in_serializable: 0 0 %, local: 0 %
I0911 22:37:08.988736 2936917 Coordinator.h:126] commit: 103421 abort: 165891 (0/165891/0), network size: 0, avg network size: 0, si_in_serializable: 0 0 %, local: 0 %
I0911 22:37:09.988814 2936917 Coordinator.h:126] commit: 103550 abort: 167810 (0/167810/0), network size: 0, avg network size: 0, si_in_serializable: 0 0 %, local: 0 %
I0911 22:37:10.988919 2936917 Coordinator.h:126] commit: 106589 abort: 170915 (0/170915/0), network size: 0, avg network size: 0, si_in_serializable: 0 0 %, local: 0 %
I0911 22:37:11.989042 2936917 Coordinator.h:126] commit: 107226 abort: 172326 (0/172326/0), network size: 0, avg network size: 0, si_in_serializable: 0 0 %, local: 0 %
I0911 22:37:12.989116 2936917 Coordinator.h:126] commit: 106786 abort: 171742 (0/171742/0), network size: 0, avg network size: 0, si_in_serializable: 0 0 %, local: 0 %
I0911 22:37:13.989183 2936917 Coordinator.h:126] commit: 107174 abort: 172378 (0/172378/0), network size: 0, avg network size: 0, si_in_serializable: 0 0 %, local: 0 %
I0911 22:37:14.989259 2936917 Coordinator.h:126] commit: 107460 abort: 172092 (0/172092/0), network size: 0, avg network size: 0, si_in_serializable: 0 0 %, local: 0 %
I0911 22:37:15.989355 2936917 Coordinator.h:126] commit: 106851 abort: 171677 (0/171677/0), network size: 0, avg network size: 0, si_in_serializable: 0 0 %, local: 0 %
I0911 22:37:16.989434 2936917 Coordinator.h:126] commit: 106170 abort: 171334 (0/171334/0), network size: 0, avg network size: 0, si_in_serializable: 0 0 %, local: 0 %
I0911 22:37:17.989506 2936917 Coordinator.h:126] commit: 104282 abort: 169126 (0/169126/0), network size: 0, avg network size: 0, si_in_serializable: 0 0 %, local: 0 %
I0911 22:37:18.989579 2936917 Coordinator.h:126] commit: 106000 abort: 170480 (0/170480/0), network size: 0, avg network size: 0, si_in_serializable: 0 0 %, local: 0 %
I0911 22:37:19.989657 2936917 Coordinator.h:126] commit: 104810 abort: 168598 (0/168598/0), network size: 0, avg network size: 0, si_in_serializable: 0 0 %, local: 0 %
I0911 22:37:20.989725 2936917 Coordinator.h:126] commit: 106692 abort: 171836 (0/171836/0), network size: 0, avg network size: 0, si_in_serializable: 0 0 %, local: 0 %
I0911 22:37:21.989790 2936917 Coordinator.h:126] commit: 106638 abort: 171890 (0/171890/0), network size: 0, avg network size: 0, si_in_serializable: 0 0 %, local: 0 %
I0911 22:37:22.989857 2936917 Coordinator.h:126] commit: 107205 abort: 172347 (0/172347/0), network size: 0, avg network size: 0, si_in_serializable: 0 0 %, local: 0 %
I0911 22:37:23.989957 2936917 Coordinator.h:126] commit: 106650 abort: 171878 (0/171878/0), network size: 0, avg network size: 0, si_in_serializable: 0 0 %, local: 0 %
I0911 22:37:23.989979 2936917 Coordinator.h:152] average commit: 106209 abort: 170988 (0/170988/0), network size: 0, avg network size: 0, si_in_serializable: 0 0 %, local: 0 %
I0911 22:37:23.993360 2936948 AriaExecutor.h:94] AriaExecutor 11 exits. 
I0911 22:37:23.993366 2936952 AriaExecutor.h:94] AriaExecutor 15 exits. 
I0911 22:37:23.993379 2936946 AriaExecutor.h:94] AriaExecutor 9 exits. 
I0911 22:37:23.993388 2936944 AriaExecutor.h:94] AriaExecutor 7 exits. 
I0911 22:37:23.993369 2936937 AriaExecutor.h:94] AriaExecutor 0 exits. 
I0911 22:37:23.993382 2936953 Manager.h:227] Manager(worker id = 16) on the coordinator node exits.
I0911 22:37:23.993382 2936942 AriaExecutor.h:94] AriaExecutor 5 exits. 
I0911 22:37:23.993392 2936945 AriaExecutor.h:94] AriaExecutor 8 exits. 
I0911 22:37:23.993391 2936943 AriaExecutor.h:94] AriaExecutor 6 exits. 
I0911 22:37:23.993374 2936939 AriaExecutor.h:94] AriaExecutor 2 exits. 
I0911 22:37:23.993373 2936951 AriaExecutor.h:94] AriaExecutor 14 exits. 
I0911 22:37:23.993371 2936938 AriaExecutor.h:94] AriaExecutor 1 exits. 
I0911 22:37:23.993392 2936949 AriaExecutor.h:94] AriaExecutor 12 exits. 
I0911 22:37:23.993396 2936947 AriaExecutor.h:94] AriaExecutor 10 exits. 
I0911 22:37:23.993374 2936941 AriaExecutor.h:94] AriaExecutor 4 exits. 
I0911 22:37:23.993366 2936950 AriaExecutor.h:94] AriaExecutor 13 exits. 
I0911 22:37:23.993392 2936940 AriaExecutor.h:94] AriaExecutor 3 exits. 
I0911 22:37:23.989990 2936917 AriaExecutor.h:535] Worker 0 latency: 3051 us (50%) 3374 us (75%) 3566 us (95%) 3634 us (99%).
I0911 22:37:23.998368 2936917 AriaExecutor.h:535] Worker 1 latency: 3044 us (50%) 3369 us (75%) 3565 us (95%) 3632 us (99%).
I0911 22:37:24.006467 2936917 AriaExecutor.h:535] Worker 2 latency: 3049 us (50%) 3372 us (75%) 3566 us (95%) 3633 us (99%).
I0911 22:37:24.014605 2936917 AriaExecutor.h:535] Worker 3 latency: 3046 us (50%) 3372 us (75%) 3566 us (95%) 3632 us (99%).
I0911 22:37:24.022675 2936917 AriaExecutor.h:535] Worker 4 latency: 3047 us (50%) 3371 us (75%) 3566 us (95%) 3632 us (99%).
I0911 22:37:24.030879 2936917 AriaExecutor.h:535] Worker 5 latency: 3040 us (50%) 3370 us (75%) 3565 us (95%) 3631 us (99%).
I0911 22:37:24.038870 2936917 AriaExecutor.h:535] Worker 6 latency: 3053 us (50%) 3374 us (75%) 3567 us (95%) 3634 us (99%).
I0911 22:37:24.046973 2936917 AriaExecutor.h:535] Worker 7 latency: 3044 us (50%) 3372 us (75%) 3565 us (95%) 3631 us (99%).
I0911 22:37:24.055200 2936917 AriaExecutor.h:535] Worker 8 latency: 3051 us (50%) 3374 us (75%) 3567 us (95%) 3635 us (99%).
I0911 22:37:24.063282 2936917 AriaExecutor.h:535] Worker 9 latency: 3040 us (50%) 3369 us (75%) 3564 us (95%) 3630 us (99%).
I0911 22:37:24.071285 2936917 AriaExecutor.h:535] Worker 10 latency: 3058 us (50%) 3376 us (75%) 3567 us (95%) 3633 us (99%).
I0911 22:37:24.079361 2936917 AriaExecutor.h:535] Worker 11 latency: 3046 us (50%) 3369 us (75%) 3564 us (95%) 3630 us (99%).
I0911 22:37:24.087379 2936917 AriaExecutor.h:535] Worker 12 latency: 3057 us (50%) 3376 us (75%) 3566 us (95%) 3632 us (99%).
I0911 22:37:24.095427 2936917 AriaExecutor.h:535] Worker 13 latency: 3040 us (50%) 3368 us (75%) 3565 us (95%) 3631 us (99%).
I0911 22:37:24.103420 2936917 AriaExecutor.h:535] Worker 14 latency: 3057 us (50%) 3377 us (75%) 3567 us (95%) 3634 us (99%).
I0911 22:37:24.111456 2936917 AriaExecutor.h:535] Worker 15 latency: 3043 us (50%) 3370 us (75%) 3563 us (95%) 3629 us (99%).
I0911 22:37:24.119403 2936917 Coordinator.h:177] total commit: 106209
I0911 22:37:25.119518 2936917 Coordinator.h:192] Coordinator exits.
