I0911 22:51:58.422122 2939875 Database.h:65] ycsb initialization finished in 148 milliseconds.
I0911 22:51:58.422232 2939875 Coordinator.h:30] Coordinator initializes 16 workers.
I0911 22:51:58.437474 2939875 Coordinator.h:77] Coordinator starts to run 17 workers.
I0911 22:51:58.437529 2939895 AriaExecutor.h:82] AriaExecutor 0 started. 
I0911 22:51:58.437562 2939896 AriaExecutor.h:82] AriaExecutor 1 started. 
I0911 22:51:58.437603 2939897 AriaExecutor.h:82] AriaExecutor 2 started. 
I0911 22:51:58.437660 2939898 AriaExecutor.h:82] AriaExecutor 3 started. 
I0911 22:51:58.437686 2939899 AriaExecutor.h:82] AriaExecutor 4 started. 
I0911 22:51:58.437731 2939900 AriaExecutor.h:82] AriaExecutor 5 started. 
I0911 22:51:58.437759 2939901 AriaExecutor.h:82] AriaExecutor 6 started. 
I0911 22:51:58.437801 2939902 AriaExecutor.h:82] AriaExecutor 7 started. 
I0911 22:51:58.437842 2939903 AriaExecutor.h:82] AriaExecutor 8 started. 
I0911 22:51:58.437893 2939904 AriaExecutor.h:82] AriaExecutor 9 started. 
I0911 22:51:58.437923 2939905 AriaExecutor.h:82] AriaExecutor 10 started. 
I0911 22:51:58.437961 2939906 AriaExecutor.h:82] AriaExecutor 11 started. 
I0911 22:51:58.437995 2939907 AriaExecutor.h:82] AriaExecutor 12 started. 
I0911 22:51:58.438040 2939908 AriaExecutor.h:82] AriaExecutor 13 started. 
I0911 22:51:58.438072 2939909 AriaExecutor.h:82] AriaExecutor 14 started. 
I0911 22:51:58.438115 2939910 AriaExecutor.h:82] AriaExecutor 15 started. 
I0911 22:51:58.438155 2939911 Manager.h:224] Manager(worker id = 16) on the coordinator node started.
I0911 22:51:59.438205 2939875 Coordinator.h:126] commit: 7645 abort: 250403 (0/250403/0), network size: 0, avg network size: 0, si_in_serializable: 0 0 %, local: 0 %
I0911 22:52:00.438313 2939875 Coordinator.h:126] commit: 7930 abort: 258310 (0/258310/0), network size: 0, avg network size: 0, si_in_serializable: 0 0 %, local: 0 %
I0911 22:52:01.438386 2939875 Coordinator.h:126] commit: 8051 abort: 252045 (0/252045/0), network size: 0, avg network size: 0, si_in_serializable: 0 0 %, local: 0 %
I0911 22:52:02.438457 2939875 Coordinator.h:126] commit: 7912 abort: 254232 (0/254232/0), network size: 0, avg network size: 0, si_in_serializable: 0 0 %, local: 0 %
I0911 22:52:03.438550 2939875 Coordinator.h:126] commit: 8380 abort: 267730 (0/267730/0), network size: 0, avg network size: 0, si_in_serializable: 0 0 %, local: 0 %
I0911 22:52:04.438627 2939875 Coordinator.h:126] commit: 8454 abort: 268396 (0/268396/0), network size: 0, avg network size: 0, si_in_serializable: 0 0 %, local: 0 %
I0911 22:52:05.438694 2939875 Coordinator.h:126] commit: 8365 abort: 268115 (0/268115/0), network size: 0, avg network size: 0, si_in_serializable: 0 0 %, local: 0 %
I0911 22:52:06.438761 2939875 Coordinator.h:126] commit: 8391 abort: 268089 (0/268089/0), network size: 0, avg network size: 0, si_in_serializable: 0 0 %, local: 0 %
I0911 22:52:07.438829 2939875 Coordinator.h:126] commit: 8197 abort: 262139 (0/262139/0), network size: 0, avg network size: 0, si_in_serializable: 0 0 %, local: 0 %
I0911 22:52:08.438903 2939875 Coordinator.h:126] commit: 8304 abort: 266128 (0/266128/0), network size: 0, avg network size: 0, si_in_serializable: 0 0 %, local: 0 %
I0911 22:52:09.438987 2939875 Coordinator.h:126] commit: 8591 abort: 271985 (0/271985/0), network size: 0, avg network size: 0, si_in_serializable: 0 0 %, local: 0 %
I0911 22:52:10.439091 2939875 Coordinator.h:126] commit: 8465 abort: 272111 (0/272111/0), network size: 0, avg network size: 0, si_in_serializable: 0 0 %, local: 0 %
I0911 22:52:11.439169 2939875 Coordinator.h:126] commit: 8432 abort: 270096 (0/270096/0), network size: 0, avg network size: 0, si_in_serializable: 0 0 %, local: 0 %
I0911 22:52:12.439244 2939875 Coordinator.h:126] commit: 8570 abort: 274054 (0/274054/0), network size: 0, avg network size: 0, si_in_serializable: 0 0 %, local: 0 %
I0911 22:52:13.439321 2939875 Coordinator.h:126] commit: 8425 abort: 274199 (0/274199/0), network size: 0, avg network size: 0, si_in_serializable: 0 0 %, local: 0 %
I0911 22:52:14.439402 2939875 Coordinator.h:126] commit: 8540 abort: 274084 (0/274084/0), network size: 0, avg network size: 0, si_in_serializable: 0 0 %, local: 0 %
I0911 22:52:15.439477 2939875 Coordinator.h:126] commit: 8310 abort: 266122 (0/266122/0), network size: 0, avg network size: 0, si_in_serializable: 0 0 %, local: 0 %
I0911 22:52:16.439550 2939875 Coordinator.h:126] commit: 8382 abort: 268098 (0/268098/0), network size: 0, avg network size: 0, si_in_serializable: 0 0 %, local: 0 %
I0911 22:52:17.439649 2939875 Coordinator.h:126] commit: 8460 abort: 272116 (0/272116/0), network size: 0, avg network size: 0, si_in_serializable: 0 0 %, local: 0 %
I0911 22:52:18.439730 2939875 Coordinator.h:126] commit: 8458 abort: 274166 (0/274166/0), network size: 0, avg network size: 0, si_in_serializable: 0 0 %, local: 0 %
I0911 22:52:19.439800 2939875 Coordinator.h:126] commit: 8453 abort: 272123 (0/272123/0), network size: 0, avg network size: 0, si_in_serializable: 0 0 %, local: 0 %
I0911 22:52:20.439874 2939875 Coordinator.h:126] commit: 8534 abort: 272042 (0/272042/0), network size: 0, avg network size: 0, si_in_serializable: 0 0 %, local: 0 %
I0911 22:52:21.439944 2939875 Coordinator.h:126] commit: 8572 abort: 274052 (0/274052/0), network size: 0, avg network size: 0, si_in_serializable: 0 0 %, local: 0 %
I0911 22:52:22.440021 2939875 Coordinator.h:126] commit: 8404 abort: 272172 (0/272172/0), network size: 0, avg network size: 0, si_in_serializable: 0 0 %, local: 0 %
I0911 22:52:23.440090 2939875 Coordinator.h:126] commit: 8580 abort: 274044 (0/274044/0), network size: 0, avg network size: 0, si_in_serializable: 0 0 %, local: 0 %
I0911 22:52:23.440110 2939875 Coordinator.h:152] average commit: 8463.3 abort: 271703 (0/271703/0), network size: 0, avg network size: 0, si_in_serializable: 0 0 %, local: 0 %
I0911 22:52:23.440121 2939875 AriaExecutor.h:535] Worker 0 latency: 7174 us (50%) 7260 us (75%) 7533 us (95%) 7941 us (99%).
I0911 22:52:23.444705 2939911 Manager.h:227] Manager(worker id = 16) on the coordinator node exits.
I0911 22:52:23.444708 2939895 AriaExecutor.h:94] AriaExecutor 0 exits. 
I0911 22:52:23.444710 2939903 AriaExecutor.h:94] AriaExecutor 8 exits. 
I0911 22:52:23.444710 2939897 AriaExecutor.h:94] AriaExecutor 2 exits. 
I0911 22:52:23.444725 2939900 AriaExecutor.h:94] AriaExecutor 5 exits. 
I0911 22:52:23.444723 2939907 AriaExecutor.h:94] AriaExecutor 12 exits. 
I0911 22:52:23.444708 2939901 AriaExecutor.h:94] AriaExecutor 6 exits. 
I0911 22:52:23.444723 2939910 AriaExecutor.h:94] AriaExecutor 15 exits. 
I0911 22:52:23.444711 2939899 AriaExecutor.h:94] AriaExecutor 4 exits. 
I0911 22:52:23.444710 2939905 AriaExecutor.h:94] AriaExecutor 10 exits. 
I0911 22:52:23.444710 2939909 AriaExecutor.h:94] AriaExecutor 14 exits. 
I0911 22:52:23.444725 2939904 AriaExecutor.h:94] AriaExecutor 9 exits. 
I0911 22:52:23.444725 2939902 AriaExecutor.h:94] AriaExecutor 7 exits. 
I0911 22:52:23.444726 2939896 AriaExecutor.h:94] AriaExecutor 1 exits. 
I0911 22:52:23.444725 2939906 AriaExecutor.h:94] AriaExecutor 11 exits. 
I0911 22:52:23.444725 2939908 AriaExecutor.h:94] AriaExecutor 13 exits. 
I0911 22:52:23.444725 2939898 AriaExecutor.h:94] AriaExecutor 3 exits. 
I0911 22:52:23.444903 2939875 AriaExecutor.h:535] Worker 1 latency: 7174 us (50%) 7258 us (75%) 7528 us (95%) 7928 us (99%).
I0911 22:52:23.445698 2939875 AriaExecutor.h:535] Worker 2 latency: 7173 us (50%) 7260 us (75%) 7547 us (95%) 7970 us (99%).
I0911 22:52:23.446398 2939875 AriaExecutor.h:535] Worker 3 latency: 7173 us (50%) 7257 us (75%) 7535 us (95%) 7931 us (99%).
I0911 22:52:23.447108 2939875 AriaExecutor.h:535] Worker 4 latency: 7173 us (50%) 7260 us (75%) 7543 us (95%) 7956 us (99%).
I0911 22:52:23.447817 2939875 AriaExecutor.h:535] Worker 5 latency: 7172 us (50%) 7257 us (75%) 7540 us (95%) 7993 us (99%).
I0911 22:52:23.448513 2939875 AriaExecutor.h:535] Worker 6 latency: 7170 us (50%) 7259 us (75%) 7550 us (95%) 8102 us (99%).
I0911 22:52:23.449196 2939875 AriaExecutor.h:535] Worker 7 latency: 7170 us (50%) 7254 us (75%) 7525 us (95%) 7891 us (99%).
I0911 22:52:23.449877 2939875 AriaExecutor.h:535] Worker 8 latency: 7168 us (50%) 7253 us (75%) 7529 us (95%) 7885 us (99%).
I0911 22:52:23.450520 2939875 AriaExecutor.h:535] Worker 9 latency: 7165 us (50%) 7251 us (75%) 7520 us (95%) 7969 us (99%).
I0911 22:52:23.451184 2939875 AriaExecutor.h:535] Worker 10 latency: 7165 us (50%) 7254 us (75%) 7524 us (95%) 7930 us (99%).
I0911 22:52:23.451809 2939875 AriaExecutor.h:535] Worker 11 latency: 7161 us (50%) 7249 us (75%) 7516 us (95%) 7920 us (99%).
I0911 22:52:23.452445 2939875 AriaExecutor.h:535] Worker 12 latency: 7163 us (50%) 7253 us (75%) 7528 us (95%) 7935 us (99%).
I0911 22:52:23.453071 2939875 AriaExecutor.h:535] Worker 13 latency: 7161 us (50%) 7248 us (75%) 7515 us (95%) 7855 us (99%).
I0911 22:52:23.453681 2939875 AriaExecutor.h:535] Worker 14 latency: 7160 us (50%) 7250 us (75%) 7522 us (95%) 7913 us (99%).
I0911 22:52:23.454295 2939875 AriaExecutor.h:535] Worker 15 latency: 7157 us (50%) 7249 us (75%) 7519 us (95%) 7929 us (99%).
I0911 22:52:23.454901 2939875 Coordinator.h:177] total commit: 8463.3
I0911 22:52:24.455017 2939875 Coordinator.h:192] Coordinator exits.
