I1126 15:55:11.618862 1023945 Database.h:65] ycsb initialization finished in 30 milliseconds.
I1126 15:55:11.618956 1023945 Coordinator.h:30] Coordinator initializes 12 workers.
I1126 15:55:11.626636 1023945 Coordinator.h:77] Coordinator starts to run 13 workers.
I1126 15:55:11.626683 1023963 AriaExecutor.h:93] AriaExecutor 0 started. 
I1126 15:55:11.626711 1023964 AriaExecutor.h:93] AriaExecutor 1 started. 
I1126 15:55:11.626749 1023965 AriaExecutor.h:93] AriaExecutor 2 started. 
I1126 15:55:11.626791 1023966 AriaExecutor.h:93] AriaExecutor 3 started. 
I1126 15:55:11.626873 1023968 AriaExecutor.h:93] AriaExecutor 5 started. 
I1126 15:55:11.626914 1023969 AriaExecutor.h:93] AriaExecutor 6 started. 
I1126 15:55:11.626950 1023970 AriaExecutor.h:93] AriaExecutor 7 started. 
I1126 15:55:11.626987 1023971 AriaExecutor.h:93] AriaExecutor 8 started. 
I1126 15:55:11.627030 1023972 AriaExecutor.h:93] AriaExecutor 9 started. 
I1126 15:55:11.627074 1023973 AriaExecutor.h:93] AriaExecutor 10 started. 
I1126 15:55:11.627116 1023974 AriaExecutor.h:93] AriaExecutor 11 started. 
I1126 15:55:11.627142 1023967 AriaExecutor.h:93] AriaExecutor 4 started. 
I1126 15:55:11.627146 1023975 Manager.h:224] Manager(worker id = 12) on the coordinator node started.
I1126 15:55:12.627207 1023945 Coordinator.h:126] commit: 871175 abort: 4825 (0/4825/0), network size: 0, avg network size: 0, si_in_serializable: 0 0 %, local: 0 %
I1126 15:55:13.627321 1023945 Coordinator.h:126] commit: 859206 abort: 4794 (0/4794/0), network size: 0, avg network size: 0, si_in_serializable: 0 0 %, local: 0 %
I1126 15:55:14.627424 1023945 Coordinator.h:126] commit: 874297 abort: 4703 (0/4703/0), network size: 0, avg network size: 0, si_in_serializable: 0 0 %, local: 0 %
I1126 15:55:15.627521 1023945 Coordinator.h:126] commit: 872199 abort: 4801 (0/4801/0), network size: 0, avg network size: 0, si_in_serializable: 0 0 %, local: 0 %
I1126 15:55:16.627622 1023945 Coordinator.h:126] commit: 876161 abort: 4839 (0/4839/0), network size: 0, avg network size: 0, si_in_serializable: 0 0 %, local: 0 %
I1126 15:55:17.627696 1023945 Coordinator.h:126] commit: 867410 abort: 4590 (0/4590/0), network size: 0, avg network size: 0, si_in_serializable: 0 0 %, local: 0 %
I1126 15:55:18.627786 1023945 Coordinator.h:126] commit: 874211 abort: 4789 (0/4789/0), network size: 0, avg network size: 0, si_in_serializable: 0 0 %, local: 0 %
I1126 15:55:19.627864 1023945 Coordinator.h:126] commit: 866327 abort: 4673 (0/4673/0), network size: 0, avg network size: 0, si_in_serializable: 0 0 %, local: 0 %
I1126 15:55:20.627938 1023945 Coordinator.h:126] commit: 875247 abort: 4753 (0/4753/0), network size: 0, avg network size: 0, si_in_serializable: 0 0 %, local: 0 %
I1126 15:55:21.628032 1023945 Coordinator.h:126] commit: 878196 abort: 4804 (0/4804/0), network size: 0, avg network size: 0, si_in_serializable: 0 0 %, local: 0 %
I1126 15:55:22.628108 1023945 Coordinator.h:126] commit: 876091 abort: 4909 (0/4909/0), network size: 0, avg network size: 0, si_in_serializable: 0 0 %, local: 0 %
I1126 15:55:23.628178 1023945 Coordinator.h:126] commit: 878187 abort: 4813 (0/4813/0), network size: 0, avg network size: 0, si_in_serializable: 0 0 %, local: 0 %
I1126 15:55:24.628247 1023945 Coordinator.h:126] commit: 878318 abort: 4682 (0/4682/0), network size: 0, avg network size: 0, si_in_serializable: 0 0 %, local: 0 %
I1126 15:55:25.628324 1023945 Coordinator.h:126] commit: 877188 abort: 4812 (0/4812/0), network size: 0, avg network size: 0, si_in_serializable: 0 0 %, local: 0 %
I1126 15:55:26.628415 1023945 Coordinator.h:126] commit: 823525 abort: 4475 (0/4475/0), network size: 0, avg network size: 0, si_in_serializable: 0 0 %, local: 0 %
I1126 15:55:27.628489 1023945 Coordinator.h:126] commit: 878188 abort: 4812 (0/4812/0), network size: 0, avg network size: 0, si_in_serializable: 0 0 %, local: 0 %
I1126 15:55:28.628557 1023945 Coordinator.h:126] commit: 877233 abort: 4767 (0/4767/0), network size: 0, avg network size: 0, si_in_serializable: 0 0 %, local: 0 %
I1126 15:55:29.628628 1023945 Coordinator.h:126] commit: 878056 abort: 4944 (0/4944/0), network size: 0, avg network size: 0, si_in_serializable: 0 0 %, local: 0 %
I1126 15:55:30.628726 1023945 Coordinator.h:126] commit: 873182 abort: 4818 (0/4818/0), network size: 0, avg network size: 0, si_in_serializable: 0 0 %, local: 0 %
I1126 15:55:31.628822 1023945 Coordinator.h:126] commit: 878193 abort: 4807 (0/4807/0), network size: 0, avg network size: 0, si_in_serializable: 0 0 %, local: 0 %
I1126 15:55:32.628899 1023945 Coordinator.h:126] commit: 877188 abort: 4812 (0/4812/0), network size: 0, avg network size: 0, si_in_serializable: 0 0 %, local: 0 %
I1126 15:55:33.628981 1023945 Coordinator.h:126] commit: 878140 abort: 4860 (0/4860/0), network size: 0, avg network size: 0, si_in_serializable: 0 0 %, local: 0 %
I1126 15:55:34.629052 1023945 Coordinator.h:126] commit: 876167 abort: 4833 (0/4833/0), network size: 0, avg network size: 0, si_in_serializable: 0 0 %, local: 0 %
I1126 15:55:35.629127 1023945 Coordinator.h:126] commit: 875176 abort: 4824 (0/4824/0), network size: 0, avg network size: 0, si_in_serializable: 0 0 %, local: 0 %
I1126 15:55:36.629220 1023945 Coordinator.h:126] commit: 878329 abort: 4671 (0/4671/0), network size: 0, avg network size: 0, si_in_serializable: 0 0 %, local: 0 %
I1126 15:55:36.629233 1023945 Coordinator.h:152] average commit: 871816 abort: 4783.9 (0/4783.9/0), network size: 0, avg network size: 0, si_in_serializable: 0 0 %, local: 0 %
I1126 15:55:36.629364 1023975 Manager.h:227] Manager(worker id = 12) on the coordinator node exits.
I1126 15:55:36.629369 1023963 AriaExecutor.h:105] AriaExecutor 0 exits. 
I1126 15:55:36.629374 1023973 AriaExecutor.h:105] AriaExecutor 10 exits. 
I1126 15:55:36.629376 1023965 AriaExecutor.h:105] AriaExecutor 2 exits. 
I1126 15:55:36.629388 1023968 AriaExecutor.h:105] AriaExecutor 5 exits. 
I1126 15:55:36.629377 1023969 AriaExecutor.h:105] AriaExecutor 6 exits. 
I1126 15:55:36.629375 1023967 AriaExecutor.h:105] AriaExecutor 4 exits. 
I1126 15:55:36.629375 1023971 AriaExecutor.h:105] AriaExecutor 8 exits. 
I1126 15:55:36.629385 1023970 AriaExecutor.h:105] AriaExecutor 7 exits. 
I1126 15:55:36.629386 1023974 AriaExecutor.h:105] AriaExecutor 11 exits. 
I1126 15:55:36.629388 1023966 AriaExecutor.h:105] AriaExecutor 3 exits. 
I1126 15:55:36.629388 1023964 AriaExecutor.h:105] AriaExecutor 1 exits. 
I1126 15:55:36.629385 1023972 AriaExecutor.h:105] AriaExecutor 9 exits. 
I1126 15:55:36.629240 1023945 AriaExecutor.h:672] Worker 0 latency: 664 us (50%) 877 us (75%) 1048 us (95%) 1084 us (99%).
I1126 15:55:36.705137 1023945 AriaExecutor.h:672] Worker 1 latency: 662 us (50%) 876 us (75%) 1047 us (95%) 1083 us (99%).
I1126 15:55:36.781291 1023945 AriaExecutor.h:672] Worker 2 latency: 664 us (50%) 877 us (75%) 1048 us (95%) 1084 us (99%).
I1126 15:55:36.856928 1023945 AriaExecutor.h:672] Worker 3 latency: 660 us (50%) 875 us (75%) 1047 us (95%) 1083 us (99%).
I1126 15:55:36.933027 1023945 AriaExecutor.h:672] Worker 4 latency: 670 us (50%) 880 us (75%) 1049 us (95%) 1084 us (99%).
I1126 15:55:37.006471 1023945 AriaExecutor.h:672] Worker 5 latency: 667 us (50%) 878 us (75%) 1047 us (95%) 1083 us (99%).
I1126 15:55:37.082798 1023945 AriaExecutor.h:672] Worker 6 latency: 670 us (50%) 880 us (75%) 1049 us (95%) 1084 us (99%).
I1126 15:55:37.158196 1023945 AriaExecutor.h:672] Worker 7 latency: 668 us (50%) 878 us (75%) 1047 us (95%) 1083 us (99%).
I1126 15:55:37.232250 1023945 AriaExecutor.h:672] Worker 8 latency: 670 us (50%) 880 us (75%) 1049 us (95%) 1084 us (99%).
I1126 15:55:37.306128 1023945 AriaExecutor.h:672] Worker 9 latency: 668 us (50%) 878 us (75%) 1047 us (95%) 1083 us (99%).
I1126 15:55:37.382452 1023945 AriaExecutor.h:672] Worker 10 latency: 669 us (50%) 880 us (75%) 1048 us (95%) 1084 us (99%).
I1126 15:55:37.456882 1023945 AriaExecutor.h:672] Worker 11 latency: 667 us (50%) 878 us (75%) 1047 us (95%) 1083 us (99%).
I1126 15:55:37.533988 1023945 Coordinator.h:177] total commit: 871816
I1126 15:55:38.534103 1023945 Coordinator.h:192] Coordinator exits.
