I1126 15:59:11.321977 1026588 Database.h:65] ycsb initialization finished in 30 milliseconds.
I1126 15:59:11.322081 1026588 Coordinator.h:30] Coordinator initializes 12 workers.
I1126 15:59:11.394454 1026588 Coordinator.h:77] Coordinator starts to run 13 workers.
I1126 15:59:11.394515 1026604 AriaExecutor.h:93] AriaExecutor 0 started. 
I1126 15:59:11.394554 1026605 AriaExecutor.h:93] AriaExecutor 1 started. 
I1126 15:59:11.394605 1026606 AriaExecutor.h:93] AriaExecutor 2 started. 
I1126 15:59:11.394647 1026607 AriaExecutor.h:93] AriaExecutor 3 started. 
I1126 15:59:11.394723 1026609 AriaExecutor.h:93] AriaExecutor 5 started. 
I1126 15:59:11.394769 1026610 AriaExecutor.h:93] AriaExecutor 6 started. 
I1126 15:59:11.394804 1026611 AriaExecutor.h:93] AriaExecutor 7 started. 
I1126 15:59:11.394837 1026612 AriaExecutor.h:93] AriaExecutor 8 started. 
I1126 15:59:11.394884 1026613 AriaExecutor.h:93] AriaExecutor 9 started. 
I1126 15:59:11.394918 1026614 AriaExecutor.h:93] AriaExecutor 10 started. 
I1126 15:59:11.394958 1026615 AriaExecutor.h:93] AriaExecutor 11 started. 
I1126 15:59:11.394984 1026608 AriaExecutor.h:93] AriaExecutor 4 started. 
I1126 15:59:11.394989 1026616 Manager.h:224] Manager(worker id = 12) on the coordinator node started.
I1126 15:59:12.395051 1026588 Coordinator.h:126] commit: 838082 abort: 91918 (0/91918/0), network size: 0, avg network size: 0, si_in_serializable: 0 0 %, local: 0 %
I1126 15:59:13.395165 1026588 Coordinator.h:126] commit: 823979 abort: 89711 (0/89711/0), network size: 0, avg network size: 0, si_in_serializable: 0 0 %, local: 0 %
I1126 15:59:14.395277 1026588 Coordinator.h:126] commit: 834761 abort: 91548 (0/91548/0), network size: 0, avg network size: 0, si_in_serializable: 0 0 %, local: 0 %
I1126 15:59:15.395387 1026588 Coordinator.h:126] commit: 847472 abort: 92528 (0/92528/0), network size: 0, avg network size: 0, si_in_serializable: 0 0 %, local: 0 %
I1126 15:59:16.395495 1026588 Coordinator.h:126] commit: 838991 abort: 91009 (0/91009/0), network size: 0, avg network size: 0, si_in_serializable: 0 0 %, local: 0 %
I1126 15:59:17.395598 1026588 Coordinator.h:126] commit: 847675 abort: 92325 (0/92325/0), network size: 0, avg network size: 0, si_in_serializable: 0 0 %, local: 0 %
I1126 15:59:18.395704 1026588 Coordinator.h:126] commit: 829589 abort: 90411 (0/90411/0), network size: 0, avg network size: 0, si_in_serializable: 0 0 %, local: 0 %
I1126 15:59:19.395808 1026588 Coordinator.h:126] commit: 838573 abort: 91427 (0/91427/0), network size: 0, avg network size: 0, si_in_serializable: 0 0 %, local: 0 %
I1126 15:59:20.395923 1026588 Coordinator.h:126] commit: 847330 abort: 92670 (0/92670/0), network size: 0, avg network size: 0, si_in_serializable: 0 0 %, local: 0 %
I1126 15:59:21.396031 1026588 Coordinator.h:126] commit: 847432 abort: 92568 (0/92568/0), network size: 0, avg network size: 0, si_in_serializable: 0 0 %, local: 0 %
I1126 15:59:22.396116 1026588 Coordinator.h:126] commit: 838638 abort: 91362 (0/91362/0), network size: 0, avg network size: 0, si_in_serializable: 0 0 %, local: 0 %
I1126 15:59:23.396202 1026588 Coordinator.h:126] commit: 847027 abort: 92973 (0/92973/0), network size: 0, avg network size: 0, si_in_serializable: 0 0 %, local: 0 %
I1126 15:59:24.396272 1026588 Coordinator.h:126] commit: 847337 abort: 92663 (0/92663/0), network size: 0, avg network size: 0, si_in_serializable: 0 0 %, local: 0 %
I1126 15:59:25.396348 1026588 Coordinator.h:126] commit: 837937 abort: 92063 (0/92063/0), network size: 0, avg network size: 0, si_in_serializable: 0 0 %, local: 0 %
I1126 15:59:26.396442 1026588 Coordinator.h:126] commit: 827146 abort: 89944 (0/89944/0), network size: 0, avg network size: 0, si_in_serializable: 0 0 %, local: 0 %
I1126 15:59:27.396515 1026588 Coordinator.h:126] commit: 841431 abort: 91479 (0/91479/0), network size: 0, avg network size: 0, si_in_serializable: 0 0 %, local: 0 %
I1126 15:59:28.396587 1026588 Coordinator.h:126] commit: 847136 abort: 92864 (0/92864/0), network size: 0, avg network size: 0, si_in_serializable: 0 0 %, local: 0 %
I1126 15:59:29.396660 1026588 Coordinator.h:126] commit: 829663 abort: 90337 (0/90337/0), network size: 0, avg network size: 0, si_in_serializable: 0 0 %, local: 0 %
I1126 15:59:30.396762 1026588 Coordinator.h:126] commit: 837613 abort: 92387 (0/92387/0), network size: 0, avg network size: 0, si_in_serializable: 0 0 %, local: 0 %
I1126 15:59:31.396870 1026588 Coordinator.h:126] commit: 847224 abort: 92776 (0/92776/0), network size: 0, avg network size: 0, si_in_serializable: 0 0 %, local: 0 %
I1126 15:59:32.396961 1026588 Coordinator.h:126] commit: 847249 abort: 92751 (0/92751/0), network size: 0, avg network size: 0, si_in_serializable: 0 0 %, local: 0 %
I1126 15:59:33.397042 1026588 Coordinator.h:126] commit: 838757 abort: 91243 (0/91243/0), network size: 0, avg network size: 0, si_in_serializable: 0 0 %, local: 0 %
I1126 15:59:34.397140 1026588 Coordinator.h:126] commit: 847427 abort: 92573 (0/92573/0), network size: 0, avg network size: 0, si_in_serializable: 0 0 %, local: 0 %
I1126 15:59:35.397235 1026588 Coordinator.h:126] commit: 838117 abort: 91883 (0/91883/0), network size: 0, avg network size: 0, si_in_serializable: 0 0 %, local: 0 %
I1126 15:59:36.397334 1026588 Coordinator.h:126] commit: 847361 abort: 92639 (0/92639/0), network size: 0, avg network size: 0, si_in_serializable: 0 0 %, local: 0 %
I1126 15:59:36.397357 1026588 Coordinator.h:152] average commit: 840115 abort: 91884.8 (0/91884.8/0), network size: 0, avg network size: 0, si_in_serializable: 0 0 %, local: 0 %
I1126 15:59:36.406747 1026616 Manager.h:227] Manager(worker id = 12) on the coordinator node exits.
I1126 15:59:36.406752 1026606 AriaExecutor.h:105] AriaExecutor 2 exits. 
I1126 15:59:36.406747 1026608 AriaExecutor.h:105] AriaExecutor 4 exits. 
I1126 15:59:36.406764 1026609 AriaExecutor.h:105] AriaExecutor 5 exits. 
I1126 15:59:36.406754 1026610 AriaExecutor.h:105] AriaExecutor 6 exits. 
I1126 15:59:36.406755 1026614 AriaExecutor.h:105] AriaExecutor 10 exits. 
I1126 15:59:36.406764 1026607 AriaExecutor.h:105] AriaExecutor 3 exits. 
I1126 15:59:36.406764 1026613 AriaExecutor.h:105] AriaExecutor 9 exits. 
I1126 15:59:36.406764 1026611 AriaExecutor.h:105] AriaExecutor 7 exits. 
I1126 15:59:36.406764 1026615 AriaExecutor.h:105] AriaExecutor 11 exits. 
I1126 15:59:36.406749 1026612 AriaExecutor.h:105] AriaExecutor 8 exits. 
I1126 15:59:36.406766 1026605 AriaExecutor.h:105] AriaExecutor 1 exits. 
I1126 15:59:36.406750 1026604 AriaExecutor.h:105] AriaExecutor 0 exits. 
I1126 15:59:36.397365 1026588 AriaExecutor.h:672] Worker 0 latency: 6398 us (50%) 8289 us (75%) 9789 us (95%) 10092 us (99%).
I1126 15:59:36.474802 1026588 AriaExecutor.h:672] Worker 1 latency: 6386 us (50%) 8277 us (75%) 9779 us (95%) 10082 us (99%).
I1126 15:59:36.553413 1026588 AriaExecutor.h:672] Worker 2 latency: 6395 us (50%) 8283 us (75%) 9782 us (95%) 10085 us (99%).
I1126 15:59:36.630925 1026588 AriaExecutor.h:672] Worker 3 latency: 6371 us (50%) 8269 us (75%) 9777 us (95%) 10081 us (99%).
I1126 15:59:36.709560 1026588 AriaExecutor.h:672] Worker 4 latency: 6376 us (50%) 8270 us (75%) 9780 us (95%) 10086 us (99%).
I1126 15:59:36.787957 1026588 AriaExecutor.h:672] Worker 5 latency: 6352 us (50%) 8261 us (75%) 9776 us (95%) 10082 us (99%).
I1126 15:59:36.866204 1026588 AriaExecutor.h:672] Worker 6 latency: 6353 us (50%) 8251 us (75%) 9776 us (95%) 10083 us (99%).
I1126 15:59:36.943872 1026588 AriaExecutor.h:672] Worker 7 latency: 6353 us (50%) 8253 us (75%) 9773 us (95%) 10080 us (99%).
I1126 15:59:37.021777 1026588 AriaExecutor.h:672] Worker 8 latency: 6369 us (50%) 8263 us (75%) 9778 us (95%) 10083 us (99%).
I1126 15:59:37.098852 1026588 AriaExecutor.h:672] Worker 9 latency: 6368 us (50%) 8260 us (75%) 9773 us (95%) 10078 us (99%).
I1126 15:59:37.177199 1026588 AriaExecutor.h:672] Worker 10 latency: 6379 us (50%) 8272 us (75%) 9780 us (95%) 10085 us (99%).
I1126 15:59:37.255627 1026588 AriaExecutor.h:672] Worker 11 latency: 6375 us (50%) 8267 us (75%) 9776 us (95%) 10080 us (99%).
I1126 15:59:37.333719 1026588 Coordinator.h:177] total commit: 840115
I1126 15:59:38.333828 1026588 Coordinator.h:192] Coordinator exits.
