I1126 18:08:11.020685 1067930 Database.h:65] ycsb initialization finished in 30 milliseconds.
I1126 18:08:11.020787 1067930 Coordinator.h:30] Coordinator initializes 12 workers.
I1126 18:08:11.027631 1067930 Coordinator.h:77] Coordinator starts to run 13 workers.
I1126 18:08:11.027714 1067946 AriaExecutor.h:91] AriaExecutor 0 started. 
I1126 18:08:11.027742 1067947 AriaExecutor.h:91] AriaExecutor 1 started. 
I1126 18:08:11.027786 1067948 AriaExecutor.h:91] AriaExecutor 2 started. 
I1126 18:08:11.027827 1067949 AriaExecutor.h:91] AriaExecutor 3 started. 
I1126 18:08:11.027853 1067950 AriaExecutor.h:91] AriaExecutor 4 started. 
I1126 18:08:11.027894 1067951 AriaExecutor.h:91] AriaExecutor 5 started. 
I1126 18:08:11.027922 1067952 AriaExecutor.h:91] AriaExecutor 6 started. 
I1126 18:08:11.027967 1067953 AriaExecutor.h:91] AriaExecutor 7 started. 
I1126 18:08:11.028002 1067954 AriaExecutor.h:91] AriaExecutor 8 started. 
I1126 18:08:11.028043 1067955 AriaExecutor.h:91] AriaExecutor 9 started. 
I1126 18:08:11.028064 1067956 AriaExecutor.h:91] AriaExecutor 10 started. 
I1126 18:08:11.028107 1067957 AriaExecutor.h:91] AriaExecutor 11 started. 
I1126 18:08:11.028136 1067958 Manager.h:224] Manager(worker id = 12) on the coordinator node started.
I1126 18:08:12.028194 1067930 Coordinator.h:126] commit: 869443 abort: 460557 (0/460557/0), network size: 0, avg network size: 0, si_in_serializable: 0 0 %, local: 0 %
I1126 18:08:13.028311 1067930 Coordinator.h:126] commit: 863988 abort: 456012 (0/456012/0), network size: 0, avg network size: 0, si_in_serializable: 0 0 %, local: 0 %
I1126 18:08:14.028429 1067930 Coordinator.h:126] commit: 877286 abort: 462714 (0/462714/0), network size: 0, avg network size: 0, si_in_serializable: 0 0 %, local: 0 %
I1126 18:08:15.028522 1067930 Coordinator.h:126] commit: 877106 abort: 462894 (0/462894/0), network size: 0, avg network size: 0, si_in_serializable: 0 0 %, local: 0 %
I1126 18:08:16.028617 1067930 Coordinator.h:126] commit: 883543 abort: 466457 (0/466457/0), network size: 0, avg network size: 0, si_in_serializable: 0 0 %, local: 0 %
I1126 18:08:17.028715 1067930 Coordinator.h:126] commit: 870041 abort: 459959 (0/459959/0), network size: 0, avg network size: 0, si_in_serializable: 0 0 %, local: 0 %
I1126 18:08:18.028828 1067930 Coordinator.h:126] commit: 876787 abort: 463213 (0/463213/0), network size: 0, avg network size: 0, si_in_serializable: 0 0 %, local: 0 %
I1126 18:08:19.028921 1067930 Coordinator.h:126] commit: 871069 abort: 458931 (0/458931/0), network size: 0, avg network size: 0, si_in_serializable: 0 0 %, local: 0 %
I1126 18:08:20.029016 1067930 Coordinator.h:126] commit: 882807 abort: 467193 (0/467193/0), network size: 0, avg network size: 0, si_in_serializable: 0 0 %, local: 0 %
I1126 18:08:21.029105 1067930 Coordinator.h:126] commit: 877736 abort: 462264 (0/462264/0), network size: 0, avg network size: 0, si_in_serializable: 0 0 %, local: 0 %
I1126 18:08:22.029217 1067930 Coordinator.h:126] commit: 882588 abort: 467412 (0/467412/0), network size: 0, avg network size: 0, si_in_serializable: 0 0 %, local: 0 %
I1126 18:08:23.029331 1067930 Coordinator.h:126] commit: 877827 abort: 462173 (0/462173/0), network size: 0, avg network size: 0, si_in_serializable: 0 0 %, local: 0 %
I1126 18:08:24.029443 1067930 Coordinator.h:126] commit: 871953 abort: 458047 (0/458047/0), network size: 0, avg network size: 0, si_in_serializable: 0 0 %, local: 0 %
I1126 18:08:25.029554 1067930 Coordinator.h:126] commit: 883365 abort: 466635 (0/466635/0), network size: 0, avg network size: 0, si_in_serializable: 0 0 %, local: 0 %
I1126 18:08:26.029676 1067930 Coordinator.h:126] commit: 844569 abort: 445431 (0/445431/0), network size: 0, avg network size: 0, si_in_serializable: 0 0 %, local: 0 %
I1126 18:08:27.029793 1067930 Coordinator.h:126] commit: 883872 abort: 466128 (0/466128/0), network size: 0, avg network size: 0, si_in_serializable: 0 0 %, local: 0 %
I1126 18:08:28.029901 1067930 Coordinator.h:126] commit: 877608 abort: 462392 (0/462392/0), network size: 0, avg network size: 0, si_in_serializable: 0 0 %, local: 0 %
I1126 18:08:29.029999 1067930 Coordinator.h:126] commit: 876342 abort: 463658 (0/463658/0), network size: 0, avg network size: 0, si_in_serializable: 0 0 %, local: 0 %
I1126 18:08:30.030088 1067930 Coordinator.h:126] commit: 884022 abort: 465942 (0/465942/0), network size: 0, avg network size: 0, si_in_serializable: 0 0 %, local: 0 %
I1126 18:08:31.030184 1067930 Coordinator.h:126] commit: 876415 abort: 463621 (0/463621/0), network size: 0, avg network size: 0, si_in_serializable: 0 0 %, local: 0 %
I1126 18:08:32.030280 1067930 Coordinator.h:126] commit: 877056 abort: 462944 (0/462944/0), network size: 0, avg network size: 0, si_in_serializable: 0 0 %, local: 0 %
I1126 18:08:33.030381 1067930 Coordinator.h:126] commit: 884497 abort: 465503 (0/465503/0), network size: 0, avg network size: 0, si_in_serializable: 0 0 %, local: 0 %
I1126 18:08:34.030483 1067930 Coordinator.h:126] commit: 876553 abort: 463447 (0/463447/0), network size: 0, avg network size: 0, si_in_serializable: 0 0 %, local: 0 %
I1126 18:08:35.030587 1067930 Coordinator.h:126] commit: 876174 abort: 463826 (0/463826/0), network size: 0, avg network size: 0, si_in_serializable: 0 0 %, local: 0 %
I1126 18:08:36.030689 1067930 Coordinator.h:126] commit: 875989 abort: 464011 (0/464011/0), network size: 0, avg network size: 0, si_in_serializable: 0 0 %, local: 0 %
I1126 18:08:36.030725 1067930 Coordinator.h:152] average commit: 875856 abort: 462144 (0/462144/0), network size: 0, avg network size: 0, si_in_serializable: 0 0 %, local: 0 %
I1126 18:08:36.033025 1067958 Manager.h:227] Manager(worker id = 12) on the coordinator node exits.
I1126 18:08:36.033020 1067956 AriaExecutor.h:103] AriaExecutor 10 exits. 
I1126 18:08:36.033020 1067952 AriaExecutor.h:103] AriaExecutor 6 exits. 
I1126 18:08:36.033036 1067953 AriaExecutor.h:103] AriaExecutor 7 exits. 
I1126 18:08:36.033025 1067948 AriaExecutor.h:103] AriaExecutor 2 exits. 
I1126 18:08:36.033025 1067954 AriaExecutor.h:103] AriaExecutor 8 exits. 
I1126 18:08:36.033023 1067950 AriaExecutor.h:103] AriaExecutor 4 exits. 
I1126 18:08:36.033036 1067951 AriaExecutor.h:103] AriaExecutor 5 exits. 
I1126 18:08:36.033036 1067955 AriaExecutor.h:103] AriaExecutor 9 exits. 
I1126 18:08:36.033036 1067949 AriaExecutor.h:103] AriaExecutor 3 exits. 
I1126 18:08:36.033037 1067957 AriaExecutor.h:103] AriaExecutor 11 exits. 
I1126 18:08:36.033038 1067947 AriaExecutor.h:103] AriaExecutor 1 exits. 
I1126 18:08:36.033025 1067946 AriaExecutor.h:103] AriaExecutor 0 exits. 
I1126 18:08:36.030737 1067930 AriaExecutor.h:621] Worker 0 latency: 5956 us (50%) 6378 us (75%) 6664 us (95%) 6765 us (99%).
I1126 18:08:36.102463 1067930 AriaExecutor.h:621] Worker 1 latency: 5949 us (50%) 6374 us (75%) 6662 us (95%) 6762 us (99%).
I1126 18:08:36.174250 1067930 AriaExecutor.h:621] Worker 2 latency: 5957 us (50%) 6377 us (75%) 6662 us (95%) 6762 us (99%).
I1126 18:08:36.245764 1067930 AriaExecutor.h:621] Worker 3 latency: 5939 us (50%) 6368 us (75%) 6659 us (95%) 6759 us (99%).
I1126 18:08:36.318166 1067930 AriaExecutor.h:621] Worker 4 latency: 5950 us (50%) 6373 us (75%) 6660 us (95%) 6760 us (99%).
I1126 18:08:36.390043 1067930 AriaExecutor.h:621] Worker 5 latency: 5942 us (50%) 6370 us (75%) 6660 us (95%) 6760 us (99%).
I1126 18:08:36.462635 1067930 AriaExecutor.h:621] Worker 6 latency: 5940 us (50%) 6368 us (75%) 6658 us (95%) 6758 us (99%).
I1126 18:08:36.533800 1067930 AriaExecutor.h:621] Worker 7 latency: 5943 us (50%) 6371 us (75%) 6659 us (95%) 6758 us (99%).
I1126 18:08:36.608927 1067930 AriaExecutor.h:621] Worker 8 latency: 5951 us (50%) 6375 us (75%) 6662 us (95%) 6764 us (99%).
I1126 18:08:36.679528 1067930 AriaExecutor.h:621] Worker 9 latency: 5948 us (50%) 6374 us (75%) 6661 us (95%) 6759 us (99%).
I1126 18:08:36.754416 1067930 AriaExecutor.h:621] Worker 10 latency: 5961 us (50%) 6380 us (75%) 6663 us (95%) 6761 us (99%).
I1126 18:08:36.824281 1067930 AriaExecutor.h:621] Worker 11 latency: 5935 us (50%) 6367 us (75%) 6659 us (95%) 6758 us (99%).
I1126 18:08:36.896051 1067930 Coordinator.h:177] total commit: 875856
I1126 18:08:37.896168 1067930 Coordinator.h:192] Coordinator exits.
