I1126 13:56:17.020560 950716 Database.h:65] ycsb initialization finished in 30 milliseconds.
I1126 13:56:17.020655 950716 Coordinator.h:30] Coordinator initializes 12 workers.
I1126 13:56:17.092839 950716 Coordinator.h:77] Coordinator starts to run 13 workers.
I1126 13:56:17.092895 950732 AriaExecutor.h:82] AriaExecutor 0 started. 
I1126 13:56:17.092924 950733 AriaExecutor.h:82] AriaExecutor 1 started. 
I1126 13:56:17.092967 950734 AriaExecutor.h:82] AriaExecutor 2 started. 
I1126 13:56:17.093009 950735 AriaExecutor.h:82] AriaExecutor 3 started. 
I1126 13:56:17.093096 950737 AriaExecutor.h:82] AriaExecutor 5 started. 
I1126 13:56:17.093137 950738 AriaExecutor.h:82] AriaExecutor 6 started. 
I1126 13:56:17.093174 950739 AriaExecutor.h:82] AriaExecutor 7 started. 
I1126 13:56:17.093206 950740 AriaExecutor.h:82] AriaExecutor 8 started. 
I1126 13:56:17.093259 950741 AriaExecutor.h:82] AriaExecutor 9 started. 
I1126 13:56:17.093302 950742 AriaExecutor.h:82] AriaExecutor 10 started. 
I1126 13:56:17.093340 950743 AriaExecutor.h:82] AriaExecutor 11 started. 
I1126 13:56:17.093372 950736 AriaExecutor.h:82] AriaExecutor 4 started. 
I1126 13:56:17.093377 950744 Manager.h:224] Manager(worker id = 12) on the coordinator node started.
I1126 13:56:18.093453 950716 Coordinator.h:126] commit: 17 abort: 159983 (0/159983/0), network size: 0, avg network size: 0, si_in_serializable: 0 0 %, local: 0 %
I1126 13:56:19.093576 950716 Coordinator.h:126] commit: 17 abort: 169983 (0/169983/0), network size: 0, avg network size: 0, si_in_serializable: 0 0 %, local: 0 %
I1126 13:56:20.093706 950716 Coordinator.h:126] commit: 17 abort: 169983 (0/169983/0), network size: 0, avg network size: 0, si_in_serializable: 0 0 %, local: 0 %
I1126 13:56:21.093816 950716 Coordinator.h:126] commit: 18 abort: 179982 (0/179982/0), network size: 0, avg network size: 0, si_in_serializable: 0 0 %, local: 0 %
I1126 13:56:22.093925 950716 Coordinator.h:126] commit: 18 abort: 169982 (0/169982/0), network size: 0, avg network size: 0, si_in_serializable: 0 0 %, local: 0 %
I1126 13:56:23.094033 950716 Coordinator.h:126] commit: 19 abort: 169981 (0/169981/0), network size: 0, avg network size: 0, si_in_serializable: 0 0 %, local: 0 %
I1126 13:56:24.094157 950716 Coordinator.h:126] commit: 17 abort: 169983 (0/169983/0), network size: 0, avg network size: 0, si_in_serializable: 0 0 %, local: 0 %
I1126 13:56:25.094271 950716 Coordinator.h:126] commit: 19 abort: 179981 (0/179981/0), network size: 0, avg network size: 0, si_in_serializable: 0 0 %, local: 0 %
I1126 13:56:26.094389 950716 Coordinator.h:126] commit: 18 abort: 169982 (0/169982/0), network size: 0, avg network size: 0, si_in_serializable: 0 0 %, local: 0 %
I1126 13:56:27.094492 950716 Coordinator.h:126] commit: 17 abort: 169983 (0/169983/0), network size: 0, avg network size: 0, si_in_serializable: 0 0 %, local: 0 %
I1126 13:56:28.094612 950716 Coordinator.h:126] commit: 17 abort: 169983 (0/169983/0), network size: 0, avg network size: 0, si_in_serializable: 0 0 %, local: 0 %
I1126 13:56:29.094717 950716 Coordinator.h:126] commit: 19 abort: 179981 (0/179981/0), network size: 0, avg network size: 0, si_in_serializable: 0 0 %, local: 0 %
I1126 13:56:30.094830 950716 Coordinator.h:126] commit: 17 abort: 169983 (0/169983/0), network size: 0, avg network size: 0, si_in_serializable: 0 0 %, local: 0 %
I1126 13:56:31.094947 950716 Coordinator.h:126] commit: 18 abort: 169982 (0/169982/0), network size: 0, avg network size: 0, si_in_serializable: 0 0 %, local: 0 %
I1126 13:56:32.095045 950716 Coordinator.h:126] commit: 18 abort: 179982 (0/179982/0), network size: 0, avg network size: 0, si_in_serializable: 0 0 %, local: 0 %
I1126 13:56:33.095119 950716 Coordinator.h:126] commit: 17 abort: 169983 (0/169983/0), network size: 0, avg network size: 0, si_in_serializable: 0 0 %, local: 0 %
I1126 13:56:34.095193 950716 Coordinator.h:126] commit: 18 abort: 169982 (0/169982/0), network size: 0, avg network size: 0, si_in_serializable: 0 0 %, local: 0 %
I1126 13:56:35.095299 950716 Coordinator.h:126] commit: 17 abort: 169983 (0/169983/0), network size: 0, avg network size: 0, si_in_serializable: 0 0 %, local: 0 %
I1126 13:56:36.095415 950716 Coordinator.h:126] commit: 18 abort: 179982 (0/179982/0), network size: 0, avg network size: 0, si_in_serializable: 0 0 %, local: 0 %
I1126 13:56:37.095507 950716 Coordinator.h:126] commit: 18 abort: 169982 (0/169982/0), network size: 0, avg network size: 0, si_in_serializable: 0 0 %, local: 0 %
I1126 13:56:38.095587 950716 Coordinator.h:126] commit: 17 abort: 169983 (0/169983/0), network size: 0, avg network size: 0, si_in_serializable: 0 0 %, local: 0 %
I1126 13:56:39.095662 950716 Coordinator.h:126] commit: 18 abort: 169982 (0/169982/0), network size: 0, avg network size: 0, si_in_serializable: 0 0 %, local: 0 %
I1126 13:56:40.095748 950716 Coordinator.h:126] commit: 19 abort: 179981 (0/179981/0), network size: 0, avg network size: 0, si_in_serializable: 0 0 %, local: 0 %
I1126 13:56:41.095845 950716 Coordinator.h:126] commit: 18 abort: 169982 (0/169982/0), network size: 0, avg network size: 0, si_in_serializable: 0 0 %, local: 0 %
I1126 13:56:42.095923 950716 Coordinator.h:126] commit: 17 abort: 169983 (0/169983/0), network size: 0, avg network size: 0, si_in_serializable: 0 0 %, local: 0 %
I1126 13:56:42.095934 950716 Coordinator.h:152] average commit: 17.7 abort: 172982 (0/172982/0), network size: 0, avg network size: 0, si_in_serializable: 0 0 %, local: 0 %
I1126 13:56:42.095944 950716 AriaExecutor.h:535] Worker 0 latency: 57699 us (50%) 57944 us (75%) 59016 us (95%) 66459 us (99%).
I1126 13:56:42.117081 950744 Manager.h:227] Manager(worker id = 12) on the coordinator node exits.
I1126 13:56:42.117081 950734 AriaExecutor.h:94] AriaExecutor 2 exits. 
I1126 13:56:42.117097 950743 AriaExecutor.h:94] AriaExecutor 11 exits. 
I1126 13:56:42.117084 950738 AriaExecutor.h:94] AriaExecutor 6 exits. 
I1126 13:56:42.117084 950740 AriaExecutor.h:94] AriaExecutor 8 exits. 
I1126 13:56:42.117085 950742 AriaExecutor.h:94] AriaExecutor 10 exits. 
I1126 13:56:42.117084 950732 AriaExecutor.h:94] AriaExecutor 0 exits. 
I1126 13:56:42.117097 950741 AriaExecutor.h:94] AriaExecutor 9 exits. 
I1126 13:56:42.117097 950737 AriaExecutor.h:94] AriaExecutor 5 exits. 
I1126 13:56:42.117098 950735 AriaExecutor.h:94] AriaExecutor 3 exits. 
I1126 13:56:42.117097 950739 AriaExecutor.h:94] AriaExecutor 7 exits. 
I1126 13:56:42.117097 950733 AriaExecutor.h:94] AriaExecutor 1 exits. 
I1126 13:56:42.117084 950736 AriaExecutor.h:94] AriaExecutor 4 exits. 
I1126 13:56:42.117301 950716 AriaExecutor.h:535] Worker 1 latency: 57476 us (50%) 57806 us (75%) 59582 us (95%) 59582 us (99%).
I1126 13:56:42.117412 950716 AriaExecutor.h:535] Worker 2 latency: 57540 us (50%) 57540 us (75%) 57540 us (95%) 57540 us (99%).
I1126 13:56:42.117421 950716 AriaExecutor.h:535] Worker 3 latency: 0 us (50%) 0 us (75%) 0 us (95%) 0 us (99%).
I1126 13:56:42.117425 950716 AriaExecutor.h:535] Worker 4 latency: 0 us (50%) 0 us (75%) 0 us (95%) 0 us (99%).
I1126 13:56:42.117462 950716 AriaExecutor.h:535] Worker 5 latency: 0 us (50%) 0 us (75%) 0 us (95%) 0 us (99%).
I1126 13:56:42.117483 950716 AriaExecutor.h:535] Worker 6 latency: 0 us (50%) 0 us (75%) 0 us (95%) 0 us (99%).
I1126 13:56:42.117496 950716 AriaExecutor.h:535] Worker 7 latency: 0 us (50%) 0 us (75%) 0 us (95%) 0 us (99%).
I1126 13:56:42.117509 950716 AriaExecutor.h:535] Worker 8 latency: 0 us (50%) 0 us (75%) 0 us (95%) 0 us (99%).
I1126 13:56:42.117518 950716 AriaExecutor.h:535] Worker 9 latency: 0 us (50%) 0 us (75%) 0 us (95%) 0 us (99%).
I1126 13:56:42.117530 950716 AriaExecutor.h:535] Worker 10 latency: 0 us (50%) 0 us (75%) 0 us (95%) 0 us (99%).
I1126 13:56:42.117540 950716 AriaExecutor.h:535] Worker 11 latency: 0 us (50%) 0 us (75%) 0 us (95%) 0 us (99%).
I1126 13:56:42.117560 950716 Coordinator.h:177] total commit: 17.7
I1126 13:56:43.117659 950716 Coordinator.h:192] Coordinator exits.
