I0911 23:48:28.974637 2950733 Database.h:65] ycsb initialization finished in 146 milliseconds.
I0911 23:48:28.974762 2950733 Coordinator.h:30] Coordinator initializes 16 workers.
I0911 23:48:28.990105 2950733 Coordinator.h:77] Coordinator starts to run 17 workers.
I0911 23:48:28.990161 2950754 AriaExecutor.h:82] AriaExecutor 0 started. 
I0911 23:48:28.990191 2950755 AriaExecutor.h:82] AriaExecutor 1 started. 
I0911 23:48:28.990234 2950756 AriaExecutor.h:82] AriaExecutor 2 started. 
I0911 23:48:28.990275 2950757 AriaExecutor.h:82] AriaExecutor 3 started. 
I0911 23:48:28.990310 2950758 AriaExecutor.h:82] AriaExecutor 4 started. 
I0911 23:48:28.990350 2950759 AriaExecutor.h:82] AriaExecutor 5 started. 
I0911 23:48:28.990392 2950760 AriaExecutor.h:82] AriaExecutor 6 started. 
I0911 23:48:28.990433 2950761 AriaExecutor.h:82] AriaExecutor 7 started. 
I0911 23:48:28.990465 2950762 AriaExecutor.h:82] AriaExecutor 8 started. 
I0911 23:48:28.990509 2950763 AriaExecutor.h:82] AriaExecutor 9 started. 
I0911 23:48:28.990540 2950764 AriaExecutor.h:82] AriaExecutor 10 started. 
I0911 23:48:28.990582 2950765 AriaExecutor.h:82] AriaExecutor 11 started. 
I0911 23:48:28.990626 2950766 AriaExecutor.h:82] AriaExecutor 12 started. 
I0911 23:48:28.990669 2950767 AriaExecutor.h:82] AriaExecutor 13 started. 
I0911 23:48:28.990703 2950768 AriaExecutor.h:82] AriaExecutor 14 started. 
I0911 23:48:28.990746 2950769 AriaExecutor.h:82] AriaExecutor 15 started. 
I0911 23:48:28.990780 2950770 Manager.h:224] Manager(worker id = 16) on the coordinator node started.
I0911 23:48:29.990819 2950733 Coordinator.h:126] commit: 1311950 abort: 17202 (0/17202/0), network size: 0, avg network size: 0, si_in_serializable: 0 0 %, local: 0 %
I0911 23:48:30.990907 2950733 Coordinator.h:126] commit: 1295862 abort: 16906 (0/16906/0), network size: 0, avg network size: 0, si_in_serializable: 0 0 %, local: 0 %
I0911 23:48:31.990983 2950733 Coordinator.h:126] commit: 1261343 abort: 16609 (0/16609/0), network size: 0, avg network size: 0, si_in_serializable: 0 0 %, local: 0 %
I0911 23:48:32.991060 2950733 Coordinator.h:126] commit: 1265490 abort: 16558 (0/16558/0), network size: 0, avg network size: 0, si_in_serializable: 0 0 %, local: 0 %
I0911 23:48:33.991151 2950733 Coordinator.h:126] commit: 1314129 abort: 17124 (0/17124/0), network size: 0, avg network size: 0, si_in_serializable: 0 0 %, local: 0 %
I0911 23:48:34.991215 2950733 Coordinator.h:126] commit: 1321918 abort: 17421 (0/17421/0), network size: 0, avg network size: 0, si_in_serializable: 0 0 %, local: 0 %
I0911 23:48:35.991277 2950733 Coordinator.h:126] commit: 1301956 abort: 16956 (0/16956/0), network size: 0, avg network size: 0, si_in_serializable: 0 0 %, local: 0 %
I0911 23:48:36.991355 2950733 Coordinator.h:126] commit: 1318191 abort: 17105 (0/17105/0), network size: 0, avg network size: 0, si_in_serializable: 0 0 %, local: 0 %
I0911 23:48:37.991415 2950733 Coordinator.h:126] commit: 1322011 abort: 17381 (0/17381/0), network size: 0, avg network size: 0, si_in_serializable: 0 0 %, local: 0 %
I0911 23:48:38.991474 2950733 Coordinator.h:126] commit: 1310036 abort: 17068 (0/17068/0), network size: 0, avg network size: 0, si_in_serializable: 0 0 %, local: 0 %
I0911 23:48:39.991537 2950733 Coordinator.h:126] commit: 1319941 abort: 17403 (0/17403/0), network size: 0, avg network size: 0, si_in_serializable: 0 0 %, local: 0 %
I0911 23:48:40.991596 2950733 Coordinator.h:126] commit: 1283700 abort: 16780 (0/16780/0), network size: 0, avg network size: 0, si_in_serializable: 0 0 %, local: 0 %
I0911 23:48:41.991657 2950733 Coordinator.h:126] commit: 1275843 abort: 16445 (0/16445/0), network size: 0, avg network size: 0, si_in_serializable: 0 0 %, local: 0 %
I0911 23:48:42.991721 2950733 Coordinator.h:126] commit: 1285956 abort: 16700 (0/16700/0), network size: 0, avg network size: 0, si_in_serializable: 0 0 %, local: 0 %
I0911 23:48:43.991784 2950733 Coordinator.h:126] commit: 1320053 abort: 17162 (0/17162/0), network size: 0, avg network size: 0, si_in_serializable: 0 0 %, local: 0 %
I0911 23:48:44.991865 2950733 Coordinator.h:126] commit: 1315979 abort: 17269 (0/17269/0), network size: 0, avg network size: 0, si_in_serializable: 0 0 %, local: 0 %
I0911 23:48:45.991935 2950733 Coordinator.h:126] commit: 1322089 abort: 17303 (0/17303/0), network size: 0, avg network size: 0, si_in_serializable: 0 0 %, local: 0 %
I0911 23:48:46.991994 2950733 Coordinator.h:126] commit: 1320076 abort: 17268 (0/17268/0), network size: 0, avg network size: 0, si_in_serializable: 0 0 %, local: 0 %
I0911 23:48:47.992058 2950733 Coordinator.h:126] commit: 1322219 abort: 17173 (0/17173/0), network size: 0, avg network size: 0, si_in_serializable: 0 0 %, local: 0 %
I0911 23:48:48.992117 2950733 Coordinator.h:126] commit: 1320136 abort: 17208 (0/17208/0), network size: 0, avg network size: 0, si_in_serializable: 0 0 %, local: 0 %
I0911 23:48:49.992177 2950733 Coordinator.h:126] commit: 1318113 abort: 17183 (0/17183/0), network size: 0, avg network size: 0, si_in_serializable: 0 0 %, local: 0 %
I0911 23:48:50.992238 2950733 Coordinator.h:126] commit: 1320355 abort: 16989 (0/16989/0), network size: 0, avg network size: 0, si_in_serializable: 0 0 %, local: 0 %
I0911 23:48:51.992303 2950733 Coordinator.h:126] commit: 1320322 abort: 17022 (0/17022/0), network size: 0, avg network size: 0, si_in_serializable: 0 0 %, local: 0 %
I0911 23:48:52.992363 2950733 Coordinator.h:126] commit: 1311604 abort: 17548 (0/17548/0), network size: 0, avg network size: 0, si_in_serializable: 0 0 %, local: 0 %
I0911 23:48:53.992427 2950733 Coordinator.h:126] commit: 1321726 abort: 17666 (0/17666/0), network size: 0, avg network size: 0, si_in_serializable: 0 0 %, local: 0 %
I0911 23:48:53.992439 2950733 Coordinator.h:152] average commit: 1.3086e+06 abort: 17071.1 (0/17071.1/0), network size: 0, avg network size: 0, si_in_serializable: 0 0 %, local: 0 %
I0911 23:48:53.993067 2950762 AriaExecutor.h:94] AriaExecutor 8 exits. 
I0911 23:48:53.993068 2950766 AriaExecutor.h:94] AriaExecutor 12 exits. 
I0911 23:48:53.993068 2950758 AriaExecutor.h:94] AriaExecutor 4 exits. 
I0911 23:48:53.993069 2950770 Manager.h:227] Manager(worker id = 16) on the coordinator node exits.
I0911 23:48:53.993069 2950760 AriaExecutor.h:94] AriaExecutor 6 exits. 
I0911 23:48:53.993088 2950761 AriaExecutor.h:94] AriaExecutor 7 exits. 
I0911 23:48:53.993089 2950759 AriaExecutor.h:94] AriaExecutor 5 exits. 
I0911 23:48:53.993090 2950755 AriaExecutor.h:94] AriaExecutor 1 exits. 
I0911 23:48:53.993069 2950756 AriaExecutor.h:94] AriaExecutor 2 exits. 
I0911 23:48:53.993088 2950757 AriaExecutor.h:94] AriaExecutor 3 exits. 
I0911 23:48:53.993089 2950769 AriaExecutor.h:94] AriaExecutor 15 exits. 
I0911 23:48:53.993070 2950764 AriaExecutor.h:94] AriaExecutor 10 exits. 
I0911 23:48:53.993073 2950754 AriaExecutor.h:94] AriaExecutor 0 exits. 
I0911 23:48:53.993096 2950767 AriaExecutor.h:94] AriaExecutor 13 exits. 
I0911 23:48:53.993090 2950765 AriaExecutor.h:94] AriaExecutor 11 exits. 
I0911 23:48:53.993073 2950768 AriaExecutor.h:94] AriaExecutor 14 exits. 
I0911 23:48:53.993093 2950763 AriaExecutor.h:94] AriaExecutor 9 exits. 
I0911 23:48:53.992447 2950733 AriaExecutor.h:641] Worker 0 latency: 882 us (50%) 1179 us (75%) 1417 us (95%) 1468 us (99%).
I0911 23:48:54.075508 2950733 AriaExecutor.h:641] Worker 1 latency: 880 us (50%) 1177 us (75%) 1415 us (95%) 1466 us (99%).
I0911 23:48:54.168120 2950733 AriaExecutor.h:641] Worker 2 latency: 887 us (50%) 1181 us (75%) 1417 us (95%) 1468 us (99%).
I0911 23:48:54.251343 2950733 AriaExecutor.h:641] Worker 3 latency: 881 us (50%) 1178 us (75%) 1415 us (95%) 1466 us (99%).
I0911 23:48:54.341915 2950733 AriaExecutor.h:641] Worker 4 latency: 884 us (50%) 1180 us (75%) 1417 us (95%) 1468 us (99%).
I0911 23:48:54.424923 2950733 AriaExecutor.h:641] Worker 5 latency: 879 us (50%) 1176 us (75%) 1415 us (95%) 1466 us (99%).
I0911 23:48:54.515663 2950733 AriaExecutor.h:641] Worker 6 latency: 887 us (50%) 1181 us (75%) 1417 us (95%) 1468 us (99%).
I0911 23:48:54.598825 2950733 AriaExecutor.h:641] Worker 7 latency: 880 us (50%) 1177 us (75%) 1415 us (95%) 1466 us (99%).
I0911 23:48:54.689656 2950733 AriaExecutor.h:641] Worker 8 latency: 881 us (50%) 1177 us (75%) 1416 us (95%) 1467 us (99%).
I0911 23:48:54.771979 2950733 AriaExecutor.h:641] Worker 9 latency: 878 us (50%) 1175 us (75%) 1415 us (95%) 1466 us (99%).
I0911 23:48:54.863329 2950733 AriaExecutor.h:641] Worker 10 latency: 886 us (50%) 1179 us (75%) 1417 us (95%) 1468 us (99%).
I0911 23:48:54.947317 2950733 AriaExecutor.h:641] Worker 11 latency: 882 us (50%) 1177 us (75%) 1415 us (95%) 1466 us (99%).
I0911 23:48:55.040335 2950733 AriaExecutor.h:641] Worker 12 latency: 887 us (50%) 1180 us (75%) 1417 us (95%) 1467 us (99%).
I0911 23:48:55.124009 2950733 AriaExecutor.h:641] Worker 13 latency: 878 us (50%) 1175 us (75%) 1415 us (95%) 1466 us (99%).
I0911 23:48:55.216073 2950733 AriaExecutor.h:641] Worker 14 latency: 888 us (50%) 1181 us (75%) 1417 us (95%) 1468 us (99%).
I0911 23:48:55.299268 2950733 AriaExecutor.h:641] Worker 15 latency: 881 us (50%) 1176 us (75%) 1415 us (95%) 1466 us (99%).
I0911 23:48:55.392664 2950733 Coordinator.h:177] total commit: 1.3086e+06
I0911 23:48:56.392779 2950733 Coordinator.h:192] Coordinator exits.
