I0911 23:37:04.324976 2948621 Database.h:65] ycsb initialization finished in 178 milliseconds.
I0911 23:37:04.325093 2948621 Coordinator.h:30] Coordinator initializes 16 workers.
I0911 23:37:04.332837 2948621 Coordinator.h:77] Coordinator starts to run 17 workers.
I0911 23:37:04.332882 2948641 AriaExecutor.h:82] AriaExecutor 0 started. 
I0911 23:37:04.332932 2948642 AriaExecutor.h:82] AriaExecutor 1 started. 
I0911 23:37:04.332968 2948643 AriaExecutor.h:82] AriaExecutor 2 started. 
I0911 23:37:04.333027 2948644 AriaExecutor.h:82] AriaExecutor 3 started. 
I0911 23:37:04.333037 2948645 AriaExecutor.h:82] AriaExecutor 4 started. 
I0911 23:37:04.333091 2948646 AriaExecutor.h:82] AriaExecutor 5 started. 
I0911 23:37:04.333109 2948647 AriaExecutor.h:82] AriaExecutor 6 started. 
I0911 23:37:04.333159 2948648 AriaExecutor.h:82] AriaExecutor 7 started. 
I0911 23:37:04.333196 2948649 AriaExecutor.h:82] AriaExecutor 8 started. 
I0911 23:37:04.333241 2948650 AriaExecutor.h:82] AriaExecutor 9 started. 
I0911 23:37:04.333274 2948651 AriaExecutor.h:82] AriaExecutor 10 started. 
I0911 23:37:04.333318 2948652 AriaExecutor.h:82] AriaExecutor 11 started. 
I0911 23:37:04.333353 2948653 AriaExecutor.h:82] AriaExecutor 12 started. 
I0911 23:37:04.333402 2948654 AriaExecutor.h:82] AriaExecutor 13 started. 
I0911 23:37:04.333436 2948655 AriaExecutor.h:82] AriaExecutor 14 started. 
I0911 23:37:04.333477 2948656 AriaExecutor.h:82] AriaExecutor 15 started. 
I0911 23:37:04.333513 2948657 Manager.h:224] Manager(worker id = 16) on the coordinator node started.
I0911 23:37:05.333563 2948621 Coordinator.h:126] commit: 1096580 abort: 7292 (0/7292/0), network size: 0, avg network size: 0, si_in_serializable: 0 0 %, local: 0 %
I0911 23:37:06.333668 2948621 Coordinator.h:126] commit: 1088421 abort: 7259 (0/7259/0), network size: 0, avg network size: 0, si_in_serializable: 0 0 %, local: 0 %
I0911 23:37:07.333742 2948621 Coordinator.h:126] commit: 1056844 abort: 7092 (0/7092/0), network size: 0, avg network size: 0, si_in_serializable: 0 0 %, local: 0 %
I0911 23:37:08.333812 2948621 Coordinator.h:126] commit: 1062847 abort: 7233 (0/7233/0), network size: 0, avg network size: 0, si_in_serializable: 0 0 %, local: 0 %
I0911 23:37:09.333906 2948621 Coordinator.h:126] commit: 1095459 abort: 7389 (0/7389/0), network size: 0, avg network size: 0, si_in_serializable: 0 0 %, local: 0 %
I0911 23:37:10.333979 2948621 Coordinator.h:126] commit: 1107659 abort: 7477 (0/7477/0), network size: 0, avg network size: 0, si_in_serializable: 0 0 %, local: 0 %
I0911 23:37:11.334049 2948621 Coordinator.h:126] commit: 1108747 abort: 7413 (0/7413/0), network size: 0, avg network size: 0, si_in_serializable: 0 0 %, local: 0 %
I0911 23:37:12.334120 2948621 Coordinator.h:126] commit: 1080198 abort: 7290 (0/7290/0), network size: 0, avg network size: 0, si_in_serializable: 0 0 %, local: 0 %
I0911 23:37:13.334192 2948621 Coordinator.h:126] commit: 1105724 abort: 7364 (0/7364/0), network size: 0, avg network size: 0, si_in_serializable: 0 0 %, local: 0 %
I0911 23:37:14.334264 2948621 Coordinator.h:126] commit: 1087279 abort: 7377 (0/7377/0), network size: 0, avg network size: 0, si_in_serializable: 0 0 %, local: 0 %
I0911 23:37:15.334335 2948621 Coordinator.h:126] commit: 1106742 abort: 7370 (0/7370/0), network size: 0, avg network size: 0, si_in_serializable: 0 0 %, local: 0 %
I0911 23:37:16.334408 2948621 Coordinator.h:126] commit: 1076130 abort: 7262 (0/7262/0), network size: 0, avg network size: 0, si_in_serializable: 0 0 %, local: 0 %
I0911 23:37:17.334481 2948621 Coordinator.h:126] commit: 1107705 abort: 7431 (0/7431/0), network size: 0, avg network size: 0, si_in_serializable: 0 0 %, local: 0 %
I0911 23:37:18.334551 2948621 Coordinator.h:126] commit: 1090445 abort: 7283 (0/7283/0), network size: 0, avg network size: 0, si_in_serializable: 0 0 %, local: 0 %
I0911 23:37:19.334643 2948621 Coordinator.h:126] commit: 1105725 abort: 7363 (0/7363/0), network size: 0, avg network size: 0, si_in_serializable: 0 0 %, local: 0 %
I0911 23:37:20.334724 2948621 Coordinator.h:126] commit: 1069968 abort: 7280 (0/7280/0), network size: 0, avg network size: 0, si_in_serializable: 0 0 %, local: 0 %
I0911 23:37:21.334795 2948621 Coordinator.h:126] commit: 1107681 abort: 7455 (0/7455/0), network size: 0, avg network size: 0, si_in_serializable: 0 0 %, local: 0 %
I0911 23:37:22.334864 2948621 Coordinator.h:126] commit: 1107676 abort: 7460 (0/7460/0), network size: 0, avg network size: 0, si_in_serializable: 0 0 %, local: 0 %
I0911 23:37:23.334935 2948621 Coordinator.h:126] commit: 1108859 abort: 7301 (0/7301/0), network size: 0, avg network size: 0, si_in_serializable: 0 0 %, local: 0 %
I0911 23:37:24.335004 2948621 Coordinator.h:126] commit: 1107691 abort: 7445 (0/7445/0), network size: 0, avg network size: 0, si_in_serializable: 0 0 %, local: 0 %
I0911 23:37:25.335076 2948621 Coordinator.h:126] commit: 1107706 abort: 7430 (0/7430/0), network size: 0, avg network size: 0, si_in_serializable: 0 0 %, local: 0 %
I0911 23:37:26.335146 2948621 Coordinator.h:126] commit: 1108616 abort: 7544 (0/7544/0), network size: 0, avg network size: 0, si_in_serializable: 0 0 %, local: 0 %
I0911 23:37:27.335216 2948621 Coordinator.h:126] commit: 1103578 abort: 7462 (0/7462/0), network size: 0, avg network size: 0, si_in_serializable: 0 0 %, local: 0 %
I0911 23:37:28.335285 2948621 Coordinator.h:126] commit: 1105673 abort: 7415 (0/7415/0), network size: 0, avg network size: 0, si_in_serializable: 0 0 %, local: 0 %
I0911 23:37:29.335356 2948621 Coordinator.h:126] commit: 1105765 abort: 7323 (0/7323/0), network size: 0, avg network size: 0, si_in_serializable: 0 0 %, local: 0 %
I0911 23:37:29.335366 2948621 Coordinator.h:152] average commit: 1.09886e+06 abort: 7365 (0/7365/0), network size: 0, avg network size: 0, si_in_serializable: 0 0 %, local: 0 %
I0911 23:37:29.336158 2948651 AriaExecutor.h:94] AriaExecutor 10 exits. 
I0911 23:37:29.336161 2948649 AriaExecutor.h:94] AriaExecutor 8 exits. 
I0911 23:37:29.336164 2948657 Manager.h:227] Manager(worker id = 16) on the coordinator node exits.
I0911 23:37:29.336162 2948641 AriaExecutor.h:94] AriaExecutor 0 exits. 
I0911 23:37:29.336174 2948656 AriaExecutor.h:94] AriaExecutor 15 exits. 
I0911 23:37:29.336163 2948645 AriaExecutor.h:94] AriaExecutor 4 exits. 
I0911 23:37:29.336167 2948647 AriaExecutor.h:94] AriaExecutor 6 exits. 
I0911 23:37:29.336174 2948652 AriaExecutor.h:94] AriaExecutor 11 exits. 
I0911 23:37:29.336174 2948650 AriaExecutor.h:94] AriaExecutor 9 exits. 
I0911 23:37:29.336175 2948642 AriaExecutor.h:94] AriaExecutor 1 exits. 
I0911 23:37:29.336162 2948643 AriaExecutor.h:94] AriaExecutor 2 exits. 
I0911 23:37:29.336176 2948644 AriaExecutor.h:94] AriaExecutor 3 exits. 
I0911 23:37:29.336163 2948653 AriaExecutor.h:94] AriaExecutor 12 exits. 
I0911 23:37:29.336180 2948654 AriaExecutor.h:94] AriaExecutor 13 exits. 
I0911 23:37:29.336177 2948648 AriaExecutor.h:94] AriaExecutor 7 exits. 
I0911 23:37:29.336162 2948655 AriaExecutor.h:94] AriaExecutor 14 exits. 
I0911 23:37:29.336177 2948646 AriaExecutor.h:94] AriaExecutor 5 exits. 
I0911 23:37:29.335376 2948621 AriaExecutor.h:641] Worker 0 latency: 579 us (50%) 729 us (75%) 849 us (95%) 876 us (99%).
I0911 23:37:29.403378 2948621 AriaExecutor.h:641] Worker 1 latency: 577 us (50%) 727 us (75%) 848 us (95%) 875 us (99%).
I0911 23:37:29.469784 2948621 AriaExecutor.h:641] Worker 2 latency: 581 us (50%) 730 us (75%) 849 us (95%) 876 us (99%).
I0911 23:37:29.536870 2948621 AriaExecutor.h:641] Worker 3 latency: 577 us (50%) 727 us (75%) 848 us (95%) 875 us (99%).
I0911 23:37:29.614197 2948621 AriaExecutor.h:641] Worker 4 latency: 580 us (50%) 729 us (75%) 849 us (95%) 876 us (99%).
I0911 23:37:29.679243 2948621 AriaExecutor.h:641] Worker 5 latency: 576 us (50%) 726 us (75%) 847 us (95%) 875 us (99%).
I0911 23:37:29.756883 2948621 AriaExecutor.h:641] Worker 6 latency: 580 us (50%) 729 us (75%) 849 us (95%) 876 us (99%).
I0911 23:37:29.825237 2948621 AriaExecutor.h:641] Worker 7 latency: 577 us (50%) 727 us (75%) 848 us (95%) 875 us (99%).
I0911 23:37:29.902076 2948621 AriaExecutor.h:641] Worker 8 latency: 578 us (50%) 728 us (75%) 848 us (95%) 876 us (99%).
I0911 23:37:29.969576 2948621 AriaExecutor.h:641] Worker 9 latency: 576 us (50%) 726 us (75%) 848 us (95%) 875 us (99%).
I0911 23:37:30.047609 2948621 AriaExecutor.h:641] Worker 10 latency: 580 us (50%) 729 us (75%) 849 us (95%) 876 us (99%).
I0911 23:37:30.113153 2948621 AriaExecutor.h:641] Worker 11 latency: 577 us (50%) 726 us (75%) 848 us (95%) 875 us (99%).
I0911 23:37:30.190460 2948621 AriaExecutor.h:641] Worker 12 latency: 580 us (50%) 729 us (75%) 848 us (95%) 876 us (99%).
I0911 23:37:30.257074 2948621 AriaExecutor.h:641] Worker 13 latency: 575 us (50%) 726 us (75%) 847 us (95%) 875 us (99%).
I0911 23:37:30.334316 2948621 AriaExecutor.h:641] Worker 14 latency: 581 us (50%) 730 us (75%) 849 us (95%) 876 us (99%).
I0911 23:37:30.398880 2948621 AriaExecutor.h:641] Worker 15 latency: 577 us (50%) 727 us (75%) 848 us (95%) 875 us (99%).
I0911 23:37:30.477488 2948621 Coordinator.h:177] total commit: 1.09886e+06
I0911 23:37:31.477613 2948621 Coordinator.h:192] Coordinator exits.
