I1126 18:16:52.224143 1073901 Database.h:65] ycsb initialization finished in 29 milliseconds.
I1126 18:16:52.224246 1073901 Coordinator.h:30] Coordinator initializes 12 workers.
I1126 18:16:52.225121 1073901 Coordinator.h:77] Coordinator starts to run 13 workers.
I1126 18:16:52.225183 1073917 AriaExecutor.h:91] AriaExecutor 0 started. 
I1126 18:16:52.225211 1073918 AriaExecutor.h:91] AriaExecutor 1 started. 
I1126 18:16:52.225258 1073919 AriaExecutor.h:91] AriaExecutor 2 started. 
I1126 18:16:52.225301 1073920 AriaExecutor.h:91] AriaExecutor 3 started. 
I1126 18:16:52.225342 1073921 AriaExecutor.h:91] AriaExecutor 4 started. 
I1126 18:16:52.225382 1073922 AriaExecutor.h:91] AriaExecutor 5 started. 
I1126 18:16:52.225415 1073923 AriaExecutor.h:91] AriaExecutor 6 started. 
I1126 18:16:52.225462 1073924 AriaExecutor.h:91] AriaExecutor 7 started. 
I1126 18:16:52.225509 1073925 AriaExecutor.h:91] AriaExecutor 8 started. 
I1126 18:16:52.225565 1073926 AriaExecutor.h:91] AriaExecutor 9 started. 
I1126 18:16:52.225613 1073927 AriaExecutor.h:91] AriaExecutor 10 started. 
I1126 18:16:52.225672 1073928 AriaExecutor.h:91] AriaExecutor 11 started. 
I1126 18:16:52.225718 1073929 Manager.h:224] Manager(worker id = 12) on the coordinator node started.
I1126 18:16:53.225780 1073901 Coordinator.h:126] commit: 1835304 abort: 251696 (0/251696/0), network size: 0, avg network size: 0, si_in_serializable: 0 0 %, local: 0 %
I1126 18:16:54.225899 1073901 Coordinator.h:126] commit: 1799619 abort: 246381 (0/246381/0), network size: 0, avg network size: 0, si_in_serializable: 0 0 %, local: 0 %
I1126 18:16:55.226022 1073901 Coordinator.h:126] commit: 1864241 abort: 255759 (0/255759/0), network size: 0, avg network size: 0, si_in_serializable: 0 0 %, local: 0 %
I1126 18:16:56.226125 1073901 Coordinator.h:126] commit: 1806326 abort: 247674 (0/247674/0), network size: 0, avg network size: 0, si_in_serializable: 0 0 %, local: 0 %
I1126 18:16:57.226222 1073901 Coordinator.h:126] commit: 1872311 abort: 256689 (0/256689/0), network size: 0, avg network size: 0, si_in_serializable: 0 0 %, local: 0 %
I1126 18:16:58.226356 1073901 Coordinator.h:126] commit: 1865126 abort: 254842 (0/254842/0), network size: 0, avg network size: 0, si_in_serializable: 0 0 %, local: 0 %
I1126 18:16:59.226475 1073901 Coordinator.h:126] commit: 1713865 abort: 234167 (0/234167/0), network size: 0, avg network size: 0, si_in_serializable: 0 0 %, local: 0 %
I1126 18:17:00.226577 1073901 Coordinator.h:126] commit: 1858649 abort: 255351 (0/255351/0), network size: 0, avg network size: 0, si_in_serializable: 0 0 %, local: 0 %
I1126 18:17:01.226688 1073901 Coordinator.h:126] commit: 1858670 abort: 254330 (0/254330/0), network size: 0, avg network size: 0, si_in_serializable: 0 0 %, local: 0 %
I1126 18:17:02.226781 1073901 Coordinator.h:126] commit: 1854608 abort: 254392 (0/254392/0), network size: 0, avg network size: 0, si_in_serializable: 0 0 %, local: 0 %
I1126 18:17:03.226876 1073901 Coordinator.h:126] commit: 1864919 abort: 254081 (0/254081/0), network size: 0, avg network size: 0, si_in_serializable: 0 0 %, local: 0 %
I1126 18:17:04.226972 1073901 Coordinator.h:126] commit: 1855234 abort: 253429 (0/253429/0), network size: 0, avg network size: 0, si_in_serializable: 0 0 %, local: 0 %
I1126 18:17:05.227066 1073901 Coordinator.h:126] commit: 1856693 abort: 253643 (0/253643/0), network size: 0, avg network size: 0, si_in_serializable: 0 0 %, local: 0 %
I1126 18:17:06.227182 1073901 Coordinator.h:126] commit: 1552945 abort: 212055 (0/212055/0), network size: 0, avg network size: 0, si_in_serializable: 0 0 %, local: 0 %
I1126 18:17:07.227284 1073901 Coordinator.h:126] commit: 1859731 abort: 254269 (0/254269/0), network size: 0, avg network size: 0, si_in_serializable: 0 0 %, local: 0 %
I1126 18:17:08.227381 1073901 Coordinator.h:126] commit: 1854558 abort: 254442 (0/254442/0), network size: 0, avg network size: 0, si_in_serializable: 0 0 %, local: 0 %
I1126 18:17:09.227473 1073901 Coordinator.h:126] commit: 1860850 abort: 255150 (0/255150/0), network size: 0, avg network size: 0, si_in_serializable: 0 0 %, local: 0 %
I1126 18:17:10.227567 1073901 Coordinator.h:126] commit: 1864007 abort: 254993 (0/254993/0), network size: 0, avg network size: 0, si_in_serializable: 0 0 %, local: 0 %
I1126 18:17:11.227670 1073901 Coordinator.h:126] commit: 1851314 abort: 252686 (0/252686/0), network size: 0, avg network size: 0, si_in_serializable: 0 0 %, local: 0 %
I1126 18:17:12.227763 1073901 Coordinator.h:126] commit: 1859590 abort: 254410 (0/254410/0), network size: 0, avg network size: 0, si_in_serializable: 0 0 %, local: 0 %
I1126 18:17:13.227859 1073901 Coordinator.h:126] commit: 1853632 abort: 253325 (0/253325/0), network size: 0, avg network size: 0, si_in_serializable: 0 0 %, local: 0 %
I1126 18:17:14.227954 1073901 Coordinator.h:126] commit: 1855032 abort: 255011 (0/255011/0), network size: 0, avg network size: 0, si_in_serializable: 0 0 %, local: 0 %
I1126 18:17:15.228047 1073901 Coordinator.h:126] commit: 1856168 abort: 252832 (0/252832/0), network size: 0, avg network size: 0, si_in_serializable: 0 0 %, local: 0 %
I1126 18:17:16.228142 1073901 Coordinator.h:126] commit: 1855855 abort: 253145 (0/253145/0), network size: 0, avg network size: 0, si_in_serializable: 0 0 %, local: 0 %
I1126 18:17:17.228266 1073901 Coordinator.h:126] commit: 1829921 abort: 251079 (0/251079/0), network size: 0, avg network size: 0, si_in_serializable: 0 0 %, local: 0 %
I1126 18:17:17.228299 1073901 Coordinator.h:152] average commit: 1.82798e+06 abort: 249916 (0/249916/0), network size: 0, avg network size: 0, si_in_serializable: 0 0 %, local: 0 %
I1126 18:17:17.228358 1073929 Manager.h:227] Manager(worker id = 12) on the coordinator node exits.
I1126 18:17:17.228363 1073927 AriaExecutor.h:103] AriaExecutor 10 exits. 
I1126 18:17:17.228358 1073923 AriaExecutor.h:103] AriaExecutor 6 exits. 
I1126 18:17:17.228365 1073921 AriaExecutor.h:103] AriaExecutor 4 exits. 
I1126 18:17:17.228375 1073922 AriaExecutor.h:103] AriaExecutor 5 exits. 
I1126 18:17:17.228372 1073925 AriaExecutor.h:103] AriaExecutor 8 exits. 
I1126 18:17:17.228374 1073924 AriaExecutor.h:103] AriaExecutor 7 exits. 
I1126 18:17:17.228374 1073920 AriaExecutor.h:103] AriaExecutor 3 exits. 
I1126 18:17:17.228377 1073928 AriaExecutor.h:103] AriaExecutor 11 exits. 
I1126 18:17:17.228360 1073917 AriaExecutor.h:103] AriaExecutor 0 exits. 
I1126 18:17:17.228364 1073919 AriaExecutor.h:103] AriaExecutor 2 exits. 
I1126 18:17:17.228374 1073918 AriaExecutor.h:103] AriaExecutor 1 exits. 
I1126 18:17:17.228375 1073926 AriaExecutor.h:103] AriaExecutor 9 exits. 
I1126 18:17:17.228312 1073901 AriaExecutor.h:621] Worker 0 latency: 323 us (50%) 374 us (75%) 416 us (95%) 431 us (99%).
I1126 18:17:17.378543 1073901 AriaExecutor.h:621] Worker 1 latency: 321 us (50%) 373 us (75%) 415 us (95%) 430 us (99%).
I1126 18:17:17.537576 1073901 AriaExecutor.h:621] Worker 2 latency: 326 us (50%) 375 us (75%) 416 us (95%) 431 us (99%).
I1126 18:17:17.682374 1073901 AriaExecutor.h:621] Worker 3 latency: 325 us (50%) 374 us (75%) 415 us (95%) 430 us (99%).
I1126 18:17:17.839212 1073901 AriaExecutor.h:621] Worker 4 latency: 325 us (50%) 374 us (75%) 416 us (95%) 430 us (99%).
I1126 18:17:17.981118 1073901 AriaExecutor.h:621] Worker 5 latency: 323 us (50%) 373 us (75%) 415 us (95%) 429 us (99%).
I1126 18:17:18.142443 1073901 AriaExecutor.h:621] Worker 6 latency: 328 us (50%) 376 us (75%) 416 us (95%) 430 us (99%).
I1126 18:17:18.286705 1073901 AriaExecutor.h:621] Worker 7 latency: 325 us (50%) 374 us (75%) 415 us (95%) 429 us (99%).
I1126 18:17:18.443668 1073901 AriaExecutor.h:621] Worker 8 latency: 329 us (50%) 377 us (75%) 417 us (95%) 431 us (99%).
I1126 18:17:18.585773 1073901 AriaExecutor.h:621] Worker 9 latency: 326 us (50%) 374 us (75%) 415 us (95%) 430 us (99%).
I1126 18:17:18.746281 1073901 AriaExecutor.h:621] Worker 10 latency: 328 us (50%) 376 us (75%) 416 us (95%) 431 us (99%).
I1126 18:17:18.890492 1073901 AriaExecutor.h:621] Worker 11 latency: 326 us (50%) 374 us (75%) 415 us (95%) 430 us (99%).
I1126 18:17:19.049767 1073901 Coordinator.h:177] total commit: 1.82798e+06
I1126 18:17:20.049892 1073901 Coordinator.h:192] Coordinator exits.
