I1126 13:59:01.970357 952206 Database.h:65] ycsb initialization finished in 30 milliseconds.
I1126 13:59:01.970461 952206 Coordinator.h:30] Coordinator initializes 12 workers.
I1126 13:59:01.977497 952206 Coordinator.h:77] Coordinator starts to run 13 workers.
I1126 13:59:01.977550 952222 AriaExecutor.h:91] AriaExecutor 0 started. 
I1126 13:59:01.977581 952223 AriaExecutor.h:91] AriaExecutor 1 started. 
I1126 13:59:01.977620 952224 AriaExecutor.h:91] AriaExecutor 2 started. 
I1126 13:59:01.977672 952225 AriaExecutor.h:91] AriaExecutor 3 started. 
I1126 13:59:01.977756 952227 AriaExecutor.h:91] AriaExecutor 5 started. 
I1126 13:59:01.977793 952228 AriaExecutor.h:91] AriaExecutor 6 started. 
I1126 13:59:01.977846 952229 AriaExecutor.h:91] AriaExecutor 7 started. 
I1126 13:59:01.977890 952230 AriaExecutor.h:91] AriaExecutor 8 started. 
I1126 13:59:01.977926 952231 AriaExecutor.h:91] AriaExecutor 9 started. 
I1126 13:59:01.977963 952232 AriaExecutor.h:91] AriaExecutor 10 started. 
I1126 13:59:01.978010 952233 AriaExecutor.h:91] AriaExecutor 11 started. 
I1126 13:59:01.978036 952226 AriaExecutor.h:91] AriaExecutor 4 started. 
I1126 13:59:01.978039 952234 Manager.h:224] Manager(worker id = 12) on the coordinator node started.
I1126 13:59:02.978104 952206 Coordinator.h:126] commit: 1008042 abort: 331958 (0/331958/0), network size: 0, avg network size: 0, si_in_serializable: 0 0 %, local: 0 %
I1126 13:59:03.978228 952206 Coordinator.h:126] commit: 1009052 abort: 330948 (0/330948/0), network size: 0, avg network size: 0, si_in_serializable: 0 0 %, local: 0 %
I1126 13:59:04.978353 952206 Coordinator.h:126] commit: 1024194 abort: 335806 (0/335806/0), network size: 0, avg network size: 0, si_in_serializable: 0 0 %, local: 0 %
I1126 13:59:05.978449 952206 Coordinator.h:126] commit: 1016540 abort: 333460 (0/333460/0), network size: 0, avg network size: 0, si_in_serializable: 0 0 %, local: 0 %
I1126 13:59:06.978541 952206 Coordinator.h:126] commit: 1031488 abort: 338512 (0/338512/0), network size: 0, avg network size: 0, si_in_serializable: 0 0 %, local: 0 %
I1126 13:59:07.978622 952206 Coordinator.h:126] commit: 1016483 abort: 333517 (0/333517/0), network size: 0, avg network size: 0, si_in_serializable: 0 0 %, local: 0 %
I1126 13:59:08.978718 952206 Coordinator.h:126] commit: 1000915 abort: 329085 (0/329085/0), network size: 0, avg network size: 0, si_in_serializable: 0 0 %, local: 0 %
I1126 13:59:09.978806 952206 Coordinator.h:126] commit: 1022934 abort: 337066 (0/337066/0), network size: 0, avg network size: 0, si_in_serializable: 0 0 %, local: 0 %
I1126 13:59:10.978897 952206 Coordinator.h:126] commit: 1031473 abort: 338527 (0/338527/0), network size: 0, avg network size: 0, si_in_serializable: 0 0 %, local: 0 %
I1126 13:59:11.978986 952206 Coordinator.h:126] commit: 1024258 abort: 336223 (0/336223/0), network size: 0, avg network size: 0, si_in_serializable: 0 0 %, local: 0 %
I1126 13:59:12.979061 952206 Coordinator.h:126] commit: 1031136 abort: 338383 (0/338383/0), network size: 0, avg network size: 0, si_in_serializable: 0 0 %, local: 0 %
I1126 13:59:13.979137 952206 Coordinator.h:126] commit: 1030804 abort: 339196 (0/339196/0), network size: 0, avg network size: 0, si_in_serializable: 0 0 %, local: 0 %
I1126 13:59:14.979223 952206 Coordinator.h:126] commit: 987151 abort: 322849 (0/322849/0), network size: 0, avg network size: 0, si_in_serializable: 0 0 %, local: 0 %
I1126 13:59:15.979331 952206 Coordinator.h:126] commit: 1030444 abort: 337413 (0/337413/0), network size: 0, avg network size: 0, si_in_serializable: 0 0 %, local: 0 %
I1126 13:59:16.979429 952206 Coordinator.h:126] commit: 1025735 abort: 336408 (0/336408/0), network size: 0, avg network size: 0, si_in_serializable: 0 0 %, local: 0 %
I1126 13:59:17.979504 952206 Coordinator.h:126] commit: 1031281 abort: 338719 (0/338719/0), network size: 0, avg network size: 0, si_in_serializable: 0 0 %, local: 0 %
I1126 13:59:18.979579 952206 Coordinator.h:126] commit: 1016421 abort: 333579 (0/333579/0), network size: 0, avg network size: 0, si_in_serializable: 0 0 %, local: 0 %
I1126 13:59:19.979655 952206 Coordinator.h:126] commit: 1025838 abort: 336608 (0/336608/0), network size: 0, avg network size: 0, si_in_serializable: 0 0 %, local: 0 %
I1126 13:59:20.979756 952206 Coordinator.h:126] commit: 1021836 abort: 335717 (0/335717/0), network size: 0, avg network size: 0, si_in_serializable: 0 0 %, local: 0 %
I1126 13:59:21.979852 952206 Coordinator.h:126] commit: 1024367 abort: 335633 (0/335633/0), network size: 0, avg network size: 0, si_in_serializable: 0 0 %, local: 0 %
I1126 13:59:22.979933 952206 Coordinator.h:126] commit: 1030633 abort: 339367 (0/339367/0), network size: 0, avg network size: 0, si_in_serializable: 0 0 %, local: 0 %
I1126 13:59:23.980006 952206 Coordinator.h:126] commit: 1023788 abort: 336212 (0/336212/0), network size: 0, avg network size: 0, si_in_serializable: 0 0 %, local: 0 %
I1126 13:59:24.980088 952206 Coordinator.h:126] commit: 1023710 abort: 336290 (0/336290/0), network size: 0, avg network size: 0, si_in_serializable: 0 0 %, local: 0 %
I1126 13:59:25.980188 952206 Coordinator.h:126] commit: 1030006 abort: 337090 (0/337090/0), network size: 0, avg network size: 0, si_in_serializable: 0 0 %, local: 0 %
I1126 13:59:26.980278 952206 Coordinator.h:126] commit: 958022 abort: 314882 (0/314882/0), network size: 0, avg network size: 0, si_in_serializable: 0 0 %, local: 0 %
I1126 13:59:26.980293 952206 Coordinator.h:152] average commit: 1.0225e+06 abort: 335450 (0/335450/0), network size: 0, avg network size: 0, si_in_serializable: 0 0 %, local: 0 %
I1126 13:59:26.982800 952222 AriaExecutor.h:103] AriaExecutor 0 exits. 
I1126 13:59:26.982803 952226 AriaExecutor.h:103] AriaExecutor 4 exits. 
I1126 13:59:26.982805 952232 AriaExecutor.h:103] AriaExecutor 10 exits. 
I1126 13:59:26.982803 952230 AriaExecutor.h:103] AriaExecutor 8 exits. 
I1126 13:59:26.982803 952228 AriaExecutor.h:103] AriaExecutor 6 exits. 
I1126 13:59:26.982815 952227 AriaExecutor.h:103] AriaExecutor 5 exits. 
I1126 13:59:26.982815 952229 AriaExecutor.h:103] AriaExecutor 7 exits. 
I1126 13:59:26.982815 952225 AriaExecutor.h:103] AriaExecutor 3 exits. 
I1126 13:59:26.982815 952233 AriaExecutor.h:103] AriaExecutor 11 exits. 
I1126 13:59:26.982815 952223 AriaExecutor.h:103] AriaExecutor 1 exits. 
I1126 13:59:26.982815 952231 AriaExecutor.h:103] AriaExecutor 9 exits. 
I1126 13:59:26.982817 952234 Manager.h:227] Manager(worker id = 12) on the coordinator node exits.
I1126 13:59:26.982805 952224 AriaExecutor.h:103] AriaExecutor 2 exits. 
I1126 13:59:26.980301 952206 AriaExecutor.h:649] Worker 0 latency: 5789 us (50%) 6162 us (75%) 6430 us (95%) 6526 us (99%).
I1126 13:59:27.057921 952206 AriaExecutor.h:649] Worker 1 latency: 5768 us (50%) 6149 us (75%) 6423 us (95%) 6517 us (99%).
I1126 13:59:27.135347 952206 AriaExecutor.h:649] Worker 2 latency: 5793 us (50%) 6162 us (75%) 6425 us (95%) 6519 us (99%).
I1126 13:59:27.212474 952206 AriaExecutor.h:649] Worker 3 latency: 5773 us (50%) 6153 us (75%) 6426 us (95%) 6521 us (99%).
I1126 13:59:27.290622 952206 AriaExecutor.h:649] Worker 4 latency: 5786 us (50%) 6159 us (75%) 6427 us (95%) 6520 us (99%).
I1126 13:59:27.367815 952206 AriaExecutor.h:649] Worker 5 latency: 5773 us (50%) 6153 us (75%) 6425 us (95%) 6519 us (99%).
I1126 13:59:27.445207 952206 AriaExecutor.h:649] Worker 6 latency: 5797 us (50%) 6164 us (75%) 6426 us (95%) 6519 us (99%).
I1126 13:59:27.521584 952206 AriaExecutor.h:649] Worker 7 latency: 5775 us (50%) 6154 us (75%) 6425 us (95%) 6520 us (99%).
I1126 13:59:27.598157 952206 AriaExecutor.h:649] Worker 8 latency: 5786 us (50%) 6160 us (75%) 6429 us (95%) 6524 us (99%).
I1126 13:59:27.673393 952206 AriaExecutor.h:649] Worker 9 latency: 5776 us (50%) 6153 us (75%) 6425 us (95%) 6519 us (99%).
I1126 13:59:27.750241 952206 AriaExecutor.h:649] Worker 10 latency: 5797 us (50%) 6165 us (75%) 6428 us (95%) 6522 us (99%).
I1126 13:59:27.828017 952206 AriaExecutor.h:649] Worker 11 latency: 5775 us (50%) 6154 us (75%) 6427 us (95%) 6521 us (99%).
I1126 13:59:27.905586 952206 Coordinator.h:177] total commit: 1.0225e+06
I1126 13:59:28.905690 952206 Coordinator.h:192] Coordinator exits.
