I1126 15:20:04.726585 1001243 Database.h:65] ycsb initialization finished in 30 milliseconds.
I1126 15:20:04.726681 1001243 Coordinator.h:30] Coordinator initializes 12 workers.
I1126 15:20:04.727547 1001243 Coordinator.h:77] Coordinator starts to run 13 workers.
I1126 15:20:04.727593 1001259 AriaExecutor.h:95] AriaExecutor 0 started. 
I1126 15:20:04.727622 1001260 AriaExecutor.h:95] AriaExecutor 1 started. 
I1126 15:20:04.727661 1001261 AriaExecutor.h:95] AriaExecutor 2 started. 
I1126 15:20:04.727706 1001262 AriaExecutor.h:95] AriaExecutor 3 started. 
I1126 15:20:04.727751 1001263 AriaExecutor.h:95] AriaExecutor 4 started. 
I1126 15:20:04.727802 1001264 AriaExecutor.h:95] AriaExecutor 5 started. 
I1126 15:20:04.727847 1001265 AriaExecutor.h:95] AriaExecutor 6 started. 
I1126 15:20:04.727903 1001266 AriaExecutor.h:95] AriaExecutor 7 started. 
I1126 15:20:04.727952 1001267 AriaExecutor.h:95] AriaExecutor 8 started. 
I1126 15:20:04.728000 1001268 AriaExecutor.h:95] AriaExecutor 9 started. 
I1126 15:20:04.728044 1001269 AriaExecutor.h:95] AriaExecutor 10 started. 
I1126 15:20:04.728106 1001270 AriaExecutor.h:95] AriaExecutor 11 started. 
I1126 15:20:04.728148 1001271 Manager.h:224] Manager(worker id = 12) on the coordinator node started.
I1126 15:20:05.728212 1001243 Coordinator.h:126] commit: 1867676 abort: 10324 (0/10324/0), network size: 0, avg network size: 0, si_in_serializable: 0 0 %, local: 0 %
I1126 15:20:06.728348 1001243 Coordinator.h:126] commit: 1834965 abort: 10035 (0/10035/0), network size: 0, avg network size: 0, si_in_serializable: 0 0 %, local: 0 %
I1126 15:20:07.728480 1001243 Coordinator.h:126] commit: 1881667 abort: 10333 (0/10333/0), network size: 0, avg network size: 0, si_in_serializable: 0 0 %, local: 0 %
I1126 15:20:08.728591 1001243 Coordinator.h:126] commit: 1857848 abort: 10152 (0/10152/0), network size: 0, avg network size: 0, si_in_serializable: 0 0 %, local: 0 %
I1126 15:20:09.728694 1001243 Coordinator.h:126] commit: 1889653 abort: 10347 (0/10347/0), network size: 0, avg network size: 0, si_in_serializable: 0 0 %, local: 0 %
I1126 15:20:10.728796 1001243 Coordinator.h:126] commit: 1881827 abort: 10173 (0/10173/0), network size: 0, avg network size: 0, si_in_serializable: 0 0 %, local: 0 %
I1126 15:20:11.728916 1001243 Coordinator.h:126] commit: 1792234 abort: 9766 (0/9766/0), network size: 0, avg network size: 0, si_in_serializable: 0 0 %, local: 0 %
I1126 15:20:12.729025 1001243 Coordinator.h:126] commit: 1886035 abort: 10221 (0/10221/0), network size: 0, avg network size: 0, si_in_serializable: 0 0 %, local: 0 %
I1126 15:20:13.729125 1001243 Coordinator.h:126] commit: 1890735 abort: 10368 (0/10368/0), network size: 0, avg network size: 0, si_in_serializable: 0 0 %, local: 0 %
I1126 15:20:14.729223 1001243 Coordinator.h:126] commit: 1887318 abort: 10323 (0/10323/0), network size: 0, avg network size: 0, si_in_serializable: 0 0 %, local: 0 %
I1126 15:20:15.729319 1001243 Coordinator.h:126] commit: 1888670 abort: 10330 (0/10330/0), network size: 0, avg network size: 0, si_in_serializable: 0 0 %, local: 0 %
I1126 15:20:16.729418 1001243 Coordinator.h:126] commit: 1882840 abort: 10160 (0/10160/0), network size: 0, avg network size: 0, si_in_serializable: 0 0 %, local: 0 %
I1126 15:20:17.729521 1001243 Coordinator.h:126] commit: 1862039 abort: 10114 (0/10114/0), network size: 0, avg network size: 0, si_in_serializable: 0 0 %, local: 0 %
I1126 15:20:18.729619 1001243 Coordinator.h:126] commit: 1689556 abort: 9291 (0/9291/0), network size: 0, avg network size: 0, si_in_serializable: 0 0 %, local: 0 %
I1126 15:20:19.729710 1001243 Coordinator.h:126] commit: 1877724 abort: 10276 (0/10276/0), network size: 0, avg network size: 0, si_in_serializable: 0 0 %, local: 0 %
I1126 15:20:20.729810 1001243 Coordinator.h:126] commit: 1873884 abort: 10116 (0/10116/0), network size: 0, avg network size: 0, si_in_serializable: 0 0 %, local: 0 %
I1126 15:20:21.729930 1001243 Coordinator.h:126] commit: 1872633 abort: 10367 (0/10367/0), network size: 0, avg network size: 0, si_in_serializable: 0 0 %, local: 0 %
I1126 15:20:22.730034 1001243 Coordinator.h:126] commit: 1877839 abort: 10161 (0/10161/0), network size: 0, avg network size: 0, si_in_serializable: 0 0 %, local: 0 %
I1126 15:20:23.730131 1001243 Coordinator.h:126] commit: 1874593 abort: 10407 (0/10407/0), network size: 0, avg network size: 0, si_in_serializable: 0 0 %, local: 0 %
I1126 15:20:24.730227 1001243 Coordinator.h:126] commit: 1878764 abort: 10236 (0/10236/0), network size: 0, avg network size: 0, si_in_serializable: 0 0 %, local: 0 %
I1126 15:20:25.730324 1001243 Coordinator.h:126] commit: 1871627 abort: 10373 (0/10373/0), network size: 0, avg network size: 0, si_in_serializable: 0 0 %, local: 0 %
I1126 15:20:26.730419 1001243 Coordinator.h:126] commit: 1875734 abort: 10266 (0/10266/0), network size: 0, avg network size: 0, si_in_serializable: 0 0 %, local: 0 %
I1126 15:20:27.730517 1001243 Coordinator.h:126] commit: 1876808 abort: 10192 (0/10192/0), network size: 0, avg network size: 0, si_in_serializable: 0 0 %, local: 0 %
I1126 15:20:28.730614 1001243 Coordinator.h:126] commit: 1878684 abort: 10316 (0/10316/0), network size: 0, avg network size: 0, si_in_serializable: 0 0 %, local: 0 %
I1126 15:20:29.730710 1001243 Coordinator.h:126] commit: 1875621 abort: 10379 (0/10379/0), network size: 0, avg network size: 0, si_in_serializable: 0 0 %, local: 0 %
I1126 15:20:29.730733 1001243 Coordinator.h:152] average commit: 1.85785e+06 abort: 10145.8 (0/10145.8/0), network size: 0, avg network size: 0, si_in_serializable: 0 0 %, local: 0 %
I1126 15:20:29.730904 1001271 Manager.h:227] Manager(worker id = 12) on the coordinator node exits.
I1126 15:20:29.730913 1001265 AriaExecutor.h:107] AriaExecutor 6 exits. 
I1126 15:20:29.730918 1001269 AriaExecutor.h:107] AriaExecutor 10 exits. 
I1126 15:20:29.730922 1001264 AriaExecutor.h:107] AriaExecutor 5 exits. 
I1126 15:20:29.730918 1001263 AriaExecutor.h:107] AriaExecutor 4 exits. 
I1126 15:20:29.730921 1001270 AriaExecutor.h:107] AriaExecutor 11 exits. 
I1126 15:20:29.730921 1001267 AriaExecutor.h:107] AriaExecutor 8 exits. 
I1126 15:20:29.730914 1001259 AriaExecutor.h:107] AriaExecutor 0 exits. 
I1126 15:20:29.730924 1001261 AriaExecutor.h:107] AriaExecutor 2 exits. 
I1126 15:20:29.730924 1001260 AriaExecutor.h:107] AriaExecutor 1 exits. 
I1126 15:20:29.730918 1001268 AriaExecutor.h:107] AriaExecutor 9 exits. 
I1126 15:20:29.730921 1001266 AriaExecutor.h:107] AriaExecutor 7 exits. 
I1126 15:20:29.730922 1001262 AriaExecutor.h:107] AriaExecutor 3 exits. 
I1126 15:20:29.730747 1001243 AriaExecutor.h:705] Worker 0 latency: 359 us (50%) 415 us (75%) 463 us (95%) 478 us (99%).
I1126 15:20:29.870528 1001243 AriaExecutor.h:705] Worker 1 latency: 357 us (50%) 414 us (75%) 463 us (95%) 478 us (99%).
I1126 15:20:30.008935 1001243 AriaExecutor.h:705] Worker 2 latency: 358 us (50%) 414 us (75%) 462 us (95%) 478 us (99%).
I1126 15:20:30.149633 1001243 AriaExecutor.h:705] Worker 3 latency: 359 us (50%) 415 us (75%) 463 us (95%) 478 us (99%).
I1126 15:20:30.291052 1001243 AriaExecutor.h:705] Worker 4 latency: 358 us (50%) 414 us (75%) 462 us (95%) 478 us (99%).
I1126 15:20:30.427563 1001243 AriaExecutor.h:705] Worker 5 latency: 358 us (50%) 414 us (75%) 462 us (95%) 478 us (99%).
I1126 15:20:30.565534 1001243 AriaExecutor.h:705] Worker 6 latency: 361 us (50%) 415 us (75%) 462 us (95%) 478 us (99%).
I1126 15:20:30.699242 1001243 AriaExecutor.h:705] Worker 7 latency: 361 us (50%) 415 us (75%) 462 us (95%) 478 us (99%).
I1126 15:20:30.837826 1001243 AriaExecutor.h:705] Worker 8 latency: 360 us (50%) 415 us (75%) 462 us (95%) 478 us (99%).
I1126 15:20:30.972936 1001243 AriaExecutor.h:705] Worker 9 latency: 361 us (50%) 415 us (75%) 463 us (95%) 478 us (99%).
I1126 15:20:31.110829 1001243 AriaExecutor.h:705] Worker 10 latency: 361 us (50%) 415 us (75%) 463 us (95%) 478 us (99%).
I1126 15:20:31.248934 1001243 AriaExecutor.h:705] Worker 11 latency: 364 us (50%) 417 us (75%) 463 us (95%) 479 us (99%).
I1126 15:20:31.386790 1001243 Coordinator.h:177] total commit: 1.85785e+06
I1126 15:20:32.386905 1001243 Coordinator.h:192] Coordinator exits.
