I1126 17:13:00.815373 1051133 Database.h:65] ycsb initialization finished in 30 milliseconds.
I1126 17:13:00.815481 1051133 Coordinator.h:30] Coordinator initializes 12 workers.
I1126 17:13:00.822474 1051133 Coordinator.h:77] Coordinator starts to run 13 workers.
I1126 17:13:00.822525 1051149 AriaExecutor.h:91] AriaExecutor 0 started. 
I1126 17:13:00.822551 1051150 AriaExecutor.h:91] AriaExecutor 1 started. 
I1126 17:13:00.822589 1051151 AriaExecutor.h:91] AriaExecutor 2 started. 
I1126 17:13:00.822641 1051152 AriaExecutor.h:91] AriaExecutor 3 started. 
I1126 17:13:00.822677 1051153 AriaExecutor.h:91] AriaExecutor 4 started. 
I1126 17:13:00.822731 1051154 AriaExecutor.h:91] AriaExecutor 5 started. 
I1126 17:13:00.822782 1051155 AriaExecutor.h:91] AriaExecutor 6 started. 
I1126 17:13:00.822830 1051156 AriaExecutor.h:91] AriaExecutor 7 started. 
I1126 17:13:00.822875 1051157 AriaExecutor.h:91] AriaExecutor 8 started. 
I1126 17:13:00.822932 1051158 AriaExecutor.h:91] AriaExecutor 9 started. 
I1126 17:13:00.822975 1051159 AriaExecutor.h:91] AriaExecutor 10 started. 
I1126 17:13:00.823028 1051160 AriaExecutor.h:91] AriaExecutor 11 started. 
I1126 17:13:00.823078 1051161 Manager.h:224] Manager(worker id = 12) on the coordinator node started.
I1126 17:13:01.823140 1051133 Coordinator.h:126] commit: 1025001 abort: 344999 (0/344999/0), network size: 0, avg network size: 0, si_in_serializable: 0 0 %, local: 0 %
I1126 17:13:02.823277 1051133 Coordinator.h:126] commit: 1018059 abort: 341941 (0/341941/0), network size: 0, avg network size: 0, si_in_serializable: 0 0 %, local: 0 %
I1126 17:13:03.823410 1051133 Coordinator.h:126] commit: 1033802 abort: 347277 (0/347277/0), network size: 0, avg network size: 0, si_in_serializable: 0 0 %, local: 0 %
I1126 17:13:04.823520 1051133 Coordinator.h:126] commit: 1032273 abort: 346647 (0/346647/0), network size: 0, avg network size: 0, si_in_serializable: 0 0 %, local: 0 %
I1126 17:13:05.823624 1051133 Coordinator.h:126] commit: 1040503 abort: 349497 (0/349497/0), network size: 0, avg network size: 0, si_in_serializable: 0 0 %, local: 0 %
I1126 17:13:06.823727 1051133 Coordinator.h:126] commit: 1032842 abort: 347158 (0/347158/0), network size: 0, avg network size: 0, si_in_serializable: 0 0 %, local: 0 %
I1126 17:13:07.823855 1051133 Coordinator.h:126] commit: 1011094 abort: 338906 (0/338906/0), network size: 0, avg network size: 0, si_in_serializable: 0 0 %, local: 0 %
I1126 17:13:08.823962 1051133 Coordinator.h:126] commit: 1040790 abort: 349210 (0/349210/0), network size: 0, avg network size: 0, si_in_serializable: 0 0 %, local: 0 %
I1126 17:13:09.824061 1051133 Coordinator.h:126] commit: 1040054 abort: 349946 (0/349946/0), network size: 0, avg network size: 0, si_in_serializable: 0 0 %, local: 0 %
I1126 17:13:10.824160 1051133 Coordinator.h:126] commit: 1033146 abort: 346854 (0/346854/0), network size: 0, avg network size: 0, si_in_serializable: 0 0 %, local: 0 %
I1126 17:13:11.824257 1051133 Coordinator.h:126] commit: 1041141 abort: 348859 (0/348859/0), network size: 0, avg network size: 0, si_in_serializable: 0 0 %, local: 0 %
I1126 17:13:12.824357 1051133 Coordinator.h:126] commit: 1040628 abort: 349372 (0/349372/0), network size: 0, avg network size: 0, si_in_serializable: 0 0 %, local: 0 %
I1126 17:13:13.824458 1051133 Coordinator.h:126] commit: 1003287 abort: 336713 (0/336713/0), network size: 0, avg network size: 0, si_in_serializable: 0 0 %, local: 0 %
I1126 17:13:14.824558 1051133 Coordinator.h:126] commit: 1041020 abort: 348980 (0/348980/0), network size: 0, avg network size: 0, si_in_serializable: 0 0 %, local: 0 %
I1126 17:13:15.824656 1051133 Coordinator.h:126] commit: 1035320 abort: 347615 (0/347615/0), network size: 0, avg network size: 0, si_in_serializable: 0 0 %, local: 0 %
I1126 17:13:16.824755 1051133 Coordinator.h:126] commit: 1038114 abort: 348951 (0/348951/0), network size: 0, avg network size: 0, si_in_serializable: 0 0 %, local: 0 %
I1126 17:13:17.824856 1051133 Coordinator.h:126] commit: 1033624 abort: 346376 (0/346376/0), network size: 0, avg network size: 0, si_in_serializable: 0 0 %, local: 0 %
I1126 17:13:18.824960 1051133 Coordinator.h:126] commit: 1032947 abort: 347053 (0/347053/0), network size: 0, avg network size: 0, si_in_serializable: 0 0 %, local: 0 %
I1126 17:13:19.825081 1051133 Coordinator.h:126] commit: 1032477 abort: 347523 (0/347523/0), network size: 0, avg network size: 0, si_in_serializable: 0 0 %, local: 0 %
I1126 17:13:20.825186 1051133 Coordinator.h:126] commit: 1032839 abort: 347161 (0/347161/0), network size: 0, avg network size: 0, si_in_serializable: 0 0 %, local: 0 %
I1126 17:13:21.825285 1051133 Coordinator.h:126] commit: 1040608 abort: 349392 (0/349392/0), network size: 0, avg network size: 0, si_in_serializable: 0 0 %, local: 0 %
I1126 17:13:22.825383 1051133 Coordinator.h:126] commit: 1037990 abort: 348300 (0/348300/0), network size: 0, avg network size: 0, si_in_serializable: 0 0 %, local: 0 %
I1126 17:13:23.825482 1051133 Coordinator.h:126] commit: 1034752 abort: 348958 (0/348958/0), network size: 0, avg network size: 0, si_in_serializable: 0 0 %, local: 0 %
I1126 17:13:24.825579 1051133 Coordinator.h:126] commit: 1033196 abort: 346804 (0/346804/0), network size: 0, avg network size: 0, si_in_serializable: 0 0 %, local: 0 %
I1126 17:13:25.825678 1051133 Coordinator.h:126] commit: 943168 abort: 316832 (0/316832/0), network size: 0, avg network size: 0, si_in_serializable: 0 0 %, local: 0 %
I1126 17:13:25.825706 1051133 Coordinator.h:152] average commit: 1.03314e+06 abort: 346860 (0/346860/0), network size: 0, avg network size: 0, si_in_serializable: 0 0 %, local: 0 %
I1126 17:13:25.827102 1051157 AriaExecutor.h:103] AriaExecutor 8 exits. 
I1126 17:13:25.827105 1051161 Manager.h:227] Manager(worker id = 12) on the coordinator node exits.
I1126 17:13:25.827108 1051151 AriaExecutor.h:103] AriaExecutor 2 exits. 
I1126 17:13:25.827117 1051156 AriaExecutor.h:103] AriaExecutor 7 exits. 
I1126 17:13:25.827109 1051155 AriaExecutor.h:103] AriaExecutor 6 exits. 
I1126 17:13:25.827109 1051153 AriaExecutor.h:103] AriaExecutor 4 exits. 
I1126 17:13:25.827116 1051152 AriaExecutor.h:103] AriaExecutor 3 exits. 
I1126 17:13:25.827116 1051154 AriaExecutor.h:103] AriaExecutor 5 exits. 
I1126 17:13:25.827117 1051150 AriaExecutor.h:103] AriaExecutor 1 exits. 
I1126 17:13:25.827107 1051149 AriaExecutor.h:103] AriaExecutor 0 exits. 
I1126 17:13:25.827107 1051159 AriaExecutor.h:103] AriaExecutor 10 exits. 
I1126 17:13:25.827118 1051160 AriaExecutor.h:103] AriaExecutor 11 exits. 
I1126 17:13:25.827116 1051158 AriaExecutor.h:103] AriaExecutor 9 exits. 
I1126 17:13:25.825719 1051133 AriaExecutor.h:621] Worker 0 latency: 5746 us (50%) 6113 us (75%) 6379 us (95%) 6477 us (99%).
I1126 17:13:25.905921 1051133 AriaExecutor.h:621] Worker 1 latency: 5718 us (50%) 6100 us (75%) 6375 us (95%) 6470 us (99%).
I1126 17:13:25.987030 1051133 AriaExecutor.h:621] Worker 2 latency: 5741 us (50%) 6109 us (75%) 6376 us (95%) 6473 us (99%).
I1126 17:13:26.066100 1051133 AriaExecutor.h:621] Worker 3 latency: 5718 us (50%) 6099 us (75%) 6374 us (95%) 6471 us (99%).
I1126 17:13:26.146945 1051133 AriaExecutor.h:621] Worker 4 latency: 5740 us (50%) 6110 us (75%) 6376 us (95%) 6471 us (99%).
I1126 17:13:26.226776 1051133 AriaExecutor.h:621] Worker 5 latency: 5725 us (50%) 6101 us (75%) 6374 us (95%) 6468 us (99%).
I1126 17:13:26.307400 1051133 AriaExecutor.h:621] Worker 6 latency: 5741 us (50%) 6109 us (75%) 6375 us (95%) 6470 us (99%).
I1126 17:13:26.386662 1051133 AriaExecutor.h:621] Worker 7 latency: 5724 us (50%) 6101 us (75%) 6373 us (95%) 6467 us (99%).
I1126 17:13:26.467034 1051133 AriaExecutor.h:621] Worker 8 latency: 5743 us (50%) 6113 us (75%) 6377 us (95%) 6472 us (99%).
I1126 17:13:26.546190 1051133 AriaExecutor.h:621] Worker 9 latency: 5725 us (50%) 6102 us (75%) 6374 us (95%) 6469 us (99%).
I1126 17:13:26.626431 1051133 AriaExecutor.h:621] Worker 10 latency: 5755 us (50%) 6119 us (75%) 6379 us (95%) 6472 us (99%).
I1126 17:13:26.706327 1051133 AriaExecutor.h:621] Worker 11 latency: 5720 us (50%) 6100 us (75%) 6373 us (95%) 6467 us (99%).
I1126 17:13:26.787513 1051133 Coordinator.h:177] total commit: 1.03314e+06
I1126 17:13:27.787636 1051133 Coordinator.h:192] Coordinator exits.
