I1126 17:57:50.269671 1063122 Database.h:65] ycsb initialization finished in 30 milliseconds.
I1126 17:57:50.269763 1063122 Coordinator.h:30] Coordinator initializes 12 workers.
I1126 17:57:50.270673 1063122 Coordinator.h:77] Coordinator starts to run 13 workers.
I1126 17:57:50.270748 1063138 AriaExecutor.h:91] AriaExecutor 0 started. 
I1126 17:57:50.270773 1063139 AriaExecutor.h:91] AriaExecutor 1 started. 
I1126 17:57:50.270818 1063140 AriaExecutor.h:91] AriaExecutor 2 started. 
I1126 17:57:50.270859 1063141 AriaExecutor.h:91] AriaExecutor 3 started. 
I1126 17:57:50.270884 1063142 AriaExecutor.h:91] AriaExecutor 4 started. 
I1126 17:57:50.270928 1063143 AriaExecutor.h:91] AriaExecutor 5 started. 
I1126 17:57:50.270961 1063144 AriaExecutor.h:91] AriaExecutor 6 started. 
I1126 17:57:50.271005 1063145 AriaExecutor.h:91] AriaExecutor 7 started. 
I1126 17:57:50.271026 1063146 AriaExecutor.h:91] AriaExecutor 8 started. 
I1126 17:57:50.271064 1063147 AriaExecutor.h:91] AriaExecutor 9 started. 
I1126 17:57:50.271090 1063148 AriaExecutor.h:91] AriaExecutor 10 started. 
I1126 17:57:50.271123 1063149 AriaExecutor.h:91] AriaExecutor 11 started. 
I1126 17:57:50.271153 1063150 Manager.h:224] Manager(worker id = 12) on the coordinator node started.
I1126 17:57:51.271211 1063122 Coordinator.h:126] commit: 1363776 abort: 39185 (0/39185/0), network size: 0, avg network size: 0, si_in_serializable: 0 0 %, local: 0 %
I1126 17:57:52.271322 1063122 Coordinator.h:126] commit: 1347334 abort: 38705 (0/38705/0), network size: 0, avg network size: 0, si_in_serializable: 0 0 %, local: 0 %
I1126 17:57:53.271428 1063122 Coordinator.h:126] commit: 1366846 abort: 39154 (0/39154/0), network size: 0, avg network size: 0, si_in_serializable: 0 0 %, local: 0 %
I1126 17:57:54.271530 1063122 Coordinator.h:126] commit: 1379023 abort: 39670 (0/39670/0), network size: 0, avg network size: 0, si_in_serializable: 0 0 %, local: 0 %
I1126 17:57:55.271632 1063122 Coordinator.h:126] commit: 1358075 abort: 39232 (0/39232/0), network size: 0, avg network size: 0, si_in_serializable: 0 0 %, local: 0 %
I1126 17:57:56.271728 1063122 Coordinator.h:126] commit: 1380226 abort: 39774 (0/39774/0), network size: 0, avg network size: 0, si_in_serializable: 0 0 %, local: 0 %
I1126 17:57:57.271839 1063122 Coordinator.h:126] commit: 1363497 abort: 39503 (0/39503/0), network size: 0, avg network size: 0, si_in_serializable: 0 0 %, local: 0 %
I1126 17:57:58.271937 1063122 Coordinator.h:126] commit: 1372681 abort: 39319 (0/39319/0), network size: 0, avg network size: 0, si_in_serializable: 0 0 %, local: 0 %
I1126 17:57:59.272037 1063122 Coordinator.h:126] commit: 1372513 abort: 39487 (0/39487/0), network size: 0, avg network size: 0, si_in_serializable: 0 0 %, local: 0 %
I1126 17:58:00.272140 1063122 Coordinator.h:126] commit: 1297881 abort: 37119 (0/37119/0), network size: 0, avg network size: 0, si_in_serializable: 0 0 %, local: 0 %
I1126 17:58:01.272255 1063122 Coordinator.h:126] commit: 1374497 abort: 39503 (0/39503/0), network size: 0, avg network size: 0, si_in_serializable: 0 0 %, local: 0 %
I1126 17:58:02.272356 1063122 Coordinator.h:126] commit: 1373538 abort: 39462 (0/39462/0), network size: 0, avg network size: 0, si_in_serializable: 0 0 %, local: 0 %
I1126 17:58:03.272451 1063122 Coordinator.h:126] commit: 1370424 abort: 39576 (0/39576/0), network size: 0, avg network size: 0, si_in_serializable: 0 0 %, local: 0 %
I1126 17:58:04.272578 1063122 Coordinator.h:126] commit: 1358511 abort: 39489 (0/39489/0), network size: 0, avg network size: 0, si_in_serializable: 0 0 %, local: 0 %
I1126 17:58:05.272687 1063122 Coordinator.h:126] commit: 1371281 abort: 39719 (0/39719/0), network size: 0, avg network size: 0, si_in_serializable: 0 0 %, local: 0 %
I1126 17:58:06.272792 1063122 Coordinator.h:126] commit: 1375379 abort: 39621 (0/39621/0), network size: 0, avg network size: 0, si_in_serializable: 0 0 %, local: 0 %
I1126 17:58:07.272894 1063122 Coordinator.h:126] commit: 1373160 abort: 39840 (0/39840/0), network size: 0, avg network size: 0, si_in_serializable: 0 0 %, local: 0 %
I1126 17:58:08.273001 1063122 Coordinator.h:126] commit: 1376216 abort: 39784 (0/39784/0), network size: 0, avg network size: 0, si_in_serializable: 0 0 %, local: 0 %
I1126 17:58:09.273100 1063122 Coordinator.h:126] commit: 1203240 abort: 34658 (0/34658/0), network size: 0, avg network size: 0, si_in_serializable: 0 0 %, local: 0 %
I1126 17:58:10.273205 1063122 Coordinator.h:126] commit: 1378349 abort: 39753 (0/39753/0), network size: 0, avg network size: 0, si_in_serializable: 0 0 %, local: 0 %
I1126 17:58:11.273304 1063122 Coordinator.h:126] commit: 1374209 abort: 39791 (0/39791/0), network size: 0, avg network size: 0, si_in_serializable: 0 0 %, local: 0 %
I1126 17:58:12.273409 1063122 Coordinator.h:126] commit: 1377162 abort: 39838 (0/39838/0), network size: 0, avg network size: 0, si_in_serializable: 0 0 %, local: 0 %
I1126 17:58:13.273510 1063122 Coordinator.h:126] commit: 1372333 abort: 39667 (0/39667/0), network size: 0, avg network size: 0, si_in_serializable: 0 0 %, local: 0 %
I1126 17:58:14.273612 1063122 Coordinator.h:126] commit: 1376182 abort: 39818 (0/39818/0), network size: 0, avg network size: 0, si_in_serializable: 0 0 %, local: 0 %
I1126 17:58:15.273720 1063122 Coordinator.h:126] commit: 1373591 abort: 39409 (0/39409/0), network size: 0, avg network size: 0, si_in_serializable: 0 0 %, local: 0 %
I1126 17:58:15.273751 1063122 Coordinator.h:152] average commit: 1.35546e+06 abort: 39140.5 (0/39140.5/0), network size: 0, avg network size: 0, si_in_serializable: 0 0 %, local: 0 %
I1126 17:58:15.274211 1063142 AriaExecutor.h:103] AriaExecutor 4 exits. 
I1126 17:58:15.274215 1063140 AriaExecutor.h:103] AriaExecutor 2 exits. 
I1126 17:58:15.274216 1063146 AriaExecutor.h:103] AriaExecutor 8 exits. 
I1126 17:58:15.274222 1063145 AriaExecutor.h:103] AriaExecutor 7 exits. 
I1126 17:58:15.274223 1063141 AriaExecutor.h:103] AriaExecutor 3 exits. 
I1126 17:58:15.274223 1063143 AriaExecutor.h:103] AriaExecutor 5 exits. 
I1126 17:58:15.274225 1063147 AriaExecutor.h:103] AriaExecutor 9 exits. 
I1126 17:58:15.274217 1063144 AriaExecutor.h:103] AriaExecutor 6 exits. 
I1126 17:58:15.274225 1063139 AriaExecutor.h:103] AriaExecutor 1 exits. 
I1126 17:58:15.274216 1063148 AriaExecutor.h:103] AriaExecutor 10 exits. 
I1126 17:58:15.274226 1063149 AriaExecutor.h:103] AriaExecutor 11 exits. 
I1126 17:58:15.274227 1063150 Manager.h:227] Manager(worker id = 12) on the coordinator node exits.
I1126 17:58:15.274217 1063138 AriaExecutor.h:103] AriaExecutor 0 exits. 
I1126 17:58:15.273761 1063122 AriaExecutor.h:621] Worker 0 latency: 527 us (50%) 577 us (75%) 620 us (95%) 639 us (99%).
I1126 17:58:15.376906 1063122 AriaExecutor.h:621] Worker 1 latency: 522 us (50%) 574 us (75%) 618 us (95%) 637 us (99%).
I1126 17:58:15.481634 1063122 AriaExecutor.h:621] Worker 2 latency: 529 us (50%) 577 us (75%) 620 us (95%) 639 us (99%).
I1126 17:58:15.589118 1063122 AriaExecutor.h:621] Worker 3 latency: 526 us (50%) 575 us (75%) 619 us (95%) 638 us (99%).
I1126 17:58:15.692771 1063122 AriaExecutor.h:621] Worker 4 latency: 528 us (50%) 576 us (75%) 620 us (95%) 639 us (99%).
I1126 17:58:15.794621 1063122 AriaExecutor.h:621] Worker 5 latency: 524 us (50%) 574 us (75%) 618 us (95%) 637 us (99%).
I1126 17:58:15.893945 1063122 AriaExecutor.h:621] Worker 6 latency: 533 us (50%) 579 us (75%) 620 us (95%) 639 us (99%).
I1126 17:58:15.992789 1063122 AriaExecutor.h:621] Worker 7 latency: 525 us (50%) 574 us (75%) 618 us (95%) 637 us (99%).
I1126 17:58:16.092573 1063122 AriaExecutor.h:621] Worker 8 latency: 533 us (50%) 579 us (75%) 620 us (95%) 639 us (99%).
I1126 17:58:16.192728 1063122 AriaExecutor.h:621] Worker 9 latency: 527 us (50%) 575 us (75%) 618 us (95%) 637 us (99%).
I1126 17:58:16.296059 1063122 AriaExecutor.h:621] Worker 10 latency: 531 us (50%) 578 us (75%) 620 us (95%) 639 us (99%).
I1126 17:58:16.394136 1063122 AriaExecutor.h:621] Worker 11 latency: 526 us (50%) 575 us (75%) 618 us (95%) 638 us (99%).
I1126 17:58:16.495909 1063122 Coordinator.h:177] total commit: 1.35546e+06
I1126 17:58:17.496030 1063122 Coordinator.h:192] Coordinator exits.
