I1126 15:25:34.305140 1004782 Database.h:65] ycsb initialization finished in 30 milliseconds.
I1126 15:25:34.305240 1004782 Coordinator.h:30] Coordinator initializes 12 workers.
I1126 15:25:34.306129 1004782 Coordinator.h:77] Coordinator starts to run 13 workers.
I1126 15:25:34.306177 1004798 AriaExecutor.h:95] AriaExecutor 0 started. 
I1126 15:25:34.306210 1004799 AriaExecutor.h:95] AriaExecutor 1 started. 
I1126 15:25:34.306257 1004800 AriaExecutor.h:95] AriaExecutor 2 started. 
I1126 15:25:34.306300 1004801 AriaExecutor.h:95] AriaExecutor 3 started. 
I1126 15:25:34.306349 1004802 AriaExecutor.h:95] AriaExecutor 4 started. 
I1126 15:25:34.306403 1004803 AriaExecutor.h:95] AriaExecutor 5 started. 
I1126 15:25:34.306438 1004804 AriaExecutor.h:95] AriaExecutor 6 started. 
I1126 15:25:34.306491 1004805 AriaExecutor.h:95] AriaExecutor 7 started. 
I1126 15:25:34.306542 1004806 AriaExecutor.h:95] AriaExecutor 8 started. 
I1126 15:25:34.306593 1004807 AriaExecutor.h:95] AriaExecutor 9 started. 
I1126 15:25:34.306639 1004808 AriaExecutor.h:95] AriaExecutor 10 started. 
I1126 15:25:34.306694 1004809 AriaExecutor.h:95] AriaExecutor 11 started. 
I1126 15:25:34.306739 1004810 Manager.h:224] Manager(worker id = 12) on the coordinator node started.
I1126 15:25:35.306798 1004782 Coordinator.h:126] commit: 1211211 abort: 54789 (0/54789/0), network size: 0, avg network size: 0, si_in_serializable: 0 0 %, local: 0 %
I1126 15:25:36.306924 1004782 Coordinator.h:126] commit: 1188990 abort: 54010 (0/54010/0), network size: 0, avg network size: 0, si_in_serializable: 0 0 %, local: 0 %
I1126 15:25:37.307046 1004782 Coordinator.h:126] commit: 1207607 abort: 54393 (0/54393/0), network size: 0, avg network size: 0, si_in_serializable: 0 0 %, local: 0 %
I1126 15:25:38.307154 1004782 Coordinator.h:126] commit: 1220700 abort: 55300 (0/55300/0), network size: 0, avg network size: 0, si_in_serializable: 0 0 %, local: 0 %
I1126 15:25:39.307245 1004782 Coordinator.h:126] commit: 1221867 abort: 55133 (0/55133/0), network size: 0, avg network size: 0, si_in_serializable: 0 0 %, local: 0 %
I1126 15:25:40.307341 1004782 Coordinator.h:126] commit: 1162452 abort: 52548 (0/52548/0), network size: 0, avg network size: 0, si_in_serializable: 0 0 %, local: 0 %
I1126 15:25:41.307430 1004782 Coordinator.h:126] commit: 1219653 abort: 55340 (0/55340/0), network size: 0, avg network size: 0, si_in_serializable: 0 0 %, local: 0 %
I1126 15:25:42.307552 1004782 Coordinator.h:126] commit: 1215264 abort: 54743 (0/54743/0), network size: 0, avg network size: 0, si_in_serializable: 0 0 %, local: 0 %
I1126 15:25:43.307655 1004782 Coordinator.h:126] commit: 1218732 abort: 55268 (0/55268/0), network size: 0, avg network size: 0, si_in_serializable: 0 0 %, local: 0 %
I1126 15:25:44.307746 1004782 Coordinator.h:126] commit: 1209439 abort: 54959 (0/54959/0), network size: 0, avg network size: 0, si_in_serializable: 0 0 %, local: 0 %
I1126 15:25:45.307843 1004782 Coordinator.h:126] commit: 1137775 abort: 51827 (0/51827/0), network size: 0, avg network size: 0, si_in_serializable: 0 0 %, local: 0 %
I1126 15:25:46.307962 1004782 Coordinator.h:126] commit: 1211956 abort: 55044 (0/55044/0), network size: 0, avg network size: 0, si_in_serializable: 0 0 %, local: 0 %
I1126 15:25:47.308065 1004782 Coordinator.h:126] commit: 1214499 abort: 55448 (0/55448/0), network size: 0, avg network size: 0, si_in_serializable: 0 0 %, local: 0 %
I1126 15:25:48.308159 1004782 Coordinator.h:126] commit: 1217841 abort: 55212 (0/55212/0), network size: 0, avg network size: 0, si_in_serializable: 0 0 %, local: 0 %
I1126 15:25:49.308252 1004782 Coordinator.h:126] commit: 1215356 abort: 55644 (0/55644/0), network size: 0, avg network size: 0, si_in_serializable: 0 0 %, local: 0 %
I1126 15:25:50.308344 1004782 Coordinator.h:126] commit: 1218040 abort: 54960 (0/54960/0), network size: 0, avg network size: 0, si_in_serializable: 0 0 %, local: 0 %
I1126 15:25:51.308439 1004782 Coordinator.h:126] commit: 1215746 abort: 55254 (0/55254/0), network size: 0, avg network size: 0, si_in_serializable: 0 0 %, local: 0 %
I1126 15:25:52.308532 1004782 Coordinator.h:126] commit: 1218761 abort: 55239 (0/55239/0), network size: 0, avg network size: 0, si_in_serializable: 0 0 %, local: 0 %
I1126 15:25:53.308624 1004782 Coordinator.h:126] commit: 1216179 abort: 54821 (0/54821/0), network size: 0, avg network size: 0, si_in_serializable: 0 0 %, local: 0 %
I1126 15:25:54.308719 1004782 Coordinator.h:126] commit: 1216902 abort: 55098 (0/55098/0), network size: 0, avg network size: 0, si_in_serializable: 0 0 %, local: 0 %
I1126 15:25:55.308812 1004782 Coordinator.h:126] commit: 1106845 abort: 50128 (0/50128/0), network size: 0, avg network size: 0, si_in_serializable: 0 0 %, local: 0 %
I1126 15:25:56.308902 1004782 Coordinator.h:126] commit: 1137402 abort: 51625 (0/51625/0), network size: 0, avg network size: 0, si_in_serializable: 0 0 %, local: 0 %
I1126 15:25:57.308998 1004782 Coordinator.h:126] commit: 1216703 abort: 55297 (0/55297/0), network size: 0, avg network size: 0, si_in_serializable: 0 0 %, local: 0 %
I1126 15:25:58.309089 1004782 Coordinator.h:126] commit: 1219517 abort: 55483 (0/55483/0), network size: 0, avg network size: 0, si_in_serializable: 0 0 %, local: 0 %
I1126 15:25:59.309180 1004782 Coordinator.h:126] commit: 1217037 abort: 54963 (0/54963/0), network size: 0, avg network size: 0, si_in_serializable: 0 0 %, local: 0 %
I1126 15:25:59.309202 1004782 Coordinator.h:152] average commit: 1.20831e+06 abort: 54854.7 (0/54854.7/0), network size: 0, avg network size: 0, si_in_serializable: 0 0 %, local: 0 %
I1126 15:25:59.309722 1004808 AriaExecutor.h:107] AriaExecutor 10 exits. 
I1126 15:25:59.309727 1004804 AriaExecutor.h:107] AriaExecutor 6 exits. 
I1126 15:25:59.309724 1004798 AriaExecutor.h:107] AriaExecutor 0 exits. 
I1126 15:25:59.309726 1004810 Manager.h:227] Manager(worker id = 12) on the coordinator node exits.
I1126 15:25:59.309738 1004807 AriaExecutor.h:107] AriaExecutor 9 exits. 
I1126 15:25:59.309738 1004803 AriaExecutor.h:107] AriaExecutor 5 exits. 
I1126 15:25:59.309727 1004802 AriaExecutor.h:107] AriaExecutor 4 exits. 
I1126 15:25:59.309738 1004809 AriaExecutor.h:107] AriaExecutor 11 exits. 
I1126 15:25:59.309729 1004806 AriaExecutor.h:107] AriaExecutor 8 exits. 
I1126 15:25:59.309738 1004799 AriaExecutor.h:107] AriaExecutor 1 exits. 
I1126 15:25:59.309738 1004801 AriaExecutor.h:107] AriaExecutor 3 exits. 
I1126 15:25:59.309738 1004805 AriaExecutor.h:107] AriaExecutor 7 exits. 
I1126 15:25:59.309727 1004800 AriaExecutor.h:107] AriaExecutor 2 exits. 
I1126 15:25:59.309216 1004782 AriaExecutor.h:705] Worker 0 latency: 598 us (50%) 651 us (75%) 696 us (95%) 713 us (99%).
I1126 15:25:59.398110 1004782 AriaExecutor.h:705] Worker 1 latency: 595 us (50%) 649 us (75%) 695 us (95%) 711 us (99%).
I1126 15:25:59.487906 1004782 AriaExecutor.h:705] Worker 2 latency: 598 us (50%) 650 us (75%) 696 us (95%) 712 us (99%).
I1126 15:25:59.575701 1004782 AriaExecutor.h:705] Worker 3 latency: 596 us (50%) 649 us (75%) 695 us (95%) 711 us (99%).
I1126 15:25:59.665856 1004782 AriaExecutor.h:705] Worker 4 latency: 598 us (50%) 650 us (75%) 695 us (95%) 712 us (99%).
I1126 15:25:59.753756 1004782 AriaExecutor.h:705] Worker 5 latency: 596 us (50%) 649 us (75%) 694 us (95%) 711 us (99%).
I1126 15:25:59.841352 1004782 AriaExecutor.h:705] Worker 6 latency: 602 us (50%) 652 us (75%) 696 us (95%) 712 us (99%).
I1126 15:25:59.927455 1004782 AriaExecutor.h:705] Worker 7 latency: 598 us (50%) 650 us (75%) 694 us (95%) 711 us (99%).
I1126 15:26:00.015646 1004782 AriaExecutor.h:705] Worker 8 latency: 600 us (50%) 651 us (75%) 695 us (95%) 712 us (99%).
I1126 15:26:00.101496 1004782 AriaExecutor.h:705] Worker 9 latency: 598 us (50%) 650 us (75%) 694 us (95%) 711 us (99%).
I1126 15:26:00.188906 1004782 AriaExecutor.h:705] Worker 10 latency: 600 us (50%) 651 us (75%) 696 us (95%) 712 us (99%).
I1126 15:26:00.275768 1004782 AriaExecutor.h:705] Worker 11 latency: 599 us (50%) 650 us (75%) 695 us (95%) 711 us (99%).
I1126 15:26:00.363737 1004782 Coordinator.h:177] total commit: 1.20831e+06
I1126 15:26:01.363850 1004782 Coordinator.h:192] Coordinator exits.
