I0911 23:11:28.325810 2943757 Database.h:65] ycsb initialization finished in 186 milliseconds.
I0911 23:11:28.325929 2943757 Coordinator.h:30] Coordinator initializes 16 workers.
I0911 23:11:28.333784 2943757 Coordinator.h:77] Coordinator starts to run 17 workers.
I0911 23:11:28.333842 2943777 AriaExecutor.h:82] AriaExecutor 0 started. 
I0911 23:11:28.333889 2943778 AriaExecutor.h:82] AriaExecutor 1 started. 
I0911 23:11:28.333931 2943779 AriaExecutor.h:82] AriaExecutor 2 started. 
I0911 23:11:28.333985 2943780 AriaExecutor.h:82] AriaExecutor 3 started. 
I0911 23:11:28.334005 2943781 AriaExecutor.h:82] AriaExecutor 4 started. 
I0911 23:11:28.334045 2943782 AriaExecutor.h:82] AriaExecutor 5 started. 
I0911 23:11:28.334084 2943783 AriaExecutor.h:82] AriaExecutor 6 started. 
I0911 23:11:28.334133 2943784 AriaExecutor.h:82] AriaExecutor 7 started. 
I0911 23:11:28.334167 2943785 AriaExecutor.h:82] AriaExecutor 8 started. 
I0911 23:11:28.334208 2943786 AriaExecutor.h:82] AriaExecutor 9 started. 
I0911 23:11:28.334241 2943787 AriaExecutor.h:82] AriaExecutor 10 started. 
I0911 23:11:28.334285 2943788 AriaExecutor.h:82] AriaExecutor 11 started. 
I0911 23:11:28.334321 2943789 AriaExecutor.h:82] AriaExecutor 12 started. 
I0911 23:11:28.334362 2943790 AriaExecutor.h:82] AriaExecutor 13 started. 
I0911 23:11:28.334403 2943791 AriaExecutor.h:82] AriaExecutor 14 started. 
I0911 23:11:28.334447 2943792 AriaExecutor.h:82] AriaExecutor 15 started. 
I0911 23:11:28.334481 2943793 Manager.h:224] Manager(worker id = 16) on the coordinator node started.
I0911 23:11:29.334533 2943757 Coordinator.h:126] commit: 1307782 abort: 890 (0/890/0), network size: 0, avg network size: 0, si_in_serializable: 0 0 %, local: 0 %
I0911 23:11:30.334631 2943757 Coordinator.h:126] commit: 1297557 abort: 875 (0/875/0), network size: 0, avg network size: 0, si_in_serializable: 0 0 %, local: 0 %
I0911 23:11:31.334707 2943757 Coordinator.h:126] commit: 1253516 abort: 884 (0/884/0), network size: 0, avg network size: 0, si_in_serializable: 0 0 %, local: 0 %
I0911 23:11:32.334782 2943757 Coordinator.h:126] commit: 1267911 abort: 825 (0/825/0), network size: 0, avg network size: 0, si_in_serializable: 0 0 %, local: 0 %
I0911 23:11:33.334880 2943757 Coordinator.h:126] commit: 1309902 abort: 818 (0/818/0), network size: 0, avg network size: 0, si_in_serializable: 0 0 %, local: 0 %
I0911 23:11:34.334956 2943757 Coordinator.h:126] commit: 1323229 abort: 803 (0/803/0), network size: 0, avg network size: 0, si_in_serializable: 0 0 %, local: 0 %
I0911 23:11:35.335032 2943757 Coordinator.h:126] commit: 1309874 abort: 846 (0/846/0), network size: 0, avg network size: 0, si_in_serializable: 0 0 %, local: 0 %
I0911 23:11:36.335105 2943757 Coordinator.h:126] commit: 1314982 abort: 858 (0/858/0), network size: 0, avg network size: 0, si_in_serializable: 0 0 %, local: 0 %
I0911 23:11:37.335177 2943757 Coordinator.h:126] commit: 1322124 abort: 884 (0/884/0), network size: 0, avg network size: 0, si_in_serializable: 0 0 %, local: 0 %
I0911 23:11:38.335248 2943757 Coordinator.h:126] commit: 1320091 abort: 869 (0/869/0), network size: 0, avg network size: 0, si_in_serializable: 0 0 %, local: 0 %
I0911 23:11:39.335320 2943757 Coordinator.h:126] commit: 1289393 abort: 847 (0/847/0), network size: 0, avg network size: 0, si_in_serializable: 0 0 %, local: 0 %
I0911 23:11:40.335394 2943757 Coordinator.h:126] commit: 1280193 abort: 831 (0/831/0), network size: 0, avg network size: 0, si_in_serializable: 0 0 %, local: 0 %
I0911 23:11:41.335501 2943757 Coordinator.h:126] commit: 1276128 abort: 800 (0/800/0), network size: 0, avg network size: 0, si_in_serializable: 0 0 %, local: 0 %
I0911 23:11:42.335587 2943757 Coordinator.h:126] commit: 1321162 abort: 822 (0/822/0), network size: 0, avg network size: 0, si_in_serializable: 0 0 %, local: 0 %
I0911 23:11:43.335664 2943757 Coordinator.h:126] commit: 1321079 abort: 905 (0/905/0), network size: 0, avg network size: 0, si_in_serializable: 0 0 %, local: 0 %
I0911 23:11:44.335736 2943757 Coordinator.h:126] commit: 1322133 abort: 875 (0/875/0), network size: 0, avg network size: 0, si_in_serializable: 0 0 %, local: 0 %
I0911 23:11:45.335809 2943757 Coordinator.h:126] commit: 1322166 abort: 842 (0/842/0), network size: 0, avg network size: 0, si_in_serializable: 0 0 %, local: 0 %
I0911 23:11:46.335882 2943757 Coordinator.h:126] commit: 1318013 abort: 899 (0/899/0), network size: 0, avg network size: 0, si_in_serializable: 0 0 %, local: 0 %
I0911 23:11:47.335956 2943757 Coordinator.h:126] commit: 1317013 abort: 875 (0/875/0), network size: 0, avg network size: 0, si_in_serializable: 0 0 %, local: 0 %
I0911 23:11:48.336027 2943757 Coordinator.h:126] commit: 1321185 abort: 799 (0/799/0), network size: 0, avg network size: 0, si_in_serializable: 0 0 %, local: 0 %
I0911 23:11:49.336098 2943757 Coordinator.h:126] commit: 1313957 abort: 859 (0/859/0), network size: 0, avg network size: 0, si_in_serializable: 0 0 %, local: 0 %
I0911 23:11:50.336171 2943757 Coordinator.h:126] commit: 1321075 abort: 909 (0/909/0), network size: 0, avg network size: 0, si_in_serializable: 0 0 %, local: 0 %
I0911 23:11:51.336246 2943757 Coordinator.h:126] commit: 1289397 abort: 843 (0/843/0), network size: 0, avg network size: 0, si_in_serializable: 0 0 %, local: 0 %
I0911 23:11:52.336323 2943757 Coordinator.h:126] commit: 1321153 abort: 831 (0/831/0), network size: 0, avg network size: 0, si_in_serializable: 0 0 %, local: 0 %
I0911 23:11:53.336395 2943757 Coordinator.h:126] commit: 1300659 abort: 845 (0/845/0), network size: 0, avg network size: 0, si_in_serializable: 0 0 %, local: 0 %
I0911 23:11:53.336406 2943757 Coordinator.h:152] average commit: 1.30885e+06 abort: 849.5 (0/849.5/0), network size: 0, avg network size: 0, si_in_serializable: 0 0 %, local: 0 %
I0911 23:11:53.336678 2943787 AriaExecutor.h:94] AriaExecutor 10 exits. 
I0911 23:11:53.336679 2943785 AriaExecutor.h:94] AriaExecutor 8 exits. 
I0911 23:11:53.336679 2943779 AriaExecutor.h:94] AriaExecutor 2 exits. 
I0911 23:11:53.336680 2943789 AriaExecutor.h:94] AriaExecutor 12 exits. 
I0911 23:11:53.336688 2943780 AriaExecutor.h:94] AriaExecutor 3 exits. 
I0911 23:11:53.336678 2943777 AriaExecutor.h:94] AriaExecutor 0 exits. 
I0911 23:11:53.336681 2943781 AriaExecutor.h:94] AriaExecutor 4 exits. 
I0911 23:11:53.336678 2943783 AriaExecutor.h:94] AriaExecutor 6 exits. 
I0911 23:11:53.336688 2943788 AriaExecutor.h:94] AriaExecutor 11 exits. 
I0911 23:11:53.336692 2943786 AriaExecutor.h:94] AriaExecutor 9 exits. 
I0911 23:11:53.336691 2943784 AriaExecutor.h:94] AriaExecutor 7 exits. 
I0911 23:11:53.336691 2943782 AriaExecutor.h:94] AriaExecutor 5 exits. 
I0911 23:11:53.336691 2943790 AriaExecutor.h:94] AriaExecutor 13 exits. 
I0911 23:11:53.336678 2943791 AriaExecutor.h:94] AriaExecutor 14 exits. 
I0911 23:11:53.336691 2943792 AriaExecutor.h:94] AriaExecutor 15 exits. 
I0911 23:11:53.336683 2943793 Manager.h:227] Manager(worker id = 16) on the coordinator node exits.
I0911 23:11:53.336689 2943778 AriaExecutor.h:94] AriaExecutor 1 exits. 
I0911 23:11:53.336414 2943757 AriaExecutor.h:641] Worker 0 latency: 444 us (50%) 597 us (75%) 719 us (95%) 746 us (99%).
I0911 23:11:53.417812 2943757 AriaExecutor.h:641] Worker 1 latency: 443 us (50%) 595 us (75%) 718 us (95%) 745 us (99%).
I0911 23:11:53.507648 2943757 AriaExecutor.h:641] Worker 2 latency: 447 us (50%) 598 us (75%) 719 us (95%) 746 us (99%).
I0911 23:11:53.588598 2943757 AriaExecutor.h:641] Worker 3 latency: 443 us (50%) 596 us (75%) 718 us (95%) 745 us (99%).
I0911 23:11:53.677699 2943757 AriaExecutor.h:641] Worker 4 latency: 446 us (50%) 598 us (75%) 719 us (95%) 746 us (99%).
I0911 23:11:53.757784 2943757 AriaExecutor.h:641] Worker 5 latency: 443 us (50%) 595 us (75%) 718 us (95%) 745 us (99%).
I0911 23:11:53.845350 2943757 AriaExecutor.h:641] Worker 6 latency: 447 us (50%) 598 us (75%) 719 us (95%) 746 us (99%).
I0911 23:11:53.927191 2943757 AriaExecutor.h:641] Worker 7 latency: 443 us (50%) 595 us (75%) 718 us (95%) 745 us (99%).
I0911 23:11:54.015009 2943757 AriaExecutor.h:641] Worker 8 latency: 445 us (50%) 597 us (75%) 719 us (95%) 746 us (99%).
I0911 23:11:54.096889 2943757 AriaExecutor.h:641] Worker 9 latency: 442 us (50%) 594 us (75%) 717 us (95%) 745 us (99%).
I0911 23:11:54.186056 2943757 AriaExecutor.h:641] Worker 10 latency: 447 us (50%) 598 us (75%) 719 us (95%) 746 us (99%).
I0911 23:11:54.266873 2943757 AriaExecutor.h:641] Worker 11 latency: 443 us (50%) 595 us (75%) 717 us (95%) 745 us (99%).
I0911 23:11:54.356352 2943757 AriaExecutor.h:641] Worker 12 latency: 447 us (50%) 598 us (75%) 719 us (95%) 746 us (99%).
I0911 23:11:54.437405 2943757 AriaExecutor.h:641] Worker 13 latency: 442 us (50%) 594 us (75%) 717 us (95%) 745 us (99%).
I0911 23:11:54.525766 2943757 AriaExecutor.h:641] Worker 14 latency: 447 us (50%) 598 us (75%) 719 us (95%) 746 us (99%).
I0911 23:11:54.606056 2943757 AriaExecutor.h:641] Worker 15 latency: 444 us (50%) 595 us (75%) 717 us (95%) 745 us (99%).
I0911 23:11:54.695513 2943757 Coordinator.h:177] total commit: 1.30885e+06
I0911 23:11:55.695631 2943757 Coordinator.h:192] Coordinator exits.
