I1126 14:01:46.719481 953859 Database.h:65] ycsb initialization finished in 30 milliseconds.
I1126 14:01:46.719587 953859 Coordinator.h:30] Coordinator initializes 12 workers.
I1126 14:01:46.726521 953859 Coordinator.h:77] Coordinator starts to run 13 workers.
I1126 14:01:46.726575 953875 AriaExecutor.h:91] AriaExecutor 0 started. 
I1126 14:01:46.726605 953876 AriaExecutor.h:91] AriaExecutor 1 started. 
I1126 14:01:46.726651 953877 AriaExecutor.h:91] AriaExecutor 2 started. 
I1126 14:01:46.726702 953878 AriaExecutor.h:91] AriaExecutor 3 started. 
I1126 14:01:46.726773 953880 AriaExecutor.h:91] AriaExecutor 5 started. 
I1126 14:01:46.726814 953881 AriaExecutor.h:91] AriaExecutor 6 started. 
I1126 14:01:46.726856 953882 AriaExecutor.h:91] AriaExecutor 7 started. 
I1126 14:01:46.726893 953883 AriaExecutor.h:91] AriaExecutor 8 started. 
I1126 14:01:46.726935 953884 AriaExecutor.h:91] AriaExecutor 9 started. 
I1126 14:01:46.726969 953885 AriaExecutor.h:91] AriaExecutor 10 started. 
I1126 14:01:46.727020 953886 AriaExecutor.h:91] AriaExecutor 11 started. 
I1126 14:01:46.727047 953879 AriaExecutor.h:91] AriaExecutor 4 started. 
I1126 14:01:46.727051 953887 Manager.h:224] Manager(worker id = 12) on the coordinator node started.
I1126 14:01:47.727118 953859 Coordinator.h:126] commit: 1746780 abort: 113220 (0/113220/0), network size: 0, avg network size: 0, si_in_serializable: 0 0 %, local: 0 %
I1126 14:01:48.727233 953859 Coordinator.h:126] commit: 1737395 abort: 111979 (0/111979/0), network size: 0, avg network size: 0, si_in_serializable: 0 0 %, local: 0 %
I1126 14:01:49.727340 953859 Coordinator.h:126] commit: 1747267 abort: 113359 (0/113359/0), network size: 0, avg network size: 0, si_in_serializable: 0 0 %, local: 0 %
I1126 14:01:50.727448 953859 Coordinator.h:126] commit: 1756697 abort: 113303 (0/113303/0), network size: 0, avg network size: 0, si_in_serializable: 0 0 %, local: 0 %
I1126 14:01:51.727540 953859 Coordinator.h:126] commit: 1765971 abort: 114029 (0/114029/0), network size: 0, avg network size: 0, si_in_serializable: 0 0 %, local: 0 %
I1126 14:01:52.727617 953859 Coordinator.h:126] commit: 1765954 abort: 114046 (0/114046/0), network size: 0, avg network size: 0, si_in_serializable: 0 0 %, local: 0 %
I1126 14:01:53.727697 953859 Coordinator.h:126] commit: 1746984 abort: 113016 (0/113016/0), network size: 0, avg network size: 0, si_in_serializable: 0 0 %, local: 0 %
I1126 14:01:54.727780 953859 Coordinator.h:126] commit: 1718917 abort: 111083 (0/111083/0), network size: 0, avg network size: 0, si_in_serializable: 0 0 %, local: 0 %
I1126 14:01:55.727903 953859 Coordinator.h:126] commit: 1747065 abort: 112935 (0/112935/0), network size: 0, avg network size: 0, si_in_serializable: 0 0 %, local: 0 %
I1126 14:01:56.728003 953859 Coordinator.h:126] commit: 1765647 abort: 114353 (0/114353/0), network size: 0, avg network size: 0, si_in_serializable: 0 0 %, local: 0 %
I1126 14:01:57.728081 953859 Coordinator.h:126] commit: 1765367 abort: 114633 (0/114633/0), network size: 0, avg network size: 0, si_in_serializable: 0 0 %, local: 0 %
I1126 14:01:58.728156 953859 Coordinator.h:126] commit: 1756256 abort: 113744 (0/113744/0), network size: 0, avg network size: 0, si_in_serializable: 0 0 %, local: 0 %
I1126 14:01:59.728240 953859 Coordinator.h:126] commit: 1766184 abort: 113816 (0/113816/0), network size: 0, avg network size: 0, si_in_serializable: 0 0 %, local: 0 %
I1126 14:02:00.728335 953859 Coordinator.h:126] commit: 1765553 abort: 114447 (0/114447/0), network size: 0, avg network size: 0, si_in_serializable: 0 0 %, local: 0 %
I1126 14:02:01.728446 953859 Coordinator.h:126] commit: 1634563 abort: 105437 (0/105437/0), network size: 0, avg network size: 0, si_in_serializable: 0 0 %, local: 0 %
I1126 14:02:02.728562 953859 Coordinator.h:126] commit: 1756279 abort: 113721 (0/113721/0), network size: 0, avg network size: 0, si_in_serializable: 0 0 %, local: 0 %
I1126 14:02:03.728677 953859 Coordinator.h:126] commit: 1765351 abort: 114649 (0/114649/0), network size: 0, avg network size: 0, si_in_serializable: 0 0 %, local: 0 %
I1126 14:02:04.728789 953859 Coordinator.h:126] commit: 1766324 abort: 113676 (0/113676/0), network size: 0, avg network size: 0, si_in_serializable: 0 0 %, local: 0 %
I1126 14:02:05.728909 953859 Coordinator.h:126] commit: 1765790 abort: 114210 (0/114210/0), network size: 0, avg network size: 0, si_in_serializable: 0 0 %, local: 0 %
I1126 14:02:06.729038 953859 Coordinator.h:126] commit: 1729257 abort: 112222 (0/112222/0), network size: 0, avg network size: 0, si_in_serializable: 0 0 %, local: 0 %
I1126 14:02:07.729132 953859 Coordinator.h:126] commit: 1763892 abort: 114629 (0/114629/0), network size: 0, avg network size: 0, si_in_serializable: 0 0 %, local: 0 %
I1126 14:02:08.729210 953859 Coordinator.h:126] commit: 1765589 abort: 114411 (0/114411/0), network size: 0, avg network size: 0, si_in_serializable: 0 0 %, local: 0 %
I1126 14:02:09.729291 953859 Coordinator.h:126] commit: 1765269 abort: 114731 (0/114731/0), network size: 0, avg network size: 0, si_in_serializable: 0 0 %, local: 0 %
I1126 14:02:10.729385 953859 Coordinator.h:126] commit: 1766036 abort: 113964 (0/113964/0), network size: 0, avg network size: 0, si_in_serializable: 0 0 %, local: 0 %
I1126 14:02:11.729478 953859 Coordinator.h:126] commit: 1765797 abort: 114203 (0/114203/0), network size: 0, avg network size: 0, si_in_serializable: 0 0 %, local: 0 %
I1126 14:02:11.729491 953859 Coordinator.h:152] average commit: 1.74709e+06 abort: 113056 (0/113056/0), network size: 0, avg network size: 0, si_in_serializable: 0 0 %, local: 0 %
I1126 14:02:11.732939 953883 AriaExecutor.h:103] AriaExecutor 8 exits. 
I1126 14:02:11.732940 953881 AriaExecutor.h:103] AriaExecutor 6 exits. 
I1126 14:02:11.732954 953880 AriaExecutor.h:103] AriaExecutor 5 exits. 
I1126 14:02:11.732944 953875 AriaExecutor.h:103] AriaExecutor 0 exits. 
I1126 14:02:11.732944 953877 AriaExecutor.h:103] AriaExecutor 2 exits. 
I1126 14:02:11.732944 953879 AriaExecutor.h:103] AriaExecutor 4 exits. 
I1126 14:02:11.732954 953876 AriaExecutor.h:103] AriaExecutor 1 exits. 
I1126 14:02:11.732954 953878 AriaExecutor.h:103] AriaExecutor 3 exits. 
I1126 14:02:11.732954 953884 AriaExecutor.h:103] AriaExecutor 9 exits. 
I1126 14:02:11.732956 953886 AriaExecutor.h:103] AriaExecutor 11 exits. 
I1126 14:02:11.732942 953887 Manager.h:227] Manager(worker id = 12) on the coordinator node exits.
I1126 14:02:11.732944 953885 AriaExecutor.h:103] AriaExecutor 10 exits. 
I1126 14:02:11.732955 953882 AriaExecutor.h:103] AriaExecutor 7 exits. 
I1126 14:02:11.729503 953859 AriaExecutor.h:649] Worker 0 latency: 3687 us (50%) 4207 us (75%) 4624 us (95%) 4730 us (99%).
I1126 14:02:11.864730 953859 AriaExecutor.h:649] Worker 1 latency: 3691 us (50%) 4210 us (75%) 4624 us (95%) 4731 us (99%).
I1126 14:02:12.001474 953859 AriaExecutor.h:649] Worker 2 latency: 3705 us (50%) 4214 us (75%) 4621 us (95%) 4726 us (99%).
I1126 14:02:12.133468 953859 AriaExecutor.h:649] Worker 3 latency: 3694 us (50%) 4212 us (75%) 4624 us (95%) 4730 us (99%).
I1126 14:02:12.269181 953859 AriaExecutor.h:649] Worker 4 latency: 3692 us (50%) 4208 us (75%) 4621 us (95%) 4726 us (99%).
I1126 14:02:12.402451 953859 AriaExecutor.h:649] Worker 5 latency: 3700 us (50%) 4216 us (75%) 4626 us (95%) 4732 us (99%).
I1126 14:02:12.539297 953859 AriaExecutor.h:649] Worker 6 latency: 3710 us (50%) 4219 us (75%) 4626 us (95%) 4730 us (99%).
I1126 14:02:12.673631 953859 AriaExecutor.h:649] Worker 7 latency: 3695 us (50%) 4213 us (75%) 4625 us (95%) 4729 us (99%).
I1126 14:02:12.807659 953859 AriaExecutor.h:649] Worker 8 latency: 3690 us (50%) 4208 us (75%) 4623 us (95%) 4728 us (99%).
I1126 14:02:12.942602 953859 AriaExecutor.h:649] Worker 9 latency: 3700 us (50%) 4215 us (75%) 4625 us (95%) 4730 us (99%).
I1126 14:02:13.077332 953859 AriaExecutor.h:649] Worker 10 latency: 3696 us (50%) 4211 us (75%) 4623 us (95%) 4727 us (99%).
I1126 14:02:13.212652 953859 AriaExecutor.h:649] Worker 11 latency: 3697 us (50%) 4215 us (75%) 4626 us (95%) 4731 us (99%).
I1126 14:02:13.348701 953859 Coordinator.h:177] total commit: 1.74709e+06
I1126 14:02:14.348815 953859 Coordinator.h:192] Coordinator exits.
