I0912 00:12:34.202867 2955328 Database.h:65] ycsb initialization finished in 150 milliseconds.
I0912 00:12:34.202976 2955328 Coordinator.h:30] Coordinator initializes 16 workers.
I0912 00:12:34.234951 2955328 Coordinator.h:77] Coordinator starts to run 17 workers.
I0912 00:12:34.235054 2955348 AriaExecutor.h:82] AriaExecutor 0 started. 
I0912 00:12:34.235080 2955349 AriaExecutor.h:82] AriaExecutor 1 started. 
I0912 00:12:34.235141 2955350 AriaExecutor.h:82] AriaExecutor 2 started. 
I0912 00:12:34.235172 2955351 AriaExecutor.h:82] AriaExecutor 3 started. 
I0912 00:12:34.235206 2955352 AriaExecutor.h:82] AriaExecutor 4 started. 
I0912 00:12:34.235234 2955353 AriaExecutor.h:82] AriaExecutor 5 started. 
I0912 00:12:34.235272 2955354 AriaExecutor.h:82] AriaExecutor 6 started. 
I0912 00:12:34.235299 2955355 AriaExecutor.h:82] AriaExecutor 7 started. 
I0912 00:12:34.235332 2955356 AriaExecutor.h:82] AriaExecutor 8 started. 
I0912 00:12:34.235368 2955357 AriaExecutor.h:82] AriaExecutor 9 started. 
I0912 00:12:34.235395 2955358 AriaExecutor.h:82] AriaExecutor 10 started. 
I0912 00:12:34.235430 2955359 AriaExecutor.h:82] AriaExecutor 11 started. 
I0912 00:12:34.235456 2955360 AriaExecutor.h:82] AriaExecutor 12 started. 
I0912 00:12:34.235489 2955361 AriaExecutor.h:82] AriaExecutor 13 started. 
I0912 00:12:34.235522 2955362 AriaExecutor.h:82] AriaExecutor 14 started. 
I0912 00:12:34.235551 2955363 AriaExecutor.h:82] AriaExecutor 15 started. 
I0912 00:12:34.235582 2955364 Manager.h:224] Manager(worker id = 16) on the coordinator node started.
I0912 00:12:35.235641 2955328 Coordinator.h:126] commit: 2428 abort: 243332 (0/243332/0), network size: 0, avg network size: 0, si_in_serializable: 0 0 %, local: 0 %
I0912 00:12:36.235777 2955328 Coordinator.h:126] commit: 2809 abort: 267527 (0/267527/0), network size: 0, avg network size: 0, si_in_serializable: 0 0 %, local: 0 %
I0912 00:12:37.235865 2955328 Coordinator.h:126] commit: 2670 abort: 263570 (0/263570/0), network size: 0, avg network size: 0, si_in_serializable: 0 0 %, local: 0 %
I0912 00:12:38.235946 2955328 Coordinator.h:126] commit: 2663 abort: 259481 (0/259481/0), network size: 0, avg network size: 0, si_in_serializable: 0 0 %, local: 0 %
I0912 00:12:39.236122 2955328 Coordinator.h:126] commit: 2845 abort: 279779 (0/279779/0), network size: 0, avg network size: 0, si_in_serializable: 0 0 %, local: 0 %
I0912 00:12:40.236248 2955328 Coordinator.h:126] commit: 2820 abort: 275708 (0/275708/0), network size: 0, avg network size: 0, si_in_serializable: 0 0 %, local: 0 %
I0912 00:12:41.236326 2955328 Coordinator.h:126] commit: 2903 abort: 279721 (0/279721/0), network size: 0, avg network size: 0, si_in_serializable: 0 0 %, local: 0 %
I0912 00:12:42.236408 2955328 Coordinator.h:126] commit: 2930 abort: 279694 (0/279694/0), network size: 0, avg network size: 0, si_in_serializable: 0 0 %, local: 0 %
I0912 00:12:43.236495 2955328 Coordinator.h:126] commit: 2829 abort: 271603 (0/271603/0), network size: 0, avg network size: 0, si_in_serializable: 0 0 %, local: 0 %
I0912 00:12:44.236581 2955328 Coordinator.h:126] commit: 2840 abort: 275688 (0/275688/0), network size: 0, avg network size: 0, si_in_serializable: 0 0 %, local: 0 %
I0912 00:12:45.236680 2955328 Coordinator.h:126] commit: 2861 abort: 283859 (0/283859/0), network size: 0, avg network size: 0, si_in_serializable: 0 0 %, local: 0 %
I0912 00:12:46.236794 2955328 Coordinator.h:126] commit: 2913 abort: 283807 (0/283807/0), network size: 0, avg network size: 0, si_in_serializable: 0 0 %, local: 0 %
I0912 00:12:47.236897 2955328 Coordinator.h:126] commit: 2904 abort: 283816 (0/283816/0), network size: 0, avg network size: 0, si_in_serializable: 0 0 %, local: 0 %
I0912 00:12:48.236972 2955328 Coordinator.h:126] commit: 2948 abort: 283772 (0/283772/0), network size: 0, avg network size: 0, si_in_serializable: 0 0 %, local: 0 %
I0912 00:12:49.237067 2955328 Coordinator.h:126] commit: 2872 abort: 283848 (0/283848/0), network size: 0, avg network size: 0, si_in_serializable: 0 0 %, local: 0 %
I0912 00:12:50.237164 2955328 Coordinator.h:126] commit: 2943 abort: 283777 (0/283777/0), network size: 0, avg network size: 0, si_in_serializable: 0 0 %, local: 0 %
I0912 00:12:51.237267 2955328 Coordinator.h:126] commit: 2949 abort: 283771 (0/283771/0), network size: 0, avg network size: 0, si_in_serializable: 0 0 %, local: 0 %
I0912 00:12:52.237351 2955328 Coordinator.h:126] commit: 2933 abort: 283787 (0/283787/0), network size: 0, avg network size: 0, si_in_serializable: 0 0 %, local: 0 %
I0912 00:12:53.237433 2955328 Coordinator.h:126] commit: 2883 abort: 287933 (0/287933/0), network size: 0, avg network size: 0, si_in_serializable: 0 0 %, local: 0 %
I0912 00:12:54.237524 2955328 Coordinator.h:126] commit: 2940 abort: 283780 (0/283780/0), network size: 0, avg network size: 0, si_in_serializable: 0 0 %, local: 0 %
I0912 00:12:55.237622 2955328 Coordinator.h:126] commit: 2970 abort: 287846 (0/287846/0), network size: 0, avg network size: 0, si_in_serializable: 0 0 %, local: 0 %
I0912 00:12:56.237731 2955328 Coordinator.h:126] commit: 2840 abort: 279784 (0/279784/0), network size: 0, avg network size: 0, si_in_serializable: 0 0 %, local: 0 %
I0912 00:12:57.237828 2955328 Coordinator.h:126] commit: 2816 abort: 279808 (0/279808/0), network size: 0, avg network size: 0, si_in_serializable: 0 0 %, local: 0 %
I0912 00:12:58.237933 2955328 Coordinator.h:126] commit: 2926 abort: 283794 (0/283794/0), network size: 0, avg network size: 0, si_in_serializable: 0 0 %, local: 0 %
I0912 00:12:59.238029 2955328 Coordinator.h:126] commit: 2870 abort: 283850 (0/283850/0), network size: 0, avg network size: 0, si_in_serializable: 0 0 %, local: 0 %
I0912 00:12:59.238049 2955328 Coordinator.h:152] average commit: 2914.6 abort: 284215 (0/284215/0), network size: 0, avg network size: 0, si_in_serializable: 0 0 %, local: 0 %
I0912 00:12:59.238059 2955328 AriaExecutor.h:641] Worker 0 latency: 14150 us (50%) 14348 us (75%) 15029 us (95%) 17881 us (99%).
I0912 00:12:59.240515 2955359 AriaExecutor.h:94] AriaExecutor 11 exits. 
I0912 00:12:59.240525 2955348 AriaExecutor.h:94] AriaExecutor 0 exits. 
I0912 00:12:59.240515 2955351 AriaExecutor.h:94] AriaExecutor 3 exits. 
I0912 00:12:59.240540 2955364 Manager.h:227] Manager(worker id = 16) on the coordinator node exits.
I0912 00:12:59.240517 2955355 AriaExecutor.h:94] AriaExecutor 7 exits. 
I0912 00:12:59.240516 2955361 AriaExecutor.h:94] AriaExecutor 13 exits. 
I0912 00:12:59.240533 2955352 AriaExecutor.h:94] AriaExecutor 4 exits. 
I0912 00:12:59.240530 2955350 AriaExecutor.h:94] AriaExecutor 2 exits. 
I0912 00:12:59.240527 2955360 AriaExecutor.h:94] AriaExecutor 12 exits. 
I0912 00:12:59.240535 2955349 AriaExecutor.h:94] AriaExecutor 1 exits. 
I0912 00:12:59.240536 2955362 AriaExecutor.h:94] AriaExecutor 14 exits. 
I0912 00:12:59.240525 2955358 AriaExecutor.h:94] AriaExecutor 10 exits. 
I0912 00:12:59.240538 2955353 AriaExecutor.h:94] AriaExecutor 5 exits. 
I0912 00:12:59.240516 2955363 AriaExecutor.h:94] AriaExecutor 15 exits. 
I0912 00:12:59.240528 2955354 AriaExecutor.h:94] AriaExecutor 6 exits. 
I0912 00:12:59.240538 2955356 AriaExecutor.h:94] AriaExecutor 8 exits. 
I0912 00:12:59.240515 2955357 AriaExecutor.h:94] AriaExecutor 9 exits. 
I0912 00:12:59.240880 2955328 AriaExecutor.h:641] Worker 1 latency: 14143 us (50%) 14338 us (75%) 14994 us (95%) 16964 us (99%).
I0912 00:12:59.241189 2955328 AriaExecutor.h:641] Worker 2 latency: 14142 us (50%) 14336 us (75%) 14986 us (95%) 17306 us (99%).
I0912 00:12:59.241443 2955328 AriaExecutor.h:641] Worker 3 latency: 14141 us (50%) 14332 us (75%) 15005 us (95%) 17157 us (99%).
I0912 00:12:59.241703 2955328 AriaExecutor.h:641] Worker 4 latency: 14140 us (50%) 14331 us (75%) 15032 us (95%) 17678 us (99%).
I0912 00:12:59.241986 2955328 AriaExecutor.h:641] Worker 5 latency: 14137 us (50%) 14325 us (75%) 14969 us (95%) 16416 us (99%).
I0912 00:12:59.242233 2955328 AriaExecutor.h:641] Worker 6 latency: 14135 us (50%) 14323 us (75%) 14979 us (95%) 16506 us (99%).
I0912 00:12:59.242471 2955328 AriaExecutor.h:641] Worker 7 latency: 14138 us (50%) 14327 us (75%) 14988 us (95%) 17443 us (99%).
I0912 00:12:59.242699 2955328 AriaExecutor.h:641] Worker 8 latency: 14129 us (50%) 14320 us (75%) 14967 us (95%) 17011 us (99%).
I0912 00:12:59.242933 2955328 AriaExecutor.h:641] Worker 9 latency: 14127 us (50%) 14311 us (75%) 14978 us (95%) 16429 us (99%).
I0912 00:12:59.243148 2955328 AriaExecutor.h:641] Worker 10 latency: 14125 us (50%) 14308 us (75%) 14982 us (95%) 17678 us (99%).
I0912 00:12:59.243366 2955328 AriaExecutor.h:641] Worker 11 latency: 14122 us (50%) 14310 us (75%) 14963 us (95%) 17010 us (99%).
I0912 00:12:59.243583 2955328 AriaExecutor.h:641] Worker 12 latency: 14110 us (50%) 14295 us (75%) 14989 us (95%) 18375 us (99%).
I0912 00:12:59.243829 2955328 AriaExecutor.h:641] Worker 13 latency: 14108 us (50%) 14279 us (75%) 14914 us (95%) 16341 us (99%).
I0912 00:12:59.244041 2955328 AriaExecutor.h:641] Worker 14 latency: 14109 us (50%) 14283 us (75%) 14951 us (95%) 16811 us (99%).
I0912 00:12:59.244267 2955328 AriaExecutor.h:641] Worker 15 latency: 14103 us (50%) 14277 us (75%) 14968 us (95%) 16581 us (99%).
I0912 00:12:59.244479 2955328 Coordinator.h:177] total commit: 2914.6
I0912 00:13:00.244608 2955328 Coordinator.h:192] Coordinator exits.
