I1126 15:52:05.891381 1022216 Database.h:65] ycsb initialization finished in 30 milliseconds.
I1126 15:52:05.891475 1022216 Coordinator.h:30] Coordinator initializes 12 workers.
I1126 15:52:05.963500 1022216 Coordinator.h:77] Coordinator starts to run 13 workers.
I1126 15:52:05.963562 1022232 AriaExecutor.h:93] AriaExecutor 0 started. 
I1126 15:52:05.963596 1022233 AriaExecutor.h:93] AriaExecutor 1 started. 
I1126 15:52:05.963637 1022234 AriaExecutor.h:93] AriaExecutor 2 started. 
I1126 15:52:05.963680 1022235 AriaExecutor.h:93] AriaExecutor 3 started. 
I1126 15:52:05.963763 1022237 AriaExecutor.h:93] AriaExecutor 5 started. 
I1126 15:52:05.963805 1022238 AriaExecutor.h:93] AriaExecutor 6 started. 
I1126 15:52:05.963847 1022239 AriaExecutor.h:93] AriaExecutor 7 started. 
I1126 15:52:05.963897 1022240 AriaExecutor.h:93] AriaExecutor 8 started. 
I1126 15:52:05.963929 1022241 AriaExecutor.h:93] AriaExecutor 9 started. 
I1126 15:52:05.963968 1022242 AriaExecutor.h:93] AriaExecutor 10 started. 
I1126 15:52:05.964008 1022243 AriaExecutor.h:93] AriaExecutor 11 started. 
I1126 15:52:05.964036 1022236 AriaExecutor.h:93] AriaExecutor 4 started. 
I1126 15:52:05.964046 1022244 Manager.h:224] Manager(worker id = 12) on the coordinator node started.
I1126 15:52:06.964107 1022216 Coordinator.h:126] commit: 859752 abort: 60254 (0/60254/0), network size: 0, avg network size: 0, si_in_serializable: 0 0 %, local: 0 %
I1126 15:52:07.964221 1022216 Coordinator.h:126] commit: 860177 abort: 59817 (0/59817/0), network size: 0, avg network size: 0, si_in_serializable: 0 0 %, local: 0 %
I1126 15:52:08.964325 1022216 Coordinator.h:126] commit: 869813 abort: 60187 (0/60187/0), network size: 0, avg network size: 0, si_in_serializable: 0 0 %, local: 0 %
I1126 15:52:09.964408 1022216 Coordinator.h:126] commit: 869577 abort: 60423 (0/60423/0), network size: 0, avg network size: 0, si_in_serializable: 0 0 %, local: 0 %
I1126 15:52:10.964489 1022216 Coordinator.h:126] commit: 869331 abort: 60669 (0/60669/0), network size: 0, avg network size: 0, si_in_serializable: 0 0 %, local: 0 %
I1126 15:52:11.964588 1022216 Coordinator.h:126] commit: 869792 abort: 60208 (0/60208/0), network size: 0, avg network size: 0, si_in_serializable: 0 0 %, local: 0 %
I1126 15:52:12.964673 1022216 Coordinator.h:126] commit: 869441 abort: 60559 (0/60559/0), network size: 0, avg network size: 0, si_in_serializable: 0 0 %, local: 0 %
I1126 15:52:13.964753 1022216 Coordinator.h:126] commit: 864261 abort: 59879 (0/59879/0), network size: 0, avg network size: 0, si_in_serializable: 0 0 %, local: 0 %
I1126 15:52:14.964854 1022216 Coordinator.h:126] commit: 875014 abort: 60846 (0/60846/0), network size: 0, avg network size: 0, si_in_serializable: 0 0 %, local: 0 %
I1126 15:52:15.964942 1022216 Coordinator.h:126] commit: 869466 abort: 60534 (0/60534/0), network size: 0, avg network size: 0, si_in_serializable: 0 0 %, local: 0 %
I1126 15:52:16.965040 1022216 Coordinator.h:126] commit: 869072 abort: 60928 (0/60928/0), network size: 0, avg network size: 0, si_in_serializable: 0 0 %, local: 0 %
I1126 15:52:17.965121 1022216 Coordinator.h:126] commit: 878661 abort: 61339 (0/61339/0), network size: 0, avg network size: 0, si_in_serializable: 0 0 %, local: 0 %
I1126 15:52:18.965196 1022216 Coordinator.h:126] commit: 869396 abort: 60604 (0/60604/0), network size: 0, avg network size: 0, si_in_serializable: 0 0 %, local: 0 %
I1126 15:52:19.965273 1022216 Coordinator.h:126] commit: 879026 abort: 60974 (0/60974/0), network size: 0, avg network size: 0, si_in_serializable: 0 0 %, local: 0 %
I1126 15:52:20.965355 1022216 Coordinator.h:126] commit: 841291 abort: 58709 (0/58709/0), network size: 0, avg network size: 0, si_in_serializable: 0 0 %, local: 0 %
I1126 15:52:21.965457 1022216 Coordinator.h:126] commit: 878961 abort: 61039 (0/61039/0), network size: 0, avg network size: 0, si_in_serializable: 0 0 %, local: 0 %
I1126 15:52:22.965539 1022216 Coordinator.h:126] commit: 870137 abort: 59863 (0/59863/0), network size: 0, avg network size: 0, si_in_serializable: 0 0 %, local: 0 %
I1126 15:52:23.965626 1022216 Coordinator.h:126] commit: 878794 abort: 61206 (0/61206/0), network size: 0, avg network size: 0, si_in_serializable: 0 0 %, local: 0 %
I1126 15:52:24.965734 1022216 Coordinator.h:126] commit: 859876 abort: 60124 (0/60124/0), network size: 0, avg network size: 0, si_in_serializable: 0 0 %, local: 0 %
I1126 15:52:25.965863 1022216 Coordinator.h:126] commit: 869564 abort: 60436 (0/60436/0), network size: 0, avg network size: 0, si_in_serializable: 0 0 %, local: 0 %
I1126 15:52:26.965974 1022216 Coordinator.h:126] commit: 878657 abort: 61343 (0/61343/0), network size: 0, avg network size: 0, si_in_serializable: 0 0 %, local: 0 %
I1126 15:52:27.966058 1022216 Coordinator.h:126] commit: 869656 abort: 60344 (0/60344/0), network size: 0, avg network size: 0, si_in_serializable: 0 0 %, local: 0 %
I1126 15:52:28.966135 1022216 Coordinator.h:126] commit: 879012 abort: 60988 (0/60988/0), network size: 0, avg network size: 0, si_in_serializable: 0 0 %, local: 0 %
I1126 15:52:29.966213 1022216 Coordinator.h:126] commit: 869439 abort: 60561 (0/60561/0), network size: 0, avg network size: 0, si_in_serializable: 0 0 %, local: 0 %
I1126 15:52:30.966306 1022216 Coordinator.h:126] commit: 869634 abort: 60366 (0/60366/0), network size: 0, avg network size: 0, si_in_serializable: 0 0 %, local: 0 %
I1126 15:52:30.966380 1022216 Coordinator.h:152] average commit: 869478 abort: 60522.2 (0/60522.2/0), network size: 0, avg network size: 0, si_in_serializable: 0 0 %, local: 0 %
I1126 15:52:30.967901 1022232 AriaExecutor.h:105] AriaExecutor 0 exits. 
I1126 15:52:30.967901 1022238 AriaExecutor.h:105] AriaExecutor 6 exits. 
I1126 15:52:30.967916 1022235 AriaExecutor.h:105] AriaExecutor 3 exits. 
I1126 15:52:30.967903 1022240 AriaExecutor.h:105] AriaExecutor 8 exits. 
I1126 15:52:30.967904 1022236 AriaExecutor.h:105] AriaExecutor 4 exits. 
I1126 15:52:30.967904 1022244 Manager.h:227] Manager(worker id = 12) on the coordinator node exits.
I1126 15:52:30.967913 1022239 AriaExecutor.h:105] AriaExecutor 7 exits. 
I1126 15:52:30.967913 1022233 AriaExecutor.h:105] AriaExecutor 1 exits. 
I1126 15:52:30.967913 1022241 AriaExecutor.h:105] AriaExecutor 9 exits. 
I1126 15:52:30.967913 1022243 AriaExecutor.h:105] AriaExecutor 11 exits. 
I1126 15:52:30.967901 1022242 AriaExecutor.h:105] AriaExecutor 10 exits. 
I1126 15:52:30.967916 1022237 AriaExecutor.h:105] AriaExecutor 5 exits. 
I1126 15:52:30.967903 1022234 AriaExecutor.h:105] AriaExecutor 2 exits. 
I1126 15:52:30.966389 1022216 AriaExecutor.h:672] Worker 0 latency: 6327 us (50%) 8237 us (75%) 9786 us (95%) 10101 us (99%).
I1126 15:52:31.046692 1022216 AriaExecutor.h:672] Worker 1 latency: 6331 us (50%) 8238 us (75%) 9780 us (95%) 10093 us (99%).
I1126 15:52:31.127169 1022216 AriaExecutor.h:672] Worker 2 latency: 6332 us (50%) 8239 us (75%) 9784 us (95%) 10098 us (99%).
I1126 15:52:31.208314 1022216 AriaExecutor.h:672] Worker 3 latency: 6312 us (50%) 8224 us (75%) 9774 us (95%) 10087 us (99%).
I1126 15:52:31.289412 1022216 AriaExecutor.h:672] Worker 4 latency: 6298 us (50%) 8213 us (75%) 9776 us (95%) 10092 us (99%).
I1126 15:52:31.369709 1022216 AriaExecutor.h:672] Worker 5 latency: 6295 us (50%) 8216 us (75%) 9774 us (95%) 10089 us (99%).
I1126 15:52:31.450330 1022216 AriaExecutor.h:672] Worker 6 latency: 6309 us (50%) 8220 us (75%) 9779 us (95%) 10096 us (99%).
I1126 15:52:31.530027 1022216 AriaExecutor.h:672] Worker 7 latency: 6273 us (50%) 8194 us (75%) 9769 us (95%) 10087 us (99%).
I1126 15:52:31.610777 1022216 AriaExecutor.h:672] Worker 8 latency: 6296 us (50%) 8214 us (75%) 9780 us (95%) 10098 us (99%).
I1126 15:52:31.691560 1022216 AriaExecutor.h:672] Worker 9 latency: 6320 us (50%) 8226 us (75%) 9776 us (95%) 10090 us (99%).
I1126 15:52:31.772761 1022216 AriaExecutor.h:672] Worker 10 latency: 6308 us (50%) 8222 us (75%) 9780 us (95%) 10097 us (99%).
I1126 15:52:31.852893 1022216 AriaExecutor.h:672] Worker 11 latency: 6311 us (50%) 8221 us (75%) 9774 us (95%) 10089 us (99%).
I1126 15:52:31.934859 1022216 Coordinator.h:177] total commit: 869478
I1126 15:52:32.934968 1022216 Coordinator.h:192] Coordinator exits.
