I1126 13:53:12.749714 948883 Database.h:65] ycsb initialization finished in 30 milliseconds.
I1126 13:53:12.749812 948883 Coordinator.h:30] Coordinator initializes 12 workers.
I1126 13:53:12.757308 948883 Coordinator.h:77] Coordinator starts to run 13 workers.
I1126 13:53:12.757373 948899 AriaExecutor.h:82] AriaExecutor 0 started. 
I1126 13:53:12.757395 948900 AriaExecutor.h:82] AriaExecutor 1 started. 
I1126 13:53:12.757447 948901 AriaExecutor.h:82] AriaExecutor 2 started. 
I1126 13:53:12.757490 948902 AriaExecutor.h:82] AriaExecutor 3 started. 
I1126 13:53:12.757508 948903 AriaExecutor.h:82] AriaExecutor 4 started. 
I1126 13:53:12.757550 948904 AriaExecutor.h:82] AriaExecutor 5 started. 
I1126 13:53:12.757575 948905 AriaExecutor.h:82] AriaExecutor 6 started. 
I1126 13:53:12.757609 948906 AriaExecutor.h:82] AriaExecutor 7 started. 
I1126 13:53:12.757644 948907 AriaExecutor.h:82] AriaExecutor 8 started. 
I1126 13:53:12.757673 948908 AriaExecutor.h:82] AriaExecutor 9 started. 
I1126 13:53:12.757704 948909 AriaExecutor.h:82] AriaExecutor 10 started. 
I1126 13:53:12.757735 948910 AriaExecutor.h:82] AriaExecutor 11 started. 
I1126 13:53:12.757774 948911 Manager.h:224] Manager(worker id = 12) on the coordinator node started.
I1126 13:53:13.757812 948883 Coordinator.h:126] commit: 514459 abort: 450541 (0/450541/0), network size: 0, avg network size: 0, si_in_serializable: 0 0 %, local: 0 %
I1126 13:53:14.757920 948883 Coordinator.h:126] commit: 509430 abort: 445570 (0/445570/0), network size: 0, avg network size: 0, si_in_serializable: 0 0 %, local: 0 %
I1126 13:53:15.758038 948883 Coordinator.h:126] commit: 522994 abort: 456006 (0/456006/0), network size: 0, avg network size: 0, si_in_serializable: 0 0 %, local: 0 %
I1126 13:53:16.758133 948883 Coordinator.h:126] commit: 516883 abort: 453117 (0/453117/0), network size: 0, avg network size: 0, si_in_serializable: 0 0 %, local: 0 %
I1126 13:53:17.758210 948883 Coordinator.h:126] commit: 525941 abort: 459059 (0/459059/0), network size: 0, avg network size: 0, si_in_serializable: 0 0 %, local: 0 %
I1126 13:53:18.758282 948883 Coordinator.h:126] commit: 517017 abort: 450983 (0/450983/0), network size: 0, avg network size: 0, si_in_serializable: 0 0 %, local: 0 %
I1126 13:53:19.758339 948883 Coordinator.h:126] commit: 514409 abort: 449591 (0/449591/0), network size: 0, avg network size: 0, si_in_serializable: 0 0 %, local: 0 %
I1126 13:53:20.758426 948883 Coordinator.h:126] commit: 532628 abort: 466307 (0/466307/0), network size: 0, avg network size: 0, si_in_serializable: 0 0 %, local: 0 %
I1126 13:53:21.758517 948883 Coordinator.h:126] commit: 538375 abort: 469690 (0/469690/0), network size: 0, avg network size: 0, si_in_serializable: 0 0 %, local: 0 %
I1126 13:53:22.758595 948883 Coordinator.h:126] commit: 537298 abort: 470702 (0/470702/0), network size: 0, avg network size: 0, si_in_serializable: 0 0 %, local: 0 %
I1126 13:53:23.758668 948883 Coordinator.h:126] commit: 532976 abort: 465024 (0/465024/0), network size: 0, avg network size: 0, si_in_serializable: 0 0 %, local: 0 %
I1126 13:53:24.758745 948883 Coordinator.h:126] commit: 528628 abort: 463372 (0/463372/0), network size: 0, avg network size: 0, si_in_serializable: 0 0 %, local: 0 %
I1126 13:53:25.758836 948883 Coordinator.h:126] commit: 521981 abort: 457019 (0/457019/0), network size: 0, avg network size: 0, si_in_serializable: 0 0 %, local: 0 %
I1126 13:53:26.758921 948883 Coordinator.h:126] commit: 537634 abort: 469366 (0/469366/0), network size: 0, avg network size: 0, si_in_serializable: 0 0 %, local: 0 %
I1126 13:53:27.759021 948883 Coordinator.h:126] commit: 535280 abort: 467720 (0/467720/0), network size: 0, avg network size: 0, si_in_serializable: 0 0 %, local: 0 %
I1126 13:53:28.759102 948883 Coordinator.h:126] commit: 538757 abort: 470243 (0/470243/0), network size: 0, avg network size: 0, si_in_serializable: 0 0 %, local: 0 %
I1126 13:53:29.759172 948883 Coordinator.h:126] commit: 537372 abort: 468628 (0/468628/0), network size: 0, avg network size: 0, si_in_serializable: 0 0 %, local: 0 %
I1126 13:53:30.759250 948883 Coordinator.h:126] commit: 536769 abort: 469231 (0/469231/0), network size: 0, avg network size: 0, si_in_serializable: 0 0 %, local: 0 %
I1126 13:53:31.759344 948883 Coordinator.h:126] commit: 529806 abort: 462194 (0/462194/0), network size: 0, avg network size: 0, si_in_serializable: 0 0 %, local: 0 %
I1126 13:53:32.759431 948883 Coordinator.h:126] commit: 536481 abort: 467519 (0/467519/0), network size: 0, avg network size: 0, si_in_serializable: 0 0 %, local: 0 %
I1126 13:53:33.759513 948883 Coordinator.h:126] commit: 538343 abort: 468657 (0/468657/0), network size: 0, avg network size: 0, si_in_serializable: 0 0 %, local: 0 %
I1126 13:53:34.759611 948883 Coordinator.h:126] commit: 537376 abort: 469624 (0/469624/0), network size: 0, avg network size: 0, si_in_serializable: 0 0 %, local: 0 %
I1126 13:53:35.759702 948883 Coordinator.h:126] commit: 537796 abort: 469204 (0/469204/0), network size: 0, avg network size: 0, si_in_serializable: 0 0 %, local: 0 %
I1126 13:53:36.759796 948883 Coordinator.h:126] commit: 506367 abort: 440633 (0/440633/0), network size: 0, avg network size: 0, si_in_serializable: 0 0 %, local: 0 %
I1126 13:53:37.759903 948883 Coordinator.h:126] commit: 529559 abort: 462441 (0/462441/0), network size: 0, avg network size: 0, si_in_serializable: 0 0 %, local: 0 %
I1126 13:53:37.759924 948883 Coordinator.h:152] average commit: 533568 abort: 466032 (0/466032/0), network size: 0, avg network size: 0, si_in_serializable: 0 0 %, local: 0 %
I1126 13:53:37.759941 948909 AriaExecutor.h:94] AriaExecutor 10 exits. 
I1126 13:53:37.759943 948903 AriaExecutor.h:94] AriaExecutor 4 exits. 
I1126 13:53:37.759946 948899 AriaExecutor.h:94] AriaExecutor 0 exits. 
I1126 13:53:37.759953 948907 AriaExecutor.h:94] AriaExecutor 8 exits. 
I1126 13:53:37.759958 948902 AriaExecutor.h:94] AriaExecutor 3 exits. 
I1126 13:53:37.759948 948911 Manager.h:227] Manager(worker id = 12) on the coordinator node exits.
I1126 13:53:37.759955 948910 AriaExecutor.h:94] AriaExecutor 11 exits. 
I1126 13:53:37.759955 948906 AriaExecutor.h:94] AriaExecutor 7 exits. 
I1126 13:53:37.759944 948901 AriaExecutor.h:94] AriaExecutor 2 exits. 
I1126 13:53:37.759958 948908 AriaExecutor.h:94] AriaExecutor 9 exits. 
I1126 13:53:37.759946 948905 AriaExecutor.h:94] AriaExecutor 6 exits. 
I1126 13:53:37.759956 948904 AriaExecutor.h:94] AriaExecutor 5 exits. 
I1126 13:53:37.759958 948900 AriaExecutor.h:94] AriaExecutor 1 exits. 
I1126 13:53:37.759933 948883 AriaExecutor.h:535] Worker 0 latency: 641 us (50%) 828 us (75%) 950 us (95%) 983 us (99%).
I1126 13:53:37.808780 948883 AriaExecutor.h:535] Worker 1 latency: 639 us (50%) 826 us (75%) 949 us (95%) 983 us (99%).
I1126 13:53:37.857858 948883 AriaExecutor.h:535] Worker 2 latency: 640 us (50%) 827 us (75%) 949 us (95%) 983 us (99%).
I1126 13:53:37.906095 948883 AriaExecutor.h:535] Worker 3 latency: 639 us (50%) 826 us (75%) 949 us (95%) 982 us (99%).
I1126 13:53:37.955237 948883 AriaExecutor.h:535] Worker 4 latency: 636 us (50%) 824 us (75%) 948 us (95%) 982 us (99%).
I1126 13:53:38.003327 948883 AriaExecutor.h:535] Worker 5 latency: 640 us (50%) 825 us (75%) 949 us (95%) 982 us (99%).
I1126 13:53:38.052102 948883 AriaExecutor.h:535] Worker 6 latency: 643 us (50%) 827 us (75%) 949 us (95%) 983 us (99%).
I1126 13:53:38.099886 948883 AriaExecutor.h:535] Worker 7 latency: 640 us (50%) 825 us (75%) 948 us (95%) 982 us (99%).
I1126 13:53:38.148578 948883 AriaExecutor.h:535] Worker 8 latency: 641 us (50%) 826 us (75%) 949 us (95%) 983 us (99%).
I1126 13:53:38.197477 948883 AriaExecutor.h:535] Worker 9 latency: 640 us (50%) 825 us (75%) 948 us (95%) 982 us (99%).
I1126 13:53:38.245667 948883 AriaExecutor.h:535] Worker 10 latency: 641 us (50%) 825 us (75%) 949 us (95%) 983 us (99%).
I1126 13:53:38.293056 948883 AriaExecutor.h:535] Worker 11 latency: 639 us (50%) 824 us (75%) 948 us (95%) 982 us (99%).
I1126 13:53:38.342500 948883 Coordinator.h:177] total commit: 533568
I1126 13:53:39.342629 948883 Coordinator.h:192] Coordinator exits.
