I1126 15:02:48.720075 989740 Database.h:65] ycsb initialization finished in 30 milliseconds.
I1126 15:02:48.720180 989740 Coordinator.h:30] Coordinator initializes 12 workers.
I1126 15:02:48.721076 989740 Coordinator.h:77] Coordinator starts to run 13 workers.
I1126 15:02:48.721127 989756 AriaExecutor.h:91] AriaExecutor 0 started. 
I1126 15:02:48.721158 989757 AriaExecutor.h:91] AriaExecutor 1 started. 
I1126 15:02:48.721195 989758 AriaExecutor.h:91] AriaExecutor 2 started. 
I1126 15:02:48.721248 989759 AriaExecutor.h:91] AriaExecutor 3 started. 
I1126 15:02:48.721276 989760 AriaExecutor.h:91] AriaExecutor 4 started. 
I1126 15:02:48.721326 989761 AriaExecutor.h:91] AriaExecutor 5 started. 
I1126 15:02:48.721376 989762 AriaExecutor.h:91] AriaExecutor 6 started. 
I1126 15:02:48.721422 989763 AriaExecutor.h:91] AriaExecutor 7 started. 
I1126 15:02:48.721472 989764 AriaExecutor.h:91] AriaExecutor 8 started. 
I1126 15:02:48.721522 989765 AriaExecutor.h:91] AriaExecutor 9 started. 
I1126 15:02:48.721563 989766 AriaExecutor.h:91] AriaExecutor 10 started. 
I1126 15:02:48.721624 989767 AriaExecutor.h:91] AriaExecutor 11 started. 
I1126 15:02:48.721669 989768 Manager.h:224] Manager(worker id = 12) on the coordinator node started.
I1126 15:02:49.721735 989740 Coordinator.h:126] commit: 579114 abort: 790886 (0/790886/0), network size: 0, avg network size: 0, si_in_serializable: 0 0 %, local: 0 %
I1126 15:02:50.721854 989740 Coordinator.h:126] commit: 566512 abort: 777488 (0/777488/0), network size: 0, avg network size: 0, si_in_serializable: 0 0 %, local: 0 %
I1126 15:02:51.721982 989740 Coordinator.h:126] commit: 577073 abort: 788927 (0/788927/0), network size: 0, avg network size: 0, si_in_serializable: 0 0 %, local: 0 %
I1126 15:02:52.722085 989740 Coordinator.h:126] commit: 581627 abort: 796373 (0/796373/0), network size: 0, avg network size: 0, si_in_serializable: 0 0 %, local: 0 %
I1126 15:02:53.722180 989740 Coordinator.h:126] commit: 581899 abort: 797101 (0/797101/0), network size: 0, avg network size: 0, si_in_serializable: 0 0 %, local: 0 %
I1126 15:02:54.722276 989740 Coordinator.h:126] commit: 565810 abort: 776190 (0/776190/0), network size: 0, avg network size: 0, si_in_serializable: 0 0 %, local: 0 %
I1126 15:02:55.722398 989740 Coordinator.h:126] commit: 577630 abort: 794370 (0/794370/0), network size: 0, avg network size: 0, si_in_serializable: 0 0 %, local: 0 %
I1126 15:02:56.722505 989740 Coordinator.h:126] commit: 579863 abort: 796137 (0/796137/0), network size: 0, avg network size: 0, si_in_serializable: 0 0 %, local: 0 %
I1126 15:02:57.722597 989740 Coordinator.h:126] commit: 580867 abort: 798133 (0/798133/0), network size: 0, avg network size: 0, si_in_serializable: 0 0 %, local: 0 %
I1126 15:02:58.722693 989740 Coordinator.h:126] commit: 574936 abort: 789064 (0/789064/0), network size: 0, avg network size: 0, si_in_serializable: 0 0 %, local: 0 %
I1126 15:02:59.722790 989740 Coordinator.h:126] commit: 562093 abort: 773838 (0/773838/0), network size: 0, avg network size: 0, si_in_serializable: 0 0 %, local: 0 %
I1126 15:03:00.722888 989740 Coordinator.h:126] commit: 571288 abort: 784781 (0/784781/0), network size: 0, avg network size: 0, si_in_serializable: 0 0 %, local: 0 %
I1126 15:03:01.722986 989740 Coordinator.h:126] commit: 579900 abort: 795100 (0/795100/0), network size: 0, avg network size: 0, si_in_serializable: 0 0 %, local: 0 %
I1126 15:03:02.723080 989740 Coordinator.h:126] commit: 579123 abort: 795877 (0/795877/0), network size: 0, avg network size: 0, si_in_serializable: 0 0 %, local: 0 %
I1126 15:03:03.723197 989740 Coordinator.h:126] commit: 575902 abort: 789098 (0/789098/0), network size: 0, avg network size: 0, si_in_serializable: 0 0 %, local: 0 %
I1126 15:03:04.723306 989740 Coordinator.h:126] commit: 581059 abort: 797941 (0/797941/0), network size: 0, avg network size: 0, si_in_serializable: 0 0 %, local: 0 %
I1126 15:03:05.723403 989740 Coordinator.h:126] commit: 579394 abort: 794606 (0/794606/0), network size: 0, avg network size: 0, si_in_serializable: 0 0 %, local: 0 %
I1126 15:03:06.723500 989740 Coordinator.h:126] commit: 581158 abort: 796842 (0/796842/0), network size: 0, avg network size: 0, si_in_serializable: 0 0 %, local: 0 %
I1126 15:03:07.723595 989740 Coordinator.h:126] commit: 580621 abort: 794379 (0/794379/0), network size: 0, avg network size: 0, si_in_serializable: 0 0 %, local: 0 %
I1126 15:03:08.723691 989740 Coordinator.h:126] commit: 580268 abort: 795732 (0/795732/0), network size: 0, avg network size: 0, si_in_serializable: 0 0 %, local: 0 %
I1126 15:03:09.723788 989740 Coordinator.h:126] commit: 580221 abort: 794779 (0/794779/0), network size: 0, avg network size: 0, si_in_serializable: 0 0 %, local: 0 %
I1126 15:03:10.723881 989740 Coordinator.h:126] commit: 551565 abort: 754422 (0/754422/0), network size: 0, avg network size: 0, si_in_serializable: 0 0 %, local: 0 %
I1126 15:03:11.723975 989740 Coordinator.h:126] commit: 559705 abort: 768308 (0/768308/0), network size: 0, avg network size: 0, si_in_serializable: 0 0 %, local: 0 %
I1126 15:03:12.724076 989740 Coordinator.h:126] commit: 580348 abort: 797652 (0/797652/0), network size: 0, avg network size: 0, si_in_serializable: 0 0 %, local: 0 %
I1126 15:03:13.724170 989740 Coordinator.h:126] commit: 580225 abort: 794775 (0/794775/0), network size: 0, avg network size: 0, si_in_serializable: 0 0 %, local: 0 %
I1126 15:03:13.724196 989740 Coordinator.h:152] average commit: 577081 abort: 791819 (0/791819/0), network size: 0, avg network size: 0, si_in_serializable: 0 0 %, local: 0 %
I1126 15:03:13.724697 989766 AriaExecutor.h:103] AriaExecutor 10 exits. 
I1126 15:03:13.724701 989758 AriaExecutor.h:103] AriaExecutor 2 exits. 
I1126 15:03:13.724699 989768 Manager.h:227] Manager(worker id = 12) on the coordinator node exits.
I1126 15:03:13.724710 989767 AriaExecutor.h:103] AriaExecutor 11 exits. 
I1126 15:03:13.724702 989762 AriaExecutor.h:103] AriaExecutor 6 exits. 
I1126 15:03:13.724700 989764 AriaExecutor.h:103] AriaExecutor 8 exits. 
I1126 15:03:13.724710 989757 AriaExecutor.h:103] AriaExecutor 1 exits. 
I1126 15:03:13.724711 989759 AriaExecutor.h:103] AriaExecutor 3 exits. 
I1126 15:03:13.724704 989760 AriaExecutor.h:103] AriaExecutor 4 exits. 
I1126 15:03:13.724712 989763 AriaExecutor.h:103] AriaExecutor 7 exits. 
I1126 15:03:13.724711 989765 AriaExecutor.h:103] AriaExecutor 9 exits. 
I1126 15:03:13.724711 989761 AriaExecutor.h:103] AriaExecutor 5 exits. 
I1126 15:03:13.724699 989756 AriaExecutor.h:103] AriaExecutor 0 exits. 
I1126 15:03:13.724210 989740 AriaExecutor.h:649] Worker 0 latency: 588 us (50%) 641 us (75%) 675 us (95%) 689 us (99%).
I1126 15:03:13.770761 989740 AriaExecutor.h:649] Worker 1 latency: 586 us (50%) 639 us (75%) 673 us (95%) 687 us (99%).
I1126 15:03:13.816823 989740 AriaExecutor.h:649] Worker 2 latency: 588 us (50%) 640 us (75%) 674 us (95%) 688 us (99%).
I1126 15:03:13.862747 989740 AriaExecutor.h:649] Worker 3 latency: 587 us (50%) 639 us (75%) 673 us (95%) 687 us (99%).
I1126 15:03:13.908844 989740 AriaExecutor.h:649] Worker 4 latency: 588 us (50%) 640 us (75%) 674 us (95%) 688 us (99%).
I1126 15:03:13.954012 989740 AriaExecutor.h:649] Worker 5 latency: 586 us (50%) 638 us (75%) 672 us (95%) 687 us (99%).
I1126 15:03:14.000391 989740 AriaExecutor.h:649] Worker 6 latency: 591 us (50%) 641 us (75%) 674 us (95%) 688 us (99%).
I1126 15:03:14.044667 989740 AriaExecutor.h:649] Worker 7 latency: 587 us (50%) 638 us (75%) 672 us (95%) 687 us (99%).
I1126 15:03:14.089723 989740 AriaExecutor.h:649] Worker 8 latency: 588 us (50%) 640 us (75%) 674 us (95%) 688 us (99%).
I1126 15:03:14.134723 989740 AriaExecutor.h:649] Worker 9 latency: 588 us (50%) 638 us (75%) 672 us (95%) 687 us (99%).
I1126 15:03:14.179937 989740 AriaExecutor.h:649] Worker 10 latency: 589 us (50%) 640 us (75%) 674 us (95%) 688 us (99%).
I1126 15:03:14.224684 989740 AriaExecutor.h:649] Worker 11 latency: 588 us (50%) 638 us (75%) 672 us (95%) 687 us (99%).
I1126 15:03:14.269904 989740 Coordinator.h:177] total commit: 577081
I1126 15:03:15.270023 989740 Coordinator.h:192] Coordinator exits.
