I1126 14:17:20.430243 963194 Database.h:65] ycsb initialization finished in 30 milliseconds.
I1126 14:17:20.430347 963194 Coordinator.h:30] Coordinator initializes 12 workers.
I1126 14:17:20.437289 963194 Coordinator.h:77] Coordinator starts to run 13 workers.
I1126 14:17:20.437340 963210 AriaExecutor.h:91] AriaExecutor 0 started. 
I1126 14:17:20.437374 963211 AriaExecutor.h:91] AriaExecutor 1 started. 
I1126 14:17:20.437412 963212 AriaExecutor.h:91] AriaExecutor 2 started. 
I1126 14:17:20.437455 963213 AriaExecutor.h:91] AriaExecutor 3 started. 
I1126 14:17:20.437534 963215 AriaExecutor.h:91] AriaExecutor 5 started. 
I1126 14:17:20.437587 963216 AriaExecutor.h:91] AriaExecutor 6 started. 
I1126 14:17:20.437629 963217 AriaExecutor.h:91] AriaExecutor 7 started. 
I1126 14:17:20.437672 963218 AriaExecutor.h:91] AriaExecutor 8 started. 
I1126 14:17:20.437716 963219 AriaExecutor.h:91] AriaExecutor 9 started. 
I1126 14:17:20.437752 963220 AriaExecutor.h:91] AriaExecutor 10 started. 
I1126 14:17:20.437793 963214 AriaExecutor.h:91] AriaExecutor 4 started. 
I1126 14:17:20.437810 963221 AriaExecutor.h:91] AriaExecutor 11 started. 
I1126 14:17:20.437901 963222 Manager.h:224] Manager(worker id = 12) on the coordinator node started.
I1126 14:17:21.437968 963194 Coordinator.h:126] commit: 766244 abort: 573756 (0/573756/0), network size: 0, avg network size: 0, si_in_serializable: 0 0 %, local: 0 %
I1126 14:17:22.438113 963194 Coordinator.h:126] commit: 759547 abort: 570453 (0/570453/0), network size: 0, avg network size: 0, si_in_serializable: 0 0 %, local: 0 %
I1126 14:17:23.438269 963194 Coordinator.h:126] commit: 765421 abort: 574579 (0/574579/0), network size: 0, avg network size: 0, si_in_serializable: 0 0 %, local: 0 %
I1126 14:17:24.438380 963194 Coordinator.h:126] commit: 776544 abort: 583456 (0/583456/0), network size: 0, avg network size: 0, si_in_serializable: 0 0 %, local: 0 %
I1126 14:17:25.438488 963194 Coordinator.h:126] commit: 766658 abort: 577110 (0/577110/0), network size: 0, avg network size: 0, si_in_serializable: 0 0 %, local: 0 %
I1126 14:17:26.438571 963194 Coordinator.h:126] commit: 768220 abort: 578012 (0/578012/0), network size: 0, avg network size: 0, si_in_serializable: 0 0 %, local: 0 %
I1126 14:17:27.438678 963194 Coordinator.h:126] commit: 771498 abort: 578502 (0/578502/0), network size: 0, avg network size: 0, si_in_serializable: 0 0 %, local: 0 %
I1126 14:17:28.438769 963194 Coordinator.h:126] commit: 771201 abort: 578799 (0/578799/0), network size: 0, avg network size: 0, si_in_serializable: 0 0 %, local: 0 %
I1126 14:17:29.438875 963194 Coordinator.h:126] commit: 765326 abort: 574674 (0/574674/0), network size: 0, avg network size: 0, si_in_serializable: 0 0 %, local: 0 %
I1126 14:17:30.438959 963194 Coordinator.h:126] commit: 771866 abort: 578134 (0/578134/0), network size: 0, avg network size: 0, si_in_serializable: 0 0 %, local: 0 %
I1126 14:17:31.439039 963194 Coordinator.h:126] commit: 770806 abort: 579194 (0/579194/0), network size: 0, avg network size: 0, si_in_serializable: 0 0 %, local: 0 %
I1126 14:17:32.439127 963194 Coordinator.h:126] commit: 777199 abort: 582801 (0/582801/0), network size: 0, avg network size: 0, si_in_serializable: 0 0 %, local: 0 %
I1126 14:17:33.439237 963194 Coordinator.h:126] commit: 771240 abort: 578760 (0/578760/0), network size: 0, avg network size: 0, si_in_serializable: 0 0 %, local: 0 %
I1126 14:17:34.439338 963194 Coordinator.h:126] commit: 771450 abort: 578550 (0/578550/0), network size: 0, avg network size: 0, si_in_serializable: 0 0 %, local: 0 %
I1126 14:17:35.439424 963194 Coordinator.h:126] commit: 777759 abort: 582241 (0/582241/0), network size: 0, avg network size: 0, si_in_serializable: 0 0 %, local: 0 %
I1126 14:17:36.439553 963194 Coordinator.h:126] commit: 759981 abort: 570019 (0/570019/0), network size: 0, avg network size: 0, si_in_serializable: 0 0 %, local: 0 %
I1126 14:17:37.439651 963194 Coordinator.h:126] commit: 736297 abort: 553703 (0/553703/0), network size: 0, avg network size: 0, si_in_serializable: 0 0 %, local: 0 %
I1126 14:17:38.439759 963194 Coordinator.h:126] commit: 771634 abort: 578366 (0/578366/0), network size: 0, avg network size: 0, si_in_serializable: 0 0 %, local: 0 %
I1126 14:17:39.439841 963194 Coordinator.h:126] commit: 773813 abort: 578948 (0/578948/0), network size: 0, avg network size: 0, si_in_serializable: 0 0 %, local: 0 %
I1126 14:17:40.439918 963194 Coordinator.h:126] commit: 775187 abort: 582052 (0/582052/0), network size: 0, avg network size: 0, si_in_serializable: 0 0 %, local: 0 %
I1126 14:17:41.439993 963194 Coordinator.h:126] commit: 771457 abort: 578543 (0/578543/0), network size: 0, avg network size: 0, si_in_serializable: 0 0 %, local: 0 %
I1126 14:17:42.440080 963194 Coordinator.h:126] commit: 770792 abort: 579208 (0/579208/0), network size: 0, avg network size: 0, si_in_serializable: 0 0 %, local: 0 %
I1126 14:17:43.440188 963194 Coordinator.h:126] commit: 777665 abort: 582335 (0/582335/0), network size: 0, avg network size: 0, si_in_serializable: 0 0 %, local: 0 %
I1126 14:17:44.440270 963194 Coordinator.h:126] commit: 770526 abort: 579474 (0/579474/0), network size: 0, avg network size: 0, si_in_serializable: 0 0 %, local: 0 %
I1126 14:17:45.440348 963194 Coordinator.h:126] commit: 771307 abort: 578693 (0/578693/0), network size: 0, avg network size: 0, si_in_serializable: 0 0 %, local: 0 %
I1126 14:17:45.440361 963194 Coordinator.h:152] average commit: 768537 abort: 576463 (0/576463/0), network size: 0, avg network size: 0, si_in_serializable: 0 0 %, local: 0 %
I1126 14:17:45.443584 963216 AriaExecutor.h:103] AriaExecutor 6 exits. 
I1126 14:17:45.443600 963219 AriaExecutor.h:103] AriaExecutor 9 exits. 
I1126 14:17:45.443588 963218 AriaExecutor.h:103] AriaExecutor 8 exits. 
I1126 14:17:45.443588 963214 AriaExecutor.h:103] AriaExecutor 4 exits. 
I1126 14:17:45.443588 963212 AriaExecutor.h:103] AriaExecutor 2 exits. 
I1126 14:17:45.443589 963210 AriaExecutor.h:103] AriaExecutor 0 exits. 
I1126 14:17:45.443588 963220 AriaExecutor.h:103] AriaExecutor 10 exits. 
I1126 14:17:45.443600 963213 AriaExecutor.h:103] AriaExecutor 3 exits. 
I1126 14:17:45.443600 963217 AriaExecutor.h:103] AriaExecutor 7 exits. 
I1126 14:17:45.443600 963211 AriaExecutor.h:103] AriaExecutor 1 exits. 
I1126 14:17:45.443600 963221 AriaExecutor.h:103] AriaExecutor 11 exits. 
I1126 14:17:45.443606 963222 Manager.h:227] Manager(worker id = 12) on the coordinator node exits.
I1126 14:17:45.443600 963215 AriaExecutor.h:103] AriaExecutor 5 exits. 
I1126 14:17:45.440369 963194 AriaExecutor.h:649] Worker 0 latency: 5958 us (50%) 6381 us (75%) 6647 us (95%) 6741 us (99%).
I1126 14:17:45.502955 963194 AriaExecutor.h:649] Worker 1 latency: 5948 us (50%) 6376 us (75%) 6644 us (95%) 6736 us (99%).
I1126 14:17:45.569502 963194 AriaExecutor.h:649] Worker 2 latency: 5963 us (50%) 6382 us (75%) 6645 us (95%) 6737 us (99%).
I1126 14:17:45.641330 963194 AriaExecutor.h:649] Worker 3 latency: 5952 us (50%) 6378 us (75%) 6645 us (95%) 6736 us (99%).
I1126 14:17:45.706465 963194 AriaExecutor.h:649] Worker 4 latency: 5954 us (50%) 6378 us (75%) 6645 us (95%) 6737 us (99%).
I1126 14:17:45.778108 963194 AriaExecutor.h:649] Worker 5 latency: 5952 us (50%) 6378 us (75%) 6644 us (95%) 6736 us (99%).
I1126 14:17:45.842898 963194 AriaExecutor.h:649] Worker 6 latency: 5959 us (50%) 6380 us (75%) 6646 us (95%) 6738 us (99%).
I1126 14:17:45.914867 963194 AriaExecutor.h:649] Worker 7 latency: 5950 us (50%) 6376 us (75%) 6644 us (95%) 6735 us (99%).
I1126 14:17:45.978921 963194 AriaExecutor.h:649] Worker 8 latency: 5959 us (50%) 6381 us (75%) 6646 us (95%) 6739 us (99%).
I1126 14:17:46.043670 963194 AriaExecutor.h:649] Worker 9 latency: 5957 us (50%) 6381 us (75%) 6646 us (95%) 6737 us (99%).
I1126 14:17:46.104564 963194 AriaExecutor.h:649] Worker 10 latency: 5963 us (50%) 6382 us (75%) 6645 us (95%) 6736 us (99%).
I1126 14:17:46.178625 963194 AriaExecutor.h:649] Worker 11 latency: 5952 us (50%) 6380 us (75%) 6645 us (95%) 6736 us (99%).
I1126 14:17:46.243283 963194 Coordinator.h:177] total commit: 768537
I1126 14:17:47.243404 963194 Coordinator.h:192] Coordinator exits.
