I1126 15:29:13.507807 1007094 Database.h:65] ycsb initialization finished in 29 milliseconds.
I1126 15:29:13.507900 1007094 Coordinator.h:30] Coordinator initializes 12 workers.
I1126 15:29:13.508769 1007094 Coordinator.h:77] Coordinator starts to run 13 workers.
I1126 15:29:13.508826 1007110 AriaExecutor.h:95] AriaExecutor 0 started. 
I1126 15:29:13.508860 1007111 AriaExecutor.h:95] AriaExecutor 1 started. 
I1126 15:29:13.508895 1007112 AriaExecutor.h:95] AriaExecutor 2 started. 
I1126 15:29:13.508958 1007113 AriaExecutor.h:95] AriaExecutor 3 started. 
I1126 15:29:13.509016 1007114 AriaExecutor.h:95] AriaExecutor 4 started. 
I1126 15:29:13.509074 1007115 AriaExecutor.h:95] AriaExecutor 5 started. 
I1126 15:29:13.509119 1007116 AriaExecutor.h:95] AriaExecutor 6 started. 
I1126 15:29:13.509167 1007117 AriaExecutor.h:95] AriaExecutor 7 started. 
I1126 15:29:13.509227 1007118 AriaExecutor.h:95] AriaExecutor 8 started. 
I1126 15:29:13.509285 1007119 AriaExecutor.h:95] AriaExecutor 9 started. 
I1126 15:29:13.509335 1007120 AriaExecutor.h:95] AriaExecutor 10 started. 
I1126 15:29:13.509388 1007121 AriaExecutor.h:95] AriaExecutor 11 started. 
I1126 15:29:13.509434 1007122 Manager.h:224] Manager(worker id = 12) on the coordinator node started.
I1126 15:29:14.509500 1007094 Coordinator.h:126] commit: 1168611 abort: 98389 (0/98389/0), network size: 0, avg network size: 0, si_in_serializable: 0 0 %, local: 0 %
I1126 15:29:15.509620 1007094 Coordinator.h:126] commit: 1144886 abort: 96114 (0/96114/0), network size: 0, avg network size: 0, si_in_serializable: 0 0 %, local: 0 %
I1126 15:29:16.509740 1007094 Coordinator.h:126] commit: 1161111 abort: 97889 (0/97889/0), network size: 0, avg network size: 0, si_in_serializable: 0 0 %, local: 0 %
I1126 15:29:17.509845 1007094 Coordinator.h:126] commit: 1178287 abort: 98713 (0/98713/0), network size: 0, avg network size: 0, si_in_serializable: 0 0 %, local: 0 %
I1126 15:29:18.509940 1007094 Coordinator.h:126] commit: 1178065 abort: 98935 (0/98935/0), network size: 0, avg network size: 0, si_in_serializable: 0 0 %, local: 0 %
I1126 15:29:19.510035 1007094 Coordinator.h:126] commit: 1149989 abort: 96011 (0/96011/0), network size: 0, avg network size: 0, si_in_serializable: 0 0 %, local: 0 %
I1126 15:29:20.510159 1007094 Coordinator.h:126] commit: 1160843 abort: 97157 (0/97157/0), network size: 0, avg network size: 0, si_in_serializable: 0 0 %, local: 0 %
I1126 15:29:21.510267 1007094 Coordinator.h:126] commit: 1177521 abort: 98479 (0/98479/0), network size: 0, avg network size: 0, si_in_serializable: 0 0 %, local: 0 %
I1126 15:29:22.510370 1007094 Coordinator.h:126] commit: 1175522 abort: 98478 (0/98478/0), network size: 0, avg network size: 0, si_in_serializable: 0 0 %, local: 0 %
I1126 15:29:23.510462 1007094 Coordinator.h:126] commit: 1177330 abort: 99670 (0/99670/0), network size: 0, avg network size: 0, si_in_serializable: 0 0 %, local: 0 %
I1126 15:29:24.510555 1007094 Coordinator.h:126] commit: 1102046 abort: 91954 (0/91954/0), network size: 0, avg network size: 0, si_in_serializable: 0 0 %, local: 0 %
I1126 15:29:25.510651 1007094 Coordinator.h:126] commit: 1176496 abort: 98504 (0/98504/0), network size: 0, avg network size: 0, si_in_serializable: 0 0 %, local: 0 %
I1126 15:29:26.510752 1007094 Coordinator.h:126] commit: 1175619 abort: 98381 (0/98381/0), network size: 0, avg network size: 0, si_in_serializable: 0 0 %, local: 0 %
I1126 15:29:27.510850 1007094 Coordinator.h:126] commit: 1159215 abort: 96785 (0/96785/0), network size: 0, avg network size: 0, si_in_serializable: 0 0 %, local: 0 %
I1126 15:29:28.510972 1007094 Coordinator.h:126] commit: 1168589 abort: 97411 (0/97411/0), network size: 0, avg network size: 0, si_in_serializable: 0 0 %, local: 0 %
I1126 15:29:29.511077 1007094 Coordinator.h:126] commit: 1172463 abort: 98537 (0/98537/0), network size: 0, avg network size: 0, si_in_serializable: 0 0 %, local: 0 %
I1126 15:29:30.511173 1007094 Coordinator.h:126] commit: 1170757 abort: 98243 (0/98243/0), network size: 0, avg network size: 0, si_in_serializable: 0 0 %, local: 0 %
I1126 15:29:31.511270 1007094 Coordinator.h:126] commit: 1172887 abort: 98113 (0/98113/0), network size: 0, avg network size: 0, si_in_serializable: 0 0 %, local: 0 %
I1126 15:29:32.511366 1007094 Coordinator.h:126] commit: 1170283 abort: 98717 (0/98717/0), network size: 0, avg network size: 0, si_in_serializable: 0 0 %, local: 0 %
I1126 15:29:33.511463 1007094 Coordinator.h:126] commit: 1173618 abort: 98382 (0/98382/0), network size: 0, avg network size: 0, si_in_serializable: 0 0 %, local: 0 %
I1126 15:29:34.511559 1007094 Coordinator.h:126] commit: 1169764 abort: 98236 (0/98236/0), network size: 0, avg network size: 0, si_in_serializable: 0 0 %, local: 0 %
I1126 15:29:35.511654 1007094 Coordinator.h:126] commit: 1028365 abort: 86635 (0/86635/0), network size: 0, avg network size: 0, si_in_serializable: 0 0 %, local: 0 %
I1126 15:29:36.511750 1007094 Coordinator.h:126] commit: 1171635 abort: 98365 (0/98365/0), network size: 0, avg network size: 0, si_in_serializable: 0 0 %, local: 0 %
I1126 15:29:37.511847 1007094 Coordinator.h:126] commit: 1173772 abort: 98228 (0/98228/0), network size: 0, avg network size: 0, si_in_serializable: 0 0 %, local: 0 %
I1126 15:29:38.511940 1007094 Coordinator.h:126] commit: 1169751 abort: 98249 (0/98249/0), network size: 0, avg network size: 0, si_in_serializable: 0 0 %, local: 0 %
I1126 15:29:38.511961 1007094 Coordinator.h:152] average commit: 1.1642e+06 abort: 97502.7 (0/97502.7/0), network size: 0, avg network size: 0, si_in_serializable: 0 0 %, local: 0 %
I1126 15:29:38.512617 1007114 AriaExecutor.h:107] AriaExecutor 4 exits. 
I1126 15:29:38.512629 1007122 Manager.h:227] Manager(worker id = 12) on the coordinator node exits.
I1126 15:29:38.512619 1007110 AriaExecutor.h:107] AriaExecutor 0 exits. 
I1126 15:29:38.512630 1007119 AriaExecutor.h:107] AriaExecutor 9 exits. 
I1126 15:29:38.512617 1007112 AriaExecutor.h:107] AriaExecutor 2 exits. 
I1126 15:29:38.512619 1007120 AriaExecutor.h:107] AriaExecutor 10 exits. 
I1126 15:29:38.512631 1007113 AriaExecutor.h:107] AriaExecutor 3 exits. 
I1126 15:29:38.512631 1007111 AriaExecutor.h:107] AriaExecutor 1 exits. 
I1126 15:29:38.512631 1007115 AriaExecutor.h:107] AriaExecutor 5 exits. 
I1126 15:29:38.512631 1007117 AriaExecutor.h:107] AriaExecutor 7 exits. 
I1126 15:29:38.512631 1007121 AriaExecutor.h:107] AriaExecutor 11 exits. 
I1126 15:29:38.512619 1007116 AriaExecutor.h:107] AriaExecutor 6 exits. 
I1126 15:29:38.512619 1007118 AriaExecutor.h:107] AriaExecutor 8 exits. 
I1126 15:29:38.511973 1007094 AriaExecutor.h:705] Worker 0 latency: 599 us (50%) 652 us (75%) 697 us (95%) 713 us (99%).
I1126 15:29:38.597549 1007094 AriaExecutor.h:705] Worker 1 latency: 597 us (50%) 651 us (75%) 695 us (95%) 712 us (99%).
I1126 15:29:38.698518 1007094 AriaExecutor.h:705] Worker 2 latency: 600 us (50%) 652 us (75%) 696 us (95%) 713 us (99%).
I1126 15:29:38.789935 1007094 AriaExecutor.h:705] Worker 3 latency: 599 us (50%) 652 us (75%) 696 us (95%) 712 us (99%).
I1126 15:29:38.876435 1007094 AriaExecutor.h:705] Worker 4 latency: 600 us (50%) 652 us (75%) 696 us (95%) 712 us (99%).
I1126 15:29:38.965605 1007094 AriaExecutor.h:705] Worker 5 latency: 598 us (50%) 650 us (75%) 695 us (95%) 711 us (99%).
I1126 15:29:39.068452 1007094 AriaExecutor.h:705] Worker 6 latency: 603 us (50%) 653 us (75%) 696 us (95%) 713 us (99%).
I1126 15:29:39.153538 1007094 AriaExecutor.h:705] Worker 7 latency: 600 us (50%) 651 us (75%) 695 us (95%) 711 us (99%).
I1126 15:29:39.238860 1007094 AriaExecutor.h:705] Worker 8 latency: 604 us (50%) 654 us (75%) 697 us (95%) 713 us (99%).
I1126 15:29:39.324898 1007094 AriaExecutor.h:705] Worker 9 latency: 601 us (50%) 652 us (75%) 695 us (95%) 712 us (99%).
I1126 15:29:39.409372 1007094 AriaExecutor.h:705] Worker 10 latency: 603 us (50%) 654 us (75%) 696 us (95%) 713 us (99%).
I1126 15:29:39.497903 1007094 AriaExecutor.h:705] Worker 11 latency: 602 us (50%) 653 us (75%) 696 us (95%) 712 us (99%).
I1126 15:29:39.600028 1007094 Coordinator.h:177] total commit: 1.1642e+06
I1126 15:29:40.600149 1007094 Coordinator.h:192] Coordinator exits.
