I1126 16:02:43.962508 1028730 Database.h:65] ycsb initialization finished in 30 milliseconds.
I1126 16:02:43.962606 1028730 Coordinator.h:30] Coordinator initializes 12 workers.
I1126 16:02:44.034479 1028730 Coordinator.h:77] Coordinator starts to run 13 workers.
I1126 16:02:44.034538 1028746 AriaExecutor.h:93] AriaExecutor 0 started. 
I1126 16:02:44.034577 1028747 AriaExecutor.h:93] AriaExecutor 1 started. 
I1126 16:02:44.034615 1028748 AriaExecutor.h:93] AriaExecutor 2 started. 
I1126 16:02:44.034662 1028749 AriaExecutor.h:93] AriaExecutor 3 started. 
I1126 16:02:44.034741 1028751 AriaExecutor.h:93] AriaExecutor 5 started. 
I1126 16:02:44.034791 1028752 AriaExecutor.h:93] AriaExecutor 6 started. 
I1126 16:02:44.034833 1028753 AriaExecutor.h:93] AriaExecutor 7 started. 
I1126 16:02:44.034864 1028754 AriaExecutor.h:93] AriaExecutor 8 started. 
I1126 16:02:44.034910 1028755 AriaExecutor.h:93] AriaExecutor 9 started. 
I1126 16:02:44.034953 1028756 AriaExecutor.h:93] AriaExecutor 10 started. 
I1126 16:02:44.034989 1028757 AriaExecutor.h:93] AriaExecutor 11 started. 
I1126 16:02:44.035019 1028750 AriaExecutor.h:93] AriaExecutor 4 started. 
I1126 16:02:44.035023 1028758 Manager.h:224] Manager(worker id = 12) on the coordinator node started.
I1126 16:02:45.035082 1028730 Coordinator.h:126] commit: 791250 abort: 138750 (0/138750/0), network size: 0, avg network size: 0, si_in_serializable: 0 0 %, local: 0 %
I1126 16:02:46.035193 1028730 Coordinator.h:126] commit: 781205 abort: 137389 (0/137389/0), network size: 0, avg network size: 0, si_in_serializable: 0 0 %, local: 0 %
I1126 16:02:47.035319 1028730 Coordinator.h:126] commit: 782978 abort: 138428 (0/138428/0), network size: 0, avg network size: 0, si_in_serializable: 0 0 %, local: 0 %
I1126 16:02:48.035414 1028730 Coordinator.h:126] commit: 790009 abort: 139991 (0/139991/0), network size: 0, avg network size: 0, si_in_serializable: 0 0 %, local: 0 %
I1126 16:02:49.035521 1028730 Coordinator.h:126] commit: 798717 abort: 141283 (0/141283/0), network size: 0, avg network size: 0, si_in_serializable: 0 0 %, local: 0 %
I1126 16:02:50.035621 1028730 Coordinator.h:126] commit: 790431 abort: 139569 (0/139569/0), network size: 0, avg network size: 0, si_in_serializable: 0 0 %, local: 0 %
I1126 16:02:51.035737 1028730 Coordinator.h:126] commit: 790377 abort: 139623 (0/139623/0), network size: 0, avg network size: 0, si_in_serializable: 0 0 %, local: 0 %
I1126 16:02:52.035848 1028730 Coordinator.h:126] commit: 790010 abort: 139990 (0/139990/0), network size: 0, avg network size: 0, si_in_serializable: 0 0 %, local: 0 %
I1126 16:02:53.035977 1028730 Coordinator.h:126] commit: 791228 abort: 138772 (0/138772/0), network size: 0, avg network size: 0, si_in_serializable: 0 0 %, local: 0 %
I1126 16:02:54.036075 1028730 Coordinator.h:126] commit: 798780 abort: 141220 (0/141220/0), network size: 0, avg network size: 0, si_in_serializable: 0 0 %, local: 0 %
I1126 16:02:55.036181 1028730 Coordinator.h:126] commit: 790117 abort: 139883 (0/139883/0), network size: 0, avg network size: 0, si_in_serializable: 0 0 %, local: 0 %
I1126 16:02:56.036281 1028730 Coordinator.h:126] commit: 790370 abort: 139630 (0/139630/0), network size: 0, avg network size: 0, si_in_serializable: 0 0 %, local: 0 %
I1126 16:02:57.036388 1028730 Coordinator.h:126] commit: 799794 abort: 140206 (0/140206/0), network size: 0, avg network size: 0, si_in_serializable: 0 0 %, local: 0 %
I1126 16:02:58.036509 1028730 Coordinator.h:126] commit: 790888 abort: 139112 (0/139112/0), network size: 0, avg network size: 0, si_in_serializable: 0 0 %, local: 0 %
I1126 16:02:59.036619 1028730 Coordinator.h:126] commit: 799217 abort: 140783 (0/140783/0), network size: 0, avg network size: 0, si_in_serializable: 0 0 %, local: 0 %
I1126 16:03:00.036721 1028730 Coordinator.h:126] commit: 765419 abort: 134581 (0/134581/0), network size: 0, avg network size: 0, si_in_serializable: 0 0 %, local: 0 %
I1126 16:03:01.036834 1028730 Coordinator.h:126] commit: 799276 abort: 140724 (0/140724/0), network size: 0, avg network size: 0, si_in_serializable: 0 0 %, local: 0 %
I1126 16:03:02.036952 1028730 Coordinator.h:126] commit: 790800 abort: 139200 (0/139200/0), network size: 0, avg network size: 0, si_in_serializable: 0 0 %, local: 0 %
I1126 16:03:03.037068 1028730 Coordinator.h:126] commit: 799101 abort: 140899 (0/140899/0), network size: 0, avg network size: 0, si_in_serializable: 0 0 %, local: 0 %
I1126 16:03:04.037186 1028730 Coordinator.h:126] commit: 791315 abort: 138685 (0/138685/0), network size: 0, avg network size: 0, si_in_serializable: 0 0 %, local: 0 %
I1126 16:03:05.037290 1028730 Coordinator.h:126] commit: 799380 abort: 140620 (0/140620/0), network size: 0, avg network size: 0, si_in_serializable: 0 0 %, local: 0 %
I1126 16:03:06.037387 1028730 Coordinator.h:126] commit: 791084 abort: 138916 (0/138916/0), network size: 0, avg network size: 0, si_in_serializable: 0 0 %, local: 0 %
I1126 16:03:07.037492 1028730 Coordinator.h:126] commit: 790754 abort: 139246 (0/139246/0), network size: 0, avg network size: 0, si_in_serializable: 0 0 %, local: 0 %
I1126 16:03:08.037585 1028730 Coordinator.h:126] commit: 789722 abort: 140278 (0/140278/0), network size: 0, avg network size: 0, si_in_serializable: 0 0 %, local: 0 %
I1126 16:03:09.037716 1028730 Coordinator.h:126] commit: 799520 abort: 140480 (0/140480/0), network size: 0, avg network size: 0, si_in_serializable: 0 0 %, local: 0 %
I1126 16:03:09.037756 1028730 Coordinator.h:152] average commit: 791630 abort: 139370 (0/139370/0), network size: 0, avg network size: 0, si_in_serializable: 0 0 %, local: 0 %
I1126 16:03:09.044962 1028758 Manager.h:227] Manager(worker id = 12) on the coordinator node exits.
I1126 16:03:09.044971 1028746 AriaExecutor.h:105] AriaExecutor 0 exits. 
I1126 16:03:09.044965 1028750 AriaExecutor.h:105] AriaExecutor 4 exits. 
I1126 16:03:09.044968 1028756 AriaExecutor.h:105] AriaExecutor 10 exits. 
I1126 16:03:09.044963 1028748 AriaExecutor.h:105] AriaExecutor 2 exits. 
I1126 16:03:09.044973 1028757 AriaExecutor.h:105] AriaExecutor 11 exits. 
I1126 16:03:09.044975 1028754 AriaExecutor.h:105] AriaExecutor 8 exits. 
I1126 16:03:09.044976 1028755 AriaExecutor.h:105] AriaExecutor 9 exits. 
I1126 16:03:09.044977 1028747 AriaExecutor.h:105] AriaExecutor 1 exits. 
I1126 16:03:09.044977 1028751 AriaExecutor.h:105] AriaExecutor 5 exits. 
I1126 16:03:09.044977 1028753 AriaExecutor.h:105] AriaExecutor 7 exits. 
I1126 16:03:09.044972 1028752 AriaExecutor.h:105] AriaExecutor 6 exits. 
I1126 16:03:09.044974 1028749 AriaExecutor.h:105] AriaExecutor 3 exits. 
I1126 16:03:09.037766 1028730 AriaExecutor.h:672] Worker 0 latency: 6494 us (50%) 8379 us (75%) 9830 us (95%) 10119 us (99%).
I1126 16:03:09.114874 1028730 AriaExecutor.h:672] Worker 1 latency: 6473 us (50%) 8364 us (75%) 9822 us (95%) 10112 us (99%).
I1126 16:03:09.197345 1028730 AriaExecutor.h:672] Worker 2 latency: 6479 us (50%) 8370 us (75%) 9826 us (95%) 10116 us (99%).
I1126 16:03:09.274302 1028730 AriaExecutor.h:672] Worker 3 latency: 6481 us (50%) 8371 us (75%) 9823 us (95%) 10111 us (99%).
I1126 16:03:09.357532 1028730 AriaExecutor.h:672] Worker 4 latency: 6492 us (50%) 8376 us (75%) 9827 us (95%) 10115 us (99%).
I1126 16:03:09.433845 1028730 AriaExecutor.h:672] Worker 5 latency: 6460 us (50%) 8368 us (75%) 9826 us (95%) 10117 us (99%).
I1126 16:03:09.515661 1028730 AriaExecutor.h:672] Worker 6 latency: 6470 us (50%) 8362 us (75%) 9825 us (95%) 10117 us (99%).
I1126 16:03:09.592042 1028730 AriaExecutor.h:672] Worker 7 latency: 6473 us (50%) 8364 us (75%) 9821 us (95%) 10111 us (99%).
I1126 16:03:09.674831 1028730 AriaExecutor.h:672] Worker 8 latency: 6492 us (50%) 8375 us (75%) 9827 us (95%) 10117 us (99%).
I1126 16:03:09.750706 1028730 AriaExecutor.h:672] Worker 9 latency: 6480 us (50%) 8366 us (75%) 9821 us (95%) 10110 us (99%).
I1126 16:03:09.833861 1028730 AriaExecutor.h:672] Worker 10 latency: 6485 us (50%) 8372 us (75%) 9827 us (95%) 10118 us (99%).
I1126 16:03:09.908649 1028730 AriaExecutor.h:672] Worker 11 latency: 6478 us (50%) 8366 us (75%) 9822 us (95%) 10112 us (99%).
I1126 16:03:09.990592 1028730 Coordinator.h:177] total commit: 791630
I1126 16:03:10.990700 1028730 Coordinator.h:192] Coordinator exits.
