I0911 23:24:45.071707 2946341 Database.h:65] ycsb initialization finished in 149 milliseconds.
I0911 23:24:45.071821 2946341 Coordinator.h:30] Coordinator initializes 16 workers.
I0911 23:24:45.087189 2946341 Coordinator.h:77] Coordinator starts to run 17 workers.
I0911 23:24:45.087234 2946361 AriaExecutor.h:82] AriaExecutor 0 started. 
I0911 23:24:45.087275 2946362 AriaExecutor.h:82] AriaExecutor 1 started. 
I0911 23:24:45.087317 2946363 AriaExecutor.h:82] AriaExecutor 2 started. 
I0911 23:24:45.087363 2946364 AriaExecutor.h:82] AriaExecutor 3 started. 
I0911 23:24:45.087388 2946365 AriaExecutor.h:82] AriaExecutor 4 started. 
I0911 23:24:45.087443 2946366 AriaExecutor.h:82] AriaExecutor 5 started. 
I0911 23:24:45.087479 2946367 AriaExecutor.h:82] AriaExecutor 6 started. 
I0911 23:24:45.087522 2946368 AriaExecutor.h:82] AriaExecutor 7 started. 
I0911 23:24:45.087558 2946369 AriaExecutor.h:82] AriaExecutor 8 started. 
I0911 23:24:45.087599 2946370 AriaExecutor.h:82] AriaExecutor 9 started. 
I0911 23:24:45.087626 2946371 AriaExecutor.h:82] AriaExecutor 10 started. 
I0911 23:24:45.087671 2946372 AriaExecutor.h:82] AriaExecutor 11 started. 
I0911 23:24:45.087713 2946373 AriaExecutor.h:82] AriaExecutor 12 started. 
I0911 23:24:45.087756 2946374 AriaExecutor.h:82] AriaExecutor 13 started. 
I0911 23:24:45.087790 2946375 AriaExecutor.h:82] AriaExecutor 14 started. 
I0911 23:24:45.087833 2946376 AriaExecutor.h:82] AriaExecutor 15 started. 
I0911 23:24:45.087870 2946377 Manager.h:224] Manager(worker id = 16) on the coordinator node started.
I0911 23:24:46.087931 2946341 Coordinator.h:126] commit: 69444 abort: 94606 (0/94606/0), network size: 0, avg network size: 0, si_in_serializable: 0 0 %, local: 0 %
I0911 23:24:47.088052 2946341 Coordinator.h:126] commit: 71542 abort: 98232 (0/98232/0), network size: 0, avg network size: 0, si_in_serializable: 0 0 %, local: 0 %
I0911 23:24:48.088132 2946341 Coordinator.h:126] commit: 70501 abort: 95387 (0/95387/0), network size: 0, avg network size: 0, si_in_serializable: 0 0 %, local: 0 %
I0911 23:24:49.088213 2946341 Coordinator.h:126] commit: 70832 abort: 97104 (0/97104/0), network size: 0, avg network size: 0, si_in_serializable: 0 0 %, local: 0 %
I0911 23:24:50.088318 2946341 Coordinator.h:126] commit: 74345 abort: 101783 (0/101783/0), network size: 0, avg network size: 0, si_in_serializable: 0 0 %, local: 0 %
I0911 23:24:51.088402 2946341 Coordinator.h:126] commit: 74568 abort: 101560 (0/101560/0), network size: 0, avg network size: 0, si_in_serializable: 0 0 %, local: 0 %
I0911 23:24:52.088477 2946341 Coordinator.h:126] commit: 74427 abort: 101701 (0/101701/0), network size: 0, avg network size: 0, si_in_serializable: 0 0 %, local: 0 %
I0911 23:24:53.088552 2946341 Coordinator.h:126] commit: 74138 abort: 101990 (0/101990/0), network size: 0, avg network size: 0, si_in_serializable: 0 0 %, local: 0 %
I0911 23:24:54.088634 2946341 Coordinator.h:126] commit: 74690 abort: 101438 (0/101438/0), network size: 0, avg network size: 0, si_in_serializable: 0 0 %, local: 0 %
I0911 23:24:55.088716 2946341 Coordinator.h:126] commit: 73272 abort: 99427 (0/99427/0), network size: 0, avg network size: 0, si_in_serializable: 0 0 %, local: 0 %
I0911 23:24:56.088795 2946341 Coordinator.h:126] commit: 75107 abort: 102402 (0/102402/0), network size: 0, avg network size: 0, si_in_serializable: 0 0 %, local: 0 %
I0911 23:24:57.088876 2946341 Coordinator.h:126] commit: 73668 abort: 100412 (0/100412/0), network size: 0, avg network size: 0, si_in_serializable: 0 0 %, local: 0 %
I0911 23:24:58.088954 2946341 Coordinator.h:126] commit: 74404 abort: 101724 (0/101724/0), network size: 0, avg network size: 0, si_in_serializable: 0 0 %, local: 0 %
I0911 23:24:59.089062 2946341 Coordinator.h:126] commit: 75839 abort: 102337 (0/102337/0), network size: 0, avg network size: 0, si_in_serializable: 0 0 %, local: 0 %
I0911 23:25:00.089156 2946341 Coordinator.h:126] commit: 74868 abort: 102366 (0/102366/0), network size: 0, avg network size: 0, si_in_serializable: 0 0 %, local: 0 %
I0911 23:25:01.089243 2946341 Coordinator.h:126] commit: 74402 abort: 102668 (0/102668/0), network size: 0, avg network size: 0, si_in_serializable: 0 0 %, local: 0 %
I0911 23:25:02.089320 2946341 Coordinator.h:126] commit: 75358 abort: 102818 (0/102818/0), network size: 0, avg network size: 0, si_in_serializable: 0 0 %, local: 0 %
I0911 23:25:03.089403 2946341 Coordinator.h:126] commit: 75228 abort: 102948 (0/102948/0), network size: 0, avg network size: 0, si_in_serializable: 0 0 %, local: 0 %
I0911 23:25:04.089484 2946341 Coordinator.h:126] commit: 75503 abort: 102673 (0/102673/0), network size: 0, avg network size: 0, si_in_serializable: 0 0 %, local: 0 %
I0911 23:25:05.089569 2946341 Coordinator.h:126] commit: 74131 abort: 101997 (0/101997/0), network size: 0, avg network size: 0, si_in_serializable: 0 0 %, local: 0 %
I0911 23:25:06.089650 2946341 Coordinator.h:126] commit: 73734 abort: 100346 (0/100346/0), network size: 0, avg network size: 0, si_in_serializable: 0 0 %, local: 0 %
I0911 23:25:07.089728 2946341 Coordinator.h:126] commit: 73364 abort: 100716 (0/100716/0), network size: 0, avg network size: 0, si_in_serializable: 0 0 %, local: 0 %
I0911 23:25:08.089829 2946341 Coordinator.h:126] commit: 75365 abort: 102811 (0/102811/0), network size: 0, avg network size: 0, si_in_serializable: 0 0 %, local: 0 %
I0911 23:25:09.089920 2946341 Coordinator.h:126] commit: 73530 abort: 100550 (0/100550/0), network size: 0, avg network size: 0, si_in_serializable: 0 0 %, local: 0 %
I0911 23:25:10.089999 2946341 Coordinator.h:126] commit: 74427 abort: 101701 (0/101701/0), network size: 0, avg network size: 0, si_in_serializable: 0 0 %, local: 0 %
I0911 23:25:10.090013 2946341 Coordinator.h:152] average commit: 74850.8 abort: 102234 (0/102234/0), network size: 0, avg network size: 0, si_in_serializable: 0 0 %, local: 0 %
I0911 23:25:10.090021 2946341 AriaExecutor.h:641] Worker 0 latency: 9811 us (50%) 10496 us (75%) 10911 us (95%) 11521 us (99%).
I0911 23:25:10.096244 2946363 AriaExecutor.h:94] AriaExecutor 2 exits. 
I0911 23:25:10.096246 2946377 Manager.h:227] Manager(worker id = 16) on the coordinator node exits.
I0911 23:25:10.096262 2946374 AriaExecutor.h:94] AriaExecutor 13 exits. 
I0911 23:25:10.096246 2946375 AriaExecutor.h:94] AriaExecutor 14 exits. 
I0911 23:25:10.096246 2946369 AriaExecutor.h:94] AriaExecutor 8 exits. 
I0911 23:25:10.096248 2946365 AriaExecutor.h:94] AriaExecutor 4 exits. 
I0911 23:25:10.096244 2946361 AriaExecutor.h:94] AriaExecutor 0 exits. 
I0911 23:25:10.096249 2946373 AriaExecutor.h:94] AriaExecutor 12 exits. 
I0911 23:25:10.096244 2946371 AriaExecutor.h:94] AriaExecutor 10 exits. 
I0911 23:25:10.096261 2946368 AriaExecutor.h:94] AriaExecutor 7 exits. 
I0911 23:25:10.096261 2946366 AriaExecutor.h:94] AriaExecutor 5 exits. 
I0911 23:25:10.096261 2946376 AriaExecutor.h:94] AriaExecutor 15 exits. 
I0911 23:25:10.096249 2946367 AriaExecutor.h:94] AriaExecutor 6 exits. 
I0911 23:25:10.096262 2946372 AriaExecutor.h:94] AriaExecutor 11 exits. 
I0911 23:25:10.096264 2946370 AriaExecutor.h:94] AriaExecutor 9 exits. 
I0911 23:25:10.096262 2946362 AriaExecutor.h:94] AriaExecutor 1 exits. 
I0911 23:25:10.096262 2946364 AriaExecutor.h:94] AriaExecutor 3 exits. 
I0911 23:25:10.096585 2946341 AriaExecutor.h:641] Worker 1 latency: 9786 us (50%) 10482 us (75%) 10903 us (95%) 11476 us (99%).
I0911 23:25:10.103334 2946341 AriaExecutor.h:641] Worker 2 latency: 9812 us (50%) 10494 us (75%) 10907 us (95%) 11501 us (99%).
I0911 23:25:10.109445 2946341 AriaExecutor.h:641] Worker 3 latency: 9812 us (50%) 10490 us (75%) 10906 us (95%) 11493 us (99%).
I0911 23:25:10.116238 2946341 AriaExecutor.h:641] Worker 4 latency: 9801 us (50%) 10489 us (75%) 10905 us (95%) 11489 us (99%).
I0911 23:25:10.122402 2946341 AriaExecutor.h:641] Worker 5 latency: 9787 us (50%) 10484 us (75%) 10903 us (95%) 11485 us (99%).
I0911 23:25:10.129124 2946341 AriaExecutor.h:641] Worker 6 latency: 9810 us (50%) 10492 us (75%) 10906 us (95%) 11483 us (99%).
I0911 23:25:10.135133 2946341 AriaExecutor.h:641] Worker 7 latency: 9806 us (50%) 10490 us (75%) 10904 us (95%) 11483 us (99%).
I0911 23:25:10.141839 2946341 AriaExecutor.h:641] Worker 8 latency: 9796 us (50%) 10487 us (75%) 10906 us (95%) 11497 us (99%).
I0911 23:25:10.147912 2946341 AriaExecutor.h:641] Worker 9 latency: 9789 us (50%) 10483 us (75%) 10903 us (95%) 11492 us (99%).
I0911 23:25:10.154505 2946341 AriaExecutor.h:641] Worker 10 latency: 9811 us (50%) 10494 us (75%) 10904 us (95%) 11492 us (99%).
I0911 23:25:10.160585 2946341 AriaExecutor.h:641] Worker 11 latency: 9807 us (50%) 10489 us (75%) 10903 us (95%) 11494 us (99%).
I0911 23:25:10.167279 2946341 AriaExecutor.h:641] Worker 12 latency: 9804 us (50%) 10489 us (75%) 10904 us (95%) 11489 us (99%).
I0911 23:25:10.173384 2946341 AriaExecutor.h:641] Worker 13 latency: 9791 us (50%) 10484 us (75%) 10901 us (95%) 11469 us (99%).
I0911 23:25:10.179857 2946341 AriaExecutor.h:641] Worker 14 latency: 9804 us (50%) 10491 us (75%) 10905 us (95%) 11491 us (99%).
I0911 23:25:10.185961 2946341 AriaExecutor.h:641] Worker 15 latency: 9805 us (50%) 10489 us (75%) 10904 us (95%) 11479 us (99%).
I0911 23:25:10.192602 2946341 Coordinator.h:177] total commit: 74850.8
I0911 23:25:11.192719 2946341 Coordinator.h:192] Coordinator exits.
