I1126 15:53:25.494761 1023020 Database.h:65] ycsb initialization finished in 29 milliseconds.
I1126 15:53:25.494858 1023020 Coordinator.h:30] Coordinator initializes 12 workers.
I1126 15:53:25.502367 1023020 Coordinator.h:77] Coordinator starts to run 13 workers.
I1126 15:53:25.502425 1023036 AriaExecutor.h:93] AriaExecutor 0 started. 
I1126 15:53:25.502457 1023037 AriaExecutor.h:93] AriaExecutor 1 started. 
I1126 15:53:25.502499 1023038 AriaExecutor.h:93] AriaExecutor 2 started. 
I1126 15:53:25.502542 1023039 AriaExecutor.h:93] AriaExecutor 3 started. 
I1126 15:53:25.502578 1023040 AriaExecutor.h:93] AriaExecutor 4 started. 
I1126 15:53:25.502662 1023041 AriaExecutor.h:93] AriaExecutor 5 started. 
I1126 15:53:25.502707 1023042 AriaExecutor.h:93] AriaExecutor 6 started. 
I1126 15:53:25.502759 1023043 AriaExecutor.h:93] AriaExecutor 7 started. 
I1126 15:53:25.502796 1023044 AriaExecutor.h:93] AriaExecutor 8 started. 
I1126 15:53:25.502839 1023045 AriaExecutor.h:93] AriaExecutor 9 started. 
I1126 15:53:25.502875 1023046 AriaExecutor.h:93] AriaExecutor 10 started. 
I1126 15:53:25.502918 1023047 AriaExecutor.h:93] AriaExecutor 11 started. 
I1126 15:53:25.502954 1023048 Manager.h:224] Manager(worker id = 12) on the coordinator node started.
I1126 15:53:26.503007 1023020 Coordinator.h:126] commit: 710708 abort: 20292 (0/20292/0), network size: 0, avg network size: 0, si_in_serializable: 0 0 %, local: 0 %
I1126 15:53:27.503118 1023020 Coordinator.h:126] commit: 699536 abort: 20464 (0/20464/0), network size: 0, avg network size: 0, si_in_serializable: 0 0 %, local: 0 %
I1126 15:53:28.503228 1023020 Coordinator.h:126] commit: 710688 abort: 20312 (0/20312/0), network size: 0, avg network size: 0, si_in_serializable: 0 0 %, local: 0 %
I1126 15:53:29.503324 1023020 Coordinator.h:126] commit: 714305 abort: 20695 (0/20695/0), network size: 0, avg network size: 0, si_in_serializable: 0 0 %, local: 0 %
I1126 15:53:30.503422 1023020 Coordinator.h:126] commit: 706505 abort: 20495 (0/20495/0), network size: 0, avg network size: 0, si_in_serializable: 0 0 %, local: 0 %
I1126 15:53:31.503518 1023020 Coordinator.h:126] commit: 708643 abort: 20357 (0/20357/0), network size: 0, avg network size: 0, si_in_serializable: 0 0 %, local: 0 %
I1126 15:53:32.503618 1023020 Coordinator.h:126] commit: 710418 abort: 20582 (0/20582/0), network size: 0, avg network size: 0, si_in_serializable: 0 0 %, local: 0 %
I1126 15:53:33.503720 1023020 Coordinator.h:126] commit: 714529 abort: 20471 (0/20471/0), network size: 0, avg network size: 0, si_in_serializable: 0 0 %, local: 0 %
I1126 15:53:34.503803 1023020 Coordinator.h:126] commit: 693759 abort: 20241 (0/20241/0), network size: 0, avg network size: 0, si_in_serializable: 0 0 %, local: 0 %
I1126 15:53:35.503880 1023020 Coordinator.h:126] commit: 713113 abort: 20887 (0/20887/0), network size: 0, avg network size: 0, si_in_serializable: 0 0 %, local: 0 %
I1126 15:53:36.503960 1023020 Coordinator.h:126] commit: 714231 abort: 20769 (0/20769/0), network size: 0, avg network size: 0, si_in_serializable: 0 0 %, local: 0 %
I1126 15:53:37.504053 1023020 Coordinator.h:126] commit: 715473 abort: 20527 (0/20527/0), network size: 0, avg network size: 0, si_in_serializable: 0 0 %, local: 0 %
I1126 15:53:38.504139 1023020 Coordinator.h:126] commit: 713410 abort: 20590 (0/20590/0), network size: 0, avg network size: 0, si_in_serializable: 0 0 %, local: 0 %
I1126 15:53:39.504216 1023020 Coordinator.h:126] commit: 716056 abort: 20268 (0/20268/0), network size: 0, avg network size: 0, si_in_serializable: 0 0 %, local: 0 %
I1126 15:53:40.504302 1023020 Coordinator.h:126] commit: 702446 abort: 20230 (0/20230/0), network size: 0, avg network size: 0, si_in_serializable: 0 0 %, local: 0 %
I1126 15:53:41.504411 1023020 Coordinator.h:126] commit: 715500 abort: 20500 (0/20500/0), network size: 0, avg network size: 0, si_in_serializable: 0 0 %, local: 0 %
I1126 15:53:42.504511 1023020 Coordinator.h:126] commit: 713422 abort: 20578 (0/20578/0), network size: 0, avg network size: 0, si_in_serializable: 0 0 %, local: 0 %
I1126 15:53:43.504603 1023020 Coordinator.h:126] commit: 673329 abort: 19671 (0/19671/0), network size: 0, avg network size: 0, si_in_serializable: 0 0 %, local: 0 %
I1126 15:53:44.504683 1023020 Coordinator.h:126] commit: 713543 abort: 20457 (0/20457/0), network size: 0, avg network size: 0, si_in_serializable: 0 0 %, local: 0 %
I1126 15:53:45.504765 1023020 Coordinator.h:126] commit: 715551 abort: 20449 (0/20449/0), network size: 0, avg network size: 0, si_in_serializable: 0 0 %, local: 0 %
I1126 15:53:46.504845 1023020 Coordinator.h:126] commit: 711525 abort: 20475 (0/20475/0), network size: 0, avg network size: 0, si_in_serializable: 0 0 %, local: 0 %
I1126 15:53:47.504935 1023020 Coordinator.h:126] commit: 715547 abort: 20453 (0/20453/0), network size: 0, avg network size: 0, si_in_serializable: 0 0 %, local: 0 %
I1126 15:53:48.505010 1023020 Coordinator.h:126] commit: 715559 abort: 20441 (0/20441/0), network size: 0, avg network size: 0, si_in_serializable: 0 0 %, local: 0 %
I1126 15:53:49.505091 1023020 Coordinator.h:126] commit: 716433 abort: 20567 (0/20567/0), network size: 0, avg network size: 0, si_in_serializable: 0 0 %, local: 0 %
I1126 15:53:50.505172 1023020 Coordinator.h:126] commit: 713545 abort: 20455 (0/20455/0), network size: 0, avg network size: 0, si_in_serializable: 0 0 %, local: 0 %
I1126 15:53:50.505204 1023020 Coordinator.h:152] average commit: 709296 abort: 20403.9 (0/20403.9/0), network size: 0, avg network size: 0, si_in_serializable: 0 0 %, local: 0 %
I1126 15:53:50.505972 1023036 AriaExecutor.h:105] AriaExecutor 0 exits. 
I1126 15:53:50.505978 1023038 AriaExecutor.h:105] AriaExecutor 2 exits. 
I1126 15:53:50.505981 1023048 Manager.h:227] Manager(worker id = 12) on the coordinator node exits.
I1126 15:53:50.505985 1023047 AriaExecutor.h:105] AriaExecutor 11 exits. 
I1126 15:53:50.505978 1023042 AriaExecutor.h:105] AriaExecutor 6 exits. 
I1126 15:53:50.505986 1023039 AriaExecutor.h:105] AriaExecutor 3 exits. 
I1126 15:53:50.505986 1023045 AriaExecutor.h:105] AriaExecutor 9 exits. 
I1126 15:53:50.505987 1023037 AriaExecutor.h:105] AriaExecutor 1 exits. 
I1126 15:53:50.505995 1023043 AriaExecutor.h:105] AriaExecutor 7 exits. 
I1126 15:53:50.505975 1023046 AriaExecutor.h:105] AriaExecutor 10 exits. 
I1126 15:53:50.505976 1023040 AriaExecutor.h:105] AriaExecutor 4 exits. 
I1126 15:53:50.505986 1023041 AriaExecutor.h:105] AriaExecutor 5 exits. 
I1126 15:53:50.505976 1023044 AriaExecutor.h:105] AriaExecutor 8 exits. 
I1126 15:53:50.505215 1023020 AriaExecutor.h:672] Worker 0 latency: 891 us (50%) 1094 us (75%) 1256 us (95%) 1291 us (99%).
I1126 15:53:50.568811 1023020 AriaExecutor.h:672] Worker 1 latency: 889 us (50%) 1093 us (75%) 1255 us (95%) 1290 us (99%).
I1126 15:53:50.638373 1023020 AriaExecutor.h:672] Worker 2 latency: 890 us (50%) 1093 us (75%) 1255 us (95%) 1291 us (99%).
I1126 15:53:50.700963 1023020 AriaExecutor.h:672] Worker 3 latency: 890 us (50%) 1093 us (75%) 1255 us (95%) 1290 us (99%).
I1126 15:53:50.770376 1023020 AriaExecutor.h:672] Worker 4 latency: 891 us (50%) 1094 us (75%) 1256 us (95%) 1291 us (99%).
I1126 15:53:50.832257 1023020 AriaExecutor.h:672] Worker 5 latency: 889 us (50%) 1093 us (75%) 1255 us (95%) 1290 us (99%).
I1126 15:53:50.902014 1023020 AriaExecutor.h:672] Worker 6 latency: 892 us (50%) 1094 us (75%) 1255 us (95%) 1290 us (99%).
I1126 15:53:50.965602 1023020 AriaExecutor.h:672] Worker 7 latency: 891 us (50%) 1094 us (75%) 1255 us (95%) 1290 us (99%).
I1126 15:53:51.034027 1023020 AriaExecutor.h:672] Worker 8 latency: 892 us (50%) 1095 us (75%) 1256 us (95%) 1291 us (99%).
I1126 15:53:51.097033 1023020 AriaExecutor.h:672] Worker 9 latency: 892 us (50%) 1094 us (75%) 1255 us (95%) 1290 us (99%).
I1126 15:53:51.165228 1023020 AriaExecutor.h:672] Worker 10 latency: 892 us (50%) 1095 us (75%) 1256 us (95%) 1291 us (99%).
I1126 15:53:51.227847 1023020 AriaExecutor.h:672] Worker 11 latency: 892 us (50%) 1094 us (75%) 1255 us (95%) 1290 us (99%).
I1126 15:53:51.295940 1023020 Coordinator.h:177] total commit: 709296
I1126 15:53:52.296056 1023020 Coordinator.h:192] Coordinator exits.
