I1126 14:55:34.578215 985631 Database.h:65] ycsb initialization finished in 30 milliseconds.
I1126 14:55:34.578312 985631 Coordinator.h:30] Coordinator initializes 12 workers.
I1126 14:55:34.579200 985631 Coordinator.h:77] Coordinator starts to run 13 workers.
I1126 14:55:34.579290 985647 AriaExecutor.h:91] AriaExecutor 0 started. 
I1126 14:55:34.579306 985648 AriaExecutor.h:91] AriaExecutor 1 started. 
I1126 14:55:34.579363 985649 AriaExecutor.h:91] AriaExecutor 2 started. 
I1126 14:55:34.579401 985650 AriaExecutor.h:91] AriaExecutor 3 started. 
I1126 14:55:34.579443 985651 AriaExecutor.h:91] AriaExecutor 4 started. 
I1126 14:55:34.579479 985652 AriaExecutor.h:91] AriaExecutor 5 started. 
I1126 14:55:34.579506 985653 AriaExecutor.h:91] AriaExecutor 6 started. 
I1126 14:55:34.579543 985654 AriaExecutor.h:91] AriaExecutor 7 started. 
I1126 14:55:34.579581 985655 AriaExecutor.h:91] AriaExecutor 8 started. 
I1126 14:55:34.579608 985656 AriaExecutor.h:91] AriaExecutor 9 started. 
I1126 14:55:34.579641 985657 AriaExecutor.h:91] AriaExecutor 10 started. 
I1126 14:55:34.579672 985658 AriaExecutor.h:91] AriaExecutor 11 started. 
I1126 14:55:34.579702 985659 Manager.h:224] Manager(worker id = 12) on the coordinator node started.
I1126 14:55:35.579756 985631 Coordinator.h:126] commit: 1070124 abort: 213876 (0/213876/0), network size: 0, avg network size: 0, si_in_serializable: 0 0 %, local: 0 %
I1126 14:55:36.579882 985631 Coordinator.h:126] commit: 1045379 abort: 209621 (0/209621/0), network size: 0, avg network size: 0, si_in_serializable: 0 0 %, local: 0 %
I1126 14:55:37.580034 985631 Coordinator.h:126] commit: 1058657 abort: 211343 (0/211343/0), network size: 0, avg network size: 0, si_in_serializable: 0 0 %, local: 0 %
I1126 14:55:38.580127 985631 Coordinator.h:126] commit: 1074167 abort: 214833 (0/214833/0), network size: 0, avg network size: 0, si_in_serializable: 0 0 %, local: 0 %
I1126 14:55:39.580204 985631 Coordinator.h:126] commit: 1075386 abort: 214945 (0/214945/0), network size: 0, avg network size: 0, si_in_serializable: 0 0 %, local: 0 %
I1126 14:55:40.580279 985631 Coordinator.h:126] commit: 1028990 abort: 204679 (0/204679/0), network size: 0, avg network size: 0, si_in_serializable: 0 0 %, local: 0 %
I1126 14:55:41.580355 985631 Coordinator.h:126] commit: 1071978 abort: 215022 (0/215022/0), network size: 0, avg network size: 0, si_in_serializable: 0 0 %, local: 0 %
I1126 14:55:42.580457 985631 Coordinator.h:126] commit: 1068966 abort: 213141 (0/213141/0), network size: 0, avg network size: 0, si_in_serializable: 0 0 %, local: 0 %
I1126 14:55:43.580535 985631 Coordinator.h:126] commit: 1074902 abort: 214991 (0/214991/0), network size: 0, avg network size: 0, si_in_serializable: 0 0 %, local: 0 %
I1126 14:55:44.580611 985631 Coordinator.h:126] commit: 1070982 abort: 214018 (0/214018/0), network size: 0, avg network size: 0, si_in_serializable: 0 0 %, local: 0 %
I1126 14:55:45.580687 985631 Coordinator.h:126] commit: 1074092 abort: 214908 (0/214908/0), network size: 0, avg network size: 0, si_in_serializable: 0 0 %, local: 0 %
I1126 14:55:46.580762 985631 Coordinator.h:126] commit: 1010834 abort: 202102 (0/202102/0), network size: 0, avg network size: 0, si_in_serializable: 0 0 %, local: 0 %
I1126 14:55:47.580837 985631 Coordinator.h:126] commit: 1072002 abort: 215062 (0/215062/0), network size: 0, avg network size: 0, si_in_serializable: 0 0 %, local: 0 %
I1126 14:55:48.580917 985631 Coordinator.h:126] commit: 1072749 abort: 214251 (0/214251/0), network size: 0, avg network size: 0, si_in_serializable: 0 0 %, local: 0 %
I1126 14:55:49.581017 985631 Coordinator.h:126] commit: 1062762 abort: 213238 (0/213238/0), network size: 0, avg network size: 0, si_in_serializable: 0 0 %, local: 0 %
I1126 14:55:50.581095 985631 Coordinator.h:126] commit: 1076433 abort: 214567 (0/214567/0), network size: 0, avg network size: 0, si_in_serializable: 0 0 %, local: 0 %
I1126 14:55:51.581171 985631 Coordinator.h:126] commit: 1074228 abort: 214772 (0/214772/0), network size: 0, avg network size: 0, si_in_serializable: 0 0 %, local: 0 %
I1126 14:55:52.581244 985631 Coordinator.h:126] commit: 1077599 abort: 215401 (0/215401/0), network size: 0, avg network size: 0, si_in_serializable: 0 0 %, local: 0 %
I1126 14:55:53.581317 985631 Coordinator.h:126] commit: 1074974 abort: 215026 (0/215026/0), network size: 0, avg network size: 0, si_in_serializable: 0 0 %, local: 0 %
I1126 14:55:54.581393 985631 Coordinator.h:126] commit: 1078364 abort: 215636 (0/215636/0), network size: 0, avg network size: 0, si_in_serializable: 0 0 %, local: 0 %
I1126 14:55:55.581467 985631 Coordinator.h:126] commit: 1075727 abort: 214273 (0/214273/0), network size: 0, avg network size: 0, si_in_serializable: 0 0 %, local: 0 %
I1126 14:55:56.581542 985631 Coordinator.h:126] commit: 1077424 abort: 215576 (0/215576/0), network size: 0, avg network size: 0, si_in_serializable: 0 0 %, local: 0 %
I1126 14:55:57.581615 985631 Coordinator.h:126] commit: 1076337 abort: 214663 (0/214663/0), network size: 0, avg network size: 0, si_in_serializable: 0 0 %, local: 0 %
I1126 14:55:58.581688 985631 Coordinator.h:126] commit: 923969 abort: 185031 (0/185031/0), network size: 0, avg network size: 0, si_in_serializable: 0 0 %, local: 0 %
I1126 14:55:59.581761 985631 Coordinator.h:126] commit: 1075364 abort: 214636 (0/214636/0), network size: 0, avg network size: 0, si_in_serializable: 0 0 %, local: 0 %
I1126 14:55:59.581770 985631 Coordinator.h:152] average commit: 1.0674e+06 abort: 213496 (0/213496/0), network size: 0, avg network size: 0, si_in_serializable: 0 0 %, local: 0 %
I1126 14:55:59.581974 985647 AriaExecutor.h:103] AriaExecutor 0 exits. 
I1126 14:55:59.581979 985652 AriaExecutor.h:103] AriaExecutor 5 exits. 
I1126 14:55:59.581979 985658 AriaExecutor.h:103] AriaExecutor 11 exits. 
I1126 14:55:59.581979 985656 AriaExecutor.h:103] AriaExecutor 9 exits. 
I1126 14:55:59.581981 985657 AriaExecutor.h:103] AriaExecutor 10 exits. 
I1126 14:55:59.581979 985650 AriaExecutor.h:103] AriaExecutor 3 exits. 
I1126 14:55:59.581983 985653 AriaExecutor.h:103] AriaExecutor 6 exits. 
I1126 14:55:59.581987 985648 AriaExecutor.h:103] AriaExecutor 1 exits. 
I1126 14:55:59.581974 985654 AriaExecutor.h:103] AriaExecutor 7 exits. 
I1126 14:55:59.581982 985655 AriaExecutor.h:103] AriaExecutor 8 exits. 
I1126 14:55:59.581987 985649 AriaExecutor.h:103] AriaExecutor 2 exits. 
I1126 14:55:59.581996 985659 Manager.h:227] Manager(worker id = 12) on the coordinator node exits.
I1126 14:55:59.581983 985651 AriaExecutor.h:103] AriaExecutor 4 exits. 
I1126 14:55:59.581780 985631 AriaExecutor.h:649] Worker 0 latency: 596 us (50%) 650 us (75%) 692 us (95%) 708 us (99%).
I1126 14:55:59.674365 985631 AriaExecutor.h:649] Worker 1 latency: 594 us (50%) 648 us (75%) 691 us (95%) 707 us (99%).
I1126 14:55:59.756809 985631 AriaExecutor.h:649] Worker 2 latency: 595 us (50%) 649 us (75%) 692 us (95%) 707 us (99%).
I1126 14:55:59.849876 985631 AriaExecutor.h:649] Worker 3 latency: 596 us (50%) 649 us (75%) 691 us (95%) 707 us (99%).
I1126 14:55:59.931733 985631 AriaExecutor.h:649] Worker 4 latency: 597 us (50%) 649 us (75%) 691 us (95%) 707 us (99%).
I1126 14:56:00.010886 985631 AriaExecutor.h:649] Worker 5 latency: 594 us (50%) 647 us (75%) 690 us (95%) 706 us (99%).
I1126 14:56:00.088587 985631 AriaExecutor.h:649] Worker 6 latency: 597 us (50%) 649 us (75%) 691 us (95%) 707 us (99%).
I1126 14:56:00.182020 985631 AriaExecutor.h:649] Worker 7 latency: 596 us (50%) 648 us (75%) 690 us (95%) 706 us (99%).
I1126 14:56:00.259392 985631 AriaExecutor.h:649] Worker 8 latency: 599 us (50%) 651 us (75%) 692 us (95%) 707 us (99%).
I1126 14:56:00.337864 985631 AriaExecutor.h:649] Worker 9 latency: 597 us (50%) 649 us (75%) 691 us (95%) 706 us (99%).
I1126 14:56:00.416636 985631 AriaExecutor.h:649] Worker 10 latency: 599 us (50%) 650 us (75%) 691 us (95%) 707 us (99%).
I1126 14:56:00.494046 985631 AriaExecutor.h:649] Worker 11 latency: 598 us (50%) 649 us (75%) 691 us (95%) 707 us (99%).
I1126 14:56:00.575711 985631 Coordinator.h:177] total commit: 1.0674e+06
I1126 14:56:01.576054 985631 Coordinator.h:192] Coordinator exits.
