I0912 00:10:45.693534 2954981 Database.h:65] ycsb initialization finished in 192 milliseconds.
I0912 00:10:45.693651 2954981 Coordinator.h:30] Coordinator initializes 16 workers.
I0912 00:10:45.724172 2954981 Coordinator.h:77] Coordinator starts to run 17 workers.
I0912 00:10:45.724272 2955002 AriaExecutor.h:82] AriaExecutor 0 started. 
I0912 00:10:45.724289 2955003 AriaExecutor.h:82] AriaExecutor 1 started. 
I0912 00:10:45.724344 2955004 AriaExecutor.h:82] AriaExecutor 2 started. 
I0912 00:10:45.724388 2955005 AriaExecutor.h:82] AriaExecutor 3 started. 
I0912 00:10:45.724433 2955006 AriaExecutor.h:82] AriaExecutor 4 started. 
I0912 00:10:45.724464 2955007 AriaExecutor.h:82] AriaExecutor 5 started. 
I0912 00:10:45.724500 2955008 AriaExecutor.h:82] AriaExecutor 6 started. 
I0912 00:10:45.724534 2955009 AriaExecutor.h:82] AriaExecutor 7 started. 
I0912 00:10:45.724572 2955010 AriaExecutor.h:82] AriaExecutor 8 started. 
I0912 00:10:45.724603 2955011 AriaExecutor.h:82] AriaExecutor 9 started. 
I0912 00:10:45.724653 2955012 AriaExecutor.h:82] AriaExecutor 10 started. 
I0912 00:10:45.724680 2955013 AriaExecutor.h:82] AriaExecutor 11 started. 
I0912 00:10:45.724720 2955014 AriaExecutor.h:82] AriaExecutor 12 started. 
I0912 00:10:45.724752 2955015 AriaExecutor.h:82] AriaExecutor 13 started. 
I0912 00:10:45.724790 2955016 AriaExecutor.h:82] AriaExecutor 14 started. 
I0912 00:10:45.724820 2955017 AriaExecutor.h:82] AriaExecutor 15 started. 
I0912 00:10:45.724869 2955018 Manager.h:224] Manager(worker id = 16) on the coordinator node started.
I0912 00:10:46.724910 2954981 Coordinator.h:126] commit: 818798 abort: 475538 (0/475538/0), network size: 0, avg network size: 0, si_in_serializable: 0 0 %, local: 0 %
I0912 00:10:47.725046 2954981 Coordinator.h:126] commit: 814869 abort: 471275 (0/471275/0), network size: 0, avg network size: 0, si_in_serializable: 0 0 %, local: 0 %
I0912 00:10:48.725113 2954981 Coordinator.h:126] commit: 775540 abort: 449164 (0/449164/0), network size: 0, avg network size: 0, si_in_serializable: 0 0 %, local: 0 %
I0912 00:10:49.725193 2954981 Coordinator.h:126] commit: 787768 abort: 457416 (0/457416/0), network size: 0, avg network size: 0, si_in_serializable: 0 0 %, local: 0 %
I0912 00:10:50.725349 2954981 Coordinator.h:126] commit: 808225 abort: 469727 (0/469727/0), network size: 0, avg network size: 0, si_in_serializable: 0 0 %, local: 0 %
I0912 00:10:51.725440 2954981 Coordinator.h:126] commit: 803963 abort: 465797 (0/465797/0), network size: 0, avg network size: 0, si_in_serializable: 0 0 %, local: 0 %
I0912 00:10:52.725499 2954981 Coordinator.h:126] commit: 816401 abort: 473839 (0/473839/0), network size: 0, avg network size: 0, si_in_serializable: 0 0 %, local: 0 %
I0912 00:10:53.725564 2954981 Coordinator.h:126] commit: 813705 abort: 472439 (0/472439/0), network size: 0, avg network size: 0, si_in_serializable: 0 0 %, local: 0 %
I0912 00:10:54.725629 2954981 Coordinator.h:126] commit: 811026 abort: 471022 (0/471022/0), network size: 0, avg network size: 0, si_in_serializable: 0 0 %, local: 0 %
I0912 00:10:55.725697 2954981 Coordinator.h:126] commit: 810491 abort: 471557 (0/471557/0), network size: 0, avg network size: 0, si_in_serializable: 0 0 %, local: 0 %
I0912 00:10:56.725780 2954981 Coordinator.h:126] commit: 761835 abort: 442389 (0/442389/0), network size: 0, avg network size: 0, si_in_serializable: 0 0 %, local: 0 %
I0912 00:10:57.725863 2954981 Coordinator.h:126] commit: 808397 abort: 469555 (0/469555/0), network size: 0, avg network size: 0, si_in_serializable: 0 0 %, local: 0 %
I0912 00:10:58.725957 2954981 Coordinator.h:126] commit: 815576 abort: 474664 (0/474664/0), network size: 0, avg network size: 0, si_in_serializable: 0 0 %, local: 0 %
I0912 00:10:59.726054 2954981 Coordinator.h:126] commit: 821318 abort: 477114 (0/477114/0), network size: 0, avg network size: 0, si_in_serializable: 0 0 %, local: 0 %
I0912 00:11:00.726140 2954981 Coordinator.h:126] commit: 816361 abort: 473879 (0/473879/0), network size: 0, avg network size: 0, si_in_serializable: 0 0 %, local: 0 %
I0912 00:11:01.726207 2954981 Coordinator.h:126] commit: 817293 abort: 472947 (0/472947/0), network size: 0, avg network size: 0, si_in_serializable: 0 0 %, local: 0 %
I0912 00:11:02.726272 2954981 Coordinator.h:126] commit: 818612 abort: 475724 (0/475724/0), network size: 0, avg network size: 0, si_in_serializable: 0 0 %, local: 0 %
I0912 00:11:03.726336 2954981 Coordinator.h:126] commit: 813550 abort: 472594 (0/472594/0), network size: 0, avg network size: 0, si_in_serializable: 0 0 %, local: 0 %
I0912 00:11:04.726408 2954981 Coordinator.h:126] commit: 806156 abort: 467700 (0/467700/0), network size: 0, avg network size: 0, si_in_serializable: 0 0 %, local: 0 %
I0912 00:11:05.726471 2954981 Coordinator.h:126] commit: 819102 abort: 475234 (0/475234/0), network size: 0, avg network size: 0, si_in_serializable: 0 0 %, local: 0 %
I0912 00:11:06.726544 2954981 Coordinator.h:126] commit: 733262 abort: 425906 (0/425906/0), network size: 0, avg network size: 0, si_in_serializable: 0 0 %, local: 0 %
I0912 00:11:07.726629 2954981 Coordinator.h:126] commit: 822378 abort: 476054 (0/476054/0), network size: 0, avg network size: 0, si_in_serializable: 0 0 %, local: 0 %
I0912 00:11:08.726701 2954981 Coordinator.h:126] commit: 806518 abort: 467338 (0/467338/0), network size: 0, avg network size: 0, si_in_serializable: 0 0 %, local: 0 %
I0912 00:11:09.726773 2954981 Coordinator.h:126] commit: 814014 abort: 472130 (0/472130/0), network size: 0, avg network size: 0, si_in_serializable: 0 0 %, local: 0 %
I0912 00:11:10.726888 2954981 Coordinator.h:126] commit: 817273 abort: 472967 (0/472967/0), network size: 0, avg network size: 0, si_in_serializable: 0 0 %, local: 0 %
I0912 00:11:10.726914 2954981 Coordinator.h:152] average commit: 809820 abort: 470180 (0/470180/0), network size: 0, avg network size: 0, si_in_serializable: 0 0 %, local: 0 %
I0912 00:11:10.729233 2955009 AriaExecutor.h:94] AriaExecutor 7 exits. 
I0912 00:11:10.729238 2955002 AriaExecutor.h:94] AriaExecutor 0 exits. 
I0912 00:11:10.729234 2955017 AriaExecutor.h:94] AriaExecutor 15 exits. 
I0912 00:11:10.729234 2955011 AriaExecutor.h:94] AriaExecutor 9 exits. 
I0912 00:11:10.729238 2955007 AriaExecutor.h:94] AriaExecutor 5 exits. 
I0912 00:11:10.729259 2955018 Manager.h:227] Manager(worker id = 16) on the coordinator node exits.
I0912 00:11:10.729247 2955016 AriaExecutor.h:94] AriaExecutor 14 exits. 
I0912 00:11:10.729247 2955010 AriaExecutor.h:94] AriaExecutor 8 exits. 
I0912 00:11:10.729233 2955013 AriaExecutor.h:94] AriaExecutor 11 exits. 
I0912 00:11:10.729246 2955008 AriaExecutor.h:94] AriaExecutor 6 exits. 
I0912 00:11:10.729249 2955006 AriaExecutor.h:94] AriaExecutor 4 exits. 
I0912 00:11:10.729255 2955005 AriaExecutor.h:94] AriaExecutor 3 exits. 
I0912 00:11:10.729260 2955003 AriaExecutor.h:94] AriaExecutor 1 exits. 
I0912 00:11:10.729234 2955015 AriaExecutor.h:94] AriaExecutor 13 exits. 
I0912 00:11:10.729247 2955014 AriaExecutor.h:94] AriaExecutor 12 exits. 
I0912 00:11:10.729249 2955012 AriaExecutor.h:94] AriaExecutor 10 exits. 
I0912 00:11:10.729249 2955004 AriaExecutor.h:94] AriaExecutor 2 exits. 
I0912 00:11:10.726923 2954981 AriaExecutor.h:641] Worker 0 latency: 1988 us (50%) 2597 us (75%) 3003 us (95%) 3261 us (99%).
I0912 00:11:10.780500 2954981 AriaExecutor.h:641] Worker 1 latency: 1986 us (50%) 2596 us (75%) 3002 us (95%) 3258 us (99%).
I0912 00:11:10.834801 2954981 AriaExecutor.h:641] Worker 2 latency: 1997 us (50%) 2601 us (75%) 3003 us (95%) 3259 us (99%).
I0912 00:11:10.889439 2954981 AriaExecutor.h:641] Worker 3 latency: 1987 us (50%) 2595 us (75%) 3002 us (95%) 3257 us (99%).
I0912 00:11:10.942245 2954981 AriaExecutor.h:641] Worker 4 latency: 1991 us (50%) 2598 us (75%) 3003 us (95%) 3256 us (99%).
I0912 00:11:10.996119 2954981 AriaExecutor.h:641] Worker 5 latency: 1983 us (50%) 2594 us (75%) 3001 us (95%) 3257 us (99%).
I0912 00:11:11.050143 2954981 AriaExecutor.h:641] Worker 6 latency: 1994 us (50%) 2599 us (75%) 3003 us (95%) 3259 us (99%).
I0912 00:11:11.105222 2954981 AriaExecutor.h:641] Worker 7 latency: 1984 us (50%) 2594 us (75%) 3001 us (95%) 3255 us (99%).
I0912 00:11:11.159261 2954981 AriaExecutor.h:641] Worker 8 latency: 1990 us (50%) 2597 us (75%) 3003 us (95%) 3261 us (99%).
I0912 00:11:11.212663 2954981 AriaExecutor.h:641] Worker 9 latency: 1985 us (50%) 2593 us (75%) 3001 us (95%) 3258 us (99%).
I0912 00:11:11.266901 2954981 AriaExecutor.h:641] Worker 10 latency: 1996 us (50%) 2598 us (75%) 3002 us (95%) 3257 us (99%).
I0912 00:11:11.321099 2954981 AriaExecutor.h:641] Worker 11 latency: 1988 us (50%) 2594 us (75%) 3001 us (95%) 3257 us (99%).
I0912 00:11:11.374102 2954981 AriaExecutor.h:641] Worker 12 latency: 1995 us (50%) 2598 us (75%) 3002 us (95%) 3258 us (99%).
I0912 00:11:11.429410 2954981 AriaExecutor.h:641] Worker 13 latency: 1983 us (50%) 2593 us (75%) 3001 us (95%) 3257 us (99%).
I0912 00:11:11.483007 2954981 AriaExecutor.h:641] Worker 14 latency: 1997 us (50%) 2598 us (75%) 3002 us (95%) 3259 us (99%).
I0912 00:11:11.536919 2954981 AriaExecutor.h:641] Worker 15 latency: 1987 us (50%) 2593 us (75%) 3000 us (95%) 3254 us (99%).
I0912 00:11:11.589372 2954981 Coordinator.h:177] total commit: 809820
I0912 00:11:12.589493 2954981 Coordinator.h:192] Coordinator exits.
