I1126 18:14:09.230185 1072032 Database.h:65] ycsb initialization finished in 30 milliseconds.
I1126 18:14:09.230286 1072032 Coordinator.h:30] Coordinator initializes 12 workers.
I1126 18:14:09.231165 1072032 Coordinator.h:77] Coordinator starts to run 13 workers.
I1126 18:14:09.231216 1072048 AriaExecutor.h:91] AriaExecutor 0 started. 
I1126 18:14:09.231244 1072049 AriaExecutor.h:91] AriaExecutor 1 started. 
I1126 18:14:09.231283 1072050 AriaExecutor.h:91] AriaExecutor 2 started. 
I1126 18:14:09.231326 1072051 AriaExecutor.h:91] AriaExecutor 3 started. 
I1126 18:14:09.231406 1072053 AriaExecutor.h:91] AriaExecutor 5 started. 
I1126 18:14:09.231452 1072054 AriaExecutor.h:91] AriaExecutor 6 started. 
I1126 18:14:09.231496 1072055 AriaExecutor.h:91] AriaExecutor 7 started. 
I1126 18:14:09.231535 1072056 AriaExecutor.h:91] AriaExecutor 8 started. 
I1126 18:14:09.231578 1072057 AriaExecutor.h:91] AriaExecutor 9 started. 
I1126 18:14:09.231611 1072058 AriaExecutor.h:91] AriaExecutor 10 started. 
I1126 18:14:09.231654 1072059 AriaExecutor.h:91] AriaExecutor 11 started. 
I1126 18:14:09.231684 1072052 AriaExecutor.h:91] AriaExecutor 4 started. 
I1126 18:14:09.231688 1072060 Manager.h:224] Manager(worker id = 12) on the coordinator node started.
I1126 18:14:10.231751 1072032 Coordinator.h:126] commit: 1160424 abort: 234576 (0/234576/0), network size: 0, avg network size: 0, si_in_serializable: 0 0 %, local: 0 %
I1126 18:14:11.231854 1072032 Coordinator.h:126] commit: 1147280 abort: 231720 (0/231720/0), network size: 0, avg network size: 0, si_in_serializable: 0 0 %, local: 0 %
I1126 18:14:12.231956 1072032 Coordinator.h:126] commit: 1163669 abort: 235331 (0/235331/0), network size: 0, avg network size: 0, si_in_serializable: 0 0 %, local: 0 %
I1126 18:14:13.232055 1072032 Coordinator.h:126] commit: 1174429 abort: 237571 (0/237571/0), network size: 0, avg network size: 0, si_in_serializable: 0 0 %, local: 0 %
I1126 18:14:14.232167 1072032 Coordinator.h:126] commit: 1177585 abort: 237415 (0/237415/0), network size: 0, avg network size: 0, si_in_serializable: 0 0 %, local: 0 %
I1126 18:14:15.232275 1072032 Coordinator.h:126] commit: 1138431 abort: 229569 (0/229569/0), network size: 0, avg network size: 0, si_in_serializable: 0 0 %, local: 0 %
I1126 18:14:16.232370 1072032 Coordinator.h:126] commit: 1165774 abort: 235226 (0/235226/0), network size: 0, avg network size: 0, si_in_serializable: 0 0 %, local: 0 %
I1126 18:14:17.232455 1072032 Coordinator.h:126] commit: 1178572 abort: 238428 (0/238428/0), network size: 0, avg network size: 0, si_in_serializable: 0 0 %, local: 0 %
I1126 18:14:18.232566 1072032 Coordinator.h:126] commit: 1180747 abort: 239139 (0/239139/0), network size: 0, avg network size: 0, si_in_serializable: 0 0 %, local: 0 %
I1126 18:14:19.232653 1072032 Coordinator.h:126] commit: 1178922 abort: 238192 (0/238192/0), network size: 0, avg network size: 0, si_in_serializable: 0 0 %, local: 0 %
I1126 18:14:20.232733 1072032 Coordinator.h:126] commit: 1101636 abort: 222364 (0/222364/0), network size: 0, avg network size: 0, si_in_serializable: 0 0 %, local: 0 %
I1126 18:14:21.232815 1072032 Coordinator.h:126] commit: 1179233 abort: 237767 (0/237767/0), network size: 0, avg network size: 0, si_in_serializable: 0 0 %, local: 0 %
I1126 18:14:22.232895 1072032 Coordinator.h:126] commit: 1184773 abort: 238227 (0/238227/0), network size: 0, avg network size: 0, si_in_serializable: 0 0 %, local: 0 %
I1126 18:14:23.232975 1072032 Coordinator.h:126] commit: 1174328 abort: 235672 (0/235672/0), network size: 0, avg network size: 0, si_in_serializable: 0 0 %, local: 0 %
I1126 18:14:24.233050 1072032 Coordinator.h:126] commit: 1180785 abort: 238215 (0/238215/0), network size: 0, avg network size: 0, si_in_serializable: 0 0 %, local: 0 %
I1126 18:14:25.233134 1072032 Coordinator.h:126] commit: 1178692 abort: 238308 (0/238308/0), network size: 0, avg network size: 0, si_in_serializable: 0 0 %, local: 0 %
I1126 18:14:26.233235 1072032 Coordinator.h:126] commit: 1167009 abort: 235991 (0/235991/0), network size: 0, avg network size: 0, si_in_serializable: 0 0 %, local: 0 %
I1126 18:14:27.233318 1072032 Coordinator.h:126] commit: 1175230 abort: 236770 (0/236770/0), network size: 0, avg network size: 0, si_in_serializable: 0 0 %, local: 0 %
I1126 18:14:28.233402 1072032 Coordinator.h:126] commit: 1177514 abort: 237486 (0/237486/0), network size: 0, avg network size: 0, si_in_serializable: 0 0 %, local: 0 %
I1126 18:14:29.233498 1072032 Coordinator.h:126] commit: 1178669 abort: 237331 (0/237331/0), network size: 0, avg network size: 0, si_in_serializable: 0 0 %, local: 0 %
I1126 18:14:30.233585 1072032 Coordinator.h:126] commit: 1175266 abort: 236734 (0/236734/0), network size: 0, avg network size: 0, si_in_serializable: 0 0 %, local: 0 %
I1126 18:14:31.233662 1072032 Coordinator.h:126] commit: 1004814 abort: 202186 (0/202186/0), network size: 0, avg network size: 0, si_in_serializable: 0 0 %, local: 0 %
I1126 18:14:32.233736 1072032 Coordinator.h:126] commit: 1181051 abort: 237949 (0/237949/0), network size: 0, avg network size: 0, si_in_serializable: 0 0 %, local: 0 %
I1126 18:14:33.233815 1072032 Coordinator.h:126] commit: 1179572 abort: 237428 (0/237428/0), network size: 0, avg network size: 0, si_in_serializable: 0 0 %, local: 0 %
I1126 18:14:34.233903 1072032 Coordinator.h:126] commit: 1178638 abort: 237362 (0/237362/0), network size: 0, avg network size: 0, si_in_serializable: 0 0 %, local: 0 %
I1126 18:14:34.233922 1072032 Coordinator.h:152] average commit: 1.16979e+06 abort: 235813 (0/235813/0), network size: 0, avg network size: 0, si_in_serializable: 0 0 %, local: 0 %
I1126 18:14:34.234608 1072060 Manager.h:227] Manager(worker id = 12) on the coordinator node exits.
I1126 18:14:34.234611 1072050 AriaExecutor.h:103] AriaExecutor 2 exits. 
I1126 18:14:34.234612 1072056 AriaExecutor.h:103] AriaExecutor 8 exits. 
I1126 18:14:34.234622 1072057 AriaExecutor.h:103] AriaExecutor 9 exits. 
I1126 18:14:34.234612 1072048 AriaExecutor.h:103] AriaExecutor 0 exits. 
I1126 18:14:34.234614 1072058 AriaExecutor.h:103] AriaExecutor 10 exits. 
I1126 18:14:34.234622 1072049 AriaExecutor.h:103] AriaExecutor 1 exits. 
I1126 18:14:34.234622 1072053 AriaExecutor.h:103] AriaExecutor 5 exits. 
I1126 18:14:34.234622 1072059 AriaExecutor.h:103] AriaExecutor 11 exits. 
I1126 18:14:34.234622 1072055 AriaExecutor.h:103] AriaExecutor 7 exits. 
I1126 18:14:34.234611 1072052 AriaExecutor.h:103] AriaExecutor 4 exits. 
I1126 18:14:34.234611 1072054 AriaExecutor.h:103] AriaExecutor 6 exits. 
I1126 18:14:34.234642 1072051 AriaExecutor.h:103] AriaExecutor 3 exits. 
I1126 18:14:34.233930 1072032 AriaExecutor.h:621] Worker 0 latency: 538 us (50%) 588 us (75%) 629 us (95%) 654 us (99%).
I1126 18:14:34.323302 1072032 AriaExecutor.h:621] Worker 1 latency: 536 us (50%) 586 us (75%) 628 us (95%) 653 us (99%).
I1126 18:14:34.412137 1072032 AriaExecutor.h:621] Worker 2 latency: 541 us (50%) 589 us (75%) 629 us (95%) 654 us (99%).
I1126 18:14:34.502146 1072032 AriaExecutor.h:621] Worker 3 latency: 538 us (50%) 587 us (75%) 628 us (95%) 653 us (99%).
I1126 18:14:34.589228 1072032 AriaExecutor.h:621] Worker 4 latency: 540 us (50%) 588 us (75%) 629 us (95%) 654 us (99%).
I1126 18:14:34.678556 1072032 AriaExecutor.h:621] Worker 5 latency: 537 us (50%) 586 us (75%) 627 us (95%) 652 us (99%).
I1126 18:14:34.769790 1072032 AriaExecutor.h:621] Worker 6 latency: 544 us (50%) 589 us (75%) 629 us (95%) 654 us (99%).
I1126 18:14:34.855618 1072032 AriaExecutor.h:621] Worker 7 latency: 538 us (50%) 586 us (75%) 627 us (95%) 653 us (99%).
I1126 18:14:34.942682 1072032 AriaExecutor.h:621] Worker 8 latency: 541 us (50%) 589 us (75%) 629 us (95%) 655 us (99%).
I1126 18:14:35.031282 1072032 AriaExecutor.h:621] Worker 9 latency: 539 us (50%) 587 us (75%) 628 us (95%) 653 us (99%).
I1126 18:14:35.121179 1072032 AriaExecutor.h:621] Worker 10 latency: 543 us (50%) 590 us (75%) 629 us (95%) 655 us (99%).
I1126 18:14:35.208326 1072032 AriaExecutor.h:621] Worker 11 latency: 539 us (50%) 587 us (75%) 628 us (95%) 653 us (99%).
I1126 18:14:35.294080 1072032 Coordinator.h:177] total commit: 1.16979e+06
I1126 18:14:36.294202 1072032 Coordinator.h:192] Coordinator exits.
