I1126 15:28:19.450073 1006503 Database.h:65] ycsb initialization finished in 29 milliseconds.
I1126 15:28:19.450169 1006503 Coordinator.h:30] Coordinator initializes 12 workers.
I1126 15:28:19.451061 1006503 Coordinator.h:77] Coordinator starts to run 13 workers.
I1126 15:28:19.451121 1006519 AriaExecutor.h:95] AriaExecutor 0 started. 
I1126 15:28:19.451161 1006520 AriaExecutor.h:95] AriaExecutor 1 started. 
I1126 15:28:19.451205 1006521 AriaExecutor.h:95] AriaExecutor 2 started. 
I1126 15:28:19.451251 1006522 AriaExecutor.h:95] AriaExecutor 3 started. 
I1126 15:28:19.451324 1006524 AriaExecutor.h:95] AriaExecutor 5 started. 
I1126 15:28:19.451378 1006525 AriaExecutor.h:95] AriaExecutor 6 started. 
I1126 15:28:19.451416 1006526 AriaExecutor.h:95] AriaExecutor 7 started. 
I1126 15:28:19.451455 1006527 AriaExecutor.h:95] AriaExecutor 8 started. 
I1126 15:28:19.451498 1006528 AriaExecutor.h:95] AriaExecutor 9 started. 
I1126 15:28:19.451534 1006529 AriaExecutor.h:95] AriaExecutor 10 started. 
I1126 15:28:19.451581 1006530 AriaExecutor.h:95] AriaExecutor 11 started. 
I1126 15:28:19.451618 1006523 AriaExecutor.h:95] AriaExecutor 4 started. 
I1126 15:28:19.451620 1006531 Manager.h:224] Manager(worker id = 12) on the coordinator node started.
I1126 15:28:20.451684 1006503 Coordinator.h:126] commit: 1166823 abort: 97177 (0/97177/0), network size: 0, avg network size: 0, si_in_serializable: 0 0 %, local: 0 %
I1126 15:28:21.451802 1006503 Coordinator.h:126] commit: 1147051 abort: 95949 (0/95949/0), network size: 0, avg network size: 0, si_in_serializable: 0 0 %, local: 0 %
I1126 15:28:22.451905 1006503 Coordinator.h:126] commit: 1163555 abort: 97445 (0/97445/0), network size: 0, avg network size: 0, si_in_serializable: 0 0 %, local: 0 %
I1126 15:28:23.451989 1006503 Coordinator.h:126] commit: 1176507 abort: 98493 (0/98493/0), network size: 0, avg network size: 0, si_in_serializable: 0 0 %, local: 0 %
I1126 15:28:24.452066 1006503 Coordinator.h:126] commit: 1178283 abort: 98717 (0/98717/0), network size: 0, avg network size: 0, si_in_serializable: 0 0 %, local: 0 %
I1126 15:28:25.452147 1006503 Coordinator.h:126] commit: 1141963 abort: 96037 (0/96037/0), network size: 0, avg network size: 0, si_in_serializable: 0 0 %, local: 0 %
I1126 15:28:26.452243 1006503 Coordinator.h:126] commit: 1162696 abort: 97304 (0/97304/0), network size: 0, avg network size: 0, si_in_serializable: 0 0 %, local: 0 %
I1126 15:28:27.452327 1006503 Coordinator.h:126] commit: 1177257 abort: 98743 (0/98743/0), network size: 0, avg network size: 0, si_in_serializable: 0 0 %, local: 0 %
I1126 15:28:28.452426 1006503 Coordinator.h:126] commit: 1175284 abort: 98716 (0/98716/0), network size: 0, avg network size: 0, si_in_serializable: 0 0 %, local: 0 %
I1126 15:28:29.452512 1006503 Coordinator.h:126] commit: 1176307 abort: 98693 (0/98693/0), network size: 0, avg network size: 0, si_in_serializable: 0 0 %, local: 0 %
I1126 15:28:30.452605 1006503 Coordinator.h:126] commit: 1093049 abort: 91951 (0/91951/0), network size: 0, avg network size: 0, si_in_serializable: 0 0 %, local: 0 %
I1126 15:28:31.452704 1006503 Coordinator.h:126] commit: 1178110 abort: 98890 (0/98890/0), network size: 0, avg network size: 0, si_in_serializable: 0 0 %, local: 0 %
I1126 15:28:32.452783 1006503 Coordinator.h:126] commit: 1175640 abort: 98360 (0/98360/0), network size: 0, avg network size: 0, si_in_serializable: 0 0 %, local: 0 %
I1126 15:28:33.452867 1006503 Coordinator.h:126] commit: 1177231 abort: 98769 (0/98769/0), network size: 0, avg network size: 0, si_in_serializable: 0 0 %, local: 0 %
I1126 15:28:34.452970 1006503 Coordinator.h:126] commit: 1175333 abort: 98667 (0/98667/0), network size: 0, avg network size: 0, si_in_serializable: 0 0 %, local: 0 %
I1126 15:28:35.453068 1006503 Coordinator.h:126] commit: 1173626 abort: 99374 (0/99374/0), network size: 0, avg network size: 0, si_in_serializable: 0 0 %, local: 0 %
I1126 15:28:36.453150 1006503 Coordinator.h:126] commit: 1175876 abort: 98124 (0/98124/0), network size: 0, avg network size: 0, si_in_serializable: 0 0 %, local: 0 %
I1126 15:28:37.453243 1006503 Coordinator.h:126] commit: 1169198 abort: 97802 (0/97802/0), network size: 0, avg network size: 0, si_in_serializable: 0 0 %, local: 0 %
I1126 15:28:38.453325 1006503 Coordinator.h:126] commit: 1175984 abort: 98016 (0/98016/0), network size: 0, avg network size: 0, si_in_serializable: 0 0 %, local: 0 %
I1126 15:28:39.453421 1006503 Coordinator.h:126] commit: 1178246 abort: 98754 (0/98754/0), network size: 0, avg network size: 0, si_in_serializable: 0 0 %, local: 0 %
I1126 15:28:40.453545 1006503 Coordinator.h:126] commit: 1163972 abort: 98028 (0/98028/0), network size: 0, avg network size: 0, si_in_serializable: 0 0 %, local: 0 %
I1126 15:28:41.453651 1006503 Coordinator.h:126] commit: 1009966 abort: 85034 (0/85034/0), network size: 0, avg network size: 0, si_in_serializable: 0 0 %, local: 0 %
I1126 15:28:42.453747 1006503 Coordinator.h:126] commit: 1174784 abort: 98216 (0/98216/0), network size: 0, avg network size: 0, si_in_serializable: 0 0 %, local: 0 %
I1126 15:28:43.453842 1006503 Coordinator.h:126] commit: 1177576 abort: 98424 (0/98424/0), network size: 0, avg network size: 0, si_in_serializable: 0 0 %, local: 0 %
I1126 15:28:44.453920 1006503 Coordinator.h:126] commit: 1175810 abort: 98190 (0/98190/0), network size: 0, avg network size: 0, si_in_serializable: 0 0 %, local: 0 %
I1126 15:28:44.453933 1006503 Coordinator.h:152] average commit: 1.16723e+06 abort: 97870.7 (0/97870.7/0), network size: 0, avg network size: 0, si_in_serializable: 0 0 %, local: 0 %
I1126 15:28:44.454448 1006531 Manager.h:227] Manager(worker id = 12) on the coordinator node exits.
I1126 15:28:44.454450 1006523 AriaExecutor.h:107] AriaExecutor 4 exits. 
I1126 15:28:44.454453 1006521 AriaExecutor.h:107] AriaExecutor 2 exits. 
I1126 15:28:44.454456 1006527 AriaExecutor.h:107] AriaExecutor 8 exits. 
I1126 15:28:44.454463 1006524 AriaExecutor.h:107] AriaExecutor 5 exits. 
I1126 15:28:44.454454 1006525 AriaExecutor.h:107] AriaExecutor 6 exits. 
I1126 15:28:44.454453 1006529 AriaExecutor.h:107] AriaExecutor 10 exits. 
I1126 15:28:44.454463 1006526 AriaExecutor.h:107] AriaExecutor 7 exits. 
I1126 15:28:44.454463 1006530 AriaExecutor.h:107] AriaExecutor 11 exits. 
I1126 15:28:44.454463 1006520 AriaExecutor.h:107] AriaExecutor 1 exits. 
I1126 15:28:44.454463 1006528 AriaExecutor.h:107] AriaExecutor 9 exits. 
I1126 15:28:44.454463 1006522 AriaExecutor.h:107] AriaExecutor 3 exits. 
I1126 15:28:44.454452 1006519 AriaExecutor.h:107] AriaExecutor 0 exits. 
I1126 15:28:44.453941 1006503 AriaExecutor.h:705] Worker 0 latency: 599 us (50%) 652 us (75%) 696 us (95%) 713 us (99%).
I1126 15:28:44.539682 1006503 AriaExecutor.h:705] Worker 1 latency: 597 us (50%) 651 us (75%) 695 us (95%) 711 us (99%).
I1126 15:28:44.628190 1006503 AriaExecutor.h:705] Worker 2 latency: 599 us (50%) 652 us (75%) 696 us (95%) 712 us (99%).
I1126 15:28:44.713164 1006503 AriaExecutor.h:705] Worker 3 latency: 599 us (50%) 652 us (75%) 695 us (95%) 712 us (99%).
I1126 15:28:44.800710 1006503 AriaExecutor.h:705] Worker 4 latency: 599 us (50%) 651 us (75%) 695 us (95%) 712 us (99%).
I1126 15:28:44.885174 1006503 AriaExecutor.h:705] Worker 5 latency: 598 us (50%) 650 us (75%) 695 us (95%) 711 us (99%).
I1126 15:28:44.971853 1006503 AriaExecutor.h:705] Worker 6 latency: 602 us (50%) 652 us (75%) 696 us (95%) 712 us (99%).
I1126 15:28:45.058377 1006503 AriaExecutor.h:705] Worker 7 latency: 599 us (50%) 651 us (75%) 695 us (95%) 711 us (99%).
I1126 15:28:45.143091 1006503 AriaExecutor.h:705] Worker 8 latency: 603 us (50%) 654 us (75%) 696 us (95%) 712 us (99%).
I1126 15:28:45.226485 1006503 AriaExecutor.h:705] Worker 9 latency: 601 us (50%) 652 us (75%) 695 us (95%) 711 us (99%).
I1126 15:28:45.310367 1006503 AriaExecutor.h:705] Worker 10 latency: 603 us (50%) 653 us (75%) 696 us (95%) 712 us (99%).
I1126 15:28:45.399176 1006503 AriaExecutor.h:705] Worker 11 latency: 602 us (50%) 652 us (75%) 695 us (95%) 712 us (99%).
I1126 15:28:45.485512 1006503 Coordinator.h:177] total commit: 1.16723e+06
I1126 15:28:46.485632 1006503 Coordinator.h:192] Coordinator exits.
