I0911 23:14:14.691917 2944310 Database.h:65] ycsb initialization finished in 146 milliseconds.
I0911 23:14:14.692032 2944310 Coordinator.h:30] Coordinator initializes 16 workers.
I0911 23:14:14.722668 2944310 Coordinator.h:77] Coordinator starts to run 17 workers.
I0911 23:14:14.722726 2944330 AriaExecutor.h:82] AriaExecutor 0 started. 
I0911 23:14:14.722756 2944331 AriaExecutor.h:82] AriaExecutor 1 started. 
I0911 23:14:14.722792 2944332 AriaExecutor.h:82] AriaExecutor 2 started. 
I0911 23:14:14.722848 2944333 AriaExecutor.h:82] AriaExecutor 3 started. 
I0911 23:14:14.722875 2944334 AriaExecutor.h:82] AriaExecutor 4 started. 
I0911 23:14:14.722919 2944335 AriaExecutor.h:82] AriaExecutor 5 started. 
I0911 23:14:14.722947 2944336 AriaExecutor.h:82] AriaExecutor 6 started. 
I0911 23:14:14.722990 2944337 AriaExecutor.h:82] AriaExecutor 7 started. 
I0911 23:14:14.723021 2944338 AriaExecutor.h:82] AriaExecutor 8 started. 
I0911 23:14:14.723066 2944339 AriaExecutor.h:82] AriaExecutor 9 started. 
I0911 23:14:14.723110 2944340 AriaExecutor.h:82] AriaExecutor 10 started. 
I0911 23:14:14.723156 2944341 AriaExecutor.h:82] AriaExecutor 11 started. 
I0911 23:14:14.723191 2944342 AriaExecutor.h:82] AriaExecutor 12 started. 
I0911 23:14:14.723233 2944343 AriaExecutor.h:82] AriaExecutor 13 started. 
I0911 23:14:14.723266 2944344 AriaExecutor.h:82] AriaExecutor 14 started. 
I0911 23:14:14.723308 2944345 AriaExecutor.h:82] AriaExecutor 15 started. 
I0911 23:14:14.723353 2944346 Manager.h:224] Manager(worker id = 16) on the coordinator node started.
I0911 23:14:15.723418 2944310 Coordinator.h:126] commit: 100499 abort: 83821 (0/83821/0), network size: 0, avg network size: 0, si_in_serializable: 0 0 %, local: 0 %
I0911 23:14:16.723554 2944310 Coordinator.h:126] commit: 109927 abort: 90777 (0/90777/0), network size: 0, avg network size: 0, si_in_serializable: 0 0 %, local: 0 %
I0911 23:14:17.723641 2944310 Coordinator.h:126] commit: 107620 abort: 88988 (0/88988/0), network size: 0, avg network size: 0, si_in_serializable: 0 0 %, local: 0 %
I0911 23:14:18.723730 2944310 Coordinator.h:126] commit: 109974 abort: 90730 (0/90730/0), network size: 0, avg network size: 0, si_in_serializable: 0 0 %, local: 0 %
I0911 23:14:19.723850 2944310 Coordinator.h:126] commit: 112004 abort: 92796 (0/92796/0), network size: 0, avg network size: 0, si_in_serializable: 0 0 %, local: 0 %
I0911 23:14:20.723939 2944310 Coordinator.h:126] commit: 116124 abort: 95437 (0/95437/0), network size: 0, avg network size: 0, si_in_serializable: 0 0 %, local: 0 %
I0911 23:14:21.724037 2944310 Coordinator.h:126] commit: 114750 abort: 95577 (0/95577/0), network size: 0, avg network size: 0, si_in_serializable: 0 0 %, local: 0 %
I0911 23:14:22.724133 2944310 Coordinator.h:126] commit: 114439 abort: 94457 (0/94457/0), network size: 0, avg network size: 0, si_in_serializable: 0 0 %, local: 0 %
I0911 23:14:23.724228 2944310 Coordinator.h:126] commit: 112180 abort: 92620 (0/92620/0), network size: 0, avg network size: 0, si_in_serializable: 0 0 %, local: 0 %
I0911 23:14:24.724319 2944310 Coordinator.h:126] commit: 112352 abort: 92448 (0/92448/0), network size: 0, avg network size: 0, si_in_serializable: 0 0 %, local: 0 %
I0911 23:14:25.724407 2944310 Coordinator.h:126] commit: 116477 abort: 96515 (0/96515/0), network size: 0, avg network size: 0, si_in_serializable: 0 0 %, local: 0 %
I0911 23:14:26.724519 2944310 Coordinator.h:126] commit: 114673 abort: 94223 (0/94223/0), network size: 0, avg network size: 0, si_in_serializable: 0 0 %, local: 0 %
I0911 23:14:27.724610 2944310 Coordinator.h:126] commit: 116445 abort: 96547 (0/96547/0), network size: 0, avg network size: 0, si_in_serializable: 0 0 %, local: 0 %
I0911 23:14:28.724700 2944310 Coordinator.h:126] commit: 116644 abort: 96348 (0/96348/0), network size: 0, avg network size: 0, si_in_serializable: 0 0 %, local: 0 %
I0911 23:14:29.724776 2944310 Coordinator.h:126] commit: 116868 abort: 96124 (0/96124/0), network size: 0, avg network size: 0, si_in_serializable: 0 0 %, local: 0 %
I0911 23:14:30.724849 2944310 Coordinator.h:126] commit: 116499 abort: 96493 (0/96493/0), network size: 0, avg network size: 0, si_in_serializable: 0 0 %, local: 0 %
I0911 23:14:31.724924 2944310 Coordinator.h:126] commit: 116465 abort: 96527 (0/96527/0), network size: 0, avg network size: 0, si_in_serializable: 0 0 %, local: 0 %
I0911 23:14:32.725013 2944310 Coordinator.h:126] commit: 116500 abort: 96492 (0/96492/0), network size: 0, avg network size: 0, si_in_serializable: 0 0 %, local: 0 %
I0911 23:14:33.725099 2944310 Coordinator.h:126] commit: 116616 abort: 96376 (0/96376/0), network size: 0, avg network size: 0, si_in_serializable: 0 0 %, local: 0 %
I0911 23:14:34.725191 2944310 Coordinator.h:126] commit: 116659 abort: 96333 (0/96333/0), network size: 0, avg network size: 0, si_in_serializable: 0 0 %, local: 0 %
I0911 23:14:35.725288 2944310 Coordinator.h:126] commit: 116936 abort: 96056 (0/96056/0), network size: 0, avg network size: 0, si_in_serializable: 0 0 %, local: 0 %
I0911 23:14:36.725386 2944310 Coordinator.h:126] commit: 116422 abort: 96570 (0/96570/0), network size: 0, avg network size: 0, si_in_serializable: 0 0 %, local: 0 %
I0911 23:14:37.725493 2944310 Coordinator.h:126] commit: 116353 abort: 96639 (0/96639/0), network size: 0, avg network size: 0, si_in_serializable: 0 0 %, local: 0 %
I0911 23:14:38.725579 2944310 Coordinator.h:126] commit: 114207 abort: 94689 (0/94689/0), network size: 0, avg network size: 0, si_in_serializable: 0 0 %, local: 0 %
I0911 23:14:39.725664 2944310 Coordinator.h:126] commit: 114493 abort: 94403 (0/94403/0), network size: 0, avg network size: 0, si_in_serializable: 0 0 %, local: 0 %
I0911 23:14:39.725684 2944310 Coordinator.h:152] average commit: 116385 abort: 96197.8 (0/96197.8/0), network size: 0, avg network size: 0, si_in_serializable: 0 0 %, local: 0 %
I0911 23:14:39.725693 2944310 AriaExecutor.h:641] Worker 0 latency: 15177 us (50%) 16965 us (75%) 18136 us (95%) 20067 us (99%).
I0911 23:14:39.740060 2944342 AriaExecutor.h:94] AriaExecutor 12 exits. 
I0911 23:14:39.740082 2944339 AriaExecutor.h:94] AriaExecutor 9 exits. 
I0911 23:14:39.740064 2944334 AriaExecutor.h:94] AriaExecutor 4 exits. 
I0911 23:14:39.740064 2944338 AriaExecutor.h:94] AriaExecutor 8 exits. 
I0911 23:14:39.740067 2944346 Manager.h:227] Manager(worker id = 16) on the coordinator node exits.
I0911 23:14:39.740065 2944330 AriaExecutor.h:94] AriaExecutor 0 exits. 
I0911 23:14:39.740082 2944337 AriaExecutor.h:94] AriaExecutor 7 exits. 
I0911 23:14:39.740082 2944331 AriaExecutor.h:94] AriaExecutor 1 exits. 
I0911 23:14:39.740060 2944336 AriaExecutor.h:94] AriaExecutor 6 exits. 
I0911 23:14:39.740082 2944335 AriaExecutor.h:94] AriaExecutor 5 exits. 
I0911 23:14:39.740060 2944332 AriaExecutor.h:94] AriaExecutor 2 exits. 
I0911 23:14:39.740082 2944341 AriaExecutor.h:94] AriaExecutor 11 exits. 
I0911 23:14:39.740063 2944344 AriaExecutor.h:94] AriaExecutor 14 exits. 
I0911 23:14:39.740082 2944345 AriaExecutor.h:94] AriaExecutor 15 exits. 
I0911 23:14:39.740082 2944343 AriaExecutor.h:94] AriaExecutor 13 exits. 
I0911 23:14:39.740064 2944340 AriaExecutor.h:94] AriaExecutor 10 exits. 
I0911 23:14:39.740082 2944333 AriaExecutor.h:94] AriaExecutor 3 exits. 
I0911 23:14:39.740342 2944310 AriaExecutor.h:641] Worker 1 latency: 15171 us (50%) 16957 us (75%) 18128 us (95%) 20027 us (99%).
I0911 23:14:39.750826 2944310 AriaExecutor.h:641] Worker 2 latency: 15203 us (50%) 16972 us (75%) 18128 us (95%) 20072 us (99%).
I0911 23:14:39.760258 2944310 AriaExecutor.h:641] Worker 3 latency: 15197 us (50%) 16971 us (75%) 18131 us (95%) 20043 us (99%).
I0911 23:14:39.770664 2944310 AriaExecutor.h:641] Worker 4 latency: 15165 us (50%) 16959 us (75%) 18133 us (95%) 20051 us (99%).
I0911 23:14:39.780256 2944310 AriaExecutor.h:641] Worker 5 latency: 15154 us (50%) 16950 us (75%) 18129 us (95%) 20011 us (99%).
I0911 23:14:39.790704 2944310 AriaExecutor.h:641] Worker 6 latency: 15194 us (50%) 16967 us (75%) 18126 us (95%) 20024 us (99%).
I0911 23:14:39.800189 2944310 AriaExecutor.h:641] Worker 7 latency: 15179 us (50%) 16956 us (75%) 18128 us (95%) 20080 us (99%).
I0911 23:14:39.810617 2944310 AriaExecutor.h:641] Worker 8 latency: 15177 us (50%) 16961 us (75%) 18131 us (95%) 20020 us (99%).
I0911 23:14:39.820160 2944310 AriaExecutor.h:641] Worker 9 latency: 15174 us (50%) 16957 us (75%) 18127 us (95%) 20047 us (99%).
I0911 23:14:39.830540 2944310 AriaExecutor.h:641] Worker 10 latency: 15208 us (50%) 16976 us (75%) 18127 us (95%) 20007 us (99%).
I0911 23:14:39.840237 2944310 AriaExecutor.h:641] Worker 11 latency: 15194 us (50%) 16968 us (75%) 18129 us (95%) 20041 us (99%).
I0911 23:14:39.850744 2944310 AriaExecutor.h:641] Worker 12 latency: 15180 us (50%) 16961 us (75%) 18123 us (95%) 20032 us (99%).
I0911 23:14:39.860198 2944310 AriaExecutor.h:641] Worker 13 latency: 15169 us (50%) 16957 us (75%) 18131 us (95%) 20059 us (99%).
I0911 23:14:39.870612 2944310 AriaExecutor.h:641] Worker 14 latency: 15185 us (50%) 16953 us (75%) 18119 us (95%) 20035 us (99%).
I0911 23:14:39.880275 2944310 AriaExecutor.h:641] Worker 15 latency: 15201 us (50%) 16967 us (75%) 18121 us (95%) 19987 us (99%).
I0911 23:14:39.890753 2944310 Coordinator.h:177] total commit: 116385
I0911 23:14:40.890864 2944310 Coordinator.h:192] Coordinator exits.
