I0911 22:00:27.267196 2930033 Database.h:65] ycsb initialization finished in 146 milliseconds.
I0911 22:00:27.267313 2930033 Coordinator.h:30] Coordinator initializes 16 workers.
I0911 22:00:27.275091 2930033 Coordinator.h:77] Coordinator starts to run 17 workers.
I0911 22:00:27.275135 2930053 AriaExecutor.h:82] AriaExecutor 0 started. 
I0911 22:00:27.275169 2930054 AriaExecutor.h:82] AriaExecutor 1 started. 
I0911 22:00:27.275208 2930055 AriaExecutor.h:82] AriaExecutor 2 started. 
I0911 22:00:27.275261 2930056 AriaExecutor.h:82] AriaExecutor 3 started. 
I0911 22:00:27.275291 2930057 AriaExecutor.h:82] AriaExecutor 4 started. 
I0911 22:00:27.275334 2930058 AriaExecutor.h:82] AriaExecutor 5 started. 
I0911 22:00:27.275365 2930059 AriaExecutor.h:82] AriaExecutor 6 started. 
I0911 22:00:27.275404 2930060 AriaExecutor.h:82] AriaExecutor 7 started. 
I0911 22:00:27.275435 2930061 AriaExecutor.h:82] AriaExecutor 8 started. 
I0911 22:00:27.275494 2930062 AriaExecutor.h:82] AriaExecutor 9 started. 
I0911 22:00:27.275524 2930063 AriaExecutor.h:82] AriaExecutor 10 started. 
I0911 22:00:27.275574 2930064 AriaExecutor.h:82] AriaExecutor 11 started. 
I0911 22:00:27.275607 2930065 AriaExecutor.h:82] AriaExecutor 12 started. 
I0911 22:00:27.275650 2930066 AriaExecutor.h:82] AriaExecutor 13 started. 
I0911 22:00:27.275679 2930067 AriaExecutor.h:82] AriaExecutor 14 started. 
I0911 22:00:27.275728 2930068 AriaExecutor.h:82] AriaExecutor 15 started. 
I0911 22:00:27.275764 2930069 Manager.h:224] Manager(worker id = 16) on the coordinator node started.
I0911 22:00:28.275825 2930033 Coordinator.h:126] commit: 227918 abort: 30130 (0/30130/0), network size: 0, avg network size: 0, si_in_serializable: 0 0 %, local: 0 %
I0911 22:00:29.275942 2930033 Coordinator.h:126] commit: 225834 abort: 30166 (0/30166/0), network size: 0, avg network size: 0, si_in_serializable: 0 0 %, local: 0 %
I0911 22:00:30.276026 2930033 Coordinator.h:126] commit: 219680 abort: 29152 (0/29152/0), network size: 0, avg network size: 0, si_in_serializable: 0 0 %, local: 0 %
I0911 22:00:31.276110 2930033 Coordinator.h:126] commit: 223113 abort: 29815 (0/29815/0), network size: 0, avg network size: 0, si_in_serializable: 0 0 %, local: 0 %
I0911 22:00:32.276221 2930033 Coordinator.h:126] commit: 230309 abort: 30814 (0/30814/0), network size: 0, avg network size: 0, si_in_serializable: 0 0 %, local: 0 %
I0911 22:00:33.276316 2930033 Coordinator.h:126] commit: 232991 abort: 31198 (0/31198/0), network size: 0, avg network size: 0, si_in_serializable: 0 0 %, local: 0 %
I0911 22:00:34.276392 2930033 Coordinator.h:126] commit: 233173 abort: 31019 (0/31019/0), network size: 0, avg network size: 0, si_in_serializable: 0 0 %, local: 0 %
I0911 22:00:35.276465 2930033 Coordinator.h:126] commit: 229373 abort: 30723 (0/30723/0), network size: 0, avg network size: 0, si_in_serializable: 0 0 %, local: 0 %
I0911 22:00:36.276539 2930033 Coordinator.h:126] commit: 225420 abort: 30041 (0/30041/0), network size: 0, avg network size: 0, si_in_serializable: 0 0 %, local: 0 %
I0911 22:00:37.276621 2930033 Coordinator.h:126] commit: 225548 abort: 29967 (0/29967/0), network size: 0, avg network size: 0, si_in_serializable: 0 0 %, local: 0 %
I0911 22:00:38.276701 2930033 Coordinator.h:126] commit: 232161 abort: 31007 (0/31007/0), network size: 0, avg network size: 0, si_in_serializable: 0 0 %, local: 0 %
I0911 22:00:39.276808 2930033 Coordinator.h:126] commit: 232058 abort: 31110 (0/31110/0), network size: 0, avg network size: 0, si_in_serializable: 0 0 %, local: 0 %
I0911 22:00:40.276906 2930033 Coordinator.h:126] commit: 232968 abort: 31224 (0/31224/0), network size: 0, avg network size: 0, si_in_serializable: 0 0 %, local: 0 %
I0911 22:00:41.276983 2930033 Coordinator.h:126] commit: 232900 abort: 31292 (0/31292/0), network size: 0, avg network size: 0, si_in_serializable: 0 0 %, local: 0 %
I0911 22:00:42.277055 2930033 Coordinator.h:126] commit: 233176 abort: 31016 (0/31016/0), network size: 0, avg network size: 0, si_in_serializable: 0 0 %, local: 0 %
I0911 22:00:43.277134 2930033 Coordinator.h:126] commit: 231084 abort: 31060 (0/31060/0), network size: 0, avg network size: 0, si_in_serializable: 0 0 %, local: 0 %
I0911 22:00:44.277215 2930033 Coordinator.h:126] commit: 233256 abort: 30936 (0/30936/0), network size: 0, avg network size: 0, si_in_serializable: 0 0 %, local: 0 %
I0911 22:00:45.277297 2930033 Coordinator.h:126] commit: 233241 abort: 30951 (0/30951/0), network size: 0, avg network size: 0, si_in_serializable: 0 0 %, local: 0 %
I0911 22:00:46.277375 2930033 Coordinator.h:126] commit: 227609 abort: 30439 (0/30439/0), network size: 0, avg network size: 0, si_in_serializable: 0 0 %, local: 0 %
I0911 22:00:47.277451 2930033 Coordinator.h:126] commit: 228686 abort: 30386 (0/30386/0), network size: 0, avg network size: 0, si_in_serializable: 0 0 %, local: 0 %
I0911 22:00:48.277531 2930033 Coordinator.h:126] commit: 232111 abort: 31057 (0/31057/0), network size: 0, avg network size: 0, si_in_serializable: 0 0 %, local: 0 %
I0911 22:00:49.277609 2930033 Coordinator.h:126] commit: 228734 abort: 30338 (0/30338/0), network size: 0, avg network size: 0, si_in_serializable: 0 0 %, local: 0 %
I0911 22:00:50.277709 2930033 Coordinator.h:126] commit: 232157 abort: 31011 (0/31011/0), network size: 0, avg network size: 0, si_in_serializable: 0 0 %, local: 0 %
I0911 22:00:51.277824 2930033 Coordinator.h:126] commit: 233315 abort: 30877 (0/30877/0), network size: 0, avg network size: 0, si_in_serializable: 0 0 %, local: 0 %
I0911 22:00:52.277907 2930033 Coordinator.h:126] commit: 233057 abort: 31135 (0/31135/0), network size: 0, avg network size: 0, si_in_serializable: 0 0 %, local: 0 %
I0911 22:00:52.277920 2930033 Coordinator.h:152] average commit: 231714 abort: 30942.1 (0/30942.1/0), network size: 0, avg network size: 0, si_in_serializable: 0 0 %, local: 0 %
I0911 22:00:52.280894 2930069 Manager.h:227] Manager(worker id = 16) on the coordinator node exits.
I0911 22:00:52.280903 2930053 AriaExecutor.h:94] AriaExecutor 0 exits. 
I0911 22:00:52.280900 2930055 AriaExecutor.h:94] AriaExecutor 2 exits. 
I0911 22:00:52.280913 2930068 AriaExecutor.h:94] AriaExecutor 15 exits. 
I0911 22:00:52.280902 2930059 AriaExecutor.h:94] AriaExecutor 6 exits. 
I0911 22:00:52.280921 2930062 AriaExecutor.h:94] AriaExecutor 9 exits. 
I0911 22:00:52.280920 2930064 AriaExecutor.h:94] AriaExecutor 11 exits. 
I0911 22:00:52.280942 2930056 AriaExecutor.h:94] AriaExecutor 3 exits. 
I0911 22:00:52.280917 2930065 AriaExecutor.h:94] AriaExecutor 12 exits. 
I0911 22:00:52.280922 2930066 AriaExecutor.h:94] AriaExecutor 13 exits. 
I0911 22:00:52.280905 2930061 AriaExecutor.h:94] AriaExecutor 8 exits. 
I0911 22:00:52.280917 2930063 AriaExecutor.h:94] AriaExecutor 10 exits. 
I0911 22:00:52.280932 2930057 AriaExecutor.h:94] AriaExecutor 4 exits. 
I0911 22:00:52.280941 2930058 AriaExecutor.h:94] AriaExecutor 5 exits. 
I0911 22:00:52.280902 2930067 AriaExecutor.h:94] AriaExecutor 14 exits. 
I0911 22:00:52.280922 2930054 AriaExecutor.h:94] AriaExecutor 1 exits. 
I0911 22:00:52.280921 2930060 AriaExecutor.h:94] AriaExecutor 7 exits. 
I0911 22:00:52.277930 2930033 AriaExecutor.h:535] Worker 0 latency: 2669 us (50%) 3228 us (75%) 3648 us (95%) 3743 us (99%).
I0911 22:00:52.294745 2930033 AriaExecutor.h:535] Worker 1 latency: 2669 us (50%) 3225 us (75%) 3647 us (95%) 3741 us (99%).
I0911 22:00:52.311534 2930033 AriaExecutor.h:535] Worker 2 latency: 2691 us (50%) 3239 us (75%) 3651 us (95%) 3744 us (99%).
I0911 22:00:52.328040 2930033 AriaExecutor.h:535] Worker 3 latency: 2676 us (50%) 3229 us (75%) 3648 us (95%) 3742 us (99%).
I0911 22:00:52.344621 2930033 AriaExecutor.h:535] Worker 4 latency: 2664 us (50%) 3223 us (75%) 3647 us (95%) 3742 us (99%).
I0911 22:00:52.361714 2930033 AriaExecutor.h:535] Worker 5 latency: 2662 us (50%) 3224 us (75%) 3647 us (95%) 3742 us (99%).
I0911 22:00:52.378350 2930033 AriaExecutor.h:535] Worker 6 latency: 2662 us (50%) 3222 us (75%) 3647 us (95%) 3741 us (99%).
I0911 22:00:52.394923 2930033 AriaExecutor.h:535] Worker 7 latency: 2675 us (50%) 3231 us (75%) 3648 us (95%) 3742 us (99%).
I0911 22:00:52.411532 2930033 AriaExecutor.h:535] Worker 8 latency: 2670 us (50%) 3227 us (75%) 3648 us (95%) 3743 us (99%).
I0911 22:00:52.427855 2930033 AriaExecutor.h:535] Worker 9 latency: 2665 us (50%) 3224 us (75%) 3646 us (95%) 3740 us (99%).
I0911 22:00:52.444809 2930033 AriaExecutor.h:535] Worker 10 latency: 2688 us (50%) 3237 us (75%) 3651 us (95%) 3745 us (99%).
I0911 22:00:52.461261 2930033 AriaExecutor.h:535] Worker 11 latency: 2675 us (50%) 3229 us (75%) 3647 us (95%) 3740 us (99%).
I0911 22:00:52.477775 2930033 AriaExecutor.h:535] Worker 12 latency: 2684 us (50%) 3235 us (75%) 3649 us (95%) 3743 us (99%).
I0911 22:00:52.494500 2930033 AriaExecutor.h:535] Worker 13 latency: 2661 us (50%) 3222 us (75%) 3647 us (95%) 3741 us (99%).
I0911 22:00:52.511909 2930033 AriaExecutor.h:535] Worker 14 latency: 2691 us (50%) 3237 us (75%) 3650 us (95%) 3744 us (99%).
I0911 22:00:52.528784 2930033 AriaExecutor.h:535] Worker 15 latency: 2677 us (50%) 3229 us (75%) 3647 us (95%) 3741 us (99%).
I0911 22:00:52.545374 2930033 Coordinator.h:177] total commit: 231714
I0911 22:00:53.545490 2930033 Coordinator.h:192] Coordinator exits.
