I1126 15:17:20.460155 999346 Database.h:65] ycsb initialization finished in 29 milliseconds.
I1126 15:17:20.460247 999346 Coordinator.h:30] Coordinator initializes 12 workers.
I1126 15:17:20.461154 999346 Coordinator.h:77] Coordinator starts to run 13 workers.
I1126 15:17:20.461203 999362 AriaExecutor.h:95] AriaExecutor 0 started. 
I1126 15:17:20.461237 999363 AriaExecutor.h:95] AriaExecutor 1 started. 
I1126 15:17:20.461279 999364 AriaExecutor.h:95] AriaExecutor 2 started. 
I1126 15:17:20.461321 999365 AriaExecutor.h:95] AriaExecutor 3 started. 
I1126 15:17:20.461406 999367 AriaExecutor.h:95] AriaExecutor 5 started. 
I1126 15:17:20.461443 999368 AriaExecutor.h:95] AriaExecutor 6 started. 
I1126 15:17:20.461490 999369 AriaExecutor.h:95] AriaExecutor 7 started. 
I1126 15:17:20.461525 999370 AriaExecutor.h:95] AriaExecutor 8 started. 
I1126 15:17:20.461576 999371 AriaExecutor.h:95] AriaExecutor 9 started. 
I1126 15:17:20.461608 999372 AriaExecutor.h:95] AriaExecutor 10 started. 
I1126 15:17:20.461656 999373 AriaExecutor.h:95] AriaExecutor 11 started. 
I1126 15:17:20.461695 999366 AriaExecutor.h:95] AriaExecutor 4 started. 
I1126 15:17:20.461699 999374 Manager.h:224] Manager(worker id = 12) on the coordinator node started.
I1126 15:17:21.461761 999346 Coordinator.h:126] commit: 1227947 abort: 35053 (0/35053/0), network size: 0, avg network size: 0, si_in_serializable: 0 0 %, local: 0 %
I1126 15:17:22.461876 999346 Coordinator.h:126] commit: 1206213 abort: 34787 (0/34787/0), network size: 0, avg network size: 0, si_in_serializable: 0 0 %, local: 0 %
I1126 15:17:23.461969 999346 Coordinator.h:126] commit: 1223666 abort: 35334 (0/35334/0), network size: 0, avg network size: 0, si_in_serializable: 0 0 %, local: 0 %
I1126 15:17:24.462047 999346 Coordinator.h:126] commit: 1242250 abort: 35750 (0/35750/0), network size: 0, avg network size: 0, si_in_serializable: 0 0 %, local: 0 %
I1126 15:17:25.462126 999346 Coordinator.h:126] commit: 1235529 abort: 35471 (0/35471/0), network size: 0, avg network size: 0, si_in_serializable: 0 0 %, local: 0 %
I1126 15:17:26.462219 999346 Coordinator.h:126] commit: 1183846 abort: 34154 (0/34154/0), network size: 0, avg network size: 0, si_in_serializable: 0 0 %, local: 0 %
I1126 15:17:27.462299 999346 Coordinator.h:126] commit: 1237662 abort: 35338 (0/35338/0), network size: 0, avg network size: 0, si_in_serializable: 0 0 %, local: 0 %
I1126 15:17:28.462411 999346 Coordinator.h:126] commit: 1232561 abort: 35439 (0/35439/0), network size: 0, avg network size: 0, si_in_serializable: 0 0 %, local: 0 %
I1126 15:17:29.462491 999346 Coordinator.h:126] commit: 1236387 abort: 35613 (0/35613/0), network size: 0, avg network size: 0, si_in_serializable: 0 0 %, local: 0 %
I1126 15:17:30.462571 999346 Coordinator.h:126] commit: 1236447 abort: 35553 (0/35553/0), network size: 0, avg network size: 0, si_in_serializable: 0 0 %, local: 0 %
I1126 15:17:31.462662 999346 Coordinator.h:126] commit: 1168482 abort: 33518 (0/33518/0), network size: 0, avg network size: 0, si_in_serializable: 0 0 %, local: 0 %
I1126 15:17:32.462738 999346 Coordinator.h:126] commit: 1235586 abort: 35414 (0/35414/0), network size: 0, avg network size: 0, si_in_serializable: 0 0 %, local: 0 %
I1126 15:17:33.462817 999346 Coordinator.h:126] commit: 1222614 abort: 35386 (0/35386/0), network size: 0, avg network size: 0, si_in_serializable: 0 0 %, local: 0 %
I1126 15:17:34.462890 999346 Coordinator.h:126] commit: 1236050 abort: 35709 (0/35709/0), network size: 0, avg network size: 0, si_in_serializable: 0 0 %, local: 0 %
I1126 15:17:35.462993 999346 Coordinator.h:126] commit: 1235914 abort: 35327 (0/35327/0), network size: 0, avg network size: 0, si_in_serializable: 0 0 %, local: 0 %
I1126 15:17:36.463093 999346 Coordinator.h:126] commit: 1233387 abort: 35613 (0/35613/0), network size: 0, avg network size: 0, si_in_serializable: 0 0 %, local: 0 %
I1126 15:17:37.463171 999346 Coordinator.h:126] commit: 1239153 abort: 35847 (0/35847/0), network size: 0, avg network size: 0, si_in_serializable: 0 0 %, local: 0 %
I1126 15:17:38.463243 999346 Coordinator.h:126] commit: 1233271 abort: 35729 (0/35729/0), network size: 0, avg network size: 0, si_in_serializable: 0 0 %, local: 0 %
I1126 15:17:39.463317 999346 Coordinator.h:126] commit: 1238288 abort: 35712 (0/35712/0), network size: 0, avg network size: 0, si_in_serializable: 0 0 %, local: 0 %
I1126 15:17:40.463395 999346 Coordinator.h:126] commit: 1234657 abort: 35343 (0/35343/0), network size: 0, avg network size: 0, si_in_serializable: 0 0 %, local: 0 %
I1126 15:17:41.463487 999346 Coordinator.h:126] commit: 1074949 abort: 31051 (0/31051/0), network size: 0, avg network size: 0, si_in_serializable: 0 0 %, local: 0 %
I1126 15:17:42.463567 999346 Coordinator.h:126] commit: 1235543 abort: 35457 (0/35457/0), network size: 0, avg network size: 0, si_in_serializable: 0 0 %, local: 0 %
I1126 15:17:43.463637 999346 Coordinator.h:126] commit: 1239398 abort: 35846 (0/35846/0), network size: 0, avg network size: 0, si_in_serializable: 0 0 %, local: 0 %
I1126 15:17:44.463712 999346 Coordinator.h:126] commit: 1235061 abort: 35695 (0/35695/0), network size: 0, avg network size: 0, si_in_serializable: 0 0 %, local: 0 %
I1126 15:17:45.463793 999346 Coordinator.h:126] commit: 1238179 abort: 35655 (0/35655/0), network size: 0, avg network size: 0, si_in_serializable: 0 0 %, local: 0 %
I1126 15:17:45.463824 999346 Coordinator.h:152] average commit: 1.22774e+06 abort: 35359.8 (0/35359.8/0), network size: 0, avg network size: 0, si_in_serializable: 0 0 %, local: 0 %
I1126 15:17:45.464601 999368 AriaExecutor.h:107] AriaExecutor 6 exits. 
I1126 15:17:45.464602 999374 Manager.h:227] Manager(worker id = 12) on the coordinator node exits.
I1126 15:17:45.464604 999364 AriaExecutor.h:107] AriaExecutor 2 exits. 
I1126 15:17:45.464603 999370 AriaExecutor.h:107] AriaExecutor 8 exits. 
I1126 15:17:45.464613 999363 AriaExecutor.h:107] AriaExecutor 1 exits. 
I1126 15:17:45.464612 999369 AriaExecutor.h:107] AriaExecutor 7 exits. 
I1126 15:17:45.464613 999367 AriaExecutor.h:107] AriaExecutor 5 exits. 
I1126 15:17:45.464604 999362 AriaExecutor.h:107] AriaExecutor 0 exits. 
I1126 15:17:45.464613 999373 AriaExecutor.h:107] AriaExecutor 11 exits. 
I1126 15:17:45.464613 999365 AriaExecutor.h:107] AriaExecutor 3 exits. 
I1126 15:17:45.464614 999371 AriaExecutor.h:107] AriaExecutor 9 exits. 
I1126 15:17:45.464602 999372 AriaExecutor.h:107] AriaExecutor 10 exits. 
I1126 15:17:45.464604 999366 AriaExecutor.h:107] AriaExecutor 4 exits. 
I1126 15:17:45.463832 999346 AriaExecutor.h:705] Worker 0 latency: 596 us (50%) 649 us (75%) 695 us (95%) 712 us (99%).
I1126 15:17:45.553610 999346 AriaExecutor.h:705] Worker 1 latency: 594 us (50%) 648 us (75%) 694 us (95%) 711 us (99%).
I1126 15:17:45.644407 999346 AriaExecutor.h:705] Worker 2 latency: 596 us (50%) 649 us (75%) 695 us (95%) 712 us (99%).
I1126 15:17:45.734288 999346 AriaExecutor.h:705] Worker 3 latency: 596 us (50%) 649 us (75%) 694 us (95%) 711 us (99%).
I1126 15:17:45.823509 999346 AriaExecutor.h:705] Worker 4 latency: 597 us (50%) 649 us (75%) 695 us (95%) 712 us (99%).
I1126 15:17:45.911680 999346 AriaExecutor.h:705] Worker 5 latency: 595 us (50%) 648 us (75%) 693 us (95%) 710 us (99%).
I1126 15:17:46.001987 999346 AriaExecutor.h:705] Worker 6 latency: 600 us (50%) 651 us (75%) 695 us (95%) 712 us (99%).
I1126 15:17:46.091528 999346 AriaExecutor.h:705] Worker 7 latency: 597 us (50%) 649 us (75%) 694 us (95%) 710 us (99%).
I1126 15:17:46.180619 999346 AriaExecutor.h:705] Worker 8 latency: 600 us (50%) 651 us (75%) 695 us (95%) 712 us (99%).
I1126 15:17:46.270483 999346 AriaExecutor.h:705] Worker 9 latency: 598 us (50%) 649 us (75%) 694 us (95%) 711 us (99%).
I1126 15:17:46.360157 999346 AriaExecutor.h:705] Worker 10 latency: 599 us (50%) 650 us (75%) 695 us (95%) 712 us (99%).
I1126 15:17:46.449254 999346 AriaExecutor.h:705] Worker 11 latency: 598 us (50%) 649 us (75%) 694 us (95%) 711 us (99%).
I1126 15:17:46.538705 999346 Coordinator.h:177] total commit: 1.22774e+06
I1126 15:17:47.538822 999346 Coordinator.h:192] Coordinator exits.
