I1126 16:01:24.550540 1027880 Database.h:65] ycsb initialization finished in 30 milliseconds.
I1126 16:01:24.550647 1027880 Coordinator.h:30] Coordinator initializes 12 workers.
I1126 16:01:24.558192 1027880 Coordinator.h:77] Coordinator starts to run 13 workers.
I1126 16:01:24.558251 1027896 AriaExecutor.h:93] AriaExecutor 0 started. 
I1126 16:01:24.558281 1027897 AriaExecutor.h:93] AriaExecutor 1 started. 
I1126 16:01:24.558323 1027898 AriaExecutor.h:93] AriaExecutor 2 started. 
I1126 16:01:24.558372 1027899 AriaExecutor.h:93] AriaExecutor 3 started. 
I1126 16:01:24.558444 1027901 AriaExecutor.h:93] AriaExecutor 5 started. 
I1126 16:01:24.558486 1027902 AriaExecutor.h:93] AriaExecutor 6 started. 
I1126 16:01:24.558523 1027903 AriaExecutor.h:93] AriaExecutor 7 started. 
I1126 16:01:24.558559 1027904 AriaExecutor.h:93] AriaExecutor 8 started. 
I1126 16:01:24.558607 1027905 AriaExecutor.h:93] AriaExecutor 9 started. 
I1126 16:01:24.558647 1027906 AriaExecutor.h:93] AriaExecutor 10 started. 
I1126 16:01:24.558689 1027907 AriaExecutor.h:93] AriaExecutor 11 started. 
I1126 16:01:24.558730 1027900 AriaExecutor.h:93] AriaExecutor 4 started. 
I1126 16:01:24.558735 1027908 Manager.h:224] Manager(worker id = 12) on the coordinator node started.
I1126 16:01:25.558800 1027880 Coordinator.h:126] commit: 15230 abort: 146770 (0/146770/0), network size: 0, avg network size: 0, si_in_serializable: 0 0 %, local: 0 %
I1126 16:01:26.558925 1027880 Coordinator.h:126] commit: 15111 abort: 146889 (0/146889/0), network size: 0, avg network size: 0, si_in_serializable: 0 0 %, local: 0 %
I1126 16:01:27.559029 1027880 Coordinator.h:126] commit: 15292 abort: 148708 (0/148708/0), network size: 0, avg network size: 0, si_in_serializable: 0 0 %, local: 0 %
I1126 16:01:28.559109 1027880 Coordinator.h:126] commit: 15343 abort: 148657 (0/148657/0), network size: 0, avg network size: 0, si_in_serializable: 0 0 %, local: 0 %
I1126 16:01:29.559180 1027880 Coordinator.h:126] commit: 15439 abort: 149561 (0/149561/0), network size: 0, avg network size: 0, si_in_serializable: 0 0 %, local: 0 %
I1126 16:01:30.559260 1027880 Coordinator.h:126] commit: 15088 abort: 146912 (0/146912/0), network size: 0, avg network size: 0, si_in_serializable: 0 0 %, local: 0 %
I1126 16:01:31.559387 1027880 Coordinator.h:126] commit: 15435 abort: 149565 (0/149565/0), network size: 0, avg network size: 0, si_in_serializable: 0 0 %, local: 0 %
I1126 16:01:32.559480 1027880 Coordinator.h:126] commit: 15257 abort: 148743 (0/148743/0), network size: 0, avg network size: 0, si_in_serializable: 0 0 %, local: 0 %
I1126 16:01:33.559561 1027880 Coordinator.h:126] commit: 15322 abort: 147678 (0/147678/0), network size: 0, avg network size: 0, si_in_serializable: 0 0 %, local: 0 %
I1126 16:01:34.559634 1027880 Coordinator.h:126] commit: 15495 abort: 149505 (0/149505/0), network size: 0, avg network size: 0, si_in_serializable: 0 0 %, local: 0 %
I1126 16:01:35.559736 1027880 Coordinator.h:126] commit: 15421 abort: 148579 (0/148579/0), network size: 0, avg network size: 0, si_in_serializable: 0 0 %, local: 0 %
I1126 16:01:36.559854 1027880 Coordinator.h:126] commit: 15427 abort: 148573 (0/148573/0), network size: 0, avg network size: 0, si_in_serializable: 0 0 %, local: 0 %
I1126 16:01:37.559935 1027880 Coordinator.h:126] commit: 15414 abort: 148586 (0/148586/0), network size: 0, avg network size: 0, si_in_serializable: 0 0 %, local: 0 %
I1126 16:01:38.560009 1027880 Coordinator.h:126] commit: 15432 abort: 149568 (0/149568/0), network size: 0, avg network size: 0, si_in_serializable: 0 0 %, local: 0 %
I1126 16:01:39.560084 1027880 Coordinator.h:126] commit: 15276 abort: 148724 (0/148724/0), network size: 0, avg network size: 0, si_in_serializable: 0 0 %, local: 0 %
I1126 16:01:40.560163 1027880 Coordinator.h:126] commit: 15273 abort: 148727 (0/148727/0), network size: 0, avg network size: 0, si_in_serializable: 0 0 %, local: 0 %
I1126 16:01:41.560261 1027880 Coordinator.h:126] commit: 15449 abort: 149551 (0/149551/0), network size: 0, avg network size: 0, si_in_serializable: 0 0 %, local: 0 %
I1126 16:01:42.560341 1027880 Coordinator.h:126] commit: 15216 abort: 146784 (0/146784/0), network size: 0, avg network size: 0, si_in_serializable: 0 0 %, local: 0 %
I1126 16:01:43.560420 1027880 Coordinator.h:126] commit: 15440 abort: 148560 (0/148560/0), network size: 0, avg network size: 0, si_in_serializable: 0 0 %, local: 0 %
I1126 16:01:44.560616 1027880 Coordinator.h:126] commit: 15298 abort: 148702 (0/148702/0), network size: 0, avg network size: 0, si_in_serializable: 0 0 %, local: 0 %
I1126 16:01:45.560755 1027880 Coordinator.h:126] commit: 15357 abort: 149643 (0/149643/0), network size: 0, avg network size: 0, si_in_serializable: 0 0 %, local: 0 %
I1126 16:01:46.560839 1027880 Coordinator.h:126] commit: 15273 abort: 148727 (0/148727/0), network size: 0, avg network size: 0, si_in_serializable: 0 0 %, local: 0 %
I1126 16:01:47.560915 1027880 Coordinator.h:126] commit: 15493 abort: 149507 (0/149507/0), network size: 0, avg network size: 0, si_in_serializable: 0 0 %, local: 0 %
I1126 16:01:48.560989 1027880 Coordinator.h:126] commit: 15410 abort: 148590 (0/148590/0), network size: 0, avg network size: 0, si_in_serializable: 0 0 %, local: 0 %
I1126 16:01:49.561065 1027880 Coordinator.h:126] commit: 15468 abort: 149532 (0/149532/0), network size: 0, avg network size: 0, si_in_serializable: 0 0 %, local: 0 %
I1126 16:01:49.561075 1027880 Coordinator.h:152] average commit: 15364.6 abort: 148635 (0/148635/0), network size: 0, avg network size: 0, si_in_serializable: 0 0 %, local: 0 %
I1126 16:01:49.561085 1027880 AriaExecutor.h:672] Worker 0 latency: 5870 us (50%) 5944 us (75%) 6023 us (95%) 6101 us (99%).
I1126 16:01:49.565135 1027908 Manager.h:227] Manager(worker id = 12) on the coordinator node exits.
I1126 16:01:49.565138 1027898 AriaExecutor.h:105] AriaExecutor 2 exits. 
I1126 16:01:49.565155 1027903 AriaExecutor.h:105] AriaExecutor 7 exits. 
I1126 16:01:49.565140 1027902 AriaExecutor.h:105] AriaExecutor 6 exits. 
I1126 16:01:49.565137 1027906 AriaExecutor.h:105] AriaExecutor 10 exits. 
I1126 16:01:49.565150 1027905 AriaExecutor.h:105] AriaExecutor 9 exits. 
I1126 16:01:49.565150 1027899 AriaExecutor.h:105] AriaExecutor 3 exits. 
I1126 16:01:49.565150 1027897 AriaExecutor.h:105] AriaExecutor 1 exits. 
I1126 16:01:49.565136 1027896 AriaExecutor.h:105] AriaExecutor 0 exits. 
I1126 16:01:49.565137 1027904 AriaExecutor.h:105] AriaExecutor 8 exits. 
I1126 16:01:49.565137 1027900 AriaExecutor.h:105] AriaExecutor 4 exits. 
I1126 16:01:49.565150 1027901 AriaExecutor.h:105] AriaExecutor 5 exits. 
I1126 16:01:49.565152 1027907 AriaExecutor.h:105] AriaExecutor 11 exits. 
I1126 16:01:49.565479 1027880 AriaExecutor.h:672] Worker 1 latency: 5868 us (50%) 5943 us (75%) 6022 us (95%) 6098 us (99%).
I1126 16:01:49.567166 1027880 AriaExecutor.h:672] Worker 2 latency: 5867 us (50%) 5942 us (75%) 6024 us (95%) 6104 us (99%).
I1126 16:01:49.568843 1027880 AriaExecutor.h:672] Worker 3 latency: 5867 us (50%) 5942 us (75%) 6022 us (95%) 6100 us (99%).
I1126 16:01:49.570539 1027880 AriaExecutor.h:672] Worker 4 latency: 5865 us (50%) 5942 us (75%) 6023 us (95%) 6097 us (99%).
I1126 16:01:49.572360 1027880 AriaExecutor.h:672] Worker 5 latency: 5864 us (50%) 5941 us (75%) 6022 us (95%) 6103 us (99%).
I1126 16:01:49.574045 1027880 AriaExecutor.h:672] Worker 6 latency: 5863 us (50%) 5941 us (75%) 6023 us (95%) 6101 us (99%).
I1126 16:01:49.575784 1027880 AriaExecutor.h:672] Worker 7 latency: 5863 us (50%) 5940 us (75%) 6021 us (95%) 6099 us (99%).
I1126 16:01:49.577416 1027880 AriaExecutor.h:672] Worker 8 latency: 5864 us (50%) 5942 us (75%) 6021 us (95%) 6099 us (99%).
I1126 16:01:49.579154 1027880 AriaExecutor.h:672] Worker 9 latency: 5862 us (50%) 5939 us (75%) 6020 us (95%) 6097 us (99%).
I1126 16:01:49.580747 1027880 AriaExecutor.h:672] Worker 10 latency: 5862 us (50%) 5940 us (75%) 6021 us (95%) 6096 us (99%).
I1126 16:01:49.582419 1027880 AriaExecutor.h:672] Worker 11 latency: 5861 us (50%) 5939 us (75%) 6020 us (95%) 6098 us (99%).
I1126 16:01:49.583973 1027880 Coordinator.h:177] total commit: 15364.6
I1126 16:01:50.584089 1027880 Coordinator.h:192] Coordinator exits.
