I1126 15:52:33.050282 1022485 Database.h:65] ycsb initialization finished in 30 milliseconds.
I1126 15:52:33.050381 1022485 Coordinator.h:30] Coordinator initializes 12 workers.
I1126 15:52:33.058032 1022485 Coordinator.h:77] Coordinator starts to run 13 workers.
I1126 15:52:33.058092 1022501 AriaExecutor.h:93] AriaExecutor 0 started. 
I1126 15:52:33.058127 1022502 AriaExecutor.h:93] AriaExecutor 1 started. 
I1126 15:52:33.058169 1022503 AriaExecutor.h:93] AriaExecutor 2 started. 
I1126 15:52:33.058212 1022504 AriaExecutor.h:93] AriaExecutor 3 started. 
I1126 15:52:33.058297 1022506 AriaExecutor.h:93] AriaExecutor 5 started. 
I1126 15:52:33.058348 1022507 AriaExecutor.h:93] AriaExecutor 6 started. 
I1126 15:52:33.058387 1022508 AriaExecutor.h:93] AriaExecutor 7 started. 
I1126 15:52:33.058423 1022509 AriaExecutor.h:93] AriaExecutor 8 started. 
I1126 15:52:33.058467 1022510 AriaExecutor.h:93] AriaExecutor 9 started. 
I1126 15:52:33.058502 1022511 AriaExecutor.h:93] AriaExecutor 10 started. 
I1126 15:52:33.058552 1022512 AriaExecutor.h:93] AriaExecutor 11 started. 
I1126 15:52:33.058583 1022505 AriaExecutor.h:93] AriaExecutor 4 started. 
I1126 15:52:33.058589 1022513 Manager.h:224] Manager(worker id = 12) on the coordinator node started.
I1126 15:52:34.058652 1022485 Coordinator.h:126] commit: 80149 abort: 145851 (0/145851/0), network size: 0, avg network size: 0, si_in_serializable: 0 0 %, local: 0 %
I1126 15:52:35.058769 1022485 Coordinator.h:126] commit: 80204 abort: 146796 (0/146796/0), network size: 0, avg network size: 0, si_in_serializable: 0 0 %, local: 0 %
I1126 15:52:36.058897 1022485 Coordinator.h:126] commit: 80702 abort: 147298 (0/147298/0), network size: 0, avg network size: 0, si_in_serializable: 0 0 %, local: 0 %
I1126 15:52:37.059011 1022485 Coordinator.h:126] commit: 81603 abort: 148397 (0/148397/0), network size: 0, avg network size: 0, si_in_serializable: 0 0 %, local: 0 %
I1126 15:52:38.059113 1022485 Coordinator.h:126] commit: 81049 abort: 147951 (0/147951/0), network size: 0, avg network size: 0, si_in_serializable: 0 0 %, local: 0 %
I1126 15:52:39.059232 1022485 Coordinator.h:126] commit: 80985 abort: 148015 (0/148015/0), network size: 0, avg network size: 0, si_in_serializable: 0 0 %, local: 0 %
I1126 15:52:40.059338 1022485 Coordinator.h:126] commit: 81331 abort: 148669 (0/148669/0), network size: 0, avg network size: 0, si_in_serializable: 0 0 %, local: 0 %
I1126 15:52:41.059473 1022485 Coordinator.h:126] commit: 81501 abort: 148499 (0/148499/0), network size: 0, avg network size: 0, si_in_serializable: 0 0 %, local: 0 %
I1126 15:52:42.059578 1022485 Coordinator.h:126] commit: 81586 abort: 149414 (0/149414/0), network size: 0, avg network size: 0, si_in_serializable: 0 0 %, local: 0 %
I1126 15:52:43.059662 1022485 Coordinator.h:126] commit: 81479 abort: 148521 (0/148521/0), network size: 0, avg network size: 0, si_in_serializable: 0 0 %, local: 0 %
I1126 15:52:44.059739 1022485 Coordinator.h:126] commit: 81438 abort: 148562 (0/148562/0), network size: 0, avg network size: 0, si_in_serializable: 0 0 %, local: 0 %
I1126 15:52:45.059814 1022485 Coordinator.h:126] commit: 81478 abort: 149522 (0/149522/0), network size: 0, avg network size: 0, si_in_serializable: 0 0 %, local: 0 %
I1126 15:52:46.059895 1022485 Coordinator.h:126] commit: 81350 abort: 148650 (0/148650/0), network size: 0, avg network size: 0, si_in_serializable: 0 0 %, local: 0 %
I1126 15:52:47.059994 1022485 Coordinator.h:126] commit: 81488 abort: 149512 (0/149512/0), network size: 0, avg network size: 0, si_in_serializable: 0 0 %, local: 0 %
I1126 15:52:48.060070 1022485 Coordinator.h:126] commit: 80530 abort: 147470 (0/147470/0), network size: 0, avg network size: 0, si_in_serializable: 0 0 %, local: 0 %
I1126 15:52:49.060165 1022485 Coordinator.h:126] commit: 81651 abort: 149349 (0/149349/0), network size: 0, avg network size: 0, si_in_serializable: 0 0 %, local: 0 %
I1126 15:52:50.060253 1022485 Coordinator.h:126] commit: 81116 abort: 148884 (0/148884/0), network size: 0, avg network size: 0, si_in_serializable: 0 0 %, local: 0 %
I1126 15:52:51.060353 1022485 Coordinator.h:126] commit: 81085 abort: 148915 (0/148915/0), network size: 0, avg network size: 0, si_in_serializable: 0 0 %, local: 0 %
I1126 15:52:52.060451 1022485 Coordinator.h:126] commit: 81206 abort: 148794 (0/148794/0), network size: 0, avg network size: 0, si_in_serializable: 0 0 %, local: 0 %
I1126 15:52:53.060535 1022485 Coordinator.h:126] commit: 80715 abort: 148285 (0/148285/0), network size: 0, avg network size: 0, si_in_serializable: 0 0 %, local: 0 %
I1126 15:52:54.060612 1022485 Coordinator.h:126] commit: 81268 abort: 148732 (0/148732/0), network size: 0, avg network size: 0, si_in_serializable: 0 0 %, local: 0 %
I1126 15:52:55.060689 1022485 Coordinator.h:126] commit: 81057 abort: 148943 (0/148943/0), network size: 0, avg network size: 0, si_in_serializable: 0 0 %, local: 0 %
I1126 15:52:56.060776 1022485 Coordinator.h:126] commit: 81491 abort: 148509 (0/148509/0), network size: 0, avg network size: 0, si_in_serializable: 0 0 %, local: 0 %
I1126 15:52:57.060889 1022485 Coordinator.h:126] commit: 81687 abort: 149313 (0/149313/0), network size: 0, avg network size: 0, si_in_serializable: 0 0 %, local: 0 %
I1126 15:52:58.061004 1022485 Coordinator.h:126] commit: 81201 abort: 148799 (0/148799/0), network size: 0, avg network size: 0, si_in_serializable: 0 0 %, local: 0 %
I1126 15:52:58.061046 1022485 Coordinator.h:152] average commit: 81205.7 abort: 148794 (0/148794/0), network size: 0, avg network size: 0, si_in_serializable: 0 0 %, local: 0 %
I1126 15:52:58.063207 1022513 Manager.h:227] Manager(worker id = 12) on the coordinator node exits.
I1126 15:52:58.063212 1022503 AriaExecutor.h:105] AriaExecutor 2 exits. 
I1126 15:52:58.063210 1022505 AriaExecutor.h:105] AriaExecutor 4 exits. 
I1126 15:52:58.063216 1022509 AriaExecutor.h:105] AriaExecutor 8 exits. 
I1126 15:52:58.063210 1022511 AriaExecutor.h:105] AriaExecutor 10 exits. 
I1126 15:52:58.063223 1022502 AriaExecutor.h:105] AriaExecutor 1 exits. 
I1126 15:52:58.063223 1022508 AriaExecutor.h:105] AriaExecutor 7 exits. 
I1126 15:52:58.063225 1022512 AriaExecutor.h:105] AriaExecutor 11 exits. 
I1126 15:52:58.063225 1022510 AriaExecutor.h:105] AriaExecutor 9 exits. 
I1126 15:52:58.063225 1022506 AriaExecutor.h:105] AriaExecutor 5 exits. 
I1126 15:52:58.063223 1022504 AriaExecutor.h:105] AriaExecutor 3 exits. 
I1126 15:52:58.063211 1022507 AriaExecutor.h:105] AriaExecutor 6 exits. 
I1126 15:52:58.063210 1022501 AriaExecutor.h:105] AriaExecutor 0 exits. 
I1126 15:52:58.061055 1022485 AriaExecutor.h:672] Worker 0 latency: 3783 us (50%) 4034 us (75%) 4195 us (95%) 4260 us (99%).
I1126 15:52:58.069873 1022485 AriaExecutor.h:672] Worker 1 latency: 3782 us (50%) 4033 us (75%) 4195 us (95%) 4258 us (99%).
I1126 15:52:58.078488 1022485 AriaExecutor.h:672] Worker 2 latency: 3784 us (50%) 4033 us (75%) 4195 us (95%) 4260 us (99%).
I1126 15:52:58.087154 1022485 AriaExecutor.h:672] Worker 3 latency: 3779 us (50%) 4032 us (75%) 4195 us (95%) 4258 us (99%).
I1126 15:52:58.095595 1022485 AriaExecutor.h:672] Worker 4 latency: 3782 us (50%) 4034 us (75%) 4195 us (95%) 4259 us (99%).
I1126 15:52:58.104262 1022485 AriaExecutor.h:672] Worker 5 latency: 3781 us (50%) 4033 us (75%) 4195 us (95%) 4259 us (99%).
I1126 15:52:58.112884 1022485 AriaExecutor.h:672] Worker 6 latency: 3784 us (50%) 4033 us (75%) 4195 us (95%) 4258 us (99%).
I1126 15:52:58.121587 1022485 AriaExecutor.h:672] Worker 7 latency: 3784 us (50%) 4034 us (75%) 4194 us (95%) 4257 us (99%).
I1126 15:52:58.130254 1022485 AriaExecutor.h:672] Worker 8 latency: 3780 us (50%) 4033 us (75%) 4195 us (95%) 4260 us (99%).
I1126 15:52:58.138739 1022485 AriaExecutor.h:672] Worker 9 latency: 3780 us (50%) 4032 us (75%) 4195 us (95%) 4259 us (99%).
I1126 15:52:58.147151 1022485 AriaExecutor.h:672] Worker 10 latency: 3782 us (50%) 4033 us (75%) 4194 us (95%) 4258 us (99%).
I1126 15:52:58.155648 1022485 AriaExecutor.h:672] Worker 11 latency: 3777 us (50%) 4031 us (75%) 4194 us (95%) 4258 us (99%).
I1126 15:52:58.163998 1022485 Coordinator.h:177] total commit: 81205.7
I1126 15:52:59.164120 1022485 Coordinator.h:192] Coordinator exits.
