I1126 14:10:55.549152 959661 Database.h:65] ycsb initialization finished in 30 milliseconds.
I1126 14:10:55.549252 959661 Coordinator.h:30] Coordinator initializes 12 workers.
I1126 14:10:55.556063 959661 Coordinator.h:77] Coordinator starts to run 13 workers.
I1126 14:10:55.556113 959677 AriaExecutor.h:91] AriaExecutor 0 started. 
I1126 14:10:55.556146 959678 AriaExecutor.h:91] AriaExecutor 1 started. 
I1126 14:10:55.556186 959679 AriaExecutor.h:91] AriaExecutor 2 started. 
I1126 14:10:55.556233 959680 AriaExecutor.h:91] AriaExecutor 3 started. 
I1126 14:10:55.556316 959682 AriaExecutor.h:91] AriaExecutor 5 started. 
I1126 14:10:55.556349 959683 AriaExecutor.h:91] AriaExecutor 6 started. 
I1126 14:10:55.556397 959684 AriaExecutor.h:91] AriaExecutor 7 started. 
I1126 14:10:55.556437 959685 AriaExecutor.h:91] AriaExecutor 8 started. 
I1126 14:10:55.556479 959686 AriaExecutor.h:91] AriaExecutor 9 started. 
I1126 14:10:55.556514 959687 AriaExecutor.h:91] AriaExecutor 10 started. 
I1126 14:10:55.556560 959688 AriaExecutor.h:91] AriaExecutor 11 started. 
I1126 14:10:55.556586 959681 AriaExecutor.h:91] AriaExecutor 4 started. 
I1126 14:10:55.556589 959689 Manager.h:224] Manager(worker id = 12) on the coordinator node started.
I1126 14:10:56.556656 959661 Coordinator.h:126] commit: 928363 abort: 371637 (0/371637/0), network size: 0, avg network size: 0, si_in_serializable: 0 0 %, local: 0 %
I1126 14:10:57.556774 959661 Coordinator.h:126] commit: 921686 abort: 368314 (0/368314/0), network size: 0, avg network size: 0, si_in_serializable: 0 0 %, local: 0 %
I1126 14:10:58.556891 959661 Coordinator.h:126] commit: 936524 abort: 373476 (0/373476/0), network size: 0, avg network size: 0, si_in_serializable: 0 0 %, local: 0 %
I1126 14:10:59.556984 959661 Coordinator.h:126] commit: 935602 abort: 374398 (0/374398/0), network size: 0, avg network size: 0, si_in_serializable: 0 0 %, local: 0 %
I1126 14:11:00.557078 959661 Coordinator.h:126] commit: 935894 abort: 374106 (0/374106/0), network size: 0, avg network size: 0, si_in_serializable: 0 0 %, local: 0 %
I1126 14:11:01.557183 959661 Coordinator.h:126] commit: 935603 abort: 373290 (0/373290/0), network size: 0, avg network size: 0, si_in_serializable: 0 0 %, local: 0 %
I1126 14:11:02.557291 959661 Coordinator.h:126] commit: 915116 abort: 365991 (0/365991/0), network size: 0, avg network size: 0, si_in_serializable: 0 0 %, local: 0 %
I1126 14:11:03.557404 959661 Coordinator.h:126] commit: 936693 abort: 373307 (0/373307/0), network size: 0, avg network size: 0, si_in_serializable: 0 0 %, local: 0 %
I1126 14:11:04.557510 959661 Coordinator.h:126] commit: 942894 abort: 377106 (0/377106/0), network size: 0, avg network size: 0, si_in_serializable: 0 0 %, local: 0 %
I1126 14:11:05.557618 959661 Coordinator.h:126] commit: 935809 abort: 374191 (0/374191/0), network size: 0, avg network size: 0, si_in_serializable: 0 0 %, local: 0 %
I1126 14:11:06.557715 959661 Coordinator.h:126] commit: 936444 abort: 374089 (0/374089/0), network size: 0, avg network size: 0, si_in_serializable: 0 0 %, local: 0 %
I1126 14:11:07.557792 959661 Coordinator.h:126] commit: 942837 abort: 376630 (0/376630/0), network size: 0, avg network size: 0, si_in_serializable: 0 0 %, local: 0 %
I1126 14:11:08.557878 959661 Coordinator.h:126] commit: 928817 abort: 371183 (0/371183/0), network size: 0, avg network size: 0, si_in_serializable: 0 0 %, local: 0 %
I1126 14:11:09.557976 959661 Coordinator.h:126] commit: 893915 abort: 356085 (0/356085/0), network size: 0, avg network size: 0, si_in_serializable: 0 0 %, local: 0 %
I1126 14:11:10.558079 959661 Coordinator.h:126] commit: 943319 abort: 376681 (0/376681/0), network size: 0, avg network size: 0, si_in_serializable: 0 0 %, local: 0 %
I1126 14:11:11.558159 959661 Coordinator.h:126] commit: 936467 abort: 373533 (0/373533/0), network size: 0, avg network size: 0, si_in_serializable: 0 0 %, local: 0 %
I1126 14:11:12.558252 959661 Coordinator.h:126] commit: 936128 abort: 373872 (0/373872/0), network size: 0, avg network size: 0, si_in_serializable: 0 0 %, local: 0 %
I1126 14:11:13.558326 959661 Coordinator.h:126] commit: 930784 abort: 370721 (0/370721/0), network size: 0, avg network size: 0, si_in_serializable: 0 0 %, local: 0 %
I1126 14:11:14.558403 959661 Coordinator.h:126] commit: 941702 abort: 376793 (0/376793/0), network size: 0, avg network size: 0, si_in_serializable: 0 0 %, local: 0 %
I1126 14:11:15.558483 959661 Coordinator.h:126] commit: 935101 abort: 374899 (0/374899/0), network size: 0, avg network size: 0, si_in_serializable: 0 0 %, local: 0 %
I1126 14:11:16.558568 959661 Coordinator.h:126] commit: 936147 abort: 373853 (0/373853/0), network size: 0, avg network size: 0, si_in_serializable: 0 0 %, local: 0 %
I1126 14:11:17.558647 959661 Coordinator.h:126] commit: 936072 abort: 373928 (0/373928/0), network size: 0, avg network size: 0, si_in_serializable: 0 0 %, local: 0 %
I1126 14:11:18.558722 959661 Coordinator.h:126] commit: 943566 abort: 376434 (0/376434/0), network size: 0, avg network size: 0, si_in_serializable: 0 0 %, local: 0 %
I1126 14:11:19.558809 959661 Coordinator.h:126] commit: 936021 abort: 373979 (0/373979/0), network size: 0, avg network size: 0, si_in_serializable: 0 0 %, local: 0 %
I1126 14:11:20.558909 959661 Coordinator.h:126] commit: 936016 abort: 373984 (0/373984/0), network size: 0, avg network size: 0, si_in_serializable: 0 0 %, local: 0 %
I1126 14:11:20.558939 959661 Coordinator.h:152] average commit: 932551 abort: 372449 (0/372449/0), network size: 0, avg network size: 0, si_in_serializable: 0 0 %, local: 0 %
I1126 14:11:20.564899 959689 Manager.h:227] Manager(worker id = 12) on the coordinator node exits.
I1126 14:11:20.564910 959679 AriaExecutor.h:103] AriaExecutor 2 exits. 
I1126 14:11:20.564913 959686 AriaExecutor.h:103] AriaExecutor 9 exits. 
I1126 14:11:20.564910 959677 AriaExecutor.h:103] AriaExecutor 0 exits. 
I1126 14:11:20.564901 959685 AriaExecutor.h:103] AriaExecutor 8 exits. 
I1126 14:11:20.564911 959683 AriaExecutor.h:103] AriaExecutor 6 exits. 
I1126 14:11:20.564911 959684 AriaExecutor.h:103] AriaExecutor 7 exits. 
I1126 14:11:20.564900 959687 AriaExecutor.h:103] AriaExecutor 10 exits. 
I1126 14:11:20.564914 959678 AriaExecutor.h:103] AriaExecutor 1 exits. 
I1126 14:11:20.564910 959681 AriaExecutor.h:103] AriaExecutor 4 exits. 
I1126 14:11:20.564911 959682 AriaExecutor.h:103] AriaExecutor 5 exits. 
I1126 14:11:20.564913 959680 AriaExecutor.h:103] AriaExecutor 3 exits. 
I1126 14:11:20.564914 959688 AriaExecutor.h:103] AriaExecutor 11 exits. 
I1126 14:11:20.558947 959661 AriaExecutor.h:649] Worker 0 latency: 5980 us (50%) 6419 us (75%) 6727 us (95%) 6829 us (99%).
I1126 14:11:20.635838 959661 AriaExecutor.h:649] Worker 1 latency: 5974 us (50%) 6419 us (75%) 6728 us (95%) 6830 us (99%).
I1126 14:11:20.720330 959661 AriaExecutor.h:649] Worker 2 latency: 5991 us (50%) 6424 us (75%) 6727 us (95%) 6828 us (99%).
I1126 14:11:20.795395 959661 AriaExecutor.h:649] Worker 3 latency: 5968 us (50%) 6417 us (75%) 6727 us (95%) 6828 us (99%).
I1126 14:11:20.879549 959661 AriaExecutor.h:649] Worker 4 latency: 5977 us (50%) 6416 us (75%) 6724 us (95%) 6826 us (99%).
I1126 14:11:20.955157 959661 AriaExecutor.h:649] Worker 5 latency: 5973 us (50%) 6417 us (75%) 6727 us (95%) 6829 us (99%).
I1126 14:11:21.039039 959661 AriaExecutor.h:649] Worker 6 latency: 5991 us (50%) 6425 us (75%) 6729 us (95%) 6832 us (99%).
I1126 14:11:21.113790 959661 AriaExecutor.h:649] Worker 7 latency: 5974 us (50%) 6420 us (75%) 6729 us (95%) 6831 us (99%).
I1126 14:11:21.196784 959661 AriaExecutor.h:649] Worker 8 latency: 5979 us (50%) 6419 us (75%) 6728 us (95%) 6831 us (99%).
I1126 14:11:21.272696 959661 AriaExecutor.h:649] Worker 9 latency: 5976 us (50%) 6419 us (75%) 6728 us (95%) 6829 us (99%).
I1126 14:11:21.357790 959661 AriaExecutor.h:649] Worker 10 latency: 5990 us (50%) 6424 us (75%) 6729 us (95%) 6830 us (99%).
I1126 14:11:21.434023 959661 AriaExecutor.h:649] Worker 11 latency: 5972 us (50%) 6417 us (75%) 6728 us (95%) 6829 us (99%).
I1126 14:11:21.517177 959661 Coordinator.h:177] total commit: 932551
I1126 14:11:22.517289 959661 Coordinator.h:192] Coordinator exits.
