I0911 23:41:38.970638 2949463 Database.h:65] ycsb initialization finished in 146 milliseconds.
I0911 23:41:38.970759 2949463 Coordinator.h:30] Coordinator initializes 16 workers.
I0911 23:41:39.001273 2949463 Coordinator.h:77] Coordinator starts to run 17 workers.
I0911 23:41:39.001333 2949484 AriaExecutor.h:82] AriaExecutor 0 started. 
I0911 23:41:39.001363 2949485 AriaExecutor.h:82] AriaExecutor 1 started. 
I0911 23:41:39.001406 2949486 AriaExecutor.h:82] AriaExecutor 2 started. 
I0911 23:41:39.001457 2949487 AriaExecutor.h:82] AriaExecutor 3 started. 
I0911 23:41:39.001482 2949488 AriaExecutor.h:82] AriaExecutor 4 started. 
I0911 23:41:39.001533 2949489 AriaExecutor.h:82] AriaExecutor 5 started. 
I0911 23:41:39.001559 2949490 AriaExecutor.h:82] AriaExecutor 6 started. 
I0911 23:41:39.001605 2949491 AriaExecutor.h:82] AriaExecutor 7 started. 
I0911 23:41:39.001629 2949492 AriaExecutor.h:82] AriaExecutor 8 started. 
I0911 23:41:39.001677 2949493 AriaExecutor.h:82] AriaExecutor 9 started. 
I0911 23:41:39.001708 2949494 AriaExecutor.h:82] AriaExecutor 10 started. 
I0911 23:41:39.001763 2949495 AriaExecutor.h:82] AriaExecutor 11 started. 
I0911 23:41:39.001796 2949496 AriaExecutor.h:82] AriaExecutor 12 started. 
I0911 23:41:39.001837 2949497 AriaExecutor.h:82] AriaExecutor 13 started. 
I0911 23:41:39.001873 2949498 AriaExecutor.h:82] AriaExecutor 14 started. 
I0911 23:41:39.001916 2949499 AriaExecutor.h:82] AriaExecutor 15 started. 
I0911 23:41:39.001947 2949500 Manager.h:224] Manager(worker id = 16) on the coordinator node started.
I0911 23:41:40.001993 2949463 Coordinator.h:126] commit: 1294926 abort: 11698 (0/11698/0), network size: 0, avg network size: 0, si_in_serializable: 0 0 %, local: 0 %
I0911 23:41:41.002089 2949463 Coordinator.h:126] commit: 1286898 abort: 11534 (0/11534/0), network size: 0, avg network size: 0, si_in_serializable: 0 0 %, local: 0 %
I0911 23:41:42.002166 2949463 Coordinator.h:126] commit: 1246131 abort: 11341 (0/11341/0), network size: 0, avg network size: 0, si_in_serializable: 0 0 %, local: 0 %
I0911 23:41:43.002235 2949463 Coordinator.h:126] commit: 1242432 abort: 10944 (0/10944/0), network size: 0, avg network size: 0, si_in_serializable: 0 0 %, local: 0 %
I0911 23:41:44.002326 2949463 Coordinator.h:126] commit: 1295360 abort: 11264 (0/11264/0), network size: 0, avg network size: 0, si_in_serializable: 0 0 %, local: 0 %
I0911 23:41:45.002390 2949463 Coordinator.h:126] commit: 1307342 abort: 11570 (0/11570/0), network size: 0, avg network size: 0, si_in_serializable: 0 0 %, local: 0 %
I0911 23:41:46.002450 2949463 Coordinator.h:126] commit: 1286914 abort: 11518 (0/11518/0), network size: 0, avg network size: 0, si_in_serializable: 0 0 %, local: 0 %
I0911 23:41:47.002530 2949463 Coordinator.h:126] commit: 1302986 abort: 11830 (0/11830/0), network size: 0, avg network size: 0, si_in_serializable: 0 0 %, local: 0 %
I0911 23:41:48.002593 2949463 Coordinator.h:126] commit: 1307149 abort: 11763 (0/11763/0), network size: 0, avg network size: 0, si_in_serializable: 0 0 %, local: 0 %
I0911 23:41:49.002655 2949463 Coordinator.h:126] commit: 1294948 abort: 11676 (0/11676/0), network size: 0, avg network size: 0, si_in_serializable: 0 0 %, local: 0 %
I0911 23:41:50.002714 2949463 Coordinator.h:126] commit: 1307248 abort: 11664 (0/11664/0), network size: 0, avg network size: 0, si_in_serializable: 0 0 %, local: 0 %
I0911 23:41:51.002774 2949463 Coordinator.h:126] commit: 1266589 abort: 11363 (0/11363/0), network size: 0, avg network size: 0, si_in_serializable: 0 0 %, local: 0 %
I0911 23:41:52.002840 2949463 Coordinator.h:126] commit: 1307293 abort: 11619 (0/11619/0), network size: 0, avg network size: 0, si_in_serializable: 0 0 %, local: 0 %
I0911 23:41:53.002898 2949463 Coordinator.h:126] commit: 1238079 abort: 11201 (0/11201/0), network size: 0, avg network size: 0, si_in_serializable: 0 0 %, local: 0 %
I0911 23:41:54.002980 2949463 Coordinator.h:126] commit: 1303185 abort: 11631 (0/11631/0), network size: 0, avg network size: 0, si_in_serializable: 0 0 %, local: 0 %
I0911 23:41:55.003046 2949463 Coordinator.h:126] commit: 1303113 abort: 11703 (0/11703/0), network size: 0, avg network size: 0, si_in_serializable: 0 0 %, local: 0 %
I0911 23:41:56.003110 2949463 Coordinator.h:126] commit: 1303182 abort: 11634 (0/11634/0), network size: 0, avg network size: 0, si_in_serializable: 0 0 %, local: 0 %
I0911 23:41:57.003175 2949463 Coordinator.h:126] commit: 1303105 abort: 11721 (0/11721/0), network size: 0, avg network size: 0, si_in_serializable: 0 0 %, local: 0 %
I0911 23:41:58.003235 2949463 Coordinator.h:126] commit: 1303072 abort: 11734 (0/11734/0), network size: 0, avg network size: 0, si_in_serializable: 0 0 %, local: 0 %
I0911 23:41:59.003295 2949463 Coordinator.h:126] commit: 1307088 abort: 11824 (0/11824/0), network size: 0, avg network size: 0, si_in_serializable: 0 0 %, local: 0 %
I0911 23:42:00.003358 2949463 Coordinator.h:126] commit: 1294883 abort: 11741 (0/11741/0), network size: 0, avg network size: 0, si_in_serializable: 0 0 %, local: 0 %
I0911 23:42:01.003419 2949463 Coordinator.h:126] commit: 1303173 abort: 11643 (0/11643/0), network size: 0, avg network size: 0, si_in_serializable: 0 0 %, local: 0 %
I0911 23:42:02.003477 2949463 Coordinator.h:126] commit: 1307260 abort: 11652 (0/11652/0), network size: 0, avg network size: 0, si_in_serializable: 0 0 %, local: 0 %
I0911 23:42:03.003537 2949463 Coordinator.h:126] commit: 1303096 abort: 11720 (0/11720/0), network size: 0, avg network size: 0, si_in_serializable: 0 0 %, local: 0 %
I0911 23:42:04.003602 2949463 Coordinator.h:126] commit: 1278864 abort: 11376 (0/11376/0), network size: 0, avg network size: 0, si_in_serializable: 0 0 %, local: 0 %
I0911 23:42:04.003613 2949463 Coordinator.h:152] average commit: 1.2942e+06 abort: 11609.4 (0/11609.4/0), network size: 0, avg network size: 0, si_in_serializable: 0 0 %, local: 0 %
I0911 23:42:04.006182 2949488 AriaExecutor.h:94] AriaExecutor 4 exits. 
I0911 23:42:04.006191 2949484 AriaExecutor.h:94] AriaExecutor 0 exits. 
I0911 23:42:04.006188 2949496 AriaExecutor.h:94] AriaExecutor 12 exits. 
I0911 23:42:04.006201 2949485 AriaExecutor.h:94] AriaExecutor 1 exits. 
I0911 23:42:04.006193 2949500 Manager.h:227] Manager(worker id = 16) on the coordinator node exits.
I0911 23:42:04.006188 2949494 AriaExecutor.h:94] AriaExecutor 10 exits. 
I0911 23:42:04.006191 2949486 AriaExecutor.h:94] AriaExecutor 2 exits. 
I0911 23:42:04.006201 2949495 AriaExecutor.h:94] AriaExecutor 11 exits. 
I0911 23:42:04.006201 2949487 AriaExecutor.h:94] AriaExecutor 3 exits. 
I0911 23:42:04.006206 2949489 AriaExecutor.h:94] AriaExecutor 5 exits. 
I0911 23:42:04.006206 2949491 AriaExecutor.h:94] AriaExecutor 7 exits. 
I0911 23:42:04.006189 2949492 AriaExecutor.h:94] AriaExecutor 8 exits. 
I0911 23:42:04.006207 2949497 AriaExecutor.h:94] AriaExecutor 13 exits. 
I0911 23:42:04.006208 2949499 AriaExecutor.h:94] AriaExecutor 15 exits. 
I0911 23:42:04.006208 2949493 AriaExecutor.h:94] AriaExecutor 9 exits. 
I0911 23:42:04.006192 2949498 AriaExecutor.h:94] AriaExecutor 14 exits. 
I0911 23:42:04.006188 2949490 AriaExecutor.h:94] AriaExecutor 6 exits. 
I0911 23:42:04.003625 2949463 AriaExecutor.h:641] Worker 0 latency: 1796 us (50%) 2398 us (75%) 2882 us (95%) 2982 us (99%).
I0911 23:42:04.086642 2949463 AriaExecutor.h:641] Worker 1 latency: 1797 us (50%) 2398 us (75%) 2880 us (95%) 2981 us (99%).
I0911 23:42:04.178261 2949463 AriaExecutor.h:641] Worker 2 latency: 1810 us (50%) 2404 us (75%) 2883 us (95%) 2982 us (99%).
I0911 23:42:04.260993 2949463 AriaExecutor.h:641] Worker 3 latency: 1800 us (50%) 2399 us (75%) 2880 us (95%) 2980 us (99%).
I0911 23:42:04.352142 2949463 AriaExecutor.h:641] Worker 4 latency: 1802 us (50%) 2401 us (75%) 2882 us (95%) 2982 us (99%).
I0911 23:42:04.435424 2949463 AriaExecutor.h:641] Worker 5 latency: 1792 us (50%) 2395 us (75%) 2880 us (95%) 2981 us (99%).
I0911 23:42:04.526626 2949463 AriaExecutor.h:641] Worker 6 latency: 1810 us (50%) 2404 us (75%) 2883 us (95%) 2982 us (99%).
I0911 23:42:04.609660 2949463 AriaExecutor.h:641] Worker 7 latency: 1799 us (50%) 2399 us (75%) 2880 us (95%) 2981 us (99%).
I0911 23:42:04.700584 2949463 AriaExecutor.h:641] Worker 8 latency: 1802 us (50%) 2400 us (75%) 2881 us (95%) 2982 us (99%).
I0911 23:42:04.785048 2949463 AriaExecutor.h:641] Worker 9 latency: 1793 us (50%) 2395 us (75%) 2878 us (95%) 2980 us (99%).
I0911 23:42:04.875329 2949463 AriaExecutor.h:641] Worker 10 latency: 1811 us (50%) 2404 us (75%) 2882 us (95%) 2982 us (99%).
I0911 23:42:04.957907 2949463 AriaExecutor.h:641] Worker 11 latency: 1799 us (50%) 2398 us (75%) 2879 us (95%) 2981 us (99%).
I0911 23:42:05.048839 2949463 AriaExecutor.h:641] Worker 12 latency: 1809 us (50%) 2403 us (75%) 2882 us (95%) 2982 us (99%).
I0911 23:42:05.131922 2949463 AriaExecutor.h:641] Worker 13 latency: 1791 us (50%) 2394 us (75%) 2879 us (95%) 2981 us (99%).
I0911 23:42:05.222527 2949463 AriaExecutor.h:641] Worker 14 latency: 1815 us (50%) 2406 us (75%) 2882 us (95%) 2982 us (99%).
I0911 23:42:05.305044 2949463 AriaExecutor.h:641] Worker 15 latency: 1802 us (50%) 2399 us (75%) 2879 us (95%) 2981 us (99%).
I0911 23:42:05.395846 2949463 Coordinator.h:177] total commit: 1.2942e+06
I0911 23:42:06.395965 2949463 Coordinator.h:192] Coordinator exits.
