I0911 22:36:02.803723 2936743 Database.h:65] ycsb initialization finished in 172 milliseconds.
I0911 22:36:02.803844 2936743 Coordinator.h:30] Coordinator initializes 16 workers.
I0911 22:36:02.836361 2936743 Coordinator.h:77] Coordinator starts to run 17 workers.
I0911 22:36:02.836416 2936763 AriaExecutor.h:82] AriaExecutor 0 started. 
I0911 22:36:02.836455 2936764 AriaExecutor.h:82] AriaExecutor 1 started. 
I0911 22:36:02.836509 2936765 AriaExecutor.h:82] AriaExecutor 2 started. 
I0911 22:36:02.836555 2936766 AriaExecutor.h:82] AriaExecutor 3 started. 
I0911 22:36:02.836587 2936767 AriaExecutor.h:82] AriaExecutor 4 started. 
I0911 22:36:02.836627 2936768 AriaExecutor.h:82] AriaExecutor 5 started. 
I0911 22:36:02.836660 2936769 AriaExecutor.h:82] AriaExecutor 6 started. 
I0911 22:36:02.836710 2936770 AriaExecutor.h:82] AriaExecutor 7 started. 
I0911 22:36:02.836745 2936771 AriaExecutor.h:82] AriaExecutor 8 started. 
I0911 22:36:02.836789 2936772 AriaExecutor.h:82] AriaExecutor 9 started. 
I0911 22:36:02.836825 2936773 AriaExecutor.h:82] AriaExecutor 10 started. 
I0911 22:36:02.836869 2936774 AriaExecutor.h:82] AriaExecutor 11 started. 
I0911 22:36:02.836905 2936775 AriaExecutor.h:82] AriaExecutor 12 started. 
I0911 22:36:02.836956 2936776 AriaExecutor.h:82] AriaExecutor 13 started. 
I0911 22:36:02.837007 2936777 AriaExecutor.h:82] AriaExecutor 14 started. 
I0911 22:36:02.837047 2936778 AriaExecutor.h:82] AriaExecutor 15 started. 
I0911 22:36:02.837085 2936779 Manager.h:224] Manager(worker id = 16) on the coordinator node started.
I0911 22:36:03.837137 2936743 Coordinator.h:126] commit: 1289468 abort: 33540 (0/33540/0), network size: 0, avg network size: 0, si_in_serializable: 0 0 %, local: 0 %
I0911 22:36:04.837250 2936743 Coordinator.h:126] commit: 1281446 abort: 33370 (0/33370/0), network size: 0, avg network size: 0, si_in_serializable: 0 0 %, local: 0 %
I0911 22:36:05.837324 2936743 Coordinator.h:126] commit: 1241457 abort: 32399 (0/32399/0), network size: 0, avg network size: 0, si_in_serializable: 0 0 %, local: 0 %
I0911 22:36:06.837399 2936743 Coordinator.h:126] commit: 1237196 abort: 32564 (0/32564/0), network size: 0, avg network size: 0, si_in_serializable: 0 0 %, local: 0 %
I0911 22:36:07.837504 2936743 Coordinator.h:126] commit: 1293374 abort: 33730 (0/33730/0), network size: 0, avg network size: 0, si_in_serializable: 0 0 %, local: 0 %
I0911 22:36:08.837582 2936743 Coordinator.h:126] commit: 1297511 abort: 33689 (0/33689/0), network size: 0, avg network size: 0, si_in_serializable: 0 0 %, local: 0 %
I0911 22:36:09.837656 2936743 Coordinator.h:126] commit: 1281121 abort: 33695 (0/33695/0), network size: 0, avg network size: 0, si_in_serializable: 0 0 %, local: 0 %
I0911 22:36:10.837729 2936743 Coordinator.h:126] commit: 1297235 abort: 33965 (0/33965/0), network size: 0, avg network size: 0, si_in_serializable: 0 0 %, local: 0 %
I0911 22:36:11.837806 2936743 Coordinator.h:126] commit: 1297634 abort: 33566 (0/33566/0), network size: 0, avg network size: 0, si_in_serializable: 0 0 %, local: 0 %
I0911 22:36:12.837883 2936743 Coordinator.h:126] commit: 1297442 abort: 33758 (0/33758/0), network size: 0, avg network size: 0, si_in_serializable: 0 0 %, local: 0 %
I0911 22:36:13.837942 2936743 Coordinator.h:126] commit: 1297010 abort: 34190 (0/34190/0), network size: 0, avg network size: 0, si_in_serializable: 0 0 %, local: 0 %
I0911 22:36:14.838013 2936743 Coordinator.h:126] commit: 1269523 abort: 33005 (0/33005/0), network size: 0, avg network size: 0, si_in_serializable: 0 0 %, local: 0 %
I0911 22:36:15.838085 2936743 Coordinator.h:126] commit: 1297297 abort: 33903 (0/33903/0), network size: 0, avg network size: 0, si_in_serializable: 0 0 %, local: 0 %
I0911 22:36:16.838147 2936743 Coordinator.h:126] commit: 1229598 abort: 31970 (0/31970/0), network size: 0, avg network size: 0, si_in_serializable: 0 0 %, local: 0 %
I0911 22:36:17.838243 2936743 Coordinator.h:126] commit: 1293306 abort: 33798 (0/33798/0), network size: 0, avg network size: 0, si_in_serializable: 0 0 %, local: 0 %
I0911 22:36:18.838311 2936743 Coordinator.h:126] commit: 1297560 abort: 33640 (0/33640/0), network size: 0, avg network size: 0, si_in_serializable: 0 0 %, local: 0 %
I0911 22:36:19.838383 2936743 Coordinator.h:126] commit: 1301238 abort: 34058 (0/34058/0), network size: 0, avg network size: 0, si_in_serializable: 0 0 %, local: 0 %
I0911 22:36:20.838445 2936743 Coordinator.h:126] commit: 1296825 abort: 34375 (0/34375/0), network size: 0, avg network size: 0, si_in_serializable: 0 0 %, local: 0 %
I0911 22:36:21.838515 2936743 Coordinator.h:126] commit: 1297167 abort: 34033 (0/34033/0), network size: 0, avg network size: 0, si_in_serializable: 0 0 %, local: 0 %
I0911 22:36:22.838579 2936743 Coordinator.h:126] commit: 1301350 abort: 33946 (0/33946/0), network size: 0, avg network size: 0, si_in_serializable: 0 0 %, local: 0 %
I0911 22:36:23.838649 2936743 Coordinator.h:126] commit: 1297539 abort: 33661 (0/33661/0), network size: 0, avg network size: 0, si_in_serializable: 0 0 %, local: 0 %
I0911 22:36:24.838713 2936743 Coordinator.h:126] commit: 1297477 abort: 33723 (0/33723/0), network size: 0, avg network size: 0, si_in_serializable: 0 0 %, local: 0 %
I0911 22:36:25.838783 2936743 Coordinator.h:126] commit: 1277427 abort: 33293 (0/33293/0), network size: 0, avg network size: 0, si_in_serializable: 0 0 %, local: 0 %
I0911 22:36:26.838850 2936743 Coordinator.h:126] commit: 1301844 abort: 33452 (0/33452/0), network size: 0, avg network size: 0, si_in_serializable: 0 0 %, local: 0 %
I0911 22:36:27.838920 2936743 Coordinator.h:126] commit: 1269557 abort: 32971 (0/32971/0), network size: 0, avg network size: 0, si_in_serializable: 0 0 %, local: 0 %
I0911 22:36:27.838930 2936743 Coordinator.h:152] average commit: 1.28809e+06 abort: 33691.8 (0/33691.8/0), network size: 0, avg network size: 0, si_in_serializable: 0 0 %, local: 0 %
I0911 22:36:27.840260 2936769 AriaExecutor.h:94] AriaExecutor 6 exits. 
I0911 22:36:27.840261 2936765 AriaExecutor.h:94] AriaExecutor 2 exits. 
I0911 22:36:27.840263 2936775 AriaExecutor.h:94] AriaExecutor 12 exits. 
I0911 22:36:27.840262 2936779 Manager.h:227] Manager(worker id = 16) on the coordinator node exits.
I0911 22:36:27.840265 2936767 AriaExecutor.h:94] AriaExecutor 4 exits. 
I0911 22:36:27.840261 2936777 AriaExecutor.h:94] AriaExecutor 14 exits. 
I0911 22:36:27.840265 2936773 AriaExecutor.h:94] AriaExecutor 10 exits. 
I0911 22:36:27.840261 2936771 AriaExecutor.h:94] AriaExecutor 8 exits. 
I0911 22:36:27.840279 2936774 AriaExecutor.h:94] AriaExecutor 11 exits. 
I0911 22:36:27.840281 2936770 AriaExecutor.h:94] AriaExecutor 7 exits. 
I0911 22:36:27.840281 2936772 AriaExecutor.h:94] AriaExecutor 9 exits. 
I0911 22:36:27.840281 2936768 AriaExecutor.h:94] AriaExecutor 5 exits. 
I0911 22:36:27.840281 2936776 AriaExecutor.h:94] AriaExecutor 13 exits. 
I0911 22:36:27.840267 2936763 AriaExecutor.h:94] AriaExecutor 0 exits. 
I0911 22:36:27.840282 2936764 AriaExecutor.h:94] AriaExecutor 1 exits. 
I0911 22:36:27.840286 2936766 AriaExecutor.h:94] AriaExecutor 3 exits. 
I0911 22:36:27.840281 2936778 AriaExecutor.h:94] AriaExecutor 15 exits. 
I0911 22:36:27.838939 2936743 AriaExecutor.h:535] Worker 0 latency: 1776 us (50%) 2371 us (75%) 2845 us (95%) 2942 us (99%).
I0911 22:36:27.920810 2936743 AriaExecutor.h:535] Worker 1 latency: 1776 us (50%) 2370 us (75%) 2844 us (95%) 2941 us (99%).
I0911 22:36:28.009943 2936743 AriaExecutor.h:535] Worker 2 latency: 1785 us (50%) 2375 us (75%) 2846 us (95%) 2942 us (99%).
I0911 22:36:28.091851 2936743 AriaExecutor.h:535] Worker 3 latency: 1777 us (50%) 2370 us (75%) 2844 us (95%) 2941 us (99%).
I0911 22:36:28.181174 2936743 AriaExecutor.h:535] Worker 4 latency: 1780 us (50%) 2373 us (75%) 2846 us (95%) 2942 us (99%).
I0911 22:36:28.265139 2936743 AriaExecutor.h:535] Worker 5 latency: 1773 us (50%) 2368 us (75%) 2844 us (95%) 2942 us (99%).
I0911 22:36:28.355792 2936743 AriaExecutor.h:535] Worker 6 latency: 1786 us (50%) 2375 us (75%) 2846 us (95%) 2942 us (99%).
I0911 22:36:28.436656 2936743 AriaExecutor.h:535] Worker 7 latency: 1775 us (50%) 2371 us (75%) 2844 us (95%) 2941 us (99%).
I0911 22:36:28.526201 2936743 AriaExecutor.h:535] Worker 8 latency: 1777 us (50%) 2370 us (75%) 2844 us (95%) 2942 us (99%).
I0911 22:36:28.608480 2936743 AriaExecutor.h:535] Worker 9 latency: 1769 us (50%) 2365 us (75%) 2842 us (95%) 2940 us (99%).
I0911 22:36:28.697538 2936743 AriaExecutor.h:535] Worker 10 latency: 1787 us (50%) 2375 us (75%) 2845 us (95%) 2942 us (99%).
I0911 22:36:28.779455 2936743 AriaExecutor.h:535] Worker 11 latency: 1776 us (50%) 2369 us (75%) 2843 us (95%) 2941 us (99%).
I0911 22:36:28.869099 2936743 AriaExecutor.h:535] Worker 12 latency: 1784 us (50%) 2373 us (75%) 2845 us (95%) 2942 us (99%).
I0911 22:36:28.950569 2936743 AriaExecutor.h:535] Worker 13 latency: 1772 us (50%) 2367 us (75%) 2842 us (95%) 2941 us (99%).
I0911 22:36:29.040412 2936743 AriaExecutor.h:535] Worker 14 latency: 1793 us (50%) 2377 us (75%) 2846 us (95%) 2942 us (99%).
I0911 22:36:29.121716 2936743 AriaExecutor.h:535] Worker 15 latency: 1777 us (50%) 2370 us (75%) 2843 us (95%) 2941 us (99%).
I0911 22:36:29.212965 2936743 Coordinator.h:177] total commit: 1.28809e+06
I0911 22:36:30.213084 2936743 Coordinator.h:192] Coordinator exits.
