I1126 15:25:07.281347 1004545 Database.h:65] ycsb initialization finished in 30 milliseconds.
I1126 15:25:07.281445 1004545 Coordinator.h:30] Coordinator initializes 12 workers.
I1126 15:25:07.288352 1004545 Coordinator.h:77] Coordinator starts to run 13 workers.
I1126 15:25:07.288401 1004561 AriaExecutor.h:95] AriaExecutor 0 started. 
I1126 15:25:07.288429 1004562 AriaExecutor.h:95] AriaExecutor 1 started. 
I1126 15:25:07.288468 1004563 AriaExecutor.h:95] AriaExecutor 2 started. 
I1126 15:25:07.288518 1004564 AriaExecutor.h:95] AriaExecutor 3 started. 
I1126 15:25:07.288561 1004565 AriaExecutor.h:95] AriaExecutor 4 started. 
I1126 15:25:07.288614 1004566 AriaExecutor.h:95] AriaExecutor 5 started. 
I1126 15:25:07.288657 1004567 AriaExecutor.h:95] AriaExecutor 6 started. 
I1126 15:25:07.288715 1004568 AriaExecutor.h:95] AriaExecutor 7 started. 
I1126 15:25:07.288766 1004569 AriaExecutor.h:95] AriaExecutor 8 started. 
I1126 15:25:07.288820 1004570 AriaExecutor.h:95] AriaExecutor 9 started. 
I1126 15:25:07.288862 1004571 AriaExecutor.h:95] AriaExecutor 10 started. 
I1126 15:25:07.288928 1004572 AriaExecutor.h:95] AriaExecutor 11 started. 
I1126 15:25:07.288972 1004573 Manager.h:224] Manager(worker id = 12) on the coordinator node started.
I1126 15:25:08.289038 1004545 Coordinator.h:126] commit: 867706 abort: 442294 (0/442294/0), network size: 0, avg network size: 0, si_in_serializable: 0 0 %, local: 0 %
I1126 15:25:09.289168 1004545 Coordinator.h:126] commit: 854923 abort: 435077 (0/435077/0), network size: 0, avg network size: 0, si_in_serializable: 0 0 %, local: 0 %
I1126 15:25:10.289306 1004545 Coordinator.h:126] commit: 867206 abort: 442794 (0/442794/0), network size: 0, avg network size: 0, si_in_serializable: 0 0 %, local: 0 %
I1126 15:25:11.289422 1004545 Coordinator.h:126] commit: 868183 abort: 441817 (0/441817/0), network size: 0, avg network size: 0, si_in_serializable: 0 0 %, local: 0 %
I1126 15:25:12.289530 1004545 Coordinator.h:126] commit: 873703 abort: 446297 (0/446297/0), network size: 0, avg network size: 0, si_in_serializable: 0 0 %, local: 0 %
I1126 15:25:13.289631 1004545 Coordinator.h:126] commit: 866451 abort: 443549 (0/443549/0), network size: 0, avg network size: 0, si_in_serializable: 0 0 %, local: 0 %
I1126 15:25:14.289734 1004545 Coordinator.h:126] commit: 872898 abort: 447102 (0/447102/0), network size: 0, avg network size: 0, si_in_serializable: 0 0 %, local: 0 %
I1126 15:25:15.289857 1004545 Coordinator.h:126] commit: 853120 abort: 433308 (0/433308/0), network size: 0, avg network size: 0, si_in_serializable: 0 0 %, local: 0 %
I1126 15:25:16.289965 1004545 Coordinator.h:126] commit: 868746 abort: 444826 (0/444826/0), network size: 0, avg network size: 0, si_in_serializable: 0 0 %, local: 0 %
I1126 15:25:17.290063 1004545 Coordinator.h:126] commit: 873903 abort: 446097 (0/446097/0), network size: 0, avg network size: 0, si_in_serializable: 0 0 %, local: 0 %
I1126 15:25:18.290163 1004545 Coordinator.h:126] commit: 873722 abort: 446278 (0/446278/0), network size: 0, avg network size: 0, si_in_serializable: 0 0 %, local: 0 %
I1126 15:25:19.290263 1004545 Coordinator.h:126] commit: 874078 abort: 445922 (0/445922/0), network size: 0, avg network size: 0, si_in_serializable: 0 0 %, local: 0 %
I1126 15:25:20.290361 1004545 Coordinator.h:126] commit: 867826 abort: 442174 (0/442174/0), network size: 0, avg network size: 0, si_in_serializable: 0 0 %, local: 0 %
I1126 15:25:21.290459 1004545 Coordinator.h:126] commit: 873571 abort: 446429 (0/446429/0), network size: 0, avg network size: 0, si_in_serializable: 0 0 %, local: 0 %
I1126 15:25:22.290558 1004545 Coordinator.h:126] commit: 827169 abort: 422831 (0/422831/0), network size: 0, avg network size: 0, si_in_serializable: 0 0 %, local: 0 %
I1126 15:25:23.290680 1004545 Coordinator.h:126] commit: 867176 abort: 442824 (0/442824/0), network size: 0, avg network size: 0, si_in_serializable: 0 0 %, local: 0 %
I1126 15:25:24.290784 1004545 Coordinator.h:126] commit: 867440 abort: 442560 (0/442560/0), network size: 0, avg network size: 0, si_in_serializable: 0 0 %, local: 0 %
I1126 15:25:25.290886 1004545 Coordinator.h:126] commit: 874239 abort: 445761 (0/445761/0), network size: 0, avg network size: 0, si_in_serializable: 0 0 %, local: 0 %
I1126 15:25:26.290984 1004545 Coordinator.h:126] commit: 868522 abort: 442711 (0/442711/0), network size: 0, avg network size: 0, si_in_serializable: 0 0 %, local: 0 %
I1126 15:25:27.291082 1004545 Coordinator.h:126] commit: 873165 abort: 445602 (0/445602/0), network size: 0, avg network size: 0, si_in_serializable: 0 0 %, local: 0 %
I1126 15:25:28.291183 1004545 Coordinator.h:126] commit: 872547 abort: 447453 (0/447453/0), network size: 0, avg network size: 0, si_in_serializable: 0 0 %, local: 0 %
I1126 15:25:29.291282 1004545 Coordinator.h:126] commit: 874232 abort: 445727 (0/445727/0), network size: 0, avg network size: 0, si_in_serializable: 0 0 %, local: 0 %
I1126 15:25:30.291383 1004545 Coordinator.h:126] commit: 866950 abort: 443091 (0/443091/0), network size: 0, avg network size: 0, si_in_serializable: 0 0 %, local: 0 %
I1126 15:25:31.291486 1004545 Coordinator.h:126] commit: 867209 abort: 442791 (0/442791/0), network size: 0, avg network size: 0, si_in_serializable: 0 0 %, local: 0 %
I1126 15:25:32.291587 1004545 Coordinator.h:126] commit: 874070 abort: 445930 (0/445930/0), network size: 0, avg network size: 0, si_in_serializable: 0 0 %, local: 0 %
I1126 15:25:32.291612 1004545 Coordinator.h:152] average commit: 866691 abort: 442309 (0/442309/0), network size: 0, avg network size: 0, si_in_serializable: 0 0 %, local: 0 %
I1126 15:25:32.300505 1004573 Manager.h:227] Manager(worker id = 12) on the coordinator node exits.
I1126 15:25:32.300508 1004565 AriaExecutor.h:107] AriaExecutor 4 exits. 
I1126 15:25:32.300509 1004567 AriaExecutor.h:107] AriaExecutor 6 exits. 
I1126 15:25:32.300524 1004570 AriaExecutor.h:107] AriaExecutor 9 exits. 
I1126 15:25:32.300513 1004569 AriaExecutor.h:107] AriaExecutor 8 exits. 
I1126 15:25:32.300511 1004563 AriaExecutor.h:107] AriaExecutor 2 exits. 
I1126 15:25:32.300523 1004572 AriaExecutor.h:107] AriaExecutor 11 exits. 
I1126 15:25:32.300522 1004564 AriaExecutor.h:107] AriaExecutor 3 exits. 
I1126 15:25:32.300522 1004562 AriaExecutor.h:107] AriaExecutor 1 exits. 
I1126 15:25:32.300524 1004561 AriaExecutor.h:107] AriaExecutor 0 exits. 
I1126 15:25:32.300525 1004568 AriaExecutor.h:107] AriaExecutor 7 exits. 
I1126 15:25:32.300525 1004566 AriaExecutor.h:107] AriaExecutor 5 exits. 
I1126 15:25:32.300511 1004571 AriaExecutor.h:107] AriaExecutor 10 exits. 
I1126 15:25:32.291623 1004545 AriaExecutor.h:705] Worker 0 latency: 6041 us (50%) 6470 us (75%) 6758 us (95%) 6863 us (99%).
I1126 15:25:32.366703 1004545 AriaExecutor.h:705] Worker 1 latency: 6035 us (50%) 6469 us (75%) 6758 us (95%) 6863 us (99%).
I1126 15:25:32.439065 1004545 AriaExecutor.h:705] Worker 2 latency: 6041 us (50%) 6468 us (75%) 6755 us (95%) 6857 us (99%).
I1126 15:25:32.510433 1004545 AriaExecutor.h:705] Worker 3 latency: 6035 us (50%) 6468 us (75%) 6757 us (95%) 6862 us (99%).
I1126 15:25:32.581326 1004545 AriaExecutor.h:705] Worker 4 latency: 6039 us (50%) 6470 us (75%) 6759 us (95%) 6864 us (99%).
I1126 15:25:32.654172 1004545 AriaExecutor.h:705] Worker 5 latency: 6033 us (50%) 6465 us (75%) 6755 us (95%) 6860 us (99%).
I1126 15:25:32.737087 1004545 AriaExecutor.h:705] Worker 6 latency: 6051 us (50%) 6476 us (75%) 6760 us (95%) 6867 us (99%).
I1126 15:25:32.806500 1004545 AriaExecutor.h:705] Worker 7 latency: 6033 us (50%) 6468 us (75%) 6758 us (95%) 6862 us (99%).
I1126 15:25:32.887614 1004545 AriaExecutor.h:705] Worker 8 latency: 6045 us (50%) 6473 us (75%) 6760 us (95%) 6864 us (99%).
I1126 15:25:32.960031 1004545 AriaExecutor.h:705] Worker 9 latency: 6036 us (50%) 6469 us (75%) 6758 us (95%) 6864 us (99%).
I1126 15:25:33.041039 1004545 AriaExecutor.h:705] Worker 10 latency: 6048 us (50%) 6473 us (75%) 6757 us (95%) 6860 us (99%).
I1126 15:25:33.112792 1004545 AriaExecutor.h:705] Worker 11 latency: 6036 us (50%) 6470 us (75%) 6759 us (95%) 6862 us (99%).
I1126 15:25:33.194689 1004545 Coordinator.h:177] total commit: 866691
I1126 15:25:34.194804 1004545 Coordinator.h:192] Coordinator exits.
