I0911 21:52:39.675424 2928600 Database.h:65] ycsb initialization finished in 146 milliseconds.
I0911 21:52:39.675532 2928600 Coordinator.h:30] Coordinator initializes 16 workers.
I0911 21:52:39.794888 2928600 Coordinator.h:77] Coordinator starts to run 17 workers.
I0911 21:52:39.794951 2928620 AriaExecutor.h:82] AriaExecutor 0 started. 
I0911 21:52:39.794986 2928621 AriaExecutor.h:82] AriaExecutor 1 started. 
I0911 21:52:39.795025 2928622 AriaExecutor.h:82] AriaExecutor 2 started. 
I0911 21:52:39.795087 2928623 AriaExecutor.h:82] AriaExecutor 3 started. 
I0911 21:52:39.795132 2928624 AriaExecutor.h:82] AriaExecutor 4 started. 
I0911 21:52:39.795178 2928625 AriaExecutor.h:82] AriaExecutor 5 started. 
I0911 21:52:39.795224 2928626 AriaExecutor.h:82] AriaExecutor 6 started. 
I0911 21:52:39.795271 2928627 AriaExecutor.h:82] AriaExecutor 7 started. 
I0911 21:52:39.795315 2928628 AriaExecutor.h:82] AriaExecutor 8 started. 
I0911 21:52:39.795380 2928629 AriaExecutor.h:82] AriaExecutor 9 started. 
I0911 21:52:39.795428 2928630 AriaExecutor.h:82] AriaExecutor 10 started. 
I0911 21:52:39.795475 2928631 AriaExecutor.h:82] AriaExecutor 11 started. 
I0911 21:52:39.795521 2928632 AriaExecutor.h:82] AriaExecutor 12 started. 
I0911 21:52:39.795569 2928633 AriaExecutor.h:82] AriaExecutor 13 started. 
I0911 21:52:39.795616 2928634 AriaExecutor.h:82] AriaExecutor 14 started. 
I0911 21:52:39.795662 2928635 AriaExecutor.h:82] AriaExecutor 15 started. 
I0911 21:52:39.795714 2928636 Manager.h:224] Manager(worker id = 16) on the coordinator node started.
I0911 21:52:40.795776 2928600 Coordinator.h:126] commit: 1439426 abort: 16574 (0/16574/0), network size: 0, avg network size: 0, si_in_serializable: 0 0 %, local: 0 %
I0911 21:52:41.795936 2928600 Coordinator.h:126] commit: 1423808 abort: 16192 (0/16192/0), network size: 0, avg network size: 0, si_in_serializable: 0 0 %, local: 0 %
I0911 21:52:42.796056 2928600 Coordinator.h:126] commit: 1439101 abort: 16899 (0/16899/0), network size: 0, avg network size: 0, si_in_serializable: 0 0 %, local: 0 %
I0911 21:52:43.796170 2928600 Coordinator.h:126] commit: 1407770 abort: 16230 (0/16230/0), network size: 0, avg network size: 0, si_in_serializable: 0 0 %, local: 0 %
I0911 21:52:44.796272 2928600 Coordinator.h:126] commit: 1455249 abort: 16751 (0/16751/0), network size: 0, avg network size: 0, si_in_serializable: 0 0 %, local: 0 %
I0911 21:52:45.796397 2928600 Coordinator.h:126] commit: 1486587 abort: 17413 (0/17413/0), network size: 0, avg network size: 0, si_in_serializable: 0 0 %, local: 0 %
I0911 21:52:46.796514 2928600 Coordinator.h:126] commit: 1486679 abort: 17321 (0/17321/0), network size: 0, avg network size: 0, si_in_serializable: 0 0 %, local: 0 %
I0911 21:52:47.796623 2928600 Coordinator.h:126] commit: 1486918 abort: 17082 (0/17082/0), network size: 0, avg network size: 0, si_in_serializable: 0 0 %, local: 0 %
I0911 21:52:48.796716 2928600 Coordinator.h:126] commit: 1502418 abort: 17582 (0/17582/0), network size: 0, avg network size: 0, si_in_serializable: 0 0 %, local: 0 %
I0911 21:52:49.796823 2928600 Coordinator.h:126] commit: 1486728 abort: 17272 (0/17272/0), network size: 0, avg network size: 0, si_in_serializable: 0 0 %, local: 0 %
I0911 21:52:50.796923 2928600 Coordinator.h:126] commit: 1486819 abort: 17181 (0/17181/0), network size: 0, avg network size: 0, si_in_serializable: 0 0 %, local: 0 %
I0911 21:52:51.797034 2928600 Coordinator.h:126] commit: 1471120 abort: 16880 (0/16880/0), network size: 0, avg network size: 0, si_in_serializable: 0 0 %, local: 0 %
I0911 21:52:52.797132 2928600 Coordinator.h:126] commit: 1486596 abort: 17404 (0/17404/0), network size: 0, avg network size: 0, si_in_serializable: 0 0 %, local: 0 %
I0911 21:52:53.797223 2928600 Coordinator.h:126] commit: 1502638 abort: 17362 (0/17362/0), network size: 0, avg network size: 0, si_in_serializable: 0 0 %, local: 0 %
I0911 21:52:54.797328 2928600 Coordinator.h:126] commit: 1455191 abort: 16809 (0/16809/0), network size: 0, avg network size: 0, si_in_serializable: 0 0 %, local: 0 %
I0911 21:52:55.797441 2928600 Coordinator.h:126] commit: 1486805 abort: 17195 (0/17195/0), network size: 0, avg network size: 0, si_in_serializable: 0 0 %, local: 0 %
I0911 21:52:56.797535 2928600 Coordinator.h:126] commit: 1455269 abort: 16731 (0/16731/0), network size: 0, avg network size: 0, si_in_serializable: 0 0 %, local: 0 %
I0911 21:52:57.797662 2928600 Coordinator.h:126] commit: 1486808 abort: 17192 (0/17192/0), network size: 0, avg network size: 0, si_in_serializable: 0 0 %, local: 0 %
I0911 21:52:58.797761 2928600 Coordinator.h:126] commit: 1502657 abort: 17343 (0/17343/0), network size: 0, avg network size: 0, si_in_serializable: 0 0 %, local: 0 %
I0911 21:52:59.797865 2928600 Coordinator.h:126] commit: 1486927 abort: 17073 (0/17073/0), network size: 0, avg network size: 0, si_in_serializable: 0 0 %, local: 0 %
I0911 21:53:00.797955 2928600 Coordinator.h:126] commit: 1486658 abort: 17342 (0/17342/0), network size: 0, avg network size: 0, si_in_serializable: 0 0 %, local: 0 %
I0911 21:53:01.798048 2928600 Coordinator.h:126] commit: 1502568 abort: 17432 (0/17432/0), network size: 0, avg network size: 0, si_in_serializable: 0 0 %, local: 0 %
I0911 21:53:02.798153 2928600 Coordinator.h:126] commit: 1455169 abort: 16831 (0/16831/0), network size: 0, avg network size: 0, si_in_serializable: 0 0 %, local: 0 %
I0911 21:53:03.798254 2928600 Coordinator.h:126] commit: 1502664 abort: 17336 (0/17336/0), network size: 0, avg network size: 0, si_in_serializable: 0 0 %, local: 0 %
I0911 21:53:04.798355 2928600 Coordinator.h:126] commit: 1486889 abort: 17111 (0/17111/0), network size: 0, avg network size: 0, si_in_serializable: 0 0 %, local: 0 %
I0911 21:53:04.798384 2928600 Coordinator.h:152] average commit: 1.48208e+06 abort: 17117 (0/17117/0), network size: 0, avg network size: 0, si_in_serializable: 0 0 %, local: 0 %
I0911 21:53:04.803252 2928636 Manager.h:227] Manager(worker id = 16) on the coordinator node exits.
I0911 21:53:04.803260 2928633 AriaExecutor.h:94] AriaExecutor 13 exits. 
I0911 21:53:04.803251 2928620 AriaExecutor.h:94] AriaExecutor 0 exits. 
I0911 21:53:04.803243 2928630 AriaExecutor.h:94] AriaExecutor 10 exits. 
I0911 21:53:04.803254 2928634 AriaExecutor.h:94] AriaExecutor 14 exits. 
I0911 21:53:04.803257 2928625 AriaExecutor.h:94] AriaExecutor 5 exits. 
I0911 21:53:04.803257 2928623 AriaExecutor.h:94] AriaExecutor 3 exits. 
I0911 21:53:04.803254 2928624 AriaExecutor.h:94] AriaExecutor 4 exits. 
I0911 21:53:04.803257 2928635 AriaExecutor.h:94] AriaExecutor 15 exits. 
I0911 21:53:04.803253 2928626 AriaExecutor.h:94] AriaExecutor 6 exits. 
I0911 21:53:04.803258 2928631 AriaExecutor.h:94] AriaExecutor 11 exits. 
I0911 21:53:04.803257 2928621 AriaExecutor.h:94] AriaExecutor 1 exits. 
I0911 21:53:04.803260 2928627 AriaExecutor.h:94] AriaExecutor 7 exits. 
I0911 21:53:04.803246 2928632 AriaExecutor.h:94] AriaExecutor 12 exits. 
I0911 21:53:04.803248 2928622 AriaExecutor.h:94] AriaExecutor 2 exits. 
I0911 21:53:04.803257 2928629 AriaExecutor.h:94] AriaExecutor 9 exits. 
I0911 21:53:04.803254 2928628 AriaExecutor.h:94] AriaExecutor 8 exits. 
I0911 21:53:04.798408 2928600 AriaExecutor.h:535] Worker 0 latency: 6624 us (50%) 8266 us (75%) 9572 us (95%) 10143 us (99%).
I0911 21:53:04.889724 2928600 AriaExecutor.h:535] Worker 1 latency: 6562 us (50%) 8232 us (75%) 9559 us (95%) 10111 us (99%).
I0911 21:53:04.981631 2928600 AriaExecutor.h:535] Worker 2 latency: 6659 us (50%) 8279 us (75%) 9569 us (95%) 10129 us (99%).
I0911 21:53:05.070880 2928600 AriaExecutor.h:535] Worker 3 latency: 6595 us (50%) 8251 us (75%) 9566 us (95%) 10116 us (99%).
I0911 21:53:05.163409 2928600 AriaExecutor.h:535] Worker 4 latency: 6621 us (50%) 8265 us (75%) 9569 us (95%) 10136 us (99%).
I0911 21:53:05.255726 2928600 AriaExecutor.h:535] Worker 5 latency: 6566 us (50%) 8236 us (75%) 9563 us (95%) 10113 us (99%).
I0911 21:53:05.348517 2928600 AriaExecutor.h:535] Worker 6 latency: 6697 us (50%) 8302 us (75%) 9577 us (95%) 10129 us (99%).
I0911 21:53:05.440627 2928600 AriaExecutor.h:535] Worker 7 latency: 6597 us (50%) 8253 us (75%) 9567 us (95%) 10115 us (99%).
I0911 21:53:05.532791 2928600 AriaExecutor.h:535] Worker 8 latency: 6608 us (50%) 8257 us (75%) 9566 us (95%) 10130 us (99%).
I0911 21:53:05.622848 2928600 AriaExecutor.h:535] Worker 9 latency: 6566 us (50%) 8232 us (75%) 9558 us (95%) 10104 us (99%).
I0911 21:53:05.715368 2928600 AriaExecutor.h:535] Worker 10 latency: 6626 us (50%) 8260 us (75%) 9560 us (95%) 10119 us (99%).
I0911 21:53:05.806399 2928600 AriaExecutor.h:535] Worker 11 latency: 6559 us (50%) 8227 us (75%) 9555 us (95%) 10095 us (99%).
I0911 21:53:05.898232 2928600 AriaExecutor.h:535] Worker 12 latency: 6610 us (50%) 8255 us (75%) 9562 us (95%) 10125 us (99%).
I0911 21:53:05.988512 2928600 AriaExecutor.h:535] Worker 13 latency: 6575 us (50%) 8239 us (75%) 9563 us (95%) 10110 us (99%).
I0911 21:53:06.080989 2928600 AriaExecutor.h:535] Worker 14 latency: 6646 us (50%) 8273 us (75%) 9565 us (95%) 10121 us (99%).
I0911 21:53:06.172428 2928600 AriaExecutor.h:535] Worker 15 latency: 6560 us (50%) 8228 us (75%) 9555 us (95%) 10098 us (99%).
I0911 21:53:06.264947 2928600 Coordinator.h:177] total commit: 1.48208e+06
I0911 21:53:07.265066 2928600 Coordinator.h:192] Coordinator exits.
