I1126 13:46:36.912350 944924 Database.h:65] ycsb initialization finished in 30 milliseconds.
I1126 13:46:36.912441 944924 Coordinator.h:30] Coordinator initializes 12 workers.
I1126 13:46:36.984208 944924 Coordinator.h:77] Coordinator starts to run 13 workers.
I1126 13:46:36.984264 944940 AriaExecutor.h:82] AriaExecutor 0 started. 
I1126 13:46:36.984294 944941 AriaExecutor.h:82] AriaExecutor 1 started. 
I1126 13:46:36.984337 944942 AriaExecutor.h:82] AriaExecutor 2 started. 
I1126 13:46:36.984373 944943 AriaExecutor.h:82] AriaExecutor 3 started. 
I1126 13:46:36.984404 944944 AriaExecutor.h:82] AriaExecutor 4 started. 
I1126 13:46:36.984453 944945 AriaExecutor.h:82] AriaExecutor 5 started. 
I1126 13:46:36.984511 944946 AriaExecutor.h:82] AriaExecutor 6 started. 
I1126 13:46:36.984562 944947 AriaExecutor.h:82] AriaExecutor 7 started. 
I1126 13:46:36.984604 944948 AriaExecutor.h:82] AriaExecutor 8 started. 
I1126 13:46:36.984661 944949 AriaExecutor.h:82] AriaExecutor 9 started. 
I1126 13:46:36.984707 944950 AriaExecutor.h:82] AriaExecutor 10 started. 
I1126 13:46:36.984756 944951 AriaExecutor.h:82] AriaExecutor 11 started. 
I1126 13:46:36.984812 944952 Manager.h:224] Manager(worker id = 12) on the coordinator node started.
I1126 13:46:37.984870 944924 Coordinator.h:126] commit: 596470 abort: 373530 (0/373530/0), network size: 0, avg network size: 0, si_in_serializable: 0 0 %, local: 0 %
I1126 13:46:38.984992 944924 Coordinator.h:126] commit: 590597 abort: 369403 (0/369403/0), network size: 0, avg network size: 0, si_in_serializable: 0 0 %, local: 0 %
I1126 13:46:39.985119 944924 Coordinator.h:126] commit: 597557 abort: 372443 (0/372443/0), network size: 0, avg network size: 0, si_in_serializable: 0 0 %, local: 0 %
I1126 13:46:40.985226 944924 Coordinator.h:126] commit: 603393 abort: 376607 (0/376607/0), network size: 0, avg network size: 0, si_in_serializable: 0 0 %, local: 0 %
I1126 13:46:41.985321 944924 Coordinator.h:126] commit: 602788 abort: 377212 (0/377212/0), network size: 0, avg network size: 0, si_in_serializable: 0 0 %, local: 0 %
I1126 13:46:42.985416 944924 Coordinator.h:126] commit: 596311 abort: 373689 (0/373689/0), network size: 0, avg network size: 0, si_in_serializable: 0 0 %, local: 0 %
I1126 13:46:43.985514 944924 Coordinator.h:126] commit: 596112 abort: 373888 (0/373888/0), network size: 0, avg network size: 0, si_in_serializable: 0 0 %, local: 0 %
I1126 13:46:44.985615 944924 Coordinator.h:126] commit: 596954 abort: 373046 (0/373046/0), network size: 0, avg network size: 0, si_in_serializable: 0 0 %, local: 0 %
I1126 13:46:45.985742 944924 Coordinator.h:126] commit: 602724 abort: 377276 (0/377276/0), network size: 0, avg network size: 0, si_in_serializable: 0 0 %, local: 0 %
I1126 13:46:46.985853 944924 Coordinator.h:126] commit: 602609 abort: 377391 (0/377391/0), network size: 0, avg network size: 0, si_in_serializable: 0 0 %, local: 0 %
I1126 13:46:47.985948 944924 Coordinator.h:126] commit: 596790 abort: 373210 (0/373210/0), network size: 0, avg network size: 0, si_in_serializable: 0 0 %, local: 0 %
I1126 13:46:48.986039 944924 Coordinator.h:126] commit: 602936 abort: 377064 (0/377064/0), network size: 0, avg network size: 0, si_in_serializable: 0 0 %, local: 0 %
I1126 13:46:49.986136 944924 Coordinator.h:126] commit: 602894 abort: 377106 (0/377106/0), network size: 0, avg network size: 0, si_in_serializable: 0 0 %, local: 0 %
I1126 13:46:50.986229 944924 Coordinator.h:126] commit: 602784 abort: 377216 (0/377216/0), network size: 0, avg network size: 0, si_in_serializable: 0 0 %, local: 0 %
I1126 13:46:51.986325 944924 Coordinator.h:126] commit: 602804 abort: 377196 (0/377196/0), network size: 0, avg network size: 0, si_in_serializable: 0 0 %, local: 0 %
I1126 13:46:52.986439 944924 Coordinator.h:126] commit: 596318 abort: 373682 (0/373682/0), network size: 0, avg network size: 0, si_in_serializable: 0 0 %, local: 0 %
I1126 13:46:53.986542 944924 Coordinator.h:126] commit: 602749 abort: 377251 (0/377251/0), network size: 0, avg network size: 0, si_in_serializable: 0 0 %, local: 0 %
I1126 13:46:54.986640 944924 Coordinator.h:126] commit: 604343 abort: 375657 (0/375657/0), network size: 0, avg network size: 0, si_in_serializable: 0 0 %, local: 0 %
I1126 13:46:55.986737 944924 Coordinator.h:126] commit: 602724 abort: 377276 (0/377276/0), network size: 0, avg network size: 0, si_in_serializable: 0 0 %, local: 0 %
I1126 13:46:56.986829 944924 Coordinator.h:126] commit: 602958 abort: 377042 (0/377042/0), network size: 0, avg network size: 0, si_in_serializable: 0 0 %, local: 0 %
I1126 13:46:57.986923 944924 Coordinator.h:126] commit: 590595 abort: 368704 (0/368704/0), network size: 0, avg network size: 0, si_in_serializable: 0 0 %, local: 0 %
I1126 13:46:58.987018 944924 Coordinator.h:126] commit: 591070 abort: 369631 (0/369631/0), network size: 0, avg network size: 0, si_in_serializable: 0 0 %, local: 0 %
I1126 13:46:59.987115 944924 Coordinator.h:126] commit: 603052 abort: 376948 (0/376948/0), network size: 0, avg network size: 0, si_in_serializable: 0 0 %, local: 0 %
I1126 13:47:00.987210 944924 Coordinator.h:126] commit: 603265 abort: 376735 (0/376735/0), network size: 0, avg network size: 0, si_in_serializable: 0 0 %, local: 0 %
I1126 13:47:01.987324 944924 Coordinator.h:126] commit: 603755 abort: 376245 (0/376245/0), network size: 0, avg network size: 0, si_in_serializable: 0 0 %, local: 0 %
I1126 13:47:01.987349 944924 Coordinator.h:152] average commit: 601730 abort: 376270 (0/376270/0), network size: 0, avg network size: 0, si_in_serializable: 0 0 %, local: 0 %
I1126 13:47:01.995267 944952 Manager.h:227] Manager(worker id = 12) on the coordinator node exits.
I1126 13:47:01.995271 944946 AriaExecutor.h:94] AriaExecutor 6 exits. 
I1126 13:47:01.995270 944942 AriaExecutor.h:94] AriaExecutor 2 exits. 
I1126 13:47:01.995283 944945 AriaExecutor.h:94] AriaExecutor 5 exits. 
I1126 13:47:01.995275 944940 AriaExecutor.h:94] AriaExecutor 0 exits. 
I1126 13:47:01.995273 944950 AriaExecutor.h:94] AriaExecutor 10 exits. 
I1126 13:47:01.995275 944944 AriaExecutor.h:94] AriaExecutor 4 exits. 
I1126 13:47:01.995283 944941 AriaExecutor.h:94] AriaExecutor 1 exits. 
I1126 13:47:01.995285 944951 AriaExecutor.h:94] AriaExecutor 11 exits. 
I1126 13:47:01.995285 944943 AriaExecutor.h:94] AriaExecutor 3 exits. 
I1126 13:47:01.995273 944948 AriaExecutor.h:94] AriaExecutor 8 exits. 
I1126 13:47:01.995283 944949 AriaExecutor.h:94] AriaExecutor 9 exits. 
I1126 13:47:01.995283 944947 AriaExecutor.h:94] AriaExecutor 7 exits. 
I1126 13:47:01.987360 944924 AriaExecutor.h:535] Worker 0 latency: 6682 us (50%) 8440 us (75%) 9608 us (95%) 9844 us (99%).
I1126 13:47:02.048002 944924 AriaExecutor.h:535] Worker 1 latency: 6658 us (50%) 8425 us (75%) 9600 us (95%) 9836 us (99%).
I1126 13:47:02.106292 944924 AriaExecutor.h:535] Worker 2 latency: 6701 us (50%) 8447 us (75%) 9607 us (95%) 9841 us (99%).
I1126 13:47:02.164356 944924 AriaExecutor.h:535] Worker 3 latency: 6550 us (50%) 8378 us (75%) 9588 us (95%) 9830 us (99%).
I1126 13:47:02.223626 944924 AriaExecutor.h:535] Worker 4 latency: 6677 us (50%) 8435 us (75%) 9604 us (95%) 9840 us (99%).
I1126 13:47:02.282415 944924 AriaExecutor.h:535] Worker 5 latency: 6642 us (50%) 8419 us (75%) 9598 us (95%) 9836 us (99%).
I1126 13:47:02.340570 944924 AriaExecutor.h:535] Worker 6 latency: 6573 us (50%) 8386 us (75%) 9593 us (95%) 9834 us (99%).
I1126 13:47:02.399102 944924 AriaExecutor.h:535] Worker 7 latency: 6552 us (50%) 8376 us (75%) 9587 us (95%) 9829 us (99%).
I1126 13:47:02.458636 944924 AriaExecutor.h:535] Worker 8 latency: 6646 us (50%) 8422 us (75%) 9602 us (95%) 9839 us (99%).
I1126 13:47:02.516227 944924 AriaExecutor.h:535] Worker 9 latency: 6610 us (50%) 8401 us (75%) 9593 us (95%) 9832 us (99%).
I1126 13:47:02.574595 944924 AriaExecutor.h:535] Worker 10 latency: 6699 us (50%) 8446 us (75%) 9605 us (95%) 9840 us (99%).
I1126 13:47:02.633091 944924 AriaExecutor.h:535] Worker 11 latency: 6580 us (50%) 8389 us (75%) 9591 us (95%) 9833 us (99%).
I1126 13:47:02.692049 944924 Coordinator.h:177] total commit: 601730
I1126 13:47:03.692157 944924 Coordinator.h:192] Coordinator exits.
