I1126 13:57:11.057399 951221 Database.h:65] ycsb initialization finished in 30 milliseconds.
I1126 13:57:11.057492 951221 Coordinator.h:30] Coordinator initializes 12 workers.
I1126 13:57:11.064349 951221 Coordinator.h:77] Coordinator starts to run 13 workers.
I1126 13:57:11.064442 951237 AriaExecutor.h:91] AriaExecutor 0 started. 
I1126 13:57:11.064458 951238 AriaExecutor.h:91] AriaExecutor 1 started. 
I1126 13:57:11.064523 951239 AriaExecutor.h:91] AriaExecutor 2 started. 
I1126 13:57:11.064551 951240 AriaExecutor.h:91] AriaExecutor 3 started. 
I1126 13:57:11.064582 951241 AriaExecutor.h:91] AriaExecutor 4 started. 
I1126 13:57:11.064613 951242 AriaExecutor.h:91] AriaExecutor 5 started. 
I1126 13:57:11.064656 951243 AriaExecutor.h:91] AriaExecutor 6 started. 
I1126 13:57:11.064679 951244 AriaExecutor.h:91] AriaExecutor 7 started. 
I1126 13:57:11.064728 951245 AriaExecutor.h:91] AriaExecutor 8 started. 
I1126 13:57:11.064745 951246 AriaExecutor.h:91] AriaExecutor 9 started. 
I1126 13:57:11.064791 951247 AriaExecutor.h:91] AriaExecutor 10 started. 
I1126 13:57:11.064806 951248 AriaExecutor.h:91] AriaExecutor 11 started. 
I1126 13:57:11.064846 951249 Manager.h:224] Manager(worker id = 12) on the coordinator node started.
I1126 13:57:12.064896 951221 Coordinator.h:126] commit: 1861472 abort: 118528 (0/118528/0), network size: 0, avg network size: 0, si_in_serializable: 0 0 %, local: 0 %
I1126 13:57:13.065018 951221 Coordinator.h:126] commit: 1852124 abort: 117876 (0/117876/0), network size: 0, avg network size: 0, si_in_serializable: 0 0 %, local: 0 %
I1126 13:57:14.065178 951221 Coordinator.h:126] commit: 1866431 abort: 118736 (0/118736/0), network size: 0, avg network size: 0, si_in_serializable: 0 0 %, local: 0 %
I1126 13:57:15.065279 951221 Coordinator.h:126] commit: 1865733 abort: 119100 (0/119100/0), network size: 0, avg network size: 0, si_in_serializable: 0 0 %, local: 0 %
I1126 13:57:16.065361 951221 Coordinator.h:126] commit: 1880297 abort: 119703 (0/119703/0), network size: 0, avg network size: 0, si_in_serializable: 0 0 %, local: 0 %
I1126 13:57:17.065441 951221 Coordinator.h:126] commit: 1880104 abort: 119896 (0/119896/0), network size: 0, avg network size: 0, si_in_serializable: 0 0 %, local: 0 %
I1126 13:57:18.065521 951221 Coordinator.h:126] commit: 1814098 abort: 115902 (0/115902/0), network size: 0, avg network size: 0, si_in_serializable: 0 0 %, local: 0 %
I1126 13:57:19.065600 951221 Coordinator.h:126] commit: 1879763 abort: 120237 (0/120237/0), network size: 0, avg network size: 0, si_in_serializable: 0 0 %, local: 0 %
I1126 13:57:20.065697 951221 Coordinator.h:126] commit: 1870902 abort: 119098 (0/119098/0), network size: 0, avg network size: 0, si_in_serializable: 0 0 %, local: 0 %
I1126 13:57:21.065776 951221 Coordinator.h:126] commit: 1876143 abort: 119102 (0/119102/0), network size: 0, avg network size: 0, si_in_serializable: 0 0 %, local: 0 %
I1126 13:57:22.065853 951221 Coordinator.h:126] commit: 1884677 abort: 120078 (0/120078/0), network size: 0, avg network size: 0, si_in_serializable: 0 0 %, local: 0 %
I1126 13:57:23.065930 951221 Coordinator.h:126] commit: 1880340 abort: 119660 (0/119660/0), network size: 0, avg network size: 0, si_in_serializable: 0 0 %, local: 0 %
I1126 13:57:24.066008 951221 Coordinator.h:126] commit: 1879638 abort: 120362 (0/120362/0), network size: 0, avg network size: 0, si_in_serializable: 0 0 %, local: 0 %
I1126 13:57:25.066087 951221 Coordinator.h:126] commit: 1795623 abort: 114377 (0/114377/0), network size: 0, avg network size: 0, si_in_serializable: 0 0 %, local: 0 %
I1126 13:57:26.066171 951221 Coordinator.h:126] commit: 1880446 abort: 119554 (0/119554/0), network size: 0, avg network size: 0, si_in_serializable: 0 0 %, local: 0 %
I1126 13:57:27.066249 951221 Coordinator.h:126] commit: 1880581 abort: 119958 (0/119958/0), network size: 0, avg network size: 0, si_in_serializable: 0 0 %, local: 0 %
I1126 13:57:28.066329 951221 Coordinator.h:126] commit: 1889211 abort: 120250 (0/120250/0), network size: 0, avg network size: 0, si_in_serializable: 0 0 %, local: 0 %
I1126 13:57:29.066406 951221 Coordinator.h:126] commit: 1870626 abort: 119374 (0/119374/0), network size: 0, avg network size: 0, si_in_serializable: 0 0 %, local: 0 %
I1126 13:57:30.066485 951221 Coordinator.h:126] commit: 1880523 abort: 119477 (0/119477/0), network size: 0, avg network size: 0, si_in_serializable: 0 0 %, local: 0 %
I1126 13:57:31.066565 951221 Coordinator.h:126] commit: 1880405 abort: 119595 (0/119595/0), network size: 0, avg network size: 0, si_in_serializable: 0 0 %, local: 0 %
I1126 13:57:32.066658 951221 Coordinator.h:126] commit: 1880065 abort: 119935 (0/119935/0), network size: 0, avg network size: 0, si_in_serializable: 0 0 %, local: 0 %
I1126 13:57:33.066745 951221 Coordinator.h:126] commit: 1880257 abort: 119743 (0/119743/0), network size: 0, avg network size: 0, si_in_serializable: 0 0 %, local: 0 %
I1126 13:57:34.066821 951221 Coordinator.h:126] commit: 1880226 abort: 119774 (0/119774/0), network size: 0, avg network size: 0, si_in_serializable: 0 0 %, local: 0 %
I1126 13:57:35.066900 951221 Coordinator.h:126] commit: 1880048 abort: 119952 (0/119952/0), network size: 0, avg network size: 0, si_in_serializable: 0 0 %, local: 0 %
I1126 13:57:36.066977 951221 Coordinator.h:126] commit: 1880838 abort: 119162 (0/119162/0), network size: 0, avg network size: 0, si_in_serializable: 0 0 %, local: 0 %
I1126 13:57:36.066987 951221 Coordinator.h:152] average commit: 1.87221e+06 abort: 119268 (0/119268/0), network size: 0, avg network size: 0, si_in_serializable: 0 0 %, local: 0 %
I1126 13:57:36.068171 951242 AriaExecutor.h:103] AriaExecutor 5 exits. 
I1126 13:57:36.068173 951240 AriaExecutor.h:103] AriaExecutor 3 exits. 
I1126 13:57:36.068177 951237 AriaExecutor.h:103] AriaExecutor 0 exits. 
I1126 13:57:36.068181 951241 AriaExecutor.h:103] AriaExecutor 4 exits. 
I1126 13:57:36.068181 951247 AriaExecutor.h:103] AriaExecutor 10 exits. 
I1126 13:57:36.068181 951243 AriaExecutor.h:103] AriaExecutor 6 exits. 
I1126 13:57:36.068173 951248 AriaExecutor.h:103] AriaExecutor 11 exits. 
I1126 13:57:36.068173 951244 AriaExecutor.h:103] AriaExecutor 7 exits. 
I1126 13:57:36.068181 951238 AriaExecutor.h:103] AriaExecutor 1 exits. 
I1126 13:57:36.068171 951246 AriaExecutor.h:103] AriaExecutor 9 exits. 
I1126 13:57:36.068189 951249 Manager.h:227] Manager(worker id = 12) on the coordinator node exits.
I1126 13:57:36.068182 951239 AriaExecutor.h:103] AriaExecutor 2 exits. 
I1126 13:57:36.068181 951245 AriaExecutor.h:103] AriaExecutor 8 exits. 
I1126 13:57:36.066999 951221 AriaExecutor.h:649] Worker 0 latency: 3533 us (50%) 3968 us (75%) 4317 us (95%) 4409 us (99%).
I1126 13:57:36.225648 951221 AriaExecutor.h:649] Worker 1 latency: 3520 us (50%) 3961 us (75%) 4313 us (95%) 4405 us (99%).
I1126 13:57:36.371745 951221 AriaExecutor.h:649] Worker 2 latency: 3547 us (50%) 3972 us (75%) 4314 us (95%) 4405 us (99%).
I1126 13:57:36.530357 951221 AriaExecutor.h:649] Worker 3 latency: 3524 us (50%) 3965 us (75%) 4315 us (95%) 4407 us (99%).
I1126 13:57:36.673475 951221 AriaExecutor.h:649] Worker 4 latency: 3534 us (50%) 3967 us (75%) 4314 us (95%) 4406 us (99%).
I1126 13:57:36.833776 951221 AriaExecutor.h:649] Worker 5 latency: 3524 us (50%) 3963 us (75%) 4313 us (95%) 4405 us (99%).
I1126 13:57:36.977824 951221 AriaExecutor.h:649] Worker 6 latency: 3557 us (50%) 3979 us (75%) 4318 us (95%) 4407 us (99%).
I1126 13:57:37.133737 951221 AriaExecutor.h:649] Worker 7 latency: 3527 us (50%) 3968 us (75%) 4317 us (95%) 4407 us (99%).
I1126 13:57:37.277273 951221 AriaExecutor.h:649] Worker 8 latency: 3534 us (50%) 3967 us (75%) 4315 us (95%) 4406 us (99%).
I1126 13:57:37.435685 951221 AriaExecutor.h:649] Worker 9 latency: 3527 us (50%) 3964 us (75%) 4313 us (95%) 4405 us (99%).
I1126 13:57:37.580468 951221 AriaExecutor.h:649] Worker 10 latency: 3545 us (50%) 3975 us (75%) 4317 us (95%) 4408 us (99%).
I1126 13:57:37.738623 951221 AriaExecutor.h:649] Worker 11 latency: 3524 us (50%) 3964 us (75%) 4314 us (95%) 4406 us (99%).
I1126 13:57:37.886255 951221 Coordinator.h:177] total commit: 1.87221e+06
I1126 13:57:38.886386 951221 Coordinator.h:192] Coordinator exits.
