I1126 13:53:39.444870 949099 Database.h:65] ycsb initialization finished in 30 milliseconds.
I1126 13:53:39.444967 949099 Coordinator.h:30] Coordinator initializes 12 workers.
I1126 13:53:39.517170 949099 Coordinator.h:77] Coordinator starts to run 13 workers.
I1126 13:53:39.517241 949115 AriaExecutor.h:82] AriaExecutor 0 started. 
I1126 13:53:39.517269 949116 AriaExecutor.h:82] AriaExecutor 1 started. 
I1126 13:53:39.517309 949117 AriaExecutor.h:82] AriaExecutor 2 started. 
I1126 13:53:39.517354 949118 AriaExecutor.h:82] AriaExecutor 3 started. 
I1126 13:53:39.517439 949120 AriaExecutor.h:82] AriaExecutor 5 started. 
I1126 13:53:39.517478 949121 AriaExecutor.h:82] AriaExecutor 6 started. 
I1126 13:53:39.517513 949122 AriaExecutor.h:82] AriaExecutor 7 started. 
I1126 13:53:39.517544 949123 AriaExecutor.h:82] AriaExecutor 8 started. 
I1126 13:53:39.517587 949124 AriaExecutor.h:82] AriaExecutor 9 started. 
I1126 13:53:39.517622 949125 AriaExecutor.h:82] AriaExecutor 10 started. 
I1126 13:53:39.517670 949126 AriaExecutor.h:82] AriaExecutor 11 started. 
I1126 13:53:39.517699 949119 AriaExecutor.h:82] AriaExecutor 4 started. 
I1126 13:53:39.517702 949127 Manager.h:224] Manager(worker id = 12) on the coordinator node started.
I1126 13:53:40.517768 949099 Coordinator.h:126] commit: 333674 abort: 636326 (0/636326/0), network size: 0, avg network size: 0, si_in_serializable: 0 0 %, local: 0 %
I1126 13:53:41.517894 949099 Coordinator.h:126] commit: 333599 abort: 636401 (0/636401/0), network size: 0, avg network size: 0, si_in_serializable: 0 0 %, local: 0 %
I1126 13:53:42.518025 949099 Coordinator.h:126] commit: 333795 abort: 636965 (0/636965/0), network size: 0, avg network size: 0, si_in_serializable: 0 0 %, local: 0 %
I1126 13:53:43.518146 949099 Coordinator.h:126] commit: 339806 abort: 649434 (0/649434/0), network size: 0, avg network size: 0, si_in_serializable: 0 0 %, local: 0 %
I1126 13:53:44.518253 949099 Coordinator.h:126] commit: 336965 abort: 643035 (0/643035/0), network size: 0, avg network size: 0, si_in_serializable: 0 0 %, local: 0 %
I1126 13:53:45.518368 949099 Coordinator.h:126] commit: 337599 abort: 642401 (0/642401/0), network size: 0, avg network size: 0, si_in_serializable: 0 0 %, local: 0 %
I1126 13:53:46.518474 949099 Coordinator.h:126] commit: 340720 abort: 649280 (0/649280/0), network size: 0, avg network size: 0, si_in_serializable: 0 0 %, local: 0 %
I1126 13:53:47.518608 949099 Coordinator.h:126] commit: 337781 abort: 642219 (0/642219/0), network size: 0, avg network size: 0, si_in_serializable: 0 0 %, local: 0 %
I1126 13:53:48.518715 949099 Coordinator.h:126] commit: 340087 abort: 649913 (0/649913/0), network size: 0, avg network size: 0, si_in_serializable: 0 0 %, local: 0 %
I1126 13:53:49.518831 949099 Coordinator.h:126] commit: 336833 abort: 643167 (0/643167/0), network size: 0, avg network size: 0, si_in_serializable: 0 0 %, local: 0 %
I1126 13:53:50.518935 949099 Coordinator.h:126] commit: 336817 abort: 643183 (0/643183/0), network size: 0, avg network size: 0, si_in_serializable: 0 0 %, local: 0 %
I1126 13:53:51.519042 949099 Coordinator.h:126] commit: 336512 abort: 643488 (0/643488/0), network size: 0, avg network size: 0, si_in_serializable: 0 0 %, local: 0 %
I1126 13:53:52.519165 949099 Coordinator.h:126] commit: 336771 abort: 643229 (0/643229/0), network size: 0, avg network size: 0, si_in_serializable: 0 0 %, local: 0 %
I1126 13:53:53.519280 949099 Coordinator.h:126] commit: 336733 abort: 643267 (0/643267/0), network size: 0, avg network size: 0, si_in_serializable: 0 0 %, local: 0 %
I1126 13:53:54.519389 949099 Coordinator.h:126] commit: 336375 abort: 643625 (0/643625/0), network size: 0, avg network size: 0, si_in_serializable: 0 0 %, local: 0 %
I1126 13:53:55.519500 949099 Coordinator.h:126] commit: 340606 abort: 649394 (0/649394/0), network size: 0, avg network size: 0, si_in_serializable: 0 0 %, local: 0 %
I1126 13:53:56.519611 949099 Coordinator.h:126] commit: 336137 abort: 643863 (0/643863/0), network size: 0, avg network size: 0, si_in_serializable: 0 0 %, local: 0 %
I1126 13:53:57.519717 949099 Coordinator.h:126] commit: 340456 abort: 649544 (0/649544/0), network size: 0, avg network size: 0, si_in_serializable: 0 0 %, local: 0 %
I1126 13:53:58.519822 949099 Coordinator.h:126] commit: 330125 abort: 629875 (0/629875/0), network size: 0, avg network size: 0, si_in_serializable: 0 0 %, local: 0 %
I1126 13:53:59.519941 949099 Coordinator.h:126] commit: 337825 abort: 642175 (0/642175/0), network size: 0, avg network size: 0, si_in_serializable: 0 0 %, local: 0 %
I1126 13:54:00.520051 949099 Coordinator.h:126] commit: 339501 abort: 650499 (0/650499/0), network size: 0, avg network size: 0, si_in_serializable: 0 0 %, local: 0 %
I1126 13:54:01.520179 949099 Coordinator.h:126] commit: 337023 abort: 642977 (0/642977/0), network size: 0, avg network size: 0, si_in_serializable: 0 0 %, local: 0 %
I1126 13:54:02.520288 949099 Coordinator.h:126] commit: 334084 abort: 635916 (0/635916/0), network size: 0, avg network size: 0, si_in_serializable: 0 0 %, local: 0 %
I1126 13:54:03.520395 949099 Coordinator.h:126] commit: 340046 abort: 649954 (0/649954/0), network size: 0, avg network size: 0, si_in_serializable: 0 0 %, local: 0 %
I1126 13:54:04.520525 949099 Coordinator.h:126] commit: 336807 abort: 643193 (0/643193/0), network size: 0, avg network size: 0, si_in_serializable: 0 0 %, local: 0 %
I1126 13:54:04.520568 949099 Coordinator.h:152] average commit: 336836 abort: 643164 (0/643164/0), network size: 0, avg network size: 0, si_in_serializable: 0 0 %, local: 0 %
I1126 13:54:04.523093 949127 Manager.h:227] Manager(worker id = 12) on the coordinator node exits.
I1126 13:54:04.523101 949119 AriaExecutor.h:94] AriaExecutor 4 exits. 
I1126 13:54:04.523094 949115 AriaExecutor.h:94] AriaExecutor 0 exits. 
I1126 13:54:04.523109 949122 AriaExecutor.h:94] AriaExecutor 7 exits. 
I1126 13:54:04.523103 949121 AriaExecutor.h:94] AriaExecutor 6 exits. 
I1126 13:54:04.523102 949117 AriaExecutor.h:94] AriaExecutor 2 exits. 
I1126 13:54:04.523106 949126 AriaExecutor.h:94] AriaExecutor 11 exits. 
I1126 13:54:04.523108 949116 AriaExecutor.h:94] AriaExecutor 1 exits. 
I1126 13:54:04.523108 949124 AriaExecutor.h:94] AriaExecutor 9 exits. 
I1126 13:54:04.523106 949120 AriaExecutor.h:94] AriaExecutor 5 exits. 
I1126 13:54:04.523102 949125 AriaExecutor.h:94] AriaExecutor 10 exits. 
I1126 13:54:04.523113 949118 AriaExecutor.h:94] AriaExecutor 3 exits. 
I1126 13:54:04.523102 949123 AriaExecutor.h:94] AriaExecutor 8 exits. 
I1126 13:54:04.520577 949099 AriaExecutor.h:535] Worker 0 latency: 6634 us (50%) 8541 us (75%) 9759 us (95%) 10035 us (99%).
I1126 13:54:04.556963 949099 AriaExecutor.h:535] Worker 1 latency: 6616 us (50%) 8535 us (75%) 9756 us (95%) 10031 us (99%).
I1126 13:54:04.592715 949099 AriaExecutor.h:535] Worker 2 latency: 6634 us (50%) 8542 us (75%) 9759 us (95%) 10031 us (99%).
I1126 13:54:04.627842 949099 AriaExecutor.h:535] Worker 3 latency: 6605 us (50%) 8528 us (75%) 9753 us (95%) 10026 us (99%).
I1126 13:54:04.663066 949099 AriaExecutor.h:535] Worker 4 latency: 6617 us (50%) 8534 us (75%) 9756 us (95%) 10029 us (99%).
I1126 13:54:04.698612 949099 AriaExecutor.h:535] Worker 5 latency: 6616 us (50%) 8526 us (75%) 9753 us (95%) 10029 us (99%).
I1126 13:54:04.733891 949099 AriaExecutor.h:535] Worker 6 latency: 6603 us (50%) 8519 us (75%) 9749 us (95%) 10026 us (99%).
I1126 13:54:04.769184 949099 AriaExecutor.h:535] Worker 7 latency: 6611 us (50%) 8530 us (75%) 9750 us (95%) 10025 us (99%).
I1126 13:54:04.804747 949099 AriaExecutor.h:535] Worker 8 latency: 6622 us (50%) 8525 us (75%) 9751 us (95%) 10027 us (99%).
I1126 13:54:04.840514 949099 AriaExecutor.h:535] Worker 9 latency: 6613 us (50%) 8525 us (75%) 9749 us (95%) 10027 us (99%).
I1126 13:54:04.875236 949099 AriaExecutor.h:535] Worker 10 latency: 6625 us (50%) 8530 us (75%) 9752 us (95%) 10028 us (99%).
I1126 13:54:04.910266 949099 AriaExecutor.h:535] Worker 11 latency: 6611 us (50%) 8523 us (75%) 9747 us (95%) 10025 us (99%).
I1126 13:54:04.944937 949099 Coordinator.h:177] total commit: 336836
I1126 13:54:05.945050 949099 Coordinator.h:192] Coordinator exits.
