I1126 14:03:35.928186 954979 Database.h:65] ycsb initialization finished in 30 milliseconds.
I1126 14:03:35.928287 954979 Coordinator.h:30] Coordinator initializes 12 workers.
I1126 14:03:35.935259 954979 Coordinator.h:77] Coordinator starts to run 13 workers.
I1126 14:03:35.935334 954995 AriaExecutor.h:91] AriaExecutor 0 started. 
I1126 14:03:35.935355 954996 AriaExecutor.h:91] AriaExecutor 1 started. 
I1126 14:03:35.935405 954997 AriaExecutor.h:91] AriaExecutor 2 started. 
I1126 14:03:35.935448 954998 AriaExecutor.h:91] AriaExecutor 3 started. 
I1126 14:03:35.935472 954999 AriaExecutor.h:91] AriaExecutor 4 started. 
I1126 14:03:35.935513 955000 AriaExecutor.h:91] AriaExecutor 5 started. 
I1126 14:03:35.935542 955001 AriaExecutor.h:91] AriaExecutor 6 started. 
I1126 14:03:35.935581 955002 AriaExecutor.h:91] AriaExecutor 7 started. 
I1126 14:03:35.935607 955003 AriaExecutor.h:91] AriaExecutor 8 started. 
I1126 14:03:35.935645 955004 AriaExecutor.h:91] AriaExecutor 9 started. 
I1126 14:03:35.935680 955005 AriaExecutor.h:91] AriaExecutor 10 started. 
I1126 14:03:35.935719 955006 AriaExecutor.h:91] AriaExecutor 11 started. 
I1126 14:03:35.935735 955007 Manager.h:224] Manager(worker id = 12) on the coordinator node started.
I1126 14:03:36.935791 954979 Coordinator.h:126] commit: 967374 abort: 322626 (0/322626/0), network size: 0, avg network size: 0, si_in_serializable: 0 0 %, local: 0 %
I1126 14:03:37.935928 954979 Coordinator.h:126] commit: 962947 abort: 319846 (0/319846/0), network size: 0, avg network size: 0, si_in_serializable: 0 0 %, local: 0 %
I1126 14:03:38.936053 954979 Coordinator.h:126] commit: 974477 abort: 324538 (0/324538/0), network size: 0, avg network size: 0, si_in_serializable: 0 0 %, local: 0 %
I1126 14:03:39.936156 954979 Coordinator.h:126] commit: 978717 abort: 325836 (0/325836/0), network size: 0, avg network size: 0, si_in_serializable: 0 0 %, local: 0 %
I1126 14:03:40.936254 954979 Coordinator.h:126] commit: 977399 abort: 326240 (0/326240/0), network size: 0, avg network size: 0, si_in_serializable: 0 0 %, local: 0 %
I1126 14:03:41.936352 954979 Coordinator.h:126] commit: 975638 abort: 324362 (0/324362/0), network size: 0, avg network size: 0, si_in_serializable: 0 0 %, local: 0 %
I1126 14:03:42.936473 954979 Coordinator.h:126] commit: 960828 abort: 319172 (0/319172/0), network size: 0, avg network size: 0, si_in_serializable: 0 0 %, local: 0 %
I1126 14:03:43.936581 954979 Coordinator.h:126] commit: 983441 abort: 326559 (0/326559/0), network size: 0, avg network size: 0, si_in_serializable: 0 0 %, local: 0 %
I1126 14:03:44.936676 954979 Coordinator.h:126] commit: 978696 abort: 324909 (0/324909/0), network size: 0, avg network size: 0, si_in_serializable: 0 0 %, local: 0 %
I1126 14:03:45.936784 954979 Coordinator.h:126] commit: 986018 abort: 327551 (0/327551/0), network size: 0, avg network size: 0, si_in_serializable: 0 0 %, local: 0 %
I1126 14:03:46.936877 954979 Coordinator.h:126] commit: 976696 abort: 326130 (0/326130/0), network size: 0, avg network size: 0, si_in_serializable: 0 0 %, local: 0 %
I1126 14:03:47.936976 954979 Coordinator.h:126] commit: 982990 abort: 327010 (0/327010/0), network size: 0, avg network size: 0, si_in_serializable: 0 0 %, local: 0 %
I1126 14:03:48.937078 954979 Coordinator.h:126] commit: 945272 abort: 314728 (0/314728/0), network size: 0, avg network size: 0, si_in_serializable: 0 0 %, local: 0 %
I1126 14:03:49.937180 954979 Coordinator.h:126] commit: 975815 abort: 323651 (0/323651/0), network size: 0, avg network size: 0, si_in_serializable: 0 0 %, local: 0 %
I1126 14:03:50.937289 954979 Coordinator.h:126] commit: 975533 abort: 325001 (0/325001/0), network size: 0, avg network size: 0, si_in_serializable: 0 0 %, local: 0 %
I1126 14:03:51.937395 954979 Coordinator.h:126] commit: 982988 abort: 327012 (0/327012/0), network size: 0, avg network size: 0, si_in_serializable: 0 0 %, local: 0 %
I1126 14:03:52.937520 954979 Coordinator.h:126] commit: 974829 abort: 323726 (0/323726/0), network size: 0, avg network size: 0, si_in_serializable: 0 0 %, local: 0 %
I1126 14:03:53.937623 954979 Coordinator.h:126] commit: 976958 abort: 324487 (0/324487/0), network size: 0, avg network size: 0, si_in_serializable: 0 0 %, local: 0 %
I1126 14:03:54.937724 954979 Coordinator.h:126] commit: 983195 abort: 326805 (0/326805/0), network size: 0, avg network size: 0, si_in_serializable: 0 0 %, local: 0 %
I1126 14:03:55.937834 954979 Coordinator.h:126] commit: 982522 abort: 327478 (0/327478/0), network size: 0, avg network size: 0, si_in_serializable: 0 0 %, local: 0 %
I1126 14:03:56.937935 954979 Coordinator.h:126] commit: 975934 abort: 324066 (0/324066/0), network size: 0, avg network size: 0, si_in_serializable: 0 0 %, local: 0 %
I1126 14:03:57.938045 954979 Coordinator.h:126] commit: 982475 abort: 327525 (0/327525/0), network size: 0, avg network size: 0, si_in_serializable: 0 0 %, local: 0 %
I1126 14:03:58.938131 954979 Coordinator.h:126] commit: 983425 abort: 326575 (0/326575/0), network size: 0, avg network size: 0, si_in_serializable: 0 0 %, local: 0 %
I1126 14:03:59.938222 954979 Coordinator.h:126] commit: 975811 abort: 324189 (0/324189/0), network size: 0, avg network size: 0, si_in_serializable: 0 0 %, local: 0 %
I1126 14:04:00.938331 954979 Coordinator.h:126] commit: 982778 abort: 327222 (0/327222/0), network size: 0, avg network size: 0, si_in_serializable: 0 0 %, local: 0 %
I1126 14:04:00.938369 954979 Coordinator.h:152] average commit: 975680 abort: 324603 (0/324603/0), network size: 0, avg network size: 0, si_in_serializable: 0 0 %, local: 0 %
I1126 14:04:00.942974 954997 AriaExecutor.h:103] AriaExecutor 2 exits. 
I1126 14:04:00.942986 954999 AriaExecutor.h:103] AriaExecutor 4 exits. 
I1126 14:04:00.942979 954995 AriaExecutor.h:103] AriaExecutor 0 exits. 
I1126 14:04:00.942989 955002 AriaExecutor.h:103] AriaExecutor 7 exits. 
I1126 14:04:00.942976 955005 AriaExecutor.h:103] AriaExecutor 10 exits. 
I1126 14:04:00.942988 954998 AriaExecutor.h:103] AriaExecutor 3 exits. 
I1126 14:04:00.942991 955004 AriaExecutor.h:103] AriaExecutor 9 exits. 
I1126 14:04:00.942987 955001 AriaExecutor.h:103] AriaExecutor 6 exits. 
I1126 14:04:00.942978 955007 Manager.h:227] Manager(worker id = 12) on the coordinator node exits.
I1126 14:04:00.942989 954996 AriaExecutor.h:103] AriaExecutor 1 exits. 
I1126 14:04:00.942988 955003 AriaExecutor.h:103] AriaExecutor 8 exits. 
I1126 14:04:00.942992 955006 AriaExecutor.h:103] AriaExecutor 11 exits. 
I1126 14:04:00.942991 955000 AriaExecutor.h:103] AriaExecutor 5 exits. 
I1126 14:04:00.938380 954979 AriaExecutor.h:649] Worker 0 latency: 5959 us (50%) 6408 us (75%) 6729 us (95%) 6835 us (99%).
I1126 14:04:01.014761 954979 AriaExecutor.h:649] Worker 1 latency: 5955 us (50%) 6407 us (75%) 6729 us (95%) 6831 us (99%).
I1126 14:04:01.091619 954979 AriaExecutor.h:649] Worker 2 latency: 5971 us (50%) 6412 us (75%) 6728 us (95%) 6833 us (99%).
I1126 14:04:01.169301 954979 AriaExecutor.h:649] Worker 3 latency: 5959 us (50%) 6410 us (75%) 6732 us (95%) 6835 us (99%).
I1126 14:04:01.247413 954979 AriaExecutor.h:649] Worker 4 latency: 5960 us (50%) 6408 us (75%) 6729 us (95%) 6832 us (99%).
I1126 14:04:01.324429 954979 AriaExecutor.h:649] Worker 5 latency: 5956 us (50%) 6408 us (75%) 6729 us (95%) 6834 us (99%).
I1126 14:04:01.401926 954979 AriaExecutor.h:649] Worker 6 latency: 5977 us (50%) 6418 us (75%) 6732 us (95%) 6833 us (99%).
I1126 14:04:01.478523 954979 AriaExecutor.h:649] Worker 7 latency: 5958 us (50%) 6409 us (75%) 6730 us (95%) 6833 us (99%).
I1126 14:04:01.554598 954979 AriaExecutor.h:649] Worker 8 latency: 5964 us (50%) 6411 us (75%) 6730 us (95%) 6834 us (99%).
I1126 14:04:01.631927 954979 AriaExecutor.h:649] Worker 9 latency: 5959 us (50%) 6408 us (75%) 6730 us (95%) 6832 us (99%).
I1126 14:04:01.707593 954979 AriaExecutor.h:649] Worker 10 latency: 5972 us (50%) 6414 us (75%) 6729 us (95%) 6832 us (99%).
I1126 14:04:01.785003 954979 AriaExecutor.h:649] Worker 11 latency: 5957 us (50%) 6409 us (75%) 6731 us (95%) 6834 us (99%).
I1126 14:04:01.860895 954979 Coordinator.h:177] total commit: 975680
I1126 14:04:02.861012 954979 Coordinator.h:192] Coordinator exits.
