I0911 23:04:08.007792 2942308 Database.h:65] ycsb initialization finished in 188 milliseconds.
I0911 23:04:08.007907 2942308 Coordinator.h:30] Coordinator initializes 16 workers.
I0911 23:04:08.015691 2942308 Coordinator.h:77] Coordinator starts to run 17 workers.
I0911 23:04:08.015749 2942328 AriaExecutor.h:82] AriaExecutor 0 started. 
I0911 23:04:08.015784 2942329 AriaExecutor.h:82] AriaExecutor 1 started. 
I0911 23:04:08.015826 2942330 AriaExecutor.h:82] AriaExecutor 2 started. 
I0911 23:04:08.015874 2942331 AriaExecutor.h:82] AriaExecutor 3 started. 
I0911 23:04:08.015913 2942332 AriaExecutor.h:82] AriaExecutor 4 started. 
I0911 23:04:08.015951 2942333 AriaExecutor.h:82] AriaExecutor 5 started. 
I0911 23:04:08.015983 2942334 AriaExecutor.h:82] AriaExecutor 6 started. 
I0911 23:04:08.016026 2942335 AriaExecutor.h:82] AriaExecutor 7 started. 
I0911 23:04:08.016060 2942336 AriaExecutor.h:82] AriaExecutor 8 started. 
I0911 23:04:08.016103 2942337 AriaExecutor.h:82] AriaExecutor 9 started. 
I0911 23:04:08.016142 2942338 AriaExecutor.h:82] AriaExecutor 10 started. 
I0911 23:04:08.016187 2942339 AriaExecutor.h:82] AriaExecutor 11 started. 
I0911 23:04:08.016223 2942340 AriaExecutor.h:82] AriaExecutor 12 started. 
I0911 23:04:08.016263 2942341 AriaExecutor.h:82] AriaExecutor 13 started. 
I0911 23:04:08.016297 2942342 AriaExecutor.h:82] AriaExecutor 14 started. 
I0911 23:04:08.016335 2942343 AriaExecutor.h:82] AriaExecutor 15 started. 
I0911 23:04:08.016369 2942344 Manager.h:224] Manager(worker id = 16) on the coordinator node started.
I0911 23:04:09.016423 2942308 Coordinator.h:126] commit: 1733572 abort: 1084 (0/1084/0), network size: 0, avg network size: 0, si_in_serializable: 0 0 %, local: 0 %
I0911 23:04:10.016542 2942308 Coordinator.h:126] commit: 1725538 abort: 1163 (0/1163/0), network size: 0, avg network size: 0, si_in_serializable: 0 0 %, local: 0 %
I0911 23:04:11.016628 2942308 Coordinator.h:126] commit: 1653490 abort: 1057 (0/1057/0), network size: 0, avg network size: 0, si_in_serializable: 0 0 %, local: 0 %
I0911 23:04:12.016703 2942308 Coordinator.h:126] commit: 1690579 abort: 1069 (0/1069/0), network size: 0, avg network size: 0, si_in_serializable: 0 0 %, local: 0 %
I0911 23:04:13.016806 2942308 Coordinator.h:126] commit: 1715115 abort: 1109 (0/1109/0), network size: 0, avg network size: 0, si_in_serializable: 0 0 %, local: 0 %
I0911 23:04:14.016896 2942308 Coordinator.h:126] commit: 1752963 abort: 1149 (0/1149/0), network size: 0, avg network size: 0, si_in_serializable: 0 0 %, local: 0 %
I0911 23:04:15.016974 2942308 Coordinator.h:126] commit: 1758125 abort: 1107 (0/1107/0), network size: 0, avg network size: 0, si_in_serializable: 0 0 %, local: 0 %
I0911 23:04:16.017052 2942308 Coordinator.h:126] commit: 1755025 abort: 1135 (0/1135/0), network size: 0, avg network size: 0, si_in_serializable: 0 0 %, local: 0 %
I0911 23:04:17.017132 2942308 Coordinator.h:126] commit: 1763545 abort: 1111 (0/1111/0), network size: 0, avg network size: 0, si_in_serializable: 0 0 %, local: 0 %
I0911 23:04:18.017213 2942308 Coordinator.h:126] commit: 1707649 abort: 1103 (0/1103/0), network size: 0, avg network size: 0, si_in_serializable: 0 0 %, local: 0 %
I0911 23:04:19.017292 2942308 Coordinator.h:126] commit: 1756069 abort: 1115 (0/1115/0), network size: 0, avg network size: 0, si_in_serializable: 0 0 %, local: 0 %
I0911 23:04:20.017367 2942308 Coordinator.h:126] commit: 1709011 abort: 1069 (0/1069/0), network size: 0, avg network size: 0, si_in_serializable: 0 0 %, local: 0 %
I0911 23:04:21.017441 2942308 Coordinator.h:126] commit: 1750910 abort: 1154 (0/1154/0), network size: 0, avg network size: 0, si_in_serializable: 0 0 %, local: 0 %
I0911 23:04:22.017518 2942308 Coordinator.h:126] commit: 1698714 abort: 1126 (0/1126/0), network size: 0, avg network size: 0, si_in_serializable: 0 0 %, local: 0 %
I0911 23:04:23.017592 2942308 Coordinator.h:126] commit: 1757086 abort: 1122 (0/1122/0), network size: 0, avg network size: 0, si_in_serializable: 0 0 %, local: 0 %
I0911 23:04:24.017689 2942308 Coordinator.h:126] commit: 1732628 abort: 1113 (0/1113/0), network size: 0, avg network size: 0, si_in_serializable: 0 0 %, local: 0 %
I0911 23:04:25.017768 2942308 Coordinator.h:126] commit: 1757921 abort: 1202 (0/1202/0), network size: 0, avg network size: 0, si_in_serializable: 0 0 %, local: 0 %
I0911 23:04:26.017845 2942308 Coordinator.h:126] commit: 1757223 abort: 1110 (0/1110/0), network size: 0, avg network size: 0, si_in_serializable: 0 0 %, local: 0 %
I0911 23:04:27.017920 2942308 Coordinator.h:126] commit: 1755963 abort: 1096 (0/1096/0), network size: 0, avg network size: 0, si_in_serializable: 0 0 %, local: 0 %
I0911 23:04:28.017993 2942308 Coordinator.h:126] commit: 1660818 abort: 1134 (0/1134/0), network size: 0, avg network size: 0, si_in_serializable: 0 0 %, local: 0 %
I0911 23:04:29.018064 2942308 Coordinator.h:126] commit: 1754047 abort: 1089 (0/1089/0), network size: 0, avg network size: 0, si_in_serializable: 0 0 %, local: 0 %
I0911 23:04:30.018139 2942308 Coordinator.h:126] commit: 1755019 abort: 1141 (0/1141/0), network size: 0, avg network size: 0, si_in_serializable: 0 0 %, local: 0 %
I0911 23:04:31.018219 2942308 Coordinator.h:126] commit: 1759127 abort: 1129 (0/1129/0), network size: 0, avg network size: 0, si_in_serializable: 0 0 %, local: 0 %
I0911 23:04:32.018296 2942308 Coordinator.h:126] commit: 1750932 abort: 1132 (0/1132/0), network size: 0, avg network size: 0, si_in_serializable: 0 0 %, local: 0 %
I0911 23:04:33.018375 2942308 Coordinator.h:126] commit: 1756022 abort: 1162 (0/1162/0), network size: 0, avg network size: 0, si_in_serializable: 0 0 %, local: 0 %
I0911 23:04:33.018388 2942308 Coordinator.h:152] average commit: 1.73363e+06 abort: 1124.1 (0/1124.1/0), network size: 0, avg network size: 0, si_in_serializable: 0 0 %, local: 0 %
I0911 23:04:33.018812 2942336 AriaExecutor.h:94] AriaExecutor 8 exits. 
I0911 23:04:33.018822 2942344 Manager.h:227] Manager(worker id = 16) on the coordinator node exits.
I0911 23:04:33.018821 2942328 AriaExecutor.h:94] AriaExecutor 0 exits. 
I0911 23:04:33.018819 2942338 AriaExecutor.h:94] AriaExecutor 10 exits. 
I0911 23:04:33.018815 2942342 AriaExecutor.h:94] AriaExecutor 14 exits. 
I0911 23:04:33.018837 2942329 AriaExecutor.h:94] AriaExecutor 1 exits. 
I0911 23:04:33.018837 2942335 AriaExecutor.h:94] AriaExecutor 7 exits. 
I0911 23:04:33.018841 2942341 AriaExecutor.h:94] AriaExecutor 13 exits. 
I0911 23:04:33.018850 2942337 AriaExecutor.h:94] AriaExecutor 9 exits. 
I0911 23:04:33.018841 2942331 AriaExecutor.h:94] AriaExecutor 3 exits. 
I0911 23:04:33.018846 2942339 AriaExecutor.h:94] AriaExecutor 11 exits. 
I0911 23:04:33.018812 2942340 AriaExecutor.h:94] AriaExecutor 12 exits. 
I0911 23:04:33.018819 2942332 AriaExecutor.h:94] AriaExecutor 4 exits. 
I0911 23:04:33.018837 2942333 AriaExecutor.h:94] AriaExecutor 5 exits. 
I0911 23:04:33.018839 2942343 AriaExecutor.h:94] AriaExecutor 15 exits. 
I0911 23:04:33.018822 2942330 AriaExecutor.h:94] AriaExecutor 2 exits. 
I0911 23:04:33.018817 2942334 AriaExecutor.h:94] AriaExecutor 6 exits. 
I0911 23:04:33.018395 2942308 AriaExecutor.h:641] Worker 0 latency: 350 us (50%) 452 us (75%) 535 us (95%) 574 us (99%).
I0911 23:04:33.123368 2942308 AriaExecutor.h:641] Worker 1 latency: 347 us (50%) 450 us (75%) 533 us (95%) 573 us (99%).
I0911 23:04:33.238845 2942308 AriaExecutor.h:641] Worker 2 latency: 352 us (50%) 453 us (75%) 535 us (95%) 574 us (99%).
I0911 23:04:33.342396 2942308 AriaExecutor.h:641] Worker 3 latency: 347 us (50%) 450 us (75%) 533 us (95%) 573 us (99%).
I0911 23:04:33.457777 2942308 AriaExecutor.h:641] Worker 4 latency: 350 us (50%) 452 us (75%) 535 us (95%) 574 us (99%).
I0911 23:04:33.561681 2942308 AriaExecutor.h:641] Worker 5 latency: 346 us (50%) 450 us (75%) 533 us (95%) 573 us (99%).
I0911 23:04:33.675628 2942308 AriaExecutor.h:641] Worker 6 latency: 351 us (50%) 453 us (75%) 535 us (95%) 574 us (99%).
I0911 23:04:33.779126 2942308 AriaExecutor.h:641] Worker 7 latency: 347 us (50%) 450 us (75%) 533 us (95%) 573 us (99%).
I0911 23:04:33.892707 2942308 AriaExecutor.h:641] Worker 8 latency: 350 us (50%) 452 us (75%) 535 us (95%) 575 us (99%).
I0911 23:04:33.996893 2942308 AriaExecutor.h:641] Worker 9 latency: 346 us (50%) 449 us (75%) 533 us (95%) 572 us (99%).
I0911 23:04:34.110831 2942308 AriaExecutor.h:641] Worker 10 latency: 352 us (50%) 453 us (75%) 535 us (95%) 575 us (99%).
I0911 23:04:34.209224 2942308 AriaExecutor.h:641] Worker 11 latency: 347 us (50%) 449 us (75%) 533 us (95%) 573 us (99%).
I0911 23:04:34.326231 2942308 AriaExecutor.h:641] Worker 12 latency: 351 us (50%) 452 us (75%) 535 us (95%) 575 us (99%).
I0911 23:04:34.428213 2942308 AriaExecutor.h:641] Worker 13 latency: 346 us (50%) 449 us (75%) 533 us (95%) 572 us (99%).
I0911 23:04:34.543455 2942308 AriaExecutor.h:641] Worker 14 latency: 352 us (50%) 453 us (75%) 535 us (95%) 575 us (99%).
I0911 23:04:34.645560 2942308 AriaExecutor.h:641] Worker 15 latency: 347 us (50%) 450 us (75%) 533 us (95%) 573 us (99%).
I0911 23:04:34.762708 2942308 Coordinator.h:177] total commit: 1.73363e+06
I0911 23:04:35.762835 2942308 Coordinator.h:192] Coordinator exits.
