I0912 00:04:53.299132 2953855 Database.h:65] ycsb initialization finished in 147 milliseconds.
I0912 00:04:53.299242 2953855 Coordinator.h:30] Coordinator initializes 16 workers.
I0912 00:04:53.315356 2953855 Coordinator.h:77] Coordinator starts to run 17 workers.
I0912 00:04:53.315423 2953875 AriaExecutor.h:82] AriaExecutor 0 started. 
I0912 00:04:53.315449 2953876 AriaExecutor.h:82] AriaExecutor 1 started. 
I0912 00:04:53.315487 2953877 AriaExecutor.h:82] AriaExecutor 2 started. 
I0912 00:04:53.315539 2953878 AriaExecutor.h:82] AriaExecutor 3 started. 
I0912 00:04:53.315567 2953879 AriaExecutor.h:82] AriaExecutor 4 started. 
I0912 00:04:53.315610 2953880 AriaExecutor.h:82] AriaExecutor 5 started. 
I0912 00:04:53.315641 2953881 AriaExecutor.h:82] AriaExecutor 6 started. 
I0912 00:04:53.315686 2953882 AriaExecutor.h:82] AriaExecutor 7 started. 
I0912 00:04:53.315719 2953883 AriaExecutor.h:82] AriaExecutor 8 started. 
I0912 00:04:53.315763 2953884 AriaExecutor.h:82] AriaExecutor 9 started. 
I0912 00:04:53.315804 2953885 AriaExecutor.h:82] AriaExecutor 10 started. 
I0912 00:04:53.315847 2953886 AriaExecutor.h:82] AriaExecutor 11 started. 
I0912 00:04:53.315879 2953887 AriaExecutor.h:82] AriaExecutor 12 started. 
I0912 00:04:53.315922 2953888 AriaExecutor.h:82] AriaExecutor 13 started. 
I0912 00:04:53.315958 2953889 AriaExecutor.h:82] AriaExecutor 14 started. 
I0912 00:04:53.315997 2953890 AriaExecutor.h:82] AriaExecutor 15 started. 
I0912 00:04:53.316041 2953891 Manager.h:224] Manager(worker id = 16) on the coordinator node started.
I0912 00:04:54.316099 2953855 Coordinator.h:126] commit: 14624 abort: 278240 (0/278240/0), network size: 0, avg network size: 0, si_in_serializable: 0 0 %, local: 0 %
I0912 00:04:55.316226 2953855 Coordinator.h:126] commit: 14870 abort: 282090 (0/282090/0), network size: 0, avg network size: 0, si_in_serializable: 0 0 %, local: 0 %
I0912 00:04:56.316314 2953855 Coordinator.h:126] commit: 14313 abort: 272407 (0/272407/0), network size: 0, avg network size: 0, si_in_serializable: 0 0 %, local: 0 %
I0912 00:04:57.316404 2953855 Coordinator.h:126] commit: 14595 abort: 276221 (0/276221/0), network size: 0, avg network size: 0, si_in_serializable: 0 0 %, local: 0 %
I0912 00:04:58.316519 2953855 Coordinator.h:126] commit: 15283 abort: 291917 (0/291917/0), network size: 0, avg network size: 0, si_in_serializable: 0 0 %, local: 0 %
I0912 00:04:59.316605 2953855 Coordinator.h:126] commit: 15429 abort: 293819 (0/293819/0), network size: 0, avg network size: 0, si_in_serializable: 0 0 %, local: 0 %
I0912 00:05:00.316689 2953855 Coordinator.h:126] commit: 15345 abort: 291855 (0/291855/0), network size: 0, avg network size: 0, si_in_serializable: 0 0 %, local: 0 %
I0912 00:05:01.316766 2953855 Coordinator.h:126] commit: 15204 abort: 291996 (0/291996/0), network size: 0, avg network size: 0, si_in_serializable: 0 0 %, local: 0 %
I0912 00:05:02.316846 2953855 Coordinator.h:126] commit: 14819 abort: 286237 (0/286237/0), network size: 0, avg network size: 0, si_in_serializable: 0 0 %, local: 0 %
I0912 00:05:03.316941 2953855 Coordinator.h:126] commit: 15112 abort: 285944 (0/285944/0), network size: 0, avg network size: 0, si_in_serializable: 0 0 %, local: 0 %
I0912 00:05:04.317021 2953855 Coordinator.h:126] commit: 15299 abort: 293949 (0/293949/0), network size: 0, avg network size: 0, si_in_serializable: 0 0 %, local: 0 %
I0912 00:05:05.317126 2953855 Coordinator.h:126] commit: 15437 abort: 291763 (0/291763/0), network size: 0, avg network size: 0, si_in_serializable: 0 0 %, local: 0 %
I0912 00:05:06.317211 2953855 Coordinator.h:126] commit: 15547 abort: 293701 (0/293701/0), network size: 0, avg network size: 0, si_in_serializable: 0 0 %, local: 0 %
I0912 00:05:07.317291 2953855 Coordinator.h:126] commit: 15459 abort: 293789 (0/293789/0), network size: 0, avg network size: 0, si_in_serializable: 0 0 %, local: 0 %
I0912 00:05:08.317368 2953855 Coordinator.h:126] commit: 15516 abort: 295780 (0/295780/0), network size: 0, avg network size: 0, si_in_serializable: 0 0 %, local: 0 %
I0912 00:05:09.317449 2953855 Coordinator.h:126] commit: 15432 abort: 293816 (0/293816/0), network size: 0, avg network size: 0, si_in_serializable: 0 0 %, local: 0 %
I0912 00:05:10.317533 2953855 Coordinator.h:126] commit: 15461 abort: 293787 (0/293787/0), network size: 0, avg network size: 0, si_in_serializable: 0 0 %, local: 0 %
I0912 00:05:11.317611 2953855 Coordinator.h:126] commit: 15462 abort: 293786 (0/293786/0), network size: 0, avg network size: 0, si_in_serializable: 0 0 %, local: 0 %
I0912 00:05:12.317688 2953855 Coordinator.h:126] commit: 15597 abort: 295699 (0/295699/0), network size: 0, avg network size: 0, si_in_serializable: 0 0 %, local: 0 %
I0912 00:05:13.317770 2953855 Coordinator.h:126] commit: 15340 abort: 291860 (0/291860/0), network size: 0, avg network size: 0, si_in_serializable: 0 0 %, local: 0 %
I0912 00:05:14.317852 2953855 Coordinator.h:126] commit: 15418 abort: 293830 (0/293830/0), network size: 0, avg network size: 0, si_in_serializable: 0 0 %, local: 0 %
I0912 00:05:15.317934 2953855 Coordinator.h:126] commit: 15322 abort: 293926 (0/293926/0), network size: 0, avg network size: 0, si_in_serializable: 0 0 %, local: 0 %
I0912 00:05:16.318015 2953855 Coordinator.h:126] commit: 15415 abort: 295881 (0/295881/0), network size: 0, avg network size: 0, si_in_serializable: 0 0 %, local: 0 %
I0912 00:05:17.318096 2953855 Coordinator.h:126] commit: 14910 abort: 286146 (0/286146/0), network size: 0, avg network size: 0, si_in_serializable: 0 0 %, local: 0 %
I0912 00:05:18.318177 2953855 Coordinator.h:126] commit: 15122 abort: 287982 (0/287982/0), network size: 0, avg network size: 0, si_in_serializable: 0 0 %, local: 0 %
I0912 00:05:18.318189 2953855 Coordinator.h:152] average commit: 15455 abort: 293793 (0/293793/0), network size: 0, avg network size: 0, si_in_serializable: 0 0 %, local: 0 %
I0912 00:05:18.318199 2953855 AriaExecutor.h:641] Worker 0 latency: 6341 us (50%) 6531 us (75%) 6701 us (95%) 6930 us (99%).
I0912 00:05:18.322538 2953875 AriaExecutor.h:94] AriaExecutor 0 exits. 
I0912 00:05:18.322540 2953887 AriaExecutor.h:94] AriaExecutor 12 exits. 
I0912 00:05:18.322561 2953890 AriaExecutor.h:94] AriaExecutor 15 exits. 
I0912 00:05:18.322541 2953889 AriaExecutor.h:94] AriaExecutor 14 exits. 
I0912 00:05:18.322541 2953879 AriaExecutor.h:94] AriaExecutor 4 exits. 
I0912 00:05:18.322541 2953885 AriaExecutor.h:94] AriaExecutor 10 exits. 
I0912 00:05:18.322541 2953877 AriaExecutor.h:94] AriaExecutor 2 exits. 
I0912 00:05:18.322542 2953891 Manager.h:227] Manager(worker id = 16) on the coordinator node exits.
I0912 00:05:18.322538 2953883 AriaExecutor.h:94] AriaExecutor 8 exits. 
I0912 00:05:18.322557 2953882 AriaExecutor.h:94] AriaExecutor 7 exits. 
I0912 00:05:18.322557 2953880 AriaExecutor.h:94] AriaExecutor 5 exits. 
I0912 00:05:18.322558 2953876 AriaExecutor.h:94] AriaExecutor 1 exits. 
I0912 00:05:18.322542 2953881 AriaExecutor.h:94] AriaExecutor 6 exits. 
I0912 00:05:18.322556 2953888 AriaExecutor.h:94] AriaExecutor 13 exits. 
I0912 00:05:18.322557 2953886 AriaExecutor.h:94] AriaExecutor 11 exits. 
I0912 00:05:18.322557 2953884 AriaExecutor.h:94] AriaExecutor 9 exits. 
I0912 00:05:18.322559 2953878 AriaExecutor.h:94] AriaExecutor 3 exits. 
I0912 00:05:18.322794 2953855 AriaExecutor.h:641] Worker 1 latency: 6341 us (50%) 6529 us (75%) 6703 us (95%) 6940 us (99%).
I0912 00:05:18.324296 2953855 AriaExecutor.h:641] Worker 2 latency: 6339 us (50%) 6528 us (75%) 6699 us (95%) 6914 us (99%).
I0912 00:05:18.325685 2953855 AriaExecutor.h:641] Worker 3 latency: 6326 us (50%) 6527 us (75%) 6698 us (95%) 6964 us (99%).
I0912 00:05:18.327142 2953855 AriaExecutor.h:641] Worker 4 latency: 6325 us (50%) 6527 us (75%) 6702 us (95%) 6957 us (99%).
I0912 00:05:18.328522 2953855 AriaExecutor.h:641] Worker 5 latency: 6319 us (50%) 6524 us (75%) 6698 us (95%) 6942 us (99%).
I0912 00:05:18.329993 2953855 AriaExecutor.h:641] Worker 6 latency: 6318 us (50%) 6526 us (75%) 6699 us (95%) 6997 us (99%).
I0912 00:05:18.331323 2953855 AriaExecutor.h:641] Worker 7 latency: 6302 us (50%) 6522 us (75%) 6697 us (95%) 6952 us (99%).
I0912 00:05:18.332726 2953855 AriaExecutor.h:641] Worker 8 latency: 6295 us (50%) 6521 us (75%) 6691 us (95%) 6961 us (99%).
I0912 00:05:18.334021 2953855 AriaExecutor.h:641] Worker 9 latency: 6295 us (50%) 6519 us (75%) 6689 us (95%) 6917 us (99%).
I0912 00:05:18.335422 2953855 AriaExecutor.h:641] Worker 10 latency: 6284 us (50%) 6520 us (75%) 6693 us (95%) 6910 us (99%).
I0912 00:05:18.336737 2953855 AriaExecutor.h:641] Worker 11 latency: 6288 us (50%) 6518 us (75%) 6687 us (95%) 6954 us (99%).
I0912 00:05:18.338081 2953855 AriaExecutor.h:641] Worker 12 latency: 6279 us (50%) 6518 us (75%) 6690 us (95%) 6969 us (99%).
I0912 00:05:18.339355 2953855 AriaExecutor.h:641] Worker 13 latency: 6260 us (50%) 6516 us (75%) 6686 us (95%) 6937 us (99%).
I0912 00:05:18.340723 2953855 AriaExecutor.h:641] Worker 14 latency: 6266 us (50%) 6515 us (75%) 6687 us (95%) 6930 us (99%).
I0912 00:05:18.341984 2953855 AriaExecutor.h:641] Worker 15 latency: 6260 us (50%) 6514 us (75%) 6678 us (95%) 6952 us (99%).
I0912 00:05:18.343313 2953855 Coordinator.h:177] total commit: 15455
I0912 00:05:19.343427 2953855 Coordinator.h:192] Coordinator exits.
