I1126 16:10:15.274487 1033337 Database.h:65] ycsb initialization finished in 30 milliseconds.
I1126 16:10:15.274583 1033337 Coordinator.h:30] Coordinator initializes 12 workers.
I1126 16:10:15.282337 1033337 Coordinator.h:77] Coordinator starts to run 13 workers.
I1126 16:10:15.282393 1033354 AriaExecutor.h:93] AriaExecutor 0 started. 
I1126 16:10:15.282423 1033355 AriaExecutor.h:93] AriaExecutor 1 started. 
I1126 16:10:15.282464 1033356 AriaExecutor.h:93] AriaExecutor 2 started. 
I1126 16:10:15.282510 1033357 AriaExecutor.h:93] AriaExecutor 3 started. 
I1126 16:10:15.282541 1033358 AriaExecutor.h:93] AriaExecutor 4 started. 
I1126 16:10:15.282593 1033359 AriaExecutor.h:93] AriaExecutor 5 started. 
I1126 16:10:15.282642 1033360 AriaExecutor.h:93] AriaExecutor 6 started. 
I1126 16:10:15.282694 1033361 AriaExecutor.h:93] AriaExecutor 7 started. 
I1126 16:10:15.282738 1033362 AriaExecutor.h:93] AriaExecutor 8 started. 
I1126 16:10:15.282793 1033363 AriaExecutor.h:93] AriaExecutor 9 started. 
I1126 16:10:15.282837 1033364 AriaExecutor.h:93] AriaExecutor 10 started. 
I1126 16:10:15.282894 1033365 AriaExecutor.h:93] AriaExecutor 11 started. 
I1126 16:10:15.282944 1033366 Manager.h:224] Manager(worker id = 12) on the coordinator node started.
I1126 16:10:16.283010 1033337 Coordinator.h:126] commit: 6150 abort: 232850 (0/232850/0), network size: 0, avg network size: 0, si_in_serializable: 0 0 %, local: 0 %
I1126 16:10:17.283139 1033337 Coordinator.h:126] commit: 6088 abort: 232912 (0/232912/0), network size: 0, avg network size: 0, si_in_serializable: 0 0 %, local: 0 %
I1126 16:10:18.283269 1033337 Coordinator.h:126] commit: 6225 abort: 235775 (0/235775/0), network size: 0, avg network size: 0, si_in_serializable: 0 0 %, local: 0 %
I1126 16:10:19.283381 1033337 Coordinator.h:126] commit: 6018 abort: 235982 (0/235982/0), network size: 0, avg network size: 0, si_in_serializable: 0 0 %, local: 0 %
I1126 16:10:20.283483 1033337 Coordinator.h:126] commit: 6147 abort: 235853 (0/235853/0), network size: 0, avg network size: 0, si_in_serializable: 0 0 %, local: 0 %
I1126 16:10:21.283582 1033337 Coordinator.h:126] commit: 6004 abort: 232996 (0/232996/0), network size: 0, avg network size: 0, si_in_serializable: 0 0 %, local: 0 %
I1126 16:10:22.283712 1033337 Coordinator.h:126] commit: 6229 abort: 236771 (0/236771/0), network size: 0, avg network size: 0, si_in_serializable: 0 0 %, local: 0 %
I1126 16:10:23.283819 1033337 Coordinator.h:126] commit: 6113 abort: 236887 (0/236887/0), network size: 0, avg network size: 0, si_in_serializable: 0 0 %, local: 0 %
I1126 16:10:24.283917 1033337 Coordinator.h:126] commit: 6267 abort: 236733 (0/236733/0), network size: 0, avg network size: 0, si_in_serializable: 0 0 %, local: 0 %
I1126 16:10:25.284019 1033337 Coordinator.h:126] commit: 6244 abort: 235756 (0/235756/0), network size: 0, avg network size: 0, si_in_serializable: 0 0 %, local: 0 %
I1126 16:10:26.284117 1033337 Coordinator.h:126] commit: 6163 abort: 236837 (0/236837/0), network size: 0, avg network size: 0, si_in_serializable: 0 0 %, local: 0 %
I1126 16:10:27.284215 1033337 Coordinator.h:126] commit: 6095 abort: 235905 (0/235905/0), network size: 0, avg network size: 0, si_in_serializable: 0 0 %, local: 0 %
I1126 16:10:28.284312 1033337 Coordinator.h:126] commit: 6171 abort: 236829 (0/236829/0), network size: 0, avg network size: 0, si_in_serializable: 0 0 %, local: 0 %
I1126 16:10:29.284410 1033337 Coordinator.h:126] commit: 6166 abort: 236834 (0/236834/0), network size: 0, avg network size: 0, si_in_serializable: 0 0 %, local: 0 %
I1126 16:10:30.284511 1033337 Coordinator.h:126] commit: 6261 abort: 236739 (0/236739/0), network size: 0, avg network size: 0, si_in_serializable: 0 0 %, local: 0 %
I1126 16:10:31.284610 1033337 Coordinator.h:126] commit: 6284 abort: 234716 (0/234716/0), network size: 0, avg network size: 0, si_in_serializable: 0 0 %, local: 0 %
I1126 16:10:32.284709 1033337 Coordinator.h:126] commit: 6219 abort: 233781 (0/233781/0), network size: 0, avg network size: 0, si_in_serializable: 0 0 %, local: 0 %
I1126 16:10:33.284811 1033337 Coordinator.h:126] commit: 6101 abort: 235899 (0/235899/0), network size: 0, avg network size: 0, si_in_serializable: 0 0 %, local: 0 %
I1126 16:10:34.284912 1033337 Coordinator.h:126] commit: 6141 abort: 236859 (0/236859/0), network size: 0, avg network size: 0, si_in_serializable: 0 0 %, local: 0 %
I1126 16:10:35.285013 1033337 Coordinator.h:126] commit: 6336 abort: 235664 (0/235664/0), network size: 0, avg network size: 0, si_in_serializable: 0 0 %, local: 0 %
I1126 16:10:36.285112 1033337 Coordinator.h:126] commit: 6185 abort: 235815 (0/235815/0), network size: 0, avg network size: 0, si_in_serializable: 0 0 %, local: 0 %
I1126 16:10:37.285246 1033337 Coordinator.h:126] commit: 6121 abort: 235879 (0/235879/0), network size: 0, avg network size: 0, si_in_serializable: 0 0 %, local: 0 %
I1126 16:10:38.285352 1033337 Coordinator.h:126] commit: 6226 abort: 236774 (0/236774/0), network size: 0, avg network size: 0, si_in_serializable: 0 0 %, local: 0 %
I1126 16:10:39.285450 1033337 Coordinator.h:126] commit: 6166 abort: 234834 (0/234834/0), network size: 0, avg network size: 0, si_in_serializable: 0 0 %, local: 0 %
I1126 16:10:40.285550 1033337 Coordinator.h:126] commit: 6098 abort: 236902 (0/236902/0), network size: 0, avg network size: 0, si_in_serializable: 0 0 %, local: 0 %
I1126 16:10:40.285578 1033337 Coordinator.h:152] average commit: 6193.7 abort: 236006 (0/236006/0), network size: 0, avg network size: 0, si_in_serializable: 0 0 %, local: 0 %
I1126 16:10:40.285589 1033337 AriaExecutor.h:672] Worker 0 latency: 4057 us (50%) 4097 us (75%) 4150 us (95%) 4252 us (99%).
I1126 16:10:40.289620 1033366 Manager.h:227] Manager(worker id = 12) on the coordinator node exits.
I1126 16:10:40.289623 1033364 AriaExecutor.h:105] AriaExecutor 10 exits. 
I1126 16:10:40.289631 1033354 AriaExecutor.h:105] AriaExecutor 0 exits. 
I1126 16:10:40.289623 1033362 AriaExecutor.h:105] AriaExecutor 8 exits. 
I1126 16:10:40.289638 1033355 AriaExecutor.h:105] AriaExecutor 1 exits. 
I1126 16:10:40.289633 1033356 AriaExecutor.h:105] AriaExecutor 2 exits. 
I1126 16:10:40.289638 1033361 AriaExecutor.h:105] AriaExecutor 7 exits. 
I1126 16:10:40.289639 1033363 AriaExecutor.h:105] AriaExecutor 9 exits. 
I1126 16:10:40.289624 1033360 AriaExecutor.h:105] AriaExecutor 6 exits. 
I1126 16:10:40.289642 1033359 AriaExecutor.h:105] AriaExecutor 5 exits. 
I1126 16:10:40.289641 1033365 AriaExecutor.h:105] AriaExecutor 11 exits. 
I1126 16:10:40.289633 1033358 AriaExecutor.h:105] AriaExecutor 4 exits. 
I1126 16:10:40.289640 1033357 AriaExecutor.h:105] AriaExecutor 3 exits. 
I1126 16:10:40.289773 1033337 AriaExecutor.h:672] Worker 1 latency: 4055 us (50%) 4096 us (75%) 4149 us (95%) 4252 us (99%).
I1126 16:10:40.290706 1033337 AriaExecutor.h:672] Worker 2 latency: 4054 us (50%) 4095 us (75%) 4148 us (95%) 4247 us (99%).
I1126 16:10:40.291465 1033337 AriaExecutor.h:672] Worker 3 latency: 4051 us (50%) 4094 us (75%) 4148 us (95%) 4246 us (99%).
I1126 16:10:40.292217 1033337 AriaExecutor.h:672] Worker 4 latency: 4046 us (50%) 4091 us (75%) 4145 us (95%) 4247 us (99%).
I1126 16:10:40.292943 1033337 AriaExecutor.h:672] Worker 5 latency: 4043 us (50%) 4090 us (75%) 4143 us (95%) 4243 us (99%).
I1126 16:10:40.293650 1033337 AriaExecutor.h:672] Worker 6 latency: 4042 us (50%) 4090 us (75%) 4144 us (95%) 4254 us (99%).
I1126 16:10:40.294277 1033337 AriaExecutor.h:672] Worker 7 latency: 4040 us (50%) 4088 us (75%) 4143 us (95%) 4244 us (99%).
I1126 16:10:40.294898 1033337 AriaExecutor.h:672] Worker 8 latency: 4039 us (50%) 4088 us (75%) 4144 us (95%) 4230 us (99%).
I1126 16:10:40.295481 1033337 AriaExecutor.h:672] Worker 9 latency: 4034 us (50%) 4085 us (75%) 4140 us (95%) 4240 us (99%).
I1126 16:10:40.296070 1033337 AriaExecutor.h:672] Worker 10 latency: 4032 us (50%) 4085 us (75%) 4140 us (95%) 4241 us (99%).
I1126 16:10:40.296615 1033337 AriaExecutor.h:672] Worker 11 latency: 4030 us (50%) 4083 us (75%) 4139 us (95%) 4222 us (99%).
I1126 16:10:40.297163 1033337 Coordinator.h:177] total commit: 6193.7
I1126 16:10:41.297281 1033337 Coordinator.h:192] Coordinator exits.
