I1126 17:15:19.758671 1051863 Database.h:65] ycsb initialization finished in 30 milliseconds.
I1126 17:15:19.758766 1051863 Coordinator.h:30] Coordinator initializes 12 workers.
I1126 17:15:19.759637 1051863 Coordinator.h:77] Coordinator starts to run 13 workers.
I1126 17:15:19.759694 1051879 AriaExecutor.h:91] AriaExecutor 0 started. 
I1126 17:15:19.759732 1051880 AriaExecutor.h:91] AriaExecutor 1 started. 
I1126 17:15:19.759773 1051881 AriaExecutor.h:91] AriaExecutor 2 started. 
I1126 17:15:19.759820 1051882 AriaExecutor.h:91] AriaExecutor 3 started. 
I1126 17:15:19.759907 1051884 AriaExecutor.h:91] AriaExecutor 5 started. 
I1126 17:15:19.759946 1051885 AriaExecutor.h:91] AriaExecutor 6 started. 
I1126 17:15:19.759985 1051886 AriaExecutor.h:91] AriaExecutor 7 started. 
I1126 17:15:19.760023 1051887 AriaExecutor.h:91] AriaExecutor 8 started. 
I1126 17:15:19.760063 1051888 AriaExecutor.h:91] AriaExecutor 9 started. 
I1126 17:15:19.760094 1051889 AriaExecutor.h:91] AriaExecutor 10 started. 
I1126 17:15:19.760146 1051890 AriaExecutor.h:91] AriaExecutor 11 started. 
I1126 17:15:19.760174 1051883 AriaExecutor.h:91] AriaExecutor 4 started. 
I1126 17:15:19.760177 1051891 Manager.h:224] Manager(worker id = 12) on the coordinator node started.
I1126 17:15:20.760243 1051863 Coordinator.h:126] commit: 1360999 abort: 37001 (0/37001/0), network size: 0, avg network size: 0, si_in_serializable: 0 0 %, local: 0 %
I1126 17:15:21.760351 1051863 Coordinator.h:126] commit: 1354034 abort: 36966 (0/36966/0), network size: 0, avg network size: 0, si_in_serializable: 0 0 %, local: 0 %
I1126 17:15:22.760458 1051863 Coordinator.h:126] commit: 1364356 abort: 37644 (0/37644/0), network size: 0, avg network size: 0, si_in_serializable: 0 0 %, local: 0 %
I1126 17:15:23.760556 1051863 Coordinator.h:126] commit: 1385065 abort: 37935 (0/37935/0), network size: 0, avg network size: 0, si_in_serializable: 0 0 %, local: 0 %
I1126 17:15:24.760640 1051863 Coordinator.h:126] commit: 1356003 abort: 36997 (0/36997/0), network size: 0, avg network size: 0, si_in_serializable: 0 0 %, local: 0 %
I1126 17:15:25.760737 1051863 Coordinator.h:126] commit: 1383104 abort: 37896 (0/37896/0), network size: 0, avg network size: 0, si_in_serializable: 0 0 %, local: 0 %
I1126 17:15:26.760839 1051863 Coordinator.h:126] commit: 1363838 abort: 37162 (0/37162/0), network size: 0, avg network size: 0, si_in_serializable: 0 0 %, local: 0 %
I1126 17:15:27.760923 1051863 Coordinator.h:126] commit: 1384017 abort: 37983 (0/37983/0), network size: 0, avg network size: 0, si_in_serializable: 0 0 %, local: 0 %
I1126 17:15:28.761004 1051863 Coordinator.h:126] commit: 1383320 abort: 37680 (0/37680/0), network size: 0, avg network size: 0, si_in_serializable: 0 0 %, local: 0 %
I1126 17:15:29.761093 1051863 Coordinator.h:126] commit: 1290614 abort: 35386 (0/35386/0), network size: 0, avg network size: 0, si_in_serializable: 0 0 %, local: 0 %
I1126 17:15:30.761169 1051863 Coordinator.h:126] commit: 1384243 abort: 37757 (0/37757/0), network size: 0, avg network size: 0, si_in_serializable: 0 0 %, local: 0 %
I1126 17:15:31.761248 1051863 Coordinator.h:126] commit: 1375241 abort: 37759 (0/37759/0), network size: 0, avg network size: 0, si_in_serializable: 0 0 %, local: 0 %
I1126 17:15:32.761340 1051863 Coordinator.h:126] commit: 1380614 abort: 37386 (0/37386/0), network size: 0, avg network size: 0, si_in_serializable: 0 0 %, local: 0 %
I1126 17:15:33.761420 1051863 Coordinator.h:126] commit: 1381312 abort: 37688 (0/37688/0), network size: 0, avg network size: 0, si_in_serializable: 0 0 %, local: 0 %
I1126 17:15:34.761523 1051863 Coordinator.h:126] commit: 1364835 abort: 37165 (0/37165/0), network size: 0, avg network size: 0, si_in_serializable: 0 0 %, local: 0 %
I1126 17:15:35.761602 1051863 Coordinator.h:126] commit: 1378076 abort: 37924 (0/37924/0), network size: 0, avg network size: 0, si_in_serializable: 0 0 %, local: 0 %
I1126 17:15:36.761678 1051863 Coordinator.h:126] commit: 1382331 abort: 37669 (0/37669/0), network size: 0, avg network size: 0, si_in_serializable: 0 0 %, local: 0 %
I1126 17:15:37.761759 1051863 Coordinator.h:126] commit: 1377334 abort: 37666 (0/37666/0), network size: 0, avg network size: 0, si_in_serializable: 0 0 %, local: 0 %
I1126 17:15:38.761852 1051863 Coordinator.h:126] commit: 1209962 abort: 33038 (0/33038/0), network size: 0, avg network size: 0, si_in_serializable: 0 0 %, local: 0 %
I1126 17:15:39.761935 1051863 Coordinator.h:126] commit: 1382223 abort: 37777 (0/37777/0), network size: 0, avg network size: 0, si_in_serializable: 0 0 %, local: 0 %
I1126 17:15:40.762030 1051863 Coordinator.h:126] commit: 1384808 abort: 38192 (0/38192/0), network size: 0, avg network size: 0, si_in_serializable: 0 0 %, local: 0 %
I1126 17:15:41.762113 1051863 Coordinator.h:126] commit: 1382754 abort: 38246 (0/38246/0), network size: 0, avg network size: 0, si_in_serializable: 0 0 %, local: 0 %
I1126 17:15:42.762194 1051863 Coordinator.h:126] commit: 1384203 abort: 37797 (0/37797/0), network size: 0, avg network size: 0, si_in_serializable: 0 0 %, local: 0 %
I1126 17:15:43.762275 1051863 Coordinator.h:126] commit: 1380186 abort: 37814 (0/37814/0), network size: 0, avg network size: 0, si_in_serializable: 0 0 %, local: 0 %
I1126 17:15:44.762375 1051863 Coordinator.h:126] commit: 1384295 abort: 37705 (0/37705/0), network size: 0, avg network size: 0, si_in_serializable: 0 0 %, local: 0 %
I1126 17:15:44.762385 1051863 Coordinator.h:152] average commit: 1.36162e+06 abort: 37182.9 (0/37182.9/0), network size: 0, avg network size: 0, si_in_serializable: 0 0 %, local: 0 %
I1126 17:15:44.762548 1051891 Manager.h:227] Manager(worker id = 12) on the coordinator node exits.
I1126 17:15:44.762550 1051879 AriaExecutor.h:103] AriaExecutor 0 exits. 
I1126 17:15:44.762552 1051889 AriaExecutor.h:103] AriaExecutor 10 exits. 
I1126 17:15:44.762563 1051884 AriaExecutor.h:103] AriaExecutor 5 exits. 
I1126 17:15:44.762578 1051886 AriaExecutor.h:103] AriaExecutor 7 exits. 
I1126 17:15:44.762563 1051880 AriaExecutor.h:103] AriaExecutor 1 exits. 
I1126 17:15:44.762549 1051887 AriaExecutor.h:103] AriaExecutor 8 exits. 
I1126 17:15:44.762563 1051890 AriaExecutor.h:103] AriaExecutor 11 exits. 
I1126 17:15:44.762563 1051882 AriaExecutor.h:103] AriaExecutor 3 exits. 
I1126 17:15:44.762578 1051888 AriaExecutor.h:103] AriaExecutor 9 exits. 
I1126 17:15:44.762552 1051881 AriaExecutor.h:103] AriaExecutor 2 exits. 
I1126 17:15:44.762552 1051883 AriaExecutor.h:103] AriaExecutor 4 exits. 
I1126 17:15:44.762553 1051885 AriaExecutor.h:103] AriaExecutor 6 exits. 
I1126 17:15:44.762394 1051863 AriaExecutor.h:621] Worker 0 latency: 526 us (50%) 576 us (75%) 619 us (95%) 639 us (99%).
I1126 17:15:44.863833 1051863 AriaExecutor.h:621] Worker 1 latency: 523 us (50%) 574 us (75%) 618 us (95%) 637 us (99%).
I1126 17:15:44.968116 1051863 AriaExecutor.h:621] Worker 2 latency: 527 us (50%) 576 us (75%) 619 us (95%) 639 us (99%).
I1126 17:15:45.070343 1051863 AriaExecutor.h:621] Worker 3 latency: 525 us (50%) 575 us (75%) 618 us (95%) 638 us (99%).
I1126 17:15:45.172945 1051863 AriaExecutor.h:621] Worker 4 latency: 527 us (50%) 576 us (75%) 619 us (95%) 639 us (99%).
I1126 17:15:45.272325 1051863 AriaExecutor.h:621] Worker 5 latency: 524 us (50%) 573 us (75%) 617 us (95%) 637 us (99%).
I1126 17:15:45.372756 1051863 AriaExecutor.h:621] Worker 6 latency: 531 us (50%) 578 us (75%) 619 us (95%) 639 us (99%).
I1126 17:15:45.474336 1051863 AriaExecutor.h:621] Worker 7 latency: 524 us (50%) 574 us (75%) 617 us (95%) 637 us (99%).
I1126 17:15:45.573961 1051863 AriaExecutor.h:621] Worker 8 latency: 528 us (50%) 576 us (75%) 619 us (95%) 639 us (99%).
I1126 17:15:45.673372 1051863 AriaExecutor.h:621] Worker 9 latency: 526 us (50%) 574 us (75%) 618 us (95%) 637 us (99%).
I1126 17:15:45.773702 1051863 AriaExecutor.h:621] Worker 10 latency: 531 us (50%) 578 us (75%) 619 us (95%) 639 us (99%).
I1126 17:15:45.872408 1051863 AriaExecutor.h:621] Worker 11 latency: 527 us (50%) 575 us (75%) 618 us (95%) 638 us (99%).
I1126 17:15:45.974294 1051863 Coordinator.h:177] total commit: 1.36162e+06
I1126 17:15:46.974411 1051863 Coordinator.h:192] Coordinator exits.
