I1126 17:14:23.828393 1051616 Database.h:65] ycsb initialization finished in 29 milliseconds.
I1126 17:14:23.828491 1051616 Coordinator.h:30] Coordinator initializes 12 workers.
I1126 17:14:23.829373 1051616 Coordinator.h:77] Coordinator starts to run 13 workers.
I1126 17:14:23.829420 1051632 AriaExecutor.h:91] AriaExecutor 0 started. 
I1126 17:14:23.829450 1051633 AriaExecutor.h:91] AriaExecutor 1 started. 
I1126 17:14:23.829489 1051634 AriaExecutor.h:91] AriaExecutor 2 started. 
I1126 17:14:23.829532 1051635 AriaExecutor.h:91] AriaExecutor 3 started. 
I1126 17:14:23.829605 1051637 AriaExecutor.h:91] AriaExecutor 5 started. 
I1126 17:14:23.829659 1051638 AriaExecutor.h:91] AriaExecutor 6 started. 
I1126 17:14:23.829696 1051639 AriaExecutor.h:91] AriaExecutor 7 started. 
I1126 17:14:23.829730 1051640 AriaExecutor.h:91] AriaExecutor 8 started. 
I1126 17:14:23.829772 1051641 AriaExecutor.h:91] AriaExecutor 9 started. 
I1126 17:14:23.829808 1051642 AriaExecutor.h:91] AriaExecutor 10 started. 
I1126 17:14:23.829859 1051643 AriaExecutor.h:91] AriaExecutor 11 started. 
I1126 17:14:23.829902 1051636 AriaExecutor.h:91] AriaExecutor 4 started. 
I1126 17:14:23.829905 1051644 Manager.h:224] Manager(worker id = 12) on the coordinator node started.
I1126 17:14:24.829968 1051616 Coordinator.h:126] commit: 2070685 abort: 9315 (0/9315/0), network size: 0, avg network size: 0, si_in_serializable: 0 0 %, local: 0 %
I1126 17:14:25.830082 1051616 Coordinator.h:126] commit: 2049659 abort: 9341 (0/9341/0), network size: 0, avg network size: 0, si_in_serializable: 0 0 %, local: 0 %
I1126 17:14:26.830188 1051616 Coordinator.h:126] commit: 2090573 abort: 9427 (0/9427/0), network size: 0, avg network size: 0, si_in_serializable: 0 0 %, local: 0 %
I1126 17:14:27.830291 1051616 Coordinator.h:126] commit: 2073570 abort: 9430 (0/9430/0), network size: 0, avg network size: 0, si_in_serializable: 0 0 %, local: 0 %
I1126 17:14:28.830367 1051616 Coordinator.h:126] commit: 2098416 abort: 9584 (0/9584/0), network size: 0, avg network size: 0, si_in_serializable: 0 0 %, local: 0 %
I1126 17:14:29.830449 1051616 Coordinator.h:126] commit: 2099318 abort: 9649 (0/9649/0), network size: 0, avg network size: 0, si_in_serializable: 0 0 %, local: 0 %
I1126 17:14:30.830544 1051616 Coordinator.h:126] commit: 1966159 abort: 8874 (0/8874/0), network size: 0, avg network size: 0, si_in_serializable: 0 0 %, local: 0 %
I1126 17:14:31.830627 1051616 Coordinator.h:126] commit: 2090537 abort: 9463 (0/9463/0), network size: 0, avg network size: 0, si_in_serializable: 0 0 %, local: 0 %
I1126 17:14:32.830716 1051616 Coordinator.h:126] commit: 2088686 abort: 9314 (0/9314/0), network size: 0, avg network size: 0, si_in_serializable: 0 0 %, local: 0 %
I1126 17:14:33.830811 1051616 Coordinator.h:126] commit: 2091602 abort: 9398 (0/9398/0), network size: 0, avg network size: 0, si_in_serializable: 0 0 %, local: 0 %
I1126 17:14:34.830888 1051616 Coordinator.h:126] commit: 2089585 abort: 9415 (0/9415/0), network size: 0, avg network size: 0, si_in_serializable: 0 0 %, local: 0 %
I1126 17:14:35.830964 1051616 Coordinator.h:126] commit: 2090613 abort: 9387 (0/9387/0), network size: 0, avg network size: 0, si_in_serializable: 0 0 %, local: 0 %
I1126 17:14:36.831041 1051616 Coordinator.h:126] commit: 1902357 abort: 8643 (0/8643/0), network size: 0, avg network size: 0, si_in_serializable: 0 0 %, local: 0 %
I1126 17:14:37.831125 1051616 Coordinator.h:126] commit: 2094737 abort: 9263 (0/9263/0), network size: 0, avg network size: 0, si_in_serializable: 0 0 %, local: 0 %
I1126 17:14:38.831202 1051616 Coordinator.h:126] commit: 2087520 abort: 9465 (0/9465/0), network size: 0, avg network size: 0, si_in_serializable: 0 0 %, local: 0 %
I1126 17:14:39.831297 1051616 Coordinator.h:126] commit: 2091439 abort: 9576 (0/9576/0), network size: 0, avg network size: 0, si_in_serializable: 0 0 %, local: 0 %
I1126 17:14:40.831372 1051616 Coordinator.h:126] commit: 2073760 abort: 9240 (0/9240/0), network size: 0, avg network size: 0, si_in_serializable: 0 0 %, local: 0 %
I1126 17:14:41.831467 1051616 Coordinator.h:126] commit: 2062919 abort: 9081 (0/9081/0), network size: 0, avg network size: 0, si_in_serializable: 0 0 %, local: 0 %
I1126 17:14:42.831552 1051616 Coordinator.h:126] commit: 2081627 abort: 9373 (0/9373/0), network size: 0, avg network size: 0, si_in_serializable: 0 0 %, local: 0 %
I1126 17:14:43.831631 1051616 Coordinator.h:126] commit: 2084592 abort: 9408 (0/9408/0), network size: 0, avg network size: 0, si_in_serializable: 0 0 %, local: 0 %
I1126 17:14:44.831702 1051616 Coordinator.h:126] commit: 2084639 abort: 9361 (0/9361/0), network size: 0, avg network size: 0, si_in_serializable: 0 0 %, local: 0 %
I1126 17:14:45.831779 1051616 Coordinator.h:126] commit: 2079583 abort: 9417 (0/9417/0), network size: 0, avg network size: 0, si_in_serializable: 0 0 %, local: 0 %
I1126 17:14:46.831856 1051616 Coordinator.h:126] commit: 2087755 abort: 9244 (0/9244/0), network size: 0, avg network size: 0, si_in_serializable: 0 0 %, local: 0 %
I1126 17:14:47.831936 1051616 Coordinator.h:126] commit: 2078608 abort: 9393 (0/9393/0), network size: 0, avg network size: 0, si_in_serializable: 0 0 %, local: 0 %
I1126 17:14:48.832032 1051616 Coordinator.h:126] commit: 1751136 abort: 7864 (0/7864/0), network size: 0, avg network size: 0, si_in_serializable: 0 0 %, local: 0 %
I1126 17:14:48.832046 1051616 Coordinator.h:152] average commit: 2.06591e+06 abort: 9285.1 (0/9285.1/0), network size: 0, avg network size: 0, si_in_serializable: 0 0 %, local: 0 %
I1126 17:14:48.832120 1051642 AriaExecutor.h:103] AriaExecutor 10 exits. 
I1126 17:14:48.832123 1051632 AriaExecutor.h:103] AriaExecutor 0 exits. 
I1126 17:14:48.832131 1051635 AriaExecutor.h:103] AriaExecutor 3 exits. 
I1126 17:14:48.832132 1051643 AriaExecutor.h:103] AriaExecutor 11 exits. 
I1126 17:14:48.832122 1051634 AriaExecutor.h:103] AriaExecutor 2 exits. 
I1126 17:14:48.832132 1051641 AriaExecutor.h:103] AriaExecutor 9 exits. 
I1126 17:14:48.832139 1051636 AriaExecutor.h:103] AriaExecutor 4 exits. 
I1126 17:14:48.832123 1051644 Manager.h:227] Manager(worker id = 12) on the coordinator node exits.
I1126 17:14:48.832132 1051633 AriaExecutor.h:103] AriaExecutor 1 exits. 
I1126 17:14:48.832144 1051639 AriaExecutor.h:103] AriaExecutor 7 exits. 
I1126 17:14:48.832124 1051638 AriaExecutor.h:103] AriaExecutor 6 exits. 
I1126 17:14:48.832120 1051640 AriaExecutor.h:103] AriaExecutor 8 exits. 
I1126 17:14:48.832131 1051637 AriaExecutor.h:103] AriaExecutor 5 exits. 
I1126 17:14:48.832060 1051616 AriaExecutor.h:621] Worker 0 latency: 316 us (50%) 369 us (75%) 415 us (95%) 429 us (99%).
I1126 17:14:48.984474 1051616 AriaExecutor.h:621] Worker 1 latency: 313 us (50%) 367 us (75%) 413 us (95%) 428 us (99%).
I1126 17:14:49.142966 1051616 AriaExecutor.h:621] Worker 2 latency: 317 us (50%) 369 us (75%) 414 us (95%) 429 us (99%).
I1126 17:14:49.297353 1051616 AriaExecutor.h:621] Worker 3 latency: 316 us (50%) 368 us (75%) 413 us (95%) 428 us (99%).
I1126 17:14:49.456252 1051616 AriaExecutor.h:621] Worker 4 latency: 317 us (50%) 369 us (75%) 414 us (95%) 429 us (99%).
I1126 17:14:49.609539 1051616 AriaExecutor.h:621] Worker 5 latency: 314 us (50%) 367 us (75%) 413 us (95%) 428 us (99%).
I1126 17:14:49.764999 1051616 AriaExecutor.h:621] Worker 6 latency: 321 us (50%) 371 us (75%) 415 us (95%) 429 us (99%).
I1126 17:14:49.916107 1051616 AriaExecutor.h:621] Worker 7 latency: 316 us (50%) 368 us (75%) 413 us (95%) 428 us (99%).
I1126 17:14:50.069108 1051616 AriaExecutor.h:621] Worker 8 latency: 321 us (50%) 371 us (75%) 415 us (95%) 429 us (99%).
I1126 17:14:50.221354 1051616 AriaExecutor.h:621] Worker 9 latency: 317 us (50%) 368 us (75%) 413 us (95%) 428 us (99%).
I1126 17:14:50.374010 1051616 AriaExecutor.h:621] Worker 10 latency: 321 us (50%) 371 us (75%) 415 us (95%) 429 us (99%).
I1126 17:14:50.527248 1051616 AriaExecutor.h:621] Worker 11 latency: 318 us (50%) 368 us (75%) 413 us (95%) 428 us (99%).
I1126 17:14:50.679752 1051616 Coordinator.h:177] total commit: 2.06591e+06
I1126 17:14:51.679864 1051616 Coordinator.h:192] Coordinator exits.
