I1126 13:36:26.209035 938559 Database.h:65] ycsb initialization finished in 30 milliseconds.
I1126 13:36:26.209129 938559 Coordinator.h:30] Coordinator initializes 12 workers.
I1126 13:36:26.216655 938559 Coordinator.h:77] Coordinator starts to run 13 workers.
I1126 13:36:26.216725 938578 AriaExecutor.h:82] AriaExecutor 0 started. 
I1126 13:36:26.216747 938579 AriaExecutor.h:82] AriaExecutor 1 started. 
I1126 13:36:26.216787 938580 AriaExecutor.h:82] AriaExecutor 2 started. 
I1126 13:36:26.216821 938581 AriaExecutor.h:82] AriaExecutor 3 started. 
I1126 13:36:26.216851 938582 AriaExecutor.h:82] AriaExecutor 4 started. 
I1126 13:36:26.216892 938583 AriaExecutor.h:82] AriaExecutor 5 started. 
I1126 13:36:26.216917 938584 AriaExecutor.h:82] AriaExecutor 6 started. 
I1126 13:36:26.216954 938585 AriaExecutor.h:82] AriaExecutor 7 started. 
I1126 13:36:26.216986 938586 AriaExecutor.h:82] AriaExecutor 8 started. 
I1126 13:36:26.217021 938587 AriaExecutor.h:82] AriaExecutor 9 started. 
I1126 13:36:26.217054 938588 AriaExecutor.h:82] AriaExecutor 10 started. 
I1126 13:36:26.217085 938589 AriaExecutor.h:82] AriaExecutor 11 started. 
I1126 13:36:26.217119 938590 Manager.h:224] Manager(worker id = 12) on the coordinator node started.
I1126 13:36:27.217176 938559 Coordinator.h:126] commit: 53211 abort: 176789 (0/176789/0), network size: 0, avg network size: 0, si_in_serializable: 0 0 %, local: 0 %
I1126 13:36:28.217288 938559 Coordinator.h:126] commit: 52927 abort: 177073 (0/177073/0), network size: 0, avg network size: 0, si_in_serializable: 0 0 %, local: 0 %
I1126 13:36:29.217407 938559 Coordinator.h:126] commit: 53967 abort: 180033 (0/180033/0), network size: 0, avg network size: 0, si_in_serializable: 0 0 %, local: 0 %
I1126 13:36:30.217500 938559 Coordinator.h:126] commit: 53919 abort: 180081 (0/180081/0), network size: 0, avg network size: 0, si_in_serializable: 0 0 %, local: 0 %
I1126 13:36:31.217587 938559 Coordinator.h:126] commit: 53855 abort: 180145 (0/180145/0), network size: 0, avg network size: 0, si_in_serializable: 0 0 %, local: 0 %
I1126 13:36:32.217669 938559 Coordinator.h:126] commit: 53602 abort: 178398 (0/178398/0), network size: 0, avg network size: 0, si_in_serializable: 0 0 %, local: 0 %
I1126 13:36:33.217772 938559 Coordinator.h:126] commit: 54236 abort: 180764 (0/180764/0), network size: 0, avg network size: 0, si_in_serializable: 0 0 %, local: 0 %
I1126 13:36:34.217872 938559 Coordinator.h:126] commit: 53952 abort: 179048 (0/179048/0), network size: 0, avg network size: 0, si_in_serializable: 0 0 %, local: 0 %
I1126 13:36:35.217974 938559 Coordinator.h:126] commit: 54472 abort: 180528 (0/180528/0), network size: 0, avg network size: 0, si_in_serializable: 0 0 %, local: 0 %
I1126 13:36:36.218068 938559 Coordinator.h:126] commit: 54466 abort: 180534 (0/180534/0), network size: 0, avg network size: 0, si_in_serializable: 0 0 %, local: 0 %
I1126 13:36:37.218152 938559 Coordinator.h:126] commit: 53752 abort: 178248 (0/178248/0), network size: 0, avg network size: 0, si_in_serializable: 0 0 %, local: 0 %
I1126 13:36:38.218235 938559 Coordinator.h:126] commit: 54356 abort: 180644 (0/180644/0), network size: 0, avg network size: 0, si_in_serializable: 0 0 %, local: 0 %
I1126 13:36:39.218320 938559 Coordinator.h:126] commit: 54016 abort: 179984 (0/179984/0), network size: 0, avg network size: 0, si_in_serializable: 0 0 %, local: 0 %
I1126 13:36:40.218408 938559 Coordinator.h:126] commit: 54386 abort: 180614 (0/180614/0), network size: 0, avg network size: 0, si_in_serializable: 0 0 %, local: 0 %
I1126 13:36:41.218546 938559 Coordinator.h:126] commit: 53445 abort: 178555 (0/178555/0), network size: 0, avg network size: 0, si_in_serializable: 0 0 %, local: 0 %
I1126 13:36:42.218657 938559 Coordinator.h:126] commit: 54345 abort: 179655 (0/179655/0), network size: 0, avg network size: 0, si_in_serializable: 0 0 %, local: 0 %
I1126 13:36:43.218740 938559 Coordinator.h:126] commit: 53962 abort: 180038 (0/180038/0), network size: 0, avg network size: 0, si_in_serializable: 0 0 %, local: 0 %
I1126 13:36:44.218827 938559 Coordinator.h:126] commit: 54351 abort: 179649 (0/179649/0), network size: 0, avg network size: 0, si_in_serializable: 0 0 %, local: 0 %
I1126 13:36:45.218912 938559 Coordinator.h:126] commit: 54387 abort: 179613 (0/179613/0), network size: 0, avg network size: 0, si_in_serializable: 0 0 %, local: 0 %
I1126 13:36:46.219020 938559 Coordinator.h:126] commit: 53890 abort: 180110 (0/180110/0), network size: 0, avg network size: 0, si_in_serializable: 0 0 %, local: 0 %
I1126 13:36:47.219121 938559 Coordinator.h:126] commit: 53791 abort: 179209 (0/179209/0), network size: 0, avg network size: 0, si_in_serializable: 0 0 %, local: 0 %
I1126 13:36:48.219211 938559 Coordinator.h:126] commit: 54012 abort: 179988 (0/179988/0), network size: 0, avg network size: 0, si_in_serializable: 0 0 %, local: 0 %
I1126 13:36:49.219295 938559 Coordinator.h:126] commit: 53835 abort: 180165 (0/180165/0), network size: 0, avg network size: 0, si_in_serializable: 0 0 %, local: 0 %
I1126 13:36:50.219388 938559 Coordinator.h:126] commit: 53520 abort: 177480 (0/177480/0), network size: 0, avg network size: 0, si_in_serializable: 0 0 %, local: 0 %
I1126 13:36:51.219519 938559 Coordinator.h:126] commit: 54078 abort: 179922 (0/179922/0), network size: 0, avg network size: 0, si_in_serializable: 0 0 %, local: 0 %
I1126 13:36:51.219553 938559 Coordinator.h:152] average commit: 54089 abort: 179711 (0/179711/0), network size: 0, avg network size: 0, si_in_serializable: 0 0 %, local: 0 %
I1126 13:36:51.221239 938590 Manager.h:227] Manager(worker id = 12) on the coordinator node exits.
I1126 13:36:51.221240 938580 AriaExecutor.h:94] AriaExecutor 2 exits. 
I1126 13:36:51.221251 938586 AriaExecutor.h:94] AriaExecutor 8 exits. 
I1126 13:36:51.221256 938589 AriaExecutor.h:94] AriaExecutor 11 exits. 
I1126 13:36:51.221252 938588 AriaExecutor.h:94] AriaExecutor 10 exits. 
I1126 13:36:51.221244 938578 AriaExecutor.h:94] AriaExecutor 0 exits. 
I1126 13:36:51.221253 938584 AriaExecutor.h:94] AriaExecutor 6 exits. 
I1126 13:36:51.221256 938587 AriaExecutor.h:94] AriaExecutor 9 exits. 
I1126 13:36:51.221256 938579 AriaExecutor.h:94] AriaExecutor 1 exits. 
I1126 13:36:51.221256 938581 AriaExecutor.h:94] AriaExecutor 3 exits. 
I1126 13:36:51.221256 938583 AriaExecutor.h:94] AriaExecutor 5 exits. 
I1126 13:36:51.221256 938585 AriaExecutor.h:94] AriaExecutor 7 exits. 
I1126 13:36:51.221252 938582 AriaExecutor.h:94] AriaExecutor 4 exits. 
I1126 13:36:51.219563 938559 AriaExecutor.h:535] Worker 0 latency: 3903 us (50%) 4074 us (75%) 4200 us (95%) 4263 us (99%).
I1126 13:36:51.225550 938559 AriaExecutor.h:535] Worker 1 latency: 3906 us (50%) 4077 us (75%) 4202 us (95%) 4265 us (99%).
I1126 13:36:51.232064 938559 AriaExecutor.h:535] Worker 2 latency: 3900 us (50%) 4072 us (75%) 4198 us (95%) 4262 us (99%).
I1126 13:36:51.238070 938559 AriaExecutor.h:535] Worker 3 latency: 3908 us (50%) 4077 us (75%) 4201 us (95%) 4263 us (99%).
I1126 13:36:51.244451 938559 AriaExecutor.h:535] Worker 4 latency: 3900 us (50%) 4073 us (75%) 4199 us (95%) 4262 us (99%).
I1126 13:36:51.250424 938559 AriaExecutor.h:535] Worker 5 latency: 3907 us (50%) 4077 us (75%) 4202 us (95%) 4265 us (99%).
I1126 13:36:51.256899 938559 AriaExecutor.h:535] Worker 6 latency: 3902 us (50%) 4073 us (75%) 4199 us (95%) 4262 us (99%).
I1126 13:36:51.262739 938559 AriaExecutor.h:535] Worker 7 latency: 3907 us (50%) 4076 us (75%) 4200 us (95%) 4262 us (99%).
I1126 13:36:51.269021 938559 AriaExecutor.h:535] Worker 8 latency: 3902 us (50%) 4074 us (75%) 4199 us (95%) 4262 us (99%).
I1126 13:36:51.274865 938559 AriaExecutor.h:535] Worker 9 latency: 3905 us (50%) 4076 us (75%) 4201 us (95%) 4263 us (99%).
I1126 13:36:51.281358 938559 AriaExecutor.h:535] Worker 10 latency: 3898 us (50%) 4072 us (75%) 4198 us (95%) 4262 us (99%).
I1126 13:36:51.287159 938559 AriaExecutor.h:535] Worker 11 latency: 3906 us (50%) 4076 us (75%) 4201 us (95%) 4263 us (99%).
I1126 13:36:51.293363 938559 Coordinator.h:177] total commit: 54089
I1126 13:36:52.293465 938559 Coordinator.h:192] Coordinator exits.
