I1126 16:10:41.395637 1033551 Database.h:65] ycsb initialization finished in 30 milliseconds.
I1126 16:10:41.395737 1033551 Coordinator.h:30] Coordinator initializes 12 workers.
I1126 16:10:41.468127 1033551 Coordinator.h:77] Coordinator starts to run 13 workers.
I1126 16:10:41.468195 1033567 AriaExecutor.h:93] AriaExecutor 0 started. 
I1126 16:10:41.468226 1033568 AriaExecutor.h:93] AriaExecutor 1 started. 
I1126 16:10:41.468271 1033569 AriaExecutor.h:93] AriaExecutor 2 started. 
I1126 16:10:41.468314 1033570 AriaExecutor.h:93] AriaExecutor 3 started. 
I1126 16:10:41.468357 1033571 AriaExecutor.h:93] AriaExecutor 4 started. 
I1126 16:10:41.468391 1033572 AriaExecutor.h:93] AriaExecutor 5 started. 
I1126 16:10:41.468432 1033573 AriaExecutor.h:93] AriaExecutor 6 started. 
I1126 16:10:41.468477 1033574 AriaExecutor.h:93] AriaExecutor 7 started. 
I1126 16:10:41.468513 1033575 AriaExecutor.h:93] AriaExecutor 8 started. 
I1126 16:10:41.468561 1033576 AriaExecutor.h:93] AriaExecutor 9 started. 
I1126 16:10:41.468617 1033577 AriaExecutor.h:93] AriaExecutor 10 started. 
I1126 16:10:41.468667 1033578 AriaExecutor.h:93] AriaExecutor 11 started. 
I1126 16:10:41.468729 1033579 Manager.h:224] Manager(worker id = 12) on the coordinator node started.
I1126 16:10:42.468798 1033551 Coordinator.h:126] commit: 608 abort: 219392 (0/219392/0), network size: 0, avg network size: 0, si_in_serializable: 0 0 %, local: 0 %
I1126 16:10:43.468927 1033551 Coordinator.h:126] commit: 609 abort: 229391 (0/229391/0), network size: 0, avg network size: 0, si_in_serializable: 0 0 %, local: 0 %
I1126 16:10:44.469062 1033551 Coordinator.h:126] commit: 553 abort: 229447 (0/229447/0), network size: 0, avg network size: 0, si_in_serializable: 0 0 %, local: 0 %
I1126 16:10:45.469167 1033551 Coordinator.h:126] commit: 617 abort: 239383 (0/239383/0), network size: 0, avg network size: 0, si_in_serializable: 0 0 %, local: 0 %
I1126 16:10:46.469267 1033551 Coordinator.h:126] commit: 604 abort: 229396 (0/229396/0), network size: 0, avg network size: 0, si_in_serializable: 0 0 %, local: 0 %
I1126 16:10:47.469370 1033551 Coordinator.h:126] commit: 582 abort: 229418 (0/229418/0), network size: 0, avg network size: 0, si_in_serializable: 0 0 %, local: 0 %
I1126 16:10:48.469501 1033551 Coordinator.h:126] commit: 653 abort: 239347 (0/239347/0), network size: 0, avg network size: 0, si_in_serializable: 0 0 %, local: 0 %
I1126 16:10:49.469617 1033551 Coordinator.h:126] commit: 606 abort: 229394 (0/229394/0), network size: 0, avg network size: 0, si_in_serializable: 0 0 %, local: 0 %
I1126 16:10:50.469720 1033551 Coordinator.h:126] commit: 624 abort: 239376 (0/239376/0), network size: 0, avg network size: 0, si_in_serializable: 0 0 %, local: 0 %
I1126 16:10:51.469822 1033551 Coordinator.h:126] commit: 603 abort: 229397 (0/229397/0), network size: 0, avg network size: 0, si_in_serializable: 0 0 %, local: 0 %
I1126 16:10:52.469923 1033551 Coordinator.h:126] commit: 613 abort: 239387 (0/239387/0), network size: 0, avg network size: 0, si_in_serializable: 0 0 %, local: 0 %
I1126 16:10:53.470031 1033551 Coordinator.h:126] commit: 582 abort: 229418 (0/229418/0), network size: 0, avg network size: 0, si_in_serializable: 0 0 %, local: 0 %
I1126 16:10:54.470134 1033551 Coordinator.h:126] commit: 623 abort: 239377 (0/239377/0), network size: 0, avg network size: 0, si_in_serializable: 0 0 %, local: 0 %
I1126 16:10:55.470263 1033551 Coordinator.h:126] commit: 593 abort: 229407 (0/229407/0), network size: 0, avg network size: 0, si_in_serializable: 0 0 %, local: 0 %
I1126 16:10:56.470373 1033551 Coordinator.h:126] commit: 589 abort: 229411 (0/229411/0), network size: 0, avg network size: 0, si_in_serializable: 0 0 %, local: 0 %
I1126 16:10:57.470472 1033551 Coordinator.h:126] commit: 606 abort: 229394 (0/229394/0), network size: 0, avg network size: 0, si_in_serializable: 0 0 %, local: 0 %
I1126 16:10:58.470578 1033551 Coordinator.h:126] commit: 607 abort: 239393 (0/239393/0), network size: 0, avg network size: 0, si_in_serializable: 0 0 %, local: 0 %
I1126 16:10:59.470671 1033551 Coordinator.h:126] commit: 597 abort: 229403 (0/229403/0), network size: 0, avg network size: 0, si_in_serializable: 0 0 %, local: 0 %
I1126 16:11:00.470769 1033551 Coordinator.h:126] commit: 605 abort: 229395 (0/229395/0), network size: 0, avg network size: 0, si_in_serializable: 0 0 %, local: 0 %
I1126 16:11:01.470896 1033551 Coordinator.h:126] commit: 638 abort: 239362 (0/239362/0), network size: 0, avg network size: 0, si_in_serializable: 0 0 %, local: 0 %
I1126 16:11:02.470997 1033551 Coordinator.h:126] commit: 593 abort: 229407 (0/229407/0), network size: 0, avg network size: 0, si_in_serializable: 0 0 %, local: 0 %
I1126 16:11:03.471101 1033551 Coordinator.h:126] commit: 583 abort: 239417 (0/239417/0), network size: 0, avg network size: 0, si_in_serializable: 0 0 %, local: 0 %
I1126 16:11:04.471203 1033551 Coordinator.h:126] commit: 610 abort: 229390 (0/229390/0), network size: 0, avg network size: 0, si_in_serializable: 0 0 %, local: 0 %
I1126 16:11:05.471307 1033551 Coordinator.h:126] commit: 565 abort: 229435 (0/229435/0), network size: 0, avg network size: 0, si_in_serializable: 0 0 %, local: 0 %
I1126 16:11:06.471438 1033551 Coordinator.h:126] commit: 590 abort: 229410 (0/229410/0), network size: 0, avg network size: 0, si_in_serializable: 0 0 %, local: 0 %
I1126 16:11:06.471470 1033551 Coordinator.h:152] average commit: 605.3 abort: 233395 (0/233395/0), network size: 0, avg network size: 0, si_in_serializable: 0 0 %, local: 0 %
I1126 16:11:06.471482 1033551 AriaExecutor.h:672] Worker 0 latency: 42417 us (50%) 42631 us (75%) 43864 us (95%) 50969 us (99%).
I1126 16:11:06.475943 1033579 Manager.h:227] Manager(worker id = 12) on the coordinator node exits.
I1126 16:11:06.475946 1033571 AriaExecutor.h:105] AriaExecutor 4 exits. 
I1126 16:11:06.475950 1033577 AriaExecutor.h:105] AriaExecutor 10 exits. 
I1126 16:11:06.475947 1033575 AriaExecutor.h:105] AriaExecutor 8 exits. 
I1126 16:11:06.475961 1033576 AriaExecutor.h:105] AriaExecutor 9 exits. 
I1126 16:11:06.475948 1033569 AriaExecutor.h:105] AriaExecutor 2 exits. 
I1126 16:11:06.475950 1033567 AriaExecutor.h:105] AriaExecutor 0 exits. 
I1126 16:11:06.475961 1033578 AriaExecutor.h:105] AriaExecutor 11 exits. 
I1126 16:11:06.475961 1033574 AriaExecutor.h:105] AriaExecutor 7 exits. 
I1126 16:11:06.475961 1033572 AriaExecutor.h:105] AriaExecutor 5 exits. 
I1126 16:11:06.475961 1033568 AriaExecutor.h:105] AriaExecutor 1 exits. 
I1126 16:11:06.475961 1033570 AriaExecutor.h:105] AriaExecutor 3 exits. 
I1126 16:11:06.475950 1033573 AriaExecutor.h:105] AriaExecutor 6 exits. 
I1126 16:11:06.476123 1033551 AriaExecutor.h:672] Worker 1 latency: 42442 us (50%) 42658 us (75%) 43816 us (95%) 50996 us (99%).
I1126 16:11:06.476307 1033551 AriaExecutor.h:672] Worker 2 latency: 42434 us (50%) 42653 us (75%) 43952 us (95%) 49590 us (99%).
I1126 16:11:06.476401 1033551 AriaExecutor.h:672] Worker 3 latency: 42435 us (50%) 42654 us (75%) 43907 us (95%) 49500 us (99%).
I1126 16:11:06.476501 1033551 AriaExecutor.h:672] Worker 4 latency: 42419 us (50%) 42633 us (75%) 43829 us (95%) 49510 us (99%).
I1126 16:11:06.476616 1033551 AriaExecutor.h:672] Worker 5 latency: 42414 us (50%) 42641 us (75%) 43890 us (95%) 51033 us (99%).
I1126 16:11:06.476717 1033551 AriaExecutor.h:672] Worker 6 latency: 42410 us (50%) 42623 us (75%) 43756 us (95%) 49574 us (99%).
I1126 16:11:06.476809 1033551 AriaExecutor.h:672] Worker 7 latency: 42408 us (50%) 42621 us (75%) 43950 us (95%) 51082 us (99%).
I1126 16:11:06.476903 1033551 AriaExecutor.h:672] Worker 8 latency: 42405 us (50%) 42652 us (75%) 44004 us (95%) 51088 us (99%).
I1126 16:11:06.476989 1033551 AriaExecutor.h:672] Worker 9 latency: 42409 us (50%) 42633 us (75%) 43886 us (95%) 49261 us (99%).
I1126 16:11:06.477065 1033551 AriaExecutor.h:672] Worker 10 latency: 42411 us (50%) 42621 us (75%) 43752 us (95%) 50661 us (99%).
I1126 16:11:06.477140 1033551 AriaExecutor.h:672] Worker 11 latency: 42413 us (50%) 42625 us (75%) 43886 us (95%) 51061 us (99%).
I1126 16:11:06.477222 1033551 Coordinator.h:177] total commit: 605.3
I1126 16:11:07.477334 1033551 Coordinator.h:192] Coordinator exits.
