I1126 15:01:26.961880 989013 Database.h:65] ycsb initialization finished in 30 milliseconds.
I1126 15:01:26.961975 989013 Coordinator.h:30] Coordinator initializes 12 workers.
I1126 15:01:26.968858 989013 Coordinator.h:77] Coordinator starts to run 13 workers.
I1126 15:01:26.968921 989032 AriaExecutor.h:91] AriaExecutor 0 started. 
I1126 15:01:26.968950 989033 AriaExecutor.h:91] AriaExecutor 1 started. 
I1126 15:01:26.968986 989034 AriaExecutor.h:91] AriaExecutor 2 started. 
I1126 15:01:26.969033 989035 AriaExecutor.h:91] AriaExecutor 3 started. 
I1126 15:01:26.969107 989037 AriaExecutor.h:91] AriaExecutor 5 started. 
I1126 15:01:26.969146 989038 AriaExecutor.h:91] AriaExecutor 6 started. 
I1126 15:01:26.969185 989039 AriaExecutor.h:91] AriaExecutor 7 started. 
I1126 15:01:26.969223 989040 AriaExecutor.h:91] AriaExecutor 8 started. 
I1126 15:01:26.969265 989041 AriaExecutor.h:91] AriaExecutor 9 started. 
I1126 15:01:26.969306 989042 AriaExecutor.h:91] AriaExecutor 10 started. 
I1126 15:01:26.969350 989043 AriaExecutor.h:91] AriaExecutor 11 started. 
I1126 15:01:26.969378 989036 AriaExecutor.h:91] AriaExecutor 4 started. 
I1126 15:01:26.971164 989044 Manager.h:224] Manager(worker id = 12) on the coordinator node started.
I1126 15:01:27.969450 989013 Coordinator.h:126] commit: 1068999 abort: 1051001 (0/1051001/0), network size: 0, avg network size: 0, si_in_serializable: 0 0 %, local: 0 %
I1126 15:01:28.969565 989013 Coordinator.h:126] commit: 1059981 abort: 1040019 (0/1040019/0), network size: 0, avg network size: 0, si_in_serializable: 0 0 %, local: 0 %
I1126 15:01:29.969678 989013 Coordinator.h:126] commit: 1074887 abort: 1055113 (0/1055113/0), network size: 0, avg network size: 0, si_in_serializable: 0 0 %, local: 0 %
I1126 15:01:30.969797 989013 Coordinator.h:126] commit: 1080599 abort: 1059401 (0/1059401/0), network size: 0, avg network size: 0, si_in_serializable: 0 0 %, local: 0 %
I1126 15:01:31.969915 989013 Coordinator.h:126] commit: 1080381 abort: 1059619 (0/1059619/0), network size: 0, avg network size: 0, si_in_serializable: 0 0 %, local: 0 %
I1126 15:01:32.970022 989013 Coordinator.h:126] commit: 1050648 abort: 1029352 (0/1029352/0), network size: 0, avg network size: 0, si_in_serializable: 0 0 %, local: 0 %
I1126 15:01:33.970115 989013 Coordinator.h:126] commit: 1078434 abort: 1061566 (0/1061566/0), network size: 0, avg network size: 0, si_in_serializable: 0 0 %, local: 0 %
I1126 15:01:34.970243 989013 Coordinator.h:126] commit: 1068288 abort: 1051712 (0/1051712/0), network size: 0, avg network size: 0, si_in_serializable: 0 0 %, local: 0 %
I1126 15:01:35.970340 989013 Coordinator.h:126] commit: 1080052 abort: 1059948 (0/1059948/0), network size: 0, avg network size: 0, si_in_serializable: 0 0 %, local: 0 %
I1126 15:01:36.970445 989013 Coordinator.h:126] commit: 1080502 abort: 1059498 (0/1059498/0), network size: 0, avg network size: 0, si_in_serializable: 0 0 %, local: 0 %
I1126 15:01:37.970539 989013 Coordinator.h:126] commit: 1080750 abort: 1059250 (0/1059250/0), network size: 0, avg network size: 0, si_in_serializable: 0 0 %, local: 0 %
I1126 15:01:38.970645 989013 Coordinator.h:126] commit: 1039755 abort: 1020245 (0/1020245/0), network size: 0, avg network size: 0, si_in_serializable: 0 0 %, local: 0 %
I1126 15:01:39.970739 989013 Coordinator.h:126] commit: 1079172 abort: 1060828 (0/1060828/0), network size: 0, avg network size: 0, si_in_serializable: 0 0 %, local: 0 %
I1126 15:01:40.970851 989013 Coordinator.h:126] commit: 1079855 abort: 1060145 (0/1060145/0), network size: 0, avg network size: 0, si_in_serializable: 0 0 %, local: 0 %
I1126 15:01:41.970973 989013 Coordinator.h:126] commit: 1074498 abort: 1055502 (0/1055502/0), network size: 0, avg network size: 0, si_in_serializable: 0 0 %, local: 0 %
I1126 15:01:42.971094 989013 Coordinator.h:126] commit: 1069942 abort: 1050058 (0/1050058/0), network size: 0, avg network size: 0, si_in_serializable: 0 0 %, local: 0 %
I1126 15:01:43.971199 989013 Coordinator.h:126] commit: 1079921 abort: 1060079 (0/1060079/0), network size: 0, avg network size: 0, si_in_serializable: 0 0 %, local: 0 %
I1126 15:01:44.971302 989013 Coordinator.h:126] commit: 1086593 abort: 1063407 (0/1063407/0), network size: 0, avg network size: 0, si_in_serializable: 0 0 %, local: 0 %
I1126 15:01:45.971392 989013 Coordinator.h:126] commit: 1074931 abort: 1055069 (0/1055069/0), network size: 0, avg network size: 0, si_in_serializable: 0 0 %, local: 0 %
I1126 15:01:46.971503 989013 Coordinator.h:126] commit: 1079649 abort: 1060351 (0/1060351/0), network size: 0, avg network size: 0, si_in_serializable: 0 0 %, local: 0 %
I1126 15:01:47.971596 989013 Coordinator.h:126] commit: 1078767 abort: 1061233 (0/1061233/0), network size: 0, avg network size: 0, si_in_serializable: 0 0 %, local: 0 %
I1126 15:01:48.971699 989013 Coordinator.h:126] commit: 1084836 abort: 1065164 (0/1065164/0), network size: 0, avg network size: 0, si_in_serializable: 0 0 %, local: 0 %
I1126 15:01:49.971778 989013 Coordinator.h:126] commit: 1080071 abort: 1059929 (0/1059929/0), network size: 0, avg network size: 0, si_in_serializable: 0 0 %, local: 0 %
I1126 15:01:50.971863 989013 Coordinator.h:126] commit: 969402 abort: 953276 (0/953276/0), network size: 0, avg network size: 0, si_in_serializable: 0 0 %, local: 0 %
I1126 15:01:51.971964 989013 Coordinator.h:126] commit: 1083143 abort: 1064179 (0/1064179/0), network size: 0, avg network size: 0, si_in_serializable: 0 0 %, local: 0 %
I1126 15:01:51.971980 989013 Coordinator.h:152] average commit: 1.07451e+06 abort: 1.05449e+06 (0/1.05449e+06/0), network size: 0, avg network size: 0, si_in_serializable: 0 0 %, local: 0 %
I1126 15:01:51.975795 989042 AriaExecutor.h:103] AriaExecutor 10 exits. 
I1126 15:01:51.975813 989044 Manager.h:227] Manager(worker id = 12) on the coordinator node exits.
I1126 15:01:51.975808 989041 AriaExecutor.h:103] AriaExecutor 9 exits. 
I1126 15:01:51.975823 989037 AriaExecutor.h:103] AriaExecutor 5 exits. 
I1126 15:01:51.975807 989035 AriaExecutor.h:103] AriaExecutor 3 exits. 
I1126 15:01:51.975800 989038 AriaExecutor.h:103] AriaExecutor 6 exits. 
I1126 15:01:51.975797 989032 AriaExecutor.h:103] AriaExecutor 0 exits. 
I1126 15:01:51.975809 989039 AriaExecutor.h:103] AriaExecutor 7 exits. 
I1126 15:01:51.975811 989033 AriaExecutor.h:103] AriaExecutor 1 exits. 
I1126 15:01:51.975812 989043 AriaExecutor.h:103] AriaExecutor 11 exits. 
I1126 15:01:51.975800 989036 AriaExecutor.h:103] AriaExecutor 4 exits. 
I1126 15:01:51.975800 989034 AriaExecutor.h:103] AriaExecutor 2 exits. 
I1126 15:01:51.975800 989040 AriaExecutor.h:103] AriaExecutor 8 exits. 
I1126 15:01:51.971990 989013 AriaExecutor.h:649] Worker 0 latency: 3437 us (50%) 3944 us (75%) 4276 us (95%) 4354 us (99%).
I1126 15:01:52.059095 989013 AriaExecutor.h:649] Worker 1 latency: 3438 us (50%) 3943 us (75%) 4274 us (95%) 4352 us (99%).
I1126 15:01:52.147392 989013 AriaExecutor.h:649] Worker 2 latency: 3448 us (50%) 3947 us (75%) 4275 us (95%) 4353 us (99%).
I1126 15:01:52.235585 989013 AriaExecutor.h:649] Worker 3 latency: 3439 us (50%) 3944 us (75%) 4274 us (95%) 4351 us (99%).
I1126 15:01:52.325331 989013 AriaExecutor.h:649] Worker 4 latency: 3444 us (50%) 3944 us (75%) 4274 us (95%) 4352 us (99%).
I1126 15:01:52.412066 989013 AriaExecutor.h:649] Worker 5 latency: 3439 us (50%) 3944 us (75%) 4274 us (95%) 4352 us (99%).
I1126 15:01:52.500721 989013 AriaExecutor.h:649] Worker 6 latency: 3451 us (50%) 3948 us (75%) 4275 us (95%) 4352 us (99%).
I1126 15:01:52.588403 989013 AriaExecutor.h:649] Worker 7 latency: 3438 us (50%) 3944 us (75%) 4274 us (95%) 4352 us (99%).
I1126 15:01:52.677239 989013 AriaExecutor.h:649] Worker 8 latency: 3441 us (50%) 3943 us (75%) 4275 us (95%) 4352 us (99%).
I1126 15:01:52.765709 989013 AriaExecutor.h:649] Worker 9 latency: 3442 us (50%) 3945 us (75%) 4274 us (95%) 4352 us (99%).
I1126 15:01:52.853231 989013 AriaExecutor.h:649] Worker 10 latency: 3445 us (50%) 3946 us (75%) 4274 us (95%) 4352 us (99%).
I1126 15:01:52.939947 989013 AriaExecutor.h:649] Worker 11 latency: 3440 us (50%) 3945 us (75%) 4275 us (95%) 4352 us (99%).
I1126 15:01:53.028470 989013 Coordinator.h:177] total commit: 1.07451e+06
I1126 15:01:54.028585 989013 Coordinator.h:192] Coordinator exits.
