I1126 15:47:39.892303 1019080 Database.h:65] ycsb initialization finished in 30 milliseconds.
I1126 15:47:39.892405 1019080 Coordinator.h:30] Coordinator initializes 12 workers.
I1126 15:47:39.964728 1019080 Coordinator.h:77] Coordinator starts to run 13 workers.
I1126 15:47:39.964783 1019096 AriaExecutor.h:93] AriaExecutor 0 started. 
I1126 15:47:39.964815 1019097 AriaExecutor.h:93] AriaExecutor 1 started. 
I1126 15:47:39.964850 1019098 AriaExecutor.h:93] AriaExecutor 2 started. 
I1126 15:47:39.964896 1019099 AriaExecutor.h:93] AriaExecutor 3 started. 
I1126 15:47:39.964969 1019101 AriaExecutor.h:93] AriaExecutor 5 started. 
I1126 15:47:39.965013 1019102 AriaExecutor.h:93] AriaExecutor 6 started. 
I1126 15:47:39.965056 1019103 AriaExecutor.h:93] AriaExecutor 7 started. 
I1126 15:47:39.965090 1019104 AriaExecutor.h:93] AriaExecutor 8 started. 
I1126 15:47:39.965134 1019105 AriaExecutor.h:93] AriaExecutor 9 started. 
I1126 15:47:39.965168 1019106 AriaExecutor.h:93] AriaExecutor 10 started. 
I1126 15:47:39.965211 1019107 AriaExecutor.h:93] AriaExecutor 11 started. 
I1126 15:47:39.965247 1019100 AriaExecutor.h:93] AriaExecutor 4 started. 
I1126 15:47:39.965252 1019108 Manager.h:224] Manager(worker id = 12) on the coordinator node started.
I1126 15:47:40.965319 1019080 Coordinator.h:126] commit: 2173 abort: 147827 (0/147827/0), network size: 0, avg network size: 0, si_in_serializable: 0 0 %, local: 0 %
I1126 15:47:41.965451 1019080 Coordinator.h:126] commit: 2420 abort: 157580 (0/157580/0), network size: 0, avg network size: 0, si_in_serializable: 0 0 %, local: 0 %
I1126 15:47:42.965561 1019080 Coordinator.h:126] commit: 2371 abort: 157629 (0/157629/0), network size: 0, avg network size: 0, si_in_serializable: 0 0 %, local: 0 %
I1126 15:47:43.965662 1019080 Coordinator.h:126] commit: 2410 abort: 157590 (0/157590/0), network size: 0, avg network size: 0, si_in_serializable: 0 0 %, local: 0 %
I1126 15:47:44.965747 1019080 Coordinator.h:126] commit: 2527 abort: 167473 (0/167473/0), network size: 0, avg network size: 0, si_in_serializable: 0 0 %, local: 0 %
I1126 15:47:45.965850 1019080 Coordinator.h:126] commit: 2402 abort: 157598 (0/157598/0), network size: 0, avg network size: 0, si_in_serializable: 0 0 %, local: 0 %
I1126 15:47:46.965981 1019080 Coordinator.h:126] commit: 2391 abort: 157609 (0/157609/0), network size: 0, avg network size: 0, si_in_serializable: 0 0 %, local: 0 %
I1126 15:47:47.966086 1019080 Coordinator.h:126] commit: 2364 abort: 157636 (0/157636/0), network size: 0, avg network size: 0, si_in_serializable: 0 0 %, local: 0 %
I1126 15:47:48.966176 1019080 Coordinator.h:126] commit: 2507 abort: 167493 (0/167493/0), network size: 0, avg network size: 0, si_in_serializable: 0 0 %, local: 0 %
I1126 15:47:49.966274 1019080 Coordinator.h:126] commit: 2373 abort: 157627 (0/157627/0), network size: 0, avg network size: 0, si_in_serializable: 0 0 %, local: 0 %
I1126 15:47:50.966390 1019080 Coordinator.h:126] commit: 2559 abort: 167441 (0/167441/0), network size: 0, avg network size: 0, si_in_serializable: 0 0 %, local: 0 %
I1126 15:47:51.966500 1019080 Coordinator.h:126] commit: 2386 abort: 157614 (0/157614/0), network size: 0, avg network size: 0, si_in_serializable: 0 0 %, local: 0 %
I1126 15:47:52.966590 1019080 Coordinator.h:126] commit: 2491 abort: 167509 (0/167509/0), network size: 0, avg network size: 0, si_in_serializable: 0 0 %, local: 0 %
I1126 15:47:53.966717 1019080 Coordinator.h:126] commit: 2382 abort: 157618 (0/157618/0), network size: 0, avg network size: 0, si_in_serializable: 0 0 %, local: 0 %
I1126 15:47:54.966821 1019080 Coordinator.h:126] commit: 2415 abort: 157585 (0/157585/0), network size: 0, avg network size: 0, si_in_serializable: 0 0 %, local: 0 %
I1126 15:47:55.966919 1019080 Coordinator.h:126] commit: 2554 abort: 167446 (0/167446/0), network size: 0, avg network size: 0, si_in_serializable: 0 0 %, local: 0 %
I1126 15:47:56.967036 1019080 Coordinator.h:126] commit: 2411 abort: 157589 (0/157589/0), network size: 0, avg network size: 0, si_in_serializable: 0 0 %, local: 0 %
I1126 15:47:57.967140 1019080 Coordinator.h:126] commit: 2344 abort: 157656 (0/157656/0), network size: 0, avg network size: 0, si_in_serializable: 0 0 %, local: 0 %
I1126 15:47:58.967242 1019080 Coordinator.h:126] commit: 2541 abort: 167459 (0/167459/0), network size: 0, avg network size: 0, si_in_serializable: 0 0 %, local: 0 %
I1126 15:47:59.967341 1019080 Coordinator.h:126] commit: 2376 abort: 157624 (0/157624/0), network size: 0, avg network size: 0, si_in_serializable: 0 0 %, local: 0 %
I1126 15:48:00.967438 1019080 Coordinator.h:126] commit: 2479 abort: 167521 (0/167521/0), network size: 0, avg network size: 0, si_in_serializable: 0 0 %, local: 0 %
I1126 15:48:01.967567 1019080 Coordinator.h:126] commit: 2359 abort: 157641 (0/157641/0), network size: 0, avg network size: 0, si_in_serializable: 0 0 %, local: 0 %
I1126 15:48:02.967684 1019080 Coordinator.h:126] commit: 2392 abort: 157608 (0/157608/0), network size: 0, avg network size: 0, si_in_serializable: 0 0 %, local: 0 %
I1126 15:48:03.967823 1019080 Coordinator.h:126] commit: 2396 abort: 157604 (0/157604/0), network size: 0, avg network size: 0, si_in_serializable: 0 0 %, local: 0 %
I1126 15:48:04.967939 1019080 Coordinator.h:126] commit: 2276 abort: 157724 (0/157724/0), network size: 0, avg network size: 0, si_in_serializable: 0 0 %, local: 0 %
I1126 15:48:04.967970 1019080 Coordinator.h:152] average commit: 2445.9 abort: 161554 (0/161554/0), network size: 0, avg network size: 0, si_in_serializable: 0 0 %, local: 0 %
I1126 15:48:04.967979 1019080 AriaExecutor.h:672] Worker 0 latency: 60586 us (50%) 61019 us (75%) 62902 us (95%) 70339 us (99%).
I1126 15:48:04.969038 1019096 AriaExecutor.h:105] AriaExecutor 0 exits. 
I1126 15:48:04.969038 1019100 AriaExecutor.h:105] AriaExecutor 4 exits. 
I1126 15:48:04.969050 1019103 AriaExecutor.h:105] AriaExecutor 7 exits. 
I1126 15:48:04.969038 1019106 AriaExecutor.h:105] AriaExecutor 10 exits. 
I1126 15:48:04.969038 1019098 AriaExecutor.h:105] AriaExecutor 2 exits. 
I1126 15:48:04.969040 1019108 Manager.h:227] Manager(worker id = 12) on the coordinator node exits.
I1126 15:48:04.969041 1019104 AriaExecutor.h:105] AriaExecutor 8 exits. 
I1126 15:48:04.969050 1019097 AriaExecutor.h:105] AriaExecutor 1 exits. 
I1126 15:48:04.969050 1019101 AriaExecutor.h:105] AriaExecutor 5 exits. 
I1126 15:48:04.969050 1019099 AriaExecutor.h:105] AriaExecutor 3 exits. 
I1126 15:48:04.969050 1019107 AriaExecutor.h:105] AriaExecutor 11 exits. 
I1126 15:48:04.969051 1019105 AriaExecutor.h:105] AriaExecutor 9 exits. 
I1126 15:48:04.969038 1019102 AriaExecutor.h:105] AriaExecutor 6 exits. 
I1126 15:48:04.969303 1019080 AriaExecutor.h:672] Worker 1 latency: 60552 us (50%) 60974 us (75%) 62862 us (95%) 70220 us (99%).
I1126 15:48:04.969606 1019080 AriaExecutor.h:672] Worker 2 latency: 60555 us (50%) 60982 us (75%) 62932 us (95%) 70326 us (99%).
I1126 15:48:04.969862 1019080 AriaExecutor.h:672] Worker 3 latency: 60566 us (50%) 60996 us (75%) 62824 us (95%) 70318 us (99%).
I1126 15:48:04.970121 1019080 AriaExecutor.h:672] Worker 4 latency: 60565 us (50%) 60984 us (75%) 62800 us (95%) 70280 us (99%).
I1126 15:48:04.970407 1019080 AriaExecutor.h:672] Worker 5 latency: 60564 us (50%) 60986 us (75%) 62910 us (95%) 70040 us (99%).
I1126 15:48:04.970667 1019080 AriaExecutor.h:672] Worker 6 latency: 60570 us (50%) 60987 us (75%) 62738 us (95%) 69930 us (99%).
I1126 15:48:04.970924 1019080 AriaExecutor.h:672] Worker 7 latency: 60563 us (50%) 60968 us (75%) 62744 us (95%) 69975 us (99%).
I1126 15:48:04.971223 1019080 AriaExecutor.h:672] Worker 8 latency: 60564 us (50%) 60989 us (75%) 63030 us (95%) 70324 us (99%).
I1126 15:48:04.971482 1019080 AriaExecutor.h:672] Worker 9 latency: 60561 us (50%) 60978 us (75%) 62700 us (95%) 69793 us (99%).
I1126 15:48:04.971735 1019080 AriaExecutor.h:672] Worker 10 latency: 60549 us (50%) 60978 us (75%) 62867 us (95%) 70189 us (99%).
I1126 15:48:04.971999 1019080 AriaExecutor.h:672] Worker 11 latency: 60561 us (50%) 61005 us (75%) 62888 us (95%) 70088 us (99%).
I1126 15:48:04.972256 1019080 Coordinator.h:177] total commit: 2445.9
I1126 15:48:05.972370 1019080 Coordinator.h:192] Coordinator exits.
