I0911 22:41:57.224278 2937886 Database.h:65] ycsb initialization finished in 147 milliseconds.
I0911 22:41:57.224391 2937886 Coordinator.h:30] Coordinator initializes 16 workers.
I0911 22:41:57.346357 2937886 Coordinator.h:77] Coordinator starts to run 17 workers.
I0911 22:41:57.346412 2937906 AriaExecutor.h:82] AriaExecutor 0 started. 
I0911 22:41:57.346447 2937907 AriaExecutor.h:82] AriaExecutor 1 started. 
I0911 22:41:57.346490 2937908 AriaExecutor.h:82] AriaExecutor 2 started. 
I0911 22:41:57.346540 2937909 AriaExecutor.h:82] AriaExecutor 3 started. 
I0911 22:41:57.346567 2937910 AriaExecutor.h:82] AriaExecutor 4 started. 
I0911 22:41:57.346611 2937911 AriaExecutor.h:82] AriaExecutor 5 started. 
I0911 22:41:57.346647 2937912 AriaExecutor.h:82] AriaExecutor 6 started. 
I0911 22:41:57.346691 2937913 AriaExecutor.h:82] AriaExecutor 7 started. 
I0911 22:41:57.346735 2937914 AriaExecutor.h:82] AriaExecutor 8 started. 
I0911 22:41:57.346779 2937915 AriaExecutor.h:82] AriaExecutor 9 started. 
I0911 22:41:57.346810 2937916 AriaExecutor.h:82] AriaExecutor 10 started. 
I0911 22:41:57.346853 2937917 AriaExecutor.h:82] AriaExecutor 11 started. 
I0911 22:41:57.346886 2937918 AriaExecutor.h:82] AriaExecutor 12 started. 
I0911 22:41:57.346928 2937919 AriaExecutor.h:82] AriaExecutor 13 started. 
I0911 22:41:57.346969 2937920 AriaExecutor.h:82] AriaExecutor 14 started. 
I0911 22:41:57.347009 2937921 AriaExecutor.h:82] AriaExecutor 15 started. 
I0911 22:41:57.347052 2937922 Manager.h:224] Manager(worker id = 16) on the coordinator node started.
I0911 22:41:58.347111 2937886 Coordinator.h:126] commit: 1230 abort: 142770 (0/142770/0), network size: 0, avg network size: 0, si_in_serializable: 0 0 %, local: 0 %
I0911 22:41:59.347265 2937886 Coordinator.h:126] commit: 1250 abort: 142750 (0/142750/0), network size: 0, avg network size: 0, si_in_serializable: 0 0 %, local: 0 %
I0911 22:42:00.347345 2937886 Coordinator.h:126] commit: 1381 abort: 158619 (0/158619/0), network size: 0, avg network size: 0, si_in_serializable: 0 0 %, local: 0 %
I0911 22:42:01.347420 2937886 Coordinator.h:126] commit: 1392 abort: 158608 (0/158608/0), network size: 0, avg network size: 0, si_in_serializable: 0 0 %, local: 0 %
I0911 22:42:02.347507 2937886 Coordinator.h:126] commit: 1333 abort: 158667 (0/158667/0), network size: 0, avg network size: 0, si_in_serializable: 0 0 %, local: 0 %
I0911 22:42:03.347616 2937886 Coordinator.h:126] commit: 1405 abort: 158595 (0/158595/0), network size: 0, avg network size: 0, si_in_serializable: 0 0 %, local: 0 %
I0911 22:42:04.347699 2937886 Coordinator.h:126] commit: 1378 abort: 158622 (0/158622/0), network size: 0, avg network size: 0, si_in_serializable: 0 0 %, local: 0 %
I0911 22:42:05.347772 2937886 Coordinator.h:126] commit: 1355 abort: 158645 (0/158645/0), network size: 0, avg network size: 0, si_in_serializable: 0 0 %, local: 0 %
I0911 22:42:06.347862 2937886 Coordinator.h:126] commit: 1527 abort: 174473 (0/174473/0), network size: 0, avg network size: 0, si_in_serializable: 0 0 %, local: 0 %
I0911 22:42:07.347944 2937886 Coordinator.h:126] commit: 1383 abort: 158617 (0/158617/0), network size: 0, avg network size: 0, si_in_serializable: 0 0 %, local: 0 %
I0911 22:42:08.348021 2937886 Coordinator.h:126] commit: 1396 abort: 158604 (0/158604/0), network size: 0, avg network size: 0, si_in_serializable: 0 0 %, local: 0 %
I0911 22:42:09.348090 2937886 Coordinator.h:126] commit: 1339 abort: 158661 (0/158661/0), network size: 0, avg network size: 0, si_in_serializable: 0 0 %, local: 0 %
I0911 22:42:10.348163 2937886 Coordinator.h:126] commit: 1550 abort: 174450 (0/174450/0), network size: 0, avg network size: 0, si_in_serializable: 0 0 %, local: 0 %
I0911 22:42:11.348263 2937886 Coordinator.h:126] commit: 1403 abort: 158597 (0/158597/0), network size: 0, avg network size: 0, si_in_serializable: 0 0 %, local: 0 %
I0911 22:42:12.348340 2937886 Coordinator.h:126] commit: 1558 abort: 174442 (0/174442/0), network size: 0, avg network size: 0, si_in_serializable: 0 0 %, local: 0 %
I0911 22:42:13.348410 2937886 Coordinator.h:126] commit: 1418 abort: 158582 (0/158582/0), network size: 0, avg network size: 0, si_in_serializable: 0 0 %, local: 0 %
I0911 22:42:14.348484 2937886 Coordinator.h:126] commit: 1361 abort: 158639 (0/158639/0), network size: 0, avg network size: 0, si_in_serializable: 0 0 %, local: 0 %
I0911 22:42:15.348554 2937886 Coordinator.h:126] commit: 1530 abort: 174470 (0/174470/0), network size: 0, avg network size: 0, si_in_serializable: 0 0 %, local: 0 %
I0911 22:42:16.348629 2937886 Coordinator.h:126] commit: 1380 abort: 158620 (0/158620/0), network size: 0, avg network size: 0, si_in_serializable: 0 0 %, local: 0 %
I0911 22:42:17.348701 2937886 Coordinator.h:126] commit: 1492 abort: 174508 (0/174508/0), network size: 0, avg network size: 0, si_in_serializable: 0 0 %, local: 0 %
I0911 22:42:18.348773 2937886 Coordinator.h:126] commit: 1359 abort: 158641 (0/158641/0), network size: 0, avg network size: 0, si_in_serializable: 0 0 %, local: 0 %
I0911 22:42:19.348840 2937886 Coordinator.h:126] commit: 1389 abort: 158611 (0/158611/0), network size: 0, avg network size: 0, si_in_serializable: 0 0 %, local: 0 %
I0911 22:42:20.348984 2937886 Coordinator.h:126] commit: 1527 abort: 174473 (0/174473/0), network size: 0, avg network size: 0, si_in_serializable: 0 0 %, local: 0 %
I0911 22:42:21.349092 2937886 Coordinator.h:126] commit: 1358 abort: 158642 (0/158642/0), network size: 0, avg network size: 0, si_in_serializable: 0 0 %, local: 0 %
I0911 22:42:22.349169 2937886 Coordinator.h:126] commit: 1533 abort: 174467 (0/174467/0), network size: 0, avg network size: 0, si_in_serializable: 0 0 %, local: 0 %
I0911 22:42:22.349188 2937886 Coordinator.h:152] average commit: 1442.7 abort: 164957 (0/164957/0), network size: 0, avg network size: 0, si_in_serializable: 0 0 %, local: 0 %
I0911 22:42:22.349198 2937886 AriaExecutor.h:535] Worker 0 latency: 95477 us (50%) 97108 us (75%) 107794 us (95%) 122055 us (99%).
I0911 22:42:22.416127 2937922 Manager.h:227] Manager(worker id = 16) on the coordinator node exits.
I0911 22:42:22.416127 2937912 AriaExecutor.h:94] AriaExecutor 6 exits. 
I0911 22:42:22.416129 2937910 AriaExecutor.h:94] AriaExecutor 4 exits. 
I0911 22:42:22.416143 2937917 AriaExecutor.h:94] AriaExecutor 11 exits. 
I0911 22:42:22.416127 2937918 AriaExecutor.h:94] AriaExecutor 12 exits. 
I0911 22:42:22.416128 2937920 AriaExecutor.h:94] AriaExecutor 14 exits. 
I0911 22:42:22.416128 2937906 AriaExecutor.h:94] AriaExecutor 0 exits. 
I0911 22:42:22.416131 2937908 AriaExecutor.h:94] AriaExecutor 2 exits. 
I0911 22:42:22.416131 2937916 AriaExecutor.h:94] AriaExecutor 10 exits. 
I0911 22:42:22.416144 2937907 AriaExecutor.h:94] AriaExecutor 1 exits. 
I0911 22:42:22.416144 2937913 AriaExecutor.h:94] AriaExecutor 7 exits. 
I0911 22:42:22.416144 2937921 AriaExecutor.h:94] AriaExecutor 15 exits. 
I0911 22:42:22.416144 2937919 AriaExecutor.h:94] AriaExecutor 13 exits. 
I0911 22:42:22.416144 2937911 AriaExecutor.h:94] AriaExecutor 5 exits. 
I0911 22:42:22.416144 2937909 AriaExecutor.h:94] AriaExecutor 3 exits. 
I0911 22:42:22.416144 2937915 AriaExecutor.h:94] AriaExecutor 9 exits. 
I0911 22:42:22.416129 2937914 AriaExecutor.h:94] AriaExecutor 8 exits. 
I0911 22:42:22.416525 2937886 AriaExecutor.h:535] Worker 1 latency: 95502 us (50%) 97181 us (75%) 107004 us (95%) 120334 us (99%).
I0911 22:42:22.416642 2937886 AriaExecutor.h:535] Worker 2 latency: 95431 us (50%) 97029 us (75%) 107072 us (95%) 121255 us (99%).
I0911 22:42:22.416739 2937886 AriaExecutor.h:535] Worker 3 latency: 95373 us (50%) 97058 us (75%) 107286 us (95%) 121782 us (99%).
I0911 22:42:22.416843 2937886 AriaExecutor.h:535] Worker 4 latency: 95468 us (50%) 97075 us (75%) 107209 us (95%) 120600 us (99%).
I0911 22:42:22.416977 2937886 AriaExecutor.h:535] Worker 5 latency: 95443 us (50%) 97076 us (75%) 107288 us (95%) 121939 us (99%).
I0911 22:42:22.417089 2937886 AriaExecutor.h:535] Worker 6 latency: 95463 us (50%) 97184 us (75%) 107180 us (95%) 121790 us (99%).
I0911 22:42:22.417192 2937886 AriaExecutor.h:535] Worker 7 latency: 95396 us (50%) 96995 us (75%) 106876 us (95%) 122063 us (99%).
I0911 22:42:22.417296 2937886 AriaExecutor.h:535] Worker 8 latency: 95428 us (50%) 97064 us (75%) 107135 us (95%) 121889 us (99%).
I0911 22:42:22.417395 2937886 AriaExecutor.h:535] Worker 9 latency: 95524 us (50%) 97154 us (75%) 107756 us (95%) 121859 us (99%).
I0911 22:42:22.417495 2937886 AriaExecutor.h:535] Worker 10 latency: 95460 us (50%) 97063 us (75%) 107648 us (95%) 121964 us (99%).
I0911 22:42:22.417590 2937886 AriaExecutor.h:535] Worker 11 latency: 95380 us (50%) 97019 us (75%) 106903 us (95%) 121642 us (99%).
I0911 22:42:22.417685 2937886 AriaExecutor.h:535] Worker 12 latency: 95378 us (50%) 96977 us (75%) 106996 us (95%) 121830 us (99%).
I0911 22:42:22.417781 2937886 AriaExecutor.h:535] Worker 13 latency: 95429 us (50%) 97064 us (75%) 107412 us (95%) 122085 us (99%).
I0911 22:42:22.417872 2937886 AriaExecutor.h:535] Worker 14 latency: 95385 us (50%) 97065 us (75%) 107173 us (95%) 121285 us (99%).
I0911 22:42:22.417963 2937886 AriaExecutor.h:535] Worker 15 latency: 95419 us (50%) 97176 us (75%) 107438 us (95%) 121843 us (99%).
I0911 22:42:22.418066 2937886 Coordinator.h:177] total commit: 1442.7
I0911 22:42:23.418174 2937886 Coordinator.h:192] Coordinator exits.
