I1126 15:09:04.694329 994051 Database.h:65] ycsb initialization finished in 30 milliseconds.
I1126 15:09:04.694422 994051 Coordinator.h:30] Coordinator initializes 12 workers.
I1126 15:09:04.695302 994051 Coordinator.h:77] Coordinator starts to run 13 workers.
I1126 15:09:04.695354 994070 AriaExecutor.h:95] AriaExecutor 0 started. 
I1126 15:09:04.695386 994071 AriaExecutor.h:95] AriaExecutor 1 started. 
I1126 15:09:04.695426 994072 AriaExecutor.h:95] AriaExecutor 2 started. 
I1126 15:09:04.695472 994073 AriaExecutor.h:95] AriaExecutor 3 started. 
I1126 15:09:04.695509 994074 AriaExecutor.h:95] AriaExecutor 4 started. 
I1126 15:09:04.695560 994075 AriaExecutor.h:95] AriaExecutor 5 started. 
I1126 15:09:04.695605 994076 AriaExecutor.h:95] AriaExecutor 6 started. 
I1126 15:09:04.695660 994077 AriaExecutor.h:95] AriaExecutor 7 started. 
I1126 15:09:04.695699 994078 AriaExecutor.h:95] AriaExecutor 8 started. 
I1126 15:09:04.695753 994079 AriaExecutor.h:95] AriaExecutor 9 started. 
I1126 15:09:04.695804 994080 AriaExecutor.h:95] AriaExecutor 10 started. 
I1126 15:09:04.695865 994081 AriaExecutor.h:95] AriaExecutor 11 started. 
I1126 15:09:04.695916 994082 Manager.h:224] Manager(worker id = 12) on the coordinator node started.
I1126 15:09:05.695981 994051 Coordinator.h:126] commit: 2004135 abort: 8865 (0/8865/0), network size: 0, avg network size: 0, si_in_serializable: 0 0 %, local: 0 %
I1126 15:09:06.696102 994051 Coordinator.h:126] commit: 1974122 abort: 8878 (0/8878/0), network size: 0, avg network size: 0, si_in_serializable: 0 0 %, local: 0 %
I1126 15:09:07.696235 994051 Coordinator.h:126] commit: 2023004 abort: 8996 (0/8996/0), network size: 0, avg network size: 0, si_in_serializable: 0 0 %, local: 0 %
I1126 15:09:08.696346 994051 Coordinator.h:126] commit: 1992065 abort: 8935 (0/8935/0), network size: 0, avg network size: 0, si_in_serializable: 0 0 %, local: 0 %
I1126 15:09:09.696449 994051 Coordinator.h:126] commit: 2028987 abort: 9013 (0/9013/0), network size: 0, avg network size: 0, si_in_serializable: 0 0 %, local: 0 %
I1126 15:09:10.696549 994051 Coordinator.h:126] commit: 2020143 abort: 9081 (0/9081/0), network size: 0, avg network size: 0, si_in_serializable: 0 0 %, local: 0 %
I1126 15:09:11.696677 994051 Coordinator.h:126] commit: 1906388 abort: 8388 (0/8388/0), network size: 0, avg network size: 0, si_in_serializable: 0 0 %, local: 0 %
I1126 15:09:12.696786 994051 Coordinator.h:126] commit: 2023059 abort: 8941 (0/8941/0), network size: 0, avg network size: 0, si_in_serializable: 0 0 %, local: 0 %
I1126 15:09:13.696892 994051 Coordinator.h:126] commit: 2028017 abort: 8983 (0/8983/0), network size: 0, avg network size: 0, si_in_serializable: 0 0 %, local: 0 %
I1126 15:09:14.696990 994051 Coordinator.h:126] commit: 2020812 abort: 9188 (0/9188/0), network size: 0, avg network size: 0, si_in_serializable: 0 0 %, local: 0 %
I1126 15:09:15.697088 994051 Coordinator.h:126] commit: 2025975 abort: 9025 (0/9025/0), network size: 0, avg network size: 0, si_in_serializable: 0 0 %, local: 0 %
I1126 15:09:16.697183 994051 Coordinator.h:126] commit: 1997221 abort: 8779 (0/8779/0), network size: 0, avg network size: 0, si_in_serializable: 0 0 %, local: 0 %
I1126 15:09:17.697281 994051 Coordinator.h:126] commit: 1827864 abort: 8136 (0/8136/0), network size: 0, avg network size: 0, si_in_serializable: 0 0 %, local: 0 %
I1126 15:09:18.697403 994051 Coordinator.h:126] commit: 2023121 abort: 8879 (0/8879/0), network size: 0, avg network size: 0, si_in_serializable: 0 0 %, local: 0 %
I1126 15:09:19.697505 994051 Coordinator.h:126] commit: 2022174 abort: 8826 (0/8826/0), network size: 0, avg network size: 0, si_in_serializable: 0 0 %, local: 0 %
I1126 15:09:20.697600 994051 Coordinator.h:126] commit: 2024832 abort: 9168 (0/9168/0), network size: 0, avg network size: 0, si_in_serializable: 0 0 %, local: 0 %
I1126 15:09:21.697698 994051 Coordinator.h:126] commit: 2020987 abort: 9013 (0/9013/0), network size: 0, avg network size: 0, si_in_serializable: 0 0 %, local: 0 %
I1126 15:09:22.697794 994051 Coordinator.h:126] commit: 2025057 abort: 8943 (0/8943/0), network size: 0, avg network size: 0, si_in_serializable: 0 0 %, local: 0 %
I1126 15:09:23.697891 994051 Coordinator.h:126] commit: 2019027 abort: 8973 (0/8973/0), network size: 0, avg network size: 0, si_in_serializable: 0 0 %, local: 0 %
I1126 15:09:24.697988 994051 Coordinator.h:126] commit: 2027094 abort: 8906 (0/8906/0), network size: 0, avg network size: 0, si_in_serializable: 0 0 %, local: 0 %
I1126 15:09:25.698082 994051 Coordinator.h:126] commit: 2018193 abort: 8807 (0/8807/0), network size: 0, avg network size: 0, si_in_serializable: 0 0 %, local: 0 %
I1126 15:09:26.698181 994051 Coordinator.h:126] commit: 2024139 abort: 8861 (0/8861/0), network size: 0, avg network size: 0, si_in_serializable: 0 0 %, local: 0 %
I1126 15:09:27.698278 994051 Coordinator.h:126] commit: 2020915 abort: 9085 (0/9085/0), network size: 0, avg network size: 0, si_in_serializable: 0 0 %, local: 0 %
I1126 15:09:28.698372 994051 Coordinator.h:126] commit: 2026055 abort: 8945 (0/8945/0), network size: 0, avg network size: 0, si_in_serializable: 0 0 %, local: 0 %
I1126 15:09:29.698467 994051 Coordinator.h:126] commit: 1889576 abort: 8424 (0/8424/0), network size: 0, avg network size: 0, si_in_serializable: 0 0 %, local: 0 %
I1126 15:09:29.698491 994051 Coordinator.h:152] average commit: 2.00134e+06 abort: 8864.8 (0/8864.8/0), network size: 0, avg network size: 0, si_in_serializable: 0 0 %, local: 0 %
I1126 15:09:29.698730 994082 Manager.h:227] Manager(worker id = 12) on the coordinator node exits.
I1126 15:09:29.698731 994080 AriaExecutor.h:107] AriaExecutor 10 exits. 
I1126 15:09:29.698737 994070 AriaExecutor.h:107] AriaExecutor 0 exits. 
I1126 15:09:29.698734 994078 AriaExecutor.h:107] AriaExecutor 8 exits. 
I1126 15:09:29.698746 994076 AriaExecutor.h:107] AriaExecutor 6 exits. 
I1126 15:09:29.698748 994077 AriaExecutor.h:107] AriaExecutor 7 exits. 
I1126 15:09:29.698745 994071 AriaExecutor.h:107] AriaExecutor 1 exits. 
I1126 15:09:29.698750 994075 AriaExecutor.h:107] AriaExecutor 5 exits. 
I1126 15:09:29.698734 994072 AriaExecutor.h:107] AriaExecutor 2 exits. 
I1126 15:09:29.698748 994081 AriaExecutor.h:107] AriaExecutor 11 exits. 
I1126 15:09:29.698748 994073 AriaExecutor.h:107] AriaExecutor 3 exits. 
I1126 15:09:29.698750 994079 AriaExecutor.h:107] AriaExecutor 9 exits. 
I1126 15:09:29.698737 994074 AriaExecutor.h:107] AriaExecutor 4 exits. 
I1126 15:09:29.698506 994051 AriaExecutor.h:705] Worker 0 latency: 339 us (50%) 387 us (75%) 429 us (95%) 444 us (99%).
I1126 15:09:29.845700 994051 AriaExecutor.h:705] Worker 1 latency: 338 us (50%) 386 us (75%) 428 us (95%) 443 us (99%).
I1126 15:09:29.993490 994051 AriaExecutor.h:705] Worker 2 latency: 340 us (50%) 387 us (75%) 429 us (95%) 444 us (99%).
I1126 15:09:30.139761 994051 AriaExecutor.h:705] Worker 3 latency: 340 us (50%) 387 us (75%) 428 us (95%) 443 us (99%).
I1126 15:09:30.285259 994051 AriaExecutor.h:705] Worker 4 latency: 340 us (50%) 387 us (75%) 429 us (95%) 443 us (99%).
I1126 15:09:30.428310 994051 AriaExecutor.h:705] Worker 5 latency: 339 us (50%) 386 us (75%) 428 us (95%) 442 us (99%).
I1126 15:09:30.573232 994051 AriaExecutor.h:705] Worker 6 latency: 344 us (50%) 389 us (75%) 429 us (95%) 444 us (99%).
I1126 15:09:30.720293 994051 AriaExecutor.h:705] Worker 7 latency: 340 us (50%) 387 us (75%) 428 us (95%) 442 us (99%).
I1126 15:09:30.883008 994051 AriaExecutor.h:705] Worker 8 latency: 345 us (50%) 390 us (75%) 430 us (95%) 444 us (99%).
I1126 15:09:31.025203 994051 AriaExecutor.h:705] Worker 9 latency: 342 us (50%) 387 us (75%) 428 us (95%) 443 us (99%).
I1126 15:09:31.168015 994051 AriaExecutor.h:705] Worker 10 latency: 344 us (50%) 389 us (75%) 430 us (95%) 444 us (99%).
I1126 15:09:31.312270 994051 AriaExecutor.h:705] Worker 11 latency: 343 us (50%) 388 us (75%) 428 us (95%) 443 us (99%).
I1126 15:09:31.478008 994051 Coordinator.h:177] total commit: 2.00134e+06
I1126 15:09:32.478124 994051 Coordinator.h:192] Coordinator exits.
