I1126 18:08:38.006100 1068182 Database.h:65] ycsb initialization finished in 30 milliseconds.
I1126 18:08:38.006206 1068182 Coordinator.h:30] Coordinator initializes 12 workers.
I1126 18:08:38.007119 1068182 Coordinator.h:77] Coordinator starts to run 13 workers.
I1126 18:08:38.007170 1068198 AriaExecutor.h:91] AriaExecutor 0 started. 
I1126 18:08:38.007200 1068199 AriaExecutor.h:91] AriaExecutor 1 started. 
I1126 18:08:38.007241 1068200 AriaExecutor.h:91] AriaExecutor 2 started. 
I1126 18:08:38.007282 1068201 AriaExecutor.h:91] AriaExecutor 3 started. 
I1126 18:08:38.007361 1068203 AriaExecutor.h:91] AriaExecutor 5 started. 
I1126 18:08:38.007405 1068204 AriaExecutor.h:91] AriaExecutor 6 started. 
I1126 18:08:38.007445 1068205 AriaExecutor.h:91] AriaExecutor 7 started. 
I1126 18:08:38.007484 1068206 AriaExecutor.h:91] AriaExecutor 8 started. 
I1126 18:08:38.007526 1068207 AriaExecutor.h:91] AriaExecutor 9 started. 
I1126 18:08:38.007560 1068208 AriaExecutor.h:91] AriaExecutor 10 started. 
I1126 18:08:38.007607 1068209 AriaExecutor.h:91] AriaExecutor 11 started. 
I1126 18:08:38.007647 1068202 AriaExecutor.h:91] AriaExecutor 4 started. 
I1126 18:08:38.007648 1068210 Manager.h:224] Manager(worker id = 12) on the coordinator node started.
I1126 18:08:39.007709 1068182 Coordinator.h:126] commit: 2043055 abort: 31945 (0/31945/0), network size: 0, avg network size: 0, si_in_serializable: 0 0 %, local: 0 %
I1126 18:08:40.007824 1068182 Coordinator.h:126] commit: 2012854 abort: 31146 (0/31146/0), network size: 0, avg network size: 0, si_in_serializable: 0 0 %, local: 0 %
I1126 18:08:41.007926 1068182 Coordinator.h:126] commit: 2072728 abort: 32272 (0/32272/0), network size: 0, avg network size: 0, si_in_serializable: 0 0 %, local: 0 %
I1126 18:08:42.008026 1068182 Coordinator.h:126] commit: 2034198 abort: 31802 (0/31802/0), network size: 0, avg network size: 0, si_in_serializable: 0 0 %, local: 0 %
I1126 18:08:43.008134 1068182 Coordinator.h:126] commit: 2076677 abort: 32323 (0/32323/0), network size: 0, avg network size: 0, si_in_serializable: 0 0 %, local: 0 %
I1126 18:08:44.008236 1068182 Coordinator.h:126] commit: 2073153 abort: 31847 (0/31847/0), network size: 0, avg network size: 0, si_in_serializable: 0 0 %, local: 0 %
I1126 18:08:45.008342 1068182 Coordinator.h:126] commit: 1929073 abort: 29927 (0/29927/0), network size: 0, avg network size: 0, si_in_serializable: 0 0 %, local: 0 %
I1126 18:08:46.008435 1068182 Coordinator.h:126] commit: 2065911 abort: 32089 (0/32089/0), network size: 0, avg network size: 0, si_in_serializable: 0 0 %, local: 0 %
I1126 18:08:47.008543 1068182 Coordinator.h:126] commit: 2070271 abort: 32729 (0/32729/0), network size: 0, avg network size: 0, si_in_serializable: 0 0 %, local: 0 %
I1126 18:08:48.008644 1068182 Coordinator.h:126] commit: 2064994 abort: 32006 (0/32006/0), network size: 0, avg network size: 0, si_in_serializable: 0 0 %, local: 0 %
I1126 18:08:49.008729 1068182 Coordinator.h:126] commit: 2065029 abort: 31971 (0/31971/0), network size: 0, avg network size: 0, si_in_serializable: 0 0 %, local: 0 %
I1126 18:08:50.008831 1068182 Coordinator.h:126] commit: 2041529 abort: 31538 (0/31538/0), network size: 0, avg network size: 0, si_in_serializable: 0 0 %, local: 0 %
I1126 18:08:51.008924 1068182 Coordinator.h:126] commit: 1857875 abort: 29058 (0/29058/0), network size: 0, avg network size: 0, si_in_serializable: 0 0 %, local: 0 %
I1126 18:08:52.009043 1068182 Coordinator.h:126] commit: 2064262 abort: 32184 (0/32184/0), network size: 0, avg network size: 0, si_in_serializable: 0 0 %, local: 0 %
I1126 18:08:53.009130 1068182 Coordinator.h:126] commit: 2052272 abort: 32282 (0/32282/0), network size: 0, avg network size: 0, si_in_serializable: 0 0 %, local: 0 %
I1126 18:08:54.009225 1068182 Coordinator.h:126] commit: 2059833 abort: 32167 (0/32167/0), network size: 0, avg network size: 0, si_in_serializable: 0 0 %, local: 0 %
I1126 18:08:55.009323 1068182 Coordinator.h:126] commit: 2053276 abort: 31701 (0/31701/0), network size: 0, avg network size: 0, si_in_serializable: 0 0 %, local: 0 %
I1126 18:08:56.009403 1068182 Coordinator.h:126] commit: 2059976 abort: 32047 (0/32047/0), network size: 0, avg network size: 0, si_in_serializable: 0 0 %, local: 0 %
I1126 18:08:57.009482 1068182 Coordinator.h:126] commit: 2056963 abort: 32037 (0/32037/0), network size: 0, avg network size: 0, si_in_serializable: 0 0 %, local: 0 %
I1126 18:08:58.009572 1068182 Coordinator.h:126] commit: 2057801 abort: 32199 (0/32199/0), network size: 0, avg network size: 0, si_in_serializable: 0 0 %, local: 0 %
I1126 18:08:59.009678 1068182 Coordinator.h:126] commit: 2054836 abort: 32332 (0/32332/0), network size: 0, avg network size: 0, si_in_serializable: 0 0 %, local: 0 %
I1126 18:09:00.009774 1068182 Coordinator.h:126] commit: 2060747 abort: 32085 (0/32085/0), network size: 0, avg network size: 0, si_in_serializable: 0 0 %, local: 0 %
I1126 18:09:01.009851 1068182 Coordinator.h:126] commit: 2056976 abort: 32024 (0/32024/0), network size: 0, avg network size: 0, si_in_serializable: 0 0 %, local: 0 %
I1126 18:09:02.009933 1068182 Coordinator.h:126] commit: 2060438 abort: 32267 (0/32267/0), network size: 0, avg network size: 0, si_in_serializable: 0 0 %, local: 0 %
I1126 18:09:03.010021 1068182 Coordinator.h:126] commit: 1662163 abort: 26132 (0/26132/0), network size: 0, avg network size: 0, si_in_serializable: 0 0 %, local: 0 %
I1126 18:09:03.010042 1068182 Coordinator.h:152] average commit: 2.03688e+06 abort: 31718.4 (0/31718.4/0), network size: 0, avg network size: 0, si_in_serializable: 0 0 %, local: 0 %
I1126 18:09:03.010110 1068204 AriaExecutor.h:103] AriaExecutor 6 exits. 
I1126 18:09:03.010119 1068202 AriaExecutor.h:103] AriaExecutor 4 exits. 
I1126 18:09:03.010114 1068206 AriaExecutor.h:103] AriaExecutor 8 exits. 
I1126 18:09:03.010121 1068200 AriaExecutor.h:103] AriaExecutor 2 exits. 
I1126 18:09:03.010123 1068199 AriaExecutor.h:103] AriaExecutor 1 exits. 
I1126 18:09:03.010123 1068203 AriaExecutor.h:103] AriaExecutor 5 exits. 
I1126 18:09:03.010123 1068210 Manager.h:227] Manager(worker id = 12) on the coordinator node exits.
I1126 18:09:03.010124 1068209 AriaExecutor.h:103] AriaExecutor 11 exits. 
I1126 18:09:03.010113 1068208 AriaExecutor.h:103] AriaExecutor 10 exits. 
I1126 18:09:03.010124 1068205 AriaExecutor.h:103] AriaExecutor 7 exits. 
I1126 18:09:03.010123 1068207 AriaExecutor.h:103] AriaExecutor 9 exits. 
I1126 18:09:03.010111 1068198 AriaExecutor.h:103] AriaExecutor 0 exits. 
I1126 18:09:03.010123 1068201 AriaExecutor.h:103] AriaExecutor 3 exits. 
I1126 18:09:03.010051 1068182 AriaExecutor.h:621] Worker 0 latency: 319 us (50%) 371 us (75%) 415 us (95%) 430 us (99%).
I1126 18:09:03.160569 1068182 AriaExecutor.h:621] Worker 1 latency: 316 us (50%) 369 us (75%) 414 us (95%) 429 us (99%).
I1126 18:09:03.315801 1068182 AriaExecutor.h:621] Worker 2 latency: 320 us (50%) 370 us (75%) 415 us (95%) 430 us (99%).
I1126 18:09:03.468662 1068182 AriaExecutor.h:621] Worker 3 latency: 318 us (50%) 369 us (75%) 414 us (95%) 429 us (99%).
I1126 18:09:03.623466 1068182 AriaExecutor.h:621] Worker 4 latency: 320 us (50%) 371 us (75%) 415 us (95%) 430 us (99%).
I1126 18:09:03.771946 1068182 AriaExecutor.h:621] Worker 5 latency: 317 us (50%) 369 us (75%) 414 us (95%) 429 us (99%).
I1126 18:09:03.922767 1068182 AriaExecutor.h:621] Worker 6 latency: 323 us (50%) 372 us (75%) 415 us (95%) 430 us (99%).
I1126 18:09:04.076349 1068182 AriaExecutor.h:621] Worker 7 latency: 320 us (50%) 370 us (75%) 414 us (95%) 429 us (99%).
I1126 18:09:04.229188 1068182 AriaExecutor.h:621] Worker 8 latency: 322 us (50%) 372 us (75%) 416 us (95%) 430 us (99%).
I1126 18:09:04.380388 1068182 AriaExecutor.h:621] Worker 9 latency: 320 us (50%) 370 us (75%) 414 us (95%) 429 us (99%).
I1126 18:09:04.529896 1068182 AriaExecutor.h:621] Worker 10 latency: 322 us (50%) 372 us (75%) 415 us (95%) 430 us (99%).
I1126 18:09:04.680575 1068182 AriaExecutor.h:621] Worker 11 latency: 321 us (50%) 371 us (75%) 415 us (95%) 429 us (99%).
I1126 18:09:04.832444 1068182 Coordinator.h:177] total commit: 2.03688e+06
I1126 18:09:05.832568 1068182 Coordinator.h:192] Coordinator exits.
