I1126 15:11:22.129355 995614 Database.h:65] ycsb initialization finished in 30 milliseconds.
I1126 15:11:22.129462 995614 Coordinator.h:30] Coordinator initializes 12 workers.
I1126 15:11:22.136374 995614 Coordinator.h:77] Coordinator starts to run 13 workers.
I1126 15:11:22.136427 995630 AriaExecutor.h:95] AriaExecutor 0 started. 
I1126 15:11:22.136458 995631 AriaExecutor.h:95] AriaExecutor 1 started. 
I1126 15:11:22.136507 995632 AriaExecutor.h:95] AriaExecutor 2 started. 
I1126 15:11:22.136539 995633 AriaExecutor.h:95] AriaExecutor 3 started. 
I1126 15:11:22.136624 995635 AriaExecutor.h:95] AriaExecutor 5 started. 
I1126 15:11:22.136673 995636 AriaExecutor.h:95] AriaExecutor 6 started. 
I1126 15:11:22.136716 995637 AriaExecutor.h:95] AriaExecutor 7 started. 
I1126 15:11:22.136754 995638 AriaExecutor.h:95] AriaExecutor 8 started. 
I1126 15:11:22.136793 995639 AriaExecutor.h:95] AriaExecutor 9 started. 
I1126 15:11:22.136830 995640 AriaExecutor.h:95] AriaExecutor 10 started. 
I1126 15:11:22.136873 995641 AriaExecutor.h:95] AriaExecutor 11 started. 
I1126 15:11:22.136899 995634 AriaExecutor.h:95] AriaExecutor 4 started. 
I1126 15:11:22.136904 995642 Manager.h:224] Manager(worker id = 12) on the coordinator node started.
I1126 15:11:23.136972 995614 Coordinator.h:126] commit: 1009718 abort: 330720 (0/330720/0), network size: 0, avg network size: 0, si_in_serializable: 0 0 %, local: 0 %
I1126 15:11:24.137097 995614 Coordinator.h:126] commit: 1008349 abort: 331212 (0/331212/0), network size: 0, avg network size: 0, si_in_serializable: 0 0 %, local: 0 %
I1126 15:11:25.137228 995614 Coordinator.h:126] commit: 1015713 abort: 334287 (0/334287/0), network size: 0, avg network size: 0, si_in_serializable: 0 0 %, local: 0 %
I1126 15:11:26.137336 995614 Coordinator.h:126] commit: 1015601 abort: 334399 (0/334399/0), network size: 0, avg network size: 0, si_in_serializable: 0 0 %, local: 0 %
I1126 15:11:27.137437 995614 Coordinator.h:126] commit: 1023370 abort: 336630 (0/336630/0), network size: 0, avg network size: 0, si_in_serializable: 0 0 %, local: 0 %
I1126 15:11:28.137526 995614 Coordinator.h:126] commit: 1016397 abort: 333603 (0/333603/0), network size: 0, avg network size: 0, si_in_serializable: 0 0 %, local: 0 %
I1126 15:11:29.137650 995614 Coordinator.h:126] commit: 993993 abort: 326007 (0/326007/0), network size: 0, avg network size: 0, si_in_serializable: 0 0 %, local: 0 %
I1126 15:11:30.137761 995614 Coordinator.h:126] commit: 1024555 abort: 335445 (0/335445/0), network size: 0, avg network size: 0, si_in_serializable: 0 0 %, local: 0 %
I1126 15:11:31.137867 995614 Coordinator.h:126] commit: 1023875 abort: 336125 (0/336125/0), network size: 0, avg network size: 0, si_in_serializable: 0 0 %, local: 0 %
I1126 15:11:32.137974 995614 Coordinator.h:126] commit: 1024736 abort: 335264 (0/335264/0), network size: 0, avg network size: 0, si_in_serializable: 0 0 %, local: 0 %
I1126 15:11:33.138062 995614 Coordinator.h:126] commit: 1016869 abort: 333131 (0/333131/0), network size: 0, avg network size: 0, si_in_serializable: 0 0 %, local: 0 %
I1126 15:11:34.138165 995614 Coordinator.h:126] commit: 1023339 abort: 336661 (0/336661/0), network size: 0, avg network size: 0, si_in_serializable: 0 0 %, local: 0 %
I1126 15:11:35.138262 995614 Coordinator.h:126] commit: 1001089 abort: 328911 (0/328911/0), network size: 0, avg network size: 0, si_in_serializable: 0 0 %, local: 0 %
I1126 15:11:36.138358 995614 Coordinator.h:126] commit: 1016042 abort: 333958 (0/333958/0), network size: 0, avg network size: 0, si_in_serializable: 0 0 %, local: 0 %
I1126 15:11:37.138449 995614 Coordinator.h:126] commit: 1023411 abort: 336589 (0/336589/0), network size: 0, avg network size: 0, si_in_serializable: 0 0 %, local: 0 %
I1126 15:11:38.138583 995614 Coordinator.h:126] commit: 1008763 abort: 331237 (0/331237/0), network size: 0, avg network size: 0, si_in_serializable: 0 0 %, local: 0 %
I1126 15:11:39.138696 995614 Coordinator.h:126] commit: 1024613 abort: 335387 (0/335387/0), network size: 0, avg network size: 0, si_in_serializable: 0 0 %, local: 0 %
I1126 15:11:40.138808 995614 Coordinator.h:126] commit: 1016320 abort: 333680 (0/333680/0), network size: 0, avg network size: 0, si_in_serializable: 0 0 %, local: 0 %
I1126 15:11:41.138913 995614 Coordinator.h:126] commit: 1024038 abort: 335962 (0/335962/0), network size: 0, avg network size: 0, si_in_serializable: 0 0 %, local: 0 %
I1126 15:11:42.139019 995614 Coordinator.h:126] commit: 1023076 abort: 336924 (0/336924/0), network size: 0, avg network size: 0, si_in_serializable: 0 0 %, local: 0 %
I1126 15:11:43.139129 995614 Coordinator.h:126] commit: 1016949 abort: 333051 (0/333051/0), network size: 0, avg network size: 0, si_in_serializable: 0 0 %, local: 0 %
I1126 15:11:44.139240 995614 Coordinator.h:126] commit: 1023614 abort: 336386 (0/336386/0), network size: 0, avg network size: 0, si_in_serializable: 0 0 %, local: 0 %
I1126 15:11:45.139340 995614 Coordinator.h:126] commit: 1016889 abort: 333111 (0/333111/0), network size: 0, avg network size: 0, si_in_serializable: 0 0 %, local: 0 %
I1126 15:11:46.139446 995614 Coordinator.h:126] commit: 1024195 abort: 335805 (0/335805/0), network size: 0, avg network size: 0, si_in_serializable: 0 0 %, local: 0 %
I1126 15:11:47.139556 995614 Coordinator.h:126] commit: 926794 abort: 303206 (0/303206/0), network size: 0, avg network size: 0, si_in_serializable: 0 0 %, local: 0 %
I1126 15:11:47.139595 995614 Coordinator.h:152] average commit: 1.01776e+06 abort: 334244 (0/334244/0), network size: 0, avg network size: 0, si_in_serializable: 0 0 %, local: 0 %
I1126 15:11:47.141783 995640 AriaExecutor.h:107] AriaExecutor 10 exits. 
I1126 15:11:47.141785 995632 AriaExecutor.h:107] AriaExecutor 2 exits. 
I1126 15:11:47.141796 995631 AriaExecutor.h:107] AriaExecutor 1 exits. 
I1126 15:11:47.141786 995638 AriaExecutor.h:107] AriaExecutor 8 exits. 
I1126 15:11:47.141785 995642 Manager.h:227] Manager(worker id = 12) on the coordinator node exits.
I1126 15:11:47.141796 995635 AriaExecutor.h:107] AriaExecutor 5 exits. 
I1126 15:11:47.141785 995630 AriaExecutor.h:107] AriaExecutor 0 exits. 
I1126 15:11:47.141783 995636 AriaExecutor.h:107] AriaExecutor 6 exits. 
I1126 15:11:47.141798 995641 AriaExecutor.h:107] AriaExecutor 11 exits. 
I1126 15:11:47.141796 995637 AriaExecutor.h:107] AriaExecutor 7 exits. 
I1126 15:11:47.141798 995639 AriaExecutor.h:107] AriaExecutor 9 exits. 
I1126 15:11:47.141785 995634 AriaExecutor.h:107] AriaExecutor 4 exits. 
I1126 15:11:47.141796 995633 AriaExecutor.h:107] AriaExecutor 3 exits. 
I1126 15:11:47.139603 995614 AriaExecutor.h:705] Worker 0 latency: 5831 us (50%) 6204 us (75%) 6472 us (95%) 6573 us (99%).
I1126 15:11:47.217031 995614 AriaExecutor.h:705] Worker 1 latency: 5818 us (50%) 6197 us (75%) 6468 us (95%) 6567 us (99%).
I1126 15:11:47.295434 995614 AriaExecutor.h:705] Worker 2 latency: 5845 us (50%) 6208 us (75%) 6470 us (95%) 6568 us (99%).
I1126 15:11:47.371869 995614 AriaExecutor.h:705] Worker 3 latency: 5826 us (50%) 6203 us (75%) 6472 us (95%) 6573 us (99%).
I1126 15:11:47.449723 995614 AriaExecutor.h:705] Worker 4 latency: 5836 us (50%) 6205 us (75%) 6470 us (95%) 6570 us (99%).
I1126 15:11:47.527701 995614 AriaExecutor.h:705] Worker 5 latency: 5826 us (50%) 6202 us (75%) 6470 us (95%) 6571 us (99%).
I1126 15:11:47.607334 995614 AriaExecutor.h:705] Worker 6 latency: 5846 us (50%) 6213 us (75%) 6475 us (95%) 6571 us (99%).
I1126 15:11:47.685370 995614 AriaExecutor.h:705] Worker 7 latency: 5823 us (50%) 6201 us (75%) 6470 us (95%) 6571 us (99%).
I1126 15:11:47.765379 995614 AriaExecutor.h:705] Worker 8 latency: 5837 us (50%) 6208 us (75%) 6471 us (95%) 6567 us (99%).
I1126 15:11:47.842696 995614 AriaExecutor.h:705] Worker 9 latency: 5826 us (50%) 6203 us (75%) 6471 us (95%) 6571 us (99%).
I1126 15:11:47.920871 995614 AriaExecutor.h:705] Worker 10 latency: 5849 us (50%) 6214 us (75%) 6475 us (95%) 6574 us (99%).
I1126 15:11:48.000041 995614 AriaExecutor.h:705] Worker 11 latency: 5826 us (50%) 6204 us (75%) 6472 us (95%) 6571 us (99%).
I1126 15:11:48.079682 995614 Coordinator.h:177] total commit: 1.01776e+06
I1126 15:11:49.079792 995614 Coordinator.h:192] Coordinator exits.
