I1126 15:40:32.562747 1014399 Database.h:65] ycsb initialization finished in 30 milliseconds.
I1126 15:40:32.562844 1014399 Coordinator.h:30] Coordinator initializes 12 workers.
I1126 15:40:32.569746 1014399 Coordinator.h:77] Coordinator starts to run 13 workers.
I1126 15:40:32.569795 1014415 AriaExecutor.h:95] AriaExecutor 0 started. 
I1126 15:40:32.569824 1014416 AriaExecutor.h:95] AriaExecutor 1 started. 
I1126 15:40:32.569916 1014418 AriaExecutor.h:95] AriaExecutor 3 started. 
I1126 15:40:32.569962 1014419 AriaExecutor.h:95] AriaExecutor 4 started. 
I1126 15:40:32.570001 1014420 AriaExecutor.h:95] AriaExecutor 5 started. 
I1126 15:40:32.570036 1014421 AriaExecutor.h:95] AriaExecutor 6 started. 
I1126 15:40:32.570078 1014422 AriaExecutor.h:95] AriaExecutor 7 started. 
I1126 15:40:32.570112 1014423 AriaExecutor.h:95] AriaExecutor 8 started. 
I1126 15:40:32.570153 1014424 AriaExecutor.h:95] AriaExecutor 9 started. 
I1126 15:40:32.570191 1014425 AriaExecutor.h:95] AriaExecutor 10 started. 
I1126 15:40:32.570240 1014426 AriaExecutor.h:95] AriaExecutor 11 started. 
I1126 15:40:32.570273 1014417 AriaExecutor.h:95] AriaExecutor 2 started. 
I1126 15:40:32.570276 1014427 Manager.h:224] Manager(worker id = 12) on the coordinator node started.
I1126 15:40:33.570343 1014399 Coordinator.h:126] commit: 247253 abort: 1242747 (0/1242747/0), network size: 0, avg network size: 0, si_in_serializable: 0 0 %, local: 0 %
I1126 15:40:34.570461 1014399 Coordinator.h:126] commit: 244543 abort: 1225457 (0/1225457/0), network size: 0, avg network size: 0, si_in_serializable: 0 0 %, local: 0 %
I1126 15:40:35.570571 1014399 Coordinator.h:126] commit: 248208 abort: 1241792 (0/1241792/0), network size: 0, avg network size: 0, si_in_serializable: 0 0 %, local: 0 %
I1126 15:40:36.570679 1014399 Coordinator.h:126] commit: 248176 abort: 1241824 (0/1241824/0), network size: 0, avg network size: 0, si_in_serializable: 0 0 %, local: 0 %
I1126 15:40:37.570760 1014399 Coordinator.h:126] commit: 249785 abort: 1250215 (0/1250215/0), network size: 0, avg network size: 0, si_in_serializable: 0 0 %, local: 0 %
I1126 15:40:38.570837 1014399 Coordinator.h:126] commit: 245005 abort: 1228048 (0/1228048/0), network size: 0, avg network size: 0, si_in_serializable: 0 0 %, local: 0 %
I1126 15:40:39.570912 1014399 Coordinator.h:126] commit: 247409 abort: 1239538 (0/1239538/0), network size: 0, avg network size: 0, si_in_serializable: 0 0 %, local: 0 %
I1126 15:40:40.571015 1014399 Coordinator.h:126] commit: 248291 abort: 1241709 (0/1241709/0), network size: 0, avg network size: 0, si_in_serializable: 0 0 %, local: 0 %
I1126 15:40:41.571106 1014399 Coordinator.h:126] commit: 248462 abort: 1241538 (0/1241538/0), network size: 0, avg network size: 0, si_in_serializable: 0 0 %, local: 0 %
I1126 15:40:42.571180 1014399 Coordinator.h:126] commit: 250100 abort: 1249900 (0/1249900/0), network size: 0, avg network size: 0, si_in_serializable: 0 0 %, local: 0 %
I1126 15:40:43.571264 1014399 Coordinator.h:126] commit: 247846 abort: 1242154 (0/1242154/0), network size: 0, avg network size: 0, si_in_serializable: 0 0 %, local: 0 %
I1126 15:40:44.571372 1014399 Coordinator.h:126] commit: 246654 abort: 1243346 (0/1243346/0), network size: 0, avg network size: 0, si_in_serializable: 0 0 %, local: 0 %
I1126 15:40:45.571477 1014399 Coordinator.h:126] commit: 246674 abort: 1233326 (0/1233326/0), network size: 0, avg network size: 0, si_in_serializable: 0 0 %, local: 0 %
I1126 15:40:46.571588 1014399 Coordinator.h:126] commit: 248481 abort: 1242307 (0/1242307/0), network size: 0, avg network size: 0, si_in_serializable: 0 0 %, local: 0 %
I1126 15:40:47.571698 1014399 Coordinator.h:126] commit: 249208 abort: 1250004 (0/1250004/0), network size: 0, avg network size: 0, si_in_serializable: 0 0 %, local: 0 %
I1126 15:40:48.571806 1014399 Coordinator.h:126] commit: 247640 abort: 1242360 (0/1242360/0), network size: 0, avg network size: 0, si_in_serializable: 0 0 %, local: 0 %
I1126 15:40:49.571915 1014399 Coordinator.h:126] commit: 247832 abort: 1242168 (0/1242168/0), network size: 0, avg network size: 0, si_in_serializable: 0 0 %, local: 0 %
I1126 15:40:50.572028 1014399 Coordinator.h:126] commit: 248384 abort: 1241616 (0/1241616/0), network size: 0, avg network size: 0, si_in_serializable: 0 0 %, local: 0 %
I1126 15:40:51.572167 1014399 Coordinator.h:126] commit: 248419 abort: 1241581 (0/1241581/0), network size: 0, avg network size: 0, si_in_serializable: 0 0 %, local: 0 %
I1126 15:40:52.572275 1014399 Coordinator.h:126] commit: 248119 abort: 1241881 (0/1241881/0), network size: 0, avg network size: 0, si_in_serializable: 0 0 %, local: 0 %
I1126 15:40:53.572371 1014399 Coordinator.h:126] commit: 246629 abort: 1233371 (0/1233371/0), network size: 0, avg network size: 0, si_in_serializable: 0 0 %, local: 0 %
I1126 15:40:54.572471 1014399 Coordinator.h:126] commit: 249272 abort: 1250728 (0/1250728/0), network size: 0, avg network size: 0, si_in_serializable: 0 0 %, local: 0 %
I1126 15:40:55.572572 1014399 Coordinator.h:126] commit: 246874 abort: 1243126 (0/1243126/0), network size: 0, avg network size: 0, si_in_serializable: 0 0 %, local: 0 %
I1126 15:40:56.572675 1014399 Coordinator.h:126] commit: 247805 abort: 1242195 (0/1242195/0), network size: 0, avg network size: 0, si_in_serializable: 0 0 %, local: 0 %
I1126 15:40:57.572778 1014399 Coordinator.h:126] commit: 249717 abort: 1250283 (0/1250283/0), network size: 0, avg network size: 0, si_in_serializable: 0 0 %, local: 0 %
I1126 15:40:57.572815 1014399 Coordinator.h:152] average commit: 247926 abort: 1.24207e+06 (0/1.24207e+06/0), network size: 0, avg network size: 0, si_in_serializable: 0 0 %, local: 0 %
I1126 15:40:57.578312 1014419 AriaExecutor.h:107] AriaExecutor 4 exits. 
I1126 15:40:57.578312 1014423 AriaExecutor.h:107] AriaExecutor 8 exits. 
I1126 15:40:57.578316 1014421 AriaExecutor.h:107] AriaExecutor 6 exits. 
I1126 15:40:57.578326 1014426 AriaExecutor.h:107] AriaExecutor 11 exits. 
I1126 15:40:57.578313 1014425 AriaExecutor.h:107] AriaExecutor 10 exits. 
I1126 15:40:57.578313 1014415 AriaExecutor.h:107] AriaExecutor 0 exits. 
I1126 15:40:57.578325 1014420 AriaExecutor.h:107] AriaExecutor 5 exits. 
I1126 15:40:57.578325 1014416 AriaExecutor.h:107] AriaExecutor 1 exits. 
I1126 15:40:57.578327 1014422 AriaExecutor.h:107] AriaExecutor 7 exits. 
I1126 15:40:57.578313 1014427 Manager.h:227] Manager(worker id = 12) on the coordinator node exits.
I1126 15:40:57.578315 1014417 AriaExecutor.h:107] AriaExecutor 2 exits. 
I1126 15:40:57.578325 1014424 AriaExecutor.h:107] AriaExecutor 9 exits. 
I1126 15:40:57.578325 1014418 AriaExecutor.h:107] AriaExecutor 3 exits. 
I1126 15:40:57.572825 1014399 AriaExecutor.h:705] Worker 0 latency: 5778 us (50%) 6199 us (75%) 6400 us (95%) 6478 us (99%).
I1126 15:40:57.596451 1014399 AriaExecutor.h:705] Worker 1 latency: 5771 us (50%) 6196 us (75%) 6399 us (95%) 6477 us (99%).
I1126 15:40:57.622191 1014399 AriaExecutor.h:705] Worker 2 latency: 5788 us (50%) 6202 us (75%) 6400 us (95%) 6477 us (99%).
I1126 15:40:57.645675 1014399 AriaExecutor.h:705] Worker 3 latency: 5776 us (50%) 6198 us (75%) 6399 us (95%) 6476 us (99%).
I1126 15:40:57.671834 1014399 AriaExecutor.h:705] Worker 4 latency: 5782 us (50%) 6199 us (75%) 6399 us (95%) 6476 us (99%).
I1126 15:40:57.695432 1014399 AriaExecutor.h:705] Worker 5 latency: 5773 us (50%) 6195 us (75%) 6398 us (95%) 6476 us (99%).
I1126 15:40:57.721220 1014399 AriaExecutor.h:705] Worker 6 latency: 5786 us (50%) 6200 us (75%) 6399 us (95%) 6477 us (99%).
I1126 15:40:57.745067 1014399 AriaExecutor.h:705] Worker 7 latency: 5774 us (50%) 6197 us (75%) 6398 us (95%) 6476 us (99%).
I1126 15:40:57.771046 1014399 AriaExecutor.h:705] Worker 8 latency: 5778 us (50%) 6199 us (75%) 6399 us (95%) 6478 us (99%).
I1126 15:40:57.794900 1014399 AriaExecutor.h:705] Worker 9 latency: 5773 us (50%) 6195 us (75%) 6397 us (95%) 6474 us (99%).
I1126 15:40:57.820672 1014399 AriaExecutor.h:705] Worker 10 latency: 5783 us (50%) 6200 us (75%) 6399 us (95%) 6478 us (99%).
I1126 15:40:57.844416 1014399 AriaExecutor.h:705] Worker 11 latency: 5770 us (50%) 6194 us (75%) 6397 us (95%) 6474 us (99%).
I1126 15:40:57.870045 1014399 Coordinator.h:177] total commit: 247926
I1126 15:40:58.870152 1014399 Coordinator.h:192] Coordinator exits.
