I0911 23:11:56.420125 2943852 Database.h:65] ycsb initialization finished in 190 milliseconds.
I0911 23:11:56.420229 2943852 Coordinator.h:30] Coordinator initializes 16 workers.
I0911 23:11:56.435676 2943852 Coordinator.h:77] Coordinator starts to run 17 workers.
I0911 23:11:56.435735 2943873 AriaExecutor.h:82] AriaExecutor 0 started. 
I0911 23:11:56.435765 2943874 AriaExecutor.h:82] AriaExecutor 1 started. 
I0911 23:11:56.435807 2943875 AriaExecutor.h:82] AriaExecutor 2 started. 
I0911 23:11:56.435858 2943876 AriaExecutor.h:82] AriaExecutor 3 started. 
I0911 23:11:56.435889 2943877 AriaExecutor.h:82] AriaExecutor 4 started. 
I0911 23:11:56.435935 2943878 AriaExecutor.h:82] AriaExecutor 5 started. 
I0911 23:11:56.435972 2943879 AriaExecutor.h:82] AriaExecutor 6 started. 
I0911 23:11:56.436017 2943880 AriaExecutor.h:82] AriaExecutor 7 started. 
I0911 23:11:56.436050 2943881 AriaExecutor.h:82] AriaExecutor 8 started. 
I0911 23:11:56.436100 2943882 AriaExecutor.h:82] AriaExecutor 9 started. 
I0911 23:11:56.436136 2943883 AriaExecutor.h:82] AriaExecutor 10 started. 
I0911 23:11:56.436174 2943884 AriaExecutor.h:82] AriaExecutor 11 started. 
I0911 23:11:56.436218 2943885 AriaExecutor.h:82] AriaExecutor 12 started. 
I0911 23:11:56.436256 2943886 AriaExecutor.h:82] AriaExecutor 13 started. 
I0911 23:11:56.436295 2943887 AriaExecutor.h:82] AriaExecutor 14 started. 
I0911 23:11:56.436332 2943888 AriaExecutor.h:82] AriaExecutor 15 started. 
I0911 23:11:56.436367 2943889 Manager.h:224] Manager(worker id = 16) on the coordinator node started.
I0911 23:11:57.436415 2943852 Coordinator.h:126] commit: 1321215 abort: 1793 (0/1793/0), network size: 0, avg network size: 0, si_in_serializable: 0 0 %, local: 0 %
I0911 23:11:58.436520 2943852 Coordinator.h:126] commit: 1313080 abort: 1736 (0/1736/0), network size: 0, avg network size: 0, si_in_serializable: 0 0 %, local: 0 %
I0911 23:11:59.436596 2943852 Coordinator.h:126] commit: 1263977 abort: 1687 (0/1687/0), network size: 0, avg network size: 0, si_in_serializable: 0 0 %, local: 0 %
I0911 23:12:00.436676 2943852 Coordinator.h:126] commit: 1270082 abort: 1726 (0/1726/0), network size: 0, avg network size: 0, si_in_serializable: 0 0 %, local: 0 %
I0911 23:12:01.436771 2943852 Coordinator.h:126] commit: 1323231 abort: 1825 (0/1825/0), network size: 0, avg network size: 0, si_in_serializable: 0 0 %, local: 0 %
I0911 23:12:02.436851 2943852 Coordinator.h:126] commit: 1329540 abort: 1660 (0/1660/0), network size: 0, avg network size: 0, si_in_serializable: 0 0 %, local: 0 %
I0911 23:12:03.436923 2943852 Coordinator.h:126] commit: 1317179 abort: 1733 (0/1733/0), network size: 0, avg network size: 0, si_in_serializable: 0 0 %, local: 0 %
I0911 23:12:04.437004 2943852 Coordinator.h:126] commit: 1327369 abort: 1783 (0/1783/0), network size: 0, avg network size: 0, si_in_serializable: 0 0 %, local: 0 %
I0911 23:12:05.437079 2943852 Coordinator.h:126] commit: 1331451 abort: 1797 (0/1797/0), network size: 0, avg network size: 0, si_in_serializable: 0 0 %, local: 0 %
I0911 23:12:06.437153 2943852 Coordinator.h:126] commit: 1317283 abort: 1629 (0/1629/0), network size: 0, avg network size: 0, si_in_serializable: 0 0 %, local: 0 %
I0911 23:12:07.437228 2943852 Coordinator.h:126] commit: 1290520 abort: 1768 (0/1768/0), network size: 0, avg network size: 0, si_in_serializable: 0 0 %, local: 0 %
I0911 23:12:08.437304 2943852 Coordinator.h:126] commit: 1298766 abort: 1714 (0/1714/0), network size: 0, avg network size: 0, si_in_serializable: 0 0 %, local: 0 %
I0911 23:12:09.437379 2943852 Coordinator.h:126] commit: 1302849 abort: 1727 (0/1727/0), network size: 0, avg network size: 0, si_in_serializable: 0 0 %, local: 0 %
I0911 23:12:10.437474 2943852 Coordinator.h:126] commit: 1325402 abort: 1702 (0/1702/0), network size: 0, avg network size: 0, si_in_serializable: 0 0 %, local: 0 %
I0911 23:12:11.437553 2943852 Coordinator.h:126] commit: 1329464 abort: 1736 (0/1736/0), network size: 0, avg network size: 0, si_in_serializable: 0 0 %, local: 0 %
I0911 23:12:12.437625 2943852 Coordinator.h:126] commit: 1331472 abort: 1776 (0/1776/0), network size: 0, avg network size: 0, si_in_serializable: 0 0 %, local: 0 %
I0911 23:12:13.437696 2943852 Coordinator.h:126] commit: 1331489 abort: 1759 (0/1759/0), network size: 0, avg network size: 0, si_in_serializable: 0 0 %, local: 0 %
I0911 23:12:14.437772 2943852 Coordinator.h:126] commit: 1331558 abort: 1690 (0/1690/0), network size: 0, avg network size: 0, si_in_serializable: 0 0 %, local: 0 %
I0911 23:12:15.437844 2943852 Coordinator.h:126] commit: 1333515 abort: 1781 (0/1781/0), network size: 0, avg network size: 0, si_in_serializable: 0 0 %, local: 0 %
I0911 23:12:16.437918 2943852 Coordinator.h:126] commit: 1331448 abort: 1800 (0/1800/0), network size: 0, avg network size: 0, si_in_serializable: 0 0 %, local: 0 %
I0911 23:12:17.437991 2943852 Coordinator.h:126] commit: 1327387 abort: 1765 (0/1765/0), network size: 0, avg network size: 0, si_in_serializable: 0 0 %, local: 0 %
I0911 23:12:18.438063 2943852 Coordinator.h:126] commit: 1331462 abort: 1786 (0/1786/0), network size: 0, avg network size: 0, si_in_serializable: 0 0 %, local: 0 %
I0911 23:12:19.438134 2943852 Coordinator.h:126] commit: 1331479 abort: 1769 (0/1769/0), network size: 0, avg network size: 0, si_in_serializable: 0 0 %, local: 0 %
I0911 23:12:20.438208 2943852 Coordinator.h:126] commit: 1331541 abort: 1707 (0/1707/0), network size: 0, avg network size: 0, si_in_serializable: 0 0 %, local: 0 %
I0911 23:12:21.438279 2943852 Coordinator.h:126] commit: 1331569 abort: 1679 (0/1679/0), network size: 0, avg network size: 0, si_in_serializable: 0 0 %, local: 0 %
I0911 23:12:21.438290 2943852 Coordinator.h:152] average commit: 1.32065e+06 abort: 1745.3 (0/1745.3/0), network size: 0, avg network size: 0, si_in_serializable: 0 0 %, local: 0 %
I0911 23:12:21.439565 2943885 AriaExecutor.h:94] AriaExecutor 12 exits. 
I0911 23:12:21.439572 2943875 AriaExecutor.h:94] AriaExecutor 2 exits. 
I0911 23:12:21.439566 2943883 AriaExecutor.h:94] AriaExecutor 10 exits. 
I0911 23:12:21.439566 2943889 Manager.h:227] Manager(worker id = 16) on the coordinator node exits.
I0911 23:12:21.439589 2943884 AriaExecutor.h:94] AriaExecutor 11 exits. 
I0911 23:12:21.439577 2943877 AriaExecutor.h:94] AriaExecutor 4 exits. 
I0911 23:12:21.439574 2943881 AriaExecutor.h:94] AriaExecutor 8 exits. 
I0911 23:12:21.439585 2943880 AriaExecutor.h:94] AriaExecutor 7 exits. 
I0911 23:12:21.439574 2943879 AriaExecutor.h:94] AriaExecutor 6 exits. 
I0911 23:12:21.439576 2943887 AriaExecutor.h:94] AriaExecutor 14 exits. 
I0911 23:12:21.439595 2943876 AriaExecutor.h:94] AriaExecutor 3 exits. 
I0911 23:12:21.439596 2943874 AriaExecutor.h:94] AriaExecutor 1 exits. 
I0911 23:12:21.439585 2943888 AriaExecutor.h:94] AriaExecutor 15 exits. 
I0911 23:12:21.439597 2943886 AriaExecutor.h:94] AriaExecutor 13 exits. 
I0911 23:12:21.439585 2943878 AriaExecutor.h:94] AriaExecutor 5 exits. 
I0911 23:12:21.439596 2943882 AriaExecutor.h:94] AriaExecutor 9 exits. 
I0911 23:12:21.439574 2943873 AriaExecutor.h:94] AriaExecutor 0 exits. 
I0911 23:12:21.438298 2943852 AriaExecutor.h:641] Worker 0 latency: 877 us (50%) 1181 us (75%) 1425 us (95%) 1475 us (99%).
I0911 23:12:21.522454 2943852 AriaExecutor.h:641] Worker 1 latency: 875 us (50%) 1179 us (75%) 1423 us (95%) 1474 us (99%).
I0911 23:12:21.615095 2943852 AriaExecutor.h:641] Worker 2 latency: 881 us (50%) 1183 us (75%) 1425 us (95%) 1475 us (99%).
I0911 23:12:21.700034 2943852 AriaExecutor.h:641] Worker 3 latency: 875 us (50%) 1179 us (75%) 1423 us (95%) 1474 us (99%).
I0911 23:12:21.791481 2943852 AriaExecutor.h:641] Worker 4 latency: 879 us (50%) 1182 us (75%) 1425 us (95%) 1475 us (99%).
I0911 23:12:21.875906 2943852 AriaExecutor.h:641] Worker 5 latency: 874 us (50%) 1178 us (75%) 1423 us (95%) 1474 us (99%).
I0911 23:12:21.970736 2943852 AriaExecutor.h:641] Worker 6 latency: 881 us (50%) 1183 us (75%) 1425 us (95%) 1475 us (99%).
I0911 23:12:22.054406 2943852 AriaExecutor.h:641] Worker 7 latency: 874 us (50%) 1178 us (75%) 1423 us (95%) 1474 us (99%).
I0911 23:12:22.146064 2943852 AriaExecutor.h:641] Worker 8 latency: 880 us (50%) 1182 us (75%) 1425 us (95%) 1475 us (99%).
I0911 23:12:22.228861 2943852 AriaExecutor.h:641] Worker 9 latency: 875 us (50%) 1178 us (75%) 1422 us (95%) 1474 us (99%).
I0911 23:12:22.320964 2943852 AriaExecutor.h:641] Worker 10 latency: 883 us (50%) 1183 us (75%) 1425 us (95%) 1475 us (99%).
I0911 23:12:22.405300 2943852 AriaExecutor.h:641] Worker 11 latency: 875 us (50%) 1178 us (75%) 1423 us (95%) 1474 us (99%).
I0911 23:12:22.497644 2943852 AriaExecutor.h:641] Worker 12 latency: 881 us (50%) 1182 us (75%) 1425 us (95%) 1475 us (99%).
I0911 23:12:22.581634 2943852 AriaExecutor.h:641] Worker 13 latency: 874 us (50%) 1178 us (75%) 1423 us (95%) 1474 us (99%).
I0911 23:12:22.676879 2943852 AriaExecutor.h:641] Worker 14 latency: 885 us (50%) 1184 us (75%) 1425 us (95%) 1475 us (99%).
I0911 23:12:22.760845 2943852 AriaExecutor.h:641] Worker 15 latency: 877 us (50%) 1179 us (75%) 1423 us (95%) 1474 us (99%).
I0911 23:12:22.852504 2943852 Coordinator.h:177] total commit: 1.32065e+06
I0911 23:12:23.852619 2943852 Coordinator.h:192] Coordinator exits.
