I1126 15:16:24.796520 998741 Database.h:65] ycsb initialization finished in 29 milliseconds.
I1126 15:16:24.796617 998741 Coordinator.h:30] Coordinator initializes 12 workers.
I1126 15:16:24.797504 998741 Coordinator.h:77] Coordinator starts to run 13 workers.
I1126 15:16:24.797554 998757 AriaExecutor.h:95] AriaExecutor 0 started. 
I1126 15:16:24.797587 998758 AriaExecutor.h:95] AriaExecutor 1 started. 
I1126 15:16:24.797626 998759 AriaExecutor.h:95] AriaExecutor 2 started. 
I1126 15:16:24.797673 998760 AriaExecutor.h:95] AriaExecutor 3 started. 
I1126 15:16:24.797704 998761 AriaExecutor.h:95] AriaExecutor 4 started. 
I1126 15:16:24.797757 998762 AriaExecutor.h:95] AriaExecutor 5 started. 
I1126 15:16:24.797804 998763 AriaExecutor.h:95] AriaExecutor 6 started. 
I1126 15:16:24.797856 998764 AriaExecutor.h:95] AriaExecutor 7 started. 
I1126 15:16:24.797904 998765 AriaExecutor.h:95] AriaExecutor 8 started. 
I1126 15:16:24.797953 998766 AriaExecutor.h:95] AriaExecutor 9 started. 
I1126 15:16:24.797998 998767 AriaExecutor.h:95] AriaExecutor 10 started. 
I1126 15:16:24.798051 998768 AriaExecutor.h:95] AriaExecutor 11 started. 
I1126 15:16:24.798098 998769 Manager.h:224] Manager(worker id = 12) on the coordinator node started.
I1126 15:16:25.798161 998741 Coordinator.h:126] commit: 1869244 abort: 8756 (0/8756/0), network size: 0, avg network size: 0, si_in_serializable: 0 0 %, local: 0 %
I1126 15:16:26.798290 998741 Coordinator.h:126] commit: 1840146 abort: 8854 (0/8854/0), network size: 0, avg network size: 0, si_in_serializable: 0 0 %, local: 0 %
I1126 15:16:27.798452 998741 Coordinator.h:126] commit: 1879131 abort: 8869 (0/8869/0), network size: 0, avg network size: 0, si_in_serializable: 0 0 %, local: 0 %
I1126 15:16:28.798557 998741 Coordinator.h:126] commit: 1861073 abort: 8927 (0/8927/0), network size: 0, avg network size: 0, si_in_serializable: 0 0 %, local: 0 %
I1126 15:16:29.798655 998741 Coordinator.h:126] commit: 1887027 abort: 8973 (0/8973/0), network size: 0, avg network size: 0, si_in_serializable: 0 0 %, local: 0 %
I1126 15:16:30.798753 998741 Coordinator.h:126] commit: 1886138 abort: 8862 (0/8862/0), network size: 0, avg network size: 0, si_in_serializable: 0 0 %, local: 0 %
I1126 15:16:31.798846 998741 Coordinator.h:126] commit: 1814266 abort: 8734 (0/8734/0), network size: 0, avg network size: 0, si_in_serializable: 0 0 %, local: 0 %
I1126 15:16:32.798974 998741 Coordinator.h:126] commit: 1848067 abort: 8933 (0/8933/0), network size: 0, avg network size: 0, si_in_serializable: 0 0 %, local: 0 %
I1126 15:16:33.799072 998741 Coordinator.h:126] commit: 1871917 abort: 9083 (0/9083/0), network size: 0, avg network size: 0, si_in_serializable: 0 0 %, local: 0 %
I1126 15:16:34.799165 998741 Coordinator.h:126] commit: 1876050 abort: 8950 (0/8950/0), network size: 0, avg network size: 0, si_in_serializable: 0 0 %, local: 0 %
I1126 15:16:35.799260 998741 Coordinator.h:126] commit: 1872206 abort: 8794 (0/8794/0), network size: 0, avg network size: 0, si_in_serializable: 0 0 %, local: 0 %
I1126 15:16:36.799356 998741 Coordinator.h:126] commit: 1872934 abort: 9066 (0/9066/0), network size: 0, avg network size: 0, si_in_serializable: 0 0 %, local: 0 %
I1126 15:16:37.799453 998741 Coordinator.h:126] commit: 1847235 abort: 8765 (0/8765/0), network size: 0, avg network size: 0, si_in_serializable: 0 0 %, local: 0 %
I1126 15:16:38.799551 998741 Coordinator.h:126] commit: 1738685 abort: 8315 (0/8315/0), network size: 0, avg network size: 0, si_in_serializable: 0 0 %, local: 0 %
I1126 15:16:39.799644 998741 Coordinator.h:126] commit: 1882191 abort: 8809 (0/8809/0), network size: 0, avg network size: 0, si_in_serializable: 0 0 %, local: 0 %
I1126 15:16:40.799741 998741 Coordinator.h:126] commit: 1883069 abort: 8931 (0/8931/0), network size: 0, avg network size: 0, si_in_serializable: 0 0 %, local: 0 %
I1126 15:16:41.799832 998741 Coordinator.h:126] commit: 1879013 abort: 8987 (0/8987/0), network size: 0, avg network size: 0, si_in_serializable: 0 0 %, local: 0 %
I1126 15:16:42.799952 998741 Coordinator.h:126] commit: 1879029 abort: 8971 (0/8971/0), network size: 0, avg network size: 0, si_in_serializable: 0 0 %, local: 0 %
I1126 15:16:43.800050 998741 Coordinator.h:126] commit: 1879991 abort: 9009 (0/9009/0), network size: 0, avg network size: 0, si_in_serializable: 0 0 %, local: 0 %
I1126 15:16:44.800148 998741 Coordinator.h:126] commit: 1883193 abort: 8807 (0/8807/0), network size: 0, avg network size: 0, si_in_serializable: 0 0 %, local: 0 %
I1126 15:16:45.800240 998741 Coordinator.h:126] commit: 1878084 abort: 8916 (0/8916/0), network size: 0, avg network size: 0, si_in_serializable: 0 0 %, local: 0 %
I1126 15:16:46.800338 998741 Coordinator.h:126] commit: 1881990 abort: 9010 (0/9010/0), network size: 0, avg network size: 0, si_in_serializable: 0 0 %, local: 0 %
I1126 15:16:47.800429 998741 Coordinator.h:126] commit: 1878015 abort: 8985 (0/8985/0), network size: 0, avg network size: 0, si_in_serializable: 0 0 %, local: 0 %
I1126 15:16:48.800522 998741 Coordinator.h:126] commit: 1880848 abort: 9152 (0/9152/0), network size: 0, avg network size: 0, si_in_serializable: 0 0 %, local: 0 %
I1126 15:16:49.800621 998741 Coordinator.h:126] commit: 1880307 abort: 8693 (0/8693/0), network size: 0, avg network size: 0, si_in_serializable: 0 0 %, local: 0 %
I1126 15:16:49.800642 998741 Coordinator.h:152] average commit: 1.86175e+06 abort: 8845.4 (0/8845.4/0), network size: 0, avg network size: 0, si_in_serializable: 0 0 %, local: 0 %
I1126 15:16:49.801234 998765 AriaExecutor.h:107] AriaExecutor 8 exits. 
I1126 15:16:49.801239 998761 AriaExecutor.h:107] AriaExecutor 4 exits. 
I1126 15:16:49.801234 998763 AriaExecutor.h:107] AriaExecutor 6 exits. 
I1126 15:16:49.801249 998760 AriaExecutor.h:107] AriaExecutor 3 exits. 
I1126 15:16:49.801249 998764 AriaExecutor.h:107] AriaExecutor 7 exits. 
I1126 15:16:49.801249 998758 AriaExecutor.h:107] AriaExecutor 1 exits. 
I1126 15:16:49.801236 998757 AriaExecutor.h:107] AriaExecutor 0 exits. 
I1126 15:16:49.801236 998767 AriaExecutor.h:107] AriaExecutor 10 exits. 
I1126 15:16:49.801235 998759 AriaExecutor.h:107] AriaExecutor 2 exits. 
I1126 15:16:49.801258 998768 AriaExecutor.h:107] AriaExecutor 11 exits. 
I1126 15:16:49.801250 998769 Manager.h:227] Manager(worker id = 12) on the coordinator node exits.
I1126 15:16:49.801249 998762 AriaExecutor.h:107] AriaExecutor 5 exits. 
I1126 15:16:49.801249 998766 AriaExecutor.h:107] AriaExecutor 9 exits. 
I1126 15:16:49.800655 998741 AriaExecutor.h:705] Worker 0 latency: 359 us (50%) 415 us (75%) 463 us (95%) 479 us (99%).
I1126 15:16:49.939327 998741 AriaExecutor.h:705] Worker 1 latency: 357 us (50%) 414 us (75%) 462 us (95%) 478 us (99%).
I1126 15:16:50.082991 998741 AriaExecutor.h:705] Worker 2 latency: 359 us (50%) 414 us (75%) 463 us (95%) 478 us (99%).
I1126 15:16:50.223942 998741 AriaExecutor.h:705] Worker 3 latency: 358 us (50%) 413 us (75%) 462 us (95%) 478 us (99%).
I1126 15:16:50.363737 998741 AriaExecutor.h:705] Worker 4 latency: 359 us (50%) 415 us (75%) 463 us (95%) 478 us (99%).
I1126 15:16:50.502710 998741 AriaExecutor.h:705] Worker 5 latency: 357 us (50%) 413 us (75%) 462 us (95%) 478 us (99%).
I1126 15:16:50.641338 998741 AriaExecutor.h:705] Worker 6 latency: 362 us (50%) 416 us (75%) 463 us (95%) 478 us (99%).
I1126 15:16:50.780275 998741 AriaExecutor.h:705] Worker 7 latency: 359 us (50%) 414 us (75%) 462 us (95%) 478 us (99%).
I1126 15:16:50.919418 998741 AriaExecutor.h:705] Worker 8 latency: 363 us (50%) 417 us (75%) 463 us (95%) 479 us (99%).
I1126 15:16:51.055485 998741 AriaExecutor.h:705] Worker 9 latency: 360 us (50%) 415 us (75%) 463 us (95%) 478 us (99%).
I1126 15:16:51.191874 998741 AriaExecutor.h:705] Worker 10 latency: 362 us (50%) 416 us (75%) 463 us (95%) 479 us (99%).
I1126 15:16:51.329268 998741 AriaExecutor.h:705] Worker 11 latency: 362 us (50%) 416 us (75%) 463 us (95%) 478 us (99%).
I1126 15:16:51.466497 998741 Coordinator.h:177] total commit: 1.86175e+06
I1126 15:16:52.466619 998741 Coordinator.h:192] Coordinator exits.
