I1126 18:11:50.954862 1070497 Database.h:65] ycsb initialization finished in 30 milliseconds.
I1126 18:11:50.954963 1070497 Coordinator.h:30] Coordinator initializes 12 workers.
I1126 18:11:50.961932 1070497 Coordinator.h:77] Coordinator starts to run 13 workers.
I1126 18:11:50.961983 1070513 AriaExecutor.h:91] AriaExecutor 0 started. 
I1126 18:11:50.962013 1070514 AriaExecutor.h:91] AriaExecutor 1 started. 
I1126 18:11:50.962051 1070515 AriaExecutor.h:91] AriaExecutor 2 started. 
I1126 18:11:50.962098 1070516 AriaExecutor.h:91] AriaExecutor 3 started. 
I1126 18:11:50.962129 1070517 AriaExecutor.h:91] AriaExecutor 4 started. 
I1126 18:11:50.962177 1070518 AriaExecutor.h:91] AriaExecutor 5 started. 
I1126 18:11:50.962227 1070519 AriaExecutor.h:91] AriaExecutor 6 started. 
I1126 18:11:50.962275 1070520 AriaExecutor.h:91] AriaExecutor 7 started. 
I1126 18:11:50.962322 1070521 AriaExecutor.h:91] AriaExecutor 8 started. 
I1126 18:11:50.962384 1070522 AriaExecutor.h:91] AriaExecutor 9 started. 
I1126 18:11:50.962421 1070523 AriaExecutor.h:91] AriaExecutor 10 started. 
I1126 18:11:50.962482 1070524 AriaExecutor.h:91] AriaExecutor 11 started. 
I1126 18:11:50.962527 1070525 Manager.h:224] Manager(worker id = 12) on the coordinator node started.
I1126 18:11:51.962594 1070497 Coordinator.h:126] commit: 761187 abort: 598813 (0/598813/0), network size: 0, avg network size: 0, si_in_serializable: 0 0 %, local: 0 %
I1126 18:11:52.962720 1070497 Coordinator.h:126] commit: 750679 abort: 589321 (0/589321/0), network size: 0, avg network size: 0, si_in_serializable: 0 0 %, local: 0 %
I1126 18:11:53.962855 1070497 Coordinator.h:126] commit: 761824 abort: 598176 (0/598176/0), network size: 0, avg network size: 0, si_in_serializable: 0 0 %, local: 0 %
I1126 18:11:54.962965 1070497 Coordinator.h:126] commit: 767935 abort: 602065 (0/602065/0), network size: 0, avg network size: 0, si_in_serializable: 0 0 %, local: 0 %
I1126 18:11:55.963066 1070497 Coordinator.h:126] commit: 760939 abort: 599061 (0/599061/0), network size: 0, avg network size: 0, si_in_serializable: 0 0 %, local: 0 %
I1126 18:11:56.963166 1070497 Coordinator.h:126] commit: 761612 abort: 598388 (0/598388/0), network size: 0, avg network size: 0, si_in_serializable: 0 0 %, local: 0 %
I1126 18:11:57.963269 1070497 Coordinator.h:126] commit: 767840 abort: 602160 (0/602160/0), network size: 0, avg network size: 0, si_in_serializable: 0 0 %, local: 0 %
I1126 18:11:58.963395 1070497 Coordinator.h:126] commit: 762468 abort: 597532 (0/597532/0), network size: 0, avg network size: 0, si_in_serializable: 0 0 %, local: 0 %
I1126 18:11:59.963502 1070497 Coordinator.h:126] commit: 755975 abort: 594025 (0/594025/0), network size: 0, avg network size: 0, si_in_serializable: 0 0 %, local: 0 %
I1126 18:12:00.963603 1070497 Coordinator.h:126] commit: 761486 abort: 598514 (0/598514/0), network size: 0, avg network size: 0, si_in_serializable: 0 0 %, local: 0 %
I1126 18:12:01.963723 1070497 Coordinator.h:126] commit: 767399 abort: 602601 (0/602601/0), network size: 0, avg network size: 0, si_in_serializable: 0 0 %, local: 0 %
I1126 18:12:02.963824 1070497 Coordinator.h:126] commit: 762360 abort: 597640 (0/597640/0), network size: 0, avg network size: 0, si_in_serializable: 0 0 %, local: 0 %
I1126 18:12:03.963922 1070497 Coordinator.h:126] commit: 767499 abort: 602501 (0/602501/0), network size: 0, avg network size: 0, si_in_serializable: 0 0 %, local: 0 %
I1126 18:12:04.964022 1070497 Coordinator.h:126] commit: 761348 abort: 598652 (0/598652/0), network size: 0, avg network size: 0, si_in_serializable: 0 0 %, local: 0 %
I1126 18:12:05.964144 1070497 Coordinator.h:126] commit: 757189 abort: 592811 (0/592811/0), network size: 0, avg network size: 0, si_in_serializable: 0 0 %, local: 0 %
I1126 18:12:06.964250 1070497 Coordinator.h:126] commit: 767658 abort: 602342 (0/602342/0), network size: 0, avg network size: 0, si_in_serializable: 0 0 %, local: 0 %
I1126 18:12:07.964352 1070497 Coordinator.h:126] commit: 732837 abort: 577163 (0/577163/0), network size: 0, avg network size: 0, si_in_serializable: 0 0 %, local: 0 %
I1126 18:12:08.964454 1070497 Coordinator.h:126] commit: 761384 abort: 598616 (0/598616/0), network size: 0, avg network size: 0, si_in_serializable: 0 0 %, local: 0 %
I1126 18:12:09.964552 1070497 Coordinator.h:126] commit: 767573 abort: 602427 (0/602427/0), network size: 0, avg network size: 0, si_in_serializable: 0 0 %, local: 0 %
I1126 18:12:10.964648 1070497 Coordinator.h:126] commit: 767340 abort: 602660 (0/602660/0), network size: 0, avg network size: 0, si_in_serializable: 0 0 %, local: 0 %
I1126 18:12:11.964744 1070497 Coordinator.h:126] commit: 762356 abort: 597644 (0/597644/0), network size: 0, avg network size: 0, si_in_serializable: 0 0 %, local: 0 %
I1126 18:12:12.964844 1070497 Coordinator.h:126] commit: 766795 abort: 603205 (0/603205/0), network size: 0, avg network size: 0, si_in_serializable: 0 0 %, local: 0 %
I1126 18:12:13.964942 1070497 Coordinator.h:126] commit: 762304 abort: 597696 (0/597696/0), network size: 0, avg network size: 0, si_in_serializable: 0 0 %, local: 0 %
I1126 18:12:14.965042 1070497 Coordinator.h:126] commit: 768523 abort: 601477 (0/601477/0), network size: 0, avg network size: 0, si_in_serializable: 0 0 %, local: 0 %
I1126 18:12:15.965142 1070497 Coordinator.h:126] commit: 761561 abort: 598439 (0/598439/0), network size: 0, avg network size: 0, si_in_serializable: 0 0 %, local: 0 %
I1126 18:12:15.965166 1070497 Coordinator.h:152] average commit: 761259 abort: 597741 (0/597741/0), network size: 0, avg network size: 0, si_in_serializable: 0 0 %, local: 0 %
I1126 18:12:15.969488 1070519 AriaExecutor.h:103] AriaExecutor 6 exits. 
I1126 18:12:15.969493 1070515 AriaExecutor.h:103] AriaExecutor 2 exits. 
I1126 18:12:15.969502 1070516 AriaExecutor.h:103] AriaExecutor 3 exits. 
I1126 18:12:15.969493 1070513 AriaExecutor.h:103] AriaExecutor 0 exits. 
I1126 18:12:15.969488 1070525 Manager.h:227] Manager(worker id = 12) on the coordinator node exits.
I1126 18:12:15.969489 1070517 AriaExecutor.h:103] AriaExecutor 4 exits. 
I1126 18:12:15.969493 1070521 AriaExecutor.h:103] AriaExecutor 8 exits. 
I1126 18:12:15.969503 1070520 AriaExecutor.h:103] AriaExecutor 7 exits. 
I1126 18:12:15.969503 1070524 AriaExecutor.h:103] AriaExecutor 11 exits. 
I1126 18:12:15.969503 1070518 AriaExecutor.h:103] AriaExecutor 5 exits. 
I1126 18:12:15.969504 1070522 AriaExecutor.h:103] AriaExecutor 9 exits. 
I1126 18:12:15.969503 1070514 AriaExecutor.h:103] AriaExecutor 1 exits. 
I1126 18:12:15.969491 1070523 AriaExecutor.h:103] AriaExecutor 10 exits. 
I1126 18:12:15.965180 1070497 AriaExecutor.h:621] Worker 0 latency: 5967 us (50%) 6375 us (75%) 6634 us (95%) 6730 us (99%).
I1126 18:12:16.030627 1070497 AriaExecutor.h:621] Worker 1 latency: 5950 us (50%) 6365 us (75%) 6630 us (95%) 6725 us (99%).
I1126 18:12:16.094120 1070497 AriaExecutor.h:621] Worker 2 latency: 5972 us (50%) 6376 us (75%) 6632 us (95%) 6726 us (99%).
I1126 18:12:16.159961 1070497 AriaExecutor.h:621] Worker 3 latency: 5950 us (50%) 6364 us (75%) 6628 us (95%) 6722 us (99%).
I1126 18:12:16.233552 1070497 AriaExecutor.h:621] Worker 4 latency: 5957 us (50%) 6369 us (75%) 6630 us (95%) 6724 us (99%).
I1126 18:12:16.297694 1070497 AriaExecutor.h:621] Worker 5 latency: 5949 us (50%) 6363 us (75%) 6628 us (95%) 6723 us (99%).
I1126 18:12:16.359781 1070497 AriaExecutor.h:621] Worker 6 latency: 5957 us (50%) 6368 us (75%) 6629 us (95%) 6723 us (99%).
I1126 18:12:16.424865 1070497 AriaExecutor.h:621] Worker 7 latency: 5952 us (50%) 6365 us (75%) 6628 us (95%) 6722 us (99%).
I1126 18:12:16.497876 1070497 AriaExecutor.h:621] Worker 8 latency: 5962 us (50%) 6373 us (75%) 6631 us (95%) 6725 us (99%).
I1126 18:12:16.561722 1070497 AriaExecutor.h:621] Worker 9 latency: 5956 us (50%) 6367 us (75%) 6630 us (95%) 6724 us (99%).
I1126 18:12:16.625671 1070497 AriaExecutor.h:621] Worker 10 latency: 5975 us (50%) 6378 us (75%) 6633 us (95%) 6727 us (99%).
I1126 18:12:16.693411 1070497 AriaExecutor.h:621] Worker 11 latency: 5946 us (50%) 6363 us (75%) 6628 us (95%) 6724 us (99%).
I1126 18:12:16.766304 1070497 Coordinator.h:177] total commit: 761259
I1126 18:12:17.766433 1070497 Coordinator.h:192] Coordinator exits.
