I1126 15:02:21.544963 989533 Database.h:65] ycsb initialization finished in 30 milliseconds.
I1126 15:02:21.545055 989533 Coordinator.h:30] Coordinator initializes 12 workers.
I1126 15:02:21.551847 989533 Coordinator.h:77] Coordinator starts to run 13 workers.
I1126 15:02:21.551908 989549 AriaExecutor.h:91] AriaExecutor 0 started. 
I1126 15:02:21.551944 989550 AriaExecutor.h:91] AriaExecutor 1 started. 
I1126 15:02:21.551988 989551 AriaExecutor.h:91] AriaExecutor 2 started. 
I1126 15:02:21.552033 989552 AriaExecutor.h:91] AriaExecutor 3 started. 
I1126 15:02:21.552074 989553 AriaExecutor.h:91] AriaExecutor 4 started. 
I1126 15:02:21.552105 989554 AriaExecutor.h:91] AriaExecutor 5 started. 
I1126 15:02:21.552145 989555 AriaExecutor.h:91] AriaExecutor 6 started. 
I1126 15:02:21.552193 989556 AriaExecutor.h:91] AriaExecutor 7 started. 
I1126 15:02:21.552242 989557 AriaExecutor.h:91] AriaExecutor 8 started. 
I1126 15:02:21.552286 989558 AriaExecutor.h:91] AriaExecutor 9 started. 
I1126 15:02:21.552331 989559 AriaExecutor.h:91] AriaExecutor 10 started. 
I1126 15:02:21.552382 989560 AriaExecutor.h:91] AriaExecutor 11 started. 
I1126 15:02:21.552435 989561 Manager.h:224] Manager(worker id = 12) on the coordinator node started.
I1126 15:02:22.552496 989533 Coordinator.h:126] commit: 1073033 abort: 1056967 (0/1056967/0), network size: 0, avg network size: 0, si_in_serializable: 0 0 %, local: 0 %
I1126 15:02:23.552621 989533 Coordinator.h:126] commit: 1058530 abort: 1041470 (0/1041470/0), network size: 0, avg network size: 0, si_in_serializable: 0 0 %, local: 0 %
I1126 15:02:24.552752 989533 Coordinator.h:126] commit: 1066173 abort: 1046919 (0/1046919/0), network size: 0, avg network size: 0, si_in_serializable: 0 0 %, local: 0 %
I1126 15:02:25.552865 989533 Coordinator.h:126] commit: 1077897 abort: 1059011 (0/1059011/0), network size: 0, avg network size: 0, si_in_serializable: 0 0 %, local: 0 %
I1126 15:02:26.552968 989533 Coordinator.h:126] commit: 1079633 abort: 1060367 (0/1060367/0), network size: 0, avg network size: 0, si_in_serializable: 0 0 %, local: 0 %
I1126 15:02:27.553069 989533 Coordinator.h:126] commit: 1044228 abort: 1025772 (0/1025772/0), network size: 0, avg network size: 0, si_in_serializable: 0 0 %, local: 0 %
I1126 15:02:28.553164 989533 Coordinator.h:126] commit: 1085892 abort: 1064108 (0/1064108/0), network size: 0, avg network size: 0, si_in_serializable: 0 0 %, local: 0 %
I1126 15:02:29.553303 989533 Coordinator.h:126] commit: 1069654 abort: 1050346 (0/1050346/0), network size: 0, avg network size: 0, si_in_serializable: 0 0 %, local: 0 %
I1126 15:02:30.553413 989533 Coordinator.h:126] commit: 1080466 abort: 1059534 (0/1059534/0), network size: 0, avg network size: 0, si_in_serializable: 0 0 %, local: 0 %
I1126 15:02:31.553510 989533 Coordinator.h:126] commit: 1080332 abort: 1059668 (0/1059668/0), network size: 0, avg network size: 0, si_in_serializable: 0 0 %, local: 0 %
I1126 15:02:32.553611 989533 Coordinator.h:126] commit: 1080039 abort: 1059961 (0/1059961/0), network size: 0, avg network size: 0, si_in_serializable: 0 0 %, local: 0 %
I1126 15:02:33.553721 989533 Coordinator.h:126] commit: 1023517 abort: 1006483 (0/1006483/0), network size: 0, avg network size: 0, si_in_serializable: 0 0 %, local: 0 %
I1126 15:02:34.553823 989533 Coordinator.h:126] commit: 1077730 abort: 1060310 (0/1060310/0), network size: 0, avg network size: 0, si_in_serializable: 0 0 %, local: 0 %
I1126 15:02:35.553928 989533 Coordinator.h:126] commit: 1064255 abort: 1047705 (0/1047705/0), network size: 0, avg network size: 0, si_in_serializable: 0 0 %, local: 0 %
I1126 15:02:36.554059 989533 Coordinator.h:126] commit: 1073984 abort: 1056016 (0/1056016/0), network size: 0, avg network size: 0, si_in_serializable: 0 0 %, local: 0 %
I1126 15:02:37.554172 989533 Coordinator.h:126] commit: 1083031 abort: 1066969 (0/1066969/0), network size: 0, avg network size: 0, si_in_serializable: 0 0 %, local: 0 %
I1126 15:02:38.554275 989533 Coordinator.h:126] commit: 1074904 abort: 1055096 (0/1055096/0), network size: 0, avg network size: 0, si_in_serializable: 0 0 %, local: 0 %
I1126 15:02:39.554378 989533 Coordinator.h:126] commit: 1085953 abort: 1064047 (0/1064047/0), network size: 0, avg network size: 0, si_in_serializable: 0 0 %, local: 0 %
I1126 15:02:40.554479 989533 Coordinator.h:126] commit: 1079831 abort: 1060169 (0/1060169/0), network size: 0, avg network size: 0, si_in_serializable: 0 0 %, local: 0 %
I1126 15:02:41.554574 989533 Coordinator.h:126] commit: 1079826 abort: 1060174 (0/1060174/0), network size: 0, avg network size: 0, si_in_serializable: 0 0 %, local: 0 %
I1126 15:02:42.554677 989533 Coordinator.h:126] commit: 1080123 abort: 1059877 (0/1059877/0), network size: 0, avg network size: 0, si_in_serializable: 0 0 %, local: 0 %
I1126 15:02:43.554782 989533 Coordinator.h:126] commit: 1079796 abort: 1060204 (0/1060204/0), network size: 0, avg network size: 0, si_in_serializable: 0 0 %, local: 0 %
I1126 15:02:44.554893 989533 Coordinator.h:126] commit: 1080094 abort: 1059906 (0/1059906/0), network size: 0, avg network size: 0, si_in_serializable: 0 0 %, local: 0 %
I1126 15:02:45.555003 989533 Coordinator.h:126] commit: 938438 abort: 921562 (0/921562/0), network size: 0, avg network size: 0, si_in_serializable: 0 0 %, local: 0 %
I1126 15:02:46.555109 989533 Coordinator.h:126] commit: 1079439 abort: 1060561 (0/1060561/0), network size: 0, avg network size: 0, si_in_serializable: 0 0 %, local: 0 %
I1126 15:02:46.555145 989533 Coordinator.h:152] average commit: 1.07231e+06 abort: 1.05369e+06 (0/1.05369e+06/0), network size: 0, avg network size: 0, si_in_serializable: 0 0 %, local: 0 %
I1126 15:02:46.558646 989561 Manager.h:227] Manager(worker id = 12) on the coordinator node exits.
I1126 15:02:46.558646 989553 AriaExecutor.h:103] AriaExecutor 4 exits. 
I1126 15:02:46.558661 989560 AriaExecutor.h:103] AriaExecutor 11 exits. 
I1126 15:02:46.558648 989559 AriaExecutor.h:103] AriaExecutor 10 exits. 
I1126 15:02:46.558648 989551 AriaExecutor.h:103] AriaExecutor 2 exits. 
I1126 15:02:46.558647 989549 AriaExecutor.h:103] AriaExecutor 0 exits. 
I1126 15:02:46.558650 989555 AriaExecutor.h:103] AriaExecutor 6 exits. 
I1126 15:02:46.558648 989557 AriaExecutor.h:103] AriaExecutor 8 exits. 
I1126 15:02:46.558660 989556 AriaExecutor.h:103] AriaExecutor 7 exits. 
I1126 15:02:46.558660 989554 AriaExecutor.h:103] AriaExecutor 5 exits. 
I1126 15:02:46.558661 989550 AriaExecutor.h:103] AriaExecutor 1 exits. 
I1126 15:02:46.558660 989558 AriaExecutor.h:103] AriaExecutor 9 exits. 
I1126 15:02:46.558660 989552 AriaExecutor.h:103] AriaExecutor 3 exits. 
I1126 15:02:46.555158 989533 AriaExecutor.h:649] Worker 0 latency: 3429 us (50%) 3939 us (75%) 4274 us (95%) 4355 us (99%).
I1126 15:02:46.644711 989533 AriaExecutor.h:649] Worker 1 latency: 3439 us (50%) 3942 us (75%) 4275 us (95%) 4355 us (99%).
I1126 15:02:46.733088 989533 AriaExecutor.h:649] Worker 2 latency: 3444 us (50%) 3945 us (75%) 4274 us (95%) 4354 us (99%).
I1126 15:02:46.819557 989533 AriaExecutor.h:649] Worker 3 latency: 3440 us (50%) 3945 us (75%) 4275 us (95%) 4354 us (99%).
I1126 15:02:46.909299 989533 AriaExecutor.h:649] Worker 4 latency: 3439 us (50%) 3943 us (75%) 4274 us (95%) 4353 us (99%).
I1126 15:02:46.995945 989533 AriaExecutor.h:649] Worker 5 latency: 3439 us (50%) 3943 us (75%) 4274 us (95%) 4354 us (99%).
I1126 15:02:47.083735 989533 AriaExecutor.h:649] Worker 6 latency: 3446 us (50%) 3946 us (75%) 4275 us (95%) 4354 us (99%).
I1126 15:02:47.171166 989533 AriaExecutor.h:649] Worker 7 latency: 3439 us (50%) 3943 us (75%) 4274 us (95%) 4353 us (99%).
I1126 15:02:47.259698 989533 AriaExecutor.h:649] Worker 8 latency: 3438 us (50%) 3943 us (75%) 4274 us (95%) 4353 us (99%).
I1126 15:02:47.346939 989533 AriaExecutor.h:649] Worker 9 latency: 3445 us (50%) 3945 us (75%) 4275 us (95%) 4354 us (99%).
I1126 15:02:47.434899 989533 AriaExecutor.h:649] Worker 10 latency: 3443 us (50%) 3945 us (75%) 4275 us (95%) 4355 us (99%).
I1126 15:02:47.520722 989533 AriaExecutor.h:649] Worker 11 latency: 3445 us (50%) 3947 us (75%) 4276 us (95%) 4355 us (99%).
I1126 15:02:47.609257 989533 Coordinator.h:177] total commit: 1.07231e+06
I1126 15:02:48.609367 989533 Coordinator.h:192] Coordinator exits.
