I1126 15:45:53.585156 1017821 Database.h:65] ycsb initialization finished in 29 milliseconds.
I1126 15:45:53.585261 1017821 Coordinator.h:30] Coordinator initializes 12 workers.
I1126 15:45:53.657392 1017821 Coordinator.h:77] Coordinator starts to run 13 workers.
I1126 15:45:53.657454 1017837 AriaExecutor.h:93] AriaExecutor 0 started. 
I1126 15:45:53.657492 1017838 AriaExecutor.h:93] AriaExecutor 1 started. 
I1126 15:45:53.657532 1017839 AriaExecutor.h:93] AriaExecutor 2 started. 
I1126 15:45:53.657579 1017840 AriaExecutor.h:93] AriaExecutor 3 started. 
I1126 15:45:53.657658 1017842 AriaExecutor.h:93] AriaExecutor 5 started. 
I1126 15:45:53.657698 1017843 AriaExecutor.h:93] AriaExecutor 6 started. 
I1126 15:45:53.657737 1017844 AriaExecutor.h:93] AriaExecutor 7 started. 
I1126 15:45:53.657773 1017845 AriaExecutor.h:93] AriaExecutor 8 started. 
I1126 15:45:53.657817 1017846 AriaExecutor.h:93] AriaExecutor 9 started. 
I1126 15:45:53.657855 1017847 AriaExecutor.h:93] AriaExecutor 10 started. 
I1126 15:45:53.657908 1017848 AriaExecutor.h:93] AriaExecutor 11 started. 
I1126 15:45:53.657938 1017841 AriaExecutor.h:93] AriaExecutor 4 started. 
I1126 15:45:53.657943 1017849 Manager.h:224] Manager(worker id = 12) on the coordinator node started.
I1126 15:45:54.658015 1017821 Coordinator.h:126] commit: 8988 abort: 211012 (0/211012/0), network size: 0, avg network size: 0, si_in_serializable: 0 0 %, local: 0 %
I1126 15:45:55.658150 1017821 Coordinator.h:126] commit: 8911 abort: 211089 (0/211089/0), network size: 0, avg network size: 0, si_in_serializable: 0 0 %, local: 0 %
I1126 15:45:56.658274 1017821 Coordinator.h:126] commit: 9651 abort: 230349 (0/230349/0), network size: 0, avg network size: 0, si_in_serializable: 0 0 %, local: 0 %
I1126 15:45:57.658361 1017821 Coordinator.h:126] commit: 9187 abort: 220813 (0/220813/0), network size: 0, avg network size: 0, si_in_serializable: 0 0 %, local: 0 %
I1126 15:45:58.658439 1017821 Coordinator.h:126] commit: 9350 abort: 220650 (0/220650/0), network size: 0, avg network size: 0, si_in_serializable: 0 0 %, local: 0 %
I1126 15:45:59.658521 1017821 Coordinator.h:126] commit: 9707 abort: 230293 (0/230293/0), network size: 0, avg network size: 0, si_in_serializable: 0 0 %, local: 0 %
I1126 15:46:00.658625 1017821 Coordinator.h:126] commit: 9228 abort: 220772 (0/220772/0), network size: 0, avg network size: 0, si_in_serializable: 0 0 %, local: 0 %
I1126 15:46:01.658742 1017821 Coordinator.h:126] commit: 9580 abort: 230420 (0/230420/0), network size: 0, avg network size: 0, si_in_serializable: 0 0 %, local: 0 %
I1126 15:46:02.658831 1017821 Coordinator.h:126] commit: 9691 abort: 230309 (0/230309/0), network size: 0, avg network size: 0, si_in_serializable: 0 0 %, local: 0 %
I1126 15:46:03.658944 1017821 Coordinator.h:126] commit: 9242 abort: 220758 (0/220758/0), network size: 0, avg network size: 0, si_in_serializable: 0 0 %, local: 0 %
I1126 15:46:04.659054 1017821 Coordinator.h:126] commit: 9684 abort: 230316 (0/230316/0), network size: 0, avg network size: 0, si_in_serializable: 0 0 %, local: 0 %
I1126 15:46:05.659188 1017821 Coordinator.h:126] commit: 9235 abort: 220765 (0/220765/0), network size: 0, avg network size: 0, si_in_serializable: 0 0 %, local: 0 %
I1126 15:46:06.659304 1017821 Coordinator.h:126] commit: 9696 abort: 230304 (0/230304/0), network size: 0, avg network size: 0, si_in_serializable: 0 0 %, local: 0 %
I1126 15:46:07.659407 1017821 Coordinator.h:126] commit: 9755 abort: 230245 (0/230245/0), network size: 0, avg network size: 0, si_in_serializable: 0 0 %, local: 0 %
I1126 15:46:08.659497 1017821 Coordinator.h:126] commit: 9527 abort: 230473 (0/230473/0), network size: 0, avg network size: 0, si_in_serializable: 0 0 %, local: 0 %
I1126 15:46:09.659590 1017821 Coordinator.h:126] commit: 9272 abort: 220728 (0/220728/0), network size: 0, avg network size: 0, si_in_serializable: 0 0 %, local: 0 %
I1126 15:46:10.659693 1017821 Coordinator.h:126] commit: 9742 abort: 230258 (0/230258/0), network size: 0, avg network size: 0, si_in_serializable: 0 0 %, local: 0 %
I1126 15:46:11.659806 1017821 Coordinator.h:126] commit: 9261 abort: 220739 (0/220739/0), network size: 0, avg network size: 0, si_in_serializable: 0 0 %, local: 0 %
I1126 15:46:12.659926 1017821 Coordinator.h:126] commit: 9690 abort: 230310 (0/230310/0), network size: 0, avg network size: 0, si_in_serializable: 0 0 %, local: 0 %
I1126 15:46:13.660032 1017821 Coordinator.h:126] commit: 9398 abort: 220602 (0/220602/0), network size: 0, avg network size: 0, si_in_serializable: 0 0 %, local: 0 %
I1126 15:46:14.660135 1017821 Coordinator.h:126] commit: 9733 abort: 230267 (0/230267/0), network size: 0, avg network size: 0, si_in_serializable: 0 0 %, local: 0 %
I1126 15:46:15.660240 1017821 Coordinator.h:126] commit: 9309 abort: 220691 (0/220691/0), network size: 0, avg network size: 0, si_in_serializable: 0 0 %, local: 0 %
I1126 15:46:16.660343 1017821 Coordinator.h:126] commit: 9712 abort: 230288 (0/230288/0), network size: 0, avg network size: 0, si_in_serializable: 0 0 %, local: 0 %
I1126 15:46:17.660444 1017821 Coordinator.h:126] commit: 9282 abort: 220718 (0/220718/0), network size: 0, avg network size: 0, si_in_serializable: 0 0 %, local: 0 %
I1126 15:46:18.660548 1017821 Coordinator.h:126] commit: 9767 abort: 230233 (0/230233/0), network size: 0, avg network size: 0, si_in_serializable: 0 0 %, local: 0 %
I1126 15:46:18.660580 1017821 Coordinator.h:152] average commit: 9526 abort: 226474 (0/226474/0), network size: 0, avg network size: 0, si_in_serializable: 0 0 %, local: 0 %
I1126 15:46:18.660588 1017821 AriaExecutor.h:672] Worker 0 latency: 41512 us (50%) 41938 us (75%) 43281 us (95%) 49011 us (99%).
I1126 15:46:18.680166 1017849 Manager.h:227] Manager(worker id = 12) on the coordinator node exits.
I1126 15:46:18.680166 1017841 AriaExecutor.h:105] AriaExecutor 4 exits. 
I1126 15:46:18.680181 1017844 AriaExecutor.h:105] AriaExecutor 7 exits. 
I1126 15:46:18.680167 1017847 AriaExecutor.h:105] AriaExecutor 10 exits. 
I1126 15:46:18.680168 1017843 AriaExecutor.h:105] AriaExecutor 6 exits. 
I1126 15:46:18.680167 1017837 AriaExecutor.h:105] AriaExecutor 0 exits. 
I1126 15:46:18.680169 1017845 AriaExecutor.h:105] AriaExecutor 8 exits. 
I1126 15:46:18.680181 1017838 AriaExecutor.h:105] AriaExecutor 1 exits. 
I1126 15:46:18.680181 1017846 AriaExecutor.h:105] AriaExecutor 9 exits. 
I1126 15:46:18.680181 1017848 AriaExecutor.h:105] AriaExecutor 11 exits. 
I1126 15:46:18.680181 1017842 AriaExecutor.h:105] AriaExecutor 5 exits. 
I1126 15:46:18.680181 1017840 AriaExecutor.h:105] AriaExecutor 3 exits. 
I1126 15:46:18.680167 1017839 AriaExecutor.h:105] AriaExecutor 2 exits. 
I1126 15:46:18.680363 1017821 AriaExecutor.h:672] Worker 1 latency: 41512 us (50%) 41925 us (75%) 43285 us (95%) 48933 us (99%).
I1126 15:46:18.681478 1017821 AriaExecutor.h:672] Worker 2 latency: 41528 us (50%) 41942 us (75%) 43306 us (95%) 48872 us (99%).
I1126 15:46:18.682554 1017821 AriaExecutor.h:672] Worker 3 latency: 41521 us (50%) 41930 us (75%) 43266 us (95%) 49551 us (99%).
I1126 15:46:18.683606 1017821 AriaExecutor.h:672] Worker 4 latency: 41521 us (50%) 41940 us (75%) 43315 us (95%) 49016 us (99%).
I1126 15:46:18.684676 1017821 AriaExecutor.h:672] Worker 5 latency: 41525 us (50%) 41935 us (75%) 43301 us (95%) 48971 us (99%).
I1126 15:46:18.685747 1017821 AriaExecutor.h:672] Worker 6 latency: 41525 us (50%) 41940 us (75%) 43255 us (95%) 48592 us (99%).
I1126 15:46:18.686789 1017821 AriaExecutor.h:672] Worker 7 latency: 41524 us (50%) 41932 us (75%) 43235 us (95%) 48750 us (99%).
I1126 15:46:18.687805 1017821 AriaExecutor.h:672] Worker 8 latency: 41515 us (50%) 41933 us (75%) 43219 us (95%) 48549 us (99%).
I1126 15:46:18.688841 1017821 AriaExecutor.h:672] Worker 9 latency: 41521 us (50%) 41929 us (75%) 43212 us (95%) 48376 us (99%).
I1126 15:46:18.689891 1017821 AriaExecutor.h:672] Worker 10 latency: 41518 us (50%) 41938 us (75%) 43277 us (95%) 48807 us (99%).
I1126 15:46:18.690955 1017821 AriaExecutor.h:672] Worker 11 latency: 41528 us (50%) 41932 us (75%) 43297 us (95%) 48876 us (99%).
I1126 15:46:18.691985 1017821 Coordinator.h:177] total commit: 9526
I1126 15:46:19.692101 1017821 Coordinator.h:192] Coordinator exits.
