I1126 15:04:08.429873 990699 Database.h:65] ycsb initialization finished in 30 milliseconds.
I1126 15:04:08.429972 990699 Coordinator.h:30] Coordinator initializes 12 workers.
I1126 15:04:08.436830 990699 Coordinator.h:77] Coordinator starts to run 13 workers.
I1126 15:04:08.436877 990715 AriaExecutor.h:91] AriaExecutor 0 started. 
I1126 15:04:08.436906 990716 AriaExecutor.h:91] AriaExecutor 1 started. 
I1126 15:04:08.436942 990717 AriaExecutor.h:91] AriaExecutor 2 started. 
I1126 15:04:08.436995 990718 AriaExecutor.h:91] AriaExecutor 3 started. 
I1126 15:04:08.437065 990720 AriaExecutor.h:91] AriaExecutor 5 started. 
I1126 15:04:08.437107 990721 AriaExecutor.h:91] AriaExecutor 6 started. 
I1126 15:04:08.437148 990722 AriaExecutor.h:91] AriaExecutor 7 started. 
I1126 15:04:08.437182 990723 AriaExecutor.h:91] AriaExecutor 8 started. 
I1126 15:04:08.437224 990724 AriaExecutor.h:91] AriaExecutor 9 started. 
I1126 15:04:08.437259 990725 AriaExecutor.h:91] AriaExecutor 10 started. 
I1126 15:04:08.437314 990726 AriaExecutor.h:91] AriaExecutor 11 started. 
I1126 15:04:08.437346 990719 AriaExecutor.h:91] AriaExecutor 4 started. 
I1126 15:04:08.437346 990727 Manager.h:224] Manager(worker id = 12) on the coordinator node started.
I1126 15:04:09.437413 990699 Coordinator.h:126] commit: 252932 abort: 1267068 (0/1267068/0), network size: 0, avg network size: 0, si_in_serializable: 0 0 %, local: 0 %
I1126 15:04:10.437533 990699 Coordinator.h:126] commit: 251744 abort: 1258256 (0/1258256/0), network size: 0, avg network size: 0, si_in_serializable: 0 0 %, local: 0 %
I1126 15:04:11.437655 990699 Coordinator.h:126] commit: 254105 abort: 1275895 (0/1275895/0), network size: 0, avg network size: 0, si_in_serializable: 0 0 %, local: 0 %
I1126 15:04:12.437740 990699 Coordinator.h:126] commit: 253187 abort: 1266813 (0/1266813/0), network size: 0, avg network size: 0, si_in_serializable: 0 0 %, local: 0 %
I1126 15:04:13.437819 990699 Coordinator.h:126] commit: 257115 abort: 1282885 (0/1282885/0), network size: 0, avg network size: 0, si_in_serializable: 0 0 %, local: 0 %
I1126 15:04:14.437897 990699 Coordinator.h:126] commit: 251892 abort: 1258108 (0/1258108/0), network size: 0, avg network size: 0, si_in_serializable: 0 0 %, local: 0 %
I1126 15:04:15.437988 990699 Coordinator.h:126] commit: 252750 abort: 1267250 (0/1267250/0), network size: 0, avg network size: 0, si_in_serializable: 0 0 %, local: 0 %
I1126 15:04:16.438113 990699 Coordinator.h:126] commit: 253071 abort: 1266929 (0/1266929/0), network size: 0, avg network size: 0, si_in_serializable: 0 0 %, local: 0 %
I1126 15:04:17.438206 990699 Coordinator.h:126] commit: 254630 abort: 1275370 (0/1275370/0), network size: 0, avg network size: 0, si_in_serializable: 0 0 %, local: 0 %
I1126 15:04:18.438279 990699 Coordinator.h:126] commit: 254642 abort: 1275358 (0/1275358/0), network size: 0, avg network size: 0, si_in_serializable: 0 0 %, local: 0 %
I1126 15:04:19.438354 990699 Coordinator.h:126] commit: 254059 abort: 1275941 (0/1275941/0), network size: 0, avg network size: 0, si_in_serializable: 0 0 %, local: 0 %
I1126 15:04:20.438436 990699 Coordinator.h:126] commit: 251426 abort: 1258574 (0/1258574/0), network size: 0, avg network size: 0, si_in_serializable: 0 0 %, local: 0 %
I1126 15:04:21.438539 990699 Coordinator.h:126] commit: 251880 abort: 1258120 (0/1258120/0), network size: 0, avg network size: 0, si_in_serializable: 0 0 %, local: 0 %
I1126 15:04:22.438635 990699 Coordinator.h:126] commit: 254449 abort: 1275551 (0/1275551/0), network size: 0, avg network size: 0, si_in_serializable: 0 0 %, local: 0 %
I1126 15:04:23.438732 990699 Coordinator.h:126] commit: 255141 abort: 1274859 (0/1274859/0), network size: 0, avg network size: 0, si_in_serializable: 0 0 %, local: 0 %
I1126 15:04:24.438807 990699 Coordinator.h:126] commit: 254734 abort: 1275266 (0/1275266/0), network size: 0, avg network size: 0, si_in_serializable: 0 0 %, local: 0 %
I1126 15:04:25.438910 990699 Coordinator.h:126] commit: 254849 abort: 1275151 (0/1275151/0), network size: 0, avg network size: 0, si_in_serializable: 0 0 %, local: 0 %
I1126 15:04:26.439008 990699 Coordinator.h:126] commit: 253997 abort: 1276003 (0/1276003/0), network size: 0, avg network size: 0, si_in_serializable: 0 0 %, local: 0 %
I1126 15:04:27.439087 990699 Coordinator.h:126] commit: 254877 abort: 1275123 (0/1275123/0), network size: 0, avg network size: 0, si_in_serializable: 0 0 %, local: 0 %
I1126 15:04:28.439164 990699 Coordinator.h:126] commit: 252889 abort: 1267111 (0/1267111/0), network size: 0, avg network size: 0, si_in_serializable: 0 0 %, local: 0 %
I1126 15:04:29.439239 990699 Coordinator.h:126] commit: 254435 abort: 1275565 (0/1275565/0), network size: 0, avg network size: 0, si_in_serializable: 0 0 %, local: 0 %
I1126 15:04:30.439323 990699 Coordinator.h:126] commit: 254746 abort: 1275254 (0/1275254/0), network size: 0, avg network size: 0, si_in_serializable: 0 0 %, local: 0 %
I1126 15:04:31.439419 990699 Coordinator.h:126] commit: 254253 abort: 1275747 (0/1275747/0), network size: 0, avg network size: 0, si_in_serializable: 0 0 %, local: 0 %
I1126 15:04:32.439498 990699 Coordinator.h:126] commit: 256459 abort: 1283541 (0/1283541/0), network size: 0, avg network size: 0, si_in_serializable: 0 0 %, local: 0 %
I1126 15:04:33.439577 990699 Coordinator.h:126] commit: 244519 abort: 1225481 (0/1225481/0), network size: 0, avg network size: 0, si_in_serializable: 0 0 %, local: 0 %
I1126 15:04:33.439589 990699 Coordinator.h:152] average commit: 253830 abort: 1.27117e+06 (0/1.27117e+06/0), network size: 0, avg network size: 0, si_in_serializable: 0 0 %, local: 0 %
I1126 15:04:33.440543 990725 AriaExecutor.h:103] AriaExecutor 10 exits. 
I1126 15:04:33.440547 990723 AriaExecutor.h:103] AriaExecutor 8 exits. 
I1126 15:04:33.440546 990727 Manager.h:227] Manager(worker id = 12) on the coordinator node exits.
I1126 15:04:33.440548 990717 AriaExecutor.h:103] AriaExecutor 2 exits. 
I1126 15:04:33.440548 990721 AriaExecutor.h:103] AriaExecutor 6 exits. 
I1126 15:04:33.440548 990715 AriaExecutor.h:103] AriaExecutor 0 exits. 
I1126 15:04:33.440558 990720 AriaExecutor.h:103] AriaExecutor 5 exits. 
I1126 15:04:33.440558 990726 AriaExecutor.h:103] AriaExecutor 11 exits. 
I1126 15:04:33.440558 990718 AriaExecutor.h:103] AriaExecutor 3 exits. 
I1126 15:04:33.440549 990719 AriaExecutor.h:103] AriaExecutor 4 exits. 
I1126 15:04:33.440564 990722 AriaExecutor.h:103] AriaExecutor 7 exits. 
I1126 15:04:33.440564 990716 AriaExecutor.h:103] AriaExecutor 1 exits. 
I1126 15:04:33.440558 990724 AriaExecutor.h:103] AriaExecutor 9 exits. 
I1126 15:04:33.439605 990699 AriaExecutor.h:649] Worker 0 latency: 5612 us (50%) 6036 us (75%) 6240 us (95%) 6317 us (99%).
I1126 15:04:33.462831 990699 AriaExecutor.h:649] Worker 1 latency: 5613 us (50%) 6035 us (75%) 6238 us (95%) 6313 us (99%).
I1126 15:04:33.486344 990699 AriaExecutor.h:649] Worker 2 latency: 5621 us (50%) 6037 us (75%) 6239 us (95%) 6314 us (99%).
I1126 15:04:33.509363 990699 AriaExecutor.h:649] Worker 3 latency: 5615 us (50%) 6037 us (75%) 6238 us (95%) 6315 us (99%).
I1126 15:04:33.533120 990699 AriaExecutor.h:649] Worker 4 latency: 5612 us (50%) 6035 us (75%) 6238 us (95%) 6314 us (99%).
I1126 15:04:33.556259 990699 AriaExecutor.h:649] Worker 5 latency: 5611 us (50%) 6033 us (75%) 6237 us (95%) 6315 us (99%).
I1126 15:04:33.579751 990699 AriaExecutor.h:649] Worker 6 latency: 5620 us (50%) 6036 us (75%) 6238 us (95%) 6315 us (99%).
I1126 15:04:33.603399 990699 AriaExecutor.h:649] Worker 7 latency: 5614 us (50%) 6034 us (75%) 6236 us (95%) 6313 us (99%).
I1126 15:04:33.626832 990699 AriaExecutor.h:649] Worker 8 latency: 5612 us (50%) 6034 us (75%) 6237 us (95%) 6314 us (99%).
I1126 15:04:33.650161 990699 AriaExecutor.h:649] Worker 9 latency: 5613 us (50%) 6034 us (75%) 6237 us (95%) 6315 us (99%).
I1126 15:04:33.673946 990699 AriaExecutor.h:649] Worker 10 latency: 5618 us (50%) 6036 us (75%) 6238 us (95%) 6315 us (99%).
I1126 15:04:33.697517 990699 AriaExecutor.h:649] Worker 11 latency: 5607 us (50%) 6032 us (75%) 6237 us (95%) 6314 us (99%).
I1126 15:04:33.721434 990699 Coordinator.h:177] total commit: 253830
I1126 15:04:34.721551 990699 Coordinator.h:192] Coordinator exits.
