I0911 22:37:25.782897 2937001 Database.h:65] ycsb initialization finished in 146 milliseconds.
I0911 22:37:25.783016 2937001 Coordinator.h:30] Coordinator initializes 16 workers.
I0911 22:37:25.798758 2937001 Coordinator.h:77] Coordinator starts to run 17 workers.
I0911 22:37:25.798866 2937021 AriaExecutor.h:82] AriaExecutor 0 started. 
I0911 22:37:25.798880 2937022 AriaExecutor.h:82] AriaExecutor 1 started. 
I0911 22:37:25.798957 2937023 AriaExecutor.h:82] AriaExecutor 2 started. 
I0911 22:37:25.798975 2937024 AriaExecutor.h:82] AriaExecutor 3 started. 
I0911 22:37:25.799015 2937025 AriaExecutor.h:82] AriaExecutor 4 started. 
I0911 22:37:25.799048 2937026 AriaExecutor.h:82] AriaExecutor 5 started. 
I0911 22:37:25.799074 2937027 AriaExecutor.h:82] AriaExecutor 6 started. 
I0911 22:37:25.799113 2937028 AriaExecutor.h:82] AriaExecutor 7 started. 
I0911 22:37:25.799144 2937029 AriaExecutor.h:82] AriaExecutor 8 started. 
I0911 22:37:25.799176 2937030 AriaExecutor.h:82] AriaExecutor 9 started. 
I0911 22:37:25.799211 2937031 AriaExecutor.h:82] AriaExecutor 10 started. 
I0911 22:37:25.799242 2937032 AriaExecutor.h:82] AriaExecutor 11 started. 
I0911 22:37:25.799274 2937033 AriaExecutor.h:82] AriaExecutor 12 started. 
I0911 22:37:25.799307 2937034 AriaExecutor.h:82] AriaExecutor 13 started. 
I0911 22:37:25.799353 2937035 AriaExecutor.h:82] AriaExecutor 14 started. 
I0911 22:37:25.799382 2937036 AriaExecutor.h:82] AriaExecutor 15 started. 
I0911 22:37:25.799415 2937037 Manager.h:224] Manager(worker id = 16) on the coordinator node started.
I0911 22:37:26.799458 2937001 Coordinator.h:126] commit: 54549 abort: 191211 (0/191211/0), network size: 0, avg network size: 0, si_in_serializable: 0 0 %, local: 0 %
I0911 22:37:27.799571 2937001 Coordinator.h:126] commit: 55689 abort: 196215 (0/196215/0), network size: 0, avg network size: 0, si_in_serializable: 0 0 %, local: 0 %
I0911 22:37:28.799667 2937001 Coordinator.h:126] commit: 53536 abort: 190176 (0/190176/0), network size: 0, avg network size: 0, si_in_serializable: 0 0 %, local: 0 %
I0911 22:37:29.799754 2937001 Coordinator.h:126] commit: 54003 abort: 189709 (0/189709/0), network size: 0, avg network size: 0, si_in_serializable: 0 0 %, local: 0 %
I0911 22:37:30.799906 2937001 Coordinator.h:126] commit: 56482 abort: 199518 (0/199518/0), network size: 0, avg network size: 0, si_in_serializable: 0 0 %, local: 0 %
I0911 22:37:31.800012 2937001 Coordinator.h:126] commit: 57299 abort: 200749 (0/200749/0), network size: 0, avg network size: 0, si_in_serializable: 0 0 %, local: 0 %
I0911 22:37:32.800083 2937001 Coordinator.h:126] commit: 57075 abort: 200973 (0/200973/0), network size: 0, avg network size: 0, si_in_serializable: 0 0 %, local: 0 %
I0911 22:37:33.800153 2937001 Coordinator.h:126] commit: 56138 abort: 197814 (0/197814/0), network size: 0, avg network size: 0, si_in_serializable: 0 0 %, local: 0 %
I0911 22:37:34.800235 2937001 Coordinator.h:126] commit: 55915 abort: 195989 (0/195989/0), network size: 0, avg network size: 0, si_in_serializable: 0 0 %, local: 0 %
I0911 22:37:35.800321 2937001 Coordinator.h:126] commit: 55273 abort: 196631 (0/196631/0), network size: 0, avg network size: 0, si_in_serializable: 0 0 %, local: 0 %
I0911 22:37:36.800403 2937001 Coordinator.h:126] commit: 56777 abort: 199389 (0/199389/0), network size: 0, avg network size: 0, si_in_serializable: 0 0 %, local: 0 %
I0911 22:37:37.800506 2937001 Coordinator.h:126] commit: 56895 abort: 203035 (0/203035/0), network size: 0, avg network size: 0, si_in_serializable: 0 0 %, local: 0 %
I0911 22:37:38.800597 2937001 Coordinator.h:126] commit: 57181 abort: 200867 (0/200867/0), network size: 0, avg network size: 0, si_in_serializable: 0 0 %, local: 0 %
I0911 22:37:39.800683 2937001 Coordinator.h:126] commit: 56957 abort: 201091 (0/201091/0), network size: 0, avg network size: 0, si_in_serializable: 0 0 %, local: 0 %
I0911 22:37:40.800757 2937001 Coordinator.h:126] commit: 57469 abort: 202627 (0/202627/0), network size: 0, avg network size: 0, si_in_serializable: 0 0 %, local: 0 %
I0911 22:37:41.800840 2937001 Coordinator.h:126] commit: 57301 abort: 200747 (0/200747/0), network size: 0, avg network size: 0, si_in_serializable: 0 0 %, local: 0 %
I0911 22:37:42.800915 2937001 Coordinator.h:126] commit: 56731 abort: 201317 (0/201317/0), network size: 0, avg network size: 0, si_in_serializable: 0 0 %, local: 0 %
I0911 22:37:43.801003 2937001 Coordinator.h:126] commit: 57080 abort: 202070 (0/202070/0), network size: 0, avg network size: 0, si_in_serializable: 0 0 %, local: 0 %
I0911 22:37:44.801084 2937001 Coordinator.h:126] commit: 56660 abort: 200286 (0/200286/0), network size: 0, avg network size: 0, si_in_serializable: 0 0 %, local: 0 %
I0911 22:37:45.801170 2937001 Coordinator.h:126] commit: 57731 abort: 202365 (0/202365/0), network size: 0, avg network size: 0, si_in_serializable: 0 0 %, local: 0 %
I0911 22:37:46.801268 2937001 Coordinator.h:126] commit: 56402 abort: 197550 (0/197550/0), network size: 0, avg network size: 0, si_in_serializable: 0 0 %, local: 0 %
I0911 22:37:47.801352 2937001 Coordinator.h:126] commit: 56265 abort: 197687 (0/197687/0), network size: 0, avg network size: 0, si_in_serializable: 0 0 %, local: 0 %
I0911 22:37:48.801477 2937001 Coordinator.h:126] commit: 57360 abort: 200688 (0/200688/0), network size: 0, avg network size: 0, si_in_serializable: 0 0 %, local: 0 %
I0911 22:37:49.801577 2937001 Coordinator.h:126] commit: 57655 abort: 202441 (0/202441/0), network size: 0, avg network size: 0, si_in_serializable: 0 0 %, local: 0 %
I0911 22:37:50.801658 2937001 Coordinator.h:126] commit: 57052 abort: 200996 (0/200996/0), network size: 0, avg network size: 0, si_in_serializable: 0 0 %, local: 0 %
I0911 22:37:50.801673 2937001 Coordinator.h:152] average commit: 57078.2 abort: 201379 (0/201379/0), network size: 0, avg network size: 0, si_in_serializable: 0 0 %, local: 0 %
I0911 22:37:50.804947 2937024 AriaExecutor.h:94] AriaExecutor 3 exits. 
I0911 22:37:50.804951 2937021 AriaExecutor.h:94] AriaExecutor 0 exits. 
I0911 22:37:50.804949 2937032 AriaExecutor.h:94] AriaExecutor 11 exits. 
I0911 22:37:50.804983 2937022 AriaExecutor.h:94] AriaExecutor 1 exits. 
I0911 22:37:50.804965 2937031 AriaExecutor.h:94] AriaExecutor 10 exits. 
I0911 22:37:50.804961 2937025 AriaExecutor.h:94] AriaExecutor 4 exits. 
I0911 22:37:50.804961 2937027 AriaExecutor.h:94] AriaExecutor 6 exits. 
I0911 22:37:50.804961 2937028 AriaExecutor.h:94] AriaExecutor 7 exits. 
I0911 22:37:50.804965 2937029 AriaExecutor.h:94] AriaExecutor 8 exits. 
I0911 22:37:50.804980 2937036 AriaExecutor.h:94] AriaExecutor 15 exits. 
I0911 22:37:50.804965 2937035 AriaExecutor.h:94] AriaExecutor 14 exits. 
I0911 22:37:50.804966 2937023 AriaExecutor.h:94] AriaExecutor 2 exits. 
I0911 22:37:50.804960 2937034 AriaExecutor.h:94] AriaExecutor 13 exits. 
I0911 22:37:50.804961 2937033 AriaExecutor.h:94] AriaExecutor 12 exits. 
I0911 22:37:50.804948 2937026 AriaExecutor.h:94] AriaExecutor 5 exits. 
I0911 22:37:50.804961 2937030 AriaExecutor.h:94] AriaExecutor 9 exits. 
I0911 22:37:50.804972 2937037 Manager.h:227] Manager(worker id = 16) on the coordinator node exits.
I0911 22:37:50.801683 2937001 AriaExecutor.h:535] Worker 0 latency: 7115 us (50%) 7541 us (75%) 7789 us (95%) 8036 us (99%).
I0911 22:37:50.806437 2937001 AriaExecutor.h:535] Worker 1 latency: 7102 us (50%) 7534 us (75%) 7785 us (95%) 8018 us (99%).
I0911 22:37:50.811055 2937001 AriaExecutor.h:535] Worker 2 latency: 7117 us (50%) 7542 us (75%) 7788 us (95%) 8027 us (99%).
I0911 22:37:50.815685 2937001 AriaExecutor.h:535] Worker 3 latency: 7104 us (50%) 7539 us (75%) 7787 us (95%) 8025 us (99%).
I0911 22:37:50.820264 2937001 AriaExecutor.h:535] Worker 4 latency: 7102 us (50%) 7535 us (75%) 7787 us (95%) 8028 us (99%).
I0911 22:37:50.824936 2937001 AriaExecutor.h:535] Worker 5 latency: 7103 us (50%) 7538 us (75%) 7788 us (95%) 8034 us (99%).
I0911 22:37:50.829524 2937001 AriaExecutor.h:535] Worker 6 latency: 7114 us (50%) 7540 us (75%) 7789 us (95%) 8029 us (99%).
I0911 22:37:50.834734 2937001 AriaExecutor.h:535] Worker 7 latency: 7105 us (50%) 7540 us (75%) 7786 us (95%) 8020 us (99%).
I0911 22:37:50.839280 2937001 AriaExecutor.h:535] Worker 8 latency: 7104 us (50%) 7538 us (75%) 7786 us (95%) 8025 us (99%).
I0911 22:37:50.843847 2937001 AriaExecutor.h:535] Worker 9 latency: 7105 us (50%) 7539 us (75%) 7787 us (95%) 8018 us (99%).
I0911 22:37:50.848366 2937001 AriaExecutor.h:535] Worker 10 latency: 7106 us (50%) 7537 us (75%) 7785 us (95%) 8027 us (99%).
I0911 22:37:50.852942 2937001 AriaExecutor.h:535] Worker 11 latency: 7111 us (50%) 7538 us (75%) 7785 us (95%) 8017 us (99%).
I0911 22:37:50.857482 2937001 AriaExecutor.h:535] Worker 12 latency: 7108 us (50%) 7539 us (75%) 7785 us (95%) 8019 us (99%).
I0911 22:37:50.862066 2937001 AriaExecutor.h:535] Worker 13 latency: 7091 us (50%) 7534 us (75%) 7784 us (95%) 8020 us (99%).
I0911 22:37:50.866616 2937001 AriaExecutor.h:535] Worker 14 latency: 7116 us (50%) 7544 us (75%) 7787 us (95%) 8030 us (99%).
I0911 22:37:50.871104 2937001 AriaExecutor.h:535] Worker 15 latency: 7105 us (50%) 7534 us (75%) 7783 us (95%) 8013 us (99%).
I0911 22:37:50.875628 2937001 Coordinator.h:177] total commit: 57078.2
I0911 22:37:51.875743 2937001 Coordinator.h:192] Coordinator exits.
