I1126 15:18:14.783787 999919 Database.h:65] ycsb initialization finished in 30 milliseconds.
I1126 15:18:14.783881 999919 Coordinator.h:30] Coordinator initializes 12 workers.
I1126 15:18:14.784792 999919 Coordinator.h:77] Coordinator starts to run 13 workers.
I1126 15:18:14.784842 999935 AriaExecutor.h:95] AriaExecutor 0 started. 
I1126 15:18:14.784878 999936 AriaExecutor.h:95] AriaExecutor 1 started. 
I1126 15:18:14.784915 999937 AriaExecutor.h:95] AriaExecutor 2 started. 
I1126 15:18:14.784966 999938 AriaExecutor.h:95] AriaExecutor 3 started. 
I1126 15:18:14.785017 999939 AriaExecutor.h:95] AriaExecutor 4 started. 
I1126 15:18:14.785079 999940 AriaExecutor.h:95] AriaExecutor 5 started. 
I1126 15:18:14.785121 999941 AriaExecutor.h:95] AriaExecutor 6 started. 
I1126 15:18:14.785174 999942 AriaExecutor.h:95] AriaExecutor 7 started. 
I1126 15:18:14.785223 999943 AriaExecutor.h:95] AriaExecutor 8 started. 
I1126 15:18:14.785272 999944 AriaExecutor.h:95] AriaExecutor 9 started. 
I1126 15:18:14.785320 999945 AriaExecutor.h:95] AriaExecutor 10 started. 
I1126 15:18:14.785382 999946 AriaExecutor.h:95] AriaExecutor 11 started. 
I1126 15:18:14.785422 999947 Manager.h:224] Manager(worker id = 12) on the coordinator node started.
I1126 15:18:15.785483 999919 Coordinator.h:126] commit: 1227599 abort: 35401 (0/35401/0), network size: 0, avg network size: 0, si_in_serializable: 0 0 %, local: 0 %
I1126 15:18:16.785611 999919 Coordinator.h:126] commit: 1208139 abort: 34861 (0/34861/0), network size: 0, avg network size: 0, si_in_serializable: 0 0 %, local: 0 %
I1126 15:18:17.785734 999919 Coordinator.h:126] commit: 1223693 abort: 35307 (0/35307/0), network size: 0, avg network size: 0, si_in_serializable: 0 0 %, local: 0 %
I1126 15:18:18.785837 999919 Coordinator.h:126] commit: 1242092 abort: 35908 (0/35908/0), network size: 0, avg network size: 0, si_in_serializable: 0 0 %, local: 0 %
I1126 15:18:19.785929 999919 Coordinator.h:126] commit: 1237503 abort: 35497 (0/35497/0), network size: 0, avg network size: 0, si_in_serializable: 0 0 %, local: 0 %
I1126 15:18:20.786023 999919 Coordinator.h:126] commit: 1213976 abort: 35023 (0/35023/0), network size: 0, avg network size: 0, si_in_serializable: 0 0 %, local: 0 %
I1126 15:18:21.786147 999919 Coordinator.h:126] commit: 1220511 abort: 35460 (0/35460/0), network size: 0, avg network size: 0, si_in_serializable: 0 0 %, local: 0 %
I1126 15:18:22.786247 999919 Coordinator.h:126] commit: 1237416 abort: 35614 (0/35614/0), network size: 0, avg network size: 0, si_in_serializable: 0 0 %, local: 0 %
I1126 15:18:23.786338 999919 Coordinator.h:126] commit: 1235275 abort: 35725 (0/35725/0), network size: 0, avg network size: 0, si_in_serializable: 0 0 %, local: 0 %
I1126 15:18:24.786429 999919 Coordinator.h:126] commit: 1237910 abort: 36090 (0/36090/0), network size: 0, avg network size: 0, si_in_serializable: 0 0 %, local: 0 %
I1126 15:18:25.786528 999919 Coordinator.h:126] commit: 1157764 abort: 33236 (0/33236/0), network size: 0, avg network size: 0, si_in_serializable: 0 0 %, local: 0 %
I1126 15:18:26.786619 999919 Coordinator.h:126] commit: 1235285 abort: 35715 (0/35715/0), network size: 0, avg network size: 0, si_in_serializable: 0 0 %, local: 0 %
I1126 15:18:27.786713 999919 Coordinator.h:126] commit: 1240376 abort: 35624 (0/35624/0), network size: 0, avg network size: 0, si_in_serializable: 0 0 %, local: 0 %
I1126 15:18:28.786805 999919 Coordinator.h:126] commit: 1220982 abort: 35018 (0/35018/0), network size: 0, avg network size: 0, si_in_serializable: 0 0 %, local: 0 %
I1126 15:18:29.786899 999919 Coordinator.h:126] commit: 1239119 abort: 35881 (0/35881/0), network size: 0, avg network size: 0, si_in_serializable: 0 0 %, local: 0 %
I1126 15:18:30.787017 999919 Coordinator.h:126] commit: 1232338 abort: 35662 (0/35662/0), network size: 0, avg network size: 0, si_in_serializable: 0 0 %, local: 0 %
I1126 15:18:31.787115 999919 Coordinator.h:126] commit: 1237833 abort: 35167 (0/35167/0), network size: 0, avg network size: 0, si_in_serializable: 0 0 %, local: 0 %
I1126 15:18:32.787209 999919 Coordinator.h:126] commit: 1235557 abort: 35443 (0/35443/0), network size: 0, avg network size: 0, si_in_serializable: 0 0 %, local: 0 %
I1126 15:18:33.787302 999919 Coordinator.h:126] commit: 1238414 abort: 35586 (0/35586/0), network size: 0, avg network size: 0, si_in_serializable: 0 0 %, local: 0 %
I1126 15:18:34.787393 999919 Coordinator.h:126] commit: 1220897 abort: 34839 (0/34839/0), network size: 0, avg network size: 0, si_in_serializable: 0 0 %, local: 0 %
I1126 15:18:35.787489 999919 Coordinator.h:126] commit: 1051018 abort: 30246 (0/30246/0), network size: 0, avg network size: 0, si_in_serializable: 0 0 %, local: 0 %
I1126 15:18:36.787581 999919 Coordinator.h:126] commit: 1237303 abort: 35697 (0/35697/0), network size: 0, avg network size: 0, si_in_serializable: 0 0 %, local: 0 %
I1126 15:18:37.787698 999919 Coordinator.h:126] commit: 1237407 abort: 35593 (0/35593/0), network size: 0, avg network size: 0, si_in_serializable: 0 0 %, local: 0 %
I1126 15:18:38.787799 999919 Coordinator.h:126] commit: 1237211 abort: 35789 (0/35789/0), network size: 0, avg network size: 0, si_in_serializable: 0 0 %, local: 0 %
I1126 15:18:39.787889 999919 Coordinator.h:126] commit: 1240304 abort: 35696 (0/35696/0), network size: 0, avg network size: 0, si_in_serializable: 0 0 %, local: 0 %
I1126 15:18:39.787914 999919 Coordinator.h:152] average commit: 1.22586e+06 abort: 35217.1 (0/35217.1/0), network size: 0, avg network size: 0, si_in_serializable: 0 0 %, local: 0 %
I1126 15:18:39.788442 999947 Manager.h:227] Manager(worker id = 12) on the coordinator node exits.
I1126 15:18:39.788443 999935 AriaExecutor.h:107] AriaExecutor 0 exits. 
I1126 15:18:39.788450 999941 AriaExecutor.h:107] AriaExecutor 6 exits. 
I1126 15:18:39.788446 999945 AriaExecutor.h:107] AriaExecutor 10 exits. 
I1126 15:18:39.788460 999940 AriaExecutor.h:107] AriaExecutor 5 exits. 
I1126 15:18:39.788456 999943 AriaExecutor.h:107] AriaExecutor 8 exits. 
I1126 15:18:39.788455 999938 AriaExecutor.h:107] AriaExecutor 3 exits. 
I1126 15:18:39.788455 999942 AriaExecutor.h:107] AriaExecutor 7 exits. 
I1126 15:18:39.788457 999936 AriaExecutor.h:107] AriaExecutor 1 exits. 
I1126 15:18:39.788455 999944 AriaExecutor.h:107] AriaExecutor 9 exits. 
I1126 15:18:39.788450 999939 AriaExecutor.h:107] AriaExecutor 4 exits. 
I1126 15:18:39.788458 999946 AriaExecutor.h:107] AriaExecutor 11 exits. 
I1126 15:18:39.788447 999937 AriaExecutor.h:107] AriaExecutor 2 exits. 
I1126 15:18:39.787926 999919 AriaExecutor.h:705] Worker 0 latency: 595 us (50%) 649 us (75%) 695 us (95%) 712 us (99%).
I1126 15:18:39.877791 999919 AriaExecutor.h:705] Worker 1 latency: 593 us (50%) 648 us (75%) 694 us (95%) 711 us (99%).
I1126 15:18:39.969628 999919 AriaExecutor.h:705] Worker 2 latency: 596 us (50%) 649 us (75%) 695 us (95%) 712 us (99%).
I1126 15:18:40.060938 999919 AriaExecutor.h:705] Worker 3 latency: 595 us (50%) 648 us (75%) 694 us (95%) 711 us (99%).
I1126 15:18:40.152684 999919 AriaExecutor.h:705] Worker 4 latency: 597 us (50%) 649 us (75%) 695 us (95%) 712 us (99%).
I1126 15:18:40.242902 999919 AriaExecutor.h:705] Worker 5 latency: 595 us (50%) 648 us (75%) 693 us (95%) 711 us (99%).
I1126 15:18:40.332803 999919 AriaExecutor.h:705] Worker 6 latency: 601 us (50%) 651 us (75%) 695 us (95%) 712 us (99%).
I1126 15:18:40.420588 999919 AriaExecutor.h:705] Worker 7 latency: 597 us (50%) 648 us (75%) 693 us (95%) 711 us (99%).
I1126 15:18:40.510267 999919 AriaExecutor.h:705] Worker 8 latency: 600 us (50%) 651 us (75%) 695 us (95%) 712 us (99%).
I1126 15:18:40.598971 999919 AriaExecutor.h:705] Worker 9 latency: 597 us (50%) 649 us (75%) 694 us (95%) 711 us (99%).
I1126 15:18:40.690361 999919 AriaExecutor.h:705] Worker 10 latency: 600 us (50%) 650 us (75%) 695 us (95%) 712 us (99%).
I1126 15:18:40.778921 999919 AriaExecutor.h:705] Worker 11 latency: 598 us (50%) 649 us (75%) 694 us (95%) 711 us (99%).
I1126 15:18:40.867715 999919 Coordinator.h:177] total commit: 1.22586e+06
I1126 15:18:41.867825 999919 Coordinator.h:192] Coordinator exits.
