I1126 15:24:12.357049 1003950 Database.h:65] ycsb initialization finished in 30 milliseconds.
I1126 15:24:12.357148 1003950 Coordinator.h:30] Coordinator initializes 12 workers.
I1126 15:24:12.364094 1003950 Coordinator.h:77] Coordinator starts to run 13 workers.
I1126 15:24:12.364190 1003966 AriaExecutor.h:95] AriaExecutor 0 started. 
I1126 15:24:12.364208 1003967 AriaExecutor.h:95] AriaExecutor 1 started. 
I1126 15:24:12.364279 1003968 AriaExecutor.h:95] AriaExecutor 2 started. 
I1126 15:24:12.364305 1003969 AriaExecutor.h:95] AriaExecutor 3 started. 
I1126 15:24:12.364346 1003970 AriaExecutor.h:95] AriaExecutor 4 started. 
I1126 15:24:12.364384 1003971 AriaExecutor.h:95] AriaExecutor 5 started. 
I1126 15:24:12.364408 1003972 AriaExecutor.h:95] AriaExecutor 6 started. 
I1126 15:24:12.364447 1003973 AriaExecutor.h:95] AriaExecutor 7 started. 
I1126 15:24:12.364493 1003974 AriaExecutor.h:95] AriaExecutor 8 started. 
I1126 15:24:12.364518 1003975 AriaExecutor.h:95] AriaExecutor 9 started. 
I1126 15:24:12.364564 1003976 AriaExecutor.h:95] AriaExecutor 10 started. 
I1126 15:24:12.364583 1003977 AriaExecutor.h:95] AriaExecutor 11 started. 
I1126 15:24:12.364622 1003978 Manager.h:224] Manager(worker id = 12) on the coordinator node started.
I1126 15:24:13.364670 1003950 Coordinator.h:126] commit: 1686843 abort: 180989 (0/180989/0), network size: 0, avg network size: 0, si_in_serializable: 0 0 %, local: 0 %
I1126 15:24:14.364790 1003950 Coordinator.h:126] commit: 1672123 abort: 180045 (0/180045/0), network size: 0, avg network size: 0, si_in_serializable: 0 0 %, local: 0 %
I1126 15:24:15.364943 1003950 Coordinator.h:126] commit: 1687894 abort: 182106 (0/182106/0), network size: 0, avg network size: 0, si_in_serializable: 0 0 %, local: 0 %
I1126 15:24:16.365046 1003950 Coordinator.h:126] commit: 1697740 abort: 182260 (0/182260/0), network size: 0, avg network size: 0, si_in_serializable: 0 0 %, local: 0 %
I1126 15:24:17.365128 1003950 Coordinator.h:126] commit: 1697258 abort: 182742 (0/182742/0), network size: 0, avg network size: 0, si_in_serializable: 0 0 %, local: 0 %
I1126 15:24:18.365206 1003950 Coordinator.h:126] commit: 1706943 abort: 183057 (0/183057/0), network size: 0, avg network size: 0, si_in_serializable: 0 0 %, local: 0 %
I1126 15:24:19.365286 1003950 Coordinator.h:126] commit: 1679391 abort: 180609 (0/180609/0), network size: 0, avg network size: 0, si_in_serializable: 0 0 %, local: 0 %
I1126 15:24:20.365367 1003950 Coordinator.h:126] commit: 1661027 abort: 178973 (0/178973/0), network size: 0, avg network size: 0, si_in_serializable: 0 0 %, local: 0 %
I1126 15:24:21.365468 1003950 Coordinator.h:126] commit: 1688358 abort: 181642 (0/181642/0), network size: 0, avg network size: 0, si_in_serializable: 0 0 %, local: 0 %
I1126 15:24:22.365546 1003950 Coordinator.h:126] commit: 1706566 abort: 183434 (0/183434/0), network size: 0, avg network size: 0, si_in_serializable: 0 0 %, local: 0 %
I1126 15:24:23.365621 1003950 Coordinator.h:126] commit: 1705770 abort: 184230 (0/184230/0), network size: 0, avg network size: 0, si_in_serializable: 0 0 %, local: 0 %
I1126 15:24:24.365694 1003950 Coordinator.h:126] commit: 1697054 abort: 182946 (0/182946/0), network size: 0, avg network size: 0, si_in_serializable: 0 0 %, local: 0 %
I1126 15:24:25.365772 1003950 Coordinator.h:126] commit: 1706676 abort: 183324 (0/183324/0), network size: 0, avg network size: 0, si_in_serializable: 0 0 %, local: 0 %
I1126 15:24:26.365854 1003950 Coordinator.h:126] commit: 1697094 abort: 182906 (0/182906/0), network size: 0, avg network size: 0, si_in_serializable: 0 0 %, local: 0 %
I1126 15:24:27.365936 1003950 Coordinator.h:126] commit: 1579632 abort: 170368 (0/170368/0), network size: 0, avg network size: 0, si_in_serializable: 0 0 %, local: 0 %
I1126 15:24:28.366014 1003950 Coordinator.h:126] commit: 1697454 abort: 182546 (0/182546/0), network size: 0, avg network size: 0, si_in_serializable: 0 0 %, local: 0 %
I1126 15:24:29.366110 1003950 Coordinator.h:126] commit: 1689248 abort: 180752 (0/180752/0), network size: 0, avg network size: 0, si_in_serializable: 0 0 %, local: 0 %
I1126 15:24:30.366189 1003950 Coordinator.h:126] commit: 1696695 abort: 183305 (0/183305/0), network size: 0, avg network size: 0, si_in_serializable: 0 0 %, local: 0 %
I1126 15:24:31.366267 1003950 Coordinator.h:126] commit: 1706145 abort: 183855 (0/183855/0), network size: 0, avg network size: 0, si_in_serializable: 0 0 %, local: 0 %
I1126 15:24:32.366346 1003950 Coordinator.h:126] commit: 1706873 abort: 183127 (0/183127/0), network size: 0, avg network size: 0, si_in_serializable: 0 0 %, local: 0 %
I1126 15:24:33.366427 1003950 Coordinator.h:126] commit: 1697136 abort: 182864 (0/182864/0), network size: 0, avg network size: 0, si_in_serializable: 0 0 %, local: 0 %
I1126 15:24:34.366509 1003950 Coordinator.h:126] commit: 1705980 abort: 184020 (0/184020/0), network size: 0, avg network size: 0, si_in_serializable: 0 0 %, local: 0 %
I1126 15:24:35.366590 1003950 Coordinator.h:126] commit: 1697685 abort: 182315 (0/182315/0), network size: 0, avg network size: 0, si_in_serializable: 0 0 %, local: 0 %
I1126 15:24:36.366667 1003950 Coordinator.h:126] commit: 1699226 abort: 182902 (0/182902/0), network size: 0, avg network size: 0, si_in_serializable: 0 0 %, local: 0 %
I1126 15:24:37.366745 1003950 Coordinator.h:126] commit: 1704904 abort: 182968 (0/182968/0), network size: 0, avg network size: 0, si_in_serializable: 0 0 %, local: 0 %
I1126 15:24:37.366757 1003950 Coordinator.h:152] average commit: 1.68826e+06 abort: 181736 (0/181736/0), network size: 0, avg network size: 0, si_in_serializable: 0 0 %, local: 0 %
I1126 15:24:37.369215 1003973 AriaExecutor.h:107] AriaExecutor 7 exits. 
I1126 15:24:37.369222 1003966 AriaExecutor.h:107] AriaExecutor 0 exits. 
I1126 15:24:37.369217 1003969 AriaExecutor.h:107] AriaExecutor 3 exits. 
I1126 15:24:37.369227 1003976 AriaExecutor.h:107] AriaExecutor 10 exits. 
I1126 15:24:37.369236 1003975 AriaExecutor.h:107] AriaExecutor 9 exits. 
I1126 15:24:37.369228 1003968 AriaExecutor.h:107] AriaExecutor 2 exits. 
I1126 15:24:37.369230 1003972 AriaExecutor.h:107] AriaExecutor 6 exits. 
I1126 15:24:37.369235 1003978 Manager.h:227] Manager(worker id = 12) on the coordinator node exits.
I1126 15:24:37.369228 1003970 AriaExecutor.h:107] AriaExecutor 4 exits. 
I1126 15:24:37.369217 1003977 AriaExecutor.h:107] AriaExecutor 11 exits. 
I1126 15:24:37.369232 1003974 AriaExecutor.h:107] AriaExecutor 8 exits. 
I1126 15:24:37.369216 1003971 AriaExecutor.h:107] AriaExecutor 5 exits. 
I1126 15:24:37.369226 1003967 AriaExecutor.h:107] AriaExecutor 1 exits. 
I1126 15:24:37.366768 1003950 AriaExecutor.h:705] Worker 0 latency: 3723 us (50%) 4229 us (75%) 4623 us (95%) 4727 us (99%).
I1126 15:24:37.499893 1003950 AriaExecutor.h:705] Worker 1 latency: 3720 us (50%) 4227 us (75%) 4621 us (95%) 4724 us (99%).
I1126 15:24:37.633680 1003950 AriaExecutor.h:705] Worker 2 latency: 3734 us (50%) 4234 us (75%) 4622 us (95%) 4723 us (99%).
I1126 15:24:37.767630 1003950 AriaExecutor.h:705] Worker 3 latency: 3725 us (50%) 4230 us (75%) 4622 us (95%) 4724 us (99%).
I1126 15:24:37.899030 1003950 AriaExecutor.h:705] Worker 4 latency: 3730 us (50%) 4234 us (75%) 4624 us (95%) 4727 us (99%).
I1126 15:24:38.031924 1003950 AriaExecutor.h:705] Worker 5 latency: 3724 us (50%) 4229 us (75%) 4623 us (95%) 4725 us (99%).
I1126 15:24:38.166348 1003950 AriaExecutor.h:705] Worker 6 latency: 3742 us (50%) 4239 us (75%) 4624 us (95%) 4726 us (99%).
I1126 15:24:38.298926 1003950 AriaExecutor.h:705] Worker 7 latency: 3722 us (50%) 4229 us (75%) 4622 us (95%) 4723 us (99%).
I1126 15:24:38.433934 1003950 AriaExecutor.h:705] Worker 8 latency: 3733 us (50%) 4234 us (75%) 4624 us (95%) 4725 us (99%).
I1126 15:24:38.568259 1003950 AriaExecutor.h:705] Worker 9 latency: 3726 us (50%) 4231 us (75%) 4622 us (95%) 4723 us (99%).
I1126 15:24:38.702181 1003950 AriaExecutor.h:705] Worker 10 latency: 3737 us (50%) 4236 us (75%) 4624 us (95%) 4724 us (99%).
I1126 15:24:38.836400 1003950 AriaExecutor.h:705] Worker 11 latency: 3722 us (50%) 4229 us (75%) 4622 us (95%) 4723 us (99%).
I1126 15:24:38.971262 1003950 Coordinator.h:177] total commit: 1.68826e+06
I1126 15:24:39.971405 1003950 Coordinator.h:192] Coordinator exits.
