I1126 18:15:57.042866 1073265 Database.h:65] ycsb initialization finished in 30 milliseconds.
I1126 18:15:57.042961 1073265 Coordinator.h:30] Coordinator initializes 12 workers.
I1126 18:15:57.043853 1073265 Coordinator.h:77] Coordinator starts to run 13 workers.
I1126 18:15:57.043917 1073284 AriaExecutor.h:91] AriaExecutor 0 started. 
I1126 18:15:57.043942 1073285 AriaExecutor.h:91] AriaExecutor 1 started. 
I1126 18:15:57.043982 1073286 AriaExecutor.h:91] AriaExecutor 2 started. 
I1126 18:15:57.044026 1073287 AriaExecutor.h:91] AriaExecutor 3 started. 
I1126 18:15:57.044106 1073289 AriaExecutor.h:91] AriaExecutor 5 started. 
I1126 18:15:57.044147 1073290 AriaExecutor.h:91] AriaExecutor 6 started. 
I1126 18:15:57.044185 1073291 AriaExecutor.h:91] AriaExecutor 7 started. 
I1126 18:15:57.044221 1073292 AriaExecutor.h:91] AriaExecutor 8 started. 
I1126 18:15:57.044262 1073293 AriaExecutor.h:91] AriaExecutor 9 started. 
I1126 18:15:57.044296 1073294 AriaExecutor.h:91] AriaExecutor 10 started. 
I1126 18:15:57.044344 1073295 AriaExecutor.h:91] AriaExecutor 11 started. 
I1126 18:15:57.044376 1073288 AriaExecutor.h:91] AriaExecutor 4 started. 
I1126 18:15:57.044382 1073296 Manager.h:224] Manager(worker id = 12) on the coordinator node started.
I1126 18:15:58.044446 1073265 Coordinator.h:126] commit: 1832766 abort: 251234 (0/251234/0), network size: 0, avg network size: 0, si_in_serializable: 0 0 %, local: 0 %
I1126 18:15:59.044562 1073265 Coordinator.h:126] commit: 1801929 abort: 247071 (0/247071/0), network size: 0, avg network size: 0, si_in_serializable: 0 0 %, local: 0 %
I1126 18:16:00.044674 1073265 Coordinator.h:126] commit: 1858989 abort: 254011 (0/254011/0), network size: 0, avg network size: 0, si_in_serializable: 0 0 %, local: 0 %
I1126 18:16:01.044763 1073265 Coordinator.h:126] commit: 1809183 abort: 248817 (0/248817/0), network size: 0, avg network size: 0, si_in_serializable: 0 0 %, local: 0 %
I1126 18:16:02.044850 1073265 Coordinator.h:126] commit: 1863184 abort: 255816 (0/255816/0), network size: 0, avg network size: 0, si_in_serializable: 0 0 %, local: 0 %
I1126 18:16:03.044939 1073265 Coordinator.h:126] commit: 1866126 abort: 254874 (0/254874/0), network size: 0, avg network size: 0, si_in_serializable: 0 0 %, local: 0 %
I1126 18:16:04.045038 1073265 Coordinator.h:126] commit: 1713014 abort: 233986 (0/233986/0), network size: 0, avg network size: 0, si_in_serializable: 0 0 %, local: 0 %
I1126 18:16:05.045145 1073265 Coordinator.h:126] commit: 1839757 abort: 251243 (0/251243/0), network size: 0, avg network size: 0, si_in_serializable: 0 0 %, local: 0 %
I1126 18:16:06.045229 1073265 Coordinator.h:126] commit: 1861417 abort: 253583 (0/253583/0), network size: 0, avg network size: 0, si_in_serializable: 0 0 %, local: 0 %
I1126 18:16:07.045313 1073265 Coordinator.h:126] commit: 1868299 abort: 255701 (0/255701/0), network size: 0, avg network size: 0, si_in_serializable: 0 0 %, local: 0 %
I1126 18:16:08.045398 1073265 Coordinator.h:126] commit: 1864887 abort: 255113 (0/255113/0), network size: 0, avg network size: 0, si_in_serializable: 0 0 %, local: 0 %
I1126 18:16:09.045504 1073265 Coordinator.h:126] commit: 1864396 abort: 255604 (0/255604/0), network size: 0, avg network size: 0, si_in_serializable: 0 0 %, local: 0 %
I1126 18:16:10.045593 1073265 Coordinator.h:126] commit: 1865679 abort: 255321 (0/255321/0), network size: 0, avg network size: 0, si_in_serializable: 0 0 %, local: 0 %
I1126 18:16:11.045682 1073265 Coordinator.h:126] commit: 1585515 abort: 216485 (0/216485/0), network size: 0, avg network size: 0, si_in_serializable: 0 0 %, local: 0 %
I1126 18:16:12.045768 1073265 Coordinator.h:126] commit: 1866927 abort: 255073 (0/255073/0), network size: 0, avg network size: 0, si_in_serializable: 0 0 %, local: 0 %
I1126 18:16:13.045858 1073265 Coordinator.h:126] commit: 1869188 abort: 254812 (0/254812/0), network size: 0, avg network size: 0, si_in_serializable: 0 0 %, local: 0 %
I1126 18:16:14.045962 1073265 Coordinator.h:126] commit: 1865535 abort: 255465 (0/255465/0), network size: 0, avg network size: 0, si_in_serializable: 0 0 %, local: 0 %
I1126 18:16:15.046061 1073265 Coordinator.h:126] commit: 1862054 abort: 253946 (0/253946/0), network size: 0, avg network size: 0, si_in_serializable: 0 0 %, local: 0 %
I1126 18:16:16.046160 1073265 Coordinator.h:126] commit: 1858153 abort: 254847 (0/254847/0), network size: 0, avg network size: 0, si_in_serializable: 0 0 %, local: 0 %
I1126 18:16:17.046285 1073265 Coordinator.h:126] commit: 1845997 abort: 253003 (0/253003/0), network size: 0, avg network size: 0, si_in_serializable: 0 0 %, local: 0 %
I1126 18:16:18.046366 1073265 Coordinator.h:126] commit: 1858105 abort: 254895 (0/254895/0), network size: 0, avg network size: 0, si_in_serializable: 0 0 %, local: 0 %
I1126 18:16:19.046442 1073265 Coordinator.h:126] commit: 1864574 abort: 255426 (0/255426/0), network size: 0, avg network size: 0, si_in_serializable: 0 0 %, local: 0 %
I1126 18:16:20.046512 1073265 Coordinator.h:126] commit: 1863251 abort: 255749 (0/255749/0), network size: 0, avg network size: 0, si_in_serializable: 0 0 %, local: 0 %
I1126 18:16:21.046583 1073265 Coordinator.h:126] commit: 1856438 abort: 254562 (0/254562/0), network size: 0, avg network size: 0, si_in_serializable: 0 0 %, local: 0 %
I1126 18:16:22.046659 1073265 Coordinator.h:126] commit: 1865765 abort: 255235 (0/255235/0), network size: 0, avg network size: 0, si_in_serializable: 0 0 %, local: 0 %
I1126 18:16:22.046671 1073265 Coordinator.h:152] average commit: 1.83483e+06 abort: 250967 (0/250967/0), network size: 0, avg network size: 0, si_in_serializable: 0 0 %, local: 0 %
I1126 18:16:22.046980 1073296 Manager.h:227] Manager(worker id = 12) on the coordinator node exits.
I1126 18:16:22.046984 1073286 AriaExecutor.h:103] AriaExecutor 2 exits. 
I1126 18:16:22.046981 1073290 AriaExecutor.h:103] AriaExecutor 6 exits. 
I1126 18:16:22.046993 1073295 AriaExecutor.h:103] AriaExecutor 11 exits. 
I1126 18:16:22.046984 1073292 AriaExecutor.h:103] AriaExecutor 8 exits. 
I1126 18:16:22.046983 1073284 AriaExecutor.h:103] AriaExecutor 0 exits. 
I1126 18:16:22.046993 1073285 AriaExecutor.h:103] AriaExecutor 1 exits. 
I1126 18:16:22.046993 1073291 AriaExecutor.h:103] AriaExecutor 7 exits. 
I1126 18:16:22.046993 1073289 AriaExecutor.h:103] AriaExecutor 5 exits. 
I1126 18:16:22.046993 1073287 AriaExecutor.h:103] AriaExecutor 3 exits. 
I1126 18:16:22.046994 1073293 AriaExecutor.h:103] AriaExecutor 9 exits. 
I1126 18:16:22.046996 1073288 AriaExecutor.h:103] AriaExecutor 4 exits. 
I1126 18:16:22.046981 1073294 AriaExecutor.h:103] AriaExecutor 10 exits. 
I1126 18:16:22.046680 1073265 AriaExecutor.h:621] Worker 0 latency: 323 us (50%) 373 us (75%) 415 us (95%) 429 us (99%).
I1126 18:16:22.191020 1073265 AriaExecutor.h:621] Worker 1 latency: 322 us (50%) 372 us (75%) 414 us (95%) 428 us (99%).
I1126 18:16:22.329878 1073265 AriaExecutor.h:621] Worker 2 latency: 324 us (50%) 374 us (75%) 415 us (95%) 429 us (99%).
I1126 18:16:22.467581 1073265 AriaExecutor.h:621] Worker 3 latency: 325 us (50%) 374 us (75%) 415 us (95%) 428 us (99%).
I1126 18:16:22.606982 1073265 AriaExecutor.h:621] Worker 4 latency: 324 us (50%) 374 us (75%) 415 us (95%) 429 us (99%).
I1126 18:16:22.750695 1073265 AriaExecutor.h:621] Worker 5 latency: 323 us (50%) 372 us (75%) 414 us (95%) 428 us (99%).
I1126 18:16:22.893002 1073265 AriaExecutor.h:621] Worker 6 latency: 327 us (50%) 375 us (75%) 415 us (95%) 429 us (99%).
I1126 18:16:23.037181 1073265 AriaExecutor.h:621] Worker 7 latency: 324 us (50%) 373 us (75%) 414 us (95%) 428 us (99%).
I1126 18:16:23.178067 1073265 AriaExecutor.h:621] Worker 8 latency: 326 us (50%) 375 us (75%) 415 us (95%) 429 us (99%).
I1126 18:16:23.317737 1073265 AriaExecutor.h:621] Worker 9 latency: 325 us (50%) 374 us (75%) 414 us (95%) 428 us (99%).
I1126 18:16:23.456079 1073265 AriaExecutor.h:621] Worker 10 latency: 327 us (50%) 375 us (75%) 415 us (95%) 429 us (99%).
I1126 18:16:23.590195 1073265 AriaExecutor.h:621] Worker 11 latency: 326 us (50%) 374 us (75%) 414 us (95%) 428 us (99%).
I1126 18:16:23.731951 1073265 Coordinator.h:177] total commit: 1.83483e+06
I1126 18:16:24.732066 1073265 Coordinator.h:192] Coordinator exits.
