I0911 21:58:08.033596 2929611 Database.h:65] ycsb initialization finished in 189 milliseconds.
I0911 21:58:08.033720 2929611 Coordinator.h:30] Coordinator initializes 16 workers.
I0911 21:58:08.156589 2929611 Coordinator.h:77] Coordinator starts to run 17 workers.
I0911 21:58:08.156658 2929631 AriaExecutor.h:82] AriaExecutor 0 started. 
I0911 21:58:08.156689 2929632 AriaExecutor.h:82] AriaExecutor 1 started. 
I0911 21:58:08.156730 2929633 AriaExecutor.h:82] AriaExecutor 2 started. 
I0911 21:58:08.156780 2929634 AriaExecutor.h:82] AriaExecutor 3 started. 
I0911 21:58:08.156826 2929635 AriaExecutor.h:82] AriaExecutor 4 started. 
I0911 21:58:08.156883 2929636 AriaExecutor.h:82] AriaExecutor 5 started. 
I0911 21:58:08.156948 2929637 AriaExecutor.h:82] AriaExecutor 6 started. 
I0911 21:58:08.156996 2929638 AriaExecutor.h:82] AriaExecutor 7 started. 
I0911 21:58:08.157039 2929639 AriaExecutor.h:82] AriaExecutor 8 started. 
I0911 21:58:08.157094 2929640 AriaExecutor.h:82] AriaExecutor 9 started. 
I0911 21:58:08.157135 2929641 AriaExecutor.h:82] AriaExecutor 10 started. 
I0911 21:58:08.157193 2929642 AriaExecutor.h:82] AriaExecutor 11 started. 
I0911 21:58:08.157239 2929643 AriaExecutor.h:82] AriaExecutor 12 started. 
I0911 21:58:08.157289 2929644 AriaExecutor.h:82] AriaExecutor 13 started. 
I0911 21:58:08.157330 2929645 AriaExecutor.h:82] AriaExecutor 14 started. 
I0911 21:58:08.157379 2929646 AriaExecutor.h:82] AriaExecutor 15 started. 
I0911 21:58:08.157423 2929647 Manager.h:224] Manager(worker id = 16) on the coordinator node started.
I0911 21:58:09.157510 2929611 Coordinator.h:126] commit: 7948 abort: 136052 (0/136052/0), network size: 0, avg network size: 0, si_in_serializable: 0 0 %, local: 0 %
I0911 21:58:10.157721 2929611 Coordinator.h:126] commit: 7713 abort: 136287 (0/136287/0), network size: 0, avg network size: 0, si_in_serializable: 0 0 %, local: 0 %
I0911 21:58:11.157845 2929611 Coordinator.h:126] commit: 8610 abort: 151390 (0/151390/0), network size: 0, avg network size: 0, si_in_serializable: 0 0 %, local: 0 %
I0911 21:58:12.157964 2929611 Coordinator.h:126] commit: 8723 abort: 151277 (0/151277/0), network size: 0, avg network size: 0, si_in_serializable: 0 0 %, local: 0 %
I0911 21:58:13.158092 2929611 Coordinator.h:126] commit: 8679 abort: 151321 (0/151321/0), network size: 0, avg network size: 0, si_in_serializable: 0 0 %, local: 0 %
I0911 21:58:14.158254 2929611 Coordinator.h:126] commit: 8704 abort: 151296 (0/151296/0), network size: 0, avg network size: 0, si_in_serializable: 0 0 %, local: 0 %
I0911 21:58:15.158367 2929611 Coordinator.h:126] commit: 8719 abort: 151281 (0/151281/0), network size: 0, avg network size: 0, si_in_serializable: 0 0 %, local: 0 %
I0911 21:58:16.158481 2929611 Coordinator.h:126] commit: 8606 abort: 151394 (0/151394/0), network size: 0, avg network size: 0, si_in_serializable: 0 0 %, local: 0 %
I0911 21:58:17.158618 2929611 Coordinator.h:126] commit: 8522 abort: 151478 (0/151478/0), network size: 0, avg network size: 0, si_in_serializable: 0 0 %, local: 0 %
I0911 21:58:18.158754 2929611 Coordinator.h:126] commit: 9526 abort: 166474 (0/166474/0), network size: 0, avg network size: 0, si_in_serializable: 0 0 %, local: 0 %
I0911 21:58:19.158874 2929611 Coordinator.h:126] commit: 8701 abort: 151299 (0/151299/0), network size: 0, avg network size: 0, si_in_serializable: 0 0 %, local: 0 %
I0911 21:58:20.159005 2929611 Coordinator.h:126] commit: 8613 abort: 151387 (0/151387/0), network size: 0, avg network size: 0, si_in_serializable: 0 0 %, local: 0 %
I0911 21:58:21.159139 2929611 Coordinator.h:126] commit: 8560 abort: 151440 (0/151440/0), network size: 0, avg network size: 0, si_in_serializable: 0 0 %, local: 0 %
I0911 21:58:22.159296 2929611 Coordinator.h:126] commit: 8646 abort: 151354 (0/151354/0), network size: 0, avg network size: 0, si_in_serializable: 0 0 %, local: 0 %
I0911 21:58:23.159411 2929611 Coordinator.h:126] commit: 8669 abort: 151331 (0/151331/0), network size: 0, avg network size: 0, si_in_serializable: 0 0 %, local: 0 %
I0911 21:58:24.159511 2929611 Coordinator.h:126] commit: 9615 abort: 166385 (0/166385/0), network size: 0, avg network size: 0, si_in_serializable: 0 0 %, local: 0 %
I0911 21:58:25.159641 2929611 Coordinator.h:126] commit: 8647 abort: 151353 (0/151353/0), network size: 0, avg network size: 0, si_in_serializable: 0 0 %, local: 0 %
I0911 21:58:26.159750 2929611 Coordinator.h:126] commit: 8554 abort: 151446 (0/151446/0), network size: 0, avg network size: 0, si_in_serializable: 0 0 %, local: 0 %
I0911 21:58:27.159849 2929611 Coordinator.h:126] commit: 8575 abort: 151425 (0/151425/0), network size: 0, avg network size: 0, si_in_serializable: 0 0 %, local: 0 %
I0911 21:58:28.159960 2929611 Coordinator.h:126] commit: 9573 abort: 166427 (0/166427/0), network size: 0, avg network size: 0, si_in_serializable: 0 0 %, local: 0 %
I0911 21:58:29.160096 2929611 Coordinator.h:126] commit: 8737 abort: 151263 (0/151263/0), network size: 0, avg network size: 0, si_in_serializable: 0 0 %, local: 0 %
I0911 21:58:30.160214 2929611 Coordinator.h:126] commit: 8708 abort: 151292 (0/151292/0), network size: 0, avg network size: 0, si_in_serializable: 0 0 %, local: 0 %
I0911 21:58:31.160334 2929611 Coordinator.h:126] commit: 8696 abort: 151304 (0/151304/0), network size: 0, avg network size: 0, si_in_serializable: 0 0 %, local: 0 %
I0911 21:58:32.160470 2929611 Coordinator.h:126] commit: 8580 abort: 151420 (0/151420/0), network size: 0, avg network size: 0, si_in_serializable: 0 0 %, local: 0 %
I0911 21:58:33.160610 2929611 Coordinator.h:126] commit: 8720 abort: 151280 (0/151280/0), network size: 0, avg network size: 0, si_in_serializable: 0 0 %, local: 0 %
I0911 21:58:33.160645 2929611 Coordinator.h:152] average commit: 8815.3 abort: 154385 (0/154385/0), network size: 0, avg network size: 0, si_in_serializable: 0 0 %, local: 0 %
I0911 21:58:33.160658 2929611 AriaExecutor.h:535] Worker 0 latency: 95605 us (50%) 96430 us (75%) 104126 us (95%) 117086 us (99%).
I0911 21:58:33.169485 2929637 AriaExecutor.h:94] AriaExecutor 6 exits. 
I0911 21:58:33.169500 2929640 AriaExecutor.h:94] AriaExecutor 9 exits. 
I0911 21:58:33.169487 2929645 AriaExecutor.h:94] AriaExecutor 14 exits. 
I0911 21:58:33.169487 2929643 AriaExecutor.h:94] AriaExecutor 12 exits. 
I0911 21:58:33.169487 2929641 AriaExecutor.h:94] AriaExecutor 10 exits. 
I0911 21:58:33.169487 2929633 AriaExecutor.h:94] AriaExecutor 2 exits. 
I0911 21:58:33.169487 2929635 AriaExecutor.h:94] AriaExecutor 4 exits. 
I0911 21:58:33.169488 2929639 AriaExecutor.h:94] AriaExecutor 8 exits. 
I0911 21:58:33.169490 2929647 Manager.h:227] Manager(worker id = 16) on the coordinator node exits.
I0911 21:58:33.169485 2929631 AriaExecutor.h:94] AriaExecutor 0 exits. 
I0911 21:58:33.169500 2929646 AriaExecutor.h:94] AriaExecutor 15 exits. 
I0911 21:58:33.169500 2929636 AriaExecutor.h:94] AriaExecutor 5 exits. 
I0911 21:58:33.169500 2929632 AriaExecutor.h:94] AriaExecutor 1 exits. 
I0911 21:58:33.169500 2929644 AriaExecutor.h:94] AriaExecutor 13 exits. 
I0911 21:58:33.169502 2929638 AriaExecutor.h:94] AriaExecutor 7 exits. 
I0911 21:58:33.169500 2929642 AriaExecutor.h:94] AriaExecutor 11 exits. 
I0911 21:58:33.169500 2929634 AriaExecutor.h:94] AriaExecutor 3 exits. 
I0911 21:58:33.169886 2929611 AriaExecutor.h:535] Worker 1 latency: 95597 us (50%) 96409 us (75%) 103862 us (95%) 117621 us (99%).
I0911 21:58:33.170626 2929611 AriaExecutor.h:535] Worker 2 latency: 95567 us (50%) 96404 us (75%) 104207 us (95%) 118360 us (99%).
I0911 21:58:33.171293 2929611 AriaExecutor.h:535] Worker 3 latency: 95570 us (50%) 96388 us (75%) 104050 us (95%) 118635 us (99%).
I0911 21:58:33.172001 2929611 AriaExecutor.h:535] Worker 4 latency: 95579 us (50%) 96397 us (75%) 104157 us (95%) 117867 us (99%).
I0911 21:58:33.172699 2929611 AriaExecutor.h:535] Worker 5 latency: 95563 us (50%) 96390 us (75%) 104025 us (95%) 118033 us (99%).
I0911 21:58:33.173444 2929611 AriaExecutor.h:535] Worker 6 latency: 95532 us (50%) 96345 us (75%) 104034 us (95%) 118374 us (99%).
I0911 21:58:33.174125 2929611 AriaExecutor.h:535] Worker 7 latency: 95554 us (50%) 96372 us (75%) 103926 us (95%) 118732 us (99%).
I0911 21:58:33.174827 2929611 AriaExecutor.h:535] Worker 8 latency: 95583 us (50%) 96387 us (75%) 104130 us (95%) 117508 us (99%).
I0911 21:58:33.175477 2929611 AriaExecutor.h:535] Worker 9 latency: 95588 us (50%) 96395 us (75%) 103977 us (95%) 118781 us (99%).
I0911 21:58:33.176154 2929611 AriaExecutor.h:535] Worker 10 latency: 95537 us (50%) 96374 us (75%) 104112 us (95%) 118219 us (99%).
I0911 21:58:33.176817 2929611 AriaExecutor.h:535] Worker 11 latency: 95554 us (50%) 96372 us (75%) 104000 us (95%) 118049 us (99%).
I0911 21:58:33.177505 2929611 AriaExecutor.h:535] Worker 12 latency: 95532 us (50%) 96392 us (75%) 104164 us (95%) 118907 us (99%).
I0911 21:58:33.178176 2929611 AriaExecutor.h:535] Worker 13 latency: 95565 us (50%) 96386 us (75%) 104006 us (95%) 118221 us (99%).
I0911 21:58:33.178856 2929611 AriaExecutor.h:535] Worker 14 latency: 95513 us (50%) 96366 us (75%) 104074 us (95%) 117737 us (99%).
I0911 21:58:33.179502 2929611 AriaExecutor.h:535] Worker 15 latency: 95551 us (50%) 96388 us (75%) 104062 us (95%) 118129 us (99%).
I0911 21:58:33.180203 2929611 Coordinator.h:177] total commit: 8815.3
I0911 21:58:34.180315 2929611 Coordinator.h:192] Coordinator exits.
