I0911 23:16:31.953299 2944756 Database.h:65] ycsb initialization finished in 177 milliseconds.
I0911 23:16:31.953413 2944756 Coordinator.h:30] Coordinator initializes 16 workers.
I0911 23:16:32.073427 2944756 Coordinator.h:77] Coordinator starts to run 17 workers.
I0911 23:16:32.073493 2944776 AriaExecutor.h:82] AriaExecutor 0 started. 
I0911 23:16:32.073534 2944777 AriaExecutor.h:82] AriaExecutor 1 started. 
I0911 23:16:32.073577 2944778 AriaExecutor.h:82] AriaExecutor 2 started. 
I0911 23:16:32.073634 2944779 AriaExecutor.h:82] AriaExecutor 3 started. 
I0911 23:16:32.073668 2944780 AriaExecutor.h:82] AriaExecutor 4 started. 
I0911 23:16:32.073711 2944781 AriaExecutor.h:82] AriaExecutor 5 started. 
I0911 23:16:32.073750 2944782 AriaExecutor.h:82] AriaExecutor 6 started. 
I0911 23:16:32.073786 2944783 AriaExecutor.h:82] AriaExecutor 7 started. 
I0911 23:16:32.073822 2944784 AriaExecutor.h:82] AriaExecutor 8 started. 
I0911 23:16:32.073865 2944785 AriaExecutor.h:82] AriaExecutor 9 started. 
I0911 23:16:32.073900 2944786 AriaExecutor.h:82] AriaExecutor 10 started. 
I0911 23:16:32.073952 2944787 AriaExecutor.h:82] AriaExecutor 11 started. 
I0911 23:16:32.073988 2944788 AriaExecutor.h:82] AriaExecutor 12 started. 
I0911 23:16:32.074030 2944789 AriaExecutor.h:82] AriaExecutor 13 started. 
I0911 23:16:32.074064 2944790 AriaExecutor.h:82] AriaExecutor 14 started. 
I0911 23:16:32.074102 2944791 AriaExecutor.h:82] AriaExecutor 15 started. 
I0911 23:16:32.074153 2944792 Manager.h:224] Manager(worker id = 16) on the coordinator node started.
I0911 23:16:33.074201 2944756 Coordinator.h:126] commit: 823497 abort: 56503 (0/56503/0), network size: 0, avg network size: 0, si_in_serializable: 0 0 %, local: 0 %
I0911 23:16:34.074306 2944756 Coordinator.h:126] commit: 823505 abort: 56495 (0/56495/0), network size: 0, avg network size: 0, si_in_serializable: 0 0 %, local: 0 %
I0911 23:16:35.074383 2944756 Coordinator.h:126] commit: 836164 abort: 56918 (0/56918/0), network size: 0, avg network size: 0, si_in_serializable: 0 0 %, local: 0 %
I0911 23:16:36.074460 2944756 Coordinator.h:126] commit: 810809 abort: 56109 (0/56109/0), network size: 0, avg network size: 0, si_in_serializable: 0 0 %, local: 0 %
I0911 23:16:37.074537 2944756 Coordinator.h:126] commit: 824018 abort: 55982 (0/55982/0), network size: 0, avg network size: 0, si_in_serializable: 0 0 %, local: 0 %
I0911 23:16:38.074638 2944756 Coordinator.h:126] commit: 838339 abort: 57661 (0/57661/0), network size: 0, avg network size: 0, si_in_serializable: 0 0 %, local: 0 %
I0911 23:16:39.074717 2944756 Coordinator.h:126] commit: 853681 abort: 58319 (0/58319/0), network size: 0, avg network size: 0, si_in_serializable: 0 0 %, local: 0 %
I0911 23:16:40.074784 2944756 Coordinator.h:126] commit: 853849 abort: 58151 (0/58151/0), network size: 0, avg network size: 0, si_in_serializable: 0 0 %, local: 0 %
I0911 23:16:41.074856 2944756 Coordinator.h:126] commit: 853105 abort: 58895 (0/58895/0), network size: 0, avg network size: 0, si_in_serializable: 0 0 %, local: 0 %
I0911 23:16:42.074935 2944756 Coordinator.h:126] commit: 853152 abort: 58848 (0/58848/0), network size: 0, avg network size: 0, si_in_serializable: 0 0 %, local: 0 %
I0911 23:16:43.075014 2944756 Coordinator.h:126] commit: 823417 abort: 56583 (0/56583/0), network size: 0, avg network size: 0, si_in_serializable: 0 0 %, local: 0 %
I0911 23:16:44.075094 2944756 Coordinator.h:126] commit: 838356 abort: 57644 (0/57644/0), network size: 0, avg network size: 0, si_in_serializable: 0 0 %, local: 0 %
I0911 23:16:45.075170 2944756 Coordinator.h:126] commit: 853052 abort: 58948 (0/58948/0), network size: 0, avg network size: 0, si_in_serializable: 0 0 %, local: 0 %
I0911 23:16:46.075268 2944756 Coordinator.h:126] commit: 838698 abort: 57302 (0/57302/0), network size: 0, avg network size: 0, si_in_serializable: 0 0 %, local: 0 %
I0911 23:16:47.075347 2944756 Coordinator.h:126] commit: 853165 abort: 58835 (0/58835/0), network size: 0, avg network size: 0, si_in_serializable: 0 0 %, local: 0 %
I0911 23:16:48.075423 2944756 Coordinator.h:126] commit: 853394 abort: 58606 (0/58606/0), network size: 0, avg network size: 0, si_in_serializable: 0 0 %, local: 0 %
I0911 23:16:49.075495 2944756 Coordinator.h:126] commit: 853437 abort: 58563 (0/58563/0), network size: 0, avg network size: 0, si_in_serializable: 0 0 %, local: 0 %
I0911 23:16:50.075568 2944756 Coordinator.h:126] commit: 853446 abort: 58554 (0/58554/0), network size: 0, avg network size: 0, si_in_serializable: 0 0 %, local: 0 %
I0911 23:16:51.075641 2944756 Coordinator.h:126] commit: 853568 abort: 58432 (0/58432/0), network size: 0, avg network size: 0, si_in_serializable: 0 0 %, local: 0 %
I0911 23:16:52.075726 2944756 Coordinator.h:126] commit: 823680 abort: 56320 (0/56320/0), network size: 0, avg network size: 0, si_in_serializable: 0 0 %, local: 0 %
I0911 23:16:53.075809 2944756 Coordinator.h:126] commit: 853231 abort: 58769 (0/58769/0), network size: 0, avg network size: 0, si_in_serializable: 0 0 %, local: 0 %
I0911 23:16:54.075889 2944756 Coordinator.h:126] commit: 853250 abort: 58750 (0/58750/0), network size: 0, avg network size: 0, si_in_serializable: 0 0 %, local: 0 %
I0911 23:16:55.075965 2944756 Coordinator.h:126] commit: 853598 abort: 58402 (0/58402/0), network size: 0, avg network size: 0, si_in_serializable: 0 0 %, local: 0 %
I0911 23:16:56.076040 2944756 Coordinator.h:126] commit: 839039 abort: 56961 (0/56961/0), network size: 0, avg network size: 0, si_in_serializable: 0 0 %, local: 0 %
I0911 23:16:57.076110 2944756 Coordinator.h:126] commit: 853524 abort: 58476 (0/58476/0), network size: 0, avg network size: 0, si_in_serializable: 0 0 %, local: 0 %
I0911 23:16:57.076121 2944756 Coordinator.h:152] average commit: 844421 abort: 57978.7 (0/57978.7/0), network size: 0, avg network size: 0, si_in_serializable: 0 0 %, local: 0 %
I0911 23:16:57.087484 2944786 AriaExecutor.h:94] AriaExecutor 10 exits. 
I0911 23:16:57.087523 2944781 AriaExecutor.h:94] AriaExecutor 5 exits. 
I0911 23:16:57.087491 2944789 AriaExecutor.h:94] AriaExecutor 13 exits. 
I0911 23:16:57.087486 2944792 Manager.h:227] Manager(worker id = 16) on the coordinator node exits.
I0911 23:16:57.087496 2944783 AriaExecutor.h:94] AriaExecutor 7 exits. 
I0911 23:16:57.087517 2944782 AriaExecutor.h:94] AriaExecutor 6 exits. 
I0911 23:16:57.087497 2944777 AriaExecutor.h:94] AriaExecutor 1 exits. 
I0911 23:16:57.087499 2944790 AriaExecutor.h:94] AriaExecutor 14 exits. 
I0911 23:16:57.087503 2944778 AriaExecutor.h:94] AriaExecutor 2 exits. 
I0911 23:16:57.087484 2944784 AriaExecutor.h:94] AriaExecutor 8 exits. 
I0911 23:16:57.087518 2944780 AriaExecutor.h:94] AriaExecutor 4 exits. 
I0911 23:16:57.087523 2944791 AriaExecutor.h:94] AriaExecutor 15 exits. 
I0911 23:16:57.087502 2944776 AriaExecutor.h:94] AriaExecutor 0 exits. 
I0911 23:16:57.087491 2944787 AriaExecutor.h:94] AriaExecutor 11 exits. 
I0911 23:16:57.087491 2944779 AriaExecutor.h:94] AriaExecutor 3 exits. 
I0911 23:16:57.087496 2944785 AriaExecutor.h:94] AriaExecutor 9 exits. 
I0911 23:16:57.087484 2944788 AriaExecutor.h:94] AriaExecutor 12 exits. 
I0911 23:16:57.076131 2944756 AriaExecutor.h:641] Worker 0 latency: 11584 us (50%) 13758 us (75%) 15461 us (95%) 15925 us (99%).
I0911 23:16:57.132656 2944756 AriaExecutor.h:641] Worker 1 latency: 11603 us (50%) 13776 us (75%) 15469 us (95%) 15940 us (99%).
I0911 23:16:57.188261 2944756 AriaExecutor.h:641] Worker 2 latency: 11620 us (50%) 13772 us (75%) 15458 us (95%) 15882 us (99%).
I0911 23:16:57.243116 2944756 AriaExecutor.h:641] Worker 3 latency: 11610 us (50%) 13776 us (75%) 15466 us (95%) 15922 us (99%).
I0911 23:16:57.300084 2944756 AriaExecutor.h:641] Worker 4 latency: 11621 us (50%) 13780 us (75%) 15465 us (95%) 15912 us (99%).
I0911 23:16:57.356472 2944756 AriaExecutor.h:641] Worker 5 latency: 11592 us (50%) 13767 us (75%) 15469 us (95%) 15930 us (99%).
I0911 23:16:57.412704 2944756 AriaExecutor.h:641] Worker 6 latency: 11644 us (50%) 13789 us (75%) 15468 us (95%) 15924 us (99%).
I0911 23:16:57.468254 2944756 AriaExecutor.h:641] Worker 7 latency: 11606 us (50%) 13777 us (75%) 15466 us (95%) 15900 us (99%).
I0911 23:16:57.523783 2944756 AriaExecutor.h:641] Worker 8 latency: 11607 us (50%) 13764 us (75%) 15455 us (95%) 15867 us (99%).
I0911 23:16:57.578286 2944756 AriaExecutor.h:641] Worker 9 latency: 11602 us (50%) 13769 us (75%) 15462 us (95%) 15896 us (99%).
I0911 23:16:57.633905 2944756 AriaExecutor.h:641] Worker 10 latency: 11626 us (50%) 13775 us (75%) 15458 us (95%) 15912 us (99%).
I0911 23:16:57.689219 2944756 AriaExecutor.h:641] Worker 11 latency: 11577 us (50%) 13746 us (75%) 15458 us (95%) 15933 us (99%).
I0911 23:16:57.745229 2944756 AriaExecutor.h:641] Worker 12 latency: 11611 us (50%) 13761 us (75%) 15453 us (95%) 15884 us (99%).
I0911 23:16:57.800616 2944756 AriaExecutor.h:641] Worker 13 latency: 11593 us (50%) 13760 us (75%) 15460 us (95%) 15886 us (99%).
I0911 23:16:57.856806 2944756 AriaExecutor.h:641] Worker 14 latency: 11617 us (50%) 13766 us (75%) 15456 us (95%) 15918 us (99%).
I0911 23:16:57.914387 2944756 AriaExecutor.h:641] Worker 15 latency: 11593 us (50%) 13769 us (75%) 15469 us (95%) 15938 us (99%).
I0911 23:16:57.970372 2944756 Coordinator.h:177] total commit: 844421
I0911 23:16:58.970484 2944756 Coordinator.h:192] Coordinator exits.
