I0911 23:39:49.140157 2949127 Database.h:65] ycsb initialization finished in 148 milliseconds.
I0911 23:39:49.140269 2949127 Coordinator.h:30] Coordinator initializes 16 workers.
I0911 23:39:49.170959 2949127 Coordinator.h:77] Coordinator starts to run 17 workers.
I0911 23:39:49.171015 2949148 AriaExecutor.h:82] AriaExecutor 0 started. 
I0911 23:39:49.171053 2949149 AriaExecutor.h:82] AriaExecutor 1 started. 
I0911 23:39:49.171088 2949150 AriaExecutor.h:82] AriaExecutor 2 started. 
I0911 23:39:49.171140 2949151 AriaExecutor.h:82] AriaExecutor 3 started. 
I0911 23:39:49.171161 2949152 AriaExecutor.h:82] AriaExecutor 4 started. 
I0911 23:39:49.171202 2949153 AriaExecutor.h:82] AriaExecutor 5 started. 
I0911 23:39:49.171241 2949154 AriaExecutor.h:82] AriaExecutor 6 started. 
I0911 23:39:49.171286 2949155 AriaExecutor.h:82] AriaExecutor 7 started. 
I0911 23:39:49.171315 2949156 AriaExecutor.h:82] AriaExecutor 8 started. 
I0911 23:39:49.171360 2949157 AriaExecutor.h:82] AriaExecutor 9 started. 
I0911 23:39:49.171394 2949158 AriaExecutor.h:82] AriaExecutor 10 started. 
I0911 23:39:49.171437 2949159 AriaExecutor.h:82] AriaExecutor 11 started. 
I0911 23:39:49.171479 2949160 AriaExecutor.h:82] AriaExecutor 12 started. 
I0911 23:39:49.171520 2949161 AriaExecutor.h:82] AriaExecutor 13 started. 
I0911 23:39:49.171553 2949162 AriaExecutor.h:82] AriaExecutor 14 started. 
I0911 23:39:49.171595 2949163 AriaExecutor.h:82] AriaExecutor 15 started. 
I0911 23:39:49.171631 2949164 Manager.h:224] Manager(worker id = 16) on the coordinator node started.
I0911 23:39:50.171685 2949127 Coordinator.h:126] commit: 24571 abort: 122885 (0/122885/0), network size: 0, avg network size: 0, si_in_serializable: 0 0 %, local: 0 %
I0911 23:39:51.171798 2949127 Coordinator.h:126] commit: 27546 abort: 136294 (0/136294/0), network size: 0, avg network size: 0, si_in_serializable: 0 0 %, local: 0 %
I0911 23:39:52.171878 2949127 Coordinator.h:126] commit: 26142 abort: 129506 (0/129506/0), network size: 0, avg network size: 0, si_in_serializable: 0 0 %, local: 0 %
I0911 23:39:53.171954 2949127 Coordinator.h:126] commit: 27213 abort: 134632 (0/134632/0), network size: 0, avg network size: 0, si_in_serializable: 0 0 %, local: 0 %
I0911 23:39:54.172057 2949127 Coordinator.h:126] commit: 28336 abort: 141595 (0/141595/0), network size: 0, avg network size: 0, si_in_serializable: 0 0 %, local: 0 %
I0911 23:39:55.172138 2949127 Coordinator.h:126] commit: 28108 abort: 139828 (0/139828/0), network size: 0, avg network size: 0, si_in_serializable: 0 0 %, local: 0 %
I0911 23:39:56.172209 2949127 Coordinator.h:126] commit: 27982 abort: 139954 (0/139954/0), network size: 0, avg network size: 0, si_in_serializable: 0 0 %, local: 0 %
I0911 23:39:57.172276 2949127 Coordinator.h:126] commit: 28824 abort: 143208 (0/143208/0), network size: 0, avg network size: 0, si_in_serializable: 0 0 %, local: 0 %
I0911 23:39:58.172348 2949127 Coordinator.h:126] commit: 27464 abort: 136376 (0/136376/0), network size: 0, avg network size: 0, si_in_serializable: 0 0 %, local: 0 %
I0911 23:39:59.172421 2949127 Coordinator.h:126] commit: 28343 abort: 139593 (0/139593/0), network size: 0, avg network size: 0, si_in_serializable: 0 0 %, local: 0 %
I0911 23:40:00.172497 2949127 Coordinator.h:126] commit: 28564 abort: 143468 (0/143468/0), network size: 0, avg network size: 0, si_in_serializable: 0 0 %, local: 0 %
I0911 23:40:01.172596 2949127 Coordinator.h:126] commit: 28782 abort: 143250 (0/143250/0), network size: 0, avg network size: 0, si_in_serializable: 0 0 %, local: 0 %
I0911 23:40:02.172681 2949127 Coordinator.h:126] commit: 28772 abort: 143260 (0/143260/0), network size: 0, avg network size: 0, si_in_serializable: 0 0 %, local: 0 %
I0911 23:40:03.172756 2949127 Coordinator.h:126] commit: 28603 abort: 143429 (0/143429/0), network size: 0, avg network size: 0, si_in_serializable: 0 0 %, local: 0 %
I0911 23:40:04.172839 2949127 Coordinator.h:126] commit: 28871 abort: 143161 (0/143161/0), network size: 0, avg network size: 0, si_in_serializable: 0 0 %, local: 0 %
I0911 23:40:05.172912 2949127 Coordinator.h:126] commit: 28122 abort: 139814 (0/139814/0), network size: 0, avg network size: 0, si_in_serializable: 0 0 %, local: 0 %
I0911 23:40:06.172989 2949127 Coordinator.h:126] commit: 28093 abort: 139843 (0/139843/0), network size: 0, avg network size: 0, si_in_serializable: 0 0 %, local: 0 %
I0911 23:40:07.173095 2949127 Coordinator.h:126] commit: 28841 abort: 143191 (0/143191/0), network size: 0, avg network size: 0, si_in_serializable: 0 0 %, local: 0 %
I0911 23:40:08.173172 2949127 Coordinator.h:126] commit: 28496 abort: 143536 (0/143536/0), network size: 0, avg network size: 0, si_in_serializable: 0 0 %, local: 0 %
I0911 23:40:09.173238 2949127 Coordinator.h:126] commit: 28680 abort: 143352 (0/143352/0), network size: 0, avg network size: 0, si_in_serializable: 0 0 %, local: 0 %
I0911 23:40:10.173308 2949127 Coordinator.h:126] commit: 29334 abort: 146794 (0/146794/0), network size: 0, avg network size: 0, si_in_serializable: 0 0 %, local: 0 %
I0911 23:40:11.173375 2949127 Coordinator.h:126] commit: 28602 abort: 143430 (0/143430/0), network size: 0, avg network size: 0, si_in_serializable: 0 0 %, local: 0 %
I0911 23:40:12.173446 2949127 Coordinator.h:126] commit: 28657 abort: 143375 (0/143375/0), network size: 0, avg network size: 0, si_in_serializable: 0 0 %, local: 0 %
I0911 23:40:13.173513 2949127 Coordinator.h:126] commit: 28657 abort: 143375 (0/143375/0), network size: 0, avg network size: 0, si_in_serializable: 0 0 %, local: 0 %
I0911 23:40:14.173578 2949127 Coordinator.h:126] commit: 28653 abort: 143379 (0/143379/0), network size: 0, avg network size: 0, si_in_serializable: 0 0 %, local: 0 %
I0911 23:40:14.173586 2949127 Coordinator.h:152] average commit: 28582.4 abort: 142630 (0/142630/0), network size: 0, avg network size: 0, si_in_serializable: 0 0 %, local: 0 %
I0911 23:40:14.173596 2949127 AriaExecutor.h:641] Worker 0 latency: 22216 us (50%) 22791 us (75%) 23764 us (95%) 26427 us (99%).
I0911 23:40:14.184890 2949158 AriaExecutor.h:94] AriaExecutor 10 exits. 
I0911 23:40:14.184908 2949163 AriaExecutor.h:94] AriaExecutor 15 exits. 
I0911 23:40:14.184895 2949156 AriaExecutor.h:94] AriaExecutor 8 exits. 
I0911 23:40:14.184909 2949155 AriaExecutor.h:94] AriaExecutor 7 exits. 
I0911 23:40:14.184896 2949150 AriaExecutor.h:94] AriaExecutor 2 exits. 
I0911 23:40:14.184895 2949162 AriaExecutor.h:94] AriaExecutor 14 exits. 
I0911 23:40:14.184900 2949164 Manager.h:227] Manager(worker id = 16) on the coordinator node exits.
I0911 23:40:14.184896 2949154 AriaExecutor.h:94] AriaExecutor 6 exits. 
I0911 23:40:14.184909 2949149 AriaExecutor.h:94] AriaExecutor 1 exits. 
I0911 23:40:14.184909 2949159 AriaExecutor.h:94] AriaExecutor 11 exits. 
I0911 23:40:14.184897 2949152 AriaExecutor.h:94] AriaExecutor 4 exits. 
I0911 23:40:14.184911 2949153 AriaExecutor.h:94] AriaExecutor 5 exits. 
I0911 23:40:14.184892 2949148 AriaExecutor.h:94] AriaExecutor 0 exits. 
I0911 23:40:14.184909 2949151 AriaExecutor.h:94] AriaExecutor 3 exits. 
I0911 23:40:14.184911 2949157 AriaExecutor.h:94] AriaExecutor 9 exits. 
I0911 23:40:14.184911 2949161 AriaExecutor.h:94] AriaExecutor 13 exits. 
I0911 23:40:14.184893 2949160 AriaExecutor.h:94] AriaExecutor 12 exits. 
I0911 23:40:14.185367 2949127 AriaExecutor.h:641] Worker 1 latency: 22197 us (50%) 22779 us (75%) 23744 us (95%) 26744 us (99%).
I0911 23:40:14.187708 2949127 AriaExecutor.h:641] Worker 2 latency: 22214 us (50%) 22789 us (75%) 23782 us (95%) 27042 us (99%).
I0911 23:40:14.190011 2949127 AriaExecutor.h:641] Worker 3 latency: 22200 us (50%) 22783 us (75%) 23771 us (95%) 26786 us (99%).
I0911 23:40:14.192306 2949127 AriaExecutor.h:641] Worker 4 latency: 22195 us (50%) 22786 us (75%) 23765 us (95%) 26766 us (99%).
I0911 23:40:14.194631 2949127 AriaExecutor.h:641] Worker 5 latency: 22181 us (50%) 22776 us (75%) 23745 us (95%) 26484 us (99%).
I0911 23:40:14.197002 2949127 AriaExecutor.h:641] Worker 6 latency: 22208 us (50%) 22791 us (75%) 23781 us (95%) 26806 us (99%).
I0911 23:40:14.199334 2949127 AriaExecutor.h:641] Worker 7 latency: 22205 us (50%) 22785 us (75%) 23781 us (95%) 26875 us (99%).
I0911 23:40:14.201630 2949127 AriaExecutor.h:641] Worker 8 latency: 22196 us (50%) 22785 us (75%) 23766 us (95%) 27133 us (99%).
I0911 23:40:14.203925 2949127 AriaExecutor.h:641] Worker 9 latency: 22187 us (50%) 22784 us (75%) 23762 us (95%) 26508 us (99%).
I0911 23:40:14.206262 2949127 AriaExecutor.h:641] Worker 10 latency: 22198 us (50%) 22789 us (75%) 23754 us (95%) 26698 us (99%).
I0911 23:40:14.208586 2949127 AriaExecutor.h:641] Worker 11 latency: 22191 us (50%) 22780 us (75%) 23755 us (95%) 26889 us (99%).
I0911 23:40:14.210932 2949127 AriaExecutor.h:641] Worker 12 latency: 22192 us (50%) 22781 us (75%) 23755 us (95%) 26435 us (99%).
I0911 23:40:14.213210 2949127 AriaExecutor.h:641] Worker 13 latency: 22187 us (50%) 22781 us (75%) 23758 us (95%) 26657 us (99%).
I0911 23:40:14.215485 2949127 AriaExecutor.h:641] Worker 14 latency: 22182 us (50%) 22780 us (75%) 23767 us (95%) 26474 us (99%).
I0911 23:40:14.217752 2949127 AriaExecutor.h:641] Worker 15 latency: 22203 us (50%) 22784 us (75%) 23772 us (95%) 26668 us (99%).
I0911 23:40:14.220043 2949127 Coordinator.h:177] total commit: 28582.4
I0911 23:40:15.220158 2949127 Coordinator.h:192] Coordinator exits.
