I1126 13:34:12.691360 937126 Database.h:65] ycsb initialization finished in 30 milliseconds.
I1126 13:34:12.691459 937126 Coordinator.h:30] Coordinator initializes 12 workers.
I1126 13:34:12.762872 937126 Coordinator.h:77] Coordinator starts to run 13 workers.
I1126 13:34:12.762928 937142 AriaExecutor.h:82] AriaExecutor 0 started. 
I1126 13:34:12.762974 937143 AriaExecutor.h:82] AriaExecutor 1 started. 
I1126 13:34:12.763010 937144 AriaExecutor.h:82] AriaExecutor 2 started. 
I1126 13:34:12.763054 937145 AriaExecutor.h:82] AriaExecutor 3 started. 
I1126 13:34:12.763134 937147 AriaExecutor.h:82] AriaExecutor 5 started. 
I1126 13:34:12.763172 937148 AriaExecutor.h:82] AriaExecutor 6 started. 
I1126 13:34:12.763213 937149 AriaExecutor.h:82] AriaExecutor 7 started. 
I1126 13:34:12.763252 937150 AriaExecutor.h:82] AriaExecutor 8 started. 
I1126 13:34:12.763294 937151 AriaExecutor.h:82] AriaExecutor 9 started. 
I1126 13:34:12.763332 937152 AriaExecutor.h:82] AriaExecutor 10 started. 
I1126 13:34:12.763377 937153 AriaExecutor.h:82] AriaExecutor 11 started. 
I1126 13:34:12.763410 937146 AriaExecutor.h:82] AriaExecutor 4 started. 
I1126 13:34:12.763413 937154 Manager.h:224] Manager(worker id = 12) on the coordinator node started.
I1126 13:34:13.763475 937126 Coordinator.h:126] commit: 548291 abort: 231709 (0/231709/0), network size: 0, avg network size: 0, si_in_serializable: 0 0 %, local: 0 %
I1126 13:34:14.763598 937126 Coordinator.h:126] commit: 541468 abort: 228532 (0/228532/0), network size: 0, avg network size: 0, si_in_serializable: 0 0 %, local: 0 %
I1126 13:34:15.763702 937126 Coordinator.h:126] commit: 555377 abort: 234623 (0/234623/0), network size: 0, avg network size: 0, si_in_serializable: 0 0 %, local: 0 %
I1126 13:34:16.763787 937126 Coordinator.h:126] commit: 555107 abort: 234893 (0/234893/0), network size: 0, avg network size: 0, si_in_serializable: 0 0 %, local: 0 %
I1126 13:34:17.763863 937126 Coordinator.h:126] commit: 555118 abort: 234882 (0/234882/0), network size: 0, avg network size: 0, si_in_serializable: 0 0 %, local: 0 %
I1126 13:34:18.763939 937126 Coordinator.h:126] commit: 547848 abort: 232152 (0/232152/0), network size: 0, avg network size: 0, si_in_serializable: 0 0 %, local: 0 %
I1126 13:34:19.764050 937126 Coordinator.h:126] commit: 548337 abort: 231663 (0/231663/0), network size: 0, avg network size: 0, si_in_serializable: 0 0 %, local: 0 %
I1126 13:34:20.764153 937126 Coordinator.h:126] commit: 554579 abort: 235421 (0/235421/0), network size: 0, avg network size: 0, si_in_serializable: 0 0 %, local: 0 %
I1126 13:34:21.764257 937126 Coordinator.h:126] commit: 554452 abort: 235548 (0/235548/0), network size: 0, avg network size: 0, si_in_serializable: 0 0 %, local: 0 %
I1126 13:34:22.764358 937126 Coordinator.h:126] commit: 554367 abort: 235633 (0/235633/0), network size: 0, avg network size: 0, si_in_serializable: 0 0 %, local: 0 %
I1126 13:34:23.764446 937126 Coordinator.h:126] commit: 554894 abort: 235106 (0/235106/0), network size: 0, avg network size: 0, si_in_serializable: 0 0 %, local: 0 %
I1126 13:34:24.764554 937126 Coordinator.h:126] commit: 547726 abort: 232274 (0/232274/0), network size: 0, avg network size: 0, si_in_serializable: 0 0 %, local: 0 %
I1126 13:34:25.764657 937126 Coordinator.h:126] commit: 548001 abort: 231999 (0/231999/0), network size: 0, avg network size: 0, si_in_serializable: 0 0 %, local: 0 %
I1126 13:34:26.764735 937126 Coordinator.h:126] commit: 548819 abort: 232652 (0/232652/0), network size: 0, avg network size: 0, si_in_serializable: 0 0 %, local: 0 %
I1126 13:34:27.764812 937126 Coordinator.h:126] commit: 553838 abort: 234691 (0/234691/0), network size: 0, avg network size: 0, si_in_serializable: 0 0 %, local: 0 %
I1126 13:34:28.764885 937126 Coordinator.h:126] commit: 554848 abort: 235152 (0/235152/0), network size: 0, avg network size: 0, si_in_serializable: 0 0 %, local: 0 %
I1126 13:34:29.764987 937126 Coordinator.h:126] commit: 550128 abort: 232414 (0/232414/0), network size: 0, avg network size: 0, si_in_serializable: 0 0 %, local: 0 %
I1126 13:34:30.765102 937126 Coordinator.h:126] commit: 559528 abort: 237930 (0/237930/0), network size: 0, avg network size: 0, si_in_serializable: 0 0 %, local: 0 %
I1126 13:34:31.765213 937126 Coordinator.h:126] commit: 548517 abort: 231483 (0/231483/0), network size: 0, avg network size: 0, si_in_serializable: 0 0 %, local: 0 %
I1126 13:34:32.765322 937126 Coordinator.h:126] commit: 555072 abort: 234928 (0/234928/0), network size: 0, avg network size: 0, si_in_serializable: 0 0 %, local: 0 %
I1126 13:34:33.765429 937126 Coordinator.h:126] commit: 554858 abort: 235142 (0/235142/0), network size: 0, avg network size: 0, si_in_serializable: 0 0 %, local: 0 %
I1126 13:34:34.765542 937126 Coordinator.h:126] commit: 553787 abort: 236213 (0/236213/0), network size: 0, avg network size: 0, si_in_serializable: 0 0 %, local: 0 %
I1126 13:34:35.765653 937126 Coordinator.h:126] commit: 541452 abort: 228548 (0/228548/0), network size: 0, avg network size: 0, si_in_serializable: 0 0 %, local: 0 %
I1126 13:34:36.765761 937126 Coordinator.h:126] commit: 555225 abort: 234775 (0/234775/0), network size: 0, avg network size: 0, si_in_serializable: 0 0 %, local: 0 %
I1126 13:34:37.765863 937126 Coordinator.h:126] commit: 554392 abort: 235608 (0/235608/0), network size: 0, avg network size: 0, si_in_serializable: 0 0 %, local: 0 %
I1126 13:34:37.765902 937126 Coordinator.h:152] average commit: 552137 abort: 233863 (0/233863/0), network size: 0, avg network size: 0, si_in_serializable: 0 0 %, local: 0 %
I1126 13:34:37.770941 937144 AriaExecutor.h:94] AriaExecutor 2 exits. 
I1126 13:34:37.770946 937150 AriaExecutor.h:94] AriaExecutor 8 exits. 
I1126 13:34:37.770957 937143 AriaExecutor.h:94] AriaExecutor 1 exits. 
I1126 13:34:37.770946 937154 Manager.h:227] Manager(worker id = 12) on the coordinator node exits.
I1126 13:34:37.770941 937142 AriaExecutor.h:94] AriaExecutor 0 exits. 
I1126 13:34:37.770956 937151 AriaExecutor.h:94] AriaExecutor 9 exits. 
I1126 13:34:37.770957 937149 AriaExecutor.h:94] AriaExecutor 7 exits. 
I1126 13:34:37.770957 937147 AriaExecutor.h:94] AriaExecutor 5 exits. 
I1126 13:34:37.770958 937153 AriaExecutor.h:94] AriaExecutor 11 exits. 
I1126 13:34:37.770957 937145 AriaExecutor.h:94] AriaExecutor 3 exits. 
I1126 13:34:37.770955 937152 AriaExecutor.h:94] AriaExecutor 10 exits. 
I1126 13:34:37.770944 937148 AriaExecutor.h:94] AriaExecutor 6 exits. 
I1126 13:34:37.770941 937146 AriaExecutor.h:94] AriaExecutor 4 exits. 
I1126 13:34:37.765911 937126 AriaExecutor.h:535] Worker 0 latency: 8918 us (50%) 10568 us (75%) 11717 us (95%) 11998 us (99%).
I1126 13:34:37.819129 937126 AriaExecutor.h:535] Worker 1 latency: 8914 us (50%) 10562 us (75%) 11709 us (95%) 11981 us (99%).
I1126 13:34:37.872575 937126 AriaExecutor.h:535] Worker 2 latency: 8938 us (50%) 10576 us (75%) 11716 us (95%) 11987 us (99%).
I1126 13:34:37.925227 937126 AriaExecutor.h:535] Worker 3 latency: 8800 us (50%) 10508 us (75%) 11697 us (95%) 11976 us (99%).
I1126 13:34:37.978318 937126 AriaExecutor.h:535] Worker 4 latency: 8847 us (50%) 10531 us (75%) 11704 us (95%) 11977 us (99%).
I1126 13:34:38.030241 937126 AriaExecutor.h:535] Worker 5 latency: 8855 us (50%) 10531 us (75%) 11701 us (95%) 11975 us (99%).
I1126 13:34:38.083312 937126 AriaExecutor.h:535] Worker 6 latency: 8753 us (50%) 10484 us (75%) 11692 us (95%) 11968 us (99%).
I1126 13:34:38.135881 937126 AriaExecutor.h:535] Worker 7 latency: 8731 us (50%) 10471 us (75%) 11685 us (95%) 11962 us (99%).
I1126 13:34:38.189370 937126 AriaExecutor.h:535] Worker 8 latency: 8855 us (50%) 10536 us (75%) 11707 us (95%) 11983 us (99%).
I1126 13:34:38.242327 937126 AriaExecutor.h:535] Worker 9 latency: 8846 us (50%) 10527 us (75%) 11699 us (95%) 11974 us (99%).
I1126 13:34:38.295769 937126 AriaExecutor.h:535] Worker 10 latency: 8889 us (50%) 10549 us (75%) 11708 us (95%) 11977 us (99%).
I1126 13:34:38.349120 937126 AriaExecutor.h:535] Worker 11 latency: 8768 us (50%) 10490 us (75%) 11690 us (95%) 11967 us (99%).
I1126 13:34:38.402076 937126 Coordinator.h:177] total commit: 552137
I1126 13:34:39.402195 937126 Coordinator.h:192] Coordinator exits.
