I0911 22:17:19.766297 2933297 Database.h:65] ycsb initialization finished in 148 milliseconds.
I0911 22:17:19.766410 2933297 Coordinator.h:30] Coordinator initializes 16 workers.
I0911 22:17:19.781632 2933297 Coordinator.h:77] Coordinator starts to run 17 workers.
I0911 22:17:19.781685 2933317 AriaExecutor.h:82] AriaExecutor 0 started. 
I0911 22:17:19.781721 2933318 AriaExecutor.h:82] AriaExecutor 1 started. 
I0911 22:17:19.781761 2933319 AriaExecutor.h:82] AriaExecutor 2 started. 
I0911 22:17:19.781808 2933320 AriaExecutor.h:82] AriaExecutor 3 started. 
I0911 22:17:19.781838 2933321 AriaExecutor.h:82] AriaExecutor 4 started. 
I0911 22:17:19.781870 2933322 AriaExecutor.h:82] AriaExecutor 5 started. 
I0911 22:17:19.781908 2933323 AriaExecutor.h:82] AriaExecutor 6 started. 
I0911 22:17:19.781955 2933324 AriaExecutor.h:82] AriaExecutor 7 started. 
I0911 22:17:19.781996 2933325 AriaExecutor.h:82] AriaExecutor 8 started. 
I0911 22:17:19.782037 2933326 AriaExecutor.h:82] AriaExecutor 9 started. 
I0911 22:17:19.782070 2933327 AriaExecutor.h:82] AriaExecutor 10 started. 
I0911 22:17:19.782114 2933328 AriaExecutor.h:82] AriaExecutor 11 started. 
I0911 22:17:19.782152 2933329 AriaExecutor.h:82] AriaExecutor 12 started. 
I0911 22:17:19.782202 2933330 AriaExecutor.h:82] AriaExecutor 13 started. 
I0911 22:17:19.782236 2933331 AriaExecutor.h:82] AriaExecutor 14 started. 
I0911 22:17:19.782276 2933332 AriaExecutor.h:82] AriaExecutor 15 started. 
I0911 22:17:19.782313 2933333 Manager.h:224] Manager(worker id = 16) on the coordinator node started.
I0911 22:17:20.782363 2933297 Coordinator.h:126] commit: 1109314 abort: 10942 (0/10942/0), network size: 0, avg network size: 0, si_in_serializable: 0 0 %, local: 0 %
I0911 22:17:21.782469 2933297 Coordinator.h:126] commit: 1101479 abort: 10585 (0/10585/0), network size: 0, avg network size: 0, si_in_serializable: 0 0 %, local: 0 %
I0911 22:17:22.782545 2933297 Coordinator.h:126] commit: 1068733 abort: 10563 (0/10563/0), network size: 0, avg network size: 0, si_in_serializable: 0 0 %, local: 0 %
I0911 22:17:23.782617 2933297 Coordinator.h:126] commit: 1074758 abort: 10682 (0/10682/0), network size: 0, avg network size: 0, si_in_serializable: 0 0 %, local: 0 %
I0911 22:17:24.782711 2933297 Coordinator.h:126] commit: 1113422 abort: 10930 (0/10930/0), network size: 0, avg network size: 0, si_in_serializable: 0 0 %, local: 0 %
I0911 22:17:25.782788 2933297 Coordinator.h:126] commit: 1119507 abort: 10989 (0/10989/0), network size: 0, avg network size: 0, si_in_serializable: 0 0 %, local: 0 %
I0911 22:17:26.782857 2933297 Coordinator.h:126] commit: 1119604 abort: 10892 (0/10892/0), network size: 0, avg network size: 0, si_in_serializable: 0 0 %, local: 0 %
I0911 22:17:27.782928 2933297 Coordinator.h:126] commit: 1097218 abort: 10750 (0/10750/0), network size: 0, avg network size: 0, si_in_serializable: 0 0 %, local: 0 %
I0911 22:17:28.782999 2933297 Coordinator.h:126] commit: 1117498 abort: 10950 (0/10950/0), network size: 0, avg network size: 0, si_in_serializable: 0 0 %, local: 0 %
I0911 22:17:29.783071 2933297 Coordinator.h:126] commit: 1099181 abort: 10835 (0/10835/0), network size: 0, avg network size: 0, si_in_serializable: 0 0 %, local: 0 %
I0911 22:17:30.783142 2933297 Coordinator.h:126] commit: 1119332 abort: 11164 (0/11164/0), network size: 0, avg network size: 0, si_in_serializable: 0 0 %, local: 0 %
I0911 22:17:31.783214 2933297 Coordinator.h:126] commit: 1086819 abort: 10909 (0/10909/0), network size: 0, avg network size: 0, si_in_serializable: 0 0 %, local: 0 %
I0911 22:17:32.783288 2933297 Coordinator.h:126] commit: 1119558 abort: 10938 (0/10938/0), network size: 0, avg network size: 0, si_in_serializable: 0 0 %, local: 0 %
I0911 22:17:33.783357 2933297 Coordinator.h:126] commit: 1105203 abort: 10957 (0/10957/0), network size: 0, avg network size: 0, si_in_serializable: 0 0 %, local: 0 %
I0911 22:17:34.783453 2933297 Coordinator.h:126] commit: 1117484 abort: 10964 (0/10964/0), network size: 0, avg network size: 0, si_in_serializable: 0 0 %, local: 0 %
I0911 22:17:35.783530 2933297 Coordinator.h:126] commit: 1086925 abort: 10803 (0/10803/0), network size: 0, avg network size: 0, si_in_serializable: 0 0 %, local: 0 %
I0911 22:17:36.783603 2933297 Coordinator.h:126] commit: 1119431 abort: 11065 (0/11065/0), network size: 0, avg network size: 0, si_in_serializable: 0 0 %, local: 0 %
I0911 22:17:37.783671 2933297 Coordinator.h:126] commit: 1119448 abort: 11048 (0/11048/0), network size: 0, avg network size: 0, si_in_serializable: 0 0 %, local: 0 %
I0911 22:17:38.783744 2933297 Coordinator.h:126] commit: 1119336 abort: 11160 (0/11160/0), network size: 0, avg network size: 0, si_in_serializable: 0 0 %, local: 0 %
I0911 22:17:39.783816 2933297 Coordinator.h:126] commit: 1117629 abort: 10819 (0/10819/0), network size: 0, avg network size: 0, si_in_serializable: 0 0 %, local: 0 %
I0911 22:17:40.783887 2933297 Coordinator.h:126] commit: 1119355 abort: 11141 (0/11141/0), network size: 0, avg network size: 0, si_in_serializable: 0 0 %, local: 0 %
I0911 22:17:41.783951 2933297 Coordinator.h:126] commit: 1119406 abort: 11090 (0/11090/0), network size: 0, avg network size: 0, si_in_serializable: 0 0 %, local: 0 %
I0911 22:17:42.784025 2933297 Coordinator.h:126] commit: 1115453 abort: 10947 (0/10947/0), network size: 0, avg network size: 0, si_in_serializable: 0 0 %, local: 0 %
I0911 22:17:43.784094 2933297 Coordinator.h:126] commit: 1117592 abort: 10856 (0/10856/0), network size: 0, avg network size: 0, si_in_serializable: 0 0 %, local: 0 %
I0911 22:17:44.784155 2933297 Coordinator.h:126] commit: 1097168 abort: 10800 (0/10800/0), network size: 0, avg network size: 0, si_in_serializable: 0 0 %, local: 0 %
I0911 22:17:44.784164 2933297 Coordinator.h:152] average commit: 1.11112e+06 abort: 10982.7 (0/10982.7/0), network size: 0, avg network size: 0, si_in_serializable: 0 0 %, local: 0 %
I0911 22:17:44.785853 2933329 AriaExecutor.h:94] AriaExecutor 12 exits. 
I0911 22:17:44.785864 2933330 AriaExecutor.h:94] AriaExecutor 13 exits. 
I0911 22:17:44.785856 2933323 AriaExecutor.h:94] AriaExecutor 6 exits. 
I0911 22:17:44.785856 2933327 AriaExecutor.h:94] AriaExecutor 10 exits. 
I0911 22:17:44.785856 2933321 AriaExecutor.h:94] AriaExecutor 4 exits. 
I0911 22:17:44.785857 2933317 AriaExecutor.h:94] AriaExecutor 0 exits. 
I0911 22:17:44.785887 2933331 AriaExecutor.h:94] AriaExecutor 14 exits. 
I0911 22:17:44.785858 2933333 Manager.h:227] Manager(worker id = 16) on the coordinator node exits.
I0911 22:17:44.785854 2933319 AriaExecutor.h:94] AriaExecutor 2 exits. 
I0911 22:17:44.785866 2933324 AriaExecutor.h:94] AriaExecutor 7 exits. 
I0911 22:17:44.785894 2933332 AriaExecutor.h:94] AriaExecutor 15 exits. 
I0911 22:17:44.785902 2933326 AriaExecutor.h:94] AriaExecutor 9 exits. 
I0911 22:17:44.785878 2933325 AriaExecutor.h:94] AriaExecutor 8 exits. 
I0911 22:17:44.785866 2933322 AriaExecutor.h:94] AriaExecutor 5 exits. 
I0911 22:17:44.785867 2933328 AriaExecutor.h:94] AriaExecutor 11 exits. 
I0911 22:17:44.785898 2933318 AriaExecutor.h:94] AriaExecutor 1 exits. 
I0911 22:17:44.785866 2933320 AriaExecutor.h:94] AriaExecutor 3 exits. 
I0911 22:17:44.784174 2933297 AriaExecutor.h:535] Worker 0 latency: 1132 us (50%) 1431 us (75%) 1671 us (95%) 1723 us (99%).
I0911 22:17:44.853518 2933297 AriaExecutor.h:535] Worker 1 latency: 1133 us (50%) 1430 us (75%) 1670 us (95%) 1722 us (99%).
I0911 22:17:44.931660 2933297 AriaExecutor.h:535] Worker 2 latency: 1137 us (50%) 1433 us (75%) 1671 us (95%) 1723 us (99%).
I0911 22:17:44.999900 2933297 AriaExecutor.h:535] Worker 3 latency: 1133 us (50%) 1430 us (75%) 1670 us (95%) 1722 us (99%).
I0911 22:17:45.075663 2933297 AriaExecutor.h:535] Worker 4 latency: 1134 us (50%) 1432 us (75%) 1671 us (95%) 1723 us (99%).
I0911 22:17:45.146384 2933297 AriaExecutor.h:535] Worker 5 latency: 1130 us (50%) 1429 us (75%) 1670 us (95%) 1722 us (99%).
I0911 22:17:45.222364 2933297 AriaExecutor.h:535] Worker 6 latency: 1137 us (50%) 1434 us (75%) 1671 us (95%) 1723 us (99%).
I0911 22:17:45.292021 2933297 AriaExecutor.h:535] Worker 7 latency: 1134 us (50%) 1431 us (75%) 1670 us (95%) 1722 us (99%).
I0911 22:17:45.368955 2933297 AriaExecutor.h:535] Worker 8 latency: 1133 us (50%) 1431 us (75%) 1670 us (95%) 1723 us (99%).
I0911 22:17:45.438186 2933297 AriaExecutor.h:535] Worker 9 latency: 1131 us (50%) 1429 us (75%) 1669 us (95%) 1722 us (99%).
I0911 22:17:45.515040 2933297 AriaExecutor.h:535] Worker 10 latency: 1136 us (50%) 1432 us (75%) 1670 us (95%) 1722 us (99%).
I0911 22:17:45.583606 2933297 AriaExecutor.h:535] Worker 11 latency: 1132 us (50%) 1429 us (75%) 1669 us (95%) 1722 us (99%).
I0911 22:17:45.660367 2933297 AriaExecutor.h:535] Worker 12 latency: 1136 us (50%) 1432 us (75%) 1671 us (95%) 1722 us (99%).
I0911 22:17:45.729816 2933297 AriaExecutor.h:535] Worker 13 latency: 1130 us (50%) 1428 us (75%) 1669 us (95%) 1722 us (99%).
I0911 22:17:45.805670 2933297 AriaExecutor.h:535] Worker 14 latency: 1139 us (50%) 1434 us (75%) 1671 us (95%) 1723 us (99%).
I0911 22:17:45.874228 2933297 AriaExecutor.h:535] Worker 15 latency: 1133 us (50%) 1429 us (75%) 1669 us (95%) 1722 us (99%).
I0911 22:17:45.949323 2933297 Coordinator.h:177] total commit: 1.11112e+06
I0911 22:17:46.949446 2933297 Coordinator.h:192] Coordinator exits.
