I1126 15:09:32.587565 994299 Database.h:65] ycsb initialization finished in 30 milliseconds.
I1126 15:09:32.587668 994299 Coordinator.h:30] Coordinator initializes 12 workers.
I1126 15:09:32.594578 994299 Coordinator.h:77] Coordinator starts to run 13 workers.
I1126 15:09:32.594628 994315 AriaExecutor.h:95] AriaExecutor 0 started. 
I1126 15:09:32.594661 994316 AriaExecutor.h:95] AriaExecutor 1 started. 
I1126 15:09:32.594754 994318 AriaExecutor.h:95] AriaExecutor 3 started. 
I1126 15:09:32.594797 994319 AriaExecutor.h:95] AriaExecutor 4 started. 
I1126 15:09:32.594841 994320 AriaExecutor.h:95] AriaExecutor 5 started. 
I1126 15:09:32.594882 994321 AriaExecutor.h:95] AriaExecutor 6 started. 
I1126 15:09:32.594938 994322 AriaExecutor.h:95] AriaExecutor 7 started. 
I1126 15:09:32.594985 994323 AriaExecutor.h:95] AriaExecutor 8 started. 
I1126 15:09:32.595021 994324 AriaExecutor.h:95] AriaExecutor 9 started. 
I1126 15:09:32.595057 994325 AriaExecutor.h:95] AriaExecutor 10 started. 
I1126 15:09:32.595106 994326 AriaExecutor.h:95] AriaExecutor 11 started. 
I1126 15:09:32.595131 994317 AriaExecutor.h:95] AriaExecutor 2 started. 
I1126 15:09:32.595134 994327 Manager.h:224] Manager(worker id = 12) on the coordinator node started.
I1126 15:09:33.595207 994299 Coordinator.h:126] commit: 1851926 abort: 118074 (0/118074/0), network size: 0, avg network size: 0, si_in_serializable: 0 0 %, local: 0 %
I1126 15:09:34.595321 994299 Coordinator.h:126] commit: 1842416 abort: 117584 (0/117584/0), network size: 0, avg network size: 0, si_in_serializable: 0 0 %, local: 0 %
I1126 15:09:35.595423 994299 Coordinator.h:126] commit: 1870547 abort: 119453 (0/119453/0), network size: 0, avg network size: 0, si_in_serializable: 0 0 %, local: 0 %
I1126 15:09:36.595528 994299 Coordinator.h:126] commit: 1861340 abort: 118660 (0/118660/0), network size: 0, avg network size: 0, si_in_serializable: 0 0 %, local: 0 %
I1126 15:09:37.595619 994299 Coordinator.h:126] commit: 1879790 abort: 120210 (0/120210/0), network size: 0, avg network size: 0, si_in_serializable: 0 0 %, local: 0 %
I1126 15:09:38.595731 994299 Coordinator.h:126] commit: 1880497 abort: 119503 (0/119503/0), network size: 0, avg network size: 0, si_in_serializable: 0 0 %, local: 0 %
I1126 15:09:39.595831 994299 Coordinator.h:126] commit: 1804857 abort: 115143 (0/115143/0), network size: 0, avg network size: 0, si_in_serializable: 0 0 %, local: 0 %
I1126 15:09:40.595944 994299 Coordinator.h:126] commit: 1879804 abort: 120196 (0/120196/0), network size: 0, avg network size: 0, si_in_serializable: 0 0 %, local: 0 %
I1126 15:09:41.596077 994299 Coordinator.h:126] commit: 1863496 abort: 119029 (0/119029/0), network size: 0, avg network size: 0, si_in_serializable: 0 0 %, local: 0 %
I1126 15:09:42.596163 994299 Coordinator.h:126] commit: 1877673 abort: 119801 (0/119801/0), network size: 0, avg network size: 0, si_in_serializable: 0 0 %, local: 0 %
I1126 15:09:43.596239 994299 Coordinator.h:126] commit: 1879534 abort: 120466 (0/120466/0), network size: 0, avg network size: 0, si_in_serializable: 0 0 %, local: 0 %
I1126 15:09:44.596318 994299 Coordinator.h:126] commit: 1871026 abort: 118974 (0/118974/0), network size: 0, avg network size: 0, si_in_serializable: 0 0 %, local: 0 %
I1126 15:09:45.596406 994299 Coordinator.h:126] commit: 1880018 abort: 119982 (0/119982/0), network size: 0, avg network size: 0, si_in_serializable: 0 0 %, local: 0 %
I1126 15:09:46.596508 994299 Coordinator.h:126] commit: 1796299 abort: 113701 (0/113701/0), network size: 0, avg network size: 0, si_in_serializable: 0 0 %, local: 0 %
I1126 15:09:47.596592 994299 Coordinator.h:126] commit: 1871210 abort: 118792 (0/118792/0), network size: 0, avg network size: 0, si_in_serializable: 0 0 %, local: 0 %
I1126 15:09:48.596669 994299 Coordinator.h:126] commit: 1879959 abort: 120039 (0/120039/0), network size: 0, avg network size: 0, si_in_serializable: 0 0 %, local: 0 %
I1126 15:09:49.596747 994299 Coordinator.h:126] commit: 1877928 abort: 119295 (0/119295/0), network size: 0, avg network size: 0, si_in_serializable: 0 0 %, local: 0 %
I1126 15:09:50.596837 994299 Coordinator.h:126] commit: 1873569 abort: 119207 (0/119207/0), network size: 0, avg network size: 0, si_in_serializable: 0 0 %, local: 0 %
I1126 15:09:51.596943 994299 Coordinator.h:126] commit: 1871045 abort: 118955 (0/118955/0), network size: 0, avg network size: 0, si_in_serializable: 0 0 %, local: 0 %
I1126 15:09:52.597023 994299 Coordinator.h:126] commit: 1880296 abort: 119704 (0/119704/0), network size: 0, avg network size: 0, si_in_serializable: 0 0 %, local: 0 %
I1126 15:09:53.597106 994299 Coordinator.h:126] commit: 1872544 abort: 119101 (0/119101/0), network size: 0, avg network size: 0, si_in_serializable: 0 0 %, local: 0 %
I1126 15:09:54.597203 994299 Coordinator.h:126] commit: 1878429 abort: 119926 (0/119926/0), network size: 0, avg network size: 0, si_in_serializable: 0 0 %, local: 0 %
I1126 15:09:55.597324 994299 Coordinator.h:126] commit: 1870709 abort: 119291 (0/119291/0), network size: 0, avg network size: 0, si_in_serializable: 0 0 %, local: 0 %
I1126 15:09:56.597435 994299 Coordinator.h:126] commit: 1870659 abort: 119341 (0/119341/0), network size: 0, avg network size: 0, si_in_serializable: 0 0 %, local: 0 %
I1126 15:09:57.597523 994299 Coordinator.h:126] commit: 1852163 abort: 117837 (0/117837/0), network size: 0, avg network size: 0, si_in_serializable: 0 0 %, local: 0 %
I1126 15:09:57.597536 994299 Coordinator.h:152] average commit: 1.86809e+06 abort: 118912 (0/118912/0), network size: 0, avg network size: 0, si_in_serializable: 0 0 %, local: 0 %
I1126 15:09:57.600210 994327 Manager.h:227] Manager(worker id = 12) on the coordinator node exits.
I1126 15:09:57.600214 994325 AriaExecutor.h:107] AriaExecutor 10 exits. 
I1126 15:09:57.600212 994323 AriaExecutor.h:107] AriaExecutor 8 exits. 
I1126 15:09:57.600224 994316 AriaExecutor.h:107] AriaExecutor 1 exits. 
I1126 15:09:57.600211 994319 AriaExecutor.h:107] AriaExecutor 4 exits. 
I1126 15:09:57.600214 994315 AriaExecutor.h:107] AriaExecutor 0 exits. 
I1126 15:09:57.600224 994322 AriaExecutor.h:107] AriaExecutor 7 exits. 
I1126 15:09:57.600224 994320 AriaExecutor.h:107] AriaExecutor 5 exits. 
I1126 15:09:57.600214 994317 AriaExecutor.h:107] AriaExecutor 2 exits. 
I1126 15:09:57.600212 994321 AriaExecutor.h:107] AriaExecutor 6 exits. 
I1126 15:09:57.600224 994324 AriaExecutor.h:107] AriaExecutor 9 exits. 
I1126 15:09:57.600224 994326 AriaExecutor.h:107] AriaExecutor 11 exits. 
I1126 15:09:57.600224 994318 AriaExecutor.h:107] AriaExecutor 3 exits. 
I1126 15:09:57.597546 994299 AriaExecutor.h:705] Worker 0 latency: 3546 us (50%) 3982 us (75%) 4328 us (95%) 4422 us (99%).
I1126 15:09:57.742456 994299 AriaExecutor.h:705] Worker 1 latency: 3542 us (50%) 3979 us (75%) 4329 us (95%) 4423 us (99%).
I1126 15:09:57.901844 994299 AriaExecutor.h:705] Worker 2 latency: 3565 us (50%) 3990 us (75%) 4328 us (95%) 4420 us (99%).
I1126 15:09:58.045964 994299 AriaExecutor.h:705] Worker 3 latency: 3548 us (50%) 3983 us (75%) 4328 us (95%) 4421 us (99%).
I1126 15:09:58.206887 994299 AriaExecutor.h:705] Worker 4 latency: 3555 us (50%) 3987 us (75%) 4329 us (95%) 4421 us (99%).
I1126 15:09:58.353083 994299 AriaExecutor.h:705] Worker 5 latency: 3545 us (50%) 3979 us (75%) 4327 us (95%) 4419 us (99%).
I1126 15:09:58.512050 994299 AriaExecutor.h:705] Worker 6 latency: 3572 us (50%) 3994 us (75%) 4330 us (95%) 4421 us (99%).
I1126 15:09:58.658533 994299 AriaExecutor.h:705] Worker 7 latency: 3546 us (50%) 3981 us (75%) 4328 us (95%) 4420 us (99%).
I1126 15:09:58.818842 994299 AriaExecutor.h:705] Worker 8 latency: 3560 us (50%) 3989 us (75%) 4330 us (95%) 4422 us (99%).
I1126 15:09:58.962405 994299 AriaExecutor.h:705] Worker 9 latency: 3546 us (50%) 3981 us (75%) 4328 us (95%) 4420 us (99%).
I1126 15:09:59.120481 994299 AriaExecutor.h:705] Worker 10 latency: 3567 us (50%) 3994 us (75%) 4333 us (95%) 4424 us (99%).
I1126 15:09:59.266525 994299 AriaExecutor.h:705] Worker 11 latency: 3548 us (50%) 3983 us (75%) 4329 us (95%) 4421 us (99%).
I1126 15:09:59.424448 994299 Coordinator.h:177] total commit: 1.86809e+06
I1126 15:10:00.424566 994299 Coordinator.h:192] Coordinator exits.
