I1126 15:48:06.085352 1019435 Database.h:65] ycsb initialization finished in 30 milliseconds.
I1126 15:48:06.085453 1019435 Coordinator.h:30] Coordinator initializes 12 workers.
I1126 15:48:06.092983 1019435 Coordinator.h:77] Coordinator starts to run 13 workers.
I1126 15:48:06.093037 1019451 AriaExecutor.h:93] AriaExecutor 0 started. 
I1126 15:48:06.093065 1019452 AriaExecutor.h:93] AriaExecutor 1 started. 
I1126 15:48:06.093104 1019453 AriaExecutor.h:93] AriaExecutor 2 started. 
I1126 15:48:06.093144 1019454 AriaExecutor.h:93] AriaExecutor 3 started. 
I1126 15:48:06.093225 1019456 AriaExecutor.h:93] AriaExecutor 5 started. 
I1126 15:48:06.093269 1019457 AriaExecutor.h:93] AriaExecutor 6 started. 
I1126 15:48:06.093304 1019458 AriaExecutor.h:93] AriaExecutor 7 started. 
I1126 15:48:06.093348 1019459 AriaExecutor.h:93] AriaExecutor 8 started. 
I1126 15:48:06.093381 1019460 AriaExecutor.h:93] AriaExecutor 9 started. 
I1126 15:48:06.093425 1019461 AriaExecutor.h:93] AriaExecutor 10 started. 
I1126 15:48:06.093466 1019462 AriaExecutor.h:93] AriaExecutor 11 started. 
I1126 15:48:06.093492 1019455 AriaExecutor.h:93] AriaExecutor 4 started. 
I1126 15:48:06.093497 1019463 Manager.h:224] Manager(worker id = 12) on the coordinator node started.
I1126 15:48:07.093562 1019435 Coordinator.h:126] commit: 873990 abort: 4010 (0/4010/0), network size: 0, avg network size: 0, si_in_serializable: 0 0 %, local: 0 %
I1126 15:48:08.093683 1019435 Coordinator.h:126] commit: 860111 abort: 3889 (0/3889/0), network size: 0, avg network size: 0, si_in_serializable: 0 0 %, local: 0 %
I1126 15:48:09.093797 1019435 Coordinator.h:126] commit: 877160 abort: 3840 (0/3840/0), network size: 0, avg network size: 0, si_in_serializable: 0 0 %, local: 0 %
I1126 15:48:10.093894 1019435 Coordinator.h:126] commit: 874109 abort: 3891 (0/3891/0), network size: 0, avg network size: 0, si_in_serializable: 0 0 %, local: 0 %
I1126 15:48:11.093983 1019435 Coordinator.h:126] commit: 880984 abort: 4016 (0/4016/0), network size: 0, avg network size: 0, si_in_serializable: 0 0 %, local: 0 %
I1126 15:48:12.094084 1019435 Coordinator.h:126] commit: 870161 abort: 3839 (0/3839/0), network size: 0, avg network size: 0, si_in_serializable: 0 0 %, local: 0 %
I1126 15:48:13.094200 1019435 Coordinator.h:126] commit: 874072 abort: 3928 (0/3928/0), network size: 0, avg network size: 0, si_in_serializable: 0 0 %, local: 0 %
I1126 15:48:14.094296 1019435 Coordinator.h:126] commit: 859057 abort: 3943 (0/3943/0), network size: 0, avg network size: 0, si_in_serializable: 0 0 %, local: 0 %
I1126 15:48:15.094391 1019435 Coordinator.h:126] commit: 879032 abort: 3968 (0/3968/0), network size: 0, avg network size: 0, si_in_serializable: 0 0 %, local: 0 %
I1126 15:48:16.094473 1019435 Coordinator.h:126] commit: 876118 abort: 3882 (0/3882/0), network size: 0, avg network size: 0, si_in_serializable: 0 0 %, local: 0 %
I1126 15:48:17.094569 1019435 Coordinator.h:126] commit: 879142 abort: 3858 (0/3858/0), network size: 0, avg network size: 0, si_in_serializable: 0 0 %, local: 0 %
I1126 15:48:18.094657 1019435 Coordinator.h:126] commit: 876098 abort: 3902 (0/3902/0), network size: 0, avg network size: 0, si_in_serializable: 0 0 %, local: 0 %
I1126 15:48:19.094746 1019435 Coordinator.h:126] commit: 871044 abort: 3956 (0/3956/0), network size: 0, avg network size: 0, si_in_serializable: 0 0 %, local: 0 %
I1126 15:48:20.094832 1019435 Coordinator.h:126] commit: 877034 abort: 3966 (0/3966/0), network size: 0, avg network size: 0, si_in_serializable: 0 0 %, local: 0 %
I1126 15:48:21.094939 1019435 Coordinator.h:126] commit: 838192 abort: 3808 (0/3808/0), network size: 0, avg network size: 0, si_in_serializable: 0 0 %, local: 0 %
I1126 15:48:22.095041 1019435 Coordinator.h:126] commit: 878091 abort: 4053 (0/4053/0), network size: 0, avg network size: 0, si_in_serializable: 0 0 %, local: 0 %
I1126 15:48:23.095124 1019435 Coordinator.h:126] commit: 877861 abort: 3995 (0/3995/0), network size: 0, avg network size: 0, si_in_serializable: 0 0 %, local: 0 %
I1126 15:48:24.095209 1019435 Coordinator.h:126] commit: 878041 abort: 3959 (0/3959/0), network size: 0, avg network size: 0, si_in_serializable: 0 0 %, local: 0 %
I1126 15:48:25.095294 1019435 Coordinator.h:126] commit: 877010 abort: 3990 (0/3990/0), network size: 0, avg network size: 0, si_in_serializable: 0 0 %, local: 0 %
I1126 15:48:26.095392 1019435 Coordinator.h:126] commit: 876126 abort: 3874 (0/3874/0), network size: 0, avg network size: 0, si_in_serializable: 0 0 %, local: 0 %
I1126 15:48:27.095492 1019435 Coordinator.h:126] commit: 877199 abort: 3801 (0/3801/0), network size: 0, avg network size: 0, si_in_serializable: 0 0 %, local: 0 %
I1126 15:48:28.095587 1019435 Coordinator.h:126] commit: 878932 abort: 4068 (0/4068/0), network size: 0, avg network size: 0, si_in_serializable: 0 0 %, local: 0 %
I1126 15:48:29.095676 1019435 Coordinator.h:126] commit: 875029 abort: 3971 (0/3971/0), network size: 0, avg network size: 0, si_in_serializable: 0 0 %, local: 0 %
I1126 15:48:30.095788 1019435 Coordinator.h:126] commit: 864073 abort: 3927 (0/3927/0), network size: 0, avg network size: 0, si_in_serializable: 0 0 %, local: 0 %
I1126 15:48:31.095886 1019435 Coordinator.h:126] commit: 875085 abort: 3915 (0/3915/0), network size: 0, avg network size: 0, si_in_serializable: 0 0 %, local: 0 %
I1126 15:48:31.095912 1019435 Coordinator.h:152] average commit: 872864 abort: 3936.1 (0/3936.1/0), network size: 0, avg network size: 0, si_in_serializable: 0 0 %, local: 0 %
I1126 15:48:31.096238 1019453 AriaExecutor.h:105] AriaExecutor 2 exits. 
I1126 15:48:31.096241 1019459 AriaExecutor.h:105] AriaExecutor 8 exits. 
I1126 15:48:31.096252 1019456 AriaExecutor.h:105] AriaExecutor 5 exits. 
I1126 15:48:31.096240 1019451 AriaExecutor.h:105] AriaExecutor 0 exits. 
I1126 15:48:31.096241 1019457 AriaExecutor.h:105] AriaExecutor 6 exits. 
I1126 15:48:31.096252 1019458 AriaExecutor.h:105] AriaExecutor 7 exits. 
I1126 15:48:31.096243 1019463 Manager.h:227] Manager(worker id = 12) on the coordinator node exits.
I1126 15:48:31.096254 1019462 AriaExecutor.h:105] AriaExecutor 11 exits. 
I1126 15:48:31.096251 1019452 AriaExecutor.h:105] AriaExecutor 1 exits. 
I1126 15:48:31.096256 1019461 AriaExecutor.h:105] AriaExecutor 10 exits. 
I1126 15:48:31.096239 1019455 AriaExecutor.h:105] AriaExecutor 4 exits. 
I1126 15:48:31.096256 1019460 AriaExecutor.h:105] AriaExecutor 9 exits. 
I1126 15:48:31.096252 1019454 AriaExecutor.h:105] AriaExecutor 3 exits. 
I1126 15:48:31.095920 1019435 AriaExecutor.h:672] Worker 0 latency: 663 us (50%) 876 us (75%) 1047 us (95%) 1083 us (99%).
I1126 15:48:31.174888 1019435 AriaExecutor.h:672] Worker 1 latency: 662 us (50%) 875 us (75%) 1046 us (95%) 1082 us (99%).
I1126 15:48:31.260831 1019435 AriaExecutor.h:672] Worker 2 latency: 664 us (50%) 877 us (75%) 1047 us (95%) 1083 us (99%).
I1126 15:48:31.339025 1019435 AriaExecutor.h:672] Worker 3 latency: 663 us (50%) 876 us (75%) 1046 us (95%) 1082 us (99%).
I1126 15:48:31.424978 1019435 AriaExecutor.h:672] Worker 4 latency: 669 us (50%) 879 us (75%) 1048 us (95%) 1083 us (99%).
I1126 15:48:31.502590 1019435 AriaExecutor.h:672] Worker 5 latency: 667 us (50%) 877 us (75%) 1046 us (95%) 1082 us (99%).
I1126 15:48:31.587690 1019435 AriaExecutor.h:672] Worker 6 latency: 669 us (50%) 879 us (75%) 1048 us (95%) 1083 us (99%).
I1126 15:48:31.664059 1019435 AriaExecutor.h:672] Worker 7 latency: 667 us (50%) 877 us (75%) 1046 us (95%) 1082 us (99%).
I1126 15:48:31.748687 1019435 AriaExecutor.h:672] Worker 8 latency: 665 us (50%) 877 us (75%) 1047 us (95%) 1083 us (99%).
I1126 15:48:31.826258 1019435 AriaExecutor.h:672] Worker 9 latency: 667 us (50%) 877 us (75%) 1046 us (95%) 1082 us (99%).
I1126 15:48:31.910634 1019435 AriaExecutor.h:672] Worker 10 latency: 669 us (50%) 879 us (75%) 1048 us (95%) 1083 us (99%).
I1126 15:48:31.987718 1019435 AriaExecutor.h:672] Worker 11 latency: 667 us (50%) 877 us (75%) 1046 us (95%) 1082 us (99%).
I1126 15:48:32.071655 1019435 Coordinator.h:177] total commit: 872864
I1126 15:48:33.071769 1019435 Coordinator.h:192] Coordinator exits.
