I0911 22:34:13.104002 2936406 Database.h:65] ycsb initialization finished in 184 milliseconds.
I0911 22:34:13.104125 2936406 Coordinator.h:30] Coordinator initializes 16 workers.
I0911 22:34:13.135974 2936406 Coordinator.h:77] Coordinator starts to run 17 workers.
I0911 22:34:13.136029 2936426 AriaExecutor.h:82] AriaExecutor 0 started. 
I0911 22:34:13.136067 2936427 AriaExecutor.h:82] AriaExecutor 1 started. 
I0911 22:34:13.136124 2936428 AriaExecutor.h:82] AriaExecutor 2 started. 
I0911 22:34:13.136173 2936429 AriaExecutor.h:82] AriaExecutor 3 started. 
I0911 22:34:13.136198 2936430 AriaExecutor.h:82] AriaExecutor 4 started. 
I0911 22:34:13.136247 2936431 AriaExecutor.h:82] AriaExecutor 5 started. 
I0911 22:34:13.136276 2936432 AriaExecutor.h:82] AriaExecutor 6 started. 
I0911 22:34:13.136325 2936433 AriaExecutor.h:82] AriaExecutor 7 started. 
I0911 22:34:13.136355 2936434 AriaExecutor.h:82] AriaExecutor 8 started. 
I0911 22:34:13.136412 2936435 AriaExecutor.h:82] AriaExecutor 9 started. 
I0911 22:34:13.136447 2936436 AriaExecutor.h:82] AriaExecutor 10 started. 
I0911 22:34:13.136492 2936437 AriaExecutor.h:82] AriaExecutor 11 started. 
I0911 22:34:13.136528 2936438 AriaExecutor.h:82] AriaExecutor 12 started. 
I0911 22:34:13.136571 2936439 AriaExecutor.h:82] AriaExecutor 13 started. 
I0911 22:34:13.136608 2936440 AriaExecutor.h:82] AriaExecutor 14 started. 
I0911 22:34:13.136662 2936441 AriaExecutor.h:82] AriaExecutor 15 started. 
I0911 22:34:13.136699 2936442 Manager.h:224] Manager(worker id = 16) on the coordinator node started.
I0911 22:34:14.136757 2936406 Coordinator.h:126] commit: 12098 abort: 139454 (0/139454/0), network size: 0, avg network size: 0, si_in_serializable: 0 0 %, local: 0 %
I0911 22:34:15.136880 2936406 Coordinator.h:126] commit: 13089 abort: 150751 (0/150751/0), network size: 0, avg network size: 0, si_in_serializable: 0 0 %, local: 0 %
I0911 22:34:16.136958 2936406 Coordinator.h:126] commit: 12579 abort: 147165 (0/147165/0), network size: 0, avg network size: 0, si_in_serializable: 0 0 %, local: 0 %
I0911 22:34:17.137049 2936406 Coordinator.h:126] commit: 12793 abort: 146951 (0/146951/0), network size: 0, avg network size: 0, si_in_serializable: 0 0 %, local: 0 %
I0911 22:34:18.137162 2936406 Coordinator.h:126] commit: 13204 abort: 150636 (0/150636/0), network size: 0, avg network size: 0, si_in_serializable: 0 0 %, local: 0 %
I0911 22:34:19.137246 2936406 Coordinator.h:126] commit: 13052 abort: 150788 (0/150788/0), network size: 0, avg network size: 0, si_in_serializable: 0 0 %, local: 0 %
I0911 22:34:20.137329 2936406 Coordinator.h:126] commit: 13336 abort: 154600 (0/154600/0), network size: 0, avg network size: 0, si_in_serializable: 0 0 %, local: 0 %
I0911 22:34:21.137411 2936406 Coordinator.h:126] commit: 13137 abort: 150703 (0/150703/0), network size: 0, avg network size: 0, si_in_serializable: 0 0 %, local: 0 %
I0911 22:34:22.137491 2936406 Coordinator.h:126] commit: 13371 abort: 154565 (0/154565/0), network size: 0, avg network size: 0, si_in_serializable: 0 0 %, local: 0 %
I0911 22:34:23.137575 2936406 Coordinator.h:126] commit: 13190 abort: 150650 (0/150650/0), network size: 0, avg network size: 0, si_in_serializable: 0 0 %, local: 0 %
I0911 22:34:24.137656 2936406 Coordinator.h:126] commit: 12506 abort: 147238 (0/147238/0), network size: 0, avg network size: 0, si_in_serializable: 0 0 %, local: 0 %
I0911 22:34:25.137763 2936406 Coordinator.h:126] commit: 13515 abort: 154421 (0/154421/0), network size: 0, avg network size: 0, si_in_serializable: 0 0 %, local: 0 %
I0911 22:34:26.137857 2936406 Coordinator.h:126] commit: 13265 abort: 154671 (0/154671/0), network size: 0, avg network size: 0, si_in_serializable: 0 0 %, local: 0 %
I0911 22:34:27.137936 2936406 Coordinator.h:126] commit: 13093 abort: 150747 (0/150747/0), network size: 0, avg network size: 0, si_in_serializable: 0 0 %, local: 0 %
I0911 22:34:28.138017 2936406 Coordinator.h:126] commit: 13344 abort: 154592 (0/154592/0), network size: 0, avg network size: 0, si_in_serializable: 0 0 %, local: 0 %
I0911 22:34:29.138105 2936406 Coordinator.h:126] commit: 13296 abort: 154640 (0/154640/0), network size: 0, avg network size: 0, si_in_serializable: 0 0 %, local: 0 %
I0911 22:34:30.138198 2936406 Coordinator.h:126] commit: 13169 abort: 150671 (0/150671/0), network size: 0, avg network size: 0, si_in_serializable: 0 0 %, local: 0 %
I0911 22:34:31.138280 2936406 Coordinator.h:126] commit: 13023 abort: 150817 (0/150817/0), network size: 0, avg network size: 0, si_in_serializable: 0 0 %, local: 0 %
I0911 22:34:32.138366 2936406 Coordinator.h:126] commit: 12872 abort: 150968 (0/150968/0), network size: 0, avg network size: 0, si_in_serializable: 0 0 %, local: 0 %
I0911 22:34:33.138453 2936406 Coordinator.h:126] commit: 12939 abort: 150901 (0/150901/0), network size: 0, avg network size: 0, si_in_serializable: 0 0 %, local: 0 %
I0911 22:34:34.138568 2936406 Coordinator.h:126] commit: 13177 abort: 154759 (0/154759/0), network size: 0, avg network size: 0, si_in_serializable: 0 0 %, local: 0 %
I0911 22:34:35.138652 2936406 Coordinator.h:126] commit: 13102 abort: 150738 (0/150738/0), network size: 0, avg network size: 0, si_in_serializable: 0 0 %, local: 0 %
I0911 22:34:36.138741 2936406 Coordinator.h:126] commit: 13328 abort: 154608 (0/154608/0), network size: 0, avg network size: 0, si_in_serializable: 0 0 %, local: 0 %
I0911 22:34:37.138818 2936406 Coordinator.h:126] commit: 13164 abort: 150676 (0/150676/0), network size: 0, avg network size: 0, si_in_serializable: 0 0 %, local: 0 %
I0911 22:34:38.138895 2936406 Coordinator.h:126] commit: 13524 abort: 154412 (0/154412/0), network size: 0, avg network size: 0, si_in_serializable: 0 0 %, local: 0 %
I0911 22:34:38.138908 2936406 Coordinator.h:152] average commit: 13102.2 abort: 151967 (0/151967/0), network size: 0, avg network size: 0, si_in_serializable: 0 0 %, local: 0 %
I0911 22:34:38.138923 2936406 AriaExecutor.h:535] Worker 0 latency: 23821 us (50%) 24061 us (75%) 24461 us (95%) 28247 us (99%).
I0911 22:34:38.153954 2936436 AriaExecutor.h:94] AriaExecutor 10 exits. 
I0911 22:34:38.153975 2936439 AriaExecutor.h:94] AriaExecutor 13 exits. 
I0911 22:34:38.153955 2936432 AriaExecutor.h:94] AriaExecutor 6 exits. 
I0911 22:34:38.153975 2936441 AriaExecutor.h:94] AriaExecutor 15 exits. 
I0911 22:34:38.153957 2936430 AriaExecutor.h:94] AriaExecutor 4 exits. 
I0911 22:34:38.153957 2936426 AriaExecutor.h:94] AriaExecutor 0 exits. 
I0911 22:34:38.153957 2936428 AriaExecutor.h:94] AriaExecutor 2 exits. 
I0911 22:34:38.153954 2936440 AriaExecutor.h:94] AriaExecutor 14 exits. 
I0911 22:34:38.153959 2936438 AriaExecutor.h:94] AriaExecutor 12 exits. 
I0911 22:34:38.153975 2936427 AriaExecutor.h:94] AriaExecutor 1 exits. 
I0911 22:34:38.153975 2936437 AriaExecutor.h:94] AriaExecutor 11 exits. 
I0911 22:34:38.153975 2936429 AriaExecutor.h:94] AriaExecutor 3 exits. 
I0911 22:34:38.153975 2936435 AriaExecutor.h:94] AriaExecutor 9 exits. 
I0911 22:34:38.153975 2936431 AriaExecutor.h:94] AriaExecutor 5 exits. 
I0911 22:34:38.153977 2936433 AriaExecutor.h:94] AriaExecutor 7 exits. 
I0911 22:34:38.153955 2936434 AriaExecutor.h:94] AriaExecutor 8 exits. 
I0911 22:34:38.153955 2936442 Manager.h:227] Manager(worker id = 16) on the coordinator node exits.
I0911 22:34:38.154381 2936406 AriaExecutor.h:535] Worker 1 latency: 23822 us (50%) 24064 us (75%) 24451 us (95%) 28006 us (99%).
I0911 22:34:38.155433 2936406 AriaExecutor.h:535] Worker 2 latency: 23809 us (50%) 24051 us (75%) 24485 us (95%) 28407 us (99%).
I0911 22:34:38.156482 2936406 AriaExecutor.h:535] Worker 3 latency: 23815 us (50%) 24058 us (75%) 24460 us (95%) 28166 us (99%).
I0911 22:34:38.157543 2936406 AriaExecutor.h:535] Worker 4 latency: 23821 us (50%) 24061 us (75%) 24475 us (95%) 28465 us (99%).
I0911 22:34:38.158613 2936406 AriaExecutor.h:535] Worker 5 latency: 23817 us (50%) 24062 us (75%) 24441 us (95%) 28055 us (99%).
I0911 22:34:38.159663 2936406 AriaExecutor.h:535] Worker 6 latency: 23805 us (50%) 24047 us (75%) 24451 us (95%) 28437 us (99%).
I0911 22:34:38.160707 2936406 AriaExecutor.h:535] Worker 7 latency: 23815 us (50%) 24058 us (75%) 24469 us (95%) 28457 us (99%).
I0911 22:34:38.161767 2936406 AriaExecutor.h:535] Worker 8 latency: 23815 us (50%) 24057 us (75%) 24500 us (95%) 28538 us (99%).
I0911 22:34:38.162792 2936406 AriaExecutor.h:535] Worker 9 latency: 23811 us (50%) 24060 us (75%) 24469 us (95%) 28495 us (99%).
I0911 22:34:38.163818 2936406 AriaExecutor.h:535] Worker 10 latency: 23808 us (50%) 24049 us (75%) 24466 us (95%) 28432 us (99%).
I0911 22:34:38.164844 2936406 AriaExecutor.h:535] Worker 11 latency: 23811 us (50%) 24053 us (75%) 24466 us (95%) 28002 us (99%).
I0911 22:34:38.165874 2936406 AriaExecutor.h:535] Worker 12 latency: 23804 us (50%) 24043 us (75%) 24455 us (95%) 28335 us (99%).
I0911 22:34:38.166894 2936406 AriaExecutor.h:535] Worker 13 latency: 23818 us (50%) 24065 us (75%) 24467 us (95%) 28516 us (99%).
I0911 22:34:38.167896 2936406 AriaExecutor.h:535] Worker 14 latency: 23798 us (50%) 24039 us (75%) 24470 us (95%) 28693 us (99%).
I0911 22:34:38.168900 2936406 AriaExecutor.h:535] Worker 15 latency: 23813 us (50%) 24052 us (75%) 24437 us (95%) 28213 us (99%).
I0911 22:34:38.169935 2936406 Coordinator.h:177] total commit: 13102.2
I0911 22:34:39.170042 2936406 Coordinator.h:192] Coordinator exits.
