I1126 15:42:47.536947 1015807 Database.h:65] ycsb initialization finished in 30 milliseconds.
I1126 15:42:47.537043 1015807 Coordinator.h:30] Coordinator initializes 12 workers.
I1126 15:42:47.537950 1015807 Coordinator.h:77] Coordinator starts to run 13 workers.
I1126 15:42:47.537997 1015823 AriaExecutor.h:95] AriaExecutor 0 started. 
I1126 15:42:47.538034 1015824 AriaExecutor.h:95] AriaExecutor 1 started. 
I1126 15:42:47.538072 1015825 AriaExecutor.h:95] AriaExecutor 2 started. 
I1126 15:42:47.538123 1015826 AriaExecutor.h:95] AriaExecutor 3 started. 
I1126 15:42:47.538168 1015827 AriaExecutor.h:95] AriaExecutor 4 started. 
I1126 15:42:47.538223 1015828 AriaExecutor.h:95] AriaExecutor 5 started. 
I1126 15:42:47.538267 1015829 AriaExecutor.h:95] AriaExecutor 6 started. 
I1126 15:42:47.538326 1015830 AriaExecutor.h:95] AriaExecutor 7 started. 
I1126 15:42:47.538388 1015831 AriaExecutor.h:95] AriaExecutor 8 started. 
I1126 15:42:47.538439 1015832 AriaExecutor.h:95] AriaExecutor 9 started. 
I1126 15:42:47.538492 1015833 AriaExecutor.h:95] AriaExecutor 10 started. 
I1126 15:42:47.538551 1015834 AriaExecutor.h:95] AriaExecutor 11 started. 
I1126 15:42:47.538594 1015835 Manager.h:224] Manager(worker id = 12) on the coordinator node started.
I1126 15:42:48.538655 1015807 Coordinator.h:126] commit: 292287 abort: 1083713 (0/1083713/0), network size: 0, avg network size: 0, si_in_serializable: 0 0 %, local: 0 %
I1126 15:42:49.538774 1015807 Coordinator.h:126] commit: 288708 abort: 1067292 (0/1067292/0), network size: 0, avg network size: 0, si_in_serializable: 0 0 %, local: 0 %
I1126 15:42:50.538900 1015807 Coordinator.h:126] commit: 291801 abort: 1082199 (0/1082199/0), network size: 0, avg network size: 0, si_in_serializable: 0 0 %, local: 0 %
I1126 15:42:51.539005 1015807 Coordinator.h:126] commit: 295451 abort: 1092549 (0/1092549/0), network size: 0, avg network size: 0, si_in_serializable: 0 0 %, local: 0 %
I1126 15:42:52.539108 1015807 Coordinator.h:126] commit: 295090 abort: 1090910 (0/1090910/0), network size: 0, avg network size: 0, si_in_serializable: 0 0 %, local: 0 %
I1126 15:42:53.539206 1015807 Coordinator.h:126] commit: 286740 abort: 1062260 (0/1062260/0), network size: 0, avg network size: 0, si_in_serializable: 0 0 %, local: 0 %
I1126 15:42:54.539305 1015807 Coordinator.h:126] commit: 292429 abort: 1086571 (0/1086571/0), network size: 0, avg network size: 0, si_in_serializable: 0 0 %, local: 0 %
I1126 15:42:55.539427 1015807 Coordinator.h:126] commit: 293051 abort: 1087949 (0/1087949/0), network size: 0, avg network size: 0, si_in_serializable: 0 0 %, local: 0 %
I1126 15:42:56.539526 1015807 Coordinator.h:126] commit: 294909 abort: 1088091 (0/1088091/0), network size: 0, avg network size: 0, si_in_serializable: 0 0 %, local: 0 %
I1126 15:42:57.539620 1015807 Coordinator.h:126] commit: 293740 abort: 1091260 (0/1091260/0), network size: 0, avg network size: 0, si_in_serializable: 0 0 %, local: 0 %
I1126 15:42:58.539717 1015807 Coordinator.h:126] commit: 286011 abort: 1057989 (0/1057989/0), network size: 0, avg network size: 0, si_in_serializable: 0 0 %, local: 0 %
I1126 15:42:59.539810 1015807 Coordinator.h:126] commit: 294959 abort: 1092041 (0/1092041/0), network size: 0, avg network size: 0, si_in_serializable: 0 0 %, local: 0 %
I1126 15:43:00.539903 1015807 Coordinator.h:126] commit: 295292 abort: 1092708 (0/1092708/0), network size: 0, avg network size: 0, si_in_serializable: 0 0 %, local: 0 %
I1126 15:43:01.540014 1015807 Coordinator.h:126] commit: 294388 abort: 1091612 (0/1091612/0), network size: 0, avg network size: 0, si_in_serializable: 0 0 %, local: 0 %
I1126 15:43:02.540130 1015807 Coordinator.h:126] commit: 293613 abort: 1090387 (0/1090387/0), network size: 0, avg network size: 0, si_in_serializable: 0 0 %, local: 0 %
I1126 15:43:03.540231 1015807 Coordinator.h:126] commit: 291027 abort: 1076973 (0/1076973/0), network size: 0, avg network size: 0, si_in_serializable: 0 0 %, local: 0 %
I1126 15:43:04.540323 1015807 Coordinator.h:126] commit: 296104 abort: 1092896 (0/1092896/0), network size: 0, avg network size: 0, si_in_serializable: 0 0 %, local: 0 %
I1126 15:43:05.540422 1015807 Coordinator.h:126] commit: 295340 abort: 1091660 (0/1091660/0), network size: 0, avg network size: 0, si_in_serializable: 0 0 %, local: 0 %
I1126 15:43:06.540519 1015807 Coordinator.h:126] commit: 295704 abort: 1094296 (0/1094296/0), network size: 0, avg network size: 0, si_in_serializable: 0 0 %, local: 0 %
I1126 15:43:07.540616 1015807 Coordinator.h:126] commit: 296274 abort: 1093726 (0/1093726/0), network size: 0, avg network size: 0, si_in_serializable: 0 0 %, local: 0 %
I1126 15:43:08.540709 1015807 Coordinator.h:126] commit: 293809 abort: 1087191 (0/1087191/0), network size: 0, avg network size: 0, si_in_serializable: 0 0 %, local: 0 %
I1126 15:43:09.540804 1015807 Coordinator.h:126] commit: 285191 abort: 1057809 (0/1057809/0), network size: 0, avg network size: 0, si_in_serializable: 0 0 %, local: 0 %
I1126 15:43:10.540902 1015807 Coordinator.h:126] commit: 295497 abort: 1092503 (0/1092503/0), network size: 0, avg network size: 0, si_in_serializable: 0 0 %, local: 0 %
I1126 15:43:11.541020 1015807 Coordinator.h:126] commit: 293453 abort: 1089547 (0/1089547/0), network size: 0, avg network size: 0, si_in_serializable: 0 0 %, local: 0 %
I1126 15:43:12.541124 1015807 Coordinator.h:126] commit: 296256 abort: 1097744 (0/1097744/0), network size: 0, avg network size: 0, si_in_serializable: 0 0 %, local: 0 %
I1126 15:43:12.541148 1015807 Coordinator.h:152] average commit: 293871 abort: 1.08743e+06 (0/1.08743e+06/0), network size: 0, avg network size: 0, si_in_serializable: 0 0 %, local: 0 %
I1126 15:43:12.541836 1015835 Manager.h:227] Manager(worker id = 12) on the coordinator node exits.
I1126 15:43:12.541841 1015831 AriaExecutor.h:107] AriaExecutor 8 exits. 
I1126 15:43:12.541850 1015826 AriaExecutor.h:107] AriaExecutor 3 exits. 
I1126 15:43:12.541851 1015832 AriaExecutor.h:107] AriaExecutor 9 exits. 
I1126 15:43:12.541857 1015823 AriaExecutor.h:107] AriaExecutor 0 exits. 
I1126 15:43:12.541853 1015824 AriaExecutor.h:107] AriaExecutor 1 exits. 
I1126 15:43:12.541852 1015828 AriaExecutor.h:107] AriaExecutor 5 exits. 
I1126 15:43:12.541852 1015834 AriaExecutor.h:107] AriaExecutor 11 exits. 
I1126 15:43:12.541857 1015833 AriaExecutor.h:107] AriaExecutor 10 exits. 
I1126 15:43:12.541857 1015825 AriaExecutor.h:107] AriaExecutor 2 exits. 
I1126 15:43:12.541837 1015827 AriaExecutor.h:107] AriaExecutor 4 exits. 
I1126 15:43:12.541869 1015830 AriaExecutor.h:107] AriaExecutor 7 exits. 
I1126 15:43:12.541841 1015829 AriaExecutor.h:107] AriaExecutor 6 exits. 
I1126 15:43:12.541160 1015807 AriaExecutor.h:705] Worker 0 latency: 606 us (50%) 659 us (75%) 687 us (95%) 701 us (99%).
I1126 15:43:12.567104 1015807 AriaExecutor.h:705] Worker 1 latency: 605 us (50%) 658 us (75%) 686 us (95%) 701 us (99%).
I1126 15:43:12.593143 1015807 AriaExecutor.h:705] Worker 2 latency: 605 us (50%) 657 us (75%) 686 us (95%) 701 us (99%).
I1126 15:43:12.619208 1015807 AriaExecutor.h:705] Worker 3 latency: 605 us (50%) 657 us (75%) 686 us (95%) 700 us (99%).
I1126 15:43:12.644927 1015807 AriaExecutor.h:705] Worker 4 latency: 604 us (50%) 656 us (75%) 686 us (95%) 700 us (99%).
I1126 15:43:12.670586 1015807 AriaExecutor.h:705] Worker 5 latency: 603 us (50%) 655 us (75%) 685 us (95%) 700 us (99%).
I1126 15:43:12.695961 1015807 AriaExecutor.h:705] Worker 6 latency: 605 us (50%) 655 us (75%) 685 us (95%) 700 us (99%).
I1126 15:43:12.720968 1015807 AriaExecutor.h:705] Worker 7 latency: 604 us (50%) 654 us (75%) 685 us (95%) 699 us (99%).
I1126 15:43:12.746050 1015807 AriaExecutor.h:705] Worker 8 latency: 605 us (50%) 655 us (75%) 685 us (95%) 700 us (99%).
I1126 15:43:12.770746 1015807 AriaExecutor.h:705] Worker 9 latency: 604 us (50%) 654 us (75%) 685 us (95%) 699 us (99%).
I1126 15:43:12.795846 1015807 AriaExecutor.h:705] Worker 10 latency: 604 us (50%) 654 us (75%) 685 us (95%) 700 us (99%).
I1126 15:43:12.820677 1015807 AriaExecutor.h:705] Worker 11 latency: 604 us (50%) 654 us (75%) 685 us (95%) 699 us (99%).
I1126 15:43:12.845351 1015807 Coordinator.h:177] total commit: 293871
I1126 15:43:13.845461 1015807 Coordinator.h:192] Coordinator exits.
