I0911 22:01:47.982264 2930283 Database.h:65] ycsb initialization finished in 146 milliseconds.
I0911 22:01:47.982375 2930283 Coordinator.h:30] Coordinator initializes 16 workers.
I0911 22:01:48.103123 2930283 Coordinator.h:77] Coordinator starts to run 17 workers.
I0911 22:01:48.103186 2930303 AriaExecutor.h:82] AriaExecutor 0 started. 
I0911 22:01:48.103228 2930304 AriaExecutor.h:82] AriaExecutor 1 started. 
I0911 22:01:48.103272 2930305 AriaExecutor.h:82] AriaExecutor 2 started. 
I0911 22:01:48.103319 2930306 AriaExecutor.h:82] AriaExecutor 3 started. 
I0911 22:01:48.103349 2930307 AriaExecutor.h:82] AriaExecutor 4 started. 
I0911 22:01:48.103389 2930308 AriaExecutor.h:82] AriaExecutor 5 started. 
I0911 22:01:48.103426 2930309 AriaExecutor.h:82] AriaExecutor 6 started. 
I0911 22:01:48.103477 2930310 AriaExecutor.h:82] AriaExecutor 7 started. 
I0911 22:01:48.103513 2930311 AriaExecutor.h:82] AriaExecutor 8 started. 
I0911 22:01:48.103554 2930312 AriaExecutor.h:82] AriaExecutor 9 started. 
I0911 22:01:48.103590 2930313 AriaExecutor.h:82] AriaExecutor 10 started. 
I0911 22:01:48.103627 2930314 AriaExecutor.h:82] AriaExecutor 11 started. 
I0911 22:01:48.103663 2930315 AriaExecutor.h:82] AriaExecutor 12 started. 
I0911 22:01:48.103713 2930316 AriaExecutor.h:82] AriaExecutor 13 started. 
I0911 22:01:48.103746 2930317 AriaExecutor.h:82] AriaExecutor 14 started. 
I0911 22:01:48.103787 2930318 AriaExecutor.h:82] AriaExecutor 15 started. 
I0911 22:01:48.103830 2930319 Manager.h:224] Manager(worker id = 16) on the coordinator node started.
I0911 22:01:49.103889 2930283 Coordinator.h:126] commit: 25897 abort: 150103 (0/150103/0), network size: 0, avg network size: 0, si_in_serializable: 0 0 %, local: 0 %
I0911 22:01:50.104041 2930283 Coordinator.h:126] commit: 25891 abort: 150109 (0/150109/0), network size: 0, avg network size: 0, si_in_serializable: 0 0 %, local: 0 %
I0911 22:01:51.104127 2930283 Coordinator.h:126] commit: 28528 abort: 163472 (0/163472/0), network size: 0, avg network size: 0, si_in_serializable: 0 0 %, local: 0 %
I0911 22:01:52.104210 2930283 Coordinator.h:126] commit: 28246 abort: 163754 (0/163754/0), network size: 0, avg network size: 0, si_in_serializable: 0 0 %, local: 0 %
I0911 22:01:53.104301 2930283 Coordinator.h:126] commit: 28326 abort: 163674 (0/163674/0), network size: 0, avg network size: 0, si_in_serializable: 0 0 %, local: 0 %
I0911 22:01:54.104454 2930283 Coordinator.h:126] commit: 30594 abort: 177406 (0/177406/0), network size: 0, avg network size: 0, si_in_serializable: 0 0 %, local: 0 %
I0911 22:01:55.104557 2930283 Coordinator.h:126] commit: 28284 abort: 163716 (0/163716/0), network size: 0, avg network size: 0, si_in_serializable: 0 0 %, local: 0 %
I0911 22:01:56.104656 2930283 Coordinator.h:126] commit: 30377 abort: 177623 (0/177623/0), network size: 0, avg network size: 0, si_in_serializable: 0 0 %, local: 0 %
I0911 22:01:57.104758 2930283 Coordinator.h:126] commit: 30621 abort: 177379 (0/177379/0), network size: 0, avg network size: 0, si_in_serializable: 0 0 %, local: 0 %
I0911 22:01:58.104848 2930283 Coordinator.h:126] commit: 28249 abort: 163751 (0/163751/0), network size: 0, avg network size: 0, si_in_serializable: 0 0 %, local: 0 %
I0911 22:01:59.104944 2930283 Coordinator.h:126] commit: 30735 abort: 177265 (0/177265/0), network size: 0, avg network size: 0, si_in_serializable: 0 0 %, local: 0 %
I0911 22:02:00.105046 2930283 Coordinator.h:126] commit: 30621 abort: 177379 (0/177379/0), network size: 0, avg network size: 0, si_in_serializable: 0 0 %, local: 0 %
I0911 22:02:01.105145 2930283 Coordinator.h:126] commit: 30284 abort: 166726 (0/166726/0), network size: 0, avg network size: 0, si_in_serializable: 0 0 %, local: 0 %
I0911 22:02:02.105288 2930283 Coordinator.h:126] commit: 28589 abort: 174401 (0/174401/0), network size: 0, avg network size: 0, si_in_serializable: 0 0 %, local: 0 %
I0911 22:02:03.105393 2930283 Coordinator.h:126] commit: 30430 abort: 177570 (0/177570/0), network size: 0, avg network size: 0, si_in_serializable: 0 0 %, local: 0 %
I0911 22:02:04.105479 2930283 Coordinator.h:126] commit: 32868 abort: 191132 (0/191132/0), network size: 0, avg network size: 0, si_in_serializable: 0 0 %, local: 0 %
I0911 22:02:05.105561 2930283 Coordinator.h:126] commit: 30612 abort: 177388 (0/177388/0), network size: 0, avg network size: 0, si_in_serializable: 0 0 %, local: 0 %
I0911 22:02:06.105647 2930283 Coordinator.h:126] commit: 30626 abort: 177374 (0/177374/0), network size: 0, avg network size: 0, si_in_serializable: 0 0 %, local: 0 %
I0911 22:02:07.105732 2930283 Coordinator.h:126] commit: 30501 abort: 177499 (0/177499/0), network size: 0, avg network size: 0, si_in_serializable: 0 0 %, local: 0 %
I0911 22:02:08.105823 2930283 Coordinator.h:126] commit: 30562 abort: 177438 (0/177438/0), network size: 0, avg network size: 0, si_in_serializable: 0 0 %, local: 0 %
I0911 22:02:09.105907 2930283 Coordinator.h:126] commit: 30711 abort: 177289 (0/177289/0), network size: 0, avg network size: 0, si_in_serializable: 0 0 %, local: 0 %
I0911 22:02:10.105993 2930283 Coordinator.h:126] commit: 30486 abort: 177514 (0/177514/0), network size: 0, avg network size: 0, si_in_serializable: 0 0 %, local: 0 %
I0911 22:02:11.106079 2930283 Coordinator.h:126] commit: 30561 abort: 177439 (0/177439/0), network size: 0, avg network size: 0, si_in_serializable: 0 0 %, local: 0 %
I0911 22:02:12.106168 2930283 Coordinator.h:126] commit: 30574 abort: 177426 (0/177426/0), network size: 0, avg network size: 0, si_in_serializable: 0 0 %, local: 0 %
I0911 22:02:13.106259 2930283 Coordinator.h:126] commit: 30545 abort: 177455 (0/177455/0), network size: 0, avg network size: 0, si_in_serializable: 0 0 %, local: 0 %
I0911 22:02:13.106279 2930283 Coordinator.h:152] average commit: 30582.8 abort: 177417 (0/177417/0), network size: 0, avg network size: 0, si_in_serializable: 0 0 %, local: 0 %
I0911 22:02:13.106294 2930283 AriaExecutor.h:535] Worker 0 latency: 73001 us (50%) 74937 us (75%) 82072 us (95%) 95944 us (99%).
I0911 22:02:13.149329 2930305 AriaExecutor.h:94] AriaExecutor 2 exits. 
I0911 22:02:13.149330 2930315 AriaExecutor.h:94] AriaExecutor 12 exits. 
I0911 22:02:13.149344 2930314 AriaExecutor.h:94] AriaExecutor 11 exits. 
I0911 22:02:13.149334 2930317 AriaExecutor.h:94] AriaExecutor 14 exits. 
I0911 22:02:13.149362 2930311 AriaExecutor.h:94] AriaExecutor 8 exits. 
I0911 22:02:13.149333 2930303 AriaExecutor.h:94] AriaExecutor 0 exits. 
I0911 22:02:13.149335 2930319 Manager.h:227] Manager(worker id = 16) on the coordinator node exits.
I0911 22:02:13.149367 2930316 AriaExecutor.h:94] AriaExecutor 13 exits. 
I0911 22:02:13.149334 2930309 AriaExecutor.h:94] AriaExecutor 6 exits. 
I0911 22:02:13.149345 2930312 AriaExecutor.h:94] AriaExecutor 9 exits. 
I0911 22:02:13.149345 2930306 AriaExecutor.h:94] AriaExecutor 3 exits. 
I0911 22:02:13.149348 2930318 AriaExecutor.h:94] AriaExecutor 15 exits. 
I0911 22:02:13.149344 2930310 AriaExecutor.h:94] AriaExecutor 7 exits. 
I0911 22:02:13.149333 2930313 AriaExecutor.h:94] AriaExecutor 10 exits. 
I0911 22:02:13.149330 2930307 AriaExecutor.h:94] AriaExecutor 4 exits. 
I0911 22:02:13.149344 2930308 AriaExecutor.h:94] AriaExecutor 5 exits. 
I0911 22:02:13.149371 2930304 AriaExecutor.h:94] AriaExecutor 1 exits. 
I0911 22:02:13.149581 2930283 AriaExecutor.h:535] Worker 1 latency: 72966 us (50%) 74901 us (75%) 82056 us (95%) 97262 us (99%).
I0911 22:02:13.152338 2930283 AriaExecutor.h:535] Worker 2 latency: 73025 us (50%) 74922 us (75%) 82127 us (95%) 97082 us (99%).
I0911 22:02:13.154757 2930283 AriaExecutor.h:535] Worker 3 latency: 72973 us (50%) 74891 us (75%) 81863 us (95%) 97006 us (99%).
I0911 22:02:13.157356 2930283 AriaExecutor.h:535] Worker 4 latency: 72993 us (50%) 74919 us (75%) 81940 us (95%) 95962 us (99%).
I0911 22:02:13.159754 2930283 AriaExecutor.h:535] Worker 5 latency: 72943 us (50%) 74898 us (75%) 81943 us (95%) 96002 us (99%).
I0911 22:02:13.162423 2930283 AriaExecutor.h:535] Worker 6 latency: 73016 us (50%) 74923 us (75%) 81987 us (95%) 96815 us (99%).
I0911 22:02:13.164767 2930283 AriaExecutor.h:535] Worker 7 latency: 72925 us (50%) 74853 us (75%) 81911 us (95%) 96435 us (99%).
I0911 22:02:13.167373 2930283 AriaExecutor.h:535] Worker 8 latency: 73014 us (50%) 74941 us (75%) 81999 us (95%) 94398 us (99%).
I0911 22:02:13.169804 2930283 AriaExecutor.h:535] Worker 9 latency: 72943 us (50%) 74872 us (75%) 81778 us (95%) 96441 us (99%).
I0911 22:02:13.172399 2930283 AriaExecutor.h:535] Worker 10 latency: 72987 us (50%) 74903 us (75%) 81981 us (95%) 96202 us (99%).
I0911 22:02:13.174813 2930283 AriaExecutor.h:535] Worker 11 latency: 72950 us (50%) 74861 us (75%) 81843 us (95%) 97128 us (99%).
I0911 22:02:13.177389 2930283 AriaExecutor.h:535] Worker 12 latency: 72982 us (50%) 74904 us (75%) 82010 us (95%) 96274 us (99%).
I0911 22:02:13.179788 2930283 AriaExecutor.h:535] Worker 13 latency: 72952 us (50%) 74886 us (75%) 81840 us (95%) 96736 us (99%).
I0911 22:02:13.182415 2930283 AriaExecutor.h:535] Worker 14 latency: 72995 us (50%) 74898 us (75%) 81932 us (95%) 95321 us (99%).
I0911 22:02:13.184840 2930283 AriaExecutor.h:535] Worker 15 latency: 72936 us (50%) 74861 us (75%) 81879 us (95%) 96049 us (99%).
I0911 22:02:13.187407 2930283 Coordinator.h:177] total commit: 30582.8
I0911 22:02:14.187527 2930283 Coordinator.h:192] Coordinator exits.
