I1126 18:20:02.423578 1075640 Database.h:65] ycsb initialization finished in 30 milliseconds.
I1126 18:20:02.423682 1075640 Coordinator.h:30] Coordinator initializes 12 workers.
I1126 18:20:02.430624 1075640 Coordinator.h:77] Coordinator starts to run 13 workers.
I1126 18:20:02.430678 1075656 AriaExecutor.h:91] AriaExecutor 0 started. 
I1126 18:20:02.430711 1075657 AriaExecutor.h:91] AriaExecutor 1 started. 
I1126 18:20:02.430744 1075658 AriaExecutor.h:91] AriaExecutor 2 started. 
I1126 18:20:02.430792 1075659 AriaExecutor.h:91] AriaExecutor 3 started. 
I1126 18:20:02.430876 1075661 AriaExecutor.h:91] AriaExecutor 5 started. 
I1126 18:20:02.430917 1075662 AriaExecutor.h:91] AriaExecutor 6 started. 
I1126 18:20:02.430953 1075663 AriaExecutor.h:91] AriaExecutor 7 started. 
I1126 18:20:02.430995 1075664 AriaExecutor.h:91] AriaExecutor 8 started. 
I1126 18:20:02.431035 1075665 AriaExecutor.h:91] AriaExecutor 9 started. 
I1126 18:20:02.431070 1075666 AriaExecutor.h:91] AriaExecutor 10 started. 
I1126 18:20:02.431118 1075667 AriaExecutor.h:91] AriaExecutor 11 started. 
I1126 18:20:02.431146 1075660 AriaExecutor.h:91] AriaExecutor 4 started. 
I1126 18:20:02.431150 1075668 Manager.h:224] Manager(worker id = 12) on the coordinator node started.
I1126 18:20:03.431218 1075640 Coordinator.h:126] commit: 1017935 abort: 1112065 (0/1112065/0), network size: 0, avg network size: 0, si_in_serializable: 0 0 %, local: 0 %
I1126 18:20:04.431337 1075640 Coordinator.h:126] commit: 1014713 abort: 1105287 (0/1105287/0), network size: 0, avg network size: 0, si_in_serializable: 0 0 %, local: 0 %
I1126 18:20:05.431476 1075640 Coordinator.h:126] commit: 1028550 abort: 1121450 (0/1121450/0), network size: 0, avg network size: 0, si_in_serializable: 0 0 %, local: 0 %
I1126 18:20:06.431594 1075640 Coordinator.h:126] commit: 1023779 abort: 1116221 (0/1116221/0), network size: 0, avg network size: 0, si_in_serializable: 0 0 %, local: 0 %
I1126 18:20:07.431704 1075640 Coordinator.h:126] commit: 1036790 abort: 1133210 (0/1133210/0), network size: 0, avg network size: 0, si_in_serializable: 0 0 %, local: 0 %
I1126 18:20:08.431815 1075640 Coordinator.h:126] commit: 1022642 abort: 1117358 (0/1117358/0), network size: 0, avg network size: 0, si_in_serializable: 0 0 %, local: 0 %
I1126 18:20:09.431941 1075640 Coordinator.h:126] commit: 1009707 abort: 1100293 (0/1100293/0), network size: 0, avg network size: 0, si_in_serializable: 0 0 %, local: 0 %
I1126 18:20:10.432032 1075640 Coordinator.h:126] commit: 1031769 abort: 1128231 (0/1128231/0), network size: 0, avg network size: 0, si_in_serializable: 0 0 %, local: 0 %
I1126 18:20:11.432132 1075640 Coordinator.h:126] commit: 1032627 abort: 1127373 (0/1127373/0), network size: 0, avg network size: 0, si_in_serializable: 0 0 %, local: 0 %
I1126 18:20:12.432214 1075640 Coordinator.h:126] commit: 1032419 abort: 1127581 (0/1127581/0), network size: 0, avg network size: 0, si_in_serializable: 0 0 %, local: 0 %
I1126 18:20:13.432310 1075640 Coordinator.h:126] commit: 1037274 abort: 1132726 (0/1132726/0), network size: 0, avg network size: 0, si_in_serializable: 0 0 %, local: 0 %
I1126 18:20:14.432390 1075640 Coordinator.h:126] commit: 1033425 abort: 1126575 (0/1126575/0), network size: 0, avg network size: 0, si_in_serializable: 0 0 %, local: 0 %
I1126 18:20:15.432475 1075640 Coordinator.h:126] commit: 999758 abort: 1090242 (0/1090242/0), network size: 0, avg network size: 0, si_in_serializable: 0 0 %, local: 0 %
I1126 18:20:16.432552 1075640 Coordinator.h:126] commit: 1038406 abort: 1131518 (0/1131518/0), network size: 0, avg network size: 0, si_in_serializable: 0 0 %, local: 0 %
I1126 18:20:17.432632 1075640 Coordinator.h:126] commit: 1035025 abort: 1125051 (0/1125051/0), network size: 0, avg network size: 0, si_in_serializable: 0 0 %, local: 0 %
I1126 18:20:18.432722 1075640 Coordinator.h:126] commit: 1033595 abort: 1126405 (0/1126405/0), network size: 0, avg network size: 0, si_in_serializable: 0 0 %, local: 0 %
I1126 18:20:19.432804 1075640 Coordinator.h:126] commit: 1028477 abort: 1121523 (0/1121523/0), network size: 0, avg network size: 0, si_in_serializable: 0 0 %, local: 0 %
I1126 18:20:20.432880 1075640 Coordinator.h:126] commit: 1034207 abort: 1125793 (0/1125793/0), network size: 0, avg network size: 0, si_in_serializable: 0 0 %, local: 0 %
I1126 18:20:21.432956 1075640 Coordinator.h:126] commit: 1033689 abort: 1126311 (0/1126311/0), network size: 0, avg network size: 0, si_in_serializable: 0 0 %, local: 0 %
I1126 18:20:22.433043 1075640 Coordinator.h:126] commit: 1031884 abort: 1128116 (0/1128116/0), network size: 0, avg network size: 0, si_in_serializable: 0 0 %, local: 0 %
I1126 18:20:23.433164 1075640 Coordinator.h:126] commit: 1017127 abort: 1112873 (0/1112873/0), network size: 0, avg network size: 0, si_in_serializable: 0 0 %, local: 0 %
I1126 18:20:24.433262 1075640 Coordinator.h:126] commit: 1033579 abort: 1126421 (0/1126421/0), network size: 0, avg network size: 0, si_in_serializable: 0 0 %, local: 0 %
I1126 18:20:25.433344 1075640 Coordinator.h:126] commit: 1028140 abort: 1121860 (0/1121860/0), network size: 0, avg network size: 0, si_in_serializable: 0 0 %, local: 0 %
I1126 18:20:26.433429 1075640 Coordinator.h:126] commit: 1032344 abort: 1127656 (0/1127656/0), network size: 0, avg network size: 0, si_in_serializable: 0 0 %, local: 0 %
I1126 18:20:27.433512 1075640 Coordinator.h:126] commit: 923016 abort: 1006984 (0/1006984/0), network size: 0, avg network size: 0, si_in_serializable: 0 0 %, local: 0 %
I1126 18:20:27.433542 1075640 Coordinator.h:152] average commit: 1.03057e+06 abort: 1.12343e+06 (0/1.12343e+06/0), network size: 0, avg network size: 0, si_in_serializable: 0 0 %, local: 0 %
I1126 18:20:27.438192 1075658 AriaExecutor.h:103] AriaExecutor 2 exits. 
I1126 18:20:27.438197 1075668 Manager.h:227] Manager(worker id = 12) on the coordinator node exits.
I1126 18:20:27.438194 1075666 AriaExecutor.h:103] AriaExecutor 10 exits. 
I1126 18:20:27.438196 1075660 AriaExecutor.h:103] AriaExecutor 4 exits. 
I1126 18:20:27.438194 1075656 AriaExecutor.h:103] AriaExecutor 0 exits. 
I1126 18:20:27.438206 1075663 AriaExecutor.h:103] AriaExecutor 7 exits. 
I1126 18:20:27.438207 1075665 AriaExecutor.h:103] AriaExecutor 9 exits. 
I1126 18:20:27.438207 1075657 AriaExecutor.h:103] AriaExecutor 1 exits. 
I1126 18:20:27.438207 1075661 AriaExecutor.h:103] AriaExecutor 5 exits. 
I1126 18:20:27.438206 1075667 AriaExecutor.h:103] AriaExecutor 11 exits. 
I1126 18:20:27.438194 1075662 AriaExecutor.h:103] AriaExecutor 6 exits. 
I1126 18:20:27.438207 1075659 AriaExecutor.h:103] AriaExecutor 3 exits. 
I1126 18:20:27.438195 1075664 AriaExecutor.h:103] AriaExecutor 8 exits. 
I1126 18:20:27.433557 1075640 AriaExecutor.h:621] Worker 0 latency: 3481 us (50%) 3960 us (75%) 4278 us (95%) 4373 us (99%).
I1126 18:20:27.518787 1075640 AriaExecutor.h:621] Worker 1 latency: 3480 us (50%) 3958 us (75%) 4276 us (95%) 4369 us (99%).
I1126 18:20:27.606832 1075640 AriaExecutor.h:621] Worker 2 latency: 3497 us (50%) 3967 us (75%) 4278 us (95%) 4371 us (99%).
I1126 18:20:27.692206 1075640 AriaExecutor.h:621] Worker 3 latency: 3482 us (50%) 3959 us (75%) 4275 us (95%) 4369 us (99%).
I1126 18:20:27.778774 1075640 AriaExecutor.h:621] Worker 4 latency: 3487 us (50%) 3963 us (75%) 4277 us (95%) 4371 us (99%).
I1126 18:20:27.865674 1075640 AriaExecutor.h:621] Worker 5 latency: 3485 us (50%) 3961 us (75%) 4276 us (95%) 4369 us (99%).
I1126 18:20:27.950739 1075640 AriaExecutor.h:621] Worker 6 latency: 3501 us (50%) 3969 us (75%) 4278 us (95%) 4371 us (99%).
I1126 18:20:28.037477 1075640 AriaExecutor.h:621] Worker 7 latency: 3485 us (50%) 3961 us (75%) 4275 us (95%) 4369 us (99%).
I1126 18:20:28.123855 1075640 AriaExecutor.h:621] Worker 8 latency: 3486 us (50%) 3962 us (75%) 4277 us (95%) 4370 us (99%).
I1126 18:20:28.208840 1075640 AriaExecutor.h:621] Worker 9 latency: 3483 us (50%) 3959 us (75%) 4275 us (95%) 4368 us (99%).
I1126 18:20:28.294822 1075640 AriaExecutor.h:621] Worker 10 latency: 3495 us (50%) 3967 us (75%) 4278 us (95%) 4372 us (99%).
I1126 18:20:28.380359 1075640 AriaExecutor.h:621] Worker 11 latency: 3479 us (50%) 3957 us (75%) 4274 us (95%) 4368 us (99%).
I1126 18:20:28.466475 1075640 Coordinator.h:177] total commit: 1.03057e+06
I1126 18:20:29.466596 1075640 Coordinator.h:192] Coordinator exits.
