I1126 15:15:57.027812 998398 Database.h:65] ycsb initialization finished in 30 milliseconds.
I1126 15:15:57.027930 998398 Coordinator.h:30] Coordinator initializes 12 workers.
I1126 15:15:57.034744 998398 Coordinator.h:77] Coordinator starts to run 13 workers.
I1126 15:15:57.034835 998415 AriaExecutor.h:95] AriaExecutor 1 started. 
I1126 15:15:57.034891 998416 AriaExecutor.h:95] AriaExecutor 2 started. 
I1126 15:15:57.034936 998417 AriaExecutor.h:95] AriaExecutor 3 started. 
I1126 15:15:57.034974 998418 AriaExecutor.h:95] AriaExecutor 4 started. 
I1126 15:15:57.035023 998419 AriaExecutor.h:95] AriaExecutor 5 started. 
I1126 15:15:57.035077 998420 AriaExecutor.h:95] AriaExecutor 6 started. 
I1126 15:15:57.035118 998421 AriaExecutor.h:95] AriaExecutor 7 started. 
I1126 15:15:57.035161 998422 AriaExecutor.h:95] AriaExecutor 8 started. 
I1126 15:15:57.035205 998423 AriaExecutor.h:95] AriaExecutor 9 started. 
I1126 15:15:57.035229 998424 AriaExecutor.h:95] AriaExecutor 10 started. 
I1126 15:15:57.035271 998425 AriaExecutor.h:95] AriaExecutor 11 started. 
I1126 15:15:57.035308 998414 AriaExecutor.h:95] AriaExecutor 0 started. 
I1126 15:15:57.035317 998426 Manager.h:224] Manager(worker id = 12) on the coordinator node started.
I1126 15:15:58.035380 998398 Coordinator.h:126] commit: 1740285 abort: 119715 (0/119715/0), network size: 0, avg network size: 0, si_in_serializable: 0 0 %, local: 0 %
I1126 15:15:59.035529 998398 Coordinator.h:126] commit: 1731184 abort: 118816 (0/118816/0), network size: 0, avg network size: 0, si_in_serializable: 0 0 %, local: 0 %
I1126 15:16:00.035662 998398 Coordinator.h:126] commit: 1742203 abort: 119624 (0/119624/0), network size: 0, avg network size: 0, si_in_serializable: 0 0 %, local: 0 %
I1126 15:16:01.035771 998398 Coordinator.h:126] commit: 1748182 abort: 119991 (0/119991/0), network size: 0, avg network size: 0, si_in_serializable: 0 0 %, local: 0 %
I1126 15:16:02.035877 998398 Coordinator.h:126] commit: 1758709 abort: 121291 (0/121291/0), network size: 0, avg network size: 0, si_in_serializable: 0 0 %, local: 0 %
I1126 15:16:03.035979 998398 Coordinator.h:126] commit: 1759362 abort: 120638 (0/120638/0), network size: 0, avg network size: 0, si_in_serializable: 0 0 %, local: 0 %
I1126 15:16:04.036080 998398 Coordinator.h:126] commit: 1739500 abort: 119056 (0/119056/0), network size: 0, avg network size: 0, si_in_serializable: 0 0 %, local: 0 %
I1126 15:16:05.036183 998398 Coordinator.h:126] commit: 1722706 abort: 118736 (0/118736/0), network size: 0, avg network size: 0, si_in_serializable: 0 0 %, local: 0 %
I1126 15:16:06.036314 998398 Coordinator.h:126] commit: 1730753 abort: 119247 (0/119247/0), network size: 0, avg network size: 0, si_in_serializable: 0 0 %, local: 0 %
I1126 15:16:07.036419 998398 Coordinator.h:126] commit: 1759249 abort: 120751 (0/120751/0), network size: 0, avg network size: 0, si_in_serializable: 0 0 %, local: 0 %
I1126 15:16:08.036518 998398 Coordinator.h:126] commit: 1758799 abort: 121201 (0/121201/0), network size: 0, avg network size: 0, si_in_serializable: 0 0 %, local: 0 %
I1126 15:16:09.036619 998398 Coordinator.h:126] commit: 1758503 abort: 121497 (0/121497/0), network size: 0, avg network size: 0, si_in_serializable: 0 0 %, local: 0 %
I1126 15:16:10.036717 998398 Coordinator.h:126] commit: 1759219 abort: 120781 (0/120781/0), network size: 0, avg network size: 0, si_in_serializable: 0 0 %, local: 0 %
I1126 15:16:11.036813 998398 Coordinator.h:126] commit: 1758949 abort: 121051 (0/121051/0), network size: 0, avg network size: 0, si_in_serializable: 0 0 %, local: 0 %
I1126 15:16:12.036917 998398 Coordinator.h:126] commit: 1646567 abort: 113433 (0/113433/0), network size: 0, avg network size: 0, si_in_serializable: 0 0 %, local: 0 %
I1126 15:16:13.037015 998398 Coordinator.h:126] commit: 1758711 abort: 121289 (0/121289/0), network size: 0, avg network size: 0, si_in_serializable: 0 0 %, local: 0 %
I1126 15:16:14.037117 998398 Coordinator.h:126] commit: 1759409 abort: 120591 (0/120591/0), network size: 0, avg network size: 0, si_in_serializable: 0 0 %, local: 0 %
I1126 15:16:15.037215 998398 Coordinator.h:126] commit: 1749857 abort: 120143 (0/120143/0), network size: 0, avg network size: 0, si_in_serializable: 0 0 %, local: 0 %
I1126 15:16:16.037317 998398 Coordinator.h:126] commit: 1759356 abort: 120644 (0/120644/0), network size: 0, avg network size: 0, si_in_serializable: 0 0 %, local: 0 %
I1126 15:16:17.037415 998398 Coordinator.h:126] commit: 1740700 abort: 119300 (0/119300/0), network size: 0, avg network size: 0, si_in_serializable: 0 0 %, local: 0 %
I1126 15:16:18.037515 998398 Coordinator.h:126] commit: 1759103 abort: 120897 (0/120897/0), network size: 0, avg network size: 0, si_in_serializable: 0 0 %, local: 0 %
I1126 15:16:19.037642 998398 Coordinator.h:126] commit: 1749847 abort: 120153 (0/120153/0), network size: 0, avg network size: 0, si_in_serializable: 0 0 %, local: 0 %
I1126 15:16:20.037750 998398 Coordinator.h:126] commit: 1758169 abort: 121831 (0/121831/0), network size: 0, avg network size: 0, si_in_serializable: 0 0 %, local: 0 %
I1126 15:16:21.037848 998398 Coordinator.h:126] commit: 1749954 abort: 120046 (0/120046/0), network size: 0, avg network size: 0, si_in_serializable: 0 0 %, local: 0 %
I1126 15:16:22.037946 998398 Coordinator.h:126] commit: 1758824 abort: 121176 (0/121176/0), network size: 0, avg network size: 0, si_in_serializable: 0 0 %, local: 0 %
I1126 15:16:22.037972 998398 Coordinator.h:152] average commit: 1.74501e+06 abort: 119993 (0/119993/0), network size: 0, avg network size: 0, si_in_serializable: 0 0 %, local: 0 %
I1126 15:16:22.039541 998424 AriaExecutor.h:107] AriaExecutor 10 exits. 
I1126 15:16:22.039546 998418 AriaExecutor.h:107] AriaExecutor 4 exits. 
I1126 15:16:22.039541 998420 AriaExecutor.h:107] AriaExecutor 6 exits. 
I1126 15:16:22.039556 998425 AriaExecutor.h:107] AriaExecutor 11 exits. 
I1126 15:16:22.039561 998419 AriaExecutor.h:107] AriaExecutor 5 exits. 
I1126 15:16:22.039561 998426 Manager.h:227] Manager(worker id = 12) on the coordinator node exits.
I1126 15:16:22.039557 998414 AriaExecutor.h:107] AriaExecutor 0 exits. 
I1126 15:16:22.039556 998415 AriaExecutor.h:107] AriaExecutor 1 exits. 
I1126 15:16:22.039561 998417 AriaExecutor.h:107] AriaExecutor 3 exits. 
I1126 15:16:22.039561 998423 AriaExecutor.h:107] AriaExecutor 9 exits. 
I1126 15:16:22.039559 998421 AriaExecutor.h:107] AriaExecutor 7 exits. 
I1126 15:16:22.039548 998422 AriaExecutor.h:107] AriaExecutor 8 exits. 
I1126 15:16:22.039547 998416 AriaExecutor.h:107] AriaExecutor 2 exits. 
I1126 15:16:22.037985 998398 AriaExecutor.h:705] Worker 0 latency: 3701 us (50%) 4216 us (75%) 4627 us (95%) 4733 us (99%).
I1126 15:16:22.177425 998398 AriaExecutor.h:705] Worker 1 latency: 3708 us (50%) 4222 us (75%) 4627 us (95%) 4733 us (99%).
I1126 15:16:22.314360 998398 AriaExecutor.h:705] Worker 2 latency: 3713 us (50%) 4222 us (75%) 4626 us (95%) 4733 us (99%).
I1126 15:16:22.451988 998398 AriaExecutor.h:705] Worker 3 latency: 3712 us (50%) 4224 us (75%) 4627 us (95%) 4732 us (99%).
I1126 15:16:22.590595 998398 AriaExecutor.h:705] Worker 4 latency: 3703 us (50%) 4217 us (75%) 4625 us (95%) 4732 us (99%).
I1126 15:16:22.731256 998398 AriaExecutor.h:705] Worker 5 latency: 3713 us (50%) 4224 us (75%) 4628 us (95%) 4733 us (99%).
I1126 15:16:22.865908 998398 AriaExecutor.h:705] Worker 6 latency: 3720 us (50%) 4225 us (75%) 4627 us (95%) 4733 us (99%).
I1126 15:16:23.000000 998398 AriaExecutor.h:705] Worker 7 latency: 3710 us (50%) 4224 us (75%) 4628 us (95%) 4734 us (99%).
I1126 15:16:23.138023 998398 AriaExecutor.h:705] Worker 8 latency: 3711 us (50%) 4221 us (75%) 4628 us (95%) 4734 us (99%).
I1126 15:16:23.274081 998398 AriaExecutor.h:705] Worker 9 latency: 3715 us (50%) 4226 us (75%) 4630 us (95%) 4736 us (99%).
I1126 15:16:23.410478 998398 AriaExecutor.h:705] Worker 10 latency: 3709 us (50%) 4220 us (75%) 4626 us (95%) 4732 us (99%).
I1126 15:16:23.543644 998398 AriaExecutor.h:705] Worker 11 latency: 3716 us (50%) 4227 us (75%) 4630 us (95%) 4735 us (99%).
I1126 15:16:23.678936 998398 Coordinator.h:177] total commit: 1.74501e+06
I1126 15:16:24.679049 998398 Coordinator.h:192] Coordinator exits.
