I1126 17:09:46.810505 1049564 Database.h:65] ycsb initialization finished in 29 milliseconds.
I1126 17:09:46.810609 1049564 Coordinator.h:30] Coordinator initializes 12 workers.
I1126 17:09:46.811501 1049564 Coordinator.h:77] Coordinator starts to run 13 workers.
I1126 17:09:46.811556 1049580 AriaExecutor.h:91] AriaExecutor 0 started. 
I1126 17:09:46.811583 1049581 AriaExecutor.h:91] AriaExecutor 1 started. 
I1126 17:09:46.811620 1049582 AriaExecutor.h:91] AriaExecutor 2 started. 
I1126 17:09:46.811674 1049583 AriaExecutor.h:91] AriaExecutor 3 started. 
I1126 17:09:46.811748 1049585 AriaExecutor.h:91] AriaExecutor 5 started. 
I1126 17:09:46.811796 1049586 AriaExecutor.h:91] AriaExecutor 6 started. 
I1126 17:09:46.811832 1049587 AriaExecutor.h:91] AriaExecutor 7 started. 
I1126 17:09:46.811870 1049588 AriaExecutor.h:91] AriaExecutor 8 started. 
I1126 17:09:46.811913 1049589 AriaExecutor.h:91] AriaExecutor 9 started. 
I1126 17:09:46.811951 1049590 AriaExecutor.h:91] AriaExecutor 10 started. 
I1126 17:09:46.812000 1049591 AriaExecutor.h:91] AriaExecutor 11 started. 
I1126 17:09:46.812036 1049584 AriaExecutor.h:91] AriaExecutor 4 started. 
I1126 17:09:46.812040 1049592 Manager.h:224] Manager(worker id = 12) on the coordinator node started.
I1126 17:09:47.812107 1049564 Coordinator.h:126] commit: 2206323 abort: 9677 (0/9677/0), network size: 0, avg network size: 0, si_in_serializable: 0 0 %, local: 0 %
I1126 17:09:48.812232 1049564 Coordinator.h:126] commit: 2183278 abort: 9722 (0/9722/0), network size: 0, avg network size: 0, si_in_serializable: 0 0 %, local: 0 %
I1126 17:09:49.812354 1049564 Coordinator.h:126] commit: 1755270 abort: 7730 (0/7730/0), network size: 0, avg network size: 0, si_in_serializable: 0 0 %, local: 0 %
I1126 17:09:50.812446 1049564 Coordinator.h:126] commit: 1727331 abort: 7669 (0/7669/0), network size: 0, avg network size: 0, si_in_serializable: 0 0 %, local: 0 %
I1126 17:09:51.812546 1049564 Coordinator.h:126] commit: 1766194 abort: 7806 (0/7806/0), network size: 0, avg network size: 0, si_in_serializable: 0 0 %, local: 0 %
I1126 17:09:52.812633 1049564 Coordinator.h:126] commit: 1748248 abort: 7752 (0/7752/0), network size: 0, avg network size: 0, si_in_serializable: 0 0 %, local: 0 %
I1126 17:09:53.812753 1049564 Coordinator.h:126] commit: 1637818 abort: 7182 (0/7182/0), network size: 0, avg network size: 0, si_in_serializable: 0 0 %, local: 0 %
I1126 17:09:54.812846 1049564 Coordinator.h:126] commit: 1726223 abort: 7777 (0/7777/0), network size: 0, avg network size: 0, si_in_serializable: 0 0 %, local: 0 %
I1126 17:09:55.812944 1049564 Coordinator.h:126] commit: 1741254 abort: 7746 (0/7746/0), network size: 0, avg network size: 0, si_in_serializable: 0 0 %, local: 0 %
I1126 17:09:56.813026 1049564 Coordinator.h:126] commit: 1728281 abort: 7719 (0/7719/0), network size: 0, avg network size: 0, si_in_serializable: 0 0 %, local: 0 %
I1126 17:09:57.813123 1049564 Coordinator.h:126] commit: 1739328 abort: 7672 (0/7672/0), network size: 0, avg network size: 0, si_in_serializable: 0 0 %, local: 0 %
I1126 17:09:58.813210 1049564 Coordinator.h:126] commit: 1718430 abort: 7751 (0/7751/0), network size: 0, avg network size: 0, si_in_serializable: 0 0 %, local: 0 %
I1126 17:09:59.813313 1049564 Coordinator.h:126] commit: 1731117 abort: 7701 (0/7701/0), network size: 0, avg network size: 0, si_in_serializable: 0 0 %, local: 0 %
I1126 17:10:00.813395 1049564 Coordinator.h:126] commit: 1653520 abort: 7480 (0/7480/0), network size: 0, avg network size: 0, si_in_serializable: 0 0 %, local: 0 %
I1126 17:10:01.813498 1049564 Coordinator.h:126] commit: 1592935 abort: 7065 (0/7065/0), network size: 0, avg network size: 0, si_in_serializable: 0 0 %, local: 0 %
I1126 17:10:02.813589 1049564 Coordinator.h:126] commit: 1728169 abort: 7694 (0/7694/0), network size: 0, avg network size: 0, si_in_serializable: 0 0 %, local: 0 %
I1126 17:10:03.813709 1049564 Coordinator.h:126] commit: 1853912 abort: 8225 (0/8225/0), network size: 0, avg network size: 0, si_in_serializable: 0 0 %, local: 0 %
I1126 17:10:04.813798 1049564 Coordinator.h:126] commit: 2232115 abort: 9885 (0/9885/0), network size: 0, avg network size: 0, si_in_serializable: 0 0 %, local: 0 %
I1126 17:10:05.813892 1049564 Coordinator.h:126] commit: 2232105 abort: 9895 (0/9895/0), network size: 0, avg network size: 0, si_in_serializable: 0 0 %, local: 0 %
I1126 17:10:06.813989 1049564 Coordinator.h:126] commit: 2234329 abort: 9934 (0/9934/0), network size: 0, avg network size: 0, si_in_serializable: 0 0 %, local: 0 %
I1126 17:10:07.814074 1049564 Coordinator.h:126] commit: 2228694 abort: 10042 (0/10042/0), network size: 0, avg network size: 0, si_in_serializable: 0 0 %, local: 0 %
I1126 17:10:08.814174 1049564 Coordinator.h:126] commit: 2232108 abort: 9892 (0/9892/0), network size: 0, avg network size: 0, si_in_serializable: 0 0 %, local: 0 %
I1126 17:10:09.814261 1049564 Coordinator.h:126] commit: 2231182 abort: 9818 (0/9818/0), network size: 0, avg network size: 0, si_in_serializable: 0 0 %, local: 0 %
I1126 17:10:10.814359 1049564 Coordinator.h:126] commit: 2236011 abort: 9989 (0/9989/0), network size: 0, avg network size: 0, si_in_serializable: 0 0 %, local: 0 %
I1126 17:10:11.814446 1049564 Coordinator.h:126] commit: 2231969 abort: 10031 (0/10031/0), network size: 0, avg network size: 0, si_in_serializable: 0 0 %, local: 0 %
I1126 17:10:11.814483 1049564 Coordinator.h:152] average commit: 1.8716e+06 abort: 8330.2 (0/8330.2/0), network size: 0, avg network size: 0, si_in_serializable: 0 0 %, local: 0 %
I1126 17:10:11.814793 1049588 AriaExecutor.h:103] AriaExecutor 8 exits. 
I1126 17:10:11.814797 1049590 AriaExecutor.h:103] AriaExecutor 10 exits. 
I1126 17:10:11.814795 1049580 AriaExecutor.h:103] AriaExecutor 0 exits. 
I1126 17:10:11.814795 1049592 Manager.h:227] Manager(worker id = 12) on the coordinator node exits.
I1126 17:10:11.814795 1049582 AriaExecutor.h:103] AriaExecutor 2 exits. 
I1126 17:10:11.814798 1049584 AriaExecutor.h:103] AriaExecutor 4 exits. 
I1126 17:10:11.814807 1049581 AriaExecutor.h:103] AriaExecutor 1 exits. 
I1126 17:10:11.814808 1049587 AriaExecutor.h:103] AriaExecutor 7 exits. 
I1126 17:10:11.814810 1049585 AriaExecutor.h:103] AriaExecutor 5 exits. 
I1126 17:10:11.814808 1049586 AriaExecutor.h:103] AriaExecutor 6 exits. 
I1126 17:10:11.814807 1049589 AriaExecutor.h:103] AriaExecutor 9 exits. 
I1126 17:10:11.814808 1049583 AriaExecutor.h:103] AriaExecutor 3 exits. 
I1126 17:10:11.814807 1049591 AriaExecutor.h:103] AriaExecutor 11 exits. 
I1126 17:10:11.814492 1049564 AriaExecutor.h:621] Worker 0 latency: 369 us (50%) 432 us (75%) 504 us (95%) 526 us (99%).
I1126 17:10:11.958280 1049564 AriaExecutor.h:621] Worker 1 latency: 368 us (50%) 430 us (75%) 503 us (95%) 525 us (99%).
I1126 17:10:12.099848 1049564 AriaExecutor.h:621] Worker 2 latency: 371 us (50%) 433 us (75%) 504 us (95%) 526 us (99%).
I1126 17:10:12.245205 1049564 AriaExecutor.h:621] Worker 3 latency: 371 us (50%) 433 us (75%) 503 us (95%) 525 us (99%).
I1126 17:10:12.391865 1049564 AriaExecutor.h:621] Worker 4 latency: 371 us (50%) 433 us (75%) 504 us (95%) 526 us (99%).
I1126 17:10:12.533120 1049564 AriaExecutor.h:621] Worker 5 latency: 371 us (50%) 434 us (75%) 503 us (95%) 525 us (99%).
I1126 17:10:12.699103 1049564 AriaExecutor.h:621] Worker 6 latency: 322 us (50%) 382 us (75%) 489 us (95%) 520 us (99%).
I1126 17:10:12.849304 1049564 AriaExecutor.h:621] Worker 7 latency: 375 us (50%) 438 us (75%) 503 us (95%) 526 us (99%).
I1126 17:10:13.009235 1049564 AriaExecutor.h:621] Worker 8 latency: 373 us (50%) 436 us (75%) 504 us (95%) 527 us (99%).
I1126 17:10:13.151005 1049564 AriaExecutor.h:621] Worker 9 latency: 371 us (50%) 434 us (75%) 503 us (95%) 525 us (99%).
I1126 17:10:13.314930 1049564 AriaExecutor.h:621] Worker 10 latency: 373 us (50%) 436 us (75%) 504 us (95%) 526 us (99%).
I1126 17:10:13.461040 1049564 AriaExecutor.h:621] Worker 11 latency: 372 us (50%) 435 us (75%) 503 us (95%) 525 us (99%).
I1126 17:10:13.600132 1049564 Coordinator.h:177] total commit: 1.8716e+06
I1126 17:10:14.600241 1049564 Coordinator.h:192] Coordinator exits.
