I1126 15:46:19.796247 1018264 Database.h:65] ycsb initialization finished in 30 milliseconds.
I1126 15:46:19.796339 1018264 Coordinator.h:30] Coordinator initializes 12 workers.
I1126 15:46:19.803910 1018264 Coordinator.h:77] Coordinator starts to run 13 workers.
I1126 15:46:19.803961 1018280 AriaExecutor.h:93] AriaExecutor 0 started. 
I1126 15:46:19.803989 1018281 AriaExecutor.h:93] AriaExecutor 1 started. 
I1126 15:46:19.804028 1018282 AriaExecutor.h:93] AriaExecutor 2 started. 
I1126 15:46:19.804067 1018283 AriaExecutor.h:93] AriaExecutor 3 started. 
I1126 15:46:19.804147 1018285 AriaExecutor.h:93] AriaExecutor 5 started. 
I1126 15:46:19.804198 1018286 AriaExecutor.h:93] AriaExecutor 6 started. 
I1126 15:46:19.804239 1018287 AriaExecutor.h:93] AriaExecutor 7 started. 
I1126 15:46:19.804287 1018288 AriaExecutor.h:93] AriaExecutor 8 started. 
I1126 15:46:19.804332 1018289 AriaExecutor.h:93] AriaExecutor 9 started. 
I1126 15:46:19.804365 1018290 AriaExecutor.h:93] AriaExecutor 10 started. 
I1126 15:46:19.804409 1018291 AriaExecutor.h:93] AriaExecutor 11 started. 
I1126 15:46:19.804446 1018284 AriaExecutor.h:93] AriaExecutor 4 started. 
I1126 15:46:19.804448 1018292 Manager.h:224] Manager(worker id = 12) on the coordinator node started.
I1126 15:46:20.804508 1018264 Coordinator.h:126] commit: 854165 abort: 22835 (0/22835/0), network size: 0, avg network size: 0, si_in_serializable: 0 0 %, local: 0 %
I1126 15:46:21.804626 1018264 Coordinator.h:126] commit: 837102 abort: 22898 (0/22898/0), network size: 0, avg network size: 0, si_in_serializable: 0 0 %, local: 0 %
I1126 15:46:22.804725 1018264 Coordinator.h:126] commit: 858808 abort: 23192 (0/23192/0), network size: 0, avg network size: 0, si_in_serializable: 0 0 %, local: 0 %
I1126 15:46:23.804805 1018264 Coordinator.h:126] commit: 849839 abort: 23161 (0/23161/0), network size: 0, avg network size: 0, si_in_serializable: 0 0 %, local: 0 %
I1126 15:46:24.804879 1018264 Coordinator.h:126] commit: 860628 abort: 23372 (0/23372/0), network size: 0, avg network size: 0, si_in_serializable: 0 0 %, local: 0 %
I1126 15:46:25.804958 1018264 Coordinator.h:126] commit: 847322 abort: 22702 (0/22702/0), network size: 0, avg network size: 0, si_in_serializable: 0 0 %, local: 0 %
I1126 15:46:26.805053 1018264 Coordinator.h:126] commit: 860656 abort: 23320 (0/23320/0), network size: 0, avg network size: 0, si_in_serializable: 0 0 %, local: 0 %
I1126 15:46:27.805153 1018264 Coordinator.h:126] commit: 830778 abort: 22386 (0/22386/0), network size: 0, avg network size: 0, si_in_serializable: 0 0 %, local: 0 %
I1126 15:46:28.805231 1018264 Coordinator.h:126] commit: 859508 abort: 23328 (0/23328/0), network size: 0, avg network size: 0, si_in_serializable: 0 0 %, local: 0 %
I1126 15:46:29.805305 1018264 Coordinator.h:126] commit: 858753 abort: 23247 (0/23247/0), network size: 0, avg network size: 0, si_in_serializable: 0 0 %, local: 0 %
I1126 15:46:30.805382 1018264 Coordinator.h:126] commit: 860548 abort: 23452 (0/23452/0), network size: 0, avg network size: 0, si_in_serializable: 0 0 %, local: 0 %
I1126 15:46:31.805481 1018264 Coordinator.h:126] commit: 857922 abort: 23078 (0/23078/0), network size: 0, avg network size: 0, si_in_serializable: 0 0 %, local: 0 %
I1126 15:46:32.805557 1018264 Coordinator.h:126] commit: 850865 abort: 23135 (0/23135/0), network size: 0, avg network size: 0, si_in_serializable: 0 0 %, local: 0 %
I1126 15:46:33.805630 1018264 Coordinator.h:126] commit: 857719 abort: 23281 (0/23281/0), network size: 0, avg network size: 0, si_in_serializable: 0 0 %, local: 0 %
I1126 15:46:34.805724 1018264 Coordinator.h:126] commit: 807409 abort: 21591 (0/21591/0), network size: 0, avg network size: 0, si_in_serializable: 0 0 %, local: 0 %
I1126 15:46:35.805814 1018264 Coordinator.h:126] commit: 858928 abort: 23072 (0/23072/0), network size: 0, avg network size: 0, si_in_serializable: 0 0 %, local: 0 %
I1126 15:46:36.805912 1018264 Coordinator.h:126] commit: 860753 abort: 23247 (0/23247/0), network size: 0, avg network size: 0, si_in_serializable: 0 0 %, local: 0 %
I1126 15:46:37.805999 1018264 Coordinator.h:126] commit: 858717 abort: 23283 (0/23283/0), network size: 0, avg network size: 0, si_in_serializable: 0 0 %, local: 0 %
I1126 15:46:38.806108 1018264 Coordinator.h:126] commit: 860152 abort: 23108 (0/23108/0), network size: 0, avg network size: 0, si_in_serializable: 0 0 %, local: 0 %
I1126 15:46:39.806217 1018264 Coordinator.h:126] commit: 859420 abort: 23319 (0/23319/0), network size: 0, avg network size: 0, si_in_serializable: 0 0 %, local: 0 %
I1126 15:46:40.806330 1018264 Coordinator.h:126] commit: 858866 abort: 23134 (0/23134/0), network size: 0, avg network size: 0, si_in_serializable: 0 0 %, local: 0 %
I1126 15:46:41.806432 1018264 Coordinator.h:126] commit: 860579 abort: 23421 (0/23421/0), network size: 0, avg network size: 0, si_in_serializable: 0 0 %, local: 0 %
I1126 15:46:42.806526 1018264 Coordinator.h:126] commit: 856004 abort: 22996 (0/22996/0), network size: 0, avg network size: 0, si_in_serializable: 0 0 %, local: 0 %
I1126 15:46:43.806629 1018264 Coordinator.h:126] commit: 859987 abort: 23013 (0/23013/0), network size: 0, avg network size: 0, si_in_serializable: 0 0 %, local: 0 %
I1126 15:46:44.806725 1018264 Coordinator.h:126] commit: 859870 abort: 23130 (0/23130/0), network size: 0, avg network size: 0, si_in_serializable: 0 0 %, local: 0 %
I1126 15:46:44.806759 1018264 Coordinator.h:152] average commit: 853243 abort: 23056.6 (0/23056.6/0), network size: 0, avg network size: 0, si_in_serializable: 0 0 %, local: 0 %
I1126 15:46:44.807618 1018292 Manager.h:227] Manager(worker id = 12) on the coordinator node exits.
I1126 15:46:44.807621 1018286 AriaExecutor.h:105] AriaExecutor 6 exits. 
I1126 15:46:44.807618 1018284 AriaExecutor.h:105] AriaExecutor 4 exits. 
I1126 15:46:44.807631 1018283 AriaExecutor.h:105] AriaExecutor 3 exits. 
I1126 15:46:44.807619 1018282 AriaExecutor.h:105] AriaExecutor 2 exits. 
I1126 15:46:44.807622 1018288 AriaExecutor.h:105] AriaExecutor 8 exits. 
I1126 15:46:44.807629 1018287 AriaExecutor.h:105] AriaExecutor 7 exits. 
I1126 15:46:44.807619 1018280 AriaExecutor.h:105] AriaExecutor 0 exits. 
I1126 15:46:44.807631 1018285 AriaExecutor.h:105] AriaExecutor 5 exits. 
I1126 15:46:44.807631 1018289 AriaExecutor.h:105] AriaExecutor 9 exits. 
I1126 15:46:44.807631 1018281 AriaExecutor.h:105] AriaExecutor 1 exits. 
I1126 15:46:44.807631 1018291 AriaExecutor.h:105] AriaExecutor 11 exits. 
I1126 15:46:44.807619 1018290 AriaExecutor.h:105] AriaExecutor 10 exits. 
I1126 15:46:44.806774 1018264 AriaExecutor.h:672] Worker 0 latency: 761 us (50%) 915 us (75%) 1038 us (95%) 1065 us (99%).
I1126 15:46:44.881181 1018264 AriaExecutor.h:672] Worker 1 latency: 759 us (50%) 914 us (75%) 1036 us (95%) 1064 us (99%).
I1126 15:46:44.963653 1018264 AriaExecutor.h:672] Worker 2 latency: 761 us (50%) 915 us (75%) 1037 us (95%) 1065 us (99%).
I1126 15:46:45.037118 1018264 AriaExecutor.h:672] Worker 3 latency: 761 us (50%) 914 us (75%) 1036 us (95%) 1064 us (99%).
I1126 15:46:45.120594 1018264 AriaExecutor.h:672] Worker 4 latency: 765 us (50%) 917 us (75%) 1038 us (95%) 1065 us (99%).
I1126 15:46:45.193713 1018264 AriaExecutor.h:672] Worker 5 latency: 763 us (50%) 915 us (75%) 1036 us (95%) 1063 us (99%).
I1126 15:46:45.274428 1018264 AriaExecutor.h:672] Worker 6 latency: 766 us (50%) 917 us (75%) 1038 us (95%) 1065 us (99%).
I1126 15:46:45.347151 1018264 AriaExecutor.h:672] Worker 7 latency: 763 us (50%) 915 us (75%) 1036 us (95%) 1064 us (99%).
I1126 15:46:45.427609 1018264 AriaExecutor.h:672] Worker 8 latency: 765 us (50%) 917 us (75%) 1038 us (95%) 1065 us (99%).
I1126 15:46:45.500177 1018264 AriaExecutor.h:672] Worker 9 latency: 763 us (50%) 915 us (75%) 1036 us (95%) 1064 us (99%).
I1126 15:46:45.582000 1018264 AriaExecutor.h:672] Worker 10 latency: 765 us (50%) 917 us (75%) 1038 us (95%) 1065 us (99%).
I1126 15:46:45.654712 1018264 AriaExecutor.h:672] Worker 11 latency: 764 us (50%) 916 us (75%) 1036 us (95%) 1063 us (99%).
I1126 15:46:45.735965 1018264 Coordinator.h:177] total commit: 853243
I1126 15:46:46.736093 1018264 Coordinator.h:192] Coordinator exits.
