I0911 23:49:25.212472 2950903 Database.h:65] ycsb initialization finished in 146 milliseconds.
I0911 23:49:25.212585 2950903 Coordinator.h:30] Coordinator initializes 16 workers.
I0911 23:49:25.331899 2950903 Coordinator.h:77] Coordinator starts to run 17 workers.
I0911 23:49:25.331975 2950923 AriaExecutor.h:82] AriaExecutor 0 started. 
I0911 23:49:25.332011 2950924 AriaExecutor.h:82] AriaExecutor 1 started. 
I0911 23:49:25.332053 2950925 AriaExecutor.h:82] AriaExecutor 2 started. 
I0911 23:49:25.332104 2950926 AriaExecutor.h:82] AriaExecutor 3 started. 
I0911 23:49:25.332137 2950927 AriaExecutor.h:82] AriaExecutor 4 started. 
I0911 23:49:25.332177 2950928 AriaExecutor.h:82] AriaExecutor 5 started. 
I0911 23:49:25.332216 2950929 AriaExecutor.h:82] AriaExecutor 6 started. 
I0911 23:49:25.332264 2950930 AriaExecutor.h:82] AriaExecutor 7 started. 
I0911 23:49:25.332295 2950931 AriaExecutor.h:82] AriaExecutor 8 started. 
I0911 23:49:25.332338 2950932 AriaExecutor.h:82] AriaExecutor 9 started. 
I0911 23:49:25.332372 2950933 AriaExecutor.h:82] AriaExecutor 10 started. 
I0911 23:49:25.332413 2950934 AriaExecutor.h:82] AriaExecutor 11 started. 
I0911 23:49:25.332449 2950935 AriaExecutor.h:82] AriaExecutor 12 started. 
I0911 23:49:25.332487 2950936 AriaExecutor.h:82] AriaExecutor 13 started. 
I0911 23:49:25.332531 2950937 AriaExecutor.h:82] AriaExecutor 14 started. 
I0911 23:49:25.332571 2950938 AriaExecutor.h:82] AriaExecutor 15 started. 
I0911 23:49:25.332614 2950939 Manager.h:224] Manager(worker id = 16) on the coordinator node started.
I0911 23:49:26.332674 2950903 Coordinator.h:126] commit: 1056726 abort: 95274 (0/95274/0), network size: 0, avg network size: 0, si_in_serializable: 0 0 %, local: 0 %
I0911 23:49:27.332783 2950903 Coordinator.h:126] commit: 1079443 abort: 98173 (0/98173/0), network size: 0, avg network size: 0, si_in_serializable: 0 0 %, local: 0 %
I0911 23:49:28.332862 2950903 Coordinator.h:126] commit: 1061217 abort: 97166 (0/97166/0), network size: 0, avg network size: 0, si_in_serializable: 0 0 %, local: 0 %
I0911 23:49:29.332942 2950903 Coordinator.h:126] commit: 1040948 abort: 95052 (0/95052/0), network size: 0, avg network size: 0, si_in_serializable: 0 0 %, local: 0 %
I0911 23:49:30.333019 2950903 Coordinator.h:126] commit: 1056083 abort: 95917 (0/95917/0), network size: 0, avg network size: 0, si_in_serializable: 0 0 %, local: 0 %
I0911 23:49:31.333123 2950903 Coordinator.h:126] commit: 1099982 abort: 100018 (0/100018/0), network size: 0, avg network size: 0, si_in_serializable: 0 0 %, local: 0 %
I0911 23:49:32.333209 2950903 Coordinator.h:126] commit: 1100142 abort: 99858 (0/99858/0), network size: 0, avg network size: 0, si_in_serializable: 0 0 %, local: 0 %
I0911 23:49:33.333287 2950903 Coordinator.h:126] commit: 1085764 abort: 98236 (0/98236/0), network size: 0, avg network size: 0, si_in_serializable: 0 0 %, local: 0 %
I0911 23:49:34.333369 2950903 Coordinator.h:126] commit: 1085230 abort: 98770 (0/98770/0), network size: 0, avg network size: 0, si_in_serializable: 0 0 %, local: 0 %
I0911 23:49:35.333448 2950903 Coordinator.h:126] commit: 1100192 abort: 99808 (0/99808/0), network size: 0, avg network size: 0, si_in_serializable: 0 0 %, local: 0 %
I0911 23:49:36.333525 2950903 Coordinator.h:126] commit: 1100204 abort: 99796 (0/99796/0), network size: 0, avg network size: 0, si_in_serializable: 0 0 %, local: 0 %
I0911 23:49:37.333602 2950903 Coordinator.h:126] commit: 1100684 abort: 99316 (0/99316/0), network size: 0, avg network size: 0, si_in_serializable: 0 0 %, local: 0 %
I0911 23:49:38.333678 2950903 Coordinator.h:126] commit: 1070863 abort: 97137 (0/97137/0), network size: 0, avg network size: 0, si_in_serializable: 0 0 %, local: 0 %
I0911 23:49:39.333758 2950903 Coordinator.h:126] commit: 1055939 abort: 96061 (0/96061/0), network size: 0, avg network size: 0, si_in_serializable: 0 0 %, local: 0 %
I0911 23:49:40.333860 2950903 Coordinator.h:126] commit: 1098040 abort: 99256 (0/99256/0), network size: 0, avg network size: 0, si_in_serializable: 0 0 %, local: 0 %
I0911 23:49:41.333945 2950903 Coordinator.h:126] commit: 1073036 abort: 97668 (0/97668/0), network size: 0, avg network size: 0, si_in_serializable: 0 0 %, local: 0 %
I0911 23:49:42.334029 2950903 Coordinator.h:126] commit: 1085256 abort: 98744 (0/98744/0), network size: 0, avg network size: 0, si_in_serializable: 0 0 %, local: 0 %
I0911 23:49:43.334110 2950903 Coordinator.h:126] commit: 1099573 abort: 100427 (0/100427/0), network size: 0, avg network size: 0, si_in_serializable: 0 0 %, local: 0 %
I0911 23:49:44.334192 2950903 Coordinator.h:126] commit: 1100746 abort: 99254 (0/99254/0), network size: 0, avg network size: 0, si_in_serializable: 0 0 %, local: 0 %
I0911 23:49:45.334271 2950903 Coordinator.h:126] commit: 1100238 abort: 99762 (0/99762/0), network size: 0, avg network size: 0, si_in_serializable: 0 0 %, local: 0 %
I0911 23:49:46.334350 2950903 Coordinator.h:126] commit: 1099635 abort: 100365 (0/100365/0), network size: 0, avg network size: 0, si_in_serializable: 0 0 %, local: 0 %
I0911 23:49:47.334429 2950903 Coordinator.h:126] commit: 1100477 abort: 99523 (0/99523/0), network size: 0, avg network size: 0, si_in_serializable: 0 0 %, local: 0 %
I0911 23:49:48.334507 2950903 Coordinator.h:126] commit: 1100358 abort: 99642 (0/99642/0), network size: 0, avg network size: 0, si_in_serializable: 0 0 %, local: 0 %
I0911 23:49:49.334586 2950903 Coordinator.h:126] commit: 1085020 abort: 98980 (0/98980/0), network size: 0, avg network size: 0, si_in_serializable: 0 0 %, local: 0 %
I0911 23:49:50.334663 2950903 Coordinator.h:126] commit: 1100047 abort: 99953 (0/99953/0), network size: 0, avg network size: 0, si_in_serializable: 0 0 %, local: 0 %
I0911 23:49:50.334676 2950903 Coordinator.h:152] average commit: 1.08846e+06 abort: 98742.1 (0/98742.1/0), network size: 0, avg network size: 0, si_in_serializable: 0 0 %, local: 0 %
I0911 23:49:50.341701 2950937 AriaExecutor.h:94] AriaExecutor 14 exits. 
I0911 23:49:50.341703 2950925 AriaExecutor.h:94] AriaExecutor 2 exits. 
I0911 23:49:50.341703 2950927 AriaExecutor.h:94] AriaExecutor 4 exits. 
I0911 23:49:50.341703 2950935 AriaExecutor.h:94] AriaExecutor 12 exits. 
I0911 23:49:50.341718 2950928 AriaExecutor.h:94] AriaExecutor 5 exits. 
I0911 23:49:50.341704 2950923 AriaExecutor.h:94] AriaExecutor 0 exits. 
I0911 23:49:50.341706 2950929 AriaExecutor.h:94] AriaExecutor 6 exits. 
I0911 23:49:50.341704 2950931 AriaExecutor.h:94] AriaExecutor 8 exits. 
I0911 23:49:50.341707 2950933 AriaExecutor.h:94] AriaExecutor 10 exits. 
I0911 23:49:50.341719 2950930 AriaExecutor.h:94] AriaExecutor 7 exits. 
I0911 23:49:50.341719 2950924 AriaExecutor.h:94] AriaExecutor 1 exits. 
I0911 23:49:50.341719 2950934 AriaExecutor.h:94] AriaExecutor 11 exits. 
I0911 23:49:50.341719 2950932 AriaExecutor.h:94] AriaExecutor 9 exits. 
I0911 23:49:50.341719 2950936 AriaExecutor.h:94] AriaExecutor 13 exits. 
I0911 23:49:50.341719 2950926 AriaExecutor.h:94] AriaExecutor 3 exits. 
I0911 23:49:50.341719 2950938 AriaExecutor.h:94] AriaExecutor 15 exits. 
I0911 23:49:50.341702 2950939 Manager.h:227] Manager(worker id = 16) on the coordinator node exits.
I0911 23:49:50.334685 2950903 AriaExecutor.h:641] Worker 0 latency: 8185 us (50%) 10502 us (75%) 12295 us (95%) 12690 us (99%).
I0911 23:49:50.409138 2950903 AriaExecutor.h:641] Worker 1 latency: 8137 us (50%) 10474 us (75%) 12288 us (95%) 12683 us (99%).
I0911 23:49:50.489746 2950903 AriaExecutor.h:641] Worker 2 latency: 8193 us (50%) 10502 us (75%) 12293 us (95%) 12683 us (99%).
I0911 23:49:50.563330 2950903 AriaExecutor.h:641] Worker 3 latency: 8182 us (50%) 10505 us (75%) 12296 us (95%) 12690 us (99%).
I0911 23:49:50.643693 2950903 AriaExecutor.h:641] Worker 4 latency: 8177 us (50%) 10497 us (75%) 12293 us (95%) 12684 us (99%).
I0911 23:49:50.716620 2950903 AriaExecutor.h:641] Worker 5 latency: 8138 us (50%) 10482 us (75%) 12295 us (95%) 12694 us (99%).
I0911 23:49:50.797993 2950903 AriaExecutor.h:641] Worker 6 latency: 8200 us (50%) 10508 us (75%) 12291 us (95%) 12677 us (99%).
I0911 23:49:50.871583 2950903 AriaExecutor.h:641] Worker 7 latency: 8163 us (50%) 10498 us (75%) 12296 us (95%) 12690 us (99%).
I0911 23:49:50.954126 2950903 AriaExecutor.h:641] Worker 8 latency: 8156 us (50%) 10485 us (75%) 12287 us (95%) 12678 us (99%).
I0911 23:49:51.028609 2950903 AriaExecutor.h:641] Worker 9 latency: 8143 us (50%) 10483 us (75%) 12291 us (95%) 12685 us (99%).
I0911 23:49:51.108901 2950903 AriaExecutor.h:641] Worker 10 latency: 8163 us (50%) 10480 us (75%) 12283 us (95%) 12675 us (99%).
I0911 23:49:51.183526 2950903 AriaExecutor.h:641] Worker 11 latency: 8143 us (50%) 10478 us (75%) 12287 us (95%) 12679 us (99%).
I0911 23:49:51.265905 2950903 AriaExecutor.h:641] Worker 12 latency: 8152 us (50%) 10477 us (75%) 12285 us (95%) 12680 us (99%).
I0911 23:49:51.340225 2950903 AriaExecutor.h:641] Worker 13 latency: 8154 us (50%) 10489 us (75%) 12294 us (95%) 12693 us (99%).
I0911 23:49:51.420642 2950903 AriaExecutor.h:641] Worker 14 latency: 8180 us (50%) 10493 us (75%) 12289 us (95%) 12684 us (99%).
I0911 23:49:51.494503 2950903 AriaExecutor.h:641] Worker 15 latency: 8159 us (50%) 10490 us (75%) 12293 us (95%) 12692 us (99%).
I0911 23:49:51.566831 2950903 Coordinator.h:177] total commit: 1.08846e+06
I0911 23:49:52.566948 2950903 Coordinator.h:192] Coordinator exits.
