I1126 16:05:23.128223 1030362 Database.h:65] ycsb initialization finished in 30 milliseconds.
I1126 16:05:23.128325 1030362 Coordinator.h:30] Coordinator initializes 12 workers.
I1126 16:05:23.200465 1030362 Coordinator.h:77] Coordinator starts to run 13 workers.
I1126 16:05:23.200522 1030378 AriaExecutor.h:93] AriaExecutor 0 started. 
I1126 16:05:23.200552 1030379 AriaExecutor.h:93] AriaExecutor 1 started. 
I1126 16:05:23.200590 1030380 AriaExecutor.h:93] AriaExecutor 2 started. 
I1126 16:05:23.200639 1030381 AriaExecutor.h:93] AriaExecutor 3 started. 
I1126 16:05:23.200713 1030383 AriaExecutor.h:93] AriaExecutor 5 started. 
I1126 16:05:23.200759 1030384 AriaExecutor.h:93] AriaExecutor 6 started. 
I1126 16:05:23.200806 1030385 AriaExecutor.h:93] AriaExecutor 7 started. 
I1126 16:05:23.200838 1030386 AriaExecutor.h:93] AriaExecutor 8 started. 
I1126 16:05:23.200883 1030387 AriaExecutor.h:93] AriaExecutor 9 started. 
I1126 16:05:23.200927 1030388 AriaExecutor.h:93] AriaExecutor 10 started. 
I1126 16:05:23.200969 1030389 AriaExecutor.h:93] AriaExecutor 11 started. 
I1126 16:05:23.200999 1030382 AriaExecutor.h:93] AriaExecutor 4 started. 
I1126 16:05:23.201004 1030390 Manager.h:224] Manager(worker id = 12) on the coordinator node started.
I1126 16:05:24.201078 1030362 Coordinator.h:126] commit: 833 abort: 149167 (0/149167/0), network size: 0, avg network size: 0, si_in_serializable: 0 0 %, local: 0 %
I1126 16:05:25.201222 1030362 Coordinator.h:126] commit: 858 abort: 149142 (0/149142/0), network size: 0, avg network size: 0, si_in_serializable: 0 0 %, local: 0 %
I1126 16:05:26.201344 1030362 Coordinator.h:126] commit: 891 abort: 159109 (0/159109/0), network size: 0, avg network size: 0, si_in_serializable: 0 0 %, local: 0 %
I1126 16:05:27.201449 1030362 Coordinator.h:126] commit: 847 abort: 159153 (0/159153/0), network size: 0, avg network size: 0, si_in_serializable: 0 0 %, local: 0 %
I1126 16:05:28.201534 1030362 Coordinator.h:126] commit: 896 abort: 159104 (0/159104/0), network size: 0, avg network size: 0, si_in_serializable: 0 0 %, local: 0 %
I1126 16:05:29.201622 1030362 Coordinator.h:126] commit: 859 abort: 159141 (0/159141/0), network size: 0, avg network size: 0, si_in_serializable: 0 0 %, local: 0 %
I1126 16:05:30.201735 1030362 Coordinator.h:126] commit: 901 abort: 159099 (0/159099/0), network size: 0, avg network size: 0, si_in_serializable: 0 0 %, local: 0 %
I1126 16:05:31.201836 1030362 Coordinator.h:126] commit: 880 abort: 159120 (0/159120/0), network size: 0, avg network size: 0, si_in_serializable: 0 0 %, local: 0 %
I1126 16:05:32.201930 1030362 Coordinator.h:126] commit: 863 abort: 159137 (0/159137/0), network size: 0, avg network size: 0, si_in_serializable: 0 0 %, local: 0 %
I1126 16:05:33.202015 1030362 Coordinator.h:126] commit: 864 abort: 159136 (0/159136/0), network size: 0, avg network size: 0, si_in_serializable: 0 0 %, local: 0 %
I1126 16:05:34.202097 1030362 Coordinator.h:126] commit: 885 abort: 159115 (0/159115/0), network size: 0, avg network size: 0, si_in_serializable: 0 0 %, local: 0 %
I1126 16:05:35.202198 1030362 Coordinator.h:126] commit: 887 abort: 159113 (0/159113/0), network size: 0, avg network size: 0, si_in_serializable: 0 0 %, local: 0 %
I1126 16:05:36.202301 1030362 Coordinator.h:126] commit: 879 abort: 159121 (0/159121/0), network size: 0, avg network size: 0, si_in_serializable: 0 0 %, local: 0 %
I1126 16:05:37.202437 1030362 Coordinator.h:126] commit: 894 abort: 159106 (0/159106/0), network size: 0, avg network size: 0, si_in_serializable: 0 0 %, local: 0 %
I1126 16:05:38.202528 1030362 Coordinator.h:126] commit: 900 abort: 159100 (0/159100/0), network size: 0, avg network size: 0, si_in_serializable: 0 0 %, local: 0 %
I1126 16:05:39.202610 1030362 Coordinator.h:126] commit: 848 abort: 159152 (0/159152/0), network size: 0, avg network size: 0, si_in_serializable: 0 0 %, local: 0 %
I1126 16:05:40.202699 1030362 Coordinator.h:126] commit: 859 abort: 159141 (0/159141/0), network size: 0, avg network size: 0, si_in_serializable: 0 0 %, local: 0 %
I1126 16:05:41.202800 1030362 Coordinator.h:126] commit: 851 abort: 159149 (0/159149/0), network size: 0, avg network size: 0, si_in_serializable: 0 0 %, local: 0 %
I1126 16:05:42.202906 1030362 Coordinator.h:126] commit: 823 abort: 149177 (0/149177/0), network size: 0, avg network size: 0, si_in_serializable: 0 0 %, local: 0 %
I1126 16:05:43.203022 1030362 Coordinator.h:126] commit: 895 abort: 159105 (0/159105/0), network size: 0, avg network size: 0, si_in_serializable: 0 0 %, local: 0 %
I1126 16:05:44.203130 1030362 Coordinator.h:126] commit: 885 abort: 159115 (0/159115/0), network size: 0, avg network size: 0, si_in_serializable: 0 0 %, local: 0 %
I1126 16:05:45.203228 1030362 Coordinator.h:126] commit: 848 abort: 159152 (0/159152/0), network size: 0, avg network size: 0, si_in_serializable: 0 0 %, local: 0 %
I1126 16:05:46.203327 1030362 Coordinator.h:126] commit: 931 abort: 159069 (0/159069/0), network size: 0, avg network size: 0, si_in_serializable: 0 0 %, local: 0 %
I1126 16:05:47.203431 1030362 Coordinator.h:126] commit: 894 abort: 159106 (0/159106/0), network size: 0, avg network size: 0, si_in_serializable: 0 0 %, local: 0 %
I1126 16:05:48.203526 1030362 Coordinator.h:126] commit: 865 abort: 159135 (0/159135/0), network size: 0, avg network size: 0, si_in_serializable: 0 0 %, local: 0 %
I1126 16:05:48.203555 1030362 Coordinator.h:152] average commit: 872.1 abort: 158128 (0/158128/0), network size: 0, avg network size: 0, si_in_serializable: 0 0 %, local: 0 %
I1126 16:05:48.203565 1030362 AriaExecutor.h:672] Worker 0 latency: 62250 us (50%) 62601 us (75%) 64468 us (95%) 71921 us (99%).
I1126 16:05:48.232795 1030382 AriaExecutor.h:105] AriaExecutor 4 exits. 
I1126 16:05:48.232797 1030390 Manager.h:227] Manager(worker id = 12) on the coordinator node exits.
I1126 16:05:48.232810 1030379 AriaExecutor.h:105] AriaExecutor 1 exits. 
I1126 16:05:48.232798 1030380 AriaExecutor.h:105] AriaExecutor 2 exits. 
I1126 16:05:48.232798 1030386 AriaExecutor.h:105] AriaExecutor 8 exits. 
I1126 16:05:48.232798 1030388 AriaExecutor.h:105] AriaExecutor 10 exits. 
I1126 16:05:48.232800 1030384 AriaExecutor.h:105] AriaExecutor 6 exits. 
I1126 16:05:48.232810 1030389 AriaExecutor.h:105] AriaExecutor 11 exits. 
I1126 16:05:48.232810 1030381 AriaExecutor.h:105] AriaExecutor 3 exits. 
I1126 16:05:48.232810 1030387 AriaExecutor.h:105] AriaExecutor 9 exits. 
I1126 16:05:48.232810 1030383 AriaExecutor.h:105] AriaExecutor 5 exits. 
I1126 16:05:48.232810 1030385 AriaExecutor.h:105] AriaExecutor 7 exits. 
I1126 16:05:48.232798 1030378 AriaExecutor.h:105] AriaExecutor 0 exits. 
I1126 16:05:48.233137 1030362 AriaExecutor.h:672] Worker 1 latency: 62245 us (50%) 62593 us (75%) 64323 us (95%) 71675 us (99%).
I1126 16:05:48.233239 1030362 AriaExecutor.h:672] Worker 2 latency: 62252 us (50%) 62616 us (75%) 64440 us (95%) 71795 us (99%).
I1126 16:05:48.233333 1030362 AriaExecutor.h:672] Worker 3 latency: 62258 us (50%) 62595 us (75%) 64422 us (95%) 72149 us (99%).
I1126 16:05:48.233430 1030362 AriaExecutor.h:672] Worker 4 latency: 62244 us (50%) 62597 us (75%) 64405 us (95%) 72057 us (99%).
I1126 16:05:48.233546 1030362 AriaExecutor.h:672] Worker 5 latency: 62252 us (50%) 62591 us (75%) 64506 us (95%) 72167 us (99%).
I1126 16:05:48.233645 1030362 AriaExecutor.h:672] Worker 6 latency: 62252 us (50%) 62604 us (75%) 64507 us (95%) 72090 us (99%).
I1126 16:05:48.233744 1030362 AriaExecutor.h:672] Worker 7 latency: 62256 us (50%) 62636 us (75%) 64444 us (95%) 71704 us (99%).
I1126 16:05:48.233839 1030362 AriaExecutor.h:672] Worker 8 latency: 62246 us (50%) 62602 us (75%) 64480 us (95%) 72882 us (99%).
I1126 16:05:48.233932 1030362 AriaExecutor.h:672] Worker 9 latency: 62252 us (50%) 62611 us (75%) 64317 us (95%) 71750 us (99%).
I1126 16:05:48.234019 1030362 AriaExecutor.h:672] Worker 10 latency: 62239 us (50%) 62600 us (75%) 64439 us (95%) 72132 us (99%).
I1126 16:05:48.234103 1030362 AriaExecutor.h:672] Worker 11 latency: 62255 us (50%) 62594 us (75%) 64451 us (95%) 73724 us (99%).
I1126 16:05:48.234197 1030362 Coordinator.h:177] total commit: 872.1
I1126 16:05:49.234325 1030362 Coordinator.h:192] Coordinator exits.
