I1126 16:08:55.211963 1032455 Database.h:65] ycsb initialization finished in 30 milliseconds.
I1126 16:08:55.212070 1032455 Coordinator.h:30] Coordinator initializes 12 workers.
I1126 16:08:55.284518 1032455 Coordinator.h:77] Coordinator starts to run 13 workers.
I1126 16:08:55.284583 1032483 AriaExecutor.h:93] AriaExecutor 0 started. 
I1126 16:08:55.284616 1032484 AriaExecutor.h:93] AriaExecutor 1 started. 
I1126 16:08:55.284657 1032485 AriaExecutor.h:93] AriaExecutor 2 started. 
I1126 16:08:55.284699 1032486 AriaExecutor.h:93] AriaExecutor 3 started. 
I1126 16:08:55.284782 1032488 AriaExecutor.h:93] AriaExecutor 5 started. 
I1126 16:08:55.284821 1032489 AriaExecutor.h:93] AriaExecutor 6 started. 
I1126 16:08:55.284860 1032490 AriaExecutor.h:93] AriaExecutor 7 started. 
I1126 16:08:55.284895 1032491 AriaExecutor.h:93] AriaExecutor 8 started. 
I1126 16:08:55.284940 1032492 AriaExecutor.h:93] AriaExecutor 9 started. 
I1126 16:08:55.284972 1032493 AriaExecutor.h:93] AriaExecutor 10 started. 
I1126 16:08:55.285027 1032487 AriaExecutor.h:93] AriaExecutor 4 started. 
I1126 16:08:55.285041 1032494 AriaExecutor.h:93] AriaExecutor 11 started. 
I1126 16:08:55.285137 1032495 Manager.h:224] Manager(worker id = 12) on the coordinator node started.
I1126 16:08:56.285199 1032455 Coordinator.h:126] commit: 340 abort: 149660 (0/149660/0), network size: 0, avg network size: 0, si_in_serializable: 0 0 %, local: 0 %
I1126 16:08:57.285344 1032455 Coordinator.h:126] commit: 336 abort: 159664 (0/159664/0), network size: 0, avg network size: 0, si_in_serializable: 0 0 %, local: 0 %
I1126 16:08:58.285506 1032455 Coordinator.h:126] commit: 338 abort: 159662 (0/159662/0), network size: 0, avg network size: 0, si_in_serializable: 0 0 %, local: 0 %
I1126 16:08:59.285614 1032455 Coordinator.h:126] commit: 362 abort: 159638 (0/159638/0), network size: 0, avg network size: 0, si_in_serializable: 0 0 %, local: 0 %
I1126 16:09:00.285694 1032455 Coordinator.h:126] commit: 350 abort: 159650 (0/159650/0), network size: 0, avg network size: 0, si_in_serializable: 0 0 %, local: 0 %
I1126 16:09:01.285781 1032455 Coordinator.h:126] commit: 343 abort: 159657 (0/159657/0), network size: 0, avg network size: 0, si_in_serializable: 0 0 %, local: 0 %
I1126 16:09:02.285879 1032455 Coordinator.h:126] commit: 356 abort: 159644 (0/159644/0), network size: 0, avg network size: 0, si_in_serializable: 0 0 %, local: 0 %
I1126 16:09:03.285985 1032455 Coordinator.h:126] commit: 350 abort: 159650 (0/159650/0), network size: 0, avg network size: 0, si_in_serializable: 0 0 %, local: 0 %
I1126 16:09:04.286119 1032455 Coordinator.h:126] commit: 340 abort: 159660 (0/159660/0), network size: 0, avg network size: 0, si_in_serializable: 0 0 %, local: 0 %
I1126 16:09:05.286232 1032455 Coordinator.h:126] commit: 333 abort: 159667 (0/159667/0), network size: 0, avg network size: 0, si_in_serializable: 0 0 %, local: 0 %
I1126 16:09:06.286332 1032455 Coordinator.h:126] commit: 367 abort: 169633 (0/169633/0), network size: 0, avg network size: 0, si_in_serializable: 0 0 %, local: 0 %
I1126 16:09:07.286427 1032455 Coordinator.h:126] commit: 375 abort: 159625 (0/159625/0), network size: 0, avg network size: 0, si_in_serializable: 0 0 %, local: 0 %
I1126 16:09:08.286535 1032455 Coordinator.h:126] commit: 324 abort: 159676 (0/159676/0), network size: 0, avg network size: 0, si_in_serializable: 0 0 %, local: 0 %
I1126 16:09:09.286739 1032455 Coordinator.h:126] commit: 343 abort: 159657 (0/159657/0), network size: 0, avg network size: 0, si_in_serializable: 0 0 %, local: 0 %
I1126 16:09:10.286875 1032455 Coordinator.h:126] commit: 346 abort: 159654 (0/159654/0), network size: 0, avg network size: 0, si_in_serializable: 0 0 %, local: 0 %
I1126 16:09:11.286984 1032455 Coordinator.h:126] commit: 341 abort: 159659 (0/159659/0), network size: 0, avg network size: 0, si_in_serializable: 0 0 %, local: 0 %
I1126 16:09:12.287084 1032455 Coordinator.h:126] commit: 336 abort: 169664 (0/169664/0), network size: 0, avg network size: 0, si_in_serializable: 0 0 %, local: 0 %
I1126 16:09:13.287173 1032455 Coordinator.h:126] commit: 362 abort: 159638 (0/159638/0), network size: 0, avg network size: 0, si_in_serializable: 0 0 %, local: 0 %
I1126 16:09:14.287256 1032455 Coordinator.h:126] commit: 338 abort: 159662 (0/159662/0), network size: 0, avg network size: 0, si_in_serializable: 0 0 %, local: 0 %
I1126 16:09:15.287346 1032455 Coordinator.h:126] commit: 374 abort: 159626 (0/159626/0), network size: 0, avg network size: 0, si_in_serializable: 0 0 %, local: 0 %
I1126 16:09:16.287429 1032455 Coordinator.h:126] commit: 327 abort: 159673 (0/159673/0), network size: 0, avg network size: 0, si_in_serializable: 0 0 %, local: 0 %
I1126 16:09:17.287511 1032455 Coordinator.h:126] commit: 381 abort: 169619 (0/169619/0), network size: 0, avg network size: 0, si_in_serializable: 0 0 %, local: 0 %
I1126 16:09:18.287590 1032455 Coordinator.h:126] commit: 320 abort: 149680 (0/149680/0), network size: 0, avg network size: 0, si_in_serializable: 0 0 %, local: 0 %
I1126 16:09:19.287819 1032455 Coordinator.h:126] commit: 331 abort: 159669 (0/159669/0), network size: 0, avg network size: 0, si_in_serializable: 0 0 %, local: 0 %
I1126 16:09:20.287959 1032455 Coordinator.h:126] commit: 339 abort: 159661 (0/159661/0), network size: 0, avg network size: 0, si_in_serializable: 0 0 %, local: 0 %
I1126 16:09:20.287981 1032455 Coordinator.h:152] average commit: 350.6 abort: 161649 (0/161649/0), network size: 0, avg network size: 0, si_in_serializable: 0 0 %, local: 0 %
I1126 16:09:20.287992 1032455 AriaExecutor.h:672] Worker 0 latency: 61653 us (50%) 61997 us (75%) 63853 us (95%) 71475 us (99%).
I1126 16:09:20.288486 1032485 AriaExecutor.h:105] AriaExecutor 2 exits. 
I1126 16:09:20.288498 1032488 AriaExecutor.h:105] AriaExecutor 5 exits. 
I1126 16:09:20.288487 1032483 AriaExecutor.h:105] AriaExecutor 0 exits. 
I1126 16:09:20.288487 1032487 AriaExecutor.h:105] AriaExecutor 4 exits. 
I1126 16:09:20.288488 1032489 AriaExecutor.h:105] AriaExecutor 6 exits. 
I1126 16:09:20.288487 1032493 AriaExecutor.h:105] AriaExecutor 10 exits. 
I1126 16:09:20.288499 1032492 AriaExecutor.h:105] AriaExecutor 9 exits. 
I1126 16:09:20.288498 1032490 AriaExecutor.h:105] AriaExecutor 7 exits. 
I1126 16:09:20.288488 1032491 AriaExecutor.h:105] AriaExecutor 8 exits. 
I1126 16:09:20.288498 1032494 AriaExecutor.h:105] AriaExecutor 11 exits. 
I1126 16:09:20.288501 1032484 AriaExecutor.h:105] AriaExecutor 1 exits. 
I1126 16:09:20.288501 1032486 AriaExecutor.h:105] AriaExecutor 3 exits. 
I1126 16:09:20.288504 1032495 Manager.h:227] Manager(worker id = 12) on the coordinator node exits.
I1126 16:09:20.288748 1032455 AriaExecutor.h:672] Worker 1 latency: 61688 us (50%) 62029 us (75%) 63891 us (95%) 72265 us (99%).
I1126 16:09:20.288820 1032455 AriaExecutor.h:672] Worker 2 latency: 61670 us (50%) 61984 us (75%) 63855 us (95%) 72040 us (99%).
I1126 16:09:20.288880 1032455 AriaExecutor.h:672] Worker 3 latency: 61679 us (50%) 62000 us (75%) 63832 us (95%) 71490 us (99%).
I1126 16:09:20.288921 1032455 AriaExecutor.h:672] Worker 4 latency: 61668 us (50%) 62002 us (75%) 63877 us (95%) 71331 us (99%).
I1126 16:09:20.288996 1032455 AriaExecutor.h:672] Worker 5 latency: 61685 us (50%) 62023 us (75%) 63882 us (95%) 71610 us (99%).
I1126 16:09:20.289044 1032455 AriaExecutor.h:672] Worker 6 latency: 61709 us (50%) 62002 us (75%) 63880 us (95%) 71474 us (99%).
I1126 16:09:20.289093 1032455 AriaExecutor.h:672] Worker 7 latency: 61653 us (50%) 61978 us (75%) 63881 us (95%) 71388 us (99%).
I1126 16:09:20.289135 1032455 AriaExecutor.h:672] Worker 8 latency: 61694 us (50%) 61960 us (75%) 63853 us (95%) 71433 us (99%).
I1126 16:09:20.289177 1032455 AriaExecutor.h:672] Worker 9 latency: 61681 us (50%) 61966 us (75%) 63890 us (95%) 71042 us (99%).
I1126 16:09:20.289216 1032455 AriaExecutor.h:672] Worker 10 latency: 61658 us (50%) 61996 us (75%) 63853 us (95%) 71623 us (99%).
I1126 16:09:20.289255 1032455 AriaExecutor.h:672] Worker 11 latency: 61645 us (50%) 62024 us (75%) 63885 us (95%) 71487 us (99%).
I1126 16:09:20.289300 1032455 Coordinator.h:177] total commit: 350.6
I1126 16:09:21.289412 1032455 Coordinator.h:192] Coordinator exits.
