I1126 18:23:10.569857 1077165 Database.h:65] ycsb initialization finished in 30 milliseconds.
I1126 18:23:10.569955 1077165 Coordinator.h:30] Coordinator initializes 12 workers.
I1126 18:23:10.570834 1077165 Coordinator.h:77] Coordinator starts to run 13 workers.
I1126 18:23:10.570888 1077181 AriaExecutor.h:91] AriaExecutor 0 started. 
I1126 18:23:10.570919 1077182 AriaExecutor.h:91] AriaExecutor 1 started. 
I1126 18:23:10.570956 1077183 AriaExecutor.h:91] AriaExecutor 2 started. 
I1126 18:23:10.571000 1077184 AriaExecutor.h:91] AriaExecutor 3 started. 
I1126 18:23:10.571075 1077186 AriaExecutor.h:91] AriaExecutor 5 started. 
I1126 18:23:10.571110 1077187 AriaExecutor.h:91] AriaExecutor 6 started. 
I1126 18:23:10.571148 1077188 AriaExecutor.h:91] AriaExecutor 7 started. 
I1126 18:23:10.571190 1077189 AriaExecutor.h:91] AriaExecutor 8 started. 
I1126 18:23:10.571240 1077190 AriaExecutor.h:91] AriaExecutor 9 started. 
I1126 18:23:10.571280 1077191 AriaExecutor.h:91] AriaExecutor 10 started. 
I1126 18:23:10.571329 1077192 AriaExecutor.h:91] AriaExecutor 11 started. 
I1126 18:23:10.571364 1077185 AriaExecutor.h:91] AriaExecutor 4 started. 
I1126 18:23:10.571368 1077193 Manager.h:224] Manager(worker id = 12) on the coordinator node started.
I1126 18:23:11.571431 1077165 Coordinator.h:126] commit: 1178695 abort: 1000305 (0/1000305/0), network size: 0, avg network size: 0, si_in_serializable: 0 0 %, local: 0 %
I1126 18:23:12.571542 1077165 Coordinator.h:126] commit: 1159917 abort: 984083 (0/984083/0), network size: 0, avg network size: 0, si_in_serializable: 0 0 %, local: 0 %
I1126 18:23:13.571659 1077165 Coordinator.h:126] commit: 1174359 abort: 996641 (0/996641/0), network size: 0, avg network size: 0, si_in_serializable: 0 0 %, local: 0 %
I1126 18:23:14.571744 1077165 Coordinator.h:126] commit: 1194962 abort: 1015038 (0/1015038/0), network size: 0, avg network size: 0, si_in_serializable: 0 0 %, local: 0 %
I1126 18:23:15.571825 1077165 Coordinator.h:126] commit: 1197402 abort: 1015598 (0/1015598/0), network size: 0, avg network size: 0, si_in_serializable: 0 0 %, local: 0 %
I1126 18:23:16.571902 1077165 Coordinator.h:126] commit: 1157721 abort: 981279 (0/981279/0), network size: 0, avg network size: 0, si_in_serializable: 0 0 %, local: 0 %
I1126 18:23:17.572005 1077165 Coordinator.h:126] commit: 1181196 abort: 1001804 (0/1001804/0), network size: 0, avg network size: 0, si_in_serializable: 0 0 %, local: 0 %
I1126 18:23:18.572093 1077165 Coordinator.h:126] commit: 1198072 abort: 1016928 (0/1016928/0), network size: 0, avg network size: 0, si_in_serializable: 0 0 %, local: 0 %
I1126 18:23:19.572185 1077165 Coordinator.h:126] commit: 1199566 abort: 1016434 (0/1016434/0), network size: 0, avg network size: 0, si_in_serializable: 0 0 %, local: 0 %
I1126 18:23:20.572263 1077165 Coordinator.h:126] commit: 1197391 abort: 1018609 (0/1018609/0), network size: 0, avg network size: 0, si_in_serializable: 0 0 %, local: 0 %
I1126 18:23:21.572345 1077165 Coordinator.h:126] commit: 1111123 abort: 941877 (0/941877/0), network size: 0, avg network size: 0, si_in_serializable: 0 0 %, local: 0 %
I1126 18:23:22.572424 1077165 Coordinator.h:126] commit: 1201038 abort: 1017962 (0/1017962/0), network size: 0, avg network size: 0, si_in_serializable: 0 0 %, local: 0 %
I1126 18:23:23.572503 1077165 Coordinator.h:126] commit: 1198470 abort: 1015530 (0/1015530/0), network size: 0, avg network size: 0, si_in_serializable: 0 0 %, local: 0 %
I1126 18:23:24.572582 1077165 Coordinator.h:126] commit: 1199759 abort: 1018241 (0/1018241/0), network size: 0, avg network size: 0, si_in_serializable: 0 0 %, local: 0 %
I1126 18:23:25.572659 1077165 Coordinator.h:126] commit: 1194186 abort: 1013814 (0/1013814/0), network size: 0, avg network size: 0, si_in_serializable: 0 0 %, local: 0 %
I1126 18:23:26.572741 1077165 Coordinator.h:126] commit: 1199691 abort: 1017309 (0/1017309/0), network size: 0, avg network size: 0, si_in_serializable: 0 0 %, local: 0 %
I1126 18:23:27.572816 1077165 Coordinator.h:126] commit: 1194945 abort: 1014055 (0/1014055/0), network size: 0, avg network size: 0, si_in_serializable: 0 0 %, local: 0 %
I1126 18:23:28.572914 1077165 Coordinator.h:126] commit: 1186005 abort: 1005995 (0/1005995/0), network size: 0, avg network size: 0, si_in_serializable: 0 0 %, local: 0 %
I1126 18:23:29.572999 1077165 Coordinator.h:126] commit: 1196683 abort: 1014203 (0/1014203/0), network size: 0, avg network size: 0, si_in_serializable: 0 0 %, local: 0 %
I1126 18:23:30.573091 1077165 Coordinator.h:126] commit: 1202528 abort: 1019586 (0/1019586/0), network size: 0, avg network size: 0, si_in_serializable: 0 0 %, local: 0 %
I1126 18:23:31.573169 1077165 Coordinator.h:126] commit: 1170367 abort: 991610 (0/991610/0), network size: 0, avg network size: 0, si_in_serializable: 0 0 %, local: 0 %
I1126 18:23:32.573256 1077165 Coordinator.h:126] commit: 1048243 abort: 887780 (0/887780/0), network size: 0, avg network size: 0, si_in_serializable: 0 0 %, local: 0 %
I1126 18:23:33.573338 1077165 Coordinator.h:126] commit: 1200287 abort: 1017713 (0/1017713/0), network size: 0, avg network size: 0, si_in_serializable: 0 0 %, local: 0 %
I1126 18:23:34.573418 1077165 Coordinator.h:126] commit: 1201998 abort: 1018002 (0/1018002/0), network size: 0, avg network size: 0, si_in_serializable: 0 0 %, local: 0 %
I1126 18:23:35.573495 1077165 Coordinator.h:126] commit: 1196328 abort: 1017672 (0/1017672/0), network size: 0, avg network size: 0, si_in_serializable: 0 0 %, local: 0 %
I1126 18:23:35.573515 1077165 Coordinator.h:152] average commit: 1.18844e+06 abort: 1.00786e+06 (0/1.00786e+06/0), network size: 0, avg network size: 0, si_in_serializable: 0 0 %, local: 0 %
I1126 18:23:35.573669 1077187 AriaExecutor.h:103] AriaExecutor 6 exits. 
I1126 18:23:35.573670 1077189 AriaExecutor.h:103] AriaExecutor 8 exits. 
I1126 18:23:35.573684 1077193 Manager.h:227] Manager(worker id = 12) on the coordinator node exits.
I1126 18:23:35.573673 1077191 AriaExecutor.h:103] AriaExecutor 10 exits. 
I1126 18:23:35.573673 1077181 AriaExecutor.h:103] AriaExecutor 0 exits. 
I1126 18:23:35.573671 1077183 AriaExecutor.h:103] AriaExecutor 2 exits. 
I1126 18:23:35.573684 1077182 AriaExecutor.h:103] AriaExecutor 1 exits. 
I1126 18:23:35.573684 1077184 AriaExecutor.h:103] AriaExecutor 3 exits. 
I1126 18:23:35.573684 1077188 AriaExecutor.h:103] AriaExecutor 7 exits. 
I1126 18:23:35.573684 1077190 AriaExecutor.h:103] AriaExecutor 9 exits. 
I1126 18:23:35.573673 1077185 AriaExecutor.h:103] AriaExecutor 4 exits. 
I1126 18:23:35.573684 1077192 AriaExecutor.h:103] AriaExecutor 11 exits. 
I1126 18:23:35.573684 1077186 AriaExecutor.h:103] AriaExecutor 5 exits. 
I1126 18:23:35.573524 1077165 AriaExecutor.h:621] Worker 0 latency: 323 us (50%) 374 us (75%) 411 us (95%) 424 us (99%).
I1126 18:23:35.667845 1077165 AriaExecutor.h:621] Worker 1 latency: 323 us (50%) 373 us (75%) 410 us (95%) 423 us (99%).
I1126 18:23:35.763203 1077165 AriaExecutor.h:621] Worker 2 latency: 324 us (50%) 374 us (75%) 411 us (95%) 424 us (99%).
I1126 18:23:35.857046 1077165 AriaExecutor.h:621] Worker 3 latency: 326 us (50%) 374 us (75%) 410 us (95%) 422 us (99%).
I1126 18:23:35.952169 1077165 AriaExecutor.h:621] Worker 4 latency: 324 us (50%) 374 us (75%) 411 us (95%) 424 us (99%).
I1126 18:23:36.047091 1077165 AriaExecutor.h:621] Worker 5 latency: 324 us (50%) 373 us (75%) 409 us (95%) 422 us (99%).
I1126 18:23:36.141887 1077165 AriaExecutor.h:621] Worker 6 latency: 327 us (50%) 375 us (75%) 411 us (95%) 424 us (99%).
I1126 18:23:36.235663 1077165 AriaExecutor.h:621] Worker 7 latency: 326 us (50%) 373 us (75%) 409 us (95%) 422 us (99%).
I1126 18:23:36.329969 1077165 AriaExecutor.h:621] Worker 8 latency: 328 us (50%) 376 us (75%) 411 us (95%) 424 us (99%).
I1126 18:23:36.422523 1077165 AriaExecutor.h:621] Worker 9 latency: 325 us (50%) 373 us (75%) 409 us (95%) 422 us (99%).
I1126 18:23:36.517252 1077165 AriaExecutor.h:621] Worker 10 latency: 327 us (50%) 375 us (75%) 411 us (95%) 424 us (99%).
I1126 18:23:36.609854 1077165 AriaExecutor.h:621] Worker 11 latency: 326 us (50%) 374 us (75%) 409 us (95%) 422 us (99%).
I1126 18:23:36.703536 1077165 Coordinator.h:177] total commit: 1.18844e+06
I1126 18:23:37.703649 1077165 Coordinator.h:192] Coordinator exits.
