I0911 22:54:13.675608 2940330 Database.h:65] ycsb initialization finished in 149 milliseconds.
I0911 22:54:13.675712 2940330 Coordinator.h:30] Coordinator initializes 16 workers.
I0911 22:54:13.708065 2940330 Coordinator.h:77] Coordinator starts to run 17 workers.
I0911 22:54:13.708130 2940350 AriaExecutor.h:82] AriaExecutor 0 started. 
I0911 22:54:13.708173 2940351 AriaExecutor.h:82] AriaExecutor 1 started. 
I0911 22:54:13.708211 2940352 AriaExecutor.h:82] AriaExecutor 2 started. 
I0911 22:54:13.708274 2940353 AriaExecutor.h:82] AriaExecutor 3 started. 
I0911 22:54:13.708307 2940354 AriaExecutor.h:82] AriaExecutor 4 started. 
I0911 22:54:13.708350 2940355 AriaExecutor.h:82] AriaExecutor 5 started. 
I0911 22:54:13.708393 2940356 AriaExecutor.h:82] AriaExecutor 6 started. 
I0911 22:54:13.708431 2940357 AriaExecutor.h:82] AriaExecutor 7 started. 
I0911 22:54:13.708467 2940358 AriaExecutor.h:82] AriaExecutor 8 started. 
I0911 22:54:13.708520 2940359 AriaExecutor.h:82] AriaExecutor 9 started. 
I0911 22:54:13.708565 2940360 AriaExecutor.h:82] AriaExecutor 10 started. 
I0911 22:54:13.708606 2940361 AriaExecutor.h:82] AriaExecutor 11 started. 
I0911 22:54:13.708645 2940362 AriaExecutor.h:82] AriaExecutor 12 started. 
I0911 22:54:13.708688 2940363 AriaExecutor.h:82] AriaExecutor 13 started. 
I0911 22:54:13.708725 2940364 AriaExecutor.h:82] AriaExecutor 14 started. 
I0911 22:54:13.708766 2940365 AriaExecutor.h:82] AriaExecutor 15 started. 
I0911 22:54:13.708811 2940366 Manager.h:224] Manager(worker id = 16) on the coordinator node started.
I0911 22:54:14.708859 2940330 Coordinator.h:126] commit: 557796 abort: 564508 (0/564508/0), network size: 0, avg network size: 0, si_in_serializable: 0 0 %, local: 0 %
I0911 22:54:15.708971 2940330 Coordinator.h:126] commit: 553048 abort: 561064 (0/561064/0), network size: 0, avg network size: 0, si_in_serializable: 0 0 %, local: 0 %
I0911 22:54:16.709051 2940330 Coordinator.h:126] commit: 540559 abort: 548977 (0/548977/0), network size: 0, avg network size: 0, si_in_serializable: 0 0 %, local: 0 %
I0911 22:54:17.709128 2940330 Coordinator.h:126] commit: 536012 abort: 545332 (0/545332/0), network size: 0, avg network size: 0, si_in_serializable: 0 0 %, local: 0 %
I0911 22:54:18.709224 2940330 Coordinator.h:126] commit: 559427 abort: 566973 (0/566973/0), network size: 0, avg network size: 0, si_in_serializable: 0 0 %, local: 0 %
I0911 22:54:19.709300 2940330 Coordinator.h:126] commit: 560501 abort: 569995 (0/569995/0), network size: 0, avg network size: 0, si_in_serializable: 0 0 %, local: 0 %
I0911 22:54:20.709369 2940330 Coordinator.h:126] commit: 563337 abort: 571255 (0/571255/0), network size: 0, avg network size: 0, si_in_serializable: 0 0 %, local: 0 %
I0911 22:54:21.709445 2940330 Coordinator.h:126] commit: 548314 abort: 557606 (0/557606/0), network size: 0, avg network size: 0, si_in_serializable: 0 0 %, local: 0 %
I0911 22:54:22.709522 2940330 Coordinator.h:126] commit: 563349 abort: 571243 (0/571243/0), network size: 0, avg network size: 0, si_in_serializable: 0 0 %, local: 0 %
I0911 22:54:23.709594 2940330 Coordinator.h:126] commit: 547274 abort: 554550 (0/554550/0), network size: 0, avg network size: 0, si_in_serializable: 0 0 %, local: 0 %
I0911 22:54:24.709668 2940330 Coordinator.h:126] commit: 546661 abort: 555163 (0/555163/0), network size: 0, avg network size: 0, si_in_serializable: 0 0 %, local: 0 %
I0911 22:54:25.709761 2940330 Coordinator.h:126] commit: 559086 abort: 567314 (0/567314/0), network size: 0, avg network size: 0, si_in_serializable: 0 0 %, local: 0 %
I0911 22:54:26.709841 2940330 Coordinator.h:126] commit: 563067 abort: 571525 (0/571525/0), network size: 0, avg network size: 0, si_in_serializable: 0 0 %, local: 0 %
I0911 22:54:27.709913 2940330 Coordinator.h:126] commit: 561164 abort: 569332 (0/569332/0), network size: 0, avg network size: 0, si_in_serializable: 0 0 %, local: 0 %
I0911 22:54:28.709983 2940330 Coordinator.h:126] commit: 563335 abort: 571257 (0/571257/0), network size: 0, avg network size: 0, si_in_serializable: 0 0 %, local: 0 %
I0911 22:54:29.710055 2940330 Coordinator.h:126] commit: 543496 abort: 550136 (0/550136/0), network size: 0, avg network size: 0, si_in_serializable: 0 0 %, local: 0 %
I0911 22:54:30.710134 2940330 Coordinator.h:126] commit: 563224 abort: 571368 (0/571368/0), network size: 0, avg network size: 0, si_in_serializable: 0 0 %, local: 0 %
I0911 22:54:31.710208 2940330 Coordinator.h:126] commit: 561691 abort: 568805 (0/568805/0), network size: 0, avg network size: 0, si_in_serializable: 0 0 %, local: 0 %
I0911 22:54:32.710285 2940330 Coordinator.h:126] commit: 563484 abort: 571108 (0/571108/0), network size: 0, avg network size: 0, si_in_serializable: 0 0 %, local: 0 %
I0911 22:54:33.710358 2940330 Coordinator.h:126] commit: 560872 abort: 569624 (0/569624/0), network size: 0, avg network size: 0, si_in_serializable: 0 0 %, local: 0 %
I0911 22:54:34.710435 2940330 Coordinator.h:126] commit: 561671 abort: 568825 (0/568825/0), network size: 0, avg network size: 0, si_in_serializable: 0 0 %, local: 0 %
I0911 22:54:35.710507 2940330 Coordinator.h:126] commit: 551134 abort: 558882 (0/558882/0), network size: 0, avg network size: 0, si_in_serializable: 0 0 %, local: 0 %
I0911 22:54:36.710579 2940330 Coordinator.h:126] commit: 551014 abort: 559002 (0/559002/0), network size: 0, avg network size: 0, si_in_serializable: 0 0 %, local: 0 %
I0911 22:54:37.710662 2940330 Coordinator.h:126] commit: 558397 abort: 568003 (0/568003/0), network size: 0, avg network size: 0, si_in_serializable: 0 0 %, local: 0 %
I0911 22:54:38.710731 2940330 Coordinator.h:126] commit: 563663 abort: 570929 (0/570929/0), network size: 0, avg network size: 0, si_in_serializable: 0 0 %, local: 0 %
I0911 22:54:38.710741 2940330 Coordinator.h:152] average commit: 558608 abort: 566563 (0/566563/0), network size: 0, avg network size: 0, si_in_serializable: 0 0 %, local: 0 %
I0911 22:54:38.713251 2940360 AriaExecutor.h:94] AriaExecutor 10 exits. 
I0911 22:54:38.713258 2940364 AriaExecutor.h:94] AriaExecutor 14 exits. 
I0911 22:54:38.713255 2940358 AriaExecutor.h:94] AriaExecutor 8 exits. 
I0911 22:54:38.713263 2940366 Manager.h:227] Manager(worker id = 16) on the coordinator node exits.
I0911 22:54:38.713269 2940353 AriaExecutor.h:94] AriaExecutor 3 exits. 
I0911 22:54:38.713268 2940361 AriaExecutor.h:94] AriaExecutor 11 exits. 
I0911 22:54:38.713267 2940365 AriaExecutor.h:94] AriaExecutor 15 exits. 
I0911 22:54:38.713268 2940351 AriaExecutor.h:94] AriaExecutor 1 exits. 
I0911 22:54:38.713268 2940357 AriaExecutor.h:94] AriaExecutor 7 exits. 
I0911 22:54:38.713260 2940356 AriaExecutor.h:94] AriaExecutor 6 exits. 
I0911 22:54:38.713251 2940362 AriaExecutor.h:94] AriaExecutor 12 exits. 
I0911 22:54:38.713253 2940354 AriaExecutor.h:94] AriaExecutor 4 exits. 
I0911 22:54:38.713259 2940352 AriaExecutor.h:94] AriaExecutor 2 exits. 
I0911 22:54:38.713270 2940355 AriaExecutor.h:94] AriaExecutor 5 exits. 
I0911 22:54:38.713258 2940350 AriaExecutor.h:94] AriaExecutor 0 exits. 
I0911 22:54:38.713267 2940359 AriaExecutor.h:94] AriaExecutor 9 exits. 
I0911 22:54:38.713268 2940363 AriaExecutor.h:94] AriaExecutor 13 exits. 
I0911 22:54:38.710749 2940330 AriaExecutor.h:535] Worker 0 latency: 2571 us (50%) 3117 us (75%) 3442 us (95%) 3523 us (99%).
I0911 22:54:38.748839 2940330 AriaExecutor.h:535] Worker 1 latency: 2570 us (50%) 3115 us (75%) 3439 us (95%) 3516 us (99%).
I0911 22:54:38.790657 2940330 AriaExecutor.h:535] Worker 2 latency: 2578 us (50%) 3119 us (75%) 3442 us (95%) 3522 us (99%).
I0911 22:54:38.829049 2940330 AriaExecutor.h:535] Worker 3 latency: 2575 us (50%) 3116 us (75%) 3440 us (95%) 3517 us (99%).
I0911 22:54:38.871791 2940330 AriaExecutor.h:535] Worker 4 latency: 2573 us (50%) 3117 us (75%) 3441 us (95%) 3520 us (99%).
I0911 22:54:38.909757 2940330 AriaExecutor.h:535] Worker 5 latency: 2568 us (50%) 3115 us (75%) 3440 us (95%) 3517 us (99%).
I0911 22:54:38.951807 2940330 AriaExecutor.h:535] Worker 6 latency: 2579 us (50%) 3120 us (75%) 3442 us (95%) 3521 us (99%).
I0911 22:54:38.990163 2940330 AriaExecutor.h:535] Worker 7 latency: 2571 us (50%) 3115 us (75%) 3440 us (95%) 3518 us (99%).
I0911 22:54:39.031795 2940330 AriaExecutor.h:535] Worker 8 latency: 2572 us (50%) 3114 us (75%) 3440 us (95%) 3518 us (99%).
I0911 22:54:39.069819 2940330 AriaExecutor.h:535] Worker 9 latency: 2568 us (50%) 3113 us (75%) 3439 us (95%) 3515 us (99%).
I0911 22:54:39.111171 2940330 AriaExecutor.h:535] Worker 10 latency: 2577 us (50%) 3116 us (75%) 3440 us (95%) 3520 us (99%).
I0911 22:54:39.148578 2940330 AriaExecutor.h:535] Worker 11 latency: 2569 us (50%) 3112 us (75%) 3439 us (95%) 3516 us (99%).
I0911 22:54:39.190707 2940330 AriaExecutor.h:535] Worker 12 latency: 2571 us (50%) 3113 us (75%) 3440 us (95%) 3519 us (99%).
I0911 22:54:39.228294 2940330 AriaExecutor.h:535] Worker 13 latency: 2565 us (50%) 3111 us (75%) 3438 us (95%) 3516 us (99%).
I0911 22:54:39.270007 2940330 AriaExecutor.h:535] Worker 14 latency: 2575 us (50%) 3115 us (75%) 3440 us (95%) 3518 us (99%).
I0911 22:54:39.308142 2940330 AriaExecutor.h:535] Worker 15 latency: 2570 us (50%) 3112 us (75%) 3439 us (95%) 3516 us (99%).
I0911 22:54:39.349915 2940330 Coordinator.h:177] total commit: 558608
I0911 22:54:40.350032 2940330 Coordinator.h:192] Coordinator exits.
