I1126 15:23:44.424027 1003708 Database.h:65] ycsb initialization finished in 30 milliseconds.
I1126 15:23:44.424124 1003708 Coordinator.h:30] Coordinator initializes 12 workers.
I1126 15:23:44.424999 1003708 Coordinator.h:77] Coordinator starts to run 13 workers.
I1126 15:23:44.425051 1003724 AriaExecutor.h:95] AriaExecutor 0 started. 
I1126 15:23:44.425083 1003725 AriaExecutor.h:95] AriaExecutor 1 started. 
I1126 15:23:44.425184 1003727 AriaExecutor.h:95] AriaExecutor 3 started. 
I1126 15:23:44.425223 1003726 AriaExecutor.h:95] AriaExecutor 2 started. 
I1126 15:23:44.425248 1003728 AriaExecutor.h:95] AriaExecutor 4 started. 
I1126 15:23:44.425335 1003729 AriaExecutor.h:95] AriaExecutor 5 started. 
I1126 15:23:44.425374 1003730 AriaExecutor.h:95] AriaExecutor 6 started. 
I1126 15:23:44.425418 1003731 AriaExecutor.h:95] AriaExecutor 7 started. 
I1126 15:23:44.425463 1003732 AriaExecutor.h:95] AriaExecutor 8 started. 
I1126 15:23:44.425498 1003733 AriaExecutor.h:95] AriaExecutor 9 started. 
I1126 15:23:44.425539 1003734 AriaExecutor.h:95] AriaExecutor 10 started. 
I1126 15:23:44.425575 1003735 AriaExecutor.h:95] AriaExecutor 11 started. 
I1126 15:23:44.425613 1003736 Manager.h:224] Manager(worker id = 12) on the coordinator node started.
I1126 15:23:45.425670 1003708 Coordinator.h:126] commit: 1858764 abort: 14236 (0/14236/0), network size: 0, avg network size: 0, si_in_serializable: 0 0 %, local: 0 %
I1126 15:23:46.425804 1003708 Coordinator.h:126] commit: 1831010 abort: 13990 (0/13990/0), network size: 0, avg network size: 0, si_in_serializable: 0 0 %, local: 0 %
I1126 15:23:47.425956 1003708 Coordinator.h:126] commit: 1878399 abort: 14601 (0/14601/0), network size: 0, avg network size: 0, si_in_serializable: 0 0 %, local: 0 %
I1126 15:23:48.426054 1003708 Coordinator.h:126] commit: 1850674 abort: 14326 (0/14326/0), network size: 0, avg network size: 0, si_in_serializable: 0 0 %, local: 0 %
I1126 15:23:49.426134 1003708 Coordinator.h:126] commit: 1886325 abort: 14675 (0/14675/0), network size: 0, avg network size: 0, si_in_serializable: 0 0 %, local: 0 %
I1126 15:23:50.426210 1003708 Coordinator.h:126] commit: 1876391 abort: 14609 (0/14609/0), network size: 0, avg network size: 0, si_in_serializable: 0 0 %, local: 0 %
I1126 15:23:51.426323 1003708 Coordinator.h:126] commit: 1775321 abort: 13679 (0/13679/0), network size: 0, avg network size: 0, si_in_serializable: 0 0 %, local: 0 %
I1126 15:23:52.426404 1003708 Coordinator.h:126] commit: 1868539 abort: 14461 (0/14461/0), network size: 0, avg network size: 0, si_in_serializable: 0 0 %, local: 0 %
I1126 15:23:53.426483 1003708 Coordinator.h:126] commit: 1874585 abort: 14415 (0/14415/0), network size: 0, avg network size: 0, si_in_serializable: 0 0 %, local: 0 %
I1126 15:23:54.426556 1003708 Coordinator.h:126] commit: 1871433 abort: 14567 (0/14567/0), network size: 0, avg network size: 0, si_in_serializable: 0 0 %, local: 0 %
I1126 15:23:55.426628 1003708 Coordinator.h:126] commit: 1870485 abort: 14515 (0/14515/0), network size: 0, avg network size: 0, si_in_serializable: 0 0 %, local: 0 %
I1126 15:23:56.426704 1003708 Coordinator.h:126] commit: 1868307 abort: 14609 (0/14609/0), network size: 0, avg network size: 0, si_in_serializable: 0 0 %, local: 0 %
I1126 15:23:57.426781 1003708 Coordinator.h:126] commit: 1852091 abort: 13993 (0/13993/0), network size: 0, avg network size: 0, si_in_serializable: 0 0 %, local: 0 %
I1126 15:23:58.426857 1003708 Coordinator.h:126] commit: 1702902 abort: 13098 (0/13098/0), network size: 0, avg network size: 0, si_in_serializable: 0 0 %, local: 0 %
I1126 15:23:59.426950 1003708 Coordinator.h:126] commit: 1872555 abort: 14445 (0/14445/0), network size: 0, avg network size: 0, si_in_serializable: 0 0 %, local: 0 %
I1126 15:24:00.427031 1003708 Coordinator.h:126] commit: 1867523 abort: 14477 (0/14477/0), network size: 0, avg network size: 0, si_in_serializable: 0 0 %, local: 0 %
I1126 15:24:01.427146 1003708 Coordinator.h:126] commit: 1873344 abort: 14656 (0/14656/0), network size: 0, avg network size: 0, si_in_serializable: 0 0 %, local: 0 %
I1126 15:24:02.427228 1003708 Coordinator.h:126] commit: 1868547 abort: 14453 (0/14453/0), network size: 0, avg network size: 0, si_in_serializable: 0 0 %, local: 0 %
I1126 15:24:03.427306 1003708 Coordinator.h:126] commit: 1872651 abort: 14349 (0/14349/0), network size: 0, avg network size: 0, si_in_serializable: 0 0 %, local: 0 %
I1126 15:24:04.427385 1003708 Coordinator.h:126] commit: 1870604 abort: 14396 (0/14396/0), network size: 0, avg network size: 0, si_in_serializable: 0 0 %, local: 0 %
I1126 15:24:05.427457 1003708 Coordinator.h:126] commit: 1870634 abort: 14366 (0/14366/0), network size: 0, avg network size: 0, si_in_serializable: 0 0 %, local: 0 %
I1126 15:24:06.427531 1003708 Coordinator.h:126] commit: 1869604 abort: 14396 (0/14396/0), network size: 0, avg network size: 0, si_in_serializable: 0 0 %, local: 0 %
I1126 15:24:07.427605 1003708 Coordinator.h:126] commit: 1869752 abort: 14248 (0/14248/0), network size: 0, avg network size: 0, si_in_serializable: 0 0 %, local: 0 %
I1126 15:24:08.427683 1003708 Coordinator.h:126] commit: 1870478 abort: 14522 (0/14522/0), network size: 0, avg network size: 0, si_in_serializable: 0 0 %, local: 0 %
I1126 15:24:09.427758 1003708 Coordinator.h:126] commit: 1867708 abort: 14292 (0/14292/0), network size: 0, avg network size: 0, si_in_serializable: 0 0 %, local: 0 %
I1126 15:24:09.427769 1003708 Coordinator.h:152] average commit: 1.8519e+06 abort: 14299.1 (0/14299.1/0), network size: 0, avg network size: 0, si_in_serializable: 0 0 %, local: 0 %
I1126 15:24:09.428169 1003726 AriaExecutor.h:107] AriaExecutor 2 exits. 
I1126 15:24:09.428169 1003728 AriaExecutor.h:107] AriaExecutor 4 exits. 
I1126 15:24:09.428189 1003732 AriaExecutor.h:107] AriaExecutor 8 exits. 
I1126 15:24:09.428171 1003733 AriaExecutor.h:107] AriaExecutor 9 exits. 
I1126 15:24:09.428179 1003725 AriaExecutor.h:107] AriaExecutor 1 exits. 
I1126 15:24:09.428181 1003724 AriaExecutor.h:107] AriaExecutor 0 exits. 
I1126 15:24:09.428182 1003727 AriaExecutor.h:107] AriaExecutor 3 exits. 
I1126 15:24:09.428189 1003734 AriaExecutor.h:107] AriaExecutor 10 exits. 
I1126 15:24:09.428189 1003730 AriaExecutor.h:107] AriaExecutor 6 exits. 
I1126 15:24:09.428169 1003735 AriaExecutor.h:107] AriaExecutor 11 exits. 
I1126 15:24:09.428169 1003731 AriaExecutor.h:107] AriaExecutor 7 exits. 
I1126 15:24:09.428184 1003736 Manager.h:227] Manager(worker id = 12) on the coordinator node exits.
I1126 15:24:09.428174 1003729 AriaExecutor.h:107] AriaExecutor 5 exits. 
I1126 15:24:09.427778 1003708 AriaExecutor.h:705] Worker 0 latency: 359 us (50%) 416 us (75%) 464 us (95%) 480 us (99%).
I1126 15:24:09.589694 1003708 AriaExecutor.h:705] Worker 1 latency: 357 us (50%) 414 us (75%) 463 us (95%) 479 us (99%).
I1126 15:24:09.735605 1003708 AriaExecutor.h:705] Worker 2 latency: 361 us (50%) 416 us (75%) 464 us (95%) 480 us (99%).
I1126 15:24:09.896711 1003708 AriaExecutor.h:705] Worker 3 latency: 360 us (50%) 415 us (75%) 463 us (95%) 479 us (99%).
I1126 15:24:10.043439 1003708 AriaExecutor.h:705] Worker 4 latency: 361 us (50%) 416 us (75%) 464 us (95%) 480 us (99%).
I1126 15:24:10.202910 1003708 AriaExecutor.h:705] Worker 5 latency: 359 us (50%) 415 us (75%) 463 us (95%) 479 us (99%).
I1126 15:24:10.345466 1003708 AriaExecutor.h:705] Worker 6 latency: 365 us (50%) 418 us (75%) 464 us (95%) 480 us (99%).
I1126 15:24:10.506099 1003708 AriaExecutor.h:705] Worker 7 latency: 359 us (50%) 415 us (75%) 463 us (95%) 479 us (99%).
I1126 15:24:10.642572 1003708 AriaExecutor.h:705] Worker 8 latency: 365 us (50%) 419 us (75%) 465 us (95%) 480 us (99%).
I1126 15:24:10.802350 1003708 AriaExecutor.h:705] Worker 9 latency: 360 us (50%) 415 us (75%) 463 us (95%) 479 us (99%).
I1126 15:24:10.946861 1003708 AriaExecutor.h:705] Worker 10 latency: 363 us (50%) 417 us (75%) 464 us (95%) 480 us (99%).
I1126 15:24:11.106287 1003708 AriaExecutor.h:705] Worker 11 latency: 363 us (50%) 417 us (75%) 463 us (95%) 479 us (99%).
I1126 15:24:11.246582 1003708 Coordinator.h:177] total commit: 1.8519e+06
I1126 15:24:12.246713 1003708 Coordinator.h:192] Coordinator exits.
