I1126 14:57:49.960436 986859 Database.h:65] ycsb initialization finished in 30 milliseconds.
I1126 14:57:49.960537 986859 Coordinator.h:30] Coordinator initializes 12 workers.
I1126 14:57:49.967494 986859 Coordinator.h:77] Coordinator starts to run 13 workers.
I1126 14:57:49.967547 986875 AriaExecutor.h:91] AriaExecutor 0 started. 
I1126 14:57:49.967578 986876 AriaExecutor.h:91] AriaExecutor 1 started. 
I1126 14:57:49.967615 986877 AriaExecutor.h:91] AriaExecutor 2 started. 
I1126 14:57:49.967677 986878 AriaExecutor.h:91] AriaExecutor 3 started. 
I1126 14:57:49.967742 986880 AriaExecutor.h:91] AriaExecutor 5 started. 
I1126 14:57:49.967774 986881 AriaExecutor.h:91] AriaExecutor 6 started. 
I1126 14:57:49.967820 986882 AriaExecutor.h:91] AriaExecutor 7 started. 
I1126 14:57:49.967864 986883 AriaExecutor.h:91] AriaExecutor 8 started. 
I1126 14:57:49.967903 986884 AriaExecutor.h:91] AriaExecutor 9 started. 
I1126 14:57:49.967938 986885 AriaExecutor.h:91] AriaExecutor 10 started. 
I1126 14:57:49.967983 986886 AriaExecutor.h:91] AriaExecutor 11 started. 
I1126 14:57:49.968019 986879 AriaExecutor.h:91] AriaExecutor 4 started. 
I1126 14:57:49.968024 986887 Manager.h:224] Manager(worker id = 12) on the coordinator node started.
I1126 14:57:50.968091 986859 Coordinator.h:126] commit: 1285791 abort: 724209 (0/724209/0), network size: 0, avg network size: 0, si_in_serializable: 0 0 %, local: 0 %
I1126 14:57:51.968219 986859 Coordinator.h:126] commit: 1281245 abort: 718755 (0/718755/0), network size: 0, avg network size: 0, si_in_serializable: 0 0 %, local: 0 %
I1126 14:57:52.968336 986859 Coordinator.h:126] commit: 1285947 abort: 724053 (0/724053/0), network size: 0, avg network size: 0, si_in_serializable: 0 0 %, local: 0 %
I1126 14:57:53.968422 986859 Coordinator.h:126] commit: 1298750 abort: 731250 (0/731250/0), network size: 0, avg network size: 0, si_in_serializable: 0 0 %, local: 0 %
I1126 14:57:54.968508 986859 Coordinator.h:126] commit: 1284403 abort: 725597 (0/725597/0), network size: 0, avg network size: 0, si_in_serializable: 0 0 %, local: 0 %
I1126 14:57:55.968617 986859 Coordinator.h:126] commit: 1304657 abort: 735343 (0/735343/0), network size: 0, avg network size: 0, si_in_serializable: 0 0 %, local: 0 %
I1126 14:57:56.968726 986859 Coordinator.h:126] commit: 1279587 abort: 720413 (0/720413/0), network size: 0, avg network size: 0, si_in_serializable: 0 0 %, local: 0 %
I1126 14:57:57.968828 986859 Coordinator.h:126] commit: 1306119 abort: 733881 (0/733881/0), network size: 0, avg network size: 0, si_in_serializable: 0 0 %, local: 0 %
I1126 14:57:58.968940 986859 Coordinator.h:126] commit: 1293066 abort: 726934 (0/726934/0), network size: 0, avg network size: 0, si_in_serializable: 0 0 %, local: 0 %
I1126 14:57:59.969041 986859 Coordinator.h:126] commit: 1253485 abort: 706515 (0/706515/0), network size: 0, avg network size: 0, si_in_serializable: 0 0 %, local: 0 %
I1126 14:58:00.969125 986859 Coordinator.h:126] commit: 1298472 abort: 731528 (0/731528/0), network size: 0, avg network size: 0, si_in_serializable: 0 0 %, local: 0 %
I1126 14:58:01.969245 986859 Coordinator.h:126] commit: 1299986 abort: 730014 (0/730014/0), network size: 0, avg network size: 0, si_in_serializable: 0 0 %, local: 0 %
I1126 14:58:02.969334 986859 Coordinator.h:126] commit: 1300164 abort: 729836 (0/729836/0), network size: 0, avg network size: 0, si_in_serializable: 0 0 %, local: 0 %
I1126 14:58:03.969439 986859 Coordinator.h:126] commit: 1300046 abort: 729954 (0/729954/0), network size: 0, avg network size: 0, si_in_serializable: 0 0 %, local: 0 %
I1126 14:58:04.969542 986859 Coordinator.h:126] commit: 1299719 abort: 730281 (0/730281/0), network size: 0, avg network size: 0, si_in_serializable: 0 0 %, local: 0 %
I1126 14:58:05.969656 986859 Coordinator.h:126] commit: 1298325 abort: 731675 (0/731675/0), network size: 0, avg network size: 0, si_in_serializable: 0 0 %, local: 0 %
I1126 14:58:06.969767 986859 Coordinator.h:126] commit: 1299662 abort: 730338 (0/730338/0), network size: 0, avg network size: 0, si_in_serializable: 0 0 %, local: 0 %
I1126 14:58:07.969889 986859 Coordinator.h:126] commit: 1280484 abort: 719516 (0/719516/0), network size: 0, avg network size: 0, si_in_serializable: 0 0 %, local: 0 %
I1126 14:58:08.969985 986859 Coordinator.h:126] commit: 1299348 abort: 730652 (0/730652/0), network size: 0, avg network size: 0, si_in_serializable: 0 0 %, local: 0 %
I1126 14:58:09.970088 986859 Coordinator.h:126] commit: 1198382 abort: 671618 (0/671618/0), network size: 0, avg network size: 0, si_in_serializable: 0 0 %, local: 0 %
I1126 14:58:10.970180 986859 Coordinator.h:126] commit: 1299356 abort: 730644 (0/730644/0), network size: 0, avg network size: 0, si_in_serializable: 0 0 %, local: 0 %
I1126 14:58:11.970285 986859 Coordinator.h:126] commit: 1300018 abort: 729982 (0/729982/0), network size: 0, avg network size: 0, si_in_serializable: 0 0 %, local: 0 %
I1126 14:58:12.970379 986859 Coordinator.h:126] commit: 1298902 abort: 731098 (0/731098/0), network size: 0, avg network size: 0, si_in_serializable: 0 0 %, local: 0 %
I1126 14:58:13.970485 986859 Coordinator.h:126] commit: 1299534 abort: 730466 (0/730466/0), network size: 0, avg network size: 0, si_in_serializable: 0 0 %, local: 0 %
I1126 14:58:14.970571 986859 Coordinator.h:126] commit: 1299957 abort: 730043 (0/730043/0), network size: 0, avg network size: 0, si_in_serializable: 0 0 %, local: 0 %
I1126 14:58:14.970605 986859 Coordinator.h:152] average commit: 1.28746e+06 abort: 723541 (0/723541/0), network size: 0, avg network size: 0, si_in_serializable: 0 0 %, local: 0 %
I1126 14:58:14.971709 986877 AriaExecutor.h:103] AriaExecutor 2 exits. 
I1126 14:58:14.971709 986881 AriaExecutor.h:103] AriaExecutor 6 exits. 
I1126 14:58:14.971709 986875 AriaExecutor.h:103] AriaExecutor 0 exits. 
I1126 14:58:14.971710 986885 AriaExecutor.h:103] AriaExecutor 10 exits. 
I1126 14:58:14.971724 986886 AriaExecutor.h:103] AriaExecutor 11 exits. 
I1126 14:58:14.971714 986883 AriaExecutor.h:103] AriaExecutor 8 exits. 
I1126 14:58:14.971724 986882 AriaExecutor.h:103] AriaExecutor 7 exits. 
I1126 14:58:14.971724 986880 AriaExecutor.h:103] AriaExecutor 5 exits. 
I1126 14:58:14.971725 986887 Manager.h:227] Manager(worker id = 12) on the coordinator node exits.
I1126 14:58:14.971724 986876 AriaExecutor.h:103] AriaExecutor 1 exits. 
I1126 14:58:14.971724 986878 AriaExecutor.h:103] AriaExecutor 3 exits. 
I1126 14:58:14.971710 986879 AriaExecutor.h:103] AriaExecutor 4 exits. 
I1126 14:58:14.971724 986884 AriaExecutor.h:103] AriaExecutor 9 exits. 
I1126 14:58:14.970614 986859 AriaExecutor.h:649] Worker 0 latency: 3596 us (50%) 4094 us (75%) 4430 us (95%) 4515 us (99%).
I1126 14:58:15.072268 986859 AriaExecutor.h:649] Worker 1 latency: 3595 us (50%) 4092 us (75%) 4429 us (95%) 4513 us (99%).
I1126 14:58:15.177225 986859 AriaExecutor.h:649] Worker 2 latency: 3608 us (50%) 4099 us (75%) 4430 us (95%) 4514 us (99%).
I1126 14:58:15.280025 986859 AriaExecutor.h:649] Worker 3 latency: 3598 us (50%) 4095 us (75%) 4430 us (95%) 4514 us (99%).
I1126 14:58:15.385668 986859 AriaExecutor.h:649] Worker 4 latency: 3597 us (50%) 4094 us (75%) 4429 us (95%) 4513 us (99%).
I1126 14:58:15.488143 986859 AriaExecutor.h:649] Worker 5 latency: 3598 us (50%) 4094 us (75%) 4429 us (95%) 4513 us (99%).
I1126 14:58:15.591835 986859 AriaExecutor.h:649] Worker 6 latency: 3609 us (50%) 4100 us (75%) 4431 us (95%) 4514 us (99%).
I1126 14:58:15.693032 986859 AriaExecutor.h:649] Worker 7 latency: 3597 us (50%) 4094 us (75%) 4430 us (95%) 4514 us (99%).
I1126 14:58:15.797536 986859 AriaExecutor.h:649] Worker 8 latency: 3599 us (50%) 4095 us (75%) 4430 us (95%) 4514 us (99%).
I1126 14:58:15.899031 986859 AriaExecutor.h:649] Worker 9 latency: 3603 us (50%) 4097 us (75%) 4431 us (95%) 4515 us (99%).
I1126 14:58:16.002826 986859 AriaExecutor.h:649] Worker 10 latency: 3600 us (50%) 4096 us (75%) 4430 us (95%) 4514 us (99%).
I1126 14:58:16.105264 986859 AriaExecutor.h:649] Worker 11 latency: 3599 us (50%) 4095 us (75%) 4430 us (95%) 4515 us (99%).
I1126 14:58:16.209812 986859 Coordinator.h:177] total commit: 1.28746e+06
I1126 14:58:17.209932 986859 Coordinator.h:192] Coordinator exits.
