I0911 22:20:03.604866 2933800 Database.h:65] ycsb initialization finished in 148 milliseconds.
I0911 22:20:03.604980 2933800 Coordinator.h:30] Coordinator initializes 16 workers.
I0911 22:20:03.724838 2933800 Coordinator.h:77] Coordinator starts to run 17 workers.
I0911 22:20:03.724900 2933820 AriaExecutor.h:82] AriaExecutor 0 started. 
I0911 22:20:03.724937 2933821 AriaExecutor.h:82] AriaExecutor 1 started. 
I0911 22:20:03.724992 2933822 AriaExecutor.h:82] AriaExecutor 2 started. 
I0911 22:20:03.725047 2933823 AriaExecutor.h:82] AriaExecutor 3 started. 
I0911 22:20:03.725083 2933824 AriaExecutor.h:82] AriaExecutor 4 started. 
I0911 22:20:03.725126 2933825 AriaExecutor.h:82] AriaExecutor 5 started. 
I0911 22:20:03.725167 2933826 AriaExecutor.h:82] AriaExecutor 6 started. 
I0911 22:20:03.725220 2933827 AriaExecutor.h:82] AriaExecutor 7 started. 
I0911 22:20:03.725256 2933828 AriaExecutor.h:82] AriaExecutor 8 started. 
I0911 22:20:03.725301 2933829 AriaExecutor.h:82] AriaExecutor 9 started. 
I0911 22:20:03.725332 2933830 AriaExecutor.h:82] AriaExecutor 10 started. 
I0911 22:20:03.725375 2933831 AriaExecutor.h:82] AriaExecutor 11 started. 
I0911 22:20:03.725414 2933832 AriaExecutor.h:82] AriaExecutor 12 started. 
I0911 22:20:03.725459 2933833 AriaExecutor.h:82] AriaExecutor 13 started. 
I0911 22:20:03.725513 2933834 AriaExecutor.h:82] AriaExecutor 14 started. 
I0911 22:20:03.725554 2933835 AriaExecutor.h:82] AriaExecutor 15 started. 
I0911 22:20:03.725593 2933836 Manager.h:224] Manager(worker id = 16) on the coordinator node started.
I0911 22:20:04.725643 2933800 Coordinator.h:126] commit: 5765 abort: 122235 (0/122235/0), network size: 0, avg network size: 0, si_in_serializable: 0 0 %, local: 0 %
I0911 22:20:05.725762 2933800 Coordinator.h:126] commit: 6532 abort: 137468 (0/137468/0), network size: 0, avg network size: 0, si_in_serializable: 0 0 %, local: 0 %
I0911 22:20:06.725847 2933800 Coordinator.h:126] commit: 6497 abort: 137503 (0/137503/0), network size: 0, avg network size: 0, si_in_serializable: 0 0 %, local: 0 %
I0911 22:20:07.725935 2933800 Coordinator.h:126] commit: 7252 abort: 152748 (0/152748/0), network size: 0, avg network size: 0, si_in_serializable: 0 0 %, local: 0 %
I0911 22:20:08.726020 2933800 Coordinator.h:126] commit: 6422 abort: 137578 (0/137578/0), network size: 0, avg network size: 0, si_in_serializable: 0 0 %, local: 0 %
I0911 22:20:09.726126 2933800 Coordinator.h:126] commit: 7239 abort: 152761 (0/152761/0), network size: 0, avg network size: 0, si_in_serializable: 0 0 %, local: 0 %
I0911 22:20:10.726217 2933800 Coordinator.h:126] commit: 7256 abort: 152744 (0/152744/0), network size: 0, avg network size: 0, si_in_serializable: 0 0 %, local: 0 %
I0911 22:20:11.726298 2933800 Coordinator.h:126] commit: 7251 abort: 152749 (0/152749/0), network size: 0, avg network size: 0, si_in_serializable: 0 0 %, local: 0 %
I0911 22:20:12.726368 2933800 Coordinator.h:126] commit: 6519 abort: 137481 (0/137481/0), network size: 0, avg network size: 0, si_in_serializable: 0 0 %, local: 0 %
I0911 22:20:13.726444 2933800 Coordinator.h:126] commit: 7195 abort: 152805 (0/152805/0), network size: 0, avg network size: 0, si_in_serializable: 0 0 %, local: 0 %
I0911 22:20:14.726511 2933800 Coordinator.h:126] commit: 7183 abort: 152817 (0/152817/0), network size: 0, avg network size: 0, si_in_serializable: 0 0 %, local: 0 %
I0911 22:20:15.726589 2933800 Coordinator.h:126] commit: 7246 abort: 152754 (0/152754/0), network size: 0, avg network size: 0, si_in_serializable: 0 0 %, local: 0 %
I0911 22:20:16.726665 2933800 Coordinator.h:126] commit: 7290 abort: 152710 (0/152710/0), network size: 0, avg network size: 0, si_in_serializable: 0 0 %, local: 0 %
I0911 22:20:17.726769 2933800 Coordinator.h:126] commit: 7243 abort: 152757 (0/152757/0), network size: 0, avg network size: 0, si_in_serializable: 0 0 %, local: 0 %
I0911 22:20:18.726859 2933800 Coordinator.h:126] commit: 7174 abort: 152826 (0/152826/0), network size: 0, avg network size: 0, si_in_serializable: 0 0 %, local: 0 %
I0911 22:20:19.726934 2933800 Coordinator.h:126] commit: 7190 abort: 152810 (0/152810/0), network size: 0, avg network size: 0, si_in_serializable: 0 0 %, local: 0 %
I0911 22:20:20.727006 2933800 Coordinator.h:126] commit: 7156 abort: 152844 (0/152844/0), network size: 0, avg network size: 0, si_in_serializable: 0 0 %, local: 0 %
I0911 22:20:21.727087 2933800 Coordinator.h:126] commit: 7264 abort: 152736 (0/152736/0), network size: 0, avg network size: 0, si_in_serializable: 0 0 %, local: 0 %
I0911 22:20:22.727159 2933800 Coordinator.h:126] commit: 7111 abort: 152889 (0/152889/0), network size: 0, avg network size: 0, si_in_serializable: 0 0 %, local: 0 %
I0911 22:20:23.727238 2933800 Coordinator.h:126] commit: 7150 abort: 152850 (0/152850/0), network size: 0, avg network size: 0, si_in_serializable: 0 0 %, local: 0 %
I0911 22:20:24.727305 2933800 Coordinator.h:126] commit: 7091 abort: 152909 (0/152909/0), network size: 0, avg network size: 0, si_in_serializable: 0 0 %, local: 0 %
I0911 22:20:25.727383 2933800 Coordinator.h:126] commit: 7249 abort: 152751 (0/152751/0), network size: 0, avg network size: 0, si_in_serializable: 0 0 %, local: 0 %
I0911 22:20:26.727447 2933800 Coordinator.h:126] commit: 7181 abort: 152819 (0/152819/0), network size: 0, avg network size: 0, si_in_serializable: 0 0 %, local: 0 %
I0911 22:20:27.727540 2933800 Coordinator.h:126] commit: 7151 abort: 152849 (0/152849/0), network size: 0, avg network size: 0, si_in_serializable: 0 0 %, local: 0 %
I0911 22:20:28.727627 2933800 Coordinator.h:126] commit: 7262 abort: 152738 (0/152738/0), network size: 0, avg network size: 0, si_in_serializable: 0 0 %, local: 0 %
I0911 22:20:28.727644 2933800 Coordinator.h:152] average commit: 7200.7 abort: 152799 (0/152799/0), network size: 0, avg network size: 0, si_in_serializable: 0 0 %, local: 0 %
I0911 22:20:28.727654 2933800 AriaExecutor.h:535] Worker 0 latency: 97718 us (50%) 100163 us (75%) 112702 us (95%) 125099 us (99%).
I0911 22:20:28.735368 2933836 Manager.h:227] Manager(worker id = 16) on the coordinator node exits.
I0911 22:20:28.735385 2933833 AriaExecutor.h:94] AriaExecutor 13 exits. 
I0911 22:20:28.735370 2933828 AriaExecutor.h:94] AriaExecutor 8 exits. 
I0911 22:20:28.735370 2933830 AriaExecutor.h:94] AriaExecutor 10 exits. 
I0911 22:20:28.735368 2933832 AriaExecutor.h:94] AriaExecutor 12 exits. 
I0911 22:20:28.735368 2933834 AriaExecutor.h:94] AriaExecutor 14 exits. 
I0911 22:20:28.735371 2933820 AriaExecutor.h:94] AriaExecutor 0 exits. 
I0911 22:20:28.735371 2933826 AriaExecutor.h:94] AriaExecutor 6 exits. 
I0911 22:20:28.735371 2933822 AriaExecutor.h:94] AriaExecutor 2 exits. 
I0911 22:20:28.735386 2933835 AriaExecutor.h:94] AriaExecutor 15 exits. 
I0911 22:20:28.735386 2933831 AriaExecutor.h:94] AriaExecutor 11 exits. 
I0911 22:20:28.735385 2933829 AriaExecutor.h:94] AriaExecutor 9 exits. 
I0911 22:20:28.735386 2933825 AriaExecutor.h:94] AriaExecutor 5 exits. 
I0911 22:20:28.735385 2933827 AriaExecutor.h:94] AriaExecutor 7 exits. 
I0911 22:20:28.735387 2933821 AriaExecutor.h:94] AriaExecutor 1 exits. 
I0911 22:20:28.735388 2933823 AriaExecutor.h:94] AriaExecutor 3 exits. 
I0911 22:20:28.735370 2933824 AriaExecutor.h:94] AriaExecutor 4 exits. 
I0911 22:20:28.735736 2933800 AriaExecutor.h:535] Worker 1 latency: 97682 us (50%) 100079 us (75%) 112464 us (95%) 125172 us (99%).
I0911 22:20:28.736279 2933800 AriaExecutor.h:535] Worker 2 latency: 97665 us (50%) 100028 us (75%) 112592 us (95%) 124919 us (99%).
I0911 22:20:28.736773 2933800 AriaExecutor.h:535] Worker 3 latency: 97654 us (50%) 100080 us (75%) 112575 us (95%) 125447 us (99%).
I0911 22:20:28.737272 2933800 AriaExecutor.h:535] Worker 4 latency: 97711 us (50%) 100115 us (75%) 112596 us (95%) 125436 us (99%).
I0911 22:20:28.737797 2933800 AriaExecutor.h:535] Worker 5 latency: 97686 us (50%) 100162 us (75%) 112514 us (95%) 123701 us (99%).
I0911 22:20:28.738298 2933800 AriaExecutor.h:535] Worker 6 latency: 97642 us (50%) 100079 us (75%) 112624 us (95%) 124776 us (99%).
I0911 22:20:28.738797 2933800 AriaExecutor.h:535] Worker 7 latency: 97666 us (50%) 100138 us (75%) 112355 us (95%) 124974 us (99%).
I0911 22:20:28.739333 2933800 AriaExecutor.h:535] Worker 8 latency: 97703 us (50%) 100097 us (75%) 112525 us (95%) 124853 us (99%).
I0911 22:20:28.739833 2933800 AriaExecutor.h:535] Worker 9 latency: 97689 us (50%) 100125 us (75%) 112369 us (95%) 123849 us (99%).
I0911 22:20:28.740338 2933800 AriaExecutor.h:535] Worker 10 latency: 97699 us (50%) 100115 us (75%) 112599 us (95%) 124782 us (99%).
I0911 22:20:28.740831 2933800 AriaExecutor.h:535] Worker 11 latency: 97678 us (50%) 100122 us (75%) 112631 us (95%) 124096 us (99%).
I0911 22:20:28.741338 2933800 AriaExecutor.h:535] Worker 12 latency: 97681 us (50%) 100109 us (75%) 112588 us (95%) 125262 us (99%).
I0911 22:20:28.741830 2933800 AriaExecutor.h:535] Worker 13 latency: 97694 us (50%) 100158 us (75%) 112636 us (95%) 125296 us (99%).
I0911 22:20:28.742357 2933800 AriaExecutor.h:535] Worker 14 latency: 97671 us (50%) 100017 us (75%) 112301 us (95%) 123879 us (99%).
I0911 22:20:28.742853 2933800 AriaExecutor.h:535] Worker 15 latency: 97650 us (50%) 100077 us (75%) 112470 us (95%) 124816 us (99%).
I0911 22:20:28.743357 2933800 Coordinator.h:177] total commit: 7200.7
I0911 22:20:29.743465 2933800 Coordinator.h:192] Coordinator exits.
