I1126 15:21:27.572736 1002073 Database.h:65] ycsb initialization finished in 30 milliseconds.
I1126 15:21:27.572834 1002073 Coordinator.h:30] Coordinator initializes 12 workers.
I1126 15:21:27.579782 1002073 Coordinator.h:77] Coordinator starts to run 13 workers.
I1126 15:21:27.579859 1002092 AriaExecutor.h:95] AriaExecutor 0 started. 
I1126 15:21:27.579874 1002093 AriaExecutor.h:95] AriaExecutor 1 started. 
I1126 15:21:27.579929 1002094 AriaExecutor.h:95] AriaExecutor 2 started. 
I1126 15:21:27.579965 1002095 AriaExecutor.h:95] AriaExecutor 3 started. 
I1126 15:21:27.580004 1002096 AriaExecutor.h:95] AriaExecutor 4 started. 
I1126 15:21:27.580031 1002097 AriaExecutor.h:95] AriaExecutor 5 started. 
I1126 15:21:27.580076 1002098 AriaExecutor.h:95] AriaExecutor 6 started. 
I1126 15:21:27.580097 1002099 AriaExecutor.h:95] AriaExecutor 7 started. 
I1126 15:21:27.580142 1002100 AriaExecutor.h:95] AriaExecutor 8 started. 
I1126 15:21:27.580173 1002101 AriaExecutor.h:95] AriaExecutor 9 started. 
I1126 15:21:27.580204 1002102 AriaExecutor.h:95] AriaExecutor 10 started. 
I1126 15:21:27.580243 1002103 AriaExecutor.h:95] AriaExecutor 11 started. 
I1126 15:21:27.580271 1002104 Manager.h:224] Manager(worker id = 12) on the coordinator node started.
I1126 15:21:28.580328 1002073 Coordinator.h:126] commit: 921719 abort: 368281 (0/368281/0), network size: 0, avg network size: 0, si_in_serializable: 0 0 %, local: 0 %
I1126 15:21:29.580458 1002073 Coordinator.h:126] commit: 921655 abort: 368345 (0/368345/0), network size: 0, avg network size: 0, si_in_serializable: 0 0 %, local: 0 %
I1126 15:21:30.580616 1002073 Coordinator.h:126] commit: 928583 abort: 371417 (0/371417/0), network size: 0, avg network size: 0, si_in_serializable: 0 0 %, local: 0 %
I1126 15:21:31.580725 1002073 Coordinator.h:126] commit: 935745 abort: 374255 (0/374255/0), network size: 0, avg network size: 0, si_in_serializable: 0 0 %, local: 0 %
I1126 15:21:32.580803 1002073 Coordinator.h:126] commit: 928614 abort: 371386 (0/371386/0), network size: 0, avg network size: 0, si_in_serializable: 0 0 %, local: 0 %
I1126 15:21:33.580883 1002073 Coordinator.h:126] commit: 928745 abort: 371255 (0/371255/0), network size: 0, avg network size: 0, si_in_serializable: 0 0 %, local: 0 %
I1126 15:21:34.580986 1002073 Coordinator.h:126] commit: 915280 abort: 364720 (0/364720/0), network size: 0, avg network size: 0, si_in_serializable: 0 0 %, local: 0 %
I1126 15:21:35.581077 1002073 Coordinator.h:126] commit: 935629 abort: 374371 (0/374371/0), network size: 0, avg network size: 0, si_in_serializable: 0 0 %, local: 0 %
I1126 15:21:36.581168 1002073 Coordinator.h:126] commit: 935232 abort: 374768 (0/374768/0), network size: 0, avg network size: 0, si_in_serializable: 0 0 %, local: 0 %
I1126 15:21:37.581245 1002073 Coordinator.h:126] commit: 935737 abort: 374263 (0/374263/0), network size: 0, avg network size: 0, si_in_serializable: 0 0 %, local: 0 %
I1126 15:21:38.581326 1002073 Coordinator.h:126] commit: 935300 abort: 374563 (0/374563/0), network size: 0, avg network size: 0, si_in_serializable: 0 0 %, local: 0 %
I1126 15:21:39.581403 1002073 Coordinator.h:126] commit: 928164 abort: 371973 (0/371973/0), network size: 0, avg network size: 0, si_in_serializable: 0 0 %, local: 0 %
I1126 15:21:40.581485 1002073 Coordinator.h:126] commit: 935663 abort: 374337 (0/374337/0), network size: 0, avg network size: 0, si_in_serializable: 0 0 %, local: 0 %
I1126 15:21:41.581568 1002073 Coordinator.h:126] commit: 893224 abort: 356776 (0/356776/0), network size: 0, avg network size: 0, si_in_serializable: 0 0 %, local: 0 %
I1126 15:21:42.581647 1002073 Coordinator.h:126] commit: 936037 abort: 373963 (0/373963/0), network size: 0, avg network size: 0, si_in_serializable: 0 0 %, local: 0 %
I1126 15:21:43.581728 1002073 Coordinator.h:126] commit: 928124 abort: 371876 (0/371876/0), network size: 0, avg network size: 0, si_in_serializable: 0 0 %, local: 0 %
I1126 15:21:44.581827 1002073 Coordinator.h:126] commit: 928719 abort: 371281 (0/371281/0), network size: 0, avg network size: 0, si_in_serializable: 0 0 %, local: 0 %
I1126 15:21:45.581928 1002073 Coordinator.h:126] commit: 929475 abort: 370525 (0/370525/0), network size: 0, avg network size: 0, si_in_serializable: 0 0 %, local: 0 %
I1126 15:21:46.582010 1002073 Coordinator.h:126] commit: 928768 abort: 371232 (0/371232/0), network size: 0, avg network size: 0, si_in_serializable: 0 0 %, local: 0 %
I1126 15:21:47.582111 1002073 Coordinator.h:126] commit: 928509 abort: 371491 (0/371491/0), network size: 0, avg network size: 0, si_in_serializable: 0 0 %, local: 0 %
I1126 15:21:48.582198 1002073 Coordinator.h:126] commit: 929248 abort: 370752 (0/370752/0), network size: 0, avg network size: 0, si_in_serializable: 0 0 %, local: 0 %
I1126 15:21:49.582278 1002073 Coordinator.h:126] commit: 935981 abort: 374019 (0/374019/0), network size: 0, avg network size: 0, si_in_serializable: 0 0 %, local: 0 %
I1126 15:21:50.582361 1002073 Coordinator.h:126] commit: 928494 abort: 371510 (0/371510/0), network size: 0, avg network size: 0, si_in_serializable: 0 0 %, local: 0 %
I1126 15:21:51.582441 1002073 Coordinator.h:126] commit: 936898 abort: 373098 (0/373098/0), network size: 0, avg network size: 0, si_in_serializable: 0 0 %, local: 0 %
I1126 15:21:52.582520 1002073 Coordinator.h:126] commit: 933821 abort: 372729 (0/372729/0), network size: 0, avg network size: 0, si_in_serializable: 0 0 %, local: 0 %
I1126 15:21:52.582535 1002073 Coordinator.h:152] average commit: 927198 abort: 370802 (0/370802/0), network size: 0, avg network size: 0, si_in_serializable: 0 0 %, local: 0 %
I1126 15:21:52.582791 1002099 AriaExecutor.h:107] AriaExecutor 7 exits. 
I1126 15:21:52.582798 1002095 AriaExecutor.h:107] AriaExecutor 3 exits. 
I1126 15:21:52.582813 1002096 AriaExecutor.h:107] AriaExecutor 4 exits. 
I1126 15:21:52.582799 1002092 AriaExecutor.h:107] AriaExecutor 0 exits. 
I1126 15:21:52.582806 1002100 AriaExecutor.h:107] AriaExecutor 8 exits. 
I1126 15:21:52.582792 1002103 AriaExecutor.h:107] AriaExecutor 11 exits. 
I1126 15:21:52.582792 1002097 AriaExecutor.h:107] AriaExecutor 5 exits. 
I1126 15:21:52.582809 1002093 AriaExecutor.h:107] AriaExecutor 1 exits. 
I1126 15:21:52.582804 1002102 AriaExecutor.h:107] AriaExecutor 10 exits. 
I1126 15:21:52.582806 1002098 AriaExecutor.h:107] AriaExecutor 6 exits. 
I1126 15:21:52.582791 1002101 AriaExecutor.h:107] AriaExecutor 9 exits. 
I1126 15:21:52.582813 1002104 Manager.h:227] Manager(worker id = 12) on the coordinator node exits.
I1126 15:21:52.582811 1002094 AriaExecutor.h:107] AriaExecutor 2 exits. 
I1126 15:21:52.582543 1002073 AriaExecutor.h:705] Worker 0 latency: 6029 us (50%) 6465 us (75%) 6769 us (95%) 6875 us (99%).
I1126 15:21:52.668650 1002073 AriaExecutor.h:705] Worker 1 latency: 6016 us (50%) 6459 us (75%) 6766 us (95%) 6873 us (99%).
I1126 15:21:52.744623 1002073 AriaExecutor.h:705] Worker 2 latency: 6031 us (50%) 6462 us (75%) 6764 us (95%) 6870 us (99%).
I1126 15:21:52.828749 1002073 AriaExecutor.h:705] Worker 3 latency: 6019 us (50%) 6462 us (75%) 6768 us (95%) 6877 us (99%).
I1126 15:21:52.903462 1002073 AriaExecutor.h:705] Worker 4 latency: 6024 us (50%) 6461 us (75%) 6766 us (95%) 6871 us (99%).
I1126 15:21:52.988020 1002073 AriaExecutor.h:705] Worker 5 latency: 6020 us (50%) 6462 us (75%) 6768 us (95%) 6876 us (99%).
I1126 15:21:53.065243 1002073 AriaExecutor.h:705] Worker 6 latency: 6030 us (50%) 6464 us (75%) 6766 us (95%) 6871 us (99%).
I1126 15:21:53.149477 1002073 AriaExecutor.h:705] Worker 7 latency: 6018 us (50%) 6463 us (75%) 6768 us (95%) 6876 us (99%).
I1126 15:21:53.226207 1002073 AriaExecutor.h:705] Worker 8 latency: 6026 us (50%) 6462 us (75%) 6768 us (95%) 6874 us (99%).
I1126 15:21:53.302002 1002073 AriaExecutor.h:705] Worker 9 latency: 6019 us (50%) 6461 us (75%) 6766 us (95%) 6874 us (99%).
I1126 15:21:53.377732 1002073 AriaExecutor.h:705] Worker 10 latency: 6037 us (50%) 6468 us (75%) 6769 us (95%) 6874 us (99%).
I1126 15:21:53.453495 1002073 AriaExecutor.h:705] Worker 11 latency: 6015 us (50%) 6459 us (75%) 6767 us (95%) 6875 us (99%).
I1126 15:21:53.530416 1002073 Coordinator.h:177] total commit: 927198
I1126 15:21:54.530548 1002073 Coordinator.h:192] Coordinator exits.
