I1126 13:29:20.247716 933897 Database.h:65] ycsb initialization finished in 30 milliseconds.
I1126 13:29:20.247810 933897 Coordinator.h:30] Coordinator initializes 12 workers.
I1126 13:29:20.255347 933897 Coordinator.h:77] Coordinator starts to run 13 workers.
I1126 13:29:20.255402 933919 AriaExecutor.h:82] AriaExecutor 0 started. 
I1126 13:29:20.255435 933920 AriaExecutor.h:82] AriaExecutor 1 started. 
I1126 13:29:20.255470 933921 AriaExecutor.h:82] AriaExecutor 2 started. 
I1126 13:29:20.255515 933922 AriaExecutor.h:82] AriaExecutor 3 started. 
I1126 13:29:20.255594 933924 AriaExecutor.h:82] AriaExecutor 5 started. 
I1126 13:29:20.255628 933925 AriaExecutor.h:82] AriaExecutor 6 started. 
I1126 13:29:20.255672 933926 AriaExecutor.h:82] AriaExecutor 7 started. 
I1126 13:29:20.255704 933927 AriaExecutor.h:82] AriaExecutor 8 started. 
I1126 13:29:20.255753 933928 AriaExecutor.h:82] AriaExecutor 9 started. 
I1126 13:29:20.255790 933929 AriaExecutor.h:82] AriaExecutor 10 started. 
I1126 13:29:20.255843 933930 AriaExecutor.h:82] AriaExecutor 11 started. 
I1126 13:29:20.255874 933923 AriaExecutor.h:82] AriaExecutor 4 started. 
I1126 13:29:20.255887 933931 Manager.h:224] Manager(worker id = 12) on the coordinator node started.
I1126 13:29:21.255944 933897 Coordinator.h:126] commit: 74787 abort: 153213 (0/153213/0), network size: 0, avg network size: 0, si_in_serializable: 0 0 %, local: 0 %
I1126 13:29:22.256062 933897 Coordinator.h:126] commit: 74944 abort: 153056 (0/153056/0), network size: 0, avg network size: 0, si_in_serializable: 0 0 %, local: 0 %
I1126 13:29:23.256183 933897 Coordinator.h:126] commit: 75660 abort: 154340 (0/154340/0), network size: 0, avg network size: 0, si_in_serializable: 0 0 %, local: 0 %
I1126 13:29:24.256279 933897 Coordinator.h:126] commit: 75555 abort: 155445 (0/155445/0), network size: 0, avg network size: 0, si_in_serializable: 0 0 %, local: 0 %
I1126 13:29:25.256377 933897 Coordinator.h:126] commit: 75954 abort: 155046 (0/155046/0), network size: 0, avg network size: 0, si_in_serializable: 0 0 %, local: 0 %
I1126 13:29:26.256470 933897 Coordinator.h:126] commit: 75084 abort: 153916 (0/153916/0), network size: 0, avg network size: 0, si_in_serializable: 0 0 %, local: 0 %
I1126 13:29:27.256608 933897 Coordinator.h:126] commit: 76052 abort: 155948 (0/155948/0), network size: 0, avg network size: 0, si_in_serializable: 0 0 %, local: 0 %
I1126 13:29:28.256727 933897 Coordinator.h:126] commit: 76096 abort: 155904 (0/155904/0), network size: 0, avg network size: 0, si_in_serializable: 0 0 %, local: 0 %
I1126 13:29:29.256845 933897 Coordinator.h:126] commit: 75920 abort: 156080 (0/156080/0), network size: 0, avg network size: 0, si_in_serializable: 0 0 %, local: 0 %
I1126 13:29:30.256947 933897 Coordinator.h:126] commit: 76090 abort: 155910 (0/155910/0), network size: 0, avg network size: 0, si_in_serializable: 0 0 %, local: 0 %
I1126 13:29:31.257050 933897 Coordinator.h:126] commit: 75718 abort: 155282 (0/155282/0), network size: 0, avg network size: 0, si_in_serializable: 0 0 %, local: 0 %
I1126 13:29:32.257153 933897 Coordinator.h:126] commit: 76140 abort: 155860 (0/155860/0), network size: 0, avg network size: 0, si_in_serializable: 0 0 %, local: 0 %
I1126 13:29:33.257261 933897 Coordinator.h:126] commit: 75424 abort: 154576 (0/154576/0), network size: 0, avg network size: 0, si_in_serializable: 0 0 %, local: 0 %
I1126 13:29:34.257365 933897 Coordinator.h:126] commit: 75648 abort: 155352 (0/155352/0), network size: 0, avg network size: 0, si_in_serializable: 0 0 %, local: 0 %
I1126 13:29:35.257489 933897 Coordinator.h:126] commit: 75820 abort: 155180 (0/155180/0), network size: 0, avg network size: 0, si_in_serializable: 0 0 %, local: 0 %
I1126 13:29:36.257586 933897 Coordinator.h:126] commit: 75932 abort: 155068 (0/155068/0), network size: 0, avg network size: 0, si_in_serializable: 0 0 %, local: 0 %
I1126 13:29:37.257673 933897 Coordinator.h:126] commit: 75635 abort: 155365 (0/155365/0), network size: 0, avg network size: 0, si_in_serializable: 0 0 %, local: 0 %
I1126 13:29:38.257776 933897 Coordinator.h:126] commit: 76309 abort: 155691 (0/155691/0), network size: 0, avg network size: 0, si_in_serializable: 0 0 %, local: 0 %
I1126 13:29:39.257861 933897 Coordinator.h:126] commit: 75908 abort: 156092 (0/156092/0), network size: 0, avg network size: 0, si_in_serializable: 0 0 %, local: 0 %
I1126 13:29:40.257957 933897 Coordinator.h:126] commit: 75714 abort: 155286 (0/155286/0), network size: 0, avg network size: 0, si_in_serializable: 0 0 %, local: 0 %
I1126 13:29:41.258055 933897 Coordinator.h:126] commit: 74435 abort: 152565 (0/152565/0), network size: 0, avg network size: 0, si_in_serializable: 0 0 %, local: 0 %
I1126 13:29:42.258160 933897 Coordinator.h:126] commit: 75779 abort: 155221 (0/155221/0), network size: 0, avg network size: 0, si_in_serializable: 0 0 %, local: 0 %
I1126 13:29:43.258248 933897 Coordinator.h:126] commit: 75800 abort: 155200 (0/155200/0), network size: 0, avg network size: 0, si_in_serializable: 0 0 %, local: 0 %
I1126 13:29:44.258358 933897 Coordinator.h:126] commit: 76261 abort: 155739 (0/155739/0), network size: 0, avg network size: 0, si_in_serializable: 0 0 %, local: 0 %
I1126 13:29:45.258457 933897 Coordinator.h:126] commit: 75579 abort: 155421 (0/155421/0), network size: 0, avg network size: 0, si_in_serializable: 0 0 %, local: 0 %
I1126 13:29:45.258486 933897 Coordinator.h:152] average commit: 75824.8 abort: 155375 (0/155375/0), network size: 0, avg network size: 0, si_in_serializable: 0 0 %, local: 0 %
I1126 13:29:45.262701 933923 AriaExecutor.h:94] AriaExecutor 4 exits. 
I1126 13:29:45.262707 933931 Manager.h:227] Manager(worker id = 12) on the coordinator node exits.
I1126 13:29:45.262703 933921 AriaExecutor.h:94] AriaExecutor 2 exits. 
I1126 13:29:45.262713 933920 AriaExecutor.h:94] AriaExecutor 1 exits. 
I1126 13:29:45.262703 933927 AriaExecutor.h:94] AriaExecutor 8 exits. 
I1126 13:29:45.262701 933929 AriaExecutor.h:94] AriaExecutor 10 exits. 
I1126 13:29:45.262702 933925 AriaExecutor.h:94] AriaExecutor 6 exits. 
I1126 13:29:45.262713 933926 AriaExecutor.h:94] AriaExecutor 7 exits. 
I1126 13:29:45.262713 933930 AriaExecutor.h:94] AriaExecutor 11 exits. 
I1126 13:29:45.262713 933924 AriaExecutor.h:94] AriaExecutor 5 exits. 
I1126 13:29:45.262713 933928 AriaExecutor.h:94] AriaExecutor 9 exits. 
I1126 13:29:45.262717 933922 AriaExecutor.h:94] AriaExecutor 3 exits. 
I1126 13:29:45.262703 933919 AriaExecutor.h:94] AriaExecutor 0 exits. 
I1126 13:29:45.258495 933897 AriaExecutor.h:535] Worker 0 latency: 3818 us (50%) 4044 us (75%) 4198 us (95%) 4266 us (99%).
I1126 13:29:45.266505 933897 AriaExecutor.h:535] Worker 1 latency: 3815 us (50%) 4041 us (75%) 4197 us (95%) 4263 us (99%).
I1126 13:29:45.274551 933897 AriaExecutor.h:535] Worker 2 latency: 3815 us (50%) 4042 us (75%) 4197 us (95%) 4264 us (99%).
I1126 13:29:45.282503 933897 AriaExecutor.h:535] Worker 3 latency: 3819 us (50%) 4043 us (75%) 4198 us (95%) 4264 us (99%).
I1126 13:29:45.290371 933897 AriaExecutor.h:535] Worker 4 latency: 3815 us (50%) 4042 us (75%) 4197 us (95%) 4264 us (99%).
I1126 13:29:45.298296 933897 AriaExecutor.h:535] Worker 5 latency: 3814 us (50%) 4042 us (75%) 4197 us (95%) 4264 us (99%).
I1126 13:29:45.306262 933897 AriaExecutor.h:535] Worker 6 latency: 3818 us (50%) 4043 us (75%) 4197 us (95%) 4263 us (99%).
I1126 13:29:45.314103 933897 AriaExecutor.h:535] Worker 7 latency: 3808 us (50%) 4033 us (75%) 4196 us (95%) 4261 us (99%).
I1126 13:29:45.321985 933897 AriaExecutor.h:535] Worker 8 latency: 3816 us (50%) 4042 us (75%) 4197 us (95%) 4262 us (99%).
I1126 13:29:45.329912 933897 AriaExecutor.h:535] Worker 9 latency: 3816 us (50%) 4042 us (75%) 4197 us (95%) 4263 us (99%).
I1126 13:29:45.337661 933897 AriaExecutor.h:535] Worker 10 latency: 3814 us (50%) 4040 us (75%) 4196 us (95%) 4263 us (99%).
I1126 13:29:45.345381 933897 AriaExecutor.h:535] Worker 11 latency: 3818 us (50%) 4043 us (75%) 4197 us (95%) 4264 us (99%).
I1126 13:29:45.353292 933897 Coordinator.h:177] total commit: 75824.8
I1126 13:29:46.353397 933897 Coordinator.h:192] Coordinator exits.
