I1126 13:39:59.057662 940892 Database.h:65] ycsb initialization finished in 29 milliseconds.
I1126 13:39:59.057755 940892 Coordinator.h:30] Coordinator initializes 12 workers.
I1126 13:39:59.065264 940892 Coordinator.h:77] Coordinator starts to run 13 workers.
I1126 13:39:59.065358 940908 AriaExecutor.h:82] AriaExecutor 0 started. 
I1126 13:39:59.065374 940909 AriaExecutor.h:82] AriaExecutor 1 started. 
I1126 13:39:59.065451 940910 AriaExecutor.h:82] AriaExecutor 2 started. 
I1126 13:39:59.065485 940911 AriaExecutor.h:82] AriaExecutor 3 started. 
I1126 13:39:59.065521 940912 AriaExecutor.h:82] AriaExecutor 4 started. 
I1126 13:39:59.065557 940913 AriaExecutor.h:82] AriaExecutor 5 started. 
I1126 13:39:59.065598 940914 AriaExecutor.h:82] AriaExecutor 6 started. 
I1126 13:39:59.065623 940915 AriaExecutor.h:82] AriaExecutor 7 started. 
I1126 13:39:59.065671 940916 AriaExecutor.h:82] AriaExecutor 8 started. 
I1126 13:39:59.065701 940917 AriaExecutor.h:82] AriaExecutor 9 started. 
I1126 13:39:59.065747 940918 AriaExecutor.h:82] AriaExecutor 10 started. 
I1126 13:39:59.065769 940919 AriaExecutor.h:82] AriaExecutor 11 started. 
I1126 13:39:59.065810 940920 Manager.h:224] Manager(worker id = 12) on the coordinator node started.
I1126 13:40:00.065860 940892 Coordinator.h:126] commit: 33826 abort: 199174 (0/199174/0), network size: 0, avg network size: 0, si_in_serializable: 0 0 %, local: 0 %
I1126 13:40:01.065984 940892 Coordinator.h:126] commit: 33901 abort: 200099 (0/200099/0), network size: 0, avg network size: 0, si_in_serializable: 0 0 %, local: 0 %
I1126 13:40:02.066144 940892 Coordinator.h:126] commit: 34723 abort: 203277 (0/203277/0), network size: 0, avg network size: 0, si_in_serializable: 0 0 %, local: 0 %
I1126 13:40:03.066243 940892 Coordinator.h:126] commit: 34742 abort: 203258 (0/203258/0), network size: 0, avg network size: 0, si_in_serializable: 0 0 %, local: 0 %
I1126 13:40:04.066324 940892 Coordinator.h:126] commit: 34546 abort: 203454 (0/203454/0), network size: 0, avg network size: 0, si_in_serializable: 0 0 %, local: 0 %
I1126 13:40:05.066404 940892 Coordinator.h:126] commit: 34322 abort: 201678 (0/201678/0), network size: 0, avg network size: 0, si_in_serializable: 0 0 %, local: 0 %
I1126 13:40:06.066509 940892 Coordinator.h:126] commit: 34758 abort: 204242 (0/204242/0), network size: 0, avg network size: 0, si_in_serializable: 0 0 %, local: 0 %
I1126 13:40:07.066603 940892 Coordinator.h:126] commit: 34973 abort: 206027 (0/206027/0), network size: 0, avg network size: 0, si_in_serializable: 0 0 %, local: 0 %
I1126 13:40:08.066685 940892 Coordinator.h:126] commit: 34791 abort: 204209 (0/204209/0), network size: 0, avg network size: 0, si_in_serializable: 0 0 %, local: 0 %
I1126 13:40:09.066766 940892 Coordinator.h:126] commit: 35260 abort: 205337 (0/205337/0), network size: 0, avg network size: 0, si_in_serializable: 0 0 %, local: 0 %
I1126 13:40:10.066844 940892 Coordinator.h:126] commit: 34534 abort: 203869 (0/203869/0), network size: 0, avg network size: 0, si_in_serializable: 0 0 %, local: 0 %
I1126 13:40:11.066923 940892 Coordinator.h:126] commit: 34116 abort: 201884 (0/201884/0), network size: 0, avg network size: 0, si_in_serializable: 0 0 %, local: 0 %
I1126 13:40:12.067003 940892 Coordinator.h:126] commit: 34825 abort: 203175 (0/203175/0), network size: 0, avg network size: 0, si_in_serializable: 0 0 %, local: 0 %
I1126 13:40:13.067106 940892 Coordinator.h:126] commit: 34953 abort: 204047 (0/204047/0), network size: 0, avg network size: 0, si_in_serializable: 0 0 %, local: 0 %
I1126 13:40:14.067188 940892 Coordinator.h:126] commit: 34891 abort: 203109 (0/203109/0), network size: 0, avg network size: 0, si_in_serializable: 0 0 %, local: 0 %
I1126 13:40:15.067267 940892 Coordinator.h:126] commit: 34815 abort: 205185 (0/205185/0), network size: 0, avg network size: 0, si_in_serializable: 0 0 %, local: 0 %
I1126 13:40:16.067344 940892 Coordinator.h:126] commit: 34631 abort: 203369 (0/203369/0), network size: 0, avg network size: 0, si_in_serializable: 0 0 %, local: 0 %
I1126 13:40:17.067421 940892 Coordinator.h:126] commit: 34799 abort: 204201 (0/204201/0), network size: 0, avg network size: 0, si_in_serializable: 0 0 %, local: 0 %
I1126 13:40:18.067499 940892 Coordinator.h:126] commit: 34553 abort: 204447 (0/204447/0), network size: 0, avg network size: 0, si_in_serializable: 0 0 %, local: 0 %
I1126 13:40:19.067577 940892 Coordinator.h:126] commit: 34279 abort: 201721 (0/201721/0), network size: 0, avg network size: 0, si_in_serializable: 0 0 %, local: 0 %
I1126 13:40:20.067655 940892 Coordinator.h:126] commit: 34906 abort: 204094 (0/204094/0), network size: 0, avg network size: 0, si_in_serializable: 0 0 %, local: 0 %
I1126 13:40:21.067734 940892 Coordinator.h:126] commit: 34738 abort: 204262 (0/204262/0), network size: 0, avg network size: 0, si_in_serializable: 0 0 %, local: 0 %
I1126 13:40:22.067817 940892 Coordinator.h:126] commit: 34656 abort: 203344 (0/203344/0), network size: 0, avg network size: 0, si_in_serializable: 0 0 %, local: 0 %
I1126 13:40:23.067900 940892 Coordinator.h:126] commit: 34767 abort: 204233 (0/204233/0), network size: 0, avg network size: 0, si_in_serializable: 0 0 %, local: 0 %
I1126 13:40:24.067981 940892 Coordinator.h:126] commit: 34655 abort: 203345 (0/203345/0), network size: 0, avg network size: 0, si_in_serializable: 0 0 %, local: 0 %
I1126 13:40:24.067996 940892 Coordinator.h:152] average commit: 34639.6 abort: 203501 (0/203501/0), network size: 0, avg network size: 0, si_in_serializable: 0 0 %, local: 0 %
I1126 13:40:24.069028 940919 AriaExecutor.h:94] AriaExecutor 11 exits. 
I1126 13:40:24.069028 940915 AriaExecutor.h:94] AriaExecutor 7 exits. 
I1126 13:40:24.069038 940910 AriaExecutor.h:94] AriaExecutor 2 exits. 
I1126 13:40:24.069029 940908 AriaExecutor.h:94] AriaExecutor 0 exits. 
I1126 13:40:24.069038 940914 AriaExecutor.h:94] AriaExecutor 6 exits. 
I1126 13:40:24.069028 940913 AriaExecutor.h:94] AriaExecutor 5 exits. 
I1126 13:40:24.069039 940909 AriaExecutor.h:94] AriaExecutor 1 exits. 
I1126 13:40:24.069038 940918 AriaExecutor.h:94] AriaExecutor 10 exits. 
I1126 13:40:24.069043 940920 Manager.h:227] Manager(worker id = 12) on the coordinator node exits.
I1126 13:40:24.069028 940917 AriaExecutor.h:94] AriaExecutor 9 exits. 
I1126 13:40:24.069029 940911 AriaExecutor.h:94] AriaExecutor 3 exits. 
I1126 13:40:24.069041 940916 AriaExecutor.h:94] AriaExecutor 8 exits. 
I1126 13:40:24.069039 940912 AriaExecutor.h:94] AriaExecutor 4 exits. 
I1126 13:40:24.068006 940892 AriaExecutor.h:535] Worker 0 latency: 3939 us (50%) 4076 us (75%) 4182 us (95%) 4253 us (99%).
I1126 13:40:24.071938 940892 AriaExecutor.h:535] Worker 1 latency: 3942 us (50%) 4077 us (75%) 4182 us (95%) 4248 us (99%).
I1126 13:40:24.075721 940892 AriaExecutor.h:535] Worker 2 latency: 3939 us (50%) 4075 us (75%) 4182 us (95%) 4252 us (99%).
I1126 13:40:24.079489 940892 AriaExecutor.h:535] Worker 3 latency: 3942 us (50%) 4078 us (75%) 4182 us (95%) 4251 us (99%).
I1126 13:40:24.083236 940892 AriaExecutor.h:535] Worker 4 latency: 3937 us (50%) 4075 us (75%) 4182 us (95%) 4253 us (99%).
I1126 13:40:24.087036 940892 AriaExecutor.h:535] Worker 5 latency: 3940 us (50%) 4077 us (75%) 4182 us (95%) 4252 us (99%).
I1126 13:40:24.090731 940892 AriaExecutor.h:535] Worker 6 latency: 3936 us (50%) 4074 us (75%) 4181 us (95%) 4250 us (99%).
I1126 13:40:24.094419 940892 AriaExecutor.h:535] Worker 7 latency: 3939 us (50%) 4075 us (75%) 4181 us (95%) 4248 us (99%).
I1126 13:40:24.098117 940892 AriaExecutor.h:535] Worker 8 latency: 3937 us (50%) 4075 us (75%) 4181 us (95%) 4251 us (99%).
I1126 13:40:24.101759 940892 AriaExecutor.h:535] Worker 9 latency: 3936 us (50%) 4075 us (75%) 4181 us (95%) 4248 us (99%).
I1126 13:40:24.105391 940892 AriaExecutor.h:535] Worker 10 latency: 3933 us (50%) 4074 us (75%) 4181 us (95%) 4251 us (99%).
I1126 13:40:24.108974 940892 AriaExecutor.h:535] Worker 11 latency: 3939 us (50%) 4075 us (75%) 4181 us (95%) 4247 us (99%).
I1126 13:40:24.112552 940892 Coordinator.h:177] total commit: 34639.6
I1126 13:40:25.112672 940892 Coordinator.h:192] Coordinator exits.
