I0911 22:12:45.106115 2932394 Database.h:65] ycsb initialization finished in 146 milliseconds.
I0911 22:12:45.106225 2932394 Coordinator.h:30] Coordinator initializes 16 workers.
I0911 22:12:45.228375 2932394 Coordinator.h:77] Coordinator starts to run 17 workers.
I0911 22:12:45.228433 2932416 AriaExecutor.h:82] AriaExecutor 0 started. 
I0911 22:12:45.228470 2932417 AriaExecutor.h:82] AriaExecutor 1 started. 
I0911 22:12:45.228502 2932418 AriaExecutor.h:82] AriaExecutor 2 started. 
I0911 22:12:45.228561 2932419 AriaExecutor.h:82] AriaExecutor 3 started. 
I0911 22:12:45.228598 2932420 AriaExecutor.h:82] AriaExecutor 4 started. 
I0911 22:12:45.228649 2932421 AriaExecutor.h:82] AriaExecutor 5 started. 
I0911 22:12:45.228683 2932422 AriaExecutor.h:82] AriaExecutor 6 started. 
I0911 22:12:45.228727 2932423 AriaExecutor.h:82] AriaExecutor 7 started. 
I0911 22:12:45.228758 2932424 AriaExecutor.h:82] AriaExecutor 8 started. 
I0911 22:12:45.228802 2932425 AriaExecutor.h:82] AriaExecutor 9 started. 
I0911 22:12:45.228835 2932426 AriaExecutor.h:82] AriaExecutor 10 started. 
I0911 22:12:45.228878 2932427 AriaExecutor.h:82] AriaExecutor 11 started. 
I0911 22:12:45.228921 2932428 AriaExecutor.h:82] AriaExecutor 12 started. 
I0911 22:12:45.228971 2932429 AriaExecutor.h:82] AriaExecutor 13 started. 
I0911 22:12:45.229009 2932430 AriaExecutor.h:82] AriaExecutor 14 started. 
I0911 22:12:45.229066 2932431 AriaExecutor.h:82] AriaExecutor 15 started. 
I0911 22:12:45.229102 2932432 Manager.h:224] Manager(worker id = 16) on the coordinator node started.
I0911 22:12:46.229162 2932394 Coordinator.h:126] commit: 6431 abort: 121569 (0/121569/0), network size: 0, avg network size: 0, si_in_serializable: 0 0 %, local: 0 %
I0911 22:12:47.229288 2932394 Coordinator.h:126] commit: 8080 abort: 151920 (0/151920/0), network size: 0, avg network size: 0, si_in_serializable: 0 0 %, local: 0 %
I0911 22:12:48.229377 2932394 Coordinator.h:126] commit: 7311 abort: 136689 (0/136689/0), network size: 0, avg network size: 0, si_in_serializable: 0 0 %, local: 0 %
I0911 22:12:49.229451 2932394 Coordinator.h:126] commit: 7354 abort: 136646 (0/136646/0), network size: 0, avg network size: 0, si_in_serializable: 0 0 %, local: 0 %
I0911 22:12:50.229530 2932394 Coordinator.h:126] commit: 8201 abort: 151799 (0/151799/0), network size: 0, avg network size: 0, si_in_serializable: 0 0 %, local: 0 %
I0911 22:12:51.229656 2932394 Coordinator.h:126] commit: 8163 abort: 151837 (0/151837/0), network size: 0, avg network size: 0, si_in_serializable: 0 0 %, local: 0 %
I0911 22:12:52.229753 2932394 Coordinator.h:126] commit: 8093 abort: 151907 (0/151907/0), network size: 0, avg network size: 0, si_in_serializable: 0 0 %, local: 0 %
I0911 22:12:53.229849 2932394 Coordinator.h:126] commit: 8261 abort: 151739 (0/151739/0), network size: 0, avg network size: 0, si_in_serializable: 0 0 %, local: 0 %
I0911 22:12:54.229948 2932394 Coordinator.h:126] commit: 7280 abort: 136720 (0/136720/0), network size: 0, avg network size: 0, si_in_serializable: 0 0 %, local: 0 %
I0911 22:12:55.230039 2932394 Coordinator.h:126] commit: 8130 abort: 151870 (0/151870/0), network size: 0, avg network size: 0, si_in_serializable: 0 0 %, local: 0 %
I0911 22:12:56.230116 2932394 Coordinator.h:126] commit: 8097 abort: 151903 (0/151903/0), network size: 0, avg network size: 0, si_in_serializable: 0 0 %, local: 0 %
I0911 22:12:57.230192 2932394 Coordinator.h:126] commit: 8197 abort: 151803 (0/151803/0), network size: 0, avg network size: 0, si_in_serializable: 0 0 %, local: 0 %
I0911 22:12:58.230265 2932394 Coordinator.h:126] commit: 8099 abort: 151901 (0/151901/0), network size: 0, avg network size: 0, si_in_serializable: 0 0 %, local: 0 %
I0911 22:12:59.230338 2932394 Coordinator.h:126] commit: 8120 abort: 151880 (0/151880/0), network size: 0, avg network size: 0, si_in_serializable: 0 0 %, local: 0 %
I0911 22:13:00.230414 2932394 Coordinator.h:126] commit: 8231 abort: 151769 (0/151769/0), network size: 0, avg network size: 0, si_in_serializable: 0 0 %, local: 0 %
I0911 22:13:01.230494 2932394 Coordinator.h:126] commit: 8155 abort: 151845 (0/151845/0), network size: 0, avg network size: 0, si_in_serializable: 0 0 %, local: 0 %
I0911 22:13:02.230599 2932394 Coordinator.h:126] commit: 8187 abort: 151813 (0/151813/0), network size: 0, avg network size: 0, si_in_serializable: 0 0 %, local: 0 %
I0911 22:13:03.230679 2932394 Coordinator.h:126] commit: 8161 abort: 151839 (0/151839/0), network size: 0, avg network size: 0, si_in_serializable: 0 0 %, local: 0 %
I0911 22:13:04.230756 2932394 Coordinator.h:126] commit: 8153 abort: 151847 (0/151847/0), network size: 0, avg network size: 0, si_in_serializable: 0 0 %, local: 0 %
I0911 22:13:05.230844 2932394 Coordinator.h:126] commit: 8956 abort: 167044 (0/167044/0), network size: 0, avg network size: 0, si_in_serializable: 0 0 %, local: 0 %
I0911 22:13:06.230928 2932394 Coordinator.h:126] commit: 8167 abort: 151833 (0/151833/0), network size: 0, avg network size: 0, si_in_serializable: 0 0 %, local: 0 %
I0911 22:13:07.231011 2932394 Coordinator.h:126] commit: 8143 abort: 151857 (0/151857/0), network size: 0, avg network size: 0, si_in_serializable: 0 0 %, local: 0 %
I0911 22:13:08.231101 2932394 Coordinator.h:126] commit: 8207 abort: 151793 (0/151793/0), network size: 0, avg network size: 0, si_in_serializable: 0 0 %, local: 0 %
I0911 22:13:09.231190 2932394 Coordinator.h:126] commit: 8119 abort: 151881 (0/151881/0), network size: 0, avg network size: 0, si_in_serializable: 0 0 %, local: 0 %
I0911 22:13:10.231282 2932394 Coordinator.h:126] commit: 8131 abort: 151869 (0/151869/0), network size: 0, avg network size: 0, si_in_serializable: 0 0 %, local: 0 %
I0911 22:13:10.231302 2932394 Coordinator.h:152] average commit: 8235.6 abort: 153364 (0/153364/0), network size: 0, avg network size: 0, si_in_serializable: 0 0 %, local: 0 %
I0911 22:13:10.231314 2932394 AriaExecutor.h:535] Worker 0 latency: 97501 us (50%) 98883 us (75%) 109774 us (95%) 123608 us (99%).
I0911 22:13:10.292038 2932430 AriaExecutor.h:94] AriaExecutor 14 exits. 
I0911 22:13:10.292039 2932432 Manager.h:227] Manager(worker id = 16) on the coordinator node exits.
I0911 22:13:10.292071 2932423 AriaExecutor.h:94] AriaExecutor 7 exits. 
I0911 22:13:10.292052 2932427 AriaExecutor.h:94] AriaExecutor 11 exits. 
I0911 22:13:10.292061 2932428 AriaExecutor.h:94] AriaExecutor 12 exits. 
I0911 22:13:10.292052 2932429 AriaExecutor.h:94] AriaExecutor 13 exits. 
I0911 22:13:10.292052 2932425 AriaExecutor.h:94] AriaExecutor 9 exits. 
I0911 22:13:10.292052 2932421 AriaExecutor.h:94] AriaExecutor 5 exits. 
I0911 22:13:10.292038 2932418 AriaExecutor.h:94] AriaExecutor 2 exits. 
I0911 22:13:10.292052 2932419 AriaExecutor.h:94] AriaExecutor 3 exits. 
I0911 22:13:10.292040 2932426 AriaExecutor.h:94] AriaExecutor 10 exits. 
I0911 22:13:10.292052 2932417 AriaExecutor.h:94] AriaExecutor 1 exits. 
I0911 22:13:10.292053 2932431 AriaExecutor.h:94] AriaExecutor 15 exits. 
I0911 22:13:10.292061 2932422 AriaExecutor.h:94] AriaExecutor 6 exits. 
I0911 22:13:10.292042 2932420 AriaExecutor.h:94] AriaExecutor 4 exits. 
I0911 22:13:10.292045 2932424 AriaExecutor.h:94] AriaExecutor 8 exits. 
I0911 22:13:10.292045 2932416 AriaExecutor.h:94] AriaExecutor 0 exits. 
I0911 22:13:10.292569 2932394 AriaExecutor.h:535] Worker 1 latency: 97473 us (50%) 98867 us (75%) 109757 us (95%) 123793 us (99%).
I0911 22:13:10.293212 2932394 AriaExecutor.h:535] Worker 2 latency: 97453 us (50%) 98773 us (75%) 109629 us (95%) 123655 us (99%).
I0911 22:13:10.293807 2932394 AriaExecutor.h:535] Worker 3 latency: 97447 us (50%) 98809 us (75%) 109940 us (95%) 123823 us (99%).
I0911 22:13:10.294461 2932394 AriaExecutor.h:535] Worker 4 latency: 97469 us (50%) 98774 us (75%) 109710 us (95%) 123803 us (99%).
I0911 22:13:10.295066 2932394 AriaExecutor.h:535] Worker 5 latency: 97464 us (50%) 98855 us (75%) 109839 us (95%) 123821 us (99%).
I0911 22:13:10.295709 2932394 AriaExecutor.h:535] Worker 6 latency: 97443 us (50%) 98812 us (75%) 109688 us (95%) 123791 us (99%).
I0911 22:13:10.296317 2932394 AriaExecutor.h:535] Worker 7 latency: 97467 us (50%) 98780 us (75%) 109559 us (95%) 123702 us (99%).
I0911 22:13:10.296958 2932394 AriaExecutor.h:535] Worker 8 latency: 97469 us (50%) 98820 us (75%) 109910 us (95%) 123744 us (99%).
I0911 22:13:10.297538 2932394 AriaExecutor.h:535] Worker 9 latency: 97478 us (50%) 98843 us (75%) 109652 us (95%) 123758 us (99%).
I0911 22:13:10.298179 2932394 AriaExecutor.h:535] Worker 10 latency: 97425 us (50%) 98782 us (75%) 109705 us (95%) 123493 us (99%).
I0911 22:13:10.298786 2932394 AriaExecutor.h:535] Worker 11 latency: 97437 us (50%) 98828 us (75%) 109763 us (95%) 123629 us (99%).
I0911 22:13:10.299427 2932394 AriaExecutor.h:535] Worker 12 latency: 97446 us (50%) 98867 us (75%) 109874 us (95%) 123615 us (99%).
I0911 22:13:10.300011 2932394 AriaExecutor.h:535] Worker 13 latency: 97489 us (50%) 98886 us (75%) 110002 us (95%) 123888 us (99%).
I0911 22:13:10.300622 2932394 AriaExecutor.h:535] Worker 14 latency: 97420 us (50%) 98778 us (75%) 109621 us (95%) 123577 us (99%).
I0911 22:13:10.301231 2932394 AriaExecutor.h:535] Worker 15 latency: 97428 us (50%) 98811 us (75%) 109850 us (95%) 123973 us (99%).
I0911 22:13:10.301868 2932394 Coordinator.h:177] total commit: 8235.6
I0911 22:13:11.301982 2932394 Coordinator.h:192] Coordinator exits.
