I0911 22:55:34.934988 2940601 Database.h:65] ycsb initialization finished in 172 milliseconds.
I0911 22:55:34.935101 2940601 Coordinator.h:30] Coordinator initializes 16 workers.
I0911 22:55:34.951330 2940601 Coordinator.h:77] Coordinator starts to run 17 workers.
I0911 22:55:34.951396 2940621 AriaExecutor.h:82] AriaExecutor 0 started. 
I0911 22:55:34.951437 2940622 AriaExecutor.h:82] AriaExecutor 1 started. 
I0911 22:55:34.951481 2940623 AriaExecutor.h:82] AriaExecutor 2 started. 
I0911 22:55:34.951536 2940624 AriaExecutor.h:82] AriaExecutor 3 started. 
I0911 22:55:34.951561 2940625 AriaExecutor.h:82] AriaExecutor 4 started. 
I0911 22:55:34.951606 2940626 AriaExecutor.h:82] AriaExecutor 5 started. 
I0911 22:55:34.951648 2940627 AriaExecutor.h:82] AriaExecutor 6 started. 
I0911 22:55:34.951696 2940628 AriaExecutor.h:82] AriaExecutor 7 started. 
I0911 22:55:34.951736 2940629 AriaExecutor.h:82] AriaExecutor 8 started. 
I0911 22:55:34.951781 2940630 AriaExecutor.h:82] AriaExecutor 9 started. 
I0911 22:55:34.951817 2940631 AriaExecutor.h:82] AriaExecutor 10 started. 
I0911 22:55:34.951860 2940632 AriaExecutor.h:82] AriaExecutor 11 started. 
I0911 22:55:34.951905 2940633 AriaExecutor.h:82] AriaExecutor 12 started. 
I0911 22:55:34.951947 2940634 AriaExecutor.h:82] AriaExecutor 13 started. 
I0911 22:55:34.951993 2940635 AriaExecutor.h:82] AriaExecutor 14 started. 
I0911 22:55:34.952034 2940636 AriaExecutor.h:82] AriaExecutor 15 started. 
I0911 22:55:34.952070 2940637 Manager.h:224] Manager(worker id = 16) on the coordinator node started.
I0911 22:55:35.952126 2940601 Coordinator.h:126] commit: 1941 abort: 190571 (0/190571/0), network size: 0, avg network size: 0, si_in_serializable: 0 0 %, local: 0 %
I0911 22:55:36.952246 2940601 Coordinator.h:126] commit: 1924 abort: 192636 (0/192636/0), network size: 0, avg network size: 0, si_in_serializable: 0 0 %, local: 0 %
I0911 22:55:37.952329 2940601 Coordinator.h:126] commit: 1911 abort: 188553 (0/188553/0), network size: 0, avg network size: 0, si_in_serializable: 0 0 %, local: 0 %
I0911 22:55:38.952415 2940601 Coordinator.h:126] commit: 1922 abort: 188542 (0/188542/0), network size: 0, avg network size: 0, si_in_serializable: 0 0 %, local: 0 %
I0911 22:55:39.952529 2940601 Coordinator.h:126] commit: 1984 abort: 196672 (0/196672/0), network size: 0, avg network size: 0, si_in_serializable: 0 0 %, local: 0 %
I0911 22:55:40.952618 2940601 Coordinator.h:126] commit: 2029 abort: 198675 (0/198675/0), network size: 0, avg network size: 0, si_in_serializable: 0 0 %, local: 0 %
I0911 22:55:41.952698 2940601 Coordinator.h:126] commit: 1994 abort: 198710 (0/198710/0), network size: 0, avg network size: 0, si_in_serializable: 0 0 %, local: 0 %
I0911 22:55:42.952777 2940601 Coordinator.h:126] commit: 2003 abort: 196653 (0/196653/0), network size: 0, avg network size: 0, si_in_serializable: 0 0 %, local: 0 %
I0911 22:55:43.952858 2940601 Coordinator.h:126] commit: 2010 abort: 198694 (0/198694/0), network size: 0, avg network size: 0, si_in_serializable: 0 0 %, local: 0 %
I0911 22:55:44.952940 2940601 Coordinator.h:126] commit: 1935 abort: 192625 (0/192625/0), network size: 0, avg network size: 0, si_in_serializable: 0 0 %, local: 0 %
I0911 22:55:45.953011 2940601 Coordinator.h:126] commit: 1977 abort: 198727 (0/198727/0), network size: 0, avg network size: 0, si_in_serializable: 0 0 %, local: 0 %
I0911 22:55:46.953083 2940601 Coordinator.h:126] commit: 1998 abort: 194610 (0/194610/0), network size: 0, avg network size: 0, si_in_serializable: 0 0 %, local: 0 %
I0911 22:55:47.953155 2940601 Coordinator.h:126] commit: 1959 abort: 198745 (0/198745/0), network size: 0, avg network size: 0, si_in_serializable: 0 0 %, local: 0 %
I0911 22:55:48.953251 2940601 Coordinator.h:126] commit: 1995 abort: 196661 (0/196661/0), network size: 0, avg network size: 0, si_in_serializable: 0 0 %, local: 0 %
I0911 22:55:49.953328 2940601 Coordinator.h:126] commit: 2034 abort: 200718 (0/200718/0), network size: 0, avg network size: 0, si_in_serializable: 0 0 %, local: 0 %
I0911 22:55:50.953401 2940601 Coordinator.h:126] commit: 2018 abort: 198686 (0/198686/0), network size: 0, avg network size: 0, si_in_serializable: 0 0 %, local: 0 %
I0911 22:55:51.953478 2940601 Coordinator.h:126] commit: 2030 abort: 198674 (0/198674/0), network size: 0, avg network size: 0, si_in_serializable: 0 0 %, local: 0 %
I0911 22:55:52.953552 2940601 Coordinator.h:126] commit: 2038 abort: 198666 (0/198666/0), network size: 0, avg network size: 0, si_in_serializable: 0 0 %, local: 0 %
I0911 22:55:53.953621 2940601 Coordinator.h:126] commit: 2010 abort: 198694 (0/198694/0), network size: 0, avg network size: 0, si_in_serializable: 0 0 %, local: 0 %
I0911 22:55:54.953691 2940601 Coordinator.h:126] commit: 2030 abort: 198674 (0/198674/0), network size: 0, avg network size: 0, si_in_serializable: 0 0 %, local: 0 %
I0911 22:55:55.953763 2940601 Coordinator.h:126] commit: 2013 abort: 198691 (0/198691/0), network size: 0, avg network size: 0, si_in_serializable: 0 0 %, local: 0 %
I0911 22:55:56.953843 2940601 Coordinator.h:126] commit: 2011 abort: 198693 (0/198693/0), network size: 0, avg network size: 0, si_in_serializable: 0 0 %, local: 0 %
I0911 22:55:57.953927 2940601 Coordinator.h:126] commit: 1984 abort: 194624 (0/194624/0), network size: 0, avg network size: 0, si_in_serializable: 0 0 %, local: 0 %
I0911 22:55:58.954007 2940601 Coordinator.h:126] commit: 2030 abort: 196626 (0/196626/0), network size: 0, avg network size: 0, si_in_serializable: 0 0 %, local: 0 %
I0911 22:55:59.954083 2940601 Coordinator.h:126] commit: 2028 abort: 198676 (0/198676/0), network size: 0, avg network size: 0, si_in_serializable: 0 0 %, local: 0 %
I0911 22:55:59.954097 2940601 Coordinator.h:152] average commit: 2008.9 abort: 198286 (0/198286/0), network size: 0, avg network size: 0, si_in_serializable: 0 0 %, local: 0 %
I0911 22:55:59.954113 2940601 AriaExecutor.h:535] Worker 0 latency: 10144 us (50%) 10196 us (75%) 10411 us (95%) 11629 us (99%).
I0911 22:55:59.963488 2940625 AriaExecutor.h:94] AriaExecutor 4 exits. 
I0911 22:55:59.963508 2940634 AriaExecutor.h:94] AriaExecutor 13 exits. 
I0911 22:55:59.963490 2940627 AriaExecutor.h:94] AriaExecutor 6 exits. 
I0911 22:55:59.963490 2940629 AriaExecutor.h:94] AriaExecutor 8 exits. 
I0911 22:55:59.963491 2940633 AriaExecutor.h:94] AriaExecutor 12 exits. 
I0911 22:55:59.963492 2940621 AriaExecutor.h:94] AriaExecutor 0 exits. 
I0911 22:55:59.963492 2940631 AriaExecutor.h:94] AriaExecutor 10 exits. 
I0911 22:55:59.963492 2940623 AriaExecutor.h:94] AriaExecutor 2 exits. 
I0911 22:55:59.963510 2940630 AriaExecutor.h:94] AriaExecutor 9 exits. 
I0911 22:55:59.963508 2940632 AriaExecutor.h:94] AriaExecutor 11 exits. 
I0911 22:55:59.963490 2940635 AriaExecutor.h:94] AriaExecutor 14 exits. 
I0911 22:55:59.963508 2940624 AriaExecutor.h:94] AriaExecutor 3 exits. 
I0911 22:55:59.963508 2940622 AriaExecutor.h:94] AriaExecutor 1 exits. 
I0911 22:55:59.963508 2940636 AriaExecutor.h:94] AriaExecutor 15 exits. 
I0911 22:55:59.963508 2940626 AriaExecutor.h:94] AriaExecutor 5 exits. 
I0911 22:55:59.963508 2940628 AriaExecutor.h:94] AriaExecutor 7 exits. 
I0911 22:55:59.963488 2940637 Manager.h:227] Manager(worker id = 16) on the coordinator node exits.
I0911 22:55:59.963866 2940601 AriaExecutor.h:535] Worker 1 latency: 10143 us (50%) 10196 us (75%) 10406 us (95%) 11993 us (99%).
I0911 22:55:59.964092 2940601 AriaExecutor.h:535] Worker 2 latency: 10139 us (50%) 10193 us (75%) 10407 us (95%) 11981 us (99%).
I0911 22:55:59.964278 2940601 AriaExecutor.h:535] Worker 3 latency: 10143 us (50%) 10197 us (75%) 10401 us (95%) 11126 us (99%).
I0911 22:55:59.964481 2940601 AriaExecutor.h:535] Worker 4 latency: 10143 us (50%) 10196 us (75%) 10393 us (95%) 11598 us (99%).
I0911 22:55:59.964669 2940601 AriaExecutor.h:535] Worker 5 latency: 10144 us (50%) 10196 us (75%) 10408 us (95%) 11565 us (99%).
I0911 22:55:59.964854 2940601 AriaExecutor.h:535] Worker 6 latency: 10141 us (50%) 10192 us (75%) 10404 us (95%) 12606 us (99%).
I0911 22:55:59.965014 2940601 AriaExecutor.h:535] Worker 7 latency: 10141 us (50%) 10193 us (75%) 10415 us (95%) 11661 us (99%).
I0911 22:55:59.965165 2940601 AriaExecutor.h:535] Worker 8 latency: 10139 us (50%) 10194 us (75%) 10398 us (95%) 11631 us (99%).
I0911 22:55:59.965302 2940601 AriaExecutor.h:535] Worker 9 latency: 10139 us (50%) 10191 us (75%) 10380 us (95%) 11532 us (99%).
I0911 22:55:59.965441 2940601 AriaExecutor.h:535] Worker 10 latency: 10141 us (50%) 10197 us (75%) 10390 us (95%) 11989 us (99%).
I0911 22:55:59.965574 2940601 AriaExecutor.h:535] Worker 11 latency: 10139 us (50%) 10193 us (75%) 10388 us (95%) 11230 us (99%).
I0911 22:55:59.965705 2940601 AriaExecutor.h:535] Worker 12 latency: 10136 us (50%) 10189 us (75%) 10402 us (95%) 12734 us (99%).
I0911 22:55:59.965821 2940601 AriaExecutor.h:535] Worker 13 latency: 10139 us (50%) 10190 us (75%) 10393 us (95%) 11931 us (99%).
I0911 22:55:59.965936 2940601 AriaExecutor.h:535] Worker 14 latency: 10133 us (50%) 10183 us (75%) 10390 us (95%) 13387 us (99%).
I0911 22:55:59.966040 2940601 AriaExecutor.h:535] Worker 15 latency: 10138 us (50%) 10190 us (75%) 10389 us (95%) 12832 us (99%).
I0911 22:55:59.966153 2940601 Coordinator.h:177] total commit: 2008.9
I0911 22:56:00.966261 2940601 Coordinator.h:192] Coordinator exits.
