I1126 13:26:13.369832 931882 Database.h:65] ycsb initialization finished in 30 milliseconds.
I1126 13:26:13.369933 931882 Coordinator.h:30] Coordinator initializes 12 workers.
I1126 13:26:13.441848 931882 Coordinator.h:77] Coordinator starts to run 13 workers.
I1126 13:26:13.441926 931899 AriaExecutor.h:82] AriaExecutor 0 started. 
I1126 13:26:13.441944 931900 AriaExecutor.h:82] AriaExecutor 1 started. 
I1126 13:26:13.441993 931901 AriaExecutor.h:82] AriaExecutor 2 started. 
I1126 13:26:13.442030 931902 AriaExecutor.h:82] AriaExecutor 3 started. 
I1126 13:26:13.442054 931903 AriaExecutor.h:82] AriaExecutor 4 started. 
I1126 13:26:13.442103 931904 AriaExecutor.h:82] AriaExecutor 5 started. 
I1126 13:26:13.442126 931905 AriaExecutor.h:82] AriaExecutor 6 started. 
I1126 13:26:13.442167 931906 AriaExecutor.h:82] AriaExecutor 7 started. 
I1126 13:26:13.442191 931907 AriaExecutor.h:82] AriaExecutor 8 started. 
I1126 13:26:13.442234 931908 AriaExecutor.h:82] AriaExecutor 9 started. 
I1126 13:26:13.442258 931909 AriaExecutor.h:82] AriaExecutor 10 started. 
I1126 13:26:13.442291 931910 AriaExecutor.h:82] AriaExecutor 11 started. 
I1126 13:26:13.442322 931911 Manager.h:224] Manager(worker id = 12) on the coordinator node started.
I1126 13:26:14.442391 931882 Coordinator.h:126] commit: 7400 abort: 202600 (0/202600/0), network size: 0, avg network size: 0, si_in_serializable: 0 0 %, local: 0 %
I1126 13:26:15.442523 931882 Coordinator.h:126] commit: 7766 abort: 212234 (0/212234/0), network size: 0, avg network size: 0, si_in_serializable: 0 0 %, local: 0 %
I1126 13:26:16.442641 931882 Coordinator.h:126] commit: 8090 abort: 221910 (0/221910/0), network size: 0, avg network size: 0, si_in_serializable: 0 0 %, local: 0 %
I1126 13:26:17.442732 931882 Coordinator.h:126] commit: 7812 abort: 212188 (0/212188/0), network size: 0, avg network size: 0, si_in_serializable: 0 0 %, local: 0 %
I1126 13:26:18.442821 931882 Coordinator.h:126] commit: 8188 abort: 221812 (0/221812/0), network size: 0, avg network size: 0, si_in_serializable: 0 0 %, local: 0 %
I1126 13:26:19.442909 931882 Coordinator.h:126] commit: 7666 abort: 212334 (0/212334/0), network size: 0, avg network size: 0, si_in_serializable: 0 0 %, local: 0 %
I1126 13:26:20.443032 931882 Coordinator.h:126] commit: 8097 abort: 221903 (0/221903/0), network size: 0, avg network size: 0, si_in_serializable: 0 0 %, local: 0 %
I1126 13:26:21.443135 931882 Coordinator.h:126] commit: 8142 abort: 221858 (0/221858/0), network size: 0, avg network size: 0, si_in_serializable: 0 0 %, local: 0 %
I1126 13:26:22.443226 931882 Coordinator.h:126] commit: 8061 abort: 221939 (0/221939/0), network size: 0, avg network size: 0, si_in_serializable: 0 0 %, local: 0 %
I1126 13:26:23.443321 931882 Coordinator.h:126] commit: 8173 abort: 221827 (0/221827/0), network size: 0, avg network size: 0, si_in_serializable: 0 0 %, local: 0 %
I1126 13:26:24.443413 931882 Coordinator.h:126] commit: 8101 abort: 221899 (0/221899/0), network size: 0, avg network size: 0, si_in_serializable: 0 0 %, local: 0 %
I1126 13:26:25.443521 931882 Coordinator.h:126] commit: 7690 abort: 212310 (0/212310/0), network size: 0, avg network size: 0, si_in_serializable: 0 0 %, local: 0 %
I1126 13:26:26.443647 931882 Coordinator.h:126] commit: 8172 abort: 221828 (0/221828/0), network size: 0, avg network size: 0, si_in_serializable: 0 0 %, local: 0 %
I1126 13:26:27.443753 931882 Coordinator.h:126] commit: 8032 abort: 221968 (0/221968/0), network size: 0, avg network size: 0, si_in_serializable: 0 0 %, local: 0 %
I1126 13:26:28.443845 931882 Coordinator.h:126] commit: 8111 abort: 221889 (0/221889/0), network size: 0, avg network size: 0, si_in_serializable: 0 0 %, local: 0 %
I1126 13:26:29.443943 931882 Coordinator.h:126] commit: 7689 abort: 212311 (0/212311/0), network size: 0, avg network size: 0, si_in_serializable: 0 0 %, local: 0 %
I1126 13:26:30.444056 931882 Coordinator.h:126] commit: 8239 abort: 221761 (0/221761/0), network size: 0, avg network size: 0, si_in_serializable: 0 0 %, local: 0 %
I1126 13:26:31.444164 931882 Coordinator.h:126] commit: 8105 abort: 221895 (0/221895/0), network size: 0, avg network size: 0, si_in_serializable: 0 0 %, local: 0 %
I1126 13:26:32.444249 931882 Coordinator.h:126] commit: 8000 abort: 222000 (0/222000/0), network size: 0, avg network size: 0, si_in_serializable: 0 0 %, local: 0 %
I1126 13:26:33.444341 931882 Coordinator.h:126] commit: 7751 abort: 212249 (0/212249/0), network size: 0, avg network size: 0, si_in_serializable: 0 0 %, local: 0 %
I1126 13:26:34.444430 931882 Coordinator.h:126] commit: 8159 abort: 221841 (0/221841/0), network size: 0, avg network size: 0, si_in_serializable: 0 0 %, local: 0 %
I1126 13:26:35.444530 931882 Coordinator.h:126] commit: 8067 abort: 221933 (0/221933/0), network size: 0, avg network size: 0, si_in_serializable: 0 0 %, local: 0 %
I1126 13:26:36.444617 931882 Coordinator.h:126] commit: 8134 abort: 221866 (0/221866/0), network size: 0, avg network size: 0, si_in_serializable: 0 0 %, local: 0 %
I1126 13:26:37.444698 931882 Coordinator.h:126] commit: 8104 abort: 221896 (0/221896/0), network size: 0, avg network size: 0, si_in_serializable: 0 0 %, local: 0 %
I1126 13:26:38.444777 931882 Coordinator.h:126] commit: 8136 abort: 221864 (0/221864/0), network size: 0, avg network size: 0, si_in_serializable: 0 0 %, local: 0 %
I1126 13:26:38.444788 931882 Coordinator.h:152] average commit: 7989 abort: 219011 (0/219011/0), network size: 0, avg network size: 0, si_in_serializable: 0 0 %, local: 0 %
I1126 13:26:38.444797 931882 AriaExecutor.h:535] Worker 0 latency: 43098 us (50%) 43429 us (75%) 44493 us (95%) 50542 us (99%).
I1126 13:26:38.487565 931909 AriaExecutor.h:94] AriaExecutor 10 exits. 
I1126 13:26:38.487565 931899 AriaExecutor.h:94] AriaExecutor 0 exits. 
I1126 13:26:38.487577 931900 AriaExecutor.h:94] AriaExecutor 1 exits. 
I1126 13:26:38.487566 931905 AriaExecutor.h:94] AriaExecutor 6 exits. 
I1126 13:26:38.487567 931907 AriaExecutor.h:94] AriaExecutor 8 exits. 
I1126 13:26:38.487566 931901 AriaExecutor.h:94] AriaExecutor 2 exits. 
I1126 13:26:38.487568 931911 Manager.h:227] Manager(worker id = 12) on the coordinator node exits.
I1126 13:26:38.487577 931902 AriaExecutor.h:94] AriaExecutor 3 exits. 
I1126 13:26:38.487578 931910 AriaExecutor.h:94] AriaExecutor 11 exits. 
I1126 13:26:38.487577 931906 AriaExecutor.h:94] AriaExecutor 7 exits. 
I1126 13:26:38.487578 931908 AriaExecutor.h:94] AriaExecutor 9 exits. 
I1126 13:26:38.487578 931904 AriaExecutor.h:94] AriaExecutor 5 exits. 
I1126 13:26:38.487565 931903 AriaExecutor.h:94] AriaExecutor 4 exits. 
I1126 13:26:38.487861 931882 AriaExecutor.h:535] Worker 1 latency: 43074 us (50%) 43414 us (75%) 44545 us (95%) 50904 us (99%).
I1126 13:26:38.488775 931882 AriaExecutor.h:535] Worker 2 latency: 43090 us (50%) 43422 us (75%) 44511 us (95%) 50812 us (99%).
I1126 13:26:38.489660 931882 AriaExecutor.h:535] Worker 3 latency: 43067 us (50%) 43405 us (75%) 44531 us (95%) 50993 us (99%).
I1126 13:26:38.490569 931882 AriaExecutor.h:535] Worker 4 latency: 43086 us (50%) 43420 us (75%) 44535 us (95%) 50574 us (99%).
I1126 13:26:38.491463 931882 AriaExecutor.h:535] Worker 5 latency: 43074 us (50%) 43413 us (75%) 44572 us (95%) 50792 us (99%).
I1126 13:26:38.492367 931882 AriaExecutor.h:535] Worker 6 latency: 43075 us (50%) 43413 us (75%) 44529 us (95%) 50868 us (99%).
I1126 13:26:38.493254 931882 AriaExecutor.h:535] Worker 7 latency: 43070 us (50%) 43400 us (75%) 44518 us (95%) 50967 us (99%).
I1126 13:26:38.494143 931882 AriaExecutor.h:535] Worker 8 latency: 43091 us (50%) 43424 us (75%) 44539 us (95%) 51085 us (99%).
I1126 13:26:38.495040 931882 AriaExecutor.h:535] Worker 9 latency: 43075 us (50%) 43411 us (75%) 44584 us (95%) 51137 us (99%).
I1126 13:26:38.495929 931882 AriaExecutor.h:535] Worker 10 latency: 43077 us (50%) 43409 us (75%) 44507 us (95%) 51011 us (99%).
I1126 13:26:38.496819 931882 AriaExecutor.h:535] Worker 11 latency: 43070 us (50%) 43401 us (75%) 44519 us (95%) 50975 us (99%).
I1126 13:26:38.497786 931882 Coordinator.h:177] total commit: 7989
I1126 13:26:39.497891 931882 Coordinator.h:192] Coordinator exits.
