I1126 14:14:07.953212 961524 Database.h:65] ycsb initialization finished in 30 milliseconds.
I1126 14:14:07.953315 961524 Coordinator.h:30] Coordinator initializes 12 workers.
I1126 14:14:07.954241 961524 Coordinator.h:77] Coordinator starts to run 13 workers.
I1126 14:14:07.954299 961540 AriaExecutor.h:91] AriaExecutor 0 started. 
I1126 14:14:07.954344 961541 AriaExecutor.h:91] AriaExecutor 1 started. 
I1126 14:14:07.954393 961542 AriaExecutor.h:91] AriaExecutor 2 started. 
I1126 14:14:07.954444 961543 AriaExecutor.h:91] AriaExecutor 3 started. 
I1126 14:14:07.954517 961545 AriaExecutor.h:91] AriaExecutor 5 started. 
I1126 14:14:07.954556 961546 AriaExecutor.h:91] AriaExecutor 6 started. 
I1126 14:14:07.954593 961547 AriaExecutor.h:91] AriaExecutor 7 started. 
I1126 14:14:07.954632 961548 AriaExecutor.h:91] AriaExecutor 8 started. 
I1126 14:14:07.954677 961549 AriaExecutor.h:91] AriaExecutor 9 started. 
I1126 14:14:07.954715 961550 AriaExecutor.h:91] AriaExecutor 10 started. 
I1126 14:14:07.954758 961551 AriaExecutor.h:91] AriaExecutor 11 started. 
I1126 14:14:07.954798 961544 AriaExecutor.h:91] AriaExecutor 4 started. 
I1126 14:14:07.954802 961552 Manager.h:224] Manager(worker id = 12) on the coordinator node started.
I1126 14:14:08.954864 961524 Coordinator.h:126] commit: 1213358 abort: 54642 (0/54642/0), network size: 0, avg network size: 0, si_in_serializable: 0 0 %, local: 0 %
I1126 14:14:09.954979 961524 Coordinator.h:126] commit: 1195888 abort: 54112 (0/54112/0), network size: 0, avg network size: 0, si_in_serializable: 0 0 %, local: 0 %
I1126 14:14:10.955090 961524 Coordinator.h:126] commit: 1208235 abort: 54765 (0/54765/0), network size: 0, avg network size: 0, si_in_serializable: 0 0 %, local: 0 %
I1126 14:14:11.955178 961524 Coordinator.h:126] commit: 1224561 abort: 55439 (0/55439/0), network size: 0, avg network size: 0, si_in_serializable: 0 0 %, local: 0 %
I1126 14:14:12.955252 961524 Coordinator.h:126] commit: 1223347 abort: 55653 (0/55653/0), network size: 0, avg network size: 0, si_in_serializable: 0 0 %, local: 0 %
I1126 14:14:13.955325 961524 Coordinator.h:126] commit: 1193039 abort: 53961 (0/53961/0), network size: 0, avg network size: 0, si_in_serializable: 0 0 %, local: 0 %
I1126 14:14:14.955422 961524 Coordinator.h:126] commit: 1206285 abort: 54715 (0/54715/0), network size: 0, avg network size: 0, si_in_serializable: 0 0 %, local: 0 %
I1126 14:14:15.955530 961524 Coordinator.h:126] commit: 1216843 abort: 55157 (0/55157/0), network size: 0, avg network size: 0, si_in_serializable: 0 0 %, local: 0 %
I1126 14:14:16.955617 961524 Coordinator.h:126] commit: 1219319 abort: 55681 (0/55681/0), network size: 0, avg network size: 0, si_in_serializable: 0 0 %, local: 0 %
I1126 14:14:17.955693 961524 Coordinator.h:126] commit: 1216856 abort: 55144 (0/55144/0), network size: 0, avg network size: 0, si_in_serializable: 0 0 %, local: 0 %
I1126 14:14:18.955765 961524 Coordinator.h:126] commit: 1154587 abort: 52413 (0/52413/0), network size: 0, avg network size: 0, si_in_serializable: 0 0 %, local: 0 %
I1126 14:14:19.955842 961524 Coordinator.h:126] commit: 1212814 abort: 55186 (0/55186/0), network size: 0, avg network size: 0, si_in_serializable: 0 0 %, local: 0 %
I1126 14:14:20.955957 961524 Coordinator.h:126] commit: 1205560 abort: 54440 (0/54440/0), network size: 0, avg network size: 0, si_in_serializable: 0 0 %, local: 0 %
I1126 14:14:21.956058 961524 Coordinator.h:126] commit: 1220922 abort: 55078 (0/55078/0), network size: 0, avg network size: 0, si_in_serializable: 0 0 %, local: 0 %
I1126 14:14:22.956137 961524 Coordinator.h:126] commit: 1221686 abort: 55314 (0/55314/0), network size: 0, avg network size: 0, si_in_serializable: 0 0 %, local: 0 %
I1126 14:14:23.956211 961524 Coordinator.h:126] commit: 1219280 abort: 55720 (0/55720/0), network size: 0, avg network size: 0, si_in_serializable: 0 0 %, local: 0 %
I1126 14:14:24.956290 961524 Coordinator.h:126] commit: 1220707 abort: 55293 (0/55293/0), network size: 0, avg network size: 0, si_in_serializable: 0 0 %, local: 0 %
I1126 14:14:25.956382 961524 Coordinator.h:126] commit: 1220118 abort: 54882 (0/54882/0), network size: 0, avg network size: 0, si_in_serializable: 0 0 %, local: 0 %
I1126 14:14:26.956459 961524 Coordinator.h:126] commit: 1221685 abort: 55315 (0/55315/0), network size: 0, avg network size: 0, si_in_serializable: 0 0 %, local: 0 %
I1126 14:14:27.956532 961524 Coordinator.h:126] commit: 1219843 abort: 55157 (0/55157/0), network size: 0, avg network size: 0, si_in_serializable: 0 0 %, local: 0 %
I1126 14:14:28.956604 961524 Coordinator.h:126] commit: 1062007 abort: 47993 (0/47993/0), network size: 0, avg network size: 0, si_in_serializable: 0 0 %, local: 0 %
I1126 14:14:29.956679 961524 Coordinator.h:126] commit: 1218186 abort: 54814 (0/54814/0), network size: 0, avg network size: 0, si_in_serializable: 0 0 %, local: 0 %
I1126 14:14:30.956759 961524 Coordinator.h:126] commit: 1218662 abort: 55338 (0/55338/0), network size: 0, avg network size: 0, si_in_serializable: 0 0 %, local: 0 %
I1126 14:14:31.956843 961524 Coordinator.h:126] commit: 1218678 abort: 55322 (0/55322/0), network size: 0, avg network size: 0, si_in_serializable: 0 0 %, local: 0 %
I1126 14:14:32.956916 961524 Coordinator.h:126] commit: 1221310 abort: 55690 (0/55690/0), network size: 0, avg network size: 0, si_in_serializable: 0 0 %, local: 0 %
I1126 14:14:32.956926 961524 Coordinator.h:152] average commit: 1.21172e+06 abort: 54879.8 (0/54879.8/0), network size: 0, avg network size: 0, si_in_serializable: 0 0 %, local: 0 %
I1126 14:14:32.957406 961544 AriaExecutor.h:103] AriaExecutor 4 exits. 
I1126 14:14:32.957408 961552 Manager.h:227] Manager(worker id = 12) on the coordinator node exits.
I1126 14:14:32.957413 961550 AriaExecutor.h:103] AriaExecutor 10 exits. 
I1126 14:14:32.957422 961547 AriaExecutor.h:103] AriaExecutor 7 exits. 
I1126 14:14:32.957412 961540 AriaExecutor.h:103] AriaExecutor 0 exits. 
I1126 14:14:32.957408 961542 AriaExecutor.h:103] AriaExecutor 2 exits. 
I1126 14:14:32.957422 961549 AriaExecutor.h:103] AriaExecutor 9 exits. 
I1126 14:14:32.957422 961545 AriaExecutor.h:103] AriaExecutor 5 exits. 
I1126 14:14:32.957422 961541 AriaExecutor.h:103] AriaExecutor 1 exits. 
I1126 14:14:32.957422 961543 AriaExecutor.h:103] AriaExecutor 3 exits. 
I1126 14:14:32.957412 961546 AriaExecutor.h:103] AriaExecutor 6 exits. 
I1126 14:14:32.957412 961548 AriaExecutor.h:103] AriaExecutor 8 exits. 
I1126 14:14:32.957422 961551 AriaExecutor.h:103] AriaExecutor 11 exits. 
I1126 14:14:32.956934 961524 AriaExecutor.h:649] Worker 0 latency: 593 us (50%) 647 us (75%) 692 us (95%) 709 us (99%).
I1126 14:14:33.048408 961524 AriaExecutor.h:649] Worker 1 latency: 590 us (50%) 645 us (75%) 691 us (95%) 708 us (99%).
I1126 14:14:33.150542 961524 AriaExecutor.h:649] Worker 2 latency: 592 us (50%) 646 us (75%) 692 us (95%) 709 us (99%).
I1126 14:14:33.242437 961524 AriaExecutor.h:649] Worker 3 latency: 591 us (50%) 645 us (75%) 691 us (95%) 708 us (99%).
I1126 14:14:33.345276 961524 AriaExecutor.h:649] Worker 4 latency: 593 us (50%) 646 us (75%) 692 us (95%) 708 us (99%).
I1126 14:14:33.432336 961524 AriaExecutor.h:649] Worker 5 latency: 591 us (50%) 645 us (75%) 691 us (95%) 708 us (99%).
I1126 14:14:33.534493 961524 AriaExecutor.h:649] Worker 6 latency: 597 us (50%) 648 us (75%) 692 us (95%) 708 us (99%).
I1126 14:14:33.625388 961524 AriaExecutor.h:649] Worker 7 latency: 592 us (50%) 645 us (75%) 691 us (95%) 707 us (99%).
I1126 14:14:33.728904 961524 AriaExecutor.h:649] Worker 8 latency: 595 us (50%) 647 us (75%) 692 us (95%) 709 us (99%).
I1126 14:14:33.821194 961524 AriaExecutor.h:649] Worker 9 latency: 593 us (50%) 646 us (75%) 691 us (95%) 708 us (99%).
I1126 14:14:33.921504 961524 AriaExecutor.h:649] Worker 10 latency: 596 us (50%) 648 us (75%) 692 us (95%) 708 us (99%).
I1126 14:14:34.010632 961524 AriaExecutor.h:649] Worker 11 latency: 594 us (50%) 647 us (75%) 691 us (95%) 708 us (99%).
I1126 14:14:34.111725 961524 Coordinator.h:177] total commit: 1.21172e+06
I1126 14:14:35.111837 961524 Coordinator.h:192] Coordinator exits.
