I0911 22:49:13.559970 2939332 Database.h:65] ycsb initialization finished in 146 milliseconds.
I0911 22:49:13.560091 2939332 Coordinator.h:30] Coordinator initializes 16 workers.
I0911 22:49:13.680992 2939332 Coordinator.h:77] Coordinator starts to run 17 workers.
I0911 22:49:13.681052 2939352 AriaExecutor.h:82] AriaExecutor 0 started. 
I0911 22:49:13.681092 2939353 AriaExecutor.h:82] AriaExecutor 1 started. 
I0911 22:49:13.681124 2939354 AriaExecutor.h:82] AriaExecutor 2 started. 
I0911 22:49:13.681186 2939355 AriaExecutor.h:82] AriaExecutor 3 started. 
I0911 22:49:13.681208 2939356 AriaExecutor.h:82] AriaExecutor 4 started. 
I0911 22:49:13.681257 2939357 AriaExecutor.h:82] AriaExecutor 5 started. 
I0911 22:49:13.681294 2939358 AriaExecutor.h:82] AriaExecutor 6 started. 
I0911 22:49:13.681336 2939359 AriaExecutor.h:82] AriaExecutor 7 started. 
I0911 22:49:13.681367 2939360 AriaExecutor.h:82] AriaExecutor 8 started. 
I0911 22:49:13.681425 2939361 AriaExecutor.h:82] AriaExecutor 9 started. 
I0911 22:49:13.681453 2939362 AriaExecutor.h:82] AriaExecutor 10 started. 
I0911 22:49:13.681494 2939363 AriaExecutor.h:82] AriaExecutor 11 started. 
I0911 22:49:13.681522 2939364 AriaExecutor.h:82] AriaExecutor 12 started. 
I0911 22:49:13.681566 2939365 AriaExecutor.h:82] AriaExecutor 13 started. 
I0911 22:49:13.681597 2939366 AriaExecutor.h:82] AriaExecutor 14 started. 
I0911 22:49:13.681641 2939367 AriaExecutor.h:82] AriaExecutor 15 started. 
I0911 22:49:13.681684 2939368 Manager.h:224] Manager(worker id = 16) on the coordinator node started.
I0911 22:49:14.681741 2939332 Coordinator.h:126] commit: 405 abort: 143595 (0/143595/0), network size: 0, avg network size: 0, si_in_serializable: 0 0 %, local: 0 %
I0911 22:49:15.681880 2939332 Coordinator.h:126] commit: 462 abort: 159538 (0/159538/0), network size: 0, avg network size: 0, si_in_serializable: 0 0 %, local: 0 %
I0911 22:49:16.681962 2939332 Coordinator.h:126] commit: 467 abort: 159533 (0/159533/0), network size: 0, avg network size: 0, si_in_serializable: 0 0 %, local: 0 %
I0911 22:49:17.682044 2939332 Coordinator.h:126] commit: 441 abort: 159559 (0/159559/0), network size: 0, avg network size: 0, si_in_serializable: 0 0 %, local: 0 %
I0911 22:49:18.682125 2939332 Coordinator.h:126] commit: 432 abort: 159568 (0/159568/0), network size: 0, avg network size: 0, si_in_serializable: 0 0 %, local: 0 %
I0911 22:49:19.682238 2939332 Coordinator.h:126] commit: 520 abort: 175480 (0/175480/0), network size: 0, avg network size: 0, si_in_serializable: 0 0 %, local: 0 %
I0911 22:49:20.682334 2939332 Coordinator.h:126] commit: 479 abort: 159521 (0/159521/0), network size: 0, avg network size: 0, si_in_serializable: 0 0 %, local: 0 %
I0911 22:49:21.682421 2939332 Coordinator.h:126] commit: 517 abort: 175483 (0/175483/0), network size: 0, avg network size: 0, si_in_serializable: 0 0 %, local: 0 %
I0911 22:49:22.682512 2939332 Coordinator.h:126] commit: 456 abort: 159544 (0/159544/0), network size: 0, avg network size: 0, si_in_serializable: 0 0 %, local: 0 %
I0911 22:49:23.682595 2939332 Coordinator.h:126] commit: 487 abort: 175513 (0/175513/0), network size: 0, avg network size: 0, si_in_serializable: 0 0 %, local: 0 %
I0911 22:49:24.682682 2939332 Coordinator.h:126] commit: 441 abort: 159559 (0/159559/0), network size: 0, avg network size: 0, si_in_serializable: 0 0 %, local: 0 %
I0911 22:49:25.682778 2939332 Coordinator.h:126] commit: 512 abort: 175488 (0/175488/0), network size: 0, avg network size: 0, si_in_serializable: 0 0 %, local: 0 %
I0911 22:49:26.682861 2939332 Coordinator.h:126] commit: 465 abort: 159535 (0/159535/0), network size: 0, avg network size: 0, si_in_serializable: 0 0 %, local: 0 %
I0911 22:49:27.682971 2939332 Coordinator.h:126] commit: 505 abort: 175495 (0/175495/0), network size: 0, avg network size: 0, si_in_serializable: 0 0 %, local: 0 %
I0911 22:49:28.683079 2939332 Coordinator.h:126] commit: 502 abort: 175498 (0/175498/0), network size: 0, avg network size: 0, si_in_serializable: 0 0 %, local: 0 %
I0911 22:49:29.683166 2939332 Coordinator.h:126] commit: 479 abort: 159521 (0/159521/0), network size: 0, avg network size: 0, si_in_serializable: 0 0 %, local: 0 %
I0911 22:49:30.683248 2939332 Coordinator.h:126] commit: 503 abort: 175497 (0/175497/0), network size: 0, avg network size: 0, si_in_serializable: 0 0 %, local: 0 %
I0911 22:49:31.683331 2939332 Coordinator.h:126] commit: 516 abort: 175484 (0/175484/0), network size: 0, avg network size: 0, si_in_serializable: 0 0 %, local: 0 %
I0911 22:49:32.683418 2939332 Coordinator.h:126] commit: 458 abort: 159542 (0/159542/0), network size: 0, avg network size: 0, si_in_serializable: 0 0 %, local: 0 %
I0911 22:49:33.683502 2939332 Coordinator.h:126] commit: 476 abort: 175524 (0/175524/0), network size: 0, avg network size: 0, si_in_serializable: 0 0 %, local: 0 %
I0911 22:49:34.683583 2939332 Coordinator.h:126] commit: 493 abort: 175507 (0/175507/0), network size: 0, avg network size: 0, si_in_serializable: 0 0 %, local: 0 %
I0911 22:49:35.683667 2939332 Coordinator.h:126] commit: 454 abort: 159546 (0/159546/0), network size: 0, avg network size: 0, si_in_serializable: 0 0 %, local: 0 %
I0911 22:49:36.683753 2939332 Coordinator.h:126] commit: 516 abort: 175484 (0/175484/0), network size: 0, avg network size: 0, si_in_serializable: 0 0 %, local: 0 %
I0911 22:49:37.683854 2939332 Coordinator.h:126] commit: 464 abort: 159536 (0/159536/0), network size: 0, avg network size: 0, si_in_serializable: 0 0 %, local: 0 %
I0911 22:49:38.683959 2939332 Coordinator.h:126] commit: 498 abort: 175502 (0/175502/0), network size: 0, avg network size: 0, si_in_serializable: 0 0 %, local: 0 %
I0911 22:49:38.683972 2939332 Coordinator.h:152] average commit: 485.7 abort: 169114 (0/169114/0), network size: 0, avg network size: 0, si_in_serializable: 0 0 %, local: 0 %
I0911 22:49:38.683983 2939332 AriaExecutor.h:535] Worker 0 latency: 93602 us (50%) 94847 us (75%) 103506 us (95%) 117167 us (99%).
I0911 22:49:38.723038 2939354 AriaExecutor.h:94] AriaExecutor 2 exits. 
I0911 22:49:38.723038 2939352 AriaExecutor.h:94] AriaExecutor 0 exits. 
I0911 22:49:38.723039 2939368 Manager.h:227] Manager(worker id = 16) on the coordinator node exits.
I0911 22:49:38.723039 2939356 AriaExecutor.h:94] AriaExecutor 4 exits. 
I0911 22:49:38.723042 2939358 AriaExecutor.h:94] AriaExecutor 6 exits. 
I0911 22:49:38.723065 2939355 AriaExecutor.h:94] AriaExecutor 3 exits. 
I0911 22:49:38.723050 2939361 AriaExecutor.h:94] AriaExecutor 9 exits. 
I0911 22:49:38.723049 2939359 AriaExecutor.h:94] AriaExecutor 7 exits. 
I0911 22:49:38.723049 2939357 AriaExecutor.h:94] AriaExecutor 5 exits. 
I0911 22:49:38.723049 2939363 AriaExecutor.h:94] AriaExecutor 11 exits. 
I0911 22:49:38.723039 2939366 AriaExecutor.h:94] AriaExecutor 14 exits. 
I0911 22:49:38.723042 2939360 AriaExecutor.h:94] AriaExecutor 8 exits. 
I0911 22:49:38.723049 2939365 AriaExecutor.h:94] AriaExecutor 13 exits. 
I0911 22:49:38.723039 2939364 AriaExecutor.h:94] AriaExecutor 12 exits. 
I0911 22:49:38.723042 2939362 AriaExecutor.h:94] AriaExecutor 10 exits. 
I0911 22:49:38.723050 2939353 AriaExecutor.h:94] AriaExecutor 1 exits. 
I0911 22:49:38.723050 2939367 AriaExecutor.h:94] AriaExecutor 15 exits. 
I0911 22:49:38.723173 2939332 AriaExecutor.h:535] Worker 1 latency: 93696 us (50%) 94935 us (75%) 103353 us (95%) 117440 us (99%).
I0911 22:49:38.723404 2939332 AriaExecutor.h:535] Worker 2 latency: 93651 us (50%) 94848 us (75%) 103581 us (95%) 117308 us (99%).
I0911 22:49:38.723451 2939332 AriaExecutor.h:535] Worker 3 latency: 93602 us (50%) 94809 us (75%) 102953 us (95%) 117387 us (99%).
I0911 22:49:38.723485 2939332 AriaExecutor.h:535] Worker 4 latency: 93622 us (50%) 94802 us (75%) 103391 us (95%) 117408 us (99%).
I0911 22:49:38.723546 2939332 AriaExecutor.h:535] Worker 5 latency: 93638 us (50%) 94796 us (75%) 103583 us (95%) 117545 us (99%).
I0911 22:49:38.723590 2939332 AriaExecutor.h:535] Worker 6 latency: 93607 us (50%) 94811 us (75%) 103008 us (95%) 117336 us (99%).
I0911 22:49:38.723632 2939332 AriaExecutor.h:535] Worker 7 latency: 93573 us (50%) 94759 us (75%) 103270 us (95%) 117362 us (99%).
I0911 22:49:38.723673 2939332 AriaExecutor.h:535] Worker 8 latency: 93557 us (50%) 94768 us (75%) 103037 us (95%) 124734 us (99%).
I0911 22:49:38.723714 2939332 AriaExecutor.h:535] Worker 9 latency: 93707 us (50%) 94830 us (75%) 103320 us (95%) 117162 us (99%).
I0911 22:49:38.723755 2939332 AriaExecutor.h:535] Worker 10 latency: 93448 us (50%) 94755 us (75%) 102959 us (95%) 117272 us (99%).
I0911 22:49:38.723794 2939332 AriaExecutor.h:535] Worker 11 latency: 93564 us (50%) 94880 us (75%) 103553 us (95%) 125156 us (99%).
I0911 22:49:38.723834 2939332 AriaExecutor.h:535] Worker 12 latency: 93455 us (50%) 94671 us (75%) 103049 us (95%) 125079 us (99%).
I0911 22:49:38.723870 2939332 AriaExecutor.h:535] Worker 13 latency: 93640 us (50%) 94842 us (75%) 102999 us (95%) 117349 us (99%).
I0911 22:49:38.723907 2939332 AriaExecutor.h:535] Worker 14 latency: 93613 us (50%) 94771 us (75%) 103718 us (95%) 117251 us (99%).
I0911 22:49:38.723943 2939332 AriaExecutor.h:535] Worker 15 latency: 93617 us (50%) 94792 us (75%) 102791 us (95%) 111282 us (99%).
I0911 22:49:38.723990 2939332 Coordinator.h:177] total commit: 485.7
I0911 22:49:39.724097 2939332 Coordinator.h:192] Coordinator exits.
