I1126 16:05:49.346669 1030566 Database.h:65] ycsb initialization finished in 30 milliseconds.
I1126 16:05:49.346776 1030566 Coordinator.h:30] Coordinator initializes 12 workers.
I1126 16:05:49.354400 1030566 Coordinator.h:77] Coordinator starts to run 13 workers.
I1126 16:05:49.354453 1030582 AriaExecutor.h:93] AriaExecutor 0 started. 
I1126 16:05:49.354483 1030583 AriaExecutor.h:93] AriaExecutor 1 started. 
I1126 16:05:49.354522 1030584 AriaExecutor.h:93] AriaExecutor 2 started. 
I1126 16:05:49.354569 1030585 AriaExecutor.h:93] AriaExecutor 3 started. 
I1126 16:05:49.354651 1030587 AriaExecutor.h:93] AriaExecutor 5 started. 
I1126 16:05:49.354696 1030588 AriaExecutor.h:93] AriaExecutor 6 started. 
I1126 16:05:49.354737 1030589 AriaExecutor.h:93] AriaExecutor 7 started. 
I1126 16:05:49.354784 1030590 AriaExecutor.h:93] AriaExecutor 8 started. 
I1126 16:05:49.354830 1030591 AriaExecutor.h:93] AriaExecutor 9 started. 
I1126 16:05:49.354868 1030592 AriaExecutor.h:93] AriaExecutor 10 started. 
I1126 16:05:49.354912 1030593 AriaExecutor.h:93] AriaExecutor 11 started. 
I1126 16:05:49.354943 1030586 AriaExecutor.h:93] AriaExecutor 4 started. 
I1126 16:05:49.354944 1030594 Manager.h:224] Manager(worker id = 12) on the coordinator node started.
I1126 16:05:50.355005 1030566 Coordinator.h:126] commit: 836406 abort: 37594 (0/37594/0), network size: 0, avg network size: 0, si_in_serializable: 0 0 %, local: 0 %
I1126 16:05:51.355119 1030566 Coordinator.h:126] commit: 823223 abort: 36777 (0/36777/0), network size: 0, avg network size: 0, si_in_serializable: 0 0 %, local: 0 %
I1126 16:05:52.355242 1030566 Coordinator.h:126] commit: 841378 abort: 37622 (0/37622/0), network size: 0, avg network size: 0, si_in_serializable: 0 0 %, local: 0 %
I1126 16:05:53.355340 1030566 Coordinator.h:126] commit: 834785 abort: 37215 (0/37215/0), network size: 0, avg network size: 0, si_in_serializable: 0 0 %, local: 0 %
I1126 16:05:54.355444 1030566 Coordinator.h:126] commit: 844982 abort: 38018 (0/38018/0), network size: 0, avg network size: 0, si_in_serializable: 0 0 %, local: 0 %
I1126 16:05:55.355541 1030566 Coordinator.h:126] commit: 833636 abort: 37364 (0/37364/0), network size: 0, avg network size: 0, si_in_serializable: 0 0 %, local: 0 %
I1126 16:05:56.355657 1030566 Coordinator.h:126] commit: 839416 abort: 37584 (0/37584/0), network size: 0, avg network size: 0, si_in_serializable: 0 0 %, local: 0 %
I1126 16:05:57.355751 1030566 Coordinator.h:126] commit: 808522 abort: 36478 (0/36478/0), network size: 0, avg network size: 0, si_in_serializable: 0 0 %, local: 0 %
I1126 16:05:58.355845 1030566 Coordinator.h:126] commit: 843283 abort: 37717 (0/37717/0), network size: 0, avg network size: 0, si_in_serializable: 0 0 %, local: 0 %
I1126 16:05:59.355930 1030566 Coordinator.h:126] commit: 844010 abort: 37990 (0/37990/0), network size: 0, avg network size: 0, si_in_serializable: 0 0 %, local: 0 %
I1126 16:06:00.356029 1030566 Coordinator.h:126] commit: 842208 abort: 37792 (0/37792/0), network size: 0, avg network size: 0, si_in_serializable: 0 0 %, local: 0 %
I1126 16:06:01.356123 1030566 Coordinator.h:126] commit: 844349 abort: 37623 (0/37623/0), network size: 0, avg network size: 0, si_in_serializable: 0 0 %, local: 0 %
I1126 16:06:02.356202 1030566 Coordinator.h:126] commit: 831438 abort: 37590 (0/37590/0), network size: 0, avg network size: 0, si_in_serializable: 0 0 %, local: 0 %
I1126 16:06:03.356290 1030566 Coordinator.h:126] commit: 840340 abort: 37660 (0/37660/0), network size: 0, avg network size: 0, si_in_serializable: 0 0 %, local: 0 %
I1126 16:06:04.356412 1030566 Coordinator.h:126] commit: 818044 abort: 36956 (0/36956/0), network size: 0, avg network size: 0, si_in_serializable: 0 0 %, local: 0 %
I1126 16:06:05.356509 1030566 Coordinator.h:126] commit: 797374 abort: 35626 (0/35626/0), network size: 0, avg network size: 0, si_in_serializable: 0 0 %, local: 0 %
I1126 16:06:06.356601 1030566 Coordinator.h:126] commit: 842259 abort: 37741 (0/37741/0), network size: 0, avg network size: 0, si_in_serializable: 0 0 %, local: 0 %
I1126 16:06:07.356681 1030566 Coordinator.h:126] commit: 844353 abort: 37647 (0/37647/0), network size: 0, avg network size: 0, si_in_serializable: 0 0 %, local: 0 %
I1126 16:06:08.356756 1030566 Coordinator.h:126] commit: 842307 abort: 37693 (0/37693/0), network size: 0, avg network size: 0, si_in_serializable: 0 0 %, local: 0 %
I1126 16:06:09.356830 1030566 Coordinator.h:126] commit: 840312 abort: 37688 (0/37688/0), network size: 0, avg network size: 0, si_in_serializable: 0 0 %, local: 0 %
I1126 16:06:10.356909 1030566 Coordinator.h:126] commit: 839595 abort: 37405 (0/37405/0), network size: 0, avg network size: 0, si_in_serializable: 0 0 %, local: 0 %
I1126 16:06:11.357023 1030566 Coordinator.h:126] commit: 838613 abort: 37387 (0/37387/0), network size: 0, avg network size: 0, si_in_serializable: 0 0 %, local: 0 %
I1126 16:06:12.357108 1030566 Coordinator.h:126] commit: 843236 abort: 37764 (0/37764/0), network size: 0, avg network size: 0, si_in_serializable: 0 0 %, local: 0 %
I1126 16:06:13.357190 1030566 Coordinator.h:126] commit: 845110 abort: 37890 (0/37890/0), network size: 0, avg network size: 0, si_in_serializable: 0 0 %, local: 0 %
I1126 16:06:14.357276 1030566 Coordinator.h:126] commit: 843094 abort: 37906 (0/37906/0), network size: 0, avg network size: 0, si_in_serializable: 0 0 %, local: 0 %
I1126 16:06:14.357295 1030566 Coordinator.h:152] average commit: 834298 abort: 37401.6 (0/37401.6/0), network size: 0, avg network size: 0, si_in_serializable: 0 0 %, local: 0 %
I1126 16:06:14.358023 1030590 AriaExecutor.h:105] AriaExecutor 8 exits. 
I1126 16:06:14.358026 1030594 Manager.h:227] Manager(worker id = 12) on the coordinator node exits.
I1126 16:06:14.358024 1030584 AriaExecutor.h:105] AriaExecutor 2 exits. 
I1126 16:06:14.358037 1030589 AriaExecutor.h:105] AriaExecutor 7 exits. 
I1126 16:06:14.358028 1030588 AriaExecutor.h:105] AriaExecutor 6 exits. 
I1126 16:06:14.358027 1030582 AriaExecutor.h:105] AriaExecutor 0 exits. 
I1126 16:06:14.358037 1030586 AriaExecutor.h:105] AriaExecutor 4 exits. 
I1126 16:06:14.358038 1030583 AriaExecutor.h:105] AriaExecutor 1 exits. 
I1126 16:06:14.358038 1030587 AriaExecutor.h:105] AriaExecutor 5 exits. 
I1126 16:06:14.358038 1030593 AriaExecutor.h:105] AriaExecutor 11 exits. 
I1126 16:06:14.358038 1030592 AriaExecutor.h:105] AriaExecutor 10 exits. 
I1126 16:06:14.358038 1030591 AriaExecutor.h:105] AriaExecutor 9 exits. 
I1126 16:06:14.358039 1030585 AriaExecutor.h:105] AriaExecutor 3 exits. 
I1126 16:06:14.357303 1030566 AriaExecutor.h:672] Worker 0 latency: 676 us (50%) 886 us (75%) 1051 us (95%) 1086 us (99%).
I1126 16:06:14.432813 1030566 AriaExecutor.h:672] Worker 1 latency: 674 us (50%) 885 us (75%) 1050 us (95%) 1085 us (99%).
I1126 16:06:14.513538 1030566 AriaExecutor.h:672] Worker 2 latency: 676 us (50%) 886 us (75%) 1051 us (95%) 1086 us (99%).
I1126 16:06:14.588598 1030566 AriaExecutor.h:672] Worker 3 latency: 675 us (50%) 885 us (75%) 1051 us (95%) 1085 us (99%).
I1126 16:06:14.670140 1030566 AriaExecutor.h:672] Worker 4 latency: 678 us (50%) 887 us (75%) 1051 us (95%) 1086 us (99%).
I1126 16:06:14.743826 1030566 AriaExecutor.h:672] Worker 5 latency: 679 us (50%) 887 us (75%) 1051 us (95%) 1085 us (99%).
I1126 16:06:14.826187 1030566 AriaExecutor.h:672] Worker 6 latency: 681 us (50%) 888 us (75%) 1051 us (95%) 1086 us (99%).
I1126 16:06:14.900645 1030566 AriaExecutor.h:672] Worker 7 latency: 679 us (50%) 887 us (75%) 1051 us (95%) 1085 us (99%).
I1126 16:06:14.982617 1030566 AriaExecutor.h:672] Worker 8 latency: 680 us (50%) 888 us (75%) 1051 us (95%) 1086 us (99%).
I1126 16:06:15.057643 1030566 AriaExecutor.h:672] Worker 9 latency: 679 us (50%) 887 us (75%) 1051 us (95%) 1085 us (99%).
I1126 16:06:15.137349 1030566 AriaExecutor.h:672] Worker 10 latency: 679 us (50%) 887 us (75%) 1051 us (95%) 1086 us (99%).
I1126 16:06:15.210469 1030566 AriaExecutor.h:672] Worker 11 latency: 679 us (50%) 887 us (75%) 1051 us (95%) 1085 us (99%).
I1126 16:06:15.290904 1030566 Coordinator.h:177] total commit: 834298
I1126 16:06:16.291021 1030566 Coordinator.h:192] Coordinator exits.
