I1126 16:04:57.010484 1030042 Database.h:65] ycsb initialization finished in 30 milliseconds.
I1126 16:04:57.010584 1030042 Coordinator.h:30] Coordinator initializes 12 workers.
I1126 16:04:57.018126 1030042 Coordinator.h:77] Coordinator starts to run 13 workers.
I1126 16:04:57.018185 1030058 AriaExecutor.h:93] AriaExecutor 0 started. 
I1126 16:04:57.018218 1030059 AriaExecutor.h:93] AriaExecutor 1 started. 
I1126 16:04:57.018265 1030060 AriaExecutor.h:93] AriaExecutor 2 started. 
I1126 16:04:57.018325 1030061 AriaExecutor.h:93] AriaExecutor 3 started. 
I1126 16:04:57.018402 1030063 AriaExecutor.h:93] AriaExecutor 5 started. 
I1126 16:04:57.018440 1030064 AriaExecutor.h:93] AriaExecutor 6 started. 
I1126 16:04:57.018477 1030065 AriaExecutor.h:93] AriaExecutor 7 started. 
I1126 16:04:57.018519 1030066 AriaExecutor.h:93] AriaExecutor 8 started. 
I1126 16:04:57.018558 1030067 AriaExecutor.h:93] AriaExecutor 9 started. 
I1126 16:04:57.018599 1030068 AriaExecutor.h:93] AriaExecutor 10 started. 
I1126 16:04:57.018643 1030069 AriaExecutor.h:93] AriaExecutor 11 started. 
I1126 16:04:57.018678 1030062 AriaExecutor.h:93] AriaExecutor 4 started. 
I1126 16:04:57.018684 1030070 Manager.h:224] Manager(worker id = 12) on the coordinator node started.
I1126 16:04:58.018755 1030042 Coordinator.h:126] commit: 9002 abort: 154998 (0/154998/0), network size: 0, avg network size: 0, si_in_serializable: 0 0 %, local: 0 %
I1126 16:04:59.018887 1030042 Coordinator.h:126] commit: 8860 abort: 154140 (0/154140/0), network size: 0, avg network size: 0, si_in_serializable: 0 0 %, local: 0 %
I1126 16:05:00.019003 1030042 Coordinator.h:126] commit: 8846 abort: 156154 (0/156154/0), network size: 0, avg network size: 0, si_in_serializable: 0 0 %, local: 0 %
I1126 16:05:01.019109 1030042 Coordinator.h:126] commit: 9010 abort: 155990 (0/155990/0), network size: 0, avg network size: 0, si_in_serializable: 0 0 %, local: 0 %
I1126 16:05:02.019219 1030042 Coordinator.h:126] commit: 9019 abort: 156981 (0/156981/0), network size: 0, avg network size: 0, si_in_serializable: 0 0 %, local: 0 %
I1126 16:05:03.019333 1030042 Coordinator.h:126] commit: 9026 abort: 153974 (0/153974/0), network size: 0, avg network size: 0, si_in_serializable: 0 0 %, local: 0 %
I1126 16:05:04.019474 1030042 Coordinator.h:126] commit: 9053 abort: 156947 (0/156947/0), network size: 0, avg network size: 0, si_in_serializable: 0 0 %, local: 0 %
I1126 16:05:05.019596 1030042 Coordinator.h:126] commit: 9095 abort: 156905 (0/156905/0), network size: 0, avg network size: 0, si_in_serializable: 0 0 %, local: 0 %
I1126 16:05:06.019704 1030042 Coordinator.h:126] commit: 8994 abort: 155006 (0/155006/0), network size: 0, avg network size: 0, si_in_serializable: 0 0 %, local: 0 %
I1126 16:05:07.019819 1030042 Coordinator.h:126] commit: 9027 abort: 156973 (0/156973/0), network size: 0, avg network size: 0, si_in_serializable: 0 0 %, local: 0 %
I1126 16:05:08.019948 1030042 Coordinator.h:126] commit: 8964 abort: 156036 (0/156036/0), network size: 0, avg network size: 0, si_in_serializable: 0 0 %, local: 0 %
I1126 16:05:09.020048 1030042 Coordinator.h:126] commit: 9098 abort: 157902 (0/157902/0), network size: 0, avg network size: 0, si_in_serializable: 0 0 %, local: 0 %
I1126 16:05:10.020149 1030042 Coordinator.h:126] commit: 8984 abort: 156016 (0/156016/0), network size: 0, avg network size: 0, si_in_serializable: 0 0 %, local: 0 %
I1126 16:05:11.020263 1030042 Coordinator.h:126] commit: 9134 abort: 156866 (0/156866/0), network size: 0, avg network size: 0, si_in_serializable: 0 0 %, local: 0 %
I1126 16:05:12.020373 1030042 Coordinator.h:126] commit: 8979 abort: 156021 (0/156021/0), network size: 0, avg network size: 0, si_in_serializable: 0 0 %, local: 0 %
I1126 16:05:13.020474 1030042 Coordinator.h:126] commit: 9149 abort: 156851 (0/156851/0), network size: 0, avg network size: 0, si_in_serializable: 0 0 %, local: 0 %
I1126 16:05:14.020576 1030042 Coordinator.h:126] commit: 8858 abort: 155142 (0/155142/0), network size: 0, avg network size: 0, si_in_serializable: 0 0 %, local: 0 %
I1126 16:05:15.020673 1030042 Coordinator.h:126] commit: 9034 abort: 156966 (0/156966/0), network size: 0, avg network size: 0, si_in_serializable: 0 0 %, local: 0 %
I1126 16:05:16.020900 1030042 Coordinator.h:126] commit: 8903 abort: 156097 (0/156097/0), network size: 0, avg network size: 0, si_in_serializable: 0 0 %, local: 0 %
I1126 16:05:17.021039 1030042 Coordinator.h:126] commit: 9153 abort: 156847 (0/156847/0), network size: 0, avg network size: 0, si_in_serializable: 0 0 %, local: 0 %
I1126 16:05:18.021123 1030042 Coordinator.h:126] commit: 8936 abort: 156064 (0/156064/0), network size: 0, avg network size: 0, si_in_serializable: 0 0 %, local: 0 %
I1126 16:05:19.021204 1030042 Coordinator.h:126] commit: 9055 abort: 156945 (0/156945/0), network size: 0, avg network size: 0, si_in_serializable: 0 0 %, local: 0 %
I1126 16:05:20.021279 1030042 Coordinator.h:126] commit: 8899 abort: 157101 (0/157101/0), network size: 0, avg network size: 0, si_in_serializable: 0 0 %, local: 0 %
I1126 16:05:21.021353 1030042 Coordinator.h:126] commit: 9137 abort: 156863 (0/156863/0), network size: 0, avg network size: 0, si_in_serializable: 0 0 %, local: 0 %
I1126 16:05:22.021426 1030042 Coordinator.h:126] commit: 8975 abort: 157025 (0/157025/0), network size: 0, avg network size: 0, si_in_serializable: 0 0 %, local: 0 %
I1126 16:05:22.021436 1030042 Coordinator.h:152] average commit: 9025.6 abort: 156474 (0/156474/0), network size: 0, avg network size: 0, si_in_serializable: 0 0 %, local: 0 %
I1126 16:05:22.021446 1030042 AriaExecutor.h:672] Worker 0 latency: 5895 us (50%) 5950 us (75%) 6027 us (95%) 6188 us (99%).
I1126 16:05:22.027364 1030066 AriaExecutor.h:105] AriaExecutor 8 exits. 
I1126 16:05:22.027366 1030062 AriaExecutor.h:105] AriaExecutor 4 exits. 
I1126 16:05:22.027381 1030067 AriaExecutor.h:105] AriaExecutor 9 exits. 
I1126 16:05:22.027367 1030058 AriaExecutor.h:105] AriaExecutor 0 exits. 
I1126 16:05:22.027366 1030068 AriaExecutor.h:105] AriaExecutor 10 exits. 
I1126 16:05:22.027367 1030060 AriaExecutor.h:105] AriaExecutor 2 exits. 
I1126 16:05:22.027367 1030070 Manager.h:227] Manager(worker id = 12) on the coordinator node exits.
I1126 16:05:22.027380 1030063 AriaExecutor.h:105] AriaExecutor 5 exits. 
I1126 16:05:22.027379 1030069 AriaExecutor.h:105] AriaExecutor 11 exits. 
I1126 16:05:22.027380 1030059 AriaExecutor.h:105] AriaExecutor 1 exits. 
I1126 16:05:22.027379 1030061 AriaExecutor.h:105] AriaExecutor 3 exits. 
I1126 16:05:22.027379 1030065 AriaExecutor.h:105] AriaExecutor 7 exits. 
I1126 16:05:22.027367 1030064 AriaExecutor.h:105] AriaExecutor 6 exits. 
I1126 16:05:22.027683 1030042 AriaExecutor.h:672] Worker 1 latency: 5893 us (50%) 5948 us (75%) 6025 us (95%) 6168 us (99%).
I1126 16:05:22.028688 1030042 AriaExecutor.h:672] Worker 2 latency: 5894 us (50%) 5949 us (75%) 6027 us (95%) 6188 us (99%).
I1126 16:05:22.029671 1030042 AriaExecutor.h:672] Worker 3 latency: 5891 us (50%) 5947 us (75%) 6025 us (95%) 6172 us (99%).
I1126 16:05:22.030645 1030042 AriaExecutor.h:672] Worker 4 latency: 5892 us (50%) 5948 us (75%) 6024 us (95%) 6173 us (99%).
I1126 16:05:22.031623 1030042 AriaExecutor.h:672] Worker 5 latency: 5890 us (50%) 5945 us (75%) 6024 us (95%) 6176 us (99%).
I1126 16:05:22.032588 1030042 AriaExecutor.h:672] Worker 6 latency: 5890 us (50%) 5947 us (75%) 6023 us (95%) 6164 us (99%).
I1126 16:05:22.033532 1030042 AriaExecutor.h:672] Worker 7 latency: 5890 us (50%) 5946 us (75%) 6021 us (95%) 6169 us (99%).
I1126 16:05:22.034432 1030042 AriaExecutor.h:672] Worker 8 latency: 5889 us (50%) 5945 us (75%) 6024 us (95%) 6180 us (99%).
I1126 16:05:22.035332 1030042 AriaExecutor.h:672] Worker 9 latency: 5886 us (50%) 5943 us (75%) 6021 us (95%) 6159 us (99%).
I1126 16:05:22.036226 1030042 AriaExecutor.h:672] Worker 10 latency: 5886 us (50%) 5944 us (75%) 6020 us (95%) 6157 us (99%).
I1126 16:05:22.037083 1030042 AriaExecutor.h:672] Worker 11 latency: 5886 us (50%) 5943 us (75%) 6021 us (95%) 6178 us (99%).
I1126 16:05:22.037951 1030042 Coordinator.h:177] total commit: 9025.6
I1126 16:05:23.038081 1030042 Coordinator.h:192] Coordinator exits.
