I1126 13:27:33.500000 932778 Database.h:65] ycsb initialization finished in 30 milliseconds.
I1126 13:27:33.500095 932778 Coordinator.h:30] Coordinator initializes 12 workers.
I1126 13:27:33.507643 932778 Coordinator.h:77] Coordinator starts to run 13 workers.
I1126 13:27:33.507695 932794 AriaExecutor.h:82] AriaExecutor 0 started. 
I1126 13:27:33.507728 932795 AriaExecutor.h:82] AriaExecutor 1 started. 
I1126 13:27:33.507766 932796 AriaExecutor.h:82] AriaExecutor 2 started. 
I1126 13:27:33.507817 932797 AriaExecutor.h:82] AriaExecutor 3 started. 
I1126 13:27:33.507894 932799 AriaExecutor.h:82] AriaExecutor 5 started. 
I1126 13:27:33.507941 932800 AriaExecutor.h:82] AriaExecutor 6 started. 
I1126 13:27:33.507984 932801 AriaExecutor.h:82] AriaExecutor 7 started. 
I1126 13:27:33.508019 932802 AriaExecutor.h:82] AriaExecutor 8 started. 
I1126 13:27:33.508064 932803 AriaExecutor.h:82] AriaExecutor 9 started. 
I1126 13:27:33.508098 932804 AriaExecutor.h:82] AriaExecutor 10 started. 
I1126 13:27:33.508148 932805 AriaExecutor.h:82] AriaExecutor 11 started. 
I1126 13:27:33.508186 932798 AriaExecutor.h:82] AriaExecutor 4 started. 
I1126 13:27:33.508195 932806 Manager.h:224] Manager(worker id = 12) on the coordinator node started.
I1126 13:27:34.508257 932778 Coordinator.h:126] commit: 20539 abort: 140461 (0/140461/0), network size: 0, avg network size: 0, si_in_serializable: 0 0 %, local: 0 %
I1126 13:27:35.508396 932778 Coordinator.h:126] commit: 20709 abort: 141291 (0/141291/0), network size: 0, avg network size: 0, si_in_serializable: 0 0 %, local: 0 %
I1126 13:27:36.508529 932778 Coordinator.h:126] commit: 20840 abort: 142160 (0/142160/0), network size: 0, avg network size: 0, si_in_serializable: 0 0 %, local: 0 %
I1126 13:27:37.508632 932778 Coordinator.h:126] commit: 21042 abort: 142958 (0/142958/0), network size: 0, avg network size: 0, si_in_serializable: 0 0 %, local: 0 %
I1126 13:27:38.508735 932778 Coordinator.h:126] commit: 20895 abort: 143105 (0/143105/0), network size: 0, avg network size: 0, si_in_serializable: 0 0 %, local: 0 %
I1126 13:27:39.508823 932778 Coordinator.h:126] commit: 20822 abort: 140284 (0/140284/0), network size: 0, avg network size: 0, si_in_serializable: 0 0 %, local: 0 %
I1126 13:27:40.508956 932778 Coordinator.h:126] commit: 20879 abort: 143015 (0/143015/0), network size: 0, avg network size: 0, si_in_serializable: 0 0 %, local: 0 %
I1126 13:27:41.509068 932778 Coordinator.h:126] commit: 20992 abort: 143008 (0/143008/0), network size: 0, avg network size: 0, si_in_serializable: 0 0 %, local: 0 %
I1126 13:27:42.509169 932778 Coordinator.h:126] commit: 21025 abort: 142975 (0/142975/0), network size: 0, avg network size: 0, si_in_serializable: 0 0 %, local: 0 %
I1126 13:27:43.509258 932778 Coordinator.h:126] commit: 21041 abort: 142959 (0/142959/0), network size: 0, avg network size: 0, si_in_serializable: 0 0 %, local: 0 %
I1126 13:27:44.509359 932778 Coordinator.h:126] commit: 20936 abort: 143064 (0/143064/0), network size: 0, avg network size: 0, si_in_serializable: 0 0 %, local: 0 %
I1126 13:27:45.509472 932778 Coordinator.h:126] commit: 20917 abort: 143083 (0/143083/0), network size: 0, avg network size: 0, si_in_serializable: 0 0 %, local: 0 %
I1126 13:27:46.509583 932778 Coordinator.h:126] commit: 20861 abort: 143139 (0/143139/0), network size: 0, avg network size: 0, si_in_serializable: 0 0 %, local: 0 %
I1126 13:27:47.509690 932778 Coordinator.h:126] commit: 20998 abort: 144002 (0/144002/0), network size: 0, avg network size: 0, si_in_serializable: 0 0 %, local: 0 %
I1126 13:27:48.509793 932778 Coordinator.h:126] commit: 20556 abort: 141444 (0/141444/0), network size: 0, avg network size: 0, si_in_serializable: 0 0 %, local: 0 %
I1126 13:27:49.509905 932778 Coordinator.h:126] commit: 20979 abort: 143021 (0/143021/0), network size: 0, avg network size: 0, si_in_serializable: 0 0 %, local: 0 %
I1126 13:27:50.510040 932778 Coordinator.h:126] commit: 21145 abort: 142855 (0/142855/0), network size: 0, avg network size: 0, si_in_serializable: 0 0 %, local: 0 %
I1126 13:27:51.510154 932778 Coordinator.h:126] commit: 20967 abort: 143033 (0/143033/0), network size: 0, avg network size: 0, si_in_serializable: 0 0 %, local: 0 %
I1126 13:27:52.510259 932778 Coordinator.h:126] commit: 20829 abort: 142171 (0/142171/0), network size: 0, avg network size: 0, si_in_serializable: 0 0 %, local: 0 %
I1126 13:27:53.510371 932778 Coordinator.h:126] commit: 20922 abort: 143078 (0/143078/0), network size: 0, avg network size: 0, si_in_serializable: 0 0 %, local: 0 %
I1126 13:27:54.510478 932778 Coordinator.h:126] commit: 20967 abort: 143033 (0/143033/0), network size: 0, avg network size: 0, si_in_serializable: 0 0 %, local: 0 %
I1126 13:27:55.510589 932778 Coordinator.h:126] commit: 20825 abort: 143175 (0/143175/0), network size: 0, avg network size: 0, si_in_serializable: 0 0 %, local: 0 %
I1126 13:27:56.510700 932778 Coordinator.h:126] commit: 20793 abort: 143207 (0/143207/0), network size: 0, avg network size: 0, si_in_serializable: 0 0 %, local: 0 %
I1126 13:27:57.510808 932778 Coordinator.h:126] commit: 21026 abort: 142974 (0/142974/0), network size: 0, avg network size: 0, si_in_serializable: 0 0 %, local: 0 %
I1126 13:27:58.510914 932778 Coordinator.h:126] commit: 21038 abort: 142962 (0/142962/0), network size: 0, avg network size: 0, si_in_serializable: 0 0 %, local: 0 %
I1126 13:27:58.510953 932778 Coordinator.h:152] average commit: 20911 abort: 142889 (0/142889/0), network size: 0, avg network size: 0, si_in_serializable: 0 0 %, local: 0 %
I1126 13:27:58.510962 932778 AriaExecutor.h:535] Worker 0 latency: 5840 us (50%) 5927 us (75%) 6009 us (95%) 6076 us (99%).
I1126 13:27:58.516832 932794 AriaExecutor.h:94] AriaExecutor 0 exits. 
I1126 13:27:58.516846 932795 AriaExecutor.h:94] AriaExecutor 1 exits. 
I1126 13:27:58.516832 932802 AriaExecutor.h:94] AriaExecutor 8 exits. 
I1126 13:27:58.516834 932798 AriaExecutor.h:94] AriaExecutor 4 exits. 
I1126 13:27:58.516834 932796 AriaExecutor.h:94] AriaExecutor 2 exits. 
I1126 13:27:58.516836 932806 Manager.h:227] Manager(worker id = 12) on the coordinator node exits.
I1126 13:27:58.516836 932800 AriaExecutor.h:94] AriaExecutor 6 exits. 
I1126 13:27:58.516846 932803 AriaExecutor.h:94] AriaExecutor 9 exits. 
I1126 13:27:58.516847 932799 AriaExecutor.h:94] AriaExecutor 5 exits. 
I1126 13:27:58.516846 932797 AriaExecutor.h:94] AriaExecutor 3 exits. 
I1126 13:27:58.516847 932805 AriaExecutor.h:94] AriaExecutor 11 exits. 
I1126 13:27:58.516846 932801 AriaExecutor.h:94] AriaExecutor 7 exits. 
I1126 13:27:58.516832 932804 AriaExecutor.h:94] AriaExecutor 10 exits. 
I1126 13:27:58.517056 932778 AriaExecutor.h:535] Worker 1 latency: 5839 us (50%) 5927 us (75%) 6009 us (95%) 6075 us (99%).
I1126 13:27:58.519297 932778 AriaExecutor.h:535] Worker 2 latency: 5837 us (50%) 5925 us (75%) 6008 us (95%) 6076 us (99%).
I1126 13:27:58.521481 932778 AriaExecutor.h:535] Worker 3 latency: 5836 us (50%) 5925 us (75%) 6007 us (95%) 6074 us (99%).
I1126 13:27:58.523675 932778 AriaExecutor.h:535] Worker 4 latency: 5834 us (50%) 5924 us (75%) 6007 us (95%) 6074 us (99%).
I1126 13:27:58.525894 932778 AriaExecutor.h:535] Worker 5 latency: 5835 us (50%) 5924 us (75%) 6008 us (95%) 6076 us (99%).
I1126 13:27:58.528106 932778 AriaExecutor.h:535] Worker 6 latency: 5832 us (50%) 5921 us (75%) 6004 us (95%) 6070 us (99%).
I1126 13:27:58.530252 932778 AriaExecutor.h:535] Worker 7 latency: 5832 us (50%) 5921 us (75%) 6004 us (95%) 6070 us (99%).
I1126 13:27:58.532383 932778 AriaExecutor.h:535] Worker 8 latency: 5833 us (50%) 5922 us (75%) 6006 us (95%) 6073 us (99%).
I1126 13:27:58.534504 932778 AriaExecutor.h:535] Worker 9 latency: 5833 us (50%) 5922 us (75%) 6005 us (95%) 6073 us (99%).
I1126 13:27:58.536610 932778 AriaExecutor.h:535] Worker 10 latency: 5833 us (50%) 5922 us (75%) 6006 us (95%) 6073 us (99%).
I1126 13:27:58.538703 932778 AriaExecutor.h:535] Worker 11 latency: 5832 us (50%) 5922 us (75%) 6005 us (95%) 6070 us (99%).
I1126 13:27:58.540776 932778 Coordinator.h:177] total commit: 20911
I1126 13:27:59.540891 932778 Coordinator.h:192] Coordinator exits.
