I0912 00:09:50.217478 2954810 Database.h:65] ycsb initialization finished in 194 milliseconds.
I0912 00:09:50.217592 2954810 Coordinator.h:30] Coordinator initializes 16 workers.
I0912 00:09:50.225414 2954810 Coordinator.h:77] Coordinator starts to run 17 workers.
I0912 00:09:50.225462 2954830 AriaExecutor.h:82] AriaExecutor 0 started. 
I0912 00:09:50.225502 2954831 AriaExecutor.h:82] AriaExecutor 1 started. 
I0912 00:09:50.225543 2954832 AriaExecutor.h:82] AriaExecutor 2 started. 
I0912 00:09:50.225602 2954833 AriaExecutor.h:82] AriaExecutor 3 started. 
I0912 00:09:50.225632 2954834 AriaExecutor.h:82] AriaExecutor 4 started. 
I0912 00:09:50.225668 2954835 AriaExecutor.h:82] AriaExecutor 5 started. 
I0912 00:09:50.225700 2954836 AriaExecutor.h:82] AriaExecutor 6 started. 
I0912 00:09:50.225744 2954837 AriaExecutor.h:82] AriaExecutor 7 started. 
I0912 00:09:50.225772 2954838 AriaExecutor.h:82] AriaExecutor 8 started. 
I0912 00:09:50.225823 2954839 AriaExecutor.h:82] AriaExecutor 9 started. 
I0912 00:09:50.225853 2954840 AriaExecutor.h:82] AriaExecutor 10 started. 
I0912 00:09:50.225893 2954841 AriaExecutor.h:82] AriaExecutor 11 started. 
I0912 00:09:50.225926 2954842 AriaExecutor.h:82] AriaExecutor 12 started. 
I0912 00:09:50.225967 2954843 AriaExecutor.h:82] AriaExecutor 13 started. 
I0912 00:09:50.226003 2954844 AriaExecutor.h:82] AriaExecutor 14 started. 
I0912 00:09:50.226042 2954845 AriaExecutor.h:82] AriaExecutor 15 started. 
I0912 00:09:50.226095 2954846 Manager.h:224] Manager(worker id = 16) on the coordinator node started.
I0912 00:09:51.226145 2954810 Coordinator.h:126] commit: 969202 abort: 283150 (0/283150/0), network size: 0, avg network size: 0, si_in_serializable: 0 0 %, local: 0 %
I0912 00:09:52.226248 2954810 Coordinator.h:126] commit: 968147 abort: 282157 (0/282157/0), network size: 0, avg network size: 0, si_in_serializable: 0 0 %, local: 0 %
I0912 00:09:53.226325 2954810 Coordinator.h:126] commit: 931741 abort: 270435 (0/270435/0), network size: 0, avg network size: 0, si_in_serializable: 0 0 %, local: 0 %
I0912 00:09:54.226397 2954810 Coordinator.h:126] commit: 951471 abort: 276305 (0/276305/0), network size: 0, avg network size: 0, si_in_serializable: 0 0 %, local: 0 %
I0912 00:09:55.226495 2954810 Coordinator.h:126] commit: 944413 abort: 276195 (0/276195/0), network size: 0, avg network size: 0, si_in_serializable: 0 0 %, local: 0 %
I0912 00:09:56.226572 2954810 Coordinator.h:126] commit: 982322 abort: 285390 (0/285390/0), network size: 0, avg network size: 0, si_in_serializable: 0 0 %, local: 0 %
I0912 00:09:57.226642 2954810 Coordinator.h:126] commit: 986075 abort: 286757 (0/286757/0), network size: 0, avg network size: 0, si_in_serializable: 0 0 %, local: 0 %
I0912 00:09:58.226714 2954810 Coordinator.h:126] commit: 982734 abort: 286002 (0/286002/0), network size: 0, avg network size: 0, si_in_serializable: 0 0 %, local: 0 %
I0912 00:09:59.226783 2954810 Coordinator.h:126] commit: 933812 abort: 271436 (0/271436/0), network size: 0, avg network size: 0, si_in_serializable: 0 0 %, local: 0 %
I0912 00:10:00.226855 2954810 Coordinator.h:126] commit: 964654 abort: 281554 (0/281554/0), network size: 0, avg network size: 0, si_in_serializable: 0 0 %, local: 0 %
I0912 00:10:01.226925 2954810 Coordinator.h:126] commit: 957673 abort: 278295 (0/278295/0), network size: 0, avg network size: 0, si_in_serializable: 0 0 %, local: 0 %
I0912 00:10:02.226996 2954810 Coordinator.h:126] commit: 969722 abort: 282630 (0/282630/0), network size: 0, avg network size: 0, si_in_serializable: 0 0 %, local: 0 %
I0912 00:10:03.227088 2954810 Coordinator.h:126] commit: 978968 abort: 285672 (0/285672/0), network size: 0, avg network size: 0, si_in_serializable: 0 0 %, local: 0 %
I0912 00:10:04.227162 2954810 Coordinator.h:126] commit: 980254 abort: 284386 (0/284386/0), network size: 0, avg network size: 0, si_in_serializable: 0 0 %, local: 0 %
I0912 00:10:05.227231 2954810 Coordinator.h:126] commit: 978572 abort: 284020 (0/284020/0), network size: 0, avg network size: 0, si_in_serializable: 0 0 %, local: 0 %
I0912 00:10:06.227298 2954810 Coordinator.h:126] commit: 977196 abort: 284372 (0/284372/0), network size: 0, avg network size: 0, si_in_serializable: 0 0 %, local: 0 %
I0912 00:10:07.227366 2954810 Coordinator.h:126] commit: 979491 abort: 285149 (0/285149/0), network size: 0, avg network size: 0, si_in_serializable: 0 0 %, local: 0 %
I0912 00:10:08.227437 2954810 Coordinator.h:126] commit: 904580 abort: 263804 (0/263804/0), network size: 0, avg network size: 0, si_in_serializable: 0 0 %, local: 0 %
I0912 00:10:09.227509 2954810 Coordinator.h:126] commit: 973240 abort: 282184 (0/282184/0), network size: 0, avg network size: 0, si_in_serializable: 0 0 %, local: 0 %
I0912 00:10:10.227581 2954810 Coordinator.h:126] commit: 982635 abort: 286101 (0/286101/0), network size: 0, avg network size: 0, si_in_serializable: 0 0 %, local: 0 %
I0912 00:10:11.227656 2954810 Coordinator.h:126] commit: 979037 abort: 285603 (0/285603/0), network size: 0, avg network size: 0, si_in_serializable: 0 0 %, local: 0 %
I0912 00:10:12.227728 2954810 Coordinator.h:126] commit: 982037 abort: 285675 (0/285675/0), network size: 0, avg network size: 0, si_in_serializable: 0 0 %, local: 0 %
I0912 00:10:13.227802 2954810 Coordinator.h:126] commit: 980102 abort: 284538 (0/284538/0), network size: 0, avg network size: 0, si_in_serializable: 0 0 %, local: 0 %
I0912 00:10:14.227875 2954810 Coordinator.h:126] commit: 978989 abort: 285651 (0/285651/0), network size: 0, avg network size: 0, si_in_serializable: 0 0 %, local: 0 %
I0912 00:10:15.227946 2954810 Coordinator.h:126] commit: 977921 abort: 284671 (0/284671/0), network size: 0, avg network size: 0, si_in_serializable: 0 0 %, local: 0 %
I0912 00:10:15.227957 2954810 Coordinator.h:152] average commit: 968233 abort: 281661 (0/281661/0), network size: 0, avg network size: 0, si_in_serializable: 0 0 %, local: 0 %
I0912 00:10:15.228462 2954842 AriaExecutor.h:94] AriaExecutor 12 exits. 
I0912 00:10:15.228467 2954844 AriaExecutor.h:94] AriaExecutor 14 exits. 
I0912 00:10:15.228466 2954838 AriaExecutor.h:94] AriaExecutor 8 exits. 
I0912 00:10:15.228475 2954833 AriaExecutor.h:94] AriaExecutor 3 exits. 
I0912 00:10:15.228461 2954830 AriaExecutor.h:94] AriaExecutor 0 exits. 
I0912 00:10:15.228461 2954846 Manager.h:227] Manager(worker id = 16) on the coordinator node exits.
I0912 00:10:15.228475 2954835 AriaExecutor.h:94] AriaExecutor 5 exits. 
I0912 00:10:15.228477 2954843 AriaExecutor.h:94] AriaExecutor 13 exits. 
I0912 00:10:15.228466 2954836 AriaExecutor.h:94] AriaExecutor 6 exits. 
I0912 00:10:15.228461 2954832 AriaExecutor.h:94] AriaExecutor 2 exits. 
I0912 00:10:15.228478 2954841 AriaExecutor.h:94] AriaExecutor 11 exits. 
I0912 00:10:15.228478 2954837 AriaExecutor.h:94] AriaExecutor 7 exits. 
I0912 00:10:15.228478 2954845 AriaExecutor.h:94] AriaExecutor 15 exits. 
I0912 00:10:15.228478 2954831 AriaExecutor.h:94] AriaExecutor 1 exits. 
I0912 00:10:15.228482 2954839 AriaExecutor.h:94] AriaExecutor 9 exits. 
I0912 00:10:15.228467 2954834 AriaExecutor.h:94] AriaExecutor 4 exits. 
I0912 00:10:15.228463 2954840 AriaExecutor.h:94] AriaExecutor 10 exits. 
I0912 00:10:15.227964 2954810 AriaExecutor.h:641] Worker 0 latency: 502 us (50%) 651 us (75%) 757 us (95%) 791 us (99%).
I0912 00:10:15.291560 2954810 AriaExecutor.h:641] Worker 1 latency: 500 us (50%) 650 us (75%) 756 us (95%) 789 us (99%).
I0912 00:10:15.361776 2954810 AriaExecutor.h:641] Worker 2 latency: 503 us (50%) 652 us (75%) 757 us (95%) 790 us (99%).
I0912 00:10:15.425032 2954810 AriaExecutor.h:641] Worker 3 latency: 500 us (50%) 649 us (75%) 756 us (95%) 789 us (99%).
I0912 00:10:15.495229 2954810 AriaExecutor.h:641] Worker 4 latency: 502 us (50%) 651 us (75%) 757 us (95%) 791 us (99%).
I0912 00:10:15.557850 2954810 AriaExecutor.h:641] Worker 5 latency: 499 us (50%) 649 us (75%) 756 us (95%) 788 us (99%).
I0912 00:10:15.629823 2954810 AriaExecutor.h:641] Worker 6 latency: 503 us (50%) 651 us (75%) 757 us (95%) 790 us (99%).
I0912 00:10:15.693383 2954810 AriaExecutor.h:641] Worker 7 latency: 500 us (50%) 649 us (75%) 756 us (95%) 788 us (99%).
I0912 00:10:15.764374 2954810 AriaExecutor.h:641] Worker 8 latency: 500 us (50%) 650 us (75%) 757 us (95%) 790 us (99%).
I0912 00:10:15.826103 2954810 AriaExecutor.h:641] Worker 9 latency: 498 us (50%) 648 us (75%) 755 us (95%) 789 us (99%).
I0912 00:10:15.895783 2954810 AriaExecutor.h:641] Worker 10 latency: 502 us (50%) 651 us (75%) 757 us (95%) 790 us (99%).
I0912 00:10:15.959007 2954810 AriaExecutor.h:641] Worker 11 latency: 498 us (50%) 648 us (75%) 755 us (95%) 789 us (99%).
I0912 00:10:16.028785 2954810 AriaExecutor.h:641] Worker 12 latency: 502 us (50%) 651 us (75%) 757 us (95%) 790 us (99%).
I0912 00:10:16.092392 2954810 AriaExecutor.h:641] Worker 13 latency: 497 us (50%) 648 us (75%) 755 us (95%) 788 us (99%).
I0912 00:10:16.162093 2954810 AriaExecutor.h:641] Worker 14 latency: 502 us (50%) 651 us (75%) 757 us (95%) 790 us (99%).
I0912 00:10:16.224720 2954810 AriaExecutor.h:641] Worker 15 latency: 499 us (50%) 649 us (75%) 755 us (95%) 789 us (99%).
I0912 00:10:16.294462 2954810 Coordinator.h:177] total commit: 968233
I0912 00:10:17.294581 2954810 Coordinator.h:192] Coordinator exits.
