I0911 22:30:34.888921 2935738 Database.h:65] ycsb initialization finished in 147 milliseconds.
I0911 22:30:34.889035 2935738 Coordinator.h:30] Coordinator initializes 16 workers.
I0911 22:30:34.921041 2935738 Coordinator.h:77] Coordinator starts to run 17 workers.
I0911 22:30:34.921156 2935758 AriaExecutor.h:82] AriaExecutor 0 started. 
I0911 22:30:34.921173 2935759 AriaExecutor.h:82] AriaExecutor 1 started. 
I0911 22:30:34.921242 2935760 AriaExecutor.h:82] AriaExecutor 2 started. 
I0911 22:30:34.921274 2935761 AriaExecutor.h:82] AriaExecutor 3 started. 
I0911 22:30:34.921315 2935762 AriaExecutor.h:82] AriaExecutor 4 started. 
I0911 22:30:34.921350 2935763 AriaExecutor.h:82] AriaExecutor 5 started. 
I0911 22:30:34.921384 2935764 AriaExecutor.h:82] AriaExecutor 6 started. 
I0911 22:30:34.921416 2935765 AriaExecutor.h:82] AriaExecutor 7 started. 
I0911 22:30:34.921451 2935766 AriaExecutor.h:82] AriaExecutor 8 started. 
I0911 22:30:34.921482 2935767 AriaExecutor.h:82] AriaExecutor 9 started. 
I0911 22:30:34.921516 2935768 AriaExecutor.h:82] AriaExecutor 10 started. 
I0911 22:30:34.921554 2935769 AriaExecutor.h:82] AriaExecutor 11 started. 
I0911 22:30:34.921604 2935770 AriaExecutor.h:82] AriaExecutor 12 started. 
I0911 22:30:34.921631 2935771 AriaExecutor.h:82] AriaExecutor 13 started. 
I0911 22:30:34.921670 2935772 AriaExecutor.h:82] AriaExecutor 14 started. 
I0911 22:30:34.921710 2935773 AriaExecutor.h:82] AriaExecutor 15 started. 
I0911 22:30:34.921756 2935774 Manager.h:224] Manager(worker id = 16) on the coordinator node started.
I0911 22:30:35.921813 2935738 Coordinator.h:126] commit: 44804 abort: 143612 (0/143612/0), network size: 0, avg network size: 0, si_in_serializable: 0 0 %, local: 0 %
I0911 22:30:36.921954 2935738 Coordinator.h:126] commit: 49524 abort: 159372 (0/159372/0), network size: 0, avg network size: 0, si_in_serializable: 0 0 %, local: 0 %
I0911 22:30:37.922034 2935738 Coordinator.h:126] commit: 48549 abort: 156251 (0/156251/0), network size: 0, avg network size: 0, si_in_serializable: 0 0 %, local: 0 %
I0911 22:30:38.922116 2935738 Coordinator.h:126] commit: 48582 abort: 156218 (0/156218/0), network size: 0, avg network size: 0, si_in_serializable: 0 0 %, local: 0 %
I0911 22:30:39.922307 2935738 Coordinator.h:126] commit: 51062 abort: 166026 (0/166026/0), network size: 0, avg network size: 0, si_in_serializable: 0 0 %, local: 0 %
I0911 22:30:40.922427 2935738 Coordinator.h:126] commit: 51430 abort: 165658 (0/165658/0), network size: 0, avg network size: 0, si_in_serializable: 0 0 %, local: 0 %
I0911 22:30:41.922501 2935738 Coordinator.h:126] commit: 51826 abort: 165262 (0/165262/0), network size: 0, avg network size: 0, si_in_serializable: 0 0 %, local: 0 %
I0911 22:30:42.922572 2935738 Coordinator.h:126] commit: 52271 abort: 168913 (0/168913/0), network size: 0, avg network size: 0, si_in_serializable: 0 0 %, local: 0 %
I0911 22:30:43.922659 2935738 Coordinator.h:126] commit: 51330 abort: 165758 (0/165758/0), network size: 0, avg network size: 0, si_in_serializable: 0 0 %, local: 0 %
I0911 22:30:44.922740 2935738 Coordinator.h:126] commit: 51357 abort: 165731 (0/165731/0), network size: 0, avg network size: 0, si_in_serializable: 0 0 %, local: 0 %
I0911 22:30:45.922816 2935738 Coordinator.h:126] commit: 51095 abort: 165993 (0/165993/0), network size: 0, avg network size: 0, si_in_serializable: 0 0 %, local: 0 %
I0911 22:30:46.922887 2935738 Coordinator.h:126] commit: 51362 abort: 165726 (0/165726/0), network size: 0, avg network size: 0, si_in_serializable: 0 0 %, local: 0 %
I0911 22:30:47.922966 2935738 Coordinator.h:126] commit: 52449 abort: 168735 (0/168735/0), network size: 0, avg network size: 0, si_in_serializable: 0 0 %, local: 0 %
I0911 22:30:48.923061 2935738 Coordinator.h:126] commit: 52433 abort: 168019 (0/168019/0), network size: 0, avg network size: 0, si_in_serializable: 0 0 %, local: 0 %
I0911 22:30:49.923134 2935738 Coordinator.h:126] commit: 52488 abort: 169428 (0/169428/0), network size: 0, avg network size: 0, si_in_serializable: 0 0 %, local: 0 %
I0911 22:30:50.923197 2935738 Coordinator.h:126] commit: 52223 abort: 168961 (0/168961/0), network size: 0, avg network size: 0, si_in_serializable: 0 0 %, local: 0 %
I0911 22:30:51.923266 2935738 Coordinator.h:126] commit: 52345 abort: 168839 (0/168839/0), network size: 0, avg network size: 0, si_in_serializable: 0 0 %, local: 0 %
I0911 22:30:52.923334 2935738 Coordinator.h:126] commit: 52268 abort: 168916 (0/168916/0), network size: 0, avg network size: 0, si_in_serializable: 0 0 %, local: 0 %
I0911 22:30:53.923403 2935738 Coordinator.h:126] commit: 52432 abort: 168752 (0/168752/0), network size: 0, avg network size: 0, si_in_serializable: 0 0 %, local: 0 %
I0911 22:30:54.923480 2935738 Coordinator.h:126] commit: 53549 abort: 171731 (0/171731/0), network size: 0, avg network size: 0, si_in_serializable: 0 0 %, local: 0 %
I0911 22:30:55.923563 2935738 Coordinator.h:126] commit: 51083 abort: 166005 (0/166005/0), network size: 0, avg network size: 0, si_in_serializable: 0 0 %, local: 0 %
I0911 22:30:56.923628 2935738 Coordinator.h:126] commit: 52312 abort: 168872 (0/168872/0), network size: 0, avg network size: 0, si_in_serializable: 0 0 %, local: 0 %
I0911 22:30:57.923696 2935738 Coordinator.h:126] commit: 53391 abort: 171889 (0/171889/0), network size: 0, avg network size: 0, si_in_serializable: 0 0 %, local: 0 %
I0911 22:30:58.923771 2935738 Coordinator.h:126] commit: 52370 abort: 168814 (0/168814/0), network size: 0, avg network size: 0, si_in_serializable: 0 0 %, local: 0 %
I0911 22:30:59.923853 2935738 Coordinator.h:126] commit: 51360 abort: 165728 (0/165728/0), network size: 0, avg network size: 0, si_in_serializable: 0 0 %, local: 0 %
I0911 22:30:59.923872 2935738 Coordinator.h:152] average commit: 52264.4 abort: 168510 (0/168510/0), network size: 0, avg network size: 0, si_in_serializable: 0 0 %, local: 0 %
I0911 22:30:59.923883 2935738 AriaExecutor.h:535] Worker 0 latency: 16690 us (50%) 17566 us (75%) 18319 us (95%) 20355 us (99%).
I0911 22:30:59.933254 2935765 AriaExecutor.h:94] AriaExecutor 7 exits. 
I0911 22:30:59.933265 2935762 AriaExecutor.h:94] AriaExecutor 4 exits. 
I0911 22:30:59.933255 2935773 AriaExecutor.h:94] AriaExecutor 15 exits. 
I0911 22:30:59.933256 2935771 AriaExecutor.h:94] AriaExecutor 13 exits. 
I0911 22:30:59.933254 2935767 AriaExecutor.h:94] AriaExecutor 9 exits. 
I0911 22:30:59.933259 2935763 AriaExecutor.h:94] AriaExecutor 5 exits. 
I0911 22:30:59.933257 2935758 AriaExecutor.h:94] AriaExecutor 0 exits. 
I0911 22:30:59.933259 2935769 AriaExecutor.h:94] AriaExecutor 11 exits. 
I0911 22:30:59.933266 2935772 AriaExecutor.h:94] AriaExecutor 14 exits. 
I0911 22:30:59.933265 2935770 AriaExecutor.h:94] AriaExecutor 12 exits. 
I0911 22:30:59.933266 2935768 AriaExecutor.h:94] AriaExecutor 10 exits. 
I0911 22:30:59.933266 2935764 AriaExecutor.h:94] AriaExecutor 6 exits. 
I0911 22:30:59.933269 2935766 AriaExecutor.h:94] AriaExecutor 8 exits. 
I0911 22:30:59.933269 2935760 AriaExecutor.h:94] AriaExecutor 2 exits. 
I0911 22:30:59.933270 2935759 AriaExecutor.h:94] AriaExecutor 1 exits. 
I0911 22:30:59.933256 2935761 AriaExecutor.h:94] AriaExecutor 3 exits. 
I0911 22:30:59.933274 2935774 Manager.h:227] Manager(worker id = 16) on the coordinator node exits.
I0911 22:30:59.933620 2935738 AriaExecutor.h:535] Worker 1 latency: 16692 us (50%) 17565 us (75%) 18307 us (95%) 20370 us (99%).
I0911 22:30:59.937914 2935738 AriaExecutor.h:535] Worker 2 latency: 16700 us (50%) 17566 us (75%) 18307 us (95%) 20346 us (99%).
I0911 22:30:59.942219 2935738 AriaExecutor.h:535] Worker 3 latency: 16695 us (50%) 17559 us (75%) 18303 us (95%) 20356 us (99%).
I0911 22:30:59.946624 2935738 AriaExecutor.h:535] Worker 4 latency: 16690 us (50%) 17562 us (75%) 18310 us (95%) 20362 us (99%).
I0911 22:30:59.950927 2935738 AriaExecutor.h:535] Worker 5 latency: 16679 us (50%) 17559 us (75%) 18303 us (95%) 20355 us (99%).
I0911 22:30:59.955173 2935738 AriaExecutor.h:535] Worker 6 latency: 16704 us (50%) 17565 us (75%) 18313 us (95%) 20366 us (99%).
I0911 22:30:59.959508 2935738 AriaExecutor.h:535] Worker 7 latency: 16697 us (50%) 17560 us (75%) 18311 us (95%) 20368 us (99%).
I0911 22:30:59.963773 2935738 AriaExecutor.h:535] Worker 8 latency: 16682 us (50%) 17558 us (75%) 18291 us (95%) 20322 us (99%).
I0911 22:30:59.968087 2935738 AriaExecutor.h:535] Worker 9 latency: 16695 us (50%) 17565 us (75%) 18308 us (95%) 20352 us (99%).
I0911 22:30:59.972270 2935738 AriaExecutor.h:535] Worker 10 latency: 16711 us (50%) 17564 us (75%) 18308 us (95%) 20377 us (99%).
I0911 22:30:59.976522 2935738 AriaExecutor.h:535] Worker 11 latency: 16699 us (50%) 17564 us (75%) 18305 us (95%) 20344 us (99%).
I0911 22:30:59.980736 2935738 AriaExecutor.h:535] Worker 12 latency: 16689 us (50%) 17553 us (75%) 18288 us (95%) 20332 us (99%).
I0911 22:30:59.985011 2935738 AriaExecutor.h:535] Worker 13 latency: 16686 us (50%) 17562 us (75%) 18321 us (95%) 20367 us (99%).
I0911 22:30:59.989243 2935738 AriaExecutor.h:535] Worker 14 latency: 16696 us (50%) 17556 us (75%) 18302 us (95%) 20362 us (99%).
I0911 22:30:59.993587 2935738 AriaExecutor.h:535] Worker 15 latency: 16692 us (50%) 17559 us (75%) 18303 us (95%) 20369 us (99%).
I0911 22:30:59.997787 2935738 Coordinator.h:177] total commit: 52264.4
I0911 22:31:00.997900 2935738 Coordinator.h:192] Coordinator exits.
