I1126 15:42:20.459954 1015570 Database.h:65] ycsb initialization finished in 30 milliseconds.
I1126 15:42:20.460058 1015570 Coordinator.h:30] Coordinator initializes 12 workers.
I1126 15:42:20.467054 1015570 Coordinator.h:77] Coordinator starts to run 13 workers.
I1126 15:42:20.467136 1015587 AriaExecutor.h:95] AriaExecutor 1 started. 
I1126 15:42:20.467195 1015588 AriaExecutor.h:95] AriaExecutor 2 started. 
I1126 15:42:20.467237 1015589 AriaExecutor.h:95] AriaExecutor 3 started. 
I1126 15:42:20.467273 1015590 AriaExecutor.h:95] AriaExecutor 4 started. 
I1126 15:42:20.467324 1015591 AriaExecutor.h:95] AriaExecutor 5 started. 
I1126 15:42:20.467372 1015592 AriaExecutor.h:95] AriaExecutor 6 started. 
I1126 15:42:20.467417 1015593 AriaExecutor.h:95] AriaExecutor 7 started. 
I1126 15:42:20.467458 1015594 AriaExecutor.h:95] AriaExecutor 8 started. 
I1126 15:42:20.467492 1015595 AriaExecutor.h:95] AriaExecutor 9 started. 
I1126 15:42:20.467531 1015596 AriaExecutor.h:95] AriaExecutor 10 started. 
I1126 15:42:20.467573 1015597 AriaExecutor.h:95] AriaExecutor 11 started. 
I1126 15:42:20.467603 1015586 AriaExecutor.h:95] AriaExecutor 0 started. 
I1126 15:42:20.467612 1015598 Manager.h:224] Manager(worker id = 12) on the coordinator node started.
I1126 15:42:21.467676 1015570 Coordinator.h:126] commit: 849574 abort: 1370426 (0/1370426/0), network size: 0, avg network size: 0, si_in_serializable: 0 0 %, local: 0 %
I1126 15:42:22.467787 1015570 Coordinator.h:126] commit: 837079 abort: 1352921 (0/1352921/0), network size: 0, avg network size: 0, si_in_serializable: 0 0 %, local: 0 %
I1126 15:42:23.467885 1015570 Coordinator.h:126] commit: 853592 abort: 1376408 (0/1376408/0), network size: 0, avg network size: 0, si_in_serializable: 0 0 %, local: 0 %
I1126 15:42:24.467975 1015570 Coordinator.h:126] commit: 850002 abort: 1372086 (0/1372086/0), network size: 0, avg network size: 0, si_in_serializable: 0 0 %, local: 0 %
I1126 15:42:25.468060 1015570 Coordinator.h:126] commit: 855474 abort: 1382438 (0/1382438/0), network size: 0, avg network size: 0, si_in_serializable: 0 0 %, local: 0 %
I1126 15:42:26.468170 1015570 Coordinator.h:126] commit: 852087 abort: 1377913 (0/1377913/0), network size: 0, avg network size: 0, si_in_serializable: 0 0 %, local: 0 %
I1126 15:42:27.468299 1015570 Coordinator.h:126] commit: 847906 abort: 1372094 (0/1372094/0), network size: 0, avg network size: 0, si_in_serializable: 0 0 %, local: 0 %
I1126 15:42:28.468407 1015570 Coordinator.h:126] commit: 838285 abort: 1351715 (0/1351715/0), network size: 0, avg network size: 0, si_in_serializable: 0 0 %, local: 0 %
I1126 15:42:29.468505 1015570 Coordinator.h:126] commit: 856116 abort: 1383884 (0/1383884/0), network size: 0, avg network size: 0, si_in_serializable: 0 0 %, local: 0 %
I1126 15:42:30.468617 1015570 Coordinator.h:126] commit: 856088 abort: 1383912 (0/1383912/0), network size: 0, avg network size: 0, si_in_serializable: 0 0 %, local: 0 %
I1126 15:42:31.468730 1015570 Coordinator.h:126] commit: 855991 abort: 1384009 (0/1384009/0), network size: 0, avg network size: 0, si_in_serializable: 0 0 %, local: 0 %
I1126 15:42:32.468833 1015570 Coordinator.h:126] commit: 856886 abort: 1383114 (0/1383114/0), network size: 0, avg network size: 0, si_in_serializable: 0 0 %, local: 0 %
I1126 15:42:33.468927 1015570 Coordinator.h:126] commit: 855758 abort: 1384242 (0/1384242/0), network size: 0, avg network size: 0, si_in_serializable: 0 0 %, local: 0 %
I1126 15:42:34.469029 1015570 Coordinator.h:126] commit: 850954 abort: 1379046 (0/1379046/0), network size: 0, avg network size: 0, si_in_serializable: 0 0 %, local: 0 %
I1126 15:42:35.469151 1015570 Coordinator.h:126] commit: 799159 abort: 1290841 (0/1290841/0), network size: 0, avg network size: 0, si_in_serializable: 0 0 %, local: 0 %
I1126 15:42:36.469269 1015570 Coordinator.h:126] commit: 856929 abort: 1383071 (0/1383071/0), network size: 0, avg network size: 0, si_in_serializable: 0 0 %, local: 0 %
I1126 15:42:37.469374 1015570 Coordinator.h:126] commit: 860215 abort: 1389785 (0/1389785/0), network size: 0, avg network size: 0, si_in_serializable: 0 0 %, local: 0 %
I1126 15:42:38.469471 1015570 Coordinator.h:126] commit: 855680 abort: 1384320 (0/1384320/0), network size: 0, avg network size: 0, si_in_serializable: 0 0 %, local: 0 %
I1126 15:42:39.469580 1015570 Coordinator.h:126] commit: 856360 abort: 1383640 (0/1383640/0), network size: 0, avg network size: 0, si_in_serializable: 0 0 %, local: 0 %
I1126 15:42:40.469681 1015570 Coordinator.h:126] commit: 857181 abort: 1382819 (0/1382819/0), network size: 0, avg network size: 0, si_in_serializable: 0 0 %, local: 0 %
I1126 15:42:41.469789 1015570 Coordinator.h:126] commit: 856226 abort: 1383774 (0/1383774/0), network size: 0, avg network size: 0, si_in_serializable: 0 0 %, local: 0 %
I1126 15:42:42.469892 1015570 Coordinator.h:126] commit: 853208 abort: 1376792 (0/1376792/0), network size: 0, avg network size: 0, si_in_serializable: 0 0 %, local: 0 %
I1126 15:42:43.470000 1015570 Coordinator.h:126] commit: 858591 abort: 1381409 (0/1381409/0), network size: 0, avg network size: 0, si_in_serializable: 0 0 %, local: 0 %
I1126 15:42:44.470111 1015570 Coordinator.h:126] commit: 849462 abort: 1370538 (0/1370538/0), network size: 0, avg network size: 0, si_in_serializable: 0 0 %, local: 0 %
I1126 15:42:45.470225 1015570 Coordinator.h:126] commit: 856425 abort: 1383575 (0/1383575/0), network size: 0, avg network size: 0, si_in_serializable: 0 0 %, local: 0 %
I1126 15:42:45.470263 1015570 Coordinator.h:152] average commit: 850511 abort: 1.37449e+06 (0/1.37449e+06/0), network size: 0, avg network size: 0, si_in_serializable: 0 0 %, local: 0 %
I1126 15:42:45.471648 1015588 AriaExecutor.h:107] AriaExecutor 2 exits. 
I1126 15:42:45.471648 1015590 AriaExecutor.h:107] AriaExecutor 4 exits. 
I1126 15:42:45.471662 1015595 AriaExecutor.h:107] AriaExecutor 9 exits. 
I1126 15:42:45.471650 1015598 Manager.h:227] Manager(worker id = 12) on the coordinator node exits.
I1126 15:42:45.471660 1015591 AriaExecutor.h:107] AriaExecutor 5 exits. 
I1126 15:42:45.471649 1015592 AriaExecutor.h:107] AriaExecutor 6 exits. 
I1126 15:42:45.471660 1015586 AriaExecutor.h:107] AriaExecutor 0 exits. 
I1126 15:42:45.471661 1015594 AriaExecutor.h:107] AriaExecutor 8 exits. 
I1126 15:42:45.471663 1015593 AriaExecutor.h:107] AriaExecutor 7 exits. 
I1126 15:42:45.471663 1015587 AriaExecutor.h:107] AriaExecutor 1 exits. 
I1126 15:42:45.471649 1015596 AriaExecutor.h:107] AriaExecutor 10 exits. 
I1126 15:42:45.471663 1015589 AriaExecutor.h:107] AriaExecutor 3 exits. 
I1126 15:42:45.471660 1015597 AriaExecutor.h:107] AriaExecutor 11 exits. 
I1126 15:42:45.470273 1015570 AriaExecutor.h:705] Worker 0 latency: 3292 us (50%) 3804 us (75%) 4145 us (95%) 4223 us (99%).
I1126 15:42:45.545356 1015570 AriaExecutor.h:705] Worker 1 latency: 3302 us (50%) 3807 us (75%) 4145 us (95%) 4222 us (99%).
I1126 15:42:45.627972 1015570 AriaExecutor.h:705] Worker 2 latency: 3308 us (50%) 3811 us (75%) 4145 us (95%) 4222 us (99%).
I1126 15:42:45.703217 1015570 AriaExecutor.h:705] Worker 3 latency: 3305 us (50%) 3809 us (75%) 4145 us (95%) 4221 us (99%).
I1126 15:42:45.784610 1015570 AriaExecutor.h:705] Worker 4 latency: 3299 us (50%) 3807 us (75%) 4144 us (95%) 4222 us (99%).
I1126 15:42:45.860395 1015570 AriaExecutor.h:705] Worker 5 latency: 3307 us (50%) 3809 us (75%) 4143 us (95%) 4220 us (99%).
I1126 15:42:45.956683 1015570 AriaExecutor.h:705] Worker 6 latency: 3308 us (50%) 3813 us (75%) 4146 us (95%) 4223 us (99%).
I1126 15:42:46.032531 1015570 AriaExecutor.h:705] Worker 7 latency: 3302 us (50%) 3807 us (75%) 4144 us (95%) 4220 us (99%).
I1126 15:42:46.114132 1015570 AriaExecutor.h:705] Worker 8 latency: 3300 us (50%) 3808 us (75%) 4145 us (95%) 4222 us (99%).
I1126 15:42:46.190011 1015570 AriaExecutor.h:705] Worker 9 latency: 3304 us (50%) 3808 us (75%) 4144 us (95%) 4221 us (99%).
I1126 15:42:46.272193 1015570 AriaExecutor.h:705] Worker 10 latency: 3300 us (50%) 3808 us (75%) 4144 us (95%) 4222 us (99%).
I1126 15:42:46.347783 1015570 AriaExecutor.h:705] Worker 11 latency: 3305 us (50%) 3808 us (75%) 4143 us (95%) 4220 us (99%).
I1126 15:42:46.428889 1015570 Coordinator.h:177] total commit: 850511
I1126 15:42:47.429009 1015570 Coordinator.h:192] Coordinator exits.
