I1126 15:29:40.710201 1007330 Database.h:65] ycsb initialization finished in 30 milliseconds.
I1126 15:29:40.710296 1007330 Coordinator.h:30] Coordinator initializes 12 workers.
I1126 15:29:40.717074 1007330 Coordinator.h:77] Coordinator starts to run 13 workers.
I1126 15:29:40.717125 1007346 AriaExecutor.h:95] AriaExecutor 0 started. 
I1126 15:29:40.717156 1007347 AriaExecutor.h:95] AriaExecutor 1 started. 
I1126 15:29:40.717202 1007348 AriaExecutor.h:95] AriaExecutor 2 started. 
I1126 15:29:40.717242 1007349 AriaExecutor.h:95] AriaExecutor 3 started. 
I1126 15:29:40.717275 1007350 AriaExecutor.h:95] AriaExecutor 4 started. 
I1126 15:29:40.717325 1007351 AriaExecutor.h:95] AriaExecutor 5 started. 
I1126 15:29:40.717368 1007352 AriaExecutor.h:95] AriaExecutor 6 started. 
I1126 15:29:40.717425 1007353 AriaExecutor.h:95] AriaExecutor 7 started. 
I1126 15:29:40.717473 1007354 AriaExecutor.h:95] AriaExecutor 8 started. 
I1126 15:29:40.717525 1007355 AriaExecutor.h:95] AriaExecutor 9 started. 
I1126 15:29:40.717577 1007356 AriaExecutor.h:95] AriaExecutor 10 started. 
I1126 15:29:40.717630 1007357 AriaExecutor.h:95] AriaExecutor 11 started. 
I1126 15:29:40.717679 1007358 Manager.h:224] Manager(worker id = 12) on the coordinator node started.
I1126 15:29:41.717738 1007330 Coordinator.h:126] commit: 759863 abort: 570137 (0/570137/0), network size: 0, avg network size: 0, si_in_serializable: 0 0 %, local: 0 %
I1126 15:29:42.717860 1007330 Coordinator.h:126] commit: 754658 abort: 565342 (0/565342/0), network size: 0, avg network size: 0, si_in_serializable: 0 0 %, local: 0 %
I1126 15:29:43.717988 1007330 Coordinator.h:126] commit: 765300 abort: 574700 (0/574700/0), network size: 0, avg network size: 0, si_in_serializable: 0 0 %, local: 0 %
I1126 15:29:44.718097 1007330 Coordinator.h:126] commit: 764287 abort: 571173 (0/571173/0), network size: 0, avg network size: 0, si_in_serializable: 0 0 %, local: 0 %
I1126 15:29:45.718204 1007330 Coordinator.h:126] commit: 761334 abort: 573206 (0/573206/0), network size: 0, avg network size: 0, si_in_serializable: 0 0 %, local: 0 %
I1126 15:29:46.718305 1007330 Coordinator.h:126] commit: 759096 abort: 570904 (0/570904/0), network size: 0, avg network size: 0, si_in_serializable: 0 0 %, local: 0 %
I1126 15:29:47.718463 1007330 Coordinator.h:126] commit: 759268 abort: 570732 (0/570732/0), network size: 0, avg network size: 0, si_in_serializable: 0 0 %, local: 0 %
I1126 15:29:48.718570 1007330 Coordinator.h:126] commit: 770581 abort: 579419 (0/579419/0), network size: 0, avg network size: 0, si_in_serializable: 0 0 %, local: 0 %
I1126 15:29:49.718673 1007330 Coordinator.h:126] commit: 754795 abort: 565205 (0/565205/0), network size: 0, avg network size: 0, si_in_serializable: 0 0 %, local: 0 %
I1126 15:29:50.718775 1007330 Coordinator.h:126] commit: 765721 abort: 574274 (0/574274/0), network size: 0, avg network size: 0, si_in_serializable: 0 0 %, local: 0 %
I1126 15:29:51.718875 1007330 Coordinator.h:126] commit: 763339 abort: 572460 (0/572460/0), network size: 0, avg network size: 0, si_in_serializable: 0 0 %, local: 0 %
I1126 15:29:52.718976 1007330 Coordinator.h:126] commit: 767108 abort: 577098 (0/577098/0), network size: 0, avg network size: 0, si_in_serializable: 0 0 %, local: 0 %
I1126 15:29:53.719072 1007330 Coordinator.h:126] commit: 759792 abort: 570208 (0/570208/0), network size: 0, avg network size: 0, si_in_serializable: 0 0 %, local: 0 %
I1126 15:29:54.719169 1007330 Coordinator.h:126] commit: 765347 abort: 574653 (0/574653/0), network size: 0, avg network size: 0, si_in_serializable: 0 0 %, local: 0 %
I1126 15:29:55.719269 1007330 Coordinator.h:126] commit: 759196 abort: 570804 (0/570804/0), network size: 0, avg network size: 0, si_in_serializable: 0 0 %, local: 0 %
I1126 15:29:56.719372 1007330 Coordinator.h:126] commit: 766189 abort: 573811 (0/573811/0), network size: 0, avg network size: 0, si_in_serializable: 0 0 %, local: 0 %
I1126 15:29:57.719475 1007330 Coordinator.h:126] commit: 727301 abort: 544735 (0/544735/0), network size: 0, avg network size: 0, si_in_serializable: 0 0 %, local: 0 %
I1126 15:29:58.719573 1007330 Coordinator.h:126] commit: 763426 abort: 574538 (0/574538/0), network size: 0, avg network size: 0, si_in_serializable: 0 0 %, local: 0 %
I1126 15:29:59.719695 1007330 Coordinator.h:126] commit: 760028 abort: 569972 (0/569972/0), network size: 0, avg network size: 0, si_in_serializable: 0 0 %, local: 0 %
I1126 15:30:00.719797 1007330 Coordinator.h:126] commit: 765642 abort: 574358 (0/574358/0), network size: 0, avg network size: 0, si_in_serializable: 0 0 %, local: 0 %
I1126 15:30:01.719918 1007330 Coordinator.h:126] commit: 765438 abort: 574562 (0/574562/0), network size: 0, avg network size: 0, si_in_serializable: 0 0 %, local: 0 %
I1126 15:30:02.720019 1007330 Coordinator.h:126] commit: 760357 abort: 569643 (0/569643/0), network size: 0, avg network size: 0, si_in_serializable: 0 0 %, local: 0 %
I1126 15:30:03.720113 1007330 Coordinator.h:126] commit: 766021 abort: 573979 (0/573979/0), network size: 0, avg network size: 0, si_in_serializable: 0 0 %, local: 0 %
I1126 15:30:04.720211 1007330 Coordinator.h:126] commit: 765144 abort: 574856 (0/574856/0), network size: 0, avg network size: 0, si_in_serializable: 0 0 %, local: 0 %
I1126 15:30:05.720312 1007330 Coordinator.h:126] commit: 761038 abort: 570390 (0/570390/0), network size: 0, avg network size: 0, si_in_serializable: 0 0 %, local: 0 %
I1126 15:30:05.720343 1007330 Coordinator.h:152] average commit: 759737 abort: 570264 (0/570264/0), network size: 0, avg network size: 0, si_in_serializable: 0 0 %, local: 0 %
I1126 15:30:05.720885 1007358 Manager.h:227] Manager(worker id = 12) on the coordinator node exits.
I1126 15:30:05.720887 1007348 AriaExecutor.h:107] AriaExecutor 2 exits. 
I1126 15:30:05.720891 1007352 AriaExecutor.h:107] AriaExecutor 6 exits. 
I1126 15:30:05.720896 1007347 AriaExecutor.h:107] AriaExecutor 1 exits. 
I1126 15:30:05.720892 1007346 AriaExecutor.h:107] AriaExecutor 0 exits. 
I1126 15:30:05.720901 1007351 AriaExecutor.h:107] AriaExecutor 5 exits. 
I1126 15:30:05.720902 1007357 AriaExecutor.h:107] AriaExecutor 11 exits. 
I1126 15:30:05.720887 1007356 AriaExecutor.h:107] AriaExecutor 10 exits. 
I1126 15:30:05.720911 1007355 AriaExecutor.h:107] AriaExecutor 9 exits. 
I1126 15:30:05.720901 1007349 AriaExecutor.h:107] AriaExecutor 3 exits. 
I1126 15:30:05.720893 1007354 AriaExecutor.h:107] AriaExecutor 8 exits. 
I1126 15:30:05.720911 1007353 AriaExecutor.h:107] AriaExecutor 7 exits. 
I1126 15:30:05.720893 1007350 AriaExecutor.h:107] AriaExecutor 4 exits. 
I1126 15:30:05.720361 1007330 AriaExecutor.h:705] Worker 0 latency: 6039 us (50%) 6459 us (75%) 6723 us (95%) 6826 us (99%).
I1126 15:30:05.782450 1007330 AriaExecutor.h:705] Worker 1 latency: 6035 us (50%) 6459 us (75%) 6723 us (95%) 6825 us (99%).
I1126 15:30:05.844882 1007330 AriaExecutor.h:705] Worker 2 latency: 6041 us (50%) 6457 us (75%) 6719 us (95%) 6820 us (99%).
I1126 15:30:05.906750 1007330 AriaExecutor.h:705] Worker 3 latency: 6032 us (50%) 6456 us (75%) 6721 us (95%) 6823 us (99%).
I1126 15:30:05.969480 1007330 AriaExecutor.h:705] Worker 4 latency: 6034 us (50%) 6456 us (75%) 6721 us (95%) 6823 us (99%).
I1126 15:30:06.031937 1007330 AriaExecutor.h:705] Worker 5 latency: 6035 us (50%) 6457 us (75%) 6721 us (95%) 6824 us (99%).
I1126 15:30:06.094651 1007330 AriaExecutor.h:705] Worker 6 latency: 6042 us (50%) 6460 us (75%) 6722 us (95%) 6822 us (99%).
I1126 15:30:06.156736 1007330 AriaExecutor.h:705] Worker 7 latency: 6030 us (50%) 6456 us (75%) 6721 us (95%) 6820 us (99%).
I1126 15:30:06.219242 1007330 AriaExecutor.h:705] Worker 8 latency: 6035 us (50%) 6456 us (75%) 6720 us (95%) 6821 us (99%).
I1126 15:30:06.282104 1007330 AriaExecutor.h:705] Worker 9 latency: 6036 us (50%) 6458 us (75%) 6722 us (95%) 6825 us (99%).
I1126 15:30:06.344724 1007330 AriaExecutor.h:705] Worker 10 latency: 6045 us (50%) 6461 us (75%) 6722 us (95%) 6824 us (99%).
I1126 15:30:06.406423 1007330 AriaExecutor.h:705] Worker 11 latency: 6034 us (50%) 6458 us (75%) 6722 us (95%) 6824 us (99%).
I1126 15:30:06.469451 1007330 Coordinator.h:177] total commit: 759737
I1126 15:30:07.469565 1007330 Coordinator.h:192] Coordinator exits.
