I1126 13:24:52.826607 931052 Database.h:65] ycsb initialization finished in 30 milliseconds.
I1126 13:24:52.826701 931052 Coordinator.h:30] Coordinator initializes 12 workers.
I1126 13:24:52.834257 931052 Coordinator.h:77] Coordinator starts to run 13 workers.
I1126 13:24:52.834316 931068 AriaExecutor.h:82] AriaExecutor 0 started. 
I1126 13:24:52.834350 931069 AriaExecutor.h:82] AriaExecutor 1 started. 
I1126 13:24:52.834395 931070 AriaExecutor.h:82] AriaExecutor 2 started. 
I1126 13:24:52.834439 931071 AriaExecutor.h:82] AriaExecutor 3 started. 
I1126 13:24:52.834473 931072 AriaExecutor.h:82] AriaExecutor 4 started. 
I1126 13:24:52.834522 931073 AriaExecutor.h:82] AriaExecutor 5 started. 
I1126 13:24:52.834571 931074 AriaExecutor.h:82] AriaExecutor 6 started. 
I1126 13:24:52.834623 931075 AriaExecutor.h:82] AriaExecutor 7 started. 
I1126 13:24:52.834678 931076 AriaExecutor.h:82] AriaExecutor 8 started. 
I1126 13:24:52.834733 931077 AriaExecutor.h:82] AriaExecutor 9 started. 
I1126 13:24:52.834779 931078 AriaExecutor.h:82] AriaExecutor 10 started. 
I1126 13:24:52.834826 931079 AriaExecutor.h:82] AriaExecutor 11 started. 
I1126 13:24:52.834880 931080 Manager.h:224] Manager(worker id = 12) on the coordinator node started.
I1126 13:24:53.834934 931052 Coordinator.h:126] commit: 1016401 abort: 4599 (0/4599/0), network size: 0, avg network size: 0, si_in_serializable: 0 0 %, local: 0 %
I1126 13:24:54.835049 931052 Coordinator.h:126] commit: 999476 abort: 4524 (0/4524/0), network size: 0, avg network size: 0, si_in_serializable: 0 0 %, local: 0 %
I1126 13:24:55.835167 931052 Coordinator.h:126] commit: 1015361 abort: 4639 (0/4639/0), network size: 0, avg network size: 0, si_in_serializable: 0 0 %, local: 0 %
I1126 13:24:56.835264 931052 Coordinator.h:126] commit: 1019419 abort: 4581 (0/4581/0), network size: 0, avg network size: 0, si_in_serializable: 0 0 %, local: 0 %
I1126 13:24:57.835357 931052 Coordinator.h:126] commit: 1029670 abort: 4617 (0/4617/0), network size: 0, avg network size: 0, si_in_serializable: 0 0 %, local: 0 %
I1126 13:24:58.835445 931052 Coordinator.h:126] commit: 1020047 abort: 4665 (0/4665/0), network size: 0, avg network size: 0, si_in_serializable: 0 0 %, local: 0 %
I1126 13:24:59.835561 931052 Coordinator.h:126] commit: 1001484 abort: 4516 (0/4516/0), network size: 0, avg network size: 0, si_in_serializable: 0 0 %, local: 0 %
I1126 13:25:00.835662 931052 Coordinator.h:126] commit: 1028882 abort: 4679 (0/4679/0), network size: 0, avg network size: 0, si_in_serializable: 0 0 %, local: 0 %
I1126 13:25:01.835772 931052 Coordinator.h:126] commit: 1029802 abort: 4636 (0/4636/0), network size: 0, avg network size: 0, si_in_serializable: 0 0 %, local: 0 %
I1126 13:25:02.835862 931052 Coordinator.h:126] commit: 1029345 abort: 4655 (0/4655/0), network size: 0, avg network size: 0, si_in_serializable: 0 0 %, local: 0 %
I1126 13:25:03.835947 931052 Coordinator.h:126] commit: 1030332 abort: 4668 (0/4668/0), network size: 0, avg network size: 0, si_in_serializable: 0 0 %, local: 0 %
I1126 13:25:04.836033 931052 Coordinator.h:126] commit: 1029292 abort: 4708 (0/4708/0), network size: 0, avg network size: 0, si_in_serializable: 0 0 %, local: 0 %
I1126 13:25:05.836123 931052 Coordinator.h:126] commit: 978668 abort: 4332 (0/4332/0), network size: 0, avg network size: 0, si_in_serializable: 0 0 %, local: 0 %
I1126 13:25:06.836215 931052 Coordinator.h:126] commit: 1031357 abort: 4643 (0/4643/0), network size: 0, avg network size: 0, si_in_serializable: 0 0 %, local: 0 %
I1126 13:25:07.836306 931052 Coordinator.h:126] commit: 1029376 abort: 4624 (0/4624/0), network size: 0, avg network size: 0, si_in_serializable: 0 0 %, local: 0 %
I1126 13:25:08.836396 931052 Coordinator.h:126] commit: 1031379 abort: 4621 (0/4621/0), network size: 0, avg network size: 0, si_in_serializable: 0 0 %, local: 0 %
I1126 13:25:09.836506 931052 Coordinator.h:126] commit: 1019313 abort: 4687 (0/4687/0), network size: 0, avg network size: 0, si_in_serializable: 0 0 %, local: 0 %
I1126 13:25:10.836601 931052 Coordinator.h:126] commit: 1019414 abort: 4586 (0/4586/0), network size: 0, avg network size: 0, si_in_serializable: 0 0 %, local: 0 %
I1126 13:25:11.836699 931052 Coordinator.h:126] commit: 1032364 abort: 4636 (0/4636/0), network size: 0, avg network size: 0, si_in_serializable: 0 0 %, local: 0 %
I1126 13:25:12.836792 931052 Coordinator.h:126] commit: 1026342 abort: 4658 (0/4658/0), network size: 0, avg network size: 0, si_in_serializable: 0 0 %, local: 0 %
I1126 13:25:13.836880 931052 Coordinator.h:126] commit: 1025409 abort: 4591 (0/4591/0), network size: 0, avg network size: 0, si_in_serializable: 0 0 %, local: 0 %
I1126 13:25:14.836968 931052 Coordinator.h:126] commit: 1026415 abort: 4585 (0/4585/0), network size: 0, avg network size: 0, si_in_serializable: 0 0 %, local: 0 %
I1126 13:25:15.837060 931052 Coordinator.h:126] commit: 1028318 abort: 4682 (0/4682/0), network size: 0, avg network size: 0, si_in_serializable: 0 0 %, local: 0 %
I1126 13:25:16.837150 931052 Coordinator.h:126] commit: 1030438 abort: 4562 (0/4562/0), network size: 0, avg network size: 0, si_in_serializable: 0 0 %, local: 0 %
I1126 13:25:17.837240 931052 Coordinator.h:126] commit: 949756 abort: 4244 (0/4244/0), network size: 0, avg network size: 0, si_in_serializable: 0 0 %, local: 0 %
I1126 13:25:17.837265 931052 Coordinator.h:152] average commit: 1.02278e+06 abort: 4616.3 (0/4616.3/0), network size: 0, avg network size: 0, si_in_serializable: 0 0 %, local: 0 %
I1126 13:25:17.837610 931074 AriaExecutor.h:94] AriaExecutor 6 exits. 
I1126 13:25:17.837613 931080 Manager.h:227] Manager(worker id = 12) on the coordinator node exits.
I1126 13:25:17.837610 931068 AriaExecutor.h:94] AriaExecutor 0 exits. 
I1126 13:25:17.837623 931079 AriaExecutor.h:94] AriaExecutor 11 exits. 
I1126 13:25:17.837611 931078 AriaExecutor.h:94] AriaExecutor 10 exits. 
I1126 13:25:17.837612 931076 AriaExecutor.h:94] AriaExecutor 8 exits. 
I1126 13:25:17.837610 931070 AriaExecutor.h:94] AriaExecutor 2 exits. 
I1126 13:25:17.837611 931072 AriaExecutor.h:94] AriaExecutor 4 exits. 
I1126 13:25:17.837623 931073 AriaExecutor.h:94] AriaExecutor 5 exits. 
I1126 13:25:17.837623 931075 AriaExecutor.h:94] AriaExecutor 7 exits. 
I1126 13:25:17.837623 931069 AriaExecutor.h:94] AriaExecutor 1 exits. 
I1126 13:25:17.837625 931077 AriaExecutor.h:94] AriaExecutor 9 exits. 
I1126 13:25:17.837623 931071 AriaExecutor.h:94] AriaExecutor 3 exits. 
I1126 13:25:17.837277 931052 AriaExecutor.h:535] Worker 0 latency: 562 us (50%) 744 us (75%) 889 us (95%) 923 us (99%).
I1126 13:25:17.925686 931052 AriaExecutor.h:535] Worker 1 latency: 561 us (50%) 743 us (75%) 889 us (95%) 923 us (99%).
I1126 13:25:18.013266 931052 AriaExecutor.h:535] Worker 2 latency: 563 us (50%) 744 us (75%) 889 us (95%) 923 us (99%).
I1126 13:25:18.099612 931052 AriaExecutor.h:535] Worker 3 latency: 562 us (50%) 743 us (75%) 889 us (95%) 922 us (99%).
I1126 13:25:18.185231 931052 AriaExecutor.h:535] Worker 4 latency: 566 us (50%) 745 us (75%) 889 us (95%) 923 us (99%).
I1126 13:25:18.272022 931052 AriaExecutor.h:535] Worker 5 latency: 565 us (50%) 744 us (75%) 889 us (95%) 923 us (99%).
I1126 13:25:18.357604 931052 AriaExecutor.h:535] Worker 6 latency: 568 us (50%) 746 us (75%) 889 us (95%) 923 us (99%).
I1126 13:25:18.442291 931052 AriaExecutor.h:535] Worker 7 latency: 565 us (50%) 744 us (75%) 889 us (95%) 923 us (99%).
I1126 13:25:18.530018 931052 AriaExecutor.h:535] Worker 8 latency: 567 us (50%) 746 us (75%) 890 us (95%) 923 us (99%).
I1126 13:25:18.616070 931052 AriaExecutor.h:535] Worker 9 latency: 566 us (50%) 745 us (75%) 889 us (95%) 923 us (99%).
I1126 13:25:18.701474 931052 AriaExecutor.h:535] Worker 10 latency: 566 us (50%) 746 us (75%) 889 us (95%) 923 us (99%).
I1126 13:25:18.785790 931052 AriaExecutor.h:535] Worker 11 latency: 566 us (50%) 745 us (75%) 889 us (95%) 923 us (99%).
I1126 13:25:18.871188 931052 Coordinator.h:177] total commit: 1.02278e+06
I1126 13:25:19.871301 931052 Coordinator.h:192] Coordinator exits.
