I1126 13:24:00.454047 930534 Database.h:65] ycsb initialization finished in 30 milliseconds.
I1126 13:24:00.454149 930534 Coordinator.h:30] Coordinator initializes 12 workers.
I1126 13:24:00.461704 930534 Coordinator.h:77] Coordinator starts to run 13 workers.
I1126 13:24:00.461761 930550 AriaExecutor.h:82] AriaExecutor 0 started. 
I1126 13:24:00.461787 930551 AriaExecutor.h:82] AriaExecutor 1 started. 
I1126 13:24:00.461839 930552 AriaExecutor.h:82] AriaExecutor 2 started. 
I1126 13:24:00.461875 930553 AriaExecutor.h:82] AriaExecutor 3 started. 
I1126 13:24:00.461958 930555 AriaExecutor.h:82] AriaExecutor 5 started. 
I1126 13:24:00.462002 930556 AriaExecutor.h:82] AriaExecutor 6 started. 
I1126 13:24:00.462049 930557 AriaExecutor.h:82] AriaExecutor 7 started. 
I1126 13:24:00.462087 930558 AriaExecutor.h:82] AriaExecutor 8 started. 
I1126 13:24:00.462131 930559 AriaExecutor.h:82] AriaExecutor 9 started. 
I1126 13:24:00.462167 930560 AriaExecutor.h:82] AriaExecutor 10 started. 
I1126 13:24:00.462213 930561 AriaExecutor.h:82] AriaExecutor 11 started. 
I1126 13:24:00.462244 930554 AriaExecutor.h:82] AriaExecutor 4 started. 
I1126 13:24:00.462248 930562 Manager.h:224] Manager(worker id = 12) on the coordinator node started.
I1126 13:24:01.462345 930534 Coordinator.h:126] commit: 21918 abort: 147082 (0/147082/0), network size: 0, avg network size: 0, si_in_serializable: 0 0 %, local: 0 %
I1126 13:24:02.462463 930534 Coordinator.h:126] commit: 21919 abort: 147081 (0/147081/0), network size: 0, avg network size: 0, si_in_serializable: 0 0 %, local: 0 %
I1126 13:24:03.462575 930534 Coordinator.h:126] commit: 21948 abort: 148519 (0/148519/0), network size: 0, avg network size: 0, si_in_serializable: 0 0 %, local: 0 %
I1126 13:24:04.462690 930534 Coordinator.h:126] commit: 22448 abort: 149085 (0/149085/0), network size: 0, avg network size: 0, si_in_serializable: 0 0 %, local: 0 %
I1126 13:24:05.462800 930534 Coordinator.h:126] commit: 22011 abort: 148989 (0/148989/0), network size: 0, avg network size: 0, si_in_serializable: 0 0 %, local: 0 %
I1126 13:24:06.462903 930534 Coordinator.h:126] commit: 22166 abort: 147834 (0/147834/0), network size: 0, avg network size: 0, si_in_serializable: 0 0 %, local: 0 %
I1126 13:24:07.462983 930534 Coordinator.h:126] commit: 22479 abort: 149521 (0/149521/0), network size: 0, avg network size: 0, si_in_serializable: 0 0 %, local: 0 %
I1126 13:24:08.463102 930534 Coordinator.h:126] commit: 22141 abort: 148859 (0/148859/0), network size: 0, avg network size: 0, si_in_serializable: 0 0 %, local: 0 %
I1126 13:24:09.463194 930534 Coordinator.h:126] commit: 21898 abort: 148102 (0/148102/0), network size: 0, avg network size: 0, si_in_serializable: 0 0 %, local: 0 %
I1126 13:24:10.463301 930534 Coordinator.h:126] commit: 22376 abort: 149624 (0/149624/0), network size: 0, avg network size: 0, si_in_serializable: 0 0 %, local: 0 %
I1126 13:24:11.463406 930534 Coordinator.h:126] commit: 22194 abort: 149806 (0/149806/0), network size: 0, avg network size: 0, si_in_serializable: 0 0 %, local: 0 %
I1126 13:24:12.463487 930534 Coordinator.h:126] commit: 22167 abort: 149833 (0/149833/0), network size: 0, avg network size: 0, si_in_serializable: 0 0 %, local: 0 %
I1126 13:24:13.463608 930534 Coordinator.h:126] commit: 22306 abort: 149694 (0/149694/0), network size: 0, avg network size: 0, si_in_serializable: 0 0 %, local: 0 %
I1126 13:24:14.463711 930534 Coordinator.h:126] commit: 22123 abort: 147877 (0/147877/0), network size: 0, avg network size: 0, si_in_serializable: 0 0 %, local: 0 %
I1126 13:24:15.463829 930534 Coordinator.h:126] commit: 22295 abort: 149705 (0/149705/0), network size: 0, avg network size: 0, si_in_serializable: 0 0 %, local: 0 %
I1126 13:24:16.463948 930534 Coordinator.h:126] commit: 22275 abort: 149725 (0/149725/0), network size: 0, avg network size: 0, si_in_serializable: 0 0 %, local: 0 %
I1126 13:24:17.464052 930534 Coordinator.h:126] commit: 22366 abort: 149634 (0/149634/0), network size: 0, avg network size: 0, si_in_serializable: 0 0 %, local: 0 %
I1126 13:24:18.464138 930534 Coordinator.h:126] commit: 22084 abort: 149916 (0/149916/0), network size: 0, avg network size: 0, si_in_serializable: 0 0 %, local: 0 %
I1126 13:24:19.464246 930534 Coordinator.h:126] commit: 22262 abort: 149738 (0/149738/0), network size: 0, avg network size: 0, si_in_serializable: 0 0 %, local: 0 %
I1126 13:24:20.464375 930534 Coordinator.h:126] commit: 22187 abort: 148813 (0/148813/0), network size: 0, avg network size: 0, si_in_serializable: 0 0 %, local: 0 %
I1126 13:24:21.464485 930534 Coordinator.h:126] commit: 22329 abort: 150671 (0/150671/0), network size: 0, avg network size: 0, si_in_serializable: 0 0 %, local: 0 %
I1126 13:24:22.464573 930534 Coordinator.h:126] commit: 22350 abort: 149650 (0/149650/0), network size: 0, avg network size: 0, si_in_serializable: 0 0 %, local: 0 %
I1126 13:24:23.464681 930534 Coordinator.h:126] commit: 22365 abort: 149635 (0/149635/0), network size: 0, avg network size: 0, si_in_serializable: 0 0 %, local: 0 %
I1126 13:24:24.464797 930534 Coordinator.h:126] commit: 22358 abort: 149642 (0/149642/0), network size: 0, avg network size: 0, si_in_serializable: 0 0 %, local: 0 %
I1126 13:24:25.464921 930534 Coordinator.h:126] commit: 22216 abort: 149784 (0/149784/0), network size: 0, avg network size: 0, si_in_serializable: 0 0 %, local: 0 %
I1126 13:24:25.464962 930534 Coordinator.h:152] average commit: 22225.9 abort: 149474 (0/149474/0), network size: 0, avg network size: 0, si_in_serializable: 0 0 %, local: 0 %
I1126 13:24:25.464970 930534 AriaExecutor.h:535] Worker 0 latency: 5576 us (50%) 5652 us (75%) 5737 us (95%) 5812 us (99%).
I1126 13:24:25.468901 930552 AriaExecutor.h:94] AriaExecutor 2 exits. 
I1126 13:24:25.468916 930558 AriaExecutor.h:94] AriaExecutor 8 exits. 
I1126 13:24:25.468910 930556 AriaExecutor.h:94] AriaExecutor 6 exits. 
I1126 13:24:25.468919 930557 AriaExecutor.h:94] AriaExecutor 7 exits. 
I1126 13:24:25.468916 930551 AriaExecutor.h:94] AriaExecutor 1 exits. 
I1126 13:24:25.468919 930555 AriaExecutor.h:94] AriaExecutor 5 exits. 
I1126 13:24:25.468914 930554 AriaExecutor.h:94] AriaExecutor 4 exits. 
I1126 13:24:25.468920 930559 AriaExecutor.h:94] AriaExecutor 9 exits. 
I1126 13:24:25.468916 930560 AriaExecutor.h:94] AriaExecutor 10 exits. 
I1126 13:24:25.468922 930562 Manager.h:227] Manager(worker id = 12) on the coordinator node exits.
I1126 13:24:25.468923 930561 AriaExecutor.h:94] AriaExecutor 11 exits. 
I1126 13:24:25.468909 930550 AriaExecutor.h:94] AriaExecutor 0 exits. 
I1126 13:24:25.468917 930553 AriaExecutor.h:94] AriaExecutor 3 exits. 
I1126 13:24:25.469238 930534 AriaExecutor.h:535] Worker 1 latency: 5574 us (50%) 5651 us (75%) 5735 us (95%) 5810 us (99%).
I1126 13:24:25.471568 930534 AriaExecutor.h:535] Worker 2 latency: 5573 us (50%) 5651 us (75%) 5734 us (95%) 5807 us (99%).
I1126 13:24:25.473860 930534 AriaExecutor.h:535] Worker 3 latency: 5572 us (50%) 5649 us (75%) 5732 us (95%) 5810 us (99%).
I1126 13:24:25.476145 930534 AriaExecutor.h:535] Worker 4 latency: 5571 us (50%) 5649 us (75%) 5733 us (95%) 5809 us (99%).
I1126 13:24:25.478441 930534 AriaExecutor.h:535] Worker 5 latency: 5570 us (50%) 5648 us (75%) 5732 us (95%) 5809 us (99%).
I1126 13:24:25.480705 930534 AriaExecutor.h:535] Worker 6 latency: 5569 us (50%) 5647 us (75%) 5732 us (95%) 5805 us (99%).
I1126 13:24:25.482969 930534 AriaExecutor.h:535] Worker 7 latency: 5567 us (50%) 5646 us (75%) 5730 us (95%) 5805 us (99%).
I1126 13:24:25.485208 930534 AriaExecutor.h:535] Worker 8 latency: 5570 us (50%) 5648 us (75%) 5733 us (95%) 5809 us (99%).
I1126 13:24:25.487423 930534 AriaExecutor.h:535] Worker 9 latency: 5569 us (50%) 5647 us (75%) 5730 us (95%) 5803 us (99%).
I1126 13:24:25.489630 930534 AriaExecutor.h:535] Worker 10 latency: 5566 us (50%) 5645 us (75%) 5731 us (95%) 5805 us (99%).
I1126 13:24:25.491844 930534 AriaExecutor.h:535] Worker 11 latency: 5568 us (50%) 5647 us (75%) 5731 us (95%) 5807 us (99%).
I1126 13:24:25.494014 930534 Coordinator.h:177] total commit: 22225.9
I1126 13:24:26.494144 930534 Coordinator.h:192] Coordinator exits.
