I1126 17:11:38.754900 1050460 Database.h:65] ycsb initialization finished in 30 milliseconds.
I1126 17:11:38.754997 1050460 Coordinator.h:30] Coordinator initializes 12 workers.
I1126 17:11:38.755903 1050460 Coordinator.h:77] Coordinator starts to run 13 workers.
I1126 17:11:38.755976 1050476 AriaExecutor.h:91] AriaExecutor 0 started. 
I1126 17:11:38.756001 1050477 AriaExecutor.h:91] AriaExecutor 1 started. 
I1126 17:11:38.756045 1050478 AriaExecutor.h:91] AriaExecutor 2 started. 
I1126 17:11:38.756086 1050479 AriaExecutor.h:91] AriaExecutor 3 started. 
I1126 17:11:38.756111 1050480 AriaExecutor.h:91] AriaExecutor 4 started. 
I1126 17:11:38.756151 1050481 AriaExecutor.h:91] AriaExecutor 5 started. 
I1126 17:11:38.756186 1050482 AriaExecutor.h:91] AriaExecutor 6 started. 
I1126 17:11:38.756227 1050483 AriaExecutor.h:91] AriaExecutor 7 started. 
I1126 17:11:38.756249 1050484 AriaExecutor.h:91] AriaExecutor 8 started. 
I1126 17:11:38.756290 1050485 AriaExecutor.h:91] AriaExecutor 9 started. 
I1126 17:11:38.756314 1050486 AriaExecutor.h:91] AriaExecutor 10 started. 
I1126 17:11:38.756353 1050487 AriaExecutor.h:91] AriaExecutor 11 started. 
I1126 17:11:38.756381 1050488 Manager.h:224] Manager(worker id = 12) on the coordinator node started.
I1126 17:11:39.756430 1050460 Coordinator.h:126] commit: 1416931 abort: 38069 (0/38069/0), network size: 0, avg network size: 0, si_in_serializable: 0 0 %, local: 0 %
I1126 17:11:40.756534 1050460 Coordinator.h:126] commit: 1409954 abort: 38046 (0/38046/0), network size: 0, avg network size: 0, si_in_serializable: 0 0 %, local: 0 %
I1126 17:11:41.756644 1050460 Coordinator.h:126] commit: 1428435 abort: 38565 (0/38565/0), network size: 0, avg network size: 0, si_in_serializable: 0 0 %, local: 0 %
I1126 17:11:42.756748 1050460 Coordinator.h:126] commit: 1445911 abort: 39089 (0/39089/0), network size: 0, avg network size: 0, si_in_serializable: 0 0 %, local: 0 %
I1126 17:11:43.756834 1050460 Coordinator.h:126] commit: 1409994 abort: 38006 (0/38006/0), network size: 0, avg network size: 0, si_in_serializable: 0 0 %, local: 0 %
I1126 17:11:44.756932 1050460 Coordinator.h:126] commit: 1443690 abort: 39310 (0/39310/0), network size: 0, avg network size: 0, si_in_serializable: 0 0 %, local: 0 %
I1126 17:11:45.757020 1050460 Coordinator.h:126] commit: 1445140 abort: 38966 (0/38966/0), network size: 0, avg network size: 0, si_in_serializable: 0 0 %, local: 0 %
I1126 17:11:46.757122 1050460 Coordinator.h:126] commit: 1423556 abort: 38338 (0/38338/0), network size: 0, avg network size: 0, si_in_serializable: 0 0 %, local: 0 %
I1126 17:11:47.757213 1050460 Coordinator.h:126] commit: 1358524 abort: 36476 (0/36476/0), network size: 0, avg network size: 0, si_in_serializable: 0 0 %, local: 0 %
I1126 17:11:48.757340 1050460 Coordinator.h:126] commit: 1439059 abort: 38941 (0/38941/0), network size: 0, avg network size: 0, si_in_serializable: 0 0 %, local: 0 %
I1126 17:11:49.757443 1050460 Coordinator.h:126] commit: 1440289 abort: 38711 (0/38711/0), network size: 0, avg network size: 0, si_in_serializable: 0 0 %, local: 0 %
I1126 17:11:50.757543 1050460 Coordinator.h:126] commit: 1443326 abort: 38674 (0/38674/0), network size: 0, avg network size: 0, si_in_serializable: 0 0 %, local: 0 %
I1126 17:11:51.757624 1050460 Coordinator.h:126] commit: 1441331 abort: 38669 (0/38669/0), network size: 0, avg network size: 0, si_in_serializable: 0 0 %, local: 0 %
I1126 17:11:52.757727 1050460 Coordinator.h:126] commit: 1446381 abort: 38619 (0/38619/0), network size: 0, avg network size: 0, si_in_serializable: 0 0 %, local: 0 %
I1126 17:11:53.757814 1050460 Coordinator.h:126] commit: 1442164 abort: 38836 (0/38836/0), network size: 0, avg network size: 0, si_in_serializable: 0 0 %, local: 0 %
I1126 17:11:54.757915 1050460 Coordinator.h:126] commit: 1444051 abort: 38949 (0/38949/0), network size: 0, avg network size: 0, si_in_serializable: 0 0 %, local: 0 %
I1126 17:11:55.758018 1050460 Coordinator.h:126] commit: 1443168 abort: 38832 (0/38832/0), network size: 0, avg network size: 0, si_in_serializable: 0 0 %, local: 0 %
I1126 17:11:56.758118 1050460 Coordinator.h:126] commit: 1315529 abort: 35471 (0/35471/0), network size: 0, avg network size: 0, si_in_serializable: 0 0 %, local: 0 %
I1126 17:11:57.758221 1050460 Coordinator.h:126] commit: 1441096 abort: 38904 (0/38904/0), network size: 0, avg network size: 0, si_in_serializable: 0 0 %, local: 0 %
I1126 17:11:58.758327 1050460 Coordinator.h:126] commit: 1442966 abort: 39034 (0/39034/0), network size: 0, avg network size: 0, si_in_serializable: 0 0 %, local: 0 %
I1126 17:11:59.758426 1050460 Coordinator.h:126] commit: 1441001 abort: 38999 (0/38999/0), network size: 0, avg network size: 0, si_in_serializable: 0 0 %, local: 0 %
I1126 17:12:00.758518 1050460 Coordinator.h:126] commit: 1435259 abort: 38741 (0/38741/0), network size: 0, avg network size: 0, si_in_serializable: 0 0 %, local: 0 %
I1126 17:12:01.758627 1050460 Coordinator.h:126] commit: 1440816 abort: 39184 (0/39184/0), network size: 0, avg network size: 0, si_in_serializable: 0 0 %, local: 0 %
I1126 17:12:02.758719 1050460 Coordinator.h:126] commit: 1439278 abort: 38722 (0/38722/0), network size: 0, avg network size: 0, si_in_serializable: 0 0 %, local: 0 %
I1126 17:12:03.758823 1050460 Coordinator.h:126] commit: 1436074 abort: 38926 (0/38926/0), network size: 0, avg network size: 0, si_in_serializable: 0 0 %, local: 0 %
I1126 17:12:03.758857 1050460 Coordinator.h:152] average commit: 1.43003e+06 abort: 38469.9 (0/38469.9/0), network size: 0, avg network size: 0, si_in_serializable: 0 0 %, local: 0 %
I1126 17:12:03.758983 1050480 AriaExecutor.h:103] AriaExecutor 4 exits. 
I1126 17:12:03.758987 1050482 AriaExecutor.h:103] AriaExecutor 6 exits. 
I1126 17:12:03.758986 1050486 AriaExecutor.h:103] AriaExecutor 10 exits. 
I1126 17:12:03.758986 1050476 AriaExecutor.h:103] AriaExecutor 0 exits. 
I1126 17:12:03.758999 1050479 AriaExecutor.h:103] AriaExecutor 3 exits. 
I1126 17:12:03.758989 1050478 AriaExecutor.h:103] AriaExecutor 2 exits. 
I1126 17:12:03.758991 1050488 Manager.h:227] Manager(worker id = 12) on the coordinator node exits.
I1126 17:12:03.758999 1050483 AriaExecutor.h:103] AriaExecutor 7 exits. 
I1126 17:12:03.758999 1050477 AriaExecutor.h:103] AriaExecutor 1 exits. 
I1126 17:12:03.758999 1050487 AriaExecutor.h:103] AriaExecutor 11 exits. 
I1126 17:12:03.758999 1050485 AriaExecutor.h:103] AriaExecutor 9 exits. 
I1126 17:12:03.758999 1050481 AriaExecutor.h:103] AriaExecutor 5 exits. 
I1126 17:12:03.758989 1050484 AriaExecutor.h:103] AriaExecutor 8 exits. 
I1126 17:12:03.758868 1050460 AriaExecutor.h:621] Worker 0 latency: 512 us (50%) 554 us (75%) 592 us (95%) 614 us (99%).
I1126 17:12:03.866179 1050460 AriaExecutor.h:621] Worker 1 latency: 508 us (50%) 552 us (75%) 591 us (95%) 612 us (99%).
I1126 17:12:03.988690 1050460 AriaExecutor.h:621] Worker 2 latency: 512 us (50%) 554 us (75%) 592 us (95%) 613 us (99%).
I1126 17:12:04.097898 1050460 AriaExecutor.h:621] Worker 3 latency: 510 us (50%) 553 us (75%) 591 us (95%) 613 us (99%).
I1126 17:12:04.220851 1050460 AriaExecutor.h:621] Worker 4 latency: 512 us (50%) 554 us (75%) 592 us (95%) 613 us (99%).
I1126 17:12:04.330116 1050460 AriaExecutor.h:621] Worker 5 latency: 509 us (50%) 552 us (75%) 591 us (95%) 612 us (99%).
I1126 17:12:04.450963 1050460 AriaExecutor.h:621] Worker 6 latency: 516 us (50%) 556 us (75%) 592 us (95%) 614 us (99%).
I1126 17:12:04.558990 1050460 AriaExecutor.h:621] Worker 7 latency: 510 us (50%) 553 us (75%) 591 us (95%) 612 us (99%).
I1126 17:12:04.678754 1050460 AriaExecutor.h:621] Worker 8 latency: 515 us (50%) 555 us (75%) 592 us (95%) 614 us (99%).
I1126 17:12:04.786221 1050460 AriaExecutor.h:621] Worker 9 latency: 512 us (50%) 553 us (75%) 591 us (95%) 613 us (99%).
I1126 17:12:04.909221 1050460 AriaExecutor.h:621] Worker 10 latency: 516 us (50%) 556 us (75%) 592 us (95%) 614 us (99%).
I1126 17:12:05.017704 1050460 AriaExecutor.h:621] Worker 11 latency: 512 us (50%) 554 us (75%) 592 us (95%) 613 us (99%).
I1126 17:12:05.139816 1050460 Coordinator.h:177] total commit: 1.43003e+06
I1126 17:12:06.139958 1050460 Coordinator.h:192] Coordinator exits.
