I0911 22:54:41.034044 2940416 Database.h:65] ycsb initialization finished in 146 milliseconds.
I0911 22:54:41.034162 2940416 Coordinator.h:30] Coordinator initializes 16 workers.
I0911 22:54:41.157896 2940416 Coordinator.h:77] Coordinator starts to run 17 workers.
I0911 22:54:41.157956 2940436 AriaExecutor.h:82] AriaExecutor 0 started. 
I0911 22:54:41.157990 2940437 AriaExecutor.h:82] AriaExecutor 1 started. 
I0911 22:54:41.158030 2940438 AriaExecutor.h:82] AriaExecutor 2 started. 
I0911 22:54:41.158090 2940439 AriaExecutor.h:82] AriaExecutor 3 started. 
I0911 22:54:41.158123 2940440 AriaExecutor.h:82] AriaExecutor 4 started. 
I0911 22:54:41.158162 2940441 AriaExecutor.h:82] AriaExecutor 5 started. 
I0911 22:54:41.158201 2940442 AriaExecutor.h:82] AriaExecutor 6 started. 
I0911 22:54:41.158241 2940443 AriaExecutor.h:82] AriaExecutor 7 started. 
I0911 22:54:41.158282 2940444 AriaExecutor.h:82] AriaExecutor 8 started. 
I0911 22:54:41.158337 2940445 AriaExecutor.h:82] AriaExecutor 9 started. 
I0911 22:54:41.158370 2940446 AriaExecutor.h:82] AriaExecutor 10 started. 
I0911 22:54:41.158419 2940447 AriaExecutor.h:82] AriaExecutor 11 started. 
I0911 22:54:41.158456 2940448 AriaExecutor.h:82] AriaExecutor 12 started. 
I0911 22:54:41.158496 2940449 AriaExecutor.h:82] AriaExecutor 13 started. 
I0911 22:54:41.158535 2940450 AriaExecutor.h:82] AriaExecutor 14 started. 
I0911 22:54:41.158583 2940451 AriaExecutor.h:82] AriaExecutor 15 started. 
I0911 22:54:41.158620 2940452 Manager.h:224] Manager(worker id = 16) on the coordinator node started.
I0911 22:54:42.158666 2940416 Coordinator.h:126] commit: 249725 abort: 582275 (0/582275/0), network size: 0, avg network size: 0, si_in_serializable: 0 0 %, local: 0 %
I0911 22:54:43.158774 2940416 Coordinator.h:126] commit: 248768 abort: 583232 (0/583232/0), network size: 0, avg network size: 0, si_in_serializable: 0 0 %, local: 0 %
I0911 22:54:44.158855 2940416 Coordinator.h:126] commit: 249494 abort: 582506 (0/582506/0), network size: 0, avg network size: 0, si_in_serializable: 0 0 %, local: 0 %
I0911 22:54:45.158933 2940416 Coordinator.h:126] commit: 249486 abort: 582514 (0/582514/0), network size: 0, avg network size: 0, si_in_serializable: 0 0 %, local: 0 %
I0911 22:54:46.159009 2940416 Coordinator.h:126] commit: 249460 abort: 582540 (0/582540/0), network size: 0, avg network size: 0, si_in_serializable: 0 0 %, local: 0 %
I0911 22:54:47.159102 2940416 Coordinator.h:126] commit: 254017 abort: 593983 (0/593983/0), network size: 0, avg network size: 0, si_in_serializable: 0 0 %, local: 0 %
I0911 22:54:48.159176 2940416 Coordinator.h:126] commit: 254527 abort: 593473 (0/593473/0), network size: 0, avg network size: 0, si_in_serializable: 0 0 %, local: 0 %
I0911 22:54:49.159240 2940416 Coordinator.h:126] commit: 258460 abort: 605540 (0/605540/0), network size: 0, avg network size: 0, si_in_serializable: 0 0 %, local: 0 %
I0911 22:54:50.159317 2940416 Coordinator.h:126] commit: 254197 abort: 593803 (0/593803/0), network size: 0, avg network size: 0, si_in_serializable: 0 0 %, local: 0 %
I0911 22:54:51.159396 2940416 Coordinator.h:126] commit: 254134 abort: 593866 (0/593866/0), network size: 0, avg network size: 0, si_in_serializable: 0 0 %, local: 0 %
I0911 22:54:52.159478 2940416 Coordinator.h:126] commit: 249174 abort: 582826 (0/582826/0), network size: 0, avg network size: 0, si_in_serializable: 0 0 %, local: 0 %
I0911 22:54:53.159562 2940416 Coordinator.h:126] commit: 253354 abort: 594646 (0/594646/0), network size: 0, avg network size: 0, si_in_serializable: 0 0 %, local: 0 %
I0911 22:54:54.159638 2940416 Coordinator.h:126] commit: 253785 abort: 594215 (0/594215/0), network size: 0, avg network size: 0, si_in_serializable: 0 0 %, local: 0 %
I0911 22:54:55.159737 2940416 Coordinator.h:126] commit: 259110 abort: 604890 (0/604890/0), network size: 0, avg network size: 0, si_in_serializable: 0 0 %, local: 0 %
I0911 22:54:56.159822 2940416 Coordinator.h:126] commit: 253912 abort: 594088 (0/594088/0), network size: 0, avg network size: 0, si_in_serializable: 0 0 %, local: 0 %
I0911 22:54:57.159899 2940416 Coordinator.h:126] commit: 258271 abort: 605729 (0/605729/0), network size: 0, avg network size: 0, si_in_serializable: 0 0 %, local: 0 %
I0911 22:54:58.159982 2940416 Coordinator.h:126] commit: 254912 abort: 593088 (0/593088/0), network size: 0, avg network size: 0, si_in_serializable: 0 0 %, local: 0 %
I0911 22:54:59.160054 2940416 Coordinator.h:126] commit: 258735 abort: 605265 (0/605265/0), network size: 0, avg network size: 0, si_in_serializable: 0 0 %, local: 0 %
I0911 22:55:00.160117 2940416 Coordinator.h:126] commit: 253763 abort: 594237 (0/594237/0), network size: 0, avg network size: 0, si_in_serializable: 0 0 %, local: 0 %
I0911 22:55:01.160183 2940416 Coordinator.h:126] commit: 259407 abort: 604593 (0/604593/0), network size: 0, avg network size: 0, si_in_serializable: 0 0 %, local: 0 %
I0911 22:55:02.160256 2940416 Coordinator.h:126] commit: 258737 abort: 605263 (0/605263/0), network size: 0, avg network size: 0, si_in_serializable: 0 0 %, local: 0 %
I0911 22:55:03.160320 2940416 Coordinator.h:126] commit: 258266 abort: 605734 (0/605734/0), network size: 0, avg network size: 0, si_in_serializable: 0 0 %, local: 0 %
I0911 22:55:04.160389 2940416 Coordinator.h:126] commit: 254582 abort: 593418 (0/593418/0), network size: 0, avg network size: 0, si_in_serializable: 0 0 %, local: 0 %
I0911 22:55:05.160454 2940416 Coordinator.h:126] commit: 254361 abort: 593639 (0/593639/0), network size: 0, avg network size: 0, si_in_serializable: 0 0 %, local: 0 %
I0911 22:55:06.160521 2940416 Coordinator.h:126] commit: 254491 abort: 593509 (0/593509/0), network size: 0, avg network size: 0, si_in_serializable: 0 0 %, local: 0 %
I0911 22:55:06.160533 2940416 Coordinator.h:152] average commit: 255442 abort: 597358 (0/597358/0), network size: 0, avg network size: 0, si_in_serializable: 0 0 %, local: 0 %
I0911 22:55:06.163589 2940438 AriaExecutor.h:94] AriaExecutor 2 exits. 
I0911 22:55:06.163594 2940444 AriaExecutor.h:94] AriaExecutor 8 exits. 
I0911 22:55:06.163591 2940436 AriaExecutor.h:94] AriaExecutor 0 exits. 
I0911 22:55:06.163592 2940440 AriaExecutor.h:94] AriaExecutor 4 exits. 
I0911 22:55:06.163597 2940452 Manager.h:227] Manager(worker id = 16) on the coordinator node exits.
I0911 22:55:06.163604 2940449 AriaExecutor.h:94] AriaExecutor 13 exits. 
I0911 22:55:06.163602 2940439 AriaExecutor.h:94] AriaExecutor 3 exits. 
I0911 22:55:06.163605 2940441 AriaExecutor.h:94] AriaExecutor 5 exits. 
I0911 22:55:06.163590 2940450 AriaExecutor.h:94] AriaExecutor 14 exits. 
I0911 22:55:06.163606 2940451 AriaExecutor.h:94] AriaExecutor 15 exits. 
I0911 22:55:06.163605 2940447 AriaExecutor.h:94] AriaExecutor 11 exits. 
I0911 22:55:06.163589 2940448 AriaExecutor.h:94] AriaExecutor 12 exits. 
I0911 22:55:06.163594 2940442 AriaExecutor.h:94] AriaExecutor 6 exits. 
I0911 22:55:06.163602 2940443 AriaExecutor.h:94] AriaExecutor 7 exits. 
I0911 22:55:06.163594 2940446 AriaExecutor.h:94] AriaExecutor 10 exits. 
I0911 22:55:06.163602 2940445 AriaExecutor.h:94] AriaExecutor 9 exits. 
I0911 22:55:06.163604 2940437 AriaExecutor.h:94] AriaExecutor 1 exits. 
I0911 22:55:06.160542 2940416 AriaExecutor.h:535] Worker 0 latency: 15066 us (50%) 17019 us (75%) 18018 us (95%) 18755 us (99%).
I0911 22:55:06.181142 2940416 AriaExecutor.h:535] Worker 1 latency: 15061 us (50%) 17014 us (75%) 18019 us (95%) 18702 us (99%).
I0911 22:55:06.202690 2940416 AriaExecutor.h:535] Worker 2 latency: 15080 us (50%) 17018 us (75%) 18016 us (95%) 18741 us (99%).
I0911 22:55:06.222107 2940416 AriaExecutor.h:535] Worker 3 latency: 15080 us (50%) 17028 us (75%) 18021 us (95%) 18794 us (99%).
I0911 22:55:06.243582 2940416 AriaExecutor.h:535] Worker 4 latency: 15063 us (50%) 17015 us (75%) 18018 us (95%) 18676 us (99%).
I0911 22:55:06.263345 2940416 AriaExecutor.h:535] Worker 5 latency: 15060 us (50%) 17021 us (75%) 18025 us (95%) 18783 us (99%).
I0911 22:55:06.284907 2940416 AriaExecutor.h:535] Worker 6 latency: 15078 us (50%) 17018 us (75%) 18016 us (95%) 18735 us (99%).
I0911 22:55:06.304450 2940416 AriaExecutor.h:535] Worker 7 latency: 15074 us (50%) 17028 us (75%) 18022 us (95%) 18766 us (99%).
I0911 22:55:06.325836 2940416 AriaExecutor.h:535] Worker 8 latency: 15060 us (50%) 17010 us (75%) 18015 us (95%) 18711 us (99%).
I0911 22:55:06.345424 2940416 AriaExecutor.h:535] Worker 9 latency: 13911 us (50%) 16547 us (75%) 17910 us (95%) 18414 us (99%).
I0911 22:55:06.367409 2940416 AriaExecutor.h:535] Worker 10 latency: 15086 us (50%) 17015 us (75%) 18013 us (95%) 18740 us (99%).
I0911 22:55:06.387045 2940416 AriaExecutor.h:535] Worker 11 latency: 15067 us (50%) 17018 us (75%) 18018 us (95%) 18736 us (99%).
I0911 22:55:06.408203 2940416 AriaExecutor.h:535] Worker 12 latency: 15057 us (50%) 17006 us (75%) 18010 us (95%) 18660 us (99%).
I0911 22:55:06.427739 2940416 AriaExecutor.h:535] Worker 13 latency: 15059 us (50%) 17015 us (75%) 18020 us (95%) 18718 us (99%).
I0911 22:55:06.448980 2940416 AriaExecutor.h:535] Worker 14 latency: 15057 us (50%) 17006 us (75%) 18010 us (95%) 18668 us (99%).
I0911 22:55:06.468624 2940416 AriaExecutor.h:535] Worker 15 latency: 15043 us (50%) 17008 us (75%) 18017 us (95%) 18832 us (99%).
I0911 22:55:06.490025 2940416 Coordinator.h:177] total commit: 255442
I0911 22:55:07.490141 2940416 Coordinator.h:192] Coordinator exits.
