I1126 18:20:29.577140 1075876 Database.h:65] ycsb initialization finished in 30 milliseconds.
I1126 18:20:29.577239 1075876 Coordinator.h:30] Coordinator initializes 12 workers.
I1126 18:20:29.578143 1075876 Coordinator.h:77] Coordinator starts to run 13 workers.
I1126 18:20:29.578194 1075892 AriaExecutor.h:91] AriaExecutor 0 started. 
I1126 18:20:29.578222 1075893 AriaExecutor.h:91] AriaExecutor 1 started. 
I1126 18:20:29.578258 1075894 AriaExecutor.h:91] AriaExecutor 2 started. 
I1126 18:20:29.578302 1075895 AriaExecutor.h:91] AriaExecutor 3 started. 
I1126 18:20:29.578398 1075897 AriaExecutor.h:91] AriaExecutor 5 started. 
I1126 18:20:29.578447 1075898 AriaExecutor.h:91] AriaExecutor 6 started. 
I1126 18:20:29.578486 1075899 AriaExecutor.h:91] AriaExecutor 7 started. 
I1126 18:20:29.578526 1075900 AriaExecutor.h:91] AriaExecutor 8 started. 
I1126 18:20:29.578567 1075901 AriaExecutor.h:91] AriaExecutor 9 started. 
I1126 18:20:29.578605 1075902 AriaExecutor.h:91] AriaExecutor 10 started. 
I1126 18:20:29.578649 1075903 AriaExecutor.h:91] AriaExecutor 11 started. 
I1126 18:20:29.578683 1075896 AriaExecutor.h:91] AriaExecutor 4 started. 
I1126 18:20:29.578692 1075904 Manager.h:224] Manager(worker id = 12) on the coordinator node started.
I1126 18:20:30.578753 1075876 Coordinator.h:126] commit: 1559633 abort: 579367 (0/579367/0), network size: 0, avg network size: 0, si_in_serializable: 0 0 %, local: 0 %
I1126 18:20:31.578867 1075876 Coordinator.h:126] commit: 1541331 abort: 570669 (0/570669/0), network size: 0, avg network size: 0, si_in_serializable: 0 0 %, local: 0 %
I1126 18:20:32.578977 1075876 Coordinator.h:126] commit: 1549755 abort: 574510 (0/574510/0), network size: 0, avg network size: 0, si_in_serializable: 0 0 %, local: 0 %
I1126 18:20:33.579087 1075876 Coordinator.h:126] commit: 1572564 abort: 585171 (0/585171/0), network size: 0, avg network size: 0, si_in_serializable: 0 0 %, local: 0 %
I1126 18:20:34.579185 1075876 Coordinator.h:126] commit: 1535928 abort: 569592 (0/569592/0), network size: 0, avg network size: 0, si_in_serializable: 0 0 %, local: 0 %
I1126 18:20:35.579267 1075876 Coordinator.h:126] commit: 1576649 abort: 584831 (0/584831/0), network size: 0, avg network size: 0, si_in_serializable: 0 0 %, local: 0 %
I1126 18:20:36.579351 1075876 Coordinator.h:126] commit: 1583493 abort: 586507 (0/586507/0), network size: 0, avg network size: 0, si_in_serializable: 0 0 %, local: 0 %
I1126 18:20:37.579455 1075876 Coordinator.h:126] commit: 1539630 abort: 571370 (0/571370/0), network size: 0, avg network size: 0, si_in_serializable: 0 0 %, local: 0 %
I1126 18:20:38.579561 1075876 Coordinator.h:126] commit: 1473090 abort: 544910 (0/544910/0), network size: 0, avg network size: 0, si_in_serializable: 0 0 %, local: 0 %
I1126 18:20:39.579644 1075876 Coordinator.h:126] commit: 1577738 abort: 585262 (0/585262/0), network size: 0, avg network size: 0, si_in_serializable: 0 0 %, local: 0 %
I1126 18:20:40.579720 1075876 Coordinator.h:126] commit: 1577482 abort: 584518 (0/584518/0), network size: 0, avg network size: 0, si_in_serializable: 0 0 %, local: 0 %
I1126 18:20:41.579793 1075876 Coordinator.h:126] commit: 1576879 abort: 586121 (0/586121/0), network size: 0, avg network size: 0, si_in_serializable: 0 0 %, local: 0 %
I1126 18:20:42.579870 1075876 Coordinator.h:126] commit: 1574718 abort: 583282 (0/583282/0), network size: 0, avg network size: 0, si_in_serializable: 0 0 %, local: 0 %
I1126 18:20:43.579972 1075876 Coordinator.h:126] commit: 1578896 abort: 585104 (0/585104/0), network size: 0, avg network size: 0, si_in_serializable: 0 0 %, local: 0 %
I1126 18:20:44.580060 1075876 Coordinator.h:126] commit: 1571901 abort: 583099 (0/583099/0), network size: 0, avg network size: 0, si_in_serializable: 0 0 %, local: 0 %
I1126 18:20:45.580158 1075876 Coordinator.h:126] commit: 1541265 abort: 571721 (0/571721/0), network size: 0, avg network size: 0, si_in_serializable: 0 0 %, local: 0 %
I1126 18:20:46.580243 1075876 Coordinator.h:126] commit: 1389970 abort: 514044 (0/514044/0), network size: 0, avg network size: 0, si_in_serializable: 0 0 %, local: 0 %
I1126 18:20:47.580325 1075876 Coordinator.h:126] commit: 1577898 abort: 587102 (0/587102/0), network size: 0, avg network size: 0, si_in_serializable: 0 0 %, local: 0 %
I1126 18:20:48.580420 1075876 Coordinator.h:126] commit: 1575854 abort: 584146 (0/584146/0), network size: 0, avg network size: 0, si_in_serializable: 0 0 %, local: 0 %
I1126 18:20:49.580510 1075876 Coordinator.h:126] commit: 1579979 abort: 586021 (0/586021/0), network size: 0, avg network size: 0, si_in_serializable: 0 0 %, local: 0 %
I1126 18:20:50.580587 1075876 Coordinator.h:126] commit: 1574361 abort: 585639 (0/585639/0), network size: 0, avg network size: 0, si_in_serializable: 0 0 %, local: 0 %
I1126 18:20:51.580665 1075876 Coordinator.h:126] commit: 1580155 abort: 585845 (0/585845/0), network size: 0, avg network size: 0, si_in_serializable: 0 0 %, local: 0 %
I1126 18:20:52.580747 1075876 Coordinator.h:126] commit: 1573822 abort: 583178 (0/583178/0), network size: 0, avg network size: 0, si_in_serializable: 0 0 %, local: 0 %
I1126 18:20:53.580844 1075876 Coordinator.h:126] commit: 1581129 abort: 585871 (0/585871/0), network size: 0, avg network size: 0, si_in_serializable: 0 0 %, local: 0 %
I1126 18:20:54.580924 1075876 Coordinator.h:126] commit: 1571544 abort: 583456 (0/583456/0), network size: 0, avg network size: 0, si_in_serializable: 0 0 %, local: 0 %
I1126 18:20:54.580941 1075876 Coordinator.h:152] average commit: 1.55448e+06 abort: 576516 (0/576516/0), network size: 0, avg network size: 0, si_in_serializable: 0 0 %, local: 0 %
I1126 18:20:54.581384 1075904 Manager.h:227] Manager(worker id = 12) on the coordinator node exits.
I1126 18:20:54.581386 1075896 AriaExecutor.h:103] AriaExecutor 4 exits. 
I1126 18:20:54.581384 1075894 AriaExecutor.h:103] AriaExecutor 2 exits. 
I1126 18:20:54.581396 1075899 AriaExecutor.h:103] AriaExecutor 7 exits. 
I1126 18:20:54.581386 1075902 AriaExecutor.h:103] AriaExecutor 10 exits. 
I1126 18:20:54.581385 1075892 AriaExecutor.h:103] AriaExecutor 0 exits. 
I1126 18:20:54.581387 1075898 AriaExecutor.h:103] AriaExecutor 6 exits. 
I1126 18:20:54.581385 1075900 AriaExecutor.h:103] AriaExecutor 8 exits. 
I1126 18:20:54.581398 1075901 AriaExecutor.h:103] AriaExecutor 9 exits. 
I1126 18:20:54.581398 1075893 AriaExecutor.h:103] AriaExecutor 1 exits. 
I1126 18:20:54.581399 1075897 AriaExecutor.h:103] AriaExecutor 5 exits. 
I1126 18:20:54.581398 1075895 AriaExecutor.h:103] AriaExecutor 3 exits. 
I1126 18:20:54.581398 1075903 AriaExecutor.h:103] AriaExecutor 11 exits. 
I1126 18:20:54.580950 1075876 AriaExecutor.h:621] Worker 0 latency: 323 us (50%) 374 us (75%) 413 us (95%) 426 us (99%).
I1126 18:20:54.703254 1075876 AriaExecutor.h:621] Worker 1 latency: 322 us (50%) 373 us (75%) 411 us (95%) 425 us (99%).
I1126 18:20:54.844667 1075876 AriaExecutor.h:621] Worker 2 latency: 327 us (50%) 375 us (75%) 413 us (95%) 426 us (99%).
I1126 18:20:54.973654 1075876 AriaExecutor.h:621] Worker 3 latency: 325 us (50%) 374 us (75%) 411 us (95%) 425 us (99%).
I1126 18:20:55.096012 1075876 AriaExecutor.h:621] Worker 4 latency: 326 us (50%) 374 us (75%) 413 us (95%) 426 us (99%).
I1126 18:20:55.217208 1075876 AriaExecutor.h:621] Worker 5 latency: 323 us (50%) 372 us (75%) 411 us (95%) 425 us (99%).
I1126 18:20:55.337827 1075876 AriaExecutor.h:621] Worker 6 latency: 328 us (50%) 375 us (75%) 413 us (95%) 426 us (99%).
I1126 18:20:55.465654 1075876 AriaExecutor.h:621] Worker 7 latency: 324 us (50%) 373 us (75%) 411 us (95%) 425 us (99%).
I1126 18:20:55.606134 1075876 AriaExecutor.h:621] Worker 8 latency: 329 us (50%) 376 us (75%) 413 us (95%) 426 us (99%).
I1126 18:20:55.727485 1075876 AriaExecutor.h:621] Worker 9 latency: 326 us (50%) 374 us (75%) 411 us (95%) 425 us (99%).
I1126 18:20:55.847649 1075876 AriaExecutor.h:621] Worker 10 latency: 328 us (50%) 375 us (75%) 413 us (95%) 426 us (99%).
I1126 18:20:55.971292 1075876 AriaExecutor.h:621] Worker 11 latency: 326 us (50%) 373 us (75%) 411 us (95%) 425 us (99%).
I1126 18:20:56.111079 1075876 Coordinator.h:177] total commit: 1.55448e+06
I1126 18:20:57.111194 1075876 Coordinator.h:192] Coordinator exits.
