I1126 14:59:12.394269 987716 Database.h:65] ycsb initialization finished in 30 milliseconds.
I1126 14:59:12.394376 987716 Coordinator.h:30] Coordinator initializes 12 workers.
I1126 14:59:12.395279 987716 Coordinator.h:77] Coordinator starts to run 13 workers.
I1126 14:59:12.395371 987732 AriaExecutor.h:91] AriaExecutor 0 started. 
I1126 14:59:12.395386 987733 AriaExecutor.h:91] AriaExecutor 1 started. 
I1126 14:59:12.395442 987734 AriaExecutor.h:91] AriaExecutor 2 started. 
I1126 14:59:12.395473 987735 AriaExecutor.h:91] AriaExecutor 3 started. 
I1126 14:59:12.395514 987736 AriaExecutor.h:91] AriaExecutor 4 started. 
I1126 14:59:12.395534 987737 AriaExecutor.h:91] AriaExecutor 5 started. 
I1126 14:59:12.395573 987738 AriaExecutor.h:91] AriaExecutor 6 started. 
I1126 14:59:12.395601 987739 AriaExecutor.h:91] AriaExecutor 7 started. 
I1126 14:59:12.395646 987740 AriaExecutor.h:91] AriaExecutor 8 started. 
I1126 14:59:12.395671 987741 AriaExecutor.h:91] AriaExecutor 9 started. 
I1126 14:59:12.395704 987742 AriaExecutor.h:91] AriaExecutor 10 started. 
I1126 14:59:12.395735 987743 AriaExecutor.h:91] AriaExecutor 11 started. 
I1126 14:59:12.395768 987744 Manager.h:224] Manager(worker id = 12) on the coordinator node started.
I1126 14:59:13.395818 987716 Coordinator.h:126] commit: 863957 abort: 448043 (0/448043/0), network size: 0, avg network size: 0, si_in_serializable: 0 0 %, local: 0 %
I1126 14:59:14.395934 987716 Coordinator.h:126] commit: 848129 abort: 441871 (0/441871/0), network size: 0, avg network size: 0, si_in_serializable: 0 0 %, local: 0 %
I1126 14:59:15.396093 987716 Coordinator.h:126] commit: 869198 abort: 452802 (0/452802/0), network size: 0, avg network size: 0, si_in_serializable: 0 0 %, local: 0 %
I1126 14:59:16.396188 987716 Coordinator.h:126] commit: 857055 abort: 445945 (0/445945/0), network size: 0, avg network size: 0, si_in_serializable: 0 0 %, local: 0 %
I1126 14:59:17.396265 987716 Coordinator.h:126] commit: 873216 abort: 453784 (0/453784/0), network size: 0, avg network size: 0, si_in_serializable: 0 0 %, local: 0 %
I1126 14:59:18.396340 987716 Coordinator.h:126] commit: 861335 abort: 447243 (0/447243/0), network size: 0, avg network size: 0, si_in_serializable: 0 0 %, local: 0 %
I1126 14:59:19.396433 987716 Coordinator.h:126] commit: 867871 abort: 452551 (0/452551/0), network size: 0, avg network size: 0, si_in_serializable: 0 0 %, local: 0 %
I1126 14:59:20.396508 987716 Coordinator.h:126] commit: 831079 abort: 432921 (0/432921/0), network size: 0, avg network size: 0, si_in_serializable: 0 0 %, local: 0 %
I1126 14:59:21.396582 987716 Coordinator.h:126] commit: 872536 abort: 452464 (0/452464/0), network size: 0, avg network size: 0, si_in_serializable: 0 0 %, local: 0 %
I1126 14:59:22.396656 987716 Coordinator.h:126] commit: 868711 abort: 453289 (0/453289/0), network size: 0, avg network size: 0, si_in_serializable: 0 0 %, local: 0 %
I1126 14:59:23.396733 987716 Coordinator.h:126] commit: 870760 abort: 453240 (0/453240/0), network size: 0, avg network size: 0, si_in_serializable: 0 0 %, local: 0 %
I1126 14:59:24.396809 987716 Coordinator.h:126] commit: 868468 abort: 451532 (0/451532/0), network size: 0, avg network size: 0, si_in_serializable: 0 0 %, local: 0 %
I1126 14:59:25.396885 987716 Coordinator.h:126] commit: 871164 abort: 453836 (0/453836/0), network size: 0, avg network size: 0, si_in_serializable: 0 0 %, local: 0 %
I1126 14:59:26.396978 987716 Coordinator.h:126] commit: 855306 abort: 444694 (0/444694/0), network size: 0, avg network size: 0, si_in_serializable: 0 0 %, local: 0 %
I1126 14:59:27.397059 987716 Coordinator.h:126] commit: 799020 abort: 415980 (0/415980/0), network size: 0, avg network size: 0, si_in_serializable: 0 0 %, local: 0 %
I1126 14:59:28.397131 987716 Coordinator.h:126] commit: 867370 abort: 451630 (0/451630/0), network size: 0, avg network size: 0, si_in_serializable: 0 0 %, local: 0 %
I1126 14:59:29.397204 987716 Coordinator.h:126] commit: 868618 abort: 452382 (0/452382/0), network size: 0, avg network size: 0, si_in_serializable: 0 0 %, local: 0 %
I1126 14:59:30.397279 987716 Coordinator.h:126] commit: 867154 abort: 449846 (0/449846/0), network size: 0, avg network size: 0, si_in_serializable: 0 0 %, local: 0 %
I1126 14:59:31.397353 987716 Coordinator.h:126] commit: 868993 abort: 452007 (0/452007/0), network size: 0, avg network size: 0, si_in_serializable: 0 0 %, local: 0 %
I1126 14:59:32.397428 987716 Coordinator.h:126] commit: 865847 abort: 450153 (0/450153/0), network size: 0, avg network size: 0, si_in_serializable: 0 0 %, local: 0 %
I1126 14:59:33.397509 987716 Coordinator.h:126] commit: 868531 abort: 452469 (0/452469/0), network size: 0, avg network size: 0, si_in_serializable: 0 0 %, local: 0 %
I1126 14:59:34.397599 987716 Coordinator.h:126] commit: 866363 abort: 451164 (0/451164/0), network size: 0, avg network size: 0, si_in_serializable: 0 0 %, local: 0 %
I1126 14:59:35.397677 987716 Coordinator.h:126] commit: 867423 abort: 450049 (0/450049/0), network size: 0, avg network size: 0, si_in_serializable: 0 0 %, local: 0 %
I1126 14:59:36.397754 987716 Coordinator.h:126] commit: 864076 abort: 449924 (0/449924/0), network size: 0, avg network size: 0, si_in_serializable: 0 0 %, local: 0 %
I1126 14:59:37.397828 987716 Coordinator.h:126] commit: 867583 abort: 452417 (0/452417/0), network size: 0, avg network size: 0, si_in_serializable: 0 0 %, local: 0 %
I1126 14:59:37.397840 987716 Coordinator.h:152] average commit: 860270 abort: 447530 (0/447530/0), network size: 0, avg network size: 0, si_in_serializable: 0 0 %, local: 0 %
I1126 14:59:37.398007 987732 AriaExecutor.h:103] AriaExecutor 0 exits. 
I1126 14:59:37.398008 987735 AriaExecutor.h:103] AriaExecutor 3 exits. 
I1126 14:59:37.398010 987743 AriaExecutor.h:103] AriaExecutor 11 exits. 
I1126 14:59:37.398008 987741 AriaExecutor.h:103] AriaExecutor 9 exits. 
I1126 14:59:37.398018 987738 AriaExecutor.h:103] AriaExecutor 6 exits. 
I1126 14:59:37.398012 987742 AriaExecutor.h:103] AriaExecutor 10 exits. 
I1126 14:59:37.398013 987736 AriaExecutor.h:103] AriaExecutor 4 exits. 
I1126 14:59:37.398017 987740 AriaExecutor.h:103] AriaExecutor 8 exits. 
I1126 14:59:37.398018 987733 AriaExecutor.h:103] AriaExecutor 1 exits. 
I1126 14:59:37.398016 987734 AriaExecutor.h:103] AriaExecutor 2 exits. 
I1126 14:59:37.398010 987737 AriaExecutor.h:103] AriaExecutor 5 exits. 
I1126 14:59:37.398010 987739 AriaExecutor.h:103] AriaExecutor 7 exits. 
I1126 14:59:37.398016 987744 Manager.h:227] Manager(worker id = 12) on the coordinator node exits.
I1126 14:59:37.397851 987716 AriaExecutor.h:649] Worker 0 latency: 593 us (50%) 647 us (75%) 686 us (95%) 701 us (99%).
I1126 14:59:37.474864 987716 AriaExecutor.h:649] Worker 1 latency: 591 us (50%) 646 us (75%) 684 us (95%) 699 us (99%).
I1126 14:59:37.543136 987716 AriaExecutor.h:649] Worker 2 latency: 595 us (50%) 648 us (75%) 685 us (95%) 701 us (99%).
I1126 14:59:37.621255 987716 AriaExecutor.h:649] Worker 3 latency: 593 us (50%) 646 us (75%) 684 us (95%) 699 us (99%).
I1126 14:59:37.689945 987716 AriaExecutor.h:649] Worker 4 latency: 595 us (50%) 647 us (75%) 685 us (95%) 700 us (99%).
I1126 14:59:37.764936 987716 AriaExecutor.h:649] Worker 5 latency: 592 us (50%) 645 us (75%) 683 us (95%) 699 us (99%).
I1126 14:59:37.832484 987716 AriaExecutor.h:649] Worker 6 latency: 596 us (50%) 647 us (75%) 685 us (95%) 700 us (99%).
I1126 14:59:37.908507 987716 AriaExecutor.h:649] Worker 7 latency: 593 us (50%) 645 us (75%) 683 us (95%) 699 us (99%).
I1126 14:59:37.976161 987716 AriaExecutor.h:649] Worker 8 latency: 598 us (50%) 649 us (75%) 686 us (95%) 701 us (99%).
I1126 14:59:38.051404 987716 AriaExecutor.h:649] Worker 9 latency: 595 us (50%) 646 us (75%) 684 us (95%) 699 us (99%).
I1126 14:59:38.119486 987716 AriaExecutor.h:649] Worker 10 latency: 597 us (50%) 648 us (75%) 685 us (95%) 700 us (99%).
I1126 14:59:38.195951 987716 AriaExecutor.h:649] Worker 11 latency: 595 us (50%) 646 us (75%) 684 us (95%) 699 us (99%).
I1126 14:59:38.264122 987716 Coordinator.h:177] total commit: 860270
I1126 14:59:39.264259 987716 Coordinator.h:192] Coordinator exits.
