I0911 23:23:22.665588 2946084 Database.h:65] ycsb initialization finished in 189 milliseconds.
I0911 23:23:22.665709 2946084 Coordinator.h:30] Coordinator initializes 16 workers.
I0911 23:23:22.696352 2946084 Coordinator.h:77] Coordinator starts to run 17 workers.
I0911 23:23:22.696408 2946104 AriaExecutor.h:82] AriaExecutor 0 started. 
I0911 23:23:22.696445 2946105 AriaExecutor.h:82] AriaExecutor 1 started. 
I0911 23:23:22.696482 2946106 AriaExecutor.h:82] AriaExecutor 2 started. 
I0911 23:23:22.696535 2946107 AriaExecutor.h:82] AriaExecutor 3 started. 
I0911 23:23:22.696558 2946108 AriaExecutor.h:82] AriaExecutor 4 started. 
I0911 23:23:22.696614 2946109 AriaExecutor.h:82] AriaExecutor 5 started. 
I0911 23:23:22.696642 2946110 AriaExecutor.h:82] AriaExecutor 6 started. 
I0911 23:23:22.696689 2946111 AriaExecutor.h:82] AriaExecutor 7 started. 
I0911 23:23:22.696720 2946112 AriaExecutor.h:82] AriaExecutor 8 started. 
I0911 23:23:22.696765 2946113 AriaExecutor.h:82] AriaExecutor 9 started. 
I0911 23:23:22.696798 2946114 AriaExecutor.h:82] AriaExecutor 10 started. 
I0911 23:23:22.696838 2946115 AriaExecutor.h:82] AriaExecutor 11 started. 
I0911 23:23:22.696880 2946116 AriaExecutor.h:82] AriaExecutor 12 started. 
I0911 23:23:22.696952 2946117 AriaExecutor.h:82] AriaExecutor 13 started. 
I0911 23:23:22.696974 2946118 AriaExecutor.h:82] AriaExecutor 14 started. 
I0911 23:23:22.697017 2946119 AriaExecutor.h:82] AriaExecutor 15 started. 
I0911 23:23:22.697059 2946120 Manager.h:224] Manager(worker id = 16) on the coordinator node started.
I0911 23:23:23.697104 2946084 Coordinator.h:126] commit: 1062865 abort: 18479 (0/18479/0), network size: 0, avg network size: 0, si_in_serializable: 0 0 %, local: 0 %
I0911 23:23:24.697214 2946084 Coordinator.h:126] commit: 1058541 abort: 18707 (0/18707/0), network size: 0, avg network size: 0, si_in_serializable: 0 0 %, local: 0 %
I0911 23:23:25.697291 2946084 Coordinator.h:126] commit: 1026346 abort: 18134 (0/18134/0), network size: 0, avg network size: 0, si_in_serializable: 0 0 %, local: 0 %
I0911 23:23:26.697368 2946084 Coordinator.h:126] commit: 1030628 abort: 17948 (0/17948/0), network size: 0, avg network size: 0, si_in_serializable: 0 0 %, local: 0 %
I0911 23:23:27.697469 2946084 Coordinator.h:126] commit: 1058828 abort: 18420 (0/18420/0), network size: 0, avg network size: 0, si_in_serializable: 0 0 %, local: 0 %
I0911 23:23:28.697561 2946084 Coordinator.h:126] commit: 1072004 abort: 18632 (0/18632/0), network size: 0, avg network size: 0, si_in_serializable: 0 0 %, local: 0 %
I0911 23:23:29.697636 2946084 Coordinator.h:126] commit: 1073608 abort: 18924 (0/18924/0), network size: 0, avg network size: 0, si_in_serializable: 0 0 %, local: 0 %
I0911 23:23:30.697718 2946084 Coordinator.h:126] commit: 1058812 abort: 18436 (0/18436/0), network size: 0, avg network size: 0, si_in_serializable: 0 0 %, local: 0 %
I0911 23:23:31.697803 2946084 Coordinator.h:126] commit: 1070936 abort: 18600 (0/18600/0), network size: 0, avg network size: 0, si_in_serializable: 0 0 %, local: 0 %
I0911 23:23:32.697892 2946084 Coordinator.h:126] commit: 1059053 abort: 18195 (0/18195/0), network size: 0, avg network size: 0, si_in_serializable: 0 0 %, local: 0 %
I0911 23:23:33.697979 2946084 Coordinator.h:126] commit: 1070816 abort: 18720 (0/18720/0), network size: 0, avg network size: 0, si_in_serializable: 0 0 %, local: 0 %
I0911 23:23:34.698064 2946084 Coordinator.h:126] commit: 1042774 abort: 18090 (0/18090/0), network size: 0, avg network size: 0, si_in_serializable: 0 0 %, local: 0 %
I0911 23:23:35.698149 2946084 Coordinator.h:126] commit: 1070791 abort: 18745 (0/18745/0), network size: 0, avg network size: 0, si_in_serializable: 0 0 %, local: 0 %
I0911 23:23:36.698235 2946084 Coordinator.h:126] commit: 1054567 abort: 18585 (0/18585/0), network size: 0, avg network size: 0, si_in_serializable: 0 0 %, local: 0 %
I0911 23:23:37.698318 2946084 Coordinator.h:126] commit: 1073840 abort: 18767 (0/18767/0), network size: 0, avg network size: 0, si_in_serializable: 0 0 %, local: 0 %
I0911 23:23:38.698424 2946084 Coordinator.h:126] commit: 1043707 abort: 18182 (0/18182/0), network size: 0, avg network size: 0, si_in_serializable: 0 0 %, local: 0 %
I0911 23:23:39.698513 2946084 Coordinator.h:126] commit: 1070679 abort: 18857 (0/18857/0), network size: 0, avg network size: 0, si_in_serializable: 0 0 %, local: 0 %
I0911 23:23:40.698596 2946084 Coordinator.h:126] commit: 1074881 abort: 18751 (0/18751/0), network size: 0, avg network size: 0, si_in_serializable: 0 0 %, local: 0 %
I0911 23:23:41.698681 2946084 Coordinator.h:126] commit: 1070936 abort: 18600 (0/18600/0), network size: 0, avg network size: 0, si_in_serializable: 0 0 %, local: 0 %
I0911 23:23:42.698766 2946084 Coordinator.h:126] commit: 1074588 abort: 19044 (0/19044/0), network size: 0, avg network size: 0, si_in_serializable: 0 0 %, local: 0 %
I0911 23:23:43.698846 2946084 Coordinator.h:126] commit: 1070796 abort: 18740 (0/18740/0), network size: 0, avg network size: 0, si_in_serializable: 0 0 %, local: 0 %
I0911 23:23:44.698931 2946084 Coordinator.h:126] commit: 1070600 abort: 18936 (0/18936/0), network size: 0, avg network size: 0, si_in_serializable: 0 0 %, local: 0 %
I0911 23:23:45.699014 2946084 Coordinator.h:126] commit: 1066707 abort: 18733 (0/18733/0), network size: 0, avg network size: 0, si_in_serializable: 0 0 %, local: 0 %
I0911 23:23:46.699101 2946084 Coordinator.h:126] commit: 1054808 abort: 18344 (0/18344/0), network size: 0, avg network size: 0, si_in_serializable: 0 0 %, local: 0 %
I0911 23:23:47.699185 2946084 Coordinator.h:126] commit: 1066846 abort: 18594 (0/18594/0), network size: 0, avg network size: 0, si_in_serializable: 0 0 %, local: 0 %
I0911 23:23:47.699198 2946084 Coordinator.h:152] average commit: 1.06476e+06 abort: 18634.1 (0/18634.1/0), network size: 0, avg network size: 0, si_in_serializable: 0 0 %, local: 0 %
I0911 23:23:47.701009 2946106 AriaExecutor.h:94] AriaExecutor 2 exits. 
I0911 23:23:47.701021 2946120 Manager.h:227] Manager(worker id = 16) on the coordinator node exits.
I0911 23:23:47.701014 2946116 AriaExecutor.h:94] AriaExecutor 12 exits. 
I0911 23:23:47.701016 2946104 AriaExecutor.h:94] AriaExecutor 0 exits. 
I0911 23:23:47.701033 2946105 AriaExecutor.h:94] AriaExecutor 1 exits. 
I0911 23:23:47.701018 2946110 AriaExecutor.h:94] AriaExecutor 6 exits. 
I0911 23:23:47.701028 2946107 AriaExecutor.h:94] AriaExecutor 3 exits. 
I0911 23:23:47.701020 2946108 AriaExecutor.h:94] AriaExecutor 4 exits. 
I0911 23:23:47.701033 2946113 AriaExecutor.h:94] AriaExecutor 9 exits. 
I0911 23:23:47.701031 2946115 AriaExecutor.h:94] AriaExecutor 11 exits. 
I0911 23:23:47.701013 2946114 AriaExecutor.h:94] AriaExecutor 10 exits. 
I0911 23:23:47.701030 2946119 AriaExecutor.h:94] AriaExecutor 15 exits. 
I0911 23:23:47.701012 2946112 AriaExecutor.h:94] AriaExecutor 8 exits. 
I0911 23:23:47.701032 2946109 AriaExecutor.h:94] AriaExecutor 5 exits. 
I0911 23:23:47.701028 2946117 AriaExecutor.h:94] AriaExecutor 13 exits. 
I0911 23:23:47.701028 2946111 AriaExecutor.h:94] AriaExecutor 7 exits. 
I0911 23:23:47.701016 2946118 AriaExecutor.h:94] AriaExecutor 14 exits. 
I0911 23:23:47.699208 2946084 AriaExecutor.h:641] Worker 0 latency: 2381 us (50%) 2985 us (75%) 3464 us (95%) 3563 us (99%).
I0911 23:23:47.768471 2946084 AriaExecutor.h:641] Worker 1 latency: 2378 us (50%) 2982 us (75%) 3461 us (95%) 3562 us (99%).
I0911 23:23:47.844946 2946084 AriaExecutor.h:641] Worker 2 latency: 2389 us (50%) 2988 us (75%) 3464 us (95%) 3563 us (99%).
I0911 23:23:47.914378 2946084 AriaExecutor.h:641] Worker 3 latency: 2379 us (50%) 2982 us (75%) 3461 us (95%) 3561 us (99%).
I0911 23:23:47.990760 2946084 AriaExecutor.h:641] Worker 4 latency: 2382 us (50%) 2985 us (75%) 3463 us (95%) 3562 us (99%).
I0911 23:23:48.059960 2946084 AriaExecutor.h:641] Worker 5 latency: 2376 us (50%) 2981 us (75%) 3461 us (95%) 3561 us (99%).
I0911 23:23:48.136479 2946084 AriaExecutor.h:641] Worker 6 latency: 2389 us (50%) 2987 us (75%) 3464 us (95%) 3563 us (99%).
I0911 23:23:48.205298 2946084 AriaExecutor.h:641] Worker 7 latency: 2378 us (50%) 2982 us (75%) 3462 us (95%) 3562 us (99%).
I0911 23:23:48.281594 2946084 AriaExecutor.h:641] Worker 8 latency: 2383 us (50%) 2984 us (75%) 3463 us (95%) 3562 us (99%).
I0911 23:23:48.350275 2946084 AriaExecutor.h:641] Worker 9 latency: 2378 us (50%) 2981 us (75%) 3461 us (95%) 3561 us (99%).
I0911 23:23:48.427376 2946084 AriaExecutor.h:641] Worker 10 latency: 2389 us (50%) 2987 us (75%) 3462 us (95%) 3562 us (99%).
I0911 23:23:48.494969 2946084 AriaExecutor.h:641] Worker 11 latency: 2381 us (50%) 2982 us (75%) 3461 us (95%) 3562 us (99%).
I0911 23:23:48.571771 2946084 AriaExecutor.h:641] Worker 12 latency: 2391 us (50%) 2988 us (75%) 3463 us (95%) 3562 us (99%).
I0911 23:23:48.640507 2946084 AriaExecutor.h:641] Worker 13 latency: 2377 us (50%) 2980 us (75%) 3460 us (95%) 3561 us (99%).
I0911 23:23:48.716471 2946084 AriaExecutor.h:641] Worker 14 latency: 2397 us (50%) 2991 us (75%) 3464 us (95%) 3562 us (99%).
I0911 23:23:48.784417 2946084 AriaExecutor.h:641] Worker 15 latency: 2381 us (50%) 2983 us (75%) 3461 us (95%) 3562 us (99%).
I0911 23:23:48.860339 2946084 Coordinator.h:177] total commit: 1.06476e+06
I0911 23:23:49.860450 2946084 Coordinator.h:192] Coordinator exits.
