I0912 00:03:30.923481 2953592 Database.h:65] ycsb initialization finished in 146 milliseconds.
I0912 00:03:30.923600 2953592 Coordinator.h:30] Coordinator initializes 16 workers.
I0912 00:03:30.953994 2953592 Coordinator.h:77] Coordinator starts to run 17 workers.
I0912 00:03:30.954046 2953612 AriaExecutor.h:82] AriaExecutor 0 started. 
I0912 00:03:30.954084 2953613 AriaExecutor.h:82] AriaExecutor 1 started. 
I0912 00:03:30.954121 2953614 AriaExecutor.h:82] AriaExecutor 2 started. 
I0912 00:03:30.954185 2953615 AriaExecutor.h:82] AriaExecutor 3 started. 
I0912 00:03:30.954205 2953616 AriaExecutor.h:82] AriaExecutor 4 started. 
I0912 00:03:30.954257 2953617 AriaExecutor.h:82] AriaExecutor 5 started. 
I0912 00:03:30.954285 2953618 AriaExecutor.h:82] AriaExecutor 6 started. 
I0912 00:03:30.954329 2953619 AriaExecutor.h:82] AriaExecutor 7 started. 
I0912 00:03:30.954365 2953620 AriaExecutor.h:82] AriaExecutor 8 started. 
I0912 00:03:30.954424 2953621 AriaExecutor.h:82] AriaExecutor 9 started. 
I0912 00:03:30.954455 2953622 AriaExecutor.h:82] AriaExecutor 10 started. 
I0912 00:03:30.954499 2953623 AriaExecutor.h:82] AriaExecutor 11 started. 
I0912 00:03:30.954530 2953624 AriaExecutor.h:82] AriaExecutor 12 started. 
I0912 00:03:30.954573 2953625 AriaExecutor.h:82] AriaExecutor 13 started. 
I0912 00:03:30.954607 2953626 AriaExecutor.h:82] AriaExecutor 14 started. 
I0912 00:03:30.954645 2953627 AriaExecutor.h:82] AriaExecutor 15 started. 
I0912 00:03:30.954689 2953628 Manager.h:224] Manager(worker id = 16) on the coordinator node started.
I0912 00:03:31.954741 2953592 Coordinator.h:126] commit: 1050534 abort: 260186 (0/260186/0), network size: 0, avg network size: 0, si_in_serializable: 0 0 %, local: 0 %
I0912 00:03:32.954851 2953592 Coordinator.h:126] commit: 1040568 abort: 257864 (0/257864/0), network size: 0, avg network size: 0, si_in_serializable: 0 0 %, local: 0 %
I0912 00:03:33.954929 2953592 Coordinator.h:126] commit: 1004116 abort: 249260 (0/249260/0), network size: 0, avg network size: 0, si_in_serializable: 0 0 %, local: 0 %
I0912 00:03:34.955004 2953592 Coordinator.h:126] commit: 1020489 abort: 253367 (0/253367/0), network size: 0, avg network size: 0, si_in_serializable: 0 0 %, local: 0 %
I0912 00:03:35.955102 2953592 Coordinator.h:126] commit: 1037157 abort: 257179 (0/257179/0), network size: 0, avg network size: 0, si_in_serializable: 0 0 %, local: 0 %
I0912 00:03:36.955185 2953592 Coordinator.h:126] commit: 1059295 abort: 263713 (0/263713/0), network size: 0, avg network size: 0, si_in_serializable: 0 0 %, local: 0 %
I0912 00:03:37.955257 2953592 Coordinator.h:126] commit: 1058053 abort: 260859 (0/260859/0), network size: 0, avg network size: 0, si_in_serializable: 0 0 %, local: 0 %
I0912 00:03:38.955332 2953592 Coordinator.h:126] commit: 1057879 abort: 261033 (0/261033/0), network size: 0, avg network size: 0, si_in_serializable: 0 0 %, local: 0 %
I0912 00:03:39.955407 2953592 Coordinator.h:126] commit: 1014258 abort: 251406 (0/251406/0), network size: 0, avg network size: 0, si_in_serializable: 0 0 %, local: 0 %
I0912 00:03:40.955483 2953592 Coordinator.h:126] commit: 1027550 abort: 254498 (0/254498/0), network size: 0, avg network size: 0, si_in_serializable: 0 0 %, local: 0 %
I0912 00:03:41.955559 2953592 Coordinator.h:126] commit: 1060170 abort: 262838 (0/262838/0), network size: 0, avg network size: 0, si_in_serializable: 0 0 %, local: 0 %
I0912 00:03:42.955641 2953592 Coordinator.h:126] commit: 1040539 abort: 257893 (0/257893/0), network size: 0, avg network size: 0, si_in_serializable: 0 0 %, local: 0 %
I0912 00:03:43.955735 2953592 Coordinator.h:126] commit: 1053829 abort: 260987 (0/260987/0), network size: 0, avg network size: 0, si_in_serializable: 0 0 %, local: 0 %
I0912 00:03:44.955812 2953592 Coordinator.h:126] commit: 1047500 abort: 259124 (0/259124/0), network size: 0, avg network size: 0, si_in_serializable: 0 0 %, local: 0 %
I0912 00:03:45.955884 2953592 Coordinator.h:126] commit: 1056044 abort: 262868 (0/262868/0), network size: 0, avg network size: 0, si_in_serializable: 0 0 %, local: 0 %
I0912 00:03:46.955955 2953592 Coordinator.h:126] commit: 1056923 abort: 261989 (0/261989/0), network size: 0, avg network size: 0, si_in_serializable: 0 0 %, local: 0 %
I0912 00:03:47.956032 2953592 Coordinator.h:126] commit: 1004436 abort: 248940 (0/248940/0), network size: 0, avg network size: 0, si_in_serializable: 0 0 %, local: 0 %
I0912 00:03:48.956108 2953592 Coordinator.h:126] commit: 1053447 abort: 261369 (0/261369/0), network size: 0, avg network size: 0, si_in_serializable: 0 0 %, local: 0 %
I0912 00:03:49.956183 2953592 Coordinator.h:126] commit: 1053650 abort: 261166 (0/261166/0), network size: 0, avg network size: 0, si_in_serializable: 0 0 %, local: 0 %
I0912 00:03:50.956269 2953592 Coordinator.h:126] commit: 1056446 abort: 262559 (0/262559/0), network size: 0, avg network size: 0, si_in_serializable: 0 0 %, local: 0 %
I0912 00:03:51.956375 2953592 Coordinator.h:126] commit: 1056204 abort: 262615 (0/262615/0), network size: 0, avg network size: 0, si_in_serializable: 0 0 %, local: 0 %
I0912 00:03:52.956463 2953592 Coordinator.h:126] commit: 1050842 abort: 259878 (0/259878/0), network size: 0, avg network size: 0, si_in_serializable: 0 0 %, local: 0 %
I0912 00:03:53.956542 2953592 Coordinator.h:126] commit: 1049765 abort: 260955 (0/260955/0), network size: 0, avg network size: 0, si_in_serializable: 0 0 %, local: 0 %
I0912 00:03:54.956615 2953592 Coordinator.h:126] commit: 1054647 abort: 260169 (0/260169/0), network size: 0, avg network size: 0, si_in_serializable: 0 0 %, local: 0 %
I0912 00:03:55.956689 2953592 Coordinator.h:126] commit: 1053366 abort: 261450 (0/261450/0), network size: 0, avg network size: 0, si_in_serializable: 0 0 %, local: 0 %
I0912 00:03:55.956701 2953592 Coordinator.h:152] average commit: 1.0483e+06 abort: 259973 (0/259973/0), network size: 0, avg network size: 0, si_in_serializable: 0 0 %, local: 0 %
I0912 00:03:55.959331 2953624 AriaExecutor.h:94] AriaExecutor 12 exits. 
I0912 00:03:55.959345 2953619 AriaExecutor.h:94] AriaExecutor 7 exits. 
I0912 00:03:55.959359 2953623 AriaExecutor.h:94] AriaExecutor 11 exits. 
I0912 00:03:55.959342 2953613 AriaExecutor.h:94] AriaExecutor 1 exits. 
I0912 00:03:55.959328 2953614 AriaExecutor.h:94] AriaExecutor 2 exits. 
I0912 00:03:55.959331 2953612 AriaExecutor.h:94] AriaExecutor 0 exits. 
I0912 00:03:55.959331 2953626 AriaExecutor.h:94] AriaExecutor 14 exits. 
I0912 00:03:55.959352 2953618 AriaExecutor.h:94] AriaExecutor 6 exits. 
I0912 00:03:55.959340 2953615 AriaExecutor.h:94] AriaExecutor 3 exits. 
I0912 00:03:55.959342 2953625 AriaExecutor.h:94] AriaExecutor 13 exits. 
I0912 00:03:55.959347 2953627 AriaExecutor.h:94] AriaExecutor 15 exits. 
I0912 00:03:55.959350 2953628 Manager.h:227] Manager(worker id = 16) on the coordinator node exits.
I0912 00:03:55.959352 2953620 AriaExecutor.h:94] AriaExecutor 8 exits. 
I0912 00:03:55.959337 2953621 AriaExecutor.h:94] AriaExecutor 9 exits. 
I0912 00:03:55.959352 2953616 AriaExecutor.h:94] AriaExecutor 4 exits. 
I0912 00:03:55.959332 2953622 AriaExecutor.h:94] AriaExecutor 10 exits. 
I0912 00:03:55.959342 2953617 AriaExecutor.h:94] AriaExecutor 5 exits. 
I0912 00:03:55.956710 2953592 AriaExecutor.h:641] Worker 0 latency: 1896 us (50%) 2483 us (75%) 2910 us (95%) 3017 us (99%).
I0912 00:03:56.026011 2953592 AriaExecutor.h:641] Worker 1 latency: 1893 us (50%) 2481 us (75%) 2909 us (95%) 3014 us (99%).
I0912 00:03:56.102082 2953592 AriaExecutor.h:641] Worker 2 latency: 1907 us (50%) 2488 us (75%) 2911 us (95%) 3018 us (99%).
I0912 00:03:56.170962 2953592 AriaExecutor.h:641] Worker 3 latency: 1898 us (50%) 2483 us (75%) 2909 us (95%) 3012 us (99%).
I0912 00:03:56.246619 2953592 AriaExecutor.h:641] Worker 4 latency: 1897 us (50%) 2483 us (75%) 2910 us (95%) 3016 us (99%).
I0912 00:03:56.315624 2953592 AriaExecutor.h:641] Worker 5 latency: 1891 us (50%) 2480 us (75%) 2909 us (95%) 3014 us (99%).
I0912 00:03:56.391538 2953592 AriaExecutor.h:641] Worker 6 latency: 1905 us (50%) 2486 us (75%) 2910 us (95%) 3018 us (99%).
I0912 00:03:56.460994 2953592 AriaExecutor.h:641] Worker 7 latency: 1893 us (50%) 2481 us (75%) 2909 us (95%) 3012 us (99%).
I0912 00:03:56.537047 2953592 AriaExecutor.h:641] Worker 8 latency: 1894 us (50%) 2481 us (75%) 2909 us (95%) 3014 us (99%).
I0912 00:03:56.605805 2953592 AriaExecutor.h:641] Worker 9 latency: 1892 us (50%) 2479 us (75%) 2908 us (95%) 3011 us (99%).
I0912 00:03:56.682083 2953592 AriaExecutor.h:641] Worker 10 latency: 1904 us (50%) 2484 us (75%) 2909 us (95%) 3014 us (99%).
I0912 00:03:56.750304 2953592 AriaExecutor.h:641] Worker 11 latency: 1894 us (50%) 2480 us (75%) 2908 us (95%) 3010 us (99%).
I0912 00:03:56.826086 2953592 AriaExecutor.h:641] Worker 12 latency: 1901 us (50%) 2484 us (75%) 2909 us (95%) 3016 us (99%).
I0912 00:03:56.895823 2953592 AriaExecutor.h:641] Worker 13 latency: 1891 us (50%) 2479 us (75%) 2908 us (95%) 3011 us (99%).
I0912 00:03:56.971872 2953592 AriaExecutor.h:641] Worker 14 latency: 1908 us (50%) 2486 us (75%) 2910 us (95%) 3018 us (99%).
I0912 00:03:57.040611 2953592 AriaExecutor.h:641] Worker 15 latency: 1898 us (50%) 2482 us (75%) 2908 us (95%) 3011 us (99%).
I0912 00:03:57.116428 2953592 Coordinator.h:177] total commit: 1.0483e+06
I0912 00:03:58.116540 2953592 Coordinator.h:192] Coordinator exits.
