I0911 21:53:34.942099 2928768 Database.h:65] ycsb initialization finished in 187 milliseconds.
I0911 21:53:34.942209 2928768 Coordinator.h:30] Coordinator initializes 16 workers.
I0911 21:53:34.958200 2928768 Coordinator.h:77] Coordinator starts to run 17 workers.
I0911 21:53:34.958263 2928789 AriaExecutor.h:82] AriaExecutor 0 started. 
I0911 21:53:34.958295 2928790 AriaExecutor.h:82] AriaExecutor 1 started. 
I0911 21:53:34.958393 2928792 AriaExecutor.h:82] AriaExecutor 3 started. 
I0911 21:53:34.958425 2928793 AriaExecutor.h:82] AriaExecutor 4 started. 
I0911 21:53:34.958468 2928794 AriaExecutor.h:82] AriaExecutor 5 started. 
I0911 21:53:34.958518 2928795 AriaExecutor.h:82] AriaExecutor 6 started. 
I0911 21:53:34.958560 2928796 AriaExecutor.h:82] AriaExecutor 7 started. 
I0911 21:53:34.958596 2928797 AriaExecutor.h:82] AriaExecutor 8 started. 
I0911 21:53:34.958642 2928798 AriaExecutor.h:82] AriaExecutor 9 started. 
I0911 21:53:34.958684 2928799 AriaExecutor.h:82] AriaExecutor 10 started. 
I0911 21:53:34.958727 2928800 AriaExecutor.h:82] AriaExecutor 11 started. 
I0911 21:53:34.958765 2928801 AriaExecutor.h:82] AriaExecutor 12 started. 
I0911 21:53:34.958808 2928802 AriaExecutor.h:82] AriaExecutor 13 started. 
I0911 21:53:34.958846 2928803 AriaExecutor.h:82] AriaExecutor 14 started. 
I0911 21:53:34.958890 2928804 AriaExecutor.h:82] AriaExecutor 15 started. 
I0911 21:53:34.958931 2928791 AriaExecutor.h:82] AriaExecutor 2 started. 
I0911 21:53:34.958933 2928805 Manager.h:224] Manager(worker id = 16) on the coordinator node started.
I0911 21:53:35.959020 2928768 Coordinator.h:126] commit: 176045 abort: 61523 (0/61523/0), network size: 0, avg network size: 0, si_in_serializable: 0 0 %, local: 0 %
I0911 21:53:36.959205 2928768 Coordinator.h:126] commit: 180542 abort: 63170 (0/63170/0), network size: 0, avg network size: 0, si_in_serializable: 0 0 %, local: 0 %
I0911 21:53:37.959326 2928768 Coordinator.h:126] commit: 174014 abort: 61506 (0/61506/0), network size: 0, avg network size: 0, si_in_serializable: 0 0 %, local: 0 %
I0911 21:53:38.959430 2928768 Coordinator.h:126] commit: 177412 abort: 62204 (0/62204/0), network size: 0, avg network size: 0, si_in_serializable: 0 0 %, local: 0 %
I0911 21:53:39.959578 2928768 Coordinator.h:126] commit: 184881 abort: 64442 (0/64442/0), network size: 0, avg network size: 0, si_in_serializable: 0 0 %, local: 0 %
I0911 21:53:40.959702 2928768 Coordinator.h:126] commit: 185024 abort: 65365 (0/65365/0), network size: 0, avg network size: 0, si_in_serializable: 0 0 %, local: 0 %
I0911 21:53:41.959815 2928768 Coordinator.h:126] commit: 185308 abort: 64548 (0/64548/0), network size: 0, avg network size: 0, si_in_serializable: 0 0 %, local: 0 %
I0911 21:53:42.959924 2928768 Coordinator.h:126] commit: 183824 abort: 63984 (0/63984/0), network size: 0, avg network size: 0, si_in_serializable: 0 0 %, local: 0 %
I0911 21:53:43.960026 2928768 Coordinator.h:126] commit: 180722 abort: 62990 (0/62990/0), network size: 0, avg network size: 0, si_in_serializable: 0 0 %, local: 0 %
I0911 21:53:44.960124 2928768 Coordinator.h:126] commit: 182102 abort: 63658 (0/63658/0), network size: 0, avg network size: 0, si_in_serializable: 0 0 %, local: 0 %
I0911 21:53:45.960237 2928768 Coordinator.h:126] commit: 185013 abort: 64843 (0/64843/0), network size: 0, avg network size: 0, si_in_serializable: 0 0 %, local: 0 %
I0911 21:53:46.960379 2928768 Coordinator.h:126] commit: 184978 abort: 64878 (0/64878/0), network size: 0, avg network size: 0, si_in_serializable: 0 0 %, local: 0 %
I0911 21:53:47.960500 2928768 Coordinator.h:126] commit: 185036 abort: 64820 (0/64820/0), network size: 0, avg network size: 0, si_in_serializable: 0 0 %, local: 0 %
I0911 21:53:48.960608 2928768 Coordinator.h:126] commit: 186344 abort: 65560 (0/65560/0), network size: 0, avg network size: 0, si_in_serializable: 0 0 %, local: 0 %
I0911 21:53:49.960719 2928768 Coordinator.h:126] commit: 186659 abort: 65245 (0/65245/0), network size: 0, avg network size: 0, si_in_serializable: 0 0 %, local: 0 %
I0911 21:53:50.960824 2928768 Coordinator.h:126] commit: 183304 abort: 64504 (0/64504/0), network size: 0, avg network size: 0, si_in_serializable: 0 0 %, local: 0 %
I0911 21:53:51.960964 2928768 Coordinator.h:126] commit: 182091 abort: 63669 (0/63669/0), network size: 0, avg network size: 0, si_in_serializable: 0 0 %, local: 0 %
I0911 21:53:52.961069 2928768 Coordinator.h:126] commit: 181924 abort: 63836 (0/63836/0), network size: 0, avg network size: 0, si_in_serializable: 0 0 %, local: 0 %
I0911 21:53:53.961197 2928768 Coordinator.h:126] commit: 185211 abort: 64645 (0/64645/0), network size: 0, avg network size: 0, si_in_serializable: 0 0 %, local: 0 %
I0911 21:53:54.961349 2928768 Coordinator.h:126] commit: 186450 abort: 65454 (0/65454/0), network size: 0, avg network size: 0, si_in_serializable: 0 0 %, local: 0 %
I0911 21:53:55.961462 2928768 Coordinator.h:126] commit: 185304 abort: 64552 (0/64552/0), network size: 0, avg network size: 0, si_in_serializable: 0 0 %, local: 0 %
I0911 21:53:56.961568 2928768 Coordinator.h:126] commit: 185065 abort: 64791 (0/64791/0), network size: 0, avg network size: 0, si_in_serializable: 0 0 %, local: 0 %
I0911 21:53:57.961668 2928768 Coordinator.h:126] commit: 183505 abort: 64303 (0/64303/0), network size: 0, avg network size: 0, si_in_serializable: 0 0 %, local: 0 %
I0911 21:53:58.961779 2928768 Coordinator.h:126] commit: 185139 abort: 64717 (0/64717/0), network size: 0, avg network size: 0, si_in_serializable: 0 0 %, local: 0 %
I0911 21:53:59.961894 2928768 Coordinator.h:126] commit: 185447 abort: 64409 (0/64409/0), network size: 0, avg network size: 0, si_in_serializable: 0 0 %, local: 0 %
I0911 21:53:59.961934 2928768 Coordinator.h:152] average commit: 184701 abort: 64745.4 (0/64745.4/0), network size: 0, avg network size: 0, si_in_serializable: 0 0 %, local: 0 %
I0911 21:53:59.967085 2928797 AriaExecutor.h:94] AriaExecutor 8 exits. 
I0911 21:53:59.967098 2928800 AriaExecutor.h:94] AriaExecutor 11 exits. 
I0911 21:53:59.967093 2928793 AriaExecutor.h:94] AriaExecutor 4 exits. 
I0911 21:53:59.967087 2928795 AriaExecutor.h:94] AriaExecutor 6 exits. 
I0911 21:53:59.967094 2928789 AriaExecutor.h:94] AriaExecutor 0 exits. 
I0911 21:53:59.967101 2928790 AriaExecutor.h:94] AriaExecutor 1 exits. 
I0911 21:53:59.967101 2928794 AriaExecutor.h:94] AriaExecutor 5 exits. 
I0911 21:53:59.967088 2928801 AriaExecutor.h:94] AriaExecutor 12 exits. 
I0911 21:53:59.967101 2928798 AriaExecutor.h:94] AriaExecutor 9 exits. 
I0911 21:53:59.967088 2928805 Manager.h:227] Manager(worker id = 16) on the coordinator node exits.
I0911 21:53:59.967104 2928792 AriaExecutor.h:94] AriaExecutor 3 exits. 
I0911 21:53:59.967104 2928804 AriaExecutor.h:94] AriaExecutor 15 exits. 
I0911 21:53:59.967088 2928799 AriaExecutor.h:94] AriaExecutor 10 exits. 
I0911 21:53:59.967094 2928791 AriaExecutor.h:94] AriaExecutor 2 exits. 
I0911 21:53:59.967104 2928802 AriaExecutor.h:94] AriaExecutor 13 exits. 
I0911 21:53:59.967101 2928796 AriaExecutor.h:94] AriaExecutor 7 exits. 
I0911 21:53:59.967087 2928803 AriaExecutor.h:94] AriaExecutor 14 exits. 
I0911 21:53:59.961949 2928768 AriaExecutor.h:535] Worker 0 latency: 6017 us (50%) 6998 us (75%) 7692 us (95%) 7904 us (99%).
I0911 21:53:59.976708 2928768 AriaExecutor.h:535] Worker 1 latency: 6017 us (50%) 6997 us (75%) 7692 us (95%) 7899 us (99%).
I0911 21:53:59.990614 2928768 AriaExecutor.h:535] Worker 2 latency: 6034 us (50%) 7005 us (75%) 7691 us (95%) 7898 us (99%).
I0911 21:54:00.004419 2928768 AriaExecutor.h:535] Worker 3 latency: 6032 us (50%) 7003 us (75%) 7693 us (95%) 7896 us (99%).
I0911 21:54:00.018276 2928768 AriaExecutor.h:535] Worker 4 latency: 6006 us (50%) 6992 us (75%) 7689 us (95%) 7896 us (99%).
I0911 21:54:00.032387 2928768 AriaExecutor.h:535] Worker 5 latency: 6002 us (50%) 6988 us (75%) 7687 us (95%) 7894 us (99%).
I0911 21:54:00.046371 2928768 AriaExecutor.h:535] Worker 6 latency: 6031 us (50%) 7004 us (75%) 7691 us (95%) 7894 us (99%).
I0911 21:54:00.060298 2928768 AriaExecutor.h:535] Worker 7 latency: 6016 us (50%) 6996 us (75%) 7690 us (95%) 7893 us (99%).
I0911 21:54:00.074186 2928768 AriaExecutor.h:535] Worker 8 latency: 6018 us (50%) 6996 us (75%) 7690 us (95%) 7895 us (99%).
I0911 21:54:00.088003 2928768 AriaExecutor.h:535] Worker 9 latency: 6014 us (50%) 6994 us (75%) 7689 us (95%) 7894 us (99%).
I0911 21:54:00.101713 2928768 AriaExecutor.h:535] Worker 10 latency: 6032 us (50%) 7002 us (75%) 7689 us (95%) 7895 us (99%).
I0911 21:54:00.115548 2928768 AriaExecutor.h:535] Worker 11 latency: 6023 us (50%) 6997 us (75%) 7687 us (95%) 7890 us (99%).
I0911 21:54:00.129419 2928768 AriaExecutor.h:535] Worker 12 latency: 6023 us (50%) 6997 us (75%) 7686 us (95%) 7890 us (99%).
I0911 21:54:00.143365 2928768 AriaExecutor.h:535] Worker 13 latency: 6005 us (50%) 6992 us (75%) 7689 us (95%) 7891 us (99%).
I0911 21:54:00.157261 2928768 AriaExecutor.h:535] Worker 14 latency: 6036 us (50%) 7002 us (75%) 7687 us (95%) 7893 us (99%).
I0911 21:54:00.170979 2928768 AriaExecutor.h:535] Worker 15 latency: 6025 us (50%) 6999 us (75%) 7687 us (95%) 7894 us (99%).
I0911 21:54:00.185020 2928768 Coordinator.h:177] total commit: 184701
I0911 21:54:01.185133 2928768 Coordinator.h:192] Coordinator exits.
