I1126 18:11:23.680150 1070159 Database.h:65] ycsb initialization finished in 30 milliseconds.
I1126 18:11:23.680238 1070159 Coordinator.h:30] Coordinator initializes 12 workers.
I1126 18:11:23.681087 1070159 Coordinator.h:77] Coordinator starts to run 13 workers.
I1126 18:11:23.681143 1070175 AriaExecutor.h:91] AriaExecutor 0 started. 
I1126 18:11:23.681178 1070176 AriaExecutor.h:91] AriaExecutor 1 started. 
I1126 18:11:23.681214 1070177 AriaExecutor.h:91] AriaExecutor 2 started. 
I1126 18:11:23.681262 1070178 AriaExecutor.h:91] AriaExecutor 3 started. 
I1126 18:11:23.681303 1070179 AriaExecutor.h:91] AriaExecutor 4 started. 
I1126 18:11:23.681339 1070180 AriaExecutor.h:91] AriaExecutor 5 started. 
I1126 18:11:23.681376 1070181 AriaExecutor.h:91] AriaExecutor 6 started. 
I1126 18:11:23.681427 1070182 AriaExecutor.h:91] AriaExecutor 7 started. 
I1126 18:11:23.681478 1070183 AriaExecutor.h:91] AriaExecutor 8 started. 
I1126 18:11:23.681525 1070184 AriaExecutor.h:91] AriaExecutor 9 started. 
I1126 18:11:23.681573 1070185 AriaExecutor.h:91] AriaExecutor 10 started. 
I1126 18:11:23.681624 1070186 AriaExecutor.h:91] AriaExecutor 11 started. 
I1126 18:11:23.681672 1070187 Manager.h:224] Manager(worker id = 12) on the coordinator node started.
I1126 18:11:24.681735 1070159 Coordinator.h:126] commit: 1282354 abort: 107646 (0/107646/0), network size: 0, avg network size: 0, si_in_serializable: 0 0 %, local: 0 %
I1126 18:11:25.681851 1070159 Coordinator.h:126] commit: 1267503 abort: 106497 (0/106497/0), network size: 0, avg network size: 0, si_in_serializable: 0 0 %, local: 0 %
I1126 18:11:26.681972 1070159 Coordinator.h:126] commit: 1294173 abort: 108827 (0/108827/0), network size: 0, avg network size: 0, si_in_serializable: 0 0 %, local: 0 %
I1126 18:11:27.682075 1070159 Coordinator.h:126] commit: 1307887 abort: 110113 (0/110113/0), network size: 0, avg network size: 0, si_in_serializable: 0 0 %, local: 0 %
I1126 18:11:28.682170 1070159 Coordinator.h:126] commit: 1279803 abort: 107197 (0/107197/0), network size: 0, avg network size: 0, si_in_serializable: 0 0 %, local: 0 %
I1126 18:11:29.682266 1070159 Coordinator.h:126] commit: 1303190 abort: 109810 (0/109810/0), network size: 0, avg network size: 0, si_in_serializable: 0 0 %, local: 0 %
I1126 18:11:30.682359 1070159 Coordinator.h:126] commit: 1312355 abort: 110645 (0/110645/0), network size: 0, avg network size: 0, si_in_serializable: 0 0 %, local: 0 %
I1126 18:11:31.682484 1070159 Coordinator.h:126] commit: 1278424 abort: 107576 (0/107576/0), network size: 0, avg network size: 0, si_in_serializable: 0 0 %, local: 0 %
I1126 18:11:32.682585 1070159 Coordinator.h:126] commit: 1299445 abort: 109555 (0/109555/0), network size: 0, avg network size: 0, si_in_serializable: 0 0 %, local: 0 %
I1126 18:11:33.682677 1070159 Coordinator.h:126] commit: 1218588 abort: 102412 (0/102412/0), network size: 0, avg network size: 0, si_in_serializable: 0 0 %, local: 0 %
I1126 18:11:34.682770 1070159 Coordinator.h:126] commit: 1305903 abort: 110097 (0/110097/0), network size: 0, avg network size: 0, si_in_serializable: 0 0 %, local: 0 %
I1126 18:11:35.682868 1070159 Coordinator.h:126] commit: 1300669 abort: 109331 (0/109331/0), network size: 0, avg network size: 0, si_in_serializable: 0 0 %, local: 0 %
I1126 18:11:36.682960 1070159 Coordinator.h:126] commit: 1300192 abort: 109314 (0/109314/0), network size: 0, avg network size: 0, si_in_serializable: 0 0 %, local: 0 %
I1126 18:11:37.683053 1070159 Coordinator.h:126] commit: 1301733 abort: 109761 (0/109761/0), network size: 0, avg network size: 0, si_in_serializable: 0 0 %, local: 0 %
I1126 18:11:38.683175 1070159 Coordinator.h:126] commit: 1288531 abort: 108469 (0/108469/0), network size: 0, avg network size: 0, si_in_serializable: 0 0 %, local: 0 %
I1126 18:11:39.683279 1070159 Coordinator.h:126] commit: 1298405 abort: 109599 (0/109599/0), network size: 0, avg network size: 0, si_in_serializable: 0 0 %, local: 0 %
I1126 18:11:40.683372 1070159 Coordinator.h:126] commit: 1304385 abort: 109610 (0/109610/0), network size: 0, avg network size: 0, si_in_serializable: 0 0 %, local: 0 %
I1126 18:11:41.683465 1070159 Coordinator.h:126] commit: 1300803 abort: 109197 (0/109197/0), network size: 0, avg network size: 0, si_in_serializable: 0 0 %, local: 0 %
I1126 18:11:42.683554 1070159 Coordinator.h:126] commit: 1301395 abort: 109605 (0/109605/0), network size: 0, avg network size: 0, si_in_serializable: 0 0 %, local: 0 %
I1126 18:11:43.683647 1070159 Coordinator.h:126] commit: 1139252 abort: 95748 (0/95748/0), network size: 0, avg network size: 0, si_in_serializable: 0 0 %, local: 0 %
I1126 18:11:44.683739 1070159 Coordinator.h:126] commit: 1303881 abort: 110119 (0/110119/0), network size: 0, avg network size: 0, si_in_serializable: 0 0 %, local: 0 %
I1126 18:11:45.683833 1070159 Coordinator.h:126] commit: 1306617 abort: 109383 (0/109383/0), network size: 0, avg network size: 0, si_in_serializable: 0 0 %, local: 0 %
I1126 18:11:46.683930 1070159 Coordinator.h:126] commit: 1300891 abort: 110109 (0/110109/0), network size: 0, avg network size: 0, si_in_serializable: 0 0 %, local: 0 %
I1126 18:11:47.684023 1070159 Coordinator.h:126] commit: 1300529 abort: 109471 (0/109471/0), network size: 0, avg network size: 0, si_in_serializable: 0 0 %, local: 0 %
I1126 18:11:48.684116 1070159 Coordinator.h:126] commit: 1295660 abort: 109340 (0/109340/0), network size: 0, avg network size: 0, si_in_serializable: 0 0 %, local: 0 %
I1126 18:11:48.684139 1070159 Coordinator.h:152] average commit: 1.28413e+06 abort: 108073 (0/108073/0), network size: 0, avg network size: 0, si_in_serializable: 0 0 %, local: 0 %
I1126 18:11:48.684873 1070187 Manager.h:227] Manager(worker id = 12) on the coordinator node exits.
I1126 18:11:48.684875 1070175 AriaExecutor.h:103] AriaExecutor 0 exits. 
I1126 18:11:48.684880 1070179 AriaExecutor.h:103] AriaExecutor 4 exits. 
I1126 18:11:48.684890 1070182 AriaExecutor.h:103] AriaExecutor 7 exits. 
I1126 18:11:48.684881 1070185 AriaExecutor.h:103] AriaExecutor 10 exits. 
I1126 18:11:48.684881 1070177 AriaExecutor.h:103] AriaExecutor 2 exits. 
I1126 18:11:48.684881 1070181 AriaExecutor.h:103] AriaExecutor 6 exits. 
I1126 18:11:48.684881 1070183 AriaExecutor.h:103] AriaExecutor 8 exits. 
I1126 18:11:48.684890 1070176 AriaExecutor.h:103] AriaExecutor 1 exits. 
I1126 18:11:48.684890 1070180 AriaExecutor.h:103] AriaExecutor 5 exits. 
I1126 18:11:48.684890 1070184 AriaExecutor.h:103] AriaExecutor 9 exits. 
I1126 18:11:48.684891 1070186 AriaExecutor.h:103] AriaExecutor 11 exits. 
I1126 18:11:48.684890 1070178 AriaExecutor.h:103] AriaExecutor 3 exits. 
I1126 18:11:48.684150 1070159 AriaExecutor.h:621] Worker 0 latency: 533 us (50%) 582 us (75%) 625 us (95%) 649 us (99%).
I1126 18:11:48.780817 1070159 AriaExecutor.h:621] Worker 1 latency: 530 us (50%) 581 us (75%) 624 us (95%) 647 us (99%).
I1126 18:11:48.878769 1070159 AriaExecutor.h:621] Worker 2 latency: 534 us (50%) 583 us (75%) 625 us (95%) 648 us (99%).
I1126 18:11:48.973528 1070159 AriaExecutor.h:621] Worker 3 latency: 533 us (50%) 582 us (75%) 624 us (95%) 647 us (99%).
I1126 18:11:49.071696 1070159 AriaExecutor.h:621] Worker 4 latency: 533 us (50%) 582 us (75%) 624 us (95%) 648 us (99%).
I1126 18:11:49.167204 1070159 AriaExecutor.h:621] Worker 5 latency: 530 us (50%) 580 us (75%) 623 us (95%) 647 us (99%).
I1126 18:11:49.264073 1070159 AriaExecutor.h:621] Worker 6 latency: 537 us (50%) 584 us (75%) 625 us (95%) 648 us (99%).
I1126 18:11:49.361690 1070159 AriaExecutor.h:621] Worker 7 latency: 533 us (50%) 581 us (75%) 623 us (95%) 647 us (99%).
I1126 18:11:49.457466 1070159 AriaExecutor.h:621] Worker 8 latency: 537 us (50%) 584 us (75%) 625 us (95%) 649 us (99%).
I1126 18:11:49.552845 1070159 AriaExecutor.h:621] Worker 9 latency: 534 us (50%) 582 us (75%) 624 us (95%) 647 us (99%).
I1126 18:11:49.648334 1070159 AriaExecutor.h:621] Worker 10 latency: 536 us (50%) 583 us (75%) 625 us (95%) 648 us (99%).
I1126 18:11:49.747066 1070159 AriaExecutor.h:621] Worker 11 latency: 534 us (50%) 582 us (75%) 624 us (95%) 647 us (99%).
I1126 18:11:49.844090 1070159 Coordinator.h:177] total commit: 1.28413e+06
I1126 18:11:50.844201 1070159 Coordinator.h:192] Coordinator exits.
