I1126 13:25:19.981007 931321 Database.h:65] ycsb initialization finished in 30 milliseconds.
I1126 13:25:19.981097 931321 Coordinator.h:30] Coordinator initializes 12 workers.
I1126 13:25:20.052888 931321 Coordinator.h:77] Coordinator starts to run 13 workers.
I1126 13:25:20.052953 931337 AriaExecutor.h:82] AriaExecutor 0 started. 
I1126 13:25:20.052981 931338 AriaExecutor.h:82] AriaExecutor 1 started. 
I1126 13:25:20.053018 931339 AriaExecutor.h:82] AriaExecutor 2 started. 
I1126 13:25:20.053072 931340 AriaExecutor.h:82] AriaExecutor 3 started. 
I1126 13:25:20.053124 931341 AriaExecutor.h:82] AriaExecutor 4 started. 
I1126 13:25:20.053171 931342 AriaExecutor.h:82] AriaExecutor 5 started. 
I1126 13:25:20.053223 931343 AriaExecutor.h:82] AriaExecutor 6 started. 
I1126 13:25:20.053282 931344 AriaExecutor.h:82] AriaExecutor 7 started. 
I1126 13:25:20.053325 931345 AriaExecutor.h:82] AriaExecutor 8 started. 
I1126 13:25:20.053380 931346 AriaExecutor.h:82] AriaExecutor 9 started. 
I1126 13:25:20.053433 931347 AriaExecutor.h:82] AriaExecutor 10 started. 
I1126 13:25:20.053485 931348 AriaExecutor.h:82] AriaExecutor 11 started. 
I1126 13:25:20.053530 931349 Manager.h:224] Manager(worker id = 12) on the coordinator node started.
I1126 13:25:21.053596 931321 Coordinator.h:126] commit: 881998 abort: 58002 (0/58002/0), network size: 0, avg network size: 0, si_in_serializable: 0 0 %, local: 0 %
I1126 13:25:22.053721 931321 Coordinator.h:126] commit: 872320 abort: 57680 (0/57680/0), network size: 0, avg network size: 0, si_in_serializable: 0 0 %, local: 0 %
I1126 13:25:23.053851 931321 Coordinator.h:126] commit: 890998 abort: 59002 (0/59002/0), network size: 0, avg network size: 0, si_in_serializable: 0 0 %, local: 0 %
I1126 13:25:24.053965 931321 Coordinator.h:126] commit: 881757 abort: 58243 (0/58243/0), network size: 0, avg network size: 0, si_in_serializable: 0 0 %, local: 0 %
I1126 13:25:25.054072 931321 Coordinator.h:126] commit: 891094 abort: 58906 (0/58906/0), network size: 0, avg network size: 0, si_in_serializable: 0 0 %, local: 0 %
I1126 13:25:26.054176 931321 Coordinator.h:126] commit: 891273 abort: 58727 (0/58727/0), network size: 0, avg network size: 0, si_in_serializable: 0 0 %, local: 0 %
I1126 13:25:27.054272 931321 Coordinator.h:126] commit: 881945 abort: 58055 (0/58055/0), network size: 0, avg network size: 0, si_in_serializable: 0 0 %, local: 0 %
I1126 13:25:28.054369 931321 Coordinator.h:126] commit: 882143 abort: 57857 (0/57857/0), network size: 0, avg network size: 0, si_in_serializable: 0 0 %, local: 0 %
I1126 13:25:29.054497 931321 Coordinator.h:126] commit: 891096 abort: 58904 (0/58904/0), network size: 0, avg network size: 0, si_in_serializable: 0 0 %, local: 0 %
I1126 13:25:30.054602 931321 Coordinator.h:126] commit: 891310 abort: 58690 (0/58690/0), network size: 0, avg network size: 0, si_in_serializable: 0 0 %, local: 0 %
I1126 13:25:31.054699 931321 Coordinator.h:126] commit: 891387 abort: 58613 (0/58613/0), network size: 0, avg network size: 0, si_in_serializable: 0 0 %, local: 0 %
I1126 13:25:32.054798 931321 Coordinator.h:126] commit: 891049 abort: 58951 (0/58951/0), network size: 0, avg network size: 0, si_in_serializable: 0 0 %, local: 0 %
I1126 13:25:33.054894 931321 Coordinator.h:126] commit: 890979 abort: 59021 (0/59021/0), network size: 0, avg network size: 0, si_in_serializable: 0 0 %, local: 0 %
I1126 13:25:34.054993 931321 Coordinator.h:126] commit: 891403 abort: 58597 (0/58597/0), network size: 0, avg network size: 0, si_in_serializable: 0 0 %, local: 0 %
I1126 13:25:35.055094 931321 Coordinator.h:126] commit: 863075 abort: 56925 (0/56925/0), network size: 0, avg network size: 0, si_in_serializable: 0 0 %, local: 0 %
I1126 13:25:36.055193 931321 Coordinator.h:126] commit: 891260 abort: 58740 (0/58740/0), network size: 0, avg network size: 0, si_in_serializable: 0 0 %, local: 0 %
I1126 13:25:37.055291 931321 Coordinator.h:126] commit: 891428 abort: 58572 (0/58572/0), network size: 0, avg network size: 0, si_in_serializable: 0 0 %, local: 0 %
I1126 13:25:38.055392 931321 Coordinator.h:126] commit: 891226 abort: 58774 (0/58774/0), network size: 0, avg network size: 0, si_in_serializable: 0 0 %, local: 0 %
I1126 13:25:39.055492 931321 Coordinator.h:126] commit: 891244 abort: 58756 (0/58756/0), network size: 0, avg network size: 0, si_in_serializable: 0 0 %, local: 0 %
I1126 13:25:40.055616 931321 Coordinator.h:126] commit: 881726 abort: 58274 (0/58274/0), network size: 0, avg network size: 0, si_in_serializable: 0 0 %, local: 0 %
I1126 13:25:41.055723 931321 Coordinator.h:126] commit: 900433 abort: 59567 (0/59567/0), network size: 0, avg network size: 0, si_in_serializable: 0 0 %, local: 0 %
I1126 13:25:42.055825 931321 Coordinator.h:126] commit: 881447 abort: 58553 (0/58553/0), network size: 0, avg network size: 0, si_in_serializable: 0 0 %, local: 0 %
I1126 13:25:43.055927 931321 Coordinator.h:126] commit: 895825 abort: 58787 (0/58787/0), network size: 0, avg network size: 0, si_in_serializable: 0 0 %, local: 0 %
I1126 13:25:44.056030 931321 Coordinator.h:126] commit: 886592 abort: 58796 (0/58796/0), network size: 0, avg network size: 0, si_in_serializable: 0 0 %, local: 0 %
I1126 13:25:45.056128 931321 Coordinator.h:126] commit: 891428 abort: 58572 (0/58572/0), network size: 0, avg network size: 0, si_in_serializable: 0 0 %, local: 0 %
I1126 13:25:45.056154 931321 Coordinator.h:152] average commit: 887478 abort: 58522.3 (0/58522.3/0), network size: 0, avg network size: 0, si_in_serializable: 0 0 %, local: 0 %
I1126 13:25:45.057267 931349 Manager.h:227] Manager(worker id = 12) on the coordinator node exits.
I1126 13:25:45.057277 931341 AriaExecutor.h:94] AriaExecutor 4 exits. 
I1126 13:25:45.057271 931339 AriaExecutor.h:94] AriaExecutor 2 exits. 
I1126 13:25:45.057281 931344 AriaExecutor.h:94] AriaExecutor 7 exits. 
I1126 13:25:45.057269 931343 AriaExecutor.h:94] AriaExecutor 6 exits. 
I1126 13:25:45.057269 931337 AriaExecutor.h:94] AriaExecutor 0 exits. 
I1126 13:25:45.057281 931338 AriaExecutor.h:94] AriaExecutor 1 exits. 
I1126 13:25:45.057281 931346 AriaExecutor.h:94] AriaExecutor 9 exits. 
I1126 13:25:45.057281 931348 AriaExecutor.h:94] AriaExecutor 11 exits. 
I1126 13:25:45.057281 931342 AriaExecutor.h:94] AriaExecutor 5 exits. 
I1126 13:25:45.057281 931340 AriaExecutor.h:94] AriaExecutor 3 exits. 
I1126 13:25:45.057268 931347 AriaExecutor.h:94] AriaExecutor 10 exits. 
I1126 13:25:45.057269 931345 AriaExecutor.h:94] AriaExecutor 8 exits. 
I1126 13:25:45.056166 931321 AriaExecutor.h:535] Worker 0 latency: 6287 us (50%) 8169 us (75%) 9645 us (95%) 9957 us (99%).
I1126 13:25:45.138103 931321 AriaExecutor.h:535] Worker 1 latency: 6305 us (50%) 8175 us (75%) 9642 us (95%) 9951 us (99%).
I1126 13:25:45.221407 931321 AriaExecutor.h:535] Worker 2 latency: 6383 us (50%) 8217 us (75%) 9656 us (95%) 9960 us (99%).
I1126 13:25:45.303284 931321 AriaExecutor.h:535] Worker 3 latency: 6150 us (50%) 8094 us (75%) 9619 us (95%) 9939 us (99%).
I1126 13:25:45.384461 931321 AriaExecutor.h:535] Worker 4 latency: 6245 us (50%) 8147 us (75%) 9637 us (95%) 9951 us (99%).
I1126 13:25:45.465732 931321 AriaExecutor.h:535] Worker 5 latency: 6257 us (50%) 8150 us (75%) 9635 us (95%) 9949 us (99%).
I1126 13:25:45.549476 931321 AriaExecutor.h:535] Worker 6 latency: 6138 us (50%) 8092 us (75%) 9623 us (95%) 9945 us (99%).
I1126 13:25:45.632500 931321 AriaExecutor.h:535] Worker 7 latency: 6107 us (50%) 8072 us (75%) 9614 us (95%) 9938 us (99%).
I1126 13:25:45.714315 931321 AriaExecutor.h:535] Worker 8 latency: 6250 us (50%) 8150 us (75%) 9637 us (95%) 9951 us (99%).
I1126 13:25:45.796715 931321 AriaExecutor.h:535] Worker 9 latency: 6229 us (50%) 8137 us (75%) 9631 us (95%) 9946 us (99%).
I1126 13:25:45.878557 931321 AriaExecutor.h:535] Worker 10 latency: 6327 us (50%) 8190 us (75%) 9646 us (95%) 9955 us (99%).
I1126 13:25:45.959575 931321 AriaExecutor.h:535] Worker 11 latency: 6151 us (50%) 8093 us (75%) 9618 us (95%) 9939 us (99%).
I1126 13:25:46.042636 931321 Coordinator.h:177] total commit: 887478
I1126 13:25:47.042752 931321 Coordinator.h:192] Coordinator exits.
