I1126 13:55:24.656723 950185 Database.h:65] ycsb initialization finished in 30 milliseconds.
I1126 13:55:24.656822 950185 Coordinator.h:30] Coordinator initializes 12 workers.
I1126 13:55:24.729274 950185 Coordinator.h:77] Coordinator starts to run 13 workers.
I1126 13:55:24.729331 950201 AriaExecutor.h:82] AriaExecutor 0 started. 
I1126 13:55:24.729362 950202 AriaExecutor.h:82] AriaExecutor 1 started. 
I1126 13:55:24.729403 950203 AriaExecutor.h:82] AriaExecutor 2 started. 
I1126 13:55:24.729444 950204 AriaExecutor.h:82] AriaExecutor 3 started. 
I1126 13:55:24.729522 950206 AriaExecutor.h:82] AriaExecutor 5 started. 
I1126 13:55:24.729563 950207 AriaExecutor.h:82] AriaExecutor 6 started. 
I1126 13:55:24.729602 950208 AriaExecutor.h:82] AriaExecutor 7 started. 
I1126 13:55:24.729636 950209 AriaExecutor.h:82] AriaExecutor 8 started. 
I1126 13:55:24.729696 950210 AriaExecutor.h:82] AriaExecutor 9 started. 
I1126 13:55:24.729728 950211 AriaExecutor.h:82] AriaExecutor 10 started. 
I1126 13:55:24.729775 950212 AriaExecutor.h:82] AriaExecutor 11 started. 
I1126 13:55:24.729809 950205 AriaExecutor.h:82] AriaExecutor 4 started. 
I1126 13:55:24.729815 950213 Manager.h:224] Manager(worker id = 12) on the coordinator node started.
I1126 13:55:25.729878 950185 Coordinator.h:126] commit: 47456 abort: 782544 (0/782544/0), network size: 0, avg network size: 0, si_in_serializable: 0 0 %, local: 0 %
I1126 13:55:26.729990 950185 Coordinator.h:126] commit: 47869 abort: 782131 (0/782131/0), network size: 0, avg network size: 0, si_in_serializable: 0 0 %, local: 0 %
I1126 13:55:27.730087 950185 Coordinator.h:126] commit: 47979 abort: 792021 (0/792021/0), network size: 0, avg network size: 0, si_in_serializable: 0 0 %, local: 0 %
I1126 13:55:28.730181 950185 Coordinator.h:126] commit: 48517 abort: 801483 (0/801483/0), network size: 0, avg network size: 0, si_in_serializable: 0 0 %, local: 0 %
I1126 13:55:29.730278 950185 Coordinator.h:126] commit: 48118 abort: 791882 (0/791882/0), network size: 0, avg network size: 0, si_in_serializable: 0 0 %, local: 0 %
I1126 13:55:30.730414 950185 Coordinator.h:126] commit: 48355 abort: 791645 (0/791645/0), network size: 0, avg network size: 0, si_in_serializable: 0 0 %, local: 0 %
I1126 13:55:31.730536 950185 Coordinator.h:126] commit: 48307 abort: 791693 (0/791693/0), network size: 0, avg network size: 0, si_in_serializable: 0 0 %, local: 0 %
I1126 13:55:32.730628 950185 Coordinator.h:126] commit: 48099 abort: 791901 (0/791901/0), network size: 0, avg network size: 0, si_in_serializable: 0 0 %, local: 0 %
I1126 13:55:33.730724 950185 Coordinator.h:126] commit: 47913 abort: 792087 (0/792087/0), network size: 0, avg network size: 0, si_in_serializable: 0 0 %, local: 0 %
I1126 13:55:34.730827 950185 Coordinator.h:126] commit: 48842 abort: 801158 (0/801158/0), network size: 0, avg network size: 0, si_in_serializable: 0 0 %, local: 0 %
I1126 13:55:35.730924 950185 Coordinator.h:126] commit: 48203 abort: 791797 (0/791797/0), network size: 0, avg network size: 0, si_in_serializable: 0 0 %, local: 0 %
I1126 13:55:36.731014 950185 Coordinator.h:126] commit: 48191 abort: 792745 (0/792745/0), network size: 0, avg network size: 0, si_in_serializable: 0 0 %, local: 0 %
I1126 13:55:37.731114 950185 Coordinator.h:126] commit: 48589 abort: 800475 (0/800475/0), network size: 0, avg network size: 0, si_in_serializable: 0 0 %, local: 0 %
I1126 13:55:38.731220 950185 Coordinator.h:126] commit: 47971 abort: 792029 (0/792029/0), network size: 0, avg network size: 0, si_in_serializable: 0 0 %, local: 0 %
I1126 13:55:39.731328 950185 Coordinator.h:126] commit: 47902 abort: 792098 (0/792098/0), network size: 0, avg network size: 0, si_in_serializable: 0 0 %, local: 0 %
I1126 13:55:40.731419 950185 Coordinator.h:126] commit: 48571 abort: 801429 (0/801429/0), network size: 0, avg network size: 0, si_in_serializable: 0 0 %, local: 0 %
I1126 13:55:41.731518 950185 Coordinator.h:126] commit: 48350 abort: 797247 (0/797247/0), network size: 0, avg network size: 0, si_in_serializable: 0 0 %, local: 0 %
I1126 13:55:42.731606 950185 Coordinator.h:126] commit: 48047 abort: 796356 (0/796356/0), network size: 0, avg network size: 0, si_in_serializable: 0 0 %, local: 0 %
I1126 13:55:43.731707 950185 Coordinator.h:126] commit: 48729 abort: 801271 (0/801271/0), network size: 0, avg network size: 0, si_in_serializable: 0 0 %, local: 0 %
I1126 13:55:44.731797 950185 Coordinator.h:126] commit: 48164 abort: 791836 (0/791836/0), network size: 0, avg network size: 0, si_in_serializable: 0 0 %, local: 0 %
I1126 13:55:45.731905 950185 Coordinator.h:126] commit: 48649 abort: 801351 (0/801351/0), network size: 0, avg network size: 0, si_in_serializable: 0 0 %, local: 0 %
I1126 13:55:46.732008 950185 Coordinator.h:126] commit: 48748 abort: 801252 (0/801252/0), network size: 0, avg network size: 0, si_in_serializable: 0 0 %, local: 0 %
I1126 13:55:47.732103 950185 Coordinator.h:126] commit: 48241 abort: 791759 (0/791759/0), network size: 0, avg network size: 0, si_in_serializable: 0 0 %, local: 0 %
I1126 13:55:48.732182 950185 Coordinator.h:126] commit: 48739 abort: 801261 (0/801261/0), network size: 0, avg network size: 0, si_in_serializable: 0 0 %, local: 0 %
I1126 13:55:49.732286 950185 Coordinator.h:126] commit: 48182 abort: 791818 (0/791818/0), network size: 0, avg network size: 0, si_in_serializable: 0 0 %, local: 0 %
I1126 13:55:49.732316 950185 Coordinator.h:152] average commit: 48271.7 abort: 795728 (0/795728/0), network size: 0, avg network size: 0, si_in_serializable: 0 0 %, local: 0 %
I1126 13:55:49.734066 950201 AriaExecutor.h:94] AriaExecutor 0 exits. 
I1126 13:55:49.734066 950213 Manager.h:227] Manager(worker id = 12) on the coordinator node exits.
I1126 13:55:49.734071 950205 AriaExecutor.h:94] AriaExecutor 4 exits. 
I1126 13:55:49.734066 950211 AriaExecutor.h:94] AriaExecutor 10 exits. 
I1126 13:55:49.734067 950209 AriaExecutor.h:94] AriaExecutor 8 exits. 
I1126 13:55:49.734081 950206 AriaExecutor.h:94] AriaExecutor 5 exits. 
I1126 13:55:49.734081 950208 AriaExecutor.h:94] AriaExecutor 7 exits. 
I1126 13:55:49.734081 950204 AriaExecutor.h:94] AriaExecutor 3 exits. 
I1126 13:55:49.734081 950202 AriaExecutor.h:94] AriaExecutor 1 exits. 
I1126 13:55:49.734081 950212 AriaExecutor.h:94] AriaExecutor 11 exits. 
I1126 13:55:49.734081 950210 AriaExecutor.h:94] AriaExecutor 9 exits. 
I1126 13:55:49.734066 950207 AriaExecutor.h:94] AriaExecutor 6 exits. 
I1126 13:55:49.734067 950203 AriaExecutor.h:94] AriaExecutor 2 exits. 
I1126 13:55:49.732323 950185 AriaExecutor.h:535] Worker 0 latency: 9936 us (50%) 11189 us (75%) 11746 us (95%) 11950 us (99%).
I1126 13:55:49.738453 950185 AriaExecutor.h:535] Worker 1 latency: 9913 us (50%) 11183 us (75%) 11743 us (95%) 11942 us (99%).
I1126 13:55:49.745069 950185 AriaExecutor.h:535] Worker 2 latency: 9886 us (50%) 11177 us (75%) 11741 us (95%) 11939 us (99%).
I1126 13:55:49.751111 950185 AriaExecutor.h:535] Worker 3 latency: 9903 us (50%) 11172 us (75%) 11736 us (95%) 11940 us (99%).
I1126 13:55:49.757617 950185 AriaExecutor.h:535] Worker 4 latency: 9871 us (50%) 11165 us (75%) 11739 us (95%) 11938 us (99%).
I1126 13:55:49.763634 950185 AriaExecutor.h:535] Worker 5 latency: 9857 us (50%) 11160 us (75%) 11731 us (95%) 11941 us (99%).
I1126 13:55:49.770103 950185 AriaExecutor.h:535] Worker 6 latency: 9865 us (50%) 11156 us (75%) 11733 us (95%) 11935 us (99%).
I1126 13:55:49.776077 950185 AriaExecutor.h:535] Worker 7 latency: 9859 us (50%) 11149 us (75%) 11725 us (95%) 11927 us (99%).
I1126 13:55:49.782619 950185 AriaExecutor.h:535] Worker 8 latency: 9874 us (50%) 11156 us (75%) 11729 us (95%) 11930 us (99%).
I1126 13:55:49.788625 950185 AriaExecutor.h:535] Worker 9 latency: 9858 us (50%) 11143 us (75%) 11728 us (95%) 11929 us (99%).
I1126 13:55:49.795336 950185 AriaExecutor.h:535] Worker 10 latency: 9864 us (50%) 11147 us (75%) 11726 us (95%) 11932 us (99%).
I1126 13:55:49.801312 950185 AriaExecutor.h:535] Worker 11 latency: 9835 us (50%) 11132 us (75%) 11719 us (95%) 11922 us (99%).
I1126 13:55:49.807842 950185 Coordinator.h:177] total commit: 48271.7
I1126 13:55:50.807951 950185 Coordinator.h:192] Coordinator exits.
