I1126 14:11:22.626775 960002 Database.h:65] ycsb initialization finished in 30 milliseconds.
I1126 14:11:22.626873 960002 Coordinator.h:30] Coordinator initializes 12 workers.
I1126 14:11:22.627789 960002 Coordinator.h:77] Coordinator starts to run 13 workers.
I1126 14:11:22.627839 960018 AriaExecutor.h:91] AriaExecutor 0 started. 
I1126 14:11:22.627866 960019 AriaExecutor.h:91] AriaExecutor 1 started. 
I1126 14:11:22.627905 960020 AriaExecutor.h:91] AriaExecutor 2 started. 
I1126 14:11:22.627952 960021 AriaExecutor.h:91] AriaExecutor 3 started. 
I1126 14:11:22.628028 960023 AriaExecutor.h:91] AriaExecutor 5 started. 
I1126 14:11:22.628072 960024 AriaExecutor.h:91] AriaExecutor 6 started. 
I1126 14:11:22.628111 960025 AriaExecutor.h:91] AriaExecutor 7 started. 
I1126 14:11:22.628151 960026 AriaExecutor.h:91] AriaExecutor 8 started. 
I1126 14:11:22.628197 960027 AriaExecutor.h:91] AriaExecutor 9 started. 
I1126 14:11:22.628237 960028 AriaExecutor.h:91] AriaExecutor 10 started. 
I1126 14:11:22.628283 960029 AriaExecutor.h:91] AriaExecutor 11 started. 
I1126 14:11:22.628319 960022 AriaExecutor.h:91] AriaExecutor 4 started. 
I1126 14:11:22.628322 960030 Manager.h:224] Manager(worker id = 12) on the coordinator node started.
I1126 14:11:23.628389 960002 Coordinator.h:126] commit: 1870559 abort: 14441 (0/14441/0), network size: 0, avg network size: 0, si_in_serializable: 0 0 %, local: 0 %
I1126 14:11:24.628515 960002 Coordinator.h:126] commit: 1838060 abort: 13940 (0/13940/0), network size: 0, avg network size: 0, si_in_serializable: 0 0 %, local: 0 %
I1126 14:11:25.628628 960002 Coordinator.h:126] commit: 1880281 abort: 14719 (0/14719/0), network size: 0, avg network size: 0, si_in_serializable: 0 0 %, local: 0 %
I1126 14:11:26.628722 960002 Coordinator.h:126] commit: 1854646 abort: 14250 (0/14250/0), network size: 0, avg network size: 0, si_in_serializable: 0 0 %, local: 0 %
I1126 14:11:27.628805 960002 Coordinator.h:126] commit: 1889656 abort: 14448 (0/14448/0), network size: 0, avg network size: 0, si_in_serializable: 0 0 %, local: 0 %
I1126 14:11:28.628880 960002 Coordinator.h:126] commit: 1883266 abort: 14734 (0/14734/0), network size: 0, avg network size: 0, si_in_serializable: 0 0 %, local: 0 %
I1126 14:11:29.628970 960002 Coordinator.h:126] commit: 1764502 abort: 13498 (0/13498/0), network size: 0, avg network size: 0, si_in_serializable: 0 0 %, local: 0 %
I1126 14:11:30.629056 960002 Coordinator.h:126] commit: 1884640 abort: 14360 (0/14360/0), network size: 0, avg network size: 0, si_in_serializable: 0 0 %, local: 0 %
I1126 14:11:31.629130 960002 Coordinator.h:126] commit: 1889554 abort: 14446 (0/14446/0), network size: 0, avg network size: 0, si_in_serializable: 0 0 %, local: 0 %
I1126 14:11:32.629201 960002 Coordinator.h:126] commit: 1886451 abort: 14549 (0/14549/0), network size: 0, avg network size: 0, si_in_serializable: 0 0 %, local: 0 %
I1126 14:11:33.629272 960002 Coordinator.h:126] commit: 1889341 abort: 14659 (0/14659/0), network size: 0, avg network size: 0, si_in_serializable: 0 0 %, local: 0 %
I1126 14:11:34.629355 960002 Coordinator.h:126] commit: 1883488 abort: 14512 (0/14512/0), network size: 0, avg network size: 0, si_in_serializable: 0 0 %, local: 0 %
I1126 14:11:35.629458 960002 Coordinator.h:126] commit: 1889631 abort: 14369 (0/14369/0), network size: 0, avg network size: 0, si_in_serializable: 0 0 %, local: 0 %
I1126 14:11:36.629557 960002 Coordinator.h:126] commit: 1662285 abort: 12715 (0/12715/0), network size: 0, avg network size: 0, si_in_serializable: 0 0 %, local: 0 %
I1126 14:11:37.629637 960002 Coordinator.h:126] commit: 1890221 abort: 14779 (0/14779/0), network size: 0, avg network size: 0, si_in_serializable: 0 0 %, local: 0 %
I1126 14:11:38.629709 960002 Coordinator.h:126] commit: 1887623 abort: 14377 (0/14377/0), network size: 0, avg network size: 0, si_in_serializable: 0 0 %, local: 0 %
I1126 14:11:39.629808 960002 Coordinator.h:126] commit: 1883461 abort: 14539 (0/14539/0), network size: 0, avg network size: 0, si_in_serializable: 0 0 %, local: 0 %
I1126 14:11:40.629895 960002 Coordinator.h:126] commit: 1883342 abort: 14658 (0/14658/0), network size: 0, avg network size: 0, si_in_serializable: 0 0 %, local: 0 %
I1126 14:11:41.629976 960002 Coordinator.h:126] commit: 1886550 abort: 14450 (0/14450/0), network size: 0, avg network size: 0, si_in_serializable: 0 0 %, local: 0 %
I1126 14:11:42.630051 960002 Coordinator.h:126] commit: 1885443 abort: 14557 (0/14557/0), network size: 0, avg network size: 0, si_in_serializable: 0 0 %, local: 0 %
I1126 14:11:43.630131 960002 Coordinator.h:126] commit: 1884282 abort: 14718 (0/14718/0), network size: 0, avg network size: 0, si_in_serializable: 0 0 %, local: 0 %
I1126 14:11:44.630225 960002 Coordinator.h:126] commit: 1884403 abort: 14597 (0/14597/0), network size: 0, avg network size: 0, si_in_serializable: 0 0 %, local: 0 %
I1126 14:11:45.630321 960002 Coordinator.h:126] commit: 1880645 abort: 14355 (0/14355/0), network size: 0, avg network size: 0, si_in_serializable: 0 0 %, local: 0 %
I1126 14:11:46.630424 960002 Coordinator.h:126] commit: 1887343 abort: 14657 (0/14657/0), network size: 0, avg network size: 0, si_in_serializable: 0 0 %, local: 0 %
I1126 14:11:47.630502 960002 Coordinator.h:126] commit: 1884569 abort: 14431 (0/14431/0), network size: 0, avg network size: 0, si_in_serializable: 0 0 %, local: 0 %
I1126 14:11:47.630513 960002 Coordinator.h:152] average commit: 1.86414e+06 abort: 14361.5 (0/14361.5/0), network size: 0, avg network size: 0, si_in_serializable: 0 0 %, local: 0 %
I1126 14:11:47.630962 960018 AriaExecutor.h:103] AriaExecutor 0 exits. 
I1126 14:11:47.630970 960028 AriaExecutor.h:103] AriaExecutor 10 exits. 
I1126 14:11:47.630965 960026 AriaExecutor.h:103] AriaExecutor 8 exits. 
I1126 14:11:47.630976 960029 AriaExecutor.h:103] AriaExecutor 11 exits. 
I1126 14:11:47.630972 960030 Manager.h:227] Manager(worker id = 12) on the coordinator node exits.
I1126 14:11:47.630971 960022 AriaExecutor.h:103] AriaExecutor 4 exits. 
I1126 14:11:47.630977 960025 AriaExecutor.h:103] AriaExecutor 7 exits. 
I1126 14:11:47.630977 960027 AriaExecutor.h:103] AriaExecutor 9 exits. 
I1126 14:11:47.630978 960019 AriaExecutor.h:103] AriaExecutor 1 exits. 
I1126 14:11:47.630977 960023 AriaExecutor.h:103] AriaExecutor 5 exits. 
I1126 14:11:47.630977 960021 AriaExecutor.h:103] AriaExecutor 3 exits. 
I1126 14:11:47.630970 960020 AriaExecutor.h:103] AriaExecutor 2 exits. 
I1126 14:11:47.630970 960024 AriaExecutor.h:103] AriaExecutor 6 exits. 
I1126 14:11:47.630522 960002 AriaExecutor.h:649] Worker 0 latency: 355 us (50%) 412 us (75%) 461 us (95%) 476 us (99%).
I1126 14:11:47.775177 960002 AriaExecutor.h:649] Worker 1 latency: 354 us (50%) 411 us (75%) 460 us (95%) 475 us (99%).
I1126 14:11:47.934341 960002 AriaExecutor.h:649] Worker 2 latency: 356 us (50%) 412 us (75%) 461 us (95%) 476 us (99%).
I1126 14:11:48.074265 960002 AriaExecutor.h:649] Worker 3 latency: 356 us (50%) 412 us (75%) 460 us (95%) 476 us (99%).
I1126 14:11:48.210510 960002 AriaExecutor.h:649] Worker 4 latency: 356 us (50%) 412 us (75%) 460 us (95%) 476 us (99%).
I1126 14:11:48.352519 960002 AriaExecutor.h:649] Worker 5 latency: 354 us (50%) 411 us (75%) 460 us (95%) 475 us (99%).
I1126 14:11:48.487079 960002 AriaExecutor.h:649] Worker 6 latency: 359 us (50%) 413 us (75%) 461 us (95%) 476 us (99%).
I1126 14:11:48.628120 960002 AriaExecutor.h:649] Worker 7 latency: 357 us (50%) 412 us (75%) 460 us (95%) 475 us (99%).
I1126 14:11:48.761413 960002 AriaExecutor.h:649] Worker 8 latency: 358 us (50%) 413 us (75%) 461 us (95%) 476 us (99%).
I1126 14:11:48.897356 960002 AriaExecutor.h:649] Worker 9 latency: 358 us (50%) 413 us (75%) 460 us (95%) 476 us (99%).
I1126 14:11:49.035038 960002 AriaExecutor.h:649] Worker 10 latency: 359 us (50%) 414 us (75%) 461 us (95%) 476 us (99%).
I1126 14:11:49.171443 960002 AriaExecutor.h:649] Worker 11 latency: 359 us (50%) 414 us (75%) 460 us (95%) 476 us (99%).
I1126 14:11:49.307173 960002 Coordinator.h:177] total commit: 1.86414e+06
I1126 14:11:50.307281 960002 Coordinator.h:192] Coordinator exits.
