I0911 23:04:36.440289 2942399 Database.h:65] ycsb initialization finished in 147 milliseconds.
I0911 23:04:36.440407 2942399 Coordinator.h:30] Coordinator initializes 16 workers.
I0911 23:04:36.455665 2942399 Coordinator.h:77] Coordinator starts to run 17 workers.
I0911 23:04:36.455770 2942420 AriaExecutor.h:82] AriaExecutor 0 started. 
I0911 23:04:36.455789 2942421 AriaExecutor.h:82] AriaExecutor 1 started. 
I0911 23:04:36.455857 2942422 AriaExecutor.h:82] AriaExecutor 2 started. 
I0911 23:04:36.455890 2942423 AriaExecutor.h:82] AriaExecutor 3 started. 
I0911 23:04:36.455924 2942424 AriaExecutor.h:82] AriaExecutor 4 started. 
I0911 23:04:36.455960 2942425 AriaExecutor.h:82] AriaExecutor 5 started. 
I0911 23:04:36.455993 2942426 AriaExecutor.h:82] AriaExecutor 6 started. 
I0911 23:04:36.456027 2942427 AriaExecutor.h:82] AriaExecutor 7 started. 
I0911 23:04:36.456061 2942428 AriaExecutor.h:82] AriaExecutor 8 started. 
I0911 23:04:36.456090 2942429 AriaExecutor.h:82] AriaExecutor 9 started. 
I0911 23:04:36.456130 2942430 AriaExecutor.h:82] AriaExecutor 10 started. 
I0911 23:04:36.456156 2942431 AriaExecutor.h:82] AriaExecutor 11 started. 
I0911 23:04:36.456195 2942432 AriaExecutor.h:82] AriaExecutor 12 started. 
I0911 23:04:36.456221 2942433 AriaExecutor.h:82] AriaExecutor 13 started. 
I0911 23:04:36.456260 2942434 AriaExecutor.h:82] AriaExecutor 14 started. 
I0911 23:04:36.456291 2942435 AriaExecutor.h:82] AriaExecutor 15 started. 
I0911 23:04:36.456326 2942436 Manager.h:224] Manager(worker id = 16) on the coordinator node started.
I0911 23:04:37.456373 2942399 Coordinator.h:126] commit: 1742582 abort: 2314 (0/2314/0), network size: 0, avg network size: 0, si_in_serializable: 0 0 %, local: 0 %
I0911 23:04:38.456496 2942399 Coordinator.h:126] commit: 1722144 abort: 2272 (0/2272/0), network size: 0, avg network size: 0, si_in_serializable: 0 0 %, local: 0 %
I0911 23:04:39.456574 2942399 Coordinator.h:126] commit: 1642381 abort: 2163 (0/2163/0), network size: 0, avg network size: 0, si_in_serializable: 0 0 %, local: 0 %
I0911 23:04:40.456652 2942399 Coordinator.h:126] commit: 1691512 abort: 2184 (0/2184/0), network size: 0, avg network size: 0, si_in_serializable: 0 0 %, local: 0 %
I0911 23:04:41.456795 2942399 Coordinator.h:126] commit: 1716034 abort: 2238 (0/2238/0), network size: 0, avg network size: 0, si_in_serializable: 0 0 %, local: 0 %
I0911 23:04:42.456877 2942399 Coordinator.h:126] commit: 1738470 abort: 2330 (0/2330/0), network size: 0, avg network size: 0, si_in_serializable: 0 0 %, local: 0 %
I0911 23:04:43.456948 2942399 Coordinator.h:126] commit: 1754915 abort: 2269 (0/2269/0), network size: 0, avg network size: 0, si_in_serializable: 0 0 %, local: 0 %
I0911 23:04:44.457008 2942399 Coordinator.h:126] commit: 1744690 abort: 2254 (0/2254/0), network size: 0, avg network size: 0, si_in_serializable: 0 0 %, local: 0 %
I0911 23:04:45.457069 2942399 Coordinator.h:126] commit: 1758961 abort: 2319 (0/2319/0), network size: 0, avg network size: 0, si_in_serializable: 0 0 %, local: 0 %
I0911 23:04:46.457134 2942399 Coordinator.h:126] commit: 1697684 abort: 2156 (0/2156/0), network size: 0, avg network size: 0, si_in_serializable: 0 0 %, local: 0 %
I0911 23:04:47.457204 2942399 Coordinator.h:126] commit: 1746624 abort: 2368 (0/2368/0), network size: 0, avg network size: 0, si_in_serializable: 0 0 %, local: 0 %
I0911 23:04:48.457269 2942399 Coordinator.h:126] commit: 1693519 abort: 2225 (0/2225/0), network size: 0, avg network size: 0, si_in_serializable: 0 0 %, local: 0 %
I0911 23:04:49.457342 2942399 Coordinator.h:126] commit: 1752810 abort: 2326 (0/2326/0), network size: 0, avg network size: 0, si_in_serializable: 0 0 %, local: 0 %
I0911 23:04:50.457424 2942399 Coordinator.h:126] commit: 1707845 abort: 2235 (0/2235/0), network size: 0, avg network size: 0, si_in_serializable: 0 0 %, local: 0 %
I0911 23:04:51.457525 2942399 Coordinator.h:126] commit: 1740551 abort: 2297 (0/2297/0), network size: 0, avg network size: 0, si_in_serializable: 0 0 %, local: 0 %
I0911 23:04:52.457597 2942399 Coordinator.h:126] commit: 1750797 abort: 2291 (0/2291/0), network size: 0, avg network size: 0, si_in_serializable: 0 0 %, local: 0 %
I0911 23:04:53.457675 2942399 Coordinator.h:126] commit: 1746698 abort: 2294 (0/2294/0), network size: 0, avg network size: 0, si_in_serializable: 0 0 %, local: 0 %
I0911 23:04:54.457757 2942399 Coordinator.h:126] commit: 1750897 abort: 2191 (0/2191/0), network size: 0, avg network size: 0, si_in_serializable: 0 0 %, local: 0 %
I0911 23:04:55.457845 2942399 Coordinator.h:126] commit: 1752878 abort: 2258 (0/2258/0), network size: 0, avg network size: 0, si_in_serializable: 0 0 %, local: 0 %
I0911 23:04:56.457926 2942399 Coordinator.h:126] commit: 1628037 abort: 2171 (0/2171/0), network size: 0, avg network size: 0, si_in_serializable: 0 0 %, local: 0 %
I0911 23:04:57.457996 2942399 Coordinator.h:126] commit: 1740603 abort: 2245 (0/2245/0), network size: 0, avg network size: 0, si_in_serializable: 0 0 %, local: 0 %
I0911 23:04:58.458061 2942399 Coordinator.h:126] commit: 1744636 abort: 2308 (0/2308/0), network size: 0, avg network size: 0, si_in_serializable: 0 0 %, local: 0 %
I0911 23:04:59.458138 2942399 Coordinator.h:126] commit: 1740540 abort: 2308 (0/2308/0), network size: 0, avg network size: 0, si_in_serializable: 0 0 %, local: 0 %
I0911 23:05:00.458220 2942399 Coordinator.h:126] commit: 1744639 abort: 2305 (0/2305/0), network size: 0, avg network size: 0, si_in_serializable: 0 0 %, local: 0 %
I0911 23:05:01.458287 2942399 Coordinator.h:126] commit: 1732403 abort: 2253 (0/2253/0), network size: 0, avg network size: 0, si_in_serializable: 0 0 %, local: 0 %
I0911 23:05:01.458300 2942399 Coordinator.h:152] average commit: 1.72707e+06 abort: 2265.6 (0/2265.6/0), network size: 0, avg network size: 0, si_in_serializable: 0 0 %, local: 0 %
I0911 23:05:01.458685 2942435 AriaExecutor.h:94] AriaExecutor 15 exits. 
I0911 23:05:01.458690 2942427 AriaExecutor.h:94] AriaExecutor 7 exits. 
I0911 23:05:01.458696 2942424 AriaExecutor.h:94] AriaExecutor 4 exits. 
I0911 23:05:01.458688 2942425 AriaExecutor.h:94] AriaExecutor 5 exits. 
I0911 23:05:01.458694 2942430 AriaExecutor.h:94] AriaExecutor 10 exits. 
I0911 23:05:01.458707 2942436 Manager.h:227] Manager(worker id = 16) on the coordinator node exits.
I0911 23:05:01.458698 2942434 AriaExecutor.h:94] AriaExecutor 14 exits. 
I0911 23:05:01.458698 2942422 AriaExecutor.h:94] AriaExecutor 2 exits. 
I0911 23:05:01.458700 2942432 AriaExecutor.h:94] AriaExecutor 12 exits. 
I0911 23:05:01.458696 2942428 AriaExecutor.h:94] AriaExecutor 8 exits. 
I0911 23:05:01.458701 2942421 AriaExecutor.h:94] AriaExecutor 1 exits. 
I0911 23:05:01.458698 2942426 AriaExecutor.h:94] AriaExecutor 6 exits. 
I0911 23:05:01.458691 2942431 AriaExecutor.h:94] AriaExecutor 11 exits. 
I0911 23:05:01.458688 2942429 AriaExecutor.h:94] AriaExecutor 9 exits. 
I0911 23:05:01.458686 2942420 AriaExecutor.h:94] AriaExecutor 0 exits. 
I0911 23:05:01.458691 2942423 AriaExecutor.h:94] AriaExecutor 3 exits. 
I0911 23:05:01.458688 2942433 AriaExecutor.h:94] AriaExecutor 13 exits. 
I0911 23:05:01.458310 2942399 AriaExecutor.h:641] Worker 0 latency: 705 us (50%) 909 us (75%) 1076 us (95%) 1164 us (99%).
I0911 23:05:01.577077 2942399 AriaExecutor.h:641] Worker 1 latency: 702 us (50%) 907 us (75%) 1074 us (95%) 1161 us (99%).
I0911 23:05:01.678555 2942399 AriaExecutor.h:641] Worker 2 latency: 709 us (50%) 912 us (75%) 1076 us (95%) 1164 us (99%).
I0911 23:05:01.783952 2942399 AriaExecutor.h:641] Worker 3 latency: 704 us (50%) 908 us (75%) 1074 us (95%) 1161 us (99%).
I0911 23:05:01.885635 2942399 AriaExecutor.h:641] Worker 4 latency: 706 us (50%) 910 us (75%) 1076 us (95%) 1164 us (99%).
I0911 23:05:01.989948 2942399 AriaExecutor.h:641] Worker 5 latency: 702 us (50%) 907 us (75%) 1074 us (95%) 1161 us (99%).
I0911 23:05:02.090258 2942399 AriaExecutor.h:641] Worker 6 latency: 708 us (50%) 911 us (75%) 1076 us (95%) 1164 us (99%).
I0911 23:05:02.194693 2942399 AriaExecutor.h:641] Worker 7 latency: 703 us (50%) 908 us (75%) 1074 us (95%) 1161 us (99%).
I0911 23:05:02.296439 2942399 AriaExecutor.h:641] Worker 8 latency: 705 us (50%) 909 us (75%) 1075 us (95%) 1163 us (99%).
I0911 23:05:02.398890 2942399 AriaExecutor.h:641] Worker 9 latency: 701 us (50%) 906 us (75%) 1073 us (95%) 1161 us (99%).
I0911 23:05:02.499938 2942399 AriaExecutor.h:641] Worker 10 latency: 708 us (50%) 910 us (75%) 1075 us (95%) 1164 us (99%).
I0911 23:05:02.604460 2942399 AriaExecutor.h:641] Worker 11 latency: 703 us (50%) 907 us (75%) 1073 us (95%) 1161 us (99%).
I0911 23:05:02.707897 2942399 AriaExecutor.h:641] Worker 12 latency: 710 us (50%) 911 us (75%) 1076 us (95%) 1163 us (99%).
I0911 23:05:02.811080 2942399 AriaExecutor.h:641] Worker 13 latency: 702 us (50%) 907 us (75%) 1074 us (95%) 1161 us (99%).
I0911 23:05:02.910998 2942399 AriaExecutor.h:641] Worker 14 latency: 710 us (50%) 911 us (75%) 1075 us (95%) 1163 us (99%).
I0911 23:05:03.012812 2942399 AriaExecutor.h:641] Worker 15 latency: 705 us (50%) 908 us (75%) 1074 us (95%) 1161 us (99%).
I0911 23:05:03.115592 2942399 Coordinator.h:177] total commit: 1.72707e+06
I0911 23:05:04.115715 2942399 Coordinator.h:192] Coordinator exits.
