I0911 23:32:57.370944 2947865 Database.h:65] ycsb initialization finished in 179 milliseconds.
I0911 23:32:57.371057 2947865 Coordinator.h:30] Coordinator initializes 16 workers.
I0911 23:32:57.492245 2947865 Coordinator.h:77] Coordinator starts to run 17 workers.
I0911 23:32:57.492307 2947885 AriaExecutor.h:82] AriaExecutor 0 started. 
I0911 23:32:57.492341 2947886 AriaExecutor.h:82] AriaExecutor 1 started. 
I0911 23:32:57.492389 2947887 AriaExecutor.h:82] AriaExecutor 2 started. 
I0911 23:32:57.492431 2947888 AriaExecutor.h:82] AriaExecutor 3 started. 
I0911 23:32:57.492461 2947889 AriaExecutor.h:82] AriaExecutor 4 started. 
I0911 23:32:57.492502 2947890 AriaExecutor.h:82] AriaExecutor 5 started. 
I0911 23:32:57.492532 2947891 AriaExecutor.h:82] AriaExecutor 6 started. 
I0911 23:32:57.492573 2947892 AriaExecutor.h:82] AriaExecutor 7 started. 
I0911 23:32:57.492609 2947893 AriaExecutor.h:82] AriaExecutor 8 started. 
I0911 23:32:57.492668 2947894 AriaExecutor.h:82] AriaExecutor 9 started. 
I0911 23:32:57.492695 2947895 AriaExecutor.h:82] AriaExecutor 10 started. 
I0911 23:32:57.492736 2947896 AriaExecutor.h:82] AriaExecutor 11 started. 
I0911 23:32:57.492770 2947897 AriaExecutor.h:82] AriaExecutor 12 started. 
I0911 23:32:57.492810 2947898 AriaExecutor.h:82] AriaExecutor 13 started. 
I0911 23:32:57.492851 2947899 AriaExecutor.h:82] AriaExecutor 14 started. 
I0911 23:32:57.492892 2947900 AriaExecutor.h:82] AriaExecutor 15 started. 
I0911 23:32:57.492939 2947901 Manager.h:224] Manager(worker id = 16) on the coordinator node started.
I0911 23:32:58.492993 2947865 Coordinator.h:126] commit: 7994 abort: 136006 (0/136006/0), network size: 0, avg network size: 0, si_in_serializable: 0 0 %, local: 0 %
I0911 23:32:59.493171 2947865 Coordinator.h:126] commit: 8129 abort: 135871 (0/135871/0), network size: 0, avg network size: 0, si_in_serializable: 0 0 %, local: 0 %
I0911 23:33:00.493283 2947865 Coordinator.h:126] commit: 9831 abort: 166169 (0/166169/0), network size: 0, avg network size: 0, si_in_serializable: 0 0 %, local: 0 %
I0911 23:33:01.493378 2947865 Coordinator.h:126] commit: 8945 abort: 151055 (0/151055/0), network size: 0, avg network size: 0, si_in_serializable: 0 0 %, local: 0 %
I0911 23:33:02.493464 2947865 Coordinator.h:126] commit: 8962 abort: 151038 (0/151038/0), network size: 0, avg network size: 0, si_in_serializable: 0 0 %, local: 0 %
I0911 23:33:03.493582 2947865 Coordinator.h:126] commit: 9811 abort: 166189 (0/166189/0), network size: 0, avg network size: 0, si_in_serializable: 0 0 %, local: 0 %
I0911 23:33:04.493680 2947865 Coordinator.h:126] commit: 9083 abort: 150917 (0/150917/0), network size: 0, avg network size: 0, si_in_serializable: 0 0 %, local: 0 %
I0911 23:33:05.493759 2947865 Coordinator.h:126] commit: 9851 abort: 166149 (0/166149/0), network size: 0, avg network size: 0, si_in_serializable: 0 0 %, local: 0 %
I0911 23:33:06.493839 2947865 Coordinator.h:126] commit: 9870 abort: 166130 (0/166130/0), network size: 0, avg network size: 0, si_in_serializable: 0 0 %, local: 0 %
I0911 23:33:07.493927 2947865 Coordinator.h:126] commit: 9852 abort: 166148 (0/166148/0), network size: 0, avg network size: 0, si_in_serializable: 0 0 %, local: 0 %
I0911 23:33:08.494009 2947865 Coordinator.h:126] commit: 9011 abort: 150989 (0/150989/0), network size: 0, avg network size: 0, si_in_serializable: 0 0 %, local: 0 %
I0911 23:33:09.494094 2947865 Coordinator.h:126] commit: 9833 abort: 166167 (0/166167/0), network size: 0, avg network size: 0, si_in_serializable: 0 0 %, local: 0 %
I0911 23:33:10.494189 2947865 Coordinator.h:126] commit: 9796 abort: 166204 (0/166204/0), network size: 0, avg network size: 0, si_in_serializable: 0 0 %, local: 0 %
I0911 23:33:11.494294 2947865 Coordinator.h:126] commit: 9485 abort: 151086 (0/151086/0), network size: 0, avg network size: 0, si_in_serializable: 0 0 %, local: 0 %
I0911 23:33:12.494391 2947865 Coordinator.h:126] commit: 9500 abort: 165929 (0/165929/0), network size: 0, avg network size: 0, si_in_serializable: 0 0 %, local: 0 %
I0911 23:33:13.494485 2947865 Coordinator.h:126] commit: 9905 abort: 166095 (0/166095/0), network size: 0, avg network size: 0, si_in_serializable: 0 0 %, local: 0 %
I0911 23:33:14.494562 2947865 Coordinator.h:126] commit: 9777 abort: 166223 (0/166223/0), network size: 0, avg network size: 0, si_in_serializable: 0 0 %, local: 0 %
I0911 23:33:15.494637 2947865 Coordinator.h:126] commit: 10031 abort: 165969 (0/165969/0), network size: 0, avg network size: 0, si_in_serializable: 0 0 %, local: 0 %
I0911 23:33:16.494715 2947865 Coordinator.h:126] commit: 9921 abort: 166079 (0/166079/0), network size: 0, avg network size: 0, si_in_serializable: 0 0 %, local: 0 %
I0911 23:33:17.494798 2947865 Coordinator.h:126] commit: 9897 abort: 166103 (0/166103/0), network size: 0, avg network size: 0, si_in_serializable: 0 0 %, local: 0 %
I0911 23:33:18.494879 2947865 Coordinator.h:126] commit: 9879 abort: 166121 (0/166121/0), network size: 0, avg network size: 0, si_in_serializable: 0 0 %, local: 0 %
I0911 23:33:19.494963 2947865 Coordinator.h:126] commit: 9944 abort: 166056 (0/166056/0), network size: 0, avg network size: 0, si_in_serializable: 0 0 %, local: 0 %
I0911 23:33:20.495055 2947865 Coordinator.h:126] commit: 9853 abort: 166147 (0/166147/0), network size: 0, avg network size: 0, si_in_serializable: 0 0 %, local: 0 %
I0911 23:33:21.495146 2947865 Coordinator.h:126] commit: 9941 abort: 166059 (0/166059/0), network size: 0, avg network size: 0, si_in_serializable: 0 0 %, local: 0 %
I0911 23:33:22.495260 2947865 Coordinator.h:126] commit: 9855 abort: 166145 (0/166145/0), network size: 0, avg network size: 0, si_in_serializable: 0 0 %, local: 0 %
I0911 23:33:22.495316 2947865 Coordinator.h:152] average commit: 9715.6 abort: 163084 (0/163084/0), network size: 0, avg network size: 0, si_in_serializable: 0 0 %, local: 0 %
I0911 23:33:22.495325 2947865 AriaExecutor.h:641] Worker 0 latency: 89450 us (50%) 91332 us (75%) 102451 us (95%) 114956 us (99%).
I0911 23:33:22.585544 2947895 AriaExecutor.h:94] AriaExecutor 10 exits. 
I0911 23:33:22.585561 2947896 AriaExecutor.h:94] AriaExecutor 11 exits. 
I0911 23:33:22.585547 2947893 AriaExecutor.h:94] AriaExecutor 8 exits. 
I0911 23:33:22.585561 2947886 AriaExecutor.h:94] AriaExecutor 1 exits. 
I0911 23:33:22.585549 2947891 AriaExecutor.h:94] AriaExecutor 6 exits. 
I0911 23:33:22.585549 2947885 AriaExecutor.h:94] AriaExecutor 0 exits. 
I0911 23:33:22.585547 2947899 AriaExecutor.h:94] AriaExecutor 14 exits. 
I0911 23:33:22.585546 2947897 AriaExecutor.h:94] AriaExecutor 12 exits. 
I0911 23:33:22.585561 2947900 AriaExecutor.h:94] AriaExecutor 15 exits. 
I0911 23:33:22.585561 2947894 AriaExecutor.h:94] AriaExecutor 9 exits. 
I0911 23:33:22.585561 2947892 AriaExecutor.h:94] AriaExecutor 7 exits. 
I0911 23:33:22.585561 2947898 AriaExecutor.h:94] AriaExecutor 13 exits. 
I0911 23:33:22.585561 2947888 AriaExecutor.h:94] AriaExecutor 3 exits. 
I0911 23:33:22.585546 2947887 AriaExecutor.h:94] AriaExecutor 2 exits. 
I0911 23:33:22.585566 2947901 Manager.h:227] Manager(worker id = 16) on the coordinator node exits.
I0911 23:33:22.585565 2947890 AriaExecutor.h:94] AriaExecutor 5 exits. 
I0911 23:33:22.585544 2947889 AriaExecutor.h:94] AriaExecutor 4 exits. 
I0911 23:33:22.585949 2947865 AriaExecutor.h:641] Worker 1 latency: 89414 us (50%) 91264 us (75%) 102638 us (95%) 115119 us (99%).
I0911 23:33:22.586750 2947865 AriaExecutor.h:641] Worker 2 latency: 89449 us (50%) 91335 us (75%) 103049 us (95%) 115295 us (99%).
I0911 23:33:22.587468 2947865 AriaExecutor.h:641] Worker 3 latency: 89436 us (50%) 91288 us (75%) 102438 us (95%) 114923 us (99%).
I0911 23:33:22.588207 2947865 AriaExecutor.h:641] Worker 4 latency: 89446 us (50%) 91282 us (75%) 102926 us (95%) 115169 us (99%).
I0911 23:33:22.588958 2947865 AriaExecutor.h:641] Worker 5 latency: 89412 us (50%) 91314 us (75%) 102531 us (95%) 115244 us (99%).
I0911 23:33:22.589740 2947865 AriaExecutor.h:641] Worker 6 latency: 89426 us (50%) 91260 us (75%) 102564 us (95%) 114969 us (99%).
I0911 23:33:22.590454 2947865 AriaExecutor.h:641] Worker 7 latency: 89437 us (50%) 91274 us (75%) 102790 us (95%) 114830 us (99%).
I0911 23:33:22.591180 2947865 AriaExecutor.h:641] Worker 8 latency: 89422 us (50%) 91233 us (75%) 102428 us (95%) 114674 us (99%).
I0911 23:33:22.591899 2947865 AriaExecutor.h:641] Worker 9 latency: 89403 us (50%) 91263 us (75%) 102991 us (95%) 115133 us (99%).
I0911 23:33:22.592628 2947865 AriaExecutor.h:641] Worker 10 latency: 89422 us (50%) 91249 us (75%) 102270 us (95%) 114751 us (99%).
I0911 23:33:22.593353 2947865 AriaExecutor.h:641] Worker 11 latency: 89423 us (50%) 91282 us (75%) 102642 us (95%) 115268 us (99%).
I0911 23:33:22.594085 2947865 AriaExecutor.h:641] Worker 12 latency: 89416 us (50%) 91272 us (75%) 102559 us (95%) 114841 us (99%).
I0911 23:33:22.594795 2947865 AriaExecutor.h:641] Worker 13 latency: 89419 us (50%) 91255 us (75%) 102865 us (95%) 115192 us (99%).
I0911 23:33:22.595548 2947865 AriaExecutor.h:641] Worker 14 latency: 89424 us (50%) 91212 us (75%) 102538 us (95%) 114646 us (99%).
I0911 23:33:22.596253 2947865 AriaExecutor.h:641] Worker 15 latency: 89432 us (50%) 91270 us (75%) 102988 us (95%) 114694 us (99%).
I0911 23:33:22.597002 2947865 Coordinator.h:177] total commit: 9715.6
I0911 23:33:23.597116 2947865 Coordinator.h:192] Coordinator exits.
