I1126 17:14:51.795898 1051742 Database.h:65] ycsb initialization finished in 30 milliseconds.
I1126 17:14:51.795998 1051742 Coordinator.h:30] Coordinator initializes 12 workers.
I1126 17:14:51.802837 1051742 Coordinator.h:77] Coordinator starts to run 13 workers.
I1126 17:14:51.802891 1051758 AriaExecutor.h:91] AriaExecutor 0 started. 
I1126 17:14:51.802919 1051759 AriaExecutor.h:91] AriaExecutor 1 started. 
I1126 17:14:51.802961 1051760 AriaExecutor.h:91] AriaExecutor 2 started. 
I1126 17:14:51.803011 1051761 AriaExecutor.h:91] AriaExecutor 3 started. 
I1126 17:14:51.803084 1051763 AriaExecutor.h:91] AriaExecutor 5 started. 
I1126 17:14:51.803128 1051764 AriaExecutor.h:91] AriaExecutor 6 started. 
I1126 17:14:51.803165 1051765 AriaExecutor.h:91] AriaExecutor 7 started. 
I1126 17:14:51.803197 1051766 AriaExecutor.h:91] AriaExecutor 8 started. 
I1126 17:14:51.803246 1051767 AriaExecutor.h:91] AriaExecutor 9 started. 
I1126 17:14:51.803283 1051768 AriaExecutor.h:91] AriaExecutor 10 started. 
I1126 17:14:51.803329 1051769 AriaExecutor.h:91] AriaExecutor 11 started. 
I1126 17:14:51.803364 1051762 AriaExecutor.h:91] AriaExecutor 4 started. 
I1126 17:14:51.803372 1051770 Manager.h:224] Manager(worker id = 12) on the coordinator node started.
I1126 17:14:52.803437 1051742 Coordinator.h:126] commit: 1783178 abort: 116822 (0/116822/0), network size: 0, avg network size: 0, si_in_serializable: 0 0 %, local: 0 %
I1126 17:14:53.803560 1051742 Coordinator.h:126] commit: 1774680 abort: 115320 (0/115320/0), network size: 0, avg network size: 0, si_in_serializable: 0 0 %, local: 0 %
I1126 17:14:54.803685 1051742 Coordinator.h:126] commit: 1792774 abort: 117226 (0/117226/0), network size: 0, avg network size: 0, si_in_serializable: 0 0 %, local: 0 %
I1126 17:14:55.803777 1051742 Coordinator.h:126] commit: 1793639 abort: 117082 (0/117082/0), network size: 0, avg network size: 0, si_in_serializable: 0 0 %, local: 0 %
I1126 17:14:56.803879 1051742 Coordinator.h:126] commit: 1811067 abort: 118211 (0/118211/0), network size: 0, avg network size: 0, si_in_serializable: 0 0 %, local: 0 %
I1126 17:14:57.803972 1051742 Coordinator.h:126] commit: 1802134 abort: 117866 (0/117866/0), network size: 0, avg network size: 0, si_in_serializable: 0 0 %, local: 0 %
I1126 17:14:58.804070 1051742 Coordinator.h:126] commit: 1792351 abort: 117649 (0/117649/0), network size: 0, avg network size: 0, si_in_serializable: 0 0 %, local: 0 %
I1126 17:14:59.804157 1051742 Coordinator.h:126] commit: 1764398 abort: 115602 (0/115602/0), network size: 0, avg network size: 0, si_in_serializable: 0 0 %, local: 0 %
I1126 17:15:00.804286 1051742 Coordinator.h:126] commit: 1801585 abort: 118415 (0/118415/0), network size: 0, avg network size: 0, si_in_serializable: 0 0 %, local: 0 %
I1126 17:15:01.804386 1051742 Coordinator.h:126] commit: 1812055 abort: 117945 (0/117945/0), network size: 0, avg network size: 0, si_in_serializable: 0 0 %, local: 0 %
I1126 17:15:02.804486 1051742 Coordinator.h:126] commit: 1811583 abort: 118417 (0/118417/0), network size: 0, avg network size: 0, si_in_serializable: 0 0 %, local: 0 %
I1126 17:15:03.804571 1051742 Coordinator.h:126] commit: 1802475 abort: 117525 (0/117525/0), network size: 0, avg network size: 0, si_in_serializable: 0 0 %, local: 0 %
I1126 17:15:04.804666 1051742 Coordinator.h:126] commit: 1814908 abort: 118543 (0/118543/0), network size: 0, avg network size: 0, si_in_serializable: 0 0 %, local: 0 %
I1126 17:15:05.804752 1051742 Coordinator.h:126] commit: 1789408 abort: 117141 (0/117141/0), network size: 0, avg network size: 0, si_in_serializable: 0 0 %, local: 0 %
I1126 17:15:06.804848 1051742 Coordinator.h:126] commit: 1736437 abort: 113563 (0/113563/0), network size: 0, avg network size: 0, si_in_serializable: 0 0 %, local: 0 %
I1126 17:15:07.804929 1051742 Coordinator.h:126] commit: 1811989 abort: 118011 (0/118011/0), network size: 0, avg network size: 0, si_in_serializable: 0 0 %, local: 0 %
I1126 17:15:08.805006 1051742 Coordinator.h:126] commit: 1801672 abort: 118328 (0/118328/0), network size: 0, avg network size: 0, si_in_serializable: 0 0 %, local: 0 %
I1126 17:15:09.805088 1051742 Coordinator.h:126] commit: 1820720 abort: 119280 (0/119280/0), network size: 0, avg network size: 0, si_in_serializable: 0 0 %, local: 0 %
I1126 17:15:10.805166 1051742 Coordinator.h:126] commit: 1802177 abort: 117823 (0/117823/0), network size: 0, avg network size: 0, si_in_serializable: 0 0 %, local: 0 %
I1126 17:15:11.805246 1051742 Coordinator.h:126] commit: 1802337 abort: 117663 (0/117663/0), network size: 0, avg network size: 0, si_in_serializable: 0 0 %, local: 0 %
I1126 17:15:12.805333 1051742 Coordinator.h:126] commit: 1811765 abort: 118235 (0/118235/0), network size: 0, avg network size: 0, si_in_serializable: 0 0 %, local: 0 %
I1126 17:15:13.805434 1051742 Coordinator.h:126] commit: 1811342 abort: 118658 (0/118658/0), network size: 0, avg network size: 0, si_in_serializable: 0 0 %, local: 0 %
I1126 17:15:14.805523 1051742 Coordinator.h:126] commit: 1811767 abort: 118233 (0/118233/0), network size: 0, avg network size: 0, si_in_serializable: 0 0 %, local: 0 %
I1126 17:15:15.805624 1051742 Coordinator.h:126] commit: 1811771 abort: 118229 (0/118229/0), network size: 0, avg network size: 0, si_in_serializable: 0 0 %, local: 0 %
I1126 17:15:16.805707 1051742 Coordinator.h:126] commit: 1783692 abort: 116308 (0/116308/0), network size: 0, avg network size: 0, si_in_serializable: 0 0 %, local: 0 %
I1126 17:15:16.805730 1051742 Coordinator.h:152] average commit: 1.79937e+06 abort: 117629 (0/117629/0), network size: 0, avg network size: 0, si_in_serializable: 0 0 %, local: 0 %
I1126 17:15:16.808293 1051760 AriaExecutor.h:103] AriaExecutor 2 exits. 
I1126 17:15:16.808300 1051762 AriaExecutor.h:103] AriaExecutor 4 exits. 
I1126 17:15:16.808298 1051768 AriaExecutor.h:103] AriaExecutor 10 exits. 
I1126 17:15:16.808298 1051764 AriaExecutor.h:103] AriaExecutor 6 exits. 
I1126 17:15:16.808311 1051759 AriaExecutor.h:103] AriaExecutor 1 exits. 
I1126 17:15:16.808310 1051761 AriaExecutor.h:103] AriaExecutor 3 exits. 
I1126 17:15:16.808310 1051769 AriaExecutor.h:103] AriaExecutor 11 exits. 
I1126 17:15:16.808311 1051767 AriaExecutor.h:103] AriaExecutor 9 exits. 
I1126 17:15:16.808300 1051758 AriaExecutor.h:103] AriaExecutor 0 exits. 
I1126 17:15:16.808300 1051766 AriaExecutor.h:103] AriaExecutor 8 exits. 
I1126 17:15:16.808310 1051765 AriaExecutor.h:103] AriaExecutor 7 exits. 
I1126 17:15:16.808313 1051763 AriaExecutor.h:103] AriaExecutor 5 exits. 
I1126 17:15:16.808295 1051770 Manager.h:227] Manager(worker id = 12) on the coordinator node exits.
I1126 17:15:16.805739 1051742 AriaExecutor.h:621] Worker 0 latency: 3656 us (50%) 4145 us (75%) 4535 us (95%) 4643 us (99%).
I1126 17:15:16.948817 1051742 AriaExecutor.h:621] Worker 1 latency: 3621 us (50%) 4127 us (75%) 4529 us (95%) 4638 us (99%).
I1126 17:15:17.107458 1051742 AriaExecutor.h:621] Worker 2 latency: 3665 us (50%) 4150 us (75%) 4534 us (95%) 4641 us (99%).
I1126 17:15:17.252329 1051742 AriaExecutor.h:621] Worker 3 latency: 3611 us (50%) 4123 us (75%) 4527 us (95%) 4637 us (99%).
I1126 17:15:17.412621 1051742 AriaExecutor.h:621] Worker 4 latency: 3642 us (50%) 4138 us (75%) 4532 us (95%) 4640 us (99%).
I1126 17:15:17.559157 1051742 AriaExecutor.h:621] Worker 5 latency: 3618 us (50%) 4126 us (75%) 4529 us (95%) 4638 us (99%).
I1126 17:15:17.719609 1051742 AriaExecutor.h:621] Worker 6 latency: 3643 us (50%) 4138 us (75%) 4531 us (95%) 4639 us (99%).
I1126 17:15:17.867580 1051742 AriaExecutor.h:621] Worker 7 latency: 3614 us (50%) 4123 us (75%) 4527 us (95%) 4636 us (99%).
I1126 17:15:18.026567 1051742 AriaExecutor.h:621] Worker 8 latency: 3649 us (50%) 4143 us (75%) 4534 us (95%) 4642 us (99%).
I1126 17:15:18.172894 1051742 AriaExecutor.h:621] Worker 9 latency: 3610 us (50%) 4122 us (75%) 4528 us (95%) 4638 us (99%).
I1126 17:15:18.337222 1051742 AriaExecutor.h:621] Worker 10 latency: 3670 us (50%) 4153 us (75%) 4536 us (95%) 4643 us (99%).
I1126 17:15:18.483348 1051742 AriaExecutor.h:621] Worker 11 latency: 3597 us (50%) 4115 us (75%) 4525 us (95%) 4635 us (99%).
I1126 17:15:18.642426 1051742 Coordinator.h:177] total commit: 1.79937e+06
I1126 17:15:19.642544 1051742 Coordinator.h:192] Coordinator exits.
