I0912 00:11:40.823452 2955160 Database.h:65] ycsb initialization finished in 146 milliseconds.
I0912 00:11:40.823571 2955160 Coordinator.h:30] Coordinator initializes 16 workers.
I0912 00:11:40.831354 2955160 Coordinator.h:77] Coordinator starts to run 17 workers.
I0912 00:11:40.831446 2955181 AriaExecutor.h:82] AriaExecutor 0 started. 
I0912 00:11:40.831466 2955182 AriaExecutor.h:82] AriaExecutor 1 started. 
I0912 00:11:40.831521 2955183 AriaExecutor.h:82] AriaExecutor 2 started. 
I0912 00:11:40.831560 2955184 AriaExecutor.h:82] AriaExecutor 3 started. 
I0912 00:11:40.831595 2955185 AriaExecutor.h:82] AriaExecutor 4 started. 
I0912 00:11:40.831626 2955186 AriaExecutor.h:82] AriaExecutor 5 started. 
I0912 00:11:40.831665 2955187 AriaExecutor.h:82] AriaExecutor 6 started. 
I0912 00:11:40.831705 2955188 AriaExecutor.h:82] AriaExecutor 7 started. 
I0912 00:11:40.831743 2955189 AriaExecutor.h:82] AriaExecutor 8 started. 
I0912 00:11:40.831773 2955190 AriaExecutor.h:82] AriaExecutor 9 started. 
I0912 00:11:40.831811 2955191 AriaExecutor.h:82] AriaExecutor 10 started. 
I0912 00:11:40.831843 2955192 AriaExecutor.h:82] AriaExecutor 11 started. 
I0912 00:11:40.831880 2955193 AriaExecutor.h:82] AriaExecutor 12 started. 
I0912 00:11:40.831920 2955194 AriaExecutor.h:82] AriaExecutor 13 started. 
I0912 00:11:40.831960 2955195 AriaExecutor.h:82] AriaExecutor 14 started. 
I0912 00:11:40.831985 2955196 AriaExecutor.h:82] AriaExecutor 15 started. 
I0912 00:11:40.832024 2955197 Manager.h:224] Manager(worker id = 16) on the coordinator node started.
I0912 00:11:41.832072 2955160 Coordinator.h:126] commit: 12176 abort: 317552 (0/317552/0), network size: 0, avg network size: 0, si_in_serializable: 0 0 %, local: 0 %
I0912 00:11:42.832187 2955160 Coordinator.h:126] commit: 12061 abort: 317667 (0/317667/0), network size: 0, avg network size: 0, si_in_serializable: 0 0 %, local: 0 %
I0912 00:11:43.832263 2955160 Coordinator.h:126] commit: 11848 abort: 307640 (0/307640/0), network size: 0, avg network size: 0, si_in_serializable: 0 0 %, local: 0 %
I0912 00:11:44.832348 2955160 Coordinator.h:126] commit: 11900 abort: 311684 (0/311684/0), network size: 0, avg network size: 0, si_in_serializable: 0 0 %, local: 0 %
I0912 00:11:45.832499 2955160 Coordinator.h:126] commit: 12374 abort: 324522 (0/324522/0), network size: 0, avg network size: 0, si_in_serializable: 0 0 %, local: 0 %
I0912 00:11:46.832602 2955160 Coordinator.h:126] commit: 12515 abort: 326429 (0/326429/0), network size: 0, avg network size: 0, si_in_serializable: 0 0 %, local: 0 %
I0912 00:11:47.832674 2955160 Coordinator.h:126] commit: 12510 abort: 327458 (0/327458/0), network size: 0, avg network size: 0, si_in_serializable: 0 0 %, local: 0 %
I0912 00:11:48.832741 2955160 Coordinator.h:126] commit: 12520 abort: 324376 (0/324376/0), network size: 0, avg network size: 0, si_in_serializable: 0 0 %, local: 0 %
I0912 00:11:49.832823 2955160 Coordinator.h:126] commit: 12412 abort: 326532 (0/326532/0), network size: 0, avg network size: 0, si_in_serializable: 0 0 %, local: 0 %
I0912 00:11:50.832892 2955160 Coordinator.h:126] commit: 12323 abort: 317405 (0/317405/0), network size: 0, avg network size: 0, si_in_serializable: 0 0 %, local: 0 %
I0912 00:11:51.832965 2955160 Coordinator.h:126] commit: 12122 abort: 319654 (0/319654/0), network size: 0, avg network size: 0, si_in_serializable: 0 0 %, local: 0 %
I0912 00:11:52.833057 2955160 Coordinator.h:126] commit: 12429 abort: 326515 (0/326515/0), network size: 0, avg network size: 0, si_in_serializable: 0 0 %, local: 0 %
I0912 00:11:53.833137 2955160 Coordinator.h:126] commit: 12652 abort: 327316 (0/327316/0), network size: 0, avg network size: 0, si_in_serializable: 0 0 %, local: 0 %
I0912 00:11:54.833222 2955160 Coordinator.h:126] commit: 12634 abort: 328358 (0/328358/0), network size: 0, avg network size: 0, si_in_serializable: 0 0 %, local: 0 %
I0912 00:11:55.833309 2955160 Coordinator.h:126] commit: 12637 abort: 327331 (0/327331/0), network size: 0, avg network size: 0, si_in_serializable: 0 0 %, local: 0 %
I0912 00:11:56.833388 2955160 Coordinator.h:126] commit: 12554 abort: 328438 (0/328438/0), network size: 0, avg network size: 0, si_in_serializable: 0 0 %, local: 0 %
I0912 00:11:57.833456 2955160 Coordinator.h:126] commit: 12605 abort: 327363 (0/327363/0), network size: 0, avg network size: 0, si_in_serializable: 0 0 %, local: 0 %
I0912 00:11:58.833537 2955160 Coordinator.h:126] commit: 12451 abort: 326493 (0/326493/0), network size: 0, avg network size: 0, si_in_serializable: 0 0 %, local: 0 %
I0912 00:11:59.833614 2955160 Coordinator.h:126] commit: 12537 abort: 327431 (0/327431/0), network size: 0, avg network size: 0, si_in_serializable: 0 0 %, local: 0 %
I0912 00:12:00.833700 2955160 Coordinator.h:126] commit: 12528 abort: 328464 (0/328464/0), network size: 0, avg network size: 0, si_in_serializable: 0 0 %, local: 0 %
I0912 00:12:01.833781 2955160 Coordinator.h:126] commit: 12654 abort: 327314 (0/327314/0), network size: 0, avg network size: 0, si_in_serializable: 0 0 %, local: 0 %
I0912 00:12:02.833855 2955160 Coordinator.h:126] commit: 12299 abort: 321525 (0/321525/0), network size: 0, avg network size: 0, si_in_serializable: 0 0 %, local: 0 %
I0912 00:12:03.833926 2955160 Coordinator.h:126] commit: 12327 abort: 321497 (0/321497/0), network size: 0, avg network size: 0, si_in_serializable: 0 0 %, local: 0 %
I0912 00:12:04.834031 2955160 Coordinator.h:126] commit: 12390 abort: 325530 (0/325530/0), network size: 0, avg network size: 0, si_in_serializable: 0 0 %, local: 0 %
I0912 00:12:05.834122 2955160 Coordinator.h:126] commit: 12533 abort: 327435 (0/327435/0), network size: 0, avg network size: 0, si_in_serializable: 0 0 %, local: 0 %
I0912 00:12:05.834139 2955160 Coordinator.h:152] average commit: 12514.9 abort: 326736 (0/326736/0), network size: 0, avg network size: 0, si_in_serializable: 0 0 %, local: 0 %
I0912 00:12:05.834148 2955160 AriaExecutor.h:641] Worker 0 latency: 2948 us (50%) 2986 us (75%) 3046 us (95%) 3191 us (99%).
I0912 00:12:05.837108 2955181 AriaExecutor.h:94] AriaExecutor 0 exits. 
I0912 00:12:05.837131 2955192 AriaExecutor.h:94] AriaExecutor 11 exits. 
I0912 00:12:05.837121 2955191 AriaExecutor.h:94] AriaExecutor 10 exits. 
I0912 00:12:05.837116 2955184 AriaExecutor.h:94] AriaExecutor 3 exits. 
I0912 00:12:05.837116 2955188 AriaExecutor.h:94] AriaExecutor 7 exits. 
I0912 00:12:05.837117 2955190 AriaExecutor.h:94] AriaExecutor 9 exits. 
I0912 00:12:05.837116 2955186 AriaExecutor.h:94] AriaExecutor 5 exits. 
I0912 00:12:05.837122 2955193 AriaExecutor.h:94] AriaExecutor 12 exits. 
I0912 00:12:05.837122 2955195 AriaExecutor.h:94] AriaExecutor 14 exits. 
I0912 00:12:05.837122 2955185 AriaExecutor.h:94] AriaExecutor 4 exits. 
I0912 00:12:05.837124 2955182 AriaExecutor.h:94] AriaExecutor 1 exits. 
I0912 00:12:05.837131 2955197 Manager.h:227] Manager(worker id = 16) on the coordinator node exits.
I0912 00:12:05.837111 2955196 AriaExecutor.h:94] AriaExecutor 15 exits. 
I0912 00:12:05.837133 2955183 AriaExecutor.h:94] AriaExecutor 2 exits. 
I0912 00:12:05.837133 2955189 AriaExecutor.h:94] AriaExecutor 8 exits. 
I0912 00:12:05.837134 2955187 AriaExecutor.h:94] AriaExecutor 6 exits. 
I0912 00:12:05.837109 2955194 AriaExecutor.h:94] AriaExecutor 13 exits. 
I0912 00:12:05.837432 2955160 AriaExecutor.h:641] Worker 1 latency: 2946 us (50%) 2985 us (75%) 3046 us (95%) 3219 us (99%).
I0912 00:12:05.838591 2955160 AriaExecutor.h:641] Worker 2 latency: 2946 us (50%) 2985 us (75%) 3045 us (95%) 3179 us (99%).
I0912 00:12:05.839676 2955160 AriaExecutor.h:641] Worker 3 latency: 2942 us (50%) 2983 us (75%) 3043 us (95%) 3164 us (99%).
I0912 00:12:05.840719 2955160 AriaExecutor.h:641] Worker 4 latency: 2941 us (50%) 2984 us (75%) 3045 us (95%) 3183 us (99%).
I0912 00:12:05.841811 2955160 AriaExecutor.h:641] Worker 5 latency: 2939 us (50%) 2982 us (75%) 3043 us (95%) 3194 us (99%).
I0912 00:12:05.842797 2955160 AriaExecutor.h:641] Worker 6 latency: 2937 us (50%) 2982 us (75%) 3042 us (95%) 3170 us (99%).
I0912 00:12:05.843779 2955160 AriaExecutor.h:641] Worker 7 latency: 2934 us (50%) 2981 us (75%) 3039 us (95%) 3139 us (99%).
I0912 00:12:05.844738 2955160 AriaExecutor.h:641] Worker 8 latency: 2933 us (50%) 2981 us (75%) 3043 us (95%) 3207 us (99%).
I0912 00:12:05.845681 2955160 AriaExecutor.h:641] Worker 9 latency: 2931 us (50%) 2980 us (75%) 3041 us (95%) 3164 us (99%).
I0912 00:12:05.846593 2955160 AriaExecutor.h:641] Worker 10 latency: 2931 us (50%) 2980 us (75%) 3040 us (95%) 3159 us (99%).
I0912 00:12:05.847479 2955160 AriaExecutor.h:641] Worker 11 latency: 2928 us (50%) 2978 us (75%) 3038 us (95%) 3181 us (99%).
I0912 00:12:05.848335 2955160 AriaExecutor.h:641] Worker 12 latency: 2927 us (50%) 2979 us (75%) 3039 us (95%) 3166 us (99%).
I0912 00:12:05.849180 2955160 AriaExecutor.h:641] Worker 13 latency: 2919 us (50%) 2977 us (75%) 3037 us (95%) 3156 us (99%).
I0912 00:12:05.850023 2955160 AriaExecutor.h:641] Worker 14 latency: 2922 us (50%) 2977 us (75%) 3037 us (95%) 3150 us (99%).
I0912 00:12:05.850903 2955160 AriaExecutor.h:641] Worker 15 latency: 2917 us (50%) 2975 us (75%) 3035 us (95%) 3139 us (99%).
I0912 00:12:05.851704 2955160 Coordinator.h:177] total commit: 12514.9
I0912 00:12:06.851811 2955160 Coordinator.h:192] Coordinator exits.
