I0911 22:13:40.020968 2932584 Database.h:65] ycsb initialization finished in 146 milliseconds.
I0911 22:13:40.021085 2932584 Coordinator.h:30] Coordinator initializes 16 workers.
I0911 22:13:40.036327 2932584 Coordinator.h:77] Coordinator starts to run 17 workers.
I0911 22:13:40.036381 2932605 AriaExecutor.h:82] AriaExecutor 0 started. 
I0911 22:13:40.036418 2932606 AriaExecutor.h:82] AriaExecutor 1 started. 
I0911 22:13:40.036458 2932607 AriaExecutor.h:82] AriaExecutor 2 started. 
I0911 22:13:40.036509 2932608 AriaExecutor.h:82] AriaExecutor 3 started. 
I0911 22:13:40.036536 2932609 AriaExecutor.h:82] AriaExecutor 4 started. 
I0911 22:13:40.036574 2932610 AriaExecutor.h:82] AriaExecutor 5 started. 
I0911 22:13:40.036605 2932611 AriaExecutor.h:82] AriaExecutor 6 started. 
I0911 22:13:40.036653 2932612 AriaExecutor.h:82] AriaExecutor 7 started. 
I0911 22:13:40.036687 2932613 AriaExecutor.h:82] AriaExecutor 8 started. 
I0911 22:13:40.036729 2932614 AriaExecutor.h:82] AriaExecutor 9 started. 
I0911 22:13:40.036760 2932615 AriaExecutor.h:82] AriaExecutor 10 started. 
I0911 22:13:40.036804 2932616 AriaExecutor.h:82] AriaExecutor 11 started. 
I0911 22:13:40.036839 2932617 AriaExecutor.h:82] AriaExecutor 12 started. 
I0911 22:13:40.036880 2932618 AriaExecutor.h:82] AriaExecutor 13 started. 
I0911 22:13:40.036922 2932619 AriaExecutor.h:82] AriaExecutor 14 started. 
I0911 22:13:40.036978 2932620 AriaExecutor.h:82] AriaExecutor 15 started. 
I0911 22:13:40.037017 2932621 Manager.h:224] Manager(worker id = 16) on the coordinator node started.
I0911 22:13:41.037070 2932584 Coordinator.h:126] commit: 1333114 abort: 2182 (0/2182/0), network size: 0, avg network size: 0, si_in_serializable: 0 0 %, local: 0 %
I0911 22:13:42.037190 2932584 Coordinator.h:126] commit: 1320972 abort: 2036 (0/2036/0), network size: 0, avg network size: 0, si_in_serializable: 0 0 %, local: 0 %
I0911 22:13:43.037266 2932584 Coordinator.h:126] commit: 1279978 abort: 2070 (0/2070/0), network size: 0, avg network size: 0, si_in_serializable: 0 0 %, local: 0 %
I0911 22:13:44.037340 2932584 Coordinator.h:126] commit: 1290186 abort: 2102 (0/2102/0), network size: 0, avg network size: 0, si_in_serializable: 0 0 %, local: 0 %
I0911 22:13:45.037436 2932584 Coordinator.h:126] commit: 1339411 abort: 2029 (0/2029/0), network size: 0, avg network size: 0, si_in_serializable: 0 0 %, local: 0 %
I0911 22:13:46.037521 2932584 Coordinator.h:126] commit: 1347501 abort: 2131 (0/2131/0), network size: 0, avg network size: 0, si_in_serializable: 0 0 %, local: 0 %
I0911 22:13:47.037611 2932584 Coordinator.h:126] commit: 1331200 abort: 2048 (0/2048/0), network size: 0, avg network size: 0, si_in_serializable: 0 0 %, local: 0 %
I0911 22:13:48.037693 2932584 Coordinator.h:126] commit: 1345443 abort: 2141 (0/2141/0), network size: 0, avg network size: 0, si_in_serializable: 0 0 %, local: 0 %
I0911 22:13:49.037770 2932584 Coordinator.h:126] commit: 1347489 abort: 2143 (0/2143/0), network size: 0, avg network size: 0, si_in_serializable: 0 0 %, local: 0 %
I0911 22:13:50.037839 2932584 Coordinator.h:126] commit: 1345428 abort: 2156 (0/2156/0), network size: 0, avg network size: 0, si_in_serializable: 0 0 %, local: 0 %
I0911 22:13:51.037917 2932584 Coordinator.h:126] commit: 1310574 abort: 2194 (0/2194/0), network size: 0, avg network size: 0, si_in_serializable: 0 0 %, local: 0 %
I0911 22:13:52.037994 2932584 Coordinator.h:126] commit: 1306596 abort: 2076 (0/2076/0), network size: 0, avg network size: 0, si_in_serializable: 0 0 %, local: 0 %
I0911 22:13:53.038082 2932584 Coordinator.h:126] commit: 1310714 abort: 2054 (0/2054/0), network size: 0, avg network size: 0, si_in_serializable: 0 0 %, local: 0 %
I0911 22:13:54.038149 2932584 Coordinator.h:126] commit: 1345477 abort: 2107 (0/2107/0), network size: 0, avg network size: 0, si_in_serializable: 0 0 %, local: 0 %
I0911 22:13:55.038225 2932584 Coordinator.h:126] commit: 1345341 abort: 2243 (0/2243/0), network size: 0, avg network size: 0, si_in_serializable: 0 0 %, local: 0 %
I0911 22:13:56.038306 2932584 Coordinator.h:126] commit: 1347512 abort: 2120 (0/2120/0), network size: 0, avg network size: 0, si_in_serializable: 0 0 %, local: 0 %
I0911 22:13:57.038385 2932584 Coordinator.h:126] commit: 1345436 abort: 2148 (0/2148/0), network size: 0, avg network size: 0, si_in_serializable: 0 0 %, local: 0 %
I0911 22:13:58.038463 2932584 Coordinator.h:126] commit: 1345398 abort: 2186 (0/2186/0), network size: 0, avg network size: 0, si_in_serializable: 0 0 %, local: 0 %
I0911 22:13:59.038539 2932584 Coordinator.h:126] commit: 1344664 abort: 2097 (0/2097/0), network size: 0, avg network size: 0, si_in_serializable: 0 0 %, local: 0 %
I0911 22:14:00.038615 2932584 Coordinator.h:126] commit: 1346204 abort: 2203 (0/2203/0), network size: 0, avg network size: 0, si_in_serializable: 0 0 %, local: 0 %
I0911 22:14:01.038695 2932584 Coordinator.h:126] commit: 1345385 abort: 2199 (0/2199/0), network size: 0, avg network size: 0, si_in_serializable: 0 0 %, local: 0 %
I0911 22:14:02.038775 2932584 Coordinator.h:126] commit: 1333171 abort: 2125 (0/2125/0), network size: 0, avg network size: 0, si_in_serializable: 0 0 %, local: 0 %
I0911 22:14:03.038859 2932584 Coordinator.h:126] commit: 1316776 abort: 2136 (0/2136/0), network size: 0, avg network size: 0, si_in_serializable: 0 0 %, local: 0 %
I0911 22:14:04.038941 2932584 Coordinator.h:126] commit: 1345427 abort: 2157 (0/2157/0), network size: 0, avg network size: 0, si_in_serializable: 0 0 %, local: 0 %
I0911 22:14:05.039023 2932584 Coordinator.h:126] commit: 1331097 abort: 2151 (0/2151/0), network size: 0, avg network size: 0, si_in_serializable: 0 0 %, local: 0 %
I0911 22:14:05.039036 2932584 Coordinator.h:152] average commit: 1.33479e+06 abort: 2142.8 (0/2142.8/0), network size: 0, avg network size: 0, si_in_serializable: 0 0 %, local: 0 %
I0911 22:14:05.040268 2932613 AriaExecutor.h:94] AriaExecutor 8 exits. 
I0911 22:14:05.040273 2932619 AriaExecutor.h:94] AriaExecutor 14 exits. 
I0911 22:14:05.040274 2932607 AriaExecutor.h:94] AriaExecutor 2 exits. 
I0911 22:14:05.040277 2932615 AriaExecutor.h:94] AriaExecutor 10 exits. 
I0911 22:14:05.040277 2932621 Manager.h:227] Manager(worker id = 16) on the coordinator node exits.
I0911 22:14:05.040278 2932617 AriaExecutor.h:94] AriaExecutor 12 exits. 
I0911 22:14:05.040278 2932605 AriaExecutor.h:94] AriaExecutor 0 exits. 
I0911 22:14:05.040277 2932611 AriaExecutor.h:94] AriaExecutor 6 exits. 
I0911 22:14:05.040288 2932612 AriaExecutor.h:94] AriaExecutor 7 exits. 
I0911 22:14:05.040289 2932614 AriaExecutor.h:94] AriaExecutor 9 exits. 
I0911 22:14:05.040289 2932618 AriaExecutor.h:94] AriaExecutor 13 exits. 
I0911 22:14:05.040289 2932620 AriaExecutor.h:94] AriaExecutor 15 exits. 
I0911 22:14:05.040277 2932609 AriaExecutor.h:94] AriaExecutor 4 exits. 
I0911 22:14:05.040292 2932610 AriaExecutor.h:94] AriaExecutor 5 exits. 
I0911 22:14:05.040288 2932616 AriaExecutor.h:94] AriaExecutor 11 exits. 
I0911 22:14:05.040289 2932608 AriaExecutor.h:94] AriaExecutor 3 exits. 
I0911 22:14:05.040288 2932606 AriaExecutor.h:94] AriaExecutor 1 exits. 
I0911 22:14:05.039047 2932584 AriaExecutor.h:535] Worker 0 latency: 862 us (50%) 1163 us (75%) 1406 us (95%) 1458 us (99%).
I0911 22:14:05.122453 2932584 AriaExecutor.h:535] Worker 1 latency: 861 us (50%) 1161 us (75%) 1405 us (95%) 1457 us (99%).
I0911 22:14:05.212168 2932584 AriaExecutor.h:535] Worker 2 latency: 868 us (50%) 1165 us (75%) 1406 us (95%) 1458 us (99%).
I0911 22:14:05.295894 2932584 AriaExecutor.h:535] Worker 3 latency: 862 us (50%) 1162 us (75%) 1405 us (95%) 1457 us (99%).
I0911 22:14:05.384622 2932584 AriaExecutor.h:535] Worker 4 latency: 863 us (50%) 1164 us (75%) 1406 us (95%) 1458 us (99%).
I0911 22:14:05.466010 2932584 AriaExecutor.h:535] Worker 5 latency: 860 us (50%) 1161 us (75%) 1405 us (95%) 1457 us (99%).
I0911 22:14:05.556823 2932584 AriaExecutor.h:535] Worker 6 latency: 867 us (50%) 1165 us (75%) 1406 us (95%) 1458 us (99%).
I0911 22:14:05.639720 2932584 AriaExecutor.h:535] Worker 7 latency: 862 us (50%) 1162 us (75%) 1405 us (95%) 1457 us (99%).
I0911 22:14:05.730099 2932584 AriaExecutor.h:535] Worker 8 latency: 861 us (50%) 1161 us (75%) 1405 us (95%) 1457 us (99%).
I0911 22:14:05.813314 2932584 AriaExecutor.h:535] Worker 9 latency: 859 us (50%) 1160 us (75%) 1404 us (95%) 1457 us (99%).
I0911 22:14:05.902374 2932584 AriaExecutor.h:535] Worker 10 latency: 867 us (50%) 1164 us (75%) 1406 us (95%) 1458 us (99%).
I0911 22:14:05.984759 2932584 AriaExecutor.h:535] Worker 11 latency: 861 us (50%) 1161 us (75%) 1405 us (95%) 1457 us (99%).
I0911 22:14:06.075565 2932584 AriaExecutor.h:535] Worker 12 latency: 865 us (50%) 1164 us (75%) 1406 us (95%) 1458 us (99%).
I0911 22:14:06.158419 2932584 AriaExecutor.h:535] Worker 13 latency: 859 us (50%) 1160 us (75%) 1404 us (95%) 1457 us (99%).
I0911 22:14:06.250831 2932584 AriaExecutor.h:535] Worker 14 latency: 868 us (50%) 1166 us (75%) 1406 us (95%) 1458 us (99%).
I0911 22:14:06.333148 2932584 AriaExecutor.h:535] Worker 15 latency: 863 us (50%) 1162 us (75%) 1405 us (95%) 1457 us (99%).
I0911 22:14:06.424181 2932584 Coordinator.h:177] total commit: 1.33479e+06
I0911 22:14:07.424295 2932584 Coordinator.h:192] Coordinator exits.
