I1126 15:27:51.724941 1006197 Database.h:65] ycsb initialization finished in 30 milliseconds.
I1126 15:27:51.725039 1006197 Coordinator.h:30] Coordinator initializes 12 workers.
I1126 15:27:51.731943 1006197 Coordinator.h:77] Coordinator starts to run 13 workers.
I1126 15:27:51.731995 1006213 AriaExecutor.h:95] AriaExecutor 0 started. 
I1126 15:27:51.732026 1006214 AriaExecutor.h:95] AriaExecutor 1 started. 
I1126 15:27:51.732065 1006215 AriaExecutor.h:95] AriaExecutor 2 started. 
I1126 15:27:51.732122 1006216 AriaExecutor.h:95] AriaExecutor 3 started. 
I1126 15:27:51.732162 1006217 AriaExecutor.h:95] AriaExecutor 4 started. 
I1126 15:27:51.732225 1006218 AriaExecutor.h:95] AriaExecutor 5 started. 
I1126 15:27:51.732266 1006219 AriaExecutor.h:95] AriaExecutor 6 started. 
I1126 15:27:51.732323 1006220 AriaExecutor.h:95] AriaExecutor 7 started. 
I1126 15:27:51.732378 1006221 AriaExecutor.h:95] AriaExecutor 8 started. 
I1126 15:27:51.732420 1006222 AriaExecutor.h:95] AriaExecutor 9 started. 
I1126 15:27:51.732462 1006223 AriaExecutor.h:95] AriaExecutor 10 started. 
I1126 15:27:51.732522 1006224 AriaExecutor.h:95] AriaExecutor 11 started. 
I1126 15:27:51.732565 1006225 Manager.h:224] Manager(worker id = 12) on the coordinator node started.
I1126 15:27:52.732630 1006197 Coordinator.h:126] commit: 1612569 abort: 277431 (0/277431/0), network size: 0, avg network size: 0, si_in_serializable: 0 0 %, local: 0 %
I1126 15:27:53.732757 1006197 Coordinator.h:126] commit: 1578709 abort: 271291 (0/271291/0), network size: 0, avg network size: 0, si_in_serializable: 0 0 %, local: 0 %
I1126 15:27:54.732888 1006197 Coordinator.h:126] commit: 1612030 abort: 277970 (0/277970/0), network size: 0, avg network size: 0, si_in_serializable: 0 0 %, local: 0 %
I1126 15:27:55.732999 1006197 Coordinator.h:126] commit: 1603892 abort: 276108 (0/276108/0), network size: 0, avg network size: 0, si_in_serializable: 0 0 %, local: 0 %
I1126 15:27:56.733101 1006197 Coordinator.h:126] commit: 1621088 abort: 278912 (0/278912/0), network size: 0, avg network size: 0, si_in_serializable: 0 0 %, local: 0 %
I1126 15:27:57.733203 1006197 Coordinator.h:126] commit: 1620356 abort: 279644 (0/279644/0), network size: 0, avg network size: 0, si_in_serializable: 0 0 %, local: 0 %
I1126 15:27:58.733304 1006197 Coordinator.h:126] commit: 1603553 abort: 276447 (0/276447/0), network size: 0, avg network size: 0, si_in_serializable: 0 0 %, local: 0 %
I1126 15:27:59.733402 1006197 Coordinator.h:126] commit: 1561478 abort: 268522 (0/268522/0), network size: 0, avg network size: 0, si_in_serializable: 0 0 %, local: 0 %
I1126 15:28:00.733530 1006197 Coordinator.h:126] commit: 1604612 abort: 277179 (0/277179/0), network size: 0, avg network size: 0, si_in_serializable: 0 0 %, local: 0 %
I1126 15:28:01.733650 1006197 Coordinator.h:126] commit: 1628138 abort: 280071 (0/280071/0), network size: 0, avg network size: 0, si_in_serializable: 0 0 %, local: 0 %
I1126 15:28:02.733754 1006197 Coordinator.h:126] commit: 1612240 abort: 277760 (0/277760/0), network size: 0, avg network size: 0, si_in_serializable: 0 0 %, local: 0 %
I1126 15:28:03.733858 1006197 Coordinator.h:126] commit: 1621129 abort: 278871 (0/278871/0), network size: 0, avg network size: 0, si_in_serializable: 0 0 %, local: 0 %
I1126 15:28:04.733960 1006197 Coordinator.h:126] commit: 1612324 abort: 277676 (0/277676/0), network size: 0, avg network size: 0, si_in_serializable: 0 0 %, local: 0 %
I1126 15:28:05.734063 1006197 Coordinator.h:126] commit: 1619547 abort: 280453 (0/280453/0), network size: 0, avg network size: 0, si_in_serializable: 0 0 %, local: 0 %
I1126 15:28:06.734163 1006197 Coordinator.h:126] commit: 1620723 abort: 279277 (0/279277/0), network size: 0, avg network size: 0, si_in_serializable: 0 0 %, local: 0 %
I1126 15:28:07.734266 1006197 Coordinator.h:126] commit: 1475965 abort: 254035 (0/254035/0), network size: 0, avg network size: 0, si_in_serializable: 0 0 %, local: 0 %
I1126 15:28:08.734362 1006197 Coordinator.h:126] commit: 1621202 abort: 278798 (0/278798/0), network size: 0, avg network size: 0, si_in_serializable: 0 0 %, local: 0 %
I1126 15:28:09.734491 1006197 Coordinator.h:126] commit: 1603128 abort: 276872 (0/276872/0), network size: 0, avg network size: 0, si_in_serializable: 0 0 %, local: 0 %
I1126 15:28:10.734604 1006197 Coordinator.h:126] commit: 1620122 abort: 279878 (0/279878/0), network size: 0, avg network size: 0, si_in_serializable: 0 0 %, local: 0 %
I1126 15:28:11.734699 1006197 Coordinator.h:126] commit: 1629924 abort: 280076 (0/280076/0), network size: 0, avg network size: 0, si_in_serializable: 0 0 %, local: 0 %
I1126 15:28:12.734798 1006197 Coordinator.h:126] commit: 1620940 abort: 279060 (0/279060/0), network size: 0, avg network size: 0, si_in_serializable: 0 0 %, local: 0 %
I1126 15:28:13.734902 1006197 Coordinator.h:126] commit: 1620087 abort: 279913 (0/279913/0), network size: 0, avg network size: 0, si_in_serializable: 0 0 %, local: 0 %
I1126 15:28:14.735000 1006197 Coordinator.h:126] commit: 1628414 abort: 281586 (0/281586/0), network size: 0, avg network size: 0, si_in_serializable: 0 0 %, local: 0 %
I1126 15:28:15.735096 1006197 Coordinator.h:126] commit: 1622740 abort: 279012 (0/279012/0), network size: 0, avg network size: 0, si_in_serializable: 0 0 %, local: 0 %
I1126 15:28:16.735195 1006197 Coordinator.h:126] commit: 1628501 abort: 279747 (0/279747/0), network size: 0, avg network size: 0, si_in_serializable: 0 0 %, local: 0 %
I1126 15:28:16.735219 1006197 Coordinator.h:152] average commit: 1.60363e+06 abort: 276370 (0/276370/0), network size: 0, avg network size: 0, si_in_serializable: 0 0 %, local: 0 %
I1126 15:28:16.740572 1006225 Manager.h:227] Manager(worker id = 12) on the coordinator node exits.
I1126 15:28:16.740576 1006219 AriaExecutor.h:107] AriaExecutor 6 exits. 
I1126 15:28:16.740586 1006223 AriaExecutor.h:107] AriaExecutor 10 exits. 
I1126 15:28:16.740581 1006221 AriaExecutor.h:107] AriaExecutor 8 exits. 
I1126 15:28:16.740589 1006222 AriaExecutor.h:107] AriaExecutor 9 exits. 
I1126 15:28:16.740574 1006215 AriaExecutor.h:107] AriaExecutor 2 exits. 
I1126 15:28:16.740586 1006217 AriaExecutor.h:107] AriaExecutor 4 exits. 
I1126 15:28:16.740590 1006220 AriaExecutor.h:107] AriaExecutor 7 exits. 
I1126 15:28:16.740592 1006214 AriaExecutor.h:107] AriaExecutor 1 exits. 
I1126 15:28:16.740592 1006224 AriaExecutor.h:107] AriaExecutor 11 exits. 
I1126 15:28:16.740577 1006213 AriaExecutor.h:107] AriaExecutor 0 exits. 
I1126 15:28:16.740590 1006216 AriaExecutor.h:107] AriaExecutor 3 exits. 
I1126 15:28:16.740592 1006218 AriaExecutor.h:107] AriaExecutor 5 exits. 
I1126 15:28:16.735231 1006197 AriaExecutor.h:705] Worker 0 latency: 3733 us (50%) 4232 us (75%) 4609 us (95%) 4710 us (99%).
I1126 15:28:16.866647 1006197 AriaExecutor.h:705] Worker 1 latency: 3728 us (50%) 4231 us (75%) 4610 us (95%) 4712 us (99%).
I1126 15:28:16.995716 1006197 AriaExecutor.h:705] Worker 2 latency: 3746 us (50%) 4237 us (75%) 4608 us (95%) 4708 us (99%).
I1126 15:28:17.124830 1006197 AriaExecutor.h:705] Worker 3 latency: 3731 us (50%) 4232 us (75%) 4608 us (95%) 4709 us (99%).
I1126 15:28:17.250135 1006197 AriaExecutor.h:705] Worker 4 latency: 3739 us (50%) 4235 us (75%) 4609 us (95%) 4710 us (99%).
I1126 15:28:17.377475 1006197 AriaExecutor.h:705] Worker 5 latency: 3739 us (50%) 4237 us (75%) 4612 us (95%) 4712 us (99%).
I1126 15:28:17.524840 1006197 AriaExecutor.h:705] Worker 6 latency: 3749 us (50%) 4240 us (75%) 4611 us (95%) 4711 us (99%).
I1126 15:28:17.652529 1006197 AriaExecutor.h:705] Worker 7 latency: 3729 us (50%) 4232 us (75%) 4610 us (95%) 4710 us (99%).
I1126 15:28:17.799861 1006197 AriaExecutor.h:705] Worker 8 latency: 3743 us (50%) 4238 us (75%) 4611 us (95%) 4711 us (99%).
I1126 15:28:17.930603 1006197 AriaExecutor.h:705] Worker 9 latency: 3731 us (50%) 4232 us (75%) 4610 us (95%) 4710 us (99%).
I1126 15:28:18.057143 1006197 AriaExecutor.h:705] Worker 10 latency: 3748 us (50%) 4240 us (75%) 4611 us (95%) 4710 us (99%).
I1126 15:28:18.187829 1006197 AriaExecutor.h:705] Worker 11 latency: 3731 us (50%) 4234 us (75%) 4611 us (95%) 4711 us (99%).
I1126 15:28:18.335001 1006197 Coordinator.h:177] total commit: 1.60363e+06
I1126 15:28:19.335117 1006197 Coordinator.h:192] Coordinator exits.
