I1126 15:03:41.771334 990379 Database.h:65] ycsb initialization finished in 30 milliseconds.
I1126 15:03:41.771440 990379 Coordinator.h:30] Coordinator initializes 12 workers.
I1126 15:03:41.772344 990379 Coordinator.h:77] Coordinator starts to run 13 workers.
I1126 15:03:41.772439 990395 AriaExecutor.h:91] AriaExecutor 0 started. 
I1126 15:03:41.772459 990396 AriaExecutor.h:91] AriaExecutor 1 started. 
I1126 15:03:41.772519 990397 AriaExecutor.h:91] AriaExecutor 2 started. 
I1126 15:03:41.772548 990398 AriaExecutor.h:91] AriaExecutor 3 started. 
I1126 15:03:41.772579 990399 AriaExecutor.h:91] AriaExecutor 4 started. 
I1126 15:03:41.772614 990400 AriaExecutor.h:91] AriaExecutor 5 started. 
I1126 15:03:41.772655 990401 AriaExecutor.h:91] AriaExecutor 6 started. 
I1126 15:03:41.772680 990402 AriaExecutor.h:91] AriaExecutor 7 started. 
I1126 15:03:41.772722 990403 AriaExecutor.h:91] AriaExecutor 8 started. 
I1126 15:03:41.772743 990404 AriaExecutor.h:91] AriaExecutor 9 started. 
I1126 15:03:41.772789 990405 AriaExecutor.h:91] AriaExecutor 10 started. 
I1126 15:03:41.772809 990406 AriaExecutor.h:91] AriaExecutor 11 started. 
I1126 15:03:41.772842 990407 Manager.h:224] Manager(worker id = 12) on the coordinator node started.
I1126 15:03:42.772898 990379 Coordinator.h:126] commit: 576548 abort: 790452 (0/790452/0), network size: 0, avg network size: 0, si_in_serializable: 0 0 %, local: 0 %
I1126 15:03:43.773018 990379 Coordinator.h:126] commit: 567582 abort: 777418 (0/777418/0), network size: 0, avg network size: 0, si_in_serializable: 0 0 %, local: 0 %
I1126 15:03:44.773161 990379 Coordinator.h:126] commit: 575354 abort: 788646 (0/788646/0), network size: 0, avg network size: 0, si_in_serializable: 0 0 %, local: 0 %
I1126 15:03:45.773262 990379 Coordinator.h:126] commit: 580502 abort: 796498 (0/796498/0), network size: 0, avg network size: 0, si_in_serializable: 0 0 %, local: 0 %
I1126 15:03:46.773337 990379 Coordinator.h:126] commit: 580862 abort: 798138 (0/798138/0), network size: 0, avg network size: 0, si_in_serializable: 0 0 %, local: 0 %
I1126 15:03:47.773412 990379 Coordinator.h:126] commit: 565691 abort: 775309 (0/775309/0), network size: 0, avg network size: 0, si_in_serializable: 0 0 %, local: 0 %
I1126 15:03:48.773504 990379 Coordinator.h:126] commit: 578468 abort: 793532 (0/793532/0), network size: 0, avg network size: 0, si_in_serializable: 0 0 %, local: 0 %
I1126 15:03:49.773587 990379 Coordinator.h:126] commit: 579154 abort: 795846 (0/795846/0), network size: 0, avg network size: 0, si_in_serializable: 0 0 %, local: 0 %
I1126 15:03:50.773658 990379 Coordinator.h:126] commit: 580080 abort: 796920 (0/796920/0), network size: 0, avg network size: 0, si_in_serializable: 0 0 %, local: 0 %
I1126 15:03:51.773730 990379 Coordinator.h:126] commit: 579663 abort: 795337 (0/795337/0), network size: 0, avg network size: 0, si_in_serializable: 0 0 %, local: 0 %
I1126 15:03:52.773801 990379 Coordinator.h:126] commit: 564824 abort: 774176 (0/774176/0), network size: 0, avg network size: 0, si_in_serializable: 0 0 %, local: 0 %
I1126 15:03:53.773875 990379 Coordinator.h:126] commit: 572064 abort: 786936 (0/786936/0), network size: 0, avg network size: 0, si_in_serializable: 0 0 %, local: 0 %
I1126 15:03:54.773947 990379 Coordinator.h:126] commit: 582189 abort: 795811 (0/795811/0), network size: 0, avg network size: 0, si_in_serializable: 0 0 %, local: 0 %
I1126 15:03:55.774021 990379 Coordinator.h:126] commit: 580250 abort: 792750 (0/792750/0), network size: 0, avg network size: 0, si_in_serializable: 0 0 %, local: 0 %
I1126 15:03:56.774094 990379 Coordinator.h:126] commit: 580804 abort: 797196 (0/797196/0), network size: 0, avg network size: 0, si_in_serializable: 0 0 %, local: 0 %
I1126 15:03:57.774185 990379 Coordinator.h:126] commit: 568842 abort: 783158 (0/783158/0), network size: 0, avg network size: 0, si_in_serializable: 0 0 %, local: 0 %
I1126 15:03:58.774261 990379 Coordinator.h:126] commit: 582545 abort: 795455 (0/795455/0), network size: 0, avg network size: 0, si_in_serializable: 0 0 %, local: 0 %
I1126 15:03:59.774333 990379 Coordinator.h:126] commit: 578703 abort: 795297 (0/795297/0), network size: 0, avg network size: 0, si_in_serializable: 0 0 %, local: 0 %
I1126 15:04:00.774401 990379 Coordinator.h:126] commit: 580089 abort: 795911 (0/795911/0), network size: 0, avg network size: 0, si_in_serializable: 0 0 %, local: 0 %
I1126 15:04:01.774474 990379 Coordinator.h:126] commit: 579521 abort: 794017 (0/794017/0), network size: 0, avg network size: 0, si_in_serializable: 0 0 %, local: 0 %
I1126 15:04:02.774560 990379 Coordinator.h:126] commit: 578621 abort: 794841 (0/794841/0), network size: 0, avg network size: 0, si_in_serializable: 0 0 %, local: 0 %
I1126 15:04:03.774677 990379 Coordinator.h:126] commit: 547245 abort: 750755 (0/750755/0), network size: 0, avg network size: 0, si_in_serializable: 0 0 %, local: 0 %
I1126 15:04:04.774776 990379 Coordinator.h:126] commit: 565450 abort: 775550 (0/775550/0), network size: 0, avg network size: 0, si_in_serializable: 0 0 %, local: 0 %
I1126 15:04:05.774854 990379 Coordinator.h:126] commit: 576985 abort: 793015 (0/793015/0), network size: 0, avg network size: 0, si_in_serializable: 0 0 %, local: 0 %
I1126 15:04:06.774930 990379 Coordinator.h:126] commit: 580337 abort: 795663 (0/795663/0), network size: 0, avg network size: 0, si_in_serializable: 0 0 %, local: 0 %
I1126 15:04:06.774940 990379 Coordinator.h:152] average commit: 576983 abort: 791071 (0/791071/0), network size: 0, avg network size: 0, si_in_serializable: 0 0 %, local: 0 %
I1126 15:04:06.775503 990402 AriaExecutor.h:103] AriaExecutor 7 exits. 
I1126 15:04:06.775516 990396 AriaExecutor.h:103] AriaExecutor 1 exits. 
I1126 15:04:06.775506 990400 AriaExecutor.h:103] AriaExecutor 5 exits. 
I1126 15:04:06.775518 990407 Manager.h:227] Manager(worker id = 12) on the coordinator node exits.
I1126 15:04:06.775511 990399 AriaExecutor.h:103] AriaExecutor 4 exits. 
I1126 15:04:06.775506 990406 AriaExecutor.h:103] AriaExecutor 11 exits. 
I1126 15:04:06.775506 990395 AriaExecutor.h:103] AriaExecutor 0 exits. 
I1126 15:04:06.775511 990397 AriaExecutor.h:103] AriaExecutor 2 exits. 
I1126 15:04:06.775513 990403 AriaExecutor.h:103] AriaExecutor 8 exits. 
I1126 15:04:06.775511 990405 AriaExecutor.h:103] AriaExecutor 10 exits. 
I1126 15:04:06.775516 990401 AriaExecutor.h:103] AriaExecutor 6 exits. 
I1126 15:04:06.775504 990404 AriaExecutor.h:103] AriaExecutor 9 exits. 
I1126 15:04:06.775506 990398 AriaExecutor.h:103] AriaExecutor 3 exits. 
I1126 15:04:06.774950 990379 AriaExecutor.h:649] Worker 0 latency: 588 us (50%) 642 us (75%) 675 us (95%) 689 us (99%).
I1126 15:04:06.821885 990379 AriaExecutor.h:649] Worker 1 latency: 587 us (50%) 640 us (75%) 673 us (95%) 688 us (99%).
I1126 15:04:06.868811 990379 AriaExecutor.h:649] Worker 2 latency: 588 us (50%) 641 us (75%) 674 us (95%) 689 us (99%).
I1126 15:04:06.915072 990379 AriaExecutor.h:649] Worker 3 latency: 587 us (50%) 639 us (75%) 673 us (95%) 687 us (99%).
I1126 15:04:06.962112 990379 AriaExecutor.h:649] Worker 4 latency: 588 us (50%) 640 us (75%) 674 us (95%) 689 us (99%).
I1126 15:04:07.007987 990379 AriaExecutor.h:649] Worker 5 latency: 586 us (50%) 639 us (75%) 673 us (95%) 687 us (99%).
I1126 15:04:07.054565 990379 AriaExecutor.h:649] Worker 6 latency: 589 us (50%) 641 us (75%) 674 us (95%) 688 us (99%).
I1126 15:04:07.099921 990379 AriaExecutor.h:649] Worker 7 latency: 587 us (50%) 638 us (75%) 672 us (95%) 687 us (99%).
I1126 15:04:07.145110 990379 AriaExecutor.h:649] Worker 8 latency: 590 us (50%) 641 us (75%) 674 us (95%) 689 us (99%).
I1126 15:04:07.190256 990379 AriaExecutor.h:649] Worker 9 latency: 587 us (50%) 639 us (75%) 673 us (95%) 687 us (99%).
I1126 15:04:07.236387 990379 AriaExecutor.h:649] Worker 10 latency: 589 us (50%) 641 us (75%) 674 us (95%) 688 us (99%).
I1126 15:04:07.281163 990379 AriaExecutor.h:649] Worker 11 latency: 588 us (50%) 639 us (75%) 673 us (95%) 687 us (99%).
I1126 15:04:07.325726 990379 Coordinator.h:177] total commit: 576983
I1126 15:04:08.325870 990379 Coordinator.h:192] Coordinator exits.
