I1126 18:13:13.519292 1071446 Database.h:65] ycsb initialization finished in 30 milliseconds.
I1126 18:13:13.519393 1071446 Coordinator.h:30] Coordinator initializes 12 workers.
I1126 18:13:13.520275 1071446 Coordinator.h:77] Coordinator starts to run 13 workers.
I1126 18:13:13.520332 1071463 AriaExecutor.h:91] AriaExecutor 0 started. 
I1126 18:13:13.520376 1071464 AriaExecutor.h:91] AriaExecutor 1 started. 
I1126 18:13:13.520422 1071465 AriaExecutor.h:91] AriaExecutor 2 started. 
I1126 18:13:13.520462 1071466 AriaExecutor.h:91] AriaExecutor 3 started. 
I1126 18:13:13.520545 1071468 AriaExecutor.h:91] AriaExecutor 5 started. 
I1126 18:13:13.520586 1071469 AriaExecutor.h:91] AriaExecutor 6 started. 
I1126 18:13:13.520623 1071470 AriaExecutor.h:91] AriaExecutor 7 started. 
I1126 18:13:13.520659 1071471 AriaExecutor.h:91] AriaExecutor 8 started. 
I1126 18:13:13.520705 1071472 AriaExecutor.h:91] AriaExecutor 9 started. 
I1126 18:13:13.520740 1071473 AriaExecutor.h:91] AriaExecutor 10 started. 
I1126 18:13:13.520781 1071474 AriaExecutor.h:91] AriaExecutor 11 started. 
I1126 18:13:13.520816 1071467 AriaExecutor.h:91] AriaExecutor 4 started. 
I1126 18:13:13.520824 1071475 Manager.h:224] Manager(worker id = 12) on the coordinator node started.
I1126 18:13:14.520884 1071446 Coordinator.h:126] commit: 1979467 abort: 88533 (0/88533/0), network size: 0, avg network size: 0, si_in_serializable: 0 0 %, local: 0 %
I1126 18:13:15.520996 1071446 Coordinator.h:126] commit: 1952738 abort: 87262 (0/87262/0), network size: 0, avg network size: 0, si_in_serializable: 0 0 %, local: 0 %
I1126 18:13:16.521096 1071446 Coordinator.h:126] commit: 2010453 abort: 89547 (0/89547/0), network size: 0, avg network size: 0, si_in_serializable: 0 0 %, local: 0 %
I1126 18:13:17.521195 1071446 Coordinator.h:126] commit: 1974634 abort: 88366 (0/88366/0), network size: 0, avg network size: 0, si_in_serializable: 0 0 %, local: 0 %
I1126 18:13:18.521296 1071446 Coordinator.h:126] commit: 2011719 abort: 89281 (0/89281/0), network size: 0, avg network size: 0, si_in_serializable: 0 0 %, local: 0 %
I1126 18:13:19.521386 1071446 Coordinator.h:126] commit: 2012503 abort: 90497 (0/90497/0), network size: 0, avg network size: 0, si_in_serializable: 0 0 %, local: 0 %
I1126 18:13:20.521469 1071446 Coordinator.h:126] commit: 1879654 abort: 84346 (0/84346/0), network size: 0, avg network size: 0, si_in_serializable: 0 0 %, local: 0 %
I1126 18:13:21.521574 1071446 Coordinator.h:126] commit: 1979825 abort: 88175 (0/88175/0), network size: 0, avg network size: 0, si_in_serializable: 0 0 %, local: 0 %
I1126 18:13:22.521662 1071446 Coordinator.h:126] commit: 2009997 abort: 90003 (0/90003/0), network size: 0, avg network size: 0, si_in_serializable: 0 0 %, local: 0 %
I1126 18:13:23.521750 1071446 Coordinator.h:126] commit: 2011988 abort: 90012 (0/90012/0), network size: 0, avg network size: 0, si_in_serializable: 0 0 %, local: 0 %
I1126 18:13:24.521845 1071446 Coordinator.h:126] commit: 2007388 abort: 89612 (0/89612/0), network size: 0, avg network size: 0, si_in_serializable: 0 0 %, local: 0 %
I1126 18:13:25.521937 1071446 Coordinator.h:126] commit: 2007440 abort: 89560 (0/89560/0), network size: 0, avg network size: 0, si_in_serializable: 0 0 %, local: 0 %
I1126 18:13:26.522013 1071446 Coordinator.h:126] commit: 1727165 abort: 76835 (0/76835/0), network size: 0, avg network size: 0, si_in_serializable: 0 0 %, local: 0 %
I1126 18:13:27.522095 1071446 Coordinator.h:126] commit: 2014531 abort: 89469 (0/89469/0), network size: 0, avg network size: 0, si_in_serializable: 0 0 %, local: 0 %
I1126 18:13:28.522189 1071446 Coordinator.h:126] commit: 2006266 abort: 89734 (0/89734/0), network size: 0, avg network size: 0, si_in_serializable: 0 0 %, local: 0 %
I1126 18:13:29.522272 1071446 Coordinator.h:126] commit: 2010021 abort: 89979 (0/89979/0), network size: 0, avg network size: 0, si_in_serializable: 0 0 %, local: 0 %
I1126 18:13:30.522369 1071446 Coordinator.h:126] commit: 1987864 abort: 89136 (0/89136/0), network size: 0, avg network size: 0, si_in_serializable: 0 0 %, local: 0 %
I1126 18:13:31.522454 1071446 Coordinator.h:126] commit: 2011267 abort: 89733 (0/89733/0), network size: 0, avg network size: 0, si_in_serializable: 0 0 %, local: 0 %
I1126 18:13:32.522542 1071446 Coordinator.h:126] commit: 2010067 abort: 89933 (0/89933/0), network size: 0, avg network size: 0, si_in_serializable: 0 0 %, local: 0 %
I1126 18:13:33.522644 1071446 Coordinator.h:126] commit: 2005439 abort: 89563 (0/89563/0), network size: 0, avg network size: 0, si_in_serializable: 0 0 %, local: 0 %
I1126 18:13:34.522749 1071446 Coordinator.h:126] commit: 2004904 abort: 89094 (0/89094/0), network size: 0, avg network size: 0, si_in_serializable: 0 0 %, local: 0 %
I1126 18:13:35.522853 1071446 Coordinator.h:126] commit: 2005384 abort: 89616 (0/89616/0), network size: 0, avg network size: 0, si_in_serializable: 0 0 %, local: 0 %
I1126 18:13:36.522949 1071446 Coordinator.h:126] commit: 2012408 abort: 89592 (0/89592/0), network size: 0, avg network size: 0, si_in_serializable: 0 0 %, local: 0 %
I1126 18:13:37.523042 1071446 Coordinator.h:126] commit: 2006194 abort: 89806 (0/89806/0), network size: 0, avg network size: 0, si_in_serializable: 0 0 %, local: 0 %
I1126 18:13:38.523150 1071446 Coordinator.h:126] commit: 2006775 abort: 90225 (0/90225/0), network size: 0, avg network size: 0, si_in_serializable: 0 0 %, local: 0 %
I1126 18:13:38.523183 1071446 Coordinator.h:152] average commit: 1.97874e+06 abort: 88355.4 (0/88355.4/0), network size: 0, avg network size: 0, si_in_serializable: 0 0 %, local: 0 %
I1126 18:13:38.523269 1071473 AriaExecutor.h:103] AriaExecutor 10 exits. 
I1126 18:13:38.523272 1071465 AriaExecutor.h:103] AriaExecutor 2 exits. 
I1126 18:13:38.523284 1071474 AriaExecutor.h:103] AriaExecutor 11 exits. 
I1126 18:13:38.523273 1071463 AriaExecutor.h:103] AriaExecutor 0 exits. 
I1126 18:13:38.523274 1071475 Manager.h:227] Manager(worker id = 12) on the coordinator node exits.
I1126 18:13:38.523272 1071467 AriaExecutor.h:103] AriaExecutor 4 exits. 
I1126 18:13:38.523284 1071472 AriaExecutor.h:103] AriaExecutor 9 exits. 
I1126 18:13:38.523272 1071469 AriaExecutor.h:103] AriaExecutor 6 exits. 
I1126 18:13:38.523285 1071468 AriaExecutor.h:103] AriaExecutor 5 exits. 
I1126 18:13:38.523284 1071466 AriaExecutor.h:103] AriaExecutor 3 exits. 
I1126 18:13:38.523285 1071464 AriaExecutor.h:103] AriaExecutor 1 exits. 
I1126 18:13:38.523285 1071470 AriaExecutor.h:103] AriaExecutor 7 exits. 
I1126 18:13:38.523272 1071471 AriaExecutor.h:103] AriaExecutor 8 exits. 
I1126 18:13:38.523191 1071446 AriaExecutor.h:621] Worker 0 latency: 321 us (50%) 372 us (75%) 416 us (95%) 431 us (99%).
I1126 18:13:38.678642 1071446 AriaExecutor.h:621] Worker 1 latency: 318 us (50%) 370 us (75%) 415 us (95%) 429 us (99%).
I1126 18:13:38.828639 1071446 AriaExecutor.h:621] Worker 2 latency: 322 us (50%) 372 us (75%) 416 us (95%) 430 us (99%).
I1126 18:13:38.985121 1071446 AriaExecutor.h:621] Worker 3 latency: 321 us (50%) 372 us (75%) 415 us (95%) 429 us (99%).
I1126 18:13:39.151898 1071446 AriaExecutor.h:621] Worker 4 latency: 321 us (50%) 371 us (75%) 415 us (95%) 430 us (99%).
I1126 18:13:39.302112 1071446 AriaExecutor.h:621] Worker 5 latency: 319 us (50%) 370 us (75%) 414 us (95%) 429 us (99%).
I1126 18:13:39.477455 1071446 AriaExecutor.h:621] Worker 6 latency: 325 us (50%) 373 us (75%) 416 us (95%) 430 us (99%).
I1126 18:13:39.623710 1071446 AriaExecutor.h:621] Worker 7 latency: 320 us (50%) 370 us (75%) 414 us (95%) 429 us (99%).
I1126 18:13:39.799959 1071446 AriaExecutor.h:621] Worker 8 latency: 324 us (50%) 374 us (75%) 416 us (95%) 431 us (99%).
I1126 18:13:39.949659 1071446 AriaExecutor.h:621] Worker 9 latency: 322 us (50%) 372 us (75%) 415 us (95%) 429 us (99%).
I1126 18:13:40.098634 1071446 AriaExecutor.h:621] Worker 10 latency: 325 us (50%) 374 us (75%) 416 us (95%) 431 us (99%).
I1126 18:13:40.246531 1071446 AriaExecutor.h:621] Worker 11 latency: 323 us (50%) 372 us (75%) 415 us (95%) 429 us (99%).
I1126 18:13:40.422252 1071446 Coordinator.h:177] total commit: 1.97874e+06
I1126 18:13:41.422369 1071446 Coordinator.h:192] Coordinator exits.
