I1126 14:08:10.743292 957960 Database.h:65] ycsb initialization finished in 30 milliseconds.
I1126 14:08:10.743384 957960 Coordinator.h:30] Coordinator initializes 12 workers.
I1126 14:08:10.750238 957960 Coordinator.h:77] Coordinator starts to run 13 workers.
I1126 14:08:10.750291 957976 AriaExecutor.h:91] AriaExecutor 0 started. 
I1126 14:08:10.750329 957977 AriaExecutor.h:91] AriaExecutor 1 started. 
I1126 14:08:10.750367 957978 AriaExecutor.h:91] AriaExecutor 2 started. 
I1126 14:08:10.750416 957979 AriaExecutor.h:91] AriaExecutor 3 started. 
I1126 14:08:10.750499 957981 AriaExecutor.h:91] AriaExecutor 5 started. 
I1126 14:08:10.750540 957982 AriaExecutor.h:91] AriaExecutor 6 started. 
I1126 14:08:10.750582 957983 AriaExecutor.h:91] AriaExecutor 7 started. 
I1126 14:08:10.750617 957984 AriaExecutor.h:91] AriaExecutor 8 started. 
I1126 14:08:10.750660 957985 AriaExecutor.h:91] AriaExecutor 9 started. 
I1126 14:08:10.750700 957986 AriaExecutor.h:91] AriaExecutor 10 started. 
I1126 14:08:10.750746 957987 AriaExecutor.h:91] AriaExecutor 11 started. 
I1126 14:08:10.750772 957980 AriaExecutor.h:91] AriaExecutor 4 started. 
I1126 14:08:10.750777 957988 Manager.h:224] Manager(worker id = 12) on the coordinator node started.
I1126 14:08:11.750840 957960 Coordinator.h:126] commit: 1722808 abort: 137192 (0/137192/0), network size: 0, avg network size: 0, si_in_serializable: 0 0 %, local: 0 %
I1126 14:08:12.750962 957960 Coordinator.h:126] commit: 1703957 abort: 136043 (0/136043/0), network size: 0, avg network size: 0, si_in_serializable: 0 0 %, local: 0 %
I1126 14:08:13.751085 957960 Coordinator.h:126] commit: 1740662 abort: 139338 (0/139338/0), network size: 0, avg network size: 0, si_in_serializable: 0 0 %, local: 0 %
I1126 14:08:14.751179 957960 Coordinator.h:126] commit: 1722507 abort: 137493 (0/137493/0), network size: 0, avg network size: 0, si_in_serializable: 0 0 %, local: 0 %
I1126 14:08:15.751293 957960 Coordinator.h:126] commit: 1749737 abort: 140263 (0/140263/0), network size: 0, avg network size: 0, si_in_serializable: 0 0 %, local: 0 %
I1126 14:08:16.751389 957960 Coordinator.h:126] commit: 1740714 abort: 139286 (0/139286/0), network size: 0, avg network size: 0, si_in_serializable: 0 0 %, local: 0 %
I1126 14:08:17.751466 957960 Coordinator.h:126] commit: 1717413 abort: 136297 (0/136297/0), network size: 0, avg network size: 0, si_in_serializable: 0 0 %, local: 0 %
I1126 14:08:18.751547 957960 Coordinator.h:126] commit: 1700359 abort: 135931 (0/135931/0), network size: 0, avg network size: 0, si_in_serializable: 0 0 %, local: 0 %
I1126 14:08:19.751654 957960 Coordinator.h:126] commit: 1740777 abort: 139223 (0/139223/0), network size: 0, avg network size: 0, si_in_serializable: 0 0 %, local: 0 %
I1126 14:08:20.751749 957960 Coordinator.h:126] commit: 1731594 abort: 138406 (0/138406/0), network size: 0, avg network size: 0, si_in_serializable: 0 0 %, local: 0 %
I1126 14:08:21.751829 957960 Coordinator.h:126] commit: 1740880 abort: 139120 (0/139120/0), network size: 0, avg network size: 0, si_in_serializable: 0 0 %, local: 0 %
I1126 14:08:22.751909 957960 Coordinator.h:126] commit: 1741166 abort: 138834 (0/138834/0), network size: 0, avg network size: 0, si_in_serializable: 0 0 %, local: 0 %
I1126 14:08:23.751991 957960 Coordinator.h:126] commit: 1750669 abort: 139331 (0/139331/0), network size: 0, avg network size: 0, si_in_serializable: 0 0 %, local: 0 %
I1126 14:08:24.752067 957960 Coordinator.h:126] commit: 1741191 abort: 138809 (0/138809/0), network size: 0, avg network size: 0, si_in_serializable: 0 0 %, local: 0 %
I1126 14:08:25.752154 957960 Coordinator.h:126] commit: 1630294 abort: 129706 (0/129706/0), network size: 0, avg network size: 0, si_in_serializable: 0 0 %, local: 0 %
I1126 14:08:26.752249 957960 Coordinator.h:126] commit: 1740934 abort: 139066 (0/139066/0), network size: 0, avg network size: 0, si_in_serializable: 0 0 %, local: 0 %
I1126 14:08:27.752336 957960 Coordinator.h:126] commit: 1740753 abort: 139247 (0/139247/0), network size: 0, avg network size: 0, si_in_serializable: 0 0 %, local: 0 %
I1126 14:08:28.752416 957960 Coordinator.h:126] commit: 1750625 abort: 139375 (0/139375/0), network size: 0, avg network size: 0, si_in_serializable: 0 0 %, local: 0 %
I1126 14:08:29.752516 957960 Coordinator.h:126] commit: 1731219 abort: 138781 (0/138781/0), network size: 0, avg network size: 0, si_in_serializable: 0 0 %, local: 0 %
I1126 14:08:30.752624 957960 Coordinator.h:126] commit: 1741124 abort: 138876 (0/138876/0), network size: 0, avg network size: 0, si_in_serializable: 0 0 %, local: 0 %
I1126 14:08:31.752732 957960 Coordinator.h:126] commit: 1741006 abort: 138994 (0/138994/0), network size: 0, avg network size: 0, si_in_serializable: 0 0 %, local: 0 %
I1126 14:08:32.752810 957960 Coordinator.h:126] commit: 1739942 abort: 140058 (0/140058/0), network size: 0, avg network size: 0, si_in_serializable: 0 0 %, local: 0 %
I1126 14:08:33.752897 957960 Coordinator.h:126] commit: 1713569 abort: 136431 (0/136431/0), network size: 0, avg network size: 0, si_in_serializable: 0 0 %, local: 0 %
I1126 14:08:34.752991 957960 Coordinator.h:126] commit: 1741396 abort: 138604 (0/138604/0), network size: 0, avg network size: 0, si_in_serializable: 0 0 %, local: 0 %
I1126 14:08:35.753099 957960 Coordinator.h:126] commit: 1740857 abort: 139143 (0/139143/0), network size: 0, avg network size: 0, si_in_serializable: 0 0 %, local: 0 %
I1126 14:08:35.753140 957960 Coordinator.h:152] average commit: 1.73089e+06 abort: 138114 (0/138114/0), network size: 0, avg network size: 0, si_in_serializable: 0 0 %, local: 0 %
I1126 14:08:35.756255 957982 AriaExecutor.h:103] AriaExecutor 6 exits. 
I1126 14:08:35.756268 957976 AriaExecutor.h:103] AriaExecutor 0 exits. 
I1126 14:08:35.756261 957978 AriaExecutor.h:103] AriaExecutor 2 exits. 
I1126 14:08:35.756273 957981 AriaExecutor.h:103] AriaExecutor 5 exits. 
I1126 14:08:35.756282 957987 AriaExecutor.h:103] AriaExecutor 11 exits. 
I1126 14:08:35.756273 957985 AriaExecutor.h:103] AriaExecutor 9 exits. 
I1126 14:08:35.756269 957980 AriaExecutor.h:103] AriaExecutor 4 exits. 
I1126 14:08:35.756269 957988 Manager.h:227] Manager(worker id = 12) on the coordinator node exits.
I1126 14:08:35.756275 957979 AriaExecutor.h:103] AriaExecutor 3 exits. 
I1126 14:08:35.756273 957983 AriaExecutor.h:103] AriaExecutor 7 exits. 
I1126 14:08:35.756268 957984 AriaExecutor.h:103] AriaExecutor 8 exits. 
I1126 14:08:35.756273 957977 AriaExecutor.h:103] AriaExecutor 1 exits. 
I1126 14:08:35.756261 957986 AriaExecutor.h:103] AriaExecutor 10 exits. 
I1126 14:08:35.753149 957960 AriaExecutor.h:649] Worker 0 latency: 3708 us (50%) 4220 us (75%) 4624 us (95%) 4728 us (99%).
I1126 14:08:35.890007 957960 AriaExecutor.h:649] Worker 1 latency: 3690 us (50%) 4209 us (75%) 4620 us (95%) 4724 us (99%).
I1126 14:08:36.042639 957960 AriaExecutor.h:649] Worker 2 latency: 3733 us (50%) 4230 us (75%) 4623 us (95%) 4725 us (99%).
I1126 14:08:36.180145 957960 AriaExecutor.h:649] Worker 3 latency: 3696 us (50%) 4214 us (75%) 4621 us (95%) 4723 us (99%).
I1126 14:08:36.330224 957960 AriaExecutor.h:649] Worker 4 latency: 3713 us (50%) 4220 us (75%) 4621 us (95%) 4724 us (99%).
I1126 14:08:36.465814 957960 AriaExecutor.h:649] Worker 5 latency: 3699 us (50%) 4213 us (75%) 4620 us (95%) 4723 us (99%).
I1126 14:08:36.618723 957960 AriaExecutor.h:649] Worker 6 latency: 3723 us (50%) 4225 us (75%) 4621 us (95%) 4723 us (99%).
I1126 14:08:36.753203 957960 AriaExecutor.h:649] Worker 7 latency: 3696 us (50%) 4213 us (75%) 4620 us (95%) 4723 us (99%).
I1126 14:08:36.904707 957960 AriaExecutor.h:649] Worker 8 latency: 3713 us (50%) 4220 us (75%) 4623 us (95%) 4725 us (99%).
I1126 14:08:37.039947 957960 AriaExecutor.h:649] Worker 9 latency: 3699 us (50%) 4215 us (75%) 4621 us (95%) 4724 us (99%).
I1126 14:08:37.193832 957960 AriaExecutor.h:649] Worker 10 latency: 3715 us (50%) 4221 us (75%) 4622 us (95%) 4724 us (99%).
I1126 14:08:37.330510 957960 AriaExecutor.h:649] Worker 11 latency: 3699 us (50%) 4215 us (75%) 4621 us (95%) 4724 us (99%).
I1126 14:08:37.479189 957960 Coordinator.h:177] total commit: 1.73089e+06
I1126 14:08:38.479311 957960 Coordinator.h:192] Coordinator exits.
