I0911 21:59:02.943524 2929777 Database.h:65] ycsb initialization finished in 181 milliseconds.
I0911 21:59:02.943634 2929777 Coordinator.h:30] Coordinator initializes 16 workers.
I0911 21:59:02.958879 2929777 Coordinator.h:77] Coordinator starts to run 17 workers.
I0911 21:59:02.958987 2929798 AriaExecutor.h:82] AriaExecutor 0 started. 
I0911 21:59:02.959015 2929799 AriaExecutor.h:82] AriaExecutor 1 started. 
I0911 21:59:02.959069 2929800 AriaExecutor.h:82] AriaExecutor 2 started. 
I0911 21:59:02.959095 2929801 AriaExecutor.h:82] AriaExecutor 3 started. 
I0911 21:59:02.959131 2929802 AriaExecutor.h:82] AriaExecutor 4 started. 
I0911 21:59:02.959165 2929803 AriaExecutor.h:82] AriaExecutor 5 started. 
I0911 21:59:02.959196 2929804 AriaExecutor.h:82] AriaExecutor 6 started. 
I0911 21:59:02.959232 2929805 AriaExecutor.h:82] AriaExecutor 7 started. 
I0911 21:59:02.959262 2929806 AriaExecutor.h:82] AriaExecutor 8 started. 
I0911 21:59:02.959295 2929807 AriaExecutor.h:82] AriaExecutor 9 started. 
I0911 21:59:02.959326 2929808 AriaExecutor.h:82] AriaExecutor 10 started. 
I0911 21:59:02.959359 2929809 AriaExecutor.h:82] AriaExecutor 11 started. 
I0911 21:59:02.959404 2929810 AriaExecutor.h:82] AriaExecutor 12 started. 
I0911 21:59:02.959435 2929811 AriaExecutor.h:82] AriaExecutor 13 started. 
I0911 21:59:02.959468 2929812 AriaExecutor.h:82] AriaExecutor 14 started. 
I0911 21:59:02.959501 2929813 AriaExecutor.h:82] AriaExecutor 15 started. 
I0911 21:59:02.959532 2929814 Manager.h:224] Manager(worker id = 16) on the coordinator node started.
I0911 21:59:03.959579 2929777 Coordinator.h:126] commit: 1331559 abort: 1689 (0/1689/0), network size: 0, avg network size: 0, si_in_serializable: 0 0 %, local: 0 %
I0911 21:59:04.959694 2929777 Coordinator.h:126] commit: 1319246 abort: 1714 (0/1714/0), network size: 0, avg network size: 0, si_in_serializable: 0 0 %, local: 0 %
I0911 21:59:05.959761 2929777 Coordinator.h:126] commit: 1278261 abort: 1750 (0/1750/0), network size: 0, avg network size: 0, si_in_serializable: 0 0 %, local: 0 %
I0911 21:59:06.959823 2929777 Coordinator.h:126] commit: 1288499 abort: 1730 (0/1730/0), network size: 0, avg network size: 0, si_in_serializable: 0 0 %, local: 0 %
I0911 21:59:07.959960 2929777 Coordinator.h:126] commit: 1335594 abort: 1750 (0/1750/0), network size: 0, avg network size: 0, si_in_serializable: 0 0 %, local: 0 %
I0911 21:59:08.960057 2929777 Coordinator.h:126] commit: 1343706 abort: 1830 (0/1830/0), network size: 0, avg network size: 0, si_in_serializable: 0 0 %, local: 0 %
I0911 21:59:09.960129 2929777 Coordinator.h:126] commit: 1329462 abort: 1738 (0/1738/0), network size: 0, avg network size: 0, si_in_serializable: 0 0 %, local: 0 %
I0911 21:59:10.960197 2929777 Coordinator.h:126] commit: 1341715 abort: 1773 (0/1773/0), network size: 0, avg network size: 0, si_in_serializable: 0 0 %, local: 0 %
I0911 21:59:11.960260 2929777 Coordinator.h:126] commit: 1345858 abort: 1726 (0/1726/0), network size: 0, avg network size: 0, si_in_serializable: 0 0 %, local: 0 %
I0911 21:59:12.960325 2929777 Coordinator.h:126] commit: 1343815 abort: 1721 (0/1721/0), network size: 0, avg network size: 0, si_in_serializable: 0 0 %, local: 0 %
I0911 21:59:13.960400 2929777 Coordinator.h:126] commit: 1343734 abort: 1802 (0/1802/0), network size: 0, avg network size: 0, si_in_serializable: 0 0 %, local: 0 %
I0911 21:59:14.960467 2929777 Coordinator.h:126] commit: 1306964 abort: 1708 (0/1708/0), network size: 0, avg network size: 0, si_in_serializable: 0 0 %, local: 0 %
I0911 21:59:15.960532 2929777 Coordinator.h:126] commit: 1313005 abort: 1811 (0/1811/0), network size: 0, avg network size: 0, si_in_serializable: 0 0 %, local: 0 %
I0911 21:59:16.960595 2929777 Coordinator.h:126] commit: 1302927 abort: 1649 (0/1649/0), network size: 0, avg network size: 0, si_in_serializable: 0 0 %, local: 0 %
I0911 21:59:17.960687 2929777 Coordinator.h:126] commit: 1331524 abort: 1724 (0/1724/0), network size: 0, avg network size: 0, si_in_serializable: 0 0 %, local: 0 %
I0911 21:59:18.960764 2929777 Coordinator.h:126] commit: 1341643 abort: 1845 (0/1845/0), network size: 0, avg network size: 0, si_in_serializable: 0 0 %, local: 0 %
I0911 21:59:19.960844 2929777 Coordinator.h:126] commit: 1341825 abort: 1663 (0/1663/0), network size: 0, avg network size: 0, si_in_serializable: 0 0 %, local: 0 %
I0911 21:59:20.960912 2929777 Coordinator.h:126] commit: 1341584 abort: 1904 (0/1904/0), network size: 0, avg network size: 0, si_in_serializable: 0 0 %, local: 0 %
I0911 21:59:21.960984 2929777 Coordinator.h:126] commit: 1341670 abort: 1818 (0/1818/0), network size: 0, avg network size: 0, si_in_serializable: 0 0 %, local: 0 %
I0911 21:59:22.961052 2929777 Coordinator.h:126] commit: 1339622 abort: 1818 (0/1818/0), network size: 0, avg network size: 0, si_in_serializable: 0 0 %, local: 0 %
I0911 21:59:23.961117 2929777 Coordinator.h:126] commit: 1341721 abort: 1767 (0/1767/0), network size: 0, avg network size: 0, si_in_serializable: 0 0 %, local: 0 %
I0911 21:59:24.961182 2929777 Coordinator.h:126] commit: 1341762 abort: 1726 (0/1726/0), network size: 0, avg network size: 0, si_in_serializable: 0 0 %, local: 0 %
I0911 21:59:25.961251 2929777 Coordinator.h:126] commit: 1341712 abort: 1776 (0/1776/0), network size: 0, avg network size: 0, si_in_serializable: 0 0 %, local: 0 %
I0911 21:59:26.961315 2929777 Coordinator.h:126] commit: 1345926 abort: 1658 (0/1658/0), network size: 0, avg network size: 0, si_in_serializable: 0 0 %, local: 0 %
I0911 21:59:27.961382 2929777 Coordinator.h:126] commit: 1343656 abort: 1880 (0/1880/0), network size: 0, avg network size: 0, si_in_serializable: 0 0 %, local: 0 %
I0911 21:59:27.961393 2929777 Coordinator.h:152] average commit: 1.33045e+06 abort: 1774.2 (0/1774.2/0), network size: 0, avg network size: 0, si_in_serializable: 0 0 %, local: 0 %
I0911 21:59:27.961594 2929798 AriaExecutor.h:94] AriaExecutor 0 exits. 
I0911 21:59:27.961613 2929799 AriaExecutor.h:94] AriaExecutor 1 exits. 
I0911 21:59:27.961599 2929805 AriaExecutor.h:94] AriaExecutor 7 exits. 
I0911 21:59:27.961599 2929803 AriaExecutor.h:94] AriaExecutor 5 exits. 
I0911 21:59:27.961601 2929811 AriaExecutor.h:94] AriaExecutor 13 exits. 
I0911 21:59:27.961604 2929800 AriaExecutor.h:94] AriaExecutor 2 exits. 
I0911 21:59:27.961604 2929808 AriaExecutor.h:94] AriaExecutor 10 exits. 
I0911 21:59:27.961611 2929806 AriaExecutor.h:94] AriaExecutor 8 exits. 
I0911 21:59:27.961601 2929807 AriaExecutor.h:94] AriaExecutor 9 exits. 
I0911 21:59:27.961623 2929814 Manager.h:227] Manager(worker id = 16) on the coordinator node exits.
I0911 21:59:27.961598 2929809 AriaExecutor.h:94] AriaExecutor 11 exits. 
I0911 21:59:27.961606 2929810 AriaExecutor.h:94] AriaExecutor 12 exits. 
I0911 21:59:27.961599 2929813 AriaExecutor.h:94] AriaExecutor 15 exits. 
I0911 21:59:27.961599 2929801 AriaExecutor.h:94] AriaExecutor 3 exits. 
I0911 21:59:27.961607 2929804 AriaExecutor.h:94] AriaExecutor 6 exits. 
I0911 21:59:27.961609 2929802 AriaExecutor.h:94] AriaExecutor 4 exits. 
I0911 21:59:27.961604 2929812 AriaExecutor.h:94] AriaExecutor 14 exits. 
I0911 21:59:27.961403 2929777 AriaExecutor.h:535] Worker 0 latency: 861 us (50%) 1162 us (75%) 1406 us (95%) 1458 us (99%).
I0911 21:59:28.054162 2929777 AriaExecutor.h:535] Worker 1 latency: 862 us (50%) 1162 us (75%) 1406 us (95%) 1457 us (99%).
I0911 21:59:28.136710 2929777 AriaExecutor.h:535] Worker 2 latency: 867 us (50%) 1165 us (75%) 1407 us (95%) 1458 us (99%).
I0911 21:59:28.228979 2929777 AriaExecutor.h:535] Worker 3 latency: 861 us (50%) 1162 us (75%) 1406 us (95%) 1457 us (99%).
I0911 21:59:28.313165 2929777 AriaExecutor.h:535] Worker 4 latency: 862 us (50%) 1162 us (75%) 1407 us (95%) 1458 us (99%).
I0911 21:59:28.404845 2929777 AriaExecutor.h:535] Worker 5 latency: 860 us (50%) 1161 us (75%) 1405 us (95%) 1457 us (99%).
I0911 21:59:28.489208 2929777 AriaExecutor.h:535] Worker 6 latency: 866 us (50%) 1165 us (75%) 1407 us (95%) 1458 us (99%).
I0911 21:59:28.582155 2929777 AriaExecutor.h:535] Worker 7 latency: 862 us (50%) 1162 us (75%) 1405 us (95%) 1457 us (99%).
I0911 21:59:28.664026 2929777 AriaExecutor.h:535] Worker 8 latency: 862 us (50%) 1162 us (75%) 1406 us (95%) 1458 us (99%).
I0911 21:59:28.756981 2929777 AriaExecutor.h:535] Worker 9 latency: 859 us (50%) 1160 us (75%) 1405 us (95%) 1457 us (99%).
I0911 21:59:28.840724 2929777 AriaExecutor.h:535] Worker 10 latency: 866 us (50%) 1164 us (75%) 1406 us (95%) 1458 us (99%).
I0911 21:59:28.933115 2929777 AriaExecutor.h:535] Worker 11 latency: 861 us (50%) 1162 us (75%) 1405 us (95%) 1457 us (99%).
I0911 21:59:29.015705 2929777 AriaExecutor.h:535] Worker 12 latency: 864 us (50%) 1163 us (75%) 1406 us (95%) 1458 us (99%).
I0911 21:59:29.107148 2929777 AriaExecutor.h:535] Worker 13 latency: 858 us (50%) 1160 us (75%) 1405 us (95%) 1457 us (99%).
I0911 21:59:29.190243 2929777 AriaExecutor.h:535] Worker 14 latency: 867 us (50%) 1164 us (75%) 1406 us (95%) 1458 us (99%).
I0911 21:59:29.281827 2929777 AriaExecutor.h:535] Worker 15 latency: 861 us (50%) 1161 us (75%) 1405 us (95%) 1457 us (99%).
I0911 21:59:29.365338 2929777 Coordinator.h:177] total commit: 1.33045e+06
I0911 21:59:30.365469 2929777 Coordinator.h:192] Coordinator exits.
