I0911 23:46:13.779299 2950310 Database.h:65] ycsb initialization finished in 148 milliseconds.
I0911 23:46:13.779419 2950310 Coordinator.h:30] Coordinator initializes 16 workers.
I0911 23:46:13.787191 2950310 Coordinator.h:77] Coordinator starts to run 17 workers.
I0911 23:46:13.787245 2950332 AriaExecutor.h:82] AriaExecutor 0 started. 
I0911 23:46:13.787276 2950333 AriaExecutor.h:82] AriaExecutor 1 started. 
I0911 23:46:13.787321 2950334 AriaExecutor.h:82] AriaExecutor 2 started. 
I0911 23:46:13.787370 2950335 AriaExecutor.h:82] AriaExecutor 3 started. 
I0911 23:46:13.787396 2950336 AriaExecutor.h:82] AriaExecutor 4 started. 
I0911 23:46:13.787436 2950337 AriaExecutor.h:82] AriaExecutor 5 started. 
I0911 23:46:13.787473 2950338 AriaExecutor.h:82] AriaExecutor 6 started. 
I0911 23:46:13.787523 2950339 AriaExecutor.h:82] AriaExecutor 7 started. 
I0911 23:46:13.787551 2950340 AriaExecutor.h:82] AriaExecutor 8 started. 
I0911 23:46:13.787590 2950341 AriaExecutor.h:82] AriaExecutor 9 started. 
I0911 23:46:13.787624 2950342 AriaExecutor.h:82] AriaExecutor 10 started. 
I0911 23:46:13.787668 2950343 AriaExecutor.h:82] AriaExecutor 11 started. 
I0911 23:46:13.787720 2950344 AriaExecutor.h:82] AriaExecutor 12 started. 
I0911 23:46:13.787760 2950345 AriaExecutor.h:82] AriaExecutor 13 started. 
I0911 23:46:13.787794 2950346 AriaExecutor.h:82] AriaExecutor 14 started. 
I0911 23:46:13.787835 2950347 AriaExecutor.h:82] AriaExecutor 15 started. 
I0911 23:46:13.787868 2950348 Manager.h:224] Manager(worker id = 16) on the coordinator node started.
I0911 23:46:14.787925 2950310 Coordinator.h:126] commit: 66258 abort: 124206 (0/124206/0), network size: 0, avg network size: 0, si_in_serializable: 0 0 %, local: 0 %
I0911 23:46:15.788041 2950310 Coordinator.h:126] commit: 66846 abort: 124642 (0/124642/0), network size: 0, avg network size: 0, si_in_serializable: 0 0 %, local: 0 %
I0911 23:46:16.788123 2950310 Coordinator.h:126] commit: 64798 abort: 121570 (0/121570/0), network size: 0, avg network size: 0, si_in_serializable: 0 0 %, local: 0 %
I0911 23:46:17.788209 2950310 Coordinator.h:126] commit: 66523 abort: 123941 (0/123941/0), network size: 0, avg network size: 0, si_in_serializable: 0 0 %, local: 0 %
I0911 23:46:18.788313 2950310 Coordinator.h:126] commit: 68942 abort: 128690 (0/128690/0), network size: 0, avg network size: 0, si_in_serializable: 0 0 %, local: 0 %
I0911 23:46:19.788393 2950310 Coordinator.h:126] commit: 69612 abort: 130068 (0/130068/0), network size: 0, avg network size: 0, si_in_serializable: 0 0 %, local: 0 %
I0911 23:46:20.788473 2950310 Coordinator.h:126] commit: 69618 abort: 129038 (0/129038/0), network size: 0, avg network size: 0, si_in_serializable: 0 0 %, local: 0 %
I0911 23:46:21.788552 2950310 Coordinator.h:126] commit: 68558 abort: 128050 (0/128050/0), network size: 0, avg network size: 0, si_in_serializable: 0 0 %, local: 0 %
I0911 23:46:22.788625 2950310 Coordinator.h:126] commit: 69890 abort: 129790 (0/129790/0), network size: 0, avg network size: 0, si_in_serializable: 0 0 %, local: 0 %
I0911 23:46:23.788702 2950310 Coordinator.h:126] commit: 67437 abort: 126099 (0/126099/0), network size: 0, avg network size: 0, si_in_serializable: 0 0 %, local: 0 %
I0911 23:46:24.788779 2950310 Coordinator.h:126] commit: 69668 abort: 128988 (0/128988/0), network size: 0, avg network size: 0, si_in_serializable: 0 0 %, local: 0 %
I0911 23:46:25.788851 2950310 Coordinator.h:126] commit: 68389 abort: 127195 (0/127195/0), network size: 0, avg network size: 0, si_in_serializable: 0 0 %, local: 0 %
I0911 23:46:26.788934 2950310 Coordinator.h:126] commit: 69942 abort: 129738 (0/129738/0), network size: 0, avg network size: 0, si_in_serializable: 0 0 %, local: 0 %
I0911 23:46:27.789040 2950310 Coordinator.h:126] commit: 69472 abort: 129184 (0/129184/0), network size: 0, avg network size: 0, si_in_serializable: 0 0 %, local: 0 %
I0911 23:46:28.789124 2950310 Coordinator.h:126] commit: 69376 abort: 129280 (0/129280/0), network size: 0, avg network size: 0, si_in_serializable: 0 0 %, local: 0 %
I0911 23:46:29.789196 2950310 Coordinator.h:126] commit: 69618 abort: 129038 (0/129038/0), network size: 0, avg network size: 0, si_in_serializable: 0 0 %, local: 0 %
I0911 23:46:30.789274 2950310 Coordinator.h:126] commit: 69883 abort: 129797 (0/129797/0), network size: 0, avg network size: 0, si_in_serializable: 0 0 %, local: 0 %
I0911 23:46:31.789353 2950310 Coordinator.h:126] commit: 69685 abort: 129206 (0/129206/0), network size: 0, avg network size: 0, si_in_serializable: 0 0 %, local: 0 %
I0911 23:46:32.789433 2950310 Coordinator.h:126] commit: 69410 abort: 130035 (0/130035/0), network size: 0, avg network size: 0, si_in_serializable: 0 0 %, local: 0 %
I0911 23:46:33.789508 2950310 Coordinator.h:126] commit: 68924 abort: 128708 (0/128708/0), network size: 0, avg network size: 0, si_in_serializable: 0 0 %, local: 0 %
I0911 23:46:34.789583 2950310 Coordinator.h:126] commit: 69780 abort: 129900 (0/129900/0), network size: 0, avg network size: 0, si_in_serializable: 0 0 %, local: 0 %
I0911 23:46:35.789657 2950310 Coordinator.h:126] commit: 67564 abort: 125972 (0/125972/0), network size: 0, avg network size: 0, si_in_serializable: 0 0 %, local: 0 %
I0911 23:46:36.789733 2950310 Coordinator.h:126] commit: 68201 abort: 127383 (0/127383/0), network size: 0, avg network size: 0, si_in_serializable: 0 0 %, local: 0 %
I0911 23:46:37.789831 2950310 Coordinator.h:126] commit: 69488 abort: 129168 (0/129168/0), network size: 0, avg network size: 0, si_in_serializable: 0 0 %, local: 0 %
I0911 23:46:38.789916 2950310 Coordinator.h:126] commit: 69461 abort: 130219 (0/130219/0), network size: 0, avg network size: 0, si_in_serializable: 0 0 %, local: 0 %
I0911 23:46:38.789927 2950310 Coordinator.h:152] average commit: 69436.7 abort: 129117 (0/129117/0), network size: 0, avg network size: 0, si_in_serializable: 0 0 %, local: 0 %
I0911 23:46:38.794369 2950348 Manager.h:227] Manager(worker id = 16) on the coordinator node exits.
I0911 23:46:38.794369 2950332 AriaExecutor.h:94] AriaExecutor 0 exits. 
I0911 23:46:38.794385 2950342 AriaExecutor.h:94] AriaExecutor 10 exits. 
I0911 23:46:38.794373 2950344 AriaExecutor.h:94] AriaExecutor 12 exits. 
I0911 23:46:38.794399 2950343 AriaExecutor.h:94] AriaExecutor 11 exits. 
I0911 23:46:38.794391 2950333 AriaExecutor.h:94] AriaExecutor 1 exits. 
I0911 23:46:38.794374 2950340 AriaExecutor.h:94] AriaExecutor 8 exits. 
I0911 23:46:38.794384 2950346 AriaExecutor.h:94] AriaExecutor 14 exits. 
I0911 23:46:38.794391 2950339 AriaExecutor.h:94] AriaExecutor 7 exits. 
I0911 23:46:38.794384 2950336 AriaExecutor.h:94] AriaExecutor 4 exits. 
I0911 23:46:38.794384 2950338 AriaExecutor.h:94] AriaExecutor 6 exits. 
I0911 23:46:38.794394 2950345 AriaExecutor.h:94] AriaExecutor 13 exits. 
I0911 23:46:38.794394 2950337 AriaExecutor.h:94] AriaExecutor 5 exits. 
I0911 23:46:38.794394 2950335 AriaExecutor.h:94] AriaExecutor 3 exits. 
I0911 23:46:38.794396 2950347 AriaExecutor.h:94] AriaExecutor 15 exits. 
I0911 23:46:38.794394 2950341 AriaExecutor.h:94] AriaExecutor 9 exits. 
I0911 23:46:38.794373 2950334 AriaExecutor.h:94] AriaExecutor 2 exits. 
I0911 23:46:38.789938 2950310 AriaExecutor.h:641] Worker 0 latency: 4459 us (50%) 4768 us (75%) 4947 us (95%) 5117 us (99%).
I0911 23:46:38.795682 2950310 AriaExecutor.h:641] Worker 1 latency: 4458 us (50%) 4765 us (75%) 4945 us (95%) 5114 us (99%).
I0911 23:46:38.801715 2950310 AriaExecutor.h:641] Worker 2 latency: 4461 us (50%) 4768 us (75%) 4947 us (95%) 5115 us (99%).
I0911 23:46:38.807217 2950310 AriaExecutor.h:641] Worker 3 latency: 4459 us (50%) 4766 us (75%) 4945 us (95%) 5110 us (99%).
I0911 23:46:38.813104 2950310 AriaExecutor.h:641] Worker 4 latency: 4455 us (50%) 4765 us (75%) 4946 us (95%) 5114 us (99%).
I0911 23:46:38.818656 2950310 AriaExecutor.h:641] Worker 5 latency: 4450 us (50%) 4764 us (75%) 4945 us (95%) 5113 us (99%).
I0911 23:46:38.824654 2950310 AriaExecutor.h:641] Worker 6 latency: 4460 us (50%) 4766 us (75%) 4946 us (95%) 5115 us (99%).
I0911 23:46:38.830127 2950310 AriaExecutor.h:641] Worker 7 latency: 4459 us (50%) 4767 us (75%) 4946 us (95%) 5121 us (99%).
I0911 23:46:38.836069 2950310 AriaExecutor.h:641] Worker 8 latency: 4456 us (50%) 4765 us (75%) 4947 us (95%) 5115 us (99%).
I0911 23:46:38.841579 2950310 AriaExecutor.h:641] Worker 9 latency: 4456 us (50%) 4764 us (75%) 4945 us (95%) 5119 us (99%).
I0911 23:46:38.847434 2950310 AriaExecutor.h:641] Worker 10 latency: 4456 us (50%) 4763 us (75%) 4945 us (95%) 5112 us (99%).
I0911 23:46:38.852813 2950310 AriaExecutor.h:641] Worker 11 latency: 4459 us (50%) 4765 us (75%) 4944 us (95%) 5109 us (99%).
I0911 23:46:38.858755 2950310 AriaExecutor.h:641] Worker 12 latency: 4457 us (50%) 4765 us (75%) 4946 us (95%) 5123 us (99%).
I0911 23:46:38.864177 2950310 AriaExecutor.h:641] Worker 13 latency: 4452 us (50%) 4761 us (75%) 4943 us (95%) 5110 us (99%).
I0911 23:46:38.869957 2950310 AriaExecutor.h:641] Worker 14 latency: 4456 us (50%) 4765 us (75%) 4946 us (95%) 5117 us (99%).
I0911 23:46:38.875454 2950310 AriaExecutor.h:641] Worker 15 latency: 4458 us (50%) 4763 us (75%) 4943 us (95%) 5111 us (99%).
I0911 23:46:38.881300 2950310 Coordinator.h:177] total commit: 69436.7
I0911 23:46:39.881407 2950310 Coordinator.h:192] Coordinator exits.
