I1126 15:34:41.212776 1010616 Database.h:65] ycsb initialization finished in 30 milliseconds.
I1126 15:34:41.212872 1010616 Coordinator.h:30] Coordinator initializes 12 workers.
I1126 15:34:41.213793 1010616 Coordinator.h:77] Coordinator starts to run 13 workers.
I1126 15:34:41.213838 1010638 AriaExecutor.h:95] AriaExecutor 0 started. 
I1126 15:34:41.213871 1010639 AriaExecutor.h:95] AriaExecutor 1 started. 
I1126 15:34:41.213914 1010640 AriaExecutor.h:95] AriaExecutor 2 started. 
I1126 15:34:41.213963 1010641 AriaExecutor.h:95] AriaExecutor 3 started. 
I1126 15:34:41.214016 1010642 AriaExecutor.h:95] AriaExecutor 4 started. 
I1126 15:34:41.214068 1010643 AriaExecutor.h:95] AriaExecutor 5 started. 
I1126 15:34:41.214123 1010644 AriaExecutor.h:95] AriaExecutor 6 started. 
I1126 15:34:41.214171 1010645 AriaExecutor.h:95] AriaExecutor 7 started. 
I1126 15:34:41.214218 1010646 AriaExecutor.h:95] AriaExecutor 8 started. 
I1126 15:34:41.214269 1010647 AriaExecutor.h:95] AriaExecutor 9 started. 
I1126 15:34:41.214319 1010648 AriaExecutor.h:95] AriaExecutor 10 started. 
I1126 15:34:41.214376 1010649 AriaExecutor.h:95] AriaExecutor 11 started. 
I1126 15:34:41.214425 1010650 Manager.h:224] Manager(worker id = 12) on the coordinator node started.
I1126 15:34:42.214489 1010616 Coordinator.h:126] commit: 1663400 abort: 224600 (0/224600/0), network size: 0, avg network size: 0, si_in_serializable: 0 0 %, local: 0 %
I1126 15:34:43.214612 1010616 Coordinator.h:126] commit: 1633817 abort: 221183 (0/221183/0), network size: 0, avg network size: 0, si_in_serializable: 0 0 %, local: 0 %
I1126 15:34:44.214745 1010616 Coordinator.h:126] commit: 1680047 abort: 226835 (0/226835/0), network size: 0, avg network size: 0, si_in_serializable: 0 0 %, local: 0 %
I1126 15:34:45.214855 1010616 Coordinator.h:126] commit: 1642569 abort: 221546 (0/221546/0), network size: 0, avg network size: 0, si_in_serializable: 0 0 %, local: 0 %
I1126 15:34:46.214951 1010616 Coordinator.h:126] commit: 1683403 abort: 227597 (0/227597/0), network size: 0, avg network size: 0, si_in_serializable: 0 0 %, local: 0 %
I1126 15:34:47.215046 1010616 Coordinator.h:126] commit: 1688857 abort: 228143 (0/228143/0), network size: 0, avg network size: 0, si_in_serializable: 0 0 %, local: 0 %
I1126 15:34:48.215144 1010616 Coordinator.h:126] commit: 1687464 abort: 227536 (0/227536/0), network size: 0, avg network size: 0, si_in_serializable: 0 0 %, local: 0 %
I1126 15:34:49.215273 1010616 Coordinator.h:126] commit: 1527467 abort: 205533 (0/205533/0), network size: 0, avg network size: 0, si_in_serializable: 0 0 %, local: 0 %
I1126 15:34:50.215379 1010616 Coordinator.h:126] commit: 1680231 abort: 226769 (0/226769/0), network size: 0, avg network size: 0, si_in_serializable: 0 0 %, local: 0 %
I1126 15:34:51.215472 1010616 Coordinator.h:126] commit: 1685994 abort: 228006 (0/228006/0), network size: 0, avg network size: 0, si_in_serializable: 0 0 %, local: 0 %
I1126 15:34:52.215566 1010616 Coordinator.h:126] commit: 1678950 abort: 226050 (0/226050/0), network size: 0, avg network size: 0, si_in_serializable: 0 0 %, local: 0 %
I1126 15:34:53.215663 1010616 Coordinator.h:126] commit: 1663286 abort: 223714 (0/223714/0), network size: 0, avg network size: 0, si_in_serializable: 0 0 %, local: 0 %
I1126 15:34:54.215761 1010616 Coordinator.h:126] commit: 1682706 abort: 226294 (0/226294/0), network size: 0, avg network size: 0, si_in_serializable: 0 0 %, local: 0 %
I1126 15:34:55.215881 1010616 Coordinator.h:126] commit: 1682525 abort: 227475 (0/227475/0), network size: 0, avg network size: 0, si_in_serializable: 0 0 %, local: 0 %
I1126 15:34:56.215986 1010616 Coordinator.h:126] commit: 1675380 abort: 226544 (0/226544/0), network size: 0, avg network size: 0, si_in_serializable: 0 0 %, local: 0 %
I1126 15:34:57.216084 1010616 Coordinator.h:126] commit: 1440522 abort: 194554 (0/194554/0), network size: 0, avg network size: 0, si_in_serializable: 0 0 %, local: 0 %
I1126 15:34:58.216183 1010616 Coordinator.h:126] commit: 1681284 abort: 227716 (0/227716/0), network size: 0, avg network size: 0, si_in_serializable: 0 0 %, local: 0 %
I1126 15:34:59.216279 1010616 Coordinator.h:126] commit: 1687139 abort: 227861 (0/227861/0), network size: 0, avg network size: 0, si_in_serializable: 0 0 %, local: 0 %
I1126 15:35:00.216374 1010616 Coordinator.h:126] commit: 1678787 abort: 227213 (0/227213/0), network size: 0, avg network size: 0, si_in_serializable: 0 0 %, local: 0 %
I1126 15:35:01.216485 1010616 Coordinator.h:126] commit: 1685607 abort: 228393 (0/228393/0), network size: 0, avg network size: 0, si_in_serializable: 0 0 %, local: 0 %
I1126 15:35:02.216580 1010616 Coordinator.h:126] commit: 1682611 abort: 227389 (0/227389/0), network size: 0, avg network size: 0, si_in_serializable: 0 0 %, local: 0 %
I1126 15:35:03.216677 1010616 Coordinator.h:126] commit: 1679361 abort: 225639 (0/225639/0), network size: 0, avg network size: 0, si_in_serializable: 0 0 %, local: 0 %
I1126 15:35:04.216774 1010616 Coordinator.h:126] commit: 1684563 abort: 227437 (0/227437/0), network size: 0, avg network size: 0, si_in_serializable: 0 0 %, local: 0 %
I1126 15:35:05.216872 1010616 Coordinator.h:126] commit: 1677266 abort: 226734 (0/226734/0), network size: 0, avg network size: 0, si_in_serializable: 0 0 %, local: 0 %
I1126 15:35:06.216966 1010616 Coordinator.h:126] commit: 1682153 abort: 227847 (0/227847/0), network size: 0, avg network size: 0, si_in_serializable: 0 0 %, local: 0 %
I1126 15:35:06.216988 1010616 Coordinator.h:152] average commit: 1.65562e+06 abort: 223581 (0/223581/0), network size: 0, avg network size: 0, si_in_serializable: 0 0 %, local: 0 %
I1126 15:35:06.217170 1010650 Manager.h:227] Manager(worker id = 12) on the coordinator node exits.
I1126 15:35:06.217175 1010638 AriaExecutor.h:107] AriaExecutor 0 exits. 
I1126 15:35:06.217178 1010644 AriaExecutor.h:107] AriaExecutor 6 exits. 
I1126 15:35:06.217175 1010642 AriaExecutor.h:107] AriaExecutor 4 exits. 
I1126 15:35:06.217186 1010645 AriaExecutor.h:107] AriaExecutor 7 exits. 
I1126 15:35:06.217170 1010648 AriaExecutor.h:107] AriaExecutor 10 exits. 
I1126 15:35:06.217186 1010649 AriaExecutor.h:107] AriaExecutor 11 exits. 
I1126 15:35:06.217186 1010639 AriaExecutor.h:107] AriaExecutor 1 exits. 
I1126 15:35:06.217186 1010647 AriaExecutor.h:107] AriaExecutor 9 exits. 
I1126 15:35:06.217186 1010643 AriaExecutor.h:107] AriaExecutor 5 exits. 
I1126 15:35:06.217186 1010641 AriaExecutor.h:107] AriaExecutor 3 exits. 
I1126 15:35:06.217175 1010640 AriaExecutor.h:107] AriaExecutor 2 exits. 
I1126 15:35:06.217175 1010646 AriaExecutor.h:107] AriaExecutor 8 exits. 
I1126 15:35:06.217003 1010616 AriaExecutor.h:705] Worker 0 latency: 365 us (50%) 419 us (75%) 464 us (95%) 479 us (99%).
I1126 15:35:06.350620 1010616 AriaExecutor.h:705] Worker 1 latency: 363 us (50%) 418 us (75%) 462 us (95%) 477 us (99%).
I1126 15:35:06.498044 1010616 AriaExecutor.h:705] Worker 2 latency: 365 us (50%) 419 us (75%) 463 us (95%) 478 us (99%).
I1126 15:35:06.630673 1010616 AriaExecutor.h:705] Worker 3 latency: 365 us (50%) 419 us (75%) 462 us (95%) 477 us (99%).
I1126 15:35:06.776335 1010616 AriaExecutor.h:705] Worker 4 latency: 367 us (50%) 420 us (75%) 464 us (95%) 478 us (99%).
I1126 15:35:06.904968 1010616 AriaExecutor.h:705] Worker 5 latency: 364 us (50%) 418 us (75%) 462 us (95%) 477 us (99%).
I1126 15:35:07.048913 1010616 AriaExecutor.h:705] Worker 6 latency: 369 us (50%) 420 us (75%) 463 us (95%) 478 us (99%).
I1126 15:35:07.177970 1010616 AriaExecutor.h:705] Worker 7 latency: 365 us (50%) 418 us (75%) 462 us (95%) 477 us (99%).
I1126 15:35:07.321271 1010616 AriaExecutor.h:705] Worker 8 latency: 369 us (50%) 421 us (75%) 464 us (95%) 479 us (99%).
I1126 15:35:07.451344 1010616 AriaExecutor.h:705] Worker 9 latency: 366 us (50%) 419 us (75%) 462 us (95%) 477 us (99%).
I1126 15:35:07.598773 1010616 AriaExecutor.h:705] Worker 10 latency: 369 us (50%) 421 us (75%) 464 us (95%) 479 us (99%).
I1126 15:35:07.729791 1010616 AriaExecutor.h:705] Worker 11 latency: 367 us (50%) 419 us (75%) 462 us (95%) 477 us (99%).
I1126 15:35:07.871693 1010616 Coordinator.h:177] total commit: 1.65562e+06
I1126 15:35:08.871824 1010616 Coordinator.h:192] Coordinator exits.
