I0911 23:51:13.693022 2951236 Database.h:65] ycsb initialization finished in 146 milliseconds.
I0911 23:51:13.693137 2951236 Coordinator.h:30] Coordinator initializes 16 workers.
I0911 23:51:13.815493 2951236 Coordinator.h:77] Coordinator starts to run 17 workers.
I0911 23:51:13.815557 2951258 AriaExecutor.h:82] AriaExecutor 0 started. 
I0911 23:51:13.815593 2951259 AriaExecutor.h:82] AriaExecutor 1 started. 
I0911 23:51:13.815625 2951260 AriaExecutor.h:82] AriaExecutor 2 started. 
I0911 23:51:13.815681 2951261 AriaExecutor.h:82] AriaExecutor 3 started. 
I0911 23:51:13.815712 2951262 AriaExecutor.h:82] AriaExecutor 4 started. 
I0911 23:51:13.815753 2951263 AriaExecutor.h:82] AriaExecutor 5 started. 
I0911 23:51:13.815788 2951264 AriaExecutor.h:82] AriaExecutor 6 started. 
I0911 23:51:13.815831 2951265 AriaExecutor.h:82] AriaExecutor 7 started. 
I0911 23:51:13.815864 2951266 AriaExecutor.h:82] AriaExecutor 8 started. 
I0911 23:51:13.815907 2951267 AriaExecutor.h:82] AriaExecutor 9 started. 
I0911 23:51:13.815948 2951268 AriaExecutor.h:82] AriaExecutor 10 started. 
I0911 23:51:13.815990 2951269 AriaExecutor.h:82] AriaExecutor 11 started. 
I0911 23:51:13.816025 2951270 AriaExecutor.h:82] AriaExecutor 12 started. 
I0911 23:51:13.816076 2951271 AriaExecutor.h:82] AriaExecutor 13 started. 
I0911 23:51:13.816111 2951272 AriaExecutor.h:82] AriaExecutor 14 started. 
I0911 23:51:13.816151 2951273 AriaExecutor.h:82] AriaExecutor 15 started. 
I0911 23:51:13.816198 2951274 Manager.h:224] Manager(worker id = 16) on the coordinator node started.
I0911 23:51:14.816254 2951236 Coordinator.h:126] commit: 9523 abort: 182477 (0/182477/0), network size: 0, avg network size: 0, si_in_serializable: 0 0 %, local: 0 %
I0911 23:51:15.816385 2951236 Coordinator.h:126] commit: 11116 abort: 212884 (0/212884/0), network size: 0, avg network size: 0, si_in_serializable: 0 0 %, local: 0 %
I0911 23:51:16.816486 2951236 Coordinator.h:126] commit: 11074 abort: 212926 (0/212926/0), network size: 0, avg network size: 0, si_in_serializable: 0 0 %, local: 0 %
I0911 23:51:17.816582 2951236 Coordinator.h:126] commit: 11097 abort: 212903 (0/212903/0), network size: 0, avg network size: 0, si_in_serializable: 0 0 %, local: 0 %
I0911 23:51:18.816669 2951236 Coordinator.h:126] commit: 10964 abort: 213036 (0/213036/0), network size: 0, avg network size: 0, si_in_serializable: 0 0 %, local: 0 %
I0911 23:51:19.816777 2951236 Coordinator.h:126] commit: 11726 abort: 228274 (0/228274/0), network size: 0, avg network size: 0, si_in_serializable: 0 0 %, local: 0 %
I0911 23:51:20.816865 2951236 Coordinator.h:126] commit: 11817 abort: 228183 (0/228183/0), network size: 0, avg network size: 0, si_in_serializable: 0 0 %, local: 0 %
I0911 23:51:21.816951 2951236 Coordinator.h:126] commit: 11846 abort: 228154 (0/228154/0), network size: 0, avg network size: 0, si_in_serializable: 0 0 %, local: 0 %
I0911 23:51:22.817035 2951236 Coordinator.h:126] commit: 11871 abort: 228129 (0/228129/0), network size: 0, avg network size: 0, si_in_serializable: 0 0 %, local: 0 %
I0911 23:51:23.817122 2951236 Coordinator.h:126] commit: 11879 abort: 228121 (0/228121/0), network size: 0, avg network size: 0, si_in_serializable: 0 0 %, local: 0 %
I0911 23:51:24.817211 2951236 Coordinator.h:126] commit: 11910 abort: 228090 (0/228090/0), network size: 0, avg network size: 0, si_in_serializable: 0 0 %, local: 0 %
I0911 23:51:25.817301 2951236 Coordinator.h:126] commit: 11854 abort: 228146 (0/228146/0), network size: 0, avg network size: 0, si_in_serializable: 0 0 %, local: 0 %
I0911 23:51:26.817392 2951236 Coordinator.h:126] commit: 11767 abort: 228233 (0/228233/0), network size: 0, avg network size: 0, si_in_serializable: 0 0 %, local: 0 %
I0911 23:51:27.817507 2951236 Coordinator.h:126] commit: 11854 abort: 228146 (0/228146/0), network size: 0, avg network size: 0, si_in_serializable: 0 0 %, local: 0 %
I0911 23:51:28.817595 2951236 Coordinator.h:126] commit: 11683 abort: 228317 (0/228317/0), network size: 0, avg network size: 0, si_in_serializable: 0 0 %, local: 0 %
I0911 23:51:29.817678 2951236 Coordinator.h:126] commit: 12571 abort: 243429 (0/243429/0), network size: 0, avg network size: 0, si_in_serializable: 0 0 %, local: 0 %
I0911 23:51:30.817764 2951236 Coordinator.h:126] commit: 11719 abort: 228281 (0/228281/0), network size: 0, avg network size: 0, si_in_serializable: 0 0 %, local: 0 %
I0911 23:51:31.817847 2951236 Coordinator.h:126] commit: 11877 abort: 228123 (0/228123/0), network size: 0, avg network size: 0, si_in_serializable: 0 0 %, local: 0 %
I0911 23:51:32.817934 2951236 Coordinator.h:126] commit: 12586 abort: 243414 (0/243414/0), network size: 0, avg network size: 0, si_in_serializable: 0 0 %, local: 0 %
I0911 23:51:33.818020 2951236 Coordinator.h:126] commit: 11974 abort: 228026 (0/228026/0), network size: 0, avg network size: 0, si_in_serializable: 0 0 %, local: 0 %
I0911 23:51:34.818101 2951236 Coordinator.h:126] commit: 11815 abort: 228185 (0/228185/0), network size: 0, avg network size: 0, si_in_serializable: 0 0 %, local: 0 %
I0911 23:51:35.818183 2951236 Coordinator.h:126] commit: 12565 abort: 243435 (0/243435/0), network size: 0, avg network size: 0, si_in_serializable: 0 0 %, local: 0 %
I0911 23:51:36.818279 2951236 Coordinator.h:126] commit: 11871 abort: 228129 (0/228129/0), network size: 0, avg network size: 0, si_in_serializable: 0 0 %, local: 0 %
I0911 23:51:37.818370 2951236 Coordinator.h:126] commit: 11804 abort: 228196 (0/228196/0), network size: 0, avg network size: 0, si_in_serializable: 0 0 %, local: 0 %
I0911 23:51:38.818454 2951236 Coordinator.h:126] commit: 12614 abort: 243386 (0/243386/0), network size: 0, avg network size: 0, si_in_serializable: 0 0 %, local: 0 %
I0911 23:51:38.818470 2951236 Coordinator.h:152] average commit: 11979.5 abort: 231220 (0/231220/0), network size: 0, avg network size: 0, si_in_serializable: 0 0 %, local: 0 %
I0911 23:51:38.818482 2951236 AriaExecutor.h:641] Worker 0 latency: 63475 us (50%) 64845 us (75%) 71807 us (95%) 82943 us (99%).
I0911 23:51:38.876915 2951260 AriaExecutor.h:94] AriaExecutor 2 exits. 
I0911 23:51:38.876915 2951272 AriaExecutor.h:94] AriaExecutor 14 exits. 
I0911 23:51:38.876941 2951259 AriaExecutor.h:94] AriaExecutor 1 exits. 
I0911 23:51:38.876919 2951268 AriaExecutor.h:94] AriaExecutor 10 exits. 
I0911 23:51:38.876948 2951273 AriaExecutor.h:94] AriaExecutor 15 exits. 
I0911 23:51:38.876919 2951270 AriaExecutor.h:94] AriaExecutor 12 exits. 
I0911 23:51:38.876919 2951264 AriaExecutor.h:94] AriaExecutor 6 exits. 
I0911 23:51:38.876941 2951271 AriaExecutor.h:94] AriaExecutor 13 exits. 
I0911 23:51:38.876941 2951265 AriaExecutor.h:94] AriaExecutor 7 exits. 
I0911 23:51:38.876941 2951263 AriaExecutor.h:94] AriaExecutor 5 exits. 
I0911 23:51:38.876920 2951274 Manager.h:227] Manager(worker id = 16) on the coordinator node exits.
I0911 23:51:38.876942 2951267 AriaExecutor.h:94] AriaExecutor 9 exits. 
I0911 23:51:38.876941 2951269 AriaExecutor.h:94] AriaExecutor 11 exits. 
I0911 23:51:38.876919 2951262 AriaExecutor.h:94] AriaExecutor 4 exits. 
I0911 23:51:38.876920 2951266 AriaExecutor.h:94] AriaExecutor 8 exits. 
I0911 23:51:38.876917 2951258 AriaExecutor.h:94] AriaExecutor 0 exits. 
I0911 23:51:38.876941 2951261 AriaExecutor.h:94] AriaExecutor 3 exits. 
I0911 23:51:38.877260 2951236 AriaExecutor.h:641] Worker 1 latency: 63418 us (50%) 64815 us (75%) 71886 us (95%) 81841 us (99%).
I0911 23:51:38.878197 2951236 AriaExecutor.h:641] Worker 2 latency: 63459 us (50%) 64795 us (75%) 71762 us (95%) 81836 us (99%).
I0911 23:51:38.879112 2951236 AriaExecutor.h:641] Worker 3 latency: 63462 us (50%) 64839 us (75%) 72002 us (95%) 82522 us (99%).
I0911 23:51:38.880040 2951236 AriaExecutor.h:641] Worker 4 latency: 63435 us (50%) 64844 us (75%) 71827 us (95%) 82496 us (99%).
I0911 23:51:38.880990 2951236 AriaExecutor.h:641] Worker 5 latency: 63386 us (50%) 64818 us (75%) 71878 us (95%) 82620 us (99%).
I0911 23:51:38.881937 2951236 AriaExecutor.h:641] Worker 6 latency: 63445 us (50%) 64807 us (75%) 71855 us (95%) 82922 us (99%).
I0911 23:51:38.882884 2951236 AriaExecutor.h:641] Worker 7 latency: 63413 us (50%) 64808 us (75%) 71880 us (95%) 82427 us (99%).
I0911 23:51:38.883814 2951236 AriaExecutor.h:641] Worker 8 latency: 63417 us (50%) 64781 us (75%) 71901 us (95%) 82922 us (99%).
I0911 23:51:38.884737 2951236 AriaExecutor.h:641] Worker 9 latency: 63456 us (50%) 64827 us (75%) 71936 us (95%) 82928 us (99%).
I0911 23:51:38.885665 2951236 AriaExecutor.h:641] Worker 10 latency: 63399 us (50%) 64804 us (75%) 71860 us (95%) 84809 us (99%).
I0911 23:51:38.886600 2951236 AriaExecutor.h:641] Worker 11 latency: 63401 us (50%) 64789 us (75%) 71779 us (95%) 82620 us (99%).
I0911 23:51:38.887521 2951236 AriaExecutor.h:641] Worker 12 latency: 63433 us (50%) 64814 us (75%) 71576 us (95%) 82273 us (99%).
I0911 23:51:38.888432 2951236 AriaExecutor.h:641] Worker 13 latency: 63395 us (50%) 64790 us (75%) 71724 us (95%) 82164 us (99%).
I0911 23:51:38.889345 2951236 AriaExecutor.h:641] Worker 14 latency: 63415 us (50%) 64792 us (75%) 71782 us (95%) 82596 us (99%).
I0911 23:51:38.890269 2951236 AriaExecutor.h:641] Worker 15 latency: 63422 us (50%) 64822 us (75%) 71853 us (95%) 82324 us (99%).
I0911 23:51:38.891202 2951236 Coordinator.h:177] total commit: 11979.5
I0911 23:51:39.891323 2951236 Coordinator.h:192] Coordinator exits.
