I0911 23:47:34.056731 2950565 Database.h:65] ycsb initialization finished in 146 milliseconds.
I0911 23:47:34.056847 2950565 Coordinator.h:30] Coordinator initializes 16 workers.
I0911 23:47:34.178625 2950565 Coordinator.h:77] Coordinator starts to run 17 workers.
I0911 23:47:34.178684 2950585 AriaExecutor.h:82] AriaExecutor 0 started. 
I0911 23:47:34.178722 2950586 AriaExecutor.h:82] AriaExecutor 1 started. 
I0911 23:47:34.178761 2950587 AriaExecutor.h:82] AriaExecutor 2 started. 
I0911 23:47:34.178817 2950588 AriaExecutor.h:82] AriaExecutor 3 started. 
I0911 23:47:34.178843 2950589 AriaExecutor.h:82] AriaExecutor 4 started. 
I0911 23:47:34.178884 2950590 AriaExecutor.h:82] AriaExecutor 5 started. 
I0911 23:47:34.178925 2950591 AriaExecutor.h:82] AriaExecutor 6 started. 
I0911 23:47:34.178972 2950592 AriaExecutor.h:82] AriaExecutor 7 started. 
I0911 23:47:34.179006 2950593 AriaExecutor.h:82] AriaExecutor 8 started. 
I0911 23:47:34.179049 2950594 AriaExecutor.h:82] AriaExecutor 9 started. 
I0911 23:47:34.179090 2950595 AriaExecutor.h:82] AriaExecutor 10 started. 
I0911 23:47:34.179132 2950596 AriaExecutor.h:82] AriaExecutor 11 started. 
I0911 23:47:34.179178 2950597 AriaExecutor.h:82] AriaExecutor 12 started. 
I0911 23:47:34.179219 2950598 AriaExecutor.h:82] AriaExecutor 13 started. 
I0911 23:47:34.179255 2950599 AriaExecutor.h:82] AriaExecutor 14 started. 
I0911 23:47:34.179299 2950600 AriaExecutor.h:82] AriaExecutor 15 started. 
I0911 23:47:34.179329 2950601 Manager.h:224] Manager(worker id = 16) on the coordinator node started.
I0911 23:47:35.179383 2950565 Coordinator.h:126] commit: 3801 abort: 140199 (0/140199/0), network size: 0, avg network size: 0, si_in_serializable: 0 0 %, local: 0 %
I0911 23:47:36.179502 2950565 Coordinator.h:126] commit: 4505 abort: 171495 (0/171495/0), network size: 0, avg network size: 0, si_in_serializable: 0 0 %, local: 0 %
I0911 23:47:37.179591 2950565 Coordinator.h:126] commit: 4224 abort: 155776 (0/155776/0), network size: 0, avg network size: 0, si_in_serializable: 0 0 %, local: 0 %
I0911 23:47:38.179675 2950565 Coordinator.h:126] commit: 4178 abort: 155822 (0/155822/0), network size: 0, avg network size: 0, si_in_serializable: 0 0 %, local: 0 %
I0911 23:47:39.179760 2950565 Coordinator.h:126] commit: 4591 abort: 171409 (0/171409/0), network size: 0, avg network size: 0, si_in_serializable: 0 0 %, local: 0 %
I0911 23:47:40.179862 2950565 Coordinator.h:126] commit: 4654 abort: 171346 (0/171346/0), network size: 0, avg network size: 0, si_in_serializable: 0 0 %, local: 0 %
I0911 23:47:41.179945 2950565 Coordinator.h:126] commit: 4612 abort: 171388 (0/171388/0), network size: 0, avg network size: 0, si_in_serializable: 0 0 %, local: 0 %
I0911 23:47:42.180027 2950565 Coordinator.h:126] commit: 4537 abort: 171463 (0/171463/0), network size: 0, avg network size: 0, si_in_serializable: 0 0 %, local: 0 %
I0911 23:47:43.180117 2950565 Coordinator.h:126] commit: 4620 abort: 171380 (0/171380/0), network size: 0, avg network size: 0, si_in_serializable: 0 0 %, local: 0 %
I0911 23:47:44.180198 2950565 Coordinator.h:126] commit: 4592 abort: 171408 (0/171408/0), network size: 0, avg network size: 0, si_in_serializable: 0 0 %, local: 0 %
I0911 23:47:45.180274 2950565 Coordinator.h:126] commit: 4679 abort: 171321 (0/171321/0), network size: 0, avg network size: 0, si_in_serializable: 0 0 %, local: 0 %
I0911 23:47:46.180351 2950565 Coordinator.h:126] commit: 4509 abort: 171491 (0/171491/0), network size: 0, avg network size: 0, si_in_serializable: 0 0 %, local: 0 %
I0911 23:47:47.180428 2950565 Coordinator.h:126] commit: 4553 abort: 171447 (0/171447/0), network size: 0, avg network size: 0, si_in_serializable: 0 0 %, local: 0 %
I0911 23:47:48.180514 2950565 Coordinator.h:126] commit: 4655 abort: 171345 (0/171345/0), network size: 0, avg network size: 0, si_in_serializable: 0 0 %, local: 0 %
I0911 23:47:49.180608 2950565 Coordinator.h:126] commit: 4980 abort: 187020 (0/187020/0), network size: 0, avg network size: 0, si_in_serializable: 0 0 %, local: 0 %
I0911 23:47:50.180696 2950565 Coordinator.h:126] commit: 4559 abort: 171441 (0/171441/0), network size: 0, avg network size: 0, si_in_serializable: 0 0 %, local: 0 %
I0911 23:47:51.180795 2950565 Coordinator.h:126] commit: 4629 abort: 171371 (0/171371/0), network size: 0, avg network size: 0, si_in_serializable: 0 0 %, local: 0 %
I0911 23:47:52.180883 2950565 Coordinator.h:126] commit: 4565 abort: 171435 (0/171435/0), network size: 0, avg network size: 0, si_in_serializable: 0 0 %, local: 0 %
I0911 23:47:53.180968 2950565 Coordinator.h:126] commit: 5082 abort: 186918 (0/186918/0), network size: 0, avg network size: 0, si_in_serializable: 0 0 %, local: 0 %
I0911 23:47:54.181051 2950565 Coordinator.h:126] commit: 4629 abort: 171371 (0/171371/0), network size: 0, avg network size: 0, si_in_serializable: 0 0 %, local: 0 %
I0911 23:47:55.181129 2950565 Coordinator.h:126] commit: 4645 abort: 171355 (0/171355/0), network size: 0, avg network size: 0, si_in_serializable: 0 0 %, local: 0 %
I0911 23:47:56.181208 2950565 Coordinator.h:126] commit: 4942 abort: 187058 (0/187058/0), network size: 0, avg network size: 0, si_in_serializable: 0 0 %, local: 0 %
I0911 23:47:57.181291 2950565 Coordinator.h:126] commit: 4599 abort: 171401 (0/171401/0), network size: 0, avg network size: 0, si_in_serializable: 0 0 %, local: 0 %
I0911 23:47:58.181371 2950565 Coordinator.h:126] commit: 4597 abort: 171403 (0/171403/0), network size: 0, avg network size: 0, si_in_serializable: 0 0 %, local: 0 %
I0911 23:47:59.181445 2950565 Coordinator.h:126] commit: 4650 abort: 171350 (0/171350/0), network size: 0, avg network size: 0, si_in_serializable: 0 0 %, local: 0 %
I0911 23:47:59.181458 2950565 Coordinator.h:152] average commit: 4684 abort: 174516 (0/174516/0), network size: 0, avg network size: 0, si_in_serializable: 0 0 %, local: 0 %
I0911 23:47:59.181476 2950565 AriaExecutor.h:641] Worker 0 latency: 87842 us (50%) 89812 us (75%) 99301 us (95%) 113942 us (99%).
I0911 23:47:59.196996 2950597 AriaExecutor.h:94] AriaExecutor 12 exits. 
I0911 23:47:59.197012 2950600 AriaExecutor.h:94] AriaExecutor 15 exits. 
I0911 23:47:59.196997 2950587 AriaExecutor.h:94] AriaExecutor 2 exits. 
I0911 23:47:59.197000 2950593 AriaExecutor.h:94] AriaExecutor 8 exits. 
I0911 23:47:59.197000 2950589 AriaExecutor.h:94] AriaExecutor 4 exits. 
I0911 23:47:59.197013 2950586 AriaExecutor.h:94] AriaExecutor 1 exits. 
I0911 23:47:59.197013 2950596 AriaExecutor.h:94] AriaExecutor 11 exits. 
I0911 23:47:59.196996 2950591 AriaExecutor.h:94] AriaExecutor 6 exits. 
I0911 23:47:59.196998 2950595 AriaExecutor.h:94] AriaExecutor 10 exits. 
I0911 23:47:59.197016 2950598 AriaExecutor.h:94] AriaExecutor 13 exits. 
I0911 23:47:59.197016 2950590 AriaExecutor.h:94] AriaExecutor 5 exits. 
I0911 23:47:59.196996 2950585 AriaExecutor.h:94] AriaExecutor 0 exits. 
I0911 23:47:59.197014 2950592 AriaExecutor.h:94] AriaExecutor 7 exits. 
I0911 23:47:59.197000 2950601 Manager.h:227] Manager(worker id = 16) on the coordinator node exits.
I0911 23:47:59.197016 2950588 AriaExecutor.h:94] AriaExecutor 3 exits. 
I0911 23:47:59.196996 2950599 AriaExecutor.h:94] AriaExecutor 14 exits. 
I0911 23:47:59.197014 2950594 AriaExecutor.h:94] AriaExecutor 9 exits. 
I0911 23:47:59.197360 2950565 AriaExecutor.h:641] Worker 1 latency: 87811 us (50%) 89683 us (75%) 99188 us (95%) 113832 us (99%).
I0911 23:47:59.197798 2950565 AriaExecutor.h:641] Worker 2 latency: 87846 us (50%) 89857 us (75%) 99700 us (95%) 114070 us (99%).
I0911 23:47:59.198143 2950565 AriaExecutor.h:641] Worker 3 latency: 87815 us (50%) 89662 us (75%) 99302 us (95%) 113767 us (99%).
I0911 23:47:59.198518 2950565 AriaExecutor.h:641] Worker 4 latency: 87817 us (50%) 89777 us (75%) 99641 us (95%) 114130 us (99%).
I0911 23:47:59.198866 2950565 AriaExecutor.h:641] Worker 5 latency: 87841 us (50%) 89754 us (75%) 99561 us (95%) 113679 us (99%).
I0911 23:47:59.199267 2950565 AriaExecutor.h:641] Worker 6 latency: 87844 us (50%) 89830 us (75%) 99758 us (95%) 114150 us (99%).
I0911 23:47:59.199620 2950565 AriaExecutor.h:641] Worker 7 latency: 87811 us (50%) 89717 us (75%) 99409 us (95%) 114021 us (99%).
I0911 23:47:59.199992 2950565 AriaExecutor.h:641] Worker 8 latency: 87836 us (50%) 89776 us (75%) 99334 us (95%) 114077 us (99%).
I0911 23:47:59.200328 2950565 AriaExecutor.h:641] Worker 9 latency: 87845 us (50%) 89702 us (75%) 99570 us (95%) 114035 us (99%).
I0911 23:47:59.200783 2950565 AriaExecutor.h:641] Worker 10 latency: 87839 us (50%) 89733 us (75%) 99288 us (95%) 113800 us (99%).
I0911 23:47:59.201123 2950565 AriaExecutor.h:641] Worker 11 latency: 87809 us (50%) 89667 us (75%) 99351 us (95%) 113747 us (99%).
I0911 23:47:59.201496 2950565 AriaExecutor.h:641] Worker 12 latency: 87833 us (50%) 89848 us (75%) 99372 us (95%) 113904 us (99%).
I0911 23:47:59.201812 2950565 AriaExecutor.h:641] Worker 13 latency: 87793 us (50%) 89713 us (75%) 99292 us (95%) 114033 us (99%).
I0911 23:47:59.202180 2950565 AriaExecutor.h:641] Worker 14 latency: 87834 us (50%) 89829 us (75%) 99424 us (95%) 113996 us (99%).
I0911 23:47:59.202514 2950565 AriaExecutor.h:641] Worker 15 latency: 87849 us (50%) 89822 us (75%) 99100 us (95%) 113791 us (99%).
I0911 23:47:59.202883 2950565 Coordinator.h:177] total commit: 4684
I0911 23:48:00.202996 2950565 Coordinator.h:192] Coordinator exits.
