I0911 22:10:57.000459 2932018 Database.h:65] ycsb initialization finished in 179 milliseconds.
I0911 22:10:57.000576 2932018 Coordinator.h:30] Coordinator initializes 16 workers.
I0911 22:10:57.119624 2932018 Coordinator.h:77] Coordinator starts to run 17 workers.
I0911 22:10:57.119679 2932038 AriaExecutor.h:82] AriaExecutor 0 started. 
I0911 22:10:57.119717 2932039 AriaExecutor.h:82] AriaExecutor 1 started. 
I0911 22:10:57.119768 2932040 AriaExecutor.h:82] AriaExecutor 2 started. 
I0911 22:10:57.119808 2932041 AriaExecutor.h:82] AriaExecutor 3 started. 
I0911 22:10:57.119845 2932042 AriaExecutor.h:82] AriaExecutor 4 started. 
I0911 22:10:57.119884 2932043 AriaExecutor.h:82] AriaExecutor 5 started. 
I0911 22:10:57.119920 2932044 AriaExecutor.h:82] AriaExecutor 6 started. 
I0911 22:10:57.119966 2932045 AriaExecutor.h:82] AriaExecutor 7 started. 
I0911 22:10:57.119997 2932046 AriaExecutor.h:82] AriaExecutor 8 started. 
I0911 22:10:57.120035 2932047 AriaExecutor.h:82] AriaExecutor 9 started. 
I0911 22:10:57.120072 2932048 AriaExecutor.h:82] AriaExecutor 10 started. 
I0911 22:10:57.120116 2932049 AriaExecutor.h:82] AriaExecutor 11 started. 
I0911 22:10:57.120152 2932050 AriaExecutor.h:82] AriaExecutor 12 started. 
I0911 22:10:57.120201 2932051 AriaExecutor.h:82] AriaExecutor 13 started. 
I0911 22:10:57.120234 2932052 AriaExecutor.h:82] AriaExecutor 14 started. 
I0911 22:10:57.120287 2932053 AriaExecutor.h:82] AriaExecutor 15 started. 
I0911 22:10:57.120322 2932054 Manager.h:224] Manager(worker id = 16) on the coordinator node started.
I0911 22:10:58.120389 2932018 Coordinator.h:126] commit: 820451 abort: 59549 (0/59549/0), network size: 0, avg network size: 0, si_in_serializable: 0 0 %, local: 0 %
I0911 22:10:59.120520 2932018 Coordinator.h:126] commit: 834960 abort: 61040 (0/61040/0), network size: 0, avg network size: 0, si_in_serializable: 0 0 %, local: 0 %
I0911 22:11:00.120597 2932018 Coordinator.h:126] commit: 849516 abort: 62292 (0/62292/0), network size: 0, avg network size: 0, si_in_serializable: 0 0 %, local: 0 %
I0911 22:11:01.120667 2932018 Coordinator.h:126] commit: 820708 abort: 59484 (0/59484/0), network size: 0, avg network size: 0, si_in_serializable: 0 0 %, local: 0 %
I0911 22:11:02.120740 2932018 Coordinator.h:126] commit: 835332 abort: 60668 (0/60668/0), network size: 0, avg network size: 0, si_in_serializable: 0 0 %, local: 0 %
I0911 22:11:03.120834 2932018 Coordinator.h:126] commit: 864624 abort: 63376 (0/63376/0), network size: 0, avg network size: 0, si_in_serializable: 0 0 %, local: 0 %
I0911 22:11:04.120910 2932018 Coordinator.h:126] commit: 864974 abort: 63026 (0/63026/0), network size: 0, avg network size: 0, si_in_serializable: 0 0 %, local: 0 %
I0911 22:11:05.120973 2932018 Coordinator.h:126] commit: 865218 abort: 62782 (0/62782/0), network size: 0, avg network size: 0, si_in_serializable: 0 0 %, local: 0 %
I0911 22:11:06.121049 2932018 Coordinator.h:126] commit: 865105 abort: 62895 (0/62895/0), network size: 0, avg network size: 0, si_in_serializable: 0 0 %, local: 0 %
I0911 22:11:07.121116 2932018 Coordinator.h:126] commit: 849878 abort: 62122 (0/62122/0), network size: 0, avg network size: 0, si_in_serializable: 0 0 %, local: 0 %
I0911 22:11:08.121191 2932018 Coordinator.h:126] commit: 865018 abort: 62982 (0/62982/0), network size: 0, avg network size: 0, si_in_serializable: 0 0 %, local: 0 %
I0911 22:11:09.121261 2932018 Coordinator.h:126] commit: 864909 abort: 63091 (0/63091/0), network size: 0, avg network size: 0, si_in_serializable: 0 0 %, local: 0 %
I0911 22:11:10.121330 2932018 Coordinator.h:126] commit: 850246 abort: 61754 (0/61754/0), network size: 0, avg network size: 0, si_in_serializable: 0 0 %, local: 0 %
I0911 22:11:11.121397 2932018 Coordinator.h:126] commit: 865220 abort: 62780 (0/62780/0), network size: 0, avg network size: 0, si_in_serializable: 0 0 %, local: 0 %
I0911 22:11:12.121467 2932018 Coordinator.h:126] commit: 849867 abort: 62133 (0/62133/0), network size: 0, avg network size: 0, si_in_serializable: 0 0 %, local: 0 %
I0911 22:11:13.121557 2932018 Coordinator.h:126] commit: 865153 abort: 62847 (0/62847/0), network size: 0, avg network size: 0, si_in_serializable: 0 0 %, local: 0 %
I0911 22:11:14.121646 2932018 Coordinator.h:126] commit: 864523 abort: 63477 (0/63477/0), network size: 0, avg network size: 0, si_in_serializable: 0 0 %, local: 0 %
I0911 22:11:15.121716 2932018 Coordinator.h:126] commit: 865189 abort: 62811 (0/62811/0), network size: 0, avg network size: 0, si_in_serializable: 0 0 %, local: 0 %
I0911 22:11:16.121789 2932018 Coordinator.h:126] commit: 864958 abort: 63042 (0/63042/0), network size: 0, avg network size: 0, si_in_serializable: 0 0 %, local: 0 %
I0911 22:11:17.121860 2932018 Coordinator.h:126] commit: 850154 abort: 61846 (0/61846/0), network size: 0, avg network size: 0, si_in_serializable: 0 0 %, local: 0 %
I0911 22:11:18.121927 2932018 Coordinator.h:126] commit: 880791 abort: 63209 (0/63209/0), network size: 0, avg network size: 0, si_in_serializable: 0 0 %, local: 0 %
I0911 22:11:19.122000 2932018 Coordinator.h:126] commit: 865055 abort: 62945 (0/62945/0), network size: 0, avg network size: 0, si_in_serializable: 0 0 %, local: 0 %
I0911 22:11:20.122071 2932018 Coordinator.h:126] commit: 865137 abort: 62863 (0/62863/0), network size: 0, avg network size: 0, si_in_serializable: 0 0 %, local: 0 %
I0911 22:11:21.122138 2932018 Coordinator.h:126] commit: 865087 abort: 62913 (0/62913/0), network size: 0, avg network size: 0, si_in_serializable: 0 0 %, local: 0 %
I0911 22:11:22.122207 2932018 Coordinator.h:126] commit: 872155 abort: 63732 (0/63732/0), network size: 0, avg network size: 0, si_in_serializable: 0 0 %, local: 0 %
I0911 22:11:22.122222 2932018 Coordinator.h:152] average commit: 860524 abort: 62676.3 (0/62676.3/0), network size: 0, avg network size: 0, si_in_serializable: 0 0 %, local: 0 %
I0911 22:11:22.123011 2932054 Manager.h:227] Manager(worker id = 16) on the coordinator node exits.
I0911 22:11:22.123013 2932040 AriaExecutor.h:94] AriaExecutor 2 exits. 
I0911 22:11:22.123030 2932041 AriaExecutor.h:94] AriaExecutor 3 exits. 
I0911 22:11:22.123016 2932052 AriaExecutor.h:94] AriaExecutor 14 exits. 
I0911 22:11:22.123013 2932038 AriaExecutor.h:94] AriaExecutor 0 exits. 
I0911 22:11:22.123019 2932042 AriaExecutor.h:94] AriaExecutor 4 exits. 
I0911 22:11:22.123030 2932047 AriaExecutor.h:94] AriaExecutor 9 exits. 
I0911 22:11:22.123030 2932053 AriaExecutor.h:94] AriaExecutor 15 exits. 
I0911 22:11:22.123029 2932049 AriaExecutor.h:94] AriaExecutor 11 exits. 
I0911 22:11:22.123029 2932051 AriaExecutor.h:94] AriaExecutor 13 exits. 
I0911 22:11:22.123018 2932044 AriaExecutor.h:94] AriaExecutor 6 exits. 
I0911 22:11:22.123030 2932045 AriaExecutor.h:94] AriaExecutor 7 exits. 
I0911 22:11:22.123030 2932039 AriaExecutor.h:94] AriaExecutor 1 exits. 
I0911 22:11:22.123016 2932046 AriaExecutor.h:94] AriaExecutor 8 exits. 
I0911 22:11:22.123011 2932050 AriaExecutor.h:94] AriaExecutor 12 exits. 
I0911 22:11:22.123016 2932048 AriaExecutor.h:94] AriaExecutor 10 exits. 
I0911 22:11:22.123030 2932043 AriaExecutor.h:94] AriaExecutor 5 exits. 
I0911 22:11:22.122233 2932018 AriaExecutor.h:535] Worker 0 latency: 11315 us (50%) 13490 us (75%) 15186 us (95%) 15603 us (99%).
I0911 22:11:22.179675 2932018 AriaExecutor.h:535] Worker 1 latency: 11305 us (50%) 13481 us (75%) 15180 us (95%) 15573 us (99%).
I0911 22:11:22.243854 2932018 AriaExecutor.h:535] Worker 2 latency: 11315 us (50%) 13486 us (75%) 15178 us (95%) 15574 us (99%).
I0911 22:11:22.301924 2932018 AriaExecutor.h:535] Worker 3 latency: 11300 us (50%) 13473 us (75%) 15177 us (95%) 15566 us (99%).
I0911 22:11:22.364710 2932018 AriaExecutor.h:535] Worker 4 latency: 11314 us (50%) 13489 us (75%) 15182 us (95%) 15582 us (99%).
I0911 22:11:22.421626 2932018 AriaExecutor.h:535] Worker 5 latency: 11332 us (50%) 13501 us (75%) 15189 us (95%) 15567 us (99%).
I0911 22:11:22.483745 2932018 AriaExecutor.h:535] Worker 6 latency: 11344 us (50%) 13505 us (75%) 15189 us (95%) 15596 us (99%).
I0911 22:11:22.539474 2932018 AriaExecutor.h:535] Worker 7 latency: 11332 us (50%) 13505 us (75%) 15193 us (95%) 15597 us (99%).
I0911 22:11:22.595314 2932018 AriaExecutor.h:535] Worker 8 latency: 11315 us (50%) 13488 us (75%) 15181 us (95%) 15589 us (99%).
I0911 22:11:22.653419 2932018 AriaExecutor.h:535] Worker 9 latency: 11308 us (50%) 13488 us (75%) 15187 us (95%) 15588 us (99%).
I0911 22:11:22.709589 2932018 AriaExecutor.h:535] Worker 10 latency: 11322 us (50%) 13488 us (75%) 15178 us (95%) 15576 us (99%).
I0911 22:11:22.767340 2932018 AriaExecutor.h:535] Worker 11 latency: 11309 us (50%) 13484 us (75%) 15181 us (95%) 15575 us (99%).
I0911 22:11:22.832031 2932018 AriaExecutor.h:535] Worker 12 latency: 11305 us (50%) 13479 us (75%) 15175 us (95%) 15577 us (99%).
I0911 22:11:22.889065 2932018 AriaExecutor.h:535] Worker 13 latency: 11316 us (50%) 13492 us (75%) 15186 us (95%) 15577 us (99%).
I0911 22:11:22.946023 2932018 AriaExecutor.h:535] Worker 14 latency: 11323 us (50%) 13486 us (75%) 15172 us (95%) 15556 us (99%).
I0911 22:11:23.003118 2932018 AriaExecutor.h:535] Worker 15 latency: 11305 us (50%) 13481 us (75%) 15175 us (95%) 15561 us (99%).
I0911 22:11:23.066416 2932018 Coordinator.h:177] total commit: 860524
I0911 22:11:24.066525 2932018 Coordinator.h:192] Coordinator exits.
