I1126 18:17:47.545992 1074509 Database.h:65] ycsb initialization finished in 30 milliseconds.
I1126 18:17:47.546092 1074509 Coordinator.h:30] Coordinator initializes 12 workers.
I1126 18:17:47.546986 1074509 Coordinator.h:77] Coordinator starts to run 13 workers.
I1126 18:17:47.547046 1074525 AriaExecutor.h:91] AriaExecutor 0 started. 
I1126 18:17:47.547080 1074526 AriaExecutor.h:91] AriaExecutor 1 started. 
I1126 18:17:47.547119 1074527 AriaExecutor.h:91] AriaExecutor 2 started. 
I1126 18:17:47.547164 1074528 AriaExecutor.h:91] AriaExecutor 3 started. 
I1126 18:17:47.547261 1074530 AriaExecutor.h:91] AriaExecutor 5 started. 
I1126 18:17:47.547297 1074531 AriaExecutor.h:91] AriaExecutor 6 started. 
I1126 18:17:47.547340 1074532 AriaExecutor.h:91] AriaExecutor 7 started. 
I1126 18:17:47.547376 1074533 AriaExecutor.h:91] AriaExecutor 8 started. 
I1126 18:17:47.547417 1074534 AriaExecutor.h:91] AriaExecutor 9 started. 
I1126 18:17:47.547461 1074535 AriaExecutor.h:91] AriaExecutor 10 started. 
I1126 18:17:47.547508 1074536 AriaExecutor.h:91] AriaExecutor 11 started. 
I1126 18:17:47.547538 1074529 AriaExecutor.h:91] AriaExecutor 4 started. 
I1126 18:17:47.547540 1074537 Manager.h:224] Manager(worker id = 12) on the coordinator node started.
I1126 18:17:48.547606 1074509 Coordinator.h:126] commit: 922111 abort: 489889 (0/489889/0), network size: 0, avg network size: 0, si_in_serializable: 0 0 %, local: 0 %
I1126 18:17:49.547719 1074509 Coordinator.h:126] commit: 919464 abort: 488536 (0/488536/0), network size: 0, avg network size: 0, si_in_serializable: 0 0 %, local: 0 %
I1126 18:17:50.547839 1074509 Coordinator.h:126] commit: 939395 abort: 499605 (0/499605/0), network size: 0, avg network size: 0, si_in_serializable: 0 0 %, local: 0 %
I1126 18:17:51.547948 1074509 Coordinator.h:126] commit: 927093 abort: 493907 (0/493907/0), network size: 0, avg network size: 0, si_in_serializable: 0 0 %, local: 0 %
I1126 18:17:52.548040 1074509 Coordinator.h:126] commit: 939120 abort: 499880 (0/499880/0), network size: 0, avg network size: 0, si_in_serializable: 0 0 %, local: 0 %
I1126 18:17:53.548144 1074509 Coordinator.h:126] commit: 934839 abort: 498161 (0/498161/0), network size: 0, avg network size: 0, si_in_serializable: 0 0 %, local: 0 %
I1126 18:17:54.548267 1074509 Coordinator.h:126] commit: 902942 abort: 480058 (0/480058/0), network size: 0, avg network size: 0, si_in_serializable: 0 0 %, local: 0 %
I1126 18:17:55.548372 1074509 Coordinator.h:126] commit: 947308 abort: 503692 (0/503692/0), network size: 0, avg network size: 0, si_in_serializable: 0 0 %, local: 0 %
I1126 18:17:56.548457 1074509 Coordinator.h:126] commit: 943318 abort: 501682 (0/501682/0), network size: 0, avg network size: 0, si_in_serializable: 0 0 %, local: 0 %
I1126 18:17:57.548561 1074509 Coordinator.h:126] commit: 947313 abort: 502687 (0/502687/0), network size: 0, avg network size: 0, si_in_serializable: 0 0 %, local: 0 %
I1126 18:17:58.548663 1074509 Coordinator.h:126] commit: 944197 abort: 501803 (0/501803/0), network size: 0, avg network size: 0, si_in_serializable: 0 0 %, local: 0 %
I1126 18:17:59.548760 1074509 Coordinator.h:126] commit: 946785 abort: 503215 (0/503215/0), network size: 0, avg network size: 0, si_in_serializable: 0 0 %, local: 0 %
I1126 18:18:00.548861 1074509 Coordinator.h:126] commit: 927861 abort: 494359 (0/494359/0), network size: 0, avg network size: 0, si_in_serializable: 0 0 %, local: 0 %
I1126 18:18:01.548965 1074509 Coordinator.h:126] commit: 869342 abort: 461438 (0/461438/0), network size: 0, avg network size: 0, si_in_serializable: 0 0 %, local: 0 %
I1126 18:18:02.549052 1074509 Coordinator.h:126] commit: 944831 abort: 502169 (0/502169/0), network size: 0, avg network size: 0, si_in_serializable: 0 0 %, local: 0 %
I1126 18:18:03.549151 1074509 Coordinator.h:126] commit: 944092 abort: 502772 (0/502772/0), network size: 0, avg network size: 0, si_in_serializable: 0 0 %, local: 0 %
I1126 18:18:04.549249 1074509 Coordinator.h:126] commit: 944669 abort: 502467 (0/502467/0), network size: 0, avg network size: 0, si_in_serializable: 0 0 %, local: 0 %
I1126 18:18:05.549329 1074509 Coordinator.h:126] commit: 945931 abort: 502069 (0/502069/0), network size: 0, avg network size: 0, si_in_serializable: 0 0 %, local: 0 %
I1126 18:18:06.549427 1074509 Coordinator.h:126] commit: 943434 abort: 503566 (0/503566/0), network size: 0, avg network size: 0, si_in_serializable: 0 0 %, local: 0 %
I1126 18:18:07.549512 1074509 Coordinator.h:126] commit: 943095 abort: 501905 (0/501905/0), network size: 0, avg network size: 0, si_in_serializable: 0 0 %, local: 0 %
I1126 18:18:08.549618 1074509 Coordinator.h:126] commit: 941811 abort: 501189 (0/501189/0), network size: 0, avg network size: 0, si_in_serializable: 0 0 %, local: 0 %
I1126 18:18:09.549714 1074509 Coordinator.h:126] commit: 942812 abort: 501188 (0/501188/0), network size: 0, avg network size: 0, si_in_serializable: 0 0 %, local: 0 %
I1126 18:18:10.549816 1074509 Coordinator.h:126] commit: 945849 abort: 504151 (0/504151/0), network size: 0, avg network size: 0, si_in_serializable: 0 0 %, local: 0 %
I1126 18:18:11.549921 1074509 Coordinator.h:126] commit: 929153 abort: 494847 (0/494847/0), network size: 0, avg network size: 0, si_in_serializable: 0 0 %, local: 0 %
I1126 18:18:12.550028 1074509 Coordinator.h:126] commit: 942449 abort: 502551 (0/502551/0), network size: 0, avg network size: 0, si_in_serializable: 0 0 %, local: 0 %
I1126 18:18:12.550055 1074509 Coordinator.h:152] average commit: 935424 abort: 497576 (0/497576/0), network size: 0, avg network size: 0, si_in_serializable: 0 0 %, local: 0 %
I1126 18:18:12.550099 1074527 AriaExecutor.h:103] AriaExecutor 2 exits. 
I1126 18:18:12.550099 1074537 Manager.h:227] Manager(worker id = 12) on the coordinator node exits.
I1126 18:18:12.550112 1074536 AriaExecutor.h:103] AriaExecutor 11 exits. 
I1126 18:18:12.550103 1074535 AriaExecutor.h:103] AriaExecutor 10 exits. 
I1126 18:18:12.550101 1074525 AriaExecutor.h:103] AriaExecutor 0 exits. 
I1126 18:18:12.550102 1074529 AriaExecutor.h:103] AriaExecutor 4 exits. 
I1126 18:18:12.550100 1074533 AriaExecutor.h:103] AriaExecutor 8 exits. 
I1126 18:18:12.550115 1074528 AriaExecutor.h:103] AriaExecutor 3 exits. 
I1126 18:18:12.550117 1074532 AriaExecutor.h:103] AriaExecutor 7 exits. 
I1126 18:18:12.550117 1074530 AriaExecutor.h:103] AriaExecutor 5 exits. 
I1126 18:18:12.550117 1074526 AriaExecutor.h:103] AriaExecutor 1 exits. 
I1126 18:18:12.550104 1074531 AriaExecutor.h:103] AriaExecutor 6 exits. 
I1126 18:18:12.550115 1074534 AriaExecutor.h:103] AriaExecutor 9 exits. 
I1126 18:18:12.550063 1074509 AriaExecutor.h:621] Worker 0 latency: 541 us (50%) 590 us (75%) 629 us (95%) 655 us (99%).
I1126 18:18:12.626441 1074509 AriaExecutor.h:621] Worker 1 latency: 540 us (50%) 588 us (75%) 628 us (95%) 653 us (99%).
I1126 18:18:12.710772 1074509 AriaExecutor.h:621] Worker 2 latency: 542 us (50%) 590 us (75%) 629 us (95%) 655 us (99%).
I1126 18:18:12.787402 1074509 AriaExecutor.h:621] Worker 3 latency: 542 us (50%) 589 us (75%) 628 us (95%) 654 us (99%).
I1126 18:18:12.869282 1074509 AriaExecutor.h:621] Worker 4 latency: 542 us (50%) 590 us (75%) 629 us (95%) 655 us (99%).
I1126 18:18:12.944741 1074509 AriaExecutor.h:621] Worker 5 latency: 540 us (50%) 588 us (75%) 627 us (95%) 653 us (99%).
I1126 18:18:13.026803 1074509 AriaExecutor.h:621] Worker 6 latency: 545 us (50%) 591 us (75%) 629 us (95%) 655 us (99%).
I1126 18:18:13.102481 1074509 AriaExecutor.h:621] Worker 7 latency: 541 us (50%) 588 us (75%) 627 us (95%) 653 us (99%).
I1126 18:18:13.185667 1074509 AriaExecutor.h:621] Worker 8 latency: 544 us (50%) 591 us (75%) 629 us (95%) 655 us (99%).
I1126 18:18:13.259846 1074509 AriaExecutor.h:621] Worker 9 latency: 542 us (50%) 589 us (75%) 628 us (95%) 654 us (99%).
I1126 18:18:13.341342 1074509 AriaExecutor.h:621] Worker 10 latency: 544 us (50%) 591 us (75%) 629 us (95%) 655 us (99%).
I1126 18:18:13.416021 1074509 AriaExecutor.h:621] Worker 11 latency: 543 us (50%) 589 us (75%) 628 us (95%) 654 us (99%).
I1126 18:18:13.496562 1074509 Coordinator.h:177] total commit: 935424
I1126 18:18:14.496675 1074509 Coordinator.h:192] Coordinator exits.
