I1126 13:24:26.583426 930804 Database.h:65] ycsb initialization finished in 30 milliseconds.
I1126 13:24:26.583526 930804 Coordinator.h:30] Coordinator initializes 12 workers.
I1126 13:24:26.655319 930804 Coordinator.h:77] Coordinator starts to run 13 workers.
I1126 13:24:26.655378 930820 AriaExecutor.h:82] AriaExecutor 0 started. 
I1126 13:24:26.655405 930821 AriaExecutor.h:82] AriaExecutor 1 started. 
I1126 13:24:26.655443 930822 AriaExecutor.h:82] AriaExecutor 2 started. 
I1126 13:24:26.655507 930823 AriaExecutor.h:82] AriaExecutor 3 started. 
I1126 13:24:26.655550 930824 AriaExecutor.h:82] AriaExecutor 4 started. 
I1126 13:24:26.655601 930825 AriaExecutor.h:82] AriaExecutor 5 started. 
I1126 13:24:26.655644 930826 AriaExecutor.h:82] AriaExecutor 6 started. 
I1126 13:24:26.655696 930827 AriaExecutor.h:82] AriaExecutor 7 started. 
I1126 13:24:26.655740 930828 AriaExecutor.h:82] AriaExecutor 8 started. 
I1126 13:24:26.655797 930829 AriaExecutor.h:82] AriaExecutor 9 started. 
I1126 13:24:26.655841 930830 AriaExecutor.h:82] AriaExecutor 10 started. 
I1126 13:24:26.655893 930831 AriaExecutor.h:82] AriaExecutor 11 started. 
I1126 13:24:26.655938 930832 Manager.h:224] Manager(worker id = 12) on the coordinator node started.
I1126 13:24:27.656016 930804 Coordinator.h:126] commit: 2111 abort: 157889 (0/157889/0), network size: 0, avg network size: 0, si_in_serializable: 0 0 %, local: 0 %
I1126 13:24:28.656153 930804 Coordinator.h:126] commit: 2047 abort: 157953 (0/157953/0), network size: 0, avg network size: 0, si_in_serializable: 0 0 %, local: 0 %
I1126 13:24:29.656288 930804 Coordinator.h:126] commit: 2204 abort: 167796 (0/167796/0), network size: 0, avg network size: 0, si_in_serializable: 0 0 %, local: 0 %
I1126 13:24:30.656402 930804 Coordinator.h:126] commit: 2161 abort: 167839 (0/167839/0), network size: 0, avg network size: 0, si_in_serializable: 0 0 %, local: 0 %
I1126 13:24:31.656504 930804 Coordinator.h:126] commit: 2064 abort: 158740 (0/158740/0), network size: 0, avg network size: 0, si_in_serializable: 0 0 %, local: 0 %
I1126 13:24:32.656601 930804 Coordinator.h:126] commit: 2165 abort: 167030 (0/167030/0), network size: 0, avg network size: 0, si_in_serializable: 0 0 %, local: 0 %
I1126 13:24:33.656728 930804 Coordinator.h:126] commit: 2251 abort: 167749 (0/167749/0), network size: 0, avg network size: 0, si_in_serializable: 0 0 %, local: 0 %
I1126 13:24:34.656836 930804 Coordinator.h:126] commit: 2166 abort: 167834 (0/167834/0), network size: 0, avg network size: 0, si_in_serializable: 0 0 %, local: 0 %
I1126 13:24:35.656934 930804 Coordinator.h:126] commit: 2204 abort: 167796 (0/167796/0), network size: 0, avg network size: 0, si_in_serializable: 0 0 %, local: 0 %
I1126 13:24:36.657034 930804 Coordinator.h:126] commit: 2195 abort: 167805 (0/167805/0), network size: 0, avg network size: 0, si_in_serializable: 0 0 %, local: 0 %
I1126 13:24:37.657138 930804 Coordinator.h:126] commit: 2178 abort: 167822 (0/167822/0), network size: 0, avg network size: 0, si_in_serializable: 0 0 %, local: 0 %
I1126 13:24:38.657238 930804 Coordinator.h:126] commit: 2179 abort: 167821 (0/167821/0), network size: 0, avg network size: 0, si_in_serializable: 0 0 %, local: 0 %
I1126 13:24:39.657339 930804 Coordinator.h:126] commit: 2183 abort: 167817 (0/167817/0), network size: 0, avg network size: 0, si_in_serializable: 0 0 %, local: 0 %
I1126 13:24:40.657461 930804 Coordinator.h:126] commit: 2055 abort: 157945 (0/157945/0), network size: 0, avg network size: 0, si_in_serializable: 0 0 %, local: 0 %
I1126 13:24:41.657567 930804 Coordinator.h:126] commit: 2176 abort: 167824 (0/167824/0), network size: 0, avg network size: 0, si_in_serializable: 0 0 %, local: 0 %
I1126 13:24:42.657666 930804 Coordinator.h:126] commit: 2157 abort: 167843 (0/167843/0), network size: 0, avg network size: 0, si_in_serializable: 0 0 %, local: 0 %
I1126 13:24:43.657765 930804 Coordinator.h:126] commit: 2214 abort: 167786 (0/167786/0), network size: 0, avg network size: 0, si_in_serializable: 0 0 %, local: 0 %
I1126 13:24:44.657867 930804 Coordinator.h:126] commit: 2218 abort: 167782 (0/167782/0), network size: 0, avg network size: 0, si_in_serializable: 0 0 %, local: 0 %
I1126 13:24:45.657971 930804 Coordinator.h:126] commit: 2197 abort: 167803 (0/167803/0), network size: 0, avg network size: 0, si_in_serializable: 0 0 %, local: 0 %
I1126 13:24:46.658070 930804 Coordinator.h:126] commit: 2230 abort: 167770 (0/167770/0), network size: 0, avg network size: 0, si_in_serializable: 0 0 %, local: 0 %
I1126 13:24:47.658167 930804 Coordinator.h:126] commit: 2100 abort: 157900 (0/157900/0), network size: 0, avg network size: 0, si_in_serializable: 0 0 %, local: 0 %
I1126 13:24:48.658265 930804 Coordinator.h:126] commit: 2223 abort: 167777 (0/167777/0), network size: 0, avg network size: 0, si_in_serializable: 0 0 %, local: 0 %
I1126 13:24:49.658366 930804 Coordinator.h:126] commit: 2230 abort: 167770 (0/167770/0), network size: 0, avg network size: 0, si_in_serializable: 0 0 %, local: 0 %
I1126 13:24:50.658492 930804 Coordinator.h:126] commit: 2203 abort: 167797 (0/167797/0), network size: 0, avg network size: 0, si_in_serializable: 0 0 %, local: 0 %
I1126 13:24:51.658599 930804 Coordinator.h:126] commit: 2178 abort: 167822 (0/167822/0), network size: 0, avg network size: 0, si_in_serializable: 0 0 %, local: 0 %
I1126 13:24:51.658623 930804 Coordinator.h:152] average commit: 2178.7 abort: 166821 (0/166821/0), network size: 0, avg network size: 0, si_in_serializable: 0 0 %, local: 0 %
I1126 13:24:51.658635 930804 AriaExecutor.h:535] Worker 0 latency: 58793 us (50%) 59109 us (75%) 60390 us (95%) 68291 us (99%).
I1126 13:24:51.714493 930826 AriaExecutor.h:94] AriaExecutor 6 exits. 
I1126 13:24:51.714509 930829 AriaExecutor.h:94] AriaExecutor 9 exits. 
I1126 13:24:51.714522 930832 Manager.h:227] Manager(worker id = 12) on the coordinator node exits.
I1126 13:24:51.714497 930828 AriaExecutor.h:94] AriaExecutor 8 exits. 
I1126 13:24:51.714498 930830 AriaExecutor.h:94] AriaExecutor 10 exits. 
I1126 13:24:51.714494 930822 AriaExecutor.h:94] AriaExecutor 2 exits. 
I1126 13:24:51.714493 930820 AriaExecutor.h:94] AriaExecutor 0 exits. 
I1126 13:24:51.714509 930827 AriaExecutor.h:94] AriaExecutor 7 exits. 
I1126 13:24:51.714509 930821 AriaExecutor.h:94] AriaExecutor 1 exits. 
I1126 13:24:51.714509 930823 AriaExecutor.h:94] AriaExecutor 3 exits. 
I1126 13:24:51.714510 930825 AriaExecutor.h:94] AriaExecutor 5 exits. 
I1126 13:24:51.714524 930831 AriaExecutor.h:94] AriaExecutor 11 exits. 
I1126 13:24:51.714494 930824 AriaExecutor.h:94] AriaExecutor 4 exits. 
I1126 13:24:51.714852 930804 AriaExecutor.h:535] Worker 1 latency: 58771 us (50%) 59096 us (75%) 60448 us (95%) 68238 us (99%).
I1126 13:24:51.715144 930804 AriaExecutor.h:535] Worker 2 latency: 58780 us (50%) 59100 us (75%) 60368 us (95%) 68247 us (99%).
I1126 13:24:51.715417 930804 AriaExecutor.h:535] Worker 3 latency: 58751 us (50%) 59078 us (75%) 60511 us (95%) 68266 us (99%).
I1126 13:24:51.715682 930804 AriaExecutor.h:535] Worker 4 latency: 58792 us (50%) 59104 us (75%) 60345 us (95%) 68703 us (99%).
I1126 13:24:51.715965 930804 AriaExecutor.h:535] Worker 5 latency: 58758 us (50%) 59089 us (75%) 60407 us (95%) 68152 us (99%).
I1126 13:24:51.716243 930804 AriaExecutor.h:535] Worker 6 latency: 58771 us (50%) 59097 us (75%) 60387 us (95%) 68219 us (99%).
I1126 13:24:51.716511 930804 AriaExecutor.h:535] Worker 7 latency: 58747 us (50%) 59076 us (75%) 60458 us (95%) 68272 us (99%).
I1126 13:24:51.716773 930804 AriaExecutor.h:535] Worker 8 latency: 58777 us (50%) 59097 us (75%) 60336 us (95%) 68250 us (99%).
I1126 13:24:51.717042 930804 AriaExecutor.h:535] Worker 9 latency: 58751 us (50%) 59076 us (75%) 60479 us (95%) 68017 us (99%).
I1126 13:24:51.717306 930804 AriaExecutor.h:535] Worker 10 latency: 58778 us (50%) 59113 us (75%) 60431 us (95%) 68815 us (99%).
I1126 13:24:51.717564 930804 AriaExecutor.h:535] Worker 11 latency: 58748 us (50%) 59078 us (75%) 60451 us (95%) 68168 us (99%).
I1126 13:24:51.717844 930804 Coordinator.h:177] total commit: 2178.7
I1126 13:24:52.717949 930804 Coordinator.h:192] Coordinator exits.
