I1126 17:10:14.707968 1049791 Database.h:65] ycsb initialization finished in 30 milliseconds.
I1126 17:10:14.708065 1049791 Coordinator.h:30] Coordinator initializes 12 workers.
I1126 17:10:14.714921 1049791 Coordinator.h:77] Coordinator starts to run 13 workers.
I1126 17:10:14.714982 1049807 AriaExecutor.h:91] AriaExecutor 0 started. 
I1126 17:10:14.715009 1049808 AriaExecutor.h:91] AriaExecutor 1 started. 
I1126 17:10:14.715059 1049809 AriaExecutor.h:91] AriaExecutor 2 started. 
I1126 17:10:14.715098 1049810 AriaExecutor.h:91] AriaExecutor 3 started. 
I1126 17:10:14.715178 1049812 AriaExecutor.h:91] AriaExecutor 5 started. 
I1126 17:10:14.715214 1049813 AriaExecutor.h:91] AriaExecutor 6 started. 
I1126 17:10:14.715255 1049814 AriaExecutor.h:91] AriaExecutor 7 started. 
I1126 17:10:14.715291 1049815 AriaExecutor.h:91] AriaExecutor 8 started. 
I1126 17:10:14.715329 1049816 AriaExecutor.h:91] AriaExecutor 9 started. 
I1126 17:10:14.715364 1049817 AriaExecutor.h:91] AriaExecutor 10 started. 
I1126 17:10:14.715411 1049818 AriaExecutor.h:91] AriaExecutor 11 started. 
I1126 17:10:14.715440 1049811 AriaExecutor.h:91] AriaExecutor 4 started. 
I1126 17:10:14.715445 1049819 Manager.h:224] Manager(worker id = 12) on the coordinator node started.
I1126 17:10:15.715509 1049791 Coordinator.h:126] commit: 1888787 abort: 121213 (0/121213/0), network size: 0, avg network size: 0, si_in_serializable: 0 0 %, local: 0 %
I1126 17:10:16.715620 1049791 Coordinator.h:126] commit: 1869474 abort: 120526 (0/120526/0), network size: 0, avg network size: 0, si_in_serializable: 0 0 %, local: 0 %
I1126 17:10:17.715730 1049791 Coordinator.h:126] commit: 1897975 abort: 122025 (0/122025/0), network size: 0, avg network size: 0, si_in_serializable: 0 0 %, local: 0 %
I1126 17:10:18.715837 1049791 Coordinator.h:126] commit: 1898291 abort: 121709 (0/121709/0), network size: 0, avg network size: 0, si_in_serializable: 0 0 %, local: 0 %
I1126 17:10:19.715929 1049791 Coordinator.h:126] commit: 1907130 abort: 122870 (0/122870/0), network size: 0, avg network size: 0, si_in_serializable: 0 0 %, local: 0 %
I1126 17:10:20.716029 1049791 Coordinator.h:126] commit: 1907533 abort: 122467 (0/122467/0), network size: 0, avg network size: 0, si_in_serializable: 0 0 %, local: 0 %
I1126 17:10:21.716116 1049791 Coordinator.h:126] commit: 1841353 abort: 118647 (0/118647/0), network size: 0, avg network size: 0, si_in_serializable: 0 0 %, local: 0 %
I1126 17:10:22.716203 1049791 Coordinator.h:126] commit: 1907094 abort: 122906 (0/122906/0), network size: 0, avg network size: 0, si_in_serializable: 0 0 %, local: 0 %
I1126 17:10:23.716316 1049791 Coordinator.h:126] commit: 1897624 abort: 122520 (0/122520/0), network size: 0, avg network size: 0, si_in_serializable: 0 0 %, local: 0 %
I1126 17:10:24.716423 1049791 Coordinator.h:126] commit: 1916217 abort: 123638 (0/123638/0), network size: 0, avg network size: 0, si_in_serializable: 0 0 %, local: 0 %
I1126 17:10:25.716506 1049791 Coordinator.h:126] commit: 1906936 abort: 123064 (0/123064/0), network size: 0, avg network size: 0, si_in_serializable: 0 0 %, local: 0 %
I1126 17:10:26.716588 1049791 Coordinator.h:126] commit: 1916714 abort: 123286 (0/123286/0), network size: 0, avg network size: 0, si_in_serializable: 0 0 %, local: 0 %
I1126 17:10:27.716665 1049791 Coordinator.h:126] commit: 1917099 abort: 122901 (0/122901/0), network size: 0, avg network size: 0, si_in_serializable: 0 0 %, local: 0 %
I1126 17:10:28.716748 1049791 Coordinator.h:126] commit: 1822838 abort: 117162 (0/117162/0), network size: 0, avg network size: 0, si_in_serializable: 0 0 %, local: 0 %
I1126 17:10:29.716852 1049791 Coordinator.h:126] commit: 1917244 abort: 122756 (0/122756/0), network size: 0, avg network size: 0, si_in_serializable: 0 0 %, local: 0 %
I1126 17:10:30.716948 1049791 Coordinator.h:126] commit: 1916285 abort: 123715 (0/123715/0), network size: 0, avg network size: 0, si_in_serializable: 0 0 %, local: 0 %
I1126 17:10:31.717049 1049791 Coordinator.h:126] commit: 1907733 abort: 122267 (0/122267/0), network size: 0, avg network size: 0, si_in_serializable: 0 0 %, local: 0 %
I1126 17:10:32.717139 1049791 Coordinator.h:126] commit: 1907447 abort: 122553 (0/122553/0), network size: 0, avg network size: 0, si_in_serializable: 0 0 %, local: 0 %
I1126 17:10:33.717239 1049791 Coordinator.h:126] commit: 1916949 abort: 123051 (0/123051/0), network size: 0, avg network size: 0, si_in_serializable: 0 0 %, local: 0 %
I1126 17:10:34.717322 1049791 Coordinator.h:126] commit: 1897887 abort: 122113 (0/122113/0), network size: 0, avg network size: 0, si_in_serializable: 0 0 %, local: 0 %
I1126 17:10:35.717406 1049791 Coordinator.h:126] commit: 1916596 abort: 123404 (0/123404/0), network size: 0, avg network size: 0, si_in_serializable: 0 0 %, local: 0 %
I1126 17:10:36.717485 1049791 Coordinator.h:126] commit: 1888652 abort: 121348 (0/121348/0), network size: 0, avg network size: 0, si_in_serializable: 0 0 %, local: 0 %
I1126 17:10:37.717566 1049791 Coordinator.h:126] commit: 1916792 abort: 123208 (0/123208/0), network size: 0, avg network size: 0, si_in_serializable: 0 0 %, local: 0 %
I1126 17:10:38.717653 1049791 Coordinator.h:126] commit: 1907198 abort: 122802 (0/122802/0), network size: 0, avg network size: 0, si_in_serializable: 0 0 %, local: 0 %
I1126 17:10:39.717784 1049791 Coordinator.h:126] commit: 1888343 abort: 121657 (0/121657/0), network size: 0, avg network size: 0, si_in_serializable: 0 0 %, local: 0 %
I1126 17:10:39.717818 1049791 Coordinator.h:152] average commit: 1.90271e+06 abort: 122287 (0/122287/0), network size: 0, avg network size: 0, si_in_serializable: 0 0 %, local: 0 %
I1126 17:10:39.718787 1049809 AriaExecutor.h:103] AriaExecutor 2 exits. 
I1126 17:10:39.718794 1049813 AriaExecutor.h:103] AriaExecutor 6 exits. 
I1126 17:10:39.718791 1049817 AriaExecutor.h:103] AriaExecutor 10 exits. 
I1126 17:10:39.718788 1049807 AriaExecutor.h:103] AriaExecutor 0 exits. 
I1126 17:10:39.718802 1049814 AriaExecutor.h:103] AriaExecutor 7 exits. 
I1126 17:10:39.718793 1049815 AriaExecutor.h:103] AriaExecutor 8 exits. 
I1126 17:10:39.718806 1049819 Manager.h:227] Manager(worker id = 12) on the coordinator node exits.
I1126 17:10:39.718803 1049818 AriaExecutor.h:103] AriaExecutor 11 exits. 
I1126 17:10:39.718803 1049810 AriaExecutor.h:103] AriaExecutor 3 exits. 
I1126 17:10:39.718803 1049812 AriaExecutor.h:103] AriaExecutor 5 exits. 
I1126 17:10:39.718806 1049816 AriaExecutor.h:103] AriaExecutor 9 exits. 
I1126 17:10:39.718806 1049808 AriaExecutor.h:103] AriaExecutor 1 exits. 
I1126 17:10:39.718791 1049811 AriaExecutor.h:103] AriaExecutor 4 exits. 
I1126 17:10:39.717828 1049791 AriaExecutor.h:621] Worker 0 latency: 3513 us (50%) 3937 us (75%) 4277 us (95%) 4373 us (99%).
I1126 17:10:39.867487 1049791 AriaExecutor.h:621] Worker 1 latency: 3477 us (50%) 3918 us (75%) 4271 us (95%) 4367 us (99%).
I1126 17:10:40.031823 1049791 AriaExecutor.h:621] Worker 2 latency: 3522 us (50%) 3943 us (75%) 4278 us (95%) 4373 us (99%).
I1126 17:10:40.180488 1049791 AriaExecutor.h:621] Worker 3 latency: 3476 us (50%) 3919 us (75%) 4271 us (95%) 4368 us (99%).
I1126 17:10:40.345528 1049791 AriaExecutor.h:621] Worker 4 latency: 3518 us (50%) 3941 us (75%) 4277 us (95%) 4372 us (99%).
I1126 17:10:40.495926 1049791 AriaExecutor.h:621] Worker 5 latency: 3482 us (50%) 3922 us (75%) 4273 us (95%) 4370 us (99%).
I1126 17:10:40.664775 1049791 AriaExecutor.h:621] Worker 6 latency: 3504 us (50%) 3933 us (75%) 4274 us (95%) 4369 us (99%).
I1126 17:10:40.816812 1049791 AriaExecutor.h:621] Worker 7 latency: 3481 us (50%) 3920 us (75%) 4270 us (95%) 4365 us (99%).
I1126 17:10:40.986835 1049791 AriaExecutor.h:621] Worker 8 latency: 3503 us (50%) 3932 us (75%) 4274 us (95%) 4370 us (99%).
I1126 17:10:41.136016 1049791 AriaExecutor.h:621] Worker 9 latency: 3475 us (50%) 3917 us (75%) 4270 us (95%) 4366 us (99%).
I1126 17:10:41.308354 1049791 AriaExecutor.h:621] Worker 10 latency: 3520 us (50%) 3942 us (75%) 4277 us (95%) 4372 us (99%).
I1126 17:10:41.459216 1049791 AriaExecutor.h:621] Worker 11 latency: 3473 us (50%) 3917 us (75%) 4269 us (95%) 4365 us (99%).
I1126 17:10:41.623293 1049791 Coordinator.h:177] total commit: 1.90271e+06
I1126 17:10:42.623422 1049791 Coordinator.h:192] Coordinator exits.
