I1126 14:06:21.592150 956791 Database.h:65] ycsb initialization finished in 30 milliseconds.
I1126 14:06:21.592249 956791 Coordinator.h:30] Coordinator initializes 12 workers.
I1126 14:06:21.599073 956791 Coordinator.h:77] Coordinator starts to run 13 workers.
I1126 14:06:21.599135 956807 AriaExecutor.h:91] AriaExecutor 0 started. 
I1126 14:06:21.599170 956808 AriaExecutor.h:91] AriaExecutor 1 started. 
I1126 14:06:21.599213 956809 AriaExecutor.h:91] AriaExecutor 2 started. 
I1126 14:06:21.599256 956810 AriaExecutor.h:91] AriaExecutor 3 started. 
I1126 14:06:21.599299 956811 AriaExecutor.h:91] AriaExecutor 4 started. 
I1126 14:06:21.599337 956812 AriaExecutor.h:91] AriaExecutor 5 started. 
I1126 14:06:21.599371 956813 AriaExecutor.h:91] AriaExecutor 6 started. 
I1126 14:06:21.599421 956814 AriaExecutor.h:91] AriaExecutor 7 started. 
I1126 14:06:21.599472 956815 AriaExecutor.h:91] AriaExecutor 8 started. 
I1126 14:06:21.599526 956816 AriaExecutor.h:91] AriaExecutor 9 started. 
I1126 14:06:21.599584 956817 AriaExecutor.h:91] AriaExecutor 10 started. 
I1126 14:06:21.599633 956818 AriaExecutor.h:91] AriaExecutor 11 started. 
I1126 14:06:21.599680 956819 Manager.h:224] Manager(worker id = 12) on the coordinator node started.
I1126 14:06:22.599740 956791 Coordinator.h:126] commit: 954524 abort: 335476 (0/335476/0), network size: 0, avg network size: 0, si_in_serializable: 0 0 %, local: 0 %
I1126 14:06:23.599872 956791 Coordinator.h:126] commit: 953840 abort: 336160 (0/336160/0), network size: 0, avg network size: 0, si_in_serializable: 0 0 %, local: 0 %
I1126 14:06:24.599998 956791 Coordinator.h:126] commit: 969861 abort: 340139 (0/340139/0), network size: 0, avg network size: 0, si_in_serializable: 0 0 %, local: 0 %
I1126 14:06:25.600103 956791 Coordinator.h:126] commit: 961865 abort: 338135 (0/338135/0), network size: 0, avg network size: 0, si_in_serializable: 0 0 %, local: 0 %
I1126 14:06:26.600203 956791 Coordinator.h:126] commit: 970112 abort: 339888 (0/339888/0), network size: 0, avg network size: 0, si_in_serializable: 0 0 %, local: 0 %
I1126 14:06:27.600301 956791 Coordinator.h:126] commit: 961795 abort: 338205 (0/338205/0), network size: 0, avg network size: 0, si_in_serializable: 0 0 %, local: 0 %
I1126 14:06:28.600427 956791 Coordinator.h:126] commit: 947568 abort: 332432 (0/332432/0), network size: 0, avg network size: 0, si_in_serializable: 0 0 %, local: 0 %
I1126 14:06:29.600535 956791 Coordinator.h:126] commit: 968851 abort: 341149 (0/341149/0), network size: 0, avg network size: 0, si_in_serializable: 0 0 %, local: 0 %
I1126 14:06:30.600636 956791 Coordinator.h:126] commit: 969038 abort: 340962 (0/340962/0), network size: 0, avg network size: 0, si_in_serializable: 0 0 %, local: 0 %
I1126 14:06:31.600733 956791 Coordinator.h:126] commit: 969126 abort: 340874 (0/340874/0), network size: 0, avg network size: 0, si_in_serializable: 0 0 %, local: 0 %
I1126 14:06:32.600827 956791 Coordinator.h:126] commit: 970315 abort: 339685 (0/339685/0), network size: 0, avg network size: 0, si_in_serializable: 0 0 %, local: 0 %
I1126 14:06:33.600925 956791 Coordinator.h:126] commit: 977320 abort: 342680 (0/342680/0), network size: 0, avg network size: 0, si_in_serializable: 0 0 %, local: 0 %
I1126 14:06:34.601024 956791 Coordinator.h:126] commit: 969890 abort: 340110 (0/340110/0), network size: 0, avg network size: 0, si_in_serializable: 0 0 %, local: 0 %
I1126 14:06:35.601122 956791 Coordinator.h:126] commit: 917552 abort: 322448 (0/322448/0), network size: 0, avg network size: 0, si_in_serializable: 0 0 %, local: 0 %
I1126 14:06:36.601253 956791 Coordinator.h:126] commit: 962294 abort: 337706 (0/337706/0), network size: 0, avg network size: 0, si_in_serializable: 0 0 %, local: 0 %
I1126 14:06:37.601365 956791 Coordinator.h:126] commit: 969666 abort: 340334 (0/340334/0), network size: 0, avg network size: 0, si_in_serializable: 0 0 %, local: 0 %
I1126 14:06:38.601464 956791 Coordinator.h:126] commit: 969302 abort: 340698 (0/340698/0), network size: 0, avg network size: 0, si_in_serializable: 0 0 %, local: 0 %
I1126 14:06:39.601558 956791 Coordinator.h:126] commit: 968861 abort: 341139 (0/341139/0), network size: 0, avg network size: 0, si_in_serializable: 0 0 %, local: 0 %
I1126 14:06:40.601652 956791 Coordinator.h:126] commit: 961346 abort: 338654 (0/338654/0), network size: 0, avg network size: 0, si_in_serializable: 0 0 %, local: 0 %
I1126 14:06:41.601751 956791 Coordinator.h:126] commit: 971189 abort: 340879 (0/340879/0), network size: 0, avg network size: 0, si_in_serializable: 0 0 %, local: 0 %
I1126 14:06:42.601850 956791 Coordinator.h:126] commit: 969614 abort: 340186 (0/340186/0), network size: 0, avg network size: 0, si_in_serializable: 0 0 %, local: 0 %
I1126 14:06:43.601949 956791 Coordinator.h:126] commit: 967829 abort: 340303 (0/340303/0), network size: 0, avg network size: 0, si_in_serializable: 0 0 %, local: 0 %
I1126 14:06:44.602046 956791 Coordinator.h:126] commit: 969552 abort: 340448 (0/340448/0), network size: 0, avg network size: 0, si_in_serializable: 0 0 %, local: 0 %
I1126 14:06:45.602142 956791 Coordinator.h:126] commit: 969394 abort: 340606 (0/340606/0), network size: 0, avg network size: 0, si_in_serializable: 0 0 %, local: 0 %
I1126 14:06:46.602239 956791 Coordinator.h:126] commit: 962251 abort: 337749 (0/337749/0), network size: 0, avg network size: 0, si_in_serializable: 0 0 %, local: 0 %
I1126 14:06:46.602267 956791 Coordinator.h:152] average commit: 963774 abort: 338433 (0/338433/0), network size: 0, avg network size: 0, si_in_serializable: 0 0 %, local: 0 %
I1126 14:06:46.611661 956811 AriaExecutor.h:103] AriaExecutor 4 exits. 
I1126 14:06:46.611675 956810 AriaExecutor.h:103] AriaExecutor 3 exits. 
I1126 14:06:46.611691 956818 AriaExecutor.h:103] AriaExecutor 11 exits. 
I1126 14:06:46.611668 956817 AriaExecutor.h:103] AriaExecutor 10 exits. 
I1126 14:06:46.611668 956813 AriaExecutor.h:103] AriaExecutor 6 exits. 
I1126 14:06:46.611668 956809 AriaExecutor.h:103] AriaExecutor 2 exits. 
I1126 14:06:46.611677 956814 AriaExecutor.h:103] AriaExecutor 7 exits. 
I1126 14:06:46.611675 956816 AriaExecutor.h:103] AriaExecutor 9 exits. 
I1126 14:06:46.611676 956812 AriaExecutor.h:103] AriaExecutor 5 exits. 
I1126 14:06:46.611677 956808 AriaExecutor.h:103] AriaExecutor 1 exits. 
I1126 14:06:46.611665 956819 Manager.h:227] Manager(worker id = 12) on the coordinator node exits.
I1126 14:06:46.611666 956807 AriaExecutor.h:103] AriaExecutor 0 exits. 
I1126 14:06:46.611666 956815 AriaExecutor.h:103] AriaExecutor 8 exits. 
I1126 14:06:46.602277 956791 AriaExecutor.h:649] Worker 0 latency: 5965 us (50%) 6410 us (75%) 6727 us (95%) 6832 us (99%).
I1126 14:06:46.681422 956791 AriaExecutor.h:649] Worker 1 latency: 5955 us (50%) 6404 us (75%) 6723 us (95%) 6827 us (99%).
I1126 14:06:46.768190 956791 AriaExecutor.h:649] Worker 2 latency: 5972 us (50%) 6411 us (75%) 6723 us (95%) 6825 us (99%).
I1126 14:06:46.847782 956791 AriaExecutor.h:649] Worker 3 latency: 5958 us (50%) 6408 us (75%) 6727 us (95%) 6829 us (99%).
I1126 14:06:46.933136 956791 AriaExecutor.h:649] Worker 4 latency: 5965 us (50%) 6409 us (75%) 6725 us (95%) 6828 us (99%).
I1126 14:06:47.010814 956791 AriaExecutor.h:649] Worker 5 latency: 5962 us (50%) 6408 us (75%) 6726 us (95%) 6829 us (99%).
I1126 14:06:47.094908 956791 AriaExecutor.h:649] Worker 6 latency: 5978 us (50%) 6418 us (75%) 6729 us (95%) 6832 us (99%).
I1126 14:06:47.171476 956791 AriaExecutor.h:649] Worker 7 latency: 5956 us (50%) 6407 us (75%) 6725 us (95%) 6827 us (99%).
I1126 14:06:47.257126 956791 AriaExecutor.h:649] Worker 8 latency: 5968 us (50%) 6412 us (75%) 6726 us (95%) 6829 us (99%).
I1126 14:06:47.333977 956791 AriaExecutor.h:649] Worker 9 latency: 5960 us (50%) 6408 us (75%) 6726 us (95%) 6829 us (99%).
I1126 14:06:47.418231 956791 AriaExecutor.h:649] Worker 10 latency: 5974 us (50%) 6414 us (75%) 6727 us (95%) 6831 us (99%).
I1126 14:06:47.496927 956791 AriaExecutor.h:649] Worker 11 latency: 5964 us (50%) 6411 us (75%) 6727 us (95%) 6829 us (99%).
I1126 14:06:47.581661 956791 Coordinator.h:177] total commit: 963774
I1126 14:06:48.581776 956791 Coordinator.h:192] Coordinator exits.
