I0911 23:06:55.364894 2942857 Database.h:65] ycsb initialization finished in 148 milliseconds.
I0911 23:06:55.365012 2942857 Coordinator.h:30] Coordinator initializes 16 workers.
I0911 23:06:55.396234 2942857 Coordinator.h:77] Coordinator starts to run 17 workers.
I0911 23:06:55.396293 2942879 AriaExecutor.h:82] AriaExecutor 0 started. 
I0911 23:06:55.396328 2942880 AriaExecutor.h:82] AriaExecutor 1 started. 
I0911 23:06:55.396369 2942881 AriaExecutor.h:82] AriaExecutor 2 started. 
I0911 23:06:55.396420 2942882 AriaExecutor.h:82] AriaExecutor 3 started. 
I0911 23:06:55.396452 2942883 AriaExecutor.h:82] AriaExecutor 4 started. 
I0911 23:06:55.396494 2942884 AriaExecutor.h:82] AriaExecutor 5 started. 
I0911 23:06:55.396528 2942885 AriaExecutor.h:82] AriaExecutor 6 started. 
I0911 23:06:55.396576 2942886 AriaExecutor.h:82] AriaExecutor 7 started. 
I0911 23:06:55.396610 2942887 AriaExecutor.h:82] AriaExecutor 8 started. 
I0911 23:06:55.396656 2942888 AriaExecutor.h:82] AriaExecutor 9 started. 
I0911 23:06:55.396697 2942889 AriaExecutor.h:82] AriaExecutor 10 started. 
I0911 23:06:55.396737 2942890 AriaExecutor.h:82] AriaExecutor 11 started. 
I0911 23:06:55.396772 2942891 AriaExecutor.h:82] AriaExecutor 12 started. 
I0911 23:06:55.396816 2942892 AriaExecutor.h:82] AriaExecutor 13 started. 
I0911 23:06:55.396850 2942893 AriaExecutor.h:82] AriaExecutor 14 started. 
I0911 23:06:55.396896 2942894 AriaExecutor.h:82] AriaExecutor 15 started. 
I0911 23:06:55.396942 2942895 Manager.h:224] Manager(worker id = 16) on the coordinator node started.
I0911 23:06:56.396987 2942857 Coordinator.h:126] commit: 108514 abort: 88094 (0/88094/0), network size: 0, avg network size: 0, si_in_serializable: 0 0 %, local: 0 %
I0911 23:06:57.397109 2942857 Coordinator.h:126] commit: 117659 abort: 95333 (0/95333/0), network size: 0, avg network size: 0, si_in_serializable: 0 0 %, local: 0 %
I0911 23:06:58.397188 2942857 Coordinator.h:126] commit: 113205 abort: 91595 (0/91595/0), network size: 0, avg network size: 0, si_in_serializable: 0 0 %, local: 0 %
I0911 23:06:59.397274 2942857 Coordinator.h:126] commit: 112577 abort: 92223 (0/92223/0), network size: 0, avg network size: 0, si_in_serializable: 0 0 %, local: 0 %
I0911 23:07:00.397387 2942857 Coordinator.h:126] commit: 119445 abort: 97643 (0/97643/0), network size: 0, avg network size: 0, si_in_serializable: 0 0 %, local: 0 %
I0911 23:07:01.397472 2942857 Coordinator.h:126] commit: 119404 abort: 97684 (0/97684/0), network size: 0, avg network size: 0, si_in_serializable: 0 0 %, local: 0 %
I0911 23:07:02.397548 2942857 Coordinator.h:126] commit: 119504 abort: 97584 (0/97584/0), network size: 0, avg network size: 0, si_in_serializable: 0 0 %, local: 0 %
I0911 23:07:03.397625 2942857 Coordinator.h:126] commit: 117696 abort: 95296 (0/95296/0), network size: 0, avg network size: 0, si_in_serializable: 0 0 %, local: 0 %
I0911 23:07:04.397696 2942857 Coordinator.h:126] commit: 121979 abort: 99205 (0/99205/0), network size: 0, avg network size: 0, si_in_serializable: 0 0 %, local: 0 %
I0911 23:07:05.397764 2942857 Coordinator.h:126] commit: 115099 abort: 93797 (0/93797/0), network size: 0, avg network size: 0, si_in_serializable: 0 0 %, local: 0 %
I0911 23:07:06.397827 2942857 Coordinator.h:126] commit: 117393 abort: 95599 (0/95599/0), network size: 0, avg network size: 0, si_in_serializable: 0 0 %, local: 0 %
I0911 23:07:07.397914 2942857 Coordinator.h:126] commit: 119499 abort: 97589 (0/97589/0), network size: 0, avg network size: 0, si_in_serializable: 0 0 %, local: 0 %
I0911 23:07:08.397985 2942857 Coordinator.h:126] commit: 119617 abort: 97471 (0/97471/0), network size: 0, avg network size: 0, si_in_serializable: 0 0 %, local: 0 %
I0911 23:07:09.398053 2942857 Coordinator.h:126] commit: 119440 abort: 97648 (0/97648/0), network size: 0, avg network size: 0, si_in_serializable: 0 0 %, local: 0 %
I0911 23:07:10.398116 2942857 Coordinator.h:126] commit: 119474 abort: 97614 (0/97614/0), network size: 0, avg network size: 0, si_in_serializable: 0 0 %, local: 0 %
I0911 23:07:11.398182 2942857 Coordinator.h:126] commit: 121301 abort: 98149 (0/98149/0), network size: 0, avg network size: 0, si_in_serializable: 0 0 %, local: 0 %
I0911 23:07:12.398259 2942857 Coordinator.h:126] commit: 120473 abort: 98349 (0/98349/0), network size: 0, avg network size: 0, si_in_serializable: 0 0 %, local: 0 %
I0911 23:07:13.398335 2942857 Coordinator.h:126] commit: 119661 abort: 97427 (0/97427/0), network size: 0, avg network size: 0, si_in_serializable: 0 0 %, local: 0 %
I0911 23:07:14.398407 2942857 Coordinator.h:126] commit: 119399 abort: 97689 (0/97689/0), network size: 0, avg network size: 0, si_in_serializable: 0 0 %, local: 0 %
I0911 23:07:15.398478 2942857 Coordinator.h:126] commit: 117371 abort: 95621 (0/95621/0), network size: 0, avg network size: 0, si_in_serializable: 0 0 %, local: 0 %
I0911 23:07:16.398551 2942857 Coordinator.h:126] commit: 117451 abort: 95541 (0/95541/0), network size: 0, avg network size: 0, si_in_serializable: 0 0 %, local: 0 %
I0911 23:07:17.398653 2942857 Coordinator.h:126] commit: 119941 abort: 97147 (0/97147/0), network size: 0, avg network size: 0, si_in_serializable: 0 0 %, local: 0 %
I0911 23:07:18.398727 2942857 Coordinator.h:126] commit: 121927 abort: 99257 (0/99257/0), network size: 0, avg network size: 0, si_in_serializable: 0 0 %, local: 0 %
I0911 23:07:19.398794 2942857 Coordinator.h:126] commit: 119624 abort: 97464 (0/97464/0), network size: 0, avg network size: 0, si_in_serializable: 0 0 %, local: 0 %
I0911 23:07:20.398865 2942857 Coordinator.h:126] commit: 119650 abort: 97438 (0/97438/0), network size: 0, avg network size: 0, si_in_serializable: 0 0 %, local: 0 %
I0911 23:07:20.398880 2942857 Coordinator.h:152] average commit: 119363 abort: 97315.6 (0/97315.6/0), network size: 0, avg network size: 0, si_in_serializable: 0 0 %, local: 0 %
I0911 23:07:20.398891 2942857 AriaExecutor.h:641] Worker 0 latency: 14845 us (50%) 16511 us (75%) 17586 us (95%) 18717 us (99%).
I0911 23:07:20.410753 2942887 AriaExecutor.h:94] AriaExecutor 8 exits. 
I0911 23:07:20.410764 2942892 AriaExecutor.h:94] AriaExecutor 13 exits. 
I0911 23:07:20.410792 2942890 AriaExecutor.h:94] AriaExecutor 11 exits. 
I0911 23:07:20.410748 2942895 Manager.h:227] Manager(worker id = 16) on the coordinator node exits.
I0911 23:07:20.410753 2942883 AriaExecutor.h:94] AriaExecutor 4 exits. 
I0911 23:07:20.410751 2942891 AriaExecutor.h:94] AriaExecutor 12 exits. 
I0911 23:07:20.410781 2942882 AriaExecutor.h:94] AriaExecutor 3 exits. 
I0911 23:07:20.410754 2942879 AriaExecutor.h:94] AriaExecutor 0 exits. 
I0911 23:07:20.410763 2942888 AriaExecutor.h:94] AriaExecutor 9 exits. 
I0911 23:07:20.410763 2942894 AriaExecutor.h:94] AriaExecutor 15 exits. 
I0911 23:07:20.410765 2942886 AriaExecutor.h:94] AriaExecutor 7 exits. 
I0911 23:07:20.410766 2942880 AriaExecutor.h:94] AriaExecutor 1 exits. 
I0911 23:07:20.410750 2942889 AriaExecutor.h:94] AriaExecutor 10 exits. 
I0911 23:07:20.410753 2942893 AriaExecutor.h:94] AriaExecutor 14 exits. 
I0911 23:07:20.410753 2942885 AriaExecutor.h:94] AriaExecutor 6 exits. 
I0911 23:07:20.410755 2942881 AriaExecutor.h:94] AriaExecutor 2 exits. 
I0911 23:07:20.410763 2942884 AriaExecutor.h:94] AriaExecutor 5 exits. 
I0911 23:07:20.411068 2942857 AriaExecutor.h:641] Worker 1 latency: 14799 us (50%) 16486 us (75%) 17577 us (95%) 18690 us (99%).
I0911 23:07:20.420641 2942857 AriaExecutor.h:641] Worker 2 latency: 14835 us (50%) 16499 us (75%) 17576 us (95%) 18713 us (99%).
I0911 23:07:20.430099 2942857 AriaExecutor.h:641] Worker 3 latency: 14806 us (50%) 16486 us (75%) 17577 us (95%) 18700 us (99%).
I0911 23:07:20.439697 2942857 AriaExecutor.h:641] Worker 4 latency: 14802 us (50%) 16490 us (75%) 17580 us (95%) 18695 us (99%).
I0911 23:07:20.449491 2942857 AriaExecutor.h:641] Worker 5 latency: 14771 us (50%) 16479 us (75%) 17580 us (95%) 18698 us (99%).
I0911 23:07:20.459111 2942857 AriaExecutor.h:641] Worker 6 latency: 14827 us (50%) 16493 us (75%) 17571 us (95%) 18679 us (99%).
I0911 23:07:20.468685 2942857 AriaExecutor.h:641] Worker 7 latency: 14796 us (50%) 16487 us (75%) 17578 us (95%) 18718 us (99%).
I0911 23:07:20.478331 2942857 AriaExecutor.h:641] Worker 8 latency: 14809 us (50%) 16495 us (75%) 17579 us (95%) 18708 us (99%).
I0911 23:07:20.487818 2942857 AriaExecutor.h:641] Worker 9 latency: 14796 us (50%) 16486 us (75%) 17578 us (95%) 18693 us (99%).
I0911 23:07:20.497383 2942857 AriaExecutor.h:641] Worker 10 latency: 14841 us (50%) 16502 us (75%) 17574 us (95%) 18722 us (99%).
I0911 23:07:20.506894 2942857 AriaExecutor.h:641] Worker 11 latency: 14807 us (50%) 16488 us (75%) 17574 us (95%) 18685 us (99%).
I0911 23:07:20.516513 2942857 AriaExecutor.h:641] Worker 12 latency: 14821 us (50%) 16494 us (75%) 17570 us (95%) 18698 us (99%).
I0911 23:07:20.526322 2942857 AriaExecutor.h:641] Worker 13 latency: 14788 us (50%) 16485 us (75%) 17579 us (95%) 18699 us (99%).
I0911 23:07:20.535966 2942857 AriaExecutor.h:641] Worker 14 latency: 14826 us (50%) 16496 us (75%) 17569 us (95%) 18685 us (99%).
I0911 23:07:20.545398 2942857 AriaExecutor.h:641] Worker 15 latency: 14813 us (50%) 16488 us (75%) 17572 us (95%) 18695 us (99%).
I0911 23:07:20.554867 2942857 Coordinator.h:177] total commit: 119363
I0911 23:07:21.554970 2942857 Coordinator.h:192] Coordinator exits.
