I0911 22:47:53.426800 2939056 Database.h:65] ycsb initialization finished in 146 milliseconds.
I0911 22:47:53.426921 2939056 Coordinator.h:30] Coordinator initializes 16 workers.
I0911 22:47:53.434736 2939056 Coordinator.h:77] Coordinator starts to run 17 workers.
I0911 22:47:53.434787 2939077 AriaExecutor.h:82] AriaExecutor 0 started. 
I0911 22:47:53.434824 2939078 AriaExecutor.h:82] AriaExecutor 1 started. 
I0911 22:47:53.434864 2939079 AriaExecutor.h:82] AriaExecutor 2 started. 
I0911 22:47:53.434918 2939080 AriaExecutor.h:82] AriaExecutor 3 started. 
I0911 22:47:53.434937 2939081 AriaExecutor.h:82] AriaExecutor 4 started. 
I0911 22:47:53.434986 2939082 AriaExecutor.h:82] AriaExecutor 5 started. 
I0911 22:47:53.435017 2939083 AriaExecutor.h:82] AriaExecutor 6 started. 
I0911 22:47:53.435061 2939084 AriaExecutor.h:82] AriaExecutor 7 started. 
I0911 22:47:53.435096 2939085 AriaExecutor.h:82] AriaExecutor 8 started. 
I0911 22:47:53.435137 2939086 AriaExecutor.h:82] AriaExecutor 9 started. 
I0911 22:47:53.435170 2939087 AriaExecutor.h:82] AriaExecutor 10 started. 
I0911 22:47:53.435213 2939088 AriaExecutor.h:82] AriaExecutor 11 started. 
I0911 22:47:53.435247 2939089 AriaExecutor.h:82] AriaExecutor 12 started. 
I0911 22:47:53.435297 2939090 AriaExecutor.h:82] AriaExecutor 13 started. 
I0911 22:47:53.435335 2939091 AriaExecutor.h:82] AriaExecutor 14 started. 
I0911 22:47:53.435372 2939092 AriaExecutor.h:82] AriaExecutor 15 started. 
I0911 22:47:53.435408 2939093 Manager.h:224] Manager(worker id = 16) on the coordinator node started.
I0911 22:47:54.435464 2939056 Coordinator.h:126] commit: 9370 abort: 197478 (0/197478/0), network size: 0, avg network size: 0, si_in_serializable: 0 0 %, local: 0 %
I0911 22:47:55.435591 2939056 Coordinator.h:126] commit: 9410 abort: 195390 (0/195390/0), network size: 0, avg network size: 0, si_in_serializable: 0 0 %, local: 0 %
I0911 22:47:56.435684 2939056 Coordinator.h:126] commit: 9105 abort: 191599 (0/191599/0), network size: 0, avg network size: 0, si_in_serializable: 0 0 %, local: 0 %
I0911 22:47:57.435782 2939056 Coordinator.h:126] commit: 9039 abort: 190641 (0/190641/0), network size: 0, avg network size: 0, si_in_serializable: 0 0 %, local: 0 %
I0911 22:47:58.435904 2939056 Coordinator.h:126] commit: 9513 abort: 199383 (0/199383/0), network size: 0, avg network size: 0, si_in_serializable: 0 0 %, local: 0 %
I0911 22:47:59.435989 2939056 Coordinator.h:126] commit: 9567 abort: 201377 (0/201377/0), network size: 0, avg network size: 0, si_in_serializable: 0 0 %, local: 0 %
I0911 22:48:00.436079 2939056 Coordinator.h:126] commit: 9463 abort: 200457 (0/200457/0), network size: 0, avg network size: 0, si_in_serializable: 0 0 %, local: 0 %
I0911 22:48:01.436170 2939056 Coordinator.h:126] commit: 9408 abort: 199488 (0/199488/0), network size: 0, avg network size: 0, si_in_serializable: 0 0 %, local: 0 %
I0911 22:48:02.436254 2939056 Coordinator.h:126] commit: 9218 abort: 195582 (0/195582/0), network size: 0, avg network size: 0, si_in_serializable: 0 0 %, local: 0 %
I0911 22:48:03.436331 2939056 Coordinator.h:126] commit: 9185 abort: 196639 (0/196639/0), network size: 0, avg network size: 0, si_in_serializable: 0 0 %, local: 0 %
I0911 22:48:04.436406 2939056 Coordinator.h:126] commit: 9590 abort: 201354 (0/201354/0), network size: 0, avg network size: 0, si_in_serializable: 0 0 %, local: 0 %
I0911 22:48:05.436515 2939056 Coordinator.h:126] commit: 9486 abort: 200434 (0/200434/0), network size: 0, avg network size: 0, si_in_serializable: 0 0 %, local: 0 %
I0911 22:48:06.436596 2939056 Coordinator.h:126] commit: 9538 abort: 202274 (0/202274/0), network size: 0, avg network size: 0, si_in_serializable: 0 0 %, local: 0 %
I0911 22:48:07.436669 2939056 Coordinator.h:126] commit: 9495 abort: 201605 (0/201605/0), network size: 0, avg network size: 0, si_in_serializable: 0 0 %, local: 0 %
I0911 22:48:08.436746 2939056 Coordinator.h:126] commit: 9570 abort: 201374 (0/201374/0), network size: 0, avg network size: 0, si_in_serializable: 0 0 %, local: 0 %
I0911 22:48:09.436829 2939056 Coordinator.h:126] commit: 9500 abort: 202468 (0/202468/0), network size: 0, avg network size: 0, si_in_serializable: 0 0 %, local: 0 %
I0911 22:48:10.436913 2939056 Coordinator.h:126] commit: 9550 abort: 202418 (0/202418/0), network size: 0, avg network size: 0, si_in_serializable: 0 0 %, local: 0 %
I0911 22:48:11.436998 2939056 Coordinator.h:126] commit: 9556 abort: 201388 (0/201388/0), network size: 0, avg network size: 0, si_in_serializable: 0 0 %, local: 0 %
I0911 22:48:12.437072 2939056 Coordinator.h:126] commit: 9422 abort: 202546 (0/202546/0), network size: 0, avg network size: 0, si_in_serializable: 0 0 %, local: 0 %
I0911 22:48:13.437147 2939056 Coordinator.h:126] commit: 9435 abort: 201509 (0/201509/0), network size: 0, avg network size: 0, si_in_serializable: 0 0 %, local: 0 %
I0911 22:48:14.437228 2939056 Coordinator.h:126] commit: 9405 abort: 197443 (0/197443/0), network size: 0, avg network size: 0, si_in_serializable: 0 0 %, local: 0 %
I0911 22:48:15.437307 2939056 Coordinator.h:126] commit: 9560 abort: 198312 (0/198312/0), network size: 0, avg network size: 0, si_in_serializable: 0 0 %, local: 0 %
I0911 22:48:16.437381 2939056 Coordinator.h:126] commit: 9572 abort: 201372 (0/201372/0), network size: 0, avg network size: 0, si_in_serializable: 0 0 %, local: 0 %
I0911 22:48:17.437482 2939056 Coordinator.h:126] commit: 9543 abort: 201401 (0/201401/0), network size: 0, avg network size: 0, si_in_serializable: 0 0 %, local: 0 %
I0911 22:48:18.437562 2939056 Coordinator.h:126] commit: 9541 abort: 201403 (0/201403/0), network size: 0, avg network size: 0, si_in_serializable: 0 0 %, local: 0 %
I0911 22:48:18.437573 2939056 Coordinator.h:152] average commit: 9514.2 abort: 201737 (0/201737/0), network size: 0, avg network size: 0, si_in_serializable: 0 0 %, local: 0 %
I0911 22:48:18.437582 2939056 AriaExecutor.h:535] Worker 0 latency: 4756 us (50%) 4803 us (75%) 4875 us (95%) 5044 us (99%).
I0911 22:48:18.442392 2939083 AriaExecutor.h:94] AriaExecutor 6 exits. 
I0911 22:48:18.442392 2939089 AriaExecutor.h:94] AriaExecutor 12 exits. 
I0911 22:48:18.442411 2939092 AriaExecutor.h:94] AriaExecutor 15 exits. 
I0911 22:48:18.442395 2939087 AriaExecutor.h:94] AriaExecutor 10 exits. 
I0911 22:48:18.442392 2939093 Manager.h:227] Manager(worker id = 16) on the coordinator node exits.
I0911 22:48:18.442394 2939085 AriaExecutor.h:94] AriaExecutor 8 exits. 
I0911 22:48:18.442396 2939079 AriaExecutor.h:94] AriaExecutor 2 exits. 
I0911 22:48:18.442397 2939077 AriaExecutor.h:94] AriaExecutor 0 exits. 
I0911 22:48:18.442394 2939091 AriaExecutor.h:94] AriaExecutor 14 exits. 
I0911 22:48:18.442407 2939080 AriaExecutor.h:94] AriaExecutor 3 exits. 
I0911 22:48:18.442392 2939081 AriaExecutor.h:94] AriaExecutor 4 exits. 
I0911 22:48:18.442407 2939078 AriaExecutor.h:94] AriaExecutor 1 exits. 
I0911 22:48:18.442407 2939086 AriaExecutor.h:94] AriaExecutor 9 exits. 
I0911 22:48:18.442407 2939090 AriaExecutor.h:94] AriaExecutor 13 exits. 
I0911 22:48:18.442413 2939084 AriaExecutor.h:94] AriaExecutor 7 exits. 
I0911 22:48:18.442409 2939082 AriaExecutor.h:94] AriaExecutor 5 exits. 
I0911 22:48:18.442407 2939088 AriaExecutor.h:94] AriaExecutor 11 exits. 
I0911 22:48:18.442647 2939056 AriaExecutor.h:535] Worker 1 latency: 4754 us (50%) 4801 us (75%) 4874 us (95%) 5068 us (99%).
I0911 22:48:18.443608 2939056 AriaExecutor.h:535] Worker 2 latency: 4756 us (50%) 4803 us (75%) 4875 us (95%) 5148 us (99%).
I0911 22:48:18.444351 2939056 AriaExecutor.h:535] Worker 3 latency: 4754 us (50%) 4803 us (75%) 4875 us (95%) 5122 us (99%).
I0911 22:48:18.445215 2939056 AriaExecutor.h:535] Worker 4 latency: 4753 us (50%) 4802 us (75%) 4874 us (95%) 5063 us (99%).
I0911 22:48:18.446002 2939056 AriaExecutor.h:535] Worker 5 latency: 4754 us (50%) 4801 us (75%) 4873 us (95%) 5065 us (99%).
I0911 22:48:18.446830 2939056 AriaExecutor.h:535] Worker 6 latency: 4755 us (50%) 4803 us (75%) 4874 us (95%) 5079 us (99%).
I0911 22:48:18.447551 2939056 AriaExecutor.h:535] Worker 7 latency: 4752 us (50%) 4801 us (75%) 4873 us (95%) 5136 us (99%).
I0911 22:48:18.448344 2939056 AriaExecutor.h:535] Worker 8 latency: 4753 us (50%) 4801 us (75%) 4875 us (95%) 5139 us (99%).
I0911 22:48:18.449054 2939056 AriaExecutor.h:535] Worker 9 latency: 4751 us (50%) 4799 us (75%) 4870 us (95%) 5034 us (99%).
I0911 22:48:18.449821 2939056 AriaExecutor.h:535] Worker 10 latency: 4752 us (50%) 4801 us (75%) 4874 us (95%) 5120 us (99%).
I0911 22:48:18.450488 2939056 AriaExecutor.h:535] Worker 11 latency: 4749 us (50%) 4799 us (75%) 4873 us (95%) 5130 us (99%).
I0911 22:48:18.451203 2939056 AriaExecutor.h:535] Worker 12 latency: 4749 us (50%) 4799 us (75%) 4871 us (95%) 5164 us (99%).
I0911 22:48:18.451844 2939056 AriaExecutor.h:535] Worker 13 latency: 4751 us (50%) 4799 us (75%) 4873 us (95%) 5161 us (99%).
I0911 22:48:18.452538 2939056 AriaExecutor.h:535] Worker 14 latency: 4750 us (50%) 4799 us (75%) 4874 us (95%) 5196 us (99%).
I0911 22:48:18.453163 2939056 AriaExecutor.h:535] Worker 15 latency: 4748 us (50%) 4798 us (75%) 4871 us (95%) 5213 us (99%).
I0911 22:48:18.453847 2939056 Coordinator.h:177] total commit: 9514.2
I0911 22:48:19.453954 2939056 Coordinator.h:192] Coordinator exits.
