I1126 17:10:42.730298 1050008 Database.h:65] ycsb initialization finished in 29 milliseconds.
I1126 17:10:42.730393 1050008 Coordinator.h:30] Coordinator initializes 12 workers.
I1126 17:10:42.731242 1050008 Coordinator.h:77] Coordinator starts to run 13 workers.
I1126 17:10:42.731293 1050024 AriaExecutor.h:91] AriaExecutor 0 started. 
I1126 17:10:42.731328 1050025 AriaExecutor.h:91] AriaExecutor 1 started. 
I1126 17:10:42.731371 1050026 AriaExecutor.h:91] AriaExecutor 2 started. 
I1126 17:10:42.731416 1050027 AriaExecutor.h:91] AriaExecutor 3 started. 
I1126 17:10:42.731498 1050029 AriaExecutor.h:91] AriaExecutor 5 started. 
I1126 17:10:42.731532 1050030 AriaExecutor.h:91] AriaExecutor 6 started. 
I1126 17:10:42.731567 1050031 AriaExecutor.h:91] AriaExecutor 7 started. 
I1126 17:10:42.731609 1050032 AriaExecutor.h:91] AriaExecutor 8 started. 
I1126 17:10:42.731648 1050033 AriaExecutor.h:91] AriaExecutor 9 started. 
I1126 17:10:42.731683 1050034 AriaExecutor.h:91] AriaExecutor 10 started. 
I1126 17:10:42.731732 1050035 AriaExecutor.h:91] AriaExecutor 11 started. 
I1126 17:10:42.731760 1050028 AriaExecutor.h:91] AriaExecutor 4 started. 
I1126 17:10:42.731765 1050036 Manager.h:224] Manager(worker id = 12) on the coordinator node started.
I1126 17:10:43.731829 1050008 Coordinator.h:126] commit: 2189926 abort: 10074 (0/10074/0), network size: 0, avg network size: 0, si_in_serializable: 0 0 %, local: 0 %
I1126 17:10:44.731948 1050008 Coordinator.h:126] commit: 2170380 abort: 9620 (0/9620/0), network size: 0, avg network size: 0, si_in_serializable: 0 0 %, local: 0 %
I1126 17:10:45.732061 1050008 Coordinator.h:126] commit: 2183272 abort: 9728 (0/9728/0), network size: 0, avg network size: 0, si_in_serializable: 0 0 %, local: 0 %
I1126 17:10:46.732153 1050008 Coordinator.h:126] commit: 2221223 abort: 9777 (0/9777/0), network size: 0, avg network size: 0, si_in_serializable: 0 0 %, local: 0 %
I1126 17:10:47.732249 1050008 Coordinator.h:126] commit: 2228051 abort: 9949 (0/9949/0), network size: 0, avg network size: 0, si_in_serializable: 0 0 %, local: 0 %
I1126 17:10:48.732329 1050008 Coordinator.h:126] commit: 2120366 abort: 9634 (0/9634/0), network size: 0, avg network size: 0, si_in_serializable: 0 0 %, local: 0 %
I1126 17:10:49.732435 1050008 Coordinator.h:126] commit: 2189597 abort: 9725 (0/9725/0), network size: 0, avg network size: 0, si_in_serializable: 0 0 %, local: 0 %
I1126 17:10:50.732515 1050008 Coordinator.h:126] commit: 2211850 abort: 9827 (0/9827/0), network size: 0, avg network size: 0, si_in_serializable: 0 0 %, local: 0 %
I1126 17:10:51.732604 1050008 Coordinator.h:126] commit: 2207261 abort: 9739 (0/9739/0), network size: 0, avg network size: 0, si_in_serializable: 0 0 %, local: 0 %
I1126 17:10:52.732705 1050008 Coordinator.h:126] commit: 2211218 abort: 9782 (0/9782/0), network size: 0, avg network size: 0, si_in_serializable: 0 0 %, local: 0 %
I1126 17:10:53.732784 1050008 Coordinator.h:126] commit: 2206114 abort: 9886 (0/9886/0), network size: 0, avg network size: 0, si_in_serializable: 0 0 %, local: 0 %
I1126 17:10:54.732865 1050008 Coordinator.h:126] commit: 1986139 abort: 8861 (0/8861/0), network size: 0, avg network size: 0, si_in_serializable: 0 0 %, local: 0 %
I1126 17:10:55.732944 1050008 Coordinator.h:126] commit: 2200203 abort: 9797 (0/9797/0), network size: 0, avg network size: 0, si_in_serializable: 0 0 %, local: 0 %
I1126 17:10:56.733047 1050008 Coordinator.h:126] commit: 2179776 abort: 9605 (0/9605/0), network size: 0, avg network size: 0, si_in_serializable: 0 0 %, local: 0 %
I1126 17:10:57.733132 1050008 Coordinator.h:126] commit: 2195895 abort: 9724 (0/9724/0), network size: 0, avg network size: 0, si_in_serializable: 0 0 %, local: 0 %
I1126 17:10:58.733233 1050008 Coordinator.h:126] commit: 2196332 abort: 9668 (0/9668/0), network size: 0, avg network size: 0, si_in_serializable: 0 0 %, local: 0 %
I1126 17:10:59.733317 1050008 Coordinator.h:126] commit: 2188184 abort: 9816 (0/9816/0), network size: 0, avg network size: 0, si_in_serializable: 0 0 %, local: 0 %
I1126 17:11:00.733415 1050008 Coordinator.h:126] commit: 2198220 abort: 9780 (0/9780/0), network size: 0, avg network size: 0, si_in_serializable: 0 0 %, local: 0 %
I1126 17:11:01.733515 1050008 Coordinator.h:126] commit: 2194364 abort: 9636 (0/9636/0), network size: 0, avg network size: 0, si_in_serializable: 0 0 %, local: 0 %
I1126 17:11:02.733608 1050008 Coordinator.h:126] commit: 2194157 abort: 9843 (0/9843/0), network size: 0, avg network size: 0, si_in_serializable: 0 0 %, local: 0 %
I1126 17:11:03.733695 1050008 Coordinator.h:126] commit: 2192195 abort: 9805 (0/9805/0), network size: 0, avg network size: 0, si_in_serializable: 0 0 %, local: 0 %
I1126 17:11:04.733795 1050008 Coordinator.h:126] commit: 2195318 abort: 9682 (0/9682/0), network size: 0, avg network size: 0, si_in_serializable: 0 0 %, local: 0 %
I1126 17:11:05.733875 1050008 Coordinator.h:126] commit: 1971428 abort: 8572 (0/8572/0), network size: 0, avg network size: 0, si_in_serializable: 0 0 %, local: 0 %
I1126 17:11:06.733954 1050008 Coordinator.h:126] commit: 1854689 abort: 8311 (0/8311/0), network size: 0, avg network size: 0, si_in_serializable: 0 0 %, local: 0 %
I1126 17:11:07.734038 1050008 Coordinator.h:126] commit: 2194356 abort: 9644 (0/9644/0), network size: 0, avg network size: 0, si_in_serializable: 0 0 %, local: 0 %
I1126 17:11:07.734074 1050008 Coordinator.h:152] average commit: 2.17394e+06 abort: 9661.6 (0/9661.6/0), network size: 0, avg network size: 0, si_in_serializable: 0 0 %, local: 0 %
I1126 17:11:07.734369 1050028 AriaExecutor.h:103] AriaExecutor 4 exits. 
I1126 17:11:07.734371 1050026 AriaExecutor.h:103] AriaExecutor 2 exits. 
I1126 17:11:07.734373 1050032 AriaExecutor.h:103] AriaExecutor 8 exits. 
I1126 17:11:07.734385 1050025 AriaExecutor.h:103] AriaExecutor 1 exits. 
I1126 17:11:07.734382 1050036 Manager.h:227] Manager(worker id = 12) on the coordinator node exits.
I1126 17:11:07.734371 1050030 AriaExecutor.h:103] AriaExecutor 6 exits. 
I1126 17:11:07.734383 1050027 AriaExecutor.h:103] AriaExecutor 3 exits. 
I1126 17:11:07.734373 1050024 AriaExecutor.h:103] AriaExecutor 0 exits. 
I1126 17:11:07.734385 1050033 AriaExecutor.h:103] AriaExecutor 9 exits. 
I1126 17:11:07.734371 1050034 AriaExecutor.h:103] AriaExecutor 10 exits. 
I1126 17:11:07.734383 1050035 AriaExecutor.h:103] AriaExecutor 11 exits. 
I1126 17:11:07.734383 1050031 AriaExecutor.h:103] AriaExecutor 7 exits. 
I1126 17:11:07.734383 1050029 AriaExecutor.h:103] AriaExecutor 5 exits. 
I1126 17:11:07.734084 1050008 AriaExecutor.h:621] Worker 0 latency: 303 us (50%) 349 us (75%) 390 us (95%) 404 us (99%).
I1126 17:11:07.894891 1050008 AriaExecutor.h:621] Worker 1 latency: 301 us (50%) 348 us (75%) 389 us (95%) 403 us (99%).
I1126 17:11:08.056231 1050008 AriaExecutor.h:621] Worker 2 latency: 304 us (50%) 349 us (75%) 390 us (95%) 404 us (99%).
I1126 17:11:08.215453 1050008 AriaExecutor.h:621] Worker 3 latency: 304 us (50%) 349 us (75%) 389 us (95%) 403 us (99%).
I1126 17:11:08.378991 1050008 AriaExecutor.h:621] Worker 4 latency: 305 us (50%) 350 us (75%) 390 us (95%) 404 us (99%).
I1126 17:11:08.536541 1050008 AriaExecutor.h:621] Worker 5 latency: 302 us (50%) 348 us (75%) 389 us (95%) 403 us (99%).
I1126 17:11:08.693998 1050008 AriaExecutor.h:621] Worker 6 latency: 308 us (50%) 351 us (75%) 390 us (95%) 404 us (99%).
I1126 17:11:08.848479 1050008 AriaExecutor.h:621] Worker 7 latency: 304 us (50%) 348 us (75%) 388 us (95%) 403 us (99%).
I1126 17:11:09.006636 1050008 AriaExecutor.h:621] Worker 8 latency: 307 us (50%) 351 us (75%) 390 us (95%) 404 us (99%).
I1126 17:11:09.163391 1050008 AriaExecutor.h:621] Worker 9 latency: 304 us (50%) 348 us (75%) 389 us (95%) 403 us (99%).
I1126 17:11:09.323621 1050008 AriaExecutor.h:621] Worker 10 latency: 308 us (50%) 351 us (75%) 390 us (95%) 404 us (99%).
I1126 17:11:09.483737 1050008 AriaExecutor.h:621] Worker 11 latency: 306 us (50%) 350 us (75%) 389 us (95%) 403 us (99%).
I1126 17:11:09.642944 1050008 Coordinator.h:177] total commit: 2.17394e+06
I1126 17:11:10.643057 1050008 Coordinator.h:192] Coordinator exits.
