I1126 13:47:56.124172 945680 Database.h:65] ycsb initialization finished in 30 milliseconds.
I1126 13:47:56.124270 945680 Coordinator.h:30] Coordinator initializes 12 workers.
I1126 13:47:56.131824 945680 Coordinator.h:77] Coordinator starts to run 13 workers.
I1126 13:47:56.131877 945696 AriaExecutor.h:82] AriaExecutor 0 started. 
I1126 13:47:56.131901 945697 AriaExecutor.h:82] AriaExecutor 1 started. 
I1126 13:47:56.131938 945698 AriaExecutor.h:82] AriaExecutor 2 started. 
I1126 13:47:56.131999 945699 AriaExecutor.h:82] AriaExecutor 3 started. 
I1126 13:47:56.132046 945700 AriaExecutor.h:82] AriaExecutor 4 started. 
I1126 13:47:56.132093 945701 AriaExecutor.h:82] AriaExecutor 5 started. 
I1126 13:47:56.132141 945702 AriaExecutor.h:82] AriaExecutor 6 started. 
I1126 13:47:56.132192 945703 AriaExecutor.h:82] AriaExecutor 7 started. 
I1126 13:47:56.132236 945704 AriaExecutor.h:82] AriaExecutor 8 started. 
I1126 13:47:56.132292 945705 AriaExecutor.h:82] AriaExecutor 9 started. 
I1126 13:47:56.132339 945706 AriaExecutor.h:82] AriaExecutor 10 started. 
I1126 13:47:56.132400 945707 AriaExecutor.h:82] AriaExecutor 11 started. 
I1126 13:47:56.132447 945708 Manager.h:224] Manager(worker id = 12) on the coordinator node started.
I1126 13:47:57.132507 945680 Coordinator.h:126] commit: 550828 abort: 297172 (0/297172/0), network size: 0, avg network size: 0, si_in_serializable: 0 0 %, local: 0 %
I1126 13:47:58.132627 945680 Coordinator.h:126] commit: 547353 abort: 298647 (0/298647/0), network size: 0, avg network size: 0, si_in_serializable: 0 0 %, local: 0 %
I1126 13:47:59.132747 945680 Coordinator.h:126] commit: 553778 abort: 301222 (0/301222/0), network size: 0, avg network size: 0, si_in_serializable: 0 0 %, local: 0 %
I1126 13:48:00.132848 945680 Coordinator.h:126] commit: 559658 abort: 305342 (0/305342/0), network size: 0, avg network size: 0, si_in_serializable: 0 0 %, local: 0 %
I1126 13:48:01.132958 945680 Coordinator.h:126] commit: 559207 abort: 304793 (0/304793/0), network size: 0, avg network size: 0, si_in_serializable: 0 0 %, local: 0 %
I1126 13:48:02.133047 945680 Coordinator.h:126] commit: 541831 abort: 294169 (0/294169/0), network size: 0, avg network size: 0, si_in_serializable: 0 0 %, local: 0 %
I1126 13:48:03.133141 945680 Coordinator.h:126] commit: 558701 abort: 302299 (0/302299/0), network size: 0, avg network size: 0, si_in_serializable: 0 0 %, local: 0 %
I1126 13:48:04.133255 945680 Coordinator.h:126] commit: 558331 abort: 303669 (0/303669/0), network size: 0, avg network size: 0, si_in_serializable: 0 0 %, local: 0 %
I1126 13:48:05.133354 945680 Coordinator.h:126] commit: 561716 abort: 305284 (0/305284/0), network size: 0, avg network size: 0, si_in_serializable: 0 0 %, local: 0 %
I1126 13:48:06.133448 945680 Coordinator.h:126] commit: 560286 abort: 303714 (0/303714/0), network size: 0, avg network size: 0, si_in_serializable: 0 0 %, local: 0 %
I1126 13:48:07.133538 945680 Coordinator.h:126] commit: 561417 abort: 304583 (0/304583/0), network size: 0, avg network size: 0, si_in_serializable: 0 0 %, local: 0 %
I1126 13:48:08.133631 945680 Coordinator.h:126] commit: 542321 abort: 294679 (0/294679/0), network size: 0, avg network size: 0, si_in_serializable: 0 0 %, local: 0 %
I1126 13:48:09.133723 945680 Coordinator.h:126] commit: 560741 abort: 305259 (0/305259/0), network size: 0, avg network size: 0, si_in_serializable: 0 0 %, local: 0 %
I1126 13:48:10.133816 945680 Coordinator.h:126] commit: 560989 abort: 305011 (0/305011/0), network size: 0, avg network size: 0, si_in_serializable: 0 0 %, local: 0 %
I1126 13:48:11.133908 945680 Coordinator.h:126] commit: 561530 abort: 304470 (0/304470/0), network size: 0, avg network size: 0, si_in_serializable: 0 0 %, local: 0 %
I1126 13:48:12.133999 945680 Coordinator.h:126] commit: 561400 abort: 303600 (0/303600/0), network size: 0, avg network size: 0, si_in_serializable: 0 0 %, local: 0 %
I1126 13:48:13.134090 945680 Coordinator.h:126] commit: 554218 abort: 300782 (0/300782/0), network size: 0, avg network size: 0, si_in_serializable: 0 0 %, local: 0 %
I1126 13:48:14.134182 945680 Coordinator.h:126] commit: 559308 abort: 303692 (0/303692/0), network size: 0, avg network size: 0, si_in_serializable: 0 0 %, local: 0 %
I1126 13:48:15.134274 945680 Coordinator.h:126] commit: 560619 abort: 304381 (0/304381/0), network size: 0, avg network size: 0, si_in_serializable: 0 0 %, local: 0 %
I1126 13:48:16.134366 945680 Coordinator.h:126] commit: 559471 abort: 304529 (0/304529/0), network size: 0, avg network size: 0, si_in_serializable: 0 0 %, local: 0 %
I1126 13:48:17.134459 945680 Coordinator.h:126] commit: 559988 abort: 305012 (0/305012/0), network size: 0, avg network size: 0, si_in_serializable: 0 0 %, local: 0 %
I1126 13:48:18.134572 945680 Coordinator.h:126] commit: 558822 abort: 304178 (0/304178/0), network size: 0, avg network size: 0, si_in_serializable: 0 0 %, local: 0 %
I1126 13:48:19.134670 945680 Coordinator.h:126] commit: 517568 abort: 280432 (0/280432/0), network size: 0, avg network size: 0, si_in_serializable: 0 0 %, local: 0 %
I1126 13:48:20.134764 945680 Coordinator.h:126] commit: 558215 abort: 303785 (0/303785/0), network size: 0, avg network size: 0, si_in_serializable: 0 0 %, local: 0 %
I1126 13:48:21.134855 945680 Coordinator.h:126] commit: 559444 abort: 305556 (0/305556/0), network size: 0, avg network size: 0, si_in_serializable: 0 0 %, local: 0 %
I1126 13:48:21.134877 945680 Coordinator.h:152] average commit: 558201 abort: 303099 (0/303099/0), network size: 0, avg network size: 0, si_in_serializable: 0 0 %, local: 0 %
I1126 13:48:21.136286 945708 Manager.h:227] Manager(worker id = 12) on the coordinator node exits.
I1126 13:48:21.136292 945700 AriaExecutor.h:94] AriaExecutor 4 exits. 
I1126 13:48:21.136293 945704 AriaExecutor.h:94] AriaExecutor 8 exits. 
I1126 13:48:21.136301 945697 AriaExecutor.h:94] AriaExecutor 1 exits. 
I1126 13:48:21.136320 945703 AriaExecutor.h:94] AriaExecutor 7 exits. 
I1126 13:48:21.136293 945698 AriaExecutor.h:94] AriaExecutor 2 exits. 
I1126 13:48:21.136303 945699 AriaExecutor.h:94] AriaExecutor 3 exits. 
I1126 13:48:21.136293 945706 AriaExecutor.h:94] AriaExecutor 10 exits. 
I1126 13:48:21.136301 945707 AriaExecutor.h:94] AriaExecutor 11 exits. 
I1126 13:48:21.136293 945696 AriaExecutor.h:94] AriaExecutor 0 exits. 
I1126 13:48:21.136312 945702 AriaExecutor.h:94] AriaExecutor 6 exits. 
I1126 13:48:21.136301 945705 AriaExecutor.h:94] AriaExecutor 9 exits. 
I1126 13:48:21.136301 945701 AriaExecutor.h:94] AriaExecutor 5 exits. 
I1126 13:48:21.134888 945680 AriaExecutor.h:535] Worker 0 latency: 800 us (50%) 970 us (75%) 1083 us (95%) 1108 us (99%).
I1126 13:48:21.185104 945680 AriaExecutor.h:535] Worker 1 latency: 800 us (50%) 970 us (75%) 1083 us (95%) 1107 us (99%).
I1126 13:48:21.234941 945680 AriaExecutor.h:535] Worker 2 latency: 800 us (50%) 970 us (75%) 1083 us (95%) 1107 us (99%).
I1126 13:48:21.283716 945680 AriaExecutor.h:535] Worker 3 latency: 800 us (50%) 969 us (75%) 1083 us (95%) 1107 us (99%).
I1126 13:48:21.332912 945680 AriaExecutor.h:535] Worker 4 latency: 803 us (50%) 971 us (75%) 1083 us (95%) 1107 us (99%).
I1126 13:48:21.382138 945680 AriaExecutor.h:535] Worker 5 latency: 801 us (50%) 970 us (75%) 1083 us (95%) 1107 us (99%).
I1126 13:48:21.430651 945680 AriaExecutor.h:535] Worker 6 latency: 803 us (50%) 971 us (75%) 1083 us (95%) 1107 us (99%).
I1126 13:48:21.478453 945680 AriaExecutor.h:535] Worker 7 latency: 802 us (50%) 969 us (75%) 1082 us (95%) 1107 us (99%).
I1126 13:48:21.527541 945680 AriaExecutor.h:535] Worker 8 latency: 802 us (50%) 970 us (75%) 1083 us (95%) 1107 us (99%).
I1126 13:48:21.576392 945680 AriaExecutor.h:535] Worker 9 latency: 801 us (50%) 969 us (75%) 1083 us (95%) 1107 us (99%).
I1126 13:48:21.625818 945680 AriaExecutor.h:535] Worker 10 latency: 802 us (50%) 970 us (75%) 1083 us (95%) 1107 us (99%).
I1126 13:48:21.674777 945680 AriaExecutor.h:535] Worker 11 latency: 801 us (50%) 969 us (75%) 1082 us (95%) 1107 us (99%).
I1126 13:48:21.723254 945680 Coordinator.h:177] total commit: 558201
I1126 13:48:22.723366 945680 Coordinator.h:192] Coordinator exits.
