I0911 22:25:05.880198 2934729 Database.h:65] ycsb initialization finished in 145 milliseconds.
I0911 22:25:05.880311 2934729 Coordinator.h:30] Coordinator initializes 16 workers.
I0911 22:25:05.910828 2934729 Coordinator.h:77] Coordinator starts to run 17 workers.
I0911 22:25:05.910889 2934749 AriaExecutor.h:82] AriaExecutor 0 started. 
I0911 22:25:05.910917 2934750 AriaExecutor.h:82] AriaExecutor 1 started. 
I0911 22:25:05.910969 2934751 AriaExecutor.h:82] AriaExecutor 2 started. 
I0911 22:25:05.911020 2934752 AriaExecutor.h:82] AriaExecutor 3 started. 
I0911 22:25:05.911051 2934753 AriaExecutor.h:82] AriaExecutor 4 started. 
I0911 22:25:05.911091 2934754 AriaExecutor.h:82] AriaExecutor 5 started. 
I0911 22:25:05.911126 2934755 AriaExecutor.h:82] AriaExecutor 6 started. 
I0911 22:25:05.911166 2934756 AriaExecutor.h:82] AriaExecutor 7 started. 
I0911 22:25:05.911211 2934757 AriaExecutor.h:82] AriaExecutor 8 started. 
I0911 22:25:05.911252 2934758 AriaExecutor.h:82] AriaExecutor 9 started. 
I0911 22:25:05.911286 2934759 AriaExecutor.h:82] AriaExecutor 10 started. 
I0911 22:25:05.911331 2934760 AriaExecutor.h:82] AriaExecutor 11 started. 
I0911 22:25:05.911365 2934761 AriaExecutor.h:82] AriaExecutor 12 started. 
I0911 22:25:05.911406 2934762 AriaExecutor.h:82] AriaExecutor 13 started. 
I0911 22:25:05.911455 2934763 AriaExecutor.h:82] AriaExecutor 14 started. 
I0911 22:25:05.911500 2934764 AriaExecutor.h:82] AriaExecutor 15 started. 
I0911 22:25:05.911540 2934765 Manager.h:224] Manager(worker id = 16) on the coordinator node started.
I0911 22:25:06.911603 2934729 Coordinator.h:126] commit: 1068672 abort: 29056 (0/29056/0), network size: 0, avg network size: 0, si_in_serializable: 0 0 %, local: 0 %
I0911 22:25:07.911712 2934729 Coordinator.h:126] commit: 1064510 abort: 29122 (0/29122/0), network size: 0, avg network size: 0, si_in_serializable: 0 0 %, local: 0 %
I0911 22:25:08.911798 2934729 Coordinator.h:126] commit: 1032648 abort: 28216 (0/28216/0), network size: 0, avg network size: 0, si_in_serializable: 0 0 %, local: 0 %
I0911 22:25:09.911888 2934729 Coordinator.h:126] commit: 1028663 abort: 28105 (0/28105/0), network size: 0, avg network size: 0, si_in_serializable: 0 0 %, local: 0 %
I0911 22:25:10.911989 2934729 Coordinator.h:126] commit: 1072291 abort: 29533 (0/29533/0), network size: 0, avg network size: 0, si_in_serializable: 0 0 %, local: 0 %
I0911 22:25:11.912071 2934729 Coordinator.h:126] commit: 1080480 abort: 29536 (0/29536/0), network size: 0, avg network size: 0, si_in_serializable: 0 0 %, local: 0 %
I0911 22:25:12.912144 2934729 Coordinator.h:126] commit: 1080660 abort: 29356 (0/29356/0), network size: 0, avg network size: 0, si_in_serializable: 0 0 %, local: 0 %
I0911 22:25:13.912220 2934729 Coordinator.h:126] commit: 1060663 abort: 28873 (0/28873/0), network size: 0, avg network size: 0, si_in_serializable: 0 0 %, local: 0 %
I0911 22:25:14.912294 2934729 Coordinator.h:126] commit: 1076070 abort: 29850 (0/29850/0), network size: 0, avg network size: 0, si_in_serializable: 0 0 %, local: 0 %
I0911 22:25:15.912377 2934729 Coordinator.h:126] commit: 1064552 abort: 29080 (0/29080/0), network size: 0, avg network size: 0, si_in_serializable: 0 0 %, local: 0 %
I0911 22:25:16.912456 2934729 Coordinator.h:126] commit: 1080435 abort: 29581 (0/29581/0), network size: 0, avg network size: 0, si_in_serializable: 0 0 %, local: 0 %
I0911 22:25:17.912533 2934729 Coordinator.h:126] commit: 1048602 abort: 28646 (0/28646/0), network size: 0, avg network size: 0, si_in_serializable: 0 0 %, local: 0 %
I0911 22:25:18.912613 2934729 Coordinator.h:126] commit: 1080531 abort: 29485 (0/29485/0), network size: 0, avg network size: 0, si_in_serializable: 0 0 %, local: 0 %
I0911 22:25:19.912699 2934729 Coordinator.h:126] commit: 1060547 abort: 28989 (0/28989/0), network size: 0, avg network size: 0, si_in_serializable: 0 0 %, local: 0 %
I0911 22:25:20.912801 2934729 Coordinator.h:126] commit: 1080745 abort: 29271 (0/29271/0), network size: 0, avg network size: 0, si_in_serializable: 0 0 %, local: 0 %
I0911 22:25:21.912887 2934729 Coordinator.h:126] commit: 1050646 abort: 28863 (0/28863/0), network size: 0, avg network size: 0, si_in_serializable: 0 0 %, local: 0 %
I0911 22:25:22.912940 2934729 Coordinator.h:126] commit: 1078007 abort: 29748 (0/29748/0), network size: 0, avg network size: 0, si_in_serializable: 0 0 %, local: 0 %
I0911 22:25:23.913017 2934729 Coordinator.h:126] commit: 1080324 abort: 29692 (0/29692/0), network size: 0, avg network size: 0, si_in_serializable: 0 0 %, local: 0 %
I0911 22:25:24.913092 2934729 Coordinator.h:126] commit: 1080320 abort: 29696 (0/29696/0), network size: 0, avg network size: 0, si_in_serializable: 0 0 %, local: 0 %
I0911 22:25:25.913167 2934729 Coordinator.h:126] commit: 1080447 abort: 29569 (0/29569/0), network size: 0, avg network size: 0, si_in_serializable: 0 0 %, local: 0 %
I0911 22:25:26.913244 2934729 Coordinator.h:126] commit: 1080433 abort: 29583 (0/29583/0), network size: 0, avg network size: 0, si_in_serializable: 0 0 %, local: 0 %
I0911 22:25:27.913316 2934729 Coordinator.h:126] commit: 1080520 abort: 29496 (0/29496/0), network size: 0, avg network size: 0, si_in_serializable: 0 0 %, local: 0 %
I0911 22:25:28.913396 2934729 Coordinator.h:126] commit: 1076118 abort: 29802 (0/29802/0), network size: 0, avg network size: 0, si_in_serializable: 0 0 %, local: 0 %
I0911 22:25:29.913479 2934729 Coordinator.h:126] commit: 1080549 abort: 29467 (0/29467/0), network size: 0, avg network size: 0, si_in_serializable: 0 0 %, local: 0 %
I0911 22:25:30.913558 2934729 Coordinator.h:126] commit: 1076286 abort: 29634 (0/29634/0), network size: 0, avg network size: 0, si_in_serializable: 0 0 %, local: 0 %
I0911 22:25:30.913573 2934729 Coordinator.h:152] average commit: 1.07206e+06 abort: 29354 (0/29354/0), network size: 0, avg network size: 0, si_in_serializable: 0 0 %, local: 0 %
I0911 22:25:30.914522 2934755 AriaExecutor.h:94] AriaExecutor 6 exits. 
I0911 22:25:30.914527 2934757 AriaExecutor.h:94] AriaExecutor 8 exits. 
I0911 22:25:30.914535 2934754 AriaExecutor.h:94] AriaExecutor 5 exits. 
I0911 22:25:30.914531 2934763 AriaExecutor.h:94] AriaExecutor 14 exits. 
I0911 22:25:30.914543 2934758 AriaExecutor.h:94] AriaExecutor 9 exits. 
I0911 22:25:30.914537 2934752 AriaExecutor.h:94] AriaExecutor 3 exits. 
I0911 22:25:30.914549 2934750 AriaExecutor.h:94] AriaExecutor 1 exits. 
I0911 22:25:30.914525 2934765 Manager.h:227] Manager(worker id = 16) on the coordinator node exits.
I0911 22:25:30.914549 2934760 AriaExecutor.h:94] AriaExecutor 11 exits. 
I0911 22:25:30.914549 2934762 AriaExecutor.h:94] AriaExecutor 13 exits. 
I0911 22:25:30.914532 2934753 AriaExecutor.h:94] AriaExecutor 4 exits. 
I0911 22:25:30.914549 2934764 AriaExecutor.h:94] AriaExecutor 15 exits. 
I0911 22:25:30.914531 2934749 AriaExecutor.h:94] AriaExecutor 0 exits. 
I0911 22:25:30.914549 2934756 AriaExecutor.h:94] AriaExecutor 7 exits. 
I0911 22:25:30.914528 2934751 AriaExecutor.h:94] AriaExecutor 2 exits. 
I0911 22:25:30.914531 2934759 AriaExecutor.h:94] AriaExecutor 10 exits. 
I0911 22:25:30.914527 2934761 AriaExecutor.h:94] AriaExecutor 12 exits. 
I0911 22:25:30.913581 2934729 AriaExecutor.h:535] Worker 0 latency: 2336 us (50%) 2931 us (75%) 3403 us (95%) 3501 us (99%).
I0911 22:25:30.982673 2934729 AriaExecutor.h:535] Worker 1 latency: 2333 us (50%) 2928 us (75%) 3401 us (95%) 3499 us (99%).
I0911 22:25:31.059391 2934729 AriaExecutor.h:535] Worker 2 latency: 2345 us (50%) 2936 us (75%) 3404 us (95%) 3501 us (99%).
I0911 22:25:31.129899 2934729 AriaExecutor.h:535] Worker 3 latency: 2336 us (50%) 2931 us (75%) 3402 us (95%) 3500 us (99%).
I0911 22:25:31.206729 2934729 AriaExecutor.h:535] Worker 4 latency: 2339 us (50%) 2933 us (75%) 3404 us (95%) 3502 us (99%).
I0911 22:25:31.274364 2934729 AriaExecutor.h:535] Worker 5 latency: 2332 us (50%) 2928 us (75%) 3401 us (95%) 3499 us (99%).
I0911 22:25:31.351137 2934729 AriaExecutor.h:535] Worker 6 latency: 2345 us (50%) 2935 us (75%) 3404 us (95%) 3501 us (99%).
I0911 22:25:31.418955 2934729 AriaExecutor.h:535] Worker 7 latency: 2336 us (50%) 2931 us (75%) 3402 us (95%) 3500 us (99%).
I0911 22:25:31.497040 2934729 AriaExecutor.h:535] Worker 8 latency: 2337 us (50%) 2930 us (75%) 3402 us (95%) 3500 us (99%).
I0911 22:25:31.565697 2934729 AriaExecutor.h:535] Worker 9 latency: 2331 us (50%) 2926 us (75%) 3400 us (95%) 3498 us (99%).
I0911 22:25:31.643221 2934729 AriaExecutor.h:535] Worker 10 latency: 2348 us (50%) 2936 us (75%) 3404 us (95%) 3501 us (99%).
I0911 22:25:31.711971 2934729 AriaExecutor.h:535] Worker 11 latency: 2335 us (50%) 2928 us (75%) 3400 us (95%) 3499 us (99%).
I0911 22:25:31.789713 2934729 AriaExecutor.h:535] Worker 12 latency: 2341 us (50%) 2932 us (75%) 3402 us (95%) 3501 us (99%).
I0911 22:25:31.858989 2934729 AriaExecutor.h:535] Worker 13 latency: 2332 us (50%) 2927 us (75%) 3400 us (95%) 3499 us (99%).
I0911 22:25:31.937563 2934729 AriaExecutor.h:535] Worker 14 latency: 2350 us (50%) 2936 us (75%) 3404 us (95%) 3501 us (99%).
I0911 22:25:32.006002 2934729 AriaExecutor.h:535] Worker 15 latency: 2336 us (50%) 2929 us (75%) 3400 us (95%) 3499 us (99%).
I0911 22:25:32.083608 2934729 Coordinator.h:177] total commit: 1.07206e+06
I0911 22:25:33.083722 2934729 Coordinator.h:192] Coordinator exits.
