I1126 15:43:40.213603 1016414 Database.h:65] ycsb initialization finished in 30 milliseconds.
I1126 15:43:40.213709 1016414 Coordinator.h:30] Coordinator initializes 12 workers.
I1126 15:43:40.214617 1016414 Coordinator.h:77] Coordinator starts to run 13 workers.
I1126 15:43:40.214664 1016438 AriaExecutor.h:95] AriaExecutor 0 started. 
I1126 15:43:40.214704 1016439 AriaExecutor.h:95] AriaExecutor 1 started. 
I1126 15:43:40.214742 1016440 AriaExecutor.h:95] AriaExecutor 2 started. 
I1126 15:43:40.214787 1016441 AriaExecutor.h:95] AriaExecutor 3 started. 
I1126 15:43:40.214821 1016442 AriaExecutor.h:95] AriaExecutor 4 started. 
I1126 15:43:40.214864 1016443 AriaExecutor.h:95] AriaExecutor 5 started. 
I1126 15:43:40.214902 1016444 AriaExecutor.h:95] AriaExecutor 6 started. 
I1126 15:43:40.214941 1016445 AriaExecutor.h:95] AriaExecutor 7 started. 
I1126 15:43:40.214975 1016446 AriaExecutor.h:95] AriaExecutor 8 started. 
I1126 15:43:40.215018 1016447 AriaExecutor.h:95] AriaExecutor 9 started. 
I1126 15:43:40.215098 1016449 AriaExecutor.h:95] AriaExecutor 11 started. 
I1126 15:43:40.215140 1016448 AriaExecutor.h:95] AriaExecutor 10 started. 
I1126 15:43:40.215145 1016450 Manager.h:224] Manager(worker id = 12) on the coordinator node started.
I1126 15:43:41.215202 1016414 Coordinator.h:126] commit: 293890 abort: 1084110 (0/1084110/0), network size: 0, avg network size: 0, si_in_serializable: 0 0 %, local: 0 %
I1126 15:43:42.215320 1016414 Coordinator.h:126] commit: 289859 abort: 1071141 (0/1071141/0), network size: 0, avg network size: 0, si_in_serializable: 0 0 %, local: 0 %
I1126 15:43:43.215420 1016414 Coordinator.h:126] commit: 292585 abort: 1086415 (0/1086415/0), network size: 0, avg network size: 0, si_in_serializable: 0 0 %, local: 0 %
I1126 15:43:44.215502 1016414 Coordinator.h:126] commit: 295569 abort: 1095431 (0/1095431/0), network size: 0, avg network size: 0, si_in_serializable: 0 0 %, local: 0 %
I1126 15:43:45.215577 1016414 Coordinator.h:126] commit: 295317 abort: 1092683 (0/1092683/0), network size: 0, avg network size: 0, si_in_serializable: 0 0 %, local: 0 %
I1126 15:43:46.215659 1016414 Coordinator.h:126] commit: 288931 abort: 1073069 (0/1073069/0), network size: 0, avg network size: 0, si_in_serializable: 0 0 %, local: 0 %
I1126 15:43:47.215757 1016414 Coordinator.h:126] commit: 294199 abort: 1089801 (0/1089801/0), network size: 0, avg network size: 0, si_in_serializable: 0 0 %, local: 0 %
I1126 15:43:48.215837 1016414 Coordinator.h:126] commit: 295988 abort: 1096012 (0/1096012/0), network size: 0, avg network size: 0, si_in_serializable: 0 0 %, local: 0 %
I1126 15:43:49.215909 1016414 Coordinator.h:126] commit: 295071 abort: 1092929 (0/1092929/0), network size: 0, avg network size: 0, si_in_serializable: 0 0 %, local: 0 %
I1126 15:43:50.215982 1016414 Coordinator.h:126] commit: 295721 abort: 1096279 (0/1096279/0), network size: 0, avg network size: 0, si_in_serializable: 0 0 %, local: 0 %
I1126 15:43:51.216059 1016414 Coordinator.h:126] commit: 289487 abort: 1071513 (0/1071513/0), network size: 0, avg network size: 0, si_in_serializable: 0 0 %, local: 0 %
I1126 15:43:52.216131 1016414 Coordinator.h:126] commit: 295654 abort: 1095346 (0/1095346/0), network size: 0, avg network size: 0, si_in_serializable: 0 0 %, local: 0 %
I1126 15:43:53.216205 1016414 Coordinator.h:126] commit: 294305 abort: 1093695 (0/1093695/0), network size: 0, avg network size: 0, si_in_serializable: 0 0 %, local: 0 %
I1126 15:43:54.216277 1016414 Coordinator.h:126] commit: 295964 abort: 1097036 (0/1097036/0), network size: 0, avg network size: 0, si_in_serializable: 0 0 %, local: 0 %
I1126 15:43:55.216352 1016414 Coordinator.h:126] commit: 294992 abort: 1094008 (0/1094008/0), network size: 0, avg network size: 0, si_in_serializable: 0 0 %, local: 0 %
I1126 15:43:56.216436 1016414 Coordinator.h:126] commit: 291936 abort: 1081064 (0/1081064/0), network size: 0, avg network size: 0, si_in_serializable: 0 0 %, local: 0 %
I1126 15:43:57.216531 1016414 Coordinator.h:126] commit: 293151 abort: 1083849 (0/1083849/0), network size: 0, avg network size: 0, si_in_serializable: 0 0 %, local: 0 %
I1126 15:43:58.216609 1016414 Coordinator.h:126] commit: 294542 abort: 1093458 (0/1093458/0), network size: 0, avg network size: 0, si_in_serializable: 0 0 %, local: 0 %
I1126 15:43:59.216679 1016414 Coordinator.h:126] commit: 294180 abort: 1092820 (0/1092820/0), network size: 0, avg network size: 0, si_in_serializable: 0 0 %, local: 0 %
I1126 15:44:00.216753 1016414 Coordinator.h:126] commit: 295619 abort: 1092381 (0/1092381/0), network size: 0, avg network size: 0, si_in_serializable: 0 0 %, local: 0 %
I1126 15:44:01.216845 1016414 Coordinator.h:126] commit: 292937 abort: 1084063 (0/1084063/0), network size: 0, avg network size: 0, si_in_serializable: 0 0 %, local: 0 %
I1126 15:44:02.216918 1016414 Coordinator.h:126] commit: 285051 abort: 1054949 (0/1054949/0), network size: 0, avg network size: 0, si_in_serializable: 0 0 %, local: 0 %
I1126 15:44:03.216998 1016414 Coordinator.h:126] commit: 294246 abort: 1087754 (0/1087754/0), network size: 0, avg network size: 0, si_in_serializable: 0 0 %, local: 0 %
I1126 15:44:04.217093 1016414 Coordinator.h:126] commit: 294315 abort: 1091685 (0/1091685/0), network size: 0, avg network size: 0, si_in_serializable: 0 0 %, local: 0 %
I1126 15:44:05.217190 1016414 Coordinator.h:126] commit: 295924 abort: 1093076 (0/1093076/0), network size: 0, avg network size: 0, si_in_serializable: 0 0 %, local: 0 %
I1126 15:44:05.217213 1016414 Coordinator.h:152] average commit: 293983 abort: 1.08952e+06 (0/1.08952e+06/0), network size: 0, avg network size: 0, si_in_serializable: 0 0 %, local: 0 %
I1126 15:44:05.217233 1016448 AriaExecutor.h:107] AriaExecutor 10 exits. 
I1126 15:44:05.217234 1016440 AriaExecutor.h:107] AriaExecutor 2 exits. 
I1126 15:44:05.217233 1016438 AriaExecutor.h:107] AriaExecutor 0 exits. 
I1126 15:44:05.217247 1016443 AriaExecutor.h:107] AriaExecutor 5 exits. 
I1126 15:44:05.217238 1016444 AriaExecutor.h:107] AriaExecutor 6 exits. 
I1126 15:44:05.217247 1016441 AriaExecutor.h:107] AriaExecutor 3 exits. 
I1126 15:44:05.217247 1016445 AriaExecutor.h:107] AriaExecutor 7 exits. 
I1126 15:44:05.217234 1016446 AriaExecutor.h:107] AriaExecutor 8 exits. 
I1126 15:44:05.217247 1016449 AriaExecutor.h:107] AriaExecutor 11 exits. 
I1126 15:44:05.217234 1016442 AriaExecutor.h:107] AriaExecutor 4 exits. 
I1126 15:44:05.217235 1016450 Manager.h:227] Manager(worker id = 12) on the coordinator node exits.
I1126 15:44:05.217247 1016439 AriaExecutor.h:107] AriaExecutor 1 exits. 
I1126 15:44:05.217247 1016447 AriaExecutor.h:107] AriaExecutor 9 exits. 
I1126 15:44:05.217221 1016414 AriaExecutor.h:705] Worker 0 latency: 606 us (50%) 658 us (75%) 687 us (95%) 701 us (99%).
I1126 15:44:05.243176 1016414 AriaExecutor.h:705] Worker 1 latency: 604 us (50%) 656 us (75%) 686 us (95%) 700 us (99%).
I1126 15:44:05.268996 1016414 AriaExecutor.h:705] Worker 2 latency: 606 us (50%) 657 us (75%) 686 us (95%) 700 us (99%).
I1126 15:44:05.294584 1016414 AriaExecutor.h:705] Worker 3 latency: 605 us (50%) 656 us (75%) 685 us (95%) 699 us (99%).
I1126 15:44:05.320302 1016414 AriaExecutor.h:705] Worker 4 latency: 605 us (50%) 656 us (75%) 686 us (95%) 700 us (99%).
I1126 15:44:05.345610 1016414 AriaExecutor.h:705] Worker 5 latency: 603 us (50%) 654 us (75%) 684 us (95%) 698 us (99%).
I1126 15:44:05.371042 1016414 AriaExecutor.h:705] Worker 6 latency: 605 us (50%) 655 us (75%) 685 us (95%) 699 us (99%).
I1126 15:44:05.396009 1016414 AriaExecutor.h:705] Worker 7 latency: 602 us (50%) 653 us (75%) 684 us (95%) 698 us (99%).
I1126 15:44:05.421288 1016414 AriaExecutor.h:705] Worker 8 latency: 604 us (50%) 655 us (75%) 685 us (95%) 699 us (99%).
I1126 15:44:05.446185 1016414 AriaExecutor.h:705] Worker 9 latency: 602 us (50%) 653 us (75%) 684 us (95%) 698 us (99%).
I1126 15:44:05.471789 1016414 AriaExecutor.h:705] Worker 10 latency: 604 us (50%) 655 us (75%) 685 us (95%) 699 us (99%).
I1126 15:44:05.496665 1016414 AriaExecutor.h:705] Worker 11 latency: 602 us (50%) 653 us (75%) 683 us (95%) 698 us (99%).
I1126 15:44:05.521423 1016414 Coordinator.h:177] total commit: 293983
I1126 15:44:06.521528 1016414 Coordinator.h:192] Coordinator exits.
