I1126 15:41:26.190276 1014973 Database.h:65] ycsb initialization finished in 30 milliseconds.
I1126 15:41:26.190374 1014973 Coordinator.h:30] Coordinator initializes 12 workers.
I1126 15:41:26.197538 1014973 Coordinator.h:77] Coordinator starts to run 13 workers.
I1126 15:41:26.197599 1014995 AriaExecutor.h:95] AriaExecutor 0 started. 
I1126 15:41:26.197644 1014996 AriaExecutor.h:95] AriaExecutor 1 started. 
I1126 15:41:26.197690 1014997 AriaExecutor.h:95] AriaExecutor 2 started. 
I1126 15:41:26.197732 1014998 AriaExecutor.h:95] AriaExecutor 3 started. 
I1126 15:41:26.197820 1015000 AriaExecutor.h:95] AriaExecutor 5 started. 
I1126 15:41:26.197863 1015001 AriaExecutor.h:95] AriaExecutor 6 started. 
I1126 15:41:26.197904 1015002 AriaExecutor.h:95] AriaExecutor 7 started. 
I1126 15:41:26.197944 1015003 AriaExecutor.h:95] AriaExecutor 8 started. 
I1126 15:41:26.197983 1015004 AriaExecutor.h:95] AriaExecutor 9 started. 
I1126 15:41:26.198019 1015005 AriaExecutor.h:95] AriaExecutor 10 started. 
I1126 15:41:26.198057 1015006 AriaExecutor.h:95] AriaExecutor 11 started. 
I1126 15:41:26.198091 1014999 AriaExecutor.h:95] AriaExecutor 4 started. 
I1126 15:41:26.198093 1015007 Manager.h:224] Manager(worker id = 12) on the coordinator node started.
I1126 15:41:27.198163 1014973 Coordinator.h:126] commit: 848810 abort: 1371190 (0/1371190/0), network size: 0, avg network size: 0, si_in_serializable: 0 0 %, local: 0 %
I1126 15:41:28.198284 1014973 Coordinator.h:126] commit: 833660 abort: 1346340 (0/1346340/0), network size: 0, avg network size: 0, si_in_serializable: 0 0 %, local: 0 %
I1126 15:41:29.198385 1014973 Coordinator.h:126] commit: 850000 abort: 1370000 (0/1370000/0), network size: 0, avg network size: 0, si_in_serializable: 0 0 %, local: 0 %
I1126 15:41:30.198486 1014973 Coordinator.h:126] commit: 849027 abort: 1370973 (0/1370973/0), network size: 0, avg network size: 0, si_in_serializable: 0 0 %, local: 0 %
I1126 15:41:31.198575 1014973 Coordinator.h:126] commit: 852869 abort: 1377131 (0/1377131/0), network size: 0, avg network size: 0, si_in_serializable: 0 0 %, local: 0 %
I1126 15:41:32.198655 1014973 Coordinator.h:126] commit: 846331 abort: 1363669 (0/1363669/0), network size: 0, avg network size: 0, si_in_serializable: 0 0 %, local: 0 %
I1126 15:41:33.198760 1014973 Coordinator.h:126] commit: 848984 abort: 1371016 (0/1371016/0), network size: 0, avg network size: 0, si_in_serializable: 0 0 %, local: 0 %
I1126 15:41:34.198846 1014973 Coordinator.h:126] commit: 833947 abort: 1346053 (0/1346053/0), network size: 0, avg network size: 0, si_in_serializable: 0 0 %, local: 0 %
I1126 15:41:35.198927 1014973 Coordinator.h:126] commit: 848829 abort: 1371171 (0/1371171/0), network size: 0, avg network size: 0, si_in_serializable: 0 0 %, local: 0 %
I1126 15:41:36.199023 1014973 Coordinator.h:126] commit: 852169 abort: 1377831 (0/1377831/0), network size: 0, avg network size: 0, si_in_serializable: 0 0 %, local: 0 %
I1126 15:41:37.199118 1014973 Coordinator.h:126] commit: 848303 abort: 1371697 (0/1371697/0), network size: 0, avg network size: 0, si_in_serializable: 0 0 %, local: 0 %
I1126 15:41:38.199226 1014973 Coordinator.h:126] commit: 853579 abort: 1376421 (0/1376421/0), network size: 0, avg network size: 0, si_in_serializable: 0 0 %, local: 0 %
I1126 15:41:39.199328 1014973 Coordinator.h:126] commit: 853411 abort: 1376589 (0/1376589/0), network size: 0, avg network size: 0, si_in_serializable: 0 0 %, local: 0 %
I1126 15:41:40.199438 1014973 Coordinator.h:126] commit: 841213 abort: 1358787 (0/1358787/0), network size: 0, avg network size: 0, si_in_serializable: 0 0 %, local: 0 %
I1126 15:41:41.199558 1014973 Coordinator.h:126] commit: 796330 abort: 1283670 (0/1283670/0), network size: 0, avg network size: 0, si_in_serializable: 0 0 %, local: 0 %
I1126 15:41:42.199659 1014973 Coordinator.h:126] commit: 853486 abort: 1376514 (0/1376514/0), network size: 0, avg network size: 0, si_in_serializable: 0 0 %, local: 0 %
I1126 15:41:43.199755 1014973 Coordinator.h:126] commit: 849314 abort: 1370686 (0/1370686/0), network size: 0, avg network size: 0, si_in_serializable: 0 0 %, local: 0 %
I1126 15:41:44.199857 1014973 Coordinator.h:126] commit: 851794 abort: 1378206 (0/1378206/0), network size: 0, avg network size: 0, si_in_serializable: 0 0 %, local: 0 %
I1126 15:41:45.199960 1014973 Coordinator.h:126] commit: 852365 abort: 1377635 (0/1377635/0), network size: 0, avg network size: 0, si_in_serializable: 0 0 %, local: 0 %
I1126 15:41:46.200052 1014973 Coordinator.h:126] commit: 848825 abort: 1371175 (0/1371175/0), network size: 0, avg network size: 0, si_in_serializable: 0 0 %, local: 0 %
I1126 15:41:47.200142 1014973 Coordinator.h:126] commit: 852698 abort: 1377302 (0/1377302/0), network size: 0, avg network size: 0, si_in_serializable: 0 0 %, local: 0 %
I1126 15:41:48.200244 1014973 Coordinator.h:126] commit: 836311 abort: 1353689 (0/1353689/0), network size: 0, avg network size: 0, si_in_serializable: 0 0 %, local: 0 %
I1126 15:41:49.200358 1014973 Coordinator.h:126] commit: 853264 abort: 1376736 (0/1376736/0), network size: 0, avg network size: 0, si_in_serializable: 0 0 %, local: 0 %
I1126 15:41:50.200469 1014973 Coordinator.h:126] commit: 849710 abort: 1370290 (0/1370290/0), network size: 0, avg network size: 0, si_in_serializable: 0 0 %, local: 0 %
I1126 15:41:51.200567 1014973 Coordinator.h:126] commit: 844539 abort: 1365461 (0/1365461/0), network size: 0, avg network size: 0, si_in_serializable: 0 0 %, local: 0 %
I1126 15:41:51.200596 1014973 Coordinator.h:152] average commit: 844862 abort: 1.36414e+06 (0/1.36414e+06/0), network size: 0, avg network size: 0, si_in_serializable: 0 0 %, local: 0 %
I1126 15:41:51.202096 1015003 AriaExecutor.h:107] AriaExecutor 8 exits. 
I1126 15:41:51.202113 1015007 Manager.h:227] Manager(worker id = 12) on the coordinator node exits.
I1126 15:41:51.202103 1015004 AriaExecutor.h:107] AriaExecutor 9 exits. 
I1126 15:41:51.202098 1014999 AriaExecutor.h:107] AriaExecutor 4 exits. 
I1126 15:41:51.202108 1015002 AriaExecutor.h:107] AriaExecutor 7 exits. 
I1126 15:41:51.202123 1014997 AriaExecutor.h:107] AriaExecutor 2 exits. 
I1126 15:41:51.202134 1014996 AriaExecutor.h:107] AriaExecutor 1 exits. 
I1126 15:41:51.202126 1015001 AriaExecutor.h:107] AriaExecutor 6 exits. 
I1126 15:41:51.202126 1014995 AriaExecutor.h:107] AriaExecutor 0 exits. 
I1126 15:41:51.202108 1014998 AriaExecutor.h:107] AriaExecutor 3 exits. 
I1126 15:41:51.202135 1015000 AriaExecutor.h:107] AriaExecutor 5 exits. 
I1126 15:41:51.202136 1015006 AriaExecutor.h:107] AriaExecutor 11 exits. 
I1126 15:41:51.202111 1015005 AriaExecutor.h:107] AriaExecutor 10 exits. 
I1126 15:41:51.200604 1014973 AriaExecutor.h:705] Worker 0 latency: 3311 us (50%) 3821 us (75%) 4159 us (95%) 4240 us (99%).
I1126 15:41:51.275460 1014973 AriaExecutor.h:705] Worker 1 latency: 3296 us (50%) 3814 us (75%) 4158 us (95%) 4239 us (99%).
I1126 15:41:51.358062 1014973 AriaExecutor.h:705] Worker 2 latency: 3328 us (50%) 3828 us (75%) 4160 us (95%) 4240 us (99%).
I1126 15:41:51.432869 1014973 AriaExecutor.h:705] Worker 3 latency: 3302 us (50%) 3817 us (75%) 4159 us (95%) 4240 us (99%).
I1126 15:41:51.515552 1014973 AriaExecutor.h:705] Worker 4 latency: 3318 us (50%) 3824 us (75%) 4159 us (95%) 4238 us (99%).
I1126 15:41:51.591125 1014973 AriaExecutor.h:705] Worker 5 latency: 3302 us (50%) 3815 us (75%) 4157 us (95%) 4238 us (99%).
I1126 15:41:51.675364 1014973 AriaExecutor.h:705] Worker 6 latency: 3328 us (50%) 3827 us (75%) 4159 us (95%) 4239 us (99%).
I1126 15:41:51.749794 1014973 AriaExecutor.h:705] Worker 7 latency: 3302 us (50%) 3816 us (75%) 4158 us (95%) 4239 us (99%).
I1126 15:41:51.833514 1014973 AriaExecutor.h:705] Worker 8 latency: 3317 us (50%) 3823 us (75%) 4159 us (95%) 4240 us (99%).
I1126 15:41:51.908550 1014973 AriaExecutor.h:705] Worker 9 latency: 3300 us (50%) 3815 us (75%) 4157 us (95%) 4238 us (99%).
I1126 15:41:51.991194 1014973 AriaExecutor.h:705] Worker 10 latency: 3320 us (50%) 3824 us (75%) 4158 us (95%) 4239 us (99%).
I1126 15:41:52.065804 1014973 AriaExecutor.h:705] Worker 11 latency: 3304 us (50%) 3817 us (75%) 4158 us (95%) 4239 us (99%).
I1126 15:41:52.149047 1014973 Coordinator.h:177] total commit: 844862
I1126 15:41:53.149158 1014973 Coordinator.h:192] Coordinator exits.
