I1126 13:28:53.010300 933627 Database.h:65] ycsb initialization finished in 30 milliseconds.
I1126 13:28:53.010401 933627 Coordinator.h:30] Coordinator initializes 12 workers.
I1126 13:28:53.081874 933627 Coordinator.h:77] Coordinator starts to run 13 workers.
I1126 13:28:53.081950 933643 AriaExecutor.h:82] AriaExecutor 0 started. 
I1126 13:28:53.081975 933644 AriaExecutor.h:82] AriaExecutor 1 started. 
I1126 13:28:53.082023 933645 AriaExecutor.h:82] AriaExecutor 2 started. 
I1126 13:28:53.082065 933646 AriaExecutor.h:82] AriaExecutor 3 started. 
I1126 13:28:53.082145 933648 AriaExecutor.h:82] AriaExecutor 5 started. 
I1126 13:28:53.082187 933649 AriaExecutor.h:82] AriaExecutor 6 started. 
I1126 13:28:53.082222 933650 AriaExecutor.h:82] AriaExecutor 7 started. 
I1126 13:28:53.082257 933651 AriaExecutor.h:82] AriaExecutor 8 started. 
I1126 13:28:53.082298 933652 AriaExecutor.h:82] AriaExecutor 9 started. 
I1126 13:28:53.082343 933653 AriaExecutor.h:82] AriaExecutor 10 started. 
I1126 13:28:53.082387 933654 AriaExecutor.h:82] AriaExecutor 11 started. 
I1126 13:28:53.082428 933647 AriaExecutor.h:82] AriaExecutor 4 started. 
I1126 13:28:53.082433 933655 Manager.h:224] Manager(worker id = 12) on the coordinator node started.
I1126 13:28:54.082494 933627 Coordinator.h:126] commit: 878316 abort: 61684 (0/61684/0), network size: 0, avg network size: 0, si_in_serializable: 0 0 %, local: 0 %
I1126 13:28:55.082619 933627 Coordinator.h:126] commit: 859695 abort: 60305 (0/60305/0), network size: 0, avg network size: 0, si_in_serializable: 0 0 %, local: 0 %
I1126 13:28:56.082752 933627 Coordinator.h:126] commit: 887562 abort: 62438 (0/62438/0), network size: 0, avg network size: 0, si_in_serializable: 0 0 %, local: 0 %
I1126 13:28:57.082867 933627 Coordinator.h:126] commit: 887675 abort: 62325 (0/62325/0), network size: 0, avg network size: 0, si_in_serializable: 0 0 %, local: 0 %
I1126 13:28:58.082978 933627 Coordinator.h:126] commit: 887937 abort: 62063 (0/62063/0), network size: 0, avg network size: 0, si_in_serializable: 0 0 %, local: 0 %
I1126 13:28:59.083082 933627 Coordinator.h:126] commit: 887541 abort: 62459 (0/62459/0), network size: 0, avg network size: 0, si_in_serializable: 0 0 %, local: 0 %
I1126 13:29:00.083194 933627 Coordinator.h:126] commit: 887519 abort: 62481 (0/62481/0), network size: 0, avg network size: 0, si_in_serializable: 0 0 %, local: 0 %
I1126 13:29:01.083307 933627 Coordinator.h:126] commit: 859770 abort: 60230 (0/60230/0), network size: 0, avg network size: 0, si_in_serializable: 0 0 %, local: 0 %
I1126 13:29:02.083418 933627 Coordinator.h:126] commit: 887680 abort: 62320 (0/62320/0), network size: 0, avg network size: 0, si_in_serializable: 0 0 %, local: 0 %
I1126 13:29:03.083550 933627 Coordinator.h:126] commit: 887479 abort: 62521 (0/62521/0), network size: 0, avg network size: 0, si_in_serializable: 0 0 %, local: 0 %
I1126 13:29:04.083669 933627 Coordinator.h:126] commit: 887190 abort: 62810 (0/62810/0), network size: 0, avg network size: 0, si_in_serializable: 0 0 %, local: 0 %
I1126 13:29:05.083783 933627 Coordinator.h:126] commit: 878303 abort: 61697 (0/61697/0), network size: 0, avg network size: 0, si_in_serializable: 0 0 %, local: 0 %
I1126 13:29:06.083892 933627 Coordinator.h:126] commit: 887741 abort: 62259 (0/62259/0), network size: 0, avg network size: 0, si_in_serializable: 0 0 %, local: 0 %
I1126 13:29:07.084002 933627 Coordinator.h:126] commit: 887320 abort: 62680 (0/62680/0), network size: 0, avg network size: 0, si_in_serializable: 0 0 %, local: 0 %
I1126 13:29:08.084113 933627 Coordinator.h:126] commit: 869330 abort: 60670 (0/60670/0), network size: 0, avg network size: 0, si_in_serializable: 0 0 %, local: 0 %
I1126 13:29:09.084216 933627 Coordinator.h:126] commit: 887716 abort: 62284 (0/62284/0), network size: 0, avg network size: 0, si_in_serializable: 0 0 %, local: 0 %
I1126 13:29:10.084321 933627 Coordinator.h:126] commit: 887764 abort: 62236 (0/62236/0), network size: 0, avg network size: 0, si_in_serializable: 0 0 %, local: 0 %
I1126 13:29:11.084422 933627 Coordinator.h:126] commit: 887955 abort: 62045 (0/62045/0), network size: 0, avg network size: 0, si_in_serializable: 0 0 %, local: 0 %
I1126 13:29:12.084524 933627 Coordinator.h:126] commit: 878276 abort: 61724 (0/61724/0), network size: 0, avg network size: 0, si_in_serializable: 0 0 %, local: 0 %
I1126 13:29:13.084630 933627 Coordinator.h:126] commit: 888085 abort: 61915 (0/61915/0), network size: 0, avg network size: 0, si_in_serializable: 0 0 %, local: 0 %
I1126 13:29:14.084717 933627 Coordinator.h:126] commit: 887919 abort: 62081 (0/62081/0), network size: 0, avg network size: 0, si_in_serializable: 0 0 %, local: 0 %
I1126 13:29:15.084829 933627 Coordinator.h:126] commit: 878798 abort: 61202 (0/61202/0), network size: 0, avg network size: 0, si_in_serializable: 0 0 %, local: 0 %
I1126 13:29:16.084936 933627 Coordinator.h:126] commit: 887558 abort: 62442 (0/62442/0), network size: 0, avg network size: 0, si_in_serializable: 0 0 %, local: 0 %
I1126 13:29:17.085041 933627 Coordinator.h:126] commit: 887843 abort: 62157 (0/62157/0), network size: 0, avg network size: 0, si_in_serializable: 0 0 %, local: 0 %
I1126 13:29:18.085126 933627 Coordinator.h:126] commit: 878516 abort: 61484 (0/61484/0), network size: 0, avg network size: 0, si_in_serializable: 0 0 %, local: 0 %
I1126 13:29:18.085166 933627 Coordinator.h:152] average commit: 883968 abort: 62032 (0/62032/0), network size: 0, avg network size: 0, si_in_serializable: 0 0 %, local: 0 %
I1126 13:29:18.088898 933653 AriaExecutor.h:94] AriaExecutor 10 exits. 
I1126 13:29:18.088899 933645 AriaExecutor.h:94] AriaExecutor 2 exits. 
I1126 13:29:18.088914 933650 AriaExecutor.h:94] AriaExecutor 7 exits. 
I1126 13:29:18.088904 933649 AriaExecutor.h:94] AriaExecutor 6 exits. 
I1126 13:29:18.088903 933651 AriaExecutor.h:94] AriaExecutor 8 exits. 
I1126 13:29:18.088905 933655 Manager.h:227] Manager(worker id = 12) on the coordinator node exits.
I1126 13:29:18.088905 933643 AriaExecutor.h:94] AriaExecutor 0 exits. 
I1126 13:29:18.088912 933646 AriaExecutor.h:94] AriaExecutor 3 exits. 
I1126 13:29:18.088912 933644 AriaExecutor.h:94] AriaExecutor 1 exits. 
I1126 13:29:18.088905 933647 AriaExecutor.h:94] AriaExecutor 4 exits. 
I1126 13:29:18.088912 933652 AriaExecutor.h:94] AriaExecutor 9 exits. 
I1126 13:29:18.088913 933654 AriaExecutor.h:94] AriaExecutor 11 exits. 
I1126 13:29:18.088912 933648 AriaExecutor.h:94] AriaExecutor 5 exits. 
I1126 13:29:18.085175 933627 AriaExecutor.h:535] Worker 0 latency: 6364 us (50%) 8214 us (75%) 9664 us (95%) 9977 us (99%).
I1126 13:29:18.169826 933627 AriaExecutor.h:535] Worker 1 latency: 6309 us (50%) 8182 us (75%) 9647 us (95%) 9962 us (99%).
I1126 13:29:18.261982 933627 AriaExecutor.h:535] Worker 2 latency: 6435 us (50%) 8249 us (75%) 9670 us (95%) 9976 us (99%).
I1126 13:29:18.345898 933627 AriaExecutor.h:535] Worker 3 latency: 6214 us (50%) 8132 us (75%) 9634 us (95%) 9955 us (99%).
I1126 13:29:18.438795 933627 AriaExecutor.h:535] Worker 4 latency: 6366 us (50%) 8215 us (75%) 9662 us (95%) 9974 us (99%).
I1126 13:29:18.522339 933627 AriaExecutor.h:535] Worker 5 latency: 6262 us (50%) 8158 us (75%) 9643 us (95%) 9962 us (99%).
I1126 13:29:18.613310 933627 AriaExecutor.h:535] Worker 6 latency: 6255 us (50%) 8158 us (75%) 9647 us (95%) 9966 us (99%).
I1126 13:29:18.697126 933627 AriaExecutor.h:535] Worker 7 latency: 6167 us (50%) 8109 us (75%) 9629 us (95%) 9954 us (99%).
I1126 13:29:18.786896 933627 AriaExecutor.h:535] Worker 8 latency: 6239 us (50%) 8152 us (75%) 9647 us (95%) 9968 us (99%).
I1126 13:29:18.869218 933627 AriaExecutor.h:535] Worker 9 latency: 6218 us (50%) 8135 us (75%) 9635 us (95%) 9956 us (99%).
I1126 13:29:18.959920 933627 AriaExecutor.h:535] Worker 10 latency: 6385 us (50%) 8226 us (75%) 9664 us (95%) 9974 us (99%).
I1126 13:29:19.042891 933627 AriaExecutor.h:535] Worker 11 latency: 6192 us (50%) 8121 us (75%) 9632 us (95%) 9954 us (99%).
I1126 13:29:19.133219 933627 Coordinator.h:177] total commit: 883968
I1126 13:29:20.133332 933627 Coordinator.h:192] Coordinator exits.
