I0911 22:12:18.340559 2932301 Database.h:65] ycsb initialization finished in 148 milliseconds.
I0911 22:12:18.340677 2932301 Coordinator.h:30] Coordinator initializes 16 workers.
I0911 22:12:18.371363 2932301 Coordinator.h:77] Coordinator starts to run 17 workers.
I0911 22:12:18.371430 2932322 AriaExecutor.h:82] AriaExecutor 0 started. 
I0911 22:12:18.371470 2932323 AriaExecutor.h:82] AriaExecutor 1 started. 
I0911 22:12:18.371506 2932324 AriaExecutor.h:82] AriaExecutor 2 started. 
I0911 22:12:18.371569 2932325 AriaExecutor.h:82] AriaExecutor 3 started. 
I0911 22:12:18.371593 2932326 AriaExecutor.h:82] AriaExecutor 4 started. 
I0911 22:12:18.371634 2932327 AriaExecutor.h:82] AriaExecutor 5 started. 
I0911 22:12:18.371661 2932328 AriaExecutor.h:82] AriaExecutor 6 started. 
I0911 22:12:18.371708 2932329 AriaExecutor.h:82] AriaExecutor 7 started. 
I0911 22:12:18.371754 2932330 AriaExecutor.h:82] AriaExecutor 8 started. 
I0911 22:12:18.371795 2932331 AriaExecutor.h:82] AriaExecutor 9 started. 
I0911 22:12:18.371829 2932332 AriaExecutor.h:82] AriaExecutor 10 started. 
I0911 22:12:18.371869 2932333 AriaExecutor.h:82] AriaExecutor 11 started. 
I0911 22:12:18.371901 2932334 AriaExecutor.h:82] AriaExecutor 12 started. 
I0911 22:12:18.371946 2932335 AriaExecutor.h:82] AriaExecutor 13 started. 
I0911 22:12:18.371986 2932336 AriaExecutor.h:82] AriaExecutor 14 started. 
I0911 22:12:18.372030 2932337 AriaExecutor.h:82] AriaExecutor 15 started. 
I0911 22:12:18.372066 2932338 Manager.h:224] Manager(worker id = 16) on the coordinator node started.
I0911 22:12:19.372123 2932301 Coordinator.h:126] commit: 28441 abort: 114919 (0/114919/0), network size: 0, avg network size: 0, si_in_serializable: 0 0 %, local: 0 %
I0911 22:12:20.372263 2932301 Coordinator.h:126] commit: 30190 abort: 121362 (0/121362/0), network size: 0, avg network size: 0, si_in_serializable: 0 0 %, local: 0 %
I0911 22:12:21.372340 2932301 Coordinator.h:126] commit: 29268 abort: 118188 (0/118188/0), network size: 0, avg network size: 0, si_in_serializable: 0 0 %, local: 0 %
I0911 22:12:22.372417 2932301 Coordinator.h:126] commit: 30073 abort: 121479 (0/121479/0), network size: 0, avg network size: 0, si_in_serializable: 0 0 %, local: 0 %
I0911 22:12:23.372526 2932301 Coordinator.h:126] commit: 31081 abort: 124567 (0/124567/0), network size: 0, avg network size: 0, si_in_serializable: 0 0 %, local: 0 %
I0911 22:12:24.372611 2932301 Coordinator.h:126] commit: 31722 abort: 128022 (0/128022/0), network size: 0, avg network size: 0, si_in_serializable: 0 0 %, local: 0 %
I0911 22:12:25.372696 2932301 Coordinator.h:126] commit: 31056 abort: 124592 (0/124592/0), network size: 0, avg network size: 0, si_in_serializable: 0 0 %, local: 0 %
I0911 22:12:26.372767 2932301 Coordinator.h:126] commit: 31690 abort: 128054 (0/128054/0), network size: 0, avg network size: 0, si_in_serializable: 0 0 %, local: 0 %
I0911 22:12:27.372843 2932301 Coordinator.h:126] commit: 29938 abort: 121614 (0/121614/0), network size: 0, avg network size: 0, si_in_serializable: 0 0 %, local: 0 %
I0911 22:12:28.372917 2932301 Coordinator.h:126] commit: 30952 abort: 124696 (0/124696/0), network size: 0, avg network size: 0, si_in_serializable: 0 0 %, local: 0 %
I0911 22:12:29.373052 2932301 Coordinator.h:126] commit: 31824 abort: 127920 (0/127920/0), network size: 0, avg network size: 0, si_in_serializable: 0 0 %, local: 0 %
I0911 22:12:30.373188 2932301 Coordinator.h:126] commit: 31876 abort: 127868 (0/127868/0), network size: 0, avg network size: 0, si_in_serializable: 0 0 %, local: 0 %
I0911 22:12:31.373291 2932301 Coordinator.h:126] commit: 31813 abort: 127931 (0/127931/0), network size: 0, avg network size: 0, si_in_serializable: 0 0 %, local: 0 %
I0911 22:12:32.373368 2932301 Coordinator.h:126] commit: 31658 abort: 128086 (0/128086/0), network size: 0, avg network size: 0, si_in_serializable: 0 0 %, local: 0 %
I0911 22:12:33.373456 2932301 Coordinator.h:126] commit: 31831 abort: 127913 (0/127913/0), network size: 0, avg network size: 0, si_in_serializable: 0 0 %, local: 0 %
I0911 22:12:34.373544 2932301 Coordinator.h:126] commit: 31426 abort: 128318 (0/128318/0), network size: 0, avg network size: 0, si_in_serializable: 0 0 %, local: 0 %
I0911 22:12:35.373637 2932301 Coordinator.h:126] commit: 30738 abort: 124910 (0/124910/0), network size: 0, avg network size: 0, si_in_serializable: 0 0 %, local: 0 %
I0911 22:12:36.373728 2932301 Coordinator.h:126] commit: 31785 abort: 127959 (0/127959/0), network size: 0, avg network size: 0, si_in_serializable: 0 0 %, local: 0 %
I0911 22:12:37.373817 2932301 Coordinator.h:126] commit: 31660 abort: 128084 (0/128084/0), network size: 0, avg network size: 0, si_in_serializable: 0 0 %, local: 0 %
I0911 22:12:38.373903 2932301 Coordinator.h:126] commit: 30944 abort: 124704 (0/124704/0), network size: 0, avg network size: 0, si_in_serializable: 0 0 %, local: 0 %
I0911 22:12:39.373983 2932301 Coordinator.h:126] commit: 31818 abort: 127926 (0/127926/0), network size: 0, avg network size: 0, si_in_serializable: 0 0 %, local: 0 %
I0911 22:12:40.374087 2932301 Coordinator.h:126] commit: 31727 abort: 128017 (0/128017/0), network size: 0, avg network size: 0, si_in_serializable: 0 0 %, local: 0 %
I0911 22:12:41.374169 2932301 Coordinator.h:126] commit: 31665 abort: 128079 (0/128079/0), network size: 0, avg network size: 0, si_in_serializable: 0 0 %, local: 0 %
I0911 22:12:42.374243 2932301 Coordinator.h:126] commit: 31959 abort: 127785 (0/127785/0), network size: 0, avg network size: 0, si_in_serializable: 0 0 %, local: 0 %
I0911 22:12:43.374323 2932301 Coordinator.h:126] commit: 32583 abort: 131257 (0/131257/0), network size: 0, avg network size: 0, si_in_serializable: 0 0 %, local: 0 %
I0911 22:12:43.374342 2932301 Coordinator.h:152] average commit: 31555.5 abort: 127369 (0/127369/0), network size: 0, avg network size: 0, si_in_serializable: 0 0 %, local: 0 %
I0911 22:12:43.374352 2932301 AriaExecutor.h:535] Worker 0 latency: 23787 us (50%) 24363 us (75%) 25147 us (95%) 28822 us (99%).
I0911 22:12:43.398265 2932324 AriaExecutor.h:94] AriaExecutor 2 exits. 
I0911 22:12:43.398279 2932325 AriaExecutor.h:94] AriaExecutor 3 exits. 
I0911 22:12:43.398265 2932338 Manager.h:227] Manager(worker id = 16) on the coordinator node exits.
I0911 22:12:43.398267 2932334 AriaExecutor.h:94] AriaExecutor 12 exits. 
I0911 22:12:43.398265 2932332 AriaExecutor.h:94] AriaExecutor 10 exits. 
I0911 22:12:43.398267 2932330 AriaExecutor.h:94] AriaExecutor 8 exits. 
I0911 22:12:43.398268 2932336 AriaExecutor.h:94] AriaExecutor 14 exits. 
I0911 22:12:43.398269 2932326 AriaExecutor.h:94] AriaExecutor 4 exits. 
I0911 22:12:43.398270 2932328 AriaExecutor.h:94] AriaExecutor 6 exits. 
I0911 22:12:43.398279 2932327 AriaExecutor.h:94] AriaExecutor 5 exits. 
I0911 22:12:43.398279 2932337 AriaExecutor.h:94] AriaExecutor 15 exits. 
I0911 22:12:43.398283 2932333 AriaExecutor.h:94] AriaExecutor 11 exits. 
I0911 22:12:43.398281 2932323 AriaExecutor.h:94] AriaExecutor 1 exits. 
I0911 22:12:43.398283 2932335 AriaExecutor.h:94] AriaExecutor 13 exits. 
I0911 22:12:43.398283 2932329 AriaExecutor.h:94] AriaExecutor 7 exits. 
I0911 22:12:43.398284 2932331 AriaExecutor.h:94] AriaExecutor 9 exits. 
I0911 22:12:43.398267 2932322 AriaExecutor.h:94] AriaExecutor 0 exits. 
I0911 22:12:43.398792 2932301 AriaExecutor.h:535] Worker 1 latency: 23772 us (50%) 24355 us (75%) 25145 us (95%) 29062 us (99%).
I0911 22:12:43.401335 2932301 AriaExecutor.h:535] Worker 2 latency: 23775 us (50%) 24348 us (75%) 25122 us (95%) 28769 us (99%).
I0911 22:12:43.403842 2932301 AriaExecutor.h:535] Worker 3 latency: 23778 us (50%) 24349 us (75%) 25148 us (95%) 28634 us (99%).
I0911 22:12:43.406355 2932301 AriaExecutor.h:535] Worker 4 latency: 23768 us (50%) 24357 us (75%) 25143 us (95%) 28557 us (99%).
I0911 22:12:43.408901 2932301 AriaExecutor.h:535] Worker 5 latency: 23767 us (50%) 24352 us (75%) 25153 us (95%) 28723 us (99%).
I0911 22:12:43.411444 2932301 AriaExecutor.h:535] Worker 6 latency: 23786 us (50%) 24350 us (75%) 25138 us (95%) 28647 us (99%).
I0911 22:12:43.413996 2932301 AriaExecutor.h:535] Worker 7 latency: 23777 us (50%) 24349 us (75%) 25148 us (95%) 28524 us (99%).
I0911 22:12:43.416524 2932301 AriaExecutor.h:535] Worker 8 latency: 23782 us (50%) 24359 us (75%) 25129 us (95%) 28742 us (99%).
I0911 22:12:43.419054 2932301 AriaExecutor.h:535] Worker 9 latency: 23785 us (50%) 24354 us (75%) 25156 us (95%) 28600 us (99%).
I0911 22:12:43.421609 2932301 AriaExecutor.h:535] Worker 10 latency: 23762 us (50%) 24343 us (75%) 25120 us (95%) 28517 us (99%).
I0911 22:12:43.424115 2932301 AriaExecutor.h:535] Worker 11 latency: 23772 us (50%) 24347 us (75%) 25133 us (95%) 28707 us (99%).
I0911 22:12:43.426887 2932301 AriaExecutor.h:535] Worker 12 latency: 23769 us (50%) 24345 us (75%) 25141 us (95%) 29096 us (99%).
I0911 22:12:43.429416 2932301 AriaExecutor.h:535] Worker 13 latency: 23788 us (50%) 24360 us (75%) 25160 us (95%) 28804 us (99%).
I0911 22:12:43.431918 2932301 AriaExecutor.h:535] Worker 14 latency: 23766 us (50%) 24339 us (75%) 25112 us (95%) 28680 us (99%).
I0911 22:12:43.434402 2932301 AriaExecutor.h:535] Worker 15 latency: 23772 us (50%) 24345 us (75%) 25147 us (95%) 28872 us (99%).
I0911 22:12:43.436939 2932301 Coordinator.h:177] total commit: 31555.5
I0911 22:12:44.437043 2932301 Coordinator.h:192] Coordinator exits.
