I0911 23:33:24.288717 2947946 Database.h:65] ycsb initialization finished in 146 milliseconds.
I0911 23:33:24.288834 2947946 Coordinator.h:30] Coordinator initializes 16 workers.
I0911 23:33:24.297014 2947946 Coordinator.h:77] Coordinator starts to run 17 workers.
I0911 23:33:24.297072 2947966 AriaExecutor.h:82] AriaExecutor 0 started. 
I0911 23:33:24.297111 2947967 AriaExecutor.h:82] AriaExecutor 1 started. 
I0911 23:33:24.297155 2947968 AriaExecutor.h:82] AriaExecutor 2 started. 
I0911 23:33:24.297209 2947969 AriaExecutor.h:82] AriaExecutor 3 started. 
I0911 23:33:24.297233 2947970 AriaExecutor.h:82] AriaExecutor 4 started. 
I0911 23:33:24.297279 2947971 AriaExecutor.h:82] AriaExecutor 5 started. 
I0911 23:33:24.297320 2947972 AriaExecutor.h:82] AriaExecutor 6 started. 
I0911 23:33:24.297363 2947973 AriaExecutor.h:82] AriaExecutor 7 started. 
I0911 23:33:24.297405 2947974 AriaExecutor.h:82] AriaExecutor 8 started. 
I0911 23:33:24.297448 2947975 AriaExecutor.h:82] AriaExecutor 9 started. 
I0911 23:33:24.297482 2947976 AriaExecutor.h:82] AriaExecutor 10 started. 
I0911 23:33:24.297523 2947977 AriaExecutor.h:82] AriaExecutor 11 started. 
I0911 23:33:24.297560 2947978 AriaExecutor.h:82] AriaExecutor 12 started. 
I0911 23:33:24.297610 2947979 AriaExecutor.h:82] AriaExecutor 13 started. 
I0911 23:33:24.297644 2947980 AriaExecutor.h:82] AriaExecutor 14 started. 
I0911 23:33:24.297686 2947981 AriaExecutor.h:82] AriaExecutor 15 started. 
I0911 23:33:24.297725 2947982 Manager.h:224] Manager(worker id = 16) on the coordinator node started.
I0911 23:33:25.297777 2947946 Coordinator.h:126] commit: 1310754 abort: 1378 (0/1378/0), network size: 0, avg network size: 0, si_in_serializable: 0 0 %, local: 0 %
I0911 23:33:26.297875 2947946 Coordinator.h:126] commit: 1297640 abort: 1427 (0/1427/0), network size: 0, avg network size: 0, si_in_serializable: 0 0 %, local: 0 %
I0911 23:33:27.297948 2947946 Coordinator.h:126] commit: 1261163 abort: 1429 (0/1429/0), network size: 0, avg network size: 0, si_in_serializable: 0 0 %, local: 0 %
I0911 23:33:28.298022 2947946 Coordinator.h:126] commit: 1266282 abort: 1430 (0/1430/0), network size: 0, avg network size: 0, si_in_serializable: 0 0 %, local: 0 %
I0911 23:33:29.298116 2947946 Coordinator.h:126] commit: 1311298 abort: 1470 (0/1470/0), network size: 0, avg network size: 0, si_in_serializable: 0 0 %, local: 0 %
I0911 23:33:30.298195 2947946 Coordinator.h:126] commit: 1321640 abort: 1368 (0/1368/0), network size: 0, avg network size: 0, si_in_serializable: 0 0 %, local: 0 %
I0911 23:33:31.298264 2947946 Coordinator.h:126] commit: 1308367 abort: 1329 (0/1329/0), network size: 0, avg network size: 0, si_in_serializable: 0 0 %, local: 0 %
I0911 23:33:32.298337 2947946 Coordinator.h:126] commit: 1314372 abort: 1468 (0/1468/0), network size: 0, avg network size: 0, si_in_serializable: 0 0 %, local: 0 %
I0911 23:33:33.298408 2947946 Coordinator.h:126] commit: 1321629 abort: 1379 (0/1379/0), network size: 0, avg network size: 0, si_in_serializable: 0 0 %, local: 0 %
I0911 23:33:34.298483 2947946 Coordinator.h:126] commit: 1320623 abort: 1361 (0/1361/0), network size: 0, avg network size: 0, si_in_serializable: 0 0 %, local: 0 %
I0911 23:33:35.298553 2947946 Coordinator.h:126] commit: 1321573 abort: 1435 (0/1435/0), network size: 0, avg network size: 0, si_in_serializable: 0 0 %, local: 0 %
I0911 23:33:36.298625 2947946 Coordinator.h:126] commit: 1286841 abort: 1351 (0/1351/0), network size: 0, avg network size: 0, si_in_serializable: 0 0 %, local: 0 %
I0911 23:33:37.298696 2947946 Coordinator.h:126] commit: 1282743 abort: 1353 (0/1353/0), network size: 0, avg network size: 0, si_in_serializable: 0 0 %, local: 0 %
I0911 23:33:38.298766 2947946 Coordinator.h:126] commit: 1280648 abort: 1400 (0/1400/0), network size: 0, avg network size: 0, si_in_serializable: 0 0 %, local: 0 %
I0911 23:33:39.298840 2947946 Coordinator.h:126] commit: 1321557 abort: 1451 (0/1451/0), network size: 0, avg network size: 0, si_in_serializable: 0 0 %, local: 0 %
I0911 23:33:40.298930 2947946 Coordinator.h:126] commit: 1310336 abort: 1408 (0/1408/0), network size: 0, avg network size: 0, si_in_serializable: 0 0 %, local: 0 %
I0911 23:33:41.299006 2947946 Coordinator.h:126] commit: 1318512 abort: 1424 (0/1424/0), network size: 0, avg network size: 0, si_in_serializable: 0 0 %, local: 0 %
I0911 23:33:42.299084 2947946 Coordinator.h:126] commit: 1320575 abort: 1409 (0/1409/0), network size: 0, avg network size: 0, si_in_serializable: 0 0 %, local: 0 %
I0911 23:33:43.299158 2947946 Coordinator.h:126] commit: 1321585 abort: 1423 (0/1423/0), network size: 0, avg network size: 0, si_in_serializable: 0 0 %, local: 0 %
I0911 23:33:44.299235 2947946 Coordinator.h:126] commit: 1319526 abort: 1434 (0/1434/0), network size: 0, avg network size: 0, si_in_serializable: 0 0 %, local: 0 %
I0911 23:33:45.299305 2947946 Coordinator.h:126] commit: 1317458 abort: 1454 (0/1454/0), network size: 0, avg network size: 0, si_in_serializable: 0 0 %, local: 0 %
I0911 23:33:46.299378 2947946 Coordinator.h:126] commit: 1318448 abort: 1488 (0/1488/0), network size: 0, avg network size: 0, si_in_serializable: 0 0 %, local: 0 %
I0911 23:33:47.299449 2947946 Coordinator.h:126] commit: 1317513 abort: 1399 (0/1399/0), network size: 0, avg network size: 0, si_in_serializable: 0 0 %, local: 0 %
I0911 23:33:48.299521 2947946 Coordinator.h:126] commit: 1289848 abort: 1416 (0/1416/0), network size: 0, avg network size: 0, si_in_serializable: 0 0 %, local: 0 %
I0911 23:33:49.299592 2947946 Coordinator.h:126] commit: 1292943 abort: 1393 (0/1393/0), network size: 0, avg network size: 0, si_in_serializable: 0 0 %, local: 0 %
I0911 23:33:49.299603 2947946 Coordinator.h:152] average commit: 1.30839e+06 abort: 1408.8 (0/1408.8/0), network size: 0, avg network size: 0, si_in_serializable: 0 0 %, local: 0 %
I0911 23:33:49.299808 2947966 AriaExecutor.h:94] AriaExecutor 0 exits. 
I0911 23:33:49.299806 2947968 AriaExecutor.h:94] AriaExecutor 2 exits. 
I0911 23:33:49.299804 2947978 AriaExecutor.h:94] AriaExecutor 12 exits. 
I0911 23:33:49.299808 2947980 AriaExecutor.h:94] AriaExecutor 14 exits. 
I0911 23:33:49.299806 2947974 AriaExecutor.h:94] AriaExecutor 8 exits. 
I0911 23:33:49.299808 2947976 AriaExecutor.h:94] AriaExecutor 10 exits. 
I0911 23:33:49.299821 2947977 AriaExecutor.h:94] AriaExecutor 11 exits. 
I0911 23:33:49.299822 2947971 AriaExecutor.h:94] AriaExecutor 5 exits. 
I0911 23:33:49.299822 2947975 AriaExecutor.h:94] AriaExecutor 9 exits. 
I0911 23:33:49.299822 2947973 AriaExecutor.h:94] AriaExecutor 7 exits. 
I0911 23:33:49.299821 2947981 AriaExecutor.h:94] AriaExecutor 15 exits. 
I0911 23:33:49.299806 2947970 AriaExecutor.h:94] AriaExecutor 4 exits. 
I0911 23:33:49.299821 2947967 AriaExecutor.h:94] AriaExecutor 1 exits. 
I0911 23:33:49.299822 2947979 AriaExecutor.h:94] AriaExecutor 13 exits. 
I0911 23:33:49.299810 2947982 Manager.h:227] Manager(worker id = 16) on the coordinator node exits.
I0911 23:33:49.299811 2947972 AriaExecutor.h:94] AriaExecutor 6 exits. 
I0911 23:33:49.299836 2947969 AriaExecutor.h:94] AriaExecutor 3 exits. 
I0911 23:33:49.299613 2947946 AriaExecutor.h:641] Worker 0 latency: 444 us (50%) 595 us (75%) 717 us (95%) 745 us (99%).
I0911 23:33:49.381059 2947946 AriaExecutor.h:641] Worker 1 latency: 443 us (50%) 594 us (75%) 716 us (95%) 744 us (99%).
I0911 23:33:49.470618 2947946 AriaExecutor.h:641] Worker 2 latency: 448 us (50%) 598 us (75%) 718 us (95%) 745 us (99%).
I0911 23:33:49.551203 2947946 AriaExecutor.h:641] Worker 3 latency: 443 us (50%) 594 us (75%) 716 us (95%) 744 us (99%).
I0911 23:33:49.640940 2947946 AriaExecutor.h:641] Worker 4 latency: 446 us (50%) 596 us (75%) 717 us (95%) 745 us (99%).
I0911 23:33:49.723266 2947946 AriaExecutor.h:641] Worker 5 latency: 442 us (50%) 593 us (75%) 716 us (95%) 744 us (99%).
I0911 23:33:49.814174 2947946 AriaExecutor.h:641] Worker 6 latency: 447 us (50%) 597 us (75%) 718 us (95%) 745 us (99%).
I0911 23:33:49.895154 2947946 AriaExecutor.h:641] Worker 7 latency: 443 us (50%) 594 us (75%) 716 us (95%) 744 us (99%).
I0911 23:33:49.985953 2947946 AriaExecutor.h:641] Worker 8 latency: 445 us (50%) 595 us (75%) 717 us (95%) 745 us (99%).
I0911 23:33:50.066435 2947946 AriaExecutor.h:641] Worker 9 latency: 441 us (50%) 592 us (75%) 716 us (95%) 744 us (99%).
I0911 23:33:50.158403 2947946 AriaExecutor.h:641] Worker 10 latency: 446 us (50%) 596 us (75%) 717 us (95%) 745 us (99%).
I0911 23:33:50.239099 2947946 AriaExecutor.h:641] Worker 11 latency: 443 us (50%) 594 us (75%) 716 us (95%) 744 us (99%).
I0911 23:33:50.329586 2947946 AriaExecutor.h:641] Worker 12 latency: 446 us (50%) 596 us (75%) 717 us (95%) 745 us (99%).
I0911 23:33:50.410149 2947946 AriaExecutor.h:641] Worker 13 latency: 441 us (50%) 593 us (75%) 716 us (95%) 744 us (99%).
I0911 23:33:50.501127 2947946 AriaExecutor.h:641] Worker 14 latency: 446 us (50%) 596 us (75%) 717 us (95%) 745 us (99%).
I0911 23:33:50.582223 2947946 AriaExecutor.h:641] Worker 15 latency: 443 us (50%) 594 us (75%) 716 us (95%) 744 us (99%).
I0911 23:33:50.672988 2947946 Coordinator.h:177] total commit: 1.30839e+06
I0911 23:33:51.673115 2947946 Coordinator.h:192] Coordinator exits.
