I0912 00:05:46.714841 2954036 Database.h:65] ycsb initialization finished in 148 milliseconds.
I0912 00:05:46.714960 2954036 Coordinator.h:30] Coordinator initializes 16 workers.
I0912 00:05:46.838541 2954036 Coordinator.h:77] Coordinator starts to run 17 workers.
I0912 00:05:46.838603 2954057 AriaExecutor.h:82] AriaExecutor 0 started. 
I0912 00:05:46.838642 2954058 AriaExecutor.h:82] AriaExecutor 1 started. 
I0912 00:05:46.838686 2954059 AriaExecutor.h:82] AriaExecutor 2 started. 
I0912 00:05:46.838737 2954060 AriaExecutor.h:82] AriaExecutor 3 started. 
I0912 00:05:46.838759 2954061 AriaExecutor.h:82] AriaExecutor 4 started. 
I0912 00:05:46.838814 2954062 AriaExecutor.h:82] AriaExecutor 5 started. 
I0912 00:05:46.838830 2954063 AriaExecutor.h:82] AriaExecutor 6 started. 
I0912 00:05:46.838889 2954064 AriaExecutor.h:82] AriaExecutor 7 started. 
I0912 00:05:46.838917 2954065 AriaExecutor.h:82] AriaExecutor 8 started. 
I0912 00:05:46.838959 2954066 AriaExecutor.h:82] AriaExecutor 9 started. 
I0912 00:05:46.838990 2954067 AriaExecutor.h:82] AriaExecutor 10 started. 
I0912 00:05:46.839035 2954068 AriaExecutor.h:82] AriaExecutor 11 started. 
I0912 00:05:46.839071 2954069 AriaExecutor.h:82] AriaExecutor 12 started. 
I0912 00:05:46.839123 2954070 AriaExecutor.h:82] AriaExecutor 13 started. 
I0912 00:05:46.839154 2954071 AriaExecutor.h:82] AriaExecutor 14 started. 
I0912 00:05:46.839195 2954072 AriaExecutor.h:82] AriaExecutor 15 started. 
I0912 00:05:46.839231 2954073 Manager.h:224] Manager(worker id = 16) on the coordinator node started.
I0912 00:05:47.839282 2954036 Coordinator.h:126] commit: 1608 abort: 206392 (0/206392/0), network size: 0, avg network size: 0, si_in_serializable: 0 0 %, local: 0 %
I0912 00:05:48.839385 2954036 Coordinator.h:126] commit: 1845 abort: 238155 (0/238155/0), network size: 0, avg network size: 0, si_in_serializable: 0 0 %, local: 0 %
I0912 00:05:49.839466 2954036 Coordinator.h:126] commit: 2004 abort: 253996 (0/253996/0), network size: 0, avg network size: 0, si_in_serializable: 0 0 %, local: 0 %
I0912 00:05:50.839545 2954036 Coordinator.h:126] commit: 1860 abort: 238140 (0/238140/0), network size: 0, avg network size: 0, si_in_serializable: 0 0 %, local: 0 %
I0912 00:05:51.839627 2954036 Coordinator.h:126] commit: 1887 abort: 238113 (0/238113/0), network size: 0, avg network size: 0, si_in_serializable: 0 0 %, local: 0 %
I0912 00:05:52.839731 2954036 Coordinator.h:126] commit: 1934 abort: 254066 (0/254066/0), network size: 0, avg network size: 0, si_in_serializable: 0 0 %, local: 0 %
I0912 00:05:53.839811 2954036 Coordinator.h:126] commit: 2084 abort: 269916 (0/269916/0), network size: 0, avg network size: 0, si_in_serializable: 0 0 %, local: 0 %
I0912 00:05:54.839887 2954036 Coordinator.h:126] commit: 1966 abort: 254034 (0/254034/0), network size: 0, avg network size: 0, si_in_serializable: 0 0 %, local: 0 %
I0912 00:05:55.839974 2954036 Coordinator.h:126] commit: 1947 abort: 254053 (0/254053/0), network size: 0, avg network size: 0, si_in_serializable: 0 0 %, local: 0 %
I0912 00:05:56.840049 2954036 Coordinator.h:126] commit: 1968 abort: 254032 (0/254032/0), network size: 0, avg network size: 0, si_in_serializable: 0 0 %, local: 0 %
I0912 00:05:57.840121 2954036 Coordinator.h:126] commit: 1965 abort: 254035 (0/254035/0), network size: 0, avg network size: 0, si_in_serializable: 0 0 %, local: 0 %
I0912 00:05:58.840188 2954036 Coordinator.h:126] commit: 2014 abort: 269986 (0/269986/0), network size: 0, avg network size: 0, si_in_serializable: 0 0 %, local: 0 %
I0912 00:05:59.840267 2954036 Coordinator.h:126] commit: 1997 abort: 254003 (0/254003/0), network size: 0, avg network size: 0, si_in_serializable: 0 0 %, local: 0 %
I0912 00:06:00.840363 2954036 Coordinator.h:126] commit: 2052 abort: 269948 (0/269948/0), network size: 0, avg network size: 0, si_in_serializable: 0 0 %, local: 0 %
I0912 00:06:01.840440 2954036 Coordinator.h:126] commit: 2096 abort: 269904 (0/269904/0), network size: 0, avg network size: 0, si_in_serializable: 0 0 %, local: 0 %
I0912 00:06:02.840509 2954036 Coordinator.h:126] commit: 1993 abort: 254007 (0/254007/0), network size: 0, avg network size: 0, si_in_serializable: 0 0 %, local: 0 %
I0912 00:06:03.840593 2954036 Coordinator.h:126] commit: 2073 abort: 269927 (0/269927/0), network size: 0, avg network size: 0, si_in_serializable: 0 0 %, local: 0 %
I0912 00:06:04.840674 2954036 Coordinator.h:126] commit: 2091 abort: 269909 (0/269909/0), network size: 0, avg network size: 0, si_in_serializable: 0 0 %, local: 0 %
I0912 00:06:05.840740 2954036 Coordinator.h:126] commit: 1963 abort: 254037 (0/254037/0), network size: 0, avg network size: 0, si_in_serializable: 0 0 %, local: 0 %
I0912 00:06:06.840807 2954036 Coordinator.h:126] commit: 2102 abort: 269898 (0/269898/0), network size: 0, avg network size: 0, si_in_serializable: 0 0 %, local: 0 %
I0912 00:06:07.840883 2954036 Coordinator.h:126] commit: 2115 abort: 269885 (0/269885/0), network size: 0, avg network size: 0, si_in_serializable: 0 0 %, local: 0 %
I0912 00:06:08.840952 2954036 Coordinator.h:126] commit: 1986 abort: 254014 (0/254014/0), network size: 0, avg network size: 0, si_in_serializable: 0 0 %, local: 0 %
I0912 00:06:09.841018 2954036 Coordinator.h:126] commit: 2092 abort: 269908 (0/269908/0), network size: 0, avg network size: 0, si_in_serializable: 0 0 %, local: 0 %
I0912 00:06:10.841089 2954036 Coordinator.h:126] commit: 2069 abort: 269931 (0/269931/0), network size: 0, avg network size: 0, si_in_serializable: 0 0 %, local: 0 %
I0912 00:06:11.841164 2954036 Coordinator.h:126] commit: 2080 abort: 269920 (0/269920/0), network size: 0, avg network size: 0, si_in_serializable: 0 0 %, local: 0 %
I0912 00:06:11.841177 2954036 Coordinator.h:152] average commit: 2034.6 abort: 263565 (0/263565/0), network size: 0, avg network size: 0, si_in_serializable: 0 0 %, local: 0 %
I0912 00:06:11.841189 2954036 AriaExecutor.h:641] Worker 0 latency: 59474 us (50%) 60656 us (75%) 66670 us (95%) 78161 us (99%).
I0912 00:06:11.890805 2954063 AriaExecutor.h:94] AriaExecutor 6 exits. 
I0912 00:06:11.890805 2954069 AriaExecutor.h:94] AriaExecutor 12 exits. 
I0912 00:06:11.890822 2954072 AriaExecutor.h:94] AriaExecutor 15 exits. 
I0912 00:06:11.890807 2954057 AriaExecutor.h:94] AriaExecutor 0 exits. 
I0912 00:06:11.890825 2954066 AriaExecutor.h:94] AriaExecutor 9 exits. 
I0912 00:06:11.890807 2954067 AriaExecutor.h:94] AriaExecutor 10 exits. 
I0912 00:06:11.890808 2954059 AriaExecutor.h:94] AriaExecutor 2 exits. 
I0912 00:06:11.890822 2954062 AriaExecutor.h:94] AriaExecutor 5 exits. 
I0912 00:06:11.890823 2954064 AriaExecutor.h:94] AriaExecutor 7 exits. 
I0912 00:06:11.890807 2954071 AriaExecutor.h:94] AriaExecutor 14 exits. 
I0912 00:06:11.890808 2954065 AriaExecutor.h:94] AriaExecutor 8 exits. 
I0912 00:06:11.890805 2954061 AriaExecutor.h:94] AriaExecutor 4 exits. 
I0912 00:06:11.890805 2954073 Manager.h:227] Manager(worker id = 16) on the coordinator node exits.
I0912 00:06:11.890823 2954068 AriaExecutor.h:94] AriaExecutor 11 exits. 
I0912 00:06:11.890823 2954058 AriaExecutor.h:94] AriaExecutor 1 exits. 
I0912 00:06:11.890822 2954070 AriaExecutor.h:94] AriaExecutor 13 exits. 
I0912 00:06:11.890823 2954060 AriaExecutor.h:94] AriaExecutor 3 exits. 
I0912 00:06:11.891099 2954036 AriaExecutor.h:641] Worker 1 latency: 59449 us (50%) 60735 us (75%) 66749 us (95%) 77556 us (99%).
I0912 00:06:11.891323 2954036 AriaExecutor.h:641] Worker 2 latency: 59451 us (50%) 60699 us (75%) 66725 us (95%) 76504 us (99%).
I0912 00:06:11.891479 2954036 AriaExecutor.h:641] Worker 3 latency: 59433 us (50%) 60585 us (75%) 66681 us (95%) 76246 us (99%).
I0912 00:06:11.891655 2954036 AriaExecutor.h:641] Worker 4 latency: 59435 us (50%) 60588 us (75%) 66587 us (95%) 76346 us (99%).
I0912 00:06:11.891846 2954036 AriaExecutor.h:641] Worker 5 latency: 59433 us (50%) 60636 us (75%) 66750 us (95%) 77861 us (99%).
I0912 00:06:11.892032 2954036 AriaExecutor.h:641] Worker 6 latency: 59427 us (50%) 60605 us (75%) 66722 us (95%) 80315 us (99%).
I0912 00:06:11.892196 2954036 AriaExecutor.h:641] Worker 7 latency: 59439 us (50%) 60691 us (75%) 66768 us (95%) 76433 us (99%).
I0912 00:06:11.892372 2954036 AriaExecutor.h:641] Worker 8 latency: 59439 us (50%) 60816 us (75%) 67310 us (95%) 77398 us (99%).
I0912 00:06:11.892536 2954036 AriaExecutor.h:641] Worker 9 latency: 59412 us (50%) 60591 us (75%) 66796 us (95%) 77990 us (99%).
I0912 00:06:11.892714 2954036 AriaExecutor.h:641] Worker 10 latency: 59402 us (50%) 60578 us (75%) 66602 us (95%) 76160 us (99%).
I0912 00:06:11.892863 2954036 AriaExecutor.h:641] Worker 11 latency: 59407 us (50%) 60729 us (75%) 66529 us (95%) 77977 us (99%).
I0912 00:06:11.893043 2954036 AriaExecutor.h:641] Worker 12 latency: 59383 us (50%) 60363 us (75%) 66452 us (95%) 75223 us (99%).
I0912 00:06:11.893203 2954036 AriaExecutor.h:641] Worker 13 latency: 59370 us (50%) 60415 us (75%) 66442 us (95%) 74263 us (99%).
I0912 00:06:11.893373 2954036 AriaExecutor.h:641] Worker 14 latency: 59372 us (50%) 60396 us (75%) 66487 us (95%) 74995 us (99%).
I0912 00:06:11.893520 2954036 AriaExecutor.h:641] Worker 15 latency: 59383 us (50%) 60472 us (75%) 66521 us (95%) 76342 us (99%).
I0912 00:06:11.893677 2954036 Coordinator.h:177] total commit: 2034.6
I0912 00:06:12.893774 2954036 Coordinator.h:192] Coordinator exits.
