I0911 22:31:56.333643 2935989 Database.h:65] ycsb initialization finished in 175 milliseconds.
I0911 22:31:56.333765 2935989 Coordinator.h:30] Coordinator initializes 16 workers.
I0911 22:31:56.349042 2935989 Coordinator.h:77] Coordinator starts to run 17 workers.
I0911 22:31:56.349098 2936010 AriaExecutor.h:82] AriaExecutor 0 started. 
I0911 22:31:56.349131 2936011 AriaExecutor.h:82] AriaExecutor 1 started. 
I0911 22:31:56.349176 2936012 AriaExecutor.h:82] AriaExecutor 2 started. 
I0911 22:31:56.349225 2936013 AriaExecutor.h:82] AriaExecutor 3 started. 
I0911 22:31:56.349260 2936014 AriaExecutor.h:82] AriaExecutor 4 started. 
I0911 22:31:56.349306 2936015 AriaExecutor.h:82] AriaExecutor 5 started. 
I0911 22:31:56.349349 2936016 AriaExecutor.h:82] AriaExecutor 6 started. 
I0911 22:31:56.349388 2936017 AriaExecutor.h:82] AriaExecutor 7 started. 
I0911 22:31:56.349423 2936018 AriaExecutor.h:82] AriaExecutor 8 started. 
I0911 22:31:56.349464 2936019 AriaExecutor.h:82] AriaExecutor 9 started. 
I0911 22:31:56.349498 2936020 AriaExecutor.h:82] AriaExecutor 10 started. 
I0911 22:31:56.349537 2936021 AriaExecutor.h:82] AriaExecutor 11 started. 
I0911 22:31:56.349572 2936022 AriaExecutor.h:82] AriaExecutor 12 started. 
I0911 22:31:56.349622 2936023 AriaExecutor.h:82] AriaExecutor 13 started. 
I0911 22:31:56.349653 2936024 AriaExecutor.h:82] AriaExecutor 14 started. 
I0911 22:31:56.349690 2936025 AriaExecutor.h:82] AriaExecutor 15 started. 
I0911 22:31:56.349723 2936026 Manager.h:224] Manager(worker id = 16) on the coordinator node started.
I0911 22:31:57.349766 2935989 Coordinator.h:126] commit: 1096356 abort: 27996 (0/27996/0), network size: 0, avg network size: 0, si_in_serializable: 0 0 %, local: 0 %
I0911 22:31:58.349860 2935989 Coordinator.h:126] commit: 1084427 abort: 27637 (0/27637/0), network size: 0, avg network size: 0, si_in_serializable: 0 0 %, local: 0 %
I0911 22:31:59.349921 2935989 Coordinator.h:126] commit: 1058528 abort: 26912 (0/26912/0), network size: 0, avg network size: 0, si_in_serializable: 0 0 %, local: 0 %
I0911 22:32:00.349994 2935989 Coordinator.h:126] commit: 1058165 abort: 27275 (0/27275/0), network size: 0, avg network size: 0, si_in_serializable: 0 0 %, local: 0 %
I0911 22:32:01.350073 2935989 Coordinator.h:126] commit: 1094585 abort: 27719 (0/27719/0), network size: 0, avg network size: 0, si_in_serializable: 0 0 %, local: 0 %
I0911 22:32:02.350150 2935989 Coordinator.h:126] commit: 1103938 abort: 28606 (0/28606/0), network size: 0, avg network size: 0, si_in_serializable: 0 0 %, local: 0 %
I0911 22:32:03.350207 2935989 Coordinator.h:126] commit: 1104017 abort: 28527 (0/28527/0), network size: 0, avg network size: 0, si_in_serializable: 0 0 %, local: 0 %
I0911 22:32:04.350276 2935989 Coordinator.h:126] commit: 1080166 abort: 27802 (0/27802/0), network size: 0, avg network size: 0, si_in_serializable: 0 0 %, local: 0 %
I0911 22:32:05.350337 2935989 Coordinator.h:126] commit: 1081773 abort: 28243 (0/28243/0), network size: 0, avg network size: 0, si_in_serializable: 0 0 %, local: 0 %
I0911 22:32:06.350409 2935989 Coordinator.h:126] commit: 1074211 abort: 27613 (0/27613/0), network size: 0, avg network size: 0, si_in_serializable: 0 0 %, local: 0 %
I0911 22:32:07.350469 2935989 Coordinator.h:126] commit: 1102184 abort: 28312 (0/28312/0), network size: 0, avg network size: 0, si_in_serializable: 0 0 %, local: 0 %
I0911 22:32:08.350529 2935989 Coordinator.h:126] commit: 1090016 abort: 28192 (0/28192/0), network size: 0, avg network size: 0, si_in_serializable: 0 0 %, local: 0 %
I0911 22:32:09.350611 2935989 Coordinator.h:126] commit: 1102080 abort: 28416 (0/28416/0), network size: 0, avg network size: 0, si_in_serializable: 0 0 %, local: 0 %
I0911 22:32:10.350677 2935989 Coordinator.h:126] commit: 1102078 abort: 28418 (0/28418/0), network size: 0, avg network size: 0, si_in_serializable: 0 0 %, local: 0 %
I0911 22:32:11.350734 2935989 Coordinator.h:126] commit: 1104249 abort: 28295 (0/28295/0), network size: 0, avg network size: 0, si_in_serializable: 0 0 %, local: 0 %
I0911 22:32:12.350796 2935989 Coordinator.h:126] commit: 1054052 abort: 27292 (0/27292/0), network size: 0, avg network size: 0, si_in_serializable: 0 0 %, local: 0 %
I0911 22:32:13.350858 2935989 Coordinator.h:126] commit: 1101861 abort: 28635 (0/28635/0), network size: 0, avg network size: 0, si_in_serializable: 0 0 %, local: 0 %
I0911 22:32:14.350917 2935989 Coordinator.h:126] commit: 1104122 abort: 28422 (0/28422/0), network size: 0, avg network size: 0, si_in_serializable: 0 0 %, local: 0 %
I0911 22:32:15.350976 2935989 Coordinator.h:126] commit: 1101880 abort: 28616 (0/28616/0), network size: 0, avg network size: 0, si_in_serializable: 0 0 %, local: 0 %
I0911 22:32:16.351037 2935989 Coordinator.h:126] commit: 1102020 abort: 28476 (0/28476/0), network size: 0, avg network size: 0, si_in_serializable: 0 0 %, local: 0 %
I0911 22:32:17.351097 2935989 Coordinator.h:126] commit: 1102064 abort: 28432 (0/28432/0), network size: 0, avg network size: 0, si_in_serializable: 0 0 %, local: 0 %
I0911 22:32:18.351157 2935989 Coordinator.h:126] commit: 1104355 abort: 28189 (0/28189/0), network size: 0, avg network size: 0, si_in_serializable: 0 0 %, local: 0 %
I0911 22:32:19.351217 2935989 Coordinator.h:126] commit: 1102169 abort: 28327 (0/28327/0), network size: 0, avg network size: 0, si_in_serializable: 0 0 %, local: 0 %
I0911 22:32:20.351279 2935989 Coordinator.h:126] commit: 1104448 abort: 28096 (0/28096/0), network size: 0, avg network size: 0, si_in_serializable: 0 0 %, local: 0 %
I0911 22:32:21.351336 2935989 Coordinator.h:126] commit: 1101883 abort: 28613 (0/28613/0), network size: 0, avg network size: 0, si_in_serializable: 0 0 %, local: 0 %
I0911 22:32:21.351346 2935989 Coordinator.h:152] average commit: 1.09645e+06 abort: 28307.4 (0/28307.4/0), network size: 0, avg network size: 0, si_in_serializable: 0 0 %, local: 0 %
I0911 22:32:21.351594 2936026 Manager.h:227] Manager(worker id = 16) on the coordinator node exits.
I0911 22:32:21.351598 2936024 AriaExecutor.h:94] AriaExecutor 14 exits. 
I0911 22:32:21.351613 2936021 AriaExecutor.h:94] AriaExecutor 11 exits. 
I0911 22:32:21.351600 2936018 AriaExecutor.h:94] AriaExecutor 8 exits. 
I0911 22:32:21.351598 2936022 AriaExecutor.h:94] AriaExecutor 12 exits. 
I0911 22:32:21.351615 2936023 AriaExecutor.h:94] AriaExecutor 13 exits. 
I0911 22:32:21.351616 2936025 AriaExecutor.h:94] AriaExecutor 15 exits. 
I0911 22:32:21.351617 2936017 AriaExecutor.h:94] AriaExecutor 7 exits. 
I0911 22:32:21.351617 2936015 AriaExecutor.h:94] AriaExecutor 5 exits. 
I0911 22:32:21.351617 2936011 AriaExecutor.h:94] AriaExecutor 1 exits. 
I0911 22:32:21.351617 2936013 AriaExecutor.h:94] AriaExecutor 3 exits. 
I0911 22:32:21.351604 2936014 AriaExecutor.h:94] AriaExecutor 4 exits. 
I0911 22:32:21.351596 2936010 AriaExecutor.h:94] AriaExecutor 0 exits. 
I0911 22:32:21.351616 2936019 AriaExecutor.h:94] AriaExecutor 9 exits. 
I0911 22:32:21.351601 2936012 AriaExecutor.h:94] AriaExecutor 2 exits. 
I0911 22:32:21.351598 2936016 AriaExecutor.h:94] AriaExecutor 6 exits. 
I0911 22:32:21.351598 2936020 AriaExecutor.h:94] AriaExecutor 10 exits. 
I0911 22:32:21.351356 2935989 AriaExecutor.h:535] Worker 0 latency: 1135 us (50%) 1431 us (75%) 1667 us (95%) 1718 us (99%).
I0911 22:32:21.418323 2935989 AriaExecutor.h:535] Worker 1 latency: 1135 us (50%) 1431 us (75%) 1667 us (95%) 1717 us (99%).
I0911 22:32:21.493664 2935989 AriaExecutor.h:535] Worker 2 latency: 1142 us (50%) 1434 us (75%) 1668 us (95%) 1718 us (99%).
I0911 22:32:21.562146 2935989 AriaExecutor.h:535] Worker 3 latency: 1138 us (50%) 1432 us (75%) 1667 us (95%) 1717 us (99%).
I0911 22:32:21.635841 2935989 AriaExecutor.h:535] Worker 4 latency: 1138 us (50%) 1433 us (75%) 1668 us (95%) 1718 us (99%).
I0911 22:32:21.703418 2935989 AriaExecutor.h:535] Worker 5 latency: 1135 us (50%) 1431 us (75%) 1667 us (95%) 1717 us (99%).
I0911 22:32:21.779490 2935989 AriaExecutor.h:535] Worker 6 latency: 1142 us (50%) 1435 us (75%) 1668 us (95%) 1718 us (99%).
I0911 22:32:21.847429 2935989 AriaExecutor.h:535] Worker 7 latency: 1138 us (50%) 1432 us (75%) 1667 us (95%) 1717 us (99%).
I0911 22:32:21.924223 2935989 AriaExecutor.h:535] Worker 8 latency: 1137 us (50%) 1432 us (75%) 1667 us (95%) 1717 us (99%).
I0911 22:32:21.992769 2935989 AriaExecutor.h:535] Worker 9 latency: 1134 us (50%) 1429 us (75%) 1666 us (95%) 1717 us (99%).
I0911 22:32:22.068683 2935989 AriaExecutor.h:535] Worker 10 latency: 1137 us (50%) 1431 us (75%) 1666 us (95%) 1717 us (99%).
I0911 22:32:22.137490 2935989 AriaExecutor.h:535] Worker 11 latency: 1138 us (50%) 1432 us (75%) 1667 us (95%) 1717 us (99%).
I0911 22:32:22.213903 2935989 AriaExecutor.h:535] Worker 12 latency: 1139 us (50%) 1432 us (75%) 1667 us (95%) 1717 us (99%).
I0911 22:32:22.281612 2935989 AriaExecutor.h:535] Worker 13 latency: 1134 us (50%) 1430 us (75%) 1667 us (95%) 1717 us (99%).
I0911 22:32:22.358331 2935989 AriaExecutor.h:535] Worker 14 latency: 1142 us (50%) 1434 us (75%) 1667 us (95%) 1717 us (99%).
I0911 22:32:22.425843 2935989 AriaExecutor.h:535] Worker 15 latency: 1136 us (50%) 1431 us (75%) 1666 us (95%) 1717 us (99%).
I0911 22:32:22.500785 2935989 Coordinator.h:177] total commit: 1.09645e+06
I0911 22:32:23.500911 2935989 Coordinator.h:192] Coordinator exits.
