I0911 21:56:19.652531 2929277 Database.h:65] ycsb initialization finished in 197 milliseconds.
I0911 21:56:19.652643 2929277 Coordinator.h:30] Coordinator initializes 16 workers.
I0911 21:56:19.772440 2929277 Coordinator.h:77] Coordinator starts to run 17 workers.
I0911 21:56:19.772505 2929297 AriaExecutor.h:82] AriaExecutor 0 started. 
I0911 21:56:19.772540 2929298 AriaExecutor.h:82] AriaExecutor 1 started. 
I0911 21:56:19.772585 2929299 AriaExecutor.h:82] AriaExecutor 2 started. 
I0911 21:56:19.772634 2929300 AriaExecutor.h:82] AriaExecutor 3 started. 
I0911 21:56:19.772656 2929301 AriaExecutor.h:82] AriaExecutor 4 started. 
I0911 21:56:19.772711 2929302 AriaExecutor.h:82] AriaExecutor 5 started. 
I0911 21:56:19.772769 2929303 AriaExecutor.h:82] AriaExecutor 6 started. 
I0911 21:56:19.772811 2929304 AriaExecutor.h:82] AriaExecutor 7 started. 
I0911 21:56:19.772858 2929305 AriaExecutor.h:82] AriaExecutor 8 started. 
I0911 21:56:19.772907 2929306 AriaExecutor.h:82] AriaExecutor 9 started. 
I0911 21:56:19.772967 2929307 AriaExecutor.h:82] AriaExecutor 10 started. 
I0911 21:56:19.773022 2929308 AriaExecutor.h:82] AriaExecutor 11 started. 
I0911 21:56:19.773085 2929309 AriaExecutor.h:82] AriaExecutor 12 started. 
I0911 21:56:19.773137 2929310 AriaExecutor.h:82] AriaExecutor 13 started. 
I0911 21:56:19.773183 2929311 AriaExecutor.h:82] AriaExecutor 14 started. 
I0911 21:56:19.773232 2929312 AriaExecutor.h:82] AriaExecutor 15 started. 
I0911 21:56:19.773279 2929313 Manager.h:224] Manager(worker id = 16) on the coordinator node started.
I0911 21:56:20.773350 2929277 Coordinator.h:126] commit: 973504 abort: 66496 (0/66496/0), network size: 0, avg network size: 0, si_in_serializable: 0 0 %, local: 0 %
I0911 21:56:21.773519 2929277 Coordinator.h:126] commit: 990792 abort: 67268 (0/67268/0), network size: 0, avg network size: 0, si_in_serializable: 0 0 %, local: 0 %
I0911 21:56:22.773635 2929277 Coordinator.h:126] commit: 1001649 abort: 68291 (0/68291/0), network size: 0, avg network size: 0, si_in_serializable: 0 0 %, local: 0 %
I0911 21:56:23.773742 2929277 Coordinator.h:126] commit: 988784 abort: 67216 (0/67216/0), network size: 0, avg network size: 0, si_in_serializable: 0 0 %, local: 0 %
I0911 21:56:24.773844 2929277 Coordinator.h:126] commit: 1018891 abort: 69109 (0/69109/0), network size: 0, avg network size: 0, si_in_serializable: 0 0 %, local: 0 %
I0911 21:56:25.773977 2929277 Coordinator.h:126] commit: 1033660 abort: 70340 (0/70340/0), network size: 0, avg network size: 0, si_in_serializable: 0 0 %, local: 0 %
I0911 21:56:26.774078 2929277 Coordinator.h:126] commit: 1048574 abort: 71426 (0/71426/0), network size: 0, avg network size: 0, si_in_serializable: 0 0 %, local: 0 %
I0911 21:56:27.774185 2929277 Coordinator.h:126] commit: 1044092 abort: 71053 (0/71053/0), network size: 0, avg network size: 0, si_in_serializable: 0 0 %, local: 0 %
I0911 21:56:28.774295 2929277 Coordinator.h:126] commit: 1023189 abort: 69666 (0/69666/0), network size: 0, avg network size: 0, si_in_serializable: 0 0 %, local: 0 %
I0911 21:56:29.774394 2929277 Coordinator.h:126] commit: 1034078 abort: 69922 (0/69922/0), network size: 0, avg network size: 0, si_in_serializable: 0 0 %, local: 0 %
I0911 21:56:30.774499 2929277 Coordinator.h:126] commit: 1035846 abort: 69734 (0/69734/0), network size: 0, avg network size: 0, si_in_serializable: 0 0 %, local: 0 %
I0911 21:56:31.774605 2929277 Coordinator.h:126] commit: 1047047 abort: 71373 (0/71373/0), network size: 0, avg network size: 0, si_in_serializable: 0 0 %, local: 0 %
I0911 21:56:32.774705 2929277 Coordinator.h:126] commit: 1020120 abort: 68968 (0/68968/0), network size: 0, avg network size: 0, si_in_serializable: 0 0 %, local: 0 %
I0911 21:56:33.774811 2929277 Coordinator.h:126] commit: 1047668 abort: 71244 (0/71244/0), network size: 0, avg network size: 0, si_in_serializable: 0 0 %, local: 0 %
I0911 21:56:34.774916 2929277 Coordinator.h:126] commit: 1018393 abort: 69607 (0/69607/0), network size: 0, avg network size: 0, si_in_serializable: 0 0 %, local: 0 %
I0911 21:56:35.775019 2929277 Coordinator.h:126] commit: 1048209 abort: 71791 (0/71791/0), network size: 0, avg network size: 0, si_in_serializable: 0 0 %, local: 0 %
I0911 21:56:36.775149 2929277 Coordinator.h:126] commit: 1018678 abort: 69322 (0/69322/0), network size: 0, avg network size: 0, si_in_serializable: 0 0 %, local: 0 %
I0911 21:56:37.775257 2929277 Coordinator.h:126] commit: 1048372 abort: 71628 (0/71628/0), network size: 0, avg network size: 0, si_in_serializable: 0 0 %, local: 0 %
I0911 21:56:38.775360 2929277 Coordinator.h:126] commit: 1048657 abort: 71343 (0/71343/0), network size: 0, avg network size: 0, si_in_serializable: 0 0 %, local: 0 %
I0911 21:56:39.775465 2929277 Coordinator.h:126] commit: 1048776 abort: 71224 (0/71224/0), network size: 0, avg network size: 0, si_in_serializable: 0 0 %, local: 0 %
I0911 21:56:40.775570 2929277 Coordinator.h:126] commit: 1033586 abort: 70414 (0/70414/0), network size: 0, avg network size: 0, si_in_serializable: 0 0 %, local: 0 %
I0911 21:56:41.775667 2929277 Coordinator.h:126] commit: 1048726 abort: 71274 (0/71274/0), network size: 0, avg network size: 0, si_in_serializable: 0 0 %, local: 0 %
I0911 21:56:42.775765 2929277 Coordinator.h:126] commit: 1049355 abort: 70645 (0/70645/0), network size: 0, avg network size: 0, si_in_serializable: 0 0 %, local: 0 %
I0911 21:56:43.775869 2929277 Coordinator.h:126] commit: 1034105 abort: 69895 (0/69895/0), network size: 0, avg network size: 0, si_in_serializable: 0 0 %, local: 0 %
I0911 21:56:44.775972 2929277 Coordinator.h:126] commit: 1048594 abort: 71406 (0/71406/0), network size: 0, avg network size: 0, si_in_serializable: 0 0 %, local: 0 %
I0911 21:56:44.776003 2929277 Coordinator.h:152] average commit: 1.03818e+06 abort: 70623.4 (0/70623.4/0), network size: 0, avg network size: 0, si_in_serializable: 0 0 %, local: 0 %
I0911 21:56:44.795547 2929311 AriaExecutor.h:94] AriaExecutor 14 exits. 
I0911 21:56:44.795549 2929307 AriaExecutor.h:94] AriaExecutor 10 exits. 
I0911 21:56:44.795549 2929303 AriaExecutor.h:94] AriaExecutor 6 exits. 
I0911 21:56:44.795549 2929299 AriaExecutor.h:94] AriaExecutor 2 exits. 
I0911 21:56:44.795552 2929313 Manager.h:227] Manager(worker id = 16) on the coordinator node exits.
I0911 21:56:44.795549 2929309 AriaExecutor.h:94] AriaExecutor 12 exits. 
I0911 21:56:44.795552 2929301 AriaExecutor.h:94] AriaExecutor 4 exits. 
I0911 21:56:44.795549 2929297 AriaExecutor.h:94] AriaExecutor 0 exits. 
I0911 21:56:44.795560 2929304 AriaExecutor.h:94] AriaExecutor 7 exits. 
I0911 21:56:44.795560 2929298 AriaExecutor.h:94] AriaExecutor 1 exits. 
I0911 21:56:44.795562 2929300 AriaExecutor.h:94] AriaExecutor 3 exits. 
I0911 21:56:44.795562 2929312 AriaExecutor.h:94] AriaExecutor 15 exits. 
I0911 21:56:44.795562 2929306 AriaExecutor.h:94] AriaExecutor 9 exits. 
I0911 21:56:44.795567 2929308 AriaExecutor.h:94] AriaExecutor 11 exits. 
I0911 21:56:44.795560 2929310 AriaExecutor.h:94] AriaExecutor 13 exits. 
I0911 21:56:44.795578 2929302 AriaExecutor.h:94] AriaExecutor 5 exits. 
I0911 21:56:44.795550 2929305 AriaExecutor.h:94] AriaExecutor 8 exits. 
I0911 21:56:44.776018 2929277 AriaExecutor.h:535] Worker 0 latency: 9868 us (50%) 11332 us (75%) 12465 us (95%) 13156 us (99%).
I0911 21:56:44.844987 2929277 AriaExecutor.h:535] Worker 1 latency: 9865 us (50%) 11333 us (75%) 12470 us (95%) 13187 us (99%).
I0911 21:56:44.909751 2929277 AriaExecutor.h:535] Worker 2 latency: 9916 us (50%) 11359 us (75%) 12471 us (95%) 13161 us (99%).
I0911 21:56:44.975946 2929277 AriaExecutor.h:535] Worker 3 latency: 9886 us (50%) 11343 us (75%) 12473 us (95%) 13166 us (99%).
I0911 21:56:45.049961 2929277 AriaExecutor.h:535] Worker 4 latency: 9879 us (50%) 11338 us (75%) 12465 us (95%) 13130 us (99%).
I0911 21:56:45.114691 2929277 AriaExecutor.h:535] Worker 5 latency: 9872 us (50%) 11334 us (75%) 12472 us (95%) 13144 us (99%).
I0911 21:56:45.188283 2929277 AriaExecutor.h:535] Worker 6 latency: 9918 us (50%) 11359 us (75%) 12472 us (95%) 13163 us (99%).
I0911 21:56:45.254065 2929277 AriaExecutor.h:535] Worker 7 latency: 9895 us (50%) 11352 us (75%) 12479 us (95%) 13192 us (99%).
I0911 21:56:45.326814 2929277 AriaExecutor.h:535] Worker 8 latency: 9877 us (50%) 11337 us (75%) 12465 us (95%) 13162 us (99%).
I0911 21:56:45.391587 2929277 AriaExecutor.h:535] Worker 9 latency: 9865 us (50%) 11331 us (75%) 12466 us (95%) 13142 us (99%).
I0911 21:56:45.464493 2929277 AriaExecutor.h:535] Worker 10 latency: 9906 us (50%) 11348 us (75%) 12464 us (95%) 13148 us (99%).
I0911 21:56:45.530658 2929277 AriaExecutor.h:535] Worker 11 latency: 9852 us (50%) 11319 us (75%) 12465 us (95%) 13159 us (99%).
I0911 21:56:45.604527 2929277 AriaExecutor.h:535] Worker 12 latency: 9872 us (50%) 11332 us (75%) 12464 us (95%) 13164 us (99%).
I0911 21:56:45.671048 2929277 AriaExecutor.h:535] Worker 13 latency: 9886 us (50%) 11346 us (75%) 12476 us (95%) 13164 us (99%).
I0911 21:56:45.743712 2929277 AriaExecutor.h:535] Worker 14 latency: 9895 us (50%) 11338 us (75%) 12462 us (95%) 13141 us (99%).
I0911 21:56:45.808808 2929277 AriaExecutor.h:535] Worker 15 latency: 9853 us (50%) 11323 us (75%) 12466 us (95%) 13158 us (99%).
I0911 21:56:45.882212 2929277 Coordinator.h:177] total commit: 1.03818e+06
I0911 21:56:46.882336 2929277 Coordinator.h:192] Coordinator exits.
