I1126 13:45:43.555446 944357 Database.h:65] ycsb initialization finished in 30 milliseconds.
I1126 13:45:43.555541 944357 Coordinator.h:30] Coordinator initializes 12 workers.
I1126 13:45:43.628031 944357 Coordinator.h:77] Coordinator starts to run 13 workers.
I1126 13:45:43.628090 944373 AriaExecutor.h:82] AriaExecutor 0 started. 
I1126 13:45:43.628121 944374 AriaExecutor.h:82] AriaExecutor 1 started. 
I1126 13:45:43.628161 944375 AriaExecutor.h:82] AriaExecutor 2 started. 
I1126 13:45:43.628216 944376 AriaExecutor.h:82] AriaExecutor 3 started. 
I1126 13:45:43.628261 944377 AriaExecutor.h:82] AriaExecutor 4 started. 
I1126 13:45:43.628314 944378 AriaExecutor.h:82] AriaExecutor 5 started. 
I1126 13:45:43.628356 944379 AriaExecutor.h:82] AriaExecutor 6 started. 
I1126 13:45:43.628410 944380 AriaExecutor.h:82] AriaExecutor 7 started. 
I1126 13:45:43.628459 944381 AriaExecutor.h:82] AriaExecutor 8 started. 
I1126 13:45:43.628513 944382 AriaExecutor.h:82] AriaExecutor 9 started. 
I1126 13:45:43.628556 944383 AriaExecutor.h:82] AriaExecutor 10 started. 
I1126 13:45:43.628610 944384 AriaExecutor.h:82] AriaExecutor 11 started. 
I1126 13:45:43.628655 944385 Manager.h:224] Manager(worker id = 12) on the coordinator node started.
I1126 13:45:44.628720 944357 Coordinator.h:126] commit: 273 abort: 149727 (0/149727/0), network size: 0, avg network size: 0, si_in_serializable: 0 0 %, local: 0 %
I1126 13:45:45.628846 944357 Coordinator.h:126] commit: 290 abort: 159710 (0/159710/0), network size: 0, avg network size: 0, si_in_serializable: 0 0 %, local: 0 %
I1126 13:45:46.628978 944357 Coordinator.h:126] commit: 290 abort: 159710 (0/159710/0), network size: 0, avg network size: 0, si_in_serializable: 0 0 %, local: 0 %
I1126 13:45:47.629093 944357 Coordinator.h:126] commit: 301 abort: 169699 (0/169699/0), network size: 0, avg network size: 0, si_in_serializable: 0 0 %, local: 0 %
I1126 13:45:48.629194 944357 Coordinator.h:126] commit: 315 abort: 159685 (0/159685/0), network size: 0, avg network size: 0, si_in_serializable: 0 0 %, local: 0 %
I1126 13:45:49.629294 944357 Coordinator.h:126] commit: 312 abort: 159688 (0/159688/0), network size: 0, avg network size: 0, si_in_serializable: 0 0 %, local: 0 %
I1126 13:45:50.629431 944357 Coordinator.h:126] commit: 318 abort: 159682 (0/159682/0), network size: 0, avg network size: 0, si_in_serializable: 0 0 %, local: 0 %
I1126 13:45:51.629546 944357 Coordinator.h:126] commit: 322 abort: 169678 (0/169678/0), network size: 0, avg network size: 0, si_in_serializable: 0 0 %, local: 0 %
I1126 13:45:52.629637 944357 Coordinator.h:126] commit: 315 abort: 169685 (0/169685/0), network size: 0, avg network size: 0, si_in_serializable: 0 0 %, local: 0 %
I1126 13:45:53.629738 944357 Coordinator.h:126] commit: 277 abort: 159723 (0/159723/0), network size: 0, avg network size: 0, si_in_serializable: 0 0 %, local: 0 %
I1126 13:45:54.629839 944357 Coordinator.h:126] commit: 290 abort: 159710 (0/159710/0), network size: 0, avg network size: 0, si_in_serializable: 0 0 %, local: 0 %
I1126 13:45:55.629969 944357 Coordinator.h:126] commit: 338 abort: 169662 (0/169662/0), network size: 0, avg network size: 0, si_in_serializable: 0 0 %, local: 0 %
I1126 13:45:56.630075 944357 Coordinator.h:126] commit: 283 abort: 159717 (0/159717/0), network size: 0, avg network size: 0, si_in_serializable: 0 0 %, local: 0 %
I1126 13:45:57.630178 944357 Coordinator.h:126] commit: 326 abort: 169674 (0/169674/0), network size: 0, avg network size: 0, si_in_serializable: 0 0 %, local: 0 %
I1126 13:45:58.630280 944357 Coordinator.h:126] commit: 318 abort: 159682 (0/159682/0), network size: 0, avg network size: 0, si_in_serializable: 0 0 %, local: 0 %
I1126 13:45:59.630376 944357 Coordinator.h:126] commit: 292 abort: 169708 (0/169708/0), network size: 0, avg network size: 0, si_in_serializable: 0 0 %, local: 0 %
I1126 13:46:00.630473 944357 Coordinator.h:126] commit: 318 abort: 159682 (0/159682/0), network size: 0, avg network size: 0, si_in_serializable: 0 0 %, local: 0 %
I1126 13:46:01.630592 944357 Coordinator.h:126] commit: 279 abort: 159721 (0/159721/0), network size: 0, avg network size: 0, si_in_serializable: 0 0 %, local: 0 %
I1126 13:46:02.630688 944357 Coordinator.h:126] commit: 314 abort: 169686 (0/169686/0), network size: 0, avg network size: 0, si_in_serializable: 0 0 %, local: 0 %
I1126 13:46:03.630899 944357 Coordinator.h:126] commit: 304 abort: 159696 (0/159696/0), network size: 0, avg network size: 0, si_in_serializable: 0 0 %, local: 0 %
I1126 13:46:04.631045 944357 Coordinator.h:126] commit: 288 abort: 159712 (0/159712/0), network size: 0, avg network size: 0, si_in_serializable: 0 0 %, local: 0 %
I1126 13:46:05.631135 944357 Coordinator.h:126] commit: 286 abort: 169714 (0/169714/0), network size: 0, avg network size: 0, si_in_serializable: 0 0 %, local: 0 %
I1126 13:46:06.631235 944357 Coordinator.h:126] commit: 280 abort: 159720 (0/159720/0), network size: 0, avg network size: 0, si_in_serializable: 0 0 %, local: 0 %
I1126 13:46:07.631349 944357 Coordinator.h:126] commit: 267 abort: 159733 (0/159733/0), network size: 0, avg network size: 0, si_in_serializable: 0 0 %, local: 0 %
I1126 13:46:08.631433 944357 Coordinator.h:126] commit: 304 abort: 169696 (0/169696/0), network size: 0, avg network size: 0, si_in_serializable: 0 0 %, local: 0 %
I1126 13:46:08.631446 944357 Coordinator.h:152] average commit: 306.2 abort: 163694 (0/163694/0), network size: 0, avg network size: 0, si_in_serializable: 0 0 %, local: 0 %
I1126 13:46:08.631456 944357 AriaExecutor.h:535] Worker 0 latency: 60787 us (50%) 61057 us (75%) 62600 us (95%) 69796 us (99%).
I1126 13:46:08.683780 944385 Manager.h:227] Manager(worker id = 12) on the coordinator node exits.
I1126 13:46:08.683786 944375 AriaExecutor.h:94] AriaExecutor 2 exits. 
I1126 13:46:08.683784 944381 AriaExecutor.h:94] AriaExecutor 8 exits. 
I1126 13:46:08.683797 944374 AriaExecutor.h:94] AriaExecutor 1 exits. 
I1126 13:46:08.683787 944373 AriaExecutor.h:94] AriaExecutor 0 exits. 
I1126 13:46:08.683787 944383 AriaExecutor.h:94] AriaExecutor 10 exits. 
I1126 13:46:08.683799 944384 AriaExecutor.h:94] AriaExecutor 11 exits. 
I1126 13:46:08.683799 944376 AriaExecutor.h:94] AriaExecutor 3 exits. 
I1126 13:46:08.683784 944379 AriaExecutor.h:94] AriaExecutor 6 exits. 
I1126 13:46:08.683799 944382 AriaExecutor.h:94] AriaExecutor 9 exits. 
I1126 13:46:08.683799 944380 AriaExecutor.h:94] AriaExecutor 7 exits. 
I1126 13:46:08.683799 944378 AriaExecutor.h:94] AriaExecutor 5 exits. 
I1126 13:46:08.683786 944377 AriaExecutor.h:94] AriaExecutor 4 exits. 
I1126 13:46:08.684041 944357 AriaExecutor.h:535] Worker 1 latency: 60744 us (50%) 61061 us (75%) 62586 us (95%) 70230 us (99%).
I1126 13:46:08.684103 944357 AriaExecutor.h:535] Worker 2 latency: 60761 us (50%) 61077 us (75%) 62787 us (95%) 70266 us (99%).
I1126 13:46:08.684145 944357 AriaExecutor.h:535] Worker 3 latency: 60742 us (50%) 61048 us (75%) 62482 us (95%) 70215 us (99%).
I1126 13:46:08.684181 944357 AriaExecutor.h:535] Worker 4 latency: 60767 us (50%) 61056 us (75%) 63034 us (95%) 70215 us (99%).
I1126 13:46:08.684247 944357 AriaExecutor.h:535] Worker 5 latency: 60733 us (50%) 61032 us (75%) 62464 us (95%) 68756 us (99%).
I1126 13:46:08.684289 944357 AriaExecutor.h:535] Worker 6 latency: 60757 us (50%) 61060 us (75%) 62825 us (95%) 68932 us (99%).
I1126 13:46:08.684329 944357 AriaExecutor.h:535] Worker 7 latency: 60719 us (50%) 61016 us (75%) 62559 us (95%) 68892 us (99%).
I1126 13:46:08.684367 944357 AriaExecutor.h:535] Worker 8 latency: 60712 us (50%) 61037 us (75%) 62288 us (95%) 68747 us (99%).
I1126 13:46:08.684405 944357 AriaExecutor.h:535] Worker 9 latency: 60721 us (50%) 61025 us (75%) 62560 us (95%) 70169 us (99%).
I1126 13:46:08.684438 944357 AriaExecutor.h:535] Worker 10 latency: 60758 us (50%) 61057 us (75%) 62405 us (95%) 69565 us (99%).
I1126 13:46:08.684473 944357 AriaExecutor.h:535] Worker 11 latency: 60669 us (50%) 60991 us (75%) 62172 us (95%) 69886 us (99%).
I1126 13:46:08.684513 944357 Coordinator.h:177] total commit: 306.2
I1126 13:46:09.684633 944357 Coordinator.h:192] Coordinator exits.
