I0911 22:20:58.452804 2933972 Database.h:65] ycsb initialization finished in 147 milliseconds.
I0911 22:20:58.452919 2933972 Coordinator.h:30] Coordinator initializes 16 workers.
I0911 22:20:58.468202 2933972 Coordinator.h:77] Coordinator starts to run 17 workers.
I0911 22:20:58.468302 2933993 AriaExecutor.h:82] AriaExecutor 0 started. 
I0911 22:20:58.468324 2933994 AriaExecutor.h:82] AriaExecutor 1 started. 
I0911 22:20:58.468381 2933995 AriaExecutor.h:82] AriaExecutor 2 started. 
I0911 22:20:58.468412 2933996 AriaExecutor.h:82] AriaExecutor 3 started. 
I0911 22:20:58.468448 2933997 AriaExecutor.h:82] AriaExecutor 4 started. 
I0911 22:20:58.468483 2933998 AriaExecutor.h:82] AriaExecutor 5 started. 
I0911 22:20:58.468511 2933999 AriaExecutor.h:82] AriaExecutor 6 started. 
I0911 22:20:58.468546 2934000 AriaExecutor.h:82] AriaExecutor 7 started. 
I0911 22:20:58.468575 2934001 AriaExecutor.h:82] AriaExecutor 8 started. 
I0911 22:20:58.468607 2934002 AriaExecutor.h:82] AriaExecutor 9 started. 
I0911 22:20:58.468633 2934003 AriaExecutor.h:82] AriaExecutor 10 started. 
I0911 22:20:58.468667 2934004 AriaExecutor.h:82] AriaExecutor 11 started. 
I0911 22:20:58.468695 2934005 AriaExecutor.h:82] AriaExecutor 12 started. 
I0911 22:20:58.468730 2934006 AriaExecutor.h:82] AriaExecutor 13 started. 
I0911 22:20:58.468760 2934007 AriaExecutor.h:82] AriaExecutor 14 started. 
I0911 22:20:58.468792 2934008 AriaExecutor.h:82] AriaExecutor 15 started. 
I0911 22:20:58.468829 2934009 Manager.h:224] Manager(worker id = 16) on the coordinator node started.
I0911 22:20:59.468873 2933972 Coordinator.h:126] commit: 1332358 abort: 2938 (0/2938/0), network size: 0, avg network size: 0, si_in_serializable: 0 0 %, local: 0 %
I0911 22:21:00.469002 2933972 Coordinator.h:126] commit: 1316129 abort: 2783 (0/2783/0), network size: 0, avg network size: 0, si_in_serializable: 0 0 %, local: 0 %
I0911 22:21:01.469080 2933972 Coordinator.h:126] commit: 1277058 abort: 2942 (0/2942/0), network size: 0, avg network size: 0, si_in_serializable: 0 0 %, local: 0 %
I0911 22:21:02.469157 2933972 Coordinator.h:126] commit: 1287409 abort: 2831 (0/2831/0), network size: 0, avg network size: 0, si_in_serializable: 0 0 %, local: 0 %
I0911 22:21:03.469306 2933972 Coordinator.h:126] commit: 1334445 abort: 2899 (0/2899/0), network size: 0, avg network size: 0, si_in_serializable: 0 0 %, local: 0 %
I0911 22:21:04.469416 2933972 Coordinator.h:126] commit: 1340516 abort: 2972 (0/2972/0), network size: 0, avg network size: 0, si_in_serializable: 0 0 %, local: 0 %
I0911 22:21:05.469509 2933972 Coordinator.h:126] commit: 1324263 abort: 2841 (0/2841/0), network size: 0, avg network size: 0, si_in_serializable: 0 0 %, local: 0 %
I0911 22:21:06.469588 2933972 Coordinator.h:126] commit: 1338437 abort: 3003 (0/3003/0), network size: 0, avg network size: 0, si_in_serializable: 0 0 %, local: 0 %
I0911 22:21:07.469663 2933972 Coordinator.h:126] commit: 1342556 abort: 2980 (0/2980/0), network size: 0, avg network size: 0, si_in_serializable: 0 0 %, local: 0 %
I0911 22:21:08.469739 2933972 Coordinator.h:126] commit: 1338478 abort: 2962 (0/2962/0), network size: 0, avg network size: 0, si_in_serializable: 0 0 %, local: 0 %
I0911 22:21:09.469812 2933972 Coordinator.h:126] commit: 1303814 abort: 2810 (0/2810/0), network size: 0, avg network size: 0, si_in_serializable: 0 0 %, local: 0 %
I0911 22:21:10.469894 2933972 Coordinator.h:126] commit: 1301721 abort: 2855 (0/2855/0), network size: 0, avg network size: 0, si_in_serializable: 0 0 %, local: 0 %
I0911 22:21:11.469991 2933972 Coordinator.h:126] commit: 1303866 abort: 2758 (0/2758/0), network size: 0, avg network size: 0, si_in_serializable: 0 0 %, local: 0 %
I0911 22:21:12.470057 2933972 Coordinator.h:126] commit: 1340648 abort: 2840 (0/2840/0), network size: 0, avg network size: 0, si_in_serializable: 0 0 %, local: 0 %
I0911 22:21:13.470126 2933972 Coordinator.h:126] commit: 1338422 abort: 3018 (0/3018/0), network size: 0, avg network size: 0, si_in_serializable: 0 0 %, local: 0 %
I0911 22:21:14.470199 2933972 Coordinator.h:126] commit: 1340528 abort: 2960 (0/2960/0), network size: 0, avg network size: 0, si_in_serializable: 0 0 %, local: 0 %
I0911 22:21:15.470280 2933972 Coordinator.h:126] commit: 1338433 abort: 3007 (0/3007/0), network size: 0, avg network size: 0, si_in_serializable: 0 0 %, local: 0 %
I0911 22:21:16.470343 2933972 Coordinator.h:126] commit: 1338497 abort: 2943 (0/2943/0), network size: 0, avg network size: 0, si_in_serializable: 0 0 %, local: 0 %
I0911 22:21:17.470409 2933972 Coordinator.h:126] commit: 1338571 abort: 2869 (0/2869/0), network size: 0, avg network size: 0, si_in_serializable: 0 0 %, local: 0 %
I0911 22:21:18.470474 2933972 Coordinator.h:126] commit: 1342589 abort: 2947 (0/2947/0), network size: 0, avg network size: 0, si_in_serializable: 0 0 %, local: 0 %
I0911 22:21:19.470547 2933972 Coordinator.h:126] commit: 1324152 abort: 2952 (0/2952/0), network size: 0, avg network size: 0, si_in_serializable: 0 0 %, local: 0 %
I0911 22:21:20.470619 2933972 Coordinator.h:126] commit: 1313990 abort: 2874 (0/2874/0), network size: 0, avg network size: 0, si_in_serializable: 0 0 %, local: 0 %
I0911 22:21:21.470700 2933972 Coordinator.h:126] commit: 1326148 abort: 3004 (0/3004/0), network size: 0, avg network size: 0, si_in_serializable: 0 0 %, local: 0 %
I0911 22:21:22.470783 2933972 Coordinator.h:126] commit: 1342664 abort: 2872 (0/2872/0), network size: 0, avg network size: 0, si_in_serializable: 0 0 %, local: 0 %
I0911 22:21:23.470860 2933972 Coordinator.h:126] commit: 1344583 abort: 3001 (0/3001/0), network size: 0, avg network size: 0, si_in_serializable: 0 0 %, local: 0 %
I0911 22:21:23.470882 2933972 Coordinator.h:152] average commit: 1.32871e+06 abort: 2900.7 (0/2900.7/0), network size: 0, avg network size: 0, si_in_serializable: 0 0 %, local: 0 %
I0911 22:21:23.472278 2934006 AriaExecutor.h:94] AriaExecutor 13 exits. 
I0911 22:21:23.472275 2933996 AriaExecutor.h:94] AriaExecutor 3 exits. 
I0911 22:21:23.472297 2933995 AriaExecutor.h:94] AriaExecutor 2 exits. 
I0911 22:21:23.472283 2933998 AriaExecutor.h:94] AriaExecutor 5 exits. 
I0911 22:21:23.472288 2934005 AriaExecutor.h:94] AriaExecutor 12 exits. 
I0911 22:21:23.472295 2933994 AriaExecutor.h:94] AriaExecutor 1 exits. 
I0911 22:21:23.472295 2933999 AriaExecutor.h:94] AriaExecutor 6 exits. 
I0911 22:21:23.472295 2934007 AriaExecutor.h:94] AriaExecutor 14 exits. 
I0911 22:21:23.472301 2933997 AriaExecutor.h:94] AriaExecutor 4 exits. 
I0911 22:21:23.472276 2934000 AriaExecutor.h:94] AriaExecutor 7 exits. 
I0911 22:21:23.472281 2934002 AriaExecutor.h:94] AriaExecutor 9 exits. 
I0911 22:21:23.472299 2934009 Manager.h:227] Manager(worker id = 16) on the coordinator node exits.
I0911 22:21:23.472283 2933993 AriaExecutor.h:94] AriaExecutor 0 exits. 
I0911 22:21:23.472290 2934001 AriaExecutor.h:94] AriaExecutor 8 exits. 
I0911 22:21:23.472280 2934008 AriaExecutor.h:94] AriaExecutor 15 exits. 
I0911 22:21:23.472302 2934003 AriaExecutor.h:94] AriaExecutor 10 exits. 
I0911 22:21:23.472283 2934004 AriaExecutor.h:94] AriaExecutor 11 exits. 
I0911 22:21:23.470893 2933972 AriaExecutor.h:535] Worker 0 latency: 864 us (50%) 1165 us (75%) 1408 us (95%) 1460 us (99%).
I0911 22:21:23.562191 2933972 AriaExecutor.h:535] Worker 1 latency: 865 us (50%) 1165 us (75%) 1408 us (95%) 1459 us (99%).
I0911 22:21:23.647534 2933972 AriaExecutor.h:535] Worker 2 latency: 869 us (50%) 1168 us (75%) 1409 us (95%) 1460 us (99%).
I0911 22:21:23.736598 2933972 AriaExecutor.h:535] Worker 3 latency: 864 us (50%) 1164 us (75%) 1407 us (95%) 1459 us (99%).
I0911 22:21:23.819326 2933972 AriaExecutor.h:535] Worker 4 latency: 867 us (50%) 1166 us (75%) 1408 us (95%) 1460 us (99%).
I0911 22:21:23.909703 2933972 AriaExecutor.h:535] Worker 5 latency: 862 us (50%) 1164 us (75%) 1407 us (95%) 1459 us (99%).
I0911 22:21:23.992491 2933972 AriaExecutor.h:535] Worker 6 latency: 869 us (50%) 1167 us (75%) 1408 us (95%) 1460 us (99%).
I0911 22:21:24.083353 2933972 AriaExecutor.h:535] Worker 7 latency: 864 us (50%) 1165 us (75%) 1408 us (95%) 1460 us (99%).
I0911 22:21:24.165001 2933972 AriaExecutor.h:535] Worker 8 latency: 864 us (50%) 1164 us (75%) 1407 us (95%) 1460 us (99%).
I0911 22:21:24.255705 2933972 AriaExecutor.h:535] Worker 9 latency: 861 us (50%) 1162 us (75%) 1407 us (95%) 1459 us (99%).
I0911 22:21:24.337977 2933972 AriaExecutor.h:535] Worker 10 latency: 868 us (50%) 1166 us (75%) 1408 us (95%) 1460 us (99%).
I0911 22:21:24.427795 2933972 AriaExecutor.h:535] Worker 11 latency: 863 us (50%) 1163 us (75%) 1407 us (95%) 1459 us (99%).
I0911 22:21:24.510248 2933972 AriaExecutor.h:535] Worker 12 latency: 867 us (50%) 1165 us (75%) 1408 us (95%) 1460 us (99%).
I0911 22:21:24.602205 2933972 AriaExecutor.h:535] Worker 13 latency: 861 us (50%) 1162 us (75%) 1407 us (95%) 1459 us (99%).
I0911 22:21:24.684381 2933972 AriaExecutor.h:535] Worker 14 latency: 872 us (50%) 1168 us (75%) 1408 us (95%) 1460 us (99%).
I0911 22:21:24.774322 2933972 AriaExecutor.h:535] Worker 15 latency: 866 us (50%) 1165 us (75%) 1407 us (95%) 1459 us (99%).
I0911 22:21:24.856313 2933972 Coordinator.h:177] total commit: 1.32871e+06
I0911 22:21:25.856436 2933972 Coordinator.h:192] Coordinator exits.
