I1126 13:35:59.020952 938233 Database.h:65] ycsb initialization finished in 30 milliseconds.
I1126 13:35:59.021049 938233 Coordinator.h:30] Coordinator initializes 12 workers.
I1126 13:35:59.092941 938233 Coordinator.h:77] Coordinator starts to run 13 workers.
I1126 13:35:59.093011 938249 AriaExecutor.h:82] AriaExecutor 0 started. 
I1126 13:35:59.093045 938250 AriaExecutor.h:82] AriaExecutor 1 started. 
I1126 13:35:59.093089 938251 AriaExecutor.h:82] AriaExecutor 2 started. 
I1126 13:35:59.093129 938252 AriaExecutor.h:82] AriaExecutor 3 started. 
I1126 13:35:59.093221 938254 AriaExecutor.h:82] AriaExecutor 5 started. 
I1126 13:35:59.093264 938255 AriaExecutor.h:82] AriaExecutor 6 started. 
I1126 13:35:59.093303 938256 AriaExecutor.h:82] AriaExecutor 7 started. 
I1126 13:35:59.093338 938257 AriaExecutor.h:82] AriaExecutor 8 started. 
I1126 13:35:59.093384 938258 AriaExecutor.h:82] AriaExecutor 9 started. 
I1126 13:35:59.093420 938259 AriaExecutor.h:82] AriaExecutor 10 started. 
I1126 13:35:59.093464 938260 AriaExecutor.h:82] AriaExecutor 11 started. 
I1126 13:35:59.093502 938253 AriaExecutor.h:82] AriaExecutor 4 started. 
I1126 13:35:59.093508 938261 Manager.h:224] Manager(worker id = 12) on the coordinator node started.
I1126 13:36:00.093573 938233 Coordinator.h:126] commit: 846173 abort: 93827 (0/93827/0), network size: 0, avg network size: 0, si_in_serializable: 0 0 %, local: 0 %
I1126 13:36:01.093686 938233 Coordinator.h:126] commit: 846466 abort: 93534 (0/93534/0), network size: 0, avg network size: 0, si_in_serializable: 0 0 %, local: 0 %
I1126 13:36:02.093792 938233 Coordinator.h:126] commit: 855108 abort: 94892 (0/94892/0), network size: 0, avg network size: 0, si_in_serializable: 0 0 %, local: 0 %
I1126 13:36:03.093876 938233 Coordinator.h:126] commit: 854971 abort: 95029 (0/95029/0), network size: 0, avg network size: 0, si_in_serializable: 0 0 %, local: 0 %
I1126 13:36:04.093974 938233 Coordinator.h:126] commit: 854957 abort: 95043 (0/95043/0), network size: 0, avg network size: 0, si_in_serializable: 0 0 %, local: 0 %
I1126 13:36:05.094090 938233 Coordinator.h:126] commit: 855029 abort: 94971 (0/94971/0), network size: 0, avg network size: 0, si_in_serializable: 0 0 %, local: 0 %
I1126 13:36:06.094208 938233 Coordinator.h:126] commit: 855387 abort: 94613 (0/94613/0), network size: 0, avg network size: 0, si_in_serializable: 0 0 %, local: 0 %
I1126 13:36:07.094336 938233 Coordinator.h:126] commit: 845344 abort: 94656 (0/94656/0), network size: 0, avg network size: 0, si_in_serializable: 0 0 %, local: 0 %
I1126 13:36:08.094446 938233 Coordinator.h:126] commit: 864324 abort: 95676 (0/95676/0), network size: 0, avg network size: 0, si_in_serializable: 0 0 %, local: 0 %
I1126 13:36:09.094532 938233 Coordinator.h:126] commit: 854898 abort: 95102 (0/95102/0), network size: 0, avg network size: 0, si_in_serializable: 0 0 %, local: 0 %
I1126 13:36:10.094614 938233 Coordinator.h:126] commit: 855718 abort: 94282 (0/94282/0), network size: 0, avg network size: 0, si_in_serializable: 0 0 %, local: 0 %
I1126 13:36:11.094708 938233 Coordinator.h:126] commit: 855128 abort: 94872 (0/94872/0), network size: 0, avg network size: 0, si_in_serializable: 0 0 %, local: 0 %
I1126 13:36:12.094797 938233 Coordinator.h:126] commit: 855339 abort: 94661 (0/94661/0), network size: 0, avg network size: 0, si_in_serializable: 0 0 %, local: 0 %
I1126 13:36:13.094898 938233 Coordinator.h:126] commit: 855558 abort: 94442 (0/94442/0), network size: 0, avg network size: 0, si_in_serializable: 0 0 %, local: 0 %
I1126 13:36:14.094985 938233 Coordinator.h:126] commit: 837800 abort: 92200 (0/92200/0), network size: 0, avg network size: 0, si_in_serializable: 0 0 %, local: 0 %
I1126 13:36:15.095075 938233 Coordinator.h:126] commit: 864013 abort: 95987 (0/95987/0), network size: 0, avg network size: 0, si_in_serializable: 0 0 %, local: 0 %
I1126 13:36:16.095187 938233 Coordinator.h:126] commit: 855760 abort: 94240 (0/94240/0), network size: 0, avg network size: 0, si_in_serializable: 0 0 %, local: 0 %
I1126 13:36:17.095279 938233 Coordinator.h:126] commit: 864597 abort: 95403 (0/95403/0), network size: 0, avg network size: 0, si_in_serializable: 0 0 %, local: 0 %
I1126 13:36:18.095361 938233 Coordinator.h:126] commit: 854925 abort: 95075 (0/95075/0), network size: 0, avg network size: 0, si_in_serializable: 0 0 %, local: 0 %
I1126 13:36:19.095441 938233 Coordinator.h:126] commit: 855809 abort: 94191 (0/94191/0), network size: 0, avg network size: 0, si_in_serializable: 0 0 %, local: 0 %
I1126 13:36:20.095528 938233 Coordinator.h:126] commit: 854907 abort: 95093 (0/95093/0), network size: 0, avg network size: 0, si_in_serializable: 0 0 %, local: 0 %
I1126 13:36:21.095639 938233 Coordinator.h:126] commit: 864351 abort: 95649 (0/95649/0), network size: 0, avg network size: 0, si_in_serializable: 0 0 %, local: 0 %
I1126 13:36:22.095736 938233 Coordinator.h:126] commit: 855585 abort: 94415 (0/94415/0), network size: 0, avg network size: 0, si_in_serializable: 0 0 %, local: 0 %
I1126 13:36:23.095821 938233 Coordinator.h:126] commit: 858777 abort: 94572 (0/94572/0), network size: 0, avg network size: 0, si_in_serializable: 0 0 %, local: 0 %
I1126 13:36:24.095912 938233 Coordinator.h:126] commit: 861015 abort: 95636 (0/95636/0), network size: 0, avg network size: 0, si_in_serializable: 0 0 %, local: 0 %
I1126 13:36:24.095952 938233 Coordinator.h:152] average commit: 855465 abort: 94535.3 (0/94535.3/0), network size: 0, avg network size: 0, si_in_serializable: 0 0 %, local: 0 %
I1126 13:36:24.105499 938259 AriaExecutor.h:94] AriaExecutor 10 exits. 
I1126 13:36:24.105499 938251 AriaExecutor.h:94] AriaExecutor 2 exits. 
I1126 13:36:24.105511 938256 AriaExecutor.h:94] AriaExecutor 7 exits. 
I1126 13:36:24.105500 938253 AriaExecutor.h:94] AriaExecutor 4 exits. 
I1126 13:36:24.105500 938257 AriaExecutor.h:94] AriaExecutor 8 exits. 
I1126 13:36:24.105501 938261 Manager.h:227] Manager(worker id = 12) on the coordinator node exits.
I1126 13:36:24.105500 938249 AriaExecutor.h:94] AriaExecutor 0 exits. 
I1126 13:36:24.105502 938255 AriaExecutor.h:94] AriaExecutor 6 exits. 
I1126 13:36:24.105511 938250 AriaExecutor.h:94] AriaExecutor 1 exits. 
I1126 13:36:24.105511 938254 AriaExecutor.h:94] AriaExecutor 5 exits. 
I1126 13:36:24.105511 938260 AriaExecutor.h:94] AriaExecutor 11 exits. 
I1126 13:36:24.105511 938258 AriaExecutor.h:94] AriaExecutor 9 exits. 
I1126 13:36:24.105511 938252 AriaExecutor.h:94] AriaExecutor 3 exits. 
I1126 13:36:24.095960 938233 AriaExecutor.h:535] Worker 0 latency: 6422 us (50%) 8243 us (75%) 9645 us (95%) 9946 us (99%).
I1126 13:36:24.174985 938233 AriaExecutor.h:535] Worker 1 latency: 6365 us (50%) 8210 us (75%) 9632 us (95%) 9934 us (99%).
I1126 13:36:24.254709 938233 AriaExecutor.h:535] Worker 2 latency: 6423 us (50%) 8241 us (75%) 9641 us (95%) 9940 us (99%).
I1126 13:36:24.336175 938233 AriaExecutor.h:535] Worker 3 latency: 6266 us (50%) 8162 us (75%) 9619 us (95%) 9928 us (99%).
I1126 13:36:24.416846 938233 AriaExecutor.h:535] Worker 4 latency: 6358 us (50%) 8208 us (75%) 9633 us (95%) 9936 us (99%).
I1126 13:36:24.498536 938233 AriaExecutor.h:535] Worker 5 latency: 6289 us (50%) 8174 us (75%) 9625 us (95%) 9935 us (99%).
I1126 13:36:24.586066 938233 AriaExecutor.h:535] Worker 6 latency: 6245 us (50%) 8153 us (75%) 9620 us (95%) 9932 us (99%).
I1126 13:36:24.664801 938233 AriaExecutor.h:535] Worker 7 latency: 6253 us (50%) 8154 us (75%) 9618 us (95%) 9929 us (99%).
I1126 13:36:24.752286 938233 AriaExecutor.h:535] Worker 8 latency: 6321 us (50%) 8193 us (75%) 9631 us (95%) 9938 us (99%).
I1126 13:36:24.835335 938233 AriaExecutor.h:535] Worker 9 latency: 6302 us (50%) 8181 us (75%) 9625 us (95%) 9934 us (99%).
I1126 13:36:24.924392 938233 AriaExecutor.h:535] Worker 10 latency: 6466 us (50%) 8263 us (75%) 9645 us (95%) 9942 us (99%).
I1126 13:36:25.006173 938233 AriaExecutor.h:535] Worker 11 latency: 6235 us (50%) 8146 us (75%) 9615 us (95%) 9927 us (99%).
I1126 13:36:25.094295 938233 Coordinator.h:177] total commit: 855465
I1126 13:36:26.094424 938233 Coordinator.h:192] Coordinator exits.
