I1126 16:08:29.095283 1032245 Database.h:65] ycsb initialization finished in 30 milliseconds.
I1126 16:08:29.095386 1032245 Coordinator.h:30] Coordinator initializes 12 workers.
I1126 16:08:29.102941 1032245 Coordinator.h:77] Coordinator starts to run 13 workers.
I1126 16:08:29.102993 1032261 AriaExecutor.h:93] AriaExecutor 0 started. 
I1126 16:08:29.103021 1032262 AriaExecutor.h:93] AriaExecutor 1 started. 
I1126 16:08:29.103060 1032263 AriaExecutor.h:93] AriaExecutor 2 started. 
I1126 16:08:29.103106 1032264 AriaExecutor.h:93] AriaExecutor 3 started. 
I1126 16:08:29.103184 1032266 AriaExecutor.h:93] AriaExecutor 5 started. 
I1126 16:08:29.103226 1032267 AriaExecutor.h:93] AriaExecutor 6 started. 
I1126 16:08:29.103268 1032268 AriaExecutor.h:93] AriaExecutor 7 started. 
I1126 16:08:29.103312 1032269 AriaExecutor.h:93] AriaExecutor 8 started. 
I1126 16:08:29.103354 1032270 AriaExecutor.h:93] AriaExecutor 9 started. 
I1126 16:08:29.103392 1032271 AriaExecutor.h:93] AriaExecutor 10 started. 
I1126 16:08:29.103449 1032272 AriaExecutor.h:93] AriaExecutor 11 started. 
I1126 16:08:29.103477 1032265 AriaExecutor.h:93] AriaExecutor 4 started. 
I1126 16:08:29.103482 1032273 Manager.h:224] Manager(worker id = 12) on the coordinator node started.
I1126 16:08:30.103554 1032245 Coordinator.h:126] commit: 3518 abort: 160482 (0/160482/0), network size: 0, avg network size: 0, si_in_serializable: 0 0 %, local: 0 %
I1126 16:08:31.103672 1032245 Coordinator.h:126] commit: 3604 abort: 161396 (0/161396/0), network size: 0, avg network size: 0, si_in_serializable: 0 0 %, local: 0 %
I1126 16:08:32.103801 1032245 Coordinator.h:126] commit: 3578 abort: 162422 (0/162422/0), network size: 0, avg network size: 0, si_in_serializable: 0 0 %, local: 0 %
I1126 16:08:33.103911 1032245 Coordinator.h:126] commit: 3543 abort: 163457 (0/163457/0), network size: 0, avg network size: 0, si_in_serializable: 0 0 %, local: 0 %
I1126 16:08:34.104012 1032245 Coordinator.h:126] commit: 3642 abort: 163358 (0/163358/0), network size: 0, avg network size: 0, si_in_serializable: 0 0 %, local: 0 %
I1126 16:08:35.104117 1032245 Coordinator.h:126] commit: 3586 abort: 162414 (0/162414/0), network size: 0, avg network size: 0, si_in_serializable: 0 0 %, local: 0 %
I1126 16:08:36.104233 1032245 Coordinator.h:126] commit: 3599 abort: 162401 (0/162401/0), network size: 0, avg network size: 0, si_in_serializable: 0 0 %, local: 0 %
I1126 16:08:37.104347 1032245 Coordinator.h:126] commit: 3634 abort: 164366 (0/164366/0), network size: 0, avg network size: 0, si_in_serializable: 0 0 %, local: 0 %
I1126 16:08:38.104446 1032245 Coordinator.h:126] commit: 3684 abort: 163316 (0/163316/0), network size: 0, avg network size: 0, si_in_serializable: 0 0 %, local: 0 %
I1126 16:08:39.104547 1032245 Coordinator.h:126] commit: 3575 abort: 163425 (0/163425/0), network size: 0, avg network size: 0, si_in_serializable: 0 0 %, local: 0 %
I1126 16:08:40.104648 1032245 Coordinator.h:126] commit: 3579 abort: 163421 (0/163421/0), network size: 0, avg network size: 0, si_in_serializable: 0 0 %, local: 0 %
I1126 16:08:41.104756 1032245 Coordinator.h:126] commit: 3589 abort: 163411 (0/163411/0), network size: 0, avg network size: 0, si_in_serializable: 0 0 %, local: 0 %
I1126 16:08:42.104857 1032245 Coordinator.h:126] commit: 3555 abort: 163445 (0/163445/0), network size: 0, avg network size: 0, si_in_serializable: 0 0 %, local: 0 %
I1126 16:08:43.104943 1032245 Coordinator.h:126] commit: 3565 abort: 163435 (0/163435/0), network size: 0, avg network size: 0, si_in_serializable: 0 0 %, local: 0 %
I1126 16:08:44.105046 1032245 Coordinator.h:126] commit: 3686 abort: 163314 (0/163314/0), network size: 0, avg network size: 0, si_in_serializable: 0 0 %, local: 0 %
I1126 16:08:45.105129 1032245 Coordinator.h:126] commit: 3489 abort: 161511 (0/161511/0), network size: 0, avg network size: 0, si_in_serializable: 0 0 %, local: 0 %
I1126 16:08:46.105229 1032245 Coordinator.h:126] commit: 3532 abort: 164468 (0/164468/0), network size: 0, avg network size: 0, si_in_serializable: 0 0 %, local: 0 %
I1126 16:08:47.105343 1032245 Coordinator.h:126] commit: 3699 abort: 163301 (0/163301/0), network size: 0, avg network size: 0, si_in_serializable: 0 0 %, local: 0 %
I1126 16:08:48.105453 1032245 Coordinator.h:126] commit: 3629 abort: 163371 (0/163371/0), network size: 0, avg network size: 0, si_in_serializable: 0 0 %, local: 0 %
I1126 16:08:49.105568 1032245 Coordinator.h:126] commit: 3537 abort: 162463 (0/162463/0), network size: 0, avg network size: 0, si_in_serializable: 0 0 %, local: 0 %
I1126 16:08:50.105660 1032245 Coordinator.h:126] commit: 3616 abort: 163384 (0/163384/0), network size: 0, avg network size: 0, si_in_serializable: 0 0 %, local: 0 %
I1126 16:08:51.105746 1032245 Coordinator.h:126] commit: 3558 abort: 163442 (0/163442/0), network size: 0, avg network size: 0, si_in_serializable: 0 0 %, local: 0 %
I1126 16:08:52.105854 1032245 Coordinator.h:126] commit: 3616 abort: 163384 (0/163384/0), network size: 0, avg network size: 0, si_in_serializable: 0 0 %, local: 0 %
I1126 16:08:53.105953 1032245 Coordinator.h:126] commit: 3642 abort: 163358 (0/163358/0), network size: 0, avg network size: 0, si_in_serializable: 0 0 %, local: 0 %
I1126 16:08:54.106055 1032245 Coordinator.h:126] commit: 3587 abort: 163413 (0/163413/0), network size: 0, avg network size: 0, si_in_serializable: 0 0 %, local: 0 %
I1126 16:08:54.106066 1032245 Coordinator.h:152] average commit: 3586 abort: 163214 (0/163214/0), network size: 0, avg network size: 0, si_in_serializable: 0 0 %, local: 0 %
I1126 16:08:54.106074 1032245 AriaExecutor.h:672] Worker 0 latency: 5918 us (50%) 5958 us (75%) 6026 us (95%) 6110 us (99%).
I1126 16:08:54.109174 1032265 AriaExecutor.h:105] AriaExecutor 4 exits. 
I1126 16:08:54.109181 1032273 Manager.h:227] Manager(worker id = 12) on the coordinator node exits.
I1126 16:08:54.109186 1032262 AriaExecutor.h:105] AriaExecutor 1 exits. 
I1126 16:08:54.109181 1032267 AriaExecutor.h:105] AriaExecutor 6 exits. 
I1126 16:08:54.109174 1032263 AriaExecutor.h:105] AriaExecutor 2 exits. 
I1126 16:08:54.109186 1032266 AriaExecutor.h:105] AriaExecutor 5 exits. 
I1126 16:08:54.109186 1032268 AriaExecutor.h:105] AriaExecutor 7 exits. 
I1126 16:08:54.109175 1032271 AriaExecutor.h:105] AriaExecutor 10 exits. 
I1126 16:08:54.109187 1032272 AriaExecutor.h:105] AriaExecutor 11 exits. 
I1126 16:08:54.109187 1032270 AriaExecutor.h:105] AriaExecutor 9 exits. 
I1126 16:08:54.109186 1032264 AriaExecutor.h:105] AriaExecutor 3 exits. 
I1126 16:08:54.109174 1032261 AriaExecutor.h:105] AriaExecutor 0 exits. 
I1126 16:08:54.109181 1032269 AriaExecutor.h:105] AriaExecutor 8 exits. 
I1126 16:08:54.109498 1032245 AriaExecutor.h:672] Worker 1 latency: 5918 us (50%) 5957 us (75%) 6026 us (95%) 6123 us (99%).
I1126 16:08:54.109952 1032245 AriaExecutor.h:672] Worker 2 latency: 5916 us (50%) 5957 us (75%) 6026 us (95%) 6114 us (99%).
I1126 16:08:54.110387 1032245 AriaExecutor.h:672] Worker 3 latency: 5915 us (50%) 5955 us (75%) 6025 us (95%) 6136 us (99%).
I1126 16:08:54.110787 1032245 AriaExecutor.h:672] Worker 4 latency: 5914 us (50%) 5956 us (75%) 6026 us (95%) 6129 us (99%).
I1126 16:08:54.111200 1032245 AriaExecutor.h:672] Worker 5 latency: 5911 us (50%) 5953 us (75%) 6021 us (95%) 6118 us (99%).
I1126 16:08:54.111596 1032245 AriaExecutor.h:672] Worker 6 latency: 5911 us (50%) 5953 us (75%) 6020 us (95%) 6107 us (99%).
I1126 16:08:54.111974 1032245 AriaExecutor.h:672] Worker 7 latency: 5910 us (50%) 5951 us (75%) 6023 us (95%) 6130 us (99%).
I1126 16:08:54.112353 1032245 AriaExecutor.h:672] Worker 8 latency: 5909 us (50%) 5951 us (75%) 6018 us (95%) 6106 us (99%).
I1126 16:08:54.112681 1032245 AriaExecutor.h:672] Worker 9 latency: 5909 us (50%) 5952 us (75%) 6026 us (95%) 6116 us (99%).
I1126 16:08:54.112986 1032245 AriaExecutor.h:672] Worker 10 latency: 5908 us (50%) 5951 us (75%) 6016 us (95%) 6111 us (99%).
I1126 16:08:54.113286 1032245 AriaExecutor.h:672] Worker 11 latency: 5903 us (50%) 5948 us (75%) 6020 us (95%) 6123 us (99%).
I1126 16:08:54.113588 1032245 Coordinator.h:177] total commit: 3586
I1126 16:08:55.113703 1032245 Coordinator.h:192] Coordinator exits.
