I1126 18:10:01.739957 1068743 Database.h:65] ycsb initialization finished in 29 milliseconds.
I1126 18:10:01.740064 1068743 Coordinator.h:30] Coordinator initializes 12 workers.
I1126 18:10:01.746853 1068743 Coordinator.h:77] Coordinator starts to run 13 workers.
I1126 18:10:01.746907 1068759 AriaExecutor.h:91] AriaExecutor 0 started. 
I1126 18:10:01.746937 1068760 AriaExecutor.h:91] AriaExecutor 1 started. 
I1126 18:10:01.746971 1068761 AriaExecutor.h:91] AriaExecutor 2 started. 
I1126 18:10:01.747022 1068762 AriaExecutor.h:91] AriaExecutor 3 started. 
I1126 18:10:01.747051 1068763 AriaExecutor.h:91] AriaExecutor 4 started. 
I1126 18:10:01.747090 1068764 AriaExecutor.h:91] AriaExecutor 5 started. 
I1126 18:10:01.747126 1068765 AriaExecutor.h:91] AriaExecutor 6 started. 
I1126 18:10:01.747174 1068766 AriaExecutor.h:91] AriaExecutor 7 started. 
I1126 18:10:01.747227 1068767 AriaExecutor.h:91] AriaExecutor 8 started. 
I1126 18:10:01.747277 1068768 AriaExecutor.h:91] AriaExecutor 9 started. 
I1126 18:10:01.747321 1068769 AriaExecutor.h:91] AriaExecutor 10 started. 
I1126 18:10:01.747380 1068770 AriaExecutor.h:91] AriaExecutor 11 started. 
I1126 18:10:01.747419 1068771 Manager.h:224] Manager(worker id = 12) on the coordinator node started.
I1126 18:10:02.747488 1068743 Coordinator.h:126] commit: 1632846 abort: 287154 (0/287154/0), network size: 0, avg network size: 0, si_in_serializable: 0 0 %, local: 0 %
I1126 18:10:03.747627 1068743 Coordinator.h:126] commit: 1623645 abort: 286355 (0/286355/0), network size: 0, avg network size: 0, si_in_serializable: 0 0 %, local: 0 %
I1126 18:10:04.747764 1068743 Coordinator.h:126] commit: 1648534 abort: 291466 (0/291466/0), network size: 0, avg network size: 0, si_in_serializable: 0 0 %, local: 0 %
I1126 18:10:05.747874 1068743 Coordinator.h:126] commit: 1636394 abort: 288113 (0/288113/0), network size: 0, avg network size: 0, si_in_serializable: 0 0 %, local: 0 %
I1126 18:10:06.747977 1068743 Coordinator.h:126] commit: 1653701 abort: 291792 (0/291792/0), network size: 0, avg network size: 0, si_in_serializable: 0 0 %, local: 0 %
I1126 18:10:07.748081 1068743 Coordinator.h:126] commit: 1647623 abort: 292377 (0/292377/0), network size: 0, avg network size: 0, si_in_serializable: 0 0 %, local: 0 %
I1126 18:10:08.748184 1068743 Coordinator.h:126] commit: 1644112 abort: 289760 (0/289760/0), network size: 0, avg network size: 0, si_in_serializable: 0 0 %, local: 0 %
I1126 18:10:09.748310 1068743 Coordinator.h:126] commit: 1602268 abort: 283860 (0/283860/0), network size: 0, avg network size: 0, si_in_serializable: 0 0 %, local: 0 %
I1126 18:10:10.748418 1068743 Coordinator.h:126] commit: 1657549 abort: 292451 (0/292451/0), network size: 0, avg network size: 0, si_in_serializable: 0 0 %, local: 0 %
I1126 18:10:11.748517 1068743 Coordinator.h:126] commit: 1657319 abort: 292681 (0/292681/0), network size: 0, avg network size: 0, si_in_serializable: 0 0 %, local: 0 %
I1126 18:10:12.748615 1068743 Coordinator.h:126] commit: 1658387 abort: 291613 (0/291613/0), network size: 0, avg network size: 0, si_in_serializable: 0 0 %, local: 0 %
I1126 18:10:13.748714 1068743 Coordinator.h:126] commit: 1658094 abort: 291906 (0/291906/0), network size: 0, avg network size: 0, si_in_serializable: 0 0 %, local: 0 %
I1126 18:10:14.748812 1068743 Coordinator.h:126] commit: 1656983 abort: 293017 (0/293017/0), network size: 0, avg network size: 0, si_in_serializable: 0 0 %, local: 0 %
I1126 18:10:15.748917 1068743 Coordinator.h:126] commit: 1640901 abort: 289099 (0/289099/0), network size: 0, avg network size: 0, si_in_serializable: 0 0 %, local: 0 %
I1126 18:10:16.749033 1068743 Coordinator.h:126] commit: 1649289 abort: 290711 (0/290711/0), network size: 0, avg network size: 0, si_in_serializable: 0 0 %, local: 0 %
I1126 18:10:17.749148 1068743 Coordinator.h:126] commit: 1521782 abort: 268218 (0/268218/0), network size: 0, avg network size: 0, si_in_serializable: 0 0 %, local: 0 %
I1126 18:10:18.749253 1068743 Coordinator.h:126] commit: 1657620 abort: 292380 (0/292380/0), network size: 0, avg network size: 0, si_in_serializable: 0 0 %, local: 0 %
I1126 18:10:19.749353 1068743 Coordinator.h:126] commit: 1658275 abort: 291725 (0/291725/0), network size: 0, avg network size: 0, si_in_serializable: 0 0 %, local: 0 %
I1126 18:10:20.749449 1068743 Coordinator.h:126] commit: 1649778 abort: 290222 (0/290222/0), network size: 0, avg network size: 0, si_in_serializable: 0 0 %, local: 0 %
I1126 18:10:21.749557 1068743 Coordinator.h:126] commit: 1649606 abort: 290394 (0/290394/0), network size: 0, avg network size: 0, si_in_serializable: 0 0 %, local: 0 %
I1126 18:10:22.749658 1068743 Coordinator.h:126] commit: 1658885 abort: 291115 (0/291115/0), network size: 0, avg network size: 0, si_in_serializable: 0 0 %, local: 0 %
I1126 18:10:23.749761 1068743 Coordinator.h:126] commit: 1649067 abort: 290933 (0/290933/0), network size: 0, avg network size: 0, si_in_serializable: 0 0 %, local: 0 %
I1126 18:10:24.749890 1068743 Coordinator.h:126] commit: 1632355 abort: 287645 (0/287645/0), network size: 0, avg network size: 0, si_in_serializable: 0 0 %, local: 0 %
I1126 18:10:25.750005 1068743 Coordinator.h:126] commit: 1647695 abort: 292305 (0/292305/0), network size: 0, avg network size: 0, si_in_serializable: 0 0 %, local: 0 %
I1126 18:10:26.750109 1068743 Coordinator.h:126] commit: 1649920 abort: 290080 (0/290080/0), network size: 0, avg network size: 0, si_in_serializable: 0 0 %, local: 0 %
I1126 18:10:26.750134 1068743 Coordinator.h:152] average commit: 1.64007e+06 abort: 288928 (0/288928/0), network size: 0, avg network size: 0, si_in_serializable: 0 0 %, local: 0 %
I1126 18:10:26.754499 1068769 AriaExecutor.h:103] AriaExecutor 10 exits. 
I1126 18:10:26.754510 1068764 AriaExecutor.h:103] AriaExecutor 5 exits. 
I1126 18:10:26.754500 1068767 AriaExecutor.h:103] AriaExecutor 8 exits. 
I1126 18:10:26.754503 1068765 AriaExecutor.h:103] AriaExecutor 6 exits. 
I1126 18:10:26.754503 1068759 AriaExecutor.h:103] AriaExecutor 0 exits. 
I1126 18:10:26.754505 1068761 AriaExecutor.h:103] AriaExecutor 2 exits. 
I1126 18:10:26.754511 1068762 AriaExecutor.h:103] AriaExecutor 3 exits. 
I1126 18:10:26.754510 1068768 AriaExecutor.h:103] AriaExecutor 9 exits. 
I1126 18:10:26.754510 1068760 AriaExecutor.h:103] AriaExecutor 1 exits. 
I1126 18:10:26.754511 1068766 AriaExecutor.h:103] AriaExecutor 7 exits. 
I1126 18:10:26.754513 1068770 AriaExecutor.h:103] AriaExecutor 11 exits. 
I1126 18:10:26.754513 1068771 Manager.h:227] Manager(worker id = 12) on the coordinator node exits.
I1126 18:10:26.754500 1068763 AriaExecutor.h:103] AriaExecutor 4 exits. 
I1126 18:10:26.750149 1068743 AriaExecutor.h:621] Worker 0 latency: 3689 us (50%) 4170 us (75%) 4532 us (95%) 4637 us (99%).
I1126 18:10:26.879520 1068743 AriaExecutor.h:621] Worker 1 latency: 3659 us (50%) 4153 us (75%) 4526 us (95%) 4631 us (99%).
I1126 18:10:27.010804 1068743 AriaExecutor.h:621] Worker 2 latency: 3701 us (50%) 4176 us (75%) 4533 us (95%) 4636 us (99%).
I1126 18:10:27.139438 1068743 AriaExecutor.h:621] Worker 3 latency: 3663 us (50%) 4155 us (75%) 4526 us (95%) 4630 us (99%).
I1126 18:10:27.273171 1068743 AriaExecutor.h:621] Worker 4 latency: 3682 us (50%) 4167 us (75%) 4531 us (95%) 4635 us (99%).
I1126 18:10:27.403344 1068743 AriaExecutor.h:621] Worker 5 latency: 3664 us (50%) 4155 us (75%) 4527 us (95%) 4632 us (99%).
I1126 18:10:27.532814 1068743 AriaExecutor.h:621] Worker 6 latency: 3680 us (50%) 4165 us (75%) 4529 us (95%) 4633 us (99%).
I1126 18:10:27.662801 1068743 AriaExecutor.h:621] Worker 7 latency: 3649 us (50%) 4146 us (75%) 4523 us (95%) 4628 us (99%).
I1126 18:10:27.793594 1068743 AriaExecutor.h:621] Worker 8 latency: 3691 us (50%) 4171 us (75%) 4532 us (95%) 4636 us (99%).
I1126 18:10:27.925200 1068743 AriaExecutor.h:621] Worker 9 latency: 3662 us (50%) 4155 us (75%) 4527 us (95%) 4632 us (99%).
I1126 18:10:28.057561 1068743 AriaExecutor.h:621] Worker 10 latency: 3688 us (50%) 4169 us (75%) 4531 us (95%) 4635 us (99%).
I1126 18:10:28.192020 1068743 AriaExecutor.h:621] Worker 11 latency: 3656 us (50%) 4151 us (75%) 4525 us (95%) 4630 us (99%).
I1126 18:10:28.328157 1068743 Coordinator.h:177] total commit: 1.64007e+06
I1126 18:10:29.328263 1068743 Coordinator.h:192] Coordinator exits.
