I0911 22:23:43.426151 2934476 Database.h:65] ycsb initialization finished in 153 milliseconds.
I0911 22:23:43.426260 2934476 Coordinator.h:30] Coordinator initializes 16 workers.
I0911 22:23:43.545120 2934476 Coordinator.h:77] Coordinator starts to run 17 workers.
I0911 22:23:43.545185 2934496 AriaExecutor.h:82] AriaExecutor 0 started. 
I0911 22:23:43.545224 2934497 AriaExecutor.h:82] AriaExecutor 1 started. 
I0911 22:23:43.545267 2934498 AriaExecutor.h:82] AriaExecutor 2 started. 
I0911 22:23:43.545317 2934499 AriaExecutor.h:82] AriaExecutor 3 started. 
I0911 22:23:43.545341 2934500 AriaExecutor.h:82] AriaExecutor 4 started. 
I0911 22:23:43.545382 2934501 AriaExecutor.h:82] AriaExecutor 5 started. 
I0911 22:23:43.545410 2934502 AriaExecutor.h:82] AriaExecutor 6 started. 
I0911 22:23:43.545456 2934503 AriaExecutor.h:82] AriaExecutor 7 started. 
I0911 22:23:43.545481 2934504 AriaExecutor.h:82] AriaExecutor 8 started. 
I0911 22:23:43.545531 2934505 AriaExecutor.h:82] AriaExecutor 9 started. 
I0911 22:23:43.545565 2934506 AriaExecutor.h:82] AriaExecutor 10 started. 
I0911 22:23:43.545603 2934507 AriaExecutor.h:82] AriaExecutor 11 started. 
I0911 22:23:43.545636 2934508 AriaExecutor.h:82] AriaExecutor 12 started. 
I0911 22:23:43.545677 2934509 AriaExecutor.h:82] AriaExecutor 13 started. 
I0911 22:23:43.545714 2934510 AriaExecutor.h:82] AriaExecutor 14 started. 
I0911 22:23:43.545758 2934511 AriaExecutor.h:82] AriaExecutor 15 started. 
I0911 22:23:43.545791 2934512 Manager.h:224] Manager(worker id = 16) on the coordinator node started.
I0911 22:23:44.545858 2934476 Coordinator.h:126] commit: 15795 abort: 144205 (0/144205/0), network size: 0, avg network size: 0, si_in_serializable: 0 0 %, local: 0 %
I0911 22:23:45.546041 2934476 Coordinator.h:126] commit: 17196 abort: 158804 (0/158804/0), network size: 0, avg network size: 0, si_in_serializable: 0 0 %, local: 0 %
I0911 22:23:46.546123 2934476 Coordinator.h:126] commit: 19001 abort: 172999 (0/172999/0), network size: 0, avg network size: 0, si_in_serializable: 0 0 %, local: 0 %
I0911 22:23:47.546214 2934476 Coordinator.h:126] commit: 18830 abort: 173170 (0/173170/0), network size: 0, avg network size: 0, si_in_serializable: 0 0 %, local: 0 %
I0911 22:23:48.546300 2934476 Coordinator.h:126] commit: 18826 abort: 173174 (0/173174/0), network size: 0, avg network size: 0, si_in_serializable: 0 0 %, local: 0 %
I0911 22:23:49.546420 2934476 Coordinator.h:126] commit: 20382 abort: 187618 (0/187618/0), network size: 0, avg network size: 0, si_in_serializable: 0 0 %, local: 0 %
I0911 22:23:50.546523 2934476 Coordinator.h:126] commit: 20221 abort: 187779 (0/187779/0), network size: 0, avg network size: 0, si_in_serializable: 0 0 %, local: 0 %
I0911 22:23:51.546613 2934476 Coordinator.h:126] commit: 18911 abort: 173089 (0/173089/0), network size: 0, avg network size: 0, si_in_serializable: 0 0 %, local: 0 %
I0911 22:23:52.546701 2934476 Coordinator.h:126] commit: 20283 abort: 187717 (0/187717/0), network size: 0, avg network size: 0, si_in_serializable: 0 0 %, local: 0 %
I0911 22:23:53.546787 2934476 Coordinator.h:126] commit: 20401 abort: 187599 (0/187599/0), network size: 0, avg network size: 0, si_in_serializable: 0 0 %, local: 0 %
I0911 22:23:54.546878 2934476 Coordinator.h:126] commit: 20252 abort: 187748 (0/187748/0), network size: 0, avg network size: 0, si_in_serializable: 0 0 %, local: 0 %
I0911 22:23:55.546970 2934476 Coordinator.h:126] commit: 20456 abort: 187544 (0/187544/0), network size: 0, avg network size: 0, si_in_serializable: 0 0 %, local: 0 %
I0911 22:23:56.547058 2934476 Coordinator.h:126] commit: 20315 abort: 187685 (0/187685/0), network size: 0, avg network size: 0, si_in_serializable: 0 0 %, local: 0 %
I0911 22:23:57.547143 2934476 Coordinator.h:126] commit: 20381 abort: 187619 (0/187619/0), network size: 0, avg network size: 0, si_in_serializable: 0 0 %, local: 0 %
I0911 22:23:58.547228 2934476 Coordinator.h:126] commit: 20416 abort: 187584 (0/187584/0), network size: 0, avg network size: 0, si_in_serializable: 0 0 %, local: 0 %
I0911 22:23:59.547318 2934476 Coordinator.h:126] commit: 20421 abort: 187579 (0/187579/0), network size: 0, avg network size: 0, si_in_serializable: 0 0 %, local: 0 %
I0911 22:24:00.547435 2934476 Coordinator.h:126] commit: 20370 abort: 187630 (0/187630/0), network size: 0, avg network size: 0, si_in_serializable: 0 0 %, local: 0 %
I0911 22:24:01.547521 2934476 Coordinator.h:126] commit: 20494 abort: 187506 (0/187506/0), network size: 0, avg network size: 0, si_in_serializable: 0 0 %, local: 0 %
I0911 22:24:02.547600 2934476 Coordinator.h:126] commit: 21738 abort: 202262 (0/202262/0), network size: 0, avg network size: 0, si_in_serializable: 0 0 %, local: 0 %
I0911 22:24:03.547683 2934476 Coordinator.h:126] commit: 20288 abort: 187712 (0/187712/0), network size: 0, avg network size: 0, si_in_serializable: 0 0 %, local: 0 %
I0911 22:24:04.547767 2934476 Coordinator.h:126] commit: 20201 abort: 187799 (0/187799/0), network size: 0, avg network size: 0, si_in_serializable: 0 0 %, local: 0 %
I0911 22:24:05.547839 2934476 Coordinator.h:126] commit: 21977 abort: 202023 (0/202023/0), network size: 0, avg network size: 0, si_in_serializable: 0 0 %, local: 0 %
I0911 22:24:06.547925 2934476 Coordinator.h:126] commit: 20317 abort: 187683 (0/187683/0), network size: 0, avg network size: 0, si_in_serializable: 0 0 %, local: 0 %
I0911 22:24:07.548007 2934476 Coordinator.h:126] commit: 20485 abort: 187515 (0/187515/0), network size: 0, avg network size: 0, si_in_serializable: 0 0 %, local: 0 %
I0911 22:24:08.548087 2934476 Coordinator.h:126] commit: 20433 abort: 187567 (0/187567/0), network size: 0, avg network size: 0, si_in_serializable: 0 0 %, local: 0 %
I0911 22:24:08.548102 2934476 Coordinator.h:152] average commit: 20513.1 abort: 189087 (0/189087/0), network size: 0, avg network size: 0, si_in_serializable: 0 0 %, local: 0 %
I0911 22:24:08.548113 2934476 AriaExecutor.h:535] Worker 0 latency: 73268 us (50%) 75498 us (75%) 85855 us (95%) 96986 us (99%).
I0911 22:24:08.569095 2934498 AriaExecutor.h:94] AriaExecutor 2 exits. 
I0911 22:24:08.569111 2934511 AriaExecutor.h:94] AriaExecutor 15 exits. 
I0911 22:24:08.569097 2934500 AriaExecutor.h:94] AriaExecutor 4 exits. 
I0911 22:24:08.569096 2934502 AriaExecutor.h:94] AriaExecutor 6 exits. 
I0911 22:24:08.569098 2934496 AriaExecutor.h:94] AriaExecutor 0 exits. 
I0911 22:24:08.569098 2934506 AriaExecutor.h:94] AriaExecutor 10 exits. 
I0911 22:24:08.569098 2934508 AriaExecutor.h:94] AriaExecutor 12 exits. 
I0911 22:24:08.569100 2934512 Manager.h:227] Manager(worker id = 16) on the coordinator node exits.
I0911 22:24:08.569101 2934504 AriaExecutor.h:94] AriaExecutor 8 exits. 
I0911 22:24:08.569096 2934510 AriaExecutor.h:94] AriaExecutor 14 exits. 
I0911 22:24:08.569111 2934503 AriaExecutor.h:94] AriaExecutor 7 exits. 
I0911 22:24:08.569113 2934509 AriaExecutor.h:94] AriaExecutor 13 exits. 
I0911 22:24:08.569113 2934501 AriaExecutor.h:94] AriaExecutor 5 exits. 
I0911 22:24:08.569113 2934499 AriaExecutor.h:94] AriaExecutor 3 exits. 
I0911 22:24:08.569114 2934507 AriaExecutor.h:94] AriaExecutor 11 exits. 
I0911 22:24:08.569114 2934505 AriaExecutor.h:94] AriaExecutor 9 exits. 
I0911 22:24:08.569114 2934497 AriaExecutor.h:94] AriaExecutor 1 exits. 
I0911 22:24:08.569280 2934476 AriaExecutor.h:535] Worker 1 latency: 73234 us (50%) 75374 us (75%) 85623 us (95%) 96639 us (99%).
I0911 22:24:08.571080 2934476 AriaExecutor.h:535] Worker 2 latency: 73278 us (50%) 75497 us (75%) 85884 us (95%) 96941 us (99%).
I0911 22:24:08.572659 2934476 AriaExecutor.h:535] Worker 3 latency: 73205 us (50%) 75364 us (75%) 85537 us (95%) 96787 us (99%).
I0911 22:24:08.574333 2934476 AriaExecutor.h:535] Worker 4 latency: 73288 us (50%) 75494 us (75%) 85881 us (95%) 97095 us (99%).
I0911 22:24:08.575953 2934476 AriaExecutor.h:535] Worker 5 latency: 73204 us (50%) 75377 us (75%) 85672 us (95%) 96667 us (99%).
I0911 22:24:08.577654 2934476 AriaExecutor.h:535] Worker 6 latency: 73257 us (50%) 75479 us (75%) 85796 us (95%) 96851 us (99%).
I0911 22:24:08.579246 2934476 AriaExecutor.h:535] Worker 7 latency: 73208 us (50%) 75367 us (75%) 85571 us (95%) 96454 us (99%).
I0911 22:24:08.580948 2934476 AriaExecutor.h:535] Worker 8 latency: 73249 us (50%) 75446 us (75%) 85830 us (95%) 97074 us (99%).
I0911 22:24:08.582572 2934476 AriaExecutor.h:535] Worker 9 latency: 73220 us (50%) 75387 us (75%) 85731 us (95%) 96796 us (99%).
I0911 22:24:08.584271 2934476 AriaExecutor.h:535] Worker 10 latency: 73258 us (50%) 75490 us (75%) 85959 us (95%) 96988 us (99%).
I0911 22:24:08.585826 2934476 AriaExecutor.h:535] Worker 11 latency: 73246 us (50%) 75393 us (75%) 85828 us (95%) 96895 us (99%).
I0911 22:24:08.587522 2934476 AriaExecutor.h:535] Worker 12 latency: 73255 us (50%) 75459 us (75%) 85812 us (95%) 96726 us (99%).
I0911 22:24:08.589083 2934476 AriaExecutor.h:535] Worker 13 latency: 73201 us (50%) 75354 us (75%) 85744 us (95%) 96550 us (99%).
I0911 22:24:08.590768 2934476 AriaExecutor.h:535] Worker 14 latency: 73282 us (50%) 75453 us (75%) 85790 us (95%) 97789 us (99%).
I0911 22:24:08.592300 2934476 AriaExecutor.h:535] Worker 15 latency: 73208 us (50%) 75358 us (75%) 85728 us (95%) 96706 us (99%).
I0911 22:24:08.593997 2934476 Coordinator.h:177] total commit: 20513.1
I0911 22:24:09.594101 2934476 Coordinator.h:192] Coordinator exits.
