I1126 14:12:18.230876 960587 Database.h:65] ycsb initialization finished in 30 milliseconds.
I1126 14:12:18.230973 960587 Coordinator.h:30] Coordinator initializes 12 workers.
I1126 14:12:18.231869 960587 Coordinator.h:77] Coordinator starts to run 13 workers.
I1126 14:12:18.231931 960603 AriaExecutor.h:91] AriaExecutor 0 started. 
I1126 14:12:18.231959 960604 AriaExecutor.h:91] AriaExecutor 1 started. 
I1126 14:12:18.231997 960605 AriaExecutor.h:91] AriaExecutor 2 started. 
I1126 14:12:18.232045 960606 AriaExecutor.h:91] AriaExecutor 3 started. 
I1126 14:12:18.232112 960608 AriaExecutor.h:91] AriaExecutor 5 started. 
I1126 14:12:18.232172 960609 AriaExecutor.h:91] AriaExecutor 6 started. 
I1126 14:12:18.232211 960610 AriaExecutor.h:91] AriaExecutor 7 started. 
I1126 14:12:18.232247 960611 AriaExecutor.h:91] AriaExecutor 8 started. 
I1126 14:12:18.232290 960612 AriaExecutor.h:91] AriaExecutor 9 started. 
I1126 14:12:18.232331 960613 AriaExecutor.h:91] AriaExecutor 10 started. 
I1126 14:12:18.232378 960614 AriaExecutor.h:91] AriaExecutor 11 started. 
I1126 14:12:18.232409 960607 AriaExecutor.h:91] AriaExecutor 4 started. 
I1126 14:12:18.232415 960615 Manager.h:224] Manager(worker id = 12) on the coordinator node started.
I1126 14:12:19.232477 960587 Coordinator.h:126] commit: 1868660 abort: 14340 (0/14340/0), network size: 0, avg network size: 0, si_in_serializable: 0 0 %, local: 0 %
I1126 14:12:20.232592 960587 Coordinator.h:126] commit: 1838841 abort: 14159 (0/14159/0), network size: 0, avg network size: 0, si_in_serializable: 0 0 %, local: 0 %
I1126 14:12:21.232707 960587 Coordinator.h:126] commit: 1880724 abort: 14276 (0/14276/0), network size: 0, avg network size: 0, si_in_serializable: 0 0 %, local: 0 %
I1126 14:12:22.232803 960587 Coordinator.h:126] commit: 1861785 abort: 14215 (0/14215/0), network size: 0, avg network size: 0, si_in_serializable: 0 0 %, local: 0 %
I1126 14:12:23.232890 960587 Coordinator.h:126] commit: 1886502 abort: 14498 (0/14498/0), network size: 0, avg network size: 0, si_in_serializable: 0 0 %, local: 0 %
I1126 14:12:24.232981 960587 Coordinator.h:126] commit: 1887617 abort: 14383 (0/14383/0), network size: 0, avg network size: 0, si_in_serializable: 0 0 %, local: 0 %
I1126 14:12:25.233078 960587 Coordinator.h:126] commit: 1753669 abort: 13331 (0/13331/0), network size: 0, avg network size: 0, si_in_serializable: 0 0 %, local: 0 %
I1126 14:12:26.233182 960587 Coordinator.h:126] commit: 1889135 abort: 14455 (0/14455/0), network size: 0, avg network size: 0, si_in_serializable: 0 0 %, local: 0 %
I1126 14:12:27.233304 960587 Coordinator.h:126] commit: 1885963 abort: 14447 (0/14447/0), network size: 0, avg network size: 0, si_in_serializable: 0 0 %, local: 0 %
I1126 14:12:28.233402 960587 Coordinator.h:126] commit: 1888507 abort: 14493 (0/14493/0), network size: 0, avg network size: 0, si_in_serializable: 0 0 %, local: 0 %
I1126 14:12:29.233498 960587 Coordinator.h:126] commit: 1882480 abort: 14520 (0/14520/0), network size: 0, avg network size: 0, si_in_serializable: 0 0 %, local: 0 %
I1126 14:12:30.233608 960587 Coordinator.h:126] commit: 1889466 abort: 14534 (0/14534/0), network size: 0, avg network size: 0, si_in_serializable: 0 0 %, local: 0 %
I1126 14:12:31.233706 960587 Coordinator.h:126] commit: 1888458 abort: 14542 (0/14542/0), network size: 0, avg network size: 0, si_in_serializable: 0 0 %, local: 0 %
I1126 14:12:32.233798 960587 Coordinator.h:126] commit: 1733650 abort: 13350 (0/13350/0), network size: 0, avg network size: 0, si_in_serializable: 0 0 %, local: 0 %
I1126 14:12:33.233913 960587 Coordinator.h:126] commit: 1864467 abort: 14533 (0/14533/0), network size: 0, avg network size: 0, si_in_serializable: 0 0 %, local: 0 %
I1126 14:12:34.234010 960587 Coordinator.h:126] commit: 1890410 abort: 14590 (0/14590/0), network size: 0, avg network size: 0, si_in_serializable: 0 0 %, local: 0 %
I1126 14:12:35.234109 960587 Coordinator.h:126] commit: 1886553 abort: 14447 (0/14447/0), network size: 0, avg network size: 0, si_in_serializable: 0 0 %, local: 0 %
I1126 14:12:36.234218 960587 Coordinator.h:126] commit: 1891435 abort: 14565 (0/14565/0), network size: 0, avg network size: 0, si_in_serializable: 0 0 %, local: 0 %
I1126 14:12:37.234323 960587 Coordinator.h:126] commit: 1885372 abort: 14628 (0/14628/0), network size: 0, avg network size: 0, si_in_serializable: 0 0 %, local: 0 %
I1126 14:12:38.234419 960587 Coordinator.h:126] commit: 1894487 abort: 14513 (0/14513/0), network size: 0, avg network size: 0, si_in_serializable: 0 0 %, local: 0 %
I1126 14:12:39.234505 960587 Coordinator.h:126] commit: 1889476 abort: 14524 (0/14524/0), network size: 0, avg network size: 0, si_in_serializable: 0 0 %, local: 0 %
I1126 14:12:40.234592 960587 Coordinator.h:126] commit: 1889366 abort: 14634 (0/14634/0), network size: 0, avg network size: 0, si_in_serializable: 0 0 %, local: 0 %
I1126 14:12:41.234697 960587 Coordinator.h:126] commit: 1878235 abort: 14765 (0/14765/0), network size: 0, avg network size: 0, si_in_serializable: 0 0 %, local: 0 %
I1126 14:12:42.234795 960587 Coordinator.h:126] commit: 1893437 abort: 14563 (0/14563/0), network size: 0, avg network size: 0, si_in_serializable: 0 0 %, local: 0 %
I1126 14:12:43.234879 960587 Coordinator.h:126] commit: 1888542 abort: 14458 (0/14458/0), network size: 0, avg network size: 0, si_in_serializable: 0 0 %, local: 0 %
I1126 14:12:43.234889 960587 Coordinator.h:152] average commit: 1.87068e+06 abort: 14422.2 (0/14422.2/0), network size: 0, avg network size: 0, si_in_serializable: 0 0 %, local: 0 %
I1126 14:12:43.235052 960615 Manager.h:227] Manager(worker id = 12) on the coordinator node exits.
I1126 14:12:43.235051 960609 AriaExecutor.h:103] AriaExecutor 6 exits. 
I1126 14:12:43.235047 960603 AriaExecutor.h:103] AriaExecutor 0 exits. 
I1126 14:12:43.235059 960612 AriaExecutor.h:103] AriaExecutor 9 exits. 
I1126 14:12:43.235059 960610 AriaExecutor.h:103] AriaExecutor 7 exits. 
I1126 14:12:43.235064 960604 AriaExecutor.h:103] AriaExecutor 1 exits. 
I1126 14:12:43.235051 960613 AriaExecutor.h:103] AriaExecutor 10 exits. 
I1126 14:12:43.235064 960606 AriaExecutor.h:103] AriaExecutor 3 exits. 
I1126 14:12:43.235064 960608 AriaExecutor.h:103] AriaExecutor 5 exits. 
I1126 14:12:43.235049 960605 AriaExecutor.h:103] AriaExecutor 2 exits. 
I1126 14:12:43.235049 960611 AriaExecutor.h:103] AriaExecutor 8 exits. 
I1126 14:12:43.235050 960607 AriaExecutor.h:103] AriaExecutor 4 exits. 
I1126 14:12:43.235060 960614 AriaExecutor.h:103] AriaExecutor 11 exits. 
I1126 14:12:43.234898 960587 AriaExecutor.h:649] Worker 0 latency: 355 us (50%) 412 us (75%) 460 us (95%) 476 us (99%).
I1126 14:12:43.376881 960587 AriaExecutor.h:649] Worker 1 latency: 354 us (50%) 411 us (75%) 459 us (95%) 475 us (99%).
I1126 14:12:43.535359 960587 AriaExecutor.h:649] Worker 2 latency: 355 us (50%) 411 us (75%) 460 us (95%) 475 us (99%).
I1126 14:12:43.678763 960587 AriaExecutor.h:649] Worker 3 latency: 356 us (50%) 412 us (75%) 460 us (95%) 475 us (99%).
I1126 14:12:43.839341 960587 AriaExecutor.h:649] Worker 4 latency: 355 us (50%) 411 us (75%) 460 us (95%) 475 us (99%).
I1126 14:12:43.978982 960587 AriaExecutor.h:649] Worker 5 latency: 354 us (50%) 411 us (75%) 459 us (95%) 475 us (99%).
I1126 14:12:44.136636 960587 AriaExecutor.h:649] Worker 6 latency: 358 us (50%) 413 us (75%) 460 us (95%) 475 us (99%).
I1126 14:12:44.275523 960587 AriaExecutor.h:649] Worker 7 latency: 357 us (50%) 412 us (75%) 459 us (95%) 475 us (99%).
I1126 14:12:44.429742 960587 AriaExecutor.h:649] Worker 8 latency: 359 us (50%) 413 us (75%) 460 us (95%) 475 us (99%).
I1126 14:12:44.569943 960587 AriaExecutor.h:649] Worker 9 latency: 358 us (50%) 412 us (75%) 459 us (95%) 475 us (99%).
I1126 14:12:44.726306 960587 AriaExecutor.h:649] Worker 10 latency: 359 us (50%) 413 us (75%) 460 us (95%) 476 us (99%).
I1126 14:12:44.865113 960587 AriaExecutor.h:649] Worker 11 latency: 359 us (50%) 413 us (75%) 460 us (95%) 475 us (99%).
I1126 14:12:45.028488 960587 Coordinator.h:177] total commit: 1.87068e+06
I1126 14:12:46.028617 960587 Coordinator.h:192] Coordinator exits.
