I0911 22:50:36.252182 2939604 Database.h:65] ycsb initialization finished in 148 milliseconds.
I0911 22:50:36.252293 2939604 Coordinator.h:30] Coordinator initializes 16 workers.
I0911 22:50:36.282708 2939604 Coordinator.h:77] Coordinator starts to run 17 workers.
I0911 22:50:36.282770 2939625 AriaExecutor.h:82] AriaExecutor 0 started. 
I0911 22:50:36.282809 2939626 AriaExecutor.h:82] AriaExecutor 1 started. 
I0911 22:50:36.282855 2939627 AriaExecutor.h:82] AriaExecutor 2 started. 
I0911 22:50:36.282907 2939628 AriaExecutor.h:82] AriaExecutor 3 started. 
I0911 22:50:36.282938 2939629 AriaExecutor.h:82] AriaExecutor 4 started. 
I0911 22:50:36.282981 2939630 AriaExecutor.h:82] AriaExecutor 5 started. 
I0911 22:50:36.283027 2939631 AriaExecutor.h:82] AriaExecutor 6 started. 
I0911 22:50:36.283068 2939632 AriaExecutor.h:82] AriaExecutor 7 started. 
I0911 22:50:36.283099 2939633 AriaExecutor.h:82] AriaExecutor 8 started. 
I0911 22:50:36.283145 2939634 AriaExecutor.h:82] AriaExecutor 9 started. 
I0911 22:50:36.283179 2939635 AriaExecutor.h:82] AriaExecutor 10 started. 
I0911 22:50:36.283221 2939636 AriaExecutor.h:82] AriaExecutor 11 started. 
I0911 22:50:36.283269 2939637 AriaExecutor.h:82] AriaExecutor 12 started. 
I0911 22:50:36.283310 2939638 AriaExecutor.h:82] AriaExecutor 13 started. 
I0911 22:50:36.283344 2939639 AriaExecutor.h:82] AriaExecutor 14 started. 
I0911 22:50:36.283385 2939640 AriaExecutor.h:82] AriaExecutor 15 started. 
I0911 22:50:36.283429 2939641 Manager.h:224] Manager(worker id = 16) on the coordinator node started.
I0911 22:50:37.283471 2939604 Coordinator.h:126] commit: 1053496 abort: 273608 (0/273608/0), network size: 0, avg network size: 0, si_in_serializable: 0 0 %, local: 0 %
I0911 22:50:38.283582 2939604 Coordinator.h:126] commit: 1047686 abort: 271226 (0/271226/0), network size: 0, avg network size: 0, si_in_serializable: 0 0 %, local: 0 %
I0911 22:50:39.283663 2939604 Coordinator.h:126] commit: 1018557 abort: 263491 (0/263491/0), network size: 0, avg network size: 0, si_in_serializable: 0 0 %, local: 0 %
I0911 22:50:40.283736 2939604 Coordinator.h:126] commit: 1021490 abort: 264654 (0/264654/0), network size: 0, avg network size: 0, si_in_serializable: 0 0 %, local: 0 %
I0911 22:50:41.283831 2939604 Coordinator.h:126] commit: 1045022 abort: 269794 (0/269794/0), network size: 0, avg network size: 0, si_in_serializable: 0 0 %, local: 0 %
I0911 22:50:42.283907 2939604 Coordinator.h:126] commit: 1061534 abort: 273762 (0/273762/0), network size: 0, avg network size: 0, si_in_serializable: 0 0 %, local: 0 %
I0911 22:50:43.283983 2939604 Coordinator.h:126] commit: 1061747 abort: 273549 (0/273549/0), network size: 0, avg network size: 0, si_in_serializable: 0 0 %, local: 0 %
I0911 22:50:44.284058 2939604 Coordinator.h:126] commit: 1061617 abort: 273679 (0/273679/0), network size: 0, avg network size: 0, si_in_serializable: 0 0 %, local: 0 %
I0911 22:50:45.284142 2939604 Coordinator.h:126] commit: 1028339 abort: 265997 (0/265997/0), network size: 0, avg network size: 0, si_in_serializable: 0 0 %, local: 0 %
I0911 22:50:46.284215 2939604 Coordinator.h:126] commit: 1048126 abort: 270786 (0/270786/0), network size: 0, avg network size: 0, si_in_serializable: 0 0 %, local: 0 %
I0911 22:50:47.284278 2939604 Coordinator.h:126] commit: 1061573 abort: 273723 (0/273723/0), network size: 0, avg network size: 0, si_in_serializable: 0 0 %, local: 0 %
I0911 22:50:48.284343 2939604 Coordinator.h:126] commit: 1034957 abort: 267571 (0/267571/0), network size: 0, avg network size: 0, si_in_serializable: 0 0 %, local: 0 %
I0911 22:50:49.284407 2939604 Coordinator.h:126] commit: 1059984 abort: 275312 (0/275312/0), network size: 0, avg network size: 0, si_in_serializable: 0 0 %, local: 0 %
I0911 22:50:50.284468 2939604 Coordinator.h:126] commit: 1046073 abort: 268743 (0/268743/0), network size: 0, avg network size: 0, si_in_serializable: 0 0 %, local: 0 %
I0911 22:50:51.284556 2939604 Coordinator.h:126] commit: 1061473 abort: 273823 (0/273823/0), network size: 0, avg network size: 0, si_in_serializable: 0 0 %, local: 0 %
I0911 22:50:52.284626 2939604 Coordinator.h:126] commit: 1054812 abort: 272156 (0/272156/0), network size: 0, avg network size: 0, si_in_serializable: 0 0 %, local: 0 %
I0911 22:50:53.284687 2939604 Coordinator.h:126] commit: 992272 abort: 257144 (0/257144/0), network size: 0, avg network size: 0, si_in_serializable: 0 0 %, local: 0 %
I0911 22:50:54.284747 2939604 Coordinator.h:126] commit: 1060996 abort: 274300 (0/274300/0), network size: 0, avg network size: 0, si_in_serializable: 0 0 %, local: 0 %
I0911 22:50:55.284806 2939604 Coordinator.h:126] commit: 1060559 abort: 274737 (0/274737/0), network size: 0, avg network size: 0, si_in_serializable: 0 0 %, local: 0 %
I0911 22:50:56.284870 2939604 Coordinator.h:126] commit: 1062198 abort: 273098 (0/273098/0), network size: 0, avg network size: 0, si_in_serializable: 0 0 %, local: 0 %
I0911 22:50:57.284940 2939604 Coordinator.h:126] commit: 1061136 abort: 274160 (0/274160/0), network size: 0, avg network size: 0, si_in_serializable: 0 0 %, local: 0 %
I0911 22:50:58.285001 2939604 Coordinator.h:126] commit: 1041808 abort: 268912 (0/268912/0), network size: 0, avg network size: 0, si_in_serializable: 0 0 %, local: 0 %
I0911 22:50:59.285063 2939604 Coordinator.h:126] commit: 1038461 abort: 268163 (0/268163/0), network size: 0, avg network size: 0, si_in_serializable: 0 0 %, local: 0 %
I0911 22:51:00.285143 2939604 Coordinator.h:126] commit: 1057829 abort: 273371 (0/273371/0), network size: 0, avg network size: 0, si_in_serializable: 0 0 %, local: 0 %
I0911 22:51:01.285211 2939604 Coordinator.h:126] commit: 1060701 abort: 274595 (0/274595/0), network size: 0, avg network size: 0, si_in_serializable: 0 0 %, local: 0 %
I0911 22:51:01.285228 2939604 Coordinator.h:152] average commit: 1.04949e+06 abort: 271061 (0/271061/0), network size: 0, avg network size: 0, si_in_serializable: 0 0 %, local: 0 %
I0911 22:51:01.287659 2939641 Manager.h:227] Manager(worker id = 16) on the coordinator node exits.
I0911 22:51:01.287664 2939631 AriaExecutor.h:94] AriaExecutor 6 exits. 
I0911 22:51:01.287663 2939637 AriaExecutor.h:94] AriaExecutor 12 exits. 
I0911 22:51:01.287667 2939633 AriaExecutor.h:94] AriaExecutor 8 exits. 
I0911 22:51:01.287678 2939634 AriaExecutor.h:94] AriaExecutor 9 exits. 
I0911 22:51:01.287675 2939625 AriaExecutor.h:94] AriaExecutor 0 exits. 
I0911 22:51:01.287662 2939639 AriaExecutor.h:94] AriaExecutor 14 exits. 
I0911 22:51:01.287665 2939635 AriaExecutor.h:94] AriaExecutor 10 exits. 
I0911 22:51:01.287681 2939632 AriaExecutor.h:94] AriaExecutor 7 exits. 
I0911 22:51:01.287678 2939626 AriaExecutor.h:94] AriaExecutor 1 exits. 
I0911 22:51:01.287678 2939630 AriaExecutor.h:94] AriaExecutor 5 exits. 
I0911 22:51:01.287681 2939638 AriaExecutor.h:94] AriaExecutor 13 exits. 
I0911 22:51:01.287681 2939636 AriaExecutor.h:94] AriaExecutor 11 exits. 
I0911 22:51:01.287681 2939628 AriaExecutor.h:94] AriaExecutor 3 exits. 
I0911 22:51:01.287683 2939640 AriaExecutor.h:94] AriaExecutor 15 exits. 
I0911 22:51:01.287664 2939627 AriaExecutor.h:94] AriaExecutor 2 exits. 
I0911 22:51:01.287665 2939629 AriaExecutor.h:94] AriaExecutor 4 exits. 
I0911 22:51:01.285238 2939604 AriaExecutor.h:535] Worker 0 latency: 1864 us (50%) 2447 us (75%) 2871 us (95%) 2954 us (99%).
I0911 22:51:01.352583 2939604 AriaExecutor.h:535] Worker 1 latency: 1863 us (50%) 2446 us (75%) 2869 us (95%) 2953 us (99%).
I0911 22:51:01.419476 2939604 AriaExecutor.h:535] Worker 2 latency: 1877 us (50%) 2453 us (75%) 2872 us (95%) 2955 us (99%).
I0911 22:51:01.486722 2939604 AriaExecutor.h:535] Worker 3 latency: 1866 us (50%) 2447 us (75%) 2869 us (95%) 2953 us (99%).
I0911 22:51:01.553767 2939604 AriaExecutor.h:535] Worker 4 latency: 1868 us (50%) 2449 us (75%) 2871 us (95%) 2954 us (99%).
I0911 22:51:01.621001 2939604 AriaExecutor.h:535] Worker 5 latency: 1860 us (50%) 2445 us (75%) 2869 us (95%) 2953 us (99%).
I0911 22:51:01.688360 2939604 AriaExecutor.h:535] Worker 6 latency: 1873 us (50%) 2452 us (75%) 2871 us (95%) 2954 us (99%).
I0911 22:51:01.753803 2939604 AriaExecutor.h:535] Worker 7 latency: 1864 us (50%) 2446 us (75%) 2869 us (95%) 2953 us (99%).
I0911 22:51:01.820530 2939604 AriaExecutor.h:535] Worker 8 latency: 1865 us (50%) 2447 us (75%) 2870 us (95%) 2954 us (99%).
I0911 22:51:01.885768 2939604 AriaExecutor.h:535] Worker 9 latency: 1862 us (50%) 2444 us (75%) 2868 us (95%) 2952 us (99%).
I0911 22:51:01.953694 2939604 AriaExecutor.h:535] Worker 10 latency: 1876 us (50%) 2452 us (75%) 2871 us (95%) 2954 us (99%).
I0911 22:51:02.019574 2939604 AriaExecutor.h:535] Worker 11 latency: 1867 us (50%) 2447 us (75%) 2868 us (95%) 2952 us (99%).
I0911 22:51:02.086848 2939604 AriaExecutor.h:535] Worker 12 latency: 1873 us (50%) 2450 us (75%) 2871 us (95%) 2954 us (99%).
I0911 22:51:02.153270 2939604 AriaExecutor.h:535] Worker 13 latency: 1858 us (50%) 2443 us (75%) 2868 us (95%) 2952 us (99%).
I0911 22:51:02.220125 2939604 AriaExecutor.h:535] Worker 14 latency: 1877 us (50%) 2452 us (75%) 2871 us (95%) 2954 us (99%).
I0911 22:51:02.287365 2939604 AriaExecutor.h:535] Worker 15 latency: 1865 us (50%) 2447 us (75%) 2869 us (95%) 2953 us (99%).
I0911 22:51:02.353821 2939604 Coordinator.h:177] total commit: 1.04949e+06
I0911 22:51:03.353930 2939604 Coordinator.h:192] Coordinator exits.
