I1126 15:08:08.722159 993498 Database.h:65] ycsb initialization finished in 30 milliseconds.
I1126 15:08:08.722265 993498 Coordinator.h:30] Coordinator initializes 12 workers.
I1126 15:08:08.723142 993498 Coordinator.h:77] Coordinator starts to run 13 workers.
I1126 15:08:08.723196 993514 AriaExecutor.h:95] AriaExecutor 0 started. 
I1126 15:08:08.723225 993515 AriaExecutor.h:95] AriaExecutor 1 started. 
I1126 15:08:08.723307 993517 AriaExecutor.h:95] AriaExecutor 3 started. 
I1126 15:08:08.723356 993518 AriaExecutor.h:95] AriaExecutor 4 started. 
I1126 15:08:08.723395 993519 AriaExecutor.h:95] AriaExecutor 5 started. 
I1126 15:08:08.723430 993520 AriaExecutor.h:95] AriaExecutor 6 started. 
I1126 15:08:08.723476 993521 AriaExecutor.h:95] AriaExecutor 7 started. 
I1126 15:08:08.723515 993522 AriaExecutor.h:95] AriaExecutor 8 started. 
I1126 15:08:08.723569 993523 AriaExecutor.h:95] AriaExecutor 9 started. 
I1126 15:08:08.723608 993524 AriaExecutor.h:95] AriaExecutor 10 started. 
I1126 15:08:08.723655 993525 AriaExecutor.h:95] AriaExecutor 11 started. 
I1126 15:08:08.723690 993516 AriaExecutor.h:95] AriaExecutor 2 started. 
I1126 15:08:08.723694 993526 Manager.h:224] Manager(worker id = 12) on the coordinator node started.
I1126 15:08:09.723758 993498 Coordinator.h:126] commit: 2000135 abort: 8865 (0/8865/0), network size: 0, avg network size: 0, si_in_serializable: 0 0 %, local: 0 %
I1126 15:08:10.723881 993498 Coordinator.h:126] commit: 1961319 abort: 8681 (0/8681/0), network size: 0, avg network size: 0, si_in_serializable: 0 0 %, local: 0 %
I1126 15:08:11.724009 993498 Coordinator.h:126] commit: 1999096 abort: 8904 (0/8904/0), network size: 0, avg network size: 0, si_in_serializable: 0 0 %, local: 0 %
I1126 15:08:12.724108 993498 Coordinator.h:126] commit: 1983185 abort: 8815 (0/8815/0), network size: 0, avg network size: 0, si_in_serializable: 0 0 %, local: 0 %
I1126 15:08:13.724184 993498 Coordinator.h:126] commit: 2011917 abort: 9083 (0/9083/0), network size: 0, avg network size: 0, si_in_serializable: 0 0 %, local: 0 %
I1126 15:08:14.724261 993498 Coordinator.h:126] commit: 2004236 abort: 8764 (0/8764/0), network size: 0, avg network size: 0, si_in_serializable: 0 0 %, local: 0 %
I1126 15:08:15.724370 993498 Coordinator.h:126] commit: 1911358 abort: 8642 (0/8642/0), network size: 0, avg network size: 0, si_in_serializable: 0 0 %, local: 0 %
I1126 15:08:16.724478 993498 Coordinator.h:126] commit: 2006824 abort: 8822 (0/8822/0), network size: 0, avg network size: 0, si_in_serializable: 0 0 %, local: 0 %
I1126 15:08:17.724574 993498 Coordinator.h:126] commit: 2011375 abort: 8979 (0/8979/0), network size: 0, avg network size: 0, si_in_serializable: 0 0 %, local: 0 %
I1126 15:08:18.724664 993498 Coordinator.h:126] commit: 2007111 abort: 8889 (0/8889/0), network size: 0, avg network size: 0, si_in_serializable: 0 0 %, local: 0 %
I1126 15:08:19.724771 993498 Coordinator.h:126] commit: 2010221 abort: 8779 (0/8779/0), network size: 0, avg network size: 0, si_in_serializable: 0 0 %, local: 0 %
I1126 15:08:20.724853 993498 Coordinator.h:126] commit: 2004105 abort: 8895 (0/8895/0), network size: 0, avg network size: 0, si_in_serializable: 0 0 %, local: 0 %
I1126 15:08:21.724958 993498 Coordinator.h:126] commit: 1866765 abort: 8235 (0/8235/0), network size: 0, avg network size: 0, si_in_serializable: 0 0 %, local: 0 %
I1126 15:08:22.725056 993498 Coordinator.h:126] commit: 2003249 abort: 8728 (0/8728/0), network size: 0, avg network size: 0, si_in_serializable: 0 0 %, local: 0 %
I1126 15:08:23.725162 993498 Coordinator.h:126] commit: 2006051 abort: 8972 (0/8972/0), network size: 0, avg network size: 0, si_in_serializable: 0 0 %, local: 0 %
I1126 15:08:24.725268 993498 Coordinator.h:126] commit: 2007217 abort: 8783 (0/8783/0), network size: 0, avg network size: 0, si_in_serializable: 0 0 %, local: 0 %
I1126 15:08:25.725380 993498 Coordinator.h:126] commit: 1997297 abort: 8703 (0/8703/0), network size: 0, avg network size: 0, si_in_serializable: 0 0 %, local: 0 %
I1126 15:08:26.725515 993498 Coordinator.h:126] commit: 2008101 abort: 8899 (0/8899/0), network size: 0, avg network size: 0, si_in_serializable: 0 0 %, local: 0 %
I1126 15:08:27.725627 993498 Coordinator.h:126] commit: 2019066 abort: 8934 (0/8934/0), network size: 0, avg network size: 0, si_in_serializable: 0 0 %, local: 0 %
I1126 15:08:28.725728 993498 Coordinator.h:126] commit: 2019080 abort: 8920 (0/8920/0), network size: 0, avg network size: 0, si_in_serializable: 0 0 %, local: 0 %
I1126 15:08:29.725831 993498 Coordinator.h:126] commit: 2022219 abort: 8781 (0/8781/0), network size: 0, avg network size: 0, si_in_serializable: 0 0 %, local: 0 %
I1126 15:08:30.725919 993498 Coordinator.h:126] commit: 2019016 abort: 8984 (0/8984/0), network size: 0, avg network size: 0, si_in_serializable: 0 0 %, local: 0 %
I1126 15:08:31.726016 993498 Coordinator.h:126] commit: 2019984 abort: 9016 (0/9016/0), network size: 0, avg network size: 0, si_in_serializable: 0 0 %, local: 0 %
I1126 15:08:32.726111 993498 Coordinator.h:126] commit: 2002001 abort: 8999 (0/8999/0), network size: 0, avg network size: 0, si_in_serializable: 0 0 %, local: 0 %
I1126 15:08:33.726198 993498 Coordinator.h:126] commit: 2022212 abort: 8788 (0/8788/0), network size: 0, avg network size: 0, si_in_serializable: 0 0 %, local: 0 %
I1126 15:08:33.726238 993498 Coordinator.h:152] average commit: 1.99412e+06 abort: 8784.8 (0/8784.8/0), network size: 0, avg network size: 0, si_in_serializable: 0 0 %, local: 0 %
I1126 15:08:33.726667 993526 Manager.h:227] Manager(worker id = 12) on the coordinator node exits.
I1126 15:08:33.726663 993520 AriaExecutor.h:107] AriaExecutor 6 exits. 
I1126 15:08:33.726678 993517 AriaExecutor.h:107] AriaExecutor 3 exits. 
I1126 15:08:33.726667 993514 AriaExecutor.h:107] AriaExecutor 0 exits. 
I1126 15:08:33.726666 993518 AriaExecutor.h:107] AriaExecutor 4 exits. 
I1126 15:08:33.726677 993525 AriaExecutor.h:107] AriaExecutor 11 exits. 
I1126 15:08:33.726667 993516 AriaExecutor.h:107] AriaExecutor 2 exits. 
I1126 15:08:33.726665 993524 AriaExecutor.h:107] AriaExecutor 10 exits. 
I1126 15:08:33.726677 993521 AriaExecutor.h:107] AriaExecutor 7 exits. 
I1126 15:08:33.726676 993519 AriaExecutor.h:107] AriaExecutor 5 exits. 
I1126 15:08:33.726677 993515 AriaExecutor.h:107] AriaExecutor 1 exits. 
I1126 15:08:33.726679 993523 AriaExecutor.h:107] AriaExecutor 9 exits. 
I1126 15:08:33.726666 993522 AriaExecutor.h:107] AriaExecutor 8 exits. 
I1126 15:08:33.726245 993498 AriaExecutor.h:705] Worker 0 latency: 340 us (50%) 389 us (75%) 431 us (95%) 446 us (99%).
I1126 15:08:33.879467 993498 AriaExecutor.h:705] Worker 1 latency: 339 us (50%) 387 us (75%) 430 us (95%) 445 us (99%).
I1126 15:08:34.046358 993498 AriaExecutor.h:705] Worker 2 latency: 342 us (50%) 389 us (75%) 431 us (95%) 446 us (99%).
I1126 15:08:34.196573 993498 AriaExecutor.h:705] Worker 3 latency: 341 us (50%) 388 us (75%) 430 us (95%) 445 us (99%).
I1126 15:08:34.364657 993498 AriaExecutor.h:705] Worker 4 latency: 343 us (50%) 390 us (75%) 431 us (95%) 446 us (99%).
I1126 15:08:34.513650 993498 AriaExecutor.h:705] Worker 5 latency: 338 us (50%) 387 us (75%) 430 us (95%) 444 us (99%).
I1126 15:08:34.682449 993498 AriaExecutor.h:705] Worker 6 latency: 344 us (50%) 390 us (75%) 431 us (95%) 446 us (99%).
I1126 15:08:34.829452 993498 AriaExecutor.h:705] Worker 7 latency: 342 us (50%) 388 us (75%) 430 us (95%) 444 us (99%).
I1126 15:08:34.996747 993498 AriaExecutor.h:705] Worker 8 latency: 346 us (50%) 392 us (75%) 432 us (95%) 446 us (99%).
I1126 15:08:35.147976 993498 AriaExecutor.h:705] Worker 9 latency: 342 us (50%) 389 us (75%) 430 us (95%) 445 us (99%).
I1126 15:08:35.312896 993498 AriaExecutor.h:705] Worker 10 latency: 343 us (50%) 390 us (75%) 431 us (95%) 446 us (99%).
I1126 15:08:35.460831 993498 AriaExecutor.h:705] Worker 11 latency: 343 us (50%) 389 us (75%) 430 us (95%) 445 us (99%).
I1126 15:08:35.628553 993498 Coordinator.h:177] total commit: 1.99412e+06
I1126 15:08:36.628662 993498 Coordinator.h:192] Coordinator exits.
