I1126 15:07:16.061607 992672 Database.h:65] ycsb initialization finished in 29 milliseconds.
I1126 15:07:16.061704 992672 Coordinator.h:30] Coordinator initializes 12 workers.
I1126 15:07:16.062610 992672 Coordinator.h:77] Coordinator starts to run 13 workers.
I1126 15:07:16.062661 992689 AriaExecutor.h:91] AriaExecutor 0 started. 
I1126 15:07:16.062695 992690 AriaExecutor.h:91] AriaExecutor 1 started. 
I1126 15:07:16.062736 992691 AriaExecutor.h:91] AriaExecutor 2 started. 
I1126 15:07:16.062785 992692 AriaExecutor.h:91] AriaExecutor 3 started. 
I1126 15:07:16.062876 992694 AriaExecutor.h:91] AriaExecutor 5 started. 
I1126 15:07:16.062922 992695 AriaExecutor.h:91] AriaExecutor 6 started. 
I1126 15:07:16.062958 992696 AriaExecutor.h:91] AriaExecutor 7 started. 
I1126 15:07:16.062990 992697 AriaExecutor.h:91] AriaExecutor 8 started. 
I1126 15:07:16.063035 992698 AriaExecutor.h:91] AriaExecutor 9 started. 
I1126 15:07:16.063069 992699 AriaExecutor.h:91] AriaExecutor 10 started. 
I1126 15:07:16.063114 992700 AriaExecutor.h:91] AriaExecutor 11 started. 
I1126 15:07:16.063144 992693 AriaExecutor.h:91] AriaExecutor 4 started. 
I1126 15:07:16.063148 992701 Manager.h:224] Manager(worker id = 12) on the coordinator node started.
I1126 15:07:17.063215 992672 Coordinator.h:126] commit: 304265 abort: 1126735 (0/1126735/0), network size: 0, avg network size: 0, si_in_serializable: 0 0 %, local: 0 %
I1126 15:07:18.063333 992672 Coordinator.h:126] commit: 298433 abort: 1103567 (0/1103567/0), network size: 0, avg network size: 0, si_in_serializable: 0 0 %, local: 0 %
I1126 15:07:19.063431 992672 Coordinator.h:126] commit: 303362 abort: 1124638 (0/1124638/0), network size: 0, avg network size: 0, si_in_serializable: 0 0 %, local: 0 %
I1126 15:07:20.063514 992672 Coordinator.h:126] commit: 304022 abort: 1127978 (0/1127978/0), network size: 0, avg network size: 0, si_in_serializable: 0 0 %, local: 0 %
I1126 15:07:21.063601 992672 Coordinator.h:126] commit: 304201 abort: 1130799 (0/1130799/0), network size: 0, avg network size: 0, si_in_serializable: 0 0 %, local: 0 %
I1126 15:07:22.063699 992672 Coordinator.h:126] commit: 298549 abort: 1105451 (0/1105451/0), network size: 0, avg network size: 0, si_in_serializable: 0 0 %, local: 0 %
I1126 15:07:23.063796 992672 Coordinator.h:126] commit: 305374 abort: 1125626 (0/1125626/0), network size: 0, avg network size: 0, si_in_serializable: 0 0 %, local: 0 %
I1126 15:07:24.063876 992672 Coordinator.h:126] commit: 304844 abort: 1127156 (0/1127156/0), network size: 0, avg network size: 0, si_in_serializable: 0 0 %, local: 0 %
I1126 15:07:25.063949 992672 Coordinator.h:126] commit: 304357 abort: 1128643 (0/1128643/0), network size: 0, avg network size: 0, si_in_serializable: 0 0 %, local: 0 %
I1126 15:07:26.064030 992672 Coordinator.h:126] commit: 303996 abort: 1126004 (0/1126004/0), network size: 0, avg network size: 0, si_in_serializable: 0 0 %, local: 0 %
I1126 15:07:27.064127 992672 Coordinator.h:126] commit: 299315 abort: 1106685 (0/1106685/0), network size: 0, avg network size: 0, si_in_serializable: 0 0 %, local: 0 %
I1126 15:07:28.064209 992672 Coordinator.h:126] commit: 304982 abort: 1129018 (0/1129018/0), network size: 0, avg network size: 0, si_in_serializable: 0 0 %, local: 0 %
I1126 15:07:29.064287 992672 Coordinator.h:126] commit: 305025 abort: 1127975 (0/1127975/0), network size: 0, avg network size: 0, si_in_serializable: 0 0 %, local: 0 %
I1126 15:07:30.064364 992672 Coordinator.h:126] commit: 306035 abort: 1130965 (0/1130965/0), network size: 0, avg network size: 0, si_in_serializable: 0 0 %, local: 0 %
I1126 15:07:31.064445 992672 Coordinator.h:126] commit: 301193 abort: 1118807 (0/1118807/0), network size: 0, avg network size: 0, si_in_serializable: 0 0 %, local: 0 %
I1126 15:07:32.064568 992672 Coordinator.h:126] commit: 304310 abort: 1126690 (0/1126690/0), network size: 0, avg network size: 0, si_in_serializable: 0 0 %, local: 0 %
I1126 15:07:33.064674 992672 Coordinator.h:126] commit: 304222 abort: 1126778 (0/1126778/0), network size: 0, avg network size: 0, si_in_serializable: 0 0 %, local: 0 %
I1126 15:07:34.064774 992672 Coordinator.h:126] commit: 302364 abort: 1121636 (0/1121636/0), network size: 0, avg network size: 0, si_in_serializable: 0 0 %, local: 0 %
I1126 15:07:35.064867 992672 Coordinator.h:126] commit: 304422 abort: 1129578 (0/1129578/0), network size: 0, avg network size: 0, si_in_serializable: 0 0 %, local: 0 %
I1126 15:07:36.064958 992672 Coordinator.h:126] commit: 306020 abort: 1129980 (0/1129980/0), network size: 0, avg network size: 0, si_in_serializable: 0 0 %, local: 0 %
I1126 15:07:37.065063 992672 Coordinator.h:126] commit: 297376 abort: 1099624 (0/1099624/0), network size: 0, avg network size: 0, si_in_serializable: 0 0 %, local: 0 %
I1126 15:07:38.065165 992672 Coordinator.h:126] commit: 301414 abort: 1115586 (0/1115586/0), network size: 0, avg network size: 0, si_in_serializable: 0 0 %, local: 0 %
I1126 15:07:39.065253 992672 Coordinator.h:126] commit: 305519 abort: 1129481 (0/1129481/0), network size: 0, avg network size: 0, si_in_serializable: 0 0 %, local: 0 %
I1126 15:07:40.065335 992672 Coordinator.h:126] commit: 306338 abort: 1130662 (0/1130662/0), network size: 0, avg network size: 0, si_in_serializable: 0 0 %, local: 0 %
I1126 15:07:41.065415 992672 Coordinator.h:126] commit: 304640 abort: 1129360 (0/1129360/0), network size: 0, avg network size: 0, si_in_serializable: 0 0 %, local: 0 %
I1126 15:07:41.065445 992672 Coordinator.h:152] average commit: 303789 abort: 1.12481e+06 (0/1.12481e+06/0), network size: 0, avg network size: 0, si_in_serializable: 0 0 %, local: 0 %
I1126 15:07:41.065743 992693 AriaExecutor.h:103] AriaExecutor 4 exits. 
I1126 15:07:41.065744 992701 Manager.h:227] Manager(worker id = 12) on the coordinator node exits.
I1126 15:07:41.065747 992691 AriaExecutor.h:103] AriaExecutor 2 exits. 
I1126 15:07:41.065747 992695 AriaExecutor.h:103] AriaExecutor 6 exits. 
I1126 15:07:41.065761 992694 AriaExecutor.h:103] AriaExecutor 5 exits. 
I1126 15:07:41.065748 992697 AriaExecutor.h:103] AriaExecutor 8 exits. 
I1126 15:07:41.065760 992690 AriaExecutor.h:103] AriaExecutor 1 exits. 
I1126 15:07:41.065760 992698 AriaExecutor.h:103] AriaExecutor 9 exits. 
I1126 15:07:41.065748 992689 AriaExecutor.h:103] AriaExecutor 0 exits. 
I1126 15:07:41.065760 992696 AriaExecutor.h:103] AriaExecutor 7 exits. 
I1126 15:07:41.065760 992700 AriaExecutor.h:103] AriaExecutor 11 exits. 
I1126 15:07:41.065760 992692 AriaExecutor.h:103] AriaExecutor 3 exits. 
I1126 15:07:41.065748 992699 AriaExecutor.h:103] AriaExecutor 10 exits. 
I1126 15:07:41.065454 992672 AriaExecutor.h:649] Worker 0 latency: 582 us (50%) 634 us (75%) 663 us (95%) 676 us (99%).
I1126 15:07:41.091925 992672 AriaExecutor.h:649] Worker 1 latency: 580 us (50%) 632 us (75%) 662 us (95%) 675 us (99%).
I1126 15:07:41.118009 992672 AriaExecutor.h:649] Worker 2 latency: 582 us (50%) 633 us (75%) 662 us (95%) 676 us (99%).
I1126 15:07:41.144006 992672 AriaExecutor.h:649] Worker 3 latency: 581 us (50%) 632 us (75%) 661 us (95%) 675 us (99%).
I1126 15:07:41.169730 992672 AriaExecutor.h:649] Worker 4 latency: 582 us (50%) 632 us (75%) 662 us (95%) 676 us (99%).
I1126 15:07:41.195341 992672 AriaExecutor.h:649] Worker 5 latency: 580 us (50%) 630 us (75%) 660 us (95%) 674 us (99%).
I1126 15:07:41.221170 992672 AriaExecutor.h:649] Worker 6 latency: 582 us (50%) 631 us (75%) 661 us (95%) 675 us (99%).
I1126 15:07:41.246436 992672 AriaExecutor.h:649] Worker 7 latency: 578 us (50%) 629 us (75%) 660 us (95%) 674 us (99%).
I1126 15:07:41.272164 992672 AriaExecutor.h:649] Worker 8 latency: 581 us (50%) 631 us (75%) 661 us (95%) 675 us (99%).
I1126 15:07:41.297097 992672 AriaExecutor.h:649] Worker 9 latency: 579 us (50%) 629 us (75%) 660 us (95%) 674 us (99%).
I1126 15:07:41.322052 992672 AriaExecutor.h:649] Worker 10 latency: 581 us (50%) 631 us (75%) 661 us (95%) 675 us (99%).
I1126 15:07:41.346789 992672 AriaExecutor.h:649] Worker 11 latency: 580 us (50%) 629 us (75%) 660 us (95%) 673 us (99%).
I1126 15:07:41.371501 992672 Coordinator.h:177] total commit: 303789
I1126 15:07:42.371605 992672 Coordinator.h:192] Coordinator exits.
