I1126 18:24:04.808808 1077438 Database.h:65] ycsb initialization finished in 30 milliseconds.
I1126 18:24:04.808913 1077438 Coordinator.h:30] Coordinator initializes 12 workers.
I1126 18:24:04.809811 1077438 Coordinator.h:77] Coordinator starts to run 13 workers.
I1126 18:24:04.809861 1077454 AriaExecutor.h:91] AriaExecutor 0 started. 
I1126 18:24:04.809890 1077455 AriaExecutor.h:91] AriaExecutor 1 started. 
I1126 18:24:04.809939 1077456 AriaExecutor.h:91] AriaExecutor 2 started. 
I1126 18:24:04.809980 1077457 AriaExecutor.h:91] AriaExecutor 3 started. 
I1126 18:24:04.810065 1077459 AriaExecutor.h:91] AriaExecutor 5 started. 
I1126 18:24:04.810102 1077460 AriaExecutor.h:91] AriaExecutor 6 started. 
I1126 18:24:04.810142 1077461 AriaExecutor.h:91] AriaExecutor 7 started. 
I1126 18:24:04.810185 1077462 AriaExecutor.h:91] AriaExecutor 8 started. 
I1126 18:24:04.810226 1077463 AriaExecutor.h:91] AriaExecutor 9 started. 
I1126 18:24:04.810266 1077464 AriaExecutor.h:91] AriaExecutor 10 started. 
I1126 18:24:04.810322 1077465 AriaExecutor.h:91] AriaExecutor 11 started. 
I1126 18:24:04.810360 1077458 AriaExecutor.h:91] AriaExecutor 4 started. 
I1126 18:24:04.810365 1077466 Manager.h:224] Manager(worker id = 12) on the coordinator node started.
I1126 18:24:05.810427 1077438 Coordinator.h:126] commit: 1184839 abort: 1002161 (0/1002161/0), network size: 0, avg network size: 0, si_in_serializable: 0 0 %, local: 0 %
I1126 18:24:06.810540 1077438 Coordinator.h:126] commit: 1161409 abort: 985591 (0/985591/0), network size: 0, avg network size: 0, si_in_serializable: 0 0 %, local: 0 %
I1126 18:24:07.810642 1077438 Coordinator.h:126] commit: 1175870 abort: 999130 (0/999130/0), network size: 0, avg network size: 0, si_in_serializable: 0 0 %, local: 0 %
I1126 18:24:08.810721 1077438 Coordinator.h:126] commit: 1197118 abort: 1016882 (0/1016882/0), network size: 0, avg network size: 0, si_in_serializable: 0 0 %, local: 0 %
I1126 18:24:09.810796 1077438 Coordinator.h:126] commit: 1200539 abort: 1018461 (0/1018461/0), network size: 0, avg network size: 0, si_in_serializable: 0 0 %, local: 0 %
I1126 18:24:10.810873 1077438 Coordinator.h:126] commit: 1131742 abort: 961258 (0/961258/0), network size: 0, avg network size: 0, si_in_serializable: 0 0 %, local: 0 %
I1126 18:24:11.810948 1077438 Coordinator.h:126] commit: 1198547 abort: 1019453 (0/1019453/0), network size: 0, avg network size: 0, si_in_serializable: 0 0 %, local: 0 %
I1126 18:24:12.811041 1077438 Coordinator.h:126] commit: 1193991 abort: 1012034 (0/1012034/0), network size: 0, avg network size: 0, si_in_serializable: 0 0 %, local: 0 %
I1126 18:24:13.811123 1077438 Coordinator.h:126] commit: 1195468 abort: 1016507 (0/1016507/0), network size: 0, avg network size: 0, si_in_serializable: 0 0 %, local: 0 %
I1126 18:24:14.811203 1077438 Coordinator.h:126] commit: 1202566 abort: 1017434 (0/1017434/0), network size: 0, avg network size: 0, si_in_serializable: 0 0 %, local: 0 %
I1126 18:24:15.811276 1077438 Coordinator.h:126] commit: 1128427 abort: 954573 (0/954573/0), network size: 0, avg network size: 0, si_in_serializable: 0 0 %, local: 0 %
I1126 18:24:16.811352 1077438 Coordinator.h:126] commit: 1200012 abort: 1017988 (0/1017988/0), network size: 0, avg network size: 0, si_in_serializable: 0 0 %, local: 0 %
I1126 18:24:17.811424 1077438 Coordinator.h:126] commit: 1198528 abort: 1016472 (0/1016472/0), network size: 0, avg network size: 0, si_in_serializable: 0 0 %, local: 0 %
I1126 18:24:18.811496 1077438 Coordinator.h:126] commit: 1199678 abort: 1021322 (0/1021322/0), network size: 0, avg network size: 0, si_in_serializable: 0 0 %, local: 0 %
I1126 18:24:19.811574 1077438 Coordinator.h:126] commit: 1191246 abort: 1012754 (0/1012754/0), network size: 0, avg network size: 0, si_in_serializable: 0 0 %, local: 0 %
I1126 18:24:20.811668 1077438 Coordinator.h:126] commit: 1200784 abort: 1017273 (0/1017273/0), network size: 0, avg network size: 0, si_in_serializable: 0 0 %, local: 0 %
I1126 18:24:21.811741 1077438 Coordinator.h:126] commit: 1197230 abort: 1018713 (0/1018713/0), network size: 0, avg network size: 0, si_in_serializable: 0 0 %, local: 0 %
I1126 18:24:22.811813 1077438 Coordinator.h:126] commit: 1201337 abort: 1019663 (0/1019663/0), network size: 0, avg network size: 0, si_in_serializable: 0 0 %, local: 0 %
I1126 18:24:23.811894 1077438 Coordinator.h:126] commit: 1196828 abort: 1019172 (0/1019172/0), network size: 0, avg network size: 0, si_in_serializable: 0 0 %, local: 0 %
I1126 18:24:24.811975 1077438 Coordinator.h:126] commit: 1197255 abort: 1014745 (0/1014745/0), network size: 0, avg network size: 0, si_in_serializable: 0 0 %, local: 0 %
I1126 18:24:25.812049 1077438 Coordinator.h:126] commit: 1149112 abort: 977888 (0/977888/0), network size: 0, avg network size: 0, si_in_serializable: 0 0 %, local: 0 %
I1126 18:24:26.812142 1077438 Coordinator.h:126] commit: 1048552 abort: 891448 (0/891448/0), network size: 0, avg network size: 0, si_in_serializable: 0 0 %, local: 0 %
I1126 18:24:27.812220 1077438 Coordinator.h:126] commit: 1198119 abort: 1016881 (0/1016881/0), network size: 0, avg network size: 0, si_in_serializable: 0 0 %, local: 0 %
I1126 18:24:28.812300 1077438 Coordinator.h:126] commit: 1201257 abort: 1019743 (0/1019743/0), network size: 0, avg network size: 0, si_in_serializable: 0 0 %, local: 0 %
I1126 18:24:29.812376 1077438 Coordinator.h:126] commit: 1200447 abort: 1014553 (0/1014553/0), network size: 0, avg network size: 0, si_in_serializable: 0 0 %, local: 0 %
I1126 18:24:29.812390 1077438 Coordinator.h:152] average commit: 1.19113e+06 abort: 1.01127e+06 (0/1.01127e+06/0), network size: 0, avg network size: 0, si_in_serializable: 0 0 %, local: 0 %
I1126 18:24:29.812422 1077466 Manager.h:227] Manager(worker id = 12) on the coordinator node exits.
I1126 18:24:29.812424 1077462 AriaExecutor.h:103] AriaExecutor 8 exits. 
I1126 18:24:29.812424 1077458 AriaExecutor.h:103] AriaExecutor 4 exits. 
I1126 18:24:29.812435 1077461 AriaExecutor.h:103] AriaExecutor 7 exits. 
I1126 18:24:29.812425 1077454 AriaExecutor.h:103] AriaExecutor 0 exits. 
I1126 18:24:29.812424 1077464 AriaExecutor.h:103] AriaExecutor 10 exits. 
I1126 18:24:29.812436 1077455 AriaExecutor.h:103] AriaExecutor 1 exits. 
I1126 18:24:29.812425 1077456 AriaExecutor.h:103] AriaExecutor 2 exits. 
I1126 18:24:29.812436 1077463 AriaExecutor.h:103] AriaExecutor 9 exits. 
I1126 18:24:29.812424 1077460 AriaExecutor.h:103] AriaExecutor 6 exits. 
I1126 18:24:29.812435 1077465 AriaExecutor.h:103] AriaExecutor 11 exits. 
I1126 18:24:29.812436 1077459 AriaExecutor.h:103] AriaExecutor 5 exits. 
I1126 18:24:29.812445 1077457 AriaExecutor.h:103] AriaExecutor 3 exits. 
I1126 18:24:29.812400 1077438 AriaExecutor.h:621] Worker 0 latency: 323 us (50%) 374 us (75%) 411 us (95%) 423 us (99%).
I1126 18:24:29.911450 1077438 AriaExecutor.h:621] Worker 1 latency: 323 us (50%) 373 us (75%) 409 us (95%) 422 us (99%).
I1126 18:24:30.005429 1077438 AriaExecutor.h:621] Worker 2 latency: 325 us (50%) 374 us (75%) 410 us (95%) 423 us (99%).
I1126 18:24:30.098628 1077438 AriaExecutor.h:621] Worker 3 latency: 325 us (50%) 374 us (75%) 409 us (95%) 422 us (99%).
I1126 18:24:30.191759 1077438 AriaExecutor.h:621] Worker 4 latency: 326 us (50%) 374 us (75%) 410 us (95%) 423 us (99%).
I1126 18:24:30.285750 1077438 AriaExecutor.h:621] Worker 5 latency: 324 us (50%) 372 us (75%) 408 us (95%) 421 us (99%).
I1126 18:24:30.378645 1077438 AriaExecutor.h:621] Worker 6 latency: 327 us (50%) 375 us (75%) 410 us (95%) 423 us (99%).
I1126 18:24:30.470675 1077438 AriaExecutor.h:621] Worker 7 latency: 325 us (50%) 373 us (75%) 408 us (95%) 421 us (99%).
I1126 18:24:30.566619 1077438 AriaExecutor.h:621] Worker 8 latency: 328 us (50%) 376 us (75%) 410 us (95%) 423 us (99%).
I1126 18:24:30.659626 1077438 AriaExecutor.h:621] Worker 9 latency: 326 us (50%) 373 us (75%) 409 us (95%) 422 us (99%).
I1126 18:24:30.753991 1077438 AriaExecutor.h:621] Worker 10 latency: 328 us (50%) 375 us (75%) 410 us (95%) 423 us (99%).
I1126 18:24:30.847081 1077438 AriaExecutor.h:621] Worker 11 latency: 326 us (50%) 373 us (75%) 409 us (95%) 422 us (99%).
I1126 18:24:30.941614 1077438 Coordinator.h:177] total commit: 1.19113e+06
I1126 18:24:31.941721 1077438 Coordinator.h:192] Coordinator exits.
