I1126 18:17:20.161990 1074274 Database.h:65] ycsb initialization finished in 29 milliseconds.
I1126 18:17:20.162091 1074274 Coordinator.h:30] Coordinator initializes 12 workers.
I1126 18:17:20.168920 1074274 Coordinator.h:77] Coordinator starts to run 13 workers.
I1126 18:17:20.168982 1074290 AriaExecutor.h:91] AriaExecutor 0 started. 
I1126 18:17:20.169008 1074291 AriaExecutor.h:91] AriaExecutor 1 started. 
I1126 18:17:20.169049 1074292 AriaExecutor.h:91] AriaExecutor 2 started. 
I1126 18:17:20.169095 1074293 AriaExecutor.h:91] AriaExecutor 3 started. 
I1126 18:17:20.169176 1074295 AriaExecutor.h:91] AriaExecutor 5 started. 
I1126 18:17:20.169214 1074296 AriaExecutor.h:91] AriaExecutor 6 started. 
I1126 18:17:20.169250 1074297 AriaExecutor.h:91] AriaExecutor 7 started. 
I1126 18:17:20.169286 1074298 AriaExecutor.h:91] AriaExecutor 8 started. 
I1126 18:17:20.169337 1074299 AriaExecutor.h:91] AriaExecutor 9 started. 
I1126 18:17:20.169371 1074300 AriaExecutor.h:91] AriaExecutor 10 started. 
I1126 18:17:20.169420 1074301 AriaExecutor.h:91] AriaExecutor 11 started. 
I1126 18:17:20.169456 1074294 AriaExecutor.h:91] AriaExecutor 4 started. 
I1126 18:17:20.169458 1074302 Manager.h:224] Manager(worker id = 12) on the coordinator node started.
I1126 18:17:21.169531 1074274 Coordinator.h:126] commit: 1268276 abort: 761724 (0/761724/0), network size: 0, avg network size: 0, si_in_serializable: 0 0 %, local: 0 %
I1126 18:17:22.169670 1074274 Coordinator.h:126] commit: 1262433 abort: 757567 (0/757567/0), network size: 0, avg network size: 0, si_in_serializable: 0 0 %, local: 0 %
I1126 18:17:23.169811 1074274 Coordinator.h:126] commit: 1274503 abort: 765497 (0/765497/0), network size: 0, avg network size: 0, si_in_serializable: 0 0 %, local: 0 %
I1126 18:17:24.169924 1074274 Coordinator.h:126] commit: 1288050 abort: 771950 (0/771950/0), network size: 0, avg network size: 0, si_in_serializable: 0 0 %, local: 0 %
I1126 18:17:25.170032 1074274 Coordinator.h:126] commit: 1269521 abort: 760479 (0/760479/0), network size: 0, avg network size: 0, si_in_serializable: 0 0 %, local: 0 %
I1126 18:17:26.170136 1074274 Coordinator.h:126] commit: 1285360 abort: 774640 (0/774640/0), network size: 0, avg network size: 0, si_in_serializable: 0 0 %, local: 0 %
I1126 18:17:27.170236 1074274 Coordinator.h:126] commit: 1266809 abort: 763191 (0/763191/0), network size: 0, avg network size: 0, si_in_serializable: 0 0 %, local: 0 %
I1126 18:17:28.170342 1074274 Coordinator.h:126] commit: 1291705 abort: 778295 (0/778295/0), network size: 0, avg network size: 0, si_in_serializable: 0 0 %, local: 0 %
I1126 18:17:29.170461 1074274 Coordinator.h:126] commit: 1278785 abort: 771215 (0/771215/0), network size: 0, avg network size: 0, si_in_serializable: 0 0 %, local: 0 %
I1126 18:17:30.170578 1074274 Coordinator.h:126] commit: 1236305 abort: 743695 (0/743695/0), network size: 0, avg network size: 0, si_in_serializable: 0 0 %, local: 0 %
I1126 18:17:31.170684 1074274 Coordinator.h:126] commit: 1286288 abort: 773712 (0/773712/0), network size: 0, avg network size: 0, si_in_serializable: 0 0 %, local: 0 %
I1126 18:17:32.170795 1074274 Coordinator.h:126] commit: 1292973 abort: 777027 (0/777027/0), network size: 0, avg network size: 0, si_in_serializable: 0 0 %, local: 0 %
I1126 18:17:33.170902 1074274 Coordinator.h:126] commit: 1287529 abort: 772471 (0/772471/0), network size: 0, avg network size: 0, si_in_serializable: 0 0 %, local: 0 %
I1126 18:17:34.171000 1074274 Coordinator.h:126] commit: 1286216 abort: 773784 (0/773784/0), network size: 0, avg network size: 0, si_in_serializable: 0 0 %, local: 0 %
I1126 18:17:35.171104 1074274 Coordinator.h:126] commit: 1292697 abort: 777303 (0/777303/0), network size: 0, avg network size: 0, si_in_serializable: 0 0 %, local: 0 %
I1126 18:17:36.171196 1074274 Coordinator.h:126] commit: 1280364 abort: 769636 (0/769636/0), network size: 0, avg network size: 0, si_in_serializable: 0 0 %, local: 0 %
I1126 18:17:37.171296 1074274 Coordinator.h:126] commit: 1291728 abort: 778272 (0/778272/0), network size: 0, avg network size: 0, si_in_serializable: 0 0 %, local: 0 %
I1126 18:17:38.171404 1074274 Coordinator.h:126] commit: 1267958 abort: 762042 (0/762042/0), network size: 0, avg network size: 0, si_in_serializable: 0 0 %, local: 0 %
I1126 18:17:39.171518 1074274 Coordinator.h:126] commit: 1286232 abort: 773599 (0/773599/0), network size: 0, avg network size: 0, si_in_serializable: 0 0 %, local: 0 %
I1126 18:17:40.171631 1074274 Coordinator.h:126] commit: 1156534 abort: 693635 (0/693635/0), network size: 0, avg network size: 0, si_in_serializable: 0 0 %, local: 0 %
I1126 18:17:41.171734 1074274 Coordinator.h:126] commit: 1285284 abort: 774716 (0/774716/0), network size: 0, avg network size: 0, si_in_serializable: 0 0 %, local: 0 %
I1126 18:17:42.171821 1074274 Coordinator.h:126] commit: 1285444 abort: 774556 (0/774556/0), network size: 0, avg network size: 0, si_in_serializable: 0 0 %, local: 0 %
I1126 18:17:43.171926 1074274 Coordinator.h:126] commit: 1278756 abort: 771244 (0/771244/0), network size: 0, avg network size: 0, si_in_serializable: 0 0 %, local: 0 %
I1126 18:17:44.172016 1074274 Coordinator.h:126] commit: 1280581 abort: 769419 (0/769419/0), network size: 0, avg network size: 0, si_in_serializable: 0 0 %, local: 0 %
I1126 18:17:45.172119 1074274 Coordinator.h:126] commit: 1287242 abort: 773817 (0/773817/0), network size: 0, avg network size: 0, si_in_serializable: 0 0 %, local: 0 %
I1126 18:17:45.172132 1074274 Coordinator.h:152] average commit: 1.27285e+06 abort: 765148 (0/765148/0), network size: 0, avg network size: 0, si_in_serializable: 0 0 %, local: 0 %
I1126 18:17:45.172396 1074302 Manager.h:227] Manager(worker id = 12) on the coordinator node exits.
I1126 18:17:45.172398 1074290 AriaExecutor.h:103] AriaExecutor 0 exits. 
I1126 18:17:45.172394 1074300 AriaExecutor.h:103] AriaExecutor 10 exits. 
I1126 18:17:45.172392 1074292 AriaExecutor.h:103] AriaExecutor 2 exits. 
I1126 18:17:45.172410 1074297 AriaExecutor.h:103] AriaExecutor 7 exits. 
I1126 18:17:45.172394 1074298 AriaExecutor.h:103] AriaExecutor 8 exits. 
I1126 18:17:45.172395 1074296 AriaExecutor.h:103] AriaExecutor 6 exits. 
I1126 18:17:45.172410 1074299 AriaExecutor.h:103] AriaExecutor 9 exits. 
I1126 18:17:45.172410 1074291 AriaExecutor.h:103] AriaExecutor 1 exits. 
I1126 18:17:45.172410 1074301 AriaExecutor.h:103] AriaExecutor 11 exits. 
I1126 18:17:45.172410 1074293 AriaExecutor.h:103] AriaExecutor 3 exits. 
I1126 18:17:45.172410 1074295 AriaExecutor.h:103] AriaExecutor 5 exits. 
I1126 18:17:45.172396 1074294 AriaExecutor.h:103] AriaExecutor 4 exits. 
I1126 18:17:45.172142 1074274 AriaExecutor.h:621] Worker 0 latency: 3598 us (50%) 4078 us (75%) 4401 us (95%) 4498 us (99%).
I1126 18:17:45.278525 1074274 AriaExecutor.h:621] Worker 1 latency: 3600 us (50%) 4077 us (75%) 4399 us (95%) 4494 us (99%).
I1126 18:17:45.385227 1074274 AriaExecutor.h:621] Worker 2 latency: 3615 us (50%) 4086 us (75%) 4402 us (95%) 4496 us (99%).
I1126 18:17:45.488269 1074274 AriaExecutor.h:621] Worker 3 latency: 3599 us (50%) 4077 us (75%) 4398 us (95%) 4492 us (99%).
I1126 18:17:45.592845 1074274 AriaExecutor.h:621] Worker 4 latency: 3600 us (50%) 4078 us (75%) 4401 us (95%) 4495 us (99%).
I1126 18:17:45.697013 1074274 AriaExecutor.h:621] Worker 5 latency: 3605 us (50%) 4079 us (75%) 4399 us (95%) 4493 us (99%).
I1126 18:17:45.804821 1074274 AriaExecutor.h:621] Worker 6 latency: 3606 us (50%) 4080 us (75%) 4399 us (95%) 4494 us (99%).
I1126 18:17:45.909807 1074274 AriaExecutor.h:621] Worker 7 latency: 3597 us (50%) 4076 us (75%) 4398 us (95%) 4492 us (99%).
I1126 18:17:46.014662 1074274 AriaExecutor.h:621] Worker 8 latency: 3610 us (50%) 4083 us (75%) 4401 us (95%) 4495 us (99%).
I1126 18:17:46.118808 1074274 AriaExecutor.h:621] Worker 9 latency: 3605 us (50%) 4080 us (75%) 4399 us (95%) 4494 us (99%).
I1126 18:17:46.222815 1074274 AriaExecutor.h:621] Worker 10 latency: 3613 us (50%) 4086 us (75%) 4402 us (95%) 4496 us (99%).
I1126 18:17:46.327175 1074274 AriaExecutor.h:621] Worker 11 latency: 3601 us (50%) 4077 us (75%) 4399 us (95%) 4493 us (99%).
I1126 18:17:46.430848 1074274 Coordinator.h:177] total commit: 1.27285e+06
I1126 18:17:47.430959 1074274 Coordinator.h:192] Coordinator exits.
