I0911 23:25:38.625814 2946507 Database.h:65] ycsb initialization finished in 147 milliseconds.
I0911 23:25:38.625933 2946507 Coordinator.h:30] Coordinator initializes 16 workers.
I0911 23:25:38.749099 2946507 Coordinator.h:77] Coordinator starts to run 17 workers.
I0911 23:25:38.749152 2946527 AriaExecutor.h:82] AriaExecutor 0 started. 
I0911 23:25:38.749188 2946528 AriaExecutor.h:82] AriaExecutor 1 started. 
I0911 23:25:38.749223 2946529 AriaExecutor.h:82] AriaExecutor 2 started. 
I0911 23:25:38.749279 2946530 AriaExecutor.h:82] AriaExecutor 3 started. 
I0911 23:25:38.749300 2946531 AriaExecutor.h:82] AriaExecutor 4 started. 
I0911 23:25:38.749341 2946532 AriaExecutor.h:82] AriaExecutor 5 started. 
I0911 23:25:38.749384 2946533 AriaExecutor.h:82] AriaExecutor 6 started. 
I0911 23:25:38.749426 2946534 AriaExecutor.h:82] AriaExecutor 7 started. 
I0911 23:25:38.749456 2946535 AriaExecutor.h:82] AriaExecutor 8 started. 
I0911 23:25:38.749497 2946536 AriaExecutor.h:82] AriaExecutor 9 started. 
I0911 23:25:38.749529 2946537 AriaExecutor.h:82] AriaExecutor 10 started. 
I0911 23:25:38.749575 2946538 AriaExecutor.h:82] AriaExecutor 11 started. 
I0911 23:25:38.749611 2946539 AriaExecutor.h:82] AriaExecutor 12 started. 
I0911 23:25:38.749661 2946540 AriaExecutor.h:82] AriaExecutor 13 started. 
I0911 23:25:38.749692 2946541 AriaExecutor.h:82] AriaExecutor 14 started. 
I0911 23:25:38.749732 2946542 AriaExecutor.h:82] AriaExecutor 15 started. 
I0911 23:25:38.749769 2946543 Manager.h:224] Manager(worker id = 16) on the coordinator node started.
I0911 23:25:39.749823 2946507 Coordinator.h:126] commit: 9127 abort: 134873 (0/134873/0), network size: 0, avg network size: 0, si_in_serializable: 0 0 %, local: 0 %
I0911 23:25:40.749931 2946507 Coordinator.h:126] commit: 11082 abort: 164918 (0/164918/0), network size: 0, avg network size: 0, si_in_serializable: 0 0 %, local: 0 %
I0911 23:25:41.750025 2946507 Coordinator.h:126] commit: 10192 abort: 149808 (0/149808/0), network size: 0, avg network size: 0, si_in_serializable: 0 0 %, local: 0 %
I0911 23:25:42.750119 2946507 Coordinator.h:126] commit: 11113 abort: 164887 (0/164887/0), network size: 0, avg network size: 0, si_in_serializable: 0 0 %, local: 0 %
I0911 23:25:43.750206 2946507 Coordinator.h:126] commit: 10213 abort: 149787 (0/149787/0), network size: 0, avg network size: 0, si_in_serializable: 0 0 %, local: 0 %
I0911 23:25:44.750321 2946507 Coordinator.h:126] commit: 11134 abort: 164866 (0/164866/0), network size: 0, avg network size: 0, si_in_serializable: 0 0 %, local: 0 %
I0911 23:25:45.750406 2946507 Coordinator.h:126] commit: 11163 abort: 164837 (0/164837/0), network size: 0, avg network size: 0, si_in_serializable: 0 0 %, local: 0 %
I0911 23:25:46.750485 2946507 Coordinator.h:126] commit: 10161 abort: 149839 (0/149839/0), network size: 0, avg network size: 0, si_in_serializable: 0 0 %, local: 0 %
I0911 23:25:47.750563 2946507 Coordinator.h:126] commit: 11298 abort: 164702 (0/164702/0), network size: 0, avg network size: 0, si_in_serializable: 0 0 %, local: 0 %
I0911 23:25:48.750641 2946507 Coordinator.h:126] commit: 11173 abort: 164827 (0/164827/0), network size: 0, avg network size: 0, si_in_serializable: 0 0 %, local: 0 %
I0911 23:25:49.750732 2946507 Coordinator.h:126] commit: 11052 abort: 164948 (0/164948/0), network size: 0, avg network size: 0, si_in_serializable: 0 0 %, local: 0 %
I0911 23:25:50.750810 2946507 Coordinator.h:126] commit: 10108 abort: 149892 (0/149892/0), network size: 0, avg network size: 0, si_in_serializable: 0 0 %, local: 0 %
I0911 23:25:51.750886 2946507 Coordinator.h:126] commit: 11166 abort: 164834 (0/164834/0), network size: 0, avg network size: 0, si_in_serializable: 0 0 %, local: 0 %
I0911 23:25:52.750983 2946507 Coordinator.h:126] commit: 11275 abort: 164725 (0/164725/0), network size: 0, avg network size: 0, si_in_serializable: 0 0 %, local: 0 %
I0911 23:25:53.751076 2946507 Coordinator.h:126] commit: 11234 abort: 164766 (0/164766/0), network size: 0, avg network size: 0, si_in_serializable: 0 0 %, local: 0 %
I0911 23:25:54.751154 2946507 Coordinator.h:126] commit: 11108 abort: 164892 (0/164892/0), network size: 0, avg network size: 0, si_in_serializable: 0 0 %, local: 0 %
I0911 23:25:55.751238 2946507 Coordinator.h:126] commit: 11181 abort: 164819 (0/164819/0), network size: 0, avg network size: 0, si_in_serializable: 0 0 %, local: 0 %
I0911 23:25:56.751319 2946507 Coordinator.h:126] commit: 10059 abort: 149941 (0/149941/0), network size: 0, avg network size: 0, si_in_serializable: 0 0 %, local: 0 %
I0911 23:25:57.751398 2946507 Coordinator.h:126] commit: 11093 abort: 164907 (0/164907/0), network size: 0, avg network size: 0, si_in_serializable: 0 0 %, local: 0 %
I0911 23:25:58.751473 2946507 Coordinator.h:126] commit: 11193 abort: 164807 (0/164807/0), network size: 0, avg network size: 0, si_in_serializable: 0 0 %, local: 0 %
I0911 23:25:59.751556 2946507 Coordinator.h:126] commit: 11245 abort: 164755 (0/164755/0), network size: 0, avg network size: 0, si_in_serializable: 0 0 %, local: 0 %
I0911 23:26:00.751644 2946507 Coordinator.h:126] commit: 11227 abort: 164773 (0/164773/0), network size: 0, avg network size: 0, si_in_serializable: 0 0 %, local: 0 %
I0911 23:26:01.751727 2946507 Coordinator.h:126] commit: 10038 abort: 149962 (0/149962/0), network size: 0, avg network size: 0, si_in_serializable: 0 0 %, local: 0 %
I0911 23:26:02.751806 2946507 Coordinator.h:126] commit: 11172 abort: 164828 (0/164828/0), network size: 0, avg network size: 0, si_in_serializable: 0 0 %, local: 0 %
I0911 23:26:03.751909 2946507 Coordinator.h:126] commit: 11188 abort: 164812 (0/164812/0), network size: 0, avg network size: 0, si_in_serializable: 0 0 %, local: 0 %
I0911 23:26:03.751927 2946507 Coordinator.h:152] average commit: 10946.9 abort: 161853 (0/161853/0), network size: 0, avg network size: 0, si_in_serializable: 0 0 %, local: 0 %
I0911 23:26:03.751937 2946507 AriaExecutor.h:641] Worker 0 latency: 89409 us (50%) 90246 us (75%) 97097 us (95%) 111816 us (99%).
I0911 23:26:03.786953 2946533 AriaExecutor.h:94] AriaExecutor 6 exits. 
I0911 23:26:03.786955 2946543 Manager.h:227] Manager(worker id = 16) on the coordinator node exits.
I0911 23:26:03.786954 2946529 AriaExecutor.h:94] AriaExecutor 2 exits. 
I0911 23:26:03.786953 2946539 AriaExecutor.h:94] AriaExecutor 12 exits. 
I0911 23:26:03.786953 2946541 AriaExecutor.h:94] AriaExecutor 14 exits. 
I0911 23:26:03.786953 2946535 AriaExecutor.h:94] AriaExecutor 8 exits. 
I0911 23:26:03.786954 2946531 AriaExecutor.h:94] AriaExecutor 4 exits. 
I0911 23:26:03.786958 2946527 AriaExecutor.h:94] AriaExecutor 0 exits. 
I0911 23:26:03.786972 2946528 AriaExecutor.h:94] AriaExecutor 1 exits. 
I0911 23:26:03.786972 2946532 AriaExecutor.h:94] AriaExecutor 5 exits. 
I0911 23:26:03.786971 2946530 AriaExecutor.h:94] AriaExecutor 3 exits. 
I0911 23:26:03.786957 2946537 AriaExecutor.h:94] AriaExecutor 10 exits. 
I0911 23:26:03.786971 2946538 AriaExecutor.h:94] AriaExecutor 11 exits. 
I0911 23:26:03.786972 2946536 AriaExecutor.h:94] AriaExecutor 9 exits. 
I0911 23:26:03.786972 2946534 AriaExecutor.h:94] AriaExecutor 7 exits. 
I0911 23:26:03.786981 2946540 AriaExecutor.h:94] AriaExecutor 13 exits. 
I0911 23:26:03.786971 2946542 AriaExecutor.h:94] AriaExecutor 15 exits. 
I0911 23:26:03.787209 2946507 AriaExecutor.h:641] Worker 1 latency: 89421 us (50%) 90244 us (75%) 97113 us (95%) 111111 us (99%).
I0911 23:26:03.788098 2946507 AriaExecutor.h:641] Worker 2 latency: 89405 us (50%) 90244 us (75%) 96985 us (95%) 111324 us (99%).
I0911 23:26:03.788925 2946507 AriaExecutor.h:641] Worker 3 latency: 89427 us (50%) 90265 us (75%) 97136 us (95%) 112790 us (99%).
I0911 23:26:03.789743 2946507 AriaExecutor.h:641] Worker 4 latency: 89407 us (50%) 90237 us (75%) 97135 us (95%) 111052 us (99%).
I0911 23:26:03.790578 2946507 AriaExecutor.h:641] Worker 5 latency: 89402 us (50%) 90241 us (75%) 97121 us (95%) 110627 us (99%).
I0911 23:26:03.791433 2946507 AriaExecutor.h:641] Worker 6 latency: 89416 us (50%) 90253 us (75%) 97087 us (95%) 111840 us (99%).
I0911 23:26:03.792264 2946507 AriaExecutor.h:641] Worker 7 latency: 89410 us (50%) 90235 us (75%) 97132 us (95%) 111544 us (99%).
I0911 23:26:03.793102 2946507 AriaExecutor.h:641] Worker 8 latency: 89412 us (50%) 90249 us (75%) 96947 us (95%) 110120 us (99%).
I0911 23:26:03.793944 2946507 AriaExecutor.h:641] Worker 9 latency: 89402 us (50%) 90239 us (75%) 97134 us (95%) 111285 us (99%).
I0911 23:26:03.794754 2946507 AriaExecutor.h:641] Worker 10 latency: 89416 us (50%) 90248 us (75%) 96998 us (95%) 109491 us (99%).
I0911 23:26:03.795569 2946507 AriaExecutor.h:641] Worker 11 latency: 89406 us (50%) 90245 us (75%) 97193 us (95%) 112011 us (99%).
I0911 23:26:03.796406 2946507 AriaExecutor.h:641] Worker 12 latency: 89410 us (50%) 90245 us (75%) 96988 us (95%) 111172 us (99%).
I0911 23:26:03.797220 2946507 AriaExecutor.h:641] Worker 13 latency: 89403 us (50%) 90242 us (75%) 97133 us (95%) 109159 us (99%).
I0911 23:26:03.798053 2946507 AriaExecutor.h:641] Worker 14 latency: 89398 us (50%) 90262 us (75%) 97282 us (95%) 109141 us (99%).
I0911 23:26:03.798864 2946507 AriaExecutor.h:641] Worker 15 latency: 89403 us (50%) 90237 us (75%) 96970 us (95%) 111758 us (99%).
I0911 23:26:03.799685 2946507 Coordinator.h:177] total commit: 10946.9
I0911 23:26:04.799796 2946507 Coordinator.h:192] Coordinator exits.
