I1126 15:00:05.972055 988262 Database.h:65] ycsb initialization finished in 30 milliseconds.
I1126 15:00:05.972162 988262 Coordinator.h:30] Coordinator initializes 12 workers.
I1126 15:00:05.973057 988262 Coordinator.h:77] Coordinator starts to run 13 workers.
I1126 15:00:05.973101 988278 AriaExecutor.h:91] AriaExecutor 0 started. 
I1126 15:00:05.973127 988279 AriaExecutor.h:91] AriaExecutor 1 started. 
I1126 15:00:05.973165 988280 AriaExecutor.h:91] AriaExecutor 2 started. 
I1126 15:00:05.973215 988281 AriaExecutor.h:91] AriaExecutor 3 started. 
I1126 15:00:05.973291 988283 AriaExecutor.h:91] AriaExecutor 5 started. 
I1126 15:00:05.973344 988284 AriaExecutor.h:91] AriaExecutor 6 started. 
I1126 15:00:05.973382 988285 AriaExecutor.h:91] AriaExecutor 7 started. 
I1126 15:00:05.973420 988286 AriaExecutor.h:91] AriaExecutor 8 started. 
I1126 15:00:05.973460 988287 AriaExecutor.h:91] AriaExecutor 9 started. 
I1126 15:00:05.973501 988288 AriaExecutor.h:91] AriaExecutor 10 started. 
I1126 15:00:05.973552 988289 AriaExecutor.h:91] AriaExecutor 11 started. 
I1126 15:00:05.973579 988282 AriaExecutor.h:91] AriaExecutor 4 started. 
I1126 15:00:05.973582 988290 Manager.h:224] Manager(worker id = 12) on the coordinator node started.
I1126 15:00:06.973649 988262 Coordinator.h:126] commit: 863440 abort: 448560 (0/448560/0), network size: 0, avg network size: 0, si_in_serializable: 0 0 %, local: 0 %
I1126 15:00:07.973766 988262 Coordinator.h:126] commit: 846397 abort: 439603 (0/439603/0), network size: 0, avg network size: 0, si_in_serializable: 0 0 %, local: 0 %
I1126 15:00:08.973870 988262 Coordinator.h:126] commit: 869639 abort: 453361 (0/453361/0), network size: 0, avg network size: 0, si_in_serializable: 0 0 %, local: 0 %
I1126 15:00:09.973950 988262 Coordinator.h:126] commit: 857534 abort: 445466 (0/445466/0), network size: 0, avg network size: 0, si_in_serializable: 0 0 %, local: 0 %
I1126 15:00:10.974031 988262 Coordinator.h:126] commit: 868313 abort: 453687 (0/453687/0), network size: 0, avg network size: 0, si_in_serializable: 0 0 %, local: 0 %
I1126 15:00:11.974129 988262 Coordinator.h:126] commit: 861122 abort: 446878 (0/446878/0), network size: 0, avg network size: 0, si_in_serializable: 0 0 %, local: 0 %
I1126 15:00:12.974241 988262 Coordinator.h:126] commit: 866370 abort: 451630 (0/451630/0), network size: 0, avg network size: 0, si_in_serializable: 0 0 %, local: 0 %
I1126 15:00:13.974327 988262 Coordinator.h:126] commit: 836518 abort: 435482 (0/435482/0), network size: 0, avg network size: 0, si_in_serializable: 0 0 %, local: 0 %
I1126 15:00:14.974423 988262 Coordinator.h:126] commit: 870841 abort: 452159 (0/452159/0), network size: 0, avg network size: 0, si_in_serializable: 0 0 %, local: 0 %
I1126 15:00:15.974527 988262 Coordinator.h:126] commit: 871477 abort: 452523 (0/452523/0), network size: 0, avg network size: 0, si_in_serializable: 0 0 %, local: 0 %
I1126 15:00:16.974632 988262 Coordinator.h:126] commit: 869526 abort: 452218 (0/452218/0), network size: 0, avg network size: 0, si_in_serializable: 0 0 %, local: 0 %
I1126 15:00:17.974733 988262 Coordinator.h:126] commit: 872862 abort: 453393 (0/453393/0), network size: 0, avg network size: 0, si_in_serializable: 0 0 %, local: 0 %
I1126 15:00:18.974817 988262 Coordinator.h:126] commit: 869914 abort: 452086 (0/452086/0), network size: 0, avg network size: 0, si_in_serializable: 0 0 %, local: 0 %
I1126 15:00:19.974944 988262 Coordinator.h:126] commit: 858170 abort: 445830 (0/445830/0), network size: 0, avg network size: 0, si_in_serializable: 0 0 %, local: 0 %
I1126 15:00:20.975046 988262 Coordinator.h:126] commit: 796396 abort: 414604 (0/414604/0), network size: 0, avg network size: 0, si_in_serializable: 0 0 %, local: 0 %
I1126 15:00:21.975147 988262 Coordinator.h:126] commit: 870243 abort: 452757 (0/452757/0), network size: 0, avg network size: 0, si_in_serializable: 0 0 %, local: 0 %
I1126 15:00:22.975236 988262 Coordinator.h:126] commit: 869614 abort: 451700 (0/451700/0), network size: 0, avg network size: 0, si_in_serializable: 0 0 %, local: 0 %
I1126 15:00:23.975334 988262 Coordinator.h:126] commit: 870989 abort: 452697 (0/452697/0), network size: 0, avg network size: 0, si_in_serializable: 0 0 %, local: 0 %
I1126 15:00:24.975419 988262 Coordinator.h:126] commit: 868963 abort: 451037 (0/451037/0), network size: 0, avg network size: 0, si_in_serializable: 0 0 %, local: 0 %
I1126 15:00:25.975525 988262 Coordinator.h:126] commit: 868787 abort: 452213 (0/452213/0), network size: 0, avg network size: 0, si_in_serializable: 0 0 %, local: 0 %
I1126 15:00:26.975629 988262 Coordinator.h:126] commit: 868123 abort: 452877 (0/452877/0), network size: 0, avg network size: 0, si_in_serializable: 0 0 %, local: 0 %
I1126 15:00:27.975728 988262 Coordinator.h:126] commit: 870573 abort: 453427 (0/453427/0), network size: 0, avg network size: 0, si_in_serializable: 0 0 %, local: 0 %
I1126 15:00:28.975821 988262 Coordinator.h:126] commit: 864713 abort: 452287 (0/452287/0), network size: 0, avg network size: 0, si_in_serializable: 0 0 %, local: 0 %
I1126 15:00:29.975924 988262 Coordinator.h:126] commit: 871040 abort: 453960 (0/453960/0), network size: 0, avg network size: 0, si_in_serializable: 0 0 %, local: 0 %
I1126 15:00:30.976011 988262 Coordinator.h:126] commit: 865714 abort: 449286 (0/449286/0), network size: 0, avg network size: 0, si_in_serializable: 0 0 %, local: 0 %
I1126 15:00:30.976047 988262 Coordinator.h:152] average commit: 861546 abort: 447854 (0/447854/0), network size: 0, avg network size: 0, si_in_serializable: 0 0 %, local: 0 %
I1126 15:00:30.976426 988290 Manager.h:227] Manager(worker id = 12) on the coordinator node exits.
I1126 15:00:30.976428 988278 AriaExecutor.h:103] AriaExecutor 0 exits. 
I1126 15:00:30.976433 988280 AriaExecutor.h:103] AriaExecutor 2 exits. 
I1126 15:00:30.976441 988283 AriaExecutor.h:103] AriaExecutor 5 exits. 
I1126 15:00:30.976431 988286 AriaExecutor.h:103] AriaExecutor 8 exits. 
I1126 15:00:30.976431 988284 AriaExecutor.h:103] AriaExecutor 6 exits. 
I1126 15:00:30.976431 988288 AriaExecutor.h:103] AriaExecutor 10 exits. 
I1126 15:00:30.976442 988289 AriaExecutor.h:103] AriaExecutor 11 exits. 
I1126 15:00:30.976442 988285 AriaExecutor.h:103] AriaExecutor 7 exits. 
I1126 15:00:30.976431 988282 AriaExecutor.h:103] AriaExecutor 4 exits. 
I1126 15:00:30.976442 988281 AriaExecutor.h:103] AriaExecutor 3 exits. 
I1126 15:00:30.976444 988279 AriaExecutor.h:103] AriaExecutor 1 exits. 
I1126 15:00:30.976444 988287 AriaExecutor.h:103] AriaExecutor 9 exits. 
I1126 15:00:30.976056 988262 AriaExecutor.h:649] Worker 0 latency: 594 us (50%) 648 us (75%) 686 us (95%) 701 us (99%).
I1126 15:00:31.043874 988262 AriaExecutor.h:649] Worker 1 latency: 591 us (50%) 646 us (75%) 685 us (95%) 700 us (99%).
I1126 15:00:31.119840 988262 AriaExecutor.h:649] Worker 2 latency: 595 us (50%) 648 us (75%) 686 us (95%) 701 us (99%).
I1126 15:00:31.187359 988262 AriaExecutor.h:649] Worker 3 latency: 594 us (50%) 647 us (75%) 685 us (95%) 700 us (99%).
I1126 15:00:31.264683 988262 AriaExecutor.h:649] Worker 4 latency: 595 us (50%) 647 us (75%) 685 us (95%) 701 us (99%).
I1126 15:00:31.334193 988262 AriaExecutor.h:649] Worker 5 latency: 592 us (50%) 645 us (75%) 684 us (95%) 700 us (99%).
I1126 15:00:31.410487 988262 AriaExecutor.h:649] Worker 6 latency: 597 us (50%) 648 us (75%) 685 us (95%) 701 us (99%).
I1126 15:00:31.477459 988262 AriaExecutor.h:649] Worker 7 latency: 593 us (50%) 646 us (75%) 684 us (95%) 700 us (99%).
I1126 15:00:31.552853 988262 AriaExecutor.h:649] Worker 8 latency: 597 us (50%) 649 us (75%) 686 us (95%) 701 us (99%).
I1126 15:00:31.620223 988262 AriaExecutor.h:649] Worker 9 latency: 595 us (50%) 647 us (75%) 684 us (95%) 700 us (99%).
I1126 15:00:31.695688 988262 AriaExecutor.h:649] Worker 10 latency: 596 us (50%) 648 us (75%) 685 us (95%) 701 us (99%).
I1126 15:00:31.763479 988262 AriaExecutor.h:649] Worker 11 latency: 594 us (50%) 646 us (75%) 684 us (95%) 700 us (99%).
I1126 15:00:31.837999 988262 Coordinator.h:177] total commit: 861546
I1126 15:00:32.838110 988262 Coordinator.h:192] Coordinator exits.
