I0911 22:39:41.772181 2937441 Database.h:65] ycsb initialization finished in 145 milliseconds.
I0911 22:39:41.772306 2937441 Coordinator.h:30] Coordinator initializes 16 workers.
I0911 22:39:41.802896 2937441 Coordinator.h:77] Coordinator starts to run 17 workers.
I0911 22:39:41.802953 2937461 AriaExecutor.h:82] AriaExecutor 0 started. 
I0911 22:39:41.803001 2937462 AriaExecutor.h:82] AriaExecutor 1 started. 
I0911 22:39:41.803053 2937463 AriaExecutor.h:82] AriaExecutor 2 started. 
I0911 22:39:41.803109 2937464 AriaExecutor.h:82] AriaExecutor 3 started. 
I0911 22:39:41.803150 2937465 AriaExecutor.h:82] AriaExecutor 4 started. 
I0911 22:39:41.803203 2937466 AriaExecutor.h:82] AriaExecutor 5 started. 
I0911 22:39:41.803256 2937467 AriaExecutor.h:82] AriaExecutor 6 started. 
I0911 22:39:41.803308 2937468 AriaExecutor.h:82] AriaExecutor 7 started. 
I0911 22:39:41.803354 2937469 AriaExecutor.h:82] AriaExecutor 8 started. 
I0911 22:39:41.803417 2937470 AriaExecutor.h:82] AriaExecutor 9 started. 
I0911 22:39:41.803463 2937471 AriaExecutor.h:82] AriaExecutor 10 started. 
I0911 22:39:41.803514 2937472 AriaExecutor.h:82] AriaExecutor 11 started. 
I0911 22:39:41.803567 2937473 AriaExecutor.h:82] AriaExecutor 12 started. 
I0911 22:39:41.803620 2937474 AriaExecutor.h:82] AriaExecutor 13 started. 
I0911 22:39:41.803661 2937475 AriaExecutor.h:82] AriaExecutor 14 started. 
I0911 22:39:41.803711 2937476 AriaExecutor.h:82] AriaExecutor 15 started. 
I0911 22:39:41.803755 2937477 Manager.h:224] Manager(worker id = 16) on the coordinator node started.
I0911 22:39:42.803808 2937441 Coordinator.h:126] commit: 947343 abort: 121713 (0/121713/0), network size: 0, avg network size: 0, si_in_serializable: 0 0 %, local: 0 %
I0911 22:39:43.803932 2937441 Coordinator.h:126] commit: 940113 abort: 120751 (0/120751/0), network size: 0, avg network size: 0, si_in_serializable: 0 0 %, local: 0 %
I0911 22:39:44.804026 2937441 Coordinator.h:126] commit: 910884 abort: 117212 (0/117212/0), network size: 0, avg network size: 0, si_in_serializable: 0 0 %, local: 0 %
I0911 22:39:45.804117 2937441 Coordinator.h:126] commit: 915310 abort: 116882 (0/116882/0), network size: 0, avg network size: 0, si_in_serializable: 0 0 %, local: 0 %
I0911 22:39:46.804232 2937441 Coordinator.h:126] commit: 939370 abort: 121494 (0/121494/0), network size: 0, avg network size: 0, si_in_serializable: 0 0 %, local: 0 %
I0911 22:39:47.804337 2937441 Coordinator.h:126] commit: 954915 abort: 122333 (0/122333/0), network size: 0, avg network size: 0, si_in_serializable: 0 0 %, local: 0 %
I0911 22:39:48.804422 2937441 Coordinator.h:126] commit: 954845 abort: 122403 (0/122403/0), network size: 0, avg network size: 0, si_in_serializable: 0 0 %, local: 0 %
I0911 22:39:49.804507 2937441 Coordinator.h:126] commit: 953914 abort: 123334 (0/123334/0), network size: 0, avg network size: 0, si_in_serializable: 0 0 %, local: 0 %
I0911 22:39:50.804593 2937441 Coordinator.h:126] commit: 932764 abort: 119908 (0/119908/0), network size: 0, avg network size: 0, si_in_serializable: 0 0 %, local: 0 %
I0911 22:39:51.804687 2937441 Coordinator.h:126] commit: 939411 abort: 121453 (0/121453/0), network size: 0, avg network size: 0, si_in_serializable: 0 0 %, local: 0 %
I0911 22:39:52.804776 2937441 Coordinator.h:126] commit: 925168 abort: 119312 (0/119312/0), network size: 0, avg network size: 0, si_in_serializable: 0 0 %, local: 0 %
I0911 22:39:53.804858 2937441 Coordinator.h:126] commit: 939600 abort: 121264 (0/121264/0), network size: 0, avg network size: 0, si_in_serializable: 0 0 %, local: 0 %
I0911 22:39:54.804972 2937441 Coordinator.h:126] commit: 954109 abort: 123139 (0/123139/0), network size: 0, avg network size: 0, si_in_serializable: 0 0 %, local: 0 %
I0911 22:39:55.805068 2937441 Coordinator.h:126] commit: 954495 abort: 122753 (0/122753/0), network size: 0, avg network size: 0, si_in_serializable: 0 0 %, local: 0 %
I0911 22:39:56.805152 2937441 Coordinator.h:126] commit: 954219 abort: 123029 (0/123029/0), network size: 0, avg network size: 0, si_in_serializable: 0 0 %, local: 0 %
I0911 22:39:57.805236 2937441 Coordinator.h:126] commit: 954861 abort: 122387 (0/122387/0), network size: 0, avg network size: 0, si_in_serializable: 0 0 %, local: 0 %
I0911 22:39:58.805323 2937441 Coordinator.h:126] commit: 954152 abort: 123096 (0/123096/0), network size: 0, avg network size: 0, si_in_serializable: 0 0 %, local: 0 %
I0911 22:39:59.805416 2937441 Coordinator.h:126] commit: 911084 abort: 117012 (0/117012/0), network size: 0, avg network size: 0, si_in_serializable: 0 0 %, local: 0 %
I0911 22:40:00.805507 2937441 Coordinator.h:126] commit: 956187 abort: 124000 (0/124000/0), network size: 0, avg network size: 0, si_in_serializable: 0 0 %, local: 0 %
I0911 22:40:01.805594 2937441 Coordinator.h:126] commit: 955273 abort: 123132 (0/123132/0), network size: 0, avg network size: 0, si_in_serializable: 0 0 %, local: 0 %
I0911 22:40:02.805680 2937441 Coordinator.h:126] commit: 954449 abort: 122799 (0/122799/0), network size: 0, avg network size: 0, si_in_serializable: 0 0 %, local: 0 %
I0911 22:40:03.805769 2937441 Coordinator.h:126] commit: 954514 abort: 122734 (0/122734/0), network size: 0, avg network size: 0, si_in_serializable: 0 0 %, local: 0 %
I0911 22:40:04.805855 2937441 Coordinator.h:126] commit: 954346 abort: 122902 (0/122902/0), network size: 0, avg network size: 0, si_in_serializable: 0 0 %, local: 0 %
I0911 22:40:05.805943 2937441 Coordinator.h:126] commit: 954196 abort: 123052 (0/123052/0), network size: 0, avg network size: 0, si_in_serializable: 0 0 %, local: 0 %
I0911 22:40:06.806030 2937441 Coordinator.h:126] commit: 946306 abort: 122750 (0/122750/0), network size: 0, avg network size: 0, si_in_serializable: 0 0 %, local: 0 %
I0911 22:40:06.806057 2937441 Coordinator.h:152] average commit: 945915 abort: 121912 (0/121912/0), network size: 0, avg network size: 0, si_in_serializable: 0 0 %, local: 0 %
I0911 22:40:06.807502 2937473 AriaExecutor.h:94] AriaExecutor 12 exits. 
I0911 22:40:06.807505 2937469 AriaExecutor.h:94] AriaExecutor 8 exits. 
I0911 22:40:06.807504 2937467 AriaExecutor.h:94] AriaExecutor 6 exits. 
I0911 22:40:06.807503 2937477 Manager.h:227] Manager(worker id = 16) on the coordinator node exits.
I0911 22:40:06.807504 2937461 AriaExecutor.h:94] AriaExecutor 0 exits. 
I0911 22:40:06.807516 2937470 AriaExecutor.h:94] AriaExecutor 9 exits. 
I0911 22:40:06.807513 2937476 AriaExecutor.h:94] AriaExecutor 15 exits. 
I0911 22:40:06.807514 2937466 AriaExecutor.h:94] AriaExecutor 5 exits. 
I0911 22:40:06.807502 2937475 AriaExecutor.h:94] AriaExecutor 14 exits. 
I0911 22:40:06.807516 2937472 AriaExecutor.h:94] AriaExecutor 11 exits. 
I0911 22:40:06.807513 2937474 AriaExecutor.h:94] AriaExecutor 13 exits. 
I0911 22:40:06.807516 2937464 AriaExecutor.h:94] AriaExecutor 3 exits. 
I0911 22:40:06.807507 2937471 AriaExecutor.h:94] AriaExecutor 10 exits. 
I0911 22:40:06.807518 2937468 AriaExecutor.h:94] AriaExecutor 7 exits. 
I0911 22:40:06.807519 2937462 AriaExecutor.h:94] AriaExecutor 1 exits. 
I0911 22:40:06.807503 2937463 AriaExecutor.h:94] AriaExecutor 2 exits. 
I0911 22:40:06.807507 2937465 AriaExecutor.h:94] AriaExecutor 4 exits. 
I0911 22:40:06.806069 2937441 AriaExecutor.h:535] Worker 0 latency: 2452 us (50%) 3067 us (75%) 3530 us (95%) 3623 us (99%).
I0911 22:40:06.867010 2937441 AriaExecutor.h:535] Worker 1 latency: 2451 us (50%) 3065 us (75%) 3527 us (95%) 3621 us (99%).
I0911 22:40:06.934348 2937441 AriaExecutor.h:535] Worker 2 latency: 2464 us (50%) 3072 us (75%) 3531 us (95%) 3624 us (99%).
I0911 22:40:06.994686 2937441 AriaExecutor.h:535] Worker 3 latency: 2452 us (50%) 3065 us (75%) 3528 us (95%) 3621 us (99%).
I0911 22:40:07.062927 2937441 AriaExecutor.h:535] Worker 4 latency: 2449 us (50%) 3065 us (75%) 3530 us (95%) 3623 us (99%).
I0911 22:40:07.124230 2937441 AriaExecutor.h:535] Worker 5 latency: 2450 us (50%) 3064 us (75%) 3528 us (95%) 3622 us (99%).
I0911 22:40:07.192384 2937441 AriaExecutor.h:535] Worker 6 latency: 2462 us (50%) 3071 us (75%) 3531 us (95%) 3624 us (99%).
I0911 22:40:07.254576 2937441 AriaExecutor.h:535] Worker 7 latency: 2449 us (50%) 3063 us (75%) 3527 us (95%) 3621 us (99%).
I0911 22:40:07.323159 2937441 AriaExecutor.h:535] Worker 8 latency: 2452 us (50%) 3065 us (75%) 3529 us (95%) 3623 us (99%).
I0911 22:40:07.385095 2937441 AriaExecutor.h:535] Worker 9 latency: 2450 us (50%) 3063 us (75%) 3526 us (95%) 3621 us (99%).
I0911 22:40:07.452560 2937441 AriaExecutor.h:535] Worker 10 latency: 2464 us (50%) 3070 us (75%) 3530 us (95%) 3623 us (99%).
I0911 22:40:07.515226 2937441 AriaExecutor.h:535] Worker 11 latency: 2453 us (50%) 3064 us (75%) 3527 us (95%) 3621 us (99%).
I0911 22:40:07.583768 2937441 AriaExecutor.h:535] Worker 12 latency: 2460 us (50%) 3068 us (75%) 3529 us (95%) 3623 us (99%).
I0911 22:40:07.645254 2937441 AriaExecutor.h:535] Worker 13 latency: 2449 us (50%) 3062 us (75%) 3527 us (95%) 3621 us (99%).
I0911 22:40:07.713191 2937441 AriaExecutor.h:535] Worker 14 latency: 2467 us (50%) 3072 us (75%) 3530 us (95%) 3624 us (99%).
I0911 22:40:07.774924 2937441 AriaExecutor.h:535] Worker 15 latency: 2452 us (50%) 3064 us (75%) 3527 us (95%) 3621 us (99%).
I0911 22:40:07.842837 2937441 Coordinator.h:177] total commit: 945915
I0911 22:40:08.842949 2937441 Coordinator.h:192] Coordinator exits.
