I1126 13:37:45.635138 939434 Database.h:65] ycsb initialization finished in 30 milliseconds.
I1126 13:37:45.635242 939434 Coordinator.h:30] Coordinator initializes 12 workers.
I1126 13:37:45.706693 939434 Coordinator.h:77] Coordinator starts to run 13 workers.
I1126 13:37:45.706763 939450 AriaExecutor.h:82] AriaExecutor 0 started. 
I1126 13:37:45.706785 939451 AriaExecutor.h:82] AriaExecutor 1 started. 
I1126 13:37:45.706880 939453 AriaExecutor.h:82] AriaExecutor 3 started. 
I1126 13:37:45.706921 939454 AriaExecutor.h:82] AriaExecutor 4 started. 
I1126 13:37:45.706964 939455 AriaExecutor.h:82] AriaExecutor 5 started. 
I1126 13:37:45.707007 939456 AriaExecutor.h:82] AriaExecutor 6 started. 
I1126 13:37:45.707046 939457 AriaExecutor.h:82] AriaExecutor 7 started. 
I1126 13:37:45.707080 939458 AriaExecutor.h:82] AriaExecutor 8 started. 
I1126 13:37:45.707119 939459 AriaExecutor.h:82] AriaExecutor 9 started. 
I1126 13:37:45.707163 939460 AriaExecutor.h:82] AriaExecutor 10 started. 
I1126 13:37:45.707208 939461 AriaExecutor.h:82] AriaExecutor 11 started. 
I1126 13:37:45.707238 939452 AriaExecutor.h:82] AriaExecutor 2 started. 
I1126 13:37:45.707245 939462 Manager.h:224] Manager(worker id = 12) on the coordinator node started.
I1126 13:37:46.707307 939434 Coordinator.h:126] commit: 509562 abort: 280438 (0/280438/0), network size: 0, avg network size: 0, si_in_serializable: 0 0 %, local: 0 %
I1126 13:37:47.707441 939434 Coordinator.h:126] commit: 503503 abort: 276497 (0/276497/0), network size: 0, avg network size: 0, si_in_serializable: 0 0 %, local: 0 %
I1126 13:37:48.707584 939434 Coordinator.h:126] commit: 510422 abort: 279578 (0/279578/0), network size: 0, avg network size: 0, si_in_serializable: 0 0 %, local: 0 %
I1126 13:37:49.707695 939434 Coordinator.h:126] commit: 510390 abort: 279610 (0/279610/0), network size: 0, avg network size: 0, si_in_serializable: 0 0 %, local: 0 %
I1126 13:37:50.707799 939434 Coordinator.h:126] commit: 516469 abort: 283531 (0/283531/0), network size: 0, avg network size: 0, si_in_serializable: 0 0 %, local: 0 %
I1126 13:37:51.707901 939434 Coordinator.h:126] commit: 510208 abort: 279795 (0/279795/0), network size: 0, avg network size: 0, si_in_serializable: 0 0 %, local: 0 %
I1126 13:37:52.708031 939434 Coordinator.h:126] commit: 510860 abort: 279137 (0/279137/0), network size: 0, avg network size: 0, si_in_serializable: 0 0 %, local: 0 %
I1126 13:37:53.708143 939434 Coordinator.h:126] commit: 510637 abort: 279363 (0/279363/0), network size: 0, avg network size: 0, si_in_serializable: 0 0 %, local: 0 %
I1126 13:37:54.708246 939434 Coordinator.h:126] commit: 516675 abort: 283325 (0/283325/0), network size: 0, avg network size: 0, si_in_serializable: 0 0 %, local: 0 %
I1126 13:37:55.708346 939434 Coordinator.h:126] commit: 509709 abort: 280291 (0/280291/0), network size: 0, avg network size: 0, si_in_serializable: 0 0 %, local: 0 %
I1126 13:37:56.708449 939434 Coordinator.h:126] commit: 516476 abort: 283524 (0/283524/0), network size: 0, avg network size: 0, si_in_serializable: 0 0 %, local: 0 %
I1126 13:37:57.708544 939434 Coordinator.h:126] commit: 516242 abort: 283758 (0/283758/0), network size: 0, avg network size: 0, si_in_serializable: 0 0 %, local: 0 %
I1126 13:37:58.708643 939434 Coordinator.h:126] commit: 497198 abort: 272802 (0/272802/0), network size: 0, avg network size: 0, si_in_serializable: 0 0 %, local: 0 %
I1126 13:37:59.708736 939434 Coordinator.h:126] commit: 516970 abort: 283030 (0/283030/0), network size: 0, avg network size: 0, si_in_serializable: 0 0 %, local: 0 %
I1126 13:38:00.708861 939434 Coordinator.h:126] commit: 515937 abort: 284063 (0/284063/0), network size: 0, avg network size: 0, si_in_serializable: 0 0 %, local: 0 %
I1126 13:38:01.708983 939434 Coordinator.h:126] commit: 510297 abort: 279703 (0/279703/0), network size: 0, avg network size: 0, si_in_serializable: 0 0 %, local: 0 %
I1126 13:38:02.709084 939434 Coordinator.h:126] commit: 516580 abort: 283420 (0/283420/0), network size: 0, avg network size: 0, si_in_serializable: 0 0 %, local: 0 %
I1126 13:38:03.709189 939434 Coordinator.h:126] commit: 516572 abort: 283428 (0/283428/0), network size: 0, avg network size: 0, si_in_serializable: 0 0 %, local: 0 %
I1126 13:38:04.709287 939434 Coordinator.h:126] commit: 509953 abort: 280047 (0/280047/0), network size: 0, avg network size: 0, si_in_serializable: 0 0 %, local: 0 %
I1126 13:38:05.709388 939434 Coordinator.h:126] commit: 516152 abort: 283848 (0/283848/0), network size: 0, avg network size: 0, si_in_serializable: 0 0 %, local: 0 %
I1126 13:38:06.709489 939434 Coordinator.h:126] commit: 510693 abort: 279307 (0/279307/0), network size: 0, avg network size: 0, si_in_serializable: 0 0 %, local: 0 %
I1126 13:38:07.709590 939434 Coordinator.h:126] commit: 515866 abort: 284134 (0/284134/0), network size: 0, avg network size: 0, si_in_serializable: 0 0 %, local: 0 %
I1126 13:38:08.709692 939434 Coordinator.h:126] commit: 509574 abort: 280426 (0/280426/0), network size: 0, avg network size: 0, si_in_serializable: 0 0 %, local: 0 %
I1126 13:38:09.709796 939434 Coordinator.h:126] commit: 516274 abort: 283726 (0/283726/0), network size: 0, avg network size: 0, si_in_serializable: 0 0 %, local: 0 %
I1126 13:38:10.709897 939434 Coordinator.h:126] commit: 490881 abort: 269119 (0/269119/0), network size: 0, avg network size: 0, si_in_serializable: 0 0 %, local: 0 %
I1126 13:38:10.709926 939434 Coordinator.h:152] average commit: 513238 abort: 281762 (0/281762/0), network size: 0, avg network size: 0, si_in_serializable: 0 0 %, local: 0 %
I1126 13:38:10.715924 939456 AriaExecutor.h:94] AriaExecutor 6 exits. 
I1126 13:38:10.715934 939462 Manager.h:227] Manager(worker id = 12) on the coordinator node exits.
I1126 13:38:10.715929 939454 AriaExecutor.h:94] AriaExecutor 4 exits. 
I1126 13:38:10.715936 939455 AriaExecutor.h:94] AriaExecutor 5 exits. 
I1126 13:38:10.715929 939458 AriaExecutor.h:94] AriaExecutor 8 exits. 
I1126 13:38:10.715935 939459 AriaExecutor.h:94] AriaExecutor 9 exits. 
I1126 13:38:10.715935 939461 AriaExecutor.h:94] AriaExecutor 11 exits. 
I1126 13:38:10.715926 939452 AriaExecutor.h:94] AriaExecutor 2 exits. 
I1126 13:38:10.715936 939451 AriaExecutor.h:94] AriaExecutor 1 exits. 
I1126 13:38:10.715936 939457 AriaExecutor.h:94] AriaExecutor 7 exits. 
I1126 13:38:10.715936 939453 AriaExecutor.h:94] AriaExecutor 3 exits. 
I1126 13:38:10.715926 939450 AriaExecutor.h:94] AriaExecutor 0 exits. 
I1126 13:38:10.715926 939460 AriaExecutor.h:94] AriaExecutor 10 exits. 
I1126 13:38:10.709939 939434 AriaExecutor.h:535] Worker 0 latency: 9034 us (50%) 10610 us (75%) 11671 us (95%) 11904 us (99%).
I1126 13:38:10.759671 939434 AriaExecutor.h:535] Worker 1 latency: 8983 us (50%) 10579 us (75%) 11661 us (95%) 11893 us (99%).
I1126 13:38:10.809362 939434 AriaExecutor.h:535] Worker 2 latency: 9038 us (50%) 10609 us (75%) 11668 us (95%) 11899 us (99%).
I1126 13:38:10.858608 939434 AriaExecutor.h:535] Worker 3 latency: 8880 us (50%) 10533 us (75%) 11648 us (95%) 11887 us (99%).
I1126 13:38:10.907900 939434 AriaExecutor.h:535] Worker 4 latency: 8971 us (50%) 10578 us (75%) 11661 us (95%) 11897 us (99%).
I1126 13:38:10.956605 939434 AriaExecutor.h:535] Worker 5 latency: 8920 us (50%) 10549 us (75%) 11650 us (95%) 11885 us (99%).
I1126 13:38:11.006383 939434 AriaExecutor.h:535] Worker 6 latency: 8873 us (50%) 10531 us (75%) 11649 us (95%) 11889 us (99%).
I1126 13:38:11.055871 939434 AriaExecutor.h:535] Worker 7 latency: 8871 us (50%) 10526 us (75%) 11645 us (95%) 11884 us (99%).
I1126 13:38:11.105792 939434 AriaExecutor.h:535] Worker 8 latency: 8955 us (50%) 10570 us (75%) 11659 us (95%) 11895 us (99%).
I1126 13:38:11.154971 939434 AriaExecutor.h:535] Worker 9 latency: 8921 us (50%) 10550 us (75%) 11651 us (95%) 11887 us (99%).
I1126 13:38:11.203806 939434 AriaExecutor.h:535] Worker 10 latency: 9014 us (50%) 10596 us (75%) 11664 us (95%) 11895 us (99%).
I1126 13:38:11.253054 939434 AriaExecutor.h:535] Worker 11 latency: 8877 us (50%) 10531 us (75%) 11647 us (95%) 11886 us (99%).
I1126 13:38:11.302665 939434 Coordinator.h:177] total commit: 513238
I1126 13:38:12.302778 939434 Coordinator.h:192] Coordinator exits.
