I1126 15:41:53.257905 1015210 Database.h:65] ycsb initialization finished in 30 milliseconds.
I1126 15:41:53.258000 1015210 Coordinator.h:30] Coordinator initializes 12 workers.
I1126 15:41:53.258877 1015210 Coordinator.h:77] Coordinator starts to run 13 workers.
I1126 15:41:53.258926 1015226 AriaExecutor.h:95] AriaExecutor 0 started. 
I1126 15:41:53.258956 1015227 AriaExecutor.h:95] AriaExecutor 1 started. 
I1126 15:41:53.258996 1015228 AriaExecutor.h:95] AriaExecutor 2 started. 
I1126 15:41:53.259047 1015229 AriaExecutor.h:95] AriaExecutor 3 started. 
I1126 15:41:53.259095 1015230 AriaExecutor.h:95] AriaExecutor 4 started. 
I1126 15:41:53.259152 1015231 AriaExecutor.h:95] AriaExecutor 5 started. 
I1126 15:41:53.259197 1015232 AriaExecutor.h:95] AriaExecutor 6 started. 
I1126 15:41:53.259253 1015233 AriaExecutor.h:95] AriaExecutor 7 started. 
I1126 15:41:53.259300 1015234 AriaExecutor.h:95] AriaExecutor 8 started. 
I1126 15:41:53.259353 1015235 AriaExecutor.h:95] AriaExecutor 9 started. 
I1126 15:41:53.259400 1015236 AriaExecutor.h:95] AriaExecutor 10 started. 
I1126 15:41:53.259457 1015237 AriaExecutor.h:95] AriaExecutor 11 started. 
I1126 15:41:53.259505 1015238 Manager.h:224] Manager(worker id = 12) on the coordinator node started.
I1126 15:41:54.259569 1015210 Coordinator.h:126] commit: 1109843 abort: 876157 (0/876157/0), network size: 0, avg network size: 0, si_in_serializable: 0 0 %, local: 0 %
I1126 15:41:55.259690 1015210 Coordinator.h:126] commit: 1090269 abort: 859731 (0/859731/0), network size: 0, avg network size: 0, si_in_serializable: 0 0 %, local: 0 %
I1126 15:41:56.259812 1015210 Coordinator.h:126] commit: 1095312 abort: 869688 (0/869688/0), network size: 0, avg network size: 0, si_in_serializable: 0 0 %, local: 0 %
I1126 15:41:57.259918 1015210 Coordinator.h:126] commit: 1120633 abort: 885367 (0/885367/0), network size: 0, avg network size: 0, si_in_serializable: 0 0 %, local: 0 %
I1126 15:41:58.260020 1015210 Coordinator.h:126] commit: 1118131 abort: 883869 (0/883869/0), network size: 0, avg network size: 0, si_in_serializable: 0 0 %, local: 0 %
I1126 15:41:59.260116 1015210 Coordinator.h:126] commit: 1059118 abort: 836882 (0/836882/0), network size: 0, avg network size: 0, si_in_serializable: 0 0 %, local: 0 %
I1126 15:42:00.260241 1015210 Coordinator.h:126] commit: 1110840 abort: 876160 (0/876160/0), network size: 0, avg network size: 0, si_in_serializable: 0 0 %, local: 0 %
I1126 15:42:01.260350 1015210 Coordinator.h:126] commit: 1122044 abort: 885956 (0/885956/0), network size: 0, avg network size: 0, si_in_serializable: 0 0 %, local: 0 %
I1126 15:42:02.260445 1015210 Coordinator.h:126] commit: 1120546 abort: 885454 (0/885454/0), network size: 0, avg network size: 0, si_in_serializable: 0 0 %, local: 0 %
I1126 15:42:03.260542 1015210 Coordinator.h:126] commit: 1118741 abort: 882259 (0/882259/0), network size: 0, avg network size: 0, si_in_serializable: 0 0 %, local: 0 %
I1126 15:42:04.260639 1015210 Coordinator.h:126] commit: 1118375 abort: 884625 (0/884625/0), network size: 0, avg network size: 0, si_in_serializable: 0 0 %, local: 0 %
I1126 15:42:05.260733 1015210 Coordinator.h:126] commit: 1022401 abort: 810599 (0/810599/0), network size: 0, avg network size: 0, si_in_serializable: 0 0 %, local: 0 %
I1126 15:42:06.260823 1015210 Coordinator.h:126] commit: 1121087 abort: 885913 (0/885913/0), network size: 0, avg network size: 0, si_in_serializable: 0 0 %, local: 0 %
I1126 15:42:07.260915 1015210 Coordinator.h:126] commit: 1120961 abort: 885039 (0/885039/0), network size: 0, avg network size: 0, si_in_serializable: 0 0 %, local: 0 %
I1126 15:42:08.261013 1015210 Coordinator.h:126] commit: 1123800 abort: 886200 (0/886200/0), network size: 0, avg network size: 0, si_in_serializable: 0 0 %, local: 0 %
I1126 15:42:09.261132 1015210 Coordinator.h:126] commit: 1102756 abort: 872244 (0/872244/0), network size: 0, avg network size: 0, si_in_serializable: 0 0 %, local: 0 %
I1126 15:42:10.261236 1015210 Coordinator.h:126] commit: 1119330 abort: 886670 (0/886670/0), network size: 0, avg network size: 0, si_in_serializable: 0 0 %, local: 0 %
I1126 15:42:11.261332 1015210 Coordinator.h:126] commit: 1118060 abort: 882940 (0/882940/0), network size: 0, avg network size: 0, si_in_serializable: 0 0 %, local: 0 %
I1126 15:42:12.261426 1015210 Coordinator.h:126] commit: 1121826 abort: 887174 (0/887174/0), network size: 0, avg network size: 0, si_in_serializable: 0 0 %, local: 0 %
I1126 15:42:13.261523 1015210 Coordinator.h:126] commit: 1118661 abort: 885339 (0/885339/0), network size: 0, avg network size: 0, si_in_serializable: 0 0 %, local: 0 %
I1126 15:42:14.261618 1015210 Coordinator.h:126] commit: 1123496 abort: 887504 (0/887504/0), network size: 0, avg network size: 0, si_in_serializable: 0 0 %, local: 0 %
I1126 15:42:15.261713 1015210 Coordinator.h:126] commit: 1117235 abort: 883765 (0/883765/0), network size: 0, avg network size: 0, si_in_serializable: 0 0 %, local: 0 %
I1126 15:42:16.261806 1015210 Coordinator.h:126] commit: 995222 abort: 785762 (0/785762/0), network size: 0, avg network size: 0, si_in_serializable: 0 0 %, local: 0 %
I1126 15:42:17.261905 1015210 Coordinator.h:126] commit: 1113805 abort: 879211 (0/879211/0), network size: 0, avg network size: 0, si_in_serializable: 0 0 %, local: 0 %
I1126 15:42:18.262005 1015210 Coordinator.h:126] commit: 1120928 abort: 886072 (0/886072/0), network size: 0, avg network size: 0, si_in_serializable: 0 0 %, local: 0 %
I1126 15:42:18.262027 1015210 Coordinator.h:152] average commit: 1.10873e+06 abort: 876674 (0/876674/0), network size: 0, avg network size: 0, si_in_serializable: 0 0 %, local: 0 %
I1126 15:42:18.262578 1015236 AriaExecutor.h:107] AriaExecutor 10 exits. 
I1126 15:42:18.262585 1015234 AriaExecutor.h:107] AriaExecutor 8 exits. 
I1126 15:42:18.262580 1015232 AriaExecutor.h:107] AriaExecutor 6 exits. 
I1126 15:42:18.262594 1015237 AriaExecutor.h:107] AriaExecutor 11 exits. 
I1126 15:42:18.262581 1015226 AriaExecutor.h:107] AriaExecutor 0 exits. 
I1126 15:42:18.262581 1015230 AriaExecutor.h:107] AriaExecutor 4 exits. 
I1126 15:42:18.262594 1015233 AriaExecutor.h:107] AriaExecutor 7 exits. 
I1126 15:42:18.262583 1015228 AriaExecutor.h:107] AriaExecutor 2 exits. 
I1126 15:42:18.262594 1015227 AriaExecutor.h:107] AriaExecutor 1 exits. 
I1126 15:42:18.262598 1015235 AriaExecutor.h:107] AriaExecutor 9 exits. 
I1126 15:42:18.262594 1015229 AriaExecutor.h:107] AriaExecutor 3 exits. 
I1126 15:42:18.262598 1015231 AriaExecutor.h:107] AriaExecutor 5 exits. 
I1126 15:42:18.262593 1015238 Manager.h:227] Manager(worker id = 12) on the coordinator node exits.
I1126 15:42:18.262040 1015210 AriaExecutor.h:705] Worker 0 latency: 360 us (50%) 415 us (75%) 455 us (95%) 469 us (99%).
I1126 15:42:18.353991 1015210 AriaExecutor.h:705] Worker 1 latency: 359 us (50%) 414 us (75%) 454 us (95%) 467 us (99%).
I1126 15:42:18.455592 1015210 AriaExecutor.h:705] Worker 2 latency: 361 us (50%) 415 us (75%) 455 us (95%) 468 us (99%).
I1126 15:42:18.548637 1015210 AriaExecutor.h:705] Worker 3 latency: 361 us (50%) 414 us (75%) 454 us (95%) 467 us (99%).
I1126 15:42:18.635988 1015210 AriaExecutor.h:705] Worker 4 latency: 362 us (50%) 415 us (75%) 454 us (95%) 468 us (99%).
I1126 15:42:18.720964 1015210 AriaExecutor.h:705] Worker 5 latency: 361 us (50%) 414 us (75%) 453 us (95%) 467 us (99%).
I1126 15:42:18.808959 1015210 AriaExecutor.h:705] Worker 6 latency: 363 us (50%) 415 us (75%) 454 us (95%) 468 us (99%).
I1126 15:42:18.895152 1015210 AriaExecutor.h:705] Worker 7 latency: 361 us (50%) 413 us (75%) 453 us (95%) 467 us (99%).
I1126 15:42:18.983637 1015210 AriaExecutor.h:705] Worker 8 latency: 362 us (50%) 415 us (75%) 454 us (95%) 468 us (99%).
I1126 15:42:19.073387 1015210 AriaExecutor.h:705] Worker 9 latency: 362 us (50%) 414 us (75%) 454 us (95%) 467 us (99%).
I1126 15:42:19.160290 1015210 AriaExecutor.h:705] Worker 10 latency: 362 us (50%) 415 us (75%) 454 us (95%) 468 us (99%).
I1126 15:42:19.250250 1015210 AriaExecutor.h:705] Worker 11 latency: 363 us (50%) 414 us (75%) 453 us (95%) 467 us (99%).
I1126 15:42:19.351529 1015210 Coordinator.h:177] total commit: 1.10873e+06
I1126 15:42:20.351639 1015210 Coordinator.h:192] Coordinator exits.
