I0911 22:15:31.304636 2932958 Database.h:65] ycsb initialization finished in 187 milliseconds.
I0911 22:15:31.304750 2932958 Coordinator.h:30] Coordinator initializes 16 workers.
I0911 22:15:31.320041 2932958 Coordinator.h:77] Coordinator starts to run 17 workers.
I0911 22:15:31.320098 2932978 AriaExecutor.h:82] AriaExecutor 0 started. 
I0911 22:15:31.320132 2932979 AriaExecutor.h:82] AriaExecutor 1 started. 
I0911 22:15:31.320175 2932980 AriaExecutor.h:82] AriaExecutor 2 started. 
I0911 22:15:31.320230 2932981 AriaExecutor.h:82] AriaExecutor 3 started. 
I0911 22:15:31.320253 2932982 AriaExecutor.h:82] AriaExecutor 4 started. 
I0911 22:15:31.320295 2932983 AriaExecutor.h:82] AriaExecutor 5 started. 
I0911 22:15:31.320333 2932984 AriaExecutor.h:82] AriaExecutor 6 started. 
I0911 22:15:31.320375 2932985 AriaExecutor.h:82] AriaExecutor 7 started. 
I0911 22:15:31.320403 2932986 AriaExecutor.h:82] AriaExecutor 8 started. 
I0911 22:15:31.320449 2932987 AriaExecutor.h:82] AriaExecutor 9 started. 
I0911 22:15:31.320479 2932988 AriaExecutor.h:82] AriaExecutor 10 started. 
I0911 22:15:31.320523 2932989 AriaExecutor.h:82] AriaExecutor 11 started. 
I0911 22:15:31.320554 2932990 AriaExecutor.h:82] AriaExecutor 12 started. 
I0911 22:15:31.320601 2932991 AriaExecutor.h:82] AriaExecutor 13 started. 
I0911 22:15:31.320632 2932992 AriaExecutor.h:82] AriaExecutor 14 started. 
I0911 22:15:31.320683 2932993 AriaExecutor.h:82] AriaExecutor 15 started. 
I0911 22:15:31.320717 2932994 Manager.h:224] Manager(worker id = 16) on the coordinator node started.
I0911 22:15:32.320775 2932958 Coordinator.h:126] commit: 150174 abort: 68962 (0/68962/0), network size: 0, avg network size: 0, si_in_serializable: 0 0 %, local: 0 %
I0911 22:15:33.320874 2932958 Coordinator.h:126] commit: 155566 abort: 71762 (0/71762/0), network size: 0, avg network size: 0, si_in_serializable: 0 0 %, local: 0 %
I0911 22:15:34.320948 2932958 Coordinator.h:126] commit: 151252 abort: 69932 (0/69932/0), network size: 0, avg network size: 0, si_in_serializable: 0 0 %, local: 0 %
I0911 22:15:35.321019 2932958 Coordinator.h:126] commit: 155950 abort: 71378 (0/71378/0), network size: 0, avg network size: 0, si_in_serializable: 0 0 %, local: 0 %
I0911 22:15:36.321121 2932958 Coordinator.h:126] commit: 163287 abort: 74281 (0/74281/0), network size: 0, avg network size: 0, si_in_serializable: 0 0 %, local: 0 %
I0911 22:15:37.321193 2932958 Coordinator.h:126] commit: 163135 abort: 74433 (0/74433/0), network size: 0, avg network size: 0, si_in_serializable: 0 0 %, local: 0 %
I0911 22:15:38.321260 2932958 Coordinator.h:126] commit: 162693 abort: 74875 (0/74875/0), network size: 0, avg network size: 0, si_in_serializable: 0 0 %, local: 0 %
I0911 22:15:39.321331 2932958 Coordinator.h:126] commit: 164452 abort: 74808 (0/74808/0), network size: 0, avg network size: 0, si_in_serializable: 0 0 %, local: 0 %
I0911 22:15:40.321419 2932958 Coordinator.h:126] commit: 164283 abort: 75689 (0/75689/0), network size: 0, avg network size: 0, si_in_serializable: 0 0 %, local: 0 %
I0911 22:15:41.321520 2932958 Coordinator.h:126] commit: 159874 abort: 73598 (0/73598/0), network size: 0, avg network size: 0, si_in_serializable: 0 0 %, local: 0 %
I0911 22:15:42.321614 2932958 Coordinator.h:126] commit: 164401 abort: 75215 (0/75215/0), network size: 0, avg network size: 0, si_in_serializable: 0 0 %, local: 0 %
I0911 22:15:43.321679 2932958 Coordinator.h:126] commit: 161379 abort: 74141 (0/74141/0), network size: 0, avg network size: 0, si_in_serializable: 0 0 %, local: 0 %
I0911 22:15:44.321746 2932958 Coordinator.h:126] commit: 165921 abort: 75743 (0/75743/0), network size: 0, avg network size: 0, si_in_serializable: 0 0 %, local: 0 %
I0911 22:15:45.321846 2932958 Coordinator.h:126] commit: 165400 abort: 75660 (0/75660/0), network size: 0, avg network size: 0, si_in_serializable: 0 0 %, local: 0 %
I0911 22:15:46.321929 2932958 Coordinator.h:126] commit: 166149 abort: 76119 (0/76119/0), network size: 0, avg network size: 0, si_in_serializable: 0 0 %, local: 0 %
I0911 22:15:47.322019 2932958 Coordinator.h:126] commit: 167268 abort: 76444 (0/76444/0), network size: 0, avg network size: 0, si_in_serializable: 0 0 %, local: 0 %
I0911 22:15:48.322103 2932958 Coordinator.h:126] commit: 165438 abort: 76226 (0/76226/0), network size: 0, avg network size: 0, si_in_serializable: 0 0 %, local: 0 %
I0911 22:15:49.322180 2932958 Coordinator.h:126] commit: 165805 abort: 75859 (0/75859/0), network size: 0, avg network size: 0, si_in_serializable: 0 0 %, local: 0 %
I0911 22:15:50.322265 2932958 Coordinator.h:126] commit: 166438 abort: 77274 (0/77274/0), network size: 0, avg network size: 0, si_in_serializable: 0 0 %, local: 0 %
I0911 22:15:51.322357 2932958 Coordinator.h:126] commit: 165614 abort: 76050 (0/76050/0), network size: 0, avg network size: 0, si_in_serializable: 0 0 %, local: 0 %
I0911 22:15:52.322446 2932958 Coordinator.h:126] commit: 167152 abort: 76560 (0/76560/0), network size: 0, avg network size: 0, si_in_serializable: 0 0 %, local: 0 %
I0911 22:15:53.322546 2932958 Coordinator.h:126] commit: 165893 abort: 75771 (0/75771/0), network size: 0, avg network size: 0, si_in_serializable: 0 0 %, local: 0 %
I0911 22:15:54.322638 2932958 Coordinator.h:126] commit: 162498 abort: 75070 (0/75070/0), network size: 0, avg network size: 0, si_in_serializable: 0 0 %, local: 0 %
I0911 22:15:55.322722 2932958 Coordinator.h:126] commit: 163110 abort: 74458 (0/74458/0), network size: 0, avg network size: 0, si_in_serializable: 0 0 %, local: 0 %
I0911 22:15:56.322844 2932958 Coordinator.h:126] commit: 165690 abort: 75974 (0/75974/0), network size: 0, avg network size: 0, si_in_serializable: 0 0 %, local: 0 %
I0911 22:15:56.322877 2932958 Coordinator.h:152] average commit: 165381 abort: 75873.1 (0/75873.1/0), network size: 0, avg network size: 0, si_in_serializable: 0 0 %, local: 0 %
I0911 22:15:56.326376 2932988 AriaExecutor.h:94] AriaExecutor 10 exits. 
I0911 22:15:56.326391 2932982 AriaExecutor.h:94] AriaExecutor 4 exits. 
I0911 22:15:56.326392 2932979 AriaExecutor.h:94] AriaExecutor 1 exits. 
I0911 22:15:56.326387 2932980 AriaExecutor.h:94] AriaExecutor 2 exits. 
I0911 22:15:56.326380 2932984 AriaExecutor.h:94] AriaExecutor 6 exits. 
I0911 22:15:56.326376 2932994 Manager.h:227] Manager(worker id = 16) on the coordinator node exits.
I0911 22:15:56.326392 2932981 AriaExecutor.h:94] AriaExecutor 3 exits. 
I0911 22:15:56.326388 2932992 AriaExecutor.h:94] AriaExecutor 14 exits. 
I0911 22:15:56.326390 2932978 AriaExecutor.h:94] AriaExecutor 0 exits. 
I0911 22:15:56.326395 2932985 AriaExecutor.h:94] AriaExecutor 7 exits. 
I0911 22:15:56.326392 2932989 AriaExecutor.h:94] AriaExecutor 11 exits. 
I0911 22:15:56.326395 2932983 AriaExecutor.h:94] AriaExecutor 5 exits. 
I0911 22:15:56.326395 2932993 AriaExecutor.h:94] AriaExecutor 15 exits. 
I0911 22:15:56.326376 2932990 AriaExecutor.h:94] AriaExecutor 12 exits. 
I0911 22:15:56.326393 2932991 AriaExecutor.h:94] AriaExecutor 13 exits. 
I0911 22:15:56.326392 2932987 AriaExecutor.h:94] AriaExecutor 9 exits. 
I0911 22:15:56.326388 2932986 AriaExecutor.h:94] AriaExecutor 8 exits. 
I0911 22:15:56.322887 2932958 AriaExecutor.h:535] Worker 0 latency: 6358 us (50%) 7359 us (75%) 8056 us (95%) 8494 us (99%).
I0911 22:15:56.335846 2932958 AriaExecutor.h:535] Worker 1 latency: 6341 us (50%) 7347 us (75%) 8050 us (95%) 8468 us (99%).
I0911 22:15:56.349795 2932958 AriaExecutor.h:535] Worker 2 latency: 6364 us (50%) 7363 us (75%) 8052 us (95%) 8483 us (99%).
I0911 22:15:56.362638 2932958 AriaExecutor.h:535] Worker 3 latency: 6361 us (50%) 7360 us (75%) 8053 us (95%) 8473 us (99%).
I0911 22:15:56.376462 2932958 AriaExecutor.h:535] Worker 4 latency: 6355 us (50%) 7354 us (75%) 8054 us (95%) 8486 us (99%).
I0911 22:15:56.389585 2932958 AriaExecutor.h:535] Worker 5 latency: 6327 us (50%) 7343 us (75%) 8051 us (95%) 8469 us (99%).
I0911 22:15:56.403513 2932958 AriaExecutor.h:535] Worker 6 latency: 6382 us (50%) 7369 us (75%) 8056 us (95%) 8479 us (99%).
I0911 22:15:56.416208 2932958 AriaExecutor.h:535] Worker 7 latency: 6334 us (50%) 7343 us (75%) 8049 us (95%) 8467 us (99%).
I0911 22:15:56.430047 2932958 AriaExecutor.h:535] Worker 8 latency: 6334 us (50%) 7345 us (75%) 8050 us (95%) 8478 us (99%).
I0911 22:15:56.442821 2932958 AriaExecutor.h:535] Worker 9 latency: 6343 us (50%) 7349 us (75%) 8051 us (95%) 8472 us (99%).
I0911 22:15:56.456486 2932958 AriaExecutor.h:535] Worker 10 latency: 6383 us (50%) 7367 us (75%) 8052 us (95%) 8479 us (99%).
I0911 22:15:56.469242 2932958 AriaExecutor.h:535] Worker 11 latency: 6347 us (50%) 7347 us (75%) 8047 us (95%) 8467 us (99%).
I0911 22:15:56.483036 2932958 AriaExecutor.h:535] Worker 12 latency: 6376 us (50%) 7367 us (75%) 8053 us (95%) 8482 us (99%).
I0911 22:15:56.495803 2932958 AriaExecutor.h:535] Worker 13 latency: 6335 us (50%) 7347 us (75%) 8052 us (95%) 8471 us (99%).
I0911 22:15:56.509615 2932958 AriaExecutor.h:535] Worker 14 latency: 6388 us (50%) 7367 us (75%) 8053 us (95%) 8473 us (99%).
I0911 22:15:56.522399 2932958 AriaExecutor.h:535] Worker 15 latency: 6366 us (50%) 7358 us (75%) 8051 us (95%) 8486 us (99%).
I0911 22:15:56.536128 2932958 Coordinator.h:177] total commit: 165381
I0911 22:15:57.536239 2932958 Coordinator.h:192] Coordinator exits.
