I0911 22:40:09.529321 2937533 Database.h:65] ycsb initialization finished in 146 milliseconds.
I0911 22:40:09.529433 2937533 Coordinator.h:30] Coordinator initializes 16 workers.
I0911 22:40:09.648537 2937533 Coordinator.h:77] Coordinator starts to run 17 workers.
I0911 22:40:09.648600 2937553 AriaExecutor.h:82] AriaExecutor 0 started. 
I0911 22:40:09.648633 2937554 AriaExecutor.h:82] AriaExecutor 1 started. 
I0911 22:40:09.648676 2937555 AriaExecutor.h:82] AriaExecutor 2 started. 
I0911 22:40:09.648726 2937556 AriaExecutor.h:82] AriaExecutor 3 started. 
I0911 22:40:09.648747 2937557 AriaExecutor.h:82] AriaExecutor 4 started. 
I0911 22:40:09.648795 2937558 AriaExecutor.h:82] AriaExecutor 5 started. 
I0911 22:40:09.648828 2937559 AriaExecutor.h:82] AriaExecutor 6 started. 
I0911 22:40:09.648871 2937560 AriaExecutor.h:82] AriaExecutor 7 started. 
I0911 22:40:09.648914 2937561 AriaExecutor.h:82] AriaExecutor 8 started. 
I0911 22:40:09.648960 2937562 AriaExecutor.h:82] AriaExecutor 9 started. 
I0911 22:40:09.648996 2937563 AriaExecutor.h:82] AriaExecutor 10 started. 
I0911 22:40:09.649039 2937564 AriaExecutor.h:82] AriaExecutor 11 started. 
I0911 22:40:09.649075 2937565 AriaExecutor.h:82] AriaExecutor 12 started. 
I0911 22:40:09.649116 2937566 AriaExecutor.h:82] AriaExecutor 13 started. 
I0911 22:40:09.649156 2937567 AriaExecutor.h:82] AriaExecutor 14 started. 
I0911 22:40:09.649199 2937568 AriaExecutor.h:82] AriaExecutor 15 started. 
I0911 22:40:09.649235 2937569 Manager.h:224] Manager(worker id = 16) on the coordinator node started.
I0911 22:40:10.649302 2937533 Coordinator.h:126] commit: 650620 abort: 261380 (0/261380/0), network size: 0, avg network size: 0, si_in_serializable: 0 0 %, local: 0 %
I0911 22:40:11.649421 2937533 Coordinator.h:126] commit: 672836 abort: 271164 (0/271164/0), network size: 0, avg network size: 0, si_in_serializable: 0 0 %, local: 0 %
I0911 22:40:12.649523 2937533 Coordinator.h:126] commit: 661512 abort: 266488 (0/266488/0), network size: 0, avg network size: 0, si_in_serializable: 0 0 %, local: 0 %
I0911 22:40:13.649618 2937533 Coordinator.h:126] commit: 649964 abort: 262036 (0/262036/0), network size: 0, avg network size: 0, si_in_serializable: 0 0 %, local: 0 %
I0911 22:40:14.649708 2937533 Coordinator.h:126] commit: 672603 abort: 271397 (0/271397/0), network size: 0, avg network size: 0, si_in_serializable: 0 0 %, local: 0 %
I0911 22:40:15.649835 2937533 Coordinator.h:126] commit: 683894 abort: 276106 (0/276106/0), network size: 0, avg network size: 0, si_in_serializable: 0 0 %, local: 0 %
I0911 22:40:16.649942 2937533 Coordinator.h:126] commit: 672569 abort: 271431 (0/271431/0), network size: 0, avg network size: 0, si_in_serializable: 0 0 %, local: 0 %
I0911 22:40:17.650036 2937533 Coordinator.h:126] commit: 684227 abort: 275773 (0/275773/0), network size: 0, avg network size: 0, si_in_serializable: 0 0 %, local: 0 %
I0911 22:40:18.650126 2937533 Coordinator.h:126] commit: 684544 abort: 275456 (0/275456/0), network size: 0, avg network size: 0, si_in_serializable: 0 0 %, local: 0 %
I0911 22:40:19.650224 2937533 Coordinator.h:126] commit: 696396 abort: 279556 (0/279556/0), network size: 0, avg network size: 0, si_in_serializable: 0 0 %, local: 0 %
I0911 22:40:20.650321 2937533 Coordinator.h:126] commit: 675111 abort: 271730 (0/271730/0), network size: 0, avg network size: 0, si_in_serializable: 0 0 %, local: 0 %
I0911 22:40:21.650413 2937533 Coordinator.h:126] commit: 670497 abort: 270710 (0/270710/0), network size: 0, avg network size: 0, si_in_serializable: 0 0 %, local: 0 %
I0911 22:40:22.650503 2937533 Coordinator.h:126] commit: 661544 abort: 266456 (0/266456/0), network size: 0, avg network size: 0, si_in_serializable: 0 0 %, local: 0 %
I0911 22:40:23.650633 2937533 Coordinator.h:126] commit: 673009 abort: 270991 (0/270991/0), network size: 0, avg network size: 0, si_in_serializable: 0 0 %, local: 0 %
I0911 22:40:24.650730 2937533 Coordinator.h:126] commit: 688565 abort: 275525 (0/275525/0), network size: 0, avg network size: 0, si_in_serializable: 0 0 %, local: 0 %
I0911 22:40:25.650831 2937533 Coordinator.h:126] commit: 692806 abort: 279104 (0/279104/0), network size: 0, avg network size: 0, si_in_serializable: 0 0 %, local: 0 %
I0911 22:40:26.650928 2937533 Coordinator.h:126] commit: 684096 abort: 275904 (0/275904/0), network size: 0, avg network size: 0, si_in_serializable: 0 0 %, local: 0 %
I0911 22:40:27.651018 2937533 Coordinator.h:126] commit: 684286 abort: 275714 (0/275714/0), network size: 0, avg network size: 0, si_in_serializable: 0 0 %, local: 0 %
I0911 22:40:28.651108 2937533 Coordinator.h:126] commit: 684060 abort: 275940 (0/275940/0), network size: 0, avg network size: 0, si_in_serializable: 0 0 %, local: 0 %
I0911 22:40:29.651207 2937533 Coordinator.h:126] commit: 684527 abort: 275473 (0/275473/0), network size: 0, avg network size: 0, si_in_serializable: 0 0 %, local: 0 %
I0911 22:40:30.651309 2937533 Coordinator.h:126] commit: 683275 abort: 276725 (0/276725/0), network size: 0, avg network size: 0, si_in_serializable: 0 0 %, local: 0 %
I0911 22:40:31.651402 2937533 Coordinator.h:126] commit: 695460 abort: 280540 (0/280540/0), network size: 0, avg network size: 0, si_in_serializable: 0 0 %, local: 0 %
I0911 22:40:32.651502 2937533 Coordinator.h:126] commit: 684761 abort: 275239 (0/275239/0), network size: 0, avg network size: 0, si_in_serializable: 0 0 %, local: 0 %
I0911 22:40:33.651576 2937533 Coordinator.h:126] commit: 683912 abort: 276088 (0/276088/0), network size: 0, avg network size: 0, si_in_serializable: 0 0 %, local: 0 %
I0911 22:40:34.651652 2937533 Coordinator.h:126] commit: 649559 abort: 262441 (0/262441/0), network size: 0, avg network size: 0, si_in_serializable: 0 0 %, local: 0 %
I0911 22:40:34.651669 2937533 Coordinator.h:152] average commit: 679850 abort: 273755 (0/273755/0), network size: 0, avg network size: 0, si_in_serializable: 0 0 %, local: 0 %
I0911 22:40:34.666332 2937565 AriaExecutor.h:94] AriaExecutor 12 exits. 
I0911 22:40:34.666334 2937563 AriaExecutor.h:94] AriaExecutor 10 exits. 
I0911 22:40:34.666334 2937569 Manager.h:227] Manager(worker id = 16) on the coordinator node exits.
I0911 22:40:34.666347 2937562 AriaExecutor.h:94] AriaExecutor 9 exits. 
I0911 22:40:34.666337 2937559 AriaExecutor.h:94] AriaExecutor 6 exits. 
I0911 22:40:34.666333 2937567 AriaExecutor.h:94] AriaExecutor 14 exits. 
I0911 22:40:34.666334 2937557 AriaExecutor.h:94] AriaExecutor 4 exits. 
I0911 22:40:34.666337 2937553 AriaExecutor.h:94] AriaExecutor 0 exits. 
I0911 22:40:34.666337 2937561 AriaExecutor.h:94] AriaExecutor 8 exits. 
I0911 22:40:34.666347 2937560 AriaExecutor.h:94] AriaExecutor 7 exits. 
I0911 22:40:34.666347 2937564 AriaExecutor.h:94] AriaExecutor 11 exits. 
I0911 22:40:34.666347 2937554 AriaExecutor.h:94] AriaExecutor 1 exits. 
I0911 22:40:34.666347 2937556 AriaExecutor.h:94] AriaExecutor 3 exits. 
I0911 22:40:34.666347 2937568 AriaExecutor.h:94] AriaExecutor 15 exits. 
I0911 22:40:34.666348 2937558 AriaExecutor.h:94] AriaExecutor 5 exits. 
I0911 22:40:34.666347 2937566 AriaExecutor.h:94] AriaExecutor 13 exits. 
I0911 22:40:34.666334 2937555 AriaExecutor.h:94] AriaExecutor 2 exits. 
I0911 22:40:34.651676 2937533 AriaExecutor.h:535] Worker 0 latency: 11603 us (50%) 13696 us (75%) 15119 us (95%) 15592 us (99%).
I0911 22:40:34.697952 2937533 AriaExecutor.h:535] Worker 1 latency: 11575 us (50%) 13678 us (75%) 15112 us (95%) 15512 us (99%).
I0911 22:40:34.743884 2937533 AriaExecutor.h:535] Worker 2 latency: 11609 us (50%) 13694 us (75%) 15113 us (95%) 15537 us (99%).
I0911 22:40:34.789706 2937533 AriaExecutor.h:535] Worker 3 latency: 11606 us (50%) 13698 us (75%) 15119 us (95%) 15538 us (99%).
I0911 22:40:34.835606 2937533 AriaExecutor.h:535] Worker 4 latency: 11608 us (50%) 13696 us (75%) 15118 us (95%) 15543 us (99%).
I0911 22:40:34.881909 2937533 AriaExecutor.h:535] Worker 5 latency: 11597 us (50%) 13694 us (75%) 15122 us (95%) 15519 us (99%).
I0911 22:40:34.927760 2937533 AriaExecutor.h:535] Worker 6 latency: 11630 us (50%) 13706 us (75%) 15118 us (95%) 15545 us (99%).
I0911 22:40:34.973942 2937533 AriaExecutor.h:535] Worker 7 latency: 11598 us (50%) 13698 us (75%) 15121 us (95%) 15541 us (99%).
I0911 22:40:35.020854 2937533 AriaExecutor.h:535] Worker 8 latency: 11598 us (50%) 13688 us (75%) 15111 us (95%) 15512 us (99%).
I0911 22:40:35.065992 2937533 AriaExecutor.h:535] Worker 9 latency: 11569 us (50%) 13678 us (75%) 15113 us (95%) 15525 us (99%).
I0911 22:40:35.111797 2937533 AriaExecutor.h:535] Worker 10 latency: 11603 us (50%) 13689 us (75%) 15112 us (95%) 15578 us (99%).
I0911 22:40:35.157531 2937533 AriaExecutor.h:535] Worker 11 latency: 11576 us (50%) 13670 us (75%) 15111 us (95%) 15536 us (99%).
I0911 22:40:35.203747 2937533 AriaExecutor.h:535] Worker 12 latency: 11588 us (50%) 13684 us (75%) 15110 us (95%) 15528 us (99%).
I0911 22:40:35.249923 2937533 AriaExecutor.h:535] Worker 13 latency: 11593 us (50%) 13692 us (75%) 15119 us (95%) 15531 us (99%).
I0911 22:40:35.296844 2937533 AriaExecutor.h:535] Worker 14 latency: 11600 us (50%) 13685 us (75%) 15108 us (95%) 15521 us (99%).
I0911 22:40:35.341733 2937533 AriaExecutor.h:535] Worker 15 latency: 11595 us (50%) 13691 us (75%) 15115 us (95%) 15536 us (99%).
I0911 22:40:35.387473 2937533 Coordinator.h:177] total commit: 679850
I0911 22:40:36.387589 2937533 Coordinator.h:192] Coordinator exits.
