I1126 15:21:00.378525 1001722 Database.h:65] ycsb initialization finished in 30 milliseconds.
I1126 15:21:00.378620 1001722 Coordinator.h:30] Coordinator initializes 12 workers.
I1126 15:21:00.379516 1001722 Coordinator.h:77] Coordinator starts to run 13 workers.
I1126 15:21:00.379565 1001738 AriaExecutor.h:95] AriaExecutor 0 started. 
I1126 15:21:00.379592 1001739 AriaExecutor.h:95] AriaExecutor 1 started. 
I1126 15:21:00.379683 1001741 AriaExecutor.h:95] AriaExecutor 3 started. 
I1126 15:21:00.379721 1001742 AriaExecutor.h:95] AriaExecutor 4 started. 
I1126 15:21:00.379768 1001743 AriaExecutor.h:95] AriaExecutor 5 started. 
I1126 15:21:00.379799 1001744 AriaExecutor.h:95] AriaExecutor 6 started. 
I1126 15:21:00.379855 1001745 AriaExecutor.h:95] AriaExecutor 7 started. 
I1126 15:21:00.379899 1001746 AriaExecutor.h:95] AriaExecutor 8 started. 
I1126 15:21:00.379935 1001747 AriaExecutor.h:95] AriaExecutor 9 started. 
I1126 15:21:00.379971 1001748 AriaExecutor.h:95] AriaExecutor 10 started. 
I1126 15:21:00.380016 1001749 AriaExecutor.h:95] AriaExecutor 11 started. 
I1126 15:21:00.380045 1001740 AriaExecutor.h:95] AriaExecutor 2 started. 
I1126 15:21:00.380050 1001750 Manager.h:224] Manager(worker id = 12) on the coordinator node started.
I1126 15:21:01.380115 1001722 Coordinator.h:126] commit: 1224692 abort: 40308 (0/40308/0), network size: 0, avg network size: 0, si_in_serializable: 0 0 %, local: 0 %
I1126 15:21:02.380236 1001722 Coordinator.h:126] commit: 1207361 abort: 39639 (0/39639/0), network size: 0, avg network size: 0, si_in_serializable: 0 0 %, local: 0 %
I1126 15:21:03.380360 1001722 Coordinator.h:126] commit: 1218595 abort: 40405 (0/40405/0), network size: 0, avg network size: 0, si_in_serializable: 0 0 %, local: 0 %
I1126 15:21:04.380475 1001722 Coordinator.h:126] commit: 1233250 abort: 40750 (0/40750/0), network size: 0, avg network size: 0, si_in_serializable: 0 0 %, local: 0 %
I1126 15:21:05.380580 1001722 Coordinator.h:126] commit: 1231440 abort: 40560 (0/40560/0), network size: 0, avg network size: 0, si_in_serializable: 0 0 %, local: 0 %
I1126 15:21:06.380686 1001722 Coordinator.h:126] commit: 1202251 abort: 39749 (0/39749/0), network size: 0, avg network size: 0, si_in_serializable: 0 0 %, local: 0 %
I1126 15:21:07.380805 1001722 Coordinator.h:126] commit: 1215009 abort: 39991 (0/39991/0), network size: 0, avg network size: 0, si_in_serializable: 0 0 %, local: 0 %
I1126 15:21:08.380897 1001722 Coordinator.h:126] commit: 1231296 abort: 40704 (0/40704/0), network size: 0, avg network size: 0, si_in_serializable: 0 0 %, local: 0 %
I1126 15:21:09.380990 1001722 Coordinator.h:126] commit: 1231380 abort: 40620 (0/40620/0), network size: 0, avg network size: 0, si_in_serializable: 0 0 %, local: 0 %
I1126 15:21:10.381096 1001722 Coordinator.h:126] commit: 1232219 abort: 40781 (0/40781/0), network size: 0, avg network size: 0, si_in_serializable: 0 0 %, local: 0 %
I1126 15:21:11.381202 1001722 Coordinator.h:126] commit: 1160812 abort: 38188 (0/38188/0), network size: 0, avg network size: 0, si_in_serializable: 0 0 %, local: 0 %
I1126 15:21:12.381294 1001722 Coordinator.h:126] commit: 1233031 abort: 40969 (0/40969/0), network size: 0, avg network size: 0, si_in_serializable: 0 0 %, local: 0 %
I1126 15:21:13.381381 1001722 Coordinator.h:126] commit: 1229325 abort: 40675 (0/40675/0), network size: 0, avg network size: 0, si_in_serializable: 0 0 %, local: 0 %
I1126 15:21:14.381465 1001722 Coordinator.h:126] commit: 1216653 abort: 40347 (0/40347/0), network size: 0, avg network size: 0, si_in_serializable: 0 0 %, local: 0 %
I1126 15:21:15.381570 1001722 Coordinator.h:126] commit: 1228270 abort: 40921 (0/40921/0), network size: 0, avg network size: 0, si_in_serializable: 0 0 %, local: 0 %
I1126 15:21:16.381695 1001722 Coordinator.h:126] commit: 1231573 abort: 41236 (0/41236/0), network size: 0, avg network size: 0, si_in_serializable: 0 0 %, local: 0 %
I1126 15:21:17.381795 1001722 Coordinator.h:126] commit: 1232329 abort: 40671 (0/40671/0), network size: 0, avg network size: 0, si_in_serializable: 0 0 %, local: 0 %
I1126 15:21:18.381901 1001722 Coordinator.h:126] commit: 1234752 abort: 40868 (0/40868/0), network size: 0, avg network size: 0, si_in_serializable: 0 0 %, local: 0 %
I1126 15:21:19.382002 1001722 Coordinator.h:126] commit: 1232966 abort: 40413 (0/40413/0), network size: 0, avg network size: 0, si_in_serializable: 0 0 %, local: 0 %
I1126 15:21:20.382105 1001722 Coordinator.h:126] commit: 1232394 abort: 40606 (0/40606/0), network size: 0, avg network size: 0, si_in_serializable: 0 0 %, local: 0 %
I1126 15:21:21.382217 1001722 Coordinator.h:126] commit: 1077256 abort: 35744 (0/35744/0), network size: 0, avg network size: 0, si_in_serializable: 0 0 %, local: 0 %
I1126 15:21:22.382320 1001722 Coordinator.h:126] commit: 1234098 abort: 40902 (0/40902/0), network size: 0, avg network size: 0, si_in_serializable: 0 0 %, local: 0 %
I1126 15:21:23.382416 1001722 Coordinator.h:126] commit: 1235172 abort: 40828 (0/40828/0), network size: 0, avg network size: 0, si_in_serializable: 0 0 %, local: 0 %
I1126 15:21:24.382503 1001722 Coordinator.h:126] commit: 1233989 abort: 41011 (0/41011/0), network size: 0, avg network size: 0, si_in_serializable: 0 0 %, local: 0 %
I1126 15:21:25.382601 1001722 Coordinator.h:126] commit: 1233522 abort: 40478 (0/40478/0), network size: 0, avg network size: 0, si_in_serializable: 0 0 %, local: 0 %
I1126 15:21:25.382637 1001722 Coordinator.h:152] average commit: 1.22321e+06 abort: 40489.4 (0/40489.4/0), network size: 0, avg network size: 0, si_in_serializable: 0 0 %, local: 0 %
I1126 15:21:25.382942 1001744 AriaExecutor.h:107] AriaExecutor 6 exits. 
I1126 15:21:25.382951 1001750 Manager.h:227] Manager(worker id = 12) on the coordinator node exits.
I1126 15:21:25.382944 1001742 AriaExecutor.h:107] AriaExecutor 4 exits. 
I1126 15:21:25.382942 1001748 AriaExecutor.h:107] AriaExecutor 10 exits. 
I1126 15:21:25.382963 1001739 AriaExecutor.h:107] AriaExecutor 1 exits. 
I1126 15:21:25.382956 1001747 AriaExecutor.h:107] AriaExecutor 9 exits. 
I1126 15:21:25.382956 1001745 AriaExecutor.h:107] AriaExecutor 7 exits. 
I1126 15:21:25.382958 1001738 AriaExecutor.h:107] AriaExecutor 0 exits. 
I1126 15:21:25.382946 1001746 AriaExecutor.h:107] AriaExecutor 8 exits. 
I1126 15:21:25.382956 1001749 AriaExecutor.h:107] AriaExecutor 11 exits. 
I1126 15:21:25.382956 1001741 AriaExecutor.h:107] AriaExecutor 3 exits. 
I1126 15:21:25.382942 1001740 AriaExecutor.h:107] AriaExecutor 2 exits. 
I1126 15:21:25.382956 1001743 AriaExecutor.h:107] AriaExecutor 5 exits. 
I1126 15:21:25.382645 1001722 AriaExecutor.h:705] Worker 0 latency: 596 us (50%) 649 us (75%) 695 us (95%) 712 us (99%).
I1126 15:21:25.473037 1001722 AriaExecutor.h:705] Worker 1 latency: 593 us (50%) 648 us (75%) 694 us (95%) 711 us (99%).
I1126 15:21:25.563946 1001722 AriaExecutor.h:705] Worker 2 latency: 596 us (50%) 649 us (75%) 695 us (95%) 712 us (99%).
I1126 15:21:25.652958 1001722 AriaExecutor.h:705] Worker 3 latency: 596 us (50%) 649 us (75%) 694 us (95%) 711 us (99%).
I1126 15:21:25.744304 1001722 AriaExecutor.h:705] Worker 4 latency: 597 us (50%) 649 us (75%) 694 us (95%) 711 us (99%).
I1126 15:21:25.831617 1001722 AriaExecutor.h:705] Worker 5 latency: 595 us (50%) 648 us (75%) 694 us (95%) 710 us (99%).
I1126 15:21:25.920944 1001722 AriaExecutor.h:705] Worker 6 latency: 600 us (50%) 651 us (75%) 695 us (95%) 711 us (99%).
I1126 15:21:26.012346 1001722 AriaExecutor.h:705] Worker 7 latency: 597 us (50%) 648 us (75%) 694 us (95%) 710 us (99%).
I1126 15:21:26.103332 1001722 AriaExecutor.h:705] Worker 8 latency: 599 us (50%) 650 us (75%) 695 us (95%) 711 us (99%).
I1126 15:21:26.190961 1001722 AriaExecutor.h:705] Worker 9 latency: 598 us (50%) 650 us (75%) 694 us (95%) 711 us (99%).
I1126 15:21:26.282164 1001722 AriaExecutor.h:705] Worker 10 latency: 599 us (50%) 650 us (75%) 695 us (95%) 711 us (99%).
I1126 15:21:26.370110 1001722 AriaExecutor.h:705] Worker 11 latency: 598 us (50%) 649 us (75%) 694 us (95%) 711 us (99%).
I1126 15:21:26.461467 1001722 Coordinator.h:177] total commit: 1.22321e+06
I1126 15:21:27.461588 1001722 Coordinator.h:192] Coordinator exits.
