I1126 16:06:16.396448 1030868 Database.h:65] ycsb initialization finished in 30 milliseconds.
I1126 16:06:16.396548 1030868 Coordinator.h:30] Coordinator initializes 12 workers.
I1126 16:06:16.468364 1030868 Coordinator.h:77] Coordinator starts to run 13 workers.
I1126 16:06:16.468431 1030884 AriaExecutor.h:93] AriaExecutor 0 started. 
I1126 16:06:16.468465 1030885 AriaExecutor.h:93] AriaExecutor 1 started. 
I1126 16:06:16.468513 1030886 AriaExecutor.h:93] AriaExecutor 2 started. 
I1126 16:06:16.468554 1030887 AriaExecutor.h:93] AriaExecutor 3 started. 
I1126 16:06:16.468632 1030889 AriaExecutor.h:93] AriaExecutor 5 started. 
I1126 16:06:16.468672 1030890 AriaExecutor.h:93] AriaExecutor 6 started. 
I1126 16:06:16.468709 1030891 AriaExecutor.h:93] AriaExecutor 7 started. 
I1126 16:06:16.468745 1030892 AriaExecutor.h:93] AriaExecutor 8 started. 
I1126 16:06:16.468789 1030893 AriaExecutor.h:93] AriaExecutor 9 started. 
I1126 16:06:16.468829 1030894 AriaExecutor.h:93] AriaExecutor 10 started. 
I1126 16:06:16.468865 1030895 AriaExecutor.h:93] AriaExecutor 11 started. 
I1126 16:06:16.468896 1030888 AriaExecutor.h:93] AriaExecutor 4 started. 
I1126 16:06:16.468899 1030896 Manager.h:224] Manager(worker id = 12) on the coordinator node started.
I1126 16:06:17.468963 1030868 Coordinator.h:126] commit: 711075 abort: 228925 (0/228925/0), network size: 0, avg network size: 0, si_in_serializable: 0 0 %, local: 0 %
I1126 16:06:18.469085 1030868 Coordinator.h:126] commit: 703590 abort: 226410 (0/226410/0), network size: 0, avg network size: 0, si_in_serializable: 0 0 %, local: 0 %
I1126 16:06:19.469199 1030868 Coordinator.h:126] commit: 703659 abort: 226341 (0/226341/0), network size: 0, avg network size: 0, si_in_serializable: 0 0 %, local: 0 %
I1126 16:06:20.469293 1030868 Coordinator.h:126] commit: 719151 abort: 230849 (0/230849/0), network size: 0, avg network size: 0, si_in_serializable: 0 0 %, local: 0 %
I1126 16:06:21.469403 1030868 Coordinator.h:126] commit: 711823 abort: 228177 (0/228177/0), network size: 0, avg network size: 0, si_in_serializable: 0 0 %, local: 0 %
I1126 16:06:22.469506 1030868 Coordinator.h:126] commit: 719388 abort: 230612 (0/230612/0), network size: 0, avg network size: 0, si_in_serializable: 0 0 %, local: 0 %
I1126 16:06:23.469610 1030868 Coordinator.h:126] commit: 703535 abort: 226465 (0/226465/0), network size: 0, avg network size: 0, si_in_serializable: 0 0 %, local: 0 %
I1126 16:06:24.469722 1030868 Coordinator.h:126] commit: 719210 abort: 230790 (0/230790/0), network size: 0, avg network size: 0, si_in_serializable: 0 0 %, local: 0 %
I1126 16:06:25.469852 1030868 Coordinator.h:126] commit: 704011 abort: 225989 (0/225989/0), network size: 0, avg network size: 0, si_in_serializable: 0 0 %, local: 0 %
I1126 16:06:26.469971 1030868 Coordinator.h:126] commit: 718864 abort: 231136 (0/231136/0), network size: 0, avg network size: 0, si_in_serializable: 0 0 %, local: 0 %
I1126 16:06:27.470073 1030868 Coordinator.h:126] commit: 710835 abort: 229165 (0/229165/0), network size: 0, avg network size: 0, si_in_serializable: 0 0 %, local: 0 %
I1126 16:06:28.470155 1030868 Coordinator.h:126] commit: 719315 abort: 230685 (0/230685/0), network size: 0, avg network size: 0, si_in_serializable: 0 0 %, local: 0 %
I1126 16:06:29.470237 1030868 Coordinator.h:126] commit: 711699 abort: 228301 (0/228301/0), network size: 0, avg network size: 0, si_in_serializable: 0 0 %, local: 0 %
I1126 16:06:30.470338 1030868 Coordinator.h:126] commit: 703451 abort: 226549 (0/226549/0), network size: 0, avg network size: 0, si_in_serializable: 0 0 %, local: 0 %
I1126 16:06:31.470471 1030868 Coordinator.h:126] commit: 718933 abort: 231067 (0/231067/0), network size: 0, avg network size: 0, si_in_serializable: 0 0 %, local: 0 %
I1126 16:06:32.470570 1030868 Coordinator.h:126] commit: 710528 abort: 229472 (0/229472/0), network size: 0, avg network size: 0, si_in_serializable: 0 0 %, local: 0 %
I1126 16:06:33.470649 1030868 Coordinator.h:126] commit: 719104 abort: 230896 (0/230896/0), network size: 0, avg network size: 0, si_in_serializable: 0 0 %, local: 0 %
I1126 16:06:34.470733 1030868 Coordinator.h:126] commit: 689081 abort: 220919 (0/220919/0), network size: 0, avg network size: 0, si_in_serializable: 0 0 %, local: 0 %
I1126 16:06:35.470824 1030868 Coordinator.h:126] commit: 711717 abort: 228283 (0/228283/0), network size: 0, avg network size: 0, si_in_serializable: 0 0 %, local: 0 %
I1126 16:06:36.470932 1030868 Coordinator.h:126] commit: 718987 abort: 231013 (0/231013/0), network size: 0, avg network size: 0, si_in_serializable: 0 0 %, local: 0 %
I1126 16:06:37.471027 1030868 Coordinator.h:126] commit: 719161 abort: 230839 (0/230839/0), network size: 0, avg network size: 0, si_in_serializable: 0 0 %, local: 0 %
I1126 16:06:38.471115 1030868 Coordinator.h:126] commit: 711226 abort: 228774 (0/228774/0), network size: 0, avg network size: 0, si_in_serializable: 0 0 %, local: 0 %
I1126 16:06:39.471200 1030868 Coordinator.h:126] commit: 718926 abort: 231074 (0/231074/0), network size: 0, avg network size: 0, si_in_serializable: 0 0 %, local: 0 %
I1126 16:06:40.471308 1030868 Coordinator.h:126] commit: 719824 abort: 230176 (0/230176/0), network size: 0, avg network size: 0, si_in_serializable: 0 0 %, local: 0 %
I1126 16:06:41.471418 1030868 Coordinator.h:126] commit: 703578 abort: 226422 (0/226422/0), network size: 0, avg network size: 0, si_in_serializable: 0 0 %, local: 0 %
I1126 16:06:41.471443 1030868 Coordinator.h:152] average commit: 711365 abort: 228635 (0/228635/0), network size: 0, avg network size: 0, si_in_serializable: 0 0 %, local: 0 %
I1126 16:06:41.475737 1030890 AriaExecutor.h:105] AriaExecutor 6 exits. 
I1126 16:06:41.475741 1030892 AriaExecutor.h:105] AriaExecutor 8 exits. 
I1126 16:06:41.475751 1030895 AriaExecutor.h:105] AriaExecutor 11 exits. 
I1126 16:06:41.475740 1030886 AriaExecutor.h:105] AriaExecutor 2 exits. 
I1126 16:06:41.475739 1030884 AriaExecutor.h:105] AriaExecutor 0 exits. 
I1126 16:06:41.475750 1030887 AriaExecutor.h:105] AriaExecutor 3 exits. 
I1126 16:06:41.475750 1030891 AriaExecutor.h:105] AriaExecutor 7 exits. 
I1126 16:06:41.475741 1030894 AriaExecutor.h:105] AriaExecutor 10 exits. 
I1126 16:06:41.475751 1030889 AriaExecutor.h:105] AriaExecutor 5 exits. 
I1126 16:06:41.475737 1030896 Manager.h:227] Manager(worker id = 12) on the coordinator node exits.
I1126 16:06:41.475750 1030885 AriaExecutor.h:105] AriaExecutor 1 exits. 
I1126 16:06:41.475754 1030893 AriaExecutor.h:105] AriaExecutor 9 exits. 
I1126 16:06:41.475739 1030888 AriaExecutor.h:105] AriaExecutor 4 exits. 
I1126 16:06:41.471452 1030868 AriaExecutor.h:672] Worker 0 latency: 6596 us (50%) 8460 us (75%) 9805 us (95%) 10066 us (99%).
I1126 16:06:41.538529 1030868 AriaExecutor.h:672] Worker 1 latency: 6577 us (50%) 8446 us (75%) 9799 us (95%) 10060 us (99%).
I1126 16:06:41.605908 1030868 AriaExecutor.h:672] Worker 2 latency: 6598 us (50%) 8463 us (75%) 9803 us (95%) 10062 us (99%).
I1126 16:06:41.674780 1030868 AriaExecutor.h:672] Worker 3 latency: 6567 us (50%) 8443 us (75%) 9798 us (95%) 10060 us (99%).
I1126 16:06:41.741814 1030868 AriaExecutor.h:672] Worker 4 latency: 6582 us (50%) 8451 us (75%) 9803 us (95%) 10065 us (99%).
I1126 16:06:41.809175 1030868 AriaExecutor.h:672] Worker 5 latency: 6552 us (50%) 8433 us (75%) 9796 us (95%) 10058 us (99%).
I1126 16:06:41.876739 1030868 AriaExecutor.h:672] Worker 6 latency: 6560 us (50%) 8443 us (75%) 9800 us (95%) 10062 us (99%).
I1126 16:06:41.945173 1030868 AriaExecutor.h:672] Worker 7 latency: 6560 us (50%) 8437 us (75%) 9796 us (95%) 10058 us (99%).
I1126 16:06:42.012439 1030868 AriaExecutor.h:672] Worker 8 latency: 6575 us (50%) 8446 us (75%) 9801 us (95%) 10063 us (99%).
I1126 16:06:42.079746 1030868 AriaExecutor.h:672] Worker 9 latency: 6572 us (50%) 8442 us (75%) 9798 us (95%) 10059 us (99%).
I1126 16:06:42.146808 1030868 AriaExecutor.h:672] Worker 10 latency: 6570 us (50%) 8443 us (75%) 9799 us (95%) 10060 us (99%).
I1126 16:06:42.213750 1030868 AriaExecutor.h:672] Worker 11 latency: 6542 us (50%) 8427 us (75%) 9796 us (95%) 10060 us (99%).
I1126 16:06:42.281819 1030868 Coordinator.h:177] total commit: 711365
I1126 16:06:43.281952 1030868 Coordinator.h:192] Coordinator exits.
