I1126 13:33:45.678977 936858 Database.h:65] ycsb initialization finished in 30 milliseconds.
I1126 13:33:45.679076 936858 Coordinator.h:30] Coordinator initializes 12 workers.
I1126 13:33:45.686699 936858 Coordinator.h:77] Coordinator starts to run 13 workers.
I1126 13:33:45.686762 936874 AriaExecutor.h:82] AriaExecutor 0 started. 
I1126 13:33:45.686791 936875 AriaExecutor.h:82] AriaExecutor 1 started. 
I1126 13:33:45.686832 936876 AriaExecutor.h:82] AriaExecutor 2 started. 
I1126 13:33:45.686883 936877 AriaExecutor.h:82] AriaExecutor 3 started. 
I1126 13:33:45.686960 936879 AriaExecutor.h:82] AriaExecutor 5 started. 
I1126 13:33:45.687000 936880 AriaExecutor.h:82] AriaExecutor 6 started. 
I1126 13:33:45.687038 936881 AriaExecutor.h:82] AriaExecutor 7 started. 
I1126 13:33:45.687072 936882 AriaExecutor.h:82] AriaExecutor 8 started. 
I1126 13:33:45.687127 936883 AriaExecutor.h:82] AriaExecutor 9 started. 
I1126 13:33:45.687162 936884 AriaExecutor.h:82] AriaExecutor 10 started. 
I1126 13:33:45.687213 936885 AriaExecutor.h:82] AriaExecutor 11 started. 
I1126 13:33:45.687251 936878 AriaExecutor.h:82] AriaExecutor 4 started. 
I1126 13:33:45.687254 936886 Manager.h:224] Manager(worker id = 12) on the coordinator node started.
I1126 13:33:46.687311 936858 Coordinator.h:126] commit: 822899 abort: 27101 (0/27101/0), network size: 0, avg network size: 0, si_in_serializable: 0 0 %, local: 0 %
I1126 13:33:47.687418 936858 Coordinator.h:126] commit: 809171 abort: 26829 (0/26829/0), network size: 0, avg network size: 0, si_in_serializable: 0 0 %, local: 0 %
I1126 13:33:48.687517 936858 Coordinator.h:126] commit: 830637 abort: 27363 (0/27363/0), network size: 0, avg network size: 0, si_in_serializable: 0 0 %, local: 0 %
I1126 13:33:49.687597 936858 Coordinator.h:126] commit: 825824 abort: 27176 (0/27176/0), network size: 0, avg network size: 0, si_in_serializable: 0 0 %, local: 0 %
I1126 13:33:50.687680 936858 Coordinator.h:126] commit: 832202 abort: 27798 (0/27798/0), network size: 0, avg network size: 0, si_in_serializable: 0 0 %, local: 0 %
I1126 13:33:51.687768 936858 Coordinator.h:126] commit: 824689 abort: 27311 (0/27311/0), network size: 0, avg network size: 0, si_in_serializable: 0 0 %, local: 0 %
I1126 13:33:52.687865 936858 Coordinator.h:126] commit: 829628 abort: 27372 (0/27372/0), network size: 0, avg network size: 0, si_in_serializable: 0 0 %, local: 0 %
I1126 13:33:53.687944 936858 Coordinator.h:126] commit: 809923 abort: 27077 (0/27077/0), network size: 0, avg network size: 0, si_in_serializable: 0 0 %, local: 0 %
I1126 13:33:54.688030 936858 Coordinator.h:126] commit: 833475 abort: 27525 (0/27525/0), network size: 0, avg network size: 0, si_in_serializable: 0 0 %, local: 0 %
I1126 13:33:55.688134 936858 Coordinator.h:126] commit: 833577 abort: 27423 (0/27423/0), network size: 0, avg network size: 0, si_in_serializable: 0 0 %, local: 0 %
I1126 13:33:56.688235 936858 Coordinator.h:126] commit: 834313 abort: 27687 (0/27687/0), network size: 0, avg network size: 0, si_in_serializable: 0 0 %, local: 0 %
I1126 13:33:57.688336 936858 Coordinator.h:126] commit: 834515 abort: 27485 (0/27485/0), network size: 0, avg network size: 0, si_in_serializable: 0 0 %, local: 0 %
I1126 13:33:58.688436 936858 Coordinator.h:126] commit: 833315 abort: 27663 (0/27663/0), network size: 0, avg network size: 0, si_in_serializable: 0 0 %, local: 0 %
I1126 13:33:59.688531 936858 Coordinator.h:126] commit: 820056 abort: 26966 (0/26966/0), network size: 0, avg network size: 0, si_in_serializable: 0 0 %, local: 0 %
I1126 13:34:00.688645 936858 Coordinator.h:126] commit: 833405 abort: 27595 (0/27595/0), network size: 0, avg network size: 0, si_in_serializable: 0 0 %, local: 0 %
I1126 13:34:01.688760 936858 Coordinator.h:126] commit: 786938 abort: 26062 (0/26062/0), network size: 0, avg network size: 0, si_in_serializable: 0 0 %, local: 0 %
I1126 13:34:02.688864 936858 Coordinator.h:126] commit: 830563 abort: 27437 (0/27437/0), network size: 0, avg network size: 0, si_in_serializable: 0 0 %, local: 0 %
I1126 13:34:03.688963 936858 Coordinator.h:126] commit: 834713 abort: 27287 (0/27287/0), network size: 0, avg network size: 0, si_in_serializable: 0 0 %, local: 0 %
I1126 13:34:04.689062 936858 Coordinator.h:126] commit: 832319 abort: 27681 (0/27681/0), network size: 0, avg network size: 0, si_in_serializable: 0 0 %, local: 0 %
I1126 13:34:05.689164 936858 Coordinator.h:126] commit: 835287 abort: 27713 (0/27713/0), network size: 0, avg network size: 0, si_in_serializable: 0 0 %, local: 0 %
I1126 13:34:06.689270 936858 Coordinator.h:126] commit: 832558 abort: 27442 (0/27442/0), network size: 0, avg network size: 0, si_in_serializable: 0 0 %, local: 0 %
I1126 13:34:07.689370 936858 Coordinator.h:126] commit: 834158 abort: 27842 (0/27842/0), network size: 0, avg network size: 0, si_in_serializable: 0 0 %, local: 0 %
I1126 13:34:08.689446 936858 Coordinator.h:126] commit: 829750 abort: 27250 (0/27250/0), network size: 0, avg network size: 0, si_in_serializable: 0 0 %, local: 0 %
I1126 13:34:09.689531 936858 Coordinator.h:126] commit: 833567 abort: 27433 (0/27433/0), network size: 0, avg network size: 0, si_in_serializable: 0 0 %, local: 0 %
I1126 13:34:10.689625 936858 Coordinator.h:126] commit: 831714 abort: 27286 (0/27286/0), network size: 0, avg network size: 0, si_in_serializable: 0 0 %, local: 0 %
I1126 13:34:10.689649 936858 Coordinator.h:152] average commit: 827542 abort: 27357.6 (0/27357.6/0), network size: 0, avg network size: 0, si_in_serializable: 0 0 %, local: 0 %
I1126 13:34:10.690511 936876 AriaExecutor.h:94] AriaExecutor 2 exits. 
I1126 13:34:10.690517 936882 AriaExecutor.h:94] AriaExecutor 8 exits. 
I1126 13:34:10.690514 936878 AriaExecutor.h:94] AriaExecutor 4 exits. 
I1126 13:34:10.690513 936884 AriaExecutor.h:94] AriaExecutor 10 exits. 
I1126 13:34:10.690526 936879 AriaExecutor.h:94] AriaExecutor 5 exits. 
I1126 13:34:10.690514 936880 AriaExecutor.h:94] AriaExecutor 6 exits. 
I1126 13:34:10.690527 936885 AriaExecutor.h:94] AriaExecutor 11 exits. 
I1126 13:34:10.690527 936875 AriaExecutor.h:94] AriaExecutor 1 exits. 
I1126 13:34:10.690526 936877 AriaExecutor.h:94] AriaExecutor 3 exits. 
I1126 13:34:10.690516 936874 AriaExecutor.h:94] AriaExecutor 0 exits. 
I1126 13:34:10.690517 936886 Manager.h:227] Manager(worker id = 12) on the coordinator node exits.
I1126 13:34:10.690531 936883 AriaExecutor.h:94] AriaExecutor 9 exits. 
I1126 13:34:10.690527 936881 AriaExecutor.h:94] AriaExecutor 7 exits. 
I1126 13:34:10.689658 936858 AriaExecutor.h:535] Worker 0 latency: 747 us (50%) 925 us (75%) 1066 us (95%) 1098 us (99%).
I1126 13:34:10.763334 936858 AriaExecutor.h:535] Worker 1 latency: 746 us (50%) 925 us (75%) 1066 us (95%) 1098 us (99%).
I1126 13:34:10.834956 936858 AriaExecutor.h:535] Worker 2 latency: 748 us (50%) 926 us (75%) 1066 us (95%) 1098 us (99%).
I1126 13:34:10.905953 936858 AriaExecutor.h:535] Worker 3 latency: 747 us (50%) 925 us (75%) 1066 us (95%) 1097 us (99%).
I1126 13:34:10.986222 936858 AriaExecutor.h:535] Worker 4 latency: 751 us (50%) 927 us (75%) 1066 us (95%) 1098 us (99%).
I1126 13:34:11.057570 936858 AriaExecutor.h:535] Worker 5 latency: 749 us (50%) 925 us (75%) 1066 us (95%) 1097 us (99%).
I1126 13:34:11.127746 936858 AriaExecutor.h:535] Worker 6 latency: 751 us (50%) 927 us (75%) 1067 us (95%) 1098 us (99%).
I1126 13:34:11.198745 936858 AriaExecutor.h:535] Worker 7 latency: 749 us (50%) 926 us (75%) 1066 us (95%) 1097 us (99%).
I1126 13:34:11.279404 936858 AriaExecutor.h:535] Worker 8 latency: 751 us (50%) 927 us (75%) 1067 us (95%) 1098 us (99%).
I1126 13:34:11.351429 936858 AriaExecutor.h:535] Worker 9 latency: 750 us (50%) 926 us (75%) 1066 us (95%) 1098 us (99%).
I1126 13:34:11.432669 936858 AriaExecutor.h:535] Worker 10 latency: 752 us (50%) 928 us (75%) 1067 us (95%) 1098 us (99%).
I1126 13:34:11.504269 936858 AriaExecutor.h:535] Worker 11 latency: 750 us (50%) 926 us (75%) 1066 us (95%) 1097 us (99%).
I1126 13:34:11.585120 936858 Coordinator.h:177] total commit: 827542
I1126 13:34:12.585230 936858 Coordinator.h:192] Coordinator exits.
