I0911 23:53:03.944777 2951577 Database.h:65] ycsb initialization finished in 145 milliseconds.
I0911 23:53:03.944896 2951577 Coordinator.h:30] Coordinator initializes 16 workers.
I0911 23:53:04.064159 2951577 Coordinator.h:77] Coordinator starts to run 17 workers.
I0911 23:53:04.064224 2951597 AriaExecutor.h:82] AriaExecutor 0 started. 
I0911 23:53:04.064260 2951598 AriaExecutor.h:82] AriaExecutor 1 started. 
I0911 23:53:04.064302 2951599 AriaExecutor.h:82] AriaExecutor 2 started. 
I0911 23:53:04.064353 2951600 AriaExecutor.h:82] AriaExecutor 3 started. 
I0911 23:53:04.064388 2951601 AriaExecutor.h:82] AriaExecutor 4 started. 
I0911 23:53:04.064435 2951602 AriaExecutor.h:82] AriaExecutor 5 started. 
I0911 23:53:04.064472 2951603 AriaExecutor.h:82] AriaExecutor 6 started. 
I0911 23:53:04.064509 2951604 AriaExecutor.h:82] AriaExecutor 7 started. 
I0911 23:53:04.064548 2951605 AriaExecutor.h:82] AriaExecutor 8 started. 
I0911 23:53:04.064587 2951606 AriaExecutor.h:82] AriaExecutor 9 started. 
I0911 23:53:04.064628 2951607 AriaExecutor.h:82] AriaExecutor 10 started. 
I0911 23:53:04.064677 2951608 AriaExecutor.h:82] AriaExecutor 11 started. 
I0911 23:53:04.064709 2951609 AriaExecutor.h:82] AriaExecutor 12 started. 
I0911 23:53:04.064751 2951610 AriaExecutor.h:82] AriaExecutor 13 started. 
I0911 23:53:04.064786 2951611 AriaExecutor.h:82] AriaExecutor 14 started. 
I0911 23:53:04.064826 2951612 AriaExecutor.h:82] AriaExecutor 15 started. 
I0911 23:53:04.064869 2951613 Manager.h:224] Manager(worker id = 16) on the coordinator node started.
I0911 23:53:05.064916 2951577 Coordinator.h:126] commit: 657334 abort: 254666 (0/254666/0), network size: 0, avg network size: 0, si_in_serializable: 0 0 %, local: 0 %
I0911 23:53:06.065014 2951577 Coordinator.h:126] commit: 668112 abort: 259888 (0/259888/0), network size: 0, avg network size: 0, si_in_serializable: 0 0 %, local: 0 %
I0911 23:53:07.065083 2951577 Coordinator.h:126] commit: 657914 abort: 254086 (0/254086/0), network size: 0, avg network size: 0, si_in_serializable: 0 0 %, local: 0 %
I0911 23:53:08.065153 2951577 Coordinator.h:126] commit: 656893 abort: 255107 (0/255107/0), network size: 0, avg network size: 0, si_in_serializable: 0 0 %, local: 0 %
I0911 23:53:09.065222 2951577 Coordinator.h:126] commit: 668705 abort: 259295 (0/259295/0), network size: 0, avg network size: 0, si_in_serializable: 0 0 %, local: 0 %
I0911 23:53:10.065311 2951577 Coordinator.h:126] commit: 680555 abort: 263445 (0/263445/0), network size: 0, avg network size: 0, si_in_serializable: 0 0 %, local: 0 %
I0911 23:53:11.065387 2951577 Coordinator.h:126] commit: 679888 abort: 264112 (0/264112/0), network size: 0, avg network size: 0, si_in_serializable: 0 0 %, local: 0 %
I0911 23:53:12.065460 2951577 Coordinator.h:126] commit: 692432 abort: 267568 (0/267568/0), network size: 0, avg network size: 0, si_in_serializable: 0 0 %, local: 0 %
I0911 23:53:13.065532 2951577 Coordinator.h:126] commit: 679671 abort: 264329 (0/264329/0), network size: 0, avg network size: 0, si_in_serializable: 0 0 %, local: 0 %
I0911 23:53:14.065594 2951577 Coordinator.h:126] commit: 692269 abort: 267731 (0/267731/0), network size: 0, avg network size: 0, si_in_serializable: 0 0 %, local: 0 %
I0911 23:53:15.065660 2951577 Coordinator.h:126] commit: 680953 abort: 263047 (0/263047/0), network size: 0, avg network size: 0, si_in_serializable: 0 0 %, local: 0 %
I0911 23:53:16.065729 2951577 Coordinator.h:126] commit: 691809 abort: 268191 (0/268191/0), network size: 0, avg network size: 0, si_in_serializable: 0 0 %, local: 0 %
I0911 23:53:17.065795 2951577 Coordinator.h:126] commit: 656481 abort: 255519 (0/255519/0), network size: 0, avg network size: 0, si_in_serializable: 0 0 %, local: 0 %
I0911 23:53:18.065860 2951577 Coordinator.h:126] commit: 692721 abort: 267279 (0/267279/0), network size: 0, avg network size: 0, si_in_serializable: 0 0 %, local: 0 %
I0911 23:53:19.065922 2951577 Coordinator.h:126] commit: 668456 abort: 259544 (0/259544/0), network size: 0, avg network size: 0, si_in_serializable: 0 0 %, local: 0 %
I0911 23:53:20.066025 2951577 Coordinator.h:126] commit: 680074 abort: 263926 (0/263926/0), network size: 0, avg network size: 0, si_in_serializable: 0 0 %, local: 0 %
I0911 23:53:21.066107 2951577 Coordinator.h:126] commit: 691376 abort: 268624 (0/268624/0), network size: 0, avg network size: 0, si_in_serializable: 0 0 %, local: 0 %
I0911 23:53:22.066185 2951577 Coordinator.h:126] commit: 679512 abort: 264488 (0/264488/0), network size: 0, avg network size: 0, si_in_serializable: 0 0 %, local: 0 %
I0911 23:53:23.066258 2951577 Coordinator.h:126] commit: 691585 abort: 268415 (0/268415/0), network size: 0, avg network size: 0, si_in_serializable: 0 0 %, local: 0 %
I0911 23:53:24.066332 2951577 Coordinator.h:126] commit: 692002 abort: 267998 (0/267998/0), network size: 0, avg network size: 0, si_in_serializable: 0 0 %, local: 0 %
I0911 23:53:25.066417 2951577 Coordinator.h:126] commit: 680087 abort: 263913 (0/263913/0), network size: 0, avg network size: 0, si_in_serializable: 0 0 %, local: 0 %
I0911 23:53:26.066496 2951577 Coordinator.h:126] commit: 691980 abort: 268020 (0/268020/0), network size: 0, avg network size: 0, si_in_serializable: 0 0 %, local: 0 %
I0911 23:53:27.066574 2951577 Coordinator.h:126] commit: 680268 abort: 263732 (0/263732/0), network size: 0, avg network size: 0, si_in_serializable: 0 0 %, local: 0 %
I0911 23:53:28.066651 2951577 Coordinator.h:126] commit: 691977 abort: 268023 (0/268023/0), network size: 0, avg network size: 0, si_in_serializable: 0 0 %, local: 0 %
I0911 23:53:29.066730 2951577 Coordinator.h:126] commit: 663681 abort: 256270 (0/256270/0), network size: 0, avg network size: 0, si_in_serializable: 0 0 %, local: 0 %
I0911 23:53:29.066743 2951577 Coordinator.h:152] average commit: 682497 abort: 264703 (0/264703/0), network size: 0, avg network size: 0, si_in_serializable: 0 0 %, local: 0 %
I0911 23:53:29.067276 2951613 Manager.h:227] Manager(worker id = 16) on the coordinator node exits.
I0911 23:53:29.067282 2951601 AriaExecutor.h:94] AriaExecutor 4 exits. 
I0911 23:53:29.067279 2951599 AriaExecutor.h:94] AriaExecutor 2 exits. 
I0911 23:53:29.067294 2951604 AriaExecutor.h:94] AriaExecutor 7 exits. 
I0911 23:53:29.067284 2951607 AriaExecutor.h:94] AriaExecutor 10 exits. 
I0911 23:53:29.067278 2951605 AriaExecutor.h:94] AriaExecutor 8 exits. 
I0911 23:53:29.067282 2951603 AriaExecutor.h:94] AriaExecutor 6 exits. 
I0911 23:53:29.067294 2951606 AriaExecutor.h:94] AriaExecutor 9 exits. 
I0911 23:53:29.067284 2951609 AriaExecutor.h:94] AriaExecutor 12 exits. 
I0911 23:53:29.067294 2951602 AriaExecutor.h:94] AriaExecutor 5 exits. 
I0911 23:53:29.067282 2951597 AriaExecutor.h:94] AriaExecutor 0 exits. 
I0911 23:53:29.067296 2951610 AriaExecutor.h:94] AriaExecutor 13 exits. 
I0911 23:53:29.067296 2951612 AriaExecutor.h:94] AriaExecutor 15 exits. 
I0911 23:53:29.067281 2951611 AriaExecutor.h:94] AriaExecutor 14 exits. 
I0911 23:53:29.067294 2951608 AriaExecutor.h:94] AriaExecutor 11 exits. 
I0911 23:53:29.067294 2951598 AriaExecutor.h:94] AriaExecutor 1 exits. 
I0911 23:53:29.067294 2951600 AriaExecutor.h:94] AriaExecutor 3 exits. 
I0911 23:53:29.066753 2951577 AriaExecutor.h:641] Worker 0 latency: 11679 us (50%) 13786 us (75%) 15225 us (95%) 15768 us (99%).
I0911 23:53:29.112118 2951577 AriaExecutor.h:641] Worker 1 latency: 11664 us (50%) 13776 us (75%) 15222 us (95%) 15769 us (99%).
I0911 23:53:29.158545 2951577 AriaExecutor.h:641] Worker 2 latency: 11702 us (50%) 13792 us (75%) 15223 us (95%) 15744 us (99%).
I0911 23:53:29.204213 2951577 AriaExecutor.h:641] Worker 3 latency: 11680 us (50%) 13787 us (75%) 15224 us (95%) 15762 us (99%).
I0911 23:53:29.251629 2951577 AriaExecutor.h:641] Worker 4 latency: 11669 us (50%) 13777 us (75%) 15218 us (95%) 15721 us (99%).
I0911 23:53:29.297106 2951577 AriaExecutor.h:641] Worker 5 latency: 11678 us (50%) 13785 us (75%) 15224 us (95%) 15727 us (99%).
I0911 23:53:29.343899 2951577 AriaExecutor.h:641] Worker 6 latency: 11700 us (50%) 13793 us (75%) 15222 us (95%) 15740 us (99%).
I0911 23:53:29.389309 2951577 AriaExecutor.h:641] Worker 7 latency: 11687 us (50%) 13789 us (75%) 15224 us (95%) 15741 us (99%).
I0911 23:53:29.434890 2951577 AriaExecutor.h:641] Worker 8 latency: 11681 us (50%) 13781 us (75%) 15217 us (95%) 15732 us (99%).
I0911 23:53:29.480729 2951577 AriaExecutor.h:641] Worker 9 latency: 11660 us (50%) 13776 us (75%) 15222 us (95%) 15726 us (99%).
I0911 23:53:29.526634 2951577 AriaExecutor.h:641] Worker 10 latency: 11693 us (50%) 13783 us (75%) 15217 us (95%) 15717 us (99%).
I0911 23:53:29.571961 2951577 AriaExecutor.h:641] Worker 11 latency: 11661 us (50%) 13767 us (75%) 15217 us (95%) 15758 us (99%).
I0911 23:53:29.617810 2951577 AriaExecutor.h:641] Worker 12 latency: 11696 us (50%) 13789 us (75%) 15218 us (95%) 15718 us (99%).
I0911 23:53:29.663576 2951577 AriaExecutor.h:641] Worker 13 latency: 11668 us (50%) 13779 us (75%) 15221 us (95%) 15737 us (99%).
I0911 23:53:29.710201 2951577 AriaExecutor.h:641] Worker 14 latency: 11690 us (50%) 13780 us (75%) 15216 us (95%) 15703 us (99%).
I0911 23:53:29.755506 2951577 AriaExecutor.h:641] Worker 15 latency: 11656 us (50%) 13770 us (75%) 15220 us (95%) 15733 us (99%).
I0911 23:53:29.801672 2951577 Coordinator.h:177] total commit: 682497
I0911 23:53:30.801786 2951577 Coordinator.h:192] Coordinator exits.
