I1126 13:39:31.964041 940598 Database.h:65] ycsb initialization finished in 30 milliseconds.
I1126 13:39:31.964136 940598 Coordinator.h:30] Coordinator initializes 12 workers.
I1126 13:39:32.036238 940598 Coordinator.h:77] Coordinator starts to run 13 workers.
I1126 13:39:32.036305 940615 AriaExecutor.h:82] AriaExecutor 0 started. 
I1126 13:39:32.036339 940616 AriaExecutor.h:82] AriaExecutor 1 started. 
I1126 13:39:32.036381 940617 AriaExecutor.h:82] AriaExecutor 2 started. 
I1126 13:39:32.036425 940618 AriaExecutor.h:82] AriaExecutor 3 started. 
I1126 13:39:32.036484 940619 AriaExecutor.h:82] AriaExecutor 4 started. 
I1126 13:39:32.036522 940620 AriaExecutor.h:82] AriaExecutor 5 started. 
I1126 13:39:32.036553 940621 AriaExecutor.h:82] AriaExecutor 6 started. 
I1126 13:39:32.036614 940622 AriaExecutor.h:82] AriaExecutor 7 started. 
I1126 13:39:32.036655 940623 AriaExecutor.h:82] AriaExecutor 8 started. 
I1126 13:39:32.036705 940624 AriaExecutor.h:82] AriaExecutor 9 started. 
I1126 13:39:32.036752 940625 AriaExecutor.h:82] AriaExecutor 10 started. 
I1126 13:39:32.036801 940626 AriaExecutor.h:82] AriaExecutor 11 started. 
I1126 13:39:32.036844 940627 Manager.h:224] Manager(worker id = 12) on the coordinator node started.
I1126 13:39:33.036907 940598 Coordinator.h:126] commit: 805186 abort: 144814 (0/144814/0), network size: 0, avg network size: 0, si_in_serializable: 0 0 %, local: 0 %
I1126 13:39:34.037029 940598 Coordinator.h:126] commit: 796624 abort: 143074 (0/143074/0), network size: 0, avg network size: 0, si_in_serializable: 0 0 %, local: 0 %
I1126 13:39:35.037161 940598 Coordinator.h:126] commit: 805245 abort: 145057 (0/145057/0), network size: 0, avg network size: 0, si_in_serializable: 0 0 %, local: 0 %
I1126 13:39:36.037271 940598 Coordinator.h:126] commit: 806197 abort: 145058 (0/145058/0), network size: 0, avg network size: 0, si_in_serializable: 0 0 %, local: 0 %
I1126 13:39:37.037367 940598 Coordinator.h:126] commit: 815467 abort: 146287 (0/146287/0), network size: 0, avg network size: 0, si_in_serializable: 0 0 %, local: 0 %
I1126 13:39:38.037465 940598 Coordinator.h:126] commit: 810647 abort: 146344 (0/146344/0), network size: 0, avg network size: 0, si_in_serializable: 0 0 %, local: 0 %
I1126 13:39:39.037565 940598 Coordinator.h:126] commit: 797046 abort: 142954 (0/142954/0), network size: 0, avg network size: 0, si_in_serializable: 0 0 %, local: 0 %
I1126 13:39:40.037662 940598 Coordinator.h:126] commit: 805061 abort: 144939 (0/144939/0), network size: 0, avg network size: 0, si_in_serializable: 0 0 %, local: 0 %
I1126 13:39:41.037777 940598 Coordinator.h:126] commit: 814041 abort: 145959 (0/145959/0), network size: 0, avg network size: 0, si_in_serializable: 0 0 %, local: 0 %
I1126 13:39:42.037875 940598 Coordinator.h:126] commit: 813462 abort: 146538 (0/146538/0), network size: 0, avg network size: 0, si_in_serializable: 0 0 %, local: 0 %
I1126 13:39:43.037973 940598 Coordinator.h:126] commit: 813238 abort: 146762 (0/146762/0), network size: 0, avg network size: 0, si_in_serializable: 0 0 %, local: 0 %
I1126 13:39:44.038070 940598 Coordinator.h:126] commit: 813757 abort: 146243 (0/146243/0), network size: 0, avg network size: 0, si_in_serializable: 0 0 %, local: 0 %
I1126 13:39:45.038165 940598 Coordinator.h:126] commit: 813122 abort: 146878 (0/146878/0), network size: 0, avg network size: 0, si_in_serializable: 0 0 %, local: 0 %
I1126 13:39:46.038261 940598 Coordinator.h:126] commit: 812967 abort: 147033 (0/147033/0), network size: 0, avg network size: 0, si_in_serializable: 0 0 %, local: 0 %
I1126 13:39:47.038357 940598 Coordinator.h:126] commit: 805130 abort: 144870 (0/144870/0), network size: 0, avg network size: 0, si_in_serializable: 0 0 %, local: 0 %
I1126 13:39:48.038455 940598 Coordinator.h:126] commit: 788115 abort: 141885 (0/141885/0), network size: 0, avg network size: 0, si_in_serializable: 0 0 %, local: 0 %
I1126 13:39:49.038552 940598 Coordinator.h:126] commit: 813483 abort: 146517 (0/146517/0), network size: 0, avg network size: 0, si_in_serializable: 0 0 %, local: 0 %
I1126 13:39:50.038647 940598 Coordinator.h:126] commit: 814069 abort: 145931 (0/145931/0), network size: 0, avg network size: 0, si_in_serializable: 0 0 %, local: 0 %
I1126 13:39:51.038762 940598 Coordinator.h:126] commit: 813340 abort: 146660 (0/146660/0), network size: 0, avg network size: 0, si_in_serializable: 0 0 %, local: 0 %
I1126 13:39:52.038863 940598 Coordinator.h:126] commit: 812876 abort: 147124 (0/147124/0), network size: 0, avg network size: 0, si_in_serializable: 0 0 %, local: 0 %
I1126 13:39:53.038959 940598 Coordinator.h:126] commit: 805124 abort: 144876 (0/144876/0), network size: 0, avg network size: 0, si_in_serializable: 0 0 %, local: 0 %
I1126 13:39:54.039057 940598 Coordinator.h:126] commit: 814046 abort: 145954 (0/145954/0), network size: 0, avg network size: 0, si_in_serializable: 0 0 %, local: 0 %
I1126 13:39:55.039152 940598 Coordinator.h:126] commit: 812870 abort: 147130 (0/147130/0), network size: 0, avg network size: 0, si_in_serializable: 0 0 %, local: 0 %
I1126 13:39:56.039247 940598 Coordinator.h:126] commit: 813429 abort: 146571 (0/146571/0), network size: 0, avg network size: 0, si_in_serializable: 0 0 %, local: 0 %
I1126 13:39:57.039341 940598 Coordinator.h:126] commit: 812688 abort: 147312 (0/147312/0), network size: 0, avg network size: 0, si_in_serializable: 0 0 %, local: 0 %
I1126 13:39:57.039364 940598 Coordinator.h:152] average commit: 810010 abort: 145990 (0/145990/0), network size: 0, avg network size: 0, si_in_serializable: 0 0 %, local: 0 %
I1126 13:39:57.053160 940619 AriaExecutor.h:94] AriaExecutor 4 exits. 
I1126 13:39:57.053160 940627 Manager.h:227] Manager(worker id = 12) on the coordinator node exits.
I1126 13:39:57.053176 940624 AriaExecutor.h:94] AriaExecutor 9 exits. 
I1126 13:39:57.053162 940617 AriaExecutor.h:94] AriaExecutor 2 exits. 
I1126 13:39:57.053164 940615 AriaExecutor.h:94] AriaExecutor 0 exits. 
I1126 13:39:57.053165 940625 AriaExecutor.h:94] AriaExecutor 10 exits. 
I1126 13:39:57.053175 940620 AriaExecutor.h:94] AriaExecutor 5 exits. 
I1126 13:39:57.053180 940621 AriaExecutor.h:94] AriaExecutor 6 exits. 
I1126 13:39:57.053176 940616 AriaExecutor.h:94] AriaExecutor 1 exits. 
I1126 13:39:57.053175 940618 AriaExecutor.h:94] AriaExecutor 3 exits. 
I1126 13:39:57.053175 940626 AriaExecutor.h:94] AriaExecutor 11 exits. 
I1126 13:39:57.053164 940623 AriaExecutor.h:94] AriaExecutor 8 exits. 
I1126 13:39:57.053175 940622 AriaExecutor.h:94] AriaExecutor 7 exits. 
I1126 13:39:57.039376 940598 AriaExecutor.h:535] Worker 0 latency: 6496 us (50%) 8291 us (75%) 9631 us (95%) 9918 us (99%).
I1126 13:39:57.117568 940598 AriaExecutor.h:535] Worker 1 latency: 6434 us (50%) 8256 us (75%) 9619 us (95%) 9910 us (99%).
I1126 13:39:57.192257 940598 AriaExecutor.h:535] Worker 2 latency: 6528 us (50%) 8306 us (75%) 9635 us (95%) 9921 us (99%).
I1126 13:39:57.267144 940598 AriaExecutor.h:535] Worker 3 latency: 6381 us (50%) 8231 us (75%) 9612 us (95%) 9906 us (99%).
I1126 13:39:57.342377 940598 AriaExecutor.h:535] Worker 4 latency: 6447 us (50%) 8264 us (75%) 9622 us (95%) 9912 us (99%).
I1126 13:39:57.416981 940598 AriaExecutor.h:535] Worker 5 latency: 6416 us (50%) 8245 us (75%) 9616 us (95%) 9907 us (99%).
I1126 13:39:57.491554 940598 AriaExecutor.h:535] Worker 6 latency: 6315 us (50%) 8199 us (75%) 9606 us (95%) 9905 us (99%).
I1126 13:39:57.566088 940598 AriaExecutor.h:535] Worker 7 latency: 6317 us (50%) 8197 us (75%) 9603 us (95%) 9901 us (99%).
I1126 13:39:57.641203 940598 AriaExecutor.h:535] Worker 8 latency: 6389 us (50%) 8236 us (75%) 9616 us (95%) 9909 us (99%).
I1126 13:39:57.716535 940598 AriaExecutor.h:535] Worker 9 latency: 6397 us (50%) 8237 us (75%) 9613 us (95%) 9906 us (99%).
I1126 13:39:57.791713 940598 AriaExecutor.h:535] Worker 10 latency: 6513 us (50%) 8297 us (75%) 9630 us (95%) 9915 us (99%).
I1126 13:39:57.866178 940598 AriaExecutor.h:535] Worker 11 latency: 6364 us (50%) 8221 us (75%) 9608 us (95%) 9903 us (99%).
I1126 13:39:57.942240 940598 Coordinator.h:177] total commit: 810010
I1126 13:39:58.942355 940598 Coordinator.h:192] Coordinator exits.
