I1126 14:05:26.554440 956193 Database.h:65] ycsb initialization finished in 30 milliseconds.
I1126 14:05:26.554530 956193 Coordinator.h:30] Coordinator initializes 12 workers.
I1126 14:05:26.561571 956193 Coordinator.h:77] Coordinator starts to run 13 workers.
I1126 14:05:26.561628 956209 AriaExecutor.h:91] AriaExecutor 0 started. 
I1126 14:05:26.561652 956210 AriaExecutor.h:91] AriaExecutor 1 started. 
I1126 14:05:26.561694 956211 AriaExecutor.h:91] AriaExecutor 2 started. 
I1126 14:05:26.561738 956212 AriaExecutor.h:91] AriaExecutor 3 started. 
I1126 14:05:26.561820 956214 AriaExecutor.h:91] AriaExecutor 5 started. 
I1126 14:05:26.561877 956215 AriaExecutor.h:91] AriaExecutor 6 started. 
I1126 14:05:26.561914 956216 AriaExecutor.h:91] AriaExecutor 7 started. 
I1126 14:05:26.561954 956217 AriaExecutor.h:91] AriaExecutor 8 started. 
I1126 14:05:26.561998 956218 AriaExecutor.h:91] AriaExecutor 9 started. 
I1126 14:05:26.562037 956219 AriaExecutor.h:91] AriaExecutor 10 started. 
I1126 14:05:26.562078 956220 AriaExecutor.h:91] AriaExecutor 11 started. 
I1126 14:05:26.562109 956213 AriaExecutor.h:91] AriaExecutor 4 started. 
I1126 14:05:26.562114 956221 Manager.h:224] Manager(worker id = 12) on the coordinator node started.
I1126 14:05:27.562188 956193 Coordinator.h:126] commit: 1740048 abort: 119952 (0/119952/0), network size: 0, avg network size: 0, si_in_serializable: 0 0 %, local: 0 %
I1126 14:05:28.562300 956193 Coordinator.h:126] commit: 1731045 abort: 118955 (0/118955/0), network size: 0, avg network size: 0, si_in_serializable: 0 0 %, local: 0 %
I1126 14:05:29.562431 956193 Coordinator.h:126] commit: 1749578 abort: 120422 (0/120422/0), network size: 0, avg network size: 0, si_in_serializable: 0 0 %, local: 0 %
I1126 14:05:30.562544 956193 Coordinator.h:126] commit: 1749956 abort: 120044 (0/120044/0), network size: 0, avg network size: 0, si_in_serializable: 0 0 %, local: 0 %
I1126 14:05:31.562636 956193 Coordinator.h:126] commit: 1758461 abort: 121539 (0/121539/0), network size: 0, avg network size: 0, si_in_serializable: 0 0 %, local: 0 %
I1126 14:05:32.562736 956193 Coordinator.h:126] commit: 1758704 abort: 121296 (0/121296/0), network size: 0, avg network size: 0, si_in_serializable: 0 0 %, local: 0 %
I1126 14:05:33.562832 956193 Coordinator.h:126] commit: 1765786 abort: 121450 (0/121450/0), network size: 0, avg network size: 0, si_in_serializable: 0 0 %, local: 0 %
I1126 14:05:34.562934 956193 Coordinator.h:126] commit: 1695635 abort: 117129 (0/117129/0), network size: 0, avg network size: 0, si_in_serializable: 0 0 %, local: 0 %
I1126 14:05:35.563048 956193 Coordinator.h:126] commit: 1741698 abort: 119392 (0/119392/0), network size: 0, avg network size: 0, si_in_serializable: 0 0 %, local: 0 %
I1126 14:05:36.563153 956193 Coordinator.h:126] commit: 1767022 abort: 121888 (0/121888/0), network size: 0, avg network size: 0, si_in_serializable: 0 0 %, local: 0 %
I1126 14:05:37.563239 956193 Coordinator.h:126] commit: 1759227 abort: 120773 (0/120773/0), network size: 0, avg network size: 0, si_in_serializable: 0 0 %, local: 0 %
I1126 14:05:38.563339 956193 Coordinator.h:126] commit: 1759184 abort: 120816 (0/120816/0), network size: 0, avg network size: 0, si_in_serializable: 0 0 %, local: 0 %
I1126 14:05:39.563427 956193 Coordinator.h:126] commit: 1758981 abort: 121019 (0/121019/0), network size: 0, avg network size: 0, si_in_serializable: 0 0 %, local: 0 %
I1126 14:05:40.563535 956193 Coordinator.h:126] commit: 1759179 abort: 120821 (0/120821/0), network size: 0, avg network size: 0, si_in_serializable: 0 0 %, local: 0 %
I1126 14:05:41.563642 956193 Coordinator.h:126] commit: 1665414 abort: 114586 (0/114586/0), network size: 0, avg network size: 0, si_in_serializable: 0 0 %, local: 0 %
I1126 14:05:42.563740 956193 Coordinator.h:126] commit: 1758535 abort: 121465 (0/121465/0), network size: 0, avg network size: 0, si_in_serializable: 0 0 %, local: 0 %
I1126 14:05:43.563822 956193 Coordinator.h:126] commit: 1768665 abort: 121335 (0/121335/0), network size: 0, avg network size: 0, si_in_serializable: 0 0 %, local: 0 %
I1126 14:05:44.563920 956193 Coordinator.h:126] commit: 1758546 abort: 121454 (0/121454/0), network size: 0, avg network size: 0, si_in_serializable: 0 0 %, local: 0 %
I1126 14:05:45.564028 956193 Coordinator.h:126] commit: 1759089 abort: 120911 (0/120911/0), network size: 0, avg network size: 0, si_in_serializable: 0 0 %, local: 0 %
I1126 14:05:46.564128 956193 Coordinator.h:126] commit: 1759415 abort: 120585 (0/120585/0), network size: 0, avg network size: 0, si_in_serializable: 0 0 %, local: 0 %
I1126 14:05:47.564235 956193 Coordinator.h:126] commit: 1759102 abort: 120898 (0/120898/0), network size: 0, avg network size: 0, si_in_serializable: 0 0 %, local: 0 %
I1126 14:05:48.564334 956193 Coordinator.h:126] commit: 1758690 abort: 121310 (0/121310/0), network size: 0, avg network size: 0, si_in_serializable: 0 0 %, local: 0 %
I1126 14:05:49.564445 956193 Coordinator.h:126] commit: 1731104 abort: 118896 (0/118896/0), network size: 0, avg network size: 0, si_in_serializable: 0 0 %, local: 0 %
I1126 14:05:50.564570 956193 Coordinator.h:126] commit: 1758904 abort: 121096 (0/121096/0), network size: 0, avg network size: 0, si_in_serializable: 0 0 %, local: 0 %
I1126 14:05:51.564674 956193 Coordinator.h:126] commit: 1758896 abort: 121104 (0/121104/0), network size: 0, avg network size: 0, si_in_serializable: 0 0 %, local: 0 %
I1126 14:05:51.564687 956193 Coordinator.h:152] average commit: 1.75062e+06 abort: 120376 (0/120376/0), network size: 0, avg network size: 0, si_in_serializable: 0 0 %, local: 0 %
I1126 14:05:51.567154 956219 AriaExecutor.h:103] AriaExecutor 10 exits. 
I1126 14:05:51.567162 956213 AriaExecutor.h:103] AriaExecutor 4 exits. 
I1126 14:05:51.567165 956214 AriaExecutor.h:103] AriaExecutor 5 exits. 
I1126 14:05:51.567163 956217 AriaExecutor.h:103] AriaExecutor 8 exits. 
I1126 14:05:51.567163 956209 AriaExecutor.h:103] AriaExecutor 0 exits. 
I1126 14:05:51.567154 956215 AriaExecutor.h:103] AriaExecutor 6 exits. 
I1126 14:05:51.567154 956211 AriaExecutor.h:103] AriaExecutor 2 exits. 
I1126 14:05:51.567165 956218 AriaExecutor.h:103] AriaExecutor 9 exits. 
I1126 14:05:51.567165 956212 AriaExecutor.h:103] AriaExecutor 3 exits. 
I1126 14:05:51.567165 956210 AriaExecutor.h:103] AriaExecutor 1 exits. 
I1126 14:05:51.567167 956216 AriaExecutor.h:103] AriaExecutor 7 exits. 
I1126 14:05:51.567155 956221 Manager.h:227] Manager(worker id = 12) on the coordinator node exits.
I1126 14:05:51.567164 956220 AriaExecutor.h:103] AriaExecutor 11 exits. 
I1126 14:05:51.564697 956193 AriaExecutor.h:649] Worker 0 latency: 3690 us (50%) 4206 us (75%) 4618 us (95%) 4722 us (99%).
I1126 14:05:51.705405 956193 AriaExecutor.h:649] Worker 1 latency: 3681 us (50%) 4200 us (75%) 4614 us (95%) 4719 us (99%).
I1126 14:05:51.856351 956193 AriaExecutor.h:649] Worker 2 latency: 3712 us (50%) 4214 us (75%) 4616 us (95%) 4718 us (99%).
I1126 14:05:51.992769 956193 AriaExecutor.h:649] Worker 3 latency: 3685 us (50%) 4204 us (75%) 4615 us (95%) 4720 us (99%).
I1126 14:05:52.144954 956193 AriaExecutor.h:649] Worker 4 latency: 3705 us (50%) 4213 us (75%) 4618 us (95%) 4721 us (99%).
I1126 14:05:52.282527 956193 AriaExecutor.h:649] Worker 5 latency: 3689 us (50%) 4205 us (75%) 4614 us (95%) 4717 us (99%).
I1126 14:05:52.439520 956193 AriaExecutor.h:649] Worker 6 latency: 3712 us (50%) 4216 us (75%) 4618 us (95%) 4720 us (99%).
I1126 14:05:52.576915 956193 AriaExecutor.h:649] Worker 7 latency: 3684 us (50%) 4204 us (75%) 4615 us (95%) 4718 us (99%).
I1126 14:05:52.727672 956193 AriaExecutor.h:649] Worker 8 latency: 3702 us (50%) 4212 us (75%) 4619 us (95%) 4723 us (99%).
I1126 14:05:52.865095 956193 AriaExecutor.h:649] Worker 9 latency: 3686 us (50%) 4204 us (75%) 4615 us (95%) 4718 us (99%).
I1126 14:05:53.016562 956193 AriaExecutor.h:649] Worker 10 latency: 3711 us (50%) 4217 us (75%) 4619 us (95%) 4721 us (99%).
I1126 14:05:53.154294 956193 AriaExecutor.h:649] Worker 11 latency: 3685 us (50%) 4205 us (75%) 4615 us (95%) 4718 us (99%).
I1126 14:05:53.302971 956193 Coordinator.h:177] total commit: 1.75062e+06
I1126 14:05:54.303078 956193 Coordinator.h:192] Coordinator exits.
