I1126 14:08:38.595044 958200 Database.h:65] ycsb initialization finished in 30 milliseconds.
I1126 14:08:38.595142 958200 Coordinator.h:30] Coordinator initializes 12 workers.
I1126 14:08:38.596042 958200 Coordinator.h:77] Coordinator starts to run 13 workers.
I1126 14:08:38.596135 958216 AriaExecutor.h:91] AriaExecutor 0 started. 
I1126 14:08:38.596153 958217 AriaExecutor.h:91] AriaExecutor 1 started. 
I1126 14:08:38.596207 958218 AriaExecutor.h:91] AriaExecutor 2 started. 
I1126 14:08:38.596237 958219 AriaExecutor.h:91] AriaExecutor 3 started. 
I1126 14:08:38.596271 958220 AriaExecutor.h:91] AriaExecutor 4 started. 
I1126 14:08:38.596310 958221 AriaExecutor.h:91] AriaExecutor 5 started. 
I1126 14:08:38.596351 958222 AriaExecutor.h:91] AriaExecutor 6 started. 
I1126 14:08:38.596378 958223 AriaExecutor.h:91] AriaExecutor 7 started. 
I1126 14:08:38.596424 958224 AriaExecutor.h:91] AriaExecutor 8 started. 
I1126 14:08:38.596447 958225 AriaExecutor.h:91] AriaExecutor 9 started. 
I1126 14:08:38.596488 958226 AriaExecutor.h:91] AriaExecutor 10 started. 
I1126 14:08:38.596513 958227 AriaExecutor.h:91] AriaExecutor 11 started. 
I1126 14:08:38.596561 958228 Manager.h:224] Manager(worker id = 12) on the coordinator node started.
I1126 14:08:39.596617 958200 Coordinator.h:126] commit: 1868711 abort: 10289 (0/10289/0), network size: 0, avg network size: 0, si_in_serializable: 0 0 %, local: 0 %
I1126 14:08:40.596745 958200 Coordinator.h:126] commit: 1850927 abort: 10073 (0/10073/0), network size: 0, avg network size: 0, si_in_serializable: 0 0 %, local: 0 %
I1126 14:08:41.596903 958200 Coordinator.h:126] commit: 1888635 abort: 10360 (0/10360/0), network size: 0, avg network size: 0, si_in_serializable: 0 0 %, local: 0 %
I1126 14:08:42.597007 958200 Coordinator.h:126] commit: 1874560 abort: 10445 (0/10445/0), network size: 0, avg network size: 0, si_in_serializable: 0 0 %, local: 0 %
I1126 14:08:43.597090 958200 Coordinator.h:126] commit: 1894591 abort: 10409 (0/10409/0), network size: 0, avg network size: 0, si_in_serializable: 0 0 %, local: 0 %
I1126 14:08:44.597169 958200 Coordinator.h:126] commit: 1896397 abort: 10603 (0/10603/0), network size: 0, avg network size: 0, si_in_serializable: 0 0 %, local: 0 %
I1126 14:08:45.597268 958200 Coordinator.h:126] commit: 1782214 abort: 9786 (0/9786/0), network size: 0, avg network size: 0, si_in_serializable: 0 0 %, local: 0 %
I1126 14:08:46.597347 958200 Coordinator.h:126] commit: 1892719 abort: 10281 (0/10281/0), network size: 0, avg network size: 0, si_in_serializable: 0 0 %, local: 0 %
I1126 14:08:47.597426 958200 Coordinator.h:126] commit: 1890555 abort: 10445 (0/10445/0), network size: 0, avg network size: 0, si_in_serializable: 0 0 %, local: 0 %
I1126 14:08:48.597505 958200 Coordinator.h:126] commit: 1895364 abort: 10636 (0/10636/0), network size: 0, avg network size: 0, si_in_serializable: 0 0 %, local: 0 %
I1126 14:08:49.597582 958200 Coordinator.h:126] commit: 1890434 abort: 10566 (0/10566/0), network size: 0, avg network size: 0, si_in_serializable: 0 0 %, local: 0 %
I1126 14:08:50.597663 958200 Coordinator.h:126] commit: 1890642 abort: 10358 (0/10358/0), network size: 0, avg network size: 0, si_in_serializable: 0 0 %, local: 0 %
I1126 14:08:51.597743 958200 Coordinator.h:126] commit: 1890653 abort: 10347 (0/10347/0), network size: 0, avg network size: 0, si_in_serializable: 0 0 %, local: 0 %
I1126 14:08:52.597822 958200 Coordinator.h:126] commit: 1652880 abort: 9120 (0/9120/0), network size: 0, avg network size: 0, si_in_serializable: 0 0 %, local: 0 %
I1126 14:08:53.597922 958200 Coordinator.h:126] commit: 1861834 abort: 10166 (0/10166/0), network size: 0, avg network size: 0, si_in_serializable: 0 0 %, local: 0 %
I1126 14:08:54.598008 958200 Coordinator.h:126] commit: 1888627 abort: 10373 (0/10373/0), network size: 0, avg network size: 0, si_in_serializable: 0 0 %, local: 0 %
I1126 14:08:55.598098 958200 Coordinator.h:126] commit: 1889667 abort: 10333 (0/10333/0), network size: 0, avg network size: 0, si_in_serializable: 0 0 %, local: 0 %
I1126 14:08:56.598177 958200 Coordinator.h:126] commit: 1887636 abort: 10364 (0/10364/0), network size: 0, avg network size: 0, si_in_serializable: 0 0 %, local: 0 %
I1126 14:08:57.598258 958200 Coordinator.h:126] commit: 1892774 abort: 10226 (0/10226/0), network size: 0, avg network size: 0, si_in_serializable: 0 0 %, local: 0 %
I1126 14:08:58.598335 958200 Coordinator.h:126] commit: 1887574 abort: 10426 (0/10426/0), network size: 0, avg network size: 0, si_in_serializable: 0 0 %, local: 0 %
I1126 14:08:59.598410 958200 Coordinator.h:126] commit: 1889691 abort: 10309 (0/10309/0), network size: 0, avg network size: 0, si_in_serializable: 0 0 %, local: 0 %
I1126 14:09:00.598489 958200 Coordinator.h:126] commit: 1888688 abort: 10312 (0/10312/0), network size: 0, avg network size: 0, si_in_serializable: 0 0 %, local: 0 %
I1126 14:09:01.598567 958200 Coordinator.h:126] commit: 1890532 abort: 10468 (0/10468/0), network size: 0, avg network size: 0, si_in_serializable: 0 0 %, local: 0 %
I1126 14:09:02.598662 958200 Coordinator.h:126] commit: 1882600 abort: 10400 (0/10400/0), network size: 0, avg network size: 0, si_in_serializable: 0 0 %, local: 0 %
I1126 14:09:03.598779 958200 Coordinator.h:126] commit: 1887919 abort: 10402 (0/10402/0), network size: 0, avg network size: 0, si_in_serializable: 0 0 %, local: 0 %
I1126 14:09:03.598796 958200 Coordinator.h:152] average commit: 1.86327e+06 abort: 10227.9 (0/10227.9/0), network size: 0, avg network size: 0, si_in_serializable: 0 0 %, local: 0 %
I1126 14:09:03.599344 958227 AriaExecutor.h:103] AriaExecutor 11 exits. 
I1126 14:09:03.599345 958219 AriaExecutor.h:103] AriaExecutor 3 exits. 
I1126 14:09:03.599360 958228 Manager.h:227] Manager(worker id = 12) on the coordinator node exits.
I1126 14:09:03.599352 958226 AriaExecutor.h:103] AriaExecutor 10 exits. 
I1126 14:09:03.599352 958220 AriaExecutor.h:103] AriaExecutor 4 exits. 
I1126 14:09:03.599354 958222 AriaExecutor.h:103] AriaExecutor 6 exits. 
I1126 14:09:03.599352 958218 AriaExecutor.h:103] AriaExecutor 2 exits. 
I1126 14:09:03.599344 958223 AriaExecutor.h:103] AriaExecutor 7 exits. 
I1126 14:09:03.599344 958225 AriaExecutor.h:103] AriaExecutor 9 exits. 
I1126 14:09:03.599345 958221 AriaExecutor.h:103] AriaExecutor 5 exits. 
I1126 14:09:03.599354 958224 AriaExecutor.h:103] AriaExecutor 8 exits. 
I1126 14:09:03.599357 958217 AriaExecutor.h:103] AriaExecutor 1 exits. 
I1126 14:09:03.599354 958216 AriaExecutor.h:103] AriaExecutor 0 exits. 
I1126 14:09:03.598809 958200 AriaExecutor.h:649] Worker 0 latency: 355 us (50%) 412 us (75%) 461 us (95%) 476 us (99%).
I1126 14:09:03.737639 958200 AriaExecutor.h:649] Worker 1 latency: 353 us (50%) 410 us (75%) 460 us (95%) 475 us (99%).
I1126 14:09:03.876508 958200 AriaExecutor.h:649] Worker 2 latency: 355 us (50%) 412 us (75%) 460 us (95%) 476 us (99%).
I1126 14:09:04.012732 958200 AriaExecutor.h:649] Worker 3 latency: 355 us (50%) 412 us (75%) 460 us (95%) 475 us (99%).
I1126 14:09:04.151106 958200 AriaExecutor.h:649] Worker 4 latency: 356 us (50%) 412 us (75%) 460 us (95%) 476 us (99%).
I1126 14:09:04.287547 958200 AriaExecutor.h:649] Worker 5 latency: 354 us (50%) 410 us (75%) 459 us (95%) 475 us (99%).
I1126 14:09:04.424336 958200 AriaExecutor.h:649] Worker 6 latency: 359 us (50%) 413 us (75%) 460 us (95%) 476 us (99%).
I1126 14:09:04.560392 958200 AriaExecutor.h:649] Worker 7 latency: 356 us (50%) 411 us (75%) 459 us (95%) 475 us (99%).
I1126 14:09:04.694279 958200 AriaExecutor.h:649] Worker 8 latency: 359 us (50%) 414 us (75%) 461 us (95%) 476 us (99%).
I1126 14:09:04.832008 958200 AriaExecutor.h:649] Worker 9 latency: 357 us (50%) 412 us (75%) 460 us (95%) 475 us (99%).
I1126 14:09:04.968097 958200 AriaExecutor.h:649] Worker 10 latency: 357 us (50%) 413 us (75%) 461 us (95%) 476 us (99%).
I1126 14:09:05.105239 958200 AriaExecutor.h:649] Worker 11 latency: 358 us (50%) 412 us (75%) 460 us (95%) 475 us (99%).
I1126 14:09:05.241045 958200 Coordinator.h:177] total commit: 1.86327e+06
I1126 14:09:06.241189 958200 Coordinator.h:192] Coordinator exits.
