I1126 13:31:32.663734 935387 Database.h:65] ycsb initialization finished in 30 milliseconds.
I1126 13:31:32.663834 935387 Coordinator.h:30] Coordinator initializes 12 workers.
I1126 13:31:32.735754 935387 Coordinator.h:77] Coordinator starts to run 13 workers.
I1126 13:31:32.735811 935403 AriaExecutor.h:82] AriaExecutor 0 started. 
I1126 13:31:32.735839 935404 AriaExecutor.h:82] AriaExecutor 1 started. 
I1126 13:31:32.735880 935405 AriaExecutor.h:82] AriaExecutor 2 started. 
I1126 13:31:32.735924 935406 AriaExecutor.h:82] AriaExecutor 3 started. 
I1126 13:31:32.736001 935408 AriaExecutor.h:82] AriaExecutor 5 started. 
I1126 13:31:32.736042 935409 AriaExecutor.h:82] AriaExecutor 6 started. 
I1126 13:31:32.736078 935410 AriaExecutor.h:82] AriaExecutor 7 started. 
I1126 13:31:32.736115 935411 AriaExecutor.h:82] AriaExecutor 8 started. 
I1126 13:31:32.736160 935412 AriaExecutor.h:82] AriaExecutor 9 started. 
I1126 13:31:32.736197 935413 AriaExecutor.h:82] AriaExecutor 10 started. 
I1126 13:31:32.736249 935414 AriaExecutor.h:82] AriaExecutor 11 started. 
I1126 13:31:32.736282 935407 AriaExecutor.h:82] AriaExecutor 4 started. 
I1126 13:31:32.736287 935415 Manager.h:224] Manager(worker id = 12) on the coordinator node started.
I1126 13:31:33.736356 935387 Coordinator.h:126] commit: 1825 abort: 148175 (0/148175/0), network size: 0, avg network size: 0, si_in_serializable: 0 0 %, local: 0 %
I1126 13:31:34.736501 935387 Coordinator.h:126] commit: 1975 abort: 158025 (0/158025/0), network size: 0, avg network size: 0, si_in_serializable: 0 0 %, local: 0 %
I1126 13:31:35.736646 935387 Coordinator.h:126] commit: 1815 abort: 148185 (0/148185/0), network size: 0, avg network size: 0, si_in_serializable: 0 0 %, local: 0 %
I1126 13:31:36.736775 935387 Coordinator.h:126] commit: 1924 abort: 158076 (0/158076/0), network size: 0, avg network size: 0, si_in_serializable: 0 0 %, local: 0 %
I1126 13:31:37.736896 935387 Coordinator.h:126] commit: 1927 abort: 158073 (0/158073/0), network size: 0, avg network size: 0, si_in_serializable: 0 0 %, local: 0 %
I1126 13:31:38.737010 935387 Coordinator.h:126] commit: 1950 abort: 158050 (0/158050/0), network size: 0, avg network size: 0, si_in_serializable: 0 0 %, local: 0 %
I1126 13:31:39.737139 935387 Coordinator.h:126] commit: 1990 abort: 158010 (0/158010/0), network size: 0, avg network size: 0, si_in_serializable: 0 0 %, local: 0 %
I1126 13:31:40.737259 935387 Coordinator.h:126] commit: 1911 abort: 158089 (0/158089/0), network size: 0, avg network size: 0, si_in_serializable: 0 0 %, local: 0 %
I1126 13:31:41.737380 935387 Coordinator.h:126] commit: 1952 abort: 158048 (0/158048/0), network size: 0, avg network size: 0, si_in_serializable: 0 0 %, local: 0 %
I1126 13:31:42.737493 935387 Coordinator.h:126] commit: 2079 abort: 167921 (0/167921/0), network size: 0, avg network size: 0, si_in_serializable: 0 0 %, local: 0 %
I1126 13:31:43.737608 935387 Coordinator.h:126] commit: 1937 abort: 158063 (0/158063/0), network size: 0, avg network size: 0, si_in_serializable: 0 0 %, local: 0 %
I1126 13:31:44.737722 935387 Coordinator.h:126] commit: 1935 abort: 158065 (0/158065/0), network size: 0, avg network size: 0, si_in_serializable: 0 0 %, local: 0 %
I1126 13:31:45.737849 935387 Coordinator.h:126] commit: 1946 abort: 158054 (0/158054/0), network size: 0, avg network size: 0, si_in_serializable: 0 0 %, local: 0 %
I1126 13:31:46.737993 935387 Coordinator.h:126] commit: 1941 abort: 158059 (0/158059/0), network size: 0, avg network size: 0, si_in_serializable: 0 0 %, local: 0 %
I1126 13:31:47.738116 935387 Coordinator.h:126] commit: 1924 abort: 158076 (0/158076/0), network size: 0, avg network size: 0, si_in_serializable: 0 0 %, local: 0 %
I1126 13:31:48.738227 935387 Coordinator.h:126] commit: 1945 abort: 158055 (0/158055/0), network size: 0, avg network size: 0, si_in_serializable: 0 0 %, local: 0 %
I1126 13:31:49.738343 935387 Coordinator.h:126] commit: 1954 abort: 158046 (0/158046/0), network size: 0, avg network size: 0, si_in_serializable: 0 0 %, local: 0 %
I1126 13:31:50.738463 935387 Coordinator.h:126] commit: 1938 abort: 158062 (0/158062/0), network size: 0, avg network size: 0, si_in_serializable: 0 0 %, local: 0 %
I1126 13:31:51.738581 935387 Coordinator.h:126] commit: 1967 abort: 158033 (0/158033/0), network size: 0, avg network size: 0, si_in_serializable: 0 0 %, local: 0 %
I1126 13:31:52.738690 935387 Coordinator.h:126] commit: 1923 abort: 158077 (0/158077/0), network size: 0, avg network size: 0, si_in_serializable: 0 0 %, local: 0 %
I1126 13:31:53.738806 935387 Coordinator.h:126] commit: 1933 abort: 158067 (0/158067/0), network size: 0, avg network size: 0, si_in_serializable: 0 0 %, local: 0 %
I1126 13:31:54.738925 935387 Coordinator.h:126] commit: 1927 abort: 158073 (0/158073/0), network size: 0, avg network size: 0, si_in_serializable: 0 0 %, local: 0 %
I1126 13:31:55.739042 935387 Coordinator.h:126] commit: 1929 abort: 158071 (0/158071/0), network size: 0, avg network size: 0, si_in_serializable: 0 0 %, local: 0 %
I1126 13:31:56.739185 935387 Coordinator.h:126] commit: 1960 abort: 158040 (0/158040/0), network size: 0, avg network size: 0, si_in_serializable: 0 0 %, local: 0 %
I1126 13:31:57.739306 935387 Coordinator.h:126] commit: 1905 abort: 158095 (0/158095/0), network size: 0, avg network size: 0, si_in_serializable: 0 0 %, local: 0 %
I1126 13:31:57.739339 935387 Coordinator.h:152] average commit: 1941 abort: 158059 (0/158059/0), network size: 0, avg network size: 0, si_in_serializable: 0 0 %, local: 0 %
I1126 13:31:57.739347 935387 AriaExecutor.h:535] Worker 0 latency: 61773 us (50%) 62096 us (75%) 63706 us (95%) 70937 us (99%).
I1126 13:31:57.760118 935411 AriaExecutor.h:94] AriaExecutor 8 exits. 
I1126 13:31:57.760140 935415 Manager.h:227] Manager(worker id = 12) on the coordinator node exits.
I1126 13:31:57.760145 935414 AriaExecutor.h:94] AriaExecutor 11 exits. 
I1126 13:31:57.760118 935403 AriaExecutor.h:94] AriaExecutor 0 exits. 
I1126 13:31:57.760119 935409 AriaExecutor.h:94] AriaExecutor 6 exits. 
I1126 13:31:57.760128 935408 AriaExecutor.h:94] AriaExecutor 5 exits. 
I1126 13:31:57.760126 935404 AriaExecutor.h:94] AriaExecutor 1 exits. 
I1126 13:31:57.760121 935413 AriaExecutor.h:94] AriaExecutor 10 exits. 
I1126 13:31:57.760128 935410 AriaExecutor.h:94] AriaExecutor 7 exits. 
I1126 13:31:57.760126 935412 AriaExecutor.h:94] AriaExecutor 9 exits. 
I1126 13:31:57.760118 935407 AriaExecutor.h:94] AriaExecutor 4 exits. 
I1126 13:31:57.760118 935405 AriaExecutor.h:94] AriaExecutor 2 exits. 
I1126 13:31:57.760146 935406 AriaExecutor.h:94] AriaExecutor 3 exits. 
I1126 13:31:57.760270 935387 AriaExecutor.h:535] Worker 1 latency: 61760 us (50%) 62094 us (75%) 63772 us (95%) 71551 us (99%).
I1126 13:31:57.760608 935387 AriaExecutor.h:535] Worker 2 latency: 61759 us (50%) 62096 us (75%) 63637 us (95%) 71006 us (99%).
I1126 13:31:57.760829 935387 AriaExecutor.h:535] Worker 3 latency: 61739 us (50%) 62061 us (75%) 63713 us (95%) 70895 us (99%).
I1126 13:31:57.761049 935387 AriaExecutor.h:535] Worker 4 latency: 61773 us (50%) 62097 us (75%) 63698 us (95%) 71182 us (99%).
I1126 13:31:57.761297 935387 AriaExecutor.h:535] Worker 5 latency: 61751 us (50%) 62097 us (75%) 63781 us (95%) 71656 us (99%).
I1126 13:31:57.761550 935387 AriaExecutor.h:535] Worker 6 latency: 61750 us (50%) 62079 us (75%) 63736 us (95%) 71677 us (99%).
I1126 13:31:57.761768 935387 AriaExecutor.h:535] Worker 7 latency: 61745 us (50%) 62079 us (75%) 63699 us (95%) 70779 us (99%).
I1126 13:31:57.762012 935387 AriaExecutor.h:535] Worker 8 latency: 61761 us (50%) 62081 us (75%) 63666 us (95%) 70789 us (99%).
I1126 13:31:57.762217 935387 AriaExecutor.h:535] Worker 9 latency: 61742 us (50%) 62077 us (75%) 63813 us (95%) 70816 us (99%).
I1126 13:31:57.762447 935387 AriaExecutor.h:535] Worker 10 latency: 61753 us (50%) 62078 us (75%) 63641 us (95%) 71458 us (99%).
I1126 13:31:57.762653 935387 AriaExecutor.h:535] Worker 11 latency: 61729 us (50%) 62055 us (75%) 63763 us (95%) 70682 us (99%).
I1126 13:31:57.762887 935387 Coordinator.h:177] total commit: 1941
I1126 13:31:58.763013 935387 Coordinator.h:192] Coordinator exits.
