I0911 23:25:11.862587 2946423 Database.h:65] ycsb initialization finished in 147 milliseconds.
I0911 23:25:11.862709 2946423 Coordinator.h:30] Coordinator initializes 16 workers.
I0911 23:25:11.895224 2946423 Coordinator.h:77] Coordinator starts to run 17 workers.
I0911 23:25:11.895285 2946443 AriaExecutor.h:82] AriaExecutor 0 started. 
I0911 23:25:11.895318 2946444 AriaExecutor.h:82] AriaExecutor 1 started. 
I0911 23:25:11.895362 2946445 AriaExecutor.h:82] AriaExecutor 2 started. 
I0911 23:25:11.895408 2946446 AriaExecutor.h:82] AriaExecutor 3 started. 
I0911 23:25:11.895449 2946447 AriaExecutor.h:82] AriaExecutor 4 started. 
I0911 23:25:11.895502 2946448 AriaExecutor.h:82] AriaExecutor 5 started. 
I0911 23:25:11.895540 2946449 AriaExecutor.h:82] AriaExecutor 6 started. 
I0911 23:25:11.895584 2946450 AriaExecutor.h:82] AriaExecutor 7 started. 
I0911 23:25:11.895622 2946451 AriaExecutor.h:82] AriaExecutor 8 started. 
I0911 23:25:11.895666 2946452 AriaExecutor.h:82] AriaExecutor 9 started. 
I0911 23:25:11.895702 2946453 AriaExecutor.h:82] AriaExecutor 10 started. 
I0911 23:25:11.895753 2946454 AriaExecutor.h:82] AriaExecutor 11 started. 
I0911 23:25:11.895790 2946455 AriaExecutor.h:82] AriaExecutor 12 started. 
I0911 23:25:11.895833 2946456 AriaExecutor.h:82] AriaExecutor 13 started. 
I0911 23:25:11.895872 2946457 AriaExecutor.h:82] AriaExecutor 14 started. 
I0911 23:25:11.895915 2946458 AriaExecutor.h:82] AriaExecutor 15 started. 
I0911 23:25:11.895956 2946459 Manager.h:224] Manager(worker id = 16) on the coordinator node started.
I0911 23:25:12.896010 2946423 Coordinator.h:126] commit: 35635 abort: 111821 (0/111821/0), network size: 0, avg network size: 0, si_in_serializable: 0 0 %, local: 0 %
I0911 23:25:13.896147 2946423 Coordinator.h:126] commit: 38675 abort: 121069 (0/121069/0), network size: 0, avg network size: 0, si_in_serializable: 0 0 %, local: 0 %
I0911 23:25:14.896237 2946423 Coordinator.h:126] commit: 37466 abort: 118182 (0/118182/0), network size: 0, avg network size: 0, si_in_serializable: 0 0 %, local: 0 %
I0911 23:25:15.896322 2946423 Coordinator.h:126] commit: 37517 abort: 118131 (0/118131/0), network size: 0, avg network size: 0, si_in_serializable: 0 0 %, local: 0 %
I0911 23:25:16.896427 2946423 Coordinator.h:126] commit: 39518 abort: 124322 (0/124322/0), network size: 0, avg network size: 0, si_in_serializable: 0 0 %, local: 0 %
I0911 23:25:17.896510 2946423 Coordinator.h:126] commit: 40240 abort: 127696 (0/127696/0), network size: 0, avg network size: 0, si_in_serializable: 0 0 %, local: 0 %
I0911 23:25:18.896605 2946423 Coordinator.h:126] commit: 39348 abort: 124492 (0/124492/0), network size: 0, avg network size: 0, si_in_serializable: 0 0 %, local: 0 %
I0911 23:25:19.896706 2946423 Coordinator.h:126] commit: 39624 abort: 124216 (0/124216/0), network size: 0, avg network size: 0, si_in_serializable: 0 0 %, local: 0 %
I0911 23:25:20.896801 2946423 Coordinator.h:126] commit: 38581 abort: 121163 (0/121163/0), network size: 0, avg network size: 0, si_in_serializable: 0 0 %, local: 0 %
I0911 23:25:21.896883 2946423 Coordinator.h:126] commit: 40690 abort: 127246 (0/127246/0), network size: 0, avg network size: 0, si_in_serializable: 0 0 %, local: 0 %
I0911 23:25:22.896950 2946423 Coordinator.h:126] commit: 39291 abort: 124549 (0/124549/0), network size: 0, avg network size: 0, si_in_serializable: 0 0 %, local: 0 %
I0911 23:25:23.897059 2946423 Coordinator.h:126] commit: 39609 abort: 124231 (0/124231/0), network size: 0, avg network size: 0, si_in_serializable: 0 0 %, local: 0 %
I0911 23:25:24.897143 2946423 Coordinator.h:126] commit: 40348 abort: 127588 (0/127588/0), network size: 0, avg network size: 0, si_in_serializable: 0 0 %, local: 0 %
I0911 23:25:25.897219 2946423 Coordinator.h:126] commit: 40564 abort: 127372 (0/127372/0), network size: 0, avg network size: 0, si_in_serializable: 0 0 %, local: 0 %
I0911 23:25:26.897310 2946423 Coordinator.h:126] commit: 40469 abort: 127467 (0/127467/0), network size: 0, avg network size: 0, si_in_serializable: 0 0 %, local: 0 %
I0911 23:25:27.897400 2946423 Coordinator.h:126] commit: 40540 abort: 127396 (0/127396/0), network size: 0, avg network size: 0, si_in_serializable: 0 0 %, local: 0 %
I0911 23:25:28.897500 2946423 Coordinator.h:126] commit: 39264 abort: 124576 (0/124576/0), network size: 0, avg network size: 0, si_in_serializable: 0 0 %, local: 0 %
I0911 23:25:29.897588 2946423 Coordinator.h:126] commit: 39287 abort: 124553 (0/124553/0), network size: 0, avg network size: 0, si_in_serializable: 0 0 %, local: 0 %
I0911 23:25:30.897665 2946423 Coordinator.h:126] commit: 40551 abort: 127385 (0/127385/0), network size: 0, avg network size: 0, si_in_serializable: 0 0 %, local: 0 %
I0911 23:25:31.897748 2946423 Coordinator.h:126] commit: 39634 abort: 124206 (0/124206/0), network size: 0, avg network size: 0, si_in_serializable: 0 0 %, local: 0 %
I0911 23:25:32.897893 2946423 Coordinator.h:126] commit: 40592 abort: 127344 (0/127344/0), network size: 0, avg network size: 0, si_in_serializable: 0 0 %, local: 0 %
I0911 23:25:33.898006 2946423 Coordinator.h:126] commit: 40625 abort: 127311 (0/127311/0), network size: 0, avg network size: 0, si_in_serializable: 0 0 %, local: 0 %
I0911 23:25:34.898099 2946423 Coordinator.h:126] commit: 40662 abort: 127274 (0/127274/0), network size: 0, avg network size: 0, si_in_serializable: 0 0 %, local: 0 %
I0911 23:25:35.898182 2946423 Coordinator.h:126] commit: 40371 abort: 127565 (0/127565/0), network size: 0, avg network size: 0, si_in_serializable: 0 0 %, local: 0 %
I0911 23:25:36.898257 2946423 Coordinator.h:126] commit: 39604 abort: 124236 (0/124236/0), network size: 0, avg network size: 0, si_in_serializable: 0 0 %, local: 0 %
I0911 23:25:36.898267 2946423 Coordinator.h:152] average commit: 39955.7 abort: 125932 (0/125932/0), network size: 0, avg network size: 0, si_in_serializable: 0 0 %, local: 0 %
I0911 23:25:36.900570 2946459 Manager.h:227] Manager(worker id = 16) on the coordinator node exits.
I0911 23:25:36.900584 2946450 AriaExecutor.h:94] AriaExecutor 7 exits. 
I0911 23:25:36.900575 2946453 AriaExecutor.h:94] AriaExecutor 10 exits. 
I0911 23:25:36.900575 2946449 AriaExecutor.h:94] AriaExecutor 6 exits. 
I0911 23:25:36.900584 2946444 AriaExecutor.h:94] AriaExecutor 1 exits. 
I0911 23:25:36.900584 2946448 AriaExecutor.h:94] AriaExecutor 5 exits. 
I0911 23:25:36.900588 2946458 AriaExecutor.h:94] AriaExecutor 15 exits. 
I0911 23:25:36.900573 2946443 AriaExecutor.h:94] AriaExecutor 0 exits. 
I0911 23:25:36.900594 2946445 AriaExecutor.h:94] AriaExecutor 2 exits. 
I0911 23:25:36.900585 2946446 AriaExecutor.h:94] AriaExecutor 3 exits. 
I0911 23:25:36.900609 2946452 AriaExecutor.h:94] AriaExecutor 9 exits. 
I0911 23:25:36.900609 2946454 AriaExecutor.h:94] AriaExecutor 11 exits. 
I0911 23:25:36.900599 2946455 AriaExecutor.h:94] AriaExecutor 12 exits. 
I0911 23:25:36.900599 2946447 AriaExecutor.h:94] AriaExecutor 4 exits. 
I0911 23:25:36.900609 2946456 AriaExecutor.h:94] AriaExecutor 13 exits. 
I0911 23:25:36.900575 2946457 AriaExecutor.h:94] AriaExecutor 14 exits. 
I0911 23:25:36.900576 2946451 AriaExecutor.h:94] AriaExecutor 8 exits. 
I0911 23:25:36.898276 2946423 AriaExecutor.h:641] Worker 0 latency: 22136 us (50%) 22965 us (75%) 23746 us (95%) 25976 us (99%).
I0911 23:25:36.901695 2946423 AriaExecutor.h:641] Worker 1 latency: 22140 us (50%) 22958 us (75%) 23738 us (95%) 25711 us (99%).
I0911 23:25:36.905267 2946423 AriaExecutor.h:641] Worker 2 latency: 22157 us (50%) 22966 us (75%) 23752 us (95%) 25784 us (99%).
I0911 23:25:36.908622 2946423 AriaExecutor.h:641] Worker 3 latency: 22151 us (50%) 22959 us (75%) 23747 us (95%) 25776 us (99%).
I0911 23:25:36.912165 2946423 AriaExecutor.h:641] Worker 4 latency: 22143 us (50%) 22966 us (75%) 23744 us (95%) 25819 us (99%).
I0911 23:25:36.915514 2946423 AriaExecutor.h:641] Worker 5 latency: 22137 us (50%) 22961 us (75%) 23754 us (95%) 25946 us (99%).
I0911 23:25:36.919212 2946423 AriaExecutor.h:641] Worker 6 latency: 22135 us (50%) 22955 us (75%) 23750 us (95%) 25801 us (99%).
I0911 23:25:36.922531 2946423 AriaExecutor.h:641] Worker 7 latency: 22152 us (50%) 22965 us (75%) 23739 us (95%) 25731 us (99%).
I0911 23:25:36.926029 2946423 AriaExecutor.h:641] Worker 8 latency: 22133 us (50%) 22952 us (75%) 23727 us (95%) 25685 us (99%).
I0911 23:25:36.929349 2946423 AriaExecutor.h:641] Worker 9 latency: 22130 us (50%) 22956 us (75%) 23734 us (95%) 25733 us (99%).
I0911 23:25:36.932847 2946423 AriaExecutor.h:641] Worker 10 latency: 22146 us (50%) 22967 us (75%) 23750 us (95%) 25752 us (99%).
I0911 23:25:36.936182 2946423 AriaExecutor.h:641] Worker 11 latency: 22143 us (50%) 22963 us (75%) 23749 us (95%) 25792 us (99%).
I0911 23:25:36.939646 2946423 AriaExecutor.h:641] Worker 12 latency: 22153 us (50%) 22964 us (75%) 23755 us (95%) 25786 us (99%).
I0911 23:25:36.942971 2946423 AriaExecutor.h:641] Worker 13 latency: 22120 us (50%) 22955 us (75%) 23743 us (95%) 25763 us (99%).
I0911 23:25:36.946532 2946423 AriaExecutor.h:641] Worker 14 latency: 22142 us (50%) 22960 us (75%) 23769 us (95%) 25766 us (99%).
I0911 23:25:36.949863 2946423 AriaExecutor.h:641] Worker 15 latency: 22132 us (50%) 22957 us (75%) 23745 us (95%) 25774 us (99%).
I0911 23:25:36.953358 2946423 Coordinator.h:177] total commit: 39955.7
I0911 23:25:37.953469 2946423 Coordinator.h:192] Coordinator exits.
