I0911 21:59:31.036080 2929863 Database.h:65] ycsb initialization finished in 147 milliseconds.
I0911 21:59:31.036196 2929863 Coordinator.h:30] Coordinator initializes 16 workers.
I0911 21:59:31.068601 2929863 Coordinator.h:77] Coordinator starts to run 17 workers.
I0911 21:59:31.068655 2929883 AriaExecutor.h:82] AriaExecutor 0 started. 
I0911 21:59:31.068686 2929884 AriaExecutor.h:82] AriaExecutor 1 started. 
I0911 21:59:31.068727 2929885 AriaExecutor.h:82] AriaExecutor 2 started. 
I0911 21:59:31.068786 2929886 AriaExecutor.h:82] AriaExecutor 3 started. 
I0911 21:59:31.068806 2929887 AriaExecutor.h:82] AriaExecutor 4 started. 
I0911 21:59:31.068856 2929888 AriaExecutor.h:82] AriaExecutor 5 started. 
I0911 21:59:31.068877 2929889 AriaExecutor.h:82] AriaExecutor 6 started. 
I0911 21:59:31.068949 2929890 AriaExecutor.h:82] AriaExecutor 7 started. 
I0911 21:59:31.068979 2929891 AriaExecutor.h:82] AriaExecutor 8 started. 
I0911 21:59:31.069025 2929892 AriaExecutor.h:82] AriaExecutor 9 started. 
I0911 21:59:31.069063 2929893 AriaExecutor.h:82] AriaExecutor 10 started. 
I0911 21:59:31.069108 2929894 AriaExecutor.h:82] AriaExecutor 11 started. 
I0911 21:59:31.069141 2929895 AriaExecutor.h:82] AriaExecutor 12 started. 
I0911 21:59:31.069183 2929896 AriaExecutor.h:82] AriaExecutor 13 started. 
I0911 21:59:31.069219 2929897 AriaExecutor.h:82] AriaExecutor 14 started. 
I0911 21:59:31.069269 2929898 AriaExecutor.h:82] AriaExecutor 15 started. 
I0911 21:59:31.069303 2929899 Manager.h:224] Manager(worker id = 16) on the coordinator node started.
I0911 21:59:32.069353 2929863 Coordinator.h:126] commit: 1311402 abort: 3414 (0/3414/0), network size: 0, avg network size: 0, si_in_serializable: 0 0 %, local: 0 %
I0911 21:59:33.069460 2929863 Coordinator.h:126] commit: 1299001 abort: 3527 (0/3527/0), network size: 0, avg network size: 0, si_in_serializable: 0 0 %, local: 0 %
I0911 21:59:34.069553 2929863 Coordinator.h:126] commit: 1258102 abort: 3466 (0/3466/0), network size: 0, avg network size: 0, si_in_serializable: 0 0 %, local: 0 %
I0911 21:59:35.069631 2929863 Coordinator.h:126] commit: 1266416 abort: 3344 (0/3344/0), network size: 0, avg network size: 0, si_in_serializable: 0 0 %, local: 0 %
I0911 21:59:36.069729 2929863 Coordinator.h:126] commit: 1315296 abort: 3616 (0/3616/0), network size: 0, avg network size: 0, si_in_serializable: 0 0 %, local: 0 %
I0911 21:59:37.069808 2929863 Coordinator.h:126] commit: 1323613 abort: 3462 (0/3462/0), network size: 0, avg network size: 0, si_in_serializable: 0 0 %, local: 0 %
I0911 21:59:38.069880 2929863 Coordinator.h:126] commit: 1307296 abort: 3453 (0/3453/0), network size: 0, avg network size: 0, si_in_serializable: 0 0 %, local: 0 %
I0911 21:59:39.069953 2929863 Coordinator.h:126] commit: 1319359 abort: 3649 (0/3649/0), network size: 0, avg network size: 0, si_in_serializable: 0 0 %, local: 0 %
I0911 21:59:40.070025 2929863 Coordinator.h:126] commit: 1319390 abort: 3618 (0/3618/0), network size: 0, avg network size: 0, si_in_serializable: 0 0 %, local: 0 %
I0911 21:59:41.070098 2929863 Coordinator.h:126] commit: 1319361 abort: 3647 (0/3647/0), network size: 0, avg network size: 0, si_in_serializable: 0 0 %, local: 0 %
I0911 21:59:42.070178 2929863 Coordinator.h:126] commit: 1282655 abort: 3489 (0/3489/0), network size: 0, avg network size: 0, si_in_serializable: 0 0 %, local: 0 %
I0911 21:59:43.070254 2929863 Coordinator.h:126] commit: 1282730 abort: 3414 (0/3414/0), network size: 0, avg network size: 0, si_in_serializable: 0 0 %, local: 0 %
I0911 21:59:44.070355 2929863 Coordinator.h:126] commit: 1286756 abort: 3484 (0/3484/0), network size: 0, avg network size: 0, si_in_serializable: 0 0 %, local: 0 %
I0911 21:59:45.070428 2929863 Coordinator.h:126] commit: 1323494 abort: 3610 (0/3610/0), network size: 0, avg network size: 0, si_in_serializable: 0 0 %, local: 0 %
I0911 21:59:46.070498 2929863 Coordinator.h:126] commit: 1319544 abort: 3464 (0/3464/0), network size: 0, avg network size: 0, si_in_serializable: 0 0 %, local: 0 %
I0911 21:59:47.070570 2929863 Coordinator.h:126] commit: 1319400 abort: 3608 (0/3608/0), network size: 0, avg network size: 0, si_in_serializable: 0 0 %, local: 0 %
I0911 21:59:48.070644 2929863 Coordinator.h:126] commit: 1319470 abort: 3538 (0/3538/0), network size: 0, avg network size: 0, si_in_serializable: 0 0 %, local: 0 %
I0911 21:59:49.070717 2929863 Coordinator.h:126] commit: 1323601 abort: 3503 (0/3503/0), network size: 0, avg network size: 0, si_in_serializable: 0 0 %, local: 0 %
I0911 21:59:50.070791 2929863 Coordinator.h:126] commit: 1319438 abort: 3570 (0/3570/0), network size: 0, avg network size: 0, si_in_serializable: 0 0 %, local: 0 %
I0911 21:59:51.070859 2929863 Coordinator.h:126] commit: 1319362 abort: 3646 (0/3646/0), network size: 0, avg network size: 0, si_in_serializable: 0 0 %, local: 0 %
I0911 21:59:52.070932 2929863 Coordinator.h:126] commit: 1299041 abort: 3487 (0/3487/0), network size: 0, avg network size: 0, si_in_serializable: 0 0 %, local: 0 %
I0911 21:59:53.071005 2929863 Coordinator.h:126] commit: 1294903 abort: 3529 (0/3529/0), network size: 0, avg network size: 0, si_in_serializable: 0 0 %, local: 0 %
I0911 21:59:54.071084 2929863 Coordinator.h:126] commit: 1307117 abort: 3603 (0/3603/0), network size: 0, avg network size: 0, si_in_serializable: 0 0 %, local: 0 %
I0911 21:59:55.071178 2929863 Coordinator.h:126] commit: 1319395 abort: 3613 (0/3613/0), network size: 0, avg network size: 0, si_in_serializable: 0 0 %, local: 0 %
I0911 21:59:56.071254 2929863 Coordinator.h:126] commit: 1323446 abort: 3658 (0/3658/0), network size: 0, avg network size: 0, si_in_serializable: 0 0 %, local: 0 %
I0911 21:59:56.071265 2929863 Coordinator.h:152] average commit: 1.30964e+06 abort: 3532.6 (0/3532.6/0), network size: 0, avg network size: 0, si_in_serializable: 0 0 %, local: 0 %
I0911 21:59:56.073628 2929891 AriaExecutor.h:94] AriaExecutor 8 exits. 
I0911 21:59:56.073640 2929899 Manager.h:227] Manager(worker id = 16) on the coordinator node exits.
I0911 21:59:56.073632 2929895 AriaExecutor.h:94] AriaExecutor 12 exits. 
I0911 21:59:56.073645 2929890 AriaExecutor.h:94] AriaExecutor 7 exits. 
I0911 21:59:56.073628 2929897 AriaExecutor.h:94] AriaExecutor 14 exits. 
I0911 21:59:56.073632 2929893 AriaExecutor.h:94] AriaExecutor 10 exits. 
I0911 21:59:56.073657 2929898 AriaExecutor.h:94] AriaExecutor 15 exits. 
I0911 21:59:56.073645 2929892 AriaExecutor.h:94] AriaExecutor 9 exits. 
I0911 21:59:56.073637 2929885 AriaExecutor.h:94] AriaExecutor 2 exits. 
I0911 21:59:56.073645 2929884 AriaExecutor.h:94] AriaExecutor 1 exits. 
I0911 21:59:56.073648 2929894 AriaExecutor.h:94] AriaExecutor 11 exits. 
I0911 21:59:56.073632 2929889 AriaExecutor.h:94] AriaExecutor 6 exits. 
I0911 21:59:56.073648 2929896 AriaExecutor.h:94] AriaExecutor 13 exits. 
I0911 21:59:56.073650 2929888 AriaExecutor.h:94] AriaExecutor 5 exits. 
I0911 21:59:56.073638 2929883 AriaExecutor.h:94] AriaExecutor 0 exits. 
I0911 21:59:56.073648 2929886 AriaExecutor.h:94] AriaExecutor 3 exits. 
I0911 21:59:56.073638 2929887 AriaExecutor.h:94] AriaExecutor 4 exits. 
I0911 21:59:56.071275 2929863 AriaExecutor.h:535] Worker 0 latency: 1768 us (50%) 2374 us (75%) 2862 us (95%) 2963 us (99%).
I0911 21:59:56.154624 2929863 AriaExecutor.h:535] Worker 1 latency: 1769 us (50%) 2375 us (75%) 2861 us (95%) 2962 us (99%).
I0911 21:59:56.244277 2929863 AriaExecutor.h:535] Worker 2 latency: 1776 us (50%) 2378 us (75%) 2862 us (95%) 2962 us (99%).
I0911 21:59:56.328210 2929863 AriaExecutor.h:535] Worker 3 latency: 1766 us (50%) 2373 us (75%) 2861 us (95%) 2962 us (99%).
I0911 21:59:56.418391 2929863 AriaExecutor.h:535] Worker 4 latency: 1769 us (50%) 2375 us (75%) 2862 us (95%) 2962 us (99%).
I0911 21:59:56.502486 2929863 AriaExecutor.h:535] Worker 5 latency: 1764 us (50%) 2372 us (75%) 2860 us (95%) 2961 us (99%).
I0911 21:59:56.592984 2929863 AriaExecutor.h:535] Worker 6 latency: 1777 us (50%) 2378 us (75%) 2862 us (95%) 2962 us (99%).
I0911 21:59:56.675500 2929863 AriaExecutor.h:535] Worker 7 latency: 1770 us (50%) 2375 us (75%) 2861 us (95%) 2962 us (99%).
I0911 21:59:56.766260 2929863 AriaExecutor.h:535] Worker 8 latency: 1767 us (50%) 2373 us (75%) 2860 us (95%) 2962 us (99%).
I0911 21:59:56.849702 2929863 AriaExecutor.h:535] Worker 9 latency: 1762 us (50%) 2370 us (75%) 2859 us (95%) 2961 us (99%).
I0911 21:59:56.939006 2929863 AriaExecutor.h:535] Worker 10 latency: 1774 us (50%) 2376 us (75%) 2861 us (95%) 2962 us (99%).
I0911 21:59:57.021757 2929863 AriaExecutor.h:535] Worker 11 latency: 1772 us (50%) 2375 us (75%) 2860 us (95%) 2961 us (99%).
I0911 21:59:57.111495 2929863 AriaExecutor.h:535] Worker 12 latency: 1774 us (50%) 2376 us (75%) 2861 us (95%) 2962 us (99%).
I0911 21:59:57.192798 2929863 AriaExecutor.h:535] Worker 13 latency: 1764 us (50%) 2371 us (75%) 2860 us (95%) 2961 us (99%).
I0911 21:59:57.283105 2929863 AriaExecutor.h:535] Worker 14 latency: 1779 us (50%) 2378 us (75%) 2862 us (95%) 2962 us (99%).
I0911 21:59:57.365957 2929863 AriaExecutor.h:535] Worker 15 latency: 1769 us (50%) 2374 us (75%) 2860 us (95%) 2961 us (99%).
I0911 21:59:57.454632 2929863 Coordinator.h:177] total commit: 1.30964e+06
I0911 21:59:58.454756 2929863 Coordinator.h:192] Coordinator exits.
