I1126 15:35:36.366467 1011227 Database.h:65] ycsb initialization finished in 30 milliseconds.
I1126 15:35:36.366564 1011227 Coordinator.h:30] Coordinator initializes 12 workers.
I1126 15:35:36.367444 1011227 Coordinator.h:77] Coordinator starts to run 13 workers.
I1126 15:35:36.367532 1011243 AriaExecutor.h:95] AriaExecutor 0 started. 
I1126 15:35:36.367550 1011244 AriaExecutor.h:95] AriaExecutor 1 started. 
I1126 15:35:36.367600 1011245 AriaExecutor.h:95] AriaExecutor 2 started. 
I1126 15:35:36.367636 1011246 AriaExecutor.h:95] AriaExecutor 3 started. 
I1126 15:35:36.367673 1011247 AriaExecutor.h:95] AriaExecutor 4 started. 
I1126 15:35:36.367710 1011248 AriaExecutor.h:95] AriaExecutor 5 started. 
I1126 15:35:36.367733 1011249 AriaExecutor.h:95] AriaExecutor 6 started. 
I1126 15:35:36.367762 1011250 AriaExecutor.h:95] AriaExecutor 7 started. 
I1126 15:35:36.367801 1011251 AriaExecutor.h:95] AriaExecutor 8 started. 
I1126 15:35:36.367828 1011252 AriaExecutor.h:95] AriaExecutor 9 started. 
I1126 15:35:36.367870 1011253 AriaExecutor.h:95] AriaExecutor 10 started. 
I1126 15:35:36.367888 1011254 AriaExecutor.h:95] AriaExecutor 11 started. 
I1126 15:35:36.367928 1011255 Manager.h:224] Manager(worker id = 12) on the coordinator node started.
I1126 15:35:37.367971 1011227 Coordinator.h:126] commit: 853048 abort: 443952 (0/443952/0), network size: 0, avg network size: 0, si_in_serializable: 0 0 %, local: 0 %
I1126 15:35:38.368089 1011227 Coordinator.h:126] commit: 833975 abort: 434025 (0/434025/0), network size: 0, avg network size: 0, si_in_serializable: 0 0 %, local: 0 %
I1126 15:35:39.368242 1011227 Coordinator.h:126] commit: 859518 abort: 446482 (0/446482/0), network size: 0, avg network size: 0, si_in_serializable: 0 0 %, local: 0 %
I1126 15:35:40.368352 1011227 Coordinator.h:126] commit: 847170 abort: 440830 (0/440830/0), network size: 0, avg network size: 0, si_in_serializable: 0 0 %, local: 0 %
I1126 15:35:41.368463 1011227 Coordinator.h:126] commit: 861524 abort: 448061 (0/448061/0), network size: 0, avg network size: 0, si_in_serializable: 0 0 %, local: 0 %
I1126 15:35:42.368546 1011227 Coordinator.h:126] commit: 847777 abort: 441638 (0/441638/0), network size: 0, avg network size: 0, si_in_serializable: 0 0 %, local: 0 %
I1126 15:35:43.368628 1011227 Coordinator.h:126] commit: 860554 abort: 447278 (0/447278/0), network size: 0, avg network size: 0, si_in_serializable: 0 0 %, local: 0 %
I1126 15:35:44.368731 1011227 Coordinator.h:126] commit: 823063 abort: 427105 (0/427105/0), network size: 0, avg network size: 0, si_in_serializable: 0 0 %, local: 0 %
I1126 15:35:45.368824 1011227 Coordinator.h:126] commit: 858187 abort: 446813 (0/446813/0), network size: 0, avg network size: 0, si_in_serializable: 0 0 %, local: 0 %
I1126 15:35:46.368927 1011227 Coordinator.h:126] commit: 857936 abort: 445064 (0/445064/0), network size: 0, avg network size: 0, si_in_serializable: 0 0 %, local: 0 %
I1126 15:35:47.369009 1011227 Coordinator.h:126] commit: 860291 abort: 446709 (0/446709/0), network size: 0, avg network size: 0, si_in_serializable: 0 0 %, local: 0 %
I1126 15:35:48.369084 1011227 Coordinator.h:126] commit: 859400 abort: 445600 (0/445600/0), network size: 0, avg network size: 0, si_in_serializable: 0 0 %, local: 0 %
I1126 15:35:49.369163 1011227 Coordinator.h:126] commit: 851123 abort: 442877 (0/442877/0), network size: 0, avg network size: 0, si_in_serializable: 0 0 %, local: 0 %
I1126 15:35:50.369267 1011227 Coordinator.h:126] commit: 852207 abort: 442793 (0/442793/0), network size: 0, avg network size: 0, si_in_serializable: 0 0 %, local: 0 %
I1126 15:35:51.369352 1011227 Coordinator.h:126] commit: 788105 abort: 410895 (0/410895/0), network size: 0, avg network size: 0, si_in_serializable: 0 0 %, local: 0 %
I1126 15:35:52.369427 1011227 Coordinator.h:126] commit: 858136 abort: 444864 (0/444864/0), network size: 0, avg network size: 0, si_in_serializable: 0 0 %, local: 0 %
I1126 15:35:53.369503 1011227 Coordinator.h:126] commit: 858721 abort: 446279 (0/446279/0), network size: 0, avg network size: 0, si_in_serializable: 0 0 %, local: 0 %
I1126 15:35:54.369581 1011227 Coordinator.h:126] commit: 854570 abort: 443430 (0/443430/0), network size: 0, avg network size: 0, si_in_serializable: 0 0 %, local: 0 %
I1126 15:35:55.369661 1011227 Coordinator.h:126] commit: 851274 abort: 443726 (0/443726/0), network size: 0, avg network size: 0, si_in_serializable: 0 0 %, local: 0 %
I1126 15:35:56.369736 1011227 Coordinator.h:126] commit: 859366 abort: 445634 (0/445634/0), network size: 0, avg network size: 0, si_in_serializable: 0 0 %, local: 0 %
I1126 15:35:57.369817 1011227 Coordinator.h:126] commit: 857740 abort: 446260 (0/446260/0), network size: 0, avg network size: 0, si_in_serializable: 0 0 %, local: 0 %
I1126 15:35:58.369895 1011227 Coordinator.h:126] commit: 857749 abort: 446251 (0/446251/0), network size: 0, avg network size: 0, si_in_serializable: 0 0 %, local: 0 %
I1126 15:35:59.369973 1011227 Coordinator.h:126] commit: 857779 abort: 445221 (0/445221/0), network size: 0, avg network size: 0, si_in_serializable: 0 0 %, local: 0 %
I1126 15:36:00.370049 1011227 Coordinator.h:126] commit: 855900 abort: 445100 (0/445100/0), network size: 0, avg network size: 0, si_in_serializable: 0 0 %, local: 0 %
I1126 15:36:01.370175 1011227 Coordinator.h:126] commit: 845740 abort: 438260 (0/438260/0), network size: 0, avg network size: 0, si_in_serializable: 0 0 %, local: 0 %
I1126 15:36:01.370190 1011227 Coordinator.h:152] average commit: 849319 abort: 441281 (0/441281/0), network size: 0, avg network size: 0, si_in_serializable: 0 0 %, local: 0 %
I1126 15:36:01.370761 1011246 AriaExecutor.h:107] AriaExecutor 3 exits. 
I1126 15:36:01.370771 1011245 AriaExecutor.h:107] AriaExecutor 2 exits. 
I1126 15:36:01.370760 1011250 AriaExecutor.h:107] AriaExecutor 7 exits. 
I1126 15:36:01.370759 1011254 AriaExecutor.h:107] AriaExecutor 11 exits. 
I1126 15:36:01.370772 1011247 AriaExecutor.h:107] AriaExecutor 4 exits. 
I1126 15:36:01.370774 1011249 AriaExecutor.h:107] AriaExecutor 6 exits. 
I1126 15:36:01.370774 1011252 AriaExecutor.h:107] AriaExecutor 9 exits. 
I1126 15:36:01.370779 1011244 AriaExecutor.h:107] AriaExecutor 1 exits. 
I1126 15:36:01.370761 1011248 AriaExecutor.h:107] AriaExecutor 5 exits. 
I1126 15:36:01.370774 1011253 AriaExecutor.h:107] AriaExecutor 10 exits. 
I1126 15:36:01.370776 1011251 AriaExecutor.h:107] AriaExecutor 8 exits. 
I1126 15:36:01.370777 1011255 Manager.h:227] Manager(worker id = 12) on the coordinator node exits.
I1126 15:36:01.370759 1011243 AriaExecutor.h:107] AriaExecutor 0 exits. 
I1126 15:36:01.370203 1011227 AriaExecutor.h:705] Worker 0 latency: 605 us (50%) 658 us (75%) 697 us (95%) 713 us (99%).
I1126 15:36:01.450251 1011227 AriaExecutor.h:705] Worker 1 latency: 603 us (50%) 657 us (75%) 696 us (95%) 712 us (99%).
I1126 15:36:01.520435 1011227 AriaExecutor.h:705] Worker 2 latency: 605 us (50%) 658 us (75%) 696 us (95%) 713 us (99%).
I1126 15:36:01.598119 1011227 AriaExecutor.h:705] Worker 3 latency: 604 us (50%) 657 us (75%) 696 us (95%) 712 us (99%).
I1126 15:36:01.671357 1011227 AriaExecutor.h:705] Worker 4 latency: 605 us (50%) 658 us (75%) 696 us (95%) 712 us (99%).
I1126 15:36:01.748600 1011227 AriaExecutor.h:705] Worker 5 latency: 604 us (50%) 657 us (75%) 695 us (95%) 712 us (99%).
I1126 15:36:01.816952 1011227 AriaExecutor.h:705] Worker 6 latency: 607 us (50%) 658 us (75%) 696 us (95%) 712 us (99%).
I1126 15:36:01.892508 1011227 AriaExecutor.h:705] Worker 7 latency: 605 us (50%) 656 us (75%) 695 us (95%) 712 us (99%).
I1126 15:36:01.960843 1011227 AriaExecutor.h:705] Worker 8 latency: 607 us (50%) 659 us (75%) 696 us (95%) 713 us (99%).
I1126 15:36:02.037546 1011227 AriaExecutor.h:705] Worker 9 latency: 606 us (50%) 658 us (75%) 696 us (95%) 712 us (99%).
I1126 15:36:02.107652 1011227 AriaExecutor.h:705] Worker 10 latency: 607 us (50%) 659 us (75%) 696 us (95%) 712 us (99%).
I1126 15:36:02.183600 1011227 AriaExecutor.h:705] Worker 11 latency: 607 us (50%) 658 us (75%) 696 us (95%) 712 us (99%).
I1126 15:36:02.253383 1011227 Coordinator.h:177] total commit: 849319
I1126 15:36:03.253532 1011227 Coordinator.h:192] Coordinator exits.
