I0912 00:01:41.483413 2953236 Database.h:65] ycsb initialization finished in 147 milliseconds.
I0912 00:01:41.483533 2953236 Coordinator.h:30] Coordinator initializes 16 workers.
I0912 00:01:41.515918 2953236 Coordinator.h:77] Coordinator starts to run 17 workers.
I0912 00:01:41.515982 2953256 AriaExecutor.h:82] AriaExecutor 0 started. 
I0912 00:01:41.516023 2953257 AriaExecutor.h:82] AriaExecutor 1 started. 
I0912 00:01:41.516073 2953258 AriaExecutor.h:82] AriaExecutor 2 started. 
I0912 00:01:41.516121 2953259 AriaExecutor.h:82] AriaExecutor 3 started. 
I0912 00:01:41.516165 2953260 AriaExecutor.h:82] AriaExecutor 4 started. 
I0912 00:01:41.516207 2953261 AriaExecutor.h:82] AriaExecutor 5 started. 
I0912 00:01:41.516243 2953262 AriaExecutor.h:82] AriaExecutor 6 started. 
I0912 00:01:41.516287 2953263 AriaExecutor.h:82] AriaExecutor 7 started. 
I0912 00:01:41.516335 2953264 AriaExecutor.h:82] AriaExecutor 8 started. 
I0912 00:01:41.516373 2953265 AriaExecutor.h:82] AriaExecutor 9 started. 
I0912 00:01:41.516413 2953266 AriaExecutor.h:82] AriaExecutor 10 started. 
I0912 00:01:41.516456 2953267 AriaExecutor.h:82] AriaExecutor 11 started. 
I0912 00:01:41.516495 2953268 AriaExecutor.h:82] AriaExecutor 12 started. 
I0912 00:01:41.516537 2953269 AriaExecutor.h:82] AriaExecutor 13 started. 
I0912 00:01:41.516575 2953270 AriaExecutor.h:82] AriaExecutor 14 started. 
I0912 00:01:41.516625 2953271 AriaExecutor.h:82] AriaExecutor 15 started. 
I0912 00:01:41.516669 2953272 Manager.h:224] Manager(worker id = 16) on the coordinator node started.
I0912 00:01:42.516724 2953236 Coordinator.h:126] commit: 2304 abort: 165632 (0/165632/0), network size: 0, avg network size: 0, si_in_serializable: 0 0 %, local: 0 %
I0912 00:01:43.516856 2953236 Coordinator.h:126] commit: 2664 abort: 181656 (0/181656/0), network size: 0, avg network size: 0, si_in_serializable: 0 0 %, local: 0 %
I0912 00:01:44.516950 2953236 Coordinator.h:126] commit: 2555 abort: 173573 (0/173573/0), network size: 0, avg network size: 0, si_in_serializable: 0 0 %, local: 0 %
I0912 00:01:45.517038 2953236 Coordinator.h:126] commit: 2443 abort: 173685 (0/173685/0), network size: 0, avg network size: 0, si_in_serializable: 0 0 %, local: 0 %
I0912 00:01:46.517158 2953236 Coordinator.h:126] commit: 2697 abort: 181623 (0/181623/0), network size: 0, avg network size: 0, si_in_serializable: 0 0 %, local: 0 %
I0912 00:01:47.517247 2953236 Coordinator.h:126] commit: 2583 abort: 181737 (0/181737/0), network size: 0, avg network size: 0, si_in_serializable: 0 0 %, local: 0 %
I0912 00:01:48.517320 2953236 Coordinator.h:126] commit: 2649 abort: 185767 (0/185767/0), network size: 0, avg network size: 0, si_in_serializable: 0 0 %, local: 0 %
I0912 00:01:49.517396 2953236 Coordinator.h:126] commit: 2581 abort: 181739 (0/181739/0), network size: 0, avg network size: 0, si_in_serializable: 0 0 %, local: 0 %
I0912 00:01:50.517475 2953236 Coordinator.h:126] commit: 2574 abort: 181746 (0/181746/0), network size: 0, avg network size: 0, si_in_serializable: 0 0 %, local: 0 %
I0912 00:01:51.517554 2953236 Coordinator.h:126] commit: 2609 abort: 181711 (0/181711/0), network size: 0, avg network size: 0, si_in_serializable: 0 0 %, local: 0 %
I0912 00:01:52.517634 2953236 Coordinator.h:126] commit: 2662 abort: 185754 (0/185754/0), network size: 0, avg network size: 0, si_in_serializable: 0 0 %, local: 0 %
I0912 00:01:53.517740 2953236 Coordinator.h:126] commit: 2598 abort: 185818 (0/185818/0), network size: 0, avg network size: 0, si_in_serializable: 0 0 %, local: 0 %
I0912 00:01:54.517828 2953236 Coordinator.h:126] commit: 2603 abort: 185813 (0/185813/0), network size: 0, avg network size: 0, si_in_serializable: 0 0 %, local: 0 %
I0912 00:01:55.517905 2953236 Coordinator.h:126] commit: 2707 abort: 185709 (0/185709/0), network size: 0, avg network size: 0, si_in_serializable: 0 0 %, local: 0 %
I0912 00:01:56.517982 2953236 Coordinator.h:126] commit: 2753 abort: 189759 (0/189759/0), network size: 0, avg network size: 0, si_in_serializable: 0 0 %, local: 0 %
I0912 00:01:57.518069 2953236 Coordinator.h:126] commit: 2672 abort: 185744 (0/185744/0), network size: 0, avg network size: 0, si_in_serializable: 0 0 %, local: 0 %
I0912 00:01:58.518147 2953236 Coordinator.h:126] commit: 2654 abort: 185762 (0/185762/0), network size: 0, avg network size: 0, si_in_serializable: 0 0 %, local: 0 %
I0912 00:01:59.518224 2953236 Coordinator.h:126] commit: 2673 abort: 185743 (0/185743/0), network size: 0, avg network size: 0, si_in_serializable: 0 0 %, local: 0 %
I0912 00:02:00.518307 2953236 Coordinator.h:126] commit: 2648 abort: 185768 (0/185768/0), network size: 0, avg network size: 0, si_in_serializable: 0 0 %, local: 0 %
I0912 00:02:01.518393 2953236 Coordinator.h:126] commit: 2625 abort: 185791 (0/185791/0), network size: 0, avg network size: 0, si_in_serializable: 0 0 %, local: 0 %
I0912 00:02:02.518500 2953236 Coordinator.h:126] commit: 2660 abort: 185756 (0/185756/0), network size: 0, avg network size: 0, si_in_serializable: 0 0 %, local: 0 %
I0912 00:02:03.518590 2953236 Coordinator.h:126] commit: 2648 abort: 185768 (0/185768/0), network size: 0, avg network size: 0, si_in_serializable: 0 0 %, local: 0 %
I0912 00:02:04.518656 2953236 Coordinator.h:126] commit: 2744 abort: 189768 (0/189768/0), network size: 0, avg network size: 0, si_in_serializable: 0 0 %, local: 0 %
I0912 00:02:05.518723 2953236 Coordinator.h:126] commit: 2650 abort: 185766 (0/185766/0), network size: 0, avg network size: 0, si_in_serializable: 0 0 %, local: 0 %
I0912 00:02:06.518785 2953236 Coordinator.h:126] commit: 2750 abort: 189762 (0/189762/0), network size: 0, avg network size: 0, si_in_serializable: 0 0 %, local: 0 %
I0912 00:02:06.518798 2953236 Coordinator.h:152] average commit: 2659.5 abort: 186166 (0/186166/0), network size: 0, avg network size: 0, si_in_serializable: 0 0 %, local: 0 %
I0912 00:02:06.518808 2953236 AriaExecutor.h:641] Worker 0 latency: 21469 us (50%) 21728 us (75%) 22496 us (95%) 26013 us (99%).
I0912 00:02:06.537451 2953258 AriaExecutor.h:94] AriaExecutor 2 exits. 
I0912 00:02:06.537468 2953269 AriaExecutor.h:94] AriaExecutor 13 exits. 
I0912 00:02:06.537453 2953266 AriaExecutor.h:94] AriaExecutor 10 exits. 
I0912 00:02:06.537475 2953263 AriaExecutor.h:94] AriaExecutor 7 exits. 
I0912 00:02:06.537453 2953260 AriaExecutor.h:94] AriaExecutor 4 exits. 
I0912 00:02:06.537454 2953272 Manager.h:227] Manager(worker id = 16) on the coordinator node exits.
I0912 00:02:06.537454 2953268 AriaExecutor.h:94] AriaExecutor 12 exits. 
I0912 00:02:06.537456 2953270 AriaExecutor.h:94] AriaExecutor 14 exits. 
I0912 00:02:06.537456 2953262 AriaExecutor.h:94] AriaExecutor 6 exits. 
I0912 00:02:06.537468 2953261 AriaExecutor.h:94] AriaExecutor 5 exits. 
I0912 00:02:06.537452 2953264 AriaExecutor.h:94] AriaExecutor 8 exits. 
I0912 00:02:06.537468 2953271 AriaExecutor.h:94] AriaExecutor 15 exits. 
I0912 00:02:06.537468 2953267 AriaExecutor.h:94] AriaExecutor 11 exits. 
I0912 00:02:06.537470 2953259 AriaExecutor.h:94] AriaExecutor 3 exits. 
I0912 00:02:06.537470 2953257 AriaExecutor.h:94] AriaExecutor 1 exits. 
I0912 00:02:06.537468 2953265 AriaExecutor.h:94] AriaExecutor 9 exits. 
I0912 00:02:06.537453 2953256 AriaExecutor.h:94] AriaExecutor 0 exits. 
I0912 00:02:06.537928 2953236 AriaExecutor.h:641] Worker 1 latency: 21468 us (50%) 21736 us (75%) 22778 us (95%) 26749 us (99%).
I0912 00:02:06.538152 2953236 AriaExecutor.h:641] Worker 2 latency: 21468 us (50%) 21733 us (75%) 23156 us (95%) 27327 us (99%).
I0912 00:02:06.538383 2953236 AriaExecutor.h:641] Worker 3 latency: 21464 us (50%) 21728 us (75%) 22825 us (95%) 27452 us (99%).
I0912 00:02:06.538609 2953236 AriaExecutor.h:641] Worker 4 latency: 21461 us (50%) 21729 us (75%) 22451 us (95%) 26595 us (99%).
I0912 00:02:06.538861 2953236 AriaExecutor.h:641] Worker 5 latency: 21464 us (50%) 21728 us (75%) 22664 us (95%) 25298 us (99%).
I0912 00:02:06.539081 2953236 AriaExecutor.h:641] Worker 6 latency: 21462 us (50%) 21713 us (75%) 22701 us (95%) 26399 us (99%).
I0912 00:02:06.539294 2953236 AriaExecutor.h:641] Worker 7 latency: 21456 us (50%) 21716 us (75%) 22436 us (95%) 25639 us (99%).
I0912 00:02:06.539511 2953236 AriaExecutor.h:641] Worker 8 latency: 21453 us (50%) 21720 us (75%) 22790 us (95%) 26349 us (99%).
I0912 00:02:06.539726 2953236 AriaExecutor.h:641] Worker 9 latency: 21454 us (50%) 21725 us (75%) 22447 us (95%) 24962 us (99%).
I0912 00:02:06.539956 2953236 AriaExecutor.h:641] Worker 10 latency: 21461 us (50%) 21725 us (75%) 22450 us (95%) 26810 us (99%).
I0912 00:02:06.540161 2953236 AriaExecutor.h:641] Worker 11 latency: 21450 us (50%) 21722 us (75%) 22590 us (95%) 26504 us (99%).
I0912 00:02:06.540374 2953236 AriaExecutor.h:641] Worker 12 latency: 21456 us (50%) 21722 us (75%) 23090 us (95%) 26805 us (99%).
I0912 00:02:06.540570 2953236 AriaExecutor.h:641] Worker 13 latency: 21454 us (50%) 21730 us (75%) 22468 us (95%) 26454 us (99%).
I0912 00:02:06.540768 2953236 AriaExecutor.h:641] Worker 14 latency: 21449 us (50%) 21715 us (75%) 22865 us (95%) 27517 us (99%).
I0912 00:02:06.540958 2953236 AriaExecutor.h:641] Worker 15 latency: 21448 us (50%) 21708 us (75%) 22403 us (95%) 26346 us (99%).
I0912 00:02:06.541162 2953236 Coordinator.h:177] total commit: 2659.5
I0912 00:02:07.541260 2953236 Coordinator.h:192] Coordinator exits.
