I1126 16:00:04.638509 1027122 Database.h:65] ycsb initialization finished in 30 milliseconds.
I1126 16:00:04.638610 1027122 Coordinator.h:30] Coordinator initializes 12 workers.
I1126 16:00:04.710656 1027122 Coordinator.h:77] Coordinator starts to run 13 workers.
I1126 16:00:04.710714 1027138 AriaExecutor.h:93] AriaExecutor 0 started. 
I1126 16:00:04.710742 1027139 AriaExecutor.h:93] AriaExecutor 1 started. 
I1126 16:00:04.710776 1027140 AriaExecutor.h:93] AriaExecutor 2 started. 
I1126 16:00:04.710830 1027141 AriaExecutor.h:93] AriaExecutor 3 started. 
I1126 16:00:04.710902 1027143 AriaExecutor.h:93] AriaExecutor 5 started. 
I1126 16:00:04.710945 1027144 AriaExecutor.h:93] AriaExecutor 6 started. 
I1126 16:00:04.710983 1027145 AriaExecutor.h:93] AriaExecutor 7 started. 
I1126 16:00:04.711015 1027146 AriaExecutor.h:93] AriaExecutor 8 started. 
I1126 16:00:04.711059 1027147 AriaExecutor.h:93] AriaExecutor 9 started. 
I1126 16:00:04.711097 1027148 AriaExecutor.h:93] AriaExecutor 10 started. 
I1126 16:00:04.711144 1027149 AriaExecutor.h:93] AriaExecutor 11 started. 
I1126 16:00:04.711177 1027142 AriaExecutor.h:93] AriaExecutor 4 started. 
I1126 16:00:04.711179 1027150 Manager.h:224] Manager(worker id = 12) on the coordinator node started.
I1126 16:00:05.711253 1027122 Coordinator.h:126] commit: 5554 abort: 204446 (0/204446/0), network size: 0, avg network size: 0, si_in_serializable: 0 0 %, local: 0 %
I1126 16:00:06.711385 1027122 Coordinator.h:126] commit: 5659 abort: 214341 (0/214341/0), network size: 0, avg network size: 0, si_in_serializable: 0 0 %, local: 0 %
I1126 16:00:07.711517 1027122 Coordinator.h:126] commit: 5862 abort: 214138 (0/214138/0), network size: 0, avg network size: 0, si_in_serializable: 0 0 %, local: 0 %
I1126 16:00:08.711612 1027122 Coordinator.h:126] commit: 6015 abort: 223985 (0/223985/0), network size: 0, avg network size: 0, si_in_serializable: 0 0 %, local: 0 %
I1126 16:00:09.711706 1027122 Coordinator.h:126] commit: 6062 abort: 223938 (0/223938/0), network size: 0, avg network size: 0, si_in_serializable: 0 0 %, local: 0 %
I1126 16:00:10.711815 1027122 Coordinator.h:126] commit: 5865 abort: 214135 (0/214135/0), network size: 0, avg network size: 0, si_in_serializable: 0 0 %, local: 0 %
I1126 16:00:11.711925 1027122 Coordinator.h:126] commit: 6093 abort: 223907 (0/223907/0), network size: 0, avg network size: 0, si_in_serializable: 0 0 %, local: 0 %
I1126 16:00:12.712044 1027122 Coordinator.h:126] commit: 5785 abort: 214215 (0/214215/0), network size: 0, avg network size: 0, si_in_serializable: 0 0 %, local: 0 %
I1126 16:00:13.712137 1027122 Coordinator.h:126] commit: 6051 abort: 223949 (0/223949/0), network size: 0, avg network size: 0, si_in_serializable: 0 0 %, local: 0 %
I1126 16:00:14.712224 1027122 Coordinator.h:126] commit: 6035 abort: 223965 (0/223965/0), network size: 0, avg network size: 0, si_in_serializable: 0 0 %, local: 0 %
I1126 16:00:15.712335 1027122 Coordinator.h:126] commit: 6077 abort: 223923 (0/223923/0), network size: 0, avg network size: 0, si_in_serializable: 0 0 %, local: 0 %
I1126 16:00:16.712450 1027122 Coordinator.h:126] commit: 6041 abort: 223959 (0/223959/0), network size: 0, avg network size: 0, si_in_serializable: 0 0 %, local: 0 %
I1126 16:00:17.712575 1027122 Coordinator.h:126] commit: 5958 abort: 224042 (0/224042/0), network size: 0, avg network size: 0, si_in_serializable: 0 0 %, local: 0 %
I1126 16:00:18.712666 1027122 Coordinator.h:126] commit: 6099 abort: 223901 (0/223901/0), network size: 0, avg network size: 0, si_in_serializable: 0 0 %, local: 0 %
I1126 16:00:19.712756 1027122 Coordinator.h:126] commit: 5841 abort: 214159 (0/214159/0), network size: 0, avg network size: 0, si_in_serializable: 0 0 %, local: 0 %
I1126 16:00:20.712874 1027122 Coordinator.h:126] commit: 6059 abort: 223941 (0/223941/0), network size: 0, avg network size: 0, si_in_serializable: 0 0 %, local: 0 %
I1126 16:00:21.712985 1027122 Coordinator.h:126] commit: 6033 abort: 223967 (0/223967/0), network size: 0, avg network size: 0, si_in_serializable: 0 0 %, local: 0 %
I1126 16:00:22.713088 1027122 Coordinator.h:126] commit: 6066 abort: 223934 (0/223934/0), network size: 0, avg network size: 0, si_in_serializable: 0 0 %, local: 0 %
I1126 16:00:23.713173 1027122 Coordinator.h:126] commit: 5818 abort: 214182 (0/214182/0), network size: 0, avg network size: 0, si_in_serializable: 0 0 %, local: 0 %
I1126 16:00:24.713258 1027122 Coordinator.h:126] commit: 6123 abort: 223877 (0/223877/0), network size: 0, avg network size: 0, si_in_serializable: 0 0 %, local: 0 %
I1126 16:00:25.713339 1027122 Coordinator.h:126] commit: 5986 abort: 224014 (0/224014/0), network size: 0, avg network size: 0, si_in_serializable: 0 0 %, local: 0 %
I1126 16:00:26.713425 1027122 Coordinator.h:126] commit: 6112 abort: 223888 (0/223888/0), network size: 0, avg network size: 0, si_in_serializable: 0 0 %, local: 0 %
I1126 16:00:27.713503 1027122 Coordinator.h:126] commit: 5795 abort: 214205 (0/214205/0), network size: 0, avg network size: 0, si_in_serializable: 0 0 %, local: 0 %
I1126 16:00:28.713608 1027122 Coordinator.h:126] commit: 6103 abort: 223897 (0/223897/0), network size: 0, avg network size: 0, si_in_serializable: 0 0 %, local: 0 %
I1126 16:00:29.713702 1027122 Coordinator.h:126] commit: 6035 abort: 223965 (0/223965/0), network size: 0, avg network size: 0, si_in_serializable: 0 0 %, local: 0 %
I1126 16:00:29.713739 1027122 Coordinator.h:152] average commit: 6011.5 abort: 221988 (0/221988/0), network size: 0, avg network size: 0, si_in_serializable: 0 0 %, local: 0 %
I1126 16:00:29.713747 1027122 AriaExecutor.h:672] Worker 0 latency: 43252 us (50%) 43579 us (75%) 44942 us (95%) 51618 us (99%).
I1126 16:00:29.748965 1027140 AriaExecutor.h:105] AriaExecutor 2 exits. 
I1126 16:00:29.748975 1027150 Manager.h:227] Manager(worker id = 12) on the coordinator node exits.
I1126 16:00:29.748966 1027142 AriaExecutor.h:105] AriaExecutor 4 exits. 
I1126 16:00:29.748966 1027138 AriaExecutor.h:105] AriaExecutor 0 exits. 
I1126 16:00:29.748978 1027147 AriaExecutor.h:105] AriaExecutor 9 exits. 
I1126 16:00:29.748966 1027148 AriaExecutor.h:105] AriaExecutor 10 exits. 
I1126 16:00:29.748978 1027139 AriaExecutor.h:105] AriaExecutor 1 exits. 
I1126 16:00:29.748978 1027143 AriaExecutor.h:105] AriaExecutor 5 exits. 
I1126 16:00:29.748978 1027145 AriaExecutor.h:105] AriaExecutor 7 exits. 
I1126 16:00:29.748978 1027141 AriaExecutor.h:105] AriaExecutor 3 exits. 
I1126 16:00:29.748978 1027149 AriaExecutor.h:105] AriaExecutor 11 exits. 
I1126 16:00:29.748965 1027146 AriaExecutor.h:105] AriaExecutor 8 exits. 
I1126 16:00:29.748965 1027144 AriaExecutor.h:105] AriaExecutor 6 exits. 
I1126 16:00:29.749116 1027122 AriaExecutor.h:672] Worker 1 latency: 43256 us (50%) 43575 us (75%) 44879 us (95%) 51405 us (99%).
I1126 16:00:29.749981 1027122 AriaExecutor.h:672] Worker 2 latency: 43266 us (50%) 43583 us (75%) 44978 us (95%) 51103 us (99%).
I1126 16:00:29.750692 1027122 AriaExecutor.h:672] Worker 3 latency: 43252 us (50%) 43575 us (75%) 44787 us (95%) 50951 us (99%).
I1126 16:00:29.751415 1027122 AriaExecutor.h:672] Worker 4 latency: 43253 us (50%) 43578 us (75%) 44938 us (95%) 51450 us (99%).
I1126 16:00:29.752123 1027122 AriaExecutor.h:672] Worker 5 latency: 43254 us (50%) 43572 us (75%) 44839 us (95%) 51327 us (99%).
I1126 16:00:29.752867 1027122 AriaExecutor.h:672] Worker 6 latency: 43250 us (50%) 43574 us (75%) 44865 us (95%) 51322 us (99%).
I1126 16:00:29.753543 1027122 AriaExecutor.h:672] Worker 7 latency: 43242 us (50%) 43570 us (75%) 44829 us (95%) 50970 us (99%).
I1126 16:00:29.754297 1027122 AriaExecutor.h:672] Worker 8 latency: 43251 us (50%) 43576 us (75%) 44875 us (95%) 51379 us (99%).
I1126 16:00:29.754992 1027122 AriaExecutor.h:672] Worker 9 latency: 43252 us (50%) 43575 us (75%) 44929 us (95%) 51527 us (99%).
I1126 16:00:29.755733 1027122 AriaExecutor.h:672] Worker 10 latency: 43249 us (50%) 43574 us (75%) 44898 us (95%) 51349 us (99%).
I1126 16:00:29.756414 1027122 AriaExecutor.h:672] Worker 11 latency: 43252 us (50%) 43570 us (75%) 44817 us (95%) 51232 us (99%).
I1126 16:00:29.757146 1027122 Coordinator.h:177] total commit: 6011.5
I1126 16:00:30.757253 1027122 Coordinator.h:192] Coordinator exits.
