I0912 00:06:13.571422 2954124 Database.h:65] ycsb initialization finished in 146 milliseconds.
I0912 00:06:13.571534 2954124 Coordinator.h:30] Coordinator initializes 16 workers.
I0912 00:06:13.579399 2954124 Coordinator.h:77] Coordinator starts to run 17 workers.
I0912 00:06:13.579497 2954144 AriaExecutor.h:82] AriaExecutor 0 started. 
I0912 00:06:13.579520 2954145 AriaExecutor.h:82] AriaExecutor 1 started. 
I0912 00:06:13.579583 2954146 AriaExecutor.h:82] AriaExecutor 2 started. 
I0912 00:06:13.579617 2954147 AriaExecutor.h:82] AriaExecutor 3 started. 
I0912 00:06:13.579648 2954148 AriaExecutor.h:82] AriaExecutor 4 started. 
I0912 00:06:13.579689 2954149 AriaExecutor.h:82] AriaExecutor 5 started. 
I0912 00:06:13.579727 2954150 AriaExecutor.h:82] AriaExecutor 6 started. 
I0912 00:06:13.579763 2954151 AriaExecutor.h:82] AriaExecutor 7 started. 
I0912 00:06:13.579793 2954152 AriaExecutor.h:82] AriaExecutor 8 started. 
I0912 00:06:13.579833 2954153 AriaExecutor.h:82] AriaExecutor 9 started. 
I0912 00:06:13.579861 2954154 AriaExecutor.h:82] AriaExecutor 10 started. 
I0912 00:06:13.579900 2954155 AriaExecutor.h:82] AriaExecutor 11 started. 
I0912 00:06:13.579936 2954156 AriaExecutor.h:82] AriaExecutor 12 started. 
I0912 00:06:13.579968 2954157 AriaExecutor.h:82] AriaExecutor 13 started. 
I0912 00:06:13.579998 2954158 AriaExecutor.h:82] AriaExecutor 14 started. 
I0912 00:06:13.580031 2954159 AriaExecutor.h:82] AriaExecutor 15 started. 
I0912 00:06:13.580065 2954160 Manager.h:224] Manager(worker id = 16) on the coordinator node started.
I0912 00:06:14.580113 2954124 Coordinator.h:126] commit: 783614 abort: 319234 (0/319234/0), network size: 0, avg network size: 0, si_in_serializable: 0 0 %, local: 0 %
I0912 00:06:15.580235 2954124 Coordinator.h:126] commit: 772337 abort: 316175 (0/316175/0), network size: 0, avg network size: 0, si_in_serializable: 0 0 %, local: 0 %
I0912 00:06:16.580320 2954124 Coordinator.h:126] commit: 748520 abort: 305176 (0/305176/0), network size: 0, avg network size: 0, si_in_serializable: 0 0 %, local: 0 %
I0912 00:06:17.580397 2954124 Coordinator.h:126] commit: 765907 abort: 311341 (0/311341/0), network size: 0, avg network size: 0, si_in_serializable: 0 0 %, local: 0 %
I0912 00:06:18.580557 2954124 Coordinator.h:126] commit: 782092 abort: 318708 (0/318708/0), network size: 0, avg network size: 0, si_in_serializable: 0 0 %, local: 0 %
I0912 00:06:19.580662 2954124 Coordinator.h:126] commit: 771584 abort: 313856 (0/313856/0), network size: 0, avg network size: 0, si_in_serializable: 0 0 %, local: 0 %
I0912 00:06:20.580740 2954124 Coordinator.h:126] commit: 790182 abort: 321882 (0/321882/0), network size: 0, avg network size: 0, si_in_serializable: 0 0 %, local: 0 %
I0912 00:06:21.580803 2954124 Coordinator.h:126] commit: 791642 abort: 322462 (0/322462/0), network size: 0, avg network size: 0, si_in_serializable: 0 0 %, local: 0 %
I0912 00:06:22.580866 2954124 Coordinator.h:126] commit: 772310 abort: 315186 (0/315186/0), network size: 0, avg network size: 0, si_in_serializable: 0 0 %, local: 0 %
I0912 00:06:23.580948 2954124 Coordinator.h:126] commit: 789889 abort: 322175 (0/322175/0), network size: 0, avg network size: 0, si_in_serializable: 0 0 %, local: 0 %
I0912 00:06:24.581022 2954124 Coordinator.h:126] commit: 726360 abort: 294568 (0/294568/0), network size: 0, avg network size: 0, si_in_serializable: 0 0 %, local: 0 %
I0912 00:06:25.581102 2954124 Coordinator.h:126] commit: 776652 abort: 316980 (0/316980/0), network size: 0, avg network size: 0, si_in_serializable: 0 0 %, local: 0 %
I0912 00:06:26.581214 2954124 Coordinator.h:126] commit: 788597 abort: 320395 (0/320395/0), network size: 0, avg network size: 0, si_in_serializable: 0 0 %, local: 0 %
I0912 00:06:27.581303 2954124 Coordinator.h:126] commit: 791078 abort: 322010 (0/322010/0), network size: 0, avg network size: 0, si_in_serializable: 0 0 %, local: 0 %
I0912 00:06:28.581364 2954124 Coordinator.h:126] commit: 789639 abort: 321401 (0/321401/0), network size: 0, avg network size: 0, si_in_serializable: 0 0 %, local: 0 %
I0912 00:06:29.581435 2954124 Coordinator.h:126] commit: 791256 abort: 323880 (0/323880/0), network size: 0, avg network size: 0, si_in_serializable: 0 0 %, local: 0 %
I0912 00:06:30.581511 2954124 Coordinator.h:126] commit: 787420 abort: 321572 (0/321572/0), network size: 0, avg network size: 0, si_in_serializable: 0 0 %, local: 0 %
I0912 00:06:31.581588 2954124 Coordinator.h:126] commit: 787547 abort: 321445 (0/321445/0), network size: 0, avg network size: 0, si_in_serializable: 0 0 %, local: 0 %
I0912 00:06:32.581652 2954124 Coordinator.h:126] commit: 787499 abort: 321493 (0/321493/0), network size: 0, avg network size: 0, si_in_serializable: 0 0 %, local: 0 %
I0912 00:06:33.581717 2954124 Coordinator.h:126] commit: 788352 abort: 321664 (0/321664/0), network size: 0, avg network size: 0, si_in_serializable: 0 0 %, local: 0 %
I0912 00:06:34.581784 2954124 Coordinator.h:126] commit: 790613 abort: 321451 (0/321451/0), network size: 0, avg network size: 0, si_in_serializable: 0 0 %, local: 0 %
I0912 00:06:35.581867 2954124 Coordinator.h:126] commit: 700681 abort: 285431 (0/285431/0), network size: 0, avg network size: 0, si_in_serializable: 0 0 %, local: 0 %
I0912 00:06:36.581948 2954124 Coordinator.h:126] commit: 789453 abort: 322611 (0/322611/0), network size: 0, avg network size: 0, si_in_serializable: 0 0 %, local: 0 %
I0912 00:06:37.582029 2954124 Coordinator.h:126] commit: 785309 abort: 320611 (0/320611/0), network size: 0, avg network size: 0, si_in_serializable: 0 0 %, local: 0 %
I0912 00:06:38.582091 2954124 Coordinator.h:126] commit: 790504 abort: 322584 (0/322584/0), network size: 0, avg network size: 0, si_in_serializable: 0 0 %, local: 0 %
I0912 00:06:38.582103 2954124 Coordinator.h:152] average commit: 781440 abort: 318541 (0/318541/0), network size: 0, avg network size: 0, si_in_serializable: 0 0 %, local: 0 %
I0912 00:06:38.582572 2954151 AriaExecutor.h:94] AriaExecutor 7 exits. 
I0912 00:06:38.582574 2954159 AriaExecutor.h:94] AriaExecutor 15 exits. 
I0912 00:06:38.582583 2954154 AriaExecutor.h:94] AriaExecutor 10 exits. 
I0912 00:06:38.582576 2954149 AriaExecutor.h:94] AriaExecutor 5 exits. 
I0912 00:06:38.582584 2954158 AriaExecutor.h:94] AriaExecutor 14 exits. 
I0912 00:06:38.582576 2954157 AriaExecutor.h:94] AriaExecutor 13 exits. 
I0912 00:06:38.582607 2954155 AriaExecutor.h:94] AriaExecutor 11 exits. 
I0912 00:06:38.582602 2954146 AriaExecutor.h:94] AriaExecutor 2 exits. 
I0912 00:06:38.582585 2954152 AriaExecutor.h:94] AriaExecutor 8 exits. 
I0912 00:06:38.582585 2954156 AriaExecutor.h:94] AriaExecutor 12 exits. 
I0912 00:06:38.582589 2954145 AriaExecutor.h:94] AriaExecutor 1 exits. 
I0912 00:06:38.582572 2954144 AriaExecutor.h:94] AriaExecutor 0 exits. 
I0912 00:06:38.582576 2954153 AriaExecutor.h:94] AriaExecutor 9 exits. 
I0912 00:06:38.582587 2954148 AriaExecutor.h:94] AriaExecutor 4 exits. 
I0912 00:06:38.582593 2954160 Manager.h:227] Manager(worker id = 16) on the coordinator node exits.
I0912 00:06:38.582607 2954147 AriaExecutor.h:94] AriaExecutor 3 exits. 
I0912 00:06:38.582585 2954150 AriaExecutor.h:94] AriaExecutor 6 exits. 
I0912 00:06:38.582111 2954124 AriaExecutor.h:641] Worker 0 latency: 625 us (50%) 767 us (75%) 864 us (95%) 905 us (99%).
I0912 00:06:38.630761 2954124 AriaExecutor.h:641] Worker 1 latency: 624 us (50%) 765 us (75%) 862 us (95%) 902 us (99%).
I0912 00:06:38.679231 2954124 AriaExecutor.h:641] Worker 2 latency: 627 us (50%) 768 us (75%) 864 us (95%) 905 us (99%).
I0912 00:06:38.728318 2954124 AriaExecutor.h:641] Worker 3 latency: 624 us (50%) 765 us (75%) 862 us (95%) 902 us (99%).
I0912 00:06:38.777338 2954124 AriaExecutor.h:641] Worker 4 latency: 626 us (50%) 767 us (75%) 864 us (95%) 905 us (99%).
I0912 00:06:38.825847 2954124 AriaExecutor.h:641] Worker 5 latency: 622 us (50%) 765 us (75%) 862 us (95%) 903 us (99%).
I0912 00:06:38.875499 2954124 AriaExecutor.h:641] Worker 6 latency: 627 us (50%) 768 us (75%) 864 us (95%) 905 us (99%).
I0912 00:06:38.924711 2954124 AriaExecutor.h:641] Worker 7 latency: 622 us (50%) 764 us (75%) 862 us (95%) 902 us (99%).
I0912 00:06:38.974587 2954124 AriaExecutor.h:641] Worker 8 latency: 625 us (50%) 766 us (75%) 864 us (95%) 905 us (99%).
I0912 00:06:39.024261 2954124 AriaExecutor.h:641] Worker 9 latency: 622 us (50%) 764 us (75%) 862 us (95%) 902 us (99%).
I0912 00:06:39.072636 2954124 AriaExecutor.h:641] Worker 10 latency: 626 us (50%) 767 us (75%) 863 us (95%) 905 us (99%).
I0912 00:06:39.122661 2954124 AriaExecutor.h:641] Worker 11 latency: 622 us (50%) 764 us (75%) 862 us (95%) 903 us (99%).
I0912 00:06:39.170994 2954124 AriaExecutor.h:641] Worker 12 latency: 625 us (50%) 766 us (75%) 863 us (95%) 905 us (99%).
I0912 00:06:39.220387 2954124 AriaExecutor.h:641] Worker 13 latency: 622 us (50%) 764 us (75%) 862 us (95%) 903 us (99%).
I0912 00:06:39.269037 2954124 AriaExecutor.h:641] Worker 14 latency: 626 us (50%) 767 us (75%) 863 us (95%) 904 us (99%).
I0912 00:06:39.318454 2954124 AriaExecutor.h:641] Worker 15 latency: 623 us (50%) 764 us (75%) 862 us (95%) 902 us (99%).
I0912 00:06:39.366418 2954124 Coordinator.h:177] total commit: 781440
I0912 00:06:40.366540 2954124 Coordinator.h:192] Coordinator exits.
