I1126 13:54:32.159854 949650 Database.h:65] ycsb initialization finished in 30 milliseconds.
I1126 13:54:32.159943 949650 Coordinator.h:30] Coordinator initializes 12 workers.
I1126 13:54:32.232055 949650 Coordinator.h:77] Coordinator starts to run 13 workers.
I1126 13:54:32.232122 949666 AriaExecutor.h:82] AriaExecutor 0 started. 
I1126 13:54:32.232144 949667 AriaExecutor.h:82] AriaExecutor 1 started. 
I1126 13:54:32.232187 949668 AriaExecutor.h:82] AriaExecutor 2 started. 
I1126 13:54:32.232228 949669 AriaExecutor.h:82] AriaExecutor 3 started. 
I1126 13:54:32.232313 949671 AriaExecutor.h:82] AriaExecutor 5 started. 
I1126 13:54:32.232357 949672 AriaExecutor.h:82] AriaExecutor 6 started. 
I1126 13:54:32.232398 949673 AriaExecutor.h:82] AriaExecutor 7 started. 
I1126 13:54:32.232434 949674 AriaExecutor.h:82] AriaExecutor 8 started. 
I1126 13:54:32.232481 949675 AriaExecutor.h:82] AriaExecutor 9 started. 
I1126 13:54:32.232522 949676 AriaExecutor.h:82] AriaExecutor 10 started. 
I1126 13:54:32.232575 949677 AriaExecutor.h:82] AriaExecutor 11 started. 
I1126 13:54:32.232605 949670 AriaExecutor.h:82] AriaExecutor 4 started. 
I1126 13:54:32.232609 949678 Manager.h:224] Manager(worker id = 12) on the coordinator node started.
I1126 13:54:33.232678 949650 Coordinator.h:126] commit: 43 abort: 229957 (0/229957/0), network size: 0, avg network size: 0, si_in_serializable: 0 0 %, local: 0 %
I1126 13:54:34.232795 949650 Coordinator.h:126] commit: 50 abort: 239950 (0/239950/0), network size: 0, avg network size: 0, si_in_serializable: 0 0 %, local: 0 %
I1126 13:54:35.232918 949650 Coordinator.h:126] commit: 58 abort: 249942 (0/249942/0), network size: 0, avg network size: 0, si_in_serializable: 0 0 %, local: 0 %
I1126 13:54:36.233035 949650 Coordinator.h:126] commit: 51 abort: 249949 (0/249949/0), network size: 0, avg network size: 0, si_in_serializable: 0 0 %, local: 0 %
I1126 13:54:37.233139 949650 Coordinator.h:126] commit: 53 abort: 249947 (0/249947/0), network size: 0, avg network size: 0, si_in_serializable: 0 0 %, local: 0 %
I1126 13:54:38.233220 949650 Coordinator.h:126] commit: 56 abort: 249944 (0/249944/0), network size: 0, avg network size: 0, si_in_serializable: 0 0 %, local: 0 %
I1126 13:54:39.233328 949650 Coordinator.h:126] commit: 48 abort: 239952 (0/239952/0), network size: 0, avg network size: 0, si_in_serializable: 0 0 %, local: 0 %
I1126 13:54:40.233417 949650 Coordinator.h:126] commit: 55 abort: 259945 (0/259945/0), network size: 0, avg network size: 0, si_in_serializable: 0 0 %, local: 0 %
I1126 13:54:41.233503 949650 Coordinator.h:126] commit: 46 abort: 249954 (0/249954/0), network size: 0, avg network size: 0, si_in_serializable: 0 0 %, local: 0 %
I1126 13:54:42.233585 949650 Coordinator.h:126] commit: 49 abort: 249951 (0/249951/0), network size: 0, avg network size: 0, si_in_serializable: 0 0 %, local: 0 %
I1126 13:54:43.233668 949650 Coordinator.h:126] commit: 58 abort: 249942 (0/249942/0), network size: 0, avg network size: 0, si_in_serializable: 0 0 %, local: 0 %
I1126 13:54:44.233770 949650 Coordinator.h:126] commit: 60 abort: 249940 (0/249940/0), network size: 0, avg network size: 0, si_in_serializable: 0 0 %, local: 0 %
I1126 13:54:45.233865 949650 Coordinator.h:126] commit: 56 abort: 249944 (0/249944/0), network size: 0, avg network size: 0, si_in_serializable: 0 0 %, local: 0 %
I1126 13:54:46.233978 949650 Coordinator.h:126] commit: 51 abort: 249949 (0/249949/0), network size: 0, avg network size: 0, si_in_serializable: 0 0 %, local: 0 %
I1126 13:54:47.234081 949650 Coordinator.h:126] commit: 53 abort: 249947 (0/249947/0), network size: 0, avg network size: 0, si_in_serializable: 0 0 %, local: 0 %
I1126 13:54:48.234164 949650 Coordinator.h:126] commit: 53 abort: 249947 (0/249947/0), network size: 0, avg network size: 0, si_in_serializable: 0 0 %, local: 0 %
I1126 13:54:49.234246 949650 Coordinator.h:126] commit: 58 abort: 249942 (0/249942/0), network size: 0, avg network size: 0, si_in_serializable: 0 0 %, local: 0 %
I1126 13:54:50.234328 949650 Coordinator.h:126] commit: 52 abort: 239948 (0/239948/0), network size: 0, avg network size: 0, si_in_serializable: 0 0 %, local: 0 %
I1126 13:54:51.234411 949650 Coordinator.h:126] commit: 52 abort: 249948 (0/249948/0), network size: 0, avg network size: 0, si_in_serializable: 0 0 %, local: 0 %
I1126 13:54:52.234506 949650 Coordinator.h:126] commit: 52 abort: 249948 (0/249948/0), network size: 0, avg network size: 0, si_in_serializable: 0 0 %, local: 0 %
I1126 13:54:53.234601 949650 Coordinator.h:126] commit: 44 abort: 249956 (0/249956/0), network size: 0, avg network size: 0, si_in_serializable: 0 0 %, local: 0 %
I1126 13:54:54.234678 949650 Coordinator.h:126] commit: 52 abort: 249948 (0/249948/0), network size: 0, avg network size: 0, si_in_serializable: 0 0 %, local: 0 %
I1126 13:54:55.234756 949650 Coordinator.h:126] commit: 53 abort: 249947 (0/249947/0), network size: 0, avg network size: 0, si_in_serializable: 0 0 %, local: 0 %
I1126 13:54:56.234843 949650 Coordinator.h:126] commit: 55 abort: 239945 (0/239945/0), network size: 0, avg network size: 0, si_in_serializable: 0 0 %, local: 0 %
I1126 13:54:57.234946 949650 Coordinator.h:126] commit: 53 abort: 249947 (0/249947/0), network size: 0, avg network size: 0, si_in_serializable: 0 0 %, local: 0 %
I1126 13:54:57.234972 949650 Coordinator.h:152] average commit: 54.5 abort: 248946 (0/248946/0), network size: 0, avg network size: 0, si_in_serializable: 0 0 %, local: 0 %
I1126 13:54:57.234980 949650 AriaExecutor.h:535] Worker 0 latency: 39972 us (50%) 40171 us (75%) 41650 us (95%) 48577 us (99%).
I1126 13:54:57.247758 949676 AriaExecutor.h:94] AriaExecutor 10 exits. 
I1126 13:54:57.247758 949670 AriaExecutor.h:94] AriaExecutor 4 exits. 
I1126 13:54:57.247771 949667 AriaExecutor.h:94] AriaExecutor 1 exits. 
I1126 13:54:57.247758 949668 AriaExecutor.h:94] AriaExecutor 2 exits. 
I1126 13:54:57.247758 949678 Manager.h:227] Manager(worker id = 12) on the coordinator node exits.
I1126 13:54:57.247761 949666 AriaExecutor.h:94] AriaExecutor 0 exits. 
I1126 13:54:57.247759 949674 AriaExecutor.h:94] AriaExecutor 8 exits. 
I1126 13:54:57.247758 949672 AriaExecutor.h:94] AriaExecutor 6 exits. 
I1126 13:54:57.247771 949677 AriaExecutor.h:94] AriaExecutor 11 exits. 
I1126 13:54:57.247771 949675 AriaExecutor.h:94] AriaExecutor 9 exits. 
I1126 13:54:57.247771 949669 AriaExecutor.h:94] AriaExecutor 3 exits. 
I1126 13:54:57.247771 949673 AriaExecutor.h:94] AriaExecutor 7 exits. 
I1126 13:54:57.247771 949671 AriaExecutor.h:94] AriaExecutor 5 exits. 
I1126 13:54:57.247941 949650 AriaExecutor.h:535] Worker 1 latency: 39951 us (50%) 40153 us (75%) 41653 us (95%) 47080 us (99%).
I1126 13:54:57.247973 949650 AriaExecutor.h:535] Worker 2 latency: 39982 us (50%) 40183 us (75%) 40874 us (95%) 47140 us (99%).
I1126 13:54:57.247992 949650 AriaExecutor.h:535] Worker 3 latency: 39904 us (50%) 40075 us (75%) 40699 us (95%) 41925 us (99%).
I1126 13:54:57.248009 949650 AriaExecutor.h:535] Worker 4 latency: 39992 us (50%) 40129 us (75%) 40527 us (95%) 48611 us (99%).
I1126 13:54:57.248039 949650 AriaExecutor.h:535] Worker 5 latency: 39945 us (50%) 40179 us (75%) 47117 us (95%) 48453 us (99%).
I1126 13:54:57.248057 949650 AriaExecutor.h:535] Worker 6 latency: 39930 us (50%) 40281 us (75%) 48631 us (95%) 50348 us (99%).
I1126 13:54:57.248068 949650 AriaExecutor.h:535] Worker 7 latency: 39890 us (50%) 40141 us (75%) 41769 us (95%) 41956 us (99%).
I1126 13:54:57.248082 949650 AriaExecutor.h:535] Worker 8 latency: 39865 us (50%) 40018 us (75%) 40802 us (95%) 49675 us (99%).
I1126 13:54:57.248093 949650 AriaExecutor.h:535] Worker 9 latency: 39884 us (50%) 39964 us (75%) 40640 us (95%) 40640 us (99%).
I1126 13:54:57.248104 949650 AriaExecutor.h:535] Worker 10 latency: 39730 us (50%) 39834 us (75%) 40479 us (95%) 40479 us (99%).
I1126 13:54:57.248116 949650 AriaExecutor.h:535] Worker 11 latency: 39912 us (50%) 40037 us (75%) 47111 us (95%) 47111 us (99%).
I1126 13:54:57.248136 949650 Coordinator.h:177] total commit: 54.5
I1126 13:54:58.248238 949650 Coordinator.h:192] Coordinator exits.
