I0911 22:22:22.803221 2934227 Database.h:65] ycsb initialization finished in 148 milliseconds.
I0911 22:22:22.803323 2934227 Coordinator.h:30] Coordinator initializes 16 workers.
I0911 22:22:22.810999 2934227 Coordinator.h:77] Coordinator starts to run 17 workers.
I0911 22:22:22.811066 2934247 AriaExecutor.h:82] AriaExecutor 0 started. 
I0911 22:22:22.811089 2934248 AriaExecutor.h:82] AriaExecutor 1 started. 
I0911 22:22:22.811127 2934249 AriaExecutor.h:82] AriaExecutor 2 started. 
I0911 22:22:22.811180 2934250 AriaExecutor.h:82] AriaExecutor 3 started. 
I0911 22:22:22.811214 2934251 AriaExecutor.h:82] AriaExecutor 4 started. 
I0911 22:22:22.811255 2934252 AriaExecutor.h:82] AriaExecutor 5 started. 
I0911 22:22:22.811288 2934253 AriaExecutor.h:82] AriaExecutor 6 started. 
I0911 22:22:22.811339 2934254 AriaExecutor.h:82] AriaExecutor 7 started. 
I0911 22:22:22.811370 2934255 AriaExecutor.h:82] AriaExecutor 8 started. 
I0911 22:22:22.811414 2934256 AriaExecutor.h:82] AriaExecutor 9 started. 
I0911 22:22:22.811445 2934257 AriaExecutor.h:82] AriaExecutor 10 started. 
I0911 22:22:22.811487 2934258 AriaExecutor.h:82] AriaExecutor 11 started. 
I0911 22:22:22.811519 2934259 AriaExecutor.h:82] AriaExecutor 12 started. 
I0911 22:22:22.811559 2934260 AriaExecutor.h:82] AriaExecutor 13 started. 
I0911 22:22:22.811600 2934261 AriaExecutor.h:82] AriaExecutor 14 started. 
I0911 22:22:22.811641 2934262 AriaExecutor.h:82] AriaExecutor 15 started. 
I0911 22:22:22.811674 2934263 Manager.h:224] Manager(worker id = 16) on the coordinator node started.
I0911 22:22:23.811731 2934227 Coordinator.h:126] commit: 198384 abort: 51472 (0/51472/0), network size: 0, avg network size: 0, si_in_serializable: 0 0 %, local: 0 %
I0911 22:22:24.811857 2934227 Coordinator.h:126] commit: 200932 abort: 51996 (0/51996/0), network size: 0, avg network size: 0, si_in_serializable: 0 0 %, local: 0 %
I0911 22:22:25.811932 2934227 Coordinator.h:126] commit: 195682 abort: 51102 (0/51102/0), network size: 0, avg network size: 0, si_in_serializable: 0 0 %, local: 0 %
I0911 22:22:26.812021 2934227 Coordinator.h:126] commit: 200045 abort: 51859 (0/51859/0), network size: 0, avg network size: 0, si_in_serializable: 0 0 %, local: 0 %
I0911 22:22:27.812124 2934227 Coordinator.h:126] commit: 209270 abort: 53898 (0/53898/0), network size: 0, avg network size: 0, si_in_serializable: 0 0 %, local: 0 %
I0911 22:22:28.812211 2934227 Coordinator.h:126] commit: 209338 abort: 53830 (0/53830/0), network size: 0, avg network size: 0, si_in_serializable: 0 0 %, local: 0 %
I0911 22:22:29.812294 2934227 Coordinator.h:126] commit: 210169 abort: 54023 (0/54023/0), network size: 0, avg network size: 0, si_in_serializable: 0 0 %, local: 0 %
I0911 22:22:30.812376 2934227 Coordinator.h:126] commit: 209561 abort: 53607 (0/53607/0), network size: 0, avg network size: 0, si_in_serializable: 0 0 %, local: 0 %
I0911 22:22:31.812459 2934227 Coordinator.h:126] commit: 205417 abort: 52631 (0/52631/0), network size: 0, avg network size: 0, si_in_serializable: 0 0 %, local: 0 %
I0911 22:22:32.812542 2934227 Coordinator.h:126] commit: 206647 abort: 53449 (0/53449/0), network size: 0, avg network size: 0, si_in_serializable: 0 0 %, local: 0 %
I0911 22:22:33.812640 2934227 Coordinator.h:126] commit: 208806 abort: 54362 (0/54362/0), network size: 0, avg network size: 0, si_in_serializable: 0 0 %, local: 0 %
I0911 22:22:34.812767 2934227 Coordinator.h:126] commit: 210809 abort: 54407 (0/54407/0), network size: 0, avg network size: 0, si_in_serializable: 0 0 %, local: 0 %
I0911 22:22:35.812850 2934227 Coordinator.h:126] commit: 211650 abort: 54590 (0/54590/0), network size: 0, avg network size: 0, si_in_serializable: 0 0 %, local: 0 %
I0911 22:22:36.812939 2934227 Coordinator.h:126] commit: 212103 abort: 55003 (0/55003/0), network size: 0, avg network size: 0, si_in_serializable: 0 0 %, local: 0 %
I0911 22:22:37.813030 2934227 Coordinator.h:126] commit: 211684 abort: 54714 (0/54714/0), network size: 0, avg network size: 0, si_in_serializable: 0 0 %, local: 0 %
I0911 22:22:38.813120 2934227 Coordinator.h:126] commit: 211490 abort: 54750 (0/54750/0), network size: 0, avg network size: 0, si_in_serializable: 0 0 %, local: 0 %
I0911 22:22:39.813200 2934227 Coordinator.h:126] commit: 212337 abort: 54927 (0/54927/0), network size: 0, avg network size: 0, si_in_serializable: 0 0 %, local: 0 %
I0911 22:22:40.813287 2934227 Coordinator.h:126] commit: 209450 abort: 53718 (0/53718/0), network size: 0, avg network size: 0, si_in_serializable: 0 0 %, local: 0 %
I0911 22:22:41.813371 2934227 Coordinator.h:126] commit: 211740 abort: 54500 (0/54500/0), network size: 0, avg network size: 0, si_in_serializable: 0 0 %, local: 0 %
I0911 22:22:42.813441 2934227 Coordinator.h:126] commit: 211882 abort: 54358 (0/54358/0), network size: 0, avg network size: 0, si_in_serializable: 0 0 %, local: 0 %
I0911 22:22:43.813520 2934227 Coordinator.h:126] commit: 205888 abort: 53184 (0/53184/0), network size: 0, avg network size: 0, si_in_serializable: 0 0 %, local: 0 %
I0911 22:22:44.813593 2934227 Coordinator.h:126] commit: 207690 abort: 53430 (0/53430/0), network size: 0, avg network size: 0, si_in_serializable: 0 0 %, local: 0 %
I0911 22:22:45.813666 2934227 Coordinator.h:126] commit: 210607 abort: 54609 (0/54609/0), network size: 0, avg network size: 0, si_in_serializable: 0 0 %, local: 0 %
I0911 22:22:46.813731 2934227 Coordinator.h:126] commit: 207777 abort: 53343 (0/53343/0), network size: 0, avg network size: 0, si_in_serializable: 0 0 %, local: 0 %
I0911 22:22:47.813831 2934227 Coordinator.h:126] commit: 210149 abort: 54043 (0/54043/0), network size: 0, avg network size: 0, si_in_serializable: 0 0 %, local: 0 %
I0911 22:22:47.813846 2934227 Coordinator.h:152] average commit: 211195 abort: 54532.9 (0/54532.9/0), network size: 0, avg network size: 0, si_in_serializable: 0 0 %, local: 0 %
I0911 22:22:47.814724 2934247 AriaExecutor.h:94] AriaExecutor 0 exits. 
I0911 22:22:47.814742 2934260 AriaExecutor.h:94] AriaExecutor 13 exits. 
I0911 22:22:47.814728 2934263 Manager.h:227] Manager(worker id = 16) on the coordinator node exits.
I0911 22:22:47.814725 2934261 AriaExecutor.h:94] AriaExecutor 14 exits. 
I0911 22:22:47.814735 2934252 AriaExecutor.h:94] AriaExecutor 5 exits. 
I0911 22:22:47.814736 2934262 AriaExecutor.h:94] AriaExecutor 15 exits. 
I0911 22:22:47.814724 2934257 AriaExecutor.h:94] AriaExecutor 10 exits. 
I0911 22:22:47.814738 2934256 AriaExecutor.h:94] AriaExecutor 9 exits. 
I0911 22:22:47.814736 2934248 AriaExecutor.h:94] AriaExecutor 1 exits. 
I0911 22:22:47.814738 2934254 AriaExecutor.h:94] AriaExecutor 7 exits. 
I0911 22:22:47.814739 2934250 AriaExecutor.h:94] AriaExecutor 3 exits. 
I0911 22:22:47.814741 2934251 AriaExecutor.h:94] AriaExecutor 4 exits. 
I0911 22:22:47.814740 2934253 AriaExecutor.h:94] AriaExecutor 6 exits. 
I0911 22:22:47.814741 2934249 AriaExecutor.h:94] AriaExecutor 2 exits. 
I0911 22:22:47.814740 2934259 AriaExecutor.h:94] AriaExecutor 12 exits. 
I0911 22:22:47.814743 2934258 AriaExecutor.h:94] AriaExecutor 11 exits. 
I0911 22:22:47.814726 2934255 AriaExecutor.h:94] AriaExecutor 8 exits. 
I0911 22:22:47.813855 2934227 AriaExecutor.h:535] Worker 0 latency: 2736 us (50%) 3265 us (75%) 3650 us (95%) 3779 us (99%).
I0911 22:22:47.829272 2934227 AriaExecutor.h:535] Worker 1 latency: 2743 us (50%) 3269 us (75%) 3652 us (95%) 3775 us (99%).
I0911 22:22:47.844725 2934227 AriaExecutor.h:535] Worker 2 latency: 2760 us (50%) 3280 us (75%) 3656 us (95%) 3784 us (99%).
I0911 22:22:47.859844 2934227 AriaExecutor.h:535] Worker 3 latency: 2746 us (50%) 3270 us (75%) 3651 us (95%) 3773 us (99%).
I0911 22:22:47.875167 2934227 AriaExecutor.h:535] Worker 4 latency: 2741 us (50%) 3268 us (75%) 3652 us (95%) 3778 us (99%).
I0911 22:22:47.890357 2934227 AriaExecutor.h:535] Worker 5 latency: 2731 us (50%) 3264 us (75%) 3650 us (95%) 3772 us (99%).
I0911 22:22:47.905720 2934227 AriaExecutor.h:535] Worker 6 latency: 2758 us (50%) 3279 us (75%) 3656 us (95%) 3781 us (99%).
I0911 22:22:47.920706 2934227 AriaExecutor.h:535] Worker 7 latency: 2744 us (50%) 3269 us (75%) 3651 us (95%) 3772 us (99%).
I0911 22:22:47.935922 2934227 AriaExecutor.h:535] Worker 8 latency: 2741 us (50%) 3267 us (75%) 3652 us (95%) 3779 us (99%).
I0911 22:22:47.950999 2934227 AriaExecutor.h:535] Worker 9 latency: 2737 us (50%) 3267 us (75%) 3651 us (95%) 3773 us (99%).
I0911 22:22:47.966298 2934227 AriaExecutor.h:535] Worker 10 latency: 2759 us (50%) 3276 us (75%) 3654 us (95%) 3780 us (99%).
I0911 22:22:47.981387 2934227 AriaExecutor.h:535] Worker 11 latency: 2748 us (50%) 3271 us (75%) 3651 us (95%) 3773 us (99%).
I0911 22:22:47.996685 2934227 AriaExecutor.h:535] Worker 12 latency: 2750 us (50%) 3273 us (75%) 3652 us (95%) 3779 us (99%).
I0911 22:22:48.011693 2934227 AriaExecutor.h:535] Worker 13 latency: 2735 us (50%) 3265 us (75%) 3650 us (95%) 3772 us (99%).
I0911 22:22:48.026821 2934227 AriaExecutor.h:535] Worker 14 latency: 2764 us (50%) 3280 us (75%) 3655 us (95%) 3783 us (99%).
I0911 22:22:48.041749 2934227 AriaExecutor.h:535] Worker 15 latency: 2748 us (50%) 3270 us (75%) 3651 us (95%) 3771 us (99%).
I0911 22:22:48.057045 2934227 Coordinator.h:177] total commit: 211195
I0911 22:22:49.057161 2934227 Coordinator.h:192] Coordinator exits.
