I0911 21:57:41.235750 2929528 Database.h:65] ycsb initialization finished in 188 milliseconds.
I0911 21:57:41.235877 2929528 Coordinator.h:30] Coordinator initializes 16 workers.
I0911 21:57:41.268215 2929528 Coordinator.h:77] Coordinator starts to run 17 workers.
I0911 21:57:41.268339 2929548 AriaExecutor.h:82] AriaExecutor 0 started. 
I0911 21:57:41.268357 2929549 AriaExecutor.h:82] AriaExecutor 1 started. 
I0911 21:57:41.268424 2929550 AriaExecutor.h:82] AriaExecutor 2 started. 
I0911 21:57:41.268448 2929551 AriaExecutor.h:82] AriaExecutor 3 started. 
I0911 21:57:41.268486 2929552 AriaExecutor.h:82] AriaExecutor 4 started. 
I0911 21:57:41.268520 2929553 AriaExecutor.h:82] AriaExecutor 5 started. 
I0911 21:57:41.268556 2929554 AriaExecutor.h:82] AriaExecutor 6 started. 
I0911 21:57:41.268579 2929555 AriaExecutor.h:82] AriaExecutor 7 started. 
I0911 21:57:41.268627 2929556 AriaExecutor.h:82] AriaExecutor 8 started. 
I0911 21:57:41.268656 2929557 AriaExecutor.h:82] AriaExecutor 9 started. 
I0911 21:57:41.268693 2929558 AriaExecutor.h:82] AriaExecutor 10 started. 
I0911 21:57:41.268721 2929559 AriaExecutor.h:82] AriaExecutor 11 started. 
I0911 21:57:41.268756 2929560 AriaExecutor.h:82] AriaExecutor 12 started. 
I0911 21:57:41.268786 2929561 AriaExecutor.h:82] AriaExecutor 13 started. 
I0911 21:57:41.268819 2929562 AriaExecutor.h:82] AriaExecutor 14 started. 
I0911 21:57:41.268857 2929563 AriaExecutor.h:82] AriaExecutor 15 started. 
I0911 21:57:41.268893 2929564 Manager.h:224] Manager(worker id = 16) on the coordinator node started.
I0911 21:57:42.268966 2929528 Coordinator.h:126] commit: 31184 abort: 116272 (0/116272/0), network size: 0, avg network size: 0, si_in_serializable: 0 0 %, local: 0 %
I0911 21:57:43.269181 2929528 Coordinator.h:126] commit: 33852 abort: 125892 (0/125892/0), network size: 0, avg network size: 0, si_in_serializable: 0 0 %, local: 0 %
I0911 21:57:44.269275 2929528 Coordinator.h:126] commit: 31757 abort: 119795 (0/119795/0), network size: 0, avg network size: 0, si_in_serializable: 0 0 %, local: 0 %
I0911 21:57:45.269351 2929528 Coordinator.h:126] commit: 32695 abort: 122953 (0/122953/0), network size: 0, avg network size: 0, si_in_serializable: 0 0 %, local: 0 %
I0911 21:57:46.269531 2929528 Coordinator.h:126] commit: 34571 abort: 129269 (0/129269/0), network size: 0, avg network size: 0, si_in_serializable: 0 0 %, local: 0 %
I0911 21:57:47.269637 2929528 Coordinator.h:126] commit: 33811 abort: 125933 (0/125933/0), network size: 0, avg network size: 0, si_in_serializable: 0 0 %, local: 0 %
I0911 21:57:48.269722 2929528 Coordinator.h:126] commit: 34705 abort: 129135 (0/129135/0), network size: 0, avg network size: 0, si_in_serializable: 0 0 %, local: 0 %
I0911 21:57:49.269821 2929528 Coordinator.h:126] commit: 34536 abort: 129304 (0/129304/0), network size: 0, avg network size: 0, si_in_serializable: 0 0 %, local: 0 %
I0911 21:57:50.269909 2929528 Coordinator.h:126] commit: 34563 abort: 129277 (0/129277/0), network size: 0, avg network size: 0, si_in_serializable: 0 0 %, local: 0 %
I0911 21:57:51.270005 2929528 Coordinator.h:126] commit: 33514 abort: 123340 (0/123340/0), network size: 0, avg network size: 0, si_in_serializable: 0 0 %, local: 0 %
I0911 21:57:52.270084 2929528 Coordinator.h:126] commit: 34020 abort: 128614 (0/128614/0), network size: 0, avg network size: 0, si_in_serializable: 0 0 %, local: 0 %
I0911 21:57:53.270154 2929528 Coordinator.h:126] commit: 33762 abort: 125982 (0/125982/0), network size: 0, avg network size: 0, si_in_serializable: 0 0 %, local: 0 %
I0911 21:57:54.270232 2929528 Coordinator.h:126] commit: 34785 abort: 129055 (0/129055/0), network size: 0, avg network size: 0, si_in_serializable: 0 0 %, local: 0 %
I0911 21:57:55.270339 2929528 Coordinator.h:126] commit: 34611 abort: 129229 (0/129229/0), network size: 0, avg network size: 0, si_in_serializable: 0 0 %, local: 0 %
I0911 21:57:56.270442 2929528 Coordinator.h:126] commit: 34726 abort: 129114 (0/129114/0), network size: 0, avg network size: 0, si_in_serializable: 0 0 %, local: 0 %
I0911 21:57:57.270514 2929528 Coordinator.h:126] commit: 34656 abort: 129184 (0/129184/0), network size: 0, avg network size: 0, si_in_serializable: 0 0 %, local: 0 %
I0911 21:57:58.270608 2929528 Coordinator.h:126] commit: 34569 abort: 129271 (0/129271/0), network size: 0, avg network size: 0, si_in_serializable: 0 0 %, local: 0 %
I0911 21:57:59.270706 2929528 Coordinator.h:126] commit: 34620 abort: 129220 (0/129220/0), network size: 0, avg network size: 0, si_in_serializable: 0 0 %, local: 0 %
I0911 21:58:00.270792 2929528 Coordinator.h:126] commit: 34419 abort: 129421 (0/129421/0), network size: 0, avg network size: 0, si_in_serializable: 0 0 %, local: 0 %
I0911 21:58:01.270870 2929528 Coordinator.h:126] commit: 32980 abort: 122734 (0/122734/0), network size: 0, avg network size: 0, si_in_serializable: 0 0 %, local: 0 %
I0911 21:58:02.270964 2929528 Coordinator.h:126] commit: 34506 abort: 129268 (0/129268/0), network size: 0, avg network size: 0, si_in_serializable: 0 0 %, local: 0 %
I0911 21:58:03.271056 2929528 Coordinator.h:126] commit: 33874 abort: 125870 (0/125870/0), network size: 0, avg network size: 0, si_in_serializable: 0 0 %, local: 0 %
I0911 21:58:04.271173 2929528 Coordinator.h:126] commit: 34420 abort: 129420 (0/129420/0), network size: 0, avg network size: 0, si_in_serializable: 0 0 %, local: 0 %
I0911 21:58:05.271281 2929528 Coordinator.h:126] commit: 34588 abort: 129252 (0/129252/0), network size: 0, avg network size: 0, si_in_serializable: 0 0 %, local: 0 %
I0911 21:58:06.271358 2929528 Coordinator.h:126] commit: 33844 abort: 125900 (0/125900/0), network size: 0, avg network size: 0, si_in_serializable: 0 0 %, local: 0 %
I0911 21:58:06.271370 2929528 Coordinator.h:152] average commit: 34314.8 abort: 128182 (0/128182/0), network size: 0, avg network size: 0, si_in_serializable: 0 0 %, local: 0 %
I0911 21:58:06.271379 2929528 AriaExecutor.h:535] Worker 0 latency: 23133 us (50%) 23703 us (75%) 24208 us (95%) 26888 us (99%).
I0911 21:58:06.278856 2929553 AriaExecutor.h:94] AriaExecutor 5 exits. 
I0911 21:58:06.278859 2929548 AriaExecutor.h:94] AriaExecutor 0 exits. 
I0911 21:58:06.278858 2929557 AriaExecutor.h:94] AriaExecutor 9 exits. 
I0911 21:58:06.278856 2929559 AriaExecutor.h:94] AriaExecutor 11 exits. 
I0911 21:58:06.278867 2929560 AriaExecutor.h:94] AriaExecutor 12 exits. 
I0911 21:58:06.278867 2929550 AriaExecutor.h:94] AriaExecutor 2 exits. 
I0911 21:58:06.278868 2929554 AriaExecutor.h:94] AriaExecutor 6 exits. 
I0911 21:58:06.278868 2929556 AriaExecutor.h:94] AriaExecutor 8 exits. 
I0911 21:58:06.278868 2929552 AriaExecutor.h:94] AriaExecutor 4 exits. 
I0911 21:58:06.278857 2929551 AriaExecutor.h:94] AriaExecutor 3 exits. 
I0911 21:58:06.278872 2929558 AriaExecutor.h:94] AriaExecutor 10 exits. 
I0911 21:58:06.278874 2929564 Manager.h:227] Manager(worker id = 16) on the coordinator node exits.
I0911 21:58:06.278869 2929562 AriaExecutor.h:94] AriaExecutor 14 exits. 
I0911 21:58:06.278872 2929549 AriaExecutor.h:94] AriaExecutor 1 exits. 
I0911 21:58:06.278856 2929555 AriaExecutor.h:94] AriaExecutor 7 exits. 
I0911 21:58:06.278859 2929561 AriaExecutor.h:94] AriaExecutor 13 exits. 
I0911 21:58:06.278859 2929563 AriaExecutor.h:94] AriaExecutor 15 exits. 
I0911 21:58:06.279297 2929528 AriaExecutor.h:535] Worker 1 latency: 23134 us (50%) 23698 us (75%) 24201 us (95%) 27111 us (99%).
I0911 21:58:06.282091 2929528 AriaExecutor.h:535] Worker 2 latency: 23128 us (50%) 23690 us (75%) 24197 us (95%) 26992 us (99%).
I0911 21:58:06.285053 2929528 AriaExecutor.h:535] Worker 3 latency: 23120 us (50%) 23695 us (75%) 24198 us (95%) 26798 us (99%).
I0911 21:58:06.287812 2929528 AriaExecutor.h:535] Worker 4 latency: 23127 us (50%) 23699 us (75%) 24212 us (95%) 27010 us (99%).
I0911 21:58:06.290827 2929528 AriaExecutor.h:535] Worker 5 latency: 23123 us (50%) 23698 us (75%) 24209 us (95%) 26946 us (99%).
I0911 21:58:06.293642 2929528 AriaExecutor.h:535] Worker 6 latency: 23128 us (50%) 23690 us (75%) 24201 us (95%) 27006 us (99%).
I0911 21:58:06.296638 2929528 AriaExecutor.h:535] Worker 7 latency: 23105 us (50%) 23693 us (75%) 24205 us (95%) 26821 us (99%).
I0911 21:58:06.299425 2929528 AriaExecutor.h:535] Worker 8 latency: 23121 us (50%) 23693 us (75%) 24191 us (95%) 27368 us (99%).
I0911 21:58:06.302484 2929528 AriaExecutor.h:535] Worker 9 latency: 23131 us (50%) 23700 us (75%) 24206 us (95%) 26786 us (99%).
I0911 21:58:06.305250 2929528 AriaExecutor.h:535] Worker 10 latency: 23111 us (50%) 23686 us (75%) 24201 us (95%) 27081 us (99%).
I0911 21:58:06.308251 2929528 AriaExecutor.h:535] Worker 11 latency: 23129 us (50%) 23695 us (75%) 24200 us (95%) 26903 us (99%).
I0911 21:58:06.311033 2929528 AriaExecutor.h:535] Worker 12 latency: 23120 us (50%) 23691 us (75%) 24197 us (95%) 27221 us (99%).
I0911 21:58:06.314003 2929528 AriaExecutor.h:535] Worker 13 latency: 23127 us (50%) 23699 us (75%) 24207 us (95%) 27048 us (99%).
I0911 21:58:06.316763 2929528 AriaExecutor.h:535] Worker 14 latency: 23109 us (50%) 23682 us (75%) 24187 us (95%) 26975 us (99%).
I0911 21:58:06.319701 2929528 AriaExecutor.h:535] Worker 15 latency: 23112 us (50%) 23687 us (75%) 24190 us (95%) 26607 us (99%).
I0911 21:58:06.322471 2929528 Coordinator.h:177] total commit: 34314.8
I0911 21:58:07.322592 2929528 Coordinator.h:192] Coordinator exits.
