I1126 13:50:08.496088 947083 Database.h:65] ycsb initialization finished in 30 milliseconds.
I1126 13:50:08.496193 947083 Coordinator.h:30] Coordinator initializes 12 workers.
I1126 13:50:08.568431 947083 Coordinator.h:77] Coordinator starts to run 13 workers.
I1126 13:50:08.568495 947099 AriaExecutor.h:82] AriaExecutor 0 started. 
I1126 13:50:08.568535 947100 AriaExecutor.h:82] AriaExecutor 1 started. 
I1126 13:50:08.568583 947101 AriaExecutor.h:82] AriaExecutor 2 started. 
I1126 13:50:08.568625 947102 AriaExecutor.h:82] AriaExecutor 3 started. 
I1126 13:50:08.568706 947104 AriaExecutor.h:82] AriaExecutor 5 started. 
I1126 13:50:08.568746 947105 AriaExecutor.h:82] AriaExecutor 6 started. 
I1126 13:50:08.568782 947106 AriaExecutor.h:82] AriaExecutor 7 started. 
I1126 13:50:08.568814 947107 AriaExecutor.h:82] AriaExecutor 8 started. 
I1126 13:50:08.568859 947108 AriaExecutor.h:82] AriaExecutor 9 started. 
I1126 13:50:08.568895 947109 AriaExecutor.h:82] AriaExecutor 10 started. 
I1126 13:50:08.568938 947110 AriaExecutor.h:82] AriaExecutor 11 started. 
I1126 13:50:08.568971 947103 AriaExecutor.h:82] AriaExecutor 4 started. 
I1126 13:50:08.568975 947111 Manager.h:224] Manager(worker id = 12) on the coordinator node started.
I1126 13:50:09.569041 947083 Coordinator.h:126] commit: 459982 abort: 520018 (0/520018/0), network size: 0, avg network size: 0, si_in_serializable: 0 0 %, local: 0 %
I1126 13:50:10.569162 947083 Coordinator.h:126] commit: 449952 abort: 510048 (0/510048/0), network size: 0, avg network size: 0, si_in_serializable: 0 0 %, local: 0 %
I1126 13:50:11.569284 947083 Coordinator.h:126] commit: 459453 abort: 520547 (0/520547/0), network size: 0, avg network size: 0, si_in_serializable: 0 0 %, local: 0 %
I1126 13:50:12.569376 947083 Coordinator.h:126] commit: 463093 abort: 526907 (0/526907/0), network size: 0, avg network size: 0, si_in_serializable: 0 0 %, local: 0 %
I1126 13:50:13.569473 947083 Coordinator.h:126] commit: 459182 abort: 520818 (0/520818/0), network size: 0, avg network size: 0, si_in_serializable: 0 0 %, local: 0 %
I1126 13:50:14.569552 947083 Coordinator.h:126] commit: 463438 abort: 526562 (0/526562/0), network size: 0, avg network size: 0, si_in_serializable: 0 0 %, local: 0 %
I1126 13:50:15.569664 947083 Coordinator.h:126] commit: 453742 abort: 516258 (0/516258/0), network size: 0, avg network size: 0, si_in_serializable: 0 0 %, local: 0 %
I1126 13:50:16.569762 947083 Coordinator.h:126] commit: 463800 abort: 526200 (0/526200/0), network size: 0, avg network size: 0, si_in_serializable: 0 0 %, local: 0 %
I1126 13:50:17.569842 947083 Coordinator.h:126] commit: 463526 abort: 526474 (0/526474/0), network size: 0, avg network size: 0, si_in_serializable: 0 0 %, local: 0 %
I1126 13:50:18.569936 947083 Coordinator.h:126] commit: 459011 abort: 520989 (0/520989/0), network size: 0, avg network size: 0, si_in_serializable: 0 0 %, local: 0 %
I1126 13:50:19.570019 947083 Coordinator.h:126] commit: 463885 abort: 526115 (0/526115/0), network size: 0, avg network size: 0, si_in_serializable: 0 0 %, local: 0 %
I1126 13:50:20.570120 947083 Coordinator.h:126] commit: 464035 abort: 525965 (0/525965/0), network size: 0, avg network size: 0, si_in_serializable: 0 0 %, local: 0 %
I1126 13:50:21.570211 947083 Coordinator.h:126] commit: 463692 abort: 526308 (0/526308/0), network size: 0, avg network size: 0, si_in_serializable: 0 0 %, local: 0 %
I1126 13:50:22.570307 947083 Coordinator.h:126] commit: 455387 abort: 514613 (0/514613/0), network size: 0, avg network size: 0, si_in_serializable: 0 0 %, local: 0 %
I1126 13:50:23.570399 947083 Coordinator.h:126] commit: 459072 abort: 520928 (0/520928/0), network size: 0, avg network size: 0, si_in_serializable: 0 0 %, local: 0 %
I1126 13:50:24.570521 947083 Coordinator.h:126] commit: 463517 abort: 526483 (0/526483/0), network size: 0, avg network size: 0, si_in_serializable: 0 0 %, local: 0 %
I1126 13:50:25.570626 947083 Coordinator.h:126] commit: 459211 abort: 520789 (0/520789/0), network size: 0, avg network size: 0, si_in_serializable: 0 0 %, local: 0 %
I1126 13:50:26.570726 947083 Coordinator.h:126] commit: 464360 abort: 525640 (0/525640/0), network size: 0, avg network size: 0, si_in_serializable: 0 0 %, local: 0 %
I1126 13:50:27.570809 947083 Coordinator.h:126] commit: 459464 abort: 520536 (0/520536/0), network size: 0, avg network size: 0, si_in_serializable: 0 0 %, local: 0 %
I1126 13:50:28.570904 947083 Coordinator.h:126] commit: 463670 abort: 526330 (0/526330/0), network size: 0, avg network size: 0, si_in_serializable: 0 0 %, local: 0 %
I1126 13:50:29.570989 947083 Coordinator.h:126] commit: 463950 abort: 526050 (0/526050/0), network size: 0, avg network size: 0, si_in_serializable: 0 0 %, local: 0 %
I1126 13:50:30.571094 947083 Coordinator.h:126] commit: 463911 abort: 526089 (0/526089/0), network size: 0, avg network size: 0, si_in_serializable: 0 0 %, local: 0 %
I1126 13:50:31.571188 947083 Coordinator.h:126] commit: 463043 abort: 526957 (0/526957/0), network size: 0, avg network size: 0, si_in_serializable: 0 0 %, local: 0 %
I1126 13:50:32.571283 947083 Coordinator.h:126] commit: 463319 abort: 526681 (0/526681/0), network size: 0, avg network size: 0, si_in_serializable: 0 0 %, local: 0 %
I1126 13:50:33.571367 947083 Coordinator.h:126] commit: 463389 abort: 526611 (0/526611/0), network size: 0, avg network size: 0, si_in_serializable: 0 0 %, local: 0 %
I1126 13:50:33.571400 947083 Coordinator.h:152] average commit: 461629 abort: 523371 (0/523371/0), network size: 0, avg network size: 0, si_in_serializable: 0 0 %, local: 0 %
I1126 13:50:33.580214 947103 AriaExecutor.h:94] AriaExecutor 4 exits. 
I1126 13:50:33.580219 947099 AriaExecutor.h:94] AriaExecutor 0 exits. 
I1126 13:50:33.580214 947111 Manager.h:227] Manager(worker id = 12) on the coordinator node exits.
I1126 13:50:33.580226 947106 AriaExecutor.h:94] AriaExecutor 7 exits. 
I1126 13:50:33.580219 947107 AriaExecutor.h:94] AriaExecutor 8 exits. 
I1126 13:50:33.580215 947109 AriaExecutor.h:94] AriaExecutor 10 exits. 
I1126 13:50:33.580224 947102 AriaExecutor.h:94] AriaExecutor 3 exits. 
I1126 13:50:33.580225 947100 AriaExecutor.h:94] AriaExecutor 1 exits. 
I1126 13:50:33.580219 947105 AriaExecutor.h:94] AriaExecutor 6 exits. 
I1126 13:50:33.580224 947110 AriaExecutor.h:94] AriaExecutor 11 exits. 
I1126 13:50:33.580228 947108 AriaExecutor.h:94] AriaExecutor 9 exits. 
I1126 13:50:33.580215 947101 AriaExecutor.h:94] AriaExecutor 2 exits. 
I1126 13:50:33.580224 947104 AriaExecutor.h:94] AriaExecutor 5 exits. 
I1126 13:50:33.571408 947083 AriaExecutor.h:535] Worker 0 latency: 6681 us (50%) 8488 us (75%) 9632 us (95%) 9855 us (99%).
I1126 13:50:33.618399 947083 AriaExecutor.h:535] Worker 1 latency: 6648 us (50%) 8473 us (75%) 9625 us (95%) 9849 us (99%).
I1126 13:50:33.668787 947083 AriaExecutor.h:535] Worker 2 latency: 6668 us (50%) 8484 us (75%) 9630 us (95%) 9852 us (99%).
I1126 13:50:33.716499 947083 AriaExecutor.h:535] Worker 3 latency: 6597 us (50%) 8447 us (75%) 9620 us (95%) 9845 us (99%).
I1126 13:50:33.766161 947083 AriaExecutor.h:535] Worker 4 latency: 6639 us (50%) 8467 us (75%) 9624 us (95%) 9849 us (99%).
I1126 13:50:33.813477 947083 AriaExecutor.h:535] Worker 5 latency: 6631 us (50%) 8463 us (75%) 9624 us (95%) 9849 us (99%).
I1126 13:50:33.864207 947083 AriaExecutor.h:535] Worker 6 latency: 6614 us (50%) 8454 us (75%) 9620 us (95%) 9846 us (99%).
I1126 13:50:33.910890 947083 AriaExecutor.h:535] Worker 7 latency: 6582 us (50%) 8441 us (75%) 9617 us (95%) 9845 us (99%).
I1126 13:50:33.962081 947083 AriaExecutor.h:535] Worker 8 latency: 6653 us (50%) 8471 us (75%) 9624 us (95%) 9849 us (99%).
I1126 13:50:34.009555 947083 AriaExecutor.h:535] Worker 9 latency: 6599 us (50%) 8446 us (75%) 9619 us (95%) 9845 us (99%).
I1126 13:50:34.060572 947083 AriaExecutor.h:535] Worker 10 latency: 6691 us (50%) 8489 us (75%) 9628 us (95%) 9851 us (99%).
I1126 13:50:34.108446 947083 AriaExecutor.h:535] Worker 11 latency: 6779 us (50%) 8534 us (75%) 9649 us (95%) 9869 us (99%).
I1126 13:50:34.159205 947083 Coordinator.h:177] total commit: 461629
I1126 13:50:35.159313 947083 Coordinator.h:192] Coordinator exits.
