I0911 23:12:52.698542 2944028 Database.h:65] ycsb initialization finished in 178 milliseconds.
I0911 23:12:52.698659 2944028 Coordinator.h:30] Coordinator initializes 16 workers.
I0911 23:12:52.817888 2944028 Coordinator.h:77] Coordinator starts to run 17 workers.
I0911 23:12:52.817945 2944050 AriaExecutor.h:82] AriaExecutor 0 started. 
I0911 23:12:52.817983 2944051 AriaExecutor.h:82] AriaExecutor 1 started. 
I0911 23:12:52.818029 2944052 AriaExecutor.h:82] AriaExecutor 2 started. 
I0911 23:12:52.818073 2944053 AriaExecutor.h:82] AriaExecutor 3 started. 
I0911 23:12:52.818104 2944054 AriaExecutor.h:82] AriaExecutor 4 started. 
I0911 23:12:52.818149 2944055 AriaExecutor.h:82] AriaExecutor 5 started. 
I0911 23:12:52.818185 2944056 AriaExecutor.h:82] AriaExecutor 6 started. 
I0911 23:12:52.818219 2944057 AriaExecutor.h:82] AriaExecutor 7 started. 
I0911 23:12:52.818261 2944058 AriaExecutor.h:82] AriaExecutor 8 started. 
I0911 23:12:52.818300 2944059 AriaExecutor.h:82] AriaExecutor 9 started. 
I0911 23:12:52.818336 2944060 AriaExecutor.h:82] AriaExecutor 10 started. 
I0911 23:12:52.818387 2944061 AriaExecutor.h:82] AriaExecutor 11 started. 
I0911 23:12:52.818423 2944062 AriaExecutor.h:82] AriaExecutor 12 started. 
I0911 23:12:52.818465 2944063 AriaExecutor.h:82] AriaExecutor 13 started. 
I0911 23:12:52.818503 2944064 AriaExecutor.h:82] AriaExecutor 14 started. 
I0911 23:12:52.818545 2944065 AriaExecutor.h:82] AriaExecutor 15 started. 
I0911 23:12:52.818583 2944066 Manager.h:224] Manager(worker id = 16) on the coordinator node started.
I0911 23:12:53.818636 2944028 Coordinator.h:126] commit: 1122866 abort: 13134 (0/13134/0), network size: 0, avg network size: 0, si_in_serializable: 0 0 %, local: 0 %
I0911 23:12:54.818753 2944028 Coordinator.h:126] commit: 1138655 abort: 13345 (0/13345/0), network size: 0, avg network size: 0, si_in_serializable: 0 0 %, local: 0 %
I0911 23:12:55.818832 2944028 Coordinator.h:126] commit: 1138735 abort: 13265 (0/13265/0), network size: 0, avg network size: 0, si_in_serializable: 0 0 %, local: 0 %
I0911 23:12:56.818919 2944028 Coordinator.h:126] commit: 1091254 abort: 12746 (0/12746/0), network size: 0, avg network size: 0, si_in_serializable: 0 0 %, local: 0 %
I0911 23:12:57.819000 2944028 Coordinator.h:126] commit: 1138695 abort: 13305 (0/13305/0), network size: 0, avg network size: 0, si_in_serializable: 0 0 %, local: 0 %
I0911 23:12:58.819110 2944028 Coordinator.h:126] commit: 1154584 abort: 13416 (0/13416/0), network size: 0, avg network size: 0, si_in_serializable: 0 0 %, local: 0 %
I0911 23:12:59.819193 2944028 Coordinator.h:126] commit: 1170311 abort: 13689 (0/13689/0), network size: 0, avg network size: 0, si_in_serializable: 0 0 %, local: 0 %
I0911 23:13:00.819268 2944028 Coordinator.h:126] commit: 1154554 abort: 13446 (0/13446/0), network size: 0, avg network size: 0, si_in_serializable: 0 0 %, local: 0 %
I0911 23:13:01.819350 2944028 Coordinator.h:126] commit: 1170308 abort: 13692 (0/13692/0), network size: 0, avg network size: 0, si_in_serializable: 0 0 %, local: 0 %
I0911 23:13:02.819429 2944028 Coordinator.h:126] commit: 1170259 abort: 13741 (0/13741/0), network size: 0, avg network size: 0, si_in_serializable: 0 0 %, local: 0 %
I0911 23:13:03.819504 2944028 Coordinator.h:126] commit: 1154430 abort: 13570 (0/13570/0), network size: 0, avg network size: 0, si_in_serializable: 0 0 %, local: 0 %
I0911 23:13:04.819583 2944028 Coordinator.h:126] commit: 1170360 abort: 13640 (0/13640/0), network size: 0, avg network size: 0, si_in_serializable: 0 0 %, local: 0 %
I0911 23:13:05.819664 2944028 Coordinator.h:126] commit: 1138600 abort: 13400 (0/13400/0), network size: 0, avg network size: 0, si_in_serializable: 0 0 %, local: 0 %
I0911 23:13:06.819748 2944028 Coordinator.h:126] commit: 1170367 abort: 13633 (0/13633/0), network size: 0, avg network size: 0, si_in_serializable: 0 0 %, local: 0 %
I0911 23:13:07.819831 2944028 Coordinator.h:126] commit: 1106907 abort: 13093 (0/13093/0), network size: 0, avg network size: 0, si_in_serializable: 0 0 %, local: 0 %
I0911 23:13:08.819908 2944028 Coordinator.h:126] commit: 1170471 abort: 13529 (0/13529/0), network size: 0, avg network size: 0, si_in_serializable: 0 0 %, local: 0 %
I0911 23:13:09.819986 2944028 Coordinator.h:126] commit: 1138617 abort: 13383 (0/13383/0), network size: 0, avg network size: 0, si_in_serializable: 0 0 %, local: 0 %
I0911 23:13:10.820063 2944028 Coordinator.h:126] commit: 1170220 abort: 13780 (0/13780/0), network size: 0, avg network size: 0, si_in_serializable: 0 0 %, local: 0 %
I0911 23:13:11.820163 2944028 Coordinator.h:126] commit: 1170282 abort: 13718 (0/13718/0), network size: 0, avg network size: 0, si_in_serializable: 0 0 %, local: 0 %
I0911 23:13:12.820250 2944028 Coordinator.h:126] commit: 1154582 abort: 13418 (0/13418/0), network size: 0, avg network size: 0, si_in_serializable: 0 0 %, local: 0 %
I0911 23:13:13.820329 2944028 Coordinator.h:126] commit: 1170196 abort: 13804 (0/13804/0), network size: 0, avg network size: 0, si_in_serializable: 0 0 %, local: 0 %
I0911 23:13:14.820412 2944028 Coordinator.h:126] commit: 1170433 abort: 13567 (0/13567/0), network size: 0, avg network size: 0, si_in_serializable: 0 0 %, local: 0 %
I0911 23:13:15.820506 2944028 Coordinator.h:126] commit: 1170279 abort: 13721 (0/13721/0), network size: 0, avg network size: 0, si_in_serializable: 0 0 %, local: 0 %
I0911 23:13:16.820585 2944028 Coordinator.h:126] commit: 1170277 abort: 13723 (0/13723/0), network size: 0, avg network size: 0, si_in_serializable: 0 0 %, local: 0 %
I0911 23:13:17.820667 2944028 Coordinator.h:126] commit: 1154455 abort: 13545 (0/13545/0), network size: 0, avg network size: 0, si_in_serializable: 0 0 %, local: 0 %
I0911 23:13:17.820683 2944028 Coordinator.h:152] average commit: 1.15448e+06 abort: 13516.4 (0/13516.4/0), network size: 0, avg network size: 0, si_in_serializable: 0 0 %, local: 0 %
I0911 23:13:17.825626 2944064 AriaExecutor.h:94] AriaExecutor 14 exits. 
I0911 23:13:17.825657 2944057 AriaExecutor.h:94] AriaExecutor 7 exits. 
I0911 23:13:17.825632 2944060 AriaExecutor.h:94] AriaExecutor 10 exits. 
I0911 23:13:17.825634 2944058 AriaExecutor.h:94] AriaExecutor 8 exits. 
I0911 23:13:17.825652 2944062 AriaExecutor.h:94] AriaExecutor 12 exits. 
I0911 23:13:17.825636 2944066 Manager.h:227] Manager(worker id = 16) on the coordinator node exits.
I0911 23:13:17.825635 2944054 AriaExecutor.h:94] AriaExecutor 4 exits. 
I0911 23:13:17.825641 2944053 AriaExecutor.h:94] AriaExecutor 3 exits. 
I0911 23:13:17.825642 2944059 AriaExecutor.h:94] AriaExecutor 9 exits. 
I0911 23:13:17.825646 2944051 AriaExecutor.h:94] AriaExecutor 1 exits. 
I0911 23:13:17.825641 2944065 AriaExecutor.h:94] AriaExecutor 15 exits. 
I0911 23:13:17.825636 2944050 AriaExecutor.h:94] AriaExecutor 0 exits. 
I0911 23:13:17.825657 2944055 AriaExecutor.h:94] AriaExecutor 5 exits. 
I0911 23:13:17.825627 2944056 AriaExecutor.h:94] AriaExecutor 6 exits. 
I0911 23:13:17.825657 2944061 AriaExecutor.h:94] AriaExecutor 11 exits. 
I0911 23:13:17.825657 2944063 AriaExecutor.h:94] AriaExecutor 13 exits. 
I0911 23:13:17.825630 2944052 AriaExecutor.h:94] AriaExecutor 2 exits. 
I0911 23:13:17.820691 2944028 AriaExecutor.h:641] Worker 0 latency: 8103 us (50%) 10500 us (75%) 12426 us (95%) 12841 us (99%).
I0911 23:13:17.896917 2944028 AriaExecutor.h:641] Worker 1 latency: 8060 us (50%) 10464 us (75%) 12405 us (95%) 12817 us (99%).
I0911 23:13:17.973043 2944028 AriaExecutor.h:641] Worker 2 latency: 8104 us (50%) 10491 us (75%) 12411 us (95%) 12818 us (99%).
I0911 23:13:18.048192 2944028 AriaExecutor.h:641] Worker 3 latency: 8097 us (50%) 10494 us (75%) 12414 us (95%) 12816 us (99%).
I0911 23:13:18.135795 2944028 AriaExecutor.h:641] Worker 4 latency: 8112 us (50%) 10504 us (75%) 12420 us (95%) 12824 us (99%).
I0911 23:13:18.214442 2944028 AriaExecutor.h:641] Worker 5 latency: 8094 us (50%) 10494 us (75%) 12415 us (95%) 12818 us (99%).
I0911 23:13:18.301539 2944028 AriaExecutor.h:641] Worker 6 latency: 8137 us (50%) 10516 us (75%) 12418 us (95%) 12818 us (99%).
I0911 23:13:18.376775 2944028 AriaExecutor.h:641] Worker 7 latency: 8093 us (50%) 10497 us (75%) 12417 us (95%) 12820 us (99%).
I0911 23:13:18.464978 2944028 AriaExecutor.h:641] Worker 8 latency: 8092 us (50%) 10489 us (75%) 12415 us (95%) 12823 us (99%).
I0911 23:13:18.540830 2944028 AriaExecutor.h:641] Worker 9 latency: 8082 us (50%) 10486 us (75%) 12414 us (95%) 12818 us (99%).
I0911 23:13:18.628250 2944028 AriaExecutor.h:641] Worker 10 latency: 8092 us (50%) 10479 us (75%) 12404 us (95%) 12813 us (99%).
I0911 23:13:18.703976 2944028 AriaExecutor.h:641] Worker 11 latency: 8077 us (50%) 10478 us (75%) 12408 us (95%) 12813 us (99%).
I0911 23:13:18.791055 2944028 AriaExecutor.h:641] Worker 12 latency: 8090 us (50%) 10481 us (75%) 12409 us (95%) 12819 us (99%).
I0911 23:13:18.867439 2944028 AriaExecutor.h:641] Worker 13 latency: 8066 us (50%) 10476 us (75%) 12410 us (95%) 12815 us (99%).
I0911 23:13:18.942938 2944028 AriaExecutor.h:641] Worker 14 latency: 8102 us (50%) 10489 us (75%) 12410 us (95%) 12816 us (99%).
I0911 23:13:19.019151 2944028 AriaExecutor.h:641] Worker 15 latency: 8055 us (50%) 10464 us (75%) 12408 us (95%) 12814 us (99%).
I0911 23:13:19.106519 2944028 Coordinator.h:177] total commit: 1.15448e+06
I0911 23:13:20.106638 2944028 Coordinator.h:192] Coordinator exits.
