I1126 13:59:29.008823 952543 Database.h:65] ycsb initialization finished in 30 milliseconds.
I1126 13:59:29.008922 952543 Coordinator.h:30] Coordinator initializes 12 workers.
I1126 13:59:29.009804 952543 Coordinator.h:77] Coordinator starts to run 13 workers.
I1126 13:59:29.009857 952559 AriaExecutor.h:91] AriaExecutor 0 started. 
I1126 13:59:29.009910 952560 AriaExecutor.h:91] AriaExecutor 1 started. 
I1126 13:59:29.009953 952561 AriaExecutor.h:91] AriaExecutor 2 started. 
I1126 13:59:29.009999 952562 AriaExecutor.h:91] AriaExecutor 3 started. 
I1126 13:59:29.010082 952564 AriaExecutor.h:91] AriaExecutor 5 started. 
I1126 13:59:29.010123 952565 AriaExecutor.h:91] AriaExecutor 6 started. 
I1126 13:59:29.010161 952566 AriaExecutor.h:91] AriaExecutor 7 started. 
I1126 13:59:29.010205 952567 AriaExecutor.h:91] AriaExecutor 8 started. 
I1126 13:59:29.010248 952568 AriaExecutor.h:91] AriaExecutor 9 started. 
I1126 13:59:29.010282 952569 AriaExecutor.h:91] AriaExecutor 10 started. 
I1126 13:59:29.010331 952570 AriaExecutor.h:91] AriaExecutor 11 started. 
I1126 13:59:29.010371 952563 AriaExecutor.h:91] AriaExecutor 4 started. 
I1126 13:59:29.010470 952571 Manager.h:224] Manager(worker id = 12) on the coordinator node started.
I1126 13:59:30.010535 952543 Coordinator.h:126] commit: 1292243 abort: 34757 (0/34757/0), network size: 0, avg network size: 0, si_in_serializable: 0 0 %, local: 0 %
I1126 13:59:31.010668 952543 Coordinator.h:126] commit: 1269624 abort: 34376 (0/34376/0), network size: 0, avg network size: 0, si_in_serializable: 0 0 %, local: 0 %
I1126 13:59:32.010823 952543 Coordinator.h:126] commit: 1291997 abort: 35003 (0/35003/0), network size: 0, avg network size: 0, si_in_serializable: 0 0 %, local: 0 %
I1126 13:59:33.010928 952543 Coordinator.h:126] commit: 1303131 abort: 34869 (0/34869/0), network size: 0, avg network size: 0, si_in_serializable: 0 0 %, local: 0 %
I1126 13:59:34.011008 952543 Coordinator.h:126] commit: 1277776 abort: 34224 (0/34224/0), network size: 0, avg network size: 0, si_in_serializable: 0 0 %, local: 0 %
I1126 13:59:35.011085 952543 Coordinator.h:126] commit: 1301855 abort: 35108 (0/35108/0), network size: 0, avg network size: 0, si_in_serializable: 0 0 %, local: 0 %
I1126 13:59:36.011160 952543 Coordinator.h:126] commit: 1304726 abort: 35311 (0/35311/0), network size: 0, avg network size: 0, si_in_serializable: 0 0 %, local: 0 %
I1126 13:59:37.011255 952543 Coordinator.h:126] commit: 1282396 abort: 34604 (0/34604/0), network size: 0, avg network size: 0, si_in_serializable: 0 0 %, local: 0 %
I1126 13:59:38.011337 952543 Coordinator.h:126] commit: 1305895 abort: 35105 (0/35105/0), network size: 0, avg network size: 0, si_in_serializable: 0 0 %, local: 0 %
I1126 13:59:39.011415 952543 Coordinator.h:126] commit: 1226794 abort: 33206 (0/33206/0), network size: 0, avg network size: 0, si_in_serializable: 0 0 %, local: 0 %
I1126 13:59:40.011493 952543 Coordinator.h:126] commit: 1302925 abort: 35075 (0/35075/0), network size: 0, avg network size: 0, si_in_serializable: 0 0 %, local: 0 %
I1126 13:59:41.011565 952543 Coordinator.h:126] commit: 1301626 abort: 35374 (0/35374/0), network size: 0, avg network size: 0, si_in_serializable: 0 0 %, local: 0 %
I1126 13:59:42.011641 952543 Coordinator.h:126] commit: 1300895 abort: 35105 (0/35105/0), network size: 0, avg network size: 0, si_in_serializable: 0 0 %, local: 0 %
I1126 13:59:43.011715 952543 Coordinator.h:126] commit: 1295177 abort: 34823 (0/34823/0), network size: 0, avg network size: 0, si_in_serializable: 0 0 %, local: 0 %
I1126 13:59:44.011808 952543 Coordinator.h:126] commit: 1286132 abort: 34868 (0/34868/0), network size: 0, avg network size: 0, si_in_serializable: 0 0 %, local: 0 %
I1126 13:59:45.011889 952543 Coordinator.h:126] commit: 1295008 abort: 34992 (0/34992/0), network size: 0, avg network size: 0, si_in_serializable: 0 0 %, local: 0 %
I1126 13:59:46.011961 952543 Coordinator.h:126] commit: 1298193 abort: 34807 (0/34807/0), network size: 0, avg network size: 0, si_in_serializable: 0 0 %, local: 0 %
I1126 13:59:47.012038 952543 Coordinator.h:126] commit: 1297108 abort: 34892 (0/34892/0), network size: 0, avg network size: 0, si_in_serializable: 0 0 %, local: 0 %
I1126 13:59:48.012113 952543 Coordinator.h:126] commit: 1299974 abort: 35026 (0/35026/0), network size: 0, avg network size: 0, si_in_serializable: 0 0 %, local: 0 %
I1126 13:59:49.012192 952543 Coordinator.h:126] commit: 1133285 abort: 30715 (0/30715/0), network size: 0, avg network size: 0, si_in_serializable: 0 0 %, local: 0 %
I1126 13:59:50.012270 952543 Coordinator.h:126] commit: 1298950 abort: 35050 (0/35050/0), network size: 0, avg network size: 0, si_in_serializable: 0 0 %, local: 0 %
I1126 13:59:51.012344 952543 Coordinator.h:126] commit: 1297011 abort: 34989 (0/34989/0), network size: 0, avg network size: 0, si_in_serializable: 0 0 %, local: 0 %
I1126 13:59:52.012421 952543 Coordinator.h:126] commit: 1300805 abort: 35195 (0/35195/0), network size: 0, avg network size: 0, si_in_serializable: 0 0 %, local: 0 %
I1126 13:59:53.012508 952543 Coordinator.h:126] commit: 1295853 abort: 35147 (0/35147/0), network size: 0, avg network size: 0, si_in_serializable: 0 0 %, local: 0 %
I1126 13:59:54.012617 952543 Coordinator.h:126] commit: 1297949 abort: 35051 (0/35051/0), network size: 0, avg network size: 0, si_in_serializable: 0 0 %, local: 0 %
I1126 13:59:54.012638 952543 Coordinator.h:152] average commit: 1.28103e+06 abort: 34567.7 (0/34567.7/0), network size: 0, avg network size: 0, si_in_serializable: 0 0 %, local: 0 %
I1126 13:59:54.012833 952563 AriaExecutor.h:103] AriaExecutor 4 exits. 
I1126 13:59:54.012835 952567 AriaExecutor.h:103] AriaExecutor 8 exits. 
I1126 13:59:54.012837 952565 AriaExecutor.h:103] AriaExecutor 6 exits. 
I1126 13:59:54.012836 952561 AriaExecutor.h:103] AriaExecutor 2 exits. 
I1126 13:59:54.012845 952560 AriaExecutor.h:103] AriaExecutor 1 exits. 
I1126 13:59:54.012845 952568 AriaExecutor.h:103] AriaExecutor 9 exits. 
I1126 13:59:54.012836 952569 AriaExecutor.h:103] AriaExecutor 10 exits. 
I1126 13:59:54.012846 952562 AriaExecutor.h:103] AriaExecutor 3 exits. 
I1126 13:59:54.012846 952566 AriaExecutor.h:103] AriaExecutor 7 exits. 
I1126 13:59:54.012833 952559 AriaExecutor.h:103] AriaExecutor 0 exits. 
I1126 13:59:54.012861 952570 AriaExecutor.h:103] AriaExecutor 11 exits. 
I1126 13:59:54.012846 952564 AriaExecutor.h:103] AriaExecutor 5 exits. 
I1126 13:59:54.012867 952571 Manager.h:227] Manager(worker id = 12) on the coordinator node exits.
I1126 13:59:54.012648 952543 AriaExecutor.h:649] Worker 0 latency: 573 us (50%) 619 us (75%) 659 us (95%) 674 us (99%).
I1126 13:59:54.104750 952543 AriaExecutor.h:649] Worker 1 latency: 569 us (50%) 617 us (75%) 657 us (95%) 673 us (99%).
I1126 13:59:54.196969 952543 AriaExecutor.h:649] Worker 2 latency: 574 us (50%) 619 us (75%) 658 us (95%) 674 us (99%).
I1126 13:59:54.290323 952543 AriaExecutor.h:649] Worker 3 latency: 571 us (50%) 617 us (75%) 658 us (95%) 673 us (99%).
I1126 13:59:54.381649 952543 AriaExecutor.h:649] Worker 4 latency: 574 us (50%) 619 us (75%) 658 us (95%) 674 us (99%).
I1126 13:59:54.471612 952543 AriaExecutor.h:649] Worker 5 latency: 571 us (50%) 617 us (75%) 657 us (95%) 672 us (99%).
I1126 13:59:54.561616 952543 AriaExecutor.h:649] Worker 6 latency: 577 us (50%) 620 us (75%) 658 us (95%) 674 us (99%).
I1126 13:59:54.652658 952543 AriaExecutor.h:649] Worker 7 latency: 572 us (50%) 617 us (75%) 657 us (95%) 672 us (99%).
I1126 13:59:54.742424 952543 AriaExecutor.h:649] Worker 8 latency: 576 us (50%) 620 us (75%) 658 us (95%) 674 us (99%).
I1126 13:59:54.831831 952543 AriaExecutor.h:649] Worker 9 latency: 574 us (50%) 619 us (75%) 658 us (95%) 673 us (99%).
I1126 13:59:54.921628 952543 AriaExecutor.h:649] Worker 10 latency: 576 us (50%) 620 us (75%) 658 us (95%) 674 us (99%).
I1126 13:59:55.012542 952543 AriaExecutor.h:649] Worker 11 latency: 574 us (50%) 619 us (75%) 657 us (95%) 673 us (99%).
I1126 13:59:55.106091 952543 Coordinator.h:177] total commit: 1.28103e+06
I1126 13:59:56.106232 952543 Coordinator.h:192] Coordinator exits.
