I1126 15:12:16.976691 996128 Database.h:65] ycsb initialization finished in 30 milliseconds.
I1126 15:12:16.976788 996128 Coordinator.h:30] Coordinator initializes 12 workers.
I1126 15:12:16.983588 996128 Coordinator.h:77] Coordinator starts to run 13 workers.
I1126 15:12:16.983639 996144 AriaExecutor.h:95] AriaExecutor 0 started. 
I1126 15:12:16.983668 996145 AriaExecutor.h:95] AriaExecutor 1 started. 
I1126 15:12:16.983714 996146 AriaExecutor.h:95] AriaExecutor 2 started. 
I1126 15:12:16.983749 996147 AriaExecutor.h:95] AriaExecutor 3 started. 
I1126 15:12:16.983839 996149 AriaExecutor.h:95] AriaExecutor 5 started. 
I1126 15:12:16.983882 996150 AriaExecutor.h:95] AriaExecutor 6 started. 
I1126 15:12:16.983924 996151 AriaExecutor.h:95] AriaExecutor 7 started. 
I1126 15:12:16.983959 996152 AriaExecutor.h:95] AriaExecutor 8 started. 
I1126 15:12:16.984001 996153 AriaExecutor.h:95] AriaExecutor 9 started. 
I1126 15:12:16.984038 996154 AriaExecutor.h:95] AriaExecutor 10 started. 
I1126 15:12:16.984088 996155 AriaExecutor.h:95] AriaExecutor 11 started. 
I1126 15:12:16.984118 996148 AriaExecutor.h:95] AriaExecutor 4 started. 
I1126 15:12:16.984123 996156 Manager.h:224] Manager(worker id = 12) on the coordinator node started.
I1126 15:12:17.984189 996128 Coordinator.h:126] commit: 1751218 abort: 113102 (0/113102/0), network size: 0, avg network size: 0, si_in_serializable: 0 0 %, local: 0 %
I1126 15:12:18.984314 996128 Coordinator.h:126] commit: 1733593 abort: 112085 (0/112085/0), network size: 0, avg network size: 0, si_in_serializable: 0 0 %, local: 0 %
I1126 15:12:19.984439 996128 Coordinator.h:126] commit: 1756924 abort: 113076 (0/113076/0), network size: 0, avg network size: 0, si_in_serializable: 0 0 %, local: 0 %
I1126 15:12:20.984530 996128 Coordinator.h:126] commit: 1747397 abort: 112603 (0/112603/0), network size: 0, avg network size: 0, si_in_serializable: 0 0 %, local: 0 %
I1126 15:12:21.984633 996128 Coordinator.h:126] commit: 1765777 abort: 114223 (0/114223/0), network size: 0, avg network size: 0, si_in_serializable: 0 0 %, local: 0 %
I1126 15:12:22.984719 996128 Coordinator.h:126] commit: 1766253 abort: 113747 (0/113747/0), network size: 0, avg network size: 0, si_in_serializable: 0 0 %, local: 0 %
I1126 15:12:23.984843 996128 Coordinator.h:126] commit: 1737141 abort: 112859 (0/112859/0), network size: 0, avg network size: 0, si_in_serializable: 0 0 %, local: 0 %
I1126 15:12:24.984941 996128 Coordinator.h:126] commit: 1726339 abort: 111674 (0/111674/0), network size: 0, avg network size: 0, si_in_serializable: 0 0 %, local: 0 %
I1126 15:12:25.985049 996128 Coordinator.h:126] commit: 1767681 abort: 114306 (0/114306/0), network size: 0, avg network size: 0, si_in_serializable: 0 0 %, local: 0 %
I1126 15:12:26.985160 996128 Coordinator.h:126] commit: 1765521 abort: 114479 (0/114479/0), network size: 0, avg network size: 0, si_in_serializable: 0 0 %, local: 0 %
I1126 15:12:27.985260 996128 Coordinator.h:126] commit: 1765842 abort: 114158 (0/114158/0), network size: 0, avg network size: 0, si_in_serializable: 0 0 %, local: 0 %
I1126 15:12:28.985355 996128 Coordinator.h:126] commit: 1766088 abort: 113912 (0/113912/0), network size: 0, avg network size: 0, si_in_serializable: 0 0 %, local: 0 %
I1126 15:12:29.985460 996128 Coordinator.h:126] commit: 1765700 abort: 114300 (0/114300/0), network size: 0, avg network size: 0, si_in_serializable: 0 0 %, local: 0 %
I1126 15:12:30.985548 996128 Coordinator.h:126] commit: 1756333 abort: 113667 (0/113667/0), network size: 0, avg network size: 0, si_in_serializable: 0 0 %, local: 0 %
I1126 15:12:31.985673 996128 Coordinator.h:126] commit: 1615199 abort: 104801 (0/104801/0), network size: 0, avg network size: 0, si_in_serializable: 0 0 %, local: 0 %
I1126 15:12:32.985777 996128 Coordinator.h:126] commit: 1756662 abort: 113338 (0/113338/0), network size: 0, avg network size: 0, si_in_serializable: 0 0 %, local: 0 %
I1126 15:12:33.985872 996128 Coordinator.h:126] commit: 1765381 abort: 114619 (0/114619/0), network size: 0, avg network size: 0, si_in_serializable: 0 0 %, local: 0 %
I1126 15:12:34.985952 996128 Coordinator.h:126] commit: 1756386 abort: 113614 (0/113614/0), network size: 0, avg network size: 0, si_in_serializable: 0 0 %, local: 0 %
I1126 15:12:35.986050 996128 Coordinator.h:126] commit: 1756203 abort: 113797 (0/113797/0), network size: 0, avg network size: 0, si_in_serializable: 0 0 %, local: 0 %
I1126 15:12:36.986145 996128 Coordinator.h:126] commit: 1765855 abort: 114145 (0/114145/0), network size: 0, avg network size: 0, si_in_serializable: 0 0 %, local: 0 %
I1126 15:12:37.986232 996128 Coordinator.h:126] commit: 1756464 abort: 113536 (0/113536/0), network size: 0, avg network size: 0, si_in_serializable: 0 0 %, local: 0 %
I1126 15:12:38.986335 996128 Coordinator.h:126] commit: 1759462 abort: 114077 (0/114077/0), network size: 0, avg network size: 0, si_in_serializable: 0 0 %, local: 0 %
I1126 15:12:39.986423 996128 Coordinator.h:126] commit: 1762141 abort: 114320 (0/114320/0), network size: 0, avg network size: 0, si_in_serializable: 0 0 %, local: 0 %
I1126 15:12:40.986531 996128 Coordinator.h:126] commit: 1756329 abort: 113671 (0/113671/0), network size: 0, avg network size: 0, si_in_serializable: 0 0 %, local: 0 %
I1126 15:12:41.986642 996128 Coordinator.h:126] commit: 1756376 abort: 113624 (0/113624/0), network size: 0, avg network size: 0, si_in_serializable: 0 0 %, local: 0 %
I1126 15:12:41.986677 996128 Coordinator.h:152] average commit: 1.74696e+06 abort: 113035 (0/113035/0), network size: 0, avg network size: 0, si_in_serializable: 0 0 %, local: 0 %
I1126 15:12:41.988624 996154 AriaExecutor.h:107] AriaExecutor 10 exits. 
I1126 15:12:41.988631 996148 AriaExecutor.h:107] AriaExecutor 4 exits. 
I1126 15:12:41.988628 996150 AriaExecutor.h:107] AriaExecutor 6 exits. 
I1126 15:12:41.988629 996144 AriaExecutor.h:107] AriaExecutor 0 exits. 
I1126 15:12:41.988641 996155 AriaExecutor.h:107] AriaExecutor 11 exits. 
I1126 15:12:41.988629 996152 AriaExecutor.h:107] AriaExecutor 8 exits. 
I1126 15:12:41.988629 996156 Manager.h:227] Manager(worker id = 12) on the coordinator node exits.
I1126 15:12:41.988641 996151 AriaExecutor.h:107] AriaExecutor 7 exits. 
I1126 15:12:41.988641 996149 AriaExecutor.h:107] AriaExecutor 5 exits. 
I1126 15:12:41.988641 996147 AriaExecutor.h:107] AriaExecutor 3 exits. 
I1126 15:12:41.988642 996145 AriaExecutor.h:107] AriaExecutor 1 exits. 
I1126 15:12:41.988629 996146 AriaExecutor.h:107] AriaExecutor 2 exits. 
I1126 15:12:41.988641 996153 AriaExecutor.h:107] AriaExecutor 9 exits. 
I1126 15:12:41.986687 996128 AriaExecutor.h:705] Worker 0 latency: 3700 us (50%) 4216 us (75%) 4625 us (95%) 4731 us (99%).
I1126 15:12:42.126840 996128 AriaExecutor.h:705] Worker 1 latency: 3694 us (50%) 4211 us (75%) 4622 us (95%) 4728 us (99%).
I1126 15:12:42.277733 996128 AriaExecutor.h:705] Worker 2 latency: 3706 us (50%) 4216 us (75%) 4622 us (95%) 4726 us (99%).
I1126 15:12:42.414887 996128 AriaExecutor.h:705] Worker 3 latency: 3699 us (50%) 4214 us (75%) 4623 us (95%) 4729 us (99%).
I1126 15:12:42.550371 996128 AriaExecutor.h:705] Worker 4 latency: 3712 us (50%) 4221 us (75%) 4626 us (95%) 4730 us (99%).
I1126 15:12:42.691985 996128 AriaExecutor.h:705] Worker 5 latency: 3698 us (50%) 4213 us (75%) 4622 us (95%) 4727 us (99%).
I1126 15:12:42.827742 996128 AriaExecutor.h:705] Worker 6 latency: 3726 us (50%) 4227 us (75%) 4627 us (95%) 4729 us (99%).
I1126 15:12:42.968075 996128 AriaExecutor.h:705] Worker 7 latency: 3692 us (50%) 4213 us (75%) 4625 us (95%) 4730 us (99%).
I1126 15:12:43.126071 996128 AriaExecutor.h:705] Worker 8 latency: 3713 us (50%) 4221 us (75%) 4625 us (95%) 4729 us (99%).
I1126 15:12:43.261824 996128 AriaExecutor.h:705] Worker 9 latency: 3696 us (50%) 4214 us (75%) 4624 us (95%) 4729 us (99%).
I1126 15:12:43.422890 996128 AriaExecutor.h:705] Worker 10 latency: 3719 us (50%) 4224 us (75%) 4625 us (95%) 4727 us (99%).
I1126 15:12:43.564330 996128 AriaExecutor.h:705] Worker 11 latency: 3694 us (50%) 4213 us (75%) 4624 us (95%) 4728 us (99%).
I1126 15:12:43.701558 996128 Coordinator.h:177] total commit: 1.74696e+06
I1126 15:12:44.701666 996128 Coordinator.h:192] Coordinator exits.
