I1126 15:48:33.178043 1019902 Database.h:65] ycsb initialization finished in 30 milliseconds.
I1126 15:48:33.178138 1019902 Coordinator.h:30] Coordinator initializes 12 workers.
I1126 15:48:33.249810 1019902 Coordinator.h:77] Coordinator starts to run 13 workers.
I1126 15:48:33.249874 1019918 AriaExecutor.h:93] AriaExecutor 0 started. 
I1126 15:48:33.249902 1019919 AriaExecutor.h:93] AriaExecutor 1 started. 
I1126 15:48:33.249938 1019920 AriaExecutor.h:93] AriaExecutor 2 started. 
I1126 15:48:33.249982 1019921 AriaExecutor.h:93] AriaExecutor 3 started. 
I1126 15:48:33.250061 1019923 AriaExecutor.h:93] AriaExecutor 5 started. 
I1126 15:48:33.250105 1019924 AriaExecutor.h:93] AriaExecutor 6 started. 
I1126 15:48:33.250138 1019925 AriaExecutor.h:93] AriaExecutor 7 started. 
I1126 15:48:33.250175 1019926 AriaExecutor.h:93] AriaExecutor 8 started. 
I1126 15:48:33.250218 1019927 AriaExecutor.h:93] AriaExecutor 9 started. 
I1126 15:48:33.250255 1019928 AriaExecutor.h:93] AriaExecutor 10 started. 
I1126 15:48:33.250298 1019929 AriaExecutor.h:93] AriaExecutor 11 started. 
I1126 15:48:33.250344 1019922 AriaExecutor.h:93] AriaExecutor 4 started. 
I1126 15:48:33.250353 1019930 Manager.h:224] Manager(worker id = 12) on the coordinator node started.
I1126 15:48:34.250412 1019902 Coordinator.h:126] commit: 863741 abort: 56259 (0/56259/0), network size: 0, avg network size: 0, si_in_serializable: 0 0 %, local: 0 %
I1126 15:48:35.250530 1019902 Coordinator.h:126] commit: 863539 abort: 56461 (0/56461/0), network size: 0, avg network size: 0, si_in_serializable: 0 0 %, local: 0 %
I1126 15:48:36.250646 1019902 Coordinator.h:126] commit: 872976 abort: 57024 (0/57024/0), network size: 0, avg network size: 0, si_in_serializable: 0 0 %, local: 0 %
I1126 15:48:37.250739 1019902 Coordinator.h:126] commit: 873145 abort: 56855 (0/56855/0), network size: 0, avg network size: 0, si_in_serializable: 0 0 %, local: 0 %
I1126 15:48:38.250844 1019902 Coordinator.h:126] commit: 882545 abort: 57455 (0/57455/0), network size: 0, avg network size: 0, si_in_serializable: 0 0 %, local: 0 %
I1126 15:48:39.250933 1019902 Coordinator.h:126] commit: 872825 abort: 57175 (0/57175/0), network size: 0, avg network size: 0, si_in_serializable: 0 0 %, local: 0 %
I1126 15:48:40.251016 1019902 Coordinator.h:126] commit: 882141 abort: 57859 (0/57859/0), network size: 0, avg network size: 0, si_in_serializable: 0 0 %, local: 0 %
I1126 15:48:41.251116 1019902 Coordinator.h:126] commit: 854390 abort: 55610 (0/55610/0), network size: 0, avg network size: 0, si_in_serializable: 0 0 %, local: 0 %
I1126 15:48:42.251223 1019902 Coordinator.h:126] commit: 882174 abort: 57826 (0/57826/0), network size: 0, avg network size: 0, si_in_serializable: 0 0 %, local: 0 %
I1126 15:48:43.251314 1019902 Coordinator.h:126] commit: 872563 abort: 57437 (0/57437/0), network size: 0, avg network size: 0, si_in_serializable: 0 0 %, local: 0 %
I1126 15:48:44.251399 1019902 Coordinator.h:126] commit: 882258 abort: 57742 (0/57742/0), network size: 0, avg network size: 0, si_in_serializable: 0 0 %, local: 0 %
I1126 15:48:45.251490 1019902 Coordinator.h:126] commit: 872724 abort: 57276 (0/57276/0), network size: 0, avg network size: 0, si_in_serializable: 0 0 %, local: 0 %
I1126 15:48:46.251596 1019902 Coordinator.h:126] commit: 877435 abort: 57047 (0/57047/0), network size: 0, avg network size: 0, si_in_serializable: 0 0 %, local: 0 %
I1126 15:48:47.251713 1019902 Coordinator.h:126] commit: 868784 abort: 56734 (0/56734/0), network size: 0, avg network size: 0, si_in_serializable: 0 0 %, local: 0 %
I1126 15:48:48.251819 1019902 Coordinator.h:126] commit: 863440 abort: 56560 (0/56560/0), network size: 0, avg network size: 0, si_in_serializable: 0 0 %, local: 0 %
I1126 15:48:49.251937 1019902 Coordinator.h:126] commit: 873275 abort: 56725 (0/56725/0), network size: 0, avg network size: 0, si_in_serializable: 0 0 %, local: 0 %
I1126 15:48:50.252044 1019902 Coordinator.h:126] commit: 882438 abort: 57562 (0/57562/0), network size: 0, avg network size: 0, si_in_serializable: 0 0 %, local: 0 %
I1126 15:48:51.252166 1019902 Coordinator.h:126] commit: 872717 abort: 57283 (0/57283/0), network size: 0, avg network size: 0, si_in_serializable: 0 0 %, local: 0 %
I1126 15:48:52.252276 1019902 Coordinator.h:126] commit: 873132 abort: 56868 (0/56868/0), network size: 0, avg network size: 0, si_in_serializable: 0 0 %, local: 0 %
I1126 15:48:53.252382 1019902 Coordinator.h:126] commit: 881875 abort: 58125 (0/58125/0), network size: 0, avg network size: 0, si_in_serializable: 0 0 %, local: 0 %
I1126 15:48:54.252477 1019902 Coordinator.h:126] commit: 873360 abort: 56640 (0/56640/0), network size: 0, avg network size: 0, si_in_serializable: 0 0 %, local: 0 %
I1126 15:48:55.252592 1019902 Coordinator.h:126] commit: 882340 abort: 57660 (0/57660/0), network size: 0, avg network size: 0, si_in_serializable: 0 0 %, local: 0 %
I1126 15:48:56.252702 1019902 Coordinator.h:126] commit: 872947 abort: 57053 (0/57053/0), network size: 0, avg network size: 0, si_in_serializable: 0 0 %, local: 0 %
I1126 15:48:57.252811 1019902 Coordinator.h:126] commit: 882205 abort: 57795 (0/57795/0), network size: 0, avg network size: 0, si_in_serializable: 0 0 %, local: 0 %
I1126 15:48:58.252924 1019902 Coordinator.h:126] commit: 873203 abort: 56797 (0/56797/0), network size: 0, avg network size: 0, si_in_serializable: 0 0 %, local: 0 %
I1126 15:48:58.252964 1019902 Coordinator.h:152] average commit: 874808 abort: 57192.2 (0/57192.2/0), network size: 0, avg network size: 0, si_in_serializable: 0 0 %, local: 0 %
I1126 15:48:58.256840 1019922 AriaExecutor.h:105] AriaExecutor 4 exits. 
I1126 15:48:58.256856 1019925 AriaExecutor.h:105] AriaExecutor 7 exits. 
I1126 15:48:58.256844 1019920 AriaExecutor.h:105] AriaExecutor 2 exits. 
I1126 15:48:58.256846 1019928 AriaExecutor.h:105] AriaExecutor 10 exits. 
I1126 15:48:58.256846 1019924 AriaExecutor.h:105] AriaExecutor 6 exits. 
I1126 15:48:58.256846 1019926 AriaExecutor.h:105] AriaExecutor 8 exits. 
I1126 15:48:58.256846 1019930 Manager.h:227] Manager(worker id = 12) on the coordinator node exits.
I1126 15:48:58.256843 1019918 AriaExecutor.h:105] AriaExecutor 0 exits. 
I1126 15:48:58.256856 1019919 AriaExecutor.h:105] AriaExecutor 1 exits. 
I1126 15:48:58.256858 1019921 AriaExecutor.h:105] AriaExecutor 3 exits. 
I1126 15:48:58.256858 1019923 AriaExecutor.h:105] AriaExecutor 5 exits. 
I1126 15:48:58.256858 1019927 AriaExecutor.h:105] AriaExecutor 9 exits. 
I1126 15:48:58.256860 1019929 AriaExecutor.h:105] AriaExecutor 11 exits. 
I1126 15:48:58.252971 1019902 AriaExecutor.h:672] Worker 0 latency: 6319 us (50%) 8225 us (75%) 9770 us (95%) 10085 us (99%).
I1126 15:48:58.334859 1019902 AriaExecutor.h:672] Worker 1 latency: 6293 us (50%) 8202 us (75%) 9760 us (95%) 10076 us (99%).
I1126 15:48:58.416582 1019902 AriaExecutor.h:672] Worker 2 latency: 6303 us (50%) 8211 us (75%) 9765 us (95%) 10081 us (99%).
I1126 15:48:58.497452 1019902 AriaExecutor.h:672] Worker 3 latency: 6292 us (50%) 8206 us (75%) 9762 us (95%) 10078 us (99%).
I1126 15:48:58.579787 1019902 AriaExecutor.h:672] Worker 4 latency: 6300 us (50%) 8212 us (75%) 9763 us (95%) 10078 us (99%).
I1126 15:48:58.659801 1019902 AriaExecutor.h:672] Worker 5 latency: 6288 us (50%) 8209 us (75%) 9763 us (95%) 10078 us (99%).
I1126 15:48:58.741173 1019902 AriaExecutor.h:672] Worker 6 latency: 6286 us (50%) 8200 us (75%) 9763 us (95%) 10081 us (99%).
I1126 15:48:58.822095 1019902 AriaExecutor.h:672] Worker 7 latency: 6287 us (50%) 8197 us (75%) 9758 us (95%) 10075 us (99%).
I1126 15:48:58.902149 1019902 AriaExecutor.h:672] Worker 8 latency: 6288 us (50%) 8201 us (75%) 9763 us (95%) 10080 us (99%).
I1126 15:48:58.983362 1019902 AriaExecutor.h:672] Worker 9 latency: 6284 us (50%) 8197 us (75%) 9759 us (95%) 10076 us (99%).
I1126 15:48:59.064097 1019902 AriaExecutor.h:672] Worker 10 latency: 6302 us (50%) 8210 us (75%) 9764 us (95%) 10080 us (99%).
I1126 15:48:59.144512 1019902 AriaExecutor.h:672] Worker 11 latency: 6275 us (50%) 8190 us (75%) 9757 us (95%) 10075 us (99%).
I1126 15:48:59.226123 1019902 Coordinator.h:177] total commit: 874808
I1126 15:49:00.226257 1019902 Coordinator.h:192] Coordinator exits.
