I1126 13:23:33.430163 930206 Database.h:65] ycsb initialization finished in 30 milliseconds.
I1126 13:23:33.430261 930206 Coordinator.h:30] Coordinator initializes 12 workers.
I1126 13:23:33.501410 930206 Coordinator.h:77] Coordinator starts to run 13 workers.
I1126 13:23:33.501467 930222 AriaExecutor.h:82] AriaExecutor 0 started. 
I1126 13:23:33.501498 930223 AriaExecutor.h:82] AriaExecutor 1 started. 
I1126 13:23:33.501538 930224 AriaExecutor.h:82] AriaExecutor 2 started. 
I1126 13:23:33.501591 930225 AriaExecutor.h:82] AriaExecutor 3 started. 
I1126 13:23:33.501643 930226 AriaExecutor.h:82] AriaExecutor 4 started. 
I1126 13:23:33.501698 930227 AriaExecutor.h:82] AriaExecutor 5 started. 
I1126 13:23:33.501746 930228 AriaExecutor.h:82] AriaExecutor 6 started. 
I1126 13:23:33.501794 930229 AriaExecutor.h:82] AriaExecutor 7 started. 
I1126 13:23:33.501842 930230 AriaExecutor.h:82] AriaExecutor 8 started. 
I1126 13:23:33.501899 930231 AriaExecutor.h:82] AriaExecutor 9 started. 
I1126 13:23:33.501945 930232 AriaExecutor.h:82] AriaExecutor 10 started. 
I1126 13:23:33.502002 930233 AriaExecutor.h:82] AriaExecutor 11 started. 
I1126 13:23:33.502054 930234 Manager.h:224] Manager(worker id = 12) on the coordinator node started.
I1126 13:23:34.502115 930206 Coordinator.h:126] commit: 736669 abort: 253331 (0/253331/0), network size: 0, avg network size: 0, si_in_serializable: 0 0 %, local: 0 %
I1126 13:23:35.502250 930206 Coordinator.h:126] commit: 736422 abort: 253578 (0/253578/0), network size: 0, avg network size: 0, si_in_serializable: 0 0 %, local: 0 %
I1126 13:23:36.502383 930206 Coordinator.h:126] commit: 744486 abort: 255514 (0/255514/0), network size: 0, avg network size: 0, si_in_serializable: 0 0 %, local: 0 %
I1126 13:23:37.502497 930206 Coordinator.h:126] commit: 750788 abort: 259212 (0/259212/0), network size: 0, avg network size: 0, si_in_serializable: 0 0 %, local: 0 %
I1126 13:23:38.502612 930206 Coordinator.h:126] commit: 743962 abort: 256038 (0/256038/0), network size: 0, avg network size: 0, si_in_serializable: 0 0 %, local: 0 %
I1126 13:23:39.502717 930206 Coordinator.h:126] commit: 751352 abort: 258648 (0/258648/0), network size: 0, avg network size: 0, si_in_serializable: 0 0 %, local: 0 %
I1126 13:23:40.502815 930206 Coordinator.h:126] commit: 736153 abort: 253956 (0/253956/0), network size: 0, avg network size: 0, si_in_serializable: 0 0 %, local: 0 %
I1126 13:23:41.502915 930206 Coordinator.h:126] commit: 756785 abort: 259886 (0/259886/0), network size: 0, avg network size: 0, si_in_serializable: 0 0 %, local: 0 %
I1126 13:23:42.503038 930206 Coordinator.h:126] commit: 738036 abort: 255184 (0/255184/0), network size: 0, avg network size: 0, si_in_serializable: 0 0 %, local: 0 %
I1126 13:23:43.503140 930206 Coordinator.h:126] commit: 750807 abort: 259193 (0/259193/0), network size: 0, avg network size: 0, si_in_serializable: 0 0 %, local: 0 %
I1126 13:23:44.503237 930206 Coordinator.h:126] commit: 750261 abort: 257872 (0/257872/0), network size: 0, avg network size: 0, si_in_serializable: 0 0 %, local: 0 %
I1126 13:23:45.503333 930206 Coordinator.h:126] commit: 752529 abort: 259338 (0/259338/0), network size: 0, avg network size: 0, si_in_serializable: 0 0 %, local: 0 %
I1126 13:23:46.503432 930206 Coordinator.h:126] commit: 736390 abort: 253610 (0/253610/0), network size: 0, avg network size: 0, si_in_serializable: 0 0 %, local: 0 %
I1126 13:23:47.503530 930206 Coordinator.h:126] commit: 751432 abort: 258568 (0/258568/0), network size: 0, avg network size: 0, si_in_serializable: 0 0 %, local: 0 %
I1126 13:23:48.503652 930206 Coordinator.h:126] commit: 750667 abort: 259333 (0/259333/0), network size: 0, avg network size: 0, si_in_serializable: 0 0 %, local: 0 %
I1126 13:23:49.503758 930206 Coordinator.h:126] commit: 743938 abort: 256062 (0/256062/0), network size: 0, avg network size: 0, si_in_serializable: 0 0 %, local: 0 %
I1126 13:23:50.503858 930206 Coordinator.h:126] commit: 737115 abort: 252885 (0/252885/0), network size: 0, avg network size: 0, si_in_serializable: 0 0 %, local: 0 %
I1126 13:23:51.503960 930206 Coordinator.h:126] commit: 744701 abort: 255299 (0/255299/0), network size: 0, avg network size: 0, si_in_serializable: 0 0 %, local: 0 %
I1126 13:23:52.504057 930206 Coordinator.h:126] commit: 751459 abort: 258541 (0/258541/0), network size: 0, avg network size: 0, si_in_serializable: 0 0 %, local: 0 %
I1126 13:23:53.504156 930206 Coordinator.h:126] commit: 751667 abort: 258333 (0/258333/0), network size: 0, avg network size: 0, si_in_serializable: 0 0 %, local: 0 %
I1126 13:23:54.504254 930206 Coordinator.h:126] commit: 750599 abort: 259401 (0/259401/0), network size: 0, avg network size: 0, si_in_serializable: 0 0 %, local: 0 %
I1126 13:23:55.504350 930206 Coordinator.h:126] commit: 745647 abort: 255473 (0/255473/0), network size: 0, avg network size: 0, si_in_serializable: 0 0 %, local: 0 %
I1126 13:23:56.504451 930206 Coordinator.h:126] commit: 750308 abort: 258572 (0/258572/0), network size: 0, avg network size: 0, si_in_serializable: 0 0 %, local: 0 %
I1126 13:23:57.504551 930206 Coordinator.h:126] commit: 751141 abort: 258859 (0/258859/0), network size: 0, avg network size: 0, si_in_serializable: 0 0 %, local: 0 %
I1126 13:23:58.504648 930206 Coordinator.h:126] commit: 751362 abort: 258638 (0/258638/0), network size: 0, avg network size: 0, si_in_serializable: 0 0 %, local: 0 %
I1126 13:23:58.504671 930206 Coordinator.h:152] average commit: 747016 abort: 256984 (0/256984/0), network size: 0, avg network size: 0, si_in_serializable: 0 0 %, local: 0 %
I1126 13:23:58.517176 930230 AriaExecutor.h:94] AriaExecutor 8 exits. 
I1126 13:23:58.517182 930232 AriaExecutor.h:94] AriaExecutor 10 exits. 
I1126 13:23:58.517205 930234 Manager.h:227] Manager(worker id = 12) on the coordinator node exits.
I1126 13:23:58.517208 930233 AriaExecutor.h:94] AriaExecutor 11 exits. 
I1126 13:23:58.517190 930227 AriaExecutor.h:94] AriaExecutor 5 exits. 
I1126 13:23:58.517196 930225 AriaExecutor.h:94] AriaExecutor 3 exits. 
I1126 13:23:58.517197 930229 AriaExecutor.h:94] AriaExecutor 7 exits. 
I1126 13:23:58.517177 930222 AriaExecutor.h:94] AriaExecutor 0 exits. 
I1126 13:23:58.517192 930223 AriaExecutor.h:94] AriaExecutor 1 exits. 
I1126 13:23:58.517189 930231 AriaExecutor.h:94] AriaExecutor 9 exits. 
I1126 13:23:58.517181 930226 AriaExecutor.h:94] AriaExecutor 4 exits. 
I1126 13:23:58.517179 930228 AriaExecutor.h:94] AriaExecutor 6 exits. 
I1126 13:23:58.517181 930224 AriaExecutor.h:94] AriaExecutor 2 exits. 
I1126 13:23:58.504683 930206 AriaExecutor.h:535] Worker 0 latency: 7238 us (50%) 8284 us (75%) 9035 us (95%) 9346 us (99%).
I1126 13:23:58.572945 930206 AriaExecutor.h:535] Worker 1 latency: 7207 us (50%) 8267 us (75%) 9027 us (95%) 9332 us (99%).
I1126 13:23:58.638352 930206 AriaExecutor.h:535] Worker 2 latency: 7261 us (50%) 8295 us (75%) 9037 us (95%) 9343 us (99%).
I1126 13:23:58.703620 930206 AriaExecutor.h:535] Worker 3 latency: 7174 us (50%) 8250 us (75%) 9021 us (95%) 9322 us (99%).
I1126 13:23:58.769788 930206 AriaExecutor.h:535] Worker 4 latency: 7212 us (50%) 8271 us (75%) 9032 us (95%) 9349 us (99%).
I1126 13:23:58.838241 930206 AriaExecutor.h:535] Worker 5 latency: 7205 us (50%) 8265 us (75%) 9025 us (95%) 9325 us (99%).
I1126 13:23:58.913616 930206 AriaExecutor.h:535] Worker 6 latency: 7147 us (50%) 8238 us (75%) 9019 us (95%) 9328 us (99%).
I1126 13:23:58.981472 930206 AriaExecutor.h:535] Worker 7 latency: 7127 us (50%) 8227 us (75%) 9013 us (95%) 9315 us (99%).
I1126 13:23:59.058645 930206 AriaExecutor.h:535] Worker 8 latency: 7202 us (50%) 8265 us (75%) 9027 us (95%) 9330 us (99%).
I1126 13:23:59.127092 930206 AriaExecutor.h:535] Worker 9 latency: 7184 us (50%) 8255 us (75%) 9022 us (95%) 9324 us (99%).
I1126 13:23:59.203426 930206 AriaExecutor.h:535] Worker 10 latency: 7223 us (50%) 8277 us (75%) 9031 us (95%) 9337 us (99%).
I1126 13:23:59.271997 930206 AriaExecutor.h:535] Worker 11 latency: 7152 us (50%) 8242 us (75%) 9017 us (95%) 9319 us (99%).
I1126 13:23:59.347594 930206 Coordinator.h:177] total commit: 747016
I1126 13:24:00.347705 930206 Coordinator.h:192] Coordinator exits.
