I1126 16:16:24.093662 1036475 Database.h:65] ycsb initialization finished in 30 milliseconds.
I1126 16:16:24.093757 1036475 Coordinator.h:30] Coordinator initializes 12 workers.
I1126 16:16:24.101311 1036475 Coordinator.h:77] Coordinator starts to run 13 workers.
I1126 16:16:24.101362 1036491 AriaExecutor.h:93] AriaExecutor 0 started. 
I1126 16:16:24.101394 1036492 AriaExecutor.h:93] AriaExecutor 1 started. 
I1126 16:16:24.101429 1036493 AriaExecutor.h:93] AriaExecutor 2 started. 
I1126 16:16:24.101476 1036494 AriaExecutor.h:93] AriaExecutor 3 started. 
I1126 16:16:24.101552 1036496 AriaExecutor.h:93] AriaExecutor 5 started. 
I1126 16:16:24.101595 1036497 AriaExecutor.h:93] AriaExecutor 6 started. 
I1126 16:16:24.101634 1036498 AriaExecutor.h:93] AriaExecutor 7 started. 
I1126 16:16:24.101670 1036499 AriaExecutor.h:93] AriaExecutor 8 started. 
I1126 16:16:24.101722 1036500 AriaExecutor.h:93] AriaExecutor 9 started. 
I1126 16:16:24.101769 1036501 AriaExecutor.h:93] AriaExecutor 10 started. 
I1126 16:16:24.101806 1036502 AriaExecutor.h:93] AriaExecutor 11 started. 
I1126 16:16:24.101835 1036495 AriaExecutor.h:93] AriaExecutor 4 started. 
I1126 16:16:24.101837 1036503 Manager.h:224] Manager(worker id = 12) on the coordinator node started.
I1126 16:16:25.101897 1036475 Coordinator.h:126] commit: 457383 abort: 388617 (0/388617/0), network size: 0, avg network size: 0, si_in_serializable: 0 0 %, local: 0 %
I1126 16:16:26.102005 1036475 Coordinator.h:126] commit: 451058 abort: 382942 (0/382942/0), network size: 0, avg network size: 0, si_in_serializable: 0 0 %, local: 0 %
I1126 16:16:27.102105 1036475 Coordinator.h:126] commit: 461257 abort: 390743 (0/390743/0), network size: 0, avg network size: 0, si_in_serializable: 0 0 %, local: 0 %
I1126 16:16:28.102186 1036475 Coordinator.h:126] commit: 457182 abort: 389818 (0/389818/0), network size: 0, avg network size: 0, si_in_serializable: 0 0 %, local: 0 %
I1126 16:16:29.102260 1036475 Coordinator.h:126] commit: 462796 abort: 391204 (0/391204/0), network size: 0, avg network size: 0, si_in_serializable: 0 0 %, local: 0 %
I1126 16:16:30.102339 1036475 Coordinator.h:126] commit: 455907 abort: 387093 (0/387093/0), network size: 0, avg network size: 0, si_in_serializable: 0 0 %, local: 0 %
I1126 16:16:31.102416 1036475 Coordinator.h:126] commit: 452770 abort: 384230 (0/384230/0), network size: 0, avg network size: 0, si_in_serializable: 0 0 %, local: 0 %
I1126 16:16:32.102511 1036475 Coordinator.h:126] commit: 459637 abort: 389363 (0/389363/0), network size: 0, avg network size: 0, si_in_serializable: 0 0 %, local: 0 %
I1126 16:16:33.102589 1036475 Coordinator.h:126] commit: 461029 abort: 391971 (0/391971/0), network size: 0, avg network size: 0, si_in_serializable: 0 0 %, local: 0 %
I1126 16:16:34.102659 1036475 Coordinator.h:126] commit: 462249 abort: 392751 (0/392751/0), network size: 0, avg network size: 0, si_in_serializable: 0 0 %, local: 0 %
I1126 16:16:35.102730 1036475 Coordinator.h:126] commit: 461088 abort: 390912 (0/390912/0), network size: 0, avg network size: 0, si_in_serializable: 0 0 %, local: 0 %
I1126 16:16:36.102802 1036475 Coordinator.h:126] commit: 457670 abort: 389330 (0/389330/0), network size: 0, avg network size: 0, si_in_serializable: 0 0 %, local: 0 %
I1126 16:16:37.102876 1036475 Coordinator.h:126] commit: 461195 abort: 391048 (0/391048/0), network size: 0, avg network size: 0, si_in_serializable: 0 0 %, local: 0 %
I1126 16:16:38.102946 1036475 Coordinator.h:126] commit: 444462 abort: 377294 (0/377294/0), network size: 0, avg network size: 0, si_in_serializable: 0 0 %, local: 0 %
I1126 16:16:39.103035 1036475 Coordinator.h:126] commit: 458609 abort: 388391 (0/388391/0), network size: 0, avg network size: 0, si_in_serializable: 0 0 %, local: 0 %
I1126 16:16:40.103111 1036475 Coordinator.h:126] commit: 461737 abort: 392263 (0/392263/0), network size: 0, avg network size: 0, si_in_serializable: 0 0 %, local: 0 %
I1126 16:16:41.103183 1036475 Coordinator.h:126] commit: 461570 abort: 391430 (0/391430/0), network size: 0, avg network size: 0, si_in_serializable: 0 0 %, local: 0 %
I1126 16:16:42.103256 1036475 Coordinator.h:126] commit: 461858 abort: 392142 (0/392142/0), network size: 0, avg network size: 0, si_in_serializable: 0 0 %, local: 0 %
I1126 16:16:43.103327 1036475 Coordinator.h:126] commit: 456353 abort: 386647 (0/386647/0), network size: 0, avg network size: 0, si_in_serializable: 0 0 %, local: 0 %
I1126 16:16:44.103399 1036475 Coordinator.h:126] commit: 462228 abort: 391772 (0/391772/0), network size: 0, avg network size: 0, si_in_serializable: 0 0 %, local: 0 %
I1126 16:16:45.103472 1036475 Coordinator.h:126] commit: 461806 abort: 392194 (0/392194/0), network size: 0, avg network size: 0, si_in_serializable: 0 0 %, local: 0 %
I1126 16:16:46.103546 1036475 Coordinator.h:126] commit: 462745 abort: 392255 (0/392255/0), network size: 0, avg network size: 0, si_in_serializable: 0 0 %, local: 0 %
I1126 16:16:47.103616 1036475 Coordinator.h:126] commit: 461226 abort: 391774 (0/391774/0), network size: 0, avg network size: 0, si_in_serializable: 0 0 %, local: 0 %
I1126 16:16:48.103684 1036475 Coordinator.h:126] commit: 462417 abort: 392583 (0/392583/0), network size: 0, avg network size: 0, si_in_serializable: 0 0 %, local: 0 %
I1126 16:16:49.103754 1036475 Coordinator.h:126] commit: 460460 abort: 392540 (0/392540/0), network size: 0, avg network size: 0, si_in_serializable: 0 0 %, local: 0 %
I1126 16:16:49.103766 1036475 Coordinator.h:152] average commit: 458677 abort: 389123 (0/389123/0), network size: 0, avg network size: 0, si_in_serializable: 0 0 %, local: 0 %
I1126 16:16:49.104516 1036503 Manager.h:227] Manager(worker id = 12) on the coordinator node exits.
I1126 16:16:49.104517 1036493 AriaExecutor.h:105] AriaExecutor 2 exits. 
I1126 16:16:49.104521 1036499 AriaExecutor.h:105] AriaExecutor 8 exits. 
I1126 16:16:49.104516 1036495 AriaExecutor.h:105] AriaExecutor 4 exits. 
I1126 16:16:49.104530 1036496 AriaExecutor.h:105] AriaExecutor 5 exits. 
I1126 16:16:49.104518 1036501 AriaExecutor.h:105] AriaExecutor 10 exits. 
I1126 16:16:49.104532 1036500 AriaExecutor.h:105] AriaExecutor 9 exits. 
I1126 16:16:49.104517 1036491 AriaExecutor.h:105] AriaExecutor 0 exits. 
I1126 16:16:49.104516 1036497 AriaExecutor.h:105] AriaExecutor 6 exits. 
I1126 16:16:49.104530 1036502 AriaExecutor.h:105] AriaExecutor 11 exits. 
I1126 16:16:49.104532 1036494 AriaExecutor.h:105] AriaExecutor 3 exits. 
I1126 16:16:49.104532 1036492 AriaExecutor.h:105] AriaExecutor 1 exits. 
I1126 16:16:49.104530 1036498 AriaExecutor.h:105] AriaExecutor 7 exits. 
I1126 16:16:49.103775 1036475 AriaExecutor.h:672] Worker 0 latency: 751 us (50%) 971 us (75%) 1116 us (95%) 1142 us (99%).
I1126 16:16:49.148685 1036475 AriaExecutor.h:672] Worker 1 latency: 749 us (50%) 969 us (75%) 1115 us (95%) 1141 us (99%).
I1126 16:16:49.196820 1036475 AriaExecutor.h:672] Worker 2 latency: 750 us (50%) 970 us (75%) 1116 us (95%) 1142 us (99%).
I1126 16:16:49.239856 1036475 AriaExecutor.h:672] Worker 3 latency: 746 us (50%) 968 us (75%) 1114 us (95%) 1140 us (99%).
I1126 16:16:49.287163 1036475 AriaExecutor.h:672] Worker 4 latency: 753 us (50%) 970 us (75%) 1115 us (95%) 1141 us (99%).
I1126 16:16:49.330531 1036475 AriaExecutor.h:672] Worker 5 latency: 751 us (50%) 968 us (75%) 1114 us (95%) 1140 us (99%).
I1126 16:16:49.378465 1036475 AriaExecutor.h:672] Worker 6 latency: 753 us (50%) 970 us (75%) 1115 us (95%) 1141 us (99%).
I1126 16:16:49.422585 1036475 AriaExecutor.h:672] Worker 7 latency: 750 us (50%) 967 us (75%) 1113 us (95%) 1140 us (99%).
I1126 16:16:49.469310 1036475 AriaExecutor.h:672] Worker 8 latency: 751 us (50%) 968 us (75%) 1115 us (95%) 1141 us (99%).
I1126 16:16:49.512691 1036475 AriaExecutor.h:672] Worker 9 latency: 750 us (50%) 968 us (75%) 1113 us (95%) 1140 us (99%).
I1126 16:16:49.558686 1036475 AriaExecutor.h:672] Worker 10 latency: 751 us (50%) 968 us (75%) 1114 us (95%) 1141 us (99%).
I1126 16:16:49.601562 1036475 AriaExecutor.h:672] Worker 11 latency: 750 us (50%) 966 us (75%) 1113 us (95%) 1140 us (99%).
I1126 16:16:49.648216 1036475 Coordinator.h:177] total commit: 458677
I1126 16:16:50.648324 1036475 Coordinator.h:192] Coordinator exits.
