I0911 23:56:14.529834 2952169 Database.h:65] ycsb initialization finished in 145 milliseconds.
I0911 23:56:14.529951 2952169 Coordinator.h:30] Coordinator initializes 16 workers.
I0911 23:56:14.560417 2952169 Coordinator.h:77] Coordinator starts to run 17 workers.
I0911 23:56:14.560477 2952189 AriaExecutor.h:82] AriaExecutor 0 started. 
I0911 23:56:14.560513 2952190 AriaExecutor.h:82] AriaExecutor 1 started. 
I0911 23:56:14.560550 2952191 AriaExecutor.h:82] AriaExecutor 2 started. 
I0911 23:56:14.560612 2952192 AriaExecutor.h:82] AriaExecutor 3 started. 
I0911 23:56:14.560632 2952193 AriaExecutor.h:82] AriaExecutor 4 started. 
I0911 23:56:14.560680 2952194 AriaExecutor.h:82] AriaExecutor 5 started. 
I0911 23:56:14.560707 2952195 AriaExecutor.h:82] AriaExecutor 6 started. 
I0911 23:56:14.560755 2952196 AriaExecutor.h:82] AriaExecutor 7 started. 
I0911 23:56:14.560783 2952197 AriaExecutor.h:82] AriaExecutor 8 started. 
I0911 23:56:14.560825 2952198 AriaExecutor.h:82] AriaExecutor 9 started. 
I0911 23:56:14.560863 2952199 AriaExecutor.h:82] AriaExecutor 10 started. 
I0911 23:56:14.560904 2952200 AriaExecutor.h:82] AriaExecutor 11 started. 
I0911 23:56:14.560950 2952201 AriaExecutor.h:82] AriaExecutor 12 started. 
I0911 23:56:14.560997 2952202 AriaExecutor.h:82] AriaExecutor 13 started. 
I0911 23:56:14.561033 2952203 AriaExecutor.h:82] AriaExecutor 14 started. 
I0911 23:56:14.561072 2952204 AriaExecutor.h:82] AriaExecutor 15 started. 
I0911 23:56:14.561112 2952205 Manager.h:224] Manager(worker id = 16) on the coordinator node started.
I0911 23:56:15.561165 2952169 Coordinator.h:126] commit: 1210904 abort: 103912 (0/103912/0), network size: 0, avg network size: 0, si_in_serializable: 0 0 %, local: 0 %
I0911 23:56:16.561267 2952169 Coordinator.h:126] commit: 1199802 abort: 102726 (0/102726/0), network size: 0, avg network size: 0, si_in_serializable: 0 0 %, local: 0 %
I0911 23:56:17.561342 2952169 Coordinator.h:126] commit: 1158413 abort: 99059 (0/99059/0), network size: 0, avg network size: 0, si_in_serializable: 0 0 %, local: 0 %
I0911 23:56:18.561417 2952169 Coordinator.h:126] commit: 1158008 abort: 99464 (0/99464/0), network size: 0, avg network size: 0, si_in_serializable: 0 0 %, local: 0 %
I0911 23:56:19.561520 2952169 Coordinator.h:126] commit: 1211466 abort: 103350 (0/103350/0), network size: 0, avg network size: 0, si_in_serializable: 0 0 %, local: 0 %
I0911 23:56:20.561604 2952169 Coordinator.h:126] commit: 1206950 abort: 103770 (0/103770/0), network size: 0, avg network size: 0, si_in_serializable: 0 0 %, local: 0 %
I0911 23:56:21.561678 2952169 Coordinator.h:126] commit: 1218386 abort: 104622 (0/104622/0), network size: 0, avg network size: 0, si_in_serializable: 0 0 %, local: 0 %
I0911 23:56:22.561751 2952169 Coordinator.h:126] commit: 1184667 abort: 101477 (0/101477/0), network size: 0, avg network size: 0, si_in_serializable: 0 0 %, local: 0 %
I0911 23:56:23.561830 2952169 Coordinator.h:126] commit: 1214642 abort: 104270 (0/104270/0), network size: 0, avg network size: 0, si_in_serializable: 0 0 %, local: 0 %
I0911 23:56:24.561914 2952169 Coordinator.h:126] commit: 1195799 abort: 102633 (0/102633/0), network size: 0, avg network size: 0, si_in_serializable: 0 0 %, local: 0 %
I0911 23:56:25.561990 2952169 Coordinator.h:126] commit: 1207853 abort: 102867 (0/102867/0), network size: 0, avg network size: 0, si_in_serializable: 0 0 %, local: 0 %
I0911 23:56:26.562067 2952169 Coordinator.h:126] commit: 1185222 abort: 100922 (0/100922/0), network size: 0, avg network size: 0, si_in_serializable: 0 0 %, local: 0 %
I0911 23:56:27.562139 2952169 Coordinator.h:126] commit: 1214920 abort: 103992 (0/103992/0), network size: 0, avg network size: 0, si_in_serializable: 0 0 %, local: 0 %
I0911 23:56:28.562212 2952169 Coordinator.h:126] commit: 1192686 abort: 101650 (0/101650/0), network size: 0, avg network size: 0, si_in_serializable: 0 0 %, local: 0 %
I0911 23:56:29.562287 2952169 Coordinator.h:126] commit: 1177420 abort: 100532 (0/100532/0), network size: 0, avg network size: 0, si_in_serializable: 0 0 %, local: 0 %
I0911 23:56:30.562388 2952169 Coordinator.h:126] commit: 1215101 abort: 103811 (0/103811/0), network size: 0, avg network size: 0, si_in_serializable: 0 0 %, local: 0 %
I0911 23:56:31.562472 2952169 Coordinator.h:126] commit: 1215295 abort: 103617 (0/103617/0), network size: 0, avg network size: 0, si_in_serializable: 0 0 %, local: 0 %
I0911 23:56:32.562556 2952169 Coordinator.h:126] commit: 1214808 abort: 104104 (0/104104/0), network size: 0, avg network size: 0, si_in_serializable: 0 0 %, local: 0 %
I0911 23:56:33.562634 2952169 Coordinator.h:126] commit: 1214645 abort: 103749 (0/103749/0), network size: 0, avg network size: 0, si_in_serializable: 0 0 %, local: 0 %
I0911 23:56:34.562711 2952169 Coordinator.h:126] commit: 1214882 abort: 104547 (0/104547/0), network size: 0, avg network size: 0, si_in_serializable: 0 0 %, local: 0 %
I0911 23:56:35.562788 2952169 Coordinator.h:126] commit: 1203689 abort: 102935 (0/102935/0), network size: 0, avg network size: 0, si_in_serializable: 0 0 %, local: 0 %
I0911 23:56:36.562867 2952169 Coordinator.h:126] commit: 1218816 abort: 104192 (0/104192/0), network size: 0, avg network size: 0, si_in_serializable: 0 0 %, local: 0 %
I0911 23:56:37.562939 2952169 Coordinator.h:126] commit: 1218771 abort: 104237 (0/104237/0), network size: 0, avg network size: 0, si_in_serializable: 0 0 %, local: 0 %
I0911 23:56:38.563012 2952169 Coordinator.h:126] commit: 1215160 abort: 103752 (0/103752/0), network size: 0, avg network size: 0, si_in_serializable: 0 0 %, local: 0 %
I0911 23:56:39.563086 2952169 Coordinator.h:126] commit: 1211654 abort: 103162 (0/103162/0), network size: 0, avg network size: 0, si_in_serializable: 0 0 %, local: 0 %
I0911 23:56:39.563098 2952169 Coordinator.h:152] average commit: 1.20528e+06 abort: 102979 (0/102979/0), network size: 0, avg network size: 0, si_in_serializable: 0 0 %, local: 0 %
I0911 23:56:39.565203 2952189 AriaExecutor.h:94] AriaExecutor 0 exits. 
I0911 23:56:39.565213 2952197 AriaExecutor.h:94] AriaExecutor 8 exits. 
I0911 23:56:39.565207 2952199 AriaExecutor.h:94] AriaExecutor 10 exits. 
I0911 23:56:39.565220 2952200 AriaExecutor.h:94] AriaExecutor 11 exits. 
I0911 23:56:39.565243 2952196 AriaExecutor.h:94] AriaExecutor 7 exits. 
I0911 23:56:39.565222 2952192 AriaExecutor.h:94] AriaExecutor 3 exits. 
I0911 23:56:39.565223 2952194 AriaExecutor.h:94] AriaExecutor 5 exits. 
I0911 23:56:39.565235 2952201 AriaExecutor.h:94] AriaExecutor 12 exits. 
I0911 23:56:39.565230 2952198 AriaExecutor.h:94] AriaExecutor 9 exits. 
I0911 23:56:39.565210 2952193 AriaExecutor.h:94] AriaExecutor 4 exits. 
I0911 23:56:39.565210 2952191 AriaExecutor.h:94] AriaExecutor 2 exits. 
I0911 23:56:39.565209 2952195 AriaExecutor.h:94] AriaExecutor 6 exits. 
I0911 23:56:39.565232 2952204 AriaExecutor.h:94] AriaExecutor 15 exits. 
I0911 23:56:39.565230 2952190 AriaExecutor.h:94] AriaExecutor 1 exits. 
I0911 23:56:39.565203 2952203 AriaExecutor.h:94] AriaExecutor 14 exits. 
I0911 23:56:39.565230 2952202 AriaExecutor.h:94] AriaExecutor 13 exits. 
I0911 23:56:39.565222 2952205 Manager.h:227] Manager(worker id = 16) on the coordinator node exits.
I0911 23:56:39.563107 2952169 AriaExecutor.h:641] Worker 0 latency: 1841 us (50%) 2429 us (75%) 2885 us (95%) 2984 us (99%).
I0911 23:56:39.642022 2952169 AriaExecutor.h:641] Worker 1 latency: 1840 us (50%) 2428 us (75%) 2883 us (95%) 2982 us (99%).
I0911 23:56:39.730933 2952169 AriaExecutor.h:641] Worker 2 latency: 1853 us (50%) 2434 us (75%) 2886 us (95%) 2984 us (99%).
I0911 23:56:39.808844 2952169 AriaExecutor.h:641] Worker 3 latency: 1842 us (50%) 2429 us (75%) 2884 us (95%) 2982 us (99%).
I0911 23:56:39.894129 2952169 AriaExecutor.h:641] Worker 4 latency: 1846 us (50%) 2431 us (75%) 2885 us (95%) 2983 us (99%).
I0911 23:56:39.971879 2952169 AriaExecutor.h:641] Worker 5 latency: 1838 us (50%) 2426 us (75%) 2883 us (95%) 2983 us (99%).
I0911 23:56:40.061247 2952169 AriaExecutor.h:641] Worker 6 latency: 1856 us (50%) 2436 us (75%) 2887 us (95%) 2985 us (99%).
I0911 23:56:40.139698 2952169 AriaExecutor.h:641] Worker 7 latency: 1840 us (50%) 2427 us (75%) 2883 us (95%) 2982 us (99%).
I0911 23:56:40.227423 2952169 AriaExecutor.h:641] Worker 8 latency: 1844 us (50%) 2430 us (75%) 2884 us (95%) 2984 us (99%).
I0911 23:56:40.305819 2952169 AriaExecutor.h:641] Worker 9 latency: 1841 us (50%) 2426 us (75%) 2881 us (95%) 2981 us (99%).
I0911 23:56:40.392848 2952169 AriaExecutor.h:641] Worker 10 latency: 1857 us (50%) 2436 us (75%) 2886 us (95%) 2984 us (99%).
I0911 23:56:40.472877 2952169 AriaExecutor.h:641] Worker 11 latency: 1842 us (50%) 2428 us (75%) 2883 us (95%) 2982 us (99%).
I0911 23:56:40.561236 2952169 AriaExecutor.h:641] Worker 12 latency: 1855 us (50%) 2435 us (75%) 2886 us (95%) 2984 us (99%).
I0911 23:56:40.640516 2952169 AriaExecutor.h:641] Worker 13 latency: 1839 us (50%) 2426 us (75%) 2882 us (95%) 2981 us (99%).
I0911 23:56:40.726379 2952169 AriaExecutor.h:641] Worker 14 latency: 1857 us (50%) 2435 us (75%) 2885 us (95%) 2983 us (99%).
I0911 23:56:40.804698 2952169 AriaExecutor.h:641] Worker 15 latency: 1843 us (50%) 2428 us (75%) 2883 us (95%) 2982 us (99%).
I0911 23:56:40.894594 2952169 Coordinator.h:177] total commit: 1.20528e+06
I0911 23:56:41.894716 2952169 Coordinator.h:192] Coordinator exits.
