I0911 23:21:06.433817 2945656 Database.h:65] ycsb initialization finished in 174 milliseconds.
I0911 23:21:06.433944 2945656 Coordinator.h:30] Coordinator initializes 16 workers.
I0911 23:21:06.449716 2945656 Coordinator.h:77] Coordinator starts to run 17 workers.
I0911 23:21:06.449801 2945676 AriaExecutor.h:82] AriaExecutor 0 started. 
I0911 23:21:06.449832 2945677 AriaExecutor.h:82] AriaExecutor 1 started. 
I0911 23:21:06.449879 2945678 AriaExecutor.h:82] AriaExecutor 2 started. 
I0911 23:21:06.449931 2945679 AriaExecutor.h:82] AriaExecutor 3 started. 
I0911 23:21:06.449955 2945680 AriaExecutor.h:82] AriaExecutor 4 started. 
I0911 23:21:06.449996 2945681 AriaExecutor.h:82] AriaExecutor 5 started. 
I0911 23:21:06.450033 2945682 AriaExecutor.h:82] AriaExecutor 6 started. 
I0911 23:21:06.450073 2945683 AriaExecutor.h:82] AriaExecutor 7 started. 
I0911 23:21:06.450115 2945684 AriaExecutor.h:82] AriaExecutor 8 started. 
I0911 23:21:06.450160 2945685 AriaExecutor.h:82] AriaExecutor 9 started. 
I0911 23:21:06.450191 2945686 AriaExecutor.h:82] AriaExecutor 10 started. 
I0911 23:21:06.450232 2945687 AriaExecutor.h:82] AriaExecutor 11 started. 
I0911 23:21:06.450266 2945688 AriaExecutor.h:82] AriaExecutor 12 started. 
I0911 23:21:06.450316 2945689 AriaExecutor.h:82] AriaExecutor 13 started. 
I0911 23:21:06.450356 2945690 AriaExecutor.h:82] AriaExecutor 14 started. 
I0911 23:21:06.450397 2945691 AriaExecutor.h:82] AriaExecutor 15 started. 
I0911 23:21:06.450429 2945692 Manager.h:224] Manager(worker id = 16) on the coordinator node started.
I0911 23:21:07.450488 2945656 Coordinator.h:126] commit: 168595 abort: 58733 (0/58733/0), network size: 0, avg network size: 0, si_in_serializable: 0 0 %, local: 0 %
I0911 23:21:08.450634 2945656 Coordinator.h:126] commit: 173011 abort: 60461 (0/60461/0), network size: 0, avg network size: 0, si_in_serializable: 0 0 %, local: 0 %
I0911 23:21:09.450728 2945656 Coordinator.h:126] commit: 167947 abort: 59381 (0/59381/0), network size: 0, avg network size: 0, si_in_serializable: 0 0 %, local: 0 %
I0911 23:21:10.450831 2945656 Coordinator.h:126] commit: 169769 abort: 59607 (0/59607/0), network size: 0, avg network size: 0, si_in_serializable: 0 0 %, local: 0 %
I0911 23:21:11.450951 2945656 Coordinator.h:126] commit: 177067 abort: 62549 (0/62549/0), network size: 0, avg network size: 0, si_in_serializable: 0 0 %, local: 0 %
I0911 23:21:12.451045 2945656 Coordinator.h:126] commit: 178841 abort: 62823 (0/62823/0), network size: 0, avg network size: 0, si_in_serializable: 0 0 %, local: 0 %
I0911 23:21:13.451131 2945656 Coordinator.h:126] commit: 179056 abort: 62608 (0/62608/0), network size: 0, avg network size: 0, si_in_serializable: 0 0 %, local: 0 %
I0911 23:21:14.451215 2945656 Coordinator.h:126] commit: 178619 abort: 63045 (0/63045/0), network size: 0, avg network size: 0, si_in_serializable: 0 0 %, local: 0 %
I0911 23:21:15.451314 2945656 Coordinator.h:126] commit: 179248 abort: 62416 (0/62416/0), network size: 0, avg network size: 0, si_in_serializable: 0 0 %, local: 0 %
I0911 23:21:16.451419 2945656 Coordinator.h:126] commit: 175715 abort: 61853 (0/61853/0), network size: 0, avg network size: 0, si_in_serializable: 0 0 %, local: 0 %
I0911 23:21:17.451524 2945656 Coordinator.h:126] commit: 178882 abort: 62782 (0/62782/0), network size: 0, avg network size: 0, si_in_serializable: 0 0 %, local: 0 %
I0911 23:21:18.451612 2945656 Coordinator.h:126] commit: 174655 abort: 60865 (0/60865/0), network size: 0, avg network size: 0, si_in_serializable: 0 0 %, local: 0 %
I0911 23:21:19.451695 2945656 Coordinator.h:126] commit: 180606 abort: 63106 (0/63106/0), network size: 0, avg network size: 0, si_in_serializable: 0 0 %, local: 0 %
I0911 23:21:20.451812 2945656 Coordinator.h:126] commit: 179045 abort: 62619 (0/62619/0), network size: 0, avg network size: 0, si_in_serializable: 0 0 %, local: 0 %
I0911 23:21:21.451911 2945656 Coordinator.h:126] commit: 180316 abort: 63396 (0/63396/0), network size: 0, avg network size: 0, si_in_serializable: 0 0 %, local: 0 %
I0911 23:21:22.451996 2945656 Coordinator.h:126] commit: 180346 abort: 63366 (0/63366/0), network size: 0, avg network size: 0, si_in_serializable: 0 0 %, local: 0 %
I0911 23:21:23.452083 2945656 Coordinator.h:126] commit: 180454 abort: 63258 (0/63258/0), network size: 0, avg network size: 0, si_in_serializable: 0 0 %, local: 0 %
I0911 23:21:24.452164 2945656 Coordinator.h:126] commit: 179017 abort: 62647 (0/62647/0), network size: 0, avg network size: 0, si_in_serializable: 0 0 %, local: 0 %
I0911 23:21:25.452250 2945656 Coordinator.h:126] commit: 180726 abort: 62986 (0/62986/0), network size: 0, avg network size: 0, si_in_serializable: 0 0 %, local: 0 %
I0911 23:21:26.452340 2945656 Coordinator.h:126] commit: 178782 abort: 62882 (0/62882/0), network size: 0, avg network size: 0, si_in_serializable: 0 0 %, local: 0 %
I0911 23:21:27.452436 2945656 Coordinator.h:126] commit: 180179 abort: 63533 (0/63533/0), network size: 0, avg network size: 0, si_in_serializable: 0 0 %, local: 0 %
I0911 23:21:28.452526 2945656 Coordinator.h:126] commit: 178980 abort: 62684 (0/62684/0), network size: 0, avg network size: 0, si_in_serializable: 0 0 %, local: 0 %
I0911 23:21:29.452608 2945656 Coordinator.h:126] commit: 180495 abort: 63217 (0/63217/0), network size: 0, avg network size: 0, si_in_serializable: 0 0 %, local: 0 %
I0911 23:21:30.452694 2945656 Coordinator.h:126] commit: 172750 abort: 60722 (0/60722/0), network size: 0, avg network size: 0, si_in_serializable: 0 0 %, local: 0 %
I0911 23:21:31.452777 2945656 Coordinator.h:126] commit: 178845 abort: 62819 (0/62819/0), network size: 0, avg network size: 0, si_in_serializable: 0 0 %, local: 0 %
I0911 23:21:31.452790 2945656 Coordinator.h:152] average commit: 179283 abort: 62790.7 (0/62790.7/0), network size: 0, avg network size: 0, si_in_serializable: 0 0 %, local: 0 %
I0911 23:21:31.455138 2945680 AriaExecutor.h:94] AriaExecutor 4 exits. 
I0911 23:21:31.455140 2945688 AriaExecutor.h:94] AriaExecutor 12 exits. 
I0911 23:21:31.455143 2945676 AriaExecutor.h:94] AriaExecutor 0 exits. 
I0911 23:21:31.455140 2945678 AriaExecutor.h:94] AriaExecutor 2 exits. 
I0911 23:21:31.455157 2945689 AriaExecutor.h:94] AriaExecutor 13 exits. 
I0911 23:21:31.455143 2945686 AriaExecutor.h:94] AriaExecutor 10 exits. 
I0911 23:21:31.455142 2945690 AriaExecutor.h:94] AriaExecutor 14 exits. 
I0911 23:21:31.455145 2945682 AriaExecutor.h:94] AriaExecutor 6 exits. 
I0911 23:21:31.455156 2945679 AriaExecutor.h:94] AriaExecutor 3 exits. 
I0911 23:21:31.455156 2945691 AriaExecutor.h:94] AriaExecutor 15 exits. 
I0911 23:21:31.455156 2945683 AriaExecutor.h:94] AriaExecutor 7 exits. 
I0911 23:21:31.455156 2945677 AriaExecutor.h:94] AriaExecutor 1 exits. 
I0911 23:21:31.455156 2945685 AriaExecutor.h:94] AriaExecutor 9 exits. 
I0911 23:21:31.455155 2945681 AriaExecutor.h:94] AriaExecutor 5 exits. 
I0911 23:21:31.455159 2945687 AriaExecutor.h:94] AriaExecutor 11 exits. 
I0911 23:21:31.455139 2945692 Manager.h:227] Manager(worker id = 16) on the coordinator node exits.
I0911 23:21:31.455143 2945684 AriaExecutor.h:94] AriaExecutor 8 exits. 
I0911 23:21:31.452800 2945656 AriaExecutor.h:641] Worker 0 latency: 6132 us (50%) 7180 us (75%) 7929 us (95%) 8178 us (99%).
I0911 23:21:31.466398 2945656 AriaExecutor.h:641] Worker 1 latency: 6120 us (50%) 7170 us (75%) 7921 us (95%) 8157 us (99%).
I0911 23:21:31.480115 2945656 AriaExecutor.h:641] Worker 2 latency: 6145 us (50%) 7183 us (75%) 7926 us (95%) 8164 us (99%).
I0911 23:21:31.493656 2945656 AriaExecutor.h:641] Worker 3 latency: 6132 us (50%) 7181 us (75%) 7926 us (95%) 8160 us (99%).
I0911 23:21:31.507170 2945656 AriaExecutor.h:641] Worker 4 latency: 6116 us (50%) 7170 us (75%) 7925 us (95%) 8163 us (99%).
I0911 23:21:31.520826 2945656 AriaExecutor.h:641] Worker 5 latency: 6110 us (50%) 7171 us (75%) 7925 us (95%) 8160 us (99%).
I0911 23:21:31.534695 2945656 AriaExecutor.h:641] Worker 6 latency: 6142 us (50%) 7178 us (75%) 7922 us (95%) 8159 us (99%).
I0911 23:21:31.548269 2945656 AriaExecutor.h:641] Worker 7 latency: 6136 us (50%) 7181 us (75%) 7926 us (95%) 8161 us (99%).
I0911 23:21:31.561828 2945656 AriaExecutor.h:641] Worker 8 latency: 6117 us (50%) 7168 us (75%) 7926 us (95%) 8171 us (99%).
I0911 23:21:31.575301 2945656 AriaExecutor.h:641] Worker 9 latency: 6116 us (50%) 7165 us (75%) 7920 us (95%) 8152 us (99%).
I0911 23:21:31.588922 2945656 AriaExecutor.h:641] Worker 10 latency: 6141 us (50%) 7178 us (75%) 7920 us (95%) 8159 us (99%).
I0911 23:21:31.602476 2945656 AriaExecutor.h:641] Worker 11 latency: 6134 us (50%) 7176 us (75%) 7921 us (95%) 8158 us (99%).
I0911 23:21:31.616031 2945656 AriaExecutor.h:641] Worker 12 latency: 6140 us (50%) 7181 us (75%) 7924 us (95%) 8162 us (99%).
I0911 23:21:31.629452 2945656 AriaExecutor.h:641] Worker 13 latency: 6114 us (50%) 7171 us (75%) 7925 us (95%) 8159 us (99%).
I0911 23:21:31.643146 2945656 AriaExecutor.h:641] Worker 14 latency: 6154 us (50%) 7190 us (75%) 7926 us (95%) 8164 us (99%).
I0911 23:21:31.656600 2945656 AriaExecutor.h:641] Worker 15 latency: 6141 us (50%) 7182 us (75%) 7923 us (95%) 8156 us (99%).
I0911 23:21:31.669978 2945656 Coordinator.h:177] total commit: 179283
I0911 23:21:32.670087 2945656 Coordinator.h:192] Coordinator exits.
