I0911 21:59:59.139034 2929949 Database.h:65] ycsb initialization finished in 148 milliseconds.
I0911 21:59:59.139142 2929949 Coordinator.h:30] Coordinator initializes 16 workers.
I0911 21:59:59.258062 2929949 Coordinator.h:77] Coordinator starts to run 17 workers.
I0911 21:59:59.258121 2929969 AriaExecutor.h:82] AriaExecutor 0 started. 
I0911 21:59:59.258163 2929970 AriaExecutor.h:82] AriaExecutor 1 started. 
I0911 21:59:59.258203 2929971 AriaExecutor.h:82] AriaExecutor 2 started. 
I0911 21:59:59.258253 2929972 AriaExecutor.h:82] AriaExecutor 3 started. 
I0911 21:59:59.258276 2929973 AriaExecutor.h:82] AriaExecutor 4 started. 
I0911 21:59:59.258324 2929974 AriaExecutor.h:82] AriaExecutor 5 started. 
I0911 21:59:59.258359 2929975 AriaExecutor.h:82] AriaExecutor 6 started. 
I0911 21:59:59.258399 2929976 AriaExecutor.h:82] AriaExecutor 7 started. 
I0911 21:59:59.258430 2929977 AriaExecutor.h:82] AriaExecutor 8 started. 
I0911 21:59:59.258471 2929978 AriaExecutor.h:82] AriaExecutor 9 started. 
I0911 21:59:59.258503 2929979 AriaExecutor.h:82] AriaExecutor 10 started. 
I0911 21:59:59.258553 2929980 AriaExecutor.h:82] AriaExecutor 11 started. 
I0911 21:59:59.258589 2929981 AriaExecutor.h:82] AriaExecutor 12 started. 
I0911 21:59:59.258633 2929982 AriaExecutor.h:82] AriaExecutor 13 started. 
I0911 21:59:59.258666 2929983 AriaExecutor.h:82] AriaExecutor 14 started. 
I0911 21:59:59.258709 2929984 AriaExecutor.h:82] AriaExecutor 15 started. 
I0911 21:59:59.258744 2929985 Manager.h:224] Manager(worker id = 16) on the coordinator node started.
I0911 22:00:00.258798 2929949 Coordinator.h:126] commit: 1138683 abort: 13317 (0/13317/0), network size: 0, avg network size: 0, si_in_serializable: 0 0 %, local: 0 %
I0911 22:00:01.258909 2929949 Coordinator.h:126] commit: 1138547 abort: 13453 (0/13453/0), network size: 0, avg network size: 0, si_in_serializable: 0 0 %, local: 0 %
I0911 22:00:02.258992 2929949 Coordinator.h:126] commit: 1138571 abort: 13429 (0/13429/0), network size: 0, avg network size: 0, si_in_serializable: 0 0 %, local: 0 %
I0911 22:00:03.259074 2929949 Coordinator.h:126] commit: 1122733 abort: 13267 (0/13267/0), network size: 0, avg network size: 0, si_in_serializable: 0 0 %, local: 0 %
I0911 22:00:04.259156 2929949 Coordinator.h:126] commit: 1154409 abort: 13591 (0/13591/0), network size: 0, avg network size: 0, si_in_serializable: 0 0 %, local: 0 %
I0911 22:00:05.259265 2929949 Coordinator.h:126] commit: 1170272 abort: 13728 (0/13728/0), network size: 0, avg network size: 0, si_in_serializable: 0 0 %, local: 0 %
I0911 22:00:06.259348 2929949 Coordinator.h:126] commit: 1186194 abort: 13806 (0/13806/0), network size: 0, avg network size: 0, si_in_serializable: 0 0 %, local: 0 %
I0911 22:00:07.259424 2929949 Coordinator.h:126] commit: 1157404 abort: 13507 (0/13507/0), network size: 0, avg network size: 0, si_in_serializable: 0 0 %, local: 0 %
I0911 22:00:08.259505 2929949 Coordinator.h:126] commit: 1183255 abort: 13834 (0/13834/0), network size: 0, avg network size: 0, si_in_serializable: 0 0 %, local: 0 %
I0911 22:00:09.259583 2929949 Coordinator.h:126] commit: 1186123 abort: 13877 (0/13877/0), network size: 0, avg network size: 0, si_in_serializable: 0 0 %, local: 0 %
I0911 22:00:10.259663 2929949 Coordinator.h:126] commit: 1170247 abort: 13753 (0/13753/0), network size: 0, avg network size: 0, si_in_serializable: 0 0 %, local: 0 %
I0911 22:00:11.259747 2929949 Coordinator.h:126] commit: 1186121 abort: 13879 (0/13879/0), network size: 0, avg network size: 0, si_in_serializable: 0 0 %, local: 0 %
I0911 22:00:12.259827 2929949 Coordinator.h:126] commit: 1138555 abort: 13445 (0/13445/0), network size: 0, avg network size: 0, si_in_serializable: 0 0 %, local: 0 %
I0911 22:00:13.259907 2929949 Coordinator.h:126] commit: 1154494 abort: 13506 (0/13506/0), network size: 0, avg network size: 0, si_in_serializable: 0 0 %, local: 0 %
I0911 22:00:14.259986 2929949 Coordinator.h:126] commit: 1154432 abort: 13568 (0/13568/0), network size: 0, avg network size: 0, si_in_serializable: 0 0 %, local: 0 %
I0911 22:00:15.260087 2929949 Coordinator.h:126] commit: 1170401 abort: 13599 (0/13599/0), network size: 0, avg network size: 0, si_in_serializable: 0 0 %, local: 0 %
I0911 22:00:16.260169 2929949 Coordinator.h:126] commit: 1186286 abort: 13714 (0/13714/0), network size: 0, avg network size: 0, si_in_serializable: 0 0 %, local: 0 %
I0911 22:00:17.260244 2929949 Coordinator.h:126] commit: 1170338 abort: 13662 (0/13662/0), network size: 0, avg network size: 0, si_in_serializable: 0 0 %, local: 0 %
I0911 22:00:18.260319 2929949 Coordinator.h:126] commit: 1186110 abort: 13890 (0/13890/0), network size: 0, avg network size: 0, si_in_serializable: 0 0 %, local: 0 %
I0911 22:00:19.260396 2929949 Coordinator.h:126] commit: 1173745 abort: 13550 (0/13550/0), network size: 0, avg network size: 0, si_in_serializable: 0 0 %, local: 0 %
I0911 22:00:20.260473 2929949 Coordinator.h:126] commit: 1182732 abort: 13973 (0/13973/0), network size: 0, avg network size: 0, si_in_serializable: 0 0 %, local: 0 %
I0911 22:00:21.260551 2929949 Coordinator.h:126] commit: 1186289 abort: 13711 (0/13711/0), network size: 0, avg network size: 0, si_in_serializable: 0 0 %, local: 0 %
I0911 22:00:22.260630 2929949 Coordinator.h:126] commit: 1170133 abort: 13867 (0/13867/0), network size: 0, avg network size: 0, si_in_serializable: 0 0 %, local: 0 %
I0911 22:00:23.260706 2929949 Coordinator.h:126] commit: 1186248 abort: 13752 (0/13752/0), network size: 0, avg network size: 0, si_in_serializable: 0 0 %, local: 0 %
I0911 22:00:24.260782 2929949 Coordinator.h:126] commit: 1186161 abort: 13839 (0/13839/0), network size: 0, avg network size: 0, si_in_serializable: 0 0 %, local: 0 %
I0911 22:00:24.260792 2929949 Coordinator.h:152] average commit: 1.16907e+06 abort: 13656.6 (0/13656.6/0), network size: 0, avg network size: 0, si_in_serializable: 0 0 %, local: 0 %
I0911 22:00:24.272508 2929985 Manager.h:227] Manager(worker id = 16) on the coordinator node exits.
I0911 22:00:24.272513 2929971 AriaExecutor.h:94] AriaExecutor 2 exits. 
I0911 22:00:24.272512 2929983 AriaExecutor.h:94] AriaExecutor 14 exits. 
I0911 22:00:24.272541 2929976 AriaExecutor.h:94] AriaExecutor 7 exits. 
I0911 22:00:24.272516 2929979 AriaExecutor.h:94] AriaExecutor 10 exits. 
I0911 22:00:24.272519 2929969 AriaExecutor.h:94] AriaExecutor 0 exits. 
I0911 22:00:24.272516 2929973 AriaExecutor.h:94] AriaExecutor 4 exits. 
I0911 22:00:24.272521 2929972 AriaExecutor.h:94] AriaExecutor 3 exits. 
I0911 22:00:24.272521 2929984 AriaExecutor.h:94] AriaExecutor 15 exits. 
I0911 22:00:24.272522 2929978 AriaExecutor.h:94] AriaExecutor 9 exits. 
I0911 22:00:24.272521 2929974 AriaExecutor.h:94] AriaExecutor 5 exits. 
I0911 22:00:24.272521 2929970 AriaExecutor.h:94] AriaExecutor 1 exits. 
I0911 22:00:24.272516 2929975 AriaExecutor.h:94] AriaExecutor 6 exits. 
I0911 22:00:24.272516 2929977 AriaExecutor.h:94] AriaExecutor 8 exits. 
I0911 22:00:24.272516 2929981 AriaExecutor.h:94] AriaExecutor 12 exits. 
I0911 22:00:24.272521 2929980 AriaExecutor.h:94] AriaExecutor 11 exits. 
I0911 22:00:24.272523 2929982 AriaExecutor.h:94] AriaExecutor 13 exits. 
I0911 22:00:24.260802 2929949 AriaExecutor.h:535] Worker 0 latency: 8006 us (50%) 10377 us (75%) 12274 us (95%) 12679 us (99%).
I0911 22:00:24.339260 2929949 AriaExecutor.h:535] Worker 1 latency: 7939 us (50%) 10337 us (75%) 12259 us (95%) 12665 us (99%).
I0911 22:00:24.426209 2929949 AriaExecutor.h:535] Worker 2 latency: 8007 us (50%) 10370 us (75%) 12265 us (95%) 12666 us (99%).
I0911 22:00:24.505579 2929949 AriaExecutor.h:535] Worker 3 latency: 7994 us (50%) 10370 us (75%) 12269 us (95%) 12667 us (99%).
I0911 22:00:24.592283 2929949 AriaExecutor.h:535] Worker 4 latency: 7984 us (50%) 10361 us (75%) 12268 us (95%) 12671 us (99%).
I0911 22:00:24.671046 2929949 AriaExecutor.h:535] Worker 5 latency: 7966 us (50%) 10357 us (75%) 12268 us (95%) 12668 us (99%).
I0911 22:00:24.760178 2929949 AriaExecutor.h:535] Worker 6 latency: 8044 us (50%) 10398 us (75%) 12276 us (95%) 12674 us (99%).
I0911 22:00:24.838176 2929949 AriaExecutor.h:535] Worker 7 latency: 8003 us (50%) 10377 us (75%) 12272 us (95%) 12668 us (99%).
I0911 22:00:24.922725 2929949 AriaExecutor.h:535] Worker 8 latency: 7999 us (50%) 10367 us (75%) 12266 us (95%) 12667 us (99%).
I0911 22:00:25.001883 2929949 AriaExecutor.h:535] Worker 9 latency: 7950 us (50%) 10341 us (75%) 12260 us (95%) 12663 us (99%).
I0911 22:00:25.089924 2929949 AriaExecutor.h:535] Worker 10 latency: 7989 us (50%) 10357 us (75%) 12261 us (95%) 12666 us (99%).
I0911 22:00:25.168975 2929949 AriaExecutor.h:535] Worker 11 latency: 7950 us (50%) 10339 us (75%) 12257 us (95%) 12658 us (99%).
I0911 22:00:25.255316 2929949 AriaExecutor.h:535] Worker 12 latency: 7974 us (50%) 10350 us (75%) 12259 us (95%) 12663 us (99%).
I0911 22:00:25.333904 2929949 AriaExecutor.h:535] Worker 13 latency: 7971 us (50%) 10360 us (75%) 12268 us (95%) 12670 us (99%).
I0911 22:00:25.411617 2929949 AriaExecutor.h:535] Worker 14 latency: 7992 us (50%) 10358 us (75%) 12260 us (95%) 12663 us (99%).
I0911 22:00:25.490339 2929949 AriaExecutor.h:535] Worker 15 latency: 7961 us (50%) 10346 us (75%) 12261 us (95%) 12663 us (99%).
I0911 22:00:25.575886 2929949 Coordinator.h:177] total commit: 1.16907e+06
I0911 22:00:26.576004 2929949 Coordinator.h:192] Coordinator exits.
