I0912 00:12:07.505893 2955247 Database.h:65] ycsb initialization finished in 150 milliseconds.
I0912 00:12:07.506011 2955247 Coordinator.h:30] Coordinator initializes 16 workers.
I0912 00:12:07.521322 2955247 Coordinator.h:77] Coordinator starts to run 17 workers.
I0912 00:12:07.521373 2955267 AriaExecutor.h:82] AriaExecutor 0 started. 
I0912 00:12:07.521411 2955268 AriaExecutor.h:82] AriaExecutor 1 started. 
I0912 00:12:07.521461 2955269 AriaExecutor.h:82] AriaExecutor 2 started. 
I0912 00:12:07.521518 2955270 AriaExecutor.h:82] AriaExecutor 3 started. 
I0912 00:12:07.521533 2955271 AriaExecutor.h:82] AriaExecutor 4 started. 
I0912 00:12:07.521582 2955272 AriaExecutor.h:82] AriaExecutor 5 started. 
I0912 00:12:07.521605 2955273 AriaExecutor.h:82] AriaExecutor 6 started. 
I0912 00:12:07.521643 2955274 AriaExecutor.h:82] AriaExecutor 7 started. 
I0912 00:12:07.521682 2955275 AriaExecutor.h:82] AriaExecutor 8 started. 
I0912 00:12:07.521721 2955276 AriaExecutor.h:82] AriaExecutor 9 started. 
I0912 00:12:07.521754 2955277 AriaExecutor.h:82] AriaExecutor 10 started. 
I0912 00:12:07.521795 2955278 AriaExecutor.h:82] AriaExecutor 11 started. 
I0912 00:12:07.521835 2955279 AriaExecutor.h:82] AriaExecutor 12 started. 
I0912 00:12:07.521880 2955280 AriaExecutor.h:82] AriaExecutor 13 started. 
I0912 00:12:07.521922 2955281 AriaExecutor.h:82] AriaExecutor 14 started. 
I0912 00:12:07.521963 2955282 AriaExecutor.h:82] AriaExecutor 15 started. 
I0912 00:12:07.522001 2955283 Manager.h:224] Manager(worker id = 16) on the coordinator node started.
I0912 00:12:08.522056 2955247 Coordinator.h:126] commit: 5958 abort: 299194 (0/299194/0), network size: 0, avg network size: 0, si_in_serializable: 0 0 %, local: 0 %
I0912 00:12:09.522159 2955247 Coordinator.h:126] commit: 6181 abort: 305115 (0/305115/0), network size: 0, avg network size: 0, si_in_serializable: 0 0 %, local: 0 %
I0912 00:12:10.522238 2955247 Coordinator.h:126] commit: 5915 abort: 295141 (0/295141/0), network size: 0, avg network size: 0, si_in_serializable: 0 0 %, local: 0 %
I0912 00:12:11.522316 2955247 Coordinator.h:126] commit: 5992 abort: 301208 (0/301208/0), network size: 0, avg network size: 0, si_in_serializable: 0 0 %, local: 0 %
I0912 00:12:12.522424 2955247 Coordinator.h:126] commit: 6246 abort: 315290 (0/315290/0), network size: 0, avg network size: 0, si_in_serializable: 0 0 %, local: 0 %
I0912 00:12:13.522509 2955247 Coordinator.h:126] commit: 6382 abort: 317202 (0/317202/0), network size: 0, avg network size: 0, si_in_serializable: 0 0 %, local: 0 %
I0912 00:12:14.522588 2955247 Coordinator.h:126] commit: 6311 abort: 317273 (0/317273/0), network size: 0, avg network size: 0, si_in_serializable: 0 0 %, local: 0 %
I0912 00:12:15.522663 2955247 Coordinator.h:126] commit: 6356 abort: 315180 (0/315180/0), network size: 0, avg network size: 0, si_in_serializable: 0 0 %, local: 0 %
I0912 00:12:16.522737 2955247 Coordinator.h:126] commit: 6378 abort: 317206 (0/317206/0), network size: 0, avg network size: 0, si_in_serializable: 0 0 %, local: 0 %
I0912 00:12:17.522814 2955247 Coordinator.h:126] commit: 6088 abort: 309304 (0/309304/0), network size: 0, avg network size: 0, si_in_serializable: 0 0 %, local: 0 %
I0912 00:12:18.522895 2955247 Coordinator.h:126] commit: 6142 abort: 309250 (0/309250/0), network size: 0, avg network size: 0, si_in_serializable: 0 0 %, local: 0 %
I0912 00:12:19.522993 2955247 Coordinator.h:126] commit: 6346 abort: 317238 (0/317238/0), network size: 0, avg network size: 0, si_in_serializable: 0 0 %, local: 0 %
I0912 00:12:20.523075 2955247 Coordinator.h:126] commit: 6308 abort: 319324 (0/319324/0), network size: 0, avg network size: 0, si_in_serializable: 0 0 %, local: 0 %
I0912 00:12:21.523154 2955247 Coordinator.h:126] commit: 6416 abort: 319216 (0/319216/0), network size: 0, avg network size: 0, si_in_serializable: 0 0 %, local: 0 %
I0912 00:12:22.523231 2955247 Coordinator.h:126] commit: 6362 abort: 319270 (0/319270/0), network size: 0, avg network size: 0, si_in_serializable: 0 0 %, local: 0 %
I0912 00:12:23.523308 2955247 Coordinator.h:126] commit: 6487 abort: 321193 (0/321193/0), network size: 0, avg network size: 0, si_in_serializable: 0 0 %, local: 0 %
I0912 00:12:24.523381 2955247 Coordinator.h:126] commit: 6365 abort: 319267 (0/319267/0), network size: 0, avg network size: 0, si_in_serializable: 0 0 %, local: 0 %
I0912 00:12:25.523458 2955247 Coordinator.h:126] commit: 6386 abort: 317198 (0/317198/0), network size: 0, avg network size: 0, si_in_serializable: 0 0 %, local: 0 %
I0912 00:12:26.523535 2955247 Coordinator.h:126] commit: 6311 abort: 319321 (0/319321/0), network size: 0, avg network size: 0, si_in_serializable: 0 0 %, local: 0 %
I0912 00:12:27.523610 2955247 Coordinator.h:126] commit: 6351 abort: 319281 (0/319281/0), network size: 0, avg network size: 0, si_in_serializable: 0 0 %, local: 0 %
I0912 00:12:28.523684 2955247 Coordinator.h:126] commit: 6326 abort: 319306 (0/319306/0), network size: 0, avg network size: 0, si_in_serializable: 0 0 %, local: 0 %
I0912 00:12:29.523758 2955247 Coordinator.h:126] commit: 6261 abort: 313227 (0/313227/0), network size: 0, avg network size: 0, si_in_serializable: 0 0 %, local: 0 %
I0912 00:12:30.523835 2955247 Coordinator.h:126] commit: 6174 abort: 313314 (0/313314/0), network size: 0, avg network size: 0, si_in_serializable: 0 0 %, local: 0 %
I0912 00:12:31.523944 2955247 Coordinator.h:126] commit: 6363 abort: 317221 (0/317221/0), network size: 0, avg network size: 0, si_in_serializable: 0 0 %, local: 0 %
I0912 00:12:32.524031 2955247 Coordinator.h:126] commit: 6410 abort: 317174 (0/317174/0), network size: 0, avg network size: 0, si_in_serializable: 0 0 %, local: 0 %
I0912 00:12:32.524046 2955247 Coordinator.h:152] average commit: 6347.4 abort: 318056 (0/318056/0), network size: 0, avg network size: 0, si_in_serializable: 0 0 %, local: 0 %
I0912 00:12:32.524056 2955247 AriaExecutor.h:641] Worker 0 latency: 6218 us (50%) 6279 us (75%) 6483 us (95%) 6941 us (99%).
I0912 00:12:32.527717 2955283 Manager.h:227] Manager(worker id = 16) on the coordinator node exits.
I0912 00:12:32.527730 2955275 AriaExecutor.h:94] AriaExecutor 8 exits. 
I0912 00:12:32.527721 2955277 AriaExecutor.h:94] AriaExecutor 10 exits. 
I0912 00:12:32.527721 2955273 AriaExecutor.h:94] AriaExecutor 6 exits. 
I0912 00:12:32.527722 2955269 AriaExecutor.h:94] AriaExecutor 2 exits. 
I0912 00:12:32.527722 2955267 AriaExecutor.h:94] AriaExecutor 0 exits. 
I0912 00:12:32.527717 2955281 AriaExecutor.h:94] AriaExecutor 14 exits. 
I0912 00:12:32.527731 2955271 AriaExecutor.h:94] AriaExecutor 4 exits. 
I0912 00:12:32.527733 2955280 AriaExecutor.h:94] AriaExecutor 13 exits. 
I0912 00:12:32.527732 2955279 AriaExecutor.h:94] AriaExecutor 12 exits. 
I0912 00:12:32.527733 2955282 AriaExecutor.h:94] AriaExecutor 15 exits. 
I0912 00:12:32.527733 2955276 AriaExecutor.h:94] AriaExecutor 9 exits. 
I0912 00:12:32.527734 2955272 AriaExecutor.h:94] AriaExecutor 5 exits. 
I0912 00:12:32.527734 2955278 AriaExecutor.h:94] AriaExecutor 11 exits. 
I0912 00:12:32.527735 2955268 AriaExecutor.h:94] AriaExecutor 1 exits. 
I0912 00:12:32.527734 2955270 AriaExecutor.h:94] AriaExecutor 3 exits. 
I0912 00:12:32.527733 2955274 AriaExecutor.h:94] AriaExecutor 7 exits. 
I0912 00:12:32.527904 2955247 AriaExecutor.h:641] Worker 1 latency: 6218 us (50%) 6278 us (75%) 6480 us (95%) 6840 us (99%).
I0912 00:12:32.528532 2955247 AriaExecutor.h:641] Worker 2 latency: 6215 us (50%) 6277 us (75%) 6479 us (95%) 6936 us (99%).
I0912 00:12:32.529096 2955247 AriaExecutor.h:641] Worker 3 latency: 6214 us (50%) 6276 us (75%) 6478 us (95%) 6926 us (99%).
I0912 00:12:32.529645 2955247 AriaExecutor.h:641] Worker 4 latency: 6210 us (50%) 6276 us (75%) 6476 us (95%) 6757 us (99%).
I0912 00:12:32.530207 2955247 AriaExecutor.h:641] Worker 5 latency: 6209 us (50%) 6275 us (75%) 6471 us (95%) 6882 us (99%).
I0912 00:12:32.530736 2955247 AriaExecutor.h:641] Worker 6 latency: 6205 us (50%) 6272 us (75%) 6467 us (95%) 6829 us (99%).
I0912 00:12:32.531265 2955247 AriaExecutor.h:641] Worker 7 latency: 6203 us (50%) 6271 us (75%) 6468 us (95%) 6769 us (99%).
I0912 00:12:32.531757 2955247 AriaExecutor.h:641] Worker 8 latency: 6203 us (50%) 6271 us (75%) 6470 us (95%) 6753 us (99%).
I0912 00:12:32.532238 2955247 AriaExecutor.h:641] Worker 9 latency: 6197 us (50%) 6267 us (75%) 6461 us (95%) 6731 us (99%).
I0912 00:12:32.532727 2955247 AriaExecutor.h:641] Worker 10 latency: 6195 us (50%) 6270 us (75%) 6457 us (95%) 6805 us (99%).
I0912 00:12:32.533214 2955247 AriaExecutor.h:641] Worker 11 latency: 6194 us (50%) 6266 us (75%) 6463 us (95%) 6688 us (99%).
I0912 00:12:32.533682 2955247 AriaExecutor.h:641] Worker 12 latency: 6188 us (50%) 6264 us (75%) 6451 us (95%) 6768 us (99%).
I0912 00:12:32.534134 2955247 AriaExecutor.h:641] Worker 13 latency: 6183 us (50%) 6262 us (75%) 6446 us (95%) 6701 us (99%).
I0912 00:12:32.534582 2955247 AriaExecutor.h:641] Worker 14 latency: 6185 us (50%) 6262 us (75%) 6439 us (95%) 6720 us (99%).
I0912 00:12:32.535015 2955247 AriaExecutor.h:641] Worker 15 latency: 6180 us (50%) 6262 us (75%) 6456 us (95%) 6837 us (99%).
I0912 00:12:32.535497 2955247 Coordinator.h:177] total commit: 6347.4
I0912 00:12:33.535605 2955247 Coordinator.h:192] Coordinator exits.
