I1126 14:09:34.096503 958786 Database.h:65] ycsb initialization finished in 30 milliseconds.
I1126 14:09:34.096607 958786 Coordinator.h:30] Coordinator initializes 12 workers.
I1126 14:09:34.097509 958786 Coordinator.h:77] Coordinator starts to run 13 workers.
I1126 14:09:34.097560 958802 AriaExecutor.h:91] AriaExecutor 0 started. 
I1126 14:09:34.097585 958803 AriaExecutor.h:91] AriaExecutor 1 started. 
I1126 14:09:34.097630 958804 AriaExecutor.h:91] AriaExecutor 2 started. 
I1126 14:09:34.097671 958805 AriaExecutor.h:91] AriaExecutor 3 started. 
I1126 14:09:34.097702 958806 AriaExecutor.h:91] AriaExecutor 4 started. 
I1126 14:09:34.097764 958807 AriaExecutor.h:91] AriaExecutor 5 started. 
I1126 14:09:34.097808 958808 AriaExecutor.h:91] AriaExecutor 6 started. 
I1126 14:09:34.097854 958809 AriaExecutor.h:91] AriaExecutor 7 started. 
I1126 14:09:34.097900 958810 AriaExecutor.h:91] AriaExecutor 8 started. 
I1126 14:09:34.097951 958811 AriaExecutor.h:91] AriaExecutor 9 started. 
I1126 14:09:34.097993 958812 AriaExecutor.h:91] AriaExecutor 10 started. 
I1126 14:09:34.098054 958813 AriaExecutor.h:91] AriaExecutor 11 started. 
I1126 14:09:34.098097 958814 Manager.h:224] Manager(worker id = 12) on the coordinator node started.
I1126 14:09:35.098160 958786 Coordinator.h:126] commit: 1231641 abort: 40359 (0/40359/0), network size: 0, avg network size: 0, si_in_serializable: 0 0 %, local: 0 %
I1126 14:09:36.098284 958786 Coordinator.h:126] commit: 1210004 abort: 39996 (0/39996/0), network size: 0, avg network size: 0, si_in_serializable: 0 0 %, local: 0 %
I1126 14:09:37.098439 958786 Coordinator.h:126] commit: 1231407 abort: 40593 (0/40593/0), network size: 0, avg network size: 0, si_in_serializable: 0 0 %, local: 0 %
I1126 14:09:38.098546 958786 Coordinator.h:126] commit: 1240606 abort: 40394 (0/40394/0), network size: 0, avg network size: 0, si_in_serializable: 0 0 %, local: 0 %
I1126 14:09:39.098644 958786 Coordinator.h:126] commit: 1242679 abort: 41327 (0/41327/0), network size: 0, avg network size: 0, si_in_serializable: 0 0 %, local: 0 %
I1126 14:09:40.098742 958786 Coordinator.h:126] commit: 1208151 abort: 39843 (0/39843/0), network size: 0, avg network size: 0, si_in_serializable: 0 0 %, local: 0 %
I1126 14:09:41.098863 958786 Coordinator.h:126] commit: 1225408 abort: 40592 (0/40592/0), network size: 0, avg network size: 0, si_in_serializable: 0 0 %, local: 0 %
I1126 14:09:42.098966 958786 Coordinator.h:126] commit: 1239050 abort: 40950 (0/40950/0), network size: 0, avg network size: 0, si_in_serializable: 0 0 %, local: 0 %
I1126 14:09:43.099062 958786 Coordinator.h:126] commit: 1239880 abort: 41120 (0/41120/0), network size: 0, avg network size: 0, si_in_serializable: 0 0 %, local: 0 %
I1126 14:09:44.099156 958786 Coordinator.h:126] commit: 1238155 abort: 40845 (0/40845/0), network size: 0, avg network size: 0, si_in_serializable: 0 0 %, local: 0 %
I1126 14:09:45.099254 958786 Coordinator.h:126] commit: 1152859 abort: 38141 (0/38141/0), network size: 0, avg network size: 0, si_in_serializable: 0 0 %, local: 0 %
I1126 14:09:46.099350 958786 Coordinator.h:126] commit: 1236468 abort: 40532 (0/40532/0), network size: 0, avg network size: 0, si_in_serializable: 0 0 %, local: 0 %
I1126 14:09:47.099447 958786 Coordinator.h:126] commit: 1237782 abort: 40218 (0/40218/0), network size: 0, avg network size: 0, si_in_serializable: 0 0 %, local: 0 %
I1126 14:09:48.099541 958786 Coordinator.h:126] commit: 1237869 abort: 41131 (0/41131/0), network size: 0, avg network size: 0, si_in_serializable: 0 0 %, local: 0 %
I1126 14:09:49.099663 958786 Coordinator.h:126] commit: 1226853 abort: 40147 (0/40147/0), network size: 0, avg network size: 0, si_in_serializable: 0 0 %, local: 0 %
I1126 14:09:50.099764 958786 Coordinator.h:126] commit: 1236237 abort: 40763 (0/40763/0), network size: 0, avg network size: 0, si_in_serializable: 0 0 %, local: 0 %
I1126 14:09:51.099859 958786 Coordinator.h:126] commit: 1240045 abort: 40955 (0/40955/0), network size: 0, avg network size: 0, si_in_serializable: 0 0 %, local: 0 %
I1126 14:09:52.099953 958786 Coordinator.h:126] commit: 1235959 abort: 41041 (0/41041/0), network size: 0, avg network size: 0, si_in_serializable: 0 0 %, local: 0 %
I1126 14:09:53.100050 958786 Coordinator.h:126] commit: 1239117 abort: 40883 (0/40883/0), network size: 0, avg network size: 0, si_in_serializable: 0 0 %, local: 0 %
I1126 14:09:54.100145 958786 Coordinator.h:126] commit: 1238107 abort: 40893 (0/40893/0), network size: 0, avg network size: 0, si_in_serializable: 0 0 %, local: 0 %
I1126 14:09:55.100240 958786 Coordinator.h:126] commit: 1072550 abort: 35450 (0/35450/0), network size: 0, avg network size: 0, si_in_serializable: 0 0 %, local: 0 %
I1126 14:09:56.100340 958786 Coordinator.h:126] commit: 1238785 abort: 41215 (0/41215/0), network size: 0, avg network size: 0, si_in_serializable: 0 0 %, local: 0 %
I1126 14:09:57.100433 958786 Coordinator.h:126] commit: 1238916 abort: 41084 (0/41084/0), network size: 0, avg network size: 0, si_in_serializable: 0 0 %, local: 0 %
I1126 14:09:58.100528 958786 Coordinator.h:126] commit: 1240855 abort: 41145 (0/41145/0), network size: 0, avg network size: 0, si_in_serializable: 0 0 %, local: 0 %
I1126 14:09:59.100625 958786 Coordinator.h:126] commit: 1237910 abort: 41090 (0/41090/0), network size: 0, avg network size: 0, si_in_serializable: 0 0 %, local: 0 %
I1126 14:09:59.100651 958786 Coordinator.h:152] average commit: 1.22813e+06 abort: 40470.4 (0/40470.4/0), network size: 0, avg network size: 0, si_in_serializable: 0 0 %, local: 0 %
I1126 14:09:59.100759 958812 AriaExecutor.h:103] AriaExecutor 10 exits. 
I1126 14:09:59.100759 958808 AriaExecutor.h:103] AriaExecutor 6 exits. 
I1126 14:09:59.100771 958809 AriaExecutor.h:103] AriaExecutor 7 exits. 
I1126 14:09:59.100760 958802 AriaExecutor.h:103] AriaExecutor 0 exits. 
I1126 14:09:59.100761 958806 AriaExecutor.h:103] AriaExecutor 4 exits. 
I1126 14:09:59.100760 958804 AriaExecutor.h:103] AriaExecutor 2 exits. 
I1126 14:09:59.100772 958807 AriaExecutor.h:103] AriaExecutor 5 exits. 
I1126 14:09:59.100760 958814 Manager.h:227] Manager(worker id = 12) on the coordinator node exits.
I1126 14:09:59.100759 958810 AriaExecutor.h:103] AriaExecutor 8 exits. 
I1126 14:09:59.100772 958811 AriaExecutor.h:103] AriaExecutor 9 exits. 
I1126 14:09:59.100771 958803 AriaExecutor.h:103] AriaExecutor 1 exits. 
I1126 14:09:59.100771 958805 AriaExecutor.h:103] AriaExecutor 3 exits. 
I1126 14:09:59.100775 958813 AriaExecutor.h:103] AriaExecutor 11 exits. 
I1126 14:09:59.100666 958786 AriaExecutor.h:649] Worker 0 latency: 590 us (50%) 644 us (75%) 690 us (95%) 707 us (99%).
I1126 14:09:59.190080 958786 AriaExecutor.h:649] Worker 1 latency: 588 us (50%) 642 us (75%) 689 us (95%) 706 us (99%).
I1126 14:09:59.278752 958786 AriaExecutor.h:649] Worker 2 latency: 590 us (50%) 644 us (75%) 690 us (95%) 707 us (99%).
I1126 14:09:59.367069 958786 AriaExecutor.h:649] Worker 3 latency: 589 us (50%) 643 us (75%) 689 us (95%) 706 us (99%).
I1126 14:09:59.455682 958786 AriaExecutor.h:649] Worker 4 latency: 592 us (50%) 645 us (75%) 690 us (95%) 707 us (99%).
I1126 14:09:59.541745 958786 AriaExecutor.h:649] Worker 5 latency: 589 us (50%) 643 us (75%) 688 us (95%) 705 us (99%).
I1126 14:09:59.629199 958786 AriaExecutor.h:649] Worker 6 latency: 595 us (50%) 645 us (75%) 690 us (95%) 706 us (99%).
I1126 14:09:59.714788 958786 AriaExecutor.h:649] Worker 7 latency: 590 us (50%) 642 us (75%) 688 us (95%) 705 us (99%).
I1126 14:09:59.801520 958786 AriaExecutor.h:649] Worker 8 latency: 596 us (50%) 647 us (75%) 691 us (95%) 707 us (99%).
I1126 14:09:59.890168 958786 AriaExecutor.h:649] Worker 9 latency: 592 us (50%) 644 us (75%) 689 us (95%) 706 us (99%).
I1126 14:09:59.978531 958786 AriaExecutor.h:649] Worker 10 latency: 595 us (50%) 647 us (75%) 690 us (95%) 707 us (99%).
I1126 14:10:00.065536 958786 AriaExecutor.h:649] Worker 11 latency: 592 us (50%) 644 us (75%) 689 us (95%) 705 us (99%).
I1126 14:10:00.153656 958786 Coordinator.h:177] total commit: 1.22813e+06
I1126 14:10:01.153769 958786 Coordinator.h:192] Coordinator exits.
