I1126 14:01:18.866708 953637 Database.h:65] ycsb initialization finished in 29 milliseconds.
I1126 14:01:18.866804 953637 Coordinator.h:30] Coordinator initializes 12 workers.
I1126 14:01:18.867702 953637 Coordinator.h:77] Coordinator starts to run 13 workers.
I1126 14:01:18.867802 953653 AriaExecutor.h:91] AriaExecutor 0 started. 
I1126 14:01:18.867821 953654 AriaExecutor.h:91] AriaExecutor 1 started. 
I1126 14:01:18.867888 953655 AriaExecutor.h:91] AriaExecutor 2 started. 
I1126 14:01:18.867921 953656 AriaExecutor.h:91] AriaExecutor 3 started. 
I1126 14:01:18.867954 953657 AriaExecutor.h:91] AriaExecutor 4 started. 
I1126 14:01:18.867985 953658 AriaExecutor.h:91] AriaExecutor 5 started. 
I1126 14:01:18.868024 953659 AriaExecutor.h:91] AriaExecutor 6 started. 
I1126 14:01:18.868050 953660 AriaExecutor.h:91] AriaExecutor 7 started. 
I1126 14:01:18.868098 953661 AriaExecutor.h:91] AriaExecutor 8 started. 
I1126 14:01:18.868115 953662 AriaExecutor.h:91] AriaExecutor 9 started. 
I1126 14:01:18.868162 953663 AriaExecutor.h:91] AriaExecutor 10 started. 
I1126 14:01:18.868180 953664 AriaExecutor.h:91] AriaExecutor 11 started. 
I1126 14:01:18.868216 953665 Manager.h:224] Manager(worker id = 12) on the coordinator node started.
I1126 14:01:19.868264 953637 Coordinator.h:126] commit: 1872583 abort: 8417 (0/8417/0), network size: 0, avg network size: 0, si_in_serializable: 0 0 %, local: 0 %
I1126 14:01:20.868399 953637 Coordinator.h:126] commit: 1847751 abort: 8249 (0/8249/0), network size: 0, avg network size: 0, si_in_serializable: 0 0 %, local: 0 %
I1126 14:01:21.868549 953637 Coordinator.h:126] commit: 1890365 abort: 8635 (0/8635/0), network size: 0, avg network size: 0, si_in_serializable: 0 0 %, local: 0 %
I1126 14:01:22.868644 953637 Coordinator.h:126] commit: 1866739 abort: 8261 (0/8261/0), network size: 0, avg network size: 0, si_in_serializable: 0 0 %, local: 0 %
I1126 14:01:23.868722 953637 Coordinator.h:126] commit: 1897378 abort: 8622 (0/8622/0), network size: 0, avg network size: 0, si_in_serializable: 0 0 %, local: 0 %
I1126 14:01:24.868798 953637 Coordinator.h:126] commit: 1889400 abort: 8600 (0/8600/0), network size: 0, avg network size: 0, si_in_serializable: 0 0 %, local: 0 %
I1126 14:01:25.868899 953637 Coordinator.h:126] commit: 1772106 abort: 7894 (0/7894/0), network size: 0, avg network size: 0, si_in_serializable: 0 0 %, local: 0 %
I1126 14:01:26.868978 953637 Coordinator.h:126] commit: 1894397 abort: 8603 (0/8603/0), network size: 0, avg network size: 0, si_in_serializable: 0 0 %, local: 0 %
I1126 14:01:27.869056 953637 Coordinator.h:126] commit: 1900396 abort: 8604 (0/8604/0), network size: 0, avg network size: 0, si_in_serializable: 0 0 %, local: 0 %
I1126 14:01:28.869129 953637 Coordinator.h:126] commit: 1895533 abort: 8467 (0/8467/0), network size: 0, avg network size: 0, si_in_serializable: 0 0 %, local: 0 %
I1126 14:01:29.869204 953637 Coordinator.h:126] commit: 1896436 abort: 8564 (0/8564/0), network size: 0, avg network size: 0, si_in_serializable: 0 0 %, local: 0 %
I1126 14:01:30.869278 953637 Coordinator.h:126] commit: 1892352 abort: 8648 (0/8648/0), network size: 0, avg network size: 0, si_in_serializable: 0 0 %, local: 0 %
I1126 14:01:31.869355 953637 Coordinator.h:126] commit: 1897437 abort: 8563 (0/8563/0), network size: 0, avg network size: 0, si_in_serializable: 0 0 %, local: 0 %
I1126 14:01:32.869432 953637 Coordinator.h:126] commit: 1704214 abort: 7786 (0/7786/0), network size: 0, avg network size: 0, si_in_serializable: 0 0 %, local: 0 %
I1126 14:01:33.869527 953637 Coordinator.h:126] commit: 1866502 abort: 8498 (0/8498/0), network size: 0, avg network size: 0, si_in_serializable: 0 0 %, local: 0 %
I1126 14:01:34.869601 953637 Coordinator.h:126] commit: 1896430 abort: 8570 (0/8570/0), network size: 0, avg network size: 0, si_in_serializable: 0 0 %, local: 0 %
I1126 14:01:35.869675 953637 Coordinator.h:126] commit: 1895573 abort: 8427 (0/8427/0), network size: 0, avg network size: 0, si_in_serializable: 0 0 %, local: 0 %
I1126 14:01:36.869747 953637 Coordinator.h:126] commit: 1897420 abort: 8580 (0/8580/0), network size: 0, avg network size: 0, si_in_serializable: 0 0 %, local: 0 %
I1126 14:01:37.869819 953637 Coordinator.h:126] commit: 1896469 abort: 8531 (0/8531/0), network size: 0, avg network size: 0, si_in_serializable: 0 0 %, local: 0 %
I1126 14:01:38.869891 953637 Coordinator.h:126] commit: 1899379 abort: 8621 (0/8621/0), network size: 0, avg network size: 0, si_in_serializable: 0 0 %, local: 0 %
I1126 14:01:39.869963 953637 Coordinator.h:126] commit: 1895521 abort: 8479 (0/8479/0), network size: 0, avg network size: 0, si_in_serializable: 0 0 %, local: 0 %
I1126 14:01:40.870033 953637 Coordinator.h:126] commit: 1897432 abort: 8568 (0/8568/0), network size: 0, avg network size: 0, si_in_serializable: 0 0 %, local: 0 %
I1126 14:01:41.870108 953637 Coordinator.h:126] commit: 1895791 abort: 8514 (0/8514/0), network size: 0, avg network size: 0, si_in_serializable: 0 0 %, local: 0 %
I1126 14:01:42.870184 953637 Coordinator.h:126] commit: 1895154 abort: 8541 (0/8541/0), network size: 0, avg network size: 0, si_in_serializable: 0 0 %, local: 0 %
I1126 14:01:43.870260 953637 Coordinator.h:126] commit: 1893442 abort: 8558 (0/8558/0), network size: 0, avg network size: 0, si_in_serializable: 0 0 %, local: 0 %
I1126 14:01:43.870272 953637 Coordinator.h:152] average commit: 1.87422e+06 abort: 8478.8 (0/8478.8/0), network size: 0, avg network size: 0, si_in_serializable: 0 0 %, local: 0 %
I1126 14:01:43.870568 953662 AriaExecutor.h:103] AriaExecutor 9 exits. 
I1126 14:01:43.870577 953659 AriaExecutor.h:103] AriaExecutor 6 exits. 
I1126 14:01:43.870569 953656 AriaExecutor.h:103] AriaExecutor 3 exits. 
I1126 14:01:43.870569 953660 AriaExecutor.h:103] AriaExecutor 7 exits. 
I1126 14:01:43.870571 953653 AriaExecutor.h:103] AriaExecutor 0 exits. 
I1126 14:01:43.870579 953657 AriaExecutor.h:103] AriaExecutor 4 exits. 
I1126 14:01:43.870568 953658 AriaExecutor.h:103] AriaExecutor 5 exits. 
I1126 14:01:43.870580 953661 AriaExecutor.h:103] AriaExecutor 8 exits. 
I1126 14:01:43.870584 953655 AriaExecutor.h:103] AriaExecutor 2 exits. 
I1126 14:01:43.870581 953663 AriaExecutor.h:103] AriaExecutor 10 exits. 
I1126 14:01:43.870582 953665 Manager.h:227] Manager(worker id = 12) on the coordinator node exits.
I1126 14:01:43.870569 953664 AriaExecutor.h:103] AriaExecutor 11 exits. 
I1126 14:01:43.870581 953654 AriaExecutor.h:103] AriaExecutor 1 exits. 
I1126 14:01:43.870285 953637 AriaExecutor.h:649] Worker 0 latency: 354 us (50%) 411 us (75%) 460 us (95%) 475 us (99%).
I1126 14:01:44.034440 953637 AriaExecutor.h:649] Worker 1 latency: 352 us (50%) 410 us (75%) 459 us (95%) 474 us (99%).
I1126 14:01:44.175627 953637 AriaExecutor.h:649] Worker 2 latency: 354 us (50%) 411 us (75%) 460 us (95%) 475 us (99%).
I1126 14:01:44.330260 953637 AriaExecutor.h:649] Worker 3 latency: 356 us (50%) 412 us (75%) 459 us (95%) 474 us (99%).
I1126 14:01:44.469370 953637 AriaExecutor.h:649] Worker 4 latency: 353 us (50%) 410 us (75%) 459 us (95%) 475 us (99%).
I1126 14:01:44.610829 953637 AriaExecutor.h:649] Worker 5 latency: 354 us (50%) 410 us (75%) 459 us (95%) 474 us (99%).
I1126 14:01:44.752501 953637 AriaExecutor.h:649] Worker 6 latency: 356 us (50%) 411 us (75%) 459 us (95%) 475 us (99%).
I1126 14:01:44.912328 953637 AriaExecutor.h:649] Worker 7 latency: 355 us (50%) 411 us (75%) 459 us (95%) 474 us (99%).
I1126 14:01:45.047856 953637 AriaExecutor.h:649] Worker 8 latency: 357 us (50%) 413 us (75%) 460 us (95%) 475 us (99%).
I1126 14:01:45.184756 953637 AriaExecutor.h:649] Worker 9 latency: 357 us (50%) 412 us (75%) 459 us (95%) 475 us (99%).
I1126 14:01:45.323273 953637 AriaExecutor.h:649] Worker 10 latency: 357 us (50%) 412 us (75%) 459 us (95%) 475 us (99%).
I1126 14:01:45.462347 953637 AriaExecutor.h:649] Worker 11 latency: 358 us (50%) 412 us (75%) 459 us (95%) 475 us (99%).
I1126 14:01:45.605504 953637 Coordinator.h:177] total commit: 1.87422e+06
I1126 14:01:46.605641 953637 Coordinator.h:192] Coordinator exits.
