I0911 23:16:59.695695 2944854 Database.h:65] ycsb initialization finished in 192 milliseconds.
I0911 23:16:59.695801 2944854 Coordinator.h:30] Coordinator initializes 16 workers.
I0911 23:16:59.703657 2944854 Coordinator.h:77] Coordinator starts to run 17 workers.
I0911 23:16:59.703728 2944874 AriaExecutor.h:82] AriaExecutor 0 started. 
I0911 23:16:59.703753 2944875 AriaExecutor.h:82] AriaExecutor 1 started. 
I0911 23:16:59.703797 2944876 AriaExecutor.h:82] AriaExecutor 2 started. 
I0911 23:16:59.703845 2944877 AriaExecutor.h:82] AriaExecutor 3 started. 
I0911 23:16:59.703884 2944878 AriaExecutor.h:82] AriaExecutor 4 started. 
I0911 23:16:59.703922 2944879 AriaExecutor.h:82] AriaExecutor 5 started. 
I0911 23:16:59.703960 2944880 AriaExecutor.h:82] AriaExecutor 6 started. 
I0911 23:16:59.703998 2944881 AriaExecutor.h:82] AriaExecutor 7 started. 
I0911 23:16:59.704038 2944882 AriaExecutor.h:82] AriaExecutor 8 started. 
I0911 23:16:59.704083 2944883 AriaExecutor.h:82] AriaExecutor 9 started. 
I0911 23:16:59.704125 2944884 AriaExecutor.h:82] AriaExecutor 10 started. 
I0911 23:16:59.704164 2944885 AriaExecutor.h:82] AriaExecutor 11 started. 
I0911 23:16:59.704200 2944886 AriaExecutor.h:82] AriaExecutor 12 started. 
I0911 23:16:59.704239 2944887 AriaExecutor.h:82] AriaExecutor 13 started. 
I0911 23:16:59.704274 2944888 AriaExecutor.h:82] AriaExecutor 14 started. 
I0911 23:16:59.704315 2944889 AriaExecutor.h:82] AriaExecutor 15 started. 
I0911 23:16:59.704357 2944890 Manager.h:224] Manager(worker id = 16) on the coordinator node started.
I0911 23:17:00.704409 2944854 Coordinator.h:126] commit: 118234 abort: 66086 (0/66086/0), network size: 0, avg network size: 0, si_in_serializable: 0 0 %, local: 0 %
I0911 23:17:01.704519 2944854 Coordinator.h:126] commit: 117691 abort: 66629 (0/66629/0), network size: 0, avg network size: 0, si_in_serializable: 0 0 %, local: 0 %
I0911 23:17:02.704592 2944854 Coordinator.h:126] commit: 113911 abort: 64265 (0/64265/0), network size: 0, avg network size: 0, si_in_serializable: 0 0 %, local: 0 %
I0911 23:17:03.704672 2944854 Coordinator.h:126] commit: 116014 abort: 65234 (0/65234/0), network size: 0, avg network size: 0, si_in_serializable: 0 0 %, local: 0 %
I0911 23:17:04.704771 2944854 Coordinator.h:126] commit: 119383 abort: 66985 (0/66985/0), network size: 0, avg network size: 0, si_in_serializable: 0 0 %, local: 0 %
I0911 23:17:05.704849 2944854 Coordinator.h:126] commit: 120705 abort: 67711 (0/67711/0), network size: 0, avg network size: 0, si_in_serializable: 0 0 %, local: 0 %
I0911 23:17:06.704918 2944854 Coordinator.h:126] commit: 120669 abort: 67747 (0/67747/0), network size: 0, avg network size: 0, si_in_serializable: 0 0 %, local: 0 %
I0911 23:17:07.704998 2944854 Coordinator.h:126] commit: 119173 abort: 67195 (0/67195/0), network size: 0, avg network size: 0, si_in_serializable: 0 0 %, local: 0 %
I0911 23:17:08.705071 2944854 Coordinator.h:126] commit: 115954 abort: 65294 (0/65294/0), network size: 0, avg network size: 0, si_in_serializable: 0 0 %, local: 0 %
I0911 23:17:09.705148 2944854 Coordinator.h:126] commit: 117930 abort: 66390 (0/66390/0), network size: 0, avg network size: 0, si_in_serializable: 0 0 %, local: 0 %
I0911 23:17:10.705220 2944854 Coordinator.h:126] commit: 120741 abort: 67675 (0/67675/0), network size: 0, avg network size: 0, si_in_serializable: 0 0 %, local: 0 %
I0911 23:17:11.705312 2944854 Coordinator.h:126] commit: 119810 abort: 67582 (0/67582/0), network size: 0, avg network size: 0, si_in_serializable: 0 0 %, local: 0 %
I0911 23:17:12.705389 2944854 Coordinator.h:126] commit: 120572 abort: 67844 (0/67844/0), network size: 0, avg network size: 0, si_in_serializable: 0 0 %, local: 0 %
I0911 23:17:13.705463 2944854 Coordinator.h:126] commit: 119633 abort: 67759 (0/67759/0), network size: 0, avg network size: 0, si_in_serializable: 0 0 %, local: 0 %
I0911 23:17:14.705545 2944854 Coordinator.h:126] commit: 119774 abort: 67618 (0/67618/0), network size: 0, avg network size: 0, si_in_serializable: 0 0 %, local: 0 %
I0911 23:17:15.705623 2944854 Coordinator.h:126] commit: 120580 abort: 67836 (0/67836/0), network size: 0, avg network size: 0, si_in_serializable: 0 0 %, local: 0 %
I0911 23:17:16.705698 2944854 Coordinator.h:126] commit: 120419 abort: 67997 (0/67997/0), network size: 0, avg network size: 0, si_in_serializable: 0 0 %, local: 0 %
I0911 23:17:17.705775 2944854 Coordinator.h:126] commit: 116536 abort: 65736 (0/65736/0), network size: 0, avg network size: 0, si_in_serializable: 0 0 %, local: 0 %
I0911 23:17:18.705859 2944854 Coordinator.h:126] commit: 120548 abort: 67868 (0/67868/0), network size: 0, avg network size: 0, si_in_serializable: 0 0 %, local: 0 %
I0911 23:17:19.705938 2944854 Coordinator.h:126] commit: 120852 abort: 67564 (0/67564/0), network size: 0, avg network size: 0, si_in_serializable: 0 0 %, local: 0 %
I0911 23:17:20.706018 2944854 Coordinator.h:126] commit: 117966 abort: 66354 (0/66354/0), network size: 0, avg network size: 0, si_in_serializable: 0 0 %, local: 0 %
I0911 23:17:21.706116 2944854 Coordinator.h:126] commit: 120180 abort: 67212 (0/67212/0), network size: 0, avg network size: 0, si_in_serializable: 0 0 %, local: 0 %
I0911 23:17:22.706187 2944854 Coordinator.h:126] commit: 120823 abort: 67593 (0/67593/0), network size: 0, avg network size: 0, si_in_serializable: 0 0 %, local: 0 %
I0911 23:17:23.706264 2944854 Coordinator.h:126] commit: 118919 abort: 66425 (0/66425/0), network size: 0, avg network size: 0, si_in_serializable: 0 0 %, local: 0 %
I0911 23:17:24.706323 2944854 Coordinator.h:126] commit: 120365 abort: 67355 (0/67355/0), network size: 0, avg network size: 0, si_in_serializable: 0 0 %, local: 0 %
I0911 23:17:24.706334 2944854 Coordinator.h:152] average commit: 119946 abort: 67547.9 (0/67547.9/0), network size: 0, avg network size: 0, si_in_serializable: 0 0 %, local: 0 %
I0911 23:17:24.706522 2944890 Manager.h:227] Manager(worker id = 16) on the coordinator node exits.
I0911 23:17:24.706525 2944882 AriaExecutor.h:94] AriaExecutor 8 exits. 
I0911 23:17:24.706530 2944878 AriaExecutor.h:94] AriaExecutor 4 exits. 
I0911 23:17:24.706547 2944885 AriaExecutor.h:94] AriaExecutor 11 exits. 
I0911 23:17:24.706529 2944884 AriaExecutor.h:94] AriaExecutor 10 exits. 
I0911 23:17:24.706547 2944877 AriaExecutor.h:94] AriaExecutor 3 exits. 
I0911 23:17:24.706525 2944876 AriaExecutor.h:94] AriaExecutor 2 exits. 
I0911 23:17:24.706526 2944874 AriaExecutor.h:94] AriaExecutor 0 exits. 
I0911 23:17:24.706547 2944883 AriaExecutor.h:94] AriaExecutor 9 exits. 
I0911 23:17:24.706547 2944887 AriaExecutor.h:94] AriaExecutor 13 exits. 
I0911 23:17:24.706547 2944889 AriaExecutor.h:94] AriaExecutor 15 exits. 
I0911 23:17:24.706547 2944879 AriaExecutor.h:94] AriaExecutor 5 exits. 
I0911 23:17:24.706526 2944886 AriaExecutor.h:94] AriaExecutor 12 exits. 
I0911 23:17:24.706547 2944881 AriaExecutor.h:94] AriaExecutor 7 exits. 
I0911 23:17:24.706547 2944875 AriaExecutor.h:94] AriaExecutor 1 exits. 
I0911 23:17:24.706525 2944888 AriaExecutor.h:94] AriaExecutor 14 exits. 
I0911 23:17:24.706528 2944880 AriaExecutor.h:94] AriaExecutor 6 exits. 
I0911 23:17:24.706344 2944854 AriaExecutor.h:641] Worker 0 latency: 4325 us (50%) 4782 us (75%) 5083 us (95%) 5169 us (99%).
I0911 23:17:24.715799 2944854 AriaExecutor.h:641] Worker 1 latency: 4320 us (50%) 4776 us (75%) 5081 us (95%) 5165 us (99%).
I0911 23:17:24.725852 2944854 AriaExecutor.h:641] Worker 2 latency: 4323 us (50%) 4778 us (75%) 5082 us (95%) 5166 us (99%).
I0911 23:17:24.735091 2944854 AriaExecutor.h:641] Worker 3 latency: 4328 us (50%) 4779 us (75%) 5082 us (95%) 5168 us (99%).
I0911 23:17:24.745107 2944854 AriaExecutor.h:641] Worker 4 latency: 4316 us (50%) 4777 us (75%) 5081 us (95%) 5166 us (99%).
I0911 23:17:24.754284 2944854 AriaExecutor.h:641] Worker 5 latency: 4311 us (50%) 4773 us (75%) 5081 us (95%) 5166 us (99%).
I0911 23:17:24.764252 2944854 AriaExecutor.h:641] Worker 6 latency: 4322 us (50%) 4779 us (75%) 5081 us (95%) 5167 us (99%).
I0911 23:17:24.773375 2944854 AriaExecutor.h:641] Worker 7 latency: 4325 us (50%) 4779 us (75%) 5081 us (95%) 5166 us (99%).
I0911 23:17:24.783473 2944854 AriaExecutor.h:641] Worker 8 latency: 4316 us (50%) 4776 us (75%) 5082 us (95%) 5167 us (99%).
I0911 23:17:24.792626 2944854 AriaExecutor.h:641] Worker 9 latency: 4316 us (50%) 4776 us (75%) 5080 us (95%) 5163 us (99%).
I0911 23:17:24.802770 2944854 AriaExecutor.h:641] Worker 10 latency: 4326 us (50%) 4778 us (75%) 5082 us (95%) 5167 us (99%).
I0911 23:17:24.811902 2944854 AriaExecutor.h:641] Worker 11 latency: 4323 us (50%) 4777 us (75%) 5081 us (95%) 5165 us (99%).
I0911 23:17:24.821938 2944854 AriaExecutor.h:641] Worker 12 latency: 4320 us (50%) 4777 us (75%) 5082 us (95%) 5166 us (99%).
I0911 23:17:24.831100 2944854 AriaExecutor.h:641] Worker 13 latency: 4315 us (50%) 4777 us (75%) 5081 us (95%) 5165 us (99%).
I0911 23:17:24.841270 2944854 AriaExecutor.h:641] Worker 14 latency: 4321 us (50%) 4778 us (75%) 5082 us (95%) 5167 us (99%).
I0911 23:17:24.850400 2944854 AriaExecutor.h:641] Worker 15 latency: 4329 us (50%) 4781 us (75%) 5081 us (95%) 5166 us (99%).
I0911 23:17:24.860342 2944854 Coordinator.h:177] total commit: 119946
I0911 23:17:25.860455 2944854 Coordinator.h:192] Coordinator exits.
