I1126 15:59:38.450084 1026800 Database.h:65] ycsb initialization finished in 30 milliseconds.
I1126 15:59:38.450181 1026800 Coordinator.h:30] Coordinator initializes 12 workers.
I1126 15:59:38.457939 1026800 Coordinator.h:77] Coordinator starts to run 13 workers.
I1126 15:59:38.457993 1026816 AriaExecutor.h:93] AriaExecutor 0 started. 
I1126 15:59:38.458022 1026817 AriaExecutor.h:93] AriaExecutor 1 started. 
I1126 15:59:38.458057 1026818 AriaExecutor.h:93] AriaExecutor 2 started. 
I1126 15:59:38.458106 1026819 AriaExecutor.h:93] AriaExecutor 3 started. 
I1126 15:59:38.458189 1026821 AriaExecutor.h:93] AriaExecutor 5 started. 
I1126 15:59:38.458231 1026822 AriaExecutor.h:93] AriaExecutor 6 started. 
I1126 15:59:38.458276 1026823 AriaExecutor.h:93] AriaExecutor 7 started. 
I1126 15:59:38.458326 1026824 AriaExecutor.h:93] AriaExecutor 8 started. 
I1126 15:59:38.458364 1026825 AriaExecutor.h:93] AriaExecutor 9 started. 
I1126 15:59:38.458400 1026826 AriaExecutor.h:93] AriaExecutor 10 started. 
I1126 15:59:38.458451 1026827 AriaExecutor.h:93] AriaExecutor 11 started. 
I1126 15:59:38.458477 1026820 AriaExecutor.h:93] AriaExecutor 4 started. 
I1126 15:59:38.458482 1026828 Manager.h:224] Manager(worker id = 12) on the coordinator node started.
I1126 15:59:39.458544 1026800 Coordinator.h:126] commit: 58224 abort: 170776 (0/170776/0), network size: 0, avg network size: 0, si_in_serializable: 0 0 %, local: 0 %
I1126 15:59:40.458667 1026800 Coordinator.h:126] commit: 58162 abort: 170838 (0/170838/0), network size: 0, avg network size: 0, si_in_serializable: 0 0 %, local: 0 %
I1126 15:59:41.458788 1026800 Coordinator.h:126] commit: 58431 abort: 172569 (0/172569/0), network size: 0, avg network size: 0, si_in_serializable: 0 0 %, local: 0 %
I1126 15:59:42.458870 1026800 Coordinator.h:126] commit: 58794 abort: 173206 (0/173206/0), network size: 0, avg network size: 0, si_in_serializable: 0 0 %, local: 0 %
I1126 15:59:43.458950 1026800 Coordinator.h:126] commit: 58701 abort: 173299 (0/173299/0), network size: 0, avg network size: 0, si_in_serializable: 0 0 %, local: 0 %
I1126 15:59:44.459040 1026800 Coordinator.h:126] commit: 58522 abort: 172478 (0/172478/0), network size: 0, avg network size: 0, si_in_serializable: 0 0 %, local: 0 %
I1126 15:59:45.459128 1026800 Coordinator.h:126] commit: 58801 abort: 173199 (0/173199/0), network size: 0, avg network size: 0, si_in_serializable: 0 0 %, local: 0 %
I1126 15:59:46.459247 1026800 Coordinator.h:126] commit: 59083 abort: 173917 (0/173917/0), network size: 0, avg network size: 0, si_in_serializable: 0 0 %, local: 0 %
I1126 15:59:47.459332 1026800 Coordinator.h:126] commit: 59139 abort: 173861 (0/173861/0), network size: 0, avg network size: 0, si_in_serializable: 0 0 %, local: 0 %
I1126 15:59:48.459407 1026800 Coordinator.h:126] commit: 59185 abort: 173815 (0/173815/0), network size: 0, avg network size: 0, si_in_serializable: 0 0 %, local: 0 %
I1126 15:59:49.459481 1026800 Coordinator.h:126] commit: 59169 abort: 173831 (0/173831/0), network size: 0, avg network size: 0, si_in_serializable: 0 0 %, local: 0 %
I1126 15:59:50.459563 1026800 Coordinator.h:126] commit: 58751 abort: 173249 (0/173249/0), network size: 0, avg network size: 0, si_in_serializable: 0 0 %, local: 0 %
I1126 15:59:51.459656 1026800 Coordinator.h:126] commit: 59019 abort: 173981 (0/173981/0), network size: 0, avg network size: 0, si_in_serializable: 0 0 %, local: 0 %
I1126 15:59:52.459733 1026800 Coordinator.h:126] commit: 58791 abort: 173209 (0/173209/0), network size: 0, avg network size: 0, si_in_serializable: 0 0 %, local: 0 %
I1126 15:59:53.459808 1026800 Coordinator.h:126] commit: 58516 abort: 172484 (0/172484/0), network size: 0, avg network size: 0, si_in_serializable: 0 0 %, local: 0 %
I1126 15:59:54.459882 1026800 Coordinator.h:126] commit: 58985 abort: 173015 (0/173015/0), network size: 0, avg network size: 0, si_in_serializable: 0 0 %, local: 0 %
I1126 15:59:55.459960 1026800 Coordinator.h:126] commit: 59186 abort: 173814 (0/173814/0), network size: 0, avg network size: 0, si_in_serializable: 0 0 %, local: 0 %
I1126 15:59:56.460073 1026800 Coordinator.h:126] commit: 58459 abort: 172541 (0/172541/0), network size: 0, avg network size: 0, si_in_serializable: 0 0 %, local: 0 %
I1126 15:59:57.460157 1026800 Coordinator.h:126] commit: 59030 abort: 173970 (0/173970/0), network size: 0, avg network size: 0, si_in_serializable: 0 0 %, local: 0 %
I1126 15:59:58.460232 1026800 Coordinator.h:126] commit: 58721 abort: 173279 (0/173279/0), network size: 0, avg network size: 0, si_in_serializable: 0 0 %, local: 0 %
I1126 15:59:59.460307 1026800 Coordinator.h:126] commit: 58691 abort: 173309 (0/173309/0), network size: 0, avg network size: 0, si_in_serializable: 0 0 %, local: 0 %
I1126 16:00:00.460390 1026800 Coordinator.h:126] commit: 58790 abort: 173210 (0/173210/0), network size: 0, avg network size: 0, si_in_serializable: 0 0 %, local: 0 %
I1126 16:00:01.460512 1026800 Coordinator.h:126] commit: 59349 abort: 172651 (0/172651/0), network size: 0, avg network size: 0, si_in_serializable: 0 0 %, local: 0 %
I1126 16:00:02.460602 1026800 Coordinator.h:126] commit: 58738 abort: 173262 (0/173262/0), network size: 0, avg network size: 0, si_in_serializable: 0 0 %, local: 0 %
I1126 16:00:03.460700 1026800 Coordinator.h:126] commit: 58701 abort: 173299 (0/173299/0), network size: 0, avg network size: 0, si_in_serializable: 0 0 %, local: 0 %
I1126 16:00:03.460717 1026800 Coordinator.h:152] average commit: 58862.7 abort: 173337 (0/173337/0), network size: 0, avg network size: 0, si_in_serializable: 0 0 %, local: 0 %
I1126 16:00:03.462514 1026820 AriaExecutor.h:105] AriaExecutor 4 exits. 
I1126 16:00:03.462514 1026828 Manager.h:227] Manager(worker id = 12) on the coordinator node exits.
I1126 16:00:03.462518 1026818 AriaExecutor.h:105] AriaExecutor 2 exits. 
I1126 16:00:03.462524 1026819 AriaExecutor.h:105] AriaExecutor 3 exits. 
I1126 16:00:03.462523 1026817 AriaExecutor.h:105] AriaExecutor 1 exits. 
I1126 16:00:03.462523 1026823 AriaExecutor.h:105] AriaExecutor 7 exits. 
I1126 16:00:03.462527 1026825 AriaExecutor.h:105] AriaExecutor 9 exits. 
I1126 16:00:03.462517 1026816 AriaExecutor.h:105] AriaExecutor 0 exits. 
I1126 16:00:03.462525 1026827 AriaExecutor.h:105] AriaExecutor 11 exits. 
I1126 16:00:03.462514 1026822 AriaExecutor.h:105] AriaExecutor 6 exits. 
I1126 16:00:03.462527 1026821 AriaExecutor.h:105] AriaExecutor 5 exits. 
I1126 16:00:03.462525 1026824 AriaExecutor.h:105] AriaExecutor 8 exits. 
I1126 16:00:03.462524 1026826 AriaExecutor.h:105] AriaExecutor 10 exits. 
I1126 16:00:03.460727 1026800 AriaExecutor.h:672] Worker 0 latency: 3887 us (50%) 4075 us (75%) 4199 us (95%) 4262 us (99%).
I1126 16:00:03.467307 1026800 AriaExecutor.h:672] Worker 1 latency: 3886 us (50%) 4073 us (75%) 4197 us (95%) 4259 us (99%).
I1126 16:00:03.474066 1026800 AriaExecutor.h:672] Worker 2 latency: 3887 us (50%) 4074 us (75%) 4198 us (95%) 4260 us (99%).
I1126 16:00:03.480545 1026800 AriaExecutor.h:672] Worker 3 latency: 3884 us (50%) 4072 us (75%) 4197 us (95%) 4259 us (99%).
I1126 16:00:03.487315 1026800 AriaExecutor.h:672] Worker 4 latency: 3884 us (50%) 4073 us (75%) 4198 us (95%) 4261 us (99%).
I1126 16:00:03.493821 1026800 AriaExecutor.h:672] Worker 5 latency: 3881 us (50%) 4072 us (75%) 4197 us (95%) 4260 us (99%).
I1126 16:00:03.500681 1026800 AriaExecutor.h:672] Worker 6 latency: 3885 us (50%) 4073 us (75%) 4197 us (95%) 4261 us (99%).
I1126 16:00:03.507046 1026800 AriaExecutor.h:672] Worker 7 latency: 3886 us (50%) 4073 us (75%) 4196 us (95%) 4258 us (99%).
I1126 16:00:03.513697 1026800 AriaExecutor.h:672] Worker 8 latency: 3884 us (50%) 4073 us (75%) 4198 us (95%) 4260 us (99%).
I1126 16:00:03.520022 1026800 AriaExecutor.h:672] Worker 9 latency: 3882 us (50%) 4072 us (75%) 4197 us (95%) 4259 us (99%).
I1126 16:00:03.526614 1026800 AriaExecutor.h:672] Worker 10 latency: 3884 us (50%) 4073 us (75%) 4197 us (95%) 4261 us (99%).
I1126 16:00:03.532763 1026800 AriaExecutor.h:672] Worker 11 latency: 3882 us (50%) 4072 us (75%) 4196 us (95%) 4259 us (99%).
I1126 16:00:03.539446 1026800 Coordinator.h:177] total commit: 58862.7
I1126 16:00:04.539551 1026800 Coordinator.h:192] Coordinator exits.
