I1126 13:45:17.439329 944130 Database.h:65] ycsb initialization finished in 30 milliseconds.
I1126 13:45:17.439433 944130 Coordinator.h:30] Coordinator initializes 12 workers.
I1126 13:45:17.446944 944130 Coordinator.h:77] Coordinator starts to run 13 workers.
I1126 13:45:17.446995 944146 AriaExecutor.h:82] AriaExecutor 0 started. 
I1126 13:45:17.447032 944147 AriaExecutor.h:82] AriaExecutor 1 started. 
I1126 13:45:17.447080 944148 AriaExecutor.h:82] AriaExecutor 2 started. 
I1126 13:45:17.447114 944149 AriaExecutor.h:82] AriaExecutor 3 started. 
I1126 13:45:17.447197 944151 AriaExecutor.h:82] AriaExecutor 5 started. 
I1126 13:45:17.447242 944152 AriaExecutor.h:82] AriaExecutor 6 started. 
I1126 13:45:17.447278 944153 AriaExecutor.h:82] AriaExecutor 7 started. 
I1126 13:45:17.447314 944154 AriaExecutor.h:82] AriaExecutor 8 started. 
I1126 13:45:17.447362 944155 AriaExecutor.h:82] AriaExecutor 9 started. 
I1126 13:45:17.447400 944156 AriaExecutor.h:82] AriaExecutor 10 started. 
I1126 13:45:17.447445 944157 AriaExecutor.h:82] AriaExecutor 11 started. 
I1126 13:45:17.447479 944150 AriaExecutor.h:82] AriaExecutor 4 started. 
I1126 13:45:17.447480 944158 Manager.h:224] Manager(worker id = 12) on the coordinator node started.
I1126 13:45:18.447553 944130 Coordinator.h:126] commit: 3102 abort: 162898 (0/162898/0), network size: 0, avg network size: 0, si_in_serializable: 0 0 %, local: 0 %
I1126 13:45:19.447680 944130 Coordinator.h:126] commit: 2958 abort: 163042 (0/163042/0), network size: 0, avg network size: 0, si_in_serializable: 0 0 %, local: 0 %
I1126 13:45:20.447805 944130 Coordinator.h:126] commit: 3039 abort: 165961 (0/165961/0), network size: 0, avg network size: 0, si_in_serializable: 0 0 %, local: 0 %
I1126 13:45:21.447907 944130 Coordinator.h:126] commit: 3100 abort: 165900 (0/165900/0), network size: 0, avg network size: 0, si_in_serializable: 0 0 %, local: 0 %
I1126 13:45:22.447994 944130 Coordinator.h:126] commit: 3066 abort: 165934 (0/165934/0), network size: 0, avg network size: 0, si_in_serializable: 0 0 %, local: 0 %
I1126 13:45:23.448091 944130 Coordinator.h:126] commit: 3065 abort: 163935 (0/163935/0), network size: 0, avg network size: 0, si_in_serializable: 0 0 %, local: 0 %
I1126 13:45:24.448199 944130 Coordinator.h:126] commit: 3145 abort: 166855 (0/166855/0), network size: 0, avg network size: 0, si_in_serializable: 0 0 %, local: 0 %
I1126 13:45:25.448310 944130 Coordinator.h:126] commit: 3142 abort: 166858 (0/166858/0), network size: 0, avg network size: 0, si_in_serializable: 0 0 %, local: 0 %
I1126 13:45:26.448410 944130 Coordinator.h:126] commit: 3115 abort: 165885 (0/165885/0), network size: 0, avg network size: 0, si_in_serializable: 0 0 %, local: 0 %
I1126 13:45:27.448495 944130 Coordinator.h:126] commit: 3118 abort: 166882 (0/166882/0), network size: 0, avg network size: 0, si_in_serializable: 0 0 %, local: 0 %
I1126 13:45:28.448598 944130 Coordinator.h:126] commit: 3089 abort: 166911 (0/166911/0), network size: 0, avg network size: 0, si_in_serializable: 0 0 %, local: 0 %
I1126 13:45:29.448694 944130 Coordinator.h:126] commit: 3136 abort: 167864 (0/167864/0), network size: 0, avg network size: 0, si_in_serializable: 0 0 %, local: 0 %
I1126 13:45:30.448803 944130 Coordinator.h:126] commit: 3108 abort: 165892 (0/165892/0), network size: 0, avg network size: 0, si_in_serializable: 0 0 %, local: 0 %
I1126 13:45:31.448905 944130 Coordinator.h:126] commit: 3137 abort: 164863 (0/164863/0), network size: 0, avg network size: 0, si_in_serializable: 0 0 %, local: 0 %
I1126 13:45:32.449030 944130 Coordinator.h:126] commit: 3090 abort: 165910 (0/165910/0), network size: 0, avg network size: 0, si_in_serializable: 0 0 %, local: 0 %
I1126 13:45:33.449124 944130 Coordinator.h:126] commit: 3078 abort: 165922 (0/165922/0), network size: 0, avg network size: 0, si_in_serializable: 0 0 %, local: 0 %
I1126 13:45:34.449226 944130 Coordinator.h:126] commit: 3060 abort: 166940 (0/166940/0), network size: 0, avg network size: 0, si_in_serializable: 0 0 %, local: 0 %
I1126 13:45:35.449316 944130 Coordinator.h:126] commit: 3094 abort: 165906 (0/165906/0), network size: 0, avg network size: 0, si_in_serializable: 0 0 %, local: 0 %
I1126 13:45:36.449416 944130 Coordinator.h:126] commit: 3087 abort: 166913 (0/166913/0), network size: 0, avg network size: 0, si_in_serializable: 0 0 %, local: 0 %
I1126 13:45:37.449515 944130 Coordinator.h:126] commit: 3054 abort: 165946 (0/165946/0), network size: 0, avg network size: 0, si_in_serializable: 0 0 %, local: 0 %
I1126 13:45:38.449613 944130 Coordinator.h:126] commit: 3109 abort: 165891 (0/165891/0), network size: 0, avg network size: 0, si_in_serializable: 0 0 %, local: 0 %
I1126 13:45:39.449702 944130 Coordinator.h:126] commit: 3031 abort: 165969 (0/165969/0), network size: 0, avg network size: 0, si_in_serializable: 0 0 %, local: 0 %
I1126 13:45:40.449806 944130 Coordinator.h:126] commit: 3036 abort: 164964 (0/164964/0), network size: 0, avg network size: 0, si_in_serializable: 0 0 %, local: 0 %
I1126 13:45:41.449905 944130 Coordinator.h:126] commit: 3037 abort: 166963 (0/166963/0), network size: 0, avg network size: 0, si_in_serializable: 0 0 %, local: 0 %
I1126 13:45:42.450007 944130 Coordinator.h:126] commit: 3111 abort: 166889 (0/166889/0), network size: 0, avg network size: 0, si_in_serializable: 0 0 %, local: 0 %
I1126 13:45:42.450026 944130 Coordinator.h:152] average commit: 3093.3 abort: 166307 (0/166307/0), network size: 0, avg network size: 0, si_in_serializable: 0 0 %, local: 0 %
I1126 13:45:42.450034 944130 AriaExecutor.h:535] Worker 0 latency: 5876 us (50%) 5929 us (75%) 6000 us (95%) 6063 us (99%).
I1126 13:45:42.454254 944148 AriaExecutor.h:94] AriaExecutor 2 exits. 
I1126 13:45:42.454269 944157 AriaExecutor.h:94] AriaExecutor 11 exits. 
I1126 13:45:42.454257 944146 AriaExecutor.h:94] AriaExecutor 0 exits. 
I1126 13:45:42.454257 944152 AriaExecutor.h:94] AriaExecutor 6 exits. 
I1126 13:45:42.454257 944154 AriaExecutor.h:94] AriaExecutor 8 exits. 
I1126 13:45:42.454258 944150 AriaExecutor.h:94] AriaExecutor 4 exits. 
I1126 13:45:42.454259 944156 AriaExecutor.h:94] AriaExecutor 10 exits. 
I1126 13:45:42.454254 944158 Manager.h:227] Manager(worker id = 12) on the coordinator node exits.
I1126 13:45:42.454270 944155 AriaExecutor.h:94] AriaExecutor 9 exits. 
I1126 13:45:42.454270 944149 AriaExecutor.h:94] AriaExecutor 3 exits. 
I1126 13:45:42.454270 944153 AriaExecutor.h:94] AriaExecutor 7 exits. 
I1126 13:45:42.454270 944151 AriaExecutor.h:94] AriaExecutor 5 exits. 
I1126 13:45:42.454272 944147 AriaExecutor.h:94] AriaExecutor 1 exits. 
I1126 13:45:42.454502 944130 AriaExecutor.h:535] Worker 1 latency: 5876 us (50%) 5927 us (75%) 6000 us (95%) 6063 us (99%).
I1126 13:45:42.455051 944130 AriaExecutor.h:535] Worker 2 latency: 5874 us (50%) 5927 us (75%) 5998 us (95%) 6066 us (99%).
I1126 13:45:42.455448 944130 AriaExecutor.h:535] Worker 3 latency: 5871 us (50%) 5927 us (75%) 5999 us (95%) 6057 us (99%).
I1126 13:45:42.455844 944130 AriaExecutor.h:535] Worker 4 latency: 5868 us (50%) 5924 us (75%) 5997 us (95%) 6065 us (99%).
I1126 13:45:42.456218 944130 AriaExecutor.h:535] Worker 5 latency: 5870 us (50%) 5924 us (75%) 5994 us (95%) 6054 us (99%).
I1126 13:45:42.456594 944130 AriaExecutor.h:535] Worker 6 latency: 5864 us (50%) 5921 us (75%) 5993 us (95%) 6063 us (99%).
I1126 13:45:42.456910 944130 AriaExecutor.h:535] Worker 7 latency: 5867 us (50%) 5923 us (75%) 5994 us (95%) 6066 us (99%).
I1126 13:45:42.457208 944130 AriaExecutor.h:535] Worker 8 latency: 5867 us (50%) 5922 us (75%) 5997 us (95%) 6070 us (99%).
I1126 13:45:42.457504 944130 AriaExecutor.h:535] Worker 9 latency: 5868 us (50%) 5923 us (75%) 5994 us (95%) 6065 us (99%).
I1126 13:45:42.457793 944130 AriaExecutor.h:535] Worker 10 latency: 5864 us (50%) 5919 us (75%) 5993 us (95%) 6067 us (99%).
I1126 13:45:42.458040 944130 AriaExecutor.h:535] Worker 11 latency: 5863 us (50%) 5919 us (75%) 5992 us (95%) 6059 us (99%).
I1126 13:45:42.458294 944130 Coordinator.h:177] total commit: 3093.3
I1126 13:45:43.458402 944130 Coordinator.h:192] Coordinator exits.
