I1126 13:54:58.358443 949851 Database.h:65] ycsb initialization finished in 30 milliseconds.
I1126 13:54:58.358548 949851 Coordinator.h:30] Coordinator initializes 12 workers.
I1126 13:54:58.366112 949851 Coordinator.h:77] Coordinator starts to run 13 workers.
I1126 13:54:58.366166 949867 AriaExecutor.h:82] AriaExecutor 0 started. 
I1126 13:54:58.366194 949868 AriaExecutor.h:82] AriaExecutor 1 started. 
I1126 13:54:58.366232 949869 AriaExecutor.h:82] AriaExecutor 2 started. 
I1126 13:54:58.366274 949870 AriaExecutor.h:82] AriaExecutor 3 started. 
I1126 13:54:58.366372 949872 AriaExecutor.h:82] AriaExecutor 5 started. 
I1126 13:54:58.366415 949873 AriaExecutor.h:82] AriaExecutor 6 started. 
I1126 13:54:58.366456 949874 AriaExecutor.h:82] AriaExecutor 7 started. 
I1126 13:54:58.366505 949875 AriaExecutor.h:82] AriaExecutor 8 started. 
I1126 13:54:58.366547 949876 AriaExecutor.h:82] AriaExecutor 9 started. 
I1126 13:54:58.366580 949877 AriaExecutor.h:82] AriaExecutor 10 started. 
I1126 13:54:58.366634 949878 AriaExecutor.h:82] AriaExecutor 11 started. 
I1126 13:54:58.366662 949871 AriaExecutor.h:82] AriaExecutor 4 started. 
I1126 13:54:58.366667 949879 Manager.h:224] Manager(worker id = 12) on the coordinator node started.
I1126 13:54:59.366727 949851 Coordinator.h:126] commit: 156355 abort: 685645 (0/685645/0), network size: 0, avg network size: 0, si_in_serializable: 0 0 %, local: 0 %
I1126 13:55:00.366829 949851 Coordinator.h:126] commit: 154445 abort: 681555 (0/681555/0), network size: 0, avg network size: 0, si_in_serializable: 0 0 %, local: 0 %
I1126 13:55:01.366940 949851 Coordinator.h:126] commit: 156785 abort: 691215 (0/691215/0), network size: 0, avg network size: 0, si_in_serializable: 0 0 %, local: 0 %
I1126 13:55:02.367060 949851 Coordinator.h:126] commit: 158018 abort: 698982 (0/698982/0), network size: 0, avg network size: 0, si_in_serializable: 0 0 %, local: 0 %
I1126 13:55:03.367158 949851 Coordinator.h:126] commit: 157260 abort: 692740 (0/692740/0), network size: 0, avg network size: 0, si_in_serializable: 0 0 %, local: 0 %
I1126 13:55:04.367262 949851 Coordinator.h:126] commit: 155508 abort: 683492 (0/683492/0), network size: 0, avg network size: 0, si_in_serializable: 0 0 %, local: 0 %
I1126 13:55:05.367359 949851 Coordinator.h:126] commit: 158504 abort: 697496 (0/697496/0), network size: 0, avg network size: 0, si_in_serializable: 0 0 %, local: 0 %
I1126 13:55:06.367470 949851 Coordinator.h:126] commit: 158151 abort: 696849 (0/696849/0), network size: 0, avg network size: 0, si_in_serializable: 0 0 %, local: 0 %
I1126 13:55:07.367558 949851 Coordinator.h:126] commit: 158195 abort: 698805 (0/698805/0), network size: 0, avg network size: 0, si_in_serializable: 0 0 %, local: 0 %
I1126 13:55:08.367652 949851 Coordinator.h:126] commit: 157811 abort: 695182 (0/695182/0), network size: 0, avg network size: 0, si_in_serializable: 0 0 %, local: 0 %
I1126 13:55:09.367740 949851 Coordinator.h:126] commit: 156379 abort: 692628 (0/692628/0), network size: 0, avg network size: 0, si_in_serializable: 0 0 %, local: 0 %
I1126 13:55:10.367834 949851 Coordinator.h:126] commit: 156405 abort: 687595 (0/687595/0), network size: 0, avg network size: 0, si_in_serializable: 0 0 %, local: 0 %
I1126 13:55:11.367926 949851 Coordinator.h:126] commit: 158604 abort: 697396 (0/697396/0), network size: 0, avg network size: 0, si_in_serializable: 0 0 %, local: 0 %
I1126 13:55:12.368019 949851 Coordinator.h:126] commit: 158648 abort: 699352 (0/699352/0), network size: 0, avg network size: 0, si_in_serializable: 0 0 %, local: 0 %
I1126 13:55:13.368101 949851 Coordinator.h:126] commit: 159316 abort: 698684 (0/698684/0), network size: 0, avg network size: 0, si_in_serializable: 0 0 %, local: 0 %
I1126 13:55:14.368208 949851 Coordinator.h:126] commit: 157748 abort: 696252 (0/696252/0), network size: 0, avg network size: 0, si_in_serializable: 0 0 %, local: 0 %
I1126 13:55:15.368291 949851 Coordinator.h:126] commit: 158235 abort: 696765 (0/696765/0), network size: 0, avg network size: 0, si_in_serializable: 0 0 %, local: 0 %
I1126 13:55:16.368376 949851 Coordinator.h:126] commit: 158871 abort: 699129 (0/699129/0), network size: 0, avg network size: 0, si_in_serializable: 0 0 %, local: 0 %
I1126 13:55:17.368454 949851 Coordinator.h:126] commit: 156790 abort: 692210 (0/692210/0), network size: 0, avg network size: 0, si_in_serializable: 0 0 %, local: 0 %
I1126 13:55:18.368541 949851 Coordinator.h:126] commit: 156595 abort: 690405 (0/690405/0), network size: 0, avg network size: 0, si_in_serializable: 0 0 %, local: 0 %
I1126 13:55:19.368620 949851 Coordinator.h:126] commit: 156850 abort: 689150 (0/689150/0), network size: 0, avg network size: 0, si_in_serializable: 0 0 %, local: 0 %
I1126 13:55:20.368700 949851 Coordinator.h:126] commit: 158512 abort: 698488 (0/698488/0), network size: 0, avg network size: 0, si_in_serializable: 0 0 %, local: 0 %
I1126 13:55:21.368809 949851 Coordinator.h:126] commit: 158519 abort: 696481 (0/696481/0), network size: 0, avg network size: 0, si_in_serializable: 0 0 %, local: 0 %
I1126 13:55:22.368896 949851 Coordinator.h:126] commit: 158487 abort: 698513 (0/698513/0), network size: 0, avg network size: 0, si_in_serializable: 0 0 %, local: 0 %
I1126 13:55:23.369001 949851 Coordinator.h:126] commit: 158227 abort: 696773 (0/696773/0), network size: 0, avg network size: 0, si_in_serializable: 0 0 %, local: 0 %
I1126 13:55:23.369026 949851 Coordinator.h:152] average commit: 157759 abort: 695042 (0/695042/0), network size: 0, avg network size: 0, si_in_serializable: 0 0 %, local: 0 %
I1126 13:55:23.369804 949873 AriaExecutor.h:94] AriaExecutor 6 exits. 
I1126 13:55:23.369810 949871 AriaExecutor.h:94] AriaExecutor 4 exits. 
I1126 13:55:23.369812 949867 AriaExecutor.h:94] AriaExecutor 0 exits. 
I1126 13:55:23.369817 949868 AriaExecutor.h:94] AriaExecutor 1 exits. 
I1126 13:55:23.369812 949877 AriaExecutor.h:94] AriaExecutor 10 exits. 
I1126 13:55:23.369812 949869 AriaExecutor.h:94] AriaExecutor 2 exits. 
I1126 13:55:23.369814 949872 AriaExecutor.h:94] AriaExecutor 5 exits. 
I1126 13:55:23.369815 949874 AriaExecutor.h:94] AriaExecutor 7 exits. 
I1126 13:55:23.369804 949875 AriaExecutor.h:94] AriaExecutor 8 exits. 
I1126 13:55:23.369814 949878 AriaExecutor.h:94] AriaExecutor 11 exits. 
I1126 13:55:23.369807 949879 Manager.h:227] Manager(worker id = 12) on the coordinator node exits.
I1126 13:55:23.369817 949876 AriaExecutor.h:94] AriaExecutor 9 exits. 
I1126 13:55:23.369818 949870 AriaExecutor.h:94] AriaExecutor 3 exits. 
I1126 13:55:23.369036 949851 AriaExecutor.h:535] Worker 0 latency: 912 us (50%) 1070 us (75%) 1137 us (95%) 1159 us (99%).
I1126 13:55:23.384958 949851 AriaExecutor.h:535] Worker 1 latency: 909 us (50%) 1067 us (75%) 1136 us (95%) 1157 us (99%).
I1126 13:55:23.400859 949851 AriaExecutor.h:535] Worker 2 latency: 907 us (50%) 1066 us (75%) 1136 us (95%) 1158 us (99%).
I1126 13:55:23.416851 949851 AriaExecutor.h:535] Worker 3 latency: 906 us (50%) 1065 us (75%) 1135 us (95%) 1156 us (99%).
I1126 13:55:23.432592 949851 AriaExecutor.h:535] Worker 4 latency: 907 us (50%) 1064 us (75%) 1135 us (95%) 1157 us (99%).
I1126 13:55:23.448439 949851 AriaExecutor.h:535] Worker 5 latency: 903 us (50%) 1061 us (75%) 1135 us (95%) 1156 us (99%).
I1126 13:55:23.464246 949851 AriaExecutor.h:535] Worker 6 latency: 904 us (50%) 1061 us (75%) 1134 us (95%) 1156 us (99%).
I1126 13:55:23.479754 949851 AriaExecutor.h:535] Worker 7 latency: 901 us (50%) 1059 us (75%) 1134 us (95%) 1155 us (99%).
I1126 13:55:23.495270 949851 AriaExecutor.h:535] Worker 8 latency: 900 us (50%) 1059 us (75%) 1134 us (95%) 1156 us (99%).
I1126 13:55:23.510591 949851 AriaExecutor.h:535] Worker 9 latency: 898 us (50%) 1057 us (75%) 1133 us (95%) 1155 us (99%).
I1126 13:55:23.525913 949851 AriaExecutor.h:535] Worker 10 latency: 897 us (50%) 1056 us (75%) 1133 us (95%) 1155 us (99%).
I1126 13:55:23.541158 949851 AriaExecutor.h:535] Worker 11 latency: 895 us (50%) 1055 us (75%) 1133 us (95%) 1154 us (99%).
I1126 13:55:23.556464 949851 Coordinator.h:177] total commit: 157759
I1126 13:55:24.556578 949851 Coordinator.h:192] Coordinator exits.
