I1126 13:38:12.416316 939692 Database.h:65] ycsb initialization finished in 30 milliseconds.
I1126 13:38:12.416409 939692 Coordinator.h:30] Coordinator initializes 12 workers.
I1126 13:38:12.423978 939692 Coordinator.h:77] Coordinator starts to run 13 workers.
I1126 13:38:12.424041 939708 AriaExecutor.h:82] AriaExecutor 0 started. 
I1126 13:38:12.424067 939709 AriaExecutor.h:82] AriaExecutor 1 started. 
I1126 13:38:12.424110 939710 AriaExecutor.h:82] AriaExecutor 2 started. 
I1126 13:38:12.424150 939711 AriaExecutor.h:82] AriaExecutor 3 started. 
I1126 13:38:12.424187 939712 AriaExecutor.h:82] AriaExecutor 4 started. 
I1126 13:38:12.424222 939713 AriaExecutor.h:82] AriaExecutor 5 started. 
I1126 13:38:12.424304 939715 AriaExecutor.h:82] AriaExecutor 7 started. 
I1126 13:38:12.424355 939716 AriaExecutor.h:82] AriaExecutor 8 started. 
I1126 13:38:12.424393 939717 AriaExecutor.h:82] AriaExecutor 9 started. 
I1126 13:38:12.424427 939718 AriaExecutor.h:82] AriaExecutor 10 started. 
I1126 13:38:12.424472 939719 AriaExecutor.h:82] AriaExecutor 11 started. 
I1126 13:38:12.424505 939714 AriaExecutor.h:82] AriaExecutor 6 started. 
I1126 13:38:12.424508 939720 Manager.h:224] Manager(worker id = 12) on the coordinator node started.
I1126 13:38:13.424574 939692 Coordinator.h:126] commit: 13329 abort: 149671 (0/149671/0), network size: 0, avg network size: 0, si_in_serializable: 0 0 %, local: 0 %
I1126 13:38:14.424700 939692 Coordinator.h:126] commit: 13254 abort: 149746 (0/149746/0), network size: 0, avg network size: 0, si_in_serializable: 0 0 %, local: 0 %
I1126 13:38:15.424831 939692 Coordinator.h:126] commit: 13308 abort: 150692 (0/150692/0), network size: 0, avg network size: 0, si_in_serializable: 0 0 %, local: 0 %
I1126 13:38:16.424926 939692 Coordinator.h:126] commit: 13555 abort: 152445 (0/152445/0), network size: 0, avg network size: 0, si_in_serializable: 0 0 %, local: 0 %
I1126 13:38:17.425004 939692 Coordinator.h:126] commit: 13382 abort: 151618 (0/151618/0), network size: 0, avg network size: 0, si_in_serializable: 0 0 %, local: 0 %
I1126 13:38:18.425081 939692 Coordinator.h:126] commit: 13293 abort: 150707 (0/150707/0), network size: 0, avg network size: 0, si_in_serializable: 0 0 %, local: 0 %
I1126 13:38:19.425189 939692 Coordinator.h:126] commit: 13302 abort: 150698 (0/150698/0), network size: 0, avg network size: 0, si_in_serializable: 0 0 %, local: 0 %
I1126 13:38:20.425298 939692 Coordinator.h:126] commit: 13509 abort: 151491 (0/151491/0), network size: 0, avg network size: 0, si_in_serializable: 0 0 %, local: 0 %
I1126 13:38:21.425396 939692 Coordinator.h:126] commit: 13483 abort: 152517 (0/152517/0), network size: 0, avg network size: 0, si_in_serializable: 0 0 %, local: 0 %
I1126 13:38:22.425472 939692 Coordinator.h:126] commit: 13335 abort: 151665 (0/151665/0), network size: 0, avg network size: 0, si_in_serializable: 0 0 %, local: 0 %
I1126 13:38:23.425549 939692 Coordinator.h:126] commit: 13299 abort: 150701 (0/150701/0), network size: 0, avg network size: 0, si_in_serializable: 0 0 %, local: 0 %
I1126 13:38:24.425642 939692 Coordinator.h:126] commit: 13406 abort: 151594 (0/151594/0), network size: 0, avg network size: 0, si_in_serializable: 0 0 %, local: 0 %
I1126 13:38:25.425776 939692 Coordinator.h:126] commit: 13451 abort: 150549 (0/150549/0), network size: 0, avg network size: 0, si_in_serializable: 0 0 %, local: 0 %
I1126 13:38:26.425882 939692 Coordinator.h:126] commit: 13559 abort: 152441 (0/152441/0), network size: 0, avg network size: 0, si_in_serializable: 0 0 %, local: 0 %
I1126 13:38:27.425961 939692 Coordinator.h:126] commit: 13380 abort: 150620 (0/150620/0), network size: 0, avg network size: 0, si_in_serializable: 0 0 %, local: 0 %
I1126 13:38:28.426034 939692 Coordinator.h:126] commit: 13440 abort: 152560 (0/152560/0), network size: 0, avg network size: 0, si_in_serializable: 0 0 %, local: 0 %
I1126 13:38:29.426119 939692 Coordinator.h:126] commit: 13455 abort: 151545 (0/151545/0), network size: 0, avg network size: 0, si_in_serializable: 0 0 %, local: 0 %
I1126 13:38:30.426230 939692 Coordinator.h:126] commit: 13464 abort: 151536 (0/151536/0), network size: 0, avg network size: 0, si_in_serializable: 0 0 %, local: 0 %
I1126 13:38:31.426350 939692 Coordinator.h:126] commit: 13419 abort: 151581 (0/151581/0), network size: 0, avg network size: 0, si_in_serializable: 0 0 %, local: 0 %
I1126 13:38:32.426463 939692 Coordinator.h:126] commit: 13264 abort: 151736 (0/151736/0), network size: 0, avg network size: 0, si_in_serializable: 0 0 %, local: 0 %
I1126 13:38:33.426584 939692 Coordinator.h:126] commit: 13415 abort: 151585 (0/151585/0), network size: 0, avg network size: 0, si_in_serializable: 0 0 %, local: 0 %
I1126 13:38:34.426707 939692 Coordinator.h:126] commit: 13509 abort: 150491 (0/150491/0), network size: 0, avg network size: 0, si_in_serializable: 0 0 %, local: 0 %
I1126 13:38:35.426841 939692 Coordinator.h:126] commit: 13568 abort: 150432 (0/150432/0), network size: 0, avg network size: 0, si_in_serializable: 0 0 %, local: 0 %
I1126 13:38:36.426961 939692 Coordinator.h:126] commit: 13581 abort: 152419 (0/152419/0), network size: 0, avg network size: 0, si_in_serializable: 0 0 %, local: 0 %
I1126 13:38:37.427079 939692 Coordinator.h:126] commit: 13430 abort: 151570 (0/151570/0), network size: 0, avg network size: 0, si_in_serializable: 0 0 %, local: 0 %
I1126 13:38:37.427119 939692 Coordinator.h:152] average commit: 13413.7 abort: 151486 (0/151486/0), network size: 0, avg network size: 0, si_in_serializable: 0 0 %, local: 0 %
I1126 13:38:37.427126 939692 AriaExecutor.h:535] Worker 0 latency: 5879 us (50%) 5942 us (75%) 6014 us (95%) 6083 us (99%).
I1126 13:38:37.430857 939720 Manager.h:227] Manager(worker id = 12) on the coordinator node exits.
I1126 13:38:37.430867 939714 AriaExecutor.h:94] AriaExecutor 6 exits. 
I1126 13:38:37.430869 939710 AriaExecutor.h:94] AriaExecutor 2 exits. 
I1126 13:38:37.430874 939715 AriaExecutor.h:94] AriaExecutor 7 exits. 
I1126 13:38:37.430867 939708 AriaExecutor.h:94] AriaExecutor 0 exits. 
I1126 13:38:37.430867 939712 AriaExecutor.h:94] AriaExecutor 4 exits. 
I1126 13:38:37.430867 939716 AriaExecutor.h:94] AriaExecutor 8 exits. 
I1126 13:38:37.430876 939719 AriaExecutor.h:94] AriaExecutor 11 exits. 
I1126 13:38:37.430877 939713 AriaExecutor.h:94] AriaExecutor 5 exits. 
I1126 13:38:37.430878 939709 AriaExecutor.h:94] AriaExecutor 1 exits. 
I1126 13:38:37.430879 939717 AriaExecutor.h:94] AriaExecutor 9 exits. 
I1126 13:38:37.430878 939711 AriaExecutor.h:94] AriaExecutor 3 exits. 
I1126 13:38:37.430860 939718 AriaExecutor.h:94] AriaExecutor 10 exits. 
I1126 13:38:37.431085 939692 AriaExecutor.h:535] Worker 1 latency: 5878 us (50%) 5941 us (75%) 6014 us (95%) 6086 us (99%).
I1126 13:38:37.432783 939692 AriaExecutor.h:535] Worker 2 latency: 5877 us (50%) 5940 us (75%) 6014 us (95%) 6088 us (99%).
I1126 13:38:37.434252 939692 AriaExecutor.h:535] Worker 3 latency: 5877 us (50%) 5941 us (75%) 6014 us (95%) 6086 us (99%).
I1126 13:38:37.435777 939692 AriaExecutor.h:535] Worker 4 latency: 5875 us (50%) 5940 us (75%) 6012 us (95%) 6082 us (99%).
I1126 13:38:37.437224 939692 AriaExecutor.h:535] Worker 5 latency: 5875 us (50%) 5940 us (75%) 6013 us (95%) 6083 us (99%).
I1126 13:38:37.438766 939692 AriaExecutor.h:535] Worker 6 latency: 5871 us (50%) 5937 us (75%) 6010 us (95%) 6081 us (99%).
I1126 13:38:37.440147 939692 AriaExecutor.h:535] Worker 7 latency: 5872 us (50%) 5938 us (75%) 6011 us (95%) 6083 us (99%).
I1126 13:38:37.441622 939692 AriaExecutor.h:535] Worker 8 latency: 5874 us (50%) 5939 us (75%) 6012 us (95%) 6088 us (99%).
I1126 13:38:37.443010 939692 AriaExecutor.h:535] Worker 9 latency: 5874 us (50%) 5938 us (75%) 6011 us (95%) 6084 us (99%).
I1126 13:38:37.444445 939692 AriaExecutor.h:535] Worker 10 latency: 5872 us (50%) 5937 us (75%) 6011 us (95%) 6081 us (99%).
I1126 13:38:37.445788 939692 AriaExecutor.h:535] Worker 11 latency: 5870 us (50%) 5938 us (75%) 6010 us (95%) 6083 us (99%).
I1126 13:38:37.447235 939692 Coordinator.h:177] total commit: 13413.7
I1126 13:38:38.447350 939692 Coordinator.h:192] Coordinator exits.
