I1126 19:06:10.009764 1108520 Database.h:65] ycsb initialization finished in 30 milliseconds.
I1126 19:06:10.009871 1108520 Coordinator.h:30] Coordinator initializes 12 workers.
I1126 19:06:10.010771 1108520 Coordinator.h:77] Coordinator starts to run 13 workers.
I1126 19:06:10.010828 1108536 AriaExecutor.h:91] AriaExecutor 0 started. 
I1126 19:06:10.010857 1108537 AriaExecutor.h:91] AriaExecutor 1 started. 
I1126 19:06:10.010896 1108538 AriaExecutor.h:91] AriaExecutor 2 started. 
I1126 19:06:10.010939 1108539 AriaExecutor.h:91] AriaExecutor 3 started. 
I1126 19:06:10.011018 1108541 AriaExecutor.h:91] AriaExecutor 5 started. 
I1126 19:06:10.011059 1108542 AriaExecutor.h:91] AriaExecutor 6 started. 
I1126 19:06:10.011102 1108543 AriaExecutor.h:91] AriaExecutor 7 started. 
I1126 19:06:10.011138 1108544 AriaExecutor.h:91] AriaExecutor 8 started. 
I1126 19:06:10.011193 1108545 AriaExecutor.h:91] AriaExecutor 9 started. 
I1126 19:06:10.011230 1108546 AriaExecutor.h:91] AriaExecutor 10 started. 
I1126 19:06:10.011276 1108547 AriaExecutor.h:91] AriaExecutor 11 started. 
I1126 19:06:10.011313 1108540 AriaExecutor.h:91] AriaExecutor 4 started. 
I1126 19:06:10.011317 1108548 Manager.h:224] Manager(worker id = 12) on the coordinator node started.
I1126 19:06:11.011377 1108520 Coordinator.h:126] commit: 298371 abort: 1226629 (0/1226629/0), network size: 0, avg network size: 0, si_in_serializable: 0 0 %, local: 0 %
I1126 19:06:12.011504 1108520 Coordinator.h:126] commit: 295338 abort: 1215662 (0/1215662/0), network size: 0, avg network size: 0, si_in_serializable: 0 0 %, local: 0 %
I1126 19:06:13.011626 1108520 Coordinator.h:126] commit: 299871 abort: 1235129 (0/1235129/0), network size: 0, avg network size: 0, si_in_serializable: 0 0 %, local: 0 %
I1126 19:06:14.011726 1108520 Coordinator.h:126] commit: 303974 abort: 1246026 (0/1246026/0), network size: 0, avg network size: 0, si_in_serializable: 0 0 %, local: 0 %
I1126 19:06:15.011808 1108520 Coordinator.h:126] commit: 302560 abort: 1240440 (0/1240440/0), network size: 0, avg network size: 0, si_in_serializable: 0 0 %, local: 0 %
I1126 19:06:16.011912 1108520 Coordinator.h:126] commit: 296496 abort: 1216504 (0/1216504/0), network size: 0, avg network size: 0, si_in_serializable: 0 0 %, local: 0 %
I1126 19:06:17.012032 1108520 Coordinator.h:126] commit: 302417 abort: 1240583 (0/1240583/0), network size: 0, avg network size: 0, si_in_serializable: 0 0 %, local: 0 %
I1126 19:06:18.012140 1108520 Coordinator.h:126] commit: 302428 abort: 1246572 (0/1246572/0), network size: 0, avg network size: 0, si_in_serializable: 0 0 %, local: 0 %
I1126 19:06:19.012243 1108520 Coordinator.h:126] commit: 303969 abort: 1246031 (0/1246031/0), network size: 0, avg network size: 0, si_in_serializable: 0 0 %, local: 0 %
I1126 19:06:20.012337 1108520 Coordinator.h:126] commit: 303916 abort: 1245084 (0/1245084/0), network size: 0, avg network size: 0, si_in_serializable: 0 0 %, local: 0 %
I1126 19:06:21.012442 1108520 Coordinator.h:126] commit: 297001 abort: 1218999 (0/1218999/0), network size: 0, avg network size: 0, si_in_serializable: 0 0 %, local: 0 %
I1126 19:06:22.012540 1108520 Coordinator.h:126] commit: 302866 abort: 1246134 (0/1246134/0), network size: 0, avg network size: 0, si_in_serializable: 0 0 %, local: 0 %
I1126 19:06:23.012647 1108520 Coordinator.h:126] commit: 302958 abort: 1247042 (0/1247042/0), network size: 0, avg network size: 0, si_in_serializable: 0 0 %, local: 0 %
I1126 19:06:24.012748 1108520 Coordinator.h:126] commit: 302151 abort: 1243849 (0/1243849/0), network size: 0, avg network size: 0, si_in_serializable: 0 0 %, local: 0 %
I1126 19:06:25.012856 1108520 Coordinator.h:126] commit: 299425 abort: 1234575 (0/1234575/0), network size: 0, avg network size: 0, si_in_serializable: 0 0 %, local: 0 %
I1126 19:06:26.012979 1108520 Coordinator.h:126] commit: 301567 abort: 1238433 (0/1238433/0), network size: 0, avg network size: 0, si_in_serializable: 0 0 %, local: 0 %
I1126 19:06:27.013088 1108520 Coordinator.h:126] commit: 303730 abort: 1244270 (0/1244270/0), network size: 0, avg network size: 0, si_in_serializable: 0 0 %, local: 0 %
I1126 19:06:28.013195 1108520 Coordinator.h:126] commit: 303429 abort: 1244571 (0/1244571/0), network size: 0, avg network size: 0, si_in_serializable: 0 0 %, local: 0 %
I1126 19:06:29.013293 1108520 Coordinator.h:126] commit: 303569 abort: 1247431 (0/1247431/0), network size: 0, avg network size: 0, si_in_serializable: 0 0 %, local: 0 %
I1126 19:06:30.013393 1108520 Coordinator.h:126] commit: 303674 abort: 1246326 (0/1246326/0), network size: 0, avg network size: 0, si_in_serializable: 0 0 %, local: 0 %
I1126 19:06:31.013489 1108520 Coordinator.h:126] commit: 297256 abort: 1220744 (0/1220744/0), network size: 0, avg network size: 0, si_in_serializable: 0 0 %, local: 0 %
I1126 19:06:32.013581 1108520 Coordinator.h:126] commit: 297220 abort: 1222780 (0/1222780/0), network size: 0, avg network size: 0, si_in_serializable: 0 0 %, local: 0 %
I1126 19:06:33.013687 1108520 Coordinator.h:126] commit: 304102 abort: 1245898 (0/1245898/0), network size: 0, avg network size: 0, si_in_serializable: 0 0 %, local: 0 %
I1126 19:06:34.013792 1108520 Coordinator.h:126] commit: 303606 abort: 1245394 (0/1245394/0), network size: 0, avg network size: 0, si_in_serializable: 0 0 %, local: 0 %
I1126 19:06:35.013890 1108520 Coordinator.h:126] commit: 303265 abort: 1246735 (0/1246735/0), network size: 0, avg network size: 0, si_in_serializable: 0 0 %, local: 0 %
I1126 19:06:35.013902 1108520 Coordinator.h:152] average commit: 302037 abort: 1.24116e+06 (0/1.24116e+06/0), network size: 0, avg network size: 0, si_in_serializable: 0 0 %, local: 0 %
I1126 19:06:35.014197 1108542 AriaExecutor.h:103] AriaExecutor 6 exits. 
I1126 19:06:35.014207 1108543 AriaExecutor.h:103] AriaExecutor 7 exits. 
I1126 19:06:35.014199 1108540 AriaExecutor.h:103] AriaExecutor 4 exits. 
I1126 19:06:35.014199 1108546 AriaExecutor.h:103] AriaExecutor 10 exits. 
I1126 19:06:35.014199 1108536 AriaExecutor.h:103] AriaExecutor 0 exits. 
I1126 19:06:35.014200 1108544 AriaExecutor.h:103] AriaExecutor 8 exits. 
I1126 19:06:35.014207 1108539 AriaExecutor.h:103] AriaExecutor 3 exits. 
I1126 19:06:35.014207 1108548 Manager.h:227] Manager(worker id = 12) on the coordinator node exits.
I1126 19:06:35.014209 1108547 AriaExecutor.h:103] AriaExecutor 11 exits. 
I1126 19:06:35.014209 1108537 AriaExecutor.h:103] AriaExecutor 1 exits. 
I1126 19:06:35.014209 1108541 AriaExecutor.h:103] AriaExecutor 5 exits. 
I1126 19:06:35.014199 1108538 AriaExecutor.h:103] AriaExecutor 2 exits. 
I1126 19:06:35.014209 1108545 AriaExecutor.h:103] AriaExecutor 9 exits. 
I1126 19:06:35.013911 1108520 AriaExecutor.h:621] Worker 0 latency: 543 us (50%) 590 us (75%) 615 us (95%) 631 us (99%).
I1126 19:06:35.041868 1108520 AriaExecutor.h:621] Worker 1 latency: 541 us (50%) 588 us (75%) 614 us (95%) 630 us (99%).
I1126 19:06:35.073108 1108520 AriaExecutor.h:621] Worker 2 latency: 543 us (50%) 589 us (75%) 615 us (95%) 631 us (99%).
I1126 19:06:35.100708 1108520 AriaExecutor.h:621] Worker 3 latency: 542 us (50%) 588 us (75%) 614 us (95%) 630 us (99%).
I1126 19:06:35.131336 1108520 AriaExecutor.h:621] Worker 4 latency: 542 us (50%) 588 us (75%) 614 us (95%) 630 us (99%).
I1126 19:06:35.158665 1108520 AriaExecutor.h:621] Worker 5 latency: 540 us (50%) 586 us (75%) 613 us (95%) 629 us (99%).
I1126 19:06:35.189218 1108520 AriaExecutor.h:621] Worker 6 latency: 543 us (50%) 587 us (75%) 614 us (95%) 630 us (99%).
I1126 19:06:35.216123 1108520 AriaExecutor.h:621] Worker 7 latency: 540 us (50%) 585 us (75%) 613 us (95%) 629 us (99%).
I1126 19:06:35.246718 1108520 AriaExecutor.h:621] Worker 8 latency: 543 us (50%) 588 us (75%) 614 us (95%) 630 us (99%).
I1126 19:06:35.273713 1108520 AriaExecutor.h:621] Worker 9 latency: 540 us (50%) 585 us (75%) 613 us (95%) 629 us (99%).
I1126 19:06:35.304107 1108520 AriaExecutor.h:621] Worker 10 latency: 540 us (50%) 586 us (75%) 613 us (95%) 630 us (99%).
I1126 19:06:35.331037 1108520 AriaExecutor.h:621] Worker 11 latency: 541 us (50%) 586 us (75%) 613 us (95%) 629 us (99%).
I1126 19:06:35.360181 1108520 Coordinator.h:177] total commit: 302037
I1126 19:06:36.360291 1108520 Coordinator.h:192] Coordinator exits.
