I0911 23:36:10.557760 2948456 Database.h:65] ycsb initialization finished in 173 milliseconds.
I0911 23:36:10.557880 2948456 Coordinator.h:30] Coordinator initializes 16 workers.
I0911 23:36:10.589895 2948456 Coordinator.h:77] Coordinator starts to run 17 workers.
I0911 23:36:10.589970 2948477 AriaExecutor.h:82] AriaExecutor 0 started. 
I0911 23:36:10.590013 2948478 AriaExecutor.h:82] AriaExecutor 1 started. 
I0911 23:36:10.590059 2948479 AriaExecutor.h:82] AriaExecutor 2 started. 
I0911 23:36:10.590101 2948480 AriaExecutor.h:82] AriaExecutor 3 started. 
I0911 23:36:10.590121 2948481 AriaExecutor.h:82] AriaExecutor 4 started. 
I0911 23:36:10.590162 2948482 AriaExecutor.h:82] AriaExecutor 5 started. 
I0911 23:36:10.590186 2948483 AriaExecutor.h:82] AriaExecutor 6 started. 
I0911 23:36:10.590227 2948484 AriaExecutor.h:82] AriaExecutor 7 started. 
I0911 23:36:10.590260 2948485 AriaExecutor.h:82] AriaExecutor 8 started. 
I0911 23:36:10.590303 2948486 AriaExecutor.h:82] AriaExecutor 9 started. 
I0911 23:36:10.590324 2948487 AriaExecutor.h:82] AriaExecutor 10 started. 
I0911 23:36:10.590363 2948488 AriaExecutor.h:82] AriaExecutor 11 started. 
I0911 23:36:10.590389 2948489 AriaExecutor.h:82] AriaExecutor 12 started. 
I0911 23:36:10.590426 2948490 AriaExecutor.h:82] AriaExecutor 13 started. 
I0911 23:36:10.590468 2948491 AriaExecutor.h:82] AriaExecutor 14 started. 
I0911 23:36:10.590507 2948492 AriaExecutor.h:82] AriaExecutor 15 started. 
I0911 23:36:10.590535 2948493 Manager.h:224] Manager(worker id = 16) on the coordinator node started.
I0911 23:36:11.590605 2948456 Coordinator.h:126] commit: 75895 abort: 108425 (0/108425/0), network size: 0, avg network size: 0, si_in_serializable: 0 0 %, local: 0 %
I0911 23:36:12.590775 2948456 Coordinator.h:126] commit: 82560 abort: 118144 (0/118144/0), network size: 0, avg network size: 0, si_in_serializable: 0 0 %, local: 0 %
I0911 23:36:13.590874 2948456 Coordinator.h:126] commit: 83202 abort: 117502 (0/117502/0), network size: 0, avg network size: 0, si_in_serializable: 0 0 %, local: 0 %
I0911 23:36:14.590975 2948456 Coordinator.h:126] commit: 84129 abort: 120671 (0/120671/0), network size: 0, avg network size: 0, si_in_serializable: 0 0 %, local: 0 %
I0911 23:36:15.591135 2948456 Coordinator.h:126] commit: 87936 abort: 125056 (0/125056/0), network size: 0, avg network size: 0, si_in_serializable: 0 0 %, local: 0 %
I0911 23:36:16.591255 2948456 Coordinator.h:126] commit: 88206 abort: 124786 (0/124786/0), network size: 0, avg network size: 0, si_in_serializable: 0 0 %, local: 0 %
I0911 23:36:17.591363 2948456 Coordinator.h:126] commit: 87860 abort: 125132 (0/125132/0), network size: 0, avg network size: 0, si_in_serializable: 0 0 %, local: 0 %
I0911 23:36:18.591460 2948456 Coordinator.h:126] commit: 89527 abort: 127561 (0/127561/0), network size: 0, avg network size: 0, si_in_serializable: 0 0 %, local: 0 %
I0911 23:36:19.591584 2948456 Coordinator.h:126] commit: 89519 abort: 127569 (0/127569/0), network size: 0, avg network size: 0, si_in_serializable: 0 0 %, local: 0 %
I0911 23:36:20.591717 2948456 Coordinator.h:126] commit: 87721 abort: 125271 (0/125271/0), network size: 0, avg network size: 0, si_in_serializable: 0 0 %, local: 0 %
I0911 23:36:21.591813 2948456 Coordinator.h:126] commit: 87898 abort: 125094 (0/125094/0), network size: 0, avg network size: 0, si_in_serializable: 0 0 %, local: 0 %
I0911 23:36:22.591930 2948456 Coordinator.h:126] commit: 89259 abort: 127829 (0/127829/0), network size: 0, avg network size: 0, si_in_serializable: 0 0 %, local: 0 %
I0911 23:36:23.592028 2948456 Coordinator.h:126] commit: 91020 abort: 130164 (0/130164/0), network size: 0, avg network size: 0, si_in_serializable: 0 0 %, local: 0 %
I0911 23:36:24.592136 2948456 Coordinator.h:126] commit: 91164 abort: 130020 (0/130020/0), network size: 0, avg network size: 0, si_in_serializable: 0 0 %, local: 0 %
I0911 23:36:25.592237 2948456 Coordinator.h:126] commit: 90907 abort: 130277 (0/130277/0), network size: 0, avg network size: 0, si_in_serializable: 0 0 %, local: 0 %
I0911 23:36:26.592331 2948456 Coordinator.h:126] commit: 89358 abort: 127730 (0/127730/0), network size: 0, avg network size: 0, si_in_serializable: 0 0 %, local: 0 %
I0911 23:36:27.592418 2948456 Coordinator.h:126] commit: 91461 abort: 129723 (0/129723/0), network size: 0, avg network size: 0, si_in_serializable: 0 0 %, local: 0 %
I0911 23:36:28.592515 2948456 Coordinator.h:126] commit: 87726 abort: 125266 (0/125266/0), network size: 0, avg network size: 0, si_in_serializable: 0 0 %, local: 0 %
I0911 23:36:29.592625 2948456 Coordinator.h:126] commit: 91185 abort: 129999 (0/129999/0), network size: 0, avg network size: 0, si_in_serializable: 0 0 %, local: 0 %
I0911 23:36:30.592738 2948456 Coordinator.h:126] commit: 89481 abort: 127607 (0/127607/0), network size: 0, avg network size: 0, si_in_serializable: 0 0 %, local: 0 %
I0911 23:36:31.592851 2948456 Coordinator.h:126] commit: 89480 abort: 127608 (0/127608/0), network size: 0, avg network size: 0, si_in_serializable: 0 0 %, local: 0 %
I0911 23:36:32.592964 2948456 Coordinator.h:126] commit: 91448 abort: 129736 (0/129736/0), network size: 0, avg network size: 0, si_in_serializable: 0 0 %, local: 0 %
I0911 23:36:33.593086 2948456 Coordinator.h:126] commit: 90946 abort: 130238 (0/130238/0), network size: 0, avg network size: 0, si_in_serializable: 0 0 %, local: 0 %
I0911 23:36:34.593214 2948456 Coordinator.h:126] commit: 89490 abort: 127598 (0/127598/0), network size: 0, avg network size: 0, si_in_serializable: 0 0 %, local: 0 %
I0911 23:36:35.593320 2948456 Coordinator.h:126] commit: 89167 abort: 127921 (0/127921/0), network size: 0, avg network size: 0, si_in_serializable: 0 0 %, local: 0 %
I0911 23:36:35.593353 2948456 Coordinator.h:152] average commit: 89945.9 abort: 128371 (0/128371/0), network size: 0, avg network size: 0, si_in_serializable: 0 0 %, local: 0 %
I0911 23:36:35.593364 2948456 AriaExecutor.h:641] Worker 0 latency: 15523 us (50%) 17014 us (75%) 18069 us (95%) 20494 us (99%).
I0911 23:36:35.603685 2948491 AriaExecutor.h:94] AriaExecutor 14 exits. 
I0911 23:36:35.603703 2948484 AriaExecutor.h:94] AriaExecutor 7 exits. 
I0911 23:36:35.603722 2948490 AriaExecutor.h:94] AriaExecutor 13 exits. 
I0911 23:36:35.603690 2948483 AriaExecutor.h:94] AriaExecutor 6 exits. 
I0911 23:36:35.603689 2948487 AriaExecutor.h:94] AriaExecutor 10 exits. 
I0911 23:36:35.603693 2948477 AriaExecutor.h:94] AriaExecutor 0 exits. 
I0911 23:36:35.603685 2948489 AriaExecutor.h:94] AriaExecutor 12 exits. 
I0911 23:36:35.603703 2948492 AriaExecutor.h:94] AriaExecutor 15 exits. 
I0911 23:36:35.603686 2948479 AriaExecutor.h:94] AriaExecutor 2 exits. 
I0911 23:36:35.603691 2948485 AriaExecutor.h:94] AriaExecutor 8 exits. 
I0911 23:36:35.603703 2948480 AriaExecutor.h:94] AriaExecutor 3 exits. 
I0911 23:36:35.603708 2948493 Manager.h:227] Manager(worker id = 16) on the coordinator node exits.
I0911 23:36:35.603704 2948482 AriaExecutor.h:94] AriaExecutor 5 exits. 
I0911 23:36:35.603708 2948486 AriaExecutor.h:94] AriaExecutor 9 exits. 
I0911 23:36:35.603686 2948481 AriaExecutor.h:94] AriaExecutor 4 exits. 
I0911 23:36:35.603703 2948488 AriaExecutor.h:94] AriaExecutor 11 exits. 
I0911 23:36:35.603706 2948478 AriaExecutor.h:94] AriaExecutor 1 exits. 
I0911 23:36:35.603889 2948456 AriaExecutor.h:641] Worker 1 latency: 15504 us (50%) 16999 us (75%) 18063 us (95%) 20470 us (99%).
I0911 23:36:35.611447 2948456 AriaExecutor.h:641] Worker 2 latency: 15559 us (50%) 17020 us (75%) 18062 us (95%) 20492 us (99%).
I0911 23:36:35.618817 2948456 AriaExecutor.h:641] Worker 3 latency: 15523 us (50%) 17009 us (75%) 18063 us (95%) 20495 us (99%).
I0911 23:36:35.626214 2948456 AriaExecutor.h:641] Worker 4 latency: 15516 us (50%) 17002 us (75%) 18062 us (95%) 20510 us (99%).
I0911 23:36:35.633517 2948456 AriaExecutor.h:641] Worker 5 latency: 15510 us (50%) 17003 us (75%) 18066 us (95%) 20460 us (99%).
I0911 23:36:35.640892 2948456 AriaExecutor.h:641] Worker 6 latency: 15539 us (50%) 17012 us (75%) 18065 us (95%) 20479 us (99%).
I0911 23:36:35.648263 2948456 AriaExecutor.h:641] Worker 7 latency: 15505 us (50%) 17001 us (75%) 18059 us (95%) 20479 us (99%).
I0911 23:36:35.655745 2948456 AriaExecutor.h:641] Worker 8 latency: 15533 us (50%) 17011 us (75%) 18065 us (95%) 20495 us (99%).
I0911 23:36:35.663105 2948456 AriaExecutor.h:641] Worker 9 latency: 15519 us (50%) 17005 us (75%) 18059 us (95%) 20477 us (99%).
I0911 23:36:35.670457 2948456 AriaExecutor.h:641] Worker 10 latency: 15550 us (50%) 17017 us (75%) 18063 us (95%) 20464 us (99%).
I0911 23:36:35.677776 2948456 AriaExecutor.h:641] Worker 11 latency: 15531 us (50%) 17008 us (75%) 18062 us (95%) 20468 us (99%).
I0911 23:36:35.685083 2948456 AriaExecutor.h:641] Worker 12 latency: 15551 us (50%) 17015 us (75%) 18063 us (95%) 20503 us (99%).
I0911 23:36:35.692453 2948456 AriaExecutor.h:641] Worker 13 latency: 15493 us (50%) 16996 us (75%) 18058 us (95%) 20462 us (99%).
I0911 23:36:35.699841 2948456 AriaExecutor.h:641] Worker 14 latency: 15553 us (50%) 17018 us (75%) 18064 us (95%) 20493 us (99%).
I0911 23:36:35.707124 2948456 AriaExecutor.h:641] Worker 15 latency: 15532 us (50%) 16997 us (75%) 18050 us (95%) 20480 us (99%).
I0911 23:36:35.714457 2948456 Coordinator.h:177] total commit: 89945.9
I0911 23:36:36.714570 2948456 Coordinator.h:192] Coordinator exits.
