I1126 15:49:00.342447 1020209 Database.h:65] ycsb initialization finished in 30 milliseconds.
I1126 15:49:00.342548 1020209 Coordinator.h:30] Coordinator initializes 12 workers.
I1126 15:49:00.350113 1020209 Coordinator.h:77] Coordinator starts to run 13 workers.
I1126 15:49:00.350167 1020225 AriaExecutor.h:93] AriaExecutor 0 started. 
I1126 15:49:00.350198 1020226 AriaExecutor.h:93] AriaExecutor 1 started. 
I1126 15:49:00.350237 1020227 AriaExecutor.h:93] AriaExecutor 2 started. 
I1126 15:49:00.350277 1020228 AriaExecutor.h:93] AriaExecutor 3 started. 
I1126 15:49:00.350365 1020230 AriaExecutor.h:93] AriaExecutor 5 started. 
I1126 15:49:00.350402 1020231 AriaExecutor.h:93] AriaExecutor 6 started. 
I1126 15:49:00.350446 1020232 AriaExecutor.h:93] AriaExecutor 7 started. 
I1126 15:49:00.350492 1020233 AriaExecutor.h:93] AriaExecutor 8 started. 
I1126 15:49:00.350525 1020234 AriaExecutor.h:93] AriaExecutor 9 started. 
I1126 15:49:00.350558 1020235 AriaExecutor.h:93] AriaExecutor 10 started. 
I1126 15:49:00.350606 1020236 AriaExecutor.h:93] AriaExecutor 11 started. 
I1126 15:49:00.350637 1020229 AriaExecutor.h:93] AriaExecutor 4 started. 
I1126 15:49:00.350644 1020237 Manager.h:224] Manager(worker id = 12) on the coordinator node started.
I1126 15:49:01.350705 1020209 Coordinator.h:126] commit: 83545 abort: 143455 (0/143455/0), network size: 0, avg network size: 0, si_in_serializable: 0 0 %, local: 0 %
I1126 15:49:02.350831 1020209 Coordinator.h:126] commit: 83084 abort: 141916 (0/141916/0), network size: 0, avg network size: 0, si_in_serializable: 0 0 %, local: 0 %
I1126 15:49:03.350960 1020209 Coordinator.h:126] commit: 85027 abort: 145973 (0/145973/0), network size: 0, avg network size: 0, si_in_serializable: 0 0 %, local: 0 %
I1126 15:49:04.351058 1020209 Coordinator.h:126] commit: 84673 abort: 145327 (0/145327/0), network size: 0, avg network size: 0, si_in_serializable: 0 0 %, local: 0 %
I1126 15:49:05.351171 1020209 Coordinator.h:126] commit: 85242 abort: 145758 (0/145758/0), network size: 0, avg network size: 0, si_in_serializable: 0 0 %, local: 0 %
I1126 15:49:06.351290 1020209 Coordinator.h:126] commit: 83779 abort: 144221 (0/144221/0), network size: 0, avg network size: 0, si_in_serializable: 0 0 %, local: 0 %
I1126 15:49:07.351430 1020209 Coordinator.h:126] commit: 84996 abort: 146004 (0/146004/0), network size: 0, avg network size: 0, si_in_serializable: 0 0 %, local: 0 %
I1126 15:49:08.351547 1020209 Coordinator.h:126] commit: 84368 abort: 145632 (0/145632/0), network size: 0, avg network size: 0, si_in_serializable: 0 0 %, local: 0 %
I1126 15:49:09.351666 1020209 Coordinator.h:126] commit: 83793 abort: 144207 (0/144207/0), network size: 0, avg network size: 0, si_in_serializable: 0 0 %, local: 0 %
I1126 15:49:10.351783 1020209 Coordinator.h:126] commit: 83941 abort: 144059 (0/144059/0), network size: 0, avg network size: 0, si_in_serializable: 0 0 %, local: 0 %
I1126 15:49:11.351893 1020209 Coordinator.h:126] commit: 84731 abort: 145269 (0/145269/0), network size: 0, avg network size: 0, si_in_serializable: 0 0 %, local: 0 %
I1126 15:49:12.352007 1020209 Coordinator.h:126] commit: 84478 abort: 145522 (0/145522/0), network size: 0, avg network size: 0, si_in_serializable: 0 0 %, local: 0 %
I1126 15:49:13.352145 1020209 Coordinator.h:126] commit: 84541 abort: 145459 (0/145459/0), network size: 0, avg network size: 0, si_in_serializable: 0 0 %, local: 0 %
I1126 15:49:14.352257 1020209 Coordinator.h:126] commit: 84456 abort: 145544 (0/145544/0), network size: 0, avg network size: 0, si_in_serializable: 0 0 %, local: 0 %
I1126 15:49:15.352375 1020209 Coordinator.h:126] commit: 84282 abort: 144718 (0/144718/0), network size: 0, avg network size: 0, si_in_serializable: 0 0 %, local: 0 %
I1126 15:49:16.352487 1020209 Coordinator.h:126] commit: 85144 abort: 145856 (0/145856/0), network size: 0, avg network size: 0, si_in_serializable: 0 0 %, local: 0 %
I1126 15:49:17.352600 1020209 Coordinator.h:126] commit: 84129 abort: 144871 (0/144871/0), network size: 0, avg network size: 0, si_in_serializable: 0 0 %, local: 0 %
I1126 15:49:18.352705 1020209 Coordinator.h:126] commit: 85083 abort: 145917 (0/145917/0), network size: 0, avg network size: 0, si_in_serializable: 0 0 %, local: 0 %
I1126 15:49:19.352800 1020209 Coordinator.h:126] commit: 83327 abort: 143673 (0/143673/0), network size: 0, avg network size: 0, si_in_serializable: 0 0 %, local: 0 %
I1126 15:49:20.352911 1020209 Coordinator.h:126] commit: 84482 abort: 145518 (0/145518/0), network size: 0, avg network size: 0, si_in_serializable: 0 0 %, local: 0 %
I1126 15:49:21.353020 1020209 Coordinator.h:126] commit: 84206 abort: 144794 (0/144794/0), network size: 0, avg network size: 0, si_in_serializable: 0 0 %, local: 0 %
I1126 15:49:22.353134 1020209 Coordinator.h:126] commit: 84693 abort: 145307 (0/145307/0), network size: 0, avg network size: 0, si_in_serializable: 0 0 %, local: 0 %
I1126 15:49:23.353250 1020209 Coordinator.h:126] commit: 84363 abort: 145637 (0/145637/0), network size: 0, avg network size: 0, si_in_serializable: 0 0 %, local: 0 %
I1126 15:49:24.353363 1020209 Coordinator.h:126] commit: 84799 abort: 145201 (0/145201/0), network size: 0, avg network size: 0, si_in_serializable: 0 0 %, local: 0 %
I1126 15:49:25.353478 1020209 Coordinator.h:126] commit: 84689 abort: 144862 (0/144862/0), network size: 0, avg network size: 0, si_in_serializable: 0 0 %, local: 0 %
I1126 15:49:25.353518 1020209 Coordinator.h:152] average commit: 84465.3 abort: 145235 (0/145235/0), network size: 0, avg network size: 0, si_in_serializable: 0 0 %, local: 0 %
I1126 15:49:25.353541 1020235 AriaExecutor.h:105] AriaExecutor 10 exits. 
I1126 15:49:25.353538 1020225 AriaExecutor.h:105] AriaExecutor 0 exits. 
I1126 15:49:25.353552 1020234 AriaExecutor.h:105] AriaExecutor 9 exits. 
I1126 15:49:25.353539 1020227 AriaExecutor.h:105] AriaExecutor 2 exits. 
I1126 15:49:25.353539 1020231 AriaExecutor.h:105] AriaExecutor 6 exits. 
I1126 15:49:25.353551 1020230 AriaExecutor.h:105] AriaExecutor 5 exits. 
I1126 15:49:25.353552 1020228 AriaExecutor.h:105] AriaExecutor 3 exits. 
I1126 15:49:25.353551 1020236 AriaExecutor.h:105] AriaExecutor 11 exits. 
I1126 15:49:25.353538 1020233 AriaExecutor.h:105] AriaExecutor 8 exits. 
I1126 15:49:25.353551 1020226 AriaExecutor.h:105] AriaExecutor 1 exits. 
I1126 15:49:25.353539 1020229 AriaExecutor.h:105] AriaExecutor 4 exits. 
I1126 15:49:25.353541 1020237 Manager.h:227] Manager(worker id = 12) on the coordinator node exits.
I1126 15:49:25.353551 1020232 AriaExecutor.h:105] AriaExecutor 7 exits. 
I1126 15:49:25.353526 1020209 AriaExecutor.h:672] Worker 0 latency: 3765 us (50%) 4026 us (75%) 4195 us (95%) 4262 us (99%).
I1126 15:49:25.362615 1020209 AriaExecutor.h:672] Worker 1 latency: 3768 us (50%) 4028 us (75%) 4196 us (95%) 4264 us (99%).
I1126 15:49:25.371491 1020209 AriaExecutor.h:672] Worker 2 latency: 3766 us (50%) 4026 us (75%) 4195 us (95%) 4261 us (99%).
I1126 15:49:25.380339 1020209 AriaExecutor.h:672] Worker 3 latency: 3771 us (50%) 4028 us (75%) 4196 us (95%) 4263 us (99%).
I1126 15:49:25.389135 1020209 AriaExecutor.h:672] Worker 4 latency: 3765 us (50%) 4026 us (75%) 4195 us (95%) 4263 us (99%).
I1126 15:49:25.397907 1020209 AriaExecutor.h:672] Worker 5 latency: 3768 us (50%) 4027 us (75%) 4196 us (95%) 4263 us (99%).
I1126 15:49:25.406798 1020209 AriaExecutor.h:672] Worker 6 latency: 3761 us (50%) 4024 us (75%) 4194 us (95%) 4261 us (99%).
I1126 15:49:25.415838 1020209 AriaExecutor.h:672] Worker 7 latency: 3771 us (50%) 4029 us (75%) 4195 us (95%) 4263 us (99%).
I1126 15:49:25.424654 1020209 AriaExecutor.h:672] Worker 8 latency: 3764 us (50%) 4026 us (75%) 4195 us (95%) 4262 us (99%).
I1126 15:49:25.433512 1020209 AriaExecutor.h:672] Worker 9 latency: 3771 us (50%) 4029 us (75%) 4195 us (95%) 4262 us (99%).
I1126 15:49:25.442332 1020209 AriaExecutor.h:672] Worker 10 latency: 3766 us (50%) 4027 us (75%) 4194 us (95%) 4262 us (99%).
I1126 15:49:25.451074 1020209 AriaExecutor.h:672] Worker 11 latency: 3770 us (50%) 4028 us (75%) 4196 us (95%) 4261 us (99%).
I1126 15:49:25.459901 1020209 Coordinator.h:177] total commit: 84465.3
I1126 15:49:26.460016 1020209 Coordinator.h:192] Coordinator exits.
