I0911 22:53:18.840605 2940147 Database.h:65] ycsb initialization finished in 197 milliseconds.
I0911 22:53:18.840718 2940147 Coordinator.h:30] Coordinator initializes 16 workers.
I0911 22:53:18.848654 2940147 Coordinator.h:77] Coordinator starts to run 17 workers.
I0911 22:53:18.848706 2940168 AriaExecutor.h:82] AriaExecutor 0 started. 
I0911 22:53:18.848737 2940169 AriaExecutor.h:82] AriaExecutor 1 started. 
I0911 22:53:18.848771 2940170 AriaExecutor.h:82] AriaExecutor 2 started. 
I0911 22:53:18.848834 2940171 AriaExecutor.h:82] AriaExecutor 3 started. 
I0911 22:53:18.848855 2940172 AriaExecutor.h:82] AriaExecutor 4 started. 
I0911 22:53:18.848901 2940173 AriaExecutor.h:82] AriaExecutor 5 started. 
I0911 22:53:18.848954 2940174 AriaExecutor.h:82] AriaExecutor 6 started. 
I0911 22:53:18.848987 2940175 AriaExecutor.h:82] AriaExecutor 7 started. 
I0911 22:53:18.849016 2940176 AriaExecutor.h:82] AriaExecutor 8 started. 
I0911 22:53:18.849063 2940177 AriaExecutor.h:82] AriaExecutor 9 started. 
I0911 22:53:18.849104 2940178 AriaExecutor.h:82] AriaExecutor 10 started. 
I0911 22:53:18.849148 2940179 AriaExecutor.h:82] AriaExecutor 11 started. 
I0911 22:53:18.849187 2940180 AriaExecutor.h:82] AriaExecutor 12 started. 
I0911 22:53:18.849233 2940181 AriaExecutor.h:82] AriaExecutor 13 started. 
I0911 22:53:18.849261 2940182 AriaExecutor.h:82] AriaExecutor 14 started. 
I0911 22:53:18.849306 2940183 AriaExecutor.h:82] AriaExecutor 15 started. 
I0911 22:53:18.849345 2940184 Manager.h:224] Manager(worker id = 16) on the coordinator node started.
I0911 22:53:19.849402 2940147 Coordinator.h:126] commit: 786470 abort: 329690 (0/329690/0), network size: 0, avg network size: 0, si_in_serializable: 0 0 %, local: 0 %
I0911 22:53:20.849524 2940147 Coordinator.h:126] commit: 776421 abort: 325403 (0/325403/0), network size: 0, avg network size: 0, si_in_serializable: 0 0 %, local: 0 %
I0911 22:53:21.849619 2940147 Coordinator.h:126] commit: 750447 abort: 315537 (0/315537/0), network size: 0, avg network size: 0, si_in_serializable: 0 0 %, local: 0 %
I0911 22:53:22.849709 2940147 Coordinator.h:126] commit: 765476 abort: 322012 (0/322012/0), network size: 0, avg network size: 0, si_in_serializable: 0 0 %, local: 0 %
I0911 22:53:23.849831 2940147 Coordinator.h:126] commit: 785159 abort: 329977 (0/329977/0), network size: 0, avg network size: 0, si_in_serializable: 0 0 %, local: 0 %
I0911 22:53:24.849924 2940147 Coordinator.h:126] commit: 778025 abort: 326871 (0/326871/0), network size: 0, avg network size: 0, si_in_serializable: 0 0 %, local: 0 %
I0911 22:53:25.850008 2940147 Coordinator.h:126] commit: 790465 abort: 331839 (0/331839/0), network size: 0, avg network size: 0, si_in_serializable: 0 0 %, local: 0 %
I0911 22:53:26.850085 2940147 Coordinator.h:126] commit: 792499 abort: 331853 (0/331853/0), network size: 0, avg network size: 0, si_in_serializable: 0 0 %, local: 0 %
I0911 22:53:27.850152 2940147 Coordinator.h:126] commit: 791235 abort: 334141 (0/334141/0), network size: 0, avg network size: 0, si_in_serializable: 0 0 %, local: 0 %
I0911 22:53:28.850221 2940147 Coordinator.h:126] commit: 778584 abort: 327336 (0/327336/0), network size: 0, avg network size: 0, si_in_serializable: 0 0 %, local: 0 %
I0911 22:53:29.850306 2940147 Coordinator.h:126] commit: 753661 abort: 317480 (0/317480/0), network size: 0, avg network size: 0, si_in_serializable: 0 0 %, local: 0 %
I0911 22:53:30.850382 2940147 Coordinator.h:126] commit: 769536 abort: 322010 (0/322010/0), network size: 0, avg network size: 0, si_in_serializable: 0 0 %, local: 0 %
I0911 22:53:31.850467 2940147 Coordinator.h:126] commit: 791830 abort: 332522 (0/332522/0), network size: 0, avg network size: 0, si_in_serializable: 0 0 %, local: 0 %
I0911 22:53:32.850557 2940147 Coordinator.h:126] commit: 780915 abort: 328077 (0/328077/0), network size: 0, avg network size: 0, si_in_serializable: 0 0 %, local: 0 %
I0911 22:53:33.850666 2940147 Coordinator.h:126] commit: 791659 abort: 332693 (0/332693/0), network size: 0, avg network size: 0, si_in_serializable: 0 0 %, local: 0 %
I0911 22:53:34.850764 2940147 Coordinator.h:126] commit: 790429 abort: 331875 (0/331875/0), network size: 0, avg network size: 0, si_in_serializable: 0 0 %, local: 0 %
I0911 22:53:35.850836 2940147 Coordinator.h:126] commit: 791814 abort: 332538 (0/332538/0), network size: 0, avg network size: 0, si_in_serializable: 0 0 %, local: 0 %
I0911 22:53:36.850914 2940147 Coordinator.h:126] commit: 790554 abort: 333798 (0/333798/0), network size: 0, avg network size: 0, si_in_serializable: 0 0 %, local: 0 %
I0911 22:53:37.850986 2940147 Coordinator.h:126] commit: 791093 abort: 332235 (0/332235/0), network size: 0, avg network size: 0, si_in_serializable: 0 0 %, local: 0 %
I0911 22:53:38.851061 2940147 Coordinator.h:126] commit: 792732 abort: 331620 (0/331620/0), network size: 0, avg network size: 0, si_in_serializable: 0 0 %, local: 0 %
I0911 22:53:39.851140 2940147 Coordinator.h:126] commit: 792101 abort: 333275 (0/333275/0), network size: 0, avg network size: 0, si_in_serializable: 0 0 %, local: 0 %
I0911 22:53:40.851215 2940147 Coordinator.h:126] commit: 710434 abort: 298206 (0/298206/0), network size: 0, avg network size: 0, si_in_serializable: 0 0 %, local: 0 %
I0911 22:53:41.851300 2940147 Coordinator.h:126] commit: 791443 abort: 331885 (0/331885/0), network size: 0, avg network size: 0, si_in_serializable: 0 0 %, local: 0 %
I0911 22:53:42.851393 2940147 Coordinator.h:126] commit: 777099 abort: 325749 (0/325749/0), network size: 0, avg network size: 0, si_in_serializable: 0 0 %, local: 0 %
I0911 22:53:43.851480 2940147 Coordinator.h:126] commit: 792166 abort: 332186 (0/332186/0), network size: 0, avg network size: 0, si_in_serializable: 0 0 %, local: 0 %
I0911 22:53:43.851500 2940147 Coordinator.h:152] average commit: 784422 abort: 329485 (0/329485/0), network size: 0, avg network size: 0, si_in_serializable: 0 0 %, local: 0 %
I0911 22:53:43.851956 2940176 AriaExecutor.h:94] AriaExecutor 8 exits. 
I0911 22:53:43.851958 2940168 AriaExecutor.h:94] AriaExecutor 0 exits. 
I0911 22:53:43.851975 2940181 AriaExecutor.h:94] AriaExecutor 13 exits. 
I0911 22:53:43.851960 2940174 AriaExecutor.h:94] AriaExecutor 6 exits. 
I0911 22:53:43.851959 2940172 AriaExecutor.h:94] AriaExecutor 4 exits. 
I0911 22:53:43.851975 2940179 AriaExecutor.h:94] AriaExecutor 11 exits. 
I0911 22:53:43.851975 2940173 AriaExecutor.h:94] AriaExecutor 5 exits. 
I0911 22:53:43.851961 2940182 AriaExecutor.h:94] AriaExecutor 14 exits. 
I0911 22:53:43.851975 2940183 AriaExecutor.h:94] AriaExecutor 15 exits. 
I0911 22:53:43.851958 2940184 Manager.h:227] Manager(worker id = 16) on the coordinator node exits.
I0911 22:53:43.851975 2940177 AriaExecutor.h:94] AriaExecutor 9 exits. 
I0911 22:53:43.851960 2940178 AriaExecutor.h:94] AriaExecutor 10 exits. 
I0911 22:53:43.851975 2940171 AriaExecutor.h:94] AriaExecutor 3 exits. 
I0911 22:53:43.851962 2940170 AriaExecutor.h:94] AriaExecutor 2 exits. 
I0911 22:53:43.851960 2940180 AriaExecutor.h:94] AriaExecutor 12 exits. 
I0911 22:53:43.851975 2940175 AriaExecutor.h:94] AriaExecutor 7 exits. 
I0911 22:53:43.851975 2940169 AriaExecutor.h:94] AriaExecutor 1 exits. 
I0911 22:53:43.851507 2940147 AriaExecutor.h:535] Worker 0 latency: 616 us (50%) 757 us (75%) 853 us (95%) 875 us (99%).
I0911 22:53:43.899789 2940147 AriaExecutor.h:535] Worker 1 latency: 615 us (50%) 756 us (75%) 852 us (95%) 875 us (99%).
I0911 22:53:43.948046 2940147 AriaExecutor.h:535] Worker 2 latency: 619 us (50%) 758 us (75%) 853 us (95%) 875 us (99%).
I0911 22:53:43.995950 2940147 AriaExecutor.h:535] Worker 3 latency: 616 us (50%) 756 us (75%) 852 us (95%) 875 us (99%).
I0911 22:53:44.043680 2940147 AriaExecutor.h:535] Worker 4 latency: 618 us (50%) 758 us (75%) 853 us (95%) 876 us (99%).
I0911 22:53:44.091275 2940147 AriaExecutor.h:535] Worker 5 latency: 615 us (50%) 756 us (75%) 852 us (95%) 875 us (99%).
I0911 22:53:44.139258 2940147 AriaExecutor.h:535] Worker 6 latency: 618 us (50%) 758 us (75%) 853 us (95%) 875 us (99%).
I0911 22:53:44.187304 2940147 AriaExecutor.h:535] Worker 7 latency: 615 us (50%) 756 us (75%) 852 us (95%) 874 us (99%).
I0911 22:53:44.235975 2940147 AriaExecutor.h:535] Worker 8 latency: 613 us (50%) 755 us (75%) 852 us (95%) 875 us (99%).
I0911 22:53:44.283308 2940147 AriaExecutor.h:535] Worker 9 latency: 612 us (50%) 754 us (75%) 852 us (95%) 875 us (99%).
I0911 22:53:44.330852 2940147 AriaExecutor.h:535] Worker 10 latency: 617 us (50%) 757 us (75%) 852 us (95%) 875 us (99%).
I0911 22:53:44.378413 2940147 AriaExecutor.h:535] Worker 11 latency: 614 us (50%) 755 us (75%) 852 us (95%) 875 us (99%).
I0911 22:53:44.426723 2940147 AriaExecutor.h:535] Worker 12 latency: 615 us (50%) 756 us (75%) 852 us (95%) 875 us (99%).
I0911 22:53:44.474299 2940147 AriaExecutor.h:535] Worker 13 latency: 612 us (50%) 754 us (75%) 851 us (95%) 874 us (99%).
I0911 22:53:44.521883 2940147 AriaExecutor.h:535] Worker 14 latency: 616 us (50%) 756 us (75%) 852 us (95%) 875 us (99%).
I0911 22:53:44.570528 2940147 AriaExecutor.h:535] Worker 15 latency: 614 us (50%) 754 us (75%) 851 us (95%) 874 us (99%).
I0911 22:53:44.620007 2940147 Coordinator.h:177] total commit: 784422
I0911 22:53:45.620117 2940147 Coordinator.h:192] Coordinator exits.
