I1126 15:49:52.760902 1020771 Database.h:65] ycsb initialization finished in 30 milliseconds.
I1126 15:49:52.760993 1020771 Coordinator.h:30] Coordinator initializes 12 workers.
I1126 15:49:52.768739 1020771 Coordinator.h:77] Coordinator starts to run 13 workers.
I1126 15:49:52.768816 1020788 AriaExecutor.h:93] AriaExecutor 0 started. 
I1126 15:49:52.768841 1020789 AriaExecutor.h:93] AriaExecutor 1 started. 
I1126 15:49:52.768887 1020790 AriaExecutor.h:93] AriaExecutor 2 started. 
I1126 15:49:52.768934 1020791 AriaExecutor.h:93] AriaExecutor 3 started. 
I1126 15:49:52.768970 1020792 AriaExecutor.h:93] AriaExecutor 4 started. 
I1126 15:49:52.769004 1020793 AriaExecutor.h:93] AriaExecutor 5 started. 
I1126 15:49:52.769042 1020794 AriaExecutor.h:93] AriaExecutor 6 started. 
I1126 15:49:52.769085 1020795 AriaExecutor.h:93] AriaExecutor 7 started. 
I1126 15:49:52.769119 1020796 AriaExecutor.h:93] AriaExecutor 8 started. 
I1126 15:49:52.769162 1020797 AriaExecutor.h:93] AriaExecutor 9 started. 
I1126 15:49:52.769196 1020798 AriaExecutor.h:93] AriaExecutor 10 started. 
I1126 15:49:52.769234 1020799 AriaExecutor.h:93] AriaExecutor 11 started. 
I1126 15:49:52.769268 1020800 Manager.h:224] Manager(worker id = 12) on the coordinator node started.
I1126 15:49:53.769323 1020771 Coordinator.h:126] commit: 712551 abort: 19449 (0/19449/0), network size: 0, avg network size: 0, si_in_serializable: 0 0 %, local: 0 %
I1126 15:49:54.769428 1020771 Coordinator.h:126] commit: 703714 abort: 19286 (0/19286/0), network size: 0, avg network size: 0, si_in_serializable: 0 0 %, local: 0 %
I1126 15:49:55.769546 1020771 Coordinator.h:126] commit: 712332 abort: 19668 (0/19668/0), network size: 0, avg network size: 0, si_in_serializable: 0 0 %, local: 0 %
I1126 15:49:56.769647 1020771 Coordinator.h:126] commit: 717506 abort: 19494 (0/19494/0), network size: 0, avg network size: 0, si_in_serializable: 0 0 %, local: 0 %
I1126 15:49:57.769745 1020771 Coordinator.h:126] commit: 711375 abort: 19625 (0/19625/0), network size: 0, avg network size: 0, si_in_serializable: 0 0 %, local: 0 %
I1126 15:49:58.769845 1020771 Coordinator.h:126] commit: 711660 abort: 19340 (0/19340/0), network size: 0, avg network size: 0, si_in_serializable: 0 0 %, local: 0 %
I1126 15:49:59.769954 1020771 Coordinator.h:126] commit: 714519 abort: 19481 (0/19481/0), network size: 0, avg network size: 0, si_in_serializable: 0 0 %, local: 0 %
I1126 15:50:00.770058 1020771 Coordinator.h:126] commit: 716468 abort: 19532 (0/19532/0), network size: 0, avg network size: 0, si_in_serializable: 0 0 %, local: 0 %
I1126 15:50:01.770175 1020771 Coordinator.h:126] commit: 699007 abort: 18993 (0/18993/0), network size: 0, avg network size: 0, si_in_serializable: 0 0 %, local: 0 %
I1126 15:50:02.770274 1020771 Coordinator.h:126] commit: 716546 abort: 19454 (0/19454/0), network size: 0, avg network size: 0, si_in_serializable: 0 0 %, local: 0 %
I1126 15:50:03.770324 1020771 Coordinator.h:126] commit: 718560 abort: 19440 (0/19440/0), network size: 0, avg network size: 0, si_in_serializable: 0 0 %, local: 0 %
I1126 15:50:04.770424 1020771 Coordinator.h:126] commit: 717361 abort: 19639 (0/19639/0), network size: 0, avg network size: 0, si_in_serializable: 0 0 %, local: 0 %
I1126 15:50:05.770525 1020771 Coordinator.h:126] commit: 718456 abort: 19544 (0/19544/0), network size: 0, avg network size: 0, si_in_serializable: 0 0 %, local: 0 %
I1126 15:50:06.770627 1020771 Coordinator.h:126] commit: 715373 abort: 19627 (0/19627/0), network size: 0, avg network size: 0, si_in_serializable: 0 0 %, local: 0 %
I1126 15:50:07.770733 1020771 Coordinator.h:126] commit: 708644 abort: 19323 (0/19323/0), network size: 0, avg network size: 0, si_in_serializable: 0 0 %, local: 0 %
I1126 15:50:08.770855 1020771 Coordinator.h:126] commit: 715360 abort: 19673 (0/19673/0), network size: 0, avg network size: 0, si_in_serializable: 0 0 %, local: 0 %
I1126 15:50:09.770961 1020771 Coordinator.h:126] commit: 717503 abort: 19497 (0/19497/0), network size: 0, avg network size: 0, si_in_serializable: 0 0 %, local: 0 %
I1126 15:50:10.771059 1020771 Coordinator.h:126] commit: 673323 abort: 18677 (0/18677/0), network size: 0, avg network size: 0, si_in_serializable: 0 0 %, local: 0 %
I1126 15:50:11.771153 1020771 Coordinator.h:126] commit: 718468 abort: 19532 (0/19532/0), network size: 0, avg network size: 0, si_in_serializable: 0 0 %, local: 0 %
I1126 15:50:12.771250 1020771 Coordinator.h:126] commit: 717377 abort: 19623 (0/19623/0), network size: 0, avg network size: 0, si_in_serializable: 0 0 %, local: 0 %
I1126 15:50:13.771344 1020771 Coordinator.h:126] commit: 717175 abort: 19825 (0/19825/0), network size: 0, avg network size: 0, si_in_serializable: 0 0 %, local: 0 %
I1126 15:50:14.771441 1020771 Coordinator.h:126] commit: 718329 abort: 19671 (0/19671/0), network size: 0, avg network size: 0, si_in_serializable: 0 0 %, local: 0 %
I1126 15:50:15.771534 1020771 Coordinator.h:126] commit: 716416 abort: 19584 (0/19584/0), network size: 0, avg network size: 0, si_in_serializable: 0 0 %, local: 0 %
I1126 15:50:16.771631 1020771 Coordinator.h:126] commit: 718131 abort: 19869 (0/19869/0), network size: 0, avg network size: 0, si_in_serializable: 0 0 %, local: 0 %
I1126 15:50:17.771725 1020771 Coordinator.h:126] commit: 716387 abort: 19613 (0/19613/0), network size: 0, avg network size: 0, si_in_serializable: 0 0 %, local: 0 %
I1126 15:50:17.771755 1020771 Coordinator.h:152] average commit: 712042 abort: 19457.5 (0/19457.5/0), network size: 0, avg network size: 0, si_in_serializable: 0 0 %, local: 0 %
I1126 15:50:17.771816 1020790 AriaExecutor.h:105] AriaExecutor 2 exits. 
I1126 15:50:17.771824 1020796 AriaExecutor.h:105] AriaExecutor 8 exits. 
I1126 15:50:17.771821 1020788 AriaExecutor.h:105] AriaExecutor 0 exits. 
I1126 15:50:17.771821 1020798 AriaExecutor.h:105] AriaExecutor 10 exits. 
I1126 15:50:17.771829 1020795 AriaExecutor.h:105] AriaExecutor 7 exits. 
I1126 15:50:17.771819 1020792 AriaExecutor.h:105] AriaExecutor 4 exits. 
I1126 15:50:17.771819 1020794 AriaExecutor.h:105] AriaExecutor 6 exits. 
I1126 15:50:17.771821 1020800 Manager.h:227] Manager(worker id = 12) on the coordinator node exits.
I1126 15:50:17.771829 1020791 AriaExecutor.h:105] AriaExecutor 3 exits. 
I1126 15:50:17.771829 1020799 AriaExecutor.h:105] AriaExecutor 11 exits. 
I1126 15:50:17.771829 1020789 AriaExecutor.h:105] AriaExecutor 1 exits. 
I1126 15:50:17.771831 1020793 AriaExecutor.h:105] AriaExecutor 5 exits. 
I1126 15:50:17.771829 1020797 AriaExecutor.h:105] AriaExecutor 9 exits. 
I1126 15:50:17.771765 1020771 AriaExecutor.h:672] Worker 0 latency: 888 us (50%) 1091 us (75%) 1252 us (95%) 1287 us (99%).
I1126 15:50:17.834086 1020771 AriaExecutor.h:672] Worker 1 latency: 886 us (50%) 1089 us (75%) 1252 us (95%) 1286 us (99%).
I1126 15:50:17.896047 1020771 AriaExecutor.h:672] Worker 2 latency: 889 us (50%) 1091 us (75%) 1253 us (95%) 1287 us (99%).
I1126 15:50:17.957778 1020771 AriaExecutor.h:672] Worker 3 latency: 887 us (50%) 1090 us (75%) 1252 us (95%) 1287 us (99%).
I1126 15:50:18.021572 1020771 AriaExecutor.h:672] Worker 4 latency: 890 us (50%) 1092 us (75%) 1253 us (95%) 1287 us (99%).
I1126 15:50:18.082954 1020771 AriaExecutor.h:672] Worker 5 latency: 886 us (50%) 1089 us (75%) 1252 us (95%) 1286 us (99%).
I1126 15:50:18.146176 1020771 AriaExecutor.h:672] Worker 6 latency: 891 us (50%) 1092 us (75%) 1253 us (95%) 1288 us (99%).
I1126 15:50:18.207398 1020771 AriaExecutor.h:672] Worker 7 latency: 889 us (50%) 1091 us (75%) 1252 us (95%) 1286 us (99%).
I1126 15:50:18.268715 1020771 AriaExecutor.h:672] Worker 8 latency: 890 us (50%) 1092 us (75%) 1253 us (95%) 1288 us (99%).
I1126 15:50:18.329095 1020771 AriaExecutor.h:672] Worker 9 latency: 888 us (50%) 1090 us (75%) 1252 us (95%) 1286 us (99%).
I1126 15:50:18.391060 1020771 AriaExecutor.h:672] Worker 10 latency: 890 us (50%) 1092 us (75%) 1253 us (95%) 1288 us (99%).
I1126 15:50:18.452435 1020771 AriaExecutor.h:672] Worker 11 latency: 889 us (50%) 1091 us (75%) 1252 us (95%) 1286 us (99%).
I1126 15:50:18.513936 1020771 Coordinator.h:177] total commit: 712042
I1126 15:50:19.514047 1020771 Coordinator.h:192] Coordinator exits.
