I1126 18:18:14.603070 1074736 Database.h:65] ycsb initialization finished in 30 milliseconds.
I1126 18:18:14.603169 1074736 Coordinator.h:30] Coordinator initializes 12 workers.
I1126 18:18:14.610170 1074736 Coordinator.h:77] Coordinator starts to run 13 workers.
I1126 18:18:14.610258 1074752 AriaExecutor.h:91] AriaExecutor 0 started. 
I1126 18:18:14.610276 1074753 AriaExecutor.h:91] AriaExecutor 1 started. 
I1126 18:18:14.610342 1074754 AriaExecutor.h:91] AriaExecutor 2 started. 
I1126 18:18:14.610379 1074755 AriaExecutor.h:91] AriaExecutor 3 started. 
I1126 18:18:14.610414 1074756 AriaExecutor.h:91] AriaExecutor 4 started. 
I1126 18:18:14.610450 1074757 AriaExecutor.h:91] AriaExecutor 5 started. 
I1126 18:18:14.610491 1074758 AriaExecutor.h:91] AriaExecutor 6 started. 
I1126 18:18:14.610515 1074759 AriaExecutor.h:91] AriaExecutor 7 started. 
I1126 18:18:14.610570 1074760 AriaExecutor.h:91] AriaExecutor 8 started. 
I1126 18:18:14.610585 1074761 AriaExecutor.h:91] AriaExecutor 9 started. 
I1126 18:18:14.610633 1074762 AriaExecutor.h:91] AriaExecutor 10 started. 
I1126 18:18:14.610653 1074763 AriaExecutor.h:91] AriaExecutor 11 started. 
I1126 18:18:14.610690 1074764 Manager.h:224] Manager(worker id = 12) on the coordinator node started.
I1126 18:18:15.610744 1074736 Coordinator.h:126] commit: 398925 abort: 1041075 (0/1041075/0), network size: 0, avg network size: 0, si_in_serializable: 0 0 %, local: 0 %
I1126 18:18:16.610867 1074736 Coordinator.h:126] commit: 396614 abort: 1033386 (0/1033386/0), network size: 0, avg network size: 0, si_in_serializable: 0 0 %, local: 0 %
I1126 18:18:17.611017 1074736 Coordinator.h:126] commit: 401569 abort: 1048431 (0/1048431/0), network size: 0, avg network size: 0, si_in_serializable: 0 0 %, local: 0 %
I1126 18:18:18.611117 1074736 Coordinator.h:126] commit: 402018 abort: 1047982 (0/1047982/0), network size: 0, avg network size: 0, si_in_serializable: 0 0 %, local: 0 %
I1126 18:18:19.611198 1074736 Coordinator.h:126] commit: 404125 abort: 1055875 (0/1055875/0), network size: 0, avg network size: 0, si_in_serializable: 0 0 %, local: 0 %
I1126 18:18:20.611279 1074736 Coordinator.h:126] commit: 398941 abort: 1041059 (0/1041059/0), network size: 0, avg network size: 0, si_in_serializable: 0 0 %, local: 0 %
I1126 18:18:21.611387 1074736 Coordinator.h:126] commit: 404221 abort: 1051579 (0/1051579/0), network size: 0, avg network size: 0, si_in_serializable: 0 0 %, local: 0 %
I1126 18:18:22.611467 1074736 Coordinator.h:126] commit: 398999 abort: 1045201 (0/1045201/0), network size: 0, avg network size: 0, si_in_serializable: 0 0 %, local: 0 %
I1126 18:18:23.611550 1074736 Coordinator.h:126] commit: 404856 abort: 1055144 (0/1055144/0), network size: 0, avg network size: 0, si_in_serializable: 0 0 %, local: 0 %
I1126 18:18:24.611626 1074736 Coordinator.h:126] commit: 403675 abort: 1056325 (0/1056325/0), network size: 0, avg network size: 0, si_in_serializable: 0 0 %, local: 0 %
I1126 18:18:25.611704 1074736 Coordinator.h:126] commit: 404203 abort: 1055797 (0/1055797/0), network size: 0, avg network size: 0, si_in_serializable: 0 0 %, local: 0 %
I1126 18:18:26.611776 1074736 Coordinator.h:126] commit: 404375 abort: 1055625 (0/1055625/0), network size: 0, avg network size: 0, si_in_serializable: 0 0 %, local: 0 %
I1126 18:18:27.611853 1074736 Coordinator.h:126] commit: 401198 abort: 1048802 (0/1048802/0), network size: 0, avg network size: 0, si_in_serializable: 0 0 %, local: 0 %
I1126 18:18:28.611948 1074736 Coordinator.h:126] commit: 398598 abort: 1041402 (0/1041402/0), network size: 0, avg network size: 0, si_in_serializable: 0 0 %, local: 0 %
I1126 18:18:29.612030 1074736 Coordinator.h:126] commit: 404856 abort: 1055144 (0/1055144/0), network size: 0, avg network size: 0, si_in_serializable: 0 0 %, local: 0 %
I1126 18:18:30.612104 1074736 Coordinator.h:126] commit: 393089 abort: 1026911 (0/1026911/0), network size: 0, avg network size: 0, si_in_serializable: 0 0 %, local: 0 %
I1126 18:18:31.612186 1074736 Coordinator.h:126] commit: 401907 abort: 1048093 (0/1048093/0), network size: 0, avg network size: 0, si_in_serializable: 0 0 %, local: 0 %
I1126 18:18:32.612260 1074736 Coordinator.h:126] commit: 405311 abort: 1054689 (0/1054689/0), network size: 0, avg network size: 0, si_in_serializable: 0 0 %, local: 0 %
I1126 18:18:33.612334 1074736 Coordinator.h:126] commit: 404461 abort: 1055539 (0/1055539/0), network size: 0, avg network size: 0, si_in_serializable: 0 0 %, local: 0 %
I1126 18:18:34.612409 1074736 Coordinator.h:126] commit: 402802 abort: 1049211 (0/1049211/0), network size: 0, avg network size: 0, si_in_serializable: 0 0 %, local: 0 %
I1126 18:18:35.612480 1074736 Coordinator.h:126] commit: 405769 abort: 1061793 (0/1061793/0), network size: 0, avg network size: 0, si_in_serializable: 0 0 %, local: 0 %
I1126 18:18:36.612552 1074736 Coordinator.h:126] commit: 402268 abort: 1048157 (0/1048157/0), network size: 0, avg network size: 0, si_in_serializable: 0 0 %, local: 0 %
I1126 18:18:37.612625 1074736 Coordinator.h:126] commit: 404377 abort: 1055623 (0/1055623/0), network size: 0, avg network size: 0, si_in_serializable: 0 0 %, local: 0 %
I1126 18:18:38.612699 1074736 Coordinator.h:126] commit: 401658 abort: 1048342 (0/1048342/0), network size: 0, avg network size: 0, si_in_serializable: 0 0 %, local: 0 %
I1126 18:18:39.612772 1074736 Coordinator.h:126] commit: 404410 abort: 1055590 (0/1055590/0), network size: 0, avg network size: 0, si_in_serializable: 0 0 %, local: 0 %
I1126 18:18:39.612782 1074736 Coordinator.h:152] average commit: 402080 abort: 1.04912e+06 (0/1.04912e+06/0), network size: 0, avg network size: 0, si_in_serializable: 0 0 %, local: 0 %
I1126 18:18:39.615636 1074755 AriaExecutor.h:103] AriaExecutor 3 exits. 
I1126 18:18:39.615644 1074752 AriaExecutor.h:103] AriaExecutor 0 exits. 
I1126 18:18:39.615664 1074763 AriaExecutor.h:103] AriaExecutor 11 exits. 
I1126 18:18:39.615671 1074764 Manager.h:227] Manager(worker id = 12) on the coordinator node exits.
I1126 18:18:39.615661 1074757 AriaExecutor.h:103] AriaExecutor 5 exits. 
I1126 18:18:39.615657 1074762 AriaExecutor.h:103] AriaExecutor 10 exits. 
I1126 18:18:39.615650 1074753 AriaExecutor.h:103] AriaExecutor 1 exits. 
I1126 18:18:39.615658 1074756 AriaExecutor.h:103] AriaExecutor 4 exits. 
I1126 18:18:39.615656 1074760 AriaExecutor.h:103] AriaExecutor 8 exits. 
I1126 18:18:39.615638 1074761 AriaExecutor.h:103] AriaExecutor 9 exits. 
I1126 18:18:39.615638 1074759 AriaExecutor.h:103] AriaExecutor 7 exits. 
I1126 18:18:39.615656 1074758 AriaExecutor.h:103] AriaExecutor 6 exits. 
I1126 18:18:39.615657 1074754 AriaExecutor.h:103] AriaExecutor 2 exits. 
I1126 18:18:39.612792 1074736 AriaExecutor.h:621] Worker 0 latency: 5879 us (50%) 6262 us (75%) 6470 us (95%) 6569 us (99%).
I1126 18:18:39.654322 1074736 AriaExecutor.h:621] Worker 1 latency: 5879 us (50%) 6261 us (75%) 6469 us (95%) 6565 us (99%).
I1126 18:18:39.691802 1074736 AriaExecutor.h:621] Worker 2 latency: 5888 us (50%) 6266 us (75%) 6470 us (95%) 6566 us (99%).
I1126 18:18:39.733494 1074736 AriaExecutor.h:621] Worker 3 latency: 5875 us (50%) 6259 us (75%) 6468 us (95%) 6564 us (99%).
I1126 18:18:39.770673 1074736 AriaExecutor.h:621] Worker 4 latency: 5879 us (50%) 6261 us (75%) 6468 us (95%) 6565 us (99%).
I1126 18:18:39.811837 1074736 AriaExecutor.h:621] Worker 5 latency: 5881 us (50%) 6261 us (75%) 6468 us (95%) 6564 us (99%).
I1126 18:18:39.848616 1074736 AriaExecutor.h:621] Worker 6 latency: 5886 us (50%) 6263 us (75%) 6468 us (95%) 6567 us (99%).
I1126 18:18:39.890341 1074736 AriaExecutor.h:621] Worker 7 latency: 5879 us (50%) 6260 us (75%) 6467 us (95%) 6564 us (99%).
I1126 18:18:39.927240 1074736 AriaExecutor.h:621] Worker 8 latency: 5879 us (50%) 6260 us (75%) 6467 us (95%) 6563 us (99%).
I1126 18:18:39.967964 1074736 AriaExecutor.h:621] Worker 9 latency: 5878 us (50%) 6259 us (75%) 6468 us (95%) 6566 us (99%).
I1126 18:18:40.005065 1074736 AriaExecutor.h:621] Worker 10 latency: 5886 us (50%) 6263 us (75%) 6469 us (95%) 6565 us (99%).
I1126 18:18:40.045717 1074736 AriaExecutor.h:621] Worker 11 latency: 5876 us (50%) 6258 us (75%) 6467 us (95%) 6564 us (99%).
I1126 18:18:40.082342 1074736 Coordinator.h:177] total commit: 402080
I1126 18:18:41.082479 1074736 Coordinator.h:192] Coordinator exits.
