I1126 14:07:15.868790 957376 Database.h:65] ycsb initialization finished in 30 milliseconds.
I1126 14:07:15.868893 957376 Coordinator.h:30] Coordinator initializes 12 workers.
I1126 14:07:15.875828 957376 Coordinator.h:77] Coordinator starts to run 13 workers.
I1126 14:07:15.875900 957392 AriaExecutor.h:91] AriaExecutor 0 started. 
I1126 14:07:15.875923 957393 AriaExecutor.h:91] AriaExecutor 1 started. 
I1126 14:07:15.875972 957394 AriaExecutor.h:91] AriaExecutor 2 started. 
I1126 14:07:15.876011 957395 AriaExecutor.h:91] AriaExecutor 3 started. 
I1126 14:07:15.876035 957396 AriaExecutor.h:91] AriaExecutor 4 started. 
I1126 14:07:15.876075 957397 AriaExecutor.h:91] AriaExecutor 5 started. 
I1126 14:07:15.876109 957398 AriaExecutor.h:91] AriaExecutor 6 started. 
I1126 14:07:15.876142 957399 AriaExecutor.h:91] AriaExecutor 7 started. 
I1126 14:07:15.876175 957400 AriaExecutor.h:91] AriaExecutor 8 started. 
I1126 14:07:15.876211 957401 AriaExecutor.h:91] AriaExecutor 9 started. 
I1126 14:07:15.876238 957402 AriaExecutor.h:91] AriaExecutor 10 started. 
I1126 14:07:15.876274 957403 AriaExecutor.h:91] AriaExecutor 11 started. 
I1126 14:07:15.876303 957404 Manager.h:224] Manager(worker id = 12) on the coordinator node started.
I1126 14:07:16.876361 957376 Coordinator.h:126] commit: 954049 abort: 335951 (0/335951/0), network size: 0, avg network size: 0, si_in_serializable: 0 0 %, local: 0 %
I1126 14:07:17.876479 957376 Coordinator.h:126] commit: 954942 abort: 335058 (0/335058/0), network size: 0, avg network size: 0, si_in_serializable: 0 0 %, local: 0 %
I1126 14:07:18.876606 957376 Coordinator.h:126] commit: 961185 abort: 338815 (0/338815/0), network size: 0, avg network size: 0, si_in_serializable: 0 0 %, local: 0 %
I1126 14:07:19.876714 957376 Coordinator.h:126] commit: 962377 abort: 337623 (0/337623/0), network size: 0, avg network size: 0, si_in_serializable: 0 0 %, local: 0 %
I1126 14:07:20.876823 957376 Coordinator.h:126] commit: 968884 abort: 341116 (0/341116/0), network size: 0, avg network size: 0, si_in_serializable: 0 0 %, local: 0 %
I1126 14:07:21.876933 957376 Coordinator.h:126] commit: 962312 abort: 337688 (0/337688/0), network size: 0, avg network size: 0, si_in_serializable: 0 0 %, local: 0 %
I1126 14:07:22.877061 957376 Coordinator.h:126] commit: 947672 abort: 332328 (0/332328/0), network size: 0, avg network size: 0, si_in_serializable: 0 0 %, local: 0 %
I1126 14:07:23.877179 957376 Coordinator.h:126] commit: 969519 abort: 340481 (0/340481/0), network size: 0, avg network size: 0, si_in_serializable: 0 0 %, local: 0 %
I1126 14:07:24.877278 957376 Coordinator.h:126] commit: 969412 abort: 340588 (0/340588/0), network size: 0, avg network size: 0, si_in_serializable: 0 0 %, local: 0 %
I1126 14:07:25.877388 957376 Coordinator.h:126] commit: 969373 abort: 340627 (0/340627/0), network size: 0, avg network size: 0, si_in_serializable: 0 0 %, local: 0 %
I1126 14:07:26.877489 957376 Coordinator.h:126] commit: 969260 abort: 340740 (0/340740/0), network size: 0, avg network size: 0, si_in_serializable: 0 0 %, local: 0 %
I1126 14:07:27.877596 957376 Coordinator.h:126] commit: 968735 abort: 341265 (0/341265/0), network size: 0, avg network size: 0, si_in_serializable: 0 0 %, local: 0 %
I1126 14:07:28.877705 957376 Coordinator.h:126] commit: 969971 abort: 340029 (0/340029/0), network size: 0, avg network size: 0, si_in_serializable: 0 0 %, local: 0 %
I1126 14:07:29.877820 957376 Coordinator.h:126] commit: 940313 abort: 329687 (0/329687/0), network size: 0, avg network size: 0, si_in_serializable: 0 0 %, local: 0 %
I1126 14:07:30.877933 957376 Coordinator.h:126] commit: 962510 abort: 337490 (0/337490/0), network size: 0, avg network size: 0, si_in_serializable: 0 0 %, local: 0 %
I1126 14:07:31.878038 957376 Coordinator.h:126] commit: 969885 abort: 340115 (0/340115/0), network size: 0, avg network size: 0, si_in_serializable: 0 0 %, local: 0 %
I1126 14:07:32.878157 957376 Coordinator.h:126] commit: 953160 abort: 336840 (0/336840/0), network size: 0, avg network size: 0, si_in_serializable: 0 0 %, local: 0 %
I1126 14:07:33.878264 957376 Coordinator.h:126] commit: 969889 abort: 340111 (0/340111/0), network size: 0, avg network size: 0, si_in_serializable: 0 0 %, local: 0 %
I1126 14:07:34.878332 957376 Coordinator.h:126] commit: 961072 abort: 338928 (0/338928/0), network size: 0, avg network size: 0, si_in_serializable: 0 0 %, local: 0 %
I1126 14:07:35.878429 957376 Coordinator.h:126] commit: 968821 abort: 341179 (0/341179/0), network size: 0, avg network size: 0, si_in_serializable: 0 0 %, local: 0 %
I1126 14:07:36.878538 957376 Coordinator.h:126] commit: 969527 abort: 340473 (0/340473/0), network size: 0, avg network size: 0, si_in_serializable: 0 0 %, local: 0 %
I1126 14:07:37.878648 957376 Coordinator.h:126] commit: 961894 abort: 338106 (0/338106/0), network size: 0, avg network size: 0, si_in_serializable: 0 0 %, local: 0 %
I1126 14:07:38.878758 957376 Coordinator.h:126] commit: 970112 abort: 339888 (0/339888/0), network size: 0, avg network size: 0, si_in_serializable: 0 0 %, local: 0 %
I1126 14:07:39.878862 957376 Coordinator.h:126] commit: 962054 abort: 337946 (0/337946/0), network size: 0, avg network size: 0, si_in_serializable: 0 0 %, local: 0 %
I1126 14:07:40.878971 957376 Coordinator.h:126] commit: 969505 abort: 340495 (0/340495/0), network size: 0, avg network size: 0, si_in_serializable: 0 0 %, local: 0 %
I1126 14:07:40.879009 957376 Coordinator.h:152] average commit: 963362 abort: 338638 (0/338638/0), network size: 0, avg network size: 0, si_in_serializable: 0 0 %, local: 0 %
I1126 14:07:40.883967 957398 AriaExecutor.h:103] AriaExecutor 6 exits. 
I1126 14:07:40.883976 957402 AriaExecutor.h:103] AriaExecutor 10 exits. 
I1126 14:07:40.883968 957394 AriaExecutor.h:103] AriaExecutor 2 exits. 
I1126 14:07:40.883968 957392 AriaExecutor.h:103] AriaExecutor 0 exits. 
I1126 14:07:40.883967 957400 AriaExecutor.h:103] AriaExecutor 8 exits. 
I1126 14:07:40.883980 957401 AriaExecutor.h:103] AriaExecutor 9 exits. 
I1126 14:07:40.883980 957395 AriaExecutor.h:103] AriaExecutor 3 exits. 
I1126 14:07:40.883982 957404 Manager.h:227] Manager(worker id = 12) on the coordinator node exits.
I1126 14:07:40.883982 957399 AriaExecutor.h:103] AriaExecutor 7 exits. 
I1126 14:07:40.883982 957393 AriaExecutor.h:103] AriaExecutor 1 exits. 
I1126 14:07:40.883982 957397 AriaExecutor.h:103] AriaExecutor 5 exits. 
I1126 14:07:40.883985 957403 AriaExecutor.h:103] AriaExecutor 11 exits. 
I1126 14:07:40.883977 957396 AriaExecutor.h:103] AriaExecutor 4 exits. 
I1126 14:07:40.879017 957376 AriaExecutor.h:649] Worker 0 latency: 5975 us (50%) 6418 us (75%) 6734 us (95%) 6838 us (99%).
I1126 14:07:40.958112 957376 AriaExecutor.h:649] Worker 1 latency: 5961 us (50%) 6412 us (75%) 6733 us (95%) 6836 us (99%).
I1126 14:07:41.045209 957376 AriaExecutor.h:649] Worker 2 latency: 5987 us (50%) 6423 us (75%) 6733 us (95%) 6836 us (99%).
I1126 14:07:41.124037 957376 AriaExecutor.h:649] Worker 3 latency: 5963 us (50%) 6414 us (75%) 6734 us (95%) 6838 us (99%).
I1126 14:07:41.212082 957376 AriaExecutor.h:649] Worker 4 latency: 5977 us (50%) 6420 us (75%) 6735 us (95%) 6837 us (99%).
I1126 14:07:41.289773 957376 AriaExecutor.h:649] Worker 5 latency: 5960 us (50%) 6410 us (75%) 6731 us (95%) 6835 us (99%).
I1126 14:07:41.376655 957376 AriaExecutor.h:649] Worker 6 latency: 5992 us (50%) 6427 us (75%) 6736 us (95%) 6838 us (99%).
I1126 14:07:41.454319 957376 AriaExecutor.h:649] Worker 7 latency: 5963 us (50%) 6415 us (75%) 6734 us (95%) 6837 us (99%).
I1126 14:07:41.541214 957376 AriaExecutor.h:649] Worker 8 latency: 5982 us (50%) 6424 us (75%) 6737 us (95%) 6841 us (99%).
I1126 14:07:41.619771 957376 AriaExecutor.h:649] Worker 9 latency: 5964 us (50%) 6414 us (75%) 6733 us (95%) 6836 us (99%).
I1126 14:07:41.706411 957376 AriaExecutor.h:649] Worker 10 latency: 5985 us (50%) 6422 us (75%) 6733 us (95%) 6833 us (99%).
I1126 14:07:41.784706 957376 AriaExecutor.h:649] Worker 11 latency: 5959 us (50%) 6411 us (75%) 6732 us (95%) 6835 us (99%).
I1126 14:07:41.870854 957376 Coordinator.h:177] total commit: 963362
I1126 14:07:42.870978 957376 Coordinator.h:192] Coordinator exits.
