I1126 16:03:11.104851 1029066 Database.h:65] ycsb initialization finished in 30 milliseconds.
I1126 16:03:11.104954 1029066 Coordinator.h:30] Coordinator initializes 12 workers.
I1126 16:03:11.112587 1029066 Coordinator.h:77] Coordinator starts to run 13 workers.
I1126 16:03:11.112644 1029082 AriaExecutor.h:93] AriaExecutor 0 started. 
I1126 16:03:11.112673 1029083 AriaExecutor.h:93] AriaExecutor 1 started. 
I1126 16:03:11.112710 1029084 AriaExecutor.h:93] AriaExecutor 2 started. 
I1126 16:03:11.112754 1029085 AriaExecutor.h:93] AriaExecutor 3 started. 
I1126 16:03:11.112830 1029087 AriaExecutor.h:93] AriaExecutor 5 started. 
I1126 16:03:11.112867 1029088 AriaExecutor.h:93] AriaExecutor 6 started. 
I1126 16:03:11.112908 1029089 AriaExecutor.h:93] AriaExecutor 7 started. 
I1126 16:03:11.112942 1029090 AriaExecutor.h:93] AriaExecutor 8 started. 
I1126 16:03:11.112991 1029091 AriaExecutor.h:93] AriaExecutor 9 started. 
I1126 16:03:11.113037 1029092 AriaExecutor.h:93] AriaExecutor 10 started. 
I1126 16:03:11.113077 1029093 AriaExecutor.h:93] AriaExecutor 11 started. 
I1126 16:03:11.113104 1029086 AriaExecutor.h:93] AriaExecutor 4 started. 
I1126 16:03:11.113107 1029094 Manager.h:224] Manager(worker id = 12) on the coordinator node started.
I1126 16:03:12.113173 1029066 Coordinator.h:126] commit: 35108 abort: 181892 (0/181892/0), network size: 0, avg network size: 0, si_in_serializable: 0 0 %, local: 0 %
I1126 16:03:13.113294 1029066 Coordinator.h:126] commit: 35014 abort: 181986 (0/181986/0), network size: 0, avg network size: 0, si_in_serializable: 0 0 %, local: 0 %
I1126 16:03:14.113399 1029066 Coordinator.h:126] commit: 38091 abort: 195909 (0/195909/0), network size: 0, avg network size: 0, si_in_serializable: 0 0 %, local: 0 %
I1126 16:03:15.113482 1029066 Coordinator.h:126] commit: 37964 abort: 196036 (0/196036/0), network size: 0, avg network size: 0, si_in_serializable: 0 0 %, local: 0 %
I1126 16:03:16.113566 1029066 Coordinator.h:126] commit: 38185 abort: 196815 (0/196815/0), network size: 0, avg network size: 0, si_in_serializable: 0 0 %, local: 0 %
I1126 16:03:17.113662 1029066 Coordinator.h:126] commit: 37623 abort: 194377 (0/194377/0), network size: 0, avg network size: 0, si_in_serializable: 0 0 %, local: 0 %
I1126 16:03:18.113765 1029066 Coordinator.h:126] commit: 38354 abort: 196646 (0/196646/0), network size: 0, avg network size: 0, si_in_serializable: 0 0 %, local: 0 %
I1126 16:03:19.113844 1029066 Coordinator.h:126] commit: 38332 abort: 197668 (0/197668/0), network size: 0, avg network size: 0, si_in_serializable: 0 0 %, local: 0 %
I1126 16:03:20.113920 1029066 Coordinator.h:126] commit: 38186 abort: 197814 (0/197814/0), network size: 0, avg network size: 0, si_in_serializable: 0 0 %, local: 0 %
I1126 16:03:21.113994 1029066 Coordinator.h:126] commit: 38244 abort: 196756 (0/196756/0), network size: 0, avg network size: 0, si_in_serializable: 0 0 %, local: 0 %
I1126 16:03:22.114069 1029066 Coordinator.h:126] commit: 37518 abort: 195482 (0/195482/0), network size: 0, avg network size: 0, si_in_serializable: 0 0 %, local: 0 %
I1126 16:03:23.114145 1029066 Coordinator.h:126] commit: 38194 abort: 196806 (0/196806/0), network size: 0, avg network size: 0, si_in_serializable: 0 0 %, local: 0 %
I1126 16:03:24.114218 1029066 Coordinator.h:126] commit: 38413 abort: 197587 (0/197587/0), network size: 0, avg network size: 0, si_in_serializable: 0 0 %, local: 0 %
I1126 16:03:25.114290 1029066 Coordinator.h:126] commit: 38075 abort: 196925 (0/196925/0), network size: 0, avg network size: 0, si_in_serializable: 0 0 %, local: 0 %
I1126 16:03:26.114384 1029066 Coordinator.h:126] commit: 38184 abort: 196816 (0/196816/0), network size: 0, avg network size: 0, si_in_serializable: 0 0 %, local: 0 %
I1126 16:03:27.114464 1029066 Coordinator.h:126] commit: 37526 abort: 194474 (0/194474/0), network size: 0, avg network size: 0, si_in_serializable: 0 0 %, local: 0 %
I1126 16:03:28.114538 1029066 Coordinator.h:126] commit: 38285 abort: 197715 (0/197715/0), network size: 0, avg network size: 0, si_in_serializable: 0 0 %, local: 0 %
I1126 16:03:29.114610 1029066 Coordinator.h:126] commit: 38052 abort: 196948 (0/196948/0), network size: 0, avg network size: 0, si_in_serializable: 0 0 %, local: 0 %
I1126 16:03:30.114686 1029066 Coordinator.h:126] commit: 38093 abort: 196907 (0/196907/0), network size: 0, avg network size: 0, si_in_serializable: 0 0 %, local: 0 %
I1126 16:03:31.114760 1029066 Coordinator.h:126] commit: 38233 abort: 195767 (0/195767/0), network size: 0, avg network size: 0, si_in_serializable: 0 0 %, local: 0 %
I1126 16:03:32.114836 1029066 Coordinator.h:126] commit: 38255 abort: 197745 (0/197745/0), network size: 0, avg network size: 0, si_in_serializable: 0 0 %, local: 0 %
I1126 16:03:33.114934 1029066 Coordinator.h:126] commit: 38076 abort: 195924 (0/195924/0), network size: 0, avg network size: 0, si_in_serializable: 0 0 %, local: 0 %
I1126 16:03:34.115025 1029066 Coordinator.h:126] commit: 38186 abort: 196814 (0/196814/0), network size: 0, avg network size: 0, si_in_serializable: 0 0 %, local: 0 %
I1126 16:03:35.115115 1029066 Coordinator.h:126] commit: 38404 abort: 197596 (0/197596/0), network size: 0, avg network size: 0, si_in_serializable: 0 0 %, local: 0 %
I1126 16:03:36.115211 1029066 Coordinator.h:126] commit: 38228 abort: 196772 (0/196772/0), network size: 0, avg network size: 0, si_in_serializable: 0 0 %, local: 0 %
I1126 16:03:36.115237 1029066 Coordinator.h:152] average commit: 38057.3 abort: 196543 (0/196543/0), network size: 0, avg network size: 0, si_in_serializable: 0 0 %, local: 0 %
I1126 16:03:36.117095 1029082 AriaExecutor.h:105] AriaExecutor 0 exits. 
I1126 16:03:36.117100 1029090 AriaExecutor.h:105] AriaExecutor 8 exits. 
I1126 16:03:36.117096 1029094 Manager.h:227] Manager(worker id = 12) on the coordinator node exits.
I1126 16:03:36.117117 1029093 AriaExecutor.h:105] AriaExecutor 11 exits. 
I1126 16:03:36.117112 1029083 AriaExecutor.h:105] AriaExecutor 1 exits. 
I1126 16:03:36.117113 1029086 AriaExecutor.h:105] AriaExecutor 4 exits. 
I1126 16:03:36.117112 1029085 AriaExecutor.h:105] AriaExecutor 3 exits. 
I1126 16:03:36.117115 1029092 AriaExecutor.h:105] AriaExecutor 10 exits. 
I1126 16:03:36.117116 1029087 AriaExecutor.h:105] AriaExecutor 5 exits. 
I1126 16:03:36.117115 1029088 AriaExecutor.h:105] AriaExecutor 6 exits. 
I1126 16:03:36.117117 1029091 AriaExecutor.h:105] AriaExecutor 9 exits. 
I1126 16:03:36.117115 1029084 AriaExecutor.h:105] AriaExecutor 2 exits. 
I1126 16:03:36.117118 1029089 AriaExecutor.h:105] AriaExecutor 7 exits. 
I1126 16:03:36.115247 1029066 AriaExecutor.h:672] Worker 0 latency: 3981 us (50%) 4112 us (75%) 4242 us (95%) 4480 us (99%).
I1126 16:03:36.119513 1029066 AriaExecutor.h:672] Worker 1 latency: 3975 us (50%) 4109 us (75%) 4238 us (95%) 4472 us (99%).
I1126 16:03:36.123667 1029066 AriaExecutor.h:672] Worker 2 latency: 3978 us (50%) 4111 us (75%) 4241 us (95%) 4480 us (99%).
I1126 16:03:36.127852 1029066 AriaExecutor.h:672] Worker 3 latency: 3973 us (50%) 4107 us (75%) 4225 us (95%) 4461 us (99%).
I1126 16:03:36.131935 1029066 AriaExecutor.h:672] Worker 4 latency: 3974 us (50%) 4110 us (75%) 4243 us (95%) 4477 us (99%).
I1126 16:03:36.136121 1029066 AriaExecutor.h:672] Worker 5 latency: 3975 us (50%) 4109 us (75%) 4238 us (95%) 4473 us (99%).
I1126 16:03:36.140249 1029066 AriaExecutor.h:672] Worker 6 latency: 3973 us (50%) 4109 us (75%) 4241 us (95%) 4477 us (99%).
I1126 16:03:36.144351 1029066 AriaExecutor.h:672] Worker 7 latency: 3977 us (50%) 4109 us (75%) 4237 us (95%) 4472 us (99%).
I1126 16:03:36.148342 1029066 AriaExecutor.h:672] Worker 8 latency: 3974 us (50%) 4110 us (75%) 4243 us (95%) 4479 us (99%).
I1126 16:03:36.152376 1029066 AriaExecutor.h:672] Worker 9 latency: 3975 us (50%) 4109 us (75%) 4236 us (95%) 4473 us (99%).
I1126 16:03:36.156339 1029066 AriaExecutor.h:672] Worker 10 latency: 3974 us (50%) 4109 us (75%) 4240 us (95%) 4476 us (99%).
I1126 16:03:36.160331 1029066 AriaExecutor.h:672] Worker 11 latency: 3973 us (50%) 4108 us (75%) 4237 us (95%) 4473 us (99%).
I1126 16:03:36.164268 1029066 Coordinator.h:177] total commit: 38057.3
I1126 16:03:37.164371 1029066 Coordinator.h:192] Coordinator exits.
