I0911 22:01:21.144217 2930199 Database.h:65] ycsb initialization finished in 176 milliseconds.
I0911 22:01:21.144335 2930199 Coordinator.h:30] Coordinator initializes 16 workers.
I0911 22:01:21.176085 2930199 Coordinator.h:77] Coordinator starts to run 17 workers.
I0911 22:01:21.176136 2930219 AriaExecutor.h:82] AriaExecutor 0 started. 
I0911 22:01:21.176177 2930220 AriaExecutor.h:82] AriaExecutor 1 started. 
I0911 22:01:21.176221 2930221 AriaExecutor.h:82] AriaExecutor 2 started. 
I0911 22:01:21.176270 2930222 AriaExecutor.h:82] AriaExecutor 3 started. 
I0911 22:01:21.176298 2930223 AriaExecutor.h:82] AriaExecutor 4 started. 
I0911 22:01:21.176362 2930224 AriaExecutor.h:82] AriaExecutor 5 started. 
I0911 22:01:21.176400 2930225 AriaExecutor.h:82] AriaExecutor 6 started. 
I0911 22:01:21.176450 2930226 AriaExecutor.h:82] AriaExecutor 7 started. 
I0911 22:01:21.176489 2930227 AriaExecutor.h:82] AriaExecutor 8 started. 
I0911 22:01:21.176533 2930228 AriaExecutor.h:82] AriaExecutor 9 started. 
I0911 22:01:21.176573 2930229 AriaExecutor.h:82] AriaExecutor 10 started. 
I0911 22:01:21.176620 2930230 AriaExecutor.h:82] AriaExecutor 11 started. 
I0911 22:01:21.176657 2930231 AriaExecutor.h:82] AriaExecutor 12 started. 
I0911 22:01:21.176700 2930232 AriaExecutor.h:82] AriaExecutor 13 started. 
I0911 22:01:21.176733 2930233 AriaExecutor.h:82] AriaExecutor 14 started. 
I0911 22:01:21.176772 2930234 AriaExecutor.h:82] AriaExecutor 15 started. 
I0911 22:01:21.176808 2930235 Manager.h:224] Manager(worker id = 16) on the coordinator node started.
I0911 22:01:22.176870 2930199 Coordinator.h:126] commit: 95954 abort: 92462 (0/92462/0), network size: 0, avg network size: 0, si_in_serializable: 0 0 %, local: 0 %
I0911 22:01:23.177004 2930199 Coordinator.h:126] commit: 102025 abort: 98679 (0/98679/0), network size: 0, avg network size: 0, si_in_serializable: 0 0 %, local: 0 %
I0911 22:01:24.177083 2930199 Coordinator.h:126] commit: 101906 abort: 98798 (0/98798/0), network size: 0, avg network size: 0, si_in_serializable: 0 0 %, local: 0 %
I0911 22:01:25.177170 2930199 Coordinator.h:126] commit: 100668 abort: 95940 (0/95940/0), network size: 0, avg network size: 0, si_in_serializable: 0 0 %, local: 0 %
I0911 22:01:26.177279 2930199 Coordinator.h:126] commit: 106400 abort: 102496 (0/102496/0), network size: 0, avg network size: 0, si_in_serializable: 0 0 %, local: 0 %
I0911 22:01:27.177371 2930199 Coordinator.h:126] commit: 106465 abort: 102431 (0/102431/0), network size: 0, avg network size: 0, si_in_serializable: 0 0 %, local: 0 %
I0911 22:01:28.177459 2930199 Coordinator.h:126] commit: 106201 abort: 102695 (0/102695/0), network size: 0, avg network size: 0, si_in_serializable: 0 0 %, local: 0 %
I0911 22:01:29.177543 2930199 Coordinator.h:126] commit: 106200 abort: 102696 (0/102696/0), network size: 0, avg network size: 0, si_in_serializable: 0 0 %, local: 0 %
I0911 22:01:30.177631 2930199 Coordinator.h:126] commit: 108418 abort: 104574 (0/104574/0), network size: 0, avg network size: 0, si_in_serializable: 0 0 %, local: 0 %
I0911 22:01:31.177727 2930199 Coordinator.h:126] commit: 104037 abort: 100763 (0/100763/0), network size: 0, avg network size: 0, si_in_serializable: 0 0 %, local: 0 %
I0911 22:01:32.177829 2930199 Coordinator.h:126] commit: 104680 abort: 100120 (0/100120/0), network size: 0, avg network size: 0, si_in_serializable: 0 0 %, local: 0 %
I0911 22:01:33.177987 2930199 Coordinator.h:126] commit: 106371 abort: 102525 (0/102525/0), network size: 0, avg network size: 0, si_in_serializable: 0 0 %, local: 0 %
I0911 22:01:34.178078 2930199 Coordinator.h:126] commit: 108378 abort: 104614 (0/104614/0), network size: 0, avg network size: 0, si_in_serializable: 0 0 %, local: 0 %
I0911 22:01:35.178171 2930199 Coordinator.h:126] commit: 106708 abort: 102822 (0/102822/0), network size: 0, avg network size: 0, si_in_serializable: 0 0 %, local: 0 %
I0911 22:01:36.178257 2930199 Coordinator.h:126] commit: 107667 abort: 104691 (0/104691/0), network size: 0, avg network size: 0, si_in_serializable: 0 0 %, local: 0 %
I0911 22:01:37.178342 2930199 Coordinator.h:126] commit: 108459 abort: 104533 (0/104533/0), network size: 0, avg network size: 0, si_in_serializable: 0 0 %, local: 0 %
I0911 22:01:38.178431 2930199 Coordinator.h:126] commit: 106433 abort: 102463 (0/102463/0), network size: 0, avg network size: 0, si_in_serializable: 0 0 %, local: 0 %
I0911 22:01:39.178519 2930199 Coordinator.h:126] commit: 108273 abort: 104719 (0/104719/0), network size: 0, avg network size: 0, si_in_serializable: 0 0 %, local: 0 %
I0911 22:01:40.178612 2930199 Coordinator.h:126] commit: 106147 abort: 102749 (0/102749/0), network size: 0, avg network size: 0, si_in_serializable: 0 0 %, local: 0 %
I0911 22:01:41.178706 2930199 Coordinator.h:126] commit: 107936 abort: 103233 (0/103233/0), network size: 0, avg network size: 0, si_in_serializable: 0 0 %, local: 0 %
I0911 22:01:42.178833 2930199 Coordinator.h:126] commit: 106518 abort: 104201 (0/104201/0), network size: 0, avg network size: 0, si_in_serializable: 0 0 %, local: 0 %
I0911 22:01:43.178939 2930199 Coordinator.h:126] commit: 108332 abort: 104660 (0/104660/0), network size: 0, avg network size: 0, si_in_serializable: 0 0 %, local: 0 %
I0911 22:01:44.179023 2930199 Coordinator.h:126] commit: 106314 abort: 102582 (0/102582/0), network size: 0, avg network size: 0, si_in_serializable: 0 0 %, local: 0 %
I0911 22:01:45.179116 2930199 Coordinator.h:126] commit: 106568 abort: 102328 (0/102328/0), network size: 0, avg network size: 0, si_in_serializable: 0 0 %, local: 0 %
I0911 22:01:46.179209 2930199 Coordinator.h:126] commit: 103950 abort: 100850 (0/100850/0), network size: 0, avg network size: 0, si_in_serializable: 0 0 %, local: 0 %
I0911 22:01:46.179226 2930199 Coordinator.h:152] average commit: 107105 abort: 103247 (0/103247/0), network size: 0, avg network size: 0, si_in_serializable: 0 0 %, local: 0 %
I0911 22:01:46.183689 2930219 AriaExecutor.h:94] AriaExecutor 0 exits. 
I0911 22:01:46.183692 2930221 AriaExecutor.h:94] AriaExecutor 2 exits. 
I0911 22:01:46.183689 2930235 Manager.h:227] Manager(worker id = 16) on the coordinator node exits.
I0911 22:01:46.183692 2930225 AriaExecutor.h:94] AriaExecutor 6 exits. 
I0911 22:01:46.183692 2930231 AriaExecutor.h:94] AriaExecutor 12 exits. 
I0911 22:01:46.183691 2930227 AriaExecutor.h:94] AriaExecutor 8 exits. 
I0911 22:01:46.183692 2930233 AriaExecutor.h:94] AriaExecutor 14 exits. 
I0911 22:01:46.183706 2930224 AriaExecutor.h:94] AriaExecutor 5 exits. 
I0911 22:01:46.183706 2930230 AriaExecutor.h:94] AriaExecutor 11 exits. 
I0911 22:01:46.183706 2930228 AriaExecutor.h:94] AriaExecutor 9 exits. 
I0911 22:01:46.183707 2930234 AriaExecutor.h:94] AriaExecutor 15 exits. 
I0911 22:01:46.183706 2930232 AriaExecutor.h:94] AriaExecutor 13 exits. 
I0911 22:01:46.183706 2930226 AriaExecutor.h:94] AriaExecutor 7 exits. 
I0911 22:01:46.183707 2930220 AriaExecutor.h:94] AriaExecutor 1 exits. 
I0911 22:01:46.183709 2930222 AriaExecutor.h:94] AriaExecutor 3 exits. 
I0911 22:01:46.183691 2930229 AriaExecutor.h:94] AriaExecutor 10 exits. 
I0911 22:01:46.183693 2930223 AriaExecutor.h:94] AriaExecutor 4 exits. 
I0911 22:01:46.179235 2930199 AriaExecutor.h:535] Worker 0 latency: 15652 us (50%) 17251 us (75%) 18303 us (95%) 19944 us (99%).
I0911 22:01:46.187913 2930199 AriaExecutor.h:535] Worker 1 latency: 15640 us (50%) 17238 us (75%) 18297 us (95%) 19847 us (99%).
I0911 22:01:46.196591 2930199 AriaExecutor.h:535] Worker 2 latency: 15662 us (50%) 17247 us (75%) 18291 us (95%) 19843 us (99%).
I0911 22:01:46.205052 2930199 AriaExecutor.h:535] Worker 3 latency: 15628 us (50%) 17232 us (75%) 18292 us (95%) 19832 us (99%).
I0911 22:01:46.213738 2930199 AriaExecutor.h:535] Worker 4 latency: 15638 us (50%) 17241 us (75%) 18294 us (95%) 19810 us (99%).
I0911 22:01:46.222213 2930199 AriaExecutor.h:535] Worker 5 latency: 15599 us (50%) 17228 us (75%) 18297 us (95%) 19836 us (99%).
I0911 22:01:46.230836 2930199 AriaExecutor.h:535] Worker 6 latency: 15651 us (50%) 17241 us (75%) 18291 us (95%) 19823 us (99%).
I0911 22:01:46.239471 2930199 AriaExecutor.h:535] Worker 7 latency: 15636 us (50%) 17232 us (75%) 18289 us (95%) 19816 us (99%).
I0911 22:01:46.248118 2930199 AriaExecutor.h:535] Worker 8 latency: 15639 us (50%) 17239 us (75%) 18294 us (95%) 19831 us (99%).
I0911 22:01:46.256705 2930199 AriaExecutor.h:535] Worker 9 latency: 15635 us (50%) 17239 us (75%) 18294 us (95%) 19802 us (99%).
I0911 22:01:46.265301 2930199 AriaExecutor.h:535] Worker 10 latency: 15679 us (50%) 17251 us (75%) 18289 us (95%) 19828 us (99%).
I0911 22:01:46.273859 2930199 AriaExecutor.h:535] Worker 11 latency: 15655 us (50%) 17244 us (75%) 18289 us (95%) 19826 us (99%).
I0911 22:01:46.282474 2930199 AriaExecutor.h:535] Worker 12 latency: 15658 us (50%) 17250 us (75%) 18288 us (95%) 19812 us (99%).
I0911 22:01:46.291016 2930199 AriaExecutor.h:535] Worker 13 latency: 15622 us (50%) 17232 us (75%) 18294 us (95%) 19814 us (99%).
I0911 22:01:46.299625 2930199 AriaExecutor.h:535] Worker 14 latency: 15655 us (50%) 17242 us (75%) 18283 us (95%) 19776 us (99%).
I0911 22:01:46.308136 2930199 AriaExecutor.h:535] Worker 15 latency: 15637 us (50%) 17240 us (75%) 18288 us (95%) 19822 us (99%).
I0911 22:01:46.316661 2930199 Coordinator.h:177] total commit: 107105
I0911 22:01:47.316776 2930199 Coordinator.h:192] Coordinator exits.
