I0911 23:30:41.352350 2947447 Database.h:65] ycsb initialization finished in 193 milliseconds.
I0911 23:30:41.352473 2947447 Coordinator.h:30] Coordinator initializes 16 workers.
I0911 23:30:41.382990 2947447 Coordinator.h:77] Coordinator starts to run 17 workers.
I0911 23:30:41.383059 2947467 AriaExecutor.h:82] AriaExecutor 0 started. 
I0911 23:30:41.383101 2947468 AriaExecutor.h:82] AriaExecutor 1 started. 
I0911 23:30:41.383147 2947469 AriaExecutor.h:82] AriaExecutor 2 started. 
I0911 23:30:41.383203 2947470 AriaExecutor.h:82] AriaExecutor 3 started. 
I0911 23:30:41.383234 2947471 AriaExecutor.h:82] AriaExecutor 4 started. 
I0911 23:30:41.383273 2947472 AriaExecutor.h:82] AriaExecutor 5 started. 
I0911 23:30:41.383307 2947473 AriaExecutor.h:82] AriaExecutor 6 started. 
I0911 23:30:41.383349 2947474 AriaExecutor.h:82] AriaExecutor 7 started. 
I0911 23:30:41.383387 2947475 AriaExecutor.h:82] AriaExecutor 8 started. 
I0911 23:30:41.383428 2947476 AriaExecutor.h:82] AriaExecutor 9 started. 
I0911 23:30:41.383469 2947477 AriaExecutor.h:82] AriaExecutor 10 started. 
I0911 23:30:41.383515 2947478 AriaExecutor.h:82] AriaExecutor 11 started. 
I0911 23:30:41.383544 2947479 AriaExecutor.h:82] AriaExecutor 12 started. 
I0911 23:30:41.383585 2947480 AriaExecutor.h:82] AriaExecutor 13 started. 
I0911 23:30:41.383616 2947481 AriaExecutor.h:82] AriaExecutor 14 started. 
I0911 23:30:41.383658 2947482 AriaExecutor.h:82] AriaExecutor 15 started. 
I0911 23:30:41.383692 2947483 Manager.h:224] Manager(worker id = 16) on the coordinator node started.
I0911 23:30:42.383746 2947447 Coordinator.h:126] commit: 1052038 abort: 21114 (0/21114/0), network size: 0, avg network size: 0, si_in_serializable: 0 0 %, local: 0 %
I0911 23:30:43.383846 2947447 Coordinator.h:126] commit: 1060164 abort: 21180 (0/21180/0), network size: 0, avg network size: 0, si_in_serializable: 0 0 %, local: 0 %
I0911 23:30:44.383929 2947447 Coordinator.h:126] commit: 1020008 abort: 20376 (0/20376/0), network size: 0, avg network size: 0, si_in_serializable: 0 0 %, local: 0 %
I0911 23:30:45.384007 2947447 Coordinator.h:126] commit: 1028090 abort: 20486 (0/20486/0), network size: 0, avg network size: 0, si_in_serializable: 0 0 %, local: 0 %
I0911 23:30:46.384109 2947447 Coordinator.h:126] commit: 1056420 abort: 20828 (0/20828/0), network size: 0, avg network size: 0, si_in_serializable: 0 0 %, local: 0 %
I0911 23:30:47.384192 2947447 Coordinator.h:126] commit: 1072242 abort: 21390 (0/21390/0), network size: 0, avg network size: 0, si_in_serializable: 0 0 %, local: 0 %
I0911 23:30:48.384268 2947447 Coordinator.h:126] commit: 1072053 abort: 21579 (0/21579/0), network size: 0, avg network size: 0, si_in_serializable: 0 0 %, local: 0 %
I0911 23:30:49.384346 2947447 Coordinator.h:126] commit: 1056030 abort: 21218 (0/21218/0), network size: 0, avg network size: 0, si_in_serializable: 0 0 %, local: 0 %
I0911 23:30:50.384424 2947447 Coordinator.h:126] commit: 1051849 abort: 21303 (0/21303/0), network size: 0, avg network size: 0, si_in_serializable: 0 0 %, local: 0 %
I0911 23:30:51.384497 2947447 Coordinator.h:126] commit: 1019750 abort: 20634 (0/20634/0), network size: 0, avg network size: 0, si_in_serializable: 0 0 %, local: 0 %
I0911 23:30:52.384572 2947447 Coordinator.h:126] commit: 1072138 abort: 21494 (0/21494/0), network size: 0, avg network size: 0, si_in_serializable: 0 0 %, local: 0 %
I0911 23:30:53.384645 2947447 Coordinator.h:126] commit: 1051838 abort: 21314 (0/21314/0), network size: 0, avg network size: 0, si_in_serializable: 0 0 %, local: 0 %
I0911 23:30:54.384739 2947447 Coordinator.h:126] commit: 1068385 abort: 21151 (0/21151/0), network size: 0, avg network size: 0, si_in_serializable: 0 0 %, local: 0 %
I0911 23:30:55.384819 2947447 Coordinator.h:126] commit: 1072036 abort: 21596 (0/21596/0), network size: 0, avg network size: 0, si_in_serializable: 0 0 %, local: 0 %
I0911 23:30:56.384886 2947447 Coordinator.h:126] commit: 1072047 abort: 21585 (0/21585/0), network size: 0, avg network size: 0, si_in_serializable: 0 0 %, local: 0 %
I0911 23:30:57.384959 2947447 Coordinator.h:126] commit: 1048108 abort: 20948 (0/20948/0), network size: 0, avg network size: 0, si_in_serializable: 0 0 %, local: 0 %
I0911 23:30:58.385032 2947447 Coordinator.h:126] commit: 1072350 abort: 21282 (0/21282/0), network size: 0, avg network size: 0, si_in_serializable: 0 0 %, local: 0 %
I0911 23:30:59.385103 2947447 Coordinator.h:126] commit: 1072277 abort: 21355 (0/21355/0), network size: 0, avg network size: 0, si_in_serializable: 0 0 %, local: 0 %
I0911 23:31:00.385176 2947447 Coordinator.h:126] commit: 1072289 abort: 21343 (0/21343/0), network size: 0, avg network size: 0, si_in_serializable: 0 0 %, local: 0 %
I0911 23:31:01.385257 2947447 Coordinator.h:126] commit: 1068215 abort: 21321 (0/21321/0), network size: 0, avg network size: 0, si_in_serializable: 0 0 %, local: 0 %
I0911 23:31:02.385336 2947447 Coordinator.h:126] commit: 1073999 abort: 21310 (0/21310/0), network size: 0, avg network size: 0, si_in_serializable: 0 0 %, local: 0 %
I0911 23:31:03.385421 2947447 Coordinator.h:126] commit: 1070603 abort: 21352 (0/21352/0), network size: 0, avg network size: 0, si_in_serializable: 0 0 %, local: 0 %
I0911 23:31:04.385499 2947447 Coordinator.h:126] commit: 1072358 abort: 21274 (0/21274/0), network size: 0, avg network size: 0, si_in_serializable: 0 0 %, local: 0 %
I0911 23:31:05.385579 2947447 Coordinator.h:126] commit: 1068308 abort: 21228 (0/21228/0), network size: 0, avg network size: 0, si_in_serializable: 0 0 %, local: 0 %
I0911 23:31:06.385656 2947447 Coordinator.h:126] commit: 1072219 abort: 21413 (0/21413/0), network size: 0, avg network size: 0, si_in_serializable: 0 0 %, local: 0 %
I0911 23:31:06.385665 2947447 Coordinator.h:152] average commit: 1.06697e+06 abort: 21338.9 (0/21338.9/0), network size: 0, avg network size: 0, si_in_serializable: 0 0 %, local: 0 %
I0911 23:31:06.386498 2947469 AriaExecutor.h:94] AriaExecutor 2 exits. 
I0911 23:31:06.386500 2947483 Manager.h:227] Manager(worker id = 16) on the coordinator node exits.
I0911 23:31:06.386502 2947467 AriaExecutor.h:94] AriaExecutor 0 exits. 
I0911 23:31:06.386500 2947475 AriaExecutor.h:94] AriaExecutor 8 exits. 
I0911 23:31:06.386504 2947473 AriaExecutor.h:94] AriaExecutor 6 exits. 
I0911 23:31:06.386499 2947471 AriaExecutor.h:94] AriaExecutor 4 exits. 
I0911 23:31:06.386500 2947477 AriaExecutor.h:94] AriaExecutor 10 exits. 
I0911 23:31:06.386515 2947476 AriaExecutor.h:94] AriaExecutor 9 exits. 
I0911 23:31:06.386518 2947478 AriaExecutor.h:94] AriaExecutor 11 exits. 
I0911 23:31:06.386504 2947479 AriaExecutor.h:94] AriaExecutor 12 exits. 
I0911 23:31:06.386518 2947468 AriaExecutor.h:94] AriaExecutor 1 exits. 
I0911 23:31:06.386518 2947472 AriaExecutor.h:94] AriaExecutor 5 exits. 
I0911 23:31:06.386499 2947481 AriaExecutor.h:94] AriaExecutor 14 exits. 
I0911 23:31:06.386519 2947482 AriaExecutor.h:94] AriaExecutor 15 exits. 
I0911 23:31:06.386516 2947480 AriaExecutor.h:94] AriaExecutor 13 exits. 
I0911 23:31:06.386516 2947474 AriaExecutor.h:94] AriaExecutor 7 exits. 
I0911 23:31:06.386515 2947470 AriaExecutor.h:94] AriaExecutor 3 exits. 
I0911 23:31:06.385675 2947447 AriaExecutor.h:641] Worker 0 latency: 2380 us (50%) 2983 us (75%) 3461 us (95%) 3563 us (99%).
I0911 23:31:06.455528 2947447 AriaExecutor.h:641] Worker 1 latency: 2378 us (50%) 2980 us (75%) 3458 us (95%) 3560 us (99%).
I0911 23:31:06.532230 2947447 AriaExecutor.h:641] Worker 2 latency: 2388 us (50%) 2985 us (75%) 3460 us (95%) 3561 us (99%).
I0911 23:31:06.601202 2947447 AriaExecutor.h:641] Worker 3 latency: 2383 us (50%) 2982 us (75%) 3458 us (95%) 3560 us (99%).
I0911 23:31:06.677704 2947447 AriaExecutor.h:641] Worker 4 latency: 2382 us (50%) 2983 us (75%) 3461 us (95%) 3562 us (99%).
I0911 23:31:06.745852 2947447 AriaExecutor.h:641] Worker 5 latency: 2377 us (50%) 2980 us (75%) 3458 us (95%) 3560 us (99%).
I0911 23:31:06.822535 2947447 AriaExecutor.h:641] Worker 6 latency: 2391 us (50%) 2987 us (75%) 3462 us (95%) 3563 us (99%).
I0911 23:31:06.890548 2947447 AriaExecutor.h:641] Worker 7 latency: 2384 us (50%) 2983 us (75%) 3459 us (95%) 3560 us (99%).
I0911 23:31:06.966564 2947447 AriaExecutor.h:641] Worker 8 latency: 2383 us (50%) 2984 us (75%) 3460 us (95%) 3562 us (99%).
I0911 23:31:07.035285 2947447 AriaExecutor.h:641] Worker 9 latency: 2381 us (50%) 2981 us (75%) 3457 us (95%) 3560 us (99%).
I0911 23:31:07.113126 2947447 AriaExecutor.h:641] Worker 10 latency: 2392 us (50%) 2987 us (75%) 3461 us (95%) 3562 us (99%).
I0911 23:31:07.180712 2947447 AriaExecutor.h:641] Worker 11 latency: 2383 us (50%) 2982 us (75%) 3458 us (95%) 3560 us (99%).
I0911 23:31:07.256580 2947447 AriaExecutor.h:641] Worker 12 latency: 2393 us (50%) 2988 us (75%) 3461 us (95%) 3562 us (99%).
I0911 23:31:07.324602 2947447 AriaExecutor.h:641] Worker 13 latency: 2379 us (50%) 2980 us (75%) 3457 us (95%) 3560 us (99%).
I0911 23:31:07.400823 2947447 AriaExecutor.h:641] Worker 14 latency: 2394 us (50%) 2988 us (75%) 3461 us (95%) 3562 us (99%).
I0911 23:31:07.469163 2947447 AriaExecutor.h:641] Worker 15 latency: 2387 us (50%) 2984 us (75%) 3459 us (95%) 3561 us (99%).
I0911 23:31:07.545356 2947447 Coordinator.h:177] total commit: 1.06697e+06
I0911 23:31:08.545476 2947447 Coordinator.h:192] Coordinator exits.
