I1126 17:54:09.480031 1061198 Database.h:65] ycsb initialization finished in 29 milliseconds.
I1126 17:54:09.480126 1061198 Coordinator.h:30] Coordinator initializes 12 workers.
I1126 17:54:09.480993 1061198 Coordinator.h:77] Coordinator starts to run 13 workers.
I1126 17:54:09.481045 1061214 AriaExecutor.h:91] AriaExecutor 0 started. 
I1126 17:54:09.481091 1061215 AriaExecutor.h:91] AriaExecutor 1 started. 
I1126 17:54:09.481129 1061216 AriaExecutor.h:91] AriaExecutor 2 started. 
I1126 17:54:09.481173 1061217 AriaExecutor.h:91] AriaExecutor 3 started. 
I1126 17:54:09.481256 1061219 AriaExecutor.h:91] AriaExecutor 5 started. 
I1126 17:54:09.481305 1061220 AriaExecutor.h:91] AriaExecutor 6 started. 
I1126 17:54:09.481346 1061221 AriaExecutor.h:91] AriaExecutor 7 started. 
I1126 17:54:09.481388 1061222 AriaExecutor.h:91] AriaExecutor 8 started. 
I1126 17:54:09.481431 1061223 AriaExecutor.h:91] AriaExecutor 9 started. 
I1126 17:54:09.481465 1061224 AriaExecutor.h:91] AriaExecutor 10 started. 
I1126 17:54:09.481509 1061225 AriaExecutor.h:91] AriaExecutor 11 started. 
I1126 17:54:09.481539 1061218 AriaExecutor.h:91] AriaExecutor 4 started. 
I1126 17:54:09.481544 1061226 Manager.h:224] Manager(worker id = 12) on the coordinator node started.
I1126 17:54:10.481608 1061198 Coordinator.h:126] commit: 1350962 abort: 37038 (0/37038/0), network size: 0, avg network size: 0, si_in_serializable: 0 0 %, local: 0 %
I1126 17:54:11.481719 1061198 Coordinator.h:126] commit: 1351810 abort: 37200 (0/37200/0), network size: 0, avg network size: 0, si_in_serializable: 0 0 %, local: 0 %
I1126 17:54:12.481818 1061198 Coordinator.h:126] commit: 1366450 abort: 37488 (0/37488/0), network size: 0, avg network size: 0, si_in_serializable: 0 0 %, local: 0 %
I1126 17:54:13.481906 1061198 Coordinator.h:126] commit: 1385253 abort: 37799 (0/37799/0), network size: 0, avg network size: 0, si_in_serializable: 0 0 %, local: 0 %
I1126 17:54:14.481988 1061198 Coordinator.h:126] commit: 1351776 abort: 37224 (0/37224/0), network size: 0, avg network size: 0, si_in_serializable: 0 0 %, local: 0 %
I1126 17:54:15.482086 1061198 Coordinator.h:126] commit: 1381214 abort: 37786 (0/37786/0), network size: 0, avg network size: 0, si_in_serializable: 0 0 %, local: 0 %
I1126 17:54:16.482180 1061198 Coordinator.h:126] commit: 1387228 abort: 37772 (0/37772/0), network size: 0, avg network size: 0, si_in_serializable: 0 0 %, local: 0 %
I1126 17:54:17.482286 1061198 Coordinator.h:126] commit: 1358633 abort: 37367 (0/37367/0), network size: 0, avg network size: 0, si_in_serializable: 0 0 %, local: 0 %
I1126 17:54:18.482395 1061198 Coordinator.h:126] commit: 1384210 abort: 37790 (0/37790/0), network size: 0, avg network size: 0, si_in_serializable: 0 0 %, local: 0 %
I1126 17:54:19.482482 1061198 Coordinator.h:126] commit: 1287747 abort: 35041 (0/35041/0), network size: 0, avg network size: 0, si_in_serializable: 0 0 %, local: 0 %
I1126 17:54:20.482571 1061198 Coordinator.h:126] commit: 1382579 abort: 37633 (0/37633/0), network size: 0, avg network size: 0, si_in_serializable: 0 0 %, local: 0 %
I1126 17:54:21.482654 1061198 Coordinator.h:126] commit: 1376402 abort: 37598 (0/37598/0), network size: 0, avg network size: 0, si_in_serializable: 0 0 %, local: 0 %
I1126 17:54:22.482753 1061198 Coordinator.h:126] commit: 1376248 abort: 37752 (0/37752/0), network size: 0, avg network size: 0, si_in_serializable: 0 0 %, local: 0 %
I1126 17:54:23.482857 1061198 Coordinator.h:126] commit: 1361943 abort: 37057 (0/37057/0), network size: 0, avg network size: 0, si_in_serializable: 0 0 %, local: 0 %
I1126 17:54:24.482954 1061198 Coordinator.h:126] commit: 1381046 abort: 37954 (0/37954/0), network size: 0, avg network size: 0, si_in_serializable: 0 0 %, local: 0 %
I1126 17:54:25.483040 1061198 Coordinator.h:126] commit: 1378247 abort: 37753 (0/37753/0), network size: 0, avg network size: 0, si_in_serializable: 0 0 %, local: 0 %
I1126 17:54:26.483142 1061198 Coordinator.h:126] commit: 1382406 abort: 37594 (0/37594/0), network size: 0, avg network size: 0, si_in_serializable: 0 0 %, local: 0 %
I1126 17:54:27.483219 1061198 Coordinator.h:126] commit: 1380415 abort: 37579 (0/37579/0), network size: 0, avg network size: 0, si_in_serializable: 0 0 %, local: 0 %
I1126 17:54:28.483299 1061198 Coordinator.h:126] commit: 1176716 abort: 32289 (0/32289/0), network size: 0, avg network size: 0, si_in_serializable: 0 0 %, local: 0 %
I1126 17:54:29.483384 1061198 Coordinator.h:126] commit: 1378255 abort: 37745 (0/37745/0), network size: 0, avg network size: 0, si_in_serializable: 0 0 %, local: 0 %
I1126 17:54:30.483477 1061198 Coordinator.h:126] commit: 1384578 abort: 37422 (0/37422/0), network size: 0, avg network size: 0, si_in_serializable: 0 0 %, local: 0 %
I1126 17:54:31.483561 1061198 Coordinator.h:126] commit: 1376309 abort: 37691 (0/37691/0), network size: 0, avg network size: 0, si_in_serializable: 0 0 %, local: 0 %
I1126 17:54:32.483664 1061198 Coordinator.h:126] commit: 1380412 abort: 37588 (0/37588/0), network size: 0, avg network size: 0, si_in_serializable: 0 0 %, local: 0 %
I1126 17:54:33.483757 1061198 Coordinator.h:126] commit: 1371655 abort: 37345 (0/37345/0), network size: 0, avg network size: 0, si_in_serializable: 0 0 %, local: 0 %
I1126 17:54:34.483857 1061198 Coordinator.h:126] commit: 1379249 abort: 37459 (0/37459/0), network size: 0, avg network size: 0, si_in_serializable: 0 0 %, local: 0 %
I1126 17:54:34.483870 1061198 Coordinator.h:152] average commit: 1.35743e+06 abort: 37095.4 (0/37095.4/0), network size: 0, avg network size: 0, si_in_serializable: 0 0 %, local: 0 %
I1126 17:54:34.483888 1061224 AriaExecutor.h:103] AriaExecutor 10 exits. 
I1126 17:54:34.483898 1061226 Manager.h:227] Manager(worker id = 12) on the coordinator node exits.
I1126 17:54:34.483892 1061222 AriaExecutor.h:103] AriaExecutor 8 exits. 
I1126 17:54:34.483891 1061214 AriaExecutor.h:103] AriaExecutor 0 exits. 
I1126 17:54:34.483907 1061223 AriaExecutor.h:103] AriaExecutor 9 exits. 
I1126 17:54:34.483891 1061216 AriaExecutor.h:103] AriaExecutor 2 exits. 
I1126 17:54:34.483906 1061215 AriaExecutor.h:103] AriaExecutor 1 exits. 
I1126 17:54:34.483906 1061217 AriaExecutor.h:103] AriaExecutor 3 exits. 
I1126 17:54:34.483906 1061221 AriaExecutor.h:103] AriaExecutor 7 exits. 
I1126 17:54:34.483906 1061219 AriaExecutor.h:103] AriaExecutor 5 exits. 
I1126 17:54:34.483891 1061220 AriaExecutor.h:103] AriaExecutor 6 exits. 
I1126 17:54:34.483904 1061225 AriaExecutor.h:103] AriaExecutor 11 exits. 
I1126 17:54:34.483889 1061218 AriaExecutor.h:103] AriaExecutor 4 exits. 
I1126 17:54:34.483878 1061198 AriaExecutor.h:621] Worker 0 latency: 526 us (50%) 576 us (75%) 620 us (95%) 640 us (99%).
I1126 17:54:34.589910 1061198 AriaExecutor.h:621] Worker 1 latency: 524 us (50%) 574 us (75%) 618 us (95%) 639 us (99%).
I1126 17:54:34.708034 1061198 AriaExecutor.h:621] Worker 2 latency: 526 us (50%) 576 us (75%) 619 us (95%) 640 us (99%).
I1126 17:54:34.810850 1061198 AriaExecutor.h:621] Worker 3 latency: 526 us (50%) 575 us (75%) 619 us (95%) 639 us (99%).
I1126 17:54:34.926082 1061198 AriaExecutor.h:621] Worker 4 latency: 526 us (50%) 575 us (75%) 619 us (95%) 640 us (99%).
I1126 17:54:35.031755 1061198 AriaExecutor.h:621] Worker 5 latency: 525 us (50%) 575 us (75%) 618 us (95%) 639 us (99%).
I1126 17:54:35.150997 1061198 AriaExecutor.h:621] Worker 6 latency: 531 us (50%) 578 us (75%) 620 us (95%) 641 us (99%).
I1126 17:54:35.255689 1061198 AriaExecutor.h:621] Worker 7 latency: 527 us (50%) 575 us (75%) 618 us (95%) 639 us (99%).
I1126 17:54:35.374845 1061198 AriaExecutor.h:621] Worker 8 latency: 529 us (50%) 577 us (75%) 619 us (95%) 640 us (99%).
I1126 17:54:35.479437 1061198 AriaExecutor.h:621] Worker 9 latency: 528 us (50%) 576 us (75%) 619 us (95%) 639 us (99%).
I1126 17:54:35.597563 1061198 AriaExecutor.h:621] Worker 10 latency: 529 us (50%) 577 us (75%) 619 us (95%) 640 us (99%).
I1126 17:54:35.701571 1061198 AriaExecutor.h:621] Worker 11 latency: 527 us (50%) 575 us (75%) 619 us (95%) 640 us (99%).
I1126 17:54:35.819041 1061198 Coordinator.h:177] total commit: 1.35743e+06
I1126 17:54:36.819159 1061198 Coordinator.h:192] Coordinator exits.
