I0911 23:57:37.313421 2952439 Database.h:65] ycsb initialization finished in 148 milliseconds.
I0911 23:57:37.313539 2952439 Coordinator.h:30] Coordinator initializes 16 workers.
I0911 23:57:37.328855 2952439 Coordinator.h:77] Coordinator starts to run 17 workers.
I0911 23:57:37.328908 2952459 AriaExecutor.h:82] AriaExecutor 0 started. 
I0911 23:57:37.328953 2952460 AriaExecutor.h:82] AriaExecutor 1 started. 
I0911 23:57:37.328984 2952461 AriaExecutor.h:82] AriaExecutor 2 started. 
I0911 23:57:37.329044 2952462 AriaExecutor.h:82] AriaExecutor 3 started. 
I0911 23:57:37.329051 2952463 AriaExecutor.h:82] AriaExecutor 4 started. 
I0911 23:57:37.329108 2952464 AriaExecutor.h:82] AriaExecutor 5 started. 
I0911 23:57:37.329128 2952465 AriaExecutor.h:82] AriaExecutor 6 started. 
I0911 23:57:37.329180 2952466 AriaExecutor.h:82] AriaExecutor 7 started. 
I0911 23:57:37.329207 2952467 AriaExecutor.h:82] AriaExecutor 8 started. 
I0911 23:57:37.329252 2952468 AriaExecutor.h:82] AriaExecutor 9 started. 
I0911 23:57:37.329279 2952469 AriaExecutor.h:82] AriaExecutor 10 started. 
I0911 23:57:37.329324 2952470 AriaExecutor.h:82] AriaExecutor 11 started. 
I0911 23:57:37.329360 2952471 AriaExecutor.h:82] AriaExecutor 12 started. 
I0911 23:57:37.329411 2952472 AriaExecutor.h:82] AriaExecutor 13 started. 
I0911 23:57:37.329440 2952473 AriaExecutor.h:82] AriaExecutor 14 started. 
I0911 23:57:37.329483 2952474 AriaExecutor.h:82] AriaExecutor 15 started. 
I0911 23:57:37.329519 2952475 Manager.h:224] Manager(worker id = 16) on the coordinator node started.
I0911 23:57:38.329568 2952439 Coordinator.h:126] commit: 34091 abort: 234197 (0/234197/0), network size: 0, avg network size: 0, si_in_serializable: 0 0 %, local: 0 %
I0911 23:57:39.329668 2952439 Coordinator.h:126] commit: 34782 abort: 237602 (0/237602/0), network size: 0, avg network size: 0, si_in_serializable: 0 0 %, local: 0 %
I0911 23:57:40.329746 2952439 Coordinator.h:126] commit: 34048 abort: 232192 (0/232192/0), network size: 0, avg network size: 0, si_in_serializable: 0 0 %, local: 0 %
I0911 23:57:41.329818 2952439 Coordinator.h:126] commit: 34536 abort: 237848 (0/237848/0), network size: 0, avg network size: 0, si_in_serializable: 0 0 %, local: 0 %
I0911 23:57:42.329919 2952439 Coordinator.h:126] commit: 36567 abort: 248105 (0/248105/0), network size: 0, avg network size: 0, si_in_serializable: 0 0 %, local: 0 %
I0911 23:57:43.330003 2952439 Coordinator.h:126] commit: 36738 abort: 249982 (0/249982/0), network size: 0, avg network size: 0, si_in_serializable: 0 0 %, local: 0 %
I0911 23:57:44.330071 2952439 Coordinator.h:126] commit: 36346 abort: 250374 (0/250374/0), network size: 0, avg network size: 0, si_in_serializable: 0 0 %, local: 0 %
I0911 23:57:45.330139 2952439 Coordinator.h:126] commit: 36225 abort: 248447 (0/248447/0), network size: 0, avg network size: 0, si_in_serializable: 0 0 %, local: 0 %
I0911 23:57:46.330216 2952439 Coordinator.h:126] commit: 36424 abort: 250296 (0/250296/0), network size: 0, avg network size: 0, si_in_serializable: 0 0 %, local: 0 %
I0911 23:57:47.330286 2952439 Coordinator.h:126] commit: 35671 abort: 244905 (0/244905/0), network size: 0, avg network size: 0, si_in_serializable: 0 0 %, local: 0 %
I0911 23:57:48.330359 2952439 Coordinator.h:126] commit: 35781 abort: 244795 (0/244795/0), network size: 0, avg network size: 0, si_in_serializable: 0 0 %, local: 0 %
I0911 23:57:49.330446 2952439 Coordinator.h:126] commit: 36824 abort: 251944 (0/251944/0), network size: 0, avg network size: 0, si_in_serializable: 0 0 %, local: 0 %
I0911 23:57:50.330519 2952439 Coordinator.h:126] commit: 36715 abort: 252053 (0/252053/0), network size: 0, avg network size: 0, si_in_serializable: 0 0 %, local: 0 %
I0911 23:57:51.330586 2952439 Coordinator.h:126] commit: 36869 abort: 251899 (0/251899/0), network size: 0, avg network size: 0, si_in_serializable: 0 0 %, local: 0 %
I0911 23:57:52.330658 2952439 Coordinator.h:126] commit: 36940 abort: 251828 (0/251828/0), network size: 0, avg network size: 0, si_in_serializable: 0 0 %, local: 0 %
I0911 23:57:53.330727 2952439 Coordinator.h:126] commit: 37174 abort: 253642 (0/253642/0), network size: 0, avg network size: 0, si_in_serializable: 0 0 %, local: 0 %
I0911 23:57:54.330796 2952439 Coordinator.h:126] commit: 37061 abort: 251707 (0/251707/0), network size: 0, avg network size: 0, si_in_serializable: 0 0 %, local: 0 %
I0911 23:57:55.330865 2952439 Coordinator.h:126] commit: 36859 abort: 251909 (0/251909/0), network size: 0, avg network size: 0, si_in_serializable: 0 0 %, local: 0 %
I0911 23:57:56.330937 2952439 Coordinator.h:126] commit: 36796 abort: 251972 (0/251972/0), network size: 0, avg network size: 0, si_in_serializable: 0 0 %, local: 0 %
I0911 23:57:57.331001 2952439 Coordinator.h:126] commit: 36922 abort: 251846 (0/251846/0), network size: 0, avg network size: 0, si_in_serializable: 0 0 %, local: 0 %
I0911 23:57:58.331063 2952439 Coordinator.h:126] commit: 37030 abort: 252919 (0/252919/0), network size: 0, avg network size: 0, si_in_serializable: 0 0 %, local: 0 %
I0911 23:57:59.331127 2952439 Coordinator.h:126] commit: 35854 abort: 245589 (0/245589/0), network size: 0, avg network size: 0, si_in_serializable: 0 0 %, local: 0 %
I0911 23:58:00.331199 2952439 Coordinator.h:126] commit: 36300 abort: 248372 (0/248372/0), network size: 0, avg network size: 0, si_in_serializable: 0 0 %, local: 0 %
I0911 23:58:01.331272 2952439 Coordinator.h:126] commit: 36904 abort: 251864 (0/251864/0), network size: 0, avg network size: 0, si_in_serializable: 0 0 %, local: 0 %
I0911 23:58:02.331367 2952439 Coordinator.h:126] commit: 36702 abort: 250018 (0/250018/0), network size: 0, avg network size: 0, si_in_serializable: 0 0 %, local: 0 %
I0911 23:58:02.331387 2952439 Coordinator.h:152] average commit: 36794.1 abort: 251360 (0/251360/0), network size: 0, avg network size: 0, si_in_serializable: 0 0 %, local: 0 %
I0911 23:58:02.331398 2952439 AriaExecutor.h:641] Worker 0 latency: 6461 us (50%) 6875 us (75%) 7098 us (95%) 7488 us (99%).
I0911 23:58:02.335884 2952461 AriaExecutor.h:94] AriaExecutor 2 exits. 
I0911 23:58:02.335903 2952468 AriaExecutor.h:94] AriaExecutor 9 exits. 
I0911 23:58:02.335899 2952473 AriaExecutor.h:94] AriaExecutor 14 exits. 
I0911 23:58:02.335899 2952465 AriaExecutor.h:94] AriaExecutor 6 exits. 
I0911 23:58:02.335901 2952463 AriaExecutor.h:94] AriaExecutor 4 exits. 
I0911 23:58:02.335893 2952475 Manager.h:227] Manager(worker id = 16) on the coordinator node exits.
I0911 23:58:02.335901 2952464 AriaExecutor.h:94] AriaExecutor 5 exits. 
I0911 23:58:02.335903 2952462 AriaExecutor.h:94] AriaExecutor 3 exits. 
I0911 23:58:02.335884 2952467 AriaExecutor.h:94] AriaExecutor 8 exits. 
I0911 23:58:02.335899 2952459 AriaExecutor.h:94] AriaExecutor 0 exits. 
I0911 23:58:02.335904 2952466 AriaExecutor.h:94] AriaExecutor 7 exits. 
I0911 23:58:02.335906 2952470 AriaExecutor.h:94] AriaExecutor 11 exits. 
I0911 23:58:02.335904 2952472 AriaExecutor.h:94] AriaExecutor 13 exits. 
I0911 23:58:02.335891 2952471 AriaExecutor.h:94] AriaExecutor 12 exits. 
I0911 23:58:02.335906 2952460 AriaExecutor.h:94] AriaExecutor 1 exits. 
I0911 23:58:02.335906 2952474 AriaExecutor.h:94] AriaExecutor 15 exits. 
I0911 23:58:02.335889 2952469 AriaExecutor.h:94] AriaExecutor 10 exits. 
I0911 23:58:02.336192 2952439 AriaExecutor.h:641] Worker 1 latency: 6457 us (50%) 6873 us (75%) 7096 us (95%) 7484 us (99%).
I0911 23:58:02.339680 2952439 AriaExecutor.h:641] Worker 2 latency: 6464 us (50%) 6875 us (75%) 7098 us (95%) 7475 us (99%).
I0911 23:58:02.342841 2952439 AriaExecutor.h:641] Worker 3 latency: 6457 us (50%) 6872 us (75%) 7098 us (95%) 7479 us (99%).
I0911 23:58:02.346192 2952439 AriaExecutor.h:641] Worker 4 latency: 6450 us (50%) 6871 us (75%) 7096 us (95%) 7479 us (99%).
I0911 23:58:02.349413 2952439 AriaExecutor.h:641] Worker 5 latency: 6441 us (50%) 6867 us (75%) 7086 us (95%) 7467 us (99%).
I0911 23:58:02.352785 2952439 AriaExecutor.h:641] Worker 6 latency: 6459 us (50%) 6873 us (75%) 7095 us (95%) 7475 us (99%).
I0911 23:58:02.355950 2952439 AriaExecutor.h:641] Worker 7 latency: 6439 us (50%) 6867 us (75%) 7091 us (95%) 7475 us (99%).
I0911 23:58:02.359324 2952439 AriaExecutor.h:641] Worker 8 latency: 6454 us (50%) 6870 us (75%) 7094 us (95%) 7478 us (99%).
I0911 23:58:02.362461 2952439 AriaExecutor.h:641] Worker 9 latency: 6427 us (50%) 6863 us (75%) 7089 us (95%) 7480 us (99%).
I0911 23:58:02.365753 2952439 AriaExecutor.h:641] Worker 10 latency: 6434 us (50%) 6866 us (75%) 7094 us (95%) 7477 us (99%).
I0911 23:58:02.368855 2952439 AriaExecutor.h:641] Worker 11 latency: 6433 us (50%) 6864 us (75%) 7087 us (95%) 7470 us (99%).
I0911 23:58:02.372133 2952439 AriaExecutor.h:641] Worker 12 latency: 6427 us (50%) 6865 us (75%) 7090 us (95%) 7476 us (99%).
I0911 23:58:02.375265 2952439 AriaExecutor.h:641] Worker 13 latency: 6415 us (50%) 6859 us (75%) 7085 us (95%) 7470 us (99%).
I0911 23:58:02.378578 2952439 AriaExecutor.h:641] Worker 14 latency: 6425 us (50%) 6859 us (75%) 7089 us (95%) 7479 us (99%).
I0911 23:58:02.381665 2952439 AriaExecutor.h:641] Worker 15 latency: 6419 us (50%) 6862 us (75%) 7087 us (95%) 7476 us (99%).
I0911 23:58:02.384935 2952439 Coordinator.h:177] total commit: 36794.1
I0911 23:58:03.385051 2952439 Coordinator.h:192] Coordinator exits.
