I0911 22:24:38.023942 2934644 Database.h:65] ycsb initialization finished in 146 milliseconds.
I0911 22:24:38.024049 2934644 Coordinator.h:30] Coordinator initializes 16 workers.
I0911 22:24:38.039244 2934644 Coordinator.h:77] Coordinator starts to run 17 workers.
I0911 22:24:38.039294 2934664 AriaExecutor.h:82] AriaExecutor 0 started. 
I0911 22:24:38.039343 2934665 AriaExecutor.h:82] AriaExecutor 1 started. 
I0911 22:24:38.039382 2934666 AriaExecutor.h:82] AriaExecutor 2 started. 
I0911 22:24:38.039438 2934667 AriaExecutor.h:82] AriaExecutor 3 started. 
I0911 22:24:38.039454 2934668 AriaExecutor.h:82] AriaExecutor 4 started. 
I0911 22:24:38.039503 2934669 AriaExecutor.h:82] AriaExecutor 5 started. 
I0911 22:24:38.039534 2934670 AriaExecutor.h:82] AriaExecutor 6 started. 
I0911 22:24:38.039572 2934671 AriaExecutor.h:82] AriaExecutor 7 started. 
I0911 22:24:38.039615 2934672 AriaExecutor.h:82] AriaExecutor 8 started. 
I0911 22:24:38.039650 2934673 AriaExecutor.h:82] AriaExecutor 9 started. 
I0911 22:24:38.039692 2934674 AriaExecutor.h:82] AriaExecutor 10 started. 
I0911 22:24:38.039736 2934675 AriaExecutor.h:82] AriaExecutor 11 started. 
I0911 22:24:38.039767 2934676 AriaExecutor.h:82] AriaExecutor 12 started. 
I0911 22:24:38.039815 2934677 AriaExecutor.h:82] AriaExecutor 13 started. 
I0911 22:24:38.039857 2934678 AriaExecutor.h:82] AriaExecutor 14 started. 
I0911 22:24:38.039899 2934679 AriaExecutor.h:82] AriaExecutor 15 started. 
I0911 22:24:38.039930 2934680 Manager.h:224] Manager(worker id = 16) on the coordinator node started.
I0911 22:24:39.039983 2934644 Coordinator.h:126] commit: 1109371 abort: 14981 (0/14981/0), network size: 0, avg network size: 0, si_in_serializable: 0 0 %, local: 0 %
I0911 22:24:40.040084 2934644 Coordinator.h:126] commit: 1097915 abort: 14816 (0/14816/0), network size: 0, avg network size: 0, si_in_serializable: 0 0 %, local: 0 %
I0911 22:24:41.040159 2934644 Coordinator.h:126] commit: 1066196 abort: 14481 (0/14481/0), network size: 0, avg network size: 0, si_in_serializable: 0 0 %, local: 0 %
I0911 22:24:42.040231 2934644 Coordinator.h:126] commit: 1072983 abort: 14505 (0/14505/0), network size: 0, avg network size: 0, si_in_serializable: 0 0 %, local: 0 %
I0911 22:24:43.040330 2934644 Coordinator.h:126] commit: 1111362 abort: 15038 (0/15038/0), network size: 0, avg network size: 0, si_in_serializable: 0 0 %, local: 0 %
I0911 22:24:44.040407 2934644 Coordinator.h:126] commit: 1119480 abort: 15112 (0/15112/0), network size: 0, avg network size: 0, si_in_serializable: 0 0 %, local: 0 %
I0911 22:24:45.040477 2934644 Coordinator.h:126] commit: 1121451 abort: 15189 (0/15189/0), network size: 0, avg network size: 0, si_in_serializable: 0 0 %, local: 0 %
I0911 22:24:46.040549 2934644 Coordinator.h:126] commit: 1095244 abort: 14772 (0/14772/0), network size: 0, avg network size: 0, si_in_serializable: 0 0 %, local: 0 %
I0911 22:24:47.040627 2934644 Coordinator.h:126] commit: 1117307 abort: 15237 (0/15237/0), network size: 0, avg network size: 0, si_in_serializable: 0 0 %, local: 0 %
I0911 22:24:48.040699 2934644 Coordinator.h:126] commit: 1099403 abort: 14709 (0/14709/0), network size: 0, avg network size: 0, si_in_serializable: 0 0 %, local: 0 %
I0911 22:24:49.040778 2934644 Coordinator.h:126] commit: 1119750 abort: 14842 (0/14842/0), network size: 0, avg network size: 0, si_in_serializable: 0 0 %, local: 0 %
I0911 22:24:50.040853 2934644 Coordinator.h:126] commit: 1087226 abort: 14598 (0/14598/0), network size: 0, avg network size: 0, si_in_serializable: 0 0 %, local: 0 %
I0911 22:24:51.040925 2934644 Coordinator.h:126] commit: 1119641 abort: 14951 (0/14951/0), network size: 0, avg network size: 0, si_in_serializable: 0 0 %, local: 0 %
I0911 22:24:52.041000 2934644 Coordinator.h:126] commit: 1105628 abort: 14628 (0/14628/0), network size: 0, avg network size: 0, si_in_serializable: 0 0 %, local: 0 %
I0911 22:24:53.041096 2934644 Coordinator.h:126] commit: 1117532 abort: 15012 (0/15012/0), network size: 0, avg network size: 0, si_in_serializable: 0 0 %, local: 0 %
I0911 22:24:54.041172 2934644 Coordinator.h:126] commit: 1089093 abort: 14779 (0/14779/0), network size: 0, avg network size: 0, si_in_serializable: 0 0 %, local: 0 %
I0911 22:24:55.041245 2934644 Coordinator.h:126] commit: 1119480 abort: 15112 (0/15112/0), network size: 0, avg network size: 0, si_in_serializable: 0 0 %, local: 0 %
I0911 22:24:56.041313 2934644 Coordinator.h:126] commit: 1119317 abort: 15275 (0/15275/0), network size: 0, avg network size: 0, si_in_serializable: 0 0 %, local: 0 %
I0911 22:24:57.041385 2934644 Coordinator.h:126] commit: 1121421 abort: 15219 (0/15219/0), network size: 0, avg network size: 0, si_in_serializable: 0 0 %, local: 0 %
I0911 22:24:58.041458 2934644 Coordinator.h:126] commit: 1117429 abort: 15115 (0/15115/0), network size: 0, avg network size: 0, si_in_serializable: 0 0 %, local: 0 %
I0911 22:24:59.041530 2934644 Coordinator.h:126] commit: 1119305 abort: 15287 (0/15287/0), network size: 0, avg network size: 0, si_in_serializable: 0 0 %, local: 0 %
I0911 22:25:00.041602 2934644 Coordinator.h:126] commit: 1119503 abort: 15089 (0/15089/0), network size: 0, avg network size: 0, si_in_serializable: 0 0 %, local: 0 %
I0911 22:25:01.041673 2934644 Coordinator.h:126] commit: 1117482 abort: 15062 (0/15062/0), network size: 0, avg network size: 0, si_in_serializable: 0 0 %, local: 0 %
I0911 22:25:02.041747 2934644 Coordinator.h:126] commit: 1119514 abort: 15078 (0/15078/0), network size: 0, avg network size: 0, si_in_serializable: 0 0 %, local: 0 %
I0911 22:25:03.041821 2934644 Coordinator.h:126] commit: 1117501 abort: 15043 (0/15043/0), network size: 0, avg network size: 0, si_in_serializable: 0 0 %, local: 0 %
I0911 22:25:03.041829 2934644 Coordinator.h:152] average commit: 1.11165e+06 abort: 14953.1 (0/14953.1/0), network size: 0, avg network size: 0, si_in_serializable: 0 0 %, local: 0 %
I0911 22:25:03.042135 2934680 Manager.h:227] Manager(worker id = 16) on the coordinator node exits.
I0911 22:25:03.042140 2934668 AriaExecutor.h:94] AriaExecutor 4 exits. 
I0911 22:25:03.042153 2934671 AriaExecutor.h:94] AriaExecutor 7 exits. 
I0911 22:25:03.042141 2934666 AriaExecutor.h:94] AriaExecutor 2 exits. 
I0911 22:25:03.042135 2934674 AriaExecutor.h:94] AriaExecutor 10 exits. 
I0911 22:25:03.042136 2934678 AriaExecutor.h:94] AriaExecutor 14 exits. 
I0911 22:25:03.042140 2934676 AriaExecutor.h:94] AriaExecutor 12 exits. 
I0911 22:25:03.042136 2934672 AriaExecutor.h:94] AriaExecutor 8 exits. 
I0911 22:25:03.042151 2934673 AriaExecutor.h:94] AriaExecutor 9 exits. 
I0911 22:25:03.042152 2934679 AriaExecutor.h:94] AriaExecutor 15 exits. 
I0911 22:25:03.042150 2934675 AriaExecutor.h:94] AriaExecutor 11 exits. 
I0911 22:25:03.042152 2934669 AriaExecutor.h:94] AriaExecutor 5 exits. 
I0911 22:25:03.042150 2934677 AriaExecutor.h:94] AriaExecutor 13 exits. 
I0911 22:25:03.042135 2934670 AriaExecutor.h:94] AriaExecutor 6 exits. 
I0911 22:25:03.042136 2934664 AriaExecutor.h:94] AriaExecutor 0 exits. 
I0911 22:25:03.042155 2934667 AriaExecutor.h:94] AriaExecutor 3 exits. 
I0911 22:25:03.042155 2934665 AriaExecutor.h:94] AriaExecutor 1 exits. 
I0911 22:25:03.041839 2934644 AriaExecutor.h:535] Worker 0 latency: 1130 us (50%) 1427 us (75%) 1664 us (95%) 1715 us (99%).
I0911 22:25:03.111472 2934644 AriaExecutor.h:535] Worker 1 latency: 1129 us (50%) 1426 us (75%) 1663 us (95%) 1714 us (99%).
I0911 22:25:03.188400 2934644 AriaExecutor.h:535] Worker 2 latency: 1135 us (50%) 1429 us (75%) 1664 us (95%) 1715 us (99%).
I0911 22:25:03.257249 2934644 AriaExecutor.h:535] Worker 3 latency: 1131 us (50%) 1426 us (75%) 1663 us (95%) 1714 us (99%).
I0911 22:25:03.333295 2934644 AriaExecutor.h:535] Worker 4 latency: 1131 us (50%) 1427 us (75%) 1664 us (95%) 1715 us (99%).
I0911 22:25:03.402766 2934644 AriaExecutor.h:535] Worker 5 latency: 1128 us (50%) 1425 us (75%) 1663 us (95%) 1714 us (99%).
I0911 22:25:03.480109 2934644 AriaExecutor.h:535] Worker 6 latency: 1134 us (50%) 1429 us (75%) 1665 us (95%) 1715 us (99%).
I0911 22:25:03.548964 2934644 AriaExecutor.h:535] Worker 7 latency: 1130 us (50%) 1426 us (75%) 1663 us (95%) 1714 us (99%).
I0911 22:25:03.625216 2934644 AriaExecutor.h:535] Worker 8 latency: 1130 us (50%) 1426 us (75%) 1664 us (95%) 1715 us (99%).
I0911 22:25:03.694399 2934644 AriaExecutor.h:535] Worker 9 latency: 1130 us (50%) 1425 us (75%) 1663 us (95%) 1714 us (99%).
I0911 22:25:03.771257 2934644 AriaExecutor.h:535] Worker 10 latency: 1136 us (50%) 1429 us (75%) 1664 us (95%) 1715 us (99%).
I0911 22:25:03.840394 2934644 AriaExecutor.h:535] Worker 11 latency: 1130 us (50%) 1425 us (75%) 1662 us (95%) 1714 us (99%).
I0911 22:25:03.918280 2934644 AriaExecutor.h:535] Worker 12 latency: 1133 us (50%) 1427 us (75%) 1664 us (95%) 1715 us (99%).
I0911 22:25:03.986523 2934644 AriaExecutor.h:535] Worker 13 latency: 1128 us (50%) 1424 us (75%) 1663 us (95%) 1714 us (99%).
I0911 22:25:04.061601 2934644 AriaExecutor.h:535] Worker 14 latency: 1135 us (50%) 1429 us (75%) 1664 us (95%) 1715 us (99%).
I0911 22:25:04.129622 2934644 AriaExecutor.h:535] Worker 15 latency: 1133 us (50%) 1427 us (75%) 1663 us (95%) 1714 us (99%).
I0911 22:25:04.204739 2934644 Coordinator.h:177] total commit: 1.11165e+06
I0911 22:25:05.204859 2934644 Coordinator.h:192] Coordinator exits.
