I1126 18:04:03.462797 1065727 Database.h:65] ycsb initialization finished in 29 milliseconds.
I1126 18:04:03.462900 1065727 Coordinator.h:30] Coordinator initializes 12 workers.
I1126 18:04:03.463771 1065727 Coordinator.h:77] Coordinator starts to run 13 workers.
I1126 18:04:03.463825 1065744 AriaExecutor.h:91] AriaExecutor 0 started. 
I1126 18:04:03.463857 1065745 AriaExecutor.h:91] AriaExecutor 1 started. 
I1126 18:04:03.463896 1065746 AriaExecutor.h:91] AriaExecutor 2 started. 
I1126 18:04:03.463950 1065747 AriaExecutor.h:91] AriaExecutor 3 started. 
I1126 18:04:03.464027 1065749 AriaExecutor.h:91] AriaExecutor 5 started. 
I1126 18:04:03.464071 1065750 AriaExecutor.h:91] AriaExecutor 6 started. 
I1126 18:04:03.464115 1065751 AriaExecutor.h:91] AriaExecutor 7 started. 
I1126 18:04:03.464156 1065752 AriaExecutor.h:91] AriaExecutor 8 started. 
I1126 18:04:03.464205 1065753 AriaExecutor.h:91] AriaExecutor 9 started. 
I1126 18:04:03.464241 1065754 AriaExecutor.h:91] AriaExecutor 10 started. 
I1126 18:04:03.464298 1065755 AriaExecutor.h:91] AriaExecutor 11 started. 
I1126 18:04:03.464326 1065748 AriaExecutor.h:91] AriaExecutor 4 started. 
I1126 18:04:03.464334 1065756 Manager.h:224] Manager(worker id = 12) on the coordinator node started.
I1126 18:04:04.464392 1065727 Coordinator.h:126] commit: 1340430 abort: 44570 (0/44570/0), network size: 0, avg network size: 0, si_in_serializable: 0 0 %, local: 0 %
I1126 18:04:05.464506 1065727 Coordinator.h:126] commit: 1343912 abort: 44088 (0/44088/0), network size: 0, avg network size: 0, si_in_serializable: 0 0 %, local: 0 %
I1126 18:04:06.464619 1065727 Coordinator.h:126] commit: 1356296 abort: 44704 (0/44704/0), network size: 0, avg network size: 0, si_in_serializable: 0 0 %, local: 0 %
I1126 18:04:07.464720 1065727 Coordinator.h:126] commit: 1376564 abort: 45436 (0/45436/0), network size: 0, avg network size: 0, si_in_serializable: 0 0 %, local: 0 %
I1126 18:04:08.464811 1065727 Coordinator.h:126] commit: 1341433 abort: 44567 (0/44567/0), network size: 0, avg network size: 0, si_in_serializable: 0 0 %, local: 0 %
I1126 18:04:09.464911 1065727 Coordinator.h:126] commit: 1376866 abort: 45134 (0/45134/0), network size: 0, avg network size: 0, si_in_serializable: 0 0 %, local: 0 %
I1126 18:04:10.465015 1065727 Coordinator.h:126] commit: 1356331 abort: 44669 (0/44669/0), network size: 0, avg network size: 0, si_in_serializable: 0 0 %, local: 0 %
I1126 18:04:11.465116 1065727 Coordinator.h:126] commit: 1376336 abort: 45664 (0/45664/0), network size: 0, avg network size: 0, si_in_serializable: 0 0 %, local: 0 %
I1126 18:04:12.465196 1065727 Coordinator.h:126] commit: 1368418 abort: 45582 (0/45582/0), network size: 0, avg network size: 0, si_in_serializable: 0 0 %, local: 0 %
I1126 18:04:13.465296 1065727 Coordinator.h:126] commit: 1301242 abort: 42758 (0/42758/0), network size: 0, avg network size: 0, si_in_serializable: 0 0 %, local: 0 %
I1126 18:04:14.465384 1065727 Coordinator.h:126] commit: 1374917 abort: 45083 (0/45083/0), network size: 0, avg network size: 0, si_in_serializable: 0 0 %, local: 0 %
I1126 18:04:15.465487 1065727 Coordinator.h:126] commit: 1371562 abort: 45438 (0/45438/0), network size: 0, avg network size: 0, si_in_serializable: 0 0 %, local: 0 %
I1126 18:04:16.465572 1065727 Coordinator.h:126] commit: 1364854 abort: 45146 (0/45146/0), network size: 0, avg network size: 0, si_in_serializable: 0 0 %, local: 0 %
I1126 18:04:17.465677 1065727 Coordinator.h:126] commit: 1373504 abort: 45496 (0/45496/0), network size: 0, avg network size: 0, si_in_serializable: 0 0 %, local: 0 %
I1126 18:04:18.465797 1065727 Coordinator.h:126] commit: 1351373 abort: 44627 (0/44627/0), network size: 0, avg network size: 0, si_in_serializable: 0 0 %, local: 0 %
I1126 18:04:19.465899 1065727 Coordinator.h:126] commit: 1371670 abort: 45330 (0/45330/0), network size: 0, avg network size: 0, si_in_serializable: 0 0 %, local: 0 %
I1126 18:04:20.465979 1065727 Coordinator.h:126] commit: 1369818 abort: 45182 (0/45182/0), network size: 0, avg network size: 0, si_in_serializable: 0 0 %, local: 0 %
I1126 18:04:21.466068 1065727 Coordinator.h:126] commit: 1371775 abort: 45225 (0/45225/0), network size: 0, avg network size: 0, si_in_serializable: 0 0 %, local: 0 %
I1126 18:04:22.466163 1065727 Coordinator.h:126] commit: 1199590 abort: 39410 (0/39410/0), network size: 0, avg network size: 0, si_in_serializable: 0 0 %, local: 0 %
I1126 18:04:23.466254 1065727 Coordinator.h:126] commit: 1371758 abort: 45242 (0/45242/0), network size: 0, avg network size: 0, si_in_serializable: 0 0 %, local: 0 %
I1126 18:04:24.466337 1065727 Coordinator.h:126] commit: 1371861 abort: 45139 (0/45139/0), network size: 0, avg network size: 0, si_in_serializable: 0 0 %, local: 0 %
I1126 18:04:25.466424 1065727 Coordinator.h:126] commit: 1369015 abort: 44985 (0/44985/0), network size: 0, avg network size: 0, si_in_serializable: 0 0 %, local: 0 %
I1126 18:04:26.466524 1065727 Coordinator.h:126] commit: 1369833 abort: 45167 (0/45167/0), network size: 0, avg network size: 0, si_in_serializable: 0 0 %, local: 0 %
I1126 18:04:27.466607 1065727 Coordinator.h:126] commit: 1367693 abort: 45307 (0/45307/0), network size: 0, avg network size: 0, si_in_serializable: 0 0 %, local: 0 %
I1126 18:04:28.466707 1065727 Coordinator.h:126] commit: 1373351 abort: 45649 (0/45649/0), network size: 0, avg network size: 0, si_in_serializable: 0 0 %, local: 0 %
I1126 18:04:28.466727 1065727 Coordinator.h:152] average commit: 1.35208e+06 abort: 44617.9 (0/44617.9/0), network size: 0, avg network size: 0, si_in_serializable: 0 0 %, local: 0 %
I1126 18:04:28.467190 1065744 AriaExecutor.h:103] AriaExecutor 0 exits. 
I1126 18:04:28.467192 1065746 AriaExecutor.h:103] AriaExecutor 2 exits. 
I1126 18:04:28.467192 1065756 Manager.h:227] Manager(worker id = 12) on the coordinator node exits.
I1126 18:04:28.467193 1065748 AriaExecutor.h:103] AriaExecutor 4 exits. 
I1126 18:04:28.467206 1065747 AriaExecutor.h:103] AriaExecutor 3 exits. 
I1126 18:04:28.467206 1065755 AriaExecutor.h:103] AriaExecutor 11 exits. 
I1126 18:04:28.467195 1065752 AriaExecutor.h:103] AriaExecutor 8 exits. 
I1126 18:04:28.467206 1065745 AriaExecutor.h:103] AriaExecutor 1 exits. 
I1126 18:04:28.467206 1065753 AriaExecutor.h:103] AriaExecutor 9 exits. 
I1126 18:04:28.467195 1065754 AriaExecutor.h:103] AriaExecutor 10 exits. 
I1126 18:04:28.467195 1065750 AriaExecutor.h:103] AriaExecutor 6 exits. 
I1126 18:04:28.467206 1065751 AriaExecutor.h:103] AriaExecutor 7 exits. 
I1126 18:04:28.467206 1065749 AriaExecutor.h:103] AriaExecutor 5 exits. 
I1126 18:04:28.466737 1065727 AriaExecutor.h:621] Worker 0 latency: 527 us (50%) 577 us (75%) 621 us (95%) 641 us (99%).
I1126 18:04:28.568547 1065727 AriaExecutor.h:621] Worker 1 latency: 524 us (50%) 575 us (75%) 619 us (95%) 640 us (99%).
I1126 18:04:28.668350 1065727 AriaExecutor.h:621] Worker 2 latency: 528 us (50%) 577 us (75%) 620 us (95%) 641 us (99%).
I1126 18:04:28.768394 1065727 AriaExecutor.h:621] Worker 3 latency: 526 us (50%) 576 us (75%) 619 us (95%) 640 us (99%).
I1126 18:04:28.869868 1065727 AriaExecutor.h:621] Worker 4 latency: 528 us (50%) 577 us (75%) 620 us (95%) 641 us (99%).
I1126 18:04:28.970592 1065727 AriaExecutor.h:621] Worker 5 latency: 526 us (50%) 575 us (75%) 619 us (95%) 639 us (99%).
I1126 18:04:29.072542 1065727 AriaExecutor.h:621] Worker 6 latency: 532 us (50%) 579 us (75%) 621 us (95%) 641 us (99%).
I1126 18:04:29.171747 1065727 AriaExecutor.h:621] Worker 7 latency: 527 us (50%) 576 us (75%) 619 us (95%) 639 us (99%).
I1126 18:04:29.272131 1065727 AriaExecutor.h:621] Worker 8 latency: 532 us (50%) 579 us (75%) 621 us (95%) 641 us (99%).
I1126 18:04:29.375013 1065727 AriaExecutor.h:621] Worker 9 latency: 528 us (50%) 576 us (75%) 619 us (95%) 640 us (99%).
I1126 18:04:29.478816 1065727 AriaExecutor.h:621] Worker 10 latency: 532 us (50%) 579 us (75%) 621 us (95%) 641 us (99%).
I1126 18:04:29.576263 1065727 AriaExecutor.h:621] Worker 11 latency: 529 us (50%) 577 us (75%) 619 us (95%) 640 us (99%).
I1126 18:04:29.675364 1065727 Coordinator.h:177] total commit: 1.35208e+06
I1126 18:04:30.675475 1065727 Coordinator.h:192] Coordinator exits.
