I1126 18:10:29.445845 1069502 Database.h:65] ycsb initialization finished in 30 milliseconds.
I1126 18:10:29.445936 1069502 Coordinator.h:30] Coordinator initializes 12 workers.
I1126 18:10:29.446807 1069502 Coordinator.h:77] Coordinator starts to run 13 workers.
I1126 18:10:29.446858 1069518 AriaExecutor.h:91] AriaExecutor 0 started. 
I1126 18:10:29.446888 1069519 AriaExecutor.h:91] AriaExecutor 1 started. 
I1126 18:10:29.446925 1069520 AriaExecutor.h:91] AriaExecutor 2 started. 
I1126 18:10:29.446970 1069521 AriaExecutor.h:91] AriaExecutor 3 started. 
I1126 18:10:29.447048 1069523 AriaExecutor.h:91] AriaExecutor 5 started. 
I1126 18:10:29.447083 1069524 AriaExecutor.h:91] AriaExecutor 6 started. 
I1126 18:10:29.447126 1069525 AriaExecutor.h:91] AriaExecutor 7 started. 
I1126 18:10:29.447165 1069526 AriaExecutor.h:91] AriaExecutor 8 started. 
I1126 18:10:29.447208 1069527 AriaExecutor.h:91] AriaExecutor 9 started. 
I1126 18:10:29.447249 1069528 AriaExecutor.h:91] AriaExecutor 10 started. 
I1126 18:10:29.447289 1069529 AriaExecutor.h:91] AriaExecutor 11 started. 
I1126 18:10:29.447319 1069522 AriaExecutor.h:91] AriaExecutor 4 started. 
I1126 18:10:29.447324 1069530 Manager.h:224] Manager(worker id = 12) on the coordinator node started.
I1126 18:10:30.447384 1069502 Coordinator.h:126] commit: 1289509 abort: 108491 (0/108491/0), network size: 0, avg network size: 0, si_in_serializable: 0 0 %, local: 0 %
I1126 18:10:31.447490 1069502 Coordinator.h:126] commit: 1274448 abort: 107552 (0/107552/0), network size: 0, avg network size: 0, si_in_serializable: 0 0 %, local: 0 %
I1126 18:10:32.447593 1069502 Coordinator.h:126] commit: 1290897 abort: 108103 (0/108103/0), network size: 0, avg network size: 0, si_in_serializable: 0 0 %, local: 0 %
I1126 18:10:33.447679 1069502 Coordinator.h:126] commit: 1306385 abort: 109615 (0/109615/0), network size: 0, avg network size: 0, si_in_serializable: 0 0 %, local: 0 %
I1126 18:10:34.447767 1069502 Coordinator.h:126] commit: 1274985 abort: 106890 (0/106890/0), network size: 0, avg network size: 0, si_in_serializable: 0 0 %, local: 0 %
I1126 18:10:35.447847 1069502 Coordinator.h:126] commit: 1304182 abort: 108943 (0/108943/0), network size: 0, avg network size: 0, si_in_serializable: 0 0 %, local: 0 %
I1126 18:10:36.447949 1069502 Coordinator.h:126] commit: 1292343 abort: 108657 (0/108657/0), network size: 0, avg network size: 0, si_in_serializable: 0 0 %, local: 0 %
I1126 18:10:37.448032 1069502 Coordinator.h:126] commit: 1305190 abort: 109810 (0/109810/0), network size: 0, avg network size: 0, si_in_serializable: 0 0 %, local: 0 %
I1126 18:10:38.448112 1069502 Coordinator.h:126] commit: 1309698 abort: 110302 (0/110302/0), network size: 0, avg network size: 0, si_in_serializable: 0 0 %, local: 0 %
I1126 18:10:39.448189 1069502 Coordinator.h:126] commit: 1214408 abort: 102592 (0/102592/0), network size: 0, avg network size: 0, si_in_serializable: 0 0 %, local: 0 %
I1126 18:10:40.448266 1069502 Coordinator.h:126] commit: 1307236 abort: 109764 (0/109764/0), network size: 0, avg network size: 0, si_in_serializable: 0 0 %, local: 0 %
I1126 18:10:41.448359 1069502 Coordinator.h:126] commit: 1285277 abort: 108723 (0/108723/0), network size: 0, avg network size: 0, si_in_serializable: 0 0 %, local: 0 %
I1126 18:10:42.448448 1069502 Coordinator.h:126] commit: 1306908 abort: 110092 (0/110092/0), network size: 0, avg network size: 0, si_in_serializable: 0 0 %, local: 0 %
I1126 18:10:43.448539 1069502 Coordinator.h:126] commit: 1304135 abort: 109865 (0/109865/0), network size: 0, avg network size: 0, si_in_serializable: 0 0 %, local: 0 %
I1126 18:10:44.448632 1069502 Coordinator.h:126] commit: 1308009 abort: 109991 (0/109991/0), network size: 0, avg network size: 0, si_in_serializable: 0 0 %, local: 0 %
I1126 18:10:45.448710 1069502 Coordinator.h:126] commit: 1303435 abort: 109565 (0/109565/0), network size: 0, avg network size: 0, si_in_serializable: 0 0 %, local: 0 %
I1126 18:10:46.448789 1069502 Coordinator.h:126] commit: 1304543 abort: 109457 (0/109457/0), network size: 0, avg network size: 0, si_in_serializable: 0 0 %, local: 0 %
I1126 18:10:47.448863 1069502 Coordinator.h:126] commit: 1304057 abort: 109943 (0/109943/0), network size: 0, avg network size: 0, si_in_serializable: 0 0 %, local: 0 %
I1126 18:10:48.448937 1069502 Coordinator.h:126] commit: 1306518 abort: 109482 (0/109482/0), network size: 0, avg network size: 0, si_in_serializable: 0 0 %, local: 0 %
I1126 18:10:49.449018 1069502 Coordinator.h:126] commit: 1115087 abort: 93913 (0/93913/0), network size: 0, avg network size: 0, si_in_serializable: 0 0 %, local: 0 %
I1126 18:10:50.449113 1069502 Coordinator.h:126] commit: 1312916 abort: 110084 (0/110084/0), network size: 0, avg network size: 0, si_in_serializable: 0 0 %, local: 0 %
I1126 18:10:51.449198 1069502 Coordinator.h:126] commit: 1307576 abort: 109424 (0/109424/0), network size: 0, avg network size: 0, si_in_serializable: 0 0 %, local: 0 %
I1126 18:10:52.449301 1069502 Coordinator.h:126] commit: 1307040 abort: 109960 (0/109960/0), network size: 0, avg network size: 0, si_in_serializable: 0 0 %, local: 0 %
I1126 18:10:53.449434 1069502 Coordinator.h:126] commit: 1290906 abort: 109094 (0/109094/0), network size: 0, avg network size: 0, si_in_serializable: 0 0 %, local: 0 %
I1126 18:10:54.449542 1069502 Coordinator.h:126] commit: 1306808 abort: 110192 (0/110192/0), network size: 0, avg network size: 0, si_in_serializable: 0 0 %, local: 0 %
I1126 18:10:54.449577 1069502 Coordinator.h:152] average commit: 1.28452e+06 abort: 108080 (0/108080/0), network size: 0, avg network size: 0, si_in_serializable: 0 0 %, local: 0 %
I1126 18:10:54.449978 1069524 AriaExecutor.h:103] AriaExecutor 6 exits. 
I1126 18:10:54.449981 1069520 AriaExecutor.h:103] AriaExecutor 2 exits. 
I1126 18:10:54.449980 1069528 AriaExecutor.h:103] AriaExecutor 10 exits. 
I1126 18:10:54.449982 1069530 Manager.h:227] Manager(worker id = 12) on the coordinator node exits.
I1126 18:10:54.449994 1069523 AriaExecutor.h:103] AriaExecutor 5 exits. 
I1126 18:10:54.449992 1069525 AriaExecutor.h:103] AriaExecutor 7 exits. 
I1126 18:10:54.449993 1069521 AriaExecutor.h:103] AriaExecutor 3 exits. 
I1126 18:10:54.449982 1069518 AriaExecutor.h:103] AriaExecutor 0 exits. 
I1126 18:10:54.449993 1069519 AriaExecutor.h:103] AriaExecutor 1 exits. 
I1126 18:10:54.449993 1069529 AriaExecutor.h:103] AriaExecutor 11 exits. 
I1126 18:10:54.449992 1069527 AriaExecutor.h:103] AriaExecutor 9 exits. 
I1126 18:10:54.449995 1069526 AriaExecutor.h:103] AriaExecutor 8 exits. 
I1126 18:10:54.449983 1069522 AriaExecutor.h:103] AriaExecutor 4 exits. 
I1126 18:10:54.449587 1069502 AriaExecutor.h:621] Worker 0 latency: 531 us (50%) 581 us (75%) 624 us (95%) 647 us (99%).
I1126 18:10:54.544890 1069502 AriaExecutor.h:621] Worker 1 latency: 529 us (50%) 580 us (75%) 622 us (95%) 645 us (99%).
I1126 18:10:54.643579 1069502 AriaExecutor.h:621] Worker 2 latency: 533 us (50%) 581 us (75%) 623 us (95%) 647 us (99%).
I1126 18:10:54.741146 1069502 AriaExecutor.h:621] Worker 3 latency: 532 us (50%) 580 us (75%) 622 us (95%) 646 us (99%).
I1126 18:10:54.838742 1069502 AriaExecutor.h:621] Worker 4 latency: 533 us (50%) 581 us (75%) 623 us (95%) 647 us (99%).
I1126 18:10:54.935415 1069502 AriaExecutor.h:621] Worker 5 latency: 530 us (50%) 579 us (75%) 622 us (95%) 645 us (99%).
I1126 18:10:55.033565 1069502 AriaExecutor.h:621] Worker 6 latency: 537 us (50%) 583 us (75%) 624 us (95%) 647 us (99%).
I1126 18:10:55.128633 1069502 AriaExecutor.h:621] Worker 7 latency: 532 us (50%) 580 us (75%) 622 us (95%) 645 us (99%).
I1126 18:10:55.224526 1069502 AriaExecutor.h:621] Worker 8 latency: 535 us (50%) 583 us (75%) 624 us (95%) 647 us (99%).
I1126 18:10:55.317770 1069502 AriaExecutor.h:621] Worker 9 latency: 533 us (50%) 580 us (75%) 622 us (95%) 645 us (99%).
I1126 18:10:55.413595 1069502 AriaExecutor.h:621] Worker 10 latency: 537 us (50%) 583 us (75%) 624 us (95%) 647 us (99%).
I1126 18:10:55.511059 1069502 AriaExecutor.h:621] Worker 11 latency: 534 us (50%) 581 us (75%) 622 us (95%) 646 us (99%).
I1126 18:10:55.622167 1069502 Coordinator.h:177] total commit: 1.28452e+06
I1126 18:10:56.622298 1069502 Coordinator.h:192] Coordinator exits.
