I1126 13:42:11.248469 942186 Database.h:65] ycsb initialization finished in 30 milliseconds.
I1126 13:42:11.248560 942186 Coordinator.h:30] Coordinator initializes 12 workers.
I1126 13:42:11.320861 942186 Coordinator.h:77] Coordinator starts to run 13 workers.
I1126 13:42:11.320926 942202 AriaExecutor.h:82] AriaExecutor 0 started. 
I1126 13:42:11.320951 942203 AriaExecutor.h:82] AriaExecutor 1 started. 
I1126 13:42:11.320988 942204 AriaExecutor.h:82] AriaExecutor 2 started. 
I1126 13:42:11.321031 942205 AriaExecutor.h:82] AriaExecutor 3 started. 
I1126 13:42:11.321070 942206 AriaExecutor.h:82] AriaExecutor 4 started. 
I1126 13:42:11.321127 942207 AriaExecutor.h:82] AriaExecutor 5 started. 
I1126 13:42:11.321175 942208 AriaExecutor.h:82] AriaExecutor 6 started. 
I1126 13:42:11.321225 942209 AriaExecutor.h:82] AriaExecutor 7 started. 
I1126 13:42:11.321269 942210 AriaExecutor.h:82] AriaExecutor 8 started. 
I1126 13:42:11.321323 942211 AriaExecutor.h:82] AriaExecutor 9 started. 
I1126 13:42:11.321370 942212 AriaExecutor.h:82] AriaExecutor 10 started. 
I1126 13:42:11.321421 942213 AriaExecutor.h:82] AriaExecutor 11 started. 
I1126 13:42:11.321465 942214 Manager.h:224] Manager(worker id = 12) on the coordinator node started.
I1126 13:42:12.321532 942186 Coordinator.h:126] commit: 691 abort: 149309 (0/149309/0), network size: 0, avg network size: 0, si_in_serializable: 0 0 %, local: 0 %
I1126 13:42:13.321662 942186 Coordinator.h:126] commit: 790 abort: 159210 (0/159210/0), network size: 0, avg network size: 0, si_in_serializable: 0 0 %, local: 0 %
I1126 13:42:14.321796 942186 Coordinator.h:126] commit: 778 abort: 159222 (0/159222/0), network size: 0, avg network size: 0, si_in_serializable: 0 0 %, local: 0 %
I1126 13:42:15.321907 942186 Coordinator.h:126] commit: 739 abort: 159261 (0/159261/0), network size: 0, avg network size: 0, si_in_serializable: 0 0 %, local: 0 %
I1126 13:42:16.322012 942186 Coordinator.h:126] commit: 744 abort: 159256 (0/159256/0), network size: 0, avg network size: 0, si_in_serializable: 0 0 %, local: 0 %
I1126 13:42:17.322117 942186 Coordinator.h:126] commit: 768 abort: 159232 (0/159232/0), network size: 0, avg network size: 0, si_in_serializable: 0 0 %, local: 0 %
I1126 13:42:18.322248 942186 Coordinator.h:126] commit: 766 abort: 159234 (0/159234/0), network size: 0, avg network size: 0, si_in_serializable: 0 0 %, local: 0 %
I1126 13:42:19.322366 942186 Coordinator.h:126] commit: 802 abort: 169198 (0/169198/0), network size: 0, avg network size: 0, si_in_serializable: 0 0 %, local: 0 %
I1126 13:42:20.322474 942186 Coordinator.h:126] commit: 763 abort: 159237 (0/159237/0), network size: 0, avg network size: 0, si_in_serializable: 0 0 %, local: 0 %
I1126 13:42:21.322579 942186 Coordinator.h:126] commit: 763 abort: 159237 (0/159237/0), network size: 0, avg network size: 0, si_in_serializable: 0 0 %, local: 0 %
I1126 13:42:22.322690 942186 Coordinator.h:126] commit: 816 abort: 169184 (0/169184/0), network size: 0, avg network size: 0, si_in_serializable: 0 0 %, local: 0 %
I1126 13:42:23.322816 942186 Coordinator.h:126] commit: 788 abort: 159212 (0/159212/0), network size: 0, avg network size: 0, si_in_serializable: 0 0 %, local: 0 %
I1126 13:42:24.322932 942186 Coordinator.h:126] commit: 749 abort: 159251 (0/159251/0), network size: 0, avg network size: 0, si_in_serializable: 0 0 %, local: 0 %
I1126 13:42:25.323033 942186 Coordinator.h:126] commit: 747 abort: 159253 (0/159253/0), network size: 0, avg network size: 0, si_in_serializable: 0 0 %, local: 0 %
I1126 13:42:26.323133 942186 Coordinator.h:126] commit: 736 abort: 159264 (0/159264/0), network size: 0, avg network size: 0, si_in_serializable: 0 0 %, local: 0 %
I1126 13:42:27.323233 942186 Coordinator.h:126] commit: 788 abort: 169212 (0/169212/0), network size: 0, avg network size: 0, si_in_serializable: 0 0 %, local: 0 %
I1126 13:42:28.323339 942186 Coordinator.h:126] commit: 777 abort: 159223 (0/159223/0), network size: 0, avg network size: 0, si_in_serializable: 0 0 %, local: 0 %
I1126 13:42:29.323441 942186 Coordinator.h:126] commit: 757 abort: 159243 (0/159243/0), network size: 0, avg network size: 0, si_in_serializable: 0 0 %, local: 0 %
I1126 13:42:30.323570 942186 Coordinator.h:126] commit: 760 abort: 159240 (0/159240/0), network size: 0, avg network size: 0, si_in_serializable: 0 0 %, local: 0 %
I1126 13:42:31.323686 942186 Coordinator.h:126] commit: 778 abort: 159222 (0/159222/0), network size: 0, avg network size: 0, si_in_serializable: 0 0 %, local: 0 %
I1126 13:42:32.323788 942186 Coordinator.h:126] commit: 775 abort: 159225 (0/159225/0), network size: 0, avg network size: 0, si_in_serializable: 0 0 %, local: 0 %
I1126 13:42:33.323881 942186 Coordinator.h:126] commit: 755 abort: 159245 (0/159245/0), network size: 0, avg network size: 0, si_in_serializable: 0 0 %, local: 0 %
I1126 13:42:34.323984 942186 Coordinator.h:126] commit: 812 abort: 169188 (0/169188/0), network size: 0, avg network size: 0, si_in_serializable: 0 0 %, local: 0 %
I1126 13:42:35.324079 942186 Coordinator.h:126] commit: 730 abort: 159270 (0/159270/0), network size: 0, avg network size: 0, si_in_serializable: 0 0 %, local: 0 %
I1126 13:42:36.324184 942186 Coordinator.h:126] commit: 748 abort: 159252 (0/159252/0), network size: 0, avg network size: 0, si_in_serializable: 0 0 %, local: 0 %
I1126 13:42:36.324213 942186 Coordinator.h:152] average commit: 769.6 abort: 161230 (0/161230/0), network size: 0, avg network size: 0, si_in_serializable: 0 0 %, local: 0 %
I1126 13:42:36.324224 942186 AriaExecutor.h:535] Worker 0 latency: 61442 us (50%) 61729 us (75%) 63307 us (95%) 70291 us (99%).
I1126 13:42:36.369273 942214 Manager.h:227] Manager(worker id = 12) on the coordinator node exits.
I1126 13:42:36.369275 942212 AriaExecutor.h:94] AriaExecutor 10 exits. 
I1126 13:42:36.369275 942204 AriaExecutor.h:94] AriaExecutor 2 exits. 
I1126 13:42:36.369277 942210 AriaExecutor.h:94] AriaExecutor 8 exits. 
I1126 13:42:36.369289 942209 AriaExecutor.h:94] AriaExecutor 7 exits. 
I1126 13:42:36.369275 942208 AriaExecutor.h:94] AriaExecutor 6 exits. 
I1126 13:42:36.369278 942206 AriaExecutor.h:94] AriaExecutor 4 exits. 
I1126 13:42:36.369289 942207 AriaExecutor.h:94] AriaExecutor 5 exits. 
I1126 13:42:36.369275 942202 AriaExecutor.h:94] AriaExecutor 0 exits. 
I1126 13:42:36.369289 942203 AriaExecutor.h:94] AriaExecutor 1 exits. 
I1126 13:42:36.369289 942213 AriaExecutor.h:94] AriaExecutor 11 exits. 
I1126 13:42:36.369289 942205 AriaExecutor.h:94] AriaExecutor 3 exits. 
I1126 13:42:36.369289 942211 AriaExecutor.h:94] AriaExecutor 9 exits. 
I1126 13:42:36.369621 942186 AriaExecutor.h:535] Worker 1 latency: 61411 us (50%) 61705 us (75%) 63545 us (95%) 70456 us (99%).
I1126 13:42:36.369709 942186 AriaExecutor.h:535] Worker 2 latency: 61414 us (50%) 61718 us (75%) 63261 us (95%) 70206 us (99%).
I1126 13:42:36.369791 942186 AriaExecutor.h:535] Worker 3 latency: 61386 us (50%) 61683 us (75%) 63500 us (95%) 70456 us (99%).
I1126 13:42:36.369867 942186 AriaExecutor.h:535] Worker 4 latency: 61434 us (50%) 61742 us (75%) 63411 us (95%) 70676 us (99%).
I1126 13:42:36.369963 942186 AriaExecutor.h:535] Worker 5 latency: 61396 us (50%) 61687 us (75%) 63489 us (95%) 70338 us (99%).
I1126 13:42:36.370055 942186 AriaExecutor.h:535] Worker 6 latency: 61420 us (50%) 61728 us (75%) 63450 us (95%) 70335 us (99%).
I1126 13:42:36.370136 942186 AriaExecutor.h:535] Worker 7 latency: 61396 us (50%) 61680 us (75%) 63412 us (95%) 70580 us (99%).
I1126 13:42:36.370218 942186 AriaExecutor.h:535] Worker 8 latency: 61457 us (50%) 61760 us (75%) 63487 us (95%) 70498 us (99%).
I1126 13:42:36.370290 942186 AriaExecutor.h:535] Worker 9 latency: 61401 us (50%) 61693 us (75%) 63444 us (95%) 70494 us (99%).
I1126 13:42:36.370374 942186 AriaExecutor.h:535] Worker 10 latency: 61411 us (50%) 61715 us (75%) 63508 us (95%) 70507 us (99%).
I1126 13:42:36.370450 942186 AriaExecutor.h:535] Worker 11 latency: 61372 us (50%) 61669 us (75%) 63500 us (95%) 70465 us (99%).
I1126 13:42:36.370535 942186 Coordinator.h:177] total commit: 769.6
I1126 13:42:37.370642 942186 Coordinator.h:192] Coordinator exits.
