I0911 23:40:42.817667 2949292 Database.h:65] ycsb initialization finished in 180 milliseconds.
I0911 23:40:42.817780 2949292 Coordinator.h:30] Coordinator initializes 16 workers.
I0911 23:40:42.825562 2949292 Coordinator.h:77] Coordinator starts to run 17 workers.
I0911 23:40:42.825615 2949312 AriaExecutor.h:82] AriaExecutor 0 started. 
I0911 23:40:42.825639 2949313 AriaExecutor.h:82] AriaExecutor 1 started. 
I0911 23:40:42.825675 2949314 AriaExecutor.h:82] AriaExecutor 2 started. 
I0911 23:40:42.825728 2949315 AriaExecutor.h:82] AriaExecutor 3 started. 
I0911 23:40:42.825748 2949316 AriaExecutor.h:82] AriaExecutor 4 started. 
I0911 23:40:42.825801 2949317 AriaExecutor.h:82] AriaExecutor 5 started. 
I0911 23:40:42.825829 2949318 AriaExecutor.h:82] AriaExecutor 6 started. 
I0911 23:40:42.825872 2949319 AriaExecutor.h:82] AriaExecutor 7 started. 
I0911 23:40:42.825909 2949320 AriaExecutor.h:82] AriaExecutor 8 started. 
I0911 23:40:42.825947 2949321 AriaExecutor.h:82] AriaExecutor 9 started. 
I0911 23:40:42.825981 2949322 AriaExecutor.h:82] AriaExecutor 10 started. 
I0911 23:40:42.826025 2949323 AriaExecutor.h:82] AriaExecutor 11 started. 
I0911 23:40:42.826063 2949324 AriaExecutor.h:82] AriaExecutor 12 started. 
I0911 23:40:42.826104 2949325 AriaExecutor.h:82] AriaExecutor 13 started. 
I0911 23:40:42.826138 2949326 AriaExecutor.h:82] AriaExecutor 14 started. 
I0911 23:40:42.826203 2949327 AriaExecutor.h:82] AriaExecutor 15 started. 
I0911 23:40:42.826236 2949328 Manager.h:224] Manager(worker id = 16) on the coordinator node started.
I0911 23:40:43.826287 2949292 Coordinator.h:126] commit: 1307905 abort: 2815 (0/2815/0), network size: 0, avg network size: 0, si_in_serializable: 0 0 %, local: 0 %
I0911 23:40:44.826387 2949292 Coordinator.h:126] commit: 1295608 abort: 2824 (0/2824/0), network size: 0, avg network size: 0, si_in_serializable: 0 0 %, local: 0 %
I0911 23:40:45.826462 2949292 Coordinator.h:126] commit: 1253818 abort: 2630 (0/2630/0), network size: 0, avg network size: 0, si_in_serializable: 0 0 %, local: 0 %
I0911 23:40:46.826534 2949292 Coordinator.h:126] commit: 1262067 abort: 2573 (0/2573/0), network size: 0, avg network size: 0, si_in_serializable: 0 0 %, local: 0 %
I0911 23:40:47.826632 2949292 Coordinator.h:126] commit: 1308756 abort: 2804 (0/2804/0), network size: 0, avg network size: 0, si_in_serializable: 0 0 %, local: 0 %
I0911 23:40:48.826717 2949292 Coordinator.h:126] commit: 1319354 abort: 2814 (0/2814/0), network size: 0, avg network size: 0, si_in_serializable: 0 0 %, local: 0 %
I0911 23:40:49.826792 2949292 Coordinator.h:126] commit: 1304839 abort: 2809 (0/2809/0), network size: 0, avg network size: 0, si_in_serializable: 0 0 %, local: 0 %
I0911 23:40:50.826867 2949292 Coordinator.h:126] commit: 1312025 abort: 2791 (0/2791/0), network size: 0, avg network size: 0, si_in_serializable: 0 0 %, local: 0 %
I0911 23:40:51.826939 2949292 Coordinator.h:126] commit: 1320259 abort: 2749 (0/2749/0), network size: 0, avg network size: 0, si_in_serializable: 0 0 %, local: 0 %
I0911 23:40:52.827013 2949292 Coordinator.h:126] commit: 1285486 abort: 2706 (0/2706/0), network size: 0, avg network size: 0, si_in_serializable: 0 0 %, local: 0 %
I0911 23:40:53.827085 2949292 Coordinator.h:126] commit: 1289573 abort: 2715 (0/2715/0), network size: 0, avg network size: 0, si_in_serializable: 0 0 %, local: 0 %
I0911 23:40:54.827159 2949292 Coordinator.h:126] commit: 1308936 abort: 2808 (0/2808/0), network size: 0, avg network size: 0, si_in_serializable: 0 0 %, local: 0 %
I0911 23:40:55.827250 2949292 Coordinator.h:126] commit: 1272157 abort: 2723 (0/2723/0), network size: 0, avg network size: 0, si_in_serializable: 0 0 %, local: 0 %
I0911 23:40:56.827332 2949292 Coordinator.h:126] commit: 1320230 abort: 2778 (0/2778/0), network size: 0, avg network size: 0, si_in_serializable: 0 0 %, local: 0 %
I0911 23:40:57.827404 2949292 Coordinator.h:126] commit: 1321293 abort: 2739 (0/2739/0), network size: 0, avg network size: 0, si_in_serializable: 0 0 %, local: 0 %
I0911 23:40:58.827474 2949292 Coordinator.h:126] commit: 1320266 abort: 2742 (0/2742/0), network size: 0, avg network size: 0, si_in_serializable: 0 0 %, local: 0 %
I0911 23:40:59.827546 2949292 Coordinator.h:126] commit: 1318124 abort: 2836 (0/2836/0), network size: 0, avg network size: 0, si_in_serializable: 0 0 %, local: 0 %
I0911 23:41:00.827620 2949292 Coordinator.h:126] commit: 1318153 abort: 2807 (0/2807/0), network size: 0, avg network size: 0, si_in_serializable: 0 0 %, local: 0 %
I0911 23:41:01.827694 2949292 Coordinator.h:126] commit: 1320058 abort: 2950 (0/2950/0), network size: 0, avg network size: 0, si_in_serializable: 0 0 %, local: 0 %
I0911 23:41:02.827772 2949292 Coordinator.h:126] commit: 1319154 abort: 2830 (0/2830/0), network size: 0, avg network size: 0, si_in_serializable: 0 0 %, local: 0 %
I0911 23:41:03.827845 2949292 Coordinator.h:126] commit: 1320223 abort: 2785 (0/2785/0), network size: 0, avg network size: 0, si_in_serializable: 0 0 %, local: 0 %
I0911 23:41:04.827920 2949292 Coordinator.h:126] commit: 1318139 abort: 2821 (0/2821/0), network size: 0, avg network size: 0, si_in_serializable: 0 0 %, local: 0 %
I0911 23:41:05.827991 2949292 Coordinator.h:126] commit: 1319218 abort: 2766 (0/2766/0), network size: 0, avg network size: 0, si_in_serializable: 0 0 %, local: 0 %
I0911 23:41:06.828063 2949292 Coordinator.h:126] commit: 1321145 abort: 2887 (0/2887/0), network size: 0, avg network size: 0, si_in_serializable: 0 0 %, local: 0 %
I0911 23:41:07.828133 2949292 Coordinator.h:126] commit: 1290552 abort: 2760 (0/2760/0), network size: 0, avg network size: 0, si_in_serializable: 0 0 %, local: 0 %
I0911 23:41:07.828145 2949292 Coordinator.h:152] average commit: 1.31079e+06 abort: 2792.8 (0/2792.8/0), network size: 0, avg network size: 0, si_in_serializable: 0 0 %, local: 0 %
I0911 23:41:07.828742 2949326 AriaExecutor.h:94] AriaExecutor 14 exits. 
I0911 23:41:07.828744 2949328 Manager.h:227] Manager(worker id = 16) on the coordinator node exits.
I0911 23:41:07.828747 2949314 AriaExecutor.h:94] AriaExecutor 2 exits. 
I0911 23:41:07.828745 2949312 AriaExecutor.h:94] AriaExecutor 0 exits. 
I0911 23:41:07.828745 2949318 AriaExecutor.h:94] AriaExecutor 6 exits. 
I0911 23:41:07.828742 2949324 AriaExecutor.h:94] AriaExecutor 12 exits. 
I0911 23:41:07.828744 2949320 AriaExecutor.h:94] AriaExecutor 8 exits. 
I0911 23:41:07.828759 2949321 AriaExecutor.h:94] AriaExecutor 9 exits. 
I0911 23:41:07.828760 2949323 AriaExecutor.h:94] AriaExecutor 11 exits. 
I0911 23:41:07.828759 2949317 AriaExecutor.h:94] AriaExecutor 5 exits. 
I0911 23:41:07.828747 2949316 AriaExecutor.h:94] AriaExecutor 4 exits. 
I0911 23:41:07.828761 2949319 AriaExecutor.h:94] AriaExecutor 7 exits. 
I0911 23:41:07.828760 2949325 AriaExecutor.h:94] AriaExecutor 13 exits. 
I0911 23:41:07.828760 2949327 AriaExecutor.h:94] AriaExecutor 15 exits. 
I0911 23:41:07.828760 2949313 AriaExecutor.h:94] AriaExecutor 1 exits. 
I0911 23:41:07.828768 2949315 AriaExecutor.h:94] AriaExecutor 3 exits. 
I0911 23:41:07.828742 2949322 AriaExecutor.h:94] AriaExecutor 10 exits. 
I0911 23:41:07.828152 2949292 AriaExecutor.h:641] Worker 0 latency: 446 us (50%) 596 us (75%) 718 us (95%) 745 us (99%).
I0911 23:41:07.909618 2949292 AriaExecutor.h:641] Worker 1 latency: 444 us (50%) 594 us (75%) 716 us (95%) 744 us (99%).
I0911 23:41:07.998057 2949292 AriaExecutor.h:641] Worker 2 latency: 448 us (50%) 598 us (75%) 718 us (95%) 745 us (99%).
I0911 23:41:08.079252 2949292 AriaExecutor.h:641] Worker 3 latency: 444 us (50%) 595 us (75%) 717 us (95%) 744 us (99%).
I0911 23:41:08.167515 2949292 AriaExecutor.h:641] Worker 4 latency: 447 us (50%) 597 us (75%) 718 us (95%) 745 us (99%).
I0911 23:41:08.248198 2949292 AriaExecutor.h:641] Worker 5 latency: 443 us (50%) 594 us (75%) 716 us (95%) 744 us (99%).
I0911 23:41:08.335924 2949292 AriaExecutor.h:641] Worker 6 latency: 448 us (50%) 597 us (75%) 718 us (95%) 745 us (99%).
I0911 23:41:08.418280 2949292 AriaExecutor.h:641] Worker 7 latency: 443 us (50%) 594 us (75%) 716 us (95%) 744 us (99%).
I0911 23:41:08.507515 2949292 AriaExecutor.h:641] Worker 8 latency: 446 us (50%) 596 us (75%) 718 us (95%) 745 us (99%).
I0911 23:41:08.590706 2949292 AriaExecutor.h:641] Worker 9 latency: 443 us (50%) 593 us (75%) 716 us (95%) 744 us (99%).
I0911 23:41:08.679868 2949292 AriaExecutor.h:641] Worker 10 latency: 448 us (50%) 597 us (75%) 718 us (95%) 745 us (99%).
I0911 23:41:08.761361 2949292 AriaExecutor.h:641] Worker 11 latency: 444 us (50%) 594 us (75%) 716 us (95%) 744 us (99%).
I0911 23:41:08.850019 2949292 AriaExecutor.h:641] Worker 12 latency: 447 us (50%) 597 us (75%) 718 us (95%) 745 us (99%).
I0911 23:41:08.930809 2949292 AriaExecutor.h:641] Worker 13 latency: 442 us (50%) 593 us (75%) 716 us (95%) 744 us (99%).
I0911 23:41:09.021592 2949292 AriaExecutor.h:641] Worker 14 latency: 448 us (50%) 597 us (75%) 718 us (95%) 745 us (99%).
I0911 23:41:09.102172 2949292 AriaExecutor.h:641] Worker 15 latency: 443 us (50%) 594 us (75%) 716 us (95%) 744 us (99%).
I0911 23:41:09.190455 2949292 Coordinator.h:177] total commit: 1.31079e+06
I0911 23:41:10.190580 2949292 Coordinator.h:192] Coordinator exits.
