I0911 22:15:04.327320 2932873 Database.h:65] ycsb initialization finished in 146 milliseconds.
I0911 22:15:04.327441 2932873 Coordinator.h:30] Coordinator initializes 16 workers.
I0911 22:15:04.335166 2932873 Coordinator.h:77] Coordinator starts to run 17 workers.
I0911 22:15:04.335219 2932893 AriaExecutor.h:82] AriaExecutor 0 started. 
I0911 22:15:04.335253 2932894 AriaExecutor.h:82] AriaExecutor 1 started. 
I0911 22:15:04.335300 2932895 AriaExecutor.h:82] AriaExecutor 2 started. 
I0911 22:15:04.335345 2932896 AriaExecutor.h:82] AriaExecutor 3 started. 
I0911 22:15:04.335386 2932897 AriaExecutor.h:82] AriaExecutor 4 started. 
I0911 22:15:04.335431 2932898 AriaExecutor.h:82] AriaExecutor 5 started. 
I0911 22:15:04.335466 2932899 AriaExecutor.h:82] AriaExecutor 6 started. 
I0911 22:15:04.335507 2932900 AriaExecutor.h:82] AriaExecutor 7 started. 
I0911 22:15:04.335539 2932901 AriaExecutor.h:82] AriaExecutor 8 started. 
I0911 22:15:04.335580 2932902 AriaExecutor.h:82] AriaExecutor 9 started. 
I0911 22:15:04.335614 2932903 AriaExecutor.h:82] AriaExecutor 10 started. 
I0911 22:15:04.335664 2932904 AriaExecutor.h:82] AriaExecutor 11 started. 
I0911 22:15:04.335702 2932905 AriaExecutor.h:82] AriaExecutor 12 started. 
I0911 22:15:04.335745 2932906 AriaExecutor.h:82] AriaExecutor 13 started. 
I0911 22:15:04.335783 2932907 AriaExecutor.h:82] AriaExecutor 14 started. 
I0911 22:15:04.335826 2932908 AriaExecutor.h:82] AriaExecutor 15 started. 
I0911 22:15:04.335861 2932909 Manager.h:224] Manager(worker id = 16) on the coordinator node started.
I0911 22:15:05.335915 2932873 Coordinator.h:126] commit: 216761 abort: 37191 (0/37191/0), network size: 0, avg network size: 0, si_in_serializable: 0 0 %, local: 0 %
I0911 22:15:06.336005 2932873 Coordinator.h:126] commit: 218414 abort: 37586 (0/37586/0), network size: 0, avg network size: 0, si_in_serializable: 0 0 %, local: 0 %
I0911 22:15:07.336087 2932873 Coordinator.h:126] commit: 211685 abort: 36123 (0/36123/0), network size: 0, avg network size: 0, si_in_serializable: 0 0 %, local: 0 %
I0911 22:15:08.336176 2932873 Coordinator.h:126] commit: 214968 abort: 36936 (0/36936/0), network size: 0, avg network size: 0, si_in_serializable: 0 0 %, local: 0 %
I0911 22:15:09.336277 2932873 Coordinator.h:126] commit: 223553 abort: 38591 (0/38591/0), network size: 0, avg network size: 0, si_in_serializable: 0 0 %, local: 0 %
I0911 22:15:10.336356 2932873 Coordinator.h:126] commit: 225352 abort: 38840 (0/38840/0), network size: 0, avg network size: 0, si_in_serializable: 0 0 %, local: 0 %
I0911 22:15:11.336436 2932873 Coordinator.h:126] commit: 225142 abort: 39050 (0/39050/0), network size: 0, avg network size: 0, si_in_serializable: 0 0 %, local: 0 %
I0911 22:15:12.336517 2932873 Coordinator.h:126] commit: 223499 abort: 38645 (0/38645/0), network size: 0, avg network size: 0, si_in_serializable: 0 0 %, local: 0 %
I0911 22:15:13.336589 2932873 Coordinator.h:126] commit: 219323 abort: 37701 (0/37701/0), network size: 0, avg network size: 0, si_in_serializable: 0 0 %, local: 0 %
I0911 22:15:14.336670 2932873 Coordinator.h:126] commit: 223886 abort: 38258 (0/38258/0), network size: 0, avg network size: 0, si_in_serializable: 0 0 %, local: 0 %
I0911 22:15:15.336762 2932873 Coordinator.h:126] commit: 221049 abort: 38023 (0/38023/0), network size: 0, avg network size: 0, si_in_serializable: 0 0 %, local: 0 %
I0911 22:15:16.336836 2932873 Coordinator.h:126] commit: 225665 abort: 38527 (0/38527/0), network size: 0, avg network size: 0, si_in_serializable: 0 0 %, local: 0 %
I0911 22:15:17.336942 2932873 Coordinator.h:126] commit: 225312 abort: 38880 (0/38880/0), network size: 0, avg network size: 0, si_in_serializable: 0 0 %, local: 0 %
I0911 22:15:18.337016 2932873 Coordinator.h:126] commit: 225521 abort: 38671 (0/38671/0), network size: 0, avg network size: 0, si_in_serializable: 0 0 %, local: 0 %
I0911 22:15:19.337093 2932873 Coordinator.h:126] commit: 226382 abort: 38834 (0/38834/0), network size: 0, avg network size: 0, si_in_serializable: 0 0 %, local: 0 %
I0911 22:15:20.337155 2932873 Coordinator.h:126] commit: 226099 abort: 39117 (0/39117/0), network size: 0, avg network size: 0, si_in_serializable: 0 0 %, local: 0 %
I0911 22:15:21.337222 2932873 Coordinator.h:126] commit: 224682 abort: 38486 (0/38486/0), network size: 0, avg network size: 0, si_in_serializable: 0 0 %, local: 0 %
I0911 22:15:22.337291 2932873 Coordinator.h:126] commit: 220539 abort: 37936 (0/37936/0), network size: 0, avg network size: 0, si_in_serializable: 0 0 %, local: 0 %
I0911 22:15:23.337366 2932873 Coordinator.h:126] commit: 221741 abort: 37928 (0/37928/0), network size: 0, avg network size: 0, si_in_serializable: 0 0 %, local: 0 %
I0911 22:15:24.337432 2932873 Coordinator.h:126] commit: 222276 abort: 37820 (0/37820/0), network size: 0, avg network size: 0, si_in_serializable: 0 0 %, local: 0 %
I0911 22:15:25.337524 2932873 Coordinator.h:126] commit: 223860 abort: 38537 (0/38537/0), network size: 0, avg network size: 0, si_in_serializable: 0 0 %, local: 0 %
I0911 22:15:26.337599 2932873 Coordinator.h:126] commit: 225188 abort: 38751 (0/38751/0), network size: 0, avg network size: 0, si_in_serializable: 0 0 %, local: 0 %
I0911 22:15:27.337674 2932873 Coordinator.h:126] commit: 225419 abort: 38773 (0/38773/0), network size: 0, avg network size: 0, si_in_serializable: 0 0 %, local: 0 %
I0911 22:15:28.337736 2932873 Coordinator.h:126] commit: 225643 abort: 38549 (0/38549/0), network size: 0, avg network size: 0, si_in_serializable: 0 0 %, local: 0 %
I0911 22:15:29.337803 2932873 Coordinator.h:126] commit: 225493 abort: 38699 (0/38699/0), network size: 0, avg network size: 0, si_in_serializable: 0 0 %, local: 0 %
I0911 22:15:29.337815 2932873 Coordinator.h:152] average commit: 223927 abort: 38422.2 (0/38422.2/0), network size: 0, avg network size: 0, si_in_serializable: 0 0 %, local: 0 %
I0911 22:15:29.340493 2932909 Manager.h:227] Manager(worker id = 16) on the coordinator node exits.
I0911 22:15:29.340490 2932903 AriaExecutor.h:94] AriaExecutor 10 exits. 
I0911 22:15:29.340492 2932899 AriaExecutor.h:94] AriaExecutor 6 exits. 
I0911 22:15:29.340494 2932893 AriaExecutor.h:94] AriaExecutor 0 exits. 
I0911 22:15:29.340494 2932907 AriaExecutor.h:94] AriaExecutor 14 exits. 
I0911 22:15:29.340492 2932905 AriaExecutor.h:94] AriaExecutor 12 exits. 
I0911 22:15:29.340503 2932908 AriaExecutor.h:94] AriaExecutor 15 exits. 
I0911 22:15:29.340503 2932896 AriaExecutor.h:94] AriaExecutor 3 exits. 
I0911 22:15:29.340503 2932904 AriaExecutor.h:94] AriaExecutor 11 exits. 
I0911 22:15:29.340505 2932895 AriaExecutor.h:94] AriaExecutor 2 exits. 
I0911 22:15:29.340492 2932897 AriaExecutor.h:94] AriaExecutor 4 exits. 
I0911 22:15:29.340503 2932906 AriaExecutor.h:94] AriaExecutor 13 exits. 
I0911 22:15:29.340504 2932902 AriaExecutor.h:94] AriaExecutor 9 exits. 
I0911 22:15:29.340507 2932898 AriaExecutor.h:94] AriaExecutor 5 exits. 
I0911 22:15:29.340504 2932894 AriaExecutor.h:94] AriaExecutor 1 exits. 
I0911 22:15:29.340507 2932900 AriaExecutor.h:94] AriaExecutor 7 exits. 
I0911 22:15:29.340492 2932901 AriaExecutor.h:94] AriaExecutor 8 exits. 
I0911 22:15:29.337826 2932873 AriaExecutor.h:535] Worker 0 latency: 2689 us (50%) 3238 us (75%) 3649 us (95%) 3752 us (99%).
I0911 22:15:29.354054 2932873 AriaExecutor.h:535] Worker 1 latency: 2696 us (50%) 3243 us (75%) 3650 us (95%) 3752 us (99%).
I0911 22:15:29.370044 2932873 AriaExecutor.h:535] Worker 2 latency: 2708 us (50%) 3247 us (75%) 3652 us (95%) 3754 us (99%).
I0911 22:15:29.386137 2932873 AriaExecutor.h:535] Worker 3 latency: 2701 us (50%) 3245 us (75%) 3651 us (95%) 3753 us (99%).
I0911 22:15:29.402204 2932873 AriaExecutor.h:535] Worker 4 latency: 2688 us (50%) 3237 us (75%) 3649 us (95%) 3753 us (99%).
I0911 22:15:29.418408 2932873 AriaExecutor.h:535] Worker 5 latency: 2690 us (50%) 3240 us (75%) 3651 us (95%) 3752 us (99%).
I0911 22:15:29.434533 2932873 AriaExecutor.h:535] Worker 6 latency: 2707 us (50%) 3249 us (75%) 3652 us (95%) 3754 us (99%).
I0911 22:15:29.450546 2932873 AriaExecutor.h:535] Worker 7 latency: 2687 us (50%) 3241 us (75%) 3649 us (95%) 3750 us (99%).
I0911 22:15:29.466601 2932873 AriaExecutor.h:535] Worker 8 latency: 2695 us (50%) 3242 us (75%) 3651 us (95%) 3753 us (99%).
I0911 22:15:29.482635 2932873 AriaExecutor.h:535] Worker 9 latency: 2694 us (50%) 3242 us (75%) 3651 us (95%) 3752 us (99%).
I0911 22:15:29.498797 2932873 AriaExecutor.h:535] Worker 10 latency: 2690 us (50%) 3239 us (75%) 3649 us (95%) 3751 us (99%).
I0911 22:15:29.514925 2932873 AriaExecutor.h:535] Worker 11 latency: 2706 us (50%) 3246 us (75%) 3651 us (95%) 3752 us (99%).
I0911 22:15:29.530871 2932873 AriaExecutor.h:535] Worker 12 latency: 2707 us (50%) 3248 us (75%) 3652 us (95%) 3754 us (99%).
I0911 22:15:29.546857 2932873 AriaExecutor.h:535] Worker 13 latency: 2689 us (50%) 3238 us (75%) 3649 us (95%) 3750 us (99%).
I0911 22:15:29.563323 2932873 AriaExecutor.h:535] Worker 14 latency: 2715 us (50%) 3252 us (75%) 3653 us (95%) 3755 us (99%).
I0911 22:15:29.579195 2932873 AriaExecutor.h:535] Worker 15 latency: 2705 us (50%) 3246 us (75%) 3650 us (95%) 3751 us (99%).
I0911 22:15:29.595260 2932873 Coordinator.h:177] total commit: 223927
I0911 22:15:30.595376 2932873 Coordinator.h:192] Coordinator exits.
