I1126 13:30:12.659482 934413 Database.h:65] ycsb initialization finished in 29 milliseconds.
I1126 13:30:12.659572 934413 Coordinator.h:30] Coordinator initializes 12 workers.
I1126 13:30:12.667142 934413 Coordinator.h:77] Coordinator starts to run 13 workers.
I1126 13:30:12.667196 934429 AriaExecutor.h:82] AriaExecutor 0 started. 
I1126 13:30:12.667227 934430 AriaExecutor.h:82] AriaExecutor 1 started. 
I1126 13:30:12.667260 934431 AriaExecutor.h:82] AriaExecutor 2 started. 
I1126 13:30:12.667312 934432 AriaExecutor.h:82] AriaExecutor 3 started. 
I1126 13:30:12.667339 934433 AriaExecutor.h:82] AriaExecutor 4 started. 
I1126 13:30:12.667374 934434 AriaExecutor.h:82] AriaExecutor 5 started. 
I1126 13:30:12.667415 934435 AriaExecutor.h:82] AriaExecutor 6 started. 
I1126 13:30:12.667479 934436 AriaExecutor.h:82] AriaExecutor 7 started. 
I1126 13:30:12.667523 934437 AriaExecutor.h:82] AriaExecutor 8 started. 
I1126 13:30:12.667580 934438 AriaExecutor.h:82] AriaExecutor 9 started. 
I1126 13:30:12.667627 934439 AriaExecutor.h:82] AriaExecutor 10 started. 
I1126 13:30:12.667683 934440 AriaExecutor.h:82] AriaExecutor 11 started. 
I1126 13:30:12.667724 934441 Manager.h:224] Manager(worker id = 12) on the coordinator node started.
I1126 13:30:13.667784 934413 Coordinator.h:126] commit: 828088 abort: 23912 (0/23912/0), network size: 0, avg network size: 0, si_in_serializable: 0 0 %, local: 0 %
I1126 13:30:14.667896 934413 Coordinator.h:126] commit: 820579 abort: 23421 (0/23421/0), network size: 0, avg network size: 0, si_in_serializable: 0 0 %, local: 0 %
I1126 13:30:15.668016 934413 Coordinator.h:126] commit: 836813 abort: 24187 (0/24187/0), network size: 0, avg network size: 0, si_in_serializable: 0 0 %, local: 0 %
I1126 13:30:16.668111 934413 Coordinator.h:126] commit: 830950 abort: 24050 (0/24050/0), network size: 0, avg network size: 0, si_in_serializable: 0 0 %, local: 0 %
I1126 13:30:17.668198 934413 Coordinator.h:126] commit: 840938 abort: 24062 (0/24062/0), network size: 0, avg network size: 0, si_in_serializable: 0 0 %, local: 0 %
I1126 13:30:18.668287 934413 Coordinator.h:126] commit: 828900 abort: 24100 (0/24100/0), network size: 0, avg network size: 0, si_in_serializable: 0 0 %, local: 0 %
I1126 13:30:19.668402 934413 Coordinator.h:126] commit: 838649 abort: 24351 (0/24351/0), network size: 0, avg network size: 0, si_in_serializable: 0 0 %, local: 0 %
I1126 13:30:20.668498 934413 Coordinator.h:126] commit: 817547 abort: 23453 (0/23453/0), network size: 0, avg network size: 0, si_in_serializable: 0 0 %, local: 0 %
I1126 13:30:21.668588 934413 Coordinator.h:126] commit: 839740 abort: 24260 (0/24260/0), network size: 0, avg network size: 0, si_in_serializable: 0 0 %, local: 0 %
I1126 13:30:22.668678 934413 Coordinator.h:126] commit: 840556 abort: 24444 (0/24444/0), network size: 0, avg network size: 0, si_in_serializable: 0 0 %, local: 0 %
I1126 13:30:23.668769 934413 Coordinator.h:126] commit: 841651 abort: 24349 (0/24349/0), network size: 0, avg network size: 0, si_in_serializable: 0 0 %, local: 0 %
I1126 13:30:24.668857 934413 Coordinator.h:126] commit: 838811 abort: 24189 (0/24189/0), network size: 0, avg network size: 0, si_in_serializable: 0 0 %, local: 0 %
I1126 13:30:25.668944 934413 Coordinator.h:126] commit: 841938 abort: 24062 (0/24062/0), network size: 0, avg network size: 0, si_in_serializable: 0 0 %, local: 0 %
I1126 13:30:26.669054 934413 Coordinator.h:126] commit: 829392 abort: 23608 (0/23608/0), network size: 0, avg network size: 0, si_in_serializable: 0 0 %, local: 0 %
I1126 13:30:27.669148 934413 Coordinator.h:126] commit: 823366 abort: 23634 (0/23634/0), network size: 0, avg network size: 0, si_in_serializable: 0 0 %, local: 0 %
I1126 13:30:28.669236 934413 Coordinator.h:126] commit: 800627 abort: 23373 (0/23373/0), network size: 0, avg network size: 0, si_in_serializable: 0 0 %, local: 0 %
I1126 13:30:29.669323 934413 Coordinator.h:126] commit: 838893 abort: 24107 (0/24107/0), network size: 0, avg network size: 0, si_in_serializable: 0 0 %, local: 0 %
I1126 13:30:30.669413 934413 Coordinator.h:126] commit: 840769 abort: 24231 (0/24231/0), network size: 0, avg network size: 0, si_in_serializable: 0 0 %, local: 0 %
I1126 13:30:31.669505 934413 Coordinator.h:126] commit: 839786 abort: 24214 (0/24214/0), network size: 0, avg network size: 0, si_in_serializable: 0 0 %, local: 0 %
I1126 13:30:32.669596 934413 Coordinator.h:126] commit: 839866 abort: 24134 (0/24134/0), network size: 0, avg network size: 0, si_in_serializable: 0 0 %, local: 0 %
I1126 13:30:33.669685 934413 Coordinator.h:126] commit: 839960 abort: 24040 (0/24040/0), network size: 0, avg network size: 0, si_in_serializable: 0 0 %, local: 0 %
I1126 13:30:34.669775 934413 Coordinator.h:126] commit: 840731 abort: 24269 (0/24269/0), network size: 0, avg network size: 0, si_in_serializable: 0 0 %, local: 0 %
I1126 13:30:35.669863 934413 Coordinator.h:126] commit: 830747 abort: 24253 (0/24253/0), network size: 0, avg network size: 0, si_in_serializable: 0 0 %, local: 0 %
I1126 13:30:36.669953 934413 Coordinator.h:126] commit: 840705 abort: 24295 (0/24295/0), network size: 0, avg network size: 0, si_in_serializable: 0 0 %, local: 0 %
I1126 13:30:37.670042 934413 Coordinator.h:126] commit: 838925 abort: 24075 (0/24075/0), network size: 0, avg network size: 0, si_in_serializable: 0 0 %, local: 0 %
I1126 13:30:37.670064 934413 Coordinator.h:152] average commit: 833510 abort: 23990.1 (0/23990.1/0), network size: 0, avg network size: 0, si_in_serializable: 0 0 %, local: 0 %
I1126 13:30:37.670516 934435 AriaExecutor.h:94] AriaExecutor 6 exits. 
I1126 13:30:37.670517 934439 AriaExecutor.h:94] AriaExecutor 10 exits. 
I1126 13:30:37.670521 934437 AriaExecutor.h:94] AriaExecutor 8 exits. 
I1126 13:30:37.670531 934436 AriaExecutor.h:94] AriaExecutor 7 exits. 
I1126 13:30:37.670519 934441 Manager.h:227] Manager(worker id = 12) on the coordinator node exits.
I1126 13:30:37.670531 934440 AriaExecutor.h:94] AriaExecutor 11 exits. 
I1126 13:30:37.670531 934438 AriaExecutor.h:94] AriaExecutor 9 exits. 
I1126 13:30:37.670517 934429 AriaExecutor.h:94] AriaExecutor 0 exits. 
I1126 13:30:37.670532 934430 AriaExecutor.h:94] AriaExecutor 1 exits. 
I1126 13:30:37.670519 934431 AriaExecutor.h:94] AriaExecutor 2 exits. 
I1126 13:30:37.670531 934434 AriaExecutor.h:94] AriaExecutor 5 exits. 
I1126 13:30:37.670518 934433 AriaExecutor.h:94] AriaExecutor 4 exits. 
I1126 13:30:37.670531 934432 AriaExecutor.h:94] AriaExecutor 3 exits. 
I1126 13:30:37.670076 934413 AriaExecutor.h:535] Worker 0 latency: 743 us (50%) 920 us (75%) 1061 us (95%) 1091 us (99%).
I1126 13:30:37.742269 934413 AriaExecutor.h:535] Worker 1 latency: 741 us (50%) 919 us (75%) 1060 us (95%) 1090 us (99%).
I1126 13:30:37.822338 934413 AriaExecutor.h:535] Worker 2 latency: 743 us (50%) 920 us (75%) 1061 us (95%) 1091 us (99%).
I1126 13:30:37.898631 934413 AriaExecutor.h:535] Worker 3 latency: 741 us (50%) 919 us (75%) 1060 us (95%) 1090 us (99%).
I1126 13:30:37.977964 934413 AriaExecutor.h:535] Worker 4 latency: 745 us (50%) 921 us (75%) 1061 us (95%) 1091 us (99%).
I1126 13:30:38.050688 934413 AriaExecutor.h:535] Worker 5 latency: 743 us (50%) 919 us (75%) 1060 us (95%) 1090 us (99%).
I1126 13:30:38.128597 934413 AriaExecutor.h:535] Worker 6 latency: 747 us (50%) 922 us (75%) 1061 us (95%) 1091 us (99%).
I1126 13:30:38.202023 934413 AriaExecutor.h:535] Worker 7 latency: 744 us (50%) 919 us (75%) 1060 us (95%) 1090 us (99%).
I1126 13:30:38.281035 934413 AriaExecutor.h:535] Worker 8 latency: 747 us (50%) 922 us (75%) 1061 us (95%) 1091 us (99%).
I1126 13:30:38.352834 934413 AriaExecutor.h:535] Worker 9 latency: 745 us (50%) 920 us (75%) 1060 us (95%) 1090 us (99%).
I1126 13:30:38.431494 934413 AriaExecutor.h:535] Worker 10 latency: 747 us (50%) 922 us (75%) 1061 us (95%) 1091 us (99%).
I1126 13:30:38.503338 934413 AriaExecutor.h:535] Worker 11 latency: 745 us (50%) 920 us (75%) 1060 us (95%) 1090 us (99%).
I1126 13:30:38.581425 934413 Coordinator.h:177] total commit: 833510
I1126 13:30:39.581537 934413 Coordinator.h:192] Coordinator exits.
