I0911 23:22:54.854153 2945999 Database.h:65] ycsb initialization finished in 147 milliseconds.
I0911 23:22:54.854275 2945999 Coordinator.h:30] Coordinator initializes 16 workers.
I0911 23:22:54.870194 2945999 Coordinator.h:77] Coordinator starts to run 17 workers.
I0911 23:22:54.870252 2946019 AriaExecutor.h:82] AriaExecutor 0 started. 
I0911 23:22:54.870292 2946020 AriaExecutor.h:82] AriaExecutor 1 started. 
I0911 23:22:54.870333 2946021 AriaExecutor.h:82] AriaExecutor 2 started. 
I0911 23:22:54.870381 2946022 AriaExecutor.h:82] AriaExecutor 3 started. 
I0911 23:22:54.870424 2946023 AriaExecutor.h:82] AriaExecutor 4 started. 
I0911 23:22:54.870471 2946024 AriaExecutor.h:82] AriaExecutor 5 started. 
I0911 23:22:54.870501 2946025 AriaExecutor.h:82] AriaExecutor 6 started. 
I0911 23:22:54.870548 2946026 AriaExecutor.h:82] AriaExecutor 7 started. 
I0911 23:22:54.870579 2946027 AriaExecutor.h:82] AriaExecutor 8 started. 
I0911 23:22:54.870632 2946028 AriaExecutor.h:82] AriaExecutor 9 started. 
I0911 23:22:54.870676 2946029 AriaExecutor.h:82] AriaExecutor 10 started. 
I0911 23:22:54.870719 2946030 AriaExecutor.h:82] AriaExecutor 11 started. 
I0911 23:22:54.870754 2946031 AriaExecutor.h:82] AriaExecutor 12 started. 
I0911 23:22:54.870795 2946032 AriaExecutor.h:82] AriaExecutor 13 started. 
I0911 23:22:54.870831 2946033 AriaExecutor.h:82] AriaExecutor 14 started. 
I0911 23:22:54.870873 2946034 AriaExecutor.h:82] AriaExecutor 15 started. 
I0911 23:22:54.870919 2946035 Manager.h:224] Manager(worker id = 16) on the coordinator node started.
I0911 23:22:55.870971 2945999 Coordinator.h:126] commit: 1088394 abort: 9334 (0/9334/0), network size: 0, avg network size: 0, si_in_serializable: 0 0 %, local: 0 %
I0911 23:22:56.871070 2945999 Coordinator.h:126] commit: 1088314 abort: 9414 (0/9414/0), network size: 0, avg network size: 0, si_in_serializable: 0 0 %, local: 0 %
I0911 23:22:57.871145 2945999 Coordinator.h:126] commit: 1049627 abort: 9189 (0/9189/0), network size: 0, avg network size: 0, si_in_serializable: 0 0 %, local: 0 %
I0911 23:22:58.871217 2945999 Coordinator.h:126] commit: 1059917 abort: 9139 (0/9139/0), network size: 0, avg network size: 0, si_in_serializable: 0 0 %, local: 0 %
I0911 23:22:59.871309 2945999 Coordinator.h:126] commit: 1096349 abort: 9571 (0/9571/0), network size: 0, avg network size: 0, si_in_serializable: 0 0 %, local: 0 %
I0911 23:23:00.871387 2945999 Coordinator.h:126] commit: 1106656 abort: 9504 (0/9504/0), network size: 0, avg network size: 0, si_in_serializable: 0 0 %, local: 0 %
I0911 23:23:01.871457 2945999 Coordinator.h:126] commit: 1104550 abort: 9562 (0/9562/0), network size: 0, avg network size: 0, si_in_serializable: 0 0 %, local: 0 %
I0911 23:23:02.871528 2945999 Coordinator.h:126] commit: 1088335 abort: 9393 (0/9393/0), network size: 0, avg network size: 0, si_in_serializable: 0 0 %, local: 0 %
I0911 23:23:03.871605 2945999 Coordinator.h:126] commit: 1078474 abort: 9332 (0/9332/0), network size: 0, avg network size: 0, si_in_serializable: 0 0 %, local: 0 %
I0911 23:23:04.871678 2945999 Coordinator.h:126] commit: 1071774 abort: 9252 (0/9252/0), network size: 0, avg network size: 0, si_in_serializable: 0 0 %, local: 0 %
I0911 23:23:05.871748 2945999 Coordinator.h:126] commit: 1106541 abort: 9619 (0/9619/0), network size: 0, avg network size: 0, si_in_serializable: 0 0 %, local: 0 %
I0911 23:23:06.871821 2945999 Coordinator.h:126] commit: 1088204 abort: 9524 (0/9524/0), network size: 0, avg network size: 0, si_in_serializable: 0 0 %, local: 0 %
I0911 23:23:07.871910 2945999 Coordinator.h:126] commit: 1102668 abort: 9396 (0/9396/0), network size: 0, avg network size: 0, si_in_serializable: 0 0 %, local: 0 %
I0911 23:23:08.871990 2945999 Coordinator.h:126] commit: 1102449 abort: 9615 (0/9615/0), network size: 0, avg network size: 0, si_in_serializable: 0 0 %, local: 0 %
I0911 23:23:09.872064 2945999 Coordinator.h:126] commit: 1104544 abort: 9568 (0/9568/0), network size: 0, avg network size: 0, si_in_serializable: 0 0 %, local: 0 %
I0911 23:23:10.872135 2945999 Coordinator.h:126] commit: 1057971 abort: 9037 (0/9037/0), network size: 0, avg network size: 0, si_in_serializable: 0 0 %, local: 0 %
I0911 23:23:11.872210 2945999 Coordinator.h:126] commit: 1104639 abort: 9473 (0/9473/0), network size: 0, avg network size: 0, si_in_serializable: 0 0 %, local: 0 %
I0911 23:23:12.872280 2945999 Coordinator.h:126] commit: 1106591 abort: 9569 (0/9569/0), network size: 0, avg network size: 0, si_in_serializable: 0 0 %, local: 0 %
I0911 23:23:13.872352 2945999 Coordinator.h:126] commit: 1104540 abort: 9572 (0/9572/0), network size: 0, avg network size: 0, si_in_serializable: 0 0 %, local: 0 %
I0911 23:23:14.872424 2945999 Coordinator.h:126] commit: 1074117 abort: 9275 (0/9275/0), network size: 0, avg network size: 0, si_in_serializable: 0 0 %, local: 0 %
I0911 23:23:15.872499 2945999 Coordinator.h:126] commit: 1080262 abort: 9274 (0/9274/0), network size: 0, avg network size: 0, si_in_serializable: 0 0 %, local: 0 %
I0911 23:23:16.872571 2945999 Coordinator.h:126] commit: 1106593 abort: 9567 (0/9567/0), network size: 0, avg network size: 0, si_in_serializable: 0 0 %, local: 0 %
I0911 23:23:17.872668 2945999 Coordinator.h:126] commit: 1098563 abort: 9405 (0/9405/0), network size: 0, avg network size: 0, si_in_serializable: 0 0 %, local: 0 %
I0911 23:23:18.872746 2945999 Coordinator.h:126] commit: 1106407 abort: 9753 (0/9753/0), network size: 0, avg network size: 0, si_in_serializable: 0 0 %, local: 0 %
I0911 23:23:19.872819 2945999 Coordinator.h:126] commit: 1104561 abort: 9551 (0/9551/0), network size: 0, avg network size: 0, si_in_serializable: 0 0 %, local: 0 %
I0911 23:23:19.872829 2945999 Coordinator.h:152] average commit: 1.09523e+06 abort: 9464.8 (0/9464.8/0), network size: 0, avg network size: 0, si_in_serializable: 0 0 %, local: 0 %
I0911 23:23:19.873451 2946033 AriaExecutor.h:94] AriaExecutor 14 exits. 
I0911 23:23:19.873468 2946031 AriaExecutor.h:94] AriaExecutor 12 exits. 
I0911 23:23:19.873456 2946023 AriaExecutor.h:94] AriaExecutor 4 exits. 
I0911 23:23:19.873476 2946030 AriaExecutor.h:94] AriaExecutor 11 exits. 
I0911 23:23:19.873452 2946025 AriaExecutor.h:94] AriaExecutor 6 exits. 
I0911 23:23:19.873498 2946032 AriaExecutor.h:94] AriaExecutor 13 exits. 
I0911 23:23:19.873474 2946028 AriaExecutor.h:94] AriaExecutor 9 exits. 
I0911 23:23:19.873471 2946021 AriaExecutor.h:94] AriaExecutor 2 exits. 
I0911 23:23:19.873476 2946020 AriaExecutor.h:94] AriaExecutor 1 exits. 
I0911 23:23:19.873474 2946034 AriaExecutor.h:94] AriaExecutor 15 exits. 
I0911 23:23:19.873457 2946027 AriaExecutor.h:94] AriaExecutor 8 exits. 
I0911 23:23:19.873476 2946022 AriaExecutor.h:94] AriaExecutor 3 exits. 
I0911 23:23:19.873473 2946035 Manager.h:227] Manager(worker id = 16) on the coordinator node exits.
I0911 23:23:19.873474 2946026 AriaExecutor.h:94] AriaExecutor 7 exits. 
I0911 23:23:19.873457 2946019 AriaExecutor.h:94] AriaExecutor 0 exits. 
I0911 23:23:19.873456 2946029 AriaExecutor.h:94] AriaExecutor 10 exits. 
I0911 23:23:19.873471 2946024 AriaExecutor.h:94] AriaExecutor 5 exits. 
I0911 23:23:19.872838 2945999 AriaExecutor.h:641] Worker 0 latency: 1157 us (50%) 1459 us (75%) 1700 us (95%) 1753 us (99%).
I0911 23:23:19.939514 2945999 AriaExecutor.h:641] Worker 1 latency: 1156 us (50%) 1457 us (75%) 1698 us (95%) 1751 us (99%).
I0911 23:23:20.006327 2945999 AriaExecutor.h:641] Worker 2 latency: 1159 us (50%) 1460 us (75%) 1700 us (95%) 1753 us (99%).
I0911 23:23:20.072970 2945999 AriaExecutor.h:641] Worker 3 latency: 1155 us (50%) 1457 us (75%) 1698 us (95%) 1751 us (99%).
I0911 23:23:20.141618 2945999 AriaExecutor.h:641] Worker 4 latency: 1158 us (50%) 1459 us (75%) 1700 us (95%) 1753 us (99%).
I0911 23:23:20.209065 2945999 AriaExecutor.h:641] Worker 5 latency: 1154 us (50%) 1456 us (75%) 1698 us (95%) 1751 us (99%).
I0911 23:23:20.277654 2945999 AriaExecutor.h:641] Worker 6 latency: 1161 us (50%) 1461 us (75%) 1700 us (95%) 1753 us (99%).
I0911 23:23:20.344033 2945999 AriaExecutor.h:641] Worker 7 latency: 1156 us (50%) 1457 us (75%) 1698 us (95%) 1751 us (99%).
I0911 23:23:20.410729 2945999 AriaExecutor.h:641] Worker 8 latency: 1157 us (50%) 1458 us (75%) 1699 us (95%) 1752 us (99%).
I0911 23:23:20.477633 2945999 AriaExecutor.h:641] Worker 9 latency: 1155 us (50%) 1456 us (75%) 1698 us (95%) 1751 us (99%).
I0911 23:23:20.545904 2945999 AriaExecutor.h:641] Worker 10 latency: 1162 us (50%) 1461 us (75%) 1700 us (95%) 1753 us (99%).
I0911 23:23:20.612423 2945999 AriaExecutor.h:641] Worker 11 latency: 1157 us (50%) 1457 us (75%) 1698 us (95%) 1752 us (99%).
I0911 23:23:20.679958 2945999 AriaExecutor.h:641] Worker 12 latency: 1162 us (50%) 1461 us (75%) 1700 us (95%) 1753 us (99%).
I0911 23:23:20.746978 2945999 AriaExecutor.h:641] Worker 13 latency: 1155 us (50%) 1456 us (75%) 1698 us (95%) 1751 us (99%).
I0911 23:23:20.814615 2945999 AriaExecutor.h:641] Worker 14 latency: 1161 us (50%) 1460 us (75%) 1700 us (95%) 1753 us (99%).
I0911 23:23:20.880506 2945999 AriaExecutor.h:641] Worker 15 latency: 1157 us (50%) 1458 us (75%) 1698 us (95%) 1751 us (99%).
I0911 23:23:20.947489 2945999 Coordinator.h:177] total commit: 1.09523e+06
I0911 23:23:21.947602 2945999 Coordinator.h:192] Coordinator exits.
