I0911 21:57:14.413239 2929445 Database.h:65] ycsb initialization finished in 147 milliseconds.
I0911 21:57:14.413348 2929445 Coordinator.h:30] Coordinator initializes 16 workers.
I0911 21:57:14.429661 2929445 Coordinator.h:77] Coordinator starts to run 17 workers.
I0911 21:57:14.429724 2929465 AriaExecutor.h:82] AriaExecutor 0 started. 
I0911 21:57:14.429756 2929466 AriaExecutor.h:82] AriaExecutor 1 started. 
I0911 21:57:14.429805 2929467 AriaExecutor.h:82] AriaExecutor 2 started. 
I0911 21:57:14.429853 2929468 AriaExecutor.h:82] AriaExecutor 3 started. 
I0911 21:57:14.429888 2929469 AriaExecutor.h:82] AriaExecutor 4 started. 
I0911 21:57:14.429925 2929470 AriaExecutor.h:82] AriaExecutor 5 started. 
I0911 21:57:14.429963 2929471 AriaExecutor.h:82] AriaExecutor 6 started. 
I0911 21:57:14.430016 2929472 AriaExecutor.h:82] AriaExecutor 7 started. 
I0911 21:57:14.430061 2929473 AriaExecutor.h:82] AriaExecutor 8 started. 
I0911 21:57:14.430121 2929474 AriaExecutor.h:82] AriaExecutor 9 started. 
I0911 21:57:14.430163 2929475 AriaExecutor.h:82] AriaExecutor 10 started. 
I0911 21:57:14.430217 2929476 AriaExecutor.h:82] AriaExecutor 11 started. 
I0911 21:57:14.430262 2929477 AriaExecutor.h:82] AriaExecutor 12 started. 
I0911 21:57:14.430315 2929478 AriaExecutor.h:82] AriaExecutor 13 started. 
I0911 21:57:14.430357 2929479 AriaExecutor.h:82] AriaExecutor 14 started. 
I0911 21:57:14.430408 2929480 AriaExecutor.h:82] AriaExecutor 15 started. 
I0911 21:57:14.430460 2929481 Manager.h:224] Manager(worker id = 16) on the coordinator node started.
I0911 21:57:15.430537 2929445 Coordinator.h:126] commit: 66691 abort: 101245 (0/101245/0), network size: 0, avg network size: 0, si_in_serializable: 0 0 %, local: 0 %
I0911 21:57:16.430701 2929445 Coordinator.h:126] commit: 68244 abort: 103788 (0/103788/0), network size: 0, avg network size: 0, si_in_serializable: 0 0 %, local: 0 %
I0911 21:57:17.430817 2929445 Coordinator.h:126] commit: 66873 abort: 101063 (0/101063/0), network size: 0, avg network size: 0, si_in_serializable: 0 0 %, local: 0 %
I0911 21:57:18.430943 2929445 Coordinator.h:126] commit: 67143 abort: 101083 (0/101083/0), network size: 0, avg network size: 0, si_in_serializable: 0 0 %, local: 0 %
I0911 21:57:19.431088 2929445 Coordinator.h:126] commit: 70562 abort: 107324 (0/107324/0), network size: 0, avg network size: 0, si_in_serializable: 0 0 %, local: 0 %
I0911 21:57:20.431212 2929445 Coordinator.h:126] commit: 71565 abort: 108659 (0/108659/0), network size: 0, avg network size: 0, si_in_serializable: 0 0 %, local: 0 %
I0911 21:57:21.431334 2929445 Coordinator.h:126] commit: 70503 abort: 107673 (0/107673/0), network size: 0, avg network size: 0, si_in_serializable: 0 0 %, local: 0 %
I0911 21:57:22.431453 2929445 Coordinator.h:126] commit: 69804 abort: 106324 (0/106324/0), network size: 0, avg network size: 0, si_in_serializable: 0 0 %, local: 0 %
I0911 21:57:23.431560 2929445 Coordinator.h:126] commit: 69703 abort: 104377 (0/104377/0), network size: 0, avg network size: 0, si_in_serializable: 0 0 %, local: 0 %
I0911 21:57:24.431669 2929445 Coordinator.h:126] commit: 71771 abort: 108453 (0/108453/0), network size: 0, avg network size: 0, si_in_serializable: 0 0 %, local: 0 %
I0911 21:57:25.431794 2929445 Coordinator.h:126] commit: 69455 abort: 104625 (0/104625/0), network size: 0, avg network size: 0, si_in_serializable: 0 0 %, local: 0 %
I0911 21:57:26.431910 2929445 Coordinator.h:126] commit: 70708 abort: 107468 (0/107468/0), network size: 0, avg network size: 0, si_in_serializable: 0 0 %, local: 0 %
I0911 21:57:27.432055 2929445 Coordinator.h:126] commit: 71442 abort: 108782 (0/108782/0), network size: 0, avg network size: 0, si_in_serializable: 0 0 %, local: 0 %
I0911 21:57:28.432181 2929445 Coordinator.h:126] commit: 71753 abort: 108471 (0/108471/0), network size: 0, avg network size: 0, si_in_serializable: 0 0 %, local: 0 %
I0911 21:57:29.432294 2929445 Coordinator.h:126] commit: 70675 abort: 107501 (0/107501/0), network size: 0, avg network size: 0, si_in_serializable: 0 0 %, local: 0 %
I0911 21:57:30.432405 2929445 Coordinator.h:126] commit: 71624 abort: 108600 (0/108600/0), network size: 0, avg network size: 0, si_in_serializable: 0 0 %, local: 0 %
I0911 21:57:31.432525 2929445 Coordinator.h:126] commit: 71192 abort: 106984 (0/106984/0), network size: 0, avg network size: 0, si_in_serializable: 0 0 %, local: 0 %
I0911 21:57:32.432636 2929445 Coordinator.h:126] commit: 71609 abort: 108615 (0/108615/0), network size: 0, avg network size: 0, si_in_serializable: 0 0 %, local: 0 %
I0911 21:57:33.432754 2929445 Coordinator.h:126] commit: 71731 abort: 108493 (0/108493/0), network size: 0, avg network size: 0, si_in_serializable: 0 0 %, local: 0 %
I0911 21:57:34.432870 2929445 Coordinator.h:126] commit: 70838 abort: 107338 (0/107338/0), network size: 0, avg network size: 0, si_in_serializable: 0 0 %, local: 0 %
I0911 21:57:35.432988 2929445 Coordinator.h:126] commit: 69080 abort: 105000 (0/105000/0), network size: 0, avg network size: 0, si_in_serializable: 0 0 %, local: 0 %
I0911 21:57:36.433111 2929445 Coordinator.h:126] commit: 69895 abort: 106233 (0/106233/0), network size: 0, avg network size: 0, si_in_serializable: 0 0 %, local: 0 %
I0911 21:57:37.433254 2929445 Coordinator.h:126] commit: 70809 abort: 107367 (0/107367/0), network size: 0, avg network size: 0, si_in_serializable: 0 0 %, local: 0 %
I0911 21:57:38.433372 2929445 Coordinator.h:126] commit: 71487 abort: 108737 (0/108737/0), network size: 0, avg network size: 0, si_in_serializable: 0 0 %, local: 0 %
I0911 21:57:39.433487 2929445 Coordinator.h:126] commit: 70746 abort: 107430 (0/107430/0), network size: 0, avg network size: 0, si_in_serializable: 0 0 %, local: 0 %
I0911 21:57:39.433526 2929445 Coordinator.h:152] average commit: 71102.7 abort: 107688 (0/107688/0), network size: 0, avg network size: 0, si_in_serializable: 0 0 %, local: 0 %
I0911 21:57:39.433539 2929445 AriaExecutor.h:535] Worker 0 latency: 9909 us (50%) 10472 us (75%) 10809 us (95%) 11348 us (99%).
I0911 21:57:39.442541 2929481 Manager.h:227] Manager(worker id = 16) on the coordinator node exits.
I0911 21:57:39.442557 2929477 AriaExecutor.h:94] AriaExecutor 12 exits. 
I0911 21:57:39.442559 2929472 AriaExecutor.h:94] AriaExecutor 7 exits. 
I0911 21:57:39.442577 2929480 AriaExecutor.h:94] AriaExecutor 15 exits. 
I0911 21:57:39.442549 2929476 AriaExecutor.h:94] AriaExecutor 11 exits. 
I0911 21:57:39.442549 2929466 AriaExecutor.h:94] AriaExecutor 1 exits. 
I0911 21:57:39.442548 2929468 AriaExecutor.h:94] AriaExecutor 3 exits. 
I0911 21:57:39.442559 2929478 AriaExecutor.h:94] AriaExecutor 13 exits. 
I0911 21:57:39.442543 2929479 AriaExecutor.h:94] AriaExecutor 14 exits. 
I0911 21:57:39.442559 2929467 AriaExecutor.h:94] AriaExecutor 2 exits. 
I0911 21:57:39.442560 2929473 AriaExecutor.h:94] AriaExecutor 8 exits. 
I0911 21:57:39.442557 2929471 AriaExecutor.h:94] AriaExecutor 6 exits. 
I0911 21:57:39.442541 2929465 AriaExecutor.h:94] AriaExecutor 0 exits. 
I0911 21:57:39.442579 2929470 AriaExecutor.h:94] AriaExecutor 5 exits. 
I0911 21:57:39.442557 2929475 AriaExecutor.h:94] AriaExecutor 10 exits. 
I0911 21:57:39.442561 2929469 AriaExecutor.h:94] AriaExecutor 4 exits. 
I0911 21:57:39.442548 2929474 AriaExecutor.h:94] AriaExecutor 9 exits. 
I0911 21:57:39.442920 2929445 AriaExecutor.h:535] Worker 1 latency: 9893 us (50%) 10462 us (75%) 10806 us (95%) 11356 us (99%).
I0911 21:57:39.449151 2929445 AriaExecutor.h:535] Worker 2 latency: 9907 us (50%) 10464 us (75%) 10803 us (95%) 11347 us (99%).
I0911 21:57:39.454779 2929445 AriaExecutor.h:535] Worker 3 latency: 9903 us (50%) 10465 us (75%) 10807 us (95%) 11347 us (99%).
I0911 21:57:39.460950 2929445 AriaExecutor.h:535] Worker 4 latency: 9903 us (50%) 10466 us (75%) 10808 us (95%) 11345 us (99%).
I0911 21:57:39.466626 2929445 AriaExecutor.h:535] Worker 5 latency: 9896 us (50%) 10460 us (75%) 10805 us (95%) 11354 us (99%).
I0911 21:57:39.472797 2929445 AriaExecutor.h:535] Worker 6 latency: 9904 us (50%) 10462 us (75%) 10805 us (95%) 11350 us (99%).
I0911 21:57:39.478471 2929445 AriaExecutor.h:535] Worker 7 latency: 9885 us (50%) 10463 us (75%) 10807 us (95%) 11353 us (99%).
I0911 21:57:39.484526 2929445 AriaExecutor.h:535] Worker 8 latency: 9897 us (50%) 10463 us (75%) 10807 us (95%) 11342 us (99%).
I0911 21:57:39.490142 2929445 AriaExecutor.h:535] Worker 9 latency: 9897 us (50%) 10463 us (75%) 10806 us (95%) 11343 us (99%).
I0911 21:57:39.496138 2929445 AriaExecutor.h:535] Worker 10 latency: 9881 us (50%) 10456 us (75%) 10800 us (95%) 11342 us (99%).
I0911 21:57:39.501699 2929445 AriaExecutor.h:535] Worker 11 latency: 9895 us (50%) 10459 us (75%) 10803 us (95%) 11347 us (99%).
I0911 21:57:39.507782 2929445 AriaExecutor.h:535] Worker 12 latency: 9897 us (50%) 10458 us (75%) 10803 us (95%) 11342 us (99%).
I0911 21:57:39.513439 2929445 AriaExecutor.h:535] Worker 13 latency: 9899 us (50%) 10462 us (75%) 10807 us (95%) 11352 us (99%).
I0911 21:57:39.519469 2929445 AriaExecutor.h:535] Worker 14 latency: 9899 us (50%) 10457 us (75%) 10799 us (95%) 11338 us (99%).
I0911 21:57:39.525063 2929445 AriaExecutor.h:535] Worker 15 latency: 9896 us (50%) 10457 us (75%) 10802 us (95%) 11350 us (99%).
I0911 21:57:39.531037 2929445 Coordinator.h:177] total commit: 71102.7
I0911 21:57:40.531149 2929445 Coordinator.h:192] Coordinator exits.
