I0912 00:14:49.175635 2955759 Database.h:65] ycsb initialization finished in 146 milliseconds.
I0912 00:14:49.175752 2955759 Coordinator.h:30] Coordinator initializes 16 workers.
I0912 00:14:49.299672 2955759 Coordinator.h:77] Coordinator starts to run 17 workers.
I0912 00:14:49.299737 2955780 AriaExecutor.h:82] AriaExecutor 0 started. 
I0912 00:14:49.299768 2955781 AriaExecutor.h:82] AriaExecutor 1 started. 
I0912 00:14:49.299820 2955782 AriaExecutor.h:82] AriaExecutor 2 started. 
I0912 00:14:49.299870 2955783 AriaExecutor.h:82] AriaExecutor 3 started. 
I0912 00:14:49.299901 2955784 AriaExecutor.h:82] AriaExecutor 4 started. 
I0912 00:14:49.299942 2955785 AriaExecutor.h:82] AriaExecutor 5 started. 
I0912 00:14:49.299975 2955786 AriaExecutor.h:82] AriaExecutor 6 started. 
I0912 00:14:49.300010 2955787 AriaExecutor.h:82] AriaExecutor 7 started. 
I0912 00:14:49.300047 2955788 AriaExecutor.h:82] AriaExecutor 8 started. 
I0912 00:14:49.300097 2955789 AriaExecutor.h:82] AriaExecutor 9 started. 
I0912 00:14:49.300133 2955790 AriaExecutor.h:82] AriaExecutor 10 started. 
I0912 00:14:49.300174 2955791 AriaExecutor.h:82] AriaExecutor 11 started. 
I0912 00:14:49.300209 2955792 AriaExecutor.h:82] AriaExecutor 12 started. 
I0912 00:14:49.300253 2955793 AriaExecutor.h:82] AriaExecutor 13 started. 
I0912 00:14:49.300284 2955794 AriaExecutor.h:82] AriaExecutor 14 started. 
I0912 00:14:49.300336 2955795 AriaExecutor.h:82] AriaExecutor 15 started. 
I0912 00:14:49.300379 2955796 Manager.h:224] Manager(worker id = 16) on the coordinator node started.
I0912 00:14:50.300434 2955759 Coordinator.h:126] commit: 170741 abort: 853259 (0/853259/0), network size: 0, avg network size: 0, si_in_serializable: 0 0 %, local: 0 %
I0912 00:14:51.300539 2955759 Coordinator.h:126] commit: 169957 abort: 854043 (0/854043/0), network size: 0, avg network size: 0, si_in_serializable: 0 0 %, local: 0 %
I0912 00:14:52.300629 2955759 Coordinator.h:126] commit: 170693 abort: 853307 (0/853307/0), network size: 0, avg network size: 0, si_in_serializable: 0 0 %, local: 0 %
I0912 00:14:53.300705 2955759 Coordinator.h:126] commit: 168690 abort: 839310 (0/839310/0), network size: 0, avg network size: 0, si_in_serializable: 0 0 %, local: 0 %
I0912 00:14:54.300783 2955759 Coordinator.h:126] commit: 171186 abort: 852814 (0/852814/0), network size: 0, avg network size: 0, si_in_serializable: 0 0 %, local: 0 %
I0912 00:14:55.300882 2955759 Coordinator.h:126] commit: 176033 abort: 879967 (0/879967/0), network size: 0, avg network size: 0, si_in_serializable: 0 0 %, local: 0 %
I0912 00:14:56.300944 2955759 Coordinator.h:126] commit: 172829 abort: 867171 (0/867171/0), network size: 0, avg network size: 0, si_in_serializable: 0 0 %, local: 0 %
I0912 00:14:57.301018 2955759 Coordinator.h:126] commit: 175925 abort: 880075 (0/880075/0), network size: 0, avg network size: 0, si_in_serializable: 0 0 %, local: 0 %
I0912 00:14:58.301092 2955759 Coordinator.h:126] commit: 173547 abort: 866453 (0/866453/0), network size: 0, avg network size: 0, si_in_serializable: 0 0 %, local: 0 %
I0912 00:14:59.301169 2955759 Coordinator.h:126] commit: 175684 abort: 880316 (0/880316/0), network size: 0, avg network size: 0, si_in_serializable: 0 0 %, local: 0 %
I0912 00:15:00.301249 2955759 Coordinator.h:126] commit: 170708 abort: 853292 (0/853292/0), network size: 0, avg network size: 0, si_in_serializable: 0 0 %, local: 0 %
I0912 00:15:01.301324 2955759 Coordinator.h:126] commit: 173106 abort: 866894 (0/866894/0), network size: 0, avg network size: 0, si_in_serializable: 0 0 %, local: 0 %
I0912 00:15:02.301400 2955759 Coordinator.h:126] commit: 171068 abort: 852932 (0/852932/0), network size: 0, avg network size: 0, si_in_serializable: 0 0 %, local: 0 %
I0912 00:15:03.301498 2955759 Coordinator.h:126] commit: 176131 abort: 879869 (0/879869/0), network size: 0, avg network size: 0, si_in_serializable: 0 0 %, local: 0 %
I0912 00:15:04.301584 2955759 Coordinator.h:126] commit: 172998 abort: 867002 (0/867002/0), network size: 0, avg network size: 0, si_in_serializable: 0 0 %, local: 0 %
I0912 00:15:05.301661 2955759 Coordinator.h:126] commit: 176425 abort: 879575 (0/879575/0), network size: 0, avg network size: 0, si_in_serializable: 0 0 %, local: 0 %
I0912 00:15:06.301733 2955759 Coordinator.h:126] commit: 176169 abort: 879831 (0/879831/0), network size: 0, avg network size: 0, si_in_serializable: 0 0 %, local: 0 %
I0912 00:15:07.301803 2955759 Coordinator.h:126] commit: 175541 abort: 880459 (0/880459/0), network size: 0, avg network size: 0, si_in_serializable: 0 0 %, local: 0 %
I0912 00:15:08.301879 2955759 Coordinator.h:126] commit: 172905 abort: 867095 (0/867095/0), network size: 0, avg network size: 0, si_in_serializable: 0 0 %, local: 0 %
I0912 00:15:09.301955 2955759 Coordinator.h:126] commit: 175312 abort: 880688 (0/880688/0), network size: 0, avg network size: 0, si_in_serializable: 0 0 %, local: 0 %
I0912 00:15:10.302033 2955759 Coordinator.h:126] commit: 173288 abort: 866712 (0/866712/0), network size: 0, avg network size: 0, si_in_serializable: 0 0 %, local: 0 %
I0912 00:15:11.302110 2955759 Coordinator.h:126] commit: 176587 abort: 879413 (0/879413/0), network size: 0, avg network size: 0, si_in_serializable: 0 0 %, local: 0 %
I0912 00:15:12.302186 2955759 Coordinator.h:126] commit: 173319 abort: 866681 (0/866681/0), network size: 0, avg network size: 0, si_in_serializable: 0 0 %, local: 0 %
I0912 00:15:13.302260 2955759 Coordinator.h:126] commit: 173250 abort: 866750 (0/866750/0), network size: 0, avg network size: 0, si_in_serializable: 0 0 %, local: 0 %
I0912 00:15:14.302336 2955759 Coordinator.h:126] commit: 170946 abort: 853054 (0/853054/0), network size: 0, avg network size: 0, si_in_serializable: 0 0 %, local: 0 %
I0912 00:15:14.302347 2955759 Coordinator.h:152] average commit: 174036 abort: 870764 (0/870764/0), network size: 0, avg network size: 0, si_in_serializable: 0 0 %, local: 0 %
I0912 00:15:14.313035 2955788 AriaExecutor.h:94] AriaExecutor 8 exits. 
I0912 00:15:14.313047 2955787 AriaExecutor.h:94] AriaExecutor 7 exits. 
I0912 00:15:14.313037 2955790 AriaExecutor.h:94] AriaExecutor 10 exits. 
I0912 00:15:14.313050 2955793 AriaExecutor.h:94] AriaExecutor 13 exits. 
I0912 00:15:14.313040 2955786 AriaExecutor.h:94] AriaExecutor 6 exits. 
I0912 00:15:14.313040 2955792 AriaExecutor.h:94] AriaExecutor 12 exits. 
I0912 00:15:14.313041 2955780 AriaExecutor.h:94] AriaExecutor 0 exits. 
I0912 00:15:14.313047 2955785 AriaExecutor.h:94] AriaExecutor 5 exits. 
I0912 00:15:14.313042 2955796 Manager.h:227] Manager(worker id = 16) on the coordinator node exits.
I0912 00:15:14.313047 2955783 AriaExecutor.h:94] AriaExecutor 3 exits. 
I0912 00:15:14.313047 2955781 AriaExecutor.h:94] AriaExecutor 1 exits. 
I0912 00:15:14.313050 2955789 AriaExecutor.h:94] AriaExecutor 9 exits. 
I0912 00:15:14.313035 2955782 AriaExecutor.h:94] AriaExecutor 2 exits. 
I0912 00:15:14.313050 2955791 AriaExecutor.h:94] AriaExecutor 11 exits. 
I0912 00:15:14.313050 2955795 AriaExecutor.h:94] AriaExecutor 15 exits. 
I0912 00:15:14.313036 2955784 AriaExecutor.h:94] AriaExecutor 4 exits. 
I0912 00:15:14.313038 2955794 AriaExecutor.h:94] AriaExecutor 14 exits. 
I0912 00:15:14.302356 2955759 AriaExecutor.h:641] Worker 0 latency: 11797 us (50%) 13893 us (75%) 14816 us (95%) 15919 us (99%).
I0912 00:15:14.316169 2955759 AriaExecutor.h:641] Worker 1 latency: 11783 us (50%) 13885 us (75%) 14812 us (95%) 15818 us (99%).
I0912 00:15:14.329870 2955759 AriaExecutor.h:641] Worker 2 latency: 11830 us (50%) 13900 us (75%) 14816 us (95%) 15873 us (99%).
I0912 00:15:14.343658 2955759 AriaExecutor.h:641] Worker 3 latency: 11798 us (50%) 13890 us (75%) 14812 us (95%) 15767 us (99%).
I0912 00:15:14.357348 2955759 AriaExecutor.h:641] Worker 4 latency: 11797 us (50%) 13891 us (75%) 14814 us (95%) 15815 us (99%).
I0912 00:15:14.371157 2955759 AriaExecutor.h:641] Worker 5 latency: 11800 us (50%) 13887 us (75%) 14811 us (95%) 15802 us (99%).
I0912 00:15:14.384827 2955759 AriaExecutor.h:641] Worker 6 latency: 11810 us (50%) 13894 us (75%) 14813 us (95%) 15809 us (99%).
I0912 00:15:14.398675 2955759 AriaExecutor.h:641] Worker 7 latency: 11778 us (50%) 13881 us (75%) 14811 us (95%) 15799 us (99%).
I0912 00:15:14.412401 2955759 AriaExecutor.h:641] Worker 8 latency: 11781 us (50%) 13880 us (75%) 14810 us (95%) 15801 us (99%).
I0912 00:15:14.426303 2955759 AriaExecutor.h:641] Worker 9 latency: 11781 us (50%) 13880 us (75%) 14810 us (95%) 15827 us (99%).
I0912 00:15:14.439975 2955759 AriaExecutor.h:641] Worker 10 latency: 11799 us (50%) 13883 us (75%) 14810 us (95%) 15809 us (99%).
I0912 00:15:14.453832 2955759 AriaExecutor.h:641] Worker 11 latency: 11793 us (50%) 13885 us (75%) 14810 us (95%) 15801 us (99%).
I0912 00:15:14.467535 2955759 AriaExecutor.h:641] Worker 12 latency: 11795 us (50%) 13878 us (75%) 14811 us (95%) 15820 us (99%).
I0912 00:15:14.481222 2955759 AriaExecutor.h:641] Worker 13 latency: 11763 us (50%) 13870 us (75%) 14809 us (95%) 15811 us (99%).
I0912 00:15:14.495086 2955759 AriaExecutor.h:641] Worker 14 latency: 11804 us (50%) 13879 us (75%) 14811 us (95%) 15834 us (99%).
I0912 00:15:14.508903 2955759 AriaExecutor.h:641] Worker 15 latency: 11771 us (50%) 13872 us (75%) 14810 us (95%) 15820 us (99%).
I0912 00:15:14.522718 2955759 Coordinator.h:177] total commit: 174036
I0912 00:15:15.522832 2955759 Coordinator.h:192] Coordinator exits.
