I1126 15:31:58.444720 1008845 Database.h:65] ycsb initialization finished in 30 milliseconds.
I1126 15:31:58.444814 1008845 Coordinator.h:30] Coordinator initializes 12 workers.
I1126 15:31:58.445734 1008845 Coordinator.h:77] Coordinator starts to run 13 workers.
I1126 15:31:58.445788 1008861 AriaExecutor.h:95] AriaExecutor 0 started. 
I1126 15:31:58.445832 1008862 AriaExecutor.h:95] AriaExecutor 1 started. 
I1126 15:31:58.445883 1008863 AriaExecutor.h:95] AriaExecutor 2 started. 
I1126 15:31:58.445922 1008864 AriaExecutor.h:95] AriaExecutor 3 started. 
I1126 15:31:58.446009 1008866 AriaExecutor.h:95] AriaExecutor 5 started. 
I1126 15:31:58.446048 1008867 AriaExecutor.h:95] AriaExecutor 6 started. 
I1126 15:31:58.446082 1008868 AriaExecutor.h:95] AriaExecutor 7 started. 
I1126 15:31:58.446127 1008869 AriaExecutor.h:95] AriaExecutor 8 started. 
I1126 15:31:58.446172 1008870 AriaExecutor.h:95] AriaExecutor 9 started. 
I1126 15:31:58.446205 1008871 AriaExecutor.h:95] AriaExecutor 10 started. 
I1126 15:31:58.446254 1008872 AriaExecutor.h:95] AriaExecutor 11 started. 
I1126 15:31:58.446290 1008865 AriaExecutor.h:95] AriaExecutor 4 started. 
I1126 15:31:58.446295 1008873 Manager.h:224] Manager(worker id = 12) on the coordinator node started.
I1126 15:31:59.446333 1008845 Coordinator.h:126] commit: 1064278 abort: 212722 (0/212722/0), network size: 0, avg network size: 0, si_in_serializable: 0 0 %, local: 0 %
I1126 15:32:00.446446 1008845 Coordinator.h:126] commit: 1038189 abort: 207811 (0/207811/0), network size: 0, avg network size: 0, si_in_serializable: 0 0 %, local: 0 %
I1126 15:32:01.446559 1008845 Coordinator.h:126] commit: 1058165 abort: 210787 (0/210787/0), network size: 0, avg network size: 0, si_in_serializable: 0 0 %, local: 0 %
I1126 15:32:02.446646 1008845 Coordinator.h:126] commit: 1063965 abort: 213083 (0/213083/0), network size: 0, avg network size: 0, si_in_serializable: 0 0 %, local: 0 %
I1126 15:32:03.446722 1008845 Coordinator.h:126] commit: 1063528 abort: 213472 (0/213472/0), network size: 0, avg network size: 0, si_in_serializable: 0 0 %, local: 0 %
I1126 15:32:04.446800 1008845 Coordinator.h:126] commit: 1029442 abort: 206467 (0/206467/0), network size: 0, avg network size: 0, si_in_serializable: 0 0 %, local: 0 %
I1126 15:32:05.446890 1008845 Coordinator.h:126] commit: 1052185 abort: 210906 (0/210906/0), network size: 0, avg network size: 0, si_in_serializable: 0 0 %, local: 0 %
I1126 15:32:06.447016 1008845 Coordinator.h:126] commit: 1064774 abort: 213226 (0/213226/0), network size: 0, avg network size: 0, si_in_serializable: 0 0 %, local: 0 %
I1126 15:32:07.447111 1008845 Coordinator.h:126] commit: 1067209 abort: 213791 (0/213791/0), network size: 0, avg network size: 0, si_in_serializable: 0 0 %, local: 0 %
I1126 15:32:08.447209 1008845 Coordinator.h:126] commit: 1069574 abort: 214426 (0/214426/0), network size: 0, avg network size: 0, si_in_serializable: 0 0 %, local: 0 %
I1126 15:32:09.447293 1008845 Coordinator.h:126] commit: 1067073 abort: 212927 (0/212927/0), network size: 0, avg network size: 0, si_in_serializable: 0 0 %, local: 0 %
I1126 15:32:10.447402 1008845 Coordinator.h:126] commit: 1003171 abort: 200704 (0/200704/0), network size: 0, avg network size: 0, si_in_serializable: 0 0 %, local: 0 %
I1126 15:32:11.447506 1008845 Coordinator.h:126] commit: 1046432 abort: 209693 (0/209693/0), network size: 0, avg network size: 0, si_in_serializable: 0 0 %, local: 0 %
I1126 15:32:12.447604 1008845 Coordinator.h:126] commit: 1072060 abort: 214867 (0/214867/0), network size: 0, avg network size: 0, si_in_serializable: 0 0 %, local: 0 %
I1126 15:32:13.447708 1008845 Coordinator.h:126] commit: 1061180 abort: 212893 (0/212893/0), network size: 0, avg network size: 0, si_in_serializable: 0 0 %, local: 0 %
I1126 15:32:14.447813 1008845 Coordinator.h:126] commit: 1069029 abort: 214971 (0/214971/0), network size: 0, avg network size: 0, si_in_serializable: 0 0 %, local: 0 %
I1126 15:32:15.447897 1008845 Coordinator.h:126] commit: 1068322 abort: 213678 (0/213678/0), network size: 0, avg network size: 0, si_in_serializable: 0 0 %, local: 0 %
I1126 15:32:16.447999 1008845 Coordinator.h:126] commit: 1071190 abort: 213810 (0/213810/0), network size: 0, avg network size: 0, si_in_serializable: 0 0 %, local: 0 %
I1126 15:32:17.448086 1008845 Coordinator.h:126] commit: 1067168 abort: 212832 (0/212832/0), network size: 0, avg network size: 0, si_in_serializable: 0 0 %, local: 0 %
I1126 15:32:18.448186 1008845 Coordinator.h:126] commit: 1057645 abort: 211355 (0/211355/0), network size: 0, avg network size: 0, si_in_serializable: 0 0 %, local: 0 %
I1126 15:32:19.448271 1008845 Coordinator.h:126] commit: 1068788 abort: 213212 (0/213212/0), network size: 0, avg network size: 0, si_in_serializable: 0 0 %, local: 0 %
I1126 15:32:20.448369 1008845 Coordinator.h:126] commit: 1071385 abort: 213615 (0/213615/0), network size: 0, avg network size: 0, si_in_serializable: 0 0 %, local: 0 %
I1126 15:32:21.448472 1008845 Coordinator.h:126] commit: 1068762 abort: 214238 (0/214238/0), network size: 0, avg network size: 0, si_in_serializable: 0 0 %, local: 0 %
I1126 15:32:22.448565 1008845 Coordinator.h:126] commit: 919407 abort: 184593 (0/184593/0), network size: 0, avg network size: 0, si_in_serializable: 0 0 %, local: 0 %
I1126 15:32:23.448650 1008845 Coordinator.h:126] commit: 1056346 abort: 210654 (0/210654/0), network size: 0, avg network size: 0, si_in_serializable: 0 0 %, local: 0 %
I1126 15:32:23.448676 1008845 Coordinator.h:152] average commit: 1.05833e+06 abort: 211773 (0/211773/0), network size: 0, avg network size: 0, si_in_serializable: 0 0 %, local: 0 %
I1126 15:32:23.448941 1008861 AriaExecutor.h:107] AriaExecutor 0 exits. 
I1126 15:32:23.448948 1008863 AriaExecutor.h:107] AriaExecutor 2 exits. 
I1126 15:32:23.448953 1008869 AriaExecutor.h:107] AriaExecutor 8 exits. 
I1126 15:32:23.448957 1008866 AriaExecutor.h:107] AriaExecutor 5 exits. 
I1126 15:32:23.448942 1008867 AriaExecutor.h:107] AriaExecutor 6 exits. 
I1126 15:32:23.448949 1008865 AriaExecutor.h:107] AriaExecutor 4 exits. 
I1126 15:32:23.448956 1008862 AriaExecutor.h:107] AriaExecutor 1 exits. 
I1126 15:32:23.448956 1008872 AriaExecutor.h:107] AriaExecutor 11 exits. 
I1126 15:32:23.448956 1008870 AriaExecutor.h:107] AriaExecutor 9 exits. 
I1126 15:32:23.448956 1008868 AriaExecutor.h:107] AriaExecutor 7 exits. 
I1126 15:32:23.448959 1008864 AriaExecutor.h:107] AriaExecutor 3 exits. 
I1126 15:32:23.448954 1008873 Manager.h:227] Manager(worker id = 12) on the coordinator node exits.
I1126 15:32:23.448943 1008871 AriaExecutor.h:107] AriaExecutor 10 exits. 
I1126 15:32:23.448685 1008845 AriaExecutor.h:705] Worker 0 latency: 602 us (50%) 655 us (75%) 697 us (95%) 713 us (99%).
I1126 15:32:23.528069 1008845 AriaExecutor.h:705] Worker 1 latency: 599 us (50%) 653 us (75%) 696 us (95%) 712 us (99%).
I1126 15:32:23.608197 1008845 AriaExecutor.h:705] Worker 2 latency: 603 us (50%) 655 us (75%) 697 us (95%) 713 us (99%).
I1126 15:32:23.686928 1008845 AriaExecutor.h:705] Worker 3 latency: 601 us (50%) 654 us (75%) 696 us (95%) 712 us (99%).
I1126 15:32:23.766602 1008845 AriaExecutor.h:705] Worker 4 latency: 603 us (50%) 655 us (75%) 697 us (95%) 713 us (99%).
I1126 15:32:23.845153 1008845 AriaExecutor.h:705] Worker 5 latency: 601 us (50%) 653 us (75%) 695 us (95%) 712 us (99%).
I1126 15:32:23.923781 1008845 AriaExecutor.h:705] Worker 6 latency: 606 us (50%) 656 us (75%) 697 us (95%) 713 us (99%).
I1126 15:32:24.002771 1008845 AriaExecutor.h:705] Worker 7 latency: 602 us (50%) 654 us (75%) 695 us (95%) 712 us (99%).
I1126 15:32:24.081001 1008845 AriaExecutor.h:705] Worker 8 latency: 606 us (50%) 657 us (75%) 697 us (95%) 713 us (99%).
I1126 15:32:24.160123 1008845 AriaExecutor.h:705] Worker 9 latency: 603 us (50%) 654 us (75%) 695 us (95%) 712 us (99%).
I1126 15:32:24.238727 1008845 AriaExecutor.h:705] Worker 10 latency: 606 us (50%) 656 us (75%) 697 us (95%) 713 us (99%).
I1126 15:32:24.317929 1008845 AriaExecutor.h:705] Worker 11 latency: 603 us (50%) 654 us (75%) 695 us (95%) 712 us (99%).
I1126 15:32:24.395123 1008845 Coordinator.h:177] total commit: 1.05833e+06
I1126 15:32:25.395231 1008845 Coordinator.h:192] Coordinator exits.
