I1126 15:54:45.381781 1023722 Database.h:65] ycsb initialization finished in 30 milliseconds.
I1126 15:54:45.381882 1023722 Coordinator.h:30] Coordinator initializes 12 workers.
I1126 15:54:45.453775 1023722 Coordinator.h:77] Coordinator starts to run 13 workers.
I1126 15:54:45.453832 1023738 AriaExecutor.h:93] AriaExecutor 0 started. 
I1126 15:54:45.453866 1023739 AriaExecutor.h:93] AriaExecutor 1 started. 
I1126 15:54:45.453904 1023740 AriaExecutor.h:93] AriaExecutor 2 started. 
I1126 15:54:45.453946 1023741 AriaExecutor.h:93] AriaExecutor 3 started. 
I1126 15:54:45.454025 1023743 AriaExecutor.h:93] AriaExecutor 5 started. 
I1126 15:54:45.454073 1023744 AriaExecutor.h:93] AriaExecutor 6 started. 
I1126 15:54:45.454113 1023745 AriaExecutor.h:93] AriaExecutor 7 started. 
I1126 15:54:45.454154 1023746 AriaExecutor.h:93] AriaExecutor 8 started. 
I1126 15:54:45.454193 1023747 AriaExecutor.h:93] AriaExecutor 9 started. 
I1126 15:54:45.454228 1023748 AriaExecutor.h:93] AriaExecutor 10 started. 
I1126 15:54:45.454272 1023749 AriaExecutor.h:93] AriaExecutor 11 started. 
I1126 15:54:45.454305 1023742 AriaExecutor.h:93] AriaExecutor 4 started. 
I1126 15:54:45.454315 1023750 Manager.h:224] Manager(worker id = 12) on the coordinator node started.
I1126 15:54:46.454341 1023722 Coordinator.h:126] commit: 2091 abort: 147909 (0/147909/0), network size: 0, avg network size: 0, si_in_serializable: 0 0 %, local: 0 %
I1126 15:54:47.454468 1023722 Coordinator.h:126] commit: 2077 abort: 147923 (0/147923/0), network size: 0, avg network size: 0, si_in_serializable: 0 0 %, local: 0 %
I1126 15:54:48.454587 1023722 Coordinator.h:126] commit: 2069 abort: 147931 (0/147931/0), network size: 0, avg network size: 0, si_in_serializable: 0 0 %, local: 0 %
I1126 15:54:49.454681 1023722 Coordinator.h:126] commit: 2241 abort: 157759 (0/157759/0), network size: 0, avg network size: 0, si_in_serializable: 0 0 %, local: 0 %
I1126 15:54:50.454782 1023722 Coordinator.h:126] commit: 2217 abort: 157783 (0/157783/0), network size: 0, avg network size: 0, si_in_serializable: 0 0 %, local: 0 %
I1126 15:54:51.454883 1023722 Coordinator.h:126] commit: 2097 abort: 147903 (0/147903/0), network size: 0, avg network size: 0, si_in_serializable: 0 0 %, local: 0 %
I1126 15:54:52.454988 1023722 Coordinator.h:126] commit: 2251 abort: 157749 (0/157749/0), network size: 0, avg network size: 0, si_in_serializable: 0 0 %, local: 0 %
I1126 15:54:53.455071 1023722 Coordinator.h:126] commit: 2228 abort: 157772 (0/157772/0), network size: 0, avg network size: 0, si_in_serializable: 0 0 %, local: 0 %
I1126 15:54:54.455142 1023722 Coordinator.h:126] commit: 2277 abort: 157723 (0/157723/0), network size: 0, avg network size: 0, si_in_serializable: 0 0 %, local: 0 %
I1126 15:54:55.455227 1023722 Coordinator.h:126] commit: 2261 abort: 157739 (0/157739/0), network size: 0, avg network size: 0, si_in_serializable: 0 0 %, local: 0 %
I1126 15:54:56.455322 1023722 Coordinator.h:126] commit: 2233 abort: 157767 (0/157767/0), network size: 0, avg network size: 0, si_in_serializable: 0 0 %, local: 0 %
I1126 15:54:57.455423 1023722 Coordinator.h:126] commit: 2109 abort: 147891 (0/147891/0), network size: 0, avg network size: 0, si_in_serializable: 0 0 %, local: 0 %
I1126 15:54:58.455508 1023722 Coordinator.h:126] commit: 2202 abort: 157798 (0/157798/0), network size: 0, avg network size: 0, si_in_serializable: 0 0 %, local: 0 %
I1126 15:54:59.455592 1023722 Coordinator.h:126] commit: 2266 abort: 157734 (0/157734/0), network size: 0, avg network size: 0, si_in_serializable: 0 0 %, local: 0 %
I1126 15:55:00.455694 1023722 Coordinator.h:126] commit: 2233 abort: 157767 (0/157767/0), network size: 0, avg network size: 0, si_in_serializable: 0 0 %, local: 0 %
I1126 15:55:01.455808 1023722 Coordinator.h:126] commit: 2178 abort: 157822 (0/157822/0), network size: 0, avg network size: 0, si_in_serializable: 0 0 %, local: 0 %
I1126 15:55:02.455884 1023722 Coordinator.h:126] commit: 2088 abort: 147912 (0/147912/0), network size: 0, avg network size: 0, si_in_serializable: 0 0 %, local: 0 %
I1126 15:55:03.455956 1023722 Coordinator.h:126] commit: 2221 abort: 157779 (0/157779/0), network size: 0, avg network size: 0, si_in_serializable: 0 0 %, local: 0 %
I1126 15:55:04.456030 1023722 Coordinator.h:126] commit: 2217 abort: 157783 (0/157783/0), network size: 0, avg network size: 0, si_in_serializable: 0 0 %, local: 0 %
I1126 15:55:05.456138 1023722 Coordinator.h:126] commit: 2223 abort: 157777 (0/157777/0), network size: 0, avg network size: 0, si_in_serializable: 0 0 %, local: 0 %
I1126 15:55:06.456250 1023722 Coordinator.h:126] commit: 2256 abort: 157744 (0/157744/0), network size: 0, avg network size: 0, si_in_serializable: 0 0 %, local: 0 %
I1126 15:55:07.456328 1023722 Coordinator.h:126] commit: 2112 abort: 147888 (0/147888/0), network size: 0, avg network size: 0, si_in_serializable: 0 0 %, local: 0 %
I1126 15:55:08.456401 1023722 Coordinator.h:126] commit: 2169 abort: 157831 (0/157831/0), network size: 0, avg network size: 0, si_in_serializable: 0 0 %, local: 0 %
I1126 15:55:09.456480 1023722 Coordinator.h:126] commit: 2260 abort: 157740 (0/157740/0), network size: 0, avg network size: 0, si_in_serializable: 0 0 %, local: 0 %
I1126 15:55:10.456568 1023722 Coordinator.h:126] commit: 2265 abort: 157735 (0/157735/0), network size: 0, avg network size: 0, si_in_serializable: 0 0 %, local: 0 %
I1126 15:55:10.456607 1023722 Coordinator.h:152] average commit: 2197 abort: 155803 (0/155803/0), network size: 0, avg network size: 0, si_in_serializable: 0 0 %, local: 0 %
I1126 15:55:10.456614 1023722 AriaExecutor.h:672] Worker 0 latency: 62697 us (50%) 63088 us (75%) 65184 us (95%) 72318 us (99%).
I1126 15:55:10.508154 1023750 Manager.h:227] Manager(worker id = 12) on the coordinator node exits.
I1126 15:55:10.508167 1023739 AriaExecutor.h:105] AriaExecutor 1 exits. 
I1126 15:55:10.508154 1023740 AriaExecutor.h:105] AriaExecutor 2 exits. 
I1126 15:55:10.508155 1023742 AriaExecutor.h:105] AriaExecutor 4 exits. 
I1126 15:55:10.508155 1023744 AriaExecutor.h:105] AriaExecutor 6 exits. 
I1126 15:55:10.508157 1023746 AriaExecutor.h:105] AriaExecutor 8 exits. 
I1126 15:55:10.508158 1023748 AriaExecutor.h:105] AriaExecutor 10 exits. 
I1126 15:55:10.508167 1023745 AriaExecutor.h:105] AriaExecutor 7 exits. 
I1126 15:55:10.508167 1023743 AriaExecutor.h:105] AriaExecutor 5 exits. 
I1126 15:55:10.508154 1023738 AriaExecutor.h:105] AriaExecutor 0 exits. 
I1126 15:55:10.508167 1023741 AriaExecutor.h:105] AriaExecutor 3 exits. 
I1126 15:55:10.508167 1023749 AriaExecutor.h:105] AriaExecutor 11 exits. 
I1126 15:55:10.508169 1023747 AriaExecutor.h:105] AriaExecutor 9 exits. 
I1126 15:55:10.508488 1023722 AriaExecutor.h:672] Worker 1 latency: 62687 us (50%) 63073 us (75%) 65108 us (95%) 72207 us (99%).
I1126 15:55:10.508745 1023722 AriaExecutor.h:672] Worker 2 latency: 62703 us (50%) 63101 us (75%) 65200 us (95%) 72314 us (99%).
I1126 15:55:10.508984 1023722 AriaExecutor.h:672] Worker 3 latency: 62690 us (50%) 63075 us (75%) 65171 us (95%) 72300 us (99%).
I1126 15:55:10.509214 1023722 AriaExecutor.h:672] Worker 4 latency: 62689 us (50%) 63079 us (75%) 65058 us (95%) 72353 us (99%).
I1126 15:55:10.509475 1023722 AriaExecutor.h:672] Worker 5 latency: 62688 us (50%) 63092 us (75%) 65199 us (95%) 72338 us (99%).
I1126 15:55:10.509721 1023722 AriaExecutor.h:672] Worker 6 latency: 62687 us (50%) 63073 us (75%) 65034 us (95%) 72224 us (99%).
I1126 15:55:10.509956 1023722 AriaExecutor.h:672] Worker 7 latency: 62698 us (50%) 63087 us (75%) 65043 us (95%) 72230 us (99%).
I1126 15:55:10.510195 1023722 AriaExecutor.h:672] Worker 8 latency: 62688 us (50%) 63091 us (75%) 65191 us (95%) 72374 us (99%).
I1126 15:55:10.510432 1023722 AriaExecutor.h:672] Worker 9 latency: 62687 us (50%) 63073 us (75%) 65184 us (95%) 72320 us (99%).
I1126 15:55:10.510679 1023722 AriaExecutor.h:672] Worker 10 latency: 62693 us (50%) 63074 us (75%) 65202 us (95%) 72239 us (99%).
I1126 15:55:10.510910 1023722 AriaExecutor.h:672] Worker 11 latency: 62689 us (50%) 63079 us (75%) 65147 us (95%) 72428 us (99%).
I1126 15:55:10.511157 1023722 Coordinator.h:177] total commit: 2197
I1126 15:55:11.511258 1023722 Coordinator.h:192] Coordinator exits.
