I1126 14:15:29.978586 962237 Database.h:65] ycsb initialization finished in 30 milliseconds.
I1126 14:15:29.978684 962237 Coordinator.h:30] Coordinator initializes 12 workers.
I1126 14:15:29.985507 962237 Coordinator.h:77] Coordinator starts to run 13 workers.
I1126 14:15:29.985574 962253 AriaExecutor.h:91] AriaExecutor 0 started. 
I1126 14:15:29.985597 962254 AriaExecutor.h:91] AriaExecutor 1 started. 
I1126 14:15:29.985641 962255 AriaExecutor.h:91] AriaExecutor 2 started. 
I1126 14:15:29.985678 962256 AriaExecutor.h:91] AriaExecutor 3 started. 
I1126 14:15:29.985700 962257 AriaExecutor.h:91] AriaExecutor 4 started. 
I1126 14:15:29.985749 962258 AriaExecutor.h:91] AriaExecutor 5 started. 
I1126 14:15:29.985773 962259 AriaExecutor.h:91] AriaExecutor 6 started. 
I1126 14:15:29.985805 962260 AriaExecutor.h:91] AriaExecutor 7 started. 
I1126 14:15:29.985843 962261 AriaExecutor.h:91] AriaExecutor 8 started. 
I1126 14:15:29.985872 962262 AriaExecutor.h:91] AriaExecutor 9 started. 
I1126 14:15:29.985910 962263 AriaExecutor.h:91] AriaExecutor 10 started. 
I1126 14:15:29.985939 962264 AriaExecutor.h:91] AriaExecutor 11 started. 
I1126 14:15:29.985965 962265 Manager.h:224] Manager(worker id = 12) on the coordinator node started.
I1126 14:15:30.986025 962237 Coordinator.h:126] commit: 1612424 abort: 277576 (0/277576/0), network size: 0, avg network size: 0, si_in_serializable: 0 0 %, local: 0 %
I1126 14:15:31.986141 962237 Coordinator.h:126] commit: 1595517 abort: 274483 (0/274483/0), network size: 0, avg network size: 0, si_in_serializable: 0 0 %, local: 0 %
I1126 14:15:32.986261 962237 Coordinator.h:126] commit: 1623465 abort: 279302 (0/279302/0), network size: 0, avg network size: 0, si_in_serializable: 0 0 %, local: 0 %
I1126 14:15:33.986330 962237 Coordinator.h:126] commit: 1618732 abort: 278500 (0/278500/0), network size: 0, avg network size: 0, si_in_serializable: 0 0 %, local: 0 %
I1126 14:15:34.986430 962237 Coordinator.h:126] commit: 1628955 abort: 281045 (0/281045/0), network size: 0, avg network size: 0, si_in_serializable: 0 0 %, local: 0 %
I1126 14:15:35.986541 962237 Coordinator.h:126] commit: 1629672 abort: 280328 (0/280328/0), network size: 0, avg network size: 0, si_in_serializable: 0 0 %, local: 0 %
I1126 14:15:36.986649 962237 Coordinator.h:126] commit: 1604190 abort: 276425 (0/276425/0), network size: 0, avg network size: 0, si_in_serializable: 0 0 %, local: 0 %
I1126 14:15:37.986743 962237 Coordinator.h:126] commit: 1593654 abort: 275731 (0/275731/0), network size: 0, avg network size: 0, si_in_serializable: 0 0 %, local: 0 %
I1126 14:15:38.986850 962237 Coordinator.h:126] commit: 1620672 abort: 279328 (0/279328/0), network size: 0, avg network size: 0, si_in_serializable: 0 0 %, local: 0 %
I1126 14:15:39.986961 962237 Coordinator.h:126] commit: 1628474 abort: 281526 (0/281526/0), network size: 0, avg network size: 0, si_in_serializable: 0 0 %, local: 0 %
I1126 14:15:40.987066 962237 Coordinator.h:126] commit: 1628711 abort: 281289 (0/281289/0), network size: 0, avg network size: 0, si_in_serializable: 0 0 %, local: 0 %
I1126 14:15:41.987167 962237 Coordinator.h:126] commit: 1629625 abort: 280375 (0/280375/0), network size: 0, avg network size: 0, si_in_serializable: 0 0 %, local: 0 %
I1126 14:15:42.987259 962237 Coordinator.h:126] commit: 1620445 abort: 279555 (0/279555/0), network size: 0, avg network size: 0, si_in_serializable: 0 0 %, local: 0 %
I1126 14:15:43.987360 962237 Coordinator.h:126] commit: 1632415 abort: 280306 (0/280306/0), network size: 0, avg network size: 0, si_in_serializable: 0 0 %, local: 0 %
I1126 14:15:44.987460 962237 Coordinator.h:126] commit: 1626571 abort: 280708 (0/280708/0), network size: 0, avg network size: 0, si_in_serializable: 0 0 %, local: 0 %
I1126 14:15:45.987567 962237 Coordinator.h:126] commit: 1485139 abort: 254861 (0/254861/0), network size: 0, avg network size: 0, si_in_serializable: 0 0 %, local: 0 %
I1126 14:15:46.987671 962237 Coordinator.h:126] commit: 1629510 abort: 280490 (0/280490/0), network size: 0, avg network size: 0, si_in_serializable: 0 0 %, local: 0 %
I1126 14:15:47.987762 962237 Coordinator.h:126] commit: 1629528 abort: 280472 (0/280472/0), network size: 0, avg network size: 0, si_in_serializable: 0 0 %, local: 0 %
I1126 14:15:48.987869 962237 Coordinator.h:126] commit: 1629169 abort: 280831 (0/280831/0), network size: 0, avg network size: 0, si_in_serializable: 0 0 %, local: 0 %
I1126 14:15:49.987975 962237 Coordinator.h:126] commit: 1629894 abort: 280106 (0/280106/0), network size: 0, avg network size: 0, si_in_serializable: 0 0 %, local: 0 %
I1126 14:15:50.988086 962237 Coordinator.h:126] commit: 1628531 abort: 281469 (0/281469/0), network size: 0, avg network size: 0, si_in_serializable: 0 0 %, local: 0 %
I1126 14:15:51.988194 962237 Coordinator.h:126] commit: 1629433 abort: 280567 (0/280567/0), network size: 0, avg network size: 0, si_in_serializable: 0 0 %, local: 0 %
I1126 14:15:52.988322 962237 Coordinator.h:126] commit: 1604286 abort: 275714 (0/275714/0), network size: 0, avg network size: 0, si_in_serializable: 0 0 %, local: 0 %
I1126 14:15:53.988435 962237 Coordinator.h:126] commit: 1628689 abort: 281311 (0/281311/0), network size: 0, avg network size: 0, si_in_serializable: 0 0 %, local: 0 %
I1126 14:15:54.988543 962237 Coordinator.h:126] commit: 1628413 abort: 281587 (0/281587/0), network size: 0, avg network size: 0, si_in_serializable: 0 0 %, local: 0 %
I1126 14:15:54.988576 962237 Coordinator.h:152] average commit: 1.6141e+06 abort: 277899 (0/277899/0), network size: 0, avg network size: 0, si_in_serializable: 0 0 %, local: 0 %
I1126 14:15:54.991449 962257 AriaExecutor.h:103] AriaExecutor 4 exits. 
I1126 14:15:54.991451 962263 AriaExecutor.h:103] AriaExecutor 10 exits. 
I1126 14:15:54.991451 962261 AriaExecutor.h:103] AriaExecutor 8 exits. 
I1126 14:15:54.991452 962265 Manager.h:227] Manager(worker id = 12) on the coordinator node exits.
I1126 14:15:54.991479 962258 AriaExecutor.h:103] AriaExecutor 5 exits. 
I1126 14:15:54.991464 962262 AriaExecutor.h:103] AriaExecutor 9 exits. 
I1126 14:15:54.991464 962264 AriaExecutor.h:103] AriaExecutor 11 exits. 
I1126 14:15:54.991464 962256 AriaExecutor.h:103] AriaExecutor 3 exits. 
I1126 14:15:54.991464 962260 AriaExecutor.h:103] AriaExecutor 7 exits. 
I1126 14:15:54.991464 962254 AriaExecutor.h:103] AriaExecutor 1 exits. 
I1126 14:15:54.991452 962253 AriaExecutor.h:103] AriaExecutor 0 exits. 
I1126 14:15:54.991454 962259 AriaExecutor.h:103] AriaExecutor 6 exits. 
I1126 14:15:54.991456 962255 AriaExecutor.h:103] AriaExecutor 2 exits. 
I1126 14:15:54.988585 962237 AriaExecutor.h:649] Worker 0 latency: 3717 us (50%) 4214 us (75%) 4592 us (95%) 4689 us (99%).
I1126 14:15:55.113068 962237 AriaExecutor.h:649] Worker 1 latency: 3704 us (50%) 4207 us (75%) 4588 us (95%) 4685 us (99%).
I1126 14:15:55.240495 962237 AriaExecutor.h:649] Worker 2 latency: 3730 us (50%) 4219 us (75%) 4591 us (95%) 4688 us (99%).
I1126 14:15:55.365641 962237 AriaExecutor.h:649] Worker 3 latency: 3707 us (50%) 4209 us (75%) 4588 us (95%) 4684 us (99%).
I1126 14:15:55.491248 962237 AriaExecutor.h:649] Worker 4 latency: 3717 us (50%) 4214 us (75%) 4590 us (95%) 4687 us (99%).
I1126 14:15:55.623554 962237 AriaExecutor.h:649] Worker 5 latency: 3710 us (50%) 4209 us (75%) 4588 us (95%) 4684 us (99%).
I1126 14:15:55.750599 962237 AriaExecutor.h:649] Worker 6 latency: 3731 us (50%) 4221 us (75%) 4592 us (95%) 4688 us (99%).
I1126 14:15:55.875437 962237 AriaExecutor.h:649] Worker 7 latency: 3704 us (50%) 4209 us (75%) 4588 us (95%) 4686 us (99%).
I1126 14:15:56.001363 962237 AriaExecutor.h:649] Worker 8 latency: 3718 us (50%) 4216 us (75%) 4592 us (95%) 4688 us (99%).
I1126 14:15:56.127497 962237 AriaExecutor.h:649] Worker 9 latency: 3710 us (50%) 4211 us (75%) 4589 us (95%) 4686 us (99%).
I1126 14:15:56.252766 962237 AriaExecutor.h:649] Worker 10 latency: 3727 us (50%) 4219 us (75%) 4592 us (95%) 4687 us (99%).
I1126 14:15:56.377043 962237 AriaExecutor.h:649] Worker 11 latency: 3701 us (50%) 4207 us (75%) 4588 us (95%) 4685 us (99%).
I1126 14:15:56.503826 962237 Coordinator.h:177] total commit: 1.6141e+06
I1126 14:15:57.503942 962237 Coordinator.h:192] Coordinator exits.
