I1126 16:09:48.391274 1033008 Database.h:65] ycsb initialization finished in 30 milliseconds.
I1126 16:09:48.391378 1033008 Coordinator.h:30] Coordinator initializes 12 workers.
I1126 16:09:48.463002 1033008 Coordinator.h:77] Coordinator starts to run 13 workers.
I1126 16:09:48.463059 1033024 AriaExecutor.h:93] AriaExecutor 0 started. 
I1126 16:09:48.463100 1033025 AriaExecutor.h:93] AriaExecutor 1 started. 
I1126 16:09:48.463140 1033026 AriaExecutor.h:93] AriaExecutor 2 started. 
I1126 16:09:48.463184 1033027 AriaExecutor.h:93] AriaExecutor 3 started. 
I1126 16:09:48.463269 1033029 AriaExecutor.h:93] AriaExecutor 5 started. 
I1126 16:09:48.463307 1033030 AriaExecutor.h:93] AriaExecutor 6 started. 
I1126 16:09:48.463347 1033031 AriaExecutor.h:93] AriaExecutor 7 started. 
I1126 16:09:48.463382 1033032 AriaExecutor.h:93] AriaExecutor 8 started. 
I1126 16:09:48.463428 1033033 AriaExecutor.h:93] AriaExecutor 9 started. 
I1126 16:09:48.463464 1033034 AriaExecutor.h:93] AriaExecutor 10 started. 
I1126 16:09:48.463500 1033028 AriaExecutor.h:93] AriaExecutor 4 started. 
I1126 16:09:48.463527 1033035 AriaExecutor.h:93] AriaExecutor 11 started. 
I1126 16:09:48.463616 1033036 Manager.h:224] Manager(worker id = 12) on the coordinator node started.
I1126 16:09:49.463675 1033008 Coordinator.h:126] commit: 593337 abort: 356663 (0/356663/0), network size: 0, avg network size: 0, si_in_serializable: 0 0 %, local: 0 %
I1126 16:09:50.463814 1033008 Coordinator.h:126] commit: 581180 abort: 348820 (0/348820/0), network size: 0, avg network size: 0, si_in_serializable: 0 0 %, local: 0 %
I1126 16:09:51.463963 1033008 Coordinator.h:126] commit: 593782 abort: 356218 (0/356218/0), network size: 0, avg network size: 0, si_in_serializable: 0 0 %, local: 0 %
I1126 16:09:52.464058 1033008 Coordinator.h:126] commit: 599664 abort: 360336 (0/360336/0), network size: 0, avg network size: 0, si_in_serializable: 0 0 %, local: 0 %
I1126 16:09:53.464133 1033008 Coordinator.h:126] commit: 598265 abort: 361716 (0/361716/0), network size: 0, avg network size: 0, si_in_serializable: 0 0 %, local: 0 %
I1126 16:09:54.464208 1033008 Coordinator.h:126] commit: 592188 abort: 357831 (0/357831/0), network size: 0, avg network size: 0, si_in_serializable: 0 0 %, local: 0 %
I1126 16:09:55.464285 1033008 Coordinator.h:126] commit: 587200 abort: 352800 (0/352800/0), network size: 0, avg network size: 0, si_in_serializable: 0 0 %, local: 0 %
I1126 16:09:56.464360 1033008 Coordinator.h:126] commit: 599681 abort: 360319 (0/360319/0), network size: 0, avg network size: 0, si_in_serializable: 0 0 %, local: 0 %
I1126 16:09:57.464450 1033008 Coordinator.h:126] commit: 593510 abort: 356490 (0/356490/0), network size: 0, avg network size: 0, si_in_serializable: 0 0 %, local: 0 %
I1126 16:09:58.464525 1033008 Coordinator.h:126] commit: 599339 abort: 360661 (0/360661/0), network size: 0, avg network size: 0, si_in_serializable: 0 0 %, local: 0 %
I1126 16:09:59.464599 1033008 Coordinator.h:126] commit: 587214 abort: 352786 (0/352786/0), network size: 0, avg network size: 0, si_in_serializable: 0 0 %, local: 0 %
I1126 16:10:00.464672 1033008 Coordinator.h:126] commit: 599847 abort: 360153 (0/360153/0), network size: 0, avg network size: 0, si_in_serializable: 0 0 %, local: 0 %
I1126 16:10:01.464743 1033008 Coordinator.h:126] commit: 599533 abort: 360467 (0/360467/0), network size: 0, avg network size: 0, si_in_serializable: 0 0 %, local: 0 %
I1126 16:10:02.464819 1033008 Coordinator.h:126] commit: 594064 abort: 355936 (0/355936/0), network size: 0, avg network size: 0, si_in_serializable: 0 0 %, local: 0 %
I1126 16:10:03.464895 1033008 Coordinator.h:126] commit: 593306 abort: 356694 (0/356694/0), network size: 0, avg network size: 0, si_in_serializable: 0 0 %, local: 0 %
I1126 16:10:04.464995 1033008 Coordinator.h:126] commit: 593248 abort: 356752 (0/356752/0), network size: 0, avg network size: 0, si_in_serializable: 0 0 %, local: 0 %
I1126 16:10:05.465083 1033008 Coordinator.h:126] commit: 599890 abort: 360110 (0/360110/0), network size: 0, avg network size: 0, si_in_serializable: 0 0 %, local: 0 %
I1126 16:10:06.465157 1033008 Coordinator.h:126] commit: 599833 abort: 360167 (0/360167/0), network size: 0, avg network size: 0, si_in_serializable: 0 0 %, local: 0 %
I1126 16:10:07.465229 1033008 Coordinator.h:126] commit: 592720 abort: 357280 (0/357280/0), network size: 0, avg network size: 0, si_in_serializable: 0 0 %, local: 0 %
I1126 16:10:08.465302 1033008 Coordinator.h:126] commit: 599146 abort: 360854 (0/360854/0), network size: 0, avg network size: 0, si_in_serializable: 0 0 %, local: 0 %
I1126 16:10:09.465376 1033008 Coordinator.h:126] commit: 599275 abort: 360725 (0/360725/0), network size: 0, avg network size: 0, si_in_serializable: 0 0 %, local: 0 %
I1126 16:10:10.465451 1033008 Coordinator.h:126] commit: 580689 abort: 349311 (0/349311/0), network size: 0, avg network size: 0, si_in_serializable: 0 0 %, local: 0 %
I1126 16:10:11.465528 1033008 Coordinator.h:126] commit: 593489 abort: 356511 (0/356511/0), network size: 0, avg network size: 0, si_in_serializable: 0 0 %, local: 0 %
I1126 16:10:12.465605 1033008 Coordinator.h:126] commit: 599372 abort: 360628 (0/360628/0), network size: 0, avg network size: 0, si_in_serializable: 0 0 %, local: 0 %
I1126 16:10:13.465677 1033008 Coordinator.h:126] commit: 599597 abort: 360403 (0/360403/0), network size: 0, avg network size: 0, si_in_serializable: 0 0 %, local: 0 %
I1126 16:10:13.465683 1033008 Coordinator.h:152] average commit: 595880 abort: 358120 (0/358120/0), network size: 0, avg network size: 0, si_in_serializable: 0 0 %, local: 0 %
I1126 16:10:13.473694 1033028 AriaExecutor.h:105] AriaExecutor 4 exits. 
I1126 16:10:13.473696 1033026 AriaExecutor.h:105] AriaExecutor 2 exits. 
I1126 16:10:13.473716 1033027 AriaExecutor.h:105] AriaExecutor 3 exits. 
I1126 16:10:13.473699 1033034 AriaExecutor.h:105] AriaExecutor 10 exits. 
I1126 16:10:13.473706 1033033 AriaExecutor.h:105] AriaExecutor 9 exits. 
I1126 16:10:13.473706 1033035 AriaExecutor.h:105] AriaExecutor 11 exits. 
I1126 16:10:13.473706 1033025 AriaExecutor.h:105] AriaExecutor 1 exits. 
I1126 16:10:13.473706 1033029 AriaExecutor.h:105] AriaExecutor 5 exits. 
I1126 16:10:13.473706 1033031 AriaExecutor.h:105] AriaExecutor 7 exits. 
I1126 16:10:13.473696 1033032 AriaExecutor.h:105] AriaExecutor 8 exits. 
I1126 16:10:13.473709 1033036 Manager.h:227] Manager(worker id = 12) on the coordinator node exits.
I1126 16:10:13.473699 1033030 AriaExecutor.h:105] AriaExecutor 6 exits. 
I1126 16:10:13.473711 1033024 AriaExecutor.h:105] AriaExecutor 0 exits. 
I1126 16:10:13.465693 1033008 AriaExecutor.h:672] Worker 0 latency: 6669 us (50%) 8547 us (75%) 9809 us (95%) 10037 us (99%).
I1126 16:10:13.523962 1033008 AriaExecutor.h:672] Worker 1 latency: 6648 us (50%) 8534 us (75%) 9802 us (95%) 10030 us (99%).
I1126 16:10:13.580802 1033008 AriaExecutor.h:672] Worker 2 latency: 6669 us (50%) 8546 us (75%) 9805 us (95%) 10033 us (99%).
I1126 16:10:13.639155 1033008 AriaExecutor.h:672] Worker 3 latency: 6614 us (50%) 8521 us (75%) 9801 us (95%) 10032 us (99%).
I1126 16:10:13.697609 1033008 AriaExecutor.h:672] Worker 4 latency: 6649 us (50%) 8536 us (75%) 9806 us (95%) 10036 us (99%).
I1126 16:10:13.756013 1033008 AriaExecutor.h:672] Worker 5 latency: 6648 us (50%) 8533 us (75%) 9802 us (95%) 10031 us (99%).
I1126 16:10:13.814062 1033008 AriaExecutor.h:672] Worker 6 latency: 6636 us (50%) 8534 us (75%) 9804 us (95%) 10034 us (99%).
I1126 16:10:13.872058 1033008 AriaExecutor.h:672] Worker 7 latency: 6635 us (50%) 8528 us (75%) 9801 us (95%) 10031 us (99%).
I1126 16:10:13.929498 1033008 AriaExecutor.h:672] Worker 8 latency: 6635 us (50%) 8528 us (75%) 9802 us (95%) 10033 us (99%).
I1126 16:10:13.987141 1033008 AriaExecutor.h:672] Worker 9 latency: 6637 us (50%) 8528 us (75%) 9802 us (95%) 10032 us (99%).
I1126 16:10:14.045177 1033008 AriaExecutor.h:672] Worker 10 latency: 6638 us (50%) 8532 us (75%) 9804 us (95%) 10034 us (99%).
I1126 16:10:14.103327 1033008 AriaExecutor.h:672] Worker 11 latency: 6627 us (50%) 8524 us (75%) 9802 us (95%) 10033 us (99%).
I1126 16:10:14.160910 1033008 Coordinator.h:177] total commit: 595880
I1126 16:10:15.161049 1033008 Coordinator.h:192] Coordinator exits.
