I0911 22:59:38.999408 2941412 Database.h:65] ycsb initialization finished in 149 milliseconds.
I0911 22:59:38.999521 2941412 Coordinator.h:30] Coordinator initializes 16 workers.
I0911 22:59:39.029989 2941412 Coordinator.h:77] Coordinator starts to run 17 workers.
I0911 22:59:39.030097 2941432 AriaExecutor.h:82] AriaExecutor 0 started. 
I0911 22:59:39.030112 2941433 AriaExecutor.h:82] AriaExecutor 1 started. 
I0911 22:59:39.030167 2941434 AriaExecutor.h:82] AriaExecutor 2 started. 
I0911 22:59:39.030207 2941435 AriaExecutor.h:82] AriaExecutor 3 started. 
I0911 22:59:39.030251 2941436 AriaExecutor.h:82] AriaExecutor 4 started. 
I0911 22:59:39.030280 2941437 AriaExecutor.h:82] AriaExecutor 5 started. 
I0911 22:59:39.030315 2941438 AriaExecutor.h:82] AriaExecutor 6 started. 
I0911 22:59:39.030364 2941439 AriaExecutor.h:82] AriaExecutor 7 started. 
I0911 22:59:39.030400 2941440 AriaExecutor.h:82] AriaExecutor 8 started. 
I0911 22:59:39.030434 2941441 AriaExecutor.h:82] AriaExecutor 9 started. 
I0911 22:59:39.030471 2941442 AriaExecutor.h:82] AriaExecutor 10 started. 
I0911 22:59:39.030509 2941443 AriaExecutor.h:82] AriaExecutor 11 started. 
I0911 22:59:39.030542 2941444 AriaExecutor.h:82] AriaExecutor 12 started. 
I0911 22:59:39.030573 2941445 AriaExecutor.h:82] AriaExecutor 13 started. 
I0911 22:59:39.030607 2941446 AriaExecutor.h:82] AriaExecutor 14 started. 
I0911 22:59:39.030639 2941447 AriaExecutor.h:82] AriaExecutor 15 started. 
I0911 22:59:39.030675 2941448 Manager.h:224] Manager(worker id = 16) on the coordinator node started.
I0911 22:59:40.030728 2941412 Coordinator.h:126] commit: 1452 abort: 215636 (0/215636/0), network size: 0, avg network size: 0, si_in_serializable: 0 0 %, local: 0 %
I0911 22:59:41.030908 2941412 Coordinator.h:126] commit: 1609 abort: 235959 (0/235959/0), network size: 0, avg network size: 0, si_in_serializable: 0 0 %, local: 0 %
I0911 22:59:42.030999 2941412 Coordinator.h:126] commit: 1622 abort: 231850 (0/231850/0), network size: 0, avg network size: 0, si_in_serializable: 0 0 %, local: 0 %
I0911 22:59:43.031087 2941412 Coordinator.h:126] commit: 1566 abort: 231906 (0/231906/0), network size: 0, avg network size: 0, si_in_serializable: 0 0 %, local: 0 %
I0911 22:59:44.031260 2941412 Coordinator.h:126] commit: 1642 abort: 244118 (0/244118/0), network size: 0, avg network size: 0, si_in_serializable: 0 0 %, local: 0 %
I0911 22:59:45.031364 2941412 Coordinator.h:126] commit: 1671 abort: 248185 (0/248185/0), network size: 0, avg network size: 0, si_in_serializable: 0 0 %, local: 0 %
I0911 22:59:46.031448 2941412 Coordinator.h:126] commit: 1659 abort: 248197 (0/248197/0), network size: 0, avg network size: 0, si_in_serializable: 0 0 %, local: 0 %
I0911 22:59:47.031524 2941412 Coordinator.h:126] commit: 1683 abort: 248173 (0/248173/0), network size: 0, avg network size: 0, si_in_serializable: 0 0 %, local: 0 %
I0911 22:59:48.031605 2941412 Coordinator.h:126] commit: 1681 abort: 248175 (0/248175/0), network size: 0, avg network size: 0, si_in_serializable: 0 0 %, local: 0 %
I0911 22:59:49.031693 2941412 Coordinator.h:126] commit: 1679 abort: 244081 (0/244081/0), network size: 0, avg network size: 0, si_in_serializable: 0 0 %, local: 0 %
I0911 22:59:50.031783 2941412 Coordinator.h:126] commit: 1666 abort: 248190 (0/248190/0), network size: 0, avg network size: 0, si_in_serializable: 0 0 %, local: 0 %
I0911 22:59:51.031864 2941412 Coordinator.h:126] commit: 1631 abort: 244129 (0/244129/0), network size: 0, avg network size: 0, si_in_serializable: 0 0 %, local: 0 %
I0911 22:59:52.031937 2941412 Coordinator.h:126] commit: 1676 abort: 252276 (0/252276/0), network size: 0, avg network size: 0, si_in_serializable: 0 0 %, local: 0 %
I0911 22:59:53.032058 2941412 Coordinator.h:126] commit: 1704 abort: 252248 (0/252248/0), network size: 0, avg network size: 0, si_in_serializable: 0 0 %, local: 0 %
I0911 22:59:54.032151 2941412 Coordinator.h:126] commit: 1715 abort: 252237 (0/252237/0), network size: 0, avg network size: 0, si_in_serializable: 0 0 %, local: 0 %
I0911 22:59:55.032236 2941412 Coordinator.h:126] commit: 1706 abort: 252246 (0/252246/0), network size: 0, avg network size: 0, si_in_serializable: 0 0 %, local: 0 %
I0911 22:59:56.032325 2941412 Coordinator.h:126] commit: 1715 abort: 252237 (0/252237/0), network size: 0, avg network size: 0, si_in_serializable: 0 0 %, local: 0 %
I0911 22:59:57.032399 2941412 Coordinator.h:126] commit: 1698 abort: 252254 (0/252254/0), network size: 0, avg network size: 0, si_in_serializable: 0 0 %, local: 0 %
I0911 22:59:58.032469 2941412 Coordinator.h:126] commit: 1695 abort: 252257 (0/252257/0), network size: 0, avg network size: 0, si_in_serializable: 0 0 %, local: 0 %
I0911 22:59:59.032559 2941412 Coordinator.h:126] commit: 1686 abort: 252266 (0/252266/0), network size: 0, avg network size: 0, si_in_serializable: 0 0 %, local: 0 %
I0911 23:00:00.032685 2941412 Coordinator.h:126] commit: 1711 abort: 252241 (0/252241/0), network size: 0, avg network size: 0, si_in_serializable: 0 0 %, local: 0 %
I0911 23:00:01.032763 2941412 Coordinator.h:126] commit: 1693 abort: 256355 (0/256355/0), network size: 0, avg network size: 0, si_in_serializable: 0 0 %, local: 0 %
I0911 23:00:02.032840 2941412 Coordinator.h:126] commit: 1801 abort: 252151 (0/252151/0), network size: 0, avg network size: 0, si_in_serializable: 0 0 %, local: 0 %
I0911 23:00:03.032917 2941412 Coordinator.h:126] commit: 1706 abort: 252246 (0/252246/0), network size: 0, avg network size: 0, si_in_serializable: 0 0 %, local: 0 %
I0911 23:00:04.033000 2941412 Coordinator.h:126] commit: 1650 abort: 248206 (0/248206/0), network size: 0, avg network size: 0, si_in_serializable: 0 0 %, local: 0 %
I0911 23:00:04.033015 2941412 Coordinator.h:152] average commit: 1689.2 abort: 251034 (0/251034/0), network size: 0, avg network size: 0, si_in_serializable: 0 0 %, local: 0 %
I0911 23:00:04.033026 2941412 AriaExecutor.h:535] Worker 0 latency: 16082 us (50%) 16335 us (75%) 16954 us (95%) 18845 us (99%).
I0911 23:00:04.036782 2941432 AriaExecutor.h:94] AriaExecutor 0 exits. 
I0911 23:00:04.036784 2941437 AriaExecutor.h:94] AriaExecutor 5 exits. 
I0911 23:00:04.036794 2941436 AriaExecutor.h:94] AriaExecutor 4 exits. 
I0911 23:00:04.036798 2941433 AriaExecutor.h:94] AriaExecutor 1 exits. 
I0911 23:00:04.036784 2941439 AriaExecutor.h:94] AriaExecutor 7 exits. 
I0911 23:00:04.036784 2941445 AriaExecutor.h:94] AriaExecutor 13 exits. 
I0911 23:00:04.036787 2941441 AriaExecutor.h:94] AriaExecutor 9 exits. 
I0911 23:00:04.036787 2941435 AriaExecutor.h:94] AriaExecutor 3 exits. 
I0911 23:00:04.036790 2941438 AriaExecutor.h:94] AriaExecutor 6 exits. 
I0911 23:00:04.036791 2941444 AriaExecutor.h:94] AriaExecutor 12 exits. 
I0911 23:00:04.036790 2941434 AriaExecutor.h:94] AriaExecutor 2 exits. 
I0911 23:00:04.036794 2941440 AriaExecutor.h:94] AriaExecutor 8 exits. 
I0911 23:00:04.036795 2941446 AriaExecutor.h:94] AriaExecutor 14 exits. 
I0911 23:00:04.036803 2941448 Manager.h:227] Manager(worker id = 16) on the coordinator node exits.
I0911 23:00:04.036792 2941442 AriaExecutor.h:94] AriaExecutor 10 exits. 
I0911 23:00:04.036784 2941443 AriaExecutor.h:94] AriaExecutor 11 exits. 
I0911 23:00:04.036784 2941447 AriaExecutor.h:94] AriaExecutor 15 exits. 
I0911 23:00:04.037042 2941412 AriaExecutor.h:535] Worker 1 latency: 16078 us (50%) 16343 us (75%) 16976 us (95%) 19274 us (99%).
I0911 23:00:04.037248 2941412 AriaExecutor.h:535] Worker 2 latency: 16080 us (50%) 16328 us (75%) 16977 us (95%) 18806 us (99%).
I0911 23:00:04.037417 2941412 AriaExecutor.h:535] Worker 3 latency: 16077 us (50%) 16331 us (75%) 17100 us (95%) 18884 us (99%).
I0911 23:00:04.037561 2941412 AriaExecutor.h:535] Worker 4 latency: 16080 us (50%) 16329 us (75%) 16960 us (95%) 18850 us (99%).
I0911 23:00:04.037755 2941412 AriaExecutor.h:535] Worker 5 latency: 16078 us (50%) 16333 us (75%) 16954 us (95%) 18805 us (99%).
I0911 23:00:04.037899 2941412 AriaExecutor.h:535] Worker 6 latency: 16079 us (50%) 16320 us (75%) 17803 us (95%) 19216 us (99%).
I0911 23:00:04.038054 2941412 AriaExecutor.h:535] Worker 7 latency: 16073 us (50%) 16318 us (75%) 16921 us (95%) 18881 us (99%).
I0911 23:00:04.038182 2941412 AriaExecutor.h:535] Worker 8 latency: 16068 us (50%) 16330 us (75%) 16985 us (95%) 19130 us (99%).
I0911 23:00:04.038311 2941412 AriaExecutor.h:535] Worker 9 latency: 16079 us (50%) 16337 us (75%) 16977 us (95%) 20386 us (99%).
I0911 23:00:04.038431 2941412 AriaExecutor.h:535] Worker 10 latency: 16069 us (50%) 16335 us (75%) 17367 us (95%) 18884 us (99%).
I0911 23:00:04.038548 2941412 AriaExecutor.h:535] Worker 11 latency: 16059 us (50%) 16309 us (75%) 17623 us (95%) 20433 us (99%).
I0911 23:00:04.038662 2941412 AriaExecutor.h:535] Worker 12 latency: 16064 us (50%) 16320 us (75%) 16947 us (95%) 20276 us (99%).
I0911 23:00:04.038774 2941412 AriaExecutor.h:535] Worker 13 latency: 16060 us (50%) 16330 us (75%) 17100 us (95%) 19261 us (99%).
I0911 23:00:04.038879 2941412 AriaExecutor.h:535] Worker 14 latency: 16071 us (50%) 16324 us (75%) 18166 us (95%) 20438 us (99%).
I0911 23:00:04.038993 2941412 AriaExecutor.h:535] Worker 15 latency: 16053 us (50%) 16308 us (75%) 17030 us (95%) 20295 us (99%).
I0911 23:00:04.039101 2941412 Coordinator.h:177] total commit: 1689.2
I0911 23:00:05.039224 2941412 Coordinator.h:192] Coordinator exits.
