I1126 14:06:48.691780 957018 Database.h:65] ycsb initialization finished in 30 milliseconds.
I1126 14:06:48.691888 957018 Coordinator.h:30] Coordinator initializes 12 workers.
I1126 14:06:48.692760 957018 Coordinator.h:77] Coordinator starts to run 13 workers.
I1126 14:06:48.692823 957034 AriaExecutor.h:91] AriaExecutor 0 started. 
I1126 14:06:48.692868 957035 AriaExecutor.h:91] AriaExecutor 1 started. 
I1126 14:06:48.692919 957036 AriaExecutor.h:91] AriaExecutor 2 started. 
I1126 14:06:48.692957 957037 AriaExecutor.h:91] AriaExecutor 3 started. 
I1126 14:06:48.693038 957039 AriaExecutor.h:91] AriaExecutor 5 started. 
I1126 14:06:48.693082 957040 AriaExecutor.h:91] AriaExecutor 6 started. 
I1126 14:06:48.693115 957041 AriaExecutor.h:91] AriaExecutor 7 started. 
I1126 14:06:48.693161 957042 AriaExecutor.h:91] AriaExecutor 8 started. 
I1126 14:06:48.693203 957043 AriaExecutor.h:91] AriaExecutor 9 started. 
I1126 14:06:48.693238 957044 AriaExecutor.h:91] AriaExecutor 10 started. 
I1126 14:06:48.693285 957045 AriaExecutor.h:91] AriaExecutor 11 started. 
I1126 14:06:48.693320 957038 AriaExecutor.h:91] AriaExecutor 4 started. 
I1126 14:06:48.693323 957046 Manager.h:224] Manager(worker id = 12) on the coordinator node started.
I1126 14:06:49.693387 957018 Coordinator.h:126] commit: 1236909 abort: 35091 (0/35091/0), network size: 0, avg network size: 0, si_in_serializable: 0 0 %, local: 0 %
I1126 14:06:50.693506 957018 Coordinator.h:126] commit: 1215720 abort: 35280 (0/35280/0), network size: 0, avg network size: 0, si_in_serializable: 0 0 %, local: 0 %
I1126 14:06:51.693624 957018 Coordinator.h:126] commit: 1235980 abort: 35020 (0/35020/0), network size: 0, avg network size: 0, si_in_serializable: 0 0 %, local: 0 %
I1126 14:06:52.693714 957018 Coordinator.h:126] commit: 1244182 abort: 35818 (0/35818/0), network size: 0, avg network size: 0, si_in_serializable: 0 0 %, local: 0 %
I1126 14:06:53.693811 957018 Coordinator.h:126] commit: 1247170 abort: 35830 (0/35830/0), network size: 0, avg network size: 0, si_in_serializable: 0 0 %, local: 0 %
I1126 14:06:54.693895 957018 Coordinator.h:126] commit: 1216853 abort: 35147 (0/35147/0), network size: 0, avg network size: 0, si_in_serializable: 0 0 %, local: 0 %
I1126 14:06:55.694016 957018 Coordinator.h:126] commit: 1227448 abort: 35552 (0/35552/0), network size: 0, avg network size: 0, si_in_serializable: 0 0 %, local: 0 %
I1126 14:06:56.694123 957018 Coordinator.h:126] commit: 1243178 abort: 35822 (0/35822/0), network size: 0, avg network size: 0, si_in_serializable: 0 0 %, local: 0 %
I1126 14:06:57.694216 957018 Coordinator.h:126] commit: 1244045 abort: 35955 (0/35955/0), network size: 0, avg network size: 0, si_in_serializable: 0 0 %, local: 0 %
I1126 14:06:58.694298 957018 Coordinator.h:126] commit: 1245193 abort: 35807 (0/35807/0), network size: 0, avg network size: 0, si_in_serializable: 0 0 %, local: 0 %
I1126 14:06:59.694398 957018 Coordinator.h:126] commit: 1159970 abort: 33244 (0/33244/0), network size: 0, avg network size: 0, si_in_serializable: 0 0 %, local: 0 %
I1126 14:07:00.694495 957018 Coordinator.h:126] commit: 1244733 abort: 36053 (0/36053/0), network size: 0, avg network size: 0, si_in_serializable: 0 0 %, local: 0 %
I1126 14:07:01.694590 957018 Coordinator.h:126] commit: 1240050 abort: 35950 (0/35950/0), network size: 0, avg network size: 0, si_in_serializable: 0 0 %, local: 0 %
I1126 14:07:02.694711 957018 Coordinator.h:126] commit: 1228830 abort: 35170 (0/35170/0), network size: 0, avg network size: 0, si_in_serializable: 0 0 %, local: 0 %
I1126 14:07:03.694818 957018 Coordinator.h:126] commit: 1241286 abort: 35714 (0/35714/0), network size: 0, avg network size: 0, si_in_serializable: 0 0 %, local: 0 %
I1126 14:07:04.694914 957018 Coordinator.h:126] commit: 1243302 abort: 35698 (0/35698/0), network size: 0, avg network size: 0, si_in_serializable: 0 0 %, local: 0 %
I1126 14:07:05.694993 957018 Coordinator.h:126] commit: 1243947 abort: 36053 (0/36053/0), network size: 0, avg network size: 0, si_in_serializable: 0 0 %, local: 0 %
I1126 14:07:06.695075 957018 Coordinator.h:126] commit: 1245078 abort: 35922 (0/35922/0), network size: 0, avg network size: 0, si_in_serializable: 0 0 %, local: 0 %
I1126 14:07:07.695152 957018 Coordinator.h:126] commit: 1243109 abort: 35891 (0/35891/0), network size: 0, avg network size: 0, si_in_serializable: 0 0 %, local: 0 %
I1126 14:07:08.695245 957018 Coordinator.h:126] commit: 1245001 abort: 35999 (0/35999/0), network size: 0, avg network size: 0, si_in_serializable: 0 0 %, local: 0 %
I1126 14:07:09.695322 957018 Coordinator.h:126] commit: 1065254 abort: 30746 (0/30746/0), network size: 0, avg network size: 0, si_in_serializable: 0 0 %, local: 0 %
I1126 14:07:10.695403 957018 Coordinator.h:126] commit: 1244197 abort: 35826 (0/35826/0), network size: 0, avg network size: 0, si_in_serializable: 0 0 %, local: 0 %
I1126 14:07:11.695497 957018 Coordinator.h:126] commit: 1243990 abort: 35987 (0/35987/0), network size: 0, avg network size: 0, si_in_serializable: 0 0 %, local: 0 %
I1126 14:07:12.695577 957018 Coordinator.h:126] commit: 1245976 abort: 36024 (0/36024/0), network size: 0, avg network size: 0, si_in_serializable: 0 0 %, local: 0 %
I1126 14:07:13.695652 957018 Coordinator.h:126] commit: 1243008 abort: 35992 (0/35992/0), network size: 0, avg network size: 0, si_in_serializable: 0 0 %, local: 0 %
I1126 14:07:13.695667 957018 Coordinator.h:152] average commit: 1.23353e+06 abort: 35569.4 (0/35569.4/0), network size: 0, avg network size: 0, si_in_serializable: 0 0 %, local: 0 %
I1126 14:07:13.695923 957036 AriaExecutor.h:103] AriaExecutor 2 exits. 
I1126 14:07:13.695935 957039 AriaExecutor.h:103] AriaExecutor 5 exits. 
I1126 14:07:13.695938 957035 AriaExecutor.h:103] AriaExecutor 1 exits. 
I1126 14:07:13.695935 957045 AriaExecutor.h:103] AriaExecutor 11 exits. 
I1126 14:07:13.695926 957044 AriaExecutor.h:103] AriaExecutor 10 exits. 
I1126 14:07:13.695940 957046 Manager.h:227] Manager(worker id = 12) on the coordinator node exits.
I1126 14:07:13.695924 957042 AriaExecutor.h:103] AriaExecutor 8 exits. 
I1126 14:07:13.695928 957040 AriaExecutor.h:103] AriaExecutor 6 exits. 
I1126 14:07:13.695927 957034 AriaExecutor.h:103] AriaExecutor 0 exits. 
I1126 14:07:13.695940 957043 AriaExecutor.h:103] AriaExecutor 9 exits. 
I1126 14:07:13.695938 957041 AriaExecutor.h:103] AriaExecutor 7 exits. 
I1126 14:07:13.695938 957037 AriaExecutor.h:103] AriaExecutor 3 exits. 
I1126 14:07:13.695927 957038 AriaExecutor.h:103] AriaExecutor 4 exits. 
I1126 14:07:13.695675 957018 AriaExecutor.h:649] Worker 0 latency: 591 us (50%) 644 us (75%) 690 us (95%) 707 us (99%).
I1126 14:07:13.783692 957018 AriaExecutor.h:649] Worker 1 latency: 588 us (50%) 643 us (75%) 689 us (95%) 706 us (99%).
I1126 14:07:13.873416 957018 AriaExecutor.h:649] Worker 2 latency: 589 us (50%) 643 us (75%) 690 us (95%) 706 us (99%).
I1126 14:07:13.962052 957018 AriaExecutor.h:649] Worker 3 latency: 589 us (50%) 643 us (75%) 689 us (95%) 706 us (99%).
I1126 14:07:14.052248 957018 AriaExecutor.h:649] Worker 4 latency: 589 us (50%) 643 us (75%) 689 us (95%) 706 us (99%).
I1126 14:07:14.139775 957018 AriaExecutor.h:649] Worker 5 latency: 589 us (50%) 643 us (75%) 689 us (95%) 705 us (99%).
I1126 14:07:14.229432 957018 AriaExecutor.h:649] Worker 6 latency: 594 us (50%) 645 us (75%) 690 us (95%) 706 us (99%).
I1126 14:07:14.316229 957018 AriaExecutor.h:649] Worker 7 latency: 590 us (50%) 643 us (75%) 689 us (95%) 705 us (99%).
I1126 14:07:14.404143 957018 AriaExecutor.h:649] Worker 8 latency: 593 us (50%) 645 us (75%) 690 us (95%) 707 us (99%).
I1126 14:07:14.491643 957018 AriaExecutor.h:649] Worker 9 latency: 592 us (50%) 644 us (75%) 689 us (95%) 706 us (99%).
I1126 14:07:14.582362 957018 AriaExecutor.h:649] Worker 10 latency: 593 us (50%) 645 us (75%) 690 us (95%) 706 us (99%).
I1126 14:07:14.670003 957018 AriaExecutor.h:649] Worker 11 latency: 592 us (50%) 645 us (75%) 690 us (95%) 706 us (99%).
I1126 14:07:14.758684 957018 Coordinator.h:177] total commit: 1.23353e+06
I1126 14:07:15.758795 957018 Coordinator.h:192] Coordinator exits.
