I1126 14:04:30.803725 955608 Database.h:65] ycsb initialization finished in 30 milliseconds.
I1126 14:04:30.803823 955608 Coordinator.h:30] Coordinator initializes 12 workers.
I1126 14:04:30.810881 955608 Coordinator.h:77] Coordinator starts to run 13 workers.
I1126 14:04:30.810943 955624 AriaExecutor.h:91] AriaExecutor 0 started. 
I1126 14:04:30.810969 955625 AriaExecutor.h:91] AriaExecutor 1 started. 
I1126 14:04:30.811012 955626 AriaExecutor.h:91] AriaExecutor 2 started. 
I1126 14:04:30.811055 955627 AriaExecutor.h:91] AriaExecutor 3 started. 
I1126 14:04:30.811136 955629 AriaExecutor.h:91] AriaExecutor 5 started. 
I1126 14:04:30.811185 955630 AriaExecutor.h:91] AriaExecutor 6 started. 
I1126 14:04:30.811223 955631 AriaExecutor.h:91] AriaExecutor 7 started. 
I1126 14:04:30.811267 955632 AriaExecutor.h:91] AriaExecutor 8 started. 
I1126 14:04:30.811313 955633 AriaExecutor.h:91] AriaExecutor 9 started. 
I1126 14:04:30.811354 955634 AriaExecutor.h:91] AriaExecutor 10 started. 
I1126 14:04:30.811400 955635 AriaExecutor.h:91] AriaExecutor 11 started. 
I1126 14:04:30.811430 955628 AriaExecutor.h:91] AriaExecutor 4 started. 
I1126 14:04:30.811432 955636 Manager.h:224] Manager(worker id = 12) on the coordinator node started.
I1126 14:04:31.811499 955608 Coordinator.h:126] commit: 1749555 abort: 120445 (0/120445/0), network size: 0, avg network size: 0, si_in_serializable: 0 0 %, local: 0 %
I1126 14:04:32.811620 955608 Coordinator.h:126] commit: 1724754 abort: 118400 (0/118400/0), network size: 0, avg network size: 0, si_in_serializable: 0 0 %, local: 0 %
I1126 14:04:33.811722 955608 Coordinator.h:126] commit: 1755623 abort: 121223 (0/121223/0), network size: 0, avg network size: 0, si_in_serializable: 0 0 %, local: 0 %
I1126 14:04:34.811805 955608 Coordinator.h:126] commit: 1743536 abort: 119695 (0/119695/0), network size: 0, avg network size: 0, si_in_serializable: 0 0 %, local: 0 %
I1126 14:04:35.811892 955608 Coordinator.h:126] commit: 1765765 abort: 121004 (0/121004/0), network size: 0, avg network size: 0, si_in_serializable: 0 0 %, local: 0 %
I1126 14:04:36.811980 955608 Coordinator.h:126] commit: 1758293 abort: 121707 (0/121707/0), network size: 0, avg network size: 0, si_in_serializable: 0 0 %, local: 0 %
I1126 14:04:37.812057 955608 Coordinator.h:126] commit: 1740636 abort: 119364 (0/119364/0), network size: 0, avg network size: 0, si_in_serializable: 0 0 %, local: 0 %
I1126 14:04:38.812136 955608 Coordinator.h:126] commit: 1711603 abort: 118397 (0/118397/0), network size: 0, avg network size: 0, si_in_serializable: 0 0 %, local: 0 %
I1126 14:04:39.812258 955608 Coordinator.h:126] commit: 1749591 abort: 120409 (0/120409/0), network size: 0, avg network size: 0, si_in_serializable: 0 0 %, local: 0 %
I1126 14:04:40.812376 955608 Coordinator.h:126] commit: 1767593 abort: 122407 (0/122407/0), network size: 0, avg network size: 0, si_in_serializable: 0 0 %, local: 0 %
I1126 14:04:41.812480 955608 Coordinator.h:126] commit: 1759128 abort: 120872 (0/120872/0), network size: 0, avg network size: 0, si_in_serializable: 0 0 %, local: 0 %
I1126 14:04:42.812584 955608 Coordinator.h:126] commit: 1759071 abort: 120929 (0/120929/0), network size: 0, avg network size: 0, si_in_serializable: 0 0 %, local: 0 %
I1126 14:04:43.812670 955608 Coordinator.h:126] commit: 1759218 abort: 120782 (0/120782/0), network size: 0, avg network size: 0, si_in_serializable: 0 0 %, local: 0 %
I1126 14:04:44.812783 955608 Coordinator.h:126] commit: 1768566 abort: 121434 (0/121434/0), network size: 0, avg network size: 0, si_in_serializable: 0 0 %, local: 0 %
I1126 14:04:45.812886 955608 Coordinator.h:126] commit: 1664478 abort: 115522 (0/115522/0), network size: 0, avg network size: 0, si_in_serializable: 0 0 %, local: 0 %
I1126 14:04:46.812986 955608 Coordinator.h:126] commit: 1758959 abort: 121041 (0/121041/0), network size: 0, avg network size: 0, si_in_serializable: 0 0 %, local: 0 %
I1126 14:04:47.813076 955608 Coordinator.h:126] commit: 1758748 abort: 121252 (0/121252/0), network size: 0, avg network size: 0, si_in_serializable: 0 0 %, local: 0 %
I1126 14:04:48.813177 955608 Coordinator.h:126] commit: 1758703 abort: 121297 (0/121297/0), network size: 0, avg network size: 0, si_in_serializable: 0 0 %, local: 0 %
I1126 14:04:49.813270 955608 Coordinator.h:126] commit: 1759343 abort: 120657 (0/120657/0), network size: 0, avg network size: 0, si_in_serializable: 0 0 %, local: 0 %
I1126 14:04:50.813401 955608 Coordinator.h:126] commit: 1740208 abort: 119792 (0/119792/0), network size: 0, avg network size: 0, si_in_serializable: 0 0 %, local: 0 %
I1126 14:04:51.813516 955608 Coordinator.h:126] commit: 1758881 abort: 121119 (0/121119/0), network size: 0, avg network size: 0, si_in_serializable: 0 0 %, local: 0 %
I1126 14:04:52.813616 955608 Coordinator.h:126] commit: 1759026 abort: 120974 (0/120974/0), network size: 0, avg network size: 0, si_in_serializable: 0 0 %, local: 0 %
I1126 14:04:53.813712 955608 Coordinator.h:126] commit: 1758304 abort: 121696 (0/121696/0), network size: 0, avg network size: 0, si_in_serializable: 0 0 %, local: 0 %
I1126 14:04:54.813819 955608 Coordinator.h:126] commit: 1759158 abort: 120842 (0/120842/0), network size: 0, avg network size: 0, si_in_serializable: 0 0 %, local: 0 %
I1126 14:04:55.813912 955608 Coordinator.h:126] commit: 1758968 abort: 120877 (0/120877/0), network size: 0, avg network size: 0, si_in_serializable: 0 0 %, local: 0 %
I1126 14:04:55.813951 955608 Coordinator.h:152] average commit: 1.74864e+06 abort: 120358 (0/120358/0), network size: 0, avg network size: 0, si_in_serializable: 0 0 %, local: 0 %
I1126 14:04:55.819463 955626 AriaExecutor.h:103] AriaExecutor 2 exits. 
I1126 14:04:55.819476 955633 AriaExecutor.h:103] AriaExecutor 9 exits. 
I1126 14:04:55.819465 955628 AriaExecutor.h:103] AriaExecutor 4 exits. 
I1126 14:04:55.819465 955634 AriaExecutor.h:103] AriaExecutor 10 exits. 
I1126 14:04:55.819465 955632 AriaExecutor.h:103] AriaExecutor 8 exits. 
I1126 14:04:55.819465 955624 AriaExecutor.h:103] AriaExecutor 0 exits. 
I1126 14:04:55.819464 955630 AriaExecutor.h:103] AriaExecutor 6 exits. 
I1126 14:04:55.819476 955631 AriaExecutor.h:103] AriaExecutor 7 exits. 
I1126 14:04:55.819476 955627 AriaExecutor.h:103] AriaExecutor 3 exits. 
I1126 14:04:55.819478 955625 AriaExecutor.h:103] AriaExecutor 1 exits. 
I1126 14:04:55.819478 955636 Manager.h:227] Manager(worker id = 12) on the coordinator node exits.
I1126 14:04:55.819479 955629 AriaExecutor.h:103] AriaExecutor 5 exits. 
I1126 14:04:55.819479 955635 AriaExecutor.h:103] AriaExecutor 11 exits. 
I1126 14:04:55.813961 955608 AriaExecutor.h:649] Worker 0 latency: 3692 us (50%) 4209 us (75%) 4619 us (95%) 4724 us (99%).
I1126 14:04:55.953370 955608 AriaExecutor.h:649] Worker 1 latency: 3684 us (50%) 4203 us (75%) 4616 us (95%) 4721 us (99%).
I1126 14:04:56.101770 955608 AriaExecutor.h:649] Worker 2 latency: 3711 us (50%) 4215 us (75%) 4617 us (95%) 4720 us (99%).
I1126 14:04:56.238619 955608 AriaExecutor.h:649] Worker 3 latency: 3689 us (50%) 4206 us (75%) 4617 us (95%) 4721 us (99%).
I1126 14:04:56.386854 955608 AriaExecutor.h:649] Worker 4 latency: 3703 us (50%) 4213 us (75%) 4618 us (95%) 4721 us (99%).
I1126 14:04:56.523113 955608 AriaExecutor.h:649] Worker 5 latency: 3690 us (50%) 4206 us (75%) 4616 us (95%) 4720 us (99%).
I1126 14:04:56.671655 955608 AriaExecutor.h:649] Worker 6 latency: 3709 us (50%) 4215 us (75%) 4619 us (95%) 4721 us (99%).
I1126 14:04:56.807181 955608 AriaExecutor.h:649] Worker 7 latency: 3684 us (50%) 4204 us (75%) 4615 us (95%) 4719 us (99%).
I1126 14:04:56.955566 955608 AriaExecutor.h:649] Worker 8 latency: 3699 us (50%) 4211 us (75%) 4618 us (95%) 4722 us (99%).
I1126 14:04:57.092947 955608 AriaExecutor.h:649] Worker 9 latency: 3687 us (50%) 4204 us (75%) 4616 us (95%) 4720 us (99%).
I1126 14:04:57.240316 955608 AriaExecutor.h:649] Worker 10 latency: 3710 us (50%) 4218 us (75%) 4621 us (95%) 4723 us (99%).
I1126 14:04:57.381543 955608 AriaExecutor.h:649] Worker 11 latency: 3687 us (50%) 4207 us (75%) 4618 us (95%) 4723 us (99%).
I1126 14:04:57.528009 955608 Coordinator.h:177] total commit: 1.74864e+06
I1126 14:04:58.528127 955608 Coordinator.h:192] Coordinator exits.
