I1126 13:43:04.663812 942763 Database.h:65] ycsb initialization finished in 30 milliseconds.
I1126 13:43:04.663906 942763 Coordinator.h:30] Coordinator initializes 12 workers.
I1126 13:43:04.735682 942763 Coordinator.h:77] Coordinator starts to run 13 workers.
I1126 13:43:04.735739 942779 AriaExecutor.h:82] AriaExecutor 0 started. 
I1126 13:43:04.735765 942780 AriaExecutor.h:82] AriaExecutor 1 started. 
I1126 13:43:04.735805 942781 AriaExecutor.h:82] AriaExecutor 2 started. 
I1126 13:43:04.735850 942782 AriaExecutor.h:82] AriaExecutor 3 started. 
I1126 13:43:04.735882 942783 AriaExecutor.h:82] AriaExecutor 4 started. 
I1126 13:43:04.735921 942784 AriaExecutor.h:82] AriaExecutor 5 started. 
I1126 13:43:04.735954 942785 AriaExecutor.h:82] AriaExecutor 6 started. 
I1126 13:43:04.736003 942786 AriaExecutor.h:82] AriaExecutor 7 started. 
I1126 13:43:04.736055 942787 AriaExecutor.h:82] AriaExecutor 8 started. 
I1126 13:43:04.736106 942788 AriaExecutor.h:82] AriaExecutor 9 started. 
I1126 13:43:04.736150 942789 AriaExecutor.h:82] AriaExecutor 10 started. 
I1126 13:43:04.736202 942790 AriaExecutor.h:82] AriaExecutor 11 started. 
I1126 13:43:04.736245 942791 Manager.h:224] Manager(worker id = 12) on the coordinator node started.
I1126 13:43:05.736305 942763 Coordinator.h:126] commit: 721714 abort: 238286 (0/238286/0), network size: 0, avg network size: 0, si_in_serializable: 0 0 %, local: 0 %
I1126 13:43:06.736434 942763 Coordinator.h:126] commit: 714067 abort: 235933 (0/235933/0), network size: 0, avg network size: 0, si_in_serializable: 0 0 %, local: 0 %
I1126 13:43:07.736553 942763 Coordinator.h:126] commit: 721570 abort: 238430 (0/238430/0), network size: 0, avg network size: 0, si_in_serializable: 0 0 %, local: 0 %
I1126 13:43:08.736655 942763 Coordinator.h:126] commit: 729418 abort: 240582 (0/240582/0), network size: 0, avg network size: 0, si_in_serializable: 0 0 %, local: 0 %
I1126 13:43:09.736747 942763 Coordinator.h:126] commit: 728723 abort: 241277 (0/241277/0), network size: 0, avg network size: 0, si_in_serializable: 0 0 %, local: 0 %
I1126 13:43:10.736841 942763 Coordinator.h:126] commit: 721365 abort: 238635 (0/238635/0), network size: 0, avg network size: 0, si_in_serializable: 0 0 %, local: 0 %
I1126 13:43:11.736933 942763 Coordinator.h:126] commit: 728330 abort: 241670 (0/241670/0), network size: 0, avg network size: 0, si_in_serializable: 0 0 %, local: 0 %
I1126 13:43:12.737025 942763 Coordinator.h:126] commit: 721174 abort: 238826 (0/238826/0), network size: 0, avg network size: 0, si_in_serializable: 0 0 %, local: 0 %
I1126 13:43:13.737114 942763 Coordinator.h:126] commit: 721880 abort: 238120 (0/238120/0), network size: 0, avg network size: 0, si_in_serializable: 0 0 %, local: 0 %
I1126 13:43:14.737229 942763 Coordinator.h:126] commit: 729375 abort: 240625 (0/240625/0), network size: 0, avg network size: 0, si_in_serializable: 0 0 %, local: 0 %
I1126 13:43:15.737323 942763 Coordinator.h:126] commit: 729715 abort: 240285 (0/240285/0), network size: 0, avg network size: 0, si_in_serializable: 0 0 %, local: 0 %
I1126 13:43:16.737414 942763 Coordinator.h:126] commit: 728907 abort: 241093 (0/241093/0), network size: 0, avg network size: 0, si_in_serializable: 0 0 %, local: 0 %
I1126 13:43:17.737505 942763 Coordinator.h:126] commit: 728794 abort: 241206 (0/241206/0), network size: 0, avg network size: 0, si_in_serializable: 0 0 %, local: 0 %
I1126 13:43:18.737596 942763 Coordinator.h:126] commit: 729121 abort: 240879 (0/240879/0), network size: 0, avg network size: 0, si_in_serializable: 0 0 %, local: 0 %
I1126 13:43:19.737686 942763 Coordinator.h:126] commit: 728708 abort: 241292 (0/241292/0), network size: 0, avg network size: 0, si_in_serializable: 0 0 %, local: 0 %
I1126 13:43:20.737777 942763 Coordinator.h:126] commit: 728389 abort: 241611 (0/241611/0), network size: 0, avg network size: 0, si_in_serializable: 0 0 %, local: 0 %
I1126 13:43:21.737869 942763 Coordinator.h:126] commit: 721168 abort: 238832 (0/238832/0), network size: 0, avg network size: 0, si_in_serializable: 0 0 %, local: 0 %
I1126 13:43:22.737959 942763 Coordinator.h:126] commit: 714477 abort: 235523 (0/235523/0), network size: 0, avg network size: 0, si_in_serializable: 0 0 %, local: 0 %
I1126 13:43:23.738054 942763 Coordinator.h:126] commit: 713802 abort: 236198 (0/236198/0), network size: 0, avg network size: 0, si_in_serializable: 0 0 %, local: 0 %
I1126 13:43:24.738142 942763 Coordinator.h:126] commit: 728669 abort: 241331 (0/241331/0), network size: 0, avg network size: 0, si_in_serializable: 0 0 %, local: 0 %
I1126 13:43:25.738258 942763 Coordinator.h:126] commit: 728947 abort: 241053 (0/241053/0), network size: 0, avg network size: 0, si_in_serializable: 0 0 %, local: 0 %
I1126 13:43:26.738358 942763 Coordinator.h:126] commit: 728683 abort: 241317 (0/241317/0), network size: 0, avg network size: 0, si_in_serializable: 0 0 %, local: 0 %
I1126 13:43:27.738449 942763 Coordinator.h:126] commit: 720888 abort: 239112 (0/239112/0), network size: 0, avg network size: 0, si_in_serializable: 0 0 %, local: 0 %
I1126 13:43:28.738540 942763 Coordinator.h:126] commit: 728909 abort: 241091 (0/241091/0), network size: 0, avg network size: 0, si_in_serializable: 0 0 %, local: 0 %
I1126 13:43:29.738631 942763 Coordinator.h:126] commit: 728123 abort: 241877 (0/241877/0), network size: 0, avg network size: 0, si_in_serializable: 0 0 %, local: 0 %
I1126 13:43:29.738653 942763 Coordinator.h:152] average commit: 725175 abort: 239825 (0/239825/0), network size: 0, avg network size: 0, si_in_serializable: 0 0 %, local: 0 %
I1126 13:43:29.744218 942783 AriaExecutor.h:94] AriaExecutor 4 exits. 
I1126 13:43:29.744220 942789 AriaExecutor.h:94] AriaExecutor 10 exits. 
I1126 13:43:29.744223 942785 AriaExecutor.h:94] AriaExecutor 6 exits. 
I1126 13:43:29.744220 942791 Manager.h:227] Manager(worker id = 12) on the coordinator node exits.
I1126 13:43:29.744247 942788 AriaExecutor.h:94] AriaExecutor 9 exits. 
I1126 13:43:29.744231 942786 AriaExecutor.h:94] AriaExecutor 7 exits. 
I1126 13:43:29.744231 942784 AriaExecutor.h:94] AriaExecutor 5 exits. 
I1126 13:43:29.744235 942782 AriaExecutor.h:94] AriaExecutor 3 exits. 
I1126 13:43:29.744222 942787 AriaExecutor.h:94] AriaExecutor 8 exits. 
I1126 13:43:29.744232 942780 AriaExecutor.h:94] AriaExecutor 1 exits. 
I1126 13:43:29.744220 942781 AriaExecutor.h:94] AriaExecutor 2 exits. 
I1126 13:43:29.744235 942790 AriaExecutor.h:94] AriaExecutor 11 exits. 
I1126 13:43:29.744222 942779 AriaExecutor.h:94] AriaExecutor 0 exits. 
I1126 13:43:29.738664 942763 AriaExecutor.h:535] Worker 0 latency: 6601 us (50%) 8357 us (75%) 9605 us (95%) 9866 us (99%).
I1126 13:43:29.807528 942763 AriaExecutor.h:535] Worker 1 latency: 6559 us (50%) 8334 us (75%) 9595 us (95%) 9856 us (99%).
I1126 13:43:29.876761 942763 AriaExecutor.h:535] Worker 2 latency: 6528 us (50%) 8322 us (75%) 9595 us (95%) 9859 us (99%).
I1126 13:43:29.945302 942763 AriaExecutor.h:535] Worker 3 latency: 6499 us (50%) 8305 us (75%) 9588 us (95%) 9853 us (99%).
I1126 13:43:30.015185 942763 AriaExecutor.h:535] Worker 4 latency: 6536 us (50%) 8324 us (75%) 9596 us (95%) 9861 us (99%).
I1126 13:43:30.083701 942763 AriaExecutor.h:535] Worker 5 latency: 6559 us (50%) 8333 us (75%) 9597 us (95%) 9860 us (99%).
I1126 13:43:30.152472 942763 AriaExecutor.h:535] Worker 6 latency: 6444 us (50%) 8279 us (75%) 9585 us (95%) 9854 us (99%).
I1126 13:43:30.220373 942763 AriaExecutor.h:535] Worker 7 latency: 6471 us (50%) 8290 us (75%) 9585 us (95%) 9852 us (99%).
I1126 13:43:30.288678 942763 AriaExecutor.h:535] Worker 8 latency: 6537 us (50%) 8323 us (75%) 9594 us (95%) 9858 us (99%).
I1126 13:43:30.357178 942763 AriaExecutor.h:535] Worker 9 latency: 6518 us (50%) 8311 us (75%) 9591 us (95%) 9856 us (99%).
I1126 13:43:30.426508 942763 AriaExecutor.h:535] Worker 10 latency: 6579 us (50%) 8344 us (75%) 9598 us (95%) 9859 us (99%).
I1126 13:43:30.493796 942763 AriaExecutor.h:535] Worker 11 latency: 6472 us (50%) 8290 us (75%) 9584 us (95%) 9851 us (99%).
I1126 13:43:30.563055 942763 Coordinator.h:177] total commit: 725175
I1126 13:43:31.563166 942763 Coordinator.h:192] Coordinator exits.
