I1126 15:37:23.521322 1012394 Database.h:65] ycsb initialization finished in 29 milliseconds.
I1126 15:37:23.521420 1012394 Coordinator.h:30] Coordinator initializes 12 workers.
I1126 15:37:23.522270 1012394 Coordinator.h:77] Coordinator starts to run 13 workers.
I1126 15:37:23.522326 1012410 AriaExecutor.h:95] AriaExecutor 0 started. 
I1126 15:37:23.522367 1012411 AriaExecutor.h:95] AriaExecutor 1 started. 
I1126 15:37:23.522411 1012412 AriaExecutor.h:95] AriaExecutor 2 started. 
I1126 15:37:23.522454 1012413 AriaExecutor.h:95] AriaExecutor 3 started. 
I1126 15:37:23.522524 1012415 AriaExecutor.h:95] AriaExecutor 5 started. 
I1126 15:37:23.522564 1012416 AriaExecutor.h:95] AriaExecutor 6 started. 
I1126 15:37:23.522604 1012417 AriaExecutor.h:95] AriaExecutor 7 started. 
I1126 15:37:23.522647 1012418 AriaExecutor.h:95] AriaExecutor 8 started. 
I1126 15:37:23.522688 1012419 AriaExecutor.h:95] AriaExecutor 9 started. 
I1126 15:37:23.522722 1012420 AriaExecutor.h:95] AriaExecutor 10 started. 
I1126 15:37:23.522770 1012421 AriaExecutor.h:95] AriaExecutor 11 started. 
I1126 15:37:23.522799 1012414 AriaExecutor.h:95] AriaExecutor 4 started. 
I1126 15:37:23.522800 1012422 Manager.h:224] Manager(worker id = 12) on the coordinator node started.
I1126 15:37:24.522873 1012394 Coordinator.h:126] commit: 1422076 abort: 508924 (0/508924/0), network size: 0, avg network size: 0, si_in_serializable: 0 0 %, local: 0 %
I1126 15:37:25.522997 1012394 Coordinator.h:126] commit: 1402568 abort: 501432 (0/501432/0), network size: 0, avg network size: 0, si_in_serializable: 0 0 %, local: 0 %
I1126 15:37:26.523116 1012394 Coordinator.h:126] commit: 1413903 abort: 506097 (0/506097/0), network size: 0, avg network size: 0, si_in_serializable: 0 0 %, local: 0 %
I1126 15:37:27.523205 1012394 Coordinator.h:126] commit: 1443611 abort: 515389 (0/515389/0), network size: 0, avg network size: 0, si_in_serializable: 0 0 %, local: 0 %
I1126 15:37:28.523280 1012394 Coordinator.h:126] commit: 1403504 abort: 503496 (0/503496/0), network size: 0, avg network size: 0, si_in_serializable: 0 0 %, local: 0 %
I1126 15:37:29.523356 1012394 Coordinator.h:126] commit: 1439472 abort: 516528 (0/516528/0), network size: 0, avg network size: 0, si_in_serializable: 0 0 %, local: 0 %
I1126 15:37:30.523458 1012394 Coordinator.h:126] commit: 1417623 abort: 506377 (0/506377/0), network size: 0, avg network size: 0, si_in_serializable: 0 0 %, local: 0 %
I1126 15:37:31.523558 1012394 Coordinator.h:126] commit: 1436389 abort: 515611 (0/515611/0), network size: 0, avg network size: 0, si_in_serializable: 0 0 %, local: 0 %
I1126 15:37:32.523644 1012394 Coordinator.h:126] commit: 1338574 abort: 479426 (0/479426/0), network size: 0, avg network size: 0, si_in_serializable: 0 0 %, local: 0 %
I1126 15:37:33.523720 1012394 Coordinator.h:126] commit: 1438666 abort: 515334 (0/515334/0), network size: 0, avg network size: 0, si_in_serializable: 0 0 %, local: 0 %
I1126 15:37:34.523793 1012394 Coordinator.h:126] commit: 1436365 abort: 514635 (0/514635/0), network size: 0, avg network size: 0, si_in_serializable: 0 0 %, local: 0 %
I1126 15:37:35.523873 1012394 Coordinator.h:126] commit: 1438537 abort: 513463 (0/513463/0), network size: 0, avg network size: 0, si_in_serializable: 0 0 %, local: 0 %
I1126 15:37:36.523974 1012394 Coordinator.h:126] commit: 1439722 abort: 516278 (0/516278/0), network size: 0, avg network size: 0, si_in_serializable: 0 0 %, local: 0 %
I1126 15:37:37.524070 1012394 Coordinator.h:126] commit: 1437366 abort: 514634 (0/514634/0), network size: 0, avg network size: 0, si_in_serializable: 0 0 %, local: 0 %
I1126 15:37:38.524151 1012394 Coordinator.h:126] commit: 1421767 abort: 509233 (0/509233/0), network size: 0, avg network size: 0, si_in_serializable: 0 0 %, local: 0 %
I1126 15:37:39.524248 1012394 Coordinator.h:126] commit: 1434622 abort: 514378 (0/514378/0), network size: 0, avg network size: 0, si_in_serializable: 0 0 %, local: 0 %
I1126 15:37:40.524334 1012394 Coordinator.h:126] commit: 1437468 abort: 514532 (0/514532/0), network size: 0, avg network size: 0, si_in_serializable: 0 0 %, local: 0 %
I1126 15:37:41.524430 1012394 Coordinator.h:126] commit: 1198657 abort: 431343 (0/431343/0), network size: 0, avg network size: 0, si_in_serializable: 0 0 %, local: 0 %
I1126 15:37:42.524506 1012394 Coordinator.h:126] commit: 1439593 abort: 515407 (0/515407/0), network size: 0, avg network size: 0, si_in_serializable: 0 0 %, local: 0 %
I1126 15:37:43.524585 1012394 Coordinator.h:126] commit: 1437565 abort: 515435 (0/515435/0), network size: 0, avg network size: 0, si_in_serializable: 0 0 %, local: 0 %
I1126 15:37:44.524662 1012394 Coordinator.h:126] commit: 1441805 abort: 515195 (0/515195/0), network size: 0, avg network size: 0, si_in_serializable: 0 0 %, local: 0 %
I1126 15:37:45.524748 1012394 Coordinator.h:126] commit: 1435426 abort: 514574 (0/514574/0), network size: 0, avg network size: 0, si_in_serializable: 0 0 %, local: 0 %
I1126 15:37:46.524848 1012394 Coordinator.h:126] commit: 1442486 abort: 515514 (0/515514/0), network size: 0, avg network size: 0, si_in_serializable: 0 0 %, local: 0 %
I1126 15:37:47.524926 1012394 Coordinator.h:126] commit: 1415431 abort: 506932 (0/506932/0), network size: 0, avg network size: 0, si_in_serializable: 0 0 %, local: 0 %
I1126 15:37:48.524999 1012394 Coordinator.h:126] commit: 1442428 abort: 515209 (0/515209/0), network size: 0, avg network size: 0, si_in_serializable: 0 0 %, local: 0 %
I1126 15:37:48.525013 1012394 Coordinator.h:152] average commit: 1.41217e+06 abort: 505934 (0/505934/0), network size: 0, avg network size: 0, si_in_serializable: 0 0 %, local: 0 %
I1126 15:37:48.525259 1012420 AriaExecutor.h:107] AriaExecutor 10 exits. 
I1126 15:37:48.525267 1012422 Manager.h:227] Manager(worker id = 12) on the coordinator node exits.
I1126 15:37:48.525262 1012414 AriaExecutor.h:107] AriaExecutor 4 exits. 
I1126 15:37:48.525264 1012410 AriaExecutor.h:107] AriaExecutor 0 exits. 
I1126 15:37:48.525265 1012418 AriaExecutor.h:107] AriaExecutor 8 exits. 
I1126 15:37:48.525266 1012416 AriaExecutor.h:107] AriaExecutor 6 exits. 
I1126 15:37:48.525277 1012411 AriaExecutor.h:107] AriaExecutor 1 exits. 
I1126 15:37:48.525277 1012421 AriaExecutor.h:107] AriaExecutor 11 exits. 
I1126 15:37:48.525277 1012417 AriaExecutor.h:107] AriaExecutor 7 exits. 
I1126 15:37:48.525277 1012413 AriaExecutor.h:107] AriaExecutor 3 exits. 
I1126 15:37:48.525277 1012419 AriaExecutor.h:107] AriaExecutor 9 exits. 
I1126 15:37:48.525277 1012415 AriaExecutor.h:107] AriaExecutor 5 exits. 
I1126 15:37:48.525264 1012412 AriaExecutor.h:107] AriaExecutor 2 exits. 
I1126 15:37:48.525022 1012394 AriaExecutor.h:705] Worker 0 latency: 364 us (50%) 418 us (75%) 460 us (95%) 474 us (99%).
I1126 15:37:48.635823 1012394 AriaExecutor.h:705] Worker 1 latency: 362 us (50%) 417 us (75%) 459 us (95%) 473 us (99%).
I1126 15:37:48.744786 1012394 AriaExecutor.h:705] Worker 2 latency: 364 us (50%) 418 us (75%) 459 us (95%) 473 us (99%).
I1126 15:37:48.852748 1012394 AriaExecutor.h:705] Worker 3 latency: 364 us (50%) 417 us (75%) 459 us (95%) 473 us (99%).
I1126 15:37:48.962208 1012394 AriaExecutor.h:705] Worker 4 latency: 364 us (50%) 417 us (75%) 459 us (95%) 473 us (99%).
I1126 15:37:49.075107 1012394 AriaExecutor.h:705] Worker 5 latency: 364 us (50%) 417 us (75%) 458 us (95%) 473 us (99%).
I1126 15:37:49.184800 1012394 AriaExecutor.h:705] Worker 6 latency: 367 us (50%) 419 us (75%) 459 us (95%) 473 us (99%).
I1126 15:37:49.291638 1012394 AriaExecutor.h:705] Worker 7 latency: 365 us (50%) 417 us (75%) 458 us (95%) 473 us (99%).
I1126 15:37:49.400441 1012394 AriaExecutor.h:705] Worker 8 latency: 367 us (50%) 419 us (75%) 459 us (95%) 473 us (99%).
I1126 15:37:49.506314 1012394 AriaExecutor.h:705] Worker 9 latency: 365 us (50%) 418 us (75%) 459 us (95%) 473 us (99%).
I1126 15:37:49.613372 1012394 AriaExecutor.h:705] Worker 10 latency: 367 us (50%) 418 us (75%) 459 us (95%) 473 us (99%).
I1126 15:37:49.722388 1012394 AriaExecutor.h:705] Worker 11 latency: 366 us (50%) 418 us (75%) 459 us (95%) 473 us (99%).
I1126 15:37:49.832067 1012394 Coordinator.h:177] total commit: 1.41217e+06
I1126 15:37:50.832178 1012394 Coordinator.h:192] Coordinator exits.
