I1126 17:55:59.878679 1062147 Database.h:65] ycsb initialization finished in 30 milliseconds.
I1126 17:55:59.878774 1062147 Coordinator.h:30] Coordinator initializes 12 workers.
I1126 17:55:59.879688 1062147 Coordinator.h:77] Coordinator starts to run 13 workers.
I1126 17:55:59.879769 1062163 AriaExecutor.h:91] AriaExecutor 0 started. 
I1126 17:55:59.879796 1062164 AriaExecutor.h:91] AriaExecutor 1 started. 
I1126 17:55:59.879843 1062165 AriaExecutor.h:91] AriaExecutor 2 started. 
I1126 17:55:59.879886 1062166 AriaExecutor.h:91] AriaExecutor 3 started. 
I1126 17:55:59.879914 1062167 AriaExecutor.h:91] AriaExecutor 4 started. 
I1126 17:55:59.879953 1062168 AriaExecutor.h:91] AriaExecutor 5 started. 
I1126 17:55:59.879984 1062169 AriaExecutor.h:91] AriaExecutor 6 started. 
I1126 17:55:59.880024 1062170 AriaExecutor.h:91] AriaExecutor 7 started. 
I1126 17:55:59.880057 1062171 AriaExecutor.h:91] AriaExecutor 8 started. 
I1126 17:55:59.880095 1062172 AriaExecutor.h:91] AriaExecutor 9 started. 
I1126 17:55:59.880129 1062173 AriaExecutor.h:91] AriaExecutor 10 started. 
I1126 17:55:59.880164 1062174 AriaExecutor.h:91] AriaExecutor 11 started. 
I1126 17:55:59.880191 1062175 Manager.h:224] Manager(worker id = 12) on the coordinator node started.
I1126 17:56:00.880249 1062147 Coordinator.h:126] commit: 2073930 abort: 9887 (0/9887/0), network size: 0, avg network size: 0, si_in_serializable: 0 0 %, local: 0 %
I1126 17:56:01.880378 1062147 Coordinator.h:126] commit: 2032344 abort: 9839 (0/9839/0), network size: 0, avg network size: 0, si_in_serializable: 0 0 %, local: 0 %
I1126 17:56:02.880502 1062147 Coordinator.h:126] commit: 2083053 abort: 9947 (0/9947/0), network size: 0, avg network size: 0, si_in_serializable: 0 0 %, local: 0 %
I1126 17:56:03.880606 1062147 Coordinator.h:126] commit: 2061203 abort: 9797 (0/9797/0), network size: 0, avg network size: 0, si_in_serializable: 0 0 %, local: 0 %
I1126 17:56:04.880715 1062147 Coordinator.h:126] commit: 2091036 abort: 9964 (0/9964/0), network size: 0, avg network size: 0, si_in_serializable: 0 0 %, local: 0 %
I1126 17:56:05.880817 1062147 Coordinator.h:126] commit: 2083914 abort: 10086 (0/10086/0), network size: 0, avg network size: 0, si_in_serializable: 0 0 %, local: 0 %
I1126 17:56:06.880918 1062147 Coordinator.h:126] commit: 2000509 abort: 9491 (0/9491/0), network size: 0, avg network size: 0, si_in_serializable: 0 0 %, local: 0 %
I1126 17:56:07.881008 1062147 Coordinator.h:126] commit: 2052159 abort: 9841 (0/9841/0), network size: 0, avg network size: 0, si_in_serializable: 0 0 %, local: 0 %
I1126 17:56:08.881111 1062147 Coordinator.h:126] commit: 2088663 abort: 9976 (0/9976/0), network size: 0, avg network size: 0, si_in_serializable: 0 0 %, local: 0 %
I1126 17:56:09.881237 1062147 Coordinator.h:126] commit: 2081555 abort: 9806 (0/9806/0), network size: 0, avg network size: 0, si_in_serializable: 0 0 %, local: 0 %
I1126 17:56:10.881345 1062147 Coordinator.h:126] commit: 2090012 abort: 9988 (0/9988/0), network size: 0, avg network size: 0, si_in_serializable: 0 0 %, local: 0 %
I1126 17:56:11.881438 1062147 Coordinator.h:126] commit: 2085081 abort: 9919 (0/9919/0), network size: 0, avg network size: 0, si_in_serializable: 0 0 %, local: 0 %
I1126 17:56:12.881532 1062147 Coordinator.h:126] commit: 1847190 abort: 8810 (0/8810/0), network size: 0, avg network size: 0, si_in_serializable: 0 0 %, local: 0 %
I1126 17:56:13.881633 1062147 Coordinator.h:126] commit: 2083921 abort: 10079 (0/10079/0), network size: 0, avg network size: 0, si_in_serializable: 0 0 %, local: 0 %
I1126 17:56:14.881738 1062147 Coordinator.h:126] commit: 2086021 abort: 9979 (0/9979/0), network size: 0, avg network size: 0, si_in_serializable: 0 0 %, local: 0 %
I1126 17:56:15.881843 1062147 Coordinator.h:126] commit: 2084974 abort: 10026 (0/10026/0), network size: 0, avg network size: 0, si_in_serializable: 0 0 %, local: 0 %
I1126 17:56:16.881943 1062147 Coordinator.h:126] commit: 2091936 abort: 10064 (0/10064/0), network size: 0, avg network size: 0, si_in_serializable: 0 0 %, local: 0 %
I1126 17:56:17.882032 1062147 Coordinator.h:126] commit: 2099979 abort: 10021 (0/10021/0), network size: 0, avg network size: 0, si_in_serializable: 0 0 %, local: 0 %
I1126 17:56:18.882122 1062147 Coordinator.h:126] commit: 2098096 abort: 9904 (0/9904/0), network size: 0, avg network size: 0, si_in_serializable: 0 0 %, local: 0 %
I1126 17:56:19.882223 1062147 Coordinator.h:126] commit: 2099073 abort: 9927 (0/9927/0), network size: 0, avg network size: 0, si_in_serializable: 0 0 %, local: 0 %
I1126 17:56:20.882347 1062147 Coordinator.h:126] commit: 2077202 abort: 9798 (0/9798/0), network size: 0, avg network size: 0, si_in_serializable: 0 0 %, local: 0 %
I1126 17:56:21.882452 1062147 Coordinator.h:126] commit: 2099013 abort: 9987 (0/9987/0), network size: 0, avg network size: 0, si_in_serializable: 0 0 %, local: 0 %
I1126 17:56:22.882539 1062147 Coordinator.h:126] commit: 2096929 abort: 10071 (0/10071/0), network size: 0, avg network size: 0, si_in_serializable: 0 0 %, local: 0 %
I1126 17:56:23.882645 1062147 Coordinator.h:126] commit: 2098128 abort: 9872 (0/9872/0), network size: 0, avg network size: 0, si_in_serializable: 0 0 %, local: 0 %
I1126 17:56:24.882746 1062147 Coordinator.h:126] commit: 1661068 abort: 7932 (0/7932/0), network size: 0, avg network size: 0, si_in_serializable: 0 0 %, local: 0 %
I1126 17:56:24.882782 1062147 Coordinator.h:152] average commit: 2.06663e+06 abort: 9871.7 (0/9871.7/0), network size: 0, avg network size: 0, si_in_serializable: 0 0 %, local: 0 %
I1126 17:56:24.883174 1062173 AriaExecutor.h:103] AriaExecutor 10 exits. 
I1126 17:56:24.883180 1062169 AriaExecutor.h:103] AriaExecutor 6 exits. 
I1126 17:56:24.883176 1062167 AriaExecutor.h:103] AriaExecutor 4 exits. 
I1126 17:56:24.883178 1062165 AriaExecutor.h:103] AriaExecutor 2 exits. 
I1126 17:56:24.883181 1062175 Manager.h:227] Manager(worker id = 12) on the coordinator node exits.
I1126 17:56:24.883177 1062171 AriaExecutor.h:103] AriaExecutor 8 exits. 
I1126 17:56:24.883189 1062170 AriaExecutor.h:103] AriaExecutor 7 exits. 
I1126 17:56:24.883188 1062168 AriaExecutor.h:103] AriaExecutor 5 exits. 
I1126 17:56:24.883181 1062163 AriaExecutor.h:103] AriaExecutor 0 exits. 
I1126 17:56:24.883188 1062166 AriaExecutor.h:103] AriaExecutor 3 exits. 
I1126 17:56:24.883188 1062172 AriaExecutor.h:103] AriaExecutor 9 exits. 
I1126 17:56:24.883188 1062164 AriaExecutor.h:103] AriaExecutor 1 exits. 
I1126 17:56:24.883188 1062174 AriaExecutor.h:103] AriaExecutor 11 exits. 
I1126 17:56:24.882790 1062147 AriaExecutor.h:621] Worker 0 latency: 316 us (50%) 368 us (75%) 415 us (95%) 430 us (99%).
I1126 17:56:25.036553 1062147 AriaExecutor.h:621] Worker 1 latency: 313 us (50%) 367 us (75%) 413 us (95%) 429 us (99%).
I1126 17:56:25.198562 1062147 AriaExecutor.h:621] Worker 2 latency: 317 us (50%) 369 us (75%) 414 us (95%) 430 us (99%).
I1126 17:56:25.355080 1062147 AriaExecutor.h:621] Worker 3 latency: 317 us (50%) 368 us (75%) 413 us (95%) 429 us (99%).
I1126 17:56:25.511838 1062147 AriaExecutor.h:621] Worker 4 latency: 318 us (50%) 369 us (75%) 414 us (95%) 430 us (99%).
I1126 17:56:25.667860 1062147 AriaExecutor.h:621] Worker 5 latency: 315 us (50%) 367 us (75%) 413 us (95%) 429 us (99%).
I1126 17:56:25.823020 1062147 AriaExecutor.h:621] Worker 6 latency: 321 us (50%) 370 us (75%) 414 us (95%) 430 us (99%).
I1126 17:56:25.975601 1062147 AriaExecutor.h:621] Worker 7 latency: 317 us (50%) 368 us (75%) 413 us (95%) 429 us (99%).
I1126 17:56:26.127584 1062147 AriaExecutor.h:621] Worker 8 latency: 321 us (50%) 370 us (75%) 415 us (95%) 430 us (99%).
I1126 17:56:26.279855 1062147 AriaExecutor.h:621] Worker 9 latency: 317 us (50%) 368 us (75%) 413 us (95%) 429 us (99%).
I1126 17:56:26.432116 1062147 AriaExecutor.h:621] Worker 10 latency: 322 us (50%) 371 us (75%) 415 us (95%) 430 us (99%).
I1126 17:56:26.583988 1062147 AriaExecutor.h:621] Worker 11 latency: 319 us (50%) 369 us (75%) 413 us (95%) 429 us (99%).
I1126 17:56:26.739637 1062147 Coordinator.h:177] total commit: 2.06663e+06
I1126 17:56:27.739756 1062147 Coordinator.h:192] Coordinator exits.
