I1126 18:22:17.501081 1076784 Database.h:65] ycsb initialization finished in 29 milliseconds.
I1126 18:22:17.501176 1076784 Coordinator.h:30] Coordinator initializes 12 workers.
I1126 18:22:17.502075 1076784 Coordinator.h:77] Coordinator starts to run 13 workers.
I1126 18:22:17.502130 1076800 AriaExecutor.h:91] AriaExecutor 0 started. 
I1126 18:22:17.502173 1076801 AriaExecutor.h:91] AriaExecutor 1 started. 
I1126 18:22:17.502210 1076802 AriaExecutor.h:91] AriaExecutor 2 started. 
I1126 18:22:17.502250 1076803 AriaExecutor.h:91] AriaExecutor 3 started. 
I1126 18:22:17.502341 1076804 AriaExecutor.h:91] AriaExecutor 4 started. 
I1126 18:22:17.502359 1076805 AriaExecutor.h:91] AriaExecutor 5 started. 
I1126 18:22:17.502475 1076806 AriaExecutor.h:91] AriaExecutor 6 started. 
I1126 18:22:17.502522 1076807 AriaExecutor.h:91] AriaExecutor 7 started. 
I1126 18:22:17.502576 1076808 AriaExecutor.h:91] AriaExecutor 8 started. 
I1126 18:22:17.502611 1076809 AriaExecutor.h:91] AriaExecutor 9 started. 
I1126 18:22:17.502656 1076810 AriaExecutor.h:91] AriaExecutor 10 started. 
I1126 18:22:17.502691 1076811 AriaExecutor.h:91] AriaExecutor 11 started. 
I1126 18:22:17.502728 1076812 Manager.h:224] Manager(worker id = 12) on the coordinator node started.
I1126 18:22:18.502789 1076784 Coordinator.h:126] commit: 602441 abort: 873559 (0/873559/0), network size: 0, avg network size: 0, si_in_serializable: 0 0 %, local: 0 %
I1126 18:22:19.502916 1076784 Coordinator.h:126] commit: 597356 abort: 861644 (0/861644/0), network size: 0, avg network size: 0, si_in_serializable: 0 0 %, local: 0 %
I1126 18:22:20.503072 1076784 Coordinator.h:126] commit: 603749 abort: 875303 (0/875303/0), network size: 0, avg network size: 0, si_in_serializable: 0 0 %, local: 0 %
I1126 18:22:21.503168 1076784 Coordinator.h:126] commit: 613869 abort: 887079 (0/887079/0), network size: 0, avg network size: 0, si_in_serializable: 0 0 %, local: 0 %
I1126 18:22:22.503245 1076784 Coordinator.h:126] commit: 611210 abort: 884790 (0/884790/0), network size: 0, avg network size: 0, si_in_serializable: 0 0 %, local: 0 %
I1126 18:22:23.503319 1076784 Coordinator.h:126] commit: 594953 abort: 861047 (0/861047/0), network size: 0, avg network size: 0, si_in_serializable: 0 0 %, local: 0 %
I1126 18:22:24.503408 1076784 Coordinator.h:126] commit: 609014 abort: 880986 (0/880986/0), network size: 0, avg network size: 0, si_in_serializable: 0 0 %, local: 0 %
I1126 18:22:25.503484 1076784 Coordinator.h:126] commit: 612804 abort: 886196 (0/886196/0), network size: 0, avg network size: 0, si_in_serializable: 0 0 %, local: 0 %
I1126 18:22:26.503558 1076784 Coordinator.h:126] commit: 610622 abort: 883378 (0/883378/0), network size: 0, avg network size: 0, si_in_serializable: 0 0 %, local: 0 %
I1126 18:22:27.503633 1076784 Coordinator.h:126] commit: 604950 abort: 875050 (0/875050/0), network size: 0, avg network size: 0, si_in_serializable: 0 0 %, local: 0 %
I1126 18:22:28.503705 1076784 Coordinator.h:126] commit: 582663 abort: 844337 (0/844337/0), network size: 0, avg network size: 0, si_in_serializable: 0 0 %, local: 0 %
I1126 18:22:29.503785 1076784 Coordinator.h:126] commit: 612298 abort: 885702 (0/885702/0), network size: 0, avg network size: 0, si_in_serializable: 0 0 %, local: 0 %
I1126 18:22:30.503857 1076784 Coordinator.h:126] commit: 612068 abort: 883932 (0/883932/0), network size: 0, avg network size: 0, si_in_serializable: 0 0 %, local: 0 %
I1126 18:22:31.503929 1076784 Coordinator.h:126] commit: 612268 abort: 883732 (0/883732/0), network size: 0, avg network size: 0, si_in_serializable: 0 0 %, local: 0 %
I1126 18:22:32.504012 1076784 Coordinator.h:126] commit: 607197 abort: 877803 (0/877803/0), network size: 0, avg network size: 0, si_in_serializable: 0 0 %, local: 0 %
I1126 18:22:33.504086 1076784 Coordinator.h:126] commit: 611067 abort: 882933 (0/882933/0), network size: 0, avg network size: 0, si_in_serializable: 0 0 %, local: 0 %
I1126 18:22:34.504158 1076784 Coordinator.h:126] commit: 612318 abort: 885682 (0/885682/0), network size: 0, avg network size: 0, si_in_serializable: 0 0 %, local: 0 %
I1126 18:22:35.504233 1076784 Coordinator.h:126] commit: 611161 abort: 880839 (0/880839/0), network size: 0, avg network size: 0, si_in_serializable: 0 0 %, local: 0 %
I1126 18:22:36.504307 1076784 Coordinator.h:126] commit: 610892 abort: 885108 (0/885108/0), network size: 0, avg network size: 0, si_in_serializable: 0 0 %, local: 0 %
I1126 18:22:37.504381 1076784 Coordinator.h:126] commit: 611428 abort: 883572 (0/883572/0), network size: 0, avg network size: 0, si_in_serializable: 0 0 %, local: 0 %
I1126 18:22:38.504455 1076784 Coordinator.h:126] commit: 569667 abort: 823313 (0/823313/0), network size: 0, avg network size: 0, si_in_serializable: 0 0 %, local: 0 %
I1126 18:22:39.504529 1076784 Coordinator.h:126] commit: 605014 abort: 873006 (0/873006/0), network size: 0, avg network size: 0, si_in_serializable: 0 0 %, local: 0 %
I1126 18:22:40.504604 1076784 Coordinator.h:126] commit: 612682 abort: 887318 (0/887318/0), network size: 0, avg network size: 0, si_in_serializable: 0 0 %, local: 0 %
I1126 18:22:41.504678 1076784 Coordinator.h:126] commit: 609481 abort: 881519 (0/881519/0), network size: 0, avg network size: 0, si_in_serializable: 0 0 %, local: 0 %
I1126 18:22:42.504750 1076784 Coordinator.h:126] commit: 610949 abort: 883051 (0/883051/0), network size: 0, avg network size: 0, si_in_serializable: 0 0 %, local: 0 %
I1126 18:22:42.504760 1076784 Coordinator.h:152] average commit: 608336 abort: 879364 (0/879364/0), network size: 0, avg network size: 0, si_in_serializable: 0 0 %, local: 0 %
I1126 18:22:42.505446 1076811 AriaExecutor.h:103] AriaExecutor 11 exits. 
I1126 18:22:42.505450 1076800 AriaExecutor.h:103] AriaExecutor 0 exits. 
I1126 18:22:42.505460 1076801 AriaExecutor.h:103] AriaExecutor 1 exits. 
I1126 18:22:42.505468 1076807 AriaExecutor.h:103] AriaExecutor 7 exits. 
I1126 18:22:42.505450 1076804 AriaExecutor.h:103] AriaExecutor 4 exits. 
I1126 18:22:42.505461 1076806 AriaExecutor.h:103] AriaExecutor 6 exits. 
I1126 18:22:42.505451 1076802 AriaExecutor.h:103] AriaExecutor 2 exits. 
I1126 18:22:42.505463 1076810 AriaExecutor.h:103] AriaExecutor 10 exits. 
I1126 18:22:42.505463 1076803 AriaExecutor.h:103] AriaExecutor 3 exits. 
I1126 18:22:42.505461 1076808 AriaExecutor.h:103] AriaExecutor 8 exits. 
I1126 18:22:42.505470 1076812 Manager.h:227] Manager(worker id = 12) on the coordinator node exits.
I1126 18:22:42.505451 1076809 AriaExecutor.h:103] AriaExecutor 9 exits. 
I1126 18:22:42.505462 1076805 AriaExecutor.h:103] AriaExecutor 5 exits. 
I1126 18:22:42.504769 1076784 AriaExecutor.h:621] Worker 0 latency: 541 us (50%) 589 us (75%) 622 us (95%) 647 us (99%).
I1126 18:22:42.554805 1076784 AriaExecutor.h:621] Worker 1 latency: 539 us (50%) 587 us (75%) 620 us (95%) 645 us (99%).
I1126 18:22:42.605566 1076784 AriaExecutor.h:621] Worker 2 latency: 542 us (50%) 589 us (75%) 621 us (95%) 646 us (99%).
I1126 18:22:42.655736 1076784 AriaExecutor.h:621] Worker 3 latency: 540 us (50%) 588 us (75%) 620 us (95%) 645 us (99%).
I1126 18:22:42.706172 1076784 AriaExecutor.h:621] Worker 4 latency: 541 us (50%) 589 us (75%) 621 us (95%) 646 us (99%).
I1126 18:22:42.755483 1076784 AriaExecutor.h:621] Worker 5 latency: 538 us (50%) 586 us (75%) 620 us (95%) 644 us (99%).
I1126 18:22:42.805226 1076784 AriaExecutor.h:621] Worker 6 latency: 543 us (50%) 589 us (75%) 621 us (95%) 646 us (99%).
I1126 18:22:42.854434 1076784 AriaExecutor.h:621] Worker 7 latency: 539 us (50%) 586 us (75%) 619 us (95%) 644 us (99%).
I1126 18:22:42.903613 1076784 AriaExecutor.h:621] Worker 8 latency: 544 us (50%) 589 us (75%) 621 us (95%) 646 us (99%).
I1126 18:22:42.952538 1076784 AriaExecutor.h:621] Worker 9 latency: 539 us (50%) 586 us (75%) 619 us (95%) 644 us (99%).
I1126 18:22:43.001152 1076784 AriaExecutor.h:621] Worker 10 latency: 543 us (50%) 589 us (75%) 621 us (95%) 646 us (99%).
I1126 18:22:43.050688 1076784 AriaExecutor.h:621] Worker 11 latency: 540 us (50%) 587 us (75%) 620 us (95%) 644 us (99%).
I1126 18:22:43.100046 1076784 Coordinator.h:177] total commit: 608336
I1126 18:22:44.100185 1076784 Coordinator.h:192] Coordinator exits.
