I1126 18:07:16.673576 1067445 Database.h:65] ycsb initialization finished in 30 milliseconds.
I1126 18:07:16.673684 1067445 Coordinator.h:30] Coordinator initializes 12 workers.
I1126 18:07:16.680529 1067445 Coordinator.h:77] Coordinator starts to run 13 workers.
I1126 18:07:16.680583 1067461 AriaExecutor.h:91] AriaExecutor 0 started. 
I1126 18:07:16.680619 1067462 AriaExecutor.h:91] AriaExecutor 1 started. 
I1126 18:07:16.680662 1067463 AriaExecutor.h:91] AriaExecutor 2 started. 
I1126 18:07:16.680708 1067464 AriaExecutor.h:91] AriaExecutor 3 started. 
I1126 18:07:16.680791 1067466 AriaExecutor.h:91] AriaExecutor 5 started. 
I1126 18:07:16.680833 1067467 AriaExecutor.h:91] AriaExecutor 6 started. 
I1126 18:07:16.680869 1067468 AriaExecutor.h:91] AriaExecutor 7 started. 
I1126 18:07:16.680903 1067469 AriaExecutor.h:91] AriaExecutor 8 started. 
I1126 18:07:16.680948 1067470 AriaExecutor.h:91] AriaExecutor 9 started. 
I1126 18:07:16.680984 1067471 AriaExecutor.h:91] AriaExecutor 10 started. 
I1126 18:07:16.681034 1067472 AriaExecutor.h:91] AriaExecutor 11 started. 
I1126 18:07:16.681068 1067465 AriaExecutor.h:91] AriaExecutor 4 started. 
I1126 18:07:16.681070 1067473 Manager.h:224] Manager(worker id = 12) on the coordinator node started.
I1126 18:07:17.681141 1067445 Coordinator.h:126] commit: 870953 abort: 459047 (0/459047/0), network size: 0, avg network size: 0, si_in_serializable: 0 0 %, local: 0 %
I1126 18:07:18.681269 1067445 Coordinator.h:126] commit: 864187 abort: 455813 (0/455813/0), network size: 0, avg network size: 0, si_in_serializable: 0 0 %, local: 0 %
I1126 18:07:19.681396 1067445 Coordinator.h:126] commit: 876981 abort: 463019 (0/463019/0), network size: 0, avg network size: 0, si_in_serializable: 0 0 %, local: 0 %
I1126 18:07:20.681484 1067445 Coordinator.h:126] commit: 876861 abort: 463139 (0/463139/0), network size: 0, avg network size: 0, si_in_serializable: 0 0 %, local: 0 %
I1126 18:07:21.681586 1067445 Coordinator.h:126] commit: 884949 abort: 465051 (0/465051/0), network size: 0, avg network size: 0, si_in_serializable: 0 0 %, local: 0 %
I1126 18:07:22.681690 1067445 Coordinator.h:126] commit: 877200 abort: 462800 (0/462800/0), network size: 0, avg network size: 0, si_in_serializable: 0 0 %, local: 0 %
I1126 18:07:23.681819 1067445 Coordinator.h:126] commit: 869244 abort: 460756 (0/460756/0), network size: 0, avg network size: 0, si_in_serializable: 0 0 %, local: 0 %
I1126 18:07:24.681912 1067445 Coordinator.h:126] commit: 870337 abort: 459663 (0/459663/0), network size: 0, avg network size: 0, si_in_serializable: 0 0 %, local: 0 %
I1126 18:07:25.682013 1067445 Coordinator.h:126] commit: 883605 abort: 466395 (0/466395/0), network size: 0, avg network size: 0, si_in_serializable: 0 0 %, local: 0 %
I1126 18:07:26.682090 1067445 Coordinator.h:126] commit: 882970 abort: 467030 (0/467030/0), network size: 0, avg network size: 0, si_in_serializable: 0 0 %, local: 0 %
I1126 18:07:27.682175 1067445 Coordinator.h:126] commit: 875877 abort: 464123 (0/464123/0), network size: 0, avg network size: 0, si_in_serializable: 0 0 %, local: 0 %
I1126 18:07:28.682255 1067445 Coordinator.h:126] commit: 882952 abort: 467048 (0/467048/0), network size: 0, avg network size: 0, si_in_serializable: 0 0 %, local: 0 %
I1126 18:07:29.682335 1067445 Coordinator.h:126] commit: 869919 abort: 460081 (0/460081/0), network size: 0, avg network size: 0, si_in_serializable: 0 0 %, local: 0 %
I1126 18:07:30.682420 1067445 Coordinator.h:126] commit: 883594 abort: 466406 (0/466406/0), network size: 0, avg network size: 0, si_in_serializable: 0 0 %, local: 0 %
I1126 18:07:31.682550 1067445 Coordinator.h:126] commit: 844413 abort: 445587 (0/445587/0), network size: 0, avg network size: 0, si_in_serializable: 0 0 %, local: 0 %
I1126 18:07:32.682665 1067445 Coordinator.h:126] commit: 876791 abort: 463209 (0/463209/0), network size: 0, avg network size: 0, si_in_serializable: 0 0 %, local: 0 %
I1126 18:07:33.682773 1067445 Coordinator.h:126] commit: 882389 abort: 467611 (0/467611/0), network size: 0, avg network size: 0, si_in_serializable: 0 0 %, local: 0 %
I1126 18:07:34.682878 1067445 Coordinator.h:126] commit: 876207 abort: 463793 (0/463793/0), network size: 0, avg network size: 0, si_in_serializable: 0 0 %, local: 0 %
I1126 18:07:35.682972 1067445 Coordinator.h:126] commit: 876692 abort: 463308 (0/463308/0), network size: 0, avg network size: 0, si_in_serializable: 0 0 %, local: 0 %
I1126 18:07:36.683084 1067445 Coordinator.h:126] commit: 882832 abort: 467168 (0/467168/0), network size: 0, avg network size: 0, si_in_serializable: 0 0 %, local: 0 %
I1126 18:07:37.683192 1067445 Coordinator.h:126] commit: 876447 abort: 463553 (0/463553/0), network size: 0, avg network size: 0, si_in_serializable: 0 0 %, local: 0 %
I1126 18:07:38.683283 1067445 Coordinator.h:126] commit: 882833 abort: 467167 (0/467167/0), network size: 0, avg network size: 0, si_in_serializable: 0 0 %, local: 0 %
I1126 18:07:39.683368 1067445 Coordinator.h:126] commit: 876907 abort: 463093 (0/463093/0), network size: 0, avg network size: 0, si_in_serializable: 0 0 %, local: 0 %
I1126 18:07:40.683462 1067445 Coordinator.h:126] commit: 883779 abort: 466221 (0/466221/0), network size: 0, avg network size: 0, si_in_serializable: 0 0 %, local: 0 %
I1126 18:07:41.683576 1067445 Coordinator.h:126] commit: 877081 abort: 462919 (0/462919/0), network size: 0, avg network size: 0, si_in_serializable: 0 0 %, local: 0 %
I1126 18:07:41.683614 1067445 Coordinator.h:152] average commit: 875167 abort: 462833 (0/462833/0), network size: 0, avg network size: 0, si_in_serializable: 0 0 %, local: 0 %
I1126 18:07:41.689052 1067473 Manager.h:227] Manager(worker id = 12) on the coordinator node exits.
I1126 18:07:41.689056 1067469 AriaExecutor.h:103] AriaExecutor 8 exits. 
I1126 18:07:41.689061 1067467 AriaExecutor.h:103] AriaExecutor 6 exits. 
I1126 18:07:41.689066 1067462 AriaExecutor.h:103] AriaExecutor 1 exits. 
I1126 18:07:41.689057 1067465 AriaExecutor.h:103] AriaExecutor 4 exits. 
I1126 18:07:41.689066 1067468 AriaExecutor.h:103] AriaExecutor 7 exits. 
I1126 18:07:41.689067 1067466 AriaExecutor.h:103] AriaExecutor 5 exits. 
I1126 18:07:41.689067 1067464 AriaExecutor.h:103] AriaExecutor 3 exits. 
I1126 18:07:41.689054 1067461 AriaExecutor.h:103] AriaExecutor 0 exits. 
I1126 18:07:41.689069 1067470 AriaExecutor.h:103] AriaExecutor 9 exits. 
I1126 18:07:41.689054 1067471 AriaExecutor.h:103] AriaExecutor 10 exits. 
I1126 18:07:41.689059 1067463 AriaExecutor.h:103] AriaExecutor 2 exits. 
I1126 18:07:41.689069 1067472 AriaExecutor.h:103] AriaExecutor 11 exits. 
I1126 18:07:41.683629 1067445 AriaExecutor.h:621] Worker 0 latency: 5961 us (50%) 6378 us (75%) 6662 us (95%) 6766 us (99%).
I1126 18:07:41.756116 1067445 AriaExecutor.h:621] Worker 1 latency: 5938 us (50%) 6368 us (75%) 6658 us (95%) 6762 us (99%).
I1126 18:07:41.838280 1067445 AriaExecutor.h:621] Worker 2 latency: 5963 us (50%) 6377 us (75%) 6659 us (95%) 6761 us (99%).
I1126 18:07:41.911648 1067445 AriaExecutor.h:621] Worker 3 latency: 5933 us (50%) 6365 us (75%) 6656 us (95%) 6758 us (99%).
I1126 18:07:41.993456 1067445 AriaExecutor.h:621] Worker 4 latency: 5948 us (50%) 6370 us (75%) 6656 us (95%) 6758 us (99%).
I1126 18:07:42.063768 1067445 AriaExecutor.h:621] Worker 5 latency: 5927 us (50%) 6361 us (75%) 6655 us (95%) 6757 us (99%).
I1126 18:07:42.145884 1067445 AriaExecutor.h:621] Worker 6 latency: 5951 us (50%) 6371 us (75%) 6656 us (95%) 6758 us (99%).
I1126 18:07:42.220165 1067445 AriaExecutor.h:621] Worker 7 latency: 5931 us (50%) 6363 us (75%) 6655 us (95%) 6757 us (99%).
I1126 18:07:42.290055 1067445 AriaExecutor.h:621] Worker 8 latency: 5954 us (50%) 6373 us (75%) 6658 us (95%) 6761 us (99%).
I1126 18:07:42.363341 1067445 AriaExecutor.h:621] Worker 9 latency: 5936 us (50%) 6366 us (75%) 6656 us (95%) 6758 us (99%).
I1126 18:07:42.434914 1067445 AriaExecutor.h:621] Worker 10 latency: 5962 us (50%) 6377 us (75%) 6658 us (95%) 6760 us (99%).
I1126 18:07:42.509982 1067445 AriaExecutor.h:621] Worker 11 latency: 5931 us (50%) 6365 us (75%) 6657 us (95%) 6761 us (99%).
I1126 18:07:42.593032 1067445 Coordinator.h:177] total commit: 875167
I1126 18:07:43.593149 1067445 Coordinator.h:192] Coordinator exits.
