I0911 22:36:30.890128 2936831 Database.h:65] ycsb initialization finished in 147 milliseconds.
I0911 22:36:30.890249 2936831 Coordinator.h:30] Coordinator initializes 16 workers.
I0911 22:36:31.009431 2936831 Coordinator.h:77] Coordinator starts to run 17 workers.
I0911 22:36:31.009491 2936851 AriaExecutor.h:82] AriaExecutor 0 started. 
I0911 22:36:31.009528 2936852 AriaExecutor.h:82] AriaExecutor 1 started. 
I0911 22:36:31.009572 2936853 AriaExecutor.h:82] AriaExecutor 2 started. 
I0911 22:36:31.009615 2936854 AriaExecutor.h:82] AriaExecutor 3 started. 
I0911 22:36:31.009657 2936855 AriaExecutor.h:82] AriaExecutor 4 started. 
I0911 22:36:31.009690 2936856 AriaExecutor.h:82] AriaExecutor 5 started. 
I0911 22:36:31.009727 2936857 AriaExecutor.h:82] AriaExecutor 6 started. 
I0911 22:36:31.009768 2936858 AriaExecutor.h:82] AriaExecutor 7 started. 
I0911 22:36:31.009796 2936859 AriaExecutor.h:82] AriaExecutor 8 started. 
I0911 22:36:31.009842 2936860 AriaExecutor.h:82] AriaExecutor 9 started. 
I0911 22:36:31.009891 2936861 AriaExecutor.h:82] AriaExecutor 10 started. 
I0911 22:36:31.009932 2936862 AriaExecutor.h:82] AriaExecutor 11 started. 
I0911 22:36:31.009969 2936863 AriaExecutor.h:82] AriaExecutor 12 started. 
I0911 22:36:31.010008 2936864 AriaExecutor.h:82] AriaExecutor 13 started. 
I0911 22:36:31.010043 2936865 AriaExecutor.h:82] AriaExecutor 14 started. 
I0911 22:36:31.010084 2936866 AriaExecutor.h:82] AriaExecutor 15 started. 
I0911 22:36:31.010128 2936867 Manager.h:224] Manager(worker id = 16) on the coordinator node started.
I0911 22:36:32.010187 2936831 Coordinator.h:126] commit: 1068677 abort: 99323 (0/99323/0), network size: 0, avg network size: 0, si_in_serializable: 0 0 %, local: 0 %
I0911 22:36:33.010293 2936831 Coordinator.h:126] commit: 1068218 abort: 99782 (0/99782/0), network size: 0, avg network size: 0, si_in_serializable: 0 0 %, local: 0 %
I0911 22:36:34.010372 2936831 Coordinator.h:126] commit: 1054091 abort: 97909 (0/97909/0), network size: 0, avg network size: 0, si_in_serializable: 0 0 %, local: 0 %
I0911 22:36:35.010447 2936831 Coordinator.h:126] commit: 1054402 abort: 97598 (0/97598/0), network size: 0, avg network size: 0, si_in_serializable: 0 0 %, local: 0 %
I0911 22:36:36.010532 2936831 Coordinator.h:126] commit: 1068756 abort: 99244 (0/99244/0), network size: 0, avg network size: 0, si_in_serializable: 0 0 %, local: 0 %
I0911 22:36:37.010632 2936831 Coordinator.h:126] commit: 1106063 abort: 101631 (0/101631/0), network size: 0, avg network size: 0, si_in_serializable: 0 0 %, local: 0 %
I0911 22:36:38.010701 2936831 Coordinator.h:126] commit: 1104682 abort: 103624 (0/103624/0), network size: 0, avg network size: 0, si_in_serializable: 0 0 %, local: 0 %
I0911 22:36:39.010764 2936831 Coordinator.h:126] commit: 1083846 abort: 100154 (0/100154/0), network size: 0, avg network size: 0, si_in_serializable: 0 0 %, local: 0 %
I0911 22:36:40.010838 2936831 Coordinator.h:126] commit: 1098105 abort: 101895 (0/101895/0), network size: 0, avg network size: 0, si_in_serializable: 0 0 %, local: 0 %
I0911 22:36:41.010903 2936831 Coordinator.h:126] commit: 1112524 abort: 103476 (0/103476/0), network size: 0, avg network size: 0, si_in_serializable: 0 0 %, local: 0 %
I0911 22:36:42.010980 2936831 Coordinator.h:126] commit: 1095778 abort: 101237 (0/101237/0), network size: 0, avg network size: 0, si_in_serializable: 0 0 %, local: 0 %
I0911 22:36:43.011060 2936831 Coordinator.h:126] commit: 1071687 abort: 99297 (0/99297/0), network size: 0, avg network size: 0, si_in_serializable: 0 0 %, local: 0 %
I0911 22:36:44.011132 2936831 Coordinator.h:126] commit: 1098403 abort: 101597 (0/101597/0), network size: 0, avg network size: 0, si_in_serializable: 0 0 %, local: 0 %
I0911 22:36:45.011202 2936831 Coordinator.h:126] commit: 1068977 abort: 99023 (0/99023/0), network size: 0, avg network size: 0, si_in_serializable: 0 0 %, local: 0 %
I0911 22:36:46.011319 2936831 Coordinator.h:126] commit: 1098350 abort: 101650 (0/101650/0), network size: 0, avg network size: 0, si_in_serializable: 0 0 %, local: 0 %
I0911 22:36:47.011409 2936831 Coordinator.h:126] commit: 1084168 abort: 99832 (0/99832/0), network size: 0, avg network size: 0, si_in_serializable: 0 0 %, local: 0 %
I0911 22:36:48.011487 2936831 Coordinator.h:126] commit: 1098267 abort: 101733 (0/101733/0), network size: 0, avg network size: 0, si_in_serializable: 0 0 %, local: 0 %
I0911 22:36:49.011554 2936831 Coordinator.h:126] commit: 1112460 abort: 103540 (0/103540/0), network size: 0, avg network size: 0, si_in_serializable: 0 0 %, local: 0 %
I0911 22:36:50.011624 2936831 Coordinator.h:126] commit: 1098049 abort: 101951 (0/101951/0), network size: 0, avg network size: 0, si_in_serializable: 0 0 %, local: 0 %
I0911 22:36:51.011696 2936831 Coordinator.h:126] commit: 1112969 abort: 103031 (0/103031/0), network size: 0, avg network size: 0, si_in_serializable: 0 0 %, local: 0 %
I0911 22:36:52.011772 2936831 Coordinator.h:126] commit: 1098614 abort: 101386 (0/101386/0), network size: 0, avg network size: 0, si_in_serializable: 0 0 %, local: 0 %
I0911 22:36:53.011840 2936831 Coordinator.h:126] commit: 1100671 abort: 101616 (0/101616/0), network size: 0, avg network size: 0, si_in_serializable: 0 0 %, local: 0 %
I0911 22:36:54.011914 2936831 Coordinator.h:126] commit: 1111074 abort: 102639 (0/102639/0), network size: 0, avg network size: 0, si_in_serializable: 0 0 %, local: 0 %
I0911 22:36:55.011987 2936831 Coordinator.h:126] commit: 1099006 abort: 100994 (0/100994/0), network size: 0, avg network size: 0, si_in_serializable: 0 0 %, local: 0 %
I0911 22:36:56.012066 2936831 Coordinator.h:126] commit: 1098547 abort: 101453 (0/101453/0), network size: 0, avg network size: 0, si_in_serializable: 0 0 %, local: 0 %
I0911 22:36:56.012092 2936831 Coordinator.h:152] average commit: 1.09391e+06 abort: 101289 (0/101289/0), network size: 0, avg network size: 0, si_in_serializable: 0 0 %, local: 0 %
I0911 22:36:56.021215 2936863 AriaExecutor.h:94] AriaExecutor 12 exits. 
I0911 22:36:56.021221 2936857 AriaExecutor.h:94] AriaExecutor 6 exits. 
I0911 22:36:56.021221 2936859 AriaExecutor.h:94] AriaExecutor 8 exits. 
I0911 22:36:56.021252 2936851 AriaExecutor.h:94] AriaExecutor 0 exits. 
I0911 22:36:56.021232 2936860 AriaExecutor.h:94] AriaExecutor 9 exits. 
I0911 22:36:56.021232 2936866 AriaExecutor.h:94] AriaExecutor 15 exits. 
I0911 22:36:56.021229 2936855 AriaExecutor.h:94] AriaExecutor 4 exits. 
I0911 22:36:56.021224 2936864 AriaExecutor.h:94] AriaExecutor 13 exits. 
I0911 22:36:56.021226 2936853 AriaExecutor.h:94] AriaExecutor 2 exits. 
I0911 22:36:56.021245 2936867 Manager.h:227] Manager(worker id = 16) on the coordinator node exits.
I0911 22:36:56.021229 2936858 AriaExecutor.h:94] AriaExecutor 7 exits. 
I0911 22:36:56.021234 2936856 AriaExecutor.h:94] AriaExecutor 5 exits. 
I0911 22:36:56.021226 2936861 AriaExecutor.h:94] AriaExecutor 10 exits. 
I0911 22:36:56.021224 2936865 AriaExecutor.h:94] AriaExecutor 14 exits. 
I0911 22:36:56.021234 2936854 AriaExecutor.h:94] AriaExecutor 3 exits. 
I0911 22:36:56.021234 2936862 AriaExecutor.h:94] AriaExecutor 11 exits. 
I0911 22:36:56.021250 2936852 AriaExecutor.h:94] AriaExecutor 1 exits. 
I0911 22:36:56.012101 2936831 AriaExecutor.h:535] Worker 0 latency: 8099 us (50%) 10417 us (75%) 12209 us (95%) 12604 us (99%).
I0911 22:36:56.086541 2936831 AriaExecutor.h:535] Worker 1 latency: 8056 us (50%) 10390 us (75%) 12194 us (95%) 12580 us (99%).
I0911 22:36:56.166953 2936831 AriaExecutor.h:535] Worker 2 latency: 8128 us (50%) 10433 us (75%) 12212 us (95%) 12607 us (99%).
I0911 22:36:56.240504 2936831 AriaExecutor.h:535] Worker 3 latency: 8091 us (50%) 10413 us (75%) 12204 us (95%) 12592 us (99%).
I0911 22:36:56.320750 2936831 AriaExecutor.h:535] Worker 4 latency: 8100 us (50%) 10421 us (75%) 12209 us (95%) 12607 us (99%).
I0911 22:36:56.394665 2936831 AriaExecutor.h:535] Worker 5 latency: 8051 us (50%) 10389 us (75%) 12198 us (95%) 12582 us (99%).
I0911 22:36:56.476086 2936831 AriaExecutor.h:535] Worker 6 latency: 8158 us (50%) 10448 us (75%) 12212 us (95%) 12594 us (99%).
I0911 22:36:56.550515 2936831 AriaExecutor.h:535] Worker 7 latency: 8083 us (50%) 10412 us (75%) 12206 us (95%) 12593 us (99%).
I0911 22:36:56.632373 2936831 AriaExecutor.h:535] Worker 8 latency: 8100 us (50%) 10414 us (75%) 12202 us (95%) 12593 us (99%).
I0911 22:36:56.706271 2936831 AriaExecutor.h:535] Worker 9 latency: 8048 us (50%) 10388 us (75%) 12197 us (95%) 12588 us (99%).
I0911 22:36:56.787303 2936831 AriaExecutor.h:535] Worker 10 latency: 8109 us (50%) 10416 us (75%) 12203 us (95%) 12602 us (99%).
I0911 22:36:56.860219 2936831 AriaExecutor.h:535] Worker 11 latency: 8051 us (50%) 10383 us (75%) 12192 us (95%) 12578 us (99%).
I0911 22:36:56.940387 2936831 AriaExecutor.h:535] Worker 12 latency: 8089 us (50%) 10407 us (75%) 12202 us (95%) 12601 us (99%).
I0911 22:36:57.014628 2936831 AriaExecutor.h:535] Worker 13 latency: 8048 us (50%) 10389 us (75%) 12198 us (95%) 12586 us (99%).
I0911 22:36:57.096383 2936831 AriaExecutor.h:535] Worker 14 latency: 8099 us (50%) 10411 us (75%) 12199 us (95%) 12593 us (99%).
I0911 22:36:57.169044 2936831 AriaExecutor.h:535] Worker 15 latency: 8035 us (50%) 10377 us (75%) 12192 us (95%) 12580 us (99%).
I0911 22:36:57.250499 2936831 Coordinator.h:177] total commit: 1.09391e+06
I0911 22:36:58.250620 2936831 Coordinator.h:192] Coordinator exits.
