I1126 15:38:18.130610 1012986 Database.h:65] ycsb initialization finished in 30 milliseconds.
I1126 15:38:18.130700 1012986 Coordinator.h:30] Coordinator initializes 12 workers.
I1126 15:38:18.131603 1012986 Coordinator.h:77] Coordinator starts to run 13 workers.
I1126 15:38:18.131652 1013002 AriaExecutor.h:95] AriaExecutor 0 started. 
I1126 15:38:18.131687 1013003 AriaExecutor.h:95] AriaExecutor 1 started. 
I1126 15:38:18.131731 1013004 AriaExecutor.h:95] AriaExecutor 2 started. 
I1126 15:38:18.131772 1013005 AriaExecutor.h:95] AriaExecutor 3 started. 
I1126 15:38:18.131848 1013007 AriaExecutor.h:95] AriaExecutor 5 started. 
I1126 15:38:18.131893 1013008 AriaExecutor.h:95] AriaExecutor 6 started. 
I1126 15:38:18.131933 1013009 AriaExecutor.h:95] AriaExecutor 7 started. 
I1126 15:38:18.131973 1013010 AriaExecutor.h:95] AriaExecutor 8 started. 
I1126 15:38:18.132018 1013011 AriaExecutor.h:95] AriaExecutor 9 started. 
I1126 15:38:18.132054 1013012 AriaExecutor.h:95] AriaExecutor 10 started. 
I1126 15:38:18.132099 1013013 AriaExecutor.h:95] AriaExecutor 11 started. 
I1126 15:38:18.132139 1013006 AriaExecutor.h:95] AriaExecutor 4 started. 
I1126 15:38:18.132143 1013014 Manager.h:224] Manager(worker id = 12) on the coordinator node started.
I1126 15:38:19.132210 1012986 Coordinator.h:126] commit: 1418768 abort: 509232 (0/509232/0), network size: 0, avg network size: 0, si_in_serializable: 0 0 %, local: 0 %
I1126 15:38:20.132319 1012986 Coordinator.h:126] commit: 1398083 abort: 500917 (0/500917/0), network size: 0, avg network size: 0, si_in_serializable: 0 0 %, local: 0 %
I1126 15:38:21.132426 1012986 Coordinator.h:126] commit: 1410179 abort: 505821 (0/505821/0), network size: 0, avg network size: 0, si_in_serializable: 0 0 %, local: 0 %
I1126 15:38:22.132536 1012986 Coordinator.h:126] commit: 1440442 abort: 516558 (0/516558/0), network size: 0, avg network size: 0, si_in_serializable: 0 0 %, local: 0 %
I1126 15:38:23.132630 1012986 Coordinator.h:126] commit: 1393811 abort: 498189 (0/498189/0), network size: 0, avg network size: 0, si_in_serializable: 0 0 %, local: 0 %
I1126 15:38:24.132740 1012986 Coordinator.h:126] commit: 1436801 abort: 515199 (0/515199/0), network size: 0, avg network size: 0, si_in_serializable: 0 0 %, local: 0 %
I1126 15:38:25.132856 1012986 Coordinator.h:126] commit: 1414616 abort: 506384 (0/506384/0), network size: 0, avg network size: 0, si_in_serializable: 0 0 %, local: 0 %
I1126 15:38:26.132967 1012986 Coordinator.h:126] commit: 1440313 abort: 515687 (0/515687/0), network size: 0, avg network size: 0, si_in_serializable: 0 0 %, local: 0 %
I1126 15:38:27.133073 1012986 Coordinator.h:126] commit: 1329434 abort: 475566 (0/475566/0), network size: 0, avg network size: 0, si_in_serializable: 0 0 %, local: 0 %
I1126 15:38:28.133172 1012986 Coordinator.h:126] commit: 1439069 abort: 515931 (0/515931/0), network size: 0, avg network size: 0, si_in_serializable: 0 0 %, local: 0 %
I1126 15:38:29.133257 1012986 Coordinator.h:126] commit: 1438868 abort: 514132 (0/514132/0), network size: 0, avg network size: 0, si_in_serializable: 0 0 %, local: 0 %
I1126 15:38:30.133359 1012986 Coordinator.h:126] commit: 1420986 abort: 509014 (0/509014/0), network size: 0, avg network size: 0, si_in_serializable: 0 0 %, local: 0 %
I1126 15:38:31.133463 1012986 Coordinator.h:126] commit: 1433485 abort: 513515 (0/513515/0), network size: 0, avg network size: 0, si_in_serializable: 0 0 %, local: 0 %
I1126 15:38:32.133565 1012986 Coordinator.h:126] commit: 1442128 abort: 515972 (0/515972/0), network size: 0, avg network size: 0, si_in_serializable: 0 0 %, local: 0 %
I1126 15:38:33.133651 1012986 Coordinator.h:126] commit: 1439791 abort: 517108 (0/517108/0), network size: 0, avg network size: 0, si_in_serializable: 0 0 %, local: 0 %
I1126 15:38:34.133747 1012986 Coordinator.h:126] commit: 1439935 abort: 516065 (0/516065/0), network size: 0, avg network size: 0, si_in_serializable: 0 0 %, local: 0 %
I1126 15:38:35.133843 1012986 Coordinator.h:126] commit: 1443513 abort: 516487 (0/516487/0), network size: 0, avg network size: 0, si_in_serializable: 0 0 %, local: 0 %
I1126 15:38:36.133926 1012986 Coordinator.h:126] commit: 1225398 abort: 438602 (0/438602/0), network size: 0, avg network size: 0, si_in_serializable: 0 0 %, local: 0 %
I1126 15:38:37.134029 1012986 Coordinator.h:126] commit: 1443032 abort: 515968 (0/515968/0), network size: 0, avg network size: 0, si_in_serializable: 0 0 %, local: 0 %
I1126 15:38:38.134125 1012986 Coordinator.h:126] commit: 1439410 abort: 515590 (0/515590/0), network size: 0, avg network size: 0, si_in_serializable: 0 0 %, local: 0 %
I1126 15:38:39.134234 1012986 Coordinator.h:126] commit: 1438532 abort: 515468 (0/515468/0), network size: 0, avg network size: 0, si_in_serializable: 0 0 %, local: 0 %
I1126 15:38:40.134334 1012986 Coordinator.h:126] commit: 1438936 abort: 515064 (0/515064/0), network size: 0, avg network size: 0, si_in_serializable: 0 0 %, local: 0 %
I1126 15:38:41.134446 1012986 Coordinator.h:126] commit: 1439036 abort: 513964 (0/513964/0), network size: 0, avg network size: 0, si_in_serializable: 0 0 %, local: 0 %
I1126 15:38:42.134557 1012986 Coordinator.h:126] commit: 1418692 abort: 508308 (0/508308/0), network size: 0, avg network size: 0, si_in_serializable: 0 0 %, local: 0 %
I1126 15:38:43.134680 1012986 Coordinator.h:126] commit: 1438679 abort: 515321 (0/515321/0), network size: 0, avg network size: 0, si_in_serializable: 0 0 %, local: 0 %
I1126 15:38:43.134706 1012986 Coordinator.h:152] average commit: 1.41665e+06 abort: 507245 (0/507245/0), network size: 0, avg network size: 0, si_in_serializable: 0 0 %, local: 0 %
I1126 15:38:43.134976 1013014 Manager.h:227] Manager(worker id = 12) on the coordinator node exits.
I1126 15:38:43.134984 1013012 AriaExecutor.h:107] AriaExecutor 10 exits. 
I1126 15:38:43.134977 1013004 AriaExecutor.h:107] AriaExecutor 2 exits. 
I1126 15:38:43.134992 1013005 AriaExecutor.h:107] AriaExecutor 3 exits. 
I1126 15:38:43.134987 1013008 AriaExecutor.h:107] AriaExecutor 6 exits. 
I1126 15:38:43.134989 1013002 AriaExecutor.h:107] AriaExecutor 0 exits. 
I1126 15:38:43.134986 1013010 AriaExecutor.h:107] AriaExecutor 8 exits. 
I1126 15:38:43.134991 1013011 AriaExecutor.h:107] AriaExecutor 9 exits. 
I1126 15:38:43.134991 1013009 AriaExecutor.h:107] AriaExecutor 7 exits. 
I1126 15:38:43.134989 1013006 AriaExecutor.h:107] AriaExecutor 4 exits. 
I1126 15:38:43.134991 1013013 AriaExecutor.h:107] AriaExecutor 11 exits. 
I1126 15:38:43.134989 1013003 AriaExecutor.h:107] AriaExecutor 1 exits. 
I1126 15:38:43.134994 1013007 AriaExecutor.h:107] AriaExecutor 5 exits. 
I1126 15:38:43.134713 1012986 AriaExecutor.h:705] Worker 0 latency: 364 us (50%) 418 us (75%) 459 us (95%) 474 us (99%).
I1126 15:38:43.248785 1012986 AriaExecutor.h:705] Worker 1 latency: 363 us (50%) 417 us (75%) 459 us (95%) 473 us (99%).
I1126 15:38:43.375152 1012986 AriaExecutor.h:705] Worker 2 latency: 363 us (50%) 417 us (75%) 459 us (95%) 473 us (99%).
I1126 15:38:43.488394 1012986 AriaExecutor.h:705] Worker 3 latency: 364 us (50%) 417 us (75%) 458 us (95%) 473 us (99%).
I1126 15:38:43.616844 1012986 AriaExecutor.h:705] Worker 4 latency: 365 us (50%) 418 us (75%) 459 us (95%) 473 us (99%).
I1126 15:38:43.727391 1012986 AriaExecutor.h:705] Worker 5 latency: 364 us (50%) 417 us (75%) 458 us (95%) 472 us (99%).
I1126 15:38:43.852499 1012986 AriaExecutor.h:705] Worker 6 latency: 367 us (50%) 418 us (75%) 459 us (95%) 473 us (99%).
I1126 15:38:43.965530 1012986 AriaExecutor.h:705] Worker 7 latency: 366 us (50%) 418 us (75%) 458 us (95%) 472 us (99%).
I1126 15:38:44.089672 1012986 AriaExecutor.h:705] Worker 8 latency: 366 us (50%) 418 us (75%) 459 us (95%) 473 us (99%).
I1126 15:38:44.202813 1012986 AriaExecutor.h:705] Worker 9 latency: 366 us (50%) 418 us (75%) 458 us (95%) 473 us (99%).
I1126 15:38:44.327528 1012986 AriaExecutor.h:705] Worker 10 latency: 366 us (50%) 418 us (75%) 459 us (95%) 473 us (99%).
I1126 15:38:44.439384 1012986 AriaExecutor.h:705] Worker 11 latency: 367 us (50%) 418 us (75%) 459 us (95%) 473 us (99%).
I1126 15:38:44.561861 1012986 Coordinator.h:177] total commit: 1.41665e+06
I1126 15:38:45.561975 1012986 Coordinator.h:192] Coordinator exits.
