I1126 15:50:46.472059 1021241 Database.h:65] ycsb initialization finished in 30 milliseconds.
I1126 15:50:46.472152 1021241 Coordinator.h:30] Coordinator initializes 12 workers.
I1126 15:50:46.479732 1021241 Coordinator.h:77] Coordinator starts to run 13 workers.
I1126 15:50:46.479794 1021257 AriaExecutor.h:93] AriaExecutor 0 started. 
I1126 15:50:46.479833 1021258 AriaExecutor.h:93] AriaExecutor 1 started. 
I1126 15:50:46.479878 1021259 AriaExecutor.h:93] AriaExecutor 2 started. 
I1126 15:50:46.479926 1021260 AriaExecutor.h:93] AriaExecutor 3 started. 
I1126 15:50:46.480003 1021262 AriaExecutor.h:93] AriaExecutor 5 started. 
I1126 15:50:46.480042 1021263 AriaExecutor.h:93] AriaExecutor 6 started. 
I1126 15:50:46.480079 1021264 AriaExecutor.h:93] AriaExecutor 7 started. 
I1126 15:50:46.480125 1021265 AriaExecutor.h:93] AriaExecutor 8 started. 
I1126 15:50:46.480166 1021266 AriaExecutor.h:93] AriaExecutor 9 started. 
I1126 15:50:46.480196 1021267 AriaExecutor.h:93] AriaExecutor 10 started. 
I1126 15:50:46.480249 1021268 AriaExecutor.h:93] AriaExecutor 11 started. 
I1126 15:50:46.480278 1021261 AriaExecutor.h:93] AriaExecutor 4 started. 
I1126 15:50:46.480279 1021269 Manager.h:224] Manager(worker id = 12) on the coordinator node started.
I1126 15:50:47.480346 1021241 Coordinator.h:126] commit: 23647 abort: 137353 (0/137353/0), network size: 0, avg network size: 0, si_in_serializable: 0 0 %, local: 0 %
I1126 15:50:48.480465 1021241 Coordinator.h:126] commit: 23690 abort: 138142 (0/138142/0), network size: 0, avg network size: 0, si_in_serializable: 0 0 %, local: 0 %
I1126 15:50:49.480566 1021241 Coordinator.h:126] commit: 23798 abort: 139370 (0/139370/0), network size: 0, avg network size: 0, si_in_serializable: 0 0 %, local: 0 %
I1126 15:50:50.480649 1021241 Coordinator.h:126] commit: 23665 abort: 139335 (0/139335/0), network size: 0, avg network size: 0, si_in_serializable: 0 0 %, local: 0 %
I1126 15:50:51.480746 1021241 Coordinator.h:126] commit: 23980 abort: 139020 (0/139020/0), network size: 0, avg network size: 0, si_in_serializable: 0 0 %, local: 0 %
I1126 15:50:52.480823 1021241 Coordinator.h:126] commit: 23744 abort: 138256 (0/138256/0), network size: 0, avg network size: 0, si_in_serializable: 0 0 %, local: 0 %
I1126 15:50:53.480923 1021241 Coordinator.h:126] commit: 23800 abort: 140200 (0/140200/0), network size: 0, avg network size: 0, si_in_serializable: 0 0 %, local: 0 %
I1126 15:50:54.481010 1021241 Coordinator.h:126] commit: 23918 abort: 140082 (0/140082/0), network size: 0, avg network size: 0, si_in_serializable: 0 0 %, local: 0 %
I1126 15:50:55.481094 1021241 Coordinator.h:126] commit: 23811 abort: 139189 (0/139189/0), network size: 0, avg network size: 0, si_in_serializable: 0 0 %, local: 0 %
I1126 15:50:56.481192 1021241 Coordinator.h:126] commit: 23889 abort: 140111 (0/140111/0), network size: 0, avg network size: 0, si_in_serializable: 0 0 %, local: 0 %
I1126 15:50:57.481271 1021241 Coordinator.h:126] commit: 23850 abort: 140150 (0/140150/0), network size: 0, avg network size: 0, si_in_serializable: 0 0 %, local: 0 %
I1126 15:50:58.481345 1021241 Coordinator.h:126] commit: 23873 abort: 140252 (0/140252/0), network size: 0, avg network size: 0, si_in_serializable: 0 0 %, local: 0 %
I1126 15:50:59.481421 1021241 Coordinator.h:126] commit: 23520 abort: 138355 (0/138355/0), network size: 0, avg network size: 0, si_in_serializable: 0 0 %, local: 0 %
I1126 15:51:00.481506 1021241 Coordinator.h:126] commit: 24044 abort: 139956 (0/139956/0), network size: 0, avg network size: 0, si_in_serializable: 0 0 %, local: 0 %
I1126 15:51:01.481626 1021241 Coordinator.h:126] commit: 23946 abort: 140054 (0/140054/0), network size: 0, avg network size: 0, si_in_serializable: 0 0 %, local: 0 %
I1126 15:51:02.481738 1021241 Coordinator.h:126] commit: 23748 abort: 139252 (0/139252/0), network size: 0, avg network size: 0, si_in_serializable: 0 0 %, local: 0 %
I1126 15:51:03.481840 1021241 Coordinator.h:126] commit: 23695 abort: 139305 (0/139305/0), network size: 0, avg network size: 0, si_in_serializable: 0 0 %, local: 0 %
I1126 15:51:04.481920 1021241 Coordinator.h:126] commit: 23933 abort: 140067 (0/140067/0), network size: 0, avg network size: 0, si_in_serializable: 0 0 %, local: 0 %
I1126 15:51:05.482004 1021241 Coordinator.h:126] commit: 23959 abort: 140041 (0/140041/0), network size: 0, avg network size: 0, si_in_serializable: 0 0 %, local: 0 %
I1126 15:51:06.482112 1021241 Coordinator.h:126] commit: 23694 abort: 139306 (0/139306/0), network size: 0, avg network size: 0, si_in_serializable: 0 0 %, local: 0 %
I1126 15:51:07.482209 1021241 Coordinator.h:126] commit: 23742 abort: 140258 (0/140258/0), network size: 0, avg network size: 0, si_in_serializable: 0 0 %, local: 0 %
I1126 15:51:08.482287 1021241 Coordinator.h:126] commit: 24097 abort: 139903 (0/139903/0), network size: 0, avg network size: 0, si_in_serializable: 0 0 %, local: 0 %
I1126 15:51:09.482358 1021241 Coordinator.h:126] commit: 23816 abort: 140184 (0/140184/0), network size: 0, avg network size: 0, si_in_serializable: 0 0 %, local: 0 %
I1126 15:51:10.482442 1021241 Coordinator.h:126] commit: 23774 abort: 140226 (0/140226/0), network size: 0, avg network size: 0, si_in_serializable: 0 0 %, local: 0 %
I1126 15:51:11.482542 1021241 Coordinator.h:126] commit: 23647 abort: 137353 (0/137353/0), network size: 0, avg network size: 0, si_in_serializable: 0 0 %, local: 0 %
I1126 15:51:11.482558 1021241 Coordinator.h:152] average commit: 23826.2 abort: 139674 (0/139674/0), network size: 0, avg network size: 0, si_in_serializable: 0 0 %, local: 0 %
I1126 15:51:11.485263 1021269 Manager.h:227] Manager(worker id = 12) on the coordinator node exits.
I1126 15:51:11.485266 1021267 AriaExecutor.h:105] AriaExecutor 10 exits. 
I1126 15:51:11.485267 1021265 AriaExecutor.h:105] AriaExecutor 8 exits. 
I1126 15:51:11.482566 1021241 AriaExecutor.h:672] Worker 0 latency: 5793 us (50%) 5900 us (75%) 5997 us (95%) 6116 us (99%).
I1126 15:51:11.485265 1021257 AriaExecutor.h:105] AriaExecutor 0 exits. 
I1126 15:51:11.485266 1021263 AriaExecutor.h:105] AriaExecutor 6 exits. 
I1126 15:51:11.485266 1021261 AriaExecutor.h:105] AriaExecutor 4 exits. 
I1126 15:51:11.485277 1021264 AriaExecutor.h:105] AriaExecutor 7 exits. 
I1126 15:51:11.485277 1021262 AriaExecutor.h:105] AriaExecutor 5 exits. 
I1126 15:51:11.485278 1021258 AriaExecutor.h:105] AriaExecutor 1 exits. 
I1126 15:51:11.485265 1021259 AriaExecutor.h:105] AriaExecutor 2 exits. 
I1126 15:51:11.485277 1021266 AriaExecutor.h:105] AriaExecutor 9 exits. 
I1126 15:51:11.485280 1021260 AriaExecutor.h:105] AriaExecutor 3 exits. 
I1126 15:51:11.485278 1021268 AriaExecutor.h:105] AriaExecutor 11 exits. 
I1126 15:51:11.485500 1021241 AriaExecutor.h:672] Worker 1 latency: 5792 us (50%) 5899 us (75%) 5996 us (95%) 6112 us (99%).
I1126 15:51:11.488463 1021241 AriaExecutor.h:672] Worker 2 latency: 5790 us (50%) 5898 us (75%) 5995 us (95%) 6112 us (99%).
I1126 15:51:11.491130 1021241 AriaExecutor.h:672] Worker 3 latency: 5792 us (50%) 5899 us (75%) 5996 us (95%) 6116 us (99%).
I1126 15:51:11.493924 1021241 AriaExecutor.h:672] Worker 4 latency: 5791 us (50%) 5899 us (75%) 5997 us (95%) 6116 us (99%).
I1126 15:51:11.496523 1021241 AriaExecutor.h:672] Worker 5 latency: 5790 us (50%) 5898 us (75%) 5996 us (95%) 6117 us (99%).
I1126 15:51:11.499325 1021241 AriaExecutor.h:672] Worker 6 latency: 5791 us (50%) 5899 us (75%) 5996 us (95%) 6116 us (99%).
I1126 15:51:11.501861 1021241 AriaExecutor.h:672] Worker 7 latency: 5789 us (50%) 5897 us (75%) 5995 us (95%) 6116 us (99%).
I1126 15:51:11.504626 1021241 AriaExecutor.h:672] Worker 8 latency: 5787 us (50%) 5898 us (75%) 5996 us (95%) 6115 us (99%).
I1126 15:51:11.507153 1021241 AriaExecutor.h:672] Worker 9 latency: 5788 us (50%) 5897 us (75%) 5994 us (95%) 6108 us (99%).
I1126 15:51:11.509958 1021241 AriaExecutor.h:672] Worker 10 latency: 5790 us (50%) 5898 us (75%) 5996 us (95%) 6118 us (99%).
I1126 15:51:11.512498 1021241 AriaExecutor.h:672] Worker 11 latency: 5787 us (50%) 5896 us (75%) 5994 us (95%) 6115 us (99%).
I1126 15:51:11.515261 1021241 Coordinator.h:177] total commit: 23826.2
I1126 15:51:12.515362 1021241 Coordinator.h:192] Coordinator exits.
