I1126 14:00:51.120759 953312 Database.h:65] ycsb initialization finished in 30 milliseconds.
I1126 14:00:51.120872 953312 Coordinator.h:30] Coordinator initializes 12 workers.
I1126 14:00:51.127691 953312 Coordinator.h:77] Coordinator starts to run 13 workers.
I1126 14:00:51.127753 953329 AriaExecutor.h:91] AriaExecutor 0 started. 
I1126 14:00:51.127786 953330 AriaExecutor.h:91] AriaExecutor 1 started. 
I1126 14:00:51.127833 953331 AriaExecutor.h:91] AriaExecutor 2 started. 
I1126 14:00:51.127876 953332 AriaExecutor.h:91] AriaExecutor 3 started. 
I1126 14:00:51.127959 953334 AriaExecutor.h:91] AriaExecutor 5 started. 
I1126 14:00:51.128003 953335 AriaExecutor.h:91] AriaExecutor 6 started. 
I1126 14:00:51.128042 953336 AriaExecutor.h:91] AriaExecutor 7 started. 
I1126 14:00:51.128077 953337 AriaExecutor.h:91] AriaExecutor 8 started. 
I1126 14:00:51.128127 953338 AriaExecutor.h:91] AriaExecutor 9 started. 
I1126 14:00:51.128158 953339 AriaExecutor.h:91] AriaExecutor 10 started. 
I1126 14:00:51.128206 953340 AriaExecutor.h:91] AriaExecutor 11 started. 
I1126 14:00:51.128243 953333 AriaExecutor.h:91] AriaExecutor 4 started. 
I1126 14:00:51.128247 953341 Manager.h:224] Manager(worker id = 12) on the coordinator node started.
I1126 14:00:52.128316 953312 Coordinator.h:126] commit: 1746413 abort: 113587 (0/113587/0), network size: 0, avg network size: 0, si_in_serializable: 0 0 %, local: 0 %
I1126 14:00:53.128435 953312 Coordinator.h:126] commit: 1737500 abort: 112500 (0/112500/0), network size: 0, avg network size: 0, si_in_serializable: 0 0 %, local: 0 %
I1126 14:00:54.128538 953312 Coordinator.h:126] commit: 1756015 abort: 113985 (0/113985/0), network size: 0, avg network size: 0, si_in_serializable: 0 0 %, local: 0 %
I1126 14:00:55.128626 953312 Coordinator.h:126] commit: 1756294 abort: 113706 (0/113706/0), network size: 0, avg network size: 0, si_in_serializable: 0 0 %, local: 0 %
I1126 14:00:56.128726 953312 Coordinator.h:126] commit: 1765751 abort: 114249 (0/114249/0), network size: 0, avg network size: 0, si_in_serializable: 0 0 %, local: 0 %
I1126 14:00:57.128820 953312 Coordinator.h:126] commit: 1766065 abort: 113935 (0/113935/0), network size: 0, avg network size: 0, si_in_serializable: 0 0 %, local: 0 %
I1126 14:00:58.128897 953312 Coordinator.h:126] commit: 1756610 abort: 113390 (0/113390/0), network size: 0, avg network size: 0, si_in_serializable: 0 0 %, local: 0 %
I1126 14:00:59.128978 953312 Coordinator.h:126] commit: 1728037 abort: 111963 (0/111963/0), network size: 0, avg network size: 0, si_in_serializable: 0 0 %, local: 0 %
I1126 14:01:00.129086 953312 Coordinator.h:126] commit: 1756565 abort: 113435 (0/113435/0), network size: 0, avg network size: 0, si_in_serializable: 0 0 %, local: 0 %
I1126 14:01:01.129187 953312 Coordinator.h:126] commit: 1765708 abort: 114292 (0/114292/0), network size: 0, avg network size: 0, si_in_serializable: 0 0 %, local: 0 %
I1126 14:01:02.129284 953312 Coordinator.h:126] commit: 1765743 abort: 114257 (0/114257/0), network size: 0, avg network size: 0, si_in_serializable: 0 0 %, local: 0 %
I1126 14:01:03.129374 953312 Coordinator.h:126] commit: 1765938 abort: 114062 (0/114062/0), network size: 0, avg network size: 0, si_in_serializable: 0 0 %, local: 0 %
I1126 14:01:04.129488 953312 Coordinator.h:126] commit: 1765659 abort: 114341 (0/114341/0), network size: 0, avg network size: 0, si_in_serializable: 0 0 %, local: 0 %
I1126 14:01:05.129599 953312 Coordinator.h:126] commit: 1775245 abort: 114755 (0/114755/0), network size: 0, avg network size: 0, si_in_serializable: 0 0 %, local: 0 %
I1126 14:01:06.129702 953312 Coordinator.h:126] commit: 1672268 abort: 107732 (0/107732/0), network size: 0, avg network size: 0, si_in_serializable: 0 0 %, local: 0 %
I1126 14:01:07.129783 953312 Coordinator.h:126] commit: 1765620 abort: 114380 (0/114380/0), network size: 0, avg network size: 0, si_in_serializable: 0 0 %, local: 0 %
I1126 14:01:08.129878 953312 Coordinator.h:126] commit: 1746781 abort: 113219 (0/113219/0), network size: 0, avg network size: 0, si_in_serializable: 0 0 %, local: 0 %
I1126 14:01:09.129962 953312 Coordinator.h:126] commit: 1773630 abort: 114910 (0/114910/0), network size: 0, avg network size: 0, si_in_serializable: 0 0 %, local: 0 %
I1126 14:01:10.130048 953312 Coordinator.h:126] commit: 1767889 abort: 113571 (0/113571/0), network size: 0, avg network size: 0, si_in_serializable: 0 0 %, local: 0 %
I1126 14:01:11.130148 953312 Coordinator.h:126] commit: 1766079 abort: 113921 (0/113921/0), network size: 0, avg network size: 0, si_in_serializable: 0 0 %, local: 0 %
I1126 14:01:12.130242 953312 Coordinator.h:126] commit: 1766041 abort: 113959 (0/113959/0), network size: 0, avg network size: 0, si_in_serializable: 0 0 %, local: 0 %
I1126 14:01:13.130323 953312 Coordinator.h:126] commit: 1765885 abort: 114115 (0/114115/0), network size: 0, avg network size: 0, si_in_serializable: 0 0 %, local: 0 %
I1126 14:01:14.130400 953312 Coordinator.h:126] commit: 1775543 abort: 114457 (0/114457/0), network size: 0, avg network size: 0, si_in_serializable: 0 0 %, local: 0 %
I1126 14:01:15.130483 953312 Coordinator.h:126] commit: 1765518 abort: 114482 (0/114482/0), network size: 0, avg network size: 0, si_in_serializable: 0 0 %, local: 0 %
I1126 14:01:16.130590 953312 Coordinator.h:126] commit: 1765981 abort: 114019 (0/114019/0), network size: 0, avg network size: 0, si_in_serializable: 0 0 %, local: 0 %
I1126 14:01:16.130625 953312 Coordinator.h:152] average commit: 1.75649e+06 abort: 113515 (0/113515/0), network size: 0, avg network size: 0, si_in_serializable: 0 0 %, local: 0 %
I1126 14:01:16.131628 953341 Manager.h:227] Manager(worker id = 12) on the coordinator node exits.
I1126 14:01:16.131631 953331 AriaExecutor.h:103] AriaExecutor 2 exits. 
I1126 14:01:16.131641 953329 AriaExecutor.h:103] AriaExecutor 0 exits. 
I1126 14:01:16.131644 953338 AriaExecutor.h:103] AriaExecutor 9 exits. 
I1126 14:01:16.131640 953334 AriaExecutor.h:103] AriaExecutor 5 exits. 
I1126 14:01:16.131639 953332 AriaExecutor.h:103] AriaExecutor 3 exits. 
I1126 14:01:16.131641 953330 AriaExecutor.h:103] AriaExecutor 1 exits. 
I1126 14:01:16.131630 953335 AriaExecutor.h:103] AriaExecutor 6 exits. 
I1126 14:01:16.131632 953337 AriaExecutor.h:103] AriaExecutor 8 exits. 
I1126 14:01:16.131633 953333 AriaExecutor.h:103] AriaExecutor 4 exits. 
I1126 14:01:16.131631 953339 AriaExecutor.h:103] AriaExecutor 10 exits. 
I1126 14:01:16.131640 953340 AriaExecutor.h:103] AriaExecutor 11 exits. 
I1126 14:01:16.131644 953336 AriaExecutor.h:103] AriaExecutor 7 exits. 
I1126 14:01:16.130635 953312 AriaExecutor.h:649] Worker 0 latency: 3678 us (50%) 4196 us (75%) 4610 us (95%) 4716 us (99%).
I1126 14:01:16.266144 953312 AriaExecutor.h:649] Worker 1 latency: 3684 us (50%) 4199 us (75%) 4611 us (95%) 4715 us (99%).
I1126 14:01:16.403033 953312 AriaExecutor.h:649] Worker 2 latency: 3697 us (50%) 4204 us (75%) 4608 us (95%) 4712 us (99%).
I1126 14:01:16.536820 953312 AriaExecutor.h:649] Worker 3 latency: 3686 us (50%) 4202 us (75%) 4611 us (95%) 4716 us (99%).
I1126 14:01:16.671571 953312 AriaExecutor.h:649] Worker 4 latency: 3686 us (50%) 4198 us (75%) 4608 us (95%) 4712 us (99%).
I1126 14:01:16.805264 953312 AriaExecutor.h:649] Worker 5 latency: 3691 us (50%) 4203 us (75%) 4611 us (95%) 4716 us (99%).
I1126 14:01:16.939671 953312 AriaExecutor.h:649] Worker 6 latency: 3692 us (50%) 4202 us (75%) 4608 us (95%) 4713 us (99%).
I1126 14:01:17.074177 953312 AriaExecutor.h:649] Worker 7 latency: 3686 us (50%) 4199 us (75%) 4610 us (95%) 4715 us (99%).
I1126 14:01:17.210640 953312 AriaExecutor.h:649] Worker 8 latency: 3681 us (50%) 4197 us (75%) 4609 us (95%) 4715 us (99%).
I1126 14:01:17.344161 953312 AriaExecutor.h:649] Worker 9 latency: 3694 us (50%) 4205 us (75%) 4612 us (95%) 4715 us (99%).
I1126 14:01:17.479794 953312 AriaExecutor.h:649] Worker 10 latency: 3692 us (50%) 4202 us (75%) 4610 us (95%) 4715 us (99%).
I1126 14:01:17.614149 953312 AriaExecutor.h:649] Worker 11 latency: 3692 us (50%) 4206 us (75%) 4614 us (95%) 4717 us (99%).
I1126 14:01:17.749938 953312 Coordinator.h:177] total commit: 1.75649e+06
I1126 14:01:18.750051 953312 Coordinator.h:192] Coordinator exits.
