I1126 15:05:02.017629 991148 Database.h:65] ycsb initialization finished in 30 milliseconds.
I1126 15:05:02.017727 991148 Coordinator.h:30] Coordinator initializes 12 workers.
I1126 15:05:02.024633 991148 Coordinator.h:77] Coordinator starts to run 13 workers.
I1126 15:05:02.024713 991164 AriaExecutor.h:91] AriaExecutor 0 started. 
I1126 15:05:02.024735 991165 AriaExecutor.h:91] AriaExecutor 1 started. 
I1126 15:05:02.024789 991166 AriaExecutor.h:91] AriaExecutor 2 started. 
I1126 15:05:02.024832 991167 AriaExecutor.h:91] AriaExecutor 3 started. 
I1126 15:05:02.024868 991168 AriaExecutor.h:91] AriaExecutor 4 started. 
I1126 15:05:02.024915 991169 AriaExecutor.h:91] AriaExecutor 5 started. 
I1126 15:05:02.024955 991170 AriaExecutor.h:91] AriaExecutor 6 started. 
I1126 15:05:02.024998 991171 AriaExecutor.h:91] AriaExecutor 7 started. 
I1126 15:05:02.025033 991172 AriaExecutor.h:91] AriaExecutor 8 started. 
I1126 15:05:02.025071 991173 AriaExecutor.h:91] AriaExecutor 9 started. 
I1126 15:05:02.025101 991174 AriaExecutor.h:91] AriaExecutor 10 started. 
I1126 15:05:02.025141 991175 AriaExecutor.h:91] AriaExecutor 11 started. 
I1126 15:05:02.025173 991176 Manager.h:224] Manager(worker id = 12) on the coordinator node started.
I1126 15:05:03.025234 991148 Coordinator.h:126] commit: 856621 abort: 1383379 (0/1383379/0), network size: 0, avg network size: 0, si_in_serializable: 0 0 %, local: 0 %
I1126 15:05:04.025360 991148 Coordinator.h:126] commit: 844603 abort: 1365397 (0/1365397/0), network size: 0, avg network size: 0, si_in_serializable: 0 0 %, local: 0 %
I1126 15:05:05.025485 991148 Coordinator.h:126] commit: 864757 abort: 1395243 (0/1395243/0), network size: 0, avg network size: 0, si_in_serializable: 0 0 %, local: 0 %
I1126 15:05:06.025599 991148 Coordinator.h:126] commit: 859977 abort: 1390023 (0/1390023/0), network size: 0, avg network size: 0, si_in_serializable: 0 0 %, local: 0 %
I1126 15:05:07.025709 991148 Coordinator.h:126] commit: 868796 abort: 1401204 (0/1401204/0), network size: 0, avg network size: 0, si_in_serializable: 0 0 %, local: 0 %
I1126 15:05:08.025817 991148 Coordinator.h:126] commit: 860448 abort: 1389552 (0/1389552/0), network size: 0, avg network size: 0, si_in_serializable: 0 0 %, local: 0 %
I1126 15:05:09.025947 991148 Coordinator.h:126] commit: 859941 abort: 1390059 (0/1390059/0), network size: 0, avg network size: 0, si_in_serializable: 0 0 %, local: 0 %
I1126 15:05:10.026057 991148 Coordinator.h:126] commit: 847428 abort: 1372572 (0/1372572/0), network size: 0, avg network size: 0, si_in_serializable: 0 0 %, local: 0 %
I1126 15:05:11.026165 991148 Coordinator.h:126] commit: 865139 abort: 1394861 (0/1394861/0), network size: 0, avg network size: 0, si_in_serializable: 0 0 %, local: 0 %
I1126 15:05:12.026274 991148 Coordinator.h:126] commit: 867362 abort: 1402638 (0/1402638/0), network size: 0, avg network size: 0, si_in_serializable: 0 0 %, local: 0 %
I1126 15:05:13.026383 991148 Coordinator.h:126] commit: 866798 abort: 1403202 (0/1403202/0), network size: 0, avg network size: 0, si_in_serializable: 0 0 %, local: 0 %
I1126 15:05:14.026486 991148 Coordinator.h:126] commit: 864540 abort: 1395460 (0/1395460/0), network size: 0, avg network size: 0, si_in_serializable: 0 0 %, local: 0 %
I1126 15:05:15.026583 991148 Coordinator.h:126] commit: 860087 abort: 1389913 (0/1389913/0), network size: 0, avg network size: 0, si_in_serializable: 0 0 %, local: 0 %
I1126 15:05:16.026670 991148 Coordinator.h:126] commit: 867166 abort: 1402834 (0/1402834/0), network size: 0, avg network size: 0, si_in_serializable: 0 0 %, local: 0 %
I1126 15:05:17.026786 991148 Coordinator.h:126] commit: 809712 abort: 1310288 (0/1310288/0), network size: 0, avg network size: 0, si_in_serializable: 0 0 %, local: 0 %
I1126 15:05:18.026898 991148 Coordinator.h:126] commit: 867232 abort: 1402768 (0/1402768/0), network size: 0, avg network size: 0, si_in_serializable: 0 0 %, local: 0 %
I1126 15:05:19.027001 991148 Coordinator.h:126] commit: 863690 abort: 1396310 (0/1396310/0), network size: 0, avg network size: 0, si_in_serializable: 0 0 %, local: 0 %
I1126 15:05:20.027107 991148 Coordinator.h:126] commit: 867740 abort: 1402260 (0/1402260/0), network size: 0, avg network size: 0, si_in_serializable: 0 0 %, local: 0 %
I1126 15:05:21.027210 991148 Coordinator.h:126] commit: 867588 abort: 1402412 (0/1402412/0), network size: 0, avg network size: 0, si_in_serializable: 0 0 %, local: 0 %
I1126 15:05:22.027313 991148 Coordinator.h:126] commit: 868288 abort: 1401712 (0/1401712/0), network size: 0, avg network size: 0, si_in_serializable: 0 0 %, local: 0 %
I1126 15:05:23.027417 991148 Coordinator.h:126] commit: 863518 abort: 1396482 (0/1396482/0), network size: 0, avg network size: 0, si_in_serializable: 0 0 %, local: 0 %
I1126 15:05:24.027523 991148 Coordinator.h:126] commit: 868163 abort: 1401837 (0/1401837/0), network size: 0, avg network size: 0, si_in_serializable: 0 0 %, local: 0 %
I1126 15:05:25.027626 991148 Coordinator.h:126] commit: 864221 abort: 1395779 (0/1395779/0), network size: 0, avg network size: 0, si_in_serializable: 0 0 %, local: 0 %
I1126 15:05:26.027732 991148 Coordinator.h:126] commit: 867860 abort: 1402140 (0/1402140/0), network size: 0, avg network size: 0, si_in_serializable: 0 0 %, local: 0 %
I1126 15:05:27.027838 991148 Coordinator.h:126] commit: 868900 abort: 1401100 (0/1401100/0), network size: 0, avg network size: 0, si_in_serializable: 0 0 %, local: 0 %
I1126 15:05:27.027863 991148 Coordinator.h:152] average commit: 860284 abort: 1.39072e+06 (0/1.39072e+06/0), network size: 0, avg network size: 0, si_in_serializable: 0 0 %, local: 0 %
I1126 15:05:27.031571 991174 AriaExecutor.h:103] AriaExecutor 10 exits. 
I1126 15:05:27.031576 991164 AriaExecutor.h:103] AriaExecutor 0 exits. 
I1126 15:05:27.031580 991172 AriaExecutor.h:103] AriaExecutor 8 exits. 
I1126 15:05:27.031575 991166 AriaExecutor.h:103] AriaExecutor 2 exits. 
I1126 15:05:27.031590 991165 AriaExecutor.h:103] AriaExecutor 1 exits. 
I1126 15:05:27.031579 991176 Manager.h:227] Manager(worker id = 12) on the coordinator node exits.
I1126 15:05:27.031589 991169 AriaExecutor.h:103] AriaExecutor 5 exits. 
I1126 15:05:27.031589 991167 AriaExecutor.h:103] AriaExecutor 3 exits. 
I1126 15:05:27.031577 991168 AriaExecutor.h:103] AriaExecutor 4 exits. 
I1126 15:05:27.031589 991171 AriaExecutor.h:103] AriaExecutor 7 exits. 
I1126 15:05:27.031589 991175 AriaExecutor.h:103] AriaExecutor 11 exits. 
I1126 15:05:27.031589 991173 AriaExecutor.h:103] AriaExecutor 9 exits. 
I1126 15:05:27.031577 991170 AriaExecutor.h:103] AriaExecutor 6 exits. 
I1126 15:05:27.027873 991148 AriaExecutor.h:649] Worker 0 latency: 3236 us (50%) 3750 us (75%) 4093 us (95%) 4171 us (99%).
I1126 15:05:27.103999 991148 AriaExecutor.h:649] Worker 1 latency: 3249 us (50%) 3756 us (75%) 4093 us (95%) 4170 us (99%).
I1126 15:05:27.186754 991148 AriaExecutor.h:649] Worker 2 latency: 3249 us (50%) 3755 us (75%) 4094 us (95%) 4171 us (99%).
I1126 15:05:27.263825 991148 AriaExecutor.h:649] Worker 3 latency: 3251 us (50%) 3757 us (75%) 4094 us (95%) 4170 us (99%).
I1126 15:05:27.346552 991148 AriaExecutor.h:649] Worker 4 latency: 3240 us (50%) 3750 us (75%) 4092 us (95%) 4170 us (99%).
I1126 15:05:27.423424 991148 AriaExecutor.h:649] Worker 5 latency: 3252 us (50%) 3756 us (75%) 4092 us (95%) 4170 us (99%).
I1126 15:05:27.505895 991148 AriaExecutor.h:649] Worker 6 latency: 3249 us (50%) 3755 us (75%) 4093 us (95%) 4171 us (99%).
I1126 15:05:27.581741 991148 AriaExecutor.h:649] Worker 7 latency: 3250 us (50%) 3756 us (75%) 4093 us (95%) 4170 us (99%).
I1126 15:05:27.665903 991148 AriaExecutor.h:649] Worker 8 latency: 3239 us (50%) 3749 us (75%) 4092 us (95%) 4170 us (99%).
I1126 15:05:27.742553 991148 AriaExecutor.h:649] Worker 9 latency: 3251 us (50%) 3755 us (75%) 4092 us (95%) 4170 us (99%).
I1126 15:05:27.825186 991148 AriaExecutor.h:649] Worker 10 latency: 3245 us (50%) 3752 us (75%) 4092 us (95%) 4170 us (99%).
I1126 15:05:27.900966 991148 AriaExecutor.h:649] Worker 11 latency: 3252 us (50%) 3758 us (75%) 4093 us (95%) 4170 us (99%).
I1126 15:05:27.984306 991148 Coordinator.h:177] total commit: 860284
I1126 15:05:28.984412 991148 Coordinator.h:192] Coordinator exits.
