I1126 17:55:04.061326 1061648 Database.h:65] ycsb initialization finished in 30 milliseconds.
I1126 17:55:04.061424 1061648 Coordinator.h:30] Coordinator initializes 12 workers.
I1126 17:55:04.062290 1061648 Coordinator.h:77] Coordinator starts to run 13 workers.
I1126 17:55:04.062348 1061664 AriaExecutor.h:91] AriaExecutor 0 started. 
I1126 17:55:04.062391 1061665 AriaExecutor.h:91] AriaExecutor 1 started. 
I1126 17:55:04.062433 1061666 AriaExecutor.h:91] AriaExecutor 2 started. 
I1126 17:55:04.062487 1061667 AriaExecutor.h:91] AriaExecutor 3 started. 
I1126 17:55:04.062538 1061668 AriaExecutor.h:91] AriaExecutor 4 started. 
I1126 17:55:04.062573 1061669 AriaExecutor.h:91] AriaExecutor 5 started. 
I1126 17:55:04.062606 1061670 AriaExecutor.h:91] AriaExecutor 6 started. 
I1126 17:55:04.062657 1061671 AriaExecutor.h:91] AriaExecutor 7 started. 
I1126 17:55:04.062716 1061672 AriaExecutor.h:91] AriaExecutor 8 started. 
I1126 17:55:04.062772 1061673 AriaExecutor.h:91] AriaExecutor 9 started. 
I1126 17:55:04.062825 1061674 AriaExecutor.h:91] AriaExecutor 10 started. 
I1126 17:55:04.062887 1061675 AriaExecutor.h:91] AriaExecutor 11 started. 
I1126 17:55:04.062937 1061676 Manager.h:224] Manager(worker id = 12) on the coordinator node started.
I1126 17:55:05.062999 1061648 Coordinator.h:126] commit: 2060236 abort: 9764 (0/9764/0), network size: 0, avg network size: 0, si_in_serializable: 0 0 %, local: 0 %
I1126 17:55:06.063115 1061648 Coordinator.h:126] commit: 2037407 abort: 9593 (0/9593/0), network size: 0, avg network size: 0, si_in_serializable: 0 0 %, local: 0 %
I1126 17:55:07.063241 1061648 Coordinator.h:126] commit: 2085051 abort: 9949 (0/9949/0), network size: 0, avg network size: 0, si_in_serializable: 0 0 %, local: 0 %
I1126 17:55:08.063344 1061648 Coordinator.h:126] commit: 2068987 abort: 10013 (0/10013/0), network size: 0, avg network size: 0, si_in_serializable: 0 0 %, local: 0 %
I1126 17:55:09.063441 1061648 Coordinator.h:126] commit: 2090001 abort: 9999 (0/9999/0), network size: 0, avg network size: 0, si_in_serializable: 0 0 %, local: 0 %
I1126 17:55:10.063542 1061648 Coordinator.h:126] commit: 2093957 abort: 10043 (0/10043/0), network size: 0, avg network size: 0, si_in_serializable: 0 0 %, local: 0 %
I1126 17:55:11.063638 1061648 Coordinator.h:126] commit: 1997561 abort: 9439 (0/9439/0), network size: 0, avg network size: 0, si_in_serializable: 0 0 %, local: 0 %
I1126 17:55:12.063757 1061648 Coordinator.h:126] commit: 2059217 abort: 9783 (0/9783/0), network size: 0, avg network size: 0, si_in_serializable: 0 0 %, local: 0 %
I1126 17:55:13.063859 1061648 Coordinator.h:126] commit: 2084994 abort: 10006 (0/10006/0), network size: 0, avg network size: 0, si_in_serializable: 0 0 %, local: 0 %
I1126 17:55:14.063951 1061648 Coordinator.h:126] commit: 2084081 abort: 9919 (0/9919/0), network size: 0, avg network size: 0, si_in_serializable: 0 0 %, local: 0 %
I1126 17:55:15.064047 1061648 Coordinator.h:126] commit: 2084062 abort: 9938 (0/9938/0), network size: 0, avg network size: 0, si_in_serializable: 0 0 %, local: 0 %
I1126 17:55:16.064141 1061648 Coordinator.h:126] commit: 2076251 abort: 9749 (0/9749/0), network size: 0, avg network size: 0, si_in_serializable: 0 0 %, local: 0 %
I1126 17:55:17.064235 1061648 Coordinator.h:126] commit: 1853295 abort: 8705 (0/8705/0), network size: 0, avg network size: 0, si_in_serializable: 0 0 %, local: 0 %
I1126 17:55:18.064332 1061648 Coordinator.h:126] commit: 2079191 abort: 9809 (0/9809/0), network size: 0, avg network size: 0, si_in_serializable: 0 0 %, local: 0 %
I1126 17:55:19.064461 1061648 Coordinator.h:126] commit: 2053486 abort: 9743 (0/9743/0), network size: 0, avg network size: 0, si_in_serializable: 0 0 %, local: 0 %
I1126 17:55:20.064568 1061648 Coordinator.h:126] commit: 2068861 abort: 9910 (0/9910/0), network size: 0, avg network size: 0, si_in_serializable: 0 0 %, local: 0 %
I1126 17:55:21.064663 1061648 Coordinator.h:126] commit: 2073130 abort: 9870 (0/9870/0), network size: 0, avg network size: 0, si_in_serializable: 0 0 %, local: 0 %
I1126 17:55:22.064761 1061648 Coordinator.h:126] commit: 2068207 abort: 9793 (0/9793/0), network size: 0, avg network size: 0, si_in_serializable: 0 0 %, local: 0 %
I1126 17:55:23.064857 1061648 Coordinator.h:126] commit: 2072021 abort: 9979 (0/9979/0), network size: 0, avg network size: 0, si_in_serializable: 0 0 %, local: 0 %
I1126 17:55:24.064951 1061648 Coordinator.h:126] commit: 2065178 abort: 9822 (0/9822/0), network size: 0, avg network size: 0, si_in_serializable: 0 0 %, local: 0 %
I1126 17:55:25.065050 1061648 Coordinator.h:126] commit: 2069293 abort: 9707 (0/9707/0), network size: 0, avg network size: 0, si_in_serializable: 0 0 %, local: 0 %
I1126 17:55:26.065150 1061648 Coordinator.h:126] commit: 2064146 abort: 9854 (0/9854/0), network size: 0, avg network size: 0, si_in_serializable: 0 0 %, local: 0 %
I1126 17:55:27.065243 1061648 Coordinator.h:126] commit: 2075208 abort: 9792 (0/9792/0), network size: 0, avg network size: 0, si_in_serializable: 0 0 %, local: 0 %
I1126 17:55:28.065335 1061648 Coordinator.h:126] commit: 2068137 abort: 9863 (0/9863/0), network size: 0, avg network size: 0, si_in_serializable: 0 0 %, local: 0 %
I1126 17:55:29.065429 1061648 Coordinator.h:126] commit: 1601483 abort: 7517 (0/7517/0), network size: 0, avg network size: 0, si_in_serializable: 0 0 %, local: 0 %
I1126 17:55:29.065454 1061648 Coordinator.h:152] average commit: 2.04937e+06 abort: 9731.8 (0/9731.8/0), network size: 0, avg network size: 0, si_in_serializable: 0 0 %, local: 0 %
I1126 17:55:29.065644 1061666 AriaExecutor.h:103] AriaExecutor 2 exits. 
I1126 17:55:29.065650 1061674 AriaExecutor.h:103] AriaExecutor 10 exits. 
I1126 17:55:29.065647 1061670 AriaExecutor.h:103] AriaExecutor 6 exits. 
I1126 17:55:29.065649 1061676 Manager.h:227] Manager(worker id = 12) on the coordinator node exits.
I1126 17:55:29.065650 1061664 AriaExecutor.h:103] AriaExecutor 0 exits. 
I1126 17:55:29.065657 1061673 AriaExecutor.h:103] AriaExecutor 9 exits. 
I1126 17:55:29.065646 1061668 AriaExecutor.h:103] AriaExecutor 4 exits. 
I1126 17:55:29.065656 1061665 AriaExecutor.h:103] AriaExecutor 1 exits. 
I1126 17:55:29.065661 1061667 AriaExecutor.h:103] AriaExecutor 3 exits. 
I1126 17:55:29.065656 1061669 AriaExecutor.h:103] AriaExecutor 5 exits. 
I1126 17:55:29.065654 1061672 AriaExecutor.h:103] AriaExecutor 8 exits. 
I1126 17:55:29.065675 1061675 AriaExecutor.h:103] AriaExecutor 11 exits. 
I1126 17:55:29.065656 1061671 AriaExecutor.h:103] AriaExecutor 7 exits. 
I1126 17:55:29.065467 1061648 AriaExecutor.h:621] Worker 0 latency: 316 us (50%) 370 us (75%) 416 us (95%) 431 us (99%).
I1126 17:55:29.217976 1061648 AriaExecutor.h:621] Worker 1 latency: 315 us (50%) 369 us (75%) 415 us (95%) 430 us (99%).
I1126 17:55:29.373322 1061648 AriaExecutor.h:621] Worker 2 latency: 318 us (50%) 370 us (75%) 416 us (95%) 431 us (99%).
I1126 17:55:29.529117 1061648 AriaExecutor.h:621] Worker 3 latency: 317 us (50%) 369 us (75%) 415 us (95%) 430 us (99%).
I1126 17:55:29.688063 1061648 AriaExecutor.h:621] Worker 4 latency: 320 us (50%) 371 us (75%) 416 us (95%) 431 us (99%).
I1126 17:55:29.838958 1061648 AriaExecutor.h:621] Worker 5 latency: 316 us (50%) 368 us (75%) 414 us (95%) 429 us (99%).
I1126 17:55:29.990613 1061648 AriaExecutor.h:621] Worker 6 latency: 323 us (50%) 373 us (75%) 416 us (95%) 431 us (99%).
I1126 17:55:30.145553 1061648 AriaExecutor.h:621] Worker 7 latency: 318 us (50%) 369 us (75%) 414 us (95%) 429 us (99%).
I1126 17:55:30.300484 1061648 AriaExecutor.h:621] Worker 8 latency: 322 us (50%) 372 us (75%) 416 us (95%) 431 us (99%).
I1126 17:55:30.451391 1061648 AriaExecutor.h:621] Worker 9 latency: 320 us (50%) 370 us (75%) 415 us (95%) 430 us (99%).
I1126 17:55:30.605655 1061648 AriaExecutor.h:621] Worker 10 latency: 322 us (50%) 372 us (75%) 416 us (95%) 431 us (99%).
I1126 17:55:30.756600 1061648 AriaExecutor.h:621] Worker 11 latency: 319 us (50%) 370 us (75%) 415 us (95%) 430 us (99%).
I1126 17:55:30.910000 1061648 Coordinator.h:177] total commit: 2.04937e+06
I1126 17:55:31.910113 1061648 Coordinator.h:192] Coordinator exits.
