I0911 22:56:28.328370 2940776 Database.h:65] ycsb initialization finished in 147 milliseconds.
I0911 22:56:28.328485 2940776 Coordinator.h:30] Coordinator initializes 16 workers.
I0911 22:56:28.450416 2940776 Coordinator.h:77] Coordinator starts to run 17 workers.
I0911 22:56:28.450475 2940796 AriaExecutor.h:82] AriaExecutor 0 started. 
I0911 22:56:28.450512 2940797 AriaExecutor.h:82] AriaExecutor 1 started. 
I0911 22:56:28.450562 2940798 AriaExecutor.h:82] AriaExecutor 2 started. 
I0911 22:56:28.450601 2940799 AriaExecutor.h:82] AriaExecutor 3 started. 
I0911 22:56:28.450635 2940800 AriaExecutor.h:82] AriaExecutor 4 started. 
I0911 22:56:28.450673 2940801 AriaExecutor.h:82] AriaExecutor 5 started. 
I0911 22:56:28.450716 2940802 AriaExecutor.h:82] AriaExecutor 6 started. 
I0911 22:56:28.450762 2940803 AriaExecutor.h:82] AriaExecutor 7 started. 
I0911 22:56:28.450795 2940804 AriaExecutor.h:82] AriaExecutor 8 started. 
I0911 22:56:28.450837 2940805 AriaExecutor.h:82] AriaExecutor 9 started. 
I0911 22:56:28.450871 2940806 AriaExecutor.h:82] AriaExecutor 10 started. 
I0911 22:56:28.450917 2940807 AriaExecutor.h:82] AriaExecutor 11 started. 
I0911 22:56:28.450966 2940808 AriaExecutor.h:82] AriaExecutor 12 started. 
I0911 22:56:28.451006 2940809 AriaExecutor.h:82] AriaExecutor 13 started. 
I0911 22:56:28.451040 2940810 AriaExecutor.h:82] AriaExecutor 14 started. 
I0911 22:56:28.451082 2940811 AriaExecutor.h:82] AriaExecutor 15 started. 
I0911 22:56:28.451117 2940812 Manager.h:224] Manager(worker id = 16) on the coordinator node started.
I0911 22:56:29.451180 2940776 Coordinator.h:126] commit: 181 abort: 143819 (0/143819/0), network size: 0, avg network size: 0, si_in_serializable: 0 0 %, local: 0 %
I0911 22:56:30.451308 2940776 Coordinator.h:126] commit: 205 abort: 159795 (0/159795/0), network size: 0, avg network size: 0, si_in_serializable: 0 0 %, local: 0 %
I0911 22:56:31.451401 2940776 Coordinator.h:126] commit: 226 abort: 175774 (0/175774/0), network size: 0, avg network size: 0, si_in_serializable: 0 0 %, local: 0 %
I0911 22:56:32.451503 2940776 Coordinator.h:126] commit: 191 abort: 159809 (0/159809/0), network size: 0, avg network size: 0, si_in_serializable: 0 0 %, local: 0 %
I0911 22:56:33.451606 2940776 Coordinator.h:126] commit: 204 abort: 159796 (0/159796/0), network size: 0, avg network size: 0, si_in_serializable: 0 0 %, local: 0 %
I0911 22:56:34.451715 2940776 Coordinator.h:126] commit: 225 abort: 175775 (0/175775/0), network size: 0, avg network size: 0, si_in_serializable: 0 0 %, local: 0 %
I0911 22:56:35.451809 2940776 Coordinator.h:126] commit: 238 abort: 175762 (0/175762/0), network size: 0, avg network size: 0, si_in_serializable: 0 0 %, local: 0 %
I0911 22:56:36.451894 2940776 Coordinator.h:126] commit: 215 abort: 175785 (0/175785/0), network size: 0, avg network size: 0, si_in_serializable: 0 0 %, local: 0 %
I0911 22:56:37.451979 2940776 Coordinator.h:126] commit: 219 abort: 159781 (0/159781/0), network size: 0, avg network size: 0, si_in_serializable: 0 0 %, local: 0 %
I0911 22:56:38.452065 2940776 Coordinator.h:126] commit: 214 abort: 175786 (0/175786/0), network size: 0, avg network size: 0, si_in_serializable: 0 0 %, local: 0 %
I0911 22:56:39.452149 2940776 Coordinator.h:126] commit: 224 abort: 175776 (0/175776/0), network size: 0, avg network size: 0, si_in_serializable: 0 0 %, local: 0 %
I0911 22:56:40.452262 2940776 Coordinator.h:126] commit: 217 abort: 175783 (0/175783/0), network size: 0, avg network size: 0, si_in_serializable: 0 0 %, local: 0 %
I0911 22:56:41.452350 2940776 Coordinator.h:126] commit: 226 abort: 175774 (0/175774/0), network size: 0, avg network size: 0, si_in_serializable: 0 0 %, local: 0 %
I0911 22:56:42.452469 2940776 Coordinator.h:126] commit: 228 abort: 175772 (0/175772/0), network size: 0, avg network size: 0, si_in_serializable: 0 0 %, local: 0 %
I0911 22:56:43.452564 2940776 Coordinator.h:126] commit: 226 abort: 175774 (0/175774/0), network size: 0, avg network size: 0, si_in_serializable: 0 0 %, local: 0 %
I0911 22:56:44.452656 2940776 Coordinator.h:126] commit: 233 abort: 175767 (0/175767/0), network size: 0, avg network size: 0, si_in_serializable: 0 0 %, local: 0 %
I0911 22:56:45.452749 2940776 Coordinator.h:126] commit: 233 abort: 175767 (0/175767/0), network size: 0, avg network size: 0, si_in_serializable: 0 0 %, local: 0 %
I0911 22:56:46.452839 2940776 Coordinator.h:126] commit: 225 abort: 175775 (0/175775/0), network size: 0, avg network size: 0, si_in_serializable: 0 0 %, local: 0 %
I0911 22:56:47.452939 2940776 Coordinator.h:126] commit: 218 abort: 175782 (0/175782/0), network size: 0, avg network size: 0, si_in_serializable: 0 0 %, local: 0 %
I0911 22:56:48.453023 2940776 Coordinator.h:126] commit: 221 abort: 175779 (0/175779/0), network size: 0, avg network size: 0, si_in_serializable: 0 0 %, local: 0 %
I0911 22:56:49.453105 2940776 Coordinator.h:126] commit: 202 abort: 159798 (0/159798/0), network size: 0, avg network size: 0, si_in_serializable: 0 0 %, local: 0 %
I0911 22:56:50.453194 2940776 Coordinator.h:126] commit: 237 abort: 175763 (0/175763/0), network size: 0, avg network size: 0, si_in_serializable: 0 0 %, local: 0 %
I0911 22:56:51.453274 2940776 Coordinator.h:126] commit: 226 abort: 175774 (0/175774/0), network size: 0, avg network size: 0, si_in_serializable: 0 0 %, local: 0 %
I0911 22:56:52.453377 2940776 Coordinator.h:126] commit: 228 abort: 175772 (0/175772/0), network size: 0, avg network size: 0, si_in_serializable: 0 0 %, local: 0 %
I0911 22:56:53.453464 2940776 Coordinator.h:126] commit: 236 abort: 175764 (0/175764/0), network size: 0, avg network size: 0, si_in_serializable: 0 0 %, local: 0 %
I0911 22:56:53.453478 2940776 Coordinator.h:152] average commit: 225.1 abort: 175775 (0/175775/0), network size: 0, avg network size: 0, si_in_serializable: 0 0 %, local: 0 %
I0911 22:56:53.453490 2940776 AriaExecutor.h:535] Worker 0 latency: 90915 us (50%) 92826 us (75%) 102163 us (95%) 115151 us (99%).
I0911 22:56:53.470765 2940812 Manager.h:227] Manager(worker id = 16) on the coordinator node exits.
I0911 22:56:53.470775 2940800 AriaExecutor.h:94] AriaExecutor 4 exits. 
I0911 22:56:53.470772 2940804 AriaExecutor.h:94] AriaExecutor 8 exits. 
I0911 22:56:53.470772 2940798 AriaExecutor.h:94] AriaExecutor 2 exits. 
I0911 22:56:53.470788 2940809 AriaExecutor.h:94] AriaExecutor 13 exits. 
I0911 22:56:53.470770 2940810 AriaExecutor.h:94] AriaExecutor 14 exits. 
I0911 22:56:53.470788 2940811 AriaExecutor.h:94] AriaExecutor 15 exits. 
I0911 22:56:53.470788 2940807 AriaExecutor.h:94] AriaExecutor 11 exits. 
I0911 22:56:53.470773 2940796 AriaExecutor.h:94] AriaExecutor 0 exits. 
I0911 22:56:53.470788 2940799 AriaExecutor.h:94] AriaExecutor 3 exits. 
I0911 22:56:53.470770 2940806 AriaExecutor.h:94] AriaExecutor 10 exits. 
I0911 22:56:53.470788 2940797 AriaExecutor.h:94] AriaExecutor 1 exits. 
I0911 22:56:53.470768 2940808 AriaExecutor.h:94] AriaExecutor 12 exits. 
I0911 22:56:53.470789 2940801 AriaExecutor.h:94] AriaExecutor 5 exits. 
I0911 22:56:53.470788 2940805 AriaExecutor.h:94] AriaExecutor 9 exits. 
I0911 22:56:53.470772 2940802 AriaExecutor.h:94] AriaExecutor 6 exits. 
I0911 22:56:53.470793 2940803 AriaExecutor.h:94] AriaExecutor 7 exits. 
I0911 22:56:53.471092 2940776 AriaExecutor.h:535] Worker 1 latency: 90875 us (50%) 92776 us (75%) 102204 us (95%) 115424 us (99%).
I0911 22:56:53.471129 2940776 AriaExecutor.h:535] Worker 2 latency: 90820 us (50%) 92824 us (75%) 104293 us (95%) 115259 us (99%).
I0911 22:56:53.471155 2940776 AriaExecutor.h:535] Worker 3 latency: 90804 us (50%) 92620 us (75%) 102484 us (95%) 115161 us (99%).
I0911 22:56:53.471179 2940776 AriaExecutor.h:535] Worker 4 latency: 90844 us (50%) 92710 us (75%) 102519 us (95%) 115605 us (99%).
I0911 22:56:53.471231 2940776 AriaExecutor.h:535] Worker 5 latency: 90881 us (50%) 92707 us (75%) 102156 us (95%) 115246 us (99%).
I0911 22:56:53.471261 2940776 AriaExecutor.h:535] Worker 6 latency: 90848 us (50%) 92608 us (75%) 101879 us (95%) 115614 us (99%).
I0911 22:56:53.471285 2940776 AriaExecutor.h:535] Worker 7 latency: 90829 us (50%) 92583 us (75%) 101856 us (95%) 115173 us (99%).
I0911 22:56:53.471310 2940776 AriaExecutor.h:535] Worker 8 latency: 90842 us (50%) 92459 us (75%) 102472 us (95%) 115171 us (99%).
I0911 22:56:53.471331 2940776 AriaExecutor.h:535] Worker 9 latency: 90883 us (50%) 92955 us (75%) 101943 us (95%) 110501 us (99%).
I0911 22:56:53.471355 2940776 AriaExecutor.h:535] Worker 10 latency: 90784 us (50%) 92795 us (75%) 101980 us (95%) 110673 us (99%).
I0911 22:56:53.471376 2940776 AriaExecutor.h:535] Worker 11 latency: 90763 us (50%) 92591 us (75%) 102386 us (95%) 117269 us (99%).
I0911 22:56:53.471400 2940776 AriaExecutor.h:535] Worker 12 latency: 90775 us (50%) 92780 us (75%) 102170 us (95%) 108709 us (99%).
I0911 22:56:53.471419 2940776 AriaExecutor.h:535] Worker 13 latency: 90779 us (50%) 92445 us (75%) 102128 us (95%) 117238 us (99%).
I0911 22:56:53.471441 2940776 AriaExecutor.h:535] Worker 14 latency: 90674 us (50%) 92384 us (75%) 101818 us (95%) 115126 us (99%).
I0911 22:56:53.471460 2940776 AriaExecutor.h:535] Worker 15 latency: 90805 us (50%) 92642 us (75%) 102093 us (95%) 117195 us (99%).
I0911 22:56:53.471489 2940776 Coordinator.h:177] total commit: 225.1
I0911 22:56:54.471590 2940776 Coordinator.h:192] Coordinator exits.
