I1126 15:38:45.671626 1013227 Database.h:65] ycsb initialization finished in 30 milliseconds.
I1126 15:38:45.671715 1013227 Coordinator.h:30] Coordinator initializes 12 workers.
I1126 15:38:45.678828 1013227 Coordinator.h:77] Coordinator starts to run 13 workers.
I1126 15:38:45.678879 1013246 AriaExecutor.h:95] AriaExecutor 0 started. 
I1126 15:38:45.678912 1013247 AriaExecutor.h:95] AriaExecutor 1 started. 
I1126 15:38:45.678954 1013248 AriaExecutor.h:95] AriaExecutor 2 started. 
I1126 15:38:45.679009 1013249 AriaExecutor.h:95] AriaExecutor 3 started. 
I1126 15:38:45.679052 1013250 AriaExecutor.h:95] AriaExecutor 4 started. 
I1126 15:38:45.679106 1013251 AriaExecutor.h:95] AriaExecutor 5 started. 
I1126 15:38:45.679157 1013252 AriaExecutor.h:95] AriaExecutor 6 started. 
I1126 15:38:45.679207 1013253 AriaExecutor.h:95] AriaExecutor 7 started. 
I1126 15:38:45.679260 1013254 AriaExecutor.h:95] AriaExecutor 8 started. 
I1126 15:38:45.679313 1013255 AriaExecutor.h:95] AriaExecutor 9 started. 
I1126 15:38:45.679358 1013256 AriaExecutor.h:95] AriaExecutor 10 started. 
I1126 15:38:45.679410 1013257 AriaExecutor.h:95] AriaExecutor 11 started. 
I1126 15:38:45.679463 1013258 Manager.h:224] Manager(worker id = 12) on the coordinator node started.
I1126 15:38:46.679530 1013227 Coordinator.h:126] commit: 1063920 abort: 1046080 (0/1046080/0), network size: 0, avg network size: 0, si_in_serializable: 0 0 %, local: 0 %
I1126 15:38:47.679669 1013227 Coordinator.h:126] commit: 1049275 abort: 1030725 (0/1030725/0), network size: 0, avg network size: 0, si_in_serializable: 0 0 %, local: 0 %
I1126 15:38:48.679804 1013227 Coordinator.h:126] commit: 1060002 abort: 1039998 (0/1039998/0), network size: 0, avg network size: 0, si_in_serializable: 0 0 %, local: 0 %
I1126 15:38:49.679919 1013227 Coordinator.h:126] commit: 1074343 abort: 1055657 (0/1055657/0), network size: 0, avg network size: 0, si_in_serializable: 0 0 %, local: 0 %
I1126 15:38:50.680020 1013227 Coordinator.h:126] commit: 1068483 abort: 1051517 (0/1051517/0), network size: 0, avg network size: 0, si_in_serializable: 0 0 %, local: 0 %
I1126 15:38:51.680122 1013227 Coordinator.h:126] commit: 1039523 abort: 1020477 (0/1020477/0), network size: 0, avg network size: 0, si_in_serializable: 0 0 %, local: 0 %
I1126 15:38:52.680248 1013227 Coordinator.h:126] commit: 1059394 abort: 1040606 (0/1040606/0), network size: 0, avg network size: 0, si_in_serializable: 0 0 %, local: 0 %
I1126 15:38:53.680357 1013227 Coordinator.h:126] commit: 1074921 abort: 1055079 (0/1055079/0), network size: 0, avg network size: 0, si_in_serializable: 0 0 %, local: 0 %
I1126 15:38:54.680456 1013227 Coordinator.h:126] commit: 1054162 abort: 1035838 (0/1035838/0), network size: 0, avg network size: 0, si_in_serializable: 0 0 %, local: 0 %
I1126 15:38:55.680555 1013227 Coordinator.h:126] commit: 1074064 abort: 1055936 (0/1055936/0), network size: 0, avg network size: 0, si_in_serializable: 0 0 %, local: 0 %
I1126 15:38:56.680653 1013227 Coordinator.h:126] commit: 1070330 abort: 1049670 (0/1049670/0), network size: 0, avg network size: 0, si_in_serializable: 0 0 %, local: 0 %
I1126 15:38:57.680753 1013227 Coordinator.h:126] commit: 1003287 abort: 986713 (0/986713/0), network size: 0, avg network size: 0, si_in_serializable: 0 0 %, local: 0 %
I1126 15:38:58.680855 1013227 Coordinator.h:126] commit: 1070008 abort: 1049992 (0/1049992/0), network size: 0, avg network size: 0, si_in_serializable: 0 0 %, local: 0 %
I1126 15:38:59.680953 1013227 Coordinator.h:126] commit: 1076183 abort: 1053817 (0/1053817/0), network size: 0, avg network size: 0, si_in_serializable: 0 0 %, local: 0 %
I1126 15:39:00.681053 1013227 Coordinator.h:126] commit: 1059416 abort: 1040584 (0/1040584/0), network size: 0, avg network size: 0, si_in_serializable: 0 0 %, local: 0 %
I1126 15:39:01.681195 1013227 Coordinator.h:126] commit: 1070102 abort: 1049898 (0/1049898/0), network size: 0, avg network size: 0, si_in_serializable: 0 0 %, local: 0 %
I1126 15:39:02.681303 1013227 Coordinator.h:126] commit: 1070254 abort: 1049746 (0/1049746/0), network size: 0, avg network size: 0, si_in_serializable: 0 0 %, local: 0 %
I1126 15:39:03.681399 1013227 Coordinator.h:126] commit: 1069738 abort: 1050262 (0/1050262/0), network size: 0, avg network size: 0, si_in_serializable: 0 0 %, local: 0 %
I1126 15:39:04.681495 1013227 Coordinator.h:126] commit: 1069174 abort: 1050826 (0/1050826/0), network size: 0, avg network size: 0, si_in_serializable: 0 0 %, local: 0 %
I1126 15:39:05.681595 1013227 Coordinator.h:126] commit: 1070492 abort: 1049508 (0/1049508/0), network size: 0, avg network size: 0, si_in_serializable: 0 0 %, local: 0 %
I1126 15:39:06.681695 1013227 Coordinator.h:126] commit: 1069713 abort: 1050287 (0/1050287/0), network size: 0, avg network size: 0, si_in_serializable: 0 0 %, local: 0 %
I1126 15:39:07.681790 1013227 Coordinator.h:126] commit: 1074877 abort: 1055123 (0/1055123/0), network size: 0, avg network size: 0, si_in_serializable: 0 0 %, local: 0 %
I1126 15:39:08.681893 1013227 Coordinator.h:126] commit: 1069317 abort: 1050683 (0/1050683/0), network size: 0, avg network size: 0, si_in_serializable: 0 0 %, local: 0 %
I1126 15:39:09.681990 1013227 Coordinator.h:126] commit: 933141 abort: 916859 (0/916859/0), network size: 0, avg network size: 0, si_in_serializable: 0 0 %, local: 0 %
I1126 15:39:10.682086 1013227 Coordinator.h:126] commit: 1069993 abort: 1050007 (0/1050007/0), network size: 0, avg network size: 0, si_in_serializable: 0 0 %, local: 0 %
I1126 15:39:10.682109 1013227 Coordinator.h:152] average commit: 1.0629e+06 abort: 1.0431e+06 (0/1.0431e+06/0), network size: 0, avg network size: 0, si_in_serializable: 0 0 %, local: 0 %
I1126 15:39:10.686395 1013250 AriaExecutor.h:107] AriaExecutor 4 exits. 
I1126 15:39:10.686400 1013252 AriaExecutor.h:107] AriaExecutor 6 exits. 
I1126 15:39:10.686398 1013246 AriaExecutor.h:107] AriaExecutor 0 exits. 
I1126 15:39:10.686412 1013255 AriaExecutor.h:107] AriaExecutor 9 exits. 
I1126 15:39:10.686404 1013258 Manager.h:227] Manager(worker id = 12) on the coordinator node exits.
I1126 15:39:10.686401 1013248 AriaExecutor.h:107] AriaExecutor 2 exits. 
I1126 15:39:10.686409 1013253 AriaExecutor.h:107] AriaExecutor 7 exits. 
I1126 15:39:10.686425 1013257 AriaExecutor.h:107] AriaExecutor 11 exits. 
I1126 15:39:10.686409 1013251 AriaExecutor.h:107] AriaExecutor 5 exits. 
I1126 15:39:10.686398 1013254 AriaExecutor.h:107] AriaExecutor 8 exits. 
I1126 15:39:10.686409 1013249 AriaExecutor.h:107] AriaExecutor 3 exits. 
I1126 15:39:10.686403 1013256 AriaExecutor.h:107] AriaExecutor 10 exits. 
I1126 15:39:10.686408 1013247 AriaExecutor.h:107] AriaExecutor 1 exits. 
I1126 15:39:10.682123 1013227 AriaExecutor.h:705] Worker 0 latency: 3473 us (50%) 3984 us (75%) 4317 us (95%) 4400 us (99%).
I1126 15:39:10.772846 1013227 AriaExecutor.h:705] Worker 1 latency: 3483 us (50%) 3986 us (75%) 4316 us (95%) 4397 us (99%).
I1126 15:39:10.862671 1013227 AriaExecutor.h:705] Worker 2 latency: 3491 us (50%) 3992 us (75%) 4317 us (95%) 4398 us (99%).
I1126 15:39:10.950719 1013227 AriaExecutor.h:705] Worker 3 latency: 3486 us (50%) 3989 us (75%) 4317 us (95%) 4399 us (99%).
I1126 15:39:11.039896 1013227 AriaExecutor.h:705] Worker 4 latency: 3485 us (50%) 3988 us (75%) 4317 us (95%) 4399 us (99%).
I1126 15:39:11.129261 1013227 AriaExecutor.h:705] Worker 5 latency: 3490 us (50%) 3990 us (75%) 4316 us (95%) 4398 us (99%).
I1126 15:39:11.218412 1013227 AriaExecutor.h:705] Worker 6 latency: 3492 us (50%) 3993 us (75%) 4318 us (95%) 4398 us (99%).
I1126 15:39:11.304863 1013227 AriaExecutor.h:705] Worker 7 latency: 3485 us (50%) 3988 us (75%) 4317 us (95%) 4399 us (99%).
I1126 15:39:11.394979 1013227 AriaExecutor.h:705] Worker 8 latency: 3485 us (50%) 3990 us (75%) 4318 us (95%) 4399 us (99%).
I1126 15:39:11.482249 1013227 AriaExecutor.h:705] Worker 9 latency: 3488 us (50%) 3990 us (75%) 4317 us (95%) 4398 us (99%).
I1126 15:39:11.570887 1013227 AriaExecutor.h:705] Worker 10 latency: 3488 us (50%) 3991 us (75%) 4318 us (95%) 4400 us (99%).
I1126 15:39:11.657837 1013227 AriaExecutor.h:705] Worker 11 latency: 3491 us (50%) 3991 us (75%) 4318 us (95%) 4400 us (99%).
I1126 15:39:11.747212 1013227 Coordinator.h:177] total commit: 1.0629e+06
I1126 15:39:12.747323 1013227 Coordinator.h:192] Coordinator exits.
