I1126 18:19:08.260314 1075185 Database.h:65] ycsb initialization finished in 30 milliseconds.
I1126 18:19:08.260418 1075185 Coordinator.h:30] Coordinator initializes 12 workers.
I1126 18:19:08.267409 1075185 Coordinator.h:77] Coordinator starts to run 13 workers.
I1126 18:19:08.267462 1075201 AriaExecutor.h:91] AriaExecutor 0 started. 
I1126 18:19:08.267493 1075202 AriaExecutor.h:91] AriaExecutor 1 started. 
I1126 18:19:08.267535 1075203 AriaExecutor.h:91] AriaExecutor 2 started. 
I1126 18:19:08.267582 1075204 AriaExecutor.h:91] AriaExecutor 3 started. 
I1126 18:19:08.267665 1075206 AriaExecutor.h:91] AriaExecutor 5 started. 
I1126 18:19:08.267714 1075207 AriaExecutor.h:91] AriaExecutor 6 started. 
I1126 18:19:08.267753 1075208 AriaExecutor.h:91] AriaExecutor 7 started. 
I1126 18:19:08.267791 1075209 AriaExecutor.h:91] AriaExecutor 8 started. 
I1126 18:19:08.267843 1075210 AriaExecutor.h:91] AriaExecutor 9 started. 
I1126 18:19:08.267876 1075211 AriaExecutor.h:91] AriaExecutor 10 started. 
I1126 18:19:08.267926 1075212 AriaExecutor.h:91] AriaExecutor 11 started. 
I1126 18:19:08.267961 1075205 AriaExecutor.h:91] AriaExecutor 4 started. 
I1126 18:19:08.267963 1075213 Manager.h:224] Manager(worker id = 12) on the coordinator node started.
I1126 18:19:09.268026 1075185 Coordinator.h:126] commit: 397891 abort: 1042109 (0/1042109/0), network size: 0, avg network size: 0, si_in_serializable: 0 0 %, local: 0 %
I1126 18:19:10.268155 1075185 Coordinator.h:126] commit: 399259 abort: 1040741 (0/1040741/0), network size: 0, avg network size: 0, si_in_serializable: 0 0 %, local: 0 %
I1126 18:19:11.268278 1075185 Coordinator.h:126] commit: 402571 abort: 1047429 (0/1047429/0), network size: 0, avg network size: 0, si_in_serializable: 0 0 %, local: 0 %
I1126 18:19:12.268371 1075185 Coordinator.h:126] commit: 404669 abort: 1055331 (0/1055331/0), network size: 0, avg network size: 0, si_in_serializable: 0 0 %, local: 0 %
I1126 18:19:13.268482 1075185 Coordinator.h:126] commit: 401635 abort: 1048365 (0/1048365/0), network size: 0, avg network size: 0, si_in_serializable: 0 0 %, local: 0 %
I1126 18:19:14.268600 1075185 Coordinator.h:126] commit: 398977 abort: 1041023 (0/1041023/0), network size: 0, avg network size: 0, si_in_serializable: 0 0 %, local: 0 %
I1126 18:19:15.268730 1075185 Coordinator.h:126] commit: 401501 abort: 1048499 (0/1048499/0), network size: 0, avg network size: 0, si_in_serializable: 0 0 %, local: 0 %
I1126 18:19:16.268828 1075185 Coordinator.h:126] commit: 401562 abort: 1048438 (0/1048438/0), network size: 0, avg network size: 0, si_in_serializable: 0 0 %, local: 0 %
I1126 18:19:17.268931 1075185 Coordinator.h:126] commit: 404508 abort: 1055492 (0/1055492/0), network size: 0, avg network size: 0, si_in_serializable: 0 0 %, local: 0 %
I1126 18:19:18.269021 1075185 Coordinator.h:126] commit: 404588 abort: 1055412 (0/1055412/0), network size: 0, avg network size: 0, si_in_serializable: 0 0 %, local: 0 %
I1126 18:19:19.269131 1075185 Coordinator.h:126] commit: 405178 abort: 1054822 (0/1054822/0), network size: 0, avg network size: 0, si_in_serializable: 0 0 %, local: 0 %
I1126 18:19:20.269239 1075185 Coordinator.h:126] commit: 401735 abort: 1048265 (0/1048265/0), network size: 0, avg network size: 0, si_in_serializable: 0 0 %, local: 0 %
I1126 18:19:21.269341 1075185 Coordinator.h:126] commit: 401538 abort: 1048462 (0/1048462/0), network size: 0, avg network size: 0, si_in_serializable: 0 0 %, local: 0 %
I1126 18:19:22.269444 1075185 Coordinator.h:126] commit: 399771 abort: 1041899 (0/1041899/0), network size: 0, avg network size: 0, si_in_serializable: 0 0 %, local: 0 %
I1126 18:19:23.269541 1075185 Coordinator.h:126] commit: 400569 abort: 1047761 (0/1047761/0), network size: 0, avg network size: 0, si_in_serializable: 0 0 %, local: 0 %
I1126 18:19:24.269646 1075185 Coordinator.h:126] commit: 394008 abort: 1025992 (0/1025992/0), network size: 0, avg network size: 0, si_in_serializable: 0 0 %, local: 0 %
I1126 18:19:25.269737 1075185 Coordinator.h:126] commit: 404687 abort: 1055313 (0/1055313/0), network size: 0, avg network size: 0, si_in_serializable: 0 0 %, local: 0 %
I1126 18:19:26.269814 1075185 Coordinator.h:126] commit: 404913 abort: 1055087 (0/1055087/0), network size: 0, avg network size: 0, si_in_serializable: 0 0 %, local: 0 %
I1126 18:19:27.269886 1075185 Coordinator.h:126] commit: 404701 abort: 1055299 (0/1055299/0), network size: 0, avg network size: 0, si_in_serializable: 0 0 %, local: 0 %
I1126 18:19:28.269968 1075185 Coordinator.h:126] commit: 407816 abort: 1062184 (0/1062184/0), network size: 0, avg network size: 0, si_in_serializable: 0 0 %, local: 0 %
I1126 18:19:29.270066 1075185 Coordinator.h:126] commit: 402142 abort: 1047858 (0/1047858/0), network size: 0, avg network size: 0, si_in_serializable: 0 0 %, local: 0 %
I1126 18:19:30.270167 1075185 Coordinator.h:126] commit: 402182 abort: 1047818 (0/1047818/0), network size: 0, avg network size: 0, si_in_serializable: 0 0 %, local: 0 %
I1126 18:19:31.270262 1075185 Coordinator.h:126] commit: 401577 abort: 1048423 (0/1048423/0), network size: 0, avg network size: 0, si_in_serializable: 0 0 %, local: 0 %
I1126 18:19:32.270365 1075185 Coordinator.h:126] commit: 404736 abort: 1055264 (0/1055264/0), network size: 0, avg network size: 0, si_in_serializable: 0 0 %, local: 0 %
I1126 18:19:33.270465 1075185 Coordinator.h:126] commit: 403312 abort: 1056688 (0/1056688/0), network size: 0, avg network size: 0, si_in_serializable: 0 0 %, local: 0 %
I1126 18:19:33.270505 1075185 Coordinator.h:152] average commit: 402492 abort: 1.04951e+06 (0/1.04951e+06/0), network size: 0, avg network size: 0, si_in_serializable: 0 0 %, local: 0 %
I1126 18:19:33.273242 1075207 AriaExecutor.h:103] AriaExecutor 6 exits. 
I1126 18:19:33.273247 1075201 AriaExecutor.h:103] AriaExecutor 0 exits. 
I1126 18:19:33.273253 1075206 AriaExecutor.h:103] AriaExecutor 5 exits. 
I1126 18:19:33.273247 1075213 Manager.h:227] Manager(worker id = 12) on the coordinator node exits.
I1126 18:19:33.273262 1075202 AriaExecutor.h:103] AriaExecutor 1 exits. 
I1126 18:19:33.273245 1075209 AriaExecutor.h:103] AriaExecutor 8 exits. 
I1126 18:19:33.273243 1075203 AriaExecutor.h:103] AriaExecutor 2 exits. 
I1126 18:19:33.273247 1075211 AriaExecutor.h:103] AriaExecutor 10 exits. 
I1126 18:19:33.273254 1075210 AriaExecutor.h:103] AriaExecutor 9 exits. 
I1126 18:19:33.273255 1075212 AriaExecutor.h:103] AriaExecutor 11 exits. 
I1126 18:19:33.273255 1075204 AriaExecutor.h:103] AriaExecutor 3 exits. 
I1126 18:19:33.273253 1075208 AriaExecutor.h:103] AriaExecutor 7 exits. 
I1126 18:19:33.273244 1075205 AriaExecutor.h:103] AriaExecutor 4 exits. 
I1126 18:19:33.270514 1075185 AriaExecutor.h:621] Worker 0 latency: 5874 us (50%) 6257 us (75%) 6463 us (95%) 6551 us (99%).
I1126 18:19:33.306432 1075185 AriaExecutor.h:621] Worker 1 latency: 5873 us (50%) 6254 us (75%) 6461 us (95%) 6547 us (99%).
I1126 18:19:33.343202 1075185 AriaExecutor.h:621] Worker 2 latency: 5880 us (50%) 6258 us (75%) 6462 us (95%) 6546 us (99%).
I1126 18:19:33.379189 1075185 AriaExecutor.h:621] Worker 3 latency: 5869 us (50%) 6253 us (75%) 6460 us (95%) 6544 us (99%).
I1126 18:19:33.415167 1075185 AriaExecutor.h:621] Worker 4 latency: 5873 us (50%) 6256 us (75%) 6460 us (95%) 6545 us (99%).
I1126 18:19:33.450817 1075185 AriaExecutor.h:621] Worker 5 latency: 5874 us (50%) 6253 us (75%) 6460 us (95%) 6546 us (99%).
I1126 18:19:33.486879 1075185 AriaExecutor.h:621] Worker 6 latency: 5881 us (50%) 6258 us (75%) 6461 us (95%) 6547 us (99%).
I1126 18:19:33.522377 1075185 AriaExecutor.h:621] Worker 7 latency: 5870 us (50%) 6252 us (75%) 6459 us (95%) 6545 us (99%).
I1126 18:19:33.558079 1075185 AriaExecutor.h:621] Worker 8 latency: 5874 us (50%) 6255 us (75%) 6462 us (95%) 6548 us (99%).
I1126 18:19:33.592880 1075185 AriaExecutor.h:621] Worker 9 latency: 5872 us (50%) 6253 us (75%) 6459 us (95%) 6545 us (99%).
I1126 18:19:33.628183 1075185 AriaExecutor.h:621] Worker 10 latency: 5884 us (50%) 6260 us (75%) 6462 us (95%) 6548 us (99%).
I1126 18:19:33.663589 1075185 AriaExecutor.h:621] Worker 11 latency: 5872 us (50%) 6253 us (75%) 6459 us (95%) 6544 us (99%).
I1126 18:19:33.699011 1075185 Coordinator.h:177] total commit: 402492
I1126 18:19:34.699118 1075185 Coordinator.h:192] Coordinator exits.
