I1126 16:15:31.740689 1036097 Database.h:65] ycsb initialization finished in 30 milliseconds.
I1126 16:15:31.740778 1036097 Coordinator.h:30] Coordinator initializes 12 workers.
I1126 16:15:31.748335 1036097 Coordinator.h:77] Coordinator starts to run 13 workers.
I1126 16:15:31.748385 1036113 AriaExecutor.h:93] AriaExecutor 0 started. 
I1126 16:15:31.748409 1036114 AriaExecutor.h:93] AriaExecutor 1 started. 
I1126 16:15:31.748453 1036115 AriaExecutor.h:93] AriaExecutor 2 started. 
I1126 16:15:31.748492 1036116 AriaExecutor.h:93] AriaExecutor 3 started. 
I1126 16:15:31.748574 1036118 AriaExecutor.h:93] AriaExecutor 5 started. 
I1126 16:15:31.748611 1036119 AriaExecutor.h:93] AriaExecutor 6 started. 
I1126 16:15:31.748658 1036120 AriaExecutor.h:93] AriaExecutor 7 started. 
I1126 16:15:31.748699 1036121 AriaExecutor.h:93] AriaExecutor 8 started. 
I1126 16:15:31.748744 1036122 AriaExecutor.h:93] AriaExecutor 9 started. 
I1126 16:15:31.748785 1036123 AriaExecutor.h:93] AriaExecutor 10 started. 
I1126 16:15:31.748822 1036124 AriaExecutor.h:93] AriaExecutor 11 started. 
I1126 16:15:31.748858 1036117 AriaExecutor.h:93] AriaExecutor 4 started. 
I1126 16:15:31.748859 1036125 Manager.h:224] Manager(worker id = 12) on the coordinator node started.
I1126 16:15:32.748925 1036097 Coordinator.h:126] commit: 268 abort: 166732 (0/166732/0), network size: 0, avg network size: 0, si_in_serializable: 0 0 %, local: 0 %
I1126 16:15:33.749038 1036097 Coordinator.h:126] commit: 282 abort: 166718 (0/166718/0), network size: 0, avg network size: 0, si_in_serializable: 0 0 %, local: 0 %
I1126 16:15:34.749140 1036097 Coordinator.h:126] commit: 275 abort: 168725 (0/168725/0), network size: 0, avg network size: 0, si_in_serializable: 0 0 %, local: 0 %
I1126 16:15:35.749231 1036097 Coordinator.h:126] commit: 286 abort: 168714 (0/168714/0), network size: 0, avg network size: 0, si_in_serializable: 0 0 %, local: 0 %
I1126 16:15:36.749323 1036097 Coordinator.h:126] commit: 285 abort: 169715 (0/169715/0), network size: 0, avg network size: 0, si_in_serializable: 0 0 %, local: 0 %
I1126 16:15:37.749402 1036097 Coordinator.h:126] commit: 275 abort: 166725 (0/166725/0), network size: 0, avg network size: 0, si_in_serializable: 0 0 %, local: 0 %
I1126 16:15:38.749504 1036097 Coordinator.h:126] commit: 289 abort: 168711 (0/168711/0), network size: 0, avg network size: 0, si_in_serializable: 0 0 %, local: 0 %
I1126 16:15:39.749593 1036097 Coordinator.h:126] commit: 286 abort: 169714 (0/169714/0), network size: 0, avg network size: 0, si_in_serializable: 0 0 %, local: 0 %
I1126 16:15:40.749670 1036097 Coordinator.h:126] commit: 284 abort: 168716 (0/168716/0), network size: 0, avg network size: 0, si_in_serializable: 0 0 %, local: 0 %
I1126 16:15:41.749764 1036097 Coordinator.h:126] commit: 286 abort: 169714 (0/169714/0), network size: 0, avg network size: 0, si_in_serializable: 0 0 %, local: 0 %
I1126 16:15:42.749843 1036097 Coordinator.h:126] commit: 273 abort: 168727 (0/168727/0), network size: 0, avg network size: 0, si_in_serializable: 0 0 %, local: 0 %
I1126 16:15:43.749922 1036097 Coordinator.h:126] commit: 271 abort: 169729 (0/169729/0), network size: 0, avg network size: 0, si_in_serializable: 0 0 %, local: 0 %
I1126 16:15:44.750000 1036097 Coordinator.h:126] commit: 261 abort: 167739 (0/167739/0), network size: 0, avg network size: 0, si_in_serializable: 0 0 %, local: 0 %
I1126 16:15:45.750079 1036097 Coordinator.h:126] commit: 286 abort: 169714 (0/169714/0), network size: 0, avg network size: 0, si_in_serializable: 0 0 %, local: 0 %
I1126 16:15:46.750174 1036097 Coordinator.h:126] commit: 279 abort: 169721 (0/169721/0), network size: 0, avg network size: 0, si_in_serializable: 0 0 %, local: 0 %
I1126 16:15:47.750249 1036097 Coordinator.h:126] commit: 278 abort: 168722 (0/168722/0), network size: 0, avg network size: 0, si_in_serializable: 0 0 %, local: 0 %
I1126 16:15:48.750329 1036097 Coordinator.h:126] commit: 278 abort: 167722 (0/167722/0), network size: 0, avg network size: 0, si_in_serializable: 0 0 %, local: 0 %
I1126 16:15:49.750406 1036097 Coordinator.h:126] commit: 279 abort: 169721 (0/169721/0), network size: 0, avg network size: 0, si_in_serializable: 0 0 %, local: 0 %
I1126 16:15:50.750490 1036097 Coordinator.h:126] commit: 264 abort: 168736 (0/168736/0), network size: 0, avg network size: 0, si_in_serializable: 0 0 %, local: 0 %
I1126 16:15:51.750586 1036097 Coordinator.h:126] commit: 286 abort: 169714 (0/169714/0), network size: 0, avg network size: 0, si_in_serializable: 0 0 %, local: 0 %
I1126 16:15:52.750782 1036097 Coordinator.h:126] commit: 282 abort: 168718 (0/168718/0), network size: 0, avg network size: 0, si_in_serializable: 0 0 %, local: 0 %
I1126 16:15:53.750921 1036097 Coordinator.h:126] commit: 274 abort: 169460 (0/169460/0), network size: 0, avg network size: 0, si_in_serializable: 0 0 %, local: 0 %
I1126 16:15:54.750999 1036097 Coordinator.h:126] commit: 271 abort: 168993 (0/168993/0), network size: 0, avg network size: 0, si_in_serializable: 0 0 %, local: 0 %
I1126 16:15:55.751077 1036097 Coordinator.h:126] commit: 260 abort: 168740 (0/168740/0), network size: 0, avg network size: 0, si_in_serializable: 0 0 %, local: 0 %
I1126 16:15:56.751154 1036097 Coordinator.h:126] commit: 275 abort: 169725 (0/169725/0), network size: 0, avg network size: 0, si_in_serializable: 0 0 %, local: 0 %
I1126 16:15:56.751170 1036097 Coordinator.h:152] average commit: 275.5 abort: 169024 (0/169024/0), network size: 0, avg network size: 0, si_in_serializable: 0 0 %, local: 0 %
I1126 16:15:56.751180 1036097 AriaExecutor.h:672] Worker 0 latency: 5880 us (50%) 5914 us (75%) 6027 us (95%) 6155 us (99%).
I1126 16:15:56.755293 1036115 AriaExecutor.h:105] AriaExecutor 2 exits. 
I1126 16:15:56.755311 1036120 AriaExecutor.h:105] AriaExecutor 7 exits. 
I1126 16:15:56.755296 1036117 AriaExecutor.h:105] AriaExecutor 4 exits. 
I1126 16:15:56.755296 1036113 AriaExecutor.h:105] AriaExecutor 0 exits. 
I1126 16:15:56.755298 1036119 AriaExecutor.h:105] AriaExecutor 6 exits. 
I1126 16:15:56.755307 1036122 AriaExecutor.h:105] AriaExecutor 9 exits. 
I1126 16:15:56.755293 1036125 Manager.h:227] Manager(worker id = 12) on the coordinator node exits.
I1126 16:15:56.755307 1036114 AriaExecutor.h:105] AriaExecutor 1 exits. 
I1126 16:15:56.755308 1036116 AriaExecutor.h:105] AriaExecutor 3 exits. 
I1126 16:15:56.755309 1036121 AriaExecutor.h:105] AriaExecutor 8 exits. 
I1126 16:15:56.755311 1036118 AriaExecutor.h:105] AriaExecutor 5 exits. 
I1126 16:15:56.755308 1036124 AriaExecutor.h:105] AriaExecutor 11 exits. 
I1126 16:15:56.755311 1036123 AriaExecutor.h:105] AriaExecutor 10 exits. 
I1126 16:15:56.755611 1036097 AriaExecutor.h:672] Worker 1 latency: 5879 us (50%) 5912 us (75%) 6028 us (95%) 6159 us (99%).
I1126 16:15:56.755687 1036097 AriaExecutor.h:672] Worker 2 latency: 5876 us (50%) 5913 us (75%) 6040 us (95%) 6161 us (99%).
I1126 16:15:56.755715 1036097 AriaExecutor.h:672] Worker 3 latency: 5872 us (50%) 5908 us (75%) 5984 us (95%) 6136 us (99%).
I1126 16:15:56.755730 1036097 AriaExecutor.h:672] Worker 4 latency: 5868 us (50%) 5904 us (75%) 5991 us (95%) 6159 us (99%).
I1126 16:15:56.755774 1036097 AriaExecutor.h:672] Worker 5 latency: 5877 us (50%) 5909 us (75%) 6038 us (95%) 6130 us (99%).
I1126 16:15:56.755792 1036097 AriaExecutor.h:672] Worker 6 latency: 5868 us (50%) 5887 us (75%) 5945 us (95%) 6012 us (99%).
I1126 16:15:56.755810 1036097 AriaExecutor.h:672] Worker 7 latency: 5878 us (50%) 5923 us (75%) 6089 us (95%) 6295 us (99%).
I1126 16:15:56.755825 1036097 AriaExecutor.h:672] Worker 8 latency: 5874 us (50%) 5898 us (75%) 6033 us (95%) 6120 us (99%).
I1126 16:15:56.755839 1036097 AriaExecutor.h:672] Worker 9 latency: 5898 us (50%) 5916 us (75%) 5955 us (95%) 6064 us (99%).
I1126 16:15:56.755853 1036097 AriaExecutor.h:672] Worker 10 latency: 5874 us (50%) 5929 us (75%) 6087 us (95%) 6097 us (99%).
I1126 16:15:56.755867 1036097 AriaExecutor.h:672] Worker 11 latency: 5855 us (50%) 5893 us (75%) 5958 us (95%) 6218 us (99%).
I1126 16:15:56.755889 1036097 Coordinator.h:177] total commit: 275.5
I1126 16:15:57.756006 1036097 Coordinator.h:192] Coordinator exits.
