I1126 15:40:58.972185 1014619 Database.h:65] ycsb initialization finished in 30 milliseconds.
I1126 15:40:58.972282 1014619 Coordinator.h:30] Coordinator initializes 12 workers.
I1126 15:40:58.973181 1014619 Coordinator.h:77] Coordinator starts to run 13 workers.
I1126 15:40:58.973230 1014635 AriaExecutor.h:95] AriaExecutor 0 started. 
I1126 15:40:58.973259 1014636 AriaExecutor.h:95] AriaExecutor 1 started. 
I1126 15:40:58.973297 1014637 AriaExecutor.h:95] AriaExecutor 2 started. 
I1126 15:40:58.973358 1014638 AriaExecutor.h:95] AriaExecutor 3 started. 
I1126 15:40:58.973402 1014639 AriaExecutor.h:95] AriaExecutor 4 started. 
I1126 15:40:58.973457 1014640 AriaExecutor.h:95] AriaExecutor 5 started. 
I1126 15:40:58.973502 1014641 AriaExecutor.h:95] AriaExecutor 6 started. 
I1126 15:40:58.973559 1014642 AriaExecutor.h:95] AriaExecutor 7 started. 
I1126 15:40:58.973606 1014643 AriaExecutor.h:95] AriaExecutor 8 started. 
I1126 15:40:58.973654 1014644 AriaExecutor.h:95] AriaExecutor 9 started. 
I1126 15:40:58.973701 1014645 AriaExecutor.h:95] AriaExecutor 10 started. 
I1126 15:40:58.973757 1014646 AriaExecutor.h:95] AriaExecutor 11 started. 
I1126 15:40:58.973803 1014647 Manager.h:224] Manager(worker id = 12) on the coordinator node started.
I1126 15:40:59.973868 1014619 Coordinator.h:126] commit: 1107674 abort: 875326 (0/875326/0), network size: 0, avg network size: 0, si_in_serializable: 0 0 %, local: 0 %
I1126 15:41:00.973989 1014619 Coordinator.h:126] commit: 1088565 abort: 859435 (0/859435/0), network size: 0, avg network size: 0, si_in_serializable: 0 0 %, local: 0 %
I1126 15:41:01.974126 1014619 Coordinator.h:126] commit: 1101254 abort: 871746 (0/871746/0), network size: 0, avg network size: 0, si_in_serializable: 0 0 %, local: 0 %
I1126 15:41:02.974239 1014619 Coordinator.h:126] commit: 1119309 abort: 884691 (0/884691/0), network size: 0, avg network size: 0, si_in_serializable: 0 0 %, local: 0 %
I1126 15:41:03.974342 1014619 Coordinator.h:126] commit: 1118472 abort: 884528 (0/884528/0), network size: 0, avg network size: 0, si_in_serializable: 0 0 %, local: 0 %
I1126 15:41:04.974439 1014619 Coordinator.h:126] commit: 1063498 abort: 839502 (0/839502/0), network size: 0, avg network size: 0, si_in_serializable: 0 0 %, local: 0 %
I1126 15:41:05.974566 1014619 Coordinator.h:126] commit: 1111825 abort: 879175 (0/879175/0), network size: 0, avg network size: 0, si_in_serializable: 0 0 %, local: 0 %
I1126 15:41:06.974673 1014619 Coordinator.h:126] commit: 1122261 abort: 886739 (0/886739/0), network size: 0, avg network size: 0, si_in_serializable: 0 0 %, local: 0 %
I1126 15:41:07.974778 1014619 Coordinator.h:126] commit: 1120261 abort: 884739 (0/884739/0), network size: 0, avg network size: 0, si_in_serializable: 0 0 %, local: 0 %
I1126 15:41:08.974876 1014619 Coordinator.h:126] commit: 1122654 abort: 886346 (0/886346/0), network size: 0, avg network size: 0, si_in_serializable: 0 0 %, local: 0 %
I1126 15:41:09.974975 1014619 Coordinator.h:126] commit: 1120989 abort: 886011 (0/886011/0), network size: 0, avg network size: 0, si_in_serializable: 0 0 %, local: 0 %
I1126 15:41:10.975078 1014619 Coordinator.h:126] commit: 1010997 abort: 799003 (0/799003/0), network size: 0, avg network size: 0, si_in_serializable: 0 0 %, local: 0 %
I1126 15:41:11.975178 1014619 Coordinator.h:126] commit: 1120938 abort: 886062 (0/886062/0), network size: 0, avg network size: 0, si_in_serializable: 0 0 %, local: 0 %
I1126 15:41:12.975274 1014619 Coordinator.h:126] commit: 1124122 abort: 886878 (0/886878/0), network size: 0, avg network size: 0, si_in_serializable: 0 0 %, local: 0 %
I1126 15:41:13.975373 1014619 Coordinator.h:126] commit: 1112986 abort: 879014 (0/879014/0), network size: 0, avg network size: 0, si_in_serializable: 0 0 %, local: 0 %
I1126 15:41:14.975494 1014619 Coordinator.h:126] commit: 1115204 abort: 880796 (0/880796/0), network size: 0, avg network size: 0, si_in_serializable: 0 0 %, local: 0 %
I1126 15:41:15.975601 1014619 Coordinator.h:126] commit: 1122507 abort: 884493 (0/884493/0), network size: 0, avg network size: 0, si_in_serializable: 0 0 %, local: 0 %
I1126 15:41:16.975700 1014619 Coordinator.h:126] commit: 1120571 abort: 886429 (0/886429/0), network size: 0, avg network size: 0, si_in_serializable: 0 0 %, local: 0 %
I1126 15:41:17.975804 1014619 Coordinator.h:126] commit: 1123260 abort: 888740 (0/888740/0), network size: 0, avg network size: 0, si_in_serializable: 0 0 %, local: 0 %
I1126 15:41:18.975900 1014619 Coordinator.h:126] commit: 1120380 abort: 886620 (0/886620/0), network size: 0, avg network size: 0, si_in_serializable: 0 0 %, local: 0 %
I1126 15:41:19.975996 1014619 Coordinator.h:126] commit: 1124144 abort: 885856 (0/885856/0), network size: 0, avg network size: 0, si_in_serializable: 0 0 %, local: 0 %
I1126 15:41:20.976094 1014619 Coordinator.h:126] commit: 1120344 abort: 884132 (0/884132/0), network size: 0, avg network size: 0, si_in_serializable: 0 0 %, local: 0 %
I1126 15:41:21.976188 1014619 Coordinator.h:126] commit: 987424 abort: 783100 (0/783100/0), network size: 0, avg network size: 0, si_in_serializable: 0 0 %, local: 0 %
I1126 15:41:22.976282 1014619 Coordinator.h:126] commit: 1098336 abort: 866664 (0/866664/0), network size: 0, avg network size: 0, si_in_serializable: 0 0 %, local: 0 %
I1126 15:41:23.976378 1014619 Coordinator.h:126] commit: 1124322 abort: 888678 (0/888678/0), network size: 0, avg network size: 0, si_in_serializable: 0 0 %, local: 0 %
I1126 15:41:23.976400 1014619 Coordinator.h:152] average commit: 1.1092e+06 abort: 876405 (0/876405/0), network size: 0, avg network size: 0, si_in_serializable: 0 0 %, local: 0 %
I1126 15:41:23.976686 1014647 Manager.h:227] Manager(worker id = 12) on the coordinator node exits.
I1126 15:41:23.976689 1014639 AriaExecutor.h:107] AriaExecutor 4 exits. 
I1126 15:41:23.976691 1014645 AriaExecutor.h:107] AriaExecutor 10 exits. 
I1126 15:41:23.976689 1014635 AriaExecutor.h:107] AriaExecutor 0 exits. 
I1126 15:41:23.976689 1014643 AriaExecutor.h:107] AriaExecutor 8 exits. 
I1126 15:41:23.976691 1014637 AriaExecutor.h:107] AriaExecutor 2 exits. 
I1126 15:41:23.976701 1014638 AriaExecutor.h:107] AriaExecutor 3 exits. 
I1126 15:41:23.976702 1014644 AriaExecutor.h:107] AriaExecutor 9 exits. 
I1126 15:41:23.976701 1014640 AriaExecutor.h:107] AriaExecutor 5 exits. 
I1126 15:41:23.976689 1014641 AriaExecutor.h:107] AriaExecutor 6 exits. 
I1126 15:41:23.976701 1014642 AriaExecutor.h:107] AriaExecutor 7 exits. 
I1126 15:41:23.976701 1014636 AriaExecutor.h:107] AriaExecutor 1 exits. 
I1126 15:41:23.976701 1014646 AriaExecutor.h:107] AriaExecutor 11 exits. 
I1126 15:41:23.976413 1014619 AriaExecutor.h:705] Worker 0 latency: 359 us (50%) 415 us (75%) 455 us (95%) 470 us (99%).
I1126 15:41:24.063851 1014619 AriaExecutor.h:705] Worker 1 latency: 359 us (50%) 414 us (75%) 454 us (95%) 469 us (99%).
I1126 15:41:24.166878 1014619 AriaExecutor.h:705] Worker 2 latency: 362 us (50%) 415 us (75%) 455 us (95%) 470 us (99%).
I1126 15:41:24.260387 1014619 AriaExecutor.h:705] Worker 3 latency: 362 us (50%) 415 us (75%) 454 us (95%) 469 us (99%).
I1126 15:41:24.362588 1014619 AriaExecutor.h:705] Worker 4 latency: 362 us (50%) 415 us (75%) 455 us (95%) 470 us (99%).
I1126 15:41:24.448788 1014619 AriaExecutor.h:705] Worker 5 latency: 361 us (50%) 414 us (75%) 453 us (95%) 468 us (99%).
I1126 15:41:24.537557 1014619 AriaExecutor.h:705] Worker 6 latency: 364 us (50%) 416 us (75%) 455 us (95%) 469 us (99%).
I1126 15:41:24.622464 1014619 AriaExecutor.h:705] Worker 7 latency: 362 us (50%) 414 us (75%) 453 us (95%) 468 us (99%).
I1126 15:41:24.724301 1014619 AriaExecutor.h:705] Worker 8 latency: 364 us (50%) 416 us (75%) 455 us (95%) 470 us (99%).
I1126 15:41:24.809067 1014619 AriaExecutor.h:705] Worker 9 latency: 362 us (50%) 414 us (75%) 453 us (95%) 468 us (99%).
I1126 15:41:24.894331 1014619 AriaExecutor.h:705] Worker 10 latency: 363 us (50%) 415 us (75%) 455 us (95%) 470 us (99%).
I1126 15:41:24.981648 1014619 AriaExecutor.h:705] Worker 11 latency: 362 us (50%) 414 us (75%) 453 us (95%) 468 us (99%).
I1126 15:41:25.082233 1014619 Coordinator.h:177] total commit: 1.1092e+06
I1126 15:41:26.082350 1014619 Coordinator.h:192] Coordinator exits.
