I1126 13:21:46.446044 929089 Database.h:65] ycsb initialization finished in 30 milliseconds.
I1126 13:21:46.446136 929089 Coordinator.h:30] Coordinator initializes 12 workers.
I1126 13:21:46.517374 929089 Coordinator.h:77] Coordinator starts to run 13 workers.
I1126 13:21:46.517431 929105 AriaExecutor.h:82] AriaExecutor 0 started. 
I1126 13:21:46.517462 929106 AriaExecutor.h:82] AriaExecutor 1 started. 
I1126 13:21:46.517508 929107 AriaExecutor.h:82] AriaExecutor 2 started. 
I1126 13:21:46.517558 929108 AriaExecutor.h:82] AriaExecutor 3 started. 
I1126 13:21:46.517596 929109 AriaExecutor.h:82] AriaExecutor 4 started. 
I1126 13:21:46.517660 929110 AriaExecutor.h:82] AriaExecutor 5 started. 
I1126 13:21:46.517707 929111 AriaExecutor.h:82] AriaExecutor 6 started. 
I1126 13:21:46.517755 929112 AriaExecutor.h:82] AriaExecutor 7 started. 
I1126 13:21:46.517802 929113 AriaExecutor.h:82] AriaExecutor 8 started. 
I1126 13:21:46.517855 929114 AriaExecutor.h:82] AriaExecutor 9 started. 
I1126 13:21:46.517902 929115 AriaExecutor.h:82] AriaExecutor 10 started. 
I1126 13:21:46.517953 929116 AriaExecutor.h:82] AriaExecutor 11 started. 
I1126 13:21:46.518002 929117 Manager.h:224] Manager(worker id = 12) on the coordinator node started.
I1126 13:21:47.518067 929089 Coordinator.h:126] commit: 1192553 abort: 77447 (0/77447/0), network size: 0, avg network size: 0, si_in_serializable: 0 0 %, local: 0 %
I1126 13:21:48.518194 929089 Coordinator.h:126] commit: 1183027 abort: 76973 (0/76973/0), network size: 0, avg network size: 0, si_in_serializable: 0 0 %, local: 0 %
I1126 13:21:49.518337 929089 Coordinator.h:126] commit: 1192704 abort: 77296 (0/77296/0), network size: 0, avg network size: 0, si_in_serializable: 0 0 %, local: 0 %
I1126 13:21:50.518445 929089 Coordinator.h:126] commit: 1211452 abort: 78548 (0/78548/0), network size: 0, avg network size: 0, si_in_serializable: 0 0 %, local: 0 %
I1126 13:21:51.518548 929089 Coordinator.h:126] commit: 1211420 abort: 78580 (0/78580/0), network size: 0, avg network size: 0, si_in_serializable: 0 0 %, local: 0 %
I1126 13:21:52.518646 929089 Coordinator.h:126] commit: 1192165 abort: 77835 (0/77835/0), network size: 0, avg network size: 0, si_in_serializable: 0 0 %, local: 0 %
I1126 13:21:53.518751 929089 Coordinator.h:126] commit: 1198333 abort: 77688 (0/77688/0), network size: 0, avg network size: 0, si_in_serializable: 0 0 %, local: 0 %
I1126 13:21:54.518852 929089 Coordinator.h:126] commit: 1214047 abort: 78845 (0/78845/0), network size: 0, avg network size: 0, si_in_serializable: 0 0 %, local: 0 %
I1126 13:21:55.518980 929089 Coordinator.h:126] commit: 1184486 abort: 76601 (0/76601/0), network size: 0, avg network size: 0, si_in_serializable: 0 0 %, local: 0 %
I1126 13:21:56.519093 929089 Coordinator.h:126] commit: 1211403 abort: 78597 (0/78597/0), network size: 0, avg network size: 0, si_in_serializable: 0 0 %, local: 0 %
I1126 13:21:57.519189 929089 Coordinator.h:126] commit: 1174081 abort: 75919 (0/75919/0), network size: 0, avg network size: 0, si_in_serializable: 0 0 %, local: 0 %
I1126 13:21:58.519287 929089 Coordinator.h:126] commit: 1211457 abort: 78543 (0/78543/0), network size: 0, avg network size: 0, si_in_serializable: 0 0 %, local: 0 %
I1126 13:21:59.519385 929089 Coordinator.h:126] commit: 1202037 abort: 77963 (0/77963/0), network size: 0, avg network size: 0, si_in_serializable: 0 0 %, local: 0 %
I1126 13:22:00.519482 929089 Coordinator.h:126] commit: 1201853 abort: 78147 (0/78147/0), network size: 0, avg network size: 0, si_in_serializable: 0 0 %, local: 0 %
I1126 13:22:01.519598 929089 Coordinator.h:126] commit: 1201803 abort: 78197 (0/78197/0), network size: 0, avg network size: 0, si_in_serializable: 0 0 %, local: 0 %
I1126 13:22:02.519697 929089 Coordinator.h:126] commit: 1201692 abort: 78308 (0/78308/0), network size: 0, avg network size: 0, si_in_serializable: 0 0 %, local: 0 %
I1126 13:22:03.519795 929089 Coordinator.h:126] commit: 1201584 abort: 78416 (0/78416/0), network size: 0, avg network size: 0, si_in_serializable: 0 0 %, local: 0 %
I1126 13:22:04.519889 929089 Coordinator.h:126] commit: 1192468 abort: 77532 (0/77532/0), network size: 0, avg network size: 0, si_in_serializable: 0 0 %, local: 0 %
I1126 13:22:05.519992 929089 Coordinator.h:126] commit: 1201698 abort: 78302 (0/78302/0), network size: 0, avg network size: 0, si_in_serializable: 0 0 %, local: 0 %
I1126 13:22:06.520093 929089 Coordinator.h:126] commit: 1201845 abort: 78155 (0/78155/0), network size: 0, avg network size: 0, si_in_serializable: 0 0 %, local: 0 %
I1126 13:22:07.520221 929089 Coordinator.h:126] commit: 1182295 abort: 76943 (0/76943/0), network size: 0, avg network size: 0, si_in_serializable: 0 0 %, local: 0 %
I1126 13:22:08.520331 929089 Coordinator.h:126] commit: 1155385 abort: 75377 (0/75377/0), network size: 0, avg network size: 0, si_in_serializable: 0 0 %, local: 0 %
I1126 13:22:09.520433 929089 Coordinator.h:126] commit: 1201777 abort: 78223 (0/78223/0), network size: 0, avg network size: 0, si_in_serializable: 0 0 %, local: 0 %
I1126 13:22:10.520532 929089 Coordinator.h:126] commit: 1211378 abort: 78622 (0/78622/0), network size: 0, avg network size: 0, si_in_serializable: 0 0 %, local: 0 %
I1126 13:22:11.520634 929089 Coordinator.h:126] commit: 1192592 abort: 77408 (0/77408/0), network size: 0, avg network size: 0, si_in_serializable: 0 0 %, local: 0 %
I1126 13:22:11.520660 929089 Coordinator.h:152] average commit: 1.19905e+06 abort: 77948.2 (0/77948.2/0), network size: 0, avg network size: 0, si_in_serializable: 0 0 %, local: 0 %
I1126 13:22:11.522656 929115 AriaExecutor.h:94] AriaExecutor 10 exits. 
I1126 13:22:11.522660 929111 AriaExecutor.h:94] AriaExecutor 6 exits. 
I1126 13:22:11.522660 929113 AriaExecutor.h:94] AriaExecutor 8 exits. 
I1126 13:22:11.522662 929107 AriaExecutor.h:94] AriaExecutor 2 exits. 
I1126 13:22:11.522668 929116 AriaExecutor.h:94] AriaExecutor 11 exits. 
I1126 13:22:11.522662 929117 Manager.h:227] Manager(worker id = 12) on the coordinator node exits.
I1126 13:22:11.522670 929114 AriaExecutor.h:94] AriaExecutor 9 exits. 
I1126 13:22:11.522670 929110 AriaExecutor.h:94] AriaExecutor 5 exits. 
I1126 13:22:11.522670 929108 AriaExecutor.h:94] AriaExecutor 3 exits. 
I1126 13:22:11.522668 929106 AriaExecutor.h:94] AriaExecutor 1 exits. 
I1126 13:22:11.522657 929105 AriaExecutor.h:94] AriaExecutor 0 exits. 
I1126 13:22:11.522668 929112 AriaExecutor.h:94] AriaExecutor 7 exits. 
I1126 13:22:11.522660 929109 AriaExecutor.h:94] AriaExecutor 4 exits. 
I1126 13:22:11.520673 929089 AriaExecutor.h:535] Worker 0 latency: 4979 us (50%) 6133 us (75%) 7046 us (95%) 7364 us (99%).
I1126 13:22:11.623167 929089 AriaExecutor.h:535] Worker 1 latency: 4932 us (50%) 6105 us (75%) 7036 us (95%) 7347 us (99%).
I1126 13:22:11.726052 929089 AriaExecutor.h:535] Worker 2 latency: 4997 us (50%) 6143 us (75%) 7048 us (95%) 7359 us (99%).
I1126 13:22:11.830008 929089 AriaExecutor.h:535] Worker 3 latency: 4884 us (50%) 6081 us (75%) 7029 us (95%) 7341 us (99%).
I1126 13:22:11.935719 929089 AriaExecutor.h:535] Worker 4 latency: 4956 us (50%) 6124 us (75%) 7044 us (95%) 7364 us (99%).
I1126 13:22:12.038550 929089 AriaExecutor.h:535] Worker 5 latency: 4929 us (50%) 6101 us (75%) 7035 us (95%) 7346 us (99%).
I1126 13:22:12.141551 929089 AriaExecutor.h:535] Worker 6 latency: 4868 us (50%) 6077 us (75%) 7029 us (95%) 7340 us (99%).
I1126 13:22:12.244751 929089 AriaExecutor.h:535] Worker 7 latency: 4852 us (50%) 6063 us (75%) 7023 us (95%) 7338 us (99%).
I1126 13:22:12.350059 929089 AriaExecutor.h:535] Worker 8 latency: 4941 us (50%) 6116 us (75%) 7042 us (95%) 7360 us (99%).
I1126 13:22:12.453308 929089 AriaExecutor.h:535] Worker 9 latency: 4892 us (50%) 6083 us (75%) 7030 us (95%) 7345 us (99%).
I1126 13:22:12.558498 929089 AriaExecutor.h:535] Worker 10 latency: 4995 us (50%) 6143 us (75%) 7049 us (95%) 7364 us (99%).
I1126 13:22:12.661295 929089 AriaExecutor.h:535] Worker 11 latency: 4856 us (50%) 6067 us (75%) 7022 us (95%) 7327 us (99%).
I1126 13:22:12.764988 929089 Coordinator.h:177] total commit: 1.19905e+06
I1126 13:22:13.765108 929089 Coordinator.h:192] Coordinator exits.
