I1126 18:22:44.202994 1077006 Database.h:65] ycsb initialization finished in 29 milliseconds.
I1126 18:22:44.203092 1077006 Coordinator.h:30] Coordinator initializes 12 workers.
I1126 18:22:44.210032 1077006 Coordinator.h:77] Coordinator starts to run 13 workers.
I1126 18:22:44.210085 1077022 AriaExecutor.h:91] AriaExecutor 0 started. 
I1126 18:22:44.210124 1077023 AriaExecutor.h:91] AriaExecutor 1 started. 
I1126 18:22:44.210160 1077024 AriaExecutor.h:91] AriaExecutor 2 started. 
I1126 18:22:44.210211 1077025 AriaExecutor.h:91] AriaExecutor 3 started. 
I1126 18:22:44.210279 1077027 AriaExecutor.h:91] AriaExecutor 5 started. 
I1126 18:22:44.210331 1077028 AriaExecutor.h:91] AriaExecutor 6 started. 
I1126 18:22:44.210376 1077029 AriaExecutor.h:91] AriaExecutor 7 started. 
I1126 18:22:44.210426 1077030 AriaExecutor.h:91] AriaExecutor 8 started. 
I1126 18:22:44.210467 1077031 AriaExecutor.h:91] AriaExecutor 9 started. 
I1126 18:22:44.210498 1077032 AriaExecutor.h:91] AriaExecutor 10 started. 
I1126 18:22:44.210554 1077033 AriaExecutor.h:91] AriaExecutor 11 started. 
I1126 18:22:44.210582 1077026 AriaExecutor.h:91] AriaExecutor 4 started. 
I1126 18:22:44.210584 1077034 Manager.h:224] Manager(worker id = 12) on the coordinator node started.
I1126 18:22:45.210649 1077006 Coordinator.h:126] commit: 220089 abort: 1279911 (0/1279911/0), network size: 0, avg network size: 0, si_in_serializable: 0 0 %, local: 0 %
I1126 18:22:46.210763 1077006 Coordinator.h:126] commit: 219704 abort: 1280296 (0/1280296/0), network size: 0, avg network size: 0, si_in_serializable: 0 0 %, local: 0 %
I1126 18:22:47.210863 1077006 Coordinator.h:126] commit: 223704 abort: 1296296 (0/1296296/0), network size: 0, avg network size: 0, si_in_serializable: 0 0 %, local: 0 %
I1126 18:22:48.210954 1077006 Coordinator.h:126] commit: 221872 abort: 1288128 (0/1288128/0), network size: 0, avg network size: 0, si_in_serializable: 0 0 %, local: 0 %
I1126 18:22:49.211035 1077006 Coordinator.h:126] commit: 223076 abort: 1296924 (0/1296924/0), network size: 0, avg network size: 0, si_in_serializable: 0 0 %, local: 0 %
I1126 18:22:50.211134 1077006 Coordinator.h:126] commit: 220084 abort: 1279916 (0/1279916/0), network size: 0, avg network size: 0, si_in_serializable: 0 0 %, local: 0 %
I1126 18:22:51.211223 1077006 Coordinator.h:126] commit: 223406 abort: 1296594 (0/1296594/0), network size: 0, avg network size: 0, si_in_serializable: 0 0 %, local: 0 %
I1126 18:22:52.211323 1077006 Coordinator.h:126] commit: 220266 abort: 1279734 (0/1279734/0), network size: 0, avg network size: 0, si_in_serializable: 0 0 %, local: 0 %
I1126 18:22:53.211411 1077006 Coordinator.h:126] commit: 224800 abort: 1305200 (0/1305200/0), network size: 0, avg network size: 0, si_in_serializable: 0 0 %, local: 0 %
I1126 18:22:54.211490 1077006 Coordinator.h:126] commit: 222540 abort: 1287460 (0/1287460/0), network size: 0, avg network size: 0, si_in_serializable: 0 0 %, local: 0 %
I1126 18:22:55.211575 1077006 Coordinator.h:126] commit: 224134 abort: 1305866 (0/1305866/0), network size: 0, avg network size: 0, si_in_serializable: 0 0 %, local: 0 %
I1126 18:22:56.211652 1077006 Coordinator.h:126] commit: 220226 abort: 1279774 (0/1279774/0), network size: 0, avg network size: 0, si_in_serializable: 0 0 %, local: 0 %
I1126 18:22:57.211730 1077006 Coordinator.h:126] commit: 223194 abort: 1296806 (0/1296806/0), network size: 0, avg network size: 0, si_in_serializable: 0 0 %, local: 0 %
I1126 18:22:58.211807 1077006 Coordinator.h:126] commit: 223384 abort: 1296616 (0/1296616/0), network size: 0, avg network size: 0, si_in_serializable: 0 0 %, local: 0 %
I1126 18:22:59.211889 1077006 Coordinator.h:126] commit: 218830 abort: 1271170 (0/1271170/0), network size: 0, avg network size: 0, si_in_serializable: 0 0 %, local: 0 %
I1126 18:23:00.211984 1077006 Coordinator.h:126] commit: 221966 abort: 1288034 (0/1288034/0), network size: 0, avg network size: 0, si_in_serializable: 0 0 %, local: 0 %
I1126 18:23:01.212080 1077006 Coordinator.h:126] commit: 222559 abort: 1297441 (0/1297441/0), network size: 0, avg network size: 0, si_in_serializable: 0 0 %, local: 0 %
I1126 18:23:02.212162 1077006 Coordinator.h:126] commit: 223471 abort: 1296529 (0/1296529/0), network size: 0, avg network size: 0, si_in_serializable: 0 0 %, local: 0 %
I1126 18:23:03.212253 1077006 Coordinator.h:126] commit: 223585 abort: 1296415 (0/1296415/0), network size: 0, avg network size: 0, si_in_serializable: 0 0 %, local: 0 %
I1126 18:23:04.212332 1077006 Coordinator.h:126] commit: 220575 abort: 1289425 (0/1289425/0), network size: 0, avg network size: 0, si_in_serializable: 0 0 %, local: 0 %
I1126 18:23:05.212414 1077006 Coordinator.h:126] commit: 224445 abort: 1305555 (0/1305555/0), network size: 0, avg network size: 0, si_in_serializable: 0 0 %, local: 0 %
I1126 18:23:06.212504 1077006 Coordinator.h:126] commit: 220785 abort: 1289215 (0/1289215/0), network size: 0, avg network size: 0, si_in_serializable: 0 0 %, local: 0 %
I1126 18:23:07.212611 1077006 Coordinator.h:126] commit: 224207 abort: 1295793 (0/1295793/0), network size: 0, avg network size: 0, si_in_serializable: 0 0 %, local: 0 %
I1126 18:23:08.212693 1077006 Coordinator.h:126] commit: 223662 abort: 1296338 (0/1296338/0), network size: 0, avg network size: 0, si_in_serializable: 0 0 %, local: 0 %
I1126 18:23:09.212781 1077006 Coordinator.h:126] commit: 223503 abort: 1296497 (0/1296497/0), network size: 0, avg network size: 0, si_in_serializable: 0 0 %, local: 0 %
I1126 18:23:09.212793 1077006 Coordinator.h:152] average commit: 222192 abort: 1.29181e+06 (0/1.29181e+06/0), network size: 0, avg network size: 0, si_in_serializable: 0 0 %, local: 0 %
I1126 18:23:09.214630 1077034 Manager.h:227] Manager(worker id = 12) on the coordinator node exits.
I1126 18:23:09.214633 1077026 AriaExecutor.h:103] AriaExecutor 4 exits. 
I1126 18:23:09.214630 1077028 AriaExecutor.h:103] AriaExecutor 6 exits. 
I1126 18:23:09.214645 1077033 AriaExecutor.h:103] AriaExecutor 11 exits. 
I1126 18:23:09.214634 1077024 AriaExecutor.h:103] AriaExecutor 2 exits. 
I1126 18:23:09.214635 1077022 AriaExecutor.h:103] AriaExecutor 0 exits. 
I1126 18:23:09.214646 1077030 AriaExecutor.h:103] AriaExecutor 8 exits. 
I1126 18:23:09.214645 1077031 AriaExecutor.h:103] AriaExecutor 9 exits. 
I1126 18:23:09.214648 1077029 AriaExecutor.h:103] AriaExecutor 7 exits. 
I1126 18:23:09.214648 1077023 AriaExecutor.h:103] AriaExecutor 1 exits. 
I1126 18:23:09.214635 1077032 AriaExecutor.h:103] AriaExecutor 10 exits. 
I1126 18:23:09.214650 1077027 AriaExecutor.h:103] AriaExecutor 5 exits. 
I1126 18:23:09.214650 1077025 AriaExecutor.h:103] AriaExecutor 3 exits. 
I1126 18:23:09.212803 1077006 AriaExecutor.h:621] Worker 0 latency: 5779 us (50%) 6146 us (75%) 6339 us (95%) 6421 us (99%).
I1126 18:23:09.233709 1077006 AriaExecutor.h:621] Worker 1 latency: 5774 us (50%) 6143 us (75%) 6336 us (95%) 6418 us (99%).
I1126 18:23:09.255025 1077006 AriaExecutor.h:621] Worker 2 latency: 5775 us (50%) 6143 us (75%) 6337 us (95%) 6420 us (99%).
I1126 18:23:09.275808 1077006 AriaExecutor.h:621] Worker 3 latency: 5776 us (50%) 6143 us (75%) 6336 us (95%) 6418 us (99%).
I1126 18:23:09.297192 1077006 AriaExecutor.h:621] Worker 4 latency: 5774 us (50%) 6143 us (75%) 6336 us (95%) 6418 us (99%).
I1126 18:23:09.318173 1077006 AriaExecutor.h:621] Worker 5 latency: 5772 us (50%) 6142 us (75%) 6336 us (95%) 6419 us (99%).
I1126 18:23:09.339495 1077006 AriaExecutor.h:621] Worker 6 latency: 5775 us (50%) 6144 us (75%) 6336 us (95%) 6419 us (99%).
I1126 18:23:09.361071 1077006 AriaExecutor.h:621] Worker 7 latency: 5776 us (50%) 6142 us (75%) 6335 us (95%) 6417 us (99%).
I1126 18:23:09.382164 1077006 AriaExecutor.h:621] Worker 8 latency: 5773 us (50%) 6143 us (75%) 6337 us (95%) 6421 us (99%).
I1126 18:23:09.403416 1077006 AriaExecutor.h:621] Worker 9 latency: 5773 us (50%) 6141 us (75%) 6335 us (95%) 6418 us (99%).
I1126 18:23:09.424440 1077006 AriaExecutor.h:621] Worker 10 latency: 5774 us (50%) 6143 us (75%) 6336 us (95%) 6420 us (99%).
I1126 18:23:09.445066 1077006 AriaExecutor.h:621] Worker 11 latency: 5768 us (50%) 6139 us (75%) 6335 us (95%) 6416 us (99%).
I1126 18:23:09.466217 1077006 Coordinator.h:177] total commit: 222192
I1126 18:23:10.466332 1077006 Coordinator.h:192] Coordinator exits.
