I1126 16:09:21.395082 1032796 Database.h:65] ycsb initialization finished in 30 milliseconds.
I1126 16:09:21.395180 1032796 Coordinator.h:30] Coordinator initializes 12 workers.
I1126 16:09:21.402943 1032796 Coordinator.h:77] Coordinator starts to run 13 workers.
I1126 16:09:21.402995 1032812 AriaExecutor.h:93] AriaExecutor 0 started. 
I1126 16:09:21.403025 1032813 AriaExecutor.h:93] AriaExecutor 1 started. 
I1126 16:09:21.403069 1032814 AriaExecutor.h:93] AriaExecutor 2 started. 
I1126 16:09:21.403110 1032815 AriaExecutor.h:93] AriaExecutor 3 started. 
I1126 16:09:21.403191 1032817 AriaExecutor.h:93] AriaExecutor 5 started. 
I1126 16:09:21.403237 1032818 AriaExecutor.h:93] AriaExecutor 6 started. 
I1126 16:09:21.403280 1032819 AriaExecutor.h:93] AriaExecutor 7 started. 
I1126 16:09:21.403318 1032820 AriaExecutor.h:93] AriaExecutor 8 started. 
I1126 16:09:21.403370 1032821 AriaExecutor.h:93] AriaExecutor 9 started. 
I1126 16:09:21.403411 1032822 AriaExecutor.h:93] AriaExecutor 10 started. 
I1126 16:09:21.403461 1032823 AriaExecutor.h:93] AriaExecutor 11 started. 
I1126 16:09:21.403493 1032816 AriaExecutor.h:93] AriaExecutor 4 started. 
I1126 16:09:21.403496 1032824 Manager.h:224] Manager(worker id = 12) on the coordinator node started.
I1126 16:09:22.403559 1032796 Coordinator.h:126] commit: 768347 abort: 105653 (0/105653/0), network size: 0, avg network size: 0, si_in_serializable: 0 0 %, local: 0 %
I1126 16:09:23.403671 1032796 Coordinator.h:126] commit: 762284 abort: 103716 (0/103716/0), network size: 0, avg network size: 0, si_in_serializable: 0 0 %, local: 0 %
I1126 16:09:24.403779 1032796 Coordinator.h:126] commit: 767059 abort: 104941 (0/104941/0), network size: 0, avg network size: 0, si_in_serializable: 0 0 %, local: 0 %
I1126 16:09:25.403874 1032796 Coordinator.h:126] commit: 774754 abort: 106246 (0/106246/0), network size: 0, avg network size: 0, si_in_serializable: 0 0 %, local: 0 %
I1126 16:09:26.403976 1032796 Coordinator.h:126] commit: 764367 abort: 104633 (0/104633/0), network size: 0, avg network size: 0, si_in_serializable: 0 0 %, local: 0 %
I1126 16:09:27.404071 1032796 Coordinator.h:126] commit: 767590 abort: 105410 (0/105410/0), network size: 0, avg network size: 0, si_in_serializable: 0 0 %, local: 0 %
I1126 16:09:28.404179 1032796 Coordinator.h:126] commit: 771388 abort: 105612 (0/105612/0), network size: 0, avg network size: 0, si_in_serializable: 0 0 %, local: 0 %
I1126 16:09:29.404269 1032796 Coordinator.h:126] commit: 776584 abort: 106416 (0/106416/0), network size: 0, avg network size: 0, si_in_serializable: 0 0 %, local: 0 %
I1126 16:09:30.404357 1032796 Coordinator.h:126] commit: 750364 abort: 102636 (0/102636/0), network size: 0, avg network size: 0, si_in_serializable: 0 0 %, local: 0 %
I1126 16:09:31.404464 1032796 Coordinator.h:126] commit: 775318 abort: 106682 (0/106682/0), network size: 0, avg network size: 0, si_in_serializable: 0 0 %, local: 0 %
I1126 16:09:32.404556 1032796 Coordinator.h:126] commit: 776405 abort: 105595 (0/105595/0), network size: 0, avg network size: 0, si_in_serializable: 0 0 %, local: 0 %
I1126 16:09:33.404637 1032796 Coordinator.h:126] commit: 775912 abort: 107088 (0/107088/0), network size: 0, avg network size: 0, si_in_serializable: 0 0 %, local: 0 %
I1126 16:09:34.404726 1032796 Coordinator.h:126] commit: 775451 abort: 106549 (0/106549/0), network size: 0, avg network size: 0, si_in_serializable: 0 0 %, local: 0 %
I1126 16:09:35.404807 1032796 Coordinator.h:126] commit: 765683 abort: 104317 (0/104317/0), network size: 0, avg network size: 0, si_in_serializable: 0 0 %, local: 0 %
I1126 16:09:36.404906 1032796 Coordinator.h:126] commit: 776696 abort: 106304 (0/106304/0), network size: 0, avg network size: 0, si_in_serializable: 0 0 %, local: 0 %
I1126 16:09:37.405025 1032796 Coordinator.h:126] commit: 773548 abort: 105452 (0/105452/0), network size: 0, avg network size: 0, si_in_serializable: 0 0 %, local: 0 %
I1126 16:09:38.405122 1032796 Coordinator.h:126] commit: 728043 abort: 99957 (0/99957/0), network size: 0, avg network size: 0, si_in_serializable: 0 0 %, local: 0 %
I1126 16:09:39.405206 1032796 Coordinator.h:126] commit: 774736 abort: 106264 (0/106264/0), network size: 0, avg network size: 0, si_in_serializable: 0 0 %, local: 0 %
I1126 16:09:40.405296 1032796 Coordinator.h:126] commit: 776030 abort: 105970 (0/105970/0), network size: 0, avg network size: 0, si_in_serializable: 0 0 %, local: 0 %
I1126 16:09:41.405398 1032796 Coordinator.h:126] commit: 773420 abort: 105580 (0/105580/0), network size: 0, avg network size: 0, si_in_serializable: 0 0 %, local: 0 %
I1126 16:09:42.405491 1032796 Coordinator.h:126] commit: 776462 abort: 106029 (0/106029/0), network size: 0, avg network size: 0, si_in_serializable: 0 0 %, local: 0 %
I1126 16:09:43.405577 1032796 Coordinator.h:126] commit: 774147 abort: 106361 (0/106361/0), network size: 0, avg network size: 0, si_in_serializable: 0 0 %, local: 0 %
I1126 16:09:44.405660 1032796 Coordinator.h:126] commit: 775560 abort: 106440 (0/106440/0), network size: 0, avg network size: 0, si_in_serializable: 0 0 %, local: 0 %
I1126 16:09:45.405747 1032796 Coordinator.h:126] commit: 770968 abort: 106032 (0/106032/0), network size: 0, avg network size: 0, si_in_serializable: 0 0 %, local: 0 %
I1126 16:09:46.405874 1032796 Coordinator.h:126] commit: 769216 abort: 104784 (0/104784/0), network size: 0, avg network size: 0, si_in_serializable: 0 0 %, local: 0 %
I1126 16:09:46.405910 1032796 Coordinator.h:152] average commit: 769592 abort: 105308 (0/105308/0), network size: 0, avg network size: 0, si_in_serializable: 0 0 %, local: 0 %
I1126 16:09:46.406447 1032816 AriaExecutor.h:105] AriaExecutor 4 exits. 
I1126 16:09:46.406461 1032812 AriaExecutor.h:105] AriaExecutor 0 exits. 
I1126 16:09:46.406451 1032820 AriaExecutor.h:105] AriaExecutor 8 exits. 
I1126 16:09:46.406461 1032819 AriaExecutor.h:105] AriaExecutor 7 exits. 
I1126 16:09:46.406452 1032824 Manager.h:227] Manager(worker id = 12) on the coordinator node exits.
I1126 16:09:46.406463 1032817 AriaExecutor.h:105] AriaExecutor 5 exits. 
I1126 16:09:46.406466 1032815 AriaExecutor.h:105] AriaExecutor 3 exits. 
I1126 16:09:46.406466 1032814 AriaExecutor.h:105] AriaExecutor 2 exits. 
I1126 16:09:46.406461 1032821 AriaExecutor.h:105] AriaExecutor 9 exits. 
I1126 16:09:46.406462 1032818 AriaExecutor.h:105] AriaExecutor 6 exits. 
I1126 16:09:46.406461 1032822 AriaExecutor.h:105] AriaExecutor 10 exits. 
I1126 16:09:46.406474 1032813 AriaExecutor.h:105] AriaExecutor 1 exits. 
I1126 16:09:46.406462 1032823 AriaExecutor.h:105] AriaExecutor 11 exits. 
I1126 16:09:46.405918 1032796 AriaExecutor.h:672] Worker 0 latency: 690 us (50%) 899 us (75%) 1056 us (95%) 1089 us (99%).
I1126 16:09:46.478432 1032796 AriaExecutor.h:672] Worker 1 latency: 690 us (50%) 898 us (75%) 1055 us (95%) 1088 us (99%).
I1126 16:09:46.556649 1032796 AriaExecutor.h:672] Worker 2 latency: 691 us (50%) 899 us (75%) 1056 us (95%) 1089 us (99%).
I1126 16:09:46.626586 1032796 AriaExecutor.h:672] Worker 3 latency: 691 us (50%) 898 us (75%) 1055 us (95%) 1088 us (99%).
I1126 16:09:46.703778 1032796 AriaExecutor.h:672] Worker 4 latency: 696 us (50%) 901 us (75%) 1057 us (95%) 1089 us (99%).
I1126 16:09:46.773298 1032796 AriaExecutor.h:672] Worker 5 latency: 693 us (50%) 899 us (75%) 1055 us (95%) 1088 us (99%).
I1126 16:09:46.849799 1032796 AriaExecutor.h:672] Worker 6 latency: 696 us (50%) 901 us (75%) 1056 us (95%) 1089 us (99%).
I1126 16:09:46.919121 1032796 AriaExecutor.h:672] Worker 7 latency: 694 us (50%) 899 us (75%) 1055 us (95%) 1088 us (99%).
I1126 16:09:46.994920 1032796 AriaExecutor.h:672] Worker 8 latency: 694 us (50%) 900 us (75%) 1056 us (95%) 1089 us (99%).
I1126 16:09:47.064041 1032796 AriaExecutor.h:672] Worker 9 latency: 693 us (50%) 899 us (75%) 1055 us (95%) 1088 us (99%).
I1126 16:09:47.140409 1032796 AriaExecutor.h:672] Worker 10 latency: 694 us (50%) 900 us (75%) 1056 us (95%) 1089 us (99%).
I1126 16:09:47.209686 1032796 AriaExecutor.h:672] Worker 11 latency: 694 us (50%) 899 us (75%) 1055 us (95%) 1088 us (99%).
I1126 16:09:47.286118 1032796 Coordinator.h:177] total commit: 769592
I1126 16:09:48.286242 1032796 Coordinator.h:192] Coordinator exits.
