I1126 15:36:29.963188 1011805 Database.h:65] ycsb initialization finished in 30 milliseconds.
I1126 15:36:29.963279 1011805 Coordinator.h:30] Coordinator initializes 12 workers.
I1126 15:36:29.964181 1011805 Coordinator.h:77] Coordinator starts to run 13 workers.
I1126 15:36:29.964238 1011821 AriaExecutor.h:95] AriaExecutor 0 started. 
I1126 15:36:29.964282 1011822 AriaExecutor.h:95] AriaExecutor 1 started. 
I1126 15:36:29.964326 1011823 AriaExecutor.h:95] AriaExecutor 2 started. 
I1126 15:36:29.964375 1011824 AriaExecutor.h:95] AriaExecutor 3 started. 
I1126 15:36:29.964466 1011826 AriaExecutor.h:95] AriaExecutor 5 started. 
I1126 15:36:29.964506 1011827 AriaExecutor.h:95] AriaExecutor 6 started. 
I1126 15:36:29.964543 1011828 AriaExecutor.h:95] AriaExecutor 7 started. 
I1126 15:36:29.964578 1011829 AriaExecutor.h:95] AriaExecutor 8 started. 
I1126 15:36:29.964622 1011830 AriaExecutor.h:95] AriaExecutor 9 started. 
I1126 15:36:29.964654 1011831 AriaExecutor.h:95] AriaExecutor 10 started. 
I1126 15:36:29.964707 1011832 AriaExecutor.h:95] AriaExecutor 11 started. 
I1126 15:36:29.964740 1011825 AriaExecutor.h:95] AriaExecutor 4 started. 
I1126 15:36:29.964743 1011833 Manager.h:224] Manager(worker id = 12) on the coordinator node started.
I1126 15:36:30.964809 1011805 Coordinator.h:126] commit: 852790 abort: 444210 (0/444210/0), network size: 0, avg network size: 0, si_in_serializable: 0 0 %, local: 0 %
I1126 15:36:31.964936 1011805 Coordinator.h:126] commit: 837408 abort: 436592 (0/436592/0), network size: 0, avg network size: 0, si_in_serializable: 0 0 %, local: 0 %
I1126 15:36:32.965039 1011805 Coordinator.h:126] commit: 855808 abort: 446192 (0/446192/0), network size: 0, avg network size: 0, si_in_serializable: 0 0 %, local: 0 %
I1126 15:36:33.965129 1011805 Coordinator.h:126] commit: 848531 abort: 440469 (0/440469/0), network size: 0, avg network size: 0, si_in_serializable: 0 0 %, local: 0 %
I1126 15:36:34.965211 1011805 Coordinator.h:126] commit: 857303 abort: 445697 (0/445697/0), network size: 0, avg network size: 0, si_in_serializable: 0 0 %, local: 0 %
I1126 15:36:35.965293 1011805 Coordinator.h:126] commit: 849462 abort: 441538 (0/441538/0), network size: 0, avg network size: 0, si_in_serializable: 0 0 %, local: 0 %
I1126 15:36:36.965408 1011805 Coordinator.h:126] commit: 854934 abort: 444066 (0/444066/0), network size: 0, avg network size: 0, si_in_serializable: 0 0 %, local: 0 %
I1126 15:36:37.965490 1011805 Coordinator.h:126] commit: 823283 abort: 428717 (0/428717/0), network size: 0, avg network size: 0, si_in_serializable: 0 0 %, local: 0 %
I1126 15:36:38.965566 1011805 Coordinator.h:126] commit: 858795 abort: 446205 (0/446205/0), network size: 0, avg network size: 0, si_in_serializable: 0 0 %, local: 0 %
I1126 15:36:39.965655 1011805 Coordinator.h:126] commit: 860013 abort: 446987 (0/446987/0), network size: 0, avg network size: 0, si_in_serializable: 0 0 %, local: 0 %
I1126 15:36:40.965739 1011805 Coordinator.h:126] commit: 858446 abort: 444554 (0/444554/0), network size: 0, avg network size: 0, si_in_serializable: 0 0 %, local: 0 %
I1126 15:36:41.965840 1011805 Coordinator.h:126] commit: 850764 abort: 443628 (0/443628/0), network size: 0, avg network size: 0, si_in_serializable: 0 0 %, local: 0 %
I1126 15:36:42.965941 1011805 Coordinator.h:126] commit: 845487 abort: 440109 (0/440109/0), network size: 0, avg network size: 0, si_in_serializable: 0 0 %, local: 0 %
I1126 15:36:43.966029 1011805 Coordinator.h:126] commit: 860877 abort: 448135 (0/448135/0), network size: 0, avg network size: 0, si_in_serializable: 0 0 %, local: 0 %
I1126 15:36:44.966115 1011805 Coordinator.h:126] commit: 791431 abort: 410569 (0/410569/0), network size: 0, avg network size: 0, si_in_serializable: 0 0 %, local: 0 %
I1126 15:36:45.966204 1011805 Coordinator.h:126] commit: 860221 abort: 447779 (0/447779/0), network size: 0, avg network size: 0, si_in_serializable: 0 0 %, local: 0 %
I1126 15:36:46.966325 1011805 Coordinator.h:126] commit: 858336 abort: 446664 (0/446664/0), network size: 0, avg network size: 0, si_in_serializable: 0 0 %, local: 0 %
I1126 15:36:47.966408 1011805 Coordinator.h:126] commit: 860530 abort: 448470 (0/448470/0), network size: 0, avg network size: 0, si_in_serializable: 0 0 %, local: 0 %
I1126 15:36:48.966480 1011805 Coordinator.h:126] commit: 859607 abort: 446393 (0/446393/0), network size: 0, avg network size: 0, si_in_serializable: 0 0 %, local: 0 %
I1126 15:36:49.966553 1011805 Coordinator.h:126] commit: 861647 abort: 447353 (0/447353/0), network size: 0, avg network size: 0, si_in_serializable: 0 0 %, local: 0 %
I1126 15:36:50.966634 1011805 Coordinator.h:126] commit: 858159 abort: 446841 (0/446841/0), network size: 0, avg network size: 0, si_in_serializable: 0 0 %, local: 0 %
I1126 15:36:51.966738 1011805 Coordinator.h:126] commit: 859846 abort: 448154 (0/448154/0), network size: 0, avg network size: 0, si_in_serializable: 0 0 %, local: 0 %
I1126 15:36:52.966830 1011805 Coordinator.h:126] commit: 858049 abort: 444951 (0/444951/0), network size: 0, avg network size: 0, si_in_serializable: 0 0 %, local: 0 %
I1126 15:36:53.966926 1011805 Coordinator.h:126] commit: 860769 abort: 448225 (0/448225/0), network size: 0, avg network size: 0, si_in_serializable: 0 0 %, local: 0 %
I1126 15:36:54.967028 1011805 Coordinator.h:126] commit: 860119 abort: 445887 (0/445887/0), network size: 0, avg network size: 0, si_in_serializable: 0 0 %, local: 0 %
I1126 15:36:54.967059 1011805 Coordinator.h:152] average commit: 850735 abort: 442365 (0/442365/0), network size: 0, avg network size: 0, si_in_serializable: 0 0 %, local: 0 %
I1126 15:36:54.967155 1011825 AriaExecutor.h:107] AriaExecutor 4 exits. 
I1126 15:36:54.967155 1011823 AriaExecutor.h:107] AriaExecutor 2 exits. 
I1126 15:36:54.967156 1011821 AriaExecutor.h:107] AriaExecutor 0 exits. 
I1126 15:36:54.967170 1011832 AriaExecutor.h:107] AriaExecutor 11 exits. 
I1126 15:36:54.967160 1011833 Manager.h:227] Manager(worker id = 12) on the coordinator node exits.
I1126 15:36:54.967159 1011829 AriaExecutor.h:107] AriaExecutor 8 exits. 
I1126 15:36:54.967170 1011828 AriaExecutor.h:107] AriaExecutor 7 exits. 
I1126 15:36:54.967170 1011830 AriaExecutor.h:107] AriaExecutor 9 exits. 
I1126 15:36:54.967171 1011822 AriaExecutor.h:107] AriaExecutor 1 exits. 
I1126 15:36:54.967159 1011831 AriaExecutor.h:107] AriaExecutor 10 exits. 
I1126 15:36:54.967171 1011824 AriaExecutor.h:107] AriaExecutor 3 exits. 
I1126 15:36:54.967157 1011827 AriaExecutor.h:107] AriaExecutor 6 exits. 
I1126 15:36:54.967170 1011826 AriaExecutor.h:107] AriaExecutor 5 exits. 
I1126 15:36:54.967069 1011805 AriaExecutor.h:705] Worker 0 latency: 604 us (50%) 658 us (75%) 696 us (95%) 712 us (99%).
I1126 15:36:55.035265 1011805 AriaExecutor.h:705] Worker 1 latency: 603 us (50%) 656 us (75%) 695 us (95%) 711 us (99%).
I1126 15:36:55.102993 1011805 AriaExecutor.h:705] Worker 2 latency: 604 us (50%) 657 us (75%) 695 us (95%) 711 us (99%).
I1126 15:36:55.172170 1011805 AriaExecutor.h:705] Worker 3 latency: 604 us (50%) 657 us (75%) 695 us (95%) 711 us (99%).
I1126 15:36:55.248459 1011805 AriaExecutor.h:705] Worker 4 latency: 604 us (50%) 656 us (75%) 695 us (95%) 711 us (99%).
I1126 15:36:55.315258 1011805 AriaExecutor.h:705] Worker 5 latency: 603 us (50%) 656 us (75%) 694 us (95%) 710 us (99%).
I1126 15:36:55.390997 1011805 AriaExecutor.h:705] Worker 6 latency: 606 us (50%) 658 us (75%) 695 us (95%) 711 us (99%).
I1126 15:36:55.459276 1011805 AriaExecutor.h:705] Worker 7 latency: 605 us (50%) 656 us (75%) 694 us (95%) 710 us (99%).
I1126 15:36:55.533833 1011805 AriaExecutor.h:705] Worker 8 latency: 606 us (50%) 658 us (75%) 695 us (95%) 711 us (99%).
I1126 15:36:55.600420 1011805 AriaExecutor.h:705] Worker 9 latency: 605 us (50%) 657 us (75%) 695 us (95%) 710 us (99%).
I1126 15:36:55.676122 1011805 AriaExecutor.h:705] Worker 10 latency: 606 us (50%) 657 us (75%) 695 us (95%) 711 us (99%).
I1126 15:36:55.742542 1011805 AriaExecutor.h:705] Worker 11 latency: 606 us (50%) 657 us (75%) 695 us (95%) 711 us (99%).
I1126 15:36:55.818186 1011805 Coordinator.h:177] total commit: 850735
I1126 15:36:56.818300 1011805 Coordinator.h:192] Coordinator exits.
