I0911 23:55:18.444886 2951997 Database.h:65] ycsb initialization finished in 146 milliseconds.
I0911 23:55:18.445013 2951997 Coordinator.h:30] Coordinator initializes 16 workers.
I0911 23:55:18.453285 2951997 Coordinator.h:77] Coordinator starts to run 17 workers.
I0911 23:55:18.453332 2952017 AriaExecutor.h:82] AriaExecutor 0 started. 
I0911 23:55:18.453365 2952018 AriaExecutor.h:82] AriaExecutor 1 started. 
I0911 23:55:18.453406 2952019 AriaExecutor.h:82] AriaExecutor 2 started. 
I0911 23:55:18.453462 2952020 AriaExecutor.h:82] AriaExecutor 3 started. 
I0911 23:55:18.453490 2952021 AriaExecutor.h:82] AriaExecutor 4 started. 
I0911 23:55:18.453552 2952022 AriaExecutor.h:82] AriaExecutor 5 started. 
I0911 23:55:18.453579 2952023 AriaExecutor.h:82] AriaExecutor 6 started. 
I0911 23:55:18.453624 2952024 AriaExecutor.h:82] AriaExecutor 7 started. 
I0911 23:55:18.453661 2952025 AriaExecutor.h:82] AriaExecutor 8 started. 
I0911 23:55:18.453701 2952026 AriaExecutor.h:82] AriaExecutor 9 started. 
I0911 23:55:18.453737 2952027 AriaExecutor.h:82] AriaExecutor 10 started. 
I0911 23:55:18.453794 2952028 AriaExecutor.h:82] AriaExecutor 11 started. 
I0911 23:55:18.453828 2952029 AriaExecutor.h:82] AriaExecutor 12 started. 
I0911 23:55:18.453871 2952030 AriaExecutor.h:82] AriaExecutor 13 started. 
I0911 23:55:18.453907 2952031 AriaExecutor.h:82] AriaExecutor 14 started. 
I0911 23:55:18.453949 2952032 AriaExecutor.h:82] AriaExecutor 15 started. 
I0911 23:55:18.453984 2952033 Manager.h:224] Manager(worker id = 16) on the coordinator node started.
I0911 23:55:19.454036 2951997 Coordinator.h:126] commit: 1268832 abort: 32672 (0/32672/0), network size: 0, avg network size: 0, si_in_serializable: 0 0 %, local: 0 %
I0911 23:55:20.454144 2951997 Coordinator.h:126] commit: 1250936 abort: 32136 (0/32136/0), network size: 0, avg network size: 0, si_in_serializable: 0 0 %, local: 0 %
I0911 23:55:21.454221 2951997 Coordinator.h:126] commit: 1217246 abort: 31010 (0/31010/0), network size: 0, avg network size: 0, si_in_serializable: 0 0 %, local: 0 %
I0911 23:55:22.454294 2951997 Coordinator.h:126] commit: 1221315 abort: 31037 (0/31037/0), network size: 0, avg network size: 0, si_in_serializable: 0 0 %, local: 0 %
I0911 23:55:23.454389 2951997 Coordinator.h:126] commit: 1270641 abort: 32911 (0/32911/0), network size: 0, avg network size: 0, si_in_serializable: 0 0 %, local: 0 %
I0911 23:55:24.454468 2951997 Coordinator.h:126] commit: 1279941 abort: 32827 (0/32827/0), network size: 0, avg network size: 0, si_in_serializable: 0 0 %, local: 0 %
I0911 23:55:25.454537 2951997 Coordinator.h:126] commit: 1247255 abort: 31721 (0/31721/0), network size: 0, avg network size: 0, si_in_serializable: 0 0 %, local: 0 %
I0911 23:55:26.454610 2951997 Coordinator.h:126] commit: 1272777 abort: 32823 (0/32823/0), network size: 0, avg network size: 0, si_in_serializable: 0 0 %, local: 0 %
I0911 23:55:27.454686 2951997 Coordinator.h:126] commit: 1278007 abort: 32713 (0/32713/0), network size: 0, avg network size: 0, si_in_serializable: 0 0 %, local: 0 %
I0911 23:55:28.454761 2951997 Coordinator.h:126] commit: 1279735 abort: 33033 (0/33033/0), network size: 0, avg network size: 0, si_in_serializable: 0 0 %, local: 0 %
I0911 23:55:29.454833 2951997 Coordinator.h:126] commit: 1246447 abort: 31505 (0/31505/0), network size: 0, avg network size: 0, si_in_serializable: 0 0 %, local: 0 %
I0911 23:55:30.454908 2951997 Coordinator.h:126] commit: 1242147 abort: 31709 (0/31709/0), network size: 0, avg network size: 0, si_in_serializable: 0 0 %, local: 0 %
I0911 23:55:31.455005 2951997 Coordinator.h:126] commit: 1270816 abort: 32736 (0/32736/0), network size: 0, avg network size: 0, si_in_serializable: 0 0 %, local: 0 %
I0911 23:55:32.455089 2951997 Coordinator.h:126] commit: 1197049 abort: 30740 (0/30740/0), network size: 0, avg network size: 0, si_in_serializable: 0 0 %, local: 0 %
I0911 23:55:33.455161 2951997 Coordinator.h:126] commit: 1278544 abort: 33187 (0/33187/0), network size: 0, avg network size: 0, si_in_serializable: 0 0 %, local: 0 %
I0911 23:55:34.455235 2951997 Coordinator.h:126] commit: 1277090 abort: 32606 (0/32606/0), network size: 0, avg network size: 0, si_in_serializable: 0 0 %, local: 0 %
I0911 23:55:35.455308 2951997 Coordinator.h:126] commit: 1278030 abort: 32690 (0/32690/0), network size: 0, avg network size: 0, si_in_serializable: 0 0 %, local: 0 %
I0911 23:55:36.455381 2951997 Coordinator.h:126] commit: 1278893 abort: 32851 (0/32851/0), network size: 0, avg network size: 0, si_in_serializable: 0 0 %, local: 0 %
I0911 23:55:37.455456 2951997 Coordinator.h:126] commit: 1275935 abort: 32737 (0/32737/0), network size: 0, avg network size: 0, si_in_serializable: 0 0 %, local: 0 %
I0911 23:55:38.455530 2951997 Coordinator.h:126] commit: 1276002 abort: 32670 (0/32670/0), network size: 0, avg network size: 0, si_in_serializable: 0 0 %, local: 0 %
I0911 23:55:39.455607 2951997 Coordinator.h:126] commit: 1249983 abort: 32065 (0/32065/0), network size: 0, avg network size: 0, si_in_serializable: 0 0 %, local: 0 %
I0911 23:55:40.455684 2951997 Coordinator.h:126] commit: 1255186 abort: 31944 (0/31944/0), network size: 0, avg network size: 0, si_in_serializable: 0 0 %, local: 0 %
I0911 23:55:41.455783 2951997 Coordinator.h:126] commit: 1273864 abort: 32798 (0/32798/0), network size: 0, avg network size: 0, si_in_serializable: 0 0 %, local: 0 %
I0911 23:55:42.455875 2951997 Coordinator.h:126] commit: 1278918 abort: 32826 (0/32826/0), network size: 0, avg network size: 0, si_in_serializable: 0 0 %, local: 0 %
I0911 23:55:43.455953 2951997 Coordinator.h:126] commit: 1279887 abort: 32881 (0/32881/0), network size: 0, avg network size: 0, si_in_serializable: 0 0 %, local: 0 %
I0911 23:55:43.455964 2951997 Coordinator.h:152] average commit: 1.2621e+06 abort: 32343.1 (0/32343.1/0), network size: 0, avg network size: 0, si_in_serializable: 0 0 %, local: 0 %
I0911 23:55:43.456094 2952033 Manager.h:227] Manager(worker id = 16) on the coordinator node exits.
I0911 23:55:43.456099 2952029 AriaExecutor.h:94] AriaExecutor 12 exits. 
I0911 23:55:43.456102 2952027 AriaExecutor.h:94] AriaExecutor 10 exits. 
I0911 23:55:43.456101 2952031 AriaExecutor.h:94] AriaExecutor 14 exits. 
I0911 23:55:43.456122 2952021 AriaExecutor.h:94] AriaExecutor 4 exits. 
I0911 23:55:43.456101 2952025 AriaExecutor.h:94] AriaExecutor 8 exits. 
I0911 23:55:43.456100 2952017 AriaExecutor.h:94] AriaExecutor 0 exits. 
I0911 23:55:43.456120 2952023 AriaExecutor.h:94] AriaExecutor 6 exits. 
I0911 23:55:43.456116 2952019 AriaExecutor.h:94] AriaExecutor 2 exits. 
I0911 23:55:43.456115 2952030 AriaExecutor.h:94] AriaExecutor 13 exits. 
I0911 23:55:43.456117 2952018 AriaExecutor.h:94] AriaExecutor 1 exits. 
I0911 23:55:43.456116 2952022 AriaExecutor.h:94] AriaExecutor 5 exits. 
I0911 23:55:43.456110 2952028 AriaExecutor.h:94] AriaExecutor 11 exits. 
I0911 23:55:43.456130 2952024 AriaExecutor.h:94] AriaExecutor 7 exits. 
I0911 23:55:43.456131 2952026 AriaExecutor.h:94] AriaExecutor 9 exits. 
I0911 23:55:43.456111 2952032 AriaExecutor.h:94] AriaExecutor 15 exits. 
I0911 23:55:43.456115 2952020 AriaExecutor.h:94] AriaExecutor 3 exits. 
I0911 23:55:43.455974 2951997 AriaExecutor.h:641] Worker 0 latency: 456 us (50%) 605 us (75%) 724 us (95%) 751 us (99%).
I0911 23:55:43.534227 2951997 AriaExecutor.h:641] Worker 1 latency: 454 us (50%) 603 us (75%) 722 us (95%) 749 us (99%).
I0911 23:55:43.620429 2951997 AriaExecutor.h:641] Worker 2 latency: 457 us (50%) 605 us (75%) 724 us (95%) 751 us (99%).
I0911 23:55:43.697436 2951997 AriaExecutor.h:641] Worker 3 latency: 455 us (50%) 604 us (75%) 723 us (95%) 750 us (99%).
I0911 23:55:43.783174 2951997 AriaExecutor.h:641] Worker 4 latency: 457 us (50%) 605 us (75%) 724 us (95%) 751 us (99%).
I0911 23:55:43.862133 2951997 AriaExecutor.h:641] Worker 5 latency: 454 us (50%) 603 us (75%) 722 us (95%) 750 us (99%).
I0911 23:55:43.949345 2951997 AriaExecutor.h:641] Worker 6 latency: 458 us (50%) 606 us (75%) 724 us (95%) 751 us (99%).
I0911 23:55:44.027985 2951997 AriaExecutor.h:641] Worker 7 latency: 455 us (50%) 604 us (75%) 722 us (95%) 749 us (99%).
I0911 23:55:44.114821 2951997 AriaExecutor.h:641] Worker 8 latency: 456 us (50%) 605 us (75%) 724 us (95%) 751 us (99%).
I0911 23:55:44.192370 2951997 AriaExecutor.h:641] Worker 9 latency: 453 us (50%) 602 us (75%) 722 us (95%) 750 us (99%).
I0911 23:55:44.279464 2951997 AriaExecutor.h:641] Worker 10 latency: 458 us (50%) 606 us (75%) 724 us (95%) 751 us (99%).
I0911 23:55:44.358016 2951997 AriaExecutor.h:641] Worker 11 latency: 455 us (50%) 603 us (75%) 722 us (95%) 750 us (99%).
I0911 23:55:44.446110 2951997 AriaExecutor.h:641] Worker 12 latency: 457 us (50%) 605 us (75%) 724 us (95%) 751 us (99%).
I0911 23:55:44.525033 2951997 AriaExecutor.h:641] Worker 13 latency: 454 us (50%) 603 us (75%) 722 us (95%) 750 us (99%).
I0911 23:55:44.610666 2951997 AriaExecutor.h:641] Worker 14 latency: 458 us (50%) 606 us (75%) 724 us (95%) 751 us (99%).
I0911 23:55:44.688549 2951997 AriaExecutor.h:641] Worker 15 latency: 455 us (50%) 603 us (75%) 722 us (95%) 749 us (99%).
I0911 23:55:44.773476 2951997 Coordinator.h:177] total commit: 1.2621e+06
I0911 23:55:45.773592 2951997 Coordinator.h:192] Coordinator exits.
