I1126 17:08:28.214186 1048932 Database.h:65] ycsb initialization finished in 30 milliseconds.
I1126 17:08:28.214283 1048932 Coordinator.h:30] Coordinator initializes 12 workers.
I1126 17:08:28.286212 1048932 Coordinator.h:77] Coordinator starts to run 13 workers.
I1126 17:08:28.286268 1048949 AriaExecutor.h:93] AriaExecutor 0 started. 
I1126 17:08:28.286295 1048950 AriaExecutor.h:93] AriaExecutor 1 started. 
I1126 17:08:28.286338 1048951 AriaExecutor.h:93] AriaExecutor 2 started. 
I1126 17:08:28.286379 1048952 AriaExecutor.h:93] AriaExecutor 3 started. 
I1126 17:08:28.286463 1048954 AriaExecutor.h:93] AriaExecutor 5 started. 
I1126 17:08:28.286499 1048955 AriaExecutor.h:93] AriaExecutor 6 started. 
I1126 17:08:28.286545 1048956 AriaExecutor.h:93] AriaExecutor 7 started. 
I1126 17:08:28.286590 1048957 AriaExecutor.h:93] AriaExecutor 8 started. 
I1126 17:08:28.286636 1048958 AriaExecutor.h:93] AriaExecutor 9 started. 
I1126 17:08:28.286669 1048959 AriaExecutor.h:93] AriaExecutor 10 started. 
I1126 17:08:28.286715 1048960 AriaExecutor.h:93] AriaExecutor 11 started. 
I1126 17:08:28.286746 1048953 AriaExecutor.h:93] AriaExecutor 4 started. 
I1126 17:08:28.286753 1048961 Manager.h:224] Manager(worker id = 12) on the coordinator node started.
I1126 17:08:29.286816 1048932 Coordinator.h:126] commit: 50546 abort: 749454 (0/749454/0), network size: 0, avg network size: 0, si_in_serializable: 0 0 %, local: 0 %
I1126 17:08:30.286934 1048932 Coordinator.h:126] commit: 49763 abort: 740237 (0/740237/0), network size: 0, avg network size: 0, si_in_serializable: 0 0 %, local: 0 %
I1126 17:08:31.287051 1048932 Coordinator.h:126] commit: 50322 abort: 749678 (0/749678/0), network size: 0, avg network size: 0, si_in_serializable: 0 0 %, local: 0 %
I1126 17:08:32.287164 1048932 Coordinator.h:126] commit: 50870 abort: 759130 (0/759130/0), network size: 0, avg network size: 0, si_in_serializable: 0 0 %, local: 0 %
I1126 17:08:33.287266 1048932 Coordinator.h:126] commit: 49691 abort: 740309 (0/740309/0), network size: 0, avg network size: 0, si_in_serializable: 0 0 %, local: 0 %
I1126 17:08:34.287367 1048932 Coordinator.h:126] commit: 51224 abort: 758776 (0/758776/0), network size: 0, avg network size: 0, si_in_serializable: 0 0 %, local: 0 %
I1126 17:08:35.287472 1048932 Coordinator.h:126] commit: 50221 abort: 749779 (0/749779/0), network size: 0, avg network size: 0, si_in_serializable: 0 0 %, local: 0 %
I1126 17:08:36.287575 1048932 Coordinator.h:126] commit: 51155 abort: 758845 (0/758845/0), network size: 0, avg network size: 0, si_in_serializable: 0 0 %, local: 0 %
I1126 17:08:37.287657 1048932 Coordinator.h:126] commit: 50858 abort: 749142 (0/749142/0), network size: 0, avg network size: 0, si_in_serializable: 0 0 %, local: 0 %
I1126 17:08:38.287757 1048932 Coordinator.h:126] commit: 51404 abort: 758596 (0/758596/0), network size: 0, avg network size: 0, si_in_serializable: 0 0 %, local: 0 %
I1126 17:08:39.287843 1048932 Coordinator.h:126] commit: 50456 abort: 749544 (0/749544/0), network size: 0, avg network size: 0, si_in_serializable: 0 0 %, local: 0 %
I1126 17:08:40.287940 1048932 Coordinator.h:126] commit: 50882 abort: 759118 (0/759118/0), network size: 0, avg network size: 0, si_in_serializable: 0 0 %, local: 0 %
I1126 17:08:41.288021 1048932 Coordinator.h:126] commit: 50965 abort: 749035 (0/749035/0), network size: 0, avg network size: 0, si_in_serializable: 0 0 %, local: 0 %
I1126 17:08:42.288134 1048932 Coordinator.h:126] commit: 51553 abort: 758447 (0/758447/0), network size: 0, avg network size: 0, si_in_serializable: 0 0 %, local: 0 %
I1126 17:08:43.288240 1048932 Coordinator.h:126] commit: 50530 abort: 749470 (0/749470/0), network size: 0, avg network size: 0, si_in_serializable: 0 0 %, local: 0 %
I1126 17:08:44.288341 1048932 Coordinator.h:126] commit: 51177 abort: 758823 (0/758823/0), network size: 0, avg network size: 0, si_in_serializable: 0 0 %, local: 0 %
I1126 17:08:45.288441 1048932 Coordinator.h:126] commit: 50240 abort: 749760 (0/749760/0), network size: 0, avg network size: 0, si_in_serializable: 0 0 %, local: 0 %
I1126 17:08:46.288525 1048932 Coordinator.h:126] commit: 50696 abort: 749304 (0/749304/0), network size: 0, avg network size: 0, si_in_serializable: 0 0 %, local: 0 %
I1126 17:08:47.288625 1048932 Coordinator.h:126] commit: 49170 abort: 730830 (0/730830/0), network size: 0, avg network size: 0, si_in_serializable: 0 0 %, local: 0 %
I1126 17:08:48.288708 1048932 Coordinator.h:126] commit: 51161 abort: 758839 (0/758839/0), network size: 0, avg network size: 0, si_in_serializable: 0 0 %, local: 0 %
I1126 17:08:49.288800 1048932 Coordinator.h:126] commit: 50818 abort: 749182 (0/749182/0), network size: 0, avg network size: 0, si_in_serializable: 0 0 %, local: 0 %
I1126 17:08:50.288883 1048932 Coordinator.h:126] commit: 50962 abort: 759038 (0/759038/0), network size: 0, avg network size: 0, si_in_serializable: 0 0 %, local: 0 %
I1126 17:08:51.288980 1048932 Coordinator.h:126] commit: 51107 abort: 758893 (0/758893/0), network size: 0, avg network size: 0, si_in_serializable: 0 0 %, local: 0 %
I1126 17:08:52.289062 1048932 Coordinator.h:126] commit: 50906 abort: 749094 (0/749094/0), network size: 0, avg network size: 0, si_in_serializable: 0 0 %, local: 0 %
I1126 17:08:53.289157 1048932 Coordinator.h:126] commit: 51467 abort: 758533 (0/758533/0), network size: 0, avg network size: 0, si_in_serializable: 0 0 %, local: 0 %
I1126 17:08:53.289171 1048932 Coordinator.h:152] average commit: 50683 abort: 751317 (0/751317/0), network size: 0, avg network size: 0, si_in_serializable: 0 0 %, local: 0 %
I1126 17:08:53.289182 1048932 AriaExecutor.h:672] Worker 0 latency: 10190 us (50%) 11657 us (75%) 12191 us (95%) 13402 us (99%).
I1126 17:08:53.297020 1048961 Manager.h:227] Manager(worker id = 12) on the coordinator node exits.
I1126 17:08:53.297026 1048955 AriaExecutor.h:105] AriaExecutor 6 exits. 
I1126 17:08:53.297035 1048960 AriaExecutor.h:105] AriaExecutor 11 exits. 
I1126 17:08:53.297027 1048951 AriaExecutor.h:105] AriaExecutor 2 exits. 
I1126 17:08:53.297027 1048957 AriaExecutor.h:105] AriaExecutor 8 exits. 
I1126 17:08:53.297060 1048956 AriaExecutor.h:105] AriaExecutor 7 exits. 
I1126 17:08:53.297029 1048949 AriaExecutor.h:105] AriaExecutor 0 exits. 
I1126 17:08:53.297026 1048953 AriaExecutor.h:105] AriaExecutor 4 exits. 
I1126 17:08:53.297048 1048952 AriaExecutor.h:105] AriaExecutor 3 exits. 
I1126 17:08:53.297039 1048954 AriaExecutor.h:105] AriaExecutor 5 exits. 
I1126 17:08:53.297039 1048958 AriaExecutor.h:105] AriaExecutor 9 exits. 
I1126 17:08:53.297039 1048950 AriaExecutor.h:105] AriaExecutor 1 exits. 
I1126 17:08:53.297020 1048959 AriaExecutor.h:105] AriaExecutor 10 exits. 
I1126 17:08:53.297161 1048932 AriaExecutor.h:672] Worker 1 latency: 10206 us (50%) 11662 us (75%) 12189 us (95%) 13430 us (99%).
I1126 17:08:53.304137 1048932 AriaExecutor.h:672] Worker 2 latency: 10173 us (50%) 11645 us (75%) 12189 us (95%) 13428 us (99%).
I1126 17:08:53.310381 1048932 AriaExecutor.h:672] Worker 3 latency: 10186 us (50%) 11652 us (75%) 12188 us (95%) 13441 us (99%).
I1126 17:08:53.317158 1048932 AriaExecutor.h:672] Worker 4 latency: 10160 us (50%) 11634 us (75%) 12187 us (95%) 13407 us (99%).
I1126 17:08:53.323335 1048932 AriaExecutor.h:672] Worker 5 latency: 10170 us (50%) 11636 us (75%) 12184 us (95%) 13401 us (99%).
I1126 17:08:53.330192 1048932 AriaExecutor.h:672] Worker 6 latency: 10159 us (50%) 11624 us (75%) 12182 us (95%) 13427 us (99%).
I1126 17:08:53.336596 1048932 AriaExecutor.h:672] Worker 7 latency: 10177 us (50%) 11639 us (75%) 12180 us (95%) 13398 us (99%).
I1126 17:08:53.343302 1048932 AriaExecutor.h:672] Worker 8 latency: 10140 us (50%) 11621 us (75%) 12182 us (95%) 13424 us (99%).
I1126 17:08:53.349618 1048932 AriaExecutor.h:672] Worker 9 latency: 10139 us (50%) 11618 us (75%) 12179 us (95%) 13416 us (99%).
I1126 17:08:53.356619 1048932 AriaExecutor.h:672] Worker 10 latency: 10146 us (50%) 11620 us (75%) 12181 us (95%) 13413 us (99%).
I1126 17:08:53.363014 1048932 AriaExecutor.h:672] Worker 11 latency: 10145 us (50%) 11616 us (75%) 12177 us (95%) 13412 us (99%).
I1126 17:08:53.369835 1048932 Coordinator.h:177] total commit: 50683
I1126 17:08:54.369951 1048932 Coordinator.h:192] Coordinator exits.
