I1126 13:26:39.605775 932142 Database.h:65] ycsb initialization finished in 30 milliseconds.
I1126 13:26:39.605878 932142 Coordinator.h:30] Coordinator initializes 12 workers.
I1126 13:26:39.613490 932142 Coordinator.h:77] Coordinator starts to run 13 workers.
I1126 13:26:39.613541 932158 AriaExecutor.h:82] AriaExecutor 0 started. 
I1126 13:26:39.613576 932159 AriaExecutor.h:82] AriaExecutor 1 started. 
I1126 13:26:39.613619 932160 AriaExecutor.h:82] AriaExecutor 2 started. 
I1126 13:26:39.613659 932161 AriaExecutor.h:82] AriaExecutor 3 started. 
I1126 13:26:39.613739 932163 AriaExecutor.h:82] AriaExecutor 5 started. 
I1126 13:26:39.613780 932164 AriaExecutor.h:82] AriaExecutor 6 started. 
I1126 13:26:39.613821 932165 AriaExecutor.h:82] AriaExecutor 7 started. 
I1126 13:26:39.613862 932166 AriaExecutor.h:82] AriaExecutor 8 started. 
I1126 13:26:39.613907 932167 AriaExecutor.h:82] AriaExecutor 9 started. 
I1126 13:26:39.613950 932168 AriaExecutor.h:82] AriaExecutor 10 started. 
I1126 13:26:39.613997 932169 AriaExecutor.h:82] AriaExecutor 11 started. 
I1126 13:26:39.614027 932162 AriaExecutor.h:82] AriaExecutor 4 started. 
I1126 13:26:39.614032 932170 Manager.h:224] Manager(worker id = 12) on the coordinator node started.
I1126 13:26:40.614089 932142 Coordinator.h:126] commit: 827141 abort: 22859 (0/22859/0), network size: 0, avg network size: 0, si_in_serializable: 0 0 %, local: 0 %
I1126 13:26:41.614199 932142 Coordinator.h:126] commit: 822720 abort: 22280 (0/22280/0), network size: 0, avg network size: 0, si_in_serializable: 0 0 %, local: 0 %
I1126 13:26:42.614317 932142 Coordinator.h:126] commit: 839103 abort: 22743 (0/22743/0), network size: 0, avg network size: 0, si_in_serializable: 0 0 %, local: 0 %
I1126 13:26:43.614411 932142 Coordinator.h:126] commit: 832341 abort: 22813 (0/22813/0), network size: 0, avg network size: 0, si_in_serializable: 0 0 %, local: 0 %
I1126 13:26:44.614491 932142 Coordinator.h:126] commit: 842126 abort: 22874 (0/22874/0), network size: 0, avg network size: 0, si_in_serializable: 0 0 %, local: 0 %
I1126 13:26:45.614585 932142 Coordinator.h:126] commit: 833357 abort: 22643 (0/22643/0), network size: 0, avg network size: 0, si_in_serializable: 0 0 %, local: 0 %
I1126 13:26:46.614703 932142 Coordinator.h:126] commit: 836968 abort: 23032 (0/23032/0), network size: 0, avg network size: 0, si_in_serializable: 0 0 %, local: 0 %
I1126 13:26:47.614790 932142 Coordinator.h:126] commit: 815879 abort: 22121 (0/22121/0), network size: 0, avg network size: 0, si_in_serializable: 0 0 %, local: 0 %
I1126 13:26:48.614884 932142 Coordinator.h:126] commit: 841862 abort: 23138 (0/23138/0), network size: 0, avg network size: 0, si_in_serializable: 0 0 %, local: 0 %
I1126 13:26:49.614969 932142 Coordinator.h:126] commit: 839951 abort: 23049 (0/23049/0), network size: 0, avg network size: 0, si_in_serializable: 0 0 %, local: 0 %
I1126 13:26:50.615074 932142 Coordinator.h:126] commit: 842115 abort: 22885 (0/22885/0), network size: 0, avg network size: 0, si_in_serializable: 0 0 %, local: 0 %
I1126 13:26:51.615173 932142 Coordinator.h:126] commit: 840030 abort: 22970 (0/22970/0), network size: 0, avg network size: 0, si_in_serializable: 0 0 %, local: 0 %
I1126 13:26:52.615269 932142 Coordinator.h:126] commit: 843247 abort: 22753 (0/22753/0), network size: 0, avg network size: 0, si_in_serializable: 0 0 %, local: 0 %
I1126 13:26:53.615356 932142 Coordinator.h:126] commit: 827405 abort: 22595 (0/22595/0), network size: 0, avg network size: 0, si_in_serializable: 0 0 %, local: 0 %
I1126 13:26:54.615478 932142 Coordinator.h:126] commit: 819672 abort: 22328 (0/22328/0), network size: 0, avg network size: 0, si_in_serializable: 0 0 %, local: 0 %
I1126 13:26:55.615578 932142 Coordinator.h:126] commit: 804750 abort: 22250 (0/22250/0), network size: 0, avg network size: 0, si_in_serializable: 0 0 %, local: 0 %
I1126 13:26:56.615679 932142 Coordinator.h:126] commit: 837040 abort: 22960 (0/22960/0), network size: 0, avg network size: 0, si_in_serializable: 0 0 %, local: 0 %
I1126 13:26:57.615779 932142 Coordinator.h:126] commit: 839249 abort: 22751 (0/22751/0), network size: 0, avg network size: 0, si_in_serializable: 0 0 %, local: 0 %
I1126 13:26:58.615885 932142 Coordinator.h:126] commit: 839833 abort: 23167 (0/23167/0), network size: 0, avg network size: 0, si_in_serializable: 0 0 %, local: 0 %
I1126 13:26:59.615990 932142 Coordinator.h:126] commit: 840138 abort: 22862 (0/22862/0), network size: 0, avg network size: 0, si_in_serializable: 0 0 %, local: 0 %
I1126 13:27:00.616092 932142 Coordinator.h:126] commit: 841906 abort: 23094 (0/23094/0), network size: 0, avg network size: 0, si_in_serializable: 0 0 %, local: 0 %
I1126 13:27:01.616202 932142 Coordinator.h:126] commit: 838953 abort: 23047 (0/23047/0), network size: 0, avg network size: 0, si_in_serializable: 0 0 %, local: 0 %
I1126 13:27:02.616305 932142 Coordinator.h:126] commit: 840130 abort: 22870 (0/22870/0), network size: 0, avg network size: 0, si_in_serializable: 0 0 %, local: 0 %
I1126 13:27:03.616408 932142 Coordinator.h:126] commit: 838038 abort: 22962 (0/22962/0), network size: 0, avg network size: 0, si_in_serializable: 0 0 %, local: 0 %
I1126 13:27:04.616510 932142 Coordinator.h:126] commit: 841191 abort: 22809 (0/22809/0), network size: 0, avg network size: 0, si_in_serializable: 0 0 %, local: 0 %
I1126 13:27:04.616545 932142 Coordinator.h:152] average commit: 833348 abort: 22752.1 (0/22752.1/0), network size: 0, avg network size: 0, si_in_serializable: 0 0 %, local: 0 %
I1126 13:27:04.617043 932158 AriaExecutor.h:94] AriaExecutor 0 exits. 
I1126 13:27:04.617051 932170 Manager.h:227] Manager(worker id = 12) on the coordinator node exits.
I1126 13:27:04.617055 932169 AriaExecutor.h:94] AriaExecutor 11 exits. 
I1126 13:27:04.617045 932164 AriaExecutor.h:94] AriaExecutor 6 exits. 
I1126 13:27:04.617046 932160 AriaExecutor.h:94] AriaExecutor 2 exits. 
I1126 13:27:04.617043 932168 AriaExecutor.h:94] AriaExecutor 10 exits. 
I1126 13:27:04.617055 932161 AriaExecutor.h:94] AriaExecutor 3 exits. 
I1126 13:27:04.617055 932167 AriaExecutor.h:94] AriaExecutor 9 exits. 
I1126 13:27:04.617046 932162 AriaExecutor.h:94] AriaExecutor 4 exits. 
I1126 13:27:04.617056 932165 AriaExecutor.h:94] AriaExecutor 7 exits. 
I1126 13:27:04.617055 932163 AriaExecutor.h:94] AriaExecutor 5 exits. 
I1126 13:27:04.617058 932159 AriaExecutor.h:94] AriaExecutor 1 exits. 
I1126 13:27:04.617048 932166 AriaExecutor.h:94] AriaExecutor 8 exits. 
I1126 13:27:04.616556 932142 AriaExecutor.h:535] Worker 0 latency: 743 us (50%) 921 us (75%) 1062 us (95%) 1093 us (99%).
I1126 13:27:04.689441 932142 AriaExecutor.h:535] Worker 1 latency: 741 us (50%) 919 us (75%) 1061 us (95%) 1092 us (99%).
I1126 13:27:04.770666 932142 AriaExecutor.h:535] Worker 2 latency: 744 us (50%) 921 us (75%) 1062 us (95%) 1093 us (99%).
I1126 13:27:04.843245 932142 AriaExecutor.h:535] Worker 3 latency: 742 us (50%) 920 us (75%) 1061 us (95%) 1092 us (99%).
I1126 13:27:04.925088 932142 AriaExecutor.h:535] Worker 4 latency: 746 us (50%) 922 us (75%) 1062 us (95%) 1093 us (99%).
I1126 13:27:04.996191 932142 AriaExecutor.h:535] Worker 5 latency: 744 us (50%) 920 us (75%) 1061 us (95%) 1092 us (99%).
I1126 13:27:05.076218 932142 AriaExecutor.h:535] Worker 6 latency: 748 us (50%) 923 us (75%) 1062 us (95%) 1093 us (99%).
I1126 13:27:05.148697 932142 AriaExecutor.h:535] Worker 7 latency: 745 us (50%) 921 us (75%) 1061 us (95%) 1092 us (99%).
I1126 13:27:05.230822 932142 AriaExecutor.h:535] Worker 8 latency: 746 us (50%) 922 us (75%) 1062 us (95%) 1093 us (99%).
I1126 13:27:05.302754 932142 AriaExecutor.h:535] Worker 9 latency: 745 us (50%) 921 us (75%) 1062 us (95%) 1092 us (99%).
I1126 13:27:05.382906 932142 AriaExecutor.h:535] Worker 10 latency: 747 us (50%) 923 us (75%) 1062 us (95%) 1093 us (99%).
I1126 13:27:05.455482 932142 AriaExecutor.h:535] Worker 11 latency: 746 us (50%) 922 us (75%) 1062 us (95%) 1092 us (99%).
I1126 13:27:05.536492 932142 Coordinator.h:177] total commit: 833348
I1126 13:27:06.536633 932142 Coordinator.h:192] Coordinator exits.
