I0911 23:26:33.568365 2946676 Database.h:65] ycsb initialization finished in 179 milliseconds.
I0911 23:26:33.568457 2946676 Coordinator.h:30] Coordinator initializes 16 workers.
I0911 23:26:33.583825 2946676 Coordinator.h:77] Coordinator starts to run 17 workers.
I0911 23:26:33.583889 2946698 AriaExecutor.h:82] AriaExecutor 0 started. 
I0911 23:26:33.583921 2946699 AriaExecutor.h:82] AriaExecutor 1 started. 
I0911 23:26:33.583963 2946700 AriaExecutor.h:82] AriaExecutor 2 started. 
I0911 23:26:33.584026 2946701 AriaExecutor.h:82] AriaExecutor 3 started. 
I0911 23:26:33.584072 2946702 AriaExecutor.h:82] AriaExecutor 4 started. 
I0911 23:26:33.584115 2946703 AriaExecutor.h:82] AriaExecutor 5 started. 
I0911 23:26:33.584162 2946704 AriaExecutor.h:82] AriaExecutor 6 started. 
I0911 23:26:33.584211 2946705 AriaExecutor.h:82] AriaExecutor 7 started. 
I0911 23:26:33.584254 2946706 AriaExecutor.h:82] AriaExecutor 8 started. 
I0911 23:26:33.584312 2946707 AriaExecutor.h:82] AriaExecutor 9 started. 
I0911 23:26:33.584358 2946708 AriaExecutor.h:82] AriaExecutor 10 started. 
I0911 23:26:33.584406 2946709 AriaExecutor.h:82] AriaExecutor 11 started. 
I0911 23:26:33.584456 2946710 AriaExecutor.h:82] AriaExecutor 12 started. 
I0911 23:26:33.584508 2946711 AriaExecutor.h:82] AriaExecutor 13 started. 
I0911 23:26:33.584550 2946712 AriaExecutor.h:82] AriaExecutor 14 started. 
I0911 23:26:33.584607 2946713 AriaExecutor.h:82] AriaExecutor 15 started. 
I0911 23:26:33.584671 2946714 Manager.h:224] Manager(worker id = 16) on the coordinator node started.
I0911 23:26:34.584723 2946676 Coordinator.h:126] commit: 1322983 abort: 2073 (0/2073/0), network size: 0, avg network size: 0, si_in_serializable: 0 0 %, local: 0 %
I0911 23:26:35.584842 2946676 Coordinator.h:126] commit: 1310736 abort: 2032 (0/2032/0), network size: 0, avg network size: 0, si_in_serializable: 0 0 %, local: 0 %
I0911 23:26:36.584940 2946676 Coordinator.h:126] commit: 1269819 abort: 1989 (0/1989/0), network size: 0, avg network size: 0, si_in_serializable: 0 0 %, local: 0 %
I0911 23:26:37.585031 2946676 Coordinator.h:126] commit: 1277838 abort: 2162 (0/2162/0), network size: 0, avg network size: 0, si_in_serializable: 0 0 %, local: 0 %
I0911 23:26:38.585146 2946676 Coordinator.h:126] commit: 1324979 abort: 2125 (0/2125/0), network size: 0, avg network size: 0, si_in_serializable: 0 0 %, local: 0 %
I0911 23:26:39.585249 2946676 Coordinator.h:126] commit: 1335330 abort: 2014 (0/2014/0), network size: 0, avg network size: 0, si_in_serializable: 0 0 %, local: 0 %
I0911 23:26:40.585335 2946676 Coordinator.h:126] commit: 1318905 abort: 2055 (0/2055/0), network size: 0, avg network size: 0, si_in_serializable: 0 0 %, local: 0 %
I0911 23:26:41.585429 2946676 Coordinator.h:126] commit: 1333126 abort: 2170 (0/2170/0), network size: 0, avg network size: 0, si_in_serializable: 0 0 %, local: 0 %
I0911 23:26:42.585510 2946676 Coordinator.h:126] commit: 1335216 abort: 2128 (0/2128/0), network size: 0, avg network size: 0, si_in_serializable: 0 0 %, local: 0 %
I0911 23:26:43.585600 2946676 Coordinator.h:126] commit: 1325035 abort: 2069 (0/2069/0), network size: 0, avg network size: 0, si_in_serializable: 0 0 %, local: 0 %
I0911 23:26:44.585686 2946676 Coordinator.h:126] commit: 1335243 abort: 2101 (0/2101/0), network size: 0, avg network size: 0, si_in_serializable: 0 0 %, local: 0 %
I0911 23:26:45.585769 2946676 Coordinator.h:126] commit: 1296297 abort: 2135 (0/2135/0), network size: 0, avg network size: 0, si_in_serializable: 0 0 %, local: 0 %
I0911 23:26:46.585861 2946676 Coordinator.h:126] commit: 1302467 abort: 2109 (0/2109/0), network size: 0, avg network size: 0, si_in_serializable: 0 0 %, local: 0 %
I0911 23:26:47.585954 2946676 Coordinator.h:126] commit: 1304502 abort: 2122 (0/2122/0), network size: 0, avg network size: 0, si_in_serializable: 0 0 %, local: 0 %
I0911 23:26:48.586066 2946676 Coordinator.h:126] commit: 1329091 abort: 2109 (0/2109/0), network size: 0, avg network size: 0, si_in_serializable: 0 0 %, local: 0 %
I0911 23:26:49.586153 2946676 Coordinator.h:126] commit: 1335155 abort: 2189 (0/2189/0), network size: 0, avg network size: 0, si_in_serializable: 0 0 %, local: 0 %
I0911 23:26:50.586236 2946676 Coordinator.h:126] commit: 1335185 abort: 2159 (0/2159/0), network size: 0, avg network size: 0, si_in_serializable: 0 0 %, local: 0 %
I0911 23:26:51.586331 2946676 Coordinator.h:126] commit: 1333224 abort: 2072 (0/2072/0), network size: 0, avg network size: 0, si_in_serializable: 0 0 %, local: 0 %
I0911 23:26:52.586413 2946676 Coordinator.h:126] commit: 1333196 abort: 2100 (0/2100/0), network size: 0, avg network size: 0, si_in_serializable: 0 0 %, local: 0 %
I0911 23:26:53.586496 2946676 Coordinator.h:126] commit: 1333171 abort: 2125 (0/2125/0), network size: 0, avg network size: 0, si_in_serializable: 0 0 %, local: 0 %
I0911 23:26:54.586576 2946676 Coordinator.h:126] commit: 1333136 abort: 2160 (0/2160/0), network size: 0, avg network size: 0, si_in_serializable: 0 0 %, local: 0 %
I0911 23:26:55.586669 2946676 Coordinator.h:126] commit: 1333199 abort: 2097 (0/2097/0), network size: 0, avg network size: 0, si_in_serializable: 0 0 %, local: 0 %
I0911 23:26:56.586750 2946676 Coordinator.h:126] commit: 1333255 abort: 2041 (0/2041/0), network size: 0, avg network size: 0, si_in_serializable: 0 0 %, local: 0 %
I0911 23:26:57.586829 2946676 Coordinator.h:126] commit: 1335239 abort: 2105 (0/2105/0), network size: 0, avg network size: 0, si_in_serializable: 0 0 %, local: 0 %
I0911 23:26:58.586910 2946676 Coordinator.h:126] commit: 1331055 abort: 2193 (0/2193/0), network size: 0, avg network size: 0, si_in_serializable: 0 0 %, local: 0 %
I0911 23:26:58.586934 2946676 Coordinator.h:152] average commit: 1.32375e+06 abort: 2122.1 (0/2122.1/0), network size: 0, avg network size: 0, si_in_serializable: 0 0 %, local: 0 %
I0911 23:26:58.588040 2946714 Manager.h:227] Manager(worker id = 16) on the coordinator node exits.
I0911 23:26:58.588044 2946710 AriaExecutor.h:94] AriaExecutor 12 exits. 
I0911 23:26:58.588038 2946712 AriaExecutor.h:94] AriaExecutor 14 exits. 
I0911 23:26:58.588039 2946698 AriaExecutor.h:94] AriaExecutor 0 exits. 
I0911 23:26:58.588063 2946709 AriaExecutor.h:94] AriaExecutor 11 exits. 
I0911 23:26:58.588057 2946699 AriaExecutor.h:94] AriaExecutor 1 exits. 
I0911 23:26:58.588058 2946708 AriaExecutor.h:94] AriaExecutor 10 exits. 
I0911 23:26:58.588059 2946704 AriaExecutor.h:94] AriaExecutor 6 exits. 
I0911 23:26:58.588059 2946706 AriaExecutor.h:94] AriaExecutor 8 exits. 
I0911 23:26:58.588061 2946711 AriaExecutor.h:94] AriaExecutor 13 exits. 
I0911 23:26:58.588045 2946702 AriaExecutor.h:94] AriaExecutor 4 exits. 
I0911 23:26:58.588090 2946707 AriaExecutor.h:94] AriaExecutor 9 exits. 
I0911 23:26:58.588058 2946701 AriaExecutor.h:94] AriaExecutor 3 exits. 
I0911 23:26:58.588086 2946705 AriaExecutor.h:94] AriaExecutor 7 exits. 
I0911 23:26:58.588066 2946703 AriaExecutor.h:94] AriaExecutor 5 exits. 
I0911 23:26:58.588055 2946713 AriaExecutor.h:94] AriaExecutor 15 exits. 
I0911 23:26:58.588059 2946700 AriaExecutor.h:94] AriaExecutor 2 exits. 
I0911 23:26:58.586954 2946676 AriaExecutor.h:641] Worker 0 latency: 875 us (50%) 1177 us (75%) 1420 us (95%) 1471 us (99%).
I0911 23:26:58.673027 2946676 AriaExecutor.h:641] Worker 1 latency: 874 us (50%) 1176 us (75%) 1418 us (95%) 1470 us (99%).
I0911 23:26:58.765084 2946676 AriaExecutor.h:641] Worker 2 latency: 877 us (50%) 1178 us (75%) 1420 us (95%) 1471 us (99%).
I0911 23:26:58.849476 2946676 AriaExecutor.h:641] Worker 3 latency: 876 us (50%) 1177 us (75%) 1419 us (95%) 1470 us (99%).
I0911 23:26:58.941238 2946676 AriaExecutor.h:641] Worker 4 latency: 876 us (50%) 1178 us (75%) 1420 us (95%) 1471 us (99%).
I0911 23:26:59.025091 2946676 AriaExecutor.h:641] Worker 5 latency: 874 us (50%) 1176 us (75%) 1419 us (95%) 1469 us (99%).
I0911 23:26:59.120190 2946676 AriaExecutor.h:641] Worker 6 latency: 879 us (50%) 1179 us (75%) 1420 us (95%) 1471 us (99%).
I0911 23:26:59.204320 2946676 AriaExecutor.h:641] Worker 7 latency: 874 us (50%) 1176 us (75%) 1419 us (95%) 1470 us (99%).
I0911 23:26:59.298126 2946676 AriaExecutor.h:641] Worker 8 latency: 876 us (50%) 1177 us (75%) 1420 us (95%) 1471 us (99%).
I0911 23:26:59.384902 2946676 AriaExecutor.h:641] Worker 9 latency: 874 us (50%) 1175 us (75%) 1418 us (95%) 1470 us (99%).
I0911 23:26:59.476776 2946676 AriaExecutor.h:641] Worker 10 latency: 880 us (50%) 1179 us (75%) 1420 us (95%) 1471 us (99%).
I0911 23:26:59.559257 2946676 AriaExecutor.h:641] Worker 11 latency: 875 us (50%) 1176 us (75%) 1418 us (95%) 1470 us (99%).
I0911 23:26:59.655122 2946676 AriaExecutor.h:641] Worker 12 latency: 880 us (50%) 1179 us (75%) 1420 us (95%) 1471 us (99%).
I0911 23:26:59.739054 2946676 AriaExecutor.h:641] Worker 13 latency: 873 us (50%) 1175 us (75%) 1418 us (95%) 1469 us (99%).
I0911 23:26:59.831210 2946676 AriaExecutor.h:641] Worker 14 latency: 881 us (50%) 1180 us (75%) 1420 us (95%) 1471 us (99%).
I0911 23:26:59.915400 2946676 AriaExecutor.h:641] Worker 15 latency: 876 us (50%) 1176 us (75%) 1418 us (95%) 1469 us (99%).
I0911 23:27:00.008783 2946676 Coordinator.h:177] total commit: 1.32375e+06
I0911 23:27:01.008908 2946676 Coordinator.h:192] Coordinator exits.
