I0911 23:37:32.151850 2948705 Database.h:65] ycsb initialization finished in 146 milliseconds.
I0911 23:37:32.151965 2948705 Coordinator.h:30] Coordinator initializes 16 workers.
I0911 23:37:32.167279 2948705 Coordinator.h:77] Coordinator starts to run 17 workers.
I0911 23:37:32.167322 2948725 AriaExecutor.h:82] AriaExecutor 0 started. 
I0911 23:37:32.167367 2948726 AriaExecutor.h:82] AriaExecutor 1 started. 
I0911 23:37:32.167412 2948727 AriaExecutor.h:82] AriaExecutor 2 started. 
I0911 23:37:32.167460 2948728 AriaExecutor.h:82] AriaExecutor 3 started. 
I0911 23:37:32.167493 2948729 AriaExecutor.h:82] AriaExecutor 4 started. 
I0911 23:37:32.167532 2948730 AriaExecutor.h:82] AriaExecutor 5 started. 
I0911 23:37:32.167569 2948731 AriaExecutor.h:82] AriaExecutor 6 started. 
I0911 23:37:32.167610 2948732 AriaExecutor.h:82] AriaExecutor 7 started. 
I0911 23:37:32.167640 2948733 AriaExecutor.h:82] AriaExecutor 8 started. 
I0911 23:37:32.167690 2948734 AriaExecutor.h:82] AriaExecutor 9 started. 
I0911 23:37:32.167726 2948735 AriaExecutor.h:82] AriaExecutor 10 started. 
I0911 23:37:32.167768 2948736 AriaExecutor.h:82] AriaExecutor 11 started. 
I0911 23:37:32.167804 2948737 AriaExecutor.h:82] AriaExecutor 12 started. 
I0911 23:37:32.167845 2948738 AriaExecutor.h:82] AriaExecutor 13 started. 
I0911 23:37:32.167883 2948739 AriaExecutor.h:82] AriaExecutor 14 started. 
I0911 23:37:32.167927 2948740 AriaExecutor.h:82] AriaExecutor 15 started. 
I0911 23:37:32.167970 2948741 Manager.h:224] Manager(worker id = 16) on the coordinator node started.
I0911 23:37:33.168021 2948705 Coordinator.h:126] commit: 1095625 abort: 14979 (0/14979/0), network size: 0, avg network size: 0, si_in_serializable: 0 0 %, local: 0 %
I0911 23:37:34.168109 2948705 Coordinator.h:126] commit: 1086533 abort: 14703 (0/14703/0), network size: 0, avg network size: 0, si_in_serializable: 0 0 %, local: 0 %
I0911 23:37:35.168177 2948705 Coordinator.h:126] commit: 1052823 abort: 14185 (0/14185/0), network size: 0, avg network size: 0, si_in_serializable: 0 0 %, local: 0 %
I0911 23:37:36.168241 2948705 Coordinator.h:126] commit: 1056852 abort: 14252 (0/14252/0), network size: 0, avg network size: 0, si_in_serializable: 0 0 %, local: 0 %
I0911 23:37:37.168322 2948705 Coordinator.h:126] commit: 1099326 abort: 14786 (0/14786/0), network size: 0, avg network size: 0, si_in_serializable: 0 0 %, local: 0 %
I0911 23:37:38.168385 2948705 Coordinator.h:126] commit: 1107319 abort: 14985 (0/14985/0), network size: 0, avg network size: 0, si_in_serializable: 0 0 %, local: 0 %
I0911 23:37:39.168444 2948705 Coordinator.h:126] commit: 1105319 abort: 14937 (0/14937/0), network size: 0, avg network size: 0, si_in_serializable: 0 0 %, local: 0 %
I0911 23:37:40.168507 2948705 Coordinator.h:126] commit: 1087147 abort: 14677 (0/14677/0), network size: 0, avg network size: 0, si_in_serializable: 0 0 %, local: 0 %
I0911 23:37:41.168570 2948705 Coordinator.h:126] commit: 1103350 abort: 14858 (0/14858/0), network size: 0, avg network size: 0, si_in_serializable: 0 0 %, local: 0 %
I0911 23:37:42.168637 2948705 Coordinator.h:126] commit: 1083038 abort: 14690 (0/14690/0), network size: 0, avg network size: 0, si_in_serializable: 0 0 %, local: 0 %
I0911 23:37:43.168701 2948705 Coordinator.h:126] commit: 1105152 abort: 15104 (0/15104/0), network size: 0, avg network size: 0, si_in_serializable: 0 0 %, local: 0 %
I0911 23:37:44.168766 2948705 Coordinator.h:126] commit: 1074939 abort: 14597 (0/14597/0), network size: 0, avg network size: 0, si_in_serializable: 0 0 %, local: 0 %
I0911 23:37:45.168828 2948705 Coordinator.h:126] commit: 1105249 abort: 15007 (0/15007/0), network size: 0, avg network size: 0, si_in_serializable: 0 0 %, local: 0 %
I0911 23:37:46.168888 2948705 Coordinator.h:126] commit: 1085147 abort: 14629 (0/14629/0), network size: 0, avg network size: 0, si_in_serializable: 0 0 %, local: 0 %
I0911 23:37:47.168946 2948705 Coordinator.h:126] commit: 1105191 abort: 15065 (0/15065/0), network size: 0, avg network size: 0, si_in_serializable: 0 0 %, local: 0 %
I0911 23:37:48.169034 2948705 Coordinator.h:126] commit: 1066829 abort: 14515 (0/14515/0), network size: 0, avg network size: 0, si_in_serializable: 0 0 %, local: 0 %
I0911 23:37:49.169100 2948705 Coordinator.h:126] commit: 1107501 abort: 14803 (0/14803/0), network size: 0, avg network size: 0, si_in_serializable: 0 0 %, local: 0 %
I0911 23:37:50.169162 2948705 Coordinator.h:126] commit: 1105435 abort: 14821 (0/14821/0), network size: 0, avg network size: 0, si_in_serializable: 0 0 %, local: 0 %
I0911 23:37:51.169221 2948705 Coordinator.h:126] commit: 1105344 abort: 14912 (0/14912/0), network size: 0, avg network size: 0, si_in_serializable: 0 0 %, local: 0 %
I0911 23:37:52.169286 2948705 Coordinator.h:126] commit: 1105271 abort: 14985 (0/14985/0), network size: 0, avg network size: 0, si_in_serializable: 0 0 %, local: 0 %
I0911 23:37:53.169348 2948705 Coordinator.h:126] commit: 1103222 abort: 14986 (0/14986/0), network size: 0, avg network size: 0, si_in_serializable: 0 0 %, local: 0 %
I0911 23:37:54.169406 2948705 Coordinator.h:126] commit: 1107184 abort: 15120 (0/15120/0), network size: 0, avg network size: 0, si_in_serializable: 0 0 %, local: 0 %
I0911 23:37:55.169466 2948705 Coordinator.h:126] commit: 1103352 abort: 14856 (0/14856/0), network size: 0, avg network size: 0, si_in_serializable: 0 0 %, local: 0 %
I0911 23:37:56.169530 2948705 Coordinator.h:126] commit: 1105375 abort: 14881 (0/14881/0), network size: 0, avg network size: 0, si_in_serializable: 0 0 %, local: 0 %
I0911 23:37:57.169590 2948705 Coordinator.h:126] commit: 1105326 abort: 14930 (0/14930/0), network size: 0, avg network size: 0, si_in_serializable: 0 0 %, local: 0 %
I0911 23:37:57.169600 2948705 Coordinator.h:152] average commit: 1.09661e+06 abort: 14843.8 (0/14843.8/0), network size: 0, avg network size: 0, si_in_serializable: 0 0 %, local: 0 %
I0911 23:37:57.170815 2948733 AriaExecutor.h:94] AriaExecutor 8 exits. 
I0911 23:37:57.170827 2948737 AriaExecutor.h:94] AriaExecutor 12 exits. 
I0911 23:37:57.170817 2948739 AriaExecutor.h:94] AriaExecutor 14 exits. 
I0911 23:37:57.170830 2948732 AriaExecutor.h:94] AriaExecutor 7 exits. 
I0911 23:37:57.170820 2948741 Manager.h:227] Manager(worker id = 16) on the coordinator node exits.
I0911 23:37:57.170836 2948728 AriaExecutor.h:94] AriaExecutor 3 exits. 
I0911 23:37:57.170863 2948740 AriaExecutor.h:94] AriaExecutor 15 exits. 
I0911 23:37:57.170816 2948725 AriaExecutor.h:94] AriaExecutor 0 exits. 
I0911 23:37:57.170821 2948727 AriaExecutor.h:94] AriaExecutor 2 exits. 
I0911 23:37:57.170837 2948726 AriaExecutor.h:94] AriaExecutor 1 exits. 
I0911 23:37:57.170830 2948738 AriaExecutor.h:94] AriaExecutor 13 exits. 
I0911 23:37:57.170820 2948729 AriaExecutor.h:94] AriaExecutor 4 exits. 
I0911 23:37:57.170815 2948731 AriaExecutor.h:94] AriaExecutor 6 exits. 
I0911 23:37:57.170828 2948736 AriaExecutor.h:94] AriaExecutor 11 exits. 
I0911 23:37:57.170837 2948734 AriaExecutor.h:94] AriaExecutor 9 exits. 
I0911 23:37:57.170861 2948730 AriaExecutor.h:94] AriaExecutor 5 exits. 
I0911 23:37:57.170848 2948735 AriaExecutor.h:94] AriaExecutor 10 exits. 
I0911 23:37:57.169610 2948705 AriaExecutor.h:641] Worker 0 latency: 1152 us (50%) 1450 us (75%) 1688 us (95%) 1739 us (99%).
I0911 23:37:57.237986 2948705 AriaExecutor.h:641] Worker 1 latency: 1150 us (50%) 1448 us (75%) 1686 us (95%) 1737 us (99%).
I0911 23:37:57.314214 2948705 AriaExecutor.h:641] Worker 2 latency: 1157 us (50%) 1452 us (75%) 1688 us (95%) 1739 us (99%).
I0911 23:37:57.384318 2948705 AriaExecutor.h:641] Worker 3 latency: 1152 us (50%) 1449 us (75%) 1687 us (95%) 1738 us (99%).
I0911 23:37:57.460497 2948705 AriaExecutor.h:641] Worker 4 latency: 1154 us (50%) 1451 us (75%) 1688 us (95%) 1739 us (99%).
I0911 23:37:57.529546 2948705 AriaExecutor.h:641] Worker 5 latency: 1149 us (50%) 1447 us (75%) 1686 us (95%) 1737 us (99%).
I0911 23:37:57.607973 2948705 AriaExecutor.h:641] Worker 6 latency: 1157 us (50%) 1453 us (75%) 1689 us (95%) 1739 us (99%).
I0911 23:37:57.676808 2948705 AriaExecutor.h:641] Worker 7 latency: 1150 us (50%) 1448 us (75%) 1687 us (95%) 1737 us (99%).
I0911 23:37:57.754040 2948705 AriaExecutor.h:641] Worker 8 latency: 1152 us (50%) 1450 us (75%) 1688 us (95%) 1739 us (99%).
I0911 23:37:57.824915 2948705 AriaExecutor.h:641] Worker 9 latency: 1149 us (50%) 1447 us (75%) 1686 us (95%) 1737 us (99%).
I0911 23:37:57.902264 2948705 AriaExecutor.h:641] Worker 10 latency: 1158 us (50%) 1452 us (75%) 1688 us (95%) 1739 us (99%).
I0911 23:37:57.972501 2948705 AriaExecutor.h:641] Worker 11 latency: 1152 us (50%) 1448 us (75%) 1686 us (95%) 1737 us (99%).
I0911 23:37:58.049759 2948705 AriaExecutor.h:641] Worker 12 latency: 1158 us (50%) 1452 us (75%) 1688 us (95%) 1739 us (99%).
I0911 23:37:58.118960 2948705 AriaExecutor.h:641] Worker 13 latency: 1149 us (50%) 1447 us (75%) 1686 us (95%) 1737 us (99%).
I0911 23:37:58.195550 2948705 AriaExecutor.h:641] Worker 14 latency: 1157 us (50%) 1452 us (75%) 1688 us (95%) 1739 us (99%).
I0911 23:37:58.264364 2948705 AriaExecutor.h:641] Worker 15 latency: 1152 us (50%) 1449 us (75%) 1686 us (95%) 1737 us (99%).
I0911 23:37:58.341696 2948705 Coordinator.h:177] total commit: 1.09661e+06
I0911 23:37:59.341810 2948705 Coordinator.h:192] Coordinator exits.
