I1126 18:09:05.947849 1068425 Database.h:65] ycsb initialization finished in 30 milliseconds.
I1126 18:09:05.947945 1068425 Coordinator.h:30] Coordinator initializes 12 workers.
I1126 18:09:05.954800 1068425 Coordinator.h:77] Coordinator starts to run 13 workers.
I1126 18:09:05.954857 1068441 AriaExecutor.h:91] AriaExecutor 0 started. 
I1126 18:09:05.954886 1068442 AriaExecutor.h:91] AriaExecutor 1 started. 
I1126 18:09:05.954927 1068443 AriaExecutor.h:91] AriaExecutor 2 started. 
I1126 18:09:05.954969 1068444 AriaExecutor.h:91] AriaExecutor 3 started. 
I1126 18:09:05.955005 1068445 AriaExecutor.h:91] AriaExecutor 4 started. 
I1126 18:09:05.955060 1068446 AriaExecutor.h:91] AriaExecutor 5 started. 
I1126 18:09:05.955106 1068447 AriaExecutor.h:91] AriaExecutor 6 started. 
I1126 18:09:05.955154 1068448 AriaExecutor.h:91] AriaExecutor 7 started. 
I1126 18:09:05.955209 1068449 AriaExecutor.h:91] AriaExecutor 8 started. 
I1126 18:09:05.955261 1068450 AriaExecutor.h:91] AriaExecutor 9 started. 
I1126 18:09:05.955302 1068451 AriaExecutor.h:91] AriaExecutor 10 started. 
I1126 18:09:05.955361 1068452 AriaExecutor.h:91] AriaExecutor 11 started. 
I1126 18:09:05.955404 1068453 Manager.h:224] Manager(worker id = 12) on the coordinator node started.
I1126 18:09:06.955473 1068425 Coordinator.h:126] commit: 1632403 abort: 287597 (0/287597/0), network size: 0, avg network size: 0, si_in_serializable: 0 0 %, local: 0 %
I1126 18:09:07.955601 1068425 Coordinator.h:126] commit: 1624126 abort: 285874 (0/285874/0), network size: 0, avg network size: 0, si_in_serializable: 0 0 %, local: 0 %
I1126 18:09:08.955734 1068425 Coordinator.h:126] commit: 1649156 abort: 290844 (0/290844/0), network size: 0, avg network size: 0, si_in_serializable: 0 0 %, local: 0 %
I1126 18:09:09.955844 1068425 Coordinator.h:126] commit: 1640186 abort: 289814 (0/289814/0), network size: 0, avg network size: 0, si_in_serializable: 0 0 %, local: 0 %
I1126 18:09:10.955947 1068425 Coordinator.h:126] commit: 1657464 abort: 292536 (0/292536/0), network size: 0, avg network size: 0, si_in_serializable: 0 0 %, local: 0 %
I1126 18:09:11.956048 1068425 Coordinator.h:126] commit: 1648189 abort: 291811 (0/291811/0), network size: 0, avg network size: 0, si_in_serializable: 0 0 %, local: 0 %
I1126 18:09:12.956153 1068425 Coordinator.h:126] commit: 1640458 abort: 289542 (0/289542/0), network size: 0, avg network size: 0, si_in_serializable: 0 0 %, local: 0 %
I1126 18:09:13.956267 1068425 Coordinator.h:126] commit: 1597459 abort: 282541 (0/282541/0), network size: 0, avg network size: 0, si_in_serializable: 0 0 %, local: 0 %
I1126 18:09:14.956398 1068425 Coordinator.h:126] commit: 1648994 abort: 291006 (0/291006/0), network size: 0, avg network size: 0, si_in_serializable: 0 0 %, local: 0 %
I1126 18:09:15.956509 1068425 Coordinator.h:126] commit: 1657194 abort: 292806 (0/292806/0), network size: 0, avg network size: 0, si_in_serializable: 0 0 %, local: 0 %
I1126 18:09:16.956615 1068425 Coordinator.h:126] commit: 1658267 abort: 291733 (0/291733/0), network size: 0, avg network size: 0, si_in_serializable: 0 0 %, local: 0 %
I1126 18:09:17.956717 1068425 Coordinator.h:126] commit: 1657959 abort: 292041 (0/292041/0), network size: 0, avg network size: 0, si_in_serializable: 0 0 %, local: 0 %
I1126 18:09:18.956815 1068425 Coordinator.h:126] commit: 1657011 abort: 292989 (0/292989/0), network size: 0, avg network size: 0, si_in_serializable: 0 0 %, local: 0 %
I1126 18:09:19.956920 1068425 Coordinator.h:126] commit: 1649051 abort: 290949 (0/290949/0), network size: 0, avg network size: 0, si_in_serializable: 0 0 %, local: 0 %
I1126 18:09:20.957022 1068425 Coordinator.h:126] commit: 1657499 abort: 292501 (0/292501/0), network size: 0, avg network size: 0, si_in_serializable: 0 0 %, local: 0 %
I1126 18:09:21.957125 1068425 Coordinator.h:126] commit: 1538711 abort: 271289 (0/271289/0), network size: 0, avg network size: 0, si_in_serializable: 0 0 %, local: 0 %
I1126 18:09:22.957226 1068425 Coordinator.h:126] commit: 1664791 abort: 294422 (0/294422/0), network size: 0, avg network size: 0, si_in_serializable: 0 0 %, local: 0 %
I1126 18:09:23.957332 1068425 Coordinator.h:126] commit: 1649581 abort: 291206 (0/291206/0), network size: 0, avg network size: 0, si_in_serializable: 0 0 %, local: 0 %
I1126 18:09:24.957444 1068425 Coordinator.h:126] commit: 1656992 abort: 293008 (0/293008/0), network size: 0, avg network size: 0, si_in_serializable: 0 0 %, local: 0 %
I1126 18:09:25.957552 1068425 Coordinator.h:126] commit: 1633442 abort: 286558 (0/286558/0), network size: 0, avg network size: 0, si_in_serializable: 0 0 %, local: 0 %
I1126 18:09:26.957659 1068425 Coordinator.h:126] commit: 1657069 abort: 292931 (0/292931/0), network size: 0, avg network size: 0, si_in_serializable: 0 0 %, local: 0 %
I1126 18:09:27.957783 1068425 Coordinator.h:126] commit: 1648458 abort: 291542 (0/291542/0), network size: 0, avg network size: 0, si_in_serializable: 0 0 %, local: 0 %
I1126 18:09:28.957890 1068425 Coordinator.h:126] commit: 1658383 abort: 291617 (0/291617/0), network size: 0, avg network size: 0, si_in_serializable: 0 0 %, local: 0 %
I1126 18:09:29.957996 1068425 Coordinator.h:126] commit: 1649330 abort: 290670 (0/290670/0), network size: 0, avg network size: 0, si_in_serializable: 0 0 %, local: 0 %
I1126 18:09:30.958097 1068425 Coordinator.h:126] commit: 1657234 abort: 292766 (0/292766/0), network size: 0, avg network size: 0, si_in_serializable: 0 0 %, local: 0 %
I1126 18:09:30.958122 1068425 Coordinator.h:152] average commit: 1.64233e+06 abort: 289670 (0/289670/0), network size: 0, avg network size: 0, si_in_serializable: 0 0 %, local: 0 %
I1126 18:09:30.961352 1068451 AriaExecutor.h:103] AriaExecutor 10 exits. 
I1126 18:09:30.961356 1068445 AriaExecutor.h:103] AriaExecutor 4 exits. 
I1126 18:09:30.961364 1068441 AriaExecutor.h:103] AriaExecutor 0 exits. 
I1126 18:09:30.961362 1068453 Manager.h:227] Manager(worker id = 12) on the coordinator node exits.
I1126 18:09:30.961357 1068449 AriaExecutor.h:103] AriaExecutor 8 exits. 
I1126 18:09:30.961366 1068447 AriaExecutor.h:103] AriaExecutor 6 exits. 
I1126 18:09:30.961356 1068443 AriaExecutor.h:103] AriaExecutor 2 exits. 
I1126 18:09:30.961367 1068452 AriaExecutor.h:103] AriaExecutor 11 exits. 
I1126 18:09:30.961367 1068444 AriaExecutor.h:103] AriaExecutor 3 exits. 
I1126 18:09:30.961370 1068446 AriaExecutor.h:103] AriaExecutor 5 exits. 
I1126 18:09:30.961370 1068448 AriaExecutor.h:103] AriaExecutor 7 exits. 
I1126 18:09:30.961371 1068450 AriaExecutor.h:103] AriaExecutor 9 exits. 
I1126 18:09:30.961370 1068442 AriaExecutor.h:103] AriaExecutor 1 exits. 
I1126 18:09:30.958132 1068425 AriaExecutor.h:621] Worker 0 latency: 3683 us (50%) 4163 us (75%) 4527 us (95%) 4629 us (99%).
I1126 18:09:31.095086 1068425 AriaExecutor.h:621] Worker 1 latency: 3657 us (50%) 4150 us (75%) 4522 us (95%) 4625 us (99%).
I1126 18:09:31.247952 1068425 AriaExecutor.h:621] Worker 2 latency: 3694 us (50%) 4169 us (75%) 4528 us (95%) 4629 us (99%).
I1126 18:09:31.383280 1068425 AriaExecutor.h:621] Worker 3 latency: 3661 us (50%) 4153 us (75%) 4523 us (95%) 4625 us (99%).
I1126 18:09:31.533269 1068425 AriaExecutor.h:621] Worker 4 latency: 3682 us (50%) 4164 us (75%) 4527 us (95%) 4629 us (99%).
I1126 18:09:31.670078 1068425 AriaExecutor.h:621] Worker 5 latency: 3666 us (50%) 4156 us (75%) 4524 us (95%) 4626 us (99%).
I1126 18:09:31.820511 1068425 AriaExecutor.h:621] Worker 6 latency: 3666 us (50%) 4154 us (75%) 4523 us (95%) 4625 us (99%).
I1126 18:09:31.953284 1068425 AriaExecutor.h:621] Worker 7 latency: 3667 us (50%) 4155 us (75%) 4522 us (95%) 4624 us (99%).
I1126 18:09:32.098752 1068425 AriaExecutor.h:621] Worker 8 latency: 3685 us (50%) 4166 us (75%) 4528 us (95%) 4629 us (99%).
I1126 18:09:32.231647 1068425 AriaExecutor.h:621] Worker 9 latency: 3657 us (50%) 4152 us (75%) 4523 us (95%) 4625 us (99%).
I1126 18:09:32.381844 1068425 AriaExecutor.h:621] Worker 10 latency: 3699 us (50%) 4172 us (75%) 4529 us (95%) 4629 us (99%).
I1126 18:09:32.514446 1068425 AriaExecutor.h:621] Worker 11 latency: 3653 us (50%) 4150 us (75%) 4521 us (95%) 4624 us (99%).
I1126 18:09:32.662071 1068425 Coordinator.h:177] total commit: 1.64233e+06
I1126 18:09:33.662182 1068425 Coordinator.h:192] Coordinator exits.
