I1126 15:47:13.760825 1018860 Database.h:65] ycsb initialization finished in 29 milliseconds.
I1126 15:47:13.760926 1018860 Coordinator.h:30] Coordinator initializes 12 workers.
I1126 15:47:13.768468 1018860 Coordinator.h:77] Coordinator starts to run 13 workers.
I1126 15:47:13.768519 1018876 AriaExecutor.h:93] AriaExecutor 0 started. 
I1126 15:47:13.768550 1018877 AriaExecutor.h:93] AriaExecutor 1 started. 
I1126 15:47:13.768584 1018878 AriaExecutor.h:93] AriaExecutor 2 started. 
I1126 15:47:13.768632 1018879 AriaExecutor.h:93] AriaExecutor 3 started. 
I1126 15:47:13.768714 1018881 AriaExecutor.h:93] AriaExecutor 5 started. 
I1126 15:47:13.768754 1018882 AriaExecutor.h:93] AriaExecutor 6 started. 
I1126 15:47:13.768790 1018883 AriaExecutor.h:93] AriaExecutor 7 started. 
I1126 15:47:13.768826 1018884 AriaExecutor.h:93] AriaExecutor 8 started. 
I1126 15:47:13.768867 1018885 AriaExecutor.h:93] AriaExecutor 9 started. 
I1126 15:47:13.768899 1018886 AriaExecutor.h:93] AriaExecutor 10 started. 
I1126 15:47:13.768949 1018887 AriaExecutor.h:93] AriaExecutor 11 started. 
I1126 15:47:13.768986 1018880 AriaExecutor.h:93] AriaExecutor 4 started. 
I1126 15:47:13.768989 1018888 Manager.h:224] Manager(worker id = 12) on the coordinator node started.
I1126 15:47:14.769053 1018860 Coordinator.h:126] commit: 24678 abort: 142322 (0/142322/0), network size: 0, avg network size: 0, si_in_serializable: 0 0 %, local: 0 %
I1126 15:47:15.769178 1018860 Coordinator.h:126] commit: 24715 abort: 142285 (0/142285/0), network size: 0, avg network size: 0, si_in_serializable: 0 0 %, local: 0 %
I1126 15:47:16.769301 1018860 Coordinator.h:126] commit: 25019 abort: 143981 (0/143981/0), network size: 0, avg network size: 0, si_in_serializable: 0 0 %, local: 0 %
I1126 15:47:17.769389 1018860 Coordinator.h:126] commit: 25185 abort: 144815 (0/144815/0), network size: 0, avg network size: 0, si_in_serializable: 0 0 %, local: 0 %
I1126 15:47:18.769462 1018860 Coordinator.h:126] commit: 24805 abort: 144195 (0/144195/0), network size: 0, avg network size: 0, si_in_serializable: 0 0 %, local: 0 %
I1126 15:47:19.769538 1018860 Coordinator.h:126] commit: 24534 abort: 142466 (0/142466/0), network size: 0, avg network size: 0, si_in_serializable: 0 0 %, local: 0 %
I1126 15:47:20.769642 1018860 Coordinator.h:126] commit: 25170 abort: 144830 (0/144830/0), network size: 0, avg network size: 0, si_in_serializable: 0 0 %, local: 0 %
I1126 15:47:21.769749 1018860 Coordinator.h:126] commit: 24936 abort: 144064 (0/144064/0), network size: 0, avg network size: 0, si_in_serializable: 0 0 %, local: 0 %
I1126 15:47:22.769824 1018860 Coordinator.h:126] commit: 25218 abort: 144782 (0/144782/0), network size: 0, avg network size: 0, si_in_serializable: 0 0 %, local: 0 %
I1126 15:47:23.769898 1018860 Coordinator.h:126] commit: 24511 abort: 142489 (0/142489/0), network size: 0, avg network size: 0, si_in_serializable: 0 0 %, local: 0 %
I1126 15:47:24.769994 1018860 Coordinator.h:126] commit: 25044 abort: 144956 (0/144956/0), network size: 0, avg network size: 0, si_in_serializable: 0 0 %, local: 0 %
I1126 15:47:25.770102 1018860 Coordinator.h:126] commit: 25030 abort: 143970 (0/143970/0), network size: 0, avg network size: 0, si_in_serializable: 0 0 %, local: 0 %
I1126 15:47:26.770192 1018860 Coordinator.h:126] commit: 24724 abort: 143230 (0/143230/0), network size: 0, avg network size: 0, si_in_serializable: 0 0 %, local: 0 %
I1126 15:47:27.770269 1018860 Coordinator.h:126] commit: 24948 abort: 145098 (0/145098/0), network size: 0, avg network size: 0, si_in_serializable: 0 0 %, local: 0 %
I1126 15:47:28.770340 1018860 Coordinator.h:126] commit: 25089 abort: 143911 (0/143911/0), network size: 0, avg network size: 0, si_in_serializable: 0 0 %, local: 0 %
I1126 15:47:29.770414 1018860 Coordinator.h:126] commit: 25023 abort: 144977 (0/144977/0), network size: 0, avg network size: 0, si_in_serializable: 0 0 %, local: 0 %
I1126 15:47:30.770491 1018860 Coordinator.h:126] commit: 25073 abort: 143927 (0/143927/0), network size: 0, avg network size: 0, si_in_serializable: 0 0 %, local: 0 %
I1126 15:47:31.770586 1018860 Coordinator.h:126] commit: 25004 abort: 144996 (0/144996/0), network size: 0, avg network size: 0, si_in_serializable: 0 0 %, local: 0 %
I1126 15:47:32.770665 1018860 Coordinator.h:126] commit: 25062 abort: 144938 (0/144938/0), network size: 0, avg network size: 0, si_in_serializable: 0 0 %, local: 0 %
I1126 15:47:33.770742 1018860 Coordinator.h:126] commit: 25025 abort: 144975 (0/144975/0), network size: 0, avg network size: 0, si_in_serializable: 0 0 %, local: 0 %
I1126 15:47:34.770929 1018860 Coordinator.h:126] commit: 24881 abort: 144119 (0/144119/0), network size: 0, avg network size: 0, si_in_serializable: 0 0 %, local: 0 %
I1126 15:47:35.771072 1018860 Coordinator.h:126] commit: 24905 abort: 143095 (0/143095/0), network size: 0, avg network size: 0, si_in_serializable: 0 0 %, local: 0 %
I1126 15:47:36.771157 1018860 Coordinator.h:126] commit: 24994 abort: 145006 (0/145006/0), network size: 0, avg network size: 0, si_in_serializable: 0 0 %, local: 0 %
I1126 15:47:37.771238 1018860 Coordinator.h:126] commit: 25038 abort: 144962 (0/144962/0), network size: 0, avg network size: 0, si_in_serializable: 0 0 %, local: 0 %
I1126 15:47:38.771322 1018860 Coordinator.h:126] commit: 24911 abort: 145089 (0/145089/0), network size: 0, avg network size: 0, si_in_serializable: 0 0 %, local: 0 %
I1126 15:47:38.771333 1018860 Coordinator.h:152] average commit: 25002.2 abort: 144498 (0/144498/0), network size: 0, avg network size: 0, si_in_serializable: 0 0 %, local: 0 %
I1126 15:47:38.771342 1018860 AriaExecutor.h:672] Worker 0 latency: 5597 us (50%) 5693 us (75%) 5786 us (95%) 5907 us (99%).
I1126 15:47:38.777026 1018886 AriaExecutor.h:105] AriaExecutor 10 exits. 
I1126 15:47:38.777041 1018885 AriaExecutor.h:105] AriaExecutor 9 exits. 
I1126 15:47:38.777029 1018880 AriaExecutor.h:105] AriaExecutor 4 exits. 
I1126 15:47:38.777029 1018878 AriaExecutor.h:105] AriaExecutor 2 exits. 
I1126 15:47:38.777030 1018882 AriaExecutor.h:105] AriaExecutor 6 exits. 
I1126 15:47:38.777033 1018884 AriaExecutor.h:105] AriaExecutor 8 exits. 
I1126 15:47:38.777027 1018876 AriaExecutor.h:105] AriaExecutor 0 exits. 
I1126 15:47:38.777041 1018887 AriaExecutor.h:105] AriaExecutor 11 exits. 
I1126 15:47:38.777041 1018879 AriaExecutor.h:105] AriaExecutor 3 exits. 
I1126 15:47:38.777041 1018883 AriaExecutor.h:105] AriaExecutor 7 exits. 
I1126 15:47:38.777041 1018877 AriaExecutor.h:105] AriaExecutor 1 exits. 
I1126 15:47:38.777027 1018888 Manager.h:227] Manager(worker id = 12) on the coordinator node exits.
I1126 15:47:38.777041 1018881 AriaExecutor.h:105] AriaExecutor 5 exits. 
I1126 15:47:38.777343 1018860 AriaExecutor.h:672] Worker 1 latency: 5593 us (50%) 5690 us (75%) 5785 us (95%) 5908 us (99%).
I1126 15:47:38.780107 1018860 AriaExecutor.h:672] Worker 2 latency: 5595 us (50%) 5691 us (75%) 5785 us (95%) 5906 us (99%).
I1126 15:47:38.783042 1018860 AriaExecutor.h:672] Worker 3 latency: 5594 us (50%) 5690 us (75%) 5785 us (95%) 5909 us (99%).
I1126 15:47:38.785766 1018860 AriaExecutor.h:672] Worker 4 latency: 5594 us (50%) 5691 us (75%) 5786 us (95%) 5905 us (99%).
I1126 15:47:38.788708 1018860 AriaExecutor.h:672] Worker 5 latency: 5592 us (50%) 5690 us (75%) 5784 us (95%) 5909 us (99%).
I1126 15:47:38.791441 1018860 AriaExecutor.h:672] Worker 6 latency: 5593 us (50%) 5690 us (75%) 5784 us (95%) 5903 us (99%).
I1126 15:47:38.794342 1018860 AriaExecutor.h:672] Worker 7 latency: 5591 us (50%) 5689 us (75%) 5784 us (95%) 5905 us (99%).
I1126 15:47:38.797009 1018860 AriaExecutor.h:672] Worker 8 latency: 5589 us (50%) 5689 us (75%) 5783 us (95%) 5903 us (99%).
I1126 15:47:38.799890 1018860 AriaExecutor.h:672] Worker 9 latency: 5591 us (50%) 5689 us (75%) 5783 us (95%) 5908 us (99%).
I1126 15:47:38.802505 1018860 AriaExecutor.h:672] Worker 10 latency: 5589 us (50%) 5689 us (75%) 5783 us (95%) 5907 us (99%).
I1126 15:47:38.805349 1018860 AriaExecutor.h:672] Worker 11 latency: 5589 us (50%) 5688 us (75%) 5782 us (95%) 5904 us (99%).
I1126 15:47:38.807979 1018860 Coordinator.h:177] total commit: 25002.2
I1126 15:47:39.808097 1018860 Coordinator.h:192] Coordinator exits.
