I1126 14:56:01.683127 985893 Database.h:65] ycsb initialization finished in 30 milliseconds.
I1126 14:56:01.683235 985893 Coordinator.h:30] Coordinator initializes 12 workers.
I1126 14:56:01.690443 985893 Coordinator.h:77] Coordinator starts to run 13 workers.
I1126 14:56:01.690497 985909 AriaExecutor.h:91] AriaExecutor 0 started. 
I1126 14:56:01.690522 985910 AriaExecutor.h:91] AriaExecutor 1 started. 
I1126 14:56:01.690560 985911 AriaExecutor.h:91] AriaExecutor 2 started. 
I1126 14:56:01.690613 985912 AriaExecutor.h:91] AriaExecutor 3 started. 
I1126 14:56:01.690685 985914 AriaExecutor.h:91] AriaExecutor 5 started. 
I1126 14:56:01.690729 985915 AriaExecutor.h:91] AriaExecutor 6 started. 
I1126 14:56:01.690763 985916 AriaExecutor.h:91] AriaExecutor 7 started. 
I1126 14:56:01.690798 985917 AriaExecutor.h:91] AriaExecutor 8 started. 
I1126 14:56:01.690843 985918 AriaExecutor.h:91] AriaExecutor 9 started. 
I1126 14:56:01.690878 985919 AriaExecutor.h:91] AriaExecutor 10 started. 
I1126 14:56:01.690927 985920 AriaExecutor.h:91] AriaExecutor 11 started. 
I1126 14:56:01.690961 985913 AriaExecutor.h:91] AriaExecutor 4 started. 
I1126 14:56:01.690965 985921 Manager.h:224] Manager(worker id = 12) on the coordinator node started.
I1126 14:56:02.691025 985893 Coordinator.h:126] commit: 611965 abort: 768035 (0/768035/0), network size: 0, avg network size: 0, si_in_serializable: 0 0 %, local: 0 %
I1126 14:56:03.691149 985893 Coordinator.h:126] commit: 607894 abort: 762106 (0/762106/0), network size: 0, avg network size: 0, si_in_serializable: 0 0 %, local: 0 %
I1126 14:56:04.691273 985893 Coordinator.h:126] commit: 611754 abort: 768246 (0/768246/0), network size: 0, avg network size: 0, si_in_serializable: 0 0 %, local: 0 %
I1126 14:56:05.691361 985893 Coordinator.h:126] commit: 616256 abort: 773744 (0/773744/0), network size: 0, avg network size: 0, si_in_serializable: 0 0 %, local: 0 %
I1126 14:56:06.691463 985893 Coordinator.h:126] commit: 621502 abort: 778498 (0/778498/0), network size: 0, avg network size: 0, si_in_serializable: 0 0 %, local: 0 %
I1126 14:56:07.691565 985893 Coordinator.h:126] commit: 607431 abort: 762569 (0/762569/0), network size: 0, avg network size: 0, si_in_serializable: 0 0 %, local: 0 %
I1126 14:56:08.691687 985893 Coordinator.h:126] commit: 612275 abort: 767725 (0/767725/0), network size: 0, avg network size: 0, si_in_serializable: 0 0 %, local: 0 %
I1126 14:56:09.691789 985893 Coordinator.h:126] commit: 620915 abort: 779085 (0/779085/0), network size: 0, avg network size: 0, si_in_serializable: 0 0 %, local: 0 %
I1126 14:56:10.691891 985893 Coordinator.h:126] commit: 616952 abort: 773048 (0/773048/0), network size: 0, avg network size: 0, si_in_serializable: 0 0 %, local: 0 %
I1126 14:56:11.692000 985893 Coordinator.h:126] commit: 612144 abort: 767856 (0/767856/0), network size: 0, avg network size: 0, si_in_serializable: 0 0 %, local: 0 %
I1126 14:56:12.692094 985893 Coordinator.h:126] commit: 603068 abort: 756932 (0/756932/0), network size: 0, avg network size: 0, si_in_serializable: 0 0 %, local: 0 %
I1126 14:56:13.692183 985893 Coordinator.h:126] commit: 616444 abort: 773556 (0/773556/0), network size: 0, avg network size: 0, si_in_serializable: 0 0 %, local: 0 %
I1126 14:56:14.692291 985893 Coordinator.h:126] commit: 612663 abort: 767337 (0/767337/0), network size: 0, avg network size: 0, si_in_serializable: 0 0 %, local: 0 %
I1126 14:56:15.692385 985893 Coordinator.h:126] commit: 619385 abort: 780615 (0/780615/0), network size: 0, avg network size: 0, si_in_serializable: 0 0 %, local: 0 %
I1126 14:56:16.692492 985893 Coordinator.h:126] commit: 616708 abort: 773292 (0/773292/0), network size: 0, avg network size: 0, si_in_serializable: 0 0 %, local: 0 %
I1126 14:56:17.692589 985893 Coordinator.h:126] commit: 621340 abort: 778597 (0/778597/0), network size: 0, avg network size: 0, si_in_serializable: 0 0 %, local: 0 %
I1126 14:56:18.692683 985893 Coordinator.h:126] commit: 616082 abort: 773981 (0/773981/0), network size: 0, avg network size: 0, si_in_serializable: 0 0 %, local: 0 %
I1126 14:56:19.692781 985893 Coordinator.h:126] commit: 617455 abort: 772545 (0/772545/0), network size: 0, avg network size: 0, si_in_serializable: 0 0 %, local: 0 %
I1126 14:56:20.692875 985893 Coordinator.h:126] commit: 615978 abort: 774022 (0/774022/0), network size: 0, avg network size: 0, si_in_serializable: 0 0 %, local: 0 %
I1126 14:56:21.692977 985893 Coordinator.h:126] commit: 621221 abort: 778779 (0/778779/0), network size: 0, avg network size: 0, si_in_serializable: 0 0 %, local: 0 %
I1126 14:56:22.693073 985893 Coordinator.h:126] commit: 589292 abort: 740708 (0/740708/0), network size: 0, avg network size: 0, si_in_serializable: 0 0 %, local: 0 %
I1126 14:56:23.693179 985893 Coordinator.h:126] commit: 616949 abort: 773051 (0/773051/0), network size: 0, avg network size: 0, si_in_serializable: 0 0 %, local: 0 %
I1126 14:56:24.693285 985893 Coordinator.h:126] commit: 620934 abort: 779066 (0/779066/0), network size: 0, avg network size: 0, si_in_serializable: 0 0 %, local: 0 %
I1126 14:56:25.693392 985893 Coordinator.h:126] commit: 616031 abort: 773969 (0/773969/0), network size: 0, avg network size: 0, si_in_serializable: 0 0 %, local: 0 %
I1126 14:56:26.693496 985893 Coordinator.h:126] commit: 617125 abort: 772875 (0/772875/0), network size: 0, avg network size: 0, si_in_serializable: 0 0 %, local: 0 %
I1126 14:56:26.693527 985893 Coordinator.h:152] average commit: 616034 abort: 772966 (0/772966/0), network size: 0, avg network size: 0, si_in_serializable: 0 0 %, local: 0 %
I1126 14:56:26.695933 985915 AriaExecutor.h:103] AriaExecutor 6 exits. 
I1126 14:56:26.695933 985913 AriaExecutor.h:103] AriaExecutor 4 exits. 
I1126 14:56:26.695937 985909 AriaExecutor.h:103] AriaExecutor 0 exits. 
I1126 14:56:26.695947 985914 AriaExecutor.h:103] AriaExecutor 5 exits. 
I1126 14:56:26.695935 985921 Manager.h:227] Manager(worker id = 12) on the coordinator node exits.
I1126 14:56:26.695946 985918 AriaExecutor.h:103] AriaExecutor 9 exits. 
I1126 14:56:26.695947 985910 AriaExecutor.h:103] AriaExecutor 1 exits. 
I1126 14:56:26.695938 985911 AriaExecutor.h:103] AriaExecutor 2 exits. 
I1126 14:56:26.695946 985912 AriaExecutor.h:103] AriaExecutor 3 exits. 
I1126 14:56:26.695946 985916 AriaExecutor.h:103] AriaExecutor 7 exits. 
I1126 14:56:26.695947 985920 AriaExecutor.h:103] AriaExecutor 11 exits. 
I1126 14:56:26.695935 985919 AriaExecutor.h:103] AriaExecutor 10 exits. 
I1126 14:56:26.695935 985917 AriaExecutor.h:103] AriaExecutor 8 exits. 
I1126 14:56:26.693537 985893 AriaExecutor.h:649] Worker 0 latency: 5906 us (50%) 6330 us (75%) 6572 us (95%) 6658 us (99%).
I1126 14:56:26.745877 985893 AriaExecutor.h:649] Worker 1 latency: 5901 us (50%) 6326 us (75%) 6570 us (95%) 6653 us (99%).
I1126 14:56:26.796761 985893 AriaExecutor.h:649] Worker 2 latency: 5910 us (50%) 6331 us (75%) 6571 us (95%) 6658 us (99%).
I1126 14:56:26.850062 985893 AriaExecutor.h:649] Worker 3 latency: 5902 us (50%) 6327 us (75%) 6571 us (95%) 6657 us (99%).
I1126 14:56:26.908778 985893 AriaExecutor.h:649] Worker 4 latency: 5906 us (50%) 6330 us (75%) 6572 us (95%) 6657 us (99%).
I1126 14:56:26.961809 985893 AriaExecutor.h:649] Worker 5 latency: 5899 us (50%) 6325 us (75%) 6570 us (95%) 6657 us (99%).
I1126 14:56:27.020612 985893 AriaExecutor.h:649] Worker 6 latency: 5913 us (50%) 6332 us (75%) 6572 us (95%) 6657 us (99%).
I1126 14:56:27.070984 985893 AriaExecutor.h:649] Worker 7 latency: 5902 us (50%) 6328 us (75%) 6571 us (95%) 6657 us (99%).
I1126 14:56:27.128803 985893 AriaExecutor.h:649] Worker 8 latency: 5911 us (50%) 6331 us (75%) 6572 us (95%) 6657 us (99%).
I1126 14:56:27.181823 985893 AriaExecutor.h:649] Worker 9 latency: 5903 us (50%) 6329 us (75%) 6572 us (95%) 6657 us (99%).
I1126 14:56:27.233537 985893 AriaExecutor.h:649] Worker 10 latency: 5915 us (50%) 6335 us (75%) 6572 us (95%) 6657 us (99%).
I1126 14:56:27.285777 985893 AriaExecutor.h:649] Worker 11 latency: 5897 us (50%) 6327 us (75%) 6572 us (95%) 6656 us (99%).
I1126 14:56:27.344065 985893 Coordinator.h:177] total commit: 616034
I1126 14:56:28.344174 985893 Coordinator.h:192] Coordinator exits.
