I1126 16:00:30.866786 1027339 Database.h:65] ycsb initialization finished in 30 milliseconds.
I1126 16:00:30.866895 1027339 Coordinator.h:30] Coordinator initializes 12 workers.
I1126 16:00:30.874457 1027339 Coordinator.h:77] Coordinator starts to run 13 workers.
I1126 16:00:30.874517 1027355 AriaExecutor.h:93] AriaExecutor 0 started. 
I1126 16:00:30.874549 1027356 AriaExecutor.h:93] AriaExecutor 1 started. 
I1126 16:00:30.874589 1027357 AriaExecutor.h:93] AriaExecutor 2 started. 
I1126 16:00:30.874631 1027358 AriaExecutor.h:93] AriaExecutor 3 started. 
I1126 16:00:30.874709 1027360 AriaExecutor.h:93] AriaExecutor 5 started. 
I1126 16:00:30.874754 1027361 AriaExecutor.h:93] AriaExecutor 6 started. 
I1126 16:00:30.874790 1027362 AriaExecutor.h:93] AriaExecutor 7 started. 
I1126 16:00:30.874832 1027363 AriaExecutor.h:93] AriaExecutor 8 started. 
I1126 16:00:30.874878 1027364 AriaExecutor.h:93] AriaExecutor 9 started. 
I1126 16:00:30.874915 1027365 AriaExecutor.h:93] AriaExecutor 10 started. 
I1126 16:00:30.874958 1027366 AriaExecutor.h:93] AriaExecutor 11 started. 
I1126 16:00:30.874998 1027359 AriaExecutor.h:93] AriaExecutor 4 started. 
I1126 16:00:30.875001 1027367 Manager.h:224] Manager(worker id = 12) on the coordinator node started.
I1126 16:00:31.875059 1027339 Coordinator.h:126] commit: 700285 abort: 31715 (0/31715/0), network size: 0, avg network size: 0, si_in_serializable: 0 0 %, local: 0 %
I1126 16:00:32.875165 1027339 Coordinator.h:126] commit: 694346 abort: 31654 (0/31654/0), network size: 0, avg network size: 0, si_in_serializable: 0 0 %, local: 0 %
I1126 16:00:33.875276 1027339 Coordinator.h:126] commit: 699164 abort: 31836 (0/31836/0), network size: 0, avg network size: 0, si_in_serializable: 0 0 %, local: 0 %
I1126 16:00:34.875381 1027339 Coordinator.h:126] commit: 706825 abort: 32175 (0/32175/0), network size: 0, avg network size: 0, si_in_serializable: 0 0 %, local: 0 %
I1126 16:00:35.875474 1027339 Coordinator.h:126] commit: 698503 abort: 31497 (0/31497/0), network size: 0, avg network size: 0, si_in_serializable: 0 0 %, local: 0 %
I1126 16:00:36.875572 1027339 Coordinator.h:126] commit: 700040 abort: 31960 (0/31960/0), network size: 0, avg network size: 0, si_in_serializable: 0 0 %, local: 0 %
I1126 16:00:37.875686 1027339 Coordinator.h:126] commit: 701114 abort: 31886 (0/31886/0), network size: 0, avg network size: 0, si_in_serializable: 0 0 %, local: 0 %
I1126 16:00:38.875788 1027339 Coordinator.h:126] commit: 705977 abort: 32023 (0/32023/0), network size: 0, avg network size: 0, si_in_serializable: 0 0 %, local: 0 %
I1126 16:00:39.875885 1027339 Coordinator.h:126] commit: 701292 abort: 31708 (0/31708/0), network size: 0, avg network size: 0, si_in_serializable: 0 0 %, local: 0 %
I1126 16:00:40.875982 1027339 Coordinator.h:126] commit: 689763 abort: 31237 (0/31237/0), network size: 0, avg network size: 0, si_in_serializable: 0 0 %, local: 0 %
I1126 16:00:41.876084 1027339 Coordinator.h:126] commit: 704857 abort: 32143 (0/32143/0), network size: 0, avg network size: 0, si_in_serializable: 0 0 %, local: 0 %
I1126 16:00:42.876179 1027339 Coordinator.h:126] commit: 706622 abort: 32052 (0/32052/0), network size: 0, avg network size: 0, si_in_serializable: 0 0 %, local: 0 %
I1126 16:00:43.876269 1027339 Coordinator.h:126] commit: 704349 abort: 31977 (0/31977/0), network size: 0, avg network size: 0, si_in_serializable: 0 0 %, local: 0 %
I1126 16:00:44.876361 1027339 Coordinator.h:126] commit: 705952 abort: 32048 (0/32048/0), network size: 0, avg network size: 0, si_in_serializable: 0 0 %, local: 0 %
I1126 16:00:45.876458 1027339 Coordinator.h:126] commit: 694474 abort: 31526 (0/31526/0), network size: 0, avg network size: 0, si_in_serializable: 0 0 %, local: 0 %
I1126 16:00:46.876577 1027339 Coordinator.h:126] commit: 705239 abort: 31761 (0/31761/0), network size: 0, avg network size: 0, si_in_serializable: 0 0 %, local: 0 %
I1126 16:00:47.876672 1027339 Coordinator.h:126] commit: 706655 abort: 32345 (0/32345/0), network size: 0, avg network size: 0, si_in_serializable: 0 0 %, local: 0 %
I1126 16:00:48.876749 1027339 Coordinator.h:126] commit: 690796 abort: 31204 (0/31204/0), network size: 0, avg network size: 0, si_in_serializable: 0 0 %, local: 0 %
I1126 16:00:49.876827 1027339 Coordinator.h:126] commit: 681237 abort: 30763 (0/30763/0), network size: 0, avg network size: 0, si_in_serializable: 0 0 %, local: 0 %
I1126 16:00:50.876910 1027339 Coordinator.h:126] commit: 705046 abort: 31954 (0/31954/0), network size: 0, avg network size: 0, si_in_serializable: 0 0 %, local: 0 %
I1126 16:00:51.877010 1027339 Coordinator.h:126] commit: 706069 abort: 31931 (0/31931/0), network size: 0, avg network size: 0, si_in_serializable: 0 0 %, local: 0 %
I1126 16:00:52.877095 1027339 Coordinator.h:126] commit: 704123 abort: 31877 (0/31877/0), network size: 0, avg network size: 0, si_in_serializable: 0 0 %, local: 0 %
I1126 16:00:53.877172 1027339 Coordinator.h:126] commit: 705783 abort: 32217 (0/32217/0), network size: 0, avg network size: 0, si_in_serializable: 0 0 %, local: 0 %
I1126 16:00:54.877249 1027339 Coordinator.h:126] commit: 705361 abort: 31639 (0/31639/0), network size: 0, avg network size: 0, si_in_serializable: 0 0 %, local: 0 %
I1126 16:00:55.877352 1027339 Coordinator.h:126] commit: 697540 abort: 31460 (0/31460/0), network size: 0, avg network size: 0, si_in_serializable: 0 0 %, local: 0 %
I1126 16:00:55.877394 1027339 Coordinator.h:152] average commit: 700523 abort: 31777.3 (0/31777.3/0), network size: 0, avg network size: 0, si_in_serializable: 0 0 %, local: 0 %
I1126 16:00:55.877455 1027363 AriaExecutor.h:105] AriaExecutor 8 exits. 
I1126 16:00:55.877455 1027367 Manager.h:227] Manager(worker id = 12) on the coordinator node exits.
I1126 16:00:55.877472 1027365 AriaExecutor.h:105] AriaExecutor 10 exits. 
I1126 16:00:55.877460 1027359 AriaExecutor.h:105] AriaExecutor 4 exits. 
I1126 16:00:55.877467 1027358 AriaExecutor.h:105] AriaExecutor 3 exits. 
I1126 16:00:55.877470 1027355 AriaExecutor.h:105] AriaExecutor 0 exits. 
I1126 16:00:55.877456 1027357 AriaExecutor.h:105] AriaExecutor 2 exits. 
I1126 16:00:55.877460 1027361 AriaExecutor.h:105] AriaExecutor 6 exits. 
I1126 16:00:55.877471 1027362 AriaExecutor.h:105] AriaExecutor 7 exits. 
I1126 16:00:55.877470 1027356 AriaExecutor.h:105] AriaExecutor 1 exits. 
I1126 16:00:55.877470 1027364 AriaExecutor.h:105] AriaExecutor 9 exits. 
I1126 16:00:55.877467 1027360 AriaExecutor.h:105] AriaExecutor 5 exits. 
I1126 16:00:55.877468 1027366 AriaExecutor.h:105] AriaExecutor 11 exits. 
I1126 16:00:55.877403 1027339 AriaExecutor.h:672] Worker 0 latency: 893 us (50%) 1094 us (75%) 1253 us (95%) 1287 us (99%).
I1126 16:00:55.940481 1027339 AriaExecutor.h:672] Worker 1 latency: 891 us (50%) 1093 us (75%) 1252 us (95%) 1286 us (99%).
I1126 16:00:56.010517 1027339 AriaExecutor.h:672] Worker 2 latency: 892 us (50%) 1094 us (75%) 1253 us (95%) 1287 us (99%).
I1126 16:00:56.073192 1027339 AriaExecutor.h:672] Worker 3 latency: 892 us (50%) 1093 us (75%) 1252 us (95%) 1286 us (99%).
I1126 16:00:56.143234 1027339 AriaExecutor.h:672] Worker 4 latency: 894 us (50%) 1095 us (75%) 1253 us (95%) 1287 us (99%).
I1126 16:00:56.205659 1027339 AriaExecutor.h:672] Worker 5 latency: 889 us (50%) 1091 us (75%) 1252 us (95%) 1286 us (99%).
I1126 16:00:56.274479 1027339 AriaExecutor.h:672] Worker 6 latency: 894 us (50%) 1095 us (75%) 1253 us (95%) 1287 us (99%).
I1126 16:00:56.336829 1027339 AriaExecutor.h:672] Worker 7 latency: 892 us (50%) 1093 us (75%) 1252 us (95%) 1286 us (99%).
I1126 16:00:56.405313 1027339 AriaExecutor.h:672] Worker 8 latency: 894 us (50%) 1094 us (75%) 1253 us (95%) 1287 us (99%).
I1126 16:00:56.467100 1027339 AriaExecutor.h:672] Worker 9 latency: 892 us (50%) 1093 us (75%) 1252 us (95%) 1286 us (99%).
I1126 16:00:56.535640 1027339 AriaExecutor.h:672] Worker 10 latency: 894 us (50%) 1094 us (75%) 1253 us (95%) 1287 us (99%).
I1126 16:00:56.597621 1027339 AriaExecutor.h:672] Worker 11 latency: 893 us (50%) 1093 us (75%) 1252 us (95%) 1286 us (99%).
I1126 16:00:56.665397 1027339 Coordinator.h:177] total commit: 700523
I1126 16:00:57.665518 1027339 Coordinator.h:192] Coordinator exits.
