I1126 13:43:31.679237 942993 Database.h:65] ycsb initialization finished in 30 milliseconds.
I1126 13:43:31.679335 942993 Coordinator.h:30] Coordinator initializes 12 workers.
I1126 13:43:31.686995 942993 Coordinator.h:77] Coordinator starts to run 13 workers.
I1126 13:43:31.687083 943012 AriaExecutor.h:82] AriaExecutor 0 started. 
I1126 13:43:31.687099 943013 AriaExecutor.h:82] AriaExecutor 1 started. 
I1126 13:43:31.687161 943014 AriaExecutor.h:82] AriaExecutor 2 started. 
I1126 13:43:31.687191 943015 AriaExecutor.h:82] AriaExecutor 3 started. 
I1126 13:43:31.687230 943016 AriaExecutor.h:82] AriaExecutor 4 started. 
I1126 13:43:31.687266 943017 AriaExecutor.h:82] AriaExecutor 5 started. 
I1126 13:43:31.687300 943018 AriaExecutor.h:82] AriaExecutor 6 started. 
I1126 13:43:31.687341 943019 AriaExecutor.h:82] AriaExecutor 7 started. 
I1126 13:43:31.687378 943020 AriaExecutor.h:82] AriaExecutor 8 started. 
I1126 13:43:31.687417 943021 AriaExecutor.h:82] AriaExecutor 9 started. 
I1126 13:43:31.687459 943022 AriaExecutor.h:82] AriaExecutor 10 started. 
I1126 13:43:31.687489 943023 AriaExecutor.h:82] AriaExecutor 11 started. 
I1126 13:43:31.687521 943024 Manager.h:224] Manager(worker id = 12) on the coordinator node started.
I1126 13:43:32.687573 942993 Coordinator.h:126] commit: 16661 abort: 228339 (0/228339/0), network size: 0, avg network size: 0, si_in_serializable: 0 0 %, local: 0 %
I1126 13:43:33.687691 942993 Coordinator.h:126] commit: 16758 abort: 230242 (0/230242/0), network size: 0, avg network size: 0, si_in_serializable: 0 0 %, local: 0 %
I1126 13:43:34.687855 942993 Coordinator.h:126] commit: 17083 abort: 231917 (0/231917/0), network size: 0, avg network size: 0, si_in_serializable: 0 0 %, local: 0 %
I1126 13:43:35.687955 942993 Coordinator.h:126] commit: 17129 abort: 233871 (0/233871/0), network size: 0, avg network size: 0, si_in_serializable: 0 0 %, local: 0 %
I1126 13:43:36.688035 942993 Coordinator.h:126] commit: 16962 abort: 233038 (0/233038/0), network size: 0, avg network size: 0, si_in_serializable: 0 0 %, local: 0 %
I1126 13:43:37.688117 942993 Coordinator.h:126] commit: 16952 abort: 231048 (0/231048/0), network size: 0, avg network size: 0, si_in_serializable: 0 0 %, local: 0 %
I1126 13:43:38.688216 942993 Coordinator.h:126] commit: 17275 abort: 235725 (0/235725/0), network size: 0, avg network size: 0, si_in_serializable: 0 0 %, local: 0 %
I1126 13:43:39.688313 942993 Coordinator.h:126] commit: 17143 abort: 234857 (0/234857/0), network size: 0, avg network size: 0, si_in_serializable: 0 0 %, local: 0 %
I1126 13:43:40.688387 942993 Coordinator.h:126] commit: 17196 abort: 234804 (0/234804/0), network size: 0, avg network size: 0, si_in_serializable: 0 0 %, local: 0 %
I1126 13:43:41.688465 942993 Coordinator.h:126] commit: 17361 abort: 235639 (0/235639/0), network size: 0, avg network size: 0, si_in_serializable: 0 0 %, local: 0 %
I1126 13:43:42.688542 942993 Coordinator.h:126] commit: 17167 abort: 234833 (0/234833/0), network size: 0, avg network size: 0, si_in_serializable: 0 0 %, local: 0 %
I1126 13:43:43.688620 942993 Coordinator.h:126] commit: 17358 abort: 234642 (0/234642/0), network size: 0, avg network size: 0, si_in_serializable: 0 0 %, local: 0 %
I1126 13:43:44.688699 942993 Coordinator.h:126] commit: 16985 abort: 231015 (0/231015/0), network size: 0, avg network size: 0, si_in_serializable: 0 0 %, local: 0 %
I1126 13:43:45.688778 942993 Coordinator.h:126] commit: 17142 abort: 233858 (0/233858/0), network size: 0, avg network size: 0, si_in_serializable: 0 0 %, local: 0 %
I1126 13:43:46.688858 942993 Coordinator.h:126] commit: 17113 abort: 234887 (0/234887/0), network size: 0, avg network size: 0, si_in_serializable: 0 0 %, local: 0 %
I1126 13:43:47.688934 942993 Coordinator.h:126] commit: 17237 abort: 234763 (0/234763/0), network size: 0, avg network size: 0, si_in_serializable: 0 0 %, local: 0 %
I1126 13:43:48.689030 942993 Coordinator.h:126] commit: 17128 abort: 232872 (0/232872/0), network size: 0, avg network size: 0, si_in_serializable: 0 0 %, local: 0 %
I1126 13:43:49.689107 942993 Coordinator.h:126] commit: 17138 abort: 233862 (0/233862/0), network size: 0, avg network size: 0, si_in_serializable: 0 0 %, local: 0 %
I1126 13:43:50.689183 942993 Coordinator.h:126] commit: 17226 abort: 232774 (0/232774/0), network size: 0, avg network size: 0, si_in_serializable: 0 0 %, local: 0 %
I1126 13:43:51.689260 942993 Coordinator.h:126] commit: 17248 abort: 234752 (0/234752/0), network size: 0, avg network size: 0, si_in_serializable: 0 0 %, local: 0 %
I1126 13:43:52.689337 942993 Coordinator.h:126] commit: 17090 abort: 233910 (0/233910/0), network size: 0, avg network size: 0, si_in_serializable: 0 0 %, local: 0 %
I1126 13:43:53.689415 942993 Coordinator.h:126] commit: 17094 abort: 233906 (0/233906/0), network size: 0, avg network size: 0, si_in_serializable: 0 0 %, local: 0 %
I1126 13:43:54.689493 942993 Coordinator.h:126] commit: 17202 abort: 233798 (0/233798/0), network size: 0, avg network size: 0, si_in_serializable: 0 0 %, local: 0 %
I1126 13:43:55.689570 942993 Coordinator.h:126] commit: 17063 abort: 231937 (0/231937/0), network size: 0, avg network size: 0, si_in_serializable: 0 0 %, local: 0 %
I1126 13:43:56.689646 942993 Coordinator.h:126] commit: 17157 abort: 233843 (0/233843/0), network size: 0, avg network size: 0, si_in_serializable: 0 0 %, local: 0 %
I1126 13:43:56.689659 942993 Coordinator.h:152] average commit: 17174.2 abort: 233826 (0/233826/0), network size: 0, avg network size: 0, si_in_serializable: 0 0 %, local: 0 %
I1126 13:43:56.689849 943012 AriaExecutor.h:94] AriaExecutor 0 exits. 
I1126 13:43:56.689850 943015 AriaExecutor.h:94] AriaExecutor 3 exits. 
I1126 13:43:56.689850 943019 AriaExecutor.h:94] AriaExecutor 7 exits. 
I1126 13:43:56.689851 943021 AriaExecutor.h:94] AriaExecutor 9 exits. 
I1126 13:43:56.689857 943022 AriaExecutor.h:94] AriaExecutor 10 exits. 
I1126 13:43:56.689857 943014 AriaExecutor.h:94] AriaExecutor 2 exits. 
I1126 13:43:56.689857 943020 AriaExecutor.h:94] AriaExecutor 8 exits. 
I1126 13:43:56.689862 943013 AriaExecutor.h:94] AriaExecutor 1 exits. 
I1126 13:43:56.689857 943018 AriaExecutor.h:94] AriaExecutor 6 exits. 
I1126 13:43:56.689850 943017 AriaExecutor.h:94] AriaExecutor 5 exits. 
I1126 13:43:56.689857 943016 AriaExecutor.h:94] AriaExecutor 4 exits. 
I1126 13:43:56.689863 943024 Manager.h:227] Manager(worker id = 12) on the coordinator node exits.
I1126 13:43:56.689851 943023 AriaExecutor.h:94] AriaExecutor 11 exits. 
I1126 13:43:56.689668 942993 AriaExecutor.h:535] Worker 0 latency: 3768 us (50%) 4000 us (75%) 4113 us (95%) 4177 us (99%).
I1126 13:43:56.691771 942993 AriaExecutor.h:535] Worker 1 latency: 3769 us (50%) 4001 us (75%) 4113 us (95%) 4176 us (99%).
I1126 13:43:56.693753 942993 AriaExecutor.h:535] Worker 2 latency: 3767 us (50%) 4000 us (75%) 4112 us (95%) 4177 us (99%).
I1126 13:43:56.695734 942993 AriaExecutor.h:535] Worker 3 latency: 3768 us (50%) 4001 us (75%) 4113 us (95%) 4175 us (99%).
I1126 13:43:56.697682 942993 AriaExecutor.h:535] Worker 4 latency: 3766 us (50%) 3998 us (75%) 4112 us (95%) 4175 us (99%).
I1126 13:43:56.699652 942993 AriaExecutor.h:535] Worker 5 latency: 3765 us (50%) 3999 us (75%) 4112 us (95%) 4174 us (99%).
I1126 13:43:56.701534 942993 AriaExecutor.h:535] Worker 6 latency: 3764 us (50%) 3996 us (75%) 4110 us (95%) 4176 us (99%).
I1126 13:43:56.703398 942993 AriaExecutor.h:535] Worker 7 latency: 3765 us (50%) 3996 us (75%) 4111 us (95%) 4174 us (99%).
I1126 13:43:56.705266 942993 AriaExecutor.h:535] Worker 8 latency: 3763 us (50%) 3994 us (75%) 4110 us (95%) 4171 us (99%).
I1126 13:43:56.707068 942993 AriaExecutor.h:535] Worker 9 latency: 3763 us (50%) 3997 us (75%) 4111 us (95%) 4174 us (99%).
I1126 13:43:56.708840 942993 AriaExecutor.h:535] Worker 10 latency: 3759 us (50%) 3992 us (75%) 4109 us (95%) 4171 us (99%).
I1126 13:43:56.710608 942993 AriaExecutor.h:535] Worker 11 latency: 3761 us (50%) 3992 us (75%) 4109 us (95%) 4174 us (99%).
I1126 13:43:56.712374 942993 Coordinator.h:177] total commit: 17174.2
I1126 13:43:57.712494 942993 Coordinator.h:192] Coordinator exits.
