I1126 15:19:09.066948 1000601 Database.h:65] ycsb initialization finished in 30 milliseconds.
I1126 15:19:09.067049 1000601 Coordinator.h:30] Coordinator initializes 12 workers.
I1126 15:19:09.067935 1000601 Coordinator.h:77] Coordinator starts to run 13 workers.
I1126 15:19:09.067986 1000617 AriaExecutor.h:95] AriaExecutor 0 started. 
I1126 15:19:09.068015 1000618 AriaExecutor.h:95] AriaExecutor 1 started. 
I1126 15:19:09.068053 1000619 AriaExecutor.h:95] AriaExecutor 2 started. 
I1126 15:19:09.068104 1000620 AriaExecutor.h:95] AriaExecutor 3 started. 
I1126 15:19:09.068151 1000621 AriaExecutor.h:95] AriaExecutor 4 started. 
I1126 15:19:09.068205 1000622 AriaExecutor.h:95] AriaExecutor 5 started. 
I1126 15:19:09.068251 1000623 AriaExecutor.h:95] AriaExecutor 6 started. 
I1126 15:19:09.068300 1000624 AriaExecutor.h:95] AriaExecutor 7 started. 
I1126 15:19:09.068346 1000625 AriaExecutor.h:95] AriaExecutor 8 started. 
I1126 15:19:09.068399 1000626 AriaExecutor.h:95] AriaExecutor 9 started. 
I1126 15:19:09.068449 1000627 AriaExecutor.h:95] AriaExecutor 10 started. 
I1126 15:19:09.068499 1000628 AriaExecutor.h:95] AriaExecutor 11 started. 
I1126 15:19:09.068547 1000629 Manager.h:224] Manager(worker id = 12) on the coordinator node started.
I1126 15:19:10.068607 1000601 Coordinator.h:126] commit: 1864850 abort: 10150 (0/10150/0), network size: 0, avg network size: 0, si_in_serializable: 0 0 %, local: 0 %
I1126 15:19:11.068745 1000601 Coordinator.h:126] commit: 1842877 abort: 10123 (0/10123/0), network size: 0, avg network size: 0, si_in_serializable: 0 0 %, local: 0 %
I1126 15:19:12.068879 1000601 Coordinator.h:126] commit: 1874851 abort: 10149 (0/10149/0), network size: 0, avg network size: 0, si_in_serializable: 0 0 %, local: 0 %
I1126 15:19:13.068986 1000601 Coordinator.h:126] commit: 1860483 abort: 10517 (0/10517/0), network size: 0, avg network size: 0, si_in_serializable: 0 0 %, local: 0 %
I1126 15:19:14.069087 1000601 Coordinator.h:126] commit: 1884832 abort: 10168 (0/10168/0), network size: 0, avg network size: 0, si_in_serializable: 0 0 %, local: 0 %
I1126 15:19:15.069186 1000601 Coordinator.h:126] commit: 1884590 abort: 10410 (0/10410/0), network size: 0, avg network size: 0, si_in_serializable: 0 0 %, local: 0 %
I1126 15:19:16.069314 1000601 Coordinator.h:126] commit: 1769259 abort: 9741 (0/9741/0), network size: 0, avg network size: 0, si_in_serializable: 0 0 %, local: 0 %
I1126 15:19:17.069420 1000601 Coordinator.h:126] commit: 1886504 abort: 10496 (0/10496/0), network size: 0, avg network size: 0, si_in_serializable: 0 0 %, local: 0 %
I1126 15:19:18.069521 1000601 Coordinator.h:126] commit: 1887543 abort: 10457 (0/10457/0), network size: 0, avg network size: 0, si_in_serializable: 0 0 %, local: 0 %
I1126 15:19:19.069620 1000601 Coordinator.h:126] commit: 1886057 abort: 10407 (0/10407/0), network size: 0, avg network size: 0, si_in_serializable: 0 0 %, local: 0 %
I1126 15:19:20.069720 1000601 Coordinator.h:126] commit: 1888201 abort: 10335 (0/10335/0), network size: 0, avg network size: 0, si_in_serializable: 0 0 %, local: 0 %
I1126 15:19:21.069823 1000601 Coordinator.h:126] commit: 1878832 abort: 10168 (0/10168/0), network size: 0, avg network size: 0, si_in_serializable: 0 0 %, local: 0 %
I1126 15:19:22.069923 1000601 Coordinator.h:126] commit: 1864924 abort: 10076 (0/10076/0), network size: 0, avg network size: 0, si_in_serializable: 0 0 %, local: 0 %
I1126 15:19:23.070024 1000601 Coordinator.h:126] commit: 1693539 abort: 9461 (0/9461/0), network size: 0, avg network size: 0, si_in_serializable: 0 0 %, local: 0 %
I1126 15:19:24.070149 1000601 Coordinator.h:126] commit: 1884477 abort: 10523 (0/10523/0), network size: 0, avg network size: 0, si_in_serializable: 0 0 %, local: 0 %
I1126 15:19:25.070256 1000601 Coordinator.h:126] commit: 1879808 abort: 10192 (0/10192/0), network size: 0, avg network size: 0, si_in_serializable: 0 0 %, local: 0 %
I1126 15:19:26.070354 1000601 Coordinator.h:126] commit: 1884792 abort: 10208 (0/10208/0), network size: 0, avg network size: 0, si_in_serializable: 0 0 %, local: 0 %
I1126 15:19:27.070454 1000601 Coordinator.h:126] commit: 1881655 abort: 10345 (0/10345/0), network size: 0, avg network size: 0, si_in_serializable: 0 0 %, local: 0 %
I1126 15:19:28.070552 1000601 Coordinator.h:126] commit: 1885737 abort: 10263 (0/10263/0), network size: 0, avg network size: 0, si_in_serializable: 0 0 %, local: 0 %
I1126 15:19:29.070650 1000601 Coordinator.h:126] commit: 1882437 abort: 10563 (0/10563/0), network size: 0, avg network size: 0, si_in_serializable: 0 0 %, local: 0 %
I1126 15:19:30.070748 1000601 Coordinator.h:126] commit: 1885636 abort: 10364 (0/10364/0), network size: 0, avg network size: 0, si_in_serializable: 0 0 %, local: 0 %
I1126 15:19:31.070845 1000601 Coordinator.h:126] commit: 1879583 abort: 10415 (0/10415/0), network size: 0, avg network size: 0, si_in_serializable: 0 0 %, local: 0 %
I1126 15:19:32.070945 1000601 Coordinator.h:126] commit: 1880711 abort: 10291 (0/10291/0), network size: 0, avg network size: 0, si_in_serializable: 0 0 %, local: 0 %
I1126 15:19:33.071043 1000601 Coordinator.h:126] commit: 1883714 abort: 10286 (0/10286/0), network size: 0, avg network size: 0, si_in_serializable: 0 0 %, local: 0 %
I1126 15:19:34.071137 1000601 Coordinator.h:126] commit: 1882769 abort: 10231 (0/10231/0), network size: 0, avg network size: 0, si_in_serializable: 0 0 %, local: 0 %
I1126 15:19:34.071161 1000601 Coordinator.h:152] average commit: 1.86244e+06 abort: 10213.4 (0/10213.4/0), network size: 0, avg network size: 0, si_in_serializable: 0 0 %, local: 0 %
I1126 15:19:34.071355 1000617 AriaExecutor.h:107] AriaExecutor 0 exits. 
I1126 15:19:34.071357 1000629 Manager.h:227] Manager(worker id = 12) on the coordinator node exits.
I1126 15:19:34.071360 1000623 AriaExecutor.h:107] AriaExecutor 6 exits. 
I1126 15:19:34.071372 1000620 AriaExecutor.h:107] AriaExecutor 3 exits. 
I1126 15:19:34.071368 1000622 AriaExecutor.h:107] AriaExecutor 5 exits. 
I1126 15:19:34.071367 1000628 AriaExecutor.h:107] AriaExecutor 11 exits. 
I1126 15:19:34.071369 1000618 AriaExecutor.h:107] AriaExecutor 1 exits. 
I1126 15:19:34.071357 1000621 AriaExecutor.h:107] AriaExecutor 4 exits. 
I1126 15:19:34.071372 1000619 AriaExecutor.h:107] AriaExecutor 2 exits. 
I1126 15:19:34.071372 1000626 AriaExecutor.h:107] AriaExecutor 9 exits. 
I1126 15:19:34.071372 1000627 AriaExecutor.h:107] AriaExecutor 10 exits. 
I1126 15:19:34.071370 1000624 AriaExecutor.h:107] AriaExecutor 7 exits. 
I1126 15:19:34.071362 1000625 AriaExecutor.h:107] AriaExecutor 8 exits. 
I1126 15:19:34.071182 1000601 AriaExecutor.h:705] Worker 0 latency: 358 us (50%) 414 us (75%) 462 us (95%) 478 us (99%).
I1126 15:19:34.217216 1000601 AriaExecutor.h:705] Worker 1 latency: 357 us (50%) 413 us (75%) 462 us (95%) 478 us (99%).
I1126 15:19:34.373796 1000601 AriaExecutor.h:705] Worker 2 latency: 359 us (50%) 414 us (75%) 462 us (95%) 478 us (99%).
I1126 15:19:34.520478 1000601 AriaExecutor.h:705] Worker 3 latency: 360 us (50%) 415 us (75%) 463 us (95%) 478 us (99%).
I1126 15:19:34.682117 1000601 AriaExecutor.h:705] Worker 4 latency: 358 us (50%) 414 us (75%) 462 us (95%) 478 us (99%).
I1126 15:19:34.822974 1000601 AriaExecutor.h:705] Worker 5 latency: 359 us (50%) 414 us (75%) 462 us (95%) 478 us (99%).
I1126 15:19:34.961797 1000601 AriaExecutor.h:705] Worker 6 latency: 360 us (50%) 414 us (75%) 462 us (95%) 478 us (99%).
I1126 15:19:35.101092 1000601 AriaExecutor.h:705] Worker 7 latency: 361 us (50%) 415 us (75%) 462 us (95%) 478 us (99%).
I1126 15:19:35.262058 1000601 AriaExecutor.h:705] Worker 8 latency: 361 us (50%) 415 us (75%) 462 us (95%) 478 us (99%).
I1126 15:19:35.404795 1000601 AriaExecutor.h:705] Worker 9 latency: 361 us (50%) 415 us (75%) 462 us (95%) 478 us (99%).
I1126 15:19:35.565248 1000601 AriaExecutor.h:705] Worker 10 latency: 361 us (50%) 415 us (75%) 462 us (95%) 478 us (99%).
I1126 15:19:35.705762 1000601 AriaExecutor.h:705] Worker 11 latency: 363 us (50%) 416 us (75%) 463 us (95%) 478 us (99%).
I1126 15:19:35.860852 1000601 Coordinator.h:177] total commit: 1.86244e+06
I1126 15:19:36.860961 1000601 Coordinator.h:192] Coordinator exits.
