I0911 23:48:00.927538 2950649 Database.h:65] ycsb initialization finished in 189 milliseconds.
I0911 23:48:00.927649 2950649 Coordinator.h:30] Coordinator initializes 16 workers.
I0911 23:48:00.935478 2950649 Coordinator.h:77] Coordinator starts to run 17 workers.
I0911 23:48:00.935530 2950669 AriaExecutor.h:82] AriaExecutor 0 started. 
I0911 23:48:00.935568 2950670 AriaExecutor.h:82] AriaExecutor 1 started. 
I0911 23:48:00.935608 2950671 AriaExecutor.h:82] AriaExecutor 2 started. 
I0911 23:48:00.935658 2950672 AriaExecutor.h:82] AriaExecutor 3 started. 
I0911 23:48:00.935683 2950673 AriaExecutor.h:82] AriaExecutor 4 started. 
I0911 23:48:00.935724 2950674 AriaExecutor.h:82] AriaExecutor 5 started. 
I0911 23:48:00.935760 2950675 AriaExecutor.h:82] AriaExecutor 6 started. 
I0911 23:48:00.935811 2950676 AriaExecutor.h:82] AriaExecutor 7 started. 
I0911 23:48:00.935850 2950677 AriaExecutor.h:82] AriaExecutor 8 started. 
I0911 23:48:00.935895 2950678 AriaExecutor.h:82] AriaExecutor 9 started. 
I0911 23:48:00.935930 2950679 AriaExecutor.h:82] AriaExecutor 10 started. 
I0911 23:48:00.935972 2950680 AriaExecutor.h:82] AriaExecutor 11 started. 
I0911 23:48:00.936007 2950681 AriaExecutor.h:82] AriaExecutor 12 started. 
I0911 23:48:00.936056 2950682 AriaExecutor.h:82] AriaExecutor 13 started. 
I0911 23:48:00.936089 2950683 AriaExecutor.h:82] AriaExecutor 14 started. 
I0911 23:48:00.936128 2950684 AriaExecutor.h:82] AriaExecutor 15 started. 
I0911 23:48:00.936163 2950685 Manager.h:224] Manager(worker id = 16) on the coordinator node started.
I0911 23:48:01.936213 2950649 Coordinator.h:126] commit: 1300221 abort: 8451 (0/8451/0), network size: 0, avg network size: 0, si_in_serializable: 0 0 %, local: 0 %
I0911 23:48:02.936326 2950649 Coordinator.h:126] commit: 1289146 abort: 8262 (0/8262/0), network size: 0, avg network size: 0, si_in_serializable: 0 0 %, local: 0 %
I0911 23:48:03.936403 2950649 Coordinator.h:126] commit: 1250238 abort: 8258 (0/8258/0), network size: 0, avg network size: 0, si_in_serializable: 0 0 %, local: 0 %
I0911 23:48:04.936477 2950649 Coordinator.h:126] commit: 1255476 abort: 8140 (0/8140/0), network size: 0, avg network size: 0, si_in_serializable: 0 0 %, local: 0 %
I0911 23:48:05.936570 2950649 Coordinator.h:126] commit: 1301272 abort: 8424 (0/8424/0), network size: 0, avg network size: 0, si_in_serializable: 0 0 %, local: 0 %
I0911 23:48:06.936648 2950649 Coordinator.h:126] commit: 1311488 abort: 8448 (0/8448/0), network size: 0, avg network size: 0, si_in_serializable: 0 0 %, local: 0 %
I0911 23:48:07.936719 2950649 Coordinator.h:126] commit: 1293095 abort: 8409 (0/8409/0), network size: 0, avg network size: 0, si_in_serializable: 0 0 %, local: 0 %
I0911 23:48:08.936794 2950649 Coordinator.h:126] commit: 1307434 abort: 8406 (0/8406/0), network size: 0, avg network size: 0, si_in_serializable: 0 0 %, local: 0 %
I0911 23:48:09.936868 2950649 Coordinator.h:126] commit: 1306324 abort: 8492 (0/8492/0), network size: 0, avg network size: 0, si_in_serializable: 0 0 %, local: 0 %
I0911 23:48:10.936939 2950649 Coordinator.h:126] commit: 1312423 abort: 8537 (0/8537/0), network size: 0, avg network size: 0, si_in_serializable: 0 0 %, local: 0 %
I0911 23:48:11.937011 2950649 Coordinator.h:126] commit: 1275869 abort: 8227 (0/8227/0), network size: 0, avg network size: 0, si_in_serializable: 0 0 %, local: 0 %
I0911 23:48:12.937083 2950649 Coordinator.h:126] commit: 1313386 abort: 8598 (0/8598/0), network size: 0, avg network size: 0, si_in_serializable: 0 0 %, local: 0 %
I0911 23:48:13.937152 2950649 Coordinator.h:126] commit: 1260367 abort: 8205 (0/8205/0), network size: 0, avg network size: 0, si_in_serializable: 0 0 %, local: 0 %
I0911 23:48:14.937225 2950649 Coordinator.h:126] commit: 1263857 abort: 8115 (0/8115/0), network size: 0, avg network size: 0, si_in_serializable: 0 0 %, local: 0 %
I0911 23:48:15.937318 2950649 Coordinator.h:126] commit: 1306434 abort: 8382 (0/8382/0), network size: 0, avg network size: 0, si_in_serializable: 0 0 %, local: 0 %
I0911 23:48:16.937397 2950649 Coordinator.h:126] commit: 1305344 abort: 8448 (0/8448/0), network size: 0, avg network size: 0, si_in_serializable: 0 0 %, local: 0 %
I0911 23:48:17.937467 2950649 Coordinator.h:126] commit: 1313285 abort: 8699 (0/8699/0), network size: 0, avg network size: 0, si_in_serializable: 0 0 %, local: 0 %
I0911 23:48:18.937539 2950649 Coordinator.h:126] commit: 1312424 abort: 8536 (0/8536/0), network size: 0, avg network size: 0, si_in_serializable: 0 0 %, local: 0 %
I0911 23:48:19.937616 2950649 Coordinator.h:126] commit: 1313730 abort: 8254 (0/8254/0), network size: 0, avg network size: 0, si_in_serializable: 0 0 %, local: 0 %
I0911 23:48:20.937688 2950649 Coordinator.h:126] commit: 1311378 abort: 8558 (0/8558/0), network size: 0, avg network size: 0, si_in_serializable: 0 0 %, local: 0 %
I0911 23:48:21.937760 2950649 Coordinator.h:126] commit: 1312521 abort: 8439 (0/8439/0), network size: 0, avg network size: 0, si_in_serializable: 0 0 %, local: 0 %
I0911 23:48:22.937832 2950649 Coordinator.h:126] commit: 1309463 abort: 8425 (0/8425/0), network size: 0, avg network size: 0, si_in_serializable: 0 0 %, local: 0 %
I0911 23:48:23.937904 2950649 Coordinator.h:126] commit: 1306259 abort: 8557 (0/8557/0), network size: 0, avg network size: 0, si_in_serializable: 0 0 %, local: 0 %
I0911 23:48:24.937978 2950649 Coordinator.h:126] commit: 1311406 abort: 8530 (0/8530/0), network size: 0, avg network size: 0, si_in_serializable: 0 0 %, local: 0 %
I0911 23:48:25.938052 2950649 Coordinator.h:126] commit: 1312888 abort: 8540 (0/8540/0), network size: 0, avg network size: 0, si_in_serializable: 0 0 %, local: 0 %
I0911 23:48:25.938062 2950649 Coordinator.h:152] average commit: 1.29761e+06 abort: 8402.2 (0/8402.2/0), network size: 0, avg network size: 0, si_in_serializable: 0 0 %, local: 0 %
I0911 23:48:25.938856 2950669 AriaExecutor.h:94] AriaExecutor 0 exits. 
I0911 23:48:25.938861 2950673 AriaExecutor.h:94] AriaExecutor 4 exits. 
I0911 23:48:25.938860 2950677 AriaExecutor.h:94] AriaExecutor 8 exits. 
I0911 23:48:25.938877 2950676 AriaExecutor.h:94] AriaExecutor 7 exits. 
I0911 23:48:25.938863 2950675 AriaExecutor.h:94] AriaExecutor 6 exits. 
I0911 23:48:25.938858 2950679 AriaExecutor.h:94] AriaExecutor 10 exits. 
I0911 23:48:25.938871 2950678 AriaExecutor.h:94] AriaExecutor 9 exits. 
I0911 23:48:25.938860 2950681 AriaExecutor.h:94] AriaExecutor 12 exits. 
I0911 23:48:25.938871 2950680 AriaExecutor.h:94] AriaExecutor 11 exits. 
I0911 23:48:25.938875 2950672 AriaExecutor.h:94] AriaExecutor 3 exits. 
I0911 23:48:25.938877 2950670 AriaExecutor.h:94] AriaExecutor 1 exits. 
I0911 23:48:25.938871 2950684 AriaExecutor.h:94] AriaExecutor 15 exits. 
I0911 23:48:25.938871 2950682 AriaExecutor.h:94] AriaExecutor 13 exits. 
I0911 23:48:25.938860 2950671 AriaExecutor.h:94] AriaExecutor 2 exits. 
I0911 23:48:25.938877 2950674 AriaExecutor.h:94] AriaExecutor 5 exits. 
I0911 23:48:25.938863 2950685 Manager.h:227] Manager(worker id = 16) on the coordinator node exits.
I0911 23:48:25.938860 2950683 AriaExecutor.h:94] AriaExecutor 14 exits. 
I0911 23:48:25.938071 2950649 AriaExecutor.h:641] Worker 0 latency: 448 us (50%) 597 us (75%) 718 us (95%) 745 us (99%).
I0911 23:48:26.018512 2950649 AriaExecutor.h:641] Worker 1 latency: 446 us (50%) 595 us (75%) 716 us (95%) 744 us (99%).
I0911 23:48:26.108829 2950649 AriaExecutor.h:641] Worker 2 latency: 451 us (50%) 599 us (75%) 718 us (95%) 745 us (99%).
I0911 23:48:26.190168 2950649 AriaExecutor.h:641] Worker 3 latency: 446 us (50%) 596 us (75%) 716 us (95%) 744 us (99%).
I0911 23:48:26.281286 2950649 AriaExecutor.h:641] Worker 4 latency: 449 us (50%) 598 us (75%) 718 us (95%) 745 us (99%).
I0911 23:48:26.361188 2950649 AriaExecutor.h:641] Worker 5 latency: 446 us (50%) 595 us (75%) 716 us (95%) 744 us (99%).
I0911 23:48:26.451169 2950649 AriaExecutor.h:641] Worker 6 latency: 450 us (50%) 599 us (75%) 718 us (95%) 745 us (99%).
I0911 23:48:26.531893 2950649 AriaExecutor.h:641] Worker 7 latency: 446 us (50%) 596 us (75%) 717 us (95%) 744 us (99%).
I0911 23:48:26.622262 2950649 AriaExecutor.h:641] Worker 8 latency: 448 us (50%) 597 us (75%) 718 us (95%) 745 us (99%).
I0911 23:48:26.702797 2950649 AriaExecutor.h:641] Worker 9 latency: 444 us (50%) 594 us (75%) 716 us (95%) 744 us (99%).
I0911 23:48:26.791925 2950649 AriaExecutor.h:641] Worker 10 latency: 450 us (50%) 598 us (75%) 718 us (95%) 745 us (99%).
I0911 23:48:26.872766 2950649 AriaExecutor.h:641] Worker 11 latency: 445 us (50%) 595 us (75%) 716 us (95%) 744 us (99%).
I0911 23:48:26.962971 2950649 AriaExecutor.h:641] Worker 12 latency: 449 us (50%) 598 us (75%) 718 us (95%) 745 us (99%).
I0911 23:48:27.042656 2950649 AriaExecutor.h:641] Worker 13 latency: 444 us (50%) 594 us (75%) 716 us (95%) 744 us (99%).
I0911 23:48:27.132417 2950649 AriaExecutor.h:641] Worker 14 latency: 451 us (50%) 598 us (75%) 718 us (95%) 745 us (99%).
I0911 23:48:27.213368 2950649 AriaExecutor.h:641] Worker 15 latency: 446 us (50%) 595 us (75%) 716 us (95%) 744 us (99%).
I0911 23:48:27.301977 2950649 Coordinator.h:177] total commit: 1.29761e+06
I0911 23:48:28.302098 2950649 Coordinator.h:192] Coordinator exits.
