I1126 13:27:06.643606 932489 Database.h:65] ycsb initialization finished in 30 milliseconds.
I1126 13:27:06.643702 932489 Coordinator.h:30] Coordinator initializes 12 workers.
I1126 13:27:06.715041 932489 Coordinator.h:77] Coordinator starts to run 13 workers.
I1126 13:27:06.715098 932505 AriaExecutor.h:82] AriaExecutor 0 started. 
I1126 13:27:06.715128 932506 AriaExecutor.h:82] AriaExecutor 1 started. 
I1126 13:27:06.715167 932507 AriaExecutor.h:82] AriaExecutor 2 started. 
I1126 13:27:06.715210 932508 AriaExecutor.h:82] AriaExecutor 3 started. 
I1126 13:27:06.715301 932510 AriaExecutor.h:82] AriaExecutor 5 started. 
I1126 13:27:06.715345 932511 AriaExecutor.h:82] AriaExecutor 6 started. 
I1126 13:27:06.715382 932512 AriaExecutor.h:82] AriaExecutor 7 started. 
I1126 13:27:06.715420 932513 AriaExecutor.h:82] AriaExecutor 8 started. 
I1126 13:27:06.715461 932514 AriaExecutor.h:82] AriaExecutor 9 started. 
I1126 13:27:06.715495 932515 AriaExecutor.h:82] AriaExecutor 10 started. 
I1126 13:27:06.715539 932516 AriaExecutor.h:82] AriaExecutor 11 started. 
I1126 13:27:06.715569 932509 AriaExecutor.h:82] AriaExecutor 4 started. 
I1126 13:27:06.715581 932517 Manager.h:224] Manager(worker id = 12) on the coordinator node started.
I1126 13:27:07.715638 932489 Coordinator.h:126] commit: 577671 abort: 202329 (0/202329/0), network size: 0, avg network size: 0, si_in_serializable: 0 0 %, local: 0 %
I1126 13:27:08.715757 932489 Coordinator.h:126] commit: 577715 abort: 202285 (0/202285/0), network size: 0, avg network size: 0, si_in_serializable: 0 0 %, local: 0 %
I1126 13:27:09.715893 932489 Coordinator.h:126] commit: 578083 abort: 201917 (0/201917/0), network size: 0, avg network size: 0, si_in_serializable: 0 0 %, local: 0 %
I1126 13:27:10.716010 932489 Coordinator.h:126] commit: 585495 abort: 204505 (0/204505/0), network size: 0, avg network size: 0, si_in_serializable: 0 0 %, local: 0 %
I1126 13:27:11.716130 932489 Coordinator.h:126] commit: 585377 abort: 204623 (0/204623/0), network size: 0, avg network size: 0, si_in_serializable: 0 0 %, local: 0 %
I1126 13:27:12.716243 932489 Coordinator.h:126] commit: 585027 abort: 204973 (0/204973/0), network size: 0, avg network size: 0, si_in_serializable: 0 0 %, local: 0 %
I1126 13:27:13.716348 932489 Coordinator.h:126] commit: 577892 abort: 202108 (0/202108/0), network size: 0, avg network size: 0, si_in_serializable: 0 0 %, local: 0 %
I1126 13:27:14.716446 932489 Coordinator.h:126] commit: 588442 abort: 204398 (0/204398/0), network size: 0, avg network size: 0, si_in_serializable: 0 0 %, local: 0 %
I1126 13:27:15.716572 932489 Coordinator.h:126] commit: 584685 abort: 204075 (0/204075/0), network size: 0, avg network size: 0, si_in_serializable: 0 0 %, local: 0 %
I1126 13:27:16.716672 932489 Coordinator.h:126] commit: 590796 abort: 207604 (0/207604/0), network size: 0, avg network size: 0, si_in_serializable: 0 0 %, local: 0 %
I1126 13:27:17.716775 932489 Coordinator.h:126] commit: 577673 abort: 202327 (0/202327/0), network size: 0, avg network size: 0, si_in_serializable: 0 0 %, local: 0 %
I1126 13:27:18.716864 932489 Coordinator.h:126] commit: 585812 abort: 204188 (0/204188/0), network size: 0, avg network size: 0, si_in_serializable: 0 0 %, local: 0 %
I1126 13:27:19.716979 932489 Coordinator.h:126] commit: 585033 abort: 204967 (0/204967/0), network size: 0, avg network size: 0, si_in_serializable: 0 0 %, local: 0 %
I1126 13:27:20.717095 932489 Coordinator.h:126] commit: 585381 abort: 204619 (0/204619/0), network size: 0, avg network size: 0, si_in_serializable: 0 0 %, local: 0 %
I1126 13:27:21.717214 932489 Coordinator.h:126] commit: 585493 abort: 204507 (0/204507/0), network size: 0, avg network size: 0, si_in_serializable: 0 0 %, local: 0 %
I1126 13:27:22.717329 932489 Coordinator.h:126] commit: 585543 abort: 204457 (0/204457/0), network size: 0, avg network size: 0, si_in_serializable: 0 0 %, local: 0 %
I1126 13:27:23.717444 932489 Coordinator.h:126] commit: 585403 abort: 204597 (0/204597/0), network size: 0, avg network size: 0, si_in_serializable: 0 0 %, local: 0 %
I1126 13:27:24.717554 932489 Coordinator.h:126] commit: 585238 abort: 204762 (0/204762/0), network size: 0, avg network size: 0, si_in_serializable: 0 0 %, local: 0 %
I1126 13:27:25.717684 932489 Coordinator.h:126] commit: 585232 abort: 204768 (0/204768/0), network size: 0, avg network size: 0, si_in_serializable: 0 0 %, local: 0 %
I1126 13:27:26.717782 932489 Coordinator.h:126] commit: 585597 abort: 204403 (0/204403/0), network size: 0, avg network size: 0, si_in_serializable: 0 0 %, local: 0 %
I1126 13:27:27.717883 932489 Coordinator.h:126] commit: 585132 abort: 204868 (0/204868/0), network size: 0, avg network size: 0, si_in_serializable: 0 0 %, local: 0 %
I1126 13:27:28.717978 932489 Coordinator.h:126] commit: 563420 abort: 196580 (0/196580/0), network size: 0, avg network size: 0, si_in_serializable: 0 0 %, local: 0 %
I1126 13:27:29.718082 932489 Coordinator.h:126] commit: 593197 abort: 206803 (0/206803/0), network size: 0, avg network size: 0, si_in_serializable: 0 0 %, local: 0 %
I1126 13:27:30.718190 932489 Coordinator.h:126] commit: 585099 abort: 204901 (0/204901/0), network size: 0, avg network size: 0, si_in_serializable: 0 0 %, local: 0 %
I1126 13:27:31.718290 932489 Coordinator.h:126] commit: 585943 abort: 204057 (0/204057/0), network size: 0, avg network size: 0, si_in_serializable: 0 0 %, local: 0 %
I1126 13:27:31.718346 932489 Coordinator.h:152] average commit: 584640 abort: 204360 (0/204360/0), network size: 0, avg network size: 0, si_in_serializable: 0 0 %, local: 0 %
I1126 13:27:31.726574 932509 AriaExecutor.h:94] AriaExecutor 4 exits. 
I1126 13:27:31.726577 932513 AriaExecutor.h:94] AriaExecutor 8 exits. 
I1126 13:27:31.726588 932512 AriaExecutor.h:94] AriaExecutor 7 exits. 
I1126 13:27:31.726581 932517 Manager.h:227] Manager(worker id = 12) on the coordinator node exits.
I1126 13:27:31.726588 932510 AriaExecutor.h:94] AriaExecutor 5 exits. 
I1126 13:27:31.726577 932511 AriaExecutor.h:94] AriaExecutor 6 exits. 
I1126 13:27:31.726578 932507 AriaExecutor.h:94] AriaExecutor 2 exits. 
I1126 13:27:31.726589 932506 AriaExecutor.h:94] AriaExecutor 1 exits. 
I1126 13:27:31.726576 932505 AriaExecutor.h:94] AriaExecutor 0 exits. 
I1126 13:27:31.726588 932516 AriaExecutor.h:94] AriaExecutor 11 exits. 
I1126 13:27:31.726588 932508 AriaExecutor.h:94] AriaExecutor 3 exits. 
I1126 13:27:31.726576 932515 AriaExecutor.h:94] AriaExecutor 10 exits. 
I1126 13:27:31.726589 932514 AriaExecutor.h:94] AriaExecutor 9 exits. 
I1126 13:27:31.718356 932489 AriaExecutor.h:535] Worker 0 latency: 8777 us (50%) 10457 us (75%) 11652 us (95%) 11916 us (99%).
I1126 13:27:31.773509 932489 AriaExecutor.h:535] Worker 1 latency: 8749 us (50%) 10438 us (75%) 11640 us (95%) 11900 us (99%).
I1126 13:27:31.829201 932489 AriaExecutor.h:535] Worker 2 latency: 8814 us (50%) 10472 us (75%) 11652 us (95%) 11910 us (99%).
I1126 13:27:31.884317 932489 AriaExecutor.h:535] Worker 3 latency: 8642 us (50%) 10387 us (75%) 11630 us (95%) 11899 us (99%).
I1126 13:27:31.939472 932489 AriaExecutor.h:535] Worker 4 latency: 8728 us (50%) 10430 us (75%) 11642 us (95%) 11905 us (99%).
I1126 13:27:31.994810 932489 AriaExecutor.h:535] Worker 5 latency: 8708 us (50%) 10417 us (75%) 11637 us (95%) 11902 us (99%).
I1126 13:27:32.049921 932489 AriaExecutor.h:535] Worker 6 latency: 8609 us (50%) 10374 us (75%) 11629 us (95%) 11900 us (99%).
I1126 13:27:32.106155 932489 AriaExecutor.h:535] Worker 7 latency: 8603 us (50%) 10370 us (75%) 11625 us (95%) 11897 us (99%).
I1126 13:27:32.161957 932489 AriaExecutor.h:535] Worker 8 latency: 8703 us (50%) 10417 us (75%) 11639 us (95%) 11902 us (99%).
I1126 13:27:32.217231 932489 AriaExecutor.h:535] Worker 9 latency: 8655 us (50%) 10393 us (75%) 11630 us (95%) 11897 us (99%).
I1126 13:27:32.274010 932489 AriaExecutor.h:535] Worker 10 latency: 8754 us (50%) 10441 us (75%) 11645 us (95%) 11907 us (99%).
I1126 13:27:32.329890 932489 AriaExecutor.h:535] Worker 11 latency: 8610 us (50%) 10371 us (75%) 11624 us (95%) 11893 us (99%).
I1126 13:27:32.385622 932489 Coordinator.h:177] total commit: 584640
I1126 13:27:33.385746 932489 Coordinator.h:192] Coordinator exits.
