I1126 17:13:55.873494 1051487 Database.h:65] ycsb initialization finished in 30 milliseconds.
I1126 17:13:55.873590 1051487 Coordinator.h:30] Coordinator initializes 12 workers.
I1126 17:13:55.880594 1051487 Coordinator.h:77] Coordinator starts to run 13 workers.
I1126 17:13:55.880656 1051503 AriaExecutor.h:91] AriaExecutor 0 started. 
I1126 17:13:55.880684 1051504 AriaExecutor.h:91] AriaExecutor 1 started. 
I1126 17:13:55.880724 1051505 AriaExecutor.h:91] AriaExecutor 2 started. 
I1126 17:13:55.880770 1051506 AriaExecutor.h:91] AriaExecutor 3 started. 
I1126 17:13:55.880847 1051508 AriaExecutor.h:91] AriaExecutor 5 started. 
I1126 17:13:55.880898 1051509 AriaExecutor.h:91] AriaExecutor 6 started. 
I1126 17:13:55.880936 1051510 AriaExecutor.h:91] AriaExecutor 7 started. 
I1126 17:13:55.880978 1051511 AriaExecutor.h:91] AriaExecutor 8 started. 
I1126 17:13:55.881021 1051512 AriaExecutor.h:91] AriaExecutor 9 started. 
I1126 17:13:55.881057 1051513 AriaExecutor.h:91] AriaExecutor 10 started. 
I1126 17:13:55.881103 1051514 AriaExecutor.h:91] AriaExecutor 11 started. 
I1126 17:13:55.881130 1051507 AriaExecutor.h:91] AriaExecutor 4 started. 
I1126 17:13:55.881134 1051515 Manager.h:224] Manager(worker id = 12) on the coordinator node started.
I1126 17:13:56.881201 1051487 Coordinator.h:126] commit: 1785543 abort: 116755 (0/116755/0), network size: 0, avg network size: 0, si_in_serializable: 0 0 %, local: 0 %
I1126 17:13:57.881314 1051487 Coordinator.h:126] commit: 1771998 abort: 115704 (0/115704/0), network size: 0, avg network size: 0, si_in_serializable: 0 0 %, local: 0 %
I1126 17:13:58.881413 1051487 Coordinator.h:126] commit: 1794654 abort: 117219 (0/117219/0), network size: 0, avg network size: 0, si_in_serializable: 0 0 %, local: 0 %
I1126 17:13:59.881517 1051487 Coordinator.h:126] commit: 1800218 abort: 117909 (0/117909/0), network size: 0, avg network size: 0, si_in_serializable: 0 0 %, local: 0 %
I1126 17:14:00.881621 1051487 Coordinator.h:126] commit: 1811975 abort: 118025 (0/118025/0), network size: 0, avg network size: 0, si_in_serializable: 0 0 %, local: 0 %
I1126 17:14:01.881724 1051487 Coordinator.h:126] commit: 1811470 abort: 118530 (0/118530/0), network size: 0, avg network size: 0, si_in_serializable: 0 0 %, local: 0 %
I1126 17:14:02.881824 1051487 Coordinator.h:126] commit: 1793602 abort: 116373 (0/116373/0), network size: 0, avg network size: 0, si_in_serializable: 0 0 %, local: 0 %
I1126 17:14:03.881901 1051487 Coordinator.h:126] commit: 1755470 abort: 114555 (0/114555/0), network size: 0, avg network size: 0, si_in_serializable: 0 0 %, local: 0 %
I1126 17:14:04.882012 1051487 Coordinator.h:126] commit: 1802303 abort: 117697 (0/117697/0), network size: 0, avg network size: 0, si_in_serializable: 0 0 %, local: 0 %
I1126 17:14:05.882119 1051487 Coordinator.h:126] commit: 1810987 abort: 119013 (0/119013/0), network size: 0, avg network size: 0, si_in_serializable: 0 0 %, local: 0 %
I1126 17:14:06.882222 1051487 Coordinator.h:126] commit: 1811208 abort: 118792 (0/118792/0), network size: 0, avg network size: 0, si_in_serializable: 0 0 %, local: 0 %
I1126 17:14:07.882321 1051487 Coordinator.h:126] commit: 1802590 abort: 117410 (0/117410/0), network size: 0, avg network size: 0, si_in_serializable: 0 0 %, local: 0 %
I1126 17:14:08.882424 1051487 Coordinator.h:126] commit: 1811247 abort: 118753 (0/118753/0), network size: 0, avg network size: 0, si_in_serializable: 0 0 %, local: 0 %
I1126 17:14:09.882512 1051487 Coordinator.h:126] commit: 1783032 abort: 116968 (0/116968/0), network size: 0, avg network size: 0, si_in_serializable: 0 0 %, local: 0 %
I1126 17:14:10.882614 1051487 Coordinator.h:126] commit: 1755548 abort: 114452 (0/114452/0), network size: 0, avg network size: 0, si_in_serializable: 0 0 %, local: 0 %
I1126 17:14:11.882700 1051487 Coordinator.h:126] commit: 1811710 abort: 118290 (0/118290/0), network size: 0, avg network size: 0, si_in_serializable: 0 0 %, local: 0 %
I1126 17:14:12.882799 1051487 Coordinator.h:126] commit: 1821445 abort: 118555 (0/118555/0), network size: 0, avg network size: 0, si_in_serializable: 0 0 %, local: 0 %
I1126 17:14:13.882886 1051487 Coordinator.h:126] commit: 1802591 abort: 117409 (0/117409/0), network size: 0, avg network size: 0, si_in_serializable: 0 0 %, local: 0 %
I1126 17:14:14.882997 1051487 Coordinator.h:126] commit: 1811702 abort: 118298 (0/118298/0), network size: 0, avg network size: 0, si_in_serializable: 0 0 %, local: 0 %
I1126 17:14:15.883100 1051487 Coordinator.h:126] commit: 1802573 abort: 117756 (0/117756/0), network size: 0, avg network size: 0, si_in_serializable: 0 0 %, local: 0 %
I1126 17:14:16.883205 1051487 Coordinator.h:126] commit: 1811459 abort: 118212 (0/118212/0), network size: 0, avg network size: 0, si_in_serializable: 0 0 %, local: 0 %
I1126 17:14:17.883303 1051487 Coordinator.h:126] commit: 1802417 abort: 117834 (0/117834/0), network size: 0, avg network size: 0, si_in_serializable: 0 0 %, local: 0 %
I1126 17:14:18.883404 1051487 Coordinator.h:126] commit: 1811118 abort: 118631 (0/118631/0), network size: 0, avg network size: 0, si_in_serializable: 0 0 %, local: 0 %
I1126 17:14:19.883483 1051487 Coordinator.h:126] commit: 1801777 abort: 118223 (0/118223/0), network size: 0, avg network size: 0, si_in_serializable: 0 0 %, local: 0 %
I1126 17:14:20.883584 1051487 Coordinator.h:126] commit: 1802279 abort: 117721 (0/117721/0), network size: 0, avg network size: 0, si_in_serializable: 0 0 %, local: 0 %
I1126 17:14:20.883596 1051487 Coordinator.h:152] average commit: 1.80136e+06 abort: 117668 (0/117668/0), network size: 0, avg network size: 0, si_in_serializable: 0 0 %, local: 0 %
I1126 17:14:20.884087 1051515 Manager.h:227] Manager(worker id = 12) on the coordinator node exits.
I1126 17:14:20.884085 1051503 AriaExecutor.h:103] AriaExecutor 0 exits. 
I1126 17:14:20.884084 1051507 AriaExecutor.h:103] AriaExecutor 4 exits. 
I1126 17:14:20.884095 1051514 AriaExecutor.h:103] AriaExecutor 11 exits. 
I1126 17:14:20.884085 1051511 AriaExecutor.h:103] AriaExecutor 8 exits. 
I1126 17:14:20.884085 1051509 AriaExecutor.h:103] AriaExecutor 6 exits. 
I1126 17:14:20.884095 1051512 AriaExecutor.h:103] AriaExecutor 9 exits. 
I1126 17:14:20.884085 1051513 AriaExecutor.h:103] AriaExecutor 10 exits. 
I1126 17:14:20.884095 1051510 AriaExecutor.h:103] AriaExecutor 7 exits. 
I1126 17:14:20.884095 1051504 AriaExecutor.h:103] AriaExecutor 1 exits. 
I1126 17:14:20.884097 1051506 AriaExecutor.h:103] AriaExecutor 3 exits. 
I1126 17:14:20.884086 1051505 AriaExecutor.h:103] AriaExecutor 2 exits. 
I1126 17:14:20.884095 1051508 AriaExecutor.h:103] AriaExecutor 5 exits. 
I1126 17:14:20.883606 1051487 AriaExecutor.h:621] Worker 0 latency: 3648 us (50%) 4138 us (75%) 4530 us (95%) 4638 us (99%).
I1126 17:14:21.030540 1051487 AriaExecutor.h:621] Worker 1 latency: 3606 us (50%) 4119 us (75%) 4526 us (95%) 4634 us (99%).
I1126 17:14:21.190485 1051487 AriaExecutor.h:621] Worker 2 latency: 3652 us (50%) 4143 us (75%) 4532 us (95%) 4638 us (99%).
I1126 17:14:21.336503 1051487 AriaExecutor.h:621] Worker 3 latency: 3606 us (50%) 4120 us (75%) 4525 us (95%) 4633 us (99%).
I1126 17:14:21.497377 1051487 AriaExecutor.h:621] Worker 4 latency: 3641 us (50%) 4136 us (75%) 4530 us (95%) 4637 us (99%).
I1126 17:14:21.642374 1051487 AriaExecutor.h:621] Worker 5 latency: 3619 us (50%) 4126 us (75%) 4527 us (95%) 4636 us (99%).
I1126 17:14:21.800421 1051487 AriaExecutor.h:621] Worker 6 latency: 3646 us (50%) 4138 us (75%) 4529 us (95%) 4636 us (99%).
I1126 17:14:21.947424 1051487 AriaExecutor.h:621] Worker 7 latency: 3616 us (50%) 4124 us (75%) 4525 us (95%) 4633 us (99%).
I1126 17:14:22.105734 1051487 AriaExecutor.h:621] Worker 8 latency: 3648 us (50%) 4140 us (75%) 4530 us (95%) 4636 us (99%).
I1126 17:14:22.250380 1051487 AriaExecutor.h:621] Worker 9 latency: 3615 us (50%) 4125 us (75%) 4526 us (95%) 4634 us (99%).
I1126 17:14:22.409914 1051487 AriaExecutor.h:621] Worker 10 latency: 3654 us (50%) 4143 us (75%) 4531 us (95%) 4638 us (99%).
I1126 17:14:22.553352 1051487 AriaExecutor.h:621] Worker 11 latency: 3605 us (50%) 4118 us (75%) 4524 us (95%) 4632 us (99%).
I1126 17:14:22.713110 1051487 Coordinator.h:177] total commit: 1.80136e+06
I1126 17:14:23.713223 1051487 Coordinator.h:192] Coordinator exits.
