I1126 14:00:23.260120 953089 Database.h:65] ycsb initialization finished in 30 milliseconds.
I1126 14:00:23.260221 953089 Coordinator.h:30] Coordinator initializes 12 workers.
I1126 14:00:23.261108 953089 Coordinator.h:77] Coordinator starts to run 13 workers.
I1126 14:00:23.261158 953105 AriaExecutor.h:91] AriaExecutor 0 started. 
I1126 14:00:23.261196 953106 AriaExecutor.h:91] AriaExecutor 1 started. 
I1126 14:00:23.261234 953107 AriaExecutor.h:91] AriaExecutor 2 started. 
I1126 14:00:23.261276 953108 AriaExecutor.h:91] AriaExecutor 3 started. 
I1126 14:00:23.261356 953110 AriaExecutor.h:91] AriaExecutor 5 started. 
I1126 14:00:23.261399 953111 AriaExecutor.h:91] AriaExecutor 6 started. 
I1126 14:00:23.261441 953112 AriaExecutor.h:91] AriaExecutor 7 started. 
I1126 14:00:23.261479 953113 AriaExecutor.h:91] AriaExecutor 8 started. 
I1126 14:00:23.261525 953114 AriaExecutor.h:91] AriaExecutor 9 started. 
I1126 14:00:23.261564 953115 AriaExecutor.h:91] AriaExecutor 10 started. 
I1126 14:00:23.261610 953116 AriaExecutor.h:91] AriaExecutor 11 started. 
I1126 14:00:23.261642 953109 AriaExecutor.h:91] AriaExecutor 4 started. 
I1126 14:00:23.261646 953117 Manager.h:224] Manager(worker id = 12) on the coordinator node started.
I1126 14:00:24.261713 953089 Coordinator.h:126] commit: 1876419 abort: 8581 (0/8581/0), network size: 0, avg network size: 0, si_in_serializable: 0 0 %, local: 0 %
I1126 14:00:25.261832 953089 Coordinator.h:126] commit: 1852654 abort: 8346 (0/8346/0), network size: 0, avg network size: 0, si_in_serializable: 0 0 %, local: 0 %
I1126 14:00:26.261958 953089 Coordinator.h:126] commit: 1891455 abort: 8545 (0/8545/0), network size: 0, avg network size: 0, si_in_serializable: 0 0 %, local: 0 %
I1126 14:00:27.262053 953089 Coordinator.h:126] commit: 1879375 abort: 8625 (0/8625/0), network size: 0, avg network size: 0, si_in_serializable: 0 0 %, local: 0 %
I1126 14:00:28.262128 953089 Coordinator.h:126] commit: 1903467 abort: 8520 (0/8520/0), network size: 0, avg network size: 0, si_in_serializable: 0 0 %, local: 0 %
I1126 14:00:29.262202 953089 Coordinator.h:126] commit: 1897492 abort: 8521 (0/8521/0), network size: 0, avg network size: 0, si_in_serializable: 0 0 %, local: 0 %
I1126 14:00:30.262306 953089 Coordinator.h:126] commit: 1777016 abort: 7984 (0/7984/0), network size: 0, avg network size: 0, si_in_serializable: 0 0 %, local: 0 %
I1126 14:00:31.262409 953089 Coordinator.h:126] commit: 1892386 abort: 8614 (0/8614/0), network size: 0, avg network size: 0, si_in_serializable: 0 0 %, local: 0 %
I1126 14:00:32.262487 953089 Coordinator.h:126] commit: 1897464 abort: 8536 (0/8536/0), network size: 0, avg network size: 0, si_in_serializable: 0 0 %, local: 0 %
I1126 14:00:33.262564 953089 Coordinator.h:126] commit: 1896376 abort: 8624 (0/8624/0), network size: 0, avg network size: 0, si_in_serializable: 0 0 %, local: 0 %
I1126 14:00:34.262640 953089 Coordinator.h:126] commit: 1900445 abort: 8555 (0/8555/0), network size: 0, avg network size: 0, si_in_serializable: 0 0 %, local: 0 %
I1126 14:00:35.262723 953089 Coordinator.h:126] commit: 1894463 abort: 8537 (0/8537/0), network size: 0, avg network size: 0, si_in_serializable: 0 0 %, local: 0 %
I1126 14:00:36.262825 953089 Coordinator.h:126] commit: 1895478 abort: 8522 (0/8522/0), network size: 0, avg network size: 0, si_in_serializable: 0 0 %, local: 0 %
I1126 14:00:37.262919 953089 Coordinator.h:126] commit: 1696574 abort: 7811 (0/7811/0), network size: 0, avg network size: 0, si_in_serializable: 0 0 %, local: 0 %
I1126 14:00:38.263002 953089 Coordinator.h:126] commit: 1900984 abort: 8631 (0/8631/0), network size: 0, avg network size: 0, si_in_serializable: 0 0 %, local: 0 %
I1126 14:00:39.263108 953089 Coordinator.h:126] commit: 1878495 abort: 8505 (0/8505/0), network size: 0, avg network size: 0, si_in_serializable: 0 0 %, local: 0 %
I1126 14:00:40.263191 953089 Coordinator.h:126] commit: 1894419 abort: 8581 (0/8581/0), network size: 0, avg network size: 0, si_in_serializable: 0 0 %, local: 0 %
I1126 14:00:41.263283 953089 Coordinator.h:126] commit: 1891363 abort: 8637 (0/8637/0), network size: 0, avg network size: 0, si_in_serializable: 0 0 %, local: 0 %
I1126 14:00:42.263360 953089 Coordinator.h:126] commit: 1896474 abort: 8526 (0/8526/0), network size: 0, avg network size: 0, si_in_serializable: 0 0 %, local: 0 %
I1126 14:00:43.263433 953089 Coordinator.h:126] commit: 1893412 abort: 8588 (0/8588/0), network size: 0, avg network size: 0, si_in_serializable: 0 0 %, local: 0 %
I1126 14:00:44.263505 953089 Coordinator.h:126] commit: 1895482 abort: 8518 (0/8518/0), network size: 0, avg network size: 0, si_in_serializable: 0 0 %, local: 0 %
I1126 14:00:45.263585 953089 Coordinator.h:126] commit: 1892418 abort: 8582 (0/8582/0), network size: 0, avg network size: 0, si_in_serializable: 0 0 %, local: 0 %
I1126 14:00:46.263679 953089 Coordinator.h:126] commit: 1896317 abort: 8683 (0/8683/0), network size: 0, avg network size: 0, si_in_serializable: 0 0 %, local: 0 %
I1126 14:00:47.263765 953089 Coordinator.h:126] commit: 1890490 abort: 8510 (0/8510/0), network size: 0, avg network size: 0, si_in_serializable: 0 0 %, local: 0 %
I1126 14:00:48.263841 953089 Coordinator.h:126] commit: 1897556 abort: 8444 (0/8444/0), network size: 0, avg network size: 0, si_in_serializable: 0 0 %, local: 0 %
I1126 14:00:48.263850 953089 Coordinator.h:152] average commit: 1.87421e+06 abort: 8489.3 (0/8489.3/0), network size: 0, avg network size: 0, si_in_serializable: 0 0 %, local: 0 %
I1126 14:00:48.264094 953115 AriaExecutor.h:103] AriaExecutor 10 exits. 
I1126 14:00:48.264096 953113 AriaExecutor.h:103] AriaExecutor 8 exits. 
I1126 14:00:48.264098 953109 AriaExecutor.h:103] AriaExecutor 4 exits. 
I1126 14:00:48.264109 953106 AriaExecutor.h:103] AriaExecutor 1 exits. 
I1126 14:00:48.264101 953107 AriaExecutor.h:103] AriaExecutor 2 exits. 
I1126 14:00:48.264111 953105 AriaExecutor.h:103] AriaExecutor 0 exits. 
I1126 14:00:48.264110 953108 AriaExecutor.h:103] AriaExecutor 3 exits. 
I1126 14:00:48.264110 953110 AriaExecutor.h:103] AriaExecutor 5 exits. 
I1126 14:00:48.264109 953112 AriaExecutor.h:103] AriaExecutor 7 exits. 
I1126 14:00:48.264111 953114 AriaExecutor.h:103] AriaExecutor 9 exits. 
I1126 14:00:48.264097 953117 Manager.h:227] Manager(worker id = 12) on the coordinator node exits.
I1126 14:00:48.264096 953111 AriaExecutor.h:103] AriaExecutor 6 exits. 
I1126 14:00:48.264109 953116 AriaExecutor.h:103] AriaExecutor 11 exits. 
I1126 14:00:48.263859 953089 AriaExecutor.h:649] Worker 0 latency: 354 us (50%) 411 us (75%) 460 us (95%) 475 us (99%).
I1126 14:00:48.399961 953089 AriaExecutor.h:649] Worker 1 latency: 352 us (50%) 409 us (75%) 459 us (95%) 474 us (99%).
I1126 14:00:48.536113 953089 AriaExecutor.h:649] Worker 2 latency: 354 us (50%) 411 us (75%) 460 us (95%) 475 us (99%).
I1126 14:00:48.684921 953089 AriaExecutor.h:649] Worker 3 latency: 354 us (50%) 411 us (75%) 459 us (95%) 475 us (99%).
I1126 14:00:48.844367 953089 AriaExecutor.h:649] Worker 4 latency: 354 us (50%) 411 us (75%) 459 us (95%) 475 us (99%).
I1126 14:00:48.979063 953089 AriaExecutor.h:649] Worker 5 latency: 353 us (50%) 410 us (75%) 458 us (95%) 474 us (99%).
I1126 14:00:49.139042 953089 AriaExecutor.h:649] Worker 6 latency: 357 us (50%) 412 us (75%) 460 us (95%) 475 us (99%).
I1126 14:00:49.272744 953089 AriaExecutor.h:649] Worker 7 latency: 355 us (50%) 410 us (75%) 459 us (95%) 474 us (99%).
I1126 14:00:49.431129 953089 AriaExecutor.h:649] Worker 8 latency: 356 us (50%) 412 us (75%) 460 us (95%) 475 us (99%).
I1126 14:00:49.570256 953089 AriaExecutor.h:649] Worker 9 latency: 356 us (50%) 411 us (75%) 459 us (95%) 474 us (99%).
I1126 14:00:49.708532 953089 AriaExecutor.h:649] Worker 10 latency: 358 us (50%) 413 us (75%) 460 us (95%) 475 us (99%).
I1126 14:00:49.848361 953089 AriaExecutor.h:649] Worker 11 latency: 357 us (50%) 412 us (75%) 459 us (95%) 475 us (99%).
I1126 14:00:50.006428 953089 Coordinator.h:177] total commit: 1.87421e+06
I1126 14:00:51.006544 953089 Coordinator.h:192] Coordinator exits.
