I0911 23:18:47.035223 2945203 Database.h:65] ycsb initialization finished in 147 milliseconds.
I0911 23:18:47.035341 2945203 Coordinator.h:30] Coordinator initializes 16 workers.
I0911 23:18:47.043462 2945203 Coordinator.h:77] Coordinator starts to run 17 workers.
I0911 23:18:47.043529 2945223 AriaExecutor.h:82] AriaExecutor 0 started. 
I0911 23:18:47.043560 2945224 AriaExecutor.h:82] AriaExecutor 1 started. 
I0911 23:18:47.043598 2945225 AriaExecutor.h:82] AriaExecutor 2 started. 
I0911 23:18:47.043651 2945226 AriaExecutor.h:82] AriaExecutor 3 started. 
I0911 23:18:47.043676 2945227 AriaExecutor.h:82] AriaExecutor 4 started. 
I0911 23:18:47.043720 2945228 AriaExecutor.h:82] AriaExecutor 5 started. 
I0911 23:18:47.043753 2945229 AriaExecutor.h:82] AriaExecutor 6 started. 
I0911 23:18:47.043802 2945230 AriaExecutor.h:82] AriaExecutor 7 started. 
I0911 23:18:47.043845 2945231 AriaExecutor.h:82] AriaExecutor 8 started. 
I0911 23:18:47.043885 2945232 AriaExecutor.h:82] AriaExecutor 9 started. 
I0911 23:18:47.043921 2945233 AriaExecutor.h:82] AriaExecutor 10 started. 
I0911 23:18:47.043963 2945234 AriaExecutor.h:82] AriaExecutor 11 started. 
I0911 23:18:47.044000 2945235 AriaExecutor.h:82] AriaExecutor 12 started. 
I0911 23:18:47.044039 2945236 AriaExecutor.h:82] AriaExecutor 13 started. 
I0911 23:18:47.044085 2945237 AriaExecutor.h:82] AriaExecutor 14 started. 
I0911 23:18:47.044123 2945238 AriaExecutor.h:82] AriaExecutor 15 started. 
I0911 23:18:47.044157 2945239 Manager.h:224] Manager(worker id = 16) on the coordinator node started.
I0911 23:18:48.044209 2945203 Coordinator.h:126] commit: 1309809 abort: 911 (0/911/0), network size: 0, avg network size: 0, si_in_serializable: 0 0 %, local: 0 %
I0911 23:18:49.044306 2945203 Coordinator.h:126] commit: 1299632 abort: 848 (0/848/0), network size: 0, avg network size: 0, si_in_serializable: 0 0 %, local: 0 %
I0911 23:18:50.044379 2945203 Coordinator.h:126] commit: 1255632 abort: 816 (0/816/0), network size: 0, avg network size: 0, si_in_serializable: 0 0 %, local: 0 %
I0911 23:18:51.044461 2945203 Coordinator.h:126] commit: 1265758 abort: 930 (0/930/0), network size: 0, avg network size: 0, si_in_serializable: 0 0 %, local: 0 %
I0911 23:18:52.044559 2945203 Coordinator.h:126] commit: 1311846 abort: 922 (0/922/0), network size: 0, avg network size: 0, si_in_serializable: 0 0 %, local: 0 %
I0911 23:18:53.044636 2945203 Coordinator.h:126] commit: 1321045 abort: 939 (0/939/0), network size: 0, avg network size: 0, si_in_serializable: 0 0 %, local: 0 %
I0911 23:18:54.044706 2945203 Coordinator.h:126] commit: 1307788 abort: 884 (0/884/0), network size: 0, avg network size: 0, si_in_serializable: 0 0 %, local: 0 %
I0911 23:18:55.044778 2945203 Coordinator.h:126] commit: 1315952 abort: 912 (0/912/0), network size: 0, avg network size: 0, si_in_serializable: 0 0 %, local: 0 %
I0911 23:18:56.044852 2945203 Coordinator.h:126] commit: 1321103 abort: 881 (0/881/0), network size: 0, avg network size: 0, si_in_serializable: 0 0 %, local: 0 %
I0911 23:18:57.044934 2945203 Coordinator.h:126] commit: 1321655 abort: 886 (0/886/0), network size: 0, avg network size: 0, si_in_serializable: 0 0 %, local: 0 %
I0911 23:18:58.045004 2945203 Coordinator.h:126] commit: 1321522 abort: 929 (0/929/0), network size: 0, avg network size: 0, si_in_serializable: 0 0 %, local: 0 %
I0911 23:18:59.045078 2945203 Coordinator.h:126] commit: 1287285 abort: 907 (0/907/0), network size: 0, avg network size: 0, si_in_serializable: 0 0 %, local: 0 %
I0911 23:19:00.045151 2945203 Coordinator.h:126] commit: 1290376 abort: 888 (0/888/0), network size: 0, avg network size: 0, si_in_serializable: 0 0 %, local: 0 %
I0911 23:19:01.045225 2945203 Coordinator.h:126] commit: 1282222 abort: 850 (0/850/0), network size: 0, avg network size: 0, si_in_serializable: 0 0 %, local: 0 %
I0911 23:19:02.045300 2945203 Coordinator.h:126] commit: 1320058 abort: 904 (0/904/0), network size: 0, avg network size: 0, si_in_serializable: 0 0 %, local: 0 %
I0911 23:19:03.045394 2945203 Coordinator.h:126] commit: 1310860 abort: 882 (0/882/0), network size: 0, avg network size: 0, si_in_serializable: 0 0 %, local: 0 %
I0911 23:19:04.045472 2945203 Coordinator.h:126] commit: 1322112 abort: 896 (0/896/0), network size: 0, avg network size: 0, si_in_serializable: 0 0 %, local: 0 %
I0911 23:19:05.045543 2945203 Coordinator.h:126] commit: 1322053 abort: 955 (0/955/0), network size: 0, avg network size: 0, si_in_serializable: 0 0 %, local: 0 %
I0911 23:19:06.045614 2945203 Coordinator.h:126] commit: 1322080 abort: 928 (0/928/0), network size: 0, avg network size: 0, si_in_serializable: 0 0 %, local: 0 %
I0911 23:19:07.045684 2945203 Coordinator.h:126] commit: 1321056 abort: 928 (0/928/0), network size: 0, avg network size: 0, si_in_serializable: 0 0 %, local: 0 %
I0911 23:19:08.045759 2945203 Coordinator.h:126] commit: 1319001 abort: 935 (0/935/0), network size: 0, avg network size: 0, si_in_serializable: 0 0 %, local: 0 %
I0911 23:19:09.045843 2945203 Coordinator.h:126] commit: 1322116 abort: 892 (0/892/0), network size: 0, avg network size: 0, si_in_serializable: 0 0 %, local: 0 %
I0911 23:19:10.045940 2945203 Coordinator.h:126] commit: 1321120 abort: 864 (0/864/0), network size: 0, avg network size: 0, si_in_serializable: 0 0 %, local: 0 %
I0911 23:19:11.046018 2945203 Coordinator.h:126] commit: 1322056 abort: 952 (0/952/0), network size: 0, avg network size: 0, si_in_serializable: 0 0 %, local: 0 %
I0911 23:19:12.046097 2945203 Coordinator.h:126] commit: 1322057 abort: 951 (0/951/0), network size: 0, avg network size: 0, si_in_serializable: 0 0 %, local: 0 %
I0911 23:19:12.046109 2945203 Coordinator.h:152] average commit: 1.30996e+06 abort: 906.7 (0/906.7/0), network size: 0, avg network size: 0, si_in_serializable: 0 0 %, local: 0 %
I0911 23:19:12.046698 2945231 AriaExecutor.h:94] AriaExecutor 8 exits. 
I0911 23:19:12.046706 2945227 AriaExecutor.h:94] AriaExecutor 4 exits. 
I0911 23:19:12.046708 2945233 AriaExecutor.h:94] AriaExecutor 10 exits. 
I0911 23:19:12.046702 2945225 AriaExecutor.h:94] AriaExecutor 2 exits. 
I0911 23:19:12.046713 2945228 AriaExecutor.h:94] AriaExecutor 5 exits. 
I0911 23:19:12.046710 2945235 AriaExecutor.h:94] AriaExecutor 12 exits. 
I0911 23:19:12.046710 2945223 AriaExecutor.h:94] AriaExecutor 0 exits. 
I0911 23:19:12.046700 2945239 Manager.h:227] Manager(worker id = 16) on the coordinator node exits.
I0911 23:19:12.046718 2945232 AriaExecutor.h:94] AriaExecutor 9 exits. 
I0911 23:19:12.046720 2945238 AriaExecutor.h:94] AriaExecutor 15 exits. 
I0911 23:19:12.046720 2945224 AriaExecutor.h:94] AriaExecutor 1 exits. 
I0911 23:19:12.046720 2945226 AriaExecutor.h:94] AriaExecutor 3 exits. 
I0911 23:19:12.046718 2945234 AriaExecutor.h:94] AriaExecutor 11 exits. 
I0911 23:19:12.046698 2945237 AriaExecutor.h:94] AriaExecutor 14 exits. 
I0911 23:19:12.046698 2945229 AriaExecutor.h:94] AriaExecutor 6 exits. 
I0911 23:19:12.046723 2945236 AriaExecutor.h:94] AriaExecutor 13 exits. 
I0911 23:19:12.046721 2945230 AriaExecutor.h:94] AriaExecutor 7 exits. 
I0911 23:19:12.046118 2945203 AriaExecutor.h:641] Worker 0 latency: 444 us (50%) 596 us (75%) 718 us (95%) 744 us (99%).
I0911 23:19:12.129292 2945203 AriaExecutor.h:641] Worker 1 latency: 442 us (50%) 594 us (75%) 717 us (95%) 743 us (99%).
I0911 23:19:12.218833 2945203 AriaExecutor.h:641] Worker 2 latency: 447 us (50%) 598 us (75%) 718 us (95%) 744 us (99%).
I0911 23:19:12.299932 2945203 AriaExecutor.h:641] Worker 3 latency: 443 us (50%) 595 us (75%) 717 us (95%) 743 us (99%).
I0911 23:19:12.389981 2945203 AriaExecutor.h:641] Worker 4 latency: 446 us (50%) 597 us (75%) 718 us (95%) 744 us (99%).
I0911 23:19:12.471738 2945203 AriaExecutor.h:641] Worker 5 latency: 441 us (50%) 594 us (75%) 716 us (95%) 743 us (99%).
I0911 23:19:12.562747 2945203 AriaExecutor.h:641] Worker 6 latency: 446 us (50%) 597 us (75%) 718 us (95%) 744 us (99%).
I0911 23:19:12.644080 2945203 AriaExecutor.h:641] Worker 7 latency: 442 us (50%) 594 us (75%) 717 us (95%) 743 us (99%).
I0911 23:19:12.734630 2945203 AriaExecutor.h:641] Worker 8 latency: 445 us (50%) 596 us (75%) 718 us (95%) 744 us (99%).
I0911 23:19:12.816892 2945203 AriaExecutor.h:641] Worker 9 latency: 441 us (50%) 593 us (75%) 716 us (95%) 743 us (99%).
I0911 23:19:12.907464 2945203 AriaExecutor.h:641] Worker 10 latency: 446 us (50%) 596 us (75%) 718 us (95%) 744 us (99%).
I0911 23:19:12.988931 2945203 AriaExecutor.h:641] Worker 11 latency: 443 us (50%) 594 us (75%) 716 us (95%) 743 us (99%).
I0911 23:19:13.080789 2945203 AriaExecutor.h:641] Worker 12 latency: 447 us (50%) 597 us (75%) 718 us (95%) 744 us (99%).
I0911 23:19:13.161441 2945203 AriaExecutor.h:641] Worker 13 latency: 441 us (50%) 593 us (75%) 716 us (95%) 743 us (99%).
I0911 23:19:13.250332 2945203 AriaExecutor.h:641] Worker 14 latency: 447 us (50%) 597 us (75%) 718 us (95%) 744 us (99%).
I0911 23:19:13.331679 2945203 AriaExecutor.h:641] Worker 15 latency: 442 us (50%) 594 us (75%) 716 us (95%) 743 us (99%).
I0911 23:19:13.422456 2945203 Coordinator.h:177] total commit: 1.30996e+06
I0911 23:19:14.422570 2945203 Coordinator.h:192] Coordinator exits.
