I1126 15:57:25.111347 1025435 Database.h:65] ycsb initialization finished in 30 milliseconds.
I1126 15:57:25.111446 1025435 Coordinator.h:30] Coordinator initializes 12 workers.
I1126 15:57:25.183269 1025435 Coordinator.h:77] Coordinator starts to run 13 workers.
I1126 15:57:25.183329 1025453 AriaExecutor.h:93] AriaExecutor 0 started. 
I1126 15:57:25.183360 1025454 AriaExecutor.h:93] AriaExecutor 1 started. 
I1126 15:57:25.183399 1025455 AriaExecutor.h:93] AriaExecutor 2 started. 
I1126 15:57:25.183441 1025456 AriaExecutor.h:93] AriaExecutor 3 started. 
I1126 15:57:25.183523 1025458 AriaExecutor.h:93] AriaExecutor 5 started. 
I1126 15:57:25.183564 1025459 AriaExecutor.h:93] AriaExecutor 6 started. 
I1126 15:57:25.183607 1025461 AriaExecutor.h:93] AriaExecutor 7 started. 
I1126 15:57:25.183640 1025462 AriaExecutor.h:93] AriaExecutor 8 started. 
I1126 15:57:25.183694 1025463 AriaExecutor.h:93] AriaExecutor 9 started. 
I1126 15:57:25.183732 1025464 AriaExecutor.h:93] AriaExecutor 10 started. 
I1126 15:57:25.183773 1025465 AriaExecutor.h:93] AriaExecutor 11 started. 
I1126 15:57:25.183807 1025457 AriaExecutor.h:93] AriaExecutor 4 started. 
I1126 15:57:25.183812 1025466 Manager.h:224] Manager(worker id = 12) on the coordinator node started.
I1126 15:57:26.183876 1025435 Coordinator.h:126] commit: 545732 abort: 224268 (0/224268/0), network size: 0, avg network size: 0, si_in_serializable: 0 0 %, local: 0 %
I1126 15:57:27.183991 1025435 Coordinator.h:126] commit: 545916 abort: 224084 (0/224084/0), network size: 0, avg network size: 0, si_in_serializable: 0 0 %, local: 0 %
I1126 15:57:28.184100 1025435 Coordinator.h:126] commit: 546213 abort: 223787 (0/223787/0), network size: 0, avg network size: 0, si_in_serializable: 0 0 %, local: 0 %
I1126 15:57:29.184203 1025435 Coordinator.h:126] commit: 559825 abort: 230175 (0/230175/0), network size: 0, avg network size: 0, si_in_serializable: 0 0 %, local: 0 %
I1126 15:57:30.184288 1025435 Coordinator.h:126] commit: 552702 abort: 227298 (0/227298/0), network size: 0, avg network size: 0, si_in_serializable: 0 0 %, local: 0 %
I1126 15:57:31.184382 1025435 Coordinator.h:126] commit: 544976 abort: 225024 (0/225024/0), network size: 0, avg network size: 0, si_in_serializable: 0 0 %, local: 0 %
I1126 15:57:32.184484 1025435 Coordinator.h:126] commit: 545845 abort: 224155 (0/224155/0), network size: 0, avg network size: 0, si_in_serializable: 0 0 %, local: 0 %
I1126 15:57:33.184585 1025435 Coordinator.h:126] commit: 558696 abort: 229184 (0/229184/0), network size: 0, avg network size: 0, si_in_serializable: 0 0 %, local: 0 %
I1126 15:57:34.184669 1025435 Coordinator.h:126] commit: 554070 abort: 228048 (0/228048/0), network size: 0, avg network size: 0, si_in_serializable: 0 0 %, local: 0 %
I1126 15:57:35.184774 1025435 Coordinator.h:126] commit: 552820 abort: 227180 (0/227180/0), network size: 0, avg network size: 0, si_in_serializable: 0 0 %, local: 0 %
I1126 15:57:36.184867 1025435 Coordinator.h:126] commit: 553805 abort: 226195 (0/226195/0), network size: 0, avg network size: 0, si_in_serializable: 0 0 %, local: 0 %
I1126 15:57:37.184965 1025435 Coordinator.h:126] commit: 538994 abort: 221006 (0/221006/0), network size: 0, avg network size: 0, si_in_serializable: 0 0 %, local: 0 %
I1126 15:57:38.185068 1025435 Coordinator.h:126] commit: 552223 abort: 227777 (0/227777/0), network size: 0, avg network size: 0, si_in_serializable: 0 0 %, local: 0 %
I1126 15:57:39.185174 1025435 Coordinator.h:126] commit: 552837 abort: 227163 (0/227163/0), network size: 0, avg network size: 0, si_in_serializable: 0 0 %, local: 0 %
I1126 15:57:40.185277 1025435 Coordinator.h:126] commit: 552568 abort: 227432 (0/227432/0), network size: 0, avg network size: 0, si_in_serializable: 0 0 %, local: 0 %
I1126 15:57:41.185374 1025435 Coordinator.h:126] commit: 553240 abort: 226760 (0/226760/0), network size: 0, avg network size: 0, si_in_serializable: 0 0 %, local: 0 %
I1126 15:57:42.185479 1025435 Coordinator.h:126] commit: 552671 abort: 227330 (0/227330/0), network size: 0, avg network size: 0, si_in_serializable: 0 0 %, local: 0 %
I1126 15:57:43.185580 1025435 Coordinator.h:126] commit: 560386 abort: 229613 (0/229613/0), network size: 0, avg network size: 0, si_in_serializable: 0 0 %, local: 0 %
I1126 15:57:44.185668 1025435 Coordinator.h:126] commit: 553135 abort: 226865 (0/226865/0), network size: 0, avg network size: 0, si_in_serializable: 0 0 %, local: 0 %
I1126 15:57:45.185771 1025435 Coordinator.h:126] commit: 553554 abort: 226446 (0/226446/0), network size: 0, avg network size: 0, si_in_serializable: 0 0 %, local: 0 %
I1126 15:57:46.185865 1025435 Coordinator.h:126] commit: 552644 abort: 227356 (0/227356/0), network size: 0, avg network size: 0, si_in_serializable: 0 0 %, local: 0 %
I1126 15:57:47.185966 1025435 Coordinator.h:126] commit: 553553 abort: 226447 (0/226447/0), network size: 0, avg network size: 0, si_in_serializable: 0 0 %, local: 0 %
I1126 15:57:48.186055 1025435 Coordinator.h:126] commit: 539061 abort: 220939 (0/220939/0), network size: 0, avg network size: 0, si_in_serializable: 0 0 %, local: 0 %
I1126 15:57:49.186146 1025435 Coordinator.h:126] commit: 553367 abort: 226633 (0/226633/0), network size: 0, avg network size: 0, si_in_serializable: 0 0 %, local: 0 %
I1126 15:57:50.186254 1025435 Coordinator.h:126] commit: 552694 abort: 227306 (0/227306/0), network size: 0, avg network size: 0, si_in_serializable: 0 0 %, local: 0 %
I1126 15:57:50.186272 1025435 Coordinator.h:152] average commit: 552341 abort: 226659 (0/226659/0), network size: 0, avg network size: 0, si_in_serializable: 0 0 %, local: 0 %
I1126 15:57:50.188139 1025453 AriaExecutor.h:105] AriaExecutor 0 exits. 
I1126 15:57:50.188143 1025462 AriaExecutor.h:105] AriaExecutor 8 exits. 
I1126 15:57:50.188140 1025466 Manager.h:227] Manager(worker id = 12) on the coordinator node exits.
I1126 15:57:50.188140 1025455 AriaExecutor.h:105] AriaExecutor 2 exits. 
I1126 15:57:50.188141 1025464 AriaExecutor.h:105] AriaExecutor 10 exits. 
I1126 15:57:50.188150 1025458 AriaExecutor.h:105] AriaExecutor 5 exits. 
I1126 15:57:50.188150 1025465 AriaExecutor.h:105] AriaExecutor 11 exits. 
I1126 15:57:50.188150 1025454 AriaExecutor.h:105] AriaExecutor 1 exits. 
I1126 15:57:50.188150 1025456 AriaExecutor.h:105] AriaExecutor 3 exits. 
I1126 15:57:50.188153 1025463 AriaExecutor.h:105] AriaExecutor 9 exits. 
I1126 15:57:50.188139 1025457 AriaExecutor.h:105] AriaExecutor 4 exits. 
I1126 15:57:50.188150 1025461 AriaExecutor.h:105] AriaExecutor 7 exits. 
I1126 15:57:50.188140 1025459 AriaExecutor.h:105] AriaExecutor 6 exits. 
I1126 15:57:50.186280 1025435 AriaExecutor.h:672] Worker 0 latency: 8884 us (50%) 10580 us (75%) 11791 us (95%) 12041 us (99%).
I1126 15:57:50.238849 1025435 AriaExecutor.h:672] Worker 1 latency: 8881 us (50%) 10572 us (75%) 11786 us (95%) 12033 us (99%).
I1126 15:57:50.292222 1025435 AriaExecutor.h:672] Worker 2 latency: 8879 us (50%) 10575 us (75%) 11787 us (95%) 12036 us (99%).
I1126 15:57:50.344760 1025435 AriaExecutor.h:672] Worker 3 latency: 8790 us (50%) 10523 us (75%) 11779 us (95%) 12034 us (99%).
I1126 15:57:50.398175 1025435 AriaExecutor.h:672] Worker 4 latency: 8868 us (50%) 10567 us (75%) 11787 us (95%) 12038 us (99%).
I1126 15:57:50.451671 1025435 AriaExecutor.h:672] Worker 5 latency: 8853 us (50%) 10559 us (75%) 11784 us (95%) 12035 us (99%).
I1126 15:57:50.504582 1025435 AriaExecutor.h:672] Worker 6 latency: 8868 us (50%) 10565 us (75%) 11787 us (95%) 12038 us (99%).
I1126 15:57:50.557018 1025435 AriaExecutor.h:672] Worker 7 latency: 8887 us (50%) 10575 us (75%) 11784 us (95%) 12033 us (99%).
I1126 15:57:50.610426 1025435 AriaExecutor.h:672] Worker 8 latency: 8869 us (50%) 10568 us (75%) 11788 us (95%) 12040 us (99%).
I1126 15:57:50.662344 1025435 AriaExecutor.h:672] Worker 9 latency: 8869 us (50%) 10564 us (75%) 11782 us (95%) 12034 us (99%).
I1126 15:57:50.715128 1025435 AriaExecutor.h:672] Worker 10 latency: 8865 us (50%) 10565 us (75%) 11786 us (95%) 12037 us (99%).
I1126 15:57:50.767370 1025435 AriaExecutor.h:672] Worker 11 latency: 8852 us (50%) 10555 us (75%) 11785 us (95%) 12039 us (99%).
I1126 15:57:50.820364 1025435 Coordinator.h:177] total commit: 552341
I1126 15:57:51.820483 1025435 Coordinator.h:192] Coordinator exits.
