I0911 23:19:15.095263 2945301 Database.h:65] ycsb initialization finished in 145 milliseconds.
I0911 23:19:15.095387 2945301 Coordinator.h:30] Coordinator initializes 16 workers.
I0911 23:19:15.110944 2945301 Coordinator.h:77] Coordinator starts to run 17 workers.
I0911 23:19:15.110997 2945321 AriaExecutor.h:82] AriaExecutor 0 started. 
I0911 23:19:15.111037 2945322 AriaExecutor.h:82] AriaExecutor 1 started. 
I0911 23:19:15.111070 2945323 AriaExecutor.h:82] AriaExecutor 2 started. 
I0911 23:19:15.111131 2945324 AriaExecutor.h:82] AriaExecutor 3 started. 
I0911 23:19:15.111145 2945325 AriaExecutor.h:82] AriaExecutor 4 started. 
I0911 23:19:15.111194 2945326 AriaExecutor.h:82] AriaExecutor 5 started. 
I0911 23:19:15.111229 2945327 AriaExecutor.h:82] AriaExecutor 6 started. 
I0911 23:19:15.111277 2945328 AriaExecutor.h:82] AriaExecutor 7 started. 
I0911 23:19:15.111310 2945329 AriaExecutor.h:82] AriaExecutor 8 started. 
I0911 23:19:15.111354 2945330 AriaExecutor.h:82] AriaExecutor 9 started. 
I0911 23:19:15.111388 2945331 AriaExecutor.h:82] AriaExecutor 10 started. 
I0911 23:19:15.111450 2945332 AriaExecutor.h:82] AriaExecutor 11 started. 
I0911 23:19:15.111485 2945333 AriaExecutor.h:82] AriaExecutor 12 started. 
I0911 23:19:15.111529 2945334 AriaExecutor.h:82] AriaExecutor 13 started. 
I0911 23:19:15.111569 2945335 AriaExecutor.h:82] AriaExecutor 14 started. 
I0911 23:19:15.111609 2945336 AriaExecutor.h:82] AriaExecutor 15 started. 
I0911 23:19:15.111649 2945337 Manager.h:224] Manager(worker id = 16) on the coordinator node started.
I0911 23:19:16.111698 2945301 Coordinator.h:126] commit: 1296667 abort: 1765 (0/1765/0), network size: 0, avg network size: 0, si_in_serializable: 0 0 %, local: 0 %
I0911 23:19:17.111805 2945301 Coordinator.h:126] commit: 1284353 abort: 1791 (0/1791/0), network size: 0, avg network size: 0, si_in_serializable: 0 0 %, local: 0 %
I0911 23:19:18.111881 2945301 Coordinator.h:126] commit: 1243482 abort: 1702 (0/1702/0), network size: 0, avg network size: 0, si_in_serializable: 0 0 %, local: 0 %
I0911 23:19:19.111956 2945301 Coordinator.h:126] commit: 1249561 abort: 1767 (0/1767/0), network size: 0, avg network size: 0, si_in_serializable: 0 0 %, local: 0 %
I0911 23:19:20.112056 2945301 Coordinator.h:126] commit: 1298673 abort: 1807 (0/1807/0), network size: 0, avg network size: 0, si_in_serializable: 0 0 %, local: 0 %
I0911 23:19:21.112138 2945301 Coordinator.h:126] commit: 1306851 abort: 1821 (0/1821/0), network size: 0, avg network size: 0, si_in_serializable: 0 0 %, local: 0 %
I0911 23:19:22.112210 2945301 Coordinator.h:126] commit: 1290471 abort: 1817 (0/1817/0), network size: 0, avg network size: 0, si_in_serializable: 0 0 %, local: 0 %
I0911 23:19:23.112287 2945301 Coordinator.h:126] commit: 1304758 abort: 1866 (0/1866/0), network size: 0, avg network size: 0, si_in_serializable: 0 0 %, local: 0 %
I0911 23:19:24.112363 2945301 Coordinator.h:126] commit: 1306894 abort: 1778 (0/1778/0), network size: 0, avg network size: 0, si_in_serializable: 0 0 %, local: 0 %
I0911 23:19:25.112435 2945301 Coordinator.h:126] commit: 1304805 abort: 1819 (0/1819/0), network size: 0, avg network size: 0, si_in_serializable: 0 0 %, local: 0 %
I0911 23:19:26.112509 2945301 Coordinator.h:126] commit: 1306842 abort: 1830 (0/1830/0), network size: 0, avg network size: 0, si_in_serializable: 0 0 %, local: 0 %
I0911 23:19:27.112579 2945301 Coordinator.h:126] commit: 1270042 abort: 1766 (0/1766/0), network size: 0, avg network size: 0, si_in_serializable: 0 0 %, local: 0 %
I0911 23:19:28.112651 2945301 Coordinator.h:126] commit: 1306827 abort: 1845 (0/1845/0), network size: 0, avg network size: 0, si_in_serializable: 0 0 %, local: 0 %
I0911 23:19:29.112725 2945301 Coordinator.h:126] commit: 1241398 abort: 1738 (0/1738/0), network size: 0, avg network size: 0, si_in_serializable: 0 0 %, local: 0 %
I0911 23:19:30.112800 2945301 Coordinator.h:126] commit: 1304841 abort: 1783 (0/1783/0), network size: 0, avg network size: 0, si_in_serializable: 0 0 %, local: 0 %
I0911 23:19:31.112890 2945301 Coordinator.h:126] commit: 1300779 abort: 1749 (0/1749/0), network size: 0, avg network size: 0, si_in_serializable: 0 0 %, local: 0 %
I0911 23:19:32.112969 2945301 Coordinator.h:126] commit: 1306838 abort: 1834 (0/1834/0), network size: 0, avg network size: 0, si_in_serializable: 0 0 %, local: 0 %
I0911 23:19:33.113049 2945301 Coordinator.h:126] commit: 1306832 abort: 1840 (0/1840/0), network size: 0, avg network size: 0, si_in_serializable: 0 0 %, local: 0 %
I0911 23:19:34.113124 2945301 Coordinator.h:126] commit: 1306871 abort: 1801 (0/1801/0), network size: 0, avg network size: 0, si_in_serializable: 0 0 %, local: 0 %
I0911 23:19:35.113199 2945301 Coordinator.h:126] commit: 1302761 abort: 1815 (0/1815/0), network size: 0, avg network size: 0, si_in_serializable: 0 0 %, local: 0 %
I0911 23:19:36.113271 2945301 Coordinator.h:126] commit: 1306837 abort: 1835 (0/1835/0), network size: 0, avg network size: 0, si_in_serializable: 0 0 %, local: 0 %
I0911 23:19:37.113345 2945301 Coordinator.h:126] commit: 1304728 abort: 1896 (0/1896/0), network size: 0, avg network size: 0, si_in_serializable: 0 0 %, local: 0 %
I0911 23:19:38.113420 2945301 Coordinator.h:126] commit: 1306922 abort: 1750 (0/1750/0), network size: 0, avg network size: 0, si_in_serializable: 0 0 %, local: 0 %
I0911 23:19:39.113502 2945301 Coordinator.h:126] commit: 1306930 abort: 1742 (0/1742/0), network size: 0, avg network size: 0, si_in_serializable: 0 0 %, local: 0 %
I0911 23:19:40.113579 2945301 Coordinator.h:126] commit: 1306830 abort: 1842 (0/1842/0), network size: 0, avg network size: 0, si_in_serializable: 0 0 %, local: 0 %
I0911 23:19:40.113590 2945301 Coordinator.h:152] average commit: 1.2954e+06 abort: 1800.1 (0/1800.1/0), network size: 0, avg network size: 0, si_in_serializable: 0 0 %, local: 0 %
I0911 23:19:40.114530 2945335 AriaExecutor.h:94] AriaExecutor 14 exits. 
I0911 23:19:40.114532 2945337 Manager.h:227] Manager(worker id = 16) on the coordinator node exits.
I0911 23:19:40.114533 2945329 AriaExecutor.h:94] AriaExecutor 8 exits. 
I0911 23:19:40.114535 2945331 AriaExecutor.h:94] AriaExecutor 10 exits. 
I0911 23:19:40.114537 2945323 AriaExecutor.h:94] AriaExecutor 2 exits. 
I0911 23:19:40.114539 2945325 AriaExecutor.h:94] AriaExecutor 4 exits. 
I0911 23:19:40.114552 2945326 AriaExecutor.h:94] AriaExecutor 5 exits. 
I0911 23:19:40.114552 2945322 AriaExecutor.h:94] AriaExecutor 1 exits. 
I0911 23:19:40.114552 2945332 AriaExecutor.h:94] AriaExecutor 11 exits. 
I0911 23:19:40.114552 2945330 AriaExecutor.h:94] AriaExecutor 9 exits. 
I0911 23:19:40.114532 2945327 AriaExecutor.h:94] AriaExecutor 6 exits. 
I0911 23:19:40.114552 2945324 AriaExecutor.h:94] AriaExecutor 3 exits. 
I0911 23:19:40.114549 2945336 AriaExecutor.h:94] AriaExecutor 15 exits. 
I0911 23:19:40.114552 2945328 AriaExecutor.h:94] AriaExecutor 7 exits. 
I0911 23:19:40.114534 2945333 AriaExecutor.h:94] AriaExecutor 12 exits. 
I0911 23:19:40.114534 2945321 AriaExecutor.h:94] AriaExecutor 0 exits. 
I0911 23:19:40.114555 2945334 AriaExecutor.h:94] AriaExecutor 13 exits. 
I0911 23:19:40.113600 2945301 AriaExecutor.h:641] Worker 0 latency: 892 us (50%) 1203 us (75%) 1451 us (95%) 1502 us (99%).
I0911 23:19:40.196105 2945301 AriaExecutor.h:641] Worker 1 latency: 889 us (50%) 1200 us (75%) 1449 us (95%) 1501 us (99%).
I0911 23:19:40.288456 2945301 AriaExecutor.h:641] Worker 2 latency: 896 us (50%) 1205 us (75%) 1452 us (95%) 1502 us (99%).
I0911 23:19:40.371775 2945301 AriaExecutor.h:641] Worker 3 latency: 889 us (50%) 1200 us (75%) 1449 us (95%) 1501 us (99%).
I0911 23:19:40.463547 2945301 AriaExecutor.h:641] Worker 4 latency: 893 us (50%) 1203 us (75%) 1451 us (95%) 1502 us (99%).
I0911 23:19:40.545796 2945301 AriaExecutor.h:641] Worker 5 latency: 888 us (50%) 1199 us (75%) 1449 us (95%) 1501 us (99%).
I0911 23:19:40.637234 2945301 AriaExecutor.h:641] Worker 6 latency: 895 us (50%) 1204 us (75%) 1452 us (95%) 1502 us (99%).
I0911 23:19:40.719879 2945301 AriaExecutor.h:641] Worker 7 latency: 888 us (50%) 1199 us (75%) 1449 us (95%) 1501 us (99%).
I0911 23:19:40.812764 2945301 AriaExecutor.h:641] Worker 8 latency: 894 us (50%) 1204 us (75%) 1451 us (95%) 1502 us (99%).
I0911 23:19:40.895202 2945301 AriaExecutor.h:641] Worker 9 latency: 889 us (50%) 1199 us (75%) 1449 us (95%) 1501 us (99%).
I0911 23:19:40.986995 2945301 AriaExecutor.h:641] Worker 10 latency: 898 us (50%) 1205 us (75%) 1451 us (95%) 1502 us (99%).
I0911 23:19:41.068531 2945301 AriaExecutor.h:641] Worker 11 latency: 890 us (50%) 1200 us (75%) 1449 us (95%) 1501 us (99%).
I0911 23:19:41.160691 2945301 AriaExecutor.h:641] Worker 12 latency: 896 us (50%) 1204 us (75%) 1451 us (95%) 1502 us (99%).
I0911 23:19:41.242604 2945301 AriaExecutor.h:641] Worker 13 latency: 888 us (50%) 1199 us (75%) 1449 us (95%) 1501 us (99%).
I0911 23:19:41.332644 2945301 AriaExecutor.h:641] Worker 14 latency: 898 us (50%) 1205 us (75%) 1451 us (95%) 1502 us (99%).
I0911 23:19:41.415263 2945301 AriaExecutor.h:641] Worker 15 latency: 890 us (50%) 1200 us (75%) 1449 us (95%) 1501 us (99%).
I0911 23:19:41.506455 2945301 Coordinator.h:177] total commit: 1.2954e+06
I0911 23:19:42.506579 2945301 Coordinator.h:192] Coordinator exits.
