I0911 22:42:52.003108 2938061 Database.h:65] ycsb initialization finished in 146 milliseconds.
I0911 22:42:52.003216 2938061 Coordinator.h:30] Coordinator initializes 16 workers.
I0911 22:42:52.019483 2938061 Coordinator.h:77] Coordinator starts to run 17 workers.
I0911 22:42:52.019531 2938081 AriaExecutor.h:82] AriaExecutor 0 started. 
I0911 22:42:52.019570 2938082 AriaExecutor.h:82] AriaExecutor 1 started. 
I0911 22:42:52.019626 2938083 AriaExecutor.h:82] AriaExecutor 2 started. 
I0911 22:42:52.019673 2938084 AriaExecutor.h:82] AriaExecutor 3 started. 
I0911 22:42:52.019702 2938085 AriaExecutor.h:82] AriaExecutor 4 started. 
I0911 22:42:52.019753 2938086 AriaExecutor.h:82] AriaExecutor 5 started. 
I0911 22:42:52.019796 2938087 AriaExecutor.h:82] AriaExecutor 6 started. 
I0911 22:42:52.019833 2938088 AriaExecutor.h:82] AriaExecutor 7 started. 
I0911 22:42:52.019876 2938089 AriaExecutor.h:82] AriaExecutor 8 started. 
I0911 22:42:52.019922 2938090 AriaExecutor.h:82] AriaExecutor 9 started. 
I0911 22:42:52.019954 2938091 AriaExecutor.h:82] AriaExecutor 10 started. 
I0911 22:42:52.020002 2938092 AriaExecutor.h:82] AriaExecutor 11 started. 
I0911 22:42:52.020040 2938093 AriaExecutor.h:82] AriaExecutor 12 started. 
I0911 22:42:52.020085 2938094 AriaExecutor.h:82] AriaExecutor 13 started. 
I0911 22:42:52.020123 2938095 AriaExecutor.h:82] AriaExecutor 14 started. 
I0911 22:42:52.020172 2938096 AriaExecutor.h:82] AriaExecutor 15 started. 
I0911 22:42:52.020211 2938097 Manager.h:224] Manager(worker id = 16) on the coordinator node started.
I0911 22:42:53.020268 2938061 Coordinator.h:126] commit: 1273528 abort: 61768 (0/61768/0), network size: 0, avg network size: 0, si_in_serializable: 0 0 %, local: 0 %
I0911 22:42:54.020380 2938061 Coordinator.h:126] commit: 1261283 abort: 61725 (0/61725/0), network size: 0, avg network size: 0, si_in_serializable: 0 0 %, local: 0 %
I0911 22:42:55.020466 2938061 Coordinator.h:126] commit: 1226477 abort: 59667 (0/59667/0), network size: 0, avg network size: 0, si_in_serializable: 0 0 %, local: 0 %
I0911 22:42:56.020543 2938061 Coordinator.h:126] commit: 1230306 abort: 59934 (0/59934/0), network size: 0, avg network size: 0, si_in_serializable: 0 0 %, local: 0 %
I0911 22:42:57.020645 2938061 Coordinator.h:126] commit: 1279037 abort: 62403 (0/62403/0), network size: 0, avg network size: 0, si_in_serializable: 0 0 %, local: 0 %
I0911 22:42:58.020736 2938061 Coordinator.h:126] commit: 1282836 abort: 62700 (0/62700/0), network size: 0, avg network size: 0, si_in_serializable: 0 0 %, local: 0 %
I0911 22:42:59.020816 2938061 Coordinator.h:126] commit: 1259209 abort: 61751 (0/61751/0), network size: 0, avg network size: 0, si_in_serializable: 0 0 %, local: 0 %
I0911 22:43:00.020892 2938061 Coordinator.h:126] commit: 1276814 abort: 62578 (0/62578/0), network size: 0, avg network size: 0, si_in_serializable: 0 0 %, local: 0 %
I0911 22:43:01.020968 2938061 Coordinator.h:126] commit: 1283284 abort: 62252 (0/62252/0), network size: 0, avg network size: 0, si_in_serializable: 0 0 %, local: 0 %
I0911 22:43:02.021049 2938061 Coordinator.h:126] commit: 1283072 abort: 62464 (0/62464/0), network size: 0, avg network size: 0, si_in_serializable: 0 0 %, local: 0 %
I0911 22:43:03.021132 2938061 Coordinator.h:126] commit: 1283145 abort: 62391 (0/62391/0), network size: 0, avg network size: 0, si_in_serializable: 0 0 %, local: 0 %
I0911 22:43:04.021209 2938061 Coordinator.h:126] commit: 1251595 abort: 61173 (0/61173/0), network size: 0, avg network size: 0, si_in_serializable: 0 0 %, local: 0 %
I0911 22:43:05.021286 2938061 Coordinator.h:126] commit: 1283167 abort: 62369 (0/62369/0), network size: 0, avg network size: 0, si_in_serializable: 0 0 %, local: 0 %
I0911 22:43:06.021366 2938061 Coordinator.h:126] commit: 1177385 abort: 57559 (0/57559/0), network size: 0, avg network size: 0, si_in_serializable: 0 0 %, local: 0 %
I0911 22:43:07.021442 2938061 Coordinator.h:126] commit: 1280707 abort: 62781 (0/62781/0), network size: 0, avg network size: 0, si_in_serializable: 0 0 %, local: 0 %
I0911 22:43:08.021540 2938061 Coordinator.h:126] commit: 1276919 abort: 62473 (0/62473/0), network size: 0, avg network size: 0, si_in_serializable: 0 0 %, local: 0 %
I0911 22:43:09.021628 2938061 Coordinator.h:126] commit: 1282897 abort: 62639 (0/62639/0), network size: 0, avg network size: 0, si_in_serializable: 0 0 %, local: 0 %
I0911 22:43:10.021704 2938061 Coordinator.h:126] commit: 1284786 abort: 62798 (0/62798/0), network size: 0, avg network size: 0, si_in_serializable: 0 0 %, local: 0 %
I0911 22:43:11.021780 2938061 Coordinator.h:126] commit: 1282583 abort: 62953 (0/62953/0), network size: 0, avg network size: 0, si_in_serializable: 0 0 %, local: 0 %
I0911 22:43:12.021854 2938061 Coordinator.h:126] commit: 1280888 abort: 62600 (0/62600/0), network size: 0, avg network size: 0, si_in_serializable: 0 0 %, local: 0 %
I0911 22:43:13.021930 2938061 Coordinator.h:126] commit: 1283235 abort: 62301 (0/62301/0), network size: 0, avg network size: 0, si_in_serializable: 0 0 %, local: 0 %
I0911 22:43:14.022008 2938061 Coordinator.h:126] commit: 1280839 abort: 62649 (0/62649/0), network size: 0, avg network size: 0, si_in_serializable: 0 0 %, local: 0 %
I0911 22:43:15.022089 2938061 Coordinator.h:126] commit: 1283109 abort: 62427 (0/62427/0), network size: 0, avg network size: 0, si_in_serializable: 0 0 %, local: 0 %
I0911 22:43:16.022176 2938061 Coordinator.h:126] commit: 1283435 abort: 62101 (0/62101/0), network size: 0, avg network size: 0, si_in_serializable: 0 0 %, local: 0 %
I0911 22:43:17.022262 2938061 Coordinator.h:126] commit: 1255463 abort: 61401 (0/61401/0), network size: 0, avg network size: 0, si_in_serializable: 0 0 %, local: 0 %
I0911 22:43:17.022282 2938061 Coordinator.h:152] average commit: 1.26841e+06 abort: 61973.6 (0/61973.6/0), network size: 0, avg network size: 0, si_in_serializable: 0 0 %, local: 0 %
I0911 22:43:17.023154 2938097 Manager.h:227] Manager(worker id = 16) on the coordinator node exits.
I0911 22:43:17.023160 2938091 AriaExecutor.h:94] AriaExecutor 10 exits. 
I0911 22:43:17.023157 2938089 AriaExecutor.h:94] AriaExecutor 8 exits. 
I0911 22:43:17.023164 2938095 AriaExecutor.h:94] AriaExecutor 14 exits. 
I0911 22:43:17.023164 2938087 AriaExecutor.h:94] AriaExecutor 6 exits. 
I0911 22:43:17.023162 2938081 AriaExecutor.h:94] AriaExecutor 0 exits. 
I0911 22:43:17.023178 2938084 AriaExecutor.h:94] AriaExecutor 3 exits. 
I0911 22:43:17.023175 2938082 AriaExecutor.h:94] AriaExecutor 1 exits. 
I0911 22:43:17.023157 2938083 AriaExecutor.h:94] AriaExecutor 2 exits. 
I0911 22:43:17.023175 2938088 AriaExecutor.h:94] AriaExecutor 7 exits. 
I0911 22:43:17.023175 2938090 AriaExecutor.h:94] AriaExecutor 9 exits. 
I0911 22:43:17.023177 2938092 AriaExecutor.h:94] AriaExecutor 11 exits. 
I0911 22:43:17.023180 2938094 AriaExecutor.h:94] AriaExecutor 13 exits. 
I0911 22:43:17.023180 2938096 AriaExecutor.h:94] AriaExecutor 15 exits. 
I0911 22:43:17.023180 2938086 AriaExecutor.h:94] AriaExecutor 5 exits. 
I0911 22:43:17.023155 2938093 AriaExecutor.h:94] AriaExecutor 12 exits. 
I0911 22:43:17.023162 2938085 AriaExecutor.h:94] AriaExecutor 4 exits. 
I0911 22:43:17.022292 2938061 AriaExecutor.h:535] Worker 0 latency: 883 us (50%) 1176 us (75%) 1408 us (95%) 1457 us (99%).
I0911 22:43:17.100965 2938061 AriaExecutor.h:535] Worker 1 latency: 882 us (50%) 1175 us (75%) 1407 us (95%) 1457 us (99%).
I0911 22:43:17.189635 2938061 AriaExecutor.h:535] Worker 2 latency: 887 us (50%) 1179 us (75%) 1408 us (95%) 1457 us (99%).
I0911 22:43:17.269307 2938061 AriaExecutor.h:535] Worker 3 latency: 884 us (50%) 1176 us (75%) 1407 us (95%) 1457 us (99%).
I0911 22:43:17.357276 2938061 AriaExecutor.h:535] Worker 4 latency: 884 us (50%) 1177 us (75%) 1409 us (95%) 1457 us (99%).
I0911 22:43:17.435438 2938061 AriaExecutor.h:535] Worker 5 latency: 881 us (50%) 1175 us (75%) 1407 us (95%) 1457 us (99%).
I0911 22:43:17.525214 2938061 AriaExecutor.h:535] Worker 6 latency: 888 us (50%) 1179 us (75%) 1409 us (95%) 1457 us (99%).
I0911 22:43:17.603675 2938061 AriaExecutor.h:535] Worker 7 latency: 883 us (50%) 1176 us (75%) 1407 us (95%) 1457 us (99%).
I0911 22:43:17.693156 2938061 AriaExecutor.h:535] Worker 8 latency: 884 us (50%) 1176 us (75%) 1408 us (95%) 1457 us (99%).
I0911 22:43:17.771318 2938061 AriaExecutor.h:535] Worker 9 latency: 881 us (50%) 1174 us (75%) 1407 us (95%) 1456 us (99%).
I0911 22:43:17.861068 2938061 AriaExecutor.h:535] Worker 10 latency: 887 us (50%) 1177 us (75%) 1408 us (95%) 1457 us (99%).
I0911 22:43:17.939860 2938061 AriaExecutor.h:535] Worker 11 latency: 883 us (50%) 1175 us (75%) 1407 us (95%) 1456 us (99%).
I0911 22:43:18.029325 2938061 AriaExecutor.h:535] Worker 12 latency: 886 us (50%) 1177 us (75%) 1408 us (95%) 1457 us (99%).
I0911 22:43:18.109066 2938061 AriaExecutor.h:535] Worker 13 latency: 878 us (50%) 1172 us (75%) 1406 us (95%) 1456 us (99%).
I0911 22:43:18.197440 2938061 AriaExecutor.h:535] Worker 14 latency: 890 us (50%) 1179 us (75%) 1408 us (95%) 1457 us (99%).
I0911 22:43:18.277438 2938061 AriaExecutor.h:535] Worker 15 latency: 884 us (50%) 1176 us (75%) 1407 us (95%) 1457 us (99%).
I0911 22:43:18.365445 2938061 Coordinator.h:177] total commit: 1.26841e+06
I0911 22:43:19.365557 2938061 Coordinator.h:192] Coordinator exits.
