I1126 13:22:13.875829 929331 Database.h:65] ycsb initialization finished in 30 milliseconds.
I1126 13:22:13.875928 929331 Coordinator.h:30] Coordinator initializes 12 workers.
I1126 13:22:13.883333 929331 Coordinator.h:77] Coordinator starts to run 13 workers.
I1126 13:22:13.883409 929347 AriaExecutor.h:82] AriaExecutor 0 started. 
I1126 13:22:13.883435 929348 AriaExecutor.h:82] AriaExecutor 1 started. 
I1126 13:22:13.883479 929349 AriaExecutor.h:82] AriaExecutor 2 started. 
I1126 13:22:13.883517 929350 AriaExecutor.h:82] AriaExecutor 3 started. 
I1126 13:22:13.883543 929351 AriaExecutor.h:82] AriaExecutor 4 started. 
I1126 13:22:13.883580 929352 AriaExecutor.h:82] AriaExecutor 5 started. 
I1126 13:22:13.883613 929353 AriaExecutor.h:82] AriaExecutor 6 started. 
I1126 13:22:13.883653 929354 AriaExecutor.h:82] AriaExecutor 7 started. 
I1126 13:22:13.883677 929355 AriaExecutor.h:82] AriaExecutor 8 started. 
I1126 13:22:13.883716 929356 AriaExecutor.h:82] AriaExecutor 9 started. 
I1126 13:22:13.883744 929357 AriaExecutor.h:82] AriaExecutor 10 started. 
I1126 13:22:13.883783 929358 AriaExecutor.h:82] AriaExecutor 11 started. 
I1126 13:22:13.883811 929359 Manager.h:224] Manager(worker id = 12) on the coordinator node started.
I1126 13:22:14.883862 929331 Coordinator.h:126] commit: 85484 abort: 161516 (0/161516/0), network size: 0, avg network size: 0, si_in_serializable: 0 0 %, local: 0 %
I1126 13:22:15.883977 929331 Coordinator.h:126] commit: 85115 abort: 160885 (0/160885/0), network size: 0, avg network size: 0, si_in_serializable: 0 0 %, local: 0 %
I1126 13:22:16.884111 929331 Coordinator.h:126] commit: 86530 abort: 163470 (0/163470/0), network size: 0, avg network size: 0, si_in_serializable: 0 0 %, local: 0 %
I1126 13:22:17.884214 929331 Coordinator.h:126] commit: 87005 abort: 163995 (0/163995/0), network size: 0, avg network size: 0, si_in_serializable: 0 0 %, local: 0 %
I1126 13:22:18.884295 929331 Coordinator.h:126] commit: 86710 abort: 163290 (0/163290/0), network size: 0, avg network size: 0, si_in_serializable: 0 0 %, local: 0 %
I1126 13:22:19.884383 929331 Coordinator.h:126] commit: 86271 abort: 163729 (0/163729/0), network size: 0, avg network size: 0, si_in_serializable: 0 0 %, local: 0 %
I1126 13:22:20.884512 929331 Coordinator.h:126] commit: 86608 abort: 163392 (0/163392/0), network size: 0, avg network size: 0, si_in_serializable: 0 0 %, local: 0 %
I1126 13:22:21.884611 929331 Coordinator.h:126] commit: 87034 abort: 164966 (0/164966/0), network size: 0, avg network size: 0, si_in_serializable: 0 0 %, local: 0 %
I1126 13:22:22.884690 929331 Coordinator.h:126] commit: 86860 abort: 164140 (0/164140/0), network size: 0, avg network size: 0, si_in_serializable: 0 0 %, local: 0 %
I1126 13:22:23.884783 929331 Coordinator.h:126] commit: 86683 abort: 164317 (0/164317/0), network size: 0, avg network size: 0, si_in_serializable: 0 0 %, local: 0 %
I1126 13:22:24.884904 929331 Coordinator.h:126] commit: 86497 abort: 163503 (0/163503/0), network size: 0, avg network size: 0, si_in_serializable: 0 0 %, local: 0 %
I1126 13:22:25.885020 929331 Coordinator.h:126] commit: 87375 abort: 164625 (0/164625/0), network size: 0, avg network size: 0, si_in_serializable: 0 0 %, local: 0 %
I1126 13:22:26.885118 929331 Coordinator.h:126] commit: 87091 abort: 163909 (0/163909/0), network size: 0, avg network size: 0, si_in_serializable: 0 0 %, local: 0 %
I1126 13:22:27.885206 929331 Coordinator.h:126] commit: 85820 abort: 162180 (0/162180/0), network size: 0, avg network size: 0, si_in_serializable: 0 0 %, local: 0 %
I1126 13:22:28.885314 929331 Coordinator.h:126] commit: 86843 abort: 163157 (0/163157/0), network size: 0, avg network size: 0, si_in_serializable: 0 0 %, local: 0 %
I1126 13:22:29.885412 929331 Coordinator.h:126] commit: 86690 abort: 163310 (0/163310/0), network size: 0, avg network size: 0, si_in_serializable: 0 0 %, local: 0 %
I1126 13:22:30.885517 929331 Coordinator.h:126] commit: 86723 abort: 163277 (0/163277/0), network size: 0, avg network size: 0, si_in_serializable: 0 0 %, local: 0 %
I1126 13:22:31.885605 929331 Coordinator.h:126] commit: 86973 abort: 163027 (0/163027/0), network size: 0, avg network size: 0, si_in_serializable: 0 0 %, local: 0 %
I1126 13:22:32.885681 929331 Coordinator.h:126] commit: 86069 abort: 161931 (0/161931/0), network size: 0, avg network size: 0, si_in_serializable: 0 0 %, local: 0 %
I1126 13:22:33.885768 929331 Coordinator.h:126] commit: 86250 abort: 162750 (0/162750/0), network size: 0, avg network size: 0, si_in_serializable: 0 0 %, local: 0 %
I1126 13:22:34.885887 929331 Coordinator.h:126] commit: 86922 abort: 163078 (0/163078/0), network size: 0, avg network size: 0, si_in_serializable: 0 0 %, local: 0 %
I1126 13:22:35.886000 929331 Coordinator.h:126] commit: 86936 abort: 164064 (0/164064/0), network size: 0, avg network size: 0, si_in_serializable: 0 0 %, local: 0 %
I1126 13:22:36.886114 929331 Coordinator.h:126] commit: 85772 abort: 162228 (0/162228/0), network size: 0, avg network size: 0, si_in_serializable: 0 0 %, local: 0 %
I1126 13:22:37.886224 929331 Coordinator.h:126] commit: 86358 abort: 163642 (0/163642/0), network size: 0, avg network size: 0, si_in_serializable: 0 0 %, local: 0 %
I1126 13:22:38.886350 929331 Coordinator.h:126] commit: 86934 abort: 164066 (0/164066/0), network size: 0, avg network size: 0, si_in_serializable: 0 0 %, local: 0 %
I1126 13:22:38.886379 929331 Coordinator.h:152] average commit: 86633.1 abort: 163167 (0/163167/0), network size: 0, avg network size: 0, si_in_serializable: 0 0 %, local: 0 %
I1126 13:22:38.889022 929347 AriaExecutor.h:94] AriaExecutor 0 exits. 
I1126 13:22:38.889032 929353 AriaExecutor.h:94] AriaExecutor 6 exits. 
I1126 13:22:38.889026 929359 Manager.h:227] Manager(worker id = 12) on the coordinator node exits.
I1126 13:22:38.889037 929350 AriaExecutor.h:94] AriaExecutor 3 exits. 
I1126 13:22:38.889024 929357 AriaExecutor.h:94] AriaExecutor 10 exits. 
I1126 13:22:38.889035 929349 AriaExecutor.h:94] AriaExecutor 2 exits. 
I1126 13:22:38.889038 929356 AriaExecutor.h:94] AriaExecutor 9 exits. 
I1126 13:22:38.889038 929352 AriaExecutor.h:94] AriaExecutor 5 exits. 
I1126 13:22:38.889039 929358 AriaExecutor.h:94] AriaExecutor 11 exits. 
I1126 13:22:38.889039 929348 AriaExecutor.h:94] AriaExecutor 1 exits. 
I1126 13:22:38.889026 929351 AriaExecutor.h:94] AriaExecutor 4 exits. 
I1126 13:22:38.889039 929354 AriaExecutor.h:94] AriaExecutor 7 exits. 
I1126 13:22:38.889032 929355 AriaExecutor.h:94] AriaExecutor 8 exits. 
I1126 13:22:38.886389 929331 AriaExecutor.h:535] Worker 0 latency: 3515 us (50%) 3720 us (75%) 3868 us (95%) 3943 us (99%).
I1126 13:22:38.895778 929331 AriaExecutor.h:535] Worker 1 latency: 3517 us (50%) 3721 us (75%) 3870 us (95%) 3945 us (99%).
I1126 13:22:38.905732 929331 AriaExecutor.h:535] Worker 2 latency: 3518 us (50%) 3721 us (75%) 3868 us (95%) 3944 us (99%).
I1126 13:22:38.915086 929331 AriaExecutor.h:535] Worker 3 latency: 3520 us (50%) 3722 us (75%) 3869 us (95%) 3943 us (99%).
I1126 13:22:38.924983 929331 AriaExecutor.h:535] Worker 4 latency: 3508 us (50%) 3712 us (75%) 3867 us (95%) 3942 us (99%).
I1126 13:22:38.934098 929331 AriaExecutor.h:535] Worker 5 latency: 3519 us (50%) 3722 us (75%) 3868 us (95%) 3943 us (99%).
I1126 13:22:38.944211 929331 AriaExecutor.h:535] Worker 6 latency: 3520 us (50%) 3720 us (75%) 3866 us (95%) 3941 us (99%).
I1126 13:22:38.953341 929331 AriaExecutor.h:535] Worker 7 latency: 3521 us (50%) 3722 us (75%) 3868 us (95%) 3942 us (99%).
I1126 13:22:38.963208 929331 AriaExecutor.h:535] Worker 8 latency: 3518 us (50%) 3721 us (75%) 3867 us (95%) 3942 us (99%).
I1126 13:22:38.972244 929331 AriaExecutor.h:535] Worker 9 latency: 3520 us (50%) 3722 us (75%) 3868 us (95%) 3942 us (99%).
I1126 13:22:38.982144 929331 AriaExecutor.h:535] Worker 10 latency: 3515 us (50%) 3719 us (75%) 3866 us (95%) 3940 us (99%).
I1126 13:22:38.991343 929331 AriaExecutor.h:535] Worker 11 latency: 3522 us (50%) 3723 us (75%) 3869 us (95%) 3943 us (99%).
I1126 13:22:39.001480 929331 Coordinator.h:177] total commit: 86633.1
I1126 13:22:40.001601 929331 Coordinator.h:192] Coordinator exits.
