I1126 18:10:56.732026 1069749 Database.h:65] ycsb initialization finished in 29 milliseconds.
I1126 18:10:56.732118 1069749 Coordinator.h:30] Coordinator initializes 12 workers.
I1126 18:10:56.738970 1069749 Coordinator.h:77] Coordinator starts to run 13 workers.
I1126 18:10:56.739022 1069765 AriaExecutor.h:91] AriaExecutor 0 started. 
I1126 18:10:56.739053 1069766 AriaExecutor.h:91] AriaExecutor 1 started. 
I1126 18:10:56.739087 1069767 AriaExecutor.h:91] AriaExecutor 2 started. 
I1126 18:10:56.739132 1069768 AriaExecutor.h:91] AriaExecutor 3 started. 
I1126 18:10:56.739163 1069769 AriaExecutor.h:91] AriaExecutor 4 started. 
I1126 18:10:56.739216 1069770 AriaExecutor.h:91] AriaExecutor 5 started. 
I1126 18:10:56.739265 1069771 AriaExecutor.h:91] AriaExecutor 6 started. 
I1126 18:10:56.739317 1069772 AriaExecutor.h:91] AriaExecutor 7 started. 
I1126 18:10:56.739364 1069773 AriaExecutor.h:91] AriaExecutor 8 started. 
I1126 18:10:56.739418 1069774 AriaExecutor.h:91] AriaExecutor 9 started. 
I1126 18:10:56.739470 1069775 AriaExecutor.h:91] AriaExecutor 10 started. 
I1126 18:10:56.739524 1069776 AriaExecutor.h:91] AriaExecutor 11 started. 
I1126 18:10:56.739566 1069777 Manager.h:224] Manager(worker id = 12) on the coordinator node started.
I1126 18:10:57.739631 1069749 Coordinator.h:126] commit: 756580 abort: 593420 (0/593420/0), network size: 0, avg network size: 0, si_in_serializable: 0 0 %, local: 0 %
I1126 18:10:58.739763 1069749 Coordinator.h:126] commit: 755992 abort: 594008 (0/594008/0), network size: 0, avg network size: 0, si_in_serializable: 0 0 %, local: 0 %
I1126 18:10:59.739892 1069749 Coordinator.h:126] commit: 762529 abort: 597471 (0/597471/0), network size: 0, avg network size: 0, si_in_serializable: 0 0 %, local: 0 %
I1126 18:11:00.739997 1069749 Coordinator.h:126] commit: 767173 abort: 602827 (0/602827/0), network size: 0, avg network size: 0, si_in_serializable: 0 0 %, local: 0 %
I1126 18:11:01.740119 1069749 Coordinator.h:126] commit: 762187 abort: 597813 (0/597813/0), network size: 0, avg network size: 0, si_in_serializable: 0 0 %, local: 0 %
I1126 18:11:02.740219 1069749 Coordinator.h:126] commit: 756687 abort: 593313 (0/593313/0), network size: 0, avg network size: 0, si_in_serializable: 0 0 %, local: 0 %
I1126 18:11:03.740342 1069749 Coordinator.h:126] commit: 762114 abort: 597886 (0/597886/0), network size: 0, avg network size: 0, si_in_serializable: 0 0 %, local: 0 %
I1126 18:11:04.740449 1069749 Coordinator.h:126] commit: 761919 abort: 598081 (0/598081/0), network size: 0, avg network size: 0, si_in_serializable: 0 0 %, local: 0 %
I1126 18:11:05.740554 1069749 Coordinator.h:126] commit: 750446 abort: 589554 (0/589554/0), network size: 0, avg network size: 0, si_in_serializable: 0 0 %, local: 0 %
I1126 18:11:06.740654 1069749 Coordinator.h:126] commit: 767071 abort: 602929 (0/602929/0), network size: 0, avg network size: 0, si_in_serializable: 0 0 %, local: 0 %
I1126 18:11:07.740753 1069749 Coordinator.h:126] commit: 768050 abort: 601950 (0/601950/0), network size: 0, avg network size: 0, si_in_serializable: 0 0 %, local: 0 %
I1126 18:11:08.740852 1069749 Coordinator.h:126] commit: 762198 abort: 597802 (0/597802/0), network size: 0, avg network size: 0, si_in_serializable: 0 0 %, local: 0 %
I1126 18:11:09.740952 1069749 Coordinator.h:126] commit: 767191 abort: 602809 (0/602809/0), network size: 0, avg network size: 0, si_in_serializable: 0 0 %, local: 0 %
I1126 18:11:10.741050 1069749 Coordinator.h:126] commit: 756654 abort: 593346 (0/593346/0), network size: 0, avg network size: 0, si_in_serializable: 0 0 %, local: 0 %
I1126 18:11:11.741153 1069749 Coordinator.h:126] commit: 767859 abort: 602141 (0/602141/0), network size: 0, avg network size: 0, si_in_serializable: 0 0 %, local: 0 %
I1126 18:11:12.741277 1069749 Coordinator.h:126] commit: 755753 abort: 594247 (0/594247/0), network size: 0, avg network size: 0, si_in_serializable: 0 0 %, local: 0 %
I1126 18:11:13.741384 1069749 Coordinator.h:126] commit: 734861 abort: 575139 (0/575139/0), network size: 0, avg network size: 0, si_in_serializable: 0 0 %, local: 0 %
I1126 18:11:14.741487 1069749 Coordinator.h:126] commit: 761755 abort: 598245 (0/598245/0), network size: 0, avg network size: 0, si_in_serializable: 0 0 %, local: 0 %
I1126 18:11:15.741585 1069749 Coordinator.h:126] commit: 767446 abort: 602554 (0/602554/0), network size: 0, avg network size: 0, si_in_serializable: 0 0 %, local: 0 %
I1126 18:11:16.741681 1069749 Coordinator.h:126] commit: 763386 abort: 597495 (0/597495/0), network size: 0, avg network size: 0, si_in_serializable: 0 0 %, local: 0 %
I1126 18:11:17.741780 1069749 Coordinator.h:126] commit: 766573 abort: 602546 (0/602546/0), network size: 0, avg network size: 0, si_in_serializable: 0 0 %, local: 0 %
I1126 18:11:18.741878 1069749 Coordinator.h:126] commit: 762072 abort: 597928 (0/597928/0), network size: 0, avg network size: 0, si_in_serializable: 0 0 %, local: 0 %
I1126 18:11:19.741974 1069749 Coordinator.h:126] commit: 766840 abort: 603160 (0/603160/0), network size: 0, avg network size: 0, si_in_serializable: 0 0 %, local: 0 %
I1126 18:11:20.742072 1069749 Coordinator.h:126] commit: 761187 abort: 598813 (0/598813/0), network size: 0, avg network size: 0, si_in_serializable: 0 0 %, local: 0 %
I1126 18:11:21.742170 1069749 Coordinator.h:126] commit: 764823 abort: 599376 (0/599376/0), network size: 0, avg network size: 0, si_in_serializable: 0 0 %, local: 0 %
I1126 18:11:21.742197 1069749 Coordinator.h:152] average commit: 760515 abort: 596573 (0/596573/0), network size: 0, avg network size: 0, si_in_serializable: 0 0 %, local: 0 %
I1126 18:11:21.742492 1069777 Manager.h:227] Manager(worker id = 12) on the coordinator node exits.
I1126 18:11:21.742496 1069765 AriaExecutor.h:103] AriaExecutor 0 exits. 
I1126 18:11:21.742499 1069773 AriaExecutor.h:103] AriaExecutor 8 exits. 
I1126 18:11:21.742493 1069767 AriaExecutor.h:103] AriaExecutor 2 exits. 
I1126 18:11:21.742512 1069770 AriaExecutor.h:103] AriaExecutor 5 exits. 
I1126 18:11:21.742496 1069775 AriaExecutor.h:103] AriaExecutor 10 exits. 
I1126 18:11:21.742501 1069769 AriaExecutor.h:103] AriaExecutor 4 exits. 
I1126 18:11:21.742511 1069768 AriaExecutor.h:103] AriaExecutor 3 exits. 
I1126 18:11:21.742511 1069776 AriaExecutor.h:103] AriaExecutor 11 exits. 
I1126 18:11:21.742511 1069772 AriaExecutor.h:103] AriaExecutor 7 exits. 
I1126 18:11:21.742511 1069766 AriaExecutor.h:103] AriaExecutor 1 exits. 
I1126 18:11:21.742512 1069774 AriaExecutor.h:103] AriaExecutor 9 exits. 
I1126 18:11:21.742501 1069771 AriaExecutor.h:103] AriaExecutor 6 exits. 
I1126 18:11:21.742206 1069749 AriaExecutor.h:621] Worker 0 latency: 5963 us (50%) 6373 us (75%) 6637 us (95%) 6744 us (99%).
I1126 18:11:21.806957 1069749 AriaExecutor.h:621] Worker 1 latency: 5955 us (50%) 6369 us (75%) 6634 us (95%) 6739 us (99%).
I1126 18:11:21.879731 1069749 AriaExecutor.h:621] Worker 2 latency: 5968 us (50%) 6375 us (75%) 6636 us (95%) 6742 us (99%).
I1126 18:11:21.944617 1069749 AriaExecutor.h:621] Worker 3 latency: 5953 us (50%) 6368 us (75%) 6634 us (95%) 6741 us (99%).
I1126 18:11:22.016757 1069749 AriaExecutor.h:621] Worker 4 latency: 5962 us (50%) 6372 us (75%) 6635 us (95%) 6739 us (99%).
I1126 18:11:22.081660 1069749 AriaExecutor.h:621] Worker 5 latency: 5953 us (50%) 6368 us (75%) 6634 us (95%) 6739 us (99%).
I1126 18:11:22.153507 1069749 AriaExecutor.h:621] Worker 6 latency: 5960 us (50%) 6370 us (75%) 6634 us (95%) 6740 us (99%).
I1126 18:11:22.218490 1069749 AriaExecutor.h:621] Worker 7 latency: 5954 us (50%) 6368 us (75%) 6633 us (95%) 6737 us (99%).
I1126 18:11:22.291033 1069749 AriaExecutor.h:621] Worker 8 latency: 5962 us (50%) 6373 us (75%) 6636 us (95%) 6744 us (99%).
I1126 18:11:22.356267 1069749 AriaExecutor.h:621] Worker 9 latency: 5959 us (50%) 6371 us (75%) 6634 us (95%) 6738 us (99%).
I1126 18:11:22.431243 1069749 AriaExecutor.h:621] Worker 10 latency: 5967 us (50%) 6375 us (75%) 6636 us (95%) 6740 us (99%).
I1126 18:11:22.497325 1069749 AriaExecutor.h:621] Worker 11 latency: 5949 us (50%) 6366 us (75%) 6633 us (95%) 6738 us (99%).
I1126 18:11:22.571204 1069749 Coordinator.h:177] total commit: 760515
I1126 18:11:23.571317 1069749 Coordinator.h:192] Coordinator exits.
