I0911 22:27:48.728588 2935229 Database.h:65] ycsb initialization finished in 175 milliseconds.
I0911 22:27:48.728704 2935229 Coordinator.h:30] Coordinator initializes 16 workers.
I0911 22:27:48.736534 2935229 Coordinator.h:77] Coordinator starts to run 17 workers.
I0911 22:27:48.736595 2935250 AriaExecutor.h:82] AriaExecutor 0 started. 
I0911 22:27:48.736632 2935251 AriaExecutor.h:82] AriaExecutor 1 started. 
I0911 22:27:48.736680 2935252 AriaExecutor.h:82] AriaExecutor 2 started. 
I0911 22:27:48.736727 2935253 AriaExecutor.h:82] AriaExecutor 3 started. 
I0911 22:27:48.736756 2935254 AriaExecutor.h:82] AriaExecutor 4 started. 
I0911 22:27:48.736802 2935255 AriaExecutor.h:82] AriaExecutor 5 started. 
I0911 22:27:48.736828 2935256 AriaExecutor.h:82] AriaExecutor 6 started. 
I0911 22:27:48.736872 2935257 AriaExecutor.h:82] AriaExecutor 7 started. 
I0911 22:27:48.736915 2935258 AriaExecutor.h:82] AriaExecutor 8 started. 
I0911 22:27:48.736964 2935259 AriaExecutor.h:82] AriaExecutor 9 started. 
I0911 22:27:48.737002 2935260 AriaExecutor.h:82] AriaExecutor 10 started. 
I0911 22:27:48.737043 2935261 AriaExecutor.h:82] AriaExecutor 11 started. 
I0911 22:27:48.737087 2935262 AriaExecutor.h:82] AriaExecutor 12 started. 
I0911 22:27:48.737128 2935263 AriaExecutor.h:82] AriaExecutor 13 started. 
I0911 22:27:48.737169 2935264 AriaExecutor.h:82] AriaExecutor 14 started. 
I0911 22:27:48.737210 2935265 AriaExecutor.h:82] AriaExecutor 15 started. 
I0911 22:27:48.737241 2935266 Manager.h:224] Manager(worker id = 16) on the coordinator node started.
I0911 22:27:49.737282 2935229 Coordinator.h:126] commit: 1322291 abort: 2763 (0/2763/0), network size: 0, avg network size: 0, si_in_serializable: 0 0 %, local: 0 %
I0911 22:27:50.737365 2935229 Coordinator.h:126] commit: 1302716 abort: 2886 (0/2886/0), network size: 0, avg network size: 0, si_in_serializable: 0 0 %, local: 0 %
I0911 22:27:51.737438 2935229 Coordinator.h:126] commit: 1268118 abort: 2666 (0/2666/0), network size: 0, avg network size: 0, si_in_serializable: 0 0 %, local: 0 %
I0911 22:27:52.737498 2935229 Coordinator.h:126] commit: 1275240 abort: 2712 (0/2712/0), network size: 0, avg network size: 0, si_in_serializable: 0 0 %, local: 0 %
I0911 22:27:53.737581 2935229 Coordinator.h:126] commit: 1322183 abort: 2873 (0/2873/0), network size: 0, avg network size: 0, si_in_serializable: 0 0 %, local: 0 %
I0911 22:27:54.737648 2935229 Coordinator.h:126] commit: 1330393 abort: 2855 (0/2855/0), network size: 0, avg network size: 0, si_in_serializable: 0 0 %, local: 0 %
I0911 22:27:55.737716 2935229 Coordinator.h:126] commit: 1314000 abort: 2864 (0/2864/0), network size: 0, avg network size: 0, si_in_serializable: 0 0 %, local: 0 %
I0911 22:27:56.737776 2935229 Coordinator.h:126] commit: 1325380 abort: 2748 (0/2748/0), network size: 0, avg network size: 0, si_in_serializable: 0 0 %, local: 0 %
I0911 22:27:57.737835 2935229 Coordinator.h:126] commit: 1331408 abort: 2864 (0/2864/0), network size: 0, avg network size: 0, si_in_serializable: 0 0 %, local: 0 %
I0911 22:27:58.737895 2935229 Coordinator.h:126] commit: 1331522 abort: 2750 (0/2750/0), network size: 0, avg network size: 0, si_in_serializable: 0 0 %, local: 0 %
I0911 22:27:59.737963 2935229 Coordinator.h:126] commit: 1296604 abort: 2852 (0/2852/0), network size: 0, avg network size: 0, si_in_serializable: 0 0 %, local: 0 %
I0911 22:28:00.738024 2935229 Coordinator.h:126] commit: 1291479 abort: 2857 (0/2857/0), network size: 0, avg network size: 0, si_in_serializable: 0 0 %, local: 0 %
I0911 22:28:01.738101 2935229 Coordinator.h:126] commit: 1271090 abort: 2766 (0/2766/0), network size: 0, avg network size: 0, si_in_serializable: 0 0 %, local: 0 %
I0911 22:28:02.738165 2935229 Coordinator.h:126] commit: 1330373 abort: 2875 (0/2875/0), network size: 0, avg network size: 0, si_in_serializable: 0 0 %, local: 0 %
I0911 22:28:03.738233 2935229 Coordinator.h:126] commit: 1329474 abort: 2750 (0/2750/0), network size: 0, avg network size: 0, si_in_serializable: 0 0 %, local: 0 %
I0911 22:28:04.738297 2935229 Coordinator.h:126] commit: 1329465 abort: 2759 (0/2759/0), network size: 0, avg network size: 0, si_in_serializable: 0 0 %, local: 0 %
I0911 22:28:05.738355 2935229 Coordinator.h:126] commit: 1329497 abort: 2727 (0/2727/0), network size: 0, avg network size: 0, si_in_serializable: 0 0 %, local: 0 %
I0911 22:28:06.738415 2935229 Coordinator.h:126] commit: 1330369 abort: 2879 (0/2879/0), network size: 0, avg network size: 0, si_in_serializable: 0 0 %, local: 0 %
I0911 22:28:07.738484 2935229 Coordinator.h:126] commit: 1326442 abort: 2710 (0/2710/0), network size: 0, avg network size: 0, si_in_serializable: 0 0 %, local: 0 %
I0911 22:28:08.738545 2935229 Coordinator.h:126] commit: 1328429 abort: 2771 (0/2771/0), network size: 0, avg network size: 0, si_in_serializable: 0 0 %, local: 0 %
I0911 22:28:09.738605 2935229 Coordinator.h:126] commit: 1327397 abort: 2779 (0/2779/0), network size: 0, avg network size: 0, si_in_serializable: 0 0 %, local: 0 %
I0911 22:28:10.738665 2935229 Coordinator.h:126] commit: 1330336 abort: 2912 (0/2912/0), network size: 0, avg network size: 0, si_in_serializable: 0 0 %, local: 0 %
I0911 22:28:11.738734 2935229 Coordinator.h:126] commit: 1330278 abort: 2970 (0/2970/0), network size: 0, avg network size: 0, si_in_serializable: 0 0 %, local: 0 %
I0911 22:28:12.738793 2935229 Coordinator.h:126] commit: 1330404 abort: 2844 (0/2844/0), network size: 0, avg network size: 0, si_in_serializable: 0 0 %, local: 0 %
I0911 22:28:13.738852 2935229 Coordinator.h:126] commit: 1330318 abort: 2930 (0/2930/0), network size: 0, avg network size: 0, si_in_serializable: 0 0 %, local: 0 %
I0911 22:28:13.738860 2935229 Coordinator.h:152] average commit: 1.31632e+06 abort: 2794.6 (0/2794.6/0), network size: 0, avg network size: 0, si_in_serializable: 0 0 %, local: 0 %
I0911 22:28:13.738936 2935266 Manager.h:227] Manager(worker id = 16) on the coordinator node exits.
I0911 22:28:13.738933 2935250 AriaExecutor.h:94] AriaExecutor 0 exits. 
I0911 22:28:13.738932 2935252 AriaExecutor.h:94] AriaExecutor 2 exits. 
I0911 22:28:13.738933 2935260 AriaExecutor.h:94] AriaExecutor 10 exits. 
I0911 22:28:13.738932 2935256 AriaExecutor.h:94] AriaExecutor 6 exits. 
I0911 22:28:13.738948 2935255 AriaExecutor.h:94] AriaExecutor 5 exits. 
I0911 22:28:13.738937 2935258 AriaExecutor.h:94] AriaExecutor 8 exits. 
I0911 22:28:13.738951 2935259 AriaExecutor.h:94] AriaExecutor 9 exits. 
I0911 22:28:13.738933 2935262 AriaExecutor.h:94] AriaExecutor 12 exits. 
I0911 22:28:13.738951 2935265 AriaExecutor.h:94] AriaExecutor 15 exits. 
I0911 22:28:13.738951 2935261 AriaExecutor.h:94] AriaExecutor 11 exits. 
I0911 22:28:13.738947 2935251 AriaExecutor.h:94] AriaExecutor 1 exits. 
I0911 22:28:13.738951 2935263 AriaExecutor.h:94] AriaExecutor 13 exits. 
I0911 22:28:13.738950 2935257 AriaExecutor.h:94] AriaExecutor 7 exits. 
I0911 22:28:13.738937 2935254 AriaExecutor.h:94] AriaExecutor 4 exits. 
I0911 22:28:13.738933 2935264 AriaExecutor.h:94] AriaExecutor 14 exits. 
I0911 22:28:13.738952 2935253 AriaExecutor.h:94] AriaExecutor 3 exits. 
I0911 22:28:13.738868 2935229 AriaExecutor.h:535] Worker 0 latency: 437 us (50%) 588 us (75%) 709 us (95%) 736 us (99%).
I0911 22:28:13.818632 2935229 AriaExecutor.h:535] Worker 1 latency: 436 us (50%) 586 us (75%) 708 us (95%) 735 us (99%).
I0911 22:28:13.907023 2935229 AriaExecutor.h:535] Worker 2 latency: 440 us (50%) 589 us (75%) 709 us (95%) 736 us (99%).
I0911 22:28:13.987179 2935229 AriaExecutor.h:535] Worker 3 latency: 435 us (50%) 586 us (75%) 708 us (95%) 735 us (99%).
I0911 22:28:14.076017 2935229 AriaExecutor.h:535] Worker 4 latency: 438 us (50%) 588 us (75%) 709 us (95%) 736 us (99%).
I0911 22:28:14.155251 2935229 AriaExecutor.h:535] Worker 5 latency: 435 us (50%) 586 us (75%) 708 us (95%) 735 us (99%).
I0911 22:28:14.242969 2935229 AriaExecutor.h:535] Worker 6 latency: 439 us (50%) 588 us (75%) 709 us (95%) 736 us (99%).
I0911 22:28:14.321211 2935229 AriaExecutor.h:535] Worker 7 latency: 435 us (50%) 586 us (75%) 708 us (95%) 735 us (99%).
I0911 22:28:14.412307 2935229 AriaExecutor.h:535] Worker 8 latency: 438 us (50%) 587 us (75%) 709 us (95%) 736 us (99%).
I0911 22:28:14.491683 2935229 AriaExecutor.h:535] Worker 9 latency: 434 us (50%) 585 us (75%) 708 us (95%) 735 us (99%).
I0911 22:28:14.580035 2935229 AriaExecutor.h:535] Worker 10 latency: 440 us (50%) 588 us (75%) 709 us (95%) 736 us (99%).
I0911 22:28:14.659467 2935229 AriaExecutor.h:535] Worker 11 latency: 434 us (50%) 585 us (75%) 708 us (95%) 735 us (99%).
I0911 22:28:14.748059 2935229 AriaExecutor.h:535] Worker 12 latency: 436 us (50%) 588 us (75%) 709 us (95%) 736 us (99%).
I0911 22:28:14.827772 2935229 AriaExecutor.h:535] Worker 13 latency: 433 us (50%) 584 us (75%) 708 us (95%) 735 us (99%).
I0911 22:28:14.917650 2935229 AriaExecutor.h:535] Worker 14 latency: 439 us (50%) 588 us (75%) 709 us (95%) 736 us (99%).
I0911 22:28:14.997128 2935229 AriaExecutor.h:535] Worker 15 latency: 435 us (50%) 585 us (75%) 708 us (95%) 735 us (99%).
I0911 22:28:15.086155 2935229 Coordinator.h:177] total commit: 1.31632e+06
I0911 22:28:16.086270 2935229 Coordinator.h:192] Coordinator exits.
