I1126 15:26:28.505183 1005365 Database.h:65] ycsb initialization finished in 30 milliseconds.
I1126 15:26:28.505283 1005365 Coordinator.h:30] Coordinator initializes 12 workers.
I1126 15:26:28.506187 1005365 Coordinator.h:77] Coordinator starts to run 13 workers.
I1126 15:26:28.506242 1005381 AriaExecutor.h:95] AriaExecutor 0 started. 
I1126 15:26:28.506269 1005382 AriaExecutor.h:95] AriaExecutor 1 started. 
I1126 15:26:28.506332 1005383 AriaExecutor.h:95] AriaExecutor 2 started. 
I1126 15:26:28.506376 1005384 AriaExecutor.h:95] AriaExecutor 3 started. 
I1126 15:26:28.506417 1005385 AriaExecutor.h:95] AriaExecutor 4 started. 
I1126 15:26:28.506486 1005386 AriaExecutor.h:95] AriaExecutor 5 started. 
I1126 15:26:28.506533 1005387 AriaExecutor.h:95] AriaExecutor 6 started. 
I1126 15:26:28.506582 1005388 AriaExecutor.h:95] AriaExecutor 7 started. 
I1126 15:26:28.506629 1005389 AriaExecutor.h:95] AriaExecutor 8 started. 
I1126 15:26:28.506680 1005390 AriaExecutor.h:95] AriaExecutor 9 started. 
I1126 15:26:28.506723 1005391 AriaExecutor.h:95] AriaExecutor 10 started. 
I1126 15:26:28.506783 1005392 AriaExecutor.h:95] AriaExecutor 11 started. 
I1126 15:26:28.506830 1005393 Manager.h:224] Manager(worker id = 12) on the coordinator node started.
I1126 15:26:29.506896 1005365 Coordinator.h:126] commit: 1839347 abort: 28667 (0/28667/0), network size: 0, avg network size: 0, si_in_serializable: 0 0 %, local: 0 %
I1126 15:26:30.507015 1005365 Coordinator.h:126] commit: 1813748 abort: 28238 (0/28238/0), network size: 0, avg network size: 0, si_in_serializable: 0 0 %, local: 0 %
I1126 15:26:31.507141 1005365 Coordinator.h:126] commit: 1857289 abort: 28922 (0/28922/0), network size: 0, avg network size: 0, si_in_serializable: 0 0 %, local: 0 %
I1126 15:26:32.507248 1005365 Coordinator.h:126] commit: 1828299 abort: 28489 (0/28489/0), network size: 0, avg network size: 0, si_in_serializable: 0 0 %, local: 0 %
I1126 15:26:33.507347 1005365 Coordinator.h:126] commit: 1863519 abort: 28481 (0/28481/0), network size: 0, avg network size: 0, si_in_serializable: 0 0 %, local: 0 %
I1126 15:26:34.507445 1005365 Coordinator.h:126] commit: 1859047 abort: 28953 (0/28953/0), network size: 0, avg network size: 0, si_in_serializable: 0 0 %, local: 0 %
I1126 15:26:35.507572 1005365 Coordinator.h:126] commit: 1738132 abort: 26867 (0/26867/0), network size: 0, avg network size: 0, si_in_serializable: 0 0 %, local: 0 %
I1126 15:26:36.507680 1005365 Coordinator.h:126] commit: 1860925 abort: 29076 (0/29076/0), network size: 0, avg network size: 0, si_in_serializable: 0 0 %, local: 0 %
I1126 15:26:37.507779 1005365 Coordinator.h:126] commit: 1860263 abort: 29232 (0/29232/0), network size: 0, avg network size: 0, si_in_serializable: 0 0 %, local: 0 %
I1126 15:26:38.507875 1005365 Coordinator.h:126] commit: 1864493 abort: 29012 (0/29012/0), network size: 0, avg network size: 0, si_in_serializable: 0 0 %, local: 0 %
I1126 15:26:39.507972 1005365 Coordinator.h:126] commit: 1859750 abort: 29250 (0/29250/0), network size: 0, avg network size: 0, si_in_serializable: 0 0 %, local: 0 %
I1126 15:26:40.508071 1005365 Coordinator.h:126] commit: 1859224 abort: 28776 (0/28776/0), network size: 0, avg network size: 0, si_in_serializable: 0 0 %, local: 0 %
I1126 15:26:41.508169 1005365 Coordinator.h:126] commit: 1836512 abort: 28488 (0/28488/0), network size: 0, avg network size: 0, si_in_serializable: 0 0 %, local: 0 %
I1126 15:26:42.508270 1005365 Coordinator.h:126] commit: 1586337 abort: 24663 (0/24663/0), network size: 0, avg network size: 0, si_in_serializable: 0 0 %, local: 0 %
I1126 15:26:43.508370 1005365 Coordinator.h:126] commit: 1859336 abort: 28664 (0/28664/0), network size: 0, avg network size: 0, si_in_serializable: 0 0 %, local: 0 %
I1126 15:26:44.508497 1005365 Coordinator.h:126] commit: 1856614 abort: 28386 (0/28386/0), network size: 0, avg network size: 0, si_in_serializable: 0 0 %, local: 0 %
I1126 15:26:45.508605 1005365 Coordinator.h:126] commit: 1855865 abort: 29135 (0/29135/0), network size: 0, avg network size: 0, si_in_serializable: 0 0 %, local: 0 %
I1126 15:26:46.508705 1005365 Coordinator.h:126] commit: 1863192 abort: 28808 (0/28808/0), network size: 0, avg network size: 0, si_in_serializable: 0 0 %, local: 0 %
I1126 15:26:47.508802 1005365 Coordinator.h:126] commit: 1858425 abort: 28575 (0/28575/0), network size: 0, avg network size: 0, si_in_serializable: 0 0 %, local: 0 %
I1126 15:26:48.508901 1005365 Coordinator.h:126] commit: 1861693 abort: 28958 (0/28958/0), network size: 0, avg network size: 0, si_in_serializable: 0 0 %, local: 0 %
I1126 15:26:49.508999 1005365 Coordinator.h:126] commit: 1857410 abort: 28939 (0/28939/0), network size: 0, avg network size: 0, si_in_serializable: 0 0 %, local: 0 %
I1126 15:26:50.509097 1005365 Coordinator.h:126] commit: 1860800 abort: 29200 (0/29200/0), network size: 0, avg network size: 0, si_in_serializable: 0 0 %, local: 0 %
I1126 15:26:51.509194 1005365 Coordinator.h:126] commit: 1859051 abort: 28949 (0/28949/0), network size: 0, avg network size: 0, si_in_serializable: 0 0 %, local: 0 %
I1126 15:26:52.509294 1005365 Coordinator.h:126] commit: 1862225 abort: 28775 (0/28775/0), network size: 0, avg network size: 0, si_in_serializable: 0 0 %, local: 0 %
I1126 15:26:53.509392 1005365 Coordinator.h:126] commit: 1855063 abort: 28937 (0/28937/0), network size: 0, avg network size: 0, si_in_serializable: 0 0 %, local: 0 %
I1126 15:26:53.509414 1005365 Coordinator.h:152] average commit: 1.82969e+06 abort: 28370.3 (0/28370.3/0), network size: 0, avg network size: 0, si_in_serializable: 0 0 %, local: 0 %
I1126 15:26:53.510068 1005391 AriaExecutor.h:107] AriaExecutor 10 exits. 
I1126 15:26:53.510074 1005381 AriaExecutor.h:107] AriaExecutor 0 exits. 
I1126 15:26:53.510069 1005387 AriaExecutor.h:107] AriaExecutor 6 exits. 
I1126 15:26:53.510072 1005393 Manager.h:227] Manager(worker id = 12) on the coordinator node exits.
I1126 15:26:53.510082 1005388 AriaExecutor.h:107] AriaExecutor 7 exits. 
I1126 15:26:53.510074 1005385 AriaExecutor.h:107] AriaExecutor 4 exits. 
I1126 15:26:53.510087 1005384 AriaExecutor.h:107] AriaExecutor 3 exits. 
I1126 15:26:53.510084 1005386 AriaExecutor.h:107] AriaExecutor 5 exits. 
I1126 15:26:53.510071 1005389 AriaExecutor.h:107] AriaExecutor 8 exits. 
I1126 15:26:53.510087 1005390 AriaExecutor.h:107] AriaExecutor 9 exits. 
I1126 15:26:53.510087 1005382 AriaExecutor.h:107] AriaExecutor 1 exits. 
I1126 15:26:53.510087 1005383 AriaExecutor.h:107] AriaExecutor 2 exits. 
I1126 15:26:53.510083 1005392 AriaExecutor.h:107] AriaExecutor 11 exits. 
I1126 15:26:53.509428 1005365 AriaExecutor.h:705] Worker 0 latency: 361 us (50%) 417 us (75%) 465 us (95%) 480 us (99%).
I1126 15:26:53.653983 1005365 AriaExecutor.h:705] Worker 1 latency: 360 us (50%) 416 us (75%) 464 us (95%) 479 us (99%).
I1126 15:26:53.794644 1005365 AriaExecutor.h:705] Worker 2 latency: 361 us (50%) 416 us (75%) 465 us (95%) 480 us (99%).
I1126 15:26:53.937184 1005365 AriaExecutor.h:705] Worker 3 latency: 362 us (50%) 417 us (75%) 464 us (95%) 479 us (99%).
I1126 15:26:54.072638 1005365 AriaExecutor.h:705] Worker 4 latency: 363 us (50%) 418 us (75%) 465 us (95%) 480 us (99%).
I1126 15:26:54.211493 1005365 AriaExecutor.h:705] Worker 5 latency: 361 us (50%) 416 us (75%) 463 us (95%) 479 us (99%).
I1126 15:26:54.350337 1005365 AriaExecutor.h:705] Worker 6 latency: 366 us (50%) 419 us (75%) 465 us (95%) 480 us (99%).
I1126 15:26:54.490656 1005365 AriaExecutor.h:705] Worker 7 latency: 362 us (50%) 416 us (75%) 463 us (95%) 479 us (99%).
I1126 15:26:54.625281 1005365 AriaExecutor.h:705] Worker 8 latency: 364 us (50%) 418 us (75%) 465 us (95%) 480 us (99%).
I1126 15:26:54.766618 1005365 AriaExecutor.h:705] Worker 9 latency: 363 us (50%) 417 us (75%) 464 us (95%) 479 us (99%).
I1126 15:26:54.902419 1005365 AriaExecutor.h:705] Worker 10 latency: 365 us (50%) 419 us (75%) 465 us (95%) 480 us (99%).
I1126 15:26:55.046561 1005365 AriaExecutor.h:705] Worker 11 latency: 364 us (50%) 418 us (75%) 464 us (95%) 479 us (99%).
I1126 15:26:55.193010 1005365 Coordinator.h:177] total commit: 1.82969e+06
I1126 15:26:56.193121 1005365 Coordinator.h:192] Coordinator exits.
