I0911 23:48:57.114897 2950820 Database.h:65] ycsb initialization finished in 196 milliseconds.
I0911 23:48:57.115010 2950820 Coordinator.h:30] Coordinator initializes 16 workers.
I0911 23:48:57.145454 2950820 Coordinator.h:77] Coordinator starts to run 17 workers.
I0911 23:48:57.145515 2950840 AriaExecutor.h:82] AriaExecutor 0 started. 
I0911 23:48:57.145550 2950841 AriaExecutor.h:82] AriaExecutor 1 started. 
I0911 23:48:57.145593 2950842 AriaExecutor.h:82] AriaExecutor 2 started. 
I0911 23:48:57.145648 2950843 AriaExecutor.h:82] AriaExecutor 3 started. 
I0911 23:48:57.145664 2950844 AriaExecutor.h:82] AriaExecutor 4 started. 
I0911 23:48:57.145714 2950845 AriaExecutor.h:82] AriaExecutor 5 started. 
I0911 23:48:57.145742 2950846 AriaExecutor.h:82] AriaExecutor 6 started. 
I0911 23:48:57.145782 2950847 AriaExecutor.h:82] AriaExecutor 7 started. 
I0911 23:48:57.145817 2950848 AriaExecutor.h:82] AriaExecutor 8 started. 
I0911 23:48:57.145856 2950849 AriaExecutor.h:82] AriaExecutor 9 started. 
I0911 23:48:57.145888 2950850 AriaExecutor.h:82] AriaExecutor 10 started. 
I0911 23:48:57.145938 2950851 AriaExecutor.h:82] AriaExecutor 11 started. 
I0911 23:48:57.145975 2950852 AriaExecutor.h:82] AriaExecutor 12 started. 
I0911 23:48:57.146019 2950853 AriaExecutor.h:82] AriaExecutor 13 started. 
I0911 23:48:57.146055 2950854 AriaExecutor.h:82] AriaExecutor 14 started. 
I0911 23:48:57.146095 2950855 AriaExecutor.h:82] AriaExecutor 15 started. 
I0911 23:48:57.146131 2950856 Manager.h:224] Manager(worker id = 16) on the coordinator node started.
I0911 23:48:58.146183 2950820 Coordinator.h:126] commit: 1273650 abort: 32974 (0/32974/0), network size: 0, avg network size: 0, si_in_serializable: 0 0 %, local: 0 %
I0911 23:48:59.146281 2950820 Coordinator.h:126] commit: 1261596 abort: 32740 (0/32740/0), network size: 0, avg network size: 0, si_in_serializable: 0 0 %, local: 0 %
I0911 23:49:00.146358 2950820 Coordinator.h:126] commit: 1225705 abort: 31767 (0/31767/0), network size: 0, avg network size: 0, si_in_serializable: 0 0 %, local: 0 %
I0911 23:49:01.146435 2950820 Coordinator.h:126] commit: 1221799 abort: 31577 (0/31577/0), network size: 0, avg network size: 0, si_in_serializable: 0 0 %, local: 0 %
I0911 23:49:02.146535 2950820 Coordinator.h:126] commit: 1269735 abort: 32793 (0/32793/0), network size: 0, avg network size: 0, si_in_serializable: 0 0 %, local: 0 %
I0911 23:49:03.146617 2950820 Coordinator.h:126] commit: 1281825 abort: 32991 (0/32991/0), network size: 0, avg network size: 0, si_in_serializable: 0 0 %, local: 0 %
I0911 23:49:04.146690 2950820 Coordinator.h:126] commit: 1261874 abort: 32462 (0/32462/0), network size: 0, avg network size: 0, si_in_serializable: 0 0 %, local: 0 %
I0911 23:49:05.146765 2950820 Coordinator.h:126] commit: 1277334 abort: 33386 (0/33386/0), network size: 0, avg network size: 0, si_in_serializable: 0 0 %, local: 0 %
I0911 23:49:06.146842 2950820 Coordinator.h:126] commit: 1281812 abort: 33004 (0/33004/0), network size: 0, avg network size: 0, si_in_serializable: 0 0 %, local: 0 %
I0911 23:49:07.146912 2950820 Coordinator.h:126] commit: 1273946 abort: 32678 (0/32678/0), network size: 0, avg network size: 0, si_in_serializable: 0 0 %, local: 0 %
I0911 23:49:08.146986 2950820 Coordinator.h:126] commit: 1274054 abort: 32570 (0/32570/0), network size: 0, avg network size: 0, si_in_serializable: 0 0 %, local: 0 %
I0911 23:49:09.147063 2950820 Coordinator.h:126] commit: 1245645 abort: 32307 (0/32307/0), network size: 0, avg network size: 0, si_in_serializable: 0 0 %, local: 0 %
I0911 23:49:10.147136 2950820 Coordinator.h:126] commit: 1281855 abort: 32961 (0/32961/0), network size: 0, avg network size: 0, si_in_serializable: 0 0 %, local: 0 %
I0911 23:49:11.147207 2950820 Coordinator.h:126] commit: 1201788 abort: 31108 (0/31108/0), network size: 0, avg network size: 0, si_in_serializable: 0 0 %, local: 0 %
I0911 23:49:12.147302 2950820 Coordinator.h:126] commit: 1273652 abort: 32972 (0/32972/0), network size: 0, avg network size: 0, si_in_serializable: 0 0 %, local: 0 %
I0911 23:49:13.147380 2950820 Coordinator.h:126] commit: 1285852 abort: 33060 (0/33060/0), network size: 0, avg network size: 0, si_in_serializable: 0 0 %, local: 0 %
I0911 23:49:14.147459 2950820 Coordinator.h:126] commit: 1277521 abort: 33199 (0/33199/0), network size: 0, avg network size: 0, si_in_serializable: 0 0 %, local: 0 %
I0911 23:49:15.147533 2950820 Coordinator.h:126] commit: 1281673 abort: 33143 (0/33143/0), network size: 0, avg network size: 0, si_in_serializable: 0 0 %, local: 0 %
I0911 23:49:16.147607 2950820 Coordinator.h:126] commit: 1277317 abort: 33403 (0/33403/0), network size: 0, avg network size: 0, si_in_serializable: 0 0 %, local: 0 %
I0911 23:49:17.147680 2950820 Coordinator.h:126] commit: 1281297 abort: 33519 (0/33519/0), network size: 0, avg network size: 0, si_in_serializable: 0 0 %, local: 0 %
I0911 23:49:18.147753 2950820 Coordinator.h:126] commit: 1277746 abort: 32974 (0/32974/0), network size: 0, avg network size: 0, si_in_serializable: 0 0 %, local: 0 %
I0911 23:49:19.147825 2950820 Coordinator.h:126] commit: 1277923 abort: 32797 (0/32797/0), network size: 0, avg network size: 0, si_in_serializable: 0 0 %, local: 0 %
I0911 23:49:20.147900 2950820 Coordinator.h:126] commit: 1273854 abort: 32770 (0/32770/0), network size: 0, avg network size: 0, si_in_serializable: 0 0 %, local: 0 %
I0911 23:49:21.147975 2950820 Coordinator.h:126] commit: 1281686 abort: 33130 (0/33130/0), network size: 0, avg network size: 0, si_in_serializable: 0 0 %, local: 0 %
I0911 23:49:22.148049 2950820 Coordinator.h:126] commit: 1277546 abort: 33174 (0/33174/0), network size: 0, avg network size: 0, si_in_serializable: 0 0 %, local: 0 %
I0911 23:49:22.148058 2950820 Coordinator.h:152] average commit: 1.26807e+06 abort: 32824.2 (0/32824.2/0), network size: 0, avg network size: 0, si_in_serializable: 0 0 %, local: 0 %
I0911 23:49:22.148641 2950846 AriaExecutor.h:94] AriaExecutor 6 exits. 
I0911 23:49:22.148649 2950850 AriaExecutor.h:94] AriaExecutor 10 exits. 
I0911 23:49:22.148646 2950848 AriaExecutor.h:94] AriaExecutor 8 exits. 
I0911 23:49:22.148650 2950852 AriaExecutor.h:94] AriaExecutor 12 exits. 
I0911 23:49:22.148651 2950842 AriaExecutor.h:94] AriaExecutor 2 exits. 
I0911 23:49:22.148648 2950856 Manager.h:227] Manager(worker id = 16) on the coordinator node exits.
I0911 23:49:22.148651 2950854 AriaExecutor.h:94] AriaExecutor 14 exits. 
I0911 23:49:22.148658 2950845 AriaExecutor.h:94] AriaExecutor 5 exits. 
I0911 23:49:22.148658 2950853 AriaExecutor.h:94] AriaExecutor 13 exits. 
I0911 23:49:22.148659 2950849 AriaExecutor.h:94] AriaExecutor 9 exits. 
I0911 23:49:22.148660 2950851 AriaExecutor.h:94] AriaExecutor 11 exits. 
I0911 23:49:22.148659 2950855 AriaExecutor.h:94] AriaExecutor 15 exits. 
I0911 23:49:22.148661 2950841 AriaExecutor.h:94] AriaExecutor 1 exits. 
I0911 23:49:22.148650 2950840 AriaExecutor.h:94] AriaExecutor 0 exits. 
I0911 23:49:22.148665 2950843 AriaExecutor.h:94] AriaExecutor 3 exits. 
I0911 23:49:22.148665 2950847 AriaExecutor.h:94] AriaExecutor 7 exits. 
I0911 23:49:22.148651 2950844 AriaExecutor.h:94] AriaExecutor 4 exits. 
I0911 23:49:22.148068 2950820 AriaExecutor.h:641] Worker 0 latency: 1817 us (50%) 2414 us (75%) 2890 us (95%) 2990 us (99%).
I0911 23:49:22.230168 2950820 AriaExecutor.h:641] Worker 1 latency: 1814 us (50%) 2412 us (75%) 2888 us (95%) 2987 us (99%).
I0911 23:49:22.321184 2950820 AriaExecutor.h:641] Worker 2 latency: 1827 us (50%) 2419 us (75%) 2891 us (95%) 2990 us (99%).
I0911 23:49:22.403493 2950820 AriaExecutor.h:641] Worker 3 latency: 1818 us (50%) 2414 us (75%) 2888 us (95%) 2987 us (99%).
I0911 23:49:22.493191 2950820 AriaExecutor.h:641] Worker 4 latency: 1821 us (50%) 2416 us (75%) 2890 us (95%) 2989 us (99%).
I0911 23:49:22.575114 2950820 AriaExecutor.h:641] Worker 5 latency: 1812 us (50%) 2411 us (75%) 2887 us (95%) 2988 us (99%).
I0911 23:49:22.664655 2950820 AriaExecutor.h:641] Worker 6 latency: 1823 us (50%) 2417 us (75%) 2890 us (95%) 2989 us (99%).
I0911 23:49:22.748132 2950820 AriaExecutor.h:641] Worker 7 latency: 1817 us (50%) 2413 us (75%) 2887 us (95%) 2987 us (99%).
I0911 23:49:22.839682 2950820 AriaExecutor.h:641] Worker 8 latency: 1819 us (50%) 2414 us (75%) 2890 us (95%) 2989 us (99%).
I0911 23:49:22.922590 2950820 AriaExecutor.h:641] Worker 9 latency: 1813 us (50%) 2411 us (75%) 2886 us (95%) 2987 us (99%).
I0911 23:49:23.013041 2950820 AriaExecutor.h:641] Worker 10 latency: 1829 us (50%) 2419 us (75%) 2890 us (95%) 2989 us (99%).
I0911 23:49:23.095696 2950820 AriaExecutor.h:641] Worker 11 latency: 1814 us (50%) 2411 us (75%) 2887 us (95%) 2987 us (99%).
I0911 23:49:23.185887 2950820 AriaExecutor.h:641] Worker 12 latency: 1826 us (50%) 2417 us (75%) 2890 us (95%) 2989 us (99%).
I0911 23:49:23.267926 2950820 AriaExecutor.h:641] Worker 13 latency: 1813 us (50%) 2410 us (75%) 2887 us (95%) 2987 us (99%).
I0911 23:49:23.358152 2950820 AriaExecutor.h:641] Worker 14 latency: 1828 us (50%) 2418 us (75%) 2890 us (95%) 2989 us (99%).
I0911 23:49:23.439780 2950820 AriaExecutor.h:641] Worker 15 latency: 1817 us (50%) 2412 us (75%) 2887 us (95%) 2987 us (99%).
I0911 23:49:23.532352 2950820 Coordinator.h:177] total commit: 1.26807e+06
I0911 23:49:24.532461 2950820 Coordinator.h:192] Coordinator exits.
