I0911 23:22:27.095106 2945915 Database.h:65] ycsb initialization finished in 148 milliseconds.
I0911 23:22:27.095218 2945915 Coordinator.h:30] Coordinator initializes 16 workers.
I0911 23:22:27.103473 2945915 Coordinator.h:77] Coordinator starts to run 17 workers.
I0911 23:22:27.103540 2945935 AriaExecutor.h:82] AriaExecutor 0 started. 
I0911 23:22:27.103567 2945936 AriaExecutor.h:82] AriaExecutor 1 started. 
I0911 23:22:27.103664 2945938 AriaExecutor.h:82] AriaExecutor 3 started. 
I0911 23:22:27.103701 2945939 AriaExecutor.h:82] AriaExecutor 4 started. 
I0911 23:22:27.103750 2945940 AriaExecutor.h:82] AriaExecutor 5 started. 
I0911 23:22:27.103801 2945941 AriaExecutor.h:82] AriaExecutor 6 started. 
I0911 23:22:27.103842 2945942 AriaExecutor.h:82] AriaExecutor 7 started. 
I0911 23:22:27.103878 2945943 AriaExecutor.h:82] AriaExecutor 8 started. 
I0911 23:22:27.103926 2945944 AriaExecutor.h:82] AriaExecutor 9 started. 
I0911 23:22:27.103964 2945945 AriaExecutor.h:82] AriaExecutor 10 started. 
I0911 23:22:27.104012 2945946 AriaExecutor.h:82] AriaExecutor 11 started. 
I0911 23:22:27.104046 2945947 AriaExecutor.h:82] AriaExecutor 12 started. 
I0911 23:22:27.104094 2945948 AriaExecutor.h:82] AriaExecutor 13 started. 
I0911 23:22:27.104128 2945949 AriaExecutor.h:82] AriaExecutor 14 started. 
I0911 23:22:27.104175 2945950 AriaExecutor.h:82] AriaExecutor 15 started. 
I0911 23:22:27.104211 2945937 AriaExecutor.h:82] AriaExecutor 2 started. 
I0911 23:22:27.104214 2945951 Manager.h:224] Manager(worker id = 16) on the coordinator node started.
I0911 23:22:28.104281 2945915 Coordinator.h:126] commit: 1097163 abort: 4661 (0/4661/0), network size: 0, avg network size: 0, si_in_serializable: 0 0 %, local: 0 %
I0911 23:22:29.104423 2945915 Coordinator.h:126] commit: 1086840 abort: 4744 (0/4744/0), network size: 0, avg network size: 0, si_in_serializable: 0 0 %, local: 0 %
I0911 23:22:30.104513 2945915 Coordinator.h:126] commit: 1055278 abort: 4562 (0/4562/0), network size: 0, avg network size: 0, si_in_serializable: 0 0 %, local: 0 %
I0911 23:22:31.104601 2945915 Coordinator.h:126] commit: 1062465 abort: 4543 (0/4543/0), network size: 0, avg network size: 0, si_in_serializable: 0 0 %, local: 0 %
I0911 23:22:32.104722 2945915 Coordinator.h:126] commit: 1102276 abort: 4668 (0/4668/0), network size: 0, avg network size: 0, si_in_serializable: 0 0 %, local: 0 %
I0911 23:22:33.104825 2945915 Coordinator.h:126] commit: 1110314 abort: 4822 (0/4822/0), network size: 0, avg network size: 0, si_in_serializable: 0 0 %, local: 0 %
I0911 23:22:34.104913 2945915 Coordinator.h:126] commit: 1110225 abort: 4911 (0/4911/0), network size: 0, avg network size: 0, si_in_serializable: 0 0 %, local: 0 %
I0911 23:22:35.105043 2945915 Coordinator.h:126] commit: 1083789 abort: 4723 (0/4723/0), network size: 0, avg network size: 0, si_in_serializable: 0 0 %, local: 0 %
I0911 23:22:36.105131 2945915 Coordinator.h:126] commit: 1084791 abort: 4745 (0/4745/0), network size: 0, avg network size: 0, si_in_serializable: 0 0 %, local: 0 %
I0911 23:22:37.105217 2945915 Coordinator.h:126] commit: 1110260 abort: 4876 (0/4876/0), network size: 0, avg network size: 0, si_in_serializable: 0 0 %, local: 0 %
I0911 23:22:38.105301 2945915 Coordinator.h:126] commit: 1076744 abort: 4600 (0/4600/0), network size: 0, avg network size: 0, si_in_serializable: 0 0 %, local: 0 %
I0911 23:22:39.105386 2945915 Coordinator.h:126] commit: 1093927 abort: 4825 (0/4825/0), network size: 0, avg network size: 0, si_in_serializable: 0 0 %, local: 0 %
I0911 23:22:40.105497 2945915 Coordinator.h:126] commit: 1110383 abort: 4753 (0/4753/0), network size: 0, avg network size: 0, si_in_serializable: 0 0 %, local: 0 %
I0911 23:22:41.105589 2945915 Coordinator.h:126] commit: 1108304 abort: 4784 (0/4784/0), network size: 0, avg network size: 0, si_in_serializable: 0 0 %, local: 0 %
I0911 23:22:42.105674 2945915 Coordinator.h:126] commit: 1110386 abort: 4750 (0/4750/0), network size: 0, avg network size: 0, si_in_serializable: 0 0 %, local: 0 %
I0911 23:22:43.105762 2945915 Coordinator.h:126] commit: 1057446 abort: 4442 (0/4442/0), network size: 0, avg network size: 0, si_in_serializable: 0 0 %, local: 0 %
I0911 23:22:44.105849 2945915 Coordinator.h:126] commit: 1110377 abort: 4759 (0/4759/0), network size: 0, avg network size: 0, si_in_serializable: 0 0 %, local: 0 %
I0911 23:22:45.105935 2945915 Coordinator.h:126] commit: 1109306 abort: 4806 (0/4806/0), network size: 0, avg network size: 0, si_in_serializable: 0 0 %, local: 0 %
I0911 23:22:46.106020 2945915 Coordinator.h:126] commit: 1109272 abort: 4840 (0/4840/0), network size: 0, avg network size: 0, si_in_serializable: 0 0 %, local: 0 %
I0911 23:22:47.106106 2945915 Coordinator.h:126] commit: 1110397 abort: 4739 (0/4739/0), network size: 0, avg network size: 0, si_in_serializable: 0 0 %, local: 0 %
I0911 23:22:48.106194 2945915 Coordinator.h:126] commit: 1088967 abort: 4665 (0/4665/0), network size: 0, avg network size: 0, si_in_serializable: 0 0 %, local: 0 %
I0911 23:22:49.106277 2945915 Coordinator.h:126] commit: 1110419 abort: 4717 (0/4717/0), network size: 0, avg network size: 0, si_in_serializable: 0 0 %, local: 0 %
I0911 23:22:50.106359 2945915 Coordinator.h:126] commit: 1109308 abort: 4804 (0/4804/0), network size: 0, avg network size: 0, si_in_serializable: 0 0 %, local: 0 %
I0911 23:22:51.106441 2945915 Coordinator.h:126] commit: 1085941 abort: 4619 (0/4619/0), network size: 0, avg network size: 0, si_in_serializable: 0 0 %, local: 0 %
I0911 23:22:52.106525 2945915 Coordinator.h:126] commit: 1110393 abort: 4743 (0/4743/0), network size: 0, avg network size: 0, si_in_serializable: 0 0 %, local: 0 %
I0911 23:22:52.106551 2945915 Coordinator.h:152] average commit: 1.09965e+06 abort: 4729.8 (0/4729.8/0), network size: 0, avg network size: 0, si_in_serializable: 0 0 %, local: 0 %
I0911 23:22:52.107103 2945949 AriaExecutor.h:94] AriaExecutor 14 exits. 
I0911 23:22:52.107105 2945951 Manager.h:227] Manager(worker id = 16) on the coordinator node exits.
I0911 23:22:52.107105 2945947 AriaExecutor.h:94] AriaExecutor 12 exits. 
I0911 23:22:52.107121 2945936 AriaExecutor.h:94] AriaExecutor 1 exits. 
I0911 23:22:52.107141 2945938 AriaExecutor.h:94] AriaExecutor 3 exits. 
I0911 23:22:52.107107 2945943 AriaExecutor.h:94] AriaExecutor 8 exits. 
I0911 23:22:52.107124 2945940 AriaExecutor.h:94] AriaExecutor 5 exits. 
I0911 23:22:52.107107 2945939 AriaExecutor.h:94] AriaExecutor 4 exits. 
I0911 23:22:52.107132 2945945 AriaExecutor.h:94] AriaExecutor 10 exits. 
I0911 23:22:52.107124 2945946 AriaExecutor.h:94] AriaExecutor 11 exits. 
I0911 23:22:52.107110 2945937 AriaExecutor.h:94] AriaExecutor 2 exits. 
I0911 23:22:52.107124 2945942 AriaExecutor.h:94] AriaExecutor 7 exits. 
I0911 23:22:52.107124 2945944 AriaExecutor.h:94] AriaExecutor 9 exits. 
I0911 23:22:52.107125 2945948 AriaExecutor.h:94] AriaExecutor 13 exits. 
I0911 23:22:52.107108 2945941 AriaExecutor.h:94] AriaExecutor 6 exits. 
I0911 23:22:52.107124 2945950 AriaExecutor.h:94] AriaExecutor 15 exits. 
I0911 23:22:52.107105 2945935 AriaExecutor.h:94] AriaExecutor 0 exits. 
I0911 23:22:52.106563 2945915 AriaExecutor.h:641] Worker 0 latency: 578 us (50%) 729 us (75%) 850 us (95%) 877 us (99%).
I0911 23:22:52.172765 2945915 AriaExecutor.h:641] Worker 1 latency: 577 us (50%) 728 us (75%) 849 us (95%) 876 us (99%).
I0911 23:22:52.238021 2945915 AriaExecutor.h:641] Worker 2 latency: 580 us (50%) 730 us (75%) 850 us (95%) 877 us (99%).
I0911 23:22:52.303732 2945915 AriaExecutor.h:641] Worker 3 latency: 577 us (50%) 728 us (75%) 849 us (95%) 876 us (99%).
I0911 23:22:52.369983 2945915 AriaExecutor.h:641] Worker 4 latency: 579 us (50%) 729 us (75%) 850 us (95%) 877 us (99%).
I0911 23:22:52.435752 2945915 AriaExecutor.h:641] Worker 5 latency: 577 us (50%) 728 us (75%) 849 us (95%) 876 us (99%).
I0911 23:22:52.501688 2945915 AriaExecutor.h:641] Worker 6 latency: 580 us (50%) 730 us (75%) 850 us (95%) 877 us (99%).
I0911 23:22:52.567667 2945915 AriaExecutor.h:641] Worker 7 latency: 577 us (50%) 728 us (75%) 849 us (95%) 876 us (99%).
I0911 23:22:52.633008 2945915 AriaExecutor.h:641] Worker 8 latency: 579 us (50%) 729 us (75%) 850 us (95%) 877 us (99%).
I0911 23:22:52.700042 2945915 AriaExecutor.h:641] Worker 9 latency: 577 us (50%) 727 us (75%) 848 us (95%) 876 us (99%).
I0911 23:22:52.765465 2945915 AriaExecutor.h:641] Worker 10 latency: 580 us (50%) 730 us (75%) 850 us (95%) 877 us (99%).
I0911 23:22:52.830330 2945915 AriaExecutor.h:641] Worker 11 latency: 577 us (50%) 727 us (75%) 848 us (95%) 876 us (99%).
I0911 23:22:52.896152 2945915 AriaExecutor.h:641] Worker 12 latency: 580 us (50%) 730 us (75%) 850 us (95%) 877 us (99%).
I0911 23:22:52.962365 2945915 AriaExecutor.h:641] Worker 13 latency: 577 us (50%) 727 us (75%) 848 us (95%) 876 us (99%).
I0911 23:22:53.027834 2945915 AriaExecutor.h:641] Worker 14 latency: 580 us (50%) 730 us (75%) 850 us (95%) 877 us (99%).
I0911 23:22:53.092905 2945915 AriaExecutor.h:641] Worker 15 latency: 578 us (50%) 728 us (75%) 848 us (95%) 876 us (99%).
I0911 23:22:53.159004 2945915 Coordinator.h:177] total commit: 1.09965e+06
I0911 23:22:54.159111 2945915 Coordinator.h:192] Coordinator exits.
