I1126 14:11:50.422072 960243 Database.h:65] ycsb initialization finished in 30 milliseconds.
I1126 14:11:50.422168 960243 Coordinator.h:30] Coordinator initializes 12 workers.
I1126 14:11:50.428980 960243 Coordinator.h:77] Coordinator starts to run 13 workers.
I1126 14:11:50.429051 960259 AriaExecutor.h:91] AriaExecutor 0 started. 
I1126 14:11:50.429075 960260 AriaExecutor.h:91] AriaExecutor 1 started. 
I1126 14:11:50.429126 960261 AriaExecutor.h:91] AriaExecutor 2 started. 
I1126 14:11:50.429158 960262 AriaExecutor.h:91] AriaExecutor 3 started. 
I1126 14:11:50.429180 960263 AriaExecutor.h:91] AriaExecutor 4 started. 
I1126 14:11:50.429242 960264 AriaExecutor.h:91] AriaExecutor 5 started. 
I1126 14:11:50.429253 960265 AriaExecutor.h:91] AriaExecutor 6 started. 
I1126 14:11:50.429304 960266 AriaExecutor.h:91] AriaExecutor 7 started. 
I1126 14:11:50.429316 960267 AriaExecutor.h:91] AriaExecutor 8 started. 
I1126 14:11:50.429360 960268 AriaExecutor.h:91] AriaExecutor 9 started. 
I1126 14:11:50.429384 960269 AriaExecutor.h:91] AriaExecutor 10 started. 
I1126 14:11:50.429418 960270 AriaExecutor.h:91] AriaExecutor 11 started. 
I1126 14:11:50.429448 960271 Manager.h:224] Manager(worker id = 12) on the coordinator node started.
I1126 14:11:51.429508 960243 Coordinator.h:126] commit: 1687862 abort: 182138 (0/182138/0), network size: 0, avg network size: 0, si_in_serializable: 0 0 %, local: 0 %
I1126 14:11:52.429632 960243 Coordinator.h:126] commit: 1671113 abort: 178887 (0/178887/0), network size: 0, avg network size: 0, si_in_serializable: 0 0 %, local: 0 %
I1126 14:11:53.429756 960243 Coordinator.h:126] commit: 1693473 abort: 181492 (0/181492/0), network size: 0, avg network size: 0, si_in_serializable: 0 0 %, local: 0 %
I1126 14:11:54.429872 960243 Coordinator.h:126] commit: 1692909 abort: 182126 (0/182126/0), network size: 0, avg network size: 0, si_in_serializable: 0 0 %, local: 0 %
I1126 14:11:55.429979 960243 Coordinator.h:126] commit: 1697238 abort: 182762 (0/182762/0), network size: 0, avg network size: 0, si_in_serializable: 0 0 %, local: 0 %
I1126 14:11:56.430084 960243 Coordinator.h:126] commit: 1706745 abort: 183255 (0/183255/0), network size: 0, avg network size: 0, si_in_serializable: 0 0 %, local: 0 %
I1126 14:11:57.430191 960243 Coordinator.h:126] commit: 1679366 abort: 180634 (0/180634/0), network size: 0, avg network size: 0, si_in_serializable: 0 0 %, local: 0 %
I1126 14:11:58.430305 960243 Coordinator.h:126] commit: 1660874 abort: 179126 (0/179126/0), network size: 0, avg network size: 0, si_in_serializable: 0 0 %, local: 0 %
I1126 14:11:59.430449 960243 Coordinator.h:126] commit: 1698343 abort: 181657 (0/181657/0), network size: 0, avg network size: 0, si_in_serializable: 0 0 %, local: 0 %
I1126 14:12:00.430559 960243 Coordinator.h:126] commit: 1697267 abort: 182733 (0/182733/0), network size: 0, avg network size: 0, si_in_serializable: 0 0 %, local: 0 %
I1126 14:12:01.430683 960243 Coordinator.h:126] commit: 1706671 abort: 183329 (0/183329/0), network size: 0, avg network size: 0, si_in_serializable: 0 0 %, local: 0 %
I1126 14:12:02.430785 960243 Coordinator.h:126] commit: 1706281 abort: 183719 (0/183719/0), network size: 0, avg network size: 0, si_in_serializable: 0 0 %, local: 0 %
I1126 14:12:03.430892 960243 Coordinator.h:126] commit: 1697703 abort: 182297 (0/182297/0), network size: 0, avg network size: 0, si_in_serializable: 0 0 %, local: 0 %
I1126 14:12:04.430992 960243 Coordinator.h:126] commit: 1703354 abort: 182849 (0/182849/0), network size: 0, avg network size: 0, si_in_serializable: 0 0 %, local: 0 %
I1126 14:12:05.431087 960243 Coordinator.h:126] commit: 1573407 abort: 170390 (0/170390/0), network size: 0, avg network size: 0, si_in_serializable: 0 0 %, local: 0 %
I1126 14:12:06.431176 960243 Coordinator.h:126] commit: 1706719 abort: 183281 (0/183281/0), network size: 0, avg network size: 0, si_in_serializable: 0 0 %, local: 0 %
I1126 14:12:07.431280 960243 Coordinator.h:126] commit: 1706680 abort: 183320 (0/183320/0), network size: 0, avg network size: 0, si_in_serializable: 0 0 %, local: 0 %
I1126 14:12:08.431404 960243 Coordinator.h:126] commit: 1679528 abort: 180472 (0/180472/0), network size: 0, avg network size: 0, si_in_serializable: 0 0 %, local: 0 %
I1126 14:12:09.431509 960243 Coordinator.h:126] commit: 1697041 abort: 182959 (0/182959/0), network size: 0, avg network size: 0, si_in_serializable: 0 0 %, local: 0 %
I1126 14:12:10.431613 960243 Coordinator.h:126] commit: 1707151 abort: 182849 (0/182849/0), network size: 0, avg network size: 0, si_in_serializable: 0 0 %, local: 0 %
I1126 14:12:11.431712 960243 Coordinator.h:126] commit: 1706612 abort: 183388 (0/183388/0), network size: 0, avg network size: 0, si_in_serializable: 0 0 %, local: 0 %
I1126 14:12:12.431813 960243 Coordinator.h:126] commit: 1697614 abort: 182386 (0/182386/0), network size: 0, avg network size: 0, si_in_serializable: 0 0 %, local: 0 %
I1126 14:12:13.431913 960243 Coordinator.h:126] commit: 1706210 abort: 183790 (0/183790/0), network size: 0, avg network size: 0, si_in_serializable: 0 0 %, local: 0 %
I1126 14:12:14.432003 960243 Coordinator.h:126] commit: 1697090 abort: 182910 (0/182910/0), network size: 0, avg network size: 0, si_in_serializable: 0 0 %, local: 0 %
I1126 14:12:15.432108 960243 Coordinator.h:126] commit: 1706467 abort: 183533 (0/183533/0), network size: 0, avg network size: 0, si_in_serializable: 0 0 %, local: 0 %
I1126 14:12:15.432137 960243 Coordinator.h:152] average commit: 1.68845e+06 abort: 181546 (0/181546/0), network size: 0, avg network size: 0, si_in_serializable: 0 0 %, local: 0 %
I1126 14:12:15.436041 960263 AriaExecutor.h:103] AriaExecutor 4 exits. 
I1126 14:12:15.436041 960269 AriaExecutor.h:103] AriaExecutor 10 exits. 
I1126 14:12:15.436055 960264 AriaExecutor.h:103] AriaExecutor 5 exits. 
I1126 14:12:15.436043 960259 AriaExecutor.h:103] AriaExecutor 0 exits. 
I1126 14:12:15.436041 960267 AriaExecutor.h:103] AriaExecutor 8 exits. 
I1126 14:12:15.436041 960265 AriaExecutor.h:103] AriaExecutor 6 exits. 
I1126 14:12:15.436054 960271 Manager.h:227] Manager(worker id = 12) on the coordinator node exits.
I1126 14:12:15.436054 960270 AriaExecutor.h:103] AriaExecutor 11 exits. 
I1126 14:12:15.436055 960268 AriaExecutor.h:103] AriaExecutor 9 exits. 
I1126 14:12:15.436056 960266 AriaExecutor.h:103] AriaExecutor 7 exits. 
I1126 14:12:15.436056 960262 AriaExecutor.h:103] AriaExecutor 3 exits. 
I1126 14:12:15.436057 960260 AriaExecutor.h:103] AriaExecutor 1 exits. 
I1126 14:12:15.436041 960261 AriaExecutor.h:103] AriaExecutor 2 exits. 
I1126 14:12:15.432147 960243 AriaExecutor.h:649] Worker 0 latency: 3713 us (50%) 4222 us (75%) 4620 us (95%) 4722 us (99%).
I1126 14:12:15.567166 960243 AriaExecutor.h:649] Worker 1 latency: 3714 us (50%) 4223 us (75%) 4620 us (95%) 4723 us (99%).
I1126 14:12:15.697813 960243 AriaExecutor.h:649] Worker 2 latency: 3727 us (50%) 4227 us (75%) 4618 us (95%) 4719 us (99%).
I1126 14:12:15.826969 960243 AriaExecutor.h:649] Worker 3 latency: 3715 us (50%) 4224 us (75%) 4620 us (95%) 4722 us (99%).
I1126 14:12:15.982766 960243 AriaExecutor.h:649] Worker 4 latency: 3718 us (50%) 4223 us (75%) 4618 us (95%) 4720 us (99%).
I1126 14:12:16.113062 960243 AriaExecutor.h:649] Worker 5 latency: 3720 us (50%) 4227 us (75%) 4620 us (95%) 4722 us (99%).
I1126 14:12:16.264678 960243 AriaExecutor.h:649] Worker 6 latency: 3733 us (50%) 4232 us (75%) 4622 us (95%) 4722 us (99%).
I1126 14:12:16.399403 960243 AriaExecutor.h:649] Worker 7 latency: 3717 us (50%) 4225 us (75%) 4620 us (95%) 4722 us (99%).
I1126 14:12:16.551151 960243 AriaExecutor.h:649] Worker 8 latency: 3721 us (50%) 4226 us (75%) 4621 us (95%) 4722 us (99%).
I1126 14:12:16.680944 960243 AriaExecutor.h:649] Worker 9 latency: 3713 us (50%) 4222 us (75%) 4620 us (95%) 4722 us (99%).
I1126 14:12:16.831284 960243 AriaExecutor.h:649] Worker 10 latency: 3725 us (50%) 4228 us (75%) 4620 us (95%) 4721 us (99%).
I1126 14:12:16.961130 960243 AriaExecutor.h:649] Worker 11 latency: 3715 us (50%) 4225 us (75%) 4621 us (95%) 4722 us (99%).
I1126 14:12:17.114707 960243 Coordinator.h:177] total commit: 1.68845e+06
I1126 14:12:18.114817 960243 Coordinator.h:192] Coordinator exits.
