I1126 13:51:01.386173 947509 Database.h:65] ycsb initialization finished in 30 milliseconds.
I1126 13:51:01.386267 947509 Coordinator.h:30] Coordinator initializes 12 workers.
I1126 13:51:01.458477 947509 Coordinator.h:77] Coordinator starts to run 13 workers.
I1126 13:51:01.458554 947525 AriaExecutor.h:82] AriaExecutor 0 started. 
I1126 13:51:01.458583 947526 AriaExecutor.h:82] AriaExecutor 1 started. 
I1126 13:51:01.458631 947527 AriaExecutor.h:82] AriaExecutor 2 started. 
I1126 13:51:01.458670 947528 AriaExecutor.h:82] AriaExecutor 3 started. 
I1126 13:51:01.458755 947530 AriaExecutor.h:82] AriaExecutor 5 started. 
I1126 13:51:01.458796 947531 AriaExecutor.h:82] AriaExecutor 6 started. 
I1126 13:51:01.458835 947532 AriaExecutor.h:82] AriaExecutor 7 started. 
I1126 13:51:01.458871 947533 AriaExecutor.h:82] AriaExecutor 8 started. 
I1126 13:51:01.458916 947534 AriaExecutor.h:82] AriaExecutor 9 started. 
I1126 13:51:01.458950 947535 AriaExecutor.h:82] AriaExecutor 10 started. 
I1126 13:51:01.458998 947536 AriaExecutor.h:82] AriaExecutor 11 started. 
I1126 13:51:01.459033 947529 AriaExecutor.h:82] AriaExecutor 4 started. 
I1126 13:51:01.459036 947537 Manager.h:224] Manager(worker id = 12) on the coordinator node started.
I1126 13:51:02.459100 947509 Coordinator.h:126] commit: 144 abort: 229856 (0/229856/0), network size: 0, avg network size: 0, si_in_serializable: 0 0 %, local: 0 %
I1126 13:51:03.459216 947509 Coordinator.h:126] commit: 136 abort: 229864 (0/229864/0), network size: 0, avg network size: 0, si_in_serializable: 0 0 %, local: 0 %
I1126 13:51:04.459350 947509 Coordinator.h:126] commit: 157 abort: 239843 (0/239843/0), network size: 0, avg network size: 0, si_in_serializable: 0 0 %, local: 0 %
I1126 13:51:05.459470 947509 Coordinator.h:126] commit: 150 abort: 239850 (0/239850/0), network size: 0, avg network size: 0, si_in_serializable: 0 0 %, local: 0 %
I1126 13:51:06.459574 947509 Coordinator.h:126] commit: 159 abort: 249841 (0/249841/0), network size: 0, avg network size: 0, si_in_serializable: 0 0 %, local: 0 %
I1126 13:51:07.459672 947509 Coordinator.h:126] commit: 144 abort: 239856 (0/239856/0), network size: 0, avg network size: 0, si_in_serializable: 0 0 %, local: 0 %
I1126 13:51:08.459798 947509 Coordinator.h:126] commit: 163 abort: 239837 (0/239837/0), network size: 0, avg network size: 0, si_in_serializable: 0 0 %, local: 0 %
I1126 13:51:09.459908 947509 Coordinator.h:126] commit: 153 abort: 249847 (0/249847/0), network size: 0, avg network size: 0, si_in_serializable: 0 0 %, local: 0 %
I1126 13:51:10.460021 947509 Coordinator.h:126] commit: 144 abort: 239856 (0/239856/0), network size: 0, avg network size: 0, si_in_serializable: 0 0 %, local: 0 %
I1126 13:51:11.460140 947509 Coordinator.h:126] commit: 153 abort: 249847 (0/249847/0), network size: 0, avg network size: 0, si_in_serializable: 0 0 %, local: 0 %
I1126 13:51:12.460244 947509 Coordinator.h:126] commit: 148 abort: 249852 (0/249852/0), network size: 0, avg network size: 0, si_in_serializable: 0 0 %, local: 0 %
I1126 13:51:13.460337 947509 Coordinator.h:126] commit: 194 abort: 239806 (0/239806/0), network size: 0, avg network size: 0, si_in_serializable: 0 0 %, local: 0 %
I1126 13:51:14.460449 947509 Coordinator.h:126] commit: 145 abort: 239855 (0/239855/0), network size: 0, avg network size: 0, si_in_serializable: 0 0 %, local: 0 %
I1126 13:51:15.460577 947509 Coordinator.h:126] commit: 158 abort: 249842 (0/249842/0), network size: 0, avg network size: 0, si_in_serializable: 0 0 %, local: 0 %
I1126 13:51:16.460685 947509 Coordinator.h:126] commit: 159 abort: 239841 (0/239841/0), network size: 0, avg network size: 0, si_in_serializable: 0 0 %, local: 0 %
I1126 13:51:17.460774 947509 Coordinator.h:126] commit: 180 abort: 249820 (0/249820/0), network size: 0, avg network size: 0, si_in_serializable: 0 0 %, local: 0 %
I1126 13:51:18.460878 947509 Coordinator.h:126] commit: 156 abort: 239844 (0/239844/0), network size: 0, avg network size: 0, si_in_serializable: 0 0 %, local: 0 %
I1126 13:51:19.460979 947509 Coordinator.h:126] commit: 169 abort: 239831 (0/239831/0), network size: 0, avg network size: 0, si_in_serializable: 0 0 %, local: 0 %
I1126 13:51:20.461097 947509 Coordinator.h:126] commit: 167 abort: 249833 (0/249833/0), network size: 0, avg network size: 0, si_in_serializable: 0 0 %, local: 0 %
I1126 13:51:21.461218 947509 Coordinator.h:126] commit: 149 abort: 239851 (0/239851/0), network size: 0, avg network size: 0, si_in_serializable: 0 0 %, local: 0 %
I1126 13:51:22.461329 947509 Coordinator.h:126] commit: 139 abort: 239861 (0/239861/0), network size: 0, avg network size: 0, si_in_serializable: 0 0 %, local: 0 %
I1126 13:51:23.461436 947509 Coordinator.h:126] commit: 170 abort: 249830 (0/249830/0), network size: 0, avg network size: 0, si_in_serializable: 0 0 %, local: 0 %
I1126 13:51:24.461549 947509 Coordinator.h:126] commit: 147 abort: 239853 (0/239853/0), network size: 0, avg network size: 0, si_in_serializable: 0 0 %, local: 0 %
I1126 13:51:25.461670 947509 Coordinator.h:126] commit: 155 abort: 239845 (0/239845/0), network size: 0, avg network size: 0, si_in_serializable: 0 0 %, local: 0 %
I1126 13:51:26.461918 947509 Coordinator.h:126] commit: 166 abort: 249834 (0/249834/0), network size: 0, avg network size: 0, si_in_serializable: 0 0 %, local: 0 %
I1126 13:51:26.461982 947509 Coordinator.h:152] average commit: 162.5 abort: 243838 (0/243838/0), network size: 0, avg network size: 0, si_in_serializable: 0 0 %, local: 0 %
I1126 13:51:26.461992 947509 AriaExecutor.h:535] Worker 0 latency: 40826 us (50%) 41011 us (75%) 42431 us (95%) 48387 us (99%).
I1126 13:51:26.501755 947529 AriaExecutor.h:94] AriaExecutor 4 exits. 
I1126 13:51:26.501755 947525 AriaExecutor.h:94] AriaExecutor 0 exits. 
I1126 13:51:26.501755 947531 AriaExecutor.h:94] AriaExecutor 6 exits. 
I1126 13:51:26.501757 947537 Manager.h:227] Manager(worker id = 12) on the coordinator node exits.
I1126 13:51:26.501771 947528 AriaExecutor.h:94] AriaExecutor 3 exits. 
I1126 13:51:26.501755 947535 AriaExecutor.h:94] AriaExecutor 10 exits. 
I1126 13:51:26.501770 947536 AriaExecutor.h:94] AriaExecutor 11 exits. 
I1126 13:51:26.501771 947526 AriaExecutor.h:94] AriaExecutor 1 exits. 
I1126 13:51:26.501756 947533 AriaExecutor.h:94] AriaExecutor 8 exits. 
I1126 13:51:26.501770 947530 AriaExecutor.h:94] AriaExecutor 5 exits. 
I1126 13:51:26.501770 947532 AriaExecutor.h:94] AriaExecutor 7 exits. 
I1126 13:51:26.501771 947534 AriaExecutor.h:94] AriaExecutor 9 exits. 
I1126 13:51:26.501757 947527 AriaExecutor.h:94] AriaExecutor 2 exits. 
I1126 13:51:26.501950 947509 AriaExecutor.h:535] Worker 1 latency: 40815 us (50%) 40996 us (75%) 42657 us (95%) 47935 us (99%).
I1126 13:51:26.502025 947509 AriaExecutor.h:535] Worker 2 latency: 40814 us (50%) 40989 us (75%) 42740 us (95%) 51180 us (99%).
I1126 13:51:26.502054 947509 AriaExecutor.h:535] Worker 3 latency: 40823 us (50%) 40975 us (75%) 42890 us (95%) 52603 us (99%).
I1126 13:51:26.502074 947509 AriaExecutor.h:535] Worker 4 latency: 40810 us (50%) 40971 us (75%) 41946 us (95%) 43317 us (99%).
I1126 13:51:26.502120 947509 AriaExecutor.h:535] Worker 5 latency: 40777 us (50%) 40969 us (75%) 41934 us (95%) 54595 us (99%).
I1126 13:51:26.502143 947509 AriaExecutor.h:535] Worker 6 latency: 40823 us (50%) 41021 us (75%) 42414 us (95%) 48715 us (99%).
I1126 13:51:26.502166 947509 AriaExecutor.h:535] Worker 7 latency: 40813 us (50%) 40984 us (75%) 42052 us (95%) 42971 us (99%).
I1126 13:51:26.502184 947509 AriaExecutor.h:535] Worker 8 latency: 40807 us (50%) 40972 us (75%) 41712 us (95%) 52704 us (99%).
I1126 13:51:26.502205 947509 AriaExecutor.h:535] Worker 9 latency: 40834 us (50%) 40969 us (75%) 41888 us (95%) 50218 us (99%).
I1126 13:51:26.502225 947509 AriaExecutor.h:535] Worker 10 latency: 40806 us (50%) 41017 us (75%) 42810 us (95%) 51161 us (99%).
I1126 13:51:26.502243 947509 AriaExecutor.h:535] Worker 11 latency: 40752 us (50%) 40981 us (75%) 42864 us (95%) 48582 us (99%).
I1126 13:51:26.502270 947509 Coordinator.h:177] total commit: 162.5
I1126 13:51:27.502396 947509 Coordinator.h:192] Coordinator exits.
