I1126 18:00:36.395463 1064290 Database.h:65] ycsb initialization finished in 30 milliseconds.
I1126 18:00:36.395561 1064290 Coordinator.h:30] Coordinator initializes 12 workers.
I1126 18:00:36.396442 1064290 Coordinator.h:77] Coordinator starts to run 13 workers.
I1126 18:00:36.396497 1064306 AriaExecutor.h:91] AriaExecutor 0 started. 
I1126 18:00:36.396531 1064307 AriaExecutor.h:91] AriaExecutor 1 started. 
I1126 18:00:36.396577 1064308 AriaExecutor.h:91] AriaExecutor 2 started. 
I1126 18:00:36.396620 1064309 AriaExecutor.h:91] AriaExecutor 3 started. 
I1126 18:00:36.396697 1064311 AriaExecutor.h:91] AriaExecutor 5 started. 
I1126 18:00:36.396729 1064312 AriaExecutor.h:91] AriaExecutor 6 started. 
I1126 18:00:36.396770 1064313 AriaExecutor.h:91] AriaExecutor 7 started. 
I1126 18:00:36.396801 1064314 AriaExecutor.h:91] AriaExecutor 8 started. 
I1126 18:00:36.396843 1064315 AriaExecutor.h:91] AriaExecutor 9 started. 
I1126 18:00:36.396876 1064316 AriaExecutor.h:91] AriaExecutor 10 started. 
I1126 18:00:36.396924 1064317 AriaExecutor.h:91] AriaExecutor 11 started. 
I1126 18:00:36.396961 1064310 AriaExecutor.h:91] AriaExecutor 4 started. 
I1126 18:00:36.396963 1064318 Manager.h:224] Manager(worker id = 12) on the coordinator node started.
I1126 18:00:37.397029 1064290 Coordinator.h:126] commit: 1349357 abort: 44643 (0/44643/0), network size: 0, avg network size: 0, si_in_serializable: 0 0 %, local: 0 %
I1126 18:00:38.397145 1064290 Coordinator.h:126] commit: 1336794 abort: 44206 (0/44206/0), network size: 0, avg network size: 0, si_in_serializable: 0 0 %, local: 0 %
I1126 18:00:39.397249 1064290 Coordinator.h:126] commit: 1357254 abort: 44746 (0/44746/0), network size: 0, avg network size: 0, si_in_serializable: 0 0 %, local: 0 %
I1126 18:00:40.397347 1064290 Coordinator.h:126] commit: 1371454 abort: 45546 (0/45546/0), network size: 0, avg network size: 0, si_in_serializable: 0 0 %, local: 0 %
I1126 18:00:41.397423 1064290 Coordinator.h:126] commit: 1343326 abort: 44674 (0/44674/0), network size: 0, avg network size: 0, si_in_serializable: 0 0 %, local: 0 %
I1126 18:00:42.397501 1064290 Coordinator.h:126] commit: 1368610 abort: 45390 (0/45390/0), network size: 0, avg network size: 0, si_in_serializable: 0 0 %, local: 0 %
I1126 18:00:43.397588 1064290 Coordinator.h:126] commit: 1352495 abort: 44505 (0/44505/0), network size: 0, avg network size: 0, si_in_serializable: 0 0 %, local: 0 %
I1126 18:00:44.397663 1064290 Coordinator.h:126] commit: 1362975 abort: 45025 (0/45025/0), network size: 0, avg network size: 0, si_in_serializable: 0 0 %, local: 0 %
I1126 18:00:45.397760 1064290 Coordinator.h:126] commit: 1365708 abort: 45292 (0/45292/0), network size: 0, avg network size: 0, si_in_serializable: 0 0 %, local: 0 %
I1126 18:00:46.397842 1064290 Coordinator.h:126] commit: 1286670 abort: 42330 (0/42330/0), network size: 0, avg network size: 0, si_in_serializable: 0 0 %, local: 0 %
I1126 18:00:47.397915 1064290 Coordinator.h:126] commit: 1368940 abort: 45060 (0/45060/0), network size: 0, avg network size: 0, si_in_serializable: 0 0 %, local: 0 %
I1126 18:00:48.397989 1064290 Coordinator.h:126] commit: 1363892 abort: 45108 (0/45108/0), network size: 0, avg network size: 0, si_in_serializable: 0 0 %, local: 0 %
I1126 18:00:49.398061 1064290 Coordinator.h:126] commit: 1370915 abort: 45085 (0/45085/0), network size: 0, avg network size: 0, si_in_serializable: 0 0 %, local: 0 %
I1126 18:00:50.398130 1064290 Coordinator.h:126] commit: 1362046 abort: 44954 (0/44954/0), network size: 0, avg network size: 0, si_in_serializable: 0 0 %, local: 0 %
I1126 18:00:51.398203 1064290 Coordinator.h:126] commit: 1348225 abort: 44775 (0/44775/0), network size: 0, avg network size: 0, si_in_serializable: 0 0 %, local: 0 %
I1126 18:00:52.398298 1064290 Coordinator.h:126] commit: 1363947 abort: 45053 (0/45053/0), network size: 0, avg network size: 0, si_in_serializable: 0 0 %, local: 0 %
I1126 18:00:53.398394 1064290 Coordinator.h:126] commit: 1373543 abort: 45457 (0/45457/0), network size: 0, avg network size: 0, si_in_serializable: 0 0 %, local: 0 %
I1126 18:00:54.398469 1064290 Coordinator.h:126] commit: 1368816 abort: 45184 (0/45184/0), network size: 0, avg network size: 0, si_in_serializable: 0 0 %, local: 0 %
I1126 18:00:55.398545 1064290 Coordinator.h:126] commit: 1176759 abort: 39241 (0/39241/0), network size: 0, avg network size: 0, si_in_serializable: 0 0 %, local: 0 %
I1126 18:00:56.398618 1064290 Coordinator.h:126] commit: 1368998 abort: 45002 (0/45002/0), network size: 0, avg network size: 0, si_in_serializable: 0 0 %, local: 0 %
I1126 18:00:57.398694 1064290 Coordinator.h:126] commit: 1372467 abort: 45533 (0/45533/0), network size: 0, avg network size: 0, si_in_serializable: 0 0 %, local: 0 %
I1126 18:00:58.398770 1064290 Coordinator.h:126] commit: 1367909 abort: 45393 (0/45393/0), network size: 0, avg network size: 0, si_in_serializable: 0 0 %, local: 0 %
I1126 18:00:59.398852 1064290 Coordinator.h:126] commit: 1371974 abort: 45724 (0/45724/0), network size: 0, avg network size: 0, si_in_serializable: 0 0 %, local: 0 %
I1126 18:01:00.398931 1064290 Coordinator.h:126] commit: 1369511 abort: 45490 (0/45490/0), network size: 0, avg network size: 0, si_in_serializable: 0 0 %, local: 0 %
I1126 18:01:01.399005 1064290 Coordinator.h:126] commit: 1373027 abort: 44972 (0/44972/0), network size: 0, avg network size: 0, si_in_serializable: 0 0 %, local: 0 %
I1126 18:01:01.399022 1064290 Coordinator.h:152] average commit: 1.34661e+06 abort: 44491.9 (0/44491.9/0), network size: 0, avg network size: 0, si_in_serializable: 0 0 %, local: 0 %
I1126 18:01:01.399289 1064318 Manager.h:227] Manager(worker id = 12) on the coordinator node exits.
I1126 18:01:01.399291 1064314 AriaExecutor.h:103] AriaExecutor 8 exits. 
I1126 18:01:01.399292 1064310 AriaExecutor.h:103] AriaExecutor 4 exits. 
I1126 18:01:01.399292 1064312 AriaExecutor.h:103] AriaExecutor 6 exits. 
I1126 18:01:01.399292 1064308 AriaExecutor.h:103] AriaExecutor 2 exits. 
I1126 18:01:01.399293 1064316 AriaExecutor.h:103] AriaExecutor 10 exits. 
I1126 18:01:01.399303 1064313 AriaExecutor.h:103] AriaExecutor 7 exits. 
I1126 18:01:01.399304 1064307 AriaExecutor.h:103] AriaExecutor 1 exits. 
I1126 18:01:01.399303 1064317 AriaExecutor.h:103] AriaExecutor 11 exits. 
I1126 18:01:01.399293 1064306 AriaExecutor.h:103] AriaExecutor 0 exits. 
I1126 18:01:01.399304 1064309 AriaExecutor.h:103] AriaExecutor 3 exits. 
I1126 18:01:01.399303 1064315 AriaExecutor.h:103] AriaExecutor 9 exits. 
I1126 18:01:01.399303 1064311 AriaExecutor.h:103] AriaExecutor 5 exits. 
I1126 18:01:01.399034 1064290 AriaExecutor.h:621] Worker 0 latency: 528 us (50%) 578 us (75%) 621 us (95%) 640 us (99%).
I1126 18:01:01.501503 1064290 AriaExecutor.h:621] Worker 1 latency: 525 us (50%) 576 us (75%) 619 us (95%) 638 us (99%).
I1126 18:01:01.604099 1064290 AriaExecutor.h:621] Worker 2 latency: 530 us (50%) 578 us (75%) 621 us (95%) 640 us (99%).
I1126 18:01:01.708536 1064290 AriaExecutor.h:621] Worker 3 latency: 527 us (50%) 576 us (75%) 619 us (95%) 639 us (99%).
I1126 18:01:01.812243 1064290 AriaExecutor.h:621] Worker 4 latency: 529 us (50%) 578 us (75%) 621 us (95%) 640 us (99%).
I1126 18:01:01.911594 1064290 AriaExecutor.h:621] Worker 5 latency: 525 us (50%) 575 us (75%) 619 us (95%) 638 us (99%).
I1126 18:01:02.010851 1064290 AriaExecutor.h:621] Worker 6 latency: 534 us (50%) 580 us (75%) 621 us (95%) 640 us (99%).
I1126 18:01:02.110368 1064290 AriaExecutor.h:621] Worker 7 latency: 527 us (50%) 576 us (75%) 619 us (95%) 638 us (99%).
I1126 18:01:02.210842 1064290 AriaExecutor.h:621] Worker 8 latency: 533 us (50%) 580 us (75%) 621 us (95%) 640 us (99%).
I1126 18:01:02.308859 1064290 AriaExecutor.h:621] Worker 9 latency: 528 us (50%) 577 us (75%) 619 us (95%) 639 us (99%).
I1126 18:01:02.407730 1064290 AriaExecutor.h:621] Worker 10 latency: 534 us (50%) 580 us (75%) 621 us (95%) 640 us (99%).
I1126 18:01:02.506327 1064290 AriaExecutor.h:621] Worker 11 latency: 528 us (50%) 577 us (75%) 619 us (95%) 639 us (99%).
I1126 18:01:02.607331 1064290 Coordinator.h:177] total commit: 1.34661e+06
I1126 18:01:03.607447 1064290 Coordinator.h:192] Coordinator exits.
