I0911 23:58:04.057773 2952523 Database.h:65] ycsb initialization finished in 151 milliseconds.
I0911 23:58:04.057890 2952523 Coordinator.h:30] Coordinator initializes 16 workers.
I0911 23:58:04.090327 2952523 Coordinator.h:77] Coordinator starts to run 17 workers.
I0911 23:58:04.090387 2952543 AriaExecutor.h:82] AriaExecutor 0 started. 
I0911 23:58:04.090422 2952544 AriaExecutor.h:82] AriaExecutor 1 started. 
I0911 23:58:04.090473 2952545 AriaExecutor.h:82] AriaExecutor 2 started. 
I0911 23:58:04.090521 2952546 AriaExecutor.h:82] AriaExecutor 3 started. 
I0911 23:58:04.090559 2952547 AriaExecutor.h:82] AriaExecutor 4 started. 
I0911 23:58:04.090600 2952548 AriaExecutor.h:82] AriaExecutor 5 started. 
I0911 23:58:04.090639 2952549 AriaExecutor.h:82] AriaExecutor 6 started. 
I0911 23:58:04.090691 2952550 AriaExecutor.h:82] AriaExecutor 7 started. 
I0911 23:58:04.090729 2952551 AriaExecutor.h:82] AriaExecutor 8 started. 
I0911 23:58:04.090764 2952552 AriaExecutor.h:82] AriaExecutor 9 started. 
I0911 23:58:04.090806 2952553 AriaExecutor.h:82] AriaExecutor 10 started. 
I0911 23:58:04.090859 2952554 AriaExecutor.h:82] AriaExecutor 11 started. 
I0911 23:58:04.090894 2952555 AriaExecutor.h:82] AriaExecutor 12 started. 
I0911 23:58:04.090937 2952556 AriaExecutor.h:82] AriaExecutor 13 started. 
I0911 23:58:04.090972 2952557 AriaExecutor.h:82] AriaExecutor 14 started. 
I0911 23:58:04.091013 2952558 AriaExecutor.h:82] AriaExecutor 15 started. 
I0911 23:58:04.091053 2952559 Manager.h:224] Manager(worker id = 16) on the coordinator node started.
I0911 23:58:05.091114 2952523 Coordinator.h:126] commit: 16813 abort: 208467 (0/208467/0), network size: 0, avg network size: 0, si_in_serializable: 0 0 %, local: 0 %
I0911 23:58:06.091274 2952523 Coordinator.h:126] commit: 18241 abort: 227519 (0/227519/0), network size: 0, avg network size: 0, si_in_serializable: 0 0 %, local: 0 %
I0911 23:58:07.091365 2952523 Coordinator.h:126] commit: 17405 abort: 220163 (0/220163/0), network size: 0, avg network size: 0, si_in_serializable: 0 0 %, local: 0 %
I0911 23:58:08.091449 2952523 Coordinator.h:126] commit: 17874 abort: 223790 (0/223790/0), network size: 0, avg network size: 0, si_in_serializable: 0 0 %, local: 0 %
I0911 23:58:09.091562 2952523 Coordinator.h:126] commit: 18437 abort: 231419 (0/231419/0), network size: 0, avg network size: 0, si_in_serializable: 0 0 %, local: 0 %
I0911 23:58:10.091650 2952523 Coordinator.h:126] commit: 19067 abort: 238981 (0/238981/0), network size: 0, avg network size: 0, si_in_serializable: 0 0 %, local: 0 %
I0911 23:58:11.091733 2952523 Coordinator.h:126] commit: 18755 abort: 235197 (0/235197/0), network size: 0, avg network size: 0, si_in_serializable: 0 0 %, local: 0 %
I0911 23:58:12.091811 2952523 Coordinator.h:126] commit: 18758 abort: 235194 (0/235194/0), network size: 0, avg network size: 0, si_in_serializable: 0 0 %, local: 0 %
I0911 23:58:13.091881 2952523 Coordinator.h:126] commit: 18397 abort: 231459 (0/231459/0), network size: 0, avg network size: 0, si_in_serializable: 0 0 %, local: 0 %
I0911 23:58:14.091953 2952523 Coordinator.h:126] commit: 19069 abort: 238979 (0/238979/0), network size: 0, avg network size: 0, si_in_serializable: 0 0 %, local: 0 %
I0911 23:58:15.092026 2952523 Coordinator.h:126] commit: 18856 abort: 235096 (0/235096/0), network size: 0, avg network size: 0, si_in_serializable: 0 0 %, local: 0 %
I0911 23:58:16.092133 2952523 Coordinator.h:126] commit: 19181 abort: 238867 (0/238867/0), network size: 0, avg network size: 0, si_in_serializable: 0 0 %, local: 0 %
I0911 23:58:17.092213 2952523 Coordinator.h:126] commit: 19018 abort: 239030 (0/239030/0), network size: 0, avg network size: 0, si_in_serializable: 0 0 %, local: 0 %
I0911 23:58:18.092286 2952523 Coordinator.h:126] commit: 19316 abort: 242828 (0/242828/0), network size: 0, avg network size: 0, si_in_serializable: 0 0 %, local: 0 %
I0911 23:58:19.092370 2952523 Coordinator.h:126] commit: 19292 abort: 238756 (0/238756/0), network size: 0, avg network size: 0, si_in_serializable: 0 0 %, local: 0 %
I0911 23:58:20.092448 2952523 Coordinator.h:126] commit: 19304 abort: 238744 (0/238744/0), network size: 0, avg network size: 0, si_in_serializable: 0 0 %, local: 0 %
I0911 23:58:21.092533 2952523 Coordinator.h:126] commit: 19474 abort: 242670 (0/242670/0), network size: 0, avg network size: 0, si_in_serializable: 0 0 %, local: 0 %
I0911 23:58:22.092617 2952523 Coordinator.h:126] commit: 18891 abort: 235061 (0/235061/0), network size: 0, avg network size: 0, si_in_serializable: 0 0 %, local: 0 %
I0911 23:58:23.092698 2952523 Coordinator.h:126] commit: 19117 abort: 238931 (0/238931/0), network size: 0, avg network size: 0, si_in_serializable: 0 0 %, local: 0 %
I0911 23:58:24.092778 2952523 Coordinator.h:126] commit: 18905 abort: 235047 (0/235047/0), network size: 0, avg network size: 0, si_in_serializable: 0 0 %, local: 0 %
I0911 23:58:25.092880 2952523 Coordinator.h:126] commit: 19147 abort: 238901 (0/238901/0), network size: 0, avg network size: 0, si_in_serializable: 0 0 %, local: 0 %
I0911 23:58:26.092967 2952523 Coordinator.h:126] commit: 19318 abort: 242826 (0/242826/0), network size: 0, avg network size: 0, si_in_serializable: 0 0 %, local: 0 %
I0911 23:58:27.093048 2952523 Coordinator.h:126] commit: 18986 abort: 239062 (0/239062/0), network size: 0, avg network size: 0, si_in_serializable: 0 0 %, local: 0 %
I0911 23:58:28.093122 2952523 Coordinator.h:126] commit: 19060 abort: 238988 (0/238988/0), network size: 0, avg network size: 0, si_in_serializable: 0 0 %, local: 0 %
I0911 23:58:29.093199 2952523 Coordinator.h:126] commit: 19019 abort: 239029 (0/239029/0), network size: 0, avg network size: 0, si_in_serializable: 0 0 %, local: 0 %
I0911 23:58:29.093209 2952523 Coordinator.h:152] average commit: 19135.4 abort: 238503 (0/238503/0), network size: 0, avg network size: 0, si_in_serializable: 0 0 %, local: 0 %
I0911 23:58:29.094291 2952553 AriaExecutor.h:94] AriaExecutor 10 exits. 
I0911 23:58:29.094295 2952555 AriaExecutor.h:94] AriaExecutor 12 exits. 
I0911 23:58:29.094298 2952547 AriaExecutor.h:94] AriaExecutor 4 exits. 
I0911 23:58:29.094311 2952552 AriaExecutor.h:94] AriaExecutor 9 exits. 
I0911 23:58:29.094307 2952544 AriaExecutor.h:94] AriaExecutor 1 exits. 
I0911 23:58:29.094311 2952558 AriaExecutor.h:94] AriaExecutor 15 exits. 
I0911 23:58:29.094306 2952556 AriaExecutor.h:94] AriaExecutor 13 exits. 
I0911 23:58:29.094308 2952545 AriaExecutor.h:94] AriaExecutor 2 exits. 
I0911 23:58:29.094311 2952550 AriaExecutor.h:94] AriaExecutor 7 exits. 
I0911 23:58:29.094291 2952559 Manager.h:227] Manager(worker id = 16) on the coordinator node exits.
I0911 23:58:29.094307 2952554 AriaExecutor.h:94] AriaExecutor 11 exits. 
I0911 23:58:29.094309 2952543 AriaExecutor.h:94] AriaExecutor 0 exits. 
I0911 23:58:29.094311 2952548 AriaExecutor.h:94] AriaExecutor 5 exits. 
I0911 23:58:29.094295 2952551 AriaExecutor.h:94] AriaExecutor 8 exits. 
I0911 23:58:29.094308 2952549 AriaExecutor.h:94] AriaExecutor 6 exits. 
I0911 23:58:29.094310 2952546 AriaExecutor.h:94] AriaExecutor 3 exits. 
I0911 23:58:29.094292 2952557 AriaExecutor.h:94] AriaExecutor 14 exits. 
I0911 23:58:29.093218 2952523 AriaExecutor.h:641] Worker 0 latency: 14898 us (50%) 15531 us (75%) 16172 us (95%) 18003 us (99%).
I0911 23:58:29.095021 2952523 AriaExecutor.h:641] Worker 1 latency: 14884 us (50%) 15531 us (75%) 16147 us (95%) 17898 us (99%).
I0911 23:58:29.096832 2952523 AriaExecutor.h:641] Worker 2 latency: 14906 us (50%) 15532 us (75%) 16136 us (95%) 17859 us (99%).
I0911 23:58:29.098543 2952523 AriaExecutor.h:641] Worker 3 latency: 14901 us (50%) 15525 us (75%) 16141 us (95%) 17855 us (99%).
I0911 23:58:29.100344 2952523 AriaExecutor.h:641] Worker 4 latency: 14884 us (50%) 15529 us (75%) 16140 us (95%) 17862 us (99%).
I0911 23:58:29.102043 2952523 AriaExecutor.h:641] Worker 5 latency: 14875 us (50%) 15524 us (75%) 16137 us (95%) 17849 us (99%).
I0911 23:58:29.103788 2952523 AriaExecutor.h:641] Worker 6 latency: 14891 us (50%) 15528 us (75%) 16139 us (95%) 17909 us (99%).
I0911 23:58:29.105468 2952523 AriaExecutor.h:641] Worker 7 latency: 14880 us (50%) 15523 us (75%) 16135 us (95%) 17860 us (99%).
I0911 23:58:29.107267 2952523 AriaExecutor.h:641] Worker 8 latency: 14846 us (50%) 15519 us (75%) 16141 us (95%) 17895 us (99%).
I0911 23:58:29.108958 2952523 AriaExecutor.h:641] Worker 9 latency: 14849 us (50%) 15518 us (75%) 16146 us (95%) 17893 us (99%).
I0911 23:58:29.110718 2952523 AriaExecutor.h:641] Worker 10 latency: 14856 us (50%) 15520 us (75%) 16143 us (95%) 17852 us (99%).
I0911 23:58:29.112377 2952523 AriaExecutor.h:641] Worker 11 latency: 14847 us (50%) 15520 us (75%) 16156 us (95%) 17891 us (99%).
I0911 23:58:29.114121 2952523 AriaExecutor.h:641] Worker 12 latency: 14852 us (50%) 15518 us (75%) 16138 us (95%) 17873 us (99%).
I0911 23:58:29.115768 2952523 AriaExecutor.h:641] Worker 13 latency: 14817 us (50%) 15511 us (75%) 16136 us (95%) 17888 us (99%).
I0911 23:58:29.117587 2952523 AriaExecutor.h:641] Worker 14 latency: 14835 us (50%) 15515 us (75%) 16141 us (95%) 17847 us (99%).
I0911 23:58:29.119206 2952523 AriaExecutor.h:641] Worker 15 latency: 14837 us (50%) 15515 us (75%) 16146 us (95%) 17851 us (99%).
I0911 23:58:29.120906 2952523 Coordinator.h:177] total commit: 19135.4
I0911 23:58:30.121013 2952523 Coordinator.h:192] Coordinator exits.
