I0911 23:10:34.580953 2943582 Database.h:65] ycsb initialization finished in 148 milliseconds.
I0911 23:10:34.581069 2943582 Coordinator.h:30] Coordinator initializes 16 workers.
I0911 23:10:34.612237 2943582 Coordinator.h:77] Coordinator starts to run 17 workers.
I0911 23:10:34.612304 2943603 AriaExecutor.h:82] AriaExecutor 0 started. 
I0911 23:10:34.612337 2943604 AriaExecutor.h:82] AriaExecutor 1 started. 
I0911 23:10:34.612376 2943605 AriaExecutor.h:82] AriaExecutor 2 started. 
I0911 23:10:34.612424 2943606 AriaExecutor.h:82] AriaExecutor 3 started. 
I0911 23:10:34.612455 2943607 AriaExecutor.h:82] AriaExecutor 4 started. 
I0911 23:10:34.612500 2943608 AriaExecutor.h:82] AriaExecutor 5 started. 
I0911 23:10:34.612543 2943609 AriaExecutor.h:82] AriaExecutor 6 started. 
I0911 23:10:34.612586 2943610 AriaExecutor.h:82] AriaExecutor 7 started. 
I0911 23:10:34.612624 2943611 AriaExecutor.h:82] AriaExecutor 8 started. 
I0911 23:10:34.612665 2943612 AriaExecutor.h:82] AriaExecutor 9 started. 
I0911 23:10:34.612709 2943613 AriaExecutor.h:82] AriaExecutor 10 started. 
I0911 23:10:34.612751 2943614 AriaExecutor.h:82] AriaExecutor 11 started. 
I0911 23:10:34.612794 2943615 AriaExecutor.h:82] AriaExecutor 12 started. 
I0911 23:10:34.612840 2943616 AriaExecutor.h:82] AriaExecutor 13 started. 
I0911 23:10:34.612879 2943617 AriaExecutor.h:82] AriaExecutor 14 started. 
I0911 23:10:34.612917 2943618 AriaExecutor.h:82] AriaExecutor 15 started. 
I0911 23:10:34.612965 2943619 Manager.h:224] Manager(worker id = 16) on the coordinator node started.
I0911 23:10:35.613044 2943582 Coordinator.h:126] commit: 37394 abort: 110062 (0/110062/0), network size: 0, avg network size: 0, si_in_serializable: 0 0 %, local: 0 %
I0911 23:10:36.613231 2943582 Coordinator.h:126] commit: 39700 abort: 115948 (0/115948/0), network size: 0, avg network size: 0, si_in_serializable: 0 0 %, local: 0 %
I0911 23:10:37.613361 2943582 Coordinator.h:126] commit: 39719 abort: 115929 (0/115929/0), network size: 0, avg network size: 0, si_in_serializable: 0 0 %, local: 0 %
I0911 23:10:38.613521 2943582 Coordinator.h:126] commit: 40887 abort: 118857 (0/118857/0), network size: 0, avg network size: 0, si_in_serializable: 0 0 %, local: 0 %
I0911 23:10:39.613705 2943582 Coordinator.h:126] commit: 41670 abort: 122170 (0/122170/0), network size: 0, avg network size: 0, si_in_serializable: 0 0 %, local: 0 %
I0911 23:10:40.613822 2943582 Coordinator.h:126] commit: 42744 abort: 125192 (0/125192/0), network size: 0, avg network size: 0, si_in_serializable: 0 0 %, local: 0 %
I0911 23:10:41.613935 2943582 Coordinator.h:126] commit: 42695 abort: 125241 (0/125241/0), network size: 0, avg network size: 0, si_in_serializable: 0 0 %, local: 0 %
I0911 23:10:42.614091 2943582 Coordinator.h:126] commit: 42682 abort: 125254 (0/125254/0), network size: 0, avg network size: 0, si_in_serializable: 0 0 %, local: 0 %
I0911 23:10:43.614197 2943582 Coordinator.h:126] commit: 42917 abort: 125019 (0/125019/0), network size: 0, avg network size: 0, si_in_serializable: 0 0 %, local: 0 %
I0911 23:10:44.614288 2943582 Coordinator.h:126] commit: 42639 abort: 125297 (0/125297/0), network size: 0, avg network size: 0, si_in_serializable: 0 0 %, local: 0 %
I0911 23:10:45.614398 2943582 Coordinator.h:126] commit: 41786 abort: 122054 (0/122054/0), network size: 0, avg network size: 0, si_in_serializable: 0 0 %, local: 0 %
I0911 23:10:46.614543 2943582 Coordinator.h:126] commit: 43422 abort: 126650 (0/126650/0), network size: 0, avg network size: 0, si_in_serializable: 0 0 %, local: 0 %
I0911 23:10:47.614650 2943582 Coordinator.h:126] commit: 42927 abort: 126969 (0/126969/0), network size: 0, avg network size: 0, si_in_serializable: 0 0 %, local: 0 %
I0911 23:10:48.614758 2943582 Coordinator.h:126] commit: 43803 abort: 128229 (0/128229/0), network size: 0, avg network size: 0, si_in_serializable: 0 0 %, local: 0 %
I0911 23:10:49.614861 2943582 Coordinator.h:126] commit: 42783 abort: 125153 (0/125153/0), network size: 0, avg network size: 0, si_in_serializable: 0 0 %, local: 0 %
I0911 23:10:50.614959 2943582 Coordinator.h:126] commit: 43910 abort: 128122 (0/128122/0), network size: 0, avg network size: 0, si_in_serializable: 0 0 %, local: 0 %
I0911 23:10:51.615054 2943582 Coordinator.h:126] commit: 42736 abort: 125200 (0/125200/0), network size: 0, avg network size: 0, si_in_serializable: 0 0 %, local: 0 %
I0911 23:10:52.615139 2943582 Coordinator.h:126] commit: 42659 abort: 125277 (0/125277/0), network size: 0, avg network size: 0, si_in_serializable: 0 0 %, local: 0 %
I0911 23:10:53.615231 2943582 Coordinator.h:126] commit: 42910 abort: 125026 (0/125026/0), network size: 0, avg network size: 0, si_in_serializable: 0 0 %, local: 0 %
I0911 23:10:54.615341 2943582 Coordinator.h:126] commit: 42769 abort: 125167 (0/125167/0), network size: 0, avg network size: 0, si_in_serializable: 0 0 %, local: 0 %
I0911 23:10:55.615429 2943582 Coordinator.h:126] commit: 42739 abort: 125197 (0/125197/0), network size: 0, avg network size: 0, si_in_serializable: 0 0 %, local: 0 %
I0911 23:10:56.615528 2943582 Coordinator.h:126] commit: 43779 abort: 128253 (0/128253/0), network size: 0, avg network size: 0, si_in_serializable: 0 0 %, local: 0 %
I0911 23:10:57.615639 2943582 Coordinator.h:126] commit: 42849 abort: 125087 (0/125087/0), network size: 0, avg network size: 0, si_in_serializable: 0 0 %, local: 0 %
I0911 23:10:58.615738 2943582 Coordinator.h:126] commit: 43683 abort: 128349 (0/128349/0), network size: 0, avg network size: 0, si_in_serializable: 0 0 %, local: 0 %
I0911 23:10:59.615845 2943582 Coordinator.h:126] commit: 42779 abort: 125157 (0/125157/0), network size: 0, avg network size: 0, si_in_serializable: 0 0 %, local: 0 %
I0911 23:10:59.615867 2943582 Coordinator.h:152] average commit: 42970.5 abort: 125785 (0/125785/0), network size: 0, avg network size: 0, si_in_serializable: 0 0 %, local: 0 %
I0911 23:10:59.615878 2943582 AriaExecutor.h:641] Worker 0 latency: 21729 us (50%) 22532 us (75%) 23602 us (95%) 26122 us (99%).
I0911 23:10:59.628435 2943613 AriaExecutor.h:94] AriaExecutor 10 exits. 
I0911 23:10:59.628436 2943619 Manager.h:227] Manager(worker id = 16) on the coordinator node exits.
I0911 23:10:59.628449 2943618 AriaExecutor.h:94] AriaExecutor 15 exits. 
I0911 23:10:59.628438 2943617 AriaExecutor.h:94] AriaExecutor 14 exits. 
I0911 23:10:59.628436 2943611 AriaExecutor.h:94] AriaExecutor 8 exits. 
I0911 23:10:59.628461 2943603 AriaExecutor.h:94] AriaExecutor 0 exits. 
I0911 23:10:59.628471 2943606 AriaExecutor.h:94] AriaExecutor 3 exits. 
I0911 23:10:59.628451 2943608 AriaExecutor.h:94] AriaExecutor 5 exits. 
I0911 23:10:59.628436 2943605 AriaExecutor.h:94] AriaExecutor 2 exits. 
I0911 23:10:59.628451 2943604 AriaExecutor.h:94] AriaExecutor 1 exits. 
I0911 23:10:59.628453 2943610 AriaExecutor.h:94] AriaExecutor 7 exits. 
I0911 23:10:59.628441 2943607 AriaExecutor.h:94] AriaExecutor 4 exits. 
I0911 23:10:59.628451 2943616 AriaExecutor.h:94] AriaExecutor 13 exits. 
I0911 23:10:59.628451 2943612 AriaExecutor.h:94] AriaExecutor 9 exits. 
I0911 23:10:59.628455 2943614 AriaExecutor.h:94] AriaExecutor 11 exits. 
I0911 23:10:59.628436 2943609 AriaExecutor.h:94] AriaExecutor 6 exits. 
I0911 23:10:59.628436 2943615 AriaExecutor.h:94] AriaExecutor 12 exits. 
I0911 23:10:59.628767 2943582 AriaExecutor.h:641] Worker 1 latency: 21729 us (50%) 22532 us (75%) 23619 us (95%) 26269 us (99%).
I0911 23:10:59.632335 2943582 AriaExecutor.h:641] Worker 2 latency: 21738 us (50%) 22535 us (75%) 23598 us (95%) 26175 us (99%).
I0911 23:10:59.635819 2943582 AriaExecutor.h:641] Worker 3 latency: 21727 us (50%) 22530 us (75%) 23587 us (95%) 26149 us (99%).
I0911 23:10:59.639338 2943582 AriaExecutor.h:641] Worker 4 latency: 21706 us (50%) 22526 us (75%) 23593 us (95%) 26121 us (99%).
I0911 23:10:59.642850 2943582 AriaExecutor.h:641] Worker 5 latency: 21718 us (50%) 22527 us (75%) 23607 us (95%) 26270 us (99%).
I0911 23:10:59.646356 2943582 AriaExecutor.h:641] Worker 6 latency: 21734 us (50%) 22535 us (75%) 23611 us (95%) 26175 us (99%).
I0911 23:10:59.649845 2943582 AriaExecutor.h:641] Worker 7 latency: 21725 us (50%) 22527 us (75%) 23592 us (95%) 26141 us (99%).
I0911 23:10:59.653357 2943582 AriaExecutor.h:641] Worker 8 latency: 21720 us (50%) 22530 us (75%) 23591 us (95%) 26112 us (99%).
I0911 23:10:59.656838 2943582 AriaExecutor.h:641] Worker 9 latency: 21709 us (50%) 22523 us (75%) 23603 us (95%) 26204 us (99%).
I0911 23:10:59.660312 2943582 AriaExecutor.h:641] Worker 10 latency: 21725 us (50%) 22529 us (75%) 23592 us (95%) 26158 us (99%).
I0911 23:10:59.663781 2943582 AriaExecutor.h:641] Worker 11 latency: 21716 us (50%) 22525 us (75%) 23576 us (95%) 26148 us (99%).
I0911 23:10:59.667295 2943582 AriaExecutor.h:641] Worker 12 latency: 21718 us (50%) 22523 us (75%) 23583 us (95%) 26135 us (99%).
I0911 23:10:59.670764 2943582 AriaExecutor.h:641] Worker 13 latency: 21722 us (50%) 22527 us (75%) 23600 us (95%) 26391 us (99%).
I0911 23:10:59.674247 2943582 AriaExecutor.h:641] Worker 14 latency: 21711 us (50%) 22526 us (75%) 23586 us (95%) 26140 us (99%).
I0911 23:10:59.677657 2943582 AriaExecutor.h:641] Worker 15 latency: 21718 us (50%) 22521 us (75%) 23576 us (95%) 26165 us (99%).
I0911 23:10:59.681381 2943582 Coordinator.h:177] total commit: 42970.5
I0911 23:11:00.681494 2943582 Coordinator.h:192] Coordinator exits.
