I1126 14:55:06.953967 985357 Database.h:65] ycsb initialization finished in 30 milliseconds.
I1126 14:55:06.954057 985357 Coordinator.h:30] Coordinator initializes 12 workers.
I1126 14:55:06.960989 985357 Coordinator.h:77] Coordinator starts to run 13 workers.
I1126 14:55:06.961045 985376 AriaExecutor.h:91] AriaExecutor 0 started. 
I1126 14:55:06.961074 985377 AriaExecutor.h:91] AriaExecutor 1 started. 
I1126 14:55:06.961113 985378 AriaExecutor.h:91] AriaExecutor 2 started. 
I1126 14:55:06.961155 985379 AriaExecutor.h:91] AriaExecutor 3 started. 
I1126 14:55:06.961241 985381 AriaExecutor.h:91] AriaExecutor 5 started. 
I1126 14:55:06.961282 985382 AriaExecutor.h:91] AriaExecutor 6 started. 
I1126 14:55:06.961323 985383 AriaExecutor.h:91] AriaExecutor 7 started. 
I1126 14:55:06.961366 985384 AriaExecutor.h:91] AriaExecutor 8 started. 
I1126 14:55:06.961405 985385 AriaExecutor.h:91] AriaExecutor 9 started. 
I1126 14:55:06.961440 985386 AriaExecutor.h:91] AriaExecutor 10 started. 
I1126 14:55:06.961484 985387 AriaExecutor.h:91] AriaExecutor 11 started. 
I1126 14:55:06.961512 985380 AriaExecutor.h:91] AriaExecutor 4 started. 
I1126 14:55:06.961517 985388 Manager.h:224] Manager(worker id = 12) on the coordinator node started.
I1126 14:55:07.961584 985357 Coordinator.h:126] commit: 1482332 abort: 457668 (0/457668/0), network size: 0, avg network size: 0, si_in_serializable: 0 0 %, local: 0 %
I1126 14:55:08.961710 985357 Coordinator.h:126] commit: 1459533 abort: 450467 (0/450467/0), network size: 0, avg network size: 0, si_in_serializable: 0 0 %, local: 0 %
I1126 14:55:09.961833 985357 Coordinator.h:126] commit: 1474638 abort: 455362 (0/455362/0), network size: 0, avg network size: 0, si_in_serializable: 0 0 %, local: 0 %
I1126 14:55:10.961933 985357 Coordinator.h:126] commit: 1482389 abort: 457611 (0/457611/0), network size: 0, avg network size: 0, si_in_serializable: 0 0 %, local: 0 %
I1126 14:55:11.962034 985357 Coordinator.h:126] commit: 1466279 abort: 453721 (0/453721/0), network size: 0, avg network size: 0, si_in_serializable: 0 0 %, local: 0 %
I1126 14:55:12.962119 985357 Coordinator.h:126] commit: 1490267 abort: 459733 (0/459733/0), network size: 0, avg network size: 0, si_in_serializable: 0 0 %, local: 0 %
I1126 14:55:13.962198 985357 Coordinator.h:126] commit: 1467398 abort: 452602 (0/452602/0), network size: 0, avg network size: 0, si_in_serializable: 0 0 %, local: 0 %
I1126 14:55:14.962277 985357 Coordinator.h:126] commit: 1481950 abort: 458050 (0/458050/0), network size: 0, avg network size: 0, si_in_serializable: 0 0 %, local: 0 %
I1126 14:55:15.962388 985357 Coordinator.h:126] commit: 1413279 abort: 436721 (0/436721/0), network size: 0, avg network size: 0, si_in_serializable: 0 0 %, local: 0 %
I1126 14:55:16.962494 985357 Coordinator.h:126] commit: 1490221 abort: 459779 (0/459779/0), network size: 0, avg network size: 0, si_in_serializable: 0 0 %, local: 0 %
I1126 14:55:17.962571 985357 Coordinator.h:126] commit: 1483074 abort: 456926 (0/456926/0), network size: 0, avg network size: 0, si_in_serializable: 0 0 %, local: 0 %
I1126 14:55:18.962647 985357 Coordinator.h:126] commit: 1489832 abort: 460168 (0/460168/0), network size: 0, avg network size: 0, si_in_serializable: 0 0 %, local: 0 %
I1126 14:55:19.962724 985357 Coordinator.h:126] commit: 1482714 abort: 457286 (0/457286/0), network size: 0, avg network size: 0, si_in_serializable: 0 0 %, local: 0 %
I1126 14:55:20.962810 985357 Coordinator.h:126] commit: 1482748 abort: 457252 (0/457252/0), network size: 0, avg network size: 0, si_in_serializable: 0 0 %, local: 0 %
I1126 14:55:21.962936 985357 Coordinator.h:126] commit: 1473594 abort: 453332 (0/453332/0), network size: 0, avg network size: 0, si_in_serializable: 0 0 %, local: 0 %
I1126 14:55:22.963032 985357 Coordinator.h:126] commit: 1492237 abort: 460837 (0/460837/0), network size: 0, avg network size: 0, si_in_serializable: 0 0 %, local: 0 %
I1126 14:55:23.963133 985357 Coordinator.h:126] commit: 1490109 abort: 459891 (0/459891/0), network size: 0, avg network size: 0, si_in_serializable: 0 0 %, local: 0 %
I1126 14:55:24.963228 985357 Coordinator.h:126] commit: 1352736 abort: 417264 (0/417264/0), network size: 0, avg network size: 0, si_in_serializable: 0 0 %, local: 0 %
I1126 14:55:25.963333 985357 Coordinator.h:126] commit: 1490090 abort: 459910 (0/459910/0), network size: 0, avg network size: 0, si_in_serializable: 0 0 %, local: 0 %
I1126 14:55:26.963445 985357 Coordinator.h:126] commit: 1490552 abort: 459448 (0/459448/0), network size: 0, avg network size: 0, si_in_serializable: 0 0 %, local: 0 %
I1126 14:55:27.963539 985357 Coordinator.h:126] commit: 1498476 abort: 461524 (0/461524/0), network size: 0, avg network size: 0, si_in_serializable: 0 0 %, local: 0 %
I1126 14:55:28.963616 985357 Coordinator.h:126] commit: 1490876 abort: 459124 (0/459124/0), network size: 0, avg network size: 0, si_in_serializable: 0 0 %, local: 0 %
I1126 14:55:29.963694 985357 Coordinator.h:126] commit: 1490010 abort: 459990 (0/459990/0), network size: 0, avg network size: 0, si_in_serializable: 0 0 %, local: 0 %
I1126 14:55:30.963771 985357 Coordinator.h:126] commit: 1496028 abort: 460002 (0/460002/0), network size: 0, avg network size: 0, si_in_serializable: 0 0 %, local: 0 %
I1126 14:55:31.963868 985357 Coordinator.h:126] commit: 1493492 abort: 460478 (0/460478/0), network size: 0, avg network size: 0, si_in_serializable: 0 0 %, local: 0 %
I1126 14:55:31.963881 985357 Coordinator.h:152] average commit: 1.47277e+06 abort: 454231 (0/454231/0), network size: 0, avg network size: 0, si_in_serializable: 0 0 %, local: 0 %
I1126 14:55:31.967898 985380 AriaExecutor.h:103] AriaExecutor 4 exits. 
I1126 14:55:31.967901 985378 AriaExecutor.h:103] AriaExecutor 2 exits. 
I1126 14:55:31.967900 985386 AriaExecutor.h:103] AriaExecutor 10 exits. 
I1126 14:55:31.967901 985376 AriaExecutor.h:103] AriaExecutor 0 exits. 
I1126 14:55:31.967913 985379 AriaExecutor.h:103] AriaExecutor 3 exits. 
I1126 14:55:31.967904 985384 AriaExecutor.h:103] AriaExecutor 8 exits. 
I1126 14:55:31.967903 985388 Manager.h:227] Manager(worker id = 12) on the coordinator node exits.
I1126 14:55:31.967913 985385 AriaExecutor.h:103] AriaExecutor 9 exits. 
I1126 14:55:31.967913 985381 AriaExecutor.h:103] AriaExecutor 5 exits. 
I1126 14:55:31.967913 985377 AriaExecutor.h:103] AriaExecutor 1 exits. 
I1126 14:55:31.967913 985387 AriaExecutor.h:103] AriaExecutor 11 exits. 
I1126 14:55:31.967904 985382 AriaExecutor.h:103] AriaExecutor 6 exits. 
I1126 14:55:31.967913 985383 AriaExecutor.h:103] AriaExecutor 7 exits. 
I1126 14:55:31.963891 985357 AriaExecutor.h:649] Worker 0 latency: 3687 us (50%) 4185 us (75%) 4542 us (95%) 4636 us (99%).
I1126 14:55:32.082892 985357 AriaExecutor.h:649] Worker 1 latency: 3683 us (50%) 4182 us (75%) 4542 us (95%) 4636 us (99%).
I1126 14:55:32.215832 985357 AriaExecutor.h:649] Worker 2 latency: 3696 us (50%) 4189 us (75%) 4542 us (95%) 4635 us (99%).
I1126 14:55:32.334435 985357 AriaExecutor.h:649] Worker 3 latency: 3691 us (50%) 4186 us (75%) 4542 us (95%) 4636 us (99%).
I1126 14:55:32.469671 985357 AriaExecutor.h:649] Worker 4 latency: 3691 us (50%) 4187 us (75%) 4543 us (95%) 4636 us (99%).
I1126 14:55:32.590179 985357 AriaExecutor.h:649] Worker 5 latency: 3684 us (50%) 4183 us (75%) 4542 us (95%) 4636 us (99%).
I1126 14:55:32.705449 985357 AriaExecutor.h:649] Worker 6 latency: 3697 us (50%) 4190 us (75%) 4543 us (95%) 4637 us (99%).
I1126 14:55:32.825136 985357 AriaExecutor.h:649] Worker 7 latency: 3686 us (50%) 4184 us (75%) 4542 us (95%) 4636 us (99%).
I1126 14:55:32.959000 985357 AriaExecutor.h:649] Worker 8 latency: 3691 us (50%) 4188 us (75%) 4543 us (95%) 4637 us (99%).
I1126 14:55:33.079051 985357 AriaExecutor.h:649] Worker 9 latency: 3687 us (50%) 4185 us (75%) 4543 us (95%) 4638 us (99%).
I1126 14:55:33.211042 985357 AriaExecutor.h:649] Worker 10 latency: 3699 us (50%) 4192 us (75%) 4544 us (95%) 4637 us (99%).
I1126 14:55:33.331231 985357 AriaExecutor.h:649] Worker 11 latency: 3687 us (50%) 4186 us (75%) 4544 us (95%) 4638 us (99%).
I1126 14:55:33.463730 985357 Coordinator.h:177] total commit: 1.47277e+06
I1126 14:55:34.463845 985357 Coordinator.h:192] Coordinator exits.
