I0911 23:06:01.461334 2942677 Database.h:65] ycsb initialization finished in 146 milliseconds.
I0911 23:06:01.461439 2942677 Coordinator.h:30] Coordinator initializes 16 workers.
I0911 23:06:01.469274 2942677 Coordinator.h:77] Coordinator starts to run 17 workers.
I0911 23:06:01.469338 2942697 AriaExecutor.h:82] AriaExecutor 0 started. 
I0911 23:06:01.469372 2942698 AriaExecutor.h:82] AriaExecutor 1 started. 
I0911 23:06:01.469416 2942699 AriaExecutor.h:82] AriaExecutor 2 started. 
I0911 23:06:01.469467 2942700 AriaExecutor.h:82] AriaExecutor 3 started. 
I0911 23:06:01.469486 2942701 AriaExecutor.h:82] AriaExecutor 4 started. 
I0911 23:06:01.469540 2942702 AriaExecutor.h:82] AriaExecutor 5 started. 
I0911 23:06:01.469574 2942703 AriaExecutor.h:82] AriaExecutor 6 started. 
I0911 23:06:01.469622 2942704 AriaExecutor.h:82] AriaExecutor 7 started. 
I0911 23:06:01.469661 2942705 AriaExecutor.h:82] AriaExecutor 8 started. 
I0911 23:06:01.469699 2942706 AriaExecutor.h:82] AriaExecutor 9 started. 
I0911 23:06:01.469736 2942707 AriaExecutor.h:82] AriaExecutor 10 started. 
I0911 23:06:01.469782 2942708 AriaExecutor.h:82] AriaExecutor 11 started. 
I0911 23:06:01.469820 2942709 AriaExecutor.h:82] AriaExecutor 12 started. 
I0911 23:06:01.469861 2942710 AriaExecutor.h:82] AriaExecutor 13 started. 
I0911 23:06:01.469894 2942711 AriaExecutor.h:82] AriaExecutor 14 started. 
I0911 23:06:01.469937 2942712 AriaExecutor.h:82] AriaExecutor 15 started. 
I0911 23:06:01.469974 2942713 Manager.h:224] Manager(worker id = 16) on the coordinator node started.
I0911 23:06:02.470036 2942677 Coordinator.h:126] commit: 236380 abort: 29860 (0/29860/0), network size: 0, avg network size: 0, si_in_serializable: 0 0 %, local: 0 %
I0911 23:06:03.470171 2942677 Coordinator.h:126] commit: 233865 abort: 29303 (0/29303/0), network size: 0, avg network size: 0, si_in_serializable: 0 0 %, local: 0 %
I0911 23:06:04.470261 2942677 Coordinator.h:126] commit: 227318 abort: 28682 (0/28682/0), network size: 0, avg network size: 0, si_in_serializable: 0 0 %, local: 0 %
I0911 23:06:05.470345 2942677 Coordinator.h:126] commit: 232694 abort: 29450 (0/29450/0), network size: 0, avg network size: 0, si_in_serializable: 0 0 %, local: 0 %
I0911 23:06:06.470456 2942677 Coordinator.h:126] commit: 241922 abort: 30462 (0/30462/0), network size: 0, avg network size: 0, si_in_serializable: 0 0 %, local: 0 %
I0911 23:06:07.470544 2942677 Coordinator.h:126] commit: 242825 abort: 30583 (0/30583/0), network size: 0, avg network size: 0, si_in_serializable: 0 0 %, local: 0 %
I0911 23:06:08.470620 2942677 Coordinator.h:126] commit: 243876 abort: 30556 (0/30556/0), network size: 0, avg network size: 0, si_in_serializable: 0 0 %, local: 0 %
I0911 23:06:09.470710 2942677 Coordinator.h:126] commit: 240013 abort: 30323 (0/30323/0), network size: 0, avg network size: 0, si_in_serializable: 0 0 %, local: 0 %
I0911 23:06:10.470811 2942677 Coordinator.h:126] commit: 232759 abort: 29385 (0/29385/0), network size: 0, avg network size: 0, si_in_serializable: 0 0 %, local: 0 %
I0911 23:06:11.470891 2942677 Coordinator.h:126] commit: 238428 abort: 29860 (0/29860/0), network size: 0, avg network size: 0, si_in_serializable: 0 0 %, local: 0 %
I0911 23:06:12.470975 2942677 Coordinator.h:126] commit: 241784 abort: 30600 (0/30600/0), network size: 0, avg network size: 0, si_in_serializable: 0 0 %, local: 0 %
I0911 23:06:13.471093 2942677 Coordinator.h:126] commit: 242039 abort: 30345 (0/30345/0), network size: 0, avg network size: 0, si_in_serializable: 0 0 %, local: 0 %
I0911 23:06:14.471211 2942677 Coordinator.h:126] commit: 243635 abort: 30797 (0/30797/0), network size: 0, avg network size: 0, si_in_serializable: 0 0 %, local: 0 %
I0911 23:06:15.471310 2942677 Coordinator.h:126] commit: 242722 abort: 30686 (0/30686/0), network size: 0, avg network size: 0, si_in_serializable: 0 0 %, local: 0 %
I0911 23:06:16.471402 2942677 Coordinator.h:126] commit: 243543 abort: 30889 (0/30889/0), network size: 0, avg network size: 0, si_in_serializable: 0 0 %, local: 0 %
I0911 23:06:17.471503 2942677 Coordinator.h:126] commit: 240990 abort: 30370 (0/30370/0), network size: 0, avg network size: 0, si_in_serializable: 0 0 %, local: 0 %
I0911 23:06:18.471629 2942677 Coordinator.h:126] commit: 242828 abort: 30580 (0/30580/0), network size: 0, avg network size: 0, si_in_serializable: 0 0 %, local: 0 %
I0911 23:06:19.471740 2942677 Coordinator.h:126] commit: 230824 abort: 29272 (0/29272/0), network size: 0, avg network size: 0, si_in_serializable: 0 0 %, local: 0 %
I0911 23:06:20.471864 2942677 Coordinator.h:126] commit: 238186 abort: 30102 (0/30102/0), network size: 0, avg network size: 0, si_in_serializable: 0 0 %, local: 0 %
I0911 23:06:21.471966 2942677 Coordinator.h:126] commit: 242607 abort: 30801 (0/30801/0), network size: 0, avg network size: 0, si_in_serializable: 0 0 %, local: 0 %
I0911 23:06:22.472172 2942677 Coordinator.h:126] commit: 240848 abort: 30512 (0/30512/0), network size: 0, avg network size: 0, si_in_serializable: 0 0 %, local: 0 %
I0911 23:06:23.472311 2942677 Coordinator.h:126] commit: 242780 abort: 30628 (0/30628/0), network size: 0, avg network size: 0, si_in_serializable: 0 0 %, local: 0 %
I0911 23:06:24.472386 2942677 Coordinator.h:126] commit: 241954 abort: 30430 (0/30430/0), network size: 0, avg network size: 0, si_in_serializable: 0 0 %, local: 0 %
I0911 23:06:25.472457 2942677 Coordinator.h:126] commit: 242998 abort: 30410 (0/30410/0), network size: 0, avg network size: 0, si_in_serializable: 0 0 %, local: 0 %
I0911 23:06:26.472530 2942677 Coordinator.h:126] commit: 242913 abort: 30495 (0/30495/0), network size: 0, avg network size: 0, si_in_serializable: 0 0 %, local: 0 %
I0911 23:06:26.472549 2942677 Coordinator.h:152] average commit: 240916 abort: 30444.2 (0/30444.2/0), network size: 0, avg network size: 0, si_in_serializable: 0 0 %, local: 0 %
I0911 23:06:26.474470 2942703 AriaExecutor.h:94] AriaExecutor 6 exits. 
I0911 23:06:26.474483 2942704 AriaExecutor.h:94] AriaExecutor 7 exits. 
I0911 23:06:26.474473 2942701 AriaExecutor.h:94] AriaExecutor 4 exits. 
I0911 23:06:26.474473 2942713 Manager.h:227] Manager(worker id = 16) on the coordinator node exits.
I0911 23:06:26.474488 2942708 AriaExecutor.h:94] AriaExecutor 11 exits. 
I0911 23:06:26.474475 2942697 AriaExecutor.h:94] AriaExecutor 0 exits. 
I0911 23:06:26.474475 2942699 AriaExecutor.h:94] AriaExecutor 2 exits. 
I0911 23:06:26.474471 2942707 AriaExecutor.h:94] AriaExecutor 10 exits. 
I0911 23:06:26.474484 2942710 AriaExecutor.h:94] AriaExecutor 13 exits. 
I0911 23:06:26.474483 2942712 AriaExecutor.h:94] AriaExecutor 15 exits. 
I0911 23:06:26.474484 2942702 AriaExecutor.h:94] AriaExecutor 5 exits. 
I0911 23:06:26.474484 2942706 AriaExecutor.h:94] AriaExecutor 9 exits. 
I0911 23:06:26.474485 2942700 AriaExecutor.h:94] AriaExecutor 3 exits. 
I0911 23:06:26.474470 2942709 AriaExecutor.h:94] AriaExecutor 12 exits. 
I0911 23:06:26.474485 2942698 AriaExecutor.h:94] AriaExecutor 1 exits. 
I0911 23:06:26.474472 2942711 AriaExecutor.h:94] AriaExecutor 14 exits. 
I0911 23:06:26.474471 2942705 AriaExecutor.h:94] AriaExecutor 8 exits. 
I0911 23:06:26.472560 2942677 AriaExecutor.h:641] Worker 0 latency: 2594 us (50%) 3119 us (75%) 3513 us (95%) 3606 us (99%).
I0911 23:06:26.490159 2942677 AriaExecutor.h:641] Worker 1 latency: 2586 us (50%) 3114 us (75%) 3511 us (95%) 3604 us (99%).
I0911 23:06:26.507140 2942677 AriaExecutor.h:641] Worker 2 latency: 2608 us (50%) 3126 us (75%) 3515 us (95%) 3605 us (99%).
I0911 23:06:26.524653 2942677 AriaExecutor.h:641] Worker 3 latency: 2594 us (50%) 3118 us (75%) 3511 us (95%) 3603 us (99%).
I0911 23:06:26.542114 2942677 AriaExecutor.h:641] Worker 4 latency: 2592 us (50%) 3117 us (75%) 3513 us (95%) 3605 us (99%).
I0911 23:06:26.559599 2942677 AriaExecutor.h:641] Worker 5 latency: 2583 us (50%) 3113 us (75%) 3510 us (95%) 3604 us (99%).
I0911 23:06:26.576675 2942677 AriaExecutor.h:641] Worker 6 latency: 2602 us (50%) 3122 us (75%) 3513 us (95%) 3604 us (99%).
I0911 23:06:26.594424 2942677 AriaExecutor.h:641] Worker 7 latency: 2591 us (50%) 3117 us (75%) 3511 us (95%) 3603 us (99%).
I0911 23:06:26.611677 2942677 AriaExecutor.h:641] Worker 8 latency: 2594 us (50%) 3120 us (75%) 3513 us (95%) 3605 us (99%).
I0911 23:06:26.629248 2942677 AriaExecutor.h:641] Worker 9 latency: 2591 us (50%) 3117 us (75%) 3512 us (95%) 3604 us (99%).
I0911 23:06:26.646180 2942677 AriaExecutor.h:641] Worker 10 latency: 2609 us (50%) 3125 us (75%) 3514 us (95%) 3606 us (99%).
I0911 23:06:26.663589 2942677 AriaExecutor.h:641] Worker 11 latency: 2597 us (50%) 3119 us (75%) 3512 us (95%) 3604 us (99%).
I0911 23:06:26.680506 2942677 AriaExecutor.h:641] Worker 12 latency: 2605 us (50%) 3124 us (75%) 3513 us (95%) 3605 us (99%).
I0911 23:06:26.697707 2942677 AriaExecutor.h:641] Worker 13 latency: 2582 us (50%) 3113 us (75%) 3512 us (95%) 3605 us (99%).
I0911 23:06:26.714576 2942677 AriaExecutor.h:641] Worker 14 latency: 2610 us (50%) 3125 us (75%) 3512 us (95%) 3604 us (99%).
I0911 23:06:26.732080 2942677 AriaExecutor.h:641] Worker 15 latency: 2596 us (50%) 3119 us (75%) 3512 us (95%) 3604 us (99%).
I0911 23:06:26.749347 2942677 Coordinator.h:177] total commit: 240916
I0911 23:06:27.749467 2942677 Coordinator.h:192] Coordinator exits.
