I0911 23:00:05.704068 2941497 Database.h:65] ycsb initialization finished in 152 milliseconds.
I0911 23:00:05.704187 2941497 Coordinator.h:30] Coordinator initializes 16 workers.
I0911 23:00:05.827054 2941497 Coordinator.h:77] Coordinator starts to run 17 workers.
I0911 23:00:05.827117 2941518 AriaExecutor.h:82] AriaExecutor 0 started. 
I0911 23:00:05.827150 2941519 AriaExecutor.h:82] AriaExecutor 1 started. 
I0911 23:00:05.827193 2941520 AriaExecutor.h:82] AriaExecutor 2 started. 
I0911 23:00:05.827250 2941521 AriaExecutor.h:82] AriaExecutor 3 started. 
I0911 23:00:05.827293 2941522 AriaExecutor.h:82] AriaExecutor 4 started. 
I0911 23:00:05.827340 2941523 AriaExecutor.h:82] AriaExecutor 5 started. 
I0911 23:00:05.827382 2941524 AriaExecutor.h:82] AriaExecutor 6 started. 
I0911 23:00:05.827435 2941525 AriaExecutor.h:82] AriaExecutor 7 started. 
I0911 23:00:05.827481 2941526 AriaExecutor.h:82] AriaExecutor 8 started. 
I0911 23:00:05.827533 2941527 AriaExecutor.h:82] AriaExecutor 9 started. 
I0911 23:00:05.827577 2941528 AriaExecutor.h:82] AriaExecutor 10 started. 
I0911 23:00:05.827632 2941529 AriaExecutor.h:82] AriaExecutor 11 started. 
I0911 23:00:05.827677 2941530 AriaExecutor.h:82] AriaExecutor 12 started. 
I0911 23:00:05.827730 2941531 AriaExecutor.h:82] AriaExecutor 13 started. 
I0911 23:00:05.827772 2941532 AriaExecutor.h:82] AriaExecutor 14 started. 
I0911 23:00:05.827827 2941533 AriaExecutor.h:82] AriaExecutor 15 started. 
I0911 23:00:05.827870 2941534 Manager.h:224] Manager(worker id = 16) on the coordinator node started.
I0911 23:00:06.827955 2941497 Coordinator.h:126] commit: 325 abort: 191675 (0/191675/0), network size: 0, avg network size: 0, si_in_serializable: 0 0 %, local: 0 %
I0911 23:00:07.828176 2941497 Coordinator.h:126] commit: 357 abort: 207643 (0/207643/0), network size: 0, avg network size: 0, si_in_serializable: 0 0 %, local: 0 %
I0911 23:00:08.828291 2941497 Coordinator.h:126] commit: 384 abort: 223616 (0/223616/0), network size: 0, avg network size: 0, si_in_serializable: 0 0 %, local: 0 %
I0911 23:00:09.828411 2941497 Coordinator.h:126] commit: 401 abort: 223599 (0/223599/0), network size: 0, avg network size: 0, si_in_serializable: 0 0 %, local: 0 %
I0911 23:00:10.828521 2941497 Coordinator.h:126] commit: 414 abort: 239586 (0/239586/0), network size: 0, avg network size: 0, si_in_serializable: 0 0 %, local: 0 %
I0911 23:00:11.828673 2941497 Coordinator.h:126] commit: 384 abort: 223616 (0/223616/0), network size: 0, avg network size: 0, si_in_serializable: 0 0 %, local: 0 %
I0911 23:00:12.828787 2941497 Coordinator.h:126] commit: 422 abort: 239578 (0/239578/0), network size: 0, avg network size: 0, si_in_serializable: 0 0 %, local: 0 %
I0911 23:00:13.828899 2941497 Coordinator.h:126] commit: 416 abort: 239584 (0/239584/0), network size: 0, avg network size: 0, si_in_serializable: 0 0 %, local: 0 %
I0911 23:00:14.829041 2941497 Coordinator.h:126] commit: 406 abort: 239594 (0/239594/0), network size: 0, avg network size: 0, si_in_serializable: 0 0 %, local: 0 %
I0911 23:00:15.829164 2941497 Coordinator.h:126] commit: 408 abort: 239592 (0/239592/0), network size: 0, avg network size: 0, si_in_serializable: 0 0 %, local: 0 %
I0911 23:00:16.829291 2941497 Coordinator.h:126] commit: 411 abort: 239589 (0/239589/0), network size: 0, avg network size: 0, si_in_serializable: 0 0 %, local: 0 %
I0911 23:00:17.829401 2941497 Coordinator.h:126] commit: 418 abort: 239582 (0/239582/0), network size: 0, avg network size: 0, si_in_serializable: 0 0 %, local: 0 %
I0911 23:00:18.829509 2941497 Coordinator.h:126] commit: 416 abort: 239584 (0/239584/0), network size: 0, avg network size: 0, si_in_serializable: 0 0 %, local: 0 %
I0911 23:00:19.829638 2941497 Coordinator.h:126] commit: 412 abort: 239588 (0/239588/0), network size: 0, avg network size: 0, si_in_serializable: 0 0 %, local: 0 %
I0911 23:00:20.829738 2941497 Coordinator.h:126] commit: 434 abort: 239566 (0/239566/0), network size: 0, avg network size: 0, si_in_serializable: 0 0 %, local: 0 %
I0911 23:00:21.829852 2941497 Coordinator.h:126] commit: 432 abort: 255568 (0/255568/0), network size: 0, avg network size: 0, si_in_serializable: 0 0 %, local: 0 %
I0911 23:00:22.830003 2941497 Coordinator.h:126] commit: 397 abort: 239603 (0/239603/0), network size: 0, avg network size: 0, si_in_serializable: 0 0 %, local: 0 %
I0911 23:00:23.830120 2941497 Coordinator.h:126] commit: 442 abort: 255558 (0/255558/0), network size: 0, avg network size: 0, si_in_serializable: 0 0 %, local: 0 %
I0911 23:00:24.830231 2941497 Coordinator.h:126] commit: 402 abort: 239598 (0/239598/0), network size: 0, avg network size: 0, si_in_serializable: 0 0 %, local: 0 %
I0911 23:00:25.830348 2941497 Coordinator.h:126] commit: 407 abort: 239593 (0/239593/0), network size: 0, avg network size: 0, si_in_serializable: 0 0 %, local: 0 %
I0911 23:00:26.830451 2941497 Coordinator.h:126] commit: 421 abort: 255579 (0/255579/0), network size: 0, avg network size: 0, si_in_serializable: 0 0 %, local: 0 %
I0911 23:00:27.830564 2941497 Coordinator.h:126] commit: 418 abort: 239582 (0/239582/0), network size: 0, avg network size: 0, si_in_serializable: 0 0 %, local: 0 %
I0911 23:00:28.830658 2941497 Coordinator.h:126] commit: 450 abort: 255550 (0/255550/0), network size: 0, avg network size: 0, si_in_serializable: 0 0 %, local: 0 %
I0911 23:00:29.830775 2941497 Coordinator.h:126] commit: 412 abort: 239588 (0/239588/0), network size: 0, avg network size: 0, si_in_serializable: 0 0 %, local: 0 %
I0911 23:00:30.830880 2941497 Coordinator.h:126] commit: 387 abort: 239613 (0/239613/0), network size: 0, avg network size: 0, si_in_serializable: 0 0 %, local: 0 %
I0911 23:00:30.830911 2941497 Coordinator.h:152] average commit: 417.1 abort: 242783 (0/242783/0), network size: 0, avg network size: 0, si_in_serializable: 0 0 %, local: 0 %
I0911 23:00:30.830924 2941497 AriaExecutor.h:535] Worker 0 latency: 65380 us (50%) 67185 us (75%) 75720 us (95%) 89244 us (99%).
I0911 23:00:30.834511 2941530 AriaExecutor.h:94] AriaExecutor 12 exits. 
I0911 23:00:30.834517 2941518 AriaExecutor.h:94] AriaExecutor 0 exits. 
I0911 23:00:30.834523 2941522 AriaExecutor.h:94] AriaExecutor 4 exits. 
I0911 23:00:30.834520 2941524 AriaExecutor.h:94] AriaExecutor 6 exits. 
I0911 23:00:30.834517 2941520 AriaExecutor.h:94] AriaExecutor 2 exits. 
I0911 23:00:30.834537 2941527 AriaExecutor.h:94] AriaExecutor 9 exits. 
I0911 23:00:30.834535 2941519 AriaExecutor.h:94] AriaExecutor 1 exits. 
I0911 23:00:30.834535 2941531 AriaExecutor.h:94] AriaExecutor 13 exits. 
I0911 23:00:30.834522 2941528 AriaExecutor.h:94] AriaExecutor 10 exits. 
I0911 23:00:30.834519 2941532 AriaExecutor.h:94] AriaExecutor 14 exits. 
I0911 23:00:30.834535 2941525 AriaExecutor.h:94] AriaExecutor 7 exits. 
I0911 23:00:30.834522 2941534 Manager.h:227] Manager(worker id = 16) on the coordinator node exits.
I0911 23:00:30.834537 2941529 AriaExecutor.h:94] AriaExecutor 11 exits. 
I0911 23:00:30.834537 2941523 AriaExecutor.h:94] AriaExecutor 5 exits. 
I0911 23:00:30.834535 2941533 AriaExecutor.h:94] AriaExecutor 15 exits. 
I0911 23:00:30.834522 2941526 AriaExecutor.h:94] AriaExecutor 8 exits. 
I0911 23:00:30.834642 2941521 AriaExecutor.h:94] AriaExecutor 3 exits. 
I0911 23:00:30.834842 2941497 AriaExecutor.h:535] Worker 1 latency: 65312 us (50%) 67099 us (75%) 77503 us (95%) 89799 us (99%).
I0911 23:00:30.834950 2941497 AriaExecutor.h:535] Worker 2 latency: 65417 us (50%) 67255 us (75%) 77055 us (95%) 89162 us (99%).
I0911 23:00:30.834983 2941497 AriaExecutor.h:535] Worker 3 latency: 65240 us (50%) 67145 us (75%) 77440 us (95%) 89309 us (99%).
I0911 23:00:30.835019 2941497 AriaExecutor.h:535] Worker 4 latency: 65408 us (50%) 67177 us (75%) 77005 us (95%) 79666 us (99%).
I0911 23:00:30.835078 2941497 AriaExecutor.h:535] Worker 5 latency: 65379 us (50%) 67184 us (75%) 75635 us (95%) 89735 us (99%).
I0911 23:00:30.835119 2941497 AriaExecutor.h:535] Worker 6 latency: 65224 us (50%) 67068 us (75%) 73589 us (95%) 89184 us (99%).
I0911 23:00:30.835155 2941497 AriaExecutor.h:535] Worker 7 latency: 65182 us (50%) 67027 us (75%) 77230 us (95%) 89110 us (99%).
I0911 23:00:30.835192 2941497 AriaExecutor.h:535] Worker 8 latency: 65378 us (50%) 67138 us (75%) 75634 us (95%) 89419 us (99%).
I0911 23:00:30.835227 2941497 AriaExecutor.h:535] Worker 9 latency: 65435 us (50%) 68003 us (75%) 78812 us (95%) 89810 us (99%).
I0911 23:00:30.835259 2941497 AriaExecutor.h:535] Worker 10 latency: 65283 us (50%) 67084 us (75%) 78764 us (95%) 89211 us (99%).
I0911 23:00:30.835291 2941497 AriaExecutor.h:535] Worker 11 latency: 65179 us (50%) 67073 us (75%) 77417 us (95%) 89810 us (99%).
I0911 23:00:30.835323 2941497 AriaExecutor.h:535] Worker 12 latency: 65296 us (50%) 67085 us (75%) 75710 us (95%) 89265 us (99%).
I0911 23:00:30.835353 2941497 AriaExecutor.h:535] Worker 13 latency: 65232 us (50%) 67096 us (75%) 78411 us (95%) 89786 us (99%).
I0911 23:00:30.835386 2941497 AriaExecutor.h:535] Worker 14 latency: 65314 us (50%) 67102 us (75%) 75699 us (95%) 85301 us (99%).
I0911 23:00:30.835412 2941497 AriaExecutor.h:535] Worker 15 latency: 65272 us (50%) 67071 us (75%) 77508 us (95%) 89758 us (99%).
I0911 23:00:30.835449 2941497 Coordinator.h:177] total commit: 417.1
I0911 23:00:31.835552 2941497 Coordinator.h:192] Coordinator exits.
