I0912 00:11:13.270188 2955071 Database.h:65] ycsb initialization finished in 146 milliseconds.
I0912 00:11:13.270292 2955071 Coordinator.h:30] Coordinator initializes 16 workers.
I0912 00:11:13.390515 2955071 Coordinator.h:77] Coordinator starts to run 17 workers.
I0912 00:11:13.390573 2955092 AriaExecutor.h:82] AriaExecutor 0 started. 
I0912 00:11:13.390612 2955093 AriaExecutor.h:82] AriaExecutor 1 started. 
I0912 00:11:13.390654 2955094 AriaExecutor.h:82] AriaExecutor 2 started. 
I0912 00:11:13.390714 2955095 AriaExecutor.h:82] AriaExecutor 3 started. 
I0912 00:11:13.390730 2955096 AriaExecutor.h:82] AriaExecutor 4 started. 
I0912 00:11:13.390780 2955097 AriaExecutor.h:82] AriaExecutor 5 started. 
I0912 00:11:13.390813 2955098 AriaExecutor.h:82] AriaExecutor 6 started. 
I0912 00:11:13.390856 2955099 AriaExecutor.h:82] AriaExecutor 7 started. 
I0912 00:11:13.390900 2955100 AriaExecutor.h:82] AriaExecutor 8 started. 
I0912 00:11:13.390940 2955101 AriaExecutor.h:82] AriaExecutor 9 started. 
I0912 00:11:13.390982 2955102 AriaExecutor.h:82] AriaExecutor 10 started. 
I0912 00:11:13.391036 2955103 AriaExecutor.h:82] AriaExecutor 11 started. 
I0912 00:11:13.391068 2955104 AriaExecutor.h:82] AriaExecutor 12 started. 
I0912 00:11:13.391108 2955105 AriaExecutor.h:82] AriaExecutor 13 started. 
I0912 00:11:13.391145 2955106 AriaExecutor.h:82] AriaExecutor 14 started. 
I0912 00:11:13.391183 2955107 AriaExecutor.h:82] AriaExecutor 15 started. 
I0912 00:11:13.391219 2955108 Manager.h:224] Manager(worker id = 16) on the coordinator node started.
I0912 00:11:14.391263 2955071 Coordinator.h:126] commit: 616872 abort: 599128 (0/599128/0), network size: 0, avg network size: 0, si_in_serializable: 0 0 %, local: 0 %
I0912 00:11:15.391374 2955071 Coordinator.h:126] commit: 617575 abort: 598425 (0/598425/0), network size: 0, avg network size: 0, si_in_serializable: 0 0 %, local: 0 %
I0912 00:11:16.391445 2955071 Coordinator.h:126] commit: 617016 abort: 598984 (0/598984/0), network size: 0, avg network size: 0, si_in_serializable: 0 0 %, local: 0 %
I0912 00:11:17.391523 2955071 Coordinator.h:126] commit: 608469 abort: 591531 (0/591531/0), network size: 0, avg network size: 0, si_in_serializable: 0 0 %, local: 0 %
I0912 00:11:18.391593 2955071 Coordinator.h:126] commit: 618092 abort: 597908 (0/597908/0), network size: 0, avg network size: 0, si_in_serializable: 0 0 %, local: 0 %
I0912 00:11:19.391680 2955071 Coordinator.h:126] commit: 627157 abort: 604843 (0/604843/0), network size: 0, avg network size: 0, si_in_serializable: 0 0 %, local: 0 %
I0912 00:11:20.391752 2955071 Coordinator.h:126] commit: 633694 abort: 614306 (0/614306/0), network size: 0, avg network size: 0, si_in_serializable: 0 0 %, local: 0 %
I0912 00:11:21.391817 2955071 Coordinator.h:126] commit: 625358 abort: 606642 (0/606642/0), network size: 0, avg network size: 0, si_in_serializable: 0 0 %, local: 0 %
I0912 00:11:22.391883 2955071 Coordinator.h:126] commit: 633263 abort: 614737 (0/614737/0), network size: 0, avg network size: 0, si_in_serializable: 0 0 %, local: 0 %
I0912 00:11:23.391947 2955071 Coordinator.h:126] commit: 634611 abort: 613389 (0/613389/0), network size: 0, avg network size: 0, si_in_serializable: 0 0 %, local: 0 %
I0912 00:11:24.392014 2955071 Coordinator.h:126] commit: 626018 abort: 605982 (0/605982/0), network size: 0, avg network size: 0, si_in_serializable: 0 0 %, local: 0 %
I0912 00:11:25.392077 2955071 Coordinator.h:126] commit: 633739 abort: 614261 (0/614261/0), network size: 0, avg network size: 0, si_in_serializable: 0 0 %, local: 0 %
I0912 00:11:26.392146 2955071 Coordinator.h:126] commit: 610382 abort: 589618 (0/589618/0), network size: 0, avg network size: 0, si_in_serializable: 0 0 %, local: 0 %
I0912 00:11:27.392212 2955071 Coordinator.h:126] commit: 626209 abort: 605791 (0/605791/0), network size: 0, avg network size: 0, si_in_serializable: 0 0 %, local: 0 %
I0912 00:11:28.392290 2955071 Coordinator.h:126] commit: 609862 abort: 590138 (0/590138/0), network size: 0, avg network size: 0, si_in_serializable: 0 0 %, local: 0 %
I0912 00:11:29.392365 2955071 Coordinator.h:126] commit: 634180 abort: 613820 (0/613820/0), network size: 0, avg network size: 0, si_in_serializable: 0 0 %, local: 0 %
I0912 00:11:30.392467 2955071 Coordinator.h:126] commit: 625855 abort: 606145 (0/606145/0), network size: 0, avg network size: 0, si_in_serializable: 0 0 %, local: 0 %
I0912 00:11:31.392549 2955071 Coordinator.h:126] commit: 633742 abort: 614258 (0/614258/0), network size: 0, avg network size: 0, si_in_serializable: 0 0 %, local: 0 %
I0912 00:11:32.392620 2955071 Coordinator.h:126] commit: 625966 abort: 606034 (0/606034/0), network size: 0, avg network size: 0, si_in_serializable: 0 0 %, local: 0 %
I0912 00:11:33.392688 2955071 Coordinator.h:126] commit: 633270 abort: 614730 (0/614730/0), network size: 0, avg network size: 0, si_in_serializable: 0 0 %, local: 0 %
I0912 00:11:34.392750 2955071 Coordinator.h:126] commit: 632638 abort: 615362 (0/615362/0), network size: 0, avg network size: 0, si_in_serializable: 0 0 %, local: 0 %
I0912 00:11:35.392812 2955071 Coordinator.h:126] commit: 625319 abort: 606681 (0/606681/0), network size: 0, avg network size: 0, si_in_serializable: 0 0 %, local: 0 %
I0912 00:11:36.392879 2955071 Coordinator.h:126] commit: 625588 abort: 606539 (0/606539/0), network size: 0, avg network size: 0, si_in_serializable: 0 0 %, local: 0 %
I0912 00:11:37.392947 2955071 Coordinator.h:126] commit: 633275 abort: 614598 (0/614598/0), network size: 0, avg network size: 0, si_in_serializable: 0 0 %, local: 0 %
I0912 00:11:38.393013 2955071 Coordinator.h:126] commit: 633808 abort: 614192 (0/614192/0), network size: 0, avg network size: 0, si_in_serializable: 0 0 %, local: 0 %
I0912 00:11:38.393023 2955071 Coordinator.h:152] average commit: 625922 abort: 606078 (0/606078/0), network size: 0, avg network size: 0, si_in_serializable: 0 0 %, local: 0 %
I0912 00:11:38.404362 2955098 AriaExecutor.h:94] AriaExecutor 6 exits. 
I0912 00:11:38.404379 2955101 AriaExecutor.h:94] AriaExecutor 9 exits. 
I0912 00:11:38.404363 2955094 AriaExecutor.h:94] AriaExecutor 2 exits. 
I0912 00:11:38.404366 2955092 AriaExecutor.h:94] AriaExecutor 0 exits. 
I0912 00:11:38.404364 2955106 AriaExecutor.h:94] AriaExecutor 14 exits. 
I0912 00:11:38.404366 2955096 AriaExecutor.h:94] AriaExecutor 4 exits. 
I0912 00:11:38.404366 2955104 AriaExecutor.h:94] AriaExecutor 12 exits. 
I0912 00:11:38.404366 2955100 AriaExecutor.h:94] AriaExecutor 8 exits. 
I0912 00:11:38.404368 2955102 AriaExecutor.h:94] AriaExecutor 10 exits. 
I0912 00:11:38.404364 2955108 Manager.h:227] Manager(worker id = 16) on the coordinator node exits.
I0912 00:11:38.404379 2955107 AriaExecutor.h:94] AriaExecutor 15 exits. 
I0912 00:11:38.404379 2955099 AriaExecutor.h:94] AriaExecutor 7 exits. 
I0912 00:11:38.404381 2955097 AriaExecutor.h:94] AriaExecutor 5 exits. 
I0912 00:11:38.404379 2955103 AriaExecutor.h:94] AriaExecutor 11 exits. 
I0912 00:11:38.404379 2955105 AriaExecutor.h:94] AriaExecutor 13 exits. 
I0912 00:11:38.404379 2955095 AriaExecutor.h:94] AriaExecutor 3 exits. 
I0912 00:11:38.404379 2955093 AriaExecutor.h:94] AriaExecutor 1 exits. 
I0912 00:11:38.393031 2955071 AriaExecutor.h:641] Worker 0 latency: 8189 us (50%) 10632 us (75%) 12236 us (95%) 12907 us (99%).
I0912 00:11:38.438511 2955071 AriaExecutor.h:641] Worker 1 latency: 8182 us (50%) 10623 us (75%) 12232 us (95%) 12867 us (99%).
I0912 00:11:38.487671 2955071 AriaExecutor.h:641] Worker 2 latency: 8214 us (50%) 10635 us (75%) 12233 us (95%) 12857 us (99%).
I0912 00:11:38.533425 2955071 AriaExecutor.h:641] Worker 3 latency: 8187 us (50%) 10622 us (75%) 12231 us (95%) 12855 us (99%).
I0912 00:11:38.582930 2955071 AriaExecutor.h:641] Worker 4 latency: 8192 us (50%) 10628 us (75%) 12235 us (95%) 12873 us (99%).
I0912 00:11:38.627316 2955071 AriaExecutor.h:641] Worker 5 latency: 8156 us (50%) 10615 us (75%) 12231 us (95%) 12845 us (99%).
I0912 00:11:38.676473 2955071 AriaExecutor.h:641] Worker 6 latency: 8220 us (50%) 10642 us (75%) 12234 us (95%) 12863 us (99%).
I0912 00:11:38.722286 2955071 AriaExecutor.h:641] Worker 7 latency: 8217 us (50%) 10641 us (75%) 12236 us (95%) 12873 us (99%).
I0912 00:11:38.766662 2955071 AriaExecutor.h:641] Worker 8 latency: 8195 us (50%) 10625 us (75%) 12231 us (95%) 12854 us (99%).
I0912 00:11:38.811445 2955071 AriaExecutor.h:641] Worker 9 latency: 8180 us (50%) 10619 us (75%) 12231 us (95%) 12861 us (99%).
I0912 00:11:38.860674 2955071 AriaExecutor.h:641] Worker 10 latency: 8202 us (50%) 10630 us (75%) 12230 us (95%) 12857 us (99%).
I0912 00:11:38.906674 2955071 AriaExecutor.h:641] Worker 11 latency: 8184 us (50%) 10620 us (75%) 12229 us (95%) 12824 us (99%).
I0912 00:11:38.951534 2955071 AriaExecutor.h:641] Worker 12 latency: 8192 us (50%) 10622 us (75%) 12228 us (95%) 12857 us (99%).
I0912 00:11:38.996944 2955071 AriaExecutor.h:641] Worker 13 latency: 8178 us (50%) 10620 us (75%) 12230 us (95%) 12857 us (99%).
I0912 00:11:39.046746 2955071 AriaExecutor.h:641] Worker 14 latency: 8206 us (50%) 10624 us (75%) 12229 us (95%) 12864 us (99%).
I0912 00:11:39.092378 2955071 AriaExecutor.h:641] Worker 15 latency: 8190 us (50%) 10626 us (75%) 12229 us (95%) 12845 us (99%).
I0912 00:11:39.142235 2955071 Coordinator.h:177] total commit: 625922
I0912 00:11:40.142349 2955071 Coordinator.h:192] Coordinator exits.
