I1126 15:35:08.984579 1010984 Database.h:65] ycsb initialization finished in 30 milliseconds.
I1126 15:35:08.984669 1010984 Coordinator.h:30] Coordinator initializes 12 workers.
I1126 15:35:08.991636 1010984 Coordinator.h:77] Coordinator starts to run 13 workers.
I1126 15:35:08.991690 1011000 AriaExecutor.h:95] AriaExecutor 0 started. 
I1126 15:35:08.991720 1011001 AriaExecutor.h:95] AriaExecutor 1 started. 
I1126 15:35:08.991762 1011002 AriaExecutor.h:95] AriaExecutor 2 started. 
I1126 15:35:08.991803 1011003 AriaExecutor.h:95] AriaExecutor 3 started. 
I1126 15:35:08.991882 1011005 AriaExecutor.h:95] AriaExecutor 5 started. 
I1126 15:35:08.991923 1011006 AriaExecutor.h:95] AriaExecutor 6 started. 
I1126 15:35:08.991962 1011007 AriaExecutor.h:95] AriaExecutor 7 started. 
I1126 15:35:08.992002 1011008 AriaExecutor.h:95] AriaExecutor 8 started. 
I1126 15:35:08.992046 1011009 AriaExecutor.h:95] AriaExecutor 9 started. 
I1126 15:35:08.992081 1011010 AriaExecutor.h:95] AriaExecutor 10 started. 
I1126 15:35:08.992137 1011011 AriaExecutor.h:95] AriaExecutor 11 started. 
I1126 15:35:08.992170 1011004 AriaExecutor.h:95] AriaExecutor 4 started. 
I1126 15:35:08.992177 1011012 Manager.h:224] Manager(worker id = 12) on the coordinator node started.
I1126 15:35:09.992237 1010984 Coordinator.h:126] commit: 1286013 abort: 721868 (0/721868/0), network size: 0, avg network size: 0, si_in_serializable: 0 0 %, local: 0 %
I1126 15:35:10.992365 1010984 Coordinator.h:126] commit: 1268917 abort: 713202 (0/713202/0), network size: 0, avg network size: 0, si_in_serializable: 0 0 %, local: 0 %
I1126 15:35:11.992489 1010984 Coordinator.h:126] commit: 1287390 abort: 722610 (0/722610/0), network size: 0, avg network size: 0, si_in_serializable: 0 0 %, local: 0 %
I1126 15:35:12.992594 1010984 Coordinator.h:126] commit: 1292392 abort: 727608 (0/727608/0), network size: 0, avg network size: 0, si_in_serializable: 0 0 %, local: 0 %
I1126 15:35:13.992700 1010984 Coordinator.h:126] commit: 1280243 abort: 719757 (0/719757/0), network size: 0, avg network size: 0, si_in_serializable: 0 0 %, local: 0 %
I1126 15:35:14.992799 1010984 Coordinator.h:126] commit: 1291335 abort: 728665 (0/728665/0), network size: 0, avg network size: 0, si_in_serializable: 0 0 %, local: 0 %
I1126 15:35:15.992911 1010984 Coordinator.h:126] commit: 1293725 abort: 726275 (0/726275/0), network size: 0, avg network size: 0, si_in_serializable: 0 0 %, local: 0 %
I1126 15:35:16.993032 1010984 Coordinator.h:126] commit: 1274804 abort: 715196 (0/715196/0), network size: 0, avg network size: 0, si_in_serializable: 0 0 %, local: 0 %
I1126 15:35:17.993139 1010984 Coordinator.h:126] commit: 1300224 abort: 729776 (0/729776/0), network size: 0, avg network size: 0, si_in_serializable: 0 0 %, local: 0 %
I1126 15:35:18.993270 1010984 Coordinator.h:126] commit: 1243281 abort: 696719 (0/696719/0), network size: 0, avg network size: 0, si_in_serializable: 0 0 %, local: 0 %
I1126 15:35:19.993383 1010984 Coordinator.h:126] commit: 1293451 abort: 726549 (0/726549/0), network size: 0, avg network size: 0, si_in_serializable: 0 0 %, local: 0 %
I1126 15:35:20.993467 1010984 Coordinator.h:126] commit: 1293774 abort: 726226 (0/726226/0), network size: 0, avg network size: 0, si_in_serializable: 0 0 %, local: 0 %
I1126 15:35:21.993567 1010984 Coordinator.h:126] commit: 1294804 abort: 726481 (0/726481/0), network size: 0, avg network size: 0, si_in_serializable: 0 0 %, local: 0 %
I1126 15:35:22.993652 1010984 Coordinator.h:126] commit: 1298353 abort: 730362 (0/730362/0), network size: 0, avg network size: 0, si_in_serializable: 0 0 %, local: 0 %
I1126 15:35:23.993745 1010984 Coordinator.h:126] commit: 1287920 abort: 722080 (0/722080/0), network size: 0, avg network size: 0, si_in_serializable: 0 0 %, local: 0 %
I1126 15:35:24.993849 1010984 Coordinator.h:126] commit: 1293700 abort: 726300 (0/726300/0), network size: 0, avg network size: 0, si_in_serializable: 0 0 %, local: 0 %
I1126 15:35:25.993937 1010984 Coordinator.h:126] commit: 1292345 abort: 727655 (0/727655/0), network size: 0, avg network size: 0, si_in_serializable: 0 0 %, local: 0 %
I1126 15:35:26.994066 1010984 Coordinator.h:126] commit: 1279961 abort: 720039 (0/720039/0), network size: 0, avg network size: 0, si_in_serializable: 0 0 %, local: 0 %
I1126 15:35:27.994158 1010984 Coordinator.h:126] commit: 1294201 abort: 725799 (0/725799/0), network size: 0, avg network size: 0, si_in_serializable: 0 0 %, local: 0 %
I1126 15:35:28.994236 1010984 Coordinator.h:126] commit: 1152285 abort: 647715 (0/647715/0), network size: 0, avg network size: 0, si_in_serializable: 0 0 %, local: 0 %
I1126 15:35:29.994324 1010984 Coordinator.h:126] commit: 1292068 abort: 727932 (0/727932/0), network size: 0, avg network size: 0, si_in_serializable: 0 0 %, local: 0 %
I1126 15:35:30.994412 1010984 Coordinator.h:126] commit: 1299431 abort: 730569 (0/730569/0), network size: 0, avg network size: 0, si_in_serializable: 0 0 %, local: 0 %
I1126 15:35:31.994516 1010984 Coordinator.h:126] commit: 1292853 abort: 727147 (0/727147/0), network size: 0, avg network size: 0, si_in_serializable: 0 0 %, local: 0 %
I1126 15:35:32.994598 1010984 Coordinator.h:126] commit: 1293246 abort: 726754 (0/726754/0), network size: 0, avg network size: 0, si_in_serializable: 0 0 %, local: 0 %
I1126 15:35:33.994678 1010984 Coordinator.h:126] commit: 1292685 abort: 727315 (0/727315/0), network size: 0, avg network size: 0, si_in_serializable: 0 0 %, local: 0 %
I1126 15:35:33.994696 1010984 Coordinator.h:152] average commit: 1.27808e+06 abort: 717921 (0/717921/0), network size: 0, avg network size: 0, si_in_serializable: 0 0 %, local: 0 %
I1126 15:35:33.998704 1011006 AriaExecutor.h:107] AriaExecutor 6 exits. 
I1126 15:35:33.998718 1011003 AriaExecutor.h:107] AriaExecutor 3 exits. 
I1126 15:35:33.998708 1011000 AriaExecutor.h:107] AriaExecutor 0 exits. 
I1126 15:35:33.998708 1011010 AriaExecutor.h:107] AriaExecutor 10 exits. 
I1126 15:35:33.998708 1011002 AriaExecutor.h:107] AriaExecutor 2 exits. 
I1126 15:35:33.998708 1011008 AriaExecutor.h:107] AriaExecutor 8 exits. 
I1126 15:35:33.998710 1011012 Manager.h:227] Manager(worker id = 12) on the coordinator node exits.
I1126 15:35:33.998719 1011009 AriaExecutor.h:107] AriaExecutor 9 exits. 
I1126 15:35:33.998719 1011005 AriaExecutor.h:107] AriaExecutor 5 exits. 
I1126 15:35:33.998719 1011007 AriaExecutor.h:107] AriaExecutor 7 exits. 
I1126 15:35:33.998719 1011001 AriaExecutor.h:107] AriaExecutor 1 exits. 
I1126 15:35:33.998719 1011011 AriaExecutor.h:107] AriaExecutor 11 exits. 
I1126 15:35:33.998706 1011004 AriaExecutor.h:107] AriaExecutor 4 exits. 
I1126 15:35:33.994705 1010984 AriaExecutor.h:705] Worker 0 latency: 3619 us (50%) 4118 us (75%) 4454 us (95%) 4539 us (99%).
I1126 15:35:34.098838 1010984 AriaExecutor.h:705] Worker 1 latency: 3624 us (50%) 4117 us (75%) 4453 us (95%) 4538 us (99%).
I1126 15:35:34.203020 1010984 AriaExecutor.h:705] Worker 2 latency: 3637 us (50%) 4126 us (75%) 4454 us (95%) 4539 us (99%).
I1126 15:35:34.307983 1010984 AriaExecutor.h:705] Worker 3 latency: 3627 us (50%) 4120 us (75%) 4453 us (95%) 4538 us (99%).
I1126 15:35:34.411937 1010984 AriaExecutor.h:705] Worker 4 latency: 3630 us (50%) 4124 us (75%) 4454 us (95%) 4539 us (99%).
I1126 15:35:34.515834 1010984 AriaExecutor.h:705] Worker 5 latency: 3626 us (50%) 4119 us (75%) 4453 us (95%) 4538 us (99%).
I1126 15:35:34.619244 1010984 AriaExecutor.h:705] Worker 6 latency: 3642 us (50%) 4129 us (75%) 4455 us (95%) 4539 us (99%).
I1126 15:35:34.725533 1010984 AriaExecutor.h:705] Worker 7 latency: 3623 us (50%) 4120 us (75%) 4453 us (95%) 4539 us (99%).
I1126 15:35:34.833907 1010984 AriaExecutor.h:705] Worker 8 latency: 3628 us (50%) 4122 us (75%) 4453 us (95%) 4539 us (99%).
I1126 15:35:34.936818 1010984 AriaExecutor.h:705] Worker 9 latency: 3626 us (50%) 4119 us (75%) 4453 us (95%) 4538 us (99%).
I1126 15:35:35.042438 1010984 AriaExecutor.h:705] Worker 10 latency: 3633 us (50%) 4126 us (75%) 4454 us (95%) 4540 us (99%).
I1126 15:35:35.147469 1010984 AriaExecutor.h:705] Worker 11 latency: 3625 us (50%) 4119 us (75%) 4453 us (95%) 4538 us (99%).
I1126 15:35:35.253023 1010984 Coordinator.h:177] total commit: 1.27808e+06
I1126 15:35:36.253137 1010984 Coordinator.h:192] Coordinator exits.
