I1126 16:12:53.038475 1034722 Database.h:65] ycsb initialization finished in 30 milliseconds.
I1126 16:12:53.038581 1034722 Coordinator.h:30] Coordinator initializes 12 workers.
I1126 16:12:53.046276 1034722 Coordinator.h:77] Coordinator starts to run 13 workers.
I1126 16:12:53.046327 1034738 AriaExecutor.h:93] AriaExecutor 0 started. 
I1126 16:12:53.046363 1034739 AriaExecutor.h:93] AriaExecutor 1 started. 
I1126 16:12:53.046406 1034740 AriaExecutor.h:93] AriaExecutor 2 started. 
I1126 16:12:53.046449 1034741 AriaExecutor.h:93] AriaExecutor 3 started. 
I1126 16:12:53.046526 1034743 AriaExecutor.h:93] AriaExecutor 5 started. 
I1126 16:12:53.046569 1034744 AriaExecutor.h:93] AriaExecutor 6 started. 
I1126 16:12:53.046612 1034745 AriaExecutor.h:93] AriaExecutor 7 started. 
I1126 16:12:53.046648 1034746 AriaExecutor.h:93] AriaExecutor 8 started. 
I1126 16:12:53.046692 1034747 AriaExecutor.h:93] AriaExecutor 9 started. 
I1126 16:12:53.046725 1034748 AriaExecutor.h:93] AriaExecutor 10 started. 
I1126 16:12:53.046778 1034749 AriaExecutor.h:93] AriaExecutor 11 started. 
I1126 16:12:53.046809 1034742 AriaExecutor.h:93] AriaExecutor 4 started. 
I1126 16:12:53.046811 1034750 Manager.h:224] Manager(worker id = 12) on the coordinator node started.
I1126 16:12:54.046878 1034722 Coordinator.h:126] commit: 635691 abort: 235309 (0/235309/0), network size: 0, avg network size: 0, si_in_serializable: 0 0 %, local: 0 %
I1126 16:12:55.046998 1034722 Coordinator.h:126] commit: 625283 abort: 231717 (0/231717/0), network size: 0, avg network size: 0, si_in_serializable: 0 0 %, local: 0 %
I1126 16:12:56.047091 1034722 Coordinator.h:126] commit: 635506 abort: 235494 (0/235494/0), network size: 0, avg network size: 0, si_in_serializable: 0 0 %, local: 0 %
I1126 16:12:57.047168 1034722 Coordinator.h:126] commit: 639621 abort: 237379 (0/237379/0), network size: 0, avg network size: 0, si_in_serializable: 0 0 %, local: 0 %
I1126 16:12:58.047237 1034722 Coordinator.h:126] commit: 631767 abort: 234233 (0/234233/0), network size: 0, avg network size: 0, si_in_serializable: 0 0 %, local: 0 %
I1126 16:12:59.047307 1034722 Coordinator.h:126] commit: 635325 abort: 235675 (0/235675/0), network size: 0, avg network size: 0, si_in_serializable: 0 0 %, local: 0 %
I1126 16:13:00.047376 1034722 Coordinator.h:126] commit: 639869 abort: 237131 (0/237131/0), network size: 0, avg network size: 0, si_in_serializable: 0 0 %, local: 0 %
I1126 16:13:01.047464 1034722 Coordinator.h:126] commit: 634245 abort: 236755 (0/236755/0), network size: 0, avg network size: 0, si_in_serializable: 0 0 %, local: 0 %
I1126 16:13:02.047544 1034722 Coordinator.h:126] commit: 639690 abort: 237310 (0/237310/0), network size: 0, avg network size: 0, si_in_serializable: 0 0 %, local: 0 %
I1126 16:13:03.047617 1034722 Coordinator.h:126] commit: 617309 abort: 229691 (0/229691/0), network size: 0, avg network size: 0, si_in_serializable: 0 0 %, local: 0 %
I1126 16:13:04.047688 1034722 Coordinator.h:126] commit: 638532 abort: 236468 (0/236468/0), network size: 0, avg network size: 0, si_in_serializable: 0 0 %, local: 0 %
I1126 16:13:05.047760 1034722 Coordinator.h:126] commit: 641804 abort: 237196 (0/237196/0), network size: 0, avg network size: 0, si_in_serializable: 0 0 %, local: 0 %
I1126 16:13:06.047837 1034722 Coordinator.h:126] commit: 638256 abort: 237744 (0/237744/0), network size: 0, avg network size: 0, si_in_serializable: 0 0 %, local: 0 %
I1126 16:13:07.047930 1034722 Coordinator.h:126] commit: 630721 abort: 235279 (0/235279/0), network size: 0, avg network size: 0, si_in_serializable: 0 0 %, local: 0 %
I1126 16:13:08.048002 1034722 Coordinator.h:126] commit: 637689 abort: 237311 (0/237311/0), network size: 0, avg network size: 0, si_in_serializable: 0 0 %, local: 0 %
I1126 16:13:09.048086 1034722 Coordinator.h:126] commit: 641298 abort: 236702 (0/236702/0), network size: 0, avg network size: 0, si_in_serializable: 0 0 %, local: 0 %
I1126 16:13:10.048163 1034722 Coordinator.h:126] commit: 637486 abort: 237514 (0/237514/0), network size: 0, avg network size: 0, si_in_serializable: 0 0 %, local: 0 %
I1126 16:13:11.048234 1034722 Coordinator.h:126] commit: 639688 abort: 236312 (0/236312/0), network size: 0, avg network size: 0, si_in_serializable: 0 0 %, local: 0 %
I1126 16:13:12.048305 1034722 Coordinator.h:126] commit: 638318 abort: 236682 (0/236682/0), network size: 0, avg network size: 0, si_in_serializable: 0 0 %, local: 0 %
I1126 16:13:13.048374 1034722 Coordinator.h:126] commit: 590909 abort: 220091 (0/220091/0), network size: 0, avg network size: 0, si_in_serializable: 0 0 %, local: 0 %
I1126 16:13:14.048444 1034722 Coordinator.h:126] commit: 638110 abort: 236890 (0/236890/0), network size: 0, avg network size: 0, si_in_serializable: 0 0 %, local: 0 %
I1126 16:13:15.048514 1034722 Coordinator.h:126] commit: 641030 abort: 236970 (0/236970/0), network size: 0, avg network size: 0, si_in_serializable: 0 0 %, local: 0 %
I1126 16:13:16.048584 1034722 Coordinator.h:126] commit: 638170 abort: 235830 (0/235830/0), network size: 0, avg network size: 0, si_in_serializable: 0 0 %, local: 0 %
I1126 16:13:17.048655 1034722 Coordinator.h:126] commit: 640113 abort: 236887 (0/236887/0), network size: 0, avg network size: 0, si_in_serializable: 0 0 %, local: 0 %
I1126 16:13:18.048723 1034722 Coordinator.h:126] commit: 638655 abort: 236345 (0/236345/0), network size: 0, avg network size: 0, si_in_serializable: 0 0 %, local: 0 %
I1126 16:13:18.048731 1034722 Coordinator.h:152] average commit: 633470 abort: 235130 (0/235130/0), network size: 0, avg network size: 0, si_in_serializable: 0 0 %, local: 0 %
I1126 16:13:18.049105 1034738 AriaExecutor.h:105] AriaExecutor 0 exits. 
I1126 16:13:18.049110 1034746 AriaExecutor.h:105] AriaExecutor 8 exits. 
I1126 16:13:18.049108 1034750 Manager.h:227] Manager(worker id = 12) on the coordinator node exits.
I1126 16:13:18.049116 1034743 AriaExecutor.h:105] AriaExecutor 5 exits. 
I1126 16:13:18.049108 1034740 AriaExecutor.h:105] AriaExecutor 2 exits. 
I1126 16:13:18.049106 1034744 AriaExecutor.h:105] AriaExecutor 6 exits. 
I1126 16:13:18.049108 1034748 AriaExecutor.h:105] AriaExecutor 10 exits. 
I1126 16:13:18.049117 1034749 AriaExecutor.h:105] AriaExecutor 11 exits. 
I1126 16:13:18.049117 1034741 AriaExecutor.h:105] AriaExecutor 3 exits. 
I1126 16:13:18.049118 1034745 AriaExecutor.h:105] AriaExecutor 7 exits. 
I1126 16:13:18.049119 1034739 AriaExecutor.h:105] AriaExecutor 1 exits. 
I1126 16:13:18.049119 1034747 AriaExecutor.h:105] AriaExecutor 9 exits. 
I1126 16:13:18.049108 1034742 AriaExecutor.h:105] AriaExecutor 4 exits. 
I1126 16:13:18.048739 1034722 AriaExecutor.h:672] Worker 0 latency: 713 us (50%) 923 us (75%) 1072 us (95%) 1101 us (99%).
I1126 16:13:18.105971 1034722 AriaExecutor.h:672] Worker 1 latency: 711 us (50%) 922 us (75%) 1071 us (95%) 1100 us (99%).
I1126 16:13:18.163913 1034722 AriaExecutor.h:672] Worker 2 latency: 712 us (50%) 923 us (75%) 1072 us (95%) 1101 us (99%).
I1126 16:13:18.220888 1034722 AriaExecutor.h:672] Worker 3 latency: 712 us (50%) 922 us (75%) 1071 us (95%) 1100 us (99%).
I1126 16:13:18.279021 1034722 AriaExecutor.h:672] Worker 4 latency: 717 us (50%) 925 us (75%) 1072 us (95%) 1101 us (99%).
I1126 16:13:18.335570 1034722 AriaExecutor.h:672] Worker 5 latency: 715 us (50%) 923 us (75%) 1071 us (95%) 1100 us (99%).
I1126 16:13:18.392180 1034722 AriaExecutor.h:672] Worker 6 latency: 718 us (50%) 925 us (75%) 1072 us (95%) 1101 us (99%).
I1126 16:13:18.447621 1034722 AriaExecutor.h:672] Worker 7 latency: 714 us (50%) 922 us (75%) 1070 us (95%) 1100 us (99%).
I1126 16:13:18.503232 1034722 AriaExecutor.h:672] Worker 8 latency: 717 us (50%) 924 us (75%) 1072 us (95%) 1101 us (99%).
I1126 16:13:18.559441 1034722 AriaExecutor.h:672] Worker 9 latency: 714 us (50%) 922 us (75%) 1071 us (95%) 1100 us (99%).
I1126 16:13:18.615532 1034722 AriaExecutor.h:672] Worker 10 latency: 717 us (50%) 924 us (75%) 1072 us (95%) 1101 us (99%).
I1126 16:13:18.671572 1034722 AriaExecutor.h:672] Worker 11 latency: 713 us (50%) 921 us (75%) 1070 us (95%) 1099 us (99%).
I1126 16:13:18.728291 1034722 Coordinator.h:177] total commit: 633470
I1126 16:13:19.728403 1034722 Coordinator.h:192] Coordinator exits.
