I0911 22:46:03.079778 2938695 Database.h:65] ycsb initialization finished in 146 milliseconds.
I0911 22:46:03.079892 2938695 Coordinator.h:30] Coordinator initializes 16 workers.
I0911 22:46:03.087759 2938695 Coordinator.h:77] Coordinator starts to run 17 workers.
I0911 22:46:03.087857 2938715 AriaExecutor.h:82] AriaExecutor 0 started. 
I0911 22:46:03.087880 2938716 AriaExecutor.h:82] AriaExecutor 1 started. 
I0911 22:46:03.087934 2938717 AriaExecutor.h:82] AriaExecutor 2 started. 
I0911 22:46:03.087975 2938718 AriaExecutor.h:82] AriaExecutor 3 started. 
I0911 22:46:03.088009 2938719 AriaExecutor.h:82] AriaExecutor 4 started. 
I0911 22:46:03.088043 2938720 AriaExecutor.h:82] AriaExecutor 5 started. 
I0911 22:46:03.088080 2938721 AriaExecutor.h:82] AriaExecutor 6 started. 
I0911 22:46:03.088120 2938722 AriaExecutor.h:82] AriaExecutor 7 started. 
I0911 22:46:03.088160 2938723 AriaExecutor.h:82] AriaExecutor 8 started. 
I0911 22:46:03.088198 2938724 AriaExecutor.h:82] AriaExecutor 9 started. 
I0911 22:46:03.088233 2938725 AriaExecutor.h:82] AriaExecutor 10 started. 
I0911 22:46:03.088264 2938726 AriaExecutor.h:82] AriaExecutor 11 started. 
I0911 22:46:03.088299 2938727 AriaExecutor.h:82] AriaExecutor 12 started. 
I0911 22:46:03.088342 2938728 AriaExecutor.h:82] AriaExecutor 13 started. 
I0911 22:46:03.088376 2938729 AriaExecutor.h:82] AriaExecutor 14 started. 
I0911 22:46:03.088418 2938730 AriaExecutor.h:82] AriaExecutor 15 started. 
I0911 22:46:03.088455 2938731 Manager.h:224] Manager(worker id = 16) on the coordinator node started.
I0911 22:46:04.088505 2938695 Coordinator.h:126] commit: 995905 abort: 127423 (0/127423/0), network size: 0, avg network size: 0, si_in_serializable: 0 0 %, local: 0 %
I0911 22:46:05.088639 2938695 Coordinator.h:126] commit: 985844 abort: 125196 (0/125196/0), network size: 0, avg network size: 0, si_in_serializable: 0 0 %, local: 0 %
I0911 22:46:06.088737 2938695 Coordinator.h:126] commit: 951090 abort: 121038 (0/121038/0), network size: 0, avg network size: 0, si_in_serializable: 0 0 %, local: 0 %
I0911 22:46:07.088831 2938695 Coordinator.h:126] commit: 968945 abort: 123663 (0/123663/0), network size: 0, avg network size: 0, si_in_serializable: 0 0 %, local: 0 %
I0911 22:46:08.088986 2938695 Coordinator.h:126] commit: 982701 abort: 125267 (0/125267/0), network size: 0, avg network size: 0, si_in_serializable: 0 0 %, local: 0 %
I0911 22:46:09.089089 2938695 Coordinator.h:126] commit: 1000664 abort: 127784 (0/127784/0), network size: 0, avg network size: 0, si_in_serializable: 0 0 %, local: 0 %
I0911 22:46:10.089175 2938695 Coordinator.h:126] commit: 1001890 abort: 127582 (0/127582/0), network size: 0, avg network size: 0, si_in_serializable: 0 0 %, local: 0 %
I0911 22:46:11.089251 2938695 Coordinator.h:126] commit: 1001850 abort: 128646 (0/128646/0), network size: 0, avg network size: 0, si_in_serializable: 0 0 %, local: 0 %
I0911 22:46:12.089329 2938695 Coordinator.h:126] commit: 952668 abort: 121508 (0/121508/0), network size: 0, avg network size: 0, si_in_serializable: 0 0 %, local: 0 %
I0911 22:46:13.089408 2938695 Coordinator.h:126] commit: 984213 abort: 125803 (0/125803/0), network size: 0, avg network size: 0, si_in_serializable: 0 0 %, local: 0 %
I0911 22:46:14.089491 2938695 Coordinator.h:126] commit: 1003199 abort: 128321 (0/128321/0), network size: 0, avg network size: 0, si_in_serializable: 0 0 %, local: 0 %
I0911 22:46:15.089568 2938695 Coordinator.h:126] commit: 974060 abort: 124692 (0/124692/0), network size: 0, avg network size: 0, si_in_serializable: 0 0 %, local: 0 %
I0911 22:46:16.089655 2938695 Coordinator.h:126] commit: 1003943 abort: 127577 (0/127577/0), network size: 0, avg network size: 0, si_in_serializable: 0 0 %, local: 0 %
I0911 22:46:17.089759 2938695 Coordinator.h:126] commit: 990696 abort: 126488 (0/126488/0), network size: 0, avg network size: 0, si_in_serializable: 0 0 %, local: 0 %
I0911 22:46:18.089840 2938695 Coordinator.h:126] commit: 1003851 abort: 127669 (0/127669/0), network size: 0, avg network size: 0, si_in_serializable: 0 0 %, local: 0 %
I0911 22:46:19.089923 2938695 Coordinator.h:126] commit: 1005179 abort: 127365 (0/127365/0), network size: 0, avg network size: 0, si_in_serializable: 0 0 %, local: 0 %
I0911 22:46:20.090010 2938695 Coordinator.h:126] commit: 972404 abort: 124300 (0/124300/0), network size: 0, avg network size: 0, si_in_serializable: 0 0 %, local: 0 %
I0911 22:46:21.090085 2938695 Coordinator.h:126] commit: 970516 abort: 123116 (0/123116/0), network size: 0, avg network size: 0, si_in_serializable: 0 0 %, local: 0 %
I0911 22:46:22.090162 2938695 Coordinator.h:126] commit: 1004604 abort: 127940 (0/127940/0), network size: 0, avg network size: 0, si_in_serializable: 0 0 %, local: 0 %
I0911 22:46:23.090243 2938695 Coordinator.h:126] commit: 1004046 abort: 127474 (0/127474/0), network size: 0, avg network size: 0, si_in_serializable: 0 0 %, local: 0 %
I0911 22:46:24.090353 2938695 Coordinator.h:126] commit: 1004925 abort: 127619 (0/127619/0), network size: 0, avg network size: 0, si_in_serializable: 0 0 %, local: 0 %
I0911 22:46:25.090432 2938695 Coordinator.h:126] commit: 1001412 abort: 128060 (0/128060/0), network size: 0, avg network size: 0, si_in_serializable: 0 0 %, local: 0 %
I0911 22:46:26.090523 2938695 Coordinator.h:126] commit: 1002166 abort: 128330 (0/128330/0), network size: 0, avg network size: 0, si_in_serializable: 0 0 %, local: 0 %
I0911 22:46:27.090610 2938695 Coordinator.h:126] commit: 1001944 abort: 127528 (0/127528/0), network size: 0, avg network size: 0, si_in_serializable: 0 0 %, local: 0 %
I0911 22:46:28.090683 2938695 Coordinator.h:126] commit: 1003655 abort: 127865 (0/127865/0), network size: 0, avg network size: 0, si_in_serializable: 0 0 %, local: 0 %
I0911 22:46:28.090692 2938695 Coordinator.h:152] average commit: 993250 abort: 126494 (0/126494/0), network size: 0, avg network size: 0, si_in_serializable: 0 0 %, local: 0 %
I0911 22:46:28.090847 2938718 AriaExecutor.h:94] AriaExecutor 3 exits. 
I0911 22:46:28.090852 2938715 AriaExecutor.h:94] AriaExecutor 0 exits. 
I0911 22:46:28.090862 2938721 AriaExecutor.h:94] AriaExecutor 6 exits. 
I0911 22:46:28.090853 2938730 AriaExecutor.h:94] AriaExecutor 15 exits. 
I0911 22:46:28.090852 2938722 AriaExecutor.h:94] AriaExecutor 7 exits. 
I0911 22:46:28.090857 2938727 AriaExecutor.h:94] AriaExecutor 12 exits. 
I0911 22:46:28.090857 2938725 AriaExecutor.h:94] AriaExecutor 10 exits. 
I0911 22:46:28.090867 2938716 AriaExecutor.h:94] AriaExecutor 1 exits. 
I0911 22:46:28.090871 2938731 Manager.h:227] Manager(worker id = 16) on the coordinator node exits.
I0911 22:46:28.090862 2938717 AriaExecutor.h:94] AriaExecutor 2 exits. 
I0911 22:46:28.090849 2938728 AriaExecutor.h:94] AriaExecutor 13 exits. 
I0911 22:46:28.090863 2938723 AriaExecutor.h:94] AriaExecutor 8 exits. 
I0911 22:46:28.090862 2938729 AriaExecutor.h:94] AriaExecutor 14 exits. 
I0911 22:46:28.090848 2938720 AriaExecutor.h:94] AriaExecutor 5 exits. 
I0911 22:46:28.090864 2938719 AriaExecutor.h:94] AriaExecutor 4 exits. 
I0911 22:46:28.090852 2938726 AriaExecutor.h:94] AriaExecutor 11 exits. 
I0911 22:46:28.090852 2938724 AriaExecutor.h:94] AriaExecutor 9 exits. 
I0911 22:46:28.090703 2938695 AriaExecutor.h:535] Worker 0 latency: 584 us (50%) 728 us (75%) 838 us (95%) 863 us (99%).
I0911 22:46:28.159818 2938695 AriaExecutor.h:535] Worker 1 latency: 584 us (50%) 728 us (75%) 838 us (95%) 863 us (99%).
I0911 22:46:28.221634 2938695 AriaExecutor.h:535] Worker 2 latency: 588 us (50%) 731 us (75%) 839 us (95%) 863 us (99%).
I0911 22:46:28.291481 2938695 AriaExecutor.h:535] Worker 3 latency: 584 us (50%) 728 us (75%) 838 us (95%) 863 us (99%).
I0911 22:46:28.353122 2938695 AriaExecutor.h:535] Worker 4 latency: 586 us (50%) 730 us (75%) 839 us (95%) 864 us (99%).
I0911 22:46:28.423192 2938695 AriaExecutor.h:535] Worker 5 latency: 583 us (50%) 727 us (75%) 838 us (95%) 863 us (99%).
I0911 22:46:28.484833 2938695 AriaExecutor.h:535] Worker 6 latency: 587 us (50%) 730 us (75%) 839 us (95%) 864 us (99%).
I0911 22:46:28.553259 2938695 AriaExecutor.h:535] Worker 7 latency: 584 us (50%) 728 us (75%) 838 us (95%) 863 us (99%).
I0911 22:46:28.614564 2938695 AriaExecutor.h:535] Worker 8 latency: 585 us (50%) 729 us (75%) 839 us (95%) 863 us (99%).
I0911 22:46:28.683118 2938695 AriaExecutor.h:535] Worker 9 latency: 582 us (50%) 726 us (75%) 838 us (95%) 863 us (99%).
I0911 22:46:28.744159 2938695 AriaExecutor.h:535] Worker 10 latency: 586 us (50%) 730 us (75%) 839 us (95%) 863 us (99%).
I0911 22:46:28.813189 2938695 AriaExecutor.h:535] Worker 11 latency: 583 us (50%) 727 us (75%) 838 us (95%) 863 us (99%).
I0911 22:46:28.876142 2938695 AriaExecutor.h:535] Worker 12 latency: 584 us (50%) 728 us (75%) 838 us (95%) 863 us (99%).
I0911 22:46:28.944060 2938695 AriaExecutor.h:535] Worker 13 latency: 582 us (50%) 727 us (75%) 838 us (95%) 863 us (99%).
I0911 22:46:29.006937 2938695 AriaExecutor.h:535] Worker 14 latency: 587 us (50%) 729 us (75%) 839 us (95%) 863 us (99%).
I0911 22:46:29.075871 2938695 AriaExecutor.h:535] Worker 15 latency: 582 us (50%) 726 us (75%) 838 us (95%) 863 us (99%).
I0911 22:46:29.137169 2938695 Coordinator.h:177] total commit: 993250
I0911 22:46:30.137295 2938695 Coordinator.h:192] Coordinator exits.
