I1126 17:56:55.797365 1062638 Database.h:65] ycsb initialization finished in 30 milliseconds.
I1126 17:56:55.797458 1062638 Coordinator.h:30] Coordinator initializes 12 workers.
I1126 17:56:55.798337 1062638 Coordinator.h:77] Coordinator starts to run 13 workers.
I1126 17:56:55.798396 1062654 AriaExecutor.h:91] AriaExecutor 0 started. 
I1126 17:56:55.798429 1062655 AriaExecutor.h:91] AriaExecutor 1 started. 
I1126 17:56:55.798472 1062656 AriaExecutor.h:91] AriaExecutor 2 started. 
I1126 17:56:55.798514 1062657 AriaExecutor.h:91] AriaExecutor 3 started. 
I1126 17:56:55.798596 1062659 AriaExecutor.h:91] AriaExecutor 5 started. 
I1126 17:56:55.798635 1062660 AriaExecutor.h:91] AriaExecutor 6 started. 
I1126 17:56:55.798682 1062661 AriaExecutor.h:91] AriaExecutor 7 started. 
I1126 17:56:55.798722 1062662 AriaExecutor.h:91] AriaExecutor 8 started. 
I1126 17:56:55.798765 1062663 AriaExecutor.h:91] AriaExecutor 9 started. 
I1126 17:56:55.798801 1062664 AriaExecutor.h:91] AriaExecutor 10 started. 
I1126 17:56:55.798852 1062665 AriaExecutor.h:91] AriaExecutor 11 started. 
I1126 17:56:55.798903 1062658 AriaExecutor.h:91] AriaExecutor 4 started. 
I1126 17:56:55.798908 1062666 Manager.h:224] Manager(worker id = 12) on the coordinator node started.
I1126 17:56:56.798969 1062638 Coordinator.h:126] commit: 1357015 abort: 38985 (0/38985/0), network size: 0, avg network size: 0, si_in_serializable: 0 0 %, local: 0 %
I1126 17:56:57.799090 1062638 Coordinator.h:126] commit: 1339157 abort: 38843 (0/38843/0), network size: 0, avg network size: 0, si_in_serializable: 0 0 %, local: 0 %
I1126 17:56:58.799193 1062638 Coordinator.h:126] commit: 1361666 abort: 39334 (0/39334/0), network size: 0, avg network size: 0, si_in_serializable: 0 0 %, local: 0 %
I1126 17:56:59.799283 1062638 Coordinator.h:126] commit: 1374068 abort: 39932 (0/39932/0), network size: 0, avg network size: 0, si_in_serializable: 0 0 %, local: 0 %
I1126 17:57:00.799376 1062638 Coordinator.h:126] commit: 1341072 abort: 38928 (0/38928/0), network size: 0, avg network size: 0, si_in_serializable: 0 0 %, local: 0 %
I1126 17:57:01.799484 1062638 Coordinator.h:126] commit: 1376960 abort: 39040 (0/39040/0), network size: 0, avg network size: 0, si_in_serializable: 0 0 %, local: 0 %
I1126 17:57:02.799602 1062638 Coordinator.h:126] commit: 1356018 abort: 38982 (0/38982/0), network size: 0, avg network size: 0, si_in_serializable: 0 0 %, local: 0 %
I1126 17:57:03.799696 1062638 Coordinator.h:126] commit: 1373357 abort: 39576 (0/39576/0), network size: 0, avg network size: 0, si_in_serializable: 0 0 %, local: 0 %
I1126 17:57:04.799772 1062638 Coordinator.h:126] commit: 1375307 abort: 39760 (0/39760/0), network size: 0, avg network size: 0, si_in_serializable: 0 0 %, local: 0 %
I1126 17:57:05.799844 1062638 Coordinator.h:126] commit: 1282682 abort: 37318 (0/37318/0), network size: 0, avg network size: 0, si_in_serializable: 0 0 %, local: 0 %
I1126 17:57:06.799921 1062638 Coordinator.h:126] commit: 1376545 abort: 39455 (0/39455/0), network size: 0, avg network size: 0, si_in_serializable: 0 0 %, local: 0 %
I1126 17:57:07.799996 1062638 Coordinator.h:126] commit: 1375525 abort: 39475 (0/39475/0), network size: 0, avg network size: 0, si_in_serializable: 0 0 %, local: 0 %
I1126 17:57:08.800071 1062638 Coordinator.h:126] commit: 1369608 abort: 39392 (0/39392/0), network size: 0, avg network size: 0, si_in_serializable: 0 0 %, local: 0 %
I1126 17:57:09.800145 1062638 Coordinator.h:126] commit: 1377312 abort: 39688 (0/39688/0), network size: 0, avg network size: 0, si_in_serializable: 0 0 %, local: 0 %
I1126 17:57:10.800240 1062638 Coordinator.h:126] commit: 1358841 abort: 39159 (0/39159/0), network size: 0, avg network size: 0, si_in_serializable: 0 0 %, local: 0 %
I1126 17:57:11.800319 1062638 Coordinator.h:126] commit: 1373536 abort: 39464 (0/39464/0), network size: 0, avg network size: 0, si_in_serializable: 0 0 %, local: 0 %
I1126 17:57:12.800400 1062638 Coordinator.h:126] commit: 1369638 abort: 39362 (0/39362/0), network size: 0, avg network size: 0, si_in_serializable: 0 0 %, local: 0 %
I1126 17:57:13.800498 1062638 Coordinator.h:126] commit: 1372031 abort: 39745 (0/39745/0), network size: 0, avg network size: 0, si_in_serializable: 0 0 %, local: 0 %
I1126 17:57:14.800585 1062638 Coordinator.h:126] commit: 1171680 abort: 33544 (0/33544/0), network size: 0, avg network size: 0, si_in_serializable: 0 0 %, local: 0 %
I1126 17:57:15.800676 1062638 Coordinator.h:126] commit: 1373408 abort: 39748 (0/39748/0), network size: 0, avg network size: 0, si_in_serializable: 0 0 %, local: 0 %
I1126 17:57:16.800755 1062638 Coordinator.h:126] commit: 1372370 abort: 39473 (0/39473/0), network size: 0, avg network size: 0, si_in_serializable: 0 0 %, local: 0 %
I1126 17:57:17.800838 1062638 Coordinator.h:126] commit: 1376434 abort: 40005 (0/40005/0), network size: 0, avg network size: 0, si_in_serializable: 0 0 %, local: 0 %
I1126 17:57:18.800913 1062638 Coordinator.h:126] commit: 1369125 abort: 39436 (0/39436/0), network size: 0, avg network size: 0, si_in_serializable: 0 0 %, local: 0 %
I1126 17:57:19.800992 1062638 Coordinator.h:126] commit: 1374264 abort: 39736 (0/39736/0), network size: 0, avg network size: 0, si_in_serializable: 0 0 %, local: 0 %
I1126 17:57:20.801065 1062638 Coordinator.h:126] commit: 1374259 abort: 39741 (0/39741/0), network size: 0, avg network size: 0, si_in_serializable: 0 0 %, local: 0 %
I1126 17:57:20.801077 1062638 Coordinator.h:152] average commit: 1.35181e+06 abort: 38903.2 (0/38903.2/0), network size: 0, avg network size: 0, si_in_serializable: 0 0 %, local: 0 %
I1126 17:57:20.801441 1062656 AriaExecutor.h:103] AriaExecutor 2 exits. 
I1126 17:57:20.801442 1062654 AriaExecutor.h:103] AriaExecutor 0 exits. 
I1126 17:57:20.801451 1062663 AriaExecutor.h:103] AriaExecutor 9 exits. 
I1126 17:57:20.801442 1062660 AriaExecutor.h:103] AriaExecutor 6 exits. 
I1126 17:57:20.801442 1062662 AriaExecutor.h:103] AriaExecutor 8 exits. 
I1126 17:57:20.801445 1062666 Manager.h:227] Manager(worker id = 12) on the coordinator node exits.
I1126 17:57:20.801451 1062655 AriaExecutor.h:103] AriaExecutor 1 exits. 
I1126 17:57:20.801451 1062661 AriaExecutor.h:103] AriaExecutor 7 exits. 
I1126 17:57:20.801451 1062665 AriaExecutor.h:103] AriaExecutor 11 exits. 
I1126 17:57:20.801452 1062659 AriaExecutor.h:103] AriaExecutor 5 exits. 
I1126 17:57:20.801441 1062658 AriaExecutor.h:103] AriaExecutor 4 exits. 
I1126 17:57:20.801442 1062664 AriaExecutor.h:103] AriaExecutor 10 exits. 
I1126 17:57:20.801455 1062657 AriaExecutor.h:103] AriaExecutor 3 exits. 
I1126 17:57:20.801088 1062638 AriaExecutor.h:621] Worker 0 latency: 528 us (50%) 579 us (75%) 623 us (95%) 642 us (99%).
I1126 17:57:20.903213 1062638 AriaExecutor.h:621] Worker 1 latency: 525 us (50%) 576 us (75%) 621 us (95%) 641 us (99%).
I1126 17:57:21.005029 1062638 AriaExecutor.h:621] Worker 2 latency: 528 us (50%) 578 us (75%) 622 us (95%) 642 us (99%).
I1126 17:57:21.107028 1062638 AriaExecutor.h:621] Worker 3 latency: 528 us (50%) 578 us (75%) 622 us (95%) 641 us (99%).
I1126 17:57:21.210580 1062638 AriaExecutor.h:621] Worker 4 latency: 529 us (50%) 579 us (75%) 622 us (95%) 642 us (99%).
I1126 17:57:21.313288 1062638 AriaExecutor.h:621] Worker 5 latency: 527 us (50%) 577 us (75%) 621 us (95%) 640 us (99%).
I1126 17:57:21.415546 1062638 AriaExecutor.h:621] Worker 6 latency: 531 us (50%) 579 us (75%) 622 us (95%) 642 us (99%).
I1126 17:57:21.516355 1062638 AriaExecutor.h:621] Worker 7 latency: 528 us (50%) 577 us (75%) 621 us (95%) 640 us (99%).
I1126 17:57:21.617652 1062638 AriaExecutor.h:621] Worker 8 latency: 530 us (50%) 580 us (75%) 622 us (95%) 642 us (99%).
I1126 17:57:21.716214 1062638 AriaExecutor.h:621] Worker 9 latency: 528 us (50%) 577 us (75%) 621 us (95%) 641 us (99%).
I1126 17:57:21.815428 1062638 AriaExecutor.h:621] Worker 10 latency: 532 us (50%) 581 us (75%) 622 us (95%) 642 us (99%).
I1126 17:57:21.915550 1062638 AriaExecutor.h:621] Worker 11 latency: 530 us (50%) 578 us (75%) 621 us (95%) 641 us (99%).
I1126 17:57:22.016465 1062638 Coordinator.h:177] total commit: 1.35181e+06
I1126 17:57:23.016588 1062638 Coordinator.h:192] Coordinator exits.
