I0911 22:00:54.209430 2930117 Database.h:65] ycsb initialization finished in 147 milliseconds.
I0911 22:00:54.209538 2930117 Coordinator.h:30] Coordinator initializes 16 workers.
I0911 22:00:54.225167 2930117 Coordinator.h:77] Coordinator starts to run 17 workers.
I0911 22:00:54.225221 2930137 AriaExecutor.h:82] AriaExecutor 0 started. 
I0911 22:00:54.225250 2930138 AriaExecutor.h:82] AriaExecutor 1 started. 
I0911 22:00:54.225299 2930139 AriaExecutor.h:82] AriaExecutor 2 started. 
I0911 22:00:54.225346 2930140 AriaExecutor.h:82] AriaExecutor 3 started. 
I0911 22:00:54.225374 2930141 AriaExecutor.h:82] AriaExecutor 4 started. 
I0911 22:00:54.225412 2930142 AriaExecutor.h:82] AriaExecutor 5 started. 
I0911 22:00:54.225446 2930143 AriaExecutor.h:82] AriaExecutor 6 started. 
I0911 22:00:54.225494 2930144 AriaExecutor.h:82] AriaExecutor 7 started. 
I0911 22:00:54.225524 2930145 AriaExecutor.h:82] AriaExecutor 8 started. 
I0911 22:00:54.225577 2930146 AriaExecutor.h:82] AriaExecutor 9 started. 
I0911 22:00:54.225611 2930147 AriaExecutor.h:82] AriaExecutor 10 started. 
I0911 22:00:54.225654 2930148 AriaExecutor.h:82] AriaExecutor 11 started. 
I0911 22:00:54.225687 2930149 AriaExecutor.h:82] AriaExecutor 12 started. 
I0911 22:00:54.225728 2930150 AriaExecutor.h:82] AriaExecutor 13 started. 
I0911 22:00:54.225760 2930151 AriaExecutor.h:82] AriaExecutor 14 started. 
I0911 22:00:54.225811 2930152 AriaExecutor.h:82] AriaExecutor 15 started. 
I0911 22:00:54.225844 2930153 Manager.h:224] Manager(worker id = 16) on the coordinator node started.
I0911 22:00:55.225907 2930117 Coordinator.h:126] commit: 166051 abort: 59229 (0/59229/0), network size: 0, avg network size: 0, si_in_serializable: 0 0 %, local: 0 %
I0911 22:00:56.226042 2930117 Coordinator.h:126] commit: 170334 abort: 61090 (0/61090/0), network size: 0, avg network size: 0, si_in_serializable: 0 0 %, local: 0 %
I0911 22:00:57.226135 2930117 Coordinator.h:126] commit: 167220 abort: 59927 (0/59927/0), network size: 0, avg network size: 0, si_in_serializable: 0 0 %, local: 0 %
I0911 22:00:58.226238 2930117 Coordinator.h:126] commit: 167899 abort: 59610 (0/59610/0), network size: 0, avg network size: 0, si_in_serializable: 0 0 %, local: 0 %
I0911 22:00:59.226349 2930117 Coordinator.h:126] commit: 175258 abort: 62310 (0/62310/0), network size: 0, avg network size: 0, si_in_serializable: 0 0 %, local: 0 %
I0911 22:01:00.226435 2930117 Coordinator.h:126] commit: 176626 abort: 62990 (0/62990/0), network size: 0, avg network size: 0, si_in_serializable: 0 0 %, local: 0 %
I0911 22:01:01.226517 2930117 Coordinator.h:126] commit: 176885 abort: 62731 (0/62731/0), network size: 0, avg network size: 0, si_in_serializable: 0 0 %, local: 0 %
I0911 22:01:02.226598 2930117 Coordinator.h:126] commit: 176814 abort: 62802 (0/62802/0), network size: 0, avg network size: 0, si_in_serializable: 0 0 %, local: 0 %
I0911 22:01:03.226684 2930117 Coordinator.h:126] commit: 171883 abort: 61589 (0/61589/0), network size: 0, avg network size: 0, si_in_serializable: 0 0 %, local: 0 %
I0911 22:01:04.226768 2930117 Coordinator.h:126] commit: 173739 abort: 61781 (0/61781/0), network size: 0, avg network size: 0, si_in_serializable: 0 0 %, local: 0 %
I0911 22:01:05.226856 2930117 Coordinator.h:126] commit: 178536 abort: 63128 (0/63128/0), network size: 0, avg network size: 0, si_in_serializable: 0 0 %, local: 0 %
I0911 22:01:06.226964 2930117 Coordinator.h:126] commit: 178108 abort: 63313 (0/63313/0), network size: 0, avg network size: 0, si_in_serializable: 0 0 %, local: 0 %
I0911 22:01:07.227058 2930117 Coordinator.h:126] commit: 177116 abort: 62743 (0/62743/0), network size: 0, avg network size: 0, si_in_serializable: 0 0 %, local: 0 %
I0911 22:01:08.227147 2930117 Coordinator.h:126] commit: 178376 abort: 63288 (0/63288/0), network size: 0, avg network size: 0, si_in_serializable: 0 0 %, local: 0 %
I0911 22:01:09.227226 2930117 Coordinator.h:126] commit: 177983 abort: 63681 (0/63681/0), network size: 0, avg network size: 0, si_in_serializable: 0 0 %, local: 0 %
I0911 22:01:10.227305 2930117 Coordinator.h:126] commit: 178084 abort: 63580 (0/63580/0), network size: 0, avg network size: 0, si_in_serializable: 0 0 %, local: 0 %
I0911 22:01:11.227387 2930117 Coordinator.h:126] commit: 177728 abort: 63936 (0/63936/0), network size: 0, avg network size: 0, si_in_serializable: 0 0 %, local: 0 %
I0911 22:01:12.227474 2930117 Coordinator.h:126] commit: 174562 abort: 62273 (0/62273/0), network size: 0, avg network size: 0, si_in_serializable: 0 0 %, local: 0 %
I0911 22:01:13.227559 2930117 Coordinator.h:126] commit: 178412 abort: 63985 (0/63985/0), network size: 0, avg network size: 0, si_in_serializable: 0 0 %, local: 0 %
I0911 22:01:14.227643 2930117 Coordinator.h:126] commit: 173835 abort: 61685 (0/61685/0), network size: 0, avg network size: 0, si_in_serializable: 0 0 %, local: 0 %
I0911 22:01:15.227762 2930117 Coordinator.h:126] commit: 178370 abort: 63294 (0/63294/0), network size: 0, avg network size: 0, si_in_serializable: 0 0 %, local: 0 %
I0911 22:01:16.227867 2930117 Coordinator.h:126] commit: 178601 abort: 63063 (0/63063/0), network size: 0, avg network size: 0, si_in_serializable: 0 0 %, local: 0 %
I0911 22:01:17.227957 2930117 Coordinator.h:126] commit: 177941 abort: 63723 (0/63723/0), network size: 0, avg network size: 0, si_in_serializable: 0 0 %, local: 0 %
I0911 22:01:18.228055 2930117 Coordinator.h:126] commit: 175361 abort: 62207 (0/62207/0), network size: 0, avg network size: 0, si_in_serializable: 0 0 %, local: 0 %
I0911 22:01:19.228153 2930117 Coordinator.h:126] commit: 178106 abort: 63558 (0/63558/0), network size: 0, avg network size: 0, si_in_serializable: 0 0 %, local: 0 %
I0911 22:01:19.228179 2930117 Coordinator.h:152] average commit: 177274 abort: 63161.2 (0/63161.2/0), network size: 0, avg network size: 0, si_in_serializable: 0 0 %, local: 0 %
I0911 22:01:19.233134 2930139 AriaExecutor.h:94] AriaExecutor 2 exits. 
I0911 22:01:19.233150 2930150 AriaExecutor.h:94] AriaExecutor 13 exits. 
I0911 22:01:19.233136 2930149 AriaExecutor.h:94] AriaExecutor 12 exits. 
I0911 22:01:19.233137 2930145 AriaExecutor.h:94] AriaExecutor 8 exits. 
I0911 22:01:19.233139 2930137 AriaExecutor.h:94] AriaExecutor 0 exits. 
I0911 22:01:19.233137 2930153 Manager.h:227] Manager(worker id = 16) on the coordinator node exits.
I0911 22:01:19.233139 2930141 AriaExecutor.h:94] AriaExecutor 4 exits. 
I0911 22:01:19.233150 2930142 AriaExecutor.h:94] AriaExecutor 5 exits. 
I0911 22:01:19.233150 2930148 AriaExecutor.h:94] AriaExecutor 11 exits. 
I0911 22:01:19.233139 2930143 AriaExecutor.h:94] AriaExecutor 6 exits. 
I0911 22:01:19.233136 2930147 AriaExecutor.h:94] AriaExecutor 10 exits. 
I0911 22:01:19.233150 2930138 AriaExecutor.h:94] AriaExecutor 1 exits. 
I0911 22:01:19.233150 2930144 AriaExecutor.h:94] AriaExecutor 7 exits. 
I0911 22:01:19.233150 2930140 AriaExecutor.h:94] AriaExecutor 3 exits. 
I0911 22:01:19.233134 2930151 AriaExecutor.h:94] AriaExecutor 14 exits. 
I0911 22:01:19.233153 2930146 AriaExecutor.h:94] AriaExecutor 9 exits. 
I0911 22:01:19.233150 2930152 AriaExecutor.h:94] AriaExecutor 15 exits. 
I0911 22:01:19.228190 2930117 AriaExecutor.h:535] Worker 0 latency: 6228 us (50%) 7270 us (75%) 8013 us (95%) 8294 us (99%).
I0911 22:01:19.241951 2930117 AriaExecutor.h:535] Worker 1 latency: 6222 us (50%) 7265 us (75%) 8008 us (95%) 8277 us (99%).
I0911 22:01:19.255470 2930117 AriaExecutor.h:535] Worker 2 latency: 6253 us (50%) 7279 us (75%) 8011 us (95%) 8284 us (99%).
I0911 22:01:19.269055 2930117 AriaExecutor.h:535] Worker 3 latency: 6212 us (50%) 7258 us (75%) 8006 us (95%) 8272 us (99%).
I0911 22:01:19.282481 2930117 AriaExecutor.h:535] Worker 4 latency: 6224 us (50%) 7267 us (75%) 8008 us (95%) 8278 us (99%).
I0911 22:01:19.295922 2930117 AriaExecutor.h:535] Worker 5 latency: 6214 us (50%) 7261 us (75%) 8007 us (95%) 8275 us (99%).
I0911 22:01:19.309725 2930117 AriaExecutor.h:535] Worker 6 latency: 6252 us (50%) 7280 us (75%) 8011 us (95%) 8285 us (99%).
I0911 22:01:19.322988 2930117 AriaExecutor.h:535] Worker 7 latency: 6204 us (50%) 7255 us (75%) 8006 us (95%) 8273 us (99%).
I0911 22:01:19.336611 2930117 AriaExecutor.h:535] Worker 8 latency: 6194 us (50%) 7251 us (75%) 8004 us (95%) 8277 us (99%).
I0911 22:01:19.350019 2930117 AriaExecutor.h:535] Worker 9 latency: 6214 us (50%) 7260 us (75%) 8006 us (95%) 8272 us (99%).
I0911 22:01:19.363579 2930117 AriaExecutor.h:535] Worker 10 latency: 6250 us (50%) 7277 us (75%) 8008 us (95%) 8281 us (99%).
I0911 22:01:19.377205 2930117 AriaExecutor.h:535] Worker 11 latency: 6240 us (50%) 7274 us (75%) 8007 us (95%) 8279 us (99%).
I0911 22:01:19.390780 2930117 AriaExecutor.h:535] Worker 12 latency: 6236 us (50%) 7268 us (75%) 8005 us (95%) 8276 us (99%).
I0911 22:01:19.404184 2930117 AriaExecutor.h:535] Worker 13 latency: 6218 us (50%) 7264 us (75%) 8009 us (95%) 8276 us (99%).
I0911 22:01:19.417785 2930117 AriaExecutor.h:535] Worker 14 latency: 6248 us (50%) 7275 us (75%) 8006 us (95%) 8276 us (99%).
I0911 22:01:19.431140 2930117 AriaExecutor.h:535] Worker 15 latency: 6240 us (50%) 7276 us (75%) 8008 us (95%) 8274 us (99%).
I0911 22:01:19.444722 2930117 Coordinator.h:177] total commit: 177274
I0911 22:01:20.444840 2930117 Coordinator.h:192] Coordinator exits.
