I0911 23:12:24.526070 2943941 Database.h:65] ycsb initialization finished in 149 milliseconds.
I0911 23:12:24.526178 2943941 Coordinator.h:30] Coordinator initializes 16 workers.
I0911 23:12:24.556624 2943941 Coordinator.h:77] Coordinator starts to run 17 workers.
I0911 23:12:24.556685 2943963 AriaExecutor.h:82] AriaExecutor 0 started. 
I0911 23:12:24.556720 2943964 AriaExecutor.h:82] AriaExecutor 1 started. 
I0911 23:12:24.556767 2943965 AriaExecutor.h:82] AriaExecutor 2 started. 
I0911 23:12:24.556821 2943966 AriaExecutor.h:82] AriaExecutor 3 started. 
I0911 23:12:24.556854 2943967 AriaExecutor.h:82] AriaExecutor 4 started. 
I0911 23:12:24.556895 2943968 AriaExecutor.h:82] AriaExecutor 5 started. 
I0911 23:12:24.556941 2943969 AriaExecutor.h:82] AriaExecutor 6 started. 
I0911 23:12:24.556986 2943970 AriaExecutor.h:82] AriaExecutor 7 started. 
I0911 23:12:24.557026 2943971 AriaExecutor.h:82] AriaExecutor 8 started. 
I0911 23:12:24.557075 2943972 AriaExecutor.h:82] AriaExecutor 9 started. 
I0911 23:12:24.557118 2943973 AriaExecutor.h:82] AriaExecutor 10 started. 
I0911 23:12:24.557157 2943974 AriaExecutor.h:82] AriaExecutor 11 started. 
I0911 23:12:24.557190 2943975 AriaExecutor.h:82] AriaExecutor 12 started. 
I0911 23:12:24.557231 2943976 AriaExecutor.h:82] AriaExecutor 13 started. 
I0911 23:12:24.557265 2943977 AriaExecutor.h:82] AriaExecutor 14 started. 
I0911 23:12:24.557307 2943978 AriaExecutor.h:82] AriaExecutor 15 started. 
I0911 23:12:24.557348 2943979 Manager.h:224] Manager(worker id = 16) on the coordinator node started.
I0911 23:12:25.557402 2943941 Coordinator.h:126] commit: 1286751 abort: 3489 (0/3489/0), network size: 0, avg network size: 0, si_in_serializable: 0 0 %, local: 0 %
I0911 23:12:26.557502 2943941 Coordinator.h:126] commit: 1282781 abort: 3363 (0/3363/0), network size: 0, avg network size: 0, si_in_serializable: 0 0 %, local: 0 %
I0911 23:12:27.557579 2943941 Coordinator.h:126] commit: 1241846 abort: 3338 (0/3338/0), network size: 0, avg network size: 0, si_in_serializable: 0 0 %, local: 0 %
I0911 23:12:28.557655 2943941 Coordinator.h:126] commit: 1245959 abort: 3321 (0/3321/0), network size: 0, avg network size: 0, si_in_serializable: 0 0 %, local: 0 %
I0911 23:12:29.557756 2943941 Coordinator.h:126] commit: 1294849 abort: 3583 (0/3583/0), network size: 0, avg network size: 0, si_in_serializable: 0 0 %, local: 0 %
I0911 23:12:30.557837 2943941 Coordinator.h:126] commit: 1303188 abort: 3436 (0/3436/0), network size: 0, avg network size: 0, si_in_serializable: 0 0 %, local: 0 %
I0911 23:12:31.557921 2943941 Coordinator.h:126] commit: 1290907 abort: 3429 (0/3429/0), network size: 0, avg network size: 0, si_in_serializable: 0 0 %, local: 0 %
I0911 23:12:32.557998 2943941 Coordinator.h:126] commit: 1298965 abort: 3563 (0/3563/0), network size: 0, avg network size: 0, si_in_serializable: 0 0 %, local: 0 %
I0911 23:12:33.558074 2943941 Coordinator.h:126] commit: 1303107 abort: 3517 (0/3517/0), network size: 0, avg network size: 0, si_in_serializable: 0 0 %, local: 0 %
I0911 23:12:34.558151 2943941 Coordinator.h:126] commit: 1303103 abort: 3521 (0/3521/0), network size: 0, avg network size: 0, si_in_serializable: 0 0 %, local: 0 %
I0911 23:12:35.558223 2943941 Coordinator.h:126] commit: 1303122 abort: 3502 (0/3502/0), network size: 0, avg network size: 0, si_in_serializable: 0 0 %, local: 0 %
I0911 23:12:36.558300 2943941 Coordinator.h:126] commit: 1266366 abort: 3394 (0/3394/0), network size: 0, avg network size: 0, si_in_serializable: 0 0 %, local: 0 %
I0911 23:12:37.558373 2943941 Coordinator.h:126] commit: 1307169 abort: 3551 (0/3551/0), network size: 0, avg network size: 0, si_in_serializable: 0 0 %, local: 0 %
I0911 23:12:38.558446 2943941 Coordinator.h:126] commit: 1233727 abort: 3265 (0/3265/0), network size: 0, avg network size: 0, si_in_serializable: 0 0 %, local: 0 %
I0911 23:12:39.558545 2943941 Coordinator.h:126] commit: 1290935 abort: 3401 (0/3401/0), network size: 0, avg network size: 0, si_in_serializable: 0 0 %, local: 0 %
I0911 23:12:40.558631 2943941 Coordinator.h:126] commit: 1299005 abort: 3523 (0/3523/0), network size: 0, avg network size: 0, si_in_serializable: 0 0 %, local: 0 %
I0911 23:12:41.558707 2943941 Coordinator.h:126] commit: 1303029 abort: 3595 (0/3595/0), network size: 0, avg network size: 0, si_in_serializable: 0 0 %, local: 0 %
I0911 23:12:42.558781 2943941 Coordinator.h:126] commit: 1299027 abort: 3501 (0/3501/0), network size: 0, avg network size: 0, si_in_serializable: 0 0 %, local: 0 %
I0911 23:12:43.558854 2943941 Coordinator.h:126] commit: 1299020 abort: 3508 (0/3508/0), network size: 0, avg network size: 0, si_in_serializable: 0 0 %, local: 0 %
I0911 23:12:44.558933 2943941 Coordinator.h:126] commit: 1298940 abort: 3588 (0/3588/0), network size: 0, avg network size: 0, si_in_serializable: 0 0 %, local: 0 %
I0911 23:12:45.559008 2943941 Coordinator.h:126] commit: 1299094 abort: 3434 (0/3434/0), network size: 0, avg network size: 0, si_in_serializable: 0 0 %, local: 0 %
I0911 23:12:46.559083 2943941 Coordinator.h:126] commit: 1303068 abort: 3556 (0/3556/0), network size: 0, avg network size: 0, si_in_serializable: 0 0 %, local: 0 %
I0911 23:12:47.559158 2943941 Coordinator.h:126] commit: 1299061 abort: 3467 (0/3467/0), network size: 0, avg network size: 0, si_in_serializable: 0 0 %, local: 0 %
I0911 23:12:48.559234 2943941 Coordinator.h:126] commit: 1303051 abort: 3573 (0/3573/0), network size: 0, avg network size: 0, si_in_serializable: 0 0 %, local: 0 %
I0911 23:12:49.559309 2943941 Coordinator.h:126] commit: 1294919 abort: 3513 (0/3513/0), network size: 0, avg network size: 0, si_in_serializable: 0 0 %, local: 0 %
I0911 23:12:49.559319 2943941 Coordinator.h:152] average commit: 1.29003e+06 abort: 3482.8 (0/3482.8/0), network size: 0, avg network size: 0, si_in_serializable: 0 0 %, local: 0 %
I0911 23:12:49.559643 2943963 AriaExecutor.h:94] AriaExecutor 0 exits. 
I0911 23:12:49.559648 2943971 AriaExecutor.h:94] AriaExecutor 8 exits. 
I0911 23:12:49.559648 2943977 AriaExecutor.h:94] AriaExecutor 14 exits. 
I0911 23:12:49.559648 2943967 AriaExecutor.h:94] AriaExecutor 4 exits. 
I0911 23:12:49.559672 2943969 AriaExecutor.h:94] AriaExecutor 6 exits. 
I0911 23:12:49.559659 2943968 AriaExecutor.h:94] AriaExecutor 5 exits. 
I0911 23:12:49.559660 2943974 AriaExecutor.h:94] AriaExecutor 11 exits. 
I0911 23:12:49.559659 2943978 AriaExecutor.h:94] AriaExecutor 15 exits. 
I0911 23:12:49.559659 2943970 AriaExecutor.h:94] AriaExecutor 7 exits. 
I0911 23:12:49.559685 2943976 AriaExecutor.h:94] AriaExecutor 13 exits. 
I0911 23:12:49.559660 2943964 AriaExecutor.h:94] AriaExecutor 1 exits. 
I0911 23:12:49.559660 2943972 AriaExecutor.h:94] AriaExecutor 9 exits. 
I0911 23:12:49.559645 2943979 Manager.h:227] Manager(worker id = 16) on the coordinator node exits.
I0911 23:12:49.559679 2943975 AriaExecutor.h:94] AriaExecutor 12 exits. 
I0911 23:12:49.559659 2943966 AriaExecutor.h:94] AriaExecutor 3 exits. 
I0911 23:12:49.559645 2943973 AriaExecutor.h:94] AriaExecutor 10 exits. 
I0911 23:12:49.559648 2943965 AriaExecutor.h:94] AriaExecutor 2 exits. 
I0911 23:12:49.559331 2943941 AriaExecutor.h:641] Worker 0 latency: 1804 us (50%) 2417 us (75%) 2909 us (95%) 3009 us (99%).
I0911 23:12:49.642215 2943941 AriaExecutor.h:641] Worker 1 latency: 1803 us (50%) 2416 us (75%) 2906 us (95%) 3007 us (99%).
I0911 23:12:49.734462 2943941 AriaExecutor.h:641] Worker 2 latency: 1813 us (50%) 2421 us (75%) 2910 us (95%) 3009 us (99%).
I0911 23:12:49.819267 2943941 AriaExecutor.h:641] Worker 3 latency: 1804 us (50%) 2416 us (75%) 2906 us (95%) 3007 us (99%).
I0911 23:12:49.913692 2943941 AriaExecutor.h:641] Worker 4 latency: 1806 us (50%) 2417 us (75%) 2908 us (95%) 3008 us (99%).
I0911 23:12:49.998729 2943941 AriaExecutor.h:641] Worker 5 latency: 1799 us (50%) 2414 us (75%) 2906 us (95%) 3007 us (99%).
I0911 23:12:50.094491 2943941 AriaExecutor.h:641] Worker 6 latency: 1813 us (50%) 2421 us (75%) 2910 us (95%) 3009 us (99%).
I0911 23:12:50.179117 2943941 AriaExecutor.h:641] Worker 7 latency: 1803 us (50%) 2415 us (75%) 2906 us (95%) 3007 us (99%).
I0911 23:12:50.271556 2943941 AriaExecutor.h:641] Worker 8 latency: 1810 us (50%) 2419 us (75%) 2909 us (95%) 3009 us (99%).
I0911 23:12:50.357026 2943941 AriaExecutor.h:641] Worker 9 latency: 1801 us (50%) 2414 us (75%) 2905 us (95%) 3006 us (99%).
I0911 23:12:50.450847 2943941 AriaExecutor.h:641] Worker 10 latency: 1817 us (50%) 2422 us (75%) 2909 us (95%) 3009 us (99%).
I0911 23:12:50.535006 2943941 AriaExecutor.h:641] Worker 11 latency: 1805 us (50%) 2416 us (75%) 2906 us (95%) 3007 us (99%).
I0911 23:12:50.627187 2943941 AriaExecutor.h:641] Worker 12 latency: 1815 us (50%) 2421 us (75%) 2909 us (95%) 3009 us (99%).
I0911 23:12:50.710808 2943941 AriaExecutor.h:641] Worker 13 latency: 1802 us (50%) 2414 us (75%) 2905 us (95%) 3007 us (99%).
I0911 23:12:50.802544 2943941 AriaExecutor.h:641] Worker 14 latency: 1817 us (50%) 2422 us (75%) 2909 us (95%) 3009 us (99%).
I0911 23:12:50.885921 2943941 AriaExecutor.h:641] Worker 15 latency: 1804 us (50%) 2415 us (75%) 2906 us (95%) 3007 us (99%).
I0911 23:12:50.981029 2943941 Coordinator.h:177] total commit: 1.29003e+06
I0911 23:12:51.981235 2943941 Coordinator.h:192] Coordinator exits.
