I1126 17:13:27.899318 1051347 Database.h:65] ycsb initialization finished in 30 milliseconds.
I1126 17:13:27.899410 1051347 Coordinator.h:30] Coordinator initializes 12 workers.
I1126 17:13:27.900277 1051347 Coordinator.h:77] Coordinator starts to run 13 workers.
I1126 17:13:27.900327 1051364 AriaExecutor.h:91] AriaExecutor 0 started. 
I1126 17:13:27.900357 1051365 AriaExecutor.h:91] AriaExecutor 1 started. 
I1126 17:13:27.900395 1051366 AriaExecutor.h:91] AriaExecutor 2 started. 
I1126 17:13:27.900444 1051367 AriaExecutor.h:91] AriaExecutor 3 started. 
I1126 17:13:27.900473 1051368 AriaExecutor.h:91] AriaExecutor 4 started. 
I1126 17:13:27.900514 1051369 AriaExecutor.h:91] AriaExecutor 5 started. 
I1126 17:13:27.900549 1051370 AriaExecutor.h:91] AriaExecutor 6 started. 
I1126 17:13:27.900594 1051371 AriaExecutor.h:91] AriaExecutor 7 started. 
I1126 17:13:27.900640 1051372 AriaExecutor.h:91] AriaExecutor 8 started. 
I1126 17:13:27.900692 1051373 AriaExecutor.h:91] AriaExecutor 9 started. 
I1126 17:13:27.900735 1051374 AriaExecutor.h:91] AriaExecutor 10 started. 
I1126 17:13:27.900791 1051376 AriaExecutor.h:91] AriaExecutor 11 started. 
I1126 17:13:27.900844 1051377 Manager.h:224] Manager(worker id = 12) on the coordinator node started.
I1126 17:13:28.900902 1051347 Coordinator.h:126] commit: 2076767 abort: 9233 (0/9233/0), network size: 0, avg network size: 0, si_in_serializable: 0 0 %, local: 0 %
I1126 17:13:29.901023 1051347 Coordinator.h:126] commit: 2045699 abort: 9301 (0/9301/0), network size: 0, avg network size: 0, si_in_serializable: 0 0 %, local: 0 %
I1126 17:13:30.901153 1051347 Coordinator.h:126] commit: 2092472 abort: 9528 (0/9528/0), network size: 0, avg network size: 0, si_in_serializable: 0 0 %, local: 0 %
I1126 17:13:31.901263 1051347 Coordinator.h:126] commit: 2058788 abort: 9212 (0/9212/0), network size: 0, avg network size: 0, si_in_serializable: 0 0 %, local: 0 %
I1126 17:13:32.901360 1051347 Coordinator.h:126] commit: 2095706 abort: 9294 (0/9294/0), network size: 0, avg network size: 0, si_in_serializable: 0 0 %, local: 0 %
I1126 17:13:33.901451 1051347 Coordinator.h:126] commit: 2095552 abort: 9448 (0/9448/0), network size: 0, avg network size: 0, si_in_serializable: 0 0 %, local: 0 %
I1126 17:13:34.901566 1051347 Coordinator.h:126] commit: 1961041 abort: 8959 (0/8959/0), network size: 0, avg network size: 0, si_in_serializable: 0 0 %, local: 0 %
I1126 17:13:35.901664 1051347 Coordinator.h:126] commit: 2093599 abort: 9401 (0/9401/0), network size: 0, avg network size: 0, si_in_serializable: 0 0 %, local: 0 %
I1126 17:13:36.901752 1051347 Coordinator.h:126] commit: 2090456 abort: 9544 (0/9544/0), network size: 0, avg network size: 0, si_in_serializable: 0 0 %, local: 0 %
I1126 17:13:37.901845 1051347 Coordinator.h:126] commit: 2094545 abort: 9455 (0/9455/0), network size: 0, avg network size: 0, si_in_serializable: 0 0 %, local: 0 %
I1126 17:13:38.901938 1051347 Coordinator.h:126] commit: 2087741 abort: 9259 (0/9259/0), network size: 0, avg network size: 0, si_in_serializable: 0 0 %, local: 0 %
I1126 17:13:39.902029 1051347 Coordinator.h:126] commit: 2089687 abort: 9313 (0/9313/0), network size: 0, avg network size: 0, si_in_serializable: 0 0 %, local: 0 %
I1126 17:13:40.902122 1051347 Coordinator.h:126] commit: 1875483 abort: 8517 (0/8517/0), network size: 0, avg network size: 0, si_in_serializable: 0 0 %, local: 0 %
I1126 17:13:41.902220 1051347 Coordinator.h:126] commit: 2092600 abort: 9400 (0/9400/0), network size: 0, avg network size: 0, si_in_serializable: 0 0 %, local: 0 %
I1126 17:13:42.902338 1051347 Coordinator.h:126] commit: 2069459 abort: 9541 (0/9541/0), network size: 0, avg network size: 0, si_in_serializable: 0 0 %, local: 0 %
I1126 17:13:43.902433 1051347 Coordinator.h:126] commit: 2096693 abort: 9307 (0/9307/0), network size: 0, avg network size: 0, si_in_serializable: 0 0 %, local: 0 %
I1126 17:13:44.902524 1051347 Coordinator.h:126] commit: 2092680 abort: 9320 (0/9320/0), network size: 0, avg network size: 0, si_in_serializable: 0 0 %, local: 0 %
I1126 17:13:45.902614 1051347 Coordinator.h:126] commit: 2095661 abort: 9339 (0/9339/0), network size: 0, avg network size: 0, si_in_serializable: 0 0 %, local: 0 %
I1126 17:13:46.902704 1051347 Coordinator.h:126] commit: 2092664 abort: 9336 (0/9336/0), network size: 0, avg network size: 0, si_in_serializable: 0 0 %, local: 0 %
I1126 17:13:47.902794 1051347 Coordinator.h:126] commit: 2097500 abort: 9500 (0/9500/0), network size: 0, avg network size: 0, si_in_serializable: 0 0 %, local: 0 %
I1126 17:13:48.902884 1051347 Coordinator.h:126] commit: 2092356 abort: 9644 (0/9644/0), network size: 0, avg network size: 0, si_in_serializable: 0 0 %, local: 0 %
I1126 17:13:49.902973 1051347 Coordinator.h:126] commit: 2097544 abort: 9456 (0/9456/0), network size: 0, avg network size: 0, si_in_serializable: 0 0 %, local: 0 %
I1126 17:13:50.903064 1051347 Coordinator.h:126] commit: 2087442 abort: 9558 (0/9558/0), network size: 0, avg network size: 0, si_in_serializable: 0 0 %, local: 0 %
I1126 17:13:51.903156 1051347 Coordinator.h:126] commit: 2096659 abort: 9341 (0/9341/0), network size: 0, avg network size: 0, si_in_serializable: 0 0 %, local: 0 %
I1126 17:13:52.903249 1051347 Coordinator.h:126] commit: 1698531 abort: 7469 (0/7469/0), network size: 0, avg network size: 0, si_in_serializable: 0 0 %, local: 0 %
I1126 17:13:52.903273 1051347 Coordinator.h:152] average commit: 2.06902e+06 abort: 9283.2 (0/9283.2/0), network size: 0, avg network size: 0, si_in_serializable: 0 0 %, local: 0 %
I1126 17:13:52.903741 1051374 AriaExecutor.h:103] AriaExecutor 10 exits. 
I1126 17:13:52.903748 1051368 AriaExecutor.h:103] AriaExecutor 4 exits. 
I1126 17:13:52.903744 1051377 Manager.h:227] Manager(worker id = 12) on the coordinator node exits.
I1126 17:13:52.903749 1051370 AriaExecutor.h:103] AriaExecutor 6 exits. 
I1126 17:13:52.903745 1051372 AriaExecutor.h:103] AriaExecutor 8 exits. 
I1126 17:13:52.903757 1051365 AriaExecutor.h:103] AriaExecutor 1 exits. 
I1126 17:13:52.903756 1051371 AriaExecutor.h:103] AriaExecutor 7 exits. 
I1126 17:13:52.903756 1051376 AriaExecutor.h:103] AriaExecutor 11 exits. 
I1126 17:13:52.903756 1051373 AriaExecutor.h:103] AriaExecutor 9 exits. 
I1126 17:13:52.903756 1051367 AriaExecutor.h:103] AriaExecutor 3 exits. 
I1126 17:13:52.903757 1051369 AriaExecutor.h:103] AriaExecutor 5 exits. 
I1126 17:13:52.903741 1051364 AriaExecutor.h:103] AriaExecutor 0 exits. 
I1126 17:13:52.903746 1051366 AriaExecutor.h:103] AriaExecutor 2 exits. 
I1126 17:13:52.903286 1051347 AriaExecutor.h:621] Worker 0 latency: 316 us (50%) 368 us (75%) 414 us (95%) 429 us (99%).
I1126 17:13:53.061077 1051347 AriaExecutor.h:621] Worker 1 latency: 313 us (50%) 366 us (75%) 413 us (95%) 428 us (99%).
I1126 17:13:53.215305 1051347 AriaExecutor.h:621] Worker 2 latency: 317 us (50%) 368 us (75%) 414 us (95%) 429 us (99%).
I1126 17:13:53.369418 1051347 AriaExecutor.h:621] Worker 3 latency: 315 us (50%) 367 us (75%) 413 us (95%) 428 us (99%).
I1126 17:13:53.524874 1051347 AriaExecutor.h:621] Worker 4 latency: 317 us (50%) 369 us (75%) 414 us (95%) 429 us (99%).
I1126 17:13:53.673985 1051347 AriaExecutor.h:621] Worker 5 latency: 314 us (50%) 366 us (75%) 412 us (95%) 427 us (99%).
I1126 17:13:53.828519 1051347 AriaExecutor.h:621] Worker 6 latency: 319 us (50%) 369 us (75%) 414 us (95%) 429 us (99%).
I1126 17:13:53.986259 1051347 AriaExecutor.h:621] Worker 7 latency: 316 us (50%) 367 us (75%) 413 us (95%) 428 us (99%).
I1126 17:13:54.142079 1051347 AriaExecutor.h:621] Worker 8 latency: 319 us (50%) 370 us (75%) 414 us (95%) 429 us (99%).
I1126 17:13:54.297222 1051347 AriaExecutor.h:621] Worker 9 latency: 317 us (50%) 368 us (75%) 413 us (95%) 428 us (99%).
I1126 17:13:54.450909 1051347 AriaExecutor.h:621] Worker 10 latency: 320 us (50%) 370 us (75%) 414 us (95%) 429 us (99%).
I1126 17:13:54.605448 1051347 AriaExecutor.h:621] Worker 11 latency: 318 us (50%) 369 us (75%) 413 us (95%) 428 us (99%).
I1126 17:13:54.757987 1051347 Coordinator.h:177] total commit: 2.06902e+06
I1126 17:13:55.758102 1051347 Coordinator.h:192] Coordinator exits.
