I1126 16:13:19.833930 1034926 Database.h:65] ycsb initialization finished in 30 milliseconds.
I1126 16:13:19.834028 1034926 Coordinator.h:30] Coordinator initializes 12 workers.
I1126 16:13:19.906694 1034926 Coordinator.h:77] Coordinator starts to run 13 workers.
I1126 16:13:19.906750 1034942 AriaExecutor.h:93] AriaExecutor 0 started. 
I1126 16:13:19.906786 1034943 AriaExecutor.h:93] AriaExecutor 1 started. 
I1126 16:13:19.906826 1034944 AriaExecutor.h:93] AriaExecutor 2 started. 
I1126 16:13:19.906867 1034945 AriaExecutor.h:93] AriaExecutor 3 started. 
I1126 16:13:19.906952 1034947 AriaExecutor.h:93] AriaExecutor 5 started. 
I1126 16:13:19.906993 1034948 AriaExecutor.h:93] AriaExecutor 6 started. 
I1126 16:13:19.907032 1034949 AriaExecutor.h:93] AriaExecutor 7 started. 
I1126 16:13:19.907065 1034950 AriaExecutor.h:93] AriaExecutor 8 started. 
I1126 16:13:19.907112 1034951 AriaExecutor.h:93] AriaExecutor 9 started. 
I1126 16:13:19.907148 1034952 AriaExecutor.h:93] AriaExecutor 10 started. 
I1126 16:13:19.907202 1034953 AriaExecutor.h:93] AriaExecutor 11 started. 
I1126 16:13:19.907234 1034946 AriaExecutor.h:93] AriaExecutor 4 started. 
I1126 16:13:19.907239 1034954 Manager.h:224] Manager(worker id = 12) on the coordinator node started.
I1126 16:13:20.907300 1034926 Coordinator.h:126] commit: 454546 abort: 495454 (0/495454/0), network size: 0, avg network size: 0, si_in_serializable: 0 0 %, local: 0 %
I1126 16:13:21.907410 1034926 Coordinator.h:126] commit: 449702 abort: 490567 (0/490567/0), network size: 0, avg network size: 0, si_in_serializable: 0 0 %, local: 0 %
I1126 16:13:22.907510 1034926 Coordinator.h:126] commit: 459147 abort: 500584 (0/500584/0), network size: 0, avg network size: 0, si_in_serializable: 0 0 %, local: 0 %
I1126 16:13:23.907588 1034926 Coordinator.h:126] commit: 459425 abort: 500575 (0/500575/0), network size: 0, avg network size: 0, si_in_serializable: 0 0 %, local: 0 %
I1126 16:13:24.907660 1034926 Coordinator.h:126] commit: 458358 abort: 501642 (0/501642/0), network size: 0, avg network size: 0, si_in_serializable: 0 0 %, local: 0 %
I1126 16:13:25.907734 1034926 Coordinator.h:126] commit: 459059 abort: 500941 (0/500941/0), network size: 0, avg network size: 0, si_in_serializable: 0 0 %, local: 0 %
I1126 16:13:26.907824 1034926 Coordinator.h:126] commit: 453167 abort: 496833 (0/496833/0), network size: 0, avg network size: 0, si_in_serializable: 0 0 %, local: 0 %
I1126 16:13:27.907902 1034926 Coordinator.h:126] commit: 459263 abort: 500737 (0/500737/0), network size: 0, avg network size: 0, si_in_serializable: 0 0 %, local: 0 %
I1126 16:13:28.907975 1034926 Coordinator.h:126] commit: 458012 abort: 501988 (0/501988/0), network size: 0, avg network size: 0, si_in_serializable: 0 0 %, local: 0 %
I1126 16:13:29.908046 1034926 Coordinator.h:126] commit: 458987 abort: 501013 (0/501013/0), network size: 0, avg network size: 0, si_in_serializable: 0 0 %, local: 0 %
I1126 16:13:30.908116 1034926 Coordinator.h:126] commit: 458398 abort: 501602 (0/501602/0), network size: 0, avg network size: 0, si_in_serializable: 0 0 %, local: 0 %
I1126 16:13:31.908190 1034926 Coordinator.h:126] commit: 459793 abort: 500207 (0/500207/0), network size: 0, avg network size: 0, si_in_serializable: 0 0 %, local: 0 %
I1126 16:13:32.908262 1034926 Coordinator.h:126] commit: 459160 abort: 500840 (0/500840/0), network size: 0, avg network size: 0, si_in_serializable: 0 0 %, local: 0 %
I1126 16:13:33.908334 1034926 Coordinator.h:126] commit: 449209 abort: 490791 (0/490791/0), network size: 0, avg network size: 0, si_in_serializable: 0 0 %, local: 0 %
I1126 16:13:34.908406 1034926 Coordinator.h:126] commit: 458601 abort: 501399 (0/501399/0), network size: 0, avg network size: 0, si_in_serializable: 0 0 %, local: 0 %
I1126 16:13:35.908481 1034926 Coordinator.h:126] commit: 459130 abort: 500870 (0/500870/0), network size: 0, avg network size: 0, si_in_serializable: 0 0 %, local: 0 %
I1126 16:13:36.908573 1034926 Coordinator.h:126] commit: 459426 abort: 500574 (0/500574/0), network size: 0, avg network size: 0, si_in_serializable: 0 0 %, local: 0 %
I1126 16:13:37.908650 1034926 Coordinator.h:126] commit: 463550 abort: 506450 (0/506450/0), network size: 0, avg network size: 0, si_in_serializable: 0 0 %, local: 0 %
I1126 16:13:38.908720 1034926 Coordinator.h:126] commit: 460482 abort: 499518 (0/499518/0), network size: 0, avg network size: 0, si_in_serializable: 0 0 %, local: 0 %
I1126 16:13:39.908792 1034926 Coordinator.h:126] commit: 459325 abort: 500675 (0/500675/0), network size: 0, avg network size: 0, si_in_serializable: 0 0 %, local: 0 %
I1126 16:13:40.908864 1034926 Coordinator.h:126] commit: 459025 abort: 500975 (0/500975/0), network size: 0, avg network size: 0, si_in_serializable: 0 0 %, local: 0 %
I1126 16:13:41.908931 1034926 Coordinator.h:126] commit: 459090 abort: 500910 (0/500910/0), network size: 0, avg network size: 0, si_in_serializable: 0 0 %, local: 0 %
I1126 16:13:42.909000 1034926 Coordinator.h:126] commit: 459104 abort: 500896 (0/500896/0), network size: 0, avg network size: 0, si_in_serializable: 0 0 %, local: 0 %
I1126 16:13:43.909073 1034926 Coordinator.h:126] commit: 459165 abort: 500835 (0/500835/0), network size: 0, avg network size: 0, si_in_serializable: 0 0 %, local: 0 %
I1126 16:13:44.909147 1034926 Coordinator.h:126] commit: 459333 abort: 500667 (0/500667/0), network size: 0, avg network size: 0, si_in_serializable: 0 0 %, local: 0 %
I1126 16:13:44.909157 1034926 Coordinator.h:152] average commit: 458707 abort: 500293 (0/500293/0), network size: 0, avg network size: 0, si_in_serializable: 0 0 %, local: 0 %
I1126 16:13:44.912005 1034950 AriaExecutor.h:105] AriaExecutor 8 exits. 
I1126 16:13:44.912015 1034942 AriaExecutor.h:105] AriaExecutor 0 exits. 
I1126 16:13:44.912016 1034945 AriaExecutor.h:105] AriaExecutor 3 exits. 
I1126 16:13:44.912006 1034946 AriaExecutor.h:105] AriaExecutor 4 exits. 
I1126 16:13:44.912006 1034948 AriaExecutor.h:105] AriaExecutor 6 exits. 
I1126 16:13:44.912007 1034954 Manager.h:227] Manager(worker id = 12) on the coordinator node exits.
I1126 16:13:44.912016 1034947 AriaExecutor.h:105] AriaExecutor 5 exits. 
I1126 16:13:44.912017 1034943 AriaExecutor.h:105] AriaExecutor 1 exits. 
I1126 16:13:44.912019 1034951 AriaExecutor.h:105] AriaExecutor 9 exits. 
I1126 16:13:44.912016 1034949 AriaExecutor.h:105] AriaExecutor 7 exits. 
I1126 16:13:44.912017 1034952 AriaExecutor.h:105] AriaExecutor 10 exits. 
I1126 16:13:44.912005 1034944 AriaExecutor.h:105] AriaExecutor 2 exits. 
I1126 16:13:44.912017 1034953 AriaExecutor.h:105] AriaExecutor 11 exits. 
I1126 16:13:44.909168 1034926 AriaExecutor.h:672] Worker 0 latency: 6695 us (50%) 8636 us (75%) 9876 us (95%) 10082 us (99%).
I1126 16:13:44.955402 1034926 AriaExecutor.h:672] Worker 1 latency: 6689 us (50%) 8635 us (75%) 9873 us (95%) 10078 us (99%).
I1126 16:13:45.007917 1034926 AriaExecutor.h:672] Worker 2 latency: 6699 us (50%) 8638 us (75%) 9876 us (95%) 10081 us (99%).
I1126 16:13:45.055507 1034926 AriaExecutor.h:672] Worker 3 latency: 6684 us (50%) 8633 us (75%) 9873 us (95%) 10079 us (99%).
I1126 16:13:45.107405 1034926 AriaExecutor.h:672] Worker 4 latency: 6678 us (50%) 8626 us (75%) 9872 us (95%) 10080 us (99%).
I1126 16:13:45.154933 1034926 AriaExecutor.h:672] Worker 5 latency: 6674 us (50%) 8624 us (75%) 9872 us (95%) 10079 us (99%).
I1126 16:13:45.206977 1034926 AriaExecutor.h:672] Worker 6 latency: 6669 us (50%) 8622 us (75%) 9873 us (95%) 10080 us (99%).
I1126 16:13:45.254401 1034926 AriaExecutor.h:672] Worker 7 latency: 6663 us (50%) 8623 us (75%) 9869 us (95%) 10077 us (99%).
I1126 16:13:45.306401 1034926 AriaExecutor.h:672] Worker 8 latency: 6670 us (50%) 8618 us (75%) 9871 us (95%) 10079 us (99%).
I1126 16:13:45.353487 1034926 AriaExecutor.h:672] Worker 9 latency: 6675 us (50%) 8622 us (75%) 9870 us (95%) 10077 us (99%).
I1126 16:13:45.404858 1034926 AriaExecutor.h:672] Worker 10 latency: 6685 us (50%) 8629 us (75%) 9872 us (95%) 10080 us (99%).
I1126 16:13:45.452039 1034926 AriaExecutor.h:672] Worker 11 latency: 6655 us (50%) 8617 us (75%) 9869 us (95%) 10077 us (99%).
I1126 16:13:45.504060 1034926 Coordinator.h:177] total commit: 458707
I1126 16:13:46.504166 1034926 Coordinator.h:192] Coordinator exits.
