I1126 15:31:03.110904 1008308 Database.h:65] ycsb initialization finished in 30 milliseconds.
I1126 15:31:03.111008 1008308 Coordinator.h:30] Coordinator initializes 12 workers.
I1126 15:31:03.111918 1008308 Coordinator.h:77] Coordinator starts to run 13 workers.
I1126 15:31:03.111969 1008324 AriaExecutor.h:95] AriaExecutor 0 started. 
I1126 15:31:03.111999 1008325 AriaExecutor.h:95] AriaExecutor 1 started. 
I1126 15:31:03.112046 1008326 AriaExecutor.h:95] AriaExecutor 2 started. 
I1126 15:31:03.112097 1008327 AriaExecutor.h:95] AriaExecutor 3 started. 
I1126 15:31:03.112139 1008328 AriaExecutor.h:95] AriaExecutor 4 started. 
I1126 15:31:03.112192 1008329 AriaExecutor.h:95] AriaExecutor 5 started. 
I1126 15:31:03.112239 1008330 AriaExecutor.h:95] AriaExecutor 6 started. 
I1126 15:31:03.112288 1008331 AriaExecutor.h:95] AriaExecutor 7 started. 
I1126 15:31:03.112340 1008332 AriaExecutor.h:95] AriaExecutor 8 started. 
I1126 15:31:03.112399 1008333 AriaExecutor.h:95] AriaExecutor 9 started. 
I1126 15:31:03.112439 1008334 AriaExecutor.h:95] AriaExecutor 10 started. 
I1126 15:31:03.112496 1008335 AriaExecutor.h:95] AriaExecutor 11 started. 
I1126 15:31:03.112541 1008336 Manager.h:224] Manager(worker id = 12) on the coordinator node started.
I1126 15:31:04.112607 1008308 Coordinator.h:126] commit: 1793502 abort: 79260 (0/79260/0), network size: 0, avg network size: 0, si_in_serializable: 0 0 %, local: 0 %
I1126 15:31:05.112730 1008308 Coordinator.h:126] commit: 1769141 abort: 79097 (0/79097/0), network size: 0, avg network size: 0, si_in_serializable: 0 0 %, local: 0 %
I1126 15:31:06.112864 1008308 Coordinator.h:126] commit: 1808045 abort: 80955 (0/80955/0), network size: 0, avg network size: 0, si_in_serializable: 0 0 %, local: 0 %
I1126 15:31:07.112967 1008308 Coordinator.h:126] commit: 1775902 abort: 79098 (0/79098/0), network size: 0, avg network size: 0, si_in_serializable: 0 0 %, local: 0 %
I1126 15:31:08.113065 1008308 Coordinator.h:126] commit: 1824722 abort: 81278 (0/81278/0), network size: 0, avg network size: 0, si_in_serializable: 0 0 %, local: 0 %
I1126 15:31:09.113165 1008308 Coordinator.h:126] commit: 1815202 abort: 80798 (0/80798/0), network size: 0, avg network size: 0, si_in_serializable: 0 0 %, local: 0 %
I1126 15:31:10.113296 1008308 Coordinator.h:126] commit: 1746693 abort: 77322 (0/77322/0), network size: 0, avg network size: 0, si_in_serializable: 0 0 %, local: 0 %
I1126 15:31:11.113405 1008308 Coordinator.h:126] commit: 1738956 abort: 77347 (0/77347/0), network size: 0, avg network size: 0, si_in_serializable: 0 0 %, local: 0 %
I1126 15:31:12.113507 1008308 Coordinator.h:126] commit: 1820439 abort: 81238 (0/81238/0), network size: 0, avg network size: 0, si_in_serializable: 0 0 %, local: 0 %
I1126 15:31:13.113608 1008308 Coordinator.h:126] commit: 1816647 abort: 80989 (0/80989/0), network size: 0, avg network size: 0, si_in_serializable: 0 0 %, local: 0 %
I1126 15:31:14.113708 1008308 Coordinator.h:126] commit: 1821257 abort: 81112 (0/81112/0), network size: 0, avg network size: 0, si_in_serializable: 0 0 %, local: 0 %
I1126 15:31:15.113808 1008308 Coordinator.h:126] commit: 1812532 abort: 81468 (0/81468/0), network size: 0, avg network size: 0, si_in_serializable: 0 0 %, local: 0 %
I1126 15:31:16.113905 1008308 Coordinator.h:126] commit: 1818050 abort: 80950 (0/80950/0), network size: 0, avg network size: 0, si_in_serializable: 0 0 %, local: 0 %
I1126 15:31:17.114003 1008308 Coordinator.h:126] commit: 1694629 abort: 75371 (0/75371/0), network size: 0, avg network size: 0, si_in_serializable: 0 0 %, local: 0 %
I1126 15:31:18.114101 1008308 Coordinator.h:126] commit: 1671915 abort: 74085 (0/74085/0), network size: 0, avg network size: 0, si_in_serializable: 0 0 %, local: 0 %
I1126 15:31:19.114223 1008308 Coordinator.h:126] commit: 1811342 abort: 80658 (0/80658/0), network size: 0, avg network size: 0, si_in_serializable: 0 0 %, local: 0 %
I1126 15:31:20.114331 1008308 Coordinator.h:126] commit: 1821295 abort: 80705 (0/80705/0), network size: 0, avg network size: 0, si_in_serializable: 0 0 %, local: 0 %
I1126 15:31:21.114430 1008308 Coordinator.h:126] commit: 1814257 abort: 80743 (0/80743/0), network size: 0, avg network size: 0, si_in_serializable: 0 0 %, local: 0 %
I1126 15:31:22.114532 1008308 Coordinator.h:126] commit: 1819680 abort: 81320 (0/81320/0), network size: 0, avg network size: 0, si_in_serializable: 0 0 %, local: 0 %
I1126 15:31:23.114634 1008308 Coordinator.h:126] commit: 1816028 abort: 81466 (0/81466/0), network size: 0, avg network size: 0, si_in_serializable: 0 0 %, local: 0 %
I1126 15:31:24.114738 1008308 Coordinator.h:126] commit: 1817713 abort: 80792 (0/80792/0), network size: 0, avg network size: 0, si_in_serializable: 0 0 %, local: 0 %
I1126 15:31:25.114840 1008308 Coordinator.h:126] commit: 1815883 abort: 81117 (0/81117/0), network size: 0, avg network size: 0, si_in_serializable: 0 0 %, local: 0 %
I1126 15:31:26.114936 1008308 Coordinator.h:126] commit: 1819765 abort: 81235 (0/81235/0), network size: 0, avg network size: 0, si_in_serializable: 0 0 %, local: 0 %
I1126 15:31:27.115034 1008308 Coordinator.h:126] commit: 1815469 abort: 81531 (0/81531/0), network size: 0, avg network size: 0, si_in_serializable: 0 0 %, local: 0 %
I1126 15:31:28.115131 1008308 Coordinator.h:126] commit: 1820708 abort: 81292 (0/81292/0), network size: 0, avg network size: 0, si_in_serializable: 0 0 %, local: 0 %
I1126 15:31:28.115155 1008308 Coordinator.h:152] average commit: 1.7901e+06 abort: 79787.8 (0/79787.8/0), network size: 0, avg network size: 0, si_in_serializable: 0 0 %, local: 0 %
I1126 15:31:28.115782 1008336 Manager.h:227] Manager(worker id = 12) on the coordinator node exits.
I1126 15:31:28.115784 1008324 AriaExecutor.h:107] AriaExecutor 0 exits. 
I1126 15:31:28.115788 1008326 AriaExecutor.h:107] AriaExecutor 2 exits. 
I1126 15:31:28.115783 1008328 AriaExecutor.h:107] AriaExecutor 4 exits. 
I1126 15:31:28.115795 1008335 AriaExecutor.h:107] AriaExecutor 11 exits. 
I1126 15:31:28.115790 1008332 AriaExecutor.h:107] AriaExecutor 8 exits. 
I1126 15:31:28.115795 1008331 AriaExecutor.h:107] AriaExecutor 7 exits. 
I1126 15:31:28.115787 1008334 AriaExecutor.h:107] AriaExecutor 10 exits. 
I1126 15:31:28.115809 1008325 AriaExecutor.h:107] AriaExecutor 1 exits. 
I1126 15:31:28.115785 1008330 AriaExecutor.h:107] AriaExecutor 6 exits. 
I1126 15:31:28.115799 1008333 AriaExecutor.h:107] AriaExecutor 9 exits. 
I1126 15:31:28.115799 1008329 AriaExecutor.h:107] AriaExecutor 5 exits. 
I1126 15:31:28.115795 1008327 AriaExecutor.h:107] AriaExecutor 3 exits. 
I1126 15:31:28.115170 1008308 AriaExecutor.h:705] Worker 0 latency: 362 us (50%) 417 us (75%) 464 us (95%) 479 us (99%).
I1126 15:31:28.248754 1008308 AriaExecutor.h:705] Worker 1 latency: 360 us (50%) 416 us (75%) 462 us (95%) 478 us (99%).
I1126 15:31:28.400300 1008308 AriaExecutor.h:705] Worker 2 latency: 363 us (50%) 417 us (75%) 464 us (95%) 479 us (99%).
I1126 15:31:28.540401 1008308 AriaExecutor.h:705] Worker 3 latency: 363 us (50%) 417 us (75%) 462 us (95%) 478 us (99%).
I1126 15:31:28.675885 1008308 AriaExecutor.h:705] Worker 4 latency: 364 us (50%) 418 us (75%) 464 us (95%) 479 us (99%).
I1126 15:31:28.815408 1008308 AriaExecutor.h:705] Worker 5 latency: 361 us (50%) 415 us (75%) 462 us (95%) 478 us (99%).
I1126 15:31:28.951311 1008308 AriaExecutor.h:705] Worker 6 latency: 366 us (50%) 418 us (75%) 464 us (95%) 479 us (99%).
I1126 15:31:29.085975 1008308 AriaExecutor.h:705] Worker 7 latency: 363 us (50%) 416 us (75%) 462 us (95%) 478 us (99%).
I1126 15:31:29.239956 1008308 AriaExecutor.h:705] Worker 8 latency: 367 us (50%) 420 us (75%) 464 us (95%) 479 us (99%).
I1126 15:31:29.369798 1008308 AriaExecutor.h:705] Worker 9 latency: 363 us (50%) 417 us (75%) 462 us (95%) 478 us (99%).
I1126 15:31:29.523830 1008308 AriaExecutor.h:705] Worker 10 latency: 366 us (50%) 419 us (75%) 464 us (95%) 479 us (99%).
I1126 15:31:29.660032 1008308 AriaExecutor.h:705] Worker 11 latency: 364 us (50%) 417 us (75%) 462 us (95%) 478 us (99%).
I1126 15:31:29.794875 1008308 Coordinator.h:177] total commit: 1.7901e+06
I1126 15:31:30.794987 1008308 Coordinator.h:192] Coordinator exits.
