I1126 15:10:00.533965 994702 Database.h:65] ycsb initialization finished in 30 milliseconds.
I1126 15:10:00.534049 994702 Coordinator.h:30] Coordinator initializes 12 workers.
I1126 15:10:00.534965 994702 Coordinator.h:77] Coordinator starts to run 13 workers.
I1126 15:10:00.535015 994721 AriaExecutor.h:95] AriaExecutor 0 started. 
I1126 15:10:00.535045 994722 AriaExecutor.h:95] AriaExecutor 1 started. 
I1126 15:10:00.535084 994723 AriaExecutor.h:95] AriaExecutor 2 started. 
I1126 15:10:00.535135 994724 AriaExecutor.h:95] AriaExecutor 3 started. 
I1126 15:10:00.535188 994725 AriaExecutor.h:95] AriaExecutor 4 started. 
I1126 15:10:00.535243 994726 AriaExecutor.h:95] AriaExecutor 5 started. 
I1126 15:10:00.535292 994727 AriaExecutor.h:95] AriaExecutor 6 started. 
I1126 15:10:00.535342 994728 AriaExecutor.h:95] AriaExecutor 7 started. 
I1126 15:10:00.535390 994729 AriaExecutor.h:95] AriaExecutor 8 started. 
I1126 15:10:00.535454 994730 AriaExecutor.h:95] AriaExecutor 9 started. 
I1126 15:10:00.535494 994731 AriaExecutor.h:95] AriaExecutor 10 started. 
I1126 15:10:00.535544 994732 AriaExecutor.h:95] AriaExecutor 11 started. 
I1126 15:10:00.535593 994733 Manager.h:224] Manager(worker id = 12) on the coordinator node started.
I1126 15:10:01.535658 994702 Coordinator.h:126] commit: 1285370 abort: 34630 (0/34630/0), network size: 0, avg network size: 0, si_in_serializable: 0 0 %, local: 0 %
I1126 15:10:02.535795 994702 Coordinator.h:126] commit: 1267271 abort: 33729 (0/33729/0), network size: 0, avg network size: 0, si_in_serializable: 0 0 %, local: 0 %
I1126 15:10:03.535928 994702 Coordinator.h:126] commit: 1280403 abort: 34597 (0/34597/0), network size: 0, avg network size: 0, si_in_serializable: 0 0 %, local: 0 %
I1126 15:10:04.536042 994702 Coordinator.h:126] commit: 1295917 abort: 35083 (0/35083/0), network size: 0, avg network size: 0, si_in_serializable: 0 0 %, local: 0 %
I1126 15:10:05.536141 994702 Coordinator.h:126] commit: 1265953 abort: 34047 (0/34047/0), network size: 0, avg network size: 0, si_in_serializable: 0 0 %, local: 0 %
I1126 15:10:06.536242 994702 Coordinator.h:126] commit: 1293279 abort: 34721 (0/34721/0), network size: 0, avg network size: 0, si_in_serializable: 0 0 %, local: 0 %
I1126 15:10:07.536365 994702 Coordinator.h:126] commit: 1272978 abort: 34022 (0/34022/0), network size: 0, avg network size: 0, si_in_serializable: 0 0 %, local: 0 %
I1126 15:10:08.536470 994702 Coordinator.h:126] commit: 1290236 abort: 34764 (0/34764/0), network size: 0, avg network size: 0, si_in_serializable: 0 0 %, local: 0 %
I1126 15:10:09.536569 994702 Coordinator.h:126] commit: 1285819 abort: 35181 (0/35181/0), network size: 0, avg network size: 0, si_in_serializable: 0 0 %, local: 0 %
I1126 15:10:10.536666 994702 Coordinator.h:126] commit: 1193907 abort: 32093 (0/32093/0), network size: 0, avg network size: 0, si_in_serializable: 0 0 %, local: 0 %
I1126 15:10:11.536764 994702 Coordinator.h:126] commit: 1286399 abort: 34601 (0/34601/0), network size: 0, avg network size: 0, si_in_serializable: 0 0 %, local: 0 %
I1126 15:10:12.536859 994702 Coordinator.h:126] commit: 1289166 abort: 34834 (0/34834/0), network size: 0, avg network size: 0, si_in_serializable: 0 0 %, local: 0 %
I1126 15:10:13.536954 994702 Coordinator.h:126] commit: 1285992 abort: 35008 (0/35008/0), network size: 0, avg network size: 0, si_in_serializable: 0 0 %, local: 0 %
I1126 15:10:14.537078 994702 Coordinator.h:126] commit: 1282027 abort: 34973 (0/34973/0), network size: 0, avg network size: 0, si_in_serializable: 0 0 %, local: 0 %
I1126 15:10:15.537184 994702 Coordinator.h:126] commit: 1285362 abort: 34638 (0/34638/0), network size: 0, avg network size: 0, si_in_serializable: 0 0 %, local: 0 %
I1126 15:10:16.537289 994702 Coordinator.h:126] commit: 1288109 abort: 34891 (0/34891/0), network size: 0, avg network size: 0, si_in_serializable: 0 0 %, local: 0 %
I1126 15:10:17.537385 994702 Coordinator.h:126] commit: 1285177 abort: 34823 (0/34823/0), network size: 0, avg network size: 0, si_in_serializable: 0 0 %, local: 0 %
I1126 15:10:18.537480 994702 Coordinator.h:126] commit: 1289545 abort: 34455 (0/34455/0), network size: 0, avg network size: 0, si_in_serializable: 0 0 %, local: 0 %
I1126 15:10:19.537580 994702 Coordinator.h:126] commit: 1286347 abort: 34653 (0/34653/0), network size: 0, avg network size: 0, si_in_serializable: 0 0 %, local: 0 %
I1126 15:10:20.537676 994702 Coordinator.h:126] commit: 1193643 abort: 32357 (0/32357/0), network size: 0, avg network size: 0, si_in_serializable: 0 0 %, local: 0 %
I1126 15:10:21.537781 994702 Coordinator.h:126] commit: 1286192 abort: 34808 (0/34808/0), network size: 0, avg network size: 0, si_in_serializable: 0 0 %, local: 0 %
I1126 15:10:22.537874 994702 Coordinator.h:126] commit: 1289301 abort: 34699 (0/34699/0), network size: 0, avg network size: 0, si_in_serializable: 0 0 %, local: 0 %
I1126 15:10:23.537969 994702 Coordinator.h:126] commit: 1285307 abort: 34693 (0/34693/0), network size: 0, avg network size: 0, si_in_serializable: 0 0 %, local: 0 %
I1126 15:10:24.538065 994702 Coordinator.h:126] commit: 1285458 abort: 34542 (0/34542/0), network size: 0, avg network size: 0, si_in_serializable: 0 0 %, local: 0 %
I1126 15:10:25.538161 994702 Coordinator.h:126] commit: 1286463 abort: 34537 (0/34537/0), network size: 0, avg network size: 0, si_in_serializable: 0 0 %, local: 0 %
I1126 15:10:25.538182 994702 Coordinator.h:152] average commit: 1.27718e+06 abort: 34523.3 (0/34523.3/0), network size: 0, avg network size: 0, si_in_serializable: 0 0 %, local: 0 %
I1126 15:10:25.538818 994723 AriaExecutor.h:107] AriaExecutor 2 exits. 
I1126 15:10:25.538820 994733 Manager.h:227] Manager(worker id = 12) on the coordinator node exits.
I1126 15:10:25.538821 994725 AriaExecutor.h:107] AriaExecutor 4 exits. 
I1126 15:10:25.538833 994730 AriaExecutor.h:107] AriaExecutor 9 exits. 
I1126 15:10:25.538825 994721 AriaExecutor.h:107] AriaExecutor 0 exits. 
I1126 15:10:25.538825 994729 AriaExecutor.h:107] AriaExecutor 8 exits. 
I1126 15:10:25.538821 994727 AriaExecutor.h:107] AriaExecutor 6 exits. 
I1126 15:10:25.538834 994732 AriaExecutor.h:107] AriaExecutor 11 exits. 
I1126 15:10:25.538833 994724 AriaExecutor.h:107] AriaExecutor 3 exits. 
I1126 15:10:25.538833 994726 AriaExecutor.h:107] AriaExecutor 5 exits. 
I1126 15:10:25.538833 994728 AriaExecutor.h:107] AriaExecutor 7 exits. 
I1126 15:10:25.538836 994722 AriaExecutor.h:107] AriaExecutor 1 exits. 
I1126 15:10:25.538821 994731 AriaExecutor.h:107] AriaExecutor 10 exits. 
I1126 15:10:25.538194 994702 AriaExecutor.h:705] Worker 0 latency: 580 us (50%) 625 us (75%) 665 us (95%) 681 us (99%).
I1126 15:10:25.634344 994702 AriaExecutor.h:705] Worker 1 latency: 576 us (50%) 623 us (75%) 664 us (95%) 679 us (99%).
I1126 15:10:25.742101 994702 AriaExecutor.h:705] Worker 2 latency: 579 us (50%) 625 us (75%) 665 us (95%) 681 us (99%).
I1126 15:10:25.837972 994702 AriaExecutor.h:705] Worker 3 latency: 577 us (50%) 624 us (75%) 664 us (95%) 680 us (99%).
I1126 15:10:25.929929 994702 AriaExecutor.h:705] Worker 4 latency: 582 us (50%) 626 us (75%) 665 us (95%) 681 us (99%).
I1126 15:10:26.024607 994702 AriaExecutor.h:705] Worker 5 latency: 578 us (50%) 623 us (75%) 663 us (95%) 679 us (99%).
I1126 15:10:26.131719 994702 AriaExecutor.h:705] Worker 6 latency: 585 us (50%) 627 us (75%) 665 us (95%) 681 us (99%).
I1126 15:10:26.223402 994702 AriaExecutor.h:705] Worker 7 latency: 579 us (50%) 624 us (75%) 663 us (95%) 679 us (99%).
I1126 15:10:26.331527 994702 AriaExecutor.h:705] Worker 8 latency: 585 us (50%) 628 us (75%) 665 us (95%) 681 us (99%).
I1126 15:10:26.426296 994702 AriaExecutor.h:705] Worker 9 latency: 580 us (50%) 625 us (75%) 664 us (95%) 680 us (99%).
I1126 15:10:26.530810 994702 AriaExecutor.h:705] Worker 10 latency: 585 us (50%) 628 us (75%) 665 us (95%) 681 us (99%).
I1126 15:10:26.625201 994702 AriaExecutor.h:705] Worker 11 latency: 581 us (50%) 625 us (75%) 664 us (95%) 680 us (99%).
I1126 15:10:26.732499 994702 Coordinator.h:177] total commit: 1.27718e+06
I1126 15:10:27.732610 994702 Coordinator.h:192] Coordinator exits.
