I1126 13:35:05.644161 937657 Database.h:65] ycsb initialization finished in 30 milliseconds.
I1126 13:35:05.644265 937657 Coordinator.h:30] Coordinator initializes 12 workers.
I1126 13:35:05.716352 937657 Coordinator.h:77] Coordinator starts to run 13 workers.
I1126 13:35:05.716411 937673 AriaExecutor.h:82] AriaExecutor 0 started. 
I1126 13:35:05.716440 937674 AriaExecutor.h:82] AriaExecutor 1 started. 
I1126 13:35:05.716485 937675 AriaExecutor.h:82] AriaExecutor 2 started. 
I1126 13:35:05.716535 937676 AriaExecutor.h:82] AriaExecutor 3 started. 
I1126 13:35:05.716568 937677 AriaExecutor.h:82] AriaExecutor 4 started. 
I1126 13:35:05.716619 937678 AriaExecutor.h:82] AriaExecutor 5 started. 
I1126 13:35:05.716662 937679 AriaExecutor.h:82] AriaExecutor 6 started. 
I1126 13:35:05.716714 937680 AriaExecutor.h:82] AriaExecutor 7 started. 
I1126 13:35:05.716759 937681 AriaExecutor.h:82] AriaExecutor 8 started. 
I1126 13:35:05.716812 937682 AriaExecutor.h:82] AriaExecutor 9 started. 
I1126 13:35:05.716861 937683 AriaExecutor.h:82] AriaExecutor 10 started. 
I1126 13:35:05.716914 937684 AriaExecutor.h:82] AriaExecutor 11 started. 
I1126 13:35:05.716959 937685 Manager.h:224] Manager(worker id = 12) on the coordinator node started.
I1126 13:35:06.717025 937657 Coordinator.h:126] commit: 1600 abort: 148400 (0/148400/0), network size: 0, avg network size: 0, si_in_serializable: 0 0 %, local: 0 %
I1126 13:35:07.717156 937657 Coordinator.h:126] commit: 1674 abort: 158326 (0/158326/0), network size: 0, avg network size: 0, si_in_serializable: 0 0 %, local: 0 %
I1126 13:35:08.717291 937657 Coordinator.h:126] commit: 1641 abort: 148359 (0/148359/0), network size: 0, avg network size: 0, si_in_serializable: 0 0 %, local: 0 %
I1126 13:35:09.717404 937657 Coordinator.h:126] commit: 1732 abort: 158268 (0/158268/0), network size: 0, avg network size: 0, si_in_serializable: 0 0 %, local: 0 %
I1126 13:35:10.717511 937657 Coordinator.h:126] commit: 1825 abort: 168175 (0/168175/0), network size: 0, avg network size: 0, si_in_serializable: 0 0 %, local: 0 %
I1126 13:35:11.717615 937657 Coordinator.h:126] commit: 1613 abort: 148387 (0/148387/0), network size: 0, avg network size: 0, si_in_serializable: 0 0 %, local: 0 %
I1126 13:35:12.717736 937657 Coordinator.h:126] commit: 1729 abort: 158271 (0/158271/0), network size: 0, avg network size: 0, si_in_serializable: 0 0 %, local: 0 %
I1126 13:35:13.717839 937657 Coordinator.h:126] commit: 1700 abort: 158300 (0/158300/0), network size: 0, avg network size: 0, si_in_serializable: 0 0 %, local: 0 %
I1126 13:35:14.717944 937657 Coordinator.h:126] commit: 1808 abort: 168192 (0/168192/0), network size: 0, avg network size: 0, si_in_serializable: 0 0 %, local: 0 %
I1126 13:35:15.718053 937657 Coordinator.h:126] commit: 1705 abort: 158295 (0/158295/0), network size: 0, avg network size: 0, si_in_serializable: 0 0 %, local: 0 %
I1126 13:35:16.718161 937657 Coordinator.h:126] commit: 1725 abort: 158275 (0/158275/0), network size: 0, avg network size: 0, si_in_serializable: 0 0 %, local: 0 %
I1126 13:35:17.718287 937657 Coordinator.h:126] commit: 1735 abort: 158265 (0/158265/0), network size: 0, avg network size: 0, si_in_serializable: 0 0 %, local: 0 %
I1126 13:35:18.718407 937657 Coordinator.h:126] commit: 1690 abort: 158310 (0/158310/0), network size: 0, avg network size: 0, si_in_serializable: 0 0 %, local: 0 %
I1126 13:35:19.718511 937657 Coordinator.h:126] commit: 1723 abort: 158277 (0/158277/0), network size: 0, avg network size: 0, si_in_serializable: 0 0 %, local: 0 %
I1126 13:35:20.718612 937657 Coordinator.h:126] commit: 1743 abort: 158257 (0/158257/0), network size: 0, avg network size: 0, si_in_serializable: 0 0 %, local: 0 %
I1126 13:35:21.718710 937657 Coordinator.h:126] commit: 1751 abort: 158249 (0/158249/0), network size: 0, avg network size: 0, si_in_serializable: 0 0 %, local: 0 %
I1126 13:35:22.718812 937657 Coordinator.h:126] commit: 1863 abort: 168137 (0/168137/0), network size: 0, avg network size: 0, si_in_serializable: 0 0 %, local: 0 %
I1126 13:35:23.718919 937657 Coordinator.h:126] commit: 1706 abort: 158294 (0/158294/0), network size: 0, avg network size: 0, si_in_serializable: 0 0 %, local: 0 %
I1126 13:35:24.719022 937657 Coordinator.h:126] commit: 1714 abort: 158286 (0/158286/0), network size: 0, avg network size: 0, si_in_serializable: 0 0 %, local: 0 %
I1126 13:35:25.719126 937657 Coordinator.h:126] commit: 1738 abort: 158262 (0/158262/0), network size: 0, avg network size: 0, si_in_serializable: 0 0 %, local: 0 %
I1126 13:35:26.719237 937657 Coordinator.h:126] commit: 1712 abort: 158288 (0/158288/0), network size: 0, avg network size: 0, si_in_serializable: 0 0 %, local: 0 %
I1126 13:35:27.719365 937657 Coordinator.h:126] commit: 1704 abort: 158296 (0/158296/0), network size: 0, avg network size: 0, si_in_serializable: 0 0 %, local: 0 %
I1126 13:35:28.719476 937657 Coordinator.h:126] commit: 1718 abort: 158282 (0/158282/0), network size: 0, avg network size: 0, si_in_serializable: 0 0 %, local: 0 %
I1126 13:35:29.719578 937657 Coordinator.h:126] commit: 1724 abort: 158276 (0/158276/0), network size: 0, avg network size: 0, si_in_serializable: 0 0 %, local: 0 %
I1126 13:35:30.719684 937657 Coordinator.h:126] commit: 1735 abort: 158265 (0/158265/0), network size: 0, avg network size: 0, si_in_serializable: 0 0 %, local: 0 %
I1126 13:35:30.719713 937657 Coordinator.h:152] average commit: 1738.8 abort: 159261 (0/159261/0), network size: 0, avg network size: 0, si_in_serializable: 0 0 %, local: 0 %
I1126 13:35:30.719724 937657 AriaExecutor.h:535] Worker 0 latency: 61681 us (50%) 62073 us (75%) 63737 us (95%) 71550 us (99%).
I1126 13:35:30.760277 937685 Manager.h:227] Manager(worker id = 12) on the coordinator node exits.
I1126 13:35:30.760278 937679 AriaExecutor.h:94] AriaExecutor 6 exits. 
I1126 13:35:30.760279 937673 AriaExecutor.h:94] AriaExecutor 0 exits. 
I1126 13:35:30.760278 937675 AriaExecutor.h:94] AriaExecutor 2 exits. 
I1126 13:35:30.760293 937684 AriaExecutor.h:94] AriaExecutor 11 exits. 
I1126 13:35:30.760278 937681 AriaExecutor.h:94] AriaExecutor 8 exits. 
I1126 13:35:30.760280 937677 AriaExecutor.h:94] AriaExecutor 4 exits. 
I1126 13:35:30.760279 937683 AriaExecutor.h:94] AriaExecutor 10 exits. 
I1126 13:35:30.760293 937680 AriaExecutor.h:94] AriaExecutor 7 exits. 
I1126 13:35:30.760293 937676 AriaExecutor.h:94] AriaExecutor 3 exits. 
I1126 13:35:30.760293 937682 AriaExecutor.h:94] AriaExecutor 9 exits. 
I1126 13:35:30.760293 937678 AriaExecutor.h:94] AriaExecutor 5 exits. 
I1126 13:35:30.760293 937674 AriaExecutor.h:94] AriaExecutor 1 exits. 
I1126 13:35:30.760555 937657 AriaExecutor.h:535] Worker 1 latency: 61648 us (50%) 62081 us (75%) 63874 us (95%) 71416 us (99%).
I1126 13:35:30.760836 937657 AriaExecutor.h:535] Worker 2 latency: 61662 us (50%) 62048 us (75%) 63811 us (95%) 71699 us (99%).
I1126 13:35:30.761049 937657 AriaExecutor.h:535] Worker 3 latency: 61631 us (50%) 62044 us (75%) 63767 us (95%) 71248 us (99%).
I1126 13:35:30.761279 937657 AriaExecutor.h:535] Worker 4 latency: 61688 us (50%) 62073 us (75%) 63696 us (95%) 69695 us (99%).
I1126 13:35:30.761514 937657 AriaExecutor.h:535] Worker 5 latency: 61655 us (50%) 62076 us (75%) 63745 us (95%) 71215 us (99%).
I1126 13:35:30.761734 937657 AriaExecutor.h:535] Worker 6 latency: 61646 us (50%) 62035 us (75%) 63661 us (95%) 69541 us (99%).
I1126 13:35:30.761948 937657 AriaExecutor.h:535] Worker 7 latency: 61630 us (50%) 62051 us (75%) 63766 us (95%) 70445 us (99%).
I1126 13:35:30.762159 937657 AriaExecutor.h:535] Worker 8 latency: 61674 us (50%) 62053 us (75%) 63699 us (95%) 70204 us (99%).
I1126 13:35:30.762382 937657 AriaExecutor.h:535] Worker 9 latency: 61642 us (50%) 62043 us (75%) 63741 us (95%) 70607 us (99%).
I1126 13:35:30.762615 937657 AriaExecutor.h:535] Worker 10 latency: 61667 us (50%) 62053 us (75%) 63684 us (95%) 70509 us (99%).
I1126 13:35:30.762822 937657 AriaExecutor.h:535] Worker 11 latency: 61630 us (50%) 62048 us (75%) 63784 us (95%) 70382 us (99%).
I1126 13:35:30.763033 937657 Coordinator.h:177] total commit: 1738.8
I1126 13:35:31.763142 937657 Coordinator.h:192] Coordinator exits.
