I0911 23:00:32.522940 2941587 Database.h:65] ycsb initialization finished in 147 milliseconds.
I0911 23:00:32.523056 2941587 Coordinator.h:30] Coordinator initializes 16 workers.
I0911 23:00:32.531332 2941587 Coordinator.h:77] Coordinator starts to run 17 workers.
I0911 23:00:32.531437 2941607 AriaExecutor.h:82] AriaExecutor 0 started. 
I0911 23:00:32.531457 2941608 AriaExecutor.h:82] AriaExecutor 1 started. 
I0911 23:00:32.531525 2941609 AriaExecutor.h:82] AriaExecutor 2 started. 
I0911 23:00:32.531551 2941610 AriaExecutor.h:82] AriaExecutor 3 started. 
I0911 23:00:32.531587 2941611 AriaExecutor.h:82] AriaExecutor 4 started. 
I0911 23:00:32.531615 2941612 AriaExecutor.h:82] AriaExecutor 5 started. 
I0911 23:00:32.531659 2941613 AriaExecutor.h:82] AriaExecutor 6 started. 
I0911 23:00:32.531684 2941614 AriaExecutor.h:82] AriaExecutor 7 started. 
I0911 23:00:32.531724 2941615 AriaExecutor.h:82] AriaExecutor 8 started. 
I0911 23:00:32.531759 2941616 AriaExecutor.h:82] AriaExecutor 9 started. 
I0911 23:00:32.531796 2941617 AriaExecutor.h:82] AriaExecutor 10 started. 
I0911 23:00:32.531837 2941618 AriaExecutor.h:82] AriaExecutor 11 started. 
I0911 23:00:32.531876 2941619 AriaExecutor.h:82] AriaExecutor 12 started. 
I0911 23:00:32.531904 2941620 AriaExecutor.h:82] AriaExecutor 13 started. 
I0911 23:00:32.531939 2941621 AriaExecutor.h:82] AriaExecutor 14 started. 
I0911 23:00:32.531970 2941622 AriaExecutor.h:82] AriaExecutor 15 started. 
I0911 23:00:32.532007 2941623 Manager.h:224] Manager(worker id = 16) on the coordinator node started.
I0911 23:00:33.532047 2941587 Coordinator.h:126] commit: 475875 abort: 596253 (0/596253/0), network size: 0, avg network size: 0, si_in_serializable: 0 0 %, local: 0 %
I0911 23:00:34.532151 2941587 Coordinator.h:126] commit: 470783 abort: 591105 (0/591105/0), network size: 0, avg network size: 0, si_in_serializable: 0 0 %, local: 0 %
I0911 23:00:35.532240 2941587 Coordinator.h:126] commit: 456448 abort: 571648 (0/571648/0), network size: 0, avg network size: 0, si_in_serializable: 0 0 %, local: 0 %
I0911 23:00:36.532305 2941587 Coordinator.h:126] commit: 464513 abort: 580991 (0/580991/0), network size: 0, avg network size: 0, si_in_serializable: 0 0 %, local: 0 %
I0911 23:00:37.532461 2941587 Coordinator.h:126] commit: 472674 abort: 592286 (0/592286/0), network size: 0, avg network size: 0, si_in_serializable: 0 0 %, local: 0 %
I0911 23:00:38.532552 2941587 Coordinator.h:126] commit: 479564 abort: 601780 (0/601780/0), network size: 0, avg network size: 0, si_in_serializable: 0 0 %, local: 0 %
I0911 23:00:39.532626 2941587 Coordinator.h:126] commit: 479970 abort: 602398 (0/602398/0), network size: 0, avg network size: 0, si_in_serializable: 0 0 %, local: 0 %
I0911 23:00:40.532702 2941587 Coordinator.h:126] commit: 476136 abort: 595942 (0/595942/0), network size: 0, avg network size: 0, si_in_serializable: 0 0 %, local: 0 %
I0911 23:00:41.532765 2941587 Coordinator.h:126] commit: 467991 abort: 585755 (0/585755/0), network size: 0, avg network size: 0, si_in_serializable: 0 0 %, local: 0 %
I0911 23:00:42.532832 2941587 Coordinator.h:126] commit: 463947 abort: 581557 (0/581557/0), network size: 0, avg network size: 0, si_in_serializable: 0 0 %, local: 0 %
I0911 23:00:43.532907 2941587 Coordinator.h:126] commit: 478103 abort: 601193 (0/601193/0), network size: 0, avg network size: 0, si_in_serializable: 0 0 %, local: 0 %
I0911 23:00:44.532999 2941587 Coordinator.h:126] commit: 468518 abort: 588250 (0/588250/0), network size: 0, avg network size: 0, si_in_serializable: 0 0 %, local: 0 %
I0911 23:00:45.533103 2941587 Coordinator.h:126] commit: 477140 abort: 599084 (0/599084/0), network size: 0, avg network size: 0, si_in_serializable: 0 0 %, local: 0 %
I0911 23:00:46.533177 2941587 Coordinator.h:126] commit: 478582 abort: 599690 (0/599690/0), network size: 0, avg network size: 0, si_in_serializable: 0 0 %, local: 0 %
I0911 23:00:47.533243 2941587 Coordinator.h:126] commit: 478753 abort: 600543 (0/600543/0), network size: 0, avg network size: 0, si_in_serializable: 0 0 %, local: 0 %
I0911 23:00:48.533310 2941587 Coordinator.h:126] commit: 478984 abort: 600312 (0/600312/0), network size: 0, avg network size: 0, si_in_serializable: 0 0 %, local: 0 %
I0911 23:00:49.533380 2941587 Coordinator.h:126] commit: 478744 abort: 600552 (0/600552/0), network size: 0, avg network size: 0, si_in_serializable: 0 0 %, local: 0 %
I0911 23:00:50.533448 2941587 Coordinator.h:126] commit: 451772 abort: 565060 (0/565060/0), network size: 0, avg network size: 0, si_in_serializable: 0 0 %, local: 0 %
I0911 23:00:51.533519 2941587 Coordinator.h:126] commit: 478100 abort: 599148 (0/599148/0), network size: 0, avg network size: 0, si_in_serializable: 0 0 %, local: 0 %
I0911 23:00:52.533578 2941587 Coordinator.h:126] commit: 473043 abort: 591917 (0/591917/0), network size: 0, avg network size: 0, si_in_serializable: 0 0 %, local: 0 %
I0911 23:00:53.533645 2941587 Coordinator.h:126] commit: 478216 abort: 600056 (0/600056/0), network size: 0, avg network size: 0, si_in_serializable: 0 0 %, local: 0 %
I0911 23:00:54.533705 2941587 Coordinator.h:126] commit: 478577 abort: 600719 (0/600719/0), network size: 0, avg network size: 0, si_in_serializable: 0 0 %, local: 0 %
I0911 23:00:55.533773 2941587 Coordinator.h:126] commit: 468622 abort: 589170 (0/589170/0), network size: 0, avg network size: 0, si_in_serializable: 0 0 %, local: 0 %
I0911 23:00:56.533839 2941587 Coordinator.h:126] commit: 473559 abort: 593449 (0/593449/0), network size: 0, avg network size: 0, si_in_serializable: 0 0 %, local: 0 %
I0911 23:00:57.533924 2941587 Coordinator.h:126] commit: 478468 abort: 598780 (0/598780/0), network size: 0, avg network size: 0, si_in_serializable: 0 0 %, local: 0 %
I0911 23:00:57.533939 2941587 Coordinator.h:152] average commit: 474174 abort: 594575 (0/594575/0), network size: 0, avg network size: 0, si_in_serializable: 0 0 %, local: 0 %
I0911 23:00:57.534101 2941614 AriaExecutor.h:94] AriaExecutor 7 exits. 
I0911 23:00:57.534121 2941613 AriaExecutor.h:94] AriaExecutor 6 exits. 
I0911 23:00:57.534103 2941622 AriaExecutor.h:94] AriaExecutor 15 exits. 
I0911 23:00:57.534104 2941618 AriaExecutor.h:94] AriaExecutor 11 exits. 
I0911 23:00:57.534112 2941619 AriaExecutor.h:94] AriaExecutor 12 exits. 
I0911 23:00:57.534112 2941607 AriaExecutor.h:94] AriaExecutor 0 exits. 
I0911 23:00:57.534101 2941612 AriaExecutor.h:94] AriaExecutor 5 exits. 
I0911 23:00:57.534153 2941615 AriaExecutor.h:94] AriaExecutor 8 exits. 
I0911 23:00:57.534119 2941621 AriaExecutor.h:94] AriaExecutor 14 exits. 
I0911 23:00:57.534137 2941623 Manager.h:227] Manager(worker id = 16) on the coordinator node exits.
I0911 23:00:57.534121 2941608 AriaExecutor.h:94] AriaExecutor 1 exits. 
I0911 23:00:57.534133 2941620 AriaExecutor.h:94] AriaExecutor 13 exits. 
I0911 23:00:57.534122 2941617 AriaExecutor.h:94] AriaExecutor 10 exits. 
I0911 23:00:57.534122 2941611 AriaExecutor.h:94] AriaExecutor 4 exits. 
I0911 23:00:57.534121 2941609 AriaExecutor.h:94] AriaExecutor 2 exits. 
I0911 23:00:57.534101 2941616 AriaExecutor.h:94] AriaExecutor 9 exits. 
I0911 23:00:57.534102 2941610 AriaExecutor.h:94] AriaExecutor 3 exits. 
I0911 23:00:57.533948 2941587 AriaExecutor.h:535] Worker 0 latency: 692 us (50%) 831 us (75%) 905 us (95%) 928 us (99%).
I0911 23:00:57.564812 2941587 AriaExecutor.h:535] Worker 1 latency: 689 us (50%) 829 us (75%) 905 us (95%) 927 us (99%).
I0911 23:00:57.595351 2941587 AriaExecutor.h:535] Worker 2 latency: 693 us (50%) 831 us (75%) 905 us (95%) 928 us (99%).
I0911 23:00:57.626832 2941587 AriaExecutor.h:535] Worker 3 latency: 687 us (50%) 828 us (75%) 905 us (95%) 927 us (99%).
I0911 23:00:57.656917 2941587 AriaExecutor.h:535] Worker 4 latency: 692 us (50%) 830 us (75%) 905 us (95%) 928 us (99%).
I0911 23:00:57.687696 2941587 AriaExecutor.h:535] Worker 5 latency: 687 us (50%) 828 us (75%) 905 us (95%) 927 us (99%).
I0911 23:00:57.718258 2941587 AriaExecutor.h:535] Worker 6 latency: 691 us (50%) 830 us (75%) 905 us (95%) 928 us (99%).
I0911 23:00:57.749526 2941587 AriaExecutor.h:535] Worker 7 latency: 685 us (50%) 827 us (75%) 904 us (95%) 927 us (99%).
I0911 23:00:57.780159 2941587 AriaExecutor.h:535] Worker 8 latency: 689 us (50%) 829 us (75%) 905 us (95%) 928 us (99%).
I0911 23:00:57.810873 2941587 AriaExecutor.h:535] Worker 9 latency: 685 us (50%) 826 us (75%) 904 us (95%) 926 us (99%).
I0911 23:00:57.841250 2941587 AriaExecutor.h:535] Worker 10 latency: 689 us (50%) 829 us (75%) 905 us (95%) 928 us (99%).
I0911 23:00:57.872203 2941587 AriaExecutor.h:535] Worker 11 latency: 686 us (50%) 827 us (75%) 904 us (95%) 927 us (99%).
I0911 23:00:57.902279 2941587 AriaExecutor.h:535] Worker 12 latency: 687 us (50%) 828 us (75%) 905 us (95%) 927 us (99%).
I0911 23:00:57.933495 2941587 AriaExecutor.h:535] Worker 13 latency: 684 us (50%) 826 us (75%) 904 us (95%) 926 us (99%).
I0911 23:00:57.963045 2941587 AriaExecutor.h:535] Worker 14 latency: 688 us (50%) 827 us (75%) 905 us (95%) 927 us (99%).
I0911 23:00:57.992972 2941587 AriaExecutor.h:535] Worker 15 latency: 684 us (50%) 826 us (75%) 904 us (95%) 926 us (99%).
I0911 23:00:58.022938 2941587 Coordinator.h:177] total commit: 474174
I0911 23:00:59.023075 2941587 Coordinator.h:192] Coordinator exits.
