I1126 18:12:45.952756 1071009 Database.h:65] ycsb initialization finished in 30 milliseconds.
I1126 18:12:45.952860 1071009 Coordinator.h:30] Coordinator initializes 12 workers.
I1126 18:12:45.959748 1071009 Coordinator.h:77] Coordinator starts to run 13 workers.
I1126 18:12:45.959810 1071025 AriaExecutor.h:91] AriaExecutor 0 started. 
I1126 18:12:45.959839 1071026 AriaExecutor.h:91] AriaExecutor 1 started. 
I1126 18:12:45.959877 1071027 AriaExecutor.h:91] AriaExecutor 2 started. 
I1126 18:12:45.959918 1071028 AriaExecutor.h:91] AriaExecutor 3 started. 
I1126 18:12:45.960004 1071030 AriaExecutor.h:91] AriaExecutor 5 started. 
I1126 18:12:45.960043 1071031 AriaExecutor.h:91] AriaExecutor 6 started. 
I1126 18:12:45.960078 1071032 AriaExecutor.h:91] AriaExecutor 7 started. 
I1126 18:12:45.960119 1071033 AriaExecutor.h:91] AriaExecutor 8 started. 
I1126 18:12:45.960156 1071034 AriaExecutor.h:91] AriaExecutor 9 started. 
I1126 18:12:45.960188 1071035 AriaExecutor.h:91] AriaExecutor 10 started. 
I1126 18:12:45.960237 1071036 AriaExecutor.h:91] AriaExecutor 11 started. 
I1126 18:12:45.960270 1071029 AriaExecutor.h:91] AriaExecutor 4 started. 
I1126 18:12:45.960275 1071037 Manager.h:224] Manager(worker id = 12) on the coordinator node started.
I1126 18:12:46.960340 1071009 Coordinator.h:126] commit: 1490592 abort: 479408 (0/479408/0), network size: 0, avg network size: 0, si_in_serializable: 0 0 %, local: 0 %
I1126 18:12:47.960462 1071009 Coordinator.h:126] commit: 1477701 abort: 472299 (0/472299/0), network size: 0, avg network size: 0, si_in_serializable: 0 0 %, local: 0 %
I1126 18:12:48.960588 1071009 Coordinator.h:126] commit: 1490063 abort: 479937 (0/479937/0), network size: 0, avg network size: 0, si_in_serializable: 0 0 %, local: 0 %
I1126 18:12:49.960692 1071009 Coordinator.h:126] commit: 1505963 abort: 484037 (0/484037/0), network size: 0, avg network size: 0, si_in_serializable: 0 0 %, local: 0 %
I1126 18:12:50.960778 1071009 Coordinator.h:126] commit: 1492499 abort: 477501 (0/477501/0), network size: 0, avg network size: 0, si_in_serializable: 0 0 %, local: 0 %
I1126 18:12:51.960862 1071009 Coordinator.h:126] commit: 1506928 abort: 483072 (0/483072/0), network size: 0, avg network size: 0, si_in_serializable: 0 0 %, local: 0 %
I1126 18:12:52.960968 1071009 Coordinator.h:126] commit: 1483423 abort: 476577 (0/476577/0), network size: 0, avg network size: 0, si_in_serializable: 0 0 %, local: 0 %
I1126 18:12:53.961073 1071009 Coordinator.h:126] commit: 1505299 abort: 484701 (0/484701/0), network size: 0, avg network size: 0, si_in_serializable: 0 0 %, local: 0 %
I1126 18:12:54.961160 1071009 Coordinator.h:126] commit: 1453422 abort: 466578 (0/466578/0), network size: 0, avg network size: 0, si_in_serializable: 0 0 %, local: 0 %
I1126 18:12:55.961256 1071009 Coordinator.h:126] commit: 1513534 abort: 486466 (0/486466/0), network size: 0, avg network size: 0, si_in_serializable: 0 0 %, local: 0 %
I1126 18:12:56.961338 1071009 Coordinator.h:126] commit: 1506303 abort: 483697 (0/483697/0), network size: 0, avg network size: 0, si_in_serializable: 0 0 %, local: 0 %
I1126 18:12:57.961431 1071009 Coordinator.h:126] commit: 1506087 abort: 483913 (0/483913/0), network size: 0, avg network size: 0, si_in_serializable: 0 0 %, local: 0 %
I1126 18:12:58.961516 1071009 Coordinator.h:126] commit: 1506669 abort: 483331 (0/483331/0), network size: 0, avg network size: 0, si_in_serializable: 0 0 %, local: 0 %
I1126 18:12:59.961599 1071009 Coordinator.h:126] commit: 1506321 abort: 483679 (0/483679/0), network size: 0, avg network size: 0, si_in_serializable: 0 0 %, local: 0 %
I1126 18:13:00.961689 1071009 Coordinator.h:126] commit: 1512736 abort: 487264 (0/487264/0), network size: 0, avg network size: 0, si_in_serializable: 0 0 %, local: 0 %
I1126 18:13:01.961807 1071009 Coordinator.h:126] commit: 1483935 abort: 476065 (0/476065/0), network size: 0, avg network size: 0, si_in_serializable: 0 0 %, local: 0 %
I1126 18:13:02.961908 1071009 Coordinator.h:126] commit: 1363111 abort: 436889 (0/436889/0), network size: 0, avg network size: 0, si_in_serializable: 0 0 %, local: 0 %
I1126 18:13:03.962018 1071009 Coordinator.h:126] commit: 1499743 abort: 481766 (0/481766/0), network size: 0, avg network size: 0, si_in_serializable: 0 0 %, local: 0 %
I1126 18:13:04.962124 1071009 Coordinator.h:126] commit: 1505991 abort: 482500 (0/482500/0), network size: 0, avg network size: 0, si_in_serializable: 0 0 %, local: 0 %
I1126 18:13:05.962213 1071009 Coordinator.h:126] commit: 1506077 abort: 483923 (0/483923/0), network size: 0, avg network size: 0, si_in_serializable: 0 0 %, local: 0 %
I1126 18:13:06.962299 1071009 Coordinator.h:126] commit: 1506624 abort: 483376 (0/483376/0), network size: 0, avg network size: 0, si_in_serializable: 0 0 %, local: 0 %
I1126 18:13:07.962393 1071009 Coordinator.h:126] commit: 1506593 abort: 483407 (0/483407/0), network size: 0, avg network size: 0, si_in_serializable: 0 0 %, local: 0 %
I1126 18:13:08.962486 1071009 Coordinator.h:126] commit: 1504899 abort: 485101 (0/485101/0), network size: 0, avg network size: 0, si_in_serializable: 0 0 %, local: 0 %
I1126 18:13:09.962590 1071009 Coordinator.h:126] commit: 1499198 abort: 480802 (0/480802/0), network size: 0, avg network size: 0, si_in_serializable: 0 0 %, local: 0 %
I1126 18:13:10.962683 1071009 Coordinator.h:126] commit: 1506840 abort: 483160 (0/483160/0), network size: 0, avg network size: 0, si_in_serializable: 0 0 %, local: 0 %
I1126 18:13:10.962698 1071009 Coordinator.h:152] average commit: 1.4897e+06 abort: 478303 (0/478303/0), network size: 0, avg network size: 0, si_in_serializable: 0 0 %, local: 0 %
I1126 18:13:10.963783 1071025 AriaExecutor.h:103] AriaExecutor 0 exits. 
I1126 18:13:10.963784 1071035 AriaExecutor.h:103] AriaExecutor 10 exits. 
I1126 18:13:10.963786 1071037 Manager.h:227] Manager(worker id = 12) on the coordinator node exits.
I1126 18:13:10.963785 1071027 AriaExecutor.h:103] AriaExecutor 2 exits. 
I1126 18:13:10.963788 1071029 AriaExecutor.h:103] AriaExecutor 4 exits. 
I1126 18:13:10.963797 1071032 AriaExecutor.h:103] AriaExecutor 7 exits. 
I1126 18:13:10.963797 1071034 AriaExecutor.h:103] AriaExecutor 9 exits. 
I1126 18:13:10.963783 1071031 AriaExecutor.h:103] AriaExecutor 6 exits. 
I1126 18:13:10.963798 1071028 AriaExecutor.h:103] AriaExecutor 3 exits. 
I1126 18:13:10.963797 1071036 AriaExecutor.h:103] AriaExecutor 11 exits. 
I1126 18:13:10.963797 1071026 AriaExecutor.h:103] AriaExecutor 1 exits. 
I1126 18:13:10.963798 1071030 AriaExecutor.h:103] AriaExecutor 5 exits. 
I1126 18:13:10.963788 1071033 AriaExecutor.h:103] AriaExecutor 8 exits. 
I1126 18:13:10.962708 1071009 AriaExecutor.h:621] Worker 0 latency: 3659 us (50%) 4139 us (75%) 4481 us (95%) 4578 us (99%).
I1126 18:13:11.082156 1071009 AriaExecutor.h:621] Worker 1 latency: 3651 us (50%) 4133 us (75%) 4479 us (95%) 4576 us (99%).
I1126 18:13:11.203666 1071009 AriaExecutor.h:621] Worker 2 latency: 3682 us (50%) 4151 us (75%) 4484 us (95%) 4580 us (99%).
I1126 18:13:11.323647 1071009 AriaExecutor.h:621] Worker 3 latency: 3656 us (50%) 4136 us (75%) 4479 us (95%) 4576 us (99%).
I1126 18:13:11.444960 1071009 AriaExecutor.h:621] Worker 4 latency: 3657 us (50%) 4138 us (75%) 4480 us (95%) 4577 us (99%).
I1126 18:13:11.565378 1071009 AriaExecutor.h:621] Worker 5 latency: 3647 us (50%) 4131 us (75%) 4478 us (95%) 4575 us (99%).
I1126 18:13:11.687304 1071009 AriaExecutor.h:621] Worker 6 latency: 3653 us (50%) 4136 us (75%) 4478 us (95%) 4576 us (99%).
I1126 18:13:11.806471 1071009 AriaExecutor.h:621] Worker 7 latency: 3654 us (50%) 4135 us (75%) 4478 us (95%) 4575 us (99%).
I1126 18:13:11.928407 1071009 AriaExecutor.h:621] Worker 8 latency: 3666 us (50%) 4142 us (75%) 4481 us (95%) 4578 us (99%).
I1126 18:13:12.047024 1071009 AriaExecutor.h:621] Worker 9 latency: 3656 us (50%) 4136 us (75%) 4479 us (95%) 4576 us (99%).
I1126 18:13:12.167162 1071009 AriaExecutor.h:621] Worker 10 latency: 3668 us (50%) 4142 us (75%) 4481 us (95%) 4578 us (99%).
I1126 18:13:12.284798 1071009 AriaExecutor.h:621] Worker 11 latency: 3654 us (50%) 4135 us (75%) 4479 us (95%) 4575 us (99%).
I1126 18:13:12.404508 1071009 Coordinator.h:177] total commit: 1.4897e+06
I1126 18:13:13.404620 1071009 Coordinator.h:192] Coordinator exits.
