I0911 23:52:36.169974 2951492 Database.h:65] ycsb initialization finished in 145 milliseconds.
I0911 23:52:36.170104 2951492 Coordinator.h:30] Coordinator initializes 16 workers.
I0911 23:52:36.200943 2951492 Coordinator.h:77] Coordinator starts to run 17 workers.
I0911 23:52:36.201004 2951513 AriaExecutor.h:82] AriaExecutor 0 started. 
I0911 23:52:36.201040 2951514 AriaExecutor.h:82] AriaExecutor 1 started. 
I0911 23:52:36.201088 2951515 AriaExecutor.h:82] AriaExecutor 2 started. 
I0911 23:52:36.201131 2951516 AriaExecutor.h:82] AriaExecutor 3 started. 
I0911 23:52:36.201162 2951517 AriaExecutor.h:82] AriaExecutor 4 started. 
I0911 23:52:36.201205 2951518 AriaExecutor.h:82] AriaExecutor 5 started. 
I0911 23:52:36.201238 2951519 AriaExecutor.h:82] AriaExecutor 6 started. 
I0911 23:52:36.201277 2951520 AriaExecutor.h:82] AriaExecutor 7 started. 
I0911 23:52:36.201318 2951521 AriaExecutor.h:82] AriaExecutor 8 started. 
I0911 23:52:36.201361 2951522 AriaExecutor.h:82] AriaExecutor 9 started. 
I0911 23:52:36.201392 2951523 AriaExecutor.h:82] AriaExecutor 10 started. 
I0911 23:52:36.201436 2951524 AriaExecutor.h:82] AriaExecutor 11 started. 
I0911 23:52:36.201478 2951525 AriaExecutor.h:82] AriaExecutor 12 started. 
I0911 23:52:36.201529 2951526 AriaExecutor.h:82] AriaExecutor 13 started. 
I0911 23:52:36.201561 2951527 AriaExecutor.h:82] AriaExecutor 14 started. 
I0911 23:52:36.201609 2951528 AriaExecutor.h:82] AriaExecutor 15 started. 
I0911 23:52:36.201644 2951529 Manager.h:224] Manager(worker id = 16) on the coordinator node started.
I0911 23:52:37.201697 2951492 Coordinator.h:126] commit: 973016 abort: 124712 (0/124712/0), network size: 0, avg network size: 0, si_in_serializable: 0 0 %, local: 0 %
I0911 23:52:38.201808 2951492 Coordinator.h:126] commit: 966531 abort: 123005 (0/123005/0), network size: 0, avg network size: 0, si_in_serializable: 0 0 %, local: 0 %
I0911 23:52:39.201881 2951492 Coordinator.h:126] commit: 933636 abort: 119036 (0/119036/0), network size: 0, avg network size: 0, si_in_serializable: 0 0 %, local: 0 %
I0911 23:52:40.201958 2951492 Coordinator.h:126] commit: 941224 abort: 119640 (0/119640/0), network size: 0, avg network size: 0, si_in_serializable: 0 0 %, local: 0 %
I0911 23:52:41.202055 2951492 Coordinator.h:126] commit: 965636 abort: 123900 (0/123900/0), network size: 0, avg network size: 0, si_in_serializable: 0 0 %, local: 0 %
I0911 23:52:42.202134 2951492 Coordinator.h:126] commit: 977338 abort: 124486 (0/124486/0), network size: 0, avg network size: 0, si_in_serializable: 0 0 %, local: 0 %
I0911 23:52:43.202206 2951492 Coordinator.h:126] commit: 980836 abort: 125084 (0/125084/0), network size: 0, avg network size: 0, si_in_serializable: 0 0 %, local: 0 %
I0911 23:52:44.202281 2951492 Coordinator.h:126] commit: 977086 abort: 124738 (0/124738/0), network size: 0, avg network size: 0, si_in_serializable: 0 0 %, local: 0 %
I0911 23:52:45.202355 2951492 Coordinator.h:126] commit: 962023 abort: 123417 (0/123417/0), network size: 0, avg network size: 0, si_in_serializable: 0 0 %, local: 0 %
I0911 23:52:46.202431 2951492 Coordinator.h:126] commit: 962711 abort: 122729 (0/122729/0), network size: 0, avg network size: 0, si_in_serializable: 0 0 %, local: 0 %
I0911 23:52:47.202507 2951492 Coordinator.h:126] commit: 980950 abort: 124970 (0/124970/0), network size: 0, avg network size: 0, si_in_serializable: 0 0 %, local: 0 %
I0911 23:52:48.202580 2951492 Coordinator.h:126] commit: 951875 abort: 121277 (0/121277/0), network size: 0, avg network size: 0, si_in_serializable: 0 0 %, local: 0 %
I0911 23:52:49.202652 2951492 Coordinator.h:126] commit: 974056 abort: 123672 (0/123672/0), network size: 0, avg network size: 0, si_in_serializable: 0 0 %, local: 0 %
I0911 23:52:50.202726 2951492 Coordinator.h:126] commit: 962248 abort: 123192 (0/123192/0), network size: 0, avg network size: 0, si_in_serializable: 0 0 %, local: 0 %
I0911 23:52:51.202819 2951492 Coordinator.h:126] commit: 977083 abort: 124741 (0/124741/0), network size: 0, avg network size: 0, si_in_serializable: 0 0 %, local: 0 %
I0911 23:52:52.202894 2951492 Coordinator.h:126] commit: 977590 abort: 124234 (0/124234/0), network size: 0, avg network size: 0, si_in_serializable: 0 0 %, local: 0 %
I0911 23:52:53.202965 2951492 Coordinator.h:126] commit: 980534 abort: 125386 (0/125386/0), network size: 0, avg network size: 0, si_in_serializable: 0 0 %, local: 0 %
I0911 23:52:54.203037 2951492 Coordinator.h:126] commit: 948445 abort: 120611 (0/120611/0), network size: 0, avg network size: 0, si_in_serializable: 0 0 %, local: 0 %
I0911 23:52:55.203112 2951492 Coordinator.h:126] commit: 977290 abort: 124534 (0/124534/0), network size: 0, avg network size: 0, si_in_serializable: 0 0 %, local: 0 %
I0911 23:52:56.203188 2951492 Coordinator.h:126] commit: 976943 abort: 124881 (0/124881/0), network size: 0, avg network size: 0, si_in_serializable: 0 0 %, local: 0 %
I0911 23:52:57.203264 2951492 Coordinator.h:126] commit: 980865 abort: 125055 (0/125055/0), network size: 0, avg network size: 0, si_in_serializable: 0 0 %, local: 0 %
I0911 23:52:58.203341 2951492 Coordinator.h:126] commit: 977001 abort: 124823 (0/124823/0), network size: 0, avg network size: 0, si_in_serializable: 0 0 %, local: 0 %
I0911 23:52:59.203413 2951492 Coordinator.h:126] commit: 977207 abort: 124617 (0/124617/0), network size: 0, avg network size: 0, si_in_serializable: 0 0 %, local: 0 %
I0911 23:53:00.203490 2951492 Coordinator.h:126] commit: 977226 abort: 124598 (0/124598/0), network size: 0, avg network size: 0, si_in_serializable: 0 0 %, local: 0 %
I0911 23:53:01.203562 2951492 Coordinator.h:126] commit: 976461 abort: 125363 (0/125363/0), network size: 0, avg network size: 0, si_in_serializable: 0 0 %, local: 0 %
I0911 23:53:01.203578 2951492 Coordinator.h:152] average commit: 970701 abort: 123750 (0/123750/0), network size: 0, avg network size: 0, si_in_serializable: 0 0 %, local: 0 %
I0911 23:53:01.206718 2951529 Manager.h:227] Manager(worker id = 16) on the coordinator node exits.
I0911 23:53:01.206723 2951517 AriaExecutor.h:94] AriaExecutor 4 exits. 
I0911 23:53:01.206736 2951522 AriaExecutor.h:94] AriaExecutor 9 exits. 
I0911 23:53:01.206734 2951514 AriaExecutor.h:94] AriaExecutor 1 exits. 
I0911 23:53:01.206735 2951524 AriaExecutor.h:94] AriaExecutor 11 exits. 
I0911 23:53:01.206733 2951528 AriaExecutor.h:94] AriaExecutor 15 exits. 
I0911 23:53:01.206734 2951518 AriaExecutor.h:94] AriaExecutor 5 exits. 
I0911 23:53:01.206725 2951525 AriaExecutor.h:94] AriaExecutor 12 exits. 
I0911 23:53:01.206727 2951515 AriaExecutor.h:94] AriaExecutor 2 exits. 
I0911 23:53:01.206725 2951521 AriaExecutor.h:94] AriaExecutor 8 exits. 
I0911 23:53:01.206720 2951523 AriaExecutor.h:94] AriaExecutor 10 exits. 
I0911 23:53:01.206734 2951520 AriaExecutor.h:94] AriaExecutor 7 exits. 
I0911 23:53:01.206734 2951526 AriaExecutor.h:94] AriaExecutor 13 exits. 
I0911 23:53:01.206734 2951516 AriaExecutor.h:94] AriaExecutor 3 exits. 
I0911 23:53:01.206725 2951519 AriaExecutor.h:94] AriaExecutor 6 exits. 
I0911 23:53:01.206725 2951527 AriaExecutor.h:94] AriaExecutor 14 exits. 
I0911 23:53:01.206722 2951513 AriaExecutor.h:94] AriaExecutor 0 exits. 
I0911 23:53:01.203588 2951492 AriaExecutor.h:641] Worker 0 latency: 2418 us (50%) 2999 us (75%) 3440 us (95%) 3536 us (99%).
I0911 23:53:01.266639 2951492 AriaExecutor.h:641] Worker 1 latency: 2415 us (50%) 2997 us (75%) 3439 us (95%) 3536 us (99%).
I0911 23:53:01.336922 2951492 AriaExecutor.h:641] Worker 2 latency: 2429 us (50%) 3003 us (75%) 3440 us (95%) 3535 us (99%).
I0911 23:53:01.399807 2951492 AriaExecutor.h:641] Worker 3 latency: 2418 us (50%) 2998 us (75%) 3438 us (95%) 3535 us (99%).
I0911 23:53:01.469909 2951492 AriaExecutor.h:641] Worker 4 latency: 2420 us (50%) 2999 us (75%) 3440 us (95%) 3535 us (99%).
I0911 23:53:01.533389 2951492 AriaExecutor.h:641] Worker 5 latency: 2415 us (50%) 2996 us (75%) 3438 us (95%) 3535 us (99%).
I0911 23:53:01.603832 2951492 AriaExecutor.h:641] Worker 6 latency: 2430 us (50%) 3004 us (75%) 3440 us (95%) 3536 us (99%).
I0911 23:53:01.667280 2951492 AriaExecutor.h:641] Worker 7 latency: 2416 us (50%) 2997 us (75%) 3438 us (95%) 3535 us (99%).
I0911 23:53:01.737867 2951492 AriaExecutor.h:641] Worker 8 latency: 2419 us (50%) 2998 us (75%) 3439 us (95%) 3536 us (99%).
I0911 23:53:01.802177 2951492 AriaExecutor.h:641] Worker 9 latency: 2412 us (50%) 2994 us (75%) 3437 us (95%) 3534 us (99%).
I0911 23:53:01.873469 2951492 AriaExecutor.h:641] Worker 10 latency: 2429 us (50%) 3002 us (75%) 3439 us (95%) 3535 us (99%).
I0911 23:53:01.936784 2951492 AriaExecutor.h:641] Worker 11 latency: 2419 us (50%) 2997 us (75%) 3437 us (95%) 3534 us (99%).
I0911 23:53:02.007658 2951492 AriaExecutor.h:641] Worker 12 latency: 2428 us (50%) 3002 us (75%) 3439 us (95%) 3535 us (99%).
I0911 23:53:02.070650 2951492 AriaExecutor.h:641] Worker 13 latency: 2413 us (50%) 2994 us (75%) 3437 us (95%) 3534 us (99%).
I0911 23:53:02.141381 2951492 AriaExecutor.h:641] Worker 14 latency: 2432 us (50%) 3002 us (75%) 3439 us (95%) 3536 us (99%).
I0911 23:53:02.204277 2951492 AriaExecutor.h:641] Worker 15 latency: 2421 us (50%) 2998 us (75%) 3438 us (95%) 3535 us (99%).
I0911 23:53:02.275696 2951492 Coordinator.h:177] total commit: 970701
I0911 23:53:03.275805 2951492 Coordinator.h:192] Coordinator exits.
