I0911 22:56:55.155993 2940870 Database.h:65] ycsb initialization finished in 147 milliseconds.
I0911 22:56:55.156107 2940870 Coordinator.h:30] Coordinator initializes 16 workers.
I0911 22:56:55.163916 2940870 Coordinator.h:77] Coordinator starts to run 17 workers.
I0911 22:56:55.163970 2940890 AriaExecutor.h:82] AriaExecutor 0 started. 
I0911 22:56:55.164000 2940891 AriaExecutor.h:82] AriaExecutor 1 started. 
I0911 22:56:55.164031 2940892 AriaExecutor.h:82] AriaExecutor 2 started. 
I0911 22:56:55.164088 2940893 AriaExecutor.h:82] AriaExecutor 3 started. 
I0911 22:56:55.164108 2940894 AriaExecutor.h:82] AriaExecutor 4 started. 
I0911 22:56:55.164155 2940895 AriaExecutor.h:82] AriaExecutor 5 started. 
I0911 22:56:55.164197 2940896 AriaExecutor.h:82] AriaExecutor 6 started. 
I0911 22:56:55.164245 2940897 AriaExecutor.h:82] AriaExecutor 7 started. 
I0911 22:56:55.164278 2940898 AriaExecutor.h:82] AriaExecutor 8 started. 
I0911 22:56:55.164324 2940899 AriaExecutor.h:82] AriaExecutor 9 started. 
I0911 22:56:55.164359 2940900 AriaExecutor.h:82] AriaExecutor 10 started. 
I0911 22:56:55.164399 2940901 AriaExecutor.h:82] AriaExecutor 11 started. 
I0911 22:56:55.164435 2940902 AriaExecutor.h:82] AriaExecutor 12 started. 
I0911 22:56:55.164487 2940903 AriaExecutor.h:82] AriaExecutor 13 started. 
I0911 22:56:55.164520 2940904 AriaExecutor.h:82] AriaExecutor 14 started. 
I0911 22:56:55.164562 2940905 AriaExecutor.h:82] AriaExecutor 15 started. 
I0911 22:56:55.164604 2940906 Manager.h:224] Manager(worker id = 16) on the coordinator node started.
I0911 22:56:56.164654 2940870 Coordinator.h:126] commit: 976348 abort: 297508 (0/297508/0), network size: 0, avg network size: 0, si_in_serializable: 0 0 %, local: 0 %
I0911 22:56:57.164742 2940870 Coordinator.h:126] commit: 965410 abort: 294110 (0/294110/0), network size: 0, avg network size: 0, si_in_serializable: 0 0 %, local: 0 %
I0911 22:56:58.164805 2940870 Coordinator.h:126] commit: 935042 abort: 284542 (0/284542/0), network size: 0, avg network size: 0, si_in_serializable: 0 0 %, local: 0 %
I0911 22:56:59.164880 2940870 Coordinator.h:126] commit: 954514 abort: 290670 (0/290670/0), network size: 0, avg network size: 0, si_in_serializable: 0 0 %, local: 0 %
I0911 22:57:00.164963 2940870 Coordinator.h:126] commit: 959612 abort: 291716 (0/291716/0), network size: 0, avg network size: 0, si_in_serializable: 0 0 %, local: 0 %
I0911 22:57:01.165026 2940870 Coordinator.h:126] commit: 985278 abort: 298818 (0/298818/0), network size: 0, avg network size: 0, si_in_serializable: 0 0 %, local: 0 %
I0911 22:57:02.165083 2940870 Coordinator.h:126] commit: 985675 abort: 299445 (0/299445/0), network size: 0, avg network size: 0, si_in_serializable: 0 0 %, local: 0 %
I0911 22:57:03.165143 2940870 Coordinator.h:126] commit: 985354 abort: 298742 (0/298742/0), network size: 0, avg network size: 0, si_in_serializable: 0 0 %, local: 0 %
I0911 22:57:04.165215 2940870 Coordinator.h:126] commit: 934297 abort: 283239 (0/283239/0), network size: 0, avg network size: 0, si_in_serializable: 0 0 %, local: 0 %
I0911 22:57:05.165292 2940870 Coordinator.h:126] commit: 964966 abort: 293530 (0/293530/0), network size: 0, avg network size: 0, si_in_serializable: 0 0 %, local: 0 %
I0911 22:57:06.165362 2940870 Coordinator.h:126] commit: 984659 abort: 300461 (0/300461/0), network size: 0, avg network size: 0, si_in_serializable: 0 0 %, local: 0 %
I0911 22:57:07.165436 2940870 Coordinator.h:126] commit: 959831 abort: 291497 (0/291497/0), network size: 0, avg network size: 0, si_in_serializable: 0 0 %, local: 0 %
I0911 22:57:08.165498 2940870 Coordinator.h:126] commit: 985453 abort: 299667 (0/299667/0), network size: 0, avg network size: 0, si_in_serializable: 0 0 %, local: 0 %
I0911 22:57:09.165570 2940870 Coordinator.h:126] commit: 972300 abort: 296436 (0/296436/0), network size: 0, avg network size: 0, si_in_serializable: 0 0 %, local: 0 %
I0911 22:57:10.165663 2940870 Coordinator.h:126] commit: 986244 abort: 298876 (0/298876/0), network size: 0, avg network size: 0, si_in_serializable: 0 0 %, local: 0 %
I0911 22:57:11.165730 2940870 Coordinator.h:126] commit: 985110 abort: 298986 (0/298986/0), network size: 0, avg network size: 0, si_in_serializable: 0 0 %, local: 0 %
I0911 22:57:12.165788 2940870 Coordinator.h:126] commit: 984998 abort: 300122 (0/300122/0), network size: 0, avg network size: 0, si_in_serializable: 0 0 %, local: 0 %
I0911 22:57:13.165849 2940870 Coordinator.h:126] commit: 906483 abort: 275844 (0/275844/0), network size: 0, avg network size: 0, si_in_serializable: 0 0 %, local: 0 %
I0911 22:57:14.165910 2940870 Coordinator.h:126] commit: 982819 abort: 299622 (0/299622/0), network size: 0, avg network size: 0, si_in_serializable: 0 0 %, local: 0 %
I0911 22:57:15.165977 2940870 Coordinator.h:126] commit: 983472 abort: 299600 (0/299600/0), network size: 0, avg network size: 0, si_in_serializable: 0 0 %, local: 0 %
I0911 22:57:16.166064 2940870 Coordinator.h:126] commit: 983343 abort: 299729 (0/299729/0), network size: 0, avg network size: 0, si_in_serializable: 0 0 %, local: 0 %
I0911 22:57:17.166138 2940870 Coordinator.h:126] commit: 981923 abort: 299101 (0/299101/0), network size: 0, avg network size: 0, si_in_serializable: 0 0 %, local: 0 %
I0911 22:57:18.166208 2940870 Coordinator.h:126] commit: 985759 abort: 298337 (0/298337/0), network size: 0, avg network size: 0, si_in_serializable: 0 0 %, local: 0 %
I0911 22:57:19.166280 2940870 Coordinator.h:126] commit: 983863 abort: 299209 (0/299209/0), network size: 0, avg network size: 0, si_in_serializable: 0 0 %, local: 0 %
I0911 22:57:20.166349 2940870 Coordinator.h:126] commit: 982757 abort: 298498 (0/298498/0), network size: 0, avg network size: 0, si_in_serializable: 0 0 %, local: 0 %
I0911 22:57:20.166359 2940870 Coordinator.h:152] average commit: 973137 abort: 296111 (0/296111/0), network size: 0, avg network size: 0, si_in_serializable: 0 0 %, local: 0 %
I0911 22:57:20.167177 2940902 AriaExecutor.h:94] AriaExecutor 12 exits. 
I0911 22:57:20.167183 2940898 AriaExecutor.h:94] AriaExecutor 8 exits. 
I0911 22:57:20.167178 2940904 AriaExecutor.h:94] AriaExecutor 14 exits. 
I0911 22:57:20.167181 2940894 AriaExecutor.h:94] AriaExecutor 4 exits. 
I0911 22:57:20.167181 2940890 AriaExecutor.h:94] AriaExecutor 0 exits. 
I0911 22:57:20.167205 2940901 AriaExecutor.h:94] AriaExecutor 11 exits. 
I0911 22:57:20.167179 2940906 Manager.h:227] Manager(worker id = 16) on the coordinator node exits.
I0911 22:57:20.167196 2940903 AriaExecutor.h:94] AriaExecutor 13 exits. 
I0911 22:57:20.167196 2940899 AriaExecutor.h:94] AriaExecutor 9 exits. 
I0911 22:57:20.167181 2940896 AriaExecutor.h:94] AriaExecutor 6 exits. 
I0911 22:57:20.167197 2940893 AriaExecutor.h:94] AriaExecutor 3 exits. 
I0911 22:57:20.167198 2940897 AriaExecutor.h:94] AriaExecutor 7 exits. 
I0911 22:57:20.167196 2940891 AriaExecutor.h:94] AriaExecutor 1 exits. 
I0911 22:57:20.167200 2940905 AriaExecutor.h:94] AriaExecutor 15 exits. 
I0911 22:57:20.167199 2940895 AriaExecutor.h:94] AriaExecutor 5 exits. 
I0911 22:57:20.167181 2940900 AriaExecutor.h:94] AriaExecutor 10 exits. 
I0911 22:57:20.167183 2940892 AriaExecutor.h:94] AriaExecutor 2 exits. 
I0911 22:57:20.166368 2940870 AriaExecutor.h:535] Worker 0 latency: 494 us (50%) 642 us (75%) 746 us (95%) 769 us (99%).
I0911 22:57:20.228801 2940870 AriaExecutor.h:535] Worker 1 latency: 492 us (50%) 640 us (75%) 745 us (95%) 768 us (99%).
I0911 22:57:20.298750 2940870 AriaExecutor.h:535] Worker 2 latency: 495 us (50%) 642 us (75%) 746 us (95%) 769 us (99%).
I0911 22:57:20.360329 2940870 AriaExecutor.h:535] Worker 3 latency: 491 us (50%) 640 us (75%) 745 us (95%) 768 us (99%).
I0911 22:57:20.429687 2940870 AriaExecutor.h:535] Worker 4 latency: 494 us (50%) 642 us (75%) 746 us (95%) 769 us (99%).
I0911 22:57:20.491521 2940870 AriaExecutor.h:535] Worker 5 latency: 491 us (50%) 640 us (75%) 745 us (95%) 768 us (99%).
I0911 22:57:20.560695 2940870 AriaExecutor.h:535] Worker 6 latency: 494 us (50%) 642 us (75%) 746 us (95%) 769 us (99%).
I0911 22:57:20.621850 2940870 AriaExecutor.h:535] Worker 7 latency: 492 us (50%) 640 us (75%) 745 us (95%) 768 us (99%).
I0911 22:57:20.690997 2940870 AriaExecutor.h:535] Worker 8 latency: 492 us (50%) 640 us (75%) 746 us (95%) 769 us (99%).
I0911 22:57:20.752650 2940870 AriaExecutor.h:535] Worker 9 latency: 489 us (50%) 639 us (75%) 745 us (95%) 768 us (99%).
I0911 22:57:20.821735 2940870 AriaExecutor.h:535] Worker 10 latency: 493 us (50%) 641 us (75%) 746 us (95%) 769 us (99%).
I0911 22:57:20.883349 2940870 AriaExecutor.h:535] Worker 11 latency: 489 us (50%) 639 us (75%) 745 us (95%) 768 us (99%).
I0911 22:57:20.952384 2940870 AriaExecutor.h:535] Worker 12 latency: 491 us (50%) 640 us (75%) 746 us (95%) 769 us (99%).
I0911 22:57:21.014549 2940870 AriaExecutor.h:535] Worker 13 latency: 489 us (50%) 638 us (75%) 745 us (95%) 768 us (99%).
I0911 22:57:21.083384 2940870 AriaExecutor.h:535] Worker 14 latency: 493 us (50%) 640 us (75%) 745 us (95%) 769 us (99%).
I0911 22:57:21.143962 2940870 AriaExecutor.h:535] Worker 15 latency: 490 us (50%) 638 us (75%) 745 us (95%) 768 us (99%).
I0911 22:57:21.212757 2940870 Coordinator.h:177] total commit: 973137
I0911 22:57:22.212870 2940870 Coordinator.h:192] Coordinator exits.
