I0911 23:38:00.067200 2948791 Database.h:65] ycsb initialization finished in 197 milliseconds.
I0911 23:38:00.067310 2948791 Coordinator.h:30] Coordinator initializes 16 workers.
I0911 23:38:00.097762 2948791 Coordinator.h:77] Coordinator starts to run 17 workers.
I0911 23:38:00.097826 2948811 AriaExecutor.h:82] AriaExecutor 0 started. 
I0911 23:38:00.097858 2948812 AriaExecutor.h:82] AriaExecutor 1 started. 
I0911 23:38:00.097896 2948813 AriaExecutor.h:82] AriaExecutor 2 started. 
I0911 23:38:00.097952 2948814 AriaExecutor.h:82] AriaExecutor 3 started. 
I0911 23:38:00.097983 2948815 AriaExecutor.h:82] AriaExecutor 4 started. 
I0911 23:38:00.098023 2948816 AriaExecutor.h:82] AriaExecutor 5 started. 
I0911 23:38:00.098057 2948817 AriaExecutor.h:82] AriaExecutor 6 started. 
I0911 23:38:00.098107 2948818 AriaExecutor.h:82] AriaExecutor 7 started. 
I0911 23:38:00.098140 2948819 AriaExecutor.h:82] AriaExecutor 8 started. 
I0911 23:38:00.098182 2948820 AriaExecutor.h:82] AriaExecutor 9 started. 
I0911 23:38:00.098219 2948821 AriaExecutor.h:82] AriaExecutor 10 started. 
I0911 23:38:00.098273 2948822 AriaExecutor.h:82] AriaExecutor 11 started. 
I0911 23:38:00.098309 2948823 AriaExecutor.h:82] AriaExecutor 12 started. 
I0911 23:38:00.098351 2948824 AriaExecutor.h:82] AriaExecutor 13 started. 
I0911 23:38:00.098384 2948825 AriaExecutor.h:82] AriaExecutor 14 started. 
I0911 23:38:00.098423 2948826 AriaExecutor.h:82] AriaExecutor 15 started. 
I0911 23:38:00.098464 2948827 Manager.h:224] Manager(worker id = 16) on the coordinator node started.
I0911 23:38:01.098505 2948791 Coordinator.h:126] commit: 1052752 abort: 28592 (0/28592/0), network size: 0, avg network size: 0, si_in_serializable: 0 0 %, local: 0 %
I0911 23:38:02.098598 2948791 Coordinator.h:126] commit: 1048547 abort: 28701 (0/28701/0), network size: 0, avg network size: 0, si_in_serializable: 0 0 %, local: 0 %
I0911 23:38:03.098663 2948791 Coordinator.h:126] commit: 1012558 abort: 27826 (0/27826/0), network size: 0, avg network size: 0, si_in_serializable: 0 0 %, local: 0 %
I0911 23:38:04.098742 2948791 Coordinator.h:126] commit: 1020701 abort: 27875 (0/27875/0), network size: 0, avg network size: 0, si_in_serializable: 0 0 %, local: 0 %
I0911 23:38:05.098841 2948791 Coordinator.h:126] commit: 1052737 abort: 28607 (0/28607/0), network size: 0, avg network size: 0, si_in_serializable: 0 0 %, local: 0 %
I0911 23:38:06.098920 2948791 Coordinator.h:126] commit: 1064431 abort: 29201 (0/29201/0), network size: 0, avg network size: 0, si_in_serializable: 0 0 %, local: 0 %
I0911 23:38:07.098994 2948791 Coordinator.h:126] commit: 1068715 abort: 29013 (0/29013/0), network size: 0, avg network size: 0, si_in_serializable: 0 0 %, local: 0 %
I0911 23:38:08.099066 2948791 Coordinator.h:126] commit: 1064409 abort: 28949 (0/28949/0), network size: 0, avg network size: 0, si_in_serializable: 0 0 %, local: 0 %
I0911 23:38:09.099143 2948791 Coordinator.h:126] commit: 1025199 abort: 27747 (0/27747/0), network size: 0, avg network size: 0, si_in_serializable: 0 0 %, local: 0 %
I0911 23:38:10.099216 2948791 Coordinator.h:126] commit: 1036883 abort: 28077 (0/28077/0), network size: 0, avg network size: 0, si_in_serializable: 0 0 %, local: 0 %
I0911 23:38:11.099291 2948791 Coordinator.h:126] commit: 1048576 abort: 28672 (0/28672/0), network size: 0, avg network size: 0, si_in_serializable: 0 0 %, local: 0 %
I0911 23:38:12.099362 2948791 Coordinator.h:126] commit: 1064571 abort: 29061 (0/29061/0), network size: 0, avg network size: 0, si_in_serializable: 0 0 %, local: 0 %
I0911 23:38:13.099468 2948791 Coordinator.h:126] commit: 1055047 abort: 28747 (0/28747/0), network size: 0, avg network size: 0, si_in_serializable: 0 0 %, local: 0 %
I0911 23:38:14.099546 2948791 Coordinator.h:126] commit: 1066141 abort: 29137 (0/29137/0), network size: 0, avg network size: 0, si_in_serializable: 0 0 %, local: 0 %
I0911 23:38:15.099620 2948791 Coordinator.h:126] commit: 1064559 abort: 29073 (0/29073/0), network size: 0, avg network size: 0, si_in_serializable: 0 0 %, local: 0 %
I0911 23:38:16.099694 2948791 Coordinator.h:126] commit: 1036743 abort: 28217 (0/28217/0), network size: 0, avg network size: 0, si_in_serializable: 0 0 %, local: 0 %
I0911 23:38:17.099771 2948791 Coordinator.h:126] commit: 1056766 abort: 28674 (0/28674/0), network size: 0, avg network size: 0, si_in_serializable: 0 0 %, local: 0 %
I0911 23:38:18.099843 2948791 Coordinator.h:126] commit: 1064631 abort: 29001 (0/29001/0), network size: 0, avg network size: 0, si_in_serializable: 0 0 %, local: 0 %
I0911 23:38:19.099917 2948791 Coordinator.h:126] commit: 1064380 abort: 29252 (0/29252/0), network size: 0, avg network size: 0, si_in_serializable: 0 0 %, local: 0 %
I0911 23:38:20.099990 2948791 Coordinator.h:126] commit: 1060539 abort: 28997 (0/28997/0), network size: 0, avg network size: 0, si_in_serializable: 0 0 %, local: 0 %
I0911 23:38:21.100064 2948791 Coordinator.h:126] commit: 1060634 abort: 28902 (0/28902/0), network size: 0, avg network size: 0, si_in_serializable: 0 0 %, local: 0 %
I0911 23:38:22.100137 2948791 Coordinator.h:126] commit: 1040951 abort: 28105 (0/28105/0), network size: 0, avg network size: 0, si_in_serializable: 0 0 %, local: 0 %
I0911 23:38:23.100211 2948791 Coordinator.h:126] commit: 1040864 abort: 28192 (0/28192/0), network size: 0, avg network size: 0, si_in_serializable: 0 0 %, local: 0 %
I0911 23:38:24.100286 2948791 Coordinator.h:126] commit: 1064421 abort: 29211 (0/29211/0), network size: 0, avg network size: 0, si_in_serializable: 0 0 %, local: 0 %
I0911 23:38:25.100378 2948791 Coordinator.h:126] commit: 1060579 abort: 28957 (0/28957/0), network size: 0, avg network size: 0, si_in_serializable: 0 0 %, local: 0 %
I0911 23:38:25.100394 2948791 Coordinator.h:152] average commit: 1.0582e+06 abort: 28883.1 (0/28883.1/0), network size: 0, avg network size: 0, si_in_serializable: 0 0 %, local: 0 %
I0911 23:38:25.103714 2948827 Manager.h:227] Manager(worker id = 16) on the coordinator node exits.
I0911 23:38:25.103727 2948825 AriaExecutor.h:94] AriaExecutor 14 exits. 
I0911 23:38:25.103716 2948815 AriaExecutor.h:94] AriaExecutor 4 exits. 
I0911 23:38:25.103730 2948816 AriaExecutor.h:94] AriaExecutor 5 exits. 
I0911 23:38:25.103729 2948813 AriaExecutor.h:94] AriaExecutor 2 exits. 
I0911 23:38:25.103727 2948823 AriaExecutor.h:94] AriaExecutor 12 exits. 
I0911 23:38:25.103716 2948821 AriaExecutor.h:94] AriaExecutor 10 exits. 
I0911 23:38:25.103729 2948817 AriaExecutor.h:94] AriaExecutor 6 exits. 
I0911 23:38:25.103731 2948820 AriaExecutor.h:94] AriaExecutor 9 exits. 
I0911 23:38:25.103729 2948811 AriaExecutor.h:94] AriaExecutor 0 exits. 
I0911 23:38:25.103734 2948822 AriaExecutor.h:94] AriaExecutor 11 exits. 
I0911 23:38:25.103731 2948814 AriaExecutor.h:94] AriaExecutor 3 exits. 
I0911 23:38:25.103735 2948812 AriaExecutor.h:94] AriaExecutor 1 exits. 
I0911 23:38:25.103721 2948819 AriaExecutor.h:94] AriaExecutor 8 exits. 
I0911 23:38:25.103731 2948818 AriaExecutor.h:94] AriaExecutor 7 exits. 
I0911 23:38:25.103731 2948824 AriaExecutor.h:94] AriaExecutor 13 exits. 
I0911 23:38:25.103860 2948826 AriaExecutor.h:94] AriaExecutor 15 exits. 
I0911 23:38:25.100404 2948791 AriaExecutor.h:641] Worker 0 latency: 2385 us (50%) 2985 us (75%) 3460 us (95%) 3563 us (99%).
I0911 23:38:25.167595 2948791 AriaExecutor.h:641] Worker 1 latency: 2382 us (50%) 2981 us (75%) 3456 us (95%) 3559 us (99%).
I0911 23:38:25.241688 2948791 AriaExecutor.h:641] Worker 2 latency: 2395 us (50%) 2989 us (75%) 3460 us (95%) 3562 us (99%).
I0911 23:38:25.308775 2948791 AriaExecutor.h:641] Worker 3 latency: 2385 us (50%) 2982 us (75%) 3456 us (95%) 3559 us (99%).
I0911 23:38:25.384615 2948791 AriaExecutor.h:641] Worker 4 latency: 2388 us (50%) 2986 us (75%) 3459 us (95%) 3562 us (99%).
I0911 23:38:25.451946 2948791 AriaExecutor.h:641] Worker 5 latency: 2383 us (50%) 2981 us (75%) 3456 us (95%) 3558 us (99%).
I0911 23:38:25.526698 2948791 AriaExecutor.h:641] Worker 6 latency: 2392 us (50%) 2987 us (75%) 3459 us (95%) 3561 us (99%).
I0911 23:38:25.594231 2948791 AriaExecutor.h:641] Worker 7 latency: 2384 us (50%) 2982 us (75%) 3456 us (95%) 3559 us (99%).
I0911 23:38:25.668313 2948791 AriaExecutor.h:641] Worker 8 latency: 2387 us (50%) 2984 us (75%) 3458 us (95%) 3561 us (99%).
I0911 23:38:25.735232 2948791 AriaExecutor.h:641] Worker 9 latency: 2382 us (50%) 2981 us (75%) 3456 us (95%) 3559 us (99%).
I0911 23:38:25.809036 2948791 AriaExecutor.h:641] Worker 10 latency: 2395 us (50%) 2988 us (75%) 3459 us (95%) 3562 us (99%).
I0911 23:38:25.877285 2948791 AriaExecutor.h:641] Worker 11 latency: 2388 us (50%) 2983 us (75%) 3456 us (95%) 3559 us (99%).
I0911 23:38:25.950759 2948791 AriaExecutor.h:641] Worker 12 latency: 2396 us (50%) 2988 us (75%) 3459 us (95%) 3561 us (99%).
I0911 23:38:26.019564 2948791 AriaExecutor.h:641] Worker 13 latency: 2379 us (50%) 2979 us (75%) 3455 us (95%) 3559 us (99%).
I0911 23:38:26.093701 2948791 AriaExecutor.h:641] Worker 14 latency: 2398 us (50%) 2989 us (75%) 3459 us (95%) 3562 us (99%).
I0911 23:38:26.161223 2948791 AriaExecutor.h:641] Worker 15 latency: 2388 us (50%) 2984 us (75%) 3456 us (95%) 3559 us (99%).
I0911 23:38:26.235431 2948791 Coordinator.h:177] total commit: 1.0582e+06
I0911 23:38:27.235543 2948791 Coordinator.h:192] Coordinator exits.
