I1126 18:23:37.811837 1077294 Database.h:65] ycsb initialization finished in 30 milliseconds.
I1126 18:23:37.811931 1077294 Coordinator.h:30] Coordinator initializes 12 workers.
I1126 18:23:37.818745 1077294 Coordinator.h:77] Coordinator starts to run 13 workers.
I1126 18:23:37.818812 1077310 AriaExecutor.h:91] AriaExecutor 0 started. 
I1126 18:23:37.818846 1077311 AriaExecutor.h:91] AriaExecutor 1 started. 
I1126 18:23:37.818887 1077312 AriaExecutor.h:91] AriaExecutor 2 started. 
I1126 18:23:37.818930 1077313 AriaExecutor.h:91] AriaExecutor 3 started. 
I1126 18:23:37.819013 1077315 AriaExecutor.h:91] AriaExecutor 5 started. 
I1126 18:23:37.819054 1077316 AriaExecutor.h:91] AriaExecutor 6 started. 
I1126 18:23:37.819094 1077317 AriaExecutor.h:91] AriaExecutor 7 started. 
I1126 18:23:37.819132 1077318 AriaExecutor.h:91] AriaExecutor 8 started. 
I1126 18:23:37.819170 1077319 AriaExecutor.h:91] AriaExecutor 9 started. 
I1126 18:23:37.819205 1077320 AriaExecutor.h:91] AriaExecutor 10 started. 
I1126 18:23:37.819250 1077321 AriaExecutor.h:91] AriaExecutor 11 started. 
I1126 18:23:37.819278 1077314 AriaExecutor.h:91] AriaExecutor 4 started. 
I1126 18:23:37.819283 1077322 Manager.h:224] Manager(worker id = 12) on the coordinator node started.
I1126 18:23:38.819347 1077294 Coordinator.h:126] commit: 785817 abort: 1464183 (0/1464183/0), network size: 0, avg network size: 0, si_in_serializable: 0 0 %, local: 0 %
I1126 18:23:39.819466 1077294 Coordinator.h:126] commit: 782248 abort: 1457752 (0/1457752/0), network size: 0, avg network size: 0, si_in_serializable: 0 0 %, local: 0 %
I1126 18:23:40.819567 1077294 Coordinator.h:126] commit: 789467 abort: 1470533 (0/1470533/0), network size: 0, avg network size: 0, si_in_serializable: 0 0 %, local: 0 %
I1126 18:23:41.819653 1077294 Coordinator.h:126] commit: 793509 abort: 1476491 (0/1476491/0), network size: 0, avg network size: 0, si_in_serializable: 0 0 %, local: 0 %
I1126 18:23:42.819734 1077294 Coordinator.h:126] commit: 793295 abort: 1476705 (0/1476705/0), network size: 0, avg network size: 0, si_in_serializable: 0 0 %, local: 0 %
I1126 18:23:43.819813 1077294 Coordinator.h:126] commit: 788370 abort: 1471630 (0/1471630/0), network size: 0, avg network size: 0, si_in_serializable: 0 0 %, local: 0 %
I1126 18:23:44.819909 1077294 Coordinator.h:126] commit: 788508 abort: 1471492 (0/1471492/0), network size: 0, avg network size: 0, si_in_serializable: 0 0 %, local: 0 %
I1126 18:23:45.820000 1077294 Coordinator.h:126] commit: 779677 abort: 1450323 (0/1450323/0), network size: 0, avg network size: 0, si_in_serializable: 0 0 %, local: 0 %
I1126 18:23:46.820096 1077294 Coordinator.h:126] commit: 796558 abort: 1483442 (0/1483442/0), network size: 0, avg network size: 0, si_in_serializable: 0 0 %, local: 0 %
I1126 18:23:47.820174 1077294 Coordinator.h:126] commit: 794480 abort: 1475520 (0/1475520/0), network size: 0, avg network size: 0, si_in_serializable: 0 0 %, local: 0 %
I1126 18:23:48.820250 1077294 Coordinator.h:126] commit: 796576 abort: 1483424 (0/1483424/0), network size: 0, avg network size: 0, si_in_serializable: 0 0 %, local: 0 %
I1126 18:23:49.820329 1077294 Coordinator.h:126] commit: 795476 abort: 1484524 (0/1484524/0), network size: 0, avg network size: 0, si_in_serializable: 0 0 %, local: 0 %
I1126 18:23:50.820403 1077294 Coordinator.h:126] commit: 796797 abort: 1483203 (0/1483203/0), network size: 0, avg network size: 0, si_in_serializable: 0 0 %, local: 0 %
I1126 18:23:51.820477 1077294 Coordinator.h:126] commit: 789887 abort: 1470113 (0/1470113/0), network size: 0, avg network size: 0, si_in_serializable: 0 0 %, local: 0 %
I1126 18:23:52.820573 1077294 Coordinator.h:126] commit: 786532 abort: 1463468 (0/1463468/0), network size: 0, avg network size: 0, si_in_serializable: 0 0 %, local: 0 %
I1126 18:23:53.820668 1077294 Coordinator.h:126] commit: 751870 abort: 1398130 (0/1398130/0), network size: 0, avg network size: 0, si_in_serializable: 0 0 %, local: 0 %
I1126 18:23:54.820745 1077294 Coordinator.h:126] commit: 793369 abort: 1476631 (0/1476631/0), network size: 0, avg network size: 0, si_in_serializable: 0 0 %, local: 0 %
I1126 18:23:55.820825 1077294 Coordinator.h:126] commit: 793111 abort: 1476889 (0/1476889/0), network size: 0, avg network size: 0, si_in_serializable: 0 0 %, local: 0 %
I1126 18:23:56.820900 1077294 Coordinator.h:126] commit: 794695 abort: 1475305 (0/1475305/0), network size: 0, avg network size: 0, si_in_serializable: 0 0 %, local: 0 %
I1126 18:23:57.820974 1077294 Coordinator.h:126] commit: 796930 abort: 1483070 (0/1483070/0), network size: 0, avg network size: 0, si_in_serializable: 0 0 %, local: 0 %
I1126 18:23:58.821049 1077294 Coordinator.h:126] commit: 790475 abort: 1469525 (0/1469525/0), network size: 0, avg network size: 0, si_in_serializable: 0 0 %, local: 0 %
I1126 18:23:59.821135 1077294 Coordinator.h:126] commit: 797403 abort: 1482597 (0/1482597/0), network size: 0, avg network size: 0, si_in_serializable: 0 0 %, local: 0 %
I1126 18:24:00.821210 1077294 Coordinator.h:126] commit: 795587 abort: 1484413 (0/1484413/0), network size: 0, avg network size: 0, si_in_serializable: 0 0 %, local: 0 %
I1126 18:24:01.821303 1077294 Coordinator.h:126] commit: 793663 abort: 1476337 (0/1476337/0), network size: 0, avg network size: 0, si_in_serializable: 0 0 %, local: 0 %
I1126 18:24:02.821381 1077294 Coordinator.h:126] commit: 793830 abort: 1476170 (0/1476170/0), network size: 0, avg network size: 0, si_in_serializable: 0 0 %, local: 0 %
I1126 18:24:02.821399 1077294 Coordinator.h:152] average commit: 789524 abort: 1.46948e+06 (0/1.46948e+06/0), network size: 0, avg network size: 0, si_in_serializable: 0 0 %, local: 0 %
I1126 18:24:02.825254 1077310 AriaExecutor.h:103] AriaExecutor 0 exits. 
I1126 18:24:02.825258 1077318 AriaExecutor.h:103] AriaExecutor 8 exits. 
I1126 18:24:02.825260 1077316 AriaExecutor.h:103] AriaExecutor 6 exits. 
I1126 18:24:02.825268 1077315 AriaExecutor.h:103] AriaExecutor 5 exits. 
I1126 18:24:02.825284 1077321 AriaExecutor.h:103] AriaExecutor 11 exits. 
I1126 18:24:02.825268 1077319 AriaExecutor.h:103] AriaExecutor 9 exits. 
I1126 18:24:02.825260 1077314 AriaExecutor.h:103] AriaExecutor 4 exits. 
I1126 18:24:02.825259 1077320 AriaExecutor.h:103] AriaExecutor 10 exits. 
I1126 18:24:02.825268 1077317 AriaExecutor.h:103] AriaExecutor 7 exits. 
I1126 18:24:02.825270 1077311 AriaExecutor.h:103] AriaExecutor 1 exits. 
I1126 18:24:02.825260 1077322 Manager.h:227] Manager(worker id = 12) on the coordinator node exits.
I1126 18:24:02.825259 1077312 AriaExecutor.h:103] AriaExecutor 2 exits. 
I1126 18:24:02.825268 1077313 AriaExecutor.h:103] AriaExecutor 3 exits. 
I1126 18:24:02.821408 1077294 AriaExecutor.h:621] Worker 0 latency: 3317 us (50%) 3796 us (75%) 4130 us (95%) 4232 us (99%).
I1126 18:24:02.892871 1077294 AriaExecutor.h:621] Worker 1 latency: 3316 us (50%) 3796 us (75%) 4130 us (95%) 4231 us (99%).
I1126 18:24:02.972468 1077294 AriaExecutor.h:621] Worker 2 latency: 3332 us (50%) 3802 us (75%) 4131 us (95%) 4233 us (99%).
I1126 18:24:03.041254 1077294 AriaExecutor.h:621] Worker 3 latency: 3320 us (50%) 3797 us (75%) 4130 us (95%) 4230 us (99%).
I1126 18:24:03.110963 1077294 AriaExecutor.h:621] Worker 4 latency: 3323 us (50%) 3799 us (75%) 4130 us (95%) 4231 us (99%).
I1126 18:24:03.182541 1077294 AriaExecutor.h:621] Worker 5 latency: 3322 us (50%) 3799 us (75%) 4130 us (95%) 4232 us (99%).
I1126 18:24:03.251912 1077294 AriaExecutor.h:621] Worker 6 latency: 3331 us (50%) 3801 us (75%) 4130 us (95%) 4231 us (99%).
I1126 18:24:03.322466 1077294 AriaExecutor.h:621] Worker 7 latency: 3322 us (50%) 3797 us (75%) 4129 us (95%) 4229 us (99%).
I1126 18:24:03.401719 1077294 AriaExecutor.h:621] Worker 8 latency: 3322 us (50%) 3797 us (75%) 4129 us (95%) 4229 us (99%).
I1126 18:24:03.472221 1077294 AriaExecutor.h:621] Worker 9 latency: 3324 us (50%) 3799 us (75%) 4130 us (95%) 4231 us (99%).
I1126 18:24:03.551834 1077294 AriaExecutor.h:621] Worker 10 latency: 3325 us (50%) 3798 us (75%) 4129 us (95%) 4229 us (99%).
I1126 18:24:03.622303 1077294 AriaExecutor.h:621] Worker 11 latency: 3324 us (50%) 3799 us (75%) 4130 us (95%) 4230 us (99%).
I1126 18:24:03.700222 1077294 Coordinator.h:177] total commit: 789524
I1126 18:24:04.700335 1077294 Coordinator.h:192] Coordinator exits.
