I1126 18:04:57.876129 1066214 Database.h:65] ycsb initialization finished in 30 milliseconds.
I1126 18:04:57.876231 1066214 Coordinator.h:30] Coordinator initializes 12 workers.
I1126 18:04:57.877146 1066214 Coordinator.h:77] Coordinator starts to run 13 workers.
I1126 18:04:57.877205 1066230 AriaExecutor.h:91] AriaExecutor 0 started. 
I1126 18:04:57.877229 1066231 AriaExecutor.h:91] AriaExecutor 1 started. 
I1126 18:04:57.877267 1066232 AriaExecutor.h:91] AriaExecutor 2 started. 
I1126 18:04:57.877313 1066233 AriaExecutor.h:91] AriaExecutor 3 started. 
I1126 18:04:57.877390 1066235 AriaExecutor.h:91] AriaExecutor 5 started. 
I1126 18:04:57.877432 1066236 AriaExecutor.h:91] AriaExecutor 6 started. 
I1126 18:04:57.877470 1066237 AriaExecutor.h:91] AriaExecutor 7 started. 
I1126 18:04:57.877501 1066238 AriaExecutor.h:91] AriaExecutor 8 started. 
I1126 18:04:57.877552 1066239 AriaExecutor.h:91] AriaExecutor 9 started. 
I1126 18:04:57.877586 1066240 AriaExecutor.h:91] AriaExecutor 10 started. 
I1126 18:04:57.877641 1066241 AriaExecutor.h:91] AriaExecutor 11 started. 
I1126 18:04:57.877678 1066234 AriaExecutor.h:91] AriaExecutor 4 started. 
I1126 18:04:57.877686 1066242 Manager.h:224] Manager(worker id = 12) on the coordinator node started.
I1126 18:04:58.877746 1066214 Coordinator.h:126] commit: 2062225 abort: 15775 (0/15775/0), network size: 0, avg network size: 0, si_in_serializable: 0 0 %, local: 0 %
I1126 18:04:59.877856 1066214 Coordinator.h:126] commit: 2043191 abort: 15793 (0/15793/0), network size: 0, avg network size: 0, si_in_serializable: 0 0 %, local: 0 %
I1126 18:05:00.877959 1066214 Coordinator.h:126] commit: 2082785 abort: 16231 (0/16231/0), network size: 0, avg network size: 0, si_in_serializable: 0 0 %, local: 0 %
I1126 18:05:01.878062 1066214 Coordinator.h:126] commit: 2059144 abort: 15856 (0/15856/0), network size: 0, avg network size: 0, si_in_serializable: 0 0 %, local: 0 %
I1126 18:05:02.878146 1066214 Coordinator.h:126] commit: 2092456 abort: 16121 (0/16121/0), network size: 0, avg network size: 0, si_in_serializable: 0 0 %, local: 0 %
I1126 18:05:03.878235 1066214 Coordinator.h:126] commit: 2097272 abort: 16150 (0/16150/0), network size: 0, avg network size: 0, si_in_serializable: 0 0 %, local: 0 %
I1126 18:05:04.878325 1066214 Coordinator.h:126] commit: 1988515 abort: 15485 (0/15485/0), network size: 0, avg network size: 0, si_in_serializable: 0 0 %, local: 0 %
I1126 18:05:05.878453 1066214 Coordinator.h:126] commit: 2061035 abort: 15965 (0/15965/0), network size: 0, avg network size: 0, si_in_serializable: 0 0 %, local: 0 %
I1126 18:05:06.878545 1066214 Coordinator.h:126] commit: 2084989 abort: 16011 (0/16011/0), network size: 0, avg network size: 0, si_in_serializable: 0 0 %, local: 0 %
I1126 18:05:07.878656 1066214 Coordinator.h:126] commit: 2089744 abort: 16256 (0/16256/0), network size: 0, avg network size: 0, si_in_serializable: 0 0 %, local: 0 %
I1126 18:05:08.878754 1066214 Coordinator.h:126] commit: 2083141 abort: 15859 (0/15859/0), network size: 0, avg network size: 0, si_in_serializable: 0 0 %, local: 0 %
I1126 18:05:09.878858 1066214 Coordinator.h:126] commit: 2084935 abort: 16065 (0/16065/0), network size: 0, avg network size: 0, si_in_serializable: 0 0 %, local: 0 %
I1126 18:05:10.878973 1066214 Coordinator.h:126] commit: 1832753 abort: 14247 (0/14247/0), network size: 0, avg network size: 0, si_in_serializable: 0 0 %, local: 0 %
I1126 18:05:11.879077 1066214 Coordinator.h:126] commit: 2082863 abort: 16137 (0/16137/0), network size: 0, avg network size: 0, si_in_serializable: 0 0 %, local: 0 %
I1126 18:05:12.879168 1066214 Coordinator.h:126] commit: 2076179 abort: 15821 (0/15821/0), network size: 0, avg network size: 0, si_in_serializable: 0 0 %, local: 0 %
I1126 18:05:13.879271 1066214 Coordinator.h:126] commit: 2080892 abort: 16108 (0/16108/0), network size: 0, avg network size: 0, si_in_serializable: 0 0 %, local: 0 %
I1126 18:05:14.879359 1066214 Coordinator.h:126] commit: 2076949 abort: 16051 (0/16051/0), network size: 0, avg network size: 0, si_in_serializable: 0 0 %, local: 0 %
I1126 18:05:15.879460 1066214 Coordinator.h:126] commit: 2080003 abort: 15997 (0/15997/0), network size: 0, avg network size: 0, si_in_serializable: 0 0 %, local: 0 %
I1126 18:05:16.879546 1066214 Coordinator.h:126] commit: 2078106 abort: 15894 (0/15894/0), network size: 0, avg network size: 0, si_in_serializable: 0 0 %, local: 0 %
I1126 18:05:17.879639 1066214 Coordinator.h:126] commit: 2080950 abort: 16050 (0/16050/0), network size: 0, avg network size: 0, si_in_serializable: 0 0 %, local: 0 %
I1126 18:05:18.879729 1066214 Coordinator.h:126] commit: 2080985 abort: 16015 (0/16015/0), network size: 0, avg network size: 0, si_in_serializable: 0 0 %, local: 0 %
I1126 18:05:19.879827 1066214 Coordinator.h:126] commit: 2077897 abort: 16103 (0/16103/0), network size: 0, avg network size: 0, si_in_serializable: 0 0 %, local: 0 %
I1126 18:05:20.879926 1066214 Coordinator.h:126] commit: 2079944 abort: 16056 (0/16056/0), network size: 0, avg network size: 0, si_in_serializable: 0 0 %, local: 0 %
I1126 18:05:21.880023 1066214 Coordinator.h:126] commit: 2080049 abort: 15950 (0/15950/0), network size: 0, avg network size: 0, si_in_serializable: 0 0 %, local: 0 %
I1126 18:05:22.880129 1066214 Coordinator.h:126] commit: 1789991 abort: 14010 (0/14010/0), network size: 0, avg network size: 0, si_in_serializable: 0 0 %, local: 0 %
I1126 18:05:22.880148 1066214 Coordinator.h:152] average commit: 2.05568e+06 abort: 15822.9 (0/15822.9/0), network size: 0, avg network size: 0, si_in_serializable: 0 0 %, local: 0 %
I1126 18:05:22.880211 1066234 AriaExecutor.h:103] AriaExecutor 4 exits. 
I1126 18:05:22.880213 1066240 AriaExecutor.h:103] AriaExecutor 10 exits. 
I1126 18:05:22.880213 1066230 AriaExecutor.h:103] AriaExecutor 0 exits. 
I1126 18:05:22.880225 1066235 AriaExecutor.h:103] AriaExecutor 5 exits. 
I1126 18:05:22.880215 1066238 AriaExecutor.h:103] AriaExecutor 8 exits. 
I1126 18:05:22.880244 1066241 AriaExecutor.h:103] AriaExecutor 11 exits. 
I1126 18:05:22.880213 1066232 AriaExecutor.h:103] AriaExecutor 2 exits. 
I1126 18:05:22.880225 1066237 AriaExecutor.h:103] AriaExecutor 7 exits. 
I1126 18:05:22.880225 1066233 AriaExecutor.h:103] AriaExecutor 3 exits. 
I1126 18:05:22.880225 1066242 Manager.h:227] Manager(worker id = 12) on the coordinator node exits.
I1126 18:05:22.880241 1066239 AriaExecutor.h:103] AriaExecutor 9 exits. 
I1126 18:05:22.880223 1066236 AriaExecutor.h:103] AriaExecutor 6 exits. 
I1126 18:05:22.880225 1066231 AriaExecutor.h:103] AriaExecutor 1 exits. 
I1126 18:05:22.880157 1066214 AriaExecutor.h:621] Worker 0 latency: 317 us (50%) 369 us (75%) 415 us (95%) 429 us (99%).
I1126 18:05:23.032475 1066214 AriaExecutor.h:621] Worker 1 latency: 315 us (50%) 368 us (75%) 413 us (95%) 428 us (99%).
I1126 18:05:23.191103 1066214 AriaExecutor.h:621] Worker 2 latency: 317 us (50%) 369 us (75%) 414 us (95%) 429 us (99%).
I1126 18:05:23.344450 1066214 AriaExecutor.h:621] Worker 3 latency: 317 us (50%) 368 us (75%) 413 us (95%) 428 us (99%).
I1126 18:05:23.500304 1066214 AriaExecutor.h:621] Worker 4 latency: 319 us (50%) 369 us (75%) 414 us (95%) 429 us (99%).
I1126 18:05:23.655045 1066214 AriaExecutor.h:621] Worker 5 latency: 315 us (50%) 367 us (75%) 413 us (95%) 427 us (99%).
I1126 18:05:23.810557 1066214 AriaExecutor.h:621] Worker 6 latency: 322 us (50%) 371 us (75%) 415 us (95%) 429 us (99%).
I1126 18:05:23.961679 1066214 AriaExecutor.h:621] Worker 7 latency: 318 us (50%) 369 us (75%) 413 us (95%) 428 us (99%).
I1126 18:05:24.115500 1066214 AriaExecutor.h:621] Worker 8 latency: 321 us (50%) 371 us (75%) 415 us (95%) 429 us (99%).
I1126 18:05:24.269867 1066214 AriaExecutor.h:621] Worker 9 latency: 319 us (50%) 369 us (75%) 413 us (95%) 428 us (99%).
I1126 18:05:24.428602 1066214 AriaExecutor.h:621] Worker 10 latency: 321 us (50%) 371 us (75%) 415 us (95%) 429 us (99%).
I1126 18:05:24.576555 1066214 AriaExecutor.h:621] Worker 11 latency: 319 us (50%) 369 us (75%) 414 us (95%) 428 us (99%).
I1126 18:05:24.730477 1066214 Coordinator.h:177] total commit: 2.05568e+06
I1126 18:05:25.730588 1066214 Coordinator.h:192] Coordinator exits.
