I0911 23:33:52.397842 2948030 Database.h:65] ycsb initialization finished in 191 milliseconds.
I0911 23:33:52.397965 2948030 Coordinator.h:30] Coordinator initializes 16 workers.
I0911 23:33:52.413245 2948030 Coordinator.h:77] Coordinator starts to run 17 workers.
I0911 23:33:52.413311 2948050 AriaExecutor.h:82] AriaExecutor 0 started. 
I0911 23:33:52.413343 2948051 AriaExecutor.h:82] AriaExecutor 1 started. 
I0911 23:33:52.413383 2948052 AriaExecutor.h:82] AriaExecutor 2 started. 
I0911 23:33:52.413435 2948053 AriaExecutor.h:82] AriaExecutor 3 started. 
I0911 23:33:52.413458 2948054 AriaExecutor.h:82] AriaExecutor 4 started. 
I0911 23:33:52.413501 2948055 AriaExecutor.h:82] AriaExecutor 5 started. 
I0911 23:33:52.413543 2948056 AriaExecutor.h:82] AriaExecutor 6 started. 
I0911 23:33:52.413581 2948057 AriaExecutor.h:82] AriaExecutor 7 started. 
I0911 23:33:52.413614 2948058 AriaExecutor.h:82] AriaExecutor 8 started. 
I0911 23:33:52.413664 2948059 AriaExecutor.h:82] AriaExecutor 9 started. 
I0911 23:33:52.413698 2948060 AriaExecutor.h:82] AriaExecutor 10 started. 
I0911 23:33:52.413738 2948061 AriaExecutor.h:82] AriaExecutor 11 started. 
I0911 23:33:52.413779 2948062 AriaExecutor.h:82] AriaExecutor 12 started. 
I0911 23:33:52.413825 2948063 AriaExecutor.h:82] AriaExecutor 13 started. 
I0911 23:33:52.413856 2948064 AriaExecutor.h:82] AriaExecutor 14 started. 
I0911 23:33:52.413897 2948065 AriaExecutor.h:82] AriaExecutor 15 started. 
I0911 23:33:52.413933 2948066 Manager.h:224] Manager(worker id = 16) on the coordinator node started.
I0911 23:33:53.413985 2948030 Coordinator.h:126] commit: 1318065 abort: 2895 (0/2895/0), network size: 0, avg network size: 0, si_in_serializable: 0 0 %, local: 0 %
I0911 23:33:54.414089 2948030 Coordinator.h:126] commit: 1315972 abort: 2940 (0/2940/0), network size: 0, avg network size: 0, si_in_serializable: 0 0 %, local: 0 %
I0911 23:33:55.414165 2948030 Coordinator.h:126] commit: 1268996 abort: 2812 (0/2812/0), network size: 0, avg network size: 0, si_in_serializable: 0 0 %, local: 0 %
I0911 23:33:56.414247 2948030 Coordinator.h:126] commit: 1275103 abort: 2849 (0/2849/0), network size: 0, avg network size: 0, si_in_serializable: 0 0 %, local: 0 %
I0911 23:33:57.414348 2948030 Coordinator.h:126] commit: 1326284 abort: 2868 (0/2868/0), network size: 0, avg network size: 0, si_in_serializable: 0 0 %, local: 0 %
I0911 23:33:58.414433 2948030 Coordinator.h:126] commit: 1332361 abort: 2935 (0/2935/0), network size: 0, avg network size: 0, si_in_serializable: 0 0 %, local: 0 %
I0911 23:33:59.414510 2948030 Coordinator.h:126] commit: 1318035 abort: 2925 (0/2925/0), network size: 0, avg network size: 0, si_in_serializable: 0 0 %, local: 0 %
I0911 23:34:00.414585 2948030 Coordinator.h:126] commit: 1332233 abort: 3063 (0/3063/0), network size: 0, avg network size: 0, si_in_serializable: 0 0 %, local: 0 %
I0911 23:34:01.414656 2948030 Coordinator.h:126] commit: 1332370 abort: 2926 (0/2926/0), network size: 0, avg network size: 0, si_in_serializable: 0 0 %, local: 0 %
I0911 23:34:02.414728 2948030 Coordinator.h:126] commit: 1334322 abort: 3022 (0/3022/0), network size: 0, avg network size: 0, si_in_serializable: 0 0 %, local: 0 %
I0911 23:34:03.414800 2948030 Coordinator.h:126] commit: 1334432 abort: 2912 (0/2912/0), network size: 0, avg network size: 0, si_in_serializable: 0 0 %, local: 0 %
I0911 23:34:04.414873 2948030 Coordinator.h:126] commit: 1295571 abort: 2861 (0/2861/0), network size: 0, avg network size: 0, si_in_serializable: 0 0 %, local: 0 %
I0911 23:34:05.414947 2948030 Coordinator.h:126] commit: 1303769 abort: 2855 (0/2855/0), network size: 0, avg network size: 0, si_in_serializable: 0 0 %, local: 0 %
I0911 23:34:06.415019 2948030 Coordinator.h:126] commit: 1295535 abort: 2897 (0/2897/0), network size: 0, avg network size: 0, si_in_serializable: 0 0 %, local: 0 %
I0911 23:34:07.415113 2948030 Coordinator.h:126] commit: 1326175 abort: 2977 (0/2977/0), network size: 0, avg network size: 0, si_in_serializable: 0 0 %, local: 0 %
I0911 23:34:08.415198 2948030 Coordinator.h:126] commit: 1334406 abort: 2938 (0/2938/0), network size: 0, avg network size: 0, si_in_serializable: 0 0 %, local: 0 %
I0911 23:34:09.415272 2948030 Coordinator.h:126] commit: 1334315 abort: 3029 (0/3029/0), network size: 0, avg network size: 0, si_in_serializable: 0 0 %, local: 0 %
I0911 23:34:10.415350 2948030 Coordinator.h:126] commit: 1330339 abort: 2909 (0/2909/0), network size: 0, avg network size: 0, si_in_serializable: 0 0 %, local: 0 %
I0911 23:34:11.415422 2948030 Coordinator.h:126] commit: 1334338 abort: 3006 (0/3006/0), network size: 0, avg network size: 0, si_in_serializable: 0 0 %, local: 0 %
I0911 23:34:12.415495 2948030 Coordinator.h:126] commit: 1334420 abort: 2924 (0/2924/0), network size: 0, avg network size: 0, si_in_serializable: 0 0 %, local: 0 %
I0911 23:34:13.415567 2948030 Coordinator.h:126] commit: 1332430 abort: 2866 (0/2866/0), network size: 0, avg network size: 0, si_in_serializable: 0 0 %, local: 0 %
I0911 23:34:14.415638 2948030 Coordinator.h:126] commit: 1332242 abort: 3054 (0/3054/0), network size: 0, avg network size: 0, si_in_serializable: 0 0 %, local: 0 %
I0911 23:34:15.415709 2948030 Coordinator.h:126] commit: 1332221 abort: 3075 (0/3075/0), network size: 0, avg network size: 0, si_in_serializable: 0 0 %, local: 0 %
I0911 23:34:16.415783 2948030 Coordinator.h:126] commit: 1334418 abort: 2926 (0/2926/0), network size: 0, avg network size: 0, si_in_serializable: 0 0 %, local: 0 %
I0911 23:34:17.415858 2948030 Coordinator.h:126] commit: 1334414 abort: 2930 (0/2930/0), network size: 0, avg network size: 0, si_in_serializable: 0 0 %, local: 0 %
I0911 23:34:17.415869 2948030 Coordinator.h:152] average commit: 1.32233e+06 abort: 2930.8 (0/2930.8/0), network size: 0, avg network size: 0, si_in_serializable: 0 0 %, local: 0 %
I0911 23:34:17.416983 2948060 AriaExecutor.h:94] AriaExecutor 10 exits. 
I0911 23:34:17.416985 2948064 AriaExecutor.h:94] AriaExecutor 14 exits. 
I0911 23:34:17.416990 2948062 AriaExecutor.h:94] AriaExecutor 12 exits. 
I0911 23:34:17.416985 2948056 AriaExecutor.h:94] AriaExecutor 6 exits. 
I0911 23:34:17.416990 2948050 AriaExecutor.h:94] AriaExecutor 0 exits. 
I0911 23:34:17.416994 2948066 Manager.h:227] Manager(worker id = 16) on the coordinator node exits.
I0911 23:34:17.416990 2948052 AriaExecutor.h:94] AriaExecutor 2 exits. 
I0911 23:34:17.416990 2948054 AriaExecutor.h:94] AriaExecutor 4 exits. 
I0911 23:34:17.416990 2948058 AriaExecutor.h:94] AriaExecutor 8 exits. 
I0911 23:34:17.417001 2948051 AriaExecutor.h:94] AriaExecutor 1 exits. 
I0911 23:34:17.417001 2948065 AriaExecutor.h:94] AriaExecutor 15 exits. 
I0911 23:34:17.417004 2948057 AriaExecutor.h:94] AriaExecutor 7 exits. 
I0911 23:34:17.417004 2948061 AriaExecutor.h:94] AriaExecutor 11 exits. 
I0911 23:34:17.417006 2948053 AriaExecutor.h:94] AriaExecutor 3 exits. 
I0911 23:34:17.417006 2948063 AriaExecutor.h:94] AriaExecutor 13 exits. 
I0911 23:34:17.417003 2948059 AriaExecutor.h:94] AriaExecutor 9 exits. 
I0911 23:34:17.417001 2948055 AriaExecutor.h:94] AriaExecutor 5 exits. 
I0911 23:34:17.415877 2948030 AriaExecutor.h:641] Worker 0 latency: 875 us (50%) 1176 us (75%) 1419 us (95%) 1470 us (99%).
I0911 23:34:17.499363 2948030 AriaExecutor.h:641] Worker 1 latency: 875 us (50%) 1175 us (75%) 1417 us (95%) 1469 us (99%).
I0911 23:34:17.593788 2948030 AriaExecutor.h:641] Worker 2 latency: 880 us (50%) 1179 us (75%) 1419 us (95%) 1470 us (99%).
I0911 23:34:17.679263 2948030 AriaExecutor.h:641] Worker 3 latency: 876 us (50%) 1176 us (75%) 1417 us (95%) 1469 us (99%).
I0911 23:34:17.771510 2948030 AriaExecutor.h:641] Worker 4 latency: 877 us (50%) 1177 us (75%) 1419 us (95%) 1470 us (99%).
I0911 23:34:17.855597 2948030 AriaExecutor.h:641] Worker 5 latency: 873 us (50%) 1174 us (75%) 1417 us (95%) 1469 us (99%).
I0911 23:34:17.948287 2948030 AriaExecutor.h:641] Worker 6 latency: 881 us (50%) 1179 us (75%) 1419 us (95%) 1470 us (99%).
I0911 23:34:18.032629 2948030 AriaExecutor.h:641] Worker 7 latency: 875 us (50%) 1175 us (75%) 1417 us (95%) 1469 us (99%).
I0911 23:34:18.125756 2948030 AriaExecutor.h:641] Worker 8 latency: 876 us (50%) 1176 us (75%) 1418 us (95%) 1470 us (99%).
I0911 23:34:18.209874 2948030 AriaExecutor.h:641] Worker 9 latency: 873 us (50%) 1174 us (75%) 1416 us (95%) 1469 us (99%).
I0911 23:34:18.302065 2948030 AriaExecutor.h:641] Worker 10 latency: 880 us (50%) 1178 us (75%) 1419 us (95%) 1470 us (99%).
I0911 23:34:18.384894 2948030 AriaExecutor.h:641] Worker 11 latency: 875 us (50%) 1175 us (75%) 1417 us (95%) 1469 us (99%).
I0911 23:34:18.478475 2948030 AriaExecutor.h:641] Worker 12 latency: 881 us (50%) 1179 us (75%) 1419 us (95%) 1470 us (99%).
I0911 23:34:18.563707 2948030 AriaExecutor.h:641] Worker 13 latency: 873 us (50%) 1174 us (75%) 1416 us (95%) 1468 us (99%).
I0911 23:34:18.656405 2948030 AriaExecutor.h:641] Worker 14 latency: 881 us (50%) 1179 us (75%) 1419 us (95%) 1470 us (99%).
I0911 23:34:18.739780 2948030 AriaExecutor.h:641] Worker 15 latency: 877 us (50%) 1175 us (75%) 1417 us (95%) 1469 us (99%).
I0911 23:34:18.832896 2948030 Coordinator.h:177] total commit: 1.32233e+06
I0911 23:34:19.833015 2948030 Coordinator.h:192] Coordinator exits.
