I0912 00:03:02.993752 2953499 Database.h:65] ycsb initialization finished in 145 milliseconds.
I0912 00:03:02.993871 2953499 Coordinator.h:30] Coordinator initializes 16 workers.
I0912 00:03:03.009207 2953499 Coordinator.h:77] Coordinator starts to run 17 workers.
I0912 00:03:03.009267 2953520 AriaExecutor.h:82] AriaExecutor 0 started. 
I0912 00:03:03.009303 2953521 AriaExecutor.h:82] AriaExecutor 1 started. 
I0912 00:03:03.009338 2953522 AriaExecutor.h:82] AriaExecutor 2 started. 
I0912 00:03:03.009399 2953523 AriaExecutor.h:82] AriaExecutor 3 started. 
I0912 00:03:03.009428 2953524 AriaExecutor.h:82] AriaExecutor 4 started. 
I0912 00:03:03.009469 2953525 AriaExecutor.h:82] AriaExecutor 5 started. 
I0912 00:03:03.009509 2953526 AriaExecutor.h:82] AriaExecutor 6 started. 
I0912 00:03:03.009549 2953527 AriaExecutor.h:82] AriaExecutor 7 started. 
I0912 00:03:03.009579 2953528 AriaExecutor.h:82] AriaExecutor 8 started. 
I0912 00:03:03.009634 2953529 AriaExecutor.h:82] AriaExecutor 9 started. 
I0912 00:03:03.009667 2953530 AriaExecutor.h:82] AriaExecutor 10 started. 
I0912 00:03:03.009711 2953531 AriaExecutor.h:82] AriaExecutor 11 started. 
I0912 00:03:03.009742 2953532 AriaExecutor.h:82] AriaExecutor 12 started. 
I0912 00:03:03.009783 2953533 AriaExecutor.h:82] AriaExecutor 13 started. 
I0912 00:03:03.009819 2953534 AriaExecutor.h:82] AriaExecutor 14 started. 
I0912 00:03:03.009874 2953535 AriaExecutor.h:82] AriaExecutor 15 started. 
I0912 00:03:03.009910 2953536 Manager.h:224] Manager(worker id = 16) on the coordinator node started.
I0912 00:03:04.009953 2953499 Coordinator.h:126] commit: 1135803 abort: 183109 (0/183109/0), network size: 0, avg network size: 0, si_in_serializable: 0 0 %, local: 0 %
I0912 00:03:05.010037 2953499 Coordinator.h:126] commit: 1123256 abort: 181320 (0/181320/0), network size: 0, avg network size: 0, si_in_serializable: 0 0 %, local: 0 %
I0912 00:03:06.010103 2953499 Coordinator.h:126] commit: 1096777 abort: 177079 (0/177079/0), network size: 0, avg network size: 0, si_in_serializable: 0 0 %, local: 0 %
I0912 00:03:07.010166 2953499 Coordinator.h:126] commit: 1086508 abort: 175060 (0/175060/0), network size: 0, avg network size: 0, si_in_serializable: 0 0 %, local: 0 %
I0912 00:03:08.010255 2953499 Coordinator.h:126] commit: 1139023 abort: 183985 (0/183985/0), network size: 0, avg network size: 0, si_in_serializable: 0 0 %, local: 0 %
I0912 00:03:09.010319 2953499 Coordinator.h:126] commit: 1143103 abort: 186049 (0/186049/0), network size: 0, avg network size: 0, si_in_serializable: 0 0 %, local: 0 %
I0912 00:03:10.010388 2953499 Coordinator.h:126] commit: 1141766 abort: 185338 (0/185338/0), network size: 0, avg network size: 0, si_in_serializable: 0 0 %, local: 0 %
I0912 00:03:11.010447 2953499 Coordinator.h:126] commit: 1096656 abort: 177200 (0/177200/0), network size: 0, avg network size: 0, si_in_serializable: 0 0 %, local: 0 %
I0912 00:03:12.010517 2953499 Coordinator.h:126] commit: 1144662 abort: 184490 (0/184490/0), network size: 0, avg network size: 0, si_in_serializable: 0 0 %, local: 0 %
I0912 00:03:13.010578 2953499 Coordinator.h:126] commit: 1124648 abort: 181976 (0/181976/0), network size: 0, avg network size: 0, si_in_serializable: 0 0 %, local: 0 %
I0912 00:03:14.010639 2953499 Coordinator.h:126] commit: 1142801 abort: 184303 (0/184303/0), network size: 0, avg network size: 0, si_in_serializable: 0 0 %, local: 0 %
I0912 00:03:15.010701 2953499 Coordinator.h:126] commit: 1110513 abort: 179727 (0/179727/0), network size: 0, avg network size: 0, si_in_serializable: 0 0 %, local: 0 %
I0912 00:03:16.010766 2953499 Coordinator.h:126] commit: 1143752 abort: 185400 (0/185400/0), network size: 0, avg network size: 0, si_in_serializable: 0 0 %, local: 0 %
I0912 00:03:17.010824 2953499 Coordinator.h:126] commit: 1126737 abort: 181935 (0/181935/0), network size: 0, avg network size: 0, si_in_serializable: 0 0 %, local: 0 %
I0912 00:03:18.010887 2953499 Coordinator.h:126] commit: 1075230 abort: 173799 (0/173799/0), network size: 0, avg network size: 0, si_in_serializable: 0 0 %, local: 0 %
I0912 00:03:19.010980 2953499 Coordinator.h:126] commit: 1135300 abort: 183863 (0/183863/0), network size: 0, avg network size: 0, si_in_serializable: 0 0 %, local: 0 %
I0912 00:03:20.011054 2953499 Coordinator.h:126] commit: 1141905 abort: 185199 (0/185199/0), network size: 0, avg network size: 0, si_in_serializable: 0 0 %, local: 0 %
I0912 00:03:21.011128 2953499 Coordinator.h:126] commit: 1143983 abort: 185169 (0/185169/0), network size: 0, avg network size: 0, si_in_serializable: 0 0 %, local: 0 %
I0912 00:03:22.011201 2953499 Coordinator.h:126] commit: 1144798 abort: 184354 (0/184354/0), network size: 0, avg network size: 0, si_in_serializable: 0 0 %, local: 0 %
I0912 00:03:23.011273 2953499 Coordinator.h:126] commit: 1142024 abort: 185080 (0/185080/0), network size: 0, avg network size: 0, si_in_serializable: 0 0 %, local: 0 %
I0912 00:03:24.011348 2953499 Coordinator.h:126] commit: 1141997 abort: 185107 (0/185107/0), network size: 0, avg network size: 0, si_in_serializable: 0 0 %, local: 0 %
I0912 00:03:25.011420 2953499 Coordinator.h:126] commit: 1140578 abort: 184478 (0/184478/0), network size: 0, avg network size: 0, si_in_serializable: 0 0 %, local: 0 %
I0912 00:03:26.011493 2953499 Coordinator.h:126] commit: 1144028 abort: 185124 (0/185124/0), network size: 0, avg network size: 0, si_in_serializable: 0 0 %, local: 0 %
I0912 00:03:27.011565 2953499 Coordinator.h:126] commit: 1140528 abort: 184528 (0/184528/0), network size: 0, avg network size: 0, si_in_serializable: 0 0 %, local: 0 %
I0912 00:03:28.011641 2953499 Coordinator.h:126] commit: 1142240 abort: 184919 (0/184919/0), network size: 0, avg network size: 0, si_in_serializable: 0 0 %, local: 0 %
I0912 00:03:28.011653 2953499 Coordinator.h:152] average commit: 1.1307e+06 abort: 182883 (0/182883/0), network size: 0, avg network size: 0, si_in_serializable: 0 0 %, local: 0 %
I0912 00:03:28.011691 2953524 AriaExecutor.h:94] AriaExecutor 4 exits. 
I0912 00:03:28.011691 2953532 AriaExecutor.h:94] AriaExecutor 12 exits. 
I0912 00:03:28.011696 2953528 AriaExecutor.h:94] AriaExecutor 8 exits. 
I0912 00:03:28.011693 2953522 AriaExecutor.h:94] AriaExecutor 2 exits. 
I0912 00:03:28.011720 2953523 AriaExecutor.h:94] AriaExecutor 3 exits. 
I0912 00:03:28.011693 2953526 AriaExecutor.h:94] AriaExecutor 6 exits. 
I0912 00:03:28.011708 2953529 AriaExecutor.h:94] AriaExecutor 9 exits. 
I0912 00:03:28.011708 2953527 AriaExecutor.h:94] AriaExecutor 7 exits. 
I0912 00:03:28.011694 2953534 AriaExecutor.h:94] AriaExecutor 14 exits. 
I0912 00:03:28.011695 2953530 AriaExecutor.h:94] AriaExecutor 10 exits. 
I0912 00:03:28.011710 2953531 AriaExecutor.h:94] AriaExecutor 11 exits. 
I0912 00:03:28.011709 2953521 AriaExecutor.h:94] AriaExecutor 1 exits. 
I0912 00:03:28.011710 2953533 AriaExecutor.h:94] AriaExecutor 13 exits. 
I0912 00:03:28.011720 2953535 AriaExecutor.h:94] AriaExecutor 15 exits. 
I0912 00:03:28.011721 2953525 AriaExecutor.h:94] AriaExecutor 5 exits. 
I0912 00:03:28.011694 2953520 AriaExecutor.h:94] AriaExecutor 0 exits. 
I0912 00:03:28.011695 2953536 Manager.h:227] Manager(worker id = 16) on the coordinator node exits.
I0912 00:03:28.011664 2953499 AriaExecutor.h:641] Worker 0 latency: 927 us (50%) 1219 us (75%) 1438 us (95%) 1484 us (99%).
I0912 00:03:28.084759 2953499 AriaExecutor.h:641] Worker 1 latency: 926 us (50%) 1217 us (75%) 1436 us (95%) 1482 us (99%).
I0912 00:03:28.165668 2953499 AriaExecutor.h:641] Worker 2 latency: 932 us (50%) 1221 us (75%) 1438 us (95%) 1484 us (99%).
I0912 00:03:28.239183 2953499 AriaExecutor.h:641] Worker 3 latency: 925 us (50%) 1217 us (75%) 1436 us (95%) 1482 us (99%).
I0912 00:03:28.321818 2953499 AriaExecutor.h:641] Worker 4 latency: 929 us (50%) 1220 us (75%) 1438 us (95%) 1484 us (99%).
I0912 00:03:28.394718 2953499 AriaExecutor.h:641] Worker 5 latency: 924 us (50%) 1216 us (75%) 1436 us (95%) 1482 us (99%).
I0912 00:03:28.477409 2953499 AriaExecutor.h:641] Worker 6 latency: 931 us (50%) 1221 us (75%) 1438 us (95%) 1484 us (99%).
I0912 00:03:28.550158 2953499 AriaExecutor.h:641] Worker 7 latency: 926 us (50%) 1217 us (75%) 1435 us (95%) 1482 us (99%).
I0912 00:03:28.632874 2953499 AriaExecutor.h:641] Worker 8 latency: 928 us (50%) 1218 us (75%) 1438 us (95%) 1484 us (99%).
I0912 00:03:28.705466 2953499 AriaExecutor.h:641] Worker 9 latency: 923 us (50%) 1215 us (75%) 1435 us (95%) 1482 us (99%).
I0912 00:03:28.787503 2953499 AriaExecutor.h:641] Worker 10 latency: 932 us (50%) 1220 us (75%) 1437 us (95%) 1483 us (99%).
I0912 00:03:28.860780 2953499 AriaExecutor.h:641] Worker 11 latency: 926 us (50%) 1217 us (75%) 1435 us (95%) 1482 us (99%).
I0912 00:03:28.942548 2953499 AriaExecutor.h:641] Worker 12 latency: 930 us (50%) 1219 us (75%) 1437 us (95%) 1484 us (99%).
I0912 00:03:29.016188 2953499 AriaExecutor.h:641] Worker 13 latency: 922 us (50%) 1214 us (75%) 1435 us (95%) 1482 us (99%).
I0912 00:03:29.098732 2953499 AriaExecutor.h:641] Worker 14 latency: 933 us (50%) 1220 us (75%) 1437 us (95%) 1484 us (99%).
I0912 00:03:29.171736 2953499 AriaExecutor.h:641] Worker 15 latency: 926 us (50%) 1216 us (75%) 1435 us (95%) 1482 us (99%).
I0912 00:03:29.252020 2953499 Coordinator.h:177] total commit: 1.1307e+06
I0912 00:03:30.252141 2953499 Coordinator.h:192] Coordinator exits.
