I0911 22:35:06.686058 2936574 Database.h:65] ycsb initialization finished in 149 milliseconds.
I0911 22:35:06.686174 2936574 Coordinator.h:30] Coordinator initializes 16 workers.
I0911 22:35:06.694454 2936574 Coordinator.h:77] Coordinator starts to run 17 workers.
I0911 22:35:06.694507 2936594 AriaExecutor.h:82] AriaExecutor 0 started. 
I0911 22:35:06.694542 2936595 AriaExecutor.h:82] AriaExecutor 1 started. 
I0911 22:35:06.694586 2936596 AriaExecutor.h:82] AriaExecutor 2 started. 
I0911 22:35:06.694638 2936597 AriaExecutor.h:82] AriaExecutor 3 started. 
I0911 22:35:06.694665 2936598 AriaExecutor.h:82] AriaExecutor 4 started. 
I0911 22:35:06.694717 2936599 AriaExecutor.h:82] AriaExecutor 5 started. 
I0911 22:35:06.694754 2936600 AriaExecutor.h:82] AriaExecutor 6 started. 
I0911 22:35:06.694797 2936601 AriaExecutor.h:82] AriaExecutor 7 started. 
I0911 22:35:06.694828 2936602 AriaExecutor.h:82] AriaExecutor 8 started. 
I0911 22:35:06.694868 2936603 AriaExecutor.h:82] AriaExecutor 9 started. 
I0911 22:35:06.694904 2936604 AriaExecutor.h:82] AriaExecutor 10 started. 
I0911 22:35:06.694953 2936605 AriaExecutor.h:82] AriaExecutor 11 started. 
I0911 22:35:06.694986 2936606 AriaExecutor.h:82] AriaExecutor 12 started. 
I0911 22:35:06.695029 2936607 AriaExecutor.h:82] AriaExecutor 13 started. 
I0911 22:35:06.695067 2936608 AriaExecutor.h:82] AriaExecutor 14 started. 
I0911 22:35:06.695111 2936609 AriaExecutor.h:82] AriaExecutor 15 started. 
I0911 22:35:06.695145 2936610 Manager.h:224] Manager(worker id = 16) on the coordinator node started.
I0911 22:35:07.695194 2936574 Coordinator.h:126] commit: 1268709 abort: 8219 (0/8219/0), network size: 0, avg network size: 0, si_in_serializable: 0 0 %, local: 0 %
I0911 22:35:08.695304 2936574 Coordinator.h:126] commit: 1255519 abort: 8097 (0/8097/0), network size: 0, avg network size: 0, si_in_serializable: 0 0 %, local: 0 %
I0911 22:35:09.695384 2936574 Coordinator.h:126] commit: 1218821 abort: 7931 (0/7931/0), network size: 0, avg network size: 0, si_in_serializable: 0 0 %, local: 0 %
I0911 22:35:10.695459 2936574 Coordinator.h:126] commit: 1221893 abort: 7931 (0/7931/0), network size: 0, avg network size: 0, si_in_serializable: 0 0 %, local: 0 %
I0911 22:35:11.695554 2936574 Coordinator.h:126] commit: 1269756 abort: 8196 (0/8196/0), network size: 0, avg network size: 0, si_in_serializable: 0 0 %, local: 0 %
I0911 22:35:12.695633 2936574 Coordinator.h:126] commit: 1279006 abort: 8162 (0/8162/0), network size: 0, avg network size: 0, si_in_serializable: 0 0 %, local: 0 %
I0911 22:35:13.695704 2936574 Coordinator.h:126] commit: 1256463 abort: 8177 (0/8177/0), network size: 0, avg network size: 0, si_in_serializable: 0 0 %, local: 0 %
I0911 22:35:14.695780 2936574 Coordinator.h:126] commit: 1271824 abort: 8176 (0/8176/0), network size: 0, avg network size: 0, si_in_serializable: 0 0 %, local: 0 %
I0911 22:35:15.695863 2936574 Coordinator.h:126] commit: 1277738 abort: 8406 (0/8406/0), network size: 0, avg network size: 0, si_in_serializable: 0 0 %, local: 0 %
I0911 22:35:16.695945 2936574 Coordinator.h:126] commit: 1277924 abort: 8220 (0/8220/0), network size: 0, avg network size: 0, si_in_serializable: 0 0 %, local: 0 %
I0911 22:35:17.696023 2936574 Coordinator.h:126] commit: 1278715 abort: 8453 (0/8453/0), network size: 0, avg network size: 0, si_in_serializable: 0 0 %, local: 0 %
I0911 22:35:18.696102 2936574 Coordinator.h:126] commit: 1245436 abort: 7940 (0/7940/0), network size: 0, avg network size: 0, si_in_serializable: 0 0 %, local: 0 %
I0911 22:35:19.696183 2936574 Coordinator.h:126] commit: 1279044 abort: 8124 (0/8124/0), network size: 0, avg network size: 0, si_in_serializable: 0 0 %, local: 0 %
I0911 22:35:20.696265 2936574 Coordinator.h:126] commit: 1180217 abort: 7623 (0/7623/0), network size: 0, avg network size: 0, si_in_serializable: 0 0 %, local: 0 %
I0911 22:35:21.696363 2936574 Coordinator.h:126] commit: 1270663 abort: 8313 (0/8313/0), network size: 0, avg network size: 0, si_in_serializable: 0 0 %, local: 0 %
I0911 22:35:22.696449 2936574 Coordinator.h:126] commit: 1277899 abort: 8245 (0/8245/0), network size: 0, avg network size: 0, si_in_serializable: 0 0 %, local: 0 %
I0911 22:35:23.696529 2936574 Coordinator.h:126] commit: 1277955 abort: 8189 (0/8189/0), network size: 0, avg network size: 0, si_in_serializable: 0 0 %, local: 0 %
I0911 22:35:24.696610 2936574 Coordinator.h:126] commit: 1277800 abort: 8344 (0/8344/0), network size: 0, avg network size: 0, si_in_serializable: 0 0 %, local: 0 %
I0911 22:35:25.696689 2936574 Coordinator.h:126] commit: 1277964 abort: 8180 (0/8180/0), network size: 0, avg network size: 0, si_in_serializable: 0 0 %, local: 0 %
I0911 22:35:26.696770 2936574 Coordinator.h:126] commit: 1275925 abort: 8171 (0/8171/0), network size: 0, avg network size: 0, si_in_serializable: 0 0 %, local: 0 %
I0911 22:35:27.696851 2936574 Coordinator.h:126] commit: 1276804 abort: 8316 (0/8316/0), network size: 0, avg network size: 0, si_in_serializable: 0 0 %, local: 0 %
I0911 22:35:28.696938 2936574 Coordinator.h:126] commit: 1277883 abort: 8261 (0/8261/0), network size: 0, avg network size: 0, si_in_serializable: 0 0 %, local: 0 %
I0911 22:35:29.697017 2936574 Coordinator.h:126] commit: 1276799 abort: 8321 (0/8321/0), network size: 0, avg network size: 0, si_in_serializable: 0 0 %, local: 0 %
I0911 22:35:30.697099 2936574 Coordinator.h:126] commit: 1275881 abort: 8215 (0/8215/0), network size: 0, avg network size: 0, si_in_serializable: 0 0 %, local: 0 %
I0911 22:35:31.697185 2936574 Coordinator.h:126] commit: 1276836 abort: 8284 (0/8284/0), network size: 0, avg network size: 0, si_in_serializable: 0 0 %, local: 0 %
I0911 22:35:31.697211 2936574 Coordinator.h:152] average commit: 1.26416e+06 abort: 8158.2 (0/8158.2/0), network size: 0, avg network size: 0, si_in_serializable: 0 0 %, local: 0 %
I0911 22:35:31.697314 2936602 AriaExecutor.h:94] AriaExecutor 8 exits. 
I0911 22:35:31.697320 2936594 AriaExecutor.h:94] AriaExecutor 0 exits. 
I0911 22:35:31.697314 2936596 AriaExecutor.h:94] AriaExecutor 2 exits. 
I0911 22:35:31.697320 2936608 AriaExecutor.h:94] AriaExecutor 14 exits. 
I0911 22:35:31.697321 2936610 Manager.h:227] Manager(worker id = 16) on the coordinator node exits.
I0911 22:35:31.697329 2936600 AriaExecutor.h:94] AriaExecutor 6 exits. 
I0911 22:35:31.697321 2936606 AriaExecutor.h:94] AriaExecutor 12 exits. 
I0911 22:35:31.697329 2936597 AriaExecutor.h:94] AriaExecutor 3 exits. 
I0911 22:35:31.697329 2936605 AriaExecutor.h:94] AriaExecutor 11 exits. 
I0911 22:35:31.697315 2936598 AriaExecutor.h:94] AriaExecutor 4 exits. 
I0911 22:35:31.697330 2936595 AriaExecutor.h:94] AriaExecutor 1 exits. 
I0911 22:35:31.697320 2936604 AriaExecutor.h:94] AriaExecutor 10 exits. 
I0911 22:35:31.697331 2936607 AriaExecutor.h:94] AriaExecutor 13 exits. 
I0911 22:35:31.697331 2936609 AriaExecutor.h:94] AriaExecutor 15 exits. 
I0911 22:35:31.697335 2936599 AriaExecutor.h:94] AriaExecutor 5 exits. 
I0911 22:35:31.697333 2936601 AriaExecutor.h:94] AriaExecutor 7 exits. 
I0911 22:35:31.697331 2936603 AriaExecutor.h:94] AriaExecutor 9 exits. 
I0911 22:35:31.697220 2936574 AriaExecutor.h:535] Worker 0 latency: 455 us (50%) 613 us (75%) 738 us (95%) 764 us (99%).
I0911 22:35:31.774848 2936574 AriaExecutor.h:535] Worker 1 latency: 452 us (50%) 610 us (75%) 737 us (95%) 763 us (99%).
I0911 22:35:31.862643 2936574 AriaExecutor.h:535] Worker 2 latency: 458 us (50%) 614 us (75%) 738 us (95%) 764 us (99%).
I0911 22:35:31.940186 2936574 AriaExecutor.h:535] Worker 3 latency: 452 us (50%) 610 us (75%) 737 us (95%) 764 us (99%).
I0911 22:35:32.025717 2936574 AriaExecutor.h:535] Worker 4 latency: 457 us (50%) 614 us (75%) 738 us (95%) 764 us (99%).
I0911 22:35:32.102716 2936574 AriaExecutor.h:535] Worker 5 latency: 452 us (50%) 610 us (75%) 737 us (95%) 763 us (99%).
I0911 22:35:32.189805 2936574 AriaExecutor.h:535] Worker 6 latency: 458 us (50%) 614 us (75%) 738 us (95%) 764 us (99%).
I0911 22:35:32.268186 2936574 AriaExecutor.h:535] Worker 7 latency: 452 us (50%) 610 us (75%) 737 us (95%) 764 us (99%).
I0911 22:35:32.357455 2936574 AriaExecutor.h:535] Worker 8 latency: 455 us (50%) 612 us (75%) 738 us (95%) 764 us (99%).
I0911 22:35:32.434774 2936574 AriaExecutor.h:535] Worker 9 latency: 452 us (50%) 609 us (75%) 736 us (95%) 763 us (99%).
I0911 22:35:32.520576 2936574 AriaExecutor.h:535] Worker 10 latency: 457 us (50%) 613 us (75%) 738 us (95%) 764 us (99%).
I0911 22:35:32.599428 2936574 AriaExecutor.h:535] Worker 11 latency: 452 us (50%) 610 us (75%) 736 us (95%) 763 us (99%).
I0911 22:35:32.686102 2936574 AriaExecutor.h:535] Worker 12 latency: 456 us (50%) 613 us (75%) 738 us (95%) 764 us (99%).
I0911 22:35:32.762334 2936574 AriaExecutor.h:535] Worker 13 latency: 452 us (50%) 609 us (75%) 736 us (95%) 763 us (99%).
I0911 22:35:32.847818 2936574 AriaExecutor.h:535] Worker 14 latency: 458 us (50%) 613 us (75%) 738 us (95%) 764 us (99%).
I0911 22:35:32.926987 2936574 AriaExecutor.h:535] Worker 15 latency: 453 us (50%) 610 us (75%) 736 us (95%) 763 us (99%).
I0911 22:35:33.014017 2936574 Coordinator.h:177] total commit: 1.26416e+06
I0911 22:35:34.014127 2936574 Coordinator.h:192] Coordinator exits.
