I0911 22:51:04.041577 2939696 Database.h:65] ycsb initialization finished in 148 milliseconds.
I0911 22:51:04.041689 2939696 Coordinator.h:30] Coordinator initializes 16 workers.
I0911 22:51:04.162514 2939696 Coordinator.h:77] Coordinator starts to run 17 workers.
I0911 22:51:04.162570 2939716 AriaExecutor.h:82] AriaExecutor 0 started. 
I0911 22:51:04.162608 2939717 AriaExecutor.h:82] AriaExecutor 1 started. 
I0911 22:51:04.162652 2939718 AriaExecutor.h:82] AriaExecutor 2 started. 
I0911 22:51:04.162698 2939719 AriaExecutor.h:82] AriaExecutor 3 started. 
I0911 22:51:04.162732 2939720 AriaExecutor.h:82] AriaExecutor 4 started. 
I0911 22:51:04.162775 2939721 AriaExecutor.h:82] AriaExecutor 5 started. 
I0911 22:51:04.162812 2939722 AriaExecutor.h:82] AriaExecutor 6 started. 
I0911 22:51:04.162853 2939723 AriaExecutor.h:82] AriaExecutor 7 started. 
I0911 22:51:04.162883 2939724 AriaExecutor.h:82] AriaExecutor 8 started. 
I0911 22:51:04.162931 2939725 AriaExecutor.h:82] AriaExecutor 9 started. 
I0911 22:51:04.162973 2939726 AriaExecutor.h:82] AriaExecutor 10 started. 
I0911 22:51:04.163017 2939727 AriaExecutor.h:82] AriaExecutor 11 started. 
I0911 22:51:04.163053 2939728 AriaExecutor.h:82] AriaExecutor 12 started. 
I0911 22:51:04.163092 2939729 AriaExecutor.h:82] AriaExecutor 13 started. 
I0911 22:51:04.163126 2939730 AriaExecutor.h:82] AriaExecutor 14 started. 
I0911 22:51:04.163166 2939731 AriaExecutor.h:82] AriaExecutor 15 started. 
I0911 22:51:04.163209 2939732 Manager.h:224] Manager(worker id = 16) on the coordinator node started.
I0911 22:51:05.163264 2939696 Coordinator.h:126] commit: 789174 abort: 426826 (0/426826/0), network size: 0, avg network size: 0, si_in_serializable: 0 0 %, local: 0 %
I0911 22:51:06.163381 2939696 Coordinator.h:126] commit: 788581 abort: 427419 (0/427419/0), network size: 0, avg network size: 0, si_in_serializable: 0 0 %, local: 0 %
I0911 22:51:07.163461 2939696 Coordinator.h:126] commit: 778202 abort: 421798 (0/421798/0), network size: 0, avg network size: 0, si_in_serializable: 0 0 %, local: 0 %
I0911 22:51:08.163542 2939696 Coordinator.h:126] commit: 767818 abort: 416182 (0/416182/0), network size: 0, avg network size: 0, si_in_serializable: 0 0 %, local: 0 %
I0911 22:51:09.163625 2939696 Coordinator.h:126] commit: 788844 abort: 427156 (0/427156/0), network size: 0, avg network size: 0, si_in_serializable: 0 0 %, local: 0 %
I0911 22:51:10.163726 2939696 Coordinator.h:126] commit: 809455 abort: 438545 (0/438545/0), network size: 0, avg network size: 0, si_in_serializable: 0 0 %, local: 0 %
I0911 22:51:11.163807 2939696 Coordinator.h:126] commit: 809239 abort: 438761 (0/438761/0), network size: 0, avg network size: 0, si_in_serializable: 0 0 %, local: 0 %
I0911 22:51:12.163882 2939696 Coordinator.h:126] commit: 809774 abort: 438226 (0/438226/0), network size: 0, avg network size: 0, si_in_serializable: 0 0 %, local: 0 %
I0911 22:51:13.163960 2939696 Coordinator.h:126] commit: 803161 abort: 435250 (0/435250/0), network size: 0, avg network size: 0, si_in_serializable: 0 0 %, local: 0 %
I0911 22:51:14.164039 2939696 Coordinator.h:126] commit: 804358 abort: 437231 (0/437231/0), network size: 0, avg network size: 0, si_in_serializable: 0 0 %, local: 0 %
I0911 22:51:15.164119 2939696 Coordinator.h:126] commit: 798847 abort: 433153 (0/433153/0), network size: 0, avg network size: 0, si_in_serializable: 0 0 %, local: 0 %
I0911 22:51:16.164211 2939696 Coordinator.h:126] commit: 788911 abort: 427089 (0/427089/0), network size: 0, avg network size: 0, si_in_serializable: 0 0 %, local: 0 %
I0911 22:51:17.164304 2939696 Coordinator.h:126] commit: 808196 abort: 436779 (0/436779/0), network size: 0, avg network size: 0, si_in_serializable: 0 0 %, local: 0 %
I0911 22:51:18.164393 2939696 Coordinator.h:126] commit: 780096 abort: 422928 (0/422928/0), network size: 0, avg network size: 0, si_in_serializable: 0 0 %, local: 0 %
I0911 22:51:19.164479 2939696 Coordinator.h:126] commit: 808589 abort: 439411 (0/439411/0), network size: 0, avg network size: 0, si_in_serializable: 0 0 %, local: 0 %
I0911 22:51:20.164587 2939696 Coordinator.h:126] commit: 808937 abort: 439063 (0/439063/0), network size: 0, avg network size: 0, si_in_serializable: 0 0 %, local: 0 %
I0911 22:51:21.164680 2939696 Coordinator.h:126] commit: 808701 abort: 439299 (0/439299/0), network size: 0, avg network size: 0, si_in_serializable: 0 0 %, local: 0 %
I0911 22:51:22.164763 2939696 Coordinator.h:126] commit: 809215 abort: 438785 (0/438785/0), network size: 0, avg network size: 0, si_in_serializable: 0 0 %, local: 0 %
I0911 22:51:23.164845 2939696 Coordinator.h:126] commit: 809153 abort: 438847 (0/438847/0), network size: 0, avg network size: 0, si_in_serializable: 0 0 %, local: 0 %
I0911 22:51:24.164921 2939696 Coordinator.h:126] commit: 808789 abort: 439211 (0/439211/0), network size: 0, avg network size: 0, si_in_serializable: 0 0 %, local: 0 %
I0911 22:51:25.164999 2939696 Coordinator.h:126] commit: 798375 abort: 432215 (0/432215/0), network size: 0, avg network size: 0, si_in_serializable: 0 0 %, local: 0 %
I0911 22:51:26.165078 2939696 Coordinator.h:126] commit: 779391 abort: 422019 (0/422019/0), network size: 0, avg network size: 0, si_in_serializable: 0 0 %, local: 0 %
I0911 22:51:27.165149 2939696 Coordinator.h:126] commit: 808689 abort: 439311 (0/439311/0), network size: 0, avg network size: 0, si_in_serializable: 0 0 %, local: 0 %
I0911 22:51:28.165221 2939696 Coordinator.h:126] commit: 799465 abort: 432535 (0/432535/0), network size: 0, avg network size: 0, si_in_serializable: 0 0 %, local: 0 %
I0911 22:51:29.165298 2939696 Coordinator.h:126] commit: 808623 abort: 439377 (0/439377/0), network size: 0, avg network size: 0, si_in_serializable: 0 0 %, local: 0 %
I0911 22:51:29.165316 2939696 Coordinator.h:152] average commit: 802943 abort: 435456 (0/435456/0), network size: 0, avg network size: 0, si_in_serializable: 0 0 %, local: 0 %
I0911 22:51:29.176982 2939728 AriaExecutor.h:94] AriaExecutor 12 exits. 
I0911 22:51:29.176985 2939722 AriaExecutor.h:94] AriaExecutor 6 exits. 
I0911 22:51:29.177001 2939731 AriaExecutor.h:94] AriaExecutor 15 exits. 
I0911 22:51:29.176985 2939726 AriaExecutor.h:94] AriaExecutor 10 exits. 
I0911 22:51:29.176985 2939718 AriaExecutor.h:94] AriaExecutor 2 exits. 
I0911 22:51:29.176985 2939720 AriaExecutor.h:94] AriaExecutor 4 exits. 
I0911 22:51:29.176985 2939724 AriaExecutor.h:94] AriaExecutor 8 exits. 
I0911 22:51:29.176987 2939730 AriaExecutor.h:94] AriaExecutor 14 exits. 
I0911 22:51:29.176987 2939732 Manager.h:227] Manager(worker id = 16) on the coordinator node exits.
I0911 22:51:29.176998 2939727 AriaExecutor.h:94] AriaExecutor 11 exits. 
I0911 22:51:29.176999 2939717 AriaExecutor.h:94] AriaExecutor 1 exits. 
I0911 22:51:29.176998 2939719 AriaExecutor.h:94] AriaExecutor 3 exits. 
I0911 22:51:29.176999 2939729 AriaExecutor.h:94] AriaExecutor 13 exits. 
I0911 22:51:29.176999 2939721 AriaExecutor.h:94] AriaExecutor 5 exits. 
I0911 22:51:29.176999 2939725 AriaExecutor.h:94] AriaExecutor 9 exits. 
I0911 22:51:29.176999 2939723 AriaExecutor.h:94] AriaExecutor 7 exits. 
I0911 22:51:29.176985 2939716 AriaExecutor.h:94] AriaExecutor 0 exits. 
I0911 22:51:29.165333 2939696 AriaExecutor.h:535] Worker 0 latency: 8241 us (50%) 10531 us (75%) 12081 us (95%) 12431 us (99%).
I0911 22:51:29.220301 2939696 AriaExecutor.h:535] Worker 1 latency: 8194 us (50%) 10504 us (75%) 12071 us (95%) 12404 us (99%).
I0911 22:51:29.276183 2939696 AriaExecutor.h:535] Worker 2 latency: 8243 us (50%) 10529 us (75%) 12077 us (95%) 12414 us (99%).
I0911 22:51:29.332551 2939696 AriaExecutor.h:535] Worker 3 latency: 8221 us (50%) 10520 us (75%) 12077 us (95%) 12425 us (99%).
I0911 22:51:29.388091 2939696 AriaExecutor.h:535] Worker 4 latency: 8220 us (50%) 10524 us (75%) 12080 us (95%) 12431 us (99%).
I0911 22:51:29.442991 2939696 AriaExecutor.h:535] Worker 5 latency: 8203 us (50%) 10514 us (75%) 12075 us (95%) 12402 us (99%).
I0911 22:51:29.498332 2939696 AriaExecutor.h:535] Worker 6 latency: 8256 us (50%) 10535 us (75%) 12082 us (95%) 12432 us (99%).
I0911 22:51:29.552764 2939696 AriaExecutor.h:535] Worker 7 latency: 8210 us (50%) 10515 us (75%) 12073 us (95%) 12401 us (99%).
I0911 22:51:29.608536 2939696 AriaExecutor.h:535] Worker 8 latency: 8223 us (50%) 10521 us (75%) 12076 us (95%) 12422 us (99%).
I0911 22:51:29.662948 2939696 AriaExecutor.h:535] Worker 9 latency: 8192 us (50%) 10502 us (75%) 12070 us (95%) 12399 us (99%).
I0911 22:51:29.718273 2939696 AriaExecutor.h:535] Worker 10 latency: 8227 us (50%) 10519 us (75%) 12073 us (95%) 12417 us (99%).
I0911 22:51:29.772341 2939696 AriaExecutor.h:535] Worker 11 latency: 8179 us (50%) 10495 us (75%) 12069 us (95%) 12405 us (99%).
I0911 22:51:29.827574 2939696 AriaExecutor.h:535] Worker 12 latency: 8214 us (50%) 10513 us (75%) 12073 us (95%) 12429 us (99%).
I0911 22:51:29.883268 2939696 AriaExecutor.h:535] Worker 13 latency: 8193 us (50%) 10507 us (75%) 12072 us (95%) 12407 us (99%).
I0911 22:51:29.938722 2939696 AriaExecutor.h:535] Worker 14 latency: 8220 us (50%) 10515 us (75%) 12073 us (95%) 12426 us (99%).
I0911 22:51:29.993117 2939696 AriaExecutor.h:535] Worker 15 latency: 8209 us (50%) 10510 us (75%) 12071 us (95%) 12400 us (99%).
I0911 22:51:30.047935 2939696 Coordinator.h:177] total commit: 802943
I0911 22:51:31.048043 2939696 Coordinator.h:192] Coordinator exits.
