I1126 15:00:59.548362 988676 Database.h:65] ycsb initialization finished in 30 milliseconds.
I1126 15:00:59.548468 988676 Coordinator.h:30] Coordinator initializes 12 workers.
I1126 15:00:59.549373 988676 Coordinator.h:77] Coordinator starts to run 13 workers.
I1126 15:00:59.549429 988692 AriaExecutor.h:91] AriaExecutor 0 started. 
I1126 15:00:59.549459 988693 AriaExecutor.h:91] AriaExecutor 1 started. 
I1126 15:00:59.549505 988694 AriaExecutor.h:91] AriaExecutor 2 started. 
I1126 15:00:59.549544 988695 AriaExecutor.h:91] AriaExecutor 3 started. 
I1126 15:00:59.549626 988697 AriaExecutor.h:91] AriaExecutor 5 started. 
I1126 15:00:59.549669 988698 AriaExecutor.h:91] AriaExecutor 6 started. 
I1126 15:00:59.549707 988699 AriaExecutor.h:91] AriaExecutor 7 started. 
I1126 15:00:59.549738 988700 AriaExecutor.h:91] AriaExecutor 8 started. 
I1126 15:00:59.549787 988701 AriaExecutor.h:91] AriaExecutor 9 started. 
I1126 15:00:59.549823 988702 AriaExecutor.h:91] AriaExecutor 10 started. 
I1126 15:00:59.549868 988703 AriaExecutor.h:91] AriaExecutor 11 started. 
I1126 15:00:59.549914 988696 AriaExecutor.h:91] AriaExecutor 4 started. 
I1126 15:00:59.549917 988704 Manager.h:224] Manager(worker id = 12) on the coordinator node started.
I1126 15:01:00.549984 988676 Coordinator.h:126] commit: 1433766 abort: 513234 (0/513234/0), network size: 0, avg network size: 0, si_in_serializable: 0 0 %, local: 0 %
I1126 15:01:01.550097 988676 Coordinator.h:126] commit: 1417546 abort: 508454 (0/508454/0), network size: 0, avg network size: 0, si_in_serializable: 0 0 %, local: 0 %
I1126 15:01:02.550210 988676 Coordinator.h:126] commit: 1424475 abort: 510492 (0/510492/0), network size: 0, avg network size: 0, si_in_serializable: 0 0 %, local: 0 %
I1126 15:01:03.550326 988676 Coordinator.h:126] commit: 1457852 abort: 522181 (0/522181/0), network size: 0, avg network size: 0, si_in_serializable: 0 0 %, local: 0 %
I1126 15:01:04.550438 988676 Coordinator.h:126] commit: 1416856 abort: 507051 (0/507051/0), network size: 0, avg network size: 0, si_in_serializable: 0 0 %, local: 0 %
I1126 15:01:05.550550 988676 Coordinator.h:126] commit: 1456480 abort: 520922 (0/520922/0), network size: 0, avg network size: 0, si_in_serializable: 0 0 %, local: 0 %
I1126 15:01:06.550668 988676 Coordinator.h:126] commit: 1431895 abort: 514795 (0/514795/0), network size: 0, avg network size: 0, si_in_serializable: 0 0 %, local: 0 %
I1126 15:01:07.550776 988676 Coordinator.h:126] commit: 1458337 abort: 522663 (0/522663/0), network size: 0, avg network size: 0, si_in_serializable: 0 0 %, local: 0 %
I1126 15:01:08.550897 988676 Coordinator.h:126] commit: 1360387 abort: 487613 (0/487613/0), network size: 0, avg network size: 0, si_in_serializable: 0 0 %, local: 0 %
I1126 15:01:09.551004 988676 Coordinator.h:126] commit: 1459053 abort: 522947 (0/522947/0), network size: 0, avg network size: 0, si_in_serializable: 0 0 %, local: 0 %
I1126 15:01:10.551115 988676 Coordinator.h:126] commit: 1454771 abort: 521229 (0/521229/0), network size: 0, avg network size: 0, si_in_serializable: 0 0 %, local: 0 %
I1126 15:01:11.551221 988676 Coordinator.h:126] commit: 1456922 abort: 521078 (0/521078/0), network size: 0, avg network size: 0, si_in_serializable: 0 0 %, local: 0 %
I1126 15:01:12.551326 988676 Coordinator.h:126] commit: 1456683 abort: 522078 (0/522078/0), network size: 0, avg network size: 0, si_in_serializable: 0 0 %, local: 0 %
I1126 15:01:13.551429 988676 Coordinator.h:126] commit: 1449274 abort: 517965 (0/517965/0), network size: 0, avg network size: 0, si_in_serializable: 0 0 %, local: 0 %
I1126 15:01:14.551550 988676 Coordinator.h:126] commit: 1448390 abort: 518610 (0/518610/0), network size: 0, avg network size: 0, si_in_serializable: 0 0 %, local: 0 %
I1126 15:01:15.551661 988676 Coordinator.h:126] commit: 1453315 abort: 521685 (0/521685/0), network size: 0, avg network size: 0, si_in_serializable: 0 0 %, local: 0 %
I1126 15:01:16.551780 988676 Coordinator.h:126] commit: 1456055 abort: 521945 (0/521945/0), network size: 0, avg network size: 0, si_in_serializable: 0 0 %, local: 0 %
I1126 15:01:17.551878 988676 Coordinator.h:126] commit: 1235369 abort: 441631 (0/441631/0), network size: 0, avg network size: 0, si_in_serializable: 0 0 %, local: 0 %
I1126 15:01:18.551976 988676 Coordinator.h:126] commit: 1460931 abort: 523069 (0/523069/0), network size: 0, avg network size: 0, si_in_serializable: 0 0 %, local: 0 %
I1126 15:01:19.552073 988676 Coordinator.h:126] commit: 1455349 abort: 521651 (0/521651/0), network size: 0, avg network size: 0, si_in_serializable: 0 0 %, local: 0 %
I1126 15:01:20.552184 988676 Coordinator.h:126] commit: 1458287 abort: 521713 (0/521713/0), network size: 0, avg network size: 0, si_in_serializable: 0 0 %, local: 0 %
I1126 15:01:21.552294 988676 Coordinator.h:126] commit: 1455580 abort: 521420 (0/521420/0), network size: 0, avg network size: 0, si_in_serializable: 0 0 %, local: 0 %
I1126 15:01:22.552402 988676 Coordinator.h:126] commit: 1459154 abort: 521846 (0/521846/0), network size: 0, avg network size: 0, si_in_serializable: 0 0 %, local: 0 %
I1126 15:01:23.552508 988676 Coordinator.h:126] commit: 1455844 abort: 521156 (0/521156/0), network size: 0, avg network size: 0, si_in_serializable: 0 0 %, local: 0 %
I1126 15:01:24.552613 988676 Coordinator.h:126] commit: 1458524 abort: 522476 (0/522476/0), network size: 0, avg network size: 0, si_in_serializable: 0 0 %, local: 0 %
I1126 15:01:24.552645 988676 Coordinator.h:152] average commit: 1.43271e+06 abort: 513094 (0/513094/0), network size: 0, avg network size: 0, si_in_serializable: 0 0 %, local: 0 %
I1126 15:01:24.552759 988698 AriaExecutor.h:103] AriaExecutor 6 exits. 
I1126 15:01:24.552759 988704 Manager.h:227] Manager(worker id = 12) on the coordinator node exits.
I1126 15:01:24.552771 988699 AriaExecutor.h:103] AriaExecutor 7 exits. 
I1126 15:01:24.552762 988694 AriaExecutor.h:103] AriaExecutor 2 exits. 
I1126 15:01:24.552760 988702 AriaExecutor.h:103] AriaExecutor 10 exits. 
I1126 15:01:24.552759 988696 AriaExecutor.h:103] AriaExecutor 4 exits. 
I1126 15:01:24.552771 988701 AriaExecutor.h:103] AriaExecutor 9 exits. 
I1126 15:01:24.552771 988695 AriaExecutor.h:103] AriaExecutor 3 exits. 
I1126 15:01:24.552771 988703 AriaExecutor.h:103] AriaExecutor 11 exits. 
I1126 15:01:24.552762 988700 AriaExecutor.h:103] AriaExecutor 8 exits. 
I1126 15:01:24.552773 988693 AriaExecutor.h:103] AriaExecutor 1 exits. 
I1126 15:01:24.552771 988697 AriaExecutor.h:103] AriaExecutor 5 exits. 
I1126 15:01:24.552762 988692 AriaExecutor.h:103] AriaExecutor 0 exits. 
I1126 15:01:24.552655 988676 AriaExecutor.h:649] Worker 0 latency: 357 us (50%) 412 us (75%) 453 us (95%) 467 us (99%).
I1126 15:01:24.661473 988676 AriaExecutor.h:649] Worker 1 latency: 356 us (50%) 411 us (75%) 452 us (95%) 466 us (99%).
I1126 15:01:24.771056 988676 AriaExecutor.h:649] Worker 2 latency: 357 us (50%) 411 us (75%) 453 us (95%) 467 us (99%).
I1126 15:01:24.878155 988676 AriaExecutor.h:649] Worker 3 latency: 358 us (50%) 411 us (75%) 452 us (95%) 466 us (99%).
I1126 15:01:24.986661 988676 AriaExecutor.h:649] Worker 4 latency: 359 us (50%) 412 us (75%) 453 us (95%) 467 us (99%).
I1126 15:01:25.094480 988676 AriaExecutor.h:649] Worker 5 latency: 357 us (50%) 410 us (75%) 451 us (95%) 466 us (99%).
I1126 15:01:25.201884 988676 AriaExecutor.h:649] Worker 6 latency: 362 us (50%) 413 us (75%) 453 us (95%) 467 us (99%).
I1126 15:01:25.311111 988676 AriaExecutor.h:649] Worker 7 latency: 359 us (50%) 411 us (75%) 451 us (95%) 465 us (99%).
I1126 15:01:25.420987 988676 AriaExecutor.h:649] Worker 8 latency: 361 us (50%) 413 us (75%) 453 us (95%) 467 us (99%).
I1126 15:01:25.527088 988676 AriaExecutor.h:649] Worker 9 latency: 359 us (50%) 411 us (75%) 452 us (95%) 466 us (99%).
I1126 15:01:25.636732 988676 AriaExecutor.h:649] Worker 10 latency: 361 us (50%) 413 us (75%) 453 us (95%) 467 us (99%).
I1126 15:01:25.743917 988676 AriaExecutor.h:649] Worker 11 latency: 360 us (50%) 412 us (75%) 452 us (95%) 466 us (99%).
I1126 15:01:25.849648 988676 Coordinator.h:177] total commit: 1.43271e+06
I1126 15:01:26.849762 988676 Coordinator.h:192] Coordinator exits.
