I0911 23:17:26.519791 2944939 Database.h:65] ycsb initialization finished in 147 milliseconds.
I0911 23:17:26.519918 2944939 Coordinator.h:30] Coordinator initializes 16 workers.
I0911 23:17:26.535387 2944939 Coordinator.h:77] Coordinator starts to run 17 workers.
I0911 23:17:26.535495 2944960 AriaExecutor.h:82] AriaExecutor 0 started. 
I0911 23:17:26.535513 2944961 AriaExecutor.h:82] AriaExecutor 1 started. 
I0911 23:17:26.535575 2944962 AriaExecutor.h:82] AriaExecutor 2 started. 
I0911 23:17:26.535607 2944963 AriaExecutor.h:82] AriaExecutor 3 started. 
I0911 23:17:26.535648 2944964 AriaExecutor.h:82] AriaExecutor 4 started. 
I0911 23:17:26.535686 2944965 AriaExecutor.h:82] AriaExecutor 5 started. 
I0911 23:17:26.535712 2944966 AriaExecutor.h:82] AriaExecutor 6 started. 
I0911 23:17:26.535746 2944967 AriaExecutor.h:82] AriaExecutor 7 started. 
I0911 23:17:26.535773 2944968 AriaExecutor.h:82] AriaExecutor 8 started. 
I0911 23:17:26.535802 2944969 AriaExecutor.h:82] AriaExecutor 9 started. 
I0911 23:17:26.535835 2944970 AriaExecutor.h:82] AriaExecutor 10 started. 
I0911 23:17:26.535866 2944971 AriaExecutor.h:82] AriaExecutor 11 started. 
I0911 23:17:26.535900 2944972 AriaExecutor.h:82] AriaExecutor 12 started. 
I0911 23:17:26.535933 2944973 AriaExecutor.h:82] AriaExecutor 13 started. 
I0911 23:17:26.535962 2944974 AriaExecutor.h:82] AriaExecutor 14 started. 
I0911 23:17:26.535995 2944975 AriaExecutor.h:82] AriaExecutor 15 started. 
I0911 23:17:26.536026 2944976 Manager.h:224] Manager(worker id = 16) on the coordinator node started.
I0911 23:17:27.536077 2944939 Coordinator.h:126] commit: 71939 abort: 91901 (0/91901/0), network size: 0, avg network size: 0, si_in_serializable: 0 0 %, local: 0 %
I0911 23:17:28.536201 2944939 Coordinator.h:126] commit: 74770 abort: 95214 (0/95214/0), network size: 0, avg network size: 0, si_in_serializable: 0 0 %, local: 0 %
I0911 23:17:29.536295 2944939 Coordinator.h:126] commit: 70819 abort: 90973 (0/90973/0), network size: 0, avg network size: 0, si_in_serializable: 0 0 %, local: 0 %
I0911 23:17:30.536388 2944939 Coordinator.h:126] commit: 73583 abort: 94353 (0/94353/0), network size: 0, avg network size: 0, si_in_serializable: 0 0 %, local: 0 %
I0911 23:17:31.536551 2944939 Coordinator.h:126] commit: 77073 abort: 99055 (0/99055/0), network size: 0, avg network size: 0, si_in_serializable: 0 0 %, local: 0 %
I0911 23:17:32.536656 2944939 Coordinator.h:126] commit: 76060 abort: 98020 (0/98020/0), network size: 0, avg network size: 0, si_in_serializable: 0 0 %, local: 0 %
I0911 23:17:33.536729 2944939 Coordinator.h:126] commit: 77159 abort: 98969 (0/98969/0), network size: 0, avg network size: 0, si_in_serializable: 0 0 %, local: 0 %
I0911 23:17:34.536824 2944939 Coordinator.h:126] commit: 76108 abort: 97972 (0/97972/0), network size: 0, avg network size: 0, si_in_serializable: 0 0 %, local: 0 %
I0911 23:17:35.536949 2944939 Coordinator.h:126] commit: 74937 abort: 97095 (0/97095/0), network size: 0, avg network size: 0, si_in_serializable: 0 0 %, local: 0 %
I0911 23:17:36.537060 2944939 Coordinator.h:126] commit: 75315 abort: 96717 (0/96717/0), network size: 0, avg network size: 0, si_in_serializable: 0 0 %, local: 0 %
I0911 23:17:37.537150 2944939 Coordinator.h:126] commit: 77262 abort: 98923 (0/98923/0), network size: 0, avg network size: 0, si_in_serializable: 0 0 %, local: 0 %
I0911 23:17:38.537262 2944939 Coordinator.h:126] commit: 77814 abort: 100305 (0/100305/0), network size: 0, avg network size: 0, si_in_serializable: 0 0 %, local: 0 %
I0911 23:17:39.537367 2944939 Coordinator.h:126] commit: 76983 abort: 99145 (0/99145/0), network size: 0, avg network size: 0, si_in_serializable: 0 0 %, local: 0 %
I0911 23:17:40.537454 2944939 Coordinator.h:126] commit: 78131 abort: 100045 (0/100045/0), network size: 0, avg network size: 0, si_in_serializable: 0 0 %, local: 0 %
I0911 23:17:41.537532 2944939 Coordinator.h:126] commit: 77137 abort: 98991 (0/98991/0), network size: 0, avg network size: 0, si_in_serializable: 0 0 %, local: 0 %
I0911 23:17:42.537601 2944939 Coordinator.h:126] commit: 78120 abort: 100056 (0/100056/0), network size: 0, avg network size: 0, si_in_serializable: 0 0 %, local: 0 %
I0911 23:17:43.537675 2944939 Coordinator.h:126] commit: 77123 abort: 99005 (0/99005/0), network size: 0, avg network size: 0, si_in_serializable: 0 0 %, local: 0 %
I0911 23:17:44.537758 2944939 Coordinator.h:126] commit: 77871 abort: 100305 (0/100305/0), network size: 0, avg network size: 0, si_in_serializable: 0 0 %, local: 0 %
I0911 23:17:45.537849 2944939 Coordinator.h:126] commit: 76009 abort: 98071 (0/98071/0), network size: 0, avg network size: 0, si_in_serializable: 0 0 %, local: 0 %
I0911 23:17:46.537925 2944939 Coordinator.h:126] commit: 77910 abort: 100266 (0/100266/0), network size: 0, avg network size: 0, si_in_serializable: 0 0 %, local: 0 %
I0911 23:17:47.538002 2944939 Coordinator.h:126] commit: 76711 abort: 99417 (0/99417/0), network size: 0, avg network size: 0, si_in_serializable: 0 0 %, local: 0 %
I0911 23:17:48.538074 2944939 Coordinator.h:126] commit: 77892 abort: 100284 (0/100284/0), network size: 0, avg network size: 0, si_in_serializable: 0 0 %, local: 0 %
I0911 23:17:49.538156 2944939 Coordinator.h:126] commit: 75060 abort: 96972 (0/96972/0), network size: 0, avg network size: 0, si_in_serializable: 0 0 %, local: 0 %
I0911 23:17:50.538237 2944939 Coordinator.h:126] commit: 78012 abort: 100164 (0/100164/0), network size: 0, avg network size: 0, si_in_serializable: 0 0 %, local: 0 %
I0911 23:17:51.538311 2944939 Coordinator.h:126] commit: 77156 abort: 98972 (0/98972/0), network size: 0, avg network size: 0, si_in_serializable: 0 0 %, local: 0 %
I0911 23:17:51.538321 2944939 Coordinator.h:152] average commit: 77436 abort: 99511.2 (0/99511.2/0), network size: 0, avg network size: 0, si_in_serializable: 0 0 %, local: 0 %
I0911 23:17:51.542192 2944965 AriaExecutor.h:94] AriaExecutor 5 exits. 
I0911 23:17:51.542192 2944963 AriaExecutor.h:94] AriaExecutor 3 exits. 
I0911 23:17:51.542194 2944971 AriaExecutor.h:94] AriaExecutor 11 exits. 
I0911 23:17:51.542193 2944969 AriaExecutor.h:94] AriaExecutor 9 exits. 
I0911 23:17:51.542192 2944967 AriaExecutor.h:94] AriaExecutor 7 exits. 
I0911 23:17:51.542200 2944972 AriaExecutor.h:94] AriaExecutor 12 exits. 
I0911 23:17:51.542200 2944962 AriaExecutor.h:94] AriaExecutor 2 exits. 
I0911 23:17:51.542202 2944970 AriaExecutor.h:94] AriaExecutor 10 exits. 
I0911 23:17:51.542200 2944968 AriaExecutor.h:94] AriaExecutor 8 exits. 
I0911 23:17:51.542194 2944960 AriaExecutor.h:94] AriaExecutor 0 exits. 
I0911 23:17:51.542202 2944974 AriaExecutor.h:94] AriaExecutor 14 exits. 
I0911 23:17:51.542204 2944964 AriaExecutor.h:94] AriaExecutor 4 exits. 
I0911 23:17:51.542207 2944966 AriaExecutor.h:94] AriaExecutor 6 exits. 
I0911 23:17:51.542207 2944976 Manager.h:227] Manager(worker id = 16) on the coordinator node exits.
I0911 23:17:51.542207 2944961 AriaExecutor.h:94] AriaExecutor 1 exits. 
I0911 23:17:51.542194 2944975 AriaExecutor.h:94] AriaExecutor 15 exits. 
I0911 23:17:51.542196 2944973 AriaExecutor.h:94] AriaExecutor 13 exits. 
I0911 23:17:51.538329 2944939 AriaExecutor.h:641] Worker 0 latency: 9787 us (50%) 10486 us (75%) 10913 us (95%) 11475 us (99%).
I0911 23:17:51.545133 2944939 AriaExecutor.h:641] Worker 1 latency: 9763 us (50%) 10473 us (75%) 10908 us (95%) 11441 us (99%).
I0911 23:17:51.551358 2944939 AriaExecutor.h:641] Worker 2 latency: 9787 us (50%) 10487 us (75%) 10910 us (95%) 11444 us (99%).
I0911 23:17:51.558004 2944939 AriaExecutor.h:641] Worker 3 latency: 9776 us (50%) 10480 us (75%) 10908 us (95%) 11444 us (99%).
I0911 23:17:51.564193 2944939 AriaExecutor.h:641] Worker 4 latency: 9771 us (50%) 10477 us (75%) 10910 us (95%) 11454 us (99%).
I0911 23:17:51.570905 2944939 AriaExecutor.h:641] Worker 5 latency: 9763 us (50%) 10472 us (75%) 10907 us (95%) 11428 us (99%).
I0911 23:17:51.577136 2944939 AriaExecutor.h:641] Worker 6 latency: 9781 us (50%) 10480 us (75%) 10909 us (95%) 11453 us (99%).
I0911 23:17:51.583890 2944939 AriaExecutor.h:641] Worker 7 latency: 9772 us (50%) 10480 us (75%) 10910 us (95%) 11455 us (99%).
I0911 23:17:51.590137 2944939 AriaExecutor.h:641] Worker 8 latency: 9778 us (50%) 10483 us (75%) 10912 us (95%) 11459 us (99%).
I0911 23:17:51.596844 2944939 AriaExecutor.h:641] Worker 9 latency: 9767 us (50%) 10476 us (75%) 10908 us (95%) 11444 us (99%).
I0911 23:17:51.603197 2944939 AriaExecutor.h:641] Worker 10 latency: 9783 us (50%) 10486 us (75%) 10909 us (95%) 11445 us (99%).
I0911 23:17:51.609932 2944939 AriaExecutor.h:641] Worker 11 latency: 9774 us (50%) 10479 us (75%) 10907 us (95%) 11445 us (99%).
I0911 23:17:51.616109 2944939 AriaExecutor.h:641] Worker 12 latency: 9780 us (50%) 10481 us (75%) 10909 us (95%) 11451 us (99%).
I0911 23:17:51.622723 2944939 AriaExecutor.h:641] Worker 13 latency: 9761 us (50%) 10474 us (75%) 10907 us (95%) 11432 us (99%).
I0911 23:17:51.628906 2944939 AriaExecutor.h:641] Worker 14 latency: 9784 us (50%) 10483 us (75%) 10907 us (95%) 11436 us (99%).
I0911 23:17:51.635701 2944939 AriaExecutor.h:641] Worker 15 latency: 9778 us (50%) 10480 us (75%) 10906 us (95%) 11443 us (99%).
I0911 23:17:51.641897 2944939 Coordinator.h:177] total commit: 77436
I0911 23:17:52.642012 2944939 Coordinator.h:192] Coordinator exits.
