I0912 00:02:08.211521 2953322 Database.h:65] ycsb initialization finished in 150 milliseconds.
I0912 00:02:08.211632 2953322 Coordinator.h:30] Coordinator initializes 16 workers.
I0912 00:02:08.331815 2953322 Coordinator.h:77] Coordinator starts to run 17 workers.
I0912 00:02:08.331881 2953343 AriaExecutor.h:82] AriaExecutor 0 started. 
I0912 00:02:08.331923 2953344 AriaExecutor.h:82] AriaExecutor 1 started. 
I0912 00:02:08.331966 2953345 AriaExecutor.h:82] AriaExecutor 2 started. 
I0912 00:02:08.332013 2953346 AriaExecutor.h:82] AriaExecutor 3 started. 
I0912 00:02:08.332048 2953347 AriaExecutor.h:82] AriaExecutor 4 started. 
I0912 00:02:08.332091 2953348 AriaExecutor.h:82] AriaExecutor 5 started. 
I0912 00:02:08.332127 2953349 AriaExecutor.h:82] AriaExecutor 6 started. 
I0912 00:02:08.332168 2953350 AriaExecutor.h:82] AriaExecutor 7 started. 
I0912 00:02:08.332203 2953351 AriaExecutor.h:82] AriaExecutor 8 started. 
I0912 00:02:08.332239 2953352 AriaExecutor.h:82] AriaExecutor 9 started. 
I0912 00:02:08.332283 2953353 AriaExecutor.h:82] AriaExecutor 10 started. 
I0912 00:02:08.332324 2953354 AriaExecutor.h:82] AriaExecutor 11 started. 
I0912 00:02:08.332360 2953355 AriaExecutor.h:82] AriaExecutor 12 started. 
I0912 00:02:08.332399 2953356 AriaExecutor.h:82] AriaExecutor 13 started. 
I0912 00:02:08.332432 2953357 AriaExecutor.h:82] AriaExecutor 14 started. 
I0912 00:02:08.332481 2953358 AriaExecutor.h:82] AriaExecutor 15 started. 
I0912 00:02:08.332525 2953359 Manager.h:224] Manager(worker id = 16) on the coordinator node started.
I0912 00:02:09.332577 2953322 Coordinator.h:126] commit: 530 abort: 143470 (0/143470/0), network size: 0, avg network size: 0, si_in_serializable: 0 0 %, local: 0 %
I0912 00:02:10.332693 2953322 Coordinator.h:126] commit: 639 abort: 175361 (0/175361/0), network size: 0, avg network size: 0, si_in_serializable: 0 0 %, local: 0 %
I0912 00:02:11.332787 2953322 Coordinator.h:126] commit: 586 abort: 159414 (0/159414/0), network size: 0, avg network size: 0, si_in_serializable: 0 0 %, local: 0 %
I0912 00:02:12.332860 2953322 Coordinator.h:126] commit: 631 abort: 175369 (0/175369/0), network size: 0, avg network size: 0, si_in_serializable: 0 0 %, local: 0 %
I0912 00:02:13.332948 2953322 Coordinator.h:126] commit: 656 abort: 175344 (0/175344/0), network size: 0, avg network size: 0, si_in_serializable: 0 0 %, local: 0 %
I0912 00:02:14.333056 2953322 Coordinator.h:126] commit: 628 abort: 175372 (0/175372/0), network size: 0, avg network size: 0, si_in_serializable: 0 0 %, local: 0 %
I0912 00:02:15.333142 2953322 Coordinator.h:126] commit: 660 abort: 191340 (0/191340/0), network size: 0, avg network size: 0, si_in_serializable: 0 0 %, local: 0 %
I0912 00:02:16.333213 2953322 Coordinator.h:126] commit: 662 abort: 175338 (0/175338/0), network size: 0, avg network size: 0, si_in_serializable: 0 0 %, local: 0 %
I0912 00:02:17.333284 2953322 Coordinator.h:126] commit: 709 abort: 191291 (0/191291/0), network size: 0, avg network size: 0, si_in_serializable: 0 0 %, local: 0 %
I0912 00:02:18.333361 2953322 Coordinator.h:126] commit: 628 abort: 175372 (0/175372/0), network size: 0, avg network size: 0, si_in_serializable: 0 0 %, local: 0 %
I0912 00:02:19.333442 2953322 Coordinator.h:126] commit: 640 abort: 175360 (0/175360/0), network size: 0, avg network size: 0, si_in_serializable: 0 0 %, local: 0 %
I0912 00:02:20.333523 2953322 Coordinator.h:126] commit: 721 abort: 191279 (0/191279/0), network size: 0, avg network size: 0, si_in_serializable: 0 0 %, local: 0 %
I0912 00:02:21.333601 2953322 Coordinator.h:126] commit: 653 abort: 175347 (0/175347/0), network size: 0, avg network size: 0, si_in_serializable: 0 0 %, local: 0 %
I0912 00:02:22.333689 2953322 Coordinator.h:126] commit: 670 abort: 191330 (0/191330/0), network size: 0, avg network size: 0, si_in_serializable: 0 0 %, local: 0 %
I0912 00:02:23.333776 2953322 Coordinator.h:126] commit: 682 abort: 191318 (0/191318/0), network size: 0, avg network size: 0, si_in_serializable: 0 0 %, local: 0 %
I0912 00:02:24.333848 2953322 Coordinator.h:126] commit: 703 abort: 191297 (0/191297/0), network size: 0, avg network size: 0, si_in_serializable: 0 0 %, local: 0 %
I0912 00:02:25.333916 2953322 Coordinator.h:126] commit: 635 abort: 175365 (0/175365/0), network size: 0, avg network size: 0, si_in_serializable: 0 0 %, local: 0 %
I0912 00:02:26.333981 2953322 Coordinator.h:126] commit: 682 abort: 191318 (0/191318/0), network size: 0, avg network size: 0, si_in_serializable: 0 0 %, local: 0 %
I0912 00:02:27.334059 2953322 Coordinator.h:126] commit: 712 abort: 191288 (0/191288/0), network size: 0, avg network size: 0, si_in_serializable: 0 0 %, local: 0 %
I0912 00:02:28.334129 2953322 Coordinator.h:126] commit: 680 abort: 191320 (0/191320/0), network size: 0, avg network size: 0, si_in_serializable: 0 0 %, local: 0 %
I0912 00:02:29.334196 2953322 Coordinator.h:126] commit: 631 abort: 175369 (0/175369/0), network size: 0, avg network size: 0, si_in_serializable: 0 0 %, local: 0 %
I0912 00:02:30.334270 2953322 Coordinator.h:126] commit: 645 abort: 191355 (0/191355/0), network size: 0, avg network size: 0, si_in_serializable: 0 0 %, local: 0 %
I0912 00:02:31.334349 2953322 Coordinator.h:126] commit: 707 abort: 191293 (0/191293/0), network size: 0, avg network size: 0, si_in_serializable: 0 0 %, local: 0 %
I0912 00:02:32.334430 2953322 Coordinator.h:126] commit: 711 abort: 191289 (0/191289/0), network size: 0, avg network size: 0, si_in_serializable: 0 0 %, local: 0 %
I0912 00:02:33.334503 2953322 Coordinator.h:126] commit: 680 abort: 175320 (0/175320/0), network size: 0, avg network size: 0, si_in_serializable: 0 0 %, local: 0 %
I0912 00:02:33.334517 2953322 Coordinator.h:152] average commit: 677.8 abort: 186522 (0/186522/0), network size: 0, avg network size: 0, si_in_serializable: 0 0 %, local: 0 %
I0912 00:02:33.334528 2953322 AriaExecutor.h:641] Worker 0 latency: 85669 us (50%) 87524 us (75%) 100511 us (95%) 111836 us (99%).
I0912 00:02:33.352696 2953357 AriaExecutor.h:94] AriaExecutor 14 exits. 
I0912 00:02:33.352698 2953343 AriaExecutor.h:94] AriaExecutor 0 exits. 
I0912 00:02:33.352697 2953359 Manager.h:227] Manager(worker id = 16) on the coordinator node exits.
I0912 00:02:33.352717 2953350 AriaExecutor.h:94] AriaExecutor 7 exits. 
I0912 00:02:33.352699 2953353 AriaExecutor.h:94] AriaExecutor 10 exits. 
I0912 00:02:33.352701 2953355 AriaExecutor.h:94] AriaExecutor 12 exits. 
I0912 00:02:33.352703 2953347 AriaExecutor.h:94] AriaExecutor 4 exits. 
I0912 00:02:33.352698 2953345 AriaExecutor.h:94] AriaExecutor 2 exits. 
I0912 00:02:33.352717 2953354 AriaExecutor.h:94] AriaExecutor 11 exits. 
I0912 00:02:33.352717 2953344 AriaExecutor.h:94] AriaExecutor 1 exits. 
I0912 00:02:33.352717 2953348 AriaExecutor.h:94] AriaExecutor 5 exits. 
I0912 00:02:33.352717 2953356 AriaExecutor.h:94] AriaExecutor 13 exits. 
I0912 00:02:33.352696 2953351 AriaExecutor.h:94] AriaExecutor 8 exits. 
I0912 00:02:33.352717 2953346 AriaExecutor.h:94] AriaExecutor 3 exits. 
I0912 00:02:33.352717 2953358 AriaExecutor.h:94] AriaExecutor 15 exits. 
I0912 00:02:33.352696 2953349 AriaExecutor.h:94] AriaExecutor 6 exits. 
I0912 00:02:33.352717 2953352 AriaExecutor.h:94] AriaExecutor 9 exits. 
I0912 00:02:33.352985 2953322 AriaExecutor.h:641] Worker 1 latency: 85536 us (50%) 87474 us (75%) 100482 us (95%) 110565 us (99%).
I0912 00:02:33.353121 2953322 AriaExecutor.h:641] Worker 2 latency: 85357 us (50%) 87269 us (75%) 99546 us (95%) 112344 us (99%).
I0912 00:02:33.353173 2953322 AriaExecutor.h:641] Worker 3 latency: 85455 us (50%) 87367 us (75%) 100548 us (95%) 112321 us (99%).
I0912 00:02:33.353220 2953322 AriaExecutor.h:641] Worker 4 latency: 85264 us (50%) 87238 us (75%) 100301 us (95%) 110562 us (99%).
I0912 00:02:33.353297 2953322 AriaExecutor.h:641] Worker 5 latency: 85558 us (50%) 87400 us (75%) 100455 us (95%) 110500 us (99%).
I0912 00:02:33.353358 2953322 AriaExecutor.h:641] Worker 6 latency: 85379 us (50%) 87317 us (75%) 100366 us (95%) 112321 us (99%).
I0912 00:02:33.353411 2953322 AriaExecutor.h:641] Worker 7 latency: 85520 us (50%) 87409 us (75%) 100493 us (95%) 110398 us (99%).
I0912 00:02:33.353472 2953322 AriaExecutor.h:641] Worker 8 latency: 85363 us (50%) 87380 us (75%) 100586 us (95%) 112272 us (99%).
I0912 00:02:33.353523 2953322 AriaExecutor.h:641] Worker 9 latency: 85320 us (50%) 87374 us (75%) 100488 us (95%) 112147 us (99%).
I0912 00:02:33.353579 2953322 AriaExecutor.h:641] Worker 10 latency: 85309 us (50%) 87310 us (75%) 99449 us (95%) 110453 us (99%).
I0912 00:02:33.353629 2953322 AriaExecutor.h:641] Worker 11 latency: 85216 us (50%) 87273 us (75%) 98286 us (95%) 112333 us (99%).
I0912 00:02:33.353679 2953322 AriaExecutor.h:641] Worker 12 latency: 85398 us (50%) 87359 us (75%) 100792 us (95%) 112277 us (99%).
I0912 00:02:33.353724 2953322 AriaExecutor.h:641] Worker 13 latency: 85490 us (50%) 87366 us (75%) 99264 us (95%) 108890 us (99%).
I0912 00:02:33.353770 2953322 AriaExecutor.h:641] Worker 14 latency: 85496 us (50%) 87372 us (75%) 100485 us (95%) 111915 us (99%).
I0912 00:02:33.353811 2953322 AriaExecutor.h:641] Worker 15 latency: 85323 us (50%) 87353 us (75%) 100842 us (95%) 116533 us (99%).
I0912 00:02:33.353863 2953322 Coordinator.h:177] total commit: 677.8
I0912 00:02:34.353958 2953322 Coordinator.h:192] Coordinator exits.
