I1126 13:42:37.479790 942413 Database.h:65] ycsb initialization finished in 30 milliseconds.
I1126 13:42:37.479880 942413 Coordinator.h:30] Coordinator initializes 12 workers.
I1126 13:42:37.487622 942413 Coordinator.h:77] Coordinator starts to run 13 workers.
I1126 13:42:37.487684 942432 AriaExecutor.h:82] AriaExecutor 0 started. 
I1126 13:42:37.487708 942433 AriaExecutor.h:82] AriaExecutor 1 started. 
I1126 13:42:37.487747 942434 AriaExecutor.h:82] AriaExecutor 2 started. 
I1126 13:42:37.487794 942435 AriaExecutor.h:82] AriaExecutor 3 started. 
I1126 13:42:37.487830 942436 AriaExecutor.h:82] AriaExecutor 4 started. 
I1126 13:42:37.487869 942437 AriaExecutor.h:82] AriaExecutor 5 started. 
I1126 13:42:37.487907 942438 AriaExecutor.h:82] AriaExecutor 6 started. 
I1126 13:42:37.487947 942439 AriaExecutor.h:82] AriaExecutor 7 started. 
I1126 13:42:37.487982 942440 AriaExecutor.h:82] AriaExecutor 8 started. 
I1126 13:42:37.488032 942441 AriaExecutor.h:82] AriaExecutor 9 started. 
I1126 13:42:37.488078 942442 AriaExecutor.h:82] AriaExecutor 10 started. 
I1126 13:42:37.488130 942443 AriaExecutor.h:82] AriaExecutor 11 started. 
I1126 13:42:37.488175 942444 Manager.h:224] Manager(worker id = 12) on the coordinator node started.
I1126 13:42:38.488236 942413 Coordinator.h:126] commit: 975957 abort: 44043 (0/44043/0), network size: 0, avg network size: 0, si_in_serializable: 0 0 %, local: 0 %
I1126 13:42:39.488354 942413 Coordinator.h:126] commit: 967480 abort: 43520 (0/43520/0), network size: 0, avg network size: 0, si_in_serializable: 0 0 %, local: 0 %
I1126 13:42:40.488479 942413 Coordinator.h:126] commit: 985916 abort: 44084 (0/44084/0), network size: 0, avg network size: 0, si_in_serializable: 0 0 %, local: 0 %
I1126 13:42:41.488583 942413 Coordinator.h:126] commit: 979125 abort: 43875 (0/43875/0), network size: 0, avg network size: 0, si_in_serializable: 0 0 %, local: 0 %
I1126 13:42:42.488677 942413 Coordinator.h:126] commit: 989557 abort: 44443 (0/44443/0), network size: 0, avg network size: 0, si_in_serializable: 0 0 %, local: 0 %
I1126 13:42:43.488775 942413 Coordinator.h:126] commit: 982286 abort: 43714 (0/43714/0), network size: 0, avg network size: 0, si_in_serializable: 0 0 %, local: 0 %
I1126 13:42:44.488868 942413 Coordinator.h:126] commit: 950252 abort: 42748 (0/42748/0), network size: 0, avg network size: 0, si_in_serializable: 0 0 %, local: 0 %
I1126 13:42:45.488991 942413 Coordinator.h:126] commit: 985704 abort: 44296 (0/44296/0), network size: 0, avg network size: 0, si_in_serializable: 0 0 %, local: 0 %
I1126 13:42:46.489089 942413 Coordinator.h:126] commit: 988346 abort: 44654 (0/44654/0), network size: 0, avg network size: 0, si_in_serializable: 0 0 %, local: 0 %
I1126 13:42:47.489180 942413 Coordinator.h:126] commit: 989864 abort: 45136 (0/45136/0), network size: 0, avg network size: 0, si_in_serializable: 0 0 %, local: 0 %
I1126 13:42:48.489274 942413 Coordinator.h:126] commit: 988720 abort: 44280 (0/44280/0), network size: 0, avg network size: 0, si_in_serializable: 0 0 %, local: 0 %
I1126 13:42:49.489367 942413 Coordinator.h:126] commit: 988651 abort: 44349 (0/44349/0), network size: 0, avg network size: 0, si_in_serializable: 0 0 %, local: 0 %
I1126 13:42:50.489475 942413 Coordinator.h:126] commit: 905801 abort: 40199 (0/40199/0), network size: 0, avg network size: 0, si_in_serializable: 0 0 %, local: 0 %
I1126 13:42:51.489574 942413 Coordinator.h:126] commit: 989186 abort: 44814 (0/44814/0), network size: 0, avg network size: 0, si_in_serializable: 0 0 %, local: 0 %
I1126 13:42:52.489674 942413 Coordinator.h:126] commit: 989988 abort: 44012 (0/44012/0), network size: 0, avg network size: 0, si_in_serializable: 0 0 %, local: 0 %
I1126 13:42:53.489768 942413 Coordinator.h:126] commit: 990390 abort: 44610 (0/44610/0), network size: 0, avg network size: 0, si_in_serializable: 0 0 %, local: 0 %
I1126 13:42:54.489861 942413 Coordinator.h:126] commit: 988737 abort: 44263 (0/44263/0), network size: 0, avg network size: 0, si_in_serializable: 0 0 %, local: 0 %
I1126 13:42:55.489960 942413 Coordinator.h:126] commit: 988329 abort: 44272 (0/44272/0), network size: 0, avg network size: 0, si_in_serializable: 0 0 %, local: 0 %
I1126 13:42:56.490073 942413 Coordinator.h:126] commit: 976941 abort: 43451 (0/43451/0), network size: 0, avg network size: 0, si_in_serializable: 0 0 %, local: 0 %
I1126 13:42:57.490176 942413 Coordinator.h:126] commit: 991360 abort: 44529 (0/44529/0), network size: 0, avg network size: 0, si_in_serializable: 0 0 %, local: 0 %
I1126 13:42:58.490270 942413 Coordinator.h:126] commit: 988933 abort: 44182 (0/44182/0), network size: 0, avg network size: 0, si_in_serializable: 0 0 %, local: 0 %
I1126 13:42:59.490371 942413 Coordinator.h:126] commit: 988636 abort: 44365 (0/44365/0), network size: 0, avg network size: 0, si_in_serializable: 0 0 %, local: 0 %
I1126 13:43:00.490466 942413 Coordinator.h:126] commit: 988926 abort: 44073 (0/44073/0), network size: 0, avg network size: 0, si_in_serializable: 0 0 %, local: 0 %
I1126 13:43:01.490578 942413 Coordinator.h:126] commit: 990662 abort: 44338 (0/44338/0), network size: 0, avg network size: 0, si_in_serializable: 0 0 %, local: 0 %
I1126 13:43:02.490670 942413 Coordinator.h:126] commit: 988910 abort: 44090 (0/44090/0), network size: 0, avg network size: 0, si_in_serializable: 0 0 %, local: 0 %
I1126 13:43:02.490690 942413 Coordinator.h:152] average commit: 979810 abort: 43877.9 (0/43877.9/0), network size: 0, avg network size: 0, si_in_serializable: 0 0 %, local: 0 %
I1126 13:43:02.490765 942444 Manager.h:227] Manager(worker id = 12) on the coordinator node exits.
I1126 13:43:02.490768 942432 AriaExecutor.h:94] AriaExecutor 0 exits. 
I1126 13:43:02.490772 942438 AriaExecutor.h:94] AriaExecutor 6 exits. 
I1126 13:43:02.490772 942440 AriaExecutor.h:94] AriaExecutor 8 exits. 
I1126 13:43:02.490783 942443 AriaExecutor.h:94] AriaExecutor 11 exits. 
I1126 13:43:02.490782 942437 AriaExecutor.h:94] AriaExecutor 5 exits. 
I1126 13:43:02.490782 942435 AriaExecutor.h:94] AriaExecutor 3 exits. 
I1126 13:43:02.490769 942442 AriaExecutor.h:94] AriaExecutor 10 exits. 
I1126 13:43:02.490783 942439 AriaExecutor.h:94] AriaExecutor 7 exits. 
I1126 13:43:02.490782 942433 AriaExecutor.h:94] AriaExecutor 1 exits. 
I1126 13:43:02.490775 942434 AriaExecutor.h:94] AriaExecutor 2 exits. 
I1126 13:43:02.490772 942436 AriaExecutor.h:94] AriaExecutor 4 exits. 
I1126 13:43:02.490782 942441 AriaExecutor.h:94] AriaExecutor 9 exits. 
I1126 13:43:02.490701 942413 AriaExecutor.h:535] Worker 0 latency: 570 us (50%) 750 us (75%) 891 us (95%) 921 us (99%).
I1126 13:43:02.577207 942413 AriaExecutor.h:535] Worker 1 latency: 569 us (50%) 749 us (75%) 890 us (95%) 920 us (99%).
I1126 13:43:02.670970 942413 AriaExecutor.h:535] Worker 2 latency: 570 us (50%) 750 us (75%) 891 us (95%) 921 us (99%).
I1126 13:43:02.757335 942413 AriaExecutor.h:535] Worker 3 latency: 570 us (50%) 749 us (75%) 891 us (95%) 920 us (99%).
I1126 13:43:02.848831 942413 AriaExecutor.h:535] Worker 4 latency: 574 us (50%) 751 us (75%) 891 us (95%) 921 us (99%).
I1126 13:43:02.934813 942413 AriaExecutor.h:535] Worker 5 latency: 572 us (50%) 750 us (75%) 891 us (95%) 920 us (99%).
I1126 13:43:03.026160 942413 AriaExecutor.h:535] Worker 6 latency: 574 us (50%) 752 us (75%) 891 us (95%) 921 us (99%).
I1126 13:43:03.109808 942413 AriaExecutor.h:535] Worker 7 latency: 573 us (50%) 750 us (75%) 891 us (95%) 920 us (99%).
I1126 13:43:03.202769 942413 AriaExecutor.h:535] Worker 8 latency: 575 us (50%) 752 us (75%) 892 us (95%) 921 us (99%).
I1126 13:43:03.289278 942413 AriaExecutor.h:535] Worker 9 latency: 573 us (50%) 750 us (75%) 891 us (95%) 921 us (99%).
I1126 13:43:03.380329 942413 AriaExecutor.h:535] Worker 10 latency: 575 us (50%) 752 us (75%) 892 us (95%) 921 us (99%).
I1126 13:43:03.463763 942413 AriaExecutor.h:535] Worker 11 latency: 573 us (50%) 751 us (75%) 891 us (95%) 920 us (99%).
I1126 13:43:03.554627 942413 Coordinator.h:177] total commit: 979810
I1126 13:43:04.554734 942413 Coordinator.h:192] Coordinator exits.
