I0912 00:04:26.589241 2953771 Database.h:65] ycsb initialization finished in 187 milliseconds.
I0912 00:04:26.589362 2953771 Coordinator.h:30] Coordinator initializes 16 workers.
I0912 00:04:26.597183 2953771 Coordinator.h:77] Coordinator starts to run 17 workers.
I0912 00:04:26.597229 2953791 AriaExecutor.h:82] AriaExecutor 0 started. 
I0912 00:04:26.597273 2953792 AriaExecutor.h:82] AriaExecutor 1 started. 
I0912 00:04:26.597311 2953793 AriaExecutor.h:82] AriaExecutor 2 started. 
I0912 00:04:26.597369 2953794 AriaExecutor.h:82] AriaExecutor 3 started. 
I0912 00:04:26.597383 2953795 AriaExecutor.h:82] AriaExecutor 4 started. 
I0912 00:04:26.597431 2953796 AriaExecutor.h:82] AriaExecutor 5 started. 
I0912 00:04:26.597460 2953797 AriaExecutor.h:82] AriaExecutor 6 started. 
I0912 00:04:26.597512 2953798 AriaExecutor.h:82] AriaExecutor 7 started. 
I0912 00:04:26.597540 2953799 AriaExecutor.h:82] AriaExecutor 8 started. 
I0912 00:04:26.597584 2953800 AriaExecutor.h:82] AriaExecutor 9 started. 
I0912 00:04:26.597618 2953801 AriaExecutor.h:82] AriaExecutor 10 started. 
I0912 00:04:26.597663 2953802 AriaExecutor.h:82] AriaExecutor 11 started. 
I0912 00:04:26.597698 2953803 AriaExecutor.h:82] AriaExecutor 12 started. 
I0912 00:04:26.597738 2953804 AriaExecutor.h:82] AriaExecutor 13 started. 
I0912 00:04:26.597781 2953805 AriaExecutor.h:82] AriaExecutor 14 started. 
I0912 00:04:26.597824 2953806 AriaExecutor.h:82] AriaExecutor 15 started. 
I0912 00:04:26.597856 2953807 Manager.h:224] Manager(worker id = 16) on the coordinator node started.
I0912 00:04:27.597914 2953771 Coordinator.h:126] commit: 26978 abort: 283294 (0/283294/0), network size: 0, avg network size: 0, si_in_serializable: 0 0 %, local: 0 %
I0912 00:04:28.598031 2953771 Coordinator.h:126] commit: 26767 abort: 283505 (0/283505/0), network size: 0, avg network size: 0, si_in_serializable: 0 0 %, local: 0 %
I0912 00:04:29.598112 2953771 Coordinator.h:126] commit: 26246 abort: 277184 (0/277184/0), network size: 0, avg network size: 0, si_in_serializable: 0 0 %, local: 0 %
I0912 00:04:30.598196 2953771 Coordinator.h:126] commit: 26875 abort: 281023 (0/281023/0), network size: 0, avg network size: 0, si_in_serializable: 0 0 %, local: 0 %
I0912 00:04:31.598301 2953771 Coordinator.h:126] commit: 27484 abort: 289956 (0/289956/0), network size: 0, avg network size: 0, si_in_serializable: 0 0 %, local: 0 %
I0912 00:04:32.598412 2953771 Coordinator.h:126] commit: 27955 abort: 293581 (0/293581/0), network size: 0, avg network size: 0, si_in_serializable: 0 0 %, local: 0 %
I0912 00:04:33.598497 2953771 Coordinator.h:126] commit: 28232 abort: 293304 (0/293304/0), network size: 0, avg network size: 0, si_in_serializable: 0 0 %, local: 0 %
I0912 00:04:34.598568 2953771 Coordinator.h:126] commit: 27660 abort: 292852 (0/292852/0), network size: 0, avg network size: 0, si_in_serializable: 0 0 %, local: 0 %
I0912 00:04:35.598659 2953771 Coordinator.h:126] commit: 27798 abort: 294762 (0/294762/0), network size: 0, avg network size: 0, si_in_serializable: 0 0 %, local: 0 %
I0912 00:04:36.598731 2953771 Coordinator.h:126] commit: 27162 abort: 285158 (0/285158/0), network size: 0, avg network size: 0, si_in_serializable: 0 0 %, local: 0 %
I0912 00:04:37.598824 2953771 Coordinator.h:126] commit: 27309 abort: 288083 (0/288083/0), network size: 0, avg network size: 0, si_in_serializable: 0 0 %, local: 0 %
I0912 00:04:38.598951 2953771 Coordinator.h:126] commit: 27552 abort: 292960 (0/292960/0), network size: 0, avg network size: 0, si_in_serializable: 0 0 %, local: 0 %
I0912 00:04:39.599045 2953771 Coordinator.h:126] commit: 27871 abort: 293665 (0/293665/0), network size: 0, avg network size: 0, si_in_serializable: 0 0 %, local: 0 %
I0912 00:04:40.599146 2953771 Coordinator.h:126] commit: 27991 abort: 294569 (0/294569/0), network size: 0, avg network size: 0, si_in_serializable: 0 0 %, local: 0 %
I0912 00:04:41.599241 2953771 Coordinator.h:126] commit: 28017 abort: 294543 (0/294543/0), network size: 0, avg network size: 0, si_in_serializable: 0 0 %, local: 0 %
I0912 00:04:42.599331 2953771 Coordinator.h:126] commit: 27916 abort: 294644 (0/294644/0), network size: 0, avg network size: 0, si_in_serializable: 0 0 %, local: 0 %
I0912 00:04:43.599426 2953771 Coordinator.h:126] commit: 28000 abort: 294560 (0/294560/0), network size: 0, avg network size: 0, si_in_serializable: 0 0 %, local: 0 %
I0912 00:04:44.599509 2953771 Coordinator.h:126] commit: 28013 abort: 294547 (0/294547/0), network size: 0, avg network size: 0, si_in_serializable: 0 0 %, local: 0 %
I0912 00:04:45.599591 2953771 Coordinator.h:126] commit: 27611 abort: 292901 (0/292901/0), network size: 0, avg network size: 0, si_in_serializable: 0 0 %, local: 0 %
I0912 00:04:46.599673 2953771 Coordinator.h:126] commit: 27985 abort: 293551 (0/293551/0), network size: 0, avg network size: 0, si_in_serializable: 0 0 %, local: 0 %
I0912 00:04:47.599763 2953771 Coordinator.h:126] commit: 27997 abort: 294563 (0/294563/0), network size: 0, avg network size: 0, si_in_serializable: 0 0 %, local: 0 %
I0912 00:04:48.599853 2953771 Coordinator.h:126] commit: 28015 abort: 294545 (0/294545/0), network size: 0, avg network size: 0, si_in_serializable: 0 0 %, local: 0 %
I0912 00:04:49.599936 2953771 Coordinator.h:126] commit: 27499 abort: 286869 (0/286869/0), network size: 0, avg network size: 0, si_in_serializable: 0 0 %, local: 0 %
I0912 00:04:50.600028 2953771 Coordinator.h:126] commit: 27897 abort: 294663 (0/294663/0), network size: 0, avg network size: 0, si_in_serializable: 0 0 %, local: 0 %
I0912 00:04:51.600117 2953771 Coordinator.h:126] commit: 28343 abort: 294217 (0/294217/0), network size: 0, avg network size: 0, si_in_serializable: 0 0 %, local: 0 %
I0912 00:04:51.600142 2953771 Coordinator.h:152] average commit: 27826.5 abort: 293402 (0/293402/0), network size: 0, avg network size: 0, si_in_serializable: 0 0 %, local: 0 %
I0912 00:04:51.600152 2953771 AriaExecutor.h:641] Worker 0 latency: 2991 us (50%) 3111 us (75%) 3181 us (95%) 3278 us (99%).
I0912 00:04:51.602772 2953791 AriaExecutor.h:94] AriaExecutor 0 exits. 
I0912 00:04:51.602787 2953802 AriaExecutor.h:94] AriaExecutor 11 exits. 
I0912 00:04:51.602800 2953794 AriaExecutor.h:94] AriaExecutor 3 exits. 
I0912 00:04:51.602777 2953795 AriaExecutor.h:94] AriaExecutor 4 exits. 
I0912 00:04:51.602772 2953805 AriaExecutor.h:94] AriaExecutor 14 exits. 
I0912 00:04:51.602780 2953807 Manager.h:227] Manager(worker id = 16) on the coordinator node exits.
I0912 00:04:51.602779 2953801 AriaExecutor.h:94] AriaExecutor 10 exits. 
I0912 00:04:51.602782 2953803 AriaExecutor.h:94] AriaExecutor 12 exits. 
I0912 00:04:51.602782 2953793 AriaExecutor.h:94] AriaExecutor 2 exits. 
I0912 00:04:51.602787 2953798 AriaExecutor.h:94] AriaExecutor 7 exits. 
I0912 00:04:51.602788 2953806 AriaExecutor.h:94] AriaExecutor 15 exits. 
I0912 00:04:51.602787 2953804 AriaExecutor.h:94] AriaExecutor 13 exits. 
I0912 00:04:51.602787 2953800 AriaExecutor.h:94] AriaExecutor 9 exits. 
I0912 00:04:51.602789 2953792 AriaExecutor.h:94] AriaExecutor 1 exits. 
I0912 00:04:51.602790 2953796 AriaExecutor.h:94] AriaExecutor 5 exits. 
I0912 00:04:51.602773 2953797 AriaExecutor.h:94] AriaExecutor 6 exits. 
I0912 00:04:51.602777 2953799 AriaExecutor.h:94] AriaExecutor 8 exits. 
I0912 00:04:51.603013 2953771 AriaExecutor.h:641] Worker 1 latency: 2985 us (50%) 3109 us (75%) 3179 us (95%) 3273 us (99%).
I0912 00:04:51.605711 2953771 AriaExecutor.h:641] Worker 2 latency: 2988 us (50%) 3110 us (75%) 3180 us (95%) 3273 us (99%).
I0912 00:04:51.608085 2953771 AriaExecutor.h:641] Worker 3 latency: 2976 us (50%) 3107 us (75%) 3178 us (95%) 3271 us (99%).
I0912 00:04:51.610433 2953771 AriaExecutor.h:641] Worker 4 latency: 2975 us (50%) 3107 us (75%) 3179 us (95%) 3275 us (99%).
I0912 00:04:51.612748 2953771 AriaExecutor.h:641] Worker 5 latency: 2967 us (50%) 3104 us (75%) 3176 us (95%) 3270 us (99%).
I0912 00:04:51.615077 2953771 AriaExecutor.h:641] Worker 6 latency: 2973 us (50%) 3106 us (75%) 3177 us (95%) 3268 us (99%).
I0912 00:04:51.617362 2953771 AriaExecutor.h:641] Worker 7 latency: 2965 us (50%) 3103 us (75%) 3176 us (95%) 3267 us (99%).
I0912 00:04:51.619618 2953771 AriaExecutor.h:641] Worker 8 latency: 2960 us (50%) 3104 us (75%) 3178 us (95%) 3272 us (99%).
I0912 00:04:51.621853 2953771 AriaExecutor.h:641] Worker 9 latency: 2954 us (50%) 3102 us (75%) 3175 us (95%) 3268 us (99%).
I0912 00:04:51.624071 2953771 AriaExecutor.h:641] Worker 10 latency: 2957 us (50%) 3102 us (75%) 3176 us (95%) 3266 us (99%).
I0912 00:04:51.626268 2953771 AriaExecutor.h:641] Worker 11 latency: 2948 us (50%) 3100 us (75%) 3174 us (95%) 3269 us (99%).
I0912 00:04:51.628438 2953771 AriaExecutor.h:641] Worker 12 latency: 2948 us (50%) 3101 us (75%) 3176 us (95%) 3266 us (99%).
I0912 00:04:51.630589 2953771 AriaExecutor.h:641] Worker 13 latency: 2935 us (50%) 3098 us (75%) 3174 us (95%) 3265 us (99%).
I0912 00:04:51.632704 2953771 AriaExecutor.h:641] Worker 14 latency: 2942 us (50%) 3099 us (75%) 3174 us (95%) 3264 us (99%).
I0912 00:04:51.634799 2953771 AriaExecutor.h:641] Worker 15 latency: 2939 us (50%) 3098 us (75%) 3173 us (95%) 3262 us (99%).
I0912 00:04:51.636869 2953771 Coordinator.h:177] total commit: 27826.5
I0912 00:04:52.636982 2953771 Coordinator.h:192] Coordinator exits.
