I1126 17:11:10.751824 1050239 Database.h:65] ycsb initialization finished in 30 milliseconds.
I1126 17:11:10.751924 1050239 Coordinator.h:30] Coordinator initializes 12 workers.
I1126 17:11:10.758764 1050239 Coordinator.h:77] Coordinator starts to run 13 workers.
I1126 17:11:10.758831 1050255 AriaExecutor.h:91] AriaExecutor 0 started. 
I1126 17:11:10.758863 1050256 AriaExecutor.h:91] AriaExecutor 1 started. 
I1126 17:11:10.758903 1050257 AriaExecutor.h:91] AriaExecutor 2 started. 
I1126 17:11:10.758944 1050258 AriaExecutor.h:91] AriaExecutor 3 started. 
I1126 17:11:10.758970 1050259 AriaExecutor.h:91] AriaExecutor 4 started. 
I1126 17:11:10.759007 1050260 AriaExecutor.h:91] AriaExecutor 5 started. 
I1126 17:11:10.759042 1050261 AriaExecutor.h:91] AriaExecutor 6 started. 
I1126 17:11:10.759078 1050262 AriaExecutor.h:91] AriaExecutor 7 started. 
I1126 17:11:10.759115 1050263 AriaExecutor.h:91] AriaExecutor 8 started. 
I1126 17:11:10.759142 1050264 AriaExecutor.h:91] AriaExecutor 9 started. 
I1126 17:11:10.759177 1050265 AriaExecutor.h:91] AriaExecutor 10 started. 
I1126 17:11:10.759210 1050266 AriaExecutor.h:91] AriaExecutor 11 started. 
I1126 17:11:10.759248 1050267 Manager.h:224] Manager(worker id = 12) on the coordinator node started.
I1126 17:11:11.759295 1050239 Coordinator.h:126] commit: 1888751 abort: 121216 (0/121216/0), network size: 0, avg network size: 0, si_in_serializable: 0 0 %, local: 0 %
I1126 17:11:12.759404 1050239 Coordinator.h:126] commit: 1869663 abort: 120370 (0/120370/0), network size: 0, avg network size: 0, si_in_serializable: 0 0 %, local: 0 %
I1126 17:11:13.759523 1050239 Coordinator.h:126] commit: 1888244 abort: 121756 (0/121756/0), network size: 0, avg network size: 0, si_in_serializable: 0 0 %, local: 0 %
I1126 17:11:14.759629 1050239 Coordinator.h:126] commit: 1898317 abort: 121683 (0/121683/0), network size: 0, avg network size: 0, si_in_serializable: 0 0 %, local: 0 %
I1126 17:11:15.759719 1050239 Coordinator.h:126] commit: 1902834 abort: 122326 (0/122326/0), network size: 0, avg network size: 0, si_in_serializable: 0 0 %, local: 0 %
I1126 17:11:16.759810 1050239 Coordinator.h:126] commit: 1902047 abort: 122793 (0/122793/0), network size: 0, avg network size: 0, si_in_serializable: 0 0 %, local: 0 %
I1126 17:11:17.759909 1050239 Coordinator.h:126] commit: 1832281 abort: 117719 (0/117719/0), network size: 0, avg network size: 0, si_in_serializable: 0 0 %, local: 0 %
I1126 17:11:18.760000 1050239 Coordinator.h:126] commit: 1907372 abort: 122628 (0/122628/0), network size: 0, avg network size: 0, si_in_serializable: 0 0 %, local: 0 %
I1126 17:11:19.760135 1050239 Coordinator.h:126] commit: 1888149 abort: 121851 (0/121851/0), network size: 0, avg network size: 0, si_in_serializable: 0 0 %, local: 0 %
I1126 17:11:20.760246 1050239 Coordinator.h:126] commit: 1906495 abort: 123505 (0/123505/0), network size: 0, avg network size: 0, si_in_serializable: 0 0 %, local: 0 %
I1126 17:11:21.760349 1050239 Coordinator.h:126] commit: 1907243 abort: 122757 (0/122757/0), network size: 0, avg network size: 0, si_in_serializable: 0 0 %, local: 0 %
I1126 17:11:22.760440 1050239 Coordinator.h:126] commit: 1907696 abort: 122304 (0/122304/0), network size: 0, avg network size: 0, si_in_serializable: 0 0 %, local: 0 %
I1126 17:11:23.760546 1050239 Coordinator.h:126] commit: 1916937 abort: 123063 (0/123063/0), network size: 0, avg network size: 0, si_in_serializable: 0 0 %, local: 0 %
I1126 17:11:24.760648 1050239 Coordinator.h:126] commit: 1822679 abort: 117321 (0/117321/0), network size: 0, avg network size: 0, si_in_serializable: 0 0 %, local: 0 %
I1126 17:11:25.760752 1050239 Coordinator.h:126] commit: 1907053 abort: 122947 (0/122947/0), network size: 0, avg network size: 0, si_in_serializable: 0 0 %, local: 0 %
I1126 17:11:26.760851 1050239 Coordinator.h:126] commit: 1907353 abort: 122647 (0/122647/0), network size: 0, avg network size: 0, si_in_serializable: 0 0 %, local: 0 %
I1126 17:11:27.760952 1050239 Coordinator.h:126] commit: 1907205 abort: 122795 (0/122795/0), network size: 0, avg network size: 0, si_in_serializable: 0 0 %, local: 0 %
I1126 17:11:28.761049 1050239 Coordinator.h:126] commit: 1907005 abort: 122995 (0/122995/0), network size: 0, avg network size: 0, si_in_serializable: 0 0 %, local: 0 %
I1126 17:11:29.761150 1050239 Coordinator.h:126] commit: 1907272 abort: 122728 (0/122728/0), network size: 0, avg network size: 0, si_in_serializable: 0 0 %, local: 0 %
I1126 17:11:30.761247 1050239 Coordinator.h:126] commit: 1888706 abort: 121294 (0/121294/0), network size: 0, avg network size: 0, si_in_serializable: 0 0 %, local: 0 %
I1126 17:11:31.761344 1050239 Coordinator.h:126] commit: 1915978 abort: 122955 (0/122955/0), network size: 0, avg network size: 0, si_in_serializable: 0 0 %, local: 0 %
I1126 17:11:32.761458 1050239 Coordinator.h:126] commit: 1889751 abort: 121316 (0/121316/0), network size: 0, avg network size: 0, si_in_serializable: 0 0 %, local: 0 %
I1126 17:11:33.761544 1050239 Coordinator.h:126] commit: 1906889 abort: 123111 (0/123111/0), network size: 0, avg network size: 0, si_in_serializable: 0 0 %, local: 0 %
I1126 17:11:34.761631 1050239 Coordinator.h:126] commit: 1906685 abort: 123315 (0/123315/0), network size: 0, avg network size: 0, si_in_serializable: 0 0 %, local: 0 %
I1126 17:11:35.761729 1050239 Coordinator.h:126] commit: 1907508 abort: 122492 (0/122492/0), network size: 0, avg network size: 0, si_in_serializable: 0 0 %, local: 0 %
I1126 17:11:35.761749 1050239 Coordinator.h:152] average commit: 1.89791e+06 abort: 122085 (0/122085/0), network size: 0, avg network size: 0, si_in_serializable: 0 0 %, local: 0 %
I1126 17:11:35.763687 1050259 AriaExecutor.h:103] AriaExecutor 4 exits. 
I1126 17:11:35.763696 1050263 AriaExecutor.h:103] AriaExecutor 8 exits. 
I1126 17:11:35.763690 1050265 AriaExecutor.h:103] AriaExecutor 10 exits. 
I1126 17:11:35.763700 1050267 Manager.h:227] Manager(worker id = 12) on the coordinator node exits.
I1126 17:11:35.763705 1050258 AriaExecutor.h:103] AriaExecutor 3 exits. 
I1126 17:11:35.763701 1050266 AriaExecutor.h:103] AriaExecutor 11 exits. 
I1126 17:11:35.763703 1050256 AriaExecutor.h:103] AriaExecutor 1 exits. 
I1126 17:11:35.763701 1050261 AriaExecutor.h:103] AriaExecutor 6 exits. 
I1126 17:11:35.763705 1050264 AriaExecutor.h:103] AriaExecutor 9 exits. 
I1126 17:11:35.763687 1050257 AriaExecutor.h:103] AriaExecutor 2 exits. 
I1126 17:11:35.763705 1050262 AriaExecutor.h:103] AriaExecutor 7 exits. 
I1126 17:11:35.763702 1050260 AriaExecutor.h:103] AriaExecutor 5 exits. 
I1126 17:11:35.763687 1050255 AriaExecutor.h:103] AriaExecutor 0 exits. 
I1126 17:11:35.761756 1050239 AriaExecutor.h:621] Worker 0 latency: 3502 us (50%) 3933 us (75%) 4281 us (95%) 4380 us (99%).
I1126 17:11:35.912520 1050239 AriaExecutor.h:621] Worker 1 latency: 3488 us (50%) 3928 us (75%) 4279 us (95%) 4377 us (99%).
I1126 17:11:36.075011 1050239 AriaExecutor.h:621] Worker 2 latency: 3519 us (50%) 3943 us (75%) 4285 us (95%) 4384 us (99%).
I1126 17:11:36.223872 1050239 AriaExecutor.h:621] Worker 3 latency: 3490 us (50%) 3931 us (75%) 4280 us (95%) 4377 us (99%).
I1126 17:11:36.388151 1050239 AriaExecutor.h:621] Worker 4 latency: 3502 us (50%) 3935 us (75%) 4282 us (95%) 4379 us (99%).
I1126 17:11:36.536482 1050239 AriaExecutor.h:621] Worker 5 latency: 3491 us (50%) 3930 us (75%) 4280 us (95%) 4377 us (99%).
I1126 17:11:36.698303 1050239 AriaExecutor.h:621] Worker 6 latency: 3500 us (50%) 3931 us (75%) 4278 us (95%) 4376 us (99%).
I1126 17:11:36.849094 1050239 AriaExecutor.h:621] Worker 7 latency: 3496 us (50%) 3932 us (75%) 4278 us (95%) 4376 us (99%).
I1126 17:11:37.013521 1050239 AriaExecutor.h:621] Worker 8 latency: 3493 us (50%) 3929 us (75%) 4279 us (95%) 4378 us (99%).
I1126 17:11:37.164534 1050239 AriaExecutor.h:621] Worker 9 latency: 3495 us (50%) 3932 us (75%) 4279 us (95%) 4377 us (99%).
I1126 17:11:37.326623 1050239 AriaExecutor.h:621] Worker 10 latency: 3516 us (50%) 3942 us (75%) 4283 us (95%) 4380 us (99%).
I1126 17:11:37.477749 1050239 AriaExecutor.h:621] Worker 11 latency: 3479 us (50%) 3925 us (75%) 4276 us (95%) 4375 us (99%).
I1126 17:11:37.644797 1050239 Coordinator.h:177] total commit: 1.89791e+06
I1126 17:11:38.644906 1050239 Coordinator.h:192] Coordinator exits.
