I1126 15:53:52.402180 1023250 Database.h:65] ycsb initialization finished in 30 milliseconds.
I1126 15:53:52.402276 1023250 Coordinator.h:30] Coordinator initializes 12 workers.
I1126 15:53:52.474213 1023250 Coordinator.h:77] Coordinator starts to run 13 workers.
I1126 15:53:52.474272 1023266 AriaExecutor.h:93] AriaExecutor 0 started. 
I1126 15:53:52.474314 1023267 AriaExecutor.h:93] AriaExecutor 1 started. 
I1126 15:53:52.474349 1023268 AriaExecutor.h:93] AriaExecutor 2 started. 
I1126 15:53:52.474395 1023269 AriaExecutor.h:93] AriaExecutor 3 started. 
I1126 15:53:52.474479 1023271 AriaExecutor.h:93] AriaExecutor 5 started. 
I1126 15:53:52.474519 1023272 AriaExecutor.h:93] AriaExecutor 6 started. 
I1126 15:53:52.474556 1023273 AriaExecutor.h:93] AriaExecutor 7 started. 
I1126 15:53:52.474593 1023274 AriaExecutor.h:93] AriaExecutor 8 started. 
I1126 15:53:52.474635 1023275 AriaExecutor.h:93] AriaExecutor 9 started. 
I1126 15:53:52.474668 1023276 AriaExecutor.h:93] AriaExecutor 10 started. 
I1126 15:53:52.474710 1023277 AriaExecutor.h:93] AriaExecutor 11 started. 
I1126 15:53:52.474738 1023270 AriaExecutor.h:93] AriaExecutor 4 started. 
I1126 15:53:52.474742 1023278 Manager.h:224] Manager(worker id = 12) on the coordinator node started.
I1126 15:53:53.474810 1023250 Coordinator.h:126] commit: 566353 abort: 203647 (0/203647/0), network size: 0, avg network size: 0, si_in_serializable: 0 0 %, local: 0 %
I1126 15:53:54.474954 1023250 Coordinator.h:126] commit: 566086 abort: 203914 (0/203914/0), network size: 0, avg network size: 0, si_in_serializable: 0 0 %, local: 0 %
I1126 15:53:55.475085 1023250 Coordinator.h:126] commit: 566142 abort: 203858 (0/203858/0), network size: 0, avg network size: 0, si_in_serializable: 0 0 %, local: 0 %
I1126 15:53:56.475194 1023250 Coordinator.h:126] commit: 573988 abort: 206012 (0/206012/0), network size: 0, avg network size: 0, si_in_serializable: 0 0 %, local: 0 %
I1126 15:53:57.475294 1023250 Coordinator.h:126] commit: 581372 abort: 208628 (0/208628/0), network size: 0, avg network size: 0, si_in_serializable: 0 0 %, local: 0 %
I1126 15:53:58.475394 1023250 Coordinator.h:126] commit: 566599 abort: 203401 (0/203401/0), network size: 0, avg network size: 0, si_in_serializable: 0 0 %, local: 0 %
I1126 15:53:59.475502 1023250 Coordinator.h:126] commit: 566067 abort: 203933 (0/203933/0), network size: 0, avg network size: 0, si_in_serializable: 0 0 %, local: 0 %
I1126 15:54:00.475610 1023250 Coordinator.h:126] commit: 573419 abort: 206581 (0/206581/0), network size: 0, avg network size: 0, si_in_serializable: 0 0 %, local: 0 %
I1126 15:54:01.475749 1023250 Coordinator.h:126] commit: 573991 abort: 206009 (0/206009/0), network size: 0, avg network size: 0, si_in_serializable: 0 0 %, local: 0 %
I1126 15:54:02.475862 1023250 Coordinator.h:126] commit: 580437 abort: 209563 (0/209563/0), network size: 0, avg network size: 0, si_in_serializable: 0 0 %, local: 0 %
I1126 15:54:03.475961 1023250 Coordinator.h:126] commit: 572283 abort: 206465 (0/206465/0), network size: 0, avg network size: 0, si_in_serializable: 0 0 %, local: 0 %
I1126 15:54:04.476071 1023250 Coordinator.h:126] commit: 567094 abort: 204158 (0/204158/0), network size: 0, avg network size: 0, si_in_serializable: 0 0 %, local: 0 %
I1126 15:54:05.476169 1023250 Coordinator.h:126] commit: 573485 abort: 206515 (0/206515/0), network size: 0, avg network size: 0, si_in_serializable: 0 0 %, local: 0 %
I1126 15:54:06.476275 1023250 Coordinator.h:126] commit: 573627 abort: 206373 (0/206373/0), network size: 0, avg network size: 0, si_in_serializable: 0 0 %, local: 0 %
I1126 15:54:07.476373 1023250 Coordinator.h:126] commit: 572990 abort: 207010 (0/207010/0), network size: 0, avg network size: 0, si_in_serializable: 0 0 %, local: 0 %
I1126 15:54:08.476480 1023250 Coordinator.h:126] commit: 573744 abort: 206256 (0/206256/0), network size: 0, avg network size: 0, si_in_serializable: 0 0 %, local: 0 %
I1126 15:54:09.476555 1023250 Coordinator.h:126] commit: 573763 abort: 206237 (0/206237/0), network size: 0, avg network size: 0, si_in_serializable: 0 0 %, local: 0 %
I1126 15:54:10.476660 1023250 Coordinator.h:126] commit: 574223 abort: 205777 (0/205777/0), network size: 0, avg network size: 0, si_in_serializable: 0 0 %, local: 0 %
I1126 15:54:11.476763 1023250 Coordinator.h:126] commit: 573735 abort: 206265 (0/206265/0), network size: 0, avg network size: 0, si_in_serializable: 0 0 %, local: 0 %
I1126 15:54:12.476847 1023250 Coordinator.h:126] commit: 573683 abort: 206317 (0/206317/0), network size: 0, avg network size: 0, si_in_serializable: 0 0 %, local: 0 %
I1126 15:54:13.476925 1023250 Coordinator.h:126] commit: 573675 abort: 206325 (0/206325/0), network size: 0, avg network size: 0, si_in_serializable: 0 0 %, local: 0 %
I1126 15:54:14.477010 1023250 Coordinator.h:126] commit: 565837 abort: 203904 (0/203904/0), network size: 0, avg network size: 0, si_in_serializable: 0 0 %, local: 0 %
I1126 15:54:15.477113 1023250 Coordinator.h:126] commit: 559185 abort: 201074 (0/201074/0), network size: 0, avg network size: 0, si_in_serializable: 0 0 %, local: 0 %
I1126 15:54:16.477210 1023250 Coordinator.h:126] commit: 573605 abort: 206395 (0/206395/0), network size: 0, avg network size: 0, si_in_serializable: 0 0 %, local: 0 %
I1126 15:54:17.477289 1023250 Coordinator.h:126] commit: 573685 abort: 206315 (0/206315/0), network size: 0, avg network size: 0, si_in_serializable: 0 0 %, local: 0 %
I1126 15:54:17.477303 1023250 Coordinator.h:152] average commit: 572863 abort: 206137 (0/206137/0), network size: 0, avg network size: 0, si_in_serializable: 0 0 %, local: 0 %
I1126 15:54:17.482725 1023270 AriaExecutor.h:105] AriaExecutor 4 exits. 
I1126 15:54:17.482728 1023268 AriaExecutor.h:105] AriaExecutor 2 exits. 
I1126 15:54:17.482731 1023278 Manager.h:227] Manager(worker id = 12) on the coordinator node exits.
I1126 15:54:17.482740 1023273 AriaExecutor.h:105] AriaExecutor 7 exits. 
I1126 15:54:17.482731 1023274 AriaExecutor.h:105] AriaExecutor 8 exits. 
I1126 15:54:17.482733 1023272 AriaExecutor.h:105] AriaExecutor 6 exits. 
I1126 15:54:17.482740 1023269 AriaExecutor.h:105] AriaExecutor 3 exits. 
I1126 15:54:17.482740 1023271 AriaExecutor.h:105] AriaExecutor 5 exits. 
I1126 15:54:17.482740 1023267 AriaExecutor.h:105] AriaExecutor 1 exits. 
I1126 15:54:17.482740 1023277 AriaExecutor.h:105] AriaExecutor 11 exits. 
I1126 15:54:17.482741 1023275 AriaExecutor.h:105] AriaExecutor 9 exits. 
I1126 15:54:17.482730 1023266 AriaExecutor.h:105] AriaExecutor 0 exits. 
I1126 15:54:17.482731 1023276 AriaExecutor.h:105] AriaExecutor 10 exits. 
I1126 15:54:17.477313 1023250 AriaExecutor.h:672] Worker 0 latency: 8816 us (50%) 10522 us (75%) 11766 us (95%) 12027 us (99%).
I1126 15:54:17.531697 1023250 AriaExecutor.h:672] Worker 1 latency: 8807 us (50%) 10513 us (75%) 11759 us (95%) 12017 us (99%).
I1126 15:54:17.586308 1023250 AriaExecutor.h:672] Worker 2 latency: 8816 us (50%) 10518 us (75%) 11764 us (95%) 12023 us (99%).
I1126 15:54:17.640728 1023250 AriaExecutor.h:672] Worker 3 latency: 8791 us (50%) 10503 us (75%) 11756 us (95%) 12013 us (99%).
I1126 15:54:17.695777 1023250 AriaExecutor.h:672] Worker 4 latency: 8795 us (50%) 10502 us (75%) 11760 us (95%) 12021 us (99%).
I1126 15:54:17.749765 1023250 AriaExecutor.h:672] Worker 5 latency: 8776 us (50%) 10492 us (75%) 11755 us (95%) 12015 us (99%).
I1126 15:54:17.804239 1023250 AriaExecutor.h:672] Worker 6 latency: 8799 us (50%) 10506 us (75%) 11761 us (95%) 12021 us (99%).
I1126 15:54:17.859500 1023250 AriaExecutor.h:672] Worker 7 latency: 8789 us (50%) 10498 us (75%) 11755 us (95%) 12015 us (99%).
I1126 15:54:17.914564 1023250 AriaExecutor.h:672] Worker 8 latency: 8792 us (50%) 10504 us (75%) 11761 us (95%) 12023 us (99%).
I1126 15:54:17.969199 1023250 AriaExecutor.h:672] Worker 9 latency: 8795 us (50%) 10502 us (75%) 11757 us (95%) 12016 us (99%).
I1126 15:54:18.024910 1023250 AriaExecutor.h:672] Worker 10 latency: 8802 us (50%) 10509 us (75%) 11762 us (95%) 12023 us (99%).
I1126 15:54:18.079149 1023250 AriaExecutor.h:672] Worker 11 latency: 8800 us (50%) 10508 us (75%) 11758 us (95%) 12018 us (99%).
I1126 15:54:18.134099 1023250 Coordinator.h:177] total commit: 572863
I1126 15:54:19.134203 1023250 Coordinator.h:192] Coordinator exits.
