I1126 14:04:02.971695 955254 Database.h:65] ycsb initialization finished in 30 milliseconds.
I1126 14:04:02.971788 955254 Coordinator.h:30] Coordinator initializes 12 workers.
I1126 14:04:02.972718 955254 Coordinator.h:77] Coordinator starts to run 13 workers.
I1126 14:04:02.972765 955274 AriaExecutor.h:91] AriaExecutor 0 started. 
I1126 14:04:02.972796 955275 AriaExecutor.h:91] AriaExecutor 1 started. 
I1126 14:04:02.972837 955276 AriaExecutor.h:91] AriaExecutor 2 started. 
I1126 14:04:02.972877 955277 AriaExecutor.h:91] AriaExecutor 3 started. 
I1126 14:04:02.972968 955279 AriaExecutor.h:91] AriaExecutor 5 started. 
I1126 14:04:02.973021 955280 AriaExecutor.h:91] AriaExecutor 6 started. 
I1126 14:04:02.973059 955281 AriaExecutor.h:91] AriaExecutor 7 started. 
I1126 14:04:02.973098 955282 AriaExecutor.h:91] AriaExecutor 8 started. 
I1126 14:04:02.973145 955283 AriaExecutor.h:91] AriaExecutor 9 started. 
I1126 14:04:02.973179 955284 AriaExecutor.h:91] AriaExecutor 10 started. 
I1126 14:04:02.973225 955285 AriaExecutor.h:91] AriaExecutor 11 started. 
I1126 14:04:02.973253 955278 AriaExecutor.h:91] AriaExecutor 4 started. 
I1126 14:04:02.973254 955286 Manager.h:224] Manager(worker id = 12) on the coordinator node started.
I1126 14:04:03.973321 955254 Coordinator.h:126] commit: 1869927 abort: 9073 (0/9073/0), network size: 0, avg network size: 0, si_in_serializable: 0 0 %, local: 0 %
I1126 14:04:04.973449 955254 Coordinator.h:126] commit: 1844273 abort: 8727 (0/8727/0), network size: 0, avg network size: 0, si_in_serializable: 0 0 %, local: 0 %
I1126 14:04:05.973577 955254 Coordinator.h:126] commit: 1886117 abort: 8883 (0/8883/0), network size: 0, avg network size: 0, si_in_serializable: 0 0 %, local: 0 %
I1126 14:04:06.973681 955254 Coordinator.h:126] commit: 1876073 abort: 8927 (0/8927/0), network size: 0, avg network size: 0, si_in_serializable: 0 0 %, local: 0 %
I1126 14:04:07.973760 955254 Coordinator.h:126] commit: 1898013 abort: 8987 (0/8987/0), network size: 0, avg network size: 0, si_in_serializable: 0 0 %, local: 0 %
I1126 14:04:08.973841 955254 Coordinator.h:126] commit: 1896029 abort: 8971 (0/8971/0), network size: 0, avg network size: 0, si_in_serializable: 0 0 %, local: 0 %
I1126 14:04:09.973943 955254 Coordinator.h:126] commit: 1784488 abort: 8512 (0/8512/0), network size: 0, avg network size: 0, si_in_serializable: 0 0 %, local: 0 %
I1126 14:04:10.974056 955254 Coordinator.h:126] commit: 1895935 abort: 9065 (0/9065/0), network size: 0, avg network size: 0, si_in_serializable: 0 0 %, local: 0 %
I1126 14:04:11.974146 955254 Coordinator.h:126] commit: 1889989 abort: 9011 (0/9011/0), network size: 0, avg network size: 0, si_in_serializable: 0 0 %, local: 0 %
I1126 14:04:12.974232 955254 Coordinator.h:126] commit: 1897008 abort: 8992 (0/8992/0), network size: 0, avg network size: 0, si_in_serializable: 0 0 %, local: 0 %
I1126 14:04:13.974316 955254 Coordinator.h:126] commit: 1894996 abort: 9004 (0/9004/0), network size: 0, avg network size: 0, si_in_serializable: 0 0 %, local: 0 %
I1126 14:04:14.974409 955254 Coordinator.h:126] commit: 1893049 abort: 8951 (0/8951/0), network size: 0, avg network size: 0, si_in_serializable: 0 0 %, local: 0 %
I1126 14:04:15.974490 955254 Coordinator.h:126] commit: 1889067 abort: 8933 (0/8933/0), network size: 0, avg network size: 0, si_in_serializable: 0 0 %, local: 0 %
I1126 14:04:16.974573 955254 Coordinator.h:126] commit: 1703850 abort: 8150 (0/8150/0), network size: 0, avg network size: 0, si_in_serializable: 0 0 %, local: 0 %
I1126 14:04:17.974671 955254 Coordinator.h:126] commit: 1876079 abort: 8921 (0/8921/0), network size: 0, avg network size: 0, si_in_serializable: 0 0 %, local: 0 %
I1126 14:04:18.974753 955254 Coordinator.h:126] commit: 1892997 abort: 9003 (0/9003/0), network size: 0, avg network size: 0, si_in_serializable: 0 0 %, local: 0 %
I1126 14:04:19.974831 955254 Coordinator.h:126] commit: 1893914 abort: 9086 (0/9086/0), network size: 0, avg network size: 0, si_in_serializable: 0 0 %, local: 0 %
I1126 14:04:20.974905 955254 Coordinator.h:126] commit: 1890055 abort: 8945 (0/8945/0), network size: 0, avg network size: 0, si_in_serializable: 0 0 %, local: 0 %
I1126 14:04:21.974979 955254 Coordinator.h:126] commit: 1893987 abort: 9013 (0/9013/0), network size: 0, avg network size: 0, si_in_serializable: 0 0 %, local: 0 %
I1126 14:04:22.975052 955254 Coordinator.h:126] commit: 1891227 abort: 8773 (0/8773/0), network size: 0, avg network size: 0, si_in_serializable: 0 0 %, local: 0 %
I1126 14:04:23.975124 955254 Coordinator.h:126] commit: 1893843 abort: 9157 (0/9157/0), network size: 0, avg network size: 0, si_in_serializable: 0 0 %, local: 0 %
I1126 14:04:24.975206 955254 Coordinator.h:126] commit: 1889967 abort: 9033 (0/9033/0), network size: 0, avg network size: 0, si_in_serializable: 0 0 %, local: 0 %
I1126 14:04:25.975312 955254 Coordinator.h:126] commit: 1889094 abort: 8906 (0/8906/0), network size: 0, avg network size: 0, si_in_serializable: 0 0 %, local: 0 %
I1126 14:04:26.975404 955254 Coordinator.h:126] commit: 1891086 abort: 8919 (0/8919/0), network size: 0, avg network size: 0, si_in_serializable: 0 0 %, local: 0 %
I1126 14:04:27.975483 955254 Coordinator.h:126] commit: 1894095 abort: 8900 (0/8900/0), network size: 0, avg network size: 0, si_in_serializable: 0 0 %, local: 0 %
I1126 14:04:27.975504 955254 Coordinator.h:152] average commit: 1.87192e+06 abort: 8877.9 (0/8877.9/0), network size: 0, avg network size: 0, si_in_serializable: 0 0 %, local: 0 %
I1126 14:04:27.975826 955274 AriaExecutor.h:103] AriaExecutor 0 exits. 
I1126 14:04:27.975826 955284 AriaExecutor.h:103] AriaExecutor 10 exits. 
I1126 14:04:27.975842 955278 AriaExecutor.h:103] AriaExecutor 4 exits. 
I1126 14:04:27.975828 955282 AriaExecutor.h:103] AriaExecutor 8 exits. 
I1126 14:04:27.975843 955277 AriaExecutor.h:103] AriaExecutor 3 exits. 
I1126 14:04:27.975842 955280 AriaExecutor.h:103] AriaExecutor 6 exits. 
I1126 14:04:27.975843 955275 AriaExecutor.h:103] AriaExecutor 1 exits. 
I1126 14:04:27.975829 955276 AriaExecutor.h:103] AriaExecutor 2 exits. 
I1126 14:04:27.975844 955283 AriaExecutor.h:103] AriaExecutor 9 exits. 
I1126 14:04:27.975831 955286 Manager.h:227] Manager(worker id = 12) on the coordinator node exits.
I1126 14:04:27.975844 955285 AriaExecutor.h:103] AriaExecutor 11 exits. 
I1126 14:04:27.975842 955281 AriaExecutor.h:103] AriaExecutor 7 exits. 
I1126 14:04:27.975844 955279 AriaExecutor.h:103] AriaExecutor 5 exits. 
I1126 14:04:27.975513 955254 AriaExecutor.h:649] Worker 0 latency: 353 us (50%) 411 us (75%) 461 us (95%) 476 us (99%).
I1126 14:04:28.115142 955254 AriaExecutor.h:649] Worker 1 latency: 352 us (50%) 410 us (75%) 460 us (95%) 475 us (99%).
I1126 14:04:28.251071 955254 AriaExecutor.h:649] Worker 2 latency: 355 us (50%) 412 us (75%) 461 us (95%) 476 us (99%).
I1126 14:04:28.389792 955254 AriaExecutor.h:649] Worker 3 latency: 354 us (50%) 411 us (75%) 460 us (95%) 475 us (99%).
I1126 14:04:28.552181 955254 AriaExecutor.h:649] Worker 4 latency: 356 us (50%) 412 us (75%) 461 us (95%) 476 us (99%).
I1126 14:04:28.691124 955254 AriaExecutor.h:649] Worker 5 latency: 353 us (50%) 410 us (75%) 459 us (95%) 475 us (99%).
I1126 14:04:28.848664 955254 AriaExecutor.h:649] Worker 6 latency: 359 us (50%) 413 us (75%) 461 us (95%) 476 us (99%).
I1126 14:04:28.988551 955254 AriaExecutor.h:649] Worker 7 latency: 356 us (50%) 412 us (75%) 459 us (95%) 475 us (99%).
I1126 14:04:29.136760 955254 AriaExecutor.h:649] Worker 8 latency: 358 us (50%) 413 us (75%) 461 us (95%) 476 us (99%).
I1126 14:04:29.279531 955254 AriaExecutor.h:649] Worker 9 latency: 356 us (50%) 411 us (75%) 460 us (95%) 475 us (99%).
I1126 14:04:29.417949 955254 AriaExecutor.h:649] Worker 10 latency: 357 us (50%) 412 us (75%) 461 us (95%) 476 us (99%).
I1126 14:04:29.554234 955254 AriaExecutor.h:649] Worker 11 latency: 356 us (50%) 412 us (75%) 460 us (95%) 475 us (99%).
I1126 14:04:29.688272 955254 Coordinator.h:177] total commit: 1.87192e+06
I1126 14:04:30.688385 955254 Coordinator.h:192] Coordinator exits.
