I1126 15:07:42.471913 993272 Database.h:65] ycsb initialization finished in 30 milliseconds.
I1126 15:07:42.472018 993272 Coordinator.h:30] Coordinator initializes 12 workers.
I1126 15:07:42.478988 993272 Coordinator.h:77] Coordinator starts to run 13 workers.
I1126 15:07:42.479066 993288 AriaExecutor.h:91] AriaExecutor 0 started. 
I1126 15:07:42.479110 993289 AriaExecutor.h:91] AriaExecutor 1 started. 
I1126 15:07:42.479158 993290 AriaExecutor.h:91] AriaExecutor 2 started. 
I1126 15:07:42.479198 993291 AriaExecutor.h:91] AriaExecutor 3 started. 
I1126 15:07:42.479285 993293 AriaExecutor.h:91] AriaExecutor 5 started. 
I1126 15:07:42.479321 993294 AriaExecutor.h:91] AriaExecutor 6 started. 
I1126 15:07:42.479360 993295 AriaExecutor.h:91] AriaExecutor 7 started. 
I1126 15:07:42.479405 993296 AriaExecutor.h:91] AriaExecutor 8 started. 
I1126 15:07:42.479444 993297 AriaExecutor.h:91] AriaExecutor 9 started. 
I1126 15:07:42.479488 993298 AriaExecutor.h:91] AriaExecutor 10 started. 
I1126 15:07:42.479537 993299 AriaExecutor.h:91] AriaExecutor 11 started. 
I1126 15:07:42.479569 993292 AriaExecutor.h:91] AriaExecutor 4 started. 
I1126 15:07:42.479571 993300 Manager.h:224] Manager(worker id = 12) on the coordinator node started.
I1126 15:07:43.479637 993272 Coordinator.h:126] commit: 121079 abort: 1468921 (0/1468921/0), network size: 0, avg network size: 0, si_in_serializable: 0 0 %, local: 0 %
I1126 15:07:44.479746 993272 Coordinator.h:126] commit: 120258 abort: 1459742 (0/1459742/0), network size: 0, avg network size: 0, si_in_serializable: 0 0 %, local: 0 %
I1126 15:07:45.479867 993272 Coordinator.h:126] commit: 120917 abort: 1469083 (0/1469083/0), network size: 0, avg network size: 0, si_in_serializable: 0 0 %, local: 0 %
I1126 15:07:46.479971 993272 Coordinator.h:126] commit: 121294 abort: 1478706 (0/1478706/0), network size: 0, avg network size: 0, si_in_serializable: 0 0 %, local: 0 %
I1126 15:07:47.480048 993272 Coordinator.h:126] commit: 121830 abort: 1478170 (0/1478170/0), network size: 0, avg network size: 0, si_in_serializable: 0 0 %, local: 0 %
I1126 15:07:48.480125 993272 Coordinator.h:126] commit: 119757 abort: 1460243 (0/1460243/0), network size: 0, avg network size: 0, si_in_serializable: 0 0 %, local: 0 %
I1126 15:07:49.480224 993272 Coordinator.h:126] commit: 120994 abort: 1469006 (0/1469006/0), network size: 0, avg network size: 0, si_in_serializable: 0 0 %, local: 0 %
I1126 15:07:50.480319 993272 Coordinator.h:126] commit: 121979 abort: 1478021 (0/1478021/0), network size: 0, avg network size: 0, si_in_serializable: 0 0 %, local: 0 %
I1126 15:07:51.480422 993272 Coordinator.h:126] commit: 121724 abort: 1478276 (0/1478276/0), network size: 0, avg network size: 0, si_in_serializable: 0 0 %, local: 0 %
I1126 15:07:52.480520 993272 Coordinator.h:126] commit: 121855 abort: 1478145 (0/1478145/0), network size: 0, avg network size: 0, si_in_serializable: 0 0 %, local: 0 %
I1126 15:07:53.480602 993272 Coordinator.h:126] commit: 121565 abort: 1478435 (0/1478435/0), network size: 0, avg network size: 0, si_in_serializable: 0 0 %, local: 0 %
I1126 15:07:54.480688 993272 Coordinator.h:126] commit: 120968 abort: 1469032 (0/1469032/0), network size: 0, avg network size: 0, si_in_serializable: 0 0 %, local: 0 %
I1126 15:07:55.480777 993272 Coordinator.h:126] commit: 120722 abort: 1469278 (0/1469278/0), network size: 0, avg network size: 0, si_in_serializable: 0 0 %, local: 0 %
I1126 15:07:56.480882 993272 Coordinator.h:126] commit: 120545 abort: 1469455 (0/1469455/0), network size: 0, avg network size: 0, si_in_serializable: 0 0 %, local: 0 %
I1126 15:07:57.480975 993272 Coordinator.h:126] commit: 122038 abort: 1477962 (0/1477962/0), network size: 0, avg network size: 0, si_in_serializable: 0 0 %, local: 0 %
I1126 15:07:58.481076 993272 Coordinator.h:126] commit: 121447 abort: 1478553 (0/1478553/0), network size: 0, avg network size: 0, si_in_serializable: 0 0 %, local: 0 %
I1126 15:07:59.481159 993272 Coordinator.h:126] commit: 121801 abort: 1478199 (0/1478199/0), network size: 0, avg network size: 0, si_in_serializable: 0 0 %, local: 0 %
I1126 15:08:00.481240 993272 Coordinator.h:126] commit: 120525 abort: 1469475 (0/1469475/0), network size: 0, avg network size: 0, si_in_serializable: 0 0 %, local: 0 %
I1126 15:08:01.481336 993272 Coordinator.h:126] commit: 122102 abort: 1487898 (0/1487898/0), network size: 0, avg network size: 0, si_in_serializable: 0 0 %, local: 0 %
I1126 15:08:02.481417 993272 Coordinator.h:126] commit: 121891 abort: 1478109 (0/1478109/0), network size: 0, avg network size: 0, si_in_serializable: 0 0 %, local: 0 %
I1126 15:08:03.481498 993272 Coordinator.h:126] commit: 121879 abort: 1478121 (0/1478121/0), network size: 0, avg network size: 0, si_in_serializable: 0 0 %, local: 0 %
I1126 15:08:04.481570 993272 Coordinator.h:126] commit: 121528 abort: 1478472 (0/1478472/0), network size: 0, avg network size: 0, si_in_serializable: 0 0 %, local: 0 %
I1126 15:08:05.481657 993272 Coordinator.h:126] commit: 121636 abort: 1478364 (0/1478364/0), network size: 0, avg network size: 0, si_in_serializable: 0 0 %, local: 0 %
I1126 15:08:06.481752 993272 Coordinator.h:126] commit: 121699 abort: 1478301 (0/1478301/0), network size: 0, avg network size: 0, si_in_serializable: 0 0 %, local: 0 %
I1126 15:08:07.481829 993272 Coordinator.h:126] commit: 121437 abort: 1478563 (0/1478563/0), network size: 0, avg network size: 0, si_in_serializable: 0 0 %, local: 0 %
I1126 15:08:07.481839 993272 Coordinator.h:152] average commit: 121360 abort: 1.47564e+06 (0/1.47564e+06/0), network size: 0, avg network size: 0, si_in_serializable: 0 0 %, local: 0 %
I1126 15:08:07.482426 993300 Manager.h:227] Manager(worker id = 12) on the coordinator node exits.
I1126 15:08:07.482432 993294 AriaExecutor.h:103] AriaExecutor 6 exits. 
I1126 15:08:07.482439 993292 AriaExecutor.h:103] AriaExecutor 4 exits. 
I1126 15:08:07.482442 993290 AriaExecutor.h:103] AriaExecutor 2 exits. 
I1126 15:08:07.482440 993295 AriaExecutor.h:103] AriaExecutor 7 exits. 
I1126 15:08:07.482441 993293 AriaExecutor.h:103] AriaExecutor 5 exits. 
I1126 15:08:07.482442 993297 AriaExecutor.h:103] AriaExecutor 9 exits. 
I1126 15:08:07.482440 993298 AriaExecutor.h:103] AriaExecutor 10 exits. 
I1126 15:08:07.482441 993289 AriaExecutor.h:103] AriaExecutor 1 exits. 
I1126 15:08:07.482443 993296 AriaExecutor.h:103] AriaExecutor 8 exits. 
I1126 15:08:07.482445 993291 AriaExecutor.h:103] AriaExecutor 3 exits. 
I1126 15:08:07.482441 993299 AriaExecutor.h:103] AriaExecutor 11 exits. 
I1126 15:08:07.482441 993288 AriaExecutor.h:103] AriaExecutor 0 exits. 
I1126 15:08:07.481850 993272 AriaExecutor.h:649] Worker 0 latency: 5456 us (50%) 5876 us (75%) 6062 us (95%) 6130 us (99%).
I1126 15:08:07.494266 993272 AriaExecutor.h:649] Worker 1 latency: 5458 us (50%) 5875 us (75%) 6060 us (95%) 6126 us (99%).
I1126 15:08:07.506661 993272 AriaExecutor.h:649] Worker 2 latency: 5460 us (50%) 5873 us (75%) 6060 us (95%) 6127 us (99%).
I1126 15:08:07.518829 993272 AriaExecutor.h:649] Worker 3 latency: 5456 us (50%) 5873 us (75%) 6059 us (95%) 6125 us (99%).
I1126 15:08:07.531123 993272 AriaExecutor.h:649] Worker 4 latency: 5452 us (50%) 5872 us (75%) 6058 us (95%) 6126 us (99%).
I1126 15:08:07.543398 993272 AriaExecutor.h:649] Worker 5 latency: 5453 us (50%) 5870 us (75%) 6057 us (95%) 6125 us (99%).
I1126 15:08:07.555567 993272 AriaExecutor.h:649] Worker 6 latency: 5451 us (50%) 5870 us (75%) 6058 us (95%) 6126 us (99%).
I1126 15:08:07.567746 993272 AriaExecutor.h:649] Worker 7 latency: 5448 us (50%) 5868 us (75%) 6056 us (95%) 6124 us (99%).
I1126 15:08:07.579902 993272 AriaExecutor.h:649] Worker 8 latency: 5445 us (50%) 5868 us (75%) 6057 us (95%) 6126 us (99%).
I1126 15:08:07.592227 993272 AriaExecutor.h:649] Worker 9 latency: 5452 us (50%) 5866 us (75%) 6056 us (95%) 6124 us (99%).
I1126 15:08:07.604719 993272 AriaExecutor.h:649] Worker 10 latency: 5446 us (50%) 5867 us (75%) 6056 us (95%) 6124 us (99%).
I1126 15:08:07.616942 993272 AriaExecutor.h:649] Worker 11 latency: 5448 us (50%) 5865 us (75%) 6056 us (95%) 6124 us (99%).
I1126 15:08:07.629132 993272 Coordinator.h:177] total commit: 121360
I1126 15:08:08.629240 993272 Coordinator.h:192] Coordinator exits.
