I1126 15:03:15.374306 990161 Database.h:65] ycsb initialization finished in 30 milliseconds.
I1126 15:03:15.374408 990161 Coordinator.h:30] Coordinator initializes 12 workers.
I1126 15:03:15.381151 990161 Coordinator.h:77] Coordinator starts to run 13 workers.
I1126 15:03:15.381207 990177 AriaExecutor.h:91] AriaExecutor 0 started. 
I1126 15:03:15.381255 990178 AriaExecutor.h:91] AriaExecutor 1 started. 
I1126 15:03:15.381297 990179 AriaExecutor.h:91] AriaExecutor 2 started. 
I1126 15:03:15.381340 990180 AriaExecutor.h:91] AriaExecutor 3 started. 
I1126 15:03:15.381378 990181 AriaExecutor.h:91] AriaExecutor 4 started. 
I1126 15:03:15.381414 990182 AriaExecutor.h:91] AriaExecutor 5 started. 
I1126 15:03:15.381448 990183 AriaExecutor.h:91] AriaExecutor 6 started. 
I1126 15:03:15.381497 990184 AriaExecutor.h:91] AriaExecutor 7 started. 
I1126 15:03:15.381548 990185 AriaExecutor.h:91] AriaExecutor 8 started. 
I1126 15:03:15.381599 990186 AriaExecutor.h:91] AriaExecutor 9 started. 
I1126 15:03:15.381644 990187 AriaExecutor.h:91] AriaExecutor 10 started. 
I1126 15:03:15.381698 990188 AriaExecutor.h:91] AriaExecutor 11 started. 
I1126 15:03:15.381742 990189 Manager.h:224] Manager(worker id = 12) on the coordinator node started.
I1126 15:03:16.381807 990161 Coordinator.h:126] commit: 253160 abort: 1266840 (0/1266840/0), network size: 0, avg network size: 0, si_in_serializable: 0 0 %, local: 0 %
I1126 15:03:17.381943 990161 Coordinator.h:126] commit: 249250 abort: 1250750 (0/1250750/0), network size: 0, avg network size: 0, si_in_serializable: 0 0 %, local: 0 %
I1126 15:03:18.382079 990161 Coordinator.h:126] commit: 252818 abort: 1267182 (0/1267182/0), network size: 0, avg network size: 0, si_in_serializable: 0 0 %, local: 0 %
I1126 15:03:19.382193 990161 Coordinator.h:126] commit: 254665 abort: 1275335 (0/1275335/0), network size: 0, avg network size: 0, si_in_serializable: 0 0 %, local: 0 %
I1126 15:03:20.382297 990161 Coordinator.h:126] commit: 254324 abort: 1275676 (0/1275676/0), network size: 0, avg network size: 0, si_in_serializable: 0 0 %, local: 0 %
I1126 15:03:21.382402 990161 Coordinator.h:126] commit: 251439 abort: 1258561 (0/1258561/0), network size: 0, avg network size: 0, si_in_serializable: 0 0 %, local: 0 %
I1126 15:03:22.382527 990161 Coordinator.h:126] commit: 253750 abort: 1266250 (0/1266250/0), network size: 0, avg network size: 0, si_in_serializable: 0 0 %, local: 0 %
I1126 15:03:23.382637 990161 Coordinator.h:126] commit: 254773 abort: 1275227 (0/1275227/0), network size: 0, avg network size: 0, si_in_serializable: 0 0 %, local: 0 %
I1126 15:03:24.382737 990161 Coordinator.h:126] commit: 254902 abort: 1275098 (0/1275098/0), network size: 0, avg network size: 0, si_in_serializable: 0 0 %, local: 0 %
I1126 15:03:25.382838 990161 Coordinator.h:126] commit: 255106 abort: 1274894 (0/1274894/0), network size: 0, avg network size: 0, si_in_serializable: 0 0 %, local: 0 %
I1126 15:03:26.382936 990161 Coordinator.h:126] commit: 255006 abort: 1274994 (0/1274994/0), network size: 0, avg network size: 0, si_in_serializable: 0 0 %, local: 0 %
I1126 15:03:27.383038 990161 Coordinator.h:126] commit: 254303 abort: 1275697 (0/1275697/0), network size: 0, avg network size: 0, si_in_serializable: 0 0 %, local: 0 %
I1126 15:03:28.383142 990161 Coordinator.h:126] commit: 248113 abort: 1241887 (0/1241887/0), network size: 0, avg network size: 0, si_in_serializable: 0 0 %, local: 0 %
I1126 15:03:29.383247 990161 Coordinator.h:126] commit: 256180 abort: 1283820 (0/1283820/0), network size: 0, avg network size: 0, si_in_serializable: 0 0 %, local: 0 %
I1126 15:03:30.383348 990161 Coordinator.h:126] commit: 255256 abort: 1274744 (0/1274744/0), network size: 0, avg network size: 0, si_in_serializable: 0 0 %, local: 0 %
I1126 15:03:31.383447 990161 Coordinator.h:126] commit: 255245 abort: 1274755 (0/1274755/0), network size: 0, avg network size: 0, si_in_serializable: 0 0 %, local: 0 %
I1126 15:03:32.383574 990161 Coordinator.h:126] commit: 252625 abort: 1267375 (0/1267375/0), network size: 0, avg network size: 0, si_in_serializable: 0 0 %, local: 0 %
I1126 15:03:33.383678 990161 Coordinator.h:126] commit: 256399 abort: 1283601 (0/1283601/0), network size: 0, avg network size: 0, si_in_serializable: 0 0 %, local: 0 %
I1126 15:03:34.383778 990161 Coordinator.h:126] commit: 255108 abort: 1274892 (0/1274892/0), network size: 0, avg network size: 0, si_in_serializable: 0 0 %, local: 0 %
I1126 15:03:35.383877 990161 Coordinator.h:126] commit: 255396 abort: 1274604 (0/1274604/0), network size: 0, avg network size: 0, si_in_serializable: 0 0 %, local: 0 %
I1126 15:03:36.383975 990161 Coordinator.h:126] commit: 256110 abort: 1283890 (0/1283890/0), network size: 0, avg network size: 0, si_in_serializable: 0 0 %, local: 0 %
I1126 15:03:37.384078 990161 Coordinator.h:126] commit: 255253 abort: 1274747 (0/1274747/0), network size: 0, avg network size: 0, si_in_serializable: 0 0 %, local: 0 %
I1126 15:03:38.384178 990161 Coordinator.h:126] commit: 254491 abort: 1275509 (0/1275509/0), network size: 0, avg network size: 0, si_in_serializable: 0 0 %, local: 0 %
I1126 15:03:39.384279 990161 Coordinator.h:126] commit: 256276 abort: 1283724 (0/1283724/0), network size: 0, avg network size: 0, si_in_serializable: 0 0 %, local: 0 %
I1126 15:03:40.384377 990161 Coordinator.h:126] commit: 247846 abort: 1242154 (0/1242154/0), network size: 0, avg network size: 0, si_in_serializable: 0 0 %, local: 0 %
I1126 15:03:40.384402 990161 Coordinator.h:152] average commit: 254363 abort: 1.27264e+06 (0/1.27264e+06/0), network size: 0, avg network size: 0, si_in_serializable: 0 0 %, local: 0 %
I1126 15:03:40.387642 990181 AriaExecutor.h:103] AriaExecutor 4 exits. 
I1126 15:03:40.387655 990189 Manager.h:227] Manager(worker id = 12) on the coordinator node exits.
I1126 15:03:40.387646 990185 AriaExecutor.h:103] AriaExecutor 8 exits. 
I1126 15:03:40.387646 990187 AriaExecutor.h:103] AriaExecutor 10 exits. 
I1126 15:03:40.387647 990179 AriaExecutor.h:103] AriaExecutor 2 exits. 
I1126 15:03:40.387645 990183 AriaExecutor.h:103] AriaExecutor 6 exits. 
I1126 15:03:40.387657 990178 AriaExecutor.h:103] AriaExecutor 1 exits. 
I1126 15:03:40.387656 990186 AriaExecutor.h:103] AriaExecutor 9 exits. 
I1126 15:03:40.387646 990177 AriaExecutor.h:103] AriaExecutor 0 exits. 
I1126 15:03:40.387660 990184 AriaExecutor.h:103] AriaExecutor 7 exits. 
I1126 15:03:40.387657 990182 AriaExecutor.h:103] AriaExecutor 5 exits. 
I1126 15:03:40.387656 990180 AriaExecutor.h:103] AriaExecutor 3 exits. 
I1126 15:03:40.387657 990188 AriaExecutor.h:103] AriaExecutor 11 exits. 
I1126 15:03:40.384423 990161 AriaExecutor.h:649] Worker 0 latency: 5612 us (50%) 6034 us (75%) 6236 us (95%) 6312 us (99%).
I1126 15:03:40.409147 990161 AriaExecutor.h:649] Worker 1 latency: 5613 us (50%) 6034 us (75%) 6235 us (95%) 6312 us (99%).
I1126 15:03:40.432600 990161 AriaExecutor.h:649] Worker 2 latency: 5615 us (50%) 6035 us (75%) 6236 us (95%) 6313 us (99%).
I1126 15:03:40.456141 990161 AriaExecutor.h:649] Worker 3 latency: 5609 us (50%) 6032 us (75%) 6236 us (95%) 6313 us (99%).
I1126 15:03:40.479537 990161 AriaExecutor.h:649] Worker 4 latency: 5612 us (50%) 6033 us (75%) 6235 us (95%) 6312 us (99%).
I1126 15:03:40.503412 990161 AriaExecutor.h:649] Worker 5 latency: 5611 us (50%) 6031 us (75%) 6234 us (95%) 6310 us (99%).
I1126 15:03:40.526750 990161 AriaExecutor.h:649] Worker 6 latency: 5616 us (50%) 6034 us (75%) 6235 us (95%) 6312 us (99%).
I1126 15:03:40.550346 990161 AriaExecutor.h:649] Worker 7 latency: 5609 us (50%) 6030 us (75%) 6234 us (95%) 6310 us (99%).
I1126 15:03:40.573784 990161 AriaExecutor.h:649] Worker 8 latency: 5607 us (50%) 6030 us (75%) 6234 us (95%) 6311 us (99%).
I1126 15:03:40.597246 990161 AriaExecutor.h:649] Worker 9 latency: 5611 us (50%) 6030 us (75%) 6234 us (95%) 6309 us (99%).
I1126 15:03:40.620569 990161 AriaExecutor.h:649] Worker 10 latency: 5611 us (50%) 6032 us (75%) 6234 us (95%) 6312 us (99%).
I1126 15:03:40.644393 990161 AriaExecutor.h:649] Worker 11 latency: 5609 us (50%) 6031 us (75%) 6235 us (95%) 6314 us (99%).
I1126 15:03:40.668211 990161 Coordinator.h:177] total commit: 254363
I1126 15:03:41.668320 990161 Coordinator.h:192] Coordinator exits.
