I0911 23:06:28.457870 2942766 Database.h:65] ycsb initialization finished in 190 milliseconds.
I0911 23:06:28.457986 2942766 Coordinator.h:30] Coordinator initializes 16 workers.
I0911 23:06:28.474093 2942766 Coordinator.h:77] Coordinator starts to run 17 workers.
I0911 23:06:28.474156 2942786 AriaExecutor.h:82] AriaExecutor 0 started. 
I0911 23:06:28.474198 2942787 AriaExecutor.h:82] AriaExecutor 1 started. 
I0911 23:06:28.474247 2942788 AriaExecutor.h:82] AriaExecutor 2 started. 
I0911 23:06:28.474296 2942789 AriaExecutor.h:82] AriaExecutor 3 started. 
I0911 23:06:28.474327 2942790 AriaExecutor.h:82] AriaExecutor 4 started. 
I0911 23:06:28.474377 2942791 AriaExecutor.h:82] AriaExecutor 5 started. 
I0911 23:06:28.474416 2942792 AriaExecutor.h:82] AriaExecutor 6 started. 
I0911 23:06:28.474450 2942793 AriaExecutor.h:82] AriaExecutor 7 started. 
I0911 23:06:28.474489 2942794 AriaExecutor.h:82] AriaExecutor 8 started. 
I0911 23:06:28.474534 2942795 AriaExecutor.h:82] AriaExecutor 9 started. 
I0911 23:06:28.474570 2942796 AriaExecutor.h:82] AriaExecutor 10 started. 
I0911 23:06:28.474618 2942797 AriaExecutor.h:82] AriaExecutor 11 started. 
I0911 23:06:28.474654 2942798 AriaExecutor.h:82] AriaExecutor 12 started. 
I0911 23:06:28.474692 2942799 AriaExecutor.h:82] AriaExecutor 13 started. 
I0911 23:06:28.474726 2942800 AriaExecutor.h:82] AriaExecutor 14 started. 
I0911 23:06:28.474768 2942801 AriaExecutor.h:82] AriaExecutor 15 started. 
I0911 23:06:28.474802 2942802 Manager.h:224] Manager(worker id = 16) on the coordinator node started.
I0911 23:06:29.474862 2942766 Coordinator.h:126] commit: 184196 abort: 59516 (0/59516/0), network size: 0, avg network size: 0, si_in_serializable: 0 0 %, local: 0 %
I0911 23:06:30.475005 2942766 Coordinator.h:126] commit: 185654 abort: 60106 (0/60106/0), network size: 0, avg network size: 0, si_in_serializable: 0 0 %, local: 0 %
I0911 23:06:31.475121 2942766 Coordinator.h:126] commit: 179653 abort: 57915 (0/57915/0), network size: 0, avg network size: 0, si_in_serializable: 0 0 %, local: 0 %
I0911 23:06:32.475224 2942766 Coordinator.h:126] commit: 182836 abort: 58828 (0/58828/0), network size: 0, avg network size: 0, si_in_serializable: 0 0 %, local: 0 %
I0911 23:06:33.475379 2942766 Coordinator.h:126] commit: 188993 abort: 60863 (0/60863/0), network size: 0, avg network size: 0, si_in_serializable: 0 0 %, local: 0 %
I0911 23:06:34.475507 2942766 Coordinator.h:126] commit: 189183 abort: 60673 (0/60673/0), network size: 0, avg network size: 0, si_in_serializable: 0 0 %, local: 0 %
I0911 23:06:35.475618 2942766 Coordinator.h:126] commit: 190889 abort: 61015 (0/61015/0), network size: 0, avg network size: 0, si_in_serializable: 0 0 %, local: 0 %
I0911 23:06:36.475706 2942766 Coordinator.h:126] commit: 189081 abort: 60775 (0/60775/0), network size: 0, avg network size: 0, si_in_serializable: 0 0 %, local: 0 %
I0911 23:06:37.475785 2942766 Coordinator.h:126] commit: 190734 abort: 61170 (0/61170/0), network size: 0, avg network size: 0, si_in_serializable: 0 0 %, local: 0 %
I0911 23:06:38.475864 2942766 Coordinator.h:126] commit: 184242 abort: 59470 (0/59470/0), network size: 0, avg network size: 0, si_in_serializable: 0 0 %, local: 0 %
I0911 23:06:39.475951 2942766 Coordinator.h:126] commit: 190386 abort: 61518 (0/61518/0), network size: 0, avg network size: 0, si_in_serializable: 0 0 %, local: 0 %
I0911 23:06:40.476047 2942766 Coordinator.h:126] commit: 184248 abort: 59464 (0/59464/0), network size: 0, avg network size: 0, si_in_serializable: 0 0 %, local: 0 %
I0911 23:06:41.476135 2942766 Coordinator.h:126] commit: 188928 abort: 60928 (0/60928/0), network size: 0, avg network size: 0, si_in_serializable: 0 0 %, local: 0 %
I0911 23:06:42.476259 2942766 Coordinator.h:126] commit: 190324 abort: 61580 (0/61580/0), network size: 0, avg network size: 0, si_in_serializable: 0 0 %, local: 0 %
I0911 23:06:43.476382 2942766 Coordinator.h:126] commit: 188887 abort: 60969 (0/60969/0), network size: 0, avg network size: 0, si_in_serializable: 0 0 %, local: 0 %
I0911 23:06:44.476469 2942766 Coordinator.h:126] commit: 190332 abort: 61572 (0/61572/0), network size: 0, avg network size: 0, si_in_serializable: 0 0 %, local: 0 %
I0911 23:06:45.476572 2942766 Coordinator.h:126] commit: 190429 abort: 61475 (0/61475/0), network size: 0, avg network size: 0, si_in_serializable: 0 0 %, local: 0 %
I0911 23:06:46.476656 2942766 Coordinator.h:126] commit: 190689 abort: 61215 (0/61215/0), network size: 0, avg network size: 0, si_in_serializable: 0 0 %, local: 0 %
I0911 23:06:47.476737 2942766 Coordinator.h:126] commit: 190232 abort: 61672 (0/61672/0), network size: 0, avg network size: 0, si_in_serializable: 0 0 %, local: 0 %
I0911 23:06:48.476814 2942766 Coordinator.h:126] commit: 188677 abort: 61179 (0/61179/0), network size: 0, avg network size: 0, si_in_serializable: 0 0 %, local: 0 %
I0911 23:06:49.476914 2942766 Coordinator.h:126] commit: 190702 abort: 61202 (0/61202/0), network size: 0, avg network size: 0, si_in_serializable: 0 0 %, local: 0 %
I0911 23:06:50.477020 2942766 Coordinator.h:126] commit: 190654 abort: 61250 (0/61250/0), network size: 0, avg network size: 0, si_in_serializable: 0 0 %, local: 0 %
I0911 23:06:51.477123 2942766 Coordinator.h:126] commit: 185930 abort: 59830 (0/59830/0), network size: 0, avg network size: 0, si_in_serializable: 0 0 %, local: 0 %
I0911 23:06:52.477205 2942766 Coordinator.h:126] commit: 185813 abort: 59947 (0/59947/0), network size: 0, avg network size: 0, si_in_serializable: 0 0 %, local: 0 %
I0911 23:06:53.477294 2942766 Coordinator.h:126] commit: 190354 abort: 61550 (0/61550/0), network size: 0, avg network size: 0, si_in_serializable: 0 0 %, local: 0 %
I0911 23:06:53.477324 2942766 Coordinator.h:152] average commit: 189313 abort: 61157.2 (0/61157.2/0), network size: 0, avg network size: 0, si_in_serializable: 0 0 %, local: 0 %
I0911 23:06:53.481877 2942792 AriaExecutor.h:94] AriaExecutor 6 exits. 
I0911 23:06:53.481889 2942801 AriaExecutor.h:94] AriaExecutor 15 exits. 
I0911 23:06:53.481904 2942797 AriaExecutor.h:94] AriaExecutor 11 exits. 
I0911 23:06:53.481880 2942796 AriaExecutor.h:94] AriaExecutor 10 exits. 
I0911 23:06:53.481877 2942802 Manager.h:227] Manager(worker id = 16) on the coordinator node exits.
I0911 23:06:53.481880 2942798 AriaExecutor.h:94] AriaExecutor 12 exits. 
I0911 23:06:53.481889 2942789 AriaExecutor.h:94] AriaExecutor 3 exits. 
I0911 23:06:53.481877 2942788 AriaExecutor.h:94] AriaExecutor 2 exits. 
I0911 23:06:53.481890 2942799 AriaExecutor.h:94] AriaExecutor 13 exits. 
I0911 23:06:53.481880 2942790 AriaExecutor.h:94] AriaExecutor 4 exits. 
I0911 23:06:53.481892 2942791 AriaExecutor.h:94] AriaExecutor 5 exits. 
I0911 23:06:53.481892 2942787 AriaExecutor.h:94] AriaExecutor 1 exits. 
I0911 23:06:53.481892 2942795 AriaExecutor.h:94] AriaExecutor 9 exits. 
I0911 23:06:53.481894 2942793 AriaExecutor.h:94] AriaExecutor 7 exits. 
I0911 23:06:53.481902 2942794 AriaExecutor.h:94] AriaExecutor 8 exits. 
I0911 23:06:53.481878 2942800 AriaExecutor.h:94] AriaExecutor 14 exits. 
I0911 23:06:53.481881 2942786 AriaExecutor.h:94] AriaExecutor 0 exits. 
I0911 23:06:53.477336 2942766 AriaExecutor.h:641] Worker 0 latency: 5913 us (50%) 6906 us (75%) 7619 us (95%) 7784 us (99%).
I0911 23:06:53.491834 2942766 AriaExecutor.h:641] Worker 1 latency: 5913 us (50%) 6906 us (75%) 7617 us (95%) 7780 us (99%).
I0911 23:06:53.506170 2942766 AriaExecutor.h:641] Worker 2 latency: 5933 us (50%) 6914 us (75%) 7618 us (95%) 7783 us (99%).
I0911 23:06:53.520222 2942766 AriaExecutor.h:641] Worker 3 latency: 5930 us (50%) 6914 us (75%) 7618 us (95%) 7781 us (99%).
I0911 23:06:53.534536 2942766 AriaExecutor.h:641] Worker 4 latency: 5908 us (50%) 6904 us (75%) 7617 us (95%) 7782 us (99%).
I0911 23:06:53.548728 2942766 AriaExecutor.h:641] Worker 5 latency: 5886 us (50%) 6892 us (75%) 7616 us (95%) 7781 us (99%).
I0911 23:06:53.562963 2942766 AriaExecutor.h:641] Worker 6 latency: 5930 us (50%) 6911 us (75%) 7615 us (95%) 7779 us (99%).
I0911 23:06:53.576972 2942766 AriaExecutor.h:641] Worker 7 latency: 5924 us (50%) 6912 us (75%) 7620 us (95%) 7783 us (99%).
I0911 23:06:53.591331 2942766 AriaExecutor.h:641] Worker 8 latency: 5908 us (50%) 6904 us (75%) 7616 us (95%) 7780 us (99%).
I0911 23:06:53.605635 2942766 AriaExecutor.h:641] Worker 9 latency: 5914 us (50%) 6906 us (75%) 7617 us (95%) 7780 us (99%).
I0911 23:06:53.619926 2942766 AriaExecutor.h:641] Worker 10 latency: 5940 us (50%) 6917 us (75%) 7617 us (95%) 7780 us (99%).
I0911 23:06:53.634094 2942766 AriaExecutor.h:641] Worker 11 latency: 5924 us (50%) 6911 us (75%) 7616 us (95%) 7780 us (99%).
I0911 23:06:53.648118 2942766 AriaExecutor.h:641] Worker 12 latency: 5924 us (50%) 6910 us (75%) 7614 us (95%) 7774 us (99%).
I0911 23:06:53.662312 2942766 AriaExecutor.h:641] Worker 13 latency: 5908 us (50%) 6905 us (75%) 7617 us (95%) 7784 us (99%).
I0911 23:06:53.676643 2942766 AriaExecutor.h:641] Worker 14 latency: 5936 us (50%) 6913 us (75%) 7616 us (95%) 7778 us (99%).
I0911 23:06:53.690908 2942766 AriaExecutor.h:641] Worker 15 latency: 5929 us (50%) 6913 us (75%) 7616 us (95%) 7779 us (99%).
I0911 23:06:53.705193 2942766 Coordinator.h:177] total commit: 189313
I0911 23:06:54.705308 2942766 Coordinator.h:192] Coordinator exits.
