I1126 15:05:29.092099 991496 Database.h:65] ycsb initialization finished in 30 milliseconds.
I1126 15:05:29.092187 991496 Coordinator.h:30] Coordinator initializes 12 workers.
I1126 15:05:29.093086 991496 Coordinator.h:77] Coordinator starts to run 13 workers.
I1126 15:05:29.093134 991514 AriaExecutor.h:91] AriaExecutor 0 started. 
I1126 15:05:29.093168 991516 AriaExecutor.h:91] AriaExecutor 1 started. 
I1126 15:05:29.093209 991517 AriaExecutor.h:91] AriaExecutor 2 started. 
I1126 15:05:29.093251 991518 AriaExecutor.h:91] AriaExecutor 3 started. 
I1126 15:05:29.093343 991520 AriaExecutor.h:91] AriaExecutor 5 started. 
I1126 15:05:29.093380 991521 AriaExecutor.h:91] AriaExecutor 6 started. 
I1126 15:05:29.093416 991522 AriaExecutor.h:91] AriaExecutor 7 started. 
I1126 15:05:29.093456 991523 AriaExecutor.h:91] AriaExecutor 8 started. 
I1126 15:05:29.093497 991524 AriaExecutor.h:91] AriaExecutor 9 started. 
I1126 15:05:29.093535 991525 AriaExecutor.h:91] AriaExecutor 10 started. 
I1126 15:05:29.093580 991526 AriaExecutor.h:91] AriaExecutor 11 started. 
I1126 15:05:29.093609 991519 AriaExecutor.h:91] AriaExecutor 4 started. 
I1126 15:05:29.093611 991527 Manager.h:224] Manager(worker id = 12) on the coordinator node started.
I1126 15:05:30.093673 991496 Coordinator.h:126] commit: 1131416 abort: 893584 (0/893584/0), network size: 0, avg network size: 0, si_in_serializable: 0 0 %, local: 0 %
I1126 15:05:31.093787 991496 Coordinator.h:126] commit: 1109677 abort: 874323 (0/874323/0), network size: 0, avg network size: 0, si_in_serializable: 0 0 %, local: 0 %
I1126 15:05:32.093904 991496 Coordinator.h:126] commit: 1124979 abort: 889021 (0/889021/0), network size: 0, avg network size: 0, si_in_serializable: 0 0 %, local: 0 %
I1126 15:05:33.093991 991496 Coordinator.h:126] commit: 1144742 abort: 905173 (0/905173/0), network size: 0, avg network size: 0, si_in_serializable: 0 0 %, local: 0 %
I1126 15:05:34.094069 991496 Coordinator.h:126] commit: 1143097 abort: 901988 (0/901988/0), network size: 0, avg network size: 0, si_in_serializable: 0 0 %, local: 0 %
I1126 15:05:35.094146 991496 Coordinator.h:126] commit: 1109202 abort: 876798 (0/876798/0), network size: 0, avg network size: 0, si_in_serializable: 0 0 %, local: 0 %
I1126 15:05:36.094226 991496 Coordinator.h:126] commit: 1140145 abort: 902855 (0/902855/0), network size: 0, avg network size: 0, si_in_serializable: 0 0 %, local: 0 %
I1126 15:05:37.094343 991496 Coordinator.h:126] commit: 1128207 abort: 892793 (0/892793/0), network size: 0, avg network size: 0, si_in_serializable: 0 0 %, local: 0 %
I1126 15:05:38.094426 991496 Coordinator.h:126] commit: 1140016 abort: 901984 (0/901984/0), network size: 0, avg network size: 0, si_in_serializable: 0 0 %, local: 0 %
I1126 15:05:39.094504 991496 Coordinator.h:126] commit: 1145859 abort: 906141 (0/906141/0), network size: 0, avg network size: 0, si_in_serializable: 0 0 %, local: 0 %
I1126 15:05:40.094579 991496 Coordinator.h:126] commit: 1127164 abort: 890336 (0/890336/0), network size: 0, avg network size: 0, si_in_serializable: 0 0 %, local: 0 %
I1126 15:05:41.094659 991496 Coordinator.h:126] commit: 1064975 abort: 841525 (0/841525/0), network size: 0, avg network size: 0, si_in_serializable: 0 0 %, local: 0 %
I1126 15:05:42.094753 991496 Coordinator.h:126] commit: 1144301 abort: 901699 (0/901699/0), network size: 0, avg network size: 0, si_in_serializable: 0 0 %, local: 0 %
I1126 15:05:43.094835 991496 Coordinator.h:126] commit: 1145158 abort: 905842 (0/905842/0), network size: 0, avg network size: 0, si_in_serializable: 0 0 %, local: 0 %
I1126 15:05:44.094928 991496 Coordinator.h:126] commit: 1128761 abort: 893239 (0/893239/0), network size: 0, avg network size: 0, si_in_serializable: 0 0 %, local: 0 %
I1126 15:05:45.095007 991496 Coordinator.h:126] commit: 1147380 abort: 905618 (0/905618/0), network size: 0, avg network size: 0, si_in_serializable: 0 0 %, local: 0 %
I1126 15:05:46.095088 991496 Coordinator.h:126] commit: 1143315 abort: 900687 (0/900687/0), network size: 0, avg network size: 0, si_in_serializable: 0 0 %, local: 0 %
I1126 15:05:47.095183 991496 Coordinator.h:126] commit: 1146814 abort: 905186 (0/905186/0), network size: 0, avg network size: 0, si_in_serializable: 0 0 %, local: 0 %
I1126 15:05:48.095268 991496 Coordinator.h:126] commit: 1144826 abort: 903174 (0/903174/0), network size: 0, avg network size: 0, si_in_serializable: 0 0 %, local: 0 %
I1126 15:05:49.095342 991496 Coordinator.h:126] commit: 1146824 abort: 906176 (0/906176/0), network size: 0, avg network size: 0, si_in_serializable: 0 0 %, local: 0 %
I1126 15:05:50.095415 991496 Coordinator.h:126] commit: 1142395 abort: 904605 (0/904605/0), network size: 0, avg network size: 0, si_in_serializable: 0 0 %, local: 0 %
I1126 15:05:51.095500 991496 Coordinator.h:126] commit: 1112209 abort: 877791 (0/877791/0), network size: 0, avg network size: 0, si_in_serializable: 0 0 %, local: 0 %
I1126 15:05:52.095597 991496 Coordinator.h:126] commit: 1041320 abort: 822680 (0/822680/0), network size: 0, avg network size: 0, si_in_serializable: 0 0 %, local: 0 %
I1126 15:05:53.095676 991496 Coordinator.h:126] commit: 1144772 abort: 904228 (0/904228/0), network size: 0, avg network size: 0, si_in_serializable: 0 0 %, local: 0 %
I1126 15:05:54.095753 991496 Coordinator.h:126] commit: 1144924 abort: 905076 (0/905076/0), network size: 0, avg network size: 0, si_in_serializable: 0 0 %, local: 0 %
I1126 15:05:54.095765 991496 Coordinator.h:152] average commit: 1.13395e+06 abort: 895348 (0/895348/0), network size: 0, avg network size: 0, si_in_serializable: 0 0 %, local: 0 %
I1126 15:05:54.095839 991527 Manager.h:227] Manager(worker id = 12) on the coordinator node exits.
I1126 15:05:54.095840 991521 AriaExecutor.h:103] AriaExecutor 6 exits. 
I1126 15:05:54.095839 991514 AriaExecutor.h:103] AriaExecutor 0 exits. 
I1126 15:05:54.095852 991518 AriaExecutor.h:103] AriaExecutor 3 exits. 
I1126 15:05:54.095852 991524 AriaExecutor.h:103] AriaExecutor 9 exits. 
I1126 15:05:54.095852 991516 AriaExecutor.h:103] AriaExecutor 1 exits. 
I1126 15:05:54.095852 991526 AriaExecutor.h:103] AriaExecutor 11 exits. 
I1126 15:05:54.095844 991519 AriaExecutor.h:103] AriaExecutor 4 exits. 
I1126 15:05:54.095842 991525 AriaExecutor.h:103] AriaExecutor 10 exits. 
I1126 15:05:54.095852 991520 AriaExecutor.h:103] AriaExecutor 5 exits. 
I1126 15:05:54.095842 991517 AriaExecutor.h:103] AriaExecutor 2 exits. 
I1126 15:05:54.095840 991523 AriaExecutor.h:103] AriaExecutor 8 exits. 
I1126 15:05:54.095853 991522 AriaExecutor.h:103] AriaExecutor 7 exits. 
I1126 15:05:54.095774 991496 AriaExecutor.h:649] Worker 0 latency: 350 us (50%) 405 us (75%) 444 us (95%) 458 us (99%).
I1126 15:05:54.183561 991496 AriaExecutor.h:649] Worker 1 latency: 349 us (50%) 404 us (75%) 443 us (95%) 457 us (99%).
I1126 15:05:54.286940 991496 AriaExecutor.h:649] Worker 2 latency: 351 us (50%) 405 us (75%) 444 us (95%) 458 us (99%).
I1126 15:05:54.378153 991496 AriaExecutor.h:649] Worker 3 latency: 351 us (50%) 404 us (75%) 443 us (95%) 457 us (99%).
I1126 15:05:54.466440 991496 AriaExecutor.h:649] Worker 4 latency: 353 us (50%) 406 us (75%) 444 us (95%) 457 us (99%).
I1126 15:05:54.552671 991496 AriaExecutor.h:649] Worker 5 latency: 351 us (50%) 404 us (75%) 443 us (95%) 456 us (99%).
I1126 15:05:54.637578 991496 AriaExecutor.h:649] Worker 6 latency: 354 us (50%) 405 us (75%) 444 us (95%) 457 us (99%).
I1126 15:05:54.726424 991496 AriaExecutor.h:649] Worker 7 latency: 351 us (50%) 404 us (75%) 443 us (95%) 456 us (99%).
I1126 15:05:54.813014 991496 AriaExecutor.h:649] Worker 8 latency: 354 us (50%) 406 us (75%) 444 us (95%) 457 us (99%).
I1126 15:05:54.900418 991496 AriaExecutor.h:649] Worker 9 latency: 351 us (50%) 404 us (75%) 443 us (95%) 456 us (99%).
I1126 15:05:54.999069 991496 AriaExecutor.h:649] Worker 10 latency: 355 us (50%) 406 us (75%) 444 us (95%) 457 us (99%).
I1126 15:05:55.087826 991496 AriaExecutor.h:649] Worker 11 latency: 353 us (50%) 405 us (75%) 443 us (95%) 456 us (99%).
I1126 15:05:55.187022 991496 Coordinator.h:177] total commit: 1.13395e+06
I1126 15:05:56.187139 991496 Coordinator.h:192] Coordinator exits.
