I1126 18:20:57.222366 1076099 Database.h:65] ycsb initialization finished in 30 milliseconds.
I1126 18:20:57.222458 1076099 Coordinator.h:30] Coordinator initializes 12 workers.
I1126 18:20:57.229499 1076099 Coordinator.h:77] Coordinator starts to run 13 workers.
I1126 18:20:57.229568 1076115 AriaExecutor.h:91] AriaExecutor 0 started. 
I1126 18:20:57.229588 1076116 AriaExecutor.h:91] AriaExecutor 1 started. 
I1126 18:20:57.229633 1076117 AriaExecutor.h:91] AriaExecutor 2 started. 
I1126 18:20:57.229672 1076118 AriaExecutor.h:91] AriaExecutor 3 started. 
I1126 18:20:57.229699 1076119 AriaExecutor.h:91] AriaExecutor 4 started. 
I1126 18:20:57.229735 1076120 AriaExecutor.h:91] AriaExecutor 5 started. 
I1126 18:20:57.229770 1076121 AriaExecutor.h:91] AriaExecutor 6 started. 
I1126 18:20:57.229805 1076122 AriaExecutor.h:91] AriaExecutor 7 started. 
I1126 18:20:57.229842 1076123 AriaExecutor.h:91] AriaExecutor 8 started. 
I1126 18:20:57.229874 1076124 AriaExecutor.h:91] AriaExecutor 9 started. 
I1126 18:20:57.229902 1076125 AriaExecutor.h:91] AriaExecutor 10 started. 
I1126 18:20:57.229935 1076126 AriaExecutor.h:91] AriaExecutor 11 started. 
I1126 18:20:57.229969 1076127 Manager.h:224] Manager(worker id = 12) on the coordinator node started.
I1126 18:20:58.230018 1076099 Coordinator.h:126] commit: 1018885 abort: 1111115 (0/1111115/0), network size: 0, avg network size: 0, si_in_serializable: 0 0 %, local: 0 %
I1126 18:20:59.230134 1076099 Coordinator.h:126] commit: 1009578 abort: 1100422 (0/1100422/0), network size: 0, avg network size: 0, si_in_serializable: 0 0 %, local: 0 %
I1126 18:21:00.230257 1076099 Coordinator.h:126] commit: 1028323 abort: 1121677 (0/1121677/0), network size: 0, avg network size: 0, si_in_serializable: 0 0 %, local: 0 %
I1126 18:21:01.230326 1076099 Coordinator.h:126] commit: 1022807 abort: 1117193 (0/1117193/0), network size: 0, avg network size: 0, si_in_serializable: 0 0 %, local: 0 %
I1126 18:21:02.230412 1076099 Coordinator.h:126] commit: 1027438 abort: 1122562 (0/1122562/0), network size: 0, avg network size: 0, si_in_serializable: 0 0 %, local: 0 %
I1126 18:21:03.230497 1076099 Coordinator.h:126] commit: 1024913 abort: 1115087 (0/1115087/0), network size: 0, avg network size: 0, si_in_serializable: 0 0 %, local: 0 %
I1126 18:21:04.230629 1076099 Coordinator.h:126] commit: 998858 abort: 1091142 (0/1091142/0), network size: 0, avg network size: 0, si_in_serializable: 0 0 %, local: 0 %
I1126 18:21:05.230732 1076099 Coordinator.h:126] commit: 1032731 abort: 1127269 (0/1127269/0), network size: 0, avg network size: 0, si_in_serializable: 0 0 %, local: 0 %
I1126 18:21:06.230820 1076099 Coordinator.h:126] commit: 1033414 abort: 1126586 (0/1126586/0), network size: 0, avg network size: 0, si_in_serializable: 0 0 %, local: 0 %
I1126 18:21:07.230911 1076099 Coordinator.h:126] commit: 1032215 abort: 1127785 (0/1127785/0), network size: 0, avg network size: 0, si_in_serializable: 0 0 %, local: 0 %
I1126 18:21:08.231019 1076099 Coordinator.h:126] commit: 1032655 abort: 1127345 (0/1127345/0), network size: 0, avg network size: 0, si_in_serializable: 0 0 %, local: 0 %
I1126 18:21:09.231134 1076099 Coordinator.h:126] commit: 1031755 abort: 1128245 (0/1128245/0), network size: 0, avg network size: 0, si_in_serializable: 0 0 %, local: 0 %
I1126 18:21:10.231241 1076099 Coordinator.h:126] commit: 975521 abort: 1064479 (0/1064479/0), network size: 0, avg network size: 0, si_in_serializable: 0 0 %, local: 0 %
I1126 18:21:11.231345 1076099 Coordinator.h:126] commit: 1031340 abort: 1128660 (0/1128660/0), network size: 0, avg network size: 0, si_in_serializable: 0 0 %, local: 0 %
I1126 18:21:12.231448 1076099 Coordinator.h:126] commit: 1023345 abort: 1116655 (0/1116655/0), network size: 0, avg network size: 0, si_in_serializable: 0 0 %, local: 0 %
I1126 18:21:13.231541 1076099 Coordinator.h:126] commit: 1030223 abort: 1119777 (0/1119777/0), network size: 0, avg network size: 0, si_in_serializable: 0 0 %, local: 0 %
I1126 18:21:14.231662 1076099 Coordinator.h:126] commit: 1027965 abort: 1122035 (0/1122035/0), network size: 0, avg network size: 0, si_in_serializable: 0 0 %, local: 0 %
I1126 18:21:15.231757 1076099 Coordinator.h:126] commit: 1034274 abort: 1125726 (0/1125726/0), network size: 0, avg network size: 0, si_in_serializable: 0 0 %, local: 0 %
I1126 18:21:16.231853 1076099 Coordinator.h:126] commit: 1037244 abort: 1132756 (0/1132756/0), network size: 0, avg network size: 0, si_in_serializable: 0 0 %, local: 0 %
I1126 18:21:17.231935 1076099 Coordinator.h:126] commit: 1032900 abort: 1127100 (0/1127100/0), network size: 0, avg network size: 0, si_in_serializable: 0 0 %, local: 0 %
I1126 18:21:18.232030 1076099 Coordinator.h:126] commit: 1032616 abort: 1127384 (0/1127384/0), network size: 0, avg network size: 0, si_in_serializable: 0 0 %, local: 0 %
I1126 18:21:19.232127 1076099 Coordinator.h:126] commit: 1032942 abort: 1127058 (0/1127058/0), network size: 0, avg network size: 0, si_in_serializable: 0 0 %, local: 0 %
I1126 18:21:20.232218 1076099 Coordinator.h:126] commit: 1033255 abort: 1126745 (0/1126745/0), network size: 0, avg network size: 0, si_in_serializable: 0 0 %, local: 0 %
I1126 18:21:21.232314 1076099 Coordinator.h:126] commit: 1033381 abort: 1126619 (0/1126619/0), network size: 0, avg network size: 0, si_in_serializable: 0 0 %, local: 0 %
I1126 18:21:22.232406 1076099 Coordinator.h:126] commit: 933010 abort: 1016990 (0/1016990/0), network size: 0, avg network size: 0, si_in_serializable: 0 0 %, local: 0 %
I1126 18:21:22.232440 1076099 Coordinator.h:152] average commit: 1.02572e+06 abort: 1.11928e+06 (0/1.11928e+06/0), network size: 0, avg network size: 0, si_in_serializable: 0 0 %, local: 0 %
I1126 18:21:22.233896 1076121 AriaExecutor.h:103] AriaExecutor 6 exits. 
I1126 18:21:22.233906 1076117 AriaExecutor.h:103] AriaExecutor 2 exits. 
I1126 18:21:22.233897 1076115 AriaExecutor.h:103] AriaExecutor 0 exits. 
I1126 18:21:22.233909 1076116 AriaExecutor.h:103] AriaExecutor 1 exits. 
I1126 18:21:22.233901 1076127 Manager.h:227] Manager(worker id = 12) on the coordinator node exits.
I1126 18:21:22.233906 1076123 AriaExecutor.h:103] AriaExecutor 8 exits. 
I1126 18:21:22.233908 1076119 AriaExecutor.h:103] AriaExecutor 4 exits. 
I1126 18:21:22.233908 1076122 AriaExecutor.h:103] AriaExecutor 7 exits. 
I1126 18:21:22.233908 1076120 AriaExecutor.h:103] AriaExecutor 5 exits. 
I1126 18:21:22.233911 1076124 AriaExecutor.h:103] AriaExecutor 9 exits. 
I1126 18:21:22.233911 1076126 AriaExecutor.h:103] AriaExecutor 11 exits. 
I1126 18:21:22.233912 1076118 AriaExecutor.h:103] AriaExecutor 3 exits. 
I1126 18:21:22.233906 1076125 AriaExecutor.h:103] AriaExecutor 10 exits. 
I1126 18:21:22.232450 1076099 AriaExecutor.h:621] Worker 0 latency: 3483 us (50%) 3964 us (75%) 4280 us (95%) 4374 us (99%).
I1126 18:21:22.320120 1076099 AriaExecutor.h:621] Worker 1 latency: 3491 us (50%) 3965 us (75%) 4279 us (95%) 4372 us (99%).
I1126 18:21:22.407152 1076099 AriaExecutor.h:621] Worker 2 latency: 3496 us (50%) 3970 us (75%) 4281 us (95%) 4373 us (99%).
I1126 18:21:22.493791 1076099 AriaExecutor.h:621] Worker 3 latency: 3485 us (50%) 3963 us (75%) 4278 us (95%) 4370 us (99%).
I1126 18:21:22.581080 1076099 AriaExecutor.h:621] Worker 4 latency: 3490 us (50%) 3967 us (75%) 4280 us (95%) 4374 us (99%).
I1126 18:21:22.667274 1076099 AriaExecutor.h:621] Worker 5 latency: 3494 us (50%) 3967 us (75%) 4280 us (95%) 4373 us (99%).
I1126 18:21:22.753252 1076099 AriaExecutor.h:621] Worker 6 latency: 3499 us (50%) 3972 us (75%) 4281 us (95%) 4372 us (99%).
I1126 18:21:22.840726 1076099 AriaExecutor.h:621] Worker 7 latency: 3492 us (50%) 3966 us (75%) 4278 us (95%) 4370 us (99%).
I1126 18:21:22.927259 1076099 AriaExecutor.h:621] Worker 8 latency: 3486 us (50%) 3966 us (75%) 4280 us (95%) 4372 us (99%).
I1126 18:21:23.016115 1076099 AriaExecutor.h:621] Worker 9 latency: 3496 us (50%) 3968 us (75%) 4279 us (95%) 4371 us (99%).
I1126 18:21:23.103899 1076099 AriaExecutor.h:621] Worker 10 latency: 3496 us (50%) 3971 us (75%) 4281 us (95%) 4373 us (99%).
I1126 18:21:23.189313 1076099 AriaExecutor.h:621] Worker 11 latency: 3491 us (50%) 3966 us (75%) 4278 us (95%) 4370 us (99%).
I1126 18:21:23.274123 1076099 Coordinator.h:177] total commit: 1.02572e+06
I1126 18:21:24.274232 1076099 Coordinator.h:192] Coordinator exits.
