I0911 23:07:49.092374 2943030 Database.h:65] ycsb initialization finished in 146 milliseconds.
I0911 23:07:49.092485 2943030 Coordinator.h:30] Coordinator initializes 16 workers.
I0911 23:07:49.100224 2943030 Coordinator.h:77] Coordinator starts to run 17 workers.
I0911 23:07:49.100286 2943050 AriaExecutor.h:82] AriaExecutor 0 started. 
I0911 23:07:49.100323 2943051 AriaExecutor.h:82] AriaExecutor 1 started. 
I0911 23:07:49.100369 2943052 AriaExecutor.h:82] AriaExecutor 2 started. 
I0911 23:07:49.100414 2943053 AriaExecutor.h:82] AriaExecutor 3 started. 
I0911 23:07:49.100451 2943054 AriaExecutor.h:82] AriaExecutor 4 started. 
I0911 23:07:49.100492 2943055 AriaExecutor.h:82] AriaExecutor 5 started. 
I0911 23:07:49.100528 2943056 AriaExecutor.h:82] AriaExecutor 6 started. 
I0911 23:07:49.100574 2943057 AriaExecutor.h:82] AriaExecutor 7 started. 
I0911 23:07:49.100611 2943058 AriaExecutor.h:82] AriaExecutor 8 started. 
I0911 23:07:49.100652 2943059 AriaExecutor.h:82] AriaExecutor 9 started. 
I0911 23:07:49.100683 2943060 AriaExecutor.h:82] AriaExecutor 10 started. 
I0911 23:07:49.100725 2943061 AriaExecutor.h:82] AriaExecutor 11 started. 
I0911 23:07:49.100770 2943062 AriaExecutor.h:82] AriaExecutor 12 started. 
I0911 23:07:49.100811 2943063 AriaExecutor.h:82] AriaExecutor 13 started. 
I0911 23:07:49.100838 2943064 AriaExecutor.h:82] AriaExecutor 14 started. 
I0911 23:07:49.100891 2943065 AriaExecutor.h:82] AriaExecutor 15 started. 
I0911 23:07:49.100944 2943066 Manager.h:224] Manager(worker id = 16) on the coordinator node started.
I0911 23:07:50.100976 2943030 Coordinator.h:126] commit: 1382259 abort: 5512 (0/5512/0), network size: 0, avg network size: 0, si_in_serializable: 0 0 %, local: 0 %
I0911 23:07:51.101082 2943030 Coordinator.h:126] commit: 1365349 abort: 5536 (0/5536/0), network size: 0, avg network size: 0, si_in_serializable: 0 0 %, local: 0 %
I0911 23:07:52.101162 2943030 Coordinator.h:126] commit: 1316663 abort: 5321 (0/5321/0), network size: 0, avg network size: 0, si_in_serializable: 0 0 %, local: 0 %
I0911 23:07:53.101238 2943030 Coordinator.h:126] commit: 1316830 abort: 5154 (0/5154/0), network size: 0, avg network size: 0, si_in_serializable: 0 0 %, local: 0 %
I0911 23:07:54.101330 2943030 Coordinator.h:126] commit: 1381949 abort: 5571 (0/5571/0), network size: 0, avg network size: 0, si_in_serializable: 0 0 %, local: 0 %
I0911 23:07:55.101408 2943030 Coordinator.h:126] commit: 1392998 abort: 5786 (0/5786/0), network size: 0, avg network size: 0, si_in_serializable: 0 0 %, local: 0 %
I0911 23:07:56.101490 2943030 Coordinator.h:126] commit: 1368512 abort: 5392 (0/5392/0), network size: 0, avg network size: 0, si_in_serializable: 0 0 %, local: 0 %
I0911 23:07:57.101568 2943030 Coordinator.h:126] commit: 1390451 abort: 5565 (0/5565/0), network size: 0, avg network size: 0, si_in_serializable: 0 0 %, local: 0 %
I0911 23:07:58.101647 2943030 Coordinator.h:126] commit: 1381997 abort: 5523 (0/5523/0), network size: 0, avg network size: 0, si_in_serializable: 0 0 %, local: 0 %
I0911 23:07:59.101729 2943030 Coordinator.h:126] commit: 1392127 abort: 5633 (0/5633/0), network size: 0, avg network size: 0, si_in_serializable: 0 0 %, local: 0 %
I0911 23:08:00.101799 2943030 Coordinator.h:126] commit: 1346276 abort: 5404 (0/5404/0), network size: 0, avg network size: 0, si_in_serializable: 0 0 %, local: 0 %
I0911 23:08:01.101872 2943030 Coordinator.h:126] commit: 1346379 abort: 5301 (0/5301/0), network size: 0, avg network size: 0, si_in_serializable: 0 0 %, local: 0 %
I0911 23:08:02.101972 2943030 Coordinator.h:126] commit: 1334944 abort: 5472 (0/5472/0), network size: 0, avg network size: 0, si_in_serializable: 0 0 %, local: 0 %
I0911 23:08:03.102043 2943030 Coordinator.h:126] commit: 1393130 abort: 5654 (0/5654/0), network size: 0, avg network size: 0, si_in_serializable: 0 0 %, local: 0 %
I0911 23:08:04.102108 2943030 Coordinator.h:126] commit: 1388942 abort: 5746 (0/5746/0), network size: 0, avg network size: 0, si_in_serializable: 0 0 %, local: 0 %
I0911 23:08:05.102173 2943030 Coordinator.h:126] commit: 1390092 abort: 5620 (0/5620/0), network size: 0, avg network size: 0, si_in_serializable: 0 0 %, local: 0 %
I0911 23:08:06.102239 2943030 Coordinator.h:126] commit: 1393110 abort: 5674 (0/5674/0), network size: 0, avg network size: 0, si_in_serializable: 0 0 %, local: 0 %
I0911 23:08:07.102313 2943030 Coordinator.h:126] commit: 1390140 abort: 5572 (0/5572/0), network size: 0, avg network size: 0, si_in_serializable: 0 0 %, local: 0 %
I0911 23:08:08.102389 2943030 Coordinator.h:126] commit: 1390148 abort: 5564 (0/5564/0), network size: 0, avg network size: 0, si_in_serializable: 0 0 %, local: 0 %
I0911 23:08:09.102463 2943030 Coordinator.h:126] commit: 1386992 abort: 5648 (0/5648/0), network size: 0, avg network size: 0, si_in_serializable: 0 0 %, local: 0 %
I0911 23:08:10.102537 2943030 Coordinator.h:126] commit: 1394248 abort: 5560 (0/5560/0), network size: 0, avg network size: 0, si_in_serializable: 0 0 %, local: 0 %
I0911 23:08:11.102608 2943030 Coordinator.h:126] commit: 1360575 abort: 5441 (0/5441/0), network size: 0, avg network size: 0, si_in_serializable: 0 0 %, local: 0 %
I0911 23:08:12.102679 2943030 Coordinator.h:126] commit: 1394118 abort: 5690 (0/5690/0), network size: 0, avg network size: 0, si_in_serializable: 0 0 %, local: 0 %
I0911 23:08:13.102751 2943030 Coordinator.h:126] commit: 1363552 abort: 5536 (0/5536/0), network size: 0, avg network size: 0, si_in_serializable: 0 0 %, local: 0 %
I0911 23:08:14.102823 2943030 Coordinator.h:126] commit: 1267783 abort: 5049 (0/5049/0), network size: 0, avg network size: 0, si_in_serializable: 0 0 %, local: 0 %
I0911 23:08:14.102833 2943030 Coordinator.h:152] average commit: 1.37602e+06 abort: 5565.5 (0/5565.5/0), network size: 0, avg network size: 0, si_in_serializable: 0 0 %, local: 0 %
I0911 23:08:14.102959 2943054 AriaExecutor.h:94] AriaExecutor 4 exits. 
I0911 23:08:14.102968 2943062 AriaExecutor.h:94] AriaExecutor 12 exits. 
I0911 23:08:14.102964 2943064 AriaExecutor.h:94] AriaExecutor 14 exits. 
I0911 23:08:14.102963 2943060 AriaExecutor.h:94] AriaExecutor 10 exits. 
I0911 23:08:14.102981 2943053 AriaExecutor.h:94] AriaExecutor 3 exits. 
I0911 23:08:14.102968 2943058 AriaExecutor.h:94] AriaExecutor 8 exits. 
I0911 23:08:14.102977 2943063 AriaExecutor.h:94] AriaExecutor 13 exits. 
I0911 23:08:14.102978 2943065 AriaExecutor.h:94] AriaExecutor 15 exits. 
I0911 23:08:14.102977 2943055 AriaExecutor.h:94] AriaExecutor 5 exits. 
I0911 23:08:14.102977 2943057 AriaExecutor.h:94] AriaExecutor 7 exits. 
I0911 23:08:14.102967 2943052 AriaExecutor.h:94] AriaExecutor 2 exits. 
I0911 23:08:14.102967 2943066 Manager.h:227] Manager(worker id = 16) on the coordinator node exits.
I0911 23:08:14.102970 2943056 AriaExecutor.h:94] AriaExecutor 6 exits. 
I0911 23:08:14.102960 2943050 AriaExecutor.h:94] AriaExecutor 0 exits. 
I0911 23:08:14.102977 2943061 AriaExecutor.h:94] AriaExecutor 11 exits. 
I0911 23:08:14.102977 2943051 AriaExecutor.h:94] AriaExecutor 1 exits. 
I0911 23:08:14.102982 2943059 AriaExecutor.h:94] AriaExecutor 9 exits. 
I0911 23:08:14.102843 2943030 AriaExecutor.h:641] Worker 0 latency: 488 us (50%) 590 us (75%) 672 us (95%) 715 us (99%).
I0911 23:08:14.181123 2943030 AriaExecutor.h:641] Worker 1 latency: 487 us (50%) 589 us (75%) 671 us (95%) 714 us (99%).
I0911 23:08:14.260216 2943030 AriaExecutor.h:641] Worker 2 latency: 490 us (50%) 591 us (75%) 672 us (95%) 716 us (99%).
I0911 23:08:14.339485 2943030 AriaExecutor.h:641] Worker 3 latency: 487 us (50%) 588 us (75%) 671 us (95%) 714 us (99%).
I0911 23:08:14.417641 2943030 AriaExecutor.h:641] Worker 4 latency: 489 us (50%) 591 us (75%) 672 us (95%) 716 us (99%).
I0911 23:08:14.496194 2943030 AriaExecutor.h:641] Worker 5 latency: 486 us (50%) 588 us (75%) 671 us (95%) 714 us (99%).
I0911 23:08:14.575331 2943030 AriaExecutor.h:641] Worker 6 latency: 490 us (50%) 591 us (75%) 672 us (95%) 715 us (99%).
I0911 23:08:14.653652 2943030 AriaExecutor.h:641] Worker 7 latency: 487 us (50%) 588 us (75%) 671 us (95%) 714 us (99%).
I0911 23:08:14.731542 2943030 AriaExecutor.h:641] Worker 8 latency: 488 us (50%) 589 us (75%) 672 us (95%) 715 us (99%).
I0911 23:08:14.809510 2943030 AriaExecutor.h:641] Worker 9 latency: 486 us (50%) 588 us (75%) 671 us (95%) 714 us (99%).
I0911 23:08:14.889199 2943030 AriaExecutor.h:641] Worker 10 latency: 490 us (50%) 591 us (75%) 672 us (95%) 716 us (99%).
I0911 23:08:14.966785 2943030 AriaExecutor.h:641] Worker 11 latency: 486 us (50%) 588 us (75%) 671 us (95%) 714 us (99%).
I0911 23:08:15.046998 2943030 AriaExecutor.h:641] Worker 12 latency: 490 us (50%) 591 us (75%) 672 us (95%) 716 us (99%).
I0911 23:08:15.124666 2943030 AriaExecutor.h:641] Worker 13 latency: 485 us (50%) 587 us (75%) 671 us (95%) 714 us (99%).
I0911 23:08:15.205724 2943030 AriaExecutor.h:641] Worker 14 latency: 491 us (50%) 591 us (75%) 672 us (95%) 716 us (99%).
I0911 23:08:15.283623 2943030 AriaExecutor.h:641] Worker 15 latency: 486 us (50%) 587 us (75%) 670 us (95%) 714 us (99%).
I0911 23:08:15.362529 2943030 Coordinator.h:177] total commit: 1.37602e+06
I0911 23:08:16.362653 2943030 Coordinator.h:192] Coordinator exits.
