I1126 16:17:17.350957 1036743 Database.h:65] ycsb initialization finished in 30 milliseconds.
I1126 16:17:17.351063 1036743 Coordinator.h:30] Coordinator initializes 12 workers.
I1126 16:17:17.358573 1036743 Coordinator.h:77] Coordinator starts to run 13 workers.
I1126 16:17:17.358630 1036759 AriaExecutor.h:93] AriaExecutor 0 started. 
I1126 16:17:17.358659 1036760 AriaExecutor.h:93] AriaExecutor 1 started. 
I1126 16:17:17.358701 1036761 AriaExecutor.h:93] AriaExecutor 2 started. 
I1126 16:17:17.358744 1036762 AriaExecutor.h:93] AriaExecutor 3 started. 
I1126 16:17:17.358830 1036764 AriaExecutor.h:93] AriaExecutor 5 started. 
I1126 16:17:17.358870 1036765 AriaExecutor.h:93] AriaExecutor 6 started. 
I1126 16:17:17.358906 1036766 AriaExecutor.h:93] AriaExecutor 7 started. 
I1126 16:17:17.358945 1036767 AriaExecutor.h:93] AriaExecutor 8 started. 
I1126 16:17:17.358987 1036768 AriaExecutor.h:93] AriaExecutor 9 started. 
I1126 16:17:17.359040 1036769 AriaExecutor.h:93] AriaExecutor 10 started. 
I1126 16:17:17.359084 1036770 AriaExecutor.h:93] AriaExecutor 11 started. 
I1126 16:17:17.359112 1036763 AriaExecutor.h:93] AriaExecutor 4 started. 
I1126 16:17:17.359117 1036771 Manager.h:224] Manager(worker id = 12) on the coordinator node started.
I1126 16:17:18.359179 1036743 Coordinator.h:126] commit: 500 abort: 243500 (0/243500/0), network size: 0, avg network size: 0, si_in_serializable: 0 0 %, local: 0 %
I1126 16:17:19.359287 1036743 Coordinator.h:126] commit: 527 abort: 244473 (0/244473/0), network size: 0, avg network size: 0, si_in_serializable: 0 0 %, local: 0 %
I1126 16:17:20.359387 1036743 Coordinator.h:126] commit: 557 abort: 245443 (0/245443/0), network size: 0, avg network size: 0, si_in_serializable: 0 0 %, local: 0 %
I1126 16:17:21.359467 1036743 Coordinator.h:126] commit: 550 abort: 247450 (0/247450/0), network size: 0, avg network size: 0, si_in_serializable: 0 0 %, local: 0 %
I1126 16:17:22.359541 1036743 Coordinator.h:126] commit: 551 abort: 245449 (0/245449/0), network size: 0, avg network size: 0, si_in_serializable: 0 0 %, local: 0 %
I1126 16:17:23.359617 1036743 Coordinator.h:126] commit: 534 abort: 244466 (0/244466/0), network size: 0, avg network size: 0, si_in_serializable: 0 0 %, local: 0 %
I1126 16:17:24.359711 1036743 Coordinator.h:126] commit: 554 abort: 247446 (0/247446/0), network size: 0, avg network size: 0, si_in_serializable: 0 0 %, local: 0 %
I1126 16:17:25.359790 1036743 Coordinator.h:126] commit: 537 abort: 246463 (0/246463/0), network size: 0, avg network size: 0, si_in_serializable: 0 0 %, local: 0 %
I1126 16:17:26.359864 1036743 Coordinator.h:126] commit: 564 abort: 247436 (0/247436/0), network size: 0, avg network size: 0, si_in_serializable: 0 0 %, local: 0 %
I1126 16:17:27.359941 1036743 Coordinator.h:126] commit: 548 abort: 247452 (0/247452/0), network size: 0, avg network size: 0, si_in_serializable: 0 0 %, local: 0 %
I1126 16:17:28.360014 1036743 Coordinator.h:126] commit: 560 abort: 246440 (0/246440/0), network size: 0, avg network size: 0, si_in_serializable: 0 0 %, local: 0 %
I1126 16:17:29.360085 1036743 Coordinator.h:126] commit: 545 abort: 246455 (0/246455/0), network size: 0, avg network size: 0, si_in_serializable: 0 0 %, local: 0 %
I1126 16:17:30.360158 1036743 Coordinator.h:126] commit: 553 abort: 247447 (0/247447/0), network size: 0, avg network size: 0, si_in_serializable: 0 0 %, local: 0 %
I1126 16:17:31.360252 1036743 Coordinator.h:126] commit: 548 abort: 245452 (0/245452/0), network size: 0, avg network size: 0, si_in_serializable: 0 0 %, local: 0 %
I1126 16:17:32.360329 1036743 Coordinator.h:126] commit: 577 abort: 247423 (0/247423/0), network size: 0, avg network size: 0, si_in_serializable: 0 0 %, local: 0 %
I1126 16:17:33.360400 1036743 Coordinator.h:126] commit: 580 abort: 245420 (0/245420/0), network size: 0, avg network size: 0, si_in_serializable: 0 0 %, local: 0 %
I1126 16:17:34.360472 1036743 Coordinator.h:126] commit: 571 abort: 247429 (0/247429/0), network size: 0, avg network size: 0, si_in_serializable: 0 0 %, local: 0 %
I1126 16:17:35.360545 1036743 Coordinator.h:126] commit: 531 abort: 246469 (0/246469/0), network size: 0, avg network size: 0, si_in_serializable: 0 0 %, local: 0 %
I1126 16:17:36.360620 1036743 Coordinator.h:126] commit: 566 abort: 247434 (0/247434/0), network size: 0, avg network size: 0, si_in_serializable: 0 0 %, local: 0 %
I1126 16:17:37.360695 1036743 Coordinator.h:126] commit: 560 abort: 246440 (0/246440/0), network size: 0, avg network size: 0, si_in_serializable: 0 0 %, local: 0 %
I1126 16:17:38.360774 1036743 Coordinator.h:126] commit: 559 abort: 244441 (0/244441/0), network size: 0, avg network size: 0, si_in_serializable: 0 0 %, local: 0 %
I1126 16:17:39.360852 1036743 Coordinator.h:126] commit: 540 abort: 247460 (0/247460/0), network size: 0, avg network size: 0, si_in_serializable: 0 0 %, local: 0 %
I1126 16:17:40.360927 1036743 Coordinator.h:126] commit: 542 abort: 247458 (0/247458/0), network size: 0, avg network size: 0, si_in_serializable: 0 0 %, local: 0 %
I1126 16:17:41.361003 1036743 Coordinator.h:126] commit: 554 abort: 246446 (0/246446/0), network size: 0, avg network size: 0, si_in_serializable: 0 0 %, local: 0 %
I1126 16:17:42.361078 1036743 Coordinator.h:126] commit: 535 abort: 246465 (0/246465/0), network size: 0, avg network size: 0, si_in_serializable: 0 0 %, local: 0 %
I1126 16:17:42.361094 1036743 Coordinator.h:152] average commit: 559.1 abort: 246641 (0/246641/0), network size: 0, avg network size: 0, si_in_serializable: 0 0 %, local: 0 %
I1126 16:17:42.361106 1036743 AriaExecutor.h:672] Worker 0 latency: 4018 us (50%) 4046 us (75%) 4137 us (95%) 4278 us (99%).
I1126 16:17:42.362200 1036767 AriaExecutor.h:105] AriaExecutor 8 exits. 
I1126 16:17:42.362214 1036762 AriaExecutor.h:105] AriaExecutor 3 exits. 
I1126 16:17:42.362203 1036763 AriaExecutor.h:105] AriaExecutor 4 exits. 
I1126 16:17:42.362203 1036769 AriaExecutor.h:105] AriaExecutor 10 exits. 
I1126 16:17:42.362205 1036771 Manager.h:227] Manager(worker id = 12) on the coordinator node exits.
I1126 16:17:42.362206 1036761 AriaExecutor.h:105] AriaExecutor 2 exits. 
I1126 16:17:42.362206 1036765 AriaExecutor.h:105] AriaExecutor 6 exits. 
I1126 16:17:42.362214 1036760 AriaExecutor.h:105] AriaExecutor 1 exits. 
I1126 16:17:42.362214 1036770 AriaExecutor.h:105] AriaExecutor 11 exits. 
I1126 16:17:42.362214 1036764 AriaExecutor.h:105] AriaExecutor 5 exits. 
I1126 16:17:42.362215 1036768 AriaExecutor.h:105] AriaExecutor 9 exits. 
I1126 16:17:42.362214 1036766 AriaExecutor.h:105] AriaExecutor 7 exits. 
I1126 16:17:42.362200 1036759 AriaExecutor.h:105] AriaExecutor 0 exits. 
I1126 16:17:42.362546 1036743 AriaExecutor.h:672] Worker 1 latency: 4015 us (50%) 4043 us (75%) 4135 us (95%) 4268 us (99%).
I1126 16:17:42.362708 1036743 AriaExecutor.h:672] Worker 2 latency: 4009 us (50%) 4040 us (75%) 4126 us (95%) 4277 us (99%).
I1126 16:17:42.362774 1036743 AriaExecutor.h:672] Worker 3 latency: 4013 us (50%) 4044 us (75%) 4146 us (95%) 4369 us (99%).
I1126 16:17:42.362819 1036743 AriaExecutor.h:672] Worker 4 latency: 4008 us (50%) 4035 us (75%) 4105 us (95%) 4294 us (99%).
I1126 16:17:42.362867 1036743 AriaExecutor.h:672] Worker 5 latency: 4003 us (50%) 4037 us (75%) 4130 us (95%) 4275 us (99%).
I1126 16:17:42.362906 1036743 AriaExecutor.h:672] Worker 6 latency: 4009 us (50%) 4046 us (75%) 4143 us (95%) 4269 us (99%).
I1126 16:17:42.362934 1036743 AriaExecutor.h:672] Worker 7 latency: 4001 us (50%) 4035 us (75%) 4100 us (95%) 4342 us (99%).
I1126 16:17:42.362964 1036743 AriaExecutor.h:672] Worker 8 latency: 3989 us (50%) 4025 us (75%) 4091 us (95%) 4191 us (99%).
I1126 16:17:42.362987 1036743 AriaExecutor.h:672] Worker 9 latency: 4000 us (50%) 4032 us (75%) 4119 us (95%) 4225 us (99%).
I1126 16:17:42.363010 1036743 AriaExecutor.h:672] Worker 10 latency: 3994 us (50%) 4025 us (75%) 4073 us (95%) 4141 us (99%).
I1126 16:17:42.363029 1036743 AriaExecutor.h:672] Worker 11 latency: 3993 us (50%) 4037 us (75%) 4082 us (95%) 4257 us (99%).
I1126 16:17:42.363060 1036743 Coordinator.h:177] total commit: 559.1
I1126 16:17:43.363162 1036743 Coordinator.h:192] Coordinator exits.
