I1126 13:48:49.301162 946216 Database.h:65] ycsb initialization finished in 30 milliseconds.
I1126 13:48:49.301257 946216 Coordinator.h:30] Coordinator initializes 12 workers.
I1126 13:48:49.308794 946216 Coordinator.h:77] Coordinator starts to run 13 workers.
I1126 13:48:49.308880 946240 AriaExecutor.h:82] AriaExecutor 0 started. 
I1126 13:48:49.308897 946241 AriaExecutor.h:82] AriaExecutor 1 started. 
I1126 13:48:49.308959 946242 AriaExecutor.h:82] AriaExecutor 2 started. 
I1126 13:48:49.308984 946243 AriaExecutor.h:82] AriaExecutor 3 started. 
I1126 13:48:49.309031 946244 AriaExecutor.h:82] AriaExecutor 4 started. 
I1126 13:48:49.309058 946245 AriaExecutor.h:82] AriaExecutor 5 started. 
I1126 13:48:49.309101 946246 AriaExecutor.h:82] AriaExecutor 6 started. 
I1126 13:48:49.309124 946247 AriaExecutor.h:82] AriaExecutor 7 started. 
I1126 13:48:49.309171 946248 AriaExecutor.h:82] AriaExecutor 8 started. 
I1126 13:48:49.309201 946249 AriaExecutor.h:82] AriaExecutor 9 started. 
I1126 13:48:49.309237 946250 AriaExecutor.h:82] AriaExecutor 10 started. 
I1126 13:48:49.309267 946251 AriaExecutor.h:82] AriaExecutor 11 started. 
I1126 13:48:49.309302 946252 Manager.h:224] Manager(worker id = 12) on the coordinator node started.
I1126 13:48:50.309356 946216 Coordinator.h:126] commit: 848 abort: 168152 (0/168152/0), network size: 0, avg network size: 0, si_in_serializable: 0 0 %, local: 0 %
I1126 13:48:51.309479 946216 Coordinator.h:126] commit: 869 abort: 173131 (0/173131/0), network size: 0, avg network size: 0, si_in_serializable: 0 0 %, local: 0 %
I1126 13:48:52.309651 946216 Coordinator.h:126] commit: 918 abort: 178082 (0/178082/0), network size: 0, avg network size: 0, si_in_serializable: 0 0 %, local: 0 %
I1126 13:48:53.309755 946216 Coordinator.h:126] commit: 891 abort: 179109 (0/179109/0), network size: 0, avg network size: 0, si_in_serializable: 0 0 %, local: 0 %
I1126 13:48:54.309830 946216 Coordinator.h:126] commit: 873 abort: 179127 (0/179127/0), network size: 0, avg network size: 0, si_in_serializable: 0 0 %, local: 0 %
I1126 13:48:55.309907 946216 Coordinator.h:126] commit: 853 abort: 176147 (0/176147/0), network size: 0, avg network size: 0, si_in_serializable: 0 0 %, local: 0 %
I1126 13:48:56.310009 946216 Coordinator.h:126] commit: 894 abort: 179106 (0/179106/0), network size: 0, avg network size: 0, si_in_serializable: 0 0 %, local: 0 %
I1126 13:48:57.310086 946216 Coordinator.h:126] commit: 911 abort: 180089 (0/180089/0), network size: 0, avg network size: 0, si_in_serializable: 0 0 %, local: 0 %
I1126 13:48:58.310160 946216 Coordinator.h:126] commit: 888 abort: 178112 (0/178112/0), network size: 0, avg network size: 0, si_in_serializable: 0 0 %, local: 0 %
I1126 13:48:59.310237 946216 Coordinator.h:126] commit: 923 abort: 179077 (0/179077/0), network size: 0, avg network size: 0, si_in_serializable: 0 0 %, local: 0 %
I1126 13:49:00.310317 946216 Coordinator.h:126] commit: 874 abort: 178126 (0/178126/0), network size: 0, avg network size: 0, si_in_serializable: 0 0 %, local: 0 %
I1126 13:49:01.310438 946216 Coordinator.h:126] commit: 906 abort: 178094 (0/178094/0), network size: 0, avg network size: 0, si_in_serializable: 0 0 %, local: 0 %
I1126 13:49:02.310515 946216 Coordinator.h:126] commit: 890 abort: 178110 (0/178110/0), network size: 0, avg network size: 0, si_in_serializable: 0 0 %, local: 0 %
I1126 13:49:03.310600 946216 Coordinator.h:126] commit: 847 abort: 176153 (0/176153/0), network size: 0, avg network size: 0, si_in_serializable: 0 0 %, local: 0 %
I1126 13:49:04.310703 946216 Coordinator.h:126] commit: 938 abort: 176062 (0/176062/0), network size: 0, avg network size: 0, si_in_serializable: 0 0 %, local: 0 %
I1126 13:49:05.310825 946216 Coordinator.h:126] commit: 894 abort: 176106 (0/176106/0), network size: 0, avg network size: 0, si_in_serializable: 0 0 %, local: 0 %
I1126 13:49:06.310911 946216 Coordinator.h:126] commit: 884 abort: 176116 (0/176116/0), network size: 0, avg network size: 0, si_in_serializable: 0 0 %, local: 0 %
I1126 13:49:07.310985 946216 Coordinator.h:126] commit: 906 abort: 177094 (0/177094/0), network size: 0, avg network size: 0, si_in_serializable: 0 0 %, local: 0 %
I1126 13:49:08.311062 946216 Coordinator.h:126] commit: 852 abort: 176148 (0/176148/0), network size: 0, avg network size: 0, si_in_serializable: 0 0 %, local: 0 %
I1126 13:49:09.311146 946216 Coordinator.h:126] commit: 865 abort: 176135 (0/176135/0), network size: 0, avg network size: 0, si_in_serializable: 0 0 %, local: 0 %
I1126 13:49:10.311225 946216 Coordinator.h:126] commit: 862 abort: 176138 (0/176138/0), network size: 0, avg network size: 0, si_in_serializable: 0 0 %, local: 0 %
I1126 13:49:11.311305 946216 Coordinator.h:126] commit: 880 abort: 177120 (0/177120/0), network size: 0, avg network size: 0, si_in_serializable: 0 0 %, local: 0 %
I1126 13:49:12.311379 946216 Coordinator.h:126] commit: 895 abort: 176105 (0/176105/0), network size: 0, avg network size: 0, si_in_serializable: 0 0 %, local: 0 %
I1126 13:49:13.311452 946216 Coordinator.h:126] commit: 856 abort: 176144 (0/176144/0), network size: 0, avg network size: 0, si_in_serializable: 0 0 %, local: 0 %
I1126 13:49:14.311524 946216 Coordinator.h:126] commit: 846 abort: 177154 (0/177154/0), network size: 0, avg network size: 0, si_in_serializable: 0 0 %, local: 0 %
I1126 13:49:14.311533 946216 Coordinator.h:152] average commit: 885.6 abort: 176814 (0/176814/0), network size: 0, avg network size: 0, si_in_serializable: 0 0 %, local: 0 %
I1126 13:49:14.311543 946216 AriaExecutor.h:535] Worker 0 latency: 5476 us (50%) 5796 us (75%) 5896 us (95%) 5976 us (99%).
I1126 13:49:14.312516 946240 AriaExecutor.h:94] AriaExecutor 0 exits. 
I1126 13:49:14.312520 946247 AriaExecutor.h:94] AriaExecutor 7 exits. 
I1126 13:49:14.312520 946251 AriaExecutor.h:94] AriaExecutor 11 exits. 
I1126 13:49:14.312520 946245 AriaExecutor.h:94] AriaExecutor 5 exits. 
I1126 13:49:14.312525 946248 AriaExecutor.h:94] AriaExecutor 8 exits. 
I1126 13:49:14.312526 946246 AriaExecutor.h:94] AriaExecutor 6 exits. 
I1126 13:49:14.312530 946241 AriaExecutor.h:94] AriaExecutor 1 exits. 
I1126 13:49:14.312537 946250 AriaExecutor.h:94] AriaExecutor 10 exits. 
I1126 13:49:14.312537 946244 AriaExecutor.h:94] AriaExecutor 4 exits. 
I1126 13:49:14.312523 946242 AriaExecutor.h:94] AriaExecutor 2 exits. 
I1126 13:49:14.312520 946249 AriaExecutor.h:94] AriaExecutor 9 exits. 
I1126 13:49:14.312520 946243 AriaExecutor.h:94] AriaExecutor 3 exits. 
I1126 13:49:14.312529 946252 Manager.h:227] Manager(worker id = 12) on the coordinator node exits.
I1126 13:49:14.312764 946216 AriaExecutor.h:535] Worker 1 latency: 5478 us (50%) 5798 us (75%) 5897 us (95%) 5965 us (99%).
I1126 13:49:14.312968 946216 AriaExecutor.h:535] Worker 2 latency: 5478 us (50%) 5795 us (75%) 5893 us (95%) 5957 us (99%).
I1126 13:49:14.313115 946216 AriaExecutor.h:535] Worker 3 latency: 5474 us (50%) 5795 us (75%) 5895 us (95%) 5973 us (99%).
I1126 13:49:14.313225 946216 AriaExecutor.h:535] Worker 4 latency: 5474 us (50%) 5794 us (75%) 5890 us (95%) 5958 us (99%).
I1126 13:49:14.313344 946216 AriaExecutor.h:535] Worker 5 latency: 5474 us (50%) 5787 us (75%) 5884 us (95%) 5952 us (99%).
I1126 13:49:14.313423 946216 AriaExecutor.h:535] Worker 6 latency: 5469 us (50%) 5781 us (75%) 5881 us (95%) 5962 us (99%).
I1126 13:49:14.313496 946216 AriaExecutor.h:535] Worker 7 latency: 5477 us (50%) 5792 us (75%) 5883 us (95%) 5933 us (99%).
I1126 13:49:14.313551 946216 AriaExecutor.h:535] Worker 8 latency: 5470 us (50%) 5777 us (75%) 5886 us (95%) 5968 us (99%).
I1126 13:49:14.313602 946216 AriaExecutor.h:535] Worker 9 latency: 5466 us (50%) 5786 us (75%) 5877 us (95%) 5941 us (99%).
I1126 13:49:14.313647 946216 AriaExecutor.h:535] Worker 10 latency: 5464 us (50%) 5775 us (75%) 5893 us (95%) 6001 us (99%).
I1126 13:49:14.313688 946216 AriaExecutor.h:535] Worker 11 latency: 5474 us (50%) 5786 us (75%) 5881 us (95%) 5938 us (99%).
I1126 13:49:14.313738 946216 Coordinator.h:177] total commit: 885.6
I1126 13:49:15.313858 946216 Coordinator.h:192] Coordinator exits.
