I1126 18:09:33.777573 1068591 Database.h:65] ycsb initialization finished in 30 milliseconds.
I1126 18:09:33.777678 1068591 Coordinator.h:30] Coordinator initializes 12 workers.
I1126 18:09:33.778573 1068591 Coordinator.h:77] Coordinator starts to run 13 workers.
I1126 18:09:33.778631 1068607 AriaExecutor.h:91] AriaExecutor 0 started. 
I1126 18:09:33.778654 1068608 AriaExecutor.h:91] AriaExecutor 1 started. 
I1126 18:09:33.778695 1068609 AriaExecutor.h:91] AriaExecutor 2 started. 
I1126 18:09:33.778741 1068610 AriaExecutor.h:91] AriaExecutor 3 started. 
I1126 18:09:33.778776 1068611 AriaExecutor.h:91] AriaExecutor 4 started. 
I1126 18:09:33.778828 1068612 AriaExecutor.h:91] AriaExecutor 5 started. 
I1126 18:09:33.778877 1068613 AriaExecutor.h:91] AriaExecutor 6 started. 
I1126 18:09:33.778925 1068614 AriaExecutor.h:91] AriaExecutor 7 started. 
I1126 18:09:33.778968 1068615 AriaExecutor.h:91] AriaExecutor 8 started. 
I1126 18:09:33.779026 1068616 AriaExecutor.h:91] AriaExecutor 9 started. 
I1126 18:09:33.779071 1068617 AriaExecutor.h:91] AriaExecutor 10 started. 
I1126 18:09:33.779124 1068618 AriaExecutor.h:91] AriaExecutor 11 started. 
I1126 18:09:33.779174 1068619 Manager.h:224] Manager(worker id = 12) on the coordinator node started.
I1126 18:09:34.779232 1068591 Coordinator.h:126] commit: 2038180 abort: 31820 (0/31820/0), network size: 0, avg network size: 0, si_in_serializable: 0 0 %, local: 0 %
I1126 18:09:35.779346 1068591 Coordinator.h:126] commit: 2013720 abort: 31280 (0/31280/0), network size: 0, avg network size: 0, si_in_serializable: 0 0 %, local: 0 %
I1126 18:09:36.779470 1068591 Coordinator.h:126] commit: 2052274 abort: 31726 (0/31726/0), network size: 0, avg network size: 0, si_in_serializable: 0 0 %, local: 0 %
I1126 18:09:37.779578 1068591 Coordinator.h:126] commit: 2022527 abort: 31473 (0/31473/0), network size: 0, avg network size: 0, si_in_serializable: 0 0 %, local: 0 %
I1126 18:09:38.779675 1068591 Coordinator.h:126] commit: 2060900 abort: 32100 (0/32100/0), network size: 0, avg network size: 0, si_in_serializable: 0 0 %, local: 0 %
I1126 18:09:39.779770 1068591 Coordinator.h:126] commit: 2061715 abort: 32285 (0/32285/0), network size: 0, avg network size: 0, si_in_serializable: 0 0 %, local: 0 %
I1126 18:09:40.779866 1068591 Coordinator.h:126] commit: 1931114 abort: 29886 (0/29886/0), network size: 0, avg network size: 0, si_in_serializable: 0 0 %, local: 0 %
I1126 18:09:41.779987 1068591 Coordinator.h:126] commit: 2026285 abort: 31715 (0/31715/0), network size: 0, avg network size: 0, si_in_serializable: 0 0 %, local: 0 %
I1126 18:09:42.780087 1068591 Coordinator.h:126] commit: 2053722 abort: 32241 (0/32241/0), network size: 0, avg network size: 0, si_in_serializable: 0 0 %, local: 0 %
I1126 18:09:43.780181 1068591 Coordinator.h:126] commit: 2059564 abort: 32473 (0/32473/0), network size: 0, avg network size: 0, si_in_serializable: 0 0 %, local: 0 %
I1126 18:09:44.780277 1068591 Coordinator.h:126] commit: 2055118 abort: 31882 (0/31882/0), network size: 0, avg network size: 0, si_in_serializable: 0 0 %, local: 0 %
I1126 18:09:45.780371 1068591 Coordinator.h:126] commit: 2056836 abort: 32164 (0/32164/0), network size: 0, avg network size: 0, si_in_serializable: 0 0 %, local: 0 %
I1126 18:09:46.780467 1068591 Coordinator.h:126] commit: 1780449 abort: 27551 (0/27551/0), network size: 0, avg network size: 0, si_in_serializable: 0 0 %, local: 0 %
I1126 18:09:47.780562 1068591 Coordinator.h:126] commit: 2060988 abort: 31961 (0/31961/0), network size: 0, avg network size: 0, si_in_serializable: 0 0 %, local: 0 %
I1126 18:09:48.780656 1068591 Coordinator.h:126] commit: 2058028 abort: 32023 (0/32023/0), network size: 0, avg network size: 0, si_in_serializable: 0 0 %, local: 0 %
I1126 18:09:49.780748 1068591 Coordinator.h:126] commit: 2056955 abort: 32045 (0/32045/0), network size: 0, avg network size: 0, si_in_serializable: 0 0 %, local: 0 %
I1126 18:09:50.780843 1068591 Coordinator.h:126] commit: 2052107 abort: 31893 (0/31893/0), network size: 0, avg network size: 0, si_in_serializable: 0 0 %, local: 0 %
I1126 18:09:51.780933 1068591 Coordinator.h:126] commit: 2058165 abort: 31835 (0/31835/0), network size: 0, avg network size: 0, si_in_serializable: 0 0 %, local: 0 %
I1126 18:09:52.781049 1068591 Coordinator.h:126] commit: 2042046 abort: 31954 (0/31954/0), network size: 0, avg network size: 0, si_in_serializable: 0 0 %, local: 0 %
I1126 18:09:53.781152 1068591 Coordinator.h:126] commit: 2062057 abort: 31943 (0/31943/0), network size: 0, avg network size: 0, si_in_serializable: 0 0 %, local: 0 %
I1126 18:09:54.781247 1068591 Coordinator.h:126] commit: 2065837 abort: 32163 (0/32163/0), network size: 0, avg network size: 0, si_in_serializable: 0 0 %, local: 0 %
I1126 18:09:55.781342 1068591 Coordinator.h:126] commit: 2057761 abort: 32239 (0/32239/0), network size: 0, avg network size: 0, si_in_serializable: 0 0 %, local: 0 %
I1126 18:09:56.781435 1068591 Coordinator.h:126] commit: 2066995 abort: 32005 (0/32005/0), network size: 0, avg network size: 0, si_in_serializable: 0 0 %, local: 0 %
I1126 18:09:57.781528 1068591 Coordinator.h:126] commit: 2064050 abort: 31950 (0/31950/0), network size: 0, avg network size: 0, si_in_serializable: 0 0 %, local: 0 %
I1126 18:09:58.781620 1068591 Coordinator.h:126] commit: 1681018 abort: 25962 (0/25962/0), network size: 0, avg network size: 0, si_in_serializable: 0 0 %, local: 0 %
I1126 18:09:58.781649 1068591 Coordinator.h:152] average commit: 2.02827e+06 abort: 31525.1 (0/31525.1/0), network size: 0, avg network size: 0, si_in_serializable: 0 0 %, local: 0 %
I1126 18:09:58.805622 1068617 AriaExecutor.h:103] AriaExecutor 10 exits. 
I1126 18:09:58.805630 1068618 AriaExecutor.h:103] AriaExecutor 11 exits. 
I1126 18:09:58.805624 1068607 AriaExecutor.h:103] AriaExecutor 0 exits. 
I1126 18:09:58.805625 1068613 AriaExecutor.h:103] AriaExecutor 6 exits. 
I1126 18:09:58.805626 1068609 AriaExecutor.h:103] AriaExecutor 2 exits. 
I1126 18:09:58.805626 1068619 Manager.h:227] Manager(worker id = 12) on the coordinator node exits.
I1126 18:09:58.805627 1068611 AriaExecutor.h:103] AriaExecutor 4 exits. 
I1126 18:09:58.805634 1068610 AriaExecutor.h:103] AriaExecutor 3 exits. 
I1126 18:09:58.805634 1068616 AriaExecutor.h:103] AriaExecutor 9 exits. 
I1126 18:09:58.805634 1068608 AriaExecutor.h:103] AriaExecutor 1 exits. 
I1126 18:09:58.805635 1068612 AriaExecutor.h:103] AriaExecutor 5 exits. 
I1126 18:09:58.805635 1068614 AriaExecutor.h:103] AriaExecutor 7 exits. 
I1126 18:09:58.805622 1068615 AriaExecutor.h:103] AriaExecutor 8 exits. 
I1126 18:09:58.781665 1068591 AriaExecutor.h:621] Worker 0 latency: 319 us (50%) 371 us (75%) 416 us (95%) 431 us (99%).
I1126 18:09:58.938963 1068591 AriaExecutor.h:621] Worker 1 latency: 316 us (50%) 369 us (75%) 415 us (95%) 430 us (99%).
I1126 18:09:59.098237 1068591 AriaExecutor.h:621] Worker 2 latency: 319 us (50%) 370 us (75%) 416 us (95%) 431 us (99%).
I1126 18:09:59.251088 1068591 AriaExecutor.h:621] Worker 3 latency: 320 us (50%) 371 us (75%) 415 us (95%) 430 us (99%).
I1126 18:09:59.406545 1068591 AriaExecutor.h:621] Worker 4 latency: 321 us (50%) 372 us (75%) 416 us (95%) 431 us (99%).
I1126 18:09:59.556895 1068591 AriaExecutor.h:621] Worker 5 latency: 318 us (50%) 369 us (75%) 415 us (95%) 430 us (99%).
I1126 18:09:59.706281 1068591 AriaExecutor.h:621] Worker 6 latency: 323 us (50%) 372 us (75%) 416 us (95%) 431 us (99%).
I1126 18:09:59.851153 1068591 AriaExecutor.h:621] Worker 7 latency: 320 us (50%) 370 us (75%) 415 us (95%) 430 us (99%).
I1126 18:10:00.001609 1068591 AriaExecutor.h:621] Worker 8 latency: 323 us (50%) 373 us (75%) 416 us (95%) 431 us (99%).
I1126 18:10:00.152254 1068591 AriaExecutor.h:621] Worker 9 latency: 321 us (50%) 371 us (75%) 415 us (95%) 430 us (99%).
I1126 18:10:00.309309 1068591 AriaExecutor.h:621] Worker 10 latency: 323 us (50%) 372 us (75%) 416 us (95%) 431 us (99%).
I1126 18:10:00.467443 1068591 AriaExecutor.h:621] Worker 11 latency: 322 us (50%) 372 us (75%) 415 us (95%) 430 us (99%).
I1126 18:10:00.619107 1068591 Coordinator.h:177] total commit: 2.02827e+06
I1126 18:10:01.619235 1068591 Coordinator.h:192] Coordinator exits.
