I0911 23:00:59.717954 2941679 Database.h:65] ycsb initialization finished in 176 milliseconds.
I0911 23:00:59.718070 2941679 Coordinator.h:30] Coordinator initializes 16 workers.
I0911 23:00:59.733433 2941679 Coordinator.h:77] Coordinator starts to run 17 workers.
I0911 23:00:59.733496 2941699 AriaExecutor.h:82] AriaExecutor 0 started. 
I0911 23:00:59.733520 2941700 AriaExecutor.h:82] AriaExecutor 1 started. 
I0911 23:00:59.733569 2941701 AriaExecutor.h:82] AriaExecutor 2 started. 
I0911 23:00:59.733623 2941702 AriaExecutor.h:82] AriaExecutor 3 started. 
I0911 23:00:59.733664 2941703 AriaExecutor.h:82] AriaExecutor 4 started. 
I0911 23:00:59.733712 2941704 AriaExecutor.h:82] AriaExecutor 5 started. 
I0911 23:00:59.733757 2941705 AriaExecutor.h:82] AriaExecutor 6 started. 
I0911 23:00:59.733803 2941706 AriaExecutor.h:82] AriaExecutor 7 started. 
I0911 23:00:59.733850 2941707 AriaExecutor.h:82] AriaExecutor 8 started. 
I0911 23:00:59.733909 2941708 AriaExecutor.h:82] AriaExecutor 9 started. 
I0911 23:00:59.733953 2941709 AriaExecutor.h:82] AriaExecutor 10 started. 
I0911 23:00:59.734006 2941710 AriaExecutor.h:82] AriaExecutor 11 started. 
I0911 23:00:59.734052 2941711 AriaExecutor.h:82] AriaExecutor 12 started. 
I0911 23:00:59.734100 2941712 AriaExecutor.h:82] AriaExecutor 13 started. 
I0911 23:00:59.734146 2941713 AriaExecutor.h:82] AriaExecutor 14 started. 
I0911 23:00:59.734201 2941714 AriaExecutor.h:82] AriaExecutor 15 started. 
I0911 23:00:59.734247 2941715 Manager.h:224] Manager(worker id = 16) on the coordinator node started.
I0911 23:01:00.734294 2941679 Coordinator.h:126] commit: 386477 abort: 731731 (0/731731/0), network size: 0, avg network size: 0, si_in_serializable: 0 0 %, local: 0 %
I0911 23:01:01.734416 2941679 Coordinator.h:126] commit: 382367 abort: 729697 (0/729697/0), network size: 0, avg network size: 0, si_in_serializable: 0 0 %, local: 0 %
I0911 23:01:02.734501 2941679 Coordinator.h:126] commit: 371125 abort: 706123 (0/706123/0), network size: 0, avg network size: 0, si_in_serializable: 0 0 %, local: 0 %
I0911 23:01:03.734597 2941679 Coordinator.h:126] commit: 376224 abort: 713343 (0/713343/0), network size: 0, avg network size: 0, si_in_serializable: 0 0 %, local: 0 %
I0911 23:01:04.734720 2941679 Coordinator.h:126] commit: 385246 abort: 734978 (0/734978/0), network size: 0, avg network size: 0, si_in_serializable: 0 0 %, local: 0 %
I0911 23:01:05.734822 2941679 Coordinator.h:126] commit: 385851 abort: 732357 (0/732357/0), network size: 0, avg network size: 0, si_in_serializable: 0 0 %, local: 0 %
I0911 23:01:06.734900 2941679 Coordinator.h:126] commit: 388272 abort: 738128 (0/738128/0), network size: 0, avg network size: 0, si_in_serializable: 0 0 %, local: 0 %
I0911 23:01:07.734989 2941679 Coordinator.h:126] commit: 385762 abort: 732446 (0/732446/0), network size: 0, avg network size: 0, si_in_serializable: 0 0 %, local: 0 %
I0911 23:01:08.735076 2941679 Coordinator.h:126] commit: 377204 abort: 720553 (0/720553/0), network size: 0, avg network size: 0, si_in_serializable: 0 0 %, local: 0 %
I0911 23:01:09.735169 2941679 Coordinator.h:126] commit: 379792 abort: 724051 (0/724051/0), network size: 0, avg network size: 0, si_in_serializable: 0 0 %, local: 0 %
I0911 23:01:10.735261 2941679 Coordinator.h:126] commit: 383309 abort: 728755 (0/728755/0), network size: 0, avg network size: 0, si_in_serializable: 0 0 %, local: 0 %
I0911 23:01:11.735379 2941679 Coordinator.h:126] commit: 382525 abort: 727491 (0/727491/0), network size: 0, avg network size: 0, si_in_serializable: 0 0 %, local: 0 %
I0911 23:01:12.735466 2941679 Coordinator.h:126] commit: 388759 abort: 737641 (0/737641/0), network size: 0, avg network size: 0, si_in_serializable: 0 0 %, local: 0 %
I0911 23:01:13.735544 2941679 Coordinator.h:126] commit: 388677 abort: 739771 (0/739771/0), network size: 0, avg network size: 0, si_in_serializable: 0 0 %, local: 0 %
I0911 23:01:14.735636 2941679 Coordinator.h:126] commit: 388080 abort: 738320 (0/738320/0), network size: 0, avg network size: 0, si_in_serializable: 0 0 %, local: 0 %
I0911 23:01:15.735728 2941679 Coordinator.h:126] commit: 388475 abort: 737925 (0/737925/0), network size: 0, avg network size: 0, si_in_serializable: 0 0 %, local: 0 %
I0911 23:01:16.735814 2941679 Coordinator.h:126] commit: 383925 abort: 732235 (0/732235/0), network size: 0, avg network size: 0, si_in_serializable: 0 0 %, local: 0 %
I0911 23:01:17.735896 2941679 Coordinator.h:126] commit: 380260 abort: 725660 (0/725660/0), network size: 0, avg network size: 0, si_in_serializable: 0 0 %, local: 0 %
I0911 23:01:18.735977 2941679 Coordinator.h:126] commit: 384700 abort: 731460 (0/731460/0), network size: 0, avg network size: 0, si_in_serializable: 0 0 %, local: 0 %
I0911 23:01:19.736096 2941679 Coordinator.h:126] commit: 388388 abort: 738012 (0/738012/0), network size: 0, avg network size: 0, si_in_serializable: 0 0 %, local: 0 %
I0911 23:01:20.736192 2941679 Coordinator.h:126] commit: 388523 abort: 739925 (0/739925/0), network size: 0, avg network size: 0, si_in_serializable: 0 0 %, local: 0 %
I0911 23:01:21.736284 2941679 Coordinator.h:126] commit: 372080 abort: 709264 (0/709264/0), network size: 0, avg network size: 0, si_in_serializable: 0 0 %, local: 0 %
I0911 23:01:22.736366 2941679 Coordinator.h:126] commit: 384428 abort: 729684 (0/729684/0), network size: 0, avg network size: 0, si_in_serializable: 0 0 %, local: 0 %
I0911 23:01:23.736456 2941679 Coordinator.h:126] commit: 388872 abort: 739576 (0/739576/0), network size: 0, avg network size: 0, si_in_serializable: 0 0 %, local: 0 %
I0911 23:01:24.736546 2941679 Coordinator.h:126] commit: 388758 abort: 737642 (0/737642/0), network size: 0, avg network size: 0, si_in_serializable: 0 0 %, local: 0 %
I0911 23:01:24.736570 2941679 Coordinator.h:152] average commit: 385710 abort: 733727 (0/733727/0), network size: 0, avg network size: 0, si_in_serializable: 0 0 %, local: 0 %
I0911 23:01:24.736891 2941715 Manager.h:227] Manager(worker id = 16) on the coordinator node exits.
I0911 23:01:24.736893 2941699 AriaExecutor.h:94] AriaExecutor 0 exits. 
I0911 23:01:24.736896 2941709 AriaExecutor.h:94] AriaExecutor 10 exits. 
I0911 23:01:24.736910 2941708 AriaExecutor.h:94] AriaExecutor 9 exits. 
I0911 23:01:24.736907 2941700 AriaExecutor.h:94] AriaExecutor 1 exits. 
I0911 23:01:24.736897 2941707 AriaExecutor.h:94] AriaExecutor 8 exits. 
I0911 23:01:24.736897 2941711 AriaExecutor.h:94] AriaExecutor 12 exits. 
I0911 23:01:24.736909 2941704 AriaExecutor.h:94] AriaExecutor 5 exits. 
I0911 23:01:24.736909 2941714 AriaExecutor.h:94] AriaExecutor 15 exits. 
I0911 23:01:24.736909 2941702 AriaExecutor.h:94] AriaExecutor 3 exits. 
I0911 23:01:24.736897 2941703 AriaExecutor.h:94] AriaExecutor 4 exits. 
I0911 23:01:24.736910 2941710 AriaExecutor.h:94] AriaExecutor 11 exits. 
I0911 23:01:24.736896 2941701 AriaExecutor.h:94] AriaExecutor 2 exits. 
I0911 23:01:24.736910 2941712 AriaExecutor.h:94] AriaExecutor 13 exits. 
I0911 23:01:24.736897 2941713 AriaExecutor.h:94] AriaExecutor 14 exits. 
I0911 23:01:24.736909 2941706 AriaExecutor.h:94] AriaExecutor 7 exits. 
I0911 23:01:24.736893 2941705 AriaExecutor.h:94] AriaExecutor 6 exits. 
I0911 23:01:24.736583 2941679 AriaExecutor.h:535] Worker 0 latency: 1351 us (50%) 1617 us (75%) 1748 us (95%) 1786 us (99%).
I0911 23:01:24.762499 2941679 AriaExecutor.h:535] Worker 1 latency: 1350 us (50%) 1615 us (75%) 1747 us (95%) 1784 us (99%).
I0911 23:01:24.788683 2941679 AriaExecutor.h:535] Worker 2 latency: 1354 us (50%) 1617 us (75%) 1748 us (95%) 1786 us (99%).
I0911 23:01:24.814396 2941679 AriaExecutor.h:535] Worker 3 latency: 1349 us (50%) 1615 us (75%) 1747 us (95%) 1784 us (99%).
I0911 23:01:24.840735 2941679 AriaExecutor.h:535] Worker 4 latency: 1352 us (50%) 1617 us (75%) 1748 us (95%) 1785 us (99%).
I0911 23:01:24.866303 2941679 AriaExecutor.h:535] Worker 5 latency: 1347 us (50%) 1614 us (75%) 1747 us (95%) 1784 us (99%).
I0911 23:01:24.892386 2941679 AriaExecutor.h:535] Worker 6 latency: 1353 us (50%) 1616 us (75%) 1748 us (95%) 1785 us (99%).
I0911 23:01:24.918452 2941679 AriaExecutor.h:535] Worker 7 latency: 1347 us (50%) 1613 us (75%) 1746 us (95%) 1784 us (99%).
I0911 23:01:24.943828 2941679 AriaExecutor.h:535] Worker 8 latency: 1347 us (50%) 1614 us (75%) 1747 us (95%) 1785 us (99%).
I0911 23:01:24.969436 2941679 AriaExecutor.h:535] Worker 9 latency: 1345 us (50%) 1612 us (75%) 1746 us (95%) 1782 us (99%).
I0911 23:01:24.995735 2941679 AriaExecutor.h:535] Worker 10 latency: 1348 us (50%) 1614 us (75%) 1747 us (95%) 1784 us (99%).
I0911 23:01:25.021327 2941679 AriaExecutor.h:535] Worker 11 latency: 1344 us (50%) 1611 us (75%) 1746 us (95%) 1783 us (99%).
I0911 23:01:25.047075 2941679 AriaExecutor.h:535] Worker 12 latency: 1346 us (50%) 1611 us (75%) 1747 us (95%) 1784 us (99%).
I0911 23:01:25.072710 2941679 AriaExecutor.h:535] Worker 13 latency: 1342 us (50%) 1610 us (75%) 1746 us (95%) 1782 us (99%).
I0911 23:01:25.098143 2941679 AriaExecutor.h:535] Worker 14 latency: 1347 us (50%) 1612 us (75%) 1747 us (95%) 1784 us (99%).
I0911 23:01:25.124270 2941679 AriaExecutor.h:535] Worker 15 latency: 1343 us (50%) 1609 us (75%) 1746 us (95%) 1782 us (99%).
I0911 23:01:25.149969 2941679 Coordinator.h:177] total commit: 385710
I0911 23:01:26.150085 2941679 Coordinator.h:192] Coordinator exits.
