I0911 22:33:46.343782 2936325 Database.h:65] ycsb initialization finished in 148 milliseconds.
I0911 22:33:46.343900 2936325 Coordinator.h:30] Coordinator initializes 16 workers.
I0911 22:33:46.359117 2936325 Coordinator.h:77] Coordinator starts to run 17 workers.
I0911 22:33:46.359175 2936346 AriaExecutor.h:82] AriaExecutor 0 started. 
I0911 22:33:46.359206 2936347 AriaExecutor.h:82] AriaExecutor 1 started. 
I0911 22:33:46.359246 2936348 AriaExecutor.h:82] AriaExecutor 2 started. 
I0911 22:33:46.359294 2936349 AriaExecutor.h:82] AriaExecutor 3 started. 
I0911 22:33:46.359313 2936350 AriaExecutor.h:82] AriaExecutor 4 started. 
I0911 22:33:46.359356 2936351 AriaExecutor.h:82] AriaExecutor 5 started. 
I0911 22:33:46.359390 2936352 AriaExecutor.h:82] AriaExecutor 6 started. 
I0911 22:33:46.359436 2936353 AriaExecutor.h:82] AriaExecutor 7 started. 
I0911 22:33:46.359463 2936354 AriaExecutor.h:82] AriaExecutor 8 started. 
I0911 22:33:46.359509 2936355 AriaExecutor.h:82] AriaExecutor 9 started. 
I0911 22:33:46.359541 2936356 AriaExecutor.h:82] AriaExecutor 10 started. 
I0911 22:33:46.359581 2936357 AriaExecutor.h:82] AriaExecutor 11 started. 
I0911 22:33:46.359618 2936358 AriaExecutor.h:82] AriaExecutor 12 started. 
I0911 22:33:46.359668 2936359 AriaExecutor.h:82] AriaExecutor 13 started. 
I0911 22:33:46.359697 2936360 AriaExecutor.h:82] AriaExecutor 14 started. 
I0911 22:33:46.359738 2936361 AriaExecutor.h:82] AriaExecutor 15 started. 
I0911 22:33:46.359771 2936362 Manager.h:224] Manager(worker id = 16) on the coordinator node started.
I0911 22:33:47.359831 2936325 Coordinator.h:126] commit: 27089 abort: 142895 (0/142895/0), network size: 0, avg network size: 0, si_in_serializable: 0 0 %, local: 0 %
I0911 22:33:48.359973 2936325 Coordinator.h:126] commit: 27616 abort: 146464 (0/146464/0), network size: 0, avg network size: 0, si_in_serializable: 0 0 %, local: 0 %
I0911 22:33:49.360060 2936325 Coordinator.h:126] commit: 26701 abort: 141235 (0/141235/0), network size: 0, avg network size: 0, si_in_serializable: 0 0 %, local: 0 %
I0911 22:33:50.360137 2936325 Coordinator.h:126] commit: 27555 abort: 144477 (0/144477/0), network size: 0, avg network size: 0, si_in_serializable: 0 0 %, local: 0 %
I0911 22:33:51.360239 2936325 Coordinator.h:126] commit: 28511 abort: 151713 (0/151713/0), network size: 0, avg network size: 0, si_in_serializable: 0 0 %, local: 0 %
I0911 22:33:52.360323 2936325 Coordinator.h:126] commit: 28857 abort: 153415 (0/153415/0), network size: 0, avg network size: 0, si_in_serializable: 0 0 %, local: 0 %
I0911 22:33:53.360397 2936325 Coordinator.h:126] commit: 28490 abort: 151734 (0/151734/0), network size: 0, avg network size: 0, si_in_serializable: 0 0 %, local: 0 %
I0911 22:33:54.360471 2936325 Coordinator.h:126] commit: 28622 abort: 151602 (0/151602/0), network size: 0, avg network size: 0, si_in_serializable: 0 0 %, local: 0 %
I0911 22:33:55.360554 2936325 Coordinator.h:126] commit: 27819 abort: 148309 (0/148309/0), network size: 0, avg network size: 0, si_in_serializable: 0 0 %, local: 0 %
I0911 22:33:56.360634 2936325 Coordinator.h:126] commit: 28453 abort: 149723 (0/149723/0), network size: 0, avg network size: 0, si_in_serializable: 0 0 %, local: 0 %
I0911 22:33:57.360733 2936325 Coordinator.h:126] commit: 28863 abort: 153409 (0/153409/0), network size: 0, avg network size: 0, si_in_serializable: 0 0 %, local: 0 %
I0911 22:33:58.360813 2936325 Coordinator.h:126] commit: 29054 abort: 155266 (0/155266/0), network size: 0, avg network size: 0, si_in_serializable: 0 0 %, local: 0 %
I0911 22:33:59.360893 2936325 Coordinator.h:126] commit: 28846 abort: 153426 (0/153426/0), network size: 0, avg network size: 0, si_in_serializable: 0 0 %, local: 0 %
I0911 22:34:00.360973 2936325 Coordinator.h:126] commit: 28803 abort: 153469 (0/153469/0), network size: 0, avg network size: 0, si_in_serializable: 0 0 %, local: 0 %
I0911 22:34:01.361047 2936325 Coordinator.h:126] commit: 29078 abort: 155242 (0/155242/0), network size: 0, avg network size: 0, si_in_serializable: 0 0 %, local: 0 %
I0911 22:34:02.361119 2936325 Coordinator.h:126] commit: 28347 abort: 149829 (0/149829/0), network size: 0, avg network size: 0, si_in_serializable: 0 0 %, local: 0 %
I0911 22:34:03.361197 2936325 Coordinator.h:126] commit: 28692 abort: 151532 (0/151532/0), network size: 0, avg network size: 0, si_in_serializable: 0 0 %, local: 0 %
I0911 22:34:04.361292 2936325 Coordinator.h:126] commit: 29093 abort: 153179 (0/153179/0), network size: 0, avg network size: 0, si_in_serializable: 0 0 %, local: 0 %
I0911 22:34:05.361374 2936325 Coordinator.h:126] commit: 29067 abort: 153205 (0/153205/0), network size: 0, avg network size: 0, si_in_serializable: 0 0 %, local: 0 %
I0911 22:34:06.361452 2936325 Coordinator.h:126] commit: 29067 abort: 153205 (0/153205/0), network size: 0, avg network size: 0, si_in_serializable: 0 0 %, local: 0 %
I0911 22:34:07.361532 2936325 Coordinator.h:126] commit: 28983 abort: 153289 (0/153289/0), network size: 0, avg network size: 0, si_in_serializable: 0 0 %, local: 0 %
I0911 22:34:08.361609 2936325 Coordinator.h:126] commit: 29456 abort: 154864 (0/154864/0), network size: 0, avg network size: 0, si_in_serializable: 0 0 %, local: 0 %
I0911 22:34:09.361683 2936325 Coordinator.h:126] commit: 28879 abort: 153393 (0/153393/0), network size: 0, avg network size: 0, si_in_serializable: 0 0 %, local: 0 %
I0911 22:34:10.361761 2936325 Coordinator.h:126] commit: 29123 abort: 153149 (0/153149/0), network size: 0, avg network size: 0, si_in_serializable: 0 0 %, local: 0 %
I0911 22:34:11.361837 2936325 Coordinator.h:126] commit: 28756 abort: 153516 (0/153516/0), network size: 0, avg network size: 0, si_in_serializable: 0 0 %, local: 0 %
I0911 22:34:11.361847 2936325 Coordinator.h:152] average commit: 28891 abort: 153176 (0/153176/0), network size: 0, avg network size: 0, si_in_serializable: 0 0 %, local: 0 %
I0911 22:34:11.363116 2936360 AriaExecutor.h:94] AriaExecutor 14 exits. 
I0911 22:34:11.363117 2936346 AriaExecutor.h:94] AriaExecutor 0 exits. 
I0911 22:34:11.363117 2936354 AriaExecutor.h:94] AriaExecutor 8 exits. 
I0911 22:34:11.363134 2936351 AriaExecutor.h:94] AriaExecutor 5 exits. 
I0911 22:34:11.363121 2936358 AriaExecutor.h:94] AriaExecutor 12 exits. 
I0911 22:34:11.363134 2936353 AriaExecutor.h:94] AriaExecutor 7 exits. 
I0911 22:34:11.363134 2936349 AriaExecutor.h:94] AriaExecutor 3 exits. 
I0911 22:34:11.363134 2936361 AriaExecutor.h:94] AriaExecutor 15 exits. 
I0911 22:34:11.363134 2936359 AriaExecutor.h:94] AriaExecutor 13 exits. 
I0911 22:34:11.363153 2936357 AriaExecutor.h:94] AriaExecutor 11 exits. 
I0911 22:34:11.363118 2936352 AriaExecutor.h:94] AriaExecutor 6 exits. 
I0911 22:34:11.363116 2936362 Manager.h:227] Manager(worker id = 16) on the coordinator node exits.
I0911 22:34:11.363153 2936355 AriaExecutor.h:94] AriaExecutor 9 exits. 
I0911 22:34:11.363118 2936348 AriaExecutor.h:94] AriaExecutor 2 exits. 
I0911 22:34:11.363139 2936347 AriaExecutor.h:94] AriaExecutor 1 exits. 
I0911 22:34:11.363118 2936350 AriaExecutor.h:94] AriaExecutor 4 exits. 
I0911 22:34:11.363119 2936356 AriaExecutor.h:94] AriaExecutor 10 exits. 
I0911 22:34:11.361855 2936325 AriaExecutor.h:535] Worker 0 latency: 10557 us (50%) 10812 us (75%) 11142 us (95%) 11973 us (99%).
I0911 22:34:11.364277 2936325 AriaExecutor.h:535] Worker 1 latency: 10545 us (50%) 10806 us (75%) 11141 us (95%) 11769 us (99%).
I0911 22:34:11.366611 2936325 AriaExecutor.h:535] Worker 2 latency: 10553 us (50%) 10808 us (75%) 11138 us (95%) 11759 us (99%).
I0911 22:34:11.368911 2936325 AriaExecutor.h:535] Worker 3 latency: 10545 us (50%) 10805 us (75%) 11135 us (95%) 11703 us (99%).
I0911 22:34:11.371192 2936325 AriaExecutor.h:535] Worker 4 latency: 10547 us (50%) 10808 us (75%) 11135 us (95%) 11759 us (99%).
I0911 22:34:11.373524 2936325 AriaExecutor.h:535] Worker 5 latency: 10550 us (50%) 10808 us (75%) 11146 us (95%) 11748 us (99%).
I0911 22:34:11.375839 2936325 AriaExecutor.h:535] Worker 6 latency: 10549 us (50%) 10806 us (75%) 11132 us (95%) 11719 us (99%).
I0911 22:34:11.378118 2936325 AriaExecutor.h:535] Worker 7 latency: 10550 us (50%) 10805 us (75%) 11142 us (95%) 11707 us (99%).
I0911 22:34:11.380393 2936325 AriaExecutor.h:535] Worker 8 latency: 10548 us (50%) 10807 us (75%) 11134 us (95%) 11755 us (99%).
I0911 22:34:11.382704 2936325 AriaExecutor.h:535] Worker 9 latency: 10546 us (50%) 10803 us (75%) 11135 us (95%) 11695 us (99%).
I0911 22:34:11.384966 2936325 AriaExecutor.h:535] Worker 10 latency: 10544 us (50%) 10801 us (75%) 11127 us (95%) 11722 us (99%).
I0911 22:34:11.387228 2936325 AriaExecutor.h:535] Worker 11 latency: 10545 us (50%) 10803 us (75%) 11139 us (95%) 11783 us (99%).
I0911 22:34:11.389532 2936325 AriaExecutor.h:535] Worker 12 latency: 10542 us (50%) 10800 us (75%) 11127 us (95%) 11790 us (99%).
I0911 22:34:11.391784 2936325 AriaExecutor.h:535] Worker 13 latency: 10546 us (50%) 10806 us (75%) 11140 us (95%) 11701 us (99%).
I0911 22:34:11.394028 2936325 AriaExecutor.h:535] Worker 14 latency: 10547 us (50%) 10802 us (75%) 11131 us (95%) 11804 us (99%).
I0911 22:34:11.396308 2936325 AriaExecutor.h:535] Worker 15 latency: 10546 us (50%) 10800 us (75%) 11135 us (95%) 11766 us (99%).
I0911 22:34:11.398540 2936325 Coordinator.h:177] total commit: 28891
I0911 22:34:12.398646 2936325 Coordinator.h:192] Coordinator exits.
