I0911 23:42:07.069866 2949551 Database.h:65] ycsb initialization finished in 146 milliseconds.
I0911 23:42:07.069989 2949551 Coordinator.h:30] Coordinator initializes 16 workers.
I0911 23:42:07.189414 2949551 Coordinator.h:77] Coordinator starts to run 17 workers.
I0911 23:42:07.189476 2949571 AriaExecutor.h:82] AriaExecutor 0 started. 
I0911 23:42:07.189513 2949572 AriaExecutor.h:82] AriaExecutor 1 started. 
I0911 23:42:07.189553 2949573 AriaExecutor.h:82] AriaExecutor 2 started. 
I0911 23:42:07.189603 2949574 AriaExecutor.h:82] AriaExecutor 3 started. 
I0911 23:42:07.189651 2949575 AriaExecutor.h:82] AriaExecutor 4 started. 
I0911 23:42:07.189699 2949576 AriaExecutor.h:82] AriaExecutor 5 started. 
I0911 23:42:07.189736 2949577 AriaExecutor.h:82] AriaExecutor 6 started. 
I0911 23:42:07.189774 2949578 AriaExecutor.h:82] AriaExecutor 7 started. 
I0911 23:42:07.189812 2949579 AriaExecutor.h:82] AriaExecutor 8 started. 
I0911 23:42:07.189854 2949580 AriaExecutor.h:82] AriaExecutor 9 started. 
I0911 23:42:07.189885 2949581 AriaExecutor.h:82] AriaExecutor 10 started. 
I0911 23:42:07.189931 2949582 AriaExecutor.h:82] AriaExecutor 11 started. 
I0911 23:42:07.189967 2949583 AriaExecutor.h:82] AriaExecutor 12 started. 
I0911 23:42:07.190011 2949584 AriaExecutor.h:82] AriaExecutor 13 started. 
I0911 23:42:07.190043 2949585 AriaExecutor.h:82] AriaExecutor 14 started. 
I0911 23:42:07.190083 2949586 AriaExecutor.h:82] AriaExecutor 15 started. 
I0911 23:42:07.190119 2949587 Manager.h:224] Manager(worker id = 16) on the coordinator node started.
I0911 23:42:08.190166 2949551 Coordinator.h:126] commit: 1110270 abort: 41730 (0/41730/0), network size: 0, avg network size: 0, si_in_serializable: 0 0 %, local: 0 %
I0911 23:42:09.190272 2949551 Coordinator.h:126] commit: 1125216 abort: 42784 (0/42784/0), network size: 0, avg network size: 0, si_in_serializable: 0 0 %, local: 0 %
I0911 23:42:10.190346 2949551 Coordinator.h:126] commit: 1110231 abort: 41769 (0/41769/0), network size: 0, avg network size: 0, si_in_serializable: 0 0 %, local: 0 %
I0911 23:42:11.190421 2949551 Coordinator.h:126] commit: 1094493 abort: 41507 (0/41507/0), network size: 0, avg network size: 0, si_in_serializable: 0 0 %, local: 0 %
I0911 23:42:12.190495 2949551 Coordinator.h:126] commit: 1110323 abort: 41677 (0/41677/0), network size: 0, avg network size: 0, si_in_serializable: 0 0 %, local: 0 %
I0911 23:42:13.190591 2949551 Coordinator.h:126] commit: 1148794 abort: 43708 (0/43708/0), network size: 0, avg network size: 0, si_in_serializable: 0 0 %, local: 0 %
I0911 23:42:14.190665 2949551 Coordinator.h:126] commit: 1147941 abort: 43557 (0/43557/0), network size: 0, avg network size: 0, si_in_serializable: 0 0 %, local: 0 %
I0911 23:42:15.190744 2949551 Coordinator.h:126] commit: 1125224 abort: 42776 (0/42776/0), network size: 0, avg network size: 0, si_in_serializable: 0 0 %, local: 0 %
I0911 23:42:16.190825 2949551 Coordinator.h:126] commit: 1155913 abort: 44087 (0/44087/0), network size: 0, avg network size: 0, si_in_serializable: 0 0 %, local: 0 %
I0911 23:42:17.190901 2949551 Coordinator.h:126] commit: 1140640 abort: 43360 (0/43360/0), network size: 0, avg network size: 0, si_in_serializable: 0 0 %, local: 0 %
I0911 23:42:18.190975 2949551 Coordinator.h:126] commit: 1140851 abort: 43149 (0/43149/0), network size: 0, avg network size: 0, si_in_serializable: 0 0 %, local: 0 %
I0911 23:42:19.191045 2949551 Coordinator.h:126] commit: 1147498 abort: 43412 (0/43412/0), network size: 0, avg network size: 0, si_in_serializable: 0 0 %, local: 0 %
I0911 23:42:20.191118 2949551 Coordinator.h:126] commit: 1149676 abort: 43414 (0/43414/0), network size: 0, avg network size: 0, si_in_serializable: 0 0 %, local: 0 %
I0911 23:42:21.191188 2949551 Coordinator.h:126] commit: 1140816 abort: 43184 (0/43184/0), network size: 0, avg network size: 0, si_in_serializable: 0 0 %, local: 0 %
I0911 23:42:22.191262 2949551 Coordinator.h:126] commit: 1094635 abort: 41365 (0/41365/0), network size: 0, avg network size: 0, si_in_serializable: 0 0 %, local: 0 %
I0911 23:42:23.191336 2949551 Coordinator.h:126] commit: 1140966 abort: 43034 (0/43034/0), network size: 0, avg network size: 0, si_in_serializable: 0 0 %, local: 0 %
I0911 23:42:24.191413 2949551 Coordinator.h:126] commit: 1110183 abort: 41817 (0/41817/0), network size: 0, avg network size: 0, si_in_serializable: 0 0 %, local: 0 %
I0911 23:42:25.191489 2949551 Coordinator.h:126] commit: 1156060 abort: 43940 (0/43940/0), network size: 0, avg network size: 0, si_in_serializable: 0 0 %, local: 0 %
I0911 23:42:26.191591 2949551 Coordinator.h:126] commit: 1125723 abort: 42277 (0/42277/0), network size: 0, avg network size: 0, si_in_serializable: 0 0 %, local: 0 %
I0911 23:42:27.191671 2949551 Coordinator.h:126] commit: 1156090 abort: 43910 (0/43910/0), network size: 0, avg network size: 0, si_in_serializable: 0 0 %, local: 0 %
I0911 23:42:28.191748 2949551 Coordinator.h:126] commit: 1140983 abort: 43017 (0/43017/0), network size: 0, avg network size: 0, si_in_serializable: 0 0 %, local: 0 %
I0911 23:42:29.191828 2949551 Coordinator.h:126] commit: 1156468 abort: 43532 (0/43532/0), network size: 0, avg network size: 0, si_in_serializable: 0 0 %, local: 0 %
I0911 23:42:30.191905 2949551 Coordinator.h:126] commit: 1141359 abort: 42641 (0/42641/0), network size: 0, avg network size: 0, si_in_serializable: 0 0 %, local: 0 %
I0911 23:42:31.191980 2949551 Coordinator.h:126] commit: 1140520 abort: 43480 (0/43480/0), network size: 0, avg network size: 0, si_in_serializable: 0 0 %, local: 0 %
I0911 23:42:32.192056 2949551 Coordinator.h:126] commit: 1156067 abort: 43933 (0/43933/0), network size: 0, avg network size: 0, si_in_serializable: 0 0 %, local: 0 %
I0911 23:42:32.192067 2949551 Coordinator.h:152] average commit: 1.13625e+06 abort: 42950.2 (0/42950.2/0), network size: 0, avg network size: 0, si_in_serializable: 0 0 %, local: 0 %
I0911 23:42:32.204031 2949585 AriaExecutor.h:94] AriaExecutor 14 exits. 
I0911 23:42:32.204056 2949584 AriaExecutor.h:94] AriaExecutor 13 exits. 
I0911 23:42:32.204034 2949583 AriaExecutor.h:94] AriaExecutor 12 exits. 
I0911 23:42:32.204080 2949572 AriaExecutor.h:94] AriaExecutor 1 exits. 
I0911 23:42:32.204035 2949575 AriaExecutor.h:94] AriaExecutor 4 exits. 
I0911 23:42:32.204037 2949587 Manager.h:227] Manager(worker id = 16) on the coordinator node exits.
I0911 23:42:32.204033 2949577 AriaExecutor.h:94] AriaExecutor 6 exits. 
I0911 23:42:32.204035 2949579 AriaExecutor.h:94] AriaExecutor 8 exits. 
I0911 23:42:32.204068 2949580 AriaExecutor.h:94] AriaExecutor 9 exits. 
I0911 23:42:32.204041 2949586 AriaExecutor.h:94] AriaExecutor 15 exits. 
I0911 23:42:32.204037 2949571 AriaExecutor.h:94] AriaExecutor 0 exits. 
I0911 23:42:32.204041 2949578 AriaExecutor.h:94] AriaExecutor 7 exits. 
I0911 23:42:32.204046 2949574 AriaExecutor.h:94] AriaExecutor 3 exits. 
I0911 23:42:32.204046 2949582 AriaExecutor.h:94] AriaExecutor 11 exits. 
I0911 23:42:32.204035 2949573 AriaExecutor.h:94] AriaExecutor 2 exits. 
I0911 23:42:32.204035 2949581 AriaExecutor.h:94] AriaExecutor 10 exits. 
I0911 23:42:32.204046 2949576 AriaExecutor.h:94] AriaExecutor 5 exits. 
I0911 23:42:32.192082 2949551 AriaExecutor.h:641] Worker 0 latency: 8124 us (50%) 10470 us (75%) 12339 us (95%) 12741 us (99%).
I0911 23:42:32.269398 2949551 AriaExecutor.h:641] Worker 1 latency: 8100 us (50%) 10456 us (75%) 12325 us (95%) 12721 us (99%).
I0911 23:42:32.353813 2949551 AriaExecutor.h:641] Worker 2 latency: 8132 us (50%) 10467 us (75%) 12324 us (95%) 12720 us (99%).
I0911 23:42:32.429865 2949551 AriaExecutor.h:641] Worker 3 latency: 8103 us (50%) 10458 us (75%) 12327 us (95%) 12723 us (99%).
I0911 23:42:32.514669 2949551 AriaExecutor.h:641] Worker 4 latency: 8119 us (50%) 10465 us (75%) 12324 us (95%) 12719 us (99%).
I0911 23:42:32.591058 2949551 AriaExecutor.h:641] Worker 5 latency: 8081 us (50%) 10449 us (75%) 12327 us (95%) 12723 us (99%).
I0911 23:42:32.664613 2949551 AriaExecutor.h:641] Worker 6 latency: 8163 us (50%) 10491 us (75%) 12335 us (95%) 12729 us (99%).
I0911 23:42:32.738754 2949551 AriaExecutor.h:641] Worker 7 latency: 8115 us (50%) 10469 us (75%) 12329 us (95%) 12720 us (99%).
I0911 23:42:32.823346 2949551 AriaExecutor.h:641] Worker 8 latency: 8098 us (50%) 10451 us (75%) 12321 us (95%) 12716 us (99%).
I0911 23:42:32.897104 2949551 AriaExecutor.h:641] Worker 9 latency: 8063 us (50%) 10429 us (75%) 12314 us (95%) 12706 us (99%).
I0911 23:42:32.971765 2949551 AriaExecutor.h:641] Worker 10 latency: 8116 us (50%) 10457 us (75%) 12323 us (95%) 12723 us (99%).
I0911 23:42:33.046850 2949551 AriaExecutor.h:641] Worker 11 latency: 8092 us (50%) 10450 us (75%) 12323 us (95%) 12716 us (99%).
I0911 23:42:33.121178 2949551 AriaExecutor.h:641] Worker 12 latency: 8089 us (50%) 10443 us (75%) 12318 us (95%) 12717 us (99%).
I0911 23:42:33.194456 2949551 AriaExecutor.h:641] Worker 13 latency: 8088 us (50%) 10453 us (75%) 12324 us (95%) 12717 us (99%).
I0911 23:42:33.279539 2949551 AriaExecutor.h:641] Worker 14 latency: 8120 us (50%) 10462 us (75%) 12323 us (95%) 12720 us (99%).
I0911 23:42:33.353456 2949551 AriaExecutor.h:641] Worker 15 latency: 8059 us (50%) 10429 us (75%) 12317 us (95%) 12713 us (99%).
I0911 23:42:33.438010 2949551 Coordinator.h:177] total commit: 1.13625e+06
I0911 23:42:34.438124 2949551 Coordinator.h:192] Coordinator exits.
