I0911 23:45:18.268581 2950143 Database.h:65] ycsb initialization finished in 145 milliseconds.
I0911 23:45:18.268699 2950143 Coordinator.h:30] Coordinator initializes 16 workers.
I0911 23:45:18.299274 2950143 Coordinator.h:77] Coordinator starts to run 17 workers.
I0911 23:45:18.299332 2950163 AriaExecutor.h:82] AriaExecutor 0 started. 
I0911 23:45:18.299368 2950164 AriaExecutor.h:82] AriaExecutor 1 started. 
I0911 23:45:18.299415 2950165 AriaExecutor.h:82] AriaExecutor 2 started. 
I0911 23:45:18.299470 2950166 AriaExecutor.h:82] AriaExecutor 3 started. 
I0911 23:45:18.299497 2950167 AriaExecutor.h:82] AriaExecutor 4 started. 
I0911 23:45:18.299542 2950168 AriaExecutor.h:82] AriaExecutor 5 started. 
I0911 23:45:18.299571 2950169 AriaExecutor.h:82] AriaExecutor 6 started. 
I0911 23:45:18.299618 2950170 AriaExecutor.h:82] AriaExecutor 7 started. 
I0911 23:45:18.299646 2950171 AriaExecutor.h:82] AriaExecutor 8 started. 
I0911 23:45:18.299695 2950172 AriaExecutor.h:82] AriaExecutor 9 started. 
I0911 23:45:18.299724 2950173 AriaExecutor.h:82] AriaExecutor 10 started. 
I0911 23:45:18.299764 2950174 AriaExecutor.h:82] AriaExecutor 11 started. 
I0911 23:45:18.299798 2950175 AriaExecutor.h:82] AriaExecutor 12 started. 
I0911 23:45:18.299842 2950176 AriaExecutor.h:82] AriaExecutor 13 started. 
I0911 23:45:18.299872 2950177 AriaExecutor.h:82] AriaExecutor 14 started. 
I0911 23:45:18.299917 2950178 AriaExecutor.h:82] AriaExecutor 15 started. 
I0911 23:45:18.299963 2950179 Manager.h:224] Manager(worker id = 16) on the coordinator node started.
I0911 23:45:19.300007 2950143 Coordinator.h:126] commit: 1036596 abort: 52940 (0/52940/0), network size: 0, avg network size: 0, si_in_serializable: 0 0 %, local: 0 %
I0911 23:45:20.300100 2950143 Coordinator.h:126] commit: 1029306 abort: 52038 (0/52038/0), network size: 0, avg network size: 0, si_in_serializable: 0 0 %, local: 0 %
I0911 23:45:21.300168 2950143 Coordinator.h:126] commit: 990002 abort: 50382 (0/50382/0), network size: 0, avg network size: 0, si_in_serializable: 0 0 %, local: 0 %
I0911 23:45:22.300231 2950143 Coordinator.h:126] commit: 1001770 abort: 50902 (0/50902/0), network size: 0, avg network size: 0, si_in_serializable: 0 0 %, local: 0 %
I0911 23:45:23.300314 2950143 Coordinator.h:126] commit: 1025232 abort: 52016 (0/52016/0), network size: 0, avg network size: 0, si_in_serializable: 0 0 %, local: 0 %
I0911 23:45:24.300387 2950143 Coordinator.h:126] commit: 1044122 abort: 53606 (0/53606/0), network size: 0, avg network size: 0, si_in_serializable: 0 0 %, local: 0 %
I0911 23:45:25.300446 2950143 Coordinator.h:126] commit: 1020834 abort: 52318 (0/52318/0), network size: 0, avg network size: 0, si_in_serializable: 0 0 %, local: 0 %
I0911 23:45:26.300511 2950143 Coordinator.h:126] commit: 1044439 abort: 53289 (0/53289/0), network size: 0, avg network size: 0, si_in_serializable: 0 0 %, local: 0 %
I0911 23:45:27.300575 2950143 Coordinator.h:126] commit: 1009669 abort: 51195 (0/51195/0), network size: 0, avg network size: 0, si_in_serializable: 0 0 %, local: 0 %
I0911 23:45:28.300639 2950143 Coordinator.h:126] commit: 1040823 abort: 52809 (0/52809/0), network size: 0, avg network size: 0, si_in_serializable: 0 0 %, local: 0 %
I0911 23:45:29.300704 2950143 Coordinator.h:126] commit: 1009421 abort: 51443 (0/51443/0), network size: 0, avg network size: 0, si_in_serializable: 0 0 %, local: 0 %
I0911 23:45:30.300765 2950143 Coordinator.h:126] commit: 1044571 abort: 53157 (0/53157/0), network size: 0, avg network size: 0, si_in_serializable: 0 0 %, local: 0 %
I0911 23:45:31.300825 2950143 Coordinator.h:126] commit: 1025248 abort: 52000 (0/52000/0), network size: 0, avg network size: 0, si_in_serializable: 0 0 %, local: 0 %
I0911 23:45:32.300887 2950143 Coordinator.h:126] commit: 1040607 abort: 53025 (0/53025/0), network size: 0, avg network size: 0, si_in_serializable: 0 0 %, local: 0 %
I0911 23:45:33.300969 2950143 Coordinator.h:126] commit: 1044546 abort: 53182 (0/53182/0), network size: 0, avg network size: 0, si_in_serializable: 0 0 %, local: 0 %
I0911 23:45:34.301034 2950143 Coordinator.h:126] commit: 1036643 abort: 52893 (0/52893/0), network size: 0, avg network size: 0, si_in_serializable: 0 0 %, local: 0 %
I0911 23:45:35.301095 2950143 Coordinator.h:126] commit: 1013408 abort: 51552 (0/51552/0), network size: 0, avg network size: 0, si_in_serializable: 0 0 %, local: 0 %
I0911 23:45:36.301162 2950143 Coordinator.h:126] commit: 1044122 abort: 53606 (0/53606/0), network size: 0, avg network size: 0, si_in_serializable: 0 0 %, local: 0 %
I0911 23:45:37.301231 2950143 Coordinator.h:126] commit: 1040769 abort: 52863 (0/52863/0), network size: 0, avg network size: 0, si_in_serializable: 0 0 %, local: 0 %
I0911 23:45:38.301295 2950143 Coordinator.h:126] commit: 1040745 abort: 52887 (0/52887/0), network size: 0, avg network size: 0, si_in_serializable: 0 0 %, local: 0 %
I0911 23:45:39.301369 2950143 Coordinator.h:126] commit: 1040917 abort: 52715 (0/52715/0), network size: 0, avg network size: 0, si_in_serializable: 0 0 %, local: 0 %
I0911 23:45:40.301435 2950143 Coordinator.h:126] commit: 1044705 abort: 53023 (0/53023/0), network size: 0, avg network size: 0, si_in_serializable: 0 0 %, local: 0 %
I0911 23:45:41.301499 2950143 Coordinator.h:126] commit: 1037174 abort: 52362 (0/52362/0), network size: 0, avg network size: 0, si_in_serializable: 0 0 %, local: 0 %
I0911 23:45:42.301565 2950143 Coordinator.h:126] commit: 1036711 abort: 52825 (0/52825/0), network size: 0, avg network size: 0, si_in_serializable: 0 0 %, local: 0 %
I0911 23:45:43.301630 2950143 Coordinator.h:126] commit: 1044522 abort: 53206 (0/53206/0), network size: 0, avg network size: 0, si_in_serializable: 0 0 %, local: 0 %
I0911 23:45:43.301640 2950143 Coordinator.h:152] average commit: 1.03401e+06 abort: 52660.8 (0/52660.8/0), network size: 0, avg network size: 0, si_in_serializable: 0 0 %, local: 0 %
I0911 23:45:43.303997 2950175 AriaExecutor.h:94] AriaExecutor 12 exits. 
I0911 23:45:43.303997 2950173 AriaExecutor.h:94] AriaExecutor 10 exits. 
I0911 23:45:43.304001 2950163 AriaExecutor.h:94] AriaExecutor 0 exits. 
I0911 23:45:43.304003 2950179 Manager.h:227] Manager(worker id = 16) on the coordinator node exits.
I0911 23:45:43.304003 2950171 AriaExecutor.h:94] AriaExecutor 8 exits. 
I0911 23:45:43.304003 2950169 AriaExecutor.h:94] AriaExecutor 6 exits. 
I0911 23:45:43.304013 2950174 AriaExecutor.h:94] AriaExecutor 11 exits. 
I0911 23:45:43.304025 2950176 AriaExecutor.h:94] AriaExecutor 13 exits. 
I0911 23:45:43.303999 2950167 AriaExecutor.h:94] AriaExecutor 4 exits. 
I0911 23:45:43.304019 2950172 AriaExecutor.h:94] AriaExecutor 9 exits. 
I0911 23:45:43.304013 2950168 AriaExecutor.h:94] AriaExecutor 5 exits. 
I0911 23:45:43.304018 2950178 AriaExecutor.h:94] AriaExecutor 15 exits. 
I0911 23:45:43.304019 2950170 AriaExecutor.h:94] AriaExecutor 7 exits. 
I0911 23:45:43.304003 2950177 AriaExecutor.h:94] AriaExecutor 14 exits. 
I0911 23:45:43.304026 2950164 AriaExecutor.h:94] AriaExecutor 1 exits. 
I0911 23:45:43.304003 2950165 AriaExecutor.h:94] AriaExecutor 2 exits. 
I0911 23:45:43.304023 2950166 AriaExecutor.h:94] AriaExecutor 3 exits. 
I0911 23:45:43.301648 2950143 AriaExecutor.h:641] Worker 0 latency: 2401 us (50%) 2992 us (75%) 3457 us (95%) 3563 us (99%).
I0911 23:45:43.368793 2950143 AriaExecutor.h:641] Worker 1 latency: 2399 us (50%) 2990 us (75%) 3454 us (95%) 3561 us (99%).
I0911 23:45:43.442301 2950143 AriaExecutor.h:641] Worker 2 latency: 2409 us (50%) 2996 us (75%) 3457 us (95%) 3564 us (99%).
I0911 23:45:43.508031 2950143 AriaExecutor.h:641] Worker 3 latency: 2399 us (50%) 2991 us (75%) 3455 us (95%) 3562 us (99%).
I0911 23:45:43.582103 2950143 AriaExecutor.h:641] Worker 4 latency: 2402 us (50%) 2993 us (75%) 3456 us (95%) 3562 us (99%).
I0911 23:45:43.649008 2950143 AriaExecutor.h:641] Worker 5 latency: 2395 us (50%) 2988 us (75%) 3453 us (95%) 3560 us (99%).
I0911 23:45:43.723124 2950143 AriaExecutor.h:641] Worker 6 latency: 2410 us (50%) 2997 us (75%) 3457 us (95%) 3564 us (99%).
I0911 23:45:43.791325 2950143 AriaExecutor.h:641] Worker 7 latency: 2401 us (50%) 2992 us (75%) 3455 us (95%) 3562 us (99%).
I0911 23:45:43.865373 2950143 AriaExecutor.h:641] Worker 8 latency: 2399 us (50%) 2991 us (75%) 3455 us (95%) 3562 us (99%).
I0911 23:45:43.931473 2950143 AriaExecutor.h:641] Worker 9 latency: 2395 us (50%) 2987 us (75%) 3453 us (95%) 3561 us (99%).
I0911 23:45:44.005604 2950143 AriaExecutor.h:641] Worker 10 latency: 2410 us (50%) 2996 us (75%) 3456 us (95%) 3562 us (99%).
I0911 23:45:44.073220 2950143 AriaExecutor.h:641] Worker 11 latency: 2400 us (50%) 2991 us (75%) 3455 us (95%) 3563 us (99%).
I0911 23:45:44.147235 2950143 AriaExecutor.h:641] Worker 12 latency: 2411 us (50%) 2996 us (75%) 3457 us (95%) 3563 us (99%).
I0911 23:45:44.215193 2950143 AriaExecutor.h:641] Worker 13 latency: 2394 us (50%) 2987 us (75%) 3453 us (95%) 3559 us (99%).
I0911 23:45:44.289690 2950143 AriaExecutor.h:641] Worker 14 latency: 2412 us (50%) 2997 us (75%) 3457 us (95%) 3564 us (99%).
I0911 23:45:44.356607 2950143 AriaExecutor.h:641] Worker 15 latency: 2403 us (50%) 2991 us (75%) 3454 us (95%) 3560 us (99%).
I0911 23:45:44.431077 2950143 Coordinator.h:177] total commit: 1.03401e+06
I0911 23:45:45.431190 2950143 Coordinator.h:192] Coordinator exits.
