I1126 18:00:08.595995 1064151 Database.h:65] ycsb initialization finished in 30 milliseconds.
I1126 18:00:08.596102 1064151 Coordinator.h:30] Coordinator initializes 12 workers.
I1126 18:00:08.602972 1064151 Coordinator.h:77] Coordinator starts to run 13 workers.
I1126 18:00:08.603029 1064167 AriaExecutor.h:91] AriaExecutor 0 started. 
I1126 18:00:08.603051 1064168 AriaExecutor.h:91] AriaExecutor 1 started. 
I1126 18:00:08.603147 1064170 AriaExecutor.h:91] AriaExecutor 3 started. 
I1126 18:00:08.603181 1064171 AriaExecutor.h:91] AriaExecutor 4 started. 
I1126 18:00:08.603230 1064172 AriaExecutor.h:91] AriaExecutor 5 started. 
I1126 18:00:08.603269 1064173 AriaExecutor.h:91] AriaExecutor 6 started. 
I1126 18:00:08.603317 1064174 AriaExecutor.h:91] AriaExecutor 7 started. 
I1126 18:00:08.603351 1064175 AriaExecutor.h:91] AriaExecutor 8 started. 
I1126 18:00:08.603399 1064176 AriaExecutor.h:91] AriaExecutor 9 started. 
I1126 18:00:08.603433 1064177 AriaExecutor.h:91] AriaExecutor 10 started. 
I1126 18:00:08.603479 1064178 AriaExecutor.h:91] AriaExecutor 11 started. 
I1126 18:00:08.603516 1064169 AriaExecutor.h:91] AriaExecutor 2 started. 
I1126 18:00:08.603520 1064179 Manager.h:224] Manager(worker id = 12) on the coordinator node started.
I1126 18:00:09.603588 1064151 Coordinator.h:126] commit: 1757948 abort: 142052 (0/142052/0), network size: 0, avg network size: 0, si_in_serializable: 0 0 %, local: 0 %
I1126 18:00:10.603720 1064151 Coordinator.h:126] commit: 1748970 abort: 141030 (0/141030/0), network size: 0, avg network size: 0, si_in_serializable: 0 0 %, local: 0 %
I1126 18:00:11.603850 1064151 Coordinator.h:126] commit: 1776502 abort: 143498 (0/143498/0), network size: 0, avg network size: 0, si_in_serializable: 0 0 %, local: 0 %
I1126 18:00:12.603945 1064151 Coordinator.h:126] commit: 1767047 abort: 142953 (0/142953/0), network size: 0, avg network size: 0, si_in_serializable: 0 0 %, local: 0 %
I1126 18:00:13.604039 1064151 Coordinator.h:126] commit: 1785375 abort: 144625 (0/144625/0), network size: 0, avg network size: 0, si_in_serializable: 0 0 %, local: 0 %
I1126 18:00:14.604135 1064151 Coordinator.h:126] commit: 1777083 abort: 142917 (0/142917/0), network size: 0, avg network size: 0, si_in_serializable: 0 0 %, local: 0 %
I1126 18:00:15.604236 1064151 Coordinator.h:126] commit: 1758409 abort: 141591 (0/141591/0), network size: 0, avg network size: 0, si_in_serializable: 0 0 %, local: 0 %
I1126 18:00:16.604327 1064151 Coordinator.h:126] commit: 1729921 abort: 140079 (0/140079/0), network size: 0, avg network size: 0, si_in_serializable: 0 0 %, local: 0 %
I1126 18:00:17.604454 1064151 Coordinator.h:126] commit: 1776477 abort: 143523 (0/143523/0), network size: 0, avg network size: 0, si_in_serializable: 0 0 %, local: 0 %
I1126 18:00:18.604553 1064151 Coordinator.h:126] commit: 1786146 abort: 143854 (0/143854/0), network size: 0, avg network size: 0, si_in_serializable: 0 0 %, local: 0 %
I1126 18:00:19.604655 1064151 Coordinator.h:126] commit: 1776112 abort: 143888 (0/143888/0), network size: 0, avg network size: 0, si_in_serializable: 0 0 %, local: 0 %
I1126 18:00:20.604743 1064151 Coordinator.h:126] commit: 1776532 abort: 143468 (0/143468/0), network size: 0, avg network size: 0, si_in_serializable: 0 0 %, local: 0 %
I1126 18:00:21.604852 1064151 Coordinator.h:126] commit: 1785696 abort: 144304 (0/144304/0), network size: 0, avg network size: 0, si_in_serializable: 0 0 %, local: 0 %
I1126 18:00:22.604949 1064151 Coordinator.h:126] commit: 1785681 abort: 144319 (0/144319/0), network size: 0, avg network size: 0, si_in_serializable: 0 0 %, local: 0 %
I1126 18:00:23.605053 1064151 Coordinator.h:126] commit: 1675227 abort: 134773 (0/134773/0), network size: 0, avg network size: 0, si_in_serializable: 0 0 %, local: 0 %
I1126 18:00:24.605139 1064151 Coordinator.h:126] commit: 1776963 abort: 143037 (0/143037/0), network size: 0, avg network size: 0, si_in_serializable: 0 0 %, local: 0 %
I1126 18:00:25.605244 1064151 Coordinator.h:126] commit: 1786168 abort: 143832 (0/143832/0), network size: 0, avg network size: 0, si_in_serializable: 0 0 %, local: 0 %
I1126 18:00:26.605341 1064151 Coordinator.h:126] commit: 1785523 abort: 144477 (0/144477/0), network size: 0, avg network size: 0, si_in_serializable: 0 0 %, local: 0 %
I1126 18:00:27.605433 1064151 Coordinator.h:126] commit: 1775202 abort: 144305 (0/144305/0), network size: 0, avg network size: 0, si_in_serializable: 0 0 %, local: 0 %
I1126 18:00:28.605563 1064151 Coordinator.h:126] commit: 1758212 abort: 142281 (0/142281/0), network size: 0, avg network size: 0, si_in_serializable: 0 0 %, local: 0 %
I1126 18:00:29.605677 1064151 Coordinator.h:126] commit: 1776118 abort: 143882 (0/143882/0), network size: 0, avg network size: 0, si_in_serializable: 0 0 %, local: 0 %
I1126 18:00:30.605785 1064151 Coordinator.h:126] commit: 1785462 abort: 144538 (0/144538/0), network size: 0, avg network size: 0, si_in_serializable: 0 0 %, local: 0 %
I1126 18:00:31.605876 1064151 Coordinator.h:126] commit: 1776991 abort: 143009 (0/143009/0), network size: 0, avg network size: 0, si_in_serializable: 0 0 %, local: 0 %
I1126 18:00:32.605980 1064151 Coordinator.h:126] commit: 1785709 abort: 144291 (0/144291/0), network size: 0, avg network size: 0, si_in_serializable: 0 0 %, local: 0 %
I1126 18:00:33.606092 1064151 Coordinator.h:126] commit: 1776747 abort: 143253 (0/143253/0), network size: 0, avg network size: 0, si_in_serializable: 0 0 %, local: 0 %
I1126 18:00:33.606129 1064151 Coordinator.h:152] average commit: 1.76813e+06 abort: 142868 (0/142868/0), network size: 0, avg network size: 0, si_in_serializable: 0 0 %, local: 0 %
I1126 18:00:33.609342 1064175 AriaExecutor.h:103] AriaExecutor 8 exits. 
I1126 18:00:33.609355 1064168 AriaExecutor.h:103] AriaExecutor 1 exits. 
I1126 18:00:33.609369 1064174 AriaExecutor.h:103] AriaExecutor 7 exits. 
I1126 18:00:33.609373 1064176 AriaExecutor.h:103] AriaExecutor 9 exits. 
I1126 18:00:33.609347 1064177 AriaExecutor.h:103] AriaExecutor 10 exits. 
I1126 18:00:33.609342 1064173 AriaExecutor.h:103] AriaExecutor 6 exits. 
I1126 18:00:33.609350 1064179 Manager.h:227] Manager(worker id = 12) on the coordinator node exits.
I1126 18:00:33.609344 1064171 AriaExecutor.h:103] AriaExecutor 4 exits. 
I1126 18:00:33.609360 1064172 AriaExecutor.h:103] AriaExecutor 5 exits. 
I1126 18:00:33.609359 1064170 AriaExecutor.h:103] AriaExecutor 3 exits. 
I1126 18:00:33.609342 1064167 AriaExecutor.h:103] AriaExecutor 0 exits. 
I1126 18:00:33.609375 1064178 AriaExecutor.h:103] AriaExecutor 11 exits. 
I1126 18:00:33.609345 1064169 AriaExecutor.h:103] AriaExecutor 2 exits. 
I1126 18:00:33.606137 1064151 AriaExecutor.h:621] Worker 0 latency: 3666 us (50%) 4153 us (75%) 4543 us (95%) 4649 us (99%).
I1126 18:00:33.744530 1064151 AriaExecutor.h:621] Worker 1 latency: 3638 us (50%) 4143 us (75%) 4539 us (95%) 4646 us (99%).
I1126 18:00:33.882723 1064151 AriaExecutor.h:621] Worker 2 latency: 3665 us (50%) 4154 us (75%) 4542 us (95%) 4647 us (99%).
I1126 18:00:34.021785 1064151 AriaExecutor.h:621] Worker 3 latency: 3624 us (50%) 4136 us (75%) 4536 us (95%) 4644 us (99%).
I1126 18:00:34.161830 1064151 AriaExecutor.h:621] Worker 4 latency: 3664 us (50%) 4153 us (75%) 4541 us (95%) 4646 us (99%).
I1126 18:00:34.299966 1064151 AriaExecutor.h:621] Worker 5 latency: 3634 us (50%) 4142 us (75%) 4539 us (95%) 4646 us (99%).
I1126 18:00:34.440001 1064151 AriaExecutor.h:621] Worker 6 latency: 3652 us (50%) 4147 us (75%) 4539 us (95%) 4646 us (99%).
I1126 18:00:34.579129 1064151 AriaExecutor.h:621] Worker 7 latency: 3636 us (50%) 4141 us (75%) 4536 us (95%) 4642 us (99%).
I1126 18:00:34.716361 1064151 AriaExecutor.h:621] Worker 8 latency: 3646 us (50%) 4145 us (75%) 4539 us (95%) 4645 us (99%).
I1126 18:00:34.854773 1064151 AriaExecutor.h:621] Worker 9 latency: 3635 us (50%) 4141 us (75%) 4537 us (95%) 4644 us (99%).
I1126 18:00:34.997290 1064151 AriaExecutor.h:621] Worker 10 latency: 3669 us (50%) 4157 us (75%) 4542 us (95%) 4647 us (99%).
I1126 18:00:35.137933 1064151 AriaExecutor.h:621] Worker 11 latency: 3631 us (50%) 4140 us (75%) 4538 us (95%) 4644 us (99%).
I1126 18:00:35.277417 1064151 Coordinator.h:177] total commit: 1.76813e+06
I1126 18:00:36.277532 1064151 Coordinator.h:192] Coordinator exits.
