I1126 13:58:34.769544 951995 Database.h:65] ycsb initialization finished in 30 milliseconds.
I1126 13:58:34.769647 951995 Coordinator.h:30] Coordinator initializes 12 workers.
I1126 13:58:34.770569 951995 Coordinator.h:77] Coordinator starts to run 13 workers.
I1126 13:58:34.770665 952011 AriaExecutor.h:91] AriaExecutor 0 started. 
I1126 13:58:34.770696 952012 AriaExecutor.h:91] AriaExecutor 1 started. 
I1126 13:58:34.770749 952013 AriaExecutor.h:91] AriaExecutor 2 started. 
I1126 13:58:34.770779 952014 AriaExecutor.h:91] AriaExecutor 3 started. 
I1126 13:58:34.770824 952015 AriaExecutor.h:91] AriaExecutor 4 started. 
I1126 13:58:34.770853 952016 AriaExecutor.h:91] AriaExecutor 5 started. 
I1126 13:58:34.770893 952017 AriaExecutor.h:91] AriaExecutor 6 started. 
I1126 13:58:34.770922 952018 AriaExecutor.h:91] AriaExecutor 7 started. 
I1126 13:58:34.770960 952019 AriaExecutor.h:91] AriaExecutor 8 started. 
I1126 13:58:34.770988 952020 AriaExecutor.h:91] AriaExecutor 9 started. 
I1126 13:58:34.771028 952021 AriaExecutor.h:91] AriaExecutor 10 started. 
I1126 13:58:34.771054 952022 AriaExecutor.h:91] AriaExecutor 11 started. 
I1126 13:58:34.771086 952023 Manager.h:224] Manager(worker id = 12) on the coordinator node started.
I1126 13:58:35.771137 951995 Coordinator.h:126] commit: 1291767 abort: 35233 (0/35233/0), network size: 0, avg network size: 0, si_in_serializable: 0 0 %, local: 0 %
I1126 13:58:36.771253 951995 Coordinator.h:126] commit: 1278500 abort: 34500 (0/34500/0), network size: 0, avg network size: 0, si_in_serializable: 0 0 %, local: 0 %
I1126 13:58:37.771395 951995 Coordinator.h:126] commit: 1288932 abort: 35068 (0/35068/0), network size: 0, avg network size: 0, si_in_serializable: 0 0 %, local: 0 %
I1126 13:58:38.771490 951995 Coordinator.h:126] commit: 1307260 abort: 34740 (0/34740/0), network size: 0, avg network size: 0, si_in_serializable: 0 0 %, local: 0 %
I1126 13:58:39.771562 951995 Coordinator.h:126] commit: 1277765 abort: 34235 (0/34235/0), network size: 0, avg network size: 0, si_in_serializable: 0 0 %, local: 0 %
I1126 13:58:40.771636 951995 Coordinator.h:126] commit: 1303487 abort: 35513 (0/35513/0), network size: 0, avg network size: 0, si_in_serializable: 0 0 %, local: 0 %
I1126 13:58:41.771728 951995 Coordinator.h:126] commit: 1288114 abort: 34886 (0/34886/0), network size: 0, avg network size: 0, si_in_serializable: 0 0 %, local: 0 %
I1126 13:58:42.771803 951995 Coordinator.h:126] commit: 1298973 abort: 35027 (0/35027/0), network size: 0, avg network size: 0, si_in_serializable: 0 0 %, local: 0 %
I1126 13:58:43.771878 951995 Coordinator.h:126] commit: 1301896 abort: 35104 (0/35104/0), network size: 0, avg network size: 0, si_in_serializable: 0 0 %, local: 0 %
I1126 13:58:44.771955 951995 Coordinator.h:126] commit: 1222201 abort: 32799 (0/32799/0), network size: 0, avg network size: 0, si_in_serializable: 0 0 %, local: 0 %
I1126 13:58:45.772028 951995 Coordinator.h:126] commit: 1302127 abort: 34873 (0/34873/0), network size: 0, avg network size: 0, si_in_serializable: 0 0 %, local: 0 %
I1126 13:58:46.772102 951995 Coordinator.h:126] commit: 1300864 abort: 35136 (0/35136/0), network size: 0, avg network size: 0, si_in_serializable: 0 0 %, local: 0 %
I1126 13:58:47.772178 951995 Coordinator.h:126] commit: 1303214 abort: 34786 (0/34786/0), network size: 0, avg network size: 0, si_in_serializable: 0 0 %, local: 0 %
I1126 13:58:48.772251 951995 Coordinator.h:126] commit: 1297105 abort: 34895 (0/34895/0), network size: 0, avg network size: 0, si_in_serializable: 0 0 %, local: 0 %
I1126 13:58:49.772326 951995 Coordinator.h:126] commit: 1300529 abort: 35471 (0/35471/0), network size: 0, avg network size: 0, si_in_serializable: 0 0 %, local: 0 %
I1126 13:58:50.772400 951995 Coordinator.h:126] commit: 1294022 abort: 34978 (0/34978/0), network size: 0, avg network size: 0, si_in_serializable: 0 0 %, local: 0 %
I1126 13:58:51.772492 951995 Coordinator.h:126] commit: 1286508 abort: 34492 (0/34492/0), network size: 0, avg network size: 0, si_in_serializable: 0 0 %, local: 0 %
I1126 13:58:52.772565 951995 Coordinator.h:126] commit: 1297939 abort: 35061 (0/35061/0), network size: 0, avg network size: 0, si_in_serializable: 0 0 %, local: 0 %
I1126 13:58:53.772643 951995 Coordinator.h:126] commit: 1302196 abort: 34804 (0/34804/0), network size: 0, avg network size: 0, si_in_serializable: 0 0 %, local: 0 %
I1126 13:58:54.772717 951995 Coordinator.h:126] commit: 1127501 abort: 30499 (0/30499/0), network size: 0, avg network size: 0, si_in_serializable: 0 0 %, local: 0 %
I1126 13:58:55.772794 951995 Coordinator.h:126] commit: 1301878 abort: 34893 (0/34893/0), network size: 0, avg network size: 0, si_in_serializable: 0 0 %, local: 0 %
I1126 13:58:56.772866 951995 Coordinator.h:126] commit: 1299004 abort: 35225 (0/35225/0), network size: 0, avg network size: 0, si_in_serializable: 0 0 %, local: 0 %
I1126 13:58:57.772939 951995 Coordinator.h:126] commit: 1302162 abort: 34838 (0/34838/0), network size: 0, avg network size: 0, si_in_serializable: 0 0 %, local: 0 %
I1126 13:58:58.773012 951995 Coordinator.h:126] commit: 1300228 abort: 34772 (0/34772/0), network size: 0, avg network size: 0, si_in_serializable: 0 0 %, local: 0 %
I1126 13:58:59.773087 951995 Coordinator.h:126] commit: 1301332 abort: 34668 (0/34668/0), network size: 0, avg network size: 0, si_in_serializable: 0 0 %, local: 0 %
I1126 13:58:59.773098 951995 Coordinator.h:152] average commit: 1.2812e+06 abort: 34499.5 (0/34499.5/0), network size: 0, avg network size: 0, si_in_serializable: 0 0 %, local: 0 %
I1126 13:58:59.773804 952016 AriaExecutor.h:103] AriaExecutor 5 exits. 
I1126 13:58:59.773808 952014 AriaExecutor.h:103] AriaExecutor 3 exits. 
I1126 13:58:59.773818 952023 Manager.h:227] Manager(worker id = 12) on the coordinator node exits.
I1126 13:58:59.773808 952011 AriaExecutor.h:103] AriaExecutor 0 exits. 
I1126 13:58:59.773813 952021 AriaExecutor.h:103] AriaExecutor 10 exits. 
I1126 13:58:59.773814 952013 AriaExecutor.h:103] AriaExecutor 2 exits. 
I1126 13:58:59.773814 952015 AriaExecutor.h:103] AriaExecutor 4 exits. 
I1126 13:58:59.773816 952019 AriaExecutor.h:103] AriaExecutor 8 exits. 
I1126 13:58:59.773808 952018 AriaExecutor.h:103] AriaExecutor 7 exits. 
I1126 13:58:59.773813 952017 AriaExecutor.h:103] AriaExecutor 6 exits. 
I1126 13:58:59.773818 952012 AriaExecutor.h:103] AriaExecutor 1 exits. 
I1126 13:58:59.773804 952022 AriaExecutor.h:103] AriaExecutor 11 exits. 
I1126 13:58:59.773821 952020 AriaExecutor.h:103] AriaExecutor 9 exits. 
I1126 13:58:59.773109 951995 AriaExecutor.h:649] Worker 0 latency: 572 us (50%) 619 us (75%) 658 us (95%) 674 us (99%).
I1126 13:58:59.864478 951995 AriaExecutor.h:649] Worker 1 latency: 569 us (50%) 617 us (75%) 657 us (95%) 672 us (99%).
I1126 13:58:59.957209 951995 AriaExecutor.h:649] Worker 2 latency: 572 us (50%) 618 us (75%) 658 us (95%) 673 us (99%).
I1126 13:59:00.049767 951995 AriaExecutor.h:649] Worker 3 latency: 571 us (50%) 617 us (75%) 657 us (95%) 672 us (99%).
I1126 13:59:00.141204 951995 AriaExecutor.h:649] Worker 4 latency: 574 us (50%) 619 us (75%) 658 us (95%) 673 us (99%).
I1126 13:59:00.230751 951995 AriaExecutor.h:649] Worker 5 latency: 570 us (50%) 616 us (75%) 656 us (95%) 672 us (99%).
I1126 13:59:00.320892 951995 AriaExecutor.h:649] Worker 6 latency: 578 us (50%) 621 us (75%) 658 us (95%) 674 us (99%).
I1126 13:59:00.411108 951995 AriaExecutor.h:649] Worker 7 latency: 572 us (50%) 617 us (75%) 656 us (95%) 672 us (99%).
I1126 13:59:00.502332 951995 AriaExecutor.h:649] Worker 8 latency: 577 us (50%) 620 us (75%) 658 us (95%) 674 us (99%).
I1126 13:59:00.596144 951995 AriaExecutor.h:649] Worker 9 latency: 573 us (50%) 618 us (75%) 657 us (95%) 672 us (99%).
I1126 13:59:00.685953 951995 AriaExecutor.h:649] Worker 10 latency: 576 us (50%) 619 us (75%) 658 us (95%) 673 us (99%).
I1126 13:59:00.776051 951995 AriaExecutor.h:649] Worker 11 latency: 572 us (50%) 617 us (75%) 657 us (95%) 672 us (99%).
I1126 13:59:00.867947 951995 Coordinator.h:177] total commit: 1.2812e+06
I1126 13:59:01.868078 951995 Coordinator.h:192] Coordinator exits.
