I1126 13:32:53.251667 936253 Database.h:65] ycsb initialization finished in 30 milliseconds.
I1126 13:32:53.251765 936253 Coordinator.h:30] Coordinator initializes 12 workers.
I1126 13:32:53.259265 936253 Coordinator.h:77] Coordinator starts to run 13 workers.
I1126 13:32:53.259327 936269 AriaExecutor.h:82] AriaExecutor 0 started. 
I1126 13:32:53.259346 936270 AriaExecutor.h:82] AriaExecutor 1 started. 
I1126 13:32:53.259388 936271 AriaExecutor.h:82] AriaExecutor 2 started. 
I1126 13:32:53.259428 936272 AriaExecutor.h:82] AriaExecutor 3 started. 
I1126 13:32:53.259462 936273 AriaExecutor.h:82] AriaExecutor 4 started. 
I1126 13:32:53.259516 936274 AriaExecutor.h:82] AriaExecutor 5 started. 
I1126 13:32:53.259562 936275 AriaExecutor.h:82] AriaExecutor 6 started. 
I1126 13:32:53.259613 936276 AriaExecutor.h:82] AriaExecutor 7 started. 
I1126 13:32:53.259665 936277 AriaExecutor.h:82] AriaExecutor 8 started. 
I1126 13:32:53.259713 936278 AriaExecutor.h:82] AriaExecutor 9 started. 
I1126 13:32:53.259771 936279 AriaExecutor.h:82] AriaExecutor 10 started. 
I1126 13:32:53.259824 936280 AriaExecutor.h:82] AriaExecutor 11 started. 
I1126 13:32:53.259871 936281 Manager.h:224] Manager(worker id = 12) on the coordinator node started.
I1126 13:32:54.259925 936253 Coordinator.h:126] commit: 66911 abort: 162089 (0/162089/0), network size: 0, avg network size: 0, si_in_serializable: 0 0 %, local: 0 %
I1126 13:32:55.260048 936253 Coordinator.h:126] commit: 67016 abort: 160984 (0/160984/0), network size: 0, avg network size: 0, si_in_serializable: 0 0 %, local: 0 %
I1126 13:32:56.260185 936253 Coordinator.h:126] commit: 67602 abort: 162398 (0/162398/0), network size: 0, avg network size: 0, si_in_serializable: 0 0 %, local: 0 %
I1126 13:32:57.260298 936253 Coordinator.h:126] commit: 68362 abort: 164503 (0/164503/0), network size: 0, avg network size: 0, si_in_serializable: 0 0 %, local: 0 %
I1126 13:32:58.260407 936253 Coordinator.h:126] commit: 68378 abort: 163757 (0/163757/0), network size: 0, avg network size: 0, si_in_serializable: 0 0 %, local: 0 %
I1126 13:32:59.260509 936253 Coordinator.h:126] commit: 66898 abort: 161102 (0/161102/0), network size: 0, avg network size: 0, si_in_serializable: 0 0 %, local: 0 %
I1126 13:33:00.260634 936253 Coordinator.h:126] commit: 68530 abort: 164470 (0/164470/0), network size: 0, avg network size: 0, si_in_serializable: 0 0 %, local: 0 %
I1126 13:33:01.260751 936253 Coordinator.h:126] commit: 68308 abort: 164692 (0/164692/0), network size: 0, avg network size: 0, si_in_serializable: 0 0 %, local: 0 %
I1126 13:33:02.260857 936253 Coordinator.h:126] commit: 68288 abort: 164712 (0/164712/0), network size: 0, avg network size: 0, si_in_serializable: 0 0 %, local: 0 %
I1126 13:33:03.260953 936253 Coordinator.h:126] commit: 68575 abort: 164425 (0/164425/0), network size: 0, avg network size: 0, si_in_serializable: 0 0 %, local: 0 %
I1126 13:33:04.261050 936253 Coordinator.h:126] commit: 67187 abort: 162813 (0/162813/0), network size: 0, avg network size: 0, si_in_serializable: 0 0 %, local: 0 %
I1126 13:33:05.261147 936253 Coordinator.h:126] commit: 68276 abort: 163597 (0/163597/0), network size: 0, avg network size: 0, si_in_serializable: 0 0 %, local: 0 %
I1126 13:33:06.261245 936253 Coordinator.h:126] commit: 68322 abort: 163805 (0/163805/0), network size: 0, avg network size: 0, si_in_serializable: 0 0 %, local: 0 %
I1126 13:33:07.261351 936253 Coordinator.h:126] commit: 68529 abort: 164471 (0/164471/0), network size: 0, avg network size: 0, si_in_serializable: 0 0 %, local: 0 %
I1126 13:33:08.261476 936253 Coordinator.h:126] commit: 67894 abort: 163106 (0/163106/0), network size: 0, avg network size: 0, si_in_serializable: 0 0 %, local: 0 %
I1126 13:33:09.261590 936253 Coordinator.h:126] commit: 68344 abort: 164656 (0/164656/0), network size: 0, avg network size: 0, si_in_serializable: 0 0 %, local: 0 %
I1126 13:33:10.261682 936253 Coordinator.h:126] commit: 68492 abort: 164508 (0/164508/0), network size: 0, avg network size: 0, si_in_serializable: 0 0 %, local: 0 %
I1126 13:33:11.261781 936253 Coordinator.h:126] commit: 68194 abort: 163806 (0/163806/0), network size: 0, avg network size: 0, si_in_serializable: 0 0 %, local: 0 %
I1126 13:33:12.261883 936253 Coordinator.h:126] commit: 67823 abort: 164177 (0/164177/0), network size: 0, avg network size: 0, si_in_serializable: 0 0 %, local: 0 %
I1126 13:33:13.261987 936253 Coordinator.h:126] commit: 68133 abort: 164867 (0/164867/0), network size: 0, avg network size: 0, si_in_serializable: 0 0 %, local: 0 %
I1126 13:33:14.262087 936253 Coordinator.h:126] commit: 67976 abort: 164024 (0/164024/0), network size: 0, avg network size: 0, si_in_serializable: 0 0 %, local: 0 %
I1126 13:33:15.262185 936253 Coordinator.h:126] commit: 68350 abort: 164650 (0/164650/0), network size: 0, avg network size: 0, si_in_serializable: 0 0 %, local: 0 %
I1126 13:33:16.262284 936253 Coordinator.h:126] commit: 67603 abort: 162397 (0/162397/0), network size: 0, avg network size: 0, si_in_serializable: 0 0 %, local: 0 %
I1126 13:33:17.262392 936253 Coordinator.h:126] commit: 68092 abort: 163908 (0/163908/0), network size: 0, avg network size: 0, si_in_serializable: 0 0 %, local: 0 %
I1126 13:33:18.262491 936253 Coordinator.h:126] commit: 67956 abort: 164044 (0/164044/0), network size: 0, avg network size: 0, si_in_serializable: 0 0 %, local: 0 %
I1126 13:33:18.262522 936253 Coordinator.h:152] average commit: 68119.4 abort: 163981 (0/163981/0), network size: 0, avg network size: 0, si_in_serializable: 0 0 %, local: 0 %
I1126 13:33:18.265177 936281 Manager.h:227] Manager(worker id = 12) on the coordinator node exits.
I1126 13:33:18.265182 936269 AriaExecutor.h:94] AriaExecutor 0 exits. 
I1126 13:33:18.265185 936271 AriaExecutor.h:94] AriaExecutor 2 exits. 
I1126 13:33:18.265183 936277 AriaExecutor.h:94] AriaExecutor 8 exits. 
I1126 13:33:18.265198 936280 AriaExecutor.h:94] AriaExecutor 11 exits. 
I1126 13:33:18.265195 936278 AriaExecutor.h:94] AriaExecutor 9 exits. 
I1126 13:33:18.265197 936270 AriaExecutor.h:94] AriaExecutor 1 exits. 
I1126 13:33:18.265197 936272 AriaExecutor.h:94] AriaExecutor 3 exits. 
I1126 13:33:18.265195 936274 AriaExecutor.h:94] AriaExecutor 5 exits. 
I1126 13:33:18.265204 936275 AriaExecutor.h:94] AriaExecutor 6 exits. 
I1126 13:33:18.265187 936279 AriaExecutor.h:94] AriaExecutor 10 exits. 
I1126 13:33:18.265195 936276 AriaExecutor.h:94] AriaExecutor 7 exits. 
I1126 13:33:18.265187 936273 AriaExecutor.h:94] AriaExecutor 4 exits. 
I1126 13:33:18.262533 936253 AriaExecutor.h:535] Worker 0 latency: 3849 us (50%) 4056 us (75%) 4203 us (95%) 4273 us (99%).
I1126 13:33:18.270164 936253 AriaExecutor.h:535] Worker 1 latency: 3851 us (50%) 4057 us (75%) 4204 us (95%) 4272 us (99%).
I1126 13:33:18.277281 936253 AriaExecutor.h:535] Worker 2 latency: 3848 us (50%) 4056 us (75%) 4202 us (95%) 4272 us (99%).
I1126 13:33:18.284343 936253 AriaExecutor.h:535] Worker 3 latency: 3853 us (50%) 4058 us (75%) 4203 us (95%) 4271 us (99%).
I1126 13:33:18.291455 936253 AriaExecutor.h:535] Worker 4 latency: 3849 us (50%) 4055 us (75%) 4203 us (95%) 4271 us (99%).
I1126 13:33:18.298645 936253 AriaExecutor.h:535] Worker 5 latency: 3850 us (50%) 4057 us (75%) 4203 us (95%) 4272 us (99%).
I1126 13:33:18.305796 936253 AriaExecutor.h:535] Worker 6 latency: 3848 us (50%) 4055 us (75%) 4202 us (95%) 4271 us (99%).
I1126 13:33:18.312883 936253 AriaExecutor.h:535] Worker 7 latency: 3853 us (50%) 4057 us (75%) 4203 us (95%) 4270 us (99%).
I1126 13:33:18.319931 936253 AriaExecutor.h:535] Worker 8 latency: 3843 us (50%) 4050 us (75%) 4202 us (95%) 4272 us (99%).
I1126 13:33:18.326949 936253 AriaExecutor.h:535] Worker 9 latency: 3853 us (50%) 4058 us (75%) 4203 us (95%) 4272 us (99%).
I1126 13:33:18.334008 936253 AriaExecutor.h:535] Worker 10 latency: 3850 us (50%) 4056 us (75%) 4202 us (95%) 4271 us (99%).
I1126 13:33:18.341029 936253 AriaExecutor.h:535] Worker 11 latency: 3854 us (50%) 4058 us (75%) 4203 us (95%) 4271 us (99%).
I1126 13:33:18.348031 936253 Coordinator.h:177] total commit: 68119.4
I1126 13:33:19.348137 936253 Coordinator.h:192] Coordinator exits.
