I1126 16:04:30.300526 1029828 Database.h:65] ycsb initialization finished in 30 milliseconds.
I1126 16:04:30.300632 1029828 Coordinator.h:30] Coordinator initializes 12 workers.
I1126 16:04:30.373217 1029828 Coordinator.h:77] Coordinator starts to run 13 workers.
I1126 16:04:30.373275 1029844 AriaExecutor.h:93] AriaExecutor 0 started. 
I1126 16:04:30.373306 1029845 AriaExecutor.h:93] AriaExecutor 1 started. 
I1126 16:04:30.373344 1029846 AriaExecutor.h:93] AriaExecutor 2 started. 
I1126 16:04:30.373395 1029847 AriaExecutor.h:93] AriaExecutor 3 started. 
I1126 16:04:30.373487 1029849 AriaExecutor.h:93] AriaExecutor 5 started. 
I1126 16:04:30.373529 1029850 AriaExecutor.h:93] AriaExecutor 6 started. 
I1126 16:04:30.373565 1029851 AriaExecutor.h:93] AriaExecutor 7 started. 
I1126 16:04:30.373598 1029852 AriaExecutor.h:93] AriaExecutor 8 started. 
I1126 16:04:30.373647 1029853 AriaExecutor.h:93] AriaExecutor 9 started. 
I1126 16:04:30.373687 1029854 AriaExecutor.h:93] AriaExecutor 10 started. 
I1126 16:04:30.373728 1029855 AriaExecutor.h:93] AriaExecutor 11 started. 
I1126 16:04:30.373764 1029848 AriaExecutor.h:93] AriaExecutor 4 started. 
I1126 16:04:30.373766 1029856 Manager.h:224] Manager(worker id = 12) on the coordinator node started.
I1126 16:04:31.373832 1029828 Coordinator.h:126] commit: 436791 abort: 343209 (0/343209/0), network size: 0, avg network size: 0, si_in_serializable: 0 0 %, local: 0 %
I1126 16:04:32.373962 1029828 Coordinator.h:126] commit: 437198 abort: 342802 (0/342802/0), network size: 0, avg network size: 0, si_in_serializable: 0 0 %, local: 0 %
I1126 16:04:33.374078 1029828 Coordinator.h:126] commit: 436543 abort: 343457 (0/343457/0), network size: 0, avg network size: 0, si_in_serializable: 0 0 %, local: 0 %
I1126 16:04:34.374171 1029828 Coordinator.h:126] commit: 443039 abort: 346961 (0/346961/0), network size: 0, avg network size: 0, si_in_serializable: 0 0 %, local: 0 %
I1126 16:04:35.374269 1029828 Coordinator.h:126] commit: 442512 abort: 347488 (0/347488/0), network size: 0, avg network size: 0, si_in_serializable: 0 0 %, local: 0 %
I1126 16:04:36.374382 1029828 Coordinator.h:126] commit: 442597 abort: 347403 (0/347403/0), network size: 0, avg network size: 0, si_in_serializable: 0 0 %, local: 0 %
I1126 16:04:37.374511 1029828 Coordinator.h:126] commit: 436399 abort: 343601 (0/343601/0), network size: 0, avg network size: 0, si_in_serializable: 0 0 %, local: 0 %
I1126 16:04:38.374619 1029828 Coordinator.h:126] commit: 443584 abort: 346416 (0/346416/0), network size: 0, avg network size: 0, si_in_serializable: 0 0 %, local: 0 %
I1126 16:04:39.374716 1029828 Coordinator.h:126] commit: 442191 abort: 347809 (0/347809/0), network size: 0, avg network size: 0, si_in_serializable: 0 0 %, local: 0 %
I1126 16:04:40.374810 1029828 Coordinator.h:126] commit: 442622 abort: 347378 (0/347378/0), network size: 0, avg network size: 0, si_in_serializable: 0 0 %, local: 0 %
I1126 16:04:41.374918 1029828 Coordinator.h:126] commit: 444735 abort: 348095 (0/348095/0), network size: 0, avg network size: 0, si_in_serializable: 0 0 %, local: 0 %
I1126 16:04:42.375015 1029828 Coordinator.h:126] commit: 446126 abort: 351044 (0/351044/0), network size: 0, avg network size: 0, si_in_serializable: 0 0 %, local: 0 %
I1126 16:04:43.375103 1029828 Coordinator.h:126] commit: 442772 abort: 347228 (0/347228/0), network size: 0, avg network size: 0, si_in_serializable: 0 0 %, local: 0 %
I1126 16:04:44.375190 1029828 Coordinator.h:126] commit: 442246 abort: 347754 (0/347754/0), network size: 0, avg network size: 0, si_in_serializable: 0 0 %, local: 0 %
I1126 16:04:45.375285 1029828 Coordinator.h:126] commit: 431223 abort: 338777 (0/338777/0), network size: 0, avg network size: 0, si_in_serializable: 0 0 %, local: 0 %
I1126 16:04:46.375397 1029828 Coordinator.h:126] commit: 442523 abort: 347477 (0/347477/0), network size: 0, avg network size: 0, si_in_serializable: 0 0 %, local: 0 %
I1126 16:04:47.375494 1029828 Coordinator.h:126] commit: 442230 abort: 347770 (0/347770/0), network size: 0, avg network size: 0, si_in_serializable: 0 0 %, local: 0 %
I1126 16:04:48.375582 1029828 Coordinator.h:126] commit: 441791 abort: 348209 (0/348209/0), network size: 0, avg network size: 0, si_in_serializable: 0 0 %, local: 0 %
I1126 16:04:49.375690 1029828 Coordinator.h:126] commit: 442339 abort: 347661 (0/347661/0), network size: 0, avg network size: 0, si_in_serializable: 0 0 %, local: 0 %
I1126 16:04:50.375789 1029828 Coordinator.h:126] commit: 442479 abort: 347521 (0/347521/0), network size: 0, avg network size: 0, si_in_serializable: 0 0 %, local: 0 %
I1126 16:04:51.375892 1029828 Coordinator.h:126] commit: 444843 abort: 347089 (0/347089/0), network size: 0, avg network size: 0, si_in_serializable: 0 0 %, local: 0 %
I1126 16:04:52.375982 1029828 Coordinator.h:126] commit: 446566 abort: 351502 (0/351502/0), network size: 0, avg network size: 0, si_in_serializable: 0 0 %, local: 0 %
I1126 16:04:53.376068 1029828 Coordinator.h:126] commit: 442989 abort: 347011 (0/347011/0), network size: 0, avg network size: 0, si_in_serializable: 0 0 %, local: 0 %
I1126 16:04:54.376153 1029828 Coordinator.h:126] commit: 442340 abort: 347660 (0/347660/0), network size: 0, avg network size: 0, si_in_serializable: 0 0 %, local: 0 %
I1126 16:04:55.376243 1029828 Coordinator.h:126] commit: 442969 abort: 347031 (0/347031/0), network size: 0, avg network size: 0, si_in_serializable: 0 0 %, local: 0 %
I1126 16:04:55.376282 1029828 Coordinator.h:152] average commit: 441846 abort: 347154 (0/347154/0), network size: 0, avg network size: 0, si_in_serializable: 0 0 %, local: 0 %
I1126 16:04:55.382920 1029856 Manager.h:227] Manager(worker id = 12) on the coordinator node exits.
I1126 16:04:55.382928 1029846 AriaExecutor.h:105] AriaExecutor 2 exits. 
I1126 16:04:55.382932 1029854 AriaExecutor.h:105] AriaExecutor 10 exits. 
I1126 16:04:55.382936 1029855 AriaExecutor.h:105] AriaExecutor 11 exits. 
I1126 16:04:55.382930 1029852 AriaExecutor.h:105] AriaExecutor 8 exits. 
I1126 16:04:55.382920 1029848 AriaExecutor.h:105] AriaExecutor 4 exits. 
I1126 16:04:55.382931 1029850 AriaExecutor.h:105] AriaExecutor 6 exits. 
I1126 16:04:55.382933 1029847 AriaExecutor.h:105] AriaExecutor 3 exits. 
I1126 16:04:55.382933 1029849 AriaExecutor.h:105] AriaExecutor 5 exits. 
I1126 16:04:55.382936 1029851 AriaExecutor.h:105] AriaExecutor 7 exits. 
I1126 16:04:55.382937 1029853 AriaExecutor.h:105] AriaExecutor 9 exits. 
I1126 16:04:55.382929 1029844 AriaExecutor.h:105] AriaExecutor 0 exits. 
I1126 16:04:55.382933 1029845 AriaExecutor.h:105] AriaExecutor 1 exits. 
I1126 16:04:55.376291 1029828 AriaExecutor.h:672] Worker 0 latency: 9173 us (50%) 10778 us (75%) 11806 us (95%) 12014 us (99%).
I1126 16:04:55.419721 1029828 AriaExecutor.h:672] Worker 1 latency: 9174 us (50%) 10779 us (75%) 11803 us (95%) 12008 us (99%).
I1126 16:04:55.463562 1029828 AriaExecutor.h:672] Worker 2 latency: 9176 us (50%) 10784 us (75%) 11803 us (95%) 12009 us (99%).
I1126 16:04:55.507529 1029828 AriaExecutor.h:672] Worker 3 latency: 9159 us (50%) 10772 us (75%) 11801 us (95%) 12006 us (99%).
I1126 16:04:55.551354 1029828 AriaExecutor.h:672] Worker 4 latency: 9147 us (50%) 10766 us (75%) 11802 us (95%) 12010 us (99%).
I1126 16:04:55.594313 1029828 AriaExecutor.h:672] Worker 5 latency: 9147 us (50%) 10768 us (75%) 11801 us (95%) 12008 us (99%).
I1126 16:04:55.637826 1029828 AriaExecutor.h:672] Worker 6 latency: 9133 us (50%) 10760 us (75%) 11801 us (95%) 12011 us (99%).
I1126 16:04:55.681442 1029828 AriaExecutor.h:672] Worker 7 latency: 9168 us (50%) 10772 us (75%) 11799 us (95%) 12006 us (99%).
I1126 16:04:55.724644 1029828 AriaExecutor.h:672] Worker 8 latency: 9155 us (50%) 10770 us (75%) 11803 us (95%) 12012 us (99%).
I1126 16:04:55.768229 1029828 AriaExecutor.h:672] Worker 9 latency: 9158 us (50%) 10771 us (75%) 11801 us (95%) 12008 us (99%).
I1126 16:04:55.811625 1029828 AriaExecutor.h:672] Worker 10 latency: 9167 us (50%) 10774 us (75%) 11803 us (95%) 12010 us (99%).
I1126 16:04:55.854408 1029828 AriaExecutor.h:672] Worker 11 latency: 9156 us (50%) 10770 us (75%) 11800 us (95%) 12007 us (99%).
I1126 16:04:55.897588 1029828 Coordinator.h:177] total commit: 441846
I1126 16:04:56.897711 1029828 Coordinator.h:192] Coordinator exits.
