I1126 15:20:32.503190 1001487 Database.h:65] ycsb initialization finished in 30 milliseconds.
I1126 15:20:32.503288 1001487 Coordinator.h:30] Coordinator initializes 12 workers.
I1126 15:20:32.510239 1001487 Coordinator.h:77] Coordinator starts to run 13 workers.
I1126 15:20:32.510288 1001503 AriaExecutor.h:95] AriaExecutor 0 started. 
I1126 15:20:32.510329 1001504 AriaExecutor.h:95] AriaExecutor 1 started. 
I1126 15:20:32.510377 1001505 AriaExecutor.h:95] AriaExecutor 2 started. 
I1126 15:20:32.510411 1001506 AriaExecutor.h:95] AriaExecutor 3 started. 
I1126 15:20:32.510493 1001508 AriaExecutor.h:95] AriaExecutor 5 started. 
I1126 15:20:32.510536 1001509 AriaExecutor.h:95] AriaExecutor 6 started. 
I1126 15:20:32.510576 1001510 AriaExecutor.h:95] AriaExecutor 7 started. 
I1126 15:20:32.510618 1001511 AriaExecutor.h:95] AriaExecutor 8 started. 
I1126 15:20:32.510658 1001512 AriaExecutor.h:95] AriaExecutor 9 started. 
I1126 15:20:32.510692 1001513 AriaExecutor.h:95] AriaExecutor 10 started. 
I1126 15:20:32.510738 1001514 AriaExecutor.h:95] AriaExecutor 11 started. 
I1126 15:20:32.510775 1001507 AriaExecutor.h:95] AriaExecutor 4 started. 
I1126 15:20:32.510776 1001515 Manager.h:224] Manager(worker id = 12) on the coordinator node started.
I1126 15:20:33.510840 1001487 Coordinator.h:126] commit: 1721700 abort: 138300 (0/138300/0), network size: 0, avg network size: 0, si_in_serializable: 0 0 %, local: 0 %
I1126 15:20:34.510968 1001487 Coordinator.h:126] commit: 1712983 abort: 137017 (0/137017/0), network size: 0, avg network size: 0, si_in_serializable: 0 0 %, local: 0 %
I1126 15:20:35.511094 1001487 Coordinator.h:126] commit: 1731350 abort: 138650 (0/138650/0), network size: 0, avg network size: 0, si_in_serializable: 0 0 %, local: 0 %
I1126 15:20:36.511211 1001487 Coordinator.h:126] commit: 1721796 abort: 138204 (0/138204/0), network size: 0, avg network size: 0, si_in_serializable: 0 0 %, local: 0 %
I1126 15:20:37.511304 1001487 Coordinator.h:126] commit: 1740979 abort: 139021 (0/139021/0), network size: 0, avg network size: 0, si_in_serializable: 0 0 %, local: 0 %
I1126 15:20:38.511392 1001487 Coordinator.h:126] commit: 1741198 abort: 138802 (0/138802/0), network size: 0, avg network size: 0, si_in_serializable: 0 0 %, local: 0 %
I1126 15:20:39.511482 1001487 Coordinator.h:126] commit: 1723031 abort: 136969 (0/136969/0), network size: 0, avg network size: 0, si_in_serializable: 0 0 %, local: 0 %
I1126 15:20:40.511579 1001487 Coordinator.h:126] commit: 1684961 abort: 135039 (0/135039/0), network size: 0, avg network size: 0, si_in_serializable: 0 0 %, local: 0 %
I1126 15:20:41.511705 1001487 Coordinator.h:126] commit: 1731985 abort: 138015 (0/138015/0), network size: 0, avg network size: 0, si_in_serializable: 0 0 %, local: 0 %
I1126 15:20:42.511807 1001487 Coordinator.h:126] commit: 1741445 abort: 138555 (0/138555/0), network size: 0, avg network size: 0, si_in_serializable: 0 0 %, local: 0 %
I1126 15:20:43.511895 1001487 Coordinator.h:126] commit: 1740968 abort: 139032 (0/139032/0), network size: 0, avg network size: 0, si_in_serializable: 0 0 %, local: 0 %
I1126 15:20:44.511988 1001487 Coordinator.h:126] commit: 1731820 abort: 138180 (0/138180/0), network size: 0, avg network size: 0, si_in_serializable: 0 0 %, local: 0 %
I1126 15:20:45.512097 1001487 Coordinator.h:126] commit: 1740258 abort: 139742 (0/139742/0), network size: 0, avg network size: 0, si_in_serializable: 0 0 %, local: 0 %
I1126 15:20:46.512207 1001487 Coordinator.h:126] commit: 1740932 abort: 139068 (0/139068/0), network size: 0, avg network size: 0, si_in_serializable: 0 0 %, local: 0 %
I1126 15:20:47.512302 1001487 Coordinator.h:126] commit: 1684383 abort: 134618 (0/134618/0), network size: 0, avg network size: 0, si_in_serializable: 0 0 %, local: 0 %
I1126 15:20:48.512389 1001487 Coordinator.h:126] commit: 1732861 abort: 138138 (0/138138/0), network size: 0, avg network size: 0, si_in_serializable: 0 0 %, local: 0 %
I1126 15:20:49.512475 1001487 Coordinator.h:126] commit: 1741505 abort: 138495 (0/138495/0), network size: 0, avg network size: 0, si_in_serializable: 0 0 %, local: 0 %
I1126 15:20:50.512569 1001487 Coordinator.h:126] commit: 1737437 abort: 138170 (0/138170/0), network size: 0, avg network size: 0, si_in_serializable: 0 0 %, local: 0 %
I1126 15:20:51.512676 1001487 Coordinator.h:126] commit: 1744767 abort: 139207 (0/139207/0), network size: 0, avg network size: 0, si_in_serializable: 0 0 %, local: 0 %
I1126 15:20:52.512771 1001487 Coordinator.h:126] commit: 1731976 abort: 138443 (0/138443/0), network size: 0, avg network size: 0, si_in_serializable: 0 0 %, local: 0 %
I1126 15:20:53.512856 1001487 Coordinator.h:126] commit: 1740840 abort: 139160 (0/139160/0), network size: 0, avg network size: 0, si_in_serializable: 0 0 %, local: 0 %
I1126 15:20:54.512943 1001487 Coordinator.h:126] commit: 1741017 abort: 138983 (0/138983/0), network size: 0, avg network size: 0, si_in_serializable: 0 0 %, local: 0 %
I1126 15:20:55.513047 1001487 Coordinator.h:126] commit: 1739773 abort: 138472 (0/138472/0), network size: 0, avg network size: 0, si_in_serializable: 0 0 %, local: 0 %
I1126 15:20:56.513155 1001487 Coordinator.h:126] commit: 1734322 abort: 138123 (0/138123/0), network size: 0, avg network size: 0, si_in_serializable: 0 0 %, local: 0 %
I1126 15:20:57.513249 1001487 Coordinator.h:126] commit: 1739930 abort: 139600 (0/139600/0), network size: 0, avg network size: 0, si_in_serializable: 0 0 %, local: 0 %
I1126 15:20:57.513270 1001487 Coordinator.h:152] average commit: 1.73269e+06 abort: 138309 (0/138309/0), network size: 0, avg network size: 0, si_in_serializable: 0 0 %, local: 0 %
I1126 15:20:57.513724 1001515 Manager.h:227] Manager(worker id = 12) on the coordinator node exits.
I1126 15:20:57.513728 1001507 AriaExecutor.h:107] AriaExecutor 4 exits. 
I1126 15:20:57.513731 1001511 AriaExecutor.h:107] AriaExecutor 8 exits. 
I1126 15:20:57.513727 1001505 AriaExecutor.h:107] AriaExecutor 2 exits. 
I1126 15:20:57.513731 1001509 AriaExecutor.h:107] AriaExecutor 6 exits. 
I1126 15:20:57.513725 1001513 AriaExecutor.h:107] AriaExecutor 10 exits. 
I1126 15:20:57.513756 1001506 AriaExecutor.h:107] AriaExecutor 3 exits. 
I1126 15:20:57.513742 1001510 AriaExecutor.h:107] AriaExecutor 7 exits. 
I1126 15:20:57.513731 1001503 AriaExecutor.h:107] AriaExecutor 0 exits. 
I1126 15:20:57.513757 1001512 AriaExecutor.h:107] AriaExecutor 9 exits. 
I1126 15:20:57.513758 1001508 AriaExecutor.h:107] AriaExecutor 5 exits. 
I1126 15:20:57.513742 1001514 AriaExecutor.h:107] AriaExecutor 11 exits. 
I1126 15:20:57.513742 1001504 AriaExecutor.h:107] AriaExecutor 1 exits. 
I1126 15:20:57.513279 1001487 AriaExecutor.h:705] Worker 0 latency: 3710 us (50%) 4224 us (75%) 4627 us (95%) 4731 us (99%).
I1126 15:20:57.650878 1001487 AriaExecutor.h:705] Worker 1 latency: 3714 us (50%) 4225 us (75%) 4627 us (95%) 4730 us (99%).
I1126 15:20:57.806273 1001487 AriaExecutor.h:705] Worker 2 latency: 3727 us (50%) 4229 us (75%) 4626 us (95%) 4728 us (99%).
I1126 15:20:57.945767 1001487 AriaExecutor.h:705] Worker 3 latency: 3718 us (50%) 4228 us (75%) 4628 us (95%) 4730 us (99%).
I1126 15:20:58.100792 1001487 AriaExecutor.h:705] Worker 4 latency: 3712 us (50%) 4223 us (75%) 4627 us (95%) 4730 us (99%).
I1126 15:20:58.239717 1001487 AriaExecutor.h:705] Worker 5 latency: 3718 us (50%) 4227 us (75%) 4627 us (95%) 4729 us (99%).
I1126 15:20:58.393000 1001487 AriaExecutor.h:705] Worker 6 latency: 3727 us (50%) 4231 us (75%) 4628 us (95%) 4729 us (99%).
I1126 15:20:58.532860 1001487 AriaExecutor.h:705] Worker 7 latency: 3715 us (50%) 4227 us (75%) 4627 us (95%) 4729 us (99%).
I1126 15:20:58.682987 1001487 AriaExecutor.h:705] Worker 8 latency: 3713 us (50%) 4224 us (75%) 4628 us (95%) 4730 us (99%).
I1126 15:20:58.820752 1001487 AriaExecutor.h:705] Worker 9 latency: 3720 us (50%) 4228 us (75%) 4627 us (95%) 4729 us (99%).
I1126 15:20:58.971328 1001487 AriaExecutor.h:705] Worker 10 latency: 3725 us (50%) 4230 us (75%) 4628 us (95%) 4731 us (99%).
I1126 15:20:59.111066 1001487 AriaExecutor.h:705] Worker 11 latency: 3719 us (50%) 4228 us (75%) 4628 us (95%) 4729 us (99%).
I1126 15:20:59.263988 1001487 Coordinator.h:177] total commit: 1.73269e+06
I1126 15:21:00.264137 1001487 Coordinator.h:192] Coordinator exits.
