I1126 15:36:56.923332 1012044 Database.h:65] ycsb initialization finished in 29 milliseconds.
I1126 15:36:56.923430 1012044 Coordinator.h:30] Coordinator initializes 12 workers.
I1126 15:36:56.930183 1012044 Coordinator.h:77] Coordinator starts to run 13 workers.
I1126 15:36:56.930239 1012060 AriaExecutor.h:95] AriaExecutor 0 started. 
I1126 15:36:56.930279 1012061 AriaExecutor.h:95] AriaExecutor 1 started. 
I1126 15:36:56.930322 1012062 AriaExecutor.h:95] AriaExecutor 2 started. 
I1126 15:36:56.930384 1012063 AriaExecutor.h:95] AriaExecutor 3 started. 
I1126 15:36:56.930416 1012064 AriaExecutor.h:95] AriaExecutor 4 started. 
I1126 15:36:56.930470 1012065 AriaExecutor.h:95] AriaExecutor 5 started. 
I1126 15:36:56.930513 1012066 AriaExecutor.h:95] AriaExecutor 6 started. 
I1126 15:36:56.930564 1012067 AriaExecutor.h:95] AriaExecutor 7 started. 
I1126 15:36:56.930624 1012068 AriaExecutor.h:95] AriaExecutor 8 started. 
I1126 15:36:56.930678 1012069 AriaExecutor.h:95] AriaExecutor 9 started. 
I1126 15:36:56.930728 1012070 AriaExecutor.h:95] AriaExecutor 10 started. 
I1126 15:36:56.930778 1012071 AriaExecutor.h:95] AriaExecutor 11 started. 
I1126 15:36:56.930821 1012072 Manager.h:224] Manager(worker id = 12) on the coordinator node started.
I1126 15:36:57.930888 1012044 Coordinator.h:126] commit: 423793 abort: 996207 (0/996207/0), network size: 0, avg network size: 0, si_in_serializable: 0 0 %, local: 0 %
I1126 15:36:58.931022 1012044 Coordinator.h:126] commit: 423275 abort: 996725 (0/996725/0), network size: 0, avg network size: 0, si_in_serializable: 0 0 %, local: 0 %
I1126 15:36:59.931156 1012044 Coordinator.h:126] commit: 422463 abort: 997537 (0/997537/0), network size: 0, avg network size: 0, si_in_serializable: 0 0 %, local: 0 %
I1126 15:37:00.931267 1012044 Coordinator.h:126] commit: 426539 abort: 1003461 (0/1003461/0), network size: 0, avg network size: 0, si_in_serializable: 0 0 %, local: 0 %
I1126 15:37:01.931389 1012044 Coordinator.h:126] commit: 427897 abort: 1004748 (0/1004748/0), network size: 0, avg network size: 0, si_in_serializable: 0 0 %, local: 0 %
I1126 15:37:02.931495 1012044 Coordinator.h:126] commit: 421848 abort: 995507 (0/995507/0), network size: 0, avg network size: 0, si_in_serializable: 0 0 %, local: 0 %
I1126 15:37:03.931620 1012044 Coordinator.h:126] commit: 422262 abort: 997738 (0/997738/0), network size: 0, avg network size: 0, si_in_serializable: 0 0 %, local: 0 %
I1126 15:37:04.931730 1012044 Coordinator.h:126] commit: 423191 abort: 996809 (0/996809/0), network size: 0, avg network size: 0, si_in_serializable: 0 0 %, local: 0 %
I1126 15:37:05.931838 1012044 Coordinator.h:126] commit: 423011 abort: 996989 (0/996989/0), network size: 0, avg network size: 0, si_in_serializable: 0 0 %, local: 0 %
I1126 15:37:06.931941 1012044 Coordinator.h:126] commit: 428665 abort: 1011335 (0/1011335/0), network size: 0, avg network size: 0, si_in_serializable: 0 0 %, local: 0 %
I1126 15:37:07.932049 1012044 Coordinator.h:126] commit: 423429 abort: 996571 (0/996571/0), network size: 0, avg network size: 0, si_in_serializable: 0 0 %, local: 0 %
I1126 15:37:08.932175 1012044 Coordinator.h:126] commit: 423304 abort: 996696 (0/996696/0), network size: 0, avg network size: 0, si_in_serializable: 0 0 %, local: 0 %
I1126 15:37:09.932282 1012044 Coordinator.h:126] commit: 425400 abort: 1004600 (0/1004600/0), network size: 0, avg network size: 0, si_in_serializable: 0 0 %, local: 0 %
I1126 15:37:10.932385 1012044 Coordinator.h:126] commit: 426008 abort: 1003992 (0/1003992/0), network size: 0, avg network size: 0, si_in_serializable: 0 0 %, local: 0 %
I1126 15:37:11.932488 1012044 Coordinator.h:126] commit: 417047 abort: 982953 (0/982953/0), network size: 0, avg network size: 0, si_in_serializable: 0 0 %, local: 0 %
I1126 15:37:12.932593 1012044 Coordinator.h:126] commit: 425708 abort: 1004292 (0/1004292/0), network size: 0, avg network size: 0, si_in_serializable: 0 0 %, local: 0 %
I1126 15:37:13.932698 1012044 Coordinator.h:126] commit: 426559 abort: 1003441 (0/1003441/0), network size: 0, avg network size: 0, si_in_serializable: 0 0 %, local: 0 %
I1126 15:37:14.932797 1012044 Coordinator.h:126] commit: 426516 abort: 1003484 (0/1003484/0), network size: 0, avg network size: 0, si_in_serializable: 0 0 %, local: 0 %
I1126 15:37:15.932897 1012044 Coordinator.h:126] commit: 427022 abort: 1002978 (0/1002978/0), network size: 0, avg network size: 0, si_in_serializable: 0 0 %, local: 0 %
I1126 15:37:16.932998 1012044 Coordinator.h:126] commit: 425762 abort: 1004238 (0/1004238/0), network size: 0, avg network size: 0, si_in_serializable: 0 0 %, local: 0 %
I1126 15:37:17.933099 1012044 Coordinator.h:126] commit: 426491 abort: 1003509 (0/1003509/0), network size: 0, avg network size: 0, si_in_serializable: 0 0 %, local: 0 %
I1126 15:37:18.933228 1012044 Coordinator.h:126] commit: 420027 abort: 989973 (0/989973/0), network size: 0, avg network size: 0, si_in_serializable: 0 0 %, local: 0 %
I1126 15:37:19.933341 1012044 Coordinator.h:126] commit: 426553 abort: 1003447 (0/1003447/0), network size: 0, avg network size: 0, si_in_serializable: 0 0 %, local: 0 %
I1126 15:37:20.933444 1012044 Coordinator.h:126] commit: 422383 abort: 997617 (0/997617/0), network size: 0, avg network size: 0, si_in_serializable: 0 0 %, local: 0 %
I1126 15:37:21.933547 1012044 Coordinator.h:126] commit: 427080 abort: 1002920 (0/1002920/0), network size: 0, avg network size: 0, si_in_serializable: 0 0 %, local: 0 %
I1126 15:37:21.933573 1012044 Coordinator.h:152] average commit: 424676 abort: 1.00032e+06 (0/1.00032e+06/0), network size: 0, avg network size: 0, si_in_serializable: 0 0 %, local: 0 %
I1126 15:37:21.938416 1012068 AriaExecutor.h:107] AriaExecutor 8 exits. 
I1126 15:37:21.938417 1012064 AriaExecutor.h:107] AriaExecutor 4 exits. 
I1126 15:37:21.938426 1012072 Manager.h:227] Manager(worker id = 12) on the coordinator node exits.
I1126 15:37:21.938428 1012067 AriaExecutor.h:107] AriaExecutor 7 exits. 
I1126 15:37:21.938419 1012060 AriaExecutor.h:107] AriaExecutor 0 exits. 
I1126 15:37:21.938417 1012070 AriaExecutor.h:107] AriaExecutor 10 exits. 
I1126 15:37:21.938428 1012065 AriaExecutor.h:107] AriaExecutor 5 exits. 
I1126 15:37:21.938428 1012069 AriaExecutor.h:107] AriaExecutor 9 exits. 
I1126 15:37:21.938429 1012061 AriaExecutor.h:107] AriaExecutor 1 exits. 
I1126 15:37:21.938428 1012063 AriaExecutor.h:107] AriaExecutor 3 exits. 
I1126 15:37:21.938429 1012071 AriaExecutor.h:107] AriaExecutor 11 exits. 
I1126 15:37:21.938418 1012062 AriaExecutor.h:107] AriaExecutor 2 exits. 
I1126 15:37:21.938419 1012066 AriaExecutor.h:107] AriaExecutor 6 exits. 
I1126 15:37:21.933584 1012044 AriaExecutor.h:705] Worker 0 latency: 5907 us (50%) 6328 us (75%) 6545 us (95%) 6647 us (99%).
I1126 15:37:21.972488 1012044 AriaExecutor.h:705] Worker 1 latency: 5904 us (50%) 6325 us (75%) 6545 us (95%) 6650 us (99%).
I1126 15:37:22.014231 1012044 AriaExecutor.h:705] Worker 2 latency: 5913 us (50%) 6327 us (75%) 6544 us (95%) 6648 us (99%).
I1126 15:37:22.053186 1012044 AriaExecutor.h:705] Worker 3 latency: 5908 us (50%) 6327 us (75%) 6545 us (95%) 6650 us (99%).
I1126 15:37:22.094735 1012044 AriaExecutor.h:705] Worker 4 latency: 5904 us (50%) 6324 us (75%) 6544 us (95%) 6647 us (99%).
I1126 15:37:22.133342 1012044 AriaExecutor.h:705] Worker 5 latency: 5911 us (50%) 6327 us (75%) 6544 us (95%) 6646 us (99%).
I1126 15:37:22.175244 1012044 AriaExecutor.h:705] Worker 6 latency: 5913 us (50%) 6328 us (75%) 6544 us (95%) 6644 us (99%).
I1126 15:37:22.213436 1012044 AriaExecutor.h:705] Worker 7 latency: 5906 us (50%) 6325 us (75%) 6544 us (95%) 6646 us (99%).
I1126 15:37:22.255002 1012044 AriaExecutor.h:705] Worker 8 latency: 5908 us (50%) 6326 us (75%) 6544 us (95%) 6647 us (99%).
I1126 15:37:22.292910 1012044 AriaExecutor.h:705] Worker 9 latency: 5908 us (50%) 6326 us (75%) 6544 us (95%) 6646 us (99%).
I1126 15:37:22.335017 1012044 AriaExecutor.h:705] Worker 10 latency: 5913 us (50%) 6328 us (75%) 6544 us (95%) 6646 us (99%).
I1126 15:37:22.373281 1012044 AriaExecutor.h:705] Worker 11 latency: 5908 us (50%) 6328 us (75%) 6545 us (95%) 6646 us (99%).
I1126 15:37:22.415341 1012044 Coordinator.h:177] total commit: 424676
I1126 15:37:23.415447 1012044 Coordinator.h:192] Coordinator exits.
