I0911 23:01:26.867026 2941766 Database.h:65] ycsb initialization finished in 198 milliseconds.
I0911 23:01:26.867136 2941766 Coordinator.h:30] Coordinator initializes 16 workers.
I0911 23:01:26.898208 2941766 Coordinator.h:77] Coordinator starts to run 17 workers.
I0911 23:01:26.898286 2941786 AriaExecutor.h:82] AriaExecutor 0 started. 
I0911 23:01:26.898310 2941787 AriaExecutor.h:82] AriaExecutor 1 started. 
I0911 23:01:26.898367 2941788 AriaExecutor.h:82] AriaExecutor 2 started. 
I0911 23:01:26.898408 2941789 AriaExecutor.h:82] AriaExecutor 3 started. 
I0911 23:01:26.898489 2941791 AriaExecutor.h:82] AriaExecutor 5 started. 
I0911 23:01:26.898530 2941792 AriaExecutor.h:82] AriaExecutor 6 started. 
I0911 23:01:26.898567 2941793 AriaExecutor.h:82] AriaExecutor 7 started. 
I0911 23:01:26.898613 2941794 AriaExecutor.h:82] AriaExecutor 8 started. 
I0911 23:01:26.898660 2941795 AriaExecutor.h:82] AriaExecutor 9 started. 
I0911 23:01:26.898694 2941796 AriaExecutor.h:82] AriaExecutor 10 started. 
I0911 23:01:26.898741 2941797 AriaExecutor.h:82] AriaExecutor 11 started. 
I0911 23:01:26.898777 2941798 AriaExecutor.h:82] AriaExecutor 12 started. 
I0911 23:01:26.898823 2941799 AriaExecutor.h:82] AriaExecutor 13 started. 
I0911 23:01:26.898869 2941800 AriaExecutor.h:82] AriaExecutor 14 started. 
I0911 23:01:26.898912 2941801 AriaExecutor.h:82] AriaExecutor 15 started. 
I0911 23:01:26.898944 2941790 AriaExecutor.h:82] AriaExecutor 4 started. 
I0911 23:01:26.898949 2941802 Manager.h:224] Manager(worker id = 16) on the coordinator node started.
I0911 23:01:27.899019 2941766 Coordinator.h:126] commit: 292060 abort: 826148 (0/826148/0), network size: 0, avg network size: 0, si_in_serializable: 0 0 %, local: 0 %
I0911 23:01:28.899150 2941766 Coordinator.h:126] commit: 289652 abort: 824460 (0/824460/0), network size: 0, avg network size: 0, si_in_serializable: 0 0 %, local: 0 %
I0911 23:01:29.899246 2941766 Coordinator.h:126] commit: 282126 abort: 799218 (0/799218/0), network size: 0, avg network size: 0, si_in_serializable: 0 0 %, local: 0 %
I0911 23:01:30.899336 2941766 Coordinator.h:126] commit: 281882 abort: 799462 (0/799462/0), network size: 0, avg network size: 0, si_in_serializable: 0 0 %, local: 0 %
I0911 23:01:31.899459 2941766 Coordinator.h:126] commit: 292155 abort: 826053 (0/826053/0), network size: 0, avg network size: 0, si_in_serializable: 0 0 %, local: 0 %
I0911 23:01:32.899566 2941766 Coordinator.h:126] commit: 293573 abort: 832827 (0/832827/0), network size: 0, avg network size: 0, si_in_serializable: 0 0 %, local: 0 %
I0911 23:01:33.899653 2941766 Coordinator.h:126] commit: 293824 abort: 832576 (0/832576/0), network size: 0, avg network size: 0, si_in_serializable: 0 0 %, local: 0 %
I0911 23:01:34.899739 2941766 Coordinator.h:126] commit: 288676 abort: 821340 (0/821340/0), network size: 0, avg network size: 0, si_in_serializable: 0 0 %, local: 0 %
I0911 23:01:35.899830 2941766 Coordinator.h:126] commit: 287643 abort: 814181 (0/814181/0), network size: 0, avg network size: 0, si_in_serializable: 0 0 %, local: 0 %
I0911 23:01:36.899917 2941766 Coordinator.h:126] commit: 286015 abort: 811713 (0/811713/0), network size: 0, avg network size: 0, si_in_serializable: 0 0 %, local: 0 %
I0911 23:01:37.900003 2941766 Coordinator.h:126] commit: 293986 abort: 832414 (0/832414/0), network size: 0, avg network size: 0, si_in_serializable: 0 0 %, local: 0 %
I0911 23:01:38.900117 2941766 Coordinator.h:126] commit: 292544 abort: 829760 (0/829760/0), network size: 0, avg network size: 0, si_in_serializable: 0 0 %, local: 0 %
I0911 23:01:39.900215 2941766 Coordinator.h:126] commit: 292763 abort: 829541 (0/829541/0), network size: 0, avg network size: 0, si_in_serializable: 0 0 %, local: 0 %
I0911 23:01:40.900302 2941766 Coordinator.h:126] commit: 294695 abort: 831705 (0/831705/0), network size: 0, avg network size: 0, si_in_serializable: 0 0 %, local: 0 %
I0911 23:01:41.900389 2941766 Coordinator.h:126] commit: 287155 abort: 814669 (0/814669/0), network size: 0, avg network size: 0, si_in_serializable: 0 0 %, local: 0 %
I0911 23:01:42.900476 2941766 Coordinator.h:126] commit: 293783 abort: 832617 (0/832617/0), network size: 0, avg network size: 0, si_in_serializable: 0 0 %, local: 0 %
I0911 23:01:43.900573 2941766 Coordinator.h:126] commit: 292290 abort: 825918 (0/825918/0), network size: 0, avg network size: 0, si_in_serializable: 0 0 %, local: 0 %
I0911 23:01:44.900661 2941766 Coordinator.h:126] commit: 287370 abort: 814454 (0/814454/0), network size: 0, avg network size: 0, si_in_serializable: 0 0 %, local: 0 %
I0911 23:01:45.900749 2941766 Coordinator.h:126] commit: 290785 abort: 823327 (0/823327/0), network size: 0, avg network size: 0, si_in_serializable: 0 0 %, local: 0 %
I0911 23:01:46.900863 2941766 Coordinator.h:126] commit: 293012 abort: 829292 (0/829292/0), network size: 0, avg network size: 0, si_in_serializable: 0 0 %, local: 0 %
I0911 23:01:47.900965 2941766 Coordinator.h:126] commit: 293664 abort: 832736 (0/832736/0), network size: 0, avg network size: 0, si_in_serializable: 0 0 %, local: 0 %
I0911 23:01:48.901051 2941766 Coordinator.h:126] commit: 293892 abort: 832508 (0/832508/0), network size: 0, avg network size: 0, si_in_serializable: 0 0 %, local: 0 %
I0911 23:01:49.901136 2941766 Coordinator.h:126] commit: 294964 abort: 831436 (0/831436/0), network size: 0, avg network size: 0, si_in_serializable: 0 0 %, local: 0 %
I0911 23:01:50.901219 2941766 Coordinator.h:126] commit: 293862 abort: 832538 (0/832538/0), network size: 0, avg network size: 0, si_in_serializable: 0 0 %, local: 0 %
I0911 23:01:51.901309 2941766 Coordinator.h:126] commit: 294051 abort: 832349 (0/832349/0), network size: 0, avg network size: 0, si_in_serializable: 0 0 %, local: 0 %
I0911 23:01:51.901335 2941766 Coordinator.h:152] average commit: 291838 abort: 826370 (0/826370/0), network size: 0, avg network size: 0, si_in_serializable: 0 0 %, local: 0 %
I0911 23:01:51.905737 2941796 AriaExecutor.h:94] AriaExecutor 10 exits. 
I0911 23:01:51.905750 2941787 AriaExecutor.h:94] AriaExecutor 1 exits. 
I0911 23:01:51.905737 2941790 AriaExecutor.h:94] AriaExecutor 4 exits. 
I0911 23:01:51.905738 2941788 AriaExecutor.h:94] AriaExecutor 2 exits. 
I0911 23:01:51.905750 2941793 AriaExecutor.h:94] AriaExecutor 7 exits. 
I0911 23:01:51.905738 2941792 AriaExecutor.h:94] AriaExecutor 6 exits. 
I0911 23:01:51.905753 2941795 AriaExecutor.h:94] AriaExecutor 9 exits. 
I0911 23:01:51.905740 2941794 AriaExecutor.h:94] AriaExecutor 8 exits. 
I0911 23:01:51.905758 2941801 AriaExecutor.h:94] AriaExecutor 15 exits. 
I0911 23:01:51.905740 2941786 AriaExecutor.h:94] AriaExecutor 0 exits. 
I0911 23:01:51.905757 2941799 AriaExecutor.h:94] AriaExecutor 13 exits. 
I0911 23:01:51.905753 2941797 AriaExecutor.h:94] AriaExecutor 11 exits. 
I0911 23:01:51.905738 2941800 AriaExecutor.h:94] AriaExecutor 14 exits. 
I0911 23:01:51.905745 2941802 Manager.h:227] Manager(worker id = 16) on the coordinator node exits.
I0911 23:01:51.905743 2941798 AriaExecutor.h:94] AriaExecutor 12 exits. 
I0911 23:01:51.905750 2941789 AriaExecutor.h:94] AriaExecutor 3 exits. 
I0911 23:01:51.905758 2941791 AriaExecutor.h:94] AriaExecutor 5 exits. 
I0911 23:01:51.901348 2941766 AriaExecutor.h:535] Worker 0 latency: 2761 us (50%) 3284 us (75%) 3526 us (95%) 3595 us (99%).
I0911 23:01:51.923414 2941766 AriaExecutor.h:535] Worker 1 latency: 2759 us (50%) 3282 us (75%) 3525 us (95%) 3593 us (99%).
I0911 23:01:51.946038 2941766 AriaExecutor.h:535] Worker 2 latency: 2770 us (50%) 3286 us (75%) 3525 us (95%) 3594 us (99%).
I0911 23:01:51.967037 2941766 AriaExecutor.h:535] Worker 3 latency: 2760 us (50%) 3281 us (75%) 3524 us (95%) 3594 us (99%).
I0911 23:01:51.989897 2941766 AriaExecutor.h:535] Worker 4 latency: 2763 us (50%) 3284 us (75%) 3525 us (95%) 3594 us (99%).
I0911 23:01:52.011085 2941766 AriaExecutor.h:535] Worker 5 latency: 2755 us (50%) 3280 us (75%) 3524 us (95%) 3595 us (99%).
I0911 23:01:52.033720 2941766 AriaExecutor.h:535] Worker 6 latency: 2765 us (50%) 3283 us (75%) 3525 us (95%) 3593 us (99%).
I0911 23:01:52.054849 2941766 AriaExecutor.h:535] Worker 7 latency: 2757 us (50%) 3280 us (75%) 3524 us (95%) 3594 us (99%).
I0911 23:01:52.077491 2941766 AriaExecutor.h:535] Worker 8 latency: 2755 us (50%) 3277 us (75%) 3524 us (95%) 3593 us (99%).
I0911 23:01:52.098194 2941766 AriaExecutor.h:535] Worker 9 latency: 2750 us (50%) 3275 us (75%) 3523 us (95%) 3593 us (99%).
I0911 23:01:52.120808 2941766 AriaExecutor.h:535] Worker 10 latency: 2761 us (50%) 3279 us (75%) 3524 us (95%) 3592 us (99%).
I0911 23:01:52.141956 2941766 AriaExecutor.h:535] Worker 11 latency: 2755 us (50%) 3275 us (75%) 3523 us (95%) 3596 us (99%).
I0911 23:01:52.164588 2941766 AriaExecutor.h:535] Worker 12 latency: 2760 us (50%) 3278 us (75%) 3524 us (95%) 3594 us (99%).
I0911 23:01:52.185614 2941766 AriaExecutor.h:535] Worker 13 latency: 2751 us (50%) 3275 us (75%) 3523 us (95%) 3594 us (99%).
I0911 23:01:52.207630 2941766 AriaExecutor.h:535] Worker 14 latency: 2759 us (50%) 3277 us (75%) 3524 us (95%) 3594 us (99%).
I0911 23:01:52.228399 2941766 AriaExecutor.h:535] Worker 15 latency: 2753 us (50%) 3274 us (75%) 3522 us (95%) 3592 us (99%).
I0911 23:01:52.251185 2941766 Coordinator.h:177] total commit: 291838
I0911 23:01:53.251304 2941766 Coordinator.h:192] Coordinator exits.
