I1126 14:15:02.225775 961997 Database.h:65] ycsb initialization finished in 30 milliseconds.
I1126 14:15:02.225878 961997 Coordinator.h:30] Coordinator initializes 12 workers.
I1126 14:15:02.226778 961997 Coordinator.h:77] Coordinator starts to run 13 workers.
I1126 14:15:02.226851 962014 AriaExecutor.h:91] AriaExecutor 0 started. 
I1126 14:15:02.226884 962015 AriaExecutor.h:91] AriaExecutor 1 started. 
I1126 14:15:02.226924 962016 AriaExecutor.h:91] AriaExecutor 2 started. 
I1126 14:15:02.226966 962017 AriaExecutor.h:91] AriaExecutor 3 started. 
I1126 14:15:02.226982 962018 AriaExecutor.h:91] AriaExecutor 4 started. 
I1126 14:15:02.227027 962019 AriaExecutor.h:91] AriaExecutor 5 started. 
I1126 14:15:02.227051 962020 AriaExecutor.h:91] AriaExecutor 6 started. 
I1126 14:15:02.227084 962021 AriaExecutor.h:91] AriaExecutor 7 started. 
I1126 14:15:02.227108 962022 AriaExecutor.h:91] AriaExecutor 8 started. 
I1126 14:15:02.227142 962023 AriaExecutor.h:91] AriaExecutor 9 started. 
I1126 14:15:02.227173 962024 AriaExecutor.h:91] AriaExecutor 10 started. 
I1126 14:15:02.227206 962025 AriaExecutor.h:91] AriaExecutor 11 started. 
I1126 14:15:02.227248 962026 Manager.h:224] Manager(worker id = 12) on the coordinator node started.
I1126 14:15:03.227289 961997 Coordinator.h:126] commit: 1849290 abort: 28710 (0/28710/0), network size: 0, avg network size: 0, si_in_serializable: 0 0 %, local: 0 %
I1126 14:15:04.227403 961997 Coordinator.h:126] commit: 1821691 abort: 28309 (0/28309/0), network size: 0, avg network size: 0, si_in_serializable: 0 0 %, local: 0 %
I1126 14:15:05.227528 961997 Coordinator.h:126] commit: 1855681 abort: 29319 (0/29319/0), network size: 0, avg network size: 0, si_in_serializable: 0 0 %, local: 0 %
I1126 14:15:06.227636 961997 Coordinator.h:126] commit: 1835227 abort: 28773 (0/28773/0), network size: 0, avg network size: 0, si_in_serializable: 0 0 %, local: 0 %
I1126 14:15:07.227742 961997 Coordinator.h:126] commit: 1866879 abort: 29121 (0/29121/0), network size: 0, avg network size: 0, si_in_serializable: 0 0 %, local: 0 %
I1126 14:15:08.227846 961997 Coordinator.h:126] commit: 1862046 abort: 28954 (0/28954/0), network size: 0, avg network size: 0, si_in_serializable: 0 0 %, local: 0 %
I1126 14:15:09.227939 961997 Coordinator.h:126] commit: 1737044 abort: 26956 (0/26956/0), network size: 0, avg network size: 0, si_in_serializable: 0 0 %, local: 0 %
I1126 14:15:10.228025 961997 Coordinator.h:126] commit: 1862248 abort: 28752 (0/28752/0), network size: 0, avg network size: 0, si_in_serializable: 0 0 %, local: 0 %
I1126 14:15:11.228150 961997 Coordinator.h:126] commit: 1865625 abort: 29375 (0/29375/0), network size: 0, avg network size: 0, si_in_serializable: 0 0 %, local: 0 %
I1126 14:15:12.228260 961997 Coordinator.h:126] commit: 1865028 abort: 28972 (0/28972/0), network size: 0, avg network size: 0, si_in_serializable: 0 0 %, local: 0 %
I1126 14:15:13.228353 961997 Coordinator.h:126] commit: 1867921 abort: 29079 (0/29079/0), network size: 0, avg network size: 0, si_in_serializable: 0 0 %, local: 0 %
I1126 14:15:14.228443 961997 Coordinator.h:126] commit: 1863949 abort: 29051 (0/29051/0), network size: 0, avg network size: 0, si_in_serializable: 0 0 %, local: 0 %
I1126 14:15:15.228529 961997 Coordinator.h:126] commit: 1865938 abort: 29062 (0/29062/0), network size: 0, avg network size: 0, si_in_serializable: 0 0 %, local: 0 %
I1126 14:15:16.228627 961997 Coordinator.h:126] commit: 1622406 abort: 25594 (0/25594/0), network size: 0, avg network size: 0, si_in_serializable: 0 0 %, local: 0 %
I1126 14:15:17.228729 961997 Coordinator.h:126] commit: 1869247 abort: 28753 (0/28753/0), network size: 0, avg network size: 0, si_in_serializable: 0 0 %, local: 0 %
I1126 14:15:18.228821 961997 Coordinator.h:126] commit: 1866095 abort: 28905 (0/28905/0), network size: 0, avg network size: 0, si_in_serializable: 0 0 %, local: 0 %
I1126 14:15:19.228909 961997 Coordinator.h:126] commit: 1868903 abort: 29097 (0/29097/0), network size: 0, avg network size: 0, si_in_serializable: 0 0 %, local: 0 %
I1126 14:15:20.229003 961997 Coordinator.h:126] commit: 1858998 abort: 29002 (0/29002/0), network size: 0, avg network size: 0, si_in_serializable: 0 0 %, local: 0 %
I1126 14:15:21.229110 961997 Coordinator.h:126] commit: 1879935 abort: 29065 (0/29065/0), network size: 0, avg network size: 0, si_in_serializable: 0 0 %, local: 0 %
I1126 14:15:22.229233 961997 Coordinator.h:126] commit: 1853016 abort: 28984 (0/28984/0), network size: 0, avg network size: 0, si_in_serializable: 0 0 %, local: 0 %
I1126 14:15:23.229328 961997 Coordinator.h:126] commit: 1874661 abort: 29339 (0/29339/0), network size: 0, avg network size: 0, si_in_serializable: 0 0 %, local: 0 %
I1126 14:15:24.229420 961997 Coordinator.h:126] commit: 1872804 abort: 29196 (0/29196/0), network size: 0, avg network size: 0, si_in_serializable: 0 0 %, local: 0 %
I1126 14:15:25.229518 961997 Coordinator.h:126] commit: 1874600 abort: 29400 (0/29400/0), network size: 0, avg network size: 0, si_in_serializable: 0 0 %, local: 0 %
I1126 14:15:26.229625 961997 Coordinator.h:126] commit: 1873143 abort: 28857 (0/28857/0), network size: 0, avg network size: 0, si_in_serializable: 0 0 %, local: 0 %
I1126 14:15:27.229727 961997 Coordinator.h:126] commit: 1875842 abort: 29158 (0/29158/0), network size: 0, avg network size: 0, si_in_serializable: 0 0 %, local: 0 %
I1126 14:15:27.229755 961997 Coordinator.h:152] average commit: 1.84164e+06 abort: 28659.2 (0/28659.2/0), network size: 0, avg network size: 0, si_in_serializable: 0 0 %, local: 0 %
I1126 14:15:27.230052 962016 AriaExecutor.h:103] AriaExecutor 2 exits. 
I1126 14:15:27.230059 962022 AriaExecutor.h:103] AriaExecutor 8 exits. 
I1126 14:15:27.230057 962018 AriaExecutor.h:103] AriaExecutor 4 exits. 
I1126 14:15:27.230064 962025 AriaExecutor.h:103] AriaExecutor 11 exits. 
I1126 14:15:27.230055 962014 AriaExecutor.h:103] AriaExecutor 0 exits. 
I1126 14:15:27.230053 962026 Manager.h:227] Manager(worker id = 12) on the coordinator node exits.
I1126 14:15:27.230064 962017 AriaExecutor.h:103] AriaExecutor 3 exits. 
I1126 14:15:27.230065 962019 AriaExecutor.h:103] AriaExecutor 5 exits. 
I1126 14:15:27.230067 962015 AriaExecutor.h:103] AriaExecutor 1 exits. 
I1126 14:15:27.230067 962021 AriaExecutor.h:103] AriaExecutor 7 exits. 
I1126 14:15:27.230054 962020 AriaExecutor.h:103] AriaExecutor 6 exits. 
I1126 14:15:27.230068 962023 AriaExecutor.h:103] AriaExecutor 9 exits. 
I1126 14:15:27.230055 962024 AriaExecutor.h:103] AriaExecutor 10 exits. 
I1126 14:15:27.229764 961997 AriaExecutor.h:649] Worker 0 latency: 356 us (50%) 413 us (75%) 461 us (95%) 476 us (99%).
I1126 14:15:27.366094 961997 AriaExecutor.h:649] Worker 1 latency: 354 us (50%) 412 us (75%) 461 us (95%) 476 us (99%).
I1126 14:15:27.506127 961997 AriaExecutor.h:649] Worker 2 latency: 358 us (50%) 413 us (75%) 461 us (95%) 476 us (99%).
I1126 14:15:27.640779 961997 AriaExecutor.h:649] Worker 3 latency: 357 us (50%) 413 us (75%) 461 us (95%) 476 us (99%).
I1126 14:15:27.778767 961997 AriaExecutor.h:649] Worker 4 latency: 357 us (50%) 412 us (75%) 460 us (95%) 476 us (99%).
I1126 14:15:27.913740 961997 AriaExecutor.h:649] Worker 5 latency: 356 us (50%) 412 us (75%) 460 us (95%) 476 us (99%).
I1126 14:15:28.049863 961997 AriaExecutor.h:649] Worker 6 latency: 358 us (50%) 413 us (75%) 460 us (95%) 476 us (99%).
I1126 14:15:28.185989 961997 AriaExecutor.h:649] Worker 7 latency: 358 us (50%) 413 us (75%) 460 us (95%) 476 us (99%).
I1126 14:15:28.321964 961997 AriaExecutor.h:649] Worker 8 latency: 361 us (50%) 415 us (75%) 461 us (95%) 476 us (99%).
I1126 14:15:28.456641 961997 AriaExecutor.h:649] Worker 9 latency: 358 us (50%) 414 us (75%) 461 us (95%) 476 us (99%).
I1126 14:15:28.593123 961997 AriaExecutor.h:649] Worker 10 latency: 359 us (50%) 413 us (75%) 461 us (95%) 476 us (99%).
I1126 14:15:28.726819 961997 AriaExecutor.h:649] Worker 11 latency: 361 us (50%) 415 us (75%) 461 us (95%) 476 us (99%).
I1126 14:15:28.861930 961997 Coordinator.h:177] total commit: 1.84164e+06
I1126 14:15:29.862044 961997 Coordinator.h:192] Coordinator exits.
