I0911 23:58:30.817549 2952608 Database.h:65] ycsb initialization finished in 180 milliseconds.
I0911 23:58:30.817669 2952608 Coordinator.h:30] Coordinator initializes 16 workers.
I0911 23:58:30.940436 2952608 Coordinator.h:77] Coordinator starts to run 17 workers.
I0911 23:58:30.940501 2952629 AriaExecutor.h:82] AriaExecutor 0 started. 
I0911 23:58:30.940542 2952630 AriaExecutor.h:82] AriaExecutor 1 started. 
I0911 23:58:30.940582 2952631 AriaExecutor.h:82] AriaExecutor 2 started. 
I0911 23:58:30.940636 2952632 AriaExecutor.h:82] AriaExecutor 3 started. 
I0911 23:58:30.940662 2952633 AriaExecutor.h:82] AriaExecutor 4 started. 
I0911 23:58:30.940721 2952634 AriaExecutor.h:82] AriaExecutor 5 started. 
I0911 23:58:30.940762 2952635 AriaExecutor.h:82] AriaExecutor 6 started. 
I0911 23:58:30.940799 2952636 AriaExecutor.h:82] AriaExecutor 7 started. 
I0911 23:58:30.940837 2952637 AriaExecutor.h:82] AriaExecutor 8 started. 
I0911 23:58:30.940881 2952638 AriaExecutor.h:82] AriaExecutor 9 started. 
I0911 23:58:30.940909 2952639 AriaExecutor.h:82] AriaExecutor 10 started. 
I0911 23:58:30.940971 2952640 AriaExecutor.h:82] AriaExecutor 11 started. 
I0911 23:58:30.941012 2952641 AriaExecutor.h:82] AriaExecutor 12 started. 
I0911 23:58:30.941054 2952642 AriaExecutor.h:82] AriaExecutor 13 started. 
I0911 23:58:30.941087 2952643 AriaExecutor.h:82] AriaExecutor 14 started. 
I0911 23:58:30.941130 2952644 AriaExecutor.h:82] AriaExecutor 15 started. 
I0911 23:58:30.941169 2952645 Manager.h:224] Manager(worker id = 16) on the coordinator node started.
I0911 23:58:31.941238 2952608 Coordinator.h:126] commit: 4612 abort: 203388 (0/203388/0), network size: 0, avg network size: 0, si_in_serializable: 0 0 %, local: 0 %
I0911 23:58:32.941426 2952608 Coordinator.h:126] commit: 4909 abort: 219091 (0/219091/0), network size: 0, avg network size: 0, si_in_serializable: 0 0 %, local: 0 %
I0911 23:58:33.941533 2952608 Coordinator.h:126] commit: 5321 abort: 234679 (0/234679/0), network size: 0, avg network size: 0, si_in_serializable: 0 0 %, local: 0 %
I0911 23:58:34.941630 2952608 Coordinator.h:126] commit: 5386 abort: 234614 (0/234614/0), network size: 0, avg network size: 0, si_in_serializable: 0 0 %, local: 0 %
I0911 23:58:35.941721 2952608 Coordinator.h:126] commit: 5293 abort: 234707 (0/234707/0), network size: 0, avg network size: 0, si_in_serializable: 0 0 %, local: 0 %
I0911 23:58:36.941841 2952608 Coordinator.h:126] commit: 5339 abort: 234661 (0/234661/0), network size: 0, avg network size: 0, si_in_serializable: 0 0 %, local: 0 %
I0911 23:58:37.941927 2952608 Coordinator.h:126] commit: 5699 abort: 250301 (0/250301/0), network size: 0, avg network size: 0, si_in_serializable: 0 0 %, local: 0 %
I0911 23:58:38.942003 2952608 Coordinator.h:126] commit: 5544 abort: 250456 (0/250456/0), network size: 0, avg network size: 0, si_in_serializable: 0 0 %, local: 0 %
I0911 23:58:39.942088 2952608 Coordinator.h:126] commit: 5322 abort: 234678 (0/234678/0), network size: 0, avg network size: 0, si_in_serializable: 0 0 %, local: 0 %
I0911 23:58:40.942163 2952608 Coordinator.h:126] commit: 5653 abort: 250347 (0/250347/0), network size: 0, avg network size: 0, si_in_serializable: 0 0 %, local: 0 %
I0911 23:58:41.942252 2952608 Coordinator.h:126] commit: 5249 abort: 234751 (0/234751/0), network size: 0, avg network size: 0, si_in_serializable: 0 0 %, local: 0 %
I0911 23:58:42.942324 2952608 Coordinator.h:126] commit: 5689 abort: 250311 (0/250311/0), network size: 0, avg network size: 0, si_in_serializable: 0 0 %, local: 0 %
I0911 23:58:43.942404 2952608 Coordinator.h:126] commit: 5658 abort: 250342 (0/250342/0), network size: 0, avg network size: 0, si_in_serializable: 0 0 %, local: 0 %
I0911 23:58:44.942481 2952608 Coordinator.h:126] commit: 5676 abort: 250324 (0/250324/0), network size: 0, avg network size: 0, si_in_serializable: 0 0 %, local: 0 %
I0911 23:58:45.942586 2952608 Coordinator.h:126] commit: 5654 abort: 250346 (0/250346/0), network size: 0, avg network size: 0, si_in_serializable: 0 0 %, local: 0 %
I0911 23:58:46.942667 2952608 Coordinator.h:126] commit: 5628 abort: 250372 (0/250372/0), network size: 0, avg network size: 0, si_in_serializable: 0 0 %, local: 0 %
I0911 23:58:47.942740 2952608 Coordinator.h:126] commit: 5652 abort: 250348 (0/250348/0), network size: 0, avg network size: 0, si_in_serializable: 0 0 %, local: 0 %
I0911 23:58:48.942816 2952608 Coordinator.h:126] commit: 5714 abort: 250286 (0/250286/0), network size: 0, avg network size: 0, si_in_serializable: 0 0 %, local: 0 %
I0911 23:58:49.942902 2952608 Coordinator.h:126] commit: 5547 abort: 250453 (0/250453/0), network size: 0, avg network size: 0, si_in_serializable: 0 0 %, local: 0 %
I0911 23:58:50.942979 2952608 Coordinator.h:126] commit: 5638 abort: 250362 (0/250362/0), network size: 0, avg network size: 0, si_in_serializable: 0 0 %, local: 0 %
I0911 23:58:51.943053 2952608 Coordinator.h:126] commit: 5765 abort: 250235 (0/250235/0), network size: 0, avg network size: 0, si_in_serializable: 0 0 %, local: 0 %
I0911 23:58:52.943125 2952608 Coordinator.h:126] commit: 5633 abort: 250367 (0/250367/0), network size: 0, avg network size: 0, si_in_serializable: 0 0 %, local: 0 %
I0911 23:58:53.943198 2952608 Coordinator.h:126] commit: 5294 abort: 234706 (0/234706/0), network size: 0, avg network size: 0, si_in_serializable: 0 0 %, local: 0 %
I0911 23:58:54.943266 2952608 Coordinator.h:126] commit: 5982 abort: 266018 (0/266018/0), network size: 0, avg network size: 0, si_in_serializable: 0 0 %, local: 0 %
I0911 23:58:55.943341 2952608 Coordinator.h:126] commit: 5279 abort: 234721 (0/234721/0), network size: 0, avg network size: 0, si_in_serializable: 0 0 %, local: 0 %
I0911 23:58:55.943356 2952608 Coordinator.h:152] average commit: 5610.5 abort: 248790 (0/248790/0), network size: 0, avg network size: 0, si_in_serializable: 0 0 %, local: 0 %
I0911 23:58:55.943367 2952608 AriaExecutor.h:641] Worker 0 latency: 61477 us (50%) 62518 us (75%) 68829 us (95%) 79643 us (99%).
I0911 23:58:55.953404 2952643 AriaExecutor.h:94] AriaExecutor 14 exits. 
I0911 23:58:55.953413 2952635 AriaExecutor.h:94] AriaExecutor 6 exits. 
I0911 23:58:55.953442 2952639 AriaExecutor.h:94] AriaExecutor 10 exits. 
I0911 23:58:55.953419 2952640 AriaExecutor.h:94] AriaExecutor 11 exits. 
I0911 23:58:55.953423 2952636 AriaExecutor.h:94] AriaExecutor 7 exits. 
I0911 23:58:55.953423 2952642 AriaExecutor.h:94] AriaExecutor 13 exits. 
I0911 23:58:55.953423 2952632 AriaExecutor.h:94] AriaExecutor 3 exits. 
I0911 23:58:55.953410 2952641 AriaExecutor.h:94] AriaExecutor 12 exits. 
I0911 23:58:55.953423 2952630 AriaExecutor.h:94] AriaExecutor 1 exits. 
I0911 23:58:55.953413 2952637 AriaExecutor.h:94] AriaExecutor 8 exits. 
I0911 23:58:55.953420 2952644 AriaExecutor.h:94] AriaExecutor 15 exits. 
I0911 23:58:55.953449 2952638 AriaExecutor.h:94] AriaExecutor 9 exits. 
I0911 23:58:55.953423 2952634 AriaExecutor.h:94] AriaExecutor 5 exits. 
I0911 23:58:55.953419 2952645 Manager.h:227] Manager(worker id = 16) on the coordinator node exits.
I0911 23:58:55.953444 2952633 AriaExecutor.h:94] AriaExecutor 4 exits. 
I0911 23:58:55.953413 2952631 AriaExecutor.h:94] AriaExecutor 2 exits. 
I0911 23:58:55.953428 2952629 AriaExecutor.h:94] AriaExecutor 0 exits. 
I0911 23:58:55.953789 2952608 AriaExecutor.h:641] Worker 1 latency: 61526 us (50%) 62581 us (75%) 69042 us (95%) 80583 us (99%).
I0911 23:58:55.954232 2952608 AriaExecutor.h:641] Worker 2 latency: 61457 us (50%) 62526 us (75%) 68833 us (95%) 79311 us (99%).
I0911 23:58:55.954672 2952608 AriaExecutor.h:641] Worker 3 latency: 61452 us (50%) 62538 us (75%) 68832 us (95%) 79643 us (99%).
I0911 23:58:55.955111 2952608 AriaExecutor.h:641] Worker 4 latency: 61459 us (50%) 62524 us (75%) 68943 us (95%) 80278 us (99%).
I0911 23:58:55.955560 2952608 AriaExecutor.h:641] Worker 5 latency: 61457 us (50%) 62543 us (75%) 68803 us (95%) 80201 us (99%).
I0911 23:58:55.956003 2952608 AriaExecutor.h:641] Worker 6 latency: 61423 us (50%) 62518 us (75%) 68866 us (95%) 79389 us (99%).
I0911 23:58:55.956439 2952608 AriaExecutor.h:641] Worker 7 latency: 61473 us (50%) 62518 us (75%) 68980 us (95%) 79670 us (99%).
I0911 23:58:55.956868 2952608 AriaExecutor.h:641] Worker 8 latency: 61381 us (50%) 62513 us (75%) 68900 us (95%) 79355 us (99%).
I0911 23:58:55.957300 2952608 AriaExecutor.h:641] Worker 9 latency: 61393 us (50%) 62497 us (75%) 68811 us (95%) 80302 us (99%).
I0911 23:58:55.957732 2952608 AriaExecutor.h:641] Worker 10 latency: 61402 us (50%) 62515 us (75%) 68950 us (95%) 80434 us (99%).
I0911 23:58:55.958158 2952608 AriaExecutor.h:641] Worker 11 latency: 61387 us (50%) 62484 us (75%) 68739 us (95%) 79683 us (99%).
I0911 23:58:55.958599 2952608 AriaExecutor.h:641] Worker 12 latency: 61411 us (50%) 62512 us (75%) 68915 us (95%) 79344 us (99%).
I0911 23:58:55.959017 2952608 AriaExecutor.h:641] Worker 13 latency: 61387 us (50%) 62525 us (75%) 68840 us (95%) 79798 us (99%).
I0911 23:58:55.959440 2952608 AriaExecutor.h:641] Worker 14 latency: 61418 us (50%) 62469 us (75%) 68691 us (95%) 79379 us (99%).
I0911 23:58:55.959872 2952608 AriaExecutor.h:641] Worker 15 latency: 61414 us (50%) 62479 us (75%) 68883 us (95%) 79807 us (99%).
I0911 23:58:55.960305 2952608 Coordinator.h:177] total commit: 5610.5
I0911 23:58:56.960417 2952608 Coordinator.h:192] Coordinator exits.
