I0911 23:45:46.150071 2950228 Database.h:65] ycsb initialization finished in 194 milliseconds.
I0911 23:45:46.150189 2950228 Coordinator.h:30] Coordinator initializes 16 workers.
I0911 23:45:46.270079 2950228 Coordinator.h:77] Coordinator starts to run 17 workers.
I0911 23:45:46.270134 2950249 AriaExecutor.h:82] AriaExecutor 0 started. 
I0911 23:45:46.270175 2950250 AriaExecutor.h:82] AriaExecutor 1 started. 
I0911 23:45:46.270224 2950251 AriaExecutor.h:82] AriaExecutor 2 started. 
I0911 23:45:46.270270 2950252 AriaExecutor.h:82] AriaExecutor 3 started. 
I0911 23:45:46.270304 2950253 AriaExecutor.h:82] AriaExecutor 4 started. 
I0911 23:45:46.270341 2950254 AriaExecutor.h:82] AriaExecutor 5 started. 
I0911 23:45:46.270382 2950255 AriaExecutor.h:82] AriaExecutor 6 started. 
I0911 23:45:46.270424 2950256 AriaExecutor.h:82] AriaExecutor 7 started. 
I0911 23:45:46.270455 2950257 AriaExecutor.h:82] AriaExecutor 8 started. 
I0911 23:45:46.270494 2950258 AriaExecutor.h:82] AriaExecutor 9 started. 
I0911 23:45:46.270531 2950259 AriaExecutor.h:82] AriaExecutor 10 started. 
I0911 23:45:46.270569 2950260 AriaExecutor.h:82] AriaExecutor 11 started. 
I0911 23:45:46.270613 2950261 AriaExecutor.h:82] AriaExecutor 12 started. 
I0911 23:45:46.270653 2950262 AriaExecutor.h:82] AriaExecutor 13 started. 
I0911 23:45:46.270689 2950263 AriaExecutor.h:82] AriaExecutor 14 started. 
I0911 23:45:46.270735 2950264 AriaExecutor.h:82] AriaExecutor 15 started. 
I0911 23:45:46.270768 2950265 Manager.h:224] Manager(worker id = 16) on the coordinator node started.
I0911 23:45:47.270823 2950228 Coordinator.h:126] commit: 754408 abort: 141592 (0/141592/0), network size: 0, avg network size: 0, si_in_serializable: 0 0 %, local: 0 %
I0911 23:45:48.270948 2950228 Coordinator.h:126] commit: 766676 abort: 145324 (0/145324/0), network size: 0, avg network size: 0, si_in_serializable: 0 0 %, local: 0 %
I0911 23:45:49.271028 2950228 Coordinator.h:126] commit: 753017 abort: 142983 (0/142983/0), network size: 0, avg network size: 0, si_in_serializable: 0 0 %, local: 0 %
I0911 23:45:50.271100 2950228 Coordinator.h:126] commit: 753032 abort: 142968 (0/142968/0), network size: 0, avg network size: 0, si_in_serializable: 0 0 %, local: 0 %
I0911 23:45:51.271169 2950228 Coordinator.h:126] commit: 766102 abort: 145898 (0/145898/0), network size: 0, avg network size: 0, si_in_serializable: 0 0 %, local: 0 %
I0911 23:45:52.271270 2950228 Coordinator.h:126] commit: 766387 abort: 145613 (0/145613/0), network size: 0, avg network size: 0, si_in_serializable: 0 0 %, local: 0 %
I0911 23:45:53.271363 2950228 Coordinator.h:126] commit: 780399 abort: 147601 (0/147601/0), network size: 0, avg network size: 0, si_in_serializable: 0 0 %, local: 0 %
I0911 23:45:54.271447 2950228 Coordinator.h:126] commit: 793157 abort: 150843 (0/150843/0), network size: 0, avg network size: 0, si_in_serializable: 0 0 %, local: 0 %
I0911 23:45:55.271528 2950228 Coordinator.h:126] commit: 780467 abort: 147533 (0/147533/0), network size: 0, avg network size: 0, si_in_serializable: 0 0 %, local: 0 %
I0911 23:45:56.271606 2950228 Coordinator.h:126] commit: 779187 abort: 148813 (0/148813/0), network size: 0, avg network size: 0, si_in_serializable: 0 0 %, local: 0 %
I0911 23:45:57.271685 2950228 Coordinator.h:126] commit: 766801 abort: 145199 (0/145199/0), network size: 0, avg network size: 0, si_in_serializable: 0 0 %, local: 0 %
I0911 23:45:58.271765 2950228 Coordinator.h:126] commit: 780443 abort: 147557 (0/147557/0), network size: 0, avg network size: 0, si_in_serializable: 0 0 %, local: 0 %
I0911 23:45:59.271848 2950228 Coordinator.h:126] commit: 766404 abort: 145596 (0/145596/0), network size: 0, avg network size: 0, si_in_serializable: 0 0 %, local: 0 %
I0911 23:46:00.271927 2950228 Coordinator.h:126] commit: 794058 abort: 149942 (0/149942/0), network size: 0, avg network size: 0, si_in_serializable: 0 0 %, local: 0 %
I0911 23:46:01.272006 2950228 Coordinator.h:126] commit: 753180 abort: 142820 (0/142820/0), network size: 0, avg network size: 0, si_in_serializable: 0 0 %, local: 0 %
I0911 23:46:02.272081 2950228 Coordinator.h:126] commit: 780823 abort: 147177 (0/147177/0), network size: 0, avg network size: 0, si_in_serializable: 0 0 %, local: 0 %
I0911 23:46:03.272174 2950228 Coordinator.h:126] commit: 780406 abort: 147594 (0/147594/0), network size: 0, avg network size: 0, si_in_serializable: 0 0 %, local: 0 %
I0911 23:46:04.272250 2950228 Coordinator.h:126] commit: 780141 abort: 147859 (0/147859/0), network size: 0, avg network size: 0, si_in_serializable: 0 0 %, local: 0 %
I0911 23:46:05.272317 2950228 Coordinator.h:126] commit: 780233 abort: 147767 (0/147767/0), network size: 0, avg network size: 0, si_in_serializable: 0 0 %, local: 0 %
I0911 23:46:06.272387 2950228 Coordinator.h:126] commit: 780029 abort: 147971 (0/147971/0), network size: 0, avg network size: 0, si_in_serializable: 0 0 %, local: 0 %
I0911 23:46:07.272455 2950228 Coordinator.h:126] commit: 783196 abort: 147416 (0/147416/0), network size: 0, avg network size: 0, si_in_serializable: 0 0 %, local: 0 %
I0911 23:46:08.272526 2950228 Coordinator.h:126] commit: 764519 abort: 144869 (0/144869/0), network size: 0, avg network size: 0, si_in_serializable: 0 0 %, local: 0 %
I0911 23:46:09.272595 2950228 Coordinator.h:126] commit: 780216 abort: 147784 (0/147784/0), network size: 0, avg network size: 0, si_in_serializable: 0 0 %, local: 0 %
I0911 23:46:10.272663 2950228 Coordinator.h:126] commit: 779857 abort: 148143 (0/148143/0), network size: 0, avg network size: 0, si_in_serializable: 0 0 %, local: 0 %
I0911 23:46:11.272730 2950228 Coordinator.h:126] commit: 780139 abort: 147861 (0/147861/0), network size: 0, avg network size: 0, si_in_serializable: 0 0 %, local: 0 %
I0911 23:46:11.272742 2950228 Coordinator.h:152] average commit: 776252 abort: 146948 (0/146948/0), network size: 0, avg network size: 0, si_in_serializable: 0 0 %, local: 0 %
I0911 23:46:11.276398 2950263 AriaExecutor.h:94] AriaExecutor 14 exits. 
I0911 23:46:11.276417 2950254 AriaExecutor.h:94] AriaExecutor 5 exits. 
I0911 23:46:11.276434 2950264 AriaExecutor.h:94] AriaExecutor 15 exits. 
I0911 23:46:11.276401 2950259 AriaExecutor.h:94] AriaExecutor 10 exits. 
I0911 23:46:11.276401 2950257 AriaExecutor.h:94] AriaExecutor 8 exits. 
I0911 23:46:11.276400 2950255 AriaExecutor.h:94] AriaExecutor 6 exits. 
I0911 23:46:11.276401 2950253 AriaExecutor.h:94] AriaExecutor 4 exits. 
I0911 23:46:11.276404 2950249 AriaExecutor.h:94] AriaExecutor 0 exits. 
I0911 23:46:11.276405 2950251 AriaExecutor.h:94] AriaExecutor 2 exits. 
I0911 23:46:11.276401 2950261 AriaExecutor.h:94] AriaExecutor 12 exits. 
I0911 23:46:11.276417 2950260 AriaExecutor.h:94] AriaExecutor 11 exits. 
I0911 23:46:11.276417 2950262 AriaExecutor.h:94] AriaExecutor 13 exits. 
I0911 23:46:11.276417 2950252 AriaExecutor.h:94] AriaExecutor 3 exits. 
I0911 23:46:11.276419 2950250 AriaExecutor.h:94] AriaExecutor 1 exits. 
I0911 23:46:11.276420 2950256 AriaExecutor.h:94] AriaExecutor 7 exits. 
I0911 23:46:11.276423 2950258 AriaExecutor.h:94] AriaExecutor 9 exits. 
I0911 23:46:11.276400 2950265 Manager.h:227] Manager(worker id = 16) on the coordinator node exits.
I0911 23:46:11.272749 2950228 AriaExecutor.h:641] Worker 0 latency: 11628 us (50%) 13748 us (75%) 15323 us (95%) 15692 us (99%).
I0911 23:46:11.324029 2950228 AriaExecutor.h:641] Worker 1 latency: 11624 us (50%) 13748 us (75%) 15322 us (95%) 15684 us (99%).
I0911 23:46:11.375694 2950228 AriaExecutor.h:641] Worker 2 latency: 11657 us (50%) 13767 us (75%) 15328 us (95%) 15700 us (99%).
I0911 23:46:11.426669 2950228 AriaExecutor.h:641] Worker 3 latency: 11642 us (50%) 13764 us (75%) 15328 us (95%) 15691 us (99%).
I0911 23:46:11.479203 2950228 AriaExecutor.h:641] Worker 4 latency: 11643 us (50%) 13758 us (75%) 15318 us (95%) 15661 us (99%).
I0911 23:46:11.531064 2950228 AriaExecutor.h:641] Worker 5 latency: 11623 us (50%) 13747 us (75%) 15330 us (95%) 15700 us (99%).
I0911 23:46:11.582211 2950228 AriaExecutor.h:641] Worker 6 latency: 11659 us (50%) 13763 us (75%) 15319 us (95%) 15668 us (99%).
I0911 23:46:11.632980 2950228 AriaExecutor.h:641] Worker 7 latency: 11655 us (50%) 13768 us (75%) 15334 us (95%) 15684 us (99%).
I0911 23:46:11.684773 2950228 AriaExecutor.h:641] Worker 8 latency: 11632 us (50%) 13748 us (75%) 15320 us (95%) 15672 us (99%).
I0911 23:46:11.736361 2950228 AriaExecutor.h:641] Worker 9 latency: 11619 us (50%) 13752 us (75%) 15325 us (95%) 15678 us (99%).
I0911 23:46:11.788407 2950228 AriaExecutor.h:641] Worker 10 latency: 11649 us (50%) 13754 us (75%) 15316 us (95%) 15667 us (99%).
I0911 23:46:11.839635 2950228 AriaExecutor.h:641] Worker 11 latency: 11625 us (50%) 13747 us (75%) 15324 us (95%) 15684 us (99%).
I0911 23:46:11.891698 2950228 AriaExecutor.h:641] Worker 12 latency: 11648 us (50%) 13758 us (75%) 15323 us (95%) 15680 us (99%).
I0911 23:46:11.943210 2950228 AriaExecutor.h:641] Worker 13 latency: 11616 us (50%) 13749 us (75%) 15324 us (95%) 15671 us (99%).
I0911 23:46:11.996033 2950228 AriaExecutor.h:641] Worker 14 latency: 11654 us (50%) 13759 us (75%) 15315 us (95%) 15665 us (99%).
I0911 23:46:12.047134 2950228 AriaExecutor.h:641] Worker 15 latency: 11611 us (50%) 13731 us (75%) 15321 us (95%) 15690 us (99%).
I0911 23:46:12.098759 2950228 Coordinator.h:177] total commit: 776252
I0911 23:46:13.098872 2950228 Coordinator.h:192] Coordinator exits.
