I0911 22:42:24.103499 2937970 Database.h:65] ycsb initialization finished in 149 milliseconds.
I0911 22:42:24.103618 2937970 Coordinator.h:30] Coordinator initializes 16 workers.
I0911 22:42:24.111877 2937970 Coordinator.h:77] Coordinator starts to run 17 workers.
I0911 22:42:24.111977 2937990 AriaExecutor.h:82] AriaExecutor 0 started. 
I0911 22:42:24.112000 2937991 AriaExecutor.h:82] AriaExecutor 1 started. 
I0911 22:42:24.112062 2937992 AriaExecutor.h:82] AriaExecutor 2 started. 
I0911 22:42:24.112093 2937993 AriaExecutor.h:82] AriaExecutor 3 started. 
I0911 22:42:24.112133 2937994 AriaExecutor.h:82] AriaExecutor 4 started. 
I0911 22:42:24.112171 2937995 AriaExecutor.h:82] AriaExecutor 5 started. 
I0911 22:42:24.112205 2937996 AriaExecutor.h:82] AriaExecutor 6 started. 
I0911 22:42:24.112241 2937997 AriaExecutor.h:82] AriaExecutor 7 started. 
I0911 22:42:24.112279 2937998 AriaExecutor.h:82] AriaExecutor 8 started. 
I0911 22:42:24.112313 2937999 AriaExecutor.h:82] AriaExecutor 9 started. 
I0911 22:42:24.112346 2938000 AriaExecutor.h:82] AriaExecutor 10 started. 
I0911 22:42:24.112383 2938001 AriaExecutor.h:82] AriaExecutor 11 started. 
I0911 22:42:24.112427 2938002 AriaExecutor.h:82] AriaExecutor 12 started. 
I0911 22:42:24.112465 2938003 AriaExecutor.h:82] AriaExecutor 13 started. 
I0911 22:42:24.112504 2938004 AriaExecutor.h:82] AriaExecutor 14 started. 
I0911 22:42:24.112534 2938005 AriaExecutor.h:82] AriaExecutor 15 started. 
I0911 22:42:24.112573 2938006 Manager.h:224] Manager(worker id = 16) on the coordinator node started.
I0911 22:42:25.112610 2937970 Coordinator.h:126] commit: 1086852 abort: 28284 (0/28284/0), network size: 0, avg network size: 0, si_in_serializable: 0 0 %, local: 0 %
I0911 22:42:26.112725 2937970 Coordinator.h:126] commit: 1079189 abort: 27755 (0/27755/0), network size: 0, avg network size: 0, si_in_serializable: 0 0 %, local: 0 %
I0911 22:42:27.112802 2937970 Coordinator.h:126] commit: 1048088 abort: 27112 (0/27112/0), network size: 0, avg network size: 0, si_in_serializable: 0 0 %, local: 0 %
I0911 22:42:28.112876 2937970 Coordinator.h:126] commit: 1054329 abort: 27015 (0/27015/0), network size: 0, avg network size: 0, si_in_serializable: 0 0 %, local: 0 %
I0911 22:42:29.113029 2937970 Coordinator.h:126] commit: 1085174 abort: 27914 (0/27914/0), network size: 0, avg network size: 0, si_in_serializable: 0 0 %, local: 0 %
I0911 22:42:30.113133 2937970 Coordinator.h:126] commit: 1092284 abort: 27972 (0/27972/0), network size: 0, avg network size: 0, si_in_serializable: 0 0 %, local: 0 %
I0911 22:42:31.113225 2937970 Coordinator.h:126] commit: 1093177 abort: 28169 (0/28169/0), network size: 0, avg network size: 0, si_in_serializable: 0 0 %, local: 0 %
I0911 22:42:32.113301 2937970 Coordinator.h:126] commit: 1056868 abort: 27482 (0/27482/0), network size: 0, avg network size: 0, si_in_serializable: 0 0 %, local: 0 %
I0911 22:42:33.113385 2937970 Coordinator.h:126] commit: 1093107 abort: 28173 (0/28173/0), network size: 0, avg network size: 0, si_in_serializable: 0 0 %, local: 0 %
I0911 22:42:34.113467 2937970 Coordinator.h:126] commit: 1072018 abort: 27758 (0/27758/0), network size: 0, avg network size: 0, si_in_serializable: 0 0 %, local: 0 %
I0911 22:42:35.113575 2937970 Coordinator.h:126] commit: 1093119 abort: 28161 (0/28161/0), network size: 0, avg network size: 0, si_in_serializable: 0 0 %, local: 0 %
I0911 22:42:36.113662 2937970 Coordinator.h:126] commit: 1063418 abort: 27142 (0/27142/0), network size: 0, avg network size: 0, si_in_serializable: 0 0 %, local: 0 %
I0911 22:42:37.113747 2937970 Coordinator.h:126] commit: 1090956 abort: 28276 (0/28276/0), network size: 0, avg network size: 0, si_in_serializable: 0 0 %, local: 0 %
I0911 22:42:38.113837 2937970 Coordinator.h:126] commit: 1076577 abort: 27669 (0/27669/0), network size: 0, avg network size: 0, si_in_serializable: 0 0 %, local: 0 %
I0911 22:42:39.113945 2937970 Coordinator.h:126] commit: 1211426 abort: 31336 (0/31336/0), network size: 0, avg network size: 0, si_in_serializable: 0 0 %, local: 0 %
I0911 22:42:40.114054 2937970 Coordinator.h:126] commit: 1222750 abort: 31650 (0/31650/0), network size: 0, avg network size: 0, si_in_serializable: 0 0 %, local: 0 %
I0911 22:42:41.114146 2937970 Coordinator.h:126] commit: 1295929 abort: 33223 (0/33223/0), network size: 0, avg network size: 0, si_in_serializable: 0 0 %, local: 0 %
I0911 22:42:42.114224 2937970 Coordinator.h:126] commit: 1294841 abort: 33287 (0/33287/0), network size: 0, avg network size: 0, si_in_serializable: 0 0 %, local: 0 %
I0911 22:42:43.114316 2937970 Coordinator.h:126] commit: 1294790 abort: 33338 (0/33338/0), network size: 0, avg network size: 0, si_in_serializable: 0 0 %, local: 0 %
I0911 22:42:44.114400 2937970 Coordinator.h:126] commit: 1292858 abort: 33222 (0/33222/0), network size: 0, avg network size: 0, si_in_serializable: 0 0 %, local: 0 %
I0911 22:42:45.114503 2937970 Coordinator.h:126] commit: 1296840 abort: 33336 (0/33336/0), network size: 0, avg network size: 0, si_in_serializable: 0 0 %, local: 0 %
I0911 22:42:46.114583 2937970 Coordinator.h:126] commit: 1295512 abort: 33640 (0/33640/0), network size: 0, avg network size: 0, si_in_serializable: 0 0 %, local: 0 %
I0911 22:42:47.114662 2937970 Coordinator.h:126] commit: 1296732 abort: 33444 (0/33444/0), network size: 0, avg network size: 0, si_in_serializable: 0 0 %, local: 0 %
I0911 22:42:48.114737 2937970 Coordinator.h:126] commit: 1293920 abort: 33184 (0/33184/0), network size: 0, avg network size: 0, si_in_serializable: 0 0 %, local: 0 %
I0911 22:42:49.114830 2937970 Coordinator.h:126] commit: 1293874 abort: 33230 (0/33230/0), network size: 0, avg network size: 0, si_in_serializable: 0 0 %, local: 0 %
I0911 22:42:49.114872 2937970 Coordinator.h:152] average commit: 1.19367e+06 abort: 30730.4 (0/30730.4/0), network size: 0, avg network size: 0, si_in_serializable: 0 0 %, local: 0 %
I0911 22:42:49.115505 2937990 AriaExecutor.h:94] AriaExecutor 0 exits. 
I0911 22:42:49.115505 2938005 AriaExecutor.h:94] AriaExecutor 15 exits. 
I0911 22:42:49.115505 2937993 AriaExecutor.h:94] AriaExecutor 3 exits. 
I0911 22:42:49.115513 2938002 AriaExecutor.h:94] AriaExecutor 12 exits. 
I0911 22:42:49.115505 2937997 AriaExecutor.h:94] AriaExecutor 7 exits. 
I0911 22:42:49.115512 2937992 AriaExecutor.h:94] AriaExecutor 2 exits. 
I0911 22:42:49.115511 2937998 AriaExecutor.h:94] AriaExecutor 8 exits. 
I0911 22:42:49.115506 2937995 AriaExecutor.h:94] AriaExecutor 5 exits. 
I0911 22:42:49.115515 2938006 Manager.h:227] Manager(worker id = 16) on the coordinator node exits.
I0911 22:42:49.115505 2937999 AriaExecutor.h:94] AriaExecutor 9 exits. 
I0911 22:42:49.115511 2938004 AriaExecutor.h:94] AriaExecutor 14 exits. 
I0911 22:42:49.115505 2938003 AriaExecutor.h:94] AriaExecutor 13 exits. 
I0911 22:42:49.115506 2938001 AriaExecutor.h:94] AriaExecutor 11 exits. 
I0911 22:42:49.115515 2937996 AriaExecutor.h:94] AriaExecutor 6 exits. 
I0911 22:42:49.115516 2937991 AriaExecutor.h:94] AriaExecutor 1 exits. 
I0911 22:42:49.115513 2938000 AriaExecutor.h:94] AriaExecutor 10 exits. 
I0911 22:42:49.115514 2937994 AriaExecutor.h:94] AriaExecutor 4 exits. 
I0911 22:42:49.114882 2937970 AriaExecutor.h:535] Worker 0 latency: 521 us (50%) 669 us (75%) 831 us (95%) 877 us (99%).
I0911 22:42:49.194133 2937970 AriaExecutor.h:535] Worker 1 latency: 521 us (50%) 669 us (75%) 830 us (95%) 876 us (99%).
I0911 22:42:49.266232 2937970 AriaExecutor.h:535] Worker 2 latency: 475 us (50%) 642 us (75%) 815 us (95%) 873 us (99%).
I0911 22:42:49.348477 2937970 AriaExecutor.h:535] Worker 3 latency: 521 us (50%) 669 us (75%) 830 us (95%) 876 us (99%).
I0911 22:42:49.420469 2937970 AriaExecutor.h:535] Worker 4 latency: 521 us (50%) 670 us (75%) 831 us (95%) 877 us (99%).
I0911 22:42:49.500633 2937970 AriaExecutor.h:535] Worker 5 latency: 521 us (50%) 669 us (75%) 830 us (95%) 876 us (99%).
I0911 22:42:49.573374 2937970 AriaExecutor.h:535] Worker 6 latency: 523 us (50%) 670 us (75%) 831 us (95%) 877 us (99%).
I0911 22:42:49.652233 2937970 AriaExecutor.h:535] Worker 7 latency: 519 us (50%) 668 us (75%) 830 us (95%) 876 us (99%).
I0911 22:42:49.724306 2937970 AriaExecutor.h:535] Worker 8 latency: 520 us (50%) 668 us (75%) 830 us (95%) 877 us (99%).
I0911 22:42:49.804281 2937970 AriaExecutor.h:535] Worker 9 latency: 518 us (50%) 667 us (75%) 829 us (95%) 876 us (99%).
I0911 22:42:49.876720 2937970 AriaExecutor.h:535] Worker 10 latency: 522 us (50%) 669 us (75%) 831 us (95%) 877 us (99%).
I0911 22:42:49.958230 2937970 AriaExecutor.h:535] Worker 11 latency: 520 us (50%) 668 us (75%) 829 us (95%) 876 us (99%).
I0911 22:42:50.028934 2937970 AriaExecutor.h:535] Worker 12 latency: 522 us (50%) 669 us (75%) 830 us (95%) 877 us (99%).
I0911 22:42:50.108654 2937970 AriaExecutor.h:535] Worker 13 latency: 518 us (50%) 667 us (75%) 829 us (95%) 876 us (99%).
I0911 22:42:50.179719 2937970 AriaExecutor.h:535] Worker 14 latency: 523 us (50%) 670 us (75%) 831 us (95%) 877 us (99%).
I0911 22:42:50.261610 2937970 AriaExecutor.h:535] Worker 15 latency: 520 us (50%) 668 us (75%) 829 us (95%) 876 us (99%).
I0911 22:42:50.333595 2937970 Coordinator.h:177] total commit: 1.19367e+06
I0911 22:42:51.333726 2937970 Coordinator.h:192] Coordinator exits.
