I0911 22:44:42.781201 2938426 Database.h:65] ycsb initialization finished in 192 milliseconds.
I0911 22:44:42.781312 2938426 Coordinator.h:30] Coordinator initializes 16 workers.
I0911 22:44:42.797461 2938426 Coordinator.h:77] Coordinator starts to run 17 workers.
I0911 22:44:42.797513 2938446 AriaExecutor.h:82] AriaExecutor 0 started. 
I0911 22:44:42.797545 2938447 AriaExecutor.h:82] AriaExecutor 1 started. 
I0911 22:44:42.797585 2938448 AriaExecutor.h:82] AriaExecutor 2 started. 
I0911 22:44:42.797637 2938449 AriaExecutor.h:82] AriaExecutor 3 started. 
I0911 22:44:42.797675 2938450 AriaExecutor.h:82] AriaExecutor 4 started. 
I0911 22:44:42.797715 2938451 AriaExecutor.h:82] AriaExecutor 5 started. 
I0911 22:44:42.797750 2938452 AriaExecutor.h:82] AriaExecutor 6 started. 
I0911 22:44:42.797797 2938453 AriaExecutor.h:82] AriaExecutor 7 started. 
I0911 22:44:42.797829 2938454 AriaExecutor.h:82] AriaExecutor 8 started. 
I0911 22:44:42.797878 2938455 AriaExecutor.h:82] AriaExecutor 9 started. 
I0911 22:44:42.797919 2938456 AriaExecutor.h:82] AriaExecutor 10 started. 
I0911 22:44:42.797961 2938457 AriaExecutor.h:82] AriaExecutor 11 started. 
I0911 22:44:42.798000 2938458 AriaExecutor.h:82] AriaExecutor 12 started. 
I0911 22:44:42.798043 2938459 AriaExecutor.h:82] AriaExecutor 13 started. 
I0911 22:44:42.798079 2938460 AriaExecutor.h:82] AriaExecutor 14 started. 
I0911 22:44:42.798116 2938461 AriaExecutor.h:82] AriaExecutor 15 started. 
I0911 22:44:42.798162 2938462 Manager.h:224] Manager(worker id = 16) on the coordinator node started.
I0911 22:44:43.798219 2938426 Coordinator.h:126] commit: 22281 abort: 235767 (0/235767/0), network size: 0, avg network size: 0, si_in_serializable: 0 0 %, local: 0 %
I0911 22:44:44.798354 2938426 Coordinator.h:126] commit: 22431 abort: 237665 (0/237665/0), network size: 0, avg network size: 0, si_in_serializable: 0 0 %, local: 0 %
I0911 22:44:45.798436 2938426 Coordinator.h:126] commit: 21901 abort: 232051 (0/232051/0), network size: 0, avg network size: 0, si_in_serializable: 0 0 %, local: 0 %
I0911 22:44:46.798520 2938426 Coordinator.h:126] commit: 22185 abort: 233815 (0/233815/0), network size: 0, avg network size: 0, si_in_serializable: 0 0 %, local: 0 %
I0911 22:44:47.798638 2938426 Coordinator.h:126] commit: 23234 abort: 243006 (0/243006/0), network size: 0, avg network size: 0, si_in_serializable: 0 0 %, local: 0 %
I0911 22:44:48.798732 2938426 Coordinator.h:126] commit: 22997 abort: 245291 (0/245291/0), network size: 0, avg network size: 0, si_in_serializable: 0 0 %, local: 0 %
I0911 22:44:49.798815 2938426 Coordinator.h:126] commit: 23040 abort: 245248 (0/245248/0), network size: 0, avg network size: 0, si_in_serializable: 0 0 %, local: 0 %
I0911 22:44:50.798897 2938426 Coordinator.h:126] commit: 23036 abort: 243204 (0/243204/0), network size: 0, avg network size: 0, si_in_serializable: 0 0 %, local: 0 %
I0911 22:44:51.798974 2938426 Coordinator.h:126] commit: 23284 abort: 247052 (0/247052/0), network size: 0, avg network size: 0, si_in_serializable: 0 0 %, local: 0 %
I0911 22:44:52.799057 2938426 Coordinator.h:126] commit: 22412 abort: 237684 (0/237684/0), network size: 0, avg network size: 0, si_in_serializable: 0 0 %, local: 0 %
I0911 22:44:53.799129 2938426 Coordinator.h:126] commit: 23269 abort: 247067 (0/247067/0), network size: 0, avg network size: 0, si_in_serializable: 0 0 %, local: 0 %
I0911 22:44:54.799211 2938426 Coordinator.h:126] commit: 22272 abort: 237824 (0/237824/0), network size: 0, avg network size: 0, si_in_serializable: 0 0 %, local: 0 %
I0911 22:44:55.799291 2938426 Coordinator.h:126] commit: 23260 abort: 245028 (0/245028/0), network size: 0, avg network size: 0, si_in_serializable: 0 0 %, local: 0 %
I0911 22:44:56.799401 2938426 Coordinator.h:126] commit: 23062 abort: 245226 (0/245226/0), network size: 0, avg network size: 0, si_in_serializable: 0 0 %, local: 0 %
I0911 22:44:57.799476 2938426 Coordinator.h:126] commit: 23322 abort: 247014 (0/247014/0), network size: 0, avg network size: 0, si_in_serializable: 0 0 %, local: 0 %
I0911 22:44:58.799553 2938426 Coordinator.h:126] commit: 23462 abort: 246874 (0/246874/0), network size: 0, avg network size: 0, si_in_serializable: 0 0 %, local: 0 %
I0911 22:44:59.799625 2938426 Coordinator.h:126] commit: 23364 abort: 246972 (0/246972/0), network size: 0, avg network size: 0, si_in_serializable: 0 0 %, local: 0 %
I0911 22:45:00.799700 2938426 Coordinator.h:126] commit: 23081 abort: 245207 (0/245207/0), network size: 0, avg network size: 0, si_in_serializable: 0 0 %, local: 0 %
I0911 22:45:01.799779 2938426 Coordinator.h:126] commit: 23524 abort: 246812 (0/246812/0), network size: 0, avg network size: 0, si_in_serializable: 0 0 %, local: 0 %
I0911 22:45:02.799865 2938426 Coordinator.h:126] commit: 23272 abort: 247064 (0/247064/0), network size: 0, avg network size: 0, si_in_serializable: 0 0 %, local: 0 %
I0911 22:45:03.799949 2938426 Coordinator.h:126] commit: 23276 abort: 247060 (0/247060/0), network size: 0, avg network size: 0, si_in_serializable: 0 0 %, local: 0 %
I0911 22:45:04.800037 2938426 Coordinator.h:126] commit: 23414 abort: 246922 (0/246922/0), network size: 0, avg network size: 0, si_in_serializable: 0 0 %, local: 0 %
I0911 22:45:05.800120 2938426 Coordinator.h:126] commit: 22750 abort: 239394 (0/239394/0), network size: 0, avg network size: 0, si_in_serializable: 0 0 %, local: 0 %
I0911 22:45:06.800204 2938426 Coordinator.h:126] commit: 23590 abort: 246746 (0/246746/0), network size: 0, avg network size: 0, si_in_serializable: 0 0 %, local: 0 %
I0911 22:45:07.800287 2938426 Coordinator.h:126] commit: 23364 abort: 246972 (0/246972/0), network size: 0, avg network size: 0, si_in_serializable: 0 0 %, local: 0 %
I0911 22:45:07.800302 2938426 Coordinator.h:152] average commit: 23188.8 abort: 245509 (0/245509/0), network size: 0, avg network size: 0, si_in_serializable: 0 0 %, local: 0 %
I0911 22:45:07.800312 2938426 AriaExecutor.h:535] Worker 0 latency: 7255 us (50%) 7448 us (75%) 7599 us (95%) 7832 us (99%).
I0911 22:45:07.804595 2938446 AriaExecutor.h:94] AriaExecutor 0 exits. 
I0911 22:45:07.804595 2938462 Manager.h:227] Manager(worker id = 16) on the coordinator node exits.
I0911 22:45:07.804605 2938461 AriaExecutor.h:94] AriaExecutor 15 exits. 
I0911 22:45:07.804633 2938453 AriaExecutor.h:94] AriaExecutor 7 exits. 
I0911 22:45:07.804596 2938456 AriaExecutor.h:94] AriaExecutor 10 exits. 
I0911 22:45:07.804626 2938451 AriaExecutor.h:94] AriaExecutor 5 exits. 
I0911 22:45:07.804600 2938450 AriaExecutor.h:94] AriaExecutor 4 exits. 
I0911 22:45:07.804605 2938457 AriaExecutor.h:94] AriaExecutor 11 exits. 
I0911 22:45:07.804605 2938459 AriaExecutor.h:94] AriaExecutor 13 exits. 
I0911 22:45:07.804607 2938447 AriaExecutor.h:94] AriaExecutor 1 exits. 
I0911 22:45:07.804608 2938455 AriaExecutor.h:94] AriaExecutor 9 exits. 
I0911 22:45:07.804625 2938449 AriaExecutor.h:94] AriaExecutor 3 exits. 
I0911 22:45:07.804595 2938460 AriaExecutor.h:94] AriaExecutor 14 exits. 
I0911 22:45:07.804596 2938458 AriaExecutor.h:94] AriaExecutor 12 exits. 
I0911 22:45:07.804598 2938452 AriaExecutor.h:94] AriaExecutor 6 exits. 
I0911 22:45:07.804595 2938448 AriaExecutor.h:94] AriaExecutor 2 exits. 
I0911 22:45:07.804595 2938454 AriaExecutor.h:94] AriaExecutor 8 exits. 
I0911 22:45:07.804888 2938426 AriaExecutor.h:535] Worker 1 latency: 7252 us (50%) 7445 us (75%) 7595 us (95%) 7840 us (99%).
I0911 22:45:07.806839 2938426 AriaExecutor.h:535] Worker 2 latency: 7256 us (50%) 7450 us (75%) 7599 us (95%) 7844 us (99%).
I0911 22:45:07.808717 2938426 AriaExecutor.h:535] Worker 3 latency: 7251 us (50%) 7446 us (75%) 7595 us (95%) 7833 us (99%).
I0911 22:45:07.810626 2938426 AriaExecutor.h:535] Worker 4 latency: 7241 us (50%) 7445 us (75%) 7596 us (95%) 7837 us (99%).
I0911 22:45:07.812546 2938426 AriaExecutor.h:535] Worker 5 latency: 7243 us (50%) 7443 us (75%) 7595 us (95%) 7849 us (99%).
I0911 22:45:07.814483 2938426 AriaExecutor.h:535] Worker 6 latency: 7247 us (50%) 7446 us (75%) 7598 us (95%) 7847 us (99%).
I0911 22:45:07.816382 2938426 AriaExecutor.h:535] Worker 7 latency: 7244 us (50%) 7445 us (75%) 7594 us (95%) 7826 us (99%).
I0911 22:45:07.818261 2938426 AriaExecutor.h:535] Worker 8 latency: 7236 us (50%) 7442 us (75%) 7594 us (95%) 7842 us (99%).
I0911 22:45:07.820129 2938426 AriaExecutor.h:535] Worker 9 latency: 7234 us (50%) 7441 us (75%) 7589 us (95%) 7825 us (99%).
I0911 22:45:07.822007 2938426 AriaExecutor.h:535] Worker 10 latency: 7245 us (50%) 7443 us (75%) 7595 us (95%) 7843 us (99%).
I0911 22:45:07.823875 2938426 AriaExecutor.h:535] Worker 11 latency: 7234 us (50%) 7441 us (75%) 7590 us (95%) 7825 us (99%).
I0911 22:45:07.825726 2938426 AriaExecutor.h:535] Worker 12 latency: 7237 us (50%) 7441 us (75%) 7594 us (95%) 7831 us (99%).
I0911 22:45:07.827558 2938426 AriaExecutor.h:535] Worker 13 latency: 7227 us (50%) 7438 us (75%) 7591 us (95%) 7836 us (99%).
I0911 22:45:07.829392 2938426 AriaExecutor.h:535] Worker 14 latency: 7241 us (50%) 7443 us (75%) 7593 us (95%) 7836 us (99%).
I0911 22:45:07.831195 2938426 AriaExecutor.h:535] Worker 15 latency: 7234 us (50%) 7438 us (75%) 7588 us (95%) 7824 us (99%).
I0911 22:45:07.833025 2938426 Coordinator.h:177] total commit: 23188.8
I0911 22:45:08.833132 2938426 Coordinator.h:192] Coordinator exits.
