I0912 00:00:20.646881 2952976 Database.h:65] ycsb initialization finished in 146 milliseconds.
I0912 00:00:20.646998 2952976 Coordinator.h:30] Coordinator initializes 16 workers.
I0912 00:00:20.767642 2952976 Coordinator.h:77] Coordinator starts to run 17 workers.
I0912 00:00:20.767691 2952997 AriaExecutor.h:82] AriaExecutor 0 started. 
I0912 00:00:20.767729 2952998 AriaExecutor.h:82] AriaExecutor 1 started. 
I0912 00:00:20.767776 2952999 AriaExecutor.h:82] AriaExecutor 2 started. 
I0912 00:00:20.767825 2953000 AriaExecutor.h:82] AriaExecutor 3 started. 
I0912 00:00:20.767865 2953001 AriaExecutor.h:82] AriaExecutor 4 started. 
I0912 00:00:20.767906 2953002 AriaExecutor.h:82] AriaExecutor 5 started. 
I0912 00:00:20.767949 2953003 AriaExecutor.h:82] AriaExecutor 6 started. 
I0912 00:00:20.767992 2953004 AriaExecutor.h:82] AriaExecutor 7 started. 
I0912 00:00:20.768024 2953005 AriaExecutor.h:82] AriaExecutor 8 started. 
I0912 00:00:20.768066 2953006 AriaExecutor.h:82] AriaExecutor 9 started. 
I0912 00:00:20.768105 2953007 AriaExecutor.h:82] AriaExecutor 10 started. 
I0912 00:00:20.768148 2953008 AriaExecutor.h:82] AriaExecutor 11 started. 
I0912 00:00:20.768194 2953009 AriaExecutor.h:82] AriaExecutor 12 started. 
I0912 00:00:20.768236 2953010 AriaExecutor.h:82] AriaExecutor 13 started. 
I0912 00:00:20.768270 2953011 AriaExecutor.h:82] AriaExecutor 14 started. 
I0912 00:00:20.768312 2953012 AriaExecutor.h:82] AriaExecutor 15 started. 
I0912 00:00:20.768349 2953013 Manager.h:224] Manager(worker id = 16) on the coordinator node started.
I0912 00:00:21.768394 2952976 Coordinator.h:126] commit: 505642 abort: 438358 (0/438358/0), network size: 0, avg network size: 0, si_in_serializable: 0 0 %, local: 0 %
I0912 00:00:22.768513 2952976 Coordinator.h:126] commit: 523303 abort: 452697 (0/452697/0), network size: 0, avg network size: 0, si_in_serializable: 0 0 %, local: 0 %
I0912 00:00:23.768587 2952976 Coordinator.h:126] commit: 514962 abort: 445038 (0/445038/0), network size: 0, avg network size: 0, si_in_serializable: 0 0 %, local: 0 %
I0912 00:00:24.768666 2952976 Coordinator.h:126] commit: 505511 abort: 437503 (0/437503/0), network size: 0, avg network size: 0, si_in_serializable: 0 0 %, local: 0 %
I0912 00:00:25.768738 2952976 Coordinator.h:126] commit: 514620 abort: 446366 (0/446366/0), network size: 0, avg network size: 0, si_in_serializable: 0 0 %, local: 0 %
I0912 00:00:26.768833 2952976 Coordinator.h:126] commit: 523775 abort: 452225 (0/452225/0), network size: 0, avg network size: 0, si_in_serializable: 0 0 %, local: 0 %
I0912 00:00:27.768910 2952976 Coordinator.h:126] commit: 531476 abort: 460524 (0/460524/0), network size: 0, avg network size: 0, si_in_serializable: 0 0 %, local: 0 %
I0912 00:00:28.768971 2952976 Coordinator.h:126] commit: 530963 abort: 461037 (0/461037/0), network size: 0, avg network size: 0, si_in_serializable: 0 0 %, local: 0 %
I0912 00:00:29.769042 2952976 Coordinator.h:126] commit: 523118 abort: 452882 (0/452882/0), network size: 0, avg network size: 0, si_in_serializable: 0 0 %, local: 0 %
I0912 00:00:30.769109 2952976 Coordinator.h:126] commit: 522671 abort: 453329 (0/453329/0), network size: 0, avg network size: 0, si_in_serializable: 0 0 %, local: 0 %
I0912 00:00:31.769184 2952976 Coordinator.h:126] commit: 512801 abort: 447199 (0/447199/0), network size: 0, avg network size: 0, si_in_serializable: 0 0 %, local: 0 %
I0912 00:00:32.769253 2952976 Coordinator.h:126] commit: 531250 abort: 460750 (0/460750/0), network size: 0, avg network size: 0, si_in_serializable: 0 0 %, local: 0 %
I0912 00:00:33.769316 2952976 Coordinator.h:126] commit: 522824 abort: 453176 (0/453176/0), network size: 0, avg network size: 0, si_in_serializable: 0 0 %, local: 0 %
I0912 00:00:34.769409 2952976 Coordinator.h:126] commit: 522630 abort: 453370 (0/453370/0), network size: 0, avg network size: 0, si_in_serializable: 0 0 %, local: 0 %
I0912 00:00:35.769488 2952976 Coordinator.h:126] commit: 531203 abort: 460797 (0/460797/0), network size: 0, avg network size: 0, si_in_serializable: 0 0 %, local: 0 %
I0912 00:00:36.769551 2952976 Coordinator.h:126] commit: 531614 abort: 460386 (0/460386/0), network size: 0, avg network size: 0, si_in_serializable: 0 0 %, local: 0 %
I0912 00:00:37.769618 2952976 Coordinator.h:126] commit: 523358 abort: 452642 (0/452642/0), network size: 0, avg network size: 0, si_in_serializable: 0 0 %, local: 0 %
I0912 00:00:38.769680 2952976 Coordinator.h:126] commit: 531607 abort: 460393 (0/460393/0), network size: 0, avg network size: 0, si_in_serializable: 0 0 %, local: 0 %
I0912 00:00:39.769752 2952976 Coordinator.h:126] commit: 522053 abort: 453947 (0/453947/0), network size: 0, avg network size: 0, si_in_serializable: 0 0 %, local: 0 %
I0912 00:00:40.769814 2952976 Coordinator.h:126] commit: 531103 abort: 460897 (0/460897/0), network size: 0, avg network size: 0, si_in_serializable: 0 0 %, local: 0 %
I0912 00:00:41.769878 2952976 Coordinator.h:126] commit: 522658 abort: 453342 (0/453342/0), network size: 0, avg network size: 0, si_in_serializable: 0 0 %, local: 0 %
I0912 00:00:42.769946 2952976 Coordinator.h:126] commit: 522850 abort: 453150 (0/453150/0), network size: 0, avg network size: 0, si_in_serializable: 0 0 %, local: 0 %
I0912 00:00:43.770042 2952976 Coordinator.h:126] commit: 522663 abort: 453337 (0/453337/0), network size: 0, avg network size: 0, si_in_serializable: 0 0 %, local: 0 %
I0912 00:00:44.770107 2952976 Coordinator.h:126] commit: 531557 abort: 460443 (0/460443/0), network size: 0, avg network size: 0, si_in_serializable: 0 0 %, local: 0 %
I0912 00:00:45.770171 2952976 Coordinator.h:126] commit: 531393 abort: 460607 (0/460607/0), network size: 0, avg network size: 0, si_in_serializable: 0 0 %, local: 0 %
I0912 00:00:45.770181 2952976 Coordinator.h:152] average commit: 526044 abort: 456356 (0/456356/0), network size: 0, avg network size: 0, si_in_serializable: 0 0 %, local: 0 %
I0912 00:00:45.783624 2953009 AriaExecutor.h:94] AriaExecutor 12 exits. 
I0912 00:00:45.783640 2953004 AriaExecutor.h:94] AriaExecutor 7 exits. 
I0912 00:00:45.783627 2953005 AriaExecutor.h:94] AriaExecutor 8 exits. 
I0912 00:00:45.783648 2953008 AriaExecutor.h:94] AriaExecutor 11 exits. 
I0912 00:00:45.783627 2952997 AriaExecutor.h:94] AriaExecutor 0 exits. 
I0912 00:00:45.783625 2953011 AriaExecutor.h:94] AriaExecutor 14 exits. 
I0912 00:00:45.783629 2953003 AriaExecutor.h:94] AriaExecutor 6 exits. 
I0912 00:00:45.783625 2953001 AriaExecutor.h:94] AriaExecutor 4 exits. 
I0912 00:00:45.783640 2953000 AriaExecutor.h:94] AriaExecutor 3 exits. 
I0912 00:00:45.783635 2953013 Manager.h:227] Manager(worker id = 16) on the coordinator node exits.
I0912 00:00:45.783627 2953007 AriaExecutor.h:94] AriaExecutor 10 exits. 
I0912 00:00:45.783641 2953012 AriaExecutor.h:94] AriaExecutor 15 exits. 
I0912 00:00:45.783639 2953006 AriaExecutor.h:94] AriaExecutor 9 exits. 
I0912 00:00:45.783640 2953002 AriaExecutor.h:94] AriaExecutor 5 exits. 
I0912 00:00:45.783639 2952998 AriaExecutor.h:94] AriaExecutor 1 exits. 
I0912 00:00:45.783640 2953010 AriaExecutor.h:94] AriaExecutor 13 exits. 
I0912 00:00:45.783625 2952999 AriaExecutor.h:94] AriaExecutor 2 exits. 
I0912 00:00:45.770192 2952976 AriaExecutor.h:641] Worker 0 latency: 11686 us (50%) 13790 us (75%) 15068 us (95%) 15833 us (99%).
I0912 00:00:45.807355 2952976 AriaExecutor.h:641] Worker 1 latency: 11671 us (50%) 13777 us (75%) 15063 us (95%) 15664 us (99%).
I0912 00:00:45.849191 2952976 AriaExecutor.h:641] Worker 2 latency: 11696 us (50%) 13788 us (75%) 15065 us (95%) 15708 us (99%).
I0912 00:00:45.887332 2952976 AriaExecutor.h:641] Worker 3 latency: 11671 us (50%) 13778 us (75%) 15065 us (95%) 15703 us (99%).
I0912 00:00:45.928658 2952976 AriaExecutor.h:641] Worker 4 latency: 11691 us (50%) 13791 us (75%) 15065 us (95%) 15695 us (99%).
I0912 00:00:45.965075 2952976 AriaExecutor.h:641] Worker 5 latency: 11663 us (50%) 13777 us (75%) 15063 us (95%) 15658 us (99%).
I0912 00:00:46.002398 2952976 AriaExecutor.h:641] Worker 6 latency: 11709 us (50%) 13792 us (75%) 15066 us (95%) 15695 us (99%).
I0912 00:00:46.039016 2952976 AriaExecutor.h:641] Worker 7 latency: 11681 us (50%) 13788 us (75%) 15068 us (95%) 15750 us (99%).
I0912 00:00:46.075259 2952976 AriaExecutor.h:641] Worker 8 latency: 11669 us (50%) 13779 us (75%) 15061 us (95%) 15658 us (99%).
I0912 00:00:46.112360 2952976 AriaExecutor.h:641] Worker 9 latency: 11655 us (50%) 13773 us (75%) 15064 us (95%) 15721 us (99%).
I0912 00:00:46.149982 2952976 AriaExecutor.h:641] Worker 10 latency: 11688 us (50%) 13786 us (75%) 15061 us (95%) 15669 us (99%).
I0912 00:00:46.186590 2952976 AriaExecutor.h:641] Worker 11 latency: 11639 us (50%) 13766 us (75%) 15060 us (95%) 15651 us (99%).
I0912 00:00:46.223865 2952976 AriaExecutor.h:641] Worker 12 latency: 11670 us (50%) 13773 us (75%) 15061 us (95%) 15732 us (99%).
I0912 00:00:46.260076 2952976 AriaExecutor.h:641] Worker 13 latency: 11652 us (50%) 13774 us (75%) 15064 us (95%) 15684 us (99%).
I0912 00:00:46.296901 2952976 AriaExecutor.h:641] Worker 14 latency: 11682 us (50%) 13781 us (75%) 15060 us (95%) 15695 us (99%).
I0912 00:00:46.333469 2952976 AriaExecutor.h:641] Worker 15 latency: 11642 us (50%) 13766 us (75%) 15063 us (95%) 15696 us (99%).
I0912 00:00:46.370175 2952976 Coordinator.h:177] total commit: 526044
I0912 00:00:47.370301 2952976 Coordinator.h:192] Coordinator exits.
