I1126 15:26:01.474640 1005028 Database.h:65] ycsb initialization finished in 30 milliseconds.
I1126 15:26:01.474745 1005028 Coordinator.h:30] Coordinator initializes 12 workers.
I1126 15:26:01.481549 1005028 Coordinator.h:77] Coordinator starts to run 13 workers.
I1126 15:26:01.481606 1005044 AriaExecutor.h:95] AriaExecutor 0 started. 
I1126 15:26:01.481638 1005045 AriaExecutor.h:95] AriaExecutor 1 started. 
I1126 15:26:01.481679 1005046 AriaExecutor.h:95] AriaExecutor 2 started. 
I1126 15:26:01.481732 1005047 AriaExecutor.h:95] AriaExecutor 3 started. 
I1126 15:26:01.481777 1005048 AriaExecutor.h:95] AriaExecutor 4 started. 
I1126 15:26:01.481833 1005049 AriaExecutor.h:95] AriaExecutor 5 started. 
I1126 15:26:01.481882 1005050 AriaExecutor.h:95] AriaExecutor 6 started. 
I1126 15:26:01.481938 1005051 AriaExecutor.h:95] AriaExecutor 7 started. 
I1126 15:26:01.481987 1005052 AriaExecutor.h:95] AriaExecutor 8 started. 
I1126 15:26:01.482038 1005053 AriaExecutor.h:95] AriaExecutor 9 started. 
I1126 15:26:01.482087 1005054 AriaExecutor.h:95] AriaExecutor 10 started. 
I1126 15:26:01.482144 1005055 AriaExecutor.h:95] AriaExecutor 11 started. 
I1126 15:26:01.482198 1005056 Manager.h:224] Manager(worker id = 12) on the coordinator node started.
I1126 15:26:02.482261 1005028 Coordinator.h:126] commit: 866756 abort: 443190 (0/443190/0), network size: 0, avg network size: 0, si_in_serializable: 0 0 %, local: 0 %
I1126 15:26:03.482443 1005028 Coordinator.h:126] commit: 854863 abort: 435191 (0/435191/0), network size: 0, avg network size: 0, si_in_serializable: 0 0 %, local: 0 %
I1126 15:26:04.482578 1005028 Coordinator.h:126] commit: 870148 abort: 443228 (0/443228/0), network size: 0, avg network size: 0, si_in_serializable: 0 0 %, local: 0 %
I1126 15:26:05.482689 1005028 Coordinator.h:126] commit: 870548 abort: 446076 (0/446076/0), network size: 0, avg network size: 0, si_in_serializable: 0 0 %, local: 0 %
I1126 15:26:06.482791 1005028 Coordinator.h:126] commit: 873986 abort: 446014 (0/446014/0), network size: 0, avg network size: 0, si_in_serializable: 0 0 %, local: 0 %
I1126 15:26:07.482892 1005028 Coordinator.h:126] commit: 853832 abort: 436168 (0/436168/0), network size: 0, avg network size: 0, si_in_serializable: 0 0 %, local: 0 %
I1126 15:26:08.482986 1005028 Coordinator.h:126] commit: 874031 abort: 445969 (0/445969/0), network size: 0, avg network size: 0, si_in_serializable: 0 0 %, local: 0 %
I1126 15:26:09.483119 1005028 Coordinator.h:126] commit: 854128 abort: 435117 (0/435117/0), network size: 0, avg network size: 0, si_in_serializable: 0 0 %, local: 0 %
I1126 15:26:10.483228 1005028 Coordinator.h:126] commit: 867208 abort: 443547 (0/443547/0), network size: 0, avg network size: 0, si_in_serializable: 0 0 %, local: 0 %
I1126 15:26:11.483330 1005028 Coordinator.h:126] commit: 873694 abort: 446306 (0/446306/0), network size: 0, avg network size: 0, si_in_serializable: 0 0 %, local: 0 %
I1126 15:26:12.483430 1005028 Coordinator.h:126] commit: 866949 abort: 443051 (0/443051/0), network size: 0, avg network size: 0, si_in_serializable: 0 0 %, local: 0 %
I1126 15:26:13.483534 1005028 Coordinator.h:126] commit: 866953 abort: 443047 (0/443047/0), network size: 0, avg network size: 0, si_in_serializable: 0 0 %, local: 0 %
I1126 15:26:14.483637 1005028 Coordinator.h:126] commit: 873828 abort: 446172 (0/446172/0), network size: 0, avg network size: 0, si_in_serializable: 0 0 %, local: 0 %
I1126 15:26:15.483740 1005028 Coordinator.h:126] commit: 866761 abort: 443239 (0/443239/0), network size: 0, avg network size: 0, si_in_serializable: 0 0 %, local: 0 %
I1126 15:26:16.483863 1005028 Coordinator.h:126] commit: 826488 abort: 423512 (0/423512/0), network size: 0, avg network size: 0, si_in_serializable: 0 0 %, local: 0 %
I1126 15:26:17.483975 1005028 Coordinator.h:126] commit: 866809 abort: 443191 (0/443191/0), network size: 0, avg network size: 0, si_in_serializable: 0 0 %, local: 0 %
I1126 15:26:18.484077 1005028 Coordinator.h:126] commit: 873208 abort: 446792 (0/446792/0), network size: 0, avg network size: 0, si_in_serializable: 0 0 %, local: 0 %
I1126 15:26:19.484179 1005028 Coordinator.h:126] commit: 866498 abort: 443502 (0/443502/0), network size: 0, avg network size: 0, si_in_serializable: 0 0 %, local: 0 %
I1126 15:26:20.484278 1005028 Coordinator.h:126] commit: 867143 abort: 442857 (0/442857/0), network size: 0, avg network size: 0, si_in_serializable: 0 0 %, local: 0 %
I1126 15:26:21.484383 1005028 Coordinator.h:126] commit: 868113 abort: 441887 (0/441887/0), network size: 0, avg network size: 0, si_in_serializable: 0 0 %, local: 0 %
I1126 15:26:22.484483 1005028 Coordinator.h:126] commit: 873963 abort: 446037 (0/446037/0), network size: 0, avg network size: 0, si_in_serializable: 0 0 %, local: 0 %
I1126 15:26:23.484579 1005028 Coordinator.h:126] commit: 867560 abort: 442440 (0/442440/0), network size: 0, avg network size: 0, si_in_serializable: 0 0 %, local: 0 %
I1126 15:26:24.484675 1005028 Coordinator.h:126] commit: 866805 abort: 442147 (0/442147/0), network size: 0, avg network size: 0, si_in_serializable: 0 0 %, local: 0 %
I1126 15:26:25.484774 1005028 Coordinator.h:126] commit: 867944 abort: 443104 (0/443104/0), network size: 0, avg network size: 0, si_in_serializable: 0 0 %, local: 0 %
I1126 15:26:26.484898 1005028 Coordinator.h:126] commit: 850950 abort: 433008 (0/433008/0), network size: 0, avg network size: 0, si_in_serializable: 0 0 %, local: 0 %
I1126 15:26:26.484932 1005028 Coordinator.h:152] average commit: 864275 abort: 441725 (0/441725/0), network size: 0, avg network size: 0, si_in_serializable: 0 0 %, local: 0 %
I1126 15:26:26.485270 1005056 Manager.h:227] Manager(worker id = 12) on the coordinator node exits.
I1126 15:26:26.485272 1005052 AriaExecutor.h:107] AriaExecutor 8 exits. 
I1126 15:26:26.485282 1005050 AriaExecutor.h:107] AriaExecutor 6 exits. 
I1126 15:26:26.485275 1005044 AriaExecutor.h:107] AriaExecutor 0 exits. 
I1126 15:26:26.485273 1005054 AriaExecutor.h:107] AriaExecutor 10 exits. 
I1126 15:26:26.485284 1005053 AriaExecutor.h:107] AriaExecutor 9 exits. 
I1126 15:26:26.485285 1005051 AriaExecutor.h:107] AriaExecutor 7 exits. 
I1126 15:26:26.485284 1005047 AriaExecutor.h:107] AriaExecutor 3 exits. 
I1126 15:26:26.485287 1005055 AriaExecutor.h:107] AriaExecutor 11 exits. 
I1126 15:26:26.485293 1005049 AriaExecutor.h:107] AriaExecutor 5 exits. 
I1126 15:26:26.485287 1005045 AriaExecutor.h:107] AriaExecutor 1 exits. 
I1126 15:26:26.485275 1005046 AriaExecutor.h:107] AriaExecutor 2 exits. 
I1126 15:26:26.485280 1005048 AriaExecutor.h:107] AriaExecutor 4 exits. 
I1126 15:26:26.484946 1005028 AriaExecutor.h:705] Worker 0 latency: 6047 us (50%) 6474 us (75%) 6763 us (95%) 6866 us (99%).
I1126 15:26:26.556684 1005028 AriaExecutor.h:705] Worker 1 latency: 6028 us (50%) 6469 us (75%) 6763 us (95%) 6869 us (99%).
I1126 15:26:26.636287 1005028 AriaExecutor.h:705] Worker 2 latency: 6056 us (50%) 6479 us (75%) 6763 us (95%) 6870 us (99%).
I1126 15:26:26.708549 1005028 AriaExecutor.h:705] Worker 3 latency: 6030 us (50%) 6470 us (75%) 6763 us (95%) 6867 us (99%).
I1126 15:26:26.788125 1005028 AriaExecutor.h:705] Worker 4 latency: 6048 us (50%) 6476 us (75%) 6765 us (95%) 6869 us (99%).
I1126 15:26:26.860087 1005028 AriaExecutor.h:705] Worker 5 latency: 6029 us (50%) 6468 us (75%) 6762 us (95%) 6868 us (99%).
I1126 15:26:26.940248 1005028 AriaExecutor.h:705] Worker 6 latency: 6052 us (50%) 6478 us (75%) 6764 us (95%) 6868 us (99%).
I1126 15:26:27.012074 1005028 AriaExecutor.h:705] Worker 7 latency: 6031 us (50%) 6470 us (75%) 6763 us (95%) 6869 us (99%).
I1126 15:26:27.092135 1005028 AriaExecutor.h:705] Worker 8 latency: 6049 us (50%) 6478 us (75%) 6765 us (95%) 6868 us (99%).
I1126 15:26:27.163553 1005028 AriaExecutor.h:705] Worker 9 latency: 6035 us (50%) 6472 us (75%) 6764 us (95%) 6870 us (99%).
I1126 15:26:27.244022 1005028 AriaExecutor.h:705] Worker 10 latency: 6057 us (50%) 6481 us (75%) 6765 us (95%) 6868 us (99%).
I1126 15:26:27.315856 1005028 AriaExecutor.h:705] Worker 11 latency: 6029 us (50%) 6470 us (75%) 6763 us (95%) 6866 us (99%).
I1126 15:26:27.395958 1005028 Coordinator.h:177] total commit: 864275
I1126 15:26:28.396065 1005028 Coordinator.h:192] Coordinator exits.
