I1126 14:56:28.450851 986171 Database.h:65] ycsb initialization finished in 30 milliseconds.
I1126 14:56:28.450948 986171 Coordinator.h:30] Coordinator initializes 12 workers.
I1126 14:56:28.451822 986171 Coordinator.h:77] Coordinator starts to run 13 workers.
I1126 14:56:28.451890 986187 AriaExecutor.h:91] AriaExecutor 0 started. 
I1126 14:56:28.451915 986188 AriaExecutor.h:91] AriaExecutor 1 started. 
I1126 14:56:28.451962 986189 AriaExecutor.h:91] AriaExecutor 2 started. 
I1126 14:56:28.452000 986190 AriaExecutor.h:91] AriaExecutor 3 started. 
I1126 14:56:28.452080 986192 AriaExecutor.h:91] AriaExecutor 5 started. 
I1126 14:56:28.452117 986193 AriaExecutor.h:91] AriaExecutor 6 started. 
I1126 14:56:28.452157 986194 AriaExecutor.h:91] AriaExecutor 7 started. 
I1126 14:56:28.452198 986195 AriaExecutor.h:91] AriaExecutor 8 started. 
I1126 14:56:28.452235 986196 AriaExecutor.h:91] AriaExecutor 9 started. 
I1126 14:56:28.452270 986197 AriaExecutor.h:91] AriaExecutor 10 started. 
I1126 14:56:28.452315 986198 AriaExecutor.h:91] AriaExecutor 11 started. 
I1126 14:56:28.452344 986191 AriaExecutor.h:91] AriaExecutor 4 started. 
I1126 14:56:28.452347 986199 Manager.h:224] Manager(worker id = 12) on the coordinator node started.
I1126 14:56:29.452410 986171 Coordinator.h:126] commit: 1069075 abort: 213925 (0/213925/0), network size: 0, avg network size: 0, si_in_serializable: 0 0 %, local: 0 %
I1126 14:56:30.452522 986171 Coordinator.h:126] commit: 1049698 abort: 210302 (0/210302/0), network size: 0, avg network size: 0, si_in_serializable: 0 0 %, local: 0 %
I1126 14:56:31.452636 986171 Coordinator.h:126] commit: 1059420 abort: 211546 (0/211546/0), network size: 0, avg network size: 0, si_in_serializable: 0 0 %, local: 0 %
I1126 14:56:32.452736 986171 Coordinator.h:126] commit: 1077207 abort: 215826 (0/215826/0), network size: 0, avg network size: 0, si_in_serializable: 0 0 %, local: 0 %
I1126 14:56:33.452821 986171 Coordinator.h:126] commit: 1076550 abort: 216450 (0/216450/0), network size: 0, avg network size: 0, si_in_serializable: 0 0 %, local: 0 %
I1126 14:56:34.452919 986171 Coordinator.h:126] commit: 1018395 abort: 204605 (0/204605/0), network size: 0, avg network size: 0, si_in_serializable: 0 0 %, local: 0 %
I1126 14:56:35.453032 986171 Coordinator.h:126] commit: 1063916 abort: 213084 (0/213084/0), network size: 0, avg network size: 0, si_in_serializable: 0 0 %, local: 0 %
I1126 14:56:36.453135 986171 Coordinator.h:126] commit: 1073704 abort: 215296 (0/215296/0), network size: 0, avg network size: 0, si_in_serializable: 0 0 %, local: 0 %
I1126 14:56:37.453213 986171 Coordinator.h:126] commit: 1071700 abort: 214300 (0/214300/0), network size: 0, avg network size: 0, si_in_serializable: 0 0 %, local: 0 %
I1126 14:56:38.453307 986171 Coordinator.h:126] commit: 1074900 abort: 215100 (0/215100/0), network size: 0, avg network size: 0, si_in_serializable: 0 0 %, local: 0 %
I1126 14:56:39.453397 986171 Coordinator.h:126] commit: 1072274 abort: 215726 (0/215726/0), network size: 0, avg network size: 0, si_in_serializable: 0 0 %, local: 0 %
I1126 14:56:40.453503 986171 Coordinator.h:126] commit: 982740 abort: 196260 (0/196260/0), network size: 0, avg network size: 0, si_in_serializable: 0 0 %, local: 0 %
I1126 14:56:41.453610 986171 Coordinator.h:126] commit: 1072114 abort: 214886 (0/214886/0), network size: 0, avg network size: 0, si_in_serializable: 0 0 %, local: 0 %
I1126 14:56:42.453702 986171 Coordinator.h:126] commit: 1075501 abort: 214499 (0/214499/0), network size: 0, avg network size: 0, si_in_serializable: 0 0 %, local: 0 %
I1126 14:56:43.453783 986171 Coordinator.h:126] commit: 1059136 abort: 210864 (0/210864/0), network size: 0, avg network size: 0, si_in_serializable: 0 0 %, local: 0 %
I1126 14:56:44.453881 986171 Coordinator.h:126] commit: 1073714 abort: 215286 (0/215286/0), network size: 0, avg network size: 0, si_in_serializable: 0 0 %, local: 0 %
I1126 14:56:45.453962 986171 Coordinator.h:126] commit: 1072617 abort: 214383 (0/214383/0), network size: 0, avg network size: 0, si_in_serializable: 0 0 %, local: 0 %
I1126 14:56:46.454064 986171 Coordinator.h:126] commit: 1074900 abort: 215100 (0/215100/0), network size: 0, avg network size: 0, si_in_serializable: 0 0 %, local: 0 %
I1126 14:56:47.454170 986171 Coordinator.h:126] commit: 1072814 abort: 214186 (0/214186/0), network size: 0, avg network size: 0, si_in_serializable: 0 0 %, local: 0 %
I1126 14:56:48.454273 986171 Coordinator.h:126] commit: 1075531 abort: 216469 (0/216469/0), network size: 0, avg network size: 0, si_in_serializable: 0 0 %, local: 0 %
I1126 14:56:49.454332 986171 Coordinator.h:126] commit: 1073730 abort: 215270 (0/215270/0), network size: 0, avg network size: 0, si_in_serializable: 0 0 %, local: 0 %
I1126 14:56:50.454433 986171 Coordinator.h:126] commit: 1072466 abort: 214534 (0/214534/0), network size: 0, avg network size: 0, si_in_serializable: 0 0 %, local: 0 %
I1126 14:56:51.454536 986171 Coordinator.h:126] commit: 1075388 abort: 214573 (0/214573/0), network size: 0, avg network size: 0, si_in_serializable: 0 0 %, local: 0 %
I1126 14:56:52.454620 986171 Coordinator.h:126] commit: 907577 abort: 181462 (0/181462/0), network size: 0, avg network size: 0, si_in_serializable: 0 0 %, local: 0 %
I1126 14:56:53.454695 986171 Coordinator.h:126] commit: 1077388 abort: 214612 (0/214612/0), network size: 0, avg network size: 0, si_in_serializable: 0 0 %, local: 0 %
I1126 14:56:53.454705 986171 Coordinator.h:152] average commit: 1.06313e+06 abort: 212766 (0/212766/0), network size: 0, avg network size: 0, si_in_serializable: 0 0 %, local: 0 %
I1126 14:56:53.455250 986197 AriaExecutor.h:103] AriaExecutor 10 exits. 
I1126 14:56:53.455253 986193 AriaExecutor.h:103] AriaExecutor 6 exits. 
I1126 14:56:53.455252 986191 AriaExecutor.h:103] AriaExecutor 4 exits. 
I1126 14:56:53.455257 986199 Manager.h:227] Manager(worker id = 12) on the coordinator node exits.
I1126 14:56:53.455253 986195 AriaExecutor.h:103] AriaExecutor 8 exits. 
I1126 14:56:53.455256 986189 AriaExecutor.h:103] AriaExecutor 2 exits. 
I1126 14:56:53.455264 986194 AriaExecutor.h:103] AriaExecutor 7 exits. 
I1126 14:56:53.455264 986198 AriaExecutor.h:103] AriaExecutor 11 exits. 
I1126 14:56:53.455264 986188 AriaExecutor.h:103] AriaExecutor 1 exits. 
I1126 14:56:53.455265 986192 AriaExecutor.h:103] AriaExecutor 5 exits. 
I1126 14:56:53.455255 986187 AriaExecutor.h:103] AriaExecutor 0 exits. 
I1126 14:56:53.455264 986196 AriaExecutor.h:103] AriaExecutor 9 exits. 
I1126 14:56:53.455264 986190 AriaExecutor.h:103] AriaExecutor 3 exits. 
I1126 14:56:53.454713 986171 AriaExecutor.h:649] Worker 0 latency: 597 us (50%) 650 us (75%) 692 us (95%) 708 us (99%).
I1126 14:56:53.533581 986171 AriaExecutor.h:649] Worker 1 latency: 593 us (50%) 648 us (75%) 691 us (95%) 707 us (99%).
I1126 14:56:53.611934 986171 AriaExecutor.h:649] Worker 2 latency: 596 us (50%) 649 us (75%) 691 us (95%) 707 us (99%).
I1126 14:56:53.690235 986171 AriaExecutor.h:649] Worker 3 latency: 595 us (50%) 649 us (75%) 691 us (95%) 707 us (99%).
I1126 14:56:53.768461 986171 AriaExecutor.h:649] Worker 4 latency: 596 us (50%) 648 us (75%) 691 us (95%) 707 us (99%).
I1126 14:56:53.845839 986171 AriaExecutor.h:649] Worker 5 latency: 594 us (50%) 647 us (75%) 690 us (95%) 706 us (99%).
I1126 14:56:53.922801 986171 AriaExecutor.h:649] Worker 6 latency: 599 us (50%) 650 us (75%) 691 us (95%) 707 us (99%).
I1126 14:56:54.000389 986171 AriaExecutor.h:649] Worker 7 latency: 596 us (50%) 648 us (75%) 690 us (95%) 707 us (99%).
I1126 14:56:54.077033 986171 AriaExecutor.h:649] Worker 8 latency: 599 us (50%) 650 us (75%) 691 us (95%) 707 us (99%).
I1126 14:56:54.154910 986171 AriaExecutor.h:649] Worker 9 latency: 596 us (50%) 648 us (75%) 690 us (95%) 707 us (99%).
I1126 14:56:54.231258 986171 AriaExecutor.h:649] Worker 10 latency: 599 us (50%) 650 us (75%) 691 us (95%) 707 us (99%).
I1126 14:56:54.308390 986171 AriaExecutor.h:649] Worker 11 latency: 598 us (50%) 649 us (75%) 691 us (95%) 707 us (99%).
I1126 14:56:54.384516 986171 Coordinator.h:177] total commit: 1.06313e+06
I1126 14:56:55.384640 986171 Coordinator.h:192] Coordinator exits.
