I1126 14:10:01.264963 959033 Database.h:65] ycsb initialization finished in 30 milliseconds.
I1126 14:10:01.265056 959033 Coordinator.h:30] Coordinator initializes 12 workers.
I1126 14:10:01.271962 959033 Coordinator.h:77] Coordinator starts to run 13 workers.
I1126 14:10:01.272025 959049 AriaExecutor.h:91] AriaExecutor 0 started. 
I1126 14:10:01.272055 959050 AriaExecutor.h:91] AriaExecutor 1 started. 
I1126 14:10:01.272095 959051 AriaExecutor.h:91] AriaExecutor 2 started. 
I1126 14:10:01.272135 959052 AriaExecutor.h:91] AriaExecutor 3 started. 
I1126 14:10:01.272178 959053 AriaExecutor.h:91] AriaExecutor 4 started. 
I1126 14:10:01.272219 959054 AriaExecutor.h:91] AriaExecutor 5 started. 
I1126 14:10:01.272255 959055 AriaExecutor.h:91] AriaExecutor 6 started. 
I1126 14:10:01.272303 959056 AriaExecutor.h:91] AriaExecutor 7 started. 
I1126 14:10:01.272351 959057 AriaExecutor.h:91] AriaExecutor 8 started. 
I1126 14:10:01.272401 959058 AriaExecutor.h:91] AriaExecutor 9 started. 
I1126 14:10:01.272447 959059 AriaExecutor.h:91] AriaExecutor 10 started. 
I1126 14:10:01.272507 959060 AriaExecutor.h:91] AriaExecutor 11 started. 
I1126 14:10:01.272550 959061 Manager.h:224] Manager(worker id = 12) on the coordinator node started.
I1126 14:10:02.272614 959033 Coordinator.h:126] commit: 928724 abort: 371276 (0/371276/0), network size: 0, avg network size: 0, si_in_serializable: 0 0 %, local: 0 %
I1126 14:10:03.272751 959033 Coordinator.h:126] commit: 914276 abort: 365724 (0/365724/0), network size: 0, avg network size: 0, si_in_serializable: 0 0 %, local: 0 %
I1126 14:10:04.272886 959033 Coordinator.h:126] commit: 942764 abort: 377236 (0/377236/0), network size: 0, avg network size: 0, si_in_serializable: 0 0 %, local: 0 %
I1126 14:10:05.272998 959033 Coordinator.h:126] commit: 928789 abort: 371211 (0/371211/0), network size: 0, avg network size: 0, si_in_serializable: 0 0 %, local: 0 %
I1126 14:10:06.273106 959033 Coordinator.h:126] commit: 942563 abort: 377437 (0/377437/0), network size: 0, avg network size: 0, si_in_serializable: 0 0 %, local: 0 %
I1126 14:10:07.273211 959033 Coordinator.h:126] commit: 928581 abort: 371419 (0/371419/0), network size: 0, avg network size: 0, si_in_serializable: 0 0 %, local: 0 %
I1126 14:10:08.273343 959033 Coordinator.h:126] commit: 924710 abort: 368566 (0/368566/0), network size: 0, avg network size: 0, si_in_serializable: 0 0 %, local: 0 %
I1126 14:10:09.273454 959033 Coordinator.h:126] commit: 940256 abort: 376468 (0/376468/0), network size: 0, avg network size: 0, si_in_serializable: 0 0 %, local: 0 %
I1126 14:10:10.273552 959033 Coordinator.h:126] commit: 935910 abort: 374090 (0/374090/0), network size: 0, avg network size: 0, si_in_serializable: 0 0 %, local: 0 %
I1126 14:10:11.273653 959033 Coordinator.h:126] commit: 942848 abort: 377152 (0/377152/0), network size: 0, avg network size: 0, si_in_serializable: 0 0 %, local: 0 %
I1126 14:10:12.273757 959033 Coordinator.h:126] commit: 936310 abort: 373690 (0/373690/0), network size: 0, avg network size: 0, si_in_serializable: 0 0 %, local: 0 %
I1126 14:10:13.273859 959033 Coordinator.h:126] commit: 943286 abort: 376714 (0/376714/0), network size: 0, avg network size: 0, si_in_serializable: 0 0 %, local: 0 %
I1126 14:10:14.273959 959033 Coordinator.h:126] commit: 936434 abort: 373566 (0/373566/0), network size: 0, avg network size: 0, si_in_serializable: 0 0 %, local: 0 %
I1126 14:10:15.274057 959033 Coordinator.h:126] commit: 914326 abort: 365674 (0/365674/0), network size: 0, avg network size: 0, si_in_serializable: 0 0 %, local: 0 %
I1126 14:10:16.274154 959033 Coordinator.h:126] commit: 943512 abort: 376488 (0/376488/0), network size: 0, avg network size: 0, si_in_serializable: 0 0 %, local: 0 %
I1126 14:10:17.274255 959033 Coordinator.h:126] commit: 935669 abort: 374331 (0/374331/0), network size: 0, avg network size: 0, si_in_serializable: 0 0 %, local: 0 %
I1126 14:10:18.274353 959033 Coordinator.h:126] commit: 936633 abort: 373367 (0/373367/0), network size: 0, avg network size: 0, si_in_serializable: 0 0 %, local: 0 %
I1126 14:10:19.274451 959033 Coordinator.h:126] commit: 942198 abort: 377802 (0/377802/0), network size: 0, avg network size: 0, si_in_serializable: 0 0 %, local: 0 %
I1126 14:10:20.274549 959033 Coordinator.h:126] commit: 936488 abort: 373512 (0/373512/0), network size: 0, avg network size: 0, si_in_serializable: 0 0 %, local: 0 %
I1126 14:10:21.274649 959033 Coordinator.h:126] commit: 935869 abort: 374253 (0/374253/0), network size: 0, avg network size: 0, si_in_serializable: 0 0 %, local: 0 %
I1126 14:10:22.274745 959033 Coordinator.h:126] commit: 943398 abort: 376480 (0/376480/0), network size: 0, avg network size: 0, si_in_serializable: 0 0 %, local: 0 %
I1126 14:10:23.274868 959033 Coordinator.h:126] commit: 922462 abort: 367538 (0/367538/0), network size: 0, avg network size: 0, si_in_serializable: 0 0 %, local: 0 %
I1126 14:10:24.274971 959033 Coordinator.h:126] commit: 935929 abort: 374071 (0/374071/0), network size: 0, avg network size: 0, si_in_serializable: 0 0 %, local: 0 %
I1126 14:10:25.275066 959033 Coordinator.h:126] commit: 942784 abort: 376511 (0/376511/0), network size: 0, avg network size: 0, si_in_serializable: 0 0 %, local: 0 %
I1126 14:10:26.275166 959033 Coordinator.h:126] commit: 936925 abort: 373780 (0/373780/0), network size: 0, avg network size: 0, si_in_serializable: 0 0 %, local: 0 %
I1126 14:10:26.275193 959033 Coordinator.h:152] average commit: 936072 abort: 373940 (0/373940/0), network size: 0, avg network size: 0, si_in_serializable: 0 0 %, local: 0 %
I1126 14:10:26.281924 959057 AriaExecutor.h:103] AriaExecutor 8 exits. 
I1126 14:10:26.281927 959061 Manager.h:227] Manager(worker id = 12) on the coordinator node exits.
I1126 14:10:26.281926 959049 AriaExecutor.h:103] AriaExecutor 0 exits. 
I1126 14:10:26.281930 959053 AriaExecutor.h:103] AriaExecutor 4 exits. 
I1126 14:10:26.281929 959055 AriaExecutor.h:103] AriaExecutor 6 exits. 
I1126 14:10:26.281929 959059 AriaExecutor.h:103] AriaExecutor 10 exits. 
I1126 14:10:26.281939 959056 AriaExecutor.h:103] AriaExecutor 7 exits. 
I1126 14:10:26.281940 959058 AriaExecutor.h:103] AriaExecutor 9 exits. 
I1126 14:10:26.281940 959050 AriaExecutor.h:103] AriaExecutor 1 exits. 
I1126 14:10:26.281939 959060 AriaExecutor.h:103] AriaExecutor 11 exits. 
I1126 14:10:26.281941 959054 AriaExecutor.h:103] AriaExecutor 5 exits. 
I1126 14:10:26.281941 959052 AriaExecutor.h:103] AriaExecutor 3 exits. 
I1126 14:10:26.281929 959051 AriaExecutor.h:103] AriaExecutor 2 exits. 
I1126 14:10:26.275206 959033 AriaExecutor.h:649] Worker 0 latency: 5976 us (50%) 6416 us (75%) 6723 us (95%) 6826 us (99%).
I1126 14:10:26.352026 959033 AriaExecutor.h:649] Worker 1 latency: 5966 us (50%) 6412 us (75%) 6722 us (95%) 6823 us (99%).
I1126 14:10:26.432277 959033 AriaExecutor.h:649] Worker 2 latency: 5989 us (50%) 6421 us (75%) 6723 us (95%) 6821 us (99%).
I1126 14:10:26.508358 959033 AriaExecutor.h:649] Worker 3 latency: 5965 us (50%) 6412 us (75%) 6722 us (95%) 6823 us (99%).
I1126 14:10:26.589226 959033 AriaExecutor.h:649] Worker 4 latency: 5975 us (50%) 6414 us (75%) 6721 us (95%) 6822 us (99%).
I1126 14:10:26.663951 959033 AriaExecutor.h:649] Worker 5 latency: 5963 us (50%) 6409 us (75%) 6720 us (95%) 6820 us (99%).
I1126 14:10:26.744450 959033 AriaExecutor.h:649] Worker 6 latency: 5987 us (50%) 6420 us (75%) 6723 us (95%) 6821 us (99%).
I1126 14:10:26.820499 959033 AriaExecutor.h:649] Worker 7 latency: 5966 us (50%) 6412 us (75%) 6722 us (95%) 6821 us (99%).
I1126 14:10:26.901444 959033 AriaExecutor.h:649] Worker 8 latency: 5978 us (50%) 6417 us (75%) 6724 us (95%) 6823 us (99%).
I1126 14:10:26.975455 959033 AriaExecutor.h:649] Worker 9 latency: 5969 us (50%) 6413 us (75%) 6722 us (95%) 6822 us (99%).
I1126 14:10:27.055945 959033 AriaExecutor.h:649] Worker 10 latency: 5987 us (50%) 6421 us (75%) 6723 us (95%) 6823 us (99%).
I1126 14:10:27.131083 959033 AriaExecutor.h:649] Worker 11 latency: 5966 us (50%) 6412 us (75%) 6722 us (95%) 6822 us (99%).
I1126 14:10:27.211933 959033 Coordinator.h:177] total commit: 936072
I1126 14:10:28.212049 959033 Coordinator.h:192] Coordinator exits.
