I0911 23:52:08.402691 2951408 Database.h:65] ycsb initialization finished in 147 milliseconds.
I0911 23:52:08.402805 2951408 Coordinator.h:30] Coordinator initializes 16 workers.
I0911 23:52:08.418215 2951408 Coordinator.h:77] Coordinator starts to run 17 workers.
I0911 23:52:08.418274 2951428 AriaExecutor.h:82] AriaExecutor 0 started. 
I0911 23:52:08.418318 2951429 AriaExecutor.h:82] AriaExecutor 1 started. 
I0911 23:52:08.418362 2951430 AriaExecutor.h:82] AriaExecutor 2 started. 
I0911 23:52:08.418414 2951431 AriaExecutor.h:82] AriaExecutor 3 started. 
I0911 23:52:08.418444 2951432 AriaExecutor.h:82] AriaExecutor 4 started. 
I0911 23:52:08.418491 2951433 AriaExecutor.h:82] AriaExecutor 5 started. 
I0911 23:52:08.418537 2951434 AriaExecutor.h:82] AriaExecutor 6 started. 
I0911 23:52:08.418591 2951435 AriaExecutor.h:82] AriaExecutor 7 started. 
I0911 23:52:08.418625 2951436 AriaExecutor.h:82] AriaExecutor 8 started. 
I0911 23:52:08.418668 2951437 AriaExecutor.h:82] AriaExecutor 9 started. 
I0911 23:52:08.418699 2951438 AriaExecutor.h:82] AriaExecutor 10 started. 
I0911 23:52:08.418738 2951439 AriaExecutor.h:82] AriaExecutor 11 started. 
I0911 23:52:08.418773 2951440 AriaExecutor.h:82] AriaExecutor 12 started. 
I0911 23:52:08.418818 2951441 AriaExecutor.h:82] AriaExecutor 13 started. 
I0911 23:52:08.418861 2951442 AriaExecutor.h:82] AriaExecutor 14 started. 
I0911 23:52:08.418900 2951443 AriaExecutor.h:82] AriaExecutor 15 started. 
I0911 23:52:08.418934 2951444 Manager.h:224] Manager(worker id = 16) on the coordinator node started.
I0911 23:52:09.418988 2951408 Coordinator.h:126] commit: 1044767 abort: 73441 (0/73441/0), network size: 0, avg network size: 0, si_in_serializable: 0 0 %, local: 0 %
I0911 23:52:10.419087 2951408 Coordinator.h:126] commit: 1035496 abort: 72472 (0/72472/0), network size: 0, avg network size: 0, si_in_serializable: 0 0 %, local: 0 %
I0911 23:52:11.419158 2951408 Coordinator.h:126] commit: 993761 abort: 69151 (0/69151/0), network size: 0, avg network size: 0, si_in_serializable: 0 0 %, local: 0 %
I0911 23:52:12.419230 2951408 Coordinator.h:126] commit: 1010558 abort: 70786 (0/70786/0), network size: 0, avg network size: 0, si_in_serializable: 0 0 %, local: 0 %
I0911 23:52:13.419324 2951408 Coordinator.h:126] commit: 1033730 abort: 72190 (0/72190/0), network size: 0, avg network size: 0, si_in_serializable: 0 0 %, local: 0 %
I0911 23:52:14.419399 2951408 Coordinator.h:126] commit: 1051091 abort: 73261 (0/73261/0), network size: 0, avg network size: 0, si_in_serializable: 0 0 %, local: 0 %
I0911 23:52:15.419471 2951408 Coordinator.h:126] commit: 1045121 abort: 73087 (0/73087/0), network size: 0, avg network size: 0, si_in_serializable: 0 0 %, local: 0 %
I0911 23:52:16.419539 2951408 Coordinator.h:126] commit: 1047147 abort: 73109 (0/73109/0), network size: 0, avg network size: 0, si_in_serializable: 0 0 %, local: 0 %
I0911 23:52:17.419610 2951408 Coordinator.h:126] commit: 1014297 abort: 71143 (0/71143/0), network size: 0, avg network size: 0, si_in_serializable: 0 0 %, local: 0 %
I0911 23:52:18.419684 2951408 Coordinator.h:126] commit: 1029869 abort: 71955 (0/71955/0), network size: 0, avg network size: 0, si_in_serializable: 0 0 %, local: 0 %
I0911 23:52:19.419754 2951408 Coordinator.h:126] commit: 1048577 abort: 73727 (0/73727/0), network size: 0, avg network size: 0, si_in_serializable: 0 0 %, local: 0 %
I0911 23:52:20.419831 2951408 Coordinator.h:126] commit: 1014407 abort: 71033 (0/71033/0), network size: 0, avg network size: 0, si_in_serializable: 0 0 %, local: 0 %
I0911 23:52:21.419901 2951408 Coordinator.h:126] commit: 1047039 abort: 73217 (0/73217/0), network size: 0, avg network size: 0, si_in_serializable: 0 0 %, local: 0 %
I0911 23:52:22.419973 2951408 Coordinator.h:126] commit: 1035787 abort: 72181 (0/72181/0), network size: 0, avg network size: 0, si_in_serializable: 0 0 %, local: 0 %
I0911 23:52:23.420044 2951408 Coordinator.h:126] commit: 1050706 abort: 73646 (0/73646/0), network size: 0, avg network size: 0, si_in_serializable: 0 0 %, local: 0 %
I0911 23:52:24.420145 2951408 Coordinator.h:126] commit: 1047103 abort: 73153 (0/73153/0), network size: 0, avg network size: 0, si_in_serializable: 0 0 %, local: 0 %
I0911 23:52:25.420221 2951408 Coordinator.h:126] commit: 1007074 abort: 70174 (0/70174/0), network size: 0, avg network size: 0, si_in_serializable: 0 0 %, local: 0 %
I0911 23:52:26.420295 2951408 Coordinator.h:126] commit: 1052881 abort: 73519 (0/73519/0), network size: 0, avg network size: 0, si_in_serializable: 0 0 %, local: 0 %
I0911 23:52:27.420367 2951408 Coordinator.h:126] commit: 1045350 abort: 73015 (0/73015/0), network size: 0, avg network size: 0, si_in_serializable: 0 0 %, local: 0 %
I0911 23:52:28.420444 2951408 Coordinator.h:126] commit: 1048987 abort: 73160 (0/73160/0), network size: 0, avg network size: 0, si_in_serializable: 0 0 %, local: 0 %
I0911 23:52:29.420516 2951408 Coordinator.h:126] commit: 1046990 abort: 73266 (0/73266/0), network size: 0, avg network size: 0, si_in_serializable: 0 0 %, local: 0 %
I0911 23:52:30.420585 2951408 Coordinator.h:126] commit: 1049599 abort: 72705 (0/72705/0), network size: 0, avg network size: 0, si_in_serializable: 0 0 %, local: 0 %
I0911 23:52:31.420658 2951408 Coordinator.h:126] commit: 1050805 abort: 73547 (0/73547/0), network size: 0, avg network size: 0, si_in_serializable: 0 0 %, local: 0 %
I0911 23:52:32.420737 2951408 Coordinator.h:126] commit: 1043055 abort: 73105 (0/73105/0), network size: 0, avg network size: 0, si_in_serializable: 0 0 %, local: 0 %
I0911 23:52:33.420810 2951408 Coordinator.h:126] commit: 1050885 abort: 73467 (0/73467/0), network size: 0, avg network size: 0, si_in_serializable: 0 0 %, local: 0 %
I0911 23:52:33.420821 2951408 Coordinator.h:152] average commit: 1.03979e+06 abort: 72682.5 (0/72682.5/0), network size: 0, avg network size: 0, si_in_serializable: 0 0 %, local: 0 %
I0911 23:52:33.422194 2951440 AriaExecutor.h:94] AriaExecutor 12 exits. 
I0911 23:52:33.422196 2951444 Manager.h:227] Manager(worker id = 16) on the coordinator node exits.
I0911 23:52:33.422215 2951435 AriaExecutor.h:94] AriaExecutor 7 exits. 
I0911 23:52:33.422226 2951443 AriaExecutor.h:94] AriaExecutor 15 exits. 
I0911 23:52:33.422199 2951430 AriaExecutor.h:94] AriaExecutor 2 exits. 
I0911 23:52:33.422202 2951438 AriaExecutor.h:94] AriaExecutor 10 exits. 
I0911 23:52:33.422200 2951428 AriaExecutor.h:94] AriaExecutor 0 exits. 
I0911 23:52:33.422199 2951436 AriaExecutor.h:94] AriaExecutor 8 exits. 
I0911 23:52:33.422201 2951432 AriaExecutor.h:94] AriaExecutor 4 exits. 
I0911 23:52:33.422215 2951437 AriaExecutor.h:94] AriaExecutor 9 exits. 
I0911 23:52:33.422215 2951429 AriaExecutor.h:94] AriaExecutor 1 exits. 
I0911 23:52:33.422215 2951433 AriaExecutor.h:94] AriaExecutor 5 exits. 
I0911 23:52:33.422215 2951441 AriaExecutor.h:94] AriaExecutor 13 exits. 
I0911 23:52:33.422215 2951431 AriaExecutor.h:94] AriaExecutor 3 exits. 
I0911 23:52:33.422215 2951439 AriaExecutor.h:94] AriaExecutor 11 exits. 
I0911 23:52:33.422202 2951442 AriaExecutor.h:94] AriaExecutor 14 exits. 
I0911 23:52:33.422199 2951434 AriaExecutor.h:94] AriaExecutor 6 exits. 
I0911 23:52:33.420831 2951408 AriaExecutor.h:641] Worker 0 latency: 1170 us (50%) 1460 us (75%) 1688 us (95%) 1741 us (99%).
I0911 23:52:33.485119 2951408 AriaExecutor.h:641] Worker 1 latency: 1166 us (50%) 1458 us (75%) 1687 us (95%) 1740 us (99%).
I0911 23:52:33.552313 2951408 AriaExecutor.h:641] Worker 2 latency: 1173 us (50%) 1462 us (75%) 1688 us (95%) 1740 us (99%).
I0911 23:52:33.615829 2951408 AriaExecutor.h:641] Worker 3 latency: 1168 us (50%) 1459 us (75%) 1687 us (95%) 1740 us (99%).
I0911 23:52:33.689918 2951408 AriaExecutor.h:641] Worker 4 latency: 1169 us (50%) 1460 us (75%) 1688 us (95%) 1740 us (99%).
I0911 23:52:33.757126 2951408 AriaExecutor.h:641] Worker 5 latency: 1166 us (50%) 1458 us (75%) 1687 us (95%) 1740 us (99%).
I0911 23:52:33.831737 2951408 AriaExecutor.h:641] Worker 6 latency: 1174 us (50%) 1462 us (75%) 1688 us (95%) 1741 us (99%).
I0911 23:52:33.897607 2951408 AriaExecutor.h:641] Worker 7 latency: 1168 us (50%) 1459 us (75%) 1687 us (95%) 1740 us (99%).
I0911 23:52:33.971875 2951408 AriaExecutor.h:641] Worker 8 latency: 1169 us (50%) 1459 us (75%) 1687 us (95%) 1741 us (99%).
I0911 23:52:34.039453 2951408 AriaExecutor.h:641] Worker 9 latency: 1165 us (50%) 1457 us (75%) 1686 us (95%) 1740 us (99%).
I0911 23:52:34.103497 2951408 AriaExecutor.h:641] Worker 10 latency: 1174 us (50%) 1462 us (75%) 1688 us (95%) 1741 us (99%).
I0911 23:52:34.166756 2951408 AriaExecutor.h:641] Worker 11 latency: 1166 us (50%) 1457 us (75%) 1686 us (95%) 1740 us (99%).
I0911 23:52:34.240617 2951408 AriaExecutor.h:641] Worker 12 latency: 1173 us (50%) 1461 us (75%) 1688 us (95%) 1741 us (99%).
I0911 23:52:34.307574 2951408 AriaExecutor.h:641] Worker 13 latency: 1166 us (50%) 1457 us (75%) 1686 us (95%) 1740 us (99%).
I0911 23:52:34.372710 2951408 AriaExecutor.h:641] Worker 14 latency: 1174 us (50%) 1461 us (75%) 1688 us (95%) 1740 us (99%).
I0911 23:52:34.439321 2951408 AriaExecutor.h:641] Worker 15 latency: 1168 us (50%) 1458 us (75%) 1686 us (95%) 1740 us (99%).
I0911 23:52:34.504813 2951408 Coordinator.h:177] total commit: 1.03979e+06
I0911 23:52:35.504948 2951408 Coordinator.h:192] Coordinator exits.
