I1126 13:52:46.557443 948567 Database.h:65] ycsb initialization finished in 30 milliseconds.
I1126 13:52:46.557536 948567 Coordinator.h:30] Coordinator initializes 12 workers.
I1126 13:52:46.629731 948567 Coordinator.h:77] Coordinator starts to run 13 workers.
I1126 13:52:46.629796 948583 AriaExecutor.h:82] AriaExecutor 0 started. 
I1126 13:52:46.629827 948584 AriaExecutor.h:82] AriaExecutor 1 started. 
I1126 13:52:46.629911 948586 AriaExecutor.h:82] AriaExecutor 3 started. 
I1126 13:52:46.629956 948587 AriaExecutor.h:82] AriaExecutor 4 started. 
I1126 13:52:46.630002 948588 AriaExecutor.h:82] AriaExecutor 5 started. 
I1126 13:52:46.630040 948589 AriaExecutor.h:82] AriaExecutor 6 started. 
I1126 13:52:46.630086 948590 AriaExecutor.h:82] AriaExecutor 7 started. 
I1126 13:52:46.630122 948591 AriaExecutor.h:82] AriaExecutor 8 started. 
I1126 13:52:46.630167 948592 AriaExecutor.h:82] AriaExecutor 9 started. 
I1126 13:52:46.630209 948593 AriaExecutor.h:82] AriaExecutor 10 started. 
I1126 13:52:46.630251 948594 AriaExecutor.h:82] AriaExecutor 11 started. 
I1126 13:52:46.630282 948585 AriaExecutor.h:82] AriaExecutor 2 started. 
I1126 13:52:46.630285 948595 Manager.h:224] Manager(worker id = 12) on the coordinator node started.
I1126 13:52:47.630339 948567 Coordinator.h:126] commit: 26 abort: 159974 (0/159974/0), network size: 0, avg network size: 0, si_in_serializable: 0 0 %, local: 0 %
I1126 13:52:48.630460 948567 Coordinator.h:126] commit: 22 abort: 159978 (0/159978/0), network size: 0, avg network size: 0, si_in_serializable: 0 0 %, local: 0 %
I1126 13:52:49.630591 948567 Coordinator.h:126] commit: 26 abort: 169974 (0/169974/0), network size: 0, avg network size: 0, si_in_serializable: 0 0 %, local: 0 %
I1126 13:52:50.630717 948567 Coordinator.h:126] commit: 23 abort: 169977 (0/169977/0), network size: 0, avg network size: 0, si_in_serializable: 0 0 %, local: 0 %
I1126 13:52:51.630828 948567 Coordinator.h:126] commit: 21 abort: 169979 (0/169979/0), network size: 0, avg network size: 0, si_in_serializable: 0 0 %, local: 0 %
I1126 13:52:52.630941 948567 Coordinator.h:126] commit: 24 abort: 169976 (0/169976/0), network size: 0, avg network size: 0, si_in_serializable: 0 0 %, local: 0 %
I1126 13:52:53.631057 948567 Coordinator.h:126] commit: 23 abort: 169977 (0/169977/0), network size: 0, avg network size: 0, si_in_serializable: 0 0 %, local: 0 %
I1126 13:52:54.631193 948567 Coordinator.h:126] commit: 26 abort: 169974 (0/169974/0), network size: 0, avg network size: 0, si_in_serializable: 0 0 %, local: 0 %
I1126 13:52:55.631318 948567 Coordinator.h:126] commit: 25 abort: 169975 (0/169975/0), network size: 0, avg network size: 0, si_in_serializable: 0 0 %, local: 0 %
I1126 13:52:56.631431 948567 Coordinator.h:126] commit: 27 abort: 169973 (0/169973/0), network size: 0, avg network size: 0, si_in_serializable: 0 0 %, local: 0 %
I1126 13:52:57.631543 948567 Coordinator.h:126] commit: 32 abort: 169968 (0/169968/0), network size: 0, avg network size: 0, si_in_serializable: 0 0 %, local: 0 %
I1126 13:52:58.631654 948567 Coordinator.h:126] commit: 25 abort: 169975 (0/169975/0), network size: 0, avg network size: 0, si_in_serializable: 0 0 %, local: 0 %
I1126 13:52:59.631791 948567 Coordinator.h:126] commit: 24 abort: 169976 (0/169976/0), network size: 0, avg network size: 0, si_in_serializable: 0 0 %, local: 0 %
I1126 13:53:00.631912 948567 Coordinator.h:126] commit: 25 abort: 169975 (0/169975/0), network size: 0, avg network size: 0, si_in_serializable: 0 0 %, local: 0 %
I1126 13:53:01.632048 948567 Coordinator.h:126] commit: 25 abort: 159975 (0/159975/0), network size: 0, avg network size: 0, si_in_serializable: 0 0 %, local: 0 %
I1126 13:53:02.632164 948567 Coordinator.h:126] commit: 24 abort: 169976 (0/169976/0), network size: 0, avg network size: 0, si_in_serializable: 0 0 %, local: 0 %
I1126 13:53:03.632277 948567 Coordinator.h:126] commit: 23 abort: 169977 (0/169977/0), network size: 0, avg network size: 0, si_in_serializable: 0 0 %, local: 0 %
I1126 13:53:04.632388 948567 Coordinator.h:126] commit: 28 abort: 169972 (0/169972/0), network size: 0, avg network size: 0, si_in_serializable: 0 0 %, local: 0 %
I1126 13:53:05.632505 948567 Coordinator.h:126] commit: 22 abort: 169978 (0/169978/0), network size: 0, avg network size: 0, si_in_serializable: 0 0 %, local: 0 %
I1126 13:53:06.632618 948567 Coordinator.h:126] commit: 29 abort: 169971 (0/169971/0), network size: 0, avg network size: 0, si_in_serializable: 0 0 %, local: 0 %
I1126 13:53:07.632730 948567 Coordinator.h:126] commit: 26 abort: 169974 (0/169974/0), network size: 0, avg network size: 0, si_in_serializable: 0 0 %, local: 0 %
I1126 13:53:08.632839 948567 Coordinator.h:126] commit: 30 abort: 169970 (0/169970/0), network size: 0, avg network size: 0, si_in_serializable: 0 0 %, local: 0 %
I1126 13:53:09.632954 948567 Coordinator.h:126] commit: 31 abort: 169969 (0/169969/0), network size: 0, avg network size: 0, si_in_serializable: 0 0 %, local: 0 %
I1126 13:53:10.633098 948567 Coordinator.h:126] commit: 32 abort: 159968 (0/159968/0), network size: 0, avg network size: 0, si_in_serializable: 0 0 %, local: 0 %
I1126 13:53:11.633213 948567 Coordinator.h:126] commit: 24 abort: 169976 (0/169976/0), network size: 0, avg network size: 0, si_in_serializable: 0 0 %, local: 0 %
I1126 13:53:11.633244 948567 Coordinator.h:152] average commit: 25.7 abort: 168974 (0/168974/0), network size: 0, avg network size: 0, si_in_serializable: 0 0 %, local: 0 %
I1126 13:53:11.633252 948567 AriaExecutor.h:535] Worker 0 latency: 58867 us (50%) 59085 us (75%) 60665 us (95%) 68374 us (99%).
I1126 13:53:11.637301 948587 AriaExecutor.h:94] AriaExecutor 4 exits. 
I1126 13:53:11.637312 948594 AriaExecutor.h:94] AriaExecutor 11 exits. 
I1126 13:53:11.637301 948595 Manager.h:227] Manager(worker id = 12) on the coordinator node exits.
I1126 13:53:11.637302 948583 AriaExecutor.h:94] AriaExecutor 0 exits. 
I1126 13:53:11.637305 948593 AriaExecutor.h:94] AriaExecutor 10 exits. 
I1126 13:53:11.637305 948591 AriaExecutor.h:94] AriaExecutor 8 exits. 
I1126 13:53:11.637306 948589 AriaExecutor.h:94] AriaExecutor 6 exits. 
I1126 13:53:11.637312 948588 AriaExecutor.h:94] AriaExecutor 5 exits. 
I1126 13:53:11.637312 948584 AriaExecutor.h:94] AriaExecutor 1 exits. 
I1126 13:53:11.637312 948586 AriaExecutor.h:94] AriaExecutor 3 exits. 
I1126 13:53:11.637312 948590 AriaExecutor.h:94] AriaExecutor 7 exits. 
I1126 13:53:11.637312 948592 AriaExecutor.h:94] AriaExecutor 9 exits. 
I1126 13:53:11.637301 948585 AriaExecutor.h:94] AriaExecutor 2 exits. 
I1126 13:53:11.637486 948567 AriaExecutor.h:535] Worker 1 latency: 58824 us (50%) 59069 us (75%) 61168 us (95%) 67420 us (99%).
I1126 13:53:11.637589 948567 AriaExecutor.h:535] Worker 2 latency: 58900 us (50%) 59082 us (75%) 67486 us (95%) 73111 us (99%).
I1126 13:53:11.637665 948567 AriaExecutor.h:535] Worker 3 latency: 58855 us (50%) 58968 us (75%) 68391 us (95%) 68457 us (99%).
I1126 13:53:11.637671 948567 AriaExecutor.h:535] Worker 4 latency: 58620 us (50%) 58866 us (75%) 59068 us (95%) 59068 us (99%).
I1126 13:53:11.637709 948567 AriaExecutor.h:535] Worker 5 latency: 58667 us (50%) 58968 us (75%) 59706 us (95%) 59706 us (99%).
I1126 13:53:11.637723 948567 AriaExecutor.h:535] Worker 6 latency: 58723 us (50%) 58848 us (75%) 58848 us (95%) 58848 us (99%).
I1126 13:53:11.637737 948567 AriaExecutor.h:535] Worker 7 latency: 58892 us (50%) 59115 us (75%) 60343 us (95%) 60343 us (99%).
I1126 13:53:11.637750 948567 AriaExecutor.h:535] Worker 8 latency: 59215 us (50%) 59215 us (75%) 59215 us (95%) 59215 us (99%).
I1126 13:53:11.637768 948567 AriaExecutor.h:535] Worker 9 latency: 58959 us (50%) 58959 us (75%) 58959 us (95%) 58959 us (99%).
I1126 13:53:11.637781 948567 AriaExecutor.h:535] Worker 10 latency: 58637 us (50%) 58977 us (75%) 58977 us (95%) 58977 us (99%).
I1126 13:53:11.637794 948567 AriaExecutor.h:535] Worker 11 latency: 0 us (50%) 0 us (75%) 0 us (95%) 0 us (99%).
I1126 13:53:11.637816 948567 Coordinator.h:177] total commit: 25.7
I1126 13:53:12.637992 948567 Coordinator.h:192] Coordinator exits.
