I1126 15:05:56.294234 991747 Database.h:65] ycsb initialization finished in 30 milliseconds.
I1126 15:05:56.294333 991747 Coordinator.h:30] Coordinator initializes 12 workers.
I1126 15:05:56.301165 991747 Coordinator.h:77] Coordinator starts to run 13 workers.
I1126 15:05:56.301216 991763 AriaExecutor.h:91] AriaExecutor 0 started. 
I1126 15:05:56.301250 991764 AriaExecutor.h:91] AriaExecutor 1 started. 
I1126 15:05:56.301290 991765 AriaExecutor.h:91] AriaExecutor 2 started. 
I1126 15:05:56.301329 991766 AriaExecutor.h:91] AriaExecutor 3 started. 
I1126 15:05:56.301415 991768 AriaExecutor.h:91] AriaExecutor 5 started. 
I1126 15:05:56.301458 991769 AriaExecutor.h:91] AriaExecutor 6 started. 
I1126 15:05:56.301494 991770 AriaExecutor.h:91] AriaExecutor 7 started. 
I1126 15:05:56.301535 991771 AriaExecutor.h:91] AriaExecutor 8 started. 
I1126 15:05:56.301577 991772 AriaExecutor.h:91] AriaExecutor 9 started. 
I1126 15:05:56.301612 991773 AriaExecutor.h:91] AriaExecutor 10 started. 
I1126 15:05:56.301663 991774 AriaExecutor.h:91] AriaExecutor 11 started. 
I1126 15:05:56.301697 991767 AriaExecutor.h:91] AriaExecutor 4 started. 
I1126 15:05:56.301697 991775 Manager.h:224] Manager(worker id = 12) on the coordinator node started.
I1126 15:05:57.301764 991747 Coordinator.h:126] commit: 860005 abort: 1389995 (0/1389995/0), network size: 0, avg network size: 0, si_in_serializable: 0 0 %, local: 0 %
I1126 15:05:58.301873 991747 Coordinator.h:126] commit: 849631 abort: 1370369 (0/1370369/0), network size: 0, avg network size: 0, si_in_serializable: 0 0 %, local: 0 %
I1126 15:05:59.301970 991747 Coordinator.h:126] commit: 863296 abort: 1396704 (0/1396704/0), network size: 0, avg network size: 0, si_in_serializable: 0 0 %, local: 0 %
I1126 15:06:00.302062 991747 Coordinator.h:126] commit: 860491 abort: 1389509 (0/1389509/0), network size: 0, avg network size: 0, si_in_serializable: 0 0 %, local: 0 %
I1126 15:06:01.302165 991747 Coordinator.h:126] commit: 867410 abort: 1402590 (0/1402590/0), network size: 0, avg network size: 0, si_in_serializable: 0 0 %, local: 0 %
I1126 15:06:02.302258 991747 Coordinator.h:126] commit: 861220 abort: 1388780 (0/1388780/0), network size: 0, avg network size: 0, si_in_serializable: 0 0 %, local: 0 %
I1126 15:06:03.302363 991747 Coordinator.h:126] commit: 859536 abort: 1390464 (0/1390464/0), network size: 0, avg network size: 0, si_in_serializable: 0 0 %, local: 0 %
I1126 15:06:04.302466 991747 Coordinator.h:126] commit: 844422 abort: 1365578 (0/1365578/0), network size: 0, avg network size: 0, si_in_serializable: 0 0 %, local: 0 %
I1126 15:06:05.302552 991747 Coordinator.h:126] commit: 864988 abort: 1395012 (0/1395012/0), network size: 0, avg network size: 0, si_in_serializable: 0 0 %, local: 0 %
I1126 15:06:06.302649 991747 Coordinator.h:126] commit: 867651 abort: 1402349 (0/1402349/0), network size: 0, avg network size: 0, si_in_serializable: 0 0 %, local: 0 %
I1126 15:06:07.302734 991747 Coordinator.h:126] commit: 864202 abort: 1395798 (0/1395798/0), network size: 0, avg network size: 0, si_in_serializable: 0 0 %, local: 0 %
I1126 15:06:08.302819 991747 Coordinator.h:126] commit: 867402 abort: 1402598 (0/1402598/0), network size: 0, avg network size: 0, si_in_serializable: 0 0 %, local: 0 %
I1126 15:06:09.302894 991747 Coordinator.h:126] commit: 862245 abort: 1387755 (0/1387755/0), network size: 0, avg network size: 0, si_in_serializable: 0 0 %, local: 0 %
I1126 15:06:10.302982 991747 Coordinator.h:126] commit: 869263 abort: 1400737 (0/1400737/0), network size: 0, avg network size: 0, si_in_serializable: 0 0 %, local: 0 %
I1126 15:06:11.303108 991747 Coordinator.h:126] commit: 809815 abort: 1310185 (0/1310185/0), network size: 0, avg network size: 0, si_in_serializable: 0 0 %, local: 0 %
I1126 15:06:12.303220 991747 Coordinator.h:126] commit: 869381 abort: 1400619 (0/1400619/0), network size: 0, avg network size: 0, si_in_serializable: 0 0 %, local: 0 %
I1126 15:06:13.303299 991747 Coordinator.h:126] commit: 868764 abort: 1401236 (0/1401236/0), network size: 0, avg network size: 0, si_in_serializable: 0 0 %, local: 0 %
I1126 15:06:14.303375 991747 Coordinator.h:126] commit: 867594 abort: 1402406 (0/1402406/0), network size: 0, avg network size: 0, si_in_serializable: 0 0 %, local: 0 %
I1126 15:06:15.303462 991747 Coordinator.h:126] commit: 868349 abort: 1401651 (0/1401651/0), network size: 0, avg network size: 0, si_in_serializable: 0 0 %, local: 0 %
I1126 15:06:16.303563 991747 Coordinator.h:126] commit: 868024 abort: 1401976 (0/1401976/0), network size: 0, avg network size: 0, si_in_serializable: 0 0 %, local: 0 %
I1126 15:06:17.303645 991747 Coordinator.h:126] commit: 868399 abort: 1402775 (0/1402775/0), network size: 0, avg network size: 0, si_in_serializable: 0 0 %, local: 0 %
I1126 15:06:18.303732 991747 Coordinator.h:126] commit: 870039 abort: 1408787 (0/1408787/0), network size: 0, avg network size: 0, si_in_serializable: 0 0 %, local: 0 %
I1126 15:06:19.303809 991747 Coordinator.h:126] commit: 863043 abort: 1396957 (0/1396957/0), network size: 0, avg network size: 0, si_in_serializable: 0 0 %, local: 0 %
I1126 15:06:20.303896 991747 Coordinator.h:126] commit: 868946 abort: 1401054 (0/1401054/0), network size: 0, avg network size: 0, si_in_serializable: 0 0 %, local: 0 %
I1126 15:06:21.303997 991747 Coordinator.h:126] commit: 868727 abort: 1401273 (0/1401273/0), network size: 0, avg network size: 0, si_in_serializable: 0 0 %, local: 0 %
I1126 15:06:21.304020 991747 Coordinator.h:152] average commit: 861504 abort: 1.3905e+06 (0/1.3905e+06/0), network size: 0, avg network size: 0, si_in_serializable: 0 0 %, local: 0 %
I1126 15:06:21.307336 991773 AriaExecutor.h:103] AriaExecutor 10 exits. 
I1126 15:06:21.307338 991767 AriaExecutor.h:103] AriaExecutor 4 exits. 
I1126 15:06:21.307339 991769 AriaExecutor.h:103] AriaExecutor 6 exits. 
I1126 15:06:21.307340 991765 AriaExecutor.h:103] AriaExecutor 2 exits. 
I1126 15:06:21.307355 991774 AriaExecutor.h:103] AriaExecutor 11 exits. 
I1126 15:06:21.307355 991772 AriaExecutor.h:103] AriaExecutor 9 exits. 
I1126 15:06:21.307356 991766 AriaExecutor.h:103] AriaExecutor 3 exits. 
I1126 15:06:21.307343 991763 AriaExecutor.h:103] AriaExecutor 0 exits. 
I1126 15:06:21.307343 991771 AriaExecutor.h:103] AriaExecutor 8 exits. 
I1126 15:06:21.307341 991775 Manager.h:227] Manager(worker id = 12) on the coordinator node exits.
I1126 15:06:21.307355 991764 AriaExecutor.h:103] AriaExecutor 1 exits. 
I1126 15:06:21.307355 991770 AriaExecutor.h:103] AriaExecutor 7 exits. 
I1126 15:06:21.307355 991768 AriaExecutor.h:103] AriaExecutor 5 exits. 
I1126 15:06:21.304028 991747 AriaExecutor.h:649] Worker 0 latency: 3234 us (50%) 3748 us (75%) 4090 us (95%) 4167 us (99%).
I1126 15:06:21.380511 991747 AriaExecutor.h:649] Worker 1 latency: 3243 us (50%) 3750 us (75%) 4090 us (95%) 4166 us (99%).
I1126 15:06:21.465378 991747 AriaExecutor.h:649] Worker 2 latency: 3248 us (50%) 3752 us (75%) 4090 us (95%) 4166 us (99%).
I1126 15:06:21.541461 991747 AriaExecutor.h:649] Worker 3 latency: 3245 us (50%) 3753 us (75%) 4090 us (95%) 4166 us (99%).
I1126 15:06:21.626411 991747 AriaExecutor.h:649] Worker 4 latency: 3241 us (50%) 3749 us (75%) 4089 us (95%) 4165 us (99%).
I1126 15:06:21.703364 991747 AriaExecutor.h:649] Worker 5 latency: 3247 us (50%) 3752 us (75%) 4089 us (95%) 4165 us (99%).
I1126 15:06:21.788866 991747 AriaExecutor.h:649] Worker 6 latency: 3245 us (50%) 3752 us (75%) 4090 us (95%) 4166 us (99%).
I1126 15:06:21.864382 991747 AriaExecutor.h:649] Worker 7 latency: 3245 us (50%) 3753 us (75%) 4089 us (95%) 4166 us (99%).
I1126 15:06:21.948555 991747 AriaExecutor.h:649] Worker 8 latency: 3237 us (50%) 3748 us (75%) 4089 us (95%) 4166 us (99%).
I1126 15:06:22.024120 991747 AriaExecutor.h:649] Worker 9 latency: 3245 us (50%) 3752 us (75%) 4089 us (95%) 4165 us (99%).
I1126 15:06:22.108716 991747 AriaExecutor.h:649] Worker 10 latency: 3244 us (50%) 3750 us (75%) 4089 us (95%) 4165 us (99%).
I1126 15:06:22.186022 991747 AriaExecutor.h:649] Worker 11 latency: 3244 us (50%) 3752 us (75%) 4089 us (95%) 4165 us (99%).
I1126 15:06:22.270867 991747 Coordinator.h:177] total commit: 861504
I1126 15:06:23.270977 991747 Coordinator.h:192] Coordinator exits.
