I1126 14:16:25.520438 962723 Database.h:65] ycsb initialization finished in 30 milliseconds.
I1126 14:16:25.520531 962723 Coordinator.h:30] Coordinator initializes 12 workers.
I1126 14:16:25.527456 962723 Coordinator.h:77] Coordinator starts to run 13 workers.
I1126 14:16:25.527509 962739 AriaExecutor.h:91] AriaExecutor 0 started. 
I1126 14:16:25.527535 962740 AriaExecutor.h:91] AriaExecutor 1 started. 
I1126 14:16:25.527575 962741 AriaExecutor.h:91] AriaExecutor 2 started. 
I1126 14:16:25.527617 962742 AriaExecutor.h:91] AriaExecutor 3 started. 
I1126 14:16:25.527696 962744 AriaExecutor.h:91] AriaExecutor 5 started. 
I1126 14:16:25.527740 962745 AriaExecutor.h:91] AriaExecutor 6 started. 
I1126 14:16:25.527786 962746 AriaExecutor.h:91] AriaExecutor 7 started. 
I1126 14:16:25.527830 962747 AriaExecutor.h:91] AriaExecutor 8 started. 
I1126 14:16:25.527875 962748 AriaExecutor.h:91] AriaExecutor 9 started. 
I1126 14:16:25.527915 962749 AriaExecutor.h:91] AriaExecutor 10 started. 
I1126 14:16:25.527958 962750 AriaExecutor.h:91] AriaExecutor 11 started. 
I1126 14:16:25.527985 962743 AriaExecutor.h:91] AriaExecutor 4 started. 
I1126 14:16:25.527992 962751 Manager.h:224] Manager(worker id = 12) on the coordinator node started.
I1126 14:16:26.528056 962723 Coordinator.h:126] commit: 1612604 abort: 277396 (0/277396/0), network size: 0, avg network size: 0, si_in_serializable: 0 0 %, local: 0 %
I1126 14:16:27.528167 962723 Coordinator.h:126] commit: 1594493 abort: 275507 (0/275507/0), network size: 0, avg network size: 0, si_in_serializable: 0 0 %, local: 0 %
I1126 14:16:28.528280 962723 Coordinator.h:126] commit: 1621379 abort: 278621 (0/278621/0), network size: 0, avg network size: 0, si_in_serializable: 0 0 %, local: 0 %
I1126 14:16:29.528373 962723 Coordinator.h:126] commit: 1619125 abort: 279527 (0/279527/0), network size: 0, avg network size: 0, si_in_serializable: 0 0 %, local: 0 %
I1126 14:16:30.528476 962723 Coordinator.h:126] commit: 1629911 abort: 281437 (0/281437/0), network size: 0, avg network size: 0, si_in_serializable: 0 0 %, local: 0 %
I1126 14:16:31.528558 962723 Coordinator.h:126] commit: 1628787 abort: 281213 (0/281213/0), network size: 0, avg network size: 0, si_in_serializable: 0 0 %, local: 0 %
I1126 14:16:32.528645 962723 Coordinator.h:126] commit: 1611945 abort: 278055 (0/278055/0), network size: 0, avg network size: 0, si_in_serializable: 0 0 %, local: 0 %
I1126 14:16:33.528738 962723 Coordinator.h:126] commit: 1587111 abort: 272889 (0/272889/0), network size: 0, avg network size: 0, si_in_serializable: 0 0 %, local: 0 %
I1126 14:16:34.528857 962723 Coordinator.h:126] commit: 1629728 abort: 280272 (0/280272/0), network size: 0, avg network size: 0, si_in_serializable: 0 0 %, local: 0 %
I1126 14:16:35.528987 962723 Coordinator.h:126] commit: 1620938 abort: 279062 (0/279062/0), network size: 0, avg network size: 0, si_in_serializable: 0 0 %, local: 0 %
I1126 14:16:36.529094 962723 Coordinator.h:126] commit: 1629681 abort: 280319 (0/280319/0), network size: 0, avg network size: 0, si_in_serializable: 0 0 %, local: 0 %
I1126 14:16:37.529191 962723 Coordinator.h:126] commit: 1628582 abort: 281418 (0/281418/0), network size: 0, avg network size: 0, si_in_serializable: 0 0 %, local: 0 %
I1126 14:16:38.529297 962723 Coordinator.h:126] commit: 1638051 abort: 281949 (0/281949/0), network size: 0, avg network size: 0, si_in_serializable: 0 0 %, local: 0 %
I1126 14:16:39.529402 962723 Coordinator.h:126] commit: 1620692 abort: 279308 (0/279308/0), network size: 0, avg network size: 0, si_in_serializable: 0 0 %, local: 0 %
I1126 14:16:40.529515 962723 Coordinator.h:126] commit: 1637868 abort: 282132 (0/282132/0), network size: 0, avg network size: 0, si_in_serializable: 0 0 %, local: 0 %
I1126 14:16:41.529641 962723 Coordinator.h:126] commit: 1510831 abort: 259169 (0/259169/0), network size: 0, avg network size: 0, si_in_serializable: 0 0 %, local: 0 %
I1126 14:16:42.529747 962723 Coordinator.h:126] commit: 1628280 abort: 281720 (0/281720/0), network size: 0, avg network size: 0, si_in_serializable: 0 0 %, local: 0 %
I1126 14:16:43.529840 962723 Coordinator.h:126] commit: 1629807 abort: 280193 (0/280193/0), network size: 0, avg network size: 0, si_in_serializable: 0 0 %, local: 0 %
I1126 14:16:44.529955 962723 Coordinator.h:126] commit: 1628585 abort: 281415 (0/281415/0), network size: 0, avg network size: 0, si_in_serializable: 0 0 %, local: 0 %
I1126 14:16:45.530071 962723 Coordinator.h:126] commit: 1628819 abort: 281181 (0/281181/0), network size: 0, avg network size: 0, si_in_serializable: 0 0 %, local: 0 %
I1126 14:16:46.530180 962723 Coordinator.h:126] commit: 1628540 abort: 281460 (0/281460/0), network size: 0, avg network size: 0, si_in_serializable: 0 0 %, local: 0 %
I1126 14:16:47.530283 962723 Coordinator.h:126] commit: 1630376 abort: 279624 (0/279624/0), network size: 0, avg network size: 0, si_in_serializable: 0 0 %, local: 0 %
I1126 14:16:48.530391 962723 Coordinator.h:126] commit: 1629066 abort: 280934 (0/280934/0), network size: 0, avg network size: 0, si_in_serializable: 0 0 %, local: 0 %
I1126 14:16:49.530493 962723 Coordinator.h:126] commit: 1621763 abort: 278237 (0/278237/0), network size: 0, avg network size: 0, si_in_serializable: 0 0 %, local: 0 %
I1126 14:16:50.530606 962723 Coordinator.h:126] commit: 1629255 abort: 280745 (0/280745/0), network size: 0, avg network size: 0, si_in_serializable: 0 0 %, local: 0 %
I1126 14:16:50.530646 962723 Coordinator.h:152] average commit: 1.61812e+06 abort: 278880 (0/278880/0), network size: 0, avg network size: 0, si_in_serializable: 0 0 %, local: 0 %
I1126 14:16:50.533656 962741 AriaExecutor.h:103] AriaExecutor 2 exits. 
I1126 14:16:50.533668 962745 AriaExecutor.h:103] AriaExecutor 6 exits. 
I1126 14:16:50.533671 962742 AriaExecutor.h:103] AriaExecutor 3 exits. 
I1126 14:16:50.533656 962747 AriaExecutor.h:103] AriaExecutor 8 exits. 
I1126 14:16:50.533659 962743 AriaExecutor.h:103] AriaExecutor 4 exits. 
I1126 14:16:50.533660 962751 Manager.h:227] Manager(worker id = 12) on the coordinator node exits.
I1126 14:16:50.533658 962749 AriaExecutor.h:103] AriaExecutor 10 exits. 
I1126 14:16:50.533670 962750 AriaExecutor.h:103] AriaExecutor 11 exits. 
I1126 14:16:50.533671 962746 AriaExecutor.h:103] AriaExecutor 7 exits. 
I1126 14:16:50.533671 962740 AriaExecutor.h:103] AriaExecutor 1 exits. 
I1126 14:16:50.533671 962748 AriaExecutor.h:103] AriaExecutor 9 exits. 
I1126 14:16:50.533658 962739 AriaExecutor.h:103] AriaExecutor 0 exits. 
I1126 14:16:50.533671 962744 AriaExecutor.h:103] AriaExecutor 5 exits. 
I1126 14:16:50.530655 962723 AriaExecutor.h:649] Worker 0 latency: 3705 us (50%) 4208 us (75%) 4589 us (95%) 4689 us (99%).
I1126 14:16:50.655546 962723 AriaExecutor.h:649] Worker 1 latency: 3712 us (50%) 4212 us (75%) 4591 us (95%) 4690 us (99%).
I1126 14:16:50.800484 962723 AriaExecutor.h:649] Worker 2 latency: 3722 us (50%) 4216 us (75%) 4589 us (95%) 4687 us (99%).
I1126 14:16:50.930763 962723 AriaExecutor.h:649] Worker 3 latency: 3715 us (50%) 4214 us (75%) 4592 us (95%) 4690 us (99%).
I1126 14:16:51.075762 962723 AriaExecutor.h:649] Worker 4 latency: 3709 us (50%) 4209 us (75%) 4588 us (95%) 4687 us (99%).
I1126 14:16:51.207633 962723 AriaExecutor.h:649] Worker 5 latency: 3714 us (50%) 4212 us (75%) 4590 us (95%) 4687 us (99%).
I1126 14:16:51.353821 962723 AriaExecutor.h:649] Worker 6 latency: 3721 us (50%) 4217 us (75%) 4591 us (95%) 4688 us (99%).
I1126 14:16:51.479067 962723 AriaExecutor.h:649] Worker 7 latency: 3714 us (50%) 4212 us (75%) 4590 us (95%) 4688 us (99%).
I1126 14:16:51.624544 962723 AriaExecutor.h:649] Worker 8 latency: 3716 us (50%) 4214 us (75%) 4590 us (95%) 4688 us (99%).
I1126 14:16:51.754027 962723 AriaExecutor.h:649] Worker 9 latency: 3716 us (50%) 4214 us (75%) 4592 us (95%) 4689 us (99%).
I1126 14:16:51.901595 962723 AriaExecutor.h:649] Worker 10 latency: 3716 us (50%) 4213 us (75%) 4589 us (95%) 4687 us (99%).
I1126 14:16:52.033186 962723 AriaExecutor.h:649] Worker 11 latency: 3719 us (50%) 4215 us (75%) 4590 us (95%) 4686 us (99%).
I1126 14:16:52.180790 962723 Coordinator.h:177] total commit: 1.61812e+06
I1126 14:16:53.180900 962723 Coordinator.h:192] Coordinator exits.
