I1126 15:28:46.595456 1006753 Database.h:65] ycsb initialization finished in 30 milliseconds.
I1126 15:28:46.595552 1006753 Coordinator.h:30] Coordinator initializes 12 workers.
I1126 15:28:46.602391 1006753 Coordinator.h:77] Coordinator starts to run 13 workers.
I1126 15:28:46.602483 1006769 AriaExecutor.h:95] AriaExecutor 0 started. 
I1126 15:28:46.602499 1006770 AriaExecutor.h:95] AriaExecutor 1 started. 
I1126 15:28:46.602562 1006771 AriaExecutor.h:95] AriaExecutor 2 started. 
I1126 15:28:46.602586 1006772 AriaExecutor.h:95] AriaExecutor 3 started. 
I1126 15:28:46.602620 1006773 AriaExecutor.h:95] AriaExecutor 4 started. 
I1126 15:28:46.602651 1006774 AriaExecutor.h:95] AriaExecutor 5 started. 
I1126 15:28:46.602694 1006775 AriaExecutor.h:95] AriaExecutor 6 started. 
I1126 15:28:46.602721 1006776 AriaExecutor.h:95] AriaExecutor 7 started. 
I1126 15:28:46.602768 1006777 AriaExecutor.h:95] AriaExecutor 8 started. 
I1126 15:28:46.602789 1006778 AriaExecutor.h:95] AriaExecutor 9 started. 
I1126 15:28:46.602834 1006779 AriaExecutor.h:95] AriaExecutor 10 started. 
I1126 15:28:46.602857 1006780 AriaExecutor.h:95] AriaExecutor 11 started. 
I1126 15:28:46.602896 1006781 Manager.h:224] Manager(worker id = 12) on the coordinator node started.
I1126 15:28:47.602954 1006753 Coordinator.h:126] commit: 759937 abort: 570063 (0/570063/0), network size: 0, avg network size: 0, si_in_serializable: 0 0 %, local: 0 %
I1126 15:28:48.603084 1006753 Coordinator.h:126] commit: 753687 abort: 566313 (0/566313/0), network size: 0, avg network size: 0, si_in_serializable: 0 0 %, local: 0 %
I1126 15:28:49.603233 1006753 Coordinator.h:126] commit: 759026 abort: 570974 (0/570974/0), network size: 0, avg network size: 0, si_in_serializable: 0 0 %, local: 0 %
I1126 15:28:50.603327 1006753 Coordinator.h:126] commit: 765017 abort: 574983 (0/574983/0), network size: 0, avg network size: 0, si_in_serializable: 0 0 %, local: 0 %
I1126 15:28:51.603411 1006753 Coordinator.h:126] commit: 765249 abort: 574751 (0/574751/0), network size: 0, avg network size: 0, si_in_serializable: 0 0 %, local: 0 %
I1126 15:28:52.603489 1006753 Coordinator.h:126] commit: 759654 abort: 570346 (0/570346/0), network size: 0, avg network size: 0, si_in_serializable: 0 0 %, local: 0 %
I1126 15:28:53.603590 1006753 Coordinator.h:126] commit: 759386 abort: 570614 (0/570614/0), network size: 0, avg network size: 0, si_in_serializable: 0 0 %, local: 0 %
I1126 15:28:54.603670 1006753 Coordinator.h:126] commit: 765410 abort: 574590 (0/574590/0), network size: 0, avg network size: 0, si_in_serializable: 0 0 %, local: 0 %
I1126 15:28:55.603747 1006753 Coordinator.h:126] commit: 753708 abort: 566292 (0/566292/0), network size: 0, avg network size: 0, si_in_serializable: 0 0 %, local: 0 %
I1126 15:28:56.603823 1006753 Coordinator.h:126] commit: 765952 abort: 574048 (0/574048/0), network size: 0, avg network size: 0, si_in_serializable: 0 0 %, local: 0 %
I1126 15:28:57.603900 1006753 Coordinator.h:126] commit: 765676 abort: 574324 (0/574324/0), network size: 0, avg network size: 0, si_in_serializable: 0 0 %, local: 0 %
I1126 15:28:58.603979 1006753 Coordinator.h:126] commit: 765356 abort: 574644 (0/574644/0), network size: 0, avg network size: 0, si_in_serializable: 0 0 %, local: 0 %
I1126 15:28:59.604060 1006753 Coordinator.h:126] commit: 765532 abort: 574468 (0/574468/0), network size: 0, avg network size: 0, si_in_serializable: 0 0 %, local: 0 %
I1126 15:29:00.604141 1006753 Coordinator.h:126] commit: 766037 abort: 573963 (0/573963/0), network size: 0, avg network size: 0, si_in_serializable: 0 0 %, local: 0 %
I1126 15:29:01.604265 1006753 Coordinator.h:126] commit: 765499 abort: 574501 (0/574501/0), network size: 0, avg network size: 0, si_in_serializable: 0 0 %, local: 0 %
I1126 15:29:02.604354 1006753 Coordinator.h:126] commit: 753796 abort: 566204 (0/566204/0), network size: 0, avg network size: 0, si_in_serializable: 0 0 %, local: 0 %
I1126 15:29:03.604462 1006753 Coordinator.h:126] commit: 733083 abort: 548696 (0/548696/0), network size: 0, avg network size: 0, si_in_serializable: 0 0 %, local: 0 %
I1126 15:29:04.604564 1006753 Coordinator.h:126] commit: 763921 abort: 574300 (0/574300/0), network size: 0, avg network size: 0, si_in_serializable: 0 0 %, local: 0 %
I1126 15:29:05.604653 1006753 Coordinator.h:126] commit: 761108 abort: 568892 (0/568892/0), network size: 0, avg network size: 0, si_in_serializable: 0 0 %, local: 0 %
I1126 15:29:06.604733 1006753 Coordinator.h:126] commit: 766614 abort: 573386 (0/573386/0), network size: 0, avg network size: 0, si_in_serializable: 0 0 %, local: 0 %
I1126 15:29:07.604809 1006753 Coordinator.h:126] commit: 766209 abort: 573791 (0/573791/0), network size: 0, avg network size: 0, si_in_serializable: 0 0 %, local: 0 %
I1126 15:29:08.604884 1006753 Coordinator.h:126] commit: 765776 abort: 574224 (0/574224/0), network size: 0, avg network size: 0, si_in_serializable: 0 0 %, local: 0 %
I1126 15:29:09.604966 1006753 Coordinator.h:126] commit: 760313 abort: 569687 (0/569687/0), network size: 0, avg network size: 0, si_in_serializable: 0 0 %, local: 0 %
I1126 15:29:10.605047 1006753 Coordinator.h:126] commit: 765580 abort: 574420 (0/574420/0), network size: 0, avg network size: 0, si_in_serializable: 0 0 %, local: 0 %
I1126 15:29:11.605126 1006753 Coordinator.h:126] commit: 765445 abort: 574555 (0/574555/0), network size: 0, avg network size: 0, si_in_serializable: 0 0 %, local: 0 %
I1126 15:29:11.605139 1006753 Coordinator.h:152] average commit: 760662 abort: 570338 (0/570338/0), network size: 0, avg network size: 0, si_in_serializable: 0 0 %, local: 0 %
I1126 15:29:11.609861 1006776 AriaExecutor.h:107] AriaExecutor 7 exits. 
I1126 15:29:11.609871 1006773 AriaExecutor.h:107] AriaExecutor 4 exits. 
I1126 15:29:11.609866 1006778 AriaExecutor.h:107] AriaExecutor 9 exits. 
I1126 15:29:11.609870 1006770 AriaExecutor.h:107] AriaExecutor 1 exits. 
I1126 15:29:11.609866 1006774 AriaExecutor.h:107] AriaExecutor 5 exits. 
I1126 15:29:11.609865 1006772 AriaExecutor.h:107] AriaExecutor 3 exits. 
I1126 15:29:11.609871 1006779 AriaExecutor.h:107] AriaExecutor 10 exits. 
I1126 15:29:11.609877 1006780 AriaExecutor.h:107] AriaExecutor 11 exits. 
I1126 15:29:11.609877 1006777 AriaExecutor.h:107] AriaExecutor 8 exits. 
I1126 15:29:11.609879 1006781 Manager.h:227] Manager(worker id = 12) on the coordinator node exits.
I1126 15:29:11.609871 1006771 AriaExecutor.h:107] AriaExecutor 2 exits. 
I1126 15:29:11.609872 1006775 AriaExecutor.h:107] AriaExecutor 6 exits. 
I1126 15:29:11.609864 1006769 AriaExecutor.h:107] AriaExecutor 0 exits. 
I1126 15:29:11.605154 1006753 AriaExecutor.h:705] Worker 0 latency: 6042 us (50%) 6462 us (75%) 6727 us (95%) 6837 us (99%).
I1126 15:29:11.677213 1006753 AriaExecutor.h:705] Worker 1 latency: 6032 us (50%) 6458 us (75%) 6725 us (95%) 6833 us (99%).
I1126 15:29:11.741015 1006753 AriaExecutor.h:705] Worker 2 latency: 6047 us (50%) 6462 us (75%) 6724 us (95%) 6831 us (99%).
I1126 15:29:11.811633 1006753 AriaExecutor.h:705] Worker 3 latency: 6032 us (50%) 6457 us (75%) 6724 us (95%) 6832 us (99%).
I1126 15:29:11.877496 1006753 AriaExecutor.h:705] Worker 4 latency: 6038 us (50%) 6458 us (75%) 6724 us (95%) 6830 us (99%).
I1126 15:29:11.939649 1006753 AriaExecutor.h:705] Worker 5 latency: 6034 us (50%) 6459 us (75%) 6725 us (95%) 6832 us (99%).
I1126 15:29:12.003976 1006753 AriaExecutor.h:705] Worker 6 latency: 6046 us (50%) 6462 us (75%) 6725 us (95%) 6831 us (99%).
I1126 15:29:12.066120 1006753 AriaExecutor.h:705] Worker 7 latency: 6033 us (50%) 6458 us (75%) 6724 us (95%) 6833 us (99%).
I1126 15:29:12.128347 1006753 AriaExecutor.h:705] Worker 8 latency: 6039 us (50%) 6459 us (75%) 6724 us (95%) 6831 us (99%).
I1126 15:29:12.199726 1006753 AriaExecutor.h:705] Worker 9 latency: 6036 us (50%) 6460 us (75%) 6725 us (95%) 6830 us (99%).
I1126 15:29:12.264576 1006753 AriaExecutor.h:705] Worker 10 latency: 6047 us (50%) 6463 us (75%) 6726 us (95%) 6834 us (99%).
I1126 15:29:12.337402 1006753 AriaExecutor.h:705] Worker 11 latency: 6037 us (50%) 6461 us (75%) 6726 us (95%) 6831 us (99%).
I1126 15:29:12.401229 1006753 Coordinator.h:177] total commit: 760662
I1126 15:29:13.401357 1006753 Coordinator.h:192] Coordinator exits.
