I0912 00:06:41.066009 2954210 Database.h:65] ycsb initialization finished in 177 milliseconds.
I0912 00:06:41.066123 2954210 Coordinator.h:30] Coordinator initializes 16 workers.
I0912 00:06:41.081504 2954210 Coordinator.h:77] Coordinator starts to run 17 workers.
I0912 00:06:41.081578 2954230 AriaExecutor.h:82] AriaExecutor 0 started. 
I0912 00:06:41.081612 2954231 AriaExecutor.h:82] AriaExecutor 1 started. 
I0912 00:06:41.081657 2954232 AriaExecutor.h:82] AriaExecutor 2 started. 
I0912 00:06:41.081710 2954233 AriaExecutor.h:82] AriaExecutor 3 started. 
I0912 00:06:41.081736 2954234 AriaExecutor.h:82] AriaExecutor 4 started. 
I0912 00:06:41.081773 2954235 AriaExecutor.h:82] AriaExecutor 5 started. 
I0912 00:06:41.081812 2954236 AriaExecutor.h:82] AriaExecutor 6 started. 
I0912 00:06:41.081866 2954237 AriaExecutor.h:82] AriaExecutor 7 started. 
I0912 00:06:41.081898 2954238 AriaExecutor.h:82] AriaExecutor 8 started. 
I0912 00:06:41.081936 2954239 AriaExecutor.h:82] AriaExecutor 9 started. 
I0912 00:06:41.081990 2954240 AriaExecutor.h:82] AriaExecutor 10 started. 
I0912 00:06:41.082027 2954241 AriaExecutor.h:82] AriaExecutor 11 started. 
I0912 00:06:41.082064 2954242 AriaExecutor.h:82] AriaExecutor 12 started. 
I0912 00:06:41.082114 2954243 AriaExecutor.h:82] AriaExecutor 13 started. 
I0912 00:06:41.082147 2954244 AriaExecutor.h:82] AriaExecutor 14 started. 
I0912 00:06:41.082185 2954245 AriaExecutor.h:82] AriaExecutor 15 started. 
I0912 00:06:41.082222 2954246 Manager.h:224] Manager(worker id = 16) on the coordinator node started.
I0912 00:06:42.082273 2954210 Coordinator.h:126] commit: 691223 abort: 437225 (0/437225/0), network size: 0, avg network size: 0, si_in_serializable: 0 0 %, local: 0 %
I0912 00:06:43.082361 2954210 Coordinator.h:126] commit: 685603 abort: 432605 (0/432605/0), network size: 0, avg network size: 0, si_in_serializable: 0 0 %, local: 0 %
I0912 00:06:44.082428 2954210 Coordinator.h:126] commit: 666193 abort: 421295 (0/421295/0), network size: 0, avg network size: 0, si_in_serializable: 0 0 %, local: 0 %
I0912 00:06:45.082489 2954210 Coordinator.h:126] commit: 668175 abort: 421361 (0/421361/0), network size: 0, avg network size: 0, si_in_serializable: 0 0 %, local: 0 %
I0912 00:06:46.082592 2954210 Coordinator.h:126] commit: 690634 abort: 435766 (0/435766/0), network size: 0, avg network size: 0, si_in_serializable: 0 0 %, local: 0 %
I0912 00:06:47.082656 2954210 Coordinator.h:126] commit: 695933 abort: 438659 (0/438659/0), network size: 0, avg network size: 0, si_in_serializable: 0 0 %, local: 0 %
I0912 00:06:48.082720 2954210 Coordinator.h:126] commit: 678470 abort: 429498 (0/429498/0), network size: 0, avg network size: 0, si_in_serializable: 0 0 %, local: 0 %
I0912 00:06:49.082794 2954210 Coordinator.h:126] commit: 697356 abort: 439284 (0/439284/0), network size: 0, avg network size: 0, si_in_serializable: 0 0 %, local: 0 %
I0912 00:06:50.082854 2954210 Coordinator.h:126] commit: 694787 abort: 437757 (0/437757/0), network size: 0, avg network size: 0, si_in_serializable: 0 0 %, local: 0 %
I0912 00:06:51.082926 2954210 Coordinator.h:126] commit: 682291 abort: 431821 (0/431821/0), network size: 0, avg network size: 0, si_in_serializable: 0 0 %, local: 0 %
I0912 00:06:52.082996 2954210 Coordinator.h:126] commit: 698272 abort: 440416 (0/440416/0), network size: 0, avg network size: 0, si_in_serializable: 0 0 %, local: 0 %
I0912 00:06:53.083055 2954210 Coordinator.h:126] commit: 675527 abort: 426297 (0/426297/0), network size: 0, avg network size: 0, si_in_serializable: 0 0 %, local: 0 %
I0912 00:06:54.083115 2954210 Coordinator.h:126] commit: 664852 abort: 418540 (0/418540/0), network size: 0, avg network size: 0, si_in_serializable: 0 0 %, local: 0 %
I0912 00:06:55.083173 2954210 Coordinator.h:126] commit: 686705 abort: 435599 (0/435599/0), network size: 0, avg network size: 0, si_in_serializable: 0 0 %, local: 0 %
I0912 00:06:56.083246 2954210 Coordinator.h:126] commit: 691481 abort: 439015 (0/439015/0), network size: 0, avg network size: 0, si_in_serializable: 0 0 %, local: 0 %
I0912 00:06:57.083326 2954210 Coordinator.h:126] commit: 696524 abort: 438068 (0/438068/0), network size: 0, avg network size: 0, si_in_serializable: 0 0 %, local: 0 %
I0912 00:06:58.083391 2954210 Coordinator.h:126] commit: 696570 abort: 440070 (0/440070/0), network size: 0, avg network size: 0, si_in_serializable: 0 0 %, local: 0 %
I0912 00:06:59.083460 2954210 Coordinator.h:126] commit: 696174 abort: 440466 (0/440466/0), network size: 0, avg network size: 0, si_in_serializable: 0 0 %, local: 0 %
I0912 00:07:00.083521 2954210 Coordinator.h:126] commit: 694391 abort: 438153 (0/438153/0), network size: 0, avg network size: 0, si_in_serializable: 0 0 %, local: 0 %
I0912 00:07:01.083591 2954210 Coordinator.h:126] commit: 696365 abort: 440275 (0/440275/0), network size: 0, avg network size: 0, si_in_serializable: 0 0 %, local: 0 %
I0912 00:07:02.083652 2954210 Coordinator.h:126] commit: 696363 abort: 438606 (0/438606/0), network size: 0, avg network size: 0, si_in_serializable: 0 0 %, local: 0 %
I0912 00:07:03.083714 2954210 Coordinator.h:126] commit: 698389 abort: 439922 (0/439922/0), network size: 0, avg network size: 0, si_in_serializable: 0 0 %, local: 0 %
I0912 00:07:04.083781 2954210 Coordinator.h:126] commit: 697205 abort: 439435 (0/439435/0), network size: 0, avg network size: 0, si_in_serializable: 0 0 %, local: 0 %
I0912 00:07:05.083842 2954210 Coordinator.h:126] commit: 695354 abort: 439238 (0/439238/0), network size: 0, avg network size: 0, si_in_serializable: 0 0 %, local: 0 %
I0912 00:07:06.083912 2954210 Coordinator.h:126] commit: 621143 abort: 392617 (0/392617/0), network size: 0, avg network size: 0, si_in_serializable: 0 0 %, local: 0 %
I0912 00:07:06.083922 2954210 Coordinator.h:152] average commit: 689686 abort: 435690 (0/435690/0), network size: 0, avg network size: 0, si_in_serializable: 0 0 %, local: 0 %
I0912 00:07:06.085678 2954240 AriaExecutor.h:94] AriaExecutor 10 exits. 
I0912 00:07:06.085680 2954246 Manager.h:227] Manager(worker id = 16) on the coordinator node exits.
I0912 00:07:06.085686 2954236 AriaExecutor.h:94] AriaExecutor 6 exits. 
I0912 00:07:06.085683 2954244 AriaExecutor.h:94] AriaExecutor 14 exits. 
I0912 00:07:06.085680 2954232 AriaExecutor.h:94] AriaExecutor 2 exits. 
I0912 00:07:06.085683 2954238 AriaExecutor.h:94] AriaExecutor 8 exits. 
I0912 00:07:06.085697 2954239 AriaExecutor.h:94] AriaExecutor 9 exits. 
I0912 00:07:06.085696 2954245 AriaExecutor.h:94] AriaExecutor 15 exits. 
I0912 00:07:06.085698 2954243 AriaExecutor.h:94] AriaExecutor 13 exits. 
I0912 00:07:06.085686 2954234 AriaExecutor.h:94] AriaExecutor 4 exits. 
I0912 00:07:06.085696 2954237 AriaExecutor.h:94] AriaExecutor 7 exits. 
I0912 00:07:06.085698 2954233 AriaExecutor.h:94] AriaExecutor 3 exits. 
I0912 00:07:06.085698 2954235 AriaExecutor.h:94] AriaExecutor 5 exits. 
I0912 00:07:06.085687 2954242 AriaExecutor.h:94] AriaExecutor 12 exits. 
I0912 00:07:06.085700 2954231 AriaExecutor.h:94] AriaExecutor 1 exits. 
I0912 00:07:06.085680 2954230 AriaExecutor.h:94] AriaExecutor 0 exits. 
I0912 00:07:06.085695 2954241 AriaExecutor.h:94] AriaExecutor 11 exits. 
I0912 00:07:06.083931 2954210 AriaExecutor.h:641] Worker 0 latency: 1243 us (50%) 1522 us (75%) 1702 us (95%) 1753 us (99%).
I0912 00:07:06.128949 2954210 AriaExecutor.h:641] Worker 1 latency: 1240 us (50%) 1521 us (75%) 1701 us (95%) 1752 us (99%).
I0912 00:07:06.174151 2954210 AriaExecutor.h:641] Worker 2 latency: 1247 us (50%) 1523 us (75%) 1702 us (95%) 1752 us (99%).
I0912 00:07:06.218550 2954210 AriaExecutor.h:641] Worker 3 latency: 1240 us (50%) 1520 us (75%) 1700 us (95%) 1751 us (99%).
I0912 00:07:06.262409 2954210 AriaExecutor.h:641] Worker 4 latency: 1244 us (50%) 1523 us (75%) 1702 us (95%) 1753 us (99%).
I0912 00:07:06.308298 2954210 AriaExecutor.h:641] Worker 5 latency: 1239 us (50%) 1519 us (75%) 1700 us (95%) 1750 us (99%).
I0912 00:07:06.353088 2954210 AriaExecutor.h:641] Worker 6 latency: 1246 us (50%) 1523 us (75%) 1702 us (95%) 1752 us (99%).
I0912 00:07:06.397691 2954210 AriaExecutor.h:641] Worker 7 latency: 1239 us (50%) 1520 us (75%) 1700 us (95%) 1751 us (99%).
I0912 00:07:06.443629 2954210 AriaExecutor.h:641] Worker 8 latency: 1241 us (50%) 1521 us (75%) 1701 us (95%) 1752 us (99%).
I0912 00:07:06.487847 2954210 AriaExecutor.h:641] Worker 9 latency: 1238 us (50%) 1518 us (75%) 1700 us (95%) 1749 us (99%).
I0912 00:07:06.532370 2954210 AriaExecutor.h:641] Worker 10 latency: 1244 us (50%) 1521 us (75%) 1701 us (95%) 1753 us (99%).
I0912 00:07:06.577152 2954210 AriaExecutor.h:641] Worker 11 latency: 1239 us (50%) 1518 us (75%) 1700 us (95%) 1751 us (99%).
I0912 00:07:06.623020 2954210 AriaExecutor.h:641] Worker 12 latency: 1242 us (50%) 1521 us (75%) 1701 us (95%) 1752 us (99%).
I0912 00:07:06.666564 2954210 AriaExecutor.h:641] Worker 13 latency: 1238 us (50%) 1518 us (75%) 1700 us (95%) 1751 us (99%).
I0912 00:07:06.711082 2954210 AriaExecutor.h:641] Worker 14 latency: 1245 us (50%) 1522 us (75%) 1701 us (95%) 1752 us (99%).
I0912 00:07:06.755146 2954210 AriaExecutor.h:641] Worker 15 latency: 1239 us (50%) 1518 us (75%) 1700 us (95%) 1752 us (99%).
I0912 00:07:06.799655 2954210 Coordinator.h:177] total commit: 689686
I0912 00:07:07.799778 2954210 Coordinator.h:192] Coordinator exits.
