I0911 23:46:40.541355 2950394 Database.h:65] ycsb initialization finished in 146 milliseconds.
I0911 23:46:40.541477 2950394 Coordinator.h:30] Coordinator initializes 16 workers.
I0911 23:46:40.557844 2950394 Coordinator.h:77] Coordinator starts to run 17 workers.
I0911 23:46:40.557895 2950414 AriaExecutor.h:82] AriaExecutor 0 started. 
I0911 23:46:40.557929 2950415 AriaExecutor.h:82] AriaExecutor 1 started. 
I0911 23:46:40.557969 2950416 AriaExecutor.h:82] AriaExecutor 2 started. 
I0911 23:46:40.558028 2950417 AriaExecutor.h:82] AriaExecutor 3 started. 
I0911 23:46:40.558048 2950418 AriaExecutor.h:82] AriaExecutor 4 started. 
I0911 23:46:40.558094 2950419 AriaExecutor.h:82] AriaExecutor 5 started. 
I0911 23:46:40.558133 2950420 AriaExecutor.h:82] AriaExecutor 6 started. 
I0911 23:46:40.558172 2950421 AriaExecutor.h:82] AriaExecutor 7 started. 
I0911 23:46:40.558207 2950422 AriaExecutor.h:82] AriaExecutor 8 started. 
I0911 23:46:40.558251 2950423 AriaExecutor.h:82] AriaExecutor 9 started. 
I0911 23:46:40.558281 2950424 AriaExecutor.h:82] AriaExecutor 10 started. 
I0911 23:46:40.558334 2950425 AriaExecutor.h:82] AriaExecutor 11 started. 
I0911 23:46:40.558372 2950426 AriaExecutor.h:82] AriaExecutor 12 started. 
I0911 23:46:40.558411 2950427 AriaExecutor.h:82] AriaExecutor 13 started. 
I0911 23:46:40.558444 2950428 AriaExecutor.h:82] AriaExecutor 14 started. 
I0911 23:46:40.558488 2950429 AriaExecutor.h:82] AriaExecutor 15 started. 
I0911 23:46:40.558523 2950430 Manager.h:224] Manager(worker id = 16) on the coordinator node started.
I0911 23:46:41.558583 2950394 Coordinator.h:126] commit: 35861 abort: 146411 (0/146411/0), network size: 0, avg network size: 0, si_in_serializable: 0 0 %, local: 0 %
I0911 23:46:42.558698 2950394 Coordinator.h:126] commit: 36116 abort: 148204 (0/148204/0), network size: 0, avg network size: 0, si_in_serializable: 0 0 %, local: 0 %
I0911 23:46:43.558779 2950394 Coordinator.h:126] commit: 35085 abort: 143091 (0/143091/0), network size: 0, avg network size: 0, si_in_serializable: 0 0 %, local: 0 %
I0911 23:46:44.558858 2950394 Coordinator.h:126] commit: 35691 abort: 146581 (0/146581/0), network size: 0, avg network size: 0, si_in_serializable: 0 0 %, local: 0 %
I0911 23:46:45.558974 2950394 Coordinator.h:126] commit: 37152 abort: 151264 (0/151264/0), network size: 0, avg network size: 0, si_in_serializable: 0 0 %, local: 0 %
I0911 23:46:46.559067 2950394 Coordinator.h:126] commit: 37274 abort: 153190 (0/153190/0), network size: 0, avg network size: 0, si_in_serializable: 0 0 %, local: 0 %
I0911 23:46:47.559149 2950394 Coordinator.h:126] commit: 37158 abort: 151258 (0/151258/0), network size: 0, avg network size: 0, si_in_serializable: 0 0 %, local: 0 %
I0911 23:46:48.559227 2950394 Coordinator.h:126] commit: 37477 abort: 152987 (0/152987/0), network size: 0, avg network size: 0, si_in_serializable: 0 0 %, local: 0 %
I0911 23:46:49.559309 2950394 Coordinator.h:126] commit: 37382 abort: 153082 (0/153082/0), network size: 0, avg network size: 0, si_in_serializable: 0 0 %, local: 0 %
I0911 23:46:50.559387 2950394 Coordinator.h:126] commit: 36242 abort: 148078 (0/148078/0), network size: 0, avg network size: 0, si_in_serializable: 0 0 %, local: 0 %
I0911 23:46:51.559470 2950394 Coordinator.h:126] commit: 36771 abort: 149597 (0/149597/0), network size: 0, avg network size: 0, si_in_serializable: 0 0 %, local: 0 %
I0911 23:46:52.559580 2950394 Coordinator.h:126] commit: 37163 abort: 151253 (0/151253/0), network size: 0, avg network size: 0, si_in_serializable: 0 0 %, local: 0 %
I0911 23:46:53.559674 2950394 Coordinator.h:126] commit: 38058 abort: 154454 (0/154454/0), network size: 0, avg network size: 0, si_in_serializable: 0 0 %, local: 0 %
I0911 23:46:54.559754 2950394 Coordinator.h:126] commit: 37251 abort: 151165 (0/151165/0), network size: 0, avg network size: 0, si_in_serializable: 0 0 %, local: 0 %
I0911 23:46:55.559831 2950394 Coordinator.h:126] commit: 37732 abort: 154780 (0/154780/0), network size: 0, avg network size: 0, si_in_serializable: 0 0 %, local: 0 %
I0911 23:46:56.559914 2950394 Coordinator.h:126] commit: 36715 abort: 149653 (0/149653/0), network size: 0, avg network size: 0, si_in_serializable: 0 0 %, local: 0 %
I0911 23:46:57.559994 2950394 Coordinator.h:126] commit: 37704 abort: 152760 (0/152760/0), network size: 0, avg network size: 0, si_in_serializable: 0 0 %, local: 0 %
I0911 23:46:58.560073 2950394 Coordinator.h:126] commit: 37812 abort: 154700 (0/154700/0), network size: 0, avg network size: 0, si_in_serializable: 0 0 %, local: 0 %
I0911 23:46:59.560153 2950394 Coordinator.h:126] commit: 36843 abort: 149525 (0/149525/0), network size: 0, avg network size: 0, si_in_serializable: 0 0 %, local: 0 %
I0911 23:47:00.560245 2950394 Coordinator.h:126] commit: 37766 abort: 152698 (0/152698/0), network size: 0, avg network size: 0, si_in_serializable: 0 0 %, local: 0 %
I0911 23:47:01.560325 2950394 Coordinator.h:126] commit: 37789 abort: 154723 (0/154723/0), network size: 0, avg network size: 0, si_in_serializable: 0 0 %, local: 0 %
I0911 23:47:02.560402 2950394 Coordinator.h:126] commit: 37435 abort: 153029 (0/153029/0), network size: 0, avg network size: 0, si_in_serializable: 0 0 %, local: 0 %
I0911 23:47:03.560479 2950394 Coordinator.h:126] commit: 37108 abort: 153356 (0/153356/0), network size: 0, avg network size: 0, si_in_serializable: 0 0 %, local: 0 %
I0911 23:47:04.560554 2950394 Coordinator.h:126] commit: 37443 abort: 153060 (0/153060/0), network size: 0, avg network size: 0, si_in_serializable: 0 0 %, local: 0 %
I0911 23:47:05.560632 2950394 Coordinator.h:126] commit: 37806 abort: 154667 (0/154667/0), network size: 0, avg network size: 0, si_in_serializable: 0 0 %, local: 0 %
I0911 23:47:05.560644 2950394 Coordinator.h:152] average commit: 37381.5 abort: 152058 (0/152058/0), network size: 0, avg network size: 0, si_in_serializable: 0 0 %, local: 0 %
I0911 23:47:05.560654 2950394 AriaExecutor.h:641] Worker 0 latency: 9855 us (50%) 10236 us (75%) 10474 us (95%) 10893 us (99%).
I0911 23:47:05.569273 2950430 Manager.h:227] Manager(worker id = 16) on the coordinator node exits.
I0911 23:47:05.569275 2950422 AriaExecutor.h:94] AriaExecutor 8 exits. 
I0911 23:47:05.569280 2950424 AriaExecutor.h:94] AriaExecutor 10 exits. 
I0911 23:47:05.569293 2950427 AriaExecutor.h:94] AriaExecutor 13 exits. 
I0911 23:47:05.569280 2950428 AriaExecutor.h:94] AriaExecutor 14 exits. 
I0911 23:47:05.569278 2950416 AriaExecutor.h:94] AriaExecutor 2 exits. 
I0911 23:47:05.569278 2950414 AriaExecutor.h:94] AriaExecutor 0 exits. 
I0911 23:47:05.569291 2950429 AriaExecutor.h:94] AriaExecutor 15 exits. 
I0911 23:47:05.569293 2950417 AriaExecutor.h:94] AriaExecutor 3 exits. 
I0911 23:47:05.569285 2950418 AriaExecutor.h:94] AriaExecutor 4 exits. 
I0911 23:47:05.569294 2950415 AriaExecutor.h:94] AriaExecutor 1 exits. 
I0911 23:47:05.569290 2950419 AriaExecutor.h:94] AriaExecutor 5 exits. 
I0911 23:47:05.569281 2950426 AriaExecutor.h:94] AriaExecutor 12 exits. 
I0911 23:47:05.569274 2950420 AriaExecutor.h:94] AriaExecutor 6 exits. 
I0911 23:47:05.569293 2950421 AriaExecutor.h:94] AriaExecutor 7 exits. 
I0911 23:47:05.569293 2950423 AriaExecutor.h:94] AriaExecutor 9 exits. 
I0911 23:47:05.569291 2950425 AriaExecutor.h:94] AriaExecutor 11 exits. 
I0911 23:47:05.569640 2950394 AriaExecutor.h:641] Worker 1 latency: 9861 us (50%) 10235 us (75%) 10473 us (95%) 10864 us (99%).
I0911 23:47:05.572753 2950394 AriaExecutor.h:641] Worker 2 latency: 9869 us (50%) 10240 us (75%) 10471 us (95%) 10849 us (99%).
I0911 23:47:05.575780 2950394 AriaExecutor.h:641] Worker 3 latency: 9859 us (50%) 10236 us (75%) 10471 us (95%) 10855 us (99%).
I0911 23:47:05.578807 2950394 AriaExecutor.h:641] Worker 4 latency: 9852 us (50%) 10235 us (75%) 10471 us (95%) 10859 us (99%).
I0911 23:47:05.581813 2950394 AriaExecutor.h:641] Worker 5 latency: 9845 us (50%) 10231 us (75%) 10469 us (95%) 10849 us (99%).
I0911 23:47:05.584878 2950394 AriaExecutor.h:641] Worker 6 latency: 9864 us (50%) 10239 us (75%) 10476 us (95%) 10873 us (99%).
I0911 23:47:05.587946 2950394 AriaExecutor.h:641] Worker 7 latency: 9856 us (50%) 10236 us (75%) 10472 us (95%) 10863 us (99%).
I0911 23:47:05.590955 2950394 AriaExecutor.h:641] Worker 8 latency: 9850 us (50%) 10233 us (75%) 10472 us (95%) 10868 us (99%).
I0911 23:47:05.593971 2950394 AriaExecutor.h:641] Worker 9 latency: 9855 us (50%) 10236 us (75%) 10472 us (95%) 10858 us (99%).
I0911 23:47:05.597004 2950394 AriaExecutor.h:641] Worker 10 latency: 9851 us (50%) 10235 us (75%) 10474 us (95%) 10879 us (99%).
I0911 23:47:05.599993 2950394 AriaExecutor.h:641] Worker 11 latency: 9856 us (50%) 10234 us (75%) 10470 us (95%) 10848 us (99%).
I0911 23:47:05.602963 2950394 AriaExecutor.h:641] Worker 12 latency: 9856 us (50%) 10233 us (75%) 10471 us (95%) 10846 us (99%).
I0911 23:47:05.605978 2950394 AriaExecutor.h:641] Worker 13 latency: 9847 us (50%) 10231 us (75%) 10469 us (95%) 10860 us (99%).
I0911 23:47:05.608992 2950394 AriaExecutor.h:641] Worker 14 latency: 9859 us (50%) 10237 us (75%) 10474 us (95%) 10860 us (99%).
I0911 23:47:05.611932 2950394 AriaExecutor.h:641] Worker 15 latency: 9858 us (50%) 10232 us (75%) 10470 us (95%) 10850 us (99%).
I0911 23:47:05.614924 2950394 Coordinator.h:177] total commit: 37381.5
I0911 23:47:06.615034 2950394 Coordinator.h:192] Coordinator exits.
