I1126 15:14:34.800416 997548 Database.h:65] ycsb initialization finished in 30 milliseconds.
I1126 15:14:34.800515 997548 Coordinator.h:30] Coordinator initializes 12 workers.
I1126 15:14:34.801431 997548 Coordinator.h:77] Coordinator starts to run 13 workers.
I1126 15:14:34.801488 997564 AriaExecutor.h:95] AriaExecutor 0 started. 
I1126 15:14:34.801529 997565 AriaExecutor.h:95] AriaExecutor 1 started. 
I1126 15:14:34.801574 997566 AriaExecutor.h:95] AriaExecutor 2 started. 
I1126 15:14:34.801626 997567 AriaExecutor.h:95] AriaExecutor 3 started. 
I1126 15:14:34.801710 997569 AriaExecutor.h:95] AriaExecutor 5 started. 
I1126 15:14:34.801750 997570 AriaExecutor.h:95] AriaExecutor 6 started. 
I1126 15:14:34.801787 997571 AriaExecutor.h:95] AriaExecutor 7 started. 
I1126 15:14:34.801822 997572 AriaExecutor.h:95] AriaExecutor 8 started. 
I1126 15:14:34.801870 997573 AriaExecutor.h:95] AriaExecutor 9 started. 
I1126 15:14:34.801903 997574 AriaExecutor.h:95] AriaExecutor 10 started. 
I1126 15:14:34.801950 997575 AriaExecutor.h:95] AriaExecutor 11 started. 
I1126 15:14:34.801988 997568 AriaExecutor.h:95] AriaExecutor 4 started. 
I1126 15:14:34.801990 997576 Manager.h:224] Manager(worker id = 12) on the coordinator node started.
I1126 15:14:35.802053 997548 Coordinator.h:126] commit: 1232011 abort: 33989 (0/33989/0), network size: 0, avg network size: 0, si_in_serializable: 0 0 %, local: 0 %
I1126 15:14:36.802167 997548 Coordinator.h:126] commit: 1214688 abort: 33235 (0/33235/0), network size: 0, avg network size: 0, si_in_serializable: 0 0 %, local: 0 %
I1126 15:14:37.802282 997548 Coordinator.h:126] commit: 1233256 abort: 33821 (0/33821/0), network size: 0, avg network size: 0, si_in_serializable: 0 0 %, local: 0 %
I1126 15:14:38.802381 997548 Coordinator.h:126] commit: 1242251 abort: 33749 (0/33749/0), network size: 0, avg network size: 0, si_in_serializable: 0 0 %, local: 0 %
I1126 15:14:39.802470 997548 Coordinator.h:126] commit: 1245017 abort: 33803 (0/33803/0), network size: 0, avg network size: 0, si_in_serializable: 0 0 %, local: 0 %
I1126 15:14:40.802569 997548 Coordinator.h:126] commit: 1210929 abort: 33251 (0/33251/0), network size: 0, avg network size: 0, si_in_serializable: 0 0 %, local: 0 %
I1126 15:14:41.802691 997548 Coordinator.h:126] commit: 1225157 abort: 33571 (0/33571/0), network size: 0, avg network size: 0, si_in_serializable: 0 0 %, local: 0 %
I1126 15:14:42.802793 997548 Coordinator.h:126] commit: 1239293 abort: 33978 (0/33978/0), network size: 0, avg network size: 0, si_in_serializable: 0 0 %, local: 0 %
I1126 15:14:43.802894 997548 Coordinator.h:126] commit: 1241534 abort: 33466 (0/33466/0), network size: 0, avg network size: 0, si_in_serializable: 0 0 %, local: 0 %
I1126 15:14:44.802989 997548 Coordinator.h:126] commit: 1240283 abort: 33717 (0/33717/0), network size: 0, avg network size: 0, si_in_serializable: 0 0 %, local: 0 %
I1126 15:14:45.803090 997548 Coordinator.h:126] commit: 1177686 abort: 32314 (0/32314/0), network size: 0, avg network size: 0, si_in_serializable: 0 0 %, local: 0 %
I1126 15:14:46.803190 997548 Coordinator.h:126] commit: 1239036 abort: 33964 (0/33964/0), network size: 0, avg network size: 0, si_in_serializable: 0 0 %, local: 0 %
I1126 15:14:47.803282 997548 Coordinator.h:126] commit: 1243380 abort: 33620 (0/33620/0), network size: 0, avg network size: 0, si_in_serializable: 0 0 %, local: 0 %
I1126 15:14:48.803373 997548 Coordinator.h:126] commit: 1224786 abort: 33214 (0/33214/0), network size: 0, avg network size: 0, si_in_serializable: 0 0 %, local: 0 %
I1126 15:14:49.803481 997548 Coordinator.h:126] commit: 1238802 abort: 34198 (0/34198/0), network size: 0, avg network size: 0, si_in_serializable: 0 0 %, local: 0 %
I1126 15:14:50.803582 997548 Coordinator.h:126] commit: 1239118 abort: 33882 (0/33882/0), network size: 0, avg network size: 0, si_in_serializable: 0 0 %, local: 0 %
I1126 15:14:51.803682 997548 Coordinator.h:126] commit: 1242044 abort: 33956 (0/33956/0), network size: 0, avg network size: 0, si_in_serializable: 0 0 %, local: 0 %
I1126 15:14:52.803773 997548 Coordinator.h:126] commit: 1240148 abort: 33852 (0/33852/0), network size: 0, avg network size: 0, si_in_serializable: 0 0 %, local: 0 %
I1126 15:14:53.803855 997548 Coordinator.h:126] commit: 1242278 abort: 33722 (0/33722/0), network size: 0, avg network size: 0, si_in_serializable: 0 0 %, local: 0 %
I1126 15:14:54.803941 997548 Coordinator.h:126] commit: 1241511 abort: 33489 (0/33489/0), network size: 0, avg network size: 0, si_in_serializable: 0 0 %, local: 0 %
I1126 15:14:55.804029 997548 Coordinator.h:126] commit: 1084462 abort: 29538 (0/29538/0), network size: 0, avg network size: 0, si_in_serializable: 0 0 %, local: 0 %
I1126 15:14:56.804132 997548 Coordinator.h:126] commit: 1242152 abort: 33848 (0/33848/0), network size: 0, avg network size: 0, si_in_serializable: 0 0 %, local: 0 %
I1126 15:14:57.804227 997548 Coordinator.h:126] commit: 1239847 abort: 34153 (0/34153/0), network size: 0, avg network size: 0, si_in_serializable: 0 0 %, local: 0 %
I1126 15:14:58.804325 997548 Coordinator.h:126] commit: 1243157 abort: 33843 (0/33843/0), network size: 0, avg network size: 0, si_in_serializable: 0 0 %, local: 0 %
I1126 15:14:59.804420 997548 Coordinator.h:126] commit: 1239217 abort: 33783 (0/33783/0), network size: 0, avg network size: 0, si_in_serializable: 0 0 %, local: 0 %
I1126 15:14:59.804456 997548 Coordinator.h:152] average commit: 1.23288e+06 abort: 33621.1 (0/33621.1/0), network size: 0, avg network size: 0, si_in_serializable: 0 0 %, local: 0 %
I1126 15:14:59.805176 997576 Manager.h:227] Manager(worker id = 12) on the coordinator node exits.
I1126 15:14:59.805178 997572 AriaExecutor.h:107] AriaExecutor 8 exits. 
I1126 15:14:59.805183 997564 AriaExecutor.h:107] AriaExecutor 0 exits. 
I1126 15:14:59.805181 997566 AriaExecutor.h:107] AriaExecutor 2 exits. 
I1126 15:14:59.805194 997567 AriaExecutor.h:107] AriaExecutor 3 exits. 
I1126 15:14:59.805183 997574 AriaExecutor.h:107] AriaExecutor 10 exits. 
I1126 15:14:59.805182 997568 AriaExecutor.h:107] AriaExecutor 4 exits. 
I1126 15:14:59.805178 997570 AriaExecutor.h:107] AriaExecutor 6 exits. 
I1126 15:14:59.805194 997575 AriaExecutor.h:107] AriaExecutor 11 exits. 
I1126 15:14:59.805194 997565 AriaExecutor.h:107] AriaExecutor 1 exits. 
I1126 15:14:59.805193 997573 AriaExecutor.h:107] AriaExecutor 9 exits. 
I1126 15:14:59.805194 997571 AriaExecutor.h:107] AriaExecutor 7 exits. 
I1126 15:14:59.805194 997569 AriaExecutor.h:107] AriaExecutor 5 exits. 
I1126 15:14:59.804466 997548 AriaExecutor.h:705] Worker 0 latency: 595 us (50%) 649 us (75%) 694 us (95%) 711 us (99%).
I1126 15:14:59.894819 997548 AriaExecutor.h:705] Worker 1 latency: 593 us (50%) 647 us (75%) 693 us (95%) 710 us (99%).
I1126 15:14:59.985831 997548 AriaExecutor.h:705] Worker 2 latency: 595 us (50%) 648 us (75%) 694 us (95%) 711 us (99%).
I1126 15:15:00.074559 997548 AriaExecutor.h:705] Worker 3 latency: 594 us (50%) 648 us (75%) 693 us (95%) 710 us (99%).
I1126 15:15:00.166354 997548 AriaExecutor.h:705] Worker 4 latency: 597 us (50%) 649 us (75%) 694 us (95%) 711 us (99%).
I1126 15:15:00.255800 997548 AriaExecutor.h:705] Worker 5 latency: 594 us (50%) 647 us (75%) 693 us (95%) 709 us (99%).
I1126 15:15:00.344365 997548 AriaExecutor.h:705] Worker 6 latency: 600 us (50%) 650 us (75%) 694 us (95%) 710 us (99%).
I1126 15:15:00.434720 997548 AriaExecutor.h:705] Worker 7 latency: 596 us (50%) 647 us (75%) 692 us (95%) 709 us (99%).
I1126 15:15:00.522948 997548 AriaExecutor.h:705] Worker 8 latency: 599 us (50%) 650 us (75%) 694 us (95%) 711 us (99%).
I1126 15:15:00.611631 997548 AriaExecutor.h:705] Worker 9 latency: 597 us (50%) 648 us (75%) 693 us (95%) 710 us (99%).
I1126 15:15:00.701162 997548 AriaExecutor.h:705] Worker 10 latency: 601 us (50%) 651 us (75%) 695 us (95%) 711 us (99%).
I1126 15:15:00.787868 997548 AriaExecutor.h:705] Worker 11 latency: 597 us (50%) 649 us (75%) 693 us (95%) 710 us (99%).
I1126 15:15:00.877768 997548 Coordinator.h:177] total commit: 1.23288e+06
I1126 15:15:01.877880 997548 Coordinator.h:192] Coordinator exits.
