I1126 15:18:41.979785 1000164 Database.h:65] ycsb initialization finished in 30 milliseconds.
I1126 15:18:41.979884 1000164 Coordinator.h:30] Coordinator initializes 12 workers.
I1126 15:18:41.986671 1000164 Coordinator.h:77] Coordinator starts to run 13 workers.
I1126 15:18:41.986733 1000180 AriaExecutor.h:95] AriaExecutor 0 started. 
I1126 15:18:41.986778 1000181 AriaExecutor.h:95] AriaExecutor 1 started. 
I1126 15:18:41.986825 1000182 AriaExecutor.h:95] AriaExecutor 2 started. 
I1126 15:18:41.986871 1000183 AriaExecutor.h:95] AriaExecutor 3 started. 
I1126 15:18:41.986948 1000185 AriaExecutor.h:95] AriaExecutor 5 started. 
I1126 15:18:41.986989 1000186 AriaExecutor.h:95] AriaExecutor 6 started. 
I1126 15:18:41.987026 1000187 AriaExecutor.h:95] AriaExecutor 7 started. 
I1126 15:18:41.987064 1000188 AriaExecutor.h:95] AriaExecutor 8 started. 
I1126 15:18:41.987109 1000189 AriaExecutor.h:95] AriaExecutor 9 started. 
I1126 15:18:41.987141 1000190 AriaExecutor.h:95] AriaExecutor 10 started. 
I1126 15:18:41.987190 1000191 AriaExecutor.h:95] AriaExecutor 11 started. 
I1126 15:18:41.987221 1000184 AriaExecutor.h:95] AriaExecutor 4 started. 
I1126 15:18:41.987223 1000192 Manager.h:224] Manager(worker id = 12) on the coordinator node started.
I1126 15:18:42.987287 1000164 Coordinator.h:126] commit: 954818 abort: 335182 (0/335182/0), network size: 0, avg network size: 0, si_in_serializable: 0 0 %, local: 0 %
I1126 15:18:43.987413 1000164 Coordinator.h:126] commit: 947159 abort: 332841 (0/332841/0), network size: 0, avg network size: 0, si_in_serializable: 0 0 %, local: 0 %
I1126 15:18:44.987535 1000164 Coordinator.h:126] commit: 962132 abort: 337868 (0/337868/0), network size: 0, avg network size: 0, si_in_serializable: 0 0 %, local: 0 %
I1126 15:18:45.987648 1000164 Coordinator.h:126] commit: 962691 abort: 337309 (0/337309/0), network size: 0, avg network size: 0, si_in_serializable: 0 0 %, local: 0 %
I1126 15:18:46.987754 1000164 Coordinator.h:126] commit: 961992 abort: 338008 (0/338008/0), network size: 0, avg network size: 0, si_in_serializable: 0 0 %, local: 0 %
I1126 15:18:47.987851 1000164 Coordinator.h:126] commit: 953971 abort: 336029 (0/336029/0), network size: 0, avg network size: 0, si_in_serializable: 0 0 %, local: 0 %
I1126 15:18:48.987965 1000164 Coordinator.h:126] commit: 939021 abort: 330979 (0/330979/0), network size: 0, avg network size: 0, si_in_serializable: 0 0 %, local: 0 %
I1126 15:18:49.988066 1000164 Coordinator.h:126] commit: 961744 abort: 338256 (0/338256/0), network size: 0, avg network size: 0, si_in_serializable: 0 0 %, local: 0 %
I1126 15:18:50.988168 1000164 Coordinator.h:126] commit: 962776 abort: 337224 (0/337224/0), network size: 0, avg network size: 0, si_in_serializable: 0 0 %, local: 0 %
I1126 15:18:51.988270 1000164 Coordinator.h:126] commit: 961251 abort: 338749 (0/338749/0), network size: 0, avg network size: 0, si_in_serializable: 0 0 %, local: 0 %
I1126 15:18:52.988368 1000164 Coordinator.h:126] commit: 961901 abort: 338099 (0/338099/0), network size: 0, avg network size: 0, si_in_serializable: 0 0 %, local: 0 %
I1126 15:18:53.988461 1000164 Coordinator.h:126] commit: 962371 abort: 337629 (0/337629/0), network size: 0, avg network size: 0, si_in_serializable: 0 0 %, local: 0 %
I1126 15:18:54.988554 1000164 Coordinator.h:126] commit: 961687 abort: 338313 (0/338313/0), network size: 0, avg network size: 0, si_in_serializable: 0 0 %, local: 0 %
I1126 15:18:55.988654 1000164 Coordinator.h:126] commit: 940162 abort: 329838 (0/329838/0), network size: 0, avg network size: 0, si_in_serializable: 0 0 %, local: 0 %
I1126 15:18:56.988760 1000164 Coordinator.h:126] commit: 962480 abort: 337520 (0/337520/0), network size: 0, avg network size: 0, si_in_serializable: 0 0 %, local: 0 %
I1126 15:18:57.988860 1000164 Coordinator.h:126] commit: 956140 abort: 335913 (0/335913/0), network size: 0, avg network size: 0, si_in_serializable: 0 0 %, local: 0 %
I1126 15:18:58.988952 1000164 Coordinator.h:126] commit: 968646 abort: 339300 (0/339300/0), network size: 0, avg network size: 0, si_in_serializable: 0 0 %, local: 0 %
I1126 15:18:59.989044 1000164 Coordinator.h:126] commit: 962250 abort: 337750 (0/337750/0), network size: 0, avg network size: 0, si_in_serializable: 0 0 %, local: 0 %
I1126 15:19:00.989151 1000164 Coordinator.h:126] commit: 954177 abort: 335823 (0/335823/0), network size: 0, avg network size: 0, si_in_serializable: 0 0 %, local: 0 %
I1126 15:19:01.989272 1000164 Coordinator.h:126] commit: 962438 abort: 337562 (0/337562/0), network size: 0, avg network size: 0, si_in_serializable: 0 0 %, local: 0 %
I1126 15:19:02.989374 1000164 Coordinator.h:126] commit: 961715 abort: 338285 (0/338285/0), network size: 0, avg network size: 0, si_in_serializable: 0 0 %, local: 0 %
I1126 15:19:03.989485 1000164 Coordinator.h:126] commit: 954436 abort: 335564 (0/335564/0), network size: 0, avg network size: 0, si_in_serializable: 0 0 %, local: 0 %
I1126 15:19:04.989607 1000164 Coordinator.h:126] commit: 954138 abort: 335862 (0/335862/0), network size: 0, avg network size: 0, si_in_serializable: 0 0 %, local: 0 %
I1126 15:19:05.989705 1000164 Coordinator.h:126] commit: 954266 abort: 335734 (0/335734/0), network size: 0, avg network size: 0, si_in_serializable: 0 0 %, local: 0 %
I1126 15:19:06.989812 1000164 Coordinator.h:126] commit: 961638 abort: 338362 (0/338362/0), network size: 0, avg network size: 0, si_in_serializable: 0 0 %, local: 0 %
I1126 15:19:06.989845 1000164 Coordinator.h:152] average commit: 959225 abort: 336775 (0/336775/0), network size: 0, avg network size: 0, si_in_serializable: 0 0 %, local: 0 %
I1126 15:19:06.993584 1000186 AriaExecutor.h:107] AriaExecutor 6 exits. 
I1126 15:19:06.993587 1000182 AriaExecutor.h:107] AriaExecutor 2 exits. 
I1126 15:19:06.993593 1000192 Manager.h:227] Manager(worker id = 12) on the coordinator node exits.
I1126 15:19:06.993597 1000187 AriaExecutor.h:107] AriaExecutor 7 exits. 
I1126 15:19:06.993598 1000181 AriaExecutor.h:107] AriaExecutor 1 exits. 
I1126 15:19:06.993599 1000183 AriaExecutor.h:107] AriaExecutor 3 exits. 
I1126 15:19:06.993598 1000185 AriaExecutor.h:107] AriaExecutor 5 exits. 
I1126 15:19:06.993615 1000191 AriaExecutor.h:107] AriaExecutor 11 exits. 
I1126 15:19:06.993587 1000184 AriaExecutor.h:107] AriaExecutor 4 exits. 
I1126 15:19:06.993589 1000180 AriaExecutor.h:107] AriaExecutor 0 exits. 
I1126 15:19:06.993603 1000189 AriaExecutor.h:107] AriaExecutor 9 exits. 
I1126 15:19:06.993587 1000188 AriaExecutor.h:107] AriaExecutor 8 exits. 
I1126 15:19:06.993590 1000190 AriaExecutor.h:107] AriaExecutor 10 exits. 
I1126 15:19:06.989853 1000164 AriaExecutor.h:705] Worker 0 latency: 6020 us (50%) 6461 us (75%) 6773 us (95%) 6880 us (99%).
I1126 15:19:07.067869 1000164 AriaExecutor.h:705] Worker 1 latency: 5997 us (50%) 6451 us (75%) 6770 us (95%) 6875 us (99%).
I1126 15:19:07.152163 1000164 AriaExecutor.h:705] Worker 2 latency: 6026 us (50%) 6461 us (75%) 6771 us (95%) 6875 us (99%).
I1126 15:19:07.229521 1000164 AriaExecutor.h:705] Worker 3 latency: 5999 us (50%) 6453 us (75%) 6772 us (95%) 6877 us (99%).
I1126 15:19:07.314474 1000164 AriaExecutor.h:705] Worker 4 latency: 6019 us (50%) 6459 us (75%) 6773 us (95%) 6877 us (99%).
I1126 15:19:07.391166 1000164 AriaExecutor.h:705] Worker 5 latency: 5997 us (50%) 6452 us (75%) 6771 us (95%) 6877 us (99%).
I1126 15:19:07.474253 1000164 AriaExecutor.h:705] Worker 6 latency: 6031 us (50%) 6466 us (75%) 6775 us (95%) 6879 us (99%).
I1126 15:19:07.551476 1000164 AriaExecutor.h:705] Worker 7 latency: 6001 us (50%) 6456 us (75%) 6774 us (95%) 6880 us (99%).
I1126 15:19:07.635317 1000164 AriaExecutor.h:705] Worker 8 latency: 6019 us (50%) 6459 us (75%) 6772 us (95%) 6878 us (99%).
I1126 15:19:07.711792 1000164 AriaExecutor.h:705] Worker 9 latency: 6004 us (50%) 6456 us (75%) 6773 us (95%) 6878 us (99%).
I1126 15:19:07.793989 1000164 AriaExecutor.h:705] Worker 10 latency: 6028 us (50%) 6464 us (75%) 6773 us (95%) 6877 us (99%).
I1126 15:19:07.870769 1000164 AriaExecutor.h:705] Worker 11 latency: 5997 us (50%) 6452 us (75%) 6771 us (95%) 6878 us (99%).
I1126 15:19:07.956125 1000164 Coordinator.h:177] total commit: 959225
I1126 15:19:08.956238 1000164 Coordinator.h:192] Coordinator exits.
