I1126 18:16:24.846035 1073611 Database.h:65] ycsb initialization finished in 30 milliseconds.
I1126 18:16:24.846134 1073611 Coordinator.h:30] Coordinator initializes 12 workers.
I1126 18:16:24.852964 1073611 Coordinator.h:77] Coordinator starts to run 13 workers.
I1126 18:16:24.853019 1073627 AriaExecutor.h:91] AriaExecutor 0 started. 
I1126 18:16:24.853051 1073628 AriaExecutor.h:91] AriaExecutor 1 started. 
I1126 18:16:24.853096 1073629 AriaExecutor.h:91] AriaExecutor 2 started. 
I1126 18:16:24.853137 1073630 AriaExecutor.h:91] AriaExecutor 3 started. 
I1126 18:16:24.853178 1073631 AriaExecutor.h:91] AriaExecutor 4 started. 
I1126 18:16:24.853224 1073632 AriaExecutor.h:91] AriaExecutor 5 started. 
I1126 18:16:24.853269 1073633 AriaExecutor.h:91] AriaExecutor 6 started. 
I1126 18:16:24.853320 1073634 AriaExecutor.h:91] AriaExecutor 7 started. 
I1126 18:16:24.853368 1073635 AriaExecutor.h:91] AriaExecutor 8 started. 
I1126 18:16:24.853425 1073636 AriaExecutor.h:91] AriaExecutor 9 started. 
I1126 18:16:24.853478 1073637 AriaExecutor.h:91] AriaExecutor 10 started. 
I1126 18:16:24.853523 1073638 AriaExecutor.h:91] AriaExecutor 11 started. 
I1126 18:16:24.853574 1073639 Manager.h:224] Manager(worker id = 12) on the coordinator node started.
I1126 18:16:25.853637 1073611 Coordinator.h:126] commit: 1267929 abort: 762071 (0/762071/0), network size: 0, avg network size: 0, si_in_serializable: 0 0 %, local: 0 %
I1126 18:16:26.853761 1073611 Coordinator.h:126] commit: 1261788 abort: 758212 (0/758212/0), network size: 0, avg network size: 0, si_in_serializable: 0 0 %, local: 0 %
I1126 18:16:27.853894 1073611 Coordinator.h:126] commit: 1280982 abort: 769018 (0/769018/0), network size: 0, avg network size: 0, si_in_serializable: 0 0 %, local: 0 %
I1126 18:16:28.854009 1073611 Coordinator.h:126] commit: 1286527 abort: 773473 (0/773473/0), network size: 0, avg network size: 0, si_in_serializable: 0 0 %, local: 0 %
I1126 18:16:29.854110 1073611 Coordinator.h:126] commit: 1273850 abort: 766150 (0/766150/0), network size: 0, avg network size: 0, si_in_serializable: 0 0 %, local: 0 %
I1126 18:16:30.854211 1073611 Coordinator.h:126] commit: 1285460 abort: 774540 (0/774540/0), network size: 0, avg network size: 0, si_in_serializable: 0 0 %, local: 0 %
I1126 18:16:31.854350 1073611 Coordinator.h:126] commit: 1280718 abort: 769282 (0/769282/0), network size: 0, avg network size: 0, si_in_serializable: 0 0 %, local: 0 %
I1126 18:16:32.854449 1073611 Coordinator.h:126] commit: 1287301 abort: 772699 (0/772699/0), network size: 0, avg network size: 0, si_in_serializable: 0 0 %, local: 0 %
I1126 18:16:33.854571 1073611 Coordinator.h:126] commit: 1286797 abort: 773203 (0/773203/0), network size: 0, avg network size: 0, si_in_serializable: 0 0 %, local: 0 %
I1126 18:16:34.854676 1073611 Coordinator.h:126] commit: 1237515 abort: 742485 (0/742485/0), network size: 0, avg network size: 0, si_in_serializable: 0 0 %, local: 0 %
I1126 18:16:35.854776 1073611 Coordinator.h:126] commit: 1285717 abort: 774283 (0/774283/0), network size: 0, avg network size: 0, si_in_serializable: 0 0 %, local: 0 %
I1126 18:16:36.854876 1073611 Coordinator.h:126] commit: 1293906 abort: 776094 (0/776094/0), network size: 0, avg network size: 0, si_in_serializable: 0 0 %, local: 0 %
I1126 18:16:37.854974 1073611 Coordinator.h:126] commit: 1285631 abort: 774369 (0/774369/0), network size: 0, avg network size: 0, si_in_serializable: 0 0 %, local: 0 %
I1126 18:16:38.855070 1073611 Coordinator.h:126] commit: 1293429 abort: 776571 (0/776571/0), network size: 0, avg network size: 0, si_in_serializable: 0 0 %, local: 0 %
I1126 18:16:39.855165 1073611 Coordinator.h:126] commit: 1292349 abort: 777651 (0/777651/0), network size: 0, avg network size: 0, si_in_serializable: 0 0 %, local: 0 %
I1126 18:16:40.855264 1073611 Coordinator.h:126] commit: 1275049 abort: 764951 (0/764951/0), network size: 0, avg network size: 0, si_in_serializable: 0 0 %, local: 0 %
I1126 18:16:41.855358 1073611 Coordinator.h:126] commit: 1292550 abort: 777450 (0/777450/0), network size: 0, avg network size: 0, si_in_serializable: 0 0 %, local: 0 %
I1126 18:16:42.855485 1073611 Coordinator.h:126] commit: 1272393 abort: 767607 (0/767607/0), network size: 0, avg network size: 0, si_in_serializable: 0 0 %, local: 0 %
I1126 18:16:43.855592 1073611 Coordinator.h:126] commit: 1285893 abort: 774107 (0/774107/0), network size: 0, avg network size: 0, si_in_serializable: 0 0 %, local: 0 %
I1126 18:16:44.855690 1073611 Coordinator.h:126] commit: 1155082 abort: 694918 (0/694918/0), network size: 0, avg network size: 0, si_in_serializable: 0 0 %, local: 0 %
I1126 18:16:45.855788 1073611 Coordinator.h:126] commit: 1281411 abort: 768589 (0/768589/0), network size: 0, avg network size: 0, si_in_serializable: 0 0 %, local: 0 %
I1126 18:16:46.855886 1073611 Coordinator.h:126] commit: 1293535 abort: 776465 (0/776465/0), network size: 0, avg network size: 0, si_in_serializable: 0 0 %, local: 0 %
I1126 18:16:47.855984 1073611 Coordinator.h:126] commit: 1286326 abort: 773674 (0/773674/0), network size: 0, avg network size: 0, si_in_serializable: 0 0 %, local: 0 %
I1126 18:16:48.856081 1073611 Coordinator.h:126] commit: 1285765 abort: 774235 (0/774235/0), network size: 0, avg network size: 0, si_in_serializable: 0 0 %, local: 0 %
I1126 18:16:49.856184 1073611 Coordinator.h:126] commit: 1280052 abort: 769948 (0/769948/0), network size: 0, avg network size: 0, si_in_serializable: 0 0 %, local: 0 %
I1126 18:16:49.856208 1073611 Coordinator.h:152] average commit: 1.2732e+06 abort: 765800 (0/765800/0), network size: 0, avg network size: 0, si_in_serializable: 0 0 %, local: 0 %
I1126 18:16:49.858711 1073639 Manager.h:227] Manager(worker id = 12) on the coordinator node exits.
I1126 18:16:49.858716 1073635 AriaExecutor.h:103] AriaExecutor 8 exits. 
I1126 18:16:49.858714 1073633 AriaExecutor.h:103] AriaExecutor 6 exits. 
I1126 18:16:49.858711 1073631 AriaExecutor.h:103] AriaExecutor 4 exits. 
I1126 18:16:49.858726 1073630 AriaExecutor.h:103] AriaExecutor 3 exits. 
I1126 18:16:49.858724 1073636 AriaExecutor.h:103] AriaExecutor 9 exits. 
I1126 18:16:49.858724 1073628 AriaExecutor.h:103] AriaExecutor 1 exits. 
I1126 18:16:49.858712 1073629 AriaExecutor.h:103] AriaExecutor 2 exits. 
I1126 18:16:49.858724 1073634 AriaExecutor.h:103] AriaExecutor 7 exits. 
I1126 18:16:49.858712 1073627 AriaExecutor.h:103] AriaExecutor 0 exits. 
I1126 18:16:49.858724 1073638 AriaExecutor.h:103] AriaExecutor 11 exits. 
I1126 18:16:49.858712 1073637 AriaExecutor.h:103] AriaExecutor 10 exits. 
I1126 18:16:49.858724 1073632 AriaExecutor.h:103] AriaExecutor 5 exits. 
I1126 18:16:49.856220 1073611 AriaExecutor.h:621] Worker 0 latency: 3602 us (50%) 4077 us (75%) 4398 us (95%) 4494 us (99%).
I1126 18:16:49.961697 1073611 AriaExecutor.h:621] Worker 1 latency: 3595 us (50%) 4073 us (75%) 4396 us (95%) 4491 us (99%).
I1126 18:16:50.068100 1073611 AriaExecutor.h:621] Worker 2 latency: 3618 us (50%) 4084 us (75%) 4399 us (95%) 4495 us (99%).
I1126 18:16:50.170910 1073611 AriaExecutor.h:621] Worker 3 latency: 3597 us (50%) 4075 us (75%) 4396 us (95%) 4492 us (99%).
I1126 18:16:50.276244 1073611 AriaExecutor.h:621] Worker 4 latency: 3608 us (50%) 4080 us (75%) 4398 us (95%) 4493 us (99%).
I1126 18:16:50.379385 1073611 AriaExecutor.h:621] Worker 5 latency: 3600 us (50%) 4076 us (75%) 4396 us (95%) 4492 us (99%).
I1126 18:16:50.484198 1073611 AriaExecutor.h:621] Worker 6 latency: 3608 us (50%) 4079 us (75%) 4396 us (95%) 4492 us (99%).
I1126 18:16:50.585266 1073611 AriaExecutor.h:621] Worker 7 latency: 3596 us (50%) 4073 us (75%) 4394 us (95%) 4490 us (99%).
I1126 18:16:50.689883 1073611 AriaExecutor.h:621] Worker 8 latency: 3606 us (50%) 4080 us (75%) 4398 us (95%) 4493 us (99%).
I1126 18:16:50.792935 1073611 AriaExecutor.h:621] Worker 9 latency: 3599 us (50%) 4076 us (75%) 4396 us (95%) 4491 us (99%).
I1126 18:16:50.898602 1073611 AriaExecutor.h:621] Worker 10 latency: 3614 us (50%) 4084 us (75%) 4399 us (95%) 4494 us (99%).
I1126 18:16:51.004001 1073611 AriaExecutor.h:621] Worker 11 latency: 3593 us (50%) 4073 us (75%) 4395 us (95%) 4491 us (99%).
I1126 18:16:51.110951 1073611 Coordinator.h:177] total commit: 1.2732e+06
I1126 18:16:52.111064 1073611 Coordinator.h:192] Coordinator exits.
