I1126 16:02:16.888526 1028520 Database.h:65] ycsb initialization finished in 29 milliseconds.
I1126 16:02:16.888630 1028520 Coordinator.h:30] Coordinator initializes 12 workers.
I1126 16:02:16.896188 1028520 Coordinator.h:77] Coordinator starts to run 13 workers.
I1126 16:02:16.896240 1028536 AriaExecutor.h:93] AriaExecutor 0 started. 
I1126 16:02:16.896273 1028537 AriaExecutor.h:93] AriaExecutor 1 started. 
I1126 16:02:16.896317 1028538 AriaExecutor.h:93] AriaExecutor 2 started. 
I1126 16:02:16.896360 1028539 AriaExecutor.h:93] AriaExecutor 3 started. 
I1126 16:02:16.896425 1028541 AriaExecutor.h:93] AriaExecutor 5 started. 
I1126 16:02:16.896471 1028542 AriaExecutor.h:93] AriaExecutor 6 started. 
I1126 16:02:16.896510 1028543 AriaExecutor.h:93] AriaExecutor 7 started. 
I1126 16:02:16.896552 1028544 AriaExecutor.h:93] AriaExecutor 8 started. 
I1126 16:02:16.896608 1028545 AriaExecutor.h:93] AriaExecutor 9 started. 
I1126 16:02:16.896646 1028546 AriaExecutor.h:93] AriaExecutor 10 started. 
I1126 16:02:16.896685 1028547 AriaExecutor.h:93] AriaExecutor 11 started. 
I1126 16:02:16.896713 1028540 AriaExecutor.h:93] AriaExecutor 4 started. 
I1126 16:02:16.896720 1028548 Manager.h:224] Manager(worker id = 12) on the coordinator node started.
I1126 16:02:17.896780 1028520 Coordinator.h:126] commit: 862638 abort: 13362 (0/13362/0), network size: 0, avg network size: 0, si_in_serializable: 0 0 %, local: 0 %
I1126 16:02:18.896891 1028520 Coordinator.h:126] commit: 849561 abort: 13439 (0/13439/0), network size: 0, avg network size: 0, si_in_serializable: 0 0 %, local: 0 %
I1126 16:02:19.896989 1028520 Coordinator.h:126] commit: 865466 abort: 13534 (0/13534/0), network size: 0, avg network size: 0, si_in_serializable: 0 0 %, local: 0 %
I1126 16:02:20.897078 1028520 Coordinator.h:126] commit: 858694 abort: 13306 (0/13306/0), network size: 0, avg network size: 0, si_in_serializable: 0 0 %, local: 0 %
I1126 16:02:21.897173 1028520 Coordinator.h:126] commit: 868561 abort: 13439 (0/13439/0), network size: 0, avg network size: 0, si_in_serializable: 0 0 %, local: 0 %
I1126 16:02:22.897255 1028520 Coordinator.h:126] commit: 855420 abort: 13580 (0/13580/0), network size: 0, avg network size: 0, si_in_serializable: 0 0 %, local: 0 %
I1126 16:02:23.897375 1028520 Coordinator.h:126] commit: 866384 abort: 13616 (0/13616/0), network size: 0, avg network size: 0, si_in_serializable: 0 0 %, local: 0 %
I1126 16:02:24.897459 1028520 Coordinator.h:126] commit: 844824 abort: 13176 (0/13176/0), network size: 0, avg network size: 0, si_in_serializable: 0 0 %, local: 0 %
I1126 16:02:25.897549 1028520 Coordinator.h:126] commit: 866415 abort: 13585 (0/13585/0), network size: 0, avg network size: 0, si_in_serializable: 0 0 %, local: 0 %
I1126 16:02:26.897652 1028520 Coordinator.h:126] commit: 867392 abort: 13608 (0/13608/0), network size: 0, avg network size: 0, si_in_serializable: 0 0 %, local: 0 %
I1126 16:02:27.897739 1028520 Coordinator.h:126] commit: 868364 abort: 13636 (0/13636/0), network size: 0, avg network size: 0, si_in_serializable: 0 0 %, local: 0 %
I1126 16:02:28.897817 1028520 Coordinator.h:126] commit: 866470 abort: 13530 (0/13530/0), network size: 0, avg network size: 0, si_in_serializable: 0 0 %, local: 0 %
I1126 16:02:29.897933 1028520 Coordinator.h:126] commit: 856716 abort: 13284 (0/13284/0), network size: 0, avg network size: 0, si_in_serializable: 0 0 %, local: 0 %
I1126 16:02:30.898023 1028520 Coordinator.h:126] commit: 867672 abort: 13328 (0/13328/0), network size: 0, avg network size: 0, si_in_serializable: 0 0 %, local: 0 %
I1126 16:02:31.898121 1028520 Coordinator.h:126] commit: 825065 abort: 12935 (0/12935/0), network size: 0, avg network size: 0, si_in_serializable: 0 0 %, local: 0 %
I1126 16:02:32.898202 1028520 Coordinator.h:126] commit: 869527 abort: 13473 (0/13473/0), network size: 0, avg network size: 0, si_in_serializable: 0 0 %, local: 0 %
I1126 16:02:33.898298 1028520 Coordinator.h:126] commit: 870530 abort: 13450 (0/13450/0), network size: 0, avg network size: 0, si_in_serializable: 0 0 %, local: 0 %
I1126 16:02:34.898394 1028520 Coordinator.h:126] commit: 867782 abort: 13524 (0/13524/0), network size: 0, avg network size: 0, si_in_serializable: 0 0 %, local: 0 %
I1126 16:02:35.898495 1028520 Coordinator.h:126] commit: 869161 abort: 13552 (0/13552/0), network size: 0, avg network size: 0, si_in_serializable: 0 0 %, local: 0 %
I1126 16:02:36.898605 1028520 Coordinator.h:126] commit: 860514 abort: 13486 (0/13486/0), network size: 0, avg network size: 0, si_in_serializable: 0 0 %, local: 0 %
I1126 16:02:37.898699 1028520 Coordinator.h:126] commit: 869498 abort: 13502 (0/13502/0), network size: 0, avg network size: 0, si_in_serializable: 0 0 %, local: 0 %
I1126 16:02:38.898803 1028520 Coordinator.h:126] commit: 867238 abort: 13762 (0/13762/0), network size: 0, avg network size: 0, si_in_serializable: 0 0 %, local: 0 %
I1126 16:02:39.898900 1028520 Coordinator.h:126] commit: 869173 abort: 13827 (0/13827/0), network size: 0, avg network size: 0, si_in_serializable: 0 0 %, local: 0 %
I1126 16:02:40.898986 1028520 Coordinator.h:126] commit: 868530 abort: 13470 (0/13470/0), network size: 0, avg network size: 0, si_in_serializable: 0 0 %, local: 0 %
I1126 16:02:41.899076 1028520 Coordinator.h:126] commit: 870276 abort: 13724 (0/13724/0), network size: 0, avg network size: 0, si_in_serializable: 0 0 %, local: 0 %
I1126 16:02:41.899088 1028520 Coordinator.h:152] average commit: 862180 abort: 13419.8 (0/13419.8/0), network size: 0, avg network size: 0, si_in_serializable: 0 0 %, local: 0 %
I1126 16:02:41.899969 1028548 Manager.h:227] Manager(worker id = 12) on the coordinator node exits.
I1126 16:02:41.899977 1028544 AriaExecutor.h:105] AriaExecutor 8 exits. 
I1126 16:02:41.899981 1028542 AriaExecutor.h:105] AriaExecutor 6 exits. 
I1126 16:02:41.899984 1028546 AriaExecutor.h:105] AriaExecutor 10 exits. 
I1126 16:02:41.899971 1028540 AriaExecutor.h:105] AriaExecutor 4 exits. 
I1126 16:02:41.899986 1028547 AriaExecutor.h:105] AriaExecutor 11 exits. 
I1126 16:02:41.899982 1028539 AriaExecutor.h:105] AriaExecutor 3 exits. 
I1126 16:02:41.899987 1028541 AriaExecutor.h:105] AriaExecutor 5 exits. 
I1126 16:02:41.899986 1028543 AriaExecutor.h:105] AriaExecutor 7 exits. 
I1126 16:02:41.899987 1028537 AriaExecutor.h:105] AriaExecutor 1 exits. 
I1126 16:02:41.899987 1028545 AriaExecutor.h:105] AriaExecutor 9 exits. 
I1126 16:02:41.899979 1028536 AriaExecutor.h:105] AriaExecutor 0 exits. 
I1126 16:02:41.899978 1028538 AriaExecutor.h:105] AriaExecutor 2 exits. 
I1126 16:02:41.899096 1028520 AriaExecutor.h:672] Worker 0 latency: 669 us (50%) 880 us (75%) 1048 us (95%) 1084 us (99%).
I1126 16:02:41.975083 1028520 AriaExecutor.h:672] Worker 1 latency: 667 us (50%) 878 us (75%) 1047 us (95%) 1082 us (99%).
I1126 16:02:42.058591 1028520 AriaExecutor.h:672] Worker 2 latency: 669 us (50%) 880 us (75%) 1048 us (95%) 1084 us (99%).
I1126 16:02:42.134397 1028520 AriaExecutor.h:672] Worker 3 latency: 668 us (50%) 879 us (75%) 1047 us (95%) 1082 us (99%).
I1126 16:02:42.219214 1028520 AriaExecutor.h:672] Worker 4 latency: 674 us (50%) 882 us (75%) 1049 us (95%) 1084 us (99%).
I1126 16:02:42.295414 1028520 AriaExecutor.h:672] Worker 5 latency: 672 us (50%) 881 us (75%) 1047 us (95%) 1082 us (99%).
I1126 16:02:42.378691 1028520 AriaExecutor.h:672] Worker 6 latency: 674 us (50%) 883 us (75%) 1049 us (95%) 1084 us (99%).
I1126 16:02:42.454789 1028520 AriaExecutor.h:672] Worker 7 latency: 671 us (50%) 880 us (75%) 1047 us (95%) 1082 us (99%).
I1126 16:02:42.537920 1028520 AriaExecutor.h:672] Worker 8 latency: 674 us (50%) 883 us (75%) 1049 us (95%) 1084 us (99%).
I1126 16:02:42.613857 1028520 AriaExecutor.h:672] Worker 9 latency: 672 us (50%) 881 us (75%) 1047 us (95%) 1083 us (99%).
I1126 16:02:42.695883 1028520 AriaExecutor.h:672] Worker 10 latency: 673 us (50%) 882 us (75%) 1049 us (95%) 1084 us (99%).
I1126 16:02:42.771891 1028520 AriaExecutor.h:672] Worker 11 latency: 671 us (50%) 880 us (75%) 1047 us (95%) 1083 us (99%).
I1126 16:02:42.854552 1028520 Coordinator.h:177] total commit: 862180
I1126 16:02:43.854668 1028520 Coordinator.h:192] Coordinator exits.
