I1126 14:57:22.223807 986640 Database.h:65] ycsb initialization finished in 30 milliseconds.
I1126 14:57:22.223901 986640 Coordinator.h:30] Coordinator initializes 12 workers.
I1126 14:57:22.224794 986640 Coordinator.h:77] Coordinator starts to run 13 workers.
I1126 14:57:22.224840 986656 AriaExecutor.h:91] AriaExecutor 0 started. 
I1126 14:57:22.224870 986657 AriaExecutor.h:91] AriaExecutor 1 started. 
I1126 14:57:22.224911 986658 AriaExecutor.h:91] AriaExecutor 2 started. 
I1126 14:57:22.224959 986659 AriaExecutor.h:91] AriaExecutor 3 started. 
I1126 14:57:22.225047 986661 AriaExecutor.h:91] AriaExecutor 5 started. 
I1126 14:57:22.225090 986662 AriaExecutor.h:91] AriaExecutor 6 started. 
I1126 14:57:22.225128 986663 AriaExecutor.h:91] AriaExecutor 7 started. 
I1126 14:57:22.225163 986664 AriaExecutor.h:91] AriaExecutor 8 started. 
I1126 14:57:22.225206 986665 AriaExecutor.h:91] AriaExecutor 9 started. 
I1126 14:57:22.225239 986666 AriaExecutor.h:91] AriaExecutor 10 started. 
I1126 14:57:22.225291 986667 AriaExecutor.h:91] AriaExecutor 11 started. 
I1126 14:57:22.225322 986660 AriaExecutor.h:91] AriaExecutor 4 started. 
I1126 14:57:22.225325 986668 Manager.h:224] Manager(worker id = 12) on the coordinator node started.
I1126 14:57:23.225394 986640 Coordinator.h:126] commit: 1673770 abort: 226230 (0/226230/0), network size: 0, avg network size: 0, si_in_serializable: 0 0 %, local: 0 %
I1126 14:57:24.225504 986640 Coordinator.h:126] commit: 1646027 abort: 223973 (0/223973/0), network size: 0, avg network size: 0, si_in_serializable: 0 0 %, local: 0 %
I1126 14:57:25.225611 986640 Coordinator.h:126] commit: 1690541 abort: 228459 (0/228459/0), network size: 0, avg network size: 0, si_in_serializable: 0 0 %, local: 0 %
I1126 14:57:26.225720 986640 Coordinator.h:126] commit: 1667149 abort: 224851 (0/224851/0), network size: 0, avg network size: 0, si_in_serializable: 0 0 %, local: 0 %
I1126 14:57:27.225807 986640 Coordinator.h:126] commit: 1695594 abort: 229406 (0/229406/0), network size: 0, avg network size: 0, si_in_serializable: 0 0 %, local: 0 %
I1126 14:57:28.225907 986640 Coordinator.h:126] commit: 1698668 abort: 230332 (0/230332/0), network size: 0, avg network size: 0, si_in_serializable: 0 0 %, local: 0 %
I1126 14:57:29.226016 986640 Coordinator.h:126] commit: 1674060 abort: 225940 (0/225940/0), network size: 0, avg network size: 0, si_in_serializable: 0 0 %, local: 0 %
I1126 14:57:30.226121 986640 Coordinator.h:126] commit: 1572192 abort: 212808 (0/212808/0), network size: 0, avg network size: 0, si_in_serializable: 0 0 %, local: 0 %
I1126 14:57:31.226223 986640 Coordinator.h:126] commit: 1699790 abort: 230210 (0/230210/0), network size: 0, avg network size: 0, si_in_serializable: 0 0 %, local: 0 %
I1126 14:57:32.226318 986640 Coordinator.h:126] commit: 1701376 abort: 229624 (0/229624/0), network size: 0, avg network size: 0, si_in_serializable: 0 0 %, local: 0 %
I1126 14:57:33.226402 986640 Coordinator.h:126] commit: 1696879 abort: 228121 (0/228121/0), network size: 0, avg network size: 0, si_in_serializable: 0 0 %, local: 0 %
I1126 14:57:34.226493 986640 Coordinator.h:126] commit: 1695285 abort: 228715 (0/228715/0), network size: 0, avg network size: 0, si_in_serializable: 0 0 %, local: 0 %
I1126 14:57:35.226593 986640 Coordinator.h:126] commit: 1682878 abort: 228122 (0/228122/0), network size: 0, avg network size: 0, si_in_serializable: 0 0 %, local: 0 %
I1126 14:57:36.226696 986640 Coordinator.h:126] commit: 1696704 abort: 229296 (0/229296/0), network size: 0, avg network size: 0, si_in_serializable: 0 0 %, local: 0 %
I1126 14:57:37.226774 986640 Coordinator.h:126] commit: 1613377 abort: 217623 (0/217623/0), network size: 0, avg network size: 0, si_in_serializable: 0 0 %, local: 0 %
I1126 14:57:38.226857 986640 Coordinator.h:126] commit: 1523806 abort: 206194 (0/206194/0), network size: 0, avg network size: 0, si_in_serializable: 0 0 %, local: 0 %
I1126 14:57:39.226953 986640 Coordinator.h:126] commit: 1700861 abort: 229131 (0/229131/0), network size: 0, avg network size: 0, si_in_serializable: 0 0 %, local: 0 %
I1126 14:57:40.227033 986640 Coordinator.h:126] commit: 1693194 abort: 228814 (0/228814/0), network size: 0, avg network size: 0, si_in_serializable: 0 0 %, local: 0 %
I1126 14:57:41.227133 986640 Coordinator.h:126] commit: 1697001 abort: 229999 (0/229999/0), network size: 0, avg network size: 0, si_in_serializable: 0 0 %, local: 0 %
I1126 14:57:42.227239 986640 Coordinator.h:126] commit: 1694864 abort: 229136 (0/229136/0), network size: 0, avg network size: 0, si_in_serializable: 0 0 %, local: 0 %
I1126 14:57:43.227334 986640 Coordinator.h:126] commit: 1703469 abort: 230531 (0/230531/0), network size: 0, avg network size: 0, si_in_serializable: 0 0 %, local: 0 %
I1126 14:57:44.227417 986640 Coordinator.h:126] commit: 1690275 abort: 227725 (0/227725/0), network size: 0, avg network size: 0, si_in_serializable: 0 0 %, local: 0 %
I1126 14:57:45.227623 986640 Coordinator.h:126] commit: 1680952 abort: 227048 (0/227048/0), network size: 0, avg network size: 0, si_in_serializable: 0 0 %, local: 0 %
I1126 14:57:46.227749 986640 Coordinator.h:126] commit: 1694851 abort: 229149 (0/229149/0), network size: 0, avg network size: 0, si_in_serializable: 0 0 %, local: 0 %
I1126 14:57:47.227833 986640 Coordinator.h:126] commit: 1698968 abort: 230032 (0/230032/0), network size: 0, avg network size: 0, si_in_serializable: 0 0 %, local: 0 %
I1126 14:57:47.227843 986640 Coordinator.h:152] average commit: 1.66948e+06 abort: 225515 (0/225515/0), network size: 0, avg network size: 0, si_in_serializable: 0 0 %, local: 0 %
I1126 14:57:47.228276 986668 Manager.h:227] Manager(worker id = 12) on the coordinator node exits.
I1126 14:57:47.228276 986662 AriaExecutor.h:103] AriaExecutor 6 exits. 
I1126 14:57:47.228289 986665 AriaExecutor.h:103] AriaExecutor 9 exits. 
I1126 14:57:47.228278 986666 AriaExecutor.h:103] AriaExecutor 10 exits. 
I1126 14:57:47.228281 986658 AriaExecutor.h:103] AriaExecutor 2 exits. 
I1126 14:57:47.228281 986664 AriaExecutor.h:103] AriaExecutor 8 exits. 
I1126 14:57:47.228286 986663 AriaExecutor.h:103] AriaExecutor 7 exits. 
I1126 14:57:47.228287 986661 AriaExecutor.h:103] AriaExecutor 5 exits. 
I1126 14:57:47.228289 986659 AriaExecutor.h:103] AriaExecutor 3 exits. 
I1126 14:57:47.228279 986656 AriaExecutor.h:103] AriaExecutor 0 exits. 
I1126 14:57:47.228276 986660 AriaExecutor.h:103] AriaExecutor 4 exits. 
I1126 14:57:47.228291 986667 AriaExecutor.h:103] AriaExecutor 11 exits. 
I1126 14:57:47.228291 986657 AriaExecutor.h:103] AriaExecutor 1 exits. 
I1126 14:57:47.227854 986640 AriaExecutor.h:649] Worker 0 latency: 359 us (50%) 414 us (75%) 459 us (95%) 474 us (99%).
I1126 14:57:47.369836 986640 AriaExecutor.h:649] Worker 1 latency: 358 us (50%) 413 us (75%) 457 us (95%) 472 us (99%).
I1126 14:57:47.498272 986640 AriaExecutor.h:649] Worker 2 latency: 360 us (50%) 414 us (75%) 459 us (95%) 473 us (99%).
I1126 14:57:47.642439 986640 AriaExecutor.h:649] Worker 3 latency: 359 us (50%) 413 us (75%) 458 us (95%) 472 us (99%).
I1126 14:57:47.771366 986640 AriaExecutor.h:649] Worker 4 latency: 362 us (50%) 415 us (75%) 459 us (95%) 473 us (99%).
I1126 14:57:47.912871 986640 AriaExecutor.h:649] Worker 5 latency: 360 us (50%) 413 us (75%) 457 us (95%) 472 us (99%).
I1126 14:57:48.041406 986640 AriaExecutor.h:649] Worker 6 latency: 364 us (50%) 416 us (75%) 459 us (95%) 473 us (99%).
I1126 14:57:48.181937 986640 AriaExecutor.h:649] Worker 7 latency: 361 us (50%) 414 us (75%) 457 us (95%) 472 us (99%).
I1126 14:57:48.315225 986640 AriaExecutor.h:649] Worker 8 latency: 364 us (50%) 416 us (75%) 459 us (95%) 474 us (99%).
I1126 14:57:48.455430 986640 AriaExecutor.h:649] Worker 9 latency: 362 us (50%) 414 us (75%) 458 us (95%) 472 us (99%).
I1126 14:57:48.581252 986640 AriaExecutor.h:649] Worker 10 latency: 365 us (50%) 417 us (75%) 459 us (95%) 474 us (99%).
I1126 14:57:48.722892 986640 AriaExecutor.h:649] Worker 11 latency: 363 us (50%) 415 us (75%) 458 us (95%) 472 us (99%).
I1126 14:57:48.847994 986640 Coordinator.h:177] total commit: 1.66948e+06
I1126 14:57:49.848129 986640 Coordinator.h:192] Coordinator exits.
