I1126 15:45:27.367385 1017602 Database.h:65] ycsb initialization finished in 30 milliseconds.
I1126 15:45:27.367486 1017602 Coordinator.h:30] Coordinator initializes 12 workers.
I1126 15:45:27.375200 1017602 Coordinator.h:77] Coordinator starts to run 13 workers.
I1126 15:45:27.375250 1017618 AriaExecutor.h:93] AriaExecutor 0 started. 
I1126 15:45:27.375277 1017619 AriaExecutor.h:93] AriaExecutor 1 started. 
I1126 15:45:27.375319 1017620 AriaExecutor.h:93] AriaExecutor 2 started. 
I1126 15:45:27.375357 1017621 AriaExecutor.h:93] AriaExecutor 3 started. 
I1126 15:45:27.375433 1017623 AriaExecutor.h:93] AriaExecutor 5 started. 
I1126 15:45:27.375483 1017624 AriaExecutor.h:93] AriaExecutor 6 started. 
I1126 15:45:27.375530 1017625 AriaExecutor.h:93] AriaExecutor 7 started. 
I1126 15:45:27.375571 1017626 AriaExecutor.h:93] AriaExecutor 8 started. 
I1126 15:45:27.375609 1017627 AriaExecutor.h:93] AriaExecutor 9 started. 
I1126 15:45:27.375640 1017628 AriaExecutor.h:93] AriaExecutor 10 started. 
I1126 15:45:27.375696 1017629 AriaExecutor.h:93] AriaExecutor 11 started. 
I1126 15:45:27.375725 1017622 AriaExecutor.h:93] AriaExecutor 4 started. 
I1126 15:45:27.375728 1017630 Manager.h:224] Manager(worker id = 12) on the coordinator node started.
I1126 15:45:28.375794 1017602 Coordinator.h:126] commit: 89134 abort: 149866 (0/149866/0), network size: 0, avg network size: 0, si_in_serializable: 0 0 %, local: 0 %
I1126 15:45:29.375916 1017602 Coordinator.h:126] commit: 88938 abort: 150062 (0/150062/0), network size: 0, avg network size: 0, si_in_serializable: 0 0 %, local: 0 %
I1126 15:45:30.376026 1017602 Coordinator.h:126] commit: 90092 abort: 151908 (0/151908/0), network size: 0, avg network size: 0, si_in_serializable: 0 0 %, local: 0 %
I1126 15:45:31.376137 1017602 Coordinator.h:126] commit: 90053 abort: 152947 (0/152947/0), network size: 0, avg network size: 0, si_in_serializable: 0 0 %, local: 0 %
I1126 15:45:32.376217 1017602 Coordinator.h:126] commit: 89740 abort: 152260 (0/152260/0), network size: 0, avg network size: 0, si_in_serializable: 0 0 %, local: 0 %
I1126 15:45:33.376291 1017602 Coordinator.h:126] commit: 88852 abort: 150148 (0/150148/0), network size: 0, avg network size: 0, si_in_serializable: 0 0 %, local: 0 %
I1126 15:45:34.376369 1017602 Coordinator.h:126] commit: 90652 abort: 152348 (0/152348/0), network size: 0, avg network size: 0, si_in_serializable: 0 0 %, local: 0 %
I1126 15:45:35.376473 1017602 Coordinator.h:126] commit: 90328 abort: 151672 (0/151672/0), network size: 0, avg network size: 0, si_in_serializable: 0 0 %, local: 0 %
I1126 15:45:36.376574 1017602 Coordinator.h:126] commit: 90327 abort: 152673 (0/152673/0), network size: 0, avg network size: 0, si_in_serializable: 0 0 %, local: 0 %
I1126 15:45:37.376657 1017602 Coordinator.h:126] commit: 90059 abort: 152941 (0/152941/0), network size: 0, avg network size: 0, si_in_serializable: 0 0 %, local: 0 %
I1126 15:45:38.376729 1017602 Coordinator.h:126] commit: 90791 abort: 153209 (0/153209/0), network size: 0, avg network size: 0, si_in_serializable: 0 0 %, local: 0 %
I1126 15:45:39.376806 1017602 Coordinator.h:126] commit: 89180 abort: 150820 (0/150820/0), network size: 0, avg network size: 0, si_in_serializable: 0 0 %, local: 0 %
I1126 15:45:40.376909 1017602 Coordinator.h:126] commit: 90294 abort: 152706 (0/152706/0), network size: 0, avg network size: 0, si_in_serializable: 0 0 %, local: 0 %
I1126 15:45:41.377014 1017602 Coordinator.h:126] commit: 90045 abort: 151955 (0/151955/0), network size: 0, avg network size: 0, si_in_serializable: 0 0 %, local: 0 %
I1126 15:45:42.377094 1017602 Coordinator.h:126] commit: 90611 abort: 152389 (0/152389/0), network size: 0, avg network size: 0, si_in_serializable: 0 0 %, local: 0 %
I1126 15:45:43.377167 1017602 Coordinator.h:126] commit: 90082 abort: 151918 (0/151918/0), network size: 0, avg network size: 0, si_in_serializable: 0 0 %, local: 0 %
I1126 15:45:44.377242 1017602 Coordinator.h:126] commit: 90679 abort: 152321 (0/152321/0), network size: 0, avg network size: 0, si_in_serializable: 0 0 %, local: 0 %
I1126 15:45:45.377327 1017602 Coordinator.h:126] commit: 89016 abort: 150984 (0/150984/0), network size: 0, avg network size: 0, si_in_serializable: 0 0 %, local: 0 %
I1126 15:45:46.377424 1017602 Coordinator.h:126] commit: 90081 abort: 151919 (0/151919/0), network size: 0, avg network size: 0, si_in_serializable: 0 0 %, local: 0 %
I1126 15:45:47.377504 1017602 Coordinator.h:126] commit: 90184 abort: 152816 (0/152816/0), network size: 0, avg network size: 0, si_in_serializable: 0 0 %, local: 0 %
I1126 15:45:48.377578 1017602 Coordinator.h:126] commit: 90223 abort: 152777 (0/152777/0), network size: 0, avg network size: 0, si_in_serializable: 0 0 %, local: 0 %
I1126 15:45:49.377656 1017602 Coordinator.h:126] commit: 89932 abort: 153068 (0/153068/0), network size: 0, avg network size: 0, si_in_serializable: 0 0 %, local: 0 %
I1126 15:45:50.377739 1017602 Coordinator.h:126] commit: 88850 abort: 150150 (0/150150/0), network size: 0, avg network size: 0, si_in_serializable: 0 0 %, local: 0 %
I1126 15:45:51.377836 1017602 Coordinator.h:126] commit: 90057 abort: 152943 (0/152943/0), network size: 0, avg network size: 0, si_in_serializable: 0 0 %, local: 0 %
I1126 15:45:52.378028 1017602 Coordinator.h:126] commit: 89898 abort: 152102 (0/152102/0), network size: 0, avg network size: 0, si_in_serializable: 0 0 %, local: 0 %
I1126 15:45:52.378098 1017602 Coordinator.h:152] average commit: 90096.3 abort: 152104 (0/152104/0), network size: 0, avg network size: 0, si_in_serializable: 0 0 %, local: 0 %
I1126 15:45:52.380528 1017628 AriaExecutor.h:105] AriaExecutor 10 exits. 
I1126 15:45:52.380528 1017630 Manager.h:227] Manager(worker id = 12) on the coordinator node exits.
I1126 15:45:52.380529 1017620 AriaExecutor.h:105] AriaExecutor 2 exits. 
I1126 15:45:52.380532 1017624 AriaExecutor.h:105] AriaExecutor 6 exits. 
I1126 15:45:52.380540 1017621 AriaExecutor.h:105] AriaExecutor 3 exits. 
I1126 15:45:52.380538 1017629 AriaExecutor.h:105] AriaExecutor 11 exits. 
I1126 15:45:52.380533 1017618 AriaExecutor.h:105] AriaExecutor 0 exits. 
I1126 15:45:52.380540 1017627 AriaExecutor.h:105] AriaExecutor 9 exits. 
I1126 15:45:52.380539 1017623 AriaExecutor.h:105] AriaExecutor 5 exits. 
I1126 15:45:52.380540 1017625 AriaExecutor.h:105] AriaExecutor 7 exits. 
I1126 15:45:52.380553 1017619 AriaExecutor.h:105] AriaExecutor 1 exits. 
I1126 15:45:52.380529 1017626 AriaExecutor.h:105] AriaExecutor 8 exits. 
I1126 15:45:52.380532 1017622 AriaExecutor.h:105] AriaExecutor 4 exits. 
I1126 15:45:52.378108 1017602 AriaExecutor.h:672] Worker 0 latency: 3585 us (50%) 3820 us (75%) 3973 us (95%) 4038 us (99%).
I1126 15:45:52.388813 1017602 AriaExecutor.h:672] Worker 1 latency: 3586 us (50%) 3819 us (75%) 3973 us (95%) 4036 us (99%).
I1126 15:45:52.398514 1017602 AriaExecutor.h:672] Worker 2 latency: 3587 us (50%) 3820 us (75%) 3972 us (95%) 4037 us (99%).
I1126 15:45:52.409229 1017602 AriaExecutor.h:672] Worker 3 latency: 3591 us (50%) 3821 us (75%) 3973 us (95%) 4036 us (99%).
I1126 15:45:52.418972 1017602 AriaExecutor.h:672] Worker 4 latency: 3584 us (50%) 3819 us (75%) 3973 us (95%) 4037 us (99%).
I1126 15:45:52.429553 1017602 AriaExecutor.h:672] Worker 5 latency: 3584 us (50%) 3819 us (75%) 3973 us (95%) 4036 us (99%).
I1126 15:45:52.439194 1017602 AriaExecutor.h:672] Worker 6 latency: 3589 us (50%) 3819 us (75%) 3972 us (95%) 4035 us (99%).
I1126 15:45:52.449615 1017602 AriaExecutor.h:672] Worker 7 latency: 3590 us (50%) 3820 us (75%) 3972 us (95%) 4036 us (99%).
I1126 15:45:52.459158 1017602 AriaExecutor.h:672] Worker 8 latency: 3586 us (50%) 3819 us (75%) 3973 us (95%) 4037 us (99%).
I1126 15:45:52.469470 1017602 AriaExecutor.h:672] Worker 9 latency: 3587 us (50%) 3820 us (75%) 3973 us (95%) 4036 us (99%).
I1126 15:45:52.479033 1017602 AriaExecutor.h:672] Worker 10 latency: 3582 us (50%) 3816 us (75%) 3971 us (95%) 4035 us (99%).
I1126 15:45:52.489497 1017602 AriaExecutor.h:672] Worker 11 latency: 3589 us (50%) 3820 us (75%) 3972 us (95%) 4035 us (99%).
I1126 15:45:52.498883 1017602 Coordinator.h:177] total commit: 90096.3
I1126 15:45:53.499006 1017602 Coordinator.h:192] Coordinator exits.
