I1126 13:22:40.092312 929665 Database.h:65] ycsb initialization finished in 30 milliseconds.
I1126 13:22:40.092419 929665 Coordinator.h:30] Coordinator initializes 12 workers.
I1126 13:22:40.164080 929665 Coordinator.h:77] Coordinator starts to run 13 workers.
I1126 13:22:40.164144 929681 AriaExecutor.h:82] AriaExecutor 0 started. 
I1126 13:22:40.164179 929682 AriaExecutor.h:82] AriaExecutor 1 started. 
I1126 13:22:40.164219 929683 AriaExecutor.h:82] AriaExecutor 2 started. 
I1126 13:22:40.164278 929684 AriaExecutor.h:82] AriaExecutor 3 started. 
I1126 13:22:40.164328 929685 AriaExecutor.h:82] AriaExecutor 4 started. 
I1126 13:22:40.164376 929686 AriaExecutor.h:82] AriaExecutor 5 started. 
I1126 13:22:40.164422 929687 AriaExecutor.h:82] AriaExecutor 6 started. 
I1126 13:22:40.164477 929688 AriaExecutor.h:82] AriaExecutor 7 started. 
I1126 13:22:40.164520 929689 AriaExecutor.h:82] AriaExecutor 8 started. 
I1126 13:22:40.164573 929690 AriaExecutor.h:82] AriaExecutor 9 started. 
I1126 13:22:40.164629 929691 AriaExecutor.h:82] AriaExecutor 10 started. 
I1126 13:22:40.164678 929692 AriaExecutor.h:82] AriaExecutor 11 started. 
I1126 13:22:40.164734 929693 Manager.h:224] Manager(worker id = 12) on the coordinator node started.
I1126 13:22:41.164801 929665 Coordinator.h:126] commit: 7873 abort: 212127 (0/212127/0), network size: 0, avg network size: 0, si_in_serializable: 0 0 %, local: 0 %
I1126 13:22:42.164933 929665 Coordinator.h:126] commit: 8525 abort: 231475 (0/231475/0), network size: 0, avg network size: 0, si_in_serializable: 0 0 %, local: 0 %
I1126 13:22:43.165069 929665 Coordinator.h:126] commit: 8570 abort: 231430 (0/231430/0), network size: 0, avg network size: 0, si_in_serializable: 0 0 %, local: 0 %
I1126 13:22:44.165185 929665 Coordinator.h:126] commit: 8505 abort: 231495 (0/231495/0), network size: 0, avg network size: 0, si_in_serializable: 0 0 %, local: 0 %
I1126 13:22:45.165289 929665 Coordinator.h:126] commit: 8649 abort: 231351 (0/231351/0), network size: 0, avg network size: 0, si_in_serializable: 0 0 %, local: 0 %
I1126 13:22:46.165401 929665 Coordinator.h:126] commit: 8366 abort: 221646 (0/221646/0), network size: 0, avg network size: 0, si_in_serializable: 0 0 %, local: 0 %
I1126 13:22:47.165534 929665 Coordinator.h:126] commit: 8512 abort: 231476 (0/231476/0), network size: 0, avg network size: 0, si_in_serializable: 0 0 %, local: 0 %
I1126 13:22:48.165645 929665 Coordinator.h:126] commit: 8840 abort: 241160 (0/241160/0), network size: 0, avg network size: 0, si_in_serializable: 0 0 %, local: 0 %
I1126 13:22:49.165746 929665 Coordinator.h:126] commit: 8594 abort: 231406 (0/231406/0), network size: 0, avg network size: 0, si_in_serializable: 0 0 %, local: 0 %
I1126 13:22:50.165850 929665 Coordinator.h:126] commit: 8604 abort: 231396 (0/231396/0), network size: 0, avg network size: 0, si_in_serializable: 0 0 %, local: 0 %
I1126 13:22:51.165956 929665 Coordinator.h:126] commit: 8929 abort: 241071 (0/241071/0), network size: 0, avg network size: 0, si_in_serializable: 0 0 %, local: 0 %
I1126 13:22:52.166088 929665 Coordinator.h:126] commit: 8648 abort: 231352 (0/231352/0), network size: 0, avg network size: 0, si_in_serializable: 0 0 %, local: 0 %
I1126 13:22:53.166196 929665 Coordinator.h:126] commit: 8439 abort: 231561 (0/231561/0), network size: 0, avg network size: 0, si_in_serializable: 0 0 %, local: 0 %
I1126 13:22:54.166302 929665 Coordinator.h:126] commit: 8982 abort: 241018 (0/241018/0), network size: 0, avg network size: 0, si_in_serializable: 0 0 %, local: 0 %
I1126 13:22:55.166411 929665 Coordinator.h:126] commit: 8606 abort: 231394 (0/231394/0), network size: 0, avg network size: 0, si_in_serializable: 0 0 %, local: 0 %
I1126 13:22:56.166510 929665 Coordinator.h:126] commit: 8489 abort: 231511 (0/231511/0), network size: 0, avg network size: 0, si_in_serializable: 0 0 %, local: 0 %
I1126 13:22:57.166611 929665 Coordinator.h:126] commit: 8893 abort: 241107 (0/241107/0), network size: 0, avg network size: 0, si_in_serializable: 0 0 %, local: 0 %
I1126 13:22:58.166713 929665 Coordinator.h:126] commit: 8499 abort: 231501 (0/231501/0), network size: 0, avg network size: 0, si_in_serializable: 0 0 %, local: 0 %
I1126 13:22:59.166813 929665 Coordinator.h:126] commit: 8563 abort: 231437 (0/231437/0), network size: 0, avg network size: 0, si_in_serializable: 0 0 %, local: 0 %
I1126 13:23:00.166910 929665 Coordinator.h:126] commit: 8864 abort: 241136 (0/241136/0), network size: 0, avg network size: 0, si_in_serializable: 0 0 %, local: 0 %
I1126 13:23:01.167009 929665 Coordinator.h:126] commit: 8579 abort: 231421 (0/231421/0), network size: 0, avg network size: 0, si_in_serializable: 0 0 %, local: 0 %
I1126 13:23:02.167143 929665 Coordinator.h:126] commit: 8560 abort: 231440 (0/231440/0), network size: 0, avg network size: 0, si_in_serializable: 0 0 %, local: 0 %
I1126 13:23:03.167251 929665 Coordinator.h:126] commit: 8642 abort: 231358 (0/231358/0), network size: 0, avg network size: 0, si_in_serializable: 0 0 %, local: 0 %
I1126 13:23:04.167349 929665 Coordinator.h:126] commit: 8531 abort: 231469 (0/231469/0), network size: 0, avg network size: 0, si_in_serializable: 0 0 %, local: 0 %
I1126 13:23:05.167448 929665 Coordinator.h:126] commit: 8531 abort: 231469 (0/231469/0), network size: 0, avg network size: 0, si_in_serializable: 0 0 %, local: 0 %
I1126 13:23:05.167474 929665 Coordinator.h:152] average commit: 8691.2 abort: 235309 (0/235309/0), network size: 0, avg network size: 0, si_in_serializable: 0 0 %, local: 0 %
I1126 13:23:05.167485 929665 AriaExecutor.h:535] Worker 0 latency: 40483 us (50%) 40864 us (75%) 42232 us (95%) 47973 us (99%).
I1126 13:23:05.178992 929687 AriaExecutor.h:94] AriaExecutor 6 exits. 
I1126 13:23:05.179004 929692 AriaExecutor.h:94] AriaExecutor 11 exits. 
I1126 13:23:05.178993 929681 AriaExecutor.h:94] AriaExecutor 0 exits. 
I1126 13:23:05.178995 929683 AriaExecutor.h:94] AriaExecutor 2 exits. 
I1126 13:23:05.178995 929685 AriaExecutor.h:94] AriaExecutor 4 exits. 
I1126 13:23:05.178995 929691 AriaExecutor.h:94] AriaExecutor 10 exits. 
I1126 13:23:05.178996 929693 Manager.h:227] Manager(worker id = 12) on the coordinator node exits.
I1126 13:23:05.178993 929689 AriaExecutor.h:94] AriaExecutor 8 exits. 
I1126 13:23:05.179004 929686 AriaExecutor.h:94] AriaExecutor 5 exits. 
I1126 13:23:05.179005 929684 AriaExecutor.h:94] AriaExecutor 3 exits. 
I1126 13:23:05.179004 929688 AriaExecutor.h:94] AriaExecutor 7 exits. 
I1126 13:23:05.179004 929682 AriaExecutor.h:94] AriaExecutor 1 exits. 
I1126 13:23:05.179005 929690 AriaExecutor.h:94] AriaExecutor 9 exits. 
I1126 13:23:05.179158 929665 AriaExecutor.h:535] Worker 1 latency: 40475 us (50%) 40852 us (75%) 42179 us (95%) 47967 us (99%).
I1126 13:23:05.180362 929665 AriaExecutor.h:535] Worker 2 latency: 40481 us (50%) 40858 us (75%) 42211 us (95%) 48021 us (99%).
I1126 13:23:05.181473 929665 AriaExecutor.h:535] Worker 3 latency: 40462 us (50%) 40845 us (75%) 42169 us (95%) 47941 us (99%).
I1126 13:23:05.182606 929665 AriaExecutor.h:535] Worker 4 latency: 40480 us (50%) 40859 us (75%) 42184 us (95%) 47888 us (99%).
I1126 13:23:05.183669 929665 AriaExecutor.h:535] Worker 5 latency: 40475 us (50%) 40853 us (75%) 42223 us (95%) 47939 us (99%).
I1126 13:23:05.184623 929665 AriaExecutor.h:535] Worker 6 latency: 40468 us (50%) 40849 us (75%) 42196 us (95%) 47888 us (99%).
I1126 13:23:05.185559 929665 AriaExecutor.h:535] Worker 7 latency: 40466 us (50%) 40836 us (75%) 42153 us (95%) 47856 us (99%).
I1126 13:23:05.186517 929665 AriaExecutor.h:535] Worker 8 latency: 40477 us (50%) 40856 us (75%) 42223 us (95%) 47924 us (99%).
I1126 13:23:05.187453 929665 AriaExecutor.h:535] Worker 9 latency: 40465 us (50%) 40848 us (75%) 42221 us (95%) 47932 us (99%).
I1126 13:23:05.188382 929665 AriaExecutor.h:535] Worker 10 latency: 40468 us (50%) 40849 us (75%) 42153 us (95%) 47870 us (99%).
I1126 13:23:05.189316 929665 AriaExecutor.h:535] Worker 11 latency: 40464 us (50%) 40843 us (75%) 42180 us (95%) 47897 us (99%).
I1126 13:23:05.190263 929665 Coordinator.h:177] total commit: 8691.2
I1126 13:23:06.190371 929665 Coordinator.h:192] Coordinator exits.
