I1126 18:05:25.844619 1066459 Database.h:65] ycsb initialization finished in 30 milliseconds.
I1126 18:05:25.844736 1066459 Coordinator.h:30] Coordinator initializes 12 workers.
I1126 18:05:25.851598 1066459 Coordinator.h:77] Coordinator starts to run 13 workers.
I1126 18:05:25.851652 1066475 AriaExecutor.h:91] AriaExecutor 0 started. 
I1126 18:05:25.851679 1066476 AriaExecutor.h:91] AriaExecutor 1 started. 
I1126 18:05:25.851768 1066478 AriaExecutor.h:91] AriaExecutor 3 started. 
I1126 18:05:25.851802 1066479 AriaExecutor.h:91] AriaExecutor 4 started. 
I1126 18:05:25.851854 1066480 AriaExecutor.h:91] AriaExecutor 5 started. 
I1126 18:05:25.851899 1066481 AriaExecutor.h:91] AriaExecutor 6 started. 
I1126 18:05:25.851950 1066482 AriaExecutor.h:91] AriaExecutor 7 started. 
I1126 18:05:25.851985 1066483 AriaExecutor.h:91] AriaExecutor 8 started. 
I1126 18:05:25.852030 1066484 AriaExecutor.h:91] AriaExecutor 9 started. 
I1126 18:05:25.852064 1066485 AriaExecutor.h:91] AriaExecutor 10 started. 
I1126 18:05:25.852108 1066486 AriaExecutor.h:91] AriaExecutor 11 started. 
I1126 18:05:25.852141 1066477 AriaExecutor.h:91] AriaExecutor 2 started. 
I1126 18:05:25.852150 1066487 Manager.h:224] Manager(worker id = 12) on the coordinator node started.
I1126 18:05:26.852214 1066459 Coordinator.h:126] commit: 1721464 abort: 188536 (0/188536/0), network size: 0, avg network size: 0, si_in_serializable: 0 0 %, local: 0 %
I1126 18:05:27.852339 1066459 Coordinator.h:126] commit: 1704077 abort: 185923 (0/185923/0), network size: 0, avg network size: 0, si_in_serializable: 0 0 %, local: 0 %
I1126 18:05:28.852469 1066459 Coordinator.h:126] commit: 1731595 abort: 188405 (0/188405/0), network size: 0, avg network size: 0, si_in_serializable: 0 0 %, local: 0 %
I1126 18:05:29.852571 1066459 Coordinator.h:126] commit: 1736131 abort: 189369 (0/189369/0), network size: 0, avg network size: 0, si_in_serializable: 0 0 %, local: 0 %
I1126 18:05:30.852684 1066459 Coordinator.h:126] commit: 1743965 abort: 190535 (0/190535/0), network size: 0, avg network size: 0, si_in_serializable: 0 0 %, local: 0 %
I1126 18:05:31.852784 1066459 Coordinator.h:126] commit: 1740212 abort: 189788 (0/189788/0), network size: 0, avg network size: 0, si_in_serializable: 0 0 %, local: 0 %
I1126 18:05:32.852898 1066459 Coordinator.h:126] commit: 1732110 abort: 187890 (0/187890/0), network size: 0, avg network size: 0, si_in_serializable: 0 0 %, local: 0 %
I1126 18:05:33.853013 1066459 Coordinator.h:126] commit: 1685721 abort: 184279 (0/184279/0), network size: 0, avg network size: 0, si_in_serializable: 0 0 %, local: 0 %
I1126 18:05:34.853142 1066459 Coordinator.h:126] commit: 1739614 abort: 190386 (0/190386/0), network size: 0, avg network size: 0, si_in_serializable: 0 0 %, local: 0 %
I1126 18:05:35.853255 1066459 Coordinator.h:126] commit: 1740825 abort: 189175 (0/189175/0), network size: 0, avg network size: 0, si_in_serializable: 0 0 %, local: 0 %
I1126 18:05:36.853359 1066459 Coordinator.h:126] commit: 1748949 abort: 191051 (0/191051/0), network size: 0, avg network size: 0, si_in_serializable: 0 0 %, local: 0 %
I1126 18:05:37.853456 1066459 Coordinator.h:126] commit: 1741169 abort: 190069 (0/190069/0), network size: 0, avg network size: 0, si_in_serializable: 0 0 %, local: 0 %
I1126 18:05:38.853564 1066459 Coordinator.h:126] commit: 1748147 abort: 190615 (0/190615/0), network size: 0, avg network size: 0, si_in_serializable: 0 0 %, local: 0 %
I1126 18:05:39.853672 1066459 Coordinator.h:126] commit: 1739544 abort: 190456 (0/190456/0), network size: 0, avg network size: 0, si_in_serializable: 0 0 %, local: 0 %
I1126 18:05:40.853780 1066459 Coordinator.h:126] commit: 1641167 abort: 178833 (0/178833/0), network size: 0, avg network size: 0, si_in_serializable: 0 0 %, local: 0 %
I1126 18:05:41.853881 1066459 Coordinator.h:126] commit: 1749305 abort: 190695 (0/190695/0), network size: 0, avg network size: 0, si_in_serializable: 0 0 %, local: 0 %
I1126 18:05:42.853989 1066459 Coordinator.h:126] commit: 1740350 abort: 189650 (0/189650/0), network size: 0, avg network size: 0, si_in_serializable: 0 0 %, local: 0 %
I1126 18:05:43.854097 1066459 Coordinator.h:126] commit: 1739942 abort: 190058 (0/190058/0), network size: 0, avg network size: 0, si_in_serializable: 0 0 %, local: 0 %
I1126 18:05:44.854187 1066459 Coordinator.h:126] commit: 1740437 abort: 189563 (0/189563/0), network size: 0, avg network size: 0, si_in_serializable: 0 0 %, local: 0 %
I1126 18:05:45.854305 1066459 Coordinator.h:126] commit: 1722767 abort: 187233 (0/187233/0), network size: 0, avg network size: 0, si_in_serializable: 0 0 %, local: 0 %
I1126 18:05:46.854413 1066459 Coordinator.h:126] commit: 1740034 abort: 189966 (0/189966/0), network size: 0, avg network size: 0, si_in_serializable: 0 0 %, local: 0 %
I1126 18:05:47.854518 1066459 Coordinator.h:126] commit: 1739546 abort: 190454 (0/190454/0), network size: 0, avg network size: 0, si_in_serializable: 0 0 %, local: 0 %
I1126 18:05:48.854610 1066459 Coordinator.h:126] commit: 1740043 abort: 189957 (0/189957/0), network size: 0, avg network size: 0, si_in_serializable: 0 0 %, local: 0 %
I1126 18:05:49.854713 1066459 Coordinator.h:126] commit: 1749168 abort: 190832 (0/190832/0), network size: 0, avg network size: 0, si_in_serializable: 0 0 %, local: 0 %
I1126 18:05:50.854802 1066459 Coordinator.h:126] commit: 1738413 abort: 189625 (0/189625/0), network size: 0, avg network size: 0, si_in_serializable: 0 0 %, local: 0 %
I1126 18:05:50.854839 1066459 Coordinator.h:152] average commit: 1.73118e+06 abort: 188822 (0/188822/0), network size: 0, avg network size: 0, si_in_serializable: 0 0 %, local: 0 %
I1126 18:05:50.854915 1066485 AriaExecutor.h:103] AriaExecutor 10 exits. 
I1126 18:05:50.854911 1066477 AriaExecutor.h:103] AriaExecutor 2 exits. 
I1126 18:05:50.854912 1066479 AriaExecutor.h:103] AriaExecutor 4 exits. 
I1126 18:05:50.854916 1066483 AriaExecutor.h:103] AriaExecutor 8 exits. 
I1126 18:05:50.854914 1066487 Manager.h:227] Manager(worker id = 12) on the coordinator node exits.
I1126 18:05:50.854924 1066484 AriaExecutor.h:103] AriaExecutor 9 exits. 
I1126 18:05:50.854925 1066482 AriaExecutor.h:103] AriaExecutor 7 exits. 
I1126 18:05:50.854925 1066480 AriaExecutor.h:103] AriaExecutor 5 exits. 
I1126 18:05:50.854926 1066478 AriaExecutor.h:103] AriaExecutor 3 exits. 
I1126 18:05:50.854928 1066486 AriaExecutor.h:103] AriaExecutor 11 exits. 
I1126 18:05:50.854926 1066475 AriaExecutor.h:103] AriaExecutor 0 exits. 
I1126 18:05:50.854928 1066476 AriaExecutor.h:103] AriaExecutor 1 exits. 
I1126 18:05:50.854913 1066481 AriaExecutor.h:103] AriaExecutor 6 exits. 
I1126 18:05:50.854847 1066459 AriaExecutor.h:621] Worker 0 latency: 3677 us (50%) 4159 us (75%) 4536 us (95%) 4641 us (99%).
I1126 18:05:50.990031 1066459 AriaExecutor.h:621] Worker 1 latency: 3640 us (50%) 4142 us (75%) 4531 us (95%) 4637 us (99%).
I1126 18:05:51.128166 1066459 AriaExecutor.h:621] Worker 2 latency: 3695 us (50%) 4169 us (75%) 4539 us (95%) 4642 us (99%).
I1126 18:05:51.261785 1066459 AriaExecutor.h:621] Worker 3 latency: 3641 us (50%) 4143 us (75%) 4531 us (95%) 4637 us (99%).
I1126 18:05:51.400241 1066459 AriaExecutor.h:621] Worker 4 latency: 3666 us (50%) 4153 us (75%) 4534 us (95%) 4638 us (99%).
I1126 18:05:51.535996 1066459 AriaExecutor.h:621] Worker 5 latency: 3646 us (50%) 4146 us (75%) 4532 us (95%) 4637 us (99%).
I1126 18:05:51.674288 1066459 AriaExecutor.h:621] Worker 6 latency: 3671 us (50%) 4156 us (75%) 4533 us (95%) 4637 us (99%).
I1126 18:05:51.808775 1066459 AriaExecutor.h:621] Worker 7 latency: 3642 us (50%) 4142 us (75%) 4530 us (95%) 4635 us (99%).
I1126 18:05:51.944885 1066459 AriaExecutor.h:621] Worker 8 latency: 3668 us (50%) 4155 us (75%) 4535 us (95%) 4640 us (99%).
I1126 18:05:52.078491 1066459 AriaExecutor.h:621] Worker 9 latency: 3648 us (50%) 4146 us (75%) 4531 us (95%) 4636 us (99%).
I1126 18:05:52.231496 1066459 AriaExecutor.h:621] Worker 10 latency: 3683 us (50%) 4163 us (75%) 4537 us (95%) 4639 us (99%).
I1126 18:05:52.369633 1066459 AriaExecutor.h:621] Worker 11 latency: 3635 us (50%) 4139 us (75%) 4529 us (95%) 4634 us (99%).
I1126 18:05:52.507637 1066459 Coordinator.h:177] total commit: 1.73118e+06
I1126 18:05:53.507745 1066459 Coordinator.h:192] Coordinator exits.
