I0911 22:48:46.842783 2939241 Database.h:65] ycsb initialization finished in 146 milliseconds.
I0911 22:48:46.842886 2939241 Coordinator.h:30] Coordinator initializes 16 workers.
I0911 22:48:46.874243 2939241 Coordinator.h:77] Coordinator starts to run 17 workers.
I0911 22:48:46.874296 2939261 AriaExecutor.h:82] AriaExecutor 0 started. 
I0911 22:48:46.874331 2939262 AriaExecutor.h:82] AriaExecutor 1 started. 
I0911 22:48:46.874377 2939263 AriaExecutor.h:82] AriaExecutor 2 started. 
I0911 22:48:46.874426 2939264 AriaExecutor.h:82] AriaExecutor 3 started. 
I0911 22:48:46.874450 2939265 AriaExecutor.h:82] AriaExecutor 4 started. 
I0911 22:48:46.874504 2939266 AriaExecutor.h:82] AriaExecutor 5 started. 
I0911 22:48:46.874536 2939267 AriaExecutor.h:82] AriaExecutor 6 started. 
I0911 22:48:46.874583 2939268 AriaExecutor.h:82] AriaExecutor 7 started. 
I0911 22:48:46.874614 2939269 AriaExecutor.h:82] AriaExecutor 8 started. 
I0911 22:48:46.874658 2939270 AriaExecutor.h:82] AriaExecutor 9 started. 
I0911 22:48:46.874693 2939271 AriaExecutor.h:82] AriaExecutor 10 started. 
I0911 22:48:46.874744 2939272 AriaExecutor.h:82] AriaExecutor 11 started. 
I0911 22:48:46.874776 2939273 AriaExecutor.h:82] AriaExecutor 12 started. 
I0911 22:48:46.874820 2939274 AriaExecutor.h:82] AriaExecutor 13 started. 
I0911 22:48:46.874856 2939275 AriaExecutor.h:82] AriaExecutor 14 started. 
I0911 22:48:46.874898 2939276 AriaExecutor.h:82] AriaExecutor 15 started. 
I0911 22:48:46.874934 2939277 Manager.h:224] Manager(worker id = 16) on the coordinator node started.
I0911 22:48:47.874989 2939241 Coordinator.h:126] commit: 1792 abort: 153856 (0/153856/0), network size: 0, avg network size: 0, si_in_serializable: 0 0 %, local: 0 %
I0911 22:48:48.875121 2939241 Coordinator.h:126] commit: 1952 abort: 170080 (0/170080/0), network size: 0, avg network size: 0, si_in_serializable: 0 0 %, local: 0 %
I0911 22:48:49.875213 2939241 Coordinator.h:126] commit: 1827 abort: 162013 (0/162013/0), network size: 0, avg network size: 0, si_in_serializable: 0 0 %, local: 0 %
I0911 22:48:50.875309 2939241 Coordinator.h:126] commit: 1866 abort: 161974 (0/161974/0), network size: 0, avg network size: 0, si_in_serializable: 0 0 %, local: 0 %
I0911 22:48:51.875427 2939241 Coordinator.h:126] commit: 1952 abort: 170080 (0/170080/0), network size: 0, avg network size: 0, si_in_serializable: 0 0 %, local: 0 %
I0911 22:48:52.875521 2939241 Coordinator.h:126] commit: 1952 abort: 170080 (0/170080/0), network size: 0, avg network size: 0, si_in_serializable: 0 0 %, local: 0 %
I0911 22:48:53.875604 2939241 Coordinator.h:126] commit: 1961 abort: 170071 (0/170071/0), network size: 0, avg network size: 0, si_in_serializable: 0 0 %, local: 0 %
I0911 22:48:54.875687 2939241 Coordinator.h:126] commit: 1939 abort: 170093 (0/170093/0), network size: 0, avg network size: 0, si_in_serializable: 0 0 %, local: 0 %
I0911 22:48:55.875775 2939241 Coordinator.h:126] commit: 1980 abort: 174148 (0/174148/0), network size: 0, avg network size: 0, si_in_serializable: 0 0 %, local: 0 %
I0911 22:48:56.875864 2939241 Coordinator.h:126] commit: 1884 abort: 166052 (0/166052/0), network size: 0, avg network size: 0, si_in_serializable: 0 0 %, local: 0 %
I0911 22:48:57.875946 2939241 Coordinator.h:126] commit: 1916 abort: 170116 (0/170116/0), network size: 0, avg network size: 0, si_in_serializable: 0 0 %, local: 0 %
I0911 22:48:58.876060 2939241 Coordinator.h:126] commit: 1948 abort: 170084 (0/170084/0), network size: 0, avg network size: 0, si_in_serializable: 0 0 %, local: 0 %
I0911 22:48:59.876166 2939241 Coordinator.h:126] commit: 1960 abort: 174168 (0/174168/0), network size: 0, avg network size: 0, si_in_serializable: 0 0 %, local: 0 %
I0911 22:49:00.876251 2939241 Coordinator.h:126] commit: 1964 abort: 170068 (0/170068/0), network size: 0, avg network size: 0, si_in_serializable: 0 0 %, local: 0 %
I0911 22:49:01.876338 2939241 Coordinator.h:126] commit: 2006 abort: 174122 (0/174122/0), network size: 0, avg network size: 0, si_in_serializable: 0 0 %, local: 0 %
I0911 22:49:02.876415 2939241 Coordinator.h:126] commit: 2002 abort: 174126 (0/174126/0), network size: 0, avg network size: 0, si_in_serializable: 0 0 %, local: 0 %
I0911 22:49:03.876493 2939241 Coordinator.h:126] commit: 1930 abort: 170102 (0/170102/0), network size: 0, avg network size: 0, si_in_serializable: 0 0 %, local: 0 %
I0911 22:49:04.876564 2939241 Coordinator.h:126] commit: 1976 abort: 174152 (0/174152/0), network size: 0, avg network size: 0, si_in_serializable: 0 0 %, local: 0 %
I0911 22:49:05.876633 2939241 Coordinator.h:126] commit: 1854 abort: 166082 (0/166082/0), network size: 0, avg network size: 0, si_in_serializable: 0 0 %, local: 0 %
I0911 22:49:06.876714 2939241 Coordinator.h:126] commit: 1949 abort: 170083 (0/170083/0), network size: 0, avg network size: 0, si_in_serializable: 0 0 %, local: 0 %
I0911 22:49:07.876791 2939241 Coordinator.h:126] commit: 2007 abort: 174121 (0/174121/0), network size: 0, avg network size: 0, si_in_serializable: 0 0 %, local: 0 %
I0911 22:49:08.876899 2939241 Coordinator.h:126] commit: 1950 abort: 170082 (0/170082/0), network size: 0, avg network size: 0, si_in_serializable: 0 0 %, local: 0 %
I0911 22:49:09.877035 2939241 Coordinator.h:126] commit: 1973 abort: 174155 (0/174155/0), network size: 0, avg network size: 0, si_in_serializable: 0 0 %, local: 0 %
I0911 22:49:10.877110 2939241 Coordinator.h:126] commit: 1966 abort: 170066 (0/170066/0), network size: 0, avg network size: 0, si_in_serializable: 0 0 %, local: 0 %
I0911 22:49:11.877187 2939241 Coordinator.h:126] commit: 1989 abort: 174139 (0/174139/0), network size: 0, avg network size: 0, si_in_serializable: 0 0 %, local: 0 %
I0911 22:49:11.877200 2939241 Coordinator.h:152] average commit: 1950.5 abort: 171310 (0/171310/0), network size: 0, avg network size: 0, si_in_serializable: 0 0 %, local: 0 %
I0911 22:49:11.877208 2939241 AriaExecutor.h:535] Worker 0 latency: 23355 us (50%) 23546 us (75%) 25072 us (95%) 27723 us (99%).
I0911 22:49:11.890610 2939271 AriaExecutor.h:94] AriaExecutor 10 exits. 
I0911 22:49:11.890626 2939266 AriaExecutor.h:94] AriaExecutor 5 exits. 
I0911 22:49:11.890640 2939262 AriaExecutor.h:94] AriaExecutor 1 exits. 
I0911 22:49:11.890626 2939272 AriaExecutor.h:94] AriaExecutor 11 exits. 
I0911 22:49:11.890626 2939264 AriaExecutor.h:94] AriaExecutor 3 exits. 
I0911 22:49:11.890626 2939268 AriaExecutor.h:94] AriaExecutor 7 exits. 
I0911 22:49:11.890630 2939270 AriaExecutor.h:94] AriaExecutor 9 exits. 
I0911 22:49:11.890616 2939261 AriaExecutor.h:94] AriaExecutor 0 exits. 
I0911 22:49:11.890632 2939274 AriaExecutor.h:94] AriaExecutor 13 exits. 
I0911 22:49:11.890614 2939267 AriaExecutor.h:94] AriaExecutor 6 exits. 
I0911 22:49:11.890614 2939273 AriaExecutor.h:94] AriaExecutor 12 exits. 
I0911 22:49:11.890636 2939275 AriaExecutor.h:94] AriaExecutor 14 exits. 
I0911 22:49:11.890627 2939276 AriaExecutor.h:94] AriaExecutor 15 exits. 
I0911 22:49:11.890620 2939277 Manager.h:227] Manager(worker id = 16) on the coordinator node exits.
I0911 22:49:11.890611 2939265 AriaExecutor.h:94] AriaExecutor 4 exits. 
I0911 22:49:11.890635 2939263 AriaExecutor.h:94] AriaExecutor 2 exits. 
I0911 22:49:11.890616 2939269 AriaExecutor.h:94] AriaExecutor 8 exits. 
I0911 22:49:11.890918 2939241 AriaExecutor.h:535] Worker 1 latency: 23357 us (50%) 23546 us (75%) 24929 us (95%) 27635 us (99%).
I0911 22:49:11.891180 2939241 AriaExecutor.h:535] Worker 2 latency: 23346 us (50%) 23534 us (75%) 25003 us (95%) 27665 us (99%).
I0911 22:49:11.891340 2939241 AriaExecutor.h:535] Worker 3 latency: 23358 us (50%) 23550 us (75%) 25068 us (95%) 27677 us (99%).
I0911 22:49:11.891508 2939241 AriaExecutor.h:535] Worker 4 latency: 23352 us (50%) 23541 us (75%) 25054 us (95%) 27707 us (99%).
I0911 22:49:11.891687 2939241 AriaExecutor.h:535] Worker 5 latency: 23356 us (50%) 23543 us (75%) 24405 us (95%) 27020 us (99%).
I0911 22:49:11.891863 2939241 AriaExecutor.h:535] Worker 6 latency: 23341 us (50%) 23533 us (75%) 25171 us (95%) 27683 us (99%).
I0911 22:49:11.892028 2939241 AriaExecutor.h:535] Worker 7 latency: 23351 us (50%) 23543 us (75%) 24352 us (95%) 25837 us (99%).
I0911 22:49:11.892181 2939241 AriaExecutor.h:535] Worker 8 latency: 23347 us (50%) 23534 us (75%) 24402 us (95%) 28013 us (99%).
I0911 22:49:11.892330 2939241 AriaExecutor.h:535] Worker 9 latency: 23352 us (50%) 23556 us (75%) 24980 us (95%) 25827 us (99%).
I0911 22:49:11.892481 2939241 AriaExecutor.h:535] Worker 10 latency: 23343 us (50%) 23534 us (75%) 24359 us (95%) 28048 us (99%).
I0911 22:49:11.892628 2939241 AriaExecutor.h:535] Worker 11 latency: 23347 us (50%) 23536 us (75%) 25064 us (95%) 27890 us (99%).
I0911 22:49:11.892773 2939241 AriaExecutor.h:535] Worker 12 latency: 23334 us (50%) 23526 us (75%) 25002 us (95%) 28309 us (99%).
I0911 22:49:11.892913 2939241 AriaExecutor.h:535] Worker 13 latency: 23353 us (50%) 23531 us (75%) 25235 us (95%) 28110 us (99%).
I0911 22:49:11.893059 2939241 AriaExecutor.h:535] Worker 14 latency: 23331 us (50%) 23513 us (75%) 25037 us (95%) 27645 us (99%).
I0911 22:49:11.893193 2939241 AriaExecutor.h:535] Worker 15 latency: 23343 us (50%) 23526 us (75%) 24667 us (95%) 27842 us (99%).
I0911 22:49:11.893328 2939241 Coordinator.h:177] total commit: 1950.5
I0911 22:49:12.893427 2939241 Coordinator.h:192] Coordinator exits.
