I1126 13:56:43.221855 950924 Database.h:65] ycsb initialization finished in 30 milliseconds.
I1126 13:56:43.221964 950924 Coordinator.h:30] Coordinator initializes 12 workers.
I1126 13:56:43.222857 950924 Coordinator.h:77] Coordinator starts to run 13 workers.
I1126 13:56:43.222916 950940 AriaExecutor.h:91] AriaExecutor 0 started. 
I1126 13:56:43.222946 950941 AriaExecutor.h:91] AriaExecutor 1 started. 
I1126 13:56:43.222987 950942 AriaExecutor.h:91] AriaExecutor 2 started. 
I1126 13:56:43.223034 950943 AriaExecutor.h:91] AriaExecutor 3 started. 
I1126 13:56:43.223116 950945 AriaExecutor.h:91] AriaExecutor 5 started. 
I1126 13:56:43.223151 950946 AriaExecutor.h:91] AriaExecutor 6 started. 
I1126 13:56:43.223196 950947 AriaExecutor.h:91] AriaExecutor 7 started. 
I1126 13:56:43.223241 950948 AriaExecutor.h:91] AriaExecutor 8 started. 
I1126 13:56:43.223284 950949 AriaExecutor.h:91] AriaExecutor 9 started. 
I1126 13:56:43.223316 950950 AriaExecutor.h:91] AriaExecutor 10 started. 
I1126 13:56:43.223368 950951 AriaExecutor.h:91] AriaExecutor 11 started. 
I1126 13:56:43.223402 950944 AriaExecutor.h:91] AriaExecutor 4 started. 
I1126 13:56:43.223405 950952 Manager.h:224] Manager(worker id = 12) on the coordinator node started.
I1126 13:56:44.223470 950924 Coordinator.h:126] commit: 2004279 abort: 8721 (0/8721/0), network size: 0, avg network size: 0, si_in_serializable: 0 0 %, local: 0 %
I1126 13:56:45.223598 950924 Coordinator.h:126] commit: 1976015 abort: 8985 (0/8985/0), network size: 0, avg network size: 0, si_in_serializable: 0 0 %, local: 0 %
I1126 13:56:46.223722 950924 Coordinator.h:126] commit: 2027103 abort: 8897 (0/8897/0), network size: 0, avg network size: 0, si_in_serializable: 0 0 %, local: 0 %
I1126 13:56:47.223820 950924 Coordinator.h:126] commit: 1999105 abort: 8895 (0/8895/0), network size: 0, avg network size: 0, si_in_serializable: 0 0 %, local: 0 %
I1126 13:56:48.223896 950924 Coordinator.h:126] commit: 2035907 abort: 9093 (0/9093/0), network size: 0, avg network size: 0, si_in_serializable: 0 0 %, local: 0 %
I1126 13:56:49.223971 950924 Coordinator.h:126] commit: 2031166 abort: 8834 (0/8834/0), network size: 0, avg network size: 0, si_in_serializable: 0 0 %, local: 0 %
I1126 13:56:50.224081 950924 Coordinator.h:126] commit: 1900533 abort: 8467 (0/8467/0), network size: 0, avg network size: 0, si_in_serializable: 0 0 %, local: 0 %
I1126 13:56:51.224195 950924 Coordinator.h:126] commit: 2033927 abort: 9062 (0/9062/0), network size: 0, avg network size: 0, si_in_serializable: 0 0 %, local: 0 %
I1126 13:56:52.224285 950924 Coordinator.h:126] commit: 2035858 abort: 9153 (0/9153/0), network size: 0, avg network size: 0, si_in_serializable: 0 0 %, local: 0 %
I1126 13:56:53.224362 950924 Coordinator.h:126] commit: 2037918 abort: 9082 (0/9082/0), network size: 0, avg network size: 0, si_in_serializable: 0 0 %, local: 0 %
I1126 13:56:54.224434 950924 Coordinator.h:126] commit: 2035856 abort: 9144 (0/9144/0), network size: 0, avg network size: 0, si_in_serializable: 0 0 %, local: 0 %
I1126 13:56:55.224520 950924 Coordinator.h:126] commit: 2032086 abort: 8914 (0/8914/0), network size: 0, avg network size: 0, si_in_serializable: 0 0 %, local: 0 %
I1126 13:56:56.224625 950924 Coordinator.h:126] commit: 1809889 abort: 8111 (0/8111/0), network size: 0, avg network size: 0, si_in_serializable: 0 0 %, local: 0 %
I1126 13:56:57.224717 950924 Coordinator.h:126] commit: 2038901 abort: 9099 (0/9099/0), network size: 0, avg network size: 0, si_in_serializable: 0 0 %, local: 0 %
I1126 13:56:58.224794 950924 Coordinator.h:126] commit: 2036143 abort: 8857 (0/8857/0), network size: 0, avg network size: 0, si_in_serializable: 0 0 %, local: 0 %
I1126 13:56:59.224870 950924 Coordinator.h:126] commit: 2031142 abort: 8858 (0/8858/0), network size: 0, avg network size: 0, si_in_serializable: 0 0 %, local: 0 %
I1126 13:57:00.224972 950924 Coordinator.h:126] commit: 2016023 abort: 8977 (0/8977/0), network size: 0, avg network size: 0, si_in_serializable: 0 0 %, local: 0 %
I1126 13:57:01.225088 950924 Coordinator.h:126] commit: 2033960 abort: 9040 (0/9040/0), network size: 0, avg network size: 0, si_in_serializable: 0 0 %, local: 0 %
I1126 13:57:02.225185 950924 Coordinator.h:126] commit: 2033847 abort: 9153 (0/9153/0), network size: 0, avg network size: 0, si_in_serializable: 0 0 %, local: 0 %
I1126 13:57:03.225282 950924 Coordinator.h:126] commit: 2034026 abort: 8974 (0/8974/0), network size: 0, avg network size: 0, si_in_serializable: 0 0 %, local: 0 %
I1126 13:57:04.225392 950924 Coordinator.h:126] commit: 2031927 abort: 9073 (0/9073/0), network size: 0, avg network size: 0, si_in_serializable: 0 0 %, local: 0 %
I1126 13:57:05.225499 950924 Coordinator.h:126] commit: 2035927 abort: 9073 (0/9073/0), network size: 0, avg network size: 0, si_in_serializable: 0 0 %, local: 0 %
I1126 13:57:06.225594 950924 Coordinator.h:126] commit: 2033123 abort: 8877 (0/8877/0), network size: 0, avg network size: 0, si_in_serializable: 0 0 %, local: 0 %
I1126 13:57:07.225685 950924 Coordinator.h:126] commit: 2039797 abort: 9203 (0/9203/0), network size: 0, avg network size: 0, si_in_serializable: 0 0 %, local: 0 %
I1126 13:57:08.225775 950924 Coordinator.h:126] commit: 1939341 abort: 8659 (0/8659/0), network size: 0, avg network size: 0, si_in_serializable: 0 0 %, local: 0 %
I1126 13:57:08.225812 950924 Coordinator.h:152] average commit: 2.01019e+06 abort: 8912.7 (0/8912.7/0), network size: 0, avg network size: 0, si_in_serializable: 0 0 %, local: 0 %
I1126 13:57:08.226210 950942 AriaExecutor.h:103] AriaExecutor 2 exits. 
I1126 13:57:08.226217 950950 AriaExecutor.h:103] AriaExecutor 10 exits. 
I1126 13:57:08.226222 950944 AriaExecutor.h:103] AriaExecutor 4 exits. 
I1126 13:57:08.226214 950952 Manager.h:227] Manager(worker id = 12) on the coordinator node exits.
I1126 13:57:08.226215 950948 AriaExecutor.h:103] AriaExecutor 8 exits. 
I1126 13:57:08.226212 950940 AriaExecutor.h:103] AriaExecutor 0 exits. 
I1126 13:57:08.226226 950945 AriaExecutor.h:103] AriaExecutor 5 exits. 
I1126 13:57:08.226226 950951 AriaExecutor.h:103] AriaExecutor 11 exits. 
I1126 13:57:08.226226 950941 AriaExecutor.h:103] AriaExecutor 1 exits. 
I1126 13:57:08.226227 950949 AriaExecutor.h:103] AriaExecutor 9 exits. 
I1126 13:57:08.226226 950943 AriaExecutor.h:103] AriaExecutor 3 exits. 
I1126 13:57:08.226226 950947 AriaExecutor.h:103] AriaExecutor 7 exits. 
I1126 13:57:08.226214 950946 AriaExecutor.h:103] AriaExecutor 6 exits. 
I1126 13:57:08.225821 950924 AriaExecutor.h:649] Worker 0 latency: 335 us (50%) 384 us (75%) 426 us (95%) 441 us (99%).
I1126 13:57:08.371178 950924 AriaExecutor.h:649] Worker 1 latency: 334 us (50%) 382 us (75%) 425 us (95%) 440 us (99%).
I1126 13:57:08.518646 950924 AriaExecutor.h:649] Worker 2 latency: 335 us (50%) 384 us (75%) 426 us (95%) 441 us (99%).
I1126 13:57:08.664225 950924 AriaExecutor.h:649] Worker 3 latency: 338 us (50%) 385 us (75%) 426 us (95%) 440 us (99%).
I1126 13:57:08.805145 950924 AriaExecutor.h:649] Worker 4 latency: 336 us (50%) 384 us (75%) 426 us (95%) 440 us (99%).
I1126 13:57:08.951609 950924 AriaExecutor.h:649] Worker 5 latency: 335 us (50%) 383 us (75%) 425 us (95%) 440 us (99%).
I1126 13:57:09.095539 950924 AriaExecutor.h:649] Worker 6 latency: 339 us (50%) 385 us (75%) 426 us (95%) 440 us (99%).
I1126 13:57:09.237709 950924 AriaExecutor.h:649] Worker 7 latency: 337 us (50%) 384 us (75%) 425 us (95%) 439 us (99%).
I1126 13:57:09.384454 950924 AriaExecutor.h:649] Worker 8 latency: 339 us (50%) 385 us (75%) 426 us (95%) 440 us (99%).
I1126 13:57:09.527617 950924 AriaExecutor.h:649] Worker 9 latency: 337 us (50%) 384 us (75%) 425 us (95%) 440 us (99%).
I1126 13:57:09.667189 950924 AriaExecutor.h:649] Worker 10 latency: 339 us (50%) 386 us (75%) 426 us (95%) 441 us (99%).
I1126 13:57:09.807595 950924 AriaExecutor.h:649] Worker 11 latency: 339 us (50%) 386 us (75%) 426 us (95%) 440 us (99%).
I1126 13:57:09.949607 950924 Coordinator.h:177] total commit: 2.01019e+06
I1126 13:57:10.949723 950924 Coordinator.h:192] Coordinator exits.
