I1126 13:47:03.806069 945254 Database.h:65] ycsb initialization finished in 30 milliseconds.
I1126 13:47:03.806177 945254 Coordinator.h:30] Coordinator initializes 12 workers.
I1126 13:47:03.813663 945254 Coordinator.h:77] Coordinator starts to run 13 workers.
I1126 13:47:03.813723 945270 AriaExecutor.h:82] AriaExecutor 0 started. 
I1126 13:47:03.813761 945271 AriaExecutor.h:82] AriaExecutor 1 started. 
I1126 13:47:03.813805 945272 AriaExecutor.h:82] AriaExecutor 2 started. 
I1126 13:47:03.813858 945273 AriaExecutor.h:82] AriaExecutor 3 started. 
I1126 13:47:03.813910 945274 AriaExecutor.h:82] AriaExecutor 4 started. 
I1126 13:47:03.813949 945275 AriaExecutor.h:82] AriaExecutor 5 started. 
I1126 13:47:03.814004 945276 AriaExecutor.h:82] AriaExecutor 6 started. 
I1126 13:47:03.814060 945277 AriaExecutor.h:82] AriaExecutor 7 started. 
I1126 13:47:03.814114 945278 AriaExecutor.h:82] AriaExecutor 8 started. 
I1126 13:47:03.814172 945279 AriaExecutor.h:82] AriaExecutor 9 started. 
I1126 13:47:03.814219 945280 AriaExecutor.h:82] AriaExecutor 10 started. 
I1126 13:47:03.814266 945281 AriaExecutor.h:82] AriaExecutor 11 started. 
I1126 13:47:03.814317 945282 Manager.h:224] Manager(worker id = 12) on the coordinator node started.
I1126 13:47:04.814376 945254 Coordinator.h:126] commit: 5870 abort: 250130 (0/250130/0), network size: 0, avg network size: 0, si_in_serializable: 0 0 %, local: 0 %
I1126 13:47:05.814512 945254 Coordinator.h:126] commit: 6053 abort: 254947 (0/254947/0), network size: 0, avg network size: 0, si_in_serializable: 0 0 %, local: 0 %
I1126 13:47:06.814640 945254 Coordinator.h:126] commit: 6189 abort: 257811 (0/257811/0), network size: 0, avg network size: 0, si_in_serializable: 0 0 %, local: 0 %
I1126 13:47:07.814743 945254 Coordinator.h:126] commit: 6101 abort: 259899 (0/259899/0), network size: 0, avg network size: 0, si_in_serializable: 0 0 %, local: 0 %
I1126 13:47:08.814839 945254 Coordinator.h:126] commit: 6164 abort: 259836 (0/259836/0), network size: 0, avg network size: 0, si_in_serializable: 0 0 %, local: 0 %
I1126 13:47:09.814935 945254 Coordinator.h:126] commit: 6243 abort: 257757 (0/257757/0), network size: 0, avg network size: 0, si_in_serializable: 0 0 %, local: 0 %
I1126 13:47:10.815035 945254 Coordinator.h:126] commit: 6199 abort: 261801 (0/261801/0), network size: 0, avg network size: 0, si_in_serializable: 0 0 %, local: 0 %
I1126 13:47:11.815162 945254 Coordinator.h:126] commit: 6128 abort: 260872 (0/260872/0), network size: 0, avg network size: 0, si_in_serializable: 0 0 %, local: 0 %
I1126 13:47:12.815266 945254 Coordinator.h:126] commit: 6259 abort: 261741 (0/261741/0), network size: 0, avg network size: 0, si_in_serializable: 0 0 %, local: 0 %
I1126 13:47:13.815363 945254 Coordinator.h:126] commit: 6206 abort: 261794 (0/261794/0), network size: 0, avg network size: 0, si_in_serializable: 0 0 %, local: 0 %
I1126 13:47:14.815461 945254 Coordinator.h:126] commit: 6122 abort: 261878 (0/261878/0), network size: 0, avg network size: 0, si_in_serializable: 0 0 %, local: 0 %
I1126 13:47:15.815560 945254 Coordinator.h:126] commit: 6238 abort: 260762 (0/260762/0), network size: 0, avg network size: 0, si_in_serializable: 0 0 %, local: 0 %
I1126 13:47:16.815656 945254 Coordinator.h:126] commit: 6141 abort: 258859 (0/258859/0), network size: 0, avg network size: 0, si_in_serializable: 0 0 %, local: 0 %
I1126 13:47:17.815755 945254 Coordinator.h:126] commit: 6273 abort: 258727 (0/258727/0), network size: 0, avg network size: 0, si_in_serializable: 0 0 %, local: 0 %
I1126 13:47:18.815853 945254 Coordinator.h:126] commit: 6098 abort: 260902 (0/260902/0), network size: 0, avg network size: 0, si_in_serializable: 0 0 %, local: 0 %
I1126 13:47:19.815953 945254 Coordinator.h:126] commit: 6205 abort: 257795 (0/257795/0), network size: 0, avg network size: 0, si_in_serializable: 0 0 %, local: 0 %
I1126 13:47:20.816049 945254 Coordinator.h:126] commit: 6127 abort: 259873 (0/259873/0), network size: 0, avg network size: 0, si_in_serializable: 0 0 %, local: 0 %
I1126 13:47:21.816174 945254 Coordinator.h:126] commit: 6011 abort: 257989 (0/257989/0), network size: 0, avg network size: 0, si_in_serializable: 0 0 %, local: 0 %
I1126 13:47:22.816279 945254 Coordinator.h:126] commit: 6227 abort: 259773 (0/259773/0), network size: 0, avg network size: 0, si_in_serializable: 0 0 %, local: 0 %
I1126 13:47:23.816380 945254 Coordinator.h:126] commit: 6046 abort: 256954 (0/256954/0), network size: 0, avg network size: 0, si_in_serializable: 0 0 %, local: 0 %
I1126 13:47:24.816478 945254 Coordinator.h:126] commit: 6205 abort: 259795 (0/259795/0), network size: 0, avg network size: 0, si_in_serializable: 0 0 %, local: 0 %
I1126 13:47:25.816577 945254 Coordinator.h:126] commit: 6191 abort: 258809 (0/258809/0), network size: 0, avg network size: 0, si_in_serializable: 0 0 %, local: 0 %
I1126 13:47:26.816676 945254 Coordinator.h:126] commit: 6272 abort: 259728 (0/259728/0), network size: 0, avg network size: 0, si_in_serializable: 0 0 %, local: 0 %
I1126 13:47:27.816773 945254 Coordinator.h:126] commit: 6251 abort: 258749 (0/258749/0), network size: 0, avg network size: 0, si_in_serializable: 0 0 %, local: 0 %
I1126 13:47:28.816872 945254 Coordinator.h:126] commit: 6116 abort: 256884 (0/256884/0), network size: 0, avg network size: 0, si_in_serializable: 0 0 %, local: 0 %
I1126 13:47:28.816897 945254 Coordinator.h:152] average commit: 6148.8 abort: 259351 (0/259351/0), network size: 0, avg network size: 0, si_in_serializable: 0 0 %, local: 0 %
I1126 13:47:28.817353 945282 Manager.h:227] Manager(worker id = 12) on the coordinator node exits.
I1126 13:47:28.817355 945280 AriaExecutor.h:94] AriaExecutor 10 exits. 
I1126 13:47:28.817355 945272 AriaExecutor.h:94] AriaExecutor 2 exits. 
I1126 13:47:28.817369 945275 AriaExecutor.h:94] AriaExecutor 5 exits. 
I1126 13:47:28.817358 945276 AriaExecutor.h:94] AriaExecutor 6 exits. 
I1126 13:47:28.817358 945274 AriaExecutor.h:94] AriaExecutor 4 exits. 
I1126 13:47:28.817370 945281 AriaExecutor.h:94] AriaExecutor 11 exits. 
I1126 13:47:28.817370 945271 AriaExecutor.h:94] AriaExecutor 1 exits. 
I1126 13:47:28.817370 945273 AriaExecutor.h:94] AriaExecutor 3 exits. 
I1126 13:47:28.817369 945277 AriaExecutor.h:94] AriaExecutor 7 exits. 
I1126 13:47:28.817358 945270 AriaExecutor.h:94] AriaExecutor 0 exits. 
I1126 13:47:28.817369 945279 AriaExecutor.h:94] AriaExecutor 9 exits. 
I1126 13:47:28.817358 945278 AriaExecutor.h:94] AriaExecutor 8 exits. 
I1126 13:47:28.816910 945254 AriaExecutor.h:535] Worker 0 latency: 3677 us (50%) 3711 us (75%) 3980 us (95%) 4099 us (99%).
I1126 13:47:28.817906 945254 AriaExecutor.h:535] Worker 1 latency: 3678 us (50%) 3713 us (75%) 3985 us (95%) 4100 us (99%).
I1126 13:47:28.818826 945254 AriaExecutor.h:535] Worker 2 latency: 3673 us (50%) 3709 us (75%) 3977 us (95%) 4093 us (99%).
I1126 13:47:28.819581 945254 AriaExecutor.h:535] Worker 3 latency: 3675 us (50%) 3710 us (75%) 3979 us (95%) 4097 us (99%).
I1126 13:47:28.820356 945254 AriaExecutor.h:535] Worker 4 latency: 3671 us (50%) 3708 us (75%) 3979 us (95%) 4100 us (99%).
I1126 13:47:28.821080 945254 AriaExecutor.h:535] Worker 5 latency: 3671 us (50%) 3709 us (75%) 3973 us (95%) 4089 us (99%).
I1126 13:47:28.821787 945254 AriaExecutor.h:535] Worker 6 latency: 3667 us (50%) 3706 us (75%) 3967 us (95%) 4090 us (99%).
I1126 13:47:28.822413 945254 AriaExecutor.h:535] Worker 7 latency: 3668 us (50%) 3707 us (75%) 3968 us (95%) 4087 us (99%).
I1126 13:47:28.823074 945254 AriaExecutor.h:535] Worker 8 latency: 3663 us (50%) 3704 us (75%) 3963 us (95%) 4089 us (99%).
I1126 13:47:28.823659 945254 AriaExecutor.h:535] Worker 9 latency: 3664 us (50%) 3705 us (75%) 3972 us (95%) 4099 us (99%).
I1126 13:47:28.824275 945254 AriaExecutor.h:535] Worker 10 latency: 3661 us (50%) 3702 us (75%) 3967 us (95%) 4087 us (99%).
I1126 13:47:28.824821 945254 AriaExecutor.h:535] Worker 11 latency: 3660 us (50%) 3703 us (75%) 3967 us (95%) 4086 us (99%).
I1126 13:47:28.825414 945254 Coordinator.h:177] total commit: 6148.8
I1126 13:47:29.825531 945254 Coordinator.h:192] Coordinator exits.
