I1126 13:50:35.270481 947295 Database.h:65] ycsb initialization finished in 30 milliseconds.
I1126 13:50:35.270574 947295 Coordinator.h:30] Coordinator initializes 12 workers.
I1126 13:50:35.278076 947295 Coordinator.h:77] Coordinator starts to run 13 workers.
I1126 13:50:35.278134 947311 AriaExecutor.h:82] AriaExecutor 0 started. 
I1126 13:50:35.278156 947312 AriaExecutor.h:82] AriaExecutor 1 started. 
I1126 13:50:35.278203 947313 AriaExecutor.h:82] AriaExecutor 2 started. 
I1126 13:50:35.278251 947314 AriaExecutor.h:82] AriaExecutor 3 started. 
I1126 13:50:35.278298 947315 AriaExecutor.h:82] AriaExecutor 4 started. 
I1126 13:50:35.278370 947316 AriaExecutor.h:82] AriaExecutor 5 started. 
I1126 13:50:35.278432 947317 AriaExecutor.h:82] AriaExecutor 6 started. 
I1126 13:50:35.278486 947318 AriaExecutor.h:82] AriaExecutor 7 started. 
I1126 13:50:35.278530 947319 AriaExecutor.h:82] AriaExecutor 8 started. 
I1126 13:50:35.278591 947320 AriaExecutor.h:82] AriaExecutor 9 started. 
I1126 13:50:35.278637 947321 AriaExecutor.h:82] AriaExecutor 10 started. 
I1126 13:50:35.278699 947322 AriaExecutor.h:82] AriaExecutor 11 started. 
I1126 13:50:35.278746 947323 Manager.h:224] Manager(worker id = 12) on the coordinator node started.
I1126 13:50:36.278816 947295 Coordinator.h:126] commit: 1689 abort: 266311 (0/266311/0), network size: 0, avg network size: 0, si_in_serializable: 0 0 %, local: 0 %
I1126 13:50:37.278939 947295 Coordinator.h:126] commit: 1711 abort: 267289 (0/267289/0), network size: 0, avg network size: 0, si_in_serializable: 0 0 %, local: 0 %
I1126 13:50:38.279067 947295 Coordinator.h:126] commit: 1721 abort: 270279 (0/270279/0), network size: 0, avg network size: 0, si_in_serializable: 0 0 %, local: 0 %
I1126 13:50:39.279173 947295 Coordinator.h:126] commit: 1782 abort: 271218 (0/271218/0), network size: 0, avg network size: 0, si_in_serializable: 0 0 %, local: 0 %
I1126 13:50:40.279266 947295 Coordinator.h:126] commit: 1802 abort: 271198 (0/271198/0), network size: 0, avg network size: 0, si_in_serializable: 0 0 %, local: 0 %
I1126 13:50:41.279367 947295 Coordinator.h:126] commit: 1767 abort: 270233 (0/270233/0), network size: 0, avg network size: 0, si_in_serializable: 0 0 %, local: 0 %
I1126 13:50:42.279466 947295 Coordinator.h:126] commit: 1773 abort: 272227 (0/272227/0), network size: 0, avg network size: 0, si_in_serializable: 0 0 %, local: 0 %
I1126 13:50:43.279592 947295 Coordinator.h:126] commit: 1701 abort: 272299 (0/272299/0), network size: 0, avg network size: 0, si_in_serializable: 0 0 %, local: 0 %
I1126 13:50:44.279693 947295 Coordinator.h:126] commit: 1750 abort: 272250 (0/272250/0), network size: 0, avg network size: 0, si_in_serializable: 0 0 %, local: 0 %
I1126 13:50:45.279789 947295 Coordinator.h:126] commit: 1791 abort: 273209 (0/273209/0), network size: 0, avg network size: 0, si_in_serializable: 0 0 %, local: 0 %
I1126 13:50:46.279886 947295 Coordinator.h:126] commit: 1790 abort: 272210 (0/272210/0), network size: 0, avg network size: 0, si_in_serializable: 0 0 %, local: 0 %
I1126 13:50:47.279989 947295 Coordinator.h:126] commit: 1807 abort: 273193 (0/273193/0), network size: 0, avg network size: 0, si_in_serializable: 0 0 %, local: 0 %
I1126 13:50:48.280085 947295 Coordinator.h:126] commit: 1740 abort: 272260 (0/272260/0), network size: 0, avg network size: 0, si_in_serializable: 0 0 %, local: 0 %
I1126 13:50:49.280180 947295 Coordinator.h:126] commit: 1756 abort: 273244 (0/273244/0), network size: 0, avg network size: 0, si_in_serializable: 0 0 %, local: 0 %
I1126 13:50:50.280274 947295 Coordinator.h:126] commit: 1775 abort: 268225 (0/268225/0), network size: 0, avg network size: 0, si_in_serializable: 0 0 %, local: 0 %
I1126 13:50:51.280372 947295 Coordinator.h:126] commit: 1736 abort: 272264 (0/272264/0), network size: 0, avg network size: 0, si_in_serializable: 0 0 %, local: 0 %
I1126 13:50:52.280494 947295 Coordinator.h:126] commit: 1718 abort: 271282 (0/271282/0), network size: 0, avg network size: 0, si_in_serializable: 0 0 %, local: 0 %
I1126 13:50:53.280597 947295 Coordinator.h:126] commit: 1766 abort: 271234 (0/271234/0), network size: 0, avg network size: 0, si_in_serializable: 0 0 %, local: 0 %
I1126 13:50:54.280690 947295 Coordinator.h:126] commit: 1742 abort: 272258 (0/272258/0), network size: 0, avg network size: 0, si_in_serializable: 0 0 %, local: 0 %
I1126 13:50:55.280786 947295 Coordinator.h:126] commit: 1744 abort: 271256 (0/271256/0), network size: 0, avg network size: 0, si_in_serializable: 0 0 %, local: 0 %
I1126 13:50:56.280882 947295 Coordinator.h:126] commit: 1725 abort: 272275 (0/272275/0), network size: 0, avg network size: 0, si_in_serializable: 0 0 %, local: 0 %
I1126 13:50:57.280977 947295 Coordinator.h:126] commit: 1778 abort: 271222 (0/271222/0), network size: 0, avg network size: 0, si_in_serializable: 0 0 %, local: 0 %
I1126 13:50:58.281075 947295 Coordinator.h:126] commit: 1775 abort: 272225 (0/272225/0), network size: 0, avg network size: 0, si_in_serializable: 0 0 %, local: 0 %
I1126 13:50:59.281169 947295 Coordinator.h:126] commit: 1721 abort: 271279 (0/271279/0), network size: 0, avg network size: 0, si_in_serializable: 0 0 %, local: 0 %
I1126 13:51:00.281262 947295 Coordinator.h:126] commit: 1731 abort: 272269 (0/272269/0), network size: 0, avg network size: 0, si_in_serializable: 0 0 %, local: 0 %
I1126 13:51:00.281306 947295 Coordinator.h:152] average commit: 1757.4 abort: 271743 (0/271743/0), network size: 0, avg network size: 0, si_in_serializable: 0 0 %, local: 0 %
I1126 13:51:00.281317 947295 AriaExecutor.h:535] Worker 0 latency: 3625 us (50%) 3646 us (75%) 3695 us (95%) 3803 us (99%).
I1126 13:51:00.284061 947323 Manager.h:227] Manager(worker id = 12) on the coordinator node exits.
I1126 13:51:00.284066 947319 AriaExecutor.h:94] AriaExecutor 8 exits. 
I1126 13:51:00.284070 947317 AriaExecutor.h:94] AriaExecutor 6 exits. 
I1126 13:51:00.284067 947313 AriaExecutor.h:94] AriaExecutor 2 exits. 
I1126 13:51:00.284081 947315 AriaExecutor.h:94] AriaExecutor 4 exits. 
I1126 13:51:00.284081 947316 AriaExecutor.h:94] AriaExecutor 5 exits. 
I1126 13:51:00.284081 947318 AriaExecutor.h:94] AriaExecutor 7 exits. 
I1126 13:51:00.284081 947311 AriaExecutor.h:94] AriaExecutor 0 exits. 
I1126 13:51:00.284082 947322 AriaExecutor.h:94] AriaExecutor 11 exits. 
I1126 13:51:00.284083 947320 AriaExecutor.h:94] AriaExecutor 9 exits. 
I1126 13:51:00.284083 947314 AriaExecutor.h:94] AriaExecutor 3 exits. 
I1126 13:51:00.284067 947321 AriaExecutor.h:94] AriaExecutor 10 exits. 
I1126 13:51:00.284081 947312 AriaExecutor.h:94] AriaExecutor 1 exits. 
I1126 13:51:00.284240 947295 AriaExecutor.h:535] Worker 1 latency: 3624 us (50%) 3645 us (75%) 3695 us (95%) 3868 us (99%).
I1126 13:51:00.284580 947295 AriaExecutor.h:535] Worker 2 latency: 3620 us (50%) 3642 us (75%) 3689 us (95%) 3849 us (99%).
I1126 13:51:00.284822 947295 AriaExecutor.h:535] Worker 3 latency: 3616 us (50%) 3640 us (75%) 3687 us (95%) 3758 us (99%).
I1126 13:51:00.285020 947295 AriaExecutor.h:535] Worker 4 latency: 3613 us (50%) 3638 us (75%) 3685 us (95%) 3761 us (99%).
I1126 13:51:00.285212 947295 AriaExecutor.h:535] Worker 5 latency: 3612 us (50%) 3637 us (75%) 3682 us (95%) 3861 us (99%).
I1126 13:51:00.285363 947295 AriaExecutor.h:535] Worker 6 latency: 3607 us (50%) 3634 us (75%) 3684 us (95%) 3921 us (99%).
I1126 13:51:00.285499 947295 AriaExecutor.h:535] Worker 7 latency: 3605 us (50%) 3633 us (75%) 3681 us (95%) 3743 us (99%).
I1126 13:51:00.285624 947295 AriaExecutor.h:535] Worker 8 latency: 3604 us (50%) 3631 us (75%) 3676 us (95%) 3858 us (99%).
I1126 13:51:00.285739 947295 AriaExecutor.h:535] Worker 9 latency: 3600 us (50%) 3631 us (75%) 3673 us (95%) 3728 us (99%).
I1126 13:51:00.285845 947295 AriaExecutor.h:535] Worker 10 latency: 3597 us (50%) 3627 us (75%) 3670 us (95%) 3763 us (99%).
I1126 13:51:00.285943 947295 AriaExecutor.h:535] Worker 11 latency: 3599 us (50%) 3629 us (75%) 3673 us (95%) 3741 us (99%).
I1126 13:51:00.286049 947295 Coordinator.h:177] total commit: 1757.4
I1126 13:51:01.286162 947295 Coordinator.h:192] Coordinator exits.
