I1126 16:04:03.476197 1029608 Database.h:65] ycsb initialization finished in 29 milliseconds.
I1126 16:04:03.476291 1029608 Coordinator.h:30] Coordinator initializes 12 workers.
I1126 16:04:03.483888 1029608 Coordinator.h:77] Coordinator starts to run 13 workers.
I1126 16:04:03.483938 1029624 AriaExecutor.h:93] AriaExecutor 0 started. 
I1126 16:04:03.483970 1029625 AriaExecutor.h:93] AriaExecutor 1 started. 
I1126 16:04:03.484004 1029626 AriaExecutor.h:93] AriaExecutor 2 started. 
I1126 16:04:03.484051 1029627 AriaExecutor.h:93] AriaExecutor 3 started. 
I1126 16:04:03.484083 1029628 AriaExecutor.h:93] AriaExecutor 4 started. 
I1126 16:04:03.484122 1029629 AriaExecutor.h:93] AriaExecutor 5 started. 
I1126 16:04:03.484167 1029630 AriaExecutor.h:93] AriaExecutor 6 started. 
I1126 16:04:03.484194 1029631 AriaExecutor.h:93] AriaExecutor 7 started. 
I1126 16:04:03.484230 1029632 AriaExecutor.h:93] AriaExecutor 8 started. 
I1126 16:04:03.484268 1029633 AriaExecutor.h:93] AriaExecutor 9 started. 
I1126 16:04:03.484308 1029634 AriaExecutor.h:93] AriaExecutor 10 started. 
I1126 16:04:03.484345 1029635 AriaExecutor.h:93] AriaExecutor 11 started. 
I1126 16:04:03.484377 1029636 Manager.h:224] Manager(worker id = 12) on the coordinator node started.
I1126 16:04:04.484429 1029608 Coordinator.h:126] commit: 675588 abort: 56412 (0/56412/0), network size: 0, avg network size: 0, si_in_serializable: 0 0 %, local: 0 %
I1126 16:04:05.484529 1029608 Coordinator.h:126] commit: 663985 abort: 56015 (0/56015/0), network size: 0, avg network size: 0, si_in_serializable: 0 0 %, local: 0 %
I1126 16:04:06.484649 1029608 Coordinator.h:126] commit: 674435 abort: 56565 (0/56565/0), network size: 0, avg network size: 0, si_in_serializable: 0 0 %, local: 0 %
I1126 16:04:07.484745 1029608 Coordinator.h:126] commit: 678974 abort: 57026 (0/57026/0), network size: 0, avg network size: 0, si_in_serializable: 0 0 %, local: 0 %
I1126 16:04:08.484822 1029608 Coordinator.h:126] commit: 671681 abort: 56319 (0/56319/0), network size: 0, avg network size: 0, si_in_serializable: 0 0 %, local: 0 %
I1126 16:04:09.484894 1029608 Coordinator.h:126] commit: 671323 abort: 56677 (0/56677/0), network size: 0, avg network size: 0, si_in_serializable: 0 0 %, local: 0 %
I1126 16:04:10.485013 1029608 Coordinator.h:126] commit: 674228 abort: 56810 (0/56810/0), network size: 0, avg network size: 0, si_in_serializable: 0 0 %, local: 0 %
I1126 16:04:11.485112 1029608 Coordinator.h:126] commit: 678641 abort: 57321 (0/57321/0), network size: 0, avg network size: 0, si_in_serializable: 0 0 %, local: 0 %
I1126 16:04:12.485198 1029608 Coordinator.h:126] commit: 681107 abort: 56893 (0/56893/0), network size: 0, avg network size: 0, si_in_serializable: 0 0 %, local: 0 %
I1126 16:04:13.485271 1029608 Coordinator.h:126] commit: 651999 abort: 55001 (0/55001/0), network size: 0, avg network size: 0, si_in_serializable: 0 0 %, local: 0 %
I1126 16:04:14.485368 1029608 Coordinator.h:126] commit: 669783 abort: 56217 (0/56217/0), network size: 0, avg network size: 0, si_in_serializable: 0 0 %, local: 0 %
I1126 16:04:15.485456 1029608 Coordinator.h:126] commit: 678071 abort: 57335 (0/57335/0), network size: 0, avg network size: 0, si_in_serializable: 0 0 %, local: 0 %
I1126 16:04:16.485554 1029608 Coordinator.h:126] commit: 679436 abort: 57157 (0/57157/0), network size: 0, avg network size: 0, si_in_serializable: 0 0 %, local: 0 %
I1126 16:04:17.485643 1029608 Coordinator.h:126] commit: 679803 abort: 57197 (0/57197/0), network size: 0, avg network size: 0, si_in_serializable: 0 0 %, local: 0 %
I1126 16:04:18.485726 1029608 Coordinator.h:126] commit: 679857 abort: 57143 (0/57143/0), network size: 0, avg network size: 0, si_in_serializable: 0 0 %, local: 0 %
I1126 16:04:19.485800 1029608 Coordinator.h:126] commit: 678656 abort: 57344 (0/57344/0), network size: 0, avg network size: 0, si_in_serializable: 0 0 %, local: 0 %
I1126 16:04:20.485879 1029608 Coordinator.h:126] commit: 679210 abort: 56790 (0/56790/0), network size: 0, avg network size: 0, si_in_serializable: 0 0 %, local: 0 %
I1126 16:04:21.485981 1029608 Coordinator.h:126] commit: 680005 abort: 56995 (0/56995/0), network size: 0, avg network size: 0, si_in_serializable: 0 0 %, local: 0 %
I1126 16:04:22.486068 1029608 Coordinator.h:126] commit: 628247 abort: 52753 (0/52753/0), network size: 0, avg network size: 0, si_in_serializable: 0 0 %, local: 0 %
I1126 16:04:23.486143 1029608 Coordinator.h:126] commit: 679707 abort: 57293 (0/57293/0), network size: 0, avg network size: 0, si_in_serializable: 0 0 %, local: 0 %
I1126 16:04:24.486218 1029608 Coordinator.h:126] commit: 681057 abort: 56943 (0/56943/0), network size: 0, avg network size: 0, si_in_serializable: 0 0 %, local: 0 %
I1126 16:04:25.486346 1029608 Coordinator.h:126] commit: 671105 abort: 56895 (0/56895/0), network size: 0, avg network size: 0, si_in_serializable: 0 0 %, local: 0 %
I1126 16:04:26.486428 1029608 Coordinator.h:126] commit: 679935 abort: 57065 (0/57065/0), network size: 0, avg network size: 0, si_in_serializable: 0 0 %, local: 0 %
I1126 16:04:27.486500 1029608 Coordinator.h:126] commit: 681087 abort: 56913 (0/56913/0), network size: 0, avg network size: 0, si_in_serializable: 0 0 %, local: 0 %
I1126 16:04:28.486572 1029608 Coordinator.h:126] commit: 679692 abort: 57308 (0/57308/0), network size: 0, avg network size: 0, si_in_serializable: 0 0 %, local: 0 %
I1126 16:04:28.486582 1029608 Coordinator.h:152] average commit: 673278 abort: 56622.4 (0/56622.4/0), network size: 0, avg network size: 0, si_in_serializable: 0 0 %, local: 0 %
I1126 16:04:28.487195 1029636 Manager.h:227] Manager(worker id = 12) on the coordinator node exits.
I1126 16:04:28.487197 1029628 AriaExecutor.h:105] AriaExecutor 4 exits. 
I1126 16:04:28.487201 1029630 AriaExecutor.h:105] AriaExecutor 6 exits. 
I1126 16:04:28.487198 1029634 AriaExecutor.h:105] AriaExecutor 10 exits. 
I1126 16:04:28.487213 1029625 AriaExecutor.h:105] AriaExecutor 1 exits. 
I1126 16:04:28.487201 1029626 AriaExecutor.h:105] AriaExecutor 2 exits. 
I1126 16:04:28.487200 1029632 AriaExecutor.h:105] AriaExecutor 8 exits. 
I1126 16:04:28.487213 1029627 AriaExecutor.h:105] AriaExecutor 3 exits. 
I1126 16:04:28.487214 1029631 AriaExecutor.h:105] AriaExecutor 7 exits. 
I1126 16:04:28.487214 1029635 AriaExecutor.h:105] AriaExecutor 11 exits. 
I1126 16:04:28.487215 1029633 AriaExecutor.h:105] AriaExecutor 9 exits. 
I1126 16:04:28.487215 1029629 AriaExecutor.h:105] AriaExecutor 5 exits. 
I1126 16:04:28.487200 1029624 AriaExecutor.h:105] AriaExecutor 0 exits. 
I1126 16:04:28.486593 1029608 AriaExecutor.h:672] Worker 0 latency: 902 us (50%) 1102 us (75%) 1257 us (95%) 1291 us (99%).
I1126 16:04:28.545270 1029608 AriaExecutor.h:672] Worker 1 latency: 899 us (50%) 1100 us (75%) 1256 us (95%) 1289 us (99%).
I1126 16:04:28.605605 1029608 AriaExecutor.h:672] Worker 2 latency: 901 us (50%) 1101 us (75%) 1257 us (95%) 1291 us (99%).
I1126 16:04:28.665048 1029608 AriaExecutor.h:672] Worker 3 latency: 901 us (50%) 1101 us (75%) 1256 us (95%) 1289 us (99%).
I1126 16:04:28.724246 1029608 AriaExecutor.h:672] Worker 4 latency: 902 us (50%) 1101 us (75%) 1257 us (95%) 1290 us (99%).
I1126 16:04:28.782958 1029608 AriaExecutor.h:672] Worker 5 latency: 899 us (50%) 1099 us (75%) 1256 us (95%) 1289 us (99%).
I1126 16:04:28.840476 1029608 AriaExecutor.h:672] Worker 6 latency: 903 us (50%) 1102 us (75%) 1257 us (95%) 1290 us (99%).
I1126 16:04:28.897923 1029608 AriaExecutor.h:672] Worker 7 latency: 902 us (50%) 1101 us (75%) 1256 us (95%) 1289 us (99%).
I1126 16:04:28.958561 1029608 AriaExecutor.h:672] Worker 8 latency: 904 us (50%) 1103 us (75%) 1257 us (95%) 1290 us (99%).
I1126 16:04:29.016202 1029608 AriaExecutor.h:672] Worker 9 latency: 901 us (50%) 1101 us (75%) 1256 us (95%) 1289 us (99%).
I1126 16:04:29.074146 1029608 AriaExecutor.h:672] Worker 10 latency: 902 us (50%) 1102 us (75%) 1257 us (95%) 1290 us (99%).
I1126 16:04:29.134140 1029608 AriaExecutor.h:672] Worker 11 latency: 901 us (50%) 1101 us (75%) 1256 us (95%) 1289 us (99%).
I1126 16:04:29.193882 1029608 Coordinator.h:177] total commit: 673278
I1126 16:04:30.193996 1029608 Coordinator.h:192] Coordinator exits.
