I1126 15:23:16.703804 1003435 Database.h:65] ycsb initialization finished in 30 milliseconds.
I1126 15:23:16.703903 1003435 Coordinator.h:30] Coordinator initializes 12 workers.
I1126 15:23:16.710860 1003435 Coordinator.h:77] Coordinator starts to run 13 workers.
I1126 15:23:16.710927 1003451 AriaExecutor.h:95] AriaExecutor 0 started. 
I1126 15:23:16.710958 1003452 AriaExecutor.h:95] AriaExecutor 1 started. 
I1126 15:23:16.711002 1003453 AriaExecutor.h:95] AriaExecutor 2 started. 
I1126 15:23:16.711038 1003454 AriaExecutor.h:95] AriaExecutor 3 started. 
I1126 15:23:16.711073 1003455 AriaExecutor.h:95] AriaExecutor 4 started. 
I1126 15:23:16.711115 1003456 AriaExecutor.h:95] AriaExecutor 5 started. 
I1126 15:23:16.711138 1003457 AriaExecutor.h:95] AriaExecutor 6 started. 
I1126 15:23:16.711172 1003458 AriaExecutor.h:95] AriaExecutor 7 started. 
I1126 15:23:16.711210 1003459 AriaExecutor.h:95] AriaExecutor 8 started. 
I1126 15:23:16.711242 1003460 AriaExecutor.h:95] AriaExecutor 9 started. 
I1126 15:23:16.711274 1003461 AriaExecutor.h:95] AriaExecutor 10 started. 
I1126 15:23:16.711306 1003462 AriaExecutor.h:95] AriaExecutor 11 started. 
I1126 15:23:16.711334 1003463 Manager.h:224] Manager(worker id = 12) on the coordinator node started.
I1126 15:23:17.711386 1003435 Coordinator.h:126] commit: 1679268 abort: 180732 (0/180732/0), network size: 0, avg network size: 0, si_in_serializable: 0 0 %, local: 0 %
I1126 15:23:18.711488 1003435 Coordinator.h:126] commit: 1661378 abort: 178622 (0/178622/0), network size: 0, avg network size: 0, si_in_serializable: 0 0 %, local: 0 %
I1126 15:23:19.711591 1003435 Coordinator.h:126] commit: 1688807 abort: 181193 (0/181193/0), network size: 0, avg network size: 0, si_in_serializable: 0 0 %, local: 0 %
I1126 15:23:20.711679 1003435 Coordinator.h:126] commit: 1680035 abort: 179965 (0/179965/0), network size: 0, avg network size: 0, si_in_serializable: 0 0 %, local: 0 %
I1126 15:23:21.711757 1003435 Coordinator.h:126] commit: 1697872 abort: 182128 (0/182128/0), network size: 0, avg network size: 0, si_in_serializable: 0 0 %, local: 0 %
I1126 15:23:22.711836 1003435 Coordinator.h:126] commit: 1688284 abort: 181716 (0/181716/0), network size: 0, avg network size: 0, si_in_serializable: 0 0 %, local: 0 %
I1126 15:23:23.711911 1003435 Coordinator.h:126] commit: 1679337 abort: 180663 (0/180663/0), network size: 0, avg network size: 0, si_in_serializable: 0 0 %, local: 0 %
I1126 15:23:24.711987 1003435 Coordinator.h:126] commit: 1660824 abort: 179176 (0/179176/0), network size: 0, avg network size: 0, si_in_serializable: 0 0 %, local: 0 %
I1126 15:23:25.712086 1003435 Coordinator.h:126] commit: 1680179 abort: 179821 (0/179821/0), network size: 0, avg network size: 0, si_in_serializable: 0 0 %, local: 0 %
I1126 15:23:26.712172 1003435 Coordinator.h:126] commit: 1696878 abort: 183122 (0/183122/0), network size: 0, avg network size: 0, si_in_serializable: 0 0 %, local: 0 %
I1126 15:23:27.712248 1003435 Coordinator.h:126] commit: 1696977 abort: 183023 (0/183023/0), network size: 0, avg network size: 0, si_in_serializable: 0 0 %, local: 0 %
I1126 15:23:28.712321 1003435 Coordinator.h:126] commit: 1697917 abort: 182083 (0/182083/0), network size: 0, avg network size: 0, si_in_serializable: 0 0 %, local: 0 %
I1126 15:23:29.712394 1003435 Coordinator.h:126] commit: 1696518 abort: 183482 (0/183482/0), network size: 0, avg network size: 0, si_in_serializable: 0 0 %, local: 0 %
I1126 15:23:30.712469 1003435 Coordinator.h:126] commit: 1687855 abort: 182145 (0/182145/0), network size: 0, avg network size: 0, si_in_serializable: 0 0 %, local: 0 %
I1126 15:23:31.712546 1003435 Coordinator.h:126] commit: 1596671 abort: 171362 (0/171362/0), network size: 0, avg network size: 0, si_in_serializable: 0 0 %, local: 0 %
I1126 15:23:32.712623 1003435 Coordinator.h:126] commit: 1662993 abort: 178974 (0/178974/0), network size: 0, avg network size: 0, si_in_serializable: 0 0 %, local: 0 %
I1126 15:23:33.712698 1003435 Coordinator.h:126] commit: 1697607 abort: 182393 (0/182393/0), network size: 0, avg network size: 0, si_in_serializable: 0 0 %, local: 0 %
I1126 15:23:34.712774 1003435 Coordinator.h:126] commit: 1698071 abort: 181929 (0/181929/0), network size: 0, avg network size: 0, si_in_serializable: 0 0 %, local: 0 %
I1126 15:23:35.712850 1003435 Coordinator.h:126] commit: 1688770 abort: 181230 (0/181230/0), network size: 0, avg network size: 0, si_in_serializable: 0 0 %, local: 0 %
I1126 15:23:36.712944 1003435 Coordinator.h:126] commit: 1679061 abort: 180939 (0/180939/0), network size: 0, avg network size: 0, si_in_serializable: 0 0 %, local: 0 %
I1126 15:23:37.713025 1003435 Coordinator.h:126] commit: 1697814 abort: 182186 (0/182186/0), network size: 0, avg network size: 0, si_in_serializable: 0 0 %, local: 0 %
I1126 15:23:38.713101 1003435 Coordinator.h:126] commit: 1697601 abort: 182399 (0/182399/0), network size: 0, avg network size: 0, si_in_serializable: 0 0 %, local: 0 %
I1126 15:23:39.713178 1003435 Coordinator.h:126] commit: 1687962 abort: 182038 (0/182038/0), network size: 0, avg network size: 0, si_in_serializable: 0 0 %, local: 0 %
I1126 15:23:40.713253 1003435 Coordinator.h:126] commit: 1697102 abort: 182898 (0/182898/0), network size: 0, avg network size: 0, si_in_serializable: 0 0 %, local: 0 %
I1126 15:23:41.713327 1003435 Coordinator.h:126] commit: 1696626 abort: 183374 (0/183374/0), network size: 0, avg network size: 0, si_in_serializable: 0 0 %, local: 0 %
I1126 15:23:41.713338 1003435 Coordinator.h:152] average commit: 1.68024e+06 abort: 180756 (0/180756/0), network size: 0, avg network size: 0, si_in_serializable: 0 0 %, local: 0 %
I1126 15:23:41.717621 1003461 AriaExecutor.h:107] AriaExecutor 10 exits. 
I1126 15:23:41.717634 1003452 AriaExecutor.h:107] AriaExecutor 1 exits. 
I1126 15:23:41.717622 1003455 AriaExecutor.h:107] AriaExecutor 4 exits. 
I1126 15:23:41.717628 1003459 AriaExecutor.h:107] AriaExecutor 8 exits. 
I1126 15:23:41.717621 1003453 AriaExecutor.h:107] AriaExecutor 2 exits. 
I1126 15:23:41.717624 1003463 Manager.h:227] Manager(worker id = 12) on the coordinator node exits.
I1126 15:23:41.717623 1003457 AriaExecutor.h:107] AriaExecutor 6 exits. 
I1126 15:23:41.717621 1003451 AriaExecutor.h:107] AriaExecutor 0 exits. 
I1126 15:23:41.717634 1003456 AriaExecutor.h:107] AriaExecutor 5 exits. 
I1126 15:23:41.717634 1003454 AriaExecutor.h:107] AriaExecutor 3 exits. 
I1126 15:23:41.717635 1003458 AriaExecutor.h:107] AriaExecutor 7 exits. 
I1126 15:23:41.717634 1003462 AriaExecutor.h:107] AriaExecutor 11 exits. 
I1126 15:23:41.717635 1003460 AriaExecutor.h:107] AriaExecutor 9 exits. 
I1126 15:23:41.713351 1003435 AriaExecutor.h:705] Worker 0 latency: 3731 us (50%) 4244 us (75%) 4644 us (95%) 4747 us (99%).
I1126 15:23:41.845005 1003435 AriaExecutor.h:705] Worker 1 latency: 3734 us (50%) 4245 us (75%) 4643 us (95%) 4746 us (99%).
I1126 15:23:41.977502 1003435 AriaExecutor.h:705] Worker 2 latency: 3749 us (50%) 4252 us (75%) 4644 us (95%) 4747 us (99%).
I1126 15:23:42.108695 1003435 AriaExecutor.h:705] Worker 3 latency: 3737 us (50%) 4247 us (75%) 4644 us (95%) 4747 us (99%).
I1126 15:23:42.244663 1003435 AriaExecutor.h:705] Worker 4 latency: 3735 us (50%) 4245 us (75%) 4643 us (95%) 4746 us (99%).
I1126 15:23:42.376394 1003435 AriaExecutor.h:705] Worker 5 latency: 3740 us (50%) 4248 us (75%) 4642 us (95%) 4745 us (99%).
I1126 15:23:42.509352 1003435 AriaExecutor.h:705] Worker 6 latency: 3749 us (50%) 4254 us (75%) 4646 us (95%) 4748 us (99%).
I1126 15:23:42.641139 1003435 AriaExecutor.h:705] Worker 7 latency: 3737 us (50%) 4249 us (75%) 4645 us (95%) 4747 us (99%).
I1126 15:23:42.773846 1003435 AriaExecutor.h:705] Worker 8 latency: 3739 us (50%) 4248 us (75%) 4646 us (95%) 4749 us (99%).
I1126 15:23:42.908691 1003435 AriaExecutor.h:705] Worker 9 latency: 3741 us (50%) 4249 us (75%) 4644 us (95%) 4746 us (99%).
I1126 15:23:43.042697 1003435 AriaExecutor.h:705] Worker 10 latency: 3746 us (50%) 4253 us (75%) 4646 us (95%) 4747 us (99%).
I1126 15:23:43.172938 1003435 AriaExecutor.h:705] Worker 11 latency: 3739 us (50%) 4249 us (75%) 4643 us (95%) 4745 us (99%).
I1126 15:23:43.307261 1003435 Coordinator.h:177] total commit: 1.68024e+06
I1126 15:23:44.307371 1003435 Coordinator.h:192] Coordinator exits.
