I1126 19:06:36.459040 1108885 Database.h:65] ycsb initialization finished in 29 milliseconds.
I1126 19:06:36.459144 1108885 Coordinator.h:30] Coordinator initializes 12 workers.
I1126 19:06:36.465950 1108885 Coordinator.h:77] Coordinator starts to run 13 workers.
I1126 19:06:36.465999 1108901 AriaExecutor.h:91] AriaExecutor 0 started. 
I1126 19:06:36.466035 1108902 AriaExecutor.h:91] AriaExecutor 1 started. 
I1126 19:06:36.466073 1108903 AriaExecutor.h:91] AriaExecutor 2 started. 
I1126 19:06:36.466118 1108904 AriaExecutor.h:91] AriaExecutor 3 started. 
I1126 19:06:36.466192 1108906 AriaExecutor.h:91] AriaExecutor 5 started. 
I1126 19:06:36.466239 1108907 AriaExecutor.h:91] AriaExecutor 6 started. 
I1126 19:06:36.466277 1108908 AriaExecutor.h:91] AriaExecutor 7 started. 
I1126 19:06:36.466320 1108909 AriaExecutor.h:91] AriaExecutor 8 started. 
I1126 19:06:36.466372 1108910 AriaExecutor.h:91] AriaExecutor 9 started. 
I1126 19:06:36.466404 1108911 AriaExecutor.h:91] AriaExecutor 10 started. 
I1126 19:06:36.466449 1108912 AriaExecutor.h:91] AriaExecutor 11 started. 
I1126 19:06:36.466485 1108905 AriaExecutor.h:91] AriaExecutor 4 started. 
I1126 19:06:36.466491 1108913 Manager.h:224] Manager(worker id = 12) on the coordinator node started.
I1126 19:06:37.466553 1108885 Coordinator.h:126] commit: 100772 abort: 1489228 (0/1489228/0), network size: 0, avg network size: 0, si_in_serializable: 0 0 %, local: 0 %
I1126 19:06:38.466667 1108885 Coordinator.h:126] commit: 99121 abort: 1470879 (0/1470879/0), network size: 0, avg network size: 0, si_in_serializable: 0 0 %, local: 0 %
I1126 19:06:39.466789 1108885 Coordinator.h:126] commit: 100440 abort: 1489560 (0/1489560/0), network size: 0, avg network size: 0, si_in_serializable: 0 0 %, local: 0 %
I1126 19:06:40.466876 1108885 Coordinator.h:126] commit: 100929 abort: 1499071 (0/1499071/0), network size: 0, avg network size: 0, si_in_serializable: 0 0 %, local: 0 %
I1126 19:06:41.466967 1108885 Coordinator.h:126] commit: 101214 abort: 1499135 (0/1499135/0), network size: 0, avg network size: 0, si_in_serializable: 0 0 %, local: 0 %
I1126 19:06:42.467070 1108885 Coordinator.h:126] commit: 99613 abort: 1470038 (0/1470038/0), network size: 0, avg network size: 0, si_in_serializable: 0 0 %, local: 0 %
I1126 19:06:43.467176 1108885 Coordinator.h:126] commit: 100649 abort: 1499351 (0/1499351/0), network size: 0, avg network size: 0, si_in_serializable: 0 0 %, local: 0 %
I1126 19:06:44.467296 1108885 Coordinator.h:126] commit: 99680 abort: 1480320 (0/1480320/0), network size: 0, avg network size: 0, si_in_serializable: 0 0 %, local: 0 %
I1126 19:06:45.467384 1108885 Coordinator.h:126] commit: 101191 abort: 1498809 (0/1498809/0), network size: 0, avg network size: 0, si_in_serializable: 0 0 %, local: 0 %
I1126 19:06:46.467474 1108885 Coordinator.h:126] commit: 100906 abort: 1499094 (0/1499094/0), network size: 0, avg network size: 0, si_in_serializable: 0 0 %, local: 0 %
I1126 19:06:47.467585 1108885 Coordinator.h:126] commit: 101546 abort: 1498454 (0/1498454/0), network size: 0, avg network size: 0, si_in_serializable: 0 0 %, local: 0 %
I1126 19:06:48.467692 1108885 Coordinator.h:126] commit: 100848 abort: 1499152 (0/1499152/0), network size: 0, avg network size: 0, si_in_serializable: 0 0 %, local: 0 %
I1126 19:06:49.467792 1108885 Coordinator.h:126] commit: 100444 abort: 1489556 (0/1489556/0), network size: 0, avg network size: 0, si_in_serializable: 0 0 %, local: 0 %
I1126 19:06:50.467898 1108885 Coordinator.h:126] commit: 100412 abort: 1489588 (0/1489588/0), network size: 0, avg network size: 0, si_in_serializable: 0 0 %, local: 0 %
I1126 19:06:51.467991 1108885 Coordinator.h:126] commit: 101119 abort: 1498881 (0/1498881/0), network size: 0, avg network size: 0, si_in_serializable: 0 0 %, local: 0 %
I1126 19:06:52.468099 1108885 Coordinator.h:126] commit: 99880 abort: 1490120 (0/1490120/0), network size: 0, avg network size: 0, si_in_serializable: 0 0 %, local: 0 %
I1126 19:06:53.468201 1108885 Coordinator.h:126] commit: 101208 abort: 1498792 (0/1498792/0), network size: 0, avg network size: 0, si_in_serializable: 0 0 %, local: 0 %
I1126 19:06:54.468284 1108885 Coordinator.h:126] commit: 101313 abort: 1498687 (0/1498687/0), network size: 0, avg network size: 0, si_in_serializable: 0 0 %, local: 0 %
I1126 19:06:55.468377 1108885 Coordinator.h:126] commit: 102284 abort: 1507716 (0/1507716/0), network size: 0, avg network size: 0, si_in_serializable: 0 0 %, local: 0 %
I1126 19:06:56.468482 1108885 Coordinator.h:126] commit: 101847 abort: 1508153 (0/1508153/0), network size: 0, avg network size: 0, si_in_serializable: 0 0 %, local: 0 %
I1126 19:06:57.468592 1108885 Coordinator.h:126] commit: 101204 abort: 1498796 (0/1498796/0), network size: 0, avg network size: 0, si_in_serializable: 0 0 %, local: 0 %
I1126 19:06:58.468691 1108885 Coordinator.h:126] commit: 102146 abort: 1507854 (0/1507854/0), network size: 0, avg network size: 0, si_in_serializable: 0 0 %, local: 0 %
I1126 19:06:59.468776 1108885 Coordinator.h:126] commit: 101007 abort: 1498993 (0/1498993/0), network size: 0, avg network size: 0, si_in_serializable: 0 0 %, local: 0 %
I1126 19:07:00.468885 1108885 Coordinator.h:126] commit: 101190 abort: 1498810 (0/1498810/0), network size: 0, avg network size: 0, si_in_serializable: 0 0 %, local: 0 %
I1126 19:07:01.468993 1108885 Coordinator.h:126] commit: 101075 abort: 1488925 (0/1488925/0), network size: 0, avg network size: 0, si_in_serializable: 0 0 %, local: 0 %
I1126 19:07:01.469030 1108885 Coordinator.h:152] average commit: 101090 abort: 1.49791e+06 (0/1.49791e+06/0), network size: 0, avg network size: 0, si_in_serializable: 0 0 %, local: 0 %
I1126 19:07:01.475103 1108907 AriaExecutor.h:103] AriaExecutor 6 exits. 
I1126 19:07:01.475104 1108905 AriaExecutor.h:103] AriaExecutor 4 exits. 
I1126 19:07:01.475107 1108913 Manager.h:227] Manager(worker id = 12) on the coordinator node exits.
I1126 19:07:01.475117 1108902 AriaExecutor.h:103] AriaExecutor 1 exits. 
I1126 19:07:01.475106 1108909 AriaExecutor.h:103] AriaExecutor 8 exits. 
I1126 19:07:01.475104 1108911 AriaExecutor.h:103] AriaExecutor 10 exits. 
I1126 19:07:01.475107 1108901 AriaExecutor.h:103] AriaExecutor 0 exits. 
I1126 19:07:01.475117 1108906 AriaExecutor.h:103] AriaExecutor 5 exits. 
I1126 19:07:01.475117 1108904 AriaExecutor.h:103] AriaExecutor 3 exits. 
I1126 19:07:01.475117 1108908 AriaExecutor.h:103] AriaExecutor 7 exits. 
I1126 19:07:01.475116 1108912 AriaExecutor.h:103] AriaExecutor 11 exits. 
I1126 19:07:01.475116 1108910 AriaExecutor.h:103] AriaExecutor 9 exits. 
I1126 19:07:01.475106 1108903 AriaExecutor.h:103] AriaExecutor 2 exits. 
I1126 19:07:01.469040 1108885 AriaExecutor.h:621] Worker 0 latency: 5552 us (50%) 5903 us (75%) 6149 us (95%) 6252 us (99%).
I1126 19:07:01.479882 1108885 AriaExecutor.h:621] Worker 1 latency: 5561 us (50%) 5904 us (75%) 6148 us (95%) 6248 us (99%).
I1126 19:07:01.491662 1108885 AriaExecutor.h:621] Worker 2 latency: 5561 us (50%) 5903 us (75%) 6149 us (95%) 6252 us (99%).
I1126 19:07:01.502336 1108885 AriaExecutor.h:621] Worker 3 latency: 5552 us (50%) 5899 us (75%) 6146 us (95%) 6244 us (99%).
I1126 19:07:01.513995 1108885 AriaExecutor.h:621] Worker 4 latency: 5555 us (50%) 5900 us (75%) 6147 us (95%) 6249 us (99%).
I1126 19:07:01.524588 1108885 AriaExecutor.h:621] Worker 5 latency: 5556 us (50%) 5900 us (75%) 6146 us (95%) 6245 us (99%).
I1126 19:07:01.536324 1108885 AriaExecutor.h:621] Worker 6 latency: 5560 us (50%) 5901 us (75%) 6146 us (95%) 6249 us (99%).
I1126 19:07:01.547008 1108885 AriaExecutor.h:621] Worker 7 latency: 5554 us (50%) 5897 us (75%) 6143 us (95%) 6245 us (99%).
I1126 19:07:01.558538 1108885 AriaExecutor.h:621] Worker 8 latency: 5553 us (50%) 5896 us (75%) 6144 us (95%) 6246 us (99%).
I1126 19:07:01.568938 1108885 AriaExecutor.h:621] Worker 9 latency: 5550 us (50%) 5895 us (75%) 6141 us (95%) 6242 us (99%).
I1126 19:07:01.580720 1108885 AriaExecutor.h:621] Worker 10 latency: 5548 us (50%) 5896 us (75%) 6144 us (95%) 6247 us (99%).
I1126 19:07:01.591377 1108885 AriaExecutor.h:621] Worker 11 latency: 5548 us (50%) 5894 us (75%) 6141 us (95%) 6244 us (99%).
I1126 19:07:01.603061 1108885 Coordinator.h:177] total commit: 101090
I1126 19:07:02.603168 1108885 Coordinator.h:192] Coordinator exits.
