I0911 21:52:11.181759 2928514 Database.h:65] ycsb initialization finished in 146 milliseconds.
I0911 21:52:11.181871 2928514 Coordinator.h:30] Coordinator initializes 16 workers.
I0911 21:52:11.212299 2928514 Coordinator.h:77] Coordinator starts to run 17 workers.
I0911 21:52:11.212368 2928534 AriaExecutor.h:82] AriaExecutor 0 started. 
I0911 21:52:11.212404 2928535 AriaExecutor.h:82] AriaExecutor 1 started. 
I0911 21:52:11.212458 2928536 AriaExecutor.h:82] AriaExecutor 2 started. 
I0911 21:52:11.212502 2928537 AriaExecutor.h:82] AriaExecutor 3 started. 
I0911 21:52:11.212535 2928538 AriaExecutor.h:82] AriaExecutor 4 started. 
I0911 21:52:11.212586 2928539 AriaExecutor.h:82] AriaExecutor 5 started. 
I0911 21:52:11.212631 2928540 AriaExecutor.h:82] AriaExecutor 6 started. 
I0911 21:52:11.212680 2928541 AriaExecutor.h:82] AriaExecutor 7 started. 
I0911 21:52:11.212728 2928542 AriaExecutor.h:82] AriaExecutor 8 started. 
I0911 21:52:11.212778 2928543 AriaExecutor.h:82] AriaExecutor 9 started. 
I0911 21:52:11.212822 2928544 AriaExecutor.h:82] AriaExecutor 10 started. 
I0911 21:52:11.212881 2928545 AriaExecutor.h:82] AriaExecutor 11 started. 
I0911 21:52:11.212922 2928546 AriaExecutor.h:82] AriaExecutor 12 started. 
I0911 21:52:11.212999 2928547 AriaExecutor.h:82] AriaExecutor 13 started. 
I0911 21:52:11.213050 2928548 AriaExecutor.h:82] AriaExecutor 14 started. 
I0911 21:52:11.213102 2928549 AriaExecutor.h:82] AriaExecutor 15 started. 
I0911 21:52:11.213146 2928550 Manager.h:224] Manager(worker id = 16) on the coordinator node started.
I0911 21:52:12.213210 2928514 Coordinator.h:126] commit: 1723802 abort: 4710 (0/4710/0), network size: 0, avg network size: 0, si_in_serializable: 0 0 %, local: 0 %
I0911 21:52:13.213362 2928514 Coordinator.h:126] commit: 1715754 abort: 4566 (0/4566/0), network size: 0, avg network size: 0, si_in_serializable: 0 0 %, local: 0 %
I0911 21:52:14.213477 2928514 Coordinator.h:126] commit: 1646256 abort: 4432 (0/4432/0), network size: 0, avg network size: 0, si_in_serializable: 0 0 %, local: 0 %
I0911 21:52:15.213586 2928514 Coordinator.h:126] commit: 1666643 abort: 4525 (0/4525/0), network size: 0, avg network size: 0, si_in_serializable: 0 0 %, local: 0 %
I0911 21:52:16.213727 2928514 Coordinator.h:126] commit: 1715674 abort: 4646 (0/4646/0), network size: 0, avg network size: 0, si_in_serializable: 0 0 %, local: 0 %
I0911 21:52:17.213847 2928514 Coordinator.h:126] commit: 1736170 abort: 4630 (0/4630/0), network size: 0, avg network size: 0, si_in_serializable: 0 0 %, local: 0 %
I0911 21:52:18.213948 2928514 Coordinator.h:126] commit: 1740197 abort: 4699 (0/4699/0), network size: 0, avg network size: 0, si_in_serializable: 0 0 %, local: 0 %
I0911 21:52:19.214037 2928514 Coordinator.h:126] commit: 1740269 abort: 4627 (0/4627/0), network size: 0, avg network size: 0, si_in_serializable: 0 0 %, local: 0 %
I0911 21:52:20.214134 2928514 Coordinator.h:126] commit: 1744292 abort: 4700 (0/4700/0), network size: 0, avg network size: 0, si_in_serializable: 0 0 %, local: 0 %
I0911 21:52:21.214231 2928514 Coordinator.h:126] commit: 1707621 abort: 4507 (0/4507/0), network size: 0, avg network size: 0, si_in_serializable: 0 0 %, local: 0 %
I0911 21:52:22.214323 2928514 Coordinator.h:126] commit: 1740394 abort: 4502 (0/4502/0), network size: 0, avg network size: 0, si_in_serializable: 0 0 %, local: 0 %
I0911 21:52:23.214421 2928514 Coordinator.h:126] commit: 1703495 abort: 4537 (0/4537/0), network size: 0, avg network size: 0, si_in_serializable: 0 0 %, local: 0 %
I0911 21:52:24.214529 2928514 Coordinator.h:126] commit: 1737443 abort: 4713 (0/4713/0), network size: 0, avg network size: 0, si_in_serializable: 0 0 %, local: 0 %
I0911 21:52:25.214632 2928514 Coordinator.h:126] commit: 1693798 abort: 4686 (0/4686/0), network size: 0, avg network size: 0, si_in_serializable: 0 0 %, local: 0 %
I0911 21:52:26.214743 2928514 Coordinator.h:126] commit: 1744449 abort: 4543 (0/4543/0), network size: 0, avg network size: 0, si_in_serializable: 0 0 %, local: 0 %
I0911 21:52:27.214880 2928514 Coordinator.h:126] commit: 1736114 abort: 4686 (0/4686/0), network size: 0, avg network size: 0, si_in_serializable: 0 0 %, local: 0 %
I0911 21:52:28.214999 2928514 Coordinator.h:126] commit: 1744301 abort: 4691 (0/4691/0), network size: 0, avg network size: 0, si_in_serializable: 0 0 %, local: 0 %
I0911 21:52:29.215107 2928514 Coordinator.h:126] commit: 1748466 abort: 4622 (0/4622/0), network size: 0, avg network size: 0, si_in_serializable: 0 0 %, local: 0 %
I0911 21:52:30.215214 2928514 Coordinator.h:126] commit: 1740253 abort: 4643 (0/4643/0), network size: 0, avg network size: 0, si_in_serializable: 0 0 %, local: 0 %
I0911 21:52:31.215313 2928514 Coordinator.h:126] commit: 1675019 abort: 4341 (0/4341/0), network size: 0, avg network size: 0, si_in_serializable: 0 0 %, local: 0 %
I0911 21:52:32.215418 2928514 Coordinator.h:126] commit: 1744318 abort: 4674 (0/4674/0), network size: 0, avg network size: 0, si_in_serializable: 0 0 %, local: 0 %
I0911 21:52:33.215519 2928514 Coordinator.h:126] commit: 1740166 abort: 4730 (0/4730/0), network size: 0, avg network size: 0, si_in_serializable: 0 0 %, local: 0 %
I0911 21:52:34.215607 2928514 Coordinator.h:126] commit: 1744246 abort: 4746 (0/4746/0), network size: 0, avg network size: 0, si_in_serializable: 0 0 %, local: 0 %
I0911 21:52:35.215692 2928514 Coordinator.h:126] commit: 1744308 abort: 4684 (0/4684/0), network size: 0, avg network size: 0, si_in_serializable: 0 0 %, local: 0 %
I0911 21:52:36.215780 2928514 Coordinator.h:126] commit: 1744341 abort: 4651 (0/4651/0), network size: 0, avg network size: 0, si_in_serializable: 0 0 %, local: 0 %
I0911 21:52:36.215808 2928514 Coordinator.h:152] average commit: 1.72637e+06 abort: 4596.4 (0/4596.4/0), network size: 0, avg network size: 0, si_in_serializable: 0 0 %, local: 0 %
I0911 21:52:36.218480 2928540 AriaExecutor.h:94] AriaExecutor 6 exits. 
I0911 21:52:36.218477 2928546 AriaExecutor.h:94] AriaExecutor 12 exits. 
I0911 21:52:36.218492 2928543 AriaExecutor.h:94] AriaExecutor 9 exits. 
I0911 21:52:36.218480 2928536 AriaExecutor.h:94] AriaExecutor 2 exits. 
I0911 21:52:36.218478 2928534 AriaExecutor.h:94] AriaExecutor 0 exits. 
I0911 21:52:36.218480 2928550 Manager.h:227] Manager(worker id = 16) on the coordinator node exits.
I0911 21:52:36.218480 2928548 AriaExecutor.h:94] AriaExecutor 14 exits. 
I0911 21:52:36.218478 2928542 AriaExecutor.h:94] AriaExecutor 8 exits. 
I0911 21:52:36.218479 2928544 AriaExecutor.h:94] AriaExecutor 10 exits. 
I0911 21:52:36.218492 2928537 AriaExecutor.h:94] AriaExecutor 3 exits. 
I0911 21:52:36.218492 2928539 AriaExecutor.h:94] AriaExecutor 5 exits. 
I0911 21:52:36.218492 2928545 AriaExecutor.h:94] AriaExecutor 11 exits. 
I0911 21:52:36.218493 2928541 AriaExecutor.h:94] AriaExecutor 7 exits. 
I0911 21:52:36.218493 2928547 AriaExecutor.h:94] AriaExecutor 13 exits. 
I0911 21:52:36.218494 2928535 AriaExecutor.h:94] AriaExecutor 1 exits. 
I0911 21:52:36.218495 2928549 AriaExecutor.h:94] AriaExecutor 15 exits. 
I0911 21:52:36.218482 2928538 AriaExecutor.h:94] AriaExecutor 4 exits. 
I0911 21:52:36.215821 2928514 AriaExecutor.h:535] Worker 0 latency: 1402 us (50%) 1815 us (75%) 2149 us (95%) 2319 us (99%).
I0911 21:52:36.320583 2928514 AriaExecutor.h:535] Worker 1 latency: 1402 us (50%) 1815 us (75%) 2148 us (95%) 2317 us (99%).
I0911 21:52:36.436717 2928514 AriaExecutor.h:535] Worker 2 latency: 1411 us (50%) 1820 us (75%) 2150 us (95%) 2320 us (99%).
I0911 21:52:36.540565 2928514 AriaExecutor.h:535] Worker 3 latency: 1405 us (50%) 1817 us (75%) 2148 us (95%) 2317 us (99%).
I0911 21:52:36.656509 2928514 AriaExecutor.h:535] Worker 4 latency: 1403 us (50%) 1816 us (75%) 2149 us (95%) 2319 us (99%).
I0911 21:52:36.762555 2928514 AriaExecutor.h:535] Worker 5 latency: 1399 us (50%) 1815 us (75%) 2148 us (95%) 2316 us (99%).
I0911 21:52:36.877171 2928514 AriaExecutor.h:535] Worker 6 latency: 1411 us (50%) 1820 us (75%) 2150 us (95%) 2320 us (99%).
I0911 21:52:36.981842 2928514 AriaExecutor.h:535] Worker 7 latency: 1402 us (50%) 1816 us (75%) 2148 us (95%) 2316 us (99%).
I0911 21:52:37.100664 2928514 AriaExecutor.h:535] Worker 8 latency: 1403 us (50%) 1815 us (75%) 2148 us (95%) 2318 us (99%).
I0911 21:52:37.206687 2928514 AriaExecutor.h:535] Worker 9 latency: 1401 us (50%) 1814 us (75%) 2147 us (95%) 2315 us (99%).
I0911 21:52:37.322045 2928514 AriaExecutor.h:535] Worker 10 latency: 1415 us (50%) 1820 us (75%) 2149 us (95%) 2318 us (99%).
I0911 21:52:37.426282 2928514 AriaExecutor.h:535] Worker 11 latency: 1405 us (50%) 1816 us (75%) 2147 us (95%) 2316 us (99%).
I0911 21:52:37.545002 2928514 AriaExecutor.h:535] Worker 12 latency: 1414 us (50%) 1820 us (75%) 2149 us (95%) 2319 us (99%).
I0911 21:52:37.647889 2928514 AriaExecutor.h:535] Worker 13 latency: 1401 us (50%) 1814 us (75%) 2147 us (95%) 2316 us (99%).
I0911 21:52:37.764850 2928514 AriaExecutor.h:535] Worker 14 latency: 1417 us (50%) 1821 us (75%) 2149 us (95%) 2320 us (99%).
I0911 21:52:37.868155 2928514 AriaExecutor.h:535] Worker 15 latency: 1408 us (50%) 1817 us (75%) 2148 us (95%) 2317 us (99%).
I0911 21:52:37.983253 2928514 Coordinator.h:177] total commit: 1.72637e+06
I0911 21:52:38.983371 2928514 Coordinator.h:192] Coordinator exits.
