I1126 18:13:41.538064 1071744 Database.h:65] ycsb initialization finished in 30 milliseconds.
I1126 18:13:41.538161 1071744 Coordinator.h:30] Coordinator initializes 12 workers.
I1126 18:13:41.545100 1071744 Coordinator.h:77] Coordinator starts to run 13 workers.
I1126 18:13:41.545167 1071760 AriaExecutor.h:91] AriaExecutor 0 started. 
I1126 18:13:41.545208 1071761 AriaExecutor.h:91] AriaExecutor 1 started. 
I1126 18:13:41.545250 1071762 AriaExecutor.h:91] AriaExecutor 2 started. 
I1126 18:13:41.545300 1071763 AriaExecutor.h:91] AriaExecutor 3 started. 
I1126 18:13:41.545316 1071764 AriaExecutor.h:91] AriaExecutor 4 started. 
I1126 18:13:41.545367 1071765 AriaExecutor.h:91] AriaExecutor 5 started. 
I1126 18:13:41.545387 1071766 AriaExecutor.h:91] AriaExecutor 6 started. 
I1126 18:13:41.545428 1071767 AriaExecutor.h:91] AriaExecutor 7 started. 
I1126 18:13:41.545450 1071768 AriaExecutor.h:91] AriaExecutor 8 started. 
I1126 18:13:41.545496 1071769 AriaExecutor.h:91] AriaExecutor 9 started. 
I1126 18:13:41.545521 1071770 AriaExecutor.h:91] AriaExecutor 10 started. 
I1126 18:13:41.545557 1071771 AriaExecutor.h:91] AriaExecutor 11 started. 
I1126 18:13:41.545584 1071772 Manager.h:224] Manager(worker id = 12) on the coordinator node started.
I1126 18:13:42.545641 1071744 Coordinator.h:126] commit: 1491464 abort: 478536 (0/478536/0), network size: 0, avg network size: 0, si_in_serializable: 0 0 %, local: 0 %
I1126 18:13:43.545769 1071744 Coordinator.h:126] commit: 1477136 abort: 472864 (0/472864/0), network size: 0, avg network size: 0, si_in_serializable: 0 0 %, local: 0 %
I1126 18:13:44.545889 1071744 Coordinator.h:126] commit: 1484142 abort: 475858 (0/475858/0), network size: 0, avg network size: 0, si_in_serializable: 0 0 %, local: 0 %
I1126 18:13:45.545979 1071744 Coordinator.h:126] commit: 1505718 abort: 484282 (0/484282/0), network size: 0, avg network size: 0, si_in_serializable: 0 0 %, local: 0 %
I1126 18:13:46.546062 1071744 Coordinator.h:126] commit: 1491409 abort: 478591 (0/478591/0), network size: 0, avg network size: 0, si_in_serializable: 0 0 %, local: 0 %
I1126 18:13:47.546149 1071744 Coordinator.h:126] commit: 1506393 abort: 483607 (0/483607/0), network size: 0, avg network size: 0, si_in_serializable: 0 0 %, local: 0 %
I1126 18:13:48.546258 1071744 Coordinator.h:126] commit: 1492327 abort: 477673 (0/477673/0), network size: 0, avg network size: 0, si_in_serializable: 0 0 %, local: 0 %
I1126 18:13:49.546327 1071744 Coordinator.h:126] commit: 1498514 abort: 481486 (0/481486/0), network size: 0, avg network size: 0, si_in_serializable: 0 0 %, local: 0 %
I1126 18:13:50.546435 1071744 Coordinator.h:126] commit: 1445842 abort: 464158 (0/464158/0), network size: 0, avg network size: 0, si_in_serializable: 0 0 %, local: 0 %
I1126 18:13:51.546521 1071744 Coordinator.h:126] commit: 1507689 abort: 482311 (0/482311/0), network size: 0, avg network size: 0, si_in_serializable: 0 0 %, local: 0 %
I1126 18:13:52.546607 1071744 Coordinator.h:126] commit: 1507082 abort: 482918 (0/482918/0), network size: 0, avg network size: 0, si_in_serializable: 0 0 %, local: 0 %
I1126 18:13:53.546706 1071744 Coordinator.h:126] commit: 1506134 abort: 483866 (0/483866/0), network size: 0, avg network size: 0, si_in_serializable: 0 0 %, local: 0 %
I1126 18:13:54.546788 1071744 Coordinator.h:126] commit: 1506729 abort: 483271 (0/483271/0), network size: 0, avg network size: 0, si_in_serializable: 0 0 %, local: 0 %
I1126 18:13:55.546873 1071744 Coordinator.h:126] commit: 1507536 abort: 482464 (0/482464/0), network size: 0, avg network size: 0, si_in_serializable: 0 0 %, local: 0 %
I1126 18:13:56.546948 1071744 Coordinator.h:126] commit: 1492864 abort: 478147 (0/478147/0), network size: 0, avg network size: 0, si_in_serializable: 0 0 %, local: 0 %
I1126 18:13:57.547057 1071744 Coordinator.h:126] commit: 1498937 abort: 480051 (0/480051/0), network size: 0, avg network size: 0, si_in_serializable: 0 0 %, local: 0 %
I1126 18:13:58.547173 1071744 Coordinator.h:126] commit: 1378213 abort: 441787 (0/441787/0), network size: 0, avg network size: 0, si_in_serializable: 0 0 %, local: 0 %
I1126 18:13:59.547271 1071744 Coordinator.h:126] commit: 1499551 abort: 480449 (0/480449/0), network size: 0, avg network size: 0, si_in_serializable: 0 0 %, local: 0 %
I1126 18:14:00.547354 1071744 Coordinator.h:126] commit: 1505496 abort: 484504 (0/484504/0), network size: 0, avg network size: 0, si_in_serializable: 0 0 %, local: 0 %
I1126 18:14:01.547458 1071744 Coordinator.h:126] commit: 1499145 abort: 480855 (0/480855/0), network size: 0, avg network size: 0, si_in_serializable: 0 0 %, local: 0 %
I1126 18:14:02.547547 1071744 Coordinator.h:126] commit: 1505791 abort: 484209 (0/484209/0), network size: 0, avg network size: 0, si_in_serializable: 0 0 %, local: 0 %
I1126 18:14:03.547657 1071744 Coordinator.h:126] commit: 1507206 abort: 482794 (0/482794/0), network size: 0, avg network size: 0, si_in_serializable: 0 0 %, local: 0 %
I1126 18:14:04.547762 1071744 Coordinator.h:126] commit: 1491082 abort: 478918 (0/478918/0), network size: 0, avg network size: 0, si_in_serializable: 0 0 %, local: 0 %
I1126 18:14:05.547857 1071744 Coordinator.h:126] commit: 1505443 abort: 484557 (0/484557/0), network size: 0, avg network size: 0, si_in_serializable: 0 0 %, local: 0 %
I1126 18:14:06.547955 1071744 Coordinator.h:126] commit: 1498172 abort: 481828 (0/481828/0), network size: 0, avg network size: 0, si_in_serializable: 0 0 %, local: 0 %
I1126 18:14:06.547976 1071744 Coordinator.h:152] average commit: 1.49017e+06 abort: 477831 (0/477831/0), network size: 0, avg network size: 0, si_in_serializable: 0 0 %, local: 0 %
I1126 18:14:06.549248 1071762 AriaExecutor.h:103] AriaExecutor 2 exits. 
I1126 18:14:06.549252 1071764 AriaExecutor.h:103] AriaExecutor 4 exits. 
I1126 18:14:06.549249 1071768 AriaExecutor.h:103] AriaExecutor 8 exits. 
I1126 18:14:06.549253 1071772 Manager.h:227] Manager(worker id = 12) on the coordinator node exits.
I1126 18:14:06.549263 1071767 AriaExecutor.h:103] AriaExecutor 7 exits. 
I1126 18:14:06.549253 1071770 AriaExecutor.h:103] AriaExecutor 10 exits. 
I1126 18:14:06.549263 1071763 AriaExecutor.h:103] AriaExecutor 3 exits. 
I1126 18:14:06.549263 1071761 AriaExecutor.h:103] AriaExecutor 1 exits. 
I1126 18:14:06.549252 1071760 AriaExecutor.h:103] AriaExecutor 0 exits. 
I1126 18:14:06.549263 1071765 AriaExecutor.h:103] AriaExecutor 5 exits. 
I1126 18:14:06.549263 1071769 AriaExecutor.h:103] AriaExecutor 9 exits. 
I1126 18:14:06.549263 1071771 AriaExecutor.h:103] AriaExecutor 11 exits. 
I1126 18:14:06.549252 1071766 AriaExecutor.h:103] AriaExecutor 6 exits. 
I1126 18:14:06.547986 1071744 AriaExecutor.h:621] Worker 0 latency: 3674 us (50%) 4147 us (75%) 4488 us (95%) 4589 us (99%).
I1126 18:14:06.671839 1071744 AriaExecutor.h:621] Worker 1 latency: 3648 us (50%) 4136 us (75%) 4484 us (95%) 4586 us (99%).
I1126 18:14:06.814023 1071744 AriaExecutor.h:621] Worker 2 latency: 3681 us (50%) 4151 us (75%) 4489 us (95%) 4589 us (99%).
I1126 18:14:06.937400 1071744 AriaExecutor.h:621] Worker 3 latency: 3652 us (50%) 4138 us (75%) 4484 us (95%) 4584 us (99%).
I1126 18:14:07.077018 1071744 AriaExecutor.h:621] Worker 4 latency: 3669 us (50%) 4145 us (75%) 4487 us (95%) 4586 us (99%).
I1126 18:14:07.202486 1071744 AriaExecutor.h:621] Worker 5 latency: 3656 us (50%) 4141 us (75%) 4485 us (95%) 4585 us (99%).
I1126 18:14:07.340859 1071744 AriaExecutor.h:621] Worker 6 latency: 3671 us (50%) 4146 us (75%) 4487 us (95%) 4588 us (99%).
I1126 18:14:07.462608 1071744 AriaExecutor.h:621] Worker 7 latency: 3655 us (50%) 4139 us (75%) 4483 us (95%) 4584 us (99%).
I1126 18:14:07.601770 1071744 AriaExecutor.h:621] Worker 8 latency: 3669 us (50%) 4146 us (75%) 4488 us (95%) 4588 us (99%).
I1126 18:14:07.726177 1071744 AriaExecutor.h:621] Worker 9 latency: 3654 us (50%) 4139 us (75%) 4484 us (95%) 4585 us (99%).
I1126 18:14:07.863448 1071744 AriaExecutor.h:621] Worker 10 latency: 3686 us (50%) 4154 us (75%) 4489 us (95%) 4587 us (99%).
I1126 18:14:07.987633 1071744 AriaExecutor.h:621] Worker 11 latency: 3648 us (50%) 4137 us (75%) 4484 us (95%) 4585 us (99%).
I1126 18:14:08.117612 1071744 Coordinator.h:177] total commit: 1.49017e+06
I1126 18:14:09.117727 1071744 Coordinator.h:192] Coordinator exits.
