I1126 13:33:19.448390 936542 Database.h:65] ycsb initialization finished in 30 milliseconds.
I1126 13:33:19.448484 936542 Coordinator.h:30] Coordinator initializes 12 workers.
I1126 13:33:19.519971 936542 Coordinator.h:77] Coordinator starts to run 13 workers.
I1126 13:33:19.520046 936558 AriaExecutor.h:82] AriaExecutor 0 started. 
I1126 13:33:19.520066 936559 AriaExecutor.h:82] AriaExecutor 1 started. 
I1126 13:33:19.520109 936560 AriaExecutor.h:82] AriaExecutor 2 started. 
I1126 13:33:19.520143 936561 AriaExecutor.h:82] AriaExecutor 3 started. 
I1126 13:33:19.520174 936562 AriaExecutor.h:82] AriaExecutor 4 started. 
I1126 13:33:19.520213 936563 AriaExecutor.h:82] AriaExecutor 5 started. 
I1126 13:33:19.520239 936564 AriaExecutor.h:82] AriaExecutor 6 started. 
I1126 13:33:19.520272 936565 AriaExecutor.h:82] AriaExecutor 7 started. 
I1126 13:33:19.520300 936566 AriaExecutor.h:82] AriaExecutor 8 started. 
I1126 13:33:19.520342 936567 AriaExecutor.h:82] AriaExecutor 9 started. 
I1126 13:33:19.520361 936568 AriaExecutor.h:82] AriaExecutor 10 started. 
I1126 13:33:19.520397 936569 AriaExecutor.h:82] AriaExecutor 11 started. 
I1126 13:33:19.520421 936570 Manager.h:224] Manager(worker id = 12) on the coordinator node started.
I1126 13:33:20.520483 936542 Coordinator.h:126] commit: 6196 abort: 203804 (0/203804/0), network size: 0, avg network size: 0, si_in_serializable: 0 0 %, local: 0 %
I1126 13:33:21.520610 936542 Coordinator.h:126] commit: 6625 abort: 213375 (0/213375/0), network size: 0, avg network size: 0, si_in_serializable: 0 0 %, local: 0 %
I1126 13:33:22.520728 936542 Coordinator.h:126] commit: 6834 abort: 223166 (0/223166/0), network size: 0, avg network size: 0, si_in_serializable: 0 0 %, local: 0 %
I1126 13:33:23.520826 936542 Coordinator.h:126] commit: 6663 abort: 213337 (0/213337/0), network size: 0, avg network size: 0, si_in_serializable: 0 0 %, local: 0 %
I1126 13:33:24.520941 936542 Coordinator.h:126] commit: 6807 abort: 223193 (0/223193/0), network size: 0, avg network size: 0, si_in_serializable: 0 0 %, local: 0 %
I1126 13:33:25.521045 936542 Coordinator.h:126] commit: 6868 abort: 223132 (0/223132/0), network size: 0, avg network size: 0, si_in_serializable: 0 0 %, local: 0 %
I1126 13:33:26.521170 936542 Coordinator.h:126] commit: 6532 abort: 213468 (0/213468/0), network size: 0, avg network size: 0, si_in_serializable: 0 0 %, local: 0 %
I1126 13:33:27.521282 936542 Coordinator.h:126] commit: 6854 abort: 223146 (0/223146/0), network size: 0, avg network size: 0, si_in_serializable: 0 0 %, local: 0 %
I1126 13:33:28.521371 936542 Coordinator.h:126] commit: 6810 abort: 223190 (0/223190/0), network size: 0, avg network size: 0, si_in_serializable: 0 0 %, local: 0 %
I1126 13:33:29.521461 936542 Coordinator.h:126] commit: 6908 abort: 223092 (0/223092/0), network size: 0, avg network size: 0, si_in_serializable: 0 0 %, local: 0 %
I1126 13:33:30.521562 936542 Coordinator.h:126] commit: 6870 abort: 223130 (0/223130/0), network size: 0, avg network size: 0, si_in_serializable: 0 0 %, local: 0 %
I1126 13:33:31.521661 936542 Coordinator.h:126] commit: 6865 abort: 223135 (0/223135/0), network size: 0, avg network size: 0, si_in_serializable: 0 0 %, local: 0 %
I1126 13:33:32.521752 936542 Coordinator.h:126] commit: 6807 abort: 223193 (0/223193/0), network size: 0, avg network size: 0, si_in_serializable: 0 0 %, local: 0 %
I1126 13:33:33.521857 936542 Coordinator.h:126] commit: 6650 abort: 213350 (0/213350/0), network size: 0, avg network size: 0, si_in_serializable: 0 0 %, local: 0 %
I1126 13:33:34.521970 936542 Coordinator.h:126] commit: 6792 abort: 223208 (0/223208/0), network size: 0, avg network size: 0, si_in_serializable: 0 0 %, local: 0 %
I1126 13:33:35.522080 936542 Coordinator.h:126] commit: 6887 abort: 223113 (0/223113/0), network size: 0, avg network size: 0, si_in_serializable: 0 0 %, local: 0 %
I1126 13:33:36.522194 936542 Coordinator.h:126] commit: 6883 abort: 223117 (0/223117/0), network size: 0, avg network size: 0, si_in_serializable: 0 0 %, local: 0 %
I1126 13:33:37.522317 936542 Coordinator.h:126] commit: 6610 abort: 213390 (0/213390/0), network size: 0, avg network size: 0, si_in_serializable: 0 0 %, local: 0 %
I1126 13:33:38.522409 936542 Coordinator.h:126] commit: 6895 abort: 223105 (0/223105/0), network size: 0, avg network size: 0, si_in_serializable: 0 0 %, local: 0 %
I1126 13:33:39.522502 936542 Coordinator.h:126] commit: 6857 abort: 223143 (0/223143/0), network size: 0, avg network size: 0, si_in_serializable: 0 0 %, local: 0 %
I1126 13:33:40.522608 936542 Coordinator.h:126] commit: 6754 abort: 223246 (0/223246/0), network size: 0, avg network size: 0, si_in_serializable: 0 0 %, local: 0 %
I1126 13:33:41.522696 936542 Coordinator.h:126] commit: 6940 abort: 223060 (0/223060/0), network size: 0, avg network size: 0, si_in_serializable: 0 0 %, local: 0 %
I1126 13:33:42.522780 936542 Coordinator.h:126] commit: 6573 abort: 213427 (0/213427/0), network size: 0, avg network size: 0, si_in_serializable: 0 0 %, local: 0 %
I1126 13:33:43.522863 936542 Coordinator.h:126] commit: 6878 abort: 223122 (0/223122/0), network size: 0, avg network size: 0, si_in_serializable: 0 0 %, local: 0 %
I1126 13:33:44.522984 936542 Coordinator.h:126] commit: 7015 abort: 222985 (0/222985/0), network size: 0, avg network size: 0, si_in_serializable: 0 0 %, local: 0 %
I1126 13:33:44.523018 936542 Coordinator.h:152] average commit: 6811.6 abort: 221188 (0/221188/0), network size: 0, avg network size: 0, si_in_serializable: 0 0 %, local: 0 %
I1126 13:33:44.523027 936542 AriaExecutor.h:535] Worker 0 latency: 43134 us (50%) 43436 us (75%) 44840 us (95%) 51239 us (99%).
I1126 13:33:44.559615 936562 AriaExecutor.h:94] AriaExecutor 4 exits. 
I1126 13:33:44.559626 936569 AriaExecutor.h:94] AriaExecutor 11 exits. 
I1126 13:33:44.559615 936568 AriaExecutor.h:94] AriaExecutor 10 exits. 
I1126 13:33:44.559615 936558 AriaExecutor.h:94] AriaExecutor 0 exits. 
I1126 13:33:44.559615 936564 AriaExecutor.h:94] AriaExecutor 6 exits. 
I1126 13:33:44.559615 936560 AriaExecutor.h:94] AriaExecutor 2 exits. 
I1126 13:33:44.559626 936567 AriaExecutor.h:94] AriaExecutor 9 exits. 
I1126 13:33:44.559626 936563 AriaExecutor.h:94] AriaExecutor 5 exits. 
I1126 13:33:44.559626 936561 AriaExecutor.h:94] AriaExecutor 3 exits. 
I1126 13:33:44.559626 936565 AriaExecutor.h:94] AriaExecutor 7 exits. 
I1126 13:33:44.559631 936566 AriaExecutor.h:94] AriaExecutor 8 exits. 
I1126 13:33:44.559615 936570 Manager.h:227] Manager(worker id = 12) on the coordinator node exits.
I1126 13:33:44.559885 936559 AriaExecutor.h:94] AriaExecutor 1 exits. 
I1126 13:33:44.559955 936542 AriaExecutor.h:535] Worker 1 latency: 43124 us (50%) 43430 us (75%) 44887 us (95%) 51289 us (99%).
I1126 13:33:44.560873 936542 AriaExecutor.h:535] Worker 2 latency: 43125 us (50%) 43433 us (75%) 44815 us (95%) 50922 us (99%).
I1126 13:33:44.561672 936542 AriaExecutor.h:535] Worker 3 latency: 43110 us (50%) 43420 us (75%) 44829 us (95%) 51314 us (99%).
I1126 13:33:44.562522 936542 AriaExecutor.h:535] Worker 4 latency: 43135 us (50%) 43443 us (75%) 44889 us (95%) 51477 us (99%).
I1126 13:33:44.563324 936542 AriaExecutor.h:535] Worker 5 latency: 43107 us (50%) 43418 us (75%) 44801 us (95%) 51222 us (99%).
I1126 13:33:44.564172 936542 AriaExecutor.h:535] Worker 6 latency: 43121 us (50%) 43430 us (75%) 44843 us (95%) 51039 us (99%).
I1126 13:33:44.564947 936542 AriaExecutor.h:535] Worker 7 latency: 43115 us (50%) 43421 us (75%) 44848 us (95%) 51249 us (99%).
I1126 13:33:44.565763 936542 AriaExecutor.h:535] Worker 8 latency: 43123 us (50%) 43434 us (75%) 44898 us (95%) 51238 us (99%).
I1126 13:33:44.566529 936542 AriaExecutor.h:535] Worker 9 latency: 43125 us (50%) 43430 us (75%) 44889 us (95%) 51340 us (99%).
I1126 13:33:44.567341 936542 AriaExecutor.h:535] Worker 10 latency: 43119 us (50%) 43427 us (75%) 44850 us (95%) 51292 us (99%).
I1126 13:33:44.568102 936542 AriaExecutor.h:535] Worker 11 latency: 43116 us (50%) 43423 us (75%) 44855 us (95%) 51316 us (99%).
I1126 13:33:44.568931 936542 Coordinator.h:177] total commit: 6811.6
I1126 13:33:45.569032 936542 Coordinator.h:192] Coordinator exits.
