I0911 22:43:20.039242 2938156 Database.h:65] ycsb initialization finished in 146 milliseconds.
I0911 22:43:20.039356 2938156 Coordinator.h:30] Coordinator initializes 16 workers.
I0911 22:43:20.069764 2938156 Coordinator.h:77] Coordinator starts to run 17 workers.
I0911 22:43:20.069816 2938176 AriaExecutor.h:82] AriaExecutor 0 started. 
I0911 22:43:20.069852 2938177 AriaExecutor.h:82] AriaExecutor 1 started. 
I0911 22:43:20.069900 2938178 AriaExecutor.h:82] AriaExecutor 2 started. 
I0911 22:43:20.069952 2938179 AriaExecutor.h:82] AriaExecutor 3 started. 
I0911 22:43:20.069978 2938180 AriaExecutor.h:82] AriaExecutor 4 started. 
I0911 22:43:20.070019 2938181 AriaExecutor.h:82] AriaExecutor 5 started. 
I0911 22:43:20.070048 2938182 AriaExecutor.h:82] AriaExecutor 6 started. 
I0911 22:43:20.070101 2938183 AriaExecutor.h:82] AriaExecutor 7 started. 
I0911 22:43:20.070133 2938184 AriaExecutor.h:82] AriaExecutor 8 started. 
I0911 22:43:20.070185 2938185 AriaExecutor.h:82] AriaExecutor 9 started. 
I0911 22:43:20.070219 2938186 AriaExecutor.h:82] AriaExecutor 10 started. 
I0911 22:43:20.070263 2938187 AriaExecutor.h:82] AriaExecutor 11 started. 
I0911 22:43:20.070300 2938188 AriaExecutor.h:82] AriaExecutor 12 started. 
I0911 22:43:20.070343 2938189 AriaExecutor.h:82] AriaExecutor 13 started. 
I0911 22:43:20.070379 2938190 AriaExecutor.h:82] AriaExecutor 14 started. 
I0911 22:43:20.070429 2938191 AriaExecutor.h:82] AriaExecutor 15 started. 
I0911 22:43:20.070465 2938192 Manager.h:224] Manager(worker id = 16) on the coordinator node started.
I0911 22:43:21.070519 2938156 Coordinator.h:126] commit: 1220652 abort: 106452 (0/106452/0), network size: 0, avg network size: 0, si_in_serializable: 0 0 %, local: 0 %
I0911 22:43:22.070626 2938156 Coordinator.h:126] commit: 1213296 abort: 105616 (0/105616/0), network size: 0, avg network size: 0, si_in_serializable: 0 0 %, local: 0 %
I0911 22:43:23.070710 2938156 Coordinator.h:126] commit: 1176138 abort: 101814 (0/101814/0), network size: 0, avg network size: 0, si_in_serializable: 0 0 %, local: 0 %
I0911 22:43:24.070797 2938156 Coordinator.h:126] commit: 1175629 abort: 102323 (0/102323/0), network size: 0, avg network size: 0, si_in_serializable: 0 0 %, local: 0 %
I0911 22:43:25.070901 2938156 Coordinator.h:126] commit: 1221861 abort: 105243 (0/105243/0), network size: 0, avg network size: 0, si_in_serializable: 0 0 %, local: 0 %
I0911 22:43:26.070982 2938156 Coordinator.h:126] commit: 1231690 abort: 107702 (0/107702/0), network size: 0, avg network size: 0, si_in_serializable: 0 0 %, local: 0 %
I0911 22:43:27.071058 2938156 Coordinator.h:126] commit: 1209798 abort: 105018 (0/105018/0), network size: 0, avg network size: 0, si_in_serializable: 0 0 %, local: 0 %
I0911 22:43:28.071135 2938156 Coordinator.h:126] commit: 1224868 abort: 106332 (0/106332/0), network size: 0, avg network size: 0, si_in_serializable: 0 0 %, local: 0 %
I0911 22:43:29.071219 2938156 Coordinator.h:126] commit: 1228935 abort: 106361 (0/106361/0), network size: 0, avg network size: 0, si_in_serializable: 0 0 %, local: 0 %
I0911 22:43:30.071302 2938156 Coordinator.h:126] commit: 1227888 abort: 107408 (0/107408/0), network size: 0, avg network size: 0, si_in_serializable: 0 0 %, local: 0 %
I0911 22:43:31.071381 2938156 Coordinator.h:126] commit: 1194815 abort: 103617 (0/103617/0), network size: 0, avg network size: 0, si_in_serializable: 0 0 %, local: 0 %
I0911 22:43:32.071465 2938156 Coordinator.h:126] commit: 1231597 abort: 107795 (0/107795/0), network size: 0, avg network size: 0, si_in_serializable: 0 0 %, local: 0 %
I0911 22:43:33.071548 2938156 Coordinator.h:126] commit: 1194617 abort: 103815 (0/103815/0), network size: 0, avg network size: 0, si_in_serializable: 0 0 %, local: 0 %
I0911 22:43:34.071623 2938156 Coordinator.h:126] commit: 1175529 abort: 102423 (0/102423/0), network size: 0, avg network size: 0, si_in_serializable: 0 0 %, local: 0 %
I0911 22:43:35.071723 2938156 Coordinator.h:126] commit: 1224848 abort: 106352 (0/106352/0), network size: 0, avg network size: 0, si_in_serializable: 0 0 %, local: 0 %
I0911 22:43:36.071796 2938156 Coordinator.h:126] commit: 1228539 abort: 106757 (0/106757/0), network size: 0, avg network size: 0, si_in_serializable: 0 0 %, local: 0 %
I0911 22:43:37.071863 2938156 Coordinator.h:126] commit: 1229378 abort: 105918 (0/105918/0), network size: 0, avg network size: 0, si_in_serializable: 0 0 %, local: 0 %
I0911 22:43:38.071935 2938156 Coordinator.h:126] commit: 1231955 abort: 107437 (0/107437/0), network size: 0, avg network size: 0, si_in_serializable: 0 0 %, local: 0 %
I0911 22:43:39.072001 2938156 Coordinator.h:126] commit: 1228759 abort: 106537 (0/106537/0), network size: 0, avg network size: 0, si_in_serializable: 0 0 %, local: 0 %
I0911 22:43:40.072072 2938156 Coordinator.h:126] commit: 1228272 abort: 107024 (0/107024/0), network size: 0, avg network size: 0, si_in_serializable: 0 0 %, local: 0 %
I0911 22:43:41.072139 2938156 Coordinator.h:126] commit: 1228519 abort: 106777 (0/106777/0), network size: 0, avg network size: 0, si_in_serializable: 0 0 %, local: 0 %
I0911 22:43:42.072211 2938156 Coordinator.h:126] commit: 1221103 abort: 106001 (0/106001/0), network size: 0, avg network size: 0, si_in_serializable: 0 0 %, local: 0 %
I0911 22:43:43.072292 2938156 Coordinator.h:126] commit: 1205774 abort: 104946 (0/104946/0), network size: 0, avg network size: 0, si_in_serializable: 0 0 %, local: 0 %
I0911 22:43:44.072360 2938156 Coordinator.h:126] commit: 1228604 abort: 106692 (0/106692/0), network size: 0, avg network size: 0, si_in_serializable: 0 0 %, local: 0 %
I0911 22:43:45.072428 2938156 Coordinator.h:126] commit: 1204797 abort: 105923 (0/105923/0), network size: 0, avg network size: 0, si_in_serializable: 0 0 %, local: 0 %
I0911 22:43:45.072445 2938156 Coordinator.h:152] average commit: 1.21683e+06 abort: 105768 (0/105768/0), network size: 0, avg network size: 0, si_in_serializable: 0 0 %, local: 0 %
I0911 22:43:45.073191 2938178 AriaExecutor.h:94] AriaExecutor 2 exits. 
I0911 22:43:45.073187 2938188 AriaExecutor.h:94] AriaExecutor 12 exits. 
I0911 22:43:45.073189 2938180 AriaExecutor.h:94] AriaExecutor 4 exits. 
I0911 22:43:45.073213 2938187 AriaExecutor.h:94] AriaExecutor 11 exits. 
I0911 22:43:45.073187 2938182 AriaExecutor.h:94] AriaExecutor 6 exits. 
I0911 22:43:45.073204 2938183 AriaExecutor.h:94] AriaExecutor 7 exits. 
I0911 22:43:45.073186 2938184 AriaExecutor.h:94] AriaExecutor 8 exits. 
I0911 22:43:45.073204 2938189 AriaExecutor.h:94] AriaExecutor 13 exits. 
I0911 22:43:45.073189 2938192 Manager.h:227] Manager(worker id = 16) on the coordinator node exits.
I0911 22:43:45.073191 2938186 AriaExecutor.h:94] AriaExecutor 10 exits. 
I0911 22:43:45.073204 2938177 AriaExecutor.h:94] AriaExecutor 1 exits. 
I0911 22:43:45.073223 2938181 AriaExecutor.h:94] AriaExecutor 5 exits. 
I0911 22:43:45.073206 2938191 AriaExecutor.h:94] AriaExecutor 15 exits. 
I0911 22:43:45.073189 2938176 AriaExecutor.h:94] AriaExecutor 0 exits. 
I0911 22:43:45.073194 2938190 AriaExecutor.h:94] AriaExecutor 14 exits. 
I0911 22:43:45.073204 2938179 AriaExecutor.h:94] AriaExecutor 3 exits. 
I0911 22:43:45.073204 2938185 AriaExecutor.h:94] AriaExecutor 9 exits. 
I0911 22:43:45.072456 2938156 AriaExecutor.h:535] Worker 0 latency: 1806 us (50%) 2392 us (75%) 2846 us (95%) 2939 us (99%).
I0911 22:43:45.150863 2938156 AriaExecutor.h:535] Worker 1 latency: 1805 us (50%) 2391 us (75%) 2845 us (95%) 2938 us (99%).
I0911 22:43:45.236276 2938156 AriaExecutor.h:535] Worker 2 latency: 1817 us (50%) 2396 us (75%) 2847 us (95%) 2939 us (99%).
I0911 22:43:45.312404 2938156 AriaExecutor.h:535] Worker 3 latency: 1806 us (50%) 2391 us (75%) 2845 us (95%) 2938 us (99%).
I0911 22:43:45.397266 2938156 AriaExecutor.h:535] Worker 4 latency: 1808 us (50%) 2392 us (75%) 2846 us (95%) 2939 us (99%).
I0911 22:43:45.474535 2938156 AriaExecutor.h:535] Worker 5 latency: 1802 us (50%) 2389 us (75%) 2844 us (95%) 2938 us (99%).
I0911 22:43:45.558744 2938156 AriaExecutor.h:535] Worker 6 latency: 1816 us (50%) 2396 us (75%) 2847 us (95%) 2939 us (99%).
I0911 22:43:45.635103 2938156 AriaExecutor.h:535] Worker 7 latency: 1804 us (50%) 2390 us (75%) 2844 us (95%) 2937 us (99%).
I0911 22:43:45.720897 2938156 AriaExecutor.h:535] Worker 8 latency: 1806 us (50%) 2390 us (75%) 2845 us (95%) 2939 us (99%).
I0911 22:43:45.799641 2938156 AriaExecutor.h:535] Worker 9 latency: 1803 us (50%) 2388 us (75%) 2843 us (95%) 2938 us (99%).
I0911 22:43:45.885403 2938156 AriaExecutor.h:535] Worker 10 latency: 1815 us (50%) 2394 us (75%) 2846 us (95%) 2939 us (99%).
I0911 22:43:45.962910 2938156 AriaExecutor.h:535] Worker 11 latency: 1804 us (50%) 2389 us (75%) 2843 us (95%) 2938 us (99%).
I0911 22:43:46.047917 2938156 AriaExecutor.h:535] Worker 12 latency: 1812 us (50%) 2393 us (75%) 2845 us (95%) 2939 us (99%).
I0911 22:43:46.124800 2938156 AriaExecutor.h:535] Worker 13 latency: 1800 us (50%) 2386 us (75%) 2843 us (95%) 2938 us (99%).
I0911 22:43:46.210933 2938156 AriaExecutor.h:535] Worker 14 latency: 1819 us (50%) 2396 us (75%) 2846 us (95%) 2939 us (99%).
I0911 22:43:46.287796 2938156 AriaExecutor.h:535] Worker 15 latency: 1807 us (50%) 2390 us (75%) 2844 us (95%) 2938 us (99%).
I0911 22:43:46.373337 2938156 Coordinator.h:177] total commit: 1.21683e+06
I0911 22:43:47.373456 2938156 Coordinator.h:192] Coordinator exits.
