I0911 22:26:01.480405 2934898 Database.h:65] ycsb initialization finished in 189 milliseconds.
I0911 22:26:01.480528 2934898 Coordinator.h:30] Coordinator initializes 16 workers.
I0911 22:26:01.488425 2934898 Coordinator.h:77] Coordinator starts to run 17 workers.
I0911 22:26:01.488474 2934918 AriaExecutor.h:82] AriaExecutor 0 started. 
I0911 22:26:01.488512 2934919 AriaExecutor.h:82] AriaExecutor 1 started. 
I0911 22:26:01.488561 2934920 AriaExecutor.h:82] AriaExecutor 2 started. 
I0911 22:26:01.488600 2934921 AriaExecutor.h:82] AriaExecutor 3 started. 
I0911 22:26:01.488631 2934922 AriaExecutor.h:82] AriaExecutor 4 started. 
I0911 22:26:01.488672 2934923 AriaExecutor.h:82] AriaExecutor 5 started. 
I0911 22:26:01.488708 2934924 AriaExecutor.h:82] AriaExecutor 6 started. 
I0911 22:26:01.488746 2934925 AriaExecutor.h:82] AriaExecutor 7 started. 
I0911 22:26:01.488790 2934926 AriaExecutor.h:82] AriaExecutor 8 started. 
I0911 22:26:01.488832 2934927 AriaExecutor.h:82] AriaExecutor 9 started. 
I0911 22:26:01.488873 2934928 AriaExecutor.h:82] AriaExecutor 10 started. 
I0911 22:26:01.488916 2934929 AriaExecutor.h:82] AriaExecutor 11 started. 
I0911 22:26:01.488965 2934930 AriaExecutor.h:82] AriaExecutor 12 started. 
I0911 22:26:01.489013 2934931 AriaExecutor.h:82] AriaExecutor 13 started. 
I0911 22:26:01.489056 2934932 AriaExecutor.h:82] AriaExecutor 14 started. 
I0911 22:26:01.489092 2934933 AriaExecutor.h:82] AriaExecutor 15 started. 
I0911 22:26:01.489130 2934934 Manager.h:224] Manager(worker id = 16) on the coordinator node started.
I0911 22:26:02.489181 2934898 Coordinator.h:126] commit: 89068 abort: 101396 (0/101396/0), network size: 0, avg network size: 0, si_in_serializable: 0 0 %, local: 0 %
I0911 22:26:03.489289 2934898 Coordinator.h:126] commit: 89690 abort: 100774 (0/100774/0), network size: 0, avg network size: 0, si_in_serializable: 0 0 %, local: 0 %
I0911 22:26:04.489372 2934898 Coordinator.h:126] commit: 85954 abort: 97342 (0/97342/0), network size: 0, avg network size: 0, si_in_serializable: 0 0 %, local: 0 %
I0911 22:26:05.489451 2934898 Coordinator.h:126] commit: 87610 abort: 98758 (0/98758/0), network size: 0, avg network size: 0, si_in_serializable: 0 0 %, local: 0 %
I0911 22:26:06.489554 2934898 Coordinator.h:126] commit: 89811 abort: 101677 (0/101677/0), network size: 0, avg network size: 0, si_in_serializable: 0 0 %, local: 0 %
I0911 22:26:07.489635 2934898 Coordinator.h:126] commit: 90359 abort: 103177 (0/103177/0), network size: 0, avg network size: 0, si_in_serializable: 0 0 %, local: 0 %
I0911 22:26:08.489710 2934898 Coordinator.h:126] commit: 90053 abort: 102459 (0/102459/0), network size: 0, avg network size: 0, si_in_serializable: 0 0 %, local: 0 %
I0911 22:26:09.489785 2934898 Coordinator.h:126] commit: 89733 abort: 101755 (0/101755/0), network size: 0, avg network size: 0, si_in_serializable: 0 0 %, local: 0 %
I0911 22:26:10.489862 2934898 Coordinator.h:126] commit: 90671 abort: 102865 (0/102865/0), network size: 0, avg network size: 0, si_in_serializable: 0 0 %, local: 0 %
I0911 22:26:11.489944 2934898 Coordinator.h:126] commit: 87861 abort: 99531 (0/99531/0), network size: 0, avg network size: 0, si_in_serializable: 0 0 %, local: 0 %
I0911 22:26:12.490025 2934898 Coordinator.h:126] commit: 88316 abort: 100100 (0/100100/0), network size: 0, avg network size: 0, si_in_serializable: 0 0 %, local: 0 %
I0911 22:26:13.490129 2934898 Coordinator.h:126] commit: 89903 abort: 101585 (0/101585/0), network size: 0, avg network size: 0, si_in_serializable: 0 0 %, local: 0 %
I0911 22:26:14.490212 2934898 Coordinator.h:126] commit: 90279 abort: 102233 (0/102233/0), network size: 0, avg network size: 0, si_in_serializable: 0 0 %, local: 0 %
I0911 22:26:15.490288 2934898 Coordinator.h:126] commit: 90750 abort: 102786 (0/102786/0), network size: 0, avg network size: 0, si_in_serializable: 0 0 %, local: 0 %
I0911 22:26:16.490363 2934898 Coordinator.h:126] commit: 90348 abort: 102164 (0/102164/0), network size: 0, avg network size: 0, si_in_serializable: 0 0 %, local: 0 %
I0911 22:26:17.490438 2934898 Coordinator.h:126] commit: 90934 abort: 102602 (0/102602/0), network size: 0, avg network size: 0, si_in_serializable: 0 0 %, local: 0 %
I0911 22:26:18.490514 2934898 Coordinator.h:126] commit: 89668 abort: 101820 (0/101820/0), network size: 0, avg network size: 0, si_in_serializable: 0 0 %, local: 0 %
I0911 22:26:19.490593 2934898 Coordinator.h:126] commit: 88028 abort: 100388 (0/100388/0), network size: 0, avg network size: 0, si_in_serializable: 0 0 %, local: 0 %
I0911 22:26:20.490670 2934898 Coordinator.h:126] commit: 90187 abort: 102386 (0/102386/0), network size: 0, avg network size: 0, si_in_serializable: 0 0 %, local: 0 %
I0911 22:26:21.490744 2934898 Coordinator.h:126] commit: 88881 abort: 100498 (0/100498/0), network size: 0, avg network size: 0, si_in_serializable: 0 0 %, local: 0 %
I0911 22:26:22.490820 2934898 Coordinator.h:126] commit: 90804 abort: 102732 (0/102732/0), network size: 0, avg network size: 0, si_in_serializable: 0 0 %, local: 0 %
I0911 22:26:23.490897 2934898 Coordinator.h:126] commit: 90132 abort: 102380 (0/102380/0), network size: 0, avg network size: 0, si_in_serializable: 0 0 %, local: 0 %
I0911 22:26:24.490974 2934898 Coordinator.h:126] commit: 90445 abort: 102067 (0/102067/0), network size: 0, avg network size: 0, si_in_serializable: 0 0 %, local: 0 %
I0911 22:26:25.491068 2934898 Coordinator.h:126] commit: 89084 abort: 100356 (0/100356/0), network size: 0, avg network size: 0, si_in_serializable: 0 0 %, local: 0 %
I0911 22:26:26.491149 2934898 Coordinator.h:126] commit: 90681 abort: 102855 (0/102855/0), network size: 0, avg network size: 0, si_in_serializable: 0 0 %, local: 0 %
I0911 22:26:26.491160 2934898 Coordinator.h:152] average commit: 89729.4 abort: 101656 (0/101656/0), network size: 0, avg network size: 0, si_in_serializable: 0 0 %, local: 0 %
I0911 22:26:26.495038 2934928 AriaExecutor.h:94] AriaExecutor 10 exits. 
I0911 22:26:26.495043 2934918 AriaExecutor.h:94] AriaExecutor 0 exits. 
I0911 22:26:26.495055 2934919 AriaExecutor.h:94] AriaExecutor 1 exits. 
I0911 22:26:26.495043 2934922 AriaExecutor.h:94] AriaExecutor 4 exits. 
I0911 22:26:26.495039 2934924 AriaExecutor.h:94] AriaExecutor 6 exits. 
I0911 22:26:26.495044 2934930 AriaExecutor.h:94] AriaExecutor 12 exits. 
I0911 22:26:26.495038 2934934 Manager.h:227] Manager(worker id = 16) on the coordinator node exits.
I0911 22:26:26.495045 2934926 AriaExecutor.h:94] AriaExecutor 8 exits. 
I0911 22:26:26.495055 2934921 AriaExecutor.h:94] AriaExecutor 3 exits. 
I0911 22:26:26.495055 2934925 AriaExecutor.h:94] AriaExecutor 7 exits. 
I0911 22:26:26.495055 2934923 AriaExecutor.h:94] AriaExecutor 5 exits. 
I0911 22:26:26.495055 2934933 AriaExecutor.h:94] AriaExecutor 15 exits. 
I0911 22:26:26.495055 2934929 AriaExecutor.h:94] AriaExecutor 11 exits. 
I0911 22:26:26.495055 2934931 AriaExecutor.h:94] AriaExecutor 13 exits. 
I0911 22:26:26.495041 2934920 AriaExecutor.h:94] AriaExecutor 2 exits. 
I0911 22:26:26.495062 2934927 AriaExecutor.h:94] AriaExecutor 9 exits. 
I0911 22:26:26.495043 2934932 AriaExecutor.h:94] AriaExecutor 14 exits. 
I0911 22:26:26.491171 2934898 AriaExecutor.h:535] Worker 0 latency: 4462 us (50%) 4816 us (75%) 5040 us (95%) 5105 us (99%).
I0911 22:26:26.498175 2934898 AriaExecutor.h:535] Worker 1 latency: 4454 us (50%) 4812 us (75%) 5037 us (95%) 5103 us (99%).
I0911 22:26:26.504964 2934898 AriaExecutor.h:535] Worker 2 latency: 4462 us (50%) 4816 us (75%) 5038 us (95%) 5104 us (99%).
I0911 22:26:26.511763 2934898 AriaExecutor.h:535] Worker 3 latency: 4459 us (50%) 4815 us (75%) 5038 us (95%) 5102 us (99%).
I0911 22:26:26.518573 2934898 AriaExecutor.h:535] Worker 4 latency: 4456 us (50%) 4815 us (75%) 5038 us (95%) 5104 us (99%).
I0911 22:26:26.525435 2934898 AriaExecutor.h:535] Worker 5 latency: 4451 us (50%) 4811 us (75%) 5037 us (95%) 5103 us (99%).
I0911 22:26:26.532383 2934898 AriaExecutor.h:535] Worker 6 latency: 4467 us (50%) 4819 us (75%) 5039 us (95%) 5104 us (99%).
I0911 22:26:26.539145 2934898 AriaExecutor.h:535] Worker 7 latency: 4459 us (50%) 4815 us (75%) 5040 us (95%) 5106 us (99%).
I0911 22:26:26.545981 2934898 AriaExecutor.h:535] Worker 8 latency: 4458 us (50%) 4816 us (75%) 5039 us (95%) 5104 us (99%).
I0911 22:26:26.552737 2934898 AriaExecutor.h:535] Worker 9 latency: 4449 us (50%) 4810 us (75%) 5035 us (95%) 5101 us (99%).
I0911 22:26:26.559563 2934898 AriaExecutor.h:535] Worker 10 latency: 4460 us (50%) 4814 us (75%) 5037 us (95%) 5102 us (99%).
I0911 22:26:26.566329 2934898 AriaExecutor.h:535] Worker 11 latency: 4461 us (50%) 4815 us (75%) 5038 us (95%) 5103 us (99%).
I0911 22:26:26.573125 2934898 AriaExecutor.h:535] Worker 12 latency: 4461 us (50%) 4816 us (75%) 5038 us (95%) 5103 us (99%).
I0911 22:26:26.579802 2934898 AriaExecutor.h:535] Worker 13 latency: 4451 us (50%) 4811 us (75%) 5036 us (95%) 5102 us (99%).
I0911 22:26:26.586542 2934898 AriaExecutor.h:535] Worker 14 latency: 4462 us (50%) 4815 us (75%) 5037 us (95%) 5102 us (99%).
I0911 22:26:26.593286 2934898 AriaExecutor.h:535] Worker 15 latency: 4462 us (50%) 4816 us (75%) 5036 us (95%) 5102 us (99%).
I0911 22:26:26.599939 2934898 Coordinator.h:177] total commit: 89729.4
I0911 22:26:27.600054 2934898 Coordinator.h:192] Coordinator exits.
