I1126 15:13:40.507100 996929 Database.h:65] ycsb initialization finished in 30 milliseconds.
I1126 15:13:40.507195 996929 Coordinator.h:30] Coordinator initializes 12 workers.
I1126 15:13:40.508087 996929 Coordinator.h:77] Coordinator starts to run 13 workers.
I1126 15:13:40.508179 996945 AriaExecutor.h:95] AriaExecutor 0 started. 
I1126 15:13:40.508198 996946 AriaExecutor.h:95] AriaExecutor 1 started. 
I1126 15:13:40.508261 996947 AriaExecutor.h:95] AriaExecutor 2 started. 
I1126 15:13:40.508292 996948 AriaExecutor.h:95] AriaExecutor 3 started. 
I1126 15:13:40.508337 996949 AriaExecutor.h:95] AriaExecutor 4 started. 
I1126 15:13:40.508373 996950 AriaExecutor.h:95] AriaExecutor 5 started. 
I1126 15:13:40.508412 996951 AriaExecutor.h:95] AriaExecutor 6 started. 
I1126 15:13:40.508441 996952 AriaExecutor.h:95] AriaExecutor 7 started. 
I1126 15:13:40.508481 996953 AriaExecutor.h:95] AriaExecutor 8 started. 
I1126 15:13:40.508510 996954 AriaExecutor.h:95] AriaExecutor 9 started. 
I1126 15:13:40.508555 996955 AriaExecutor.h:95] AriaExecutor 10 started. 
I1126 15:13:40.508589 996956 AriaExecutor.h:95] AriaExecutor 11 started. 
I1126 15:13:40.508625 996957 Manager.h:224] Manager(worker id = 12) on the coordinator node started.
I1126 15:13:41.508674 996929 Coordinator.h:126] commit: 1230453 abort: 33547 (0/33547/0), network size: 0, avg network size: 0, si_in_serializable: 0 0 %, local: 0 %
I1126 15:13:42.508806 996929 Coordinator.h:126] commit: 1209136 abort: 32864 (0/32864/0), network size: 0, avg network size: 0, si_in_serializable: 0 0 %, local: 0 %
I1126 15:13:43.508975 996929 Coordinator.h:126] commit: 1227281 abort: 33719 (0/33719/0), network size: 0, avg network size: 0, si_in_serializable: 0 0 %, local: 0 %
I1126 15:13:44.509069 996929 Coordinator.h:126] commit: 1238753 abort: 33697 (0/33697/0), network size: 0, avg network size: 0, si_in_serializable: 0 0 %, local: 0 %
I1126 15:13:45.509150 996929 Coordinator.h:126] commit: 1240613 abort: 33937 (0/33937/0), network size: 0, avg network size: 0, si_in_serializable: 0 0 %, local: 0 %
I1126 15:13:46.509231 996929 Coordinator.h:126] commit: 1186709 abort: 32291 (0/32291/0), network size: 0, avg network size: 0, si_in_serializable: 0 0 %, local: 0 %
I1126 15:13:47.509305 996929 Coordinator.h:126] commit: 1241987 abort: 34013 (0/34013/0), network size: 0, avg network size: 0, si_in_serializable: 0 0 %, local: 0 %
I1126 15:13:48.509382 996929 Coordinator.h:126] commit: 1234294 abort: 33706 (0/33706/0), network size: 0, avg network size: 0, si_in_serializable: 0 0 %, local: 0 %
I1126 15:13:49.509459 996929 Coordinator.h:126] commit: 1242210 abort: 33528 (0/33528/0), network size: 0, avg network size: 0, si_in_serializable: 0 0 %, local: 0 %
I1126 15:13:50.509542 996929 Coordinator.h:126] commit: 1239477 abort: 33784 (0/33784/0), network size: 0, avg network size: 0, si_in_serializable: 0 0 %, local: 0 %
I1126 15:13:51.509619 996929 Coordinator.h:126] commit: 1188344 abort: 32656 (0/32656/0), network size: 0, avg network size: 0, si_in_serializable: 0 0 %, local: 0 %
I1126 15:13:52.509696 996929 Coordinator.h:126] commit: 1240249 abort: 33751 (0/33751/0), network size: 0, avg network size: 0, si_in_serializable: 0 0 %, local: 0 %
I1126 15:13:53.509770 996929 Coordinator.h:126] commit: 1239673 abort: 33327 (0/33327/0), network size: 0, avg network size: 0, si_in_serializable: 0 0 %, local: 0 %
I1126 15:13:54.509848 996929 Coordinator.h:126] commit: 1240057 abort: 33943 (0/33943/0), network size: 0, avg network size: 0, si_in_serializable: 0 0 %, local: 0 %
I1126 15:13:55.509927 996929 Coordinator.h:126] commit: 1224389 abort: 33611 (0/33611/0), network size: 0, avg network size: 0, si_in_serializable: 0 0 %, local: 0 %
I1126 15:13:56.510004 996929 Coordinator.h:126] commit: 1239195 abort: 33739 (0/33739/0), network size: 0, avg network size: 0, si_in_serializable: 0 0 %, local: 0 %
I1126 15:13:57.510083 996929 Coordinator.h:126] commit: 1241279 abort: 33787 (0/33787/0), network size: 0, avg network size: 0, si_in_serializable: 0 0 %, local: 0 %
I1126 15:13:58.510159 996929 Coordinator.h:126] commit: 1239973 abort: 34027 (0/34027/0), network size: 0, avg network size: 0, si_in_serializable: 0 0 %, local: 0 %
I1126 15:13:59.510236 996929 Coordinator.h:126] commit: 1241134 abort: 33866 (0/33866/0), network size: 0, avg network size: 0, si_in_serializable: 0 0 %, local: 0 %
I1126 15:14:00.510316 996929 Coordinator.h:126] commit: 1240948 abort: 34052 (0/34052/0), network size: 0, avg network size: 0, si_in_serializable: 0 0 %, local: 0 %
I1126 15:14:01.510442 996929 Coordinator.h:126] commit: 1082165 abort: 29835 (0/29835/0), network size: 0, avg network size: 0, si_in_serializable: 0 0 %, local: 0 %
I1126 15:14:02.510517 996929 Coordinator.h:126] commit: 1240173 abort: 33827 (0/33827/0), network size: 0, avg network size: 0, si_in_serializable: 0 0 %, local: 0 %
I1126 15:14:03.510601 996929 Coordinator.h:126] commit: 1238288 abort: 33712 (0/33712/0), network size: 0, avg network size: 0, si_in_serializable: 0 0 %, local: 0 %
I1126 15:14:04.510690 996929 Coordinator.h:126] commit: 1240990 abort: 34010 (0/34010/0), network size: 0, avg network size: 0, si_in_serializable: 0 0 %, local: 0 %
I1126 15:14:05.510792 996929 Coordinator.h:126] commit: 1238156 abort: 33844 (0/33844/0), network size: 0, avg network size: 0, si_in_serializable: 0 0 %, local: 0 %
I1126 15:14:05.510812 996929 Coordinator.h:152] average commit: 1.23352e+06 abort: 33675.9 (0/33675.9/0), network size: 0, avg network size: 0, si_in_serializable: 0 0 %, local: 0 %
I1126 15:14:05.511514 996950 AriaExecutor.h:107] AriaExecutor 5 exits. 
I1126 15:14:05.511518 996952 AriaExecutor.h:107] AriaExecutor 7 exits. 
I1126 15:14:05.511515 996954 AriaExecutor.h:107] AriaExecutor 9 exits. 
I1126 15:14:05.511540 996946 AriaExecutor.h:107] AriaExecutor 1 exits. 
I1126 15:14:05.511528 996949 AriaExecutor.h:107] AriaExecutor 4 exits. 
I1126 15:14:05.511539 996957 Manager.h:227] Manager(worker id = 12) on the coordinator node exits.
I1126 15:14:05.511533 996953 AriaExecutor.h:107] AriaExecutor 8 exits. 
I1126 15:14:05.511529 996951 AriaExecutor.h:107] AriaExecutor 6 exits. 
I1126 15:14:05.511533 996948 AriaExecutor.h:107] AriaExecutor 3 exits. 
I1126 15:14:05.511528 996947 AriaExecutor.h:107] AriaExecutor 2 exits. 
I1126 15:14:05.511528 996955 AriaExecutor.h:107] AriaExecutor 10 exits. 
I1126 15:14:05.511519 996945 AriaExecutor.h:107] AriaExecutor 0 exits. 
I1126 15:14:05.511516 996956 AriaExecutor.h:107] AriaExecutor 11 exits. 
I1126 15:14:05.510825 996929 AriaExecutor.h:705] Worker 0 latency: 596 us (50%) 648 us (75%) 693 us (95%) 710 us (99%).
I1126 15:14:05.601334 996929 AriaExecutor.h:705] Worker 1 latency: 593 us (50%) 647 us (75%) 693 us (95%) 710 us (99%).
I1126 15:14:05.693071 996929 AriaExecutor.h:705] Worker 2 latency: 594 us (50%) 647 us (75%) 693 us (95%) 710 us (99%).
I1126 15:14:05.783452 996929 AriaExecutor.h:705] Worker 3 latency: 596 us (50%) 648 us (75%) 693 us (95%) 710 us (99%).
I1126 15:14:05.874045 996929 AriaExecutor.h:705] Worker 4 latency: 595 us (50%) 647 us (75%) 693 us (95%) 710 us (99%).
I1126 15:14:05.965878 996929 AriaExecutor.h:705] Worker 5 latency: 594 us (50%) 647 us (75%) 692 us (95%) 709 us (99%).
I1126 15:14:06.056213 996929 AriaExecutor.h:705] Worker 6 latency: 596 us (50%) 647 us (75%) 693 us (95%) 710 us (99%).
I1126 15:14:06.144732 996929 AriaExecutor.h:705] Worker 7 latency: 596 us (50%) 648 us (75%) 693 us (95%) 710 us (99%).
I1126 15:14:06.233724 996929 AriaExecutor.h:705] Worker 8 latency: 597 us (50%) 648 us (75%) 693 us (95%) 710 us (99%).
I1126 15:14:06.325961 996929 AriaExecutor.h:705] Worker 9 latency: 598 us (50%) 649 us (75%) 693 us (95%) 710 us (99%).
I1126 15:14:06.416108 996929 AriaExecutor.h:705] Worker 10 latency: 598 us (50%) 649 us (75%) 693 us (95%) 710 us (99%).
I1126 15:14:06.505309 996929 AriaExecutor.h:705] Worker 11 latency: 598 us (50%) 649 us (75%) 693 us (95%) 710 us (99%).
I1126 15:14:06.593027 996929 Coordinator.h:177] total commit: 1.23352e+06
I1126 15:14:07.593168 996929 Coordinator.h:192] Coordinator exits.
