I0911 23:44:22.575366 2949971 Database.h:65] ycsb initialization finished in 186 milliseconds.
I0911 23:44:22.575491 2949971 Coordinator.h:30] Coordinator initializes 16 workers.
I0911 23:44:22.583282 2949971 Coordinator.h:77] Coordinator starts to run 17 workers.
I0911 23:44:22.583359 2949991 AriaExecutor.h:82] AriaExecutor 0 started. 
I0911 23:44:22.583410 2949992 AriaExecutor.h:82] AriaExecutor 1 started. 
I0911 23:44:22.583448 2949993 AriaExecutor.h:82] AriaExecutor 2 started. 
I0911 23:44:22.583505 2949994 AriaExecutor.h:82] AriaExecutor 3 started. 
I0911 23:44:22.583521 2949995 AriaExecutor.h:82] AriaExecutor 4 started. 
I0911 23:44:22.583576 2949996 AriaExecutor.h:82] AriaExecutor 5 started. 
I0911 23:44:22.583611 2949997 AriaExecutor.h:82] AriaExecutor 6 started. 
I0911 23:44:22.583653 2949998 AriaExecutor.h:82] AriaExecutor 7 started. 
I0911 23:44:22.583688 2949999 AriaExecutor.h:82] AriaExecutor 8 started. 
I0911 23:44:22.583725 2950000 AriaExecutor.h:82] AriaExecutor 9 started. 
I0911 23:44:22.583761 2950001 AriaExecutor.h:82] AriaExecutor 10 started. 
I0911 23:44:22.583810 2950002 AriaExecutor.h:82] AriaExecutor 11 started. 
I0911 23:44:22.583843 2950003 AriaExecutor.h:82] AriaExecutor 12 started. 
I0911 23:44:22.583884 2950004 AriaExecutor.h:82] AriaExecutor 13 started. 
I0911 23:44:22.583918 2950005 AriaExecutor.h:82] AriaExecutor 14 started. 
I0911 23:44:22.583956 2950006 AriaExecutor.h:82] AriaExecutor 15 started. 
I0911 23:44:22.583988 2950007 Manager.h:224] Manager(worker id = 16) on the coordinator node started.
I0911 23:44:23.584043 2949971 Coordinator.h:126] commit: 1094897 abort: 14095 (0/14095/0), network size: 0, avg network size: 0, si_in_serializable: 0 0 %, local: 0 %
I0911 23:44:24.584129 2949971 Coordinator.h:126] commit: 1089892 abort: 13980 (0/13980/0), network size: 0, avg network size: 0, si_in_serializable: 0 0 %, local: 0 %
I0911 23:44:25.584192 2949971 Coordinator.h:126] commit: 1051240 abort: 13720 (0/13720/0), network size: 0, avg network size: 0, si_in_serializable: 0 0 %, local: 0 %
I0911 23:44:26.584254 2949971 Coordinator.h:126] commit: 1058196 abort: 13932 (0/13932/0), network size: 0, avg network size: 0, si_in_serializable: 0 0 %, local: 0 %
I0911 23:44:27.584350 2949971 Coordinator.h:126] commit: 1091755 abort: 14165 (0/14165/0), network size: 0, avg network size: 0, si_in_serializable: 0 0 %, local: 0 %
I0911 23:44:28.584415 2949971 Coordinator.h:126] commit: 1105569 abort: 14687 (0/14687/0), network size: 0, avg network size: 0, si_in_serializable: 0 0 %, local: 0 %
I0911 23:44:29.584474 2949971 Coordinator.h:126] commit: 1105813 abort: 14443 (0/14443/0), network size: 0, avg network size: 0, si_in_serializable: 0 0 %, local: 0 %
I0911 23:44:30.584534 2949971 Coordinator.h:126] commit: 1072754 abort: 13710 (0/13710/0), network size: 0, avg network size: 0, si_in_serializable: 0 0 %, local: 0 %
I0911 23:44:31.584604 2949971 Coordinator.h:126] commit: 1104920 abort: 14312 (0/14312/0), network size: 0, avg network size: 0, si_in_serializable: 0 0 %, local: 0 %
I0911 23:44:32.584663 2949971 Coordinator.h:126] commit: 1088654 abort: 14194 (0/14194/0), network size: 0, avg network size: 0, si_in_serializable: 0 0 %, local: 0 %
I0911 23:44:33.584723 2949971 Coordinator.h:126] commit: 1107146 abort: 14134 (0/14134/0), network size: 0, avg network size: 0, si_in_serializable: 0 0 %, local: 0 %
I0911 23:44:34.584784 2949971 Coordinator.h:126] commit: 1073373 abort: 14115 (0/14115/0), network size: 0, avg network size: 0, si_in_serializable: 0 0 %, local: 0 %
I0911 23:44:35.584856 2949971 Coordinator.h:126] commit: 1104752 abort: 14480 (0/14480/0), network size: 0, avg network size: 0, si_in_serializable: 0 0 %, local: 0 %
I0911 23:44:36.584915 2949971 Coordinator.h:126] commit: 1087965 abort: 13859 (0/13859/0), network size: 0, avg network size: 0, si_in_serializable: 0 0 %, local: 0 %
I0911 23:44:37.585003 2949971 Coordinator.h:126] commit: 1105068 abort: 14164 (0/14164/0), network size: 0, avg network size: 0, si_in_serializable: 0 0 %, local: 0 %
I0911 23:44:38.585071 2949971 Coordinator.h:126] commit: 1053356 abort: 13652 (0/13652/0), network size: 0, avg network size: 0, si_in_serializable: 0 0 %, local: 0 %
I0911 23:44:39.585142 2949971 Coordinator.h:126] commit: 1106876 abort: 14404 (0/14404/0), network size: 0, avg network size: 0, si_in_serializable: 0 0 %, local: 0 %
I0911 23:44:40.585201 2949971 Coordinator.h:126] commit: 1103827 abort: 14381 (0/14381/0), network size: 0, avg network size: 0, si_in_serializable: 0 0 %, local: 0 %
I0911 23:44:41.585260 2949971 Coordinator.h:126] commit: 1105796 abort: 14460 (0/14460/0), network size: 0, avg network size: 0, si_in_serializable: 0 0 %, local: 0 %
I0911 23:44:42.585319 2949971 Coordinator.h:126] commit: 1106854 abort: 14426 (0/14426/0), network size: 0, avg network size: 0, si_in_serializable: 0 0 %, local: 0 %
I0911 23:44:43.585392 2949971 Coordinator.h:126] commit: 1106890 abort: 14390 (0/14390/0), network size: 0, avg network size: 0, si_in_serializable: 0 0 %, local: 0 %
I0911 23:44:44.585453 2949971 Coordinator.h:126] commit: 1106972 abort: 14308 (0/14308/0), network size: 0, avg network size: 0, si_in_serializable: 0 0 %, local: 0 %
I0911 23:44:45.585511 2949971 Coordinator.h:126] commit: 1103943 abort: 14265 (0/14265/0), network size: 0, avg network size: 0, si_in_serializable: 0 0 %, local: 0 %
I0911 23:44:46.585572 2949971 Coordinator.h:126] commit: 1104924 abort: 14308 (0/14308/0), network size: 0, avg network size: 0, si_in_serializable: 0 0 %, local: 0 %
I0911 23:44:47.585642 2949971 Coordinator.h:126] commit: 1100051 abort: 14061 (0/14061/0), network size: 0, avg network size: 0, si_in_serializable: 0 0 %, local: 0 %
I0911 23:44:47.585654 2949971 Coordinator.h:152] average commit: 1.0955e+06 abort: 14207.5 (0/14207.5/0), network size: 0, avg network size: 0, si_in_serializable: 0 0 %, local: 0 %
I0911 23:44:47.585779 2950003 AriaExecutor.h:94] AriaExecutor 12 exits. 
I0911 23:44:47.585779 2950005 AriaExecutor.h:94] AriaExecutor 14 exits. 
I0911 23:44:47.585783 2949993 AriaExecutor.h:94] AriaExecutor 2 exits. 
I0911 23:44:47.585781 2949991 AriaExecutor.h:94] AriaExecutor 0 exits. 
I0911 23:44:47.585781 2949999 AriaExecutor.h:94] AriaExecutor 8 exits. 
I0911 23:44:47.585783 2950007 Manager.h:227] Manager(worker id = 16) on the coordinator node exits.
I0911 23:44:47.585796 2949996 AriaExecutor.h:94] AriaExecutor 5 exits. 
I0911 23:44:47.585783 2949997 AriaExecutor.h:94] AriaExecutor 6 exits. 
I0911 23:44:47.585783 2949995 AriaExecutor.h:94] AriaExecutor 4 exits. 
I0911 23:44:47.585794 2950000 AriaExecutor.h:94] AriaExecutor 9 exits. 
I0911 23:44:47.585793 2950006 AriaExecutor.h:94] AriaExecutor 15 exits. 
I0911 23:44:47.585795 2950004 AriaExecutor.h:94] AriaExecutor 13 exits. 
I0911 23:44:47.585795 2949992 AriaExecutor.h:94] AriaExecutor 1 exits. 
I0911 23:44:47.585796 2949994 AriaExecutor.h:94] AriaExecutor 3 exits. 
I0911 23:44:47.585796 2949998 AriaExecutor.h:94] AriaExecutor 7 exits. 
I0911 23:44:47.585795 2950002 AriaExecutor.h:94] AriaExecutor 11 exits. 
I0911 23:44:47.585779 2950001 AriaExecutor.h:94] AriaExecutor 10 exits. 
I0911 23:44:47.585661 2949971 AriaExecutor.h:641] Worker 0 latency: 577 us (50%) 726 us (75%) 845 us (95%) 872 us (99%).
I0911 23:44:47.654211 2949971 AriaExecutor.h:641] Worker 1 latency: 576 us (50%) 724 us (75%) 843 us (95%) 871 us (99%).
I0911 23:44:47.731201 2949971 AriaExecutor.h:641] Worker 2 latency: 580 us (50%) 727 us (75%) 845 us (95%) 872 us (99%).
I0911 23:44:47.798705 2949971 AriaExecutor.h:641] Worker 3 latency: 575 us (50%) 724 us (75%) 843 us (95%) 871 us (99%).
I0911 23:44:47.875469 2949971 AriaExecutor.h:641] Worker 4 latency: 578 us (50%) 726 us (75%) 844 us (95%) 872 us (99%).
I0911 23:44:47.944113 2949971 AriaExecutor.h:641] Worker 5 latency: 575 us (50%) 724 us (75%) 843 us (95%) 871 us (99%).
I0911 23:44:48.020515 2949971 AriaExecutor.h:641] Worker 6 latency: 580 us (50%) 727 us (75%) 845 us (95%) 872 us (99%).
I0911 23:44:48.089581 2949971 AriaExecutor.h:641] Worker 7 latency: 576 us (50%) 724 us (75%) 843 us (95%) 871 us (99%).
I0911 23:44:48.166973 2949971 AriaExecutor.h:641] Worker 8 latency: 577 us (50%) 725 us (75%) 844 us (95%) 872 us (99%).
I0911 23:44:48.234490 2949971 AriaExecutor.h:641] Worker 9 latency: 574 us (50%) 723 us (75%) 843 us (95%) 871 us (99%).
I0911 23:44:48.310734 2949971 AriaExecutor.h:641] Worker 10 latency: 579 us (50%) 726 us (75%) 845 us (95%) 872 us (99%).
I0911 23:44:48.378444 2949971 AriaExecutor.h:641] Worker 11 latency: 576 us (50%) 724 us (75%) 843 us (95%) 871 us (99%).
I0911 23:44:48.456408 2949971 AriaExecutor.h:641] Worker 12 latency: 578 us (50%) 726 us (75%) 845 us (95%) 872 us (99%).
I0911 23:44:48.524459 2949971 AriaExecutor.h:641] Worker 13 latency: 574 us (50%) 723 us (75%) 843 us (95%) 871 us (99%).
I0911 23:44:48.602619 2949971 AriaExecutor.h:641] Worker 14 latency: 580 us (50%) 727 us (75%) 845 us (95%) 871 us (99%).
I0911 23:44:48.671175 2949971 AriaExecutor.h:641] Worker 15 latency: 576 us (50%) 724 us (75%) 843 us (95%) 871 us (99%).
I0911 23:44:48.748243 2949971 Coordinator.h:177] total commit: 1.0955e+06
I0911 23:44:49.748359 2949971 Coordinator.h:192] Coordinator exits.
