I0912 00:16:09.594712 2956017 Database.h:65] ycsb initialization finished in 176 milliseconds.
I0912 00:16:09.594830 2956017 Coordinator.h:30] Coordinator initializes 16 workers.
I0912 00:16:09.625779 2956017 Coordinator.h:77] Coordinator starts to run 17 workers.
I0912 00:16:09.625830 2956038 AriaExecutor.h:82] AriaExecutor 0 started. 
I0912 00:16:09.625875 2956039 AriaExecutor.h:82] AriaExecutor 1 started. 
I0912 00:16:09.625914 2956040 AriaExecutor.h:82] AriaExecutor 2 started. 
I0912 00:16:09.625967 2956041 AriaExecutor.h:82] AriaExecutor 3 started. 
I0912 00:16:09.625996 2956042 AriaExecutor.h:82] AriaExecutor 4 started. 
I0912 00:16:09.626046 2956043 AriaExecutor.h:82] AriaExecutor 5 started. 
I0912 00:16:09.626080 2956044 AriaExecutor.h:82] AriaExecutor 6 started. 
I0912 00:16:09.626137 2956045 AriaExecutor.h:82] AriaExecutor 7 started. 
I0912 00:16:09.626173 2956046 AriaExecutor.h:82] AriaExecutor 8 started. 
I0912 00:16:09.626215 2956047 AriaExecutor.h:82] AriaExecutor 9 started. 
I0912 00:16:09.626252 2956048 AriaExecutor.h:82] AriaExecutor 10 started. 
I0912 00:16:09.626298 2956049 AriaExecutor.h:82] AriaExecutor 11 started. 
I0912 00:16:09.626329 2956050 AriaExecutor.h:82] AriaExecutor 12 started. 
I0912 00:16:09.626380 2956051 AriaExecutor.h:82] AriaExecutor 13 started. 
I0912 00:16:09.626418 2956052 AriaExecutor.h:82] AriaExecutor 14 started. 
I0912 00:16:09.626467 2956053 AriaExecutor.h:82] AriaExecutor 15 started. 
I0912 00:16:09.626502 2956054 Manager.h:224] Manager(worker id = 16) on the coordinator node started.
I0912 00:16:10.626559 2956017 Coordinator.h:126] commit: 738 abort: 183582 (0/183582/0), network size: 0, avg network size: 0, si_in_serializable: 0 0 %, local: 0 %
I0912 00:16:11.626685 2956017 Coordinator.h:126] commit: 774 abort: 191738 (0/191738/0), network size: 0, avg network size: 0, si_in_serializable: 0 0 %, local: 0 %
I0912 00:16:12.626770 2956017 Coordinator.h:126] commit: 766 abort: 191746 (0/191746/0), network size: 0, avg network size: 0, si_in_serializable: 0 0 %, local: 0 %
I0912 00:16:13.626852 2956017 Coordinator.h:126] commit: 755 abort: 187661 (0/187661/0), network size: 0, avg network size: 0, si_in_serializable: 0 0 %, local: 0 %
I0912 00:16:14.626969 2956017 Coordinator.h:126] commit: 803 abort: 199901 (0/199901/0), network size: 0, avg network size: 0, si_in_serializable: 0 0 %, local: 0 %
I0912 00:16:15.627065 2956017 Coordinator.h:126] commit: 810 abort: 199894 (0/199894/0), network size: 0, avg network size: 0, si_in_serializable: 0 0 %, local: 0 %
I0912 00:16:16.627146 2956017 Coordinator.h:126] commit: 793 abort: 195815 (0/195815/0), network size: 0, avg network size: 0, si_in_serializable: 0 0 %, local: 0 %
I0912 00:16:17.627224 2956017 Coordinator.h:126] commit: 826 abort: 203974 (0/203974/0), network size: 0, avg network size: 0, si_in_serializable: 0 0 %, local: 0 %
I0912 00:16:18.627308 2956017 Coordinator.h:126] commit: 785 abort: 195823 (0/195823/0), network size: 0, avg network size: 0, si_in_serializable: 0 0 %, local: 0 %
I0912 00:16:19.627393 2956017 Coordinator.h:126] commit: 790 abort: 195818 (0/195818/0), network size: 0, avg network size: 0, si_in_serializable: 0 0 %, local: 0 %
I0912 00:16:20.627472 2956017 Coordinator.h:126] commit: 808 abort: 203992 (0/203992/0), network size: 0, avg network size: 0, si_in_serializable: 0 0 %, local: 0 %
I0912 00:16:21.627573 2956017 Coordinator.h:126] commit: 810 abort: 199894 (0/199894/0), network size: 0, avg network size: 0, si_in_serializable: 0 0 %, local: 0 %
I0912 00:16:22.627665 2956017 Coordinator.h:126] commit: 808 abort: 199896 (0/199896/0), network size: 0, avg network size: 0, si_in_serializable: 0 0 %, local: 0 %
I0912 00:16:23.627740 2956017 Coordinator.h:126] commit: 810 abort: 203990 (0/203990/0), network size: 0, avg network size: 0, si_in_serializable: 0 0 %, local: 0 %
I0912 00:16:24.627817 2956017 Coordinator.h:126] commit: 819 abort: 203981 (0/203981/0), network size: 0, avg network size: 0, si_in_serializable: 0 0 %, local: 0 %
I0912 00:16:25.627884 2956017 Coordinator.h:126] commit: 806 abort: 199898 (0/199898/0), network size: 0, avg network size: 0, si_in_serializable: 0 0 %, local: 0 %
I0912 00:16:26.627955 2956017 Coordinator.h:126] commit: 809 abort: 199895 (0/199895/0), network size: 0, avg network size: 0, si_in_serializable: 0 0 %, local: 0 %
I0912 00:16:27.628032 2956017 Coordinator.h:126] commit: 823 abort: 203977 (0/203977/0), network size: 0, avg network size: 0, si_in_serializable: 0 0 %, local: 0 %
I0912 00:16:28.628106 2956017 Coordinator.h:126] commit: 824 abort: 203976 (0/203976/0), network size: 0, avg network size: 0, si_in_serializable: 0 0 %, local: 0 %
I0912 00:16:29.628175 2956017 Coordinator.h:126] commit: 784 abort: 195824 (0/195824/0), network size: 0, avg network size: 0, si_in_serializable: 0 0 %, local: 0 %
I0912 00:16:30.628248 2956017 Coordinator.h:126] commit: 825 abort: 203975 (0/203975/0), network size: 0, avg network size: 0, si_in_serializable: 0 0 %, local: 0 %
I0912 00:16:31.628325 2956017 Coordinator.h:126] commit: 780 abort: 195828 (0/195828/0), network size: 0, avg network size: 0, si_in_serializable: 0 0 %, local: 0 %
I0912 00:16:32.628402 2956017 Coordinator.h:126] commit: 818 abort: 203982 (0/203982/0), network size: 0, avg network size: 0, si_in_serializable: 0 0 %, local: 0 %
I0912 00:16:33.628470 2956017 Coordinator.h:126] commit: 802 abort: 199902 (0/199902/0), network size: 0, avg network size: 0, si_in_serializable: 0 0 %, local: 0 %
I0912 00:16:34.628566 2956017 Coordinator.h:126] commit: 819 abort: 203981 (0/203981/0), network size: 0, avg network size: 0, si_in_serializable: 0 0 %, local: 0 %
I0912 00:16:34.628587 2956017 Coordinator.h:152] average commit: 810.1 abort: 201532 (0/201532/0), network size: 0, avg network size: 0, si_in_serializable: 0 0 %, local: 0 %
I0912 00:16:34.628599 2956017 AriaExecutor.h:641] Worker 0 latency: 20163 us (50%) 20404 us (75%) 21767 us (95%) 26107 us (99%).
I0912 00:16:34.644536 2956040 AriaExecutor.h:94] AriaExecutor 2 exits. 
I0912 00:16:34.644536 2956054 Manager.h:227] Manager(worker id = 16) on the coordinator node exits.
I0912 00:16:34.644558 2956051 AriaExecutor.h:94] AriaExecutor 13 exits. 
I0912 00:16:34.644541 2956038 AriaExecutor.h:94] AriaExecutor 0 exits. 
I0912 00:16:34.644548 2956048 AriaExecutor.h:94] AriaExecutor 10 exits. 
I0912 00:16:34.644538 2956052 AriaExecutor.h:94] AriaExecutor 14 exits. 
I0912 00:16:34.644536 2956042 AriaExecutor.h:94] AriaExecutor 4 exits. 
I0912 00:16:34.644541 2956050 AriaExecutor.h:94] AriaExecutor 12 exits. 
I0912 00:16:34.644548 2956046 AriaExecutor.h:94] AriaExecutor 8 exits. 
I0912 00:16:34.644556 2956049 AriaExecutor.h:94] AriaExecutor 11 exits. 
I0912 00:16:34.644558 2956043 AriaExecutor.h:94] AriaExecutor 5 exits. 
I0912 00:16:34.644558 2956045 AriaExecutor.h:94] AriaExecutor 7 exits. 
I0912 00:16:34.644558 2956053 AriaExecutor.h:94] AriaExecutor 15 exits. 
I0912 00:16:34.644558 2956041 AriaExecutor.h:94] AriaExecutor 3 exits. 
I0912 00:16:34.644558 2956039 AriaExecutor.h:94] AriaExecutor 1 exits. 
I0912 00:16:34.644558 2956047 AriaExecutor.h:94] AriaExecutor 9 exits. 
I0912 00:16:34.644541 2956044 AriaExecutor.h:94] AriaExecutor 6 exits. 
I0912 00:16:34.644867 2956017 AriaExecutor.h:641] Worker 1 latency: 20163 us (50%) 20404 us (75%) 21766 us (95%) 26150 us (99%).
I0912 00:16:34.645028 2956017 AriaExecutor.h:641] Worker 2 latency: 20166 us (50%) 20408 us (75%) 21808 us (95%) 26890 us (99%).
I0912 00:16:34.645112 2956017 AriaExecutor.h:641] Worker 3 latency: 20164 us (50%) 20400 us (75%) 21682 us (95%) 25994 us (99%).
I0912 00:16:34.645207 2956017 AriaExecutor.h:641] Worker 4 latency: 20160 us (50%) 20394 us (75%) 21768 us (95%) 25610 us (99%).
I0912 00:16:34.645308 2956017 AriaExecutor.h:641] Worker 5 latency: 20165 us (50%) 20405 us (75%) 21660 us (95%) 25996 us (99%).
I0912 00:16:34.645385 2956017 AriaExecutor.h:641] Worker 6 latency: 20161 us (50%) 20393 us (75%) 20841 us (95%) 25419 us (99%).
I0912 00:16:34.645454 2956017 AriaExecutor.h:641] Worker 7 latency: 20168 us (50%) 20408 us (75%) 21774 us (95%) 25601 us (99%).
I0912 00:16:34.645524 2956017 AriaExecutor.h:641] Worker 8 latency: 20162 us (50%) 20398 us (75%) 21604 us (95%) 23478 us (99%).
I0912 00:16:34.645586 2956017 AriaExecutor.h:641] Worker 9 latency: 20156 us (50%) 20362 us (75%) 21670 us (95%) 23477 us (99%).
I0912 00:16:34.645645 2956017 AriaExecutor.h:641] Worker 10 latency: 20169 us (50%) 20413 us (75%) 21682 us (95%) 26072 us (99%).
I0912 00:16:34.645701 2956017 AriaExecutor.h:641] Worker 11 latency: 20169 us (50%) 20408 us (75%) 21644 us (95%) 26150 us (99%).
I0912 00:16:34.645759 2956017 AriaExecutor.h:641] Worker 12 latency: 20162 us (50%) 20402 us (75%) 21787 us (95%) 25982 us (99%).
I0912 00:16:34.645807 2956017 AriaExecutor.h:641] Worker 13 latency: 20158 us (50%) 20389 us (75%) 21227 us (95%) 22760 us (99%).
I0912 00:16:34.645856 2956017 AriaExecutor.h:641] Worker 14 latency: 20159 us (50%) 20378 us (75%) 20856 us (95%) 23020 us (99%).
I0912 00:16:34.645903 2956017 AriaExecutor.h:641] Worker 15 latency: 20152 us (50%) 20398 us (75%) 21792 us (95%) 23478 us (99%).
I0912 00:16:34.645952 2956017 Coordinator.h:177] total commit: 810.1
I0912 00:16:35.646055 2956017 Coordinator.h:192] Coordinator exits.
