I1126 15:22:48.922417 1003181 Database.h:65] ycsb initialization finished in 30 milliseconds.
I1126 15:22:48.922506 1003181 Coordinator.h:30] Coordinator initializes 12 workers.
I1126 15:22:48.923426 1003181 Coordinator.h:77] Coordinator starts to run 13 workers.
I1126 15:22:48.923518 1003197 AriaExecutor.h:95] AriaExecutor 0 started. 
I1126 15:22:48.923544 1003198 AriaExecutor.h:95] AriaExecutor 1 started. 
I1126 15:22:48.923597 1003199 AriaExecutor.h:95] AriaExecutor 2 started. 
I1126 15:22:48.923636 1003200 AriaExecutor.h:95] AriaExecutor 3 started. 
I1126 15:22:48.923663 1003201 AriaExecutor.h:95] AriaExecutor 4 started. 
I1126 15:22:48.923699 1003202 AriaExecutor.h:95] AriaExecutor 5 started. 
I1126 15:22:48.923730 1003203 AriaExecutor.h:95] AriaExecutor 6 started. 
I1126 15:22:48.923772 1003204 AriaExecutor.h:95] AriaExecutor 7 started. 
I1126 15:22:48.923802 1003205 AriaExecutor.h:95] AriaExecutor 8 started. 
I1126 15:22:48.923846 1003206 AriaExecutor.h:95] AriaExecutor 9 started. 
I1126 15:22:48.923866 1003207 AriaExecutor.h:95] AriaExecutor 10 started. 
I1126 15:22:48.923909 1003208 AriaExecutor.h:95] AriaExecutor 11 started. 
I1126 15:22:48.923930 1003209 Manager.h:224] Manager(worker id = 12) on the coordinator node started.
I1126 15:22:49.923985 1003181 Coordinator.h:126] commit: 1860690 abort: 14310 (0/14310/0), network size: 0, avg network size: 0, si_in_serializable: 0 0 %, local: 0 %
I1126 15:22:50.924094 1003181 Coordinator.h:126] commit: 1832887 abort: 14113 (0/14113/0), network size: 0, avg network size: 0, si_in_serializable: 0 0 %, local: 0 %
I1126 15:22:51.924197 1003181 Coordinator.h:126] commit: 1868536 abort: 14464 (0/14464/0), network size: 0, avg network size: 0, si_in_serializable: 0 0 %, local: 0 %
I1126 15:22:52.924288 1003181 Coordinator.h:126] commit: 1847647 abort: 14353 (0/14353/0), network size: 0, avg network size: 0, si_in_serializable: 0 0 %, local: 0 %
I1126 15:22:53.924377 1003181 Coordinator.h:126] commit: 1878587 abort: 14413 (0/14413/0), network size: 0, avg network size: 0, si_in_serializable: 0 0 %, local: 0 %
I1126 15:22:54.924460 1003181 Coordinator.h:126] commit: 1880725 abort: 14275 (0/14275/0), network size: 0, avg network size: 0, si_in_serializable: 0 0 %, local: 0 %
I1126 15:22:55.924563 1003181 Coordinator.h:126] commit: 1744632 abort: 13368 (0/13368/0), network size: 0, avg network size: 0, si_in_serializable: 0 0 %, local: 0 %
I1126 15:22:56.924659 1003181 Coordinator.h:126] commit: 1870638 abort: 14362 (0/14362/0), network size: 0, avg network size: 0, si_in_serializable: 0 0 %, local: 0 %
I1126 15:22:57.924752 1003181 Coordinator.h:126] commit: 1870482 abort: 14518 (0/14518/0), network size: 0, avg network size: 0, si_in_serializable: 0 0 %, local: 0 %
I1126 15:22:58.924844 1003181 Coordinator.h:126] commit: 1873439 abort: 14561 (0/14561/0), network size: 0, avg network size: 0, si_in_serializable: 0 0 %, local: 0 %
I1126 15:22:59.924929 1003181 Coordinator.h:126] commit: 1871434 abort: 14566 (0/14566/0), network size: 0, avg network size: 0, si_in_serializable: 0 0 %, local: 0 %
I1126 15:23:00.925024 1003181 Coordinator.h:126] commit: 1868452 abort: 14548 (0/14548/0), network size: 0, avg network size: 0, si_in_serializable: 0 0 %, local: 0 %
I1126 15:23:01.925146 1003181 Coordinator.h:126] commit: 1843671 abort: 14329 (0/14329/0), network size: 0, avg network size: 0, si_in_serializable: 0 0 %, local: 0 %
I1126 15:23:02.925246 1003181 Coordinator.h:126] commit: 1665043 abort: 12957 (0/12957/0), network size: 0, avg network size: 0, si_in_serializable: 0 0 %, local: 0 %
I1126 15:23:03.925338 1003181 Coordinator.h:126] commit: 1870653 abort: 14347 (0/14347/0), network size: 0, avg network size: 0, si_in_serializable: 0 0 %, local: 0 %
I1126 15:23:04.925427 1003181 Coordinator.h:126] commit: 1874359 abort: 14641 (0/14641/0), network size: 0, avg network size: 0, si_in_serializable: 0 0 %, local: 0 %
I1126 15:23:05.925523 1003181 Coordinator.h:126] commit: 1870614 abort: 14386 (0/14386/0), network size: 0, avg network size: 0, si_in_serializable: 0 0 %, local: 0 %
I1126 15:23:06.925655 1003181 Coordinator.h:126] commit: 1868641 abort: 14359 (0/14359/0), network size: 0, avg network size: 0, si_in_serializable: 0 0 %, local: 0 %
I1126 15:23:07.925760 1003181 Coordinator.h:126] commit: 1869734 abort: 14266 (0/14266/0), network size: 0, avg network size: 0, si_in_serializable: 0 0 %, local: 0 %
I1126 15:23:08.925848 1003181 Coordinator.h:126] commit: 1870380 abort: 14620 (0/14620/0), network size: 0, avg network size: 0, si_in_serializable: 0 0 %, local: 0 %
I1126 15:23:09.925940 1003181 Coordinator.h:126] commit: 1873282 abort: 14718 (0/14718/0), network size: 0, avg network size: 0, si_in_serializable: 0 0 %, local: 0 %
I1126 15:23:10.926033 1003181 Coordinator.h:126] commit: 1866451 abort: 14549 (0/14549/0), network size: 0, avg network size: 0, si_in_serializable: 0 0 %, local: 0 %
I1126 15:23:11.926122 1003181 Coordinator.h:126] commit: 1872704 abort: 14296 (0/14296/0), network size: 0, avg network size: 0, si_in_serializable: 0 0 %, local: 0 %
I1126 15:23:12.926203 1003181 Coordinator.h:126] commit: 1868653 abort: 14347 (0/14347/0), network size: 0, avg network size: 0, si_in_serializable: 0 0 %, local: 0 %
I1126 15:23:13.926278 1003181 Coordinator.h:126] commit: 1871594 abort: 14406 (0/14406/0), network size: 0, avg network size: 0, si_in_serializable: 0 0 %, local: 0 %
I1126 15:23:13.926290 1003181 Coordinator.h:152] average commit: 1.8473e+06 abort: 14301.9 (0/14301.9/0), network size: 0, avg network size: 0, si_in_serializable: 0 0 %, local: 0 %
I1126 15:23:13.926353 1003201 AriaExecutor.h:107] AriaExecutor 4 exits. 
I1126 15:23:13.926357 1003209 Manager.h:227] Manager(worker id = 12) on the coordinator node exits.
I1126 15:23:13.926366 1003203 AriaExecutor.h:107] AriaExecutor 6 exits. 
I1126 15:23:13.926362 1003205 AriaExecutor.h:107] AriaExecutor 8 exits. 
I1126 15:23:13.926363 1003207 AriaExecutor.h:107] AriaExecutor 10 exits. 
I1126 15:23:13.926357 1003199 AriaExecutor.h:107] AriaExecutor 2 exits. 
I1126 15:23:13.926369 1003204 AriaExecutor.h:107] AriaExecutor 7 exits. 
I1126 15:23:13.926369 1003202 AriaExecutor.h:107] AriaExecutor 5 exits. 
I1126 15:23:13.926363 1003197 AriaExecutor.h:107] AriaExecutor 0 exits. 
I1126 15:23:13.926370 1003206 AriaExecutor.h:107] AriaExecutor 9 exits. 
I1126 15:23:13.926370 1003208 AriaExecutor.h:107] AriaExecutor 11 exits. 
I1126 15:23:13.926373 1003200 AriaExecutor.h:107] AriaExecutor 3 exits. 
I1126 15:23:13.926369 1003198 AriaExecutor.h:107] AriaExecutor 1 exits. 
I1126 15:23:13.926299 1003181 AriaExecutor.h:705] Worker 0 latency: 360 us (50%) 416 us (75%) 464 us (95%) 479 us (99%).
I1126 15:23:14.066120 1003181 AriaExecutor.h:705] Worker 1 latency: 357 us (50%) 414 us (75%) 463 us (95%) 479 us (99%).
I1126 15:23:14.207597 1003181 AriaExecutor.h:705] Worker 2 latency: 360 us (50%) 415 us (75%) 463 us (95%) 479 us (99%).
I1126 15:23:14.348222 1003181 AriaExecutor.h:705] Worker 3 latency: 360 us (50%) 415 us (75%) 463 us (95%) 479 us (99%).
I1126 15:23:14.487751 1003181 AriaExecutor.h:705] Worker 4 latency: 361 us (50%) 416 us (75%) 463 us (95%) 479 us (99%).
I1126 15:23:14.628362 1003181 AriaExecutor.h:705] Worker 5 latency: 360 us (50%) 415 us (75%) 463 us (95%) 479 us (99%).
I1126 15:23:14.768049 1003181 AriaExecutor.h:705] Worker 6 latency: 363 us (50%) 416 us (75%) 463 us (95%) 479 us (99%).
I1126 15:23:14.906356 1003181 AriaExecutor.h:705] Worker 7 latency: 360 us (50%) 415 us (75%) 463 us (95%) 479 us (99%).
I1126 15:23:15.044889 1003181 AriaExecutor.h:705] Worker 8 latency: 363 us (50%) 417 us (75%) 464 us (95%) 479 us (99%).
I1126 15:23:15.180539 1003181 AriaExecutor.h:705] Worker 9 latency: 361 us (50%) 416 us (75%) 463 us (95%) 479 us (99%).
I1126 15:23:15.317543 1003181 AriaExecutor.h:705] Worker 10 latency: 361 us (50%) 415 us (75%) 464 us (95%) 479 us (99%).
I1126 15:23:15.452270 1003181 AriaExecutor.h:705] Worker 11 latency: 363 us (50%) 417 us (75%) 464 us (95%) 479 us (99%).
I1126 15:23:15.587893 1003181 Coordinator.h:177] total commit: 1.8473e+06
I1126 15:23:16.588011 1003181 Coordinator.h:192] Coordinator exits.
