I1126 18:18:41.184774 1074954 Database.h:65] ycsb initialization finished in 30 milliseconds.
I1126 18:18:41.184875 1074954 Coordinator.h:30] Coordinator initializes 12 workers.
I1126 18:18:41.185788 1074954 Coordinator.h:77] Coordinator starts to run 13 workers.
I1126 18:18:41.185837 1074970 AriaExecutor.h:91] AriaExecutor 0 started. 
I1126 18:18:41.185871 1074971 AriaExecutor.h:91] AriaExecutor 1 started. 
I1126 18:18:41.185910 1074972 AriaExecutor.h:91] AriaExecutor 2 started. 
I1126 18:18:41.185957 1074973 AriaExecutor.h:91] AriaExecutor 3 started. 
I1126 18:18:41.186041 1074975 AriaExecutor.h:91] AriaExecutor 5 started. 
I1126 18:18:41.186079 1074976 AriaExecutor.h:91] AriaExecutor 6 started. 
I1126 18:18:41.186122 1074977 AriaExecutor.h:91] AriaExecutor 7 started. 
I1126 18:18:41.186157 1074978 AriaExecutor.h:91] AriaExecutor 8 started. 
I1126 18:18:41.186200 1074979 AriaExecutor.h:91] AriaExecutor 9 started. 
I1126 18:18:41.186246 1074980 AriaExecutor.h:91] AriaExecutor 10 started. 
I1126 18:18:41.186291 1074981 AriaExecutor.h:91] AriaExecutor 11 started. 
I1126 18:18:41.186329 1074974 AriaExecutor.h:91] AriaExecutor 4 started. 
I1126 18:18:41.186349 1074982 Manager.h:224] Manager(worker id = 12) on the coordinator node started.
I1126 18:18:42.186430 1074954 Coordinator.h:126] commit: 920887 abort: 490113 (0/490113/0), network size: 0, avg network size: 0, si_in_serializable: 0 0 %, local: 0 %
I1126 18:18:43.186559 1074954 Coordinator.h:126] commit: 914118 abort: 486882 (0/486882/0), network size: 0, avg network size: 0, si_in_serializable: 0 0 %, local: 0 %
I1126 18:18:44.186707 1074954 Coordinator.h:126] commit: 937467 abort: 498533 (0/498533/0), network size: 0, avg network size: 0, si_in_serializable: 0 0 %, local: 0 %
I1126 18:18:45.186801 1074954 Coordinator.h:126] commit: 923661 abort: 491339 (0/491339/0), network size: 0, avg network size: 0, si_in_serializable: 0 0 %, local: 0 %
I1126 18:18:46.186878 1074954 Coordinator.h:126] commit: 939685 abort: 499315 (0/499315/0), network size: 0, avg network size: 0, si_in_serializable: 0 0 %, local: 0 %
I1126 18:18:47.186954 1074954 Coordinator.h:126] commit: 929728 abort: 494272 (0/494272/0), network size: 0, avg network size: 0, si_in_serializable: 0 0 %, local: 0 %
I1126 18:18:48.187032 1074954 Coordinator.h:126] commit: 897708 abort: 479292 (0/479292/0), network size: 0, avg network size: 0, si_in_serializable: 0 0 %, local: 0 %
I1126 18:18:49.187111 1074954 Coordinator.h:126] commit: 941699 abort: 500301 (0/500301/0), network size: 0, avg network size: 0, si_in_serializable: 0 0 %, local: 0 %
I1126 18:18:50.187183 1074954 Coordinator.h:126] commit: 940709 abort: 499291 (0/499291/0), network size: 0, avg network size: 0, si_in_serializable: 0 0 %, local: 0 %
I1126 18:18:51.187256 1074954 Coordinator.h:126] commit: 939486 abort: 500514 (0/500514/0), network size: 0, avg network size: 0, si_in_serializable: 0 0 %, local: 0 %
I1126 18:18:52.187328 1074954 Coordinator.h:126] commit: 942187 abort: 501813 (0/501813/0), network size: 0, avg network size: 0, si_in_serializable: 0 0 %, local: 0 %
I1126 18:18:53.187399 1074954 Coordinator.h:126] commit: 938933 abort: 500067 (0/500067/0), network size: 0, avg network size: 0, si_in_serializable: 0 0 %, local: 0 %
I1126 18:18:54.187472 1074954 Coordinator.h:126] commit: 939551 abort: 498449 (0/498449/0), network size: 0, avg network size: 0, si_in_serializable: 0 0 %, local: 0 %
I1126 18:18:55.187551 1074954 Coordinator.h:126] commit: 850743 abort: 452257 (0/452257/0), network size: 0, avg network size: 0, si_in_serializable: 0 0 %, local: 0 %
I1126 18:18:56.187626 1074954 Coordinator.h:126] commit: 937954 abort: 499046 (0/499046/0), network size: 0, avg network size: 0, si_in_serializable: 0 0 %, local: 0 %
I1126 18:18:57.187700 1074954 Coordinator.h:126] commit: 938552 abort: 498448 (0/498448/0), network size: 0, avg network size: 0, si_in_serializable: 0 0 %, local: 0 %
I1126 18:18:58.187774 1074954 Coordinator.h:126] commit: 937934 abort: 500066 (0/500066/0), network size: 0, avg network size: 0, si_in_serializable: 0 0 %, local: 0 %
I1126 18:18:59.187850 1074954 Coordinator.h:126] commit: 938927 abort: 499073 (0/499073/0), network size: 0, avg network size: 0, si_in_serializable: 0 0 %, local: 0 %
I1126 18:19:00.187927 1074954 Coordinator.h:126] commit: 939977 abort: 497978 (0/497978/0), network size: 0, avg network size: 0, si_in_serializable: 0 0 %, local: 0 %
I1126 18:19:01.188045 1074954 Coordinator.h:126] commit: 939162 abort: 499883 (0/499883/0), network size: 0, avg network size: 0, si_in_serializable: 0 0 %, local: 0 %
I1126 18:19:02.188126 1074954 Coordinator.h:126] commit: 938778 abort: 500222 (0/500222/0), network size: 0, avg network size: 0, si_in_serializable: 0 0 %, local: 0 %
I1126 18:19:03.188202 1074954 Coordinator.h:126] commit: 937564 abort: 498436 (0/498436/0), network size: 0, avg network size: 0, si_in_serializable: 0 0 %, local: 0 %
I1126 18:19:04.188278 1074954 Coordinator.h:126] commit: 937327 abort: 496673 (0/496673/0), network size: 0, avg network size: 0, si_in_serializable: 0 0 %, local: 0 %
I1126 18:19:05.188355 1074954 Coordinator.h:126] commit: 939498 abort: 497502 (0/497502/0), network size: 0, avg network size: 0, si_in_serializable: 0 0 %, local: 0 %
I1126 18:19:06.188437 1074954 Coordinator.h:126] commit: 928474 abort: 493526 (0/493526/0), network size: 0, avg network size: 0, si_in_serializable: 0 0 %, local: 0 %
I1126 18:19:06.188449 1074954 Coordinator.h:152] average commit: 930392 abort: 494708 (0/494708/0), network size: 0, avg network size: 0, si_in_serializable: 0 0 %, local: 0 %
I1126 18:19:06.188922 1074976 AriaExecutor.h:103] AriaExecutor 6 exits. 
I1126 18:19:06.188925 1074970 AriaExecutor.h:103] AriaExecutor 0 exits. 
I1126 18:19:06.188927 1074974 AriaExecutor.h:103] AriaExecutor 4 exits. 
I1126 18:19:06.188931 1074979 AriaExecutor.h:103] AriaExecutor 9 exits. 
I1126 18:19:06.188925 1074982 Manager.h:227] Manager(worker id = 12) on the coordinator node exits.
I1126 18:19:06.188927 1074972 AriaExecutor.h:103] AriaExecutor 2 exits. 
I1126 18:19:06.188931 1074981 AriaExecutor.h:103] AriaExecutor 11 exits. 
I1126 18:19:06.188933 1074971 AriaExecutor.h:103] AriaExecutor 1 exits. 
I1126 18:19:06.188932 1074973 AriaExecutor.h:103] AriaExecutor 3 exits. 
I1126 18:19:06.188931 1074977 AriaExecutor.h:103] AriaExecutor 7 exits. 
I1126 18:19:06.188927 1074978 AriaExecutor.h:103] AriaExecutor 8 exits. 
I1126 18:19:06.188932 1074975 AriaExecutor.h:103] AriaExecutor 5 exits. 
I1126 18:19:06.188927 1074980 AriaExecutor.h:103] AriaExecutor 10 exits. 
I1126 18:19:06.188460 1074954 AriaExecutor.h:621] Worker 0 latency: 543 us (50%) 593 us (75%) 632 us (95%) 658 us (99%).
I1126 18:19:06.274935 1074954 AriaExecutor.h:621] Worker 1 latency: 542 us (50%) 592 us (75%) 631 us (95%) 657 us (99%).
I1126 18:19:06.350454 1074954 AriaExecutor.h:621] Worker 2 latency: 544 us (50%) 592 us (75%) 631 us (95%) 658 us (99%).
I1126 18:19:06.439112 1074954 AriaExecutor.h:621] Worker 3 latency: 543 us (50%) 591 us (75%) 631 us (95%) 657 us (99%).
I1126 18:19:06.515448 1074954 AriaExecutor.h:621] Worker 4 latency: 544 us (50%) 592 us (75%) 631 us (95%) 658 us (99%).
I1126 18:19:06.600773 1074954 AriaExecutor.h:621] Worker 5 latency: 542 us (50%) 591 us (75%) 630 us (95%) 656 us (99%).
I1126 18:19:06.676584 1074954 AriaExecutor.h:621] Worker 6 latency: 546 us (50%) 593 us (75%) 632 us (95%) 658 us (99%).
I1126 18:19:06.760040 1074954 AriaExecutor.h:621] Worker 7 latency: 544 us (50%) 592 us (75%) 630 us (95%) 656 us (99%).
I1126 18:19:06.835567 1074954 AriaExecutor.h:621] Worker 8 latency: 546 us (50%) 593 us (75%) 632 us (95%) 658 us (99%).
I1126 18:19:06.919888 1074954 AriaExecutor.h:621] Worker 9 latency: 544 us (50%) 591 us (75%) 630 us (95%) 656 us (99%).
I1126 18:19:06.994868 1074954 AriaExecutor.h:621] Worker 10 latency: 546 us (50%) 593 us (75%) 632 us (95%) 658 us (99%).
I1126 18:19:07.080839 1074954 AriaExecutor.h:621] Worker 11 latency: 545 us (50%) 592 us (75%) 631 us (95%) 657 us (99%).
I1126 18:19:07.154723 1074954 Coordinator.h:177] total commit: 930392
I1126 18:19:08.154860 1074954 Coordinator.h:192] Coordinator exits.
