I1126 13:51:54.103909 948028 Database.h:65] ycsb initialization finished in 30 milliseconds.
I1126 13:51:54.104007 948028 Coordinator.h:30] Coordinator initializes 12 workers.
I1126 13:51:54.176324 948028 Coordinator.h:77] Coordinator starts to run 13 workers.
I1126 13:51:54.176378 948044 AriaExecutor.h:82] AriaExecutor 0 started. 
I1126 13:51:54.176409 948045 AriaExecutor.h:82] AriaExecutor 1 started. 
I1126 13:51:54.176452 948046 AriaExecutor.h:82] AriaExecutor 2 started. 
I1126 13:51:54.176487 948047 AriaExecutor.h:82] AriaExecutor 3 started. 
I1126 13:51:54.176523 948048 AriaExecutor.h:82] AriaExecutor 4 started. 
I1126 13:51:54.176578 948049 AriaExecutor.h:82] AriaExecutor 5 started. 
I1126 13:51:54.176628 948050 AriaExecutor.h:82] AriaExecutor 6 started. 
I1126 13:51:54.176682 948051 AriaExecutor.h:82] AriaExecutor 7 started. 
I1126 13:51:54.176723 948052 AriaExecutor.h:82] AriaExecutor 8 started. 
I1126 13:51:54.176776 948053 AriaExecutor.h:82] AriaExecutor 9 started. 
I1126 13:51:54.176824 948054 AriaExecutor.h:82] AriaExecutor 10 started. 
I1126 13:51:54.176877 948055 AriaExecutor.h:82] AriaExecutor 11 started. 
I1126 13:51:54.176923 948056 Manager.h:224] Manager(worker id = 12) on the coordinator node started.
I1126 13:51:55.176990 948028 Coordinator.h:126] commit: 111668 abort: 718332 (0/718332/0), network size: 0, avg network size: 0, si_in_serializable: 0 0 %, local: 0 %
I1126 13:51:56.177120 948028 Coordinator.h:126] commit: 111446 abort: 718554 (0/718554/0), network size: 0, avg network size: 0, si_in_serializable: 0 0 %, local: 0 %
I1126 13:51:57.177245 948028 Coordinator.h:126] commit: 112510 abort: 727490 (0/727490/0), network size: 0, avg network size: 0, si_in_serializable: 0 0 %, local: 0 %
I1126 13:51:58.177356 948028 Coordinator.h:126] commit: 112413 abort: 727587 (0/727587/0), network size: 0, avg network size: 0, si_in_serializable: 0 0 %, local: 0 %
I1126 13:51:59.177454 948028 Coordinator.h:126] commit: 112554 abort: 727446 (0/727446/0), network size: 0, avg network size: 0, si_in_serializable: 0 0 %, local: 0 %
I1126 13:52:00.177554 948028 Coordinator.h:126] commit: 111156 abort: 718844 (0/718844/0), network size: 0, avg network size: 0, si_in_serializable: 0 0 %, local: 0 %
I1126 13:52:01.177698 948028 Coordinator.h:126] commit: 112269 abort: 727731 (0/727731/0), network size: 0, avg network size: 0, si_in_serializable: 0 0 %, local: 0 %
I1126 13:52:02.177807 948028 Coordinator.h:126] commit: 113179 abort: 726821 (0/726821/0), network size: 0, avg network size: 0, si_in_serializable: 0 0 %, local: 0 %
I1126 13:52:03.177907 948028 Coordinator.h:126] commit: 112693 abort: 727307 (0/727307/0), network size: 0, avg network size: 0, si_in_serializable: 0 0 %, local: 0 %
I1126 13:52:04.178004 948028 Coordinator.h:126] commit: 111673 abort: 718327 (0/718327/0), network size: 0, avg network size: 0, si_in_serializable: 0 0 %, local: 0 %
I1126 13:52:05.178102 948028 Coordinator.h:126] commit: 112560 abort: 727440 (0/727440/0), network size: 0, avg network size: 0, si_in_serializable: 0 0 %, local: 0 %
I1126 13:52:06.178218 948028 Coordinator.h:126] commit: 112564 abort: 727436 (0/727436/0), network size: 0, avg network size: 0, si_in_serializable: 0 0 %, local: 0 %
I1126 13:52:07.178328 948028 Coordinator.h:126] commit: 112382 abort: 727618 (0/727618/0), network size: 0, avg network size: 0, si_in_serializable: 0 0 %, local: 0 %
I1126 13:52:08.178426 948028 Coordinator.h:126] commit: 112477 abort: 727523 (0/727523/0), network size: 0, avg network size: 0, si_in_serializable: 0 0 %, local: 0 %
I1126 13:52:09.178524 948028 Coordinator.h:126] commit: 112697 abort: 727303 (0/727303/0), network size: 0, avg network size: 0, si_in_serializable: 0 0 %, local: 0 %
I1126 13:52:10.178627 948028 Coordinator.h:126] commit: 112903 abort: 727097 (0/727097/0), network size: 0, avg network size: 0, si_in_serializable: 0 0 %, local: 0 %
I1126 13:52:11.178725 948028 Coordinator.h:126] commit: 113450 abort: 736550 (0/736550/0), network size: 0, avg network size: 0, si_in_serializable: 0 0 %, local: 0 %
I1126 13:52:12.178817 948028 Coordinator.h:126] commit: 112524 abort: 727476 (0/727476/0), network size: 0, avg network size: 0, si_in_serializable: 0 0 %, local: 0 %
I1126 13:52:13.178913 948028 Coordinator.h:126] commit: 112026 abort: 727974 (0/727974/0), network size: 0, avg network size: 0, si_in_serializable: 0 0 %, local: 0 %
I1126 13:52:14.179011 948028 Coordinator.h:126] commit: 112690 abort: 727310 (0/727310/0), network size: 0, avg network size: 0, si_in_serializable: 0 0 %, local: 0 %
I1126 13:52:15.179106 948028 Coordinator.h:126] commit: 114023 abort: 735977 (0/735977/0), network size: 0, avg network size: 0, si_in_serializable: 0 0 %, local: 0 %
I1126 13:52:16.179201 948028 Coordinator.h:126] commit: 112346 abort: 727654 (0/727654/0), network size: 0, avg network size: 0, si_in_serializable: 0 0 %, local: 0 %
I1126 13:52:17.179297 948028 Coordinator.h:126] commit: 112545 abort: 727455 (0/727455/0), network size: 0, avg network size: 0, si_in_serializable: 0 0 %, local: 0 %
I1126 13:52:18.179396 948028 Coordinator.h:126] commit: 112403 abort: 727597 (0/727597/0), network size: 0, avg network size: 0, si_in_serializable: 0 0 %, local: 0 %
I1126 13:52:19.179517 948028 Coordinator.h:126] commit: 111831 abort: 718169 (0/718169/0), network size: 0, avg network size: 0, si_in_serializable: 0 0 %, local: 0 %
I1126 13:52:19.179548 948028 Coordinator.h:152] average commit: 112627 abort: 728373 (0/728373/0), network size: 0, avg network size: 0, si_in_serializable: 0 0 %, local: 0 %
I1126 13:52:19.188889 948056 Manager.h:227] Manager(worker id = 12) on the coordinator node exits.
I1126 13:52:19.188894 948048 AriaExecutor.h:94] AriaExecutor 4 exits. 
I1126 13:52:19.188898 948054 AriaExecutor.h:94] AriaExecutor 10 exits. 
I1126 13:52:19.188905 948046 AriaExecutor.h:94] AriaExecutor 2 exits. 
I1126 13:52:19.188906 948047 AriaExecutor.h:94] AriaExecutor 3 exits. 
I1126 13:52:19.188894 948044 AriaExecutor.h:94] AriaExecutor 0 exits. 
I1126 13:52:19.188896 948050 AriaExecutor.h:94] AriaExecutor 6 exits. 
I1126 13:52:19.188907 948049 AriaExecutor.h:94] AriaExecutor 5 exits. 
I1126 13:52:19.188890 948052 AriaExecutor.h:94] AriaExecutor 8 exits. 
I1126 13:52:19.188908 948045 AriaExecutor.h:94] AriaExecutor 1 exits. 
I1126 13:52:19.188906 948053 AriaExecutor.h:94] AriaExecutor 9 exits. 
I1126 13:52:19.188906 948055 AriaExecutor.h:94] AriaExecutor 11 exits. 
I1126 13:52:19.188908 948051 AriaExecutor.h:94] AriaExecutor 7 exits. 
I1126 13:52:19.179559 948028 AriaExecutor.h:535] Worker 0 latency: 9864 us (50%) 11083 us (75%) 11633 us (95%) 11778 us (99%).
I1126 13:52:19.194301 948028 AriaExecutor.h:535] Worker 1 latency: 9843 us (50%) 11079 us (75%) 11631 us (95%) 11775 us (99%).
I1126 13:52:19.208544 948028 AriaExecutor.h:535] Worker 2 latency: 9863 us (50%) 11081 us (75%) 11632 us (95%) 11774 us (99%).
I1126 13:52:19.221545 948028 AriaExecutor.h:535] Worker 3 latency: 9820 us (50%) 11071 us (75%) 11626 us (95%) 11769 us (99%).
I1126 13:52:19.235697 948028 AriaExecutor.h:535] Worker 4 latency: 9837 us (50%) 11074 us (75%) 11631 us (95%) 11775 us (99%).
I1126 13:52:19.248741 948028 AriaExecutor.h:535] Worker 5 latency: 9809 us (50%) 11060 us (75%) 11625 us (95%) 11768 us (99%).
I1126 13:52:19.263062 948028 AriaExecutor.h:535] Worker 6 latency: 9824 us (50%) 11066 us (75%) 11625 us (95%) 11774 us (99%).
I1126 13:52:19.275934 948028 AriaExecutor.h:535] Worker 7 latency: 9788 us (50%) 11053 us (75%) 11622 us (95%) 11767 us (99%).
I1126 13:52:19.289907 948028 AriaExecutor.h:535] Worker 8 latency: 9826 us (50%) 11063 us (75%) 11627 us (95%) 11772 us (99%).
I1126 13:52:19.302767 948028 AriaExecutor.h:535] Worker 9 latency: 9797 us (50%) 11052 us (75%) 11622 us (95%) 11766 us (99%).
I1126 13:52:19.316943 948028 AriaExecutor.h:535] Worker 10 latency: 9836 us (50%) 11066 us (75%) 11627 us (95%) 11772 us (99%).
I1126 13:52:19.329975 948028 AriaExecutor.h:535] Worker 11 latency: 9790 us (50%) 11053 us (75%) 11620 us (95%) 11767 us (99%).
I1126 13:52:19.343833 948028 Coordinator.h:177] total commit: 112627
I1126 13:52:20.343940 948028 Coordinator.h:192] Coordinator exits.
