I0911 23:27:01.688256 2946762 Database.h:65] ycsb initialization finished in 145 milliseconds.
I0911 23:27:01.688370 2946762 Coordinator.h:30] Coordinator initializes 16 workers.
I0911 23:27:01.719002 2946762 Coordinator.h:77] Coordinator starts to run 17 workers.
I0911 23:27:01.719067 2946782 AriaExecutor.h:82] AriaExecutor 0 started. 
I0911 23:27:01.719092 2946783 AriaExecutor.h:82] AriaExecutor 1 started. 
I0911 23:27:01.719146 2946784 AriaExecutor.h:82] AriaExecutor 2 started. 
I0911 23:27:01.719184 2946785 AriaExecutor.h:82] AriaExecutor 3 started. 
I0911 23:27:01.719214 2946786 AriaExecutor.h:82] AriaExecutor 4 started. 
I0911 23:27:01.719261 2946787 AriaExecutor.h:82] AriaExecutor 5 started. 
I0911 23:27:01.719308 2946788 AriaExecutor.h:82] AriaExecutor 6 started. 
I0911 23:27:01.719357 2946789 AriaExecutor.h:82] AriaExecutor 7 started. 
I0911 23:27:01.719403 2946790 AriaExecutor.h:82] AriaExecutor 8 started. 
I0911 23:27:01.719465 2946791 AriaExecutor.h:82] AriaExecutor 9 started. 
I0911 23:27:01.719511 2946792 AriaExecutor.h:82] AriaExecutor 10 started. 
I0911 23:27:01.719559 2946793 AriaExecutor.h:82] AriaExecutor 11 started. 
I0911 23:27:01.719604 2946794 AriaExecutor.h:82] AriaExecutor 12 started. 
I0911 23:27:01.719661 2946795 AriaExecutor.h:82] AriaExecutor 13 started. 
I0911 23:27:01.719704 2946796 AriaExecutor.h:82] AriaExecutor 14 started. 
I0911 23:27:01.719763 2946797 AriaExecutor.h:82] AriaExecutor 15 started. 
I0911 23:27:01.719805 2946798 Manager.h:224] Manager(worker id = 16) on the coordinator node started.
I0911 23:27:02.719859 2946762 Coordinator.h:126] commit: 1294185 abort: 4247 (0/4247/0), network size: 0, avg network size: 0, si_in_serializable: 0 0 %, local: 0 %
I0911 23:27:03.719980 2946762 Coordinator.h:126] commit: 1286026 abort: 4214 (0/4214/0), network size: 0, avg network size: 0, si_in_serializable: 0 0 %, local: 0 %
I0911 23:27:04.720078 2946762 Coordinator.h:126] commit: 1245329 abort: 3951 (0/3951/0), network size: 0, avg network size: 0, si_in_serializable: 0 0 %, local: 0 %
I0911 23:27:05.720175 2946762 Coordinator.h:126] commit: 1249387 abort: 3989 (0/3989/0), network size: 0, avg network size: 0, si_in_serializable: 0 0 %, local: 0 %
I0911 23:27:06.720295 2946762 Coordinator.h:126] commit: 1298325 abort: 4203 (0/4203/0), network size: 0, avg network size: 0, si_in_serializable: 0 0 %, local: 0 %
I0911 23:27:07.720396 2946762 Coordinator.h:126] commit: 1302427 abort: 4197 (0/4197/0), network size: 0, avg network size: 0, si_in_serializable: 0 0 %, local: 0 %
I0911 23:27:08.720494 2946762 Coordinator.h:126] commit: 1290019 abort: 4317 (0/4317/0), network size: 0, avg network size: 0, si_in_serializable: 0 0 %, local: 0 %
I0911 23:27:09.720594 2946762 Coordinator.h:126] commit: 1302341 abort: 4283 (0/4283/0), network size: 0, avg network size: 0, si_in_serializable: 0 0 %, local: 0 %
I0911 23:27:10.720690 2946762 Coordinator.h:126] commit: 1302319 abort: 4305 (0/4305/0), network size: 0, avg network size: 0, si_in_serializable: 0 0 %, local: 0 %
I0911 23:27:11.720785 2946762 Coordinator.h:126] commit: 1306417 abort: 4303 (0/4303/0), network size: 0, avg network size: 0, si_in_serializable: 0 0 %, local: 0 %
I0911 23:27:12.720882 2946762 Coordinator.h:126] commit: 1265647 abort: 4113 (0/4113/0), network size: 0, avg network size: 0, si_in_serializable: 0 0 %, local: 0 %
I0911 23:27:13.720978 2946762 Coordinator.h:126] commit: 1306474 abort: 4246 (0/4246/0), network size: 0, avg network size: 0, si_in_serializable: 0 0 %, local: 0 %
I0911 23:27:14.721073 2946762 Coordinator.h:126] commit: 1269772 abort: 4084 (0/4084/0), network size: 0, avg network size: 0, si_in_serializable: 0 0 %, local: 0 %
I0911 23:27:15.721170 2946762 Coordinator.h:126] commit: 1269670 abort: 4186 (0/4186/0), network size: 0, avg network size: 0, si_in_serializable: 0 0 %, local: 0 %
I0911 23:27:16.721294 2946762 Coordinator.h:126] commit: 1302330 abort: 4294 (0/4294/0), network size: 0, avg network size: 0, si_in_serializable: 0 0 %, local: 0 %
I0911 23:27:17.721396 2946762 Coordinator.h:126] commit: 1302292 abort: 4332 (0/4332/0), network size: 0, avg network size: 0, si_in_serializable: 0 0 %, local: 0 %
I0911 23:27:18.721491 2946762 Coordinator.h:126] commit: 1306349 abort: 4371 (0/4371/0), network size: 0, avg network size: 0, si_in_serializable: 0 0 %, local: 0 %
I0911 23:27:19.721587 2946762 Coordinator.h:126] commit: 1298345 abort: 4183 (0/4183/0), network size: 0, avg network size: 0, si_in_serializable: 0 0 %, local: 0 %
I0911 23:27:20.721680 2946762 Coordinator.h:126] commit: 1306434 abort: 4286 (0/4286/0), network size: 0, avg network size: 0, si_in_serializable: 0 0 %, local: 0 %
I0911 23:27:21.721781 2946762 Coordinator.h:126] commit: 1298223 abort: 4305 (0/4305/0), network size: 0, avg network size: 0, si_in_serializable: 0 0 %, local: 0 %
I0911 23:27:22.721876 2946762 Coordinator.h:126] commit: 1302370 abort: 4254 (0/4254/0), network size: 0, avg network size: 0, si_in_serializable: 0 0 %, local: 0 %
I0911 23:27:23.721971 2946762 Coordinator.h:126] commit: 1302428 abort: 4196 (0/4196/0), network size: 0, avg network size: 0, si_in_serializable: 0 0 %, local: 0 %
I0911 23:27:24.722056 2946762 Coordinator.h:126] commit: 1302313 abort: 4311 (0/4311/0), network size: 0, avg network size: 0, si_in_serializable: 0 0 %, local: 0 %
I0911 23:27:25.722146 2946762 Coordinator.h:126] commit: 1302299 abort: 4325 (0/4325/0), network size: 0, avg network size: 0, si_in_serializable: 0 0 %, local: 0 %
I0911 23:27:26.722234 2946762 Coordinator.h:126] commit: 1306469 abort: 4251 (0/4251/0), network size: 0, avg network size: 0, si_in_serializable: 0 0 %, local: 0 %
I0911 23:27:26.722257 2946762 Coordinator.h:152] average commit: 1.29255e+06 abort: 4240 (0/4240/0), network size: 0, avg network size: 0, si_in_serializable: 0 0 %, local: 0 %
I0911 23:27:26.724645 2946792 AriaExecutor.h:94] AriaExecutor 10 exits. 
I0911 23:27:26.724650 2946796 AriaExecutor.h:94] AriaExecutor 14 exits. 
I0911 23:27:26.724646 2946784 AriaExecutor.h:94] AriaExecutor 2 exits. 
I0911 23:27:26.724661 2946783 AriaExecutor.h:94] AriaExecutor 1 exits. 
I0911 23:27:26.724653 2946782 AriaExecutor.h:94] AriaExecutor 0 exits. 
I0911 23:27:26.724669 2946785 AriaExecutor.h:94] AriaExecutor 3 exits. 
I0911 23:27:26.724661 2946787 AriaExecutor.h:94] AriaExecutor 5 exits. 
I0911 23:27:26.724661 2946791 AriaExecutor.h:94] AriaExecutor 9 exits. 
I0911 23:27:26.724661 2946793 AriaExecutor.h:94] AriaExecutor 11 exits. 
I0911 23:27:26.724654 2946786 AriaExecutor.h:94] AriaExecutor 4 exits. 
I0911 23:27:26.724661 2946789 AriaExecutor.h:94] AriaExecutor 7 exits. 
I0911 23:27:26.724651 2946794 AriaExecutor.h:94] AriaExecutor 12 exits. 
I0911 23:27:26.724653 2946788 AriaExecutor.h:94] AriaExecutor 6 exits. 
I0911 23:27:26.724661 2946797 AriaExecutor.h:94] AriaExecutor 15 exits. 
I0911 23:27:26.724650 2946790 AriaExecutor.h:94] AriaExecutor 8 exits. 
I0911 23:27:26.724646 2946798 Manager.h:227] Manager(worker id = 16) on the coordinator node exits.
I0911 23:27:26.724660 2946795 AriaExecutor.h:94] AriaExecutor 13 exits. 
I0911 23:27:26.722270 2946762 AriaExecutor.h:641] Worker 0 latency: 1798 us (50%) 2410 us (75%) 2899 us (95%) 2999 us (99%).
I0911 23:27:26.807626 2946762 AriaExecutor.h:641] Worker 1 latency: 1800 us (50%) 2408 us (75%) 2897 us (95%) 2999 us (99%).
I0911 23:27:26.899963 2946762 AriaExecutor.h:641] Worker 2 latency: 1812 us (50%) 2415 us (75%) 2900 us (95%) 2999 us (99%).
I0911 23:27:26.982367 2946762 AriaExecutor.h:641] Worker 3 latency: 1800 us (50%) 2409 us (75%) 2897 us (95%) 2998 us (99%).
I0911 23:27:27.074365 2946762 AriaExecutor.h:641] Worker 4 latency: 1805 us (50%) 2412 us (75%) 2899 us (95%) 2999 us (99%).
I0911 23:27:27.157227 2946762 AriaExecutor.h:641] Worker 5 latency: 1798 us (50%) 2408 us (75%) 2897 us (95%) 2998 us (99%).
I0911 23:27:27.249290 2946762 AriaExecutor.h:641] Worker 6 latency: 1812 us (50%) 2415 us (75%) 2900 us (95%) 3000 us (99%).
I0911 23:27:27.331813 2946762 AriaExecutor.h:641] Worker 7 latency: 1800 us (50%) 2409 us (75%) 2897 us (95%) 2998 us (99%).
I0911 23:27:27.423064 2946762 AriaExecutor.h:641] Worker 8 latency: 1804 us (50%) 2411 us (75%) 2899 us (95%) 2999 us (99%).
I0911 23:27:27.505545 2946762 AriaExecutor.h:641] Worker 9 latency: 1798 us (50%) 2407 us (75%) 2896 us (95%) 2998 us (99%).
I0911 23:27:27.596911 2946762 AriaExecutor.h:641] Worker 10 latency: 1816 us (50%) 2416 us (75%) 2900 us (95%) 2999 us (99%).
I0911 23:27:27.679414 2946762 AriaExecutor.h:641] Worker 11 latency: 1803 us (50%) 2409 us (75%) 2897 us (95%) 2998 us (99%).
I0911 23:27:27.770370 2946762 AriaExecutor.h:641] Worker 12 latency: 1812 us (50%) 2415 us (75%) 2900 us (95%) 2999 us (99%).
I0911 23:27:27.853997 2946762 AriaExecutor.h:641] Worker 13 latency: 1798 us (50%) 2407 us (75%) 2896 us (95%) 2998 us (99%).
I0911 23:27:27.945818 2946762 AriaExecutor.h:641] Worker 14 latency: 1814 us (50%) 2416 us (75%) 2900 us (95%) 3000 us (99%).
I0911 23:27:28.028106 2946762 AriaExecutor.h:641] Worker 15 latency: 1802 us (50%) 2409 us (75%) 2897 us (95%) 2998 us (99%).
I0911 23:27:28.120361 2946762 Coordinator.h:177] total commit: 1.29255e+06
I0911 23:27:29.120487 2946762 Coordinator.h:192] Coordinator exits.
