I0911 23:41:10.865612 2949379 Database.h:65] ycsb initialization finished in 148 milliseconds.
I0911 23:41:10.865736 2949379 Coordinator.h:30] Coordinator initializes 16 workers.
I0911 23:41:10.880980 2949379 Coordinator.h:77] Coordinator starts to run 17 workers.
I0911 23:41:10.881026 2949399 AriaExecutor.h:82] AriaExecutor 0 started. 
I0911 23:41:10.881071 2949400 AriaExecutor.h:82] AriaExecutor 1 started. 
I0911 23:41:10.881101 2949401 AriaExecutor.h:82] AriaExecutor 2 started. 
I0911 23:41:10.881165 2949402 AriaExecutor.h:82] AriaExecutor 3 started. 
I0911 23:41:10.881179 2949403 AriaExecutor.h:82] AriaExecutor 4 started. 
I0911 23:41:10.881227 2949404 AriaExecutor.h:82] AriaExecutor 5 started. 
I0911 23:41:10.881258 2949405 AriaExecutor.h:82] AriaExecutor 6 started. 
I0911 23:41:10.881304 2949406 AriaExecutor.h:82] AriaExecutor 7 started. 
I0911 23:41:10.881330 2949407 AriaExecutor.h:82] AriaExecutor 8 started. 
I0911 23:41:10.881376 2949408 AriaExecutor.h:82] AriaExecutor 9 started. 
I0911 23:41:10.881412 2949409 AriaExecutor.h:82] AriaExecutor 10 started. 
I0911 23:41:10.881457 2949410 AriaExecutor.h:82] AriaExecutor 11 started. 
I0911 23:41:10.881495 2949411 AriaExecutor.h:82] AriaExecutor 12 started. 
I0911 23:41:10.881546 2949412 AriaExecutor.h:82] AriaExecutor 13 started. 
I0911 23:41:10.881579 2949413 AriaExecutor.h:82] AriaExecutor 14 started. 
I0911 23:41:10.881620 2949414 AriaExecutor.h:82] AriaExecutor 15 started. 
I0911 23:41:10.881652 2949415 Manager.h:224] Manager(worker id = 16) on the coordinator node started.
I0911 23:41:11.881708 2949379 Coordinator.h:126] commit: 1315299 abort: 5661 (0/5661/0), network size: 0, avg network size: 0, si_in_serializable: 0 0 %, local: 0 %
I0911 23:41:12.881812 2949379 Coordinator.h:126] commit: 1305018 abort: 5702 (0/5702/0), network size: 0, avg network size: 0, si_in_serializable: 0 0 %, local: 0 %
I0911 23:41:13.881880 2949379 Coordinator.h:126] commit: 1264180 abort: 5580 (0/5580/0), network size: 0, avg network size: 0, si_in_serializable: 0 0 %, local: 0 %
I0911 23:41:14.881954 2949379 Coordinator.h:126] commit: 1270514 abort: 5390 (0/5390/0), network size: 0, avg network size: 0, si_in_serializable: 0 0 %, local: 0 %
I0911 23:41:15.882045 2949379 Coordinator.h:126] commit: 1323431 abort: 5721 (0/5721/0), network size: 0, avg network size: 0, si_in_serializable: 0 0 %, local: 0 %
I0911 23:41:16.882122 2949379 Coordinator.h:126] commit: 1329514 abort: 5782 (0/5782/0), network size: 0, avg network size: 0, si_in_serializable: 0 0 %, local: 0 %
I0911 23:41:17.882192 2949379 Coordinator.h:126] commit: 1311093 abort: 5771 (0/5771/0), network size: 0, avg network size: 0, si_in_serializable: 0 0 %, local: 0 %
I0911 23:41:18.882270 2949379 Coordinator.h:126] commit: 1327507 abort: 5741 (0/5741/0), network size: 0, avg network size: 0, si_in_serializable: 0 0 %, local: 0 %
I0911 23:41:19.882345 2949379 Coordinator.h:126] commit: 1329557 abort: 5739 (0/5739/0), network size: 0, avg network size: 0, si_in_serializable: 0 0 %, local: 0 %
I0911 23:41:20.882417 2949379 Coordinator.h:126] commit: 1329550 abort: 5746 (0/5746/0), network size: 0, avg network size: 0, si_in_serializable: 0 0 %, local: 0 %
I0911 23:41:21.882488 2949379 Coordinator.h:126] commit: 1288650 abort: 5686 (0/5686/0), network size: 0, avg network size: 0, si_in_serializable: 0 0 %, local: 0 %
I0911 23:41:22.882566 2949379 Coordinator.h:126] commit: 1329592 abort: 5704 (0/5704/0), network size: 0, avg network size: 0, si_in_serializable: 0 0 %, local: 0 %
I0911 23:41:23.882642 2949379 Coordinator.h:126] commit: 1248032 abort: 5344 (0/5344/0), network size: 0, avg network size: 0, si_in_serializable: 0 0 %, local: 0 %
I0911 23:41:24.882720 2949379 Coordinator.h:126] commit: 1327449 abort: 5799 (0/5799/0), network size: 0, avg network size: 0, si_in_serializable: 0 0 %, local: 0 %
I0911 23:41:25.882814 2949379 Coordinator.h:126] commit: 1313183 abort: 5729 (0/5729/0), network size: 0, avg network size: 0, si_in_serializable: 0 0 %, local: 0 %
I0911 23:41:26.882894 2949379 Coordinator.h:126] commit: 1325513 abort: 5687 (0/5687/0), network size: 0, avg network size: 0, si_in_serializable: 0 0 %, local: 0 %
I0911 23:41:27.882966 2949379 Coordinator.h:126] commit: 1325455 abort: 5745 (0/5745/0), network size: 0, avg network size: 0, si_in_serializable: 0 0 %, local: 0 %
I0911 23:41:28.883036 2949379 Coordinator.h:126] commit: 1329562 abort: 5734 (0/5734/0), network size: 0, avg network size: 0, si_in_serializable: 0 0 %, local: 0 %
I0911 23:41:29.883111 2949379 Coordinator.h:126] commit: 1323410 abort: 5742 (0/5742/0), network size: 0, avg network size: 0, si_in_serializable: 0 0 %, local: 0 %
I0911 23:41:30.883185 2949379 Coordinator.h:126] commit: 1327389 abort: 5859 (0/5859/0), network size: 0, avg network size: 0, si_in_serializable: 0 0 %, local: 0 %
I0911 23:41:31.883257 2949379 Coordinator.h:126] commit: 1325425 abort: 5775 (0/5775/0), network size: 0, avg network size: 0, si_in_serializable: 0 0 %, local: 0 %
I0911 23:41:32.883334 2949379 Coordinator.h:126] commit: 1325410 abort: 5790 (0/5790/0), network size: 0, avg network size: 0, si_in_serializable: 0 0 %, local: 0 %
I0911 23:41:33.883409 2949379 Coordinator.h:126] commit: 1331538 abort: 5806 (0/5806/0), network size: 0, avg network size: 0, si_in_serializable: 0 0 %, local: 0 %
I0911 23:41:34.883482 2949379 Coordinator.h:126] commit: 1286510 abort: 5778 (0/5778/0), network size: 0, avg network size: 0, si_in_serializable: 0 0 %, local: 0 %
I0911 23:41:35.883556 2949379 Coordinator.h:126] commit: 1303033 abort: 5639 (0/5639/0), network size: 0, avg network size: 0, si_in_serializable: 0 0 %, local: 0 %
I0911 23:41:35.883569 2949379 Coordinator.h:152] average commit: 1.31382e+06 abort: 5702.9 (0/5702.9/0), network size: 0, avg network size: 0, si_in_serializable: 0 0 %, local: 0 %
I0911 23:41:35.884753 2949405 AriaExecutor.h:94] AriaExecutor 6 exits. 
I0911 23:41:35.884756 2949415 Manager.h:227] Manager(worker id = 16) on the coordinator node exits.
I0911 23:41:35.884757 2949399 AriaExecutor.h:94] AriaExecutor 0 exits. 
I0911 23:41:35.884757 2949403 AriaExecutor.h:94] AriaExecutor 4 exits. 
I0911 23:41:35.884759 2949407 AriaExecutor.h:94] AriaExecutor 8 exits. 
I0911 23:41:35.884757 2949409 AriaExecutor.h:94] AriaExecutor 10 exits. 
I0911 23:41:35.884769 2949404 AriaExecutor.h:94] AriaExecutor 5 exits. 
I0911 23:41:35.884768 2949414 AriaExecutor.h:94] AriaExecutor 15 exits. 
I0911 23:41:35.884769 2949402 AriaExecutor.h:94] AriaExecutor 3 exits. 
I0911 23:41:35.884754 2949413 AriaExecutor.h:94] AriaExecutor 14 exits. 
I0911 23:41:35.884757 2949401 AriaExecutor.h:94] AriaExecutor 2 exits. 
I0911 23:41:35.884756 2949411 AriaExecutor.h:94] AriaExecutor 12 exits. 
I0911 23:41:35.884771 2949408 AriaExecutor.h:94] AriaExecutor 9 exits. 
I0911 23:41:35.884769 2949410 AriaExecutor.h:94] AriaExecutor 11 exits. 
I0911 23:41:35.884780 2949406 AriaExecutor.h:94] AriaExecutor 7 exits. 
I0911 23:41:35.884769 2949412 AriaExecutor.h:94] AriaExecutor 13 exits. 
I0911 23:41:35.884769 2949400 AriaExecutor.h:94] AriaExecutor 1 exits. 
I0911 23:41:35.883579 2949379 AriaExecutor.h:641] Worker 0 latency: 881 us (50%) 1180 us (75%) 1421 us (95%) 1474 us (99%).
I0911 23:41:35.966270 2949379 AriaExecutor.h:641] Worker 1 latency: 879 us (50%) 1178 us (75%) 1419 us (95%) 1472 us (99%).
I0911 23:41:36.057399 2949379 AriaExecutor.h:641] Worker 2 latency: 884 us (50%) 1181 us (75%) 1421 us (95%) 1474 us (99%).
I0911 23:41:36.140571 2949379 AriaExecutor.h:641] Worker 3 latency: 877 us (50%) 1177 us (75%) 1419 us (95%) 1472 us (99%).
I0911 23:41:36.233511 2949379 AriaExecutor.h:641] Worker 4 latency: 883 us (50%) 1181 us (75%) 1421 us (95%) 1474 us (99%).
I0911 23:41:36.317584 2949379 AriaExecutor.h:641] Worker 5 latency: 876 us (50%) 1177 us (75%) 1419 us (95%) 1472 us (99%).
I0911 23:41:36.408914 2949379 AriaExecutor.h:641] Worker 6 latency: 880 us (50%) 1179 us (75%) 1421 us (95%) 1474 us (99%).
I0911 23:41:36.491391 2949379 AriaExecutor.h:641] Worker 7 latency: 878 us (50%) 1177 us (75%) 1419 us (95%) 1472 us (99%).
I0911 23:41:36.582607 2949379 AriaExecutor.h:641] Worker 8 latency: 881 us (50%) 1180 us (75%) 1421 us (95%) 1474 us (99%).
I0911 23:41:36.666154 2949379 AriaExecutor.h:641] Worker 9 latency: 876 us (50%) 1176 us (75%) 1419 us (95%) 1472 us (99%).
I0911 23:41:36.757936 2949379 AriaExecutor.h:641] Worker 10 latency: 886 us (50%) 1182 us (75%) 1421 us (95%) 1474 us (99%).
I0911 23:41:36.841730 2949379 AriaExecutor.h:641] Worker 11 latency: 880 us (50%) 1177 us (75%) 1419 us (95%) 1472 us (99%).
I0911 23:41:36.934163 2949379 AriaExecutor.h:641] Worker 12 latency: 886 us (50%) 1182 us (75%) 1421 us (95%) 1474 us (99%).
I0911 23:41:37.016561 2949379 AriaExecutor.h:641] Worker 13 latency: 876 us (50%) 1176 us (75%) 1419 us (95%) 1472 us (99%).
I0911 23:41:37.109512 2949379 AriaExecutor.h:641] Worker 14 latency: 885 us (50%) 1182 us (75%) 1421 us (95%) 1474 us (99%).
I0911 23:41:37.193394 2949379 AriaExecutor.h:641] Worker 15 latency: 879 us (50%) 1178 us (75%) 1419 us (95%) 1472 us (99%).
I0911 23:41:37.285199 2949379 Coordinator.h:177] total commit: 1.31382e+06
I0911 23:41:38.285319 2949379 Coordinator.h:192] Coordinator exits.
