I0911 23:20:11.354856 2945473 Database.h:65] ycsb initialization finished in 146 milliseconds.
I0911 23:20:11.354979 2945473 Coordinator.h:30] Coordinator initializes 16 workers.
I0911 23:20:11.474233 2945473 Coordinator.h:77] Coordinator starts to run 17 workers.
I0911 23:20:11.474300 2945494 AriaExecutor.h:82] AriaExecutor 0 started. 
I0911 23:20:11.474341 2945495 AriaExecutor.h:82] AriaExecutor 1 started. 
I0911 23:20:11.474380 2945496 AriaExecutor.h:82] AriaExecutor 2 started. 
I0911 23:20:11.474433 2945497 AriaExecutor.h:82] AriaExecutor 3 started. 
I0911 23:20:11.474469 2945498 AriaExecutor.h:82] AriaExecutor 4 started. 
I0911 23:20:11.474514 2945499 AriaExecutor.h:82] AriaExecutor 5 started. 
I0911 23:20:11.474550 2945500 AriaExecutor.h:82] AriaExecutor 6 started. 
I0911 23:20:11.474596 2945501 AriaExecutor.h:82] AriaExecutor 7 started. 
I0911 23:20:11.474628 2945502 AriaExecutor.h:82] AriaExecutor 8 started. 
I0911 23:20:11.474668 2945503 AriaExecutor.h:82] AriaExecutor 9 started. 
I0911 23:20:11.474718 2945504 AriaExecutor.h:82] AriaExecutor 10 started. 
I0911 23:20:11.474758 2945505 AriaExecutor.h:82] AriaExecutor 11 started. 
I0911 23:20:11.474792 2945506 AriaExecutor.h:82] AriaExecutor 12 started. 
I0911 23:20:11.474833 2945507 AriaExecutor.h:82] AriaExecutor 13 started. 
I0911 23:20:11.474867 2945508 AriaExecutor.h:82] AriaExecutor 14 started. 
I0911 23:20:11.474905 2945509 AriaExecutor.h:82] AriaExecutor 15 started. 
I0911 23:20:11.474948 2945510 Manager.h:224] Manager(worker id = 16) on the coordinator node started.
I0911 23:20:12.475006 2945473 Coordinator.h:126] commit: 1121970 abort: 14030 (0/14030/0), network size: 0, avg network size: 0, si_in_serializable: 0 0 %, local: 0 %
I0911 23:20:13.475108 2945473 Coordinator.h:126] commit: 1153920 abort: 14080 (0/14080/0), network size: 0, avg network size: 0, si_in_serializable: 0 0 %, local: 0 %
I0911 23:20:14.475185 2945473 Coordinator.h:126] commit: 1122120 abort: 13880 (0/13880/0), network size: 0, avg network size: 0, si_in_serializable: 0 0 %, local: 0 %
I0911 23:20:15.475265 2945473 Coordinator.h:126] commit: 1105854 abort: 14146 (0/14146/0), network size: 0, avg network size: 0, si_in_serializable: 0 0 %, local: 0 %
I0911 23:20:16.475340 2945473 Coordinator.h:126] commit: 1137923 abort: 14077 (0/14077/0), network size: 0, avg network size: 0, si_in_serializable: 0 0 %, local: 0 %
I0911 23:20:17.475443 2945473 Coordinator.h:126] commit: 1169393 abort: 14607 (0/14607/0), network size: 0, avg network size: 0, si_in_serializable: 0 0 %, local: 0 %
I0911 23:20:18.475524 2945473 Coordinator.h:126] commit: 1153805 abort: 14364 (0/14364/0), network size: 0, avg network size: 0, si_in_serializable: 0 0 %, local: 0 %
I0911 23:20:19.475600 2945473 Coordinator.h:126] commit: 1169402 abort: 14429 (0/14429/0), network size: 0, avg network size: 0, si_in_serializable: 0 0 %, local: 0 %
I0911 23:20:20.475685 2945473 Coordinator.h:126] commit: 1153786 abort: 14214 (0/14214/0), network size: 0, avg network size: 0, si_in_serializable: 0 0 %, local: 0 %
I0911 23:20:21.475766 2945473 Coordinator.h:126] commit: 1169622 abort: 14378 (0/14378/0), network size: 0, avg network size: 0, si_in_serializable: 0 0 %, local: 0 %
I0911 23:20:22.475849 2945473 Coordinator.h:126] commit: 1169306 abort: 14694 (0/14694/0), network size: 0, avg network size: 0, si_in_serializable: 0 0 %, local: 0 %
I0911 23:20:23.475934 2945473 Coordinator.h:126] commit: 1169456 abort: 14544 (0/14544/0), network size: 0, avg network size: 0, si_in_serializable: 0 0 %, local: 0 %
I0911 23:20:24.476022 2945473 Coordinator.h:126] commit: 1138219 abort: 13781 (0/13781/0), network size: 0, avg network size: 0, si_in_serializable: 0 0 %, local: 0 %
I0911 23:20:25.476104 2945473 Coordinator.h:126] commit: 1137968 abort: 14032 (0/14032/0), network size: 0, avg network size: 0, si_in_serializable: 0 0 %, local: 0 %
I0911 23:20:26.476214 2945473 Coordinator.h:126] commit: 1137818 abort: 14182 (0/14182/0), network size: 0, avg network size: 0, si_in_serializable: 0 0 %, local: 0 %
I0911 23:20:27.476311 2945473 Coordinator.h:126] commit: 1169473 abort: 14527 (0/14527/0), network size: 0, avg network size: 0, si_in_serializable: 0 0 %, local: 0 %
I0911 23:20:28.476392 2945473 Coordinator.h:126] commit: 1163714 abort: 14485 (0/14485/0), network size: 0, avg network size: 0, si_in_serializable: 0 0 %, local: 0 %
I0911 23:20:29.476473 2945473 Coordinator.h:126] commit: 1159228 abort: 14572 (0/14572/0), network size: 0, avg network size: 0, si_in_serializable: 0 0 %, local: 0 %
I0911 23:20:30.476553 2945473 Coordinator.h:126] commit: 1169562 abort: 14438 (0/14438/0), network size: 0, avg network size: 0, si_in_serializable: 0 0 %, local: 0 %
I0911 23:20:31.476644 2945473 Coordinator.h:126] commit: 1169375 abort: 14625 (0/14625/0), network size: 0, avg network size: 0, si_in_serializable: 0 0 %, local: 0 %
I0911 23:20:32.476723 2945473 Coordinator.h:126] commit: 1169562 abort: 14438 (0/14438/0), network size: 0, avg network size: 0, si_in_serializable: 0 0 %, local: 0 %
I0911 23:20:33.476801 2945473 Coordinator.h:126] commit: 1169536 abort: 14464 (0/14464/0), network size: 0, avg network size: 0, si_in_serializable: 0 0 %, local: 0 %
I0911 23:20:34.476881 2945473 Coordinator.h:126] commit: 1153591 abort: 14409 (0/14409/0), network size: 0, avg network size: 0, si_in_serializable: 0 0 %, local: 0 %
I0911 23:20:35.476960 2945473 Coordinator.h:126] commit: 1153685 abort: 14315 (0/14315/0), network size: 0, avg network size: 0, si_in_serializable: 0 0 %, local: 0 %
I0911 23:20:36.477038 2945473 Coordinator.h:126] commit: 1169571 abort: 14429 (0/14429/0), network size: 0, avg network size: 0, si_in_serializable: 0 0 %, local: 0 %
I0911 23:20:36.477052 2945473 Coordinator.h:152] average commit: 1.15841e+06 abort: 14388 (0/14388/0), network size: 0, avg network size: 0, si_in_serializable: 0 0 %, local: 0 %
I0911 23:20:36.489032 2945496 AriaExecutor.h:94] AriaExecutor 2 exits. 
I0911 23:20:36.489034 2945508 AriaExecutor.h:94] AriaExecutor 14 exits. 
I0911 23:20:36.489068 2945509 AriaExecutor.h:94] AriaExecutor 15 exits. 
I0911 23:20:36.489046 2945505 AriaExecutor.h:94] AriaExecutor 11 exits. 
I0911 23:20:36.489032 2945506 AriaExecutor.h:94] AriaExecutor 12 exits. 
I0911 23:20:36.489033 2945502 AriaExecutor.h:94] AriaExecutor 8 exits. 
I0911 23:20:36.489034 2945494 AriaExecutor.h:94] AriaExecutor 0 exits. 
I0911 23:20:36.489039 2945510 Manager.h:227] Manager(worker id = 16) on the coordinator node exits.
I0911 23:20:36.489039 2945503 AriaExecutor.h:94] AriaExecutor 9 exits. 
I0911 23:20:36.489040 2945499 AriaExecutor.h:94] AriaExecutor 5 exits. 
I0911 23:20:36.489040 2945507 AriaExecutor.h:94] AriaExecutor 13 exits. 
I0911 23:20:36.489043 2945501 AriaExecutor.h:94] AriaExecutor 7 exits. 
I0911 23:20:36.489044 2945495 AriaExecutor.h:94] AriaExecutor 1 exits. 
I0911 23:20:36.489061 2945500 AriaExecutor.h:94] AriaExecutor 6 exits. 
I0911 23:20:36.489068 2945497 AriaExecutor.h:94] AriaExecutor 3 exits. 
I0911 23:20:36.489035 2945504 AriaExecutor.h:94] AriaExecutor 10 exits. 
I0911 23:20:36.489033 2945498 AriaExecutor.h:94] AriaExecutor 4 exits. 
I0911 23:20:36.477062 2945473 AriaExecutor.h:641] Worker 0 latency: 8112 us (50%) 10494 us (75%) 12403 us (95%) 12811 us (99%).
I0911 23:20:36.557756 2945473 AriaExecutor.h:641] Worker 1 latency: 8071 us (50%) 10464 us (75%) 12388 us (95%) 12792 us (99%).
I0911 23:20:36.642700 2945473 AriaExecutor.h:641] Worker 2 latency: 8107 us (50%) 10484 us (75%) 12393 us (95%) 12802 us (99%).
I0911 23:20:36.720899 2945473 AriaExecutor.h:641] Worker 3 latency: 8095 us (50%) 10480 us (75%) 12390 us (95%) 12793 us (99%).
I0911 23:20:36.806283 2945473 AriaExecutor.h:641] Worker 4 latency: 8098 us (50%) 10481 us (75%) 12393 us (95%) 12797 us (99%).
I0911 23:20:36.882908 2945473 AriaExecutor.h:641] Worker 5 latency: 8065 us (50%) 10465 us (75%) 12390 us (95%) 12794 us (99%).
I0911 23:20:36.967506 2945473 AriaExecutor.h:641] Worker 6 latency: 8126 us (50%) 10497 us (75%) 12396 us (95%) 12800 us (99%).
I0911 23:20:37.044435 2945473 AriaExecutor.h:641] Worker 7 latency: 8081 us (50%) 10477 us (75%) 12393 us (95%) 12796 us (99%).
I0911 23:20:37.129248 2945473 AriaExecutor.h:641] Worker 8 latency: 8088 us (50%) 10473 us (75%) 12391 us (95%) 12801 us (99%).
I0911 23:20:37.207145 2945473 AriaExecutor.h:641] Worker 9 latency: 8051 us (50%) 10456 us (75%) 12389 us (95%) 12796 us (99%).
I0911 23:20:37.291352 2945473 AriaExecutor.h:641] Worker 10 latency: 8104 us (50%) 10480 us (75%) 12389 us (95%) 12796 us (99%).
I0911 23:20:37.368920 2945473 AriaExecutor.h:641] Worker 11 latency: 8072 us (50%) 10463 us (75%) 12387 us (95%) 12790 us (99%).
I0911 23:20:37.454109 2945473 AriaExecutor.h:641] Worker 12 latency: 8088 us (50%) 10465 us (75%) 12382 us (95%) 12787 us (99%).
I0911 23:20:37.530869 2945473 AriaExecutor.h:641] Worker 13 latency: 8064 us (50%) 10463 us (75%) 12389 us (95%) 12794 us (99%).
I0911 23:20:37.615415 2945473 AriaExecutor.h:641] Worker 14 latency: 8086 us (50%) 10467 us (75%) 12384 us (95%) 12793 us (99%).
I0911 23:20:37.692696 2945473 AriaExecutor.h:641] Worker 15 latency: 8052 us (50%) 10444 us (75%) 12384 us (95%) 12793 us (99%).
I0911 23:20:37.776146 2945473 Coordinator.h:177] total commit: 1.15841e+06
I0911 23:20:38.776268 2945473 Coordinator.h:192] Coordinator exits.
