I1126 14:13:40.996063 961300 Database.h:65] ycsb initialization finished in 29 milliseconds.
I1126 14:13:40.996166 961300 Coordinator.h:30] Coordinator initializes 12 workers.
I1126 14:13:41.002964 961300 Coordinator.h:77] Coordinator starts to run 13 workers.
I1126 14:13:41.003019 961316 AriaExecutor.h:91] AriaExecutor 0 started. 
I1126 14:13:41.003052 961317 AriaExecutor.h:91] AriaExecutor 1 started. 
I1126 14:13:41.003093 961318 AriaExecutor.h:91] AriaExecutor 2 started. 
I1126 14:13:41.003137 961319 AriaExecutor.h:91] AriaExecutor 3 started. 
I1126 14:13:41.003217 961321 AriaExecutor.h:91] AriaExecutor 5 started. 
I1126 14:13:41.003268 961322 AriaExecutor.h:91] AriaExecutor 6 started. 
I1126 14:13:41.003306 961323 AriaExecutor.h:91] AriaExecutor 7 started. 
I1126 14:13:41.003345 961324 AriaExecutor.h:91] AriaExecutor 8 started. 
I1126 14:13:41.003392 961325 AriaExecutor.h:91] AriaExecutor 9 started. 
I1126 14:13:41.003427 961326 AriaExecutor.h:91] AriaExecutor 10 started. 
I1126 14:13:41.003470 961327 AriaExecutor.h:91] AriaExecutor 11 started. 
I1126 14:13:41.003502 961320 AriaExecutor.h:91] AriaExecutor 4 started. 
I1126 14:13:41.003510 961328 Manager.h:224] Manager(worker id = 12) on the coordinator node started.
I1126 14:13:42.003575 961300 Coordinator.h:126] commit: 867440 abort: 442560 (0/442560/0), network size: 0, avg network size: 0, si_in_serializable: 0 0 %, local: 0 %
I1126 14:13:43.003690 961300 Coordinator.h:126] commit: 860319 abort: 439681 (0/439681/0), network size: 0, avg network size: 0, si_in_serializable: 0 0 %, local: 0 %
I1126 14:13:44.003790 961300 Coordinator.h:126] commit: 879277 abort: 448452 (0/448452/0), network size: 0, avg network size: 0, si_in_serializable: 0 0 %, local: 0 %
I1126 14:13:45.003875 961300 Coordinator.h:126] commit: 873911 abort: 446198 (0/446198/0), network size: 0, avg network size: 0, si_in_serializable: 0 0 %, local: 0 %
I1126 14:13:46.003952 961300 Coordinator.h:126] commit: 875233 abort: 446929 (0/446929/0), network size: 0, avg network size: 0, si_in_serializable: 0 0 %, local: 0 %
I1126 14:13:47.004035 961300 Coordinator.h:126] commit: 874300 abort: 445700 (0/445700/0), network size: 0, avg network size: 0, si_in_serializable: 0 0 %, local: 0 %
I1126 14:13:48.004134 961300 Coordinator.h:126] commit: 867373 abort: 442627 (0/442627/0), network size: 0, avg network size: 0, si_in_serializable: 0 0 %, local: 0 %
I1126 14:13:49.004220 961300 Coordinator.h:126] commit: 866203 abort: 443751 (0/443751/0), network size: 0, avg network size: 0, si_in_serializable: 0 0 %, local: 0 %
I1126 14:13:50.004300 961300 Coordinator.h:126] commit: 876959 abort: 448339 (0/448339/0), network size: 0, avg network size: 0, si_in_serializable: 0 0 %, local: 0 %
I1126 14:13:51.004408 961300 Coordinator.h:126] commit: 876267 abort: 448481 (0/448481/0), network size: 0, avg network size: 0, si_in_serializable: 0 0 %, local: 0 %
I1126 14:13:52.004508 961300 Coordinator.h:126] commit: 880379 abort: 449621 (0/449621/0), network size: 0, avg network size: 0, si_in_serializable: 0 0 %, local: 0 %
I1126 14:13:53.004585 961300 Coordinator.h:126] commit: 880580 abort: 449420 (0/449420/0), network size: 0, avg network size: 0, si_in_serializable: 0 0 %, local: 0 %
I1126 14:13:54.004658 961300 Coordinator.h:126] commit: 866677 abort: 443323 (0/443323/0), network size: 0, avg network size: 0, si_in_serializable: 0 0 %, local: 0 %
I1126 14:13:55.004734 961300 Coordinator.h:126] commit: 873283 abort: 446717 (0/446717/0), network size: 0, avg network size: 0, si_in_serializable: 0 0 %, local: 0 %
I1126 14:13:56.004835 961300 Coordinator.h:126] commit: 853764 abort: 436236 (0/436236/0), network size: 0, avg network size: 0, si_in_serializable: 0 0 %, local: 0 %
I1126 14:13:57.004932 961300 Coordinator.h:126] commit: 873707 abort: 446293 (0/446293/0), network size: 0, avg network size: 0, si_in_serializable: 0 0 %, local: 0 %
I1126 14:13:58.005016 961300 Coordinator.h:126] commit: 880569 abort: 449431 (0/449431/0), network size: 0, avg network size: 0, si_in_serializable: 0 0 %, local: 0 %
I1126 14:13:59.005093 961300 Coordinator.h:126] commit: 876662 abort: 446307 (0/446307/0), network size: 0, avg network size: 0, si_in_serializable: 0 0 %, local: 0 %
I1126 14:14:00.005172 961300 Coordinator.h:126] commit: 878361 abort: 448670 (0/448670/0), network size: 0, avg network size: 0, si_in_serializable: 0 0 %, local: 0 %
I1126 14:14:01.005255 961300 Coordinator.h:126] commit: 881185 abort: 448815 (0/448815/0), network size: 0, avg network size: 0, si_in_serializable: 0 0 %, local: 0 %
I1126 14:14:02.005347 961300 Coordinator.h:126] commit: 880279 abort: 449721 (0/449721/0), network size: 0, avg network size: 0, si_in_serializable: 0 0 %, local: 0 %
I1126 14:14:03.005422 961300 Coordinator.h:126] commit: 873753 abort: 446247 (0/446247/0), network size: 0, avg network size: 0, si_in_serializable: 0 0 %, local: 0 %
I1126 14:14:04.005501 961300 Coordinator.h:126] commit: 880782 abort: 449218 (0/449218/0), network size: 0, avg network size: 0, si_in_serializable: 0 0 %, local: 0 %
I1126 14:14:05.005575 961300 Coordinator.h:126] commit: 878866 abort: 448597 (0/448597/0), network size: 0, avg network size: 0, si_in_serializable: 0 0 %, local: 0 %
I1126 14:14:06.005656 961300 Coordinator.h:126] commit: 875547 abort: 446990 (0/446990/0), network size: 0, avg network size: 0, si_in_serializable: 0 0 %, local: 0 %
I1126 14:14:06.005667 961300 Coordinator.h:152] average commit: 874517 abort: 446483 (0/446483/0), network size: 0, avg network size: 0, si_in_serializable: 0 0 %, local: 0 %
I1126 14:14:06.009056 961318 AriaExecutor.h:103] AriaExecutor 2 exits. 
I1126 14:14:06.009064 961328 Manager.h:227] Manager(worker id = 12) on the coordinator node exits.
I1126 14:14:06.009071 961323 AriaExecutor.h:103] AriaExecutor 7 exits. 
I1126 14:14:06.009085 961327 AriaExecutor.h:103] AriaExecutor 11 exits. 
I1126 14:14:06.009081 961326 AriaExecutor.h:103] AriaExecutor 10 exits. 
I1126 14:14:06.009073 961317 AriaExecutor.h:103] AriaExecutor 1 exits. 
I1126 14:14:06.009073 961325 AriaExecutor.h:103] AriaExecutor 9 exits. 
I1126 14:14:06.009074 961321 AriaExecutor.h:103] AriaExecutor 5 exits. 
I1126 14:14:06.009065 961322 AriaExecutor.h:103] AriaExecutor 6 exits. 
I1126 14:14:06.009075 961316 AriaExecutor.h:103] AriaExecutor 0 exits. 
I1126 14:14:06.009058 961320 AriaExecutor.h:103] AriaExecutor 4 exits. 
I1126 14:14:06.009076 961319 AriaExecutor.h:103] AriaExecutor 3 exits. 
I1126 14:14:06.009064 961324 AriaExecutor.h:103] AriaExecutor 8 exits. 
I1126 14:14:06.005676 961300 AriaExecutor.h:649] Worker 0 latency: 5974 us (50%) 6407 us (75%) 6700 us (95%) 6796 us (99%).
I1126 14:14:06.075608 961300 AriaExecutor.h:649] Worker 1 latency: 5970 us (50%) 6405 us (75%) 6699 us (95%) 6793 us (99%).
I1126 14:14:06.144771 961300 AriaExecutor.h:649] Worker 2 latency: 5987 us (50%) 6414 us (75%) 6701 us (95%) 6796 us (99%).
I1126 14:14:06.214766 961300 AriaExecutor.h:649] Worker 3 latency: 5975 us (50%) 6409 us (75%) 6701 us (95%) 6795 us (99%).
I1126 14:14:06.286072 961300 AriaExecutor.h:649] Worker 4 latency: 5980 us (50%) 6411 us (75%) 6701 us (95%) 6798 us (99%).
I1126 14:14:06.355278 961300 AriaExecutor.h:649] Worker 5 latency: 5976 us (50%) 6408 us (75%) 6699 us (95%) 6795 us (99%).
I1126 14:14:06.426707 961300 AriaExecutor.h:649] Worker 6 latency: 5986 us (50%) 6414 us (75%) 6701 us (95%) 6797 us (99%).
I1126 14:14:06.495491 961300 AriaExecutor.h:649] Worker 7 latency: 5973 us (50%) 6408 us (75%) 6700 us (95%) 6794 us (99%).
I1126 14:14:06.565107 961300 AriaExecutor.h:649] Worker 8 latency: 5982 us (50%) 6413 us (75%) 6703 us (95%) 6799 us (99%).
I1126 14:14:06.634263 961300 AriaExecutor.h:649] Worker 9 latency: 5979 us (50%) 6412 us (75%) 6702 us (95%) 6797 us (99%).
I1126 14:14:06.704020 961300 AriaExecutor.h:649] Worker 10 latency: 5989 us (50%) 6416 us (75%) 6703 us (95%) 6798 us (99%).
I1126 14:14:06.773463 961300 AriaExecutor.h:649] Worker 11 latency: 5975 us (50%) 6411 us (75%) 6702 us (95%) 6797 us (99%).
I1126 14:14:06.842960 961300 Coordinator.h:177] total commit: 874517
I1126 14:14:07.843073 961300 Coordinator.h:192] Coordinator exits.
