I1126 15:04:34.825357 990906 Database.h:65] ycsb initialization finished in 30 milliseconds.
I1126 15:04:34.825456 990906 Coordinator.h:30] Coordinator initializes 12 workers.
I1126 15:04:34.826356 990906 Coordinator.h:77] Coordinator starts to run 13 workers.
I1126 15:04:34.826407 990925 AriaExecutor.h:91] AriaExecutor 0 started. 
I1126 15:04:34.826434 990926 AriaExecutor.h:91] AriaExecutor 1 started. 
I1126 15:04:34.826473 990927 AriaExecutor.h:91] AriaExecutor 2 started. 
I1126 15:04:34.826517 990928 AriaExecutor.h:91] AriaExecutor 3 started. 
I1126 15:04:34.826597 990930 AriaExecutor.h:91] AriaExecutor 5 started. 
I1126 15:04:34.826642 990931 AriaExecutor.h:91] AriaExecutor 6 started. 
I1126 15:04:34.826680 990932 AriaExecutor.h:91] AriaExecutor 7 started. 
I1126 15:04:34.826714 990933 AriaExecutor.h:91] AriaExecutor 8 started. 
I1126 15:04:34.826766 990934 AriaExecutor.h:91] AriaExecutor 9 started. 
I1126 15:04:34.826802 990935 AriaExecutor.h:91] AriaExecutor 10 started. 
I1126 15:04:34.826859 990936 AriaExecutor.h:91] AriaExecutor 11 started. 
I1126 15:04:34.826889 990929 AriaExecutor.h:91] AriaExecutor 4 started. 
I1126 15:04:34.826891 990937 Manager.h:224] Manager(worker id = 12) on the coordinator node started.
I1126 15:04:35.826957 990906 Coordinator.h:126] commit: 1128598 abort: 892402 (0/892402/0), network size: 0, avg network size: 0, si_in_serializable: 0 0 %, local: 0 %
I1126 15:04:36.827070 990906 Coordinator.h:126] commit: 1108831 abort: 876169 (0/876169/0), network size: 0, avg network size: 0, si_in_serializable: 0 0 %, local: 0 %
I1126 15:04:37.827173 990906 Coordinator.h:126] commit: 1123737 abort: 887263 (0/887263/0), network size: 0, avg network size: 0, si_in_serializable: 0 0 %, local: 0 %
I1126 15:04:38.827265 990906 Coordinator.h:126] commit: 1145347 abort: 904653 (0/904653/0), network size: 0, avg network size: 0, si_in_serializable: 0 0 %, local: 0 %
I1126 15:04:39.827338 990906 Coordinator.h:126] commit: 1140126 abort: 902874 (0/902874/0), network size: 0, avg network size: 0, si_in_serializable: 0 0 %, local: 0 %
I1126 15:04:40.827419 990906 Coordinator.h:126] commit: 1080425 abort: 854575 (0/854575/0), network size: 0, avg network size: 0, si_in_serializable: 0 0 %, local: 0 %
I1126 15:04:41.827515 990906 Coordinator.h:126] commit: 1140228 abort: 901772 (0/901772/0), network size: 0, avg network size: 0, si_in_serializable: 0 0 %, local: 0 %
I1126 15:04:42.827615 990906 Coordinator.h:126] commit: 1140027 abort: 899973 (0/899973/0), network size: 0, avg network size: 0, si_in_serializable: 0 0 %, local: 0 %
I1126 15:04:43.827703 990906 Coordinator.h:126] commit: 1141264 abort: 901736 (0/901736/0), network size: 0, avg network size: 0, si_in_serializable: 0 0 %, local: 0 %
I1126 15:04:44.827785 990906 Coordinator.h:126] commit: 1144085 abort: 905645 (0/905645/0), network size: 0, avg network size: 0, si_in_serializable: 0 0 %, local: 0 %
I1126 15:04:45.827862 990906 Coordinator.h:126] commit: 1135211 abort: 897059 (0/897059/0), network size: 0, avg network size: 0, si_in_serializable: 0 0 %, local: 0 %
I1126 15:04:46.827940 990906 Coordinator.h:126] commit: 1054268 abort: 834732 (0/834732/0), network size: 0, avg network size: 0, si_in_serializable: 0 0 %, local: 0 %
I1126 15:04:47.828022 990906 Coordinator.h:126] commit: 1142178 abort: 903822 (0/903822/0), network size: 0, avg network size: 0, si_in_serializable: 0 0 %, local: 0 %
I1126 15:04:48.828125 990906 Coordinator.h:126] commit: 1144424 abort: 905576 (0/905576/0), network size: 0, avg network size: 0, si_in_serializable: 0 0 %, local: 0 %
I1126 15:04:49.828212 990906 Coordinator.h:126] commit: 1142825 abort: 904175 (0/904175/0), network size: 0, avg network size: 0, si_in_serializable: 0 0 %, local: 0 %
I1126 15:04:50.828333 990906 Coordinator.h:126] commit: 1130124 abort: 892876 (0/892876/0), network size: 0, avg network size: 0, si_in_serializable: 0 0 %, local: 0 %
I1126 15:04:51.828442 990906 Coordinator.h:126] commit: 1142713 abort: 901287 (0/901287/0), network size: 0, avg network size: 0, si_in_serializable: 0 0 %, local: 0 %
I1126 15:04:52.828533 990906 Coordinator.h:126] commit: 1145823 abort: 905177 (0/905177/0), network size: 0, avg network size: 0, si_in_serializable: 0 0 %, local: 0 %
I1126 15:04:53.828617 990906 Coordinator.h:126] commit: 1141420 abort: 902580 (0/902580/0), network size: 0, avg network size: 0, si_in_serializable: 0 0 %, local: 0 %
I1126 15:04:54.828715 990906 Coordinator.h:126] commit: 1143992 abort: 906008 (0/906008/0), network size: 0, avg network size: 0, si_in_serializable: 0 0 %, local: 0 %
I1126 15:04:55.828802 990906 Coordinator.h:126] commit: 1138841 abort: 901159 (0/901159/0), network size: 0, avg network size: 0, si_in_serializable: 0 0 %, local: 0 %
I1126 15:04:56.828903 990906 Coordinator.h:126] commit: 1127366 abort: 890607 (0/890607/0), network size: 0, avg network size: 0, si_in_serializable: 0 0 %, local: 0 %
I1126 15:04:57.828996 990906 Coordinator.h:126] commit: 1018449 abort: 804578 (0/804578/0), network size: 0, avg network size: 0, si_in_serializable: 0 0 %, local: 0 %
I1126 15:04:58.829072 990906 Coordinator.h:126] commit: 1143518 abort: 903482 (0/903482/0), network size: 0, avg network size: 0, si_in_serializable: 0 0 %, local: 0 %
I1126 15:04:59.829149 990906 Coordinator.h:126] commit: 1143811 abort: 904189 (0/904189/0), network size: 0, avg network size: 0, si_in_serializable: 0 0 %, local: 0 %
I1126 15:04:59.829159 990906 Coordinator.h:152] average commit: 1.1323e+06 abort: 895329 (0/895329/0), network size: 0, avg network size: 0, si_in_serializable: 0 0 %, local: 0 %
I1126 15:04:59.829322 990929 AriaExecutor.h:103] AriaExecutor 4 exits. 
I1126 15:04:59.829329 990925 AriaExecutor.h:103] AriaExecutor 0 exits. 
I1126 15:04:59.829325 990927 AriaExecutor.h:103] AriaExecutor 2 exits. 
I1126 15:04:59.829324 990933 AriaExecutor.h:103] AriaExecutor 8 exits. 
I1126 15:04:59.829340 990928 AriaExecutor.h:103] AriaExecutor 3 exits. 
I1126 15:04:59.829325 990931 AriaExecutor.h:103] AriaExecutor 6 exits. 
I1126 15:04:59.829340 990926 AriaExecutor.h:103] AriaExecutor 1 exits. 
I1126 15:04:59.829340 990936 AriaExecutor.h:103] AriaExecutor 11 exits. 
I1126 15:04:59.829340 990932 AriaExecutor.h:103] AriaExecutor 7 exits. 
I1126 15:04:59.829324 990935 AriaExecutor.h:103] AriaExecutor 10 exits. 
I1126 15:04:59.829340 990934 AriaExecutor.h:103] AriaExecutor 9 exits. 
I1126 15:04:59.829340 990930 AriaExecutor.h:103] AriaExecutor 5 exits. 
I1126 15:04:59.829326 990937 Manager.h:227] Manager(worker id = 12) on the coordinator node exits.
I1126 15:04:59.829170 990906 AriaExecutor.h:649] Worker 0 latency: 350 us (50%) 405 us (75%) 445 us (95%) 458 us (99%).
I1126 15:04:59.920552 990906 AriaExecutor.h:649] Worker 1 latency: 350 us (50%) 404 us (75%) 443 us (95%) 457 us (99%).
I1126 15:05:00.022814 990906 AriaExecutor.h:649] Worker 2 latency: 351 us (50%) 405 us (75%) 444 us (95%) 458 us (99%).
I1126 15:05:00.113488 990906 AriaExecutor.h:649] Worker 3 latency: 351 us (50%) 404 us (75%) 443 us (95%) 457 us (99%).
I1126 15:05:00.200480 990906 AriaExecutor.h:649] Worker 4 latency: 351 us (50%) 405 us (75%) 444 us (95%) 458 us (99%).
I1126 15:05:00.285312 990906 AriaExecutor.h:649] Worker 5 latency: 350 us (50%) 404 us (75%) 443 us (95%) 456 us (99%).
I1126 15:05:00.370807 990906 AriaExecutor.h:649] Worker 6 latency: 354 us (50%) 406 us (75%) 444 us (95%) 458 us (99%).
I1126 15:05:00.456302 990906 AriaExecutor.h:649] Worker 7 latency: 352 us (50%) 404 us (75%) 442 us (95%) 456 us (99%).
I1126 15:05:00.542945 990906 AriaExecutor.h:649] Worker 8 latency: 354 us (50%) 406 us (75%) 444 us (95%) 458 us (99%).
I1126 15:05:00.633198 990906 AriaExecutor.h:649] Worker 9 latency: 352 us (50%) 404 us (75%) 443 us (95%) 456 us (99%).
I1126 15:05:00.719420 990906 AriaExecutor.h:649] Worker 10 latency: 354 us (50%) 406 us (75%) 444 us (95%) 458 us (99%).
I1126 15:05:00.809954 990906 AriaExecutor.h:649] Worker 11 latency: 353 us (50%) 404 us (75%) 443 us (95%) 456 us (99%).
I1126 15:05:00.910540 990906 Coordinator.h:177] total commit: 1.1323e+06
I1126 15:05:01.910652 990906 Coordinator.h:192] Coordinator exits.
