I1126 15:46:46.835647 1018513 Database.h:65] ycsb initialization finished in 30 milliseconds.
I1126 15:46:46.835737 1018513 Coordinator.h:30] Coordinator initializes 12 workers.
I1126 15:46:46.907298 1018513 Coordinator.h:77] Coordinator starts to run 13 workers.
I1126 15:46:46.907363 1018529 AriaExecutor.h:93] AriaExecutor 0 started. 
I1126 15:46:46.907406 1018530 AriaExecutor.h:93] AriaExecutor 1 started. 
I1126 15:46:46.907446 1018531 AriaExecutor.h:93] AriaExecutor 2 started. 
I1126 15:46:46.907491 1018532 AriaExecutor.h:93] AriaExecutor 3 started. 
I1126 15:46:46.907575 1018534 AriaExecutor.h:93] AriaExecutor 5 started. 
I1126 15:46:46.907616 1018535 AriaExecutor.h:93] AriaExecutor 6 started. 
I1126 15:46:46.907651 1018536 AriaExecutor.h:93] AriaExecutor 7 started. 
I1126 15:46:46.907699 1018537 AriaExecutor.h:93] AriaExecutor 8 started. 
I1126 15:46:46.907730 1018538 AriaExecutor.h:93] AriaExecutor 9 started. 
I1126 15:46:46.907765 1018539 AriaExecutor.h:93] AriaExecutor 10 started. 
I1126 15:46:46.907807 1018540 AriaExecutor.h:93] AriaExecutor 11 started. 
I1126 15:46:46.907835 1018533 AriaExecutor.h:93] AriaExecutor 4 started. 
I1126 15:46:46.907840 1018541 Manager.h:224] Manager(worker id = 12) on the coordinator node started.
I1126 15:46:47.907903 1018513 Coordinator.h:126] commit: 680779 abort: 229221 (0/229221/0), network size: 0, avg network size: 0, si_in_serializable: 0 0 %, local: 0 %
I1126 15:46:48.908038 1018513 Coordinator.h:126] commit: 673241 abort: 226759 (0/226759/0), network size: 0, avg network size: 0, si_in_serializable: 0 0 %, local: 0 %
I1126 15:46:49.908167 1018513 Coordinator.h:126] commit: 681647 abort: 228353 (0/228353/0), network size: 0, avg network size: 0, si_in_serializable: 0 0 %, local: 0 %
I1126 15:46:50.908268 1018513 Coordinator.h:126] commit: 688536 abort: 231464 (0/231464/0), network size: 0, avg network size: 0, si_in_serializable: 0 0 %, local: 0 %
I1126 15:46:51.908373 1018513 Coordinator.h:126] commit: 680719 abort: 229281 (0/229281/0), network size: 0, avg network size: 0, si_in_serializable: 0 0 %, local: 0 %
I1126 15:46:52.908468 1018513 Coordinator.h:126] commit: 689183 abort: 230817 (0/230817/0), network size: 0, avg network size: 0, si_in_serializable: 0 0 %, local: 0 %
I1126 15:46:53.908571 1018513 Coordinator.h:126] commit: 680935 abort: 229065 (0/229065/0), network size: 0, avg network size: 0, si_in_serializable: 0 0 %, local: 0 %
I1126 15:46:54.908646 1018513 Coordinator.h:126] commit: 688282 abort: 231718 (0/231718/0), network size: 0, avg network size: 0, si_in_serializable: 0 0 %, local: 0 %
I1126 15:46:55.908751 1018513 Coordinator.h:126] commit: 681597 abort: 228403 (0/228403/0), network size: 0, avg network size: 0, si_in_serializable: 0 0 %, local: 0 %
I1126 15:46:56.908859 1018513 Coordinator.h:126] commit: 681345 abort: 228655 (0/228655/0), network size: 0, avg network size: 0, si_in_serializable: 0 0 %, local: 0 %
I1126 15:46:57.908942 1018513 Coordinator.h:126] commit: 688581 abort: 231419 (0/231419/0), network size: 0, avg network size: 0, si_in_serializable: 0 0 %, local: 0 %
I1126 15:46:58.909014 1018513 Coordinator.h:126] commit: 689337 abort: 230663 (0/230663/0), network size: 0, avg network size: 0, si_in_serializable: 0 0 %, local: 0 %
I1126 15:46:59.909090 1018513 Coordinator.h:126] commit: 689070 abort: 230930 (0/230930/0), network size: 0, avg network size: 0, si_in_serializable: 0 0 %, local: 0 %
I1126 15:47:00.909170 1018513 Coordinator.h:126] commit: 688969 abort: 231031 (0/231031/0), network size: 0, avg network size: 0, si_in_serializable: 0 0 %, local: 0 %
I1126 15:47:01.909288 1018513 Coordinator.h:126] commit: 681169 abort: 228831 (0/228831/0), network size: 0, avg network size: 0, si_in_serializable: 0 0 %, local: 0 %
I1126 15:47:02.909400 1018513 Coordinator.h:126] commit: 680702 abort: 229298 (0/229298/0), network size: 0, avg network size: 0, si_in_serializable: 0 0 %, local: 0 %
I1126 15:47:03.909513 1018513 Coordinator.h:126] commit: 688182 abort: 231818 (0/231818/0), network size: 0, avg network size: 0, si_in_serializable: 0 0 %, local: 0 %
I1126 15:47:04.909611 1018513 Coordinator.h:126] commit: 688699 abort: 231301 (0/231301/0), network size: 0, avg network size: 0, si_in_serializable: 0 0 %, local: 0 %
I1126 15:47:05.909696 1018513 Coordinator.h:126] commit: 651453 abort: 218547 (0/218547/0), network size: 0, avg network size: 0, si_in_serializable: 0 0 %, local: 0 %
I1126 15:47:06.909794 1018513 Coordinator.h:126] commit: 688647 abort: 231353 (0/231353/0), network size: 0, avg network size: 0, si_in_serializable: 0 0 %, local: 0 %
I1126 15:47:07.909871 1018513 Coordinator.h:126] commit: 688604 abort: 231396 (0/231396/0), network size: 0, avg network size: 0, si_in_serializable: 0 0 %, local: 0 %
I1126 15:47:08.909945 1018513 Coordinator.h:126] commit: 689080 abort: 230920 (0/230920/0), network size: 0, avg network size: 0, si_in_serializable: 0 0 %, local: 0 %
I1126 15:47:09.910020 1018513 Coordinator.h:126] commit: 685672 abort: 229316 (0/229316/0), network size: 0, avg network size: 0, si_in_serializable: 0 0 %, local: 0 %
I1126 15:47:10.910104 1018513 Coordinator.h:126] commit: 684173 abort: 230839 (0/230839/0), network size: 0, avg network size: 0, si_in_serializable: 0 0 %, local: 0 %
I1126 15:47:11.910207 1018513 Coordinator.h:126] commit: 689116 abort: 230884 (0/230884/0), network size: 0, avg network size: 0, si_in_serializable: 0 0 %, local: 0 %
I1126 15:47:11.910223 1018513 Coordinator.h:152] average commit: 683481 abort: 229519 (0/229519/0), network size: 0, avg network size: 0, si_in_serializable: 0 0 %, local: 0 %
I1126 15:47:11.916428 1018539 AriaExecutor.h:105] AriaExecutor 10 exits. 
I1126 15:47:11.916433 1018537 AriaExecutor.h:105] AriaExecutor 8 exits. 
I1126 15:47:11.916441 1018541 Manager.h:227] Manager(worker id = 12) on the coordinator node exits.
I1126 15:47:11.916433 1018535 AriaExecutor.h:105] AriaExecutor 6 exits. 
I1126 15:47:11.916428 1018533 AriaExecutor.h:105] AriaExecutor 4 exits. 
I1126 15:47:11.916442 1018530 AriaExecutor.h:105] AriaExecutor 1 exits. 
I1126 15:47:11.916442 1018540 AriaExecutor.h:105] AriaExecutor 11 exits. 
I1126 15:47:11.916442 1018532 AriaExecutor.h:105] AriaExecutor 3 exits. 
I1126 15:47:11.916448 1018536 AriaExecutor.h:105] AriaExecutor 7 exits. 
I1126 15:47:11.916431 1018529 AriaExecutor.h:105] AriaExecutor 0 exits. 
I1126 15:47:11.916442 1018534 AriaExecutor.h:105] AriaExecutor 5 exits. 
I1126 15:47:11.916431 1018531 AriaExecutor.h:105] AriaExecutor 2 exits. 
I1126 15:47:11.916442 1018538 AriaExecutor.h:105] AriaExecutor 9 exits. 
I1126 15:47:11.910231 1018513 AriaExecutor.h:672] Worker 0 latency: 7678 us (50%) 8982 us (75%) 9911 us (95%) 10113 us (99%).
I1126 15:47:11.971710 1018513 AriaExecutor.h:672] Worker 1 latency: 7654 us (50%) 8969 us (75%) 9907 us (95%) 10110 us (99%).
I1126 15:47:12.034382 1018513 AriaExecutor.h:672] Worker 2 latency: 7669 us (50%) 8979 us (75%) 9910 us (95%) 10112 us (99%).
I1126 15:47:12.095940 1018513 AriaExecutor.h:672] Worker 3 latency: 7660 us (50%) 8972 us (75%) 9906 us (95%) 10110 us (99%).
I1126 15:47:12.157261 1018513 AriaExecutor.h:672] Worker 4 latency: 7662 us (50%) 8975 us (75%) 9911 us (95%) 10116 us (99%).
I1126 15:47:12.219653 1018513 AriaExecutor.h:672] Worker 5 latency: 7650 us (50%) 8966 us (75%) 9906 us (95%) 10110 us (99%).
I1126 15:47:12.282135 1018513 AriaExecutor.h:672] Worker 6 latency: 7660 us (50%) 8974 us (75%) 9910 us (95%) 10114 us (99%).
I1126 15:47:12.344151 1018513 AriaExecutor.h:672] Worker 7 latency: 7663 us (50%) 8973 us (75%) 9906 us (95%) 10108 us (99%).
I1126 15:47:12.405632 1018513 AriaExecutor.h:672] Worker 8 latency: 7648 us (50%) 8969 us (75%) 9907 us (95%) 10111 us (99%).
I1126 15:47:12.466969 1018513 AriaExecutor.h:672] Worker 9 latency: 7664 us (50%) 8973 us (75%) 9906 us (95%) 10110 us (99%).
I1126 15:47:12.529587 1018513 AriaExecutor.h:672] Worker 10 latency: 7667 us (50%) 8977 us (75%) 9910 us (95%) 10113 us (99%).
I1126 15:47:12.591938 1018513 AriaExecutor.h:672] Worker 11 latency: 7635 us (50%) 8962 us (75%) 9906 us (95%) 10111 us (99%).
I1126 15:47:12.654688 1018513 Coordinator.h:177] total commit: 683481
I1126 15:47:13.654799 1018513 Coordinator.h:192] Coordinator exits.
