I1126 17:08:54.477931 1049149 Database.h:65] ycsb initialization finished in 30 milliseconds.
I1126 17:08:54.478029 1049149 Coordinator.h:30] Coordinator initializes 12 workers.
I1126 17:08:54.485549 1049149 Coordinator.h:77] Coordinator starts to run 13 workers.
I1126 17:08:54.485610 1049165 AriaExecutor.h:93] AriaExecutor 0 started. 
I1126 17:08:54.485626 1049166 AriaExecutor.h:93] AriaExecutor 1 started. 
I1126 17:08:54.485666 1049167 AriaExecutor.h:93] AriaExecutor 2 started. 
I1126 17:08:54.485708 1049168 AriaExecutor.h:93] AriaExecutor 3 started. 
I1126 17:08:54.485790 1049170 AriaExecutor.h:93] AriaExecutor 5 started. 
I1126 17:08:54.485826 1049171 AriaExecutor.h:93] AriaExecutor 6 started. 
I1126 17:08:54.485869 1049172 AriaExecutor.h:93] AriaExecutor 7 started. 
I1126 17:08:54.485904 1049173 AriaExecutor.h:93] AriaExecutor 8 started. 
I1126 17:08:54.485956 1049174 AriaExecutor.h:93] AriaExecutor 9 started. 
I1126 17:08:54.485989 1049175 AriaExecutor.h:93] AriaExecutor 10 started. 
I1126 17:08:54.486038 1049176 AriaExecutor.h:93] AriaExecutor 11 started. 
I1126 17:08:54.486083 1049169 AriaExecutor.h:93] AriaExecutor 4 started. 
I1126 17:08:54.486084 1049177 Manager.h:224] Manager(worker id = 12) on the coordinator node started.
I1126 17:08:55.486146 1049149 Coordinator.h:126] commit: 179 abort: 168821 (0/168821/0), network size: 0, avg network size: 0, si_in_serializable: 0 0 %, local: 0 %
I1126 17:08:56.486267 1049149 Coordinator.h:126] commit: 177 abort: 167823 (0/167823/0), network size: 0, avg network size: 0, si_in_serializable: 0 0 %, local: 0 %
I1126 17:08:57.486392 1049149 Coordinator.h:126] commit: 178 abort: 170822 (0/170822/0), network size: 0, avg network size: 0, si_in_serializable: 0 0 %, local: 0 %
I1126 17:08:58.486485 1049149 Coordinator.h:126] commit: 179 abort: 169821 (0/169821/0), network size: 0, avg network size: 0, si_in_serializable: 0 0 %, local: 0 %
I1126 17:08:59.486588 1049149 Coordinator.h:126] commit: 175 abort: 170825 (0/170825/0), network size: 0, avg network size: 0, si_in_serializable: 0 0 %, local: 0 %
I1126 17:09:00.486678 1049149 Coordinator.h:126] commit: 177 abort: 168823 (0/168823/0), network size: 0, avg network size: 0, si_in_serializable: 0 0 %, local: 0 %
I1126 17:09:01.486778 1049149 Coordinator.h:126] commit: 179 abort: 170821 (0/170821/0), network size: 0, avg network size: 0, si_in_serializable: 0 0 %, local: 0 %
I1126 17:09:02.486892 1049149 Coordinator.h:126] commit: 175 abort: 169825 (0/169825/0), network size: 0, avg network size: 0, si_in_serializable: 0 0 %, local: 0 %
I1126 17:09:03.486997 1049149 Coordinator.h:126] commit: 178 abort: 170822 (0/170822/0), network size: 0, avg network size: 0, si_in_serializable: 0 0 %, local: 0 %
I1126 17:09:04.487080 1049149 Coordinator.h:126] commit: 178 abort: 170822 (0/170822/0), network size: 0, avg network size: 0, si_in_serializable: 0 0 %, local: 0 %
I1126 17:09:05.487179 1049149 Coordinator.h:126] commit: 176 abort: 169824 (0/169824/0), network size: 0, avg network size: 0, si_in_serializable: 0 0 %, local: 0 %
I1126 17:09:06.487265 1049149 Coordinator.h:126] commit: 176 abort: 170824 (0/170824/0), network size: 0, avg network size: 0, si_in_serializable: 0 0 %, local: 0 %
I1126 17:09:07.487363 1049149 Coordinator.h:126] commit: 177 abort: 171823 (0/171823/0), network size: 0, avg network size: 0, si_in_serializable: 0 0 %, local: 0 %
I1126 17:09:08.487442 1049149 Coordinator.h:126] commit: 174 abort: 170826 (0/170826/0), network size: 0, avg network size: 0, si_in_serializable: 0 0 %, local: 0 %
I1126 17:09:09.487540 1049149 Coordinator.h:126] commit: 178 abort: 169822 (0/169822/0), network size: 0, avg network size: 0, si_in_serializable: 0 0 %, local: 0 %
I1126 17:09:10.487620 1049149 Coordinator.h:126] commit: 172 abort: 168828 (0/168828/0), network size: 0, avg network size: 0, si_in_serializable: 0 0 %, local: 0 %
I1126 17:09:11.487701 1049149 Coordinator.h:126] commit: 178 abort: 170822 (0/170822/0), network size: 0, avg network size: 0, si_in_serializable: 0 0 %, local: 0 %
I1126 17:09:12.487799 1049149 Coordinator.h:126] commit: 174 abort: 170826 (0/170826/0), network size: 0, avg network size: 0, si_in_serializable: 0 0 %, local: 0 %
I1126 17:09:13.487886 1049149 Coordinator.h:126] commit: 185 abort: 169815 (0/169815/0), network size: 0, avg network size: 0, si_in_serializable: 0 0 %, local: 0 %
I1126 17:09:14.488008 1049149 Coordinator.h:126] commit: 178 abort: 169822 (0/169822/0), network size: 0, avg network size: 0, si_in_serializable: 0 0 %, local: 0 %
I1126 17:09:15.488102 1049149 Coordinator.h:126] commit: 175 abort: 170825 (0/170825/0), network size: 0, avg network size: 0, si_in_serializable: 0 0 %, local: 0 %
I1126 17:09:16.488202 1049149 Coordinator.h:126] commit: 177 abort: 170823 (0/170823/0), network size: 0, avg network size: 0, si_in_serializable: 0 0 %, local: 0 %
I1126 17:09:17.488289 1049149 Coordinator.h:126] commit: 174 abort: 169826 (0/169826/0), network size: 0, avg network size: 0, si_in_serializable: 0 0 %, local: 0 %
I1126 17:09:18.488395 1049149 Coordinator.h:126] commit: 183 abort: 170817 (0/170817/0), network size: 0, avg network size: 0, si_in_serializable: 0 0 %, local: 0 %
I1126 17:09:19.488492 1049149 Coordinator.h:126] commit: 184 abort: 169816 (0/169816/0), network size: 0, avg network size: 0, si_in_serializable: 0 0 %, local: 0 %
I1126 17:09:19.488530 1049149 Coordinator.h:152] average commit: 176.8 abort: 170323 (0/170323/0), network size: 0, avg network size: 0, si_in_serializable: 0 0 %, local: 0 %
I1126 17:09:19.488646 1049169 AriaExecutor.h:105] AriaExecutor 4 exits. 
I1126 17:09:19.488651 1049171 AriaExecutor.h:105] AriaExecutor 6 exits. 
I1126 17:09:19.488652 1049175 AriaExecutor.h:105] AriaExecutor 10 exits. 
I1126 17:09:19.488649 1049173 AriaExecutor.h:105] AriaExecutor 8 exits. 
I1126 17:09:19.488646 1049177 Manager.h:227] Manager(worker id = 12) on the coordinator node exits.
I1126 17:09:19.488663 1049176 AriaExecutor.h:105] AriaExecutor 11 exits. 
I1126 17:09:19.488660 1049167 AriaExecutor.h:105] AriaExecutor 2 exits. 
I1126 17:09:19.488665 1049174 AriaExecutor.h:105] AriaExecutor 9 exits. 
I1126 17:09:19.488648 1049165 AriaExecutor.h:105] AriaExecutor 0 exits. 
I1126 17:09:19.488667 1049168 AriaExecutor.h:105] AriaExecutor 3 exits. 
I1126 17:09:19.488538 1049149 AriaExecutor.h:672] Worker 0 latency: 5835 us (50%) 5870 us (75%) 5995 us (95%) 6097 us (99%).
I1126 17:09:19.488665 1049166 AriaExecutor.h:105] AriaExecutor 1 exits. 
I1126 17:09:19.488663 1049172 AriaExecutor.h:105] AriaExecutor 7 exits. 
I1126 17:09:19.488668 1049170 AriaExecutor.h:105] AriaExecutor 5 exits. 
I1126 17:09:19.488938 1049149 AriaExecutor.h:672] Worker 1 latency: 5834 us (50%) 5872 us (75%) 6000 us (95%) 6095 us (99%).
I1126 17:09:19.488965 1049149 AriaExecutor.h:672] Worker 2 latency: 5823 us (50%) 5860 us (75%) 6069 us (95%) 6069 us (99%).
I1126 17:09:19.488968 1049149 AriaExecutor.h:672] Worker 3 latency: 5842 us (50%) 5843 us (75%) 5928 us (95%) 5928 us (99%).
I1126 17:09:19.488971 1049149 AriaExecutor.h:672] Worker 4 latency: 5821 us (50%) 5845 us (75%) 6068 us (95%) 6068 us (99%).
I1126 17:09:19.489004 1049149 AriaExecutor.h:672] Worker 5 latency: 5858 us (50%) 5864 us (75%) 5864 us (95%) 5864 us (99%).
I1126 17:09:19.489022 1049149 AriaExecutor.h:672] Worker 6 latency: 0 us (50%) 0 us (75%) 0 us (95%) 0 us (99%).
I1126 17:09:19.489037 1049149 AriaExecutor.h:672] Worker 7 latency: 0 us (50%) 0 us (75%) 0 us (95%) 0 us (99%).
I1126 17:09:19.489053 1049149 AriaExecutor.h:672] Worker 8 latency: 5990 us (50%) 5990 us (75%) 5990 us (95%) 5990 us (99%).
I1126 17:09:19.489068 1049149 AriaExecutor.h:672] Worker 9 latency: 0 us (50%) 0 us (75%) 0 us (95%) 0 us (99%).
I1126 17:09:19.489080 1049149 AriaExecutor.h:672] Worker 10 latency: 5787 us (50%) 5787 us (75%) 5787 us (95%) 5787 us (99%).
I1126 17:09:19.489094 1049149 AriaExecutor.h:672] Worker 11 latency: 0 us (50%) 0 us (75%) 0 us (95%) 0 us (99%).
I1126 17:09:19.489112 1049149 Coordinator.h:177] total commit: 176.8
I1126 17:09:20.489219 1049149 Coordinator.h:192] Coordinator exits.
