I1126 13:47:29.924285 945470 Database.h:65] ycsb initialization finished in 30 milliseconds.
I1126 13:47:29.924378 945470 Coordinator.h:30] Coordinator initializes 12 workers.
I1126 13:47:29.996490 945470 Coordinator.h:77] Coordinator starts to run 13 workers.
I1126 13:47:29.996544 945486 AriaExecutor.h:82] AriaExecutor 0 started. 
I1126 13:47:29.996579 945487 AriaExecutor.h:82] AriaExecutor 1 started. 
I1126 13:47:29.996625 945488 AriaExecutor.h:82] AriaExecutor 2 started. 
I1126 13:47:29.996661 945489 AriaExecutor.h:82] AriaExecutor 3 started. 
I1126 13:47:29.996695 945490 AriaExecutor.h:82] AriaExecutor 4 started. 
I1126 13:47:29.996745 945491 AriaExecutor.h:82] AriaExecutor 5 started. 
I1126 13:47:29.996790 945492 AriaExecutor.h:82] AriaExecutor 6 started. 
I1126 13:47:29.996840 945493 AriaExecutor.h:82] AriaExecutor 7 started. 
I1126 13:47:29.996884 945494 AriaExecutor.h:82] AriaExecutor 8 started. 
I1126 13:47:29.996948 945495 AriaExecutor.h:82] AriaExecutor 9 started. 
I1126 13:47:29.996992 945496 AriaExecutor.h:82] AriaExecutor 10 started. 
I1126 13:47:29.997049 945497 AriaExecutor.h:82] AriaExecutor 11 started. 
I1126 13:47:29.997094 945498 Manager.h:224] Manager(worker id = 12) on the coordinator node started.
I1126 13:47:30.997160 945470 Coordinator.h:126] commit: 492 abort: 219508 (0/219508/0), network size: 0, avg network size: 0, si_in_serializable: 0 0 %, local: 0 %
I1126 13:47:31.997289 945470 Coordinator.h:126] commit: 537 abort: 229463 (0/229463/0), network size: 0, avg network size: 0, si_in_serializable: 0 0 %, local: 0 %
I1126 13:47:32.997423 945470 Coordinator.h:126] commit: 543 abort: 229457 (0/229457/0), network size: 0, avg network size: 0, si_in_serializable: 0 0 %, local: 0 %
I1126 13:47:33.997534 945470 Coordinator.h:126] commit: 542 abort: 239458 (0/239458/0), network size: 0, avg network size: 0, si_in_serializable: 0 0 %, local: 0 %
I1126 13:47:34.997635 945470 Coordinator.h:126] commit: 574 abort: 239426 (0/239426/0), network size: 0, avg network size: 0, si_in_serializable: 0 0 %, local: 0 %
I1126 13:47:35.997732 945470 Coordinator.h:126] commit: 538 abort: 229462 (0/229462/0), network size: 0, avg network size: 0, si_in_serializable: 0 0 %, local: 0 %
I1126 13:47:36.997853 945470 Coordinator.h:126] commit: 544 abort: 239456 (0/239456/0), network size: 0, avg network size: 0, si_in_serializable: 0 0 %, local: 0 %
I1126 13:47:37.997963 945470 Coordinator.h:126] commit: 548 abort: 239452 (0/239452/0), network size: 0, avg network size: 0, si_in_serializable: 0 0 %, local: 0 %
I1126 13:47:38.998062 945470 Coordinator.h:126] commit: 574 abort: 239426 (0/239426/0), network size: 0, avg network size: 0, si_in_serializable: 0 0 %, local: 0 %
I1126 13:47:39.998163 945470 Coordinator.h:126] commit: 586 abort: 239414 (0/239414/0), network size: 0, avg network size: 0, si_in_serializable: 0 0 %, local: 0 %
I1126 13:47:40.998266 945470 Coordinator.h:126] commit: 542 abort: 239458 (0/239458/0), network size: 0, avg network size: 0, si_in_serializable: 0 0 %, local: 0 %
I1126 13:47:41.998391 945470 Coordinator.h:126] commit: 565 abort: 239435 (0/239435/0), network size: 0, avg network size: 0, si_in_serializable: 0 0 %, local: 0 %
I1126 13:47:42.998499 945470 Coordinator.h:126] commit: 551 abort: 239449 (0/239449/0), network size: 0, avg network size: 0, si_in_serializable: 0 0 %, local: 0 %
I1126 13:47:43.998597 945470 Coordinator.h:126] commit: 545 abort: 239455 (0/239455/0), network size: 0, avg network size: 0, si_in_serializable: 0 0 %, local: 0 %
I1126 13:47:44.998698 945470 Coordinator.h:126] commit: 539 abort: 229461 (0/229461/0), network size: 0, avg network size: 0, si_in_serializable: 0 0 %, local: 0 %
I1126 13:47:45.998796 945470 Coordinator.h:126] commit: 540 abort: 239460 (0/239460/0), network size: 0, avg network size: 0, si_in_serializable: 0 0 %, local: 0 %
I1126 13:47:46.998893 945470 Coordinator.h:126] commit: 578 abort: 239422 (0/239422/0), network size: 0, avg network size: 0, si_in_serializable: 0 0 %, local: 0 %
I1126 13:47:47.998991 945470 Coordinator.h:126] commit: 559 abort: 239441 (0/239441/0), network size: 0, avg network size: 0, si_in_serializable: 0 0 %, local: 0 %
I1126 13:47:48.999094 945470 Coordinator.h:126] commit: 565 abort: 239435 (0/239435/0), network size: 0, avg network size: 0, si_in_serializable: 0 0 %, local: 0 %
I1126 13:47:49.999223 945470 Coordinator.h:126] commit: 566 abort: 239434 (0/239434/0), network size: 0, avg network size: 0, si_in_serializable: 0 0 %, local: 0 %
I1126 13:47:50.999327 945470 Coordinator.h:126] commit: 546 abort: 239454 (0/239454/0), network size: 0, avg network size: 0, si_in_serializable: 0 0 %, local: 0 %
I1126 13:47:51.999425 945470 Coordinator.h:126] commit: 555 abort: 229445 (0/229445/0), network size: 0, avg network size: 0, si_in_serializable: 0 0 %, local: 0 %
I1126 13:47:52.999524 945470 Coordinator.h:126] commit: 547 abort: 239453 (0/239453/0), network size: 0, avg network size: 0, si_in_serializable: 0 0 %, local: 0 %
I1126 13:47:53.999624 945470 Coordinator.h:126] commit: 574 abort: 239426 (0/239426/0), network size: 0, avg network size: 0, si_in_serializable: 0 0 %, local: 0 %
I1126 13:47:54.999724 945470 Coordinator.h:126] commit: 558 abort: 239442 (0/239442/0), network size: 0, avg network size: 0, si_in_serializable: 0 0 %, local: 0 %
I1126 13:47:54.999751 945470 Coordinator.h:152] average commit: 555 abort: 238445 (0/238445/0), network size: 0, avg network size: 0, si_in_serializable: 0 0 %, local: 0 %
I1126 13:47:54.999761 945470 AriaExecutor.h:535] Worker 0 latency: 41660 us (50%) 41879 us (75%) 43313 us (95%) 49890 us (99%).
I1126 13:47:55.014070 945488 AriaExecutor.h:94] AriaExecutor 2 exits. 
I1126 13:47:55.014072 945494 AriaExecutor.h:94] AriaExecutor 8 exits. 
I1126 13:47:55.014074 945498 Manager.h:227] Manager(worker id = 12) on the coordinator node exits.
I1126 13:47:55.014072 945490 AriaExecutor.h:94] AriaExecutor 4 exits. 
I1126 13:47:55.014084 945487 AriaExecutor.h:94] AriaExecutor 1 exits. 
I1126 13:47:55.014072 945496 AriaExecutor.h:94] AriaExecutor 10 exits. 
I1126 13:47:55.014073 945492 AriaExecutor.h:94] AriaExecutor 6 exits. 
I1126 13:47:55.014084 945493 AriaExecutor.h:94] AriaExecutor 7 exits. 
I1126 13:47:55.014086 945489 AriaExecutor.h:94] AriaExecutor 3 exits. 
I1126 13:47:55.014084 945497 AriaExecutor.h:94] AriaExecutor 11 exits. 
I1126 13:47:55.014084 945491 AriaExecutor.h:94] AriaExecutor 5 exits. 
I1126 13:47:55.014074 945486 AriaExecutor.h:94] AriaExecutor 0 exits. 
I1126 13:47:55.014084 945495 AriaExecutor.h:94] AriaExecutor 9 exits. 
I1126 13:47:55.014357 945470 AriaExecutor.h:535] Worker 1 latency: 41638 us (50%) 41869 us (75%) 43555 us (95%) 50531 us (99%).
I1126 13:47:55.014432 945470 AriaExecutor.h:535] Worker 2 latency: 41661 us (50%) 41862 us (75%) 43700 us (95%) 50682 us (99%).
I1126 13:47:55.014494 945470 AriaExecutor.h:535] Worker 3 latency: 41616 us (50%) 41845 us (75%) 43531 us (95%) 50057 us (99%).
I1126 13:47:55.014559 945470 AriaExecutor.h:535] Worker 4 latency: 41649 us (50%) 41861 us (75%) 43538 us (95%) 51055 us (99%).
I1126 13:47:55.014647 945470 AriaExecutor.h:535] Worker 5 latency: 41630 us (50%) 41857 us (75%) 43556 us (95%) 51213 us (99%).
I1126 13:47:55.014715 945470 AriaExecutor.h:535] Worker 6 latency: 41617 us (50%) 41829 us (75%) 43407 us (95%) 49930 us (99%).
I1126 13:47:55.014778 945470 AriaExecutor.h:535] Worker 7 latency: 41609 us (50%) 41853 us (75%) 43513 us (95%) 50629 us (99%).
I1126 13:47:55.014840 945470 AriaExecutor.h:535] Worker 8 latency: 41600 us (50%) 41802 us (75%) 42794 us (95%) 48632 us (99%).
I1126 13:47:55.014897 945470 AriaExecutor.h:535] Worker 9 latency: 41622 us (50%) 41857 us (75%) 43594 us (95%) 49846 us (99%).
I1126 13:47:55.014963 945470 AriaExecutor.h:535] Worker 10 latency: 41601 us (50%) 41830 us (75%) 43725 us (95%) 51004 us (99%).
I1126 13:47:55.015015 945470 AriaExecutor.h:535] Worker 11 latency: 41611 us (50%) 41835 us (75%) 43464 us (95%) 49899 us (99%).
I1126 13:47:55.015081 945470 Coordinator.h:177] total commit: 555
I1126 13:47:56.015185 945470 Coordinator.h:192] Coordinator exits.
