I1126 14:18:14.479396 963467 Database.h:65] ycsb initialization finished in 30 milliseconds.
I1126 14:18:14.479489 963467 Coordinator.h:30] Coordinator initializes 12 workers.
I1126 14:18:14.486311 963467 Coordinator.h:77] Coordinator starts to run 13 workers.
I1126 14:18:14.486366 963483 AriaExecutor.h:91] AriaExecutor 0 started. 
I1126 14:18:14.486393 963484 AriaExecutor.h:91] AriaExecutor 1 started. 
I1126 14:18:14.486435 963485 AriaExecutor.h:91] AriaExecutor 2 started. 
I1126 14:18:14.486474 963486 AriaExecutor.h:91] AriaExecutor 3 started. 
I1126 14:18:14.486508 963487 AriaExecutor.h:91] AriaExecutor 4 started. 
I1126 14:18:14.486557 963488 AriaExecutor.h:91] AriaExecutor 5 started. 
I1126 14:18:14.486606 963489 AriaExecutor.h:91] AriaExecutor 6 started. 
I1126 14:18:14.486657 963490 AriaExecutor.h:91] AriaExecutor 7 started. 
I1126 14:18:14.486711 963491 AriaExecutor.h:91] AriaExecutor 8 started. 
I1126 14:18:14.486768 963492 AriaExecutor.h:91] AriaExecutor 9 started. 
I1126 14:18:14.486809 963493 AriaExecutor.h:91] AriaExecutor 10 started. 
I1126 14:18:14.486872 963494 AriaExecutor.h:91] AriaExecutor 11 started. 
I1126 14:18:14.486912 963495 Manager.h:224] Manager(worker id = 12) on the coordinator node started.
I1126 14:18:15.486979 963467 Coordinator.h:126] commit: 765987 abort: 574013 (0/574013/0), network size: 0, avg network size: 0, si_in_serializable: 0 0 %, local: 0 %
I1126 14:18:16.487115 963467 Coordinator.h:126] commit: 759351 abort: 570649 (0/570649/0), network size: 0, avg network size: 0, si_in_serializable: 0 0 %, local: 0 %
I1126 14:18:17.487251 963467 Coordinator.h:126] commit: 771816 abort: 578184 (0/578184/0), network size: 0, avg network size: 0, si_in_serializable: 0 0 %, local: 0 %
I1126 14:18:18.487360 963467 Coordinator.h:126] commit: 772070 abort: 577930 (0/577930/0), network size: 0, avg network size: 0, si_in_serializable: 0 0 %, local: 0 %
I1126 14:18:19.487464 963467 Coordinator.h:126] commit: 765897 abort: 575561 (0/575561/0), network size: 0, avg network size: 0, si_in_serializable: 0 0 %, local: 0 %
I1126 14:18:20.487567 963467 Coordinator.h:126] commit: 770578 abort: 577964 (0/577964/0), network size: 0, avg network size: 0, si_in_serializable: 0 0 %, local: 0 %
I1126 14:18:21.487699 963467 Coordinator.h:126] commit: 764026 abort: 575974 (0/575974/0), network size: 0, avg network size: 0, si_in_serializable: 0 0 %, local: 0 %
I1126 14:18:22.487805 963467 Coordinator.h:126] commit: 776905 abort: 583095 (0/583095/0), network size: 0, avg network size: 0, si_in_serializable: 0 0 %, local: 0 %
I1126 14:18:23.487903 963467 Coordinator.h:126] commit: 758474 abort: 571526 (0/571526/0), network size: 0, avg network size: 0, si_in_serializable: 0 0 %, local: 0 %
I1126 14:18:24.487998 963467 Coordinator.h:126] commit: 772380 abort: 577620 (0/577620/0), network size: 0, avg network size: 0, si_in_serializable: 0 0 %, local: 0 %
I1126 14:18:25.488099 963467 Coordinator.h:126] commit: 776835 abort: 583165 (0/583165/0), network size: 0, avg network size: 0, si_in_serializable: 0 0 %, local: 0 %
I1126 14:18:26.488201 963467 Coordinator.h:126] commit: 772124 abort: 577876 (0/577876/0), network size: 0, avg network size: 0, si_in_serializable: 0 0 %, local: 0 %
I1126 14:18:27.488302 963467 Coordinator.h:126] commit: 770160 abort: 579840 (0/579840/0), network size: 0, avg network size: 0, si_in_serializable: 0 0 %, local: 0 %
I1126 14:18:28.488401 963467 Coordinator.h:126] commit: 765680 abort: 574320 (0/574320/0), network size: 0, avg network size: 0, si_in_serializable: 0 0 %, local: 0 %
I1126 14:18:29.488526 963467 Coordinator.h:126] commit: 771696 abort: 578304 (0/578304/0), network size: 0, avg network size: 0, si_in_serializable: 0 0 %, local: 0 %
I1126 14:18:30.488633 963467 Coordinator.h:126] commit: 773039 abort: 578105 (0/578105/0), network size: 0, avg network size: 0, si_in_serializable: 0 0 %, local: 0 %
I1126 14:18:31.488737 963467 Coordinator.h:126] commit: 747118 abort: 561738 (0/561738/0), network size: 0, avg network size: 0, si_in_serializable: 0 0 %, local: 0 %
I1126 14:18:32.488837 963467 Coordinator.h:126] commit: 771297 abort: 578703 (0/578703/0), network size: 0, avg network size: 0, si_in_serializable: 0 0 %, local: 0 %
I1126 14:18:33.488936 963467 Coordinator.h:126] commit: 776584 abort: 583416 (0/583416/0), network size: 0, avg network size: 0, si_in_serializable: 0 0 %, local: 0 %
I1126 14:18:34.489040 963467 Coordinator.h:126] commit: 771531 abort: 578469 (0/578469/0), network size: 0, avg network size: 0, si_in_serializable: 0 0 %, local: 0 %
I1126 14:18:35.489140 963467 Coordinator.h:126] commit: 772099 abort: 577901 (0/577901/0), network size: 0, avg network size: 0, si_in_serializable: 0 0 %, local: 0 %
I1126 14:18:36.489239 963467 Coordinator.h:126] commit: 774878 abort: 578620 (0/578620/0), network size: 0, avg network size: 0, si_in_serializable: 0 0 %, local: 0 %
I1126 14:18:37.489338 963467 Coordinator.h:126] commit: 774757 abort: 581745 (0/581745/0), network size: 0, avg network size: 0, si_in_serializable: 0 0 %, local: 0 %
I1126 14:18:38.489435 963467 Coordinator.h:126] commit: 770755 abort: 579245 (0/579245/0), network size: 0, avg network size: 0, si_in_serializable: 0 0 %, local: 0 %
I1126 14:18:39.489534 963467 Coordinator.h:126] commit: 776543 abort: 583457 (0/583457/0), network size: 0, avg network size: 0, si_in_serializable: 0 0 %, local: 0 %
I1126 14:18:39.489557 963467 Coordinator.h:152] average commit: 769606 abort: 577394 (0/577394/0), network size: 0, avg network size: 0, si_in_serializable: 0 0 %, local: 0 %
I1126 14:18:39.498572 963495 Manager.h:227] Manager(worker id = 12) on the coordinator node exits.
I1126 14:18:39.498574 963485 AriaExecutor.h:103] AriaExecutor 2 exits. 
I1126 14:18:39.498574 963483 AriaExecutor.h:103] AriaExecutor 0 exits. 
I1126 14:18:39.498579 963487 AriaExecutor.h:103] AriaExecutor 4 exits. 
I1126 14:18:39.498575 963493 AriaExecutor.h:103] AriaExecutor 10 exits. 
I1126 14:18:39.498579 963491 AriaExecutor.h:103] AriaExecutor 8 exits. 
I1126 14:18:39.498586 963488 AriaExecutor.h:103] AriaExecutor 5 exits. 
I1126 14:18:39.498574 963489 AriaExecutor.h:103] AriaExecutor 6 exits. 
I1126 14:18:39.498586 963486 AriaExecutor.h:103] AriaExecutor 3 exits. 
I1126 14:18:39.498585 963494 AriaExecutor.h:103] AriaExecutor 11 exits. 
I1126 14:18:39.498587 963490 AriaExecutor.h:103] AriaExecutor 7 exits. 
I1126 14:18:39.498585 963484 AriaExecutor.h:103] AriaExecutor 1 exits. 
I1126 14:18:39.498585 963492 AriaExecutor.h:103] AriaExecutor 9 exits. 
I1126 14:18:39.489570 963467 AriaExecutor.h:649] Worker 0 latency: 5953 us (50%) 6379 us (75%) 6645 us (95%) 6738 us (99%).
I1126 14:18:39.555716 963467 AriaExecutor.h:649] Worker 1 latency: 5947 us (50%) 6373 us (75%) 6643 us (95%) 6735 us (99%).
I1126 14:18:39.627136 963467 AriaExecutor.h:649] Worker 2 latency: 5965 us (50%) 6382 us (75%) 6643 us (95%) 6733 us (99%).
I1126 14:18:39.692325 963467 AriaExecutor.h:649] Worker 3 latency: 5952 us (50%) 6378 us (75%) 6644 us (95%) 6735 us (99%).
I1126 14:18:39.763549 963467 AriaExecutor.h:649] Worker 4 latency: 5951 us (50%) 6376 us (75%) 6643 us (95%) 6734 us (99%).
I1126 14:18:39.828179 963467 AriaExecutor.h:649] Worker 5 latency: 5949 us (50%) 6374 us (75%) 6642 us (95%) 6731 us (99%).
I1126 14:18:39.899252 963467 AriaExecutor.h:649] Worker 6 latency: 5964 us (50%) 6383 us (75%) 6645 us (95%) 6736 us (99%).
I1126 14:18:39.964113 963467 AriaExecutor.h:649] Worker 7 latency: 5948 us (50%) 6375 us (75%) 6644 us (95%) 6734 us (99%).
I1126 14:18:40.036514 963467 AriaExecutor.h:649] Worker 8 latency: 5959 us (50%) 6381 us (75%) 6645 us (95%) 6735 us (99%).
I1126 14:18:40.100445 963467 AriaExecutor.h:649] Worker 9 latency: 5952 us (50%) 6377 us (75%) 6643 us (95%) 6734 us (99%).
I1126 14:18:40.172473 963467 AriaExecutor.h:649] Worker 10 latency: 5963 us (50%) 6383 us (75%) 6644 us (95%) 6735 us (99%).
I1126 14:18:40.237861 963467 AriaExecutor.h:649] Worker 11 latency: 5952 us (50%) 6377 us (75%) 6643 us (95%) 6733 us (99%).
I1126 14:18:40.308806 963467 Coordinator.h:177] total commit: 769606
I1126 14:18:41.308915 963467 Coordinator.h:192] Coordinator exits.
