I0911 22:46:58.468055 2938879 Database.h:65] ycsb initialization finished in 146 milliseconds.
I0911 22:46:58.468171 2938879 Coordinator.h:30] Coordinator initializes 16 workers.
I0911 22:46:58.498766 2938879 Coordinator.h:77] Coordinator starts to run 17 workers.
I0911 22:46:58.498833 2938899 AriaExecutor.h:82] AriaExecutor 0 started. 
I0911 22:46:58.498869 2938900 AriaExecutor.h:82] AriaExecutor 1 started. 
I0911 22:46:58.498914 2938901 AriaExecutor.h:82] AriaExecutor 2 started. 
I0911 22:46:58.498960 2938902 AriaExecutor.h:82] AriaExecutor 3 started. 
I0911 22:46:58.498986 2938903 AriaExecutor.h:82] AriaExecutor 4 started. 
I0911 22:46:58.499029 2938904 AriaExecutor.h:82] AriaExecutor 5 started. 
I0911 22:46:58.499061 2938905 AriaExecutor.h:82] AriaExecutor 6 started. 
I0911 22:46:58.499109 2938906 AriaExecutor.h:82] AriaExecutor 7 started. 
I0911 22:46:58.499143 2938907 AriaExecutor.h:82] AriaExecutor 8 started. 
I0911 22:46:58.499193 2938908 AriaExecutor.h:82] AriaExecutor 9 started. 
I0911 22:46:58.499226 2938909 AriaExecutor.h:82] AriaExecutor 10 started. 
I0911 22:46:58.499271 2938910 AriaExecutor.h:82] AriaExecutor 11 started. 
I0911 22:46:58.499305 2938911 AriaExecutor.h:82] AriaExecutor 12 started. 
I0911 22:46:58.499351 2938912 AriaExecutor.h:82] AriaExecutor 13 started. 
I0911 22:46:58.499390 2938913 AriaExecutor.h:82] AriaExecutor 14 started. 
I0911 22:46:58.499433 2938914 AriaExecutor.h:82] AriaExecutor 15 started. 
I0911 22:46:58.499473 2938915 Manager.h:224] Manager(worker id = 16) on the coordinator node started.
I0911 22:46:59.499531 2938879 Coordinator.h:126] commit: 821551 abort: 296657 (0/296657/0), network size: 0, avg network size: 0, si_in_serializable: 0 0 %, local: 0 %
I0911 22:47:00.499640 2938879 Coordinator.h:126] commit: 815752 abort: 294264 (0/294264/0), network size: 0, avg network size: 0, si_in_serializable: 0 0 %, local: 0 %
I0911 22:47:01.499720 2938879 Coordinator.h:126] commit: 785888 abort: 283168 (0/283168/0), network size: 0, avg network size: 0, si_in_serializable: 0 0 %, local: 0 %
I0911 22:47:02.499799 2938879 Coordinator.h:126] commit: 791576 abort: 285672 (0/285672/0), network size: 0, avg network size: 0, si_in_serializable: 0 0 %, local: 0 %
I0911 22:47:03.499899 2938879 Coordinator.h:126] commit: 821063 abort: 297145 (0/297145/0), network size: 0, avg network size: 0, si_in_serializable: 0 0 %, local: 0 %
I0911 22:47:04.499985 2938879 Coordinator.h:126] commit: 818911 abort: 295201 (0/295201/0), network size: 0, avg network size: 0, si_in_serializable: 0 0 %, local: 0 %
I0911 22:47:05.500077 2938879 Coordinator.h:126] commit: 824533 abort: 297771 (0/297771/0), network size: 0, avg network size: 0, si_in_serializable: 0 0 %, local: 0 %
I0911 22:47:06.500165 2938879 Coordinator.h:126] commit: 824954 abort: 297350 (0/297350/0), network size: 0, avg network size: 0, si_in_serializable: 0 0 %, local: 0 %
I0911 22:47:07.500257 2938879 Coordinator.h:126] commit: 811767 abort: 294153 (0/294153/0), network size: 0, avg network size: 0, si_in_serializable: 0 0 %, local: 0 %
I0911 22:47:08.500337 2938879 Coordinator.h:126] commit: 803675 abort: 289957 (0/289957/0), network size: 0, avg network size: 0, si_in_serializable: 0 0 %, local: 0 %
I0911 22:47:09.500417 2938879 Coordinator.h:126] commit: 803480 abort: 290152 (0/290152/0), network size: 0, avg network size: 0, si_in_serializable: 0 0 %, local: 0 %
I0911 22:47:10.500505 2938879 Coordinator.h:126] commit: 810196 abort: 292686 (0/292686/0), network size: 0, avg network size: 0, si_in_serializable: 0 0 %, local: 0 %
I0911 22:47:11.500603 2938879 Coordinator.h:126] commit: 823693 abort: 297553 (0/297553/0), network size: 0, avg network size: 0, si_in_serializable: 0 0 %, local: 0 %
I0911 22:47:12.500681 2938879 Coordinator.h:126] commit: 825085 abort: 297219 (0/297219/0), network size: 0, avg network size: 0, si_in_serializable: 0 0 %, local: 0 %
I0911 22:47:13.500753 2938879 Coordinator.h:126] commit: 826848 abort: 299552 (0/299552/0), network size: 0, avg network size: 0, si_in_serializable: 0 0 %, local: 0 %
I0911 22:47:14.500830 2938879 Coordinator.h:126] commit: 824629 abort: 297675 (0/297675/0), network size: 0, avg network size: 0, si_in_serializable: 0 0 %, local: 0 %
I0911 22:47:15.500921 2938879 Coordinator.h:126] commit: 821421 abort: 296787 (0/296787/0), network size: 0, avg network size: 0, si_in_serializable: 0 0 %, local: 0 %
I0911 22:47:16.501015 2938879 Coordinator.h:126] commit: 823615 abort: 298689 (0/298689/0), network size: 0, avg network size: 0, si_in_serializable: 0 0 %, local: 0 %
I0911 22:47:17.501102 2938879 Coordinator.h:126] commit: 824243 abort: 298061 (0/298061/0), network size: 0, avg network size: 0, si_in_serializable: 0 0 %, local: 0 %
I0911 22:47:18.501187 2938879 Coordinator.h:126] commit: 827036 abort: 299364 (0/299364/0), network size: 0, avg network size: 0, si_in_serializable: 0 0 %, local: 0 %
I0911 22:47:19.501276 2938879 Coordinator.h:126] commit: 763572 abort: 276812 (0/276812/0), network size: 0, avg network size: 0, si_in_serializable: 0 0 %, local: 0 %
I0911 22:47:20.501374 2938879 Coordinator.h:126] commit: 809596 abort: 292228 (0/292228/0), network size: 0, avg network size: 0, si_in_serializable: 0 0 %, local: 0 %
I0911 22:47:21.501454 2938879 Coordinator.h:126] commit: 803660 abort: 289972 (0/289972/0), network size: 0, avg network size: 0, si_in_serializable: 0 0 %, local: 0 %
I0911 22:47:22.501551 2938879 Coordinator.h:126] commit: 824745 abort: 297559 (0/297559/0), network size: 0, avg network size: 0, si_in_serializable: 0 0 %, local: 0 %
I0911 22:47:23.501644 2938879 Coordinator.h:126] commit: 823277 abort: 299027 (0/299027/0), network size: 0, avg network size: 0, si_in_serializable: 0 0 %, local: 0 %
I0911 22:47:23.501665 2938879 Coordinator.h:152] average commit: 821025 abort: 296774 (0/296774/0), network size: 0, avg network size: 0, si_in_serializable: 0 0 %, local: 0 %
I0911 22:47:23.504235 2938913 AriaExecutor.h:94] AriaExecutor 14 exits. 
I0911 22:47:23.504235 2938899 AriaExecutor.h:94] AriaExecutor 0 exits. 
I0911 22:47:23.504249 2938914 AriaExecutor.h:94] AriaExecutor 15 exits. 
I0911 22:47:23.504237 2938903 AriaExecutor.h:94] AriaExecutor 4 exits. 
I0911 22:47:23.504235 2938909 AriaExecutor.h:94] AriaExecutor 10 exits. 
I0911 22:47:23.504248 2938907 AriaExecutor.h:94] AriaExecutor 8 exits. 
I0911 22:47:23.504267 2938908 AriaExecutor.h:94] AriaExecutor 9 exits. 
I0911 22:47:23.504240 2938915 Manager.h:227] Manager(worker id = 16) on the coordinator node exits.
I0911 22:47:23.504249 2938902 AriaExecutor.h:94] AriaExecutor 3 exits. 
I0911 22:47:23.504249 2938912 AriaExecutor.h:94] AriaExecutor 13 exits. 
I0911 22:47:23.504266 2938900 AriaExecutor.h:94] AriaExecutor 1 exits. 
I0911 22:47:23.504249 2938906 AriaExecutor.h:94] AriaExecutor 7 exits. 
I0911 22:47:23.504237 2938911 AriaExecutor.h:94] AriaExecutor 12 exits. 
I0911 22:47:23.504236 2938905 AriaExecutor.h:94] AriaExecutor 6 exits. 
I0911 22:47:23.504267 2938904 AriaExecutor.h:94] AriaExecutor 5 exits. 
I0911 22:47:23.504236 2938901 AriaExecutor.h:94] AriaExecutor 2 exits. 
I0911 22:47:23.504249 2938910 AriaExecutor.h:94] AriaExecutor 11 exits. 
I0911 22:47:23.501673 2938879 AriaExecutor.h:535] Worker 0 latency: 2450 us (50%) 3015 us (75%) 3410 us (95%) 3495 us (99%).
I0911 22:47:23.554090 2938879 AriaExecutor.h:535] Worker 1 latency: 2446 us (50%) 3012 us (75%) 3408 us (95%) 3493 us (99%).
I0911 22:47:23.606745 2938879 AriaExecutor.h:535] Worker 2 latency: 2460 us (50%) 3019 us (75%) 3410 us (95%) 3495 us (99%).
I0911 22:47:23.658565 2938879 AriaExecutor.h:535] Worker 3 latency: 2447 us (50%) 3013 us (75%) 3408 us (95%) 3492 us (99%).
I0911 22:47:23.711191 2938879 AriaExecutor.h:535] Worker 4 latency: 2453 us (50%) 3016 us (75%) 3410 us (95%) 3495 us (99%).
I0911 22:47:23.763139 2938879 AriaExecutor.h:535] Worker 5 latency: 2445 us (50%) 3012 us (75%) 3408 us (95%) 3494 us (99%).
I0911 22:47:23.815279 2938879 AriaExecutor.h:535] Worker 6 latency: 2463 us (50%) 3020 us (75%) 3411 us (95%) 3495 us (99%).
I0911 22:47:23.868148 2938879 AriaExecutor.h:535] Worker 7 latency: 2449 us (50%) 3014 us (75%) 3408 us (95%) 3493 us (99%).
I0911 22:47:23.920809 2938879 AriaExecutor.h:535] Worker 8 latency: 2452 us (50%) 3014 us (75%) 3408 us (95%) 3494 us (99%).
I0911 22:47:23.972599 2938879 AriaExecutor.h:535] Worker 9 latency: 2444 us (50%) 3010 us (75%) 3407 us (95%) 3493 us (99%).
I0911 22:47:24.025103 2938879 AriaExecutor.h:535] Worker 10 latency: 2460 us (50%) 3018 us (75%) 3410 us (95%) 3494 us (99%).
I0911 22:47:24.077227 2938879 AriaExecutor.h:535] Worker 11 latency: 2449 us (50%) 3012 us (75%) 3407 us (95%) 3492 us (99%).
I0911 22:47:24.131091 2938879 AriaExecutor.h:535] Worker 12 latency: 2456 us (50%) 3015 us (75%) 3409 us (95%) 3493 us (99%).
I0911 22:47:24.183584 2938879 AriaExecutor.h:535] Worker 13 latency: 2444 us (50%) 3010 us (75%) 3407 us (95%) 3493 us (99%).
I0911 22:47:24.237332 2938879 AriaExecutor.h:535] Worker 14 latency: 2464 us (50%) 3019 us (75%) 3410 us (95%) 3495 us (99%).
I0911 22:47:24.290580 2938879 AriaExecutor.h:535] Worker 15 latency: 2449 us (50%) 3012 us (75%) 3407 us (95%) 3492 us (99%).
I0911 22:47:24.343580 2938879 Coordinator.h:177] total commit: 821025
I0911 22:47:25.343698 2938879 Coordinator.h:192] Coordinator exits.
