I0911 22:24:10.278586 2934560 Database.h:65] ycsb initialization finished in 149 milliseconds.
I0911 22:24:10.278702 2934560 Coordinator.h:30] Coordinator initializes 16 workers.
I0911 22:24:10.286953 2934560 Coordinator.h:77] Coordinator starts to run 17 workers.
I0911 22:24:10.287014 2934580 AriaExecutor.h:82] AriaExecutor 0 started. 
I0911 22:24:10.287050 2934581 AriaExecutor.h:82] AriaExecutor 1 started. 
I0911 22:24:10.287086 2934582 AriaExecutor.h:82] AriaExecutor 2 started. 
I0911 22:24:10.287143 2934583 AriaExecutor.h:82] AriaExecutor 3 started. 
I0911 22:24:10.287168 2934584 AriaExecutor.h:82] AriaExecutor 4 started. 
I0911 22:24:10.287210 2934585 AriaExecutor.h:82] AriaExecutor 5 started. 
I0911 22:24:10.287250 2934586 AriaExecutor.h:82] AriaExecutor 6 started. 
I0911 22:24:10.287297 2934587 AriaExecutor.h:82] AriaExecutor 7 started. 
I0911 22:24:10.287331 2934588 AriaExecutor.h:82] AriaExecutor 8 started. 
I0911 22:24:10.287372 2934589 AriaExecutor.h:82] AriaExecutor 9 started. 
I0911 22:24:10.287407 2934590 AriaExecutor.h:82] AriaExecutor 10 started. 
I0911 22:24:10.287451 2934591 AriaExecutor.h:82] AriaExecutor 11 started. 
I0911 22:24:10.287497 2934592 AriaExecutor.h:82] AriaExecutor 12 started. 
I0911 22:24:10.287540 2934593 AriaExecutor.h:82] AriaExecutor 13 started. 
I0911 22:24:10.287572 2934594 AriaExecutor.h:82] AriaExecutor 14 started. 
I0911 22:24:10.287616 2934595 AriaExecutor.h:82] AriaExecutor 15 started. 
I0911 22:24:10.287653 2934596 Manager.h:224] Manager(worker id = 16) on the coordinator node started.
I0911 22:24:11.287704 2934560 Coordinator.h:126] commit: 1110706 abort: 7502 (0/7502/0), network size: 0, avg network size: 0, si_in_serializable: 0 0 %, local: 0 %
I0911 22:24:12.287811 2934560 Coordinator.h:126] commit: 1100697 abort: 7271 (0/7271/0), network size: 0, avg network size: 0, si_in_serializable: 0 0 %, local: 0 %
I0911 22:24:13.287884 2934560 Coordinator.h:126] commit: 1069940 abort: 7308 (0/7308/0), network size: 0, avg network size: 0, si_in_serializable: 0 0 %, local: 0 %
I0911 22:24:14.287958 2934560 Coordinator.h:126] commit: 1076151 abort: 7241 (0/7241/0), network size: 0, avg network size: 0, si_in_serializable: 0 0 %, local: 0 %
I0911 22:24:15.288054 2934560 Coordinator.h:126] commit: 1114902 abort: 7402 (0/7402/0), network size: 0, avg network size: 0, si_in_serializable: 0 0 %, local: 0 %
I0911 22:24:16.288133 2934560 Coordinator.h:126] commit: 1123004 abort: 7492 (0/7492/0), network size: 0, avg network size: 0, si_in_serializable: 0 0 %, local: 0 %
I0911 22:24:17.288203 2934560 Coordinator.h:126] commit: 1123037 abort: 7459 (0/7459/0), network size: 0, avg network size: 0, si_in_serializable: 0 0 %, local: 0 %
I0911 22:24:18.288275 2934560 Coordinator.h:126] commit: 1099487 abort: 7457 (0/7457/0), network size: 0, avg network size: 0, si_in_serializable: 0 0 %, local: 0 %
I0911 22:24:19.288349 2934560 Coordinator.h:126] commit: 1099508 abort: 7436 (0/7436/0), network size: 0, avg network size: 0, si_in_serializable: 0 0 %, local: 0 %
I0911 22:24:20.288424 2934560 Coordinator.h:126] commit: 1089381 abort: 7323 (0/7323/0), network size: 0, avg network size: 0, si_in_serializable: 0 0 %, local: 0 %
I0911 22:24:21.288502 2934560 Coordinator.h:126] commit: 1106754 abort: 7359 (0/7359/0), network size: 0, avg network size: 0, si_in_serializable: 0 0 %, local: 0 %
I0911 22:24:22.288570 2934560 Coordinator.h:126] commit: 1120939 abort: 7508 (0/7508/0), network size: 0, avg network size: 0, si_in_serializable: 0 0 %, local: 0 %
I0911 22:24:23.288661 2934560 Coordinator.h:126] commit: 1120876 abort: 7572 (0/7572/0), network size: 0, avg network size: 0, si_in_serializable: 0 0 %, local: 0 %
I0911 22:24:24.288735 2934560 Coordinator.h:126] commit: 1118795 abort: 7605 (0/7605/0), network size: 0, avg network size: 0, si_in_serializable: 0 0 %, local: 0 %
I0911 22:24:25.288803 2934560 Coordinator.h:126] commit: 1122046 abort: 7426 (0/7426/0), network size: 0, avg network size: 0, si_in_serializable: 0 0 %, local: 0 %
I0911 22:24:26.288872 2934560 Coordinator.h:126] commit: 1068100 abort: 7100 (0/7100/0), network size: 0, avg network size: 0, si_in_serializable: 0 0 %, local: 0 %
I0911 22:24:27.288945 2934560 Coordinator.h:126] commit: 1121942 abort: 7530 (0/7530/0), network size: 0, avg network size: 0, si_in_serializable: 0 0 %, local: 0 %
I0911 22:24:28.289019 2934560 Coordinator.h:126] commit: 1119915 abort: 7509 (0/7509/0), network size: 0, avg network size: 0, si_in_serializable: 0 0 %, local: 0 %
I0911 22:24:29.289093 2934560 Coordinator.h:126] commit: 1120944 abort: 7504 (0/7504/0), network size: 0, avg network size: 0, si_in_serializable: 0 0 %, local: 0 %
I0911 22:24:30.289166 2934560 Coordinator.h:126] commit: 1113844 abort: 7436 (0/7436/0), network size: 0, avg network size: 0, si_in_serializable: 0 0 %, local: 0 %
I0911 22:24:31.289238 2934560 Coordinator.h:126] commit: 1096383 abort: 7489 (0/7489/0), network size: 0, avg network size: 0, si_in_serializable: 0 0 %, local: 0 %
I0911 22:24:32.289309 2934560 Coordinator.h:126] commit: 1119895 abort: 7529 (0/7529/0), network size: 0, avg network size: 0, si_in_serializable: 0 0 %, local: 0 %
I0911 22:24:33.289378 2934560 Coordinator.h:126] commit: 1103698 abort: 7342 (0/7342/0), network size: 0, avg network size: 0, si_in_serializable: 0 0 %, local: 0 %
I0911 22:24:34.289471 2934560 Coordinator.h:126] commit: 1116925 abort: 7427 (0/7427/0), network size: 0, avg network size: 0, si_in_serializable: 0 0 %, local: 0 %
I0911 22:24:35.289553 2934560 Coordinator.h:126] commit: 1119745 abort: 7611 (0/7611/0), network size: 0, avg network size: 0, si_in_serializable: 0 0 %, local: 0 %
I0911 22:24:35.289565 2934560 Coordinator.h:152] average commit: 1.11342e+06 abort: 7454.9 (0/7454.9/0), network size: 0, avg network size: 0, si_in_serializable: 0 0 %, local: 0 %
I0911 22:24:35.290482 2934596 Manager.h:227] Manager(worker id = 16) on the coordinator node exits.
I0911 22:24:35.290486 2934592 AriaExecutor.h:94] AriaExecutor 12 exits. 
I0911 22:24:35.290498 2934590 AriaExecutor.h:94] AriaExecutor 10 exits. 
I0911 22:24:35.290484 2934580 AriaExecutor.h:94] AriaExecutor 0 exits. 
I0911 22:24:35.290489 2934584 AriaExecutor.h:94] AriaExecutor 4 exits. 
I0911 22:24:35.290509 2934587 AriaExecutor.h:94] AriaExecutor 7 exits. 
I0911 22:24:35.290524 2934589 AriaExecutor.h:94] AriaExecutor 9 exits. 
I0911 22:24:35.290510 2934591 AriaExecutor.h:94] AriaExecutor 11 exits. 
I0911 22:24:35.290498 2934588 AriaExecutor.h:94] AriaExecutor 8 exits. 
I0911 22:24:35.290520 2934586 AriaExecutor.h:94] AriaExecutor 6 exits. 
I0911 22:24:35.290496 2934594 AriaExecutor.h:94] AriaExecutor 14 exits. 
I0911 22:24:35.290509 2934583 AriaExecutor.h:94] AriaExecutor 3 exits. 
I0911 22:24:35.290511 2934585 AriaExecutor.h:94] AriaExecutor 5 exits. 
I0911 22:24:35.290508 2934595 AriaExecutor.h:94] AriaExecutor 15 exits. 
I0911 22:24:35.290509 2934581 AriaExecutor.h:94] AriaExecutor 1 exits. 
I0911 22:24:35.290488 2934582 AriaExecutor.h:94] AriaExecutor 2 exits. 
I0911 22:24:35.290527 2934593 AriaExecutor.h:94] AriaExecutor 13 exits. 
I0911 22:24:35.289574 2934560 AriaExecutor.h:535] Worker 0 latency: 566 us (50%) 716 us (75%) 836 us (95%) 865 us (99%).
I0911 22:24:35.354986 2934560 AriaExecutor.h:535] Worker 1 latency: 566 us (50%) 715 us (75%) 836 us (95%) 864 us (99%).
I0911 22:24:35.420989 2934560 AriaExecutor.h:535] Worker 2 latency: 570 us (50%) 718 us (75%) 837 us (95%) 865 us (99%).
I0911 22:24:35.485092 2934560 AriaExecutor.h:535] Worker 3 latency: 567 us (50%) 715 us (75%) 836 us (95%) 864 us (99%).
I0911 22:24:35.551712 2934560 AriaExecutor.h:535] Worker 4 latency: 568 us (50%) 717 us (75%) 837 us (95%) 865 us (99%).
I0911 22:24:35.616923 2934560 AriaExecutor.h:535] Worker 5 latency: 565 us (50%) 715 us (75%) 836 us (95%) 864 us (99%).
I0911 22:24:35.683004 2934560 AriaExecutor.h:535] Worker 6 latency: 569 us (50%) 718 us (75%) 837 us (95%) 865 us (99%).
I0911 22:24:35.749402 2934560 AriaExecutor.h:535] Worker 7 latency: 567 us (50%) 716 us (75%) 836 us (95%) 864 us (99%).
I0911 22:24:35.814878 2934560 AriaExecutor.h:535] Worker 8 latency: 566 us (50%) 716 us (75%) 836 us (95%) 865 us (99%).
I0911 22:24:35.880288 2934560 AriaExecutor.h:535] Worker 9 latency: 565 us (50%) 715 us (75%) 836 us (95%) 864 us (99%).
I0911 22:24:35.945650 2934560 AriaExecutor.h:535] Worker 10 latency: 569 us (50%) 717 us (75%) 837 us (95%) 865 us (99%).
I0911 22:24:36.010983 2934560 AriaExecutor.h:535] Worker 11 latency: 566 us (50%) 715 us (75%) 836 us (95%) 864 us (99%).
I0911 22:24:36.077195 2934560 AriaExecutor.h:535] Worker 12 latency: 567 us (50%) 716 us (75%) 837 us (95%) 865 us (99%).
I0911 22:24:36.142686 2934560 AriaExecutor.h:535] Worker 13 latency: 564 us (50%) 714 us (75%) 836 us (95%) 864 us (99%).
I0911 22:24:36.209453 2934560 AriaExecutor.h:535] Worker 14 latency: 569 us (50%) 717 us (75%) 837 us (95%) 865 us (99%).
I0911 22:24:36.274466 2934560 AriaExecutor.h:535] Worker 15 latency: 566 us (50%) 715 us (75%) 836 us (95%) 864 us (99%).
I0911 22:24:36.339509 2934560 Coordinator.h:177] total commit: 1.11342e+06
I0911 22:24:37.339628 2934560 Coordinator.h:192] Coordinator exits.
