I1126 15:31:30.910075 1008608 Database.h:65] ycsb initialization finished in 30 milliseconds.
I1126 15:31:30.910173 1008608 Coordinator.h:30] Coordinator initializes 12 workers.
I1126 15:31:30.917224 1008608 Coordinator.h:77] Coordinator starts to run 13 workers.
I1126 15:31:30.917276 1008624 AriaExecutor.h:95] AriaExecutor 0 started. 
I1126 15:31:30.917305 1008625 AriaExecutor.h:95] AriaExecutor 1 started. 
I1126 15:31:30.917349 1008626 AriaExecutor.h:95] AriaExecutor 2 started. 
I1126 15:31:30.917397 1008627 AriaExecutor.h:95] AriaExecutor 3 started. 
I1126 15:31:30.917477 1008629 AriaExecutor.h:95] AriaExecutor 5 started. 
I1126 15:31:30.917524 1008630 AriaExecutor.h:95] AriaExecutor 6 started. 
I1126 15:31:30.917560 1008631 AriaExecutor.h:95] AriaExecutor 7 started. 
I1126 15:31:30.917606 1008632 AriaExecutor.h:95] AriaExecutor 8 started. 
I1126 15:31:30.917646 1008633 AriaExecutor.h:95] AriaExecutor 9 started. 
I1126 15:31:30.917681 1008634 AriaExecutor.h:95] AriaExecutor 10 started. 
I1126 15:31:30.917732 1008635 AriaExecutor.h:95] AriaExecutor 11 started. 
I1126 15:31:30.917762 1008628 AriaExecutor.h:95] AriaExecutor 4 started. 
I1126 15:31:30.917765 1008636 Manager.h:224] Manager(worker id = 12) on the coordinator node started.
I1126 15:31:31.917837 1008608 Coordinator.h:126] commit: 1473782 abort: 456218 (0/456218/0), network size: 0, avg network size: 0, si_in_serializable: 0 0 %, local: 0 %
I1126 15:31:32.917961 1008608 Coordinator.h:126] commit: 1466632 abort: 453368 (0/453368/0), network size: 0, avg network size: 0, si_in_serializable: 0 0 %, local: 0 %
I1126 15:31:33.918080 1008608 Coordinator.h:126] commit: 1474343 abort: 455657 (0/455657/0), network size: 0, avg network size: 0, si_in_serializable: 0 0 %, local: 0 %
I1126 15:31:34.918186 1008608 Coordinator.h:126] commit: 1490605 abort: 459395 (0/459395/0), network size: 0, avg network size: 0, si_in_serializable: 0 0 %, local: 0 %
I1126 15:31:35.918275 1008608 Coordinator.h:126] commit: 1471760 abort: 452206 (0/452206/0), network size: 0, avg network size: 0, si_in_serializable: 0 0 %, local: 0 %
I1126 15:31:36.918385 1008608 Coordinator.h:126] commit: 1486374 abort: 459660 (0/459660/0), network size: 0, avg network size: 0, si_in_serializable: 0 0 %, local: 0 %
I1126 15:31:37.918478 1008608 Coordinator.h:126] commit: 1473731 abort: 456269 (0/456269/0), network size: 0, avg network size: 0, si_in_serializable: 0 0 %, local: 0 %
I1126 15:31:38.918589 1008608 Coordinator.h:126] commit: 1489113 abort: 460887 (0/460887/0), network size: 0, avg network size: 0, si_in_serializable: 0 0 %, local: 0 %
I1126 15:31:39.918717 1008608 Coordinator.h:126] commit: 1436222 abort: 443778 (0/443778/0), network size: 0, avg network size: 0, si_in_serializable: 0 0 %, local: 0 %
I1126 15:31:40.918834 1008608 Coordinator.h:126] commit: 1482607 abort: 457393 (0/457393/0), network size: 0, avg network size: 0, si_in_serializable: 0 0 %, local: 0 %
I1126 15:31:41.918948 1008608 Coordinator.h:126] commit: 1490349 abort: 459651 (0/459651/0), network size: 0, avg network size: 0, si_in_serializable: 0 0 %, local: 0 %
I1126 15:31:42.919054 1008608 Coordinator.h:126] commit: 1482878 abort: 457122 (0/457122/0), network size: 0, avg network size: 0, si_in_serializable: 0 0 %, local: 0 %
I1126 15:31:43.919153 1008608 Coordinator.h:126] commit: 1491159 abort: 458841 (0/458841/0), network size: 0, avg network size: 0, si_in_serializable: 0 0 %, local: 0 %
I1126 15:31:44.919257 1008608 Coordinator.h:126] commit: 1489631 abort: 460369 (0/460369/0), network size: 0, avg network size: 0, si_in_serializable: 0 0 %, local: 0 %
I1126 15:31:45.919373 1008608 Coordinator.h:126] commit: 1458976 abort: 451024 (0/451024/0), network size: 0, avg network size: 0, si_in_serializable: 0 0 %, local: 0 %
I1126 15:31:46.919489 1008608 Coordinator.h:126] commit: 1489912 abort: 460088 (0/460088/0), network size: 0, avg network size: 0, si_in_serializable: 0 0 %, local: 0 %
I1126 15:31:47.919579 1008608 Coordinator.h:126] commit: 1481954 abort: 457894 (0/457894/0), network size: 0, avg network size: 0, si_in_serializable: 0 0 %, local: 0 %
I1126 15:31:48.919672 1008608 Coordinator.h:126] commit: 1338150 abort: 412002 (0/412002/0), network size: 0, avg network size: 0, si_in_serializable: 0 0 %, local: 0 %
I1126 15:31:49.919754 1008608 Coordinator.h:126] commit: 1489691 abort: 460309 (0/460309/0), network size: 0, avg network size: 0, si_in_serializable: 0 0 %, local: 0 %
I1126 15:31:50.919845 1008608 Coordinator.h:126] commit: 1482040 abort: 457960 (0/457960/0), network size: 0, avg network size: 0, si_in_serializable: 0 0 %, local: 0 %
I1126 15:31:51.919950 1008608 Coordinator.h:126] commit: 1490466 abort: 459534 (0/459534/0), network size: 0, avg network size: 0, si_in_serializable: 0 0 %, local: 0 %
I1126 15:31:52.920039 1008608 Coordinator.h:126] commit: 1483184 abort: 456816 (0/456816/0), network size: 0, avg network size: 0, si_in_serializable: 0 0 %, local: 0 %
I1126 15:31:53.920141 1008608 Coordinator.h:126] commit: 1488947 abort: 461053 (0/461053/0), network size: 0, avg network size: 0, si_in_serializable: 0 0 %, local: 0 %
I1126 15:31:54.920229 1008608 Coordinator.h:126] commit: 1490253 abort: 459747 (0/459747/0), network size: 0, avg network size: 0, si_in_serializable: 0 0 %, local: 0 %
I1126 15:31:55.920336 1008608 Coordinator.h:126] commit: 1483013 abort: 456987 (0/456987/0), network size: 0, avg network size: 0, si_in_serializable: 0 0 %, local: 0 %
I1126 15:31:55.920372 1008608 Coordinator.h:152] average commit: 1.46947e+06 abort: 453526 (0/453526/0), network size: 0, avg network size: 0, si_in_serializable: 0 0 %, local: 0 %
I1126 15:31:55.920838 1008636 Manager.h:227] Manager(worker id = 12) on the coordinator node exits.
I1126 15:31:55.920843 1008632 AriaExecutor.h:107] AriaExecutor 8 exits. 
I1126 15:31:55.920836 1008630 AriaExecutor.h:107] AriaExecutor 6 exits. 
I1126 15:31:55.920848 1008625 AriaExecutor.h:107] AriaExecutor 1 exits. 
I1126 15:31:55.920840 1008628 AriaExecutor.h:107] AriaExecutor 4 exits. 
I1126 15:31:55.920840 1008634 AriaExecutor.h:107] AriaExecutor 10 exits. 
I1126 15:31:55.920840 1008626 AriaExecutor.h:107] AriaExecutor 2 exits. 
I1126 15:31:55.920838 1008624 AriaExecutor.h:107] AriaExecutor 0 exits. 
I1126 15:31:55.920850 1008627 AriaExecutor.h:107] AriaExecutor 3 exits. 
I1126 15:31:55.920850 1008635 AriaExecutor.h:107] AriaExecutor 11 exits. 
I1126 15:31:55.920850 1008633 AriaExecutor.h:107] AriaExecutor 9 exits. 
I1126 15:31:55.920850 1008629 AriaExecutor.h:107] AriaExecutor 5 exits. 
I1126 15:31:55.920850 1008631 AriaExecutor.h:107] AriaExecutor 7 exits. 
I1126 15:31:55.920380 1008608 AriaExecutor.h:705] Worker 0 latency: 3703 us (50%) 4198 us (75%) 4554 us (95%) 4646 us (99%).
I1126 15:31:56.038767 1008608 AriaExecutor.h:705] Worker 1 latency: 3707 us (50%) 4200 us (75%) 4552 us (95%) 4644 us (99%).
I1126 15:31:56.157210 1008608 AriaExecutor.h:705] Worker 2 latency: 3720 us (50%) 4205 us (75%) 4552 us (95%) 4643 us (99%).
I1126 15:31:56.272626 1008608 AriaExecutor.h:705] Worker 3 latency: 3710 us (50%) 4202 us (75%) 4552 us (95%) 4644 us (99%).
I1126 15:31:56.392094 1008608 AriaExecutor.h:705] Worker 4 latency: 3713 us (50%) 4202 us (75%) 4554 us (95%) 4645 us (99%).
I1126 15:31:56.508864 1008608 AriaExecutor.h:705] Worker 5 latency: 3711 us (50%) 4203 us (75%) 4553 us (95%) 4644 us (99%).
I1126 15:31:56.625315 1008608 AriaExecutor.h:705] Worker 6 latency: 3722 us (50%) 4207 us (75%) 4554 us (95%) 4644 us (99%).
I1126 15:31:56.741864 1008608 AriaExecutor.h:705] Worker 7 latency: 3711 us (50%) 4204 us (75%) 4553 us (95%) 4644 us (99%).
I1126 15:31:56.861344 1008608 AriaExecutor.h:705] Worker 8 latency: 3713 us (50%) 4205 us (75%) 4556 us (95%) 4648 us (99%).
I1126 15:31:56.978256 1008608 AriaExecutor.h:705] Worker 9 latency: 3711 us (50%) 4203 us (75%) 4553 us (95%) 4645 us (99%).
I1126 15:31:57.097231 1008608 AriaExecutor.h:705] Worker 10 latency: 3716 us (50%) 4205 us (75%) 4554 us (95%) 4645 us (99%).
I1126 15:31:57.212365 1008608 AriaExecutor.h:705] Worker 11 latency: 3712 us (50%) 4204 us (75%) 4553 us (95%) 4644 us (99%).
I1126 15:31:57.330071 1008608 Coordinator.h:177] total commit: 1.46947e+06
I1126 15:31:58.330180 1008608 Coordinator.h:192] Coordinator exits.
