I0911 22:52:25.174867 2939963 Database.h:65] ycsb initialization finished in 198 milliseconds.
I0911 22:52:25.174984 2939963 Coordinator.h:30] Coordinator initializes 16 workers.
I0911 22:52:25.207437 2939963 Coordinator.h:77] Coordinator starts to run 17 workers.
I0911 22:52:25.207497 2939984 AriaExecutor.h:82] AriaExecutor 0 started. 
I0911 22:52:25.207537 2939985 AriaExecutor.h:82] AriaExecutor 1 started. 
I0911 22:52:25.207577 2939986 AriaExecutor.h:82] AriaExecutor 2 started. 
I0911 22:52:25.207635 2939987 AriaExecutor.h:82] AriaExecutor 3 started. 
I0911 22:52:25.207664 2939988 AriaExecutor.h:82] AriaExecutor 4 started. 
I0911 22:52:25.207710 2939989 AriaExecutor.h:82] AriaExecutor 5 started. 
I0911 22:52:25.207747 2939990 AriaExecutor.h:82] AriaExecutor 6 started. 
I0911 22:52:25.207794 2939991 AriaExecutor.h:82] AriaExecutor 7 started. 
I0911 22:52:25.207827 2939992 AriaExecutor.h:82] AriaExecutor 8 started. 
I0911 22:52:25.207878 2939993 AriaExecutor.h:82] AriaExecutor 9 started. 
I0911 22:52:25.207912 2939994 AriaExecutor.h:82] AriaExecutor 10 started. 
I0911 22:52:25.207957 2939995 AriaExecutor.h:82] AriaExecutor 11 started. 
I0911 22:52:25.207990 2939996 AriaExecutor.h:82] AriaExecutor 12 started. 
I0911 22:52:25.208034 2939997 AriaExecutor.h:82] AriaExecutor 13 started. 
I0911 22:52:25.208068 2939998 AriaExecutor.h:82] AriaExecutor 14 started. 
I0911 22:52:25.208108 2939999 AriaExecutor.h:82] AriaExecutor 15 started. 
I0911 22:52:25.208153 2940000 Manager.h:224] Manager(worker id = 16) on the coordinator node started.
I0911 22:52:26.208220 2939963 Coordinator.h:126] commit: 3296 abort: 213792 (0/213792/0), network size: 0, avg network size: 0, si_in_serializable: 0 0 %, local: 0 %
I0911 22:52:27.208406 2939963 Coordinator.h:126] commit: 3647 abort: 233921 (0/233921/0), network size: 0, avg network size: 0, si_in_serializable: 0 0 %, local: 0 %
I0911 22:52:28.208499 2939963 Coordinator.h:126] commit: 3468 abort: 225908 (0/225908/0), network size: 0, avg network size: 0, si_in_serializable: 0 0 %, local: 0 %
I0911 22:52:29.208592 2939963 Coordinator.h:126] commit: 3472 abort: 221808 (0/221808/0), network size: 0, avg network size: 0, si_in_serializable: 0 0 %, local: 0 %
I0911 22:52:30.208719 2939963 Coordinator.h:126] commit: 3657 abort: 238007 (0/238007/0), network size: 0, avg network size: 0, si_in_serializable: 0 0 %, local: 0 %
I0911 22:52:31.208810 2939963 Coordinator.h:126] commit: 3590 abort: 233978 (0/233978/0), network size: 0, avg network size: 0, si_in_serializable: 0 0 %, local: 0 %
I0911 22:52:32.208894 2939963 Coordinator.h:126] commit: 3706 abort: 237958 (0/237958/0), network size: 0, avg network size: 0, si_in_serializable: 0 0 %, local: 0 %
I0911 22:52:33.208953 2939963 Coordinator.h:126] commit: 3744 abort: 242016 (0/242016/0), network size: 0, avg network size: 0, si_in_serializable: 0 0 %, local: 0 %
I0911 22:52:34.209064 2939963 Coordinator.h:126] commit: 3666 abort: 242094 (0/242094/0), network size: 0, avg network size: 0, si_in_serializable: 0 0 %, local: 0 %
I0911 22:52:35.209167 2939963 Coordinator.h:126] commit: 3681 abort: 233887 (0/233887/0), network size: 0, avg network size: 0, si_in_serializable: 0 0 %, local: 0 %
I0911 22:52:36.209262 2939963 Coordinator.h:126] commit: 3696 abort: 242064 (0/242064/0), network size: 0, avg network size: 0, si_in_serializable: 0 0 %, local: 0 %
I0911 22:52:37.209350 2939963 Coordinator.h:126] commit: 3583 abort: 233985 (0/233985/0), network size: 0, avg network size: 0, si_in_serializable: 0 0 %, local: 0 %
I0911 22:52:38.209430 2939963 Coordinator.h:126] commit: 3826 abort: 241934 (0/241934/0), network size: 0, avg network size: 0, si_in_serializable: 0 0 %, local: 0 %
I0911 22:52:39.209550 2939963 Coordinator.h:126] commit: 3845 abort: 241915 (0/241915/0), network size: 0, avg network size: 0, si_in_serializable: 0 0 %, local: 0 %
I0911 22:52:40.209638 2939963 Coordinator.h:126] commit: 3740 abort: 242020 (0/242020/0), network size: 0, avg network size: 0, si_in_serializable: 0 0 %, local: 0 %
I0911 22:52:41.209723 2939963 Coordinator.h:126] commit: 3697 abort: 242063 (0/242063/0), network size: 0, avg network size: 0, si_in_serializable: 0 0 %, local: 0 %
I0911 22:52:42.209808 2939963 Coordinator.h:126] commit: 3855 abort: 246001 (0/246001/0), network size: 0, avg network size: 0, si_in_serializable: 0 0 %, local: 0 %
I0911 22:52:43.209895 2939963 Coordinator.h:126] commit: 3789 abort: 241971 (0/241971/0), network size: 0, avg network size: 0, si_in_serializable: 0 0 %, local: 0 %
I0911 22:52:44.209990 2939963 Coordinator.h:126] commit: 3724 abort: 242036 (0/242036/0), network size: 0, avg network size: 0, si_in_serializable: 0 0 %, local: 0 %
I0911 22:52:45.210085 2939963 Coordinator.h:126] commit: 3767 abort: 241993 (0/241993/0), network size: 0, avg network size: 0, si_in_serializable: 0 0 %, local: 0 %
I0911 22:52:46.210157 2939963 Coordinator.h:126] commit: 3674 abort: 242086 (0/242086/0), network size: 0, avg network size: 0, si_in_serializable: 0 0 %, local: 0 %
I0911 22:52:47.210227 2939963 Coordinator.h:126] commit: 3675 abort: 242085 (0/242085/0), network size: 0, avg network size: 0, si_in_serializable: 0 0 %, local: 0 %
I0911 22:52:48.210294 2939963 Coordinator.h:126] commit: 3763 abort: 241997 (0/241997/0), network size: 0, avg network size: 0, si_in_serializable: 0 0 %, local: 0 %
I0911 22:52:49.210361 2939963 Coordinator.h:126] commit: 3807 abort: 241953 (0/241953/0), network size: 0, avg network size: 0, si_in_serializable: 0 0 %, local: 0 %
I0911 22:52:50.210428 2939963 Coordinator.h:126] commit: 3861 abort: 245995 (0/245995/0), network size: 0, avg network size: 0, si_in_serializable: 0 0 %, local: 0 %
I0911 22:52:50.210443 2939963 Coordinator.h:152] average commit: 3752.2 abort: 241598 (0/241598/0), network size: 0, avg network size: 0, si_in_serializable: 0 0 %, local: 0 %
I0911 22:52:50.210453 2939963 AriaExecutor.h:535] Worker 0 latency: 16517 us (50%) 16667 us (75%) 17289 us (95%) 19218 us (99%).
I0911 22:52:50.225277 2939994 AriaExecutor.h:94] AriaExecutor 10 exits. 
I0911 22:52:50.225296 2939995 AriaExecutor.h:94] AriaExecutor 11 exits. 
I0911 22:52:50.225279 2939998 AriaExecutor.h:94] AriaExecutor 14 exits. 
I0911 22:52:50.225281 2939986 AriaExecutor.h:94] AriaExecutor 2 exits. 
I0911 22:52:50.225296 2939985 AriaExecutor.h:94] AriaExecutor 1 exits. 
I0911 22:52:50.225282 2939988 AriaExecutor.h:94] AriaExecutor 4 exits. 
I0911 22:52:50.225279 2939992 AriaExecutor.h:94] AriaExecutor 8 exits. 
I0911 22:52:50.225282 2939990 AriaExecutor.h:94] AriaExecutor 6 exits. 
I0911 22:52:50.225281 2939996 AriaExecutor.h:94] AriaExecutor 12 exits. 
I0911 22:52:50.225296 2939987 AriaExecutor.h:94] AriaExecutor 3 exits. 
I0911 22:52:50.225296 2939993 AriaExecutor.h:94] AriaExecutor 9 exits. 
I0911 22:52:50.225296 2939999 AriaExecutor.h:94] AriaExecutor 15 exits. 
I0911 22:52:50.225296 2939997 AriaExecutor.h:94] AriaExecutor 13 exits. 
I0911 22:52:50.225278 2940000 Manager.h:227] Manager(worker id = 16) on the coordinator node exits.
I0911 22:52:50.225296 2939991 AriaExecutor.h:94] AriaExecutor 7 exits. 
I0911 22:52:50.225306 2939989 AriaExecutor.h:94] AriaExecutor 5 exits. 
I0911 22:52:50.225282 2939984 AriaExecutor.h:94] AriaExecutor 0 exits. 
I0911 22:52:50.225626 2939963 AriaExecutor.h:535] Worker 1 latency: 16508 us (50%) 16641 us (75%) 17228 us (95%) 18816 us (99%).
I0911 22:52:50.226012 2939963 AriaExecutor.h:535] Worker 2 latency: 16511 us (50%) 16659 us (75%) 17268 us (95%) 18936 us (99%).
I0911 22:52:50.226339 2939963 AriaExecutor.h:535] Worker 3 latency: 16513 us (50%) 16661 us (75%) 17250 us (95%) 19555 us (99%).
I0911 22:52:50.226681 2939963 AriaExecutor.h:535] Worker 4 latency: 16507 us (50%) 16639 us (75%) 17221 us (95%) 18737 us (99%).
I0911 22:52:50.227012 2939963 AriaExecutor.h:535] Worker 5 latency: 16513 us (50%) 16659 us (75%) 17233 us (95%) 18813 us (99%).
I0911 22:52:50.227360 2939963 AriaExecutor.h:535] Worker 6 latency: 16503 us (50%) 16639 us (75%) 17235 us (95%) 18786 us (99%).
I0911 22:52:50.227671 2939963 AriaExecutor.h:535] Worker 7 latency: 16502 us (50%) 16637 us (75%) 17237 us (95%) 19757 us (99%).
I0911 22:52:50.227995 2939963 AriaExecutor.h:535] Worker 8 latency: 16500 us (50%) 16645 us (75%) 17236 us (95%) 19018 us (99%).
I0911 22:52:50.228295 2939963 AriaExecutor.h:535] Worker 9 latency: 16496 us (50%) 16633 us (75%) 17207 us (95%) 18856 us (99%).
I0911 22:52:50.228622 2939963 AriaExecutor.h:535] Worker 10 latency: 16502 us (50%) 16640 us (75%) 17206 us (95%) 18877 us (99%).
I0911 22:52:50.228922 2939963 AriaExecutor.h:535] Worker 11 latency: 16495 us (50%) 16635 us (75%) 17226 us (95%) 18783 us (99%).
I0911 22:52:50.229250 2939963 AriaExecutor.h:535] Worker 12 latency: 16494 us (50%) 16636 us (75%) 17238 us (95%) 18871 us (99%).
I0911 22:52:50.229532 2939963 AriaExecutor.h:535] Worker 13 latency: 16493 us (50%) 16635 us (75%) 17249 us (95%) 18875 us (99%).
I0911 22:52:50.229835 2939963 AriaExecutor.h:535] Worker 14 latency: 16494 us (50%) 16630 us (75%) 17221 us (95%) 18815 us (99%).
I0911 22:52:50.230109 2939963 AriaExecutor.h:535] Worker 15 latency: 16491 us (50%) 16622 us (75%) 17209 us (95%) 18813 us (99%).
I0911 22:52:50.230384 2939963 Coordinator.h:177] total commit: 3752.2
I0911 22:52:51.230495 2939963 Coordinator.h:192] Coordinator exits.
