I0912 00:13:54.916309 2955585 Database.h:65] ycsb initialization finished in 146 milliseconds.
I0912 00:13:54.916426 2955585 Coordinator.h:30] Coordinator initializes 16 workers.
I0912 00:13:54.931754 2955585 Coordinator.h:77] Coordinator starts to run 17 workers.
I0912 00:13:54.931814 2955607 AriaExecutor.h:82] AriaExecutor 0 started. 
I0912 00:13:54.931843 2955608 AriaExecutor.h:82] AriaExecutor 1 started. 
I0912 00:13:54.931877 2955609 AriaExecutor.h:82] AriaExecutor 2 started. 
I0912 00:13:54.931936 2955610 AriaExecutor.h:82] AriaExecutor 3 started. 
I0912 00:13:54.931953 2955611 AriaExecutor.h:82] AriaExecutor 4 started. 
I0912 00:13:54.932005 2955612 AriaExecutor.h:82] AriaExecutor 5 started. 
I0912 00:13:54.932044 2955613 AriaExecutor.h:82] AriaExecutor 6 started. 
I0912 00:13:54.932088 2955614 AriaExecutor.h:82] AriaExecutor 7 started. 
I0912 00:13:54.932119 2955615 AriaExecutor.h:82] AriaExecutor 8 started. 
I0912 00:13:54.932161 2955616 AriaExecutor.h:82] AriaExecutor 9 started. 
I0912 00:13:54.932195 2955617 AriaExecutor.h:82] AriaExecutor 10 started. 
I0912 00:13:54.932241 2955618 AriaExecutor.h:82] AriaExecutor 11 started. 
I0912 00:13:54.932272 2955619 AriaExecutor.h:82] AriaExecutor 12 started. 
I0912 00:13:54.932323 2955620 AriaExecutor.h:82] AriaExecutor 13 started. 
I0912 00:13:54.932361 2955621 AriaExecutor.h:82] AriaExecutor 14 started. 
I0912 00:13:54.932401 2955622 AriaExecutor.h:82] AriaExecutor 15 started. 
I0912 00:13:54.932443 2955623 Manager.h:224] Manager(worker id = 16) on the coordinator node started.
I0912 00:13:55.932494 2955585 Coordinator.h:126] commit: 407410 abort: 696462 (0/696462/0), network size: 0, avg network size: 0, si_in_serializable: 0 0 %, local: 0 %
I0912 00:13:56.932590 2955585 Coordinator.h:126] commit: 410725 abort: 701339 (0/701339/0), network size: 0, avg network size: 0, si_in_serializable: 0 0 %, local: 0 %
I0912 00:13:57.932665 2955585 Coordinator.h:126] commit: 395909 abort: 677243 (0/677243/0), network size: 0, avg network size: 0, si_in_serializable: 0 0 %, local: 0 %
I0912 00:13:58.932737 2955585 Coordinator.h:126] commit: 400483 abort: 684957 (0/684957/0), network size: 0, avg network size: 0, si_in_serializable: 0 0 %, local: 0 %
I0912 00:13:59.932833 2955585 Coordinator.h:126] commit: 412185 abort: 703975 (0/703975/0), network size: 0, avg network size: 0, si_in_serializable: 0 0 %, local: 0 %
I0912 00:14:00.932912 2955585 Coordinator.h:126] commit: 411573 abort: 700491 (0/700491/0), network size: 0, avg network size: 0, si_in_serializable: 0 0 %, local: 0 %
I0912 00:14:01.932981 2955585 Coordinator.h:126] commit: 414731 abort: 707573 (0/707573/0), network size: 0, avg network size: 0, si_in_serializable: 0 0 %, local: 0 %
I0912 00:14:02.933051 2955585 Coordinator.h:126] commit: 413789 abort: 706467 (0/706467/0), network size: 0, avg network size: 0, si_in_serializable: 0 0 %, local: 0 %
I0912 00:14:03.933128 2955585 Coordinator.h:126] commit: 414758 abort: 707546 (0/707546/0), network size: 0, avg network size: 0, si_in_serializable: 0 0 %, local: 0 %
I0912 00:14:04.933202 2955585 Coordinator.h:126] commit: 404615 abort: 691065 (0/691065/0), network size: 0, avg network size: 0, si_in_serializable: 0 0 %, local: 0 %
I0912 00:14:05.933271 2955585 Coordinator.h:126] commit: 395375 abort: 675729 (0/675729/0), network size: 0, avg network size: 0, si_in_serializable: 0 0 %, local: 0 %
I0912 00:14:06.933362 2955585 Coordinator.h:126] commit: 413603 abort: 708701 (0/708701/0), network size: 0, avg network size: 0, si_in_serializable: 0 0 %, local: 0 %
I0912 00:14:07.933437 2955585 Coordinator.h:126] commit: 415178 abort: 709174 (0/709174/0), network size: 0, avg network size: 0, si_in_serializable: 0 0 %, local: 0 %
I0912 00:14:08.933506 2955585 Coordinator.h:126] commit: 412331 abort: 705877 (0/705877/0), network size: 0, avg network size: 0, si_in_serializable: 0 0 %, local: 0 %
I0912 00:14:09.933576 2955585 Coordinator.h:126] commit: 416603 abort: 711845 (0/711845/0), network size: 0, avg network size: 0, si_in_serializable: 0 0 %, local: 0 %
I0912 00:14:10.933646 2955585 Coordinator.h:126] commit: 415227 abort: 711173 (0/711173/0), network size: 0, avg network size: 0, si_in_serializable: 0 0 %, local: 0 %
I0912 00:14:11.933715 2955585 Coordinator.h:126] commit: 411642 abort: 706566 (0/706566/0), network size: 0, avg network size: 0, si_in_serializable: 0 0 %, local: 0 %
I0912 00:14:12.933789 2955585 Coordinator.h:126] commit: 415526 abort: 710874 (0/710874/0), network size: 0, avg network size: 0, si_in_serializable: 0 0 %, local: 0 %
I0912 00:14:13.933859 2955585 Coordinator.h:126] commit: 415324 abort: 709028 (0/709028/0), network size: 0, avg network size: 0, si_in_serializable: 0 0 %, local: 0 %
I0912 00:14:14.933930 2955585 Coordinator.h:126] commit: 414358 abort: 707946 (0/707946/0), network size: 0, avg network size: 0, si_in_serializable: 0 0 %, local: 0 %
I0912 00:14:15.934001 2955585 Coordinator.h:126] commit: 397548 abort: 681748 (0/681748/0), network size: 0, avg network size: 0, si_in_serializable: 0 0 %, local: 0 %
I0912 00:14:16.934077 2955585 Coordinator.h:126] commit: 410657 abort: 701407 (0/701407/0), network size: 0, avg network size: 0, si_in_serializable: 0 0 %, local: 0 %
I0912 00:14:17.934145 2955585 Coordinator.h:126] commit: 417029 abort: 711419 (0/711419/0), network size: 0, avg network size: 0, si_in_serializable: 0 0 %, local: 0 %
I0912 00:14:18.934214 2955585 Coordinator.h:126] commit: 414241 abort: 710111 (0/710111/0), network size: 0, avg network size: 0, si_in_serializable: 0 0 %, local: 0 %
I0912 00:14:19.934284 2955585 Coordinator.h:126] commit: 414615 abort: 711785 (0/711785/0), network size: 0, avg network size: 0, si_in_serializable: 0 0 %, local: 0 %
I0912 00:14:19.934293 2955585 Coordinator.h:152] average commit: 412517 abort: 705691 (0/705691/0), network size: 0, avg network size: 0, si_in_serializable: 0 0 %, local: 0 %
I0912 00:14:19.935665 2955613 AriaExecutor.h:94] AriaExecutor 6 exits. 
I0912 00:14:19.935672 2955611 AriaExecutor.h:94] AriaExecutor 4 exits. 
I0912 00:14:19.935667 2955607 AriaExecutor.h:94] AriaExecutor 0 exits. 
I0912 00:14:19.935667 2955617 AriaExecutor.h:94] AriaExecutor 10 exits. 
I0912 00:14:19.935669 2955609 AriaExecutor.h:94] AriaExecutor 2 exits. 
I0912 00:14:19.935667 2955615 AriaExecutor.h:94] AriaExecutor 8 exits. 
I0912 00:14:19.935681 2955608 AriaExecutor.h:94] AriaExecutor 1 exits. 
I0912 00:14:19.935683 2955620 AriaExecutor.h:94] AriaExecutor 13 exits. 
I0912 00:14:19.935668 2955623 Manager.h:227] Manager(worker id = 16) on the coordinator node exits.
I0912 00:14:19.935683 2955616 AriaExecutor.h:94] AriaExecutor 9 exits. 
I0912 00:14:19.935671 2955621 AriaExecutor.h:94] AriaExecutor 14 exits. 
I0912 00:14:19.935684 2955622 AriaExecutor.h:94] AriaExecutor 15 exits. 
I0912 00:14:19.935683 2955610 AriaExecutor.h:94] AriaExecutor 3 exits. 
I0912 00:14:19.935685 2955618 AriaExecutor.h:94] AriaExecutor 11 exits. 
I0912 00:14:19.935685 2955614 AriaExecutor.h:94] AriaExecutor 7 exits. 
I0912 00:14:19.935685 2955612 AriaExecutor.h:94] AriaExecutor 5 exits. 
I0912 00:14:19.935672 2955619 AriaExecutor.h:94] AriaExecutor 12 exits. 
I0912 00:14:19.934301 2955585 AriaExecutor.h:641] Worker 0 latency: 1330 us (50%) 1607 us (75%) 1748 us (95%) 1867 us (99%).
I0912 00:14:19.963279 2955585 AriaExecutor.h:641] Worker 1 latency: 1329 us (50%) 1605 us (75%) 1747 us (95%) 1865 us (99%).
I0912 00:14:19.995975 2955585 AriaExecutor.h:641] Worker 2 latency: 1333 us (50%) 1608 us (75%) 1748 us (95%) 1865 us (99%).
I0912 00:14:20.025324 2955585 AriaExecutor.h:641] Worker 3 latency: 1326 us (50%) 1604 us (75%) 1746 us (95%) 1863 us (99%).
I0912 00:14:20.057780 2955585 AriaExecutor.h:641] Worker 4 latency: 1330 us (50%) 1606 us (75%) 1748 us (95%) 1865 us (99%).
I0912 00:14:20.087347 2955585 AriaExecutor.h:641] Worker 5 latency: 1325 us (50%) 1603 us (75%) 1746 us (95%) 1863 us (99%).
I0912 00:14:20.120227 2955585 AriaExecutor.h:641] Worker 6 latency: 1331 us (50%) 1606 us (75%) 1747 us (95%) 1863 us (99%).
I0912 00:14:20.149370 2955585 AriaExecutor.h:641] Worker 7 latency: 1324 us (50%) 1602 us (75%) 1746 us (95%) 1863 us (99%).
I0912 00:14:20.181836 2955585 AriaExecutor.h:641] Worker 8 latency: 1326 us (50%) 1603 us (75%) 1747 us (95%) 1862 us (99%).
I0912 00:14:20.210811 2955585 AriaExecutor.h:641] Worker 9 latency: 1322 us (50%) 1601 us (75%) 1746 us (95%) 1863 us (99%).
I0912 00:14:20.242785 2955585 AriaExecutor.h:641] Worker 10 latency: 1328 us (50%) 1604 us (75%) 1747 us (95%) 1865 us (99%).
I0912 00:14:20.271284 2955585 AriaExecutor.h:641] Worker 11 latency: 1325 us (50%) 1601 us (75%) 1746 us (95%) 1864 us (99%).
I0912 00:14:20.304394 2955585 AriaExecutor.h:641] Worker 12 latency: 1327 us (50%) 1602 us (75%) 1747 us (95%) 1864 us (99%).
I0912 00:14:20.332947 2955585 AriaExecutor.h:641] Worker 13 latency: 1320 us (50%) 1599 us (75%) 1746 us (95%) 1861 us (99%).
I0912 00:14:20.365553 2955585 AriaExecutor.h:641] Worker 14 latency: 1325 us (50%) 1602 us (75%) 1747 us (95%) 1864 us (99%).
I0912 00:14:20.394393 2955585 AriaExecutor.h:641] Worker 15 latency: 1321 us (50%) 1599 us (75%) 1746 us (95%) 1861 us (99%).
I0912 00:14:20.426638 2955585 Coordinator.h:177] total commit: 412517
I0912 00:14:21.426827 2955585 Coordinator.h:192] Coordinator exits.
