I1126 15:13:12.593377 996690 Database.h:65] ycsb initialization finished in 30 milliseconds.
I1126 15:13:12.593456 996690 Coordinator.h:30] Coordinator initializes 12 workers.
I1126 15:13:12.600481 996690 Coordinator.h:77] Coordinator starts to run 13 workers.
I1126 15:13:12.600546 996709 AriaExecutor.h:95] AriaExecutor 0 started. 
I1126 15:13:12.600584 996710 AriaExecutor.h:95] AriaExecutor 1 started. 
I1126 15:13:12.600634 996711 AriaExecutor.h:95] AriaExecutor 2 started. 
I1126 15:13:12.600683 996712 AriaExecutor.h:95] AriaExecutor 3 started. 
I1126 15:13:12.600713 996713 AriaExecutor.h:95] AriaExecutor 4 started. 
I1126 15:13:12.600754 996714 AriaExecutor.h:95] AriaExecutor 5 started. 
I1126 15:13:12.600785 996715 AriaExecutor.h:95] AriaExecutor 6 started. 
I1126 15:13:12.600821 996716 AriaExecutor.h:95] AriaExecutor 7 started. 
I1126 15:13:12.600867 996717 AriaExecutor.h:95] AriaExecutor 8 started. 
I1126 15:13:12.600893 996718 AriaExecutor.h:95] AriaExecutor 9 started. 
I1126 15:13:12.600929 996719 AriaExecutor.h:95] AriaExecutor 10 started. 
I1126 15:13:12.600965 996720 AriaExecutor.h:95] AriaExecutor 11 started. 
I1126 15:13:12.600996 996721 Manager.h:224] Manager(worker id = 12) on the coordinator node started.
I1126 15:13:13.601056 996690 Coordinator.h:126] commit: 1755846 abort: 114154 (0/114154/0), network size: 0, avg network size: 0, si_in_serializable: 0 0 %, local: 0 %
I1126 15:13:14.601176 996690 Coordinator.h:126] commit: 1737047 abort: 112953 (0/112953/0), network size: 0, avg network size: 0, si_in_serializable: 0 0 %, local: 0 %
I1126 15:13:15.601305 996690 Coordinator.h:126] commit: 1756650 abort: 113350 (0/113350/0), network size: 0, avg network size: 0, si_in_serializable: 0 0 %, local: 0 %
I1126 15:13:16.601414 996690 Coordinator.h:126] commit: 1756611 abort: 113389 (0/113389/0), network size: 0, avg network size: 0, si_in_serializable: 0 0 %, local: 0 %
I1126 15:13:17.601518 996690 Coordinator.h:126] commit: 1765632 abort: 114368 (0/114368/0), network size: 0, avg network size: 0, si_in_serializable: 0 0 %, local: 0 %
I1126 15:13:18.601624 996690 Coordinator.h:126] commit: 1775270 abort: 114730 (0/114730/0), network size: 0, avg network size: 0, si_in_serializable: 0 0 %, local: 0 %
I1126 15:13:19.601727 996690 Coordinator.h:126] commit: 1747118 abort: 112882 (0/112882/0), network size: 0, avg network size: 0, si_in_serializable: 0 0 %, local: 0 %
I1126 15:13:20.601835 996690 Coordinator.h:126] commit: 1709680 abort: 110320 (0/110320/0), network size: 0, avg network size: 0, si_in_serializable: 0 0 %, local: 0 %
I1126 15:13:21.601962 996690 Coordinator.h:126] commit: 1756199 abort: 113801 (0/113801/0), network size: 0, avg network size: 0, si_in_serializable: 0 0 %, local: 0 %
I1126 15:13:22.602077 996690 Coordinator.h:126] commit: 1765822 abort: 114178 (0/114178/0), network size: 0, avg network size: 0, si_in_serializable: 0 0 %, local: 0 %
I1126 15:13:23.602185 996690 Coordinator.h:126] commit: 1765562 abort: 114438 (0/114438/0), network size: 0, avg network size: 0, si_in_serializable: 0 0 %, local: 0 %
I1126 15:13:24.602296 996690 Coordinator.h:126] commit: 1774976 abort: 115024 (0/115024/0), network size: 0, avg network size: 0, si_in_serializable: 0 0 %, local: 0 %
I1126 15:13:25.602416 996690 Coordinator.h:126] commit: 1766473 abort: 113527 (0/113527/0), network size: 0, avg network size: 0, si_in_serializable: 0 0 %, local: 0 %
I1126 15:13:26.602525 996690 Coordinator.h:126] commit: 1765911 abort: 114089 (0/114089/0), network size: 0, avg network size: 0, si_in_serializable: 0 0 %, local: 0 %
I1126 15:13:27.602632 996690 Coordinator.h:126] commit: 1677772 abort: 108414 (0/108414/0), network size: 0, avg network size: 0, si_in_serializable: 0 0 %, local: 0 %
I1126 15:13:28.602736 996690 Coordinator.h:126] commit: 1769460 abort: 114354 (0/114354/0), network size: 0, avg network size: 0, si_in_serializable: 0 0 %, local: 0 %
I1126 15:13:29.602839 996690 Coordinator.h:126] commit: 1766435 abort: 113565 (0/113565/0), network size: 0, avg network size: 0, si_in_serializable: 0 0 %, local: 0 %
I1126 15:13:30.602945 996690 Coordinator.h:126] commit: 1765858 abort: 114142 (0/114142/0), network size: 0, avg network size: 0, si_in_serializable: 0 0 %, local: 0 %
I1126 15:13:31.603050 996690 Coordinator.h:126] commit: 1765681 abort: 114319 (0/114319/0), network size: 0, avg network size: 0, si_in_serializable: 0 0 %, local: 0 %
I1126 15:13:32.603163 996690 Coordinator.h:126] commit: 1765652 abort: 114348 (0/114348/0), network size: 0, avg network size: 0, si_in_serializable: 0 0 %, local: 0 %
I1126 15:13:33.603266 996690 Coordinator.h:126] commit: 1765593 abort: 114407 (0/114407/0), network size: 0, avg network size: 0, si_in_serializable: 0 0 %, local: 0 %
I1126 15:13:34.603375 996690 Coordinator.h:126] commit: 1766316 abort: 113684 (0/113684/0), network size: 0, avg network size: 0, si_in_serializable: 0 0 %, local: 0 %
I1126 15:13:35.603475 996690 Coordinator.h:126] commit: 1765654 abort: 114346 (0/114346/0), network size: 0, avg network size: 0, si_in_serializable: 0 0 %, local: 0 %
I1126 15:13:36.603569 996690 Coordinator.h:126] commit: 1765880 abort: 114120 (0/114120/0), network size: 0, avg network size: 0, si_in_serializable: 0 0 %, local: 0 %
I1126 15:13:37.603664 996690 Coordinator.h:126] commit: 1775604 abort: 114388 (0/114388/0), network size: 0, avg network size: 0, si_in_serializable: 0 0 %, local: 0 %
I1126 15:13:37.603690 996690 Coordinator.h:152] average commit: 1.75838e+06 abort: 113622 (0/113622/0), network size: 0, avg network size: 0, si_in_serializable: 0 0 %, local: 0 %
I1126 15:13:37.609084 996713 AriaExecutor.h:107] AriaExecutor 4 exits. 
I1126 15:13:37.609084 996715 AriaExecutor.h:107] AriaExecutor 6 exits. 
I1126 15:13:37.609089 996721 Manager.h:227] Manager(worker id = 12) on the coordinator node exits.
I1126 15:13:37.609086 996711 AriaExecutor.h:107] AriaExecutor 2 exits. 
I1126 15:13:37.609097 996712 AriaExecutor.h:107] AriaExecutor 3 exits. 
I1126 15:13:37.609100 996716 AriaExecutor.h:107] AriaExecutor 7 exits. 
I1126 15:13:37.609099 996720 AriaExecutor.h:107] AriaExecutor 11 exits. 
I1126 15:13:37.609084 996719 AriaExecutor.h:107] AriaExecutor 10 exits. 
I1126 15:13:37.609089 996709 AriaExecutor.h:107] AriaExecutor 0 exits. 
I1126 15:13:37.609099 996714 AriaExecutor.h:107] AriaExecutor 5 exits. 
I1126 15:13:37.609093 996717 AriaExecutor.h:107] AriaExecutor 8 exits. 
I1126 15:13:37.609100 996710 AriaExecutor.h:107] AriaExecutor 1 exits. 
I1126 15:13:37.609100 996718 AriaExecutor.h:107] AriaExecutor 9 exits. 
I1126 15:13:37.603698 996690 AriaExecutor.h:705] Worker 0 latency: 3695 us (50%) 4209 us (75%) 4616 us (95%) 4721 us (99%).
I1126 15:13:37.745519 996690 AriaExecutor.h:705] Worker 1 latency: 3686 us (50%) 4201 us (75%) 4611 us (95%) 4716 us (99%).
I1126 15:13:37.901623 996690 AriaExecutor.h:705] Worker 2 latency: 3715 us (50%) 4217 us (75%) 4615 us (95%) 4718 us (99%).
I1126 15:13:38.044919 996690 AriaExecutor.h:705] Worker 3 latency: 3688 us (50%) 4203 us (75%) 4612 us (95%) 4716 us (99%).
I1126 15:13:38.202416 996690 AriaExecutor.h:705] Worker 4 latency: 3697 us (50%) 4208 us (75%) 4613 us (95%) 4717 us (99%).
I1126 15:13:38.344928 996690 AriaExecutor.h:705] Worker 5 latency: 3691 us (50%) 4205 us (75%) 4612 us (95%) 4717 us (99%).
I1126 15:13:38.502682 996690 AriaExecutor.h:705] Worker 6 latency: 3715 us (50%) 4217 us (75%) 4617 us (95%) 4720 us (99%).
I1126 15:13:38.644681 996690 AriaExecutor.h:705] Worker 7 latency: 3687 us (50%) 4204 us (75%) 4613 us (95%) 4717 us (99%).
I1126 15:13:38.800151 996690 AriaExecutor.h:705] Worker 8 latency: 3706 us (50%) 4213 us (75%) 4616 us (95%) 4720 us (99%).
I1126 15:13:38.941769 996690 AriaExecutor.h:705] Worker 9 latency: 3691 us (50%) 4204 us (75%) 4612 us (95%) 4717 us (99%).
I1126 15:13:39.098188 996690 AriaExecutor.h:705] Worker 10 latency: 3706 us (50%) 4213 us (75%) 4615 us (95%) 4718 us (99%).
I1126 15:13:39.239195 996690 AriaExecutor.h:705] Worker 11 latency: 3688 us (50%) 4203 us (75%) 4612 us (95%) 4717 us (99%).
I1126 15:13:39.393030 996690 Coordinator.h:177] total commit: 1.75838e+06
I1126 15:13:40.393167 996690 Coordinator.h:192] Coordinator exits.
