I1126 15:43:13.945034 1016188 Database.h:65] ycsb initialization finished in 29 milliseconds.
I1126 15:43:13.945134 1016188 Coordinator.h:30] Coordinator initializes 12 workers.
I1126 15:43:13.951970 1016188 Coordinator.h:77] Coordinator starts to run 13 workers.
I1126 15:43:13.952042 1016204 AriaExecutor.h:95] AriaExecutor 0 started. 
I1126 15:43:13.952068 1016205 AriaExecutor.h:95] AriaExecutor 1 started. 
I1126 15:43:13.952122 1016206 AriaExecutor.h:95] AriaExecutor 2 started. 
I1126 15:43:13.952173 1016207 AriaExecutor.h:95] AriaExecutor 3 started. 
I1126 15:43:13.952195 1016208 AriaExecutor.h:95] AriaExecutor 4 started. 
I1126 15:43:13.952239 1016209 AriaExecutor.h:95] AriaExecutor 5 started. 
I1126 15:43:13.952277 1016210 AriaExecutor.h:95] AriaExecutor 6 started. 
I1126 15:43:13.952313 1016211 AriaExecutor.h:95] AriaExecutor 7 started. 
I1126 15:43:13.952343 1016212 AriaExecutor.h:95] AriaExecutor 8 started. 
I1126 15:43:13.952386 1016213 AriaExecutor.h:95] AriaExecutor 9 started. 
I1126 15:43:13.952418 1016214 AriaExecutor.h:95] AriaExecutor 10 started. 
I1126 15:43:13.952458 1016215 AriaExecutor.h:95] AriaExecutor 11 started. 
I1126 15:43:13.952491 1016216 Manager.h:224] Manager(worker id = 12) on the coordinator node started.
I1126 15:43:14.952545 1016188 Coordinator.h:126] commit: 116619 abort: 1423381 (0/1423381/0), network size: 0, avg network size: 0, si_in_serializable: 0 0 %, local: 0 %
I1126 15:43:15.952659 1016188 Coordinator.h:126] commit: 116159 abort: 1413841 (0/1413841/0), network size: 0, avg network size: 0, si_in_serializable: 0 0 %, local: 0 %
I1126 15:43:16.952790 1016188 Coordinator.h:126] commit: 116798 abort: 1423202 (0/1423202/0), network size: 0, avg network size: 0, si_in_serializable: 0 0 %, local: 0 %
I1126 15:43:17.952888 1016188 Coordinator.h:126] commit: 117927 abort: 1432073 (0/1432073/0), network size: 0, avg network size: 0, si_in_serializable: 0 0 %, local: 0 %
I1126 15:43:18.952975 1016188 Coordinator.h:126] commit: 117213 abort: 1432787 (0/1432787/0), network size: 0, avg network size: 0, si_in_serializable: 0 0 %, local: 0 %
I1126 15:43:19.953060 1016188 Coordinator.h:126] commit: 116606 abort: 1413394 (0/1413394/0), network size: 0, avg network size: 0, si_in_serializable: 0 0 %, local: 0 %
I1126 15:43:20.953171 1016188 Coordinator.h:126] commit: 115902 abort: 1414098 (0/1414098/0), network size: 0, avg network size: 0, si_in_serializable: 0 0 %, local: 0 %
I1126 15:43:21.953281 1016188 Coordinator.h:126] commit: 118080 abort: 1431920 (0/1431920/0), network size: 0, avg network size: 0, si_in_serializable: 0 0 %, local: 0 %
I1126 15:43:22.953378 1016188 Coordinator.h:126] commit: 118346 abort: 1431654 (0/1431654/0), network size: 0, avg network size: 0, si_in_serializable: 0 0 %, local: 0 %
I1126 15:43:23.953464 1016188 Coordinator.h:126] commit: 118358 abort: 1431642 (0/1431642/0), network size: 0, avg network size: 0, si_in_serializable: 0 0 %, local: 0 %
I1126 15:43:24.953547 1016188 Coordinator.h:126] commit: 118191 abort: 1431809 (0/1431809/0), network size: 0, avg network size: 0, si_in_serializable: 0 0 %, local: 0 %
I1126 15:43:25.953635 1016188 Coordinator.h:126] commit: 118048 abort: 1431952 (0/1431952/0), network size: 0, avg network size: 0, si_in_serializable: 0 0 %, local: 0 %
I1126 15:43:26.953739 1016188 Coordinator.h:126] commit: 115901 abort: 1414099 (0/1414099/0), network size: 0, avg network size: 0, si_in_serializable: 0 0 %, local: 0 %
I1126 15:43:27.953831 1016188 Coordinator.h:126] commit: 116590 abort: 1423410 (0/1423410/0), network size: 0, avg network size: 0, si_in_serializable: 0 0 %, local: 0 %
I1126 15:43:28.953922 1016188 Coordinator.h:126] commit: 117966 abort: 1432034 (0/1432034/0), network size: 0, avg network size: 0, si_in_serializable: 0 0 %, local: 0 %
I1126 15:43:29.954003 1016188 Coordinator.h:126] commit: 118366 abort: 1441634 (0/1441634/0), network size: 0, avg network size: 0, si_in_serializable: 0 0 %, local: 0 %
I1126 15:43:30.954115 1016188 Coordinator.h:126] commit: 117521 abort: 1422479 (0/1422479/0), network size: 0, avg network size: 0, si_in_serializable: 0 0 %, local: 0 %
I1126 15:43:31.954226 1016188 Coordinator.h:126] commit: 117415 abort: 1432585 (0/1432585/0), network size: 0, avg network size: 0, si_in_serializable: 0 0 %, local: 0 %
I1126 15:43:32.954321 1016188 Coordinator.h:126] commit: 118386 abort: 1441614 (0/1441614/0), network size: 0, avg network size: 0, si_in_serializable: 0 0 %, local: 0 %
I1126 15:43:33.954406 1016188 Coordinator.h:126] commit: 117850 abort: 1432150 (0/1432150/0), network size: 0, avg network size: 0, si_in_serializable: 0 0 %, local: 0 %
I1126 15:43:34.954483 1016188 Coordinator.h:126] commit: 118045 abort: 1431955 (0/1431955/0), network size: 0, avg network size: 0, si_in_serializable: 0 0 %, local: 0 %
I1126 15:43:35.954574 1016188 Coordinator.h:126] commit: 117720 abort: 1432280 (0/1432280/0), network size: 0, avg network size: 0, si_in_serializable: 0 0 %, local: 0 %
I1126 15:43:36.954681 1016188 Coordinator.h:126] commit: 117655 abort: 1432345 (0/1432345/0), network size: 0, avg network size: 0, si_in_serializable: 0 0 %, local: 0 %
I1126 15:43:37.954777 1016188 Coordinator.h:126] commit: 118218 abort: 1441782 (0/1441782/0), network size: 0, avg network size: 0, si_in_serializable: 0 0 %, local: 0 %
I1126 15:43:38.954864 1016188 Coordinator.h:126] commit: 116234 abort: 1413766 (0/1413766/0), network size: 0, avg network size: 0, si_in_serializable: 0 0 %, local: 0 %
I1126 15:43:38.954885 1016188 Coordinator.h:152] average commit: 117623 abort: 1.43038e+06 (0/1.43038e+06/0), network size: 0, avg network size: 0, si_in_serializable: 0 0 %, local: 0 %
I1126 15:43:38.956115 1016214 AriaExecutor.h:107] AriaExecutor 10 exits. 
I1126 15:43:38.956115 1016208 AriaExecutor.h:107] AriaExecutor 4 exits. 
I1126 15:43:38.956117 1016212 AriaExecutor.h:107] AriaExecutor 8 exits. 
I1126 15:43:38.956120 1016210 AriaExecutor.h:107] AriaExecutor 6 exits. 
I1126 15:43:38.956120 1016206 AriaExecutor.h:107] AriaExecutor 2 exits. 
I1126 15:43:38.956115 1016216 Manager.h:227] Manager(worker id = 12) on the coordinator node exits.
I1126 15:43:38.956128 1016211 AriaExecutor.h:107] AriaExecutor 7 exits. 
I1126 15:43:38.956127 1016213 AriaExecutor.h:107] AriaExecutor 9 exits. 
I1126 15:43:38.956130 1016205 AriaExecutor.h:107] AriaExecutor 1 exits. 
I1126 15:43:38.956128 1016207 AriaExecutor.h:107] AriaExecutor 3 exits. 
I1126 15:43:38.956130 1016215 AriaExecutor.h:107] AriaExecutor 11 exits. 
I1126 15:43:38.956131 1016209 AriaExecutor.h:107] AriaExecutor 5 exits. 
I1126 15:43:38.956116 1016204 AriaExecutor.h:107] AriaExecutor 0 exits. 
I1126 15:43:38.954895 1016188 AriaExecutor.h:705] Worker 0 latency: 5655 us (50%) 6075 us (75%) 6261 us (95%) 6336 us (99%).
I1126 15:43:38.967481 1016188 AriaExecutor.h:705] Worker 1 latency: 5656 us (50%) 6073 us (75%) 6259 us (95%) 6331 us (99%).
I1126 15:43:38.981138 1016188 AriaExecutor.h:705] Worker 2 latency: 5657 us (50%) 6070 us (75%) 6259 us (95%) 6333 us (99%).
I1126 15:43:38.993621 1016188 AriaExecutor.h:705] Worker 3 latency: 5653 us (50%) 6070 us (75%) 6258 us (95%) 6333 us (99%).
I1126 15:43:39.007349 1016188 AriaExecutor.h:705] Worker 4 latency: 5651 us (50%) 6070 us (75%) 6259 us (95%) 6333 us (99%).
I1126 15:43:39.019587 1016188 AriaExecutor.h:705] Worker 5 latency: 5648 us (50%) 6067 us (75%) 6256 us (95%) 6331 us (99%).
I1126 15:43:39.033170 1016188 AriaExecutor.h:705] Worker 6 latency: 5649 us (50%) 6068 us (75%) 6257 us (95%) 6333 us (99%).
I1126 15:43:39.045498 1016188 AriaExecutor.h:705] Worker 7 latency: 5653 us (50%) 6069 us (75%) 6256 us (95%) 6330 us (99%).
I1126 15:43:39.059067 1016188 AriaExecutor.h:705] Worker 8 latency: 5651 us (50%) 6068 us (75%) 6257 us (95%) 6332 us (99%).
I1126 15:43:39.071306 1016188 AriaExecutor.h:705] Worker 9 latency: 5644 us (50%) 6067 us (75%) 6255 us (95%) 6331 us (99%).
I1126 15:43:39.084700 1016188 AriaExecutor.h:705] Worker 10 latency: 5647 us (50%) 6065 us (75%) 6256 us (95%) 6331 us (99%).
I1126 15:43:39.097059 1016188 AriaExecutor.h:705] Worker 11 latency: 5644 us (50%) 6065 us (75%) 6254 us (95%) 6331 us (99%).
I1126 15:43:39.110638 1016188 Coordinator.h:177] total commit: 117623
I1126 15:43:40.110755 1016188 Coordinator.h:192] Coordinator exits.
