I1126 15:30:07.579653 1007768 Database.h:65] ycsb initialization finished in 30 milliseconds.
I1126 15:30:07.579758 1007768 Coordinator.h:30] Coordinator initializes 12 workers.
I1126 15:30:07.580682 1007768 Coordinator.h:77] Coordinator starts to run 13 workers.
I1126 15:30:07.580780 1007784 AriaExecutor.h:95] AriaExecutor 0 started. 
I1126 15:30:07.580796 1007785 AriaExecutor.h:95] AriaExecutor 1 started. 
I1126 15:30:07.580861 1007786 AriaExecutor.h:95] AriaExecutor 2 started. 
I1126 15:30:07.580894 1007787 AriaExecutor.h:95] AriaExecutor 3 started. 
I1126 15:30:07.580935 1007788 AriaExecutor.h:95] AriaExecutor 4 started. 
I1126 15:30:07.580972 1007789 AriaExecutor.h:95] AriaExecutor 5 started. 
I1126 15:30:07.581003 1007790 AriaExecutor.h:95] AriaExecutor 6 started. 
I1126 15:30:07.581032 1007791 AriaExecutor.h:95] AriaExecutor 7 started. 
I1126 15:30:07.581068 1007792 AriaExecutor.h:95] AriaExecutor 8 started. 
I1126 15:30:07.581099 1007793 AriaExecutor.h:95] AriaExecutor 9 started. 
I1126 15:30:07.581135 1007794 AriaExecutor.h:95] AriaExecutor 10 started. 
I1126 15:30:07.581171 1007795 AriaExecutor.h:95] AriaExecutor 11 started. 
I1126 15:30:07.581199 1007796 Manager.h:224] Manager(worker id = 12) on the coordinator node started.
I1126 15:30:08.581251 1007768 Coordinator.h:126] commit: 1794376 abort: 79624 (0/79624/0), network size: 0, avg network size: 0, si_in_serializable: 0 0 %, local: 0 %
I1126 15:30:09.581369 1007768 Coordinator.h:126] commit: 1769904 abort: 79096 (0/79096/0), network size: 0, avg network size: 0, si_in_serializable: 0 0 %, local: 0 %
I1126 15:30:10.581521 1007768 Coordinator.h:126] commit: 1808034 abort: 80966 (0/80966/0), network size: 0, avg network size: 0, si_in_serializable: 0 0 %, local: 0 %
I1126 15:30:11.581621 1007768 Coordinator.h:126] commit: 1783052 abort: 78948 (0/78948/0), network size: 0, avg network size: 0, si_in_serializable: 0 0 %, local: 0 %
I1126 15:30:12.581701 1007768 Coordinator.h:126] commit: 1817870 abort: 81130 (0/81130/0), network size: 0, avg network size: 0, si_in_serializable: 0 0 %, local: 0 %
I1126 15:30:13.581780 1007768 Coordinator.h:126] commit: 1819328 abort: 81672 (0/81672/0), network size: 0, avg network size: 0, si_in_serializable: 0 0 %, local: 0 %
I1126 15:30:14.581876 1007768 Coordinator.h:126] commit: 1740911 abort: 78089 (0/78089/0), network size: 0, avg network size: 0, si_in_serializable: 0 0 %, local: 0 %
I1126 15:30:15.581956 1007768 Coordinator.h:126] commit: 1751231 abort: 77769 (0/77769/0), network size: 0, avg network size: 0, si_in_serializable: 0 0 %, local: 0 %
I1126 15:30:16.582033 1007768 Coordinator.h:126] commit: 1815879 abort: 81121 (0/81121/0), network size: 0, avg network size: 0, si_in_serializable: 0 0 %, local: 0 %
I1126 15:30:17.582109 1007768 Coordinator.h:126] commit: 1817876 abort: 81124 (0/81124/0), network size: 0, avg network size: 0, si_in_serializable: 0 0 %, local: 0 %
I1126 15:30:18.582185 1007768 Coordinator.h:126] commit: 1818724 abort: 81276 (0/81276/0), network size: 0, avg network size: 0, si_in_serializable: 0 0 %, local: 0 %
I1126 15:30:19.582258 1007768 Coordinator.h:126] commit: 1789986 abort: 80014 (0/80014/0), network size: 0, avg network size: 0, si_in_serializable: 0 0 %, local: 0 %
I1126 15:30:20.582357 1007768 Coordinator.h:126] commit: 1803199 abort: 79801 (0/79801/0), network size: 0, avg network size: 0, si_in_serializable: 0 0 %, local: 0 %
I1126 15:30:21.582450 1007768 Coordinator.h:126] commit: 1737918 abort: 77082 (0/77082/0), network size: 0, avg network size: 0, si_in_serializable: 0 0 %, local: 0 %
I1126 15:30:22.582530 1007768 Coordinator.h:126] commit: 1622190 abort: 71810 (0/71810/0), network size: 0, avg network size: 0, si_in_serializable: 0 0 %, local: 0 %
I1126 15:30:23.582604 1007768 Coordinator.h:126] commit: 1812265 abort: 80735 (0/80735/0), network size: 0, avg network size: 0, si_in_serializable: 0 0 %, local: 0 %
I1126 15:30:24.582679 1007768 Coordinator.h:126] commit: 1804993 abort: 81007 (0/81007/0), network size: 0, avg network size: 0, si_in_serializable: 0 0 %, local: 0 %
I1126 15:30:25.582759 1007768 Coordinator.h:126] commit: 1807541 abort: 80459 (0/80459/0), network size: 0, avg network size: 0, si_in_serializable: 0 0 %, local: 0 %
I1126 15:30:26.582836 1007768 Coordinator.h:126] commit: 1806095 abort: 80612 (0/80612/0), network size: 0, avg network size: 0, si_in_serializable: 0 0 %, local: 0 %
I1126 15:30:27.582911 1007768 Coordinator.h:126] commit: 1808539 abort: 80752 (0/80752/0), network size: 0, avg network size: 0, si_in_serializable: 0 0 %, local: 0 %
I1126 15:30:28.582989 1007768 Coordinator.h:126] commit: 1805546 abort: 80454 (0/80454/0), network size: 0, avg network size: 0, si_in_serializable: 0 0 %, local: 0 %
I1126 15:30:29.583066 1007768 Coordinator.h:126] commit: 1809236 abort: 80764 (0/80764/0), network size: 0, avg network size: 0, si_in_serializable: 0 0 %, local: 0 %
I1126 15:30:30.583144 1007768 Coordinator.h:126] commit: 1808663 abort: 80337 (0/80337/0), network size: 0, avg network size: 0, si_in_serializable: 0 0 %, local: 0 %
I1126 15:30:31.583220 1007768 Coordinator.h:126] commit: 1807556 abort: 80444 (0/80444/0), network size: 0, avg network size: 0, si_in_serializable: 0 0 %, local: 0 %
I1126 15:30:32.583300 1007768 Coordinator.h:126] commit: 1792175 abort: 79825 (0/79825/0), network size: 0, avg network size: 0, si_in_serializable: 0 0 %, local: 0 %
I1126 15:30:32.583313 1007768 Coordinator.h:152] average commit: 1.78114e+06 abort: 79354.8 (0/79354.8/0), network size: 0, avg network size: 0, si_in_serializable: 0 0 %, local: 0 %
I1126 15:30:32.583627 1007795 AriaExecutor.h:107] AriaExecutor 11 exits. 
I1126 15:30:32.583637 1007784 AriaExecutor.h:107] AriaExecutor 0 exits. 
I1126 15:30:32.583645 1007788 AriaExecutor.h:107] AriaExecutor 4 exits. 
I1126 15:30:32.583632 1007789 AriaExecutor.h:107] AriaExecutor 5 exits. 
I1126 15:30:32.583645 1007786 AriaExecutor.h:107] AriaExecutor 2 exits. 
I1126 15:30:32.583650 1007785 AriaExecutor.h:107] AriaExecutor 1 exits. 
I1126 15:30:32.583642 1007794 AriaExecutor.h:107] AriaExecutor 10 exits. 
I1126 15:30:32.583644 1007790 AriaExecutor.h:107] AriaExecutor 6 exits. 
I1126 15:30:32.583642 1007796 Manager.h:227] Manager(worker id = 12) on the coordinator node exits.
I1126 15:30:32.583647 1007787 AriaExecutor.h:107] AriaExecutor 3 exits. 
I1126 15:30:32.583628 1007791 AriaExecutor.h:107] AriaExecutor 7 exits. 
I1126 15:30:32.583645 1007793 AriaExecutor.h:107] AriaExecutor 9 exits. 
I1126 15:30:32.583647 1007792 AriaExecutor.h:107] AriaExecutor 8 exits. 
I1126 15:30:32.583323 1007768 AriaExecutor.h:705] Worker 0 latency: 362 us (50%) 418 us (75%) 465 us (95%) 480 us (99%).
I1126 15:30:32.738785 1007768 AriaExecutor.h:705] Worker 1 latency: 361 us (50%) 417 us (75%) 463 us (95%) 479 us (99%).
I1126 15:30:32.879427 1007768 AriaExecutor.h:705] Worker 2 latency: 364 us (50%) 418 us (75%) 465 us (95%) 480 us (99%).
I1126 15:30:33.032771 1007768 AriaExecutor.h:705] Worker 3 latency: 363 us (50%) 417 us (75%) 463 us (95%) 479 us (99%).
I1126 15:30:33.173032 1007768 AriaExecutor.h:705] Worker 4 latency: 365 us (50%) 419 us (75%) 465 us (95%) 480 us (99%).
I1126 15:30:33.328083 1007768 AriaExecutor.h:705] Worker 5 latency: 362 us (50%) 417 us (75%) 463 us (95%) 479 us (99%).
I1126 15:30:33.463673 1007768 AriaExecutor.h:705] Worker 6 latency: 368 us (50%) 420 us (75%) 465 us (95%) 480 us (99%).
I1126 15:30:33.620306 1007768 AriaExecutor.h:705] Worker 7 latency: 364 us (50%) 417 us (75%) 463 us (95%) 479 us (99%).
I1126 15:30:33.756728 1007768 AriaExecutor.h:705] Worker 8 latency: 369 us (50%) 421 us (75%) 465 us (95%) 480 us (99%).
I1126 15:30:33.907651 1007768 AriaExecutor.h:705] Worker 9 latency: 365 us (50%) 418 us (75%) 463 us (95%) 479 us (99%).
I1126 15:30:34.045804 1007768 AriaExecutor.h:705] Worker 10 latency: 368 us (50%) 420 us (75%) 465 us (95%) 480 us (99%).
I1126 15:30:34.199492 1007768 AriaExecutor.h:705] Worker 11 latency: 365 us (50%) 418 us (75%) 463 us (95%) 479 us (99%).
I1126 15:30:34.335661 1007768 Coordinator.h:177] total commit: 1.78114e+06
I1126 15:30:35.335799 1007768 Coordinator.h:192] Coordinator exits.
