I1126 13:31:06.530684 935104 Database.h:65] ycsb initialization finished in 30 milliseconds.
I1126 13:31:06.530778 935104 Coordinator.h:30] Coordinator initializes 12 workers.
I1126 13:31:06.538316 935104 Coordinator.h:77] Coordinator starts to run 13 workers.
I1126 13:31:06.538376 935120 AriaExecutor.h:82] AriaExecutor 0 started. 
I1126 13:31:06.538419 935121 AriaExecutor.h:82] AriaExecutor 1 started. 
I1126 13:31:06.538457 935122 AriaExecutor.h:82] AriaExecutor 2 started. 
I1126 13:31:06.538497 935123 AriaExecutor.h:82] AriaExecutor 3 started. 
I1126 13:31:06.538584 935125 AriaExecutor.h:82] AriaExecutor 5 started. 
I1126 13:31:06.538622 935126 AriaExecutor.h:82] AriaExecutor 6 started. 
I1126 13:31:06.538662 935127 AriaExecutor.h:82] AriaExecutor 7 started. 
I1126 13:31:06.538695 935128 AriaExecutor.h:82] AriaExecutor 8 started. 
I1126 13:31:06.538738 935129 AriaExecutor.h:82] AriaExecutor 9 started. 
I1126 13:31:06.538777 935130 AriaExecutor.h:82] AriaExecutor 10 started. 
I1126 13:31:06.538825 935131 AriaExecutor.h:82] AriaExecutor 11 started. 
I1126 13:31:06.538856 935124 AriaExecutor.h:82] AriaExecutor 4 started. 
I1126 13:31:06.538858 935132 Manager.h:224] Manager(worker id = 12) on the coordinator node started.
I1126 13:31:07.538929 935104 Coordinator.h:126] commit: 19731 abort: 142269 (0/142269/0), network size: 0, avg network size: 0, si_in_serializable: 0 0 %, local: 0 %
I1126 13:31:08.539065 935104 Coordinator.h:126] commit: 19434 abort: 141566 (0/141566/0), network size: 0, avg network size: 0, si_in_serializable: 0 0 %, local: 0 %
I1126 13:31:09.539211 935104 Coordinator.h:126] commit: 20053 abort: 143947 (0/143947/0), network size: 0, avg network size: 0, si_in_serializable: 0 0 %, local: 0 %
I1126 13:31:10.539340 935104 Coordinator.h:126] commit: 20012 abort: 143988 (0/143988/0), network size: 0, avg network size: 0, si_in_serializable: 0 0 %, local: 0 %
I1126 13:31:11.539458 935104 Coordinator.h:126] commit: 19800 abort: 143200 (0/143200/0), network size: 0, avg network size: 0, si_in_serializable: 0 0 %, local: 0 %
I1126 13:31:12.539583 935104 Coordinator.h:126] commit: 19787 abort: 142213 (0/142213/0), network size: 0, avg network size: 0, si_in_serializable: 0 0 %, local: 0 %
I1126 13:31:13.539726 935104 Coordinator.h:126] commit: 19921 abort: 144079 (0/144079/0), network size: 0, avg network size: 0, si_in_serializable: 0 0 %, local: 0 %
I1126 13:31:14.539849 935104 Coordinator.h:126] commit: 19835 abort: 144165 (0/144165/0), network size: 0, avg network size: 0, si_in_serializable: 0 0 %, local: 0 %
I1126 13:31:15.539964 935104 Coordinator.h:126] commit: 19798 abort: 144202 (0/144202/0), network size: 0, avg network size: 0, si_in_serializable: 0 0 %, local: 0 %
I1126 13:31:16.540082 935104 Coordinator.h:126] commit: 19929 abort: 144071 (0/144071/0), network size: 0, avg network size: 0, si_in_serializable: 0 0 %, local: 0 %
I1126 13:31:17.540206 935104 Coordinator.h:126] commit: 19912 abort: 144088 (0/144088/0), network size: 0, avg network size: 0, si_in_serializable: 0 0 %, local: 0 %
I1126 13:31:18.540323 935104 Coordinator.h:126] commit: 19840 abort: 144160 (0/144160/0), network size: 0, avg network size: 0, si_in_serializable: 0 0 %, local: 0 %
I1126 13:31:19.540437 935104 Coordinator.h:126] commit: 20049 abort: 143951 (0/143951/0), network size: 0, avg network size: 0, si_in_serializable: 0 0 %, local: 0 %
I1126 13:31:20.540555 935104 Coordinator.h:126] commit: 20059 abort: 144941 (0/144941/0), network size: 0, avg network size: 0, si_in_serializable: 0 0 %, local: 0 %
I1126 13:31:21.540676 935104 Coordinator.h:126] commit: 19691 abort: 142309 (0/142309/0), network size: 0, avg network size: 0, si_in_serializable: 0 0 %, local: 0 %
I1126 13:31:22.540791 935104 Coordinator.h:126] commit: 19905 abort: 144095 (0/144095/0), network size: 0, avg network size: 0, si_in_serializable: 0 0 %, local: 0 %
I1126 13:31:23.540934 935104 Coordinator.h:126] commit: 19885 abort: 143115 (0/143115/0), network size: 0, avg network size: 0, si_in_serializable: 0 0 %, local: 0 %
I1126 13:31:24.541059 935104 Coordinator.h:126] commit: 19914 abort: 144086 (0/144086/0), network size: 0, avg network size: 0, si_in_serializable: 0 0 %, local: 0 %
I1126 13:31:25.541181 935104 Coordinator.h:126] commit: 19660 abort: 144340 (0/144340/0), network size: 0, avg network size: 0, si_in_serializable: 0 0 %, local: 0 %
I1126 13:31:26.541301 935104 Coordinator.h:126] commit: 19716 abort: 143284 (0/143284/0), network size: 0, avg network size: 0, si_in_serializable: 0 0 %, local: 0 %
I1126 13:31:27.541419 935104 Coordinator.h:126] commit: 20118 abort: 143882 (0/143882/0), network size: 0, avg network size: 0, si_in_serializable: 0 0 %, local: 0 %
I1126 13:31:28.541535 935104 Coordinator.h:126] commit: 19960 abort: 144040 (0/144040/0), network size: 0, avg network size: 0, si_in_serializable: 0 0 %, local: 0 %
I1126 13:31:29.541653 935104 Coordinator.h:126] commit: 20017 abort: 143983 (0/143983/0), network size: 0, avg network size: 0, si_in_serializable: 0 0 %, local: 0 %
I1126 13:31:30.541777 935104 Coordinator.h:126] commit: 20032 abort: 143968 (0/143968/0), network size: 0, avg network size: 0, si_in_serializable: 0 0 %, local: 0 %
I1126 13:31:31.541898 935104 Coordinator.h:126] commit: 19879 abort: 144121 (0/144121/0), network size: 0, avg network size: 0, si_in_serializable: 0 0 %, local: 0 %
I1126 13:31:31.541934 935104 Coordinator.h:152] average commit: 19863.1 abort: 143837 (0/143837/0), network size: 0, avg network size: 0, si_in_serializable: 0 0 %, local: 0 %
I1126 13:31:31.541942 935104 AriaExecutor.h:535] Worker 0 latency: 5850 us (50%) 5933 us (75%) 6017 us (95%) 6098 us (99%).
I1126 13:31:31.547677 935124 AriaExecutor.h:94] AriaExecutor 4 exits. 
I1126 13:31:31.547679 935122 AriaExecutor.h:94] AriaExecutor 2 exits. 
I1126 13:31:31.547679 935132 Manager.h:227] Manager(worker id = 12) on the coordinator node exits.
I1126 13:31:31.547681 935130 AriaExecutor.h:94] AriaExecutor 10 exits. 
I1126 13:31:31.547698 935131 AriaExecutor.h:94] AriaExecutor 11 exits. 
I1126 13:31:31.547683 935128 AriaExecutor.h:94] AriaExecutor 8 exits. 
I1126 13:31:31.547683 935120 AriaExecutor.h:94] AriaExecutor 0 exits. 
I1126 13:31:31.547698 935129 AriaExecutor.h:94] AriaExecutor 9 exits. 
I1126 13:31:31.547698 935123 AriaExecutor.h:94] AriaExecutor 3 exits. 
I1126 13:31:31.547698 935125 AriaExecutor.h:94] AriaExecutor 5 exits. 
I1126 13:31:31.547698 935121 AriaExecutor.h:94] AriaExecutor 1 exits. 
I1126 13:31:31.547698 935127 AriaExecutor.h:94] AriaExecutor 7 exits. 
I1126 13:31:31.547681 935126 AriaExecutor.h:94] AriaExecutor 6 exits. 
I1126 13:31:31.547978 935104 AriaExecutor.h:535] Worker 1 latency: 5850 us (50%) 5934 us (75%) 6016 us (95%) 6093 us (99%).
I1126 13:31:31.550148 935104 AriaExecutor.h:535] Worker 2 latency: 5847 us (50%) 5932 us (75%) 6017 us (95%) 6094 us (99%).
I1126 13:31:31.552260 935104 AriaExecutor.h:535] Worker 3 latency: 5845 us (50%) 5931 us (75%) 6016 us (95%) 6092 us (99%).
I1126 13:31:31.554492 935104 AriaExecutor.h:535] Worker 4 latency: 5844 us (50%) 5931 us (75%) 6016 us (95%) 6094 us (99%).
I1126 13:31:31.556612 935104 AriaExecutor.h:535] Worker 5 latency: 5845 us (50%) 5930 us (75%) 6015 us (95%) 6090 us (99%).
I1126 13:31:31.558674 935104 AriaExecutor.h:535] Worker 6 latency: 5844 us (50%) 5929 us (75%) 6013 us (95%) 6090 us (99%).
I1126 13:31:31.560698 935104 AriaExecutor.h:535] Worker 7 latency: 5843 us (50%) 5929 us (75%) 6012 us (95%) 6094 us (99%).
I1126 13:31:31.562773 935104 AriaExecutor.h:535] Worker 8 latency: 5843 us (50%) 5929 us (75%) 6015 us (95%) 6093 us (99%).
I1126 13:31:31.564800 935104 AriaExecutor.h:535] Worker 9 latency: 5843 us (50%) 5929 us (75%) 6013 us (95%) 6091 us (99%).
I1126 13:31:31.566792 935104 AriaExecutor.h:535] Worker 10 latency: 5843 us (50%) 5929 us (75%) 6013 us (95%) 6093 us (99%).
I1126 13:31:31.568770 935104 AriaExecutor.h:535] Worker 11 latency: 5841 us (50%) 5928 us (75%) 6012 us (95%) 6090 us (99%).
I1126 13:31:31.570762 935104 Coordinator.h:177] total commit: 19863.1
I1126 13:31:32.570885 935104 Coordinator.h:192] Coordinator exits.
