I0911 22:10:29.095983 2931917 Database.h:65] ycsb initialization finished in 146 milliseconds.
I0911 22:10:29.096101 2931917 Coordinator.h:30] Coordinator initializes 16 workers.
I0911 22:10:29.126598 2931917 Coordinator.h:77] Coordinator starts to run 17 workers.
I0911 22:10:29.126649 2931937 AriaExecutor.h:82] AriaExecutor 0 started. 
I0911 22:10:29.126683 2931938 AriaExecutor.h:82] AriaExecutor 1 started. 
I0911 22:10:29.126724 2931939 AriaExecutor.h:82] AriaExecutor 2 started. 
I0911 22:10:29.126777 2931940 AriaExecutor.h:82] AriaExecutor 3 started. 
I0911 22:10:29.126809 2931941 AriaExecutor.h:82] AriaExecutor 4 started. 
I0911 22:10:29.126859 2931942 AriaExecutor.h:82] AriaExecutor 5 started. 
I0911 22:10:29.126891 2931943 AriaExecutor.h:82] AriaExecutor 6 started. 
I0911 22:10:29.126933 2931944 AriaExecutor.h:82] AriaExecutor 7 started. 
I0911 22:10:29.126966 2931945 AriaExecutor.h:82] AriaExecutor 8 started. 
I0911 22:10:29.127009 2931946 AriaExecutor.h:82] AriaExecutor 9 started. 
I0911 22:10:29.127053 2931947 AriaExecutor.h:82] AriaExecutor 10 started. 
I0911 22:10:29.127091 2931948 AriaExecutor.h:82] AriaExecutor 11 started. 
I0911 22:10:29.127125 2931949 AriaExecutor.h:82] AriaExecutor 12 started. 
I0911 22:10:29.127166 2931950 AriaExecutor.h:82] AriaExecutor 13 started. 
I0911 22:10:29.127199 2931951 AriaExecutor.h:82] AriaExecutor 14 started. 
I0911 22:10:29.127242 2931952 AriaExecutor.h:82] AriaExecutor 15 started. 
I0911 22:10:29.127292 2931953 Manager.h:224] Manager(worker id = 16) on the coordinator node started.
I0911 22:10:30.127342 2931917 Coordinator.h:126] commit: 1078844 abort: 18884 (0/18884/0), network size: 0, avg network size: 0, si_in_serializable: 0 0 %, local: 0 %
I0911 22:10:31.127460 2931917 Coordinator.h:126] commit: 1071130 abort: 18406 (0/18406/0), network size: 0, avg network size: 0, si_in_serializable: 0 0 %, local: 0 %
I0911 22:10:32.127543 2931917 Coordinator.h:126] commit: 1042608 abort: 18256 (0/18256/0), network size: 0, avg network size: 0, si_in_serializable: 0 0 %, local: 0 %
I0911 22:10:33.127629 2931917 Coordinator.h:126] commit: 1042536 abort: 18328 (0/18328/0), network size: 0, avg network size: 0, si_in_serializable: 0 0 %, local: 0 %
I0911 22:10:34.127725 2931917 Coordinator.h:126] commit: 1082559 abort: 19265 (0/19265/0), network size: 0, avg network size: 0, si_in_serializable: 0 0 %, local: 0 %
I0911 22:10:35.127807 2931917 Coordinator.h:126] commit: 1090861 abort: 19155 (0/19155/0), network size: 0, avg network size: 0, si_in_serializable: 0 0 %, local: 0 %
I0911 22:10:36.127884 2931917 Coordinator.h:126] commit: 1089549 abort: 19020 (0/19020/0), network size: 0, avg network size: 0, si_in_serializable: 0 0 %, local: 0 %
I0911 22:10:37.127959 2931917 Coordinator.h:126] commit: 1072147 abort: 18836 (0/18836/0), network size: 0, avg network size: 0, si_in_serializable: 0 0 %, local: 0 %
I0911 22:10:38.128036 2931917 Coordinator.h:126] commit: 1070866 abort: 18670 (0/18670/0), network size: 0, avg network size: 0, si_in_serializable: 0 0 %, local: 0 %
I0911 22:10:39.128114 2931917 Coordinator.h:126] commit: 1058843 abort: 18405 (0/18405/0), network size: 0, avg network size: 0, si_in_serializable: 0 0 %, local: 0 %
I0911 22:10:40.128192 2931917 Coordinator.h:126] commit: 1090957 abort: 19059 (0/19059/0), network size: 0, avg network size: 0, si_in_serializable: 0 0 %, local: 0 %
I0911 22:10:41.128268 2931917 Coordinator.h:126] commit: 1070922 abort: 18614 (0/18614/0), network size: 0, avg network size: 0, si_in_serializable: 0 0 %, local: 0 %
I0911 22:10:42.128367 2931917 Coordinator.h:126] commit: 1086935 abort: 18985 (0/18985/0), network size: 0, avg network size: 0, si_in_serializable: 0 0 %, local: 0 %
I0911 22:10:43.128449 2931917 Coordinator.h:126] commit: 1091092 abort: 18924 (0/18924/0), network size: 0, avg network size: 0, si_in_serializable: 0 0 %, local: 0 %
I0911 22:10:44.128525 2931917 Coordinator.h:126] commit: 1090890 abort: 19126 (0/19126/0), network size: 0, avg network size: 0, si_in_serializable: 0 0 %, local: 0 %
I0911 22:10:45.128600 2931917 Coordinator.h:126] commit: 1062711 abort: 18633 (0/18633/0), network size: 0, avg network size: 0, si_in_serializable: 0 0 %, local: 0 %
I0911 22:10:46.128677 2931917 Coordinator.h:126] commit: 1090753 abort: 19263 (0/19263/0), network size: 0, avg network size: 0, si_in_serializable: 0 0 %, local: 0 %
I0911 22:10:47.128751 2931917 Coordinator.h:126] commit: 1086959 abort: 18961 (0/18961/0), network size: 0, avg network size: 0, si_in_serializable: 0 0 %, local: 0 %
I0911 22:10:48.128827 2931917 Coordinator.h:126] commit: 1090914 abort: 19102 (0/19102/0), network size: 0, avg network size: 0, si_in_serializable: 0 0 %, local: 0 %
I0911 22:10:49.128901 2931917 Coordinator.h:126] commit: 1086687 abort: 19233 (0/19233/0), network size: 0, avg network size: 0, si_in_serializable: 0 0 %, local: 0 %
I0911 22:10:50.128978 2931917 Coordinator.h:126] commit: 1090960 abort: 19056 (0/19056/0), network size: 0, avg network size: 0, si_in_serializable: 0 0 %, local: 0 %
I0911 22:10:51.129041 2931917 Coordinator.h:126] commit: 1086859 abort: 19061 (0/19061/0), network size: 0, avg network size: 0, si_in_serializable: 0 0 %, local: 0 %
I0911 22:10:52.129109 2931917 Coordinator.h:126] commit: 1091230 abort: 18786 (0/18786/0), network size: 0, avg network size: 0, si_in_serializable: 0 0 %, local: 0 %
I0911 22:10:53.129186 2931917 Coordinator.h:126] commit: 1087012 abort: 18908 (0/18908/0), network size: 0, avg network size: 0, si_in_serializable: 0 0 %, local: 0 %
I0911 22:10:54.129263 2931917 Coordinator.h:126] commit: 1075125 abort: 18507 (0/18507/0), network size: 0, avg network size: 0, si_in_serializable: 0 0 %, local: 0 %
I0911 22:10:54.129274 2931917 Coordinator.h:152] average commit: 1.08488e+06 abort: 18990 (0/18990/0), network size: 0, avg network size: 0, si_in_serializable: 0 0 %, local: 0 %
I0911 22:10:54.132390 2931943 AriaExecutor.h:94] AriaExecutor 6 exits. 
I0911 22:10:54.132390 2931947 AriaExecutor.h:94] AriaExecutor 10 exits. 
I0911 22:10:54.132411 2931944 AriaExecutor.h:94] AriaExecutor 7 exits. 
I0911 22:10:54.132390 2931951 AriaExecutor.h:94] AriaExecutor 14 exits. 
I0911 22:10:54.132391 2931949 AriaExecutor.h:94] AriaExecutor 12 exits. 
I0911 22:10:54.132400 2931940 AriaExecutor.h:94] AriaExecutor 3 exits. 
I0911 22:10:54.132391 2931939 AriaExecutor.h:94] AriaExecutor 2 exits. 
I0911 22:10:54.132401 2931948 AriaExecutor.h:94] AriaExecutor 11 exits. 
I0911 22:10:54.132391 2931953 Manager.h:227] Manager(worker id = 16) on the coordinator node exits.
I0911 22:10:54.132393 2931941 AriaExecutor.h:94] AriaExecutor 4 exits. 
I0911 22:10:54.132401 2931950 AriaExecutor.h:94] AriaExecutor 13 exits. 
I0911 22:10:54.132401 2931938 AriaExecutor.h:94] AriaExecutor 1 exits. 
I0911 22:10:54.132401 2931952 AriaExecutor.h:94] AriaExecutor 15 exits. 
I0911 22:10:54.132401 2931942 AriaExecutor.h:94] AriaExecutor 5 exits. 
I0911 22:10:54.132390 2931945 AriaExecutor.h:94] AriaExecutor 8 exits. 
I0911 22:10:54.132390 2931937 AriaExecutor.h:94] AriaExecutor 0 exits. 
I0911 22:10:54.132402 2931946 AriaExecutor.h:94] AriaExecutor 9 exits. 
I0911 22:10:54.129282 2931917 AriaExecutor.h:535] Worker 0 latency: 2329 us (50%) 2927 us (75%) 3405 us (95%) 3504 us (99%).
I0911 22:10:54.198300 2931917 AriaExecutor.h:535] Worker 1 latency: 2329 us (50%) 2926 us (75%) 3403 us (95%) 3503 us (99%).
I0911 22:10:54.275149 2931917 AriaExecutor.h:535] Worker 2 latency: 2343 us (50%) 2934 us (75%) 3406 us (95%) 3504 us (99%).
I0911 22:10:54.343577 2931917 AriaExecutor.h:535] Worker 3 latency: 2330 us (50%) 2927 us (75%) 3403 us (95%) 3503 us (99%).
I0911 22:10:54.420579 2931917 AriaExecutor.h:535] Worker 4 latency: 2333 us (50%) 2929 us (75%) 3405 us (95%) 3504 us (99%).
I0911 22:10:54.489992 2931917 AriaExecutor.h:535] Worker 5 latency: 2327 us (50%) 2925 us (75%) 3403 us (95%) 3503 us (99%).
I0911 22:10:54.566442 2931917 AriaExecutor.h:535] Worker 6 latency: 2343 us (50%) 2934 us (75%) 3406 us (95%) 3505 us (99%).
I0911 22:10:54.634191 2931917 AriaExecutor.h:535] Worker 7 latency: 2330 us (50%) 2927 us (75%) 3403 us (95%) 3502 us (99%).
I0911 22:10:54.709883 2931917 AriaExecutor.h:535] Worker 8 latency: 2333 us (50%) 2929 us (75%) 3405 us (95%) 3504 us (99%).
I0911 22:10:54.779371 2931917 AriaExecutor.h:535] Worker 9 latency: 2327 us (50%) 2925 us (75%) 3402 us (95%) 3503 us (99%).
I0911 22:10:54.856015 2931917 AriaExecutor.h:535] Worker 10 latency: 2346 us (50%) 2935 us (75%) 3406 us (95%) 3505 us (99%).
I0911 22:10:54.927371 2931917 AriaExecutor.h:535] Worker 11 latency: 2330 us (50%) 2926 us (75%) 3402 us (95%) 3501 us (99%).
I0911 22:10:55.002569 2931917 AriaExecutor.h:535] Worker 12 latency: 2338 us (50%) 2931 us (75%) 3405 us (95%) 3504 us (99%).
I0911 22:10:55.070708 2931917 AriaExecutor.h:535] Worker 13 latency: 2327 us (50%) 2925 us (75%) 3402 us (95%) 3502 us (99%).
I0911 22:10:55.145936 2931917 AriaExecutor.h:535] Worker 14 latency: 2336 us (50%) 2928 us (75%) 3402 us (95%) 3503 us (99%).
I0911 22:10:55.215852 2931917 AriaExecutor.h:535] Worker 15 latency: 2333 us (50%) 2927 us (75%) 3402 us (95%) 3502 us (99%).
I0911 22:10:55.291046 2931917 Coordinator.h:177] total commit: 1.08488e+06
I0911 22:10:56.291169 2931917 Coordinator.h:192] Coordinator exits.
