I1126 18:15:03.127693 1072652 Database.h:65] ycsb initialization finished in 30 milliseconds.
I1126 18:15:03.127796 1072652 Coordinator.h:30] Coordinator initializes 12 workers.
I1126 18:15:03.128679 1072652 Coordinator.h:77] Coordinator starts to run 13 workers.
I1126 18:15:03.128749 1072668 AriaExecutor.h:91] AriaExecutor 0 started. 
I1126 18:15:03.128794 1072669 AriaExecutor.h:91] AriaExecutor 1 started. 
I1126 18:15:03.128845 1072670 AriaExecutor.h:91] AriaExecutor 2 started. 
I1126 18:15:03.128885 1072671 AriaExecutor.h:91] AriaExecutor 3 started. 
I1126 18:15:03.128966 1072673 AriaExecutor.h:91] AriaExecutor 5 started. 
I1126 18:15:03.129014 1072674 AriaExecutor.h:91] AriaExecutor 6 started. 
I1126 18:15:03.129050 1072675 AriaExecutor.h:91] AriaExecutor 7 started. 
I1126 18:15:03.129087 1072676 AriaExecutor.h:91] AriaExecutor 8 started. 
I1126 18:15:03.129133 1072677 AriaExecutor.h:91] AriaExecutor 9 started. 
I1126 18:15:03.129168 1072678 AriaExecutor.h:91] AriaExecutor 10 started. 
I1126 18:15:03.129217 1072679 AriaExecutor.h:91] AriaExecutor 11 started. 
I1126 18:15:03.129249 1072672 AriaExecutor.h:91] AriaExecutor 4 started. 
I1126 18:15:03.129251 1072680 Manager.h:224] Manager(worker id = 12) on the coordinator node started.
I1126 18:15:04.129316 1072652 Coordinator.h:126] commit: 1154283 abort: 231717 (0/231717/0), network size: 0, avg network size: 0, si_in_serializable: 0 0 %, local: 0 %
I1126 18:15:05.129434 1072652 Coordinator.h:126] commit: 1142382 abort: 230618 (0/230618/0), network size: 0, avg network size: 0, si_in_serializable: 0 0 %, local: 0 %
I1126 18:15:06.129532 1072652 Coordinator.h:126] commit: 1165764 abort: 235236 (0/235236/0), network size: 0, avg network size: 0, si_in_serializable: 0 0 %, local: 0 %
I1126 18:15:07.129613 1072652 Coordinator.h:126] commit: 1180089 abort: 236911 (0/236911/0), network size: 0, avg network size: 0, si_in_serializable: 0 0 %, local: 0 %
I1126 18:15:08.129688 1072652 Coordinator.h:126] commit: 1183592 abort: 237408 (0/237408/0), network size: 0, avg network size: 0, si_in_serializable: 0 0 %, local: 0 %
I1126 18:15:09.129765 1072652 Coordinator.h:126] commit: 1144226 abort: 231774 (0/231774/0), network size: 0, avg network size: 0, si_in_serializable: 0 0 %, local: 0 %
I1126 18:15:10.129853 1072652 Coordinator.h:126] commit: 1161961 abort: 234039 (0/234039/0), network size: 0, avg network size: 0, si_in_serializable: 0 0 %, local: 0 %
I1126 18:15:11.129928 1072652 Coordinator.h:126] commit: 1182394 abort: 238606 (0/238606/0), network size: 0, avg network size: 0, si_in_serializable: 0 0 %, local: 0 %
I1126 18:15:12.130000 1072652 Coordinator.h:126] commit: 1180243 abort: 238757 (0/238757/0), network size: 0, avg network size: 0, si_in_serializable: 0 0 %, local: 0 %
I1126 18:15:13.130074 1072652 Coordinator.h:126] commit: 1179369 abort: 237631 (0/237631/0), network size: 0, avg network size: 0, si_in_serializable: 0 0 %, local: 0 %
I1126 18:15:14.130160 1072652 Coordinator.h:126] commit: 1102596 abort: 221404 (0/221404/0), network size: 0, avg network size: 0, si_in_serializable: 0 0 %, local: 0 %
I1126 18:15:15.130265 1072652 Coordinator.h:126] commit: 1173919 abort: 236255 (0/236255/0), network size: 0, avg network size: 0, si_in_serializable: 0 0 %, local: 0 %
I1126 18:15:16.130357 1072652 Coordinator.h:126] commit: 1172777 abort: 237049 (0/237049/0), network size: 0, avg network size: 0, si_in_serializable: 0 0 %, local: 0 %
I1126 18:15:17.130445 1072652 Coordinator.h:126] commit: 1182788 abort: 237212 (0/237212/0), network size: 0, avg network size: 0, si_in_serializable: 0 0 %, local: 0 %
I1126 18:15:18.130539 1072652 Coordinator.h:126] commit: 1166378 abort: 234622 (0/234622/0), network size: 0, avg network size: 0, si_in_serializable: 0 0 %, local: 0 %
I1126 18:15:19.130630 1072652 Coordinator.h:126] commit: 1181185 abort: 238815 (0/238815/0), network size: 0, avg network size: 0, si_in_serializable: 0 0 %, local: 0 %
I1126 18:15:20.130712 1072652 Coordinator.h:126] commit: 1176304 abort: 236696 (0/236696/0), network size: 0, avg network size: 0, si_in_serializable: 0 0 %, local: 0 %
I1126 18:15:21.130795 1072652 Coordinator.h:126] commit: 1183694 abort: 238306 (0/238306/0), network size: 0, avg network size: 0, si_in_serializable: 0 0 %, local: 0 %
I1126 18:15:22.130870 1072652 Coordinator.h:126] commit: 1179102 abort: 237898 (0/237898/0), network size: 0, avg network size: 0, si_in_serializable: 0 0 %, local: 0 %
I1126 18:15:23.130950 1072652 Coordinator.h:126] commit: 1179030 abort: 237970 (0/237970/0), network size: 0, avg network size: 0, si_in_serializable: 0 0 %, local: 0 %
I1126 18:15:24.131029 1072652 Coordinator.h:126] commit: 1175789 abort: 237211 (0/237211/0), network size: 0, avg network size: 0, si_in_serializable: 0 0 %, local: 0 %
I1126 18:15:25.131107 1072652 Coordinator.h:126] commit: 1013242 abort: 204758 (0/204758/0), network size: 0, avg network size: 0, si_in_serializable: 0 0 %, local: 0 %
I1126 18:15:26.131186 1072652 Coordinator.h:126] commit: 1179089 abort: 237911 (0/237911/0), network size: 0, avg network size: 0, si_in_serializable: 0 0 %, local: 0 %
I1126 18:15:27.131261 1072652 Coordinator.h:126] commit: 1182441 abort: 239559 (0/239559/0), network size: 0, avg network size: 0, si_in_serializable: 0 0 %, local: 0 %
I1126 18:15:28.131337 1072652 Coordinator.h:126] commit: 1178178 abort: 237822 (0/237822/0), network size: 0, avg network size: 0, si_in_serializable: 0 0 %, local: 0 %
I1126 18:15:28.131349 1072652 Coordinator.h:152] average commit: 1.16978e+06 abort: 235623 (0/235623/0), network size: 0, avg network size: 0, si_in_serializable: 0 0 %, local: 0 %
I1126 18:15:28.131901 1072676 AriaExecutor.h:103] AriaExecutor 8 exits. 
I1126 18:15:28.131908 1072668 AriaExecutor.h:103] AriaExecutor 0 exits. 
I1126 18:15:28.131904 1072674 AriaExecutor.h:103] AriaExecutor 6 exits. 
I1126 18:15:28.131902 1072680 Manager.h:227] Manager(worker id = 12) on the coordinator node exits.
I1126 18:15:28.131918 1072675 AriaExecutor.h:103] AriaExecutor 7 exits. 
I1126 18:15:28.131906 1072678 AriaExecutor.h:103] AriaExecutor 10 exits. 
I1126 18:15:28.131903 1072672 AriaExecutor.h:103] AriaExecutor 4 exits. 
I1126 18:15:28.131917 1072679 AriaExecutor.h:103] AriaExecutor 11 exits. 
I1126 18:15:28.131918 1072671 AriaExecutor.h:103] AriaExecutor 3 exits. 
I1126 18:15:28.131918 1072673 AriaExecutor.h:103] AriaExecutor 5 exits. 
I1126 18:15:28.131919 1072677 AriaExecutor.h:103] AriaExecutor 9 exits. 
I1126 18:15:28.131919 1072669 AriaExecutor.h:103] AriaExecutor 1 exits. 
I1126 18:15:28.131902 1072670 AriaExecutor.h:103] AriaExecutor 2 exits. 
I1126 18:15:28.131361 1072652 AriaExecutor.h:621] Worker 0 latency: 539 us (50%) 589 us (75%) 631 us (95%) 657 us (99%).
I1126 18:15:28.220839 1072652 AriaExecutor.h:621] Worker 1 latency: 537 us (50%) 588 us (75%) 629 us (95%) 655 us (99%).
I1126 18:15:28.313061 1072652 AriaExecutor.h:621] Worker 2 latency: 538 us (50%) 588 us (75%) 630 us (95%) 656 us (99%).
I1126 18:15:28.404910 1072652 AriaExecutor.h:621] Worker 3 latency: 539 us (50%) 588 us (75%) 629 us (95%) 655 us (99%).
I1126 18:15:28.494484 1072652 AriaExecutor.h:621] Worker 4 latency: 539 us (50%) 588 us (75%) 630 us (95%) 656 us (99%).
I1126 18:15:28.580690 1072652 AriaExecutor.h:621] Worker 5 latency: 538 us (50%) 587 us (75%) 629 us (95%) 655 us (99%).
I1126 18:15:28.671505 1072652 AriaExecutor.h:621] Worker 6 latency: 543 us (50%) 590 us (75%) 630 us (95%) 656 us (99%).
I1126 18:15:28.760488 1072652 AriaExecutor.h:621] Worker 7 latency: 540 us (50%) 588 us (75%) 629 us (95%) 655 us (99%).
I1126 18:15:28.848340 1072652 AriaExecutor.h:621] Worker 8 latency: 543 us (50%) 590 us (75%) 631 us (95%) 657 us (99%).
I1126 18:15:28.936127 1072652 AriaExecutor.h:621] Worker 9 latency: 541 us (50%) 588 us (75%) 629 us (95%) 655 us (99%).
I1126 18:15:29.023658 1072652 AriaExecutor.h:621] Worker 10 latency: 542 us (50%) 589 us (75%) 630 us (95%) 656 us (99%).
I1126 18:15:29.112526 1072652 AriaExecutor.h:621] Worker 11 latency: 539 us (50%) 587 us (75%) 629 us (95%) 655 us (99%).
I1126 18:15:29.204319 1072652 Coordinator.h:177] total commit: 1.16978e+06
I1126 18:15:30.204430 1072652 Coordinator.h:192] Coordinator exits.
