I1126 18:19:34.804414 1075410 Database.h:65] ycsb initialization finished in 30 milliseconds.
I1126 18:19:34.804522 1075410 Coordinator.h:30] Coordinator initializes 12 workers.
I1126 18:19:34.805410 1075410 Coordinator.h:77] Coordinator starts to run 13 workers.
I1126 18:19:34.805467 1075426 AriaExecutor.h:91] AriaExecutor 0 started. 
I1126 18:19:34.805505 1075427 AriaExecutor.h:91] AriaExecutor 1 started. 
I1126 18:19:34.805543 1075428 AriaExecutor.h:91] AriaExecutor 2 started. 
I1126 18:19:34.805593 1075429 AriaExecutor.h:91] AriaExecutor 3 started. 
I1126 18:19:34.805668 1075431 AriaExecutor.h:91] AriaExecutor 5 started. 
I1126 18:19:34.805712 1075432 AriaExecutor.h:91] AriaExecutor 6 started. 
I1126 18:19:34.805742 1075433 AriaExecutor.h:91] AriaExecutor 7 started. 
I1126 18:19:34.805774 1075434 AriaExecutor.h:91] AriaExecutor 8 started. 
I1126 18:19:34.805833 1075435 AriaExecutor.h:91] AriaExecutor 9 started. 
I1126 18:19:34.805868 1075436 AriaExecutor.h:91] AriaExecutor 10 started. 
I1126 18:19:34.805910 1075437 AriaExecutor.h:91] AriaExecutor 11 started. 
I1126 18:19:34.805944 1075430 AriaExecutor.h:91] AriaExecutor 4 started. 
I1126 18:19:34.805945 1075438 Manager.h:224] Manager(worker id = 12) on the coordinator node started.
I1126 18:19:35.806012 1075410 Coordinator.h:126] commit: 1559166 abort: 577834 (0/577834/0), network size: 0, avg network size: 0, si_in_serializable: 0 0 %, local: 0 %
I1126 18:19:36.806126 1075410 Coordinator.h:126] commit: 1534810 abort: 570190 (0/570190/0), network size: 0, avg network size: 0, si_in_serializable: 0 0 %, local: 0 %
I1126 18:19:37.806241 1075410 Coordinator.h:126] commit: 1552449 abort: 575551 (0/575551/0), network size: 0, avg network size: 0, si_in_serializable: 0 0 %, local: 0 %
I1126 18:19:38.806345 1075410 Coordinator.h:126] commit: 1579106 abort: 585871 (0/585871/0), network size: 0, avg network size: 0, si_in_serializable: 0 0 %, local: 0 %
I1126 18:19:39.806430 1075410 Coordinator.h:126] commit: 1535792 abort: 570648 (0/570648/0), network size: 0, avg network size: 0, si_in_serializable: 0 0 %, local: 0 %
I1126 18:19:40.806526 1075410 Coordinator.h:126] commit: 1579972 abort: 586610 (0/586610/0), network size: 0, avg network size: 0, si_in_serializable: 0 0 %, local: 0 %
I1126 18:19:41.806627 1075410 Coordinator.h:126] commit: 1556570 abort: 576430 (0/576430/0), network size: 0, avg network size: 0, si_in_serializable: 0 0 %, local: 0 %
I1126 18:19:42.806735 1075410 Coordinator.h:126] commit: 1569425 abort: 582501 (0/582501/0), network size: 0, avg network size: 0, si_in_serializable: 0 0 %, local: 0 %
I1126 18:19:43.806838 1075410 Coordinator.h:126] commit: 1467434 abort: 545640 (0/545640/0), network size: 0, avg network size: 0, si_in_serializable: 0 0 %, local: 0 %
I1126 18:19:44.806937 1075410 Coordinator.h:126] commit: 1584744 abort: 586256 (0/586256/0), network size: 0, avg network size: 0, si_in_serializable: 0 0 %, local: 0 %
I1126 18:19:45.807020 1075410 Coordinator.h:126] commit: 1576145 abort: 585855 (0/585855/0), network size: 0, avg network size: 0, si_in_serializable: 0 0 %, local: 0 %
I1126 18:19:46.807118 1075410 Coordinator.h:126] commit: 1576996 abort: 585004 (0/585004/0), network size: 0, avg network size: 0, si_in_serializable: 0 0 %, local: 0 %
I1126 18:19:47.807201 1075410 Coordinator.h:126] commit: 1578810 abort: 586190 (0/586190/0), network size: 0, avg network size: 0, si_in_serializable: 0 0 %, local: 0 %
I1126 18:19:48.807323 1075410 Coordinator.h:126] commit: 1563339 abort: 579661 (0/579661/0), network size: 0, avg network size: 0, si_in_serializable: 0 0 %, local: 0 %
I1126 18:19:49.807433 1075410 Coordinator.h:126] commit: 1578341 abort: 584659 (0/584659/0), network size: 0, avg network size: 0, si_in_serializable: 0 0 %, local: 0 %
I1126 18:19:50.807533 1075410 Coordinator.h:126] commit: 1544828 abort: 571172 (0/571172/0), network size: 0, avg network size: 0, si_in_serializable: 0 0 %, local: 0 %
I1126 18:19:51.807621 1075410 Coordinator.h:126] commit: 1383588 abort: 513412 (0/513412/0), network size: 0, avg network size: 0, si_in_serializable: 0 0 %, local: 0 %
I1126 18:19:52.807726 1075410 Coordinator.h:126] commit: 1582139 abort: 585861 (0/585861/0), network size: 0, avg network size: 0, si_in_serializable: 0 0 %, local: 0 %
I1126 18:19:53.807837 1075410 Coordinator.h:126] commit: 1578609 abort: 586391 (0/586391/0), network size: 0, avg network size: 0, si_in_serializable: 0 0 %, local: 0 %
I1126 18:19:54.807936 1075410 Coordinator.h:126] commit: 1581654 abort: 587346 (0/587346/0), network size: 0, avg network size: 0, si_in_serializable: 0 0 %, local: 0 %
I1126 18:19:55.808024 1075410 Coordinator.h:126] commit: 1579151 abort: 584849 (0/584849/0), network size: 0, avg network size: 0, si_in_serializable: 0 0 %, local: 0 %
I1126 18:19:56.808120 1075410 Coordinator.h:126] commit: 1582627 abort: 587373 (0/587373/0), network size: 0, avg network size: 0, si_in_serializable: 0 0 %, local: 0 %
I1126 18:19:57.808208 1075410 Coordinator.h:126] commit: 1578996 abort: 583004 (0/583004/0), network size: 0, avg network size: 0, si_in_serializable: 0 0 %, local: 0 %
I1126 18:19:58.808307 1075410 Coordinator.h:126] commit: 1581388 abort: 587612 (0/587612/0), network size: 0, avg network size: 0, si_in_serializable: 0 0 %, local: 0 %
I1126 18:19:59.808396 1075410 Coordinator.h:126] commit: 1580836 abort: 586164 (0/586164/0), network size: 0, avg network size: 0, si_in_serializable: 0 0 %, local: 0 %
I1126 18:19:59.808418 1075410 Coordinator.h:152] average commit: 1.55444e+06 abort: 576555 (0/576555/0), network size: 0, avg network size: 0, si_in_serializable: 0 0 %, local: 0 %
I1126 18:19:59.808735 1075428 AriaExecutor.h:103] AriaExecutor 2 exits. 
I1126 18:19:59.808740 1075434 AriaExecutor.h:103] AriaExecutor 8 exits. 
I1126 18:19:59.808735 1075426 AriaExecutor.h:103] AriaExecutor 0 exits. 
I1126 18:19:59.808738 1075436 AriaExecutor.h:103] AriaExecutor 10 exits. 
I1126 18:19:59.808738 1075430 AriaExecutor.h:103] AriaExecutor 4 exits. 
I1126 18:19:59.808749 1075437 AriaExecutor.h:103] AriaExecutor 11 exits. 
I1126 18:19:59.808749 1075435 AriaExecutor.h:103] AriaExecutor 9 exits. 
I1126 18:19:59.808739 1075438 Manager.h:227] Manager(worker id = 12) on the coordinator node exits.
I1126 18:19:59.808749 1075427 AriaExecutor.h:103] AriaExecutor 1 exits. 
I1126 18:19:59.808749 1075429 AriaExecutor.h:103] AriaExecutor 3 exits. 
I1126 18:19:59.808749 1075433 AriaExecutor.h:103] AriaExecutor 7 exits. 
I1126 18:19:59.808738 1075432 AriaExecutor.h:103] AriaExecutor 6 exits. 
I1126 18:19:59.808749 1075431 AriaExecutor.h:103] AriaExecutor 5 exits. 
I1126 18:19:59.808426 1075410 AriaExecutor.h:621] Worker 0 latency: 323 us (50%) 373 us (75%) 412 us (95%) 426 us (99%).
I1126 18:19:59.933486 1075410 AriaExecutor.h:621] Worker 1 latency: 322 us (50%) 372 us (75%) 411 us (95%) 424 us (99%).
I1126 18:20:00.076382 1075410 AriaExecutor.h:621] Worker 2 latency: 324 us (50%) 373 us (75%) 412 us (95%) 425 us (99%).
I1126 18:20:00.198704 1075410 AriaExecutor.h:621] Worker 3 latency: 325 us (50%) 373 us (75%) 411 us (95%) 424 us (99%).
I1126 18:20:00.321822 1075410 AriaExecutor.h:621] Worker 4 latency: 325 us (50%) 373 us (75%) 412 us (95%) 425 us (99%).
I1126 18:20:00.440546 1075410 AriaExecutor.h:621] Worker 5 latency: 322 us (50%) 371 us (75%) 410 us (95%) 424 us (99%).
I1126 18:20:00.564498 1075410 AriaExecutor.h:621] Worker 6 latency: 327 us (50%) 374 us (75%) 412 us (95%) 425 us (99%).
I1126 18:20:00.682595 1075410 AriaExecutor.h:621] Worker 7 latency: 325 us (50%) 372 us (75%) 410 us (95%) 424 us (99%).
I1126 18:20:00.804054 1075410 AriaExecutor.h:621] Worker 8 latency: 328 us (50%) 375 us (75%) 413 us (95%) 426 us (99%).
I1126 18:20:00.929405 1075410 AriaExecutor.h:621] Worker 9 latency: 326 us (50%) 373 us (75%) 411 us (95%) 424 us (99%).
I1126 18:20:01.048566 1075410 AriaExecutor.h:621] Worker 10 latency: 327 us (50%) 375 us (75%) 412 us (95%) 426 us (99%).
I1126 18:20:01.172425 1075410 AriaExecutor.h:621] Worker 11 latency: 326 us (50%) 373 us (75%) 410 us (95%) 424 us (99%).
I1126 18:20:01.312067 1075410 Coordinator.h:177] total commit: 1.55444e+06
I1126 18:20:02.312181 1075410 Coordinator.h:192] Coordinator exits.
