I1126 15:11:49.191037 995843 Database.h:65] ycsb initialization finished in 30 milliseconds.
I1126 15:11:49.191143 995843 Coordinator.h:30] Coordinator initializes 12 workers.
I1126 15:11:49.192030 995843 Coordinator.h:77] Coordinator starts to run 13 workers.
I1126 15:11:49.192085 995859 AriaExecutor.h:95] AriaExecutor 0 started. 
I1126 15:11:49.192126 995860 AriaExecutor.h:95] AriaExecutor 1 started. 
I1126 15:11:49.192166 995861 AriaExecutor.h:95] AriaExecutor 2 started. 
I1126 15:11:49.192217 995862 AriaExecutor.h:95] AriaExecutor 3 started. 
I1126 15:11:49.192269 995863 AriaExecutor.h:95] AriaExecutor 4 started. 
I1126 15:11:49.192324 995864 AriaExecutor.h:95] AriaExecutor 5 started. 
I1126 15:11:49.192371 995865 AriaExecutor.h:95] AriaExecutor 6 started. 
I1126 15:11:49.192421 995866 AriaExecutor.h:95] AriaExecutor 7 started. 
I1126 15:11:49.192472 995867 AriaExecutor.h:95] AriaExecutor 8 started. 
I1126 15:11:49.192525 995868 AriaExecutor.h:95] AriaExecutor 9 started. 
I1126 15:11:49.192571 995869 AriaExecutor.h:95] AriaExecutor 10 started. 
I1126 15:11:49.192631 995870 AriaExecutor.h:95] AriaExecutor 11 started. 
I1126 15:11:49.192683 995871 Manager.h:224] Manager(worker id = 12) on the coordinator node started.
I1126 15:11:50.192746 995843 Coordinator.h:126] commit: 1866648 abort: 8352 (0/8352/0), network size: 0, avg network size: 0, si_in_serializable: 0 0 %, local: 0 %
I1126 15:11:51.192873 995843 Coordinator.h:126] commit: 1839671 abort: 8329 (0/8329/0), network size: 0, avg network size: 0, si_in_serializable: 0 0 %, local: 0 %
I1126 15:11:52.193001 995843 Coordinator.h:126] commit: 1884659 abort: 8341 (0/8341/0), network size: 0, avg network size: 0, si_in_serializable: 0 0 %, local: 0 %
I1126 15:11:53.193106 995843 Coordinator.h:126] commit: 1867493 abort: 8507 (0/8507/0), network size: 0, avg network size: 0, si_in_serializable: 0 0 %, local: 0 %
I1126 15:11:54.193202 995843 Coordinator.h:126] commit: 1890387 abort: 8613 (0/8613/0), network size: 0, avg network size: 0, si_in_serializable: 0 0 %, local: 0 %
I1126 15:11:55.193300 995843 Coordinator.h:126] commit: 1891500 abort: 8500 (0/8500/0), network size: 0, avg network size: 0, si_in_serializable: 0 0 %, local: 0 %
I1126 15:11:56.193394 995843 Coordinator.h:126] commit: 1790063 abort: 7937 (0/7937/0), network size: 0, avg network size: 0, si_in_serializable: 0 0 %, local: 0 %
I1126 15:11:57.193524 995843 Coordinator.h:126] commit: 1857744 abort: 8256 (0/8256/0), network size: 0, avg network size: 0, si_in_serializable: 0 0 %, local: 0 %
I1126 15:11:58.193627 995843 Coordinator.h:126] commit: 1882601 abort: 8399 (0/8399/0), network size: 0, avg network size: 0, si_in_serializable: 0 0 %, local: 0 %
I1126 15:11:59.193725 995843 Coordinator.h:126] commit: 1888484 abort: 8516 (0/8516/0), network size: 0, avg network size: 0, si_in_serializable: 0 0 %, local: 0 %
I1126 15:12:00.193820 995843 Coordinator.h:126] commit: 1882624 abort: 8376 (0/8376/0), network size: 0, avg network size: 0, si_in_serializable: 0 0 %, local: 0 %
I1126 15:12:01.193933 995843 Coordinator.h:126] commit: 1884468 abort: 8532 (0/8532/0), network size: 0, avg network size: 0, si_in_serializable: 0 0 %, local: 0 %
I1126 15:12:02.194031 995843 Coordinator.h:126] commit: 1883484 abort: 8516 (0/8516/0), network size: 0, avg network size: 0, si_in_serializable: 0 0 %, local: 0 %
I1126 15:12:03.194128 995843 Coordinator.h:126] commit: 1683379 abort: 7621 (0/7621/0), network size: 0, avg network size: 0, si_in_serializable: 0 0 %, local: 0 %
I1126 15:12:04.194227 995843 Coordinator.h:126] commit: 1882481 abort: 8519 (0/8519/0), network size: 0, avg network size: 0, si_in_serializable: 0 0 %, local: 0 %
I1126 15:12:05.194322 995843 Coordinator.h:126] commit: 1886522 abort: 8478 (0/8478/0), network size: 0, avg network size: 0, si_in_serializable: 0 0 %, local: 0 %
I1126 15:12:06.194416 995843 Coordinator.h:126] commit: 1884458 abort: 8542 (0/8542/0), network size: 0, avg network size: 0, si_in_serializable: 0 0 %, local: 0 %
I1126 15:12:07.194510 995843 Coordinator.h:126] commit: 1864651 abort: 8349 (0/8349/0), network size: 0, avg network size: 0, si_in_serializable: 0 0 %, local: 0 %
I1126 15:12:08.194612 995843 Coordinator.h:126] commit: 1879619 abort: 8381 (0/8381/0), network size: 0, avg network size: 0, si_in_serializable: 0 0 %, local: 0 %
I1126 15:12:09.194712 995843 Coordinator.h:126] commit: 1883522 abort: 8478 (0/8478/0), network size: 0, avg network size: 0, si_in_serializable: 0 0 %, local: 0 %
I1126 15:12:10.194840 995843 Coordinator.h:126] commit: 1874646 abort: 8354 (0/8354/0), network size: 0, avg network size: 0, si_in_serializable: 0 0 %, local: 0 %
I1126 15:12:11.194938 995843 Coordinator.h:126] commit: 1882609 abort: 8391 (0/8391/0), network size: 0, avg network size: 0, si_in_serializable: 0 0 %, local: 0 %
I1126 15:12:12.195031 995843 Coordinator.h:126] commit: 1875566 abort: 8434 (0/8434/0), network size: 0, avg network size: 0, si_in_serializable: 0 0 %, local: 0 %
I1126 15:12:13.195127 995843 Coordinator.h:126] commit: 1882601 abort: 8399 (0/8399/0), network size: 0, avg network size: 0, si_in_serializable: 0 0 %, local: 0 %
I1126 15:12:14.195223 995843 Coordinator.h:126] commit: 1874675 abort: 8325 (0/8325/0), network size: 0, avg network size: 0, si_in_serializable: 0 0 %, local: 0 %
I1126 15:12:14.195242 995843 Coordinator.h:152] average commit: 1.86152e+06 abort: 8379.2 (0/8379.2/0), network size: 0, avg network size: 0, si_in_serializable: 0 0 %, local: 0 %
I1126 15:12:14.195394 995871 Manager.h:227] Manager(worker id = 12) on the coordinator node exits.
I1126 15:12:14.195401 995863 AriaExecutor.h:107] AriaExecutor 4 exits. 
I1126 15:12:14.195405 995865 AriaExecutor.h:107] AriaExecutor 6 exits. 
I1126 15:12:14.195407 995868 AriaExecutor.h:107] AriaExecutor 9 exits. 
I1126 15:12:14.195406 995859 AriaExecutor.h:107] AriaExecutor 0 exits. 
I1126 15:12:14.195405 995869 AriaExecutor.h:107] AriaExecutor 10 exits. 
I1126 15:12:14.195410 995861 AriaExecutor.h:107] AriaExecutor 2 exits. 
I1126 15:12:14.195408 995864 AriaExecutor.h:107] AriaExecutor 5 exits. 
I1126 15:12:14.195410 995870 AriaExecutor.h:107] AriaExecutor 11 exits. 
I1126 15:12:14.195410 995860 AriaExecutor.h:107] AriaExecutor 1 exits. 
I1126 15:12:14.195410 995862 AriaExecutor.h:107] AriaExecutor 3 exits. 
I1126 15:12:14.195402 995867 AriaExecutor.h:107] AriaExecutor 8 exits. 
I1126 15:12:14.195406 995866 AriaExecutor.h:107] AriaExecutor 7 exits. 
I1126 15:12:14.195256 995843 AriaExecutor.h:705] Worker 0 latency: 358 us (50%) 415 us (75%) 464 us (95%) 480 us (99%).
I1126 15:12:14.335645 995843 AriaExecutor.h:705] Worker 1 latency: 357 us (50%) 414 us (75%) 463 us (95%) 478 us (99%).
I1126 15:12:14.474581 995843 AriaExecutor.h:705] Worker 2 latency: 358 us (50%) 415 us (75%) 464 us (95%) 480 us (99%).
I1126 15:12:14.620237 995843 AriaExecutor.h:705] Worker 3 latency: 359 us (50%) 415 us (75%) 463 us (95%) 479 us (99%).
I1126 15:12:14.757918 995843 AriaExecutor.h:705] Worker 4 latency: 359 us (50%) 415 us (75%) 464 us (95%) 479 us (99%).
I1126 15:12:14.894848 995843 AriaExecutor.h:705] Worker 5 latency: 357 us (50%) 413 us (75%) 462 us (95%) 478 us (99%).
I1126 15:12:15.035137 995843 AriaExecutor.h:705] Worker 6 latency: 362 us (50%) 416 us (75%) 464 us (95%) 479 us (99%).
I1126 15:12:15.172156 995843 AriaExecutor.h:705] Worker 7 latency: 359 us (50%) 414 us (75%) 462 us (95%) 478 us (99%).
I1126 15:12:15.308418 995843 AriaExecutor.h:705] Worker 8 latency: 363 us (50%) 417 us (75%) 465 us (95%) 480 us (99%).
I1126 15:12:15.445529 995843 AriaExecutor.h:705] Worker 9 latency: 361 us (50%) 416 us (75%) 463 us (95%) 479 us (99%).
I1126 15:12:15.583873 995843 AriaExecutor.h:705] Worker 10 latency: 362 us (50%) 417 us (75%) 464 us (95%) 480 us (99%).
I1126 15:12:15.719455 995843 AriaExecutor.h:705] Worker 11 latency: 361 us (50%) 415 us (75%) 463 us (95%) 479 us (99%).
I1126 15:12:15.859774 995843 Coordinator.h:177] total commit: 1.86152e+06
I1126 15:12:16.859896 995843 Coordinator.h:192] Coordinator exits.
