I1126 13:38:38.539471 939946 Database.h:65] ycsb initialization finished in 30 milliseconds.
I1126 13:38:38.539566 939946 Coordinator.h:30] Coordinator initializes 12 workers.
I1126 13:38:38.611438 939946 Coordinator.h:77] Coordinator starts to run 13 workers.
I1126 13:38:38.611501 939962 AriaExecutor.h:82] AriaExecutor 0 started. 
I1126 13:38:38.611537 939963 AriaExecutor.h:82] AriaExecutor 1 started. 
I1126 13:38:38.611577 939964 AriaExecutor.h:82] AriaExecutor 2 started. 
I1126 13:38:38.611629 939965 AriaExecutor.h:82] AriaExecutor 3 started. 
I1126 13:38:38.611709 939967 AriaExecutor.h:82] AriaExecutor 5 started. 
I1126 13:38:38.611753 939968 AriaExecutor.h:82] AriaExecutor 6 started. 
I1126 13:38:38.611792 939969 AriaExecutor.h:82] AriaExecutor 7 started. 
I1126 13:38:38.611828 939970 AriaExecutor.h:82] AriaExecutor 8 started. 
I1126 13:38:38.611869 939971 AriaExecutor.h:82] AriaExecutor 9 started. 
I1126 13:38:38.611904 939972 AriaExecutor.h:82] AriaExecutor 10 started. 
I1126 13:38:38.611948 939973 AriaExecutor.h:82] AriaExecutor 11 started. 
I1126 13:38:38.611979 939966 AriaExecutor.h:82] AriaExecutor 4 started. 
I1126 13:38:38.611984 939974 Manager.h:224] Manager(worker id = 12) on the coordinator node started.
I1126 13:38:39.612057 939946 Coordinator.h:126] commit: 1237 abort: 148763 (0/148763/0), network size: 0, avg network size: 0, si_in_serializable: 0 0 %, local: 0 %
I1126 13:38:40.612180 939946 Coordinator.h:126] commit: 1288 abort: 158712 (0/158712/0), network size: 0, avg network size: 0, si_in_serializable: 0 0 %, local: 0 %
I1126 13:38:41.612321 939946 Coordinator.h:126] commit: 1311 abort: 158689 (0/158689/0), network size: 0, avg network size: 0, si_in_serializable: 0 0 %, local: 0 %
I1126 13:38:42.612433 939946 Coordinator.h:126] commit: 1347 abort: 158653 (0/158653/0), network size: 0, avg network size: 0, si_in_serializable: 0 0 %, local: 0 %
I1126 13:38:43.612542 939946 Coordinator.h:126] commit: 1360 abort: 158640 (0/158640/0), network size: 0, avg network size: 0, si_in_serializable: 0 0 %, local: 0 %
I1126 13:38:44.612648 939946 Coordinator.h:126] commit: 1294 abort: 158706 (0/158706/0), network size: 0, avg network size: 0, si_in_serializable: 0 0 %, local: 0 %
I1126 13:38:45.612790 939946 Coordinator.h:126] commit: 1293 abort: 158707 (0/158707/0), network size: 0, avg network size: 0, si_in_serializable: 0 0 %, local: 0 %
I1126 13:38:46.612916 939946 Coordinator.h:126] commit: 1242 abort: 158758 (0/158758/0), network size: 0, avg network size: 0, si_in_serializable: 0 0 %, local: 0 %
I1126 13:38:47.613024 939946 Coordinator.h:126] commit: 1293 abort: 158707 (0/158707/0), network size: 0, avg network size: 0, si_in_serializable: 0 0 %, local: 0 %
I1126 13:38:48.613129 939946 Coordinator.h:126] commit: 1314 abort: 158686 (0/158686/0), network size: 0, avg network size: 0, si_in_serializable: 0 0 %, local: 0 %
I1126 13:38:49.613236 939946 Coordinator.h:126] commit: 1345 abort: 168655 (0/168655/0), network size: 0, avg network size: 0, si_in_serializable: 0 0 %, local: 0 %
I1126 13:38:50.613337 939946 Coordinator.h:126] commit: 1261 abort: 158739 (0/158739/0), network size: 0, avg network size: 0, si_in_serializable: 0 0 %, local: 0 %
I1126 13:38:51.613440 939946 Coordinator.h:126] commit: 1299 abort: 158701 (0/158701/0), network size: 0, avg network size: 0, si_in_serializable: 0 0 %, local: 0 %
I1126 13:38:52.613547 939946 Coordinator.h:126] commit: 1279 abort: 158721 (0/158721/0), network size: 0, avg network size: 0, si_in_serializable: 0 0 %, local: 0 %
I1126 13:38:53.613655 939946 Coordinator.h:126] commit: 1326 abort: 158674 (0/158674/0), network size: 0, avg network size: 0, si_in_serializable: 0 0 %, local: 0 %
I1126 13:38:54.613754 939946 Coordinator.h:126] commit: 1294 abort: 158706 (0/158706/0), network size: 0, avg network size: 0, si_in_serializable: 0 0 %, local: 0 %
I1126 13:38:55.613863 939946 Coordinator.h:126] commit: 1324 abort: 158676 (0/158676/0), network size: 0, avg network size: 0, si_in_serializable: 0 0 %, local: 0 %
I1126 13:38:56.613960 939946 Coordinator.h:126] commit: 1350 abort: 158650 (0/158650/0), network size: 0, avg network size: 0, si_in_serializable: 0 0 %, local: 0 %
I1126 13:38:57.614060 939946 Coordinator.h:126] commit: 1383 abort: 168617 (0/168617/0), network size: 0, avg network size: 0, si_in_serializable: 0 0 %, local: 0 %
I1126 13:38:58.614148 939946 Coordinator.h:126] commit: 1306 abort: 158694 (0/158694/0), network size: 0, avg network size: 0, si_in_serializable: 0 0 %, local: 0 %
I1126 13:38:59.614259 939946 Coordinator.h:126] commit: 1323 abort: 158677 (0/158677/0), network size: 0, avg network size: 0, si_in_serializable: 0 0 %, local: 0 %
I1126 13:39:00.614367 939946 Coordinator.h:126] commit: 1287 abort: 158713 (0/158713/0), network size: 0, avg network size: 0, si_in_serializable: 0 0 %, local: 0 %
I1126 13:39:01.614490 939946 Coordinator.h:126] commit: 1295 abort: 158705 (0/158705/0), network size: 0, avg network size: 0, si_in_serializable: 0 0 %, local: 0 %
I1126 13:39:02.614600 939946 Coordinator.h:126] commit: 1321 abort: 158679 (0/158679/0), network size: 0, avg network size: 0, si_in_serializable: 0 0 %, local: 0 %
I1126 13:39:03.614711 939946 Coordinator.h:126] commit: 1305 abort: 158695 (0/158695/0), network size: 0, avg network size: 0, si_in_serializable: 0 0 %, local: 0 %
I1126 13:39:03.614727 939946 Coordinator.h:152] average commit: 1316.7 abort: 160683 (0/160683/0), network size: 0, avg network size: 0, si_in_serializable: 0 0 %, local: 0 %
I1126 13:39:03.614737 939946 AriaExecutor.h:535] Worker 0 latency: 61613 us (50%) 61960 us (75%) 63617 us (95%) 71186 us (99%).
I1126 13:39:03.657757 939972 AriaExecutor.h:94] AriaExecutor 10 exits. 
I1126 13:39:03.657758 939962 AriaExecutor.h:94] AriaExecutor 0 exits. 
I1126 13:39:03.657758 939966 AriaExecutor.h:94] AriaExecutor 4 exits. 
I1126 13:39:03.657757 939970 AriaExecutor.h:94] AriaExecutor 8 exits. 
I1126 13:39:03.657771 939965 AriaExecutor.h:94] AriaExecutor 3 exits. 
I1126 13:39:03.657771 939973 AriaExecutor.h:94] AriaExecutor 11 exits. 
I1126 13:39:03.657758 939974 Manager.h:227] Manager(worker id = 12) on the coordinator node exits.
I1126 13:39:03.657771 939963 AriaExecutor.h:94] AriaExecutor 1 exits. 
I1126 13:39:03.657759 939964 AriaExecutor.h:94] AriaExecutor 2 exits. 
I1126 13:39:03.657771 939969 AriaExecutor.h:94] AriaExecutor 7 exits. 
I1126 13:39:03.657771 939967 AriaExecutor.h:94] AriaExecutor 5 exits. 
I1126 13:39:03.657771 939971 AriaExecutor.h:94] AriaExecutor 9 exits. 
I1126 13:39:03.657760 939968 AriaExecutor.h:94] AriaExecutor 6 exits. 
I1126 13:39:03.658005 939946 AriaExecutor.h:535] Worker 1 latency: 61592 us (50%) 61937 us (75%) 63835 us (95%) 71188 us (99%).
I1126 13:39:03.658262 939946 AriaExecutor.h:535] Worker 2 latency: 61582 us (50%) 61934 us (75%) 63709 us (95%) 71129 us (99%).
I1126 13:39:03.658419 939946 AriaExecutor.h:535] Worker 3 latency: 61566 us (50%) 61934 us (75%) 63774 us (95%) 71049 us (99%).
I1126 13:39:03.658573 939946 AriaExecutor.h:535] Worker 4 latency: 61604 us (50%) 61951 us (75%) 63670 us (95%) 71769 us (99%).
I1126 13:39:03.658735 939946 AriaExecutor.h:535] Worker 5 latency: 61583 us (50%) 61939 us (75%) 63775 us (95%) 71851 us (99%).
I1126 13:39:03.658895 939946 AriaExecutor.h:535] Worker 6 latency: 61570 us (50%) 61937 us (75%) 63793 us (95%) 71495 us (99%).
I1126 13:39:03.659037 939946 AriaExecutor.h:535] Worker 7 latency: 61560 us (50%) 61926 us (75%) 63846 us (95%) 71197 us (99%).
I1126 13:39:03.659173 939946 AriaExecutor.h:535] Worker 8 latency: 61584 us (50%) 61950 us (75%) 63609 us (95%) 71137 us (99%).
I1126 13:39:03.659308 939946 AriaExecutor.h:535] Worker 9 latency: 61572 us (50%) 61932 us (75%) 63867 us (95%) 71462 us (99%).
I1126 13:39:03.659446 939946 AriaExecutor.h:535] Worker 10 latency: 61575 us (50%) 61931 us (75%) 63625 us (95%) 71202 us (99%).
I1126 13:39:03.659582 939946 AriaExecutor.h:535] Worker 11 latency: 61561 us (50%) 61926 us (75%) 63806 us (95%) 71612 us (99%).
I1126 13:39:03.659721 939946 Coordinator.h:177] total commit: 1316.7
I1126 13:39:04.659823 939946 Coordinator.h:192] Coordinator exits.
