I1126 18:05:53.625525 1066716 Database.h:65] ycsb initialization finished in 30 milliseconds.
I1126 18:05:53.625630 1066716 Coordinator.h:30] Coordinator initializes 12 workers.
I1126 18:05:53.626542 1066716 Coordinator.h:77] Coordinator starts to run 13 workers.
I1126 18:05:53.626607 1066732 AriaExecutor.h:91] AriaExecutor 0 started. 
I1126 18:05:53.626648 1066733 AriaExecutor.h:91] AriaExecutor 1 started. 
I1126 18:05:53.626699 1066734 AriaExecutor.h:91] AriaExecutor 2 started. 
I1126 18:05:53.626740 1066735 AriaExecutor.h:91] AriaExecutor 3 started. 
I1126 18:05:53.626816 1066737 AriaExecutor.h:91] AriaExecutor 5 started. 
I1126 18:05:53.626858 1066738 AriaExecutor.h:91] AriaExecutor 6 started. 
I1126 18:05:53.626901 1066739 AriaExecutor.h:91] AriaExecutor 7 started. 
I1126 18:05:53.626937 1066740 AriaExecutor.h:91] AriaExecutor 8 started. 
I1126 18:05:53.626991 1066741 AriaExecutor.h:91] AriaExecutor 9 started. 
I1126 18:05:53.627029 1066742 AriaExecutor.h:91] AriaExecutor 10 started. 
I1126 18:05:53.627072 1066743 AriaExecutor.h:91] AriaExecutor 11 started. 
I1126 18:05:53.627103 1066736 AriaExecutor.h:91] AriaExecutor 4 started. 
I1126 18:05:53.627107 1066744 Manager.h:224] Manager(worker id = 12) on the coordinator node started.
I1126 18:05:54.627173 1066716 Coordinator.h:126] commit: 2062005 abort: 15995 (0/15995/0), network size: 0, avg network size: 0, si_in_serializable: 0 0 %, local: 0 %
I1126 18:05:55.627295 1066716 Coordinator.h:126] commit: 2036185 abort: 15815 (0/15815/0), network size: 0, avg network size: 0, si_in_serializable: 0 0 %, local: 0 %
I1126 18:05:56.627409 1066716 Coordinator.h:126] commit: 2072758 abort: 16242 (0/16242/0), network size: 0, avg network size: 0, si_in_serializable: 0 0 %, local: 0 %
I1126 18:05:57.627521 1066716 Coordinator.h:126] commit: 2056261 abort: 15739 (0/15739/0), network size: 0, avg network size: 0, si_in_serializable: 0 0 %, local: 0 %
I1126 18:05:58.627615 1066716 Coordinator.h:126] commit: 2084206 abort: 15794 (0/15794/0), network size: 0, avg network size: 0, si_in_serializable: 0 0 %, local: 0 %
I1126 18:05:59.627712 1066716 Coordinator.h:126] commit: 2083808 abort: 16192 (0/16192/0), network size: 0, avg network size: 0, si_in_serializable: 0 0 %, local: 0 %
I1126 18:06:00.627835 1066716 Coordinator.h:126] commit: 1922287 abort: 14713 (0/14713/0), network size: 0, avg network size: 0, si_in_serializable: 0 0 %, local: 0 %
I1126 18:06:01.627930 1066716 Coordinator.h:126] commit: 2083074 abort: 15926 (0/15926/0), network size: 0, avg network size: 0, si_in_serializable: 0 0 %, local: 0 %
I1126 18:06:02.628034 1066716 Coordinator.h:126] commit: 2086965 abort: 16035 (0/16035/0), network size: 0, avg network size: 0, si_in_serializable: 0 0 %, local: 0 %
I1126 18:06:03.628126 1066716 Coordinator.h:126] commit: 2076856 abort: 16144 (0/16144/0), network size: 0, avg network size: 0, si_in_serializable: 0 0 %, local: 0 %
I1126 18:06:04.628208 1066716 Coordinator.h:126] commit: 2084964 abort: 16036 (0/16036/0), network size: 0, avg network size: 0, si_in_serializable: 0 0 %, local: 0 %
I1126 18:06:05.628284 1066716 Coordinator.h:126] commit: 2061228 abort: 15772 (0/15772/0), network size: 0, avg network size: 0, si_in_serializable: 0 0 %, local: 0 %
I1126 18:06:06.628376 1066716 Coordinator.h:126] commit: 1832812 abort: 14188 (0/14188/0), network size: 0, avg network size: 0, si_in_serializable: 0 0 %, local: 0 %
I1126 18:06:07.628479 1066716 Coordinator.h:126] commit: 2074768 abort: 16232 (0/16232/0), network size: 0, avg network size: 0, si_in_serializable: 0 0 %, local: 0 %
I1126 18:06:08.628582 1066716 Coordinator.h:126] commit: 2081826 abort: 16174 (0/16174/0), network size: 0, avg network size: 0, si_in_serializable: 0 0 %, local: 0 %
I1126 18:06:09.628676 1066716 Coordinator.h:126] commit: 2081090 abort: 15910 (0/15910/0), network size: 0, avg network size: 0, si_in_serializable: 0 0 %, local: 0 %
I1126 18:06:10.628782 1066716 Coordinator.h:126] commit: 2083014 abort: 15986 (0/15986/0), network size: 0, avg network size: 0, si_in_serializable: 0 0 %, local: 0 %
I1126 18:06:11.628890 1066716 Coordinator.h:126] commit: 2079786 abort: 16214 (0/16214/0), network size: 0, avg network size: 0, si_in_serializable: 0 0 %, local: 0 %
I1126 18:06:12.628991 1066716 Coordinator.h:126] commit: 2081843 abort: 16157 (0/16157/0), network size: 0, avg network size: 0, si_in_serializable: 0 0 %, local: 0 %
I1126 18:06:13.629089 1066716 Coordinator.h:126] commit: 2073786 abort: 16214 (0/16214/0), network size: 0, avg network size: 0, si_in_serializable: 0 0 %, local: 0 %
I1126 18:06:14.629199 1066716 Coordinator.h:126] commit: 2083678 abort: 16322 (0/16322/0), network size: 0, avg network size: 0, si_in_serializable: 0 0 %, local: 0 %
I1126 18:06:15.629314 1066716 Coordinator.h:126] commit: 2071198 abort: 15802 (0/15802/0), network size: 0, avg network size: 0, si_in_serializable: 0 0 %, local: 0 %
I1126 18:06:16.629415 1066716 Coordinator.h:126] commit: 2080790 abort: 16210 (0/16210/0), network size: 0, avg network size: 0, si_in_serializable: 0 0 %, local: 0 %
I1126 18:06:17.629506 1066716 Coordinator.h:126] commit: 2068964 abort: 16036 (0/16036/0), network size: 0, avg network size: 0, si_in_serializable: 0 0 %, local: 0 %
I1126 18:06:18.629622 1066716 Coordinator.h:126] commit: 1498242 abort: 11758 (0/11758/0), network size: 0, avg network size: 0, si_in_serializable: 0 0 %, local: 0 %
I1126 18:06:18.629658 1066716 Coordinator.h:152] average commit: 2.05351e+06 abort: 15888.3 (0/15888.3/0), network size: 0, avg network size: 0, si_in_serializable: 0 0 %, local: 0 %
I1126 18:06:18.629940 1066736 AriaExecutor.h:103] AriaExecutor 4 exits. 
I1126 18:06:18.629941 1066734 AriaExecutor.h:103] AriaExecutor 2 exits. 
I1126 18:06:18.629940 1066732 AriaExecutor.h:103] AriaExecutor 0 exits. 
I1126 18:06:18.629943 1066742 AriaExecutor.h:103] AriaExecutor 10 exits. 
I1126 18:06:18.629969 1066743 AriaExecutor.h:103] AriaExecutor 11 exits. 
I1126 18:06:18.629952 1066733 AriaExecutor.h:103] AriaExecutor 1 exits. 
I1126 18:06:18.629952 1066741 AriaExecutor.h:103] AriaExecutor 9 exits. 
I1126 18:06:18.629952 1066739 AriaExecutor.h:103] AriaExecutor 7 exits. 
I1126 18:06:18.629940 1066740 AriaExecutor.h:103] AriaExecutor 8 exits. 
I1126 18:06:18.629953 1066735 AriaExecutor.h:103] AriaExecutor 3 exits. 
I1126 18:06:18.629944 1066738 AriaExecutor.h:103] AriaExecutor 6 exits. 
I1126 18:06:18.629944 1066744 Manager.h:227] Manager(worker id = 12) on the coordinator node exits.
I1126 18:06:18.629954 1066737 AriaExecutor.h:103] AriaExecutor 5 exits. 
I1126 18:06:18.629668 1066716 AriaExecutor.h:621] Worker 0 latency: 318 us (50%) 370 us (75%) 415 us (95%) 429 us (99%).
I1126 18:06:18.786686 1066716 AriaExecutor.h:621] Worker 1 latency: 315 us (50%) 368 us (75%) 414 us (95%) 429 us (99%).
I1126 18:06:18.938446 1066716 AriaExecutor.h:621] Worker 2 latency: 317 us (50%) 369 us (75%) 414 us (95%) 429 us (99%).
I1126 18:06:19.091737 1066716 AriaExecutor.h:621] Worker 3 latency: 318 us (50%) 369 us (75%) 414 us (95%) 429 us (99%).
I1126 18:06:19.243031 1066716 AriaExecutor.h:621] Worker 4 latency: 317 us (50%) 369 us (75%) 414 us (95%) 429 us (99%).
I1126 18:06:19.394945 1066716 AriaExecutor.h:621] Worker 5 latency: 317 us (50%) 368 us (75%) 414 us (95%) 429 us (99%).
I1126 18:06:19.548327 1066716 AriaExecutor.h:621] Worker 6 latency: 320 us (50%) 370 us (75%) 414 us (95%) 429 us (99%).
I1126 18:06:19.699577 1066716 AriaExecutor.h:621] Worker 7 latency: 319 us (50%) 369 us (75%) 414 us (95%) 429 us (99%).
I1126 18:06:19.855082 1066716 AriaExecutor.h:621] Worker 8 latency: 319 us (50%) 370 us (75%) 414 us (95%) 429 us (99%).
I1126 18:06:20.007800 1066716 AriaExecutor.h:621] Worker 9 latency: 319 us (50%) 369 us (75%) 414 us (95%) 429 us (99%).
I1126 18:06:20.161909 1066716 AriaExecutor.h:621] Worker 10 latency: 320 us (50%) 370 us (75%) 415 us (95%) 429 us (99%).
I1126 18:06:20.315789 1066716 AriaExecutor.h:621] Worker 11 latency: 321 us (50%) 371 us (75%) 415 us (95%) 429 us (99%).
I1126 18:06:20.469704 1066716 Coordinator.h:177] total commit: 2.05351e+06
I1126 18:06:21.469828 1066716 Coordinator.h:192] Coordinator exits.
