I0911 23:30:13.436515 2947353 Database.h:65] ycsb initialization finished in 194 milliseconds.
I0911 23:30:13.436640 2947353 Coordinator.h:30] Coordinator initializes 16 workers.
I0911 23:30:13.451977 2947353 Coordinator.h:77] Coordinator starts to run 17 workers.
I0911 23:30:13.452044 2947373 AriaExecutor.h:82] AriaExecutor 0 started. 
I0911 23:30:13.452080 2947374 AriaExecutor.h:82] AriaExecutor 1 started. 
I0911 23:30:13.452121 2947375 AriaExecutor.h:82] AriaExecutor 2 started. 
I0911 23:30:13.452169 2947376 AriaExecutor.h:82] AriaExecutor 3 started. 
I0911 23:30:13.452201 2947377 AriaExecutor.h:82] AriaExecutor 4 started. 
I0911 23:30:13.452242 2947378 AriaExecutor.h:82] AriaExecutor 5 started. 
I0911 23:30:13.452287 2947379 AriaExecutor.h:82] AriaExecutor 6 started. 
I0911 23:30:13.452330 2947380 AriaExecutor.h:82] AriaExecutor 7 started. 
I0911 23:30:13.452363 2947381 AriaExecutor.h:82] AriaExecutor 8 started. 
I0911 23:30:13.452402 2947382 AriaExecutor.h:82] AriaExecutor 9 started. 
I0911 23:30:13.452436 2947383 AriaExecutor.h:82] AriaExecutor 10 started. 
I0911 23:30:13.452476 2947384 AriaExecutor.h:82] AriaExecutor 11 started. 
I0911 23:30:13.452518 2947385 AriaExecutor.h:82] AriaExecutor 12 started. 
I0911 23:30:13.452560 2947386 AriaExecutor.h:82] AriaExecutor 13 started. 
I0911 23:30:13.452592 2947387 AriaExecutor.h:82] AriaExecutor 14 started. 
I0911 23:30:13.452636 2947388 AriaExecutor.h:82] AriaExecutor 15 started. 
I0911 23:30:13.452669 2947389 Manager.h:224] Manager(worker id = 16) on the coordinator node started.
I0911 23:30:14.452714 2947353 Coordinator.h:126] commit: 1090861 abort: 10963 (0/10963/0), network size: 0, avg network size: 0, si_in_serializable: 0 0 %, local: 0 %
I0911 23:30:15.452807 2947353 Coordinator.h:126] commit: 1087087 abort: 10641 (0/10641/0), network size: 0, avg network size: 0, si_in_serializable: 0 0 %, local: 0 %
I0911 23:30:16.452869 2947353 Coordinator.h:126] commit: 1054570 abort: 10390 (0/10390/0), network size: 0, avg network size: 0, si_in_serializable: 0 0 %, local: 0 %
I0911 23:30:17.452958 2947353 Coordinator.h:126] commit: 1060589 abort: 10515 (0/10515/0), network size: 0, avg network size: 0, si_in_serializable: 0 0 %, local: 0 %
I0911 23:30:18.453068 2947353 Coordinator.h:126] commit: 1095208 abort: 10712 (0/10712/0), network size: 0, avg network size: 0, si_in_serializable: 0 0 %, local: 0 %
I0911 23:30:19.453137 2947353 Coordinator.h:126] commit: 1105196 abort: 10964 (0/10964/0), network size: 0, avg network size: 0, si_in_serializable: 0 0 %, local: 0 %
I0911 23:30:20.453197 2947353 Coordinator.h:126] commit: 1105292 abort: 10868 (0/10868/0), network size: 0, avg network size: 0, si_in_serializable: 0 0 %, local: 0 %
I0911 23:30:21.453260 2947353 Coordinator.h:126] commit: 1086897 abort: 10831 (0/10831/0), network size: 0, avg network size: 0, si_in_serializable: 0 0 %, local: 0 %
I0911 23:30:22.453322 2947353 Coordinator.h:126] commit: 1103304 abort: 10808 (0/10808/0), network size: 0, avg network size: 0, si_in_serializable: 0 0 %, local: 0 %
I0911 23:30:23.453382 2947353 Coordinator.h:126] commit: 1088979 abort: 10797 (0/10797/0), network size: 0, avg network size: 0, si_in_serializable: 0 0 %, local: 0 %
I0911 23:30:24.453444 2947353 Coordinator.h:126] commit: 1103236 abort: 10876 (0/10876/0), network size: 0, avg network size: 0, si_in_serializable: 0 0 %, local: 0 %
I0911 23:30:25.453506 2947353 Coordinator.h:126] commit: 1072687 abort: 10705 (0/10705/0), network size: 0, avg network size: 0, si_in_serializable: 0 0 %, local: 0 %
I0911 23:30:26.453565 2947353 Coordinator.h:126] commit: 1105197 abort: 10963 (0/10963/0), network size: 0, avg network size: 0, si_in_serializable: 0 0 %, local: 0 %
I0911 23:30:27.453624 2947353 Coordinator.h:126] commit: 1087016 abort: 10712 (0/10712/0), network size: 0, avg network size: 0, si_in_serializable: 0 0 %, local: 0 %
I0911 23:30:28.453701 2947353 Coordinator.h:126] commit: 1103176 abort: 10936 (0/10936/0), network size: 0, avg network size: 0, si_in_serializable: 0 0 %, local: 0 %
I0911 23:30:29.453768 2947353 Coordinator.h:126] commit: 1072769 abort: 10623 (0/10623/0), network size: 0, avg network size: 0, si_in_serializable: 0 0 %, local: 0 %
I0911 23:30:30.453838 2947353 Coordinator.h:126] commit: 1105327 abort: 10833 (0/10833/0), network size: 0, avg network size: 0, si_in_serializable: 0 0 %, local: 0 %
I0911 23:30:31.453896 2947353 Coordinator.h:126] commit: 1107299 abort: 10909 (0/10909/0), network size: 0, avg network size: 0, si_in_serializable: 0 0 %, local: 0 %
I0911 23:30:32.453955 2947353 Coordinator.h:126] commit: 1105056 abort: 11104 (0/11104/0), network size: 0, avg network size: 0, si_in_serializable: 0 0 %, local: 0 %
I0911 23:30:33.454018 2947353 Coordinator.h:126] commit: 1105257 abort: 10903 (0/10903/0), network size: 0, avg network size: 0, si_in_serializable: 0 0 %, local: 0 %
I0911 23:30:34.454079 2947353 Coordinator.h:126] commit: 1103027 abort: 11085 (0/11085/0), network size: 0, avg network size: 0, si_in_serializable: 0 0 %, local: 0 %
I0911 23:30:35.454139 2947353 Coordinator.h:126] commit: 1107328 abort: 10880 (0/10880/0), network size: 0, avg network size: 0, si_in_serializable: 0 0 %, local: 0 %
I0911 23:30:36.454200 2947353 Coordinator.h:126] commit: 1105274 abort: 10886 (0/10886/0), network size: 0, avg network size: 0, si_in_serializable: 0 0 %, local: 0 %
I0911 23:30:37.454262 2947353 Coordinator.h:126] commit: 1101270 abort: 10794 (0/10794/0), network size: 0, avg network size: 0, si_in_serializable: 0 0 %, local: 0 %
I0911 23:30:38.454324 2947353 Coordinator.h:126] commit: 1105376 abort: 10784 (0/10784/0), network size: 0, avg network size: 0, si_in_serializable: 0 0 %, local: 0 %
I0911 23:30:38.454331 2947353 Coordinator.h:152] average commit: 1.0967e+06 abort: 10856.4 (0/10856.4/0), network size: 0, avg network size: 0, si_in_serializable: 0 0 %, local: 0 %
I0911 23:30:38.454641 2947375 AriaExecutor.h:94] AriaExecutor 2 exits. 
I0911 23:30:38.454641 2947387 AriaExecutor.h:94] AriaExecutor 14 exits. 
I0911 23:30:38.454648 2947373 AriaExecutor.h:94] AriaExecutor 0 exits. 
I0911 23:30:38.454663 2947380 AriaExecutor.h:94] AriaExecutor 7 exits. 
I0911 23:30:38.454645 2947377 AriaExecutor.h:94] AriaExecutor 4 exits. 
I0911 23:30:38.454643 2947389 Manager.h:227] Manager(worker id = 16) on the coordinator node exits.
I0911 23:30:38.454661 2947388 AriaExecutor.h:94] AriaExecutor 15 exits. 
I0911 23:30:38.454644 2947385 AriaExecutor.h:94] AriaExecutor 12 exits. 
I0911 23:30:38.454663 2947376 AriaExecutor.h:94] AriaExecutor 3 exits. 
I0911 23:30:38.454663 2947374 AriaExecutor.h:94] AriaExecutor 1 exits. 
I0911 23:30:38.454648 2947383 AriaExecutor.h:94] AriaExecutor 10 exits. 
I0911 23:30:38.454663 2947384 AriaExecutor.h:94] AriaExecutor 11 exits. 
I0911 23:30:38.454663 2947382 AriaExecutor.h:94] AriaExecutor 9 exits. 
I0911 23:30:38.454643 2947379 AriaExecutor.h:94] AriaExecutor 6 exits. 
I0911 23:30:38.454666 2947386 AriaExecutor.h:94] AriaExecutor 13 exits. 
I0911 23:30:38.454648 2947381 AriaExecutor.h:94] AriaExecutor 8 exits. 
I0911 23:30:38.454663 2947378 AriaExecutor.h:94] AriaExecutor 5 exits. 
I0911 23:30:38.454340 2947353 AriaExecutor.h:641] Worker 0 latency: 1155 us (50%) 1456 us (75%) 1696 us (95%) 1747 us (99%).
I0911 23:30:38.523437 2947353 AriaExecutor.h:641] Worker 1 latency: 1153 us (50%) 1453 us (75%) 1694 us (95%) 1746 us (99%).
I0911 23:30:38.599978 2947353 AriaExecutor.h:641] Worker 2 latency: 1160 us (50%) 1458 us (75%) 1696 us (95%) 1747 us (99%).
I0911 23:30:38.668818 2947353 AriaExecutor.h:641] Worker 3 latency: 1152 us (50%) 1452 us (75%) 1693 us (95%) 1746 us (99%).
I0911 23:30:38.746702 2947353 AriaExecutor.h:641] Worker 4 latency: 1157 us (50%) 1457 us (75%) 1696 us (95%) 1747 us (99%).
I0911 23:30:38.816483 2947353 AriaExecutor.h:641] Worker 5 latency: 1152 us (50%) 1452 us (75%) 1693 us (95%) 1746 us (99%).
I0911 23:30:38.892971 2947353 AriaExecutor.h:641] Worker 6 latency: 1160 us (50%) 1458 us (75%) 1696 us (95%) 1747 us (99%).
I0911 23:30:38.961944 2947353 AriaExecutor.h:641] Worker 7 latency: 1153 us (50%) 1453 us (75%) 1693 us (95%) 1746 us (99%).
I0911 23:30:39.039047 2947353 AriaExecutor.h:641] Worker 8 latency: 1157 us (50%) 1456 us (75%) 1695 us (95%) 1747 us (99%).
I0911 23:30:39.108661 2947353 AriaExecutor.h:641] Worker 9 latency: 1152 us (50%) 1452 us (75%) 1693 us (95%) 1746 us (99%).
I0911 23:30:39.185405 2947353 AriaExecutor.h:641] Worker 10 latency: 1161 us (50%) 1458 us (75%) 1696 us (95%) 1747 us (99%).
I0911 23:30:39.254813 2947353 AriaExecutor.h:641] Worker 11 latency: 1154 us (50%) 1453 us (75%) 1693 us (95%) 1746 us (99%).
I0911 23:30:39.334131 2947353 AriaExecutor.h:641] Worker 12 latency: 1161 us (50%) 1458 us (75%) 1695 us (95%) 1747 us (99%).
I0911 23:30:39.403348 2947353 AriaExecutor.h:641] Worker 13 latency: 1152 us (50%) 1452 us (75%) 1693 us (95%) 1746 us (99%).
I0911 23:30:39.481675 2947353 AriaExecutor.h:641] Worker 14 latency: 1160 us (50%) 1458 us (75%) 1696 us (95%) 1747 us (99%).
I0911 23:30:39.551389 2947353 AriaExecutor.h:641] Worker 15 latency: 1154 us (50%) 1454 us (75%) 1694 us (95%) 1746 us (99%).
I0911 23:30:39.629577 2947353 Coordinator.h:177] total commit: 1.0967e+06
I0911 23:30:40.629694 2947353 Coordinator.h:192] Coordinator exits.
