I1126 15:39:39.513149 1013809 Database.h:65] ycsb initialization finished in 30 milliseconds.
I1126 15:39:39.513242 1013809 Coordinator.h:30] Coordinator initializes 12 workers.
I1126 15:39:39.520030 1013809 Coordinator.h:77] Coordinator starts to run 13 workers.
I1126 15:39:39.520083 1013825 AriaExecutor.h:95] AriaExecutor 0 started. 
I1126 15:39:39.520113 1013826 AriaExecutor.h:95] AriaExecutor 1 started. 
I1126 15:39:39.520150 1013827 AriaExecutor.h:95] AriaExecutor 2 started. 
I1126 15:39:39.520205 1013828 AriaExecutor.h:95] AriaExecutor 3 started. 
I1126 15:39:39.520251 1013829 AriaExecutor.h:95] AriaExecutor 4 started. 
I1126 15:39:39.520305 1013830 AriaExecutor.h:95] AriaExecutor 5 started. 
I1126 15:39:39.520351 1013831 AriaExecutor.h:95] AriaExecutor 6 started. 
I1126 15:39:39.520406 1013832 AriaExecutor.h:95] AriaExecutor 7 started. 
I1126 15:39:39.520450 1013833 AriaExecutor.h:95] AriaExecutor 8 started. 
I1126 15:39:39.520512 1013834 AriaExecutor.h:95] AriaExecutor 9 started. 
I1126 15:39:39.520557 1013835 AriaExecutor.h:95] AriaExecutor 10 started. 
I1126 15:39:39.520617 1013836 AriaExecutor.h:95] AriaExecutor 11 started. 
I1126 15:39:39.520659 1013837 Manager.h:224] Manager(worker id = 12) on the coordinator node started.
I1126 15:39:40.520725 1013809 Coordinator.h:126] commit: 244828 abort: 1225172 (0/1225172/0), network size: 0, avg network size: 0, si_in_serializable: 0 0 %, local: 0 %
I1126 15:39:41.520854 1013809 Coordinator.h:126] commit: 244651 abort: 1225349 (0/1225349/0), network size: 0, avg network size: 0, si_in_serializable: 0 0 %, local: 0 %
I1126 15:39:42.520984 1013809 Coordinator.h:126] commit: 249958 abort: 1250042 (0/1250042/0), network size: 0, avg network size: 0, si_in_serializable: 0 0 %, local: 0 %
I1126 15:39:43.521090 1013809 Coordinator.h:126] commit: 247549 abort: 1242451 (0/1242451/0), network size: 0, avg network size: 0, si_in_serializable: 0 0 %, local: 0 %
I1126 15:39:44.521193 1013809 Coordinator.h:126] commit: 249986 abort: 1250014 (0/1250014/0), network size: 0, avg network size: 0, si_in_serializable: 0 0 %, local: 0 %
I1126 15:39:45.521296 1013809 Coordinator.h:126] commit: 244598 abort: 1225402 (0/1225402/0), network size: 0, avg network size: 0, si_in_serializable: 0 0 %, local: 0 %
I1126 15:39:46.521396 1013809 Coordinator.h:126] commit: 246465 abort: 1233535 (0/1233535/0), network size: 0, avg network size: 0, si_in_serializable: 0 0 %, local: 0 %
I1126 15:39:47.521522 1013809 Coordinator.h:126] commit: 249704 abort: 1250296 (0/1250296/0), network size: 0, avg network size: 0, si_in_serializable: 0 0 %, local: 0 %
I1126 15:39:48.521631 1013809 Coordinator.h:126] commit: 247758 abort: 1242242 (0/1242242/0), network size: 0, avg network size: 0, si_in_serializable: 0 0 %, local: 0 %
I1126 15:39:49.521733 1013809 Coordinator.h:126] commit: 249165 abort: 1250835 (0/1250835/0), network size: 0, avg network size: 0, si_in_serializable: 0 0 %, local: 0 %
I1126 15:39:50.521835 1013809 Coordinator.h:126] commit: 248622 abort: 1241378 (0/1241378/0), network size: 0, avg network size: 0, si_in_serializable: 0 0 %, local: 0 %
I1126 15:39:51.521935 1013809 Coordinator.h:126] commit: 250209 abort: 1249791 (0/1249791/0), network size: 0, avg network size: 0, si_in_serializable: 0 0 %, local: 0 %
I1126 15:39:52.522035 1013809 Coordinator.h:126] commit: 242356 abort: 1207644 (0/1207644/0), network size: 0, avg network size: 0, si_in_serializable: 0 0 %, local: 0 %
I1126 15:39:53.522135 1013809 Coordinator.h:126] commit: 247860 abort: 1242140 (0/1242140/0), network size: 0, avg network size: 0, si_in_serializable: 0 0 %, local: 0 %
I1126 15:39:54.522236 1013809 Coordinator.h:126] commit: 249794 abort: 1250206 (0/1250206/0), network size: 0, avg network size: 0, si_in_serializable: 0 0 %, local: 0 %
I1126 15:39:55.522336 1013809 Coordinator.h:126] commit: 248316 abort: 1241684 (0/1241684/0), network size: 0, avg network size: 0, si_in_serializable: 0 0 %, local: 0 %
I1126 15:39:56.522459 1013809 Coordinator.h:126] commit: 248739 abort: 1241261 (0/1241261/0), network size: 0, avg network size: 0, si_in_serializable: 0 0 %, local: 0 %
I1126 15:39:57.522563 1013809 Coordinator.h:126] commit: 248184 abort: 1241816 (0/1241816/0), network size: 0, avg network size: 0, si_in_serializable: 0 0 %, local: 0 %
I1126 15:39:58.522662 1013809 Coordinator.h:126] commit: 250193 abort: 1249807 (0/1249807/0), network size: 0, avg network size: 0, si_in_serializable: 0 0 %, local: 0 %
I1126 15:39:59.522759 1013809 Coordinator.h:126] commit: 248636 abort: 1241364 (0/1241364/0), network size: 0, avg network size: 0, si_in_serializable: 0 0 %, local: 0 %
I1126 15:40:00.522857 1013809 Coordinator.h:126] commit: 249137 abort: 1250863 (0/1250863/0), network size: 0, avg network size: 0, si_in_serializable: 0 0 %, local: 0 %
I1126 15:40:01.522974 1013809 Coordinator.h:126] commit: 248197 abort: 1241803 (0/1241803/0), network size: 0, avg network size: 0, si_in_serializable: 0 0 %, local: 0 %
I1126 15:40:02.523069 1013809 Coordinator.h:126] commit: 247854 abort: 1242146 (0/1242146/0), network size: 0, avg network size: 0, si_in_serializable: 0 0 %, local: 0 %
I1126 15:40:03.523169 1013809 Coordinator.h:126] commit: 249835 abort: 1250165 (0/1250165/0), network size: 0, avg network size: 0, si_in_serializable: 0 0 %, local: 0 %
I1126 15:40:04.523269 1013809 Coordinator.h:126] commit: 247094 abort: 1242906 (0/1242906/0), network size: 0, avg network size: 0, si_in_serializable: 0 0 %, local: 0 %
I1126 15:40:04.523296 1013809 Coordinator.h:152] average commit: 248291 abort: 1.24071e+06 (0/1.24071e+06/0), network size: 0, avg network size: 0, si_in_serializable: 0 0 %, local: 0 %
I1126 15:40:04.526903 1013837 Manager.h:227] Manager(worker id = 12) on the coordinator node exits.
I1126 15:40:04.526907 1013835 AriaExecutor.h:107] AriaExecutor 10 exits. 
I1126 15:40:04.526911 1013825 AriaExecutor.h:107] AriaExecutor 0 exits. 
I1126 15:40:04.526907 1013829 AriaExecutor.h:107] AriaExecutor 4 exits. 
I1126 15:40:04.526921 1013831 AriaExecutor.h:107] AriaExecutor 6 exits. 
I1126 15:40:04.526922 1013826 AriaExecutor.h:107] AriaExecutor 1 exits. 
I1126 15:40:04.526922 1013830 AriaExecutor.h:107] AriaExecutor 5 exits. 
I1126 15:40:04.526923 1013828 AriaExecutor.h:107] AriaExecutor 3 exits. 
I1126 15:40:04.526909 1013833 AriaExecutor.h:107] AriaExecutor 8 exits. 
I1126 15:40:04.526923 1013834 AriaExecutor.h:107] AriaExecutor 9 exits. 
I1126 15:40:04.526924 1013836 AriaExecutor.h:107] AriaExecutor 11 exits. 
I1126 15:40:04.526922 1013832 AriaExecutor.h:107] AriaExecutor 7 exits. 
I1126 15:40:04.526912 1013827 AriaExecutor.h:107] AriaExecutor 2 exits. 
I1126 15:40:04.523310 1013809 AriaExecutor.h:705] Worker 0 latency: 5780 us (50%) 6200 us (75%) 6401 us (95%) 6485 us (99%).
I1126 15:40:04.547013 1013809 AriaExecutor.h:705] Worker 1 latency: 5775 us (50%) 6197 us (75%) 6400 us (95%) 6483 us (99%).
I1126 15:40:04.570377 1013809 AriaExecutor.h:705] Worker 2 latency: 5785 us (50%) 6200 us (75%) 6399 us (95%) 6482 us (99%).
I1126 15:40:04.593740 1013809 AriaExecutor.h:705] Worker 3 latency: 5773 us (50%) 6198 us (75%) 6400 us (95%) 6484 us (99%).
I1126 15:40:04.616950 1013809 AriaExecutor.h:705] Worker 4 latency: 5782 us (50%) 6198 us (75%) 6399 us (95%) 6483 us (99%).
I1126 15:40:04.639977 1013809 AriaExecutor.h:705] Worker 5 latency: 5776 us (50%) 6197 us (75%) 6399 us (95%) 6483 us (99%).
I1126 15:40:04.663401 1013809 AriaExecutor.h:705] Worker 6 latency: 5786 us (50%) 6200 us (75%) 6400 us (95%) 6482 us (99%).
I1126 15:40:04.686419 1013809 AriaExecutor.h:705] Worker 7 latency: 5776 us (50%) 6198 us (75%) 6399 us (95%) 6482 us (99%).
I1126 15:40:04.709532 1013809 AriaExecutor.h:705] Worker 8 latency: 5777 us (50%) 6198 us (75%) 6400 us (95%) 6482 us (99%).
I1126 15:40:04.732362 1013809 AriaExecutor.h:705] Worker 9 latency: 5776 us (50%) 6197 us (75%) 6398 us (95%) 6483 us (99%).
I1126 15:40:04.755777 1013809 AriaExecutor.h:705] Worker 10 latency: 5778 us (50%) 6197 us (75%) 6399 us (95%) 6484 us (99%).
I1126 15:40:04.779040 1013809 AriaExecutor.h:705] Worker 11 latency: 5774 us (50%) 6197 us (75%) 6398 us (95%) 6483 us (99%).
I1126 15:40:04.802000 1013809 Coordinator.h:177] total commit: 248291
I1126 15:40:05.802116 1013809 Coordinator.h:192] Coordinator exits.
