I1126 17:59:12.713121 1063850 Database.h:65] ycsb initialization finished in 30 milliseconds.
I1126 17:59:12.713217 1063850 Coordinator.h:30] Coordinator initializes 12 workers.
I1126 17:59:12.720086 1063850 Coordinator.h:77] Coordinator starts to run 13 workers.
I1126 17:59:12.720142 1063866 AriaExecutor.h:91] AriaExecutor 0 started. 
I1126 17:59:12.720175 1063867 AriaExecutor.h:91] AriaExecutor 1 started. 
I1126 17:59:12.720211 1063868 AriaExecutor.h:91] AriaExecutor 2 started. 
I1126 17:59:12.720258 1063869 AriaExecutor.h:91] AriaExecutor 3 started. 
I1126 17:59:12.720296 1063870 AriaExecutor.h:91] AriaExecutor 4 started. 
I1126 17:59:12.720328 1063871 AriaExecutor.h:91] AriaExecutor 5 started. 
I1126 17:59:12.720364 1063872 AriaExecutor.h:91] AriaExecutor 6 started. 
I1126 17:59:12.720418 1063873 AriaExecutor.h:91] AriaExecutor 7 started. 
I1126 17:59:12.720461 1063874 AriaExecutor.h:91] AriaExecutor 8 started. 
I1126 17:59:12.720512 1063875 AriaExecutor.h:91] AriaExecutor 9 started. 
I1126 17:59:12.720561 1063876 AriaExecutor.h:91] AriaExecutor 10 started. 
I1126 17:59:12.720613 1063877 AriaExecutor.h:91] AriaExecutor 11 started. 
I1126 17:59:12.720656 1063878 Manager.h:224] Manager(worker id = 12) on the coordinator node started.
I1126 17:59:13.720722 1063850 Coordinator.h:126] commit: 1758393 abort: 141607 (0/141607/0), network size: 0, avg network size: 0, si_in_serializable: 0 0 %, local: 0 %
I1126 17:59:14.720850 1063850 Coordinator.h:126] commit: 1748244 abort: 141756 (0/141756/0), network size: 0, avg network size: 0, si_in_serializable: 0 0 %, local: 0 %
I1126 17:59:15.720978 1063850 Coordinator.h:126] commit: 1776924 abort: 143076 (0/143076/0), network size: 0, avg network size: 0, si_in_serializable: 0 0 %, local: 0 %
I1126 17:59:16.721081 1063850 Coordinator.h:126] commit: 1767628 abort: 142372 (0/142372/0), network size: 0, avg network size: 0, si_in_serializable: 0 0 %, local: 0 %
I1126 17:59:17.721179 1063850 Coordinator.h:126] commit: 1785887 abort: 144113 (0/144113/0), network size: 0, avg network size: 0, si_in_serializable: 0 0 %, local: 0 %
I1126 17:59:18.721279 1063850 Coordinator.h:126] commit: 1776159 abort: 143841 (0/143841/0), network size: 0, avg network size: 0, si_in_serializable: 0 0 %, local: 0 %
I1126 17:59:19.721378 1063850 Coordinator.h:126] commit: 1767317 abort: 142683 (0/142683/0), network size: 0, avg network size: 0, si_in_serializable: 0 0 %, local: 0 %
I1126 17:59:20.721477 1063850 Coordinator.h:126] commit: 1739898 abort: 140102 (0/140102/0), network size: 0, avg network size: 0, si_in_serializable: 0 0 %, local: 0 %
I1126 17:59:21.721604 1063850 Coordinator.h:126] commit: 1776729 abort: 143271 (0/143271/0), network size: 0, avg network size: 0, si_in_serializable: 0 0 %, local: 0 %
I1126 17:59:22.721709 1063850 Coordinator.h:126] commit: 1785249 abort: 144751 (0/144751/0), network size: 0, avg network size: 0, si_in_serializable: 0 0 %, local: 0 %
I1126 17:59:23.721805 1063850 Coordinator.h:126] commit: 1785137 abort: 144863 (0/144863/0), network size: 0, avg network size: 0, si_in_serializable: 0 0 %, local: 0 %
I1126 17:59:24.721900 1063850 Coordinator.h:126] commit: 1785198 abort: 144802 (0/144802/0), network size: 0, avg network size: 0, si_in_serializable: 0 0 %, local: 0 %
I1126 17:59:25.721997 1063850 Coordinator.h:126] commit: 1785959 abort: 144041 (0/144041/0), network size: 0, avg network size: 0, si_in_serializable: 0 0 %, local: 0 %
I1126 17:59:26.722095 1063850 Coordinator.h:126] commit: 1785269 abort: 144731 (0/144731/0), network size: 0, avg network size: 0, si_in_serializable: 0 0 %, local: 0 %
I1126 17:59:27.722194 1063850 Coordinator.h:126] commit: 1711625 abort: 138375 (0/138375/0), network size: 0, avg network size: 0, si_in_serializable: 0 0 %, local: 0 %
I1126 17:59:28.722293 1063850 Coordinator.h:126] commit: 1775964 abort: 144036 (0/144036/0), network size: 0, avg network size: 0, si_in_serializable: 0 0 %, local: 0 %
I1126 17:59:29.722410 1063850 Coordinator.h:126] commit: 1785564 abort: 144436 (0/144436/0), network size: 0, avg network size: 0, si_in_serializable: 0 0 %, local: 0 %
I1126 17:59:30.722509 1063850 Coordinator.h:126] commit: 1785481 abort: 144519 (0/144519/0), network size: 0, avg network size: 0, si_in_serializable: 0 0 %, local: 0 %
I1126 17:59:31.722604 1063850 Coordinator.h:126] commit: 1795213 abort: 144787 (0/144787/0), network size: 0, avg network size: 0, si_in_serializable: 0 0 %, local: 0 %
I1126 17:59:32.722702 1063850 Coordinator.h:126] commit: 1757624 abort: 142376 (0/142376/0), network size: 0, avg network size: 0, si_in_serializable: 0 0 %, local: 0 %
I1126 17:59:33.722802 1063850 Coordinator.h:126] commit: 1786092 abort: 143908 (0/143908/0), network size: 0, avg network size: 0, si_in_serializable: 0 0 %, local: 0 %
I1126 17:59:34.722921 1063850 Coordinator.h:126] commit: 1785065 abort: 144078 (0/144078/0), network size: 0, avg network size: 0, si_in_serializable: 0 0 %, local: 0 %
I1126 17:59:35.723030 1063850 Coordinator.h:126] commit: 1783717 abort: 144615 (0/144615/0), network size: 0, avg network size: 0, si_in_serializable: 0 0 %, local: 0 %
I1126 17:59:36.723127 1063850 Coordinator.h:126] commit: 1778459 abort: 144064 (0/144064/0), network size: 0, avg network size: 0, si_in_serializable: 0 0 %, local: 0 %
I1126 17:59:37.723225 1063850 Coordinator.h:126] commit: 1785442 abort: 144558 (0/144558/0), network size: 0, avg network size: 0, si_in_serializable: 0 0 %, local: 0 %
I1126 17:59:37.723249 1063850 Coordinator.h:152] average commit: 1.7753e+06 abort: 143697 (0/143697/0), network size: 0, avg network size: 0, si_in_serializable: 0 0 %, local: 0 %
I1126 17:59:37.726702 1063872 AriaExecutor.h:103] AriaExecutor 6 exits. 
I1126 17:59:37.726707 1063876 AriaExecutor.h:103] AriaExecutor 10 exits. 
I1126 17:59:37.726706 1063870 AriaExecutor.h:103] AriaExecutor 4 exits. 
I1126 17:59:37.726714 1063866 AriaExecutor.h:103] AriaExecutor 0 exits. 
I1126 17:59:37.726716 1063871 AriaExecutor.h:103] AriaExecutor 5 exits. 
I1126 17:59:37.726702 1063874 AriaExecutor.h:103] AriaExecutor 8 exits. 
I1126 17:59:37.726715 1063868 AriaExecutor.h:103] AriaExecutor 2 exits. 
I1126 17:59:37.726732 1063877 AriaExecutor.h:103] AriaExecutor 11 exits. 
I1126 17:59:37.726718 1063875 AriaExecutor.h:103] AriaExecutor 9 exits. 
I1126 17:59:37.726716 1063873 AriaExecutor.h:103] AriaExecutor 7 exits. 
I1126 17:59:37.726720 1063867 AriaExecutor.h:103] AriaExecutor 1 exits. 
I1126 17:59:37.726722 1063878 Manager.h:227] Manager(worker id = 12) on the coordinator node exits.
I1126 17:59:37.726718 1063869 AriaExecutor.h:103] AriaExecutor 3 exits. 
I1126 17:59:37.723261 1063850 AriaExecutor.h:621] Worker 0 latency: 3657 us (50%) 4147 us (75%) 4536 us (95%) 4643 us (99%).
I1126 17:59:37.867301 1063850 AriaExecutor.h:621] Worker 1 latency: 3629 us (50%) 4133 us (75%) 4531 us (95%) 4639 us (99%).
I1126 17:59:38.021577 1063850 AriaExecutor.h:621] Worker 2 latency: 3671 us (50%) 4155 us (75%) 4537 us (95%) 4643 us (99%).
I1126 17:59:38.161281 1063850 AriaExecutor.h:621] Worker 3 latency: 3629 us (50%) 4133 us (75%) 4529 us (95%) 4637 us (99%).
I1126 17:59:38.313941 1063850 AriaExecutor.h:621] Worker 4 latency: 3659 us (50%) 4150 us (75%) 4536 us (95%) 4643 us (99%).
I1126 17:59:38.454684 1063850 AriaExecutor.h:621] Worker 5 latency: 3624 us (50%) 4130 us (75%) 4529 us (95%) 4637 us (99%).
I1126 17:59:38.611418 1063850 AriaExecutor.h:621] Worker 6 latency: 3657 us (50%) 4147 us (75%) 4534 us (95%) 4641 us (99%).
I1126 17:59:38.755213 1063850 AriaExecutor.h:621] Worker 7 latency: 3636 us (50%) 4137 us (75%) 4530 us (95%) 4637 us (99%).
I1126 17:59:38.909725 1063850 AriaExecutor.h:621] Worker 8 latency: 3656 us (50%) 4148 us (75%) 4536 us (95%) 4643 us (99%).
I1126 17:59:39.049616 1063850 AriaExecutor.h:621] Worker 9 latency: 3632 us (50%) 4135 us (75%) 4531 us (95%) 4639 us (99%).
I1126 17:59:39.205588 1063850 AriaExecutor.h:621] Worker 10 latency: 3670 us (50%) 4156 us (75%) 4538 us (95%) 4644 us (99%).
I1126 17:59:39.348273 1063850 AriaExecutor.h:621] Worker 11 latency: 3629 us (50%) 4133 us (75%) 4530 us (95%) 4638 us (99%).
I1126 17:59:39.501089 1063850 Coordinator.h:177] total commit: 1.7753e+06
I1126 17:59:40.501204 1063850 Coordinator.h:192] Coordinator exits.
