I0313 17:20:43.133837 1678817 Database.h:65] ycsb initialization finished in 218 milliseconds.
I0313 17:20:43.133952 1678817 Coordinator.h:30] Coordinator initializes 12 workers.
I0313 17:20:43.229327 1678817 Coordinator.h:77] Coordinator starts to run 13 workers.
I0313 17:20:43.240281 1678845 AriaExecutor.h:91] AriaExecutor 1 started. 
I0313 17:20:43.241864 1678856 Manager.h:224] Manager(worker id = 12) on the coordinator node started.
I0313 17:20:43.240281 1678844 AriaExecutor.h:91] AriaExecutor 0 started. 
I0313 17:20:43.240281 1678855 AriaExecutor.h:91] AriaExecutor 11 started. 
I0313 17:20:43.240281 1678854 AriaExecutor.h:91] AriaExecutor 10 started. 
I0313 17:20:43.240281 1678853 AriaExecutor.h:91] AriaExecutor 9 started. 
I0313 17:20:43.240281 1678847 AriaExecutor.h:91] AriaExecutor 3 started. 
I0313 17:20:43.240281 1678852 AriaExecutor.h:91] AriaExecutor 8 started. 
I0313 17:20:43.240281 1678848 AriaExecutor.h:91] AriaExecutor 4 started. 
I0313 17:20:43.240281 1678850 AriaExecutor.h:91] AriaExecutor 6 started. 
I0313 17:20:43.240281 1678846 AriaExecutor.h:91] AriaExecutor 2 started. 
I0313 17:20:43.240281 1678851 AriaExecutor.h:91] AriaExecutor 7 started. 
I0313 17:20:43.240281 1678849 AriaExecutor.h:91] AriaExecutor 5 started. 
I0313 17:20:44.230310 1678817 Coordinator.h:126] commit: 26438 abort: 77562 (0/77562/0), network size: 0, avg network size: 0, si_in_serializable: 0 0 %, local: 0 %
I0313 17:20:45.230459 1678817 Coordinator.h:126] commit: 17369 abort: 50631 (0/50631/0), network size: 0, avg network size: 0, si_in_serializable: 0 0 %, local: 0 %
I0313 17:20:46.230583 1678817 Coordinator.h:126] commit: 12105 abort: 35895 (0/35895/0), network size: 0, avg network size: 0, si_in_serializable: 0 0 %, local: 0 %
I0313 17:20:47.230707 1678817 Coordinator.h:126] commit: 12339 abort: 35661 (0/35661/0), network size: 0, avg network size: 0, si_in_serializable: 0 0 %, local: 0 %
I0313 17:20:48.230866 1678817 Coordinator.h:126] commit: 14376 abort: 41624 (0/41624/0), network size: 0, avg network size: 0, si_in_serializable: 0 0 %, local: 0 %
I0313 17:20:49.230995 1678817 Coordinator.h:126] commit: 18970 abort: 55030 (0/55030/0), network size: 0, avg network size: 0, si_in_serializable: 0 0 %, local: 0 %
I0313 17:20:50.231118 1678817 Coordinator.h:126] commit: 14696 abort: 43304 (0/43304/0), network size: 0, avg network size: 0, si_in_serializable: 0 0 %, local: 0 %
I0313 17:20:51.231240 1678817 Coordinator.h:126] commit: 14318 abort: 41682 (0/41682/0), network size: 0, avg network size: 0, si_in_serializable: 0 0 %, local: 0 %
I0313 17:20:52.231369 1678817 Coordinator.h:126] commit: 21620 abort: 63047 (0/63047/0), network size: 0, avg network size: 0, si_in_serializable: 0 0 %, local: 0 %
I0313 17:20:53.231528 1678817 Coordinator.h:126] commit: 15039 abort: 44294 (0/44294/0), network size: 0, avg network size: 0, si_in_serializable: 0 0 %, local: 0 %
I0313 17:20:54.231689 1678817 Coordinator.h:126] commit: 12338 abort: 35662 (0/35662/0), network size: 0, avg network size: 0, si_in_serializable: 0 0 %, local: 0 %
I0313 17:20:55.231832 1678817 Coordinator.h:126] commit: 16215 abort: 47785 (0/47785/0), network size: 0, avg network size: 0, si_in_serializable: 0 0 %, local: 0 %
I0313 17:20:56.231961 1678817 Coordinator.h:126] commit: 15331 abort: 44669 (0/44669/0), network size: 0, avg network size: 0, si_in_serializable: 0 0 %, local: 0 %
I0313 17:20:57.232082 1678817 Coordinator.h:126] commit: 17467 abort: 50533 (0/50533/0), network size: 0, avg network size: 0, si_in_serializable: 0 0 %, local: 0 %
I0313 17:20:58.232205 1678817 Coordinator.h:126] commit: 15390 abort: 44610 (0/44610/0), network size: 0, avg network size: 0, si_in_serializable: 0 0 %, local: 0 %
I0313 17:20:59.232347 1678817 Coordinator.h:126] commit: 15352 abort: 44648 (0/44648/0), network size: 0, avg network size: 0, si_in_serializable: 0 0 %, local: 0 %
I0313 17:21:00.232477 1678817 Coordinator.h:126] commit: 14162 abort: 41838 (0/41838/0), network size: 0, avg network size: 0, si_in_serializable: 0 0 %, local: 0 %
I0313 17:21:01.232632 1678817 Coordinator.h:126] commit: 16247 abort: 47753 (0/47753/0), network size: 0, avg network size: 0, si_in_serializable: 0 0 %, local: 0 %
I0313 17:21:02.232762 1678817 Coordinator.h:126] commit: 12290 abort: 35710 (0/35710/0), network size: 0, avg network size: 0, si_in_serializable: 0 0 %, local: 0 %
I0313 17:21:03.232884 1678817 Coordinator.h:126] commit: 15382 abort: 44618 (0/44618/0), network size: 0, avg network size: 0, si_in_serializable: 0 0 %, local: 0 %
I0313 17:21:04.233026 1678817 Coordinator.h:126] commit: 33700 abort: 98300 (0/98300/0), network size: 0, avg network size: 0, si_in_serializable: 0 0 %, local: 0 %
I0313 17:21:05.233178 1678817 Coordinator.h:126] commit: 107162 abort: 312838 (0/312838/0), network size: 0, avg network size: 0, si_in_serializable: 0 0 %, local: 0 %
I0313 17:21:06.233326 1678817 Coordinator.h:126] commit: 108229 abort: 315771 (0/315771/0), network size: 0, avg network size: 0, si_in_serializable: 0 0 %, local: 0 %
I0313 17:21:07.233475 1678817 Coordinator.h:126] commit: 108669 abort: 315331 (0/315331/0), network size: 0, avg network size: 0, si_in_serializable: 0 0 %, local: 0 %
I0313 17:21:08.233623 1678817 Coordinator.h:126] commit: 108961 abort: 319039 (0/319039/0), network size: 0, avg network size: 0, si_in_serializable: 0 0 %, local: 0 %
I0313 17:21:08.233673 1678817 Coordinator.h:152] average commit: 15017.4 abort: 43782.6 (0/43782.6/0), network size: 0, avg network size: 0, si_in_serializable: 0 0 %, local: 0 %
I0313 17:21:08.239907 1678847 AriaExecutor.h:103] AriaExecutor 3 exits. 
I0313 17:21:08.239907 1678850 AriaExecutor.h:103] AriaExecutor 6 exits. 
I0313 17:21:08.239907 1678844 AriaExecutor.h:103] AriaExecutor 0 exits. 
I0313 17:21:08.239907 1678851 AriaExecutor.h:103] AriaExecutor 7 exits. 
I0313 17:21:08.239907 1678854 AriaExecutor.h:103] AriaExecutor 10 exits. 
I0313 17:21:08.239907 1678852 AriaExecutor.h:103] AriaExecutor 8 exits. 
I0313 17:21:08.239921 1678855 AriaExecutor.h:103] AriaExecutor 11 exits. 
I0313 17:21:08.239907 1678845 AriaExecutor.h:103] AriaExecutor 1 exits. 
I0313 17:21:08.239920 1678849 AriaExecutor.h:103] AriaExecutor 5 exits. 
I0313 17:21:08.239907 1678846 AriaExecutor.h:103] AriaExecutor 2 exits. 
I0313 17:21:08.239928 1678856 Manager.h:227] Manager(worker id = 12) on the coordinator node exits.
I0313 17:21:08.239907 1678848 AriaExecutor.h:103] AriaExecutor 4 exits. 
I0313 17:21:08.239907 1678853 AriaExecutor.h:103] AriaExecutor 9 exits. 
I0313 17:21:08.233717 1678817 AriaExecutor.h:649] Worker 0 latency: 9000 us (50%) 42794 us (75%) 50930 us (95%) 54966 us (99%).
I0313 17:21:08.243445 1678817 AriaExecutor.h:649] Worker 1 latency: 8999 us (50%) 42848 us (75%) 50727 us (95%) 52861 us (99%).
I0313 17:21:08.251499 1678817 AriaExecutor.h:649] Worker 2 latency: 8994 us (50%) 42133 us (75%) 50668 us (95%) 55210 us (99%).
I0313 17:21:08.257401 1678817 AriaExecutor.h:649] Worker 3 latency: 8997 us (50%) 42768 us (75%) 50648 us (95%) 54909 us (99%).
I0313 17:21:08.262709 1678817 AriaExecutor.h:649] Worker 4 latency: 9006 us (50%) 42830 us (75%) 50635 us (95%) 54624 us (99%).
I0313 17:21:08.266412 1678817 AriaExecutor.h:649] Worker 5 latency: 8998 us (50%) 42802 us (75%) 50627 us (95%) 54207 us (99%).
I0313 17:21:08.269996 1678817 AriaExecutor.h:649] Worker 6 latency: 8997 us (50%) 43156 us (75%) 50952 us (95%) 54416 us (99%).
I0313 17:21:08.273559 1678817 AriaExecutor.h:649] Worker 7 latency: 8978 us (50%) 42734 us (75%) 50660 us (95%) 54748 us (99%).
I0313 17:21:08.277026 1678817 AriaExecutor.h:649] Worker 8 latency: 8982 us (50%) 42754 us (75%) 50610 us (95%) 52012 us (99%).
I0313 17:21:08.280489 1678817 AriaExecutor.h:649] Worker 9 latency: 8993 us (50%) 43234 us (75%) 50987 us (95%) 55110 us (99%).
I0313 17:21:08.283893 1678817 AriaExecutor.h:649] Worker 10 latency: 8975 us (50%) 42629 us (75%) 50860 us (95%) 55213 us (99%).
I0313 17:21:08.287362 1678817 AriaExecutor.h:649] Worker 11 latency: 8994 us (50%) 42514 us (75%) 50896 us (95%) 54126 us (99%).
I0313 17:21:08.290835 1678817 Coordinator.h:177] total commit: 15017.4
I0313 17:21:09.291049 1678817 Coordinator.h:192] Coordinator exits.
