I0313 17:39:45.383634 1697765 Database.h:65] ycsb initialization finished in 98 milliseconds.
I0313 17:39:45.383847 1697765 Coordinator.h:30] Coordinator initializes 12 workers.
I0313 17:39:45.421835 1697765 Coordinator.h:77] Coordinator starts to run 13 workers.
I0313 17:39:45.421931 1697781 AriaExecutor.h:94] AriaExecutor 0 started. 
I0313 17:39:45.421994 1697782 AriaExecutor.h:94] AriaExecutor 1 started. 
I0313 17:39:45.422096 1697783 AriaExecutor.h:94] AriaExecutor 2 started. 
I0313 17:39:45.422173 1697784 AriaExecutor.h:94] AriaExecutor 3 started. 
I0313 17:39:45.422293 1697785 AriaExecutor.h:94] AriaExecutor 4 started. 
I0313 17:39:45.422391 1697786 AriaExecutor.h:94] AriaExecutor 5 started. 
I0313 17:39:45.422463 1697787 AriaExecutor.h:94] AriaExecutor 6 started. 
I0313 17:39:45.422559 1697788 AriaExecutor.h:94] AriaExecutor 7 started. 
I0313 17:39:45.422633 1697789 AriaExecutor.h:94] AriaExecutor 8 started. 
I0313 17:39:45.422736 1697790 AriaExecutor.h:94] AriaExecutor 9 started. 
I0313 17:39:45.422812 1697791 AriaExecutor.h:94] AriaExecutor 10 started. 
I0313 17:39:45.422886 1697792 AriaExecutor.h:94] AriaExecutor 11 started. 
I0313 17:39:45.422984 1697793 Manager.h:224] Manager(worker id = 12) on the coordinator node started.
I0313 17:39:46.423027 1697765 Coordinator.h:126] commit: 356024 abort: 127976 (0/127976/0), network size: 0, avg network size: 0, si_in_serializable: 0 0 %, local: 0 %
I0313 17:39:47.423197 1697765 Coordinator.h:126] commit: 366567 abort: 131433 (0/131433/0), network size: 0, avg network size: 0, si_in_serializable: 0 0 %, local: 0 %
I0313 17:39:48.423395 1697765 Coordinator.h:126] commit: 377745 abort: 135255 (0/135255/0), network size: 0, avg network size: 0, si_in_serializable: 0 0 %, local: 0 %
I0313 17:39:49.423548 1697765 Coordinator.h:126] commit: 381521 abort: 136479 (0/136479/0), network size: 0, avg network size: 0, si_in_serializable: 0 0 %, local: 0 %
I0313 17:39:50.423662 1697765 Coordinator.h:126] commit: 378528 abort: 135472 (0/135472/0), network size: 0, avg network size: 0, si_in_serializable: 0 0 %, local: 0 %
I0313 17:39:51.423779 1697765 Coordinator.h:126] commit: 381586 abort: 136414 (0/136414/0), network size: 0, avg network size: 0, si_in_serializable: 0 0 %, local: 0 %
I0313 17:39:52.423897 1697765 Coordinator.h:126] commit: 379490 abort: 135510 (0/135510/0), network size: 0, avg network size: 0, si_in_serializable: 0 0 %, local: 0 %
I0313 17:39:53.424016 1697765 Coordinator.h:126] commit: 381864 abort: 137063 (0/137063/0), network size: 0, avg network size: 0, si_in_serializable: 0 0 %, local: 0 %
I0313 17:39:54.424191 1697765 Coordinator.h:126] commit: 371073 abort: 133000 (0/133000/0), network size: 0, avg network size: 0, si_in_serializable: 0 0 %, local: 0 %
I0313 17:39:55.424352 1697765 Coordinator.h:126] commit: 380954 abort: 137046 (0/137046/0), network size: 0, avg network size: 0, si_in_serializable: 0 0 %, local: 0 %
I0313 17:39:56.424468 1697765 Coordinator.h:126] commit: 381553 abort: 136447 (0/136447/0), network size: 0, avg network size: 0, si_in_serializable: 0 0 %, local: 0 %
I0313 17:39:57.424582 1697765 Coordinator.h:126] commit: 382301 abort: 136699 (0/136699/0), network size: 0, avg network size: 0, si_in_serializable: 0 0 %, local: 0 %
I0313 17:39:58.424706 1697765 Coordinator.h:126] commit: 380028 abort: 135972 (0/135972/0), network size: 0, avg network size: 0, si_in_serializable: 0 0 %, local: 0 %
I0313 17:39:59.424837 1697765 Coordinator.h:126] commit: 381104 abort: 136896 (0/136896/0), network size: 0, avg network size: 0, si_in_serializable: 0 0 %, local: 0 %
I0313 17:40:00.424964 1697765 Coordinator.h:126] commit: 381845 abort: 137155 (0/137155/0), network size: 0, avg network size: 0, si_in_serializable: 0 0 %, local: 0 %
I0313 17:40:01.425103 1697765 Coordinator.h:126] commit: 381545 abort: 136455 (0/136455/0), network size: 0, avg network size: 0, si_in_serializable: 0 0 %, local: 0 %
I0313 17:40:02.425232 1697765 Coordinator.h:126] commit: 358813 abort: 128187 (0/128187/0), network size: 0, avg network size: 0, si_in_serializable: 0 0 %, local: 0 %
I0313 17:40:03.425433 1697765 Coordinator.h:126] commit: 379137 abort: 135863 (0/135863/0), network size: 0, avg network size: 0, si_in_serializable: 0 0 %, local: 0 %
I0313 17:40:04.425602 1697765 Coordinator.h:126] commit: 381448 abort: 136552 (0/136552/0), network size: 0, avg network size: 0, si_in_serializable: 0 0 %, local: 0 %
I0313 17:40:05.425753 1697765 Coordinator.h:126] commit: 381538 abort: 136462 (0/136462/0), network size: 0, avg network size: 0, si_in_serializable: 0 0 %, local: 0 %
I0313 17:40:06.425899 1697765 Coordinator.h:126] commit: 382586 abort: 136414 (0/136414/0), network size: 0, avg network size: 0, si_in_serializable: 0 0 %, local: 0 %
I0313 17:40:07.426040 1697765 Coordinator.h:126] commit: 382132 abort: 135868 (0/135868/0), network size: 0, avg network size: 0, si_in_serializable: 0 0 %, local: 0 %
I0313 17:40:08.426160 1697765 Coordinator.h:126] commit: 381961 abort: 137039 (0/137039/0), network size: 0, avg network size: 0, si_in_serializable: 0 0 %, local: 0 %
I0313 17:40:09.426291 1697765 Coordinator.h:126] commit: 381024 abort: 136976 (0/136976/0), network size: 0, avg network size: 0, si_in_serializable: 0 0 %, local: 0 %
I0313 17:40:10.426424 1697765 Coordinator.h:126] commit: 381882 abort: 137118 (0/137118/0), network size: 0, avg network size: 0, si_in_serializable: 0 0 %, local: 0 %
I0313 17:40:10.426466 1697765 Coordinator.h:152] average commit: 378931 abort: 135669 (0/135669/0), network size: 0, avg network size: 0, si_in_serializable: 0 0 %, local: 0 %
I0313 17:40:10.428323 1697787 AriaExecutor.h:106] AriaExecutor 6 exits. 
I0313 17:40:10.428346 1697793 Manager.h:227] Manager(worker id = 12) on the coordinator node exits.
I0313 17:40:10.428323 1697785 AriaExecutor.h:106] AriaExecutor 4 exits. 
I0313 17:40:10.428323 1697786 AriaExecutor.h:106] AriaExecutor 5 exits. 
I0313 17:40:10.428323 1697783 AriaExecutor.h:106] AriaExecutor 2 exits. 
I0313 17:40:10.428323 1697788 AriaExecutor.h:106] AriaExecutor 7 exits. 
I0313 17:40:10.428339 1697781 AriaExecutor.h:106] AriaExecutor 0 exits. 
I0313 17:40:10.428339 1697782 AriaExecutor.h:106] AriaExecutor 1 exits. 
I0313 17:40:10.428339 1697784 AriaExecutor.h:106] AriaExecutor 3 exits. 
I0313 17:40:10.428339 1697791 AriaExecutor.h:106] AriaExecutor 10 exits. 
I0313 17:40:10.428340 1697789 AriaExecutor.h:106] AriaExecutor 8 exits. 
I0313 17:40:10.428340 1697790 AriaExecutor.h:106] AriaExecutor 9 exits. 
I0313 17:40:10.428341 1697792 AriaExecutor.h:106] AriaExecutor 11 exits. 
I0313 17:40:10.426512 1697765 AriaExecutor.h:625] Worker 0 latency: 1220 us (50%) 1592 us (75%) 1856 us (95%) 1908 us (99%).
I0313 17:40:10.477214 1697765 AriaExecutor.h:625] Worker 1 latency: 1221 us (50%) 1592 us (75%) 1856 us (95%) 1908 us (99%).
I0313 17:40:10.513106 1697765 AriaExecutor.h:625] Worker 2 latency: 1221 us (50%) 1592 us (75%) 1856 us (95%) 1908 us (99%).
I0313 17:40:10.549070 1697765 AriaExecutor.h:625] Worker 3 latency: 1222 us (50%) 1592 us (75%) 1856 us (95%) 1908 us (99%).
I0313 17:40:10.584935 1697765 AriaExecutor.h:625] Worker 4 latency: 1227 us (50%) 1594 us (75%) 1856 us (95%) 1907 us (99%).
I0313 17:40:10.620795 1697765 AriaExecutor.h:625] Worker 5 latency: 1227 us (50%) 1594 us (75%) 1856 us (95%) 1907 us (99%).
I0313 17:40:10.656078 1697765 AriaExecutor.h:625] Worker 6 latency: 1226 us (50%) 1594 us (75%) 1856 us (95%) 1907 us (99%).
I0313 17:40:10.691696 1697765 AriaExecutor.h:625] Worker 7 latency: 1227 us (50%) 1594 us (75%) 1856 us (95%) 1907 us (99%).
I0313 17:40:10.728055 1697765 AriaExecutor.h:625] Worker 8 latency: 1228 us (50%) 1595 us (75%) 1856 us (95%) 1907 us (99%).
I0313 17:40:10.764525 1697765 AriaExecutor.h:625] Worker 9 latency: 1227 us (50%) 1594 us (75%) 1856 us (95%) 1907 us (99%).
I0313 17:40:10.800086 1697765 AriaExecutor.h:625] Worker 10 latency: 1228 us (50%) 1594 us (75%) 1856 us (95%) 1907 us (99%).
I0313 17:40:10.836011 1697765 AriaExecutor.h:625] Worker 11 latency: 1226 us (50%) 1592 us (75%) 1855 us (95%) 1907 us (99%).
I0313 17:40:10.871429 1697765 Coordinator.h:177] total commit: 378931
I0313 17:40:11.871639 1697765 Coordinator.h:192] Coordinator exits.
