I0313 17:55:41.497298 1709663 Database.h:65] ycsb initialization finished in 100 milliseconds.
I0313 17:55:41.497516 1709663 Coordinator.h:30] Coordinator initializes 12 workers.
I0313 17:55:41.534354 1709663 Coordinator.h:77] Coordinator starts to run 13 workers.
I0313 17:55:41.534453 1709691 AriaExecutor.h:94] AriaExecutor 0 started. 
I0313 17:55:41.534482 1709692 AriaExecutor.h:94] AriaExecutor 1 started. 
I0313 17:55:41.534616 1709693 AriaExecutor.h:94] AriaExecutor 2 started. 
I0313 17:55:41.534735 1709694 AriaExecutor.h:94] AriaExecutor 3 started. 
I0313 17:55:41.534838 1709695 AriaExecutor.h:94] AriaExecutor 4 started. 
I0313 17:55:41.534933 1709696 AriaExecutor.h:94] AriaExecutor 5 started. 
I0313 17:55:41.535038 1709697 AriaExecutor.h:94] AriaExecutor 6 started. 
I0313 17:55:41.535156 1709698 AriaExecutor.h:94] AriaExecutor 7 started. 
I0313 17:55:41.535266 1709699 AriaExecutor.h:94] AriaExecutor 8 started. 
I0313 17:55:41.535368 1709700 AriaExecutor.h:94] AriaExecutor 9 started. 
I0313 17:55:41.535470 1709701 AriaExecutor.h:94] AriaExecutor 10 started. 
I0313 17:55:41.535570 1709702 AriaExecutor.h:94] AriaExecutor 11 started. 
I0313 17:55:41.535674 1709703 Manager.h:224] Manager(worker id = 12) on the coordinator node started.
I0313 17:55:42.535730 1709663 Coordinator.h:126] commit: 386399 abort: 17601 (0/17601/0), network size: 0, avg network size: 0, si_in_serializable: 0 0 %, local: 0 %
I0313 17:55:43.535876 1709663 Coordinator.h:126] commit: 389146 abort: 17854 (0/17854/0), network size: 0, avg network size: 0, si_in_serializable: 0 0 %, local: 0 %
I0313 17:55:44.536032 1709663 Coordinator.h:126] commit: 390368 abort: 17632 (0/17632/0), network size: 0, avg network size: 0, si_in_serializable: 0 0 %, local: 0 %
I0313 17:55:45.536164 1709663 Coordinator.h:126] commit: 392260 abort: 17740 (0/17740/0), network size: 0, avg network size: 0, si_in_serializable: 0 0 %, local: 0 %
I0313 17:55:46.536260 1709663 Coordinator.h:126] commit: 388509 abort: 17491 (0/17491/0), network size: 0, avg network size: 0, si_in_serializable: 0 0 %, local: 0 %
I0313 17:55:47.536377 1709663 Coordinator.h:126] commit: 389328 abort: 17672 (0/17672/0), network size: 0, avg network size: 0, si_in_serializable: 0 0 %, local: 0 %
I0313 17:55:48.536499 1709663 Coordinator.h:126] commit: 391323 abort: 17677 (0/17677/0), network size: 0, avg network size: 0, si_in_serializable: 0 0 %, local: 0 %
I0313 17:55:49.536653 1709663 Coordinator.h:126] commit: 392342 abort: 17658 (0/17658/0), network size: 0, avg network size: 0, si_in_serializable: 0 0 %, local: 0 %
I0313 17:55:50.536779 1709663 Coordinator.h:126] commit: 386456 abort: 17544 (0/17544/0), network size: 0, avg network size: 0, si_in_serializable: 0 0 %, local: 0 %
I0313 17:55:51.536896 1709663 Coordinator.h:126] commit: 392164 abort: 17836 (0/17836/0), network size: 0, avg network size: 0, si_in_serializable: 0 0 %, local: 0 %
I0313 17:55:52.537047 1709663 Coordinator.h:126] commit: 392187 abort: 17813 (0/17813/0), network size: 0, avg network size: 0, si_in_serializable: 0 0 %, local: 0 %
I0313 17:55:53.537179 1709663 Coordinator.h:126] commit: 393268 abort: 17732 (0/17732/0), network size: 0, avg network size: 0, si_in_serializable: 0 0 %, local: 0 %
I0313 17:55:54.537300 1709663 Coordinator.h:126] commit: 391121 abort: 17879 (0/17879/0), network size: 0, avg network size: 0, si_in_serializable: 0 0 %, local: 0 %
I0313 17:55:55.537420 1709663 Coordinator.h:126] commit: 393122 abort: 17995 (0/17995/0), network size: 0, avg network size: 0, si_in_serializable: 0 0 %, local: 0 %
I0313 17:55:56.537575 1709663 Coordinator.h:126] commit: 392804 abort: 17893 (0/17893/0), network size: 0, avg network size: 0, si_in_serializable: 0 0 %, local: 0 %
I0313 17:55:57.537706 1709663 Coordinator.h:126] commit: 386723 abort: 17463 (0/17463/0), network size: 0, avg network size: 0, si_in_serializable: 0 0 %, local: 0 %
I0313 17:55:58.537827 1709663 Coordinator.h:126] commit: 378823 abort: 17177 (0/17177/0), network size: 0, avg network size: 0, si_in_serializable: 0 0 %, local: 0 %
I0313 17:55:59.537950 1709663 Coordinator.h:126] commit: 390282 abort: 17718 (0/17718/0), network size: 0, avg network size: 0, si_in_serializable: 0 0 %, local: 0 %
I0313 17:56:00.538074 1709663 Coordinator.h:126] commit: 393033 abort: 17967 (0/17967/0), network size: 0, avg network size: 0, si_in_serializable: 0 0 %, local: 0 %
I0313 17:56:01.538195 1709663 Coordinator.h:126] commit: 394314 abort: 17686 (0/17686/0), network size: 0, avg network size: 0, si_in_serializable: 0 0 %, local: 0 %
I0313 17:56:02.538321 1709663 Coordinator.h:126] commit: 391158 abort: 17827 (0/17827/0), network size: 0, avg network size: 0, si_in_serializable: 0 0 %, local: 0 %
I0313 17:56:03.538436 1709663 Coordinator.h:126] commit: 392163 abort: 17852 (0/17852/0), network size: 0, avg network size: 0, si_in_serializable: 0 0 %, local: 0 %
I0313 17:56:04.538554 1709663 Coordinator.h:126] commit: 393016 abort: 17984 (0/17984/0), network size: 0, avg network size: 0, si_in_serializable: 0 0 %, local: 0 %
I0313 17:56:05.538707 1709663 Coordinator.h:126] commit: 393301 abort: 17699 (0/17699/0), network size: 0, avg network size: 0, si_in_serializable: 0 0 %, local: 0 %
I0313 17:56:06.538831 1709663 Coordinator.h:126] commit: 393005 abort: 17995 (0/17995/0), network size: 0, avg network size: 0, si_in_serializable: 0 0 %, local: 0 %
I0313 17:56:06.538872 1709663 Coordinator.h:152] average commit: 390568 abort: 17732.3 (0/17732.3/0), network size: 0, avg network size: 0, si_in_serializable: 0 0 %, local: 0 %
I0313 17:56:06.539639 1709694 AriaExecutor.h:106] AriaExecutor 3 exits. 
I0313 17:56:06.539644 1709698 AriaExecutor.h:106] AriaExecutor 7 exits. 
I0313 17:56:06.539640 1709696 AriaExecutor.h:106] AriaExecutor 5 exits. 
I0313 17:56:06.539642 1709701 AriaExecutor.h:106] AriaExecutor 10 exits. 
I0313 17:56:06.539641 1709699 AriaExecutor.h:106] AriaExecutor 8 exits. 
I0313 17:56:06.539641 1709702 AriaExecutor.h:106] AriaExecutor 11 exits. 
I0313 17:56:06.539642 1709695 AriaExecutor.h:106] AriaExecutor 4 exits. 
I0313 17:56:06.539641 1709691 AriaExecutor.h:106] AriaExecutor 0 exits. 
I0313 17:56:06.539641 1709700 AriaExecutor.h:106] AriaExecutor 9 exits. 
I0313 17:56:06.539644 1709703 Manager.h:227] Manager(worker id = 12) on the coordinator node exits.
I0313 17:56:06.539644 1709693 AriaExecutor.h:106] AriaExecutor 2 exits. 
I0313 17:56:06.539640 1709697 AriaExecutor.h:106] AriaExecutor 6 exits. 
I0313 17:56:06.539642 1709692 AriaExecutor.h:106] AriaExecutor 1 exits. 
I0313 17:56:06.538887 1709663 AriaExecutor.h:646] Worker 0 latency: 1640 us (50%) 2017 us (75%) 2313 us (95%) 2376 us (99%).
I0313 17:56:06.576568 1709663 AriaExecutor.h:646] Worker 1 latency: 1643 us (50%) 2019 us (75%) 2314 us (95%) 2376 us (99%).
I0313 17:56:06.613938 1709663 AriaExecutor.h:646] Worker 2 latency: 1643 us (50%) 2019 us (75%) 2313 us (95%) 2376 us (99%).
I0313 17:56:06.651149 1709663 AriaExecutor.h:646] Worker 3 latency: 1643 us (50%) 2019 us (75%) 2313 us (95%) 2376 us (99%).
I0313 17:56:06.688058 1709663 AriaExecutor.h:646] Worker 4 latency: 1650 us (50%) 2022 us (75%) 2314 us (95%) 2376 us (99%).
I0313 17:56:06.724994 1709663 AriaExecutor.h:646] Worker 5 latency: 1648 us (50%) 2021 us (75%) 2314 us (95%) 2376 us (99%).
I0313 17:56:06.761813 1709663 AriaExecutor.h:646] Worker 6 latency: 1651 us (50%) 2022 us (75%) 2314 us (95%) 2376 us (99%).
I0313 17:56:06.799296 1709663 AriaExecutor.h:646] Worker 7 latency: 1650 us (50%) 2022 us (75%) 2314 us (95%) 2376 us (99%).
I0313 17:56:06.836311 1709663 AriaExecutor.h:646] Worker 8 latency: 1651 us (50%) 2022 us (75%) 2314 us (95%) 2376 us (99%).
I0313 17:56:06.873328 1709663 AriaExecutor.h:646] Worker 9 latency: 1650 us (50%) 2022 us (75%) 2314 us (95%) 2376 us (99%).
I0313 17:56:06.910609 1709663 AriaExecutor.h:646] Worker 10 latency: 1652 us (50%) 2023 us (75%) 2314 us (95%) 2376 us (99%).
I0313 17:56:06.947510 1709663 AriaExecutor.h:646] Worker 11 latency: 1651 us (50%) 2022 us (75%) 2314 us (95%) 2376 us (99%).
I0313 17:56:06.984862 1709663 Coordinator.h:177] total commit: 390568
I0313 17:56:07.985052 1709663 Coordinator.h:192] Coordinator exits.
