I0313 16:47:28.646377 1615441 Database.h:65] ycsb initialization finished in 182 milliseconds.
I0313 16:47:28.646543 1615441 Coordinator.h:30] Coordinator initializes 12 workers.
I0313 16:47:28.659333 1615441 Coordinator.h:77] Coordinator starts to run 13 workers.
I0313 16:47:28.668275 1615474 AriaExecutor.h:82] AriaExecutor 11 started. 
I0313 16:47:28.676259 1615463 AriaExecutor.h:82] AriaExecutor 0 started. 
I0313 16:47:28.676265 1615467 AriaExecutor.h:82] AriaExecutor 4 started. 
I0313 16:47:28.668275 1615469 AriaExecutor.h:82] AriaExecutor 6 started. 
I0313 16:47:28.668275 1615468 AriaExecutor.h:82] AriaExecutor 5 started. 
I0313 16:47:28.668275 1615471 AriaExecutor.h:82] AriaExecutor 8 started. 
I0313 16:47:28.668275 1615470 AriaExecutor.h:82] AriaExecutor 7 started. 
I0313 16:47:28.676265 1615466 AriaExecutor.h:82] AriaExecutor 3 started. 
I0313 16:47:28.676265 1615465 AriaExecutor.h:82] AriaExecutor 2 started. 
I0313 16:47:28.668275 1615475 Manager.h:224] Manager(worker id = 12) on the coordinator node started.
I0313 16:47:28.668272 1615464 AriaExecutor.h:82] AriaExecutor 1 started. 
I0313 16:47:28.668275 1615472 AriaExecutor.h:82] AriaExecutor 9 started. 
I0313 16:47:28.668275 1615473 AriaExecutor.h:82] AriaExecutor 10 started. 
I0313 16:47:29.660250 1615441 Coordinator.h:126] commit: 4919 abort: 10081 (0/10081/0), network size: 0, avg network size: 0, si_in_serializable: 0 0 %, local: 0 %
I0313 16:47:30.660384 1615441 Coordinator.h:126] commit: 7936 abort: 16064 (0/16064/0), network size: 0, avg network size: 0, si_in_serializable: 0 0 %, local: 0 %
I0313 16:47:31.660511 1615441 Coordinator.h:126] commit: 8853 abort: 18147 (0/18147/0), network size: 0, avg network size: 0, si_in_serializable: 0 0 %, local: 0 %
I0313 16:47:32.660631 1615441 Coordinator.h:126] commit: 6275 abort: 12725 (0/12725/0), network size: 0, avg network size: 0, si_in_serializable: 0 0 %, local: 0 %
I0313 16:47:33.660789 1615441 Coordinator.h:126] commit: 5550 abort: 11450 (0/11450/0), network size: 0, avg network size: 0, si_in_serializable: 0 0 %, local: 0 %
I0313 16:47:34.660923 1615441 Coordinator.h:126] commit: 5579 abort: 11421 (0/11421/0), network size: 0, avg network size: 0, si_in_serializable: 0 0 %, local: 0 %
I0313 16:47:35.661046 1615441 Coordinator.h:126] commit: 4947 abort: 10053 (0/10053/0), network size: 0, avg network size: 0, si_in_serializable: 0 0 %, local: 0 %
I0313 16:47:36.661170 1615441 Coordinator.h:126] commit: 5196 abort: 10804 (0/10804/0), network size: 0, avg network size: 0, si_in_serializable: 0 0 %, local: 0 %
I0313 16:47:37.661288 1615441 Coordinator.h:126] commit: 6508 abort: 13492 (0/13492/0), network size: 0, avg network size: 0, si_in_serializable: 0 0 %, local: 0 %
I0313 16:47:38.661432 1615441 Coordinator.h:126] commit: 6629 abort: 13371 (0/13371/0), network size: 0, avg network size: 0, si_in_serializable: 0 0 %, local: 0 %
I0313 16:47:39.661562 1615441 Coordinator.h:126] commit: 6195 abort: 12805 (0/12805/0), network size: 0, avg network size: 0, si_in_serializable: 0 0 %, local: 0 %
I0313 16:47:40.661681 1615441 Coordinator.h:126] commit: 6604 abort: 13396 (0/13396/0), network size: 0, avg network size: 0, si_in_serializable: 0 0 %, local: 0 %
I0313 16:47:41.661834 1615441 Coordinator.h:126] commit: 6563 abort: 13354 (0/13354/0), network size: 0, avg network size: 0, si_in_serializable: 0 0 %, local: 0 %
I0313 16:47:42.661965 1615441 Coordinator.h:126] commit: 6246 abort: 12837 (0/12837/0), network size: 0, avg network size: 0, si_in_serializable: 0 0 %, local: 0 %
I0313 16:47:43.662087 1615441 Coordinator.h:126] commit: 5581 abort: 11419 (0/11419/0), network size: 0, avg network size: 0, si_in_serializable: 0 0 %, local: 0 %
I0313 16:47:44.662212 1615441 Coordinator.h:126] commit: 6230 abort: 12770 (0/12770/0), network size: 0, avg network size: 0, si_in_serializable: 0 0 %, local: 0 %
I0313 16:47:45.662369 1615441 Coordinator.h:126] commit: 5550 abort: 11450 (0/11450/0), network size: 0, avg network size: 0, si_in_serializable: 0 0 %, local: 0 %
I0313 16:47:46.662503 1615441 Coordinator.h:126] commit: 6253 abort: 12747 (0/12747/0), network size: 0, avg network size: 0, si_in_serializable: 0 0 %, local: 0 %
I0313 16:47:47.662628 1615441 Coordinator.h:126] commit: 5286 abort: 10714 (0/10714/0), network size: 0, avg network size: 0, si_in_serializable: 0 0 %, local: 0 %
I0313 16:47:48.662755 1615441 Coordinator.h:126] commit: 6600 abort: 13400 (0/13400/0), network size: 0, avg network size: 0, si_in_serializable: 0 0 %, local: 0 %
I0313 16:47:49.662881 1615441 Coordinator.h:126] commit: 5298 abort: 10702 (0/10702/0), network size: 0, avg network size: 0, si_in_serializable: 0 0 %, local: 0 %
I0313 16:47:50.663038 1615441 Coordinator.h:126] commit: 6468 abort: 13365 (0/13365/0), network size: 0, avg network size: 0, si_in_serializable: 0 0 %, local: 0 %
I0313 16:47:51.663168 1615441 Coordinator.h:126] commit: 7696 abort: 15387 (0/15387/0), network size: 0, avg network size: 0, si_in_serializable: 0 0 %, local: 0 %
I0313 16:47:52.663292 1615441 Coordinator.h:126] commit: 4855 abort: 10063 (0/10063/0), network size: 0, avg network size: 0, si_in_serializable: 0 0 %, local: 0 %
I0313 16:47:53.663414 1615441 Coordinator.h:126] commit: 5714 abort: 11868 (0/11868/0), network size: 0, avg network size: 0, si_in_serializable: 0 0 %, local: 0 %
I0313 16:47:53.663458 1615441 Coordinator.h:152] average commit: 6110.8 abort: 12489.2 (0/12489.2/0), network size: 0, avg network size: 0, si_in_serializable: 0 0 %, local: 0 %
I0313 16:47:53.663477 1615441 AriaExecutor.h:535] Worker 0 latency: 35609 us (50%) 45782 us (75%) 55557 us (95%) 60419 us (99%).
I0313 16:47:53.692261 1615468 AriaExecutor.h:94] AriaExecutor 5 exits. 
I0313 16:47:53.700256 1615464 AriaExecutor.h:94] AriaExecutor 1 exits. 
I0313 16:47:53.692261 1615475 Manager.h:227] Manager(worker id = 12) on the coordinator node exits.
I0313 16:47:53.692261 1615466 AriaExecutor.h:94] AriaExecutor 3 exits. 
I0313 16:47:53.692261 1615469 AriaExecutor.h:94] AriaExecutor 6 exits. 
I0313 16:47:53.692261 1615472 AriaExecutor.h:94] AriaExecutor 9 exits. 
I0313 16:47:53.704253 1615473 AriaExecutor.h:94] AriaExecutor 10 exits. 
I0313 16:47:53.700256 1615471 AriaExecutor.h:94] AriaExecutor 8 exits. 
I0313 16:47:53.704255 1615474 AriaExecutor.h:94] AriaExecutor 11 exits. 
I0313 16:47:53.700256 1615463 AriaExecutor.h:94] AriaExecutor 0 exits. 
I0313 16:47:53.704253 1615470 AriaExecutor.h:94] AriaExecutor 7 exits. 
I0313 16:47:53.704545 1615441 AriaExecutor.h:535] Worker 1 latency: 35752 us (50%) 45825 us (75%) 55599 us (95%) 60286 us (99%).
I0313 16:47:53.705211 1615441 AriaExecutor.h:535] Worker 2 latency: 36273 us (50%) 45328 us (75%) 55701 us (95%) 62895 us (99%).
I0313 16:47:53.705870 1615467 AriaExecutor.h:94] AriaExecutor 4 exits. 
I0313 16:47:53.692261 1615465 AriaExecutor.h:94] AriaExecutor 2 exits. 
I0313 16:47:53.708381 1615441 AriaExecutor.h:535] Worker 3 latency: 35991 us (50%) 46133 us (75%) 55658 us (95%) 59907 us (99%).
I0313 16:47:53.709035 1615441 AriaExecutor.h:535] Worker 4 latency: 36140 us (50%) 46294 us (75%) 55509 us (95%) 59673 us (99%).
I0313 16:47:53.709712 1615441 AriaExecutor.h:535] Worker 5 latency: 35824 us (50%) 45741 us (75%) 55548 us (95%) 60086 us (99%).
I0313 16:47:53.710369 1615441 AriaExecutor.h:535] Worker 6 latency: 35680 us (50%) 46058 us (75%) 55447 us (95%) 60356 us (99%).
I0313 16:47:53.711036 1615441 AriaExecutor.h:535] Worker 7 latency: 36265 us (50%) 45625 us (75%) 55848 us (95%) 60208 us (99%).
I0313 16:47:53.711699 1615441 AriaExecutor.h:535] Worker 8 latency: 36158 us (50%) 44833 us (75%) 55635 us (95%) 59951 us (99%).
I0313 16:47:53.712365 1615441 AriaExecutor.h:535] Worker 9 latency: 36071 us (50%) 46060 us (75%) 55654 us (95%) 62513 us (99%).
I0313 16:47:53.713011 1615441 AriaExecutor.h:535] Worker 10 latency: 35857 us (50%) 46355 us (75%) 55680 us (95%) 62688 us (99%).
I0313 16:47:53.713658 1615441 AriaExecutor.h:535] Worker 11 latency: 36041 us (50%) 46318 us (75%) 55587 us (95%) 60081 us (99%).
I0313 16:47:53.714315 1615441 Coordinator.h:177] total commit: 6110.8
I0313 16:47:54.714529 1615441 Coordinator.h:192] Coordinator exits.
