I0313 17:37:32.857928 1696533 Database.h:65] ycsb initialization finished in 99 milliseconds.
I0313 17:37:32.858150 1696533 Coordinator.h:30] Coordinator initializes 12 workers.
I0313 17:37:32.966248 1696533 Coordinator.h:77] Coordinator starts to run 13 workers.
I0313 17:37:32.966354 1696549 AriaExecutor.h:94] AriaExecutor 0 started. 
I0313 17:37:32.966404 1696550 AriaExecutor.h:94] AriaExecutor 1 started. 
I0313 17:37:32.966516 1696551 AriaExecutor.h:94] AriaExecutor 2 started. 
I0313 17:37:32.966554 1696552 AriaExecutor.h:94] AriaExecutor 3 started. 
I0313 17:37:32.966665 1696553 AriaExecutor.h:94] AriaExecutor 4 started. 
I0313 17:37:32.966697 1696554 AriaExecutor.h:94] AriaExecutor 5 started. 
I0313 17:37:32.966804 1696555 AriaExecutor.h:94] AriaExecutor 6 started. 
I0313 17:37:32.966922 1696556 AriaExecutor.h:94] AriaExecutor 7 started. 
I0313 17:37:32.966960 1696557 AriaExecutor.h:94] AriaExecutor 8 started. 
I0313 17:37:32.967063 1696558 AriaExecutor.h:94] AriaExecutor 9 started. 
I0313 17:37:32.967186 1696559 AriaExecutor.h:94] AriaExecutor 10 started. 
I0313 17:37:32.967236 1696560 AriaExecutor.h:94] AriaExecutor 11 started. 
I0313 17:37:32.967332 1696561 Manager.h:224] Manager(worker id = 12) on the coordinator node started.
I0313 17:37:33.967375 1696533 Coordinator.h:126] commit: 2898 abort: 93102 (0/93102/0), network size: 0, avg network size: 0, si_in_serializable: 0 0 %, local: 0 %
I0313 17:37:34.967543 1696533 Coordinator.h:126] commit: 3472 abort: 112528 (0/112528/0), network size: 0, avg network size: 0, si_in_serializable: 0 0 %, local: 0 %
I0313 17:37:35.967747 1696533 Coordinator.h:126] commit: 3823 abort: 124177 (0/124177/0), network size: 0, avg network size: 0, si_in_serializable: 0 0 %, local: 0 %
I0313 17:37:36.967888 1696533 Coordinator.h:126] commit: 3646 abort: 120354 (0/120354/0), network size: 0, avg network size: 0, si_in_serializable: 0 0 %, local: 0 %
I0313 17:37:37.968029 1696533 Coordinator.h:126] commit: 3772 abort: 124228 (0/124228/0), network size: 0, avg network size: 0, si_in_serializable: 0 0 %, local: 0 %
I0313 17:37:38.968173 1696533 Coordinator.h:126] commit: 3655 abort: 120345 (0/120345/0), network size: 0, avg network size: 0, si_in_serializable: 0 0 %, local: 0 %
I0313 17:37:39.968318 1696533 Coordinator.h:126] commit: 3802 abort: 124198 (0/124198/0), network size: 0, avg network size: 0, si_in_serializable: 0 0 %, local: 0 %
I0313 17:37:40.968513 1696533 Coordinator.h:126] commit: 3759 abort: 124241 (0/124241/0), network size: 0, avg network size: 0, si_in_serializable: 0 0 %, local: 0 %
I0313 17:37:41.968654 1696533 Coordinator.h:126] commit: 3563 abort: 120437 (0/120437/0), network size: 0, avg network size: 0, si_in_serializable: 0 0 %, local: 0 %
I0313 17:37:42.968783 1696533 Coordinator.h:126] commit: 3740 abort: 124260 (0/124260/0), network size: 0, avg network size: 0, si_in_serializable: 0 0 %, local: 0 %
I0313 17:37:43.968916 1696533 Coordinator.h:126] commit: 3658 abort: 120342 (0/120342/0), network size: 0, avg network size: 0, si_in_serializable: 0 0 %, local: 0 %
I0313 17:37:44.969061 1696533 Coordinator.h:126] commit: 3775 abort: 124225 (0/124225/0), network size: 0, avg network size: 0, si_in_serializable: 0 0 %, local: 0 %
I0313 17:37:45.969206 1696533 Coordinator.h:126] commit: 3803 abort: 124197 (0/124197/0), network size: 0, avg network size: 0, si_in_serializable: 0 0 %, local: 0 %
I0313 17:37:46.969336 1696533 Coordinator.h:126] commit: 3630 abort: 120370 (0/120370/0), network size: 0, avg network size: 0, si_in_serializable: 0 0 %, local: 0 %
I0313 17:37:47.969471 1696533 Coordinator.h:126] commit: 3746 abort: 124254 (0/124254/0), network size: 0, avg network size: 0, si_in_serializable: 0 0 %, local: 0 %
I0313 17:37:48.969609 1696533 Coordinator.h:126] commit: 3552 abort: 120448 (0/120448/0), network size: 0, avg network size: 0, si_in_serializable: 0 0 %, local: 0 %
I0313 17:37:49.969758 1696533 Coordinator.h:126] commit: 3774 abort: 124226 (0/124226/0), network size: 0, avg network size: 0, si_in_serializable: 0 0 %, local: 0 %
I0313 17:37:50.969889 1696533 Coordinator.h:126] commit: 3752 abort: 120248 (0/120248/0), network size: 0, avg network size: 0, si_in_serializable: 0 0 %, local: 0 %
I0313 17:37:51.970016 1696533 Coordinator.h:126] commit: 3772 abort: 124228 (0/124228/0), network size: 0, avg network size: 0, si_in_serializable: 0 0 %, local: 0 %
I0313 17:37:52.970150 1696533 Coordinator.h:126] commit: 3773 abort: 124227 (0/124227/0), network size: 0, avg network size: 0, si_in_serializable: 0 0 %, local: 0 %
I0313 17:37:53.970335 1696533 Coordinator.h:126] commit: 3545 abort: 120455 (0/120455/0), network size: 0, avg network size: 0, si_in_serializable: 0 0 %, local: 0 %
I0313 17:37:54.970489 1696533 Coordinator.h:126] commit: 3809 abort: 124191 (0/124191/0), network size: 0, avg network size: 0, si_in_serializable: 0 0 %, local: 0 %
I0313 17:37:55.970628 1696533 Coordinator.h:126] commit: 3674 abort: 120326 (0/120326/0), network size: 0, avg network size: 0, si_in_serializable: 0 0 %, local: 0 %
I0313 17:37:56.970767 1696533 Coordinator.h:126] commit: 3813 abort: 124187 (0/124187/0), network size: 0, avg network size: 0, si_in_serializable: 0 0 %, local: 0 %
I0313 17:37:57.970896 1696533 Coordinator.h:126] commit: 3563 abort: 120437 (0/120437/0), network size: 0, avg network size: 0, si_in_serializable: 0 0 %, local: 0 %
I0313 17:37:57.970945 1696533 Coordinator.h:152] average commit: 3723.5 abort: 122676 (0/122676/0), network size: 0, avg network size: 0, si_in_serializable: 0 0 %, local: 0 %
I0313 17:37:57.970989 1696533 AriaExecutor.h:625] Worker 0 latency: 31095 us (50%) 31433 us (75%) 32774 us (95%) 39068 us (99%).
I0313 17:37:57.973477 1696556 AriaExecutor.h:106] AriaExecutor 7 exits. 
I0313 17:37:57.973477 1696560 AriaExecutor.h:106] AriaExecutor 11 exits. 
I0313 17:37:57.973477 1696554 AriaExecutor.h:106] AriaExecutor 5 exits. 
I0313 17:37:57.973477 1696550 AriaExecutor.h:106] AriaExecutor 1 exits. 
I0313 17:37:57.973477 1696555 AriaExecutor.h:106] AriaExecutor 6 exits. 
I0313 17:37:57.973477 1696549 AriaExecutor.h:106] AriaExecutor 0 exits. 
I0313 17:37:57.973477 1696553 AriaExecutor.h:106] AriaExecutor 4 exits. 
I0313 17:37:57.973477 1696552 AriaExecutor.h:106] AriaExecutor 3 exits. 
I0313 17:37:57.973477 1696559 AriaExecutor.h:106] AriaExecutor 10 exits. 
I0313 17:37:57.973477 1696558 AriaExecutor.h:106] AriaExecutor 9 exits. 
I0313 17:37:57.973477 1696551 AriaExecutor.h:106] AriaExecutor 2 exits. 
I0313 17:37:57.973485 1696557 AriaExecutor.h:106] AriaExecutor 8 exits. 
I0313 17:37:57.973481 1696561 Manager.h:227] Manager(worker id = 12) on the coordinator node exits.
I0313 17:37:57.973743 1696533 AriaExecutor.h:625] Worker 1 latency: 31116 us (50%) 31438 us (75%) 32843 us (95%) 39167 us (99%).
I0313 17:37:57.975044 1696533 AriaExecutor.h:625] Worker 2 latency: 31077 us (50%) 31434 us (75%) 32831 us (95%) 39157 us (99%).
I0313 17:37:57.976322 1696533 AriaExecutor.h:625] Worker 3 latency: 31057 us (50%) 31430 us (75%) 32821 us (95%) 39152 us (99%).
I0313 17:37:57.977602 1696533 AriaExecutor.h:625] Worker 4 latency: 31066 us (50%) 31425 us (75%) 32696 us (95%) 39069 us (99%).
I0313 17:37:57.978910 1696533 AriaExecutor.h:625] Worker 5 latency: 31063 us (50%) 31423 us (75%) 32777 us (95%) 39118 us (99%).
I0313 17:37:57.980203 1696533 AriaExecutor.h:625] Worker 6 latency: 31074 us (50%) 31427 us (75%) 32786 us (95%) 39111 us (99%).
I0313 17:37:57.981442 1696533 AriaExecutor.h:625] Worker 7 latency: 31054 us (50%) 31425 us (75%) 32790 us (95%) 39220 us (99%).
I0313 17:37:57.982609 1696533 AriaExecutor.h:625] Worker 8 latency: 31026 us (50%) 31415 us (75%) 32802 us (95%) 39073 us (99%).
I0313 17:37:57.983752 1696533 AriaExecutor.h:625] Worker 9 latency: 31044 us (50%) 31418 us (75%) 32640 us (95%) 39012 us (99%).
I0313 17:37:57.984766 1696533 AriaExecutor.h:625] Worker 10 latency: 31050 us (50%) 31417 us (75%) 32745 us (95%) 39077 us (99%).
I0313 17:37:57.985877 1696533 AriaExecutor.h:625] Worker 11 latency: 31020 us (50%) 31408 us (75%) 32753 us (95%) 39060 us (99%).
I0313 17:37:57.987020 1696533 Coordinator.h:177] total commit: 3723.5
I0313 17:37:58.987228 1696533 Coordinator.h:192] Coordinator exits.
