I0313 17:49:02.960423 1705233 Database.h:65] ycsb initialization finished in 101 milliseconds.
I0313 17:49:02.960649 1705233 Coordinator.h:30] Coordinator initializes 12 workers.
I0313 17:49:03.069831 1705233 Coordinator.h:77] Coordinator starts to run 13 workers.
I0313 17:49:03.069921 1705249 AriaExecutor.h:94] AriaExecutor 0 started. 
I0313 17:49:03.069953 1705250 AriaExecutor.h:94] AriaExecutor 1 started. 
I0313 17:49:03.070073 1705251 AriaExecutor.h:94] AriaExecutor 2 started. 
I0313 17:49:03.070173 1705252 AriaExecutor.h:94] AriaExecutor 3 started. 
I0313 17:49:03.070242 1705253 AriaExecutor.h:94] AriaExecutor 4 started. 
I0313 17:49:03.070333 1705254 AriaExecutor.h:94] AriaExecutor 5 started. 
I0313 17:49:03.070451 1705255 AriaExecutor.h:94] AriaExecutor 6 started. 
I0313 17:49:03.070570 1705256 AriaExecutor.h:94] AriaExecutor 7 started. 
I0313 17:49:03.070677 1705257 AriaExecutor.h:94] AriaExecutor 8 started. 
I0313 17:49:03.070786 1705258 AriaExecutor.h:94] AriaExecutor 9 started. 
I0313 17:49:03.070890 1705259 AriaExecutor.h:94] AriaExecutor 10 started. 
I0313 17:49:03.071009 1705260 AriaExecutor.h:94] AriaExecutor 11 started. 
I0313 17:49:03.071128 1705261 Manager.h:224] Manager(worker id = 12) on the coordinator node started.
I0313 17:49:04.071180 1705233 Coordinator.h:126] commit: 461831 abort: 54169 (0/54169/0), network size: 0, avg network size: 0, si_in_serializable: 0 0 %, local: 0 %
I0313 17:49:05.071337 1705233 Coordinator.h:126] commit: 483279 abort: 56721 (0/56721/0), network size: 0, avg network size: 0, si_in_serializable: 0 0 %, local: 0 %
I0313 17:49:06.071509 1705233 Coordinator.h:126] commit: 486865 abort: 57135 (0/57135/0), network size: 0, avg network size: 0, si_in_serializable: 0 0 %, local: 0 %
I0313 17:49:07.071653 1705233 Coordinator.h:126] commit: 482949 abort: 57051 (0/57051/0), network size: 0, avg network size: 0, si_in_serializable: 0 0 %, local: 0 %
I0313 17:49:08.071781 1705233 Coordinator.h:126] commit: 488299 abort: 56945 (0/56945/0), network size: 0, avg network size: 0, si_in_serializable: 0 0 %, local: 0 %
I0313 17:49:09.071905 1705233 Coordinator.h:126] commit: 485868 abort: 56888 (0/56888/0), network size: 0, avg network size: 0, si_in_serializable: 0 0 %, local: 0 %
I0313 17:49:10.072031 1705233 Coordinator.h:126] commit: 479556 abort: 56444 (0/56444/0), network size: 0, avg network size: 0, si_in_serializable: 0 0 %, local: 0 %
I0313 17:49:11.072206 1705233 Coordinator.h:126] commit: 486715 abort: 57285 (0/57285/0), network size: 0, avg network size: 0, si_in_serializable: 0 0 %, local: 0 %
I0313 17:49:12.072350 1705233 Coordinator.h:126] commit: 487246 abort: 56754 (0/56754/0), network size: 0, avg network size: 0, si_in_serializable: 0 0 %, local: 0 %
I0313 17:49:13.072479 1705233 Coordinator.h:126] commit: 486516 abort: 57484 (0/57484/0), network size: 0, avg network size: 0, si_in_serializable: 0 0 %, local: 0 %
I0313 17:49:14.072604 1705233 Coordinator.h:126] commit: 486973 abort: 57027 (0/57027/0), network size: 0, avg network size: 0, si_in_serializable: 0 0 %, local: 0 %
I0313 17:49:15.072729 1705233 Coordinator.h:126] commit: 490044 abort: 57956 (0/57956/0), network size: 0, avg network size: 0, si_in_serializable: 0 0 %, local: 0 %
I0313 17:49:16.072851 1705233 Coordinator.h:126] commit: 483208 abort: 56792 (0/56792/0), network size: 0, avg network size: 0, si_in_serializable: 0 0 %, local: 0 %
I0313 17:49:17.072978 1705233 Coordinator.h:126] commit: 479566 abort: 56434 (0/56434/0), network size: 0, avg network size: 0, si_in_serializable: 0 0 %, local: 0 %
I0313 17:49:18.073105 1705233 Coordinator.h:126] commit: 487149 abort: 56851 (0/56851/0), network size: 0, avg network size: 0, si_in_serializable: 0 0 %, local: 0 %
I0313 17:49:19.073230 1705233 Coordinator.h:126] commit: 487097 abort: 56903 (0/56903/0), network size: 0, avg network size: 0, si_in_serializable: 0 0 %, local: 0 %
I0313 17:49:20.073359 1705233 Coordinator.h:126] commit: 487302 abort: 56698 (0/56698/0), network size: 0, avg network size: 0, si_in_serializable: 0 0 %, local: 0 %
I0313 17:49:21.073519 1705233 Coordinator.h:126] commit: 486730 abort: 57270 (0/57270/0), network size: 0, avg network size: 0, si_in_serializable: 0 0 %, local: 0 %
I0313 17:49:22.073657 1705233 Coordinator.h:126] commit: 486890 abort: 57110 (0/57110/0), network size: 0, avg network size: 0, si_in_serializable: 0 0 %, local: 0 %
I0313 17:49:23.073783 1705233 Coordinator.h:126] commit: 486949 abort: 57051 (0/57051/0), network size: 0, avg network size: 0, si_in_serializable: 0 0 %, local: 0 %
I0313 17:49:24.073908 1705233 Coordinator.h:126] commit: 490448 abort: 57552 (0/57552/0), network size: 0, avg network size: 0, si_in_serializable: 0 0 %, local: 0 %
I0313 17:49:25.074034 1705233 Coordinator.h:126] commit: 486788 abort: 57212 (0/57212/0), network size: 0, avg network size: 0, si_in_serializable: 0 0 %, local: 0 %
I0313 17:49:26.074163 1705233 Coordinator.h:126] commit: 486796 abort: 57204 (0/57204/0), network size: 0, avg network size: 0, si_in_serializable: 0 0 %, local: 0 %
I0313 17:49:27.074290 1705233 Coordinator.h:126] commit: 486861 abort: 57139 (0/57139/0), network size: 0, avg network size: 0, si_in_serializable: 0 0 %, local: 0 %
I0313 17:49:28.074419 1705233 Coordinator.h:126] commit: 490012 abort: 57988 (0/57988/0), network size: 0, avg network size: 0, si_in_serializable: 0 0 %, local: 0 %
I0313 17:49:28.074460 1705233 Coordinator.h:152] average commit: 486191 abort: 57009.2 (0/57009.2/0), network size: 0, avg network size: 0, si_in_serializable: 0 0 %, local: 0 %
I0313 17:49:28.084898 1705261 Manager.h:227] Manager(worker id = 12) on the coordinator node exits.
I0313 17:49:28.084900 1705251 AriaExecutor.h:106] AriaExecutor 2 exits. 
I0313 17:49:28.084898 1705252 AriaExecutor.h:106] AriaExecutor 3 exits. 
I0313 17:49:28.084900 1705260 AriaExecutor.h:106] AriaExecutor 11 exits. 
I0313 17:49:28.084898 1705257 AriaExecutor.h:106] AriaExecutor 8 exits. 
I0313 17:49:28.084900 1705258 AriaExecutor.h:106] AriaExecutor 9 exits. 
I0313 17:49:28.084900 1705253 AriaExecutor.h:106] AriaExecutor 4 exits. 
I0313 17:49:28.084901 1705259 AriaExecutor.h:106] AriaExecutor 10 exits. 
I0313 17:49:28.084899 1705249 AriaExecutor.h:106] AriaExecutor 0 exits. 
I0313 17:49:28.084900 1705250 AriaExecutor.h:106] AriaExecutor 1 exits. 
I0313 17:49:28.084900 1705255 AriaExecutor.h:106] AriaExecutor 6 exits. 
I0313 17:49:28.084901 1705256 AriaExecutor.h:106] AriaExecutor 7 exits. 
I0313 17:49:28.084899 1705254 AriaExecutor.h:106] AriaExecutor 5 exits. 
I0313 17:49:28.074473 1705233 AriaExecutor.h:646] Worker 0 latency: 5517 us (50%) 6259 us (75%) 6822 us (95%) 6948 us (99%).
I0313 17:49:28.121073 1705233 AriaExecutor.h:646] Worker 1 latency: 5525 us (50%) 6264 us (75%) 6823 us (95%) 6949 us (99%).
I0313 17:49:28.165796 1705233 AriaExecutor.h:646] Worker 2 latency: 5524 us (50%) 6263 us (75%) 6823 us (95%) 6949 us (99%).
I0313 17:49:28.210829 1705233 AriaExecutor.h:646] Worker 3 latency: 5528 us (50%) 6264 us (75%) 6823 us (95%) 6949 us (99%).
I0313 17:49:28.255296 1705233 AriaExecutor.h:646] Worker 4 latency: 5526 us (50%) 6263 us (75%) 6823 us (95%) 6949 us (99%).
I0313 17:49:28.300400 1705233 AriaExecutor.h:646] Worker 5 latency: 5521 us (50%) 6261 us (75%) 6822 us (95%) 6947 us (99%).
I0313 17:49:28.346186 1705233 AriaExecutor.h:646] Worker 6 latency: 5526 us (50%) 6264 us (75%) 6824 us (95%) 6949 us (99%).
I0313 17:49:28.391284 1705233 AriaExecutor.h:646] Worker 7 latency: 5529 us (50%) 6264 us (75%) 6823 us (95%) 6949 us (99%).
I0313 17:49:28.435788 1705233 AriaExecutor.h:646] Worker 8 latency: 5528 us (50%) 6264 us (75%) 6822 us (95%) 6947 us (99%).
I0313 17:49:28.480895 1705233 AriaExecutor.h:646] Worker 9 latency: 5525 us (50%) 6263 us (75%) 6823 us (95%) 6949 us (99%).
I0313 17:49:28.525949 1705233 AriaExecutor.h:646] Worker 10 latency: 5531 us (50%) 6265 us (75%) 6823 us (95%) 6948 us (99%).
I0313 17:49:28.571317 1705233 AriaExecutor.h:646] Worker 11 latency: 5505 us (50%) 6253 us (75%) 6821 us (95%) 6948 us (99%).
I0313 17:49:28.615870 1705233 Coordinator.h:177] total commit: 486191
I0313 17:49:29.616070 1705233 Coordinator.h:192] Coordinator exits.
