I0313 16:43:28.495244 1605233 Database.h:65] ycsb initialization finished in 100 milliseconds.
I0313 16:43:28.495464 1605233 Coordinator.h:30] Coordinator initializes 12 workers.
I0313 16:43:28.601977 1605233 Coordinator.h:77] Coordinator starts to run 13 workers.
I0313 16:43:28.602104 1605259 AriaExecutor.h:82] AriaExecutor 0 started. 
I0313 16:43:28.602130 1605260 AriaExecutor.h:82] AriaExecutor 1 started. 
I0313 16:43:28.602279 1605261 AriaExecutor.h:82] AriaExecutor 2 started. 
I0313 16:43:28.602417 1605262 AriaExecutor.h:82] AriaExecutor 3 started. 
I0313 16:43:28.602547 1605263 AriaExecutor.h:82] AriaExecutor 4 started. 
I0313 16:43:28.602680 1605264 AriaExecutor.h:82] AriaExecutor 5 started. 
I0313 16:43:28.602800 1605265 AriaExecutor.h:82] AriaExecutor 6 started. 
I0313 16:43:28.602926 1605266 AriaExecutor.h:82] AriaExecutor 7 started. 
I0313 16:43:28.603053 1605267 AriaExecutor.h:82] AriaExecutor 8 started. 
I0313 16:43:28.603183 1605268 AriaExecutor.h:82] AriaExecutor 9 started. 
I0313 16:43:28.603314 1605269 AriaExecutor.h:82] AriaExecutor 10 started. 
I0313 16:43:28.603418 1605270 AriaExecutor.h:82] AriaExecutor 11 started. 
I0313 16:43:28.603544 1605271 Manager.h:224] Manager(worker id = 12) on the coordinator node started.
I0313 16:43:29.603564 1605233 Coordinator.h:126] commit: 607242 abort: 12758 (0/12758/0), network size: 0, avg network size: 0, si_in_serializable: 0 0 %, local: 0 %
I0313 16:43:30.603744 1605233 Coordinator.h:126] commit: 685587 abort: 14413 (0/14413/0), network size: 0, avg network size: 0, si_in_serializable: 0 0 %, local: 0 %
I0313 16:43:31.603986 1605233 Coordinator.h:126] commit: 736652 abort: 15348 (0/15348/0), network size: 0, avg network size: 0, si_in_serializable: 0 0 %, local: 0 %
I0313 16:43:32.604166 1605233 Coordinator.h:126] commit: 740535 abort: 15465 (0/15465/0), network size: 0, avg network size: 0, si_in_serializable: 0 0 %, local: 0 %
I0313 16:43:33.604326 1605233 Coordinator.h:126] commit: 736782 abort: 15218 (0/15218/0), network size: 0, avg network size: 0, si_in_serializable: 0 0 %, local: 0 %
I0313 16:43:34.604468 1605233 Coordinator.h:126] commit: 740377 abort: 15623 (0/15623/0), network size: 0, avg network size: 0, si_in_serializable: 0 0 %, local: 0 %
I0313 16:43:35.604601 1605233 Coordinator.h:126] commit: 740380 abort: 15620 (0/15620/0), network size: 0, avg network size: 0, si_in_serializable: 0 0 %, local: 0 %
I0313 16:43:36.604825 1605233 Coordinator.h:126] commit: 740515 abort: 15485 (0/15485/0), network size: 0, avg network size: 0, si_in_serializable: 0 0 %, local: 0 %
I0313 16:43:37.605005 1605233 Coordinator.h:126] commit: 728818 abort: 15182 (0/15182/0), network size: 0, avg network size: 0, si_in_serializable: 0 0 %, local: 0 %
I0313 16:43:38.605161 1605233 Coordinator.h:126] commit: 744299 abort: 15701 (0/15701/0), network size: 0, avg network size: 0, si_in_serializable: 0 0 %, local: 0 %
I0313 16:43:39.605316 1605233 Coordinator.h:126] commit: 744451 abort: 15549 (0/15549/0), network size: 0, avg network size: 0, si_in_serializable: 0 0 %, local: 0 %
I0313 16:43:40.605473 1605233 Coordinator.h:126] commit: 740571 abort: 15429 (0/15429/0), network size: 0, avg network size: 0, si_in_serializable: 0 0 %, local: 0 %
I0313 16:43:41.605636 1605233 Coordinator.h:126] commit: 740612 abort: 15388 (0/15388/0), network size: 0, avg network size: 0, si_in_serializable: 0 0 %, local: 0 %
I0313 16:43:42.605789 1605233 Coordinator.h:126] commit: 740548 abort: 15452 (0/15452/0), network size: 0, avg network size: 0, si_in_serializable: 0 0 %, local: 0 %
I0313 16:43:43.605950 1605233 Coordinator.h:126] commit: 740514 abort: 15486 (0/15486/0), network size: 0, avg network size: 0, si_in_serializable: 0 0 %, local: 0 %
I0313 16:43:44.606120 1605233 Coordinator.h:126] commit: 732722 abort: 15278 (0/15278/0), network size: 0, avg network size: 0, si_in_serializable: 0 0 %, local: 0 %
I0313 16:43:45.606343 1605233 Coordinator.h:126] commit: 740376 abort: 15624 (0/15624/0), network size: 0, avg network size: 0, si_in_serializable: 0 0 %, local: 0 %
I0313 16:43:46.606518 1605233 Coordinator.h:126] commit: 713042 abort: 14958 (0/14958/0), network size: 0, avg network size: 0, si_in_serializable: 0 0 %, local: 0 %
I0313 16:43:47.606671 1605233 Coordinator.h:126] commit: 744502 abort: 15498 (0/15498/0), network size: 0, avg network size: 0, si_in_serializable: 0 0 %, local: 0 %
I0313 16:43:48.606837 1605233 Coordinator.h:126] commit: 743708 abort: 15480 (0/15480/0), network size: 0, avg network size: 0, si_in_serializable: 0 0 %, local: 0 %
I0313 16:43:49.606987 1605233 Coordinator.h:126] commit: 745142 abort: 15668 (0/15668/0), network size: 0, avg network size: 0, si_in_serializable: 0 0 %, local: 0 %
I0313 16:43:50.607132 1605233 Coordinator.h:126] commit: 744592 abort: 15408 (0/15408/0), network size: 0, avg network size: 0, si_in_serializable: 0 0 %, local: 0 %
I0313 16:43:51.607287 1605233 Coordinator.h:126] commit: 748295 abort: 15705 (0/15705/0), network size: 0, avg network size: 0, si_in_serializable: 0 0 %, local: 0 %
I0313 16:43:52.607440 1605233 Coordinator.h:126] commit: 744600 abort: 15400 (0/15400/0), network size: 0, avg network size: 0, si_in_serializable: 0 0 %, local: 0 %
I0313 16:43:53.607594 1605233 Coordinator.h:126] commit: 748385 abort: 15615 (0/15615/0), network size: 0, avg network size: 0, si_in_serializable: 0 0 %, local: 0 %
I0313 16:43:53.607654 1605233 Coordinator.h:152] average commit: 738105 abort: 15414.2 (0/15414.2/0), network size: 0, avg network size: 0, si_in_serializable: 0 0 %, local: 0 %
I0313 16:43:53.607990 1605268 AriaExecutor.h:94] AriaExecutor 9 exits. 
I0313 16:43:53.607990 1605263 AriaExecutor.h:94] AriaExecutor 4 exits. 
I0313 16:43:53.608003 1605267 AriaExecutor.h:94] AriaExecutor 8 exits. 
I0313 16:43:53.607990 1605265 AriaExecutor.h:94] AriaExecutor 6 exits. 
I0313 16:43:53.608011 1605271 Manager.h:227] Manager(worker id = 12) on the coordinator node exits.
I0313 16:43:53.607990 1605270 AriaExecutor.h:94] AriaExecutor 11 exits. 
I0313 16:43:53.607990 1605269 AriaExecutor.h:94] AriaExecutor 10 exits. 
I0313 16:43:53.607990 1605260 AriaExecutor.h:94] AriaExecutor 1 exits. 
I0313 16:43:53.607990 1605261 AriaExecutor.h:94] AriaExecutor 2 exits. 
I0313 16:43:53.607990 1605264 AriaExecutor.h:94] AriaExecutor 5 exits. 
I0313 16:43:53.607990 1605266 AriaExecutor.h:94] AriaExecutor 7 exits. 
I0313 16:43:53.607990 1605262 AriaExecutor.h:94] AriaExecutor 3 exits. 
I0313 16:43:53.607990 1605259 AriaExecutor.h:94] AriaExecutor 0 exits. 
I0313 16:43:53.607698 1605233 AriaExecutor.h:535] Worker 0 latency: 3491 us (50%) 4308 us (75%) 4958 us (95%) 5298 us (99%).
I0313 16:43:53.686575 1605233 AriaExecutor.h:535] Worker 1 latency: 3499 us (50%) 4311 us (75%) 4957 us (95%) 5282 us (99%).
I0313 16:43:53.753614 1605233 AriaExecutor.h:535] Worker 2 latency: 3497 us (50%) 4311 us (75%) 4958 us (95%) 5290 us (99%).
I0313 16:43:53.819051 1605233 AriaExecutor.h:535] Worker 3 latency: 3502 us (50%) 4314 us (75%) 4958 us (95%) 5289 us (99%).
I0313 16:43:53.885417 1605233 AriaExecutor.h:535] Worker 4 latency: 3498 us (50%) 4311 us (75%) 4957 us (95%) 5284 us (99%).
I0313 16:43:53.952152 1605233 AriaExecutor.h:535] Worker 5 latency: 3492 us (50%) 4308 us (75%) 4956 us (95%) 5287 us (99%).
I0313 16:43:54.018692 1605233 AriaExecutor.h:535] Worker 6 latency: 3501 us (50%) 4313 us (75%) 4958 us (95%) 5290 us (99%).
I0313 16:43:54.088853 1605233 AriaExecutor.h:535] Worker 7 latency: 3499 us (50%) 4311 us (75%) 4957 us (95%) 5279 us (99%).
I0313 16:43:54.156148 1605233 AriaExecutor.h:535] Worker 8 latency: 3502 us (50%) 4313 us (75%) 4957 us (95%) 5286 us (99%).
I0313 16:43:54.222656 1605233 AriaExecutor.h:535] Worker 9 latency: 3500 us (50%) 4313 us (75%) 4957 us (95%) 5284 us (99%).
I0313 16:43:54.289198 1605233 AriaExecutor.h:535] Worker 10 latency: 3510 us (50%) 4318 us (75%) 4959 us (95%) 5292 us (99%).
I0313 16:43:54.355696 1605233 AriaExecutor.h:535] Worker 11 latency: 3485 us (50%) 4305 us (75%) 4957 us (95%) 5290 us (99%).
I0313 16:43:54.423318 1605233 Coordinator.h:177] total commit: 738105
I0313 16:43:55.423520 1605233 Coordinator.h:192] Coordinator exits.
