I0313 16:47:01.892237 1614430 Database.h:65] ycsb initialization finished in 220 milliseconds.
I0313 16:47:01.892382 1614430 Coordinator.h:30] Coordinator initializes 12 workers.
I0313 16:47:01.989282 1614430 Coordinator.h:77] Coordinator starts to run 13 workers.
I0313 16:47:02.000272 1614459 AriaExecutor.h:82] AriaExecutor 1 started. 
I0313 16:47:02.000398 1614458 AriaExecutor.h:82] AriaExecutor 0 started. 
I0313 16:47:02.000640 1614470 Manager.h:224] Manager(worker id = 12) on the coordinator node started.
I0313 16:47:02.009025 1614468 AriaExecutor.h:82] AriaExecutor 10 started. 
I0313 16:47:02.000275 1614463 AriaExecutor.h:82] AriaExecutor 5 started. 
I0313 16:47:02.000276 1614464 AriaExecutor.h:82] AriaExecutor 6 started. 
I0313 16:47:02.000275 1614467 AriaExecutor.h:82] AriaExecutor 9 started. 
I0313 16:47:02.000275 1614469 AriaExecutor.h:82] AriaExecutor 11 started. 
I0313 16:47:02.000275 1614460 AriaExecutor.h:82] AriaExecutor 2 started. 
I0313 16:47:02.000275 1614466 AriaExecutor.h:82] AriaExecutor 8 started. 
I0313 16:47:02.000275 1614465 AriaExecutor.h:82] AriaExecutor 7 started. 
I0313 16:47:02.000275 1614462 AriaExecutor.h:82] AriaExecutor 4 started. 
I0313 16:47:02.000275 1614461 AriaExecutor.h:82] AriaExecutor 3 started. 
I0313 16:47:02.990226 1614430 Coordinator.h:126] commit: 66504 abort: 1496 (0/1496/0), network size: 0, avg network size: 0, si_in_serializable: 0 0 %, local: 0 %
I0313 16:47:03.990367 1614430 Coordinator.h:126] commit: 93869 abort: 2131 (0/2131/0), network size: 0, avg network size: 0, si_in_serializable: 0 0 %, local: 0 %
I0313 16:47:04.990500 1614430 Coordinator.h:126] commit: 74292 abort: 1708 (0/1708/0), network size: 0, avg network size: 0, si_in_serializable: 0 0 %, local: 0 %
I0313 16:47:05.990630 1614430 Coordinator.h:126] commit: 58650 abort: 1350 (0/1350/0), network size: 0, avg network size: 0, si_in_serializable: 0 0 %, local: 0 %
I0313 16:47:06.990790 1614430 Coordinator.h:126] commit: 54722 abort: 1278 (0/1278/0), network size: 0, avg network size: 0, si_in_serializable: 0 0 %, local: 0 %
I0313 16:47:07.990927 1614430 Coordinator.h:126] commit: 66529 abort: 1471 (0/1471/0), network size: 0, avg network size: 0, si_in_serializable: 0 0 %, local: 0 %
I0313 16:47:08.991060 1614430 Coordinator.h:126] commit: 66514 abort: 1486 (0/1486/0), network size: 0, avg network size: 0, si_in_serializable: 0 0 %, local: 0 %
I0313 16:47:09.991191 1614430 Coordinator.h:126] commit: 78227 abort: 1773 (0/1773/0), network size: 0, avg network size: 0, si_in_serializable: 0 0 %, local: 0 %
I0313 16:47:10.991315 1614430 Coordinator.h:126] commit: 78252 abort: 1748 (0/1748/0), network size: 0, avg network size: 0, si_in_serializable: 0 0 %, local: 0 %
I0313 16:47:11.991473 1614430 Coordinator.h:126] commit: 70410 abort: 1590 (0/1590/0), network size: 0, avg network size: 0, si_in_serializable: 0 0 %, local: 0 %
I0313 16:47:12.991602 1614430 Coordinator.h:126] commit: 62610 abort: 1390 (0/1390/0), network size: 0, avg network size: 0, si_in_serializable: 0 0 %, local: 0 %
I0313 16:47:13.991730 1614430 Coordinator.h:126] commit: 82125 abort: 1875 (0/1875/0), network size: 0, avg network size: 0, si_in_serializable: 0 0 %, local: 0 %
I0313 16:47:14.991858 1614430 Coordinator.h:126] commit: 72219 abort: 1781 (0/1781/0), network size: 0, avg network size: 0, si_in_serializable: 0 0 %, local: 0 %
I0313 16:47:15.991990 1614430 Coordinator.h:126] commit: 76368 abort: 1632 (0/1632/0), network size: 0, avg network size: 0, si_in_serializable: 0 0 %, local: 0 %
I0313 16:47:16.992121 1614430 Coordinator.h:126] commit: 70361 abort: 1639 (0/1639/0), network size: 0, avg network size: 0, si_in_serializable: 0 0 %, local: 0 %
I0313 16:47:17.992250 1614430 Coordinator.h:126] commit: 54807 abort: 1193 (0/1193/0), network size: 0, avg network size: 0, si_in_serializable: 0 0 %, local: 0 %
I0313 16:47:18.992377 1614430 Coordinator.h:126] commit: 54727 abort: 1273 (0/1273/0), network size: 0, avg network size: 0, si_in_serializable: 0 0 %, local: 0 %
I0313 16:47:19.992506 1614430 Coordinator.h:126] commit: 50854 abort: 1146 (0/1146/0), network size: 0, avg network size: 0, si_in_serializable: 0 0 %, local: 0 %
I0313 16:47:20.992666 1614430 Coordinator.h:126] commit: 66443 abort: 1557 (0/1557/0), network size: 0, avg network size: 0, si_in_serializable: 0 0 %, local: 0 %
I0313 16:47:21.992826 1614430 Coordinator.h:126] commit: 82170 abort: 1830 (0/1830/0), network size: 0, avg network size: 0, si_in_serializable: 0 0 %, local: 0 %
I0313 16:47:22.992952 1614430 Coordinator.h:126] commit: 82164 abort: 1836 (0/1836/0), network size: 0, avg network size: 0, si_in_serializable: 0 0 %, local: 0 %
I0313 16:47:23.993077 1614430 Coordinator.h:126] commit: 74378 abort: 1622 (0/1622/0), network size: 0, avg network size: 0, si_in_serializable: 0 0 %, local: 0 %
I0313 16:47:24.993207 1614430 Coordinator.h:126] commit: 66476 abort: 1524 (0/1524/0), network size: 0, avg network size: 0, si_in_serializable: 0 0 %, local: 0 %
I0313 16:47:25.993336 1614430 Coordinator.h:126] commit: 82161 abort: 1839 (0/1839/0), network size: 0, avg network size: 0, si_in_serializable: 0 0 %, local: 0 %
I0313 16:47:26.993463 1614430 Coordinator.h:126] commit: 74343 abort: 1657 (0/1657/0), network size: 0, avg network size: 0, si_in_serializable: 0 0 %, local: 0 %
I0313 16:47:26.993505 1614430 Coordinator.h:152] average commit: 67268.4 abort: 1531.6 (0/1531.6/0), network size: 0, avg network size: 0, si_in_serializable: 0 0 %, local: 0 %
I0313 16:47:26.993520 1614430 AriaExecutor.h:535] Worker 0 latency: 32220 us (50%) 39403 us (75%) 46618 us (95%) 51917 us (99%).
I0313 16:47:27.004773 1614466 AriaExecutor.h:94] AriaExecutor 8 exits. 
I0313 16:47:27.004773 1614469 AriaExecutor.h:94] AriaExecutor 11 exits. 
I0313 16:47:27.004781 1614458 AriaExecutor.h:94] AriaExecutor 0 exits. 
I0313 16:47:27.004773 1614461 AriaExecutor.h:94] AriaExecutor 3 exits. 
I0313 16:47:27.004773 1614465 AriaExecutor.h:94] AriaExecutor 7 exits. 
I0313 16:47:27.004781 1614459 AriaExecutor.h:94] AriaExecutor 1 exits. 
I0313 16:47:27.004773 1614462 AriaExecutor.h:94] AriaExecutor 4 exits. 
I0313 16:47:27.004782 1614463 AriaExecutor.h:94] AriaExecutor 5 exits. 
I0313 16:47:27.004776 1614470 Manager.h:227] Manager(worker id = 12) on the coordinator node exits.
I0313 16:47:27.004784 1614460 AriaExecutor.h:94] AriaExecutor 2 exits. 
I0313 16:47:27.004782 1614468 AriaExecutor.h:94] AriaExecutor 10 exits. 
I0313 16:47:27.004784 1614467 AriaExecutor.h:94] AriaExecutor 9 exits. 
I0313 16:47:27.004784 1614464 AriaExecutor.h:94] AriaExecutor 6 exits. 
I0313 16:47:27.005316 1614430 AriaExecutor.h:535] Worker 1 latency: 32441 us (50%) 39485 us (75%) 46706 us (95%) 53898 us (99%).
I0313 16:47:27.012655 1614430 AriaExecutor.h:535] Worker 2 latency: 32877 us (50%) 39221 us (75%) 46312 us (95%) 54171 us (99%).
I0313 16:47:27.019946 1614430 AriaExecutor.h:535] Worker 3 latency: 31571 us (50%) 39058 us (75%) 46685 us (95%) 53240 us (99%).
I0313 16:47:27.048267 1614430 AriaExecutor.h:535] Worker 4 latency: 31961 us (50%) 39185 us (75%) 46846 us (95%) 53227 us (99%).
I0313 16:47:27.068292 1614430 AriaExecutor.h:535] Worker 5 latency: 32063 us (50%) 39207 us (75%) 46806 us (95%) 53148 us (99%).
I0313 16:47:27.075958 1614430 AriaExecutor.h:535] Worker 6 latency: 31808 us (50%) 39287 us (75%) 46551 us (95%) 54098 us (99%).
I0313 16:47:27.096278 1614430 AriaExecutor.h:535] Worker 7 latency: 31951 us (50%) 39303 us (75%) 46579 us (95%) 52986 us (99%).
I0313 16:47:27.103927 1614430 AriaExecutor.h:535] Worker 8 latency: 31943 us (50%) 39033 us (75%) 46472 us (95%) 52907 us (99%).
I0313 16:47:27.132293 1614430 AriaExecutor.h:535] Worker 9 latency: 31691 us (50%) 38901 us (75%) 46188 us (95%) 53776 us (99%).
I0313 16:47:27.139899 1614430 AriaExecutor.h:535] Worker 10 latency: 32056 us (50%) 39247 us (75%) 46662 us (95%) 53050 us (99%).
I0313 16:47:27.160291 1614430 AriaExecutor.h:535] Worker 11 latency: 31734 us (50%) 39128 us (75%) 46553 us (95%) 52580 us (99%).
I0313 16:47:27.167915 1614430 Coordinator.h:177] total commit: 67268.4
I0313 16:47:28.168258 1614430 Coordinator.h:192] Coordinator exits.
