I0313 18:01:00.262816 1713710 Database.h:65] ycsb initialization finished in 102 milliseconds.
I0313 18:01:00.263067 1713710 Coordinator.h:30] Coordinator initializes 12 workers.
I0313 18:01:00.299404 1713710 Coordinator.h:77] Coordinator starts to run 13 workers.
I0313 18:01:00.299494 1713729 AriaExecutor.h:94] AriaExecutor 0 started. 
I0313 18:01:00.299544 1713730 AriaExecutor.h:94] AriaExecutor 1 started. 
I0313 18:01:00.299649 1713731 AriaExecutor.h:94] AriaExecutor 2 started. 
I0313 18:01:00.299742 1713732 AriaExecutor.h:94] AriaExecutor 3 started. 
I0313 18:01:00.299856 1713733 AriaExecutor.h:94] AriaExecutor 4 started. 
I0313 18:01:00.299960 1713734 AriaExecutor.h:94] AriaExecutor 5 started. 
I0313 18:01:00.300067 1713735 AriaExecutor.h:94] AriaExecutor 6 started. 
I0313 18:01:00.300189 1713736 AriaExecutor.h:94] AriaExecutor 7 started. 
I0313 18:01:00.300348 1713737 AriaExecutor.h:94] AriaExecutor 8 started. 
I0313 18:01:00.300463 1713738 AriaExecutor.h:94] AriaExecutor 9 started. 
I0313 18:01:00.300582 1713739 AriaExecutor.h:94] AriaExecutor 10 started. 
I0313 18:01:00.300694 1713740 AriaExecutor.h:94] AriaExecutor 11 started. 
I0313 18:01:00.300805 1713741 Manager.h:224] Manager(worker id = 12) on the coordinator node started.
I0313 18:01:01.300855 1713710 Coordinator.h:126] commit: 381411 abort: 136589 (0/136589/0), network size: 0, avg network size: 0, si_in_serializable: 0 0 %, local: 0 %
I0313 18:01:02.301002 1713710 Coordinator.h:126] commit: 386264 abort: 138736 (0/138736/0), network size: 0, avg network size: 0, si_in_serializable: 0 0 %, local: 0 %
I0313 18:01:03.301156 1713710 Coordinator.h:126] commit: 388189 abort: 138811 (0/138811/0), network size: 0, avg network size: 0, si_in_serializable: 0 0 %, local: 0 %
I0313 18:01:04.301288 1713710 Coordinator.h:126] commit: 391311 abort: 140689 (0/140689/0), network size: 0, avg network size: 0, si_in_serializable: 0 0 %, local: 0 %
I0313 18:01:05.301409 1713710 Coordinator.h:126] commit: 387152 abort: 138848 (0/138848/0), network size: 0, avg network size: 0, si_in_serializable: 0 0 %, local: 0 %
I0313 18:01:06.301533 1713710 Coordinator.h:126] commit: 387757 abort: 139243 (0/139243/0), network size: 0, avg network size: 0, si_in_serializable: 0 0 %, local: 0 %
I0313 18:01:07.301656 1713710 Coordinator.h:126] commit: 391765 abort: 140235 (0/140235/0), network size: 0, avg network size: 0, si_in_serializable: 0 0 %, local: 0 %
I0313 18:01:08.301811 1713710 Coordinator.h:126] commit: 390439 abort: 139561 (0/139561/0), network size: 0, avg network size: 0, si_in_serializable: 0 0 %, local: 0 %
I0313 18:01:09.301941 1713710 Coordinator.h:126] commit: 380565 abort: 136435 (0/136435/0), network size: 0, avg network size: 0, si_in_serializable: 0 0 %, local: 0 %
I0313 18:01:10.302059 1713710 Coordinator.h:126] commit: 390497 abort: 140503 (0/140503/0), network size: 0, avg network size: 0, si_in_serializable: 0 0 %, local: 0 %
I0313 18:01:11.302177 1713710 Coordinator.h:126] commit: 391831 abort: 140169 (0/140169/0), network size: 0, avg network size: 0, si_in_serializable: 0 0 %, local: 0 %
I0313 18:01:12.302297 1713710 Coordinator.h:126] commit: 391327 abort: 139673 (0/139673/0), network size: 0, avg network size: 0, si_in_serializable: 0 0 %, local: 0 %
I0313 18:01:13.302415 1713710 Coordinator.h:126] commit: 390048 abort: 138952 (0/138952/0), network size: 0, avg network size: 0, si_in_serializable: 0 0 %, local: 0 %
I0313 18:01:14.302527 1713710 Coordinator.h:126] commit: 392060 abort: 139940 (0/139940/0), network size: 0, avg network size: 0, si_in_serializable: 0 0 %, local: 0 %
I0313 18:01:15.302673 1713710 Coordinator.h:126] commit: 390228 abort: 139772 (0/139772/0), network size: 0, avg network size: 0, si_in_serializable: 0 0 %, local: 0 %
I0313 18:01:16.302807 1713710 Coordinator.h:126] commit: 391024 abort: 139976 (0/139976/0), network size: 0, avg network size: 0, si_in_serializable: 0 0 %, local: 0 %
I0313 18:01:17.302927 1713710 Coordinator.h:126] commit: 367804 abort: 132196 (0/132196/0), network size: 0, avg network size: 0, si_in_serializable: 0 0 %, local: 0 %
I0313 18:01:18.303045 1713710 Coordinator.h:126] commit: 390732 abort: 140268 (0/140268/0), network size: 0, avg network size: 0, si_in_serializable: 0 0 %, local: 0 %
I0313 18:01:19.303164 1713710 Coordinator.h:126] commit: 391032 abort: 139968 (0/139968/0), network size: 0, avg network size: 0, si_in_serializable: 0 0 %, local: 0 %
I0313 18:01:20.303282 1713710 Coordinator.h:126] commit: 391700 abort: 140300 (0/140300/0), network size: 0, avg network size: 0, si_in_serializable: 0 0 %, local: 0 %
I0313 18:01:21.303402 1713710 Coordinator.h:126] commit: 392336 abort: 139664 (0/139664/0), network size: 0, avg network size: 0, si_in_serializable: 0 0 %, local: 0 %
I0313 18:01:22.303520 1713710 Coordinator.h:126] commit: 390619 abort: 140381 (0/140381/0), network size: 0, avg network size: 0, si_in_serializable: 0 0 %, local: 0 %
I0313 18:01:23.303637 1713710 Coordinator.h:126] commit: 390688 abort: 140312 (0/140312/0), network size: 0, avg network size: 0, si_in_serializable: 0 0 %, local: 0 %
I0313 18:01:24.303756 1713710 Coordinator.h:126] commit: 390471 abort: 140529 (0/140529/0), network size: 0, avg network size: 0, si_in_serializable: 0 0 %, local: 0 %
I0313 18:01:25.303872 1713710 Coordinator.h:126] commit: 390737 abort: 140263 (0/140263/0), network size: 0, avg network size: 0, si_in_serializable: 0 0 %, local: 0 %
I0313 18:01:25.303910 1713710 Coordinator.h:152] average commit: 388779 abort: 139121 (0/139121/0), network size: 0, avg network size: 0, si_in_serializable: 0 0 %, local: 0 %
I0313 18:01:25.303951 1713736 AriaExecutor.h:106] AriaExecutor 7 exits. 
I0313 18:01:25.303952 1713737 AriaExecutor.h:106] AriaExecutor 8 exits. 
I0313 18:01:25.303953 1713739 AriaExecutor.h:106] AriaExecutor 10 exits. 
I0313 18:01:25.303952 1713731 AriaExecutor.h:106] AriaExecutor 2 exits. 
I0313 18:01:25.303953 1713738 AriaExecutor.h:106] AriaExecutor 9 exits. 
I0313 18:01:25.303954 1713740 AriaExecutor.h:106] AriaExecutor 11 exits. 
I0313 18:01:25.303954 1713741 Manager.h:227] Manager(worker id = 12) on the coordinator node exits.
I0313 18:01:25.303954 1713735 AriaExecutor.h:106] AriaExecutor 6 exits. 
I0313 18:01:25.303953 1713730 AriaExecutor.h:106] AriaExecutor 1 exits. 
I0313 18:01:25.303954 1713732 AriaExecutor.h:106] AriaExecutor 3 exits. 
I0313 18:01:25.303953 1713733 AriaExecutor.h:106] AriaExecutor 4 exits. 
I0313 18:01:25.303954 1713734 AriaExecutor.h:106] AriaExecutor 5 exits. 
I0313 18:01:25.303953 1713729 AriaExecutor.h:106] AriaExecutor 0 exits. 
I0313 18:01:25.303925 1713710 AriaExecutor.h:646] Worker 0 latency: 1190 us (50%) 1550 us (75%) 1807 us (95%) 1855 us (99%).
I0313 18:01:25.342567 1713710 AriaExecutor.h:646] Worker 1 latency: 1192 us (50%) 1551 us (75%) 1807 us (95%) 1855 us (99%).
I0313 18:01:25.381369 1713710 AriaExecutor.h:646] Worker 2 latency: 1191 us (50%) 1551 us (75%) 1807 us (95%) 1855 us (99%).
I0313 18:01:25.419579 1713710 AriaExecutor.h:646] Worker 3 latency: 1191 us (50%) 1551 us (75%) 1807 us (95%) 1855 us (99%).
I0313 18:01:25.458410 1713710 AriaExecutor.h:646] Worker 4 latency: 1198 us (50%) 1553 us (75%) 1807 us (95%) 1855 us (99%).
I0313 18:01:25.496343 1713710 AriaExecutor.h:646] Worker 5 latency: 1197 us (50%) 1553 us (75%) 1807 us (95%) 1855 us (99%).
I0313 18:01:25.533932 1713710 AriaExecutor.h:646] Worker 6 latency: 1197 us (50%) 1553 us (75%) 1807 us (95%) 1855 us (99%).
I0313 18:01:25.572618 1713710 AriaExecutor.h:646] Worker 7 latency: 1197 us (50%) 1553 us (75%) 1806 us (95%) 1855 us (99%).
I0313 18:01:25.611150 1713710 AriaExecutor.h:646] Worker 8 latency: 1197 us (50%) 1553 us (75%) 1807 us (95%) 1855 us (99%).
I0313 18:01:25.649219 1713710 AriaExecutor.h:646] Worker 9 latency: 1197 us (50%) 1552 us (75%) 1806 us (95%) 1854 us (99%).
I0313 18:01:25.687366 1713710 AriaExecutor.h:646] Worker 10 latency: 1198 us (50%) 1553 us (75%) 1806 us (95%) 1854 us (99%).
I0313 18:01:25.725293 1713710 AriaExecutor.h:646] Worker 11 latency: 1195 us (50%) 1551 us (75%) 1806 us (95%) 1854 us (99%).
I0313 18:01:25.764071 1713710 Coordinator.h:177] total commit: 388779
I0313 18:01:26.764283 1713710 Coordinator.h:192] Coordinator exits.
