I0313 17:31:19.994055 1689783 Database.h:65] ycsb initialization finished in 102 milliseconds.
I0313 17:31:19.994288 1689783 Coordinator.h:30] Coordinator initializes 12 workers.
I0313 17:31:20.101666 1689783 Coordinator.h:77] Coordinator starts to run 13 workers.
I0313 17:31:20.101778 1689807 AriaExecutor.h:94] AriaExecutor 0 started. 
I0313 17:31:20.101830 1689808 AriaExecutor.h:94] AriaExecutor 1 started. 
I0313 17:31:20.104379 1689809 AriaExecutor.h:94] AriaExecutor 2 started. 
I0313 17:31:20.104470 1689810 AriaExecutor.h:94] AriaExecutor 3 started. 
I0313 17:31:20.104566 1689811 AriaExecutor.h:94] AriaExecutor 4 started. 
I0313 17:31:20.104702 1689812 AriaExecutor.h:94] AriaExecutor 5 started. 
I0313 17:31:20.104807 1689813 AriaExecutor.h:94] AriaExecutor 6 started. 
I0313 17:31:20.104907 1689814 AriaExecutor.h:94] AriaExecutor 7 started. 
I0313 17:31:20.104981 1689815 AriaExecutor.h:94] AriaExecutor 8 started. 
I0313 17:31:20.105057 1689816 AriaExecutor.h:94] AriaExecutor 9 started. 
I0313 17:31:20.105139 1689817 AriaExecutor.h:94] AriaExecutor 10 started. 
I0313 17:31:20.105212 1689818 AriaExecutor.h:94] AriaExecutor 11 started. 
I0313 17:31:20.105320 1689819 Manager.h:224] Manager(worker id = 12) on the coordinator node started.
I0313 17:31:21.105368 1689783 Coordinator.h:126] commit: 291427 abort: 36573 (0/36573/0), network size: 0, avg network size: 0, si_in_serializable: 0 0 %, local: 0 %
I0313 17:31:22.105553 1689783 Coordinator.h:126] commit: 319793 abort: 40207 (0/40207/0), network size: 0, avg network size: 0, si_in_serializable: 0 0 %, local: 0 %
I0313 17:31:23.105769 1689783 Coordinator.h:126] commit: 334018 abort: 41982 (0/41982/0), network size: 0, avg network size: 0, si_in_serializable: 0 0 %, local: 0 %
I0313 17:31:24.105933 1689783 Coordinator.h:126] commit: 237984 abort: 30016 (0/30016/0), network size: 0, avg network size: 0, si_in_serializable: 0 0 %, local: 0 %
I0313 17:31:25.106057 1689783 Coordinator.h:126] commit: 69415 abort: 8585 (0/8585/0), network size: 0, avg network size: 0, si_in_serializable: 0 0 %, local: 0 %
I0313 17:31:26.106184 1689783 Coordinator.h:126] commit: 53272 abort: 6728 (0/6728/0), network size: 0, avg network size: 0, si_in_serializable: 0 0 %, local: 0 %
I0313 17:31:27.106307 1689783 Coordinator.h:126] commit: 55033 abort: 6967 (0/6967/0), network size: 0, avg network size: 0, si_in_serializable: 0 0 %, local: 0 %
I0313 17:31:28.106421 1689783 Coordinator.h:126] commit: 56873 abort: 7127 (0/7127/0), network size: 0, avg network size: 0, si_in_serializable: 0 0 %, local: 0 %
I0313 17:31:29.106585 1689783 Coordinator.h:126] commit: 53353 abort: 6647 (0/6647/0), network size: 0, avg network size: 0, si_in_serializable: 0 0 %, local: 0 %
I0313 17:31:30.106717 1689783 Coordinator.h:126] commit: 46276 abort: 5724 (0/5724/0), network size: 0, avg network size: 0, si_in_serializable: 0 0 %, local: 0 %
I0313 17:31:31.106843 1689783 Coordinator.h:126] commit: 53417 abort: 6583 (0/6583/0), network size: 0, avg network size: 0, si_in_serializable: 0 0 %, local: 0 %
I0313 17:31:32.106976 1689783 Coordinator.h:126] commit: 71084 abort: 8916 (0/8916/0), network size: 0, avg network size: 0, si_in_serializable: 0 0 %, local: 0 %
I0313 17:31:33.107095 1689783 Coordinator.h:126] commit: 60361 abort: 7639 (0/7639/0), network size: 0, avg network size: 0, si_in_serializable: 0 0 %, local: 0 %
I0313 17:31:34.107224 1689783 Coordinator.h:126] commit: 53248 abort: 6752 (0/6752/0), network size: 0, avg network size: 0, si_in_serializable: 0 0 %, local: 0 %
I0313 17:31:35.107353 1689783 Coordinator.h:126] commit: 63866 abort: 8134 (0/8134/0), network size: 0, avg network size: 0, si_in_serializable: 0 0 %, local: 0 %
I0313 17:31:36.107482 1689783 Coordinator.h:126] commit: 53299 abort: 6701 (0/6701/0), network size: 0, avg network size: 0, si_in_serializable: 0 0 %, local: 0 %
I0313 17:31:37.107614 1689783 Coordinator.h:126] commit: 53290 abort: 6710 (0/6710/0), network size: 0, avg network size: 0, si_in_serializable: 0 0 %, local: 0 %
I0313 17:31:38.107738 1689783 Coordinator.h:126] commit: 53269 abort: 6731 (0/6731/0), network size: 0, avg network size: 0, si_in_serializable: 0 0 %, local: 0 %
I0313 17:31:39.107869 1689783 Coordinator.h:126] commit: 53251 abort: 6749 (0/6749/0), network size: 0, avg network size: 0, si_in_serializable: 0 0 %, local: 0 %
I0313 17:31:40.107996 1689783 Coordinator.h:126] commit: 64045 abort: 7955 (0/7955/0), network size: 0, avg network size: 0, si_in_serializable: 0 0 %, local: 0 %
I0313 17:31:41.108156 1689783 Coordinator.h:126] commit: 65203 abort: 8130 (0/8130/0), network size: 0, avg network size: 0, si_in_serializable: 0 0 %, local: 0 %
I0313 17:31:42.108273 1689783 Coordinator.h:126] commit: 52233 abort: 6434 (0/6434/0), network size: 0, avg network size: 0, si_in_serializable: 0 0 %, local: 0 %
I0313 17:31:43.108397 1689783 Coordinator.h:126] commit: 64013 abort: 7987 (0/7987/0), network size: 0, avg network size: 0, si_in_serializable: 0 0 %, local: 0 %
I0313 17:31:44.108525 1689783 Coordinator.h:126] commit: 56877 abort: 7123 (0/7123/0), network size: 0, avg network size: 0, si_in_serializable: 0 0 %, local: 0 %
I0313 17:31:45.108651 1689783 Coordinator.h:126] commit: 42652 abort: 5348 (0/5348/0), network size: 0, avg network size: 0, si_in_serializable: 0 0 %, local: 0 %
I0313 17:31:45.108695 1689783 Coordinator.h:152] average commit: 57913 abort: 7287 (0/7287/0), network size: 0, avg network size: 0, si_in_serializable: 0 0 %, local: 0 %
I0313 17:31:45.108707 1689783 AriaExecutor.h:625] Worker 0 latency: 20552 us (50%) 46293 us (75%) 54528 us (95%) 68360 us (99%).
I0313 17:31:45.148277 1689816 AriaExecutor.h:106] AriaExecutor 9 exits. 
I0313 17:31:45.148290 1689819 Manager.h:227] Manager(worker id = 12) on the coordinator node exits.
I0313 17:31:45.148277 1689817 AriaExecutor.h:106] AriaExecutor 10 exits. 
I0313 17:31:45.148277 1689813 AriaExecutor.h:106] AriaExecutor 6 exits. 
I0313 17:31:45.148277 1689815 AriaExecutor.h:106] AriaExecutor 8 exits. 
I0313 17:31:45.160326 1689818 AriaExecutor.h:106] AriaExecutor 11 exits. 
I0313 17:31:45.148277 1689812 AriaExecutor.h:106] AriaExecutor 5 exits. 
I0313 17:31:45.148277 1689807 AriaExecutor.h:106] AriaExecutor 0 exits. 
I0313 17:31:45.148277 1689809 AriaExecutor.h:106] AriaExecutor 2 exits. 
I0313 17:31:45.148277 1689811 AriaExecutor.h:106] AriaExecutor 4 exits. 
I0313 17:31:45.148277 1689814 AriaExecutor.h:106] AriaExecutor 7 exits. 
I0313 17:31:45.160327 1689808 AriaExecutor.h:106] AriaExecutor 1 exits. 
I0313 17:31:45.148277 1689810 AriaExecutor.h:106] AriaExecutor 3 exits. 
I0313 17:31:45.160668 1689783 AriaExecutor.h:625] Worker 1 latency: 22203 us (50%) 46375 us (75%) 54184 us (95%) 67453 us (99%).
I0313 17:31:45.172685 1689783 AriaExecutor.h:625] Worker 2 latency: 22141 us (50%) 46459 us (75%) 53925 us (95%) 66658 us (99%).
I0313 17:31:45.200635 1689783 AriaExecutor.h:625] Worker 3 latency: 21064 us (50%) 46078 us (75%) 52792 us (95%) 65653 us (99%).
I0313 17:31:45.216337 1689783 AriaExecutor.h:625] Worker 4 latency: 21234 us (50%) 46582 us (75%) 54155 us (95%) 64414 us (99%).
I0313 17:31:45.228121 1689783 AriaExecutor.h:625] Worker 5 latency: 22086 us (50%) 46440 us (75%) 52562 us (95%) 68560 us (99%).
I0313 17:31:45.272284 1689783 AriaExecutor.h:625] Worker 6 latency: 22486 us (50%) 46511 us (75%) 54173 us (95%) 67684 us (99%).
I0313 17:31:45.300307 1689783 AriaExecutor.h:625] Worker 7 latency: 22050 us (50%) 46367 us (75%) 54245 us (95%) 66287 us (99%).
I0313 17:31:45.328305 1689783 AriaExecutor.h:625] Worker 8 latency: 21849 us (50%) 46427 us (75%) 53773 us (95%) 64853 us (99%).
I0313 17:31:45.356298 1689783 AriaExecutor.h:625] Worker 9 latency: 20087 us (50%) 45871 us (75%) 54337 us (95%) 67380 us (99%).
I0313 17:31:45.368448 1689783 AriaExecutor.h:625] Worker 10 latency: 22339 us (50%) 46552 us (75%) 54868 us (95%) 67862 us (99%).
I0313 17:31:45.392284 1689783 AriaExecutor.h:625] Worker 11 latency: 20109 us (50%) 45936 us (75%) 54111 us (95%) 65470 us (99%).
I0313 17:31:45.420349 1689783 Coordinator.h:177] total commit: 57913
I0313 17:31:46.420668 1689783 Coordinator.h:192] Coordinator exits.
