I0313 17:30:53.197237 1689036 Database.h:65] ycsb initialization finished in 98 milliseconds.
I0313 17:30:53.197469 1689036 Coordinator.h:30] Coordinator initializes 12 workers.
I0313 17:30:53.236039 1689036 Coordinator.h:77] Coordinator starts to run 13 workers.
I0313 17:30:53.236151 1689059 AriaExecutor.h:94] AriaExecutor 0 started. 
I0313 17:30:53.236198 1689060 AriaExecutor.h:94] AriaExecutor 1 started. 
I0313 17:30:53.236379 1689061 AriaExecutor.h:94] AriaExecutor 2 started. 
I0313 17:30:53.236521 1689062 AriaExecutor.h:94] AriaExecutor 3 started. 
I0313 17:30:53.236649 1689063 AriaExecutor.h:94] AriaExecutor 4 started. 
I0313 17:30:53.236698 1689064 AriaExecutor.h:94] AriaExecutor 5 started. 
I0313 17:30:53.236796 1689065 AriaExecutor.h:94] AriaExecutor 6 started. 
I0313 17:30:53.236876 1689066 AriaExecutor.h:94] AriaExecutor 7 started. 
I0313 17:30:53.236960 1689067 AriaExecutor.h:94] AriaExecutor 8 started. 
I0313 17:30:53.237035 1689068 AriaExecutor.h:94] AriaExecutor 9 started. 
I0313 17:30:53.237113 1689069 AriaExecutor.h:94] AriaExecutor 10 started. 
I0313 17:30:53.237185 1689070 AriaExecutor.h:94] AriaExecutor 11 started. 
I0313 17:30:53.237260 1689071 Manager.h:224] Manager(worker id = 12) on the coordinator node started.
I0313 17:30:54.237309 1689036 Coordinator.h:126] commit: 344080 abort: 9920 (0/9920/0), network size: 0, avg network size: 0, si_in_serializable: 0 0 %, local: 0 %
I0313 17:30:55.237476 1689036 Coordinator.h:126] commit: 365410 abort: 10590 (0/10590/0), network size: 0, avg network size: 0, si_in_serializable: 0 0 %, local: 0 %
I0313 17:30:56.237684 1689036 Coordinator.h:126] commit: 376097 abort: 10903 (0/10903/0), network size: 0, avg network size: 0, si_in_serializable: 0 0 %, local: 0 %
I0313 17:30:57.237859 1689036 Coordinator.h:126] commit: 381072 abort: 10928 (0/10928/0), network size: 0, avg network size: 0, si_in_serializable: 0 0 %, local: 0 %
I0313 17:30:58.237993 1689036 Coordinator.h:126] commit: 379936 abort: 11064 (0/11064/0), network size: 0, avg network size: 0, si_in_serializable: 0 0 %, local: 0 %
I0313 17:30:59.238140 1689036 Coordinator.h:126] commit: 379086 abort: 10914 (0/10914/0), network size: 0, avg network size: 0, si_in_serializable: 0 0 %, local: 0 %
I0313 17:31:00.238293 1689036 Coordinator.h:126] commit: 382038 abort: 10962 (0/10962/0), network size: 0, avg network size: 0, si_in_serializable: 0 0 %, local: 0 %
I0313 17:31:01.238495 1689036 Coordinator.h:126] commit: 380860 abort: 11140 (0/11140/0), network size: 0, avg network size: 0, si_in_serializable: 0 0 %, local: 0 %
I0313 17:31:02.238656 1689036 Coordinator.h:126] commit: 377194 abort: 10806 (0/10806/0), network size: 0, avg network size: 0, si_in_serializable: 0 0 %, local: 0 %
I0313 17:31:03.238801 1689036 Coordinator.h:126] commit: 380976 abort: 11024 (0/11024/0), network size: 0, avg network size: 0, si_in_serializable: 0 0 %, local: 0 %
I0313 17:31:04.238929 1689036 Coordinator.h:126] commit: 380908 abort: 11092 (0/11092/0), network size: 0, avg network size: 0, si_in_serializable: 0 0 %, local: 0 %
I0313 17:31:05.239041 1689036 Coordinator.h:126] commit: 382006 abort: 10994 (0/10994/0), network size: 0, avg network size: 0, si_in_serializable: 0 0 %, local: 0 %
I0313 17:31:06.239167 1689036 Coordinator.h:126] commit: 378114 abort: 10886 (0/10886/0), network size: 0, avg network size: 0, si_in_serializable: 0 0 %, local: 0 %
I0313 17:31:07.239316 1689036 Coordinator.h:126] commit: 381942 abort: 11058 (0/11058/0), network size: 0, avg network size: 0, si_in_serializable: 0 0 %, local: 0 %
I0313 17:31:08.239514 1689036 Coordinator.h:126] commit: 380363 abort: 10637 (0/10637/0), network size: 0, avg network size: 0, si_in_serializable: 0 0 %, local: 0 %
I0313 17:31:09.239653 1689036 Coordinator.h:126] commit: 381978 abort: 11022 (0/11022/0), network size: 0, avg network size: 0, si_in_serializable: 0 0 %, local: 0 %
I0313 17:31:10.239794 1689036 Coordinator.h:126] commit: 367417 abort: 10583 (0/10583/0), network size: 0, avg network size: 0, si_in_serializable: 0 0 %, local: 0 %
I0313 17:31:11.239946 1689036 Coordinator.h:126] commit: 386881 abort: 11119 (0/11119/0), network size: 0, avg network size: 0, si_in_serializable: 0 0 %, local: 0 %
I0313 17:31:12.240096 1689036 Coordinator.h:126] commit: 386905 abort: 11095 (0/11095/0), network size: 0, avg network size: 0, si_in_serializable: 0 0 %, local: 0 %
I0313 17:31:13.240259 1689036 Coordinator.h:126] commit: 388840 abort: 11160 (0/11160/0), network size: 0, avg network size: 0, si_in_serializable: 0 0 %, local: 0 %
I0313 17:31:14.240397 1689036 Coordinator.h:126] commit: 386960 abort: 11040 (0/11040/0), network size: 0, avg network size: 0, si_in_serializable: 0 0 %, local: 0 %
I0313 17:31:15.240542 1689036 Coordinator.h:126] commit: 386874 abort: 11126 (0/11126/0), network size: 0, avg network size: 0, si_in_serializable: 0 0 %, local: 0 %
I0313 17:31:16.240696 1689036 Coordinator.h:126] commit: 384901 abort: 11099 (0/11099/0), network size: 0, avg network size: 0, si_in_serializable: 0 0 %, local: 0 %
I0313 17:31:17.240841 1689036 Coordinator.h:126] commit: 386658 abort: 11342 (0/11342/0), network size: 0, avg network size: 0, si_in_serializable: 0 0 %, local: 0 %
I0313 17:31:18.240985 1689036 Coordinator.h:126] commit: 386760 abort: 11240 (0/11240/0), network size: 0, avg network size: 0, si_in_serializable: 0 0 %, local: 0 %
I0313 17:31:18.241041 1689036 Coordinator.h:152] average commit: 381535 abort: 10964.6 (0/10964.6/0), network size: 0, avg network size: 0, si_in_serializable: 0 0 %, local: 0 %
I0313 17:31:18.242223 1689061 AriaExecutor.h:106] AriaExecutor 2 exits. 
I0313 17:31:18.242242 1689064 AriaExecutor.h:106] AriaExecutor 5 exits. 
I0313 17:31:18.242223 1689065 AriaExecutor.h:106] AriaExecutor 6 exits. 
I0313 17:31:18.242223 1689068 AriaExecutor.h:106] AriaExecutor 9 exits. 
I0313 17:31:18.242244 1689071 Manager.h:227] Manager(worker id = 12) on the coordinator node exits.
I0313 17:31:18.242238 1689069 AriaExecutor.h:106] AriaExecutor 10 exits. 
I0313 17:31:18.242240 1689062 AriaExecutor.h:106] AriaExecutor 3 exits. 
I0313 17:31:18.242238 1689070 AriaExecutor.h:106] AriaExecutor 11 exits. 
I0313 17:31:18.242241 1689059 AriaExecutor.h:106] AriaExecutor 0 exits. 
I0313 17:31:18.242241 1689067 AriaExecutor.h:106] AriaExecutor 8 exits. 
I0313 17:31:18.242223 1689063 AriaExecutor.h:106] AriaExecutor 4 exits. 
I0313 17:31:18.242223 1689060 AriaExecutor.h:106] AriaExecutor 1 exits. 
I0313 17:31:18.242223 1689066 AriaExecutor.h:106] AriaExecutor 7 exits. 
I0313 17:31:18.241084 1689036 AriaExecutor.h:625] Worker 0 latency: 1695 us (50%) 2099 us (75%) 2418 us (95%) 2505 us (99%).
I0313 17:31:18.297056 1689036 AriaExecutor.h:625] Worker 1 latency: 1699 us (50%) 2100 us (75%) 2418 us (95%) 2505 us (99%).
I0313 17:31:18.338740 1689036 AriaExecutor.h:625] Worker 2 latency: 1698 us (50%) 2100 us (75%) 2418 us (95%) 2504 us (99%).
I0313 17:31:18.380856 1689036 AriaExecutor.h:625] Worker 3 latency: 1700 us (50%) 2101 us (75%) 2418 us (95%) 2505 us (99%).
I0313 17:31:18.422436 1689036 AriaExecutor.h:625] Worker 4 latency: 1705 us (50%) 2104 us (75%) 2418 us (95%) 2505 us (99%).
I0313 17:31:18.463681 1689036 AriaExecutor.h:625] Worker 5 latency: 1705 us (50%) 2103 us (75%) 2418 us (95%) 2505 us (99%).
I0313 17:31:18.505152 1689036 AriaExecutor.h:625] Worker 6 latency: 1706 us (50%) 2104 us (75%) 2418 us (95%) 2505 us (99%).
I0313 17:31:18.546363 1689036 AriaExecutor.h:625] Worker 7 latency: 1704 us (50%) 2103 us (75%) 2418 us (95%) 2505 us (99%).
I0313 17:31:18.587525 1689036 AriaExecutor.h:625] Worker 8 latency: 1707 us (50%) 2104 us (75%) 2418 us (95%) 2506 us (99%).
I0313 17:31:18.628875 1689036 AriaExecutor.h:625] Worker 9 latency: 1706 us (50%) 2104 us (75%) 2418 us (95%) 2505 us (99%).
I0313 17:31:18.670231 1689036 AriaExecutor.h:625] Worker 10 latency: 1708 us (50%) 2105 us (75%) 2418 us (95%) 2505 us (99%).
I0313 17:31:18.711769 1689036 AriaExecutor.h:625] Worker 11 latency: 1707 us (50%) 2104 us (75%) 2418 us (95%) 2505 us (99%).
I0313 17:31:18.752475 1689036 Coordinator.h:177] total commit: 381535
I0313 17:31:19.752666 1689036 Coordinator.h:192] Coordinator exits.
