I0313 17:25:33.614184 1685499 Database.h:65] ycsb initialization finished in 101 milliseconds.
I0313 17:25:33.614428 1685499 Coordinator.h:30] Coordinator initializes 12 workers.
I0313 17:25:33.653921 1685499 Coordinator.h:77] Coordinator starts to run 13 workers.
I0313 17:25:33.654033 1685515 AriaExecutor.h:94] AriaExecutor 0 started. 
I0313 17:25:33.654081 1685516 AriaExecutor.h:94] AriaExecutor 1 started. 
I0313 17:25:33.660403 1685517 AriaExecutor.h:94] AriaExecutor 2 started. 
I0313 17:25:33.660547 1685518 AriaExecutor.h:94] AriaExecutor 3 started. 
I0313 17:25:33.660574 1685519 AriaExecutor.h:94] AriaExecutor 4 started. 
I0313 17:25:33.660696 1685520 AriaExecutor.h:94] AriaExecutor 5 started. 
I0313 17:25:33.660710 1685521 AriaExecutor.h:94] AriaExecutor 6 started. 
I0313 17:25:33.660825 1685522 AriaExecutor.h:94] AriaExecutor 7 started. 
I0313 17:25:33.660868 1685523 AriaExecutor.h:94] AriaExecutor 8 started. 
I0313 17:25:33.660971 1685524 AriaExecutor.h:94] AriaExecutor 9 started. 
I0313 17:25:33.661028 1685525 AriaExecutor.h:94] AriaExecutor 10 started. 
I0313 17:25:33.661118 1685526 AriaExecutor.h:94] AriaExecutor 11 started. 
I0313 17:25:33.661154 1685527 Manager.h:224] Manager(worker id = 12) on the coordinator node started.
I0313 17:25:34.661188 1685499 Coordinator.h:126] commit: 626305 abort: 2695 (0/2695/0), network size: 0, avg network size: 0, si_in_serializable: 0 0 %, local: 0 %
I0313 17:25:35.661357 1685499 Coordinator.h:126] commit: 697970 abort: 3030 (0/3030/0), network size: 0, avg network size: 0, si_in_serializable: 0 0 %, local: 0 %
I0313 17:25:36.661554 1685499 Coordinator.h:126] commit: 734717 abort: 3283 (0/3283/0), network size: 0, avg network size: 0, si_in_serializable: 0 0 %, local: 0 %
I0313 17:25:37.661715 1685499 Coordinator.h:126] commit: 739611 abort: 3389 (0/3389/0), network size: 0, avg network size: 0, si_in_serializable: 0 0 %, local: 0 %
I0313 17:25:38.661861 1685499 Coordinator.h:126] commit: 736635 abort: 3188 (0/3188/0), network size: 0, avg network size: 0, si_in_serializable: 0 0 %, local: 0 %
I0313 17:25:39.661998 1685499 Coordinator.h:126] commit: 735888 abort: 3288 (0/3288/0), network size: 0, avg network size: 0, si_in_serializable: 0 0 %, local: 0 %
I0313 17:25:40.662115 1685499 Coordinator.h:126] commit: 739800 abort: 3200 (0/3200/0), network size: 0, avg network size: 0, si_in_serializable: 0 0 %, local: 0 %
I0313 17:25:41.662302 1685499 Coordinator.h:126] commit: 736774 abort: 3226 (0/3226/0), network size: 0, avg network size: 0, si_in_serializable: 0 0 %, local: 0 %
I0313 17:25:42.662465 1685499 Coordinator.h:126] commit: 721752 abort: 3248 (0/3248/0), network size: 0, avg network size: 0, si_in_serializable: 0 0 %, local: 0 %
I0313 17:25:43.662601 1685499 Coordinator.h:126] commit: 738816 abort: 3184 (0/3184/0), network size: 0, avg network size: 0, si_in_serializable: 0 0 %, local: 0 %
I0313 17:25:44.662739 1685499 Coordinator.h:126] commit: 739684 abort: 3316 (0/3316/0), network size: 0, avg network size: 0, si_in_serializable: 0 0 %, local: 0 %
I0313 17:25:45.662876 1685499 Coordinator.h:126] commit: 738661 abort: 3339 (0/3339/0), network size: 0, avg network size: 0, si_in_serializable: 0 0 %, local: 0 %
I0313 17:25:46.663010 1685499 Coordinator.h:126] commit: 739686 abort: 3314 (0/3314/0), network size: 0, avg network size: 0, si_in_serializable: 0 0 %, local: 0 %
I0313 17:25:47.663159 1685499 Coordinator.h:126] commit: 735691 abort: 3309 (0/3309/0), network size: 0, avg network size: 0, si_in_serializable: 0 0 %, local: 0 %
I0313 17:25:48.663357 1685499 Coordinator.h:126] commit: 739743 abort: 3257 (0/3257/0), network size: 0, avg network size: 0, si_in_serializable: 0 0 %, local: 0 %
I0313 17:25:49.663502 1685499 Coordinator.h:126] commit: 740724 abort: 3276 (0/3276/0), network size: 0, avg network size: 0, si_in_serializable: 0 0 %, local: 0 %
I0313 17:25:50.663636 1685499 Coordinator.h:126] commit: 758534 abort: 3466 (0/3466/0), network size: 0, avg network size: 0, si_in_serializable: 0 0 %, local: 0 %
I0313 17:25:51.663755 1685499 Coordinator.h:126] commit: 703972 abort: 3028 (0/3028/0), network size: 0, avg network size: 0, si_in_serializable: 0 0 %, local: 0 %
I0313 17:25:52.663887 1685499 Coordinator.h:126] commit: 757630 abort: 3370 (0/3370/0), network size: 0, avg network size: 0, si_in_serializable: 0 0 %, local: 0 %
I0313 17:25:53.664027 1685499 Coordinator.h:126] commit: 757679 abort: 3321 (0/3321/0), network size: 0, avg network size: 0, si_in_serializable: 0 0 %, local: 0 %
I0313 17:25:54.664173 1685499 Coordinator.h:126] commit: 757544 abort: 3456 (0/3456/0), network size: 0, avg network size: 0, si_in_serializable: 0 0 %, local: 0 %
I0313 17:25:55.664309 1685499 Coordinator.h:126] commit: 757634 abort: 3366 (0/3366/0), network size: 0, avg network size: 0, si_in_serializable: 0 0 %, local: 0 %
I0313 17:25:56.664451 1685499 Coordinator.h:126] commit: 758752 abort: 3248 (0/3248/0), network size: 0, avg network size: 0, si_in_serializable: 0 0 %, local: 0 %
I0313 17:25:57.664587 1685499 Coordinator.h:126] commit: 757616 abort: 3384 (0/3384/0), network size: 0, avg network size: 0, si_in_serializable: 0 0 %, local: 0 %
I0313 17:25:58.664724 1685499 Coordinator.h:126] commit: 757646 abort: 3354 (0/3354/0), network size: 0, avg network size: 0, si_in_serializable: 0 0 %, local: 0 %
I0313 17:25:58.664780 1685499 Coordinator.h:152] average commit: 741200 abort: 3299.6 (0/3299.6/0), network size: 0, avg network size: 0, si_in_serializable: 0 0 %, local: 0 %
I0313 17:25:58.665792 1685518 AriaExecutor.h:106] AriaExecutor 3 exits. 
I0313 17:25:58.665792 1685516 AriaExecutor.h:106] AriaExecutor 1 exits. 
I0313 17:25:58.665792 1685515 AriaExecutor.h:106] AriaExecutor 0 exits. 
I0313 17:25:58.665792 1685524 AriaExecutor.h:106] AriaExecutor 9 exits. 
I0313 17:25:58.665808 1685523 AriaExecutor.h:106] AriaExecutor 8 exits. 
I0313 17:25:58.665808 1685525 AriaExecutor.h:106] AriaExecutor 10 exits. 
I0313 17:25:58.665809 1685517 AriaExecutor.h:106] AriaExecutor 2 exits. 
I0313 17:25:58.665810 1685521 AriaExecutor.h:106] AriaExecutor 6 exits. 
I0313 17:25:58.665810 1685522 AriaExecutor.h:106] AriaExecutor 7 exits. 
I0313 17:25:58.665798 1685527 Manager.h:227] Manager(worker id = 12) on the coordinator node exits.
I0313 17:25:58.665812 1685526 AriaExecutor.h:106] AriaExecutor 11 exits. 
I0313 17:25:58.665810 1685520 AriaExecutor.h:106] AriaExecutor 5 exits. 
I0313 17:25:58.665810 1685519 AriaExecutor.h:106] AriaExecutor 4 exits. 
I0313 17:25:58.664825 1685499 AriaExecutor.h:625] Worker 0 latency: 858 us (50%) 1085 us (75%) 1266 us (95%) 1329 us (99%).
I0313 17:25:58.743566 1685499 AriaExecutor.h:625] Worker 1 latency: 862 us (50%) 1087 us (75%) 1267 us (95%) 1329 us (99%).
I0313 17:25:58.807463 1685499 AriaExecutor.h:625] Worker 2 latency: 861 us (50%) 1086 us (75%) 1266 us (95%) 1328 us (99%).
I0313 17:25:58.872627 1685499 AriaExecutor.h:625] Worker 3 latency: 862 us (50%) 1086 us (75%) 1267 us (95%) 1329 us (99%).
I0313 17:25:58.936522 1685499 AriaExecutor.h:625] Worker 4 latency: 865 us (50%) 1088 us (75%) 1267 us (95%) 1328 us (99%).
I0313 17:25:59.002315 1685499 AriaExecutor.h:625] Worker 5 latency: 863 us (50%) 1087 us (75%) 1267 us (95%) 1329 us (99%).
I0313 17:25:59.065531 1685499 AriaExecutor.h:625] Worker 6 latency: 864 us (50%) 1088 us (75%) 1267 us (95%) 1330 us (99%).
I0313 17:25:59.132081 1685499 AriaExecutor.h:625] Worker 7 latency: 865 us (50%) 1088 us (75%) 1267 us (95%) 1329 us (99%).
I0313 17:25:59.198392 1685499 AriaExecutor.h:625] Worker 8 latency: 866 us (50%) 1088 us (75%) 1267 us (95%) 1329 us (99%).
I0313 17:25:59.263027 1685499 AriaExecutor.h:625] Worker 9 latency: 865 us (50%) 1088 us (75%) 1267 us (95%) 1329 us (99%).
I0313 17:25:59.326421 1685499 AriaExecutor.h:625] Worker 10 latency: 866 us (50%) 1089 us (75%) 1267 us (95%) 1329 us (99%).
I0313 17:25:59.391287 1685499 AriaExecutor.h:625] Worker 11 latency: 864 us (50%) 1088 us (75%) 1267 us (95%) 1329 us (99%).
I0313 17:25:59.454883 1685499 Coordinator.h:177] total commit: 741200
I0313 17:26:00.455080 1685499 Coordinator.h:192] Coordinator exits.
