I0313 17:03:23.726037 1648929 Database.h:65] ycsb initialization finished in 111 milliseconds.
I0313 17:03:23.726243 1648929 Coordinator.h:30] Coordinator initializes 12 workers.
I0313 17:03:23.761866 1648929 Coordinator.h:77] Coordinator starts to run 13 workers.
I0313 17:03:23.761974 1648951 AriaExecutor.h:82] AriaExecutor 0 started. 
I0313 17:03:23.762050 1648952 AriaExecutor.h:82] AriaExecutor 1 started. 
I0313 17:03:23.764268 1648953 AriaExecutor.h:82] AriaExecutor 2 started. 
I0313 17:03:23.764381 1648954 AriaExecutor.h:82] AriaExecutor 3 started. 
I0313 17:03:23.764484 1648955 AriaExecutor.h:82] AriaExecutor 4 started. 
I0313 17:03:23.764554 1648956 AriaExecutor.h:82] AriaExecutor 5 started. 
I0313 17:03:23.764642 1648957 AriaExecutor.h:82] AriaExecutor 6 started. 
I0313 17:03:23.764712 1648958 AriaExecutor.h:82] AriaExecutor 7 started. 
I0313 17:03:23.764786 1648959 AriaExecutor.h:82] AriaExecutor 8 started. 
I0313 17:03:23.764875 1648960 AriaExecutor.h:82] AriaExecutor 9 started. 
I0313 17:03:23.764937 1648961 AriaExecutor.h:82] AriaExecutor 10 started. 
I0313 17:03:23.765003 1648962 AriaExecutor.h:82] AriaExecutor 11 started. 
I0313 17:03:23.765092 1648963 Manager.h:224] Manager(worker id = 12) on the coordinator node started.
I0313 17:03:24.765141 1648929 Coordinator.h:126] commit: 64 abort: 61936 (0/61936/0), network size: 0, avg network size: 0, si_in_serializable: 0 0 %, local: 0 %
I0313 17:03:25.765307 1648929 Coordinator.h:126] commit: 37 abort: 36963 (0/36963/0), network size: 0, avg network size: 0, si_in_serializable: 0 0 %, local: 0 %
I0313 17:03:26.765524 1648929 Coordinator.h:126] commit: 63 abort: 61937 (0/61937/0), network size: 0, avg network size: 0, si_in_serializable: 0 0 %, local: 0 %
I0313 17:03:27.765690 1648929 Coordinator.h:126] commit: 88 abort: 83912 (0/83912/0), network size: 0, avg network size: 0, si_in_serializable: 0 0 %, local: 0 %
I0313 17:03:28.765851 1648929 Coordinator.h:126] commit: 86 abort: 82914 (0/82914/0), network size: 0, avg network size: 0, si_in_serializable: 0 0 %, local: 0 %
I0313 17:03:29.766004 1648929 Coordinator.h:126] commit: 86 abort: 81914 (0/81914/0), network size: 0, avg network size: 0, si_in_serializable: 0 0 %, local: 0 %
I0313 17:03:30.766167 1648929 Coordinator.h:126] commit: 87 abort: 83913 (0/83913/0), network size: 0, avg network size: 0, si_in_serializable: 0 0 %, local: 0 %
I0313 17:03:31.766387 1648929 Coordinator.h:126] commit: 87 abort: 82913 (0/82913/0), network size: 0, avg network size: 0, si_in_serializable: 0 0 %, local: 0 %
I0313 17:03:32.766577 1648929 Coordinator.h:126] commit: 85 abort: 82915 (0/82915/0), network size: 0, avg network size: 0, si_in_serializable: 0 0 %, local: 0 %
I0313 17:03:33.766742 1648929 Coordinator.h:126] commit: 87 abort: 82913 (0/82913/0), network size: 0, avg network size: 0, si_in_serializable: 0 0 %, local: 0 %
I0313 17:03:34.766887 1648929 Coordinator.h:126] commit: 85 abort: 82915 (0/82915/0), network size: 0, avg network size: 0, si_in_serializable: 0 0 %, local: 0 %
I0313 17:03:35.767036 1648929 Coordinator.h:126] commit: 86 abort: 83914 (0/83914/0), network size: 0, avg network size: 0, si_in_serializable: 0 0 %, local: 0 %
I0313 17:03:36.767185 1648929 Coordinator.h:126] commit: 85 abort: 82915 (0/82915/0), network size: 0, avg network size: 0, si_in_serializable: 0 0 %, local: 0 %
I0313 17:03:37.767330 1648929 Coordinator.h:126] commit: 88 abort: 82912 (0/82912/0), network size: 0, avg network size: 0, si_in_serializable: 0 0 %, local: 0 %
I0313 17:03:38.767474 1648929 Coordinator.h:126] commit: 85 abort: 82915 (0/82915/0), network size: 0, avg network size: 0, si_in_serializable: 0 0 %, local: 0 %
I0313 17:03:39.767619 1648929 Coordinator.h:126] commit: 86 abort: 82914 (0/82914/0), network size: 0, avg network size: 0, si_in_serializable: 0 0 %, local: 0 %
I0313 17:03:40.767751 1648929 Coordinator.h:126] commit: 90 abort: 82910 (0/82910/0), network size: 0, avg network size: 0, si_in_serializable: 0 0 %, local: 0 %
I0313 17:03:41.767889 1648929 Coordinator.h:126] commit: 88 abort: 82912 (0/82912/0), network size: 0, avg network size: 0, si_in_serializable: 0 0 %, local: 0 %
I0313 17:03:42.768096 1648929 Coordinator.h:126] commit: 85 abort: 82915 (0/82915/0), network size: 0, avg network size: 0, si_in_serializable: 0 0 %, local: 0 %
I0313 17:03:43.768287 1648929 Coordinator.h:126] commit: 86 abort: 82914 (0/82914/0), network size: 0, avg network size: 0, si_in_serializable: 0 0 %, local: 0 %
I0313 17:03:44.768442 1648929 Coordinator.h:126] commit: 89 abort: 82911 (0/82911/0), network size: 0, avg network size: 0, si_in_serializable: 0 0 %, local: 0 %
I0313 17:03:45.768597 1648929 Coordinator.h:126] commit: 86 abort: 82914 (0/82914/0), network size: 0, avg network size: 0, si_in_serializable: 0 0 %, local: 0 %
I0313 17:03:46.768759 1648929 Coordinator.h:126] commit: 87 abort: 83913 (0/83913/0), network size: 0, avg network size: 0, si_in_serializable: 0 0 %, local: 0 %
I0313 17:03:47.768908 1648929 Coordinator.h:126] commit: 84 abort: 81916 (0/81916/0), network size: 0, avg network size: 0, si_in_serializable: 0 0 %, local: 0 %
I0313 17:03:48.769058 1648929 Coordinator.h:126] commit: 86 abort: 82914 (0/82914/0), network size: 0, avg network size: 0, si_in_serializable: 0 0 %, local: 0 %
I0313 17:03:48.769119 1648929 Coordinator.h:152] average commit: 86.4 abort: 83013.6 (0/83013.6/0), network size: 0, avg network size: 0, si_in_serializable: 0 0 %, local: 0 %
I0313 17:03:48.769163 1648929 AriaExecutor.h:535] Worker 0 latency: 12014 us (50%) 12078 us (75%) 13268 us (95%) 26346 us (99%).
I0313 17:03:48.770963 1648957 AriaExecutor.h:94] AriaExecutor 6 exits. 
I0313 17:03:48.770987 1648955 AriaExecutor.h:94] AriaExecutor 4 exits. 
I0313 17:03:48.770977 1648952 AriaExecutor.h:94] AriaExecutor 1 exits. 
I0313 17:03:48.770983 1648963 Manager.h:227] Manager(worker id = 12) on the coordinator node exits.
I0313 17:03:48.770963 1648962 AriaExecutor.h:94] AriaExecutor 11 exits. 
I0313 17:03:48.770978 1648960 AriaExecutor.h:94] AriaExecutor 9 exits. 
I0313 17:03:48.770977 1648953 AriaExecutor.h:94] AriaExecutor 2 exits. 
I0313 17:03:48.770963 1648961 AriaExecutor.h:94] AriaExecutor 10 exits. 
I0313 17:03:48.770978 1648954 AriaExecutor.h:94] AriaExecutor 3 exits. 
I0313 17:03:48.770979 1648951 AriaExecutor.h:94] AriaExecutor 0 exits. 
I0313 17:03:48.770988 1648959 AriaExecutor.h:94] AriaExecutor 8 exits. 
I0313 17:03:48.770988 1648956 AriaExecutor.h:94] AriaExecutor 5 exits. 
I0313 17:03:48.770977 1648958 AriaExecutor.h:94] AriaExecutor 7 exits. 
I0313 17:03:48.771303 1648929 AriaExecutor.h:535] Worker 1 latency: 12020 us (50%) 12085 us (75%) 12219 us (95%) 13268 us (99%).
I0313 17:03:48.771342 1648929 AriaExecutor.h:535] Worker 2 latency: 11988 us (50%) 12070 us (75%) 12153 us (95%) 12153 us (99%).
I0313 17:03:48.771363 1648929 AriaExecutor.h:535] Worker 3 latency: 11985 us (50%) 12033 us (75%) 12033 us (95%) 12033 us (99%).
I0313 17:03:48.771402 1648929 AriaExecutor.h:535] Worker 4 latency: 0 us (50%) 0 us (75%) 0 us (95%) 0 us (99%).
I0313 17:03:48.771473 1648929 AriaExecutor.h:535] Worker 5 latency: 12095 us (50%) 12095 us (75%) 12095 us (95%) 12095 us (99%).
I0313 17:03:48.771530 1648929 AriaExecutor.h:535] Worker 6 latency: 0 us (50%) 0 us (75%) 0 us (95%) 0 us (99%).
I0313 17:03:48.771584 1648929 AriaExecutor.h:535] Worker 7 latency: 0 us (50%) 0 us (75%) 0 us (95%) 0 us (99%).
I0313 17:03:48.771638 1648929 AriaExecutor.h:535] Worker 8 latency: 0 us (50%) 0 us (75%) 0 us (95%) 0 us (99%).
I0313 17:03:48.771687 1648929 AriaExecutor.h:535] Worker 9 latency: 0 us (50%) 0 us (75%) 0 us (95%) 0 us (99%).
I0313 17:03:48.771734 1648929 AriaExecutor.h:535] Worker 10 latency: 0 us (50%) 0 us (75%) 0 us (95%) 0 us (99%).
I0313 17:03:48.771783 1648929 AriaExecutor.h:535] Worker 11 latency: 0 us (50%) 0 us (75%) 0 us (95%) 0 us (99%).
I0313 17:03:48.771858 1648929 Coordinator.h:177] total commit: 86.4
I0313 17:03:49.772079 1648929 Coordinator.h:192] Coordinator exits.
