I0313 17:38:25.948985 1697063 Database.h:65] ycsb initialization finished in 100 milliseconds.
I0313 17:38:25.949220 1697063 Coordinator.h:30] Coordinator initializes 12 workers.
I0313 17:38:26.057006 1697063 Coordinator.h:77] Coordinator starts to run 13 workers.
I0313 17:38:26.057096 1697080 AriaExecutor.h:94] AriaExecutor 0 started. 
I0313 17:38:26.057145 1697081 AriaExecutor.h:94] AriaExecutor 1 started. 
I0313 17:38:26.057253 1697082 AriaExecutor.h:94] AriaExecutor 2 started. 
I0313 17:38:26.057307 1697083 AriaExecutor.h:94] AriaExecutor 3 started. 
I0313 17:38:26.057396 1697084 AriaExecutor.h:94] AriaExecutor 4 started. 
I0313 17:38:26.057446 1697085 AriaExecutor.h:94] AriaExecutor 5 started. 
I0313 17:38:26.057535 1697086 AriaExecutor.h:94] AriaExecutor 6 started. 
I0313 17:38:26.057580 1697087 AriaExecutor.h:94] AriaExecutor 7 started. 
I0313 17:38:26.057675 1697088 AriaExecutor.h:94] AriaExecutor 8 started. 
I0313 17:38:26.057713 1697089 AriaExecutor.h:94] AriaExecutor 9 started. 
I0313 17:38:26.057816 1697090 AriaExecutor.h:94] AriaExecutor 10 started. 
I0313 17:38:26.057827 1697091 AriaExecutor.h:94] AriaExecutor 11 started. 
I0313 17:38:26.057936 1697092 Manager.h:224] Manager(worker id = 12) on the coordinator node started.
I0313 17:38:27.057958 1697063 Coordinator.h:126] commit: 220018 abort: 131982 (0/131982/0), network size: 0, avg network size: 0, si_in_serializable: 0 0 %, local: 0 %
I0313 17:38:28.058131 1697063 Coordinator.h:126] commit: 233511 abort: 138489 (0/138489/0), network size: 0, avg network size: 0, si_in_serializable: 0 0 %, local: 0 %
I0313 17:38:29.058338 1697063 Coordinator.h:126] commit: 245458 abort: 146542 (0/146542/0), network size: 0, avg network size: 0, si_in_serializable: 0 0 %, local: 0 %
I0313 17:38:30.058492 1697063 Coordinator.h:126] commit: 248094 abort: 147906 (0/147906/0), network size: 0, avg network size: 0, si_in_serializable: 0 0 %, local: 0 %
I0313 17:38:31.058614 1697063 Coordinator.h:126] commit: 245337 abort: 146663 (0/146663/0), network size: 0, avg network size: 0, si_in_serializable: 0 0 %, local: 0 %
I0313 17:38:32.058737 1697063 Coordinator.h:126] commit: 245708 abort: 146292 (0/146292/0), network size: 0, avg network size: 0, si_in_serializable: 0 0 %, local: 0 %
I0313 17:38:33.058938 1697063 Coordinator.h:126] commit: 245732 abort: 146268 (0/146268/0), network size: 0, avg network size: 0, si_in_serializable: 0 0 %, local: 0 %
I0313 17:38:34.059092 1697063 Coordinator.h:126] commit: 245524 abort: 146476 (0/146476/0), network size: 0, avg network size: 0, si_in_serializable: 0 0 %, local: 0 %
I0313 17:38:35.059224 1697063 Coordinator.h:126] commit: 248141 abort: 147859 (0/147859/0), network size: 0, avg network size: 0, si_in_serializable: 0 0 %, local: 0 %
I0313 17:38:36.059345 1697063 Coordinator.h:126] commit: 245133 abort: 146867 (0/146867/0), network size: 0, avg network size: 0, si_in_serializable: 0 0 %, local: 0 %
I0313 17:38:37.059471 1697063 Coordinator.h:126] commit: 245403 abort: 146597 (0/146597/0), network size: 0, avg network size: 0, si_in_serializable: 0 0 %, local: 0 %
I0313 17:38:38.059614 1697063 Coordinator.h:126] commit: 248445 abort: 147555 (0/147555/0), network size: 0, avg network size: 0, si_in_serializable: 0 0 %, local: 0 %
I0313 17:38:39.059815 1697063 Coordinator.h:126] commit: 240919 abort: 143081 (0/143081/0), network size: 0, avg network size: 0, si_in_serializable: 0 0 %, local: 0 %
I0313 17:38:40.059966 1697063 Coordinator.h:126] commit: 248285 abort: 147715 (0/147715/0), network size: 0, avg network size: 0, si_in_serializable: 0 0 %, local: 0 %
I0313 17:38:41.060106 1697063 Coordinator.h:126] commit: 244903 abort: 147097 (0/147097/0), network size: 0, avg network size: 0, si_in_serializable: 0 0 %, local: 0 %
I0313 17:38:42.060237 1697063 Coordinator.h:126] commit: 248002 abort: 147998 (0/147998/0), network size: 0, avg network size: 0, si_in_serializable: 0 0 %, local: 0 %
I0313 17:38:43.060402 1697063 Coordinator.h:126] commit: 245925 abort: 146075 (0/146075/0), network size: 0, avg network size: 0, si_in_serializable: 0 0 %, local: 0 %
I0313 17:38:44.060541 1697063 Coordinator.h:126] commit: 248047 abort: 147953 (0/147953/0), network size: 0, avg network size: 0, si_in_serializable: 0 0 %, local: 0 %
I0313 17:38:45.060675 1697063 Coordinator.h:126] commit: 245703 abort: 146297 (0/146297/0), network size: 0, avg network size: 0, si_in_serializable: 0 0 %, local: 0 %
I0313 17:38:46.060808 1697063 Coordinator.h:126] commit: 248031 abort: 147969 (0/147969/0), network size: 0, avg network size: 0, si_in_serializable: 0 0 %, local: 0 %
I0313 17:38:47.060951 1697063 Coordinator.h:126] commit: 245557 abort: 146443 (0/146443/0), network size: 0, avg network size: 0, si_in_serializable: 0 0 %, local: 0 %
I0313 17:38:48.061086 1697063 Coordinator.h:126] commit: 248228 abort: 147772 (0/147772/0), network size: 0, avg network size: 0, si_in_serializable: 0 0 %, local: 0 %
I0313 17:38:49.061221 1697063 Coordinator.h:126] commit: 245571 abort: 146429 (0/146429/0), network size: 0, avg network size: 0, si_in_serializable: 0 0 %, local: 0 %
I0313 17:38:50.061358 1697063 Coordinator.h:126] commit: 248438 abort: 147562 (0/147562/0), network size: 0, avg network size: 0, si_in_serializable: 0 0 %, local: 0 %
I0313 17:38:51.061486 1697063 Coordinator.h:126] commit: 245995 abort: 146005 (0/146005/0), network size: 0, avg network size: 0, si_in_serializable: 0 0 %, local: 0 %
I0313 17:38:51.061535 1697063 Coordinator.h:152] average commit: 246366 abort: 146834 (0/146834/0), network size: 0, avg network size: 0, si_in_serializable: 0 0 %, local: 0 %
I0313 17:38:51.065130 1697086 AriaExecutor.h:106] AriaExecutor 6 exits. 
I0313 17:38:51.065130 1697087 AriaExecutor.h:106] AriaExecutor 7 exits. 
I0313 17:38:51.065130 1697082 AriaExecutor.h:106] AriaExecutor 2 exits. 
I0313 17:38:51.065130 1697089 AriaExecutor.h:106] AriaExecutor 9 exits. 
I0313 17:38:51.065137 1697092 Manager.h:227] Manager(worker id = 12) on the coordinator node exits.
I0313 17:38:51.065130 1697084 AriaExecutor.h:106] AriaExecutor 4 exits. 
I0313 17:38:51.065130 1697081 AriaExecutor.h:106] AriaExecutor 1 exits. 
I0313 17:38:51.065130 1697091 AriaExecutor.h:106] AriaExecutor 11 exits. 
I0313 17:38:51.065130 1697080 AriaExecutor.h:106] AriaExecutor 0 exits. 
I0313 17:38:51.065130 1697083 AriaExecutor.h:106] AriaExecutor 3 exits. 
I0313 17:38:51.065130 1697085 AriaExecutor.h:106] AriaExecutor 5 exits. 
I0313 17:38:51.065130 1697088 AriaExecutor.h:106] AriaExecutor 8 exits. 
I0313 17:38:51.065140 1697090 AriaExecutor.h:106] AriaExecutor 10 exits. 
I0313 17:38:51.061591 1697063 AriaExecutor.h:625] Worker 0 latency: 7407 us (50%) 8807 us (75%) 9725 us (95%) 10025 us (99%).
I0313 17:38:51.105451 1697063 AriaExecutor.h:625] Worker 1 latency: 7419 us (50%) 8811 us (75%) 9723 us (95%) 10000 us (99%).
I0313 17:38:51.134121 1697063 AriaExecutor.h:625] Worker 2 latency: 7408 us (50%) 8807 us (75%) 9722 us (95%) 9997 us (99%).
I0313 17:38:51.162837 1697063 AriaExecutor.h:625] Worker 3 latency: 7416 us (50%) 8810 us (75%) 9722 us (95%) 9998 us (99%).
I0313 17:38:51.191478 1697063 AriaExecutor.h:625] Worker 4 latency: 7419 us (50%) 8808 us (75%) 9721 us (95%) 9991 us (99%).
I0313 17:38:51.220069 1697063 AriaExecutor.h:625] Worker 5 latency: 7417 us (50%) 8809 us (75%) 9723 us (95%) 9999 us (99%).
I0313 17:38:51.251624 1697063 AriaExecutor.h:625] Worker 6 latency: 7415 us (50%) 8808 us (75%) 9722 us (95%) 9998 us (99%).
I0313 17:38:51.280220 1697063 AriaExecutor.h:625] Worker 7 latency: 7415 us (50%) 8809 us (75%) 9723 us (95%) 10008 us (99%).
I0313 17:38:51.308979 1697063 AriaExecutor.h:625] Worker 8 latency: 7418 us (50%) 8811 us (75%) 9723 us (95%) 10001 us (99%).
I0313 17:38:51.337647 1697063 AriaExecutor.h:625] Worker 9 latency: 7418 us (50%) 8806 us (75%) 9721 us (95%) 9993 us (99%).
I0313 17:38:51.365945 1697063 AriaExecutor.h:625] Worker 10 latency: 7427 us (50%) 8812 us (75%) 9724 us (95%) 9998 us (99%).
I0313 17:38:51.394457 1697063 AriaExecutor.h:625] Worker 11 latency: 7401 us (50%) 8799 us (75%) 9719 us (95%) 9988 us (99%).
I0313 17:38:51.422976 1697063 Coordinator.h:177] total commit: 246366
I0313 17:38:52.423183 1697063 Coordinator.h:192] Coordinator exits.
