I0313 16:47:54.946058 1616310 Database.h:65] ycsb initialization finished in 115 milliseconds.
I0313 16:47:54.946287 1616310 Coordinator.h:30] Coordinator initializes 12 workers.
I0313 16:47:55.052803 1616310 Coordinator.h:77] Coordinator starts to run 13 workers.
I0313 16:47:55.052904 1616334 AriaExecutor.h:82] AriaExecutor 0 started. 
I0313 16:47:55.052942 1616335 AriaExecutor.h:82] AriaExecutor 1 started. 
I0313 16:47:55.053081 1616336 AriaExecutor.h:82] AriaExecutor 2 started. 
I0313 16:47:55.053083 1616337 AriaExecutor.h:82] AriaExecutor 3 started. 
I0313 16:47:55.053149 1616338 AriaExecutor.h:82] AriaExecutor 4 started. 
I0313 16:47:55.053242 1616339 AriaExecutor.h:82] AriaExecutor 5 started. 
I0313 16:47:55.053295 1616340 AriaExecutor.h:82] AriaExecutor 6 started. 
I0313 16:47:55.053391 1616341 AriaExecutor.h:82] AriaExecutor 7 started. 
I0313 16:47:55.053520 1616342 AriaExecutor.h:82] AriaExecutor 8 started. 
I0313 16:47:55.053563 1616343 AriaExecutor.h:82] AriaExecutor 9 started. 
I0313 16:47:55.053649 1616344 AriaExecutor.h:82] AriaExecutor 10 started. 
I0313 16:47:55.053789 1616346 Manager.h:224] Manager(worker id = 12) on the coordinator node started.
I0313 16:47:55.055018 1616345 AriaExecutor.h:82] AriaExecutor 11 started. 
I0313 16:47:56.053848 1616310 Coordinator.h:126] commit: 7394 abort: 80606 (0/80606/0), network size: 0, avg network size: 0, si_in_serializable: 0 0 %, local: 0 %
I0313 16:47:57.054039 1616310 Coordinator.h:126] commit: 8260 abort: 91740 (0/91740/0), network size: 0, avg network size: 0, si_in_serializable: 0 0 %, local: 0 %
I0313 16:47:58.054258 1616310 Coordinator.h:126] commit: 9054 abort: 98946 (0/98946/0), network size: 0, avg network size: 0, si_in_serializable: 0 0 %, local: 0 %
I0313 16:47:59.054452 1616310 Coordinator.h:126] commit: 9525 abort: 102475 (0/102475/0), network size: 0, avg network size: 0, si_in_serializable: 0 0 %, local: 0 %
I0313 16:48:00.054649 1616310 Coordinator.h:126] commit: 8999 abort: 99001 (0/99001/0), network size: 0, avg network size: 0, si_in_serializable: 0 0 %, local: 0 %
I0313 16:48:01.054808 1616310 Coordinator.h:126] commit: 9068 abort: 98932 (0/98932/0), network size: 0, avg network size: 0, si_in_serializable: 0 0 %, local: 0 %
I0313 16:48:02.054970 1616310 Coordinator.h:126] commit: 9037 abort: 98963 (0/98963/0), network size: 0, avg network size: 0, si_in_serializable: 0 0 %, local: 0 %
I0313 16:48:03.055188 1616310 Coordinator.h:126] commit: 9399 abort: 102601 (0/102601/0), network size: 0, avg network size: 0, si_in_serializable: 0 0 %, local: 0 %
I0313 16:48:04.055356 1616310 Coordinator.h:126] commit: 9142 abort: 98858 (0/98858/0), network size: 0, avg network size: 0, si_in_serializable: 0 0 %, local: 0 %
I0313 16:48:05.055503 1616310 Coordinator.h:126] commit: 9355 abort: 102645 (0/102645/0), network size: 0, avg network size: 0, si_in_serializable: 0 0 %, local: 0 %
I0313 16:48:06.055649 1616310 Coordinator.h:126] commit: 9164 abort: 98836 (0/98836/0), network size: 0, avg network size: 0, si_in_serializable: 0 0 %, local: 0 %
I0313 16:48:07.055787 1616310 Coordinator.h:126] commit: 9002 abort: 98998 (0/98998/0), network size: 0, avg network size: 0, si_in_serializable: 0 0 %, local: 0 %
I0313 16:48:08.055950 1616310 Coordinator.h:126] commit: 9380 abort: 102620 (0/102620/0), network size: 0, avg network size: 0, si_in_serializable: 0 0 %, local: 0 %
I0313 16:48:09.056107 1616310 Coordinator.h:126] commit: 9103 abort: 98897 (0/98897/0), network size: 0, avg network size: 0, si_in_serializable: 0 0 %, local: 0 %
I0313 16:48:10.056275 1616310 Coordinator.h:126] commit: 9022 abort: 98978 (0/98978/0), network size: 0, avg network size: 0, si_in_serializable: 0 0 %, local: 0 %
I0313 16:48:11.056439 1616310 Coordinator.h:126] commit: 9052 abort: 98948 (0/98948/0), network size: 0, avg network size: 0, si_in_serializable: 0 0 %, local: 0 %
I0313 16:48:12.056595 1616310 Coordinator.h:126] commit: 8965 abort: 99035 (0/99035/0), network size: 0, avg network size: 0, si_in_serializable: 0 0 %, local: 0 %
I0313 16:48:13.056758 1616310 Coordinator.h:126] commit: 9516 abort: 102484 (0/102484/0), network size: 0, avg network size: 0, si_in_serializable: 0 0 %, local: 0 %
I0313 16:48:14.056908 1616310 Coordinator.h:126] commit: 9103 abort: 98897 (0/98897/0), network size: 0, avg network size: 0, si_in_serializable: 0 0 %, local: 0 %
I0313 16:48:15.057089 1616310 Coordinator.h:126] commit: 9034 abort: 98966 (0/98966/0), network size: 0, avg network size: 0, si_in_serializable: 0 0 %, local: 0 %
I0313 16:48:16.057303 1616310 Coordinator.h:126] commit: 9012 abort: 98988 (0/98988/0), network size: 0, avg network size: 0, si_in_serializable: 0 0 %, local: 0 %
I0313 16:48:17.057492 1616310 Coordinator.h:126] commit: 9067 abort: 98933 (0/98933/0), network size: 0, avg network size: 0, si_in_serializable: 0 0 %, local: 0 %
I0313 16:48:18.057657 1616310 Coordinator.h:126] commit: 9158 abort: 98842 (0/98842/0), network size: 0, avg network size: 0, si_in_serializable: 0 0 %, local: 0 %
I0313 16:48:19.057808 1616310 Coordinator.h:126] commit: 9100 abort: 98900 (0/98900/0), network size: 0, avg network size: 0, si_in_serializable: 0 0 %, local: 0 %
I0313 16:48:20.057969 1616310 Coordinator.h:126] commit: 9017 abort: 98983 (0/98983/0), network size: 0, avg network size: 0, si_in_serializable: 0 0 %, local: 0 %
I0313 16:48:20.058035 1616310 Coordinator.h:152] average commit: 9134.1 abort: 99665.9 (0/99665.9/0), network size: 0, avg network size: 0, si_in_serializable: 0 0 %, local: 0 %
I0313 16:48:20.059880 1616337 AriaExecutor.h:94] AriaExecutor 3 exits. 
I0313 16:48:20.059880 1616334 AriaExecutor.h:94] AriaExecutor 0 exits. 
I0313 16:48:20.059880 1616343 AriaExecutor.h:94] AriaExecutor 9 exits. 
I0313 16:48:20.059895 1616344 AriaExecutor.h:94] AriaExecutor 10 exits. 
I0313 16:48:20.059880 1616338 AriaExecutor.h:94] AriaExecutor 4 exits. 
I0313 16:48:20.059896 1616340 AriaExecutor.h:94] AriaExecutor 6 exits. 
I0313 16:48:20.059899 1616335 AriaExecutor.h:94] AriaExecutor 1 exits. 
I0313 16:48:20.059896 1616345 AriaExecutor.h:94] AriaExecutor 11 exits. 
I0313 16:48:20.059896 1616339 AriaExecutor.h:94] AriaExecutor 5 exits. 
I0313 16:48:20.059897 1616336 AriaExecutor.h:94] AriaExecutor 2 exits. 
I0313 16:48:20.059898 1616341 AriaExecutor.h:94] AriaExecutor 7 exits. 
I0313 16:48:20.059911 1616346 Manager.h:227] Manager(worker id = 12) on the coordinator node exits.
I0313 16:48:20.059880 1616342 AriaExecutor.h:94] AriaExecutor 8 exits. 
I0313 16:48:20.058080 1616310 AriaExecutor.h:535] Worker 0 latency: 35523 us (50%) 36072 us (75%) 38193 us (95%) 43768 us (99%).
I0313 16:48:20.061153 1616310 AriaExecutor.h:535] Worker 1 latency: 35542 us (50%) 36071 us (75%) 38077 us (95%) 43640 us (99%).
I0313 16:48:20.063882 1616310 AriaExecutor.h:535] Worker 2 latency: 35534 us (50%) 36077 us (75%) 38153 us (95%) 43683 us (99%).
I0313 16:48:20.066669 1616310 AriaExecutor.h:535] Worker 3 latency: 35544 us (50%) 36077 us (75%) 38112 us (95%) 43623 us (99%).
I0313 16:48:20.069453 1616310 AriaExecutor.h:535] Worker 4 latency: 35537 us (50%) 36070 us (75%) 38014 us (95%) 43669 us (99%).
I0313 16:48:20.072036 1616310 AriaExecutor.h:535] Worker 5 latency: 35525 us (50%) 36070 us (75%) 38024 us (95%) 43627 us (99%).
I0313 16:48:20.073802 1616310 AriaExecutor.h:535] Worker 6 latency: 35522 us (50%) 36066 us (75%) 38016 us (95%) 43618 us (99%).
I0313 16:48:20.075546 1616310 AriaExecutor.h:535] Worker 7 latency: 35533 us (50%) 36070 us (75%) 38022 us (95%) 43626 us (99%).
I0313 16:48:20.077298 1616310 AriaExecutor.h:535] Worker 8 latency: 35537 us (50%) 36066 us (75%) 38089 us (95%) 43619 us (99%).
I0313 16:48:20.079018 1616310 AriaExecutor.h:535] Worker 9 latency: 35534 us (50%) 36070 us (75%) 37966 us (95%) 43638 us (99%).
I0313 16:48:20.080758 1616310 AriaExecutor.h:535] Worker 10 latency: 35528 us (50%) 36065 us (75%) 37998 us (95%) 43643 us (99%).
I0313 16:48:20.082208 1616310 AriaExecutor.h:535] Worker 11 latency: 35534 us (50%) 36066 us (75%) 37984 us (95%) 43663 us (99%).
I0313 16:48:20.083343 1616310 Coordinator.h:177] total commit: 9134.1
I0313 16:48:21.083556 1616310 Coordinator.h:192] Coordinator exits.
