I0313 16:58:06.161298 1641043 Database.h:65] ycsb initialization finished in 100 milliseconds.
I0313 16:58:06.161530 1641043 Coordinator.h:30] Coordinator initializes 12 workers.
I0313 16:58:06.198897 1641043 Coordinator.h:77] Coordinator starts to run 13 workers.
I0313 16:58:06.199007 1641063 AriaExecutor.h:82] AriaExecutor 0 started. 
I0313 16:58:06.199054 1641064 AriaExecutor.h:82] AriaExecutor 1 started. 
I0313 16:58:06.204392 1641065 AriaExecutor.h:82] AriaExecutor 2 started. 
I0313 16:58:06.204542 1641066 AriaExecutor.h:82] AriaExecutor 3 started. 
I0313 16:58:06.204567 1641067 AriaExecutor.h:82] AriaExecutor 4 started. 
I0313 16:58:06.204689 1641068 AriaExecutor.h:82] AriaExecutor 5 started. 
I0313 16:58:06.204818 1641069 AriaExecutor.h:82] AriaExecutor 6 started. 
I0313 16:58:06.204945 1641070 AriaExecutor.h:82] AriaExecutor 7 started. 
I0313 16:58:06.204993 1641071 AriaExecutor.h:82] AriaExecutor 8 started. 
I0313 16:58:06.205094 1641072 AriaExecutor.h:82] AriaExecutor 9 started. 
I0313 16:58:06.205222 1641073 AriaExecutor.h:82] AriaExecutor 10 started. 
I0313 16:58:06.205286 1641074 AriaExecutor.h:82] AriaExecutor 11 started. 
I0313 16:58:06.205370 1641075 Manager.h:224] Manager(worker id = 12) on the coordinator node started.
I0313 16:58:07.205412 1641043 Coordinator.h:126] commit: 644 abort: 96356 (0/96356/0), network size: 0, avg network size: 0, si_in_serializable: 0 0 %, local: 0 %
I0313 16:58:08.205575 1641043 Coordinator.h:126] commit: 699 abort: 112301 (0/112301/0), network size: 0, avg network size: 0, si_in_serializable: 0 0 %, local: 0 %
I0313 16:58:09.205776 1641043 Coordinator.h:126] commit: 800 abort: 122200 (0/122200/0), network size: 0, avg network size: 0, si_in_serializable: 0 0 %, local: 0 %
I0313 16:58:10.205948 1641043 Coordinator.h:126] commit: 774 abort: 122226 (0/122226/0), network size: 0, avg network size: 0, si_in_serializable: 0 0 %, local: 0 %
I0313 16:58:11.206092 1641043 Coordinator.h:126] commit: 807 abort: 122193 (0/122193/0), network size: 0, avg network size: 0, si_in_serializable: 0 0 %, local: 0 %
I0313 16:58:12.206243 1641043 Coordinator.h:126] commit: 785 abort: 122215 (0/122215/0), network size: 0, avg network size: 0, si_in_serializable: 0 0 %, local: 0 %
I0313 16:58:13.206382 1641043 Coordinator.h:126] commit: 771 abort: 122229 (0/122229/0), network size: 0, avg network size: 0, si_in_serializable: 0 0 %, local: 0 %
I0313 16:58:14.206586 1641043 Coordinator.h:126] commit: 772 abort: 122228 (0/122228/0), network size: 0, avg network size: 0, si_in_serializable: 0 0 %, local: 0 %
I0313 16:58:15.206735 1641043 Coordinator.h:126] commit: 802 abort: 123198 (0/123198/0), network size: 0, avg network size: 0, si_in_serializable: 0 0 %, local: 0 %
I0313 16:58:16.206871 1641043 Coordinator.h:126] commit: 767 abort: 122233 (0/122233/0), network size: 0, avg network size: 0, si_in_serializable: 0 0 %, local: 0 %
I0313 16:58:17.206993 1641043 Coordinator.h:126] commit: 784 abort: 122216 (0/122216/0), network size: 0, avg network size: 0, si_in_serializable: 0 0 %, local: 0 %
I0313 16:58:18.207125 1641043 Coordinator.h:126] commit: 822 abort: 123178 (0/123178/0), network size: 0, avg network size: 0, si_in_serializable: 0 0 %, local: 0 %
I0313 16:58:19.207276 1641043 Coordinator.h:126] commit: 779 abort: 122221 (0/122221/0), network size: 0, avg network size: 0, si_in_serializable: 0 0 %, local: 0 %
I0313 16:58:20.207412 1641043 Coordinator.h:126] commit: 800 abort: 122200 (0/122200/0), network size: 0, avg network size: 0, si_in_serializable: 0 0 %, local: 0 %
I0313 16:58:21.207551 1641043 Coordinator.h:126] commit: 784 abort: 123216 (0/123216/0), network size: 0, avg network size: 0, si_in_serializable: 0 0 %, local: 0 %
I0313 16:58:22.207682 1641043 Coordinator.h:126] commit: 777 abort: 122223 (0/122223/0), network size: 0, avg network size: 0, si_in_serializable: 0 0 %, local: 0 %
I0313 16:58:23.207801 1641043 Coordinator.h:126] commit: 791 abort: 122209 (0/122209/0), network size: 0, avg network size: 0, si_in_serializable: 0 0 %, local: 0 %
I0313 16:58:24.207921 1641043 Coordinator.h:126] commit: 756 abort: 122244 (0/122244/0), network size: 0, avg network size: 0, si_in_serializable: 0 0 %, local: 0 %
I0313 16:58:25.208050 1641043 Coordinator.h:126] commit: 828 abort: 123172 (0/123172/0), network size: 0, avg network size: 0, si_in_serializable: 0 0 %, local: 0 %
I0313 16:58:26.208189 1641043 Coordinator.h:126] commit: 784 abort: 122216 (0/122216/0), network size: 0, avg network size: 0, si_in_serializable: 0 0 %, local: 0 %
I0313 16:58:27.208329 1641043 Coordinator.h:126] commit: 809 abort: 122191 (0/122191/0), network size: 0, avg network size: 0, si_in_serializable: 0 0 %, local: 0 %
I0313 16:58:28.208448 1641043 Coordinator.h:126] commit: 828 abort: 122172 (0/122172/0), network size: 0, avg network size: 0, si_in_serializable: 0 0 %, local: 0 %
I0313 16:58:29.208561 1641043 Coordinator.h:126] commit: 760 abort: 123240 (0/123240/0), network size: 0, avg network size: 0, si_in_serializable: 0 0 %, local: 0 %
I0313 16:58:30.208740 1641043 Coordinator.h:126] commit: 795 abort: 122205 (0/122205/0), network size: 0, avg network size: 0, si_in_serializable: 0 0 %, local: 0 %
I0313 16:58:31.208894 1641043 Coordinator.h:126] commit: 798 abort: 122202 (0/122202/0), network size: 0, avg network size: 0, si_in_serializable: 0 0 %, local: 0 %
I0313 16:58:31.208932 1641043 Coordinator.h:152] average commit: 790.5 abort: 122510 (0/122510/0), network size: 0, avg network size: 0, si_in_serializable: 0 0 %, local: 0 %
I0313 16:58:31.208978 1641043 AriaExecutor.h:535] Worker 0 latency: 8084 us (50%) 8130 us (75%) 8608 us (95%) 10159 us (99%).
I0313 16:58:31.212030 1641074 AriaExecutor.h:94] AriaExecutor 11 exits. 
I0313 16:58:31.212046 1641075 Manager.h:227] Manager(worker id = 12) on the coordinator node exits.
I0313 16:58:31.212041 1641069 AriaExecutor.h:94] AriaExecutor 6 exits. 
I0313 16:58:31.212040 1641063 AriaExecutor.h:94] AriaExecutor 0 exits. 
I0313 16:58:31.212040 1641071 AriaExecutor.h:94] AriaExecutor 8 exits. 
I0313 16:58:31.212044 1641073 AriaExecutor.h:94] AriaExecutor 10 exits. 
I0313 16:58:31.212044 1641072 AriaExecutor.h:94] AriaExecutor 9 exits. 
I0313 16:58:31.212044 1641065 AriaExecutor.h:94] AriaExecutor 2 exits. 
I0313 16:58:31.212040 1641067 AriaExecutor.h:94] AriaExecutor 4 exits. 
I0313 16:58:31.212042 1641066 AriaExecutor.h:94] AriaExecutor 3 exits. 
I0313 16:58:31.212041 1641068 AriaExecutor.h:94] AriaExecutor 5 exits. 
I0313 16:58:31.212042 1641070 AriaExecutor.h:94] AriaExecutor 7 exits. 
I0313 16:58:31.212040 1641064 AriaExecutor.h:94] AriaExecutor 1 exits. 
I0313 16:58:31.212306 1641043 AriaExecutor.h:535] Worker 1 latency: 8079 us (50%) 8126 us (75%) 8615 us (95%) 10149 us (99%).
I0313 16:58:31.212764 1641043 AriaExecutor.h:535] Worker 2 latency: 8074 us (50%) 8122 us (75%) 8597 us (95%) 10127 us (99%).
I0313 16:58:31.213073 1641043 AriaExecutor.h:535] Worker 3 latency: 8068 us (50%) 8120 us (75%) 8607 us (95%) 10167 us (99%).
I0313 16:58:31.213356 1641043 AriaExecutor.h:535] Worker 4 latency: 8062 us (50%) 8107 us (75%) 8520 us (95%) 10123 us (99%).
I0313 16:58:31.213656 1641043 AriaExecutor.h:535] Worker 5 latency: 8057 us (50%) 8111 us (75%) 8573 us (95%) 10153 us (99%).
I0313 16:58:31.213876 1641043 AriaExecutor.h:535] Worker 6 latency: 8051 us (50%) 8107 us (75%) 8568 us (95%) 10155 us (99%).
I0313 16:58:31.214073 1641043 AriaExecutor.h:535] Worker 7 latency: 8039 us (50%) 8096 us (75%) 8555 us (95%) 10137 us (99%).
I0313 16:58:31.214250 1641043 AriaExecutor.h:535] Worker 8 latency: 8047 us (50%) 8106 us (75%) 8616 us (95%) 10150 us (99%).
I0313 16:58:31.214437 1641043 AriaExecutor.h:535] Worker 9 latency: 8037 us (50%) 8098 us (75%) 8562 us (95%) 10131 us (99%).
I0313 16:58:31.214601 1641043 AriaExecutor.h:535] Worker 10 latency: 8037 us (50%) 8098 us (75%) 8577 us (95%) 10103 us (99%).
I0313 16:58:31.214758 1641043 AriaExecutor.h:535] Worker 11 latency: 8030 us (50%) 8091 us (75%) 8559 us (95%) 10076 us (99%).
I0313 16:58:31.214944 1641043 Coordinator.h:177] total commit: 790.5
I0313 16:58:32.215164 1641043 Coordinator.h:192] Coordinator exits.
