I0313 17:18:56.772027 1677133 Database.h:65] ycsb initialization finished in 96 milliseconds.
I0313 17:18:56.772264 1677133 Coordinator.h:30] Coordinator initializes 12 workers.
I0313 17:18:56.882799 1677133 Coordinator.h:77] Coordinator starts to run 13 workers.
I0313 17:18:56.882895 1677149 AriaExecutor.h:91] AriaExecutor 0 started. 
I0313 17:18:56.882944 1677150 AriaExecutor.h:91] AriaExecutor 1 started. 
I0313 17:18:56.888411 1677151 AriaExecutor.h:91] AriaExecutor 2 started. 
I0313 17:18:56.892380 1677152 AriaExecutor.h:91] AriaExecutor 3 started. 
I0313 17:18:56.892516 1677153 AriaExecutor.h:91] AriaExecutor 4 started. 
I0313 17:18:56.892640 1677154 AriaExecutor.h:91] AriaExecutor 5 started. 
I0313 17:18:56.892767 1677155 AriaExecutor.h:91] AriaExecutor 6 started. 
I0313 17:18:56.892891 1677156 AriaExecutor.h:91] AriaExecutor 7 started. 
I0313 17:18:56.893020 1677157 AriaExecutor.h:91] AriaExecutor 8 started. 
I0313 17:18:56.893148 1677158 AriaExecutor.h:91] AriaExecutor 9 started. 
I0313 17:18:56.893278 1677159 AriaExecutor.h:91] AriaExecutor 10 started. 
I0313 17:18:56.893402 1677160 AriaExecutor.h:91] AriaExecutor 11 started. 
I0313 17:18:56.893525 1677161 Manager.h:224] Manager(worker id = 12) on the coordinator node started.
I0313 17:18:57.893589 1677133 Coordinator.h:126] commit: 277654 abort: 186346 (0/186346/0), network size: 0, avg network size: 0, si_in_serializable: 0 0 %, local: 0 %
I0313 17:18:58.893954 1677133 Coordinator.h:126] commit: 294850 abort: 197150 (0/197150/0), network size: 0, avg network size: 0, si_in_serializable: 0 0 %, local: 0 %
I0313 17:18:59.894131 1677133 Coordinator.h:126] commit: 309111 abort: 206889 (0/206889/0), network size: 0, avg network size: 0, si_in_serializable: 0 0 %, local: 0 %
I0313 17:19:00.894271 1677133 Coordinator.h:126] commit: 312358 abort: 207642 (0/207642/0), network size: 0, avg network size: 0, si_in_serializable: 0 0 %, local: 0 %
I0313 17:19:01.894405 1677133 Coordinator.h:126] commit: 309017 abort: 206983 (0/206983/0), network size: 0, avg network size: 0, si_in_serializable: 0 0 %, local: 0 %
I0313 17:19:02.894536 1677133 Coordinator.h:126] commit: 307513 abort: 204487 (0/204487/0), network size: 0, avg network size: 0, si_in_serializable: 0 0 %, local: 0 %
I0313 17:19:03.894745 1677133 Coordinator.h:126] commit: 312084 abort: 207916 (0/207916/0), network size: 0, avg network size: 0, si_in_serializable: 0 0 %, local: 0 %
I0313 17:19:04.894906 1677133 Coordinator.h:126] commit: 311579 abort: 208421 (0/208421/0), network size: 0, avg network size: 0, si_in_serializable: 0 0 %, local: 0 %
I0313 17:19:05.895061 1677133 Coordinator.h:126] commit: 309068 abort: 207287 (0/207287/0), network size: 0, avg network size: 0, si_in_serializable: 0 0 %, local: 0 %
I0313 17:19:06.895205 1677133 Coordinator.h:126] commit: 311595 abort: 208048 (0/208048/0), network size: 0, avg network size: 0, si_in_serializable: 0 0 %, local: 0 %
I0313 17:19:07.895355 1677133 Coordinator.h:126] commit: 306602 abort: 205398 (0/205398/0), network size: 0, avg network size: 0, si_in_serializable: 0 0 %, local: 0 %
I0313 17:19:08.895509 1677133 Coordinator.h:126] commit: 312130 abort: 207870 (0/207870/0), network size: 0, avg network size: 0, si_in_serializable: 0 0 %, local: 0 %
I0313 17:19:09.895661 1677133 Coordinator.h:126] commit: 312801 abort: 207199 (0/207199/0), network size: 0, avg network size: 0, si_in_serializable: 0 0 %, local: 0 %
I0313 17:19:10.895809 1677133 Coordinator.h:126] commit: 311305 abort: 208695 (0/208695/0), network size: 0, avg network size: 0, si_in_serializable: 0 0 %, local: 0 %
I0313 17:19:11.895957 1677133 Coordinator.h:126] commit: 309117 abort: 206883 (0/206883/0), network size: 0, avg network size: 0, si_in_serializable: 0 0 %, local: 0 %
I0313 17:19:12.896101 1677133 Coordinator.h:126] commit: 311790 abort: 208210 (0/208210/0), network size: 0, avg network size: 0, si_in_serializable: 0 0 %, local: 0 %
I0313 17:19:13.896347 1677133 Coordinator.h:126] commit: 309455 abort: 206545 (0/206545/0), network size: 0, avg network size: 0, si_in_serializable: 0 0 %, local: 0 %
I0313 17:19:14.896500 1677133 Coordinator.h:126] commit: 312143 abort: 207857 (0/207857/0), network size: 0, avg network size: 0, si_in_serializable: 0 0 %, local: 0 %
I0313 17:19:15.896627 1677133 Coordinator.h:126] commit: 312065 abort: 207935 (0/207935/0), network size: 0, avg network size: 0, si_in_serializable: 0 0 %, local: 0 %
I0313 17:19:16.896776 1677133 Coordinator.h:126] commit: 308618 abort: 207382 (0/207382/0), network size: 0, avg network size: 0, si_in_serializable: 0 0 %, local: 0 %
I0313 17:19:17.896924 1677133 Coordinator.h:126] commit: 294826 abort: 197174 (0/197174/0), network size: 0, avg network size: 0, si_in_serializable: 0 0 %, local: 0 %
I0313 17:19:18.897070 1677133 Coordinator.h:126] commit: 311720 abort: 208280 (0/208280/0), network size: 0, avg network size: 0, si_in_serializable: 0 0 %, local: 0 %
I0313 17:19:19.897204 1677133 Coordinator.h:126] commit: 311402 abort: 208598 (0/208598/0), network size: 0, avg network size: 0, si_in_serializable: 0 0 %, local: 0 %
I0313 17:19:20.897339 1677133 Coordinator.h:126] commit: 309399 abort: 206601 (0/206601/0), network size: 0, avg network size: 0, si_in_serializable: 0 0 %, local: 0 %
I0313 17:19:21.897476 1677133 Coordinator.h:126] commit: 311764 abort: 208236 (0/208236/0), network size: 0, avg network size: 0, si_in_serializable: 0 0 %, local: 0 %
I0313 17:19:21.897531 1677133 Coordinator.h:152] average commit: 310603 abort: 207397 (0/207397/0), network size: 0, avg network size: 0, si_in_serializable: 0 0 %, local: 0 %
I0313 17:19:21.899767 1677151 AriaExecutor.h:103] AriaExecutor 2 exits. 
I0313 17:19:21.899783 1677150 AriaExecutor.h:103] AriaExecutor 1 exits. 
I0313 17:19:21.899796 1677161 Manager.h:227] Manager(worker id = 12) on the coordinator node exits.
I0313 17:19:21.899767 1677156 AriaExecutor.h:103] AriaExecutor 7 exits. 
I0313 17:19:21.899786 1677149 AriaExecutor.h:103] AriaExecutor 0 exits. 
I0313 17:19:21.899785 1677160 AriaExecutor.h:103] AriaExecutor 11 exits. 
I0313 17:19:21.899786 1677154 AriaExecutor.h:103] AriaExecutor 5 exits. 
I0313 17:19:21.899786 1677155 AriaExecutor.h:103] AriaExecutor 6 exits. 
I0313 17:19:21.899787 1677153 AriaExecutor.h:103] AriaExecutor 4 exits. 
I0313 17:19:21.899786 1677159 AriaExecutor.h:103] AriaExecutor 10 exits. 
I0313 17:19:21.899786 1677158 AriaExecutor.h:103] AriaExecutor 9 exits. 
I0313 17:19:21.899768 1677152 AriaExecutor.h:103] AriaExecutor 3 exits. 
I0313 17:19:21.899786 1677157 AriaExecutor.h:103] AriaExecutor 8 exits. 
I0313 17:19:21.897573 1677133 AriaExecutor.h:649] Worker 0 latency: 4986 us (50%) 6449 us (75%) 7438 us (95%) 7633 us (99%).
I0313 17:19:21.945331 1677133 AriaExecutor.h:649] Worker 1 latency: 4992 us (50%) 6449 us (75%) 7437 us (95%) 7627 us (99%).
I0313 17:19:21.977591 1677133 AriaExecutor.h:649] Worker 2 latency: 4990 us (50%) 6449 us (75%) 7437 us (95%) 7627 us (99%).
I0313 17:19:22.010768 1677133 AriaExecutor.h:649] Worker 3 latency: 4992 us (50%) 6448 us (75%) 7435 us (95%) 7623 us (99%).
I0313 17:19:22.043495 1677133 AriaExecutor.h:649] Worker 4 latency: 4994 us (50%) 6449 us (75%) 7435 us (95%) 7623 us (99%).
I0313 17:19:22.076184 1677133 AriaExecutor.h:649] Worker 5 latency: 4988 us (50%) 6446 us (75%) 7436 us (95%) 7625 us (99%).
I0313 17:19:22.109221 1677133 AriaExecutor.h:649] Worker 6 latency: 4990 us (50%) 6446 us (75%) 7436 us (95%) 7625 us (99%).
I0313 17:19:22.141880 1677133 AriaExecutor.h:649] Worker 7 latency: 4996 us (50%) 6448 us (75%) 7435 us (95%) 7624 us (99%).
I0313 17:19:22.174273 1677133 AriaExecutor.h:649] Worker 8 latency: 4997 us (50%) 6450 us (75%) 7436 us (95%) 7626 us (99%).
I0313 17:19:22.206749 1677133 AriaExecutor.h:649] Worker 9 latency: 4991 us (50%) 6449 us (75%) 7435 us (95%) 7624 us (99%).
I0313 17:19:22.239244 1677133 AriaExecutor.h:649] Worker 10 latency: 4996 us (50%) 6450 us (75%) 7435 us (95%) 7623 us (99%).
I0313 17:19:22.271394 1677133 AriaExecutor.h:649] Worker 11 latency: 4979 us (50%) 6442 us (75%) 7433 us (95%) 7623 us (99%).
I0313 17:19:22.303267 1677133 Coordinator.h:177] total commit: 310603
I0313 17:19:23.303479 1677133 Coordinator.h:192] Coordinator exits.
