I0313 17:05:10.861937 1652543 Database.h:65] ycsb initialization finished in 97 milliseconds.
I0313 17:05:10.862155 1652543 Coordinator.h:30] Coordinator initializes 12 workers.
I0313 17:05:10.900100 1652543 Coordinator.h:77] Coordinator starts to run 13 workers.
I0313 17:05:10.900203 1652563 AriaExecutor.h:91] AriaExecutor 0 started. 
I0313 17:05:10.900261 1652564 AriaExecutor.h:91] AriaExecutor 1 started. 
I0313 17:05:10.900372 1652565 AriaExecutor.h:91] AriaExecutor 2 started. 
I0313 17:05:10.900511 1652566 AriaExecutor.h:91] AriaExecutor 3 started. 
I0313 17:05:10.900660 1652567 AriaExecutor.h:91] AriaExecutor 4 started. 
I0313 17:05:10.900698 1652568 AriaExecutor.h:91] AriaExecutor 5 started. 
I0313 17:05:10.900802 1652569 AriaExecutor.h:91] AriaExecutor 6 started. 
I0313 17:05:10.900880 1652570 AriaExecutor.h:91] AriaExecutor 7 started. 
I0313 17:05:10.900949 1652571 AriaExecutor.h:91] AriaExecutor 8 started. 
I0313 17:05:10.901080 1652572 AriaExecutor.h:91] AriaExecutor 9 started. 
I0313 17:05:10.901114 1652573 AriaExecutor.h:91] AriaExecutor 10 started. 
I0313 17:05:10.901229 1652574 AriaExecutor.h:91] AriaExecutor 11 started. 
I0313 17:05:10.901352 1652575 Manager.h:224] Manager(worker id = 12) on the coordinator node started.
I0313 17:05:11.901394 1652543 Coordinator.h:126] commit: 40624 abort: 62376 (0/62376/0), network size: 0, avg network size: 0, si_in_serializable: 0 0 %, local: 0 %
I0313 17:05:12.901578 1652543 Coordinator.h:126] commit: 44316 abort: 67684 (0/67684/0), network size: 0, avg network size: 0, si_in_serializable: 0 0 %, local: 0 %
I0313 17:05:13.901798 1652543 Coordinator.h:126] commit: 47503 abort: 72497 (0/72497/0), network size: 0, avg network size: 0, si_in_serializable: 0 0 %, local: 0 %
I0313 17:05:14.901979 1652543 Coordinator.h:126] commit: 48009 abort: 72991 (0/72991/0), network size: 0, avg network size: 0, si_in_serializable: 0 0 %, local: 0 %
I0313 17:05:15.902136 1652543 Coordinator.h:126] commit: 47415 abort: 72585 (0/72585/0), network size: 0, avg network size: 0, si_in_serializable: 0 0 %, local: 0 %
I0313 17:05:16.902295 1652543 Coordinator.h:126] commit: 47921 abort: 73079 (0/73079/0), network size: 0, avg network size: 0, si_in_serializable: 0 0 %, local: 0 %
I0313 17:05:17.902474 1652543 Coordinator.h:126] commit: 47962 abort: 73038 (0/73038/0), network size: 0, avg network size: 0, si_in_serializable: 0 0 %, local: 0 %
I0313 17:05:18.902679 1652543 Coordinator.h:126] commit: 48049 abort: 73612 (0/73612/0), network size: 0, avg network size: 0, si_in_serializable: 0 0 %, local: 0 %
I0313 17:05:19.902854 1652543 Coordinator.h:126] commit: 47643 abort: 72696 (0/72696/0), network size: 0, avg network size: 0, si_in_serializable: 0 0 %, local: 0 %
I0313 17:05:20.903007 1652543 Coordinator.h:126] commit: 47788 abort: 73212 (0/73212/0), network size: 0, avg network size: 0, si_in_serializable: 0 0 %, local: 0 %
I0313 17:05:21.903160 1652543 Coordinator.h:126] commit: 47873 abort: 73127 (0/73127/0), network size: 0, avg network size: 0, si_in_serializable: 0 0 %, local: 0 %
I0313 17:05:22.903321 1652543 Coordinator.h:126] commit: 47944 abort: 73056 (0/73056/0), network size: 0, avg network size: 0, si_in_serializable: 0 0 %, local: 0 %
I0313 17:05:23.903473 1652543 Coordinator.h:126] commit: 47965 abort: 73035 (0/73035/0), network size: 0, avg network size: 0, si_in_serializable: 0 0 %, local: 0 %
I0313 17:05:24.903689 1652543 Coordinator.h:126] commit: 47648 abort: 73352 (0/73352/0), network size: 0, avg network size: 0, si_in_serializable: 0 0 %, local: 0 %
I0313 17:05:25.903869 1652543 Coordinator.h:126] commit: 47918 abort: 73082 (0/73082/0), network size: 0, avg network size: 0, si_in_serializable: 0 0 %, local: 0 %
I0313 17:05:26.904012 1652543 Coordinator.h:126] commit: 48356 abort: 73644 (0/73644/0), network size: 0, avg network size: 0, si_in_serializable: 0 0 %, local: 0 %
I0313 17:05:27.904168 1652543 Coordinator.h:126] commit: 47492 abort: 72508 (0/72508/0), network size: 0, avg network size: 0, si_in_serializable: 0 0 %, local: 0 %
I0313 17:05:28.904335 1652543 Coordinator.h:126] commit: 47912 abort: 73088 (0/73088/0), network size: 0, avg network size: 0, si_in_serializable: 0 0 %, local: 0 %
I0313 17:05:29.904493 1652543 Coordinator.h:126] commit: 47934 abort: 73066 (0/73066/0), network size: 0, avg network size: 0, si_in_serializable: 0 0 %, local: 0 %
I0313 17:05:30.904635 1652543 Coordinator.h:126] commit: 47143 abort: 71857 (0/71857/0), network size: 0, avg network size: 0, si_in_serializable: 0 0 %, local: 0 %
I0313 17:05:31.904783 1652543 Coordinator.h:126] commit: 48223 abort: 72777 (0/72777/0), network size: 0, avg network size: 0, si_in_serializable: 0 0 %, local: 0 %
I0313 17:05:32.904929 1652543 Coordinator.h:126] commit: 47762 abort: 73238 (0/73238/0), network size: 0, avg network size: 0, si_in_serializable: 0 0 %, local: 0 %
I0313 17:05:33.905088 1652543 Coordinator.h:126] commit: 47848 abort: 73152 (0/73152/0), network size: 0, avg network size: 0, si_in_serializable: 0 0 %, local: 0 %
I0313 17:05:34.905241 1652543 Coordinator.h:126] commit: 47907 abort: 73093 (0/73093/0), network size: 0, avg network size: 0, si_in_serializable: 0 0 %, local: 0 %
I0313 17:05:35.905396 1652543 Coordinator.h:126] commit: 36563 abort: 55437 (0/55437/0), network size: 0, avg network size: 0, si_in_serializable: 0 0 %, local: 0 %
I0313 17:05:35.905462 1652543 Coordinator.h:152] average commit: 47818.5 abort: 72981.5 (0/72981.5/0), network size: 0, avg network size: 0, si_in_serializable: 0 0 %, local: 0 %
I0313 17:05:35.912964 1652570 AriaExecutor.h:103] AriaExecutor 7 exits. 
I0313 17:05:35.912985 1652565 AriaExecutor.h:103] AriaExecutor 2 exits. 
I0313 17:05:35.912978 1652574 AriaExecutor.h:103] AriaExecutor 11 exits. 
I0313 17:05:35.912982 1652573 AriaExecutor.h:103] AriaExecutor 10 exits. 
I0313 17:05:35.912981 1652564 AriaExecutor.h:103] AriaExecutor 1 exits. 
I0313 17:05:35.912964 1652567 AriaExecutor.h:103] AriaExecutor 4 exits. 
I0313 17:05:35.912985 1652563 AriaExecutor.h:103] AriaExecutor 0 exits. 
I0313 17:05:35.912971 1652569 AriaExecutor.h:103] AriaExecutor 6 exits. 
I0313 17:05:35.912983 1652572 AriaExecutor.h:103] AriaExecutor 9 exits. 
I0313 17:05:35.912986 1652568 AriaExecutor.h:103] AriaExecutor 5 exits. 
I0313 17:05:35.912990 1652575 Manager.h:227] Manager(worker id = 12) on the coordinator node exits.
I0313 17:05:35.912964 1652566 AriaExecutor.h:103] AriaExecutor 3 exits. 
I0313 17:05:35.912964 1652571 AriaExecutor.h:103] AriaExecutor 8 exits. 
I0313 17:05:35.905508 1652543 AriaExecutor.h:649] Worker 0 latency: 7191 us (50%) 7736 us (75%) 8307 us (95%) 10435 us (99%).
I0313 17:05:35.921649 1652543 AriaExecutor.h:649] Worker 1 latency: 7203 us (50%) 7739 us (75%) 8294 us (95%) 10381 us (99%).
I0313 17:05:35.936327 1652543 AriaExecutor.h:649] Worker 2 latency: 7202 us (50%) 7743 us (75%) 8304 us (95%) 10412 us (99%).
I0313 17:05:35.945523 1652543 AriaExecutor.h:649] Worker 3 latency: 7203 us (50%) 7742 us (75%) 8282 us (95%) 10433 us (99%).
I0313 17:05:35.952067 1652543 AriaExecutor.h:649] Worker 4 latency: 7202 us (50%) 7741 us (75%) 8301 us (95%) 10421 us (99%).
I0313 17:05:35.958006 1652543 AriaExecutor.h:649] Worker 5 latency: 7195 us (50%) 7739 us (75%) 8314 us (95%) 10393 us (99%).
I0313 17:05:35.963559 1652543 AriaExecutor.h:649] Worker 6 latency: 7194 us (50%) 7737 us (75%) 8284 us (95%) 10400 us (99%).
I0313 17:05:35.969214 1652543 AriaExecutor.h:649] Worker 7 latency: 7201 us (50%) 7740 us (75%) 8299 us (95%) 10384 us (99%).
I0313 17:05:35.974730 1652543 AriaExecutor.h:649] Worker 8 latency: 7205 us (50%) 7741 us (75%) 8312 us (95%) 10396 us (99%).
I0313 17:05:35.980270 1652543 AriaExecutor.h:649] Worker 9 latency: 7200 us (50%) 7740 us (75%) 8302 us (95%) 10408 us (99%).
I0313 17:05:35.985774 1652543 AriaExecutor.h:649] Worker 10 latency: 7205 us (50%) 7742 us (75%) 8314 us (95%) 10395 us (99%).
I0313 17:05:35.991283 1652543 AriaExecutor.h:649] Worker 11 latency: 7192 us (50%) 7736 us (75%) 8300 us (95%) 10409 us (99%).
I0313 17:05:35.996815 1652543 Coordinator.h:177] total commit: 47818.5
I0313 17:05:36.997148 1652543 Coordinator.h:192] Coordinator exits.
