I0313 17:57:27.637931 1712020 Database.h:65] ycsb initialization finished in 101 milliseconds.
I0313 17:57:27.638161 1712020 Coordinator.h:30] Coordinator initializes 12 workers.
I0313 17:57:27.675213 1712020 Coordinator.h:77] Coordinator starts to run 13 workers.
I0313 17:57:27.675294 1712036 AriaExecutor.h:94] AriaExecutor 0 started. 
I0313 17:57:27.675423 1712038 AriaExecutor.h:94] AriaExecutor 2 started. 
I0313 17:57:27.675486 1712039 AriaExecutor.h:94] AriaExecutor 3 started. 
I0313 17:57:27.675535 1712040 AriaExecutor.h:94] AriaExecutor 4 started. 
I0313 17:57:27.675619 1712041 AriaExecutor.h:94] AriaExecutor 5 started. 
I0313 17:57:27.675674 1712042 AriaExecutor.h:94] AriaExecutor 6 started. 
I0313 17:57:27.675737 1712043 AriaExecutor.h:94] AriaExecutor 7 started. 
I0313 17:57:27.675798 1712044 AriaExecutor.h:94] AriaExecutor 8 started. 
I0313 17:57:27.675868 1712045 AriaExecutor.h:94] AriaExecutor 9 started. 
I0313 17:57:27.675911 1712037 AriaExecutor.h:94] AriaExecutor 1 started. 
I0313 17:57:27.675961 1712046 AriaExecutor.h:94] AriaExecutor 10 started. 
I0313 17:57:27.676172 1712047 AriaExecutor.h:94] AriaExecutor 11 started. 
I0313 17:57:27.676360 1712048 Manager.h:224] Manager(worker id = 12) on the coordinator node started.
I0313 17:57:28.676436 1712020 Coordinator.h:126] commit: 484389 abort: 21611 (0/21611/0), network size: 0, avg network size: 0, si_in_serializable: 0 0 %, local: 0 %
I0313 17:57:29.676585 1712020 Coordinator.h:126] commit: 490905 abort: 22095 (0/22095/0), network size: 0, avg network size: 0, si_in_serializable: 0 0 %, local: 0 %
I0313 17:57:30.676877 1712020 Coordinator.h:126] commit: 494822 abort: 22178 (0/22178/0), network size: 0, avg network size: 0, si_in_serializable: 0 0 %, local: 0 %
I0313 17:57:31.677055 1712020 Coordinator.h:126] commit: 491944 abort: 22056 (0/22056/0), network size: 0, avg network size: 0, si_in_serializable: 0 0 %, local: 0 %
I0313 17:57:32.677197 1712020 Coordinator.h:126] commit: 495873 abort: 22127 (0/22127/0), network size: 0, avg network size: 0, si_in_serializable: 0 0 %, local: 0 %
I0313 17:57:33.677330 1712020 Coordinator.h:126] commit: 492971 abort: 22029 (0/22029/0), network size: 0, avg network size: 0, si_in_serializable: 0 0 %, local: 0 %
I0313 17:57:34.677464 1712020 Coordinator.h:126] commit: 485117 abort: 21883 (0/21883/0), network size: 0, avg network size: 0, si_in_serializable: 0 0 %, local: 0 %
I0313 17:57:35.677665 1712020 Coordinator.h:126] commit: 494768 abort: 22232 (0/22232/0), network size: 0, avg network size: 0, si_in_serializable: 0 0 %, local: 0 %
I0313 17:57:36.677825 1712020 Coordinator.h:126] commit: 495808 abort: 22192 (0/22192/0), network size: 0, avg network size: 0, si_in_serializable: 0 0 %, local: 0 %
I0313 17:57:37.677970 1712020 Coordinator.h:126] commit: 496828 abort: 22172 (0/22172/0), network size: 0, avg network size: 0, si_in_serializable: 0 0 %, local: 0 %
I0313 17:57:38.678107 1712020 Coordinator.h:126] commit: 496897 abort: 22103 (0/22103/0), network size: 0, avg network size: 0, si_in_serializable: 0 0 %, local: 0 %
I0313 17:57:39.678248 1712020 Coordinator.h:126] commit: 495967 abort: 22033 (0/22033/0), network size: 0, avg network size: 0, si_in_serializable: 0 0 %, local: 0 %
I0313 17:57:40.678386 1712020 Coordinator.h:126] commit: 475131 abort: 20869 (0/20869/0), network size: 0, avg network size: 0, si_in_serializable: 0 0 %, local: 0 %
I0313 17:57:41.678519 1712020 Coordinator.h:126] commit: 494002 abort: 21998 (0/21998/0), network size: 0, avg network size: 0, si_in_serializable: 0 0 %, local: 0 %
I0313 17:57:42.678655 1712020 Coordinator.h:126] commit: 497012 abort: 21988 (0/21988/0), network size: 0, avg network size: 0, si_in_serializable: 0 0 %, local: 0 %
I0313 17:57:43.678793 1712020 Coordinator.h:126] commit: 495636 abort: 22364 (0/22364/0), network size: 0, avg network size: 0, si_in_serializable: 0 0 %, local: 0 %
I0313 17:57:44.678982 1712020 Coordinator.h:126] commit: 495761 abort: 22239 (0/22239/0), network size: 0, avg network size: 0, si_in_serializable: 0 0 %, local: 0 %
I0313 17:57:45.679141 1712020 Coordinator.h:126] commit: 495737 abort: 22263 (0/22263/0), network size: 0, avg network size: 0, si_in_serializable: 0 0 %, local: 0 %
I0313 17:57:46.679276 1712020 Coordinator.h:126] commit: 496117 abort: 21883 (0/21883/0), network size: 0, avg network size: 0, si_in_serializable: 0 0 %, local: 0 %
I0313 17:57:47.679412 1712020 Coordinator.h:126] commit: 496861 abort: 22139 (0/22139/0), network size: 0, avg network size: 0, si_in_serializable: 0 0 %, local: 0 %
I0313 17:57:48.679554 1712020 Coordinator.h:126] commit: 496627 abort: 22373 (0/22373/0), network size: 0, avg network size: 0, si_in_serializable: 0 0 %, local: 0 %
I0313 17:57:49.679697 1712020 Coordinator.h:126] commit: 496026 abort: 21974 (0/21974/0), network size: 0, avg network size: 0, si_in_serializable: 0 0 %, local: 0 %
I0313 17:57:50.679836 1712020 Coordinator.h:126] commit: 496838 abort: 22162 (0/22162/0), network size: 0, avg network size: 0, si_in_serializable: 0 0 %, local: 0 %
I0313 17:57:51.679980 1712020 Coordinator.h:126] commit: 497055 abort: 21945 (0/21945/0), network size: 0, avg network size: 0, si_in_serializable: 0 0 %, local: 0 %
I0313 17:57:52.680123 1712020 Coordinator.h:126] commit: 495680 abort: 22320 (0/22320/0), network size: 0, avg network size: 0, si_in_serializable: 0 0 %, local: 0 %
I0313 17:57:52.680177 1712020 Coordinator.h:152] average commit: 493912 abort: 21987.9 (0/21987.9/0), network size: 0, avg network size: 0, si_in_serializable: 0 0 %, local: 0 %
I0313 17:57:52.681682 1712041 AriaExecutor.h:106] AriaExecutor 5 exits. 
I0313 17:57:52.681707 1712048 Manager.h:227] Manager(worker id = 12) on the coordinator node exits.
I0313 17:57:52.681684 1712037 AriaExecutor.h:106] AriaExecutor 1 exits. 
I0313 17:57:52.681699 1712047 AriaExecutor.h:106] AriaExecutor 11 exits. 
I0313 17:57:52.681682 1712038 AriaExecutor.h:106] AriaExecutor 2 exits. 
I0313 17:57:52.681682 1712040 AriaExecutor.h:106] AriaExecutor 4 exits. 
I0313 17:57:52.681682 1712036 AriaExecutor.h:106] AriaExecutor 0 exits. 
I0313 17:57:52.681682 1712044 AriaExecutor.h:106] AriaExecutor 8 exits. 
I0313 17:57:52.681682 1712039 AriaExecutor.h:106] AriaExecutor 3 exits. 
I0313 17:57:52.681682 1712042 AriaExecutor.h:106] AriaExecutor 6 exits. 
I0313 17:57:52.681682 1712045 AriaExecutor.h:106] AriaExecutor 9 exits. 
I0313 17:57:52.681682 1712043 AriaExecutor.h:106] AriaExecutor 7 exits. 
I0313 17:57:52.681682 1712046 AriaExecutor.h:106] AriaExecutor 10 exits. 
I0313 17:57:52.680267 1712020 AriaExecutor.h:646] Worker 0 latency: 1168 us (50%) 1540 us (75%) 1832 us (95%) 1892 us (99%).
I0313 17:57:52.748351 1712020 AriaExecutor.h:646] Worker 1 latency: 1172 us (50%) 1542 us (75%) 1832 us (95%) 1892 us (99%).
I0313 17:57:52.804761 1712020 AriaExecutor.h:646] Worker 2 latency: 1170 us (50%) 1541 us (75%) 1832 us (95%) 1891 us (99%).
I0313 17:57:52.859903 1712020 AriaExecutor.h:646] Worker 3 latency: 1172 us (50%) 1542 us (75%) 1832 us (95%) 1892 us (99%).
I0313 17:57:52.916653 1712020 AriaExecutor.h:646] Worker 4 latency: 1178 us (50%) 1545 us (75%) 1833 us (95%) 1891 us (99%).
I0313 17:57:52.972057 1712020 AriaExecutor.h:646] Worker 5 latency: 1176 us (50%) 1544 us (75%) 1833 us (95%) 1891 us (99%).
I0313 17:57:53.026794 1712020 AriaExecutor.h:646] Worker 6 latency: 1177 us (50%) 1544 us (75%) 1833 us (95%) 1892 us (99%).
I0313 17:57:53.084107 1712020 AriaExecutor.h:646] Worker 7 latency: 1178 us (50%) 1545 us (75%) 1833 us (95%) 1891 us (99%).
I0313 17:57:53.138290 1712020 AriaExecutor.h:646] Worker 8 latency: 1179 us (50%) 1545 us (75%) 1833 us (95%) 1891 us (99%).
I0313 17:57:53.192975 1712020 AriaExecutor.h:646] Worker 9 latency: 1179 us (50%) 1545 us (75%) 1833 us (95%) 1891 us (99%).
I0313 17:57:53.248011 1712020 AriaExecutor.h:646] Worker 10 latency: 1180 us (50%) 1545 us (75%) 1833 us (95%) 1891 us (99%).
I0313 17:57:53.304270 1712020 AriaExecutor.h:646] Worker 11 latency: 1178 us (50%) 1544 us (75%) 1833 us (95%) 1892 us (99%).
I0313 17:57:53.359830 1712020 Coordinator.h:177] total commit: 493912
I0313 17:57:54.360092 1712020 Coordinator.h:192] Coordinator exits.
