I0313 17:39:18.994351 1697561 Database.h:65] ycsb initialization finished in 101 milliseconds.
I0313 17:39:18.994585 1697561 Coordinator.h:30] Coordinator initializes 12 workers.
I0313 17:39:19.103894 1697561 Coordinator.h:77] Coordinator starts to run 13 workers.
I0313 17:39:19.103987 1697577 AriaExecutor.h:94] AriaExecutor 0 started. 
I0313 17:39:19.104034 1697578 AriaExecutor.h:94] AriaExecutor 1 started. 
I0313 17:39:19.104146 1697579 AriaExecutor.h:94] AriaExecutor 2 started. 
I0313 17:39:19.104275 1697580 AriaExecutor.h:94] AriaExecutor 3 started. 
I0313 17:39:19.104398 1697581 AriaExecutor.h:94] AriaExecutor 4 started. 
I0313 17:39:19.104516 1697582 AriaExecutor.h:94] AriaExecutor 5 started. 
I0313 17:39:19.104631 1697583 AriaExecutor.h:94] AriaExecutor 6 started. 
I0313 17:39:19.104748 1697584 AriaExecutor.h:94] AriaExecutor 7 started. 
I0313 17:39:19.104877 1697585 AriaExecutor.h:94] AriaExecutor 8 started. 
I0313 17:39:19.104995 1697586 AriaExecutor.h:94] AriaExecutor 9 started. 
I0313 17:39:19.105110 1697587 AriaExecutor.h:94] AriaExecutor 10 started. 
I0313 17:39:19.105229 1697588 AriaExecutor.h:94] AriaExecutor 11 started. 
I0313 17:39:19.105348 1697589 Manager.h:224] Manager(worker id = 12) on the coordinator node started.
I0313 17:39:20.105376 1697561 Coordinator.h:126] commit: 440 abort: 67560 (0/67560/0), network size: 0, avg network size: 0, si_in_serializable: 0 0 %, local: 0 %
I0313 17:39:21.105556 1697561 Coordinator.h:126] commit: 490 abort: 75510 (0/75510/0), network size: 0, avg network size: 0, si_in_serializable: 0 0 %, local: 0 %
I0313 17:39:22.105759 1697561 Coordinator.h:126] commit: 502 abort: 79498 (0/79498/0), network size: 0, avg network size: 0, si_in_serializable: 0 0 %, local: 0 %
I0313 17:39:23.105901 1697561 Coordinator.h:126] commit: 499 abort: 79501 (0/79501/0), network size: 0, avg network size: 0, si_in_serializable: 0 0 %, local: 0 %
I0313 17:39:24.106011 1697561 Coordinator.h:126] commit: 471 abort: 79529 (0/79529/0), network size: 0, avg network size: 0, si_in_serializable: 0 0 %, local: 0 %
I0313 17:39:25.106128 1697561 Coordinator.h:126] commit: 499 abort: 79501 (0/79501/0), network size: 0, avg network size: 0, si_in_serializable: 0 0 %, local: 0 %
I0313 17:39:26.106256 1697561 Coordinator.h:126] commit: 530 abort: 83470 (0/83470/0), network size: 0, avg network size: 0, si_in_serializable: 0 0 %, local: 0 %
I0313 17:39:27.106449 1697561 Coordinator.h:126] commit: 463 abort: 79537 (0/79537/0), network size: 0, avg network size: 0, si_in_serializable: 0 0 %, local: 0 %
I0313 17:39:28.106593 1697561 Coordinator.h:126] commit: 483 abort: 79517 (0/79517/0), network size: 0, avg network size: 0, si_in_serializable: 0 0 %, local: 0 %
I0313 17:39:29.106729 1697561 Coordinator.h:126] commit: 531 abort: 83469 (0/83469/0), network size: 0, avg network size: 0, si_in_serializable: 0 0 %, local: 0 %
I0313 17:39:30.106845 1697561 Coordinator.h:126] commit: 509 abort: 79491 (0/79491/0), network size: 0, avg network size: 0, si_in_serializable: 0 0 %, local: 0 %
I0313 17:39:31.106962 1697561 Coordinator.h:126] commit: 488 abort: 79512 (0/79512/0), network size: 0, avg network size: 0, si_in_serializable: 0 0 %, local: 0 %
I0313 17:39:32.107075 1697561 Coordinator.h:126] commit: 481 abort: 79519 (0/79519/0), network size: 0, avg network size: 0, si_in_serializable: 0 0 %, local: 0 %
I0313 17:39:33.107192 1697561 Coordinator.h:126] commit: 498 abort: 83502 (0/83502/0), network size: 0, avg network size: 0, si_in_serializable: 0 0 %, local: 0 %
I0313 17:39:34.107316 1697561 Coordinator.h:126] commit: 500 abort: 79500 (0/79500/0), network size: 0, avg network size: 0, si_in_serializable: 0 0 %, local: 0 %
I0313 17:39:35.107431 1697561 Coordinator.h:126] commit: 483 abort: 79517 (0/79517/0), network size: 0, avg network size: 0, si_in_serializable: 0 0 %, local: 0 %
I0313 17:39:36.107543 1697561 Coordinator.h:126] commit: 478 abort: 79522 (0/79522/0), network size: 0, avg network size: 0, si_in_serializable: 0 0 %, local: 0 %
I0313 17:39:37.107666 1697561 Coordinator.h:126] commit: 509 abort: 79491 (0/79491/0), network size: 0, avg network size: 0, si_in_serializable: 0 0 %, local: 0 %
I0313 17:39:38.107863 1697561 Coordinator.h:126] commit: 507 abort: 83493 (0/83493/0), network size: 0, avg network size: 0, si_in_serializable: 0 0 %, local: 0 %
I0313 17:39:39.108014 1697561 Coordinator.h:126] commit: 487 abort: 79513 (0/79513/0), network size: 0, avg network size: 0, si_in_serializable: 0 0 %, local: 0 %
I0313 17:39:40.108125 1697561 Coordinator.h:126] commit: 461 abort: 79539 (0/79539/0), network size: 0, avg network size: 0, si_in_serializable: 0 0 %, local: 0 %
I0313 17:39:41.108237 1697561 Coordinator.h:126] commit: 539 abort: 79461 (0/79461/0), network size: 0, avg network size: 0, si_in_serializable: 0 0 %, local: 0 %
I0313 17:39:42.108393 1697561 Coordinator.h:126] commit: 523 abort: 83477 (0/83477/0), network size: 0, avg network size: 0, si_in_serializable: 0 0 %, local: 0 %
I0313 17:39:43.108536 1697561 Coordinator.h:126] commit: 491 abort: 79509 (0/79509/0), network size: 0, avg network size: 0, si_in_serializable: 0 0 %, local: 0 %
I0313 17:39:44.108668 1697561 Coordinator.h:126] commit: 489 abort: 79511 (0/79511/0), network size: 0, avg network size: 0, si_in_serializable: 0 0 %, local: 0 %
I0313 17:39:44.108721 1697561 Coordinator.h:152] average commit: 494 abort: 80306 (0/80306/0), network size: 0, avg network size: 0, si_in_serializable: 0 0 %, local: 0 %
I0313 17:39:44.108762 1697561 AriaExecutor.h:625] Worker 0 latency: 49248 us (50%) 49366 us (75%) 51109 us (95%) 57610 us (99%).
I0313 17:39:44.132649 1697586 AriaExecutor.h:106] AriaExecutor 9 exits. 
I0313 17:39:44.132650 1697577 AriaExecutor.h:106] AriaExecutor 0 exits. 
I0313 17:39:44.132650 1697580 AriaExecutor.h:106] AriaExecutor 3 exits. 
I0313 17:39:44.132650 1697584 AriaExecutor.h:106] AriaExecutor 7 exits. 
I0313 17:39:44.132650 1697585 AriaExecutor.h:106] AriaExecutor 8 exits. 
I0313 17:39:44.132656 1697589 Manager.h:227] Manager(worker id = 12) on the coordinator node exits.
I0313 17:39:44.132658 1697588 AriaExecutor.h:106] AriaExecutor 11 exits. 
I0313 17:39:44.132650 1697579 AriaExecutor.h:106] AriaExecutor 2 exits. 
I0313 17:39:44.132650 1697583 AriaExecutor.h:106] AriaExecutor 6 exits. 
I0313 17:39:44.132650 1697587 AriaExecutor.h:106] AriaExecutor 10 exits. 
I0313 17:39:44.132650 1697581 AriaExecutor.h:106] AriaExecutor 4 exits. 
I0313 17:39:44.132650 1697582 AriaExecutor.h:106] AriaExecutor 5 exits. 
I0313 17:39:44.132650 1697578 AriaExecutor.h:106] AriaExecutor 1 exits. 
I0313 17:39:44.132987 1697561 AriaExecutor.h:625] Worker 1 latency: 49239 us (50%) 49358 us (75%) 51061 us (95%) 57721 us (99%).
I0313 17:39:44.133175 1697561 AriaExecutor.h:625] Worker 2 latency: 49249 us (50%) 49366 us (75%) 55309 us (95%) 57565 us (99%).
I0313 17:39:44.133337 1697561 AriaExecutor.h:625] Worker 3 latency: 49245 us (50%) 49359 us (75%) 52476 us (95%) 57837 us (99%).
I0313 17:39:44.133497 1697561 AriaExecutor.h:625] Worker 4 latency: 49235 us (50%) 49356 us (75%) 50976 us (95%) 57721 us (99%).
I0313 17:39:44.133713 1697561 AriaExecutor.h:625] Worker 5 latency: 49221 us (50%) 49349 us (75%) 50861 us (95%) 57251 us (99%).
I0313 17:39:44.133893 1697561 AriaExecutor.h:625] Worker 6 latency: 49231 us (50%) 49356 us (75%) 51014 us (95%) 57538 us (99%).
I0313 17:39:44.134066 1697561 AriaExecutor.h:625] Worker 7 latency: 49220 us (50%) 49354 us (75%) 51263 us (95%) 57621 us (99%).
I0313 17:39:44.134227 1697561 AriaExecutor.h:625] Worker 8 latency: 49233 us (50%) 49362 us (75%) 51055 us (95%) 57609 us (99%).
I0313 17:39:44.134383 1697561 AriaExecutor.h:625] Worker 9 latency: 49230 us (50%) 49351 us (75%) 51045 us (95%) 57447 us (99%).
I0313 17:39:44.134539 1697561 AriaExecutor.h:625] Worker 10 latency: 49225 us (50%) 49359 us (75%) 51138 us (95%) 58503 us (99%).
I0313 17:39:44.134692 1697561 AriaExecutor.h:625] Worker 11 latency: 49211 us (50%) 49347 us (75%) 52268 us (95%) 57513 us (99%).
I0313 17:39:44.134866 1697561 Coordinator.h:177] total commit: 494
I0313 17:39:45.135078 1697561 Coordinator.h:192] Coordinator exits.
