I0313 17:50:49.239400 1706206 Database.h:65] ycsb initialization finished in 99 milliseconds.
I0313 17:50:49.239626 1706206 Coordinator.h:30] Coordinator initializes 12 workers.
I0313 17:50:49.348042 1706206 Coordinator.h:77] Coordinator starts to run 13 workers.
I0313 17:50:49.348145 1706223 AriaExecutor.h:94] AriaExecutor 1 started. 
I0313 17:50:49.348133 1706222 AriaExecutor.h:94] AriaExecutor 0 started. 
I0313 17:50:49.348232 1706224 AriaExecutor.h:94] AriaExecutor 2 started. 
I0313 17:50:49.348317 1706225 AriaExecutor.h:94] AriaExecutor 3 started. 
I0313 17:50:49.348412 1706226 AriaExecutor.h:94] AriaExecutor 4 started. 
I0313 17:50:49.348464 1706227 AriaExecutor.h:94] AriaExecutor 5 started. 
I0313 17:50:49.348562 1706228 AriaExecutor.h:94] AriaExecutor 6 started. 
I0313 17:50:49.348641 1706229 AriaExecutor.h:94] AriaExecutor 7 started. 
I0313 17:50:49.348709 1706230 AriaExecutor.h:94] AriaExecutor 8 started. 
I0313 17:50:49.348779 1706231 AriaExecutor.h:94] AriaExecutor 9 started. 
I0313 17:50:49.348851 1706232 AriaExecutor.h:94] AriaExecutor 10 started. 
I0313 17:50:49.348949 1706233 AriaExecutor.h:94] AriaExecutor 11 started. 
I0313 17:50:49.349076 1706234 Manager.h:224] Manager(worker id = 12) on the coordinator node started.
I0313 17:50:50.349133 1706206 Coordinator.h:126] commit: 473230 abort: 10614 (0/10614/0), network size: 0, avg network size: 0, si_in_serializable: 0 0 %, local: 0 %
I0313 17:50:51.349277 1706206 Coordinator.h:126] commit: 473462 abort: 10694 (0/10694/0), network size: 0, avg network size: 0, si_in_serializable: 0 0 %, local: 0 %
I0313 17:50:52.349438 1706206 Coordinator.h:126] commit: 481308 abort: 10692 (0/10692/0), network size: 0, avg network size: 0, si_in_serializable: 0 0 %, local: 0 %
I0313 17:50:53.349570 1706206 Coordinator.h:126] commit: 481229 abort: 10771 (0/10771/0), network size: 0, avg network size: 0, si_in_serializable: 0 0 %, local: 0 %
I0313 17:50:54.349691 1706206 Coordinator.h:126] commit: 481173 abort: 10827 (0/10827/0), network size: 0, avg network size: 0, si_in_serializable: 0 0 %, local: 0 %
I0313 17:50:55.349810 1706206 Coordinator.h:126] commit: 481145 abort: 10855 (0/10855/0), network size: 0, avg network size: 0, si_in_serializable: 0 0 %, local: 0 %
I0313 17:50:56.349933 1706206 Coordinator.h:126] commit: 477289 abort: 10711 (0/10711/0), network size: 0, avg network size: 0, si_in_serializable: 0 0 %, local: 0 %
I0313 17:50:57.350099 1706206 Coordinator.h:126] commit: 477347 abort: 10653 (0/10653/0), network size: 0, avg network size: 0, si_in_serializable: 0 0 %, local: 0 %
I0313 17:50:58.350239 1706206 Coordinator.h:126] commit: 481245 abort: 10755 (0/10755/0), network size: 0, avg network size: 0, si_in_serializable: 0 0 %, local: 0 %
I0313 17:50:59.350394 1706206 Coordinator.h:126] commit: 481101 abort: 10899 (0/10899/0), network size: 0, avg network size: 0, si_in_serializable: 0 0 %, local: 0 %
I0313 17:51:00.350526 1706206 Coordinator.h:126] commit: 481264 abort: 10736 (0/10736/0), network size: 0, avg network size: 0, si_in_serializable: 0 0 %, local: 0 %
I0313 17:51:01.350652 1706206 Coordinator.h:126] commit: 481218 abort: 10782 (0/10782/0), network size: 0, avg network size: 0, si_in_serializable: 0 0 %, local: 0 %
I0313 17:51:02.350780 1706206 Coordinator.h:126] commit: 481232 abort: 10768 (0/10768/0), network size: 0, avg network size: 0, si_in_serializable: 0 0 %, local: 0 %
I0313 17:51:03.350939 1706206 Coordinator.h:126] commit: 465511 abort: 10489 (0/10489/0), network size: 0, avg network size: 0, si_in_serializable: 0 0 %, local: 0 %
I0313 17:51:04.351070 1706206 Coordinator.h:126] commit: 481252 abort: 10748 (0/10748/0), network size: 0, avg network size: 0, si_in_serializable: 0 0 %, local: 0 %
I0313 17:51:05.351195 1706206 Coordinator.h:126] commit: 481334 abort: 10666 (0/10666/0), network size: 0, avg network size: 0, si_in_serializable: 0 0 %, local: 0 %
I0313 17:51:06.351320 1706206 Coordinator.h:126] commit: 481020 abort: 10980 (0/10980/0), network size: 0, avg network size: 0, si_in_serializable: 0 0 %, local: 0 %
I0313 17:51:07.351439 1706206 Coordinator.h:126] commit: 481277 abort: 10723 (0/10723/0), network size: 0, avg network size: 0, si_in_serializable: 0 0 %, local: 0 %
I0313 17:51:08.351562 1706206 Coordinator.h:126] commit: 481268 abort: 10732 (0/10732/0), network size: 0, avg network size: 0, si_in_serializable: 0 0 %, local: 0 %
I0313 17:51:09.351718 1706206 Coordinator.h:126] commit: 481258 abort: 10742 (0/10742/0), network size: 0, avg network size: 0, si_in_serializable: 0 0 %, local: 0 %
I0313 17:51:10.351853 1706206 Coordinator.h:126] commit: 481249 abort: 10751 (0/10751/0), network size: 0, avg network size: 0, si_in_serializable: 0 0 %, local: 0 %
I0313 17:51:11.351975 1706206 Coordinator.h:126] commit: 481156 abort: 10844 (0/10844/0), network size: 0, avg network size: 0, si_in_serializable: 0 0 %, local: 0 %
I0313 17:51:12.352101 1706206 Coordinator.h:126] commit: 481427 abort: 10573 (0/10573/0), network size: 0, avg network size: 0, si_in_serializable: 0 0 %, local: 0 %
I0313 17:51:13.352226 1706206 Coordinator.h:126] commit: 481265 abort: 10735 (0/10735/0), network size: 0, avg network size: 0, si_in_serializable: 0 0 %, local: 0 %
I0313 17:51:14.352353 1706206 Coordinator.h:126] commit: 481094 abort: 10906 (0/10906/0), network size: 0, avg network size: 0, si_in_serializable: 0 0 %, local: 0 %
I0313 17:51:14.352397 1706206 Coordinator.h:152] average commit: 479663 abort: 10736.6 (0/10736.6/0), network size: 0, avg network size: 0, si_in_serializable: 0 0 %, local: 0 %
I0313 17:51:14.355037 1706230 AriaExecutor.h:106] AriaExecutor 8 exits. 
I0313 17:51:14.355038 1706234 Manager.h:227] Manager(worker id = 12) on the coordinator node exits.
I0313 17:51:14.355038 1706232 AriaExecutor.h:106] AriaExecutor 10 exits. 
I0313 17:51:14.355038 1706225 AriaExecutor.h:106] AriaExecutor 3 exits. 
I0313 17:51:14.355041 1706233 AriaExecutor.h:106] AriaExecutor 11 exits. 
I0313 17:51:14.355038 1706227 AriaExecutor.h:106] AriaExecutor 5 exits. 
I0313 17:51:14.355042 1706223 AriaExecutor.h:106] AriaExecutor 1 exits. 
I0313 17:51:14.355041 1706228 AriaExecutor.h:106] AriaExecutor 6 exits. 
I0313 17:51:14.355038 1706224 AriaExecutor.h:106] AriaExecutor 2 exits. 
I0313 17:51:14.355039 1706231 AriaExecutor.h:106] AriaExecutor 9 exits. 
I0313 17:51:14.355038 1706222 AriaExecutor.h:106] AriaExecutor 0 exits. 
I0313 17:51:14.355039 1706229 AriaExecutor.h:106] AriaExecutor 7 exits. 
I0313 17:51:14.355039 1706226 AriaExecutor.h:106] AriaExecutor 4 exits. 
I0313 17:51:14.352411 1706206 AriaExecutor.h:646] Worker 0 latency: 4902 us (50%) 6434 us (75%) 7648 us (95%) 7893 us (99%).
I0313 17:51:14.401624 1706206 AriaExecutor.h:646] Worker 1 latency: 4918 us (50%) 6442 us (75%) 7649 us (95%) 7892 us (99%).
I0313 17:51:14.448827 1706206 AriaExecutor.h:646] Worker 2 latency: 4914 us (50%) 6440 us (75%) 7649 us (95%) 7892 us (99%).
I0313 17:51:14.497397 1706206 AriaExecutor.h:646] Worker 3 latency: 4915 us (50%) 6440 us (75%) 7650 us (95%) 7892 us (99%).
I0313 17:51:14.544679 1706206 AriaExecutor.h:646] Worker 4 latency: 4919 us (50%) 6441 us (75%) 7648 us (95%) 7891 us (99%).
I0313 17:51:14.592525 1706206 AriaExecutor.h:646] Worker 5 latency: 4913 us (50%) 6438 us (75%) 7647 us (95%) 7890 us (99%).
I0313 17:51:14.640297 1706206 AriaExecutor.h:646] Worker 6 latency: 4915 us (50%) 6440 us (75%) 7648 us (95%) 7891 us (99%).
I0313 17:51:14.687959 1706206 AriaExecutor.h:646] Worker 7 latency: 4922 us (50%) 6442 us (75%) 7649 us (95%) 7891 us (99%).
I0313 17:51:14.735499 1706206 AriaExecutor.h:646] Worker 8 latency: 4923 us (50%) 6443 us (75%) 7649 us (95%) 7891 us (99%).
I0313 17:51:14.783895 1706206 AriaExecutor.h:646] Worker 9 latency: 4919 us (50%) 6442 us (75%) 7649 us (95%) 7891 us (99%).
I0313 17:51:14.831637 1706206 AriaExecutor.h:646] Worker 10 latency: 4925 us (50%) 6444 us (75%) 7649 us (95%) 7891 us (99%).
I0313 17:51:14.879726 1706206 AriaExecutor.h:646] Worker 11 latency: 4903 us (50%) 6433 us (75%) 7647 us (95%) 7891 us (99%).
I0313 17:51:14.927714 1706206 Coordinator.h:177] total commit: 479663
I0313 17:51:15.927923 1706206 Coordinator.h:192] Coordinator exits.
