I0313 17:51:42.539430 1706687 Database.h:65] ycsb initialization finished in 100 milliseconds.
I0313 17:51:42.539666 1706687 Coordinator.h:30] Coordinator initializes 12 workers.
I0313 17:51:42.647117 1706687 Coordinator.h:77] Coordinator starts to run 13 workers.
I0313 17:51:42.647205 1706703 AriaExecutor.h:94] AriaExecutor 0 started. 
I0313 17:51:42.647234 1706704 AriaExecutor.h:94] AriaExecutor 1 started. 
I0313 17:51:42.647353 1706705 AriaExecutor.h:94] AriaExecutor 2 started. 
I0313 17:51:42.647455 1706706 AriaExecutor.h:94] AriaExecutor 3 started. 
I0313 17:51:42.647593 1706707 AriaExecutor.h:94] AriaExecutor 4 started. 
I0313 17:51:42.647701 1706708 AriaExecutor.h:94] AriaExecutor 5 started. 
I0313 17:51:42.647771 1706709 AriaExecutor.h:94] AriaExecutor 6 started. 
I0313 17:51:42.647842 1706710 AriaExecutor.h:94] AriaExecutor 7 started. 
I0313 17:51:42.647948 1706711 AriaExecutor.h:94] AriaExecutor 8 started. 
I0313 17:51:42.648073 1706712 AriaExecutor.h:94] AriaExecutor 9 started. 
I0313 17:51:42.648164 1706713 AriaExecutor.h:94] AriaExecutor 10 started. 
I0313 17:51:42.648281 1706714 AriaExecutor.h:94] AriaExecutor 11 started. 
I0313 17:51:42.648375 1706715 Manager.h:224] Manager(worker id = 12) on the coordinator node started.
I0313 17:51:43.648422 1706687 Coordinator.h:126] commit: 11951 abort: 100049 (0/100049/0), network size: 0, avg network size: 0, si_in_serializable: 0 0 %, local: 0 %
I0313 17:51:44.648577 1706687 Coordinator.h:126] commit: 11866 abort: 100134 (0/100134/0), network size: 0, avg network size: 0, si_in_serializable: 0 0 %, local: 0 %
I0313 17:51:45.648736 1706687 Coordinator.h:126] commit: 12512 abort: 103488 (0/103488/0), network size: 0, avg network size: 0, si_in_serializable: 0 0 %, local: 0 %
I0313 17:51:46.648871 1706687 Coordinator.h:126] commit: 12461 abort: 103539 (0/103539/0), network size: 0, avg network size: 0, si_in_serializable: 0 0 %, local: 0 %
I0313 17:51:47.648996 1706687 Coordinator.h:126] commit: 12994 abort: 107006 (0/107006/0), network size: 0, avg network size: 0, si_in_serializable: 0 0 %, local: 0 %
I0313 17:51:48.649116 1706687 Coordinator.h:126] commit: 11889 abort: 100111 (0/100111/0), network size: 0, avg network size: 0, si_in_serializable: 0 0 %, local: 0 %
I0313 17:51:49.649241 1706687 Coordinator.h:126] commit: 12814 abort: 107186 (0/107186/0), network size: 0, avg network size: 0, si_in_serializable: 0 0 %, local: 0 %
I0313 17:51:50.649399 1706687 Coordinator.h:126] commit: 12525 abort: 103475 (0/103475/0), network size: 0, avg network size: 0, si_in_serializable: 0 0 %, local: 0 %
I0313 17:51:51.649538 1706687 Coordinator.h:126] commit: 12534 abort: 103466 (0/103466/0), network size: 0, avg network size: 0, si_in_serializable: 0 0 %, local: 0 %
I0313 17:51:52.649664 1706687 Coordinator.h:126] commit: 12477 abort: 103523 (0/103523/0), network size: 0, avg network size: 0, si_in_serializable: 0 0 %, local: 0 %
I0313 17:51:53.649791 1706687 Coordinator.h:126] commit: 12348 abort: 103652 (0/103652/0), network size: 0, avg network size: 0, si_in_serializable: 0 0 %, local: 0 %
I0313 17:51:54.649914 1706687 Coordinator.h:126] commit: 12634 abort: 103366 (0/103366/0), network size: 0, avg network size: 0, si_in_serializable: 0 0 %, local: 0 %
I0313 17:51:55.650041 1706687 Coordinator.h:126] commit: 12459 abort: 103541 (0/103541/0), network size: 0, avg network size: 0, si_in_serializable: 0 0 %, local: 0 %
I0313 17:51:56.650168 1706687 Coordinator.h:126] commit: 12350 abort: 103650 (0/103650/0), network size: 0, avg network size: 0, si_in_serializable: 0 0 %, local: 0 %
I0313 17:51:57.650297 1706687 Coordinator.h:126] commit: 12327 abort: 103673 (0/103673/0), network size: 0, avg network size: 0, si_in_serializable: 0 0 %, local: 0 %
I0313 17:51:58.650421 1706687 Coordinator.h:126] commit: 12398 abort: 103602 (0/103602/0), network size: 0, avg network size: 0, si_in_serializable: 0 0 %, local: 0 %
I0313 17:51:59.650578 1706687 Coordinator.h:126] commit: 12446 abort: 103554 (0/103554/0), network size: 0, avg network size: 0, si_in_serializable: 0 0 %, local: 0 %
I0313 17:52:00.650712 1706687 Coordinator.h:126] commit: 12755 abort: 107245 (0/107245/0), network size: 0, avg network size: 0, si_in_serializable: 0 0 %, local: 0 %
I0313 17:52:01.650835 1706687 Coordinator.h:126] commit: 12465 abort: 103535 (0/103535/0), network size: 0, avg network size: 0, si_in_serializable: 0 0 %, local: 0 %
I0313 17:52:02.650959 1706687 Coordinator.h:126] commit: 12518 abort: 103482 (0/103482/0), network size: 0, avg network size: 0, si_in_serializable: 0 0 %, local: 0 %
I0313 17:52:03.651088 1706687 Coordinator.h:126] commit: 12456 abort: 103544 (0/103544/0), network size: 0, avg network size: 0, si_in_serializable: 0 0 %, local: 0 %
I0313 17:52:04.651218 1706687 Coordinator.h:126] commit: 12614 abort: 103386 (0/103386/0), network size: 0, avg network size: 0, si_in_serializable: 0 0 %, local: 0 %
I0313 17:52:05.651348 1706687 Coordinator.h:126] commit: 12521 abort: 103479 (0/103479/0), network size: 0, avg network size: 0, si_in_serializable: 0 0 %, local: 0 %
I0313 17:52:06.651475 1706687 Coordinator.h:126] commit: 12261 abort: 103739 (0/103739/0), network size: 0, avg network size: 0, si_in_serializable: 0 0 %, local: 0 %
I0313 17:52:07.651603 1706687 Coordinator.h:126] commit: 12541 abort: 103613 (0/103613/0), network size: 0, avg network size: 0, si_in_serializable: 0 0 %, local: 0 %
I0313 17:52:07.651645 1706687 Coordinator.h:152] average commit: 12470 abort: 103930 (0/103930/0), network size: 0, avg network size: 0, si_in_serializable: 0 0 %, local: 0 %
I0313 17:52:07.651832 1706715 Manager.h:227] Manager(worker id = 12) on the coordinator node exits.
I0313 17:52:07.651840 1706711 AriaExecutor.h:106] AriaExecutor 8 exits. 
I0313 17:52:07.651836 1706713 AriaExecutor.h:106] AriaExecutor 10 exits. 
I0313 17:52:07.651836 1706703 AriaExecutor.h:106] AriaExecutor 0 exits. 
I0313 17:52:07.651839 1706709 AriaExecutor.h:106] AriaExecutor 6 exits. 
I0313 17:52:07.651837 1706707 AriaExecutor.h:106] AriaExecutor 4 exits. 
I0313 17:52:07.651836 1706705 AriaExecutor.h:106] AriaExecutor 2 exits. 
I0313 17:52:07.651840 1706714 AriaExecutor.h:106] AriaExecutor 11 exits. 
I0313 17:52:07.651836 1706706 AriaExecutor.h:106] AriaExecutor 3 exits. 
I0313 17:52:07.651837 1706712 AriaExecutor.h:106] AriaExecutor 9 exits. 
I0313 17:52:07.651835 1706704 AriaExecutor.h:106] AriaExecutor 1 exits. 
I0313 17:52:07.651839 1706710 AriaExecutor.h:106] AriaExecutor 7 exits. 
I0313 17:52:07.651839 1706708 AriaExecutor.h:106] AriaExecutor 5 exits. 
I0313 17:52:07.651657 1706687 AriaExecutor.h:646] Worker 0 latency: 32817 us (50%) 33551 us (75%) 34006 us (95%) 34565 us (99%).
I0313 17:52:07.653214 1706687 AriaExecutor.h:646] Worker 1 latency: 32815 us (50%) 33547 us (75%) 33998 us (95%) 34548 us (99%).
I0313 17:52:07.654654 1706687 AriaExecutor.h:646] Worker 2 latency: 32807 us (50%) 33548 us (75%) 33999 us (95%) 34508 us (99%).
I0313 17:52:07.656037 1706687 AriaExecutor.h:646] Worker 3 latency: 32805 us (50%) 33547 us (75%) 34001 us (95%) 34484 us (99%).
I0313 17:52:07.657474 1706687 AriaExecutor.h:646] Worker 4 latency: 32808 us (50%) 33547 us (75%) 34000 us (95%) 34506 us (99%).
I0313 17:52:07.658867 1706687 AriaExecutor.h:646] Worker 5 latency: 32815 us (50%) 33550 us (75%) 34002 us (95%) 34534 us (99%).
I0313 17:52:07.660274 1706687 AriaExecutor.h:646] Worker 6 latency: 32814 us (50%) 33545 us (75%) 33997 us (95%) 34499 us (99%).
I0313 17:52:07.661684 1706687 AriaExecutor.h:646] Worker 7 latency: 32815 us (50%) 33548 us (75%) 34001 us (95%) 34538 us (99%).
I0313 17:52:07.663065 1706687 AriaExecutor.h:646] Worker 8 latency: 32817 us (50%) 33550 us (75%) 33998 us (95%) 34517 us (99%).
I0313 17:52:07.664450 1706687 AriaExecutor.h:646] Worker 9 latency: 32809 us (50%) 33548 us (75%) 33999 us (95%) 34501 us (99%).
I0313 17:52:07.665819 1706687 AriaExecutor.h:646] Worker 10 latency: 32805 us (50%) 33549 us (75%) 33997 us (95%) 34495 us (99%).
I0313 17:52:07.667199 1706687 AriaExecutor.h:646] Worker 11 latency: 32798 us (50%) 33545 us (75%) 34002 us (95%) 34532 us (99%).
I0313 17:52:07.668609 1706687 Coordinator.h:177] total commit: 12470
I0313 17:52:08.668802 1706687 Coordinator.h:192] Coordinator exits.
