I0313 18:04:58.595877 1715687 Database.h:65] ycsb initialization finished in 99 milliseconds.
I0313 18:04:58.596113 1715687 Coordinator.h:30] Coordinator initializes 12 workers.
I0313 18:04:58.705188 1715687 Coordinator.h:77] Coordinator starts to run 13 workers.
I0313 18:04:58.705277 1715704 AriaExecutor.h:94] AriaExecutor 0 started. 
I0313 18:04:58.705308 1715705 AriaExecutor.h:94] AriaExecutor 1 started. 
I0313 18:04:58.705426 1715706 AriaExecutor.h:94] AriaExecutor 2 started. 
I0313 18:04:58.705525 1715707 AriaExecutor.h:94] AriaExecutor 3 started. 
I0313 18:04:58.705631 1715708 AriaExecutor.h:94] AriaExecutor 4 started. 
I0313 18:04:58.705703 1715709 AriaExecutor.h:94] AriaExecutor 5 started. 
I0313 18:04:58.705808 1715710 AriaExecutor.h:94] AriaExecutor 6 started. 
I0313 18:04:58.705930 1715711 AriaExecutor.h:94] AriaExecutor 7 started. 
I0313 18:04:58.706051 1715712 AriaExecutor.h:94] AriaExecutor 8 started. 
I0313 18:04:58.706159 1715713 AriaExecutor.h:94] AriaExecutor 9 started. 
I0313 18:04:58.706269 1715714 AriaExecutor.h:94] AriaExecutor 10 started. 
I0313 18:04:58.706368 1715715 AriaExecutor.h:94] AriaExecutor 11 started. 
I0313 18:04:58.706465 1715716 Manager.h:224] Manager(worker id = 12) on the coordinator node started.
I0313 18:04:59.706519 1715687 Coordinator.h:126] commit: 231498 abort: 284502 (0/284502/0), network size: 0, avg network size: 0, si_in_serializable: 0 0 %, local: 0 %
I0313 18:05:00.706668 1715687 Coordinator.h:126] commit: 233456 abort: 286544 (0/286544/0), network size: 0, avg network size: 0, si_in_serializable: 0 0 %, local: 0 %
I0313 18:05:01.706828 1715687 Coordinator.h:126] commit: 236486 abort: 291514 (0/291514/0), network size: 0, avg network size: 0, si_in_serializable: 0 0 %, local: 0 %
I0313 18:05:02.706962 1715687 Coordinator.h:126] commit: 236244 abort: 291756 (0/291756/0), network size: 0, avg network size: 0, si_in_serializable: 0 0 %, local: 0 %
I0313 18:05:03.707082 1715687 Coordinator.h:126] commit: 236912 abort: 291088 (0/291088/0), network size: 0, avg network size: 0, si_in_serializable: 0 0 %, local: 0 %
I0313 18:05:04.707203 1715687 Coordinator.h:126] commit: 234848 abort: 289152 (0/289152/0), network size: 0, avg network size: 0, si_in_serializable: 0 0 %, local: 0 %
I0313 18:05:05.707327 1715687 Coordinator.h:126] commit: 234916 abort: 289084 (0/289084/0), network size: 0, avg network size: 0, si_in_serializable: 0 0 %, local: 0 %
I0313 18:05:06.707492 1715687 Coordinator.h:126] commit: 236207 abort: 291793 (0/291793/0), network size: 0, avg network size: 0, si_in_serializable: 0 0 %, local: 0 %
I0313 18:05:07.707623 1715687 Coordinator.h:126] commit: 236349 abort: 291651 (0/291651/0), network size: 0, avg network size: 0, si_in_serializable: 0 0 %, local: 0 %
I0313 18:05:08.707742 1715687 Coordinator.h:126] commit: 236820 abort: 291180 (0/291180/0), network size: 0, avg network size: 0, si_in_serializable: 0 0 %, local: 0 %
I0313 18:05:09.707865 1715687 Coordinator.h:126] commit: 236977 abort: 291023 (0/291023/0), network size: 0, avg network size: 0, si_in_serializable: 0 0 %, local: 0 %
I0313 18:05:10.707988 1715687 Coordinator.h:126] commit: 235317 abort: 288683 (0/288683/0), network size: 0, avg network size: 0, si_in_serializable: 0 0 %, local: 0 %
I0313 18:05:11.708109 1715687 Coordinator.h:126] commit: 237004 abort: 290996 (0/290996/0), network size: 0, avg network size: 0, si_in_serializable: 0 0 %, local: 0 %
I0313 18:05:12.708287 1715687 Coordinator.h:126] commit: 230945 abort: 285055 (0/285055/0), network size: 0, avg network size: 0, si_in_serializable: 0 0 %, local: 0 %
I0313 18:05:13.708417 1715687 Coordinator.h:126] commit: 234598 abort: 289402 (0/289402/0), network size: 0, avg network size: 0, si_in_serializable: 0 0 %, local: 0 %
I0313 18:05:14.708539 1715687 Coordinator.h:126] commit: 236226 abort: 291774 (0/291774/0), network size: 0, avg network size: 0, si_in_serializable: 0 0 %, local: 0 %
I0313 18:05:15.708660 1715687 Coordinator.h:126] commit: 236962 abort: 291038 (0/291038/0), network size: 0, avg network size: 0, si_in_serializable: 0 0 %, local: 0 %
I0313 18:05:16.708786 1715687 Coordinator.h:126] commit: 236819 abort: 291181 (0/291181/0), network size: 0, avg network size: 0, si_in_serializable: 0 0 %, local: 0 %
I0313 18:05:17.708909 1715687 Coordinator.h:126] commit: 236768 abort: 291232 (0/291232/0), network size: 0, avg network size: 0, si_in_serializable: 0 0 %, local: 0 %
I0313 18:05:18.709028 1715687 Coordinator.h:126] commit: 237039 abort: 290961 (0/290961/0), network size: 0, avg network size: 0, si_in_serializable: 0 0 %, local: 0 %
I0313 18:05:19.709151 1715687 Coordinator.h:126] commit: 237061 abort: 290939 (0/290939/0), network size: 0, avg network size: 0, si_in_serializable: 0 0 %, local: 0 %
I0313 18:05:20.709271 1715687 Coordinator.h:126] commit: 236890 abort: 291110 (0/291110/0), network size: 0, avg network size: 0, si_in_serializable: 0 0 %, local: 0 %
I0313 18:05:21.709395 1715687 Coordinator.h:126] commit: 236552 abort: 291448 (0/291448/0), network size: 0, avg network size: 0, si_in_serializable: 0 0 %, local: 0 %
I0313 18:05:22.709550 1715687 Coordinator.h:126] commit: 236972 abort: 291028 (0/291028/0), network size: 0, avg network size: 0, si_in_serializable: 0 0 %, local: 0 %
I0313 18:05:23.709681 1715687 Coordinator.h:126] commit: 236746 abort: 291254 (0/291254/0), network size: 0, avg network size: 0, si_in_serializable: 0 0 %, local: 0 %
I0313 18:05:23.709719 1715687 Coordinator.h:152] average commit: 235866 abort: 290134 (0/290134/0), network size: 0, avg network size: 0, si_in_serializable: 0 0 %, local: 0 %
I0313 18:05:23.715850 1715716 Manager.h:227] Manager(worker id = 12) on the coordinator node exits.
I0313 18:05:23.715853 1715709 AriaExecutor.h:106] AriaExecutor 5 exits. 
I0313 18:05:23.715854 1715708 AriaExecutor.h:106] AriaExecutor 4 exits. 
I0313 18:05:23.715852 1715707 AriaExecutor.h:106] AriaExecutor 3 exits. 
I0313 18:05:23.715854 1715710 AriaExecutor.h:106] AriaExecutor 6 exits. 
I0313 18:05:23.715854 1715704 AriaExecutor.h:106] AriaExecutor 0 exits. 
I0313 18:05:23.715854 1715715 AriaExecutor.h:106] AriaExecutor 11 exits. 
I0313 18:05:23.715855 1715706 AriaExecutor.h:106] AriaExecutor 2 exits. 
I0313 18:05:23.715855 1715714 AriaExecutor.h:106] AriaExecutor 10 exits. 
I0313 18:05:23.715855 1715705 AriaExecutor.h:106] AriaExecutor 1 exits. 
I0313 18:05:23.715855 1715713 AriaExecutor.h:106] AriaExecutor 9 exits. 
I0313 18:05:23.715855 1715711 AriaExecutor.h:106] AriaExecutor 7 exits. 
I0313 18:05:23.715855 1715712 AriaExecutor.h:106] AriaExecutor 8 exits. 
I0313 18:05:23.709733 1715687 AriaExecutor.h:646] Worker 0 latency: 4873 us (50%) 6354 us (75%) 7336 us (95%) 7486 us (99%).
I0313 18:05:23.736413 1715687 AriaExecutor.h:646] Worker 1 latency: 4887 us (50%) 6359 us (75%) 7336 us (95%) 7486 us (99%).
I0313 18:05:23.761027 1715687 AriaExecutor.h:646] Worker 2 latency: 4874 us (50%) 6352 us (75%) 7334 us (95%) 7484 us (99%).
I0313 18:05:23.785523 1715687 AriaExecutor.h:646] Worker 3 latency: 4879 us (50%) 6353 us (75%) 7333 us (95%) 7484 us (99%).
I0313 18:05:23.809973 1715687 AriaExecutor.h:646] Worker 4 latency: 4879 us (50%) 6352 us (75%) 7334 us (95%) 7484 us (99%).
I0313 18:05:23.834890 1715687 AriaExecutor.h:646] Worker 5 latency: 4872 us (50%) 6349 us (75%) 7331 us (95%) 7483 us (99%).
I0313 18:05:23.859671 1715687 AriaExecutor.h:646] Worker 6 latency: 4873 us (50%) 6344 us (75%) 7331 us (95%) 7483 us (99%).
I0313 18:05:23.884065 1715687 AriaExecutor.h:646] Worker 7 latency: 4878 us (50%) 6351 us (75%) 7330 us (95%) 7483 us (99%).
I0313 18:05:23.908612 1715687 AriaExecutor.h:646] Worker 8 latency: 4880 us (50%) 6351 us (75%) 7331 us (95%) 7483 us (99%).
I0313 18:05:23.933012 1715687 AriaExecutor.h:646] Worker 9 latency: 4871 us (50%) 6348 us (75%) 7329 us (95%) 7483 us (99%).
I0313 18:05:23.957499 1715687 AriaExecutor.h:646] Worker 10 latency: 4878 us (50%) 6351 us (75%) 7329 us (95%) 7482 us (99%).
I0313 18:05:23.982241 1715687 AriaExecutor.h:646] Worker 11 latency: 4861 us (50%) 6342 us (75%) 7326 us (95%) 7481 us (99%).
I0313 18:05:24.006848 1715687 Coordinator.h:177] total commit: 235866
I0313 18:05:25.007040 1715687 Coordinator.h:192] Coordinator exits.
