I0313 18:03:12.831434 1714775 Database.h:65] ycsb initialization finished in 100 milliseconds.
I0313 18:03:12.831653 1714775 Coordinator.h:30] Coordinator initializes 12 workers.
I0313 18:03:12.938530 1714775 Coordinator.h:77] Coordinator starts to run 13 workers.
I0313 18:03:12.938618 1714794 AriaExecutor.h:94] AriaExecutor 0 started. 
I0313 18:03:12.938653 1714795 AriaExecutor.h:94] AriaExecutor 1 started. 
I0313 18:03:12.938766 1714796 AriaExecutor.h:94] AriaExecutor 2 started. 
I0313 18:03:12.938885 1714797 AriaExecutor.h:94] AriaExecutor 3 started. 
I0313 18:03:12.938948 1714798 AriaExecutor.h:94] AriaExecutor 4 started. 
I0313 18:03:12.939065 1714799 AriaExecutor.h:94] AriaExecutor 5 started. 
I0313 18:03:12.939180 1714800 AriaExecutor.h:94] AriaExecutor 6 started. 
I0313 18:03:12.939296 1714801 AriaExecutor.h:94] AriaExecutor 7 started. 
I0313 18:03:12.939417 1714802 AriaExecutor.h:94] AriaExecutor 8 started. 
I0313 18:03:12.939538 1714803 AriaExecutor.h:94] AriaExecutor 9 started. 
I0313 18:03:12.939654 1714804 AriaExecutor.h:94] AriaExecutor 10 started. 
I0313 18:03:12.939771 1714805 AriaExecutor.h:94] AriaExecutor 11 started. 
I0313 18:03:12.939885 1714806 Manager.h:224] Manager(worker id = 12) on the coordinator node started.
I0313 18:03:13.939939 1714775 Coordinator.h:126] commit: 103912 abort: 304088 (0/304088/0), network size: 0, avg network size: 0, si_in_serializable: 0 0 %, local: 0 %
I0313 18:03:14.940079 1714775 Coordinator.h:126] commit: 107564 abort: 312436 (0/312436/0), network size: 0, avg network size: 0, si_in_serializable: 0 0 %, local: 0 %
I0313 18:03:15.940290 1714775 Coordinator.h:126] commit: 108496 abort: 315504 (0/315504/0), network size: 0, avg network size: 0, si_in_serializable: 0 0 %, local: 0 %
I0313 18:03:16.940424 1714775 Coordinator.h:126] commit: 108517 abort: 315483 (0/315483/0), network size: 0, avg network size: 0, si_in_serializable: 0 0 %, local: 0 %
I0313 18:03:17.940548 1714775 Coordinator.h:126] commit: 108448 abort: 315552 (0/315552/0), network size: 0, avg network size: 0, si_in_serializable: 0 0 %, local: 0 %
I0313 18:03:18.940673 1714775 Coordinator.h:126] commit: 108110 abort: 315890 (0/315890/0), network size: 0, avg network size: 0, si_in_serializable: 0 0 %, local: 0 %
I0313 18:03:19.940797 1714775 Coordinator.h:126] commit: 108596 abort: 315404 (0/315404/0), network size: 0, avg network size: 0, si_in_serializable: 0 0 %, local: 0 %
I0313 18:03:20.940955 1714775 Coordinator.h:126] commit: 108695 abort: 315305 (0/315305/0), network size: 0, avg network size: 0, si_in_serializable: 0 0 %, local: 0 %
I0313 18:03:21.941088 1714775 Coordinator.h:126] commit: 108310 abort: 315690 (0/315690/0), network size: 0, avg network size: 0, si_in_serializable: 0 0 %, local: 0 %
I0313 18:03:22.941213 1714775 Coordinator.h:126] commit: 108280 abort: 315720 (0/315720/0), network size: 0, avg network size: 0, si_in_serializable: 0 0 %, local: 0 %
I0313 18:03:23.941340 1714775 Coordinator.h:126] commit: 108414 abort: 315586 (0/315586/0), network size: 0, avg network size: 0, si_in_serializable: 0 0 %, local: 0 %
I0313 18:03:24.941464 1714775 Coordinator.h:126] commit: 108853 abort: 315147 (0/315147/0), network size: 0, avg network size: 0, si_in_serializable: 0 0 %, local: 0 %
I0313 18:03:25.941591 1714775 Coordinator.h:126] commit: 108249 abort: 315751 (0/315751/0), network size: 0, avg network size: 0, si_in_serializable: 0 0 %, local: 0 %
I0313 18:03:26.941717 1714775 Coordinator.h:126] commit: 108544 abort: 315456 (0/315456/0), network size: 0, avg network size: 0, si_in_serializable: 0 0 %, local: 0 %
I0313 18:03:27.941840 1714775 Coordinator.h:126] commit: 107270 abort: 312730 (0/312730/0), network size: 0, avg network size: 0, si_in_serializable: 0 0 %, local: 0 %
I0313 18:03:28.941998 1714775 Coordinator.h:126] commit: 108493 abort: 315507 (0/315507/0), network size: 0, avg network size: 0, si_in_serializable: 0 0 %, local: 0 %
I0313 18:03:29.942132 1714775 Coordinator.h:126] commit: 108460 abort: 315540 (0/315540/0), network size: 0, avg network size: 0, si_in_serializable: 0 0 %, local: 0 %
I0313 18:03:30.942257 1714775 Coordinator.h:126] commit: 108090 abort: 315910 (0/315910/0), network size: 0, avg network size: 0, si_in_serializable: 0 0 %, local: 0 %
I0313 18:03:31.942384 1714775 Coordinator.h:126] commit: 109381 abort: 318619 (0/318619/0), network size: 0, avg network size: 0, si_in_serializable: 0 0 %, local: 0 %
I0313 18:03:32.942507 1714775 Coordinator.h:126] commit: 108618 abort: 315382 (0/315382/0), network size: 0, avg network size: 0, si_in_serializable: 0 0 %, local: 0 %
I0313 18:03:33.942631 1714775 Coordinator.h:126] commit: 108112 abort: 315888 (0/315888/0), network size: 0, avg network size: 0, si_in_serializable: 0 0 %, local: 0 %
I0313 18:03:34.942757 1714775 Coordinator.h:126] commit: 108154 abort: 315792 (0/315792/0), network size: 0, avg network size: 0, si_in_serializable: 0 0 %, local: 0 %
I0313 18:03:35.942883 1714775 Coordinator.h:126] commit: 108228 abort: 315825 (0/315825/0), network size: 0, avg network size: 0, si_in_serializable: 0 0 %, local: 0 %
I0313 18:03:36.943003 1714775 Coordinator.h:126] commit: 108850 abort: 315150 (0/315150/0), network size: 0, avg network size: 0, si_in_serializable: 0 0 %, local: 0 %
I0313 18:03:37.943127 1714775 Coordinator.h:126] commit: 108257 abort: 315743 (0/315743/0), network size: 0, avg network size: 0, si_in_serializable: 0 0 %, local: 0 %
I0313 18:03:37.943171 1714775 Coordinator.h:152] average commit: 108437 abort: 315563 (0/315563/0), network size: 0, avg network size: 0, si_in_serializable: 0 0 %, local: 0 %
I0313 18:03:37.947657 1714802 AriaExecutor.h:106] AriaExecutor 8 exits. 
I0313 18:03:37.947659 1714798 AriaExecutor.h:106] AriaExecutor 4 exits. 
I0313 18:03:37.947659 1714799 AriaExecutor.h:106] AriaExecutor 5 exits. 
I0313 18:03:37.947659 1714800 AriaExecutor.h:106] AriaExecutor 6 exits. 
I0313 18:03:37.947659 1714801 AriaExecutor.h:106] AriaExecutor 7 exits. 
I0313 18:03:37.947659 1714795 AriaExecutor.h:106] AriaExecutor 1 exits. 
I0313 18:03:37.947659 1714806 Manager.h:227] Manager(worker id = 12) on the coordinator node exits.
I0313 18:03:37.947659 1714804 AriaExecutor.h:106] AriaExecutor 10 exits. 
I0313 18:03:37.947659 1714803 AriaExecutor.h:106] AriaExecutor 9 exits. 
I0313 18:03:37.947659 1714805 AriaExecutor.h:106] AriaExecutor 11 exits. 
I0313 18:03:37.947659 1714794 AriaExecutor.h:106] AriaExecutor 0 exits. 
I0313 18:03:37.947659 1714796 AriaExecutor.h:106] AriaExecutor 2 exits. 
I0313 18:03:37.947659 1714797 AriaExecutor.h:106] AriaExecutor 3 exits. 
I0313 18:03:37.943187 1714775 AriaExecutor.h:646] Worker 0 latency: 7327 us (50%) 8578 us (75%) 9219 us (95%) 9319 us (99%).
I0313 18:03:37.956004 1714775 AriaExecutor.h:646] Worker 1 latency: 7334 us (50%) 8583 us (75%) 9219 us (95%) 9319 us (99%).
I0313 18:03:37.967983 1714775 AriaExecutor.h:646] Worker 2 latency: 7316 us (50%) 8571 us (75%) 9216 us (95%) 9317 us (99%).
I0313 18:03:37.980125 1714775 AriaExecutor.h:646] Worker 3 latency: 7326 us (50%) 8573 us (75%) 9216 us (95%) 9316 us (99%).
I0313 18:03:37.992158 1714775 AriaExecutor.h:646] Worker 4 latency: 7333 us (50%) 8575 us (75%) 9215 us (95%) 9316 us (99%).
I0313 18:03:38.004087 1714775 AriaExecutor.h:646] Worker 5 latency: 7324 us (50%) 8574 us (75%) 9215 us (95%) 9317 us (99%).
I0313 18:03:38.016232 1714775 AriaExecutor.h:646] Worker 6 latency: 7323 us (50%) 8569 us (75%) 9214 us (95%) 9316 us (99%).
I0313 18:03:38.028277 1714775 AriaExecutor.h:646] Worker 7 latency: 7328 us (50%) 8572 us (75%) 9214 us (95%) 9315 us (99%).
I0313 18:03:38.040292 1714775 AriaExecutor.h:646] Worker 8 latency: 7324 us (50%) 8567 us (75%) 9213 us (95%) 9316 us (99%).
I0313 18:03:38.052286 1714775 AriaExecutor.h:646] Worker 9 latency: 7316 us (50%) 8566 us (75%) 9212 us (95%) 9315 us (99%).
I0313 18:03:38.064064 1714775 AriaExecutor.h:646] Worker 10 latency: 7314 us (50%) 8564 us (75%) 9212 us (95%) 9314 us (99%).
I0313 18:03:38.075994 1714775 AriaExecutor.h:646] Worker 11 latency: 7301 us (50%) 8556 us (75%) 9211 us (95%) 9315 us (99%).
I0313 18:03:38.088027 1714775 Coordinator.h:177] total commit: 108437
I0313 18:03:39.088231 1714775 Coordinator.h:192] Coordinator exits.
