I0313 17:45:29.770993 1703257 Database.h:65] ycsb initialization finished in 101 milliseconds.
I0313 17:45:29.771219 1703257 Coordinator.h:30] Coordinator initializes 12 workers.
I0313 17:45:29.891634 1703257 Coordinator.h:77] Coordinator starts to run 13 workers.
I0313 17:45:29.891736 1703276 AriaExecutor.h:94] AriaExecutor 0 started. 
I0313 17:45:29.891805 1703277 AriaExecutor.h:94] AriaExecutor 1 started. 
I0313 17:45:29.891892 1703278 AriaExecutor.h:94] AriaExecutor 2 started. 
I0313 17:45:29.891994 1703279 AriaExecutor.h:94] AriaExecutor 3 started. 
I0313 17:45:29.892069 1703280 AriaExecutor.h:94] AriaExecutor 4 started. 
I0313 17:45:29.892148 1703281 AriaExecutor.h:94] AriaExecutor 5 started. 
I0313 17:45:29.892262 1703282 AriaExecutor.h:94] AriaExecutor 6 started. 
I0313 17:45:29.892382 1703283 AriaExecutor.h:94] AriaExecutor 7 started. 
I0313 17:45:29.892478 1703284 AriaExecutor.h:94] AriaExecutor 8 started. 
I0313 17:45:29.892580 1703285 AriaExecutor.h:94] AriaExecutor 9 started. 
I0313 17:45:29.892695 1703286 AriaExecutor.h:94] AriaExecutor 10 started. 
I0313 17:45:29.892802 1703287 AriaExecutor.h:94] AriaExecutor 11 started. 
I0313 17:45:29.892913 1703288 Manager.h:224] Manager(worker id = 12) on the coordinator node started.
I0313 17:45:30.892966 1703257 Coordinator.h:126] commit: 46736 abort: 345264 (0/345264/0), network size: 0, avg network size: 0, si_in_serializable: 0 0 %, local: 0 %
I0313 17:45:31.893117 1703257 Coordinator.h:126] commit: 48098 abort: 355902 (0/355902/0), network size: 0, avg network size: 0, si_in_serializable: 0 0 %, local: 0 %
I0313 17:45:32.893350 1703257 Coordinator.h:126] commit: 49891 abort: 370109 (0/370109/0), network size: 0, avg network size: 0, si_in_serializable: 0 0 %, local: 0 %
I0313 17:45:33.893513 1703257 Coordinator.h:126] commit: 49775 abort: 370225 (0/370225/0), network size: 0, avg network size: 0, si_in_serializable: 0 0 %, local: 0 %
I0313 17:45:34.893647 1703257 Coordinator.h:126] commit: 50375 abort: 373625 (0/373625/0), network size: 0, avg network size: 0, si_in_serializable: 0 0 %, local: 0 %
I0313 17:45:35.893777 1703257 Coordinator.h:126] commit: 49298 abort: 366702 (0/366702/0), network size: 0, avg network size: 0, si_in_serializable: 0 0 %, local: 0 %
I0313 17:45:36.893899 1703257 Coordinator.h:126] commit: 49642 abort: 370358 (0/370358/0), network size: 0, avg network size: 0, si_in_serializable: 0 0 %, local: 0 %
I0313 17:45:37.894065 1703257 Coordinator.h:126] commit: 49766 abort: 370234 (0/370234/0), network size: 0, avg network size: 0, si_in_serializable: 0 0 %, local: 0 %
I0313 17:45:38.894212 1703257 Coordinator.h:126] commit: 50244 abort: 369756 (0/369756/0), network size: 0, avg network size: 0, si_in_serializable: 0 0 %, local: 0 %
I0313 17:45:39.894346 1703257 Coordinator.h:126] commit: 50410 abort: 373590 (0/373590/0), network size: 0, avg network size: 0, si_in_serializable: 0 0 %, local: 0 %
I0313 17:45:40.894479 1703257 Coordinator.h:126] commit: 49575 abort: 370425 (0/370425/0), network size: 0, avg network size: 0, si_in_serializable: 0 0 %, local: 0 %
I0313 17:45:41.894613 1703257 Coordinator.h:126] commit: 50182 abort: 373818 (0/373818/0), network size: 0, avg network size: 0, si_in_serializable: 0 0 %, local: 0 %
I0313 17:45:42.894744 1703257 Coordinator.h:126] commit: 49403 abort: 370597 (0/370597/0), network size: 0, avg network size: 0, si_in_serializable: 0 0 %, local: 0 %
I0313 17:45:43.894881 1703257 Coordinator.h:126] commit: 49866 abort: 370134 (0/370134/0), network size: 0, avg network size: 0, si_in_serializable: 0 0 %, local: 0 %
I0313 17:45:44.895052 1703257 Coordinator.h:126] commit: 50094 abort: 369906 (0/369906/0), network size: 0, avg network size: 0, si_in_serializable: 0 0 %, local: 0 %
I0313 17:45:45.895190 1703257 Coordinator.h:126] commit: 49984 abort: 370016 (0/370016/0), network size: 0, avg network size: 0, si_in_serializable: 0 0 %, local: 0 %
I0313 17:45:46.895325 1703257 Coordinator.h:126] commit: 50189 abort: 369811 (0/369811/0), network size: 0, avg network size: 0, si_in_serializable: 0 0 %, local: 0 %
I0313 17:45:47.895453 1703257 Coordinator.h:126] commit: 50513 abort: 373487 (0/373487/0), network size: 0, avg network size: 0, si_in_serializable: 0 0 %, local: 0 %
I0313 17:45:48.895583 1703257 Coordinator.h:126] commit: 50189 abort: 369811 (0/369811/0), network size: 0, avg network size: 0, si_in_serializable: 0 0 %, local: 0 %
I0313 17:45:49.895716 1703257 Coordinator.h:126] commit: 50192 abort: 369808 (0/369808/0), network size: 0, avg network size: 0, si_in_serializable: 0 0 %, local: 0 %
I0313 17:45:50.895845 1703257 Coordinator.h:126] commit: 50380 abort: 373620 (0/373620/0), network size: 0, avg network size: 0, si_in_serializable: 0 0 %, local: 0 %
I0313 17:45:51.895973 1703257 Coordinator.h:126] commit: 50033 abort: 369967 (0/369967/0), network size: 0, avg network size: 0, si_in_serializable: 0 0 %, local: 0 %
I0313 17:45:52.896101 1703257 Coordinator.h:126] commit: 50756 abort: 373244 (0/373244/0), network size: 0, avg network size: 0, si_in_serializable: 0 0 %, local: 0 %
I0313 17:45:53.896235 1703257 Coordinator.h:126] commit: 49930 abort: 370070 (0/370070/0), network size: 0, avg network size: 0, si_in_serializable: 0 0 %, local: 0 %
I0313 17:45:54.896376 1703257 Coordinator.h:126] commit: 50196 abort: 373804 (0/373804/0), network size: 0, avg network size: 0, si_in_serializable: 0 0 %, local: 0 %
I0313 17:45:54.896421 1703257 Coordinator.h:152] average commit: 50018.7 abort: 370781 (0/370781/0), network size: 0, avg network size: 0, si_in_serializable: 0 0 %, local: 0 %
I0313 17:45:54.896437 1703257 AriaExecutor.h:625] Worker 0 latency: 7596 us (50%) 8860 us (75%) 9391 us (95%) 9656 us (99%).
I0313 17:45:54.903141 1703279 AriaExecutor.h:106] AriaExecutor 3 exits. 
I0313 17:45:54.903146 1703288 Manager.h:227] Manager(worker id = 12) on the coordinator node exits.
I0313 17:45:54.903160 1703276 AriaExecutor.h:106] AriaExecutor 0 exits. 
I0313 17:45:54.903142 1703285 AriaExecutor.h:106] AriaExecutor 9 exits. 
I0313 17:45:54.903142 1703287 AriaExecutor.h:106] AriaExecutor 11 exits. 
I0313 17:45:54.903141 1703280 AriaExecutor.h:106] AriaExecutor 4 exits. 
I0313 17:45:54.903141 1703278 AriaExecutor.h:106] AriaExecutor 2 exits. 
I0313 17:45:54.903141 1703283 AriaExecutor.h:106] AriaExecutor 7 exits. 
I0313 17:45:54.903142 1703284 AriaExecutor.h:106] AriaExecutor 8 exits. 
I0313 17:45:54.903142 1703286 AriaExecutor.h:106] AriaExecutor 10 exits. 
I0313 17:45:54.903154 1703277 AriaExecutor.h:106] AriaExecutor 1 exits. 
I0313 17:45:54.903141 1703281 AriaExecutor.h:106] AriaExecutor 5 exits. 
I0313 17:45:54.903141 1703282 AriaExecutor.h:106] AriaExecutor 6 exits. 
I0313 17:45:54.903431 1703257 AriaExecutor.h:625] Worker 1 latency: 7587 us (50%) 8842 us (75%) 9388 us (95%) 9642 us (99%).
I0313 17:45:54.909152 1703257 AriaExecutor.h:625] Worker 2 latency: 7576 us (50%) 8834 us (75%) 9385 us (95%) 9619 us (99%).
I0313 17:45:54.914760 1703257 AriaExecutor.h:625] Worker 3 latency: 7588 us (50%) 8836 us (75%) 9387 us (95%) 9638 us (99%).
I0313 17:45:54.920377 1703257 AriaExecutor.h:625] Worker 4 latency: 7576 us (50%) 8840 us (75%) 9385 us (95%) 9638 us (99%).
I0313 17:45:54.925971 1703257 AriaExecutor.h:625] Worker 5 latency: 7567 us (50%) 8828 us (75%) 9382 us (95%) 9637 us (99%).
I0313 17:45:54.931579 1703257 AriaExecutor.h:625] Worker 6 latency: 7567 us (50%) 8825 us (75%) 9382 us (95%) 9635 us (99%).
I0313 17:45:54.937229 1703257 AriaExecutor.h:625] Worker 7 latency: 7562 us (50%) 8818 us (75%) 9380 us (95%) 9627 us (99%).
I0313 17:45:54.942827 1703257 AriaExecutor.h:625] Worker 8 latency: 7553 us (50%) 8810 us (75%) 9378 us (95%) 9627 us (99%).
I0313 17:45:54.948457 1703257 AriaExecutor.h:625] Worker 9 latency: 7539 us (50%) 8810 us (75%) 9377 us (95%) 9614 us (99%).
I0313 17:45:54.954039 1703257 AriaExecutor.h:625] Worker 10 latency: 7529 us (50%) 8801 us (75%) 9375 us (95%) 9628 us (99%).
I0313 17:45:54.959658 1703257 AriaExecutor.h:625] Worker 11 latency: 7539 us (50%) 8800 us (75%) 9375 us (95%) 9625 us (99%).
I0313 17:45:54.965293 1703257 Coordinator.h:177] total commit: 50018.7
I0313 17:45:55.965533 1703257 Coordinator.h:192] Coordinator exits.
