I0313 18:05:51.496323 1716099 Database.h:65] ycsb initialization finished in 101 milliseconds.
I0313 18:05:51.496551 1716099 Coordinator.h:30] Coordinator initializes 12 workers.
I0313 18:05:51.605355 1716099 Coordinator.h:77] Coordinator starts to run 13 workers.
I0313 18:05:51.605443 1716118 AriaExecutor.h:94] AriaExecutor 0 started. 
I0313 18:05:51.605469 1716119 AriaExecutor.h:94] AriaExecutor 1 started. 
I0313 18:05:51.605688 1716120 AriaExecutor.h:94] AriaExecutor 2 started. 
I0313 18:05:51.605826 1716121 AriaExecutor.h:94] AriaExecutor 3 started. 
I0313 18:05:51.605989 1716122 AriaExecutor.h:94] AriaExecutor 4 started. 
I0313 18:05:51.606220 1716123 AriaExecutor.h:94] AriaExecutor 5 started. 
I0313 18:05:51.606436 1716124 AriaExecutor.h:94] AriaExecutor 6 started. 
I0313 18:05:51.606684 1716125 AriaExecutor.h:94] AriaExecutor 7 started. 
I0313 18:05:51.606889 1716126 AriaExecutor.h:94] AriaExecutor 8 started. 
I0313 18:05:51.607076 1716127 AriaExecutor.h:94] AriaExecutor 9 started. 
I0313 18:05:51.607268 1716128 AriaExecutor.h:94] AriaExecutor 10 started. 
I0313 18:05:51.607465 1716129 AriaExecutor.h:94] AriaExecutor 11 started. 
I0313 18:05:51.607663 1716130 Manager.h:224] Manager(worker id = 12) on the coordinator node started.
I0313 18:05:52.607733 1716099 Coordinator.h:126] commit: 126 abort: 135874 (0/135874/0), network size: 0, avg network size: 0, si_in_serializable: 0 0 %, local: 0 %
I0313 18:05:53.607888 1716099 Coordinator.h:126] commit: 138 abort: 143862 (0/143862/0), network size: 0, avg network size: 0, si_in_serializable: 0 0 %, local: 0 %
I0313 18:05:54.608054 1716099 Coordinator.h:126] commit: 141 abort: 139859 (0/139859/0), network size: 0, avg network size: 0, si_in_serializable: 0 0 %, local: 0 %
I0313 18:05:55.608191 1716099 Coordinator.h:126] commit: 149 abort: 143851 (0/143851/0), network size: 0, avg network size: 0, si_in_serializable: 0 0 %, local: 0 %
I0313 18:05:56.608320 1716099 Coordinator.h:126] commit: 136 abort: 143864 (0/143864/0), network size: 0, avg network size: 0, si_in_serializable: 0 0 %, local: 0 %
I0313 18:05:57.608448 1716099 Coordinator.h:126] commit: 127 abort: 139873 (0/139873/0), network size: 0, avg network size: 0, si_in_serializable: 0 0 %, local: 0 %
I0313 18:05:58.608573 1716099 Coordinator.h:126] commit: 160 abort: 143840 (0/143840/0), network size: 0, avg network size: 0, si_in_serializable: 0 0 %, local: 0 %
I0313 18:05:59.608734 1716099 Coordinator.h:126] commit: 123 abort: 143877 (0/143877/0), network size: 0, avg network size: 0, si_in_serializable: 0 0 %, local: 0 %
I0313 18:06:00.608871 1716099 Coordinator.h:126] commit: 130 abort: 139870 (0/139870/0), network size: 0, avg network size: 0, si_in_serializable: 0 0 %, local: 0 %
I0313 18:06:01.608996 1716099 Coordinator.h:126] commit: 134 abort: 143866 (0/143866/0), network size: 0, avg network size: 0, si_in_serializable: 0 0 %, local: 0 %
I0313 18:06:02.609127 1716099 Coordinator.h:126] commit: 130 abort: 143870 (0/143870/0), network size: 0, avg network size: 0, si_in_serializable: 0 0 %, local: 0 %
I0313 18:06:03.609247 1716099 Coordinator.h:126] commit: 131 abort: 139869 (0/139869/0), network size: 0, avg network size: 0, si_in_serializable: 0 0 %, local: 0 %
I0313 18:06:04.609373 1716099 Coordinator.h:126] commit: 141 abort: 143859 (0/143859/0), network size: 0, avg network size: 0, si_in_serializable: 0 0 %, local: 0 %
I0313 18:06:05.609500 1716099 Coordinator.h:126] commit: 127 abort: 139873 (0/139873/0), network size: 0, avg network size: 0, si_in_serializable: 0 0 %, local: 0 %
I0313 18:06:06.609628 1716099 Coordinator.h:126] commit: 128 abort: 143872 (0/143872/0), network size: 0, avg network size: 0, si_in_serializable: 0 0 %, local: 0 %
I0313 18:06:07.609793 1716099 Coordinator.h:126] commit: 142 abort: 143858 (0/143858/0), network size: 0, avg network size: 0, si_in_serializable: 0 0 %, local: 0 %
I0313 18:06:08.609931 1716099 Coordinator.h:126] commit: 146 abort: 139854 (0/139854/0), network size: 0, avg network size: 0, si_in_serializable: 0 0 %, local: 0 %
I0313 18:06:09.610059 1716099 Coordinator.h:126] commit: 164 abort: 143836 (0/143836/0), network size: 0, avg network size: 0, si_in_serializable: 0 0 %, local: 0 %
I0313 18:06:10.610186 1716099 Coordinator.h:126] commit: 132 abort: 143868 (0/143868/0), network size: 0, avg network size: 0, si_in_serializable: 0 0 %, local: 0 %
I0313 18:06:11.610309 1716099 Coordinator.h:126] commit: 128 abort: 139872 (0/139872/0), network size: 0, avg network size: 0, si_in_serializable: 0 0 %, local: 0 %
I0313 18:06:12.610430 1716099 Coordinator.h:126] commit: 133 abort: 143867 (0/143867/0), network size: 0, avg network size: 0, si_in_serializable: 0 0 %, local: 0 %
I0313 18:06:13.610551 1716099 Coordinator.h:126] commit: 135 abort: 143865 (0/143865/0), network size: 0, avg network size: 0, si_in_serializable: 0 0 %, local: 0 %
I0313 18:06:14.610677 1716099 Coordinator.h:126] commit: 133 abort: 143867 (0/143867/0), network size: 0, avg network size: 0, si_in_serializable: 0 0 %, local: 0 %
I0313 18:06:15.610802 1716099 Coordinator.h:126] commit: 136 abort: 139864 (0/139864/0), network size: 0, avg network size: 0, si_in_serializable: 0 0 %, local: 0 %
I0313 18:06:16.610930 1716099 Coordinator.h:126] commit: 145 abort: 139855 (0/139855/0), network size: 0, avg network size: 0, si_in_serializable: 0 0 %, local: 0 %
I0313 18:06:16.610970 1716099 Coordinator.h:152] average commit: 136.9 abort: 142263 (0/142263/0), network size: 0, avg network size: 0, si_in_serializable: 0 0 %, local: 0 %
I0313 18:06:16.610985 1716099 AriaExecutor.h:646] Worker 0 latency: 27983 us (50%) 28054 us (75%) 28218 us (95%) 28697 us (99%).
I0313 18:06:16.639144 1716120 AriaExecutor.h:106] AriaExecutor 2 exits. 
I0313 18:06:16.639145 1716129 AriaExecutor.h:106] AriaExecutor 11 exits. 
I0313 18:06:16.639145 1716128 AriaExecutor.h:106] AriaExecutor 10 exits. 
I0313 18:06:16.639145 1716119 AriaExecutor.h:106] AriaExecutor 1 exits. 
I0313 18:06:16.639145 1716122 AriaExecutor.h:106] AriaExecutor 4 exits. 
I0313 18:06:16.639145 1716126 AriaExecutor.h:106] AriaExecutor 8 exits. 
I0313 18:06:16.639146 1716125 AriaExecutor.h:106] AriaExecutor 7 exits. 
I0313 18:06:16.639145 1716121 AriaExecutor.h:106] AriaExecutor 3 exits. 
I0313 18:06:16.639145 1716124 AriaExecutor.h:106] AriaExecutor 6 exits. 
I0313 18:06:16.639145 1716123 AriaExecutor.h:106] AriaExecutor 5 exits. 
I0313 18:06:16.639145 1716127 AriaExecutor.h:106] AriaExecutor 9 exits. 
I0313 18:06:16.639145 1716130 Manager.h:227] Manager(worker id = 12) on the coordinator node exits.
I0313 18:06:16.639145 1716118 AriaExecutor.h:106] AriaExecutor 0 exits. 
I0313 18:06:16.639386 1716099 AriaExecutor.h:646] Worker 1 latency: 27965 us (50%) 28046 us (75%) 28204 us (95%) 28735 us (99%).
I0313 18:06:16.639420 1716099 AriaExecutor.h:646] Worker 2 latency: 27949 us (50%) 28026 us (75%) 28181 us (95%) 28342 us (99%).
I0313 18:06:16.639438 1716099 AriaExecutor.h:646] Worker 3 latency: 27924 us (50%) 28016 us (75%) 28161 us (95%) 28412 us (99%).
I0313 18:06:16.639454 1716099 AriaExecutor.h:646] Worker 4 latency: 27897 us (50%) 27990 us (75%) 28110 us (95%) 33713 us (99%).
I0313 18:06:16.639496 1716099 AriaExecutor.h:646] Worker 5 latency: 27886 us (50%) 27993 us (75%) 28180 us (95%) 28549 us (99%).
I0313 18:06:16.639526 1716099 AriaExecutor.h:646] Worker 6 latency: 27878 us (50%) 27974 us (75%) 28129 us (95%) 34933 us (99%).
I0313 18:06:16.639552 1716099 AriaExecutor.h:646] Worker 7 latency: 27886 us (50%) 27996 us (75%) 28158 us (95%) 34550 us (99%).
I0313 18:06:16.639577 1716099 AriaExecutor.h:646] Worker 8 latency: 27806 us (50%) 27951 us (75%) 28115 us (95%) 28198 us (99%).
I0313 18:06:16.639602 1716099 AriaExecutor.h:646] Worker 9 latency: 27810 us (50%) 27970 us (75%) 28121 us (95%) 30269 us (99%).
I0313 18:06:16.639626 1716099 AriaExecutor.h:646] Worker 10 latency: 27796 us (50%) 27942 us (75%) 28157 us (95%) 28635 us (99%).
I0313 18:06:16.639650 1716099 AriaExecutor.h:646] Worker 11 latency: 27838 us (50%) 27951 us (75%) 28090 us (95%) 34645 us (99%).
I0313 18:06:16.639684 1716099 Coordinator.h:177] total commit: 136.9
I0313 18:06:17.639878 1716099 Coordinator.h:192] Coordinator exits.
