I0313 17:57:54.617132 1712231 Database.h:65] ycsb initialization finished in 99 milliseconds.
I0313 17:57:54.617380 1712231 Coordinator.h:30] Coordinator initializes 12 workers.
I0313 17:57:54.724483 1712231 Coordinator.h:77] Coordinator starts to run 13 workers.
I0313 17:57:54.724572 1712247 AriaExecutor.h:94] AriaExecutor 0 started. 
I0313 17:57:54.724608 1712248 AriaExecutor.h:94] AriaExecutor 1 started. 
I0313 17:57:54.724730 1712249 AriaExecutor.h:94] AriaExecutor 2 started. 
I0313 17:57:54.724828 1712250 AriaExecutor.h:94] AriaExecutor 3 started. 
I0313 17:57:54.724941 1712251 AriaExecutor.h:94] AriaExecutor 4 started. 
I0313 17:57:54.725054 1712252 AriaExecutor.h:94] AriaExecutor 5 started. 
I0313 17:57:54.725163 1712253 AriaExecutor.h:94] AriaExecutor 6 started. 
I0313 17:57:54.725281 1712254 AriaExecutor.h:94] AriaExecutor 7 started. 
I0313 17:57:54.725384 1712255 AriaExecutor.h:94] AriaExecutor 8 started. 
I0313 17:57:54.725488 1712256 AriaExecutor.h:94] AriaExecutor 9 started. 
I0313 17:57:54.725589 1712257 AriaExecutor.h:94] AriaExecutor 10 started. 
I0313 17:57:54.725695 1712258 AriaExecutor.h:94] AriaExecutor 11 started. 
I0313 17:57:54.725816 1712259 Manager.h:224] Manager(worker id = 12) on the coordinator node started.
I0313 17:57:55.725867 1712231 Coordinator.h:126] commit: 422440 abort: 61560 (0/61560/0), network size: 0, avg network size: 0, si_in_serializable: 0 0 %, local: 0 %
I0313 17:57:56.726020 1712231 Coordinator.h:126] commit: 429763 abort: 62237 (0/62237/0), network size: 0, avg network size: 0, si_in_serializable: 0 0 %, local: 0 %
I0313 17:57:57.726181 1712231 Coordinator.h:126] commit: 439617 abort: 64383 (0/64383/0), network size: 0, avg network size: 0, si_in_serializable: 0 0 %, local: 0 %
I0313 17:57:58.726315 1712231 Coordinator.h:126] commit: 436668 abort: 63332 (0/63332/0), network size: 0, avg network size: 0, si_in_serializable: 0 0 %, local: 0 %
I0313 17:57:59.726444 1712231 Coordinator.h:126] commit: 436245 abort: 63755 (0/63755/0), network size: 0, avg network size: 0, si_in_serializable: 0 0 %, local: 0 %
I0313 17:58:00.726572 1712231 Coordinator.h:126] commit: 436519 abort: 63481 (0/63481/0), network size: 0, avg network size: 0, si_in_serializable: 0 0 %, local: 0 %
I0313 17:58:01.726693 1712231 Coordinator.h:126] commit: 436241 abort: 63759 (0/63759/0), network size: 0, avg network size: 0, si_in_serializable: 0 0 %, local: 0 %
I0313 17:58:02.726859 1712231 Coordinator.h:126] commit: 429391 abort: 62609 (0/62609/0), network size: 0, avg network size: 0, si_in_serializable: 0 0 %, local: 0 %
I0313 17:58:03.726995 1712231 Coordinator.h:126] commit: 439611 abort: 64389 (0/64389/0), network size: 0, avg network size: 0, si_in_serializable: 0 0 %, local: 0 %
I0313 17:58:04.727119 1712231 Coordinator.h:126] commit: 436368 abort: 63632 (0/63632/0), network size: 0, avg network size: 0, si_in_serializable: 0 0 %, local: 0 %
I0313 17:58:05.727242 1712231 Coordinator.h:126] commit: 439904 abort: 64096 (0/64096/0), network size: 0, avg network size: 0, si_in_serializable: 0 0 %, local: 0 %
I0313 17:58:06.727365 1712231 Coordinator.h:126] commit: 436451 abort: 63549 (0/63549/0), network size: 0, avg network size: 0, si_in_serializable: 0 0 %, local: 0 %
I0313 17:58:07.727520 1712231 Coordinator.h:126] commit: 436754 abort: 63246 (0/63246/0), network size: 0, avg network size: 0, si_in_serializable: 0 0 %, local: 0 %
I0313 17:58:08.727655 1712231 Coordinator.h:126] commit: 436176 abort: 63824 (0/63824/0), network size: 0, avg network size: 0, si_in_serializable: 0 0 %, local: 0 %
I0313 17:58:09.727783 1712231 Coordinator.h:126] commit: 422249 abort: 61751 (0/61751/0), network size: 0, avg network size: 0, si_in_serializable: 0 0 %, local: 0 %
I0313 17:58:10.727911 1712231 Coordinator.h:126] commit: 436668 abort: 63332 (0/63332/0), network size: 0, avg network size: 0, si_in_serializable: 0 0 %, local: 0 %
I0313 17:58:11.728034 1712231 Coordinator.h:126] commit: 439919 abort: 64081 (0/64081/0), network size: 0, avg network size: 0, si_in_serializable: 0 0 %, local: 0 %
I0313 17:58:12.728160 1712231 Coordinator.h:126] commit: 436212 abort: 63788 (0/63788/0), network size: 0, avg network size: 0, si_in_serializable: 0 0 %, local: 0 %
I0313 17:58:13.728286 1712231 Coordinator.h:126] commit: 436585 abort: 63415 (0/63415/0), network size: 0, avg network size: 0, si_in_serializable: 0 0 %, local: 0 %
I0313 17:58:14.728410 1712231 Coordinator.h:126] commit: 439745 abort: 64255 (0/64255/0), network size: 0, avg network size: 0, si_in_serializable: 0 0 %, local: 0 %
I0313 17:58:15.728536 1712231 Coordinator.h:126] commit: 436607 abort: 63393 (0/63393/0), network size: 0, avg network size: 0, si_in_serializable: 0 0 %, local: 0 %
I0313 17:58:16.728658 1712231 Coordinator.h:126] commit: 439960 abort: 64040 (0/64040/0), network size: 0, avg network size: 0, si_in_serializable: 0 0 %, local: 0 %
I0313 17:58:17.728782 1712231 Coordinator.h:126] commit: 436359 abort: 63641 (0/63641/0), network size: 0, avg network size: 0, si_in_serializable: 0 0 %, local: 0 %
I0313 17:58:18.728909 1712231 Coordinator.h:126] commit: 440493 abort: 63507 (0/63507/0), network size: 0, avg network size: 0, si_in_serializable: 0 0 %, local: 0 %
I0313 17:58:19.729034 1712231 Coordinator.h:126] commit: 432585 abort: 63415 (0/63415/0), network size: 0, avg network size: 0, si_in_serializable: 0 0 %, local: 0 %
I0313 17:58:19.729075 1712231 Coordinator.h:152] average commit: 436066 abort: 63533.7 (0/63533.7/0), network size: 0, avg network size: 0, si_in_serializable: 0 0 %, local: 0 %
I0313 17:58:19.729923 1712259 Manager.h:227] Manager(worker id = 12) on the coordinator node exits.
I0313 17:58:19.729925 1712255 AriaExecutor.h:106] AriaExecutor 8 exits. 
I0313 17:58:19.729926 1712252 AriaExecutor.h:106] AriaExecutor 5 exits. 
I0313 17:58:19.729926 1712249 AriaExecutor.h:106] AriaExecutor 2 exits. 
I0313 17:58:19.729928 1712257 AriaExecutor.h:106] AriaExecutor 10 exits. 
I0313 17:58:19.729926 1712253 AriaExecutor.h:106] AriaExecutor 6 exits. 
I0313 17:58:19.729928 1712258 AriaExecutor.h:106] AriaExecutor 11 exits. 
I0313 17:58:19.729928 1712250 AriaExecutor.h:106] AriaExecutor 3 exits. 
I0313 17:58:19.729929 1712248 AriaExecutor.h:106] AriaExecutor 1 exits. 
I0313 17:58:19.729925 1712251 AriaExecutor.h:106] AriaExecutor 4 exits. 
I0313 17:58:19.729926 1712254 AriaExecutor.h:106] AriaExecutor 7 exits. 
I0313 17:58:19.729928 1712247 AriaExecutor.h:106] AriaExecutor 0 exits. 
I0313 17:58:19.729928 1712256 AriaExecutor.h:106] AriaExecutor 9 exits. 
I0313 17:58:19.729090 1712231 AriaExecutor.h:646] Worker 0 latency: 4960 us (50%) 6442 us (75%) 7559 us (95%) 7777 us (99%).
I0313 17:58:19.773499 1712231 AriaExecutor.h:646] Worker 1 latency: 4972 us (50%) 6448 us (75%) 7560 us (95%) 7776 us (99%).
I0313 17:58:19.817263 1712231 AriaExecutor.h:646] Worker 2 latency: 4969 us (50%) 6446 us (75%) 7559 us (95%) 7776 us (99%).
I0313 17:58:19.861137 1712231 AriaExecutor.h:646] Worker 3 latency: 4974 us (50%) 6448 us (75%) 7560 us (95%) 7776 us (99%).
I0313 17:58:19.905203 1712231 AriaExecutor.h:646] Worker 4 latency: 4973 us (50%) 6447 us (75%) 7558 us (95%) 7775 us (99%).
I0313 17:58:19.948975 1712231 AriaExecutor.h:646] Worker 5 latency: 4966 us (50%) 6444 us (75%) 7558 us (95%) 7776 us (99%).
I0313 17:58:19.992300 1712231 AriaExecutor.h:646] Worker 6 latency: 4972 us (50%) 6447 us (75%) 7557 us (95%) 7774 us (99%).
I0313 17:58:20.036360 1712231 AriaExecutor.h:646] Worker 7 latency: 4973 us (50%) 6448 us (75%) 7558 us (95%) 7775 us (99%).
I0313 17:58:20.080117 1712231 AriaExecutor.h:646] Worker 8 latency: 4978 us (50%) 6451 us (75%) 7560 us (95%) 7776 us (99%).
I0313 17:58:20.123865 1712231 AriaExecutor.h:646] Worker 9 latency: 4969 us (50%) 6446 us (75%) 7558 us (95%) 7774 us (99%).
I0313 17:58:20.168282 1712231 AriaExecutor.h:646] Worker 10 latency: 4981 us (50%) 6451 us (75%) 7559 us (95%) 7775 us (99%).
I0313 17:58:20.212131 1712231 AriaExecutor.h:646] Worker 11 latency: 4957 us (50%) 6440 us (75%) 7557 us (95%) 7774 us (99%).
I0313 17:58:20.256090 1712231 Coordinator.h:177] total commit: 436066
I0313 17:58:21.256300 1712231 Coordinator.h:192] Coordinator exits.
