I0313 17:25:07.273581 1685278 Database.h:65] ycsb initialization finished in 98 milliseconds.
I0313 17:25:07.273810 1685278 Coordinator.h:30] Coordinator initializes 12 workers.
I0313 17:25:07.382022 1685278 Coordinator.h:77] Coordinator starts to run 13 workers.
I0313 17:25:07.382131 1685299 AriaExecutor.h:91] AriaExecutor 0 started. 
I0313 17:25:07.382181 1685300 AriaExecutor.h:91] AriaExecutor 1 started. 
I0313 17:25:07.388401 1685301 AriaExecutor.h:91] AriaExecutor 2 started. 
I0313 17:25:07.388510 1685302 AriaExecutor.h:91] AriaExecutor 3 started. 
I0313 17:25:07.388648 1685303 AriaExecutor.h:91] AriaExecutor 4 started. 
I0313 17:25:07.388777 1685304 AriaExecutor.h:91] AriaExecutor 5 started. 
I0313 17:25:07.388906 1685305 AriaExecutor.h:91] AriaExecutor 6 started. 
I0313 17:25:07.389034 1685306 AriaExecutor.h:91] AriaExecutor 7 started. 
I0313 17:25:07.389092 1685307 AriaExecutor.h:91] AriaExecutor 8 started. 
I0313 17:25:07.389178 1685308 AriaExecutor.h:91] AriaExecutor 9 started. 
I0313 17:25:07.389303 1685309 AriaExecutor.h:91] AriaExecutor 10 started. 
I0313 17:25:07.389429 1685310 AriaExecutor.h:91] AriaExecutor 11 started. 
I0313 17:25:07.389560 1685311 Manager.h:224] Manager(worker id = 12) on the coordinator node started.
I0313 17:25:08.389590 1685278 Coordinator.h:126] commit: 19 abort: 71981 (0/71981/0), network size: 0, avg network size: 0, si_in_serializable: 0 0 %, local: 0 %
I0313 17:25:09.389765 1685278 Coordinator.h:126] commit: 21 abort: 79979 (0/79979/0), network size: 0, avg network size: 0, si_in_serializable: 0 0 %, local: 0 %
I0313 17:25:10.389953 1685278 Coordinator.h:126] commit: 23 abort: 87977 (0/87977/0), network size: 0, avg network size: 0, si_in_serializable: 0 0 %, local: 0 %
I0313 17:25:11.390110 1685278 Coordinator.h:126] commit: 23 abort: 87977 (0/87977/0), network size: 0, avg network size: 0, si_in_serializable: 0 0 %, local: 0 %
I0313 17:25:12.390259 1685278 Coordinator.h:126] commit: 22 abort: 87978 (0/87978/0), network size: 0, avg network size: 0, si_in_serializable: 0 0 %, local: 0 %
I0313 17:25:13.390398 1685278 Coordinator.h:126] commit: 22 abort: 83978 (0/83978/0), network size: 0, avg network size: 0, si_in_serializable: 0 0 %, local: 0 %
I0313 17:25:14.390530 1685278 Coordinator.h:126] commit: 22 abort: 87978 (0/87978/0), network size: 0, avg network size: 0, si_in_serializable: 0 0 %, local: 0 %
I0313 17:25:15.390715 1685278 Coordinator.h:126] commit: 23 abort: 87977 (0/87977/0), network size: 0, avg network size: 0, si_in_serializable: 0 0 %, local: 0 %
I0313 17:25:16.390872 1685278 Coordinator.h:126] commit: 24 abort: 87976 (0/87976/0), network size: 0, avg network size: 0, si_in_serializable: 0 0 %, local: 0 %
I0313 17:25:17.391002 1685278 Coordinator.h:126] commit: 23 abort: 83977 (0/83977/0), network size: 0, avg network size: 0, si_in_serializable: 0 0 %, local: 0 %
I0313 17:25:18.391144 1685278 Coordinator.h:126] commit: 23 abort: 87977 (0/87977/0), network size: 0, avg network size: 0, si_in_serializable: 0 0 %, local: 0 %
I0313 17:25:19.391274 1685278 Coordinator.h:126] commit: 23 abort: 87977 (0/87977/0), network size: 0, avg network size: 0, si_in_serializable: 0 0 %, local: 0 %
I0313 17:25:20.391405 1685278 Coordinator.h:126] commit: 22 abort: 87978 (0/87978/0), network size: 0, avg network size: 0, si_in_serializable: 0 0 %, local: 0 %
I0313 17:25:21.391532 1685278 Coordinator.h:126] commit: 21 abort: 83979 (0/83979/0), network size: 0, avg network size: 0, si_in_serializable: 0 0 %, local: 0 %
I0313 17:25:22.391721 1685278 Coordinator.h:126] commit: 22 abort: 87978 (0/87978/0), network size: 0, avg network size: 0, si_in_serializable: 0 0 %, local: 0 %
I0313 17:25:23.391891 1685278 Coordinator.h:126] commit: 24 abort: 87976 (0/87976/0), network size: 0, avg network size: 0, si_in_serializable: 0 0 %, local: 0 %
I0313 17:25:24.392036 1685278 Coordinator.h:126] commit: 25 abort: 87975 (0/87975/0), network size: 0, avg network size: 0, si_in_serializable: 0 0 %, local: 0 %
I0313 17:25:25.392174 1685278 Coordinator.h:126] commit: 21 abort: 83979 (0/83979/0), network size: 0, avg network size: 0, si_in_serializable: 0 0 %, local: 0 %
I0313 17:25:26.392271 1685278 Coordinator.h:126] commit: 22 abort: 87978 (0/87978/0), network size: 0, avg network size: 0, si_in_serializable: 0 0 %, local: 0 %
I0313 17:25:27.392417 1685278 Coordinator.h:126] commit: 22 abort: 87978 (0/87978/0), network size: 0, avg network size: 0, si_in_serializable: 0 0 %, local: 0 %
I0313 17:25:28.392570 1685278 Coordinator.h:126] commit: 23 abort: 87977 (0/87977/0), network size: 0, avg network size: 0, si_in_serializable: 0 0 %, local: 0 %
I0313 17:25:29.392716 1685278 Coordinator.h:126] commit: 24 abort: 83976 (0/83976/0), network size: 0, avg network size: 0, si_in_serializable: 0 0 %, local: 0 %
I0313 17:25:30.392853 1685278 Coordinator.h:126] commit: 23 abort: 87977 (0/87977/0), network size: 0, avg network size: 0, si_in_serializable: 0 0 %, local: 0 %
I0313 17:25:31.392963 1685278 Coordinator.h:126] commit: 22 abort: 87978 (0/87978/0), network size: 0, avg network size: 0, si_in_serializable: 0 0 %, local: 0 %
I0313 17:25:32.393095 1685278 Coordinator.h:126] commit: 21 abort: 83979 (0/83979/0), network size: 0, avg network size: 0, si_in_serializable: 0 0 %, local: 0 %
I0313 17:25:32.393147 1685278 Coordinator.h:152] average commit: 22.5 abort: 87177.5 (0/87177.5/0), network size: 0, avg network size: 0, si_in_serializable: 0 0 %, local: 0 %
I0313 17:25:32.393193 1685278 AriaExecutor.h:649] Worker 0 latency: 45931 us (50%) 46060 us (75%) 48067 us (95%) 53270 us (99%).
I0313 17:25:32.396924 1685308 AriaExecutor.h:103] AriaExecutor 9 exits. 
I0313 17:25:32.396924 1685306 AriaExecutor.h:103] AriaExecutor 7 exits. 
I0313 17:25:32.396924 1685303 AriaExecutor.h:103] AriaExecutor 4 exits. 
I0313 17:25:32.396927 1685310 AriaExecutor.h:103] AriaExecutor 11 exits. 
I0313 17:25:32.396929 1685309 AriaExecutor.h:103] AriaExecutor 10 exits. 
I0313 17:25:32.396931 1685299 AriaExecutor.h:103] AriaExecutor 0 exits. 
I0313 17:25:32.396930 1685300 AriaExecutor.h:103] AriaExecutor 1 exits. 
I0313 17:25:32.396931 1685301 AriaExecutor.h:103] AriaExecutor 2 exits. 
I0313 17:25:32.396924 1685307 AriaExecutor.h:103] AriaExecutor 8 exits. 
I0313 17:25:32.396924 1685304 AriaExecutor.h:103] AriaExecutor 5 exits. 
I0313 17:25:32.396929 1685305 AriaExecutor.h:103] AriaExecutor 6 exits. 
I0313 17:25:32.396924 1685302 AriaExecutor.h:103] AriaExecutor 3 exits. 
I0313 17:25:32.396934 1685311 Manager.h:227] Manager(worker id = 12) on the coordinator node exits.
I0313 17:25:32.397275 1685278 AriaExecutor.h:649] Worker 1 latency: 45928 us (50%) 45979 us (75%) 46008 us (95%) 46008 us (99%).
I0313 17:25:32.397305 1685278 AriaExecutor.h:649] Worker 2 latency: 45880 us (50%) 45880 us (75%) 45880 us (95%) 45880 us (99%).
I0313 17:25:32.397346 1685278 AriaExecutor.h:649] Worker 3 latency: 0 us (50%) 0 us (75%) 0 us (95%) 0 us (99%).
I0313 17:25:32.397365 1685278 AriaExecutor.h:649] Worker 4 latency: 47396 us (50%) 53085 us (75%) 53085 us (95%) 53085 us (99%).
I0313 17:25:32.397456 1685278 AriaExecutor.h:649] Worker 5 latency: 46133 us (50%) 46133 us (75%) 46133 us (95%) 46133 us (99%).
I0313 17:25:32.397527 1685278 AriaExecutor.h:649] Worker 6 latency: 0 us (50%) 0 us (75%) 0 us (95%) 0 us (99%).
I0313 17:25:32.397583 1685278 AriaExecutor.h:649] Worker 7 latency: 45969 us (50%) 45969 us (75%) 45969 us (95%) 45969 us (99%).
I0313 17:25:32.397647 1685278 AriaExecutor.h:649] Worker 8 latency: 45723 us (50%) 45723 us (75%) 45723 us (95%) 45723 us (99%).
I0313 17:25:32.397712 1685278 AriaExecutor.h:649] Worker 9 latency: 45759 us (50%) 45759 us (75%) 45759 us (95%) 45759 us (99%).
I0313 17:25:32.397781 1685278 AriaExecutor.h:649] Worker 10 latency: 0 us (50%) 0 us (75%) 0 us (95%) 0 us (99%).
I0313 17:25:32.397827 1685278 AriaExecutor.h:649] Worker 11 latency: 0 us (50%) 0 us (75%) 0 us (95%) 0 us (99%).
I0313 17:25:32.397905 1685278 Coordinator.h:177] total commit: 22.5
I0313 17:25:33.398138 1685278 Coordinator.h:192] Coordinator exits.
