I0313 17:32:39.617810 1691414 Database.h:65] ycsb initialization finished in 99 milliseconds.
I0313 17:32:39.618018 1691414 Coordinator.h:30] Coordinator initializes 12 workers.
I0313 17:32:39.655824 1691414 Coordinator.h:77] Coordinator starts to run 13 workers.
I0313 17:32:39.655921 1691430 AriaExecutor.h:94] AriaExecutor 0 started. 
I0313 17:32:39.655990 1691431 AriaExecutor.h:94] AriaExecutor 1 started. 
I0313 17:32:39.656087 1691432 AriaExecutor.h:94] AriaExecutor 2 started. 
I0313 17:32:39.656213 1691433 AriaExecutor.h:94] AriaExecutor 3 started. 
I0313 17:32:39.656345 1691434 AriaExecutor.h:94] AriaExecutor 4 started. 
I0313 17:32:39.656387 1691435 AriaExecutor.h:94] AriaExecutor 5 started. 
I0313 17:32:39.656483 1691436 AriaExecutor.h:94] AriaExecutor 6 started. 
I0313 17:32:39.656538 1691437 AriaExecutor.h:94] AriaExecutor 7 started. 
I0313 17:32:39.656633 1691438 AriaExecutor.h:94] AriaExecutor 8 started. 
I0313 17:32:39.656746 1691439 AriaExecutor.h:94] AriaExecutor 9 started. 
I0313 17:32:39.656867 1691440 AriaExecutor.h:94] AriaExecutor 10 started. 
I0313 17:32:39.656912 1691441 AriaExecutor.h:94] AriaExecutor 11 started. 
I0313 17:32:39.657011 1691442 Manager.h:224] Manager(worker id = 12) on the coordinator node started.
I0313 17:32:40.657052 1691414 Coordinator.h:126] commit: 449643 abort: 3357 (0/3357/0), network size: 0, avg network size: 0, si_in_serializable: 0 0 %, local: 0 %
I0313 17:32:41.657197 1691414 Coordinator.h:126] commit: 473359 abort: 3641 (0/3641/0), network size: 0, avg network size: 0, si_in_serializable: 0 0 %, local: 0 %
I0313 17:32:42.657406 1691414 Coordinator.h:126] commit: 492444 abort: 3835 (0/3835/0), network size: 0, avg network size: 0, si_in_serializable: 0 0 %, local: 0 %
I0313 17:32:43.657575 1691414 Coordinator.h:126] commit: 491837 abort: 3881 (0/3881/0), network size: 0, avg network size: 0, si_in_serializable: 0 0 %, local: 0 %
I0313 17:32:44.657732 1691414 Coordinator.h:126] commit: 494224 abort: 3776 (0/3776/0), network size: 0, avg network size: 0, si_in_serializable: 0 0 %, local: 0 %
I0313 17:32:45.657891 1691414 Coordinator.h:126] commit: 492129 abort: 3871 (0/3871/0), network size: 0, avg network size: 0, si_in_serializable: 0 0 %, local: 0 %
I0313 17:32:46.658041 1691414 Coordinator.h:126] commit: 488168 abort: 3832 (0/3832/0), network size: 0, avg network size: 0, si_in_serializable: 0 0 %, local: 0 %
I0313 17:32:47.658257 1691414 Coordinator.h:126] commit: 493148 abort: 3852 (0/3852/0), network size: 0, avg network size: 0, si_in_serializable: 0 0 %, local: 0 %
I0313 17:32:48.658419 1691414 Coordinator.h:126] commit: 494153 abort: 3847 (0/3847/0), network size: 0, avg network size: 0, si_in_serializable: 0 0 %, local: 0 %
I0313 17:32:49.658564 1691414 Coordinator.h:126] commit: 495249 abort: 3751 (0/3751/0), network size: 0, avg network size: 0, si_in_serializable: 0 0 %, local: 0 %
I0313 17:32:50.658702 1691414 Coordinator.h:126] commit: 495056 abort: 3944 (0/3944/0), network size: 0, avg network size: 0, si_in_serializable: 0 0 %, local: 0 %
I0313 17:32:51.658846 1691414 Coordinator.h:126] commit: 493033 abort: 3967 (0/3967/0), network size: 0, avg network size: 0, si_in_serializable: 0 0 %, local: 0 %
I0313 17:32:52.658993 1691414 Coordinator.h:126] commit: 478360 abort: 3640 (0/3640/0), network size: 0, avg network size: 0, si_in_serializable: 0 0 %, local: 0 %
I0313 17:32:53.659139 1691414 Coordinator.h:126] commit: 491179 abort: 3821 (0/3821/0), network size: 0, avg network size: 0, si_in_serializable: 0 0 %, local: 0 %
I0313 17:32:54.659296 1691414 Coordinator.h:126] commit: 493278 abort: 3722 (0/3722/0), network size: 0, avg network size: 0, si_in_serializable: 0 0 %, local: 0 %
I0313 17:32:55.659443 1691414 Coordinator.h:126] commit: 493190 abort: 3810 (0/3810/0), network size: 0, avg network size: 0, si_in_serializable: 0 0 %, local: 0 %
I0313 17:32:56.659654 1691414 Coordinator.h:126] commit: 492285 abort: 3715 (0/3715/0), network size: 0, avg network size: 0, si_in_serializable: 0 0 %, local: 0 %
I0313 17:32:57.659809 1691414 Coordinator.h:126] commit: 495097 abort: 3903 (0/3903/0), network size: 0, avg network size: 0, si_in_serializable: 0 0 %, local: 0 %
I0313 17:32:58.659962 1691414 Coordinator.h:126] commit: 494275 abort: 3725 (0/3725/0), network size: 0, avg network size: 0, si_in_serializable: 0 0 %, local: 0 %
I0313 17:32:59.660112 1691414 Coordinator.h:126] commit: 493240 abort: 3760 (0/3760/0), network size: 0, avg network size: 0, si_in_serializable: 0 0 %, local: 0 %
I0313 17:33:00.660260 1691414 Coordinator.h:126] commit: 493169 abort: 3831 (0/3831/0), network size: 0, avg network size: 0, si_in_serializable: 0 0 %, local: 0 %
I0313 17:33:01.660384 1691414 Coordinator.h:126] commit: 494212 abort: 3788 (0/3788/0), network size: 0, avg network size: 0, si_in_serializable: 0 0 %, local: 0 %
I0313 17:33:02.660518 1691414 Coordinator.h:126] commit: 495141 abort: 3859 (0/3859/0), network size: 0, avg network size: 0, si_in_serializable: 0 0 %, local: 0 %
I0313 17:33:03.660661 1691414 Coordinator.h:126] commit: 493211 abort: 3789 (0/3789/0), network size: 0, avg network size: 0, si_in_serializable: 0 0 %, local: 0 %
I0313 17:33:04.660804 1691414 Coordinator.h:126] commit: 495112 abort: 3888 (0/3888/0), network size: 0, avg network size: 0, si_in_serializable: 0 0 %, local: 0 %
I0313 17:33:04.660866 1691414 Coordinator.h:152] average commit: 491899 abort: 3800.7 (0/3800.7/0), network size: 0, avg network size: 0, si_in_serializable: 0 0 %, local: 0 %
I0313 17:33:04.662061 1691439 AriaExecutor.h:106] AriaExecutor 9 exits. 
I0313 17:33:04.662061 1691430 AriaExecutor.h:106] AriaExecutor 0 exits. 
I0313 17:33:04.662061 1691432 AriaExecutor.h:106] AriaExecutor 2 exits. 
I0313 17:33:04.662074 1691441 AriaExecutor.h:106] AriaExecutor 11 exits. 
I0313 17:33:04.662079 1691442 Manager.h:227] Manager(worker id = 12) on the coordinator node exits.
I0313 17:33:04.662072 1691438 AriaExecutor.h:106] AriaExecutor 8 exits. 
I0313 17:33:04.662071 1691440 AriaExecutor.h:106] AriaExecutor 10 exits. 
I0313 17:33:04.662072 1691437 AriaExecutor.h:106] AriaExecutor 7 exits. 
I0313 17:33:04.662072 1691435 AriaExecutor.h:106] AriaExecutor 5 exits. 
I0313 17:33:04.662073 1691434 AriaExecutor.h:106] AriaExecutor 4 exits. 
I0313 17:33:04.662061 1691436 AriaExecutor.h:106] AriaExecutor 6 exits. 
I0313 17:33:04.662074 1691431 AriaExecutor.h:106] AriaExecutor 1 exits. 
I0313 17:33:04.662061 1691433 AriaExecutor.h:106] AriaExecutor 3 exits. 
I0313 17:33:04.660913 1691414 AriaExecutor.h:625] Worker 0 latency: 1202 us (50%) 1597 us (75%) 1911 us (95%) 1980 us (99%).
I0313 17:33:04.722518 1691414 AriaExecutor.h:625] Worker 1 latency: 1206 us (50%) 1598 us (75%) 1911 us (95%) 1980 us (99%).
I0313 17:33:04.768357 1691414 AriaExecutor.h:625] Worker 2 latency: 1205 us (50%) 1598 us (75%) 1911 us (95%) 1979 us (99%).
I0313 17:33:04.814517 1691414 AriaExecutor.h:625] Worker 3 latency: 1206 us (50%) 1598 us (75%) 1912 us (95%) 1980 us (99%).
I0313 17:33:04.861477 1691414 AriaExecutor.h:625] Worker 4 latency: 1213 us (50%) 1602 us (75%) 1912 us (95%) 1979 us (99%).
I0313 17:33:04.906473 1691414 AriaExecutor.h:625] Worker 5 latency: 1211 us (50%) 1601 us (75%) 1912 us (95%) 1979 us (99%).
I0313 17:33:04.951648 1691414 AriaExecutor.h:625] Worker 6 latency: 1213 us (50%) 1601 us (75%) 1912 us (95%) 1979 us (99%).
I0313 17:33:04.998183 1691414 AriaExecutor.h:625] Worker 7 latency: 1213 us (50%) 1602 us (75%) 1912 us (95%) 1979 us (99%).
I0313 17:33:05.043920 1691414 AriaExecutor.h:625] Worker 8 latency: 1214 us (50%) 1602 us (75%) 1912 us (95%) 1979 us (99%).
I0313 17:33:05.089139 1691414 AriaExecutor.h:625] Worker 9 latency: 1213 us (50%) 1601 us (75%) 1912 us (95%) 1979 us (99%).
I0313 17:33:05.134222 1691414 AriaExecutor.h:625] Worker 10 latency: 1215 us (50%) 1603 us (75%) 1912 us (95%) 1979 us (99%).
I0313 17:33:05.180688 1691414 AriaExecutor.h:625] Worker 11 latency: 1211 us (50%) 1600 us (75%) 1911 us (95%) 1979 us (99%).
I0313 17:33:05.226356 1691414 Coordinator.h:177] total commit: 491899
I0313 17:33:06.226567 1691414 Coordinator.h:192] Coordinator exits.
