I0314 14:36:09.952179 1923848 Database.h:137] creating hash tables for database...
I0314 14:36:09.963554 1923848 Database.h:119] warehouse initialization finished in 1 milliseconds.
I0314 14:36:09.964788 1923848 Database.h:119] district initialization finished in 1 milliseconds.
I0314 14:36:10.221508 1923848 Database.h:119] customer initialization finished in 256 milliseconds.
I0314 14:36:10.257525 1923848 Database.h:119] customer_name_idx initialization finished in 35 milliseconds.
I0314 14:36:10.398058 1923848 Database.h:119] item initialization finished in 140 milliseconds.
I0314 14:36:10.967202 1923848 Database.h:119] stock initialization finished in 569 milliseconds.
I0314 14:36:10.967249 1923848 Coordinator.h:30] Coordinator initializes 12 workers.
I0314 14:36:10.988867 1923848 Coordinator.h:77] Coordinator starts to run 13 workers.
I0314 14:36:10.989001 1923914 AriaExecutor.h:82] AriaExecutor 0 started. 
I0314 14:36:10.989135 1923915 AriaExecutor.h:82] AriaExecutor 1 started. 
I0314 14:36:10.989279 1923916 AriaExecutor.h:82] AriaExecutor 2 started. 
I0314 14:36:10.989405 1923917 AriaExecutor.h:82] AriaExecutor 3 started. 
I0314 14:36:10.989526 1923918 AriaExecutor.h:82] AriaExecutor 4 started. 
I0314 14:36:10.989652 1923919 AriaExecutor.h:82] AriaExecutor 5 started. 
I0314 14:36:10.989784 1923920 AriaExecutor.h:82] AriaExecutor 6 started. 
I0314 14:36:10.989913 1923921 AriaExecutor.h:82] AriaExecutor 7 started. 
I0314 14:36:10.990036 1923922 AriaExecutor.h:82] AriaExecutor 8 started. 
I0314 14:36:10.990162 1923923 AriaExecutor.h:82] AriaExecutor 9 started. 
I0314 14:36:10.990281 1923924 AriaExecutor.h:82] AriaExecutor 10 started. 
I0314 14:36:10.990391 1923925 AriaExecutor.h:82] AriaExecutor 11 started. 
I0314 14:36:10.990510 1923926 Manager.h:224] Manager(worker id = 12) on the coordinator node started.
I0314 14:36:11.990559 1923848 Coordinator.h:126] commit: 221371 abort: 3441629 (0/3441629/0), network size: 0, avg network size: 0, si_in_serializable: 0 0 %, local: 0 %
I0314 14:36:12.990710 1923848 Coordinator.h:126] commit: 222510 abort: 3405490 (0/3405490/0), network size: 0, avg network size: 0, si_in_serializable: 0 0 %, local: 0 %
I0314 14:36:13.990851 1923848 Coordinator.h:126] commit: 227130 abort: 3483870 (0/3483870/0), network size: 0, avg network size: 0, si_in_serializable: 0 0 %, local: 0 %
I0314 14:36:14.990981 1923848 Coordinator.h:126] commit: 222514 abort: 3396486 (0/3396486/0), network size: 0, avg network size: 0, si_in_serializable: 0 0 %, local: 0 %
I0314 14:36:15.991111 1923848 Coordinator.h:126] commit: 210305 abort: 3173695 (0/3173695/0), network size: 0, avg network size: 0, si_in_serializable: 0 0 %, local: 0 %
I0314 14:36:16.991230 1923848 Coordinator.h:126] commit: 203910 abort: 3064090 (0/3064090/0), network size: 0, avg network size: 0, si_in_serializable: 0 0 %, local: 0 %
I0314 14:36:17.991406 1923848 Coordinator.h:126] commit: 217863 abort: 3283137 (0/3283137/0), network size: 0, avg network size: 0, si_in_serializable: 0 0 %, local: 0 %
I0314 14:36:18.991567 1923848 Coordinator.h:126] commit: 220265 abort: 3323735 (0/3323735/0), network size: 0, avg network size: 0, si_in_serializable: 0 0 %, local: 0 %
I0314 14:36:19.991704 1923848 Coordinator.h:126] commit: 223649 abort: 3377351 (0/3377351/0), network size: 0, avg network size: 0, si_in_serializable: 0 0 %, local: 0 %
I0314 14:36:20.991832 1923848 Coordinator.h:126] commit: 221010 abort: 3324990 (0/3324990/0), network size: 0, avg network size: 0, si_in_serializable: 0 0 %, local: 0 %
I0314 14:36:21.991959 1923848 Coordinator.h:126] commit: 222973 abort: 3349027 (0/3349027/0), network size: 0, avg network size: 0, si_in_serializable: 0 0 %, local: 0 %
I0314 14:36:22.992077 1923848 Coordinator.h:126] commit: 216928 abort: 3255072 (0/3255072/0), network size: 0, avg network size: 0, si_in_serializable: 0 0 %, local: 0 %
I0314 14:36:23.992197 1923848 Coordinator.h:126] commit: 218853 abort: 3281147 (0/3281147/0), network size: 0, avg network size: 0, si_in_serializable: 0 0 %, local: 0 %
I0314 14:36:24.992337 1923848 Coordinator.h:126] commit: 212060 abort: 3183940 (0/3183940/0), network size: 0, avg network size: 0, si_in_serializable: 0 0 %, local: 0 %
I0314 14:36:25.992470 1923848 Coordinator.h:126] commit: 212041 abort: 3179959 (0/3179959/0), network size: 0, avg network size: 0, si_in_serializable: 0 0 %, local: 0 %
I0314 14:36:26.992590 1923848 Coordinator.h:126] commit: 207736 abort: 3117264 (0/3117264/0), network size: 0, avg network size: 0, si_in_serializable: 0 0 %, local: 0 %
I0314 14:36:27.992708 1923848 Coordinator.h:126] commit: 212405 abort: 3180595 (0/3180595/0), network size: 0, avg network size: 0, si_in_serializable: 0 0 %, local: 0 %
I0314 14:36:28.992841 1923848 Coordinator.h:126] commit: 207451 abort: 3109549 (0/3109549/0), network size: 0, avg network size: 0, si_in_serializable: 0 0 %, local: 0 %
I0314 14:36:29.992961 1923848 Coordinator.h:126] commit: 209945 abort: 3148055 (0/3148055/0), network size: 0, avg network size: 0, si_in_serializable: 0 0 %, local: 0 %
I0314 14:36:30.993078 1923848 Coordinator.h:126] commit: 208356 abort: 3121515 (0/3121515/0), network size: 0, avg network size: 0, si_in_serializable: 0 0 %, local: 0 %
I0314 14:36:31.993209 1923848 Coordinator.h:126] commit: 207963 abort: 3108165 (0/3108165/0), network size: 0, avg network size: 0, si_in_serializable: 0 0 %, local: 0 %
I0314 14:36:32.993325 1923848 Coordinator.h:126] commit: 205406 abort: 3074594 (0/3074594/0), network size: 0, avg network size: 0, si_in_serializable: 0 0 %, local: 0 %
I0314 14:36:33.993438 1923848 Coordinator.h:126] commit: 205257 abort: 3076605 (0/3076605/0), network size: 0, avg network size: 0, si_in_serializable: 0 0 %, local: 0 %
I0314 14:36:34.993556 1923848 Coordinator.h:126] commit: 201057 abort: 2998080 (0/2998080/0), network size: 0, avg network size: 0, si_in_serializable: 0 0 %, local: 0 %
I0314 14:36:35.993681 1923848 Coordinator.h:126] commit: 203125 abort: 3038875 (0/3038875/0), network size: 0, avg network size: 0, si_in_serializable: 0 0 %, local: 0 %
I0314 14:36:35.993719 1923848 Coordinator.h:152] average commit: 212875 abort: 3.19261e+06 (0/3.19261e+06/0), network size: 0, avg network size: 0, si_in_serializable: 0 0 %, local: 0 %
I0314 14:36:35.993955 1923914 AriaExecutor.h:94] AriaExecutor 0 exits. 
I0314 14:36:35.993955 1923915 AriaExecutor.h:94] AriaExecutor 1 exits. 
I0314 14:36:35.993989 1923926 Manager.h:227] Manager(worker id = 12) on the coordinator node exits.
I0314 14:36:35.993975 1923923 AriaExecutor.h:94] AriaExecutor 9 exits. 
I0314 14:36:35.993956 1923917 AriaExecutor.h:94] AriaExecutor 3 exits. 
I0314 14:36:35.993956 1923919 AriaExecutor.h:94] AriaExecutor 5 exits. 
I0314 14:36:35.993957 1923925 AriaExecutor.h:94] AriaExecutor 11 exits. 
I0314 14:36:35.993975 1923924 AriaExecutor.h:94] AriaExecutor 10 exits. 
I0314 14:36:35.993957 1923922 AriaExecutor.h:94] AriaExecutor 8 exits. 
I0314 14:36:35.993975 1923918 AriaExecutor.h:94] AriaExecutor 4 exits. 
I0314 14:36:35.993975 1923921 AriaExecutor.h:94] AriaExecutor 7 exits. 
I0314 14:36:35.993955 1923916 AriaExecutor.h:94] AriaExecutor 2 exits. 
I0314 14:36:35.993976 1923920 AriaExecutor.h:94] AriaExecutor 6 exits. 
I0314 14:36:35.993763 1923848 AriaExecutor.h:535] Worker 0 latency: 4856 us (50%) 8385 us (75%) 10709 us (95%) 11665 us (99%).
I0314 14:36:36.040997 1923848 AriaExecutor.h:535] Worker 1 latency: 4153 us (50%) 7582 us (75%) 9976 us (95%) 10947 us (99%).
I0314 14:36:36.069777 1923848 AriaExecutor.h:535] Worker 2 latency: 4111 us (50%) 7436 us (75%) 9788 us (95%) 10743 us (99%).
I0314 14:36:36.098518 1923848 AriaExecutor.h:535] Worker 3 latency: 3999 us (50%) 7319 us (75%) 9674 us (95%) 10604 us (99%).
I0314 14:36:36.126222 1923848 AriaExecutor.h:535] Worker 4 latency: 3939 us (50%) 7224 us (75%) 9581 us (95%) 10492 us (99%).
I0314 14:36:36.153713 1923848 AriaExecutor.h:535] Worker 5 latency: 3968 us (50%) 7171 us (75%) 9490 us (95%) 10374 us (99%).
I0314 14:36:36.181406 1923848 AriaExecutor.h:535] Worker 6 latency: 3884 us (50%) 7065 us (75%) 9407 us (95%) 10284 us (99%).
I0314 14:36:36.208972 1923848 AriaExecutor.h:535] Worker 7 latency: 3832 us (50%) 6980 us (75%) 9323 us (95%) 10188 us (99%).
I0314 14:36:36.235860 1923848 AriaExecutor.h:535] Worker 8 latency: 3806 us (50%) 6889 us (75%) 9267 us (95%) 10111 us (99%).
I0314 14:36:36.262528 1923848 AriaExecutor.h:535] Worker 9 latency: 3766 us (50%) 6802 us (75%) 9200 us (95%) 10046 us (99%).
I0314 14:36:36.288902 1923848 AriaExecutor.h:535] Worker 10 latency: 3697 us (50%) 6707 us (75%) 9137 us (95%) 9958 us (99%).
I0314 14:36:36.314881 1923848 AriaExecutor.h:535] Worker 11 latency: 3704 us (50%) 6657 us (75%) 9078 us (95%) 9904 us (99%).
I0314 14:36:36.340930 1923848 Coordinator.h:177] total commit: 212875
I0314 14:36:37.341141 1923848 Coordinator.h:192] Coordinator exits.
