I0318 16:45:00.296155 3953287 Database.h:65] ycsb initialization finished in 100 milliseconds.
I0318 16:45:00.296392 3953287 Coordinator.h:30] Coordinator initializes 12 workers.
I0318 16:45:00.333554 3953287 Coordinator.h:77] Coordinator starts to run 13 workers.
I0318 16:45:00.333647 3953304 AriaExecutor.h:94] AriaExecutor 0 started. 
I0318 16:45:00.333689 3953305 AriaExecutor.h:94] AriaExecutor 1 started. 
I0318 16:45:00.333786 3953306 AriaExecutor.h:94] AriaExecutor 2 started. 
I0318 16:45:00.333877 3953307 AriaExecutor.h:94] AriaExecutor 3 started. 
I0318 16:45:00.333909 3953308 AriaExecutor.h:94] AriaExecutor 4 started. 
I0318 16:45:00.334125 3953309 AriaExecutor.h:94] AriaExecutor 5 started. 
I0318 16:45:00.334321 3953310 AriaExecutor.h:94] AriaExecutor 6 started. 
I0318 16:45:00.334545 3953311 AriaExecutor.h:94] AriaExecutor 7 started. 
I0318 16:45:00.334735 3953312 AriaExecutor.h:94] AriaExecutor 8 started. 
I0318 16:45:00.334920 3953313 AriaExecutor.h:94] AriaExecutor 9 started. 
I0318 16:45:00.335134 3953314 AriaExecutor.h:94] AriaExecutor 10 started. 
I0318 16:45:00.335317 3953315 AriaExecutor.h:94] AriaExecutor 11 started. 
I0318 16:45:00.335500 3953316 Manager.h:224] Manager(worker id = 12) on the coordinator node started.
I0318 16:45:01.335564 3953287 Coordinator.h:126] commit: 393275 abort: 10725 (0/10725/0), network size: 0, avg network size: 0, si_in_serializable: 0 0 %, local: 0 %
I0318 16:45:02.335714 3953287 Coordinator.h:126] commit: 399217 abort: 10783 (0/10783/0), network size: 0, avg network size: 0, si_in_serializable: 0 0 %, local: 0 %
I0318 16:45:03.335876 3953287 Coordinator.h:126] commit: 401018 abort: 10982 (0/10982/0), network size: 0, avg network size: 0, si_in_serializable: 0 0 %, local: 0 %
I0318 16:45:04.336002 3953287 Coordinator.h:126] commit: 400115 abort: 10885 (0/10885/0), network size: 0, avg network size: 0, si_in_serializable: 0 0 %, local: 0 %
I0318 16:45:05.336122 3953287 Coordinator.h:126] commit: 401988 abort: 11012 (0/11012/0), network size: 0, avg network size: 0, si_in_serializable: 0 0 %, local: 0 %
I0318 16:45:06.336237 3953287 Coordinator.h:126] commit: 400151 abort: 10849 (0/10849/0), network size: 0, avg network size: 0, si_in_serializable: 0 0 %, local: 0 %
I0318 16:45:07.336366 3953287 Coordinator.h:126] commit: 402151 abort: 10852 (0/10852/0), network size: 0, avg network size: 0, si_in_serializable: 0 0 %, local: 0 %
I0318 16:45:08.336525 3953287 Coordinator.h:126] commit: 396229 abort: 10768 (0/10768/0), network size: 0, avg network size: 0, si_in_serializable: 0 0 %, local: 0 %
I0318 16:45:09.336649 3953287 Coordinator.h:126] commit: 402175 abort: 10825 (0/10825/0), network size: 0, avg network size: 0, si_in_serializable: 0 0 %, local: 0 %
I0318 16:45:10.336767 3953287 Coordinator.h:126] commit: 402135 abort: 10865 (0/10865/0), network size: 0, avg network size: 0, si_in_serializable: 0 0 %, local: 0 %
I0318 16:45:11.336884 3953287 Coordinator.h:126] commit: 403283 abort: 10717 (0/10717/0), network size: 0, avg network size: 0, si_in_serializable: 0 0 %, local: 0 %
I0318 16:45:12.337002 3953287 Coordinator.h:126] commit: 400127 abort: 10873 (0/10873/0), network size: 0, avg network size: 0, si_in_serializable: 0 0 %, local: 0 %
I0318 16:45:13.337118 3953287 Coordinator.h:126] commit: 402011 abort: 10989 (0/10989/0), network size: 0, avg network size: 0, si_in_serializable: 0 0 %, local: 0 %
I0318 16:45:14.337272 3953287 Coordinator.h:126] commit: 402021 abort: 10979 (0/10979/0), network size: 0, avg network size: 0, si_in_serializable: 0 0 %, local: 0 %
I0318 16:45:15.337399 3953287 Coordinator.h:126] commit: 401957 abort: 11043 (0/11043/0), network size: 0, avg network size: 0, si_in_serializable: 0 0 %, local: 0 %
I0318 16:45:16.337519 3953287 Coordinator.h:126] commit: 390468 abort: 10532 (0/10532/0), network size: 0, avg network size: 0, si_in_serializable: 0 0 %, local: 0 %
I0318 16:45:17.337641 3953287 Coordinator.h:126] commit: 400891 abort: 11109 (0/11109/0), network size: 0, avg network size: 0, si_in_serializable: 0 0 %, local: 0 %
I0318 16:45:18.337759 3953287 Coordinator.h:126] commit: 401929 abort: 11071 (0/11071/0), network size: 0, avg network size: 0, si_in_serializable: 0 0 %, local: 0 %
I0318 16:45:19.337877 3953287 Coordinator.h:126] commit: 402996 abort: 11004 (0/11004/0), network size: 0, avg network size: 0, si_in_serializable: 0 0 %, local: 0 %
I0318 16:45:20.337992 3953287 Coordinator.h:126] commit: 403002 abort: 10998 (0/10998/0), network size: 0, avg network size: 0, si_in_serializable: 0 0 %, local: 0 %
I0318 16:45:21.338110 3953287 Coordinator.h:126] commit: 402021 abort: 10979 (0/10979/0), network size: 0, avg network size: 0, si_in_serializable: 0 0 %, local: 0 %
I0318 16:45:22.338227 3953287 Coordinator.h:126] commit: 402047 abort: 10953 (0/10953/0), network size: 0, avg network size: 0, si_in_serializable: 0 0 %, local: 0 %
I0318 16:45:23.338346 3953287 Coordinator.h:126] commit: 401088 abort: 10912 (0/10912/0), network size: 0, avg network size: 0, si_in_serializable: 0 0 %, local: 0 %
I0318 16:45:24.338466 3953287 Coordinator.h:126] commit: 401940 abort: 11060 (0/11060/0), network size: 0, avg network size: 0, si_in_serializable: 0 0 %, local: 0 %
I0318 16:45:25.338621 3953287 Coordinator.h:126] commit: 400407 abort: 10593 (0/10593/0), network size: 0, avg network size: 0, si_in_serializable: 0 0 %, local: 0 %
I0318 16:45:25.338672 3953287 Coordinator.h:152] average commit: 400868 abort: 10931.5 (0/10931.5/0), network size: 0, avg network size: 0, si_in_serializable: 0 0 %, local: 0 %
I0318 16:45:25.338974 3953316 Manager.h:227] Manager(worker id = 12) on the coordinator node exits.
I0318 16:45:25.338982 3953310 AriaExecutor.h:106] AriaExecutor 6 exits. 
I0318 16:45:25.338979 3953315 AriaExecutor.h:106] AriaExecutor 11 exits. 
I0318 16:45:25.338976 3953313 AriaExecutor.h:106] AriaExecutor 9 exits. 
I0318 16:45:25.338976 3953305 AriaExecutor.h:106] AriaExecutor 1 exits. 
I0318 16:45:25.338977 3953314 AriaExecutor.h:106] AriaExecutor 10 exits. 
I0318 16:45:25.338980 3953307 AriaExecutor.h:106] AriaExecutor 3 exits. 
I0318 16:45:25.338977 3953309 AriaExecutor.h:106] AriaExecutor 5 exits. 
I0318 16:45:25.338976 3953308 AriaExecutor.h:106] AriaExecutor 4 exits. 
I0318 16:45:25.338979 3953312 AriaExecutor.h:106] AriaExecutor 8 exits. 
I0318 16:45:25.338976 3953311 AriaExecutor.h:106] AriaExecutor 7 exits. 
I0318 16:45:25.338980 3953306 AriaExecutor.h:106] AriaExecutor 2 exits. 
I0318 16:45:25.338976 3953304 AriaExecutor.h:106] AriaExecutor 0 exits. 
I0318 16:45:25.338688 3953287 AriaExecutor.h:646] Worker 0 latency: 1626 us (50%) 2002 us (75%) 2299 us (95%) 2361 us (99%).
I0318 16:45:25.377840 3953287 AriaExecutor.h:646] Worker 1 latency: 1630 us (50%) 2004 us (75%) 2299 us (95%) 2361 us (99%).
I0318 16:45:25.416191 3953287 AriaExecutor.h:646] Worker 2 latency: 1628 us (50%) 2002 us (75%) 2299 us (95%) 2361 us (99%).
I0318 16:45:25.455056 3953287 AriaExecutor.h:646] Worker 3 latency: 1629 us (50%) 2003 us (75%) 2299 us (95%) 2361 us (99%).
I0318 16:45:25.494374 3953287 AriaExecutor.h:646] Worker 4 latency: 1635 us (50%) 2006 us (75%) 2299 us (95%) 2361 us (99%).
I0318 16:45:25.532979 3953287 AriaExecutor.h:646] Worker 5 latency: 1635 us (50%) 2006 us (75%) 2299 us (95%) 2361 us (99%).
I0318 16:45:25.571276 3953287 AriaExecutor.h:646] Worker 6 latency: 1635 us (50%) 2006 us (75%) 2299 us (95%) 2361 us (99%).
I0318 16:45:25.610342 3953287 AriaExecutor.h:646] Worker 7 latency: 1636 us (50%) 2006 us (75%) 2299 us (95%) 2361 us (99%).
I0318 16:45:25.649420 3953287 AriaExecutor.h:646] Worker 8 latency: 1637 us (50%) 2007 us (75%) 2300 us (95%) 2361 us (99%).
I0318 16:45:25.687660 3953287 AriaExecutor.h:646] Worker 9 latency: 1636 us (50%) 2006 us (75%) 2299 us (95%) 2361 us (99%).
I0318 16:45:25.726011 3953287 AriaExecutor.h:646] Worker 10 latency: 1638 us (50%) 2007 us (75%) 2300 us (95%) 2361 us (99%).
I0318 16:45:25.764091 3953287 AriaExecutor.h:646] Worker 11 latency: 1635 us (50%) 2006 us (75%) 2299 us (95%) 2361 us (99%).
I0318 16:45:25.802630 3953287 Coordinator.h:177] total commit: 400868
I0318 16:45:26.802832 3953287 Coordinator.h:192] Coordinator exits.
