I0313 09:34:01.801874 1351127 Database.h:65] ycsb initialization finished in 115 milliseconds.
I0313 09:34:01.802096 1351127 Coordinator.h:30] Coordinator initializes 12 workers.
I0313 09:34:01.840745 1351127 Coordinator.h:77] Coordinator starts to run 13 workers.
I0313 09:34:01.840826 1351143 AriaFBExecutor.h:86] AriaFBExecutor 0 started. 
I0313 09:34:01.840874 1351144 AriaFBExecutor.h:86] AriaFBExecutor 1 started. 
I0313 09:34:01.840986 1351145 AriaFBExecutor.h:86] AriaFBExecutor 2 started. 
I0313 09:34:01.841084 1351146 AriaFBExecutor.h:86] AriaFBExecutor 3 started. 
I0313 09:34:01.841149 1351147 AriaFBExecutor.h:86] AriaFBExecutor 4 started. 
I0313 09:34:01.841233 1351148 AriaFBExecutor.h:86] AriaFBExecutor 5 started. 
I0313 09:34:01.841352 1351149 AriaFBExecutor.h:86] AriaFBExecutor 6 started. 
I0313 09:34:01.841441 1351150 AriaFBExecutor.h:86] AriaFBExecutor 7 started. 
I0313 09:34:01.841502 1351151 AriaFBExecutor.h:86] AriaFBExecutor 8 started. 
I0313 09:34:01.841624 1351152 AriaFBExecutor.h:86] AriaFBExecutor 9 started. 
I0313 09:34:01.841729 1351153 AriaFBExecutor.h:86] AriaFBExecutor 10 started. 
I0313 09:34:01.841821 1351154 AriaFBExecutor.h:86] AriaFBExecutor 11 started. 
I0313 09:34:01.841908 1351155 Manager.h:224] Manager(worker id = 12) on the coordinator node started.
I0313 09:34:02.841960 1351127 Coordinator.h:126] commit: 55416 abort: 37654 (0/37654/0), network size: 0, avg network size: 0, si_in_serializable: 0 0 %, local: 0 %
I0313 09:34:03.842114 1351127 Coordinator.h:126] commit: 57031 abort: 38471 (0/38471/0), network size: 0, avg network size: 0, si_in_serializable: 0 0 %, local: 0 %
I0313 09:34:04.842276 1351127 Coordinator.h:126] commit: 57553 abort: 38307 (0/38307/0), network size: 0, avg network size: 0, si_in_serializable: 0 0 %, local: 0 %
I0313 09:34:05.842415 1351127 Coordinator.h:126] commit: 57347 abort: 38970 (0/38970/0), network size: 0, avg network size: 0, si_in_serializable: 0 0 %, local: 0 %
I0313 09:34:06.842540 1351127 Coordinator.h:126] commit: 57653 abort: 38207 (0/38207/0), network size: 0, avg network size: 0, si_in_serializable: 0 0 %, local: 0 %
I0313 09:34:07.842667 1351127 Coordinator.h:126] commit: 56971 abort: 38319 (0/38319/0), network size: 0, avg network size: 0, si_in_serializable: 0 0 %, local: 0 %
I0313 09:34:08.842793 1351127 Coordinator.h:126] commit: 57029 abort: 38424 (0/38424/0), network size: 0, avg network size: 0, si_in_serializable: 0 0 %, local: 0 %
I0313 09:34:09.842958 1351127 Coordinator.h:126] commit: 57586 abort: 39049 (0/39049/0), network size: 0, avg network size: 0, si_in_serializable: 0 0 %, local: 0 %
I0313 09:34:10.843092 1351127 Coordinator.h:126] commit: 57414 abort: 38433 (0/38433/0), network size: 0, avg network size: 0, si_in_serializable: 0 0 %, local: 0 %
I0313 09:34:11.843216 1351127 Coordinator.h:126] commit: 57910 abort: 39040 (0/39040/0), network size: 0, avg network size: 0, si_in_serializable: 0 0 %, local: 0 %
I0313 09:34:12.843341 1351127 Coordinator.h:126] commit: 57090 abort: 38320 (0/38320/0), network size: 0, avg network size: 0, si_in_serializable: 0 0 %, local: 0 %
I0313 09:34:13.843464 1351127 Coordinator.h:126] commit: 57858 abort: 38982 (0/38982/0), network size: 0, avg network size: 0, si_in_serializable: 0 0 %, local: 0 %
I0313 09:34:14.843587 1351127 Coordinator.h:126] commit: 57142 abort: 38274 (0/38274/0), network size: 0, avg network size: 0, si_in_serializable: 0 0 %, local: 0 %
I0313 09:34:15.843714 1351127 Coordinator.h:126] commit: 57000 abort: 38290 (0/38290/0), network size: 0, avg network size: 0, si_in_serializable: 0 0 %, local: 0 %
I0313 09:34:16.843838 1351127 Coordinator.h:126] commit: 57878 abort: 39077 (0/39077/0), network size: 0, avg network size: 0, si_in_serializable: 0 0 %, local: 0 %
I0313 09:34:17.844003 1351127 Coordinator.h:126] commit: 57122 abort: 38265 (0/38265/0), network size: 0, avg network size: 0, si_in_serializable: 0 0 %, local: 0 %
I0313 09:34:18.844137 1351127 Coordinator.h:126] commit: 57564 abort: 39085 (0/39085/0), network size: 0, avg network size: 0, si_in_serializable: 0 0 %, local: 0 %
I0313 09:34:19.844264 1351127 Coordinator.h:126] commit: 57436 abort: 38325 (0/38325/0), network size: 0, avg network size: 0, si_in_serializable: 0 0 %, local: 0 %
I0313 09:34:20.844393 1351127 Coordinator.h:126] commit: 57759 abort: 39037 (0/39037/0), network size: 0, avg network size: 0, si_in_serializable: 0 0 %, local: 0 %
I0313 09:34:21.844514 1351127 Coordinator.h:126] commit: 57241 abort: 38351 (0/38351/0), network size: 0, avg network size: 0, si_in_serializable: 0 0 %, local: 0 %
I0313 09:34:22.844640 1351127 Coordinator.h:126] commit: 57505 abort: 38986 (0/38986/0), network size: 0, avg network size: 0, si_in_serializable: 0 0 %, local: 0 %
I0313 09:34:23.844769 1351127 Coordinator.h:126] commit: 57495 abort: 38210 (0/38210/0), network size: 0, avg network size: 0, si_in_serializable: 0 0 %, local: 0 %
I0313 09:34:24.844892 1351127 Coordinator.h:126] commit: 57750 abort: 39144 (0/39144/0), network size: 0, avg network size: 0, si_in_serializable: 0 0 %, local: 0 %
I0313 09:34:25.845013 1351127 Coordinator.h:126] commit: 57250 abort: 38117 (0/38117/0), network size: 0, avg network size: 0, si_in_serializable: 0 0 %, local: 0 %
I0313 09:34:26.845139 1351127 Coordinator.h:126] commit: 57981 abort: 39058 (0/39058/0), network size: 0, avg network size: 0, si_in_serializable: 0 0 %, local: 0 %
I0313 09:34:26.845180 1351127 Coordinator.h:152] average commit: 57409 abort: 38600.6 (0/38600.6/0), network size: 0, avg network size: 0, si_in_serializable: 0 0 %, local: 0 %
I0313 09:34:26.845455 1351151 AriaFBExecutor.h:95] AriaFBExecutor 8 exits. 
I0313 09:34:26.845454 1351154 AriaFBExecutor.h:95] AriaFBExecutor 11 exits. 
I0313 09:34:26.845456 1351147 AriaFBExecutor.h:95] AriaFBExecutor 4 exits. 
I0313 09:34:26.845456 1351146 AriaFBExecutor.h:95] AriaFBExecutor 3 exits. 
I0313 09:34:26.845456 1351150 AriaFBExecutor.h:95] AriaFBExecutor 7 exits. 
I0313 09:34:26.845454 1351152 AriaFBExecutor.h:95] AriaFBExecutor 9 exits. 
I0313 09:34:26.845458 1351145 AriaFBExecutor.h:95] AriaFBExecutor 2 exits. 
I0313 09:34:26.845458 1351148 AriaFBExecutor.h:95] AriaFBExecutor 5 exits. 
I0313 09:34:26.845456 1351149 AriaFBExecutor.h:95] AriaFBExecutor 6 exits. 
I0313 09:34:26.845455 1351153 AriaFBExecutor.h:95] AriaFBExecutor 10 exits. 
I0313 09:34:26.845458 1351155 Manager.h:227] Manager(worker id = 12) on the coordinator node exits.
I0313 09:34:26.845454 1351143 AriaFBExecutor.h:95] AriaFBExecutor 0 exits. 
I0313 09:34:26.845456 1351144 AriaFBExecutor.h:95] AriaFBExecutor 1 exits. 
I0313 09:34:26.845194 1351127 AriaFBExecutor.h:803] Worker 0 latency: 9102 us (50%) 9196 us (75%) 9301 us (95%) 9443 us (99%).
I0313 09:34:26.847093 1351127 AriaFBExecutor.h:803] Worker 1 latency: 11602 us (50%) 13917 us (75%) 15788 us (95%) 16358 us (99%).
I0313 09:34:26.853984 1351127 AriaFBExecutor.h:803] Worker 2 latency: 11613 us (50%) 13923 us (75%) 15788 us (95%) 16360 us (99%).
I0313 09:34:26.860863 1351127 AriaFBExecutor.h:803] Worker 3 latency: 11608 us (50%) 13921 us (75%) 15788 us (95%) 16361 us (99%).
I0313 09:34:26.867695 1351127 AriaFBExecutor.h:803] Worker 4 latency: 11630 us (50%) 13931 us (75%) 15791 us (95%) 16361 us (99%).
I0313 09:34:26.874554 1351127 AriaFBExecutor.h:803] Worker 5 latency: 11642 us (50%) 13940 us (75%) 15795 us (95%) 16367 us (99%).
I0313 09:34:26.881407 1351127 AriaFBExecutor.h:803] Worker 6 latency: 11654 us (50%) 13945 us (75%) 15794 us (95%) 16368 us (99%).
I0313 09:34:26.888126 1351127 AriaFBExecutor.h:803] Worker 7 latency: 11659 us (50%) 13947 us (75%) 15791 us (95%) 16362 us (99%).
I0313 09:34:26.894896 1351127 AriaFBExecutor.h:803] Worker 8 latency: 11669 us (50%) 13952 us (75%) 15795 us (95%) 16365 us (99%).
I0313 09:34:26.901660 1351127 AriaFBExecutor.h:803] Worker 9 latency: 11670 us (50%) 13954 us (75%) 15797 us (95%) 16365 us (99%).
I0313 09:34:26.908429 1351127 AriaFBExecutor.h:803] Worker 10 latency: 11677 us (50%) 13957 us (75%) 15797 us (95%) 16363 us (99%).
I0313 09:34:26.915118 1351127 AriaFBExecutor.h:803] Worker 11 latency: 11695 us (50%) 13967 us (75%) 15800 us (95%) 16365 us (99%).
I0313 09:34:26.921870 1351127 Coordinator.h:177] total commit: 57409
I0313 09:34:27.922071 1351127 Coordinator.h:192] Coordinator exits.
