I0313 09:27:22.603719 1348582 Database.h:65] ycsb initialization finished in 99 milliseconds.
I0313 09:27:22.603929 1348582 Coordinator.h:30] Coordinator initializes 12 workers.
I0313 09:27:22.711392 1348582 Coordinator.h:77] Coordinator starts to run 13 workers.
I0313 09:27:22.711493 1348598 AriaExecutor.h:82] AriaExecutor 0 started. 
I0313 09:27:22.711542 1348599 AriaExecutor.h:82] AriaExecutor 1 started. 
I0313 09:27:22.711634 1348600 AriaExecutor.h:82] AriaExecutor 2 started. 
I0313 09:27:22.711707 1348601 AriaExecutor.h:82] AriaExecutor 3 started. 
I0313 09:27:22.711781 1348602 AriaExecutor.h:82] AriaExecutor 4 started. 
I0313 09:27:22.711884 1348603 AriaExecutor.h:82] AriaExecutor 5 started. 
I0313 09:27:22.711946 1348604 AriaExecutor.h:82] AriaExecutor 6 started. 
I0313 09:27:22.712013 1348605 AriaExecutor.h:82] AriaExecutor 7 started. 
I0313 09:27:22.712093 1348606 AriaExecutor.h:82] AriaExecutor 8 started. 
I0313 09:27:22.712214 1348607 AriaExecutor.h:82] AriaExecutor 9 started. 
I0313 09:27:22.712356 1348608 AriaExecutor.h:82] AriaExecutor 10 started. 
I0313 09:27:22.712476 1348609 AriaExecutor.h:82] AriaExecutor 11 started. 
I0313 09:27:22.712579 1348610 Manager.h:224] Manager(worker id = 12) on the coordinator node started.
I0313 09:27:23.712630 1348582 Coordinator.h:126] commit: 1949 abort: 110051 (0/110051/0), network size: 0, avg network size: 0, si_in_serializable: 0 0 %, local: 0 %
I0313 09:27:24.712770 1348582 Coordinator.h:126] commit: 2004 abort: 117996 (0/117996/0), network size: 0, avg network size: 0, si_in_serializable: 0 0 %, local: 0 %
I0313 09:27:25.712931 1348582 Coordinator.h:126] commit: 1953 abort: 114047 (0/114047/0), network size: 0, avg network size: 0, si_in_serializable: 0 0 %, local: 0 %
I0313 09:27:26.713059 1348582 Coordinator.h:126] commit: 1945 abort: 114055 (0/114055/0), network size: 0, avg network size: 0, si_in_serializable: 0 0 %, local: 0 %
I0313 09:27:27.713189 1348582 Coordinator.h:126] commit: 2007 abort: 117993 (0/117993/0), network size: 0, avg network size: 0, si_in_serializable: 0 0 %, local: 0 %
I0313 09:27:28.713315 1348582 Coordinator.h:126] commit: 1957 abort: 114043 (0/114043/0), network size: 0, avg network size: 0, si_in_serializable: 0 0 %, local: 0 %
I0313 09:27:29.713442 1348582 Coordinator.h:126] commit: 2043 abort: 117957 (0/117957/0), network size: 0, avg network size: 0, si_in_serializable: 0 0 %, local: 0 %
I0313 09:27:30.713608 1348582 Coordinator.h:126] commit: 1985 abort: 114015 (0/114015/0), network size: 0, avg network size: 0, si_in_serializable: 0 0 %, local: 0 %
I0313 09:27:31.713738 1348582 Coordinator.h:126] commit: 2023 abort: 113977 (0/113977/0), network size: 0, avg network size: 0, si_in_serializable: 0 0 %, local: 0 %
I0313 09:27:32.713862 1348582 Coordinator.h:126] commit: 2099 abort: 117901 (0/117901/0), network size: 0, avg network size: 0, si_in_serializable: 0 0 %, local: 0 %
I0313 09:27:33.714025 1348582 Coordinator.h:126] commit: 2032 abort: 113968 (0/113968/0), network size: 0, avg network size: 0, si_in_serializable: 0 0 %, local: 0 %
I0313 09:27:34.714155 1348582 Coordinator.h:126] commit: 2088 abort: 117912 (0/117912/0), network size: 0, avg network size: 0, si_in_serializable: 0 0 %, local: 0 %
I0313 09:27:35.714282 1348582 Coordinator.h:126] commit: 2010 abort: 113990 (0/113990/0), network size: 0, avg network size: 0, si_in_serializable: 0 0 %, local: 0 %
I0313 09:27:36.714439 1348582 Coordinator.h:126] commit: 2060 abort: 113940 (0/113940/0), network size: 0, avg network size: 0, si_in_serializable: 0 0 %, local: 0 %
I0313 09:27:37.714576 1348582 Coordinator.h:126] commit: 2023 abort: 117977 (0/117977/0), network size: 0, avg network size: 0, si_in_serializable: 0 0 %, local: 0 %
I0313 09:27:38.714699 1348582 Coordinator.h:126] commit: 1972 abort: 114028 (0/114028/0), network size: 0, avg network size: 0, si_in_serializable: 0 0 %, local: 0 %
I0313 09:27:39.714825 1348582 Coordinator.h:126] commit: 1976 abort: 114024 (0/114024/0), network size: 0, avg network size: 0, si_in_serializable: 0 0 %, local: 0 %
I0313 09:27:40.714951 1348582 Coordinator.h:126] commit: 2080 abort: 117920 (0/117920/0), network size: 0, avg network size: 0, si_in_serializable: 0 0 %, local: 0 %
I0313 09:27:41.715076 1348582 Coordinator.h:126] commit: 1973 abort: 114027 (0/114027/0), network size: 0, avg network size: 0, si_in_serializable: 0 0 %, local: 0 %
I0313 09:27:42.715235 1348582 Coordinator.h:126] commit: 1984 abort: 114016 (0/114016/0), network size: 0, avg network size: 0, si_in_serializable: 0 0 %, local: 0 %
I0313 09:27:43.715366 1348582 Coordinator.h:126] commit: 2073 abort: 117927 (0/117927/0), network size: 0, avg network size: 0, si_in_serializable: 0 0 %, local: 0 %
I0313 09:27:44.715492 1348582 Coordinator.h:126] commit: 1989 abort: 114011 (0/114011/0), network size: 0, avg network size: 0, si_in_serializable: 0 0 %, local: 0 %
I0313 09:27:45.715616 1348582 Coordinator.h:126] commit: 2069 abort: 117931 (0/117931/0), network size: 0, avg network size: 0, si_in_serializable: 0 0 %, local: 0 %
I0313 09:27:46.715739 1348582 Coordinator.h:126] commit: 1982 abort: 114018 (0/114018/0), network size: 0, avg network size: 0, si_in_serializable: 0 0 %, local: 0 %
I0313 09:27:47.715859 1348582 Coordinator.h:126] commit: 1969 abort: 114031 (0/114031/0), network size: 0, avg network size: 0, si_in_serializable: 0 0 %, local: 0 %
I0313 09:27:47.715898 1348582 Coordinator.h:152] average commit: 2019.8 abort: 115180 (0/115180/0), network size: 0, avg network size: 0, si_in_serializable: 0 0 %, local: 0 %
I0313 09:27:47.715912 1348582 AriaExecutor.h:535] Worker 0 latency: 33688 us (50%) 33835 us (75%) 34022 us (95%) 40170 us (99%).
I0313 09:27:47.718765 1348610 Manager.h:227] Manager(worker id = 12) on the coordinator node exits.
I0313 09:27:47.718766 1348600 AriaExecutor.h:94] AriaExecutor 2 exits. 
I0313 09:27:47.718766 1348608 AriaExecutor.h:94] AriaExecutor 10 exits. 
I0313 09:27:47.718766 1348603 AriaExecutor.h:94] AriaExecutor 5 exits. 
I0313 09:27:47.718766 1348602 AriaExecutor.h:94] AriaExecutor 4 exits. 
I0313 09:27:47.718766 1348604 AriaExecutor.h:94] AriaExecutor 6 exits. 
I0313 09:27:47.718766 1348601 AriaExecutor.h:94] AriaExecutor 3 exits. 
I0313 09:27:47.718766 1348609 AriaExecutor.h:94] AriaExecutor 11 exits. 
I0313 09:27:47.718766 1348606 AriaExecutor.h:94] AriaExecutor 8 exits. 
I0313 09:27:47.718766 1348598 AriaExecutor.h:94] AriaExecutor 0 exits. 
I0313 09:27:47.718766 1348607 AriaExecutor.h:94] AriaExecutor 9 exits. 
I0313 09:27:47.718766 1348599 AriaExecutor.h:94] AriaExecutor 1 exits. 
I0313 09:27:47.718766 1348605 AriaExecutor.h:94] AriaExecutor 7 exits. 
I0313 09:27:47.718989 1348582 AriaExecutor.h:535] Worker 1 latency: 33684 us (50%) 33830 us (75%) 34012 us (95%) 35112 us (99%).
I0313 09:27:47.719229 1348582 AriaExecutor.h:535] Worker 2 latency: 33676 us (50%) 33827 us (75%) 34011 us (95%) 34919 us (99%).
I0313 09:27:47.719460 1348582 AriaExecutor.h:535] Worker 3 latency: 33677 us (50%) 33822 us (75%) 34001 us (95%) 34898 us (99%).
I0313 09:27:47.719681 1348582 AriaExecutor.h:535] Worker 4 latency: 33672 us (50%) 33824 us (75%) 34016 us (95%) 35124 us (99%).
I0313 09:27:47.719928 1348582 AriaExecutor.h:535] Worker 5 latency: 33669 us (50%) 33826 us (75%) 34008 us (95%) 34828 us (99%).
I0313 09:27:47.720160 1348582 AriaExecutor.h:535] Worker 6 latency: 33672 us (50%) 33826 us (75%) 34014 us (95%) 39756 us (99%).
I0313 09:27:47.720409 1348582 AriaExecutor.h:535] Worker 7 latency: 33668 us (50%) 33823 us (75%) 34008 us (95%) 35085 us (99%).
I0313 09:27:47.720646 1348582 AriaExecutor.h:535] Worker 8 latency: 33671 us (50%) 33820 us (75%) 34005 us (95%) 40279 us (99%).
I0313 09:27:47.720873 1348582 AriaExecutor.h:535] Worker 9 latency: 33663 us (50%) 33822 us (75%) 34001 us (95%) 35109 us (99%).
I0313 09:27:47.721099 1348582 AriaExecutor.h:535] Worker 10 latency: 33654 us (50%) 33811 us (75%) 33995 us (95%) 34998 us (99%).
I0313 09:27:47.721328 1348582 AriaExecutor.h:535] Worker 11 latency: 33669 us (50%) 33821 us (75%) 34015 us (95%) 39796 us (99%).
I0313 09:27:47.721558 1348582 Coordinator.h:177] total commit: 2019.8
I0313 09:27:48.721755 1348582 Coordinator.h:192] Coordinator exits.
