I0313 09:30:28.282816 1349693 Database.h:65] ycsb initialization finished in 97 milliseconds.
I0313 09:30:28.283047 1349693 Coordinator.h:30] Coordinator initializes 12 workers.
I0313 09:30:28.321717 1349693 Coordinator.h:77] Coordinator starts to run 13 workers.
I0313 09:30:28.321805 1349710 AriaExecutor.h:82] AriaExecutor 0 started. 
I0313 09:30:28.321854 1349711 AriaExecutor.h:82] AriaExecutor 1 started. 
I0313 09:30:28.321943 1349712 AriaExecutor.h:82] AriaExecutor 2 started. 
I0313 09:30:28.321995 1349713 AriaExecutor.h:82] AriaExecutor 3 started. 
I0313 09:30:28.322062 1349714 AriaExecutor.h:82] AriaExecutor 4 started. 
I0313 09:30:28.322113 1349715 AriaExecutor.h:82] AriaExecutor 5 started. 
I0313 09:30:28.322212 1349716 AriaExecutor.h:82] AriaExecutor 6 started. 
I0313 09:30:28.322333 1349717 AriaExecutor.h:82] AriaExecutor 7 started. 
I0313 09:30:28.322417 1349718 AriaExecutor.h:82] AriaExecutor 8 started. 
I0313 09:30:28.322502 1349719 AriaExecutor.h:82] AriaExecutor 9 started. 
I0313 09:30:28.322728 1349720 AriaExecutor.h:82] AriaExecutor 10 started. 
I0313 09:30:28.322896 1349721 AriaExecutor.h:82] AriaExecutor 11 started. 
I0313 09:30:28.323050 1349722 Manager.h:224] Manager(worker id = 12) on the coordinator node started.
I0313 09:30:29.323110 1349693 Coordinator.h:126] commit: 279 abort: 129721 (0/129721/0), network size: 0, avg network size: 0, si_in_serializable: 0 0 %, local: 0 %
I0313 09:30:30.323293 1349693 Coordinator.h:126] commit: 304 abort: 132696 (0/132696/0), network size: 0, avg network size: 0, si_in_serializable: 0 0 %, local: 0 %
I0313 09:30:31.323583 1349693 Coordinator.h:126] commit: 286 abort: 131714 (0/131714/0), network size: 0, avg network size: 0, si_in_serializable: 0 0 %, local: 0 %
I0313 09:30:32.323771 1349693 Coordinator.h:126] commit: 284 abort: 132716 (0/132716/0), network size: 0, avg network size: 0, si_in_serializable: 0 0 %, local: 0 %
I0313 09:30:33.323910 1349693 Coordinator.h:126] commit: 288 abort: 132712 (0/132712/0), network size: 0, avg network size: 0, si_in_serializable: 0 0 %, local: 0 %
I0313 09:30:34.324039 1349693 Coordinator.h:126] commit: 278 abort: 131722 (0/131722/0), network size: 0, avg network size: 0, si_in_serializable: 0 0 %, local: 0 %
I0313 09:30:35.324172 1349693 Coordinator.h:126] commit: 290 abort: 132710 (0/132710/0), network size: 0, avg network size: 0, si_in_serializable: 0 0 %, local: 0 %
I0313 09:30:36.324376 1349693 Coordinator.h:126] commit: 283 abort: 132717 (0/132717/0), network size: 0, avg network size: 0, si_in_serializable: 0 0 %, local: 0 %
I0313 09:30:37.324528 1349693 Coordinator.h:126] commit: 283 abort: 132717 (0/132717/0), network size: 0, avg network size: 0, si_in_serializable: 0 0 %, local: 0 %
I0313 09:30:38.324666 1349693 Coordinator.h:126] commit: 277 abort: 132723 (0/132723/0), network size: 0, avg network size: 0, si_in_serializable: 0 0 %, local: 0 %
I0313 09:30:39.324810 1349693 Coordinator.h:126] commit: 300 abort: 132700 (0/132700/0), network size: 0, avg network size: 0, si_in_serializable: 0 0 %, local: 0 %
I0313 09:30:40.324951 1349693 Coordinator.h:126] commit: 305 abort: 131695 (0/131695/0), network size: 0, avg network size: 0, si_in_serializable: 0 0 %, local: 0 %
I0313 09:30:41.325081 1349693 Coordinator.h:126] commit: 278 abort: 131722 (0/131722/0), network size: 0, avg network size: 0, si_in_serializable: 0 0 %, local: 0 %
I0313 09:30:42.325268 1349693 Coordinator.h:126] commit: 302 abort: 132698 (0/132698/0), network size: 0, avg network size: 0, si_in_serializable: 0 0 %, local: 0 %
I0313 09:30:43.325444 1349693 Coordinator.h:126] commit: 289 abort: 132711 (0/132711/0), network size: 0, avg network size: 0, si_in_serializable: 0 0 %, local: 0 %
I0313 09:30:44.325580 1349693 Coordinator.h:126] commit: 298 abort: 131702 (0/131702/0), network size: 0, avg network size: 0, si_in_serializable: 0 0 %, local: 0 %
I0313 09:30:45.325727 1349693 Coordinator.h:126] commit: 283 abort: 132717 (0/132717/0), network size: 0, avg network size: 0, si_in_serializable: 0 0 %, local: 0 %
I0313 09:30:46.325946 1349693 Coordinator.h:126] commit: 292 abort: 131708 (0/131708/0), network size: 0, avg network size: 0, si_in_serializable: 0 0 %, local: 0 %
I0313 09:30:47.326102 1349693 Coordinator.h:126] commit: 289 abort: 132711 (0/132711/0), network size: 0, avg network size: 0, si_in_serializable: 0 0 %, local: 0 %
I0313 09:30:48.326253 1349693 Coordinator.h:126] commit: 300 abort: 132700 (0/132700/0), network size: 0, avg network size: 0, si_in_serializable: 0 0 %, local: 0 %
I0313 09:30:49.326400 1349693 Coordinator.h:126] commit: 272 abort: 131728 (0/131728/0), network size: 0, avg network size: 0, si_in_serializable: 0 0 %, local: 0 %
I0313 09:30:50.326545 1349693 Coordinator.h:126] commit: 282 abort: 132718 (0/132718/0), network size: 0, avg network size: 0, si_in_serializable: 0 0 %, local: 0 %
I0313 09:30:51.326740 1349693 Coordinator.h:126] commit: 292 abort: 132708 (0/132708/0), network size: 0, avg network size: 0, si_in_serializable: 0 0 %, local: 0 %
I0313 09:30:52.326895 1349693 Coordinator.h:126] commit: 294 abort: 132706 (0/132706/0), network size: 0, avg network size: 0, si_in_serializable: 0 0 %, local: 0 %
I0313 09:30:53.327045 1349693 Coordinator.h:126] commit: 285 abort: 131715 (0/131715/0), network size: 0, avg network size: 0, si_in_serializable: 0 0 %, local: 0 %
I0313 09:30:53.327104 1349693 Coordinator.h:152] average commit: 293.6 abort: 132306 (0/132306/0), network size: 0, avg network size: 0, si_in_serializable: 0 0 %, local: 0 %
I0313 09:30:53.327147 1349693 AriaExecutor.h:535] Worker 0 latency: 7513 us (50%) 7547 us (75%) 7604 us (95%) 7655 us (99%).
I0313 09:30:53.331547 1349717 AriaExecutor.h:94] AriaExecutor 7 exits. 
I0313 09:30:53.331547 1349711 AriaExecutor.h:94] AriaExecutor 1 exits. 
I0313 09:30:53.331547 1349716 AriaExecutor.h:94] AriaExecutor 6 exits. 
I0313 09:30:53.331548 1349719 AriaExecutor.h:94] AriaExecutor 9 exits. 
I0313 09:30:53.331547 1349718 AriaExecutor.h:94] AriaExecutor 8 exits. 
I0313 09:30:53.331547 1349710 AriaExecutor.h:94] AriaExecutor 0 exits. 
I0313 09:30:53.331560 1349720 AriaExecutor.h:94] AriaExecutor 10 exits. 
I0313 09:30:53.331547 1349714 AriaExecutor.h:94] AriaExecutor 4 exits. 
I0313 09:30:53.331568 1349722 Manager.h:227] Manager(worker id = 12) on the coordinator node exits.
I0313 09:30:53.331548 1349713 AriaExecutor.h:94] AriaExecutor 3 exits. 
I0313 09:30:53.331547 1349715 AriaExecutor.h:94] AriaExecutor 5 exits. 
I0313 09:30:53.331547 1349712 AriaExecutor.h:94] AriaExecutor 2 exits. 
I0313 09:30:53.331560 1349721 AriaExecutor.h:94] AriaExecutor 11 exits. 
I0313 09:30:53.331795 1349693 AriaExecutor.h:535] Worker 1 latency: 7510 us (50%) 7547 us (75%) 7600 us (95%) 7652 us (99%).
I0313 09:30:53.332031 1349693 AriaExecutor.h:535] Worker 2 latency: 7502 us (50%) 7538 us (75%) 7601 us (95%) 7644 us (99%).
I0313 09:30:53.332144 1349693 AriaExecutor.h:535] Worker 3 latency: 7500 us (50%) 7536 us (75%) 7588 us (95%) 7639 us (99%).
I0313 09:30:53.332207 1349693 AriaExecutor.h:535] Worker 4 latency: 7501 us (50%) 7534 us (75%) 7604 us (95%) 7656 us (99%).
I0313 09:30:53.332338 1349693 AriaExecutor.h:535] Worker 5 latency: 7483 us (50%) 7528 us (75%) 7575 us (95%) 7614 us (99%).
I0313 09:30:53.332419 1349693 AriaExecutor.h:535] Worker 6 latency: 7492 us (50%) 7522 us (75%) 7569 us (95%) 10543 us (99%).
I0313 09:30:53.332494 1349693 AriaExecutor.h:535] Worker 7 latency: 7477 us (50%) 7513 us (75%) 7583 us (95%) 10926 us (99%).
I0313 09:30:53.332563 1349693 AriaExecutor.h:535] Worker 8 latency: 7473 us (50%) 7522 us (75%) 7566 us (95%) 7613 us (99%).
I0313 09:30:53.332625 1349693 AriaExecutor.h:535] Worker 9 latency: 7470 us (50%) 7519 us (75%) 7599 us (95%) 7687 us (99%).
I0313 09:30:53.332705 1349693 AriaExecutor.h:535] Worker 10 latency: 7481 us (50%) 7527 us (75%) 7582 us (95%) 7651 us (99%).
I0313 09:30:53.332765 1349693 AriaExecutor.h:535] Worker 11 latency: 7469 us (50%) 7504 us (75%) 7587 us (95%) 7628 us (99%).
I0313 09:30:53.332850 1349693 Coordinator.h:177] total commit: 293.6
I0313 09:30:54.333083 1349693 Coordinator.h:192] Coordinator exits.
