I0313 09:25:36.227454 1347906 Database.h:65] ycsb initialization finished in 97 milliseconds.
I0313 09:25:36.227664 1347906 Coordinator.h:30] Coordinator initializes 12 workers.
I0313 09:25:36.335421 1347906 Coordinator.h:77] Coordinator starts to run 13 workers.
I0313 09:25:36.335508 1347922 AriaExecutor.h:82] AriaExecutor 0 started. 
I0313 09:25:36.335556 1347923 AriaExecutor.h:82] AriaExecutor 1 started. 
I0313 09:25:36.335641 1347924 AriaExecutor.h:82] AriaExecutor 2 started. 
I0313 09:25:36.335701 1347925 AriaExecutor.h:82] AriaExecutor 3 started. 
I0313 09:25:36.335768 1347926 AriaExecutor.h:82] AriaExecutor 4 started. 
I0313 09:25:36.335855 1347927 AriaExecutor.h:82] AriaExecutor 5 started. 
I0313 09:25:36.335955 1347928 AriaExecutor.h:82] AriaExecutor 6 started. 
I0313 09:25:36.336050 1347929 AriaExecutor.h:82] AriaExecutor 7 started. 
I0313 09:25:36.336134 1347930 AriaExecutor.h:82] AriaExecutor 8 started. 
I0313 09:25:36.336288 1347931 AriaExecutor.h:82] AriaExecutor 9 started. 
I0313 09:25:36.336380 1347932 AriaExecutor.h:82] AriaExecutor 10 started. 
I0313 09:25:36.336474 1347933 AriaExecutor.h:82] AriaExecutor 11 started. 
I0313 09:25:36.336582 1347934 Manager.h:224] Manager(worker id = 12) on the coordinator node started.
I0313 09:25:37.336640 1347906 Coordinator.h:126] commit: 6318 abort: 101682 (0/101682/0), network size: 0, avg network size: 0, si_in_serializable: 0 0 %, local: 0 %
I0313 09:25:38.336784 1347906 Coordinator.h:126] commit: 6439 abort: 105561 (0/105561/0), network size: 0, avg network size: 0, si_in_serializable: 0 0 %, local: 0 %
I0313 09:25:39.336946 1347906 Coordinator.h:126] commit: 6574 abort: 105426 (0/105426/0), network size: 0, avg network size: 0, si_in_serializable: 0 0 %, local: 0 %
I0313 09:25:40.337081 1347906 Coordinator.h:126] commit: 6499 abort: 105501 (0/105501/0), network size: 0, avg network size: 0, si_in_serializable: 0 0 %, local: 0 %
I0313 09:25:41.337208 1347906 Coordinator.h:126] commit: 6635 abort: 105365 (0/105365/0), network size: 0, avg network size: 0, si_in_serializable: 0 0 %, local: 0 %
I0313 09:25:42.337330 1347906 Coordinator.h:126] commit: 6543 abort: 105457 (0/105457/0), network size: 0, avg network size: 0, si_in_serializable: 0 0 %, local: 0 %
I0313 09:25:43.337457 1347906 Coordinator.h:126] commit: 6517 abort: 105483 (0/105483/0), network size: 0, avg network size: 0, si_in_serializable: 0 0 %, local: 0 %
I0313 09:25:44.337621 1347906 Coordinator.h:126] commit: 6470 abort: 105530 (0/105530/0), network size: 0, avg network size: 0, si_in_serializable: 0 0 %, local: 0 %
I0313 09:25:45.337754 1347906 Coordinator.h:126] commit: 6671 abort: 109329 (0/109329/0), network size: 0, avg network size: 0, si_in_serializable: 0 0 %, local: 0 %
I0313 09:25:46.337881 1347906 Coordinator.h:126] commit: 6495 abort: 105505 (0/105505/0), network size: 0, avg network size: 0, si_in_serializable: 0 0 %, local: 0 %
I0313 09:25:47.338011 1347906 Coordinator.h:126] commit: 6522 abort: 105478 (0/105478/0), network size: 0, avg network size: 0, si_in_serializable: 0 0 %, local: 0 %
I0313 09:25:48.338136 1347906 Coordinator.h:126] commit: 6456 abort: 105544 (0/105544/0), network size: 0, avg network size: 0, si_in_serializable: 0 0 %, local: 0 %
I0313 09:25:49.338294 1347906 Coordinator.h:126] commit: 6683 abort: 105317 (0/105317/0), network size: 0, avg network size: 0, si_in_serializable: 0 0 %, local: 0 %
I0313 09:25:50.338438 1347906 Coordinator.h:126] commit: 6525 abort: 105475 (0/105475/0), network size: 0, avg network size: 0, si_in_serializable: 0 0 %, local: 0 %
I0313 09:25:51.338565 1347906 Coordinator.h:126] commit: 6518 abort: 105482 (0/105482/0), network size: 0, avg network size: 0, si_in_serializable: 0 0 %, local: 0 %
I0313 09:25:52.338691 1347906 Coordinator.h:126] commit: 6578 abort: 105422 (0/105422/0), network size: 0, avg network size: 0, si_in_serializable: 0 0 %, local: 0 %
I0313 09:25:53.338821 1347906 Coordinator.h:126] commit: 6613 abort: 105387 (0/105387/0), network size: 0, avg network size: 0, si_in_serializable: 0 0 %, local: 0 %
I0313 09:25:54.338951 1347906 Coordinator.h:126] commit: 6764 abort: 109236 (0/109236/0), network size: 0, avg network size: 0, si_in_serializable: 0 0 %, local: 0 %
I0313 09:25:55.339079 1347906 Coordinator.h:126] commit: 6578 abort: 105422 (0/105422/0), network size: 0, avg network size: 0, si_in_serializable: 0 0 %, local: 0 %
I0313 09:25:56.339206 1347906 Coordinator.h:126] commit: 6520 abort: 105480 (0/105480/0), network size: 0, avg network size: 0, si_in_serializable: 0 0 %, local: 0 %
I0313 09:25:57.339336 1347906 Coordinator.h:126] commit: 6660 abort: 105340 (0/105340/0), network size: 0, avg network size: 0, si_in_serializable: 0 0 %, local: 0 %
I0313 09:25:58.339468 1347906 Coordinator.h:126] commit: 6462 abort: 105538 (0/105538/0), network size: 0, avg network size: 0, si_in_serializable: 0 0 %, local: 0 %
I0313 09:25:59.339597 1347906 Coordinator.h:126] commit: 6449 abort: 105551 (0/105551/0), network size: 0, avg network size: 0, si_in_serializable: 0 0 %, local: 0 %
I0313 09:26:00.339725 1347906 Coordinator.h:126] commit: 6548 abort: 105452 (0/105452/0), network size: 0, avg network size: 0, si_in_serializable: 0 0 %, local: 0 %
I0313 09:26:01.339884 1347906 Coordinator.h:126] commit: 6545 abort: 105455 (0/105455/0), network size: 0, avg network size: 0, si_in_serializable: 0 0 %, local: 0 %
I0313 09:26:01.339941 1347906 Coordinator.h:152] average commit: 6575.7 abort: 105824 (0/105824/0), network size: 0, avg network size: 0, si_in_serializable: 0 0 %, local: 0 %
I0313 09:26:01.339956 1347906 AriaExecutor.h:535] Worker 0 latency: 34703 us (50%) 35065 us (75%) 35375 us (95%) 36088 us (99%).
I0313 09:26:01.341262 1347931 AriaExecutor.h:94] AriaExecutor 9 exits. 
I0313 09:26:01.341262 1347923 AriaExecutor.h:94] AriaExecutor 1 exits. 
I0313 09:26:01.341264 1347929 AriaExecutor.h:94] AriaExecutor 7 exits. 
I0313 09:26:01.341264 1347933 AriaExecutor.h:94] AriaExecutor 11 exits. 
I0313 09:26:01.341264 1347934 Manager.h:227] Manager(worker id = 12) on the coordinator node exits.
I0313 09:26:01.341264 1347924 AriaExecutor.h:94] AriaExecutor 2 exits. 
I0313 09:26:01.341265 1347927 AriaExecutor.h:94] AriaExecutor 5 exits. 
I0313 09:26:01.341265 1347925 AriaExecutor.h:94] AriaExecutor 3 exits. 
I0313 09:26:01.341264 1347928 AriaExecutor.h:94] AriaExecutor 6 exits. 
I0313 09:26:01.341264 1347926 AriaExecutor.h:94] AriaExecutor 4 exits. 
I0313 09:26:01.341264 1347932 AriaExecutor.h:94] AriaExecutor 10 exits. 
I0313 09:26:01.341262 1347930 AriaExecutor.h:94] AriaExecutor 8 exits. 
I0313 09:26:01.341264 1347922 AriaExecutor.h:94] AriaExecutor 0 exits. 
I0313 09:26:01.341500 1347906 AriaExecutor.h:535] Worker 1 latency: 34701 us (50%) 35064 us (75%) 35372 us (95%) 36476 us (99%).
I0313 09:26:01.342276 1347906 AriaExecutor.h:535] Worker 2 latency: 34706 us (50%) 35064 us (75%) 35370 us (95%) 36164 us (99%).
I0313 09:26:01.343015 1347906 AriaExecutor.h:535] Worker 3 latency: 34711 us (50%) 35066 us (75%) 35371 us (95%) 36324 us (99%).
I0313 09:26:01.343760 1347906 AriaExecutor.h:535] Worker 4 latency: 34695 us (50%) 35062 us (75%) 35371 us (95%) 36223 us (99%).
I0313 09:26:01.344540 1347906 AriaExecutor.h:535] Worker 5 latency: 34695 us (50%) 35066 us (75%) 35373 us (95%) 36077 us (99%).
I0313 09:26:01.345305 1347906 AriaExecutor.h:535] Worker 6 latency: 34709 us (50%) 35070 us (75%) 35376 us (95%) 36538 us (99%).
I0313 09:26:01.346051 1347906 AriaExecutor.h:535] Worker 7 latency: 34700 us (50%) 35064 us (75%) 35374 us (95%) 36670 us (99%).
I0313 09:26:01.346807 1347906 AriaExecutor.h:535] Worker 8 latency: 34707 us (50%) 35065 us (75%) 35370 us (95%) 36261 us (99%).
I0313 09:26:01.347559 1347906 AriaExecutor.h:535] Worker 9 latency: 34708 us (50%) 35071 us (75%) 35381 us (95%) 36546 us (99%).
I0313 09:26:01.348312 1347906 AriaExecutor.h:535] Worker 10 latency: 34708 us (50%) 35060 us (75%) 35368 us (95%) 36873 us (99%).
I0313 09:26:01.349059 1347906 AriaExecutor.h:535] Worker 11 latency: 34707 us (50%) 35068 us (75%) 35373 us (95%) 36292 us (99%).
I0313 09:26:01.349804 1347906 Coordinator.h:177] total commit: 6575.7
I0313 09:26:02.350003 1347906 Coordinator.h:192] Coordinator exits.
