I0313 09:31:48.144003 1350188 Database.h:65] ycsb initialization finished in 99 milliseconds.
I0313 09:31:48.144222 1350188 Coordinator.h:30] Coordinator initializes 12 workers.
I0313 09:31:48.253309 1350188 Coordinator.h:77] Coordinator starts to run 13 workers.
I0313 09:31:48.253396 1350205 AriaFBExecutor.h:86] AriaFBExecutor 0 started. 
I0313 09:31:48.253427 1350206 AriaFBExecutor.h:86] AriaFBExecutor 1 started. 
I0313 09:31:48.253497 1350207 AriaFBExecutor.h:86] AriaFBExecutor 2 started. 
I0313 09:31:48.253573 1350208 AriaFBExecutor.h:86] AriaFBExecutor 3 started. 
I0313 09:31:48.253695 1350209 AriaFBExecutor.h:86] AriaFBExecutor 4 started. 
I0313 09:31:48.253782 1350210 AriaFBExecutor.h:86] AriaFBExecutor 5 started. 
I0313 09:31:48.253873 1350211 AriaFBExecutor.h:86] AriaFBExecutor 6 started. 
I0313 09:31:48.253970 1350212 AriaFBExecutor.h:86] AriaFBExecutor 7 started. 
I0313 09:31:48.254051 1350213 AriaFBExecutor.h:86] AriaFBExecutor 8 started. 
I0313 09:31:48.254172 1350214 AriaFBExecutor.h:86] AriaFBExecutor 9 started. 
I0313 09:31:48.254289 1350215 AriaFBExecutor.h:86] AriaFBExecutor 10 started. 
I0313 09:31:48.254395 1350216 AriaFBExecutor.h:86] AriaFBExecutor 11 started. 
I0313 09:31:48.254491 1350217 Manager.h:224] Manager(worker id = 12) on the coordinator node started.
I0313 09:31:49.254549 1350188 Coordinator.h:126] commit: 680000 abort: 14027 (0/14027/0), network size: 0, avg network size: 0, si_in_serializable: 0 0 %, local: 0 %
I0313 09:31:50.254683 1350188 Coordinator.h:126] commit: 708000 abort: 14493 (0/14493/0), network size: 0, avg network size: 0, si_in_serializable: 0 0 %, local: 0 %
I0313 09:31:51.254842 1350188 Coordinator.h:126] commit: 712000 abort: 14726 (0/14726/0), network size: 0, avg network size: 0, si_in_serializable: 0 0 %, local: 0 %
I0313 09:31:52.254973 1350188 Coordinator.h:126] commit: 716000 abort: 14815 (0/14815/0), network size: 0, avg network size: 0, si_in_serializable: 0 0 %, local: 0 %
I0313 09:31:53.255095 1350188 Coordinator.h:126] commit: 704000 abort: 14326 (0/14326/0), network size: 0, avg network size: 0, si_in_serializable: 0 0 %, local: 0 %
I0313 09:31:54.255218 1350188 Coordinator.h:126] commit: 720000 abort: 14791 (0/14791/0), network size: 0, avg network size: 0, si_in_serializable: 0 0 %, local: 0 %
I0313 09:31:55.255337 1350188 Coordinator.h:126] commit: 716000 abort: 14624 (0/14624/0), network size: 0, avg network size: 0, si_in_serializable: 0 0 %, local: 0 %
I0313 09:31:56.255494 1350188 Coordinator.h:126] commit: 716000 abort: 14671 (0/14671/0), network size: 0, avg network size: 0, si_in_serializable: 0 0 %, local: 0 %
I0313 09:31:57.255627 1350188 Coordinator.h:126] commit: 687918 abort: 14170 (0/14170/0), network size: 0, avg network size: 0, si_in_serializable: 0 0 %, local: 0 %
I0313 09:31:58.255748 1350188 Coordinator.h:126] commit: 712082 abort: 14565 (0/14565/0), network size: 0, avg network size: 0, si_in_serializable: 0 0 %, local: 0 %
I0313 09:31:59.255867 1350188 Coordinator.h:126] commit: 716000 abort: 14412 (0/14412/0), network size: 0, avg network size: 0, si_in_serializable: 0 0 %, local: 0 %
I0313 09:32:00.255985 1350188 Coordinator.h:126] commit: 720000 abort: 14678 (0/14678/0), network size: 0, avg network size: 0, si_in_serializable: 0 0 %, local: 0 %
I0313 09:32:01.256105 1350188 Coordinator.h:126] commit: 712000 abort: 14504 (0/14504/0), network size: 0, avg network size: 0, si_in_serializable: 0 0 %, local: 0 %
I0313 09:32:02.256222 1350188 Coordinator.h:126] commit: 720000 abort: 14754 (0/14754/0), network size: 0, avg network size: 0, si_in_serializable: 0 0 %, local: 0 %
I0313 09:32:03.256362 1350188 Coordinator.h:126] commit: 708000 abort: 14479 (0/14479/0), network size: 0, avg network size: 0, si_in_serializable: 0 0 %, local: 0 %
I0313 09:32:04.256520 1350188 Coordinator.h:126] commit: 719885 abort: 14288 (0/14288/0), network size: 0, avg network size: 0, si_in_serializable: 0 0 %, local: 0 %
I0313 09:32:05.256670 1350188 Coordinator.h:126] commit: 712115 abort: 14577 (0/14577/0), network size: 0, avg network size: 0, si_in_serializable: 0 0 %, local: 0 %
I0313 09:32:06.256788 1350188 Coordinator.h:126] commit: 660000 abort: 13410 (0/13410/0), network size: 0, avg network size: 0, si_in_serializable: 0 0 %, local: 0 %
I0313 09:32:07.256908 1350188 Coordinator.h:126] commit: 708000 abort: 14351 (0/14351/0), network size: 0, avg network size: 0, si_in_serializable: 0 0 %, local: 0 %
I0313 09:32:08.257027 1350188 Coordinator.h:126] commit: 716000 abort: 14422 (0/14422/0), network size: 0, avg network size: 0, si_in_serializable: 0 0 %, local: 0 %
I0313 09:32:09.257143 1350188 Coordinator.h:126] commit: 720000 abort: 14778 (0/14778/0), network size: 0, avg network size: 0, si_in_serializable: 0 0 %, local: 0 %
I0313 09:32:10.257263 1350188 Coordinator.h:126] commit: 716000 abort: 14514 (0/14514/0), network size: 0, avg network size: 0, si_in_serializable: 0 0 %, local: 0 %
I0313 09:32:11.257385 1350188 Coordinator.h:126] commit: 716000 abort: 14636 (0/14636/0), network size: 0, avg network size: 0, si_in_serializable: 0 0 %, local: 0 %
I0313 09:32:12.257503 1350188 Coordinator.h:126] commit: 720000 abort: 14702 (0/14702/0), network size: 0, avg network size: 0, si_in_serializable: 0 0 %, local: 0 %
I0313 09:32:13.257622 1350188 Coordinator.h:126] commit: 715954 abort: 14583 (0/14583/0), network size: 0, avg network size: 0, si_in_serializable: 0 0 %, local: 0 %
I0313 09:32:13.257663 1350188 Coordinator.h:152] average commit: 709200 abort: 14387.5 (0/14387.5/0), network size: 0, avg network size: 0, si_in_serializable: 0 0 %, local: 0 %
I0313 09:32:13.265143 1350205 AriaFBExecutor.h:95] AriaFBExecutor 0 exits. 
I0313 09:32:13.265143 1350211 AriaFBExecutor.h:95] AriaFBExecutor 6 exits. 
I0313 09:32:13.265143 1350208 AriaFBExecutor.h:95] AriaFBExecutor 3 exits. 
I0313 09:32:13.265143 1350215 AriaFBExecutor.h:95] AriaFBExecutor 10 exits. 
I0313 09:32:13.265143 1350217 Manager.h:227] Manager(worker id = 12) on the coordinator node exits.
I0313 09:32:13.265143 1350207 AriaFBExecutor.h:95] AriaFBExecutor 2 exits. 
I0313 09:32:13.265143 1350212 AriaFBExecutor.h:95] AriaFBExecutor 7 exits. 
I0313 09:32:13.265143 1350213 AriaFBExecutor.h:95] AriaFBExecutor 8 exits. 
I0313 09:32:13.265143 1350214 AriaFBExecutor.h:95] AriaFBExecutor 9 exits. 
I0313 09:32:13.265144 1350206 AriaFBExecutor.h:95] AriaFBExecutor 1 exits. 
I0313 09:32:13.265143 1350216 AriaFBExecutor.h:95] AriaFBExecutor 11 exits. 
I0313 09:32:13.265143 1350209 AriaFBExecutor.h:95] AriaFBExecutor 4 exits. 
I0313 09:32:13.265144 1350210 AriaFBExecutor.h:95] AriaFBExecutor 5 exits. 
I0313 09:32:13.257678 1350188 AriaFBExecutor.h:803] Worker 0 latency: 4414 us (50%) 4803 us (75%) 5130 us (95%) 5260 us (99%).
I0313 09:32:13.316231 1350188 AriaFBExecutor.h:803] Worker 1 latency: 4404 us (50%) 4796 us (75%) 5133 us (95%) 5272 us (99%).
I0313 09:32:13.375595 1350188 AriaFBExecutor.h:803] Worker 2 latency: 4400 us (50%) 4795 us (75%) 5132 us (95%) 5268 us (99%).
I0313 09:32:13.435544 1350188 AriaFBExecutor.h:803] Worker 3 latency: 4403 us (50%) 4796 us (75%) 5130 us (95%) 5264 us (99%).
I0313 09:32:13.495425 1350188 AriaFBExecutor.h:803] Worker 4 latency: 4405 us (50%) 4796 us (75%) 5129 us (95%) 5261 us (99%).
I0313 09:32:13.554360 1350188 AriaFBExecutor.h:803] Worker 5 latency: 4407 us (50%) 4797 us (75%) 5129 us (95%) 5261 us (99%).
I0313 09:32:13.613248 1350188 AriaFBExecutor.h:803] Worker 6 latency: 4407 us (50%) 4797 us (75%) 5128 us (95%) 5261 us (99%).
I0313 09:32:13.672088 1350188 AriaFBExecutor.h:803] Worker 7 latency: 4405 us (50%) 4796 us (75%) 5127 us (95%) 5258 us (99%).
I0313 09:32:13.731918 1350188 AriaFBExecutor.h:803] Worker 8 latency: 4405 us (50%) 4796 us (75%) 5128 us (95%) 5261 us (99%).
I0313 09:32:13.791167 1350188 AriaFBExecutor.h:803] Worker 9 latency: 4405 us (50%) 4795 us (75%) 5126 us (95%) 5259 us (99%).
I0313 09:32:13.850126 1350188 AriaFBExecutor.h:803] Worker 10 latency: 4406 us (50%) 4796 us (75%) 5127 us (95%) 5260 us (99%).
I0313 09:32:13.908244 1350188 AriaFBExecutor.h:803] Worker 11 latency: 4407 us (50%) 4796 us (75%) 5128 us (95%) 5260 us (99%).
I0313 09:32:13.967284 1350188 Coordinator.h:177] total commit: 709200
I0313 09:32:14.967500 1350188 Coordinator.h:192] Coordinator exits.
