I0313 09:40:14.666292 1353455 Database.h:65] ycsb initialization finished in 98 milliseconds.
I0313 09:40:14.666496 1353455 Coordinator.h:30] Coordinator initializes 12 workers.
I0313 09:40:14.704555 1353455 Coordinator.h:77] Coordinator starts to run 13 workers.
I0313 09:40:14.704644 1353475 AriaFBExecutor.h:86] AriaFBExecutor 0 started. 
I0313 09:40:14.704691 1353476 AriaFBExecutor.h:86] AriaFBExecutor 1 started. 
I0313 09:40:14.704768 1353477 AriaFBExecutor.h:86] AriaFBExecutor 2 started. 
I0313 09:40:14.704849 1353478 AriaFBExecutor.h:86] AriaFBExecutor 3 started. 
I0313 09:40:14.704902 1353479 AriaFBExecutor.h:86] AriaFBExecutor 4 started. 
I0313 09:40:14.704967 1353480 AriaFBExecutor.h:86] AriaFBExecutor 5 started. 
I0313 09:40:14.705058 1353481 AriaFBExecutor.h:86] AriaFBExecutor 6 started. 
I0313 09:40:14.705168 1353482 AriaFBExecutor.h:86] AriaFBExecutor 7 started. 
I0313 09:40:14.705248 1353483 AriaFBExecutor.h:86] AriaFBExecutor 8 started. 
I0313 09:40:14.705370 1353484 AriaFBExecutor.h:86] AriaFBExecutor 9 started. 
I0313 09:40:14.705484 1353485 AriaFBExecutor.h:86] AriaFBExecutor 10 started. 
I0313 09:40:14.705593 1353486 AriaFBExecutor.h:86] AriaFBExecutor 11 started. 
I0313 09:40:14.705704 1353487 Manager.h:224] Manager(worker id = 12) on the coordinator node started.
I0313 09:40:15.705747 1353455 Coordinator.h:126] commit: 277770 abort: 130130 (0/130130/0), network size: 0, avg network size: 0, si_in_serializable: 0 0 %, local: 0 %
I0313 09:40:16.705878 1353455 Coordinator.h:126] commit: 281230 abort: 130193 (0/130193/0), network size: 0, avg network size: 0, si_in_serializable: 0 0 %, local: 0 %
I0313 09:40:17.706032 1353455 Coordinator.h:126] commit: 282935 abort: 132062 (0/132062/0), network size: 0, avg network size: 0, si_in_serializable: 0 0 %, local: 0 %
I0313 09:40:18.706159 1353455 Coordinator.h:126] commit: 284065 abort: 132692 (0/132692/0), network size: 0, avg network size: 0, si_in_serializable: 0 0 %, local: 0 %
I0313 09:40:19.706274 1353455 Coordinator.h:126] commit: 284850 abort: 132761 (0/132761/0), network size: 0, avg network size: 0, si_in_serializable: 0 0 %, local: 0 %
I0313 09:40:20.706389 1353455 Coordinator.h:126] commit: 278946 abort: 130323 (0/130323/0), network size: 0, avg network size: 0, si_in_serializable: 0 0 %, local: 0 %
I0313 09:40:21.706503 1353455 Coordinator.h:126] commit: 284014 abort: 132602 (0/132602/0), network size: 0, avg network size: 0, si_in_serializable: 0 0 %, local: 0 %
I0313 09:40:22.706650 1353455 Coordinator.h:126] commit: 283190 abort: 132276 (0/132276/0), network size: 0, avg network size: 0, si_in_serializable: 0 0 %, local: 0 %
I0313 09:40:23.706774 1353455 Coordinator.h:126] commit: 283838 abort: 132307 (0/132307/0), network size: 0, avg network size: 0, si_in_serializable: 0 0 %, local: 0 %
I0313 09:40:24.706890 1353455 Coordinator.h:126] commit: 284041 abort: 132507 (0/132507/0), network size: 0, avg network size: 0, si_in_serializable: 0 0 %, local: 0 %
I0313 09:40:25.707006 1353455 Coordinator.h:126] commit: 275121 abort: 128267 (0/128267/0), network size: 0, avg network size: 0, si_in_serializable: 0 0 %, local: 0 %
I0313 09:40:26.707118 1353455 Coordinator.h:126] commit: 284733 abort: 132509 (0/132509/0), network size: 0, avg network size: 0, si_in_serializable: 0 0 %, local: 0 %
I0313 09:40:27.707232 1353455 Coordinator.h:126] commit: 283980 abort: 132496 (0/132496/0), network size: 0, avg network size: 0, si_in_serializable: 0 0 %, local: 0 %
I0313 09:40:28.707383 1353455 Coordinator.h:126] commit: 283981 abort: 132129 (0/132129/0), network size: 0, avg network size: 0, si_in_serializable: 0 0 %, local: 0 %
I0313 09:40:29.707509 1353455 Coordinator.h:126] commit: 282838 abort: 132055 (0/132055/0), network size: 0, avg network size: 0, si_in_serializable: 0 0 %, local: 0 %
I0313 09:40:30.707623 1353455 Coordinator.h:126] commit: 284418 abort: 132280 (0/132280/0), network size: 0, avg network size: 0, si_in_serializable: 0 0 %, local: 0 %
I0313 09:40:31.707736 1353455 Coordinator.h:126] commit: 283951 abort: 132619 (0/132619/0), network size: 0, avg network size: 0, si_in_serializable: 0 0 %, local: 0 %
I0313 09:40:32.707850 1353455 Coordinator.h:126] commit: 285007 abort: 132451 (0/132451/0), network size: 0, avg network size: 0, si_in_serializable: 0 0 %, local: 0 %
I0313 09:40:33.707964 1353455 Coordinator.h:126] commit: 284092 abort: 133006 (0/133006/0), network size: 0, avg network size: 0, si_in_serializable: 0 0 %, local: 0 %
I0313 09:40:34.708081 1353455 Coordinator.h:126] commit: 284000 abort: 132477 (0/132477/0), network size: 0, avg network size: 0, si_in_serializable: 0 0 %, local: 0 %
I0313 09:40:35.708192 1353455 Coordinator.h:126] commit: 284000 abort: 132471 (0/132471/0), network size: 0, avg network size: 0, si_in_serializable: 0 0 %, local: 0 %
I0313 09:40:36.708307 1353455 Coordinator.h:126] commit: 268000 abort: 124765 (0/124765/0), network size: 0, avg network size: 0, si_in_serializable: 0 0 %, local: 0 %
I0313 09:40:37.708453 1353455 Coordinator.h:126] commit: 283909 abort: 132291 (0/132291/0), network size: 0, avg network size: 0, si_in_serializable: 0 0 %, local: 0 %
I0313 09:40:38.708575 1353455 Coordinator.h:126] commit: 284033 abort: 132423 (0/132423/0), network size: 0, avg network size: 0, si_in_serializable: 0 0 %, local: 0 %
I0313 09:40:39.708688 1353455 Coordinator.h:126] commit: 283749 abort: 132648 (0/132648/0), network size: 0, avg network size: 0, si_in_serializable: 0 0 %, local: 0 %
I0313 09:40:39.708726 1353455 Coordinator.h:152] average commit: 283212 abort: 132029 (0/132029/0), network size: 0, avg network size: 0, si_in_serializable: 0 0 %, local: 0 %
I0313 09:40:39.709692 1353475 AriaFBExecutor.h:95] AriaFBExecutor 0 exits. 
I0313 09:40:39.709699 1353483 AriaFBExecutor.h:95] AriaFBExecutor 8 exits. 
I0313 09:40:39.709697 1353477 AriaFBExecutor.h:95] AriaFBExecutor 2 exits. 
I0313 09:40:39.709694 1353478 AriaFBExecutor.h:95] AriaFBExecutor 3 exits. 
I0313 09:40:39.709694 1353479 AriaFBExecutor.h:95] AriaFBExecutor 4 exits. 
I0313 09:40:39.709695 1353486 AriaFBExecutor.h:95] AriaFBExecutor 11 exits. 
I0313 09:40:39.709695 1353480 AriaFBExecutor.h:95] AriaFBExecutor 5 exits. 
I0313 09:40:39.709695 1353487 Manager.h:227] Manager(worker id = 12) on the coordinator node exits.
I0313 09:40:39.709697 1353485 AriaFBExecutor.h:95] AriaFBExecutor 10 exits. 
I0313 09:40:39.709699 1353482 AriaFBExecutor.h:95] AriaFBExecutor 7 exits. 
I0313 09:40:39.709698 1353476 AriaFBExecutor.h:95] AriaFBExecutor 1 exits. 
I0313 09:40:39.709697 1353484 AriaFBExecutor.h:95] AriaFBExecutor 9 exits. 
I0313 09:40:39.709694 1353481 AriaFBExecutor.h:95] AriaFBExecutor 6 exits. 
I0313 09:40:39.708741 1353455 AriaFBExecutor.h:803] Worker 0 latency: 1368 us (50%) 1665 us (75%) 1859 us (95%) 1895 us (99%).
I0313 09:40:39.724025 1353455 AriaFBExecutor.h:803] Worker 1 latency: 1879 us (50%) 2114 us (75%) 2302 us (95%) 2422 us (99%).
I0313 09:40:39.753806 1353455 AriaFBExecutor.h:803] Worker 2 latency: 1878 us (50%) 2115 us (75%) 2301 us (95%) 2422 us (99%).
I0313 09:40:39.783392 1353455 AriaFBExecutor.h:803] Worker 3 latency: 1878 us (50%) 2115 us (75%) 2301 us (95%) 2422 us (99%).
I0313 09:40:39.813169 1353455 AriaFBExecutor.h:803] Worker 4 latency: 1882 us (50%) 2116 us (75%) 2302 us (95%) 2422 us (99%).
I0313 09:40:39.842549 1353455 AriaFBExecutor.h:803] Worker 5 latency: 1881 us (50%) 2116 us (75%) 2302 us (95%) 2423 us (99%).
I0313 09:40:39.871873 1353455 AriaFBExecutor.h:803] Worker 6 latency: 1881 us (50%) 2117 us (75%) 2302 us (95%) 2422 us (99%).
I0313 09:40:39.901058 1353455 AriaFBExecutor.h:803] Worker 7 latency: 1879 us (50%) 2117 us (75%) 2302 us (95%) 2422 us (99%).
I0313 09:40:39.930409 1353455 AriaFBExecutor.h:803] Worker 8 latency: 1880 us (50%) 2117 us (75%) 2303 us (95%) 2422 us (99%).
I0313 09:40:39.959604 1353455 AriaFBExecutor.h:803] Worker 9 latency: 1880 us (50%) 2118 us (75%) 2303 us (95%) 2423 us (99%).
I0313 09:40:39.988502 1353455 AriaFBExecutor.h:803] Worker 10 latency: 1876 us (50%) 2118 us (75%) 2303 us (95%) 2422 us (99%).
I0313 09:40:40.017623 1353455 AriaFBExecutor.h:803] Worker 11 latency: 1877 us (50%) 2118 us (75%) 2303 us (95%) 2423 us (99%).
I0313 09:40:40.046387 1353455 Coordinator.h:177] total commit: 283212
I0313 09:40:41.046594 1353455 Coordinator.h:192] Coordinator exits.
