I0313 09:24:16.059535 1347411 Database.h:65] ycsb initialization finished in 98 milliseconds.
I0313 09:24:16.059742 1347411 Coordinator.h:30] Coordinator initializes 12 workers.
I0313 09:24:16.097922 1347411 Coordinator.h:77] Coordinator starts to run 13 workers.
I0313 09:24:16.097993 1347427 AriaExecutor.h:82] AriaExecutor 0 started. 
I0313 09:24:16.098053 1347428 AriaExecutor.h:82] AriaExecutor 1 started. 
I0313 09:24:16.098134 1347429 AriaExecutor.h:82] AriaExecutor 2 started. 
I0313 09:24:16.098229 1347430 AriaExecutor.h:82] AriaExecutor 3 started. 
I0313 09:24:16.098313 1347431 AriaExecutor.h:82] AriaExecutor 4 started. 
I0313 09:24:16.098381 1347432 AriaExecutor.h:82] AriaExecutor 5 started. 
I0313 09:24:16.098469 1347433 AriaExecutor.h:82] AriaExecutor 6 started. 
I0313 09:24:16.098554 1347434 AriaExecutor.h:82] AriaExecutor 7 started. 
I0313 09:24:16.098652 1347435 AriaExecutor.h:82] AriaExecutor 8 started. 
I0313 09:24:16.098760 1347436 AriaExecutor.h:82] AriaExecutor 9 started. 
I0313 09:24:16.098861 1347437 AriaExecutor.h:82] AriaExecutor 10 started. 
I0313 09:24:16.098941 1347438 AriaExecutor.h:82] AriaExecutor 11 started. 
I0313 09:24:16.099056 1347439 Manager.h:224] Manager(worker id = 12) on the coordinator node started.
I0313 09:24:17.099113 1347411 Coordinator.h:126] commit: 494227 abort: 3773 (0/3773/0), network size: 0, avg network size: 0, si_in_serializable: 0 0 %, local: 0 %
I0313 09:24:18.099249 1347411 Coordinator.h:126] commit: 502127 abort: 3873 (0/3873/0), network size: 0, avg network size: 0, si_in_serializable: 0 0 %, local: 0 %
I0313 09:24:19.099411 1347411 Coordinator.h:126] commit: 505097 abort: 3903 (0/3903/0), network size: 0, avg network size: 0, si_in_serializable: 0 0 %, local: 0 %
I0313 09:24:20.099542 1347411 Coordinator.h:126] commit: 505008 abort: 3992 (0/3992/0), network size: 0, avg network size: 0, si_in_serializable: 0 0 %, local: 0 %
I0313 09:24:21.099668 1347411 Coordinator.h:126] commit: 506060 abort: 3940 (0/3940/0), network size: 0, avg network size: 0, si_in_serializable: 0 0 %, local: 0 %
I0313 09:24:22.099788 1347411 Coordinator.h:126] commit: 503042 abort: 3958 (0/3958/0), network size: 0, avg network size: 0, si_in_serializable: 0 0 %, local: 0 %
I0313 09:24:23.099911 1347411 Coordinator.h:126] commit: 501140 abort: 3860 (0/3860/0), network size: 0, avg network size: 0, si_in_serializable: 0 0 %, local: 0 %
I0313 09:24:24.100073 1347411 Coordinator.h:126] commit: 505062 abort: 3938 (0/3938/0), network size: 0, avg network size: 0, si_in_serializable: 0 0 %, local: 0 %
I0313 09:24:25.100200 1347411 Coordinator.h:126] commit: 507226 abort: 3774 (0/3774/0), network size: 0, avg network size: 0, si_in_serializable: 0 0 %, local: 0 %
I0313 09:24:26.100324 1347411 Coordinator.h:126] commit: 507047 abort: 3953 (0/3953/0), network size: 0, avg network size: 0, si_in_serializable: 0 0 %, local: 0 %
I0313 09:24:27.100445 1347411 Coordinator.h:126] commit: 507144 abort: 3856 (0/3856/0), network size: 0, avg network size: 0, si_in_serializable: 0 0 %, local: 0 %
I0313 09:24:28.100564 1347411 Coordinator.h:126] commit: 504091 abort: 3909 (0/3909/0), network size: 0, avg network size: 0, si_in_serializable: 0 0 %, local: 0 %
I0313 09:24:29.100684 1347411 Coordinator.h:126] commit: 492226 abort: 3774 (0/3774/0), network size: 0, avg network size: 0, si_in_serializable: 0 0 %, local: 0 %
I0313 09:24:30.100807 1347411 Coordinator.h:126] commit: 506191 abort: 3809 (0/3809/0), network size: 0, avg network size: 0, si_in_serializable: 0 0 %, local: 0 %
I0313 09:24:31.100929 1347411 Coordinator.h:126] commit: 507140 abort: 3860 (0/3860/0), network size: 0, avg network size: 0, si_in_serializable: 0 0 %, local: 0 %
I0313 09:24:32.101046 1347411 Coordinator.h:126] commit: 507129 abort: 3871 (0/3871/0), network size: 0, avg network size: 0, si_in_serializable: 0 0 %, local: 0 %
I0313 09:24:33.101200 1347411 Coordinator.h:126] commit: 504952 abort: 4048 (0/4048/0), network size: 0, avg network size: 0, si_in_serializable: 0 0 %, local: 0 %
I0313 09:24:34.101326 1347411 Coordinator.h:126] commit: 507054 abort: 3946 (0/3946/0), network size: 0, avg network size: 0, si_in_serializable: 0 0 %, local: 0 %
I0313 09:24:35.101445 1347411 Coordinator.h:126] commit: 507103 abort: 3897 (0/3897/0), network size: 0, avg network size: 0, si_in_serializable: 0 0 %, local: 0 %
I0313 09:24:36.101569 1347411 Coordinator.h:126] commit: 507095 abort: 3905 (0/3905/0), network size: 0, avg network size: 0, si_in_serializable: 0 0 %, local: 0 %
I0313 09:24:37.101686 1347411 Coordinator.h:126] commit: 507085 abort: 3915 (0/3915/0), network size: 0, avg network size: 0, si_in_serializable: 0 0 %, local: 0 %
I0313 09:24:38.101804 1347411 Coordinator.h:126] commit: 507135 abort: 3865 (0/3865/0), network size: 0, avg network size: 0, si_in_serializable: 0 0 %, local: 0 %
I0313 09:24:39.101926 1347411 Coordinator.h:126] commit: 507057 abort: 3943 (0/3943/0), network size: 0, avg network size: 0, si_in_serializable: 0 0 %, local: 0 %
I0313 09:24:40.102044 1347411 Coordinator.h:126] commit: 507037 abort: 3963 (0/3963/0), network size: 0, avg network size: 0, si_in_serializable: 0 0 %, local: 0 %
I0313 09:24:41.102164 1347411 Coordinator.h:126] commit: 494156 abort: 3844 (0/3844/0), network size: 0, avg network size: 0, si_in_serializable: 0 0 %, local: 0 %
I0313 09:24:41.102205 1347411 Coordinator.h:152] average commit: 505012 abort: 3887.5 (0/3887.5/0), network size: 0, avg network size: 0, si_in_serializable: 0 0 %, local: 0 %
I0313 09:24:41.103241 1347438 AriaExecutor.h:94] AriaExecutor 11 exits. 
I0313 09:24:41.103238 1347427 AriaExecutor.h:94] AriaExecutor 0 exits. 
I0313 09:24:41.103238 1347435 AriaExecutor.h:94] AriaExecutor 8 exits. 
I0313 09:24:41.103240 1347434 AriaExecutor.h:94] AriaExecutor 7 exits. 
I0313 09:24:41.103240 1347428 AriaExecutor.h:94] AriaExecutor 1 exits. 
I0313 09:24:41.103240 1347433 AriaExecutor.h:94] AriaExecutor 6 exits. 
I0313 09:24:41.103240 1347437 AriaExecutor.h:94] AriaExecutor 10 exits. 
I0313 09:24:41.103240 1347436 AriaExecutor.h:94] AriaExecutor 9 exits. 
I0313 09:24:41.103240 1347431 AriaExecutor.h:94] AriaExecutor 4 exits. 
I0313 09:24:41.103241 1347429 AriaExecutor.h:94] AriaExecutor 2 exits. 
I0313 09:24:41.103238 1347432 AriaExecutor.h:94] AriaExecutor 5 exits. 
I0313 09:24:41.103238 1347439 Manager.h:227] Manager(worker id = 12) on the coordinator node exits.
I0313 09:24:41.103240 1347430 AriaExecutor.h:94] AriaExecutor 3 exits. 
I0313 09:24:41.102221 1347411 AriaExecutor.h:535] Worker 0 latency: 1168 us (50%) 1551 us (75%) 1856 us (95%) 1919 us (99%).
I0313 09:24:41.149606 1347411 AriaExecutor.h:535] Worker 1 latency: 1170 us (50%) 1552 us (75%) 1856 us (95%) 1919 us (99%).
I0313 09:24:41.195266 1347411 AriaExecutor.h:535] Worker 2 latency: 1169 us (50%) 1552 us (75%) 1856 us (95%) 1919 us (99%).
I0313 09:24:41.241582 1347411 AriaExecutor.h:535] Worker 3 latency: 1171 us (50%) 1552 us (75%) 1856 us (95%) 1919 us (99%).
I0313 09:24:41.288188 1347411 AriaExecutor.h:535] Worker 4 latency: 1178 us (50%) 1556 us (75%) 1857 us (95%) 1919 us (99%).
I0313 09:24:41.333771 1347411 AriaExecutor.h:535] Worker 5 latency: 1176 us (50%) 1555 us (75%) 1857 us (95%) 1919 us (99%).
I0313 09:24:41.378979 1347411 AriaExecutor.h:535] Worker 6 latency: 1177 us (50%) 1555 us (75%) 1857 us (95%) 1919 us (99%).
I0313 09:24:41.424901 1347411 AriaExecutor.h:535] Worker 7 latency: 1178 us (50%) 1556 us (75%) 1857 us (95%) 1919 us (99%).
I0313 09:24:41.470491 1347411 AriaExecutor.h:535] Worker 8 latency: 1179 us (50%) 1556 us (75%) 1857 us (95%) 1919 us (99%).
I0313 09:24:41.516645 1347411 AriaExecutor.h:535] Worker 9 latency: 1178 us (50%) 1556 us (75%) 1857 us (95%) 1919 us (99%).
I0313 09:24:41.562222 1347411 AriaExecutor.h:535] Worker 10 latency: 1179 us (50%) 1556 us (75%) 1857 us (95%) 1919 us (99%).
I0313 09:24:41.607513 1347411 AriaExecutor.h:535] Worker 11 latency: 1177 us (50%) 1555 us (75%) 1857 us (95%) 1919 us (99%).
I0313 09:24:41.653515 1347411 Coordinator.h:177] total commit: 505012
I0313 09:24:42.653726 1347411 Coordinator.h:192] Coordinator exits.
