I0330 22:42:15.017983 832581 Database.h:65] ycsb initialization finished in 96 milliseconds.
I0330 22:42:15.018216 832581 Coordinator.h:30] Coordinator initializes 12 workers.
I0330 22:42:15.056782 832581 Coordinator.h:77] Coordinator starts to run 13 workers.
I0330 22:42:15.056882 832597 AriaExecutor.h:94] AriaExecutor 0 started. 
I0330 22:42:15.056932 832598 AriaExecutor.h:94] AriaExecutor 1 started. 
I0330 22:42:15.057039 832599 AriaExecutor.h:94] AriaExecutor 2 started. 
I0330 22:42:15.057163 832600 AriaExecutor.h:94] AriaExecutor 3 started. 
I0330 22:42:15.057282 832601 AriaExecutor.h:94] AriaExecutor 4 started. 
I0330 22:42:15.057330 832602 AriaExecutor.h:94] AriaExecutor 5 started. 
I0330 22:42:15.057416 832603 AriaExecutor.h:94] AriaExecutor 6 started. 
I0330 22:42:15.057538 832604 AriaExecutor.h:94] AriaExecutor 7 started. 
I0330 22:42:15.057579 832605 AriaExecutor.h:94] AriaExecutor 8 started. 
I0330 22:42:15.057674 832606 AriaExecutor.h:94] AriaExecutor 9 started. 
I0330 22:42:15.057797 832607 AriaExecutor.h:94] AriaExecutor 10 started. 
I0330 22:42:15.057847 832608 AriaExecutor.h:94] AriaExecutor 11 started. 
I0330 22:42:15.057933 832609 Manager.h:224] Manager(worker id = 12) on the coordinator node started.
I0330 22:42:16.057983 832581 Coordinator.h:126] commit: 24775 abort: 64225 (0/64225/0), network size: 0, avg network size: 0, si_in_serializable: 0 0 %, local: 0 %
I0330 22:42:17.058149 832581 Coordinator.h:126] commit: 29679 abort: 76321 (0/76321/0), network size: 0, avg network size: 0, si_in_serializable: 0 0 %, local: 0 %
I0330 22:42:18.058331 832581 Coordinator.h:126] commit: 31713 abort: 81287 (0/81287/0), network size: 0, avg network size: 0, si_in_serializable: 0 0 %, local: 0 %
I0330 22:42:19.058458 832581 Coordinator.h:126] commit: 31894 abort: 82106 (0/82106/0), network size: 0, avg network size: 0, si_in_serializable: 0 0 %, local: 0 %
I0330 22:42:20.058558 832581 Coordinator.h:126] commit: 31864 abort: 82136 (0/82136/0), network size: 0, avg network size: 0, si_in_serializable: 0 0 %, local: 0 %
I0330 22:42:21.058666 832581 Coordinator.h:126] commit: 31528 abort: 81472 (0/81472/0), network size: 0, avg network size: 0, si_in_serializable: 0 0 %, local: 0 %
I0330 22:42:22.058789 832581 Coordinator.h:126] commit: 31929 abort: 82071 (0/82071/0), network size: 0, avg network size: 0, si_in_serializable: 0 0 %, local: 0 %
I0330 22:42:23.058965 832581 Coordinator.h:126] commit: 31969 abort: 82031 (0/82031/0), network size: 0, avg network size: 0, si_in_serializable: 0 0 %, local: 0 %
I0330 22:42:24.059091 832581 Coordinator.h:126] commit: 31905 abort: 82095 (0/82095/0), network size: 0, avg network size: 0, si_in_serializable: 0 0 %, local: 0 %
I0330 22:42:25.059204 832581 Coordinator.h:126] commit: 31872 abort: 82128 (0/82128/0), network size: 0, avg network size: 0, si_in_serializable: 0 0 %, local: 0 %
I0330 22:42:26.059330 832581 Coordinator.h:126] commit: 31691 abort: 81309 (0/81309/0), network size: 0, avg network size: 0, si_in_serializable: 0 0 %, local: 0 %
I0330 22:42:27.059470 832581 Coordinator.h:126] commit: 31854 abort: 82146 (0/82146/0), network size: 0, avg network size: 0, si_in_serializable: 0 0 %, local: 0 %
I0330 22:42:28.059607 832581 Coordinator.h:126] commit: 31830 abort: 82170 (0/82170/0), network size: 0, avg network size: 0, si_in_serializable: 0 0 %, local: 0 %
I0330 22:42:29.059738 832581 Coordinator.h:126] commit: 32069 abort: 81931 (0/81931/0), network size: 0, avg network size: 0, si_in_serializable: 0 0 %, local: 0 %
I0330 22:42:30.059876 832581 Coordinator.h:126] commit: 31985 abort: 82015 (0/82015/0), network size: 0, avg network size: 0, si_in_serializable: 0 0 %, local: 0 %
I0330 22:42:31.060009 832581 Coordinator.h:126] commit: 31946 abort: 82054 (0/82054/0), network size: 0, avg network size: 0, si_in_serializable: 0 0 %, local: 0 %
I0330 22:42:32.060114 832581 Coordinator.h:126] commit: 31850 abort: 82150 (0/82150/0), network size: 0, avg network size: 0, si_in_serializable: 0 0 %, local: 0 %
I0330 22:42:33.060226 832581 Coordinator.h:126] commit: 31832 abort: 82168 (0/82168/0), network size: 0, avg network size: 0, si_in_serializable: 0 0 %, local: 0 %
I0330 22:42:34.060403 832581 Coordinator.h:126] commit: 31693 abort: 81307 (0/81307/0), network size: 0, avg network size: 0, si_in_serializable: 0 0 %, local: 0 %
I0330 22:42:35.060534 832581 Coordinator.h:126] commit: 31987 abort: 82013 (0/82013/0), network size: 0, avg network size: 0, si_in_serializable: 0 0 %, local: 0 %
I0330 22:42:36.060670 832581 Coordinator.h:126] commit: 32096 abort: 81904 (0/81904/0), network size: 0, avg network size: 0, si_in_serializable: 0 0 %, local: 0 %
I0330 22:42:37.060813 832581 Coordinator.h:126] commit: 31669 abort: 81331 (0/81331/0), network size: 0, avg network size: 0, si_in_serializable: 0 0 %, local: 0 %
I0330 22:42:38.060933 832581 Coordinator.h:126] commit: 31935 abort: 82065 (0/82065/0), network size: 0, avg network size: 0, si_in_serializable: 0 0 %, local: 0 %
I0330 22:42:39.061053 832581 Coordinator.h:126] commit: 32044 abort: 81956 (0/81956/0), network size: 0, avg network size: 0, si_in_serializable: 0 0 %, local: 0 %
I0330 22:42:40.061249 832581 Coordinator.h:126] commit: 31880 abort: 82120 (0/82120/0), network size: 0, avg network size: 0, si_in_serializable: 0 0 %, local: 0 %
I0330 22:42:40.061308 832581 Coordinator.h:152] average commit: 31873.7 abort: 81926.3 (0/81926.3/0), network size: 0, avg network size: 0, si_in_serializable: 0 0 %, local: 0 %
I0330 22:42:40.061352 832581 Coordinator.h:182] batch stats: total_batches=33744 avg_batch_commit=23.3372 avg_batch_abort=59.9962 commit_rate=0.280046
I0330 22:42:40.066857 832597 AriaExecutor.h:106] AriaExecutor 0 exits. 
I0330 22:42:40.066857 832608 AriaExecutor.h:106] AriaExecutor 11 exits. 
I0330 22:42:40.066870 832604 AriaExecutor.h:106] AriaExecutor 7 exits. 
I0330 22:42:40.066869 832599 AriaExecutor.h:106] AriaExecutor 2 exits. 
I0330 22:42:40.066857 832601 AriaExecutor.h:106] AriaExecutor 4 exits. 
I0330 22:42:40.066869 832598 AriaExecutor.h:106] AriaExecutor 1 exits. 
I0330 22:42:40.066869 832607 AriaExecutor.h:106] AriaExecutor 10 exits. 
I0330 22:42:40.066869 832600 AriaExecutor.h:106] AriaExecutor 3 exits. 
I0330 22:42:40.066870 832602 AriaExecutor.h:106] AriaExecutor 5 exits. 
I0330 22:42:40.066870 832605 AriaExecutor.h:106] AriaExecutor 8 exits. 
I0330 22:42:40.066871 832603 AriaExecutor.h:106] AriaExecutor 6 exits. 
I0330 22:42:40.066857 832606 AriaExecutor.h:106] AriaExecutor 9 exits. 
I0330 22:42:40.066859 832609 Manager.h:227] Manager(worker id = 12) on the coordinator node exits.
I0330 22:42:40.061381 832581 AriaExecutor.h:660] Worker 0 latency: 7839 us (50%) 8339 us (75%) 8656 us (95%) 10419 us (99%).
I0330 22:42:40.071326 832581 AriaExecutor.h:660] Worker 1 latency: 7855 us (50%) 8345 us (75%) 8656 us (95%) 10389 us (99%).
I0330 22:42:40.079933 832581 AriaExecutor.h:660] Worker 2 latency: 7858 us (50%) 8345 us (75%) 8653 us (95%) 10371 us (99%).
I0330 22:42:40.085703 832581 AriaExecutor.h:660] Worker 3 latency: 7858 us (50%) 8344 us (75%) 8654 us (95%) 10379 us (99%).
I0330 22:42:40.090786 832581 AriaExecutor.h:660] Worker 4 latency: 7852 us (50%) 8344 us (75%) 8656 us (95%) 10400 us (99%).
I0330 22:42:40.094605 832581 AriaExecutor.h:660] Worker 5 latency: 7848 us (50%) 8340 us (75%) 8653 us (95%) 10384 us (99%).
I0330 22:42:40.098378 832581 AriaExecutor.h:660] Worker 6 latency: 7854 us (50%) 8342 us (75%) 8653 us (95%) 10400 us (99%).
I0330 22:42:40.102512 832581 AriaExecutor.h:660] Worker 7 latency: 7853 us (50%) 8344 us (75%) 8652 us (95%) 10378 us (99%).
I0330 22:42:40.106575 832581 AriaExecutor.h:660] Worker 8 latency: 7854 us (50%) 8344 us (75%) 8653 us (95%) 10379 us (99%).
I0330 22:42:40.110599 832581 AriaExecutor.h:660] Worker 9 latency: 7844 us (50%) 8342 us (75%) 8652 us (95%) 10387 us (99%).
I0330 22:42:40.114589 832581 AriaExecutor.h:660] Worker 10 latency: 7855 us (50%) 8344 us (75%) 8653 us (95%) 10389 us (99%).
I0330 22:42:40.118544 832581 AriaExecutor.h:660] Worker 11 latency: 7849 us (50%) 8344 us (75%) 8653 us (95%) 10392 us (99%).
I0330 22:42:40.122522 832581 Coordinator.h:198] total commit: 31873.7
I0330 22:42:41.122732 832581 Coordinator.h:213] Coordinator exits.
