I0330 22:40:55.936275 832313 Database.h:65] ycsb initialization finished in 98 milliseconds.
I0330 22:40:55.936522 832313 Coordinator.h:30] Coordinator initializes 12 workers.
I0330 22:40:55.976608 832313 Coordinator.h:77] Coordinator starts to run 13 workers.
I0330 22:40:55.976709 832329 AriaExecutor.h:94] AriaExecutor 0 started. 
I0330 22:40:55.976775 832330 AriaExecutor.h:94] AriaExecutor 1 started. 
I0330 22:40:55.976872 832331 AriaExecutor.h:94] AriaExecutor 2 started. 
I0330 22:40:55.977001 832332 AriaExecutor.h:94] AriaExecutor 3 started. 
I0330 22:40:55.977128 832333 AriaExecutor.h:94] AriaExecutor 4 started. 
I0330 22:40:55.977180 832334 AriaExecutor.h:94] AriaExecutor 5 started. 
I0330 22:40:55.977284 832335 AriaExecutor.h:94] AriaExecutor 6 started. 
I0330 22:40:55.977360 832336 AriaExecutor.h:94] AriaExecutor 7 started. 
I0330 22:40:55.977458 832337 AriaExecutor.h:94] AriaExecutor 8 started. 
I0330 22:40:55.977581 832338 AriaExecutor.h:94] AriaExecutor 9 started. 
I0330 22:40:55.977706 832339 AriaExecutor.h:94] AriaExecutor 10 started. 
I0330 22:40:55.977749 832340 AriaExecutor.h:94] AriaExecutor 11 started. 
I0330 22:40:55.977846 832341 Manager.h:224] Manager(worker id = 12) on the coordinator node started.
I0330 22:40:56.977910 832313 Coordinator.h:126] commit: 35536 abort: 55464 (0/55464/0), network size: 0, avg network size: 0, si_in_serializable: 0 0 %, local: 0 %
I0330 22:40:57.978089 832313 Coordinator.h:126] commit: 40381 abort: 62619 (0/62619/0), network size: 0, avg network size: 0, si_in_serializable: 0 0 %, local: 0 %
I0330 22:40:58.978303 832313 Coordinator.h:126] commit: 43221 abort: 66779 (0/66779/0), network size: 0, avg network size: 0, si_in_serializable: 0 0 %, local: 0 %
I0330 22:40:59.978463 832313 Coordinator.h:126] commit: 43701 abort: 67299 (0/67299/0), network size: 0, avg network size: 0, si_in_serializable: 0 0 %, local: 0 %
I0330 22:41:00.978622 832313 Coordinator.h:126] commit: 43667 abort: 67333 (0/67333/0), network size: 0, avg network size: 0, si_in_serializable: 0 0 %, local: 0 %
I0330 22:41:01.978757 832313 Coordinator.h:126] commit: 43453 abort: 67547 (0/67547/0), network size: 0, avg network size: 0, si_in_serializable: 0 0 %, local: 0 %
I0330 22:41:02.978891 832313 Coordinator.h:126] commit: 44005 abort: 67995 (0/67995/0), network size: 0, avg network size: 0, si_in_serializable: 0 0 %, local: 0 %
I0330 22:41:03.979086 832313 Coordinator.h:126] commit: 43388 abort: 67612 (0/67612/0), network size: 0, avg network size: 0, si_in_serializable: 0 0 %, local: 0 %
I0330 22:41:04.979226 832313 Coordinator.h:126] commit: 43538 abort: 67462 (0/67462/0), network size: 0, avg network size: 0, si_in_serializable: 0 0 %, local: 0 %
I0330 22:41:05.979349 832313 Coordinator.h:126] commit: 43714 abort: 68233 (0/68233/0), network size: 0, avg network size: 0, si_in_serializable: 0 0 %, local: 0 %
I0330 22:41:06.979485 832313 Coordinator.h:126] commit: 43466 abort: 67587 (0/67587/0), network size: 0, avg network size: 0, si_in_serializable: 0 0 %, local: 0 %
I0330 22:41:07.979609 832313 Coordinator.h:126] commit: 43539 abort: 67461 (0/67461/0), network size: 0, avg network size: 0, si_in_serializable: 0 0 %, local: 0 %
I0330 22:41:08.979732 832313 Coordinator.h:126] commit: 44027 abort: 67862 (0/67862/0), network size: 0, avg network size: 0, si_in_serializable: 0 0 %, local: 0 %
I0330 22:41:09.979867 832313 Coordinator.h:126] commit: 43093 abort: 67018 (0/67018/0), network size: 0, avg network size: 0, si_in_serializable: 0 0 %, local: 0 %
I0330 22:41:10.979992 832313 Coordinator.h:126] commit: 43857 abort: 68143 (0/68143/0), network size: 0, avg network size: 0, si_in_serializable: 0 0 %, local: 0 %
I0330 22:41:11.980180 832313 Coordinator.h:126] commit: 43659 abort: 67341 (0/67341/0), network size: 0, avg network size: 0, si_in_serializable: 0 0 %, local: 0 %
I0330 22:41:12.980368 832313 Coordinator.h:126] commit: 43829 abort: 68171 (0/68171/0), network size: 0, avg network size: 0, si_in_serializable: 0 0 %, local: 0 %
I0330 22:41:13.980491 832313 Coordinator.h:126] commit: 43499 abort: 67501 (0/67501/0), network size: 0, avg network size: 0, si_in_serializable: 0 0 %, local: 0 %
I0330 22:41:14.980616 832313 Coordinator.h:126] commit: 43637 abort: 67363 (0/67363/0), network size: 0, avg network size: 0, si_in_serializable: 0 0 %, local: 0 %
I0330 22:41:15.980746 832313 Coordinator.h:126] commit: 43589 abort: 67411 (0/67411/0), network size: 0, avg network size: 0, si_in_serializable: 0 0 %, local: 0 %
I0330 22:41:16.980880 832313 Coordinator.h:126] commit: 43565 abort: 67435 (0/67435/0), network size: 0, avg network size: 0, si_in_serializable: 0 0 %, local: 0 %
I0330 22:41:17.980995 832313 Coordinator.h:126] commit: 43691 abort: 67309 (0/67309/0), network size: 0, avg network size: 0, si_in_serializable: 0 0 %, local: 0 %
I0330 22:41:18.981117 832313 Coordinator.h:126] commit: 43914 abort: 68086 (0/68086/0), network size: 0, avg network size: 0, si_in_serializable: 0 0 %, local: 0 %
I0330 22:41:19.981235 832313 Coordinator.h:126] commit: 43553 abort: 67447 (0/67447/0), network size: 0, avg network size: 0, si_in_serializable: 0 0 %, local: 0 %
I0330 22:41:20.981364 832313 Coordinator.h:126] commit: 43980 abort: 68020 (0/68020/0), network size: 0, avg network size: 0, si_in_serializable: 0 0 %, local: 0 %
I0330 22:41:20.981407 832313 Coordinator.h:152] average commit: 43619.5 abort: 67585.8 (0/67585.8/0), network size: 0, avg network size: 0, si_in_serializable: 0 0 %, local: 0 %
I0330 22:41:20.981453 832313 Coordinator.h:182] batch stats: total_batches=33024 avg_batch_commit=32.6884 avg_batch_abort=50.6449 commit_rate=0.392261
I0330 22:41:20.990190 832332 AriaExecutor.h:106] AriaExecutor 3 exits. 
I0330 22:41:20.990190 832335 AriaExecutor.h:106] AriaExecutor 6 exits. 
I0330 22:41:20.990190 832339 AriaExecutor.h:106] AriaExecutor 10 exits. 
I0330 22:41:20.990195 832341 Manager.h:227] Manager(worker id = 12) on the coordinator node exits.
I0330 22:41:20.990203 832337 AriaExecutor.h:106] AriaExecutor 8 exits. 
I0330 22:41:20.990204 832340 AriaExecutor.h:106] AriaExecutor 11 exits. 
I0330 22:41:20.990204 832334 AriaExecutor.h:106] AriaExecutor 5 exits. 
I0330 22:41:20.990190 832338 AriaExecutor.h:106] AriaExecutor 9 exits. 
I0330 22:41:20.990203 832329 AriaExecutor.h:106] AriaExecutor 0 exits. 
I0330 22:41:20.990204 832330 AriaExecutor.h:106] AriaExecutor 1 exits. 
I0330 22:41:20.990190 832331 AriaExecutor.h:106] AriaExecutor 2 exits. 
I0330 22:41:20.990206 832336 AriaExecutor.h:106] AriaExecutor 7 exits. 
I0330 22:41:20.990204 832333 AriaExecutor.h:106] AriaExecutor 4 exits. 
I0330 22:41:20.981483 832313 AriaExecutor.h:660] Worker 0 latency: 7714 us (50%) 8361 us (75%) 8773 us (95%) 10041 us (99%).
I0330 22:41:20.994596 832313 AriaExecutor.h:660] Worker 1 latency: 7729 us (50%) 8365 us (75%) 8772 us (95%) 9999 us (99%).
I0330 22:41:21.002928 832313 AriaExecutor.h:660] Worker 2 latency: 7727 us (50%) 8365 us (75%) 8772 us (95%) 9997 us (99%).
I0330 22:41:21.008903 832313 AriaExecutor.h:660] Worker 3 latency: 7731 us (50%) 8366 us (75%) 8772 us (95%) 9983 us (99%).
I0330 22:41:21.014364 832313 AriaExecutor.h:660] Worker 4 latency: 7719 us (50%) 8362 us (75%) 8771 us (95%) 9974 us (99%).
I0330 22:41:21.019209 832313 AriaExecutor.h:660] Worker 5 latency: 7720 us (50%) 8361 us (75%) 8771 us (95%) 10005 us (99%).
I0330 22:41:21.024006 832313 AriaExecutor.h:660] Worker 6 latency: 7726 us (50%) 8363 us (75%) 8771 us (95%) 10004 us (99%).
I0330 22:41:21.028786 832313 AriaExecutor.h:660] Worker 7 latency: 7730 us (50%) 8366 us (75%) 8770 us (95%) 10007 us (99%).
I0330 22:41:21.033529 832313 AriaExecutor.h:660] Worker 8 latency: 7738 us (50%) 8369 us (75%) 8772 us (95%) 10004 us (99%).
I0330 22:41:21.038304 832313 AriaExecutor.h:660] Worker 9 latency: 7732 us (50%) 8363 us (75%) 8770 us (95%) 10009 us (99%).
I0330 22:41:21.043020 832313 AriaExecutor.h:660] Worker 10 latency: 7721 us (50%) 8362 us (75%) 8770 us (95%) 9997 us (99%).
I0330 22:41:21.047760 832313 AriaExecutor.h:660] Worker 11 latency: 7727 us (50%) 8364 us (75%) 8769 us (95%) 9987 us (99%).
I0330 22:41:21.052587 832313 Coordinator.h:198] total commit: 43619.5
I0330 22:41:22.052795 832313 Coordinator.h:213] Coordinator exits.
