I0330 22:41:22.300439 832414 Database.h:65] ycsb initialization finished in 98 milliseconds.
I0330 22:41:22.300669 832414 Coordinator.h:30] Coordinator initializes 12 workers.
I0330 22:41:22.339573 832414 Coordinator.h:77] Coordinator starts to run 13 workers.
I0330 22:41:22.339651 832430 AriaExecutor.h:94] AriaExecutor 0 started. 
I0330 22:41:22.339701 832431 AriaExecutor.h:94] AriaExecutor 1 started. 
I0330 22:41:22.339804 832432 AriaExecutor.h:94] AriaExecutor 2 started. 
I0330 22:41:22.339928 832433 AriaExecutor.h:94] AriaExecutor 3 started. 
I0330 22:41:22.340047 832434 AriaExecutor.h:94] AriaExecutor 4 started. 
I0330 22:41:22.340106 832435 AriaExecutor.h:94] AriaExecutor 5 started. 
I0330 22:41:22.340188 832436 AriaExecutor.h:94] AriaExecutor 6 started. 
I0330 22:41:22.340299 832437 AriaExecutor.h:94] AriaExecutor 7 started. 
I0330 22:41:22.340350 832438 AriaExecutor.h:94] AriaExecutor 8 started. 
I0330 22:41:22.340471 832439 AriaExecutor.h:94] AriaExecutor 9 started. 
I0330 22:41:22.340498 832440 AriaExecutor.h:94] AriaExecutor 10 started. 
I0330 22:41:22.340610 832441 AriaExecutor.h:94] AriaExecutor 11 started. 
I0330 22:41:22.340652 832442 Manager.h:224] Manager(worker id = 12) on the coordinator node started.
I0330 22:41:23.340695 832414 Coordinator.h:126] commit: 32554 abort: 53446 (0/53446/0), network size: 0, avg network size: 0, si_in_serializable: 0 0 %, local: 0 %
I0330 22:41:24.340834 832414 Coordinator.h:126] commit: 39017 abort: 63983 (0/63983/0), network size: 0, avg network size: 0, si_in_serializable: 0 0 %, local: 0 %
I0330 22:41:25.341028 832414 Coordinator.h:126] commit: 41601 abort: 68399 (0/68399/0), network size: 0, avg network size: 0, si_in_serializable: 0 0 %, local: 0 %
I0330 22:41:26.341176 832414 Coordinator.h:126] commit: 42438 abort: 69562 (0/69562/0), network size: 0, avg network size: 0, si_in_serializable: 0 0 %, local: 0 %
I0330 22:41:27.341291 832414 Coordinator.h:126] commit: 41836 abort: 69164 (0/69164/0), network size: 0, avg network size: 0, si_in_serializable: 0 0 %, local: 0 %
I0330 22:41:28.341403 832414 Coordinator.h:126] commit: 41740 abort: 69260 (0/69260/0), network size: 0, avg network size: 0, si_in_serializable: 0 0 %, local: 0 %
I0330 22:41:29.341499 832414 Coordinator.h:126] commit: 41947 abort: 69053 (0/69053/0), network size: 0, avg network size: 0, si_in_serializable: 0 0 %, local: 0 %
I0330 22:41:30.341676 832414 Coordinator.h:126] commit: 42033 abort: 68967 (0/68967/0), network size: 0, avg network size: 0, si_in_serializable: 0 0 %, local: 0 %
I0330 22:41:31.341832 832414 Coordinator.h:126] commit: 42450 abort: 69550 (0/69550/0), network size: 0, avg network size: 0, si_in_serializable: 0 0 %, local: 0 %
I0330 22:41:32.341945 832414 Coordinator.h:126] commit: 41905 abort: 69095 (0/69095/0), network size: 0, avg network size: 0, si_in_serializable: 0 0 %, local: 0 %
I0330 22:41:33.342046 832414 Coordinator.h:126] commit: 41991 abort: 69009 (0/69009/0), network size: 0, avg network size: 0, si_in_serializable: 0 0 %, local: 0 %
I0330 22:41:34.342145 832414 Coordinator.h:126] commit: 42352 abort: 69648 (0/69648/0), network size: 0, avg network size: 0, si_in_serializable: 0 0 %, local: 0 %
I0330 22:41:35.342269 832414 Coordinator.h:126] commit: 41979 abort: 69021 (0/69021/0), network size: 0, avg network size: 0, si_in_serializable: 0 0 %, local: 0 %
I0330 22:41:36.342383 832414 Coordinator.h:126] commit: 41694 abort: 69306 (0/69306/0), network size: 0, avg network size: 0, si_in_serializable: 0 0 %, local: 0 %
I0330 22:41:37.342499 832414 Coordinator.h:126] commit: 41841 abort: 69159 (0/69159/0), network size: 0, avg network size: 0, si_in_serializable: 0 0 %, local: 0 %
I0330 22:41:38.342603 832414 Coordinator.h:126] commit: 41859 abort: 69141 (0/69141/0), network size: 0, avg network size: 0, si_in_serializable: 0 0 %, local: 0 %
I0330 22:41:39.342731 832414 Coordinator.h:126] commit: 42243 abort: 69757 (0/69757/0), network size: 0, avg network size: 0, si_in_serializable: 0 0 %, local: 0 %
I0330 22:41:40.342872 832414 Coordinator.h:126] commit: 41929 abort: 69071 (0/69071/0), network size: 0, avg network size: 0, si_in_serializable: 0 0 %, local: 0 %
I0330 22:41:41.343061 832414 Coordinator.h:126] commit: 41881 abort: 69119 (0/69119/0), network size: 0, avg network size: 0, si_in_serializable: 0 0 %, local: 0 %
I0330 22:41:42.343204 832414 Coordinator.h:126] commit: 41941 abort: 69059 (0/69059/0), network size: 0, avg network size: 0, si_in_serializable: 0 0 %, local: 0 %
I0330 22:41:43.343308 832414 Coordinator.h:126] commit: 41875 abort: 69125 (0/69125/0), network size: 0, avg network size: 0, si_in_serializable: 0 0 %, local: 0 %
I0330 22:41:44.343426 832414 Coordinator.h:126] commit: 42350 abort: 69650 (0/69650/0), network size: 0, avg network size: 0, si_in_serializable: 0 0 %, local: 0 %
I0330 22:41:45.343554 832414 Coordinator.h:126] commit: 42041 abort: 68959 (0/68959/0), network size: 0, avg network size: 0, si_in_serializable: 0 0 %, local: 0 %
I0330 22:41:46.343662 832414 Coordinator.h:126] commit: 42146 abort: 68854 (0/68854/0), network size: 0, avg network size: 0, si_in_serializable: 0 0 %, local: 0 %
I0330 22:41:47.343776 832414 Coordinator.h:126] commit: 42110 abort: 69890 (0/69890/0), network size: 0, avg network size: 0, si_in_serializable: 0 0 %, local: 0 %
I0330 22:41:47.343811 832414 Coordinator.h:152] average commit: 41971 abort: 69229 (0/69229/0), network size: 0, avg network size: 0, si_in_serializable: 0 0 %, local: 0 %
I0330 22:41:47.343854 832414 Coordinator.h:182] batch stats: total_batches=32964 avg_batch_commit=31.4814 avg_batch_abort=51.8519 commit_rate=0.377777
I0330 22:41:47.350224 832437 AriaExecutor.h:106] AriaExecutor 7 exits. 
I0330 22:41:47.350247 832442 Manager.h:227] Manager(worker id = 12) on the coordinator node exits.
I0330 22:41:47.350224 832438 AriaExecutor.h:106] AriaExecutor 8 exits. 
I0330 22:41:47.350225 832435 AriaExecutor.h:106] AriaExecutor 5 exits. 
I0330 22:41:47.350237 832434 AriaExecutor.h:106] AriaExecutor 4 exits. 
I0330 22:41:47.350239 832432 AriaExecutor.h:106] AriaExecutor 2 exits. 
I0330 22:41:47.350239 832431 AriaExecutor.h:106] AriaExecutor 1 exits. 
I0330 22:41:47.350240 832439 AriaExecutor.h:106] AriaExecutor 9 exits. 
I0330 22:41:47.350239 832441 AriaExecutor.h:106] AriaExecutor 11 exits. 
I0330 22:41:47.350239 832436 AriaExecutor.h:106] AriaExecutor 6 exits. 
I0330 22:41:47.350241 832433 AriaExecutor.h:106] AriaExecutor 3 exits. 
I0330 22:41:47.350241 832440 AriaExecutor.h:106] AriaExecutor 10 exits. 
I0330 22:41:47.350225 832430 AriaExecutor.h:106] AriaExecutor 0 exits. 
I0330 22:41:47.343884 832414 AriaExecutor.h:660] Worker 0 latency: 7763 us (50%) 8388 us (75%) 8788 us (95%) 10550 us (99%).
I0330 22:41:47.356266 832414 AriaExecutor.h:660] Worker 1 latency: 7771 us (50%) 8390 us (75%) 8787 us (95%) 10498 us (99%).
I0330 22:41:47.365334 832414 AriaExecutor.h:660] Worker 2 latency: 7772 us (50%) 8390 us (75%) 8787 us (95%) 10510 us (99%).
I0330 22:41:47.371749 832414 AriaExecutor.h:660] Worker 3 latency: 7772 us (50%) 8392 us (75%) 8785 us (95%) 10506 us (99%).
I0330 22:41:47.376883 832414 AriaExecutor.h:660] Worker 4 latency: 7765 us (50%) 8387 us (75%) 8783 us (95%) 10471 us (99%).
I0330 22:41:47.381454 832414 AriaExecutor.h:660] Worker 5 latency: 7765 us (50%) 8389 us (75%) 8784 us (95%) 10491 us (99%).
I0330 22:41:47.386034 832414 AriaExecutor.h:660] Worker 6 latency: 7771 us (50%) 8391 us (75%) 8786 us (95%) 10491 us (99%).
I0330 22:41:47.390653 832414 AriaExecutor.h:660] Worker 7 latency: 7775 us (50%) 8392 us (75%) 8785 us (95%) 10503 us (99%).
I0330 22:41:47.395251 832414 AriaExecutor.h:660] Worker 8 latency: 7773 us (50%) 8394 us (75%) 8787 us (95%) 10498 us (99%).
I0330 22:41:47.399782 832414 AriaExecutor.h:660] Worker 9 latency: 7773 us (50%) 8391 us (75%) 8785 us (95%) 10489 us (99%).
I0330 22:41:47.404351 832414 AriaExecutor.h:660] Worker 10 latency: 7771 us (50%) 8389 us (75%) 8786 us (95%) 10504 us (99%).
I0330 22:41:47.408941 832414 AriaExecutor.h:660] Worker 11 latency: 7774 us (50%) 8392 us (75%) 8786 us (95%) 10485 us (99%).
I0330 22:41:47.413493 832414 Coordinator.h:198] total commit: 41971
I0330 22:41:48.413717 832414 Coordinator.h:213] Coordinator exits.
