I0318 15:26:38.175758 3901172 Database.h:65] ycsb initialization finished in 98 milliseconds.
I0318 15:26:38.175974 3901172 Coordinator.h:30] Coordinator initializes 12 workers.
I0318 15:26:38.213297 3901172 Coordinator.h:77] Coordinator starts to run 13 workers.
I0318 15:26:38.213402 3901200 AriaExecutor.h:82] AriaExecutor 0 started. 
I0318 15:26:38.213436 3901201 AriaExecutor.h:82] AriaExecutor 1 started. 
I0318 15:26:38.213518 3901202 AriaExecutor.h:82] AriaExecutor 2 started. 
I0318 15:26:38.213613 3901203 AriaExecutor.h:82] AriaExecutor 3 started. 
I0318 15:26:38.213722 3901204 AriaExecutor.h:82] AriaExecutor 4 started. 
I0318 15:26:38.213842 3901205 AriaExecutor.h:82] AriaExecutor 5 started. 
I0318 15:26:38.213953 3901206 AriaExecutor.h:82] AriaExecutor 6 started. 
I0318 15:26:38.214054 3901207 AriaExecutor.h:82] AriaExecutor 7 started. 
I0318 15:26:38.214162 3901208 AriaExecutor.h:82] AriaExecutor 8 started. 
I0318 15:26:38.214267 3901209 AriaExecutor.h:82] AriaExecutor 9 started. 
I0318 15:26:38.214360 3901210 AriaExecutor.h:82] AriaExecutor 10 started. 
I0318 15:26:38.214474 3901211 AriaExecutor.h:82] AriaExecutor 11 started. 
I0318 15:26:38.214577 3901212 Manager.h:224] Manager(worker id = 12) on the coordinator node started.
I0318 15:26:39.214623 3901172 Coordinator.h:126] commit: 88921 abort: 707079 (0/707079/0), network size: 0, avg network size: 0, si_in_serializable: 0 0 %, local: 0 %
I0318 15:26:40.214775 3901172 Coordinator.h:126] commit: 87867 abort: 701133 (0/701133/0), network size: 0, avg network size: 0, si_in_serializable: 0 0 %, local: 0 %
I0318 15:26:41.214931 3901172 Coordinator.h:126] commit: 88990 abort: 702010 (0/702010/0), network size: 0, avg network size: 0, si_in_serializable: 0 0 %, local: 0 %
I0318 15:26:42.215059 3901172 Coordinator.h:126] commit: 86839 abort: 699161 (0/699161/0), network size: 0, avg network size: 0, si_in_serializable: 0 0 %, local: 0 %
I0318 15:26:43.215180 3901172 Coordinator.h:126] commit: 86935 abort: 691065 (0/691065/0), network size: 0, avg network size: 0, si_in_serializable: 0 0 %, local: 0 %
I0318 15:26:44.215301 3901172 Coordinator.h:126] commit: 87177 abort: 682823 (0/682823/0), network size: 0, avg network size: 0, si_in_serializable: 0 0 %, local: 0 %
I0318 15:26:45.215415 3901172 Coordinator.h:126] commit: 87708 abort: 698292 (0/698292/0), network size: 0, avg network size: 0, si_in_serializable: 0 0 %, local: 0 %
I0318 15:26:46.215569 3901172 Coordinator.h:126] commit: 88275 abort: 695725 (0/695725/0), network size: 0, avg network size: 0, si_in_serializable: 0 0 %, local: 0 %
I0318 15:26:47.215694 3901172 Coordinator.h:126] commit: 88610 abort: 703390 (0/703390/0), network size: 0, avg network size: 0, si_in_serializable: 0 0 %, local: 0 %
I0318 15:26:48.215809 3901172 Coordinator.h:126] commit: 88197 abort: 701803 (0/701803/0), network size: 0, avg network size: 0, si_in_serializable: 0 0 %, local: 0 %
I0318 15:26:49.215924 3901172 Coordinator.h:126] commit: 88885 abort: 706115 (0/706115/0), network size: 0, avg network size: 0, si_in_serializable: 0 0 %, local: 0 %
I0318 15:26:50.216037 3901172 Coordinator.h:126] commit: 89382 abort: 704618 (0/704618/0), network size: 0, avg network size: 0, si_in_serializable: 0 0 %, local: 0 %
I0318 15:26:51.216151 3901172 Coordinator.h:126] commit: 87476 abort: 694524 (0/694524/0), network size: 0, avg network size: 0, si_in_serializable: 0 0 %, local: 0 %
I0318 15:26:52.216270 3901172 Coordinator.h:126] commit: 87487 abort: 690513 (0/690513/0), network size: 0, avg network size: 0, si_in_serializable: 0 0 %, local: 0 %
I0318 15:26:53.216387 3901172 Coordinator.h:126] commit: 87140 abort: 703807 (0/703807/0), network size: 0, avg network size: 0, si_in_serializable: 0 0 %, local: 0 %
I0318 15:26:54.216537 3901172 Coordinator.h:126] commit: 85831 abort: 706021 (0/706021/0), network size: 0, avg network size: 0, si_in_serializable: 0 0 %, local: 0 %
I0318 15:26:55.216663 3901172 Coordinator.h:126] commit: 88287 abort: 697914 (0/697914/0), network size: 0, avg network size: 0, si_in_serializable: 0 0 %, local: 0 %
I0318 15:26:56.216784 3901172 Coordinator.h:126] commit: 88109 abort: 696891 (0/696891/0), network size: 0, avg network size: 0, si_in_serializable: 0 0 %, local: 0 %
I0318 15:26:57.216893 3901172 Coordinator.h:126] commit: 87780 abort: 692220 (0/692220/0), network size: 0, avg network size: 0, si_in_serializable: 0 0 %, local: 0 %
I0318 15:26:58.217010 3901172 Coordinator.h:126] commit: 87892 abort: 697108 (0/697108/0), network size: 0, avg network size: 0, si_in_serializable: 0 0 %, local: 0 %
I0318 15:26:59.217128 3901172 Coordinator.h:126] commit: 87116 abort: 698884 (0/698884/0), network size: 0, avg network size: 0, si_in_serializable: 0 0 %, local: 0 %
I0318 15:27:00.217247 3901172 Coordinator.h:126] commit: 87548 abort: 694452 (0/694452/0), network size: 0, avg network size: 0, si_in_serializable: 0 0 %, local: 0 %
I0318 15:27:01.217362 3901172 Coordinator.h:126] commit: 87267 abort: 699733 (0/699733/0), network size: 0, avg network size: 0, si_in_serializable: 0 0 %, local: 0 %
I0318 15:27:02.217476 3901172 Coordinator.h:126] commit: 88825 abort: 696175 (0/696175/0), network size: 0, avg network size: 0, si_in_serializable: 0 0 %, local: 0 %
I0318 15:27:03.217592 3901172 Coordinator.h:126] commit: 86783 abort: 687217 (0/687217/0), network size: 0, avg network size: 0, si_in_serializable: 0 0 %, local: 0 %
I0318 15:27:03.217629 3901172 Coordinator.h:152] average commit: 87826.9 abort: 698973 (0/698973/0), network size: 0, avg network size: 0, si_in_serializable: 0 0 %, local: 0 %
I0318 15:27:03.217718 3901212 Manager.h:227] Manager(worker id = 12) on the coordinator node exits.
I0318 15:27:03.217720 3901208 AriaExecutor.h:94] AriaExecutor 8 exits. 
I0318 15:27:03.217718 3901205 AriaExecutor.h:94] AriaExecutor 5 exits. 
I0318 15:27:03.217720 3901200 AriaExecutor.h:94] AriaExecutor 0 exits. 
I0318 15:27:03.217720 3901203 AriaExecutor.h:94] AriaExecutor 3 exits. 
I0318 15:27:03.217720 3901209 AriaExecutor.h:94] AriaExecutor 9 exits. 
I0318 15:27:03.217720 3901206 AriaExecutor.h:94] AriaExecutor 6 exits. 
I0318 15:27:03.217721 3901202 AriaExecutor.h:94] AriaExecutor 2 exits. 
I0318 15:27:03.217720 3901201 AriaExecutor.h:94] AriaExecutor 1 exits. 
I0318 15:27:03.217720 3901207 AriaExecutor.h:94] AriaExecutor 7 exits. 
I0318 15:27:03.217721 3901204 AriaExecutor.h:94] AriaExecutor 4 exits. 
I0318 15:27:03.217720 3901210 AriaExecutor.h:94] AriaExecutor 10 exits. 
I0318 15:27:03.217720 3901211 AriaExecutor.h:94] AriaExecutor 11 exits. 
I0318 15:27:03.217645 3901172 AriaExecutor.h:535] Worker 0 latency: 4702 us (50%) 24782 us (75%) 64660 us (95%) 73697 us (99%).
I0318 15:27:03.231600 3901172 AriaExecutor.h:535] Worker 1 latency: 1094 us (50%) 16228 us (75%) 51183 us (95%) 66357 us (99%).
I0318 15:27:03.243026 3901172 AriaExecutor.h:535] Worker 2 latency: 1340 us (50%) 16388 us (75%) 48961 us (95%) 63949 us (99%).
I0318 15:27:03.254739 3901172 AriaExecutor.h:535] Worker 3 latency: 1079 us (50%) 15356 us (75%) 48158 us (95%) 62817 us (99%).
I0318 15:27:03.266135 3901172 AriaExecutor.h:535] Worker 4 latency: 1060 us (50%) 14897 us (75%) 47822 us (95%) 61886 us (99%).
I0318 15:27:03.276165 3901172 AriaExecutor.h:535] Worker 5 latency: 1067 us (50%) 14939 us (75%) 47076 us (95%) 60964 us (99%).
I0318 15:27:03.286594 3901172 AriaExecutor.h:535] Worker 6 latency: 1059 us (50%) 14520 us (75%) 46613 us (95%) 60739 us (99%).
I0318 15:27:03.296926 3901172 AriaExecutor.h:535] Worker 7 latency: 1052 us (50%) 13867 us (75%) 46279 us (95%) 60252 us (99%).
I0318 15:27:03.307092 3901172 AriaExecutor.h:535] Worker 8 latency: 1050 us (50%) 13724 us (75%) 45707 us (95%) 59621 us (99%).
I0318 15:27:03.317274 3901172 AriaExecutor.h:535] Worker 9 latency: 1048 us (50%) 13618 us (75%) 45423 us (95%) 59091 us (99%).
I0318 15:27:03.327467 3901172 AriaExecutor.h:535] Worker 10 latency: 1046 us (50%) 13463 us (75%) 45072 us (95%) 58497 us (99%).
I0318 15:27:03.337654 3901172 AriaExecutor.h:535] Worker 11 latency: 1051 us (50%) 13761 us (75%) 44616 us (95%) 57829 us (99%).
I0318 15:27:03.348271 3901172 Coordinator.h:177] total commit: 87826.9
I0318 15:27:04.348459 3901172 Coordinator.h:192] Coordinator exits.
