I0318 15:35:11.993556 3907108 Database.h:65] ycsb initialization finished in 98 milliseconds.
I0318 15:35:11.993783 3907108 Coordinator.h:30] Coordinator initializes 12 workers.
I0318 15:35:12.030781 3907108 Coordinator.h:77] Coordinator starts to run 13 workers.
I0318 15:35:12.030865 3907125 AriaExecutor.h:94] AriaExecutor 0 started. 
I0318 15:35:12.030890 3907126 AriaExecutor.h:94] AriaExecutor 1 started. 
I0318 15:35:12.031011 3907127 AriaExecutor.h:94] AriaExecutor 2 started. 
I0318 15:35:12.031098 3907128 AriaExecutor.h:94] AriaExecutor 3 started. 
I0318 15:35:12.031188 3907129 AriaExecutor.h:94] AriaExecutor 4 started. 
I0318 15:35:12.031288 3907130 AriaExecutor.h:94] AriaExecutor 5 started. 
I0318 15:35:12.031366 3907131 AriaExecutor.h:94] AriaExecutor 6 started. 
I0318 15:35:12.031462 3907132 AriaExecutor.h:94] AriaExecutor 7 started. 
I0318 15:35:12.031558 3907133 AriaExecutor.h:94] AriaExecutor 8 started. 
I0318 15:35:12.031652 3907134 AriaExecutor.h:94] AriaExecutor 9 started. 
I0318 15:35:12.031757 3907135 AriaExecutor.h:94] AriaExecutor 10 started. 
I0318 15:35:12.031862 3907136 AriaExecutor.h:94] AriaExecutor 11 started. 
I0318 15:35:12.031955 3907137 Manager.h:224] Manager(worker id = 12) on the coordinator node started.
I0318 15:35:13.032011 3907108 Coordinator.h:126] commit: 364609 abort: 424391 (0/424391/0), network size: 0, avg network size: 0, si_in_serializable: 0 0 %, local: 0 %
I0318 15:35:14.032142 3907108 Coordinator.h:126] commit: 347229 abort: 482771 (0/482771/0), network size: 0, avg network size: 0, si_in_serializable: 0 0 %, local: 0 %
I0318 15:35:15.032292 3907108 Coordinator.h:126] commit: 352941 abort: 470059 (0/470059/0), network size: 0, avg network size: 0, si_in_serializable: 0 0 %, local: 0 %
I0318 15:35:16.032418 3907108 Coordinator.h:126] commit: 350472 abort: 479528 (0/479528/0), network size: 0, avg network size: 0, si_in_serializable: 0 0 %, local: 0 %
I0318 15:35:17.032534 3907108 Coordinator.h:126] commit: 351919 abort: 452081 (0/452081/0), network size: 0, avg network size: 0, si_in_serializable: 0 0 %, local: 0 %
I0318 15:35:18.032650 3907108 Coordinator.h:126] commit: 348008 abort: 461992 (0/461992/0), network size: 0, avg network size: 0, si_in_serializable: 0 0 %, local: 0 %
I0318 15:35:19.032770 3907108 Coordinator.h:126] commit: 350058 abort: 459942 (0/459942/0), network size: 0, avg network size: 0, si_in_serializable: 0 0 %, local: 0 %
I0318 15:35:20.032923 3907108 Coordinator.h:126] commit: 350063 abort: 452937 (0/452937/0), network size: 0, avg network size: 0, si_in_serializable: 0 0 %, local: 0 %
I0318 15:35:21.033048 3907108 Coordinator.h:126] commit: 326651 abort: 493349 (0/493349/0), network size: 0, avg network size: 0, si_in_serializable: 0 0 %, local: 0 %
I0318 15:35:22.033164 3907108 Coordinator.h:126] commit: 337193 abort: 453807 (0/453807/0), network size: 0, avg network size: 0, si_in_serializable: 0 0 %, local: 0 %
I0318 15:35:23.033310 3907108 Coordinator.h:126] commit: 339620 abort: 466380 (0/466380/0), network size: 0, avg network size: 0, si_in_serializable: 0 0 %, local: 0 %
I0318 15:35:24.033433 3907108 Coordinator.h:126] commit: 340492 abort: 467508 (0/467508/0), network size: 0, avg network size: 0, si_in_serializable: 0 0 %, local: 0 %
I0318 15:35:25.033550 3907108 Coordinator.h:126] commit: 340031 abort: 453969 (0/453969/0), network size: 0, avg network size: 0, si_in_serializable: 0 0 %, local: 0 %
I0318 15:35:26.033666 3907108 Coordinator.h:126] commit: 343594 abort: 455406 (0/455406/0), network size: 0, avg network size: 0, si_in_serializable: 0 0 %, local: 0 %
I0318 15:35:27.033812 3907108 Coordinator.h:126] commit: 338046 abort: 459954 (0/459954/0), network size: 0, avg network size: 0, si_in_serializable: 0 0 %, local: 0 %
I0318 15:35:28.033938 3907108 Coordinator.h:126] commit: 343695 abort: 449305 (0/449305/0), network size: 0, avg network size: 0, si_in_serializable: 0 0 %, local: 0 %
I0318 15:35:29.034054 3907108 Coordinator.h:126] commit: 335479 abort: 475521 (0/475521/0), network size: 0, avg network size: 0, si_in_serializable: 0 0 %, local: 0 %
I0318 15:35:30.034174 3907108 Coordinator.h:126] commit: 333465 abort: 458535 (0/458535/0), network size: 0, avg network size: 0, si_in_serializable: 0 0 %, local: 0 %
I0318 15:35:31.034291 3907108 Coordinator.h:126] commit: 326581 abort: 407419 (0/407419/0), network size: 0, avg network size: 0, si_in_serializable: 0 0 %, local: 0 %
I0318 15:35:32.034408 3907108 Coordinator.h:126] commit: 333608 abort: 469392 (0/469392/0), network size: 0, avg network size: 0, si_in_serializable: 0 0 %, local: 0 %
I0318 15:35:33.034554 3907108 Coordinator.h:126] commit: 334869 abort: 464131 (0/464131/0), network size: 0, avg network size: 0, si_in_serializable: 0 0 %, local: 0 %
I0318 15:35:34.034680 3907108 Coordinator.h:126] commit: 333209 abort: 478791 (0/478791/0), network size: 0, avg network size: 0, si_in_serializable: 0 0 %, local: 0 %
I0318 15:35:35.034799 3907108 Coordinator.h:126] commit: 343068 abort: 445932 (0/445932/0), network size: 0, avg network size: 0, si_in_serializable: 0 0 %, local: 0 %
I0318 15:35:36.034919 3907108 Coordinator.h:126] commit: 338137 abort: 461863 (0/461863/0), network size: 0, avg network size: 0, si_in_serializable: 0 0 %, local: 0 %
I0318 15:35:37.035038 3907108 Coordinator.h:126] commit: 342250 abort: 450750 (0/450750/0), network size: 0, avg network size: 0, si_in_serializable: 0 0 %, local: 0 %
I0318 15:35:37.035079 3907108 Coordinator.h:152] average commit: 337461 abort: 456339 (0/456339/0), network size: 0, avg network size: 0, si_in_serializable: 0 0 %, local: 0 %
I0318 15:35:37.036796 3907129 AriaExecutor.h:106] AriaExecutor 4 exits. 
I0318 15:35:37.036798 3907131 AriaExecutor.h:106] AriaExecutor 6 exits. 
I0318 15:35:37.036798 3907127 AriaExecutor.h:106] AriaExecutor 2 exits. 
I0318 15:35:37.036798 3907130 AriaExecutor.h:106] AriaExecutor 5 exits. 
I0318 15:35:37.036798 3907135 AriaExecutor.h:106] AriaExecutor 10 exits. 
I0318 15:35:37.036798 3907132 AriaExecutor.h:106] AriaExecutor 7 exits. 
I0318 15:35:37.036798 3907133 AriaExecutor.h:106] AriaExecutor 8 exits. 
I0318 15:35:37.036799 3907137 Manager.h:227] Manager(worker id = 12) on the coordinator node exits.
I0318 15:35:37.036799 3907125 AriaExecutor.h:106] AriaExecutor 0 exits. 
I0318 15:35:37.036799 3907126 AriaExecutor.h:106] AriaExecutor 1 exits. 
I0318 15:35:37.036798 3907136 AriaExecutor.h:106] AriaExecutor 11 exits. 
I0318 15:35:37.036798 3907128 AriaExecutor.h:106] AriaExecutor 3 exits. 
I0318 15:35:37.036798 3907134 AriaExecutor.h:106] AriaExecutor 9 exits. 
I0318 15:35:37.035092 3907108 AriaExecutor.h:646] Worker 0 latency: 795 us (50%) 983 us (75%) 19958 us (95%) 134169 us (99%).
I0318 15:35:37.071247 3907108 AriaExecutor.h:646] Worker 1 latency: 787 us (50%) 968 us (75%) 1845 us (95%) 55883 us (99%).
I0318 15:35:37.105407 3907108 AriaExecutor.h:646] Worker 2 latency: 785 us (50%) 966 us (75%) 1839 us (95%) 54468 us (99%).
I0318 15:35:37.140131 3907108 AriaExecutor.h:646] Worker 3 latency: 786 us (50%) 967 us (75%) 1821 us (95%) 53125 us (99%).
I0318 15:35:37.174924 3907108 AriaExecutor.h:646] Worker 4 latency: 791 us (50%) 969 us (75%) 1800 us (95%) 53075 us (99%).
I0318 15:35:37.208350 3907108 AriaExecutor.h:646] Worker 5 latency: 788 us (50%) 966 us (75%) 1794 us (95%) 51125 us (99%).
I0318 15:35:37.242182 3907108 AriaExecutor.h:646] Worker 6 latency: 788 us (50%) 966 us (75%) 1782 us (95%) 51362 us (99%).
I0318 15:35:37.275805 3907108 AriaExecutor.h:646] Worker 7 latency: 789 us (50%) 968 us (75%) 1768 us (95%) 51055 us (99%).
I0318 15:35:37.309588 3907108 AriaExecutor.h:646] Worker 8 latency: 790 us (50%) 969 us (75%) 1772 us (95%) 50014 us (99%).
I0318 15:35:37.343752 3907108 AriaExecutor.h:646] Worker 9 latency: 789 us (50%) 968 us (75%) 1763 us (95%) 50642 us (99%).
I0318 15:35:37.377912 3907108 AriaExecutor.h:646] Worker 10 latency: 789 us (50%) 968 us (75%) 1751 us (95%) 49842 us (99%).
I0318 15:35:37.411973 3907108 AriaExecutor.h:646] Worker 11 latency: 785 us (50%) 966 us (75%) 1775 us (95%) 49973 us (99%).
I0318 15:35:37.446372 3907108 Coordinator.h:177] total commit: 337461
I0318 15:35:38.446580 3907108 Coordinator.h:192] Coordinator exits.
