I0331 22:00:11.315659 1044725 Database.h:137] creating hash tables for database...
I0331 22:00:11.318720 1044725 Database.h:119] warehouse initialization finished in 1 milliseconds.
I0331 22:00:11.320127 1044725 Database.h:119] district initialization finished in 1 milliseconds.
I0331 22:00:11.560762 1044725 Database.h:119] customer initialization finished in 240 milliseconds.
I0331 22:00:11.591074 1044725 Database.h:119] customer_name_idx initialization finished in 30 milliseconds.
I0331 22:00:11.744628 1044725 Database.h:119] item initialization finished in 153 milliseconds.
I0331 22:00:12.294477 1044725 Database.h:119] stock initialization finished in 549 milliseconds.
I0331 22:00:12.294539 1044725 Coordinator.h:30] Coordinator initializes 12 workers.
I0331 22:00:12.317730 1044725 Coordinator.h:77] Coordinator starts to run 13 workers.
I0331 22:00:12.317858 1044790 AriaExecutor.h:82] AriaExecutor 0 started. 
I0331 22:00:12.318002 1044791 AriaExecutor.h:82] AriaExecutor 1 started. 
I0331 22:00:12.318046 1044792 AriaExecutor.h:82] AriaExecutor 2 started. 
I0331 22:00:12.318156 1044793 AriaExecutor.h:82] AriaExecutor 3 started. 
I0331 22:00:12.318275 1044794 AriaExecutor.h:82] AriaExecutor 4 started. 
I0331 22:00:12.318397 1044795 AriaExecutor.h:82] AriaExecutor 5 started. 
I0331 22:00:12.318511 1044796 AriaExecutor.h:82] AriaExecutor 6 started. 
I0331 22:00:12.318636 1044797 AriaExecutor.h:82] AriaExecutor 7 started. 
I0331 22:00:12.318750 1044798 AriaExecutor.h:82] AriaExecutor 8 started. 
I0331 22:00:12.318869 1044799 AriaExecutor.h:82] AriaExecutor 9 started. 
I0331 22:00:12.318989 1044800 AriaExecutor.h:82] AriaExecutor 10 started. 
I0331 22:00:12.319114 1044801 AriaExecutor.h:82] AriaExecutor 11 started. 
I0331 22:00:12.319238 1044802 Manager.h:224] Manager(worker id = 12) on the coordinator node started.
I0331 22:00:13.319298 1044725 Coordinator.h:126] commit: 8133 abort: 929867 (9478/920389/0), network size: 0, avg network size: 0, si_in_serializable: 0 0 %, local: 0 %
I0331 22:00:14.319500 1044725 Coordinator.h:126] commit: 9050 abort: 1037950 (10262/1027688/0), network size: 0, avg network size: 0, si_in_serializable: 0 0 %, local: 0 %
I0331 22:00:15.319715 1044725 Coordinator.h:126] commit: 9577 abort: 1088423 (10869/1077554/0), network size: 0, avg network size: 0, si_in_serializable: 0 0 %, local: 0 %
I0331 22:00:16.319875 1044725 Coordinator.h:126] commit: 9570 abort: 1093430 (11020/1082410/0), network size: 0, avg network size: 0, si_in_serializable: 0 0 %, local: 0 %
I0331 22:00:17.320008 1044725 Coordinator.h:126] commit: 9636 abort: 1094364 (11020/1083344/0), network size: 0, avg network size: 0, si_in_serializable: 0 0 %, local: 0 %
I0331 22:00:18.320178 1044725 Coordinator.h:126] commit: 9481 abort: 1088519 (10974/1077545/0), network size: 0, avg network size: 0, si_in_serializable: 0 0 %, local: 0 %
I0331 22:00:19.320365 1044725 Coordinator.h:126] commit: 9585 abort: 1093415 (11070/1082345/0), network size: 0, avg network size: 0, si_in_serializable: 0 0 %, local: 0 %
I0331 22:00:20.320571 1044725 Coordinator.h:126] commit: 9615 abort: 1095385 (10898/1084487/0), network size: 0, avg network size: 0, si_in_serializable: 0 0 %, local: 0 %
I0331 22:00:21.320724 1044725 Coordinator.h:126] commit: 9629 abort: 1094371 (11029/1083342/0), network size: 0, avg network size: 0, si_in_serializable: 0 0 %, local: 0 %
I0331 22:00:22.320851 1044725 Coordinator.h:126] commit: 9591 abort: 1093409 (11087/1082322/0), network size: 0, avg network size: 0, si_in_serializable: 0 0 %, local: 0 %
I0331 22:00:23.320991 1044725 Coordinator.h:126] commit: 9623 abort: 1094377 (10987/1083390/0), network size: 0, avg network size: 0, si_in_serializable: 0 0 %, local: 0 %
I0331 22:00:24.321130 1044725 Coordinator.h:126] commit: 9512 abort: 1091488 (10937/1080551/0), network size: 0, avg network size: 0, si_in_serializable: 0 0 %, local: 0 %
I0331 22:00:25.321275 1044725 Coordinator.h:126] commit: 9534 abort: 1094466 (10957/1083509/0), network size: 0, avg network size: 0, si_in_serializable: 0 0 %, local: 0 %
I0331 22:00:26.321467 1044725 Coordinator.h:126] commit: 9535 abort: 1089465 (11099/1078366/0), network size: 0, avg network size: 0, si_in_serializable: 0 0 %, local: 0 %
I0331 22:00:27.321614 1044725 Coordinator.h:126] commit: 9574 abort: 1093426 (10871/1082555/0), network size: 0, avg network size: 0, si_in_serializable: 0 0 %, local: 0 %
I0331 22:00:28.321779 1044725 Coordinator.h:126] commit: 9625 abort: 1094375 (11046/1083329/0), network size: 0, avg network size: 0, si_in_serializable: 0 0 %, local: 0 %
I0331 22:00:29.321943 1044725 Coordinator.h:126] commit: 9636 abort: 1093364 (10966/1082398/0), network size: 0, avg network size: 0, si_in_serializable: 0 0 %, local: 0 %
I0331 22:00:30.322090 1044725 Coordinator.h:126] commit: 9657 abort: 1094343 (11162/1083181/0), network size: 0, avg network size: 0, si_in_serializable: 0 0 %, local: 0 %
I0331 22:00:31.322216 1044725 Coordinator.h:126] commit: 9580 abort: 1093420 (11041/1082379/0), network size: 0, avg network size: 0, si_in_serializable: 0 0 %, local: 0 %
I0331 22:00:32.322347 1044725 Coordinator.h:126] commit: 9589 abort: 1093411 (11066/1082345/0), network size: 0, avg network size: 0, si_in_serializable: 0 0 %, local: 0 %
I0331 22:00:33.322482 1044725 Coordinator.h:126] commit: 9654 abort: 1094346 (10990/1083356/0), network size: 0, avg network size: 0, si_in_serializable: 0 0 %, local: 0 %
I0331 22:00:34.322638 1044725 Coordinator.h:126] commit: 9605 abort: 1094395 (11166/1083229/0), network size: 0, avg network size: 0, si_in_serializable: 0 0 %, local: 0 %
I0331 22:00:35.322790 1044725 Coordinator.h:126] commit: 9627 abort: 1093373 (10947/1082426/0), network size: 0, avg network size: 0, si_in_serializable: 0 0 %, local: 0 %
I0331 22:00:36.322921 1044725 Coordinator.h:126] commit: 9613 abort: 1092387 (11098/1081289/0), network size: 0, avg network size: 0, si_in_serializable: 0 0 %, local: 0 %
I0331 22:00:37.323097 1044725 Coordinator.h:126] commit: 9544 abort: 1088456 (10882/1077574/0), network size: 0, avg network size: 0, si_in_serializable: 0 0 %, local: 0 %
I0331 22:00:37.323158 1044725 Coordinator.h:152] average commit: 9586.5 abort: 1.09321e+06 (11013.2/1.0822e+06/0), network size: 0, avg network size: 0, si_in_serializable: 0 0 %, local: 0 %
I0331 22:00:37.323710 1044790 AriaExecutor.h:94] AriaExecutor 0 exits. 
I0331 22:00:37.323719 1044801 AriaExecutor.h:94] AriaExecutor 11 exits. 
I0331 22:00:37.323720 1044795 AriaExecutor.h:94] AriaExecutor 5 exits. 
I0331 22:00:37.323710 1044792 AriaExecutor.h:94] AriaExecutor 2 exits. 
I0331 22:00:37.323710 1044797 AriaExecutor.h:94] AriaExecutor 7 exits. 
I0331 22:00:37.323720 1044798 AriaExecutor.h:94] AriaExecutor 8 exits. 
I0331 22:00:37.323731 1044800 AriaExecutor.h:94] AriaExecutor 10 exits. 
I0331 22:00:37.323720 1044796 AriaExecutor.h:94] AriaExecutor 6 exits. 
I0331 22:00:37.323721 1044799 AriaExecutor.h:94] AriaExecutor 9 exits. 
I0331 22:00:37.323721 1044793 AriaExecutor.h:94] AriaExecutor 3 exits. 
I0331 22:00:37.323726 1044794 AriaExecutor.h:94] AriaExecutor 4 exits. 
I0331 22:00:37.323732 1044802 Manager.h:227] Manager(worker id = 12) on the coordinator node exits.
I0331 22:00:37.323719 1044791 AriaExecutor.h:94] AriaExecutor 1 exits. 
I0331 22:00:37.323204 1044725 AriaExecutor.h:535] Worker 0 latency: 892 us (50%) 904 us (75%) 935 us (95%) 1048 us (99%).
I0331 22:00:37.327646 1044725 AriaExecutor.h:535] Worker 1 latency: 892 us (50%) 904 us (75%) 936 us (95%) 1049 us (99%).
I0331 22:00:37.331516 1044725 AriaExecutor.h:535] Worker 2 latency: 892 us (50%) 904 us (75%) 935 us (95%) 1048 us (99%).
I0331 22:00:37.334465 1044725 AriaExecutor.h:535] Worker 3 latency: 892 us (50%) 904 us (75%) 935 us (95%) 1048 us (99%).
I0331 22:00:37.337054 1044725 AriaExecutor.h:535] Worker 4 latency: 891 us (50%) 903 us (75%) 935 us (95%) 1047 us (99%).
I0331 22:00:37.339273 1044725 AriaExecutor.h:535] Worker 5 latency: 891 us (50%) 904 us (75%) 936 us (95%) 1049 us (99%).
I0331 22:00:37.341226 1044725 AriaExecutor.h:535] Worker 6 latency: 891 us (50%) 904 us (75%) 935 us (95%) 1048 us (99%).
I0331 22:00:37.342604 1044725 AriaExecutor.h:535] Worker 7 latency: 891 us (50%) 904 us (75%) 935 us (95%) 1049 us (99%).
I0331 22:00:37.343679 1044725 AriaExecutor.h:535] Worker 8 latency: 891 us (50%) 903 us (75%) 933 us (95%) 1047 us (99%).
I0331 22:00:37.344638 1044725 AriaExecutor.h:535] Worker 9 latency: 891 us (50%) 903 us (75%) 932 us (95%) 1048 us (99%).
I0331 22:00:37.345464 1044725 AriaExecutor.h:535] Worker 10 latency: 891 us (50%) 903 us (75%) 937 us (95%) 1048 us (99%).
I0331 22:00:37.346194 1044725 AriaExecutor.h:535] Worker 11 latency: 891 us (50%) 903 us (75%) 935 us (95%) 1049 us (99%).
I0331 22:00:37.346894 1044725 Coordinator.h:177] total commit: 9586.5
I0331 22:00:38.347111 1044725 Coordinator.h:192] Coordinator exits.
