I0319 08:23:36.523074 4167618 Database.h:65] ycsb initialization finished in 100 milliseconds.
I0319 08:23:36.523299 4167618 Coordinator.h:30] Coordinator initializes 12 workers.
I0319 08:23:36.562441 4167618 Coordinator.h:77] Coordinator starts to run 13 workers.
I0319 08:23:36.562561 4167634 AriaExecutor.h:94] AriaExecutor 0 started. 
I0319 08:23:36.562585 4167635 AriaExecutor.h:94] AriaExecutor 1 started. 
I0319 08:23:36.562723 4167636 AriaExecutor.h:94] AriaExecutor 2 started. 
I0319 08:23:36.562848 4167637 AriaExecutor.h:94] AriaExecutor 3 started. 
I0319 08:23:36.562897 4167638 AriaExecutor.h:94] AriaExecutor 4 started. 
I0319 08:23:36.562994 4167639 AriaExecutor.h:94] AriaExecutor 5 started. 
I0319 08:23:36.563050 4167640 AriaExecutor.h:94] AriaExecutor 6 started. 
I0319 08:23:36.563130 4167641 AriaExecutor.h:94] AriaExecutor 7 started. 
I0319 08:23:36.563196 4167642 AriaExecutor.h:94] AriaExecutor 8 started. 
I0319 08:23:36.563289 4167643 AriaExecutor.h:94] AriaExecutor 9 started. 
I0319 08:23:36.563362 4167644 AriaExecutor.h:94] AriaExecutor 10 started. 
I0319 08:23:36.563436 4167645 AriaExecutor.h:94] AriaExecutor 11 started. 
I0319 08:23:36.563529 4167646 Manager.h:224] Manager(worker id = 12) on the coordinator node started.
I0319 08:23:37.563576 4167618 Coordinator.h:126] commit: 33718 abort: 52282 (0/52282/0), network size: 0, avg network size: 0, si_in_serializable: 0 0 %, local: 0 %
I0319 08:23:38.563736 4167618 Coordinator.h:126] commit: 39785 abort: 61215 (0/61215/0), network size: 0, avg network size: 0, si_in_serializable: 0 0 %, local: 0 %
I0319 08:23:39.563925 4167618 Coordinator.h:126] commit: 43134 abort: 66866 (0/66866/0), network size: 0, avg network size: 0, si_in_serializable: 0 0 %, local: 0 %
I0319 08:23:40.564071 4167618 Coordinator.h:126] commit: 43127 abort: 66873 (0/66873/0), network size: 0, avg network size: 0, si_in_serializable: 0 0 %, local: 0 %
I0319 08:23:41.564213 4167618 Coordinator.h:126] commit: 43263 abort: 66737 (0/66737/0), network size: 0, avg network size: 0, si_in_serializable: 0 0 %, local: 0 %
I0319 08:23:42.564412 4167618 Coordinator.h:126] commit: 43348 abort: 66652 (0/66652/0), network size: 0, avg network size: 0, si_in_serializable: 0 0 %, local: 0 %
I0319 08:23:43.564538 4167618 Coordinator.h:126] commit: 43046 abort: 66954 (0/66954/0), network size: 0, avg network size: 0, si_in_serializable: 0 0 %, local: 0 %
I0319 08:23:44.564713 4167618 Coordinator.h:126] commit: 43050 abort: 66950 (0/66950/0), network size: 0, avg network size: 0, si_in_serializable: 0 0 %, local: 0 %
I0319 08:23:45.564857 4167618 Coordinator.h:126] commit: 43152 abort: 67848 (0/67848/0), network size: 0, avg network size: 0, si_in_serializable: 0 0 %, local: 0 %
I0319 08:23:46.565001 4167618 Coordinator.h:126] commit: 43271 abort: 66729 (0/66729/0), network size: 0, avg network size: 0, si_in_serializable: 0 0 %, local: 0 %
I0319 08:23:47.565142 4167618 Coordinator.h:126] commit: 43018 abort: 66982 (0/66982/0), network size: 0, avg network size: 0, si_in_serializable: 0 0 %, local: 0 %
I0319 08:23:48.565290 4167618 Coordinator.h:126] commit: 43246 abort: 66754 (0/66754/0), network size: 0, avg network size: 0, si_in_serializable: 0 0 %, local: 0 %
I0319 08:23:49.565425 4167618 Coordinator.h:126] commit: 43612 abort: 67388 (0/67388/0), network size: 0, avg network size: 0, si_in_serializable: 0 0 %, local: 0 %
I0319 08:23:50.565564 4167618 Coordinator.h:126] commit: 43128 abort: 66872 (0/66872/0), network size: 0, avg network size: 0, si_in_serializable: 0 0 %, local: 0 %
I0319 08:23:51.565712 4167618 Coordinator.h:126] commit: 43198 abort: 66802 (0/66802/0), network size: 0, avg network size: 0, si_in_serializable: 0 0 %, local: 0 %
I0319 08:23:52.565855 4167618 Coordinator.h:126] commit: 43181 abort: 66819 (0/66819/0), network size: 0, avg network size: 0, si_in_serializable: 0 0 %, local: 0 %
I0319 08:23:53.565980 4167618 Coordinator.h:126] commit: 43413 abort: 67587 (0/67587/0), network size: 0, avg network size: 0, si_in_serializable: 0 0 %, local: 0 %
I0319 08:23:54.566095 4167618 Coordinator.h:126] commit: 43086 abort: 66914 (0/66914/0), network size: 0, avg network size: 0, si_in_serializable: 0 0 %, local: 0 %
I0319 08:23:55.566280 4167618 Coordinator.h:126] commit: 43227 abort: 66773 (0/66773/0), network size: 0, avg network size: 0, si_in_serializable: 0 0 %, local: 0 %
I0319 08:23:56.566434 4167618 Coordinator.h:126] commit: 43296 abort: 66704 (0/66704/0), network size: 0, avg network size: 0, si_in_serializable: 0 0 %, local: 0 %
I0319 08:23:57.566569 4167618 Coordinator.h:126] commit: 43232 abort: 66768 (0/66768/0), network size: 0, avg network size: 0, si_in_serializable: 0 0 %, local: 0 %
I0319 08:23:58.566706 4167618 Coordinator.h:126] commit: 43588 abort: 67412 (0/67412/0), network size: 0, avg network size: 0, si_in_serializable: 0 0 %, local: 0 %
I0319 08:23:59.566838 4167618 Coordinator.h:126] commit: 43161 abort: 66839 (0/66839/0), network size: 0, avg network size: 0, si_in_serializable: 0 0 %, local: 0 %
I0319 08:24:00.566949 4167618 Coordinator.h:126] commit: 43505 abort: 67495 (0/67495/0), network size: 0, avg network size: 0, si_in_serializable: 0 0 %, local: 0 %
I0319 08:24:01.567070 4167618 Coordinator.h:126] commit: 42579 abort: 66421 (0/66421/0), network size: 0, avg network size: 0, si_in_serializable: 0 0 %, local: 0 %
I0319 08:24:01.567117 4167618 Coordinator.h:152] average commit: 43240.5 abort: 66959.5 (0/66959.5/0), network size: 0, avg network size: 0, si_in_serializable: 0 0 %, local: 0 %
I0319 08:24:01.569563 4167635 AriaExecutor.h:106] AriaExecutor 1 exits. 
I0319 08:24:01.569576 4167645 AriaExecutor.h:106] AriaExecutor 11 exits. 
I0319 08:24:01.569566 4167640 AriaExecutor.h:106] AriaExecutor 6 exits. 
I0319 08:24:01.569578 4167644 AriaExecutor.h:106] AriaExecutor 10 exits. 
I0319 08:24:01.569578 4167638 AriaExecutor.h:106] AriaExecutor 4 exits. 
I0319 08:24:01.569579 4167637 AriaExecutor.h:106] AriaExecutor 3 exits. 
I0319 08:24:01.569581 4167636 AriaExecutor.h:106] AriaExecutor 2 exits. 
I0319 08:24:01.569563 4167639 AriaExecutor.h:106] AriaExecutor 5 exits. 
I0319 08:24:01.569563 4167642 AriaExecutor.h:106] AriaExecutor 8 exits. 
I0319 08:24:01.569563 4167641 AriaExecutor.h:106] AriaExecutor 7 exits. 
I0319 08:24:01.569581 4167634 AriaExecutor.h:106] AriaExecutor 0 exits. 
I0319 08:24:01.569563 4167643 AriaExecutor.h:106] AriaExecutor 9 exits. 
I0319 08:24:01.569582 4167646 Manager.h:227] Manager(worker id = 12) on the coordinator node exits.
I0319 08:24:01.567160 4167618 AriaExecutor.h:646] Worker 0 latency: 7794 us (50%) 8444 us (75%) 8861 us (95%) 10599 us (99%).
I0319 08:24:01.582386 4167618 AriaExecutor.h:646] Worker 1 latency: 7808 us (50%) 8451 us (75%) 8863 us (95%) 10593 us (99%).
I0319 08:24:01.591868 4167618 AriaExecutor.h:646] Worker 2 latency: 7809 us (50%) 8450 us (75%) 8862 us (95%) 10582 us (99%).
I0319 08:24:01.598439 4167618 AriaExecutor.h:646] Worker 3 latency: 7811 us (50%) 8453 us (75%) 8862 us (95%) 10606 us (99%).
I0319 08:24:01.604530 4167618 AriaExecutor.h:646] Worker 4 latency: 7808 us (50%) 8451 us (75%) 8860 us (95%) 10577 us (99%).
I0319 08:24:01.610095 4167618 AriaExecutor.h:646] Worker 5 latency: 7802 us (50%) 8447 us (75%) 8860 us (95%) 10594 us (99%).
I0319 08:24:01.615645 4167618 AriaExecutor.h:646] Worker 6 latency: 7803 us (50%) 8448 us (75%) 8860 us (95%) 10576 us (99%).
I0319 08:24:01.621227 4167618 AriaExecutor.h:646] Worker 7 latency: 7810 us (50%) 8451 us (75%) 8861 us (95%) 10593 us (99%).
I0319 08:24:01.626737 4167618 AriaExecutor.h:646] Worker 8 latency: 7808 us (50%) 8449 us (75%) 8860 us (95%) 10571 us (99%).
I0319 08:24:01.632351 4167618 AriaExecutor.h:646] Worker 9 latency: 7806 us (50%) 8449 us (75%) 8862 us (95%) 10597 us (99%).
I0319 08:24:01.637871 4167618 AriaExecutor.h:646] Worker 10 latency: 7816 us (50%) 8452 us (75%) 8860 us (95%) 10597 us (99%).
I0319 08:24:01.643324 4167618 AriaExecutor.h:646] Worker 11 latency: 7806 us (50%) 8448 us (75%) 8859 us (95%) 10557 us (99%).
I0319 08:24:01.648936 4167618 Coordinator.h:177] total commit: 43240.5
I0319 08:24:02.649144 4167618 Coordinator.h:192] Coordinator exits.
