I0312 15:48:40.809988 798812 Database.h:65] ycsb initialization finished in 190 milliseconds.
I0312 15:48:40.810256 798812 Coordinator.h:30] Coordinator initializes 12 workers.
I0312 15:48:40.856220 798812 Coordinator.h:77] Coordinator starts to run 13 workers.
I0312 15:48:40.856408 798827 AriaExecutor.h:91] AriaExecutor 0 started. 
I0312 15:48:40.856467 798828 AriaExecutor.h:91] AriaExecutor 1 started. 
I0312 15:48:40.856617 798829 AriaExecutor.h:91] AriaExecutor 2 started. 
I0312 15:48:40.856760 798830 AriaExecutor.h:91] AriaExecutor 3 started. 
I0312 15:48:40.856890 798831 AriaExecutor.h:91] AriaExecutor 4 started. 
I0312 15:48:40.857071 798832 AriaExecutor.h:91] AriaExecutor 5 started. 
I0312 15:48:40.857200 798833 AriaExecutor.h:91] AriaExecutor 6 started. 
I0312 15:48:40.857358 798834 AriaExecutor.h:91] AriaExecutor 7 started. 
I0312 15:48:40.857489 798835 AriaExecutor.h:91] AriaExecutor 8 started. 
I0312 15:48:40.857622 798836 AriaExecutor.h:91] AriaExecutor 9 started. 
I0312 15:48:40.857760 798837 AriaExecutor.h:91] AriaExecutor 10 started. 
I0312 15:48:40.857892 798838 AriaExecutor.h:91] AriaExecutor 11 started. 
I0312 15:48:40.858034 798839 Manager.h:224] Manager(worker id = 12) on the coordinator node started.
I0312 15:48:41.858086 798812 Coordinator.h:126] commit: 555 abort: 40405 (0/40405/0), network size: 0, avg network size: 0, si_in_serializable: 0 0 %, local: 0 %
I0312 15:48:42.858247 798812 Coordinator.h:126] commit: 834 abort: 39102 (0/39102/0), network size: 0, avg network size: 0, si_in_serializable: 0 0 %, local: 0 %
I0312 15:48:43.858470 798812 Coordinator.h:126] commit: 1485 abort: 40499 (0/40499/0), network size: 0, avg network size: 0, si_in_serializable: 0 0 %, local: 0 %
I0312 15:48:44.858662 798812 Coordinator.h:126] commit: 1964 abort: 38996 (0/38996/0), network size: 0, avg network size: 0, si_in_serializable: 0 0 %, local: 0 %
I0312 15:48:45.858809 798812 Coordinator.h:126] commit: 1874 abort: 39086 (0/39086/0), network size: 0, avg network size: 0, si_in_serializable: 0 0 %, local: 0 %
I0312 15:48:46.858953 798812 Coordinator.h:126] commit: 1873 abort: 38063 (0/38063/0), network size: 0, avg network size: 0, si_in_serializable: 0 0 %, local: 0 %
I0312 15:48:47.859108 798812 Coordinator.h:126] commit: 1835 abort: 38101 (0/38101/0), network size: 0, avg network size: 0, si_in_serializable: 0 0 %, local: 0 %
I0312 15:48:48.859287 798812 Coordinator.h:126] commit: 1927 abort: 39033 (0/39033/0), network size: 0, avg network size: 0, si_in_serializable: 0 0 %, local: 0 %
I0312 15:48:49.859431 798812 Coordinator.h:126] commit: 1986 abort: 39998 (0/39998/0), network size: 0, avg network size: 0, si_in_serializable: 0 0 %, local: 0 %
I0312 15:48:50.859571 798812 Coordinator.h:126] commit: 1765 abort: 39195 (0/39195/0), network size: 0, avg network size: 0, si_in_serializable: 0 0 %, local: 0 %
I0312 15:48:51.859728 798812 Coordinator.h:126] commit: 1764 abort: 39196 (0/39196/0), network size: 0, avg network size: 0, si_in_serializable: 0 0 %, local: 0 %
I0312 15:48:52.859879 798812 Coordinator.h:126] commit: 1727 abort: 38209 (0/38209/0), network size: 0, avg network size: 0, si_in_serializable: 0 0 %, local: 0 %
I0312 15:48:53.860033 798812 Coordinator.h:126] commit: 1730 abort: 38206 (0/38206/0), network size: 0, avg network size: 0, si_in_serializable: 0 0 %, local: 0 %
I0312 15:48:54.860191 798812 Coordinator.h:126] commit: 1747 abort: 39213 (0/39213/0), network size: 0, avg network size: 0, si_in_serializable: 0 0 %, local: 0 %
I0312 15:48:55.860431 798812 Coordinator.h:126] commit: 1789 abort: 38147 (0/38147/0), network size: 0, avg network size: 0, si_in_serializable: 0 0 %, local: 0 %
I0312 15:48:56.860610 798812 Coordinator.h:126] commit: 1722 abort: 38214 (0/38214/0), network size: 0, avg network size: 0, si_in_serializable: 0 0 %, local: 0 %
I0312 15:48:57.860786 798812 Coordinator.h:126] commit: 1802 abort: 38134 (0/38134/0), network size: 0, avg network size: 0, si_in_serializable: 0 0 %, local: 0 %
I0312 15:48:58.860922 798812 Coordinator.h:126] commit: 1772 abort: 37140 (0/37140/0), network size: 0, avg network size: 0, si_in_serializable: 0 0 %, local: 0 %
I0312 15:48:59.861085 798812 Coordinator.h:126] commit: 1696 abort: 38240 (0/38240/0), network size: 0, avg network size: 0, si_in_serializable: 0 0 %, local: 0 %
I0312 15:49:00.861231 798812 Coordinator.h:126] commit: 1780 abort: 38156 (0/38156/0), network size: 0, avg network size: 0, si_in_serializable: 0 0 %, local: 0 %
I0312 15:49:01.861351 798812 Coordinator.h:126] commit: 1739 abort: 38197 (0/38197/0), network size: 0, avg network size: 0, si_in_serializable: 0 0 %, local: 0 %
I0312 15:49:02.861490 798812 Coordinator.h:126] commit: 1705 abort: 38231 (0/38231/0), network size: 0, avg network size: 0, si_in_serializable: 0 0 %, local: 0 %
I0312 15:49:03.861606 798812 Coordinator.h:126] commit: 1816 abort: 38120 (0/38120/0), network size: 0, avg network size: 0, si_in_serializable: 0 0 %, local: 0 %
I0312 15:49:04.861722 798812 Coordinator.h:126] commit: 1671 abort: 37241 (0/37241/0), network size: 0, avg network size: 0, si_in_serializable: 0 0 %, local: 0 %
I0312 15:49:05.861840 798812 Coordinator.h:126] commit: 1765 abort: 38171 (0/38171/0), network size: 0, avg network size: 0, si_in_serializable: 0 0 %, local: 0 %
I0312 15:49:05.861873 798812 Coordinator.h:152] average commit: 1752.9 abort: 38285.5 (0/38285.5/0), network size: 0, avg network size: 0, si_in_serializable: 0 0 %, local: 0 %
I0312 15:49:05.861907 798812 AriaExecutor.h:703] Worker 0 latency: 620893 us (50%) 725462 us (75%) 866343 us (95%) 2098583 us (99%).
I0312 15:49:05.870247 798834 AriaExecutor.h:103] AriaExecutor 7 exits. 
I0312 15:49:05.870260 798833 AriaExecutor.h:103] AriaExecutor 6 exits. 
I0312 15:49:05.870260 798835 AriaExecutor.h:103] AriaExecutor 8 exits. 
I0312 15:49:05.870247 798828 AriaExecutor.h:103] AriaExecutor 1 exits. 
I0312 15:49:05.870268 798827 AriaExecutor.h:103] AriaExecutor 0 exits. 
I0312 15:49:05.870247 798832 AriaExecutor.h:103] AriaExecutor 5 exits. 
I0312 15:49:05.870258 798838 AriaExecutor.h:103] AriaExecutor 11 exits. 
I0312 15:49:05.870260 798831 AriaExecutor.h:103] AriaExecutor 4 exits. 
I0312 15:49:05.870254 798837 AriaExecutor.h:103] AriaExecutor 10 exits. 
I0312 15:49:05.870265 798839 Manager.h:227] Manager(worker id = 12) on the coordinator node exits.
I0312 15:49:05.870257 798836 AriaExecutor.h:103] AriaExecutor 9 exits. 
I0312 15:49:05.870258 798830 AriaExecutor.h:103] AriaExecutor 3 exits. 
I0312 15:49:05.870270 798829 AriaExecutor.h:103] AriaExecutor 2 exits. 
I0312 15:49:05.870682 798812 AriaExecutor.h:703] Worker 1 latency: 611607 us (50%) 739416 us (75%) 867863 us (95%) 2122577 us (99%).
I0312 15:49:05.871186 798812 AriaExecutor.h:703] Worker 2 latency: 614362 us (50%) 704292 us (75%) 824043 us (95%) 1865722 us (99%).
I0312 15:49:05.871857 798812 AriaExecutor.h:703] Worker 3 latency: 589021 us (50%) 716201 us (75%) 833208 us (95%) 1948278 us (99%).
I0312 15:49:05.872275 798812 AriaExecutor.h:703] Worker 4 latency: 584590 us (50%) 711303 us (75%) 821198 us (95%) 1729151 us (99%).
I0312 15:49:05.872709 798812 AriaExecutor.h:703] Worker 5 latency: 543490 us (50%) 684668 us (75%) 806587 us (95%) 1705979 us (99%).
I0312 15:49:05.873214 798812 AriaExecutor.h:703] Worker 6 latency: 574370 us (50%) 690426 us (75%) 816387 us (95%) 1972567 us (99%).
I0312 15:49:05.873620 798812 AriaExecutor.h:703] Worker 7 latency: 592047 us (50%) 709842 us (75%) 816969 us (95%) 1656135 us (99%).
I0312 15:49:05.873953 798812 AriaExecutor.h:703] Worker 8 latency: 602430 us (50%) 714149 us (75%) 818883 us (95%) 1787741 us (99%).
I0312 15:49:05.874257 798812 AriaExecutor.h:703] Worker 9 latency: 588615 us (50%) 701102 us (75%) 796835 us (95%) 1728911 us (99%).
I0312 15:49:05.874563 798812 AriaExecutor.h:703] Worker 10 latency: 599736 us (50%) 711321 us (75%) 816409 us (95%) 2145339 us (99%).
I0312 15:49:05.874791 798812 AriaExecutor.h:703] Worker 11 latency: 581098 us (50%) 690747 us (75%) 797350 us (95%) 1768212 us (99%).
I0312 15:49:05.875133 798812 Coordinator.h:177] total commit: 1752.9
I0312 15:49:06.875334 798812 Coordinator.h:192] Coordinator exits.
