I0312 15:46:22.184583 797384 Database.h:65] ycsb initialization finished in 131 milliseconds.
I0312 15:46:22.184851 797384 Coordinator.h:30] Coordinator initializes 12 workers.
I0312 15:46:22.230777 797384 Coordinator.h:77] Coordinator starts to run 13 workers.
I0312 15:46:22.231026 797402 AriaExecutor.h:91] AriaExecutor 2 started. 
I0312 15:46:22.231094 797403 AriaExecutor.h:91] AriaExecutor 3 started. 
I0312 15:46:22.231179 797404 AriaExecutor.h:91] AriaExecutor 4 started. 
I0312 15:46:22.231290 797405 AriaExecutor.h:91] AriaExecutor 5 started. 
I0312 15:46:22.231387 797406 AriaExecutor.h:91] AriaExecutor 6 started. 
I0312 15:46:22.231498 797407 AriaExecutor.h:91] AriaExecutor 7 started. 
I0312 15:46:22.231614 797408 AriaExecutor.h:91] AriaExecutor 8 started. 
I0312 15:46:22.231807 797410 AriaExecutor.h:91] AriaExecutor 10 started. 
I0312 15:46:22.231936 797411 AriaExecutor.h:91] AriaExecutor 11 started. 
I0312 15:46:22.232049 797412 Manager.h:224] Manager(worker id = 12) on the coordinator node started.
I0312 15:46:22.238874 797400 AriaExecutor.h:91] AriaExecutor 0 started. 
I0312 15:46:22.238920 797401 AriaExecutor.h:91] AriaExecutor 1 started. 
I0312 15:46:22.239691 797409 AriaExecutor.h:91] AriaExecutor 9 started. 
I0312 15:46:23.232096 797384 Coordinator.h:126] commit: 110 abort: 46994 (0/46994/0), network size: 0, avg network size: 0, si_in_serializable: 0 0 %, local: 0 %
I0312 15:46:24.232263 797384 Coordinator.h:126] commit: 155 abort: 46949 (0/46949/0), network size: 0, avg network size: 0, si_in_serializable: 0 0 %, local: 0 %
I0312 15:46:25.232446 797384 Coordinator.h:126] commit: 147 abort: 46957 (0/46957/0), network size: 0, avg network size: 0, si_in_serializable: 0 0 %, local: 0 %
I0312 15:46:26.232599 797384 Coordinator.h:126] commit: 173 abort: 57171 (0/57171/0), network size: 0, avg network size: 0, si_in_serializable: 0 0 %, local: 0 %
I0312 15:46:27.232746 797384 Coordinator.h:126] commit: 231 abort: 77593 (0/77593/0), network size: 0, avg network size: 0, si_in_serializable: 0 0 %, local: 0 %
I0312 15:46:28.232896 797384 Coordinator.h:126] commit: 239 abort: 73489 (0/73489/0), network size: 0, avg network size: 0, si_in_serializable: 0 0 %, local: 0 %
I0312 15:46:29.233044 797384 Coordinator.h:126] commit: 267 abort: 66293 (0/66293/0), network size: 0, avg network size: 0, si_in_serializable: 0 0 %, local: 0 %
I0312 15:46:30.233225 797384 Coordinator.h:126] commit: 248 abort: 49928 (0/49928/0), network size: 0, avg network size: 0, si_in_serializable: 0 0 %, local: 0 %
I0312 15:46:31.233389 797384 Coordinator.h:126] commit: 255 abort: 48897 (0/48897/0), network size: 0, avg network size: 0, si_in_serializable: 0 0 %, local: 0 %
I0312 15:46:32.233566 797384 Coordinator.h:126] commit: 258 abort: 40702 (0/40702/0), network size: 0, avg network size: 0, si_in_serializable: 0 0 %, local: 0 %
I0312 15:46:33.233803 797384 Coordinator.h:126] commit: 226 abort: 39710 (0/39710/0), network size: 0, avg network size: 0, si_in_serializable: 0 0 %, local: 0 %
I0312 15:46:34.233992 797384 Coordinator.h:126] commit: 224 abort: 41760 (0/41760/0), network size: 0, avg network size: 0, si_in_serializable: 0 0 %, local: 0 %
I0312 15:46:35.234129 797384 Coordinator.h:126] commit: 215 abort: 35625 (0/35625/0), network size: 0, avg network size: 0, si_in_serializable: 0 0 %, local: 0 %
I0312 15:46:36.234278 797384 Coordinator.h:126] commit: 267 abort: 34549 (0/34549/0), network size: 0, avg network size: 0, si_in_serializable: 0 0 %, local: 0 %
I0312 15:46:37.234433 797384 Coordinator.h:126] commit: 301 abort: 32467 (0/32467/0), network size: 0, avg network size: 0, si_in_serializable: 0 0 %, local: 0 %
I0312 15:46:38.234611 797384 Coordinator.h:126] commit: 353 abort: 33439 (0/33439/0), network size: 0, avg network size: 0, si_in_serializable: 0 0 %, local: 0 %
I0312 15:46:39.234771 797384 Coordinator.h:126] commit: 275 abort: 24301 (0/24301/0), network size: 0, avg network size: 0, si_in_serializable: 0 0 %, local: 0 %
I0312 15:46:40.234910 797384 Coordinator.h:126] commit: 239 abort: 23313 (0/23313/0), network size: 0, avg network size: 0, si_in_serializable: 0 0 %, local: 0 %
I0312 15:46:41.235078 797384 Coordinator.h:126] commit: 134 abort: 14202 (0/14202/0), network size: 0, avg network size: 0, si_in_serializable: 0 0 %, local: 0 %
I0312 15:46:42.235208 797384 Coordinator.h:126] commit: 140 abort: 13172 (0/13172/0), network size: 0, avg network size: 0, si_in_serializable: 0 0 %, local: 0 %
I0312 15:46:43.235337 797384 Coordinator.h:126] commit: 118 abort: 11146 (0/11146/0), network size: 0, avg network size: 0, si_in_serializable: 0 0 %, local: 0 %
I0312 15:46:44.235478 797384 Coordinator.h:126] commit: 142 abort: 13170 (0/13170/0), network size: 0, avg network size: 0, si_in_serializable: 0 0 %, local: 0 %
I0312 15:46:45.235641 797384 Coordinator.h:126] commit: 127 abort: 13185 (0/13185/0), network size: 0, avg network size: 0, si_in_serializable: 0 0 %, local: 0 %
I0312 15:46:46.235793 797384 Coordinator.h:126] commit: 131 abort: 13181 (0/13181/0), network size: 0, avg network size: 0, si_in_serializable: 0 0 %, local: 0 %
I0312 15:46:47.235934 797384 Coordinator.h:126] commit: 116 abort: 13196 (0/13196/0), network size: 0, avg network size: 0, si_in_serializable: 0 0 %, local: 0 %
I0312 15:46:47.236009 797384 Coordinator.h:152] average commit: 237.4 abort: 29253.8 (0/29253.8/0), network size: 0, avg network size: 0, si_in_serializable: 0 0 %, local: 0 %
I0312 15:46:47.236029 797384 AriaExecutor.h:649] Worker 0 latency: 4412409 us (50%) 7296660 us (75%) 13082193 us (95%) 14647577 us (99%).
I0312 15:46:47.264334 797403 AriaExecutor.h:103] AriaExecutor 3 exits. 
I0312 15:46:47.264338 797401 AriaExecutor.h:103] AriaExecutor 1 exits. 
I0312 15:46:47.264338 797409 AriaExecutor.h:103] AriaExecutor 9 exits. 
I0312 15:46:47.264340 797412 Manager.h:227] Manager(worker id = 12) on the coordinator node exits.
I0312 15:46:47.264341 797402 AriaExecutor.h:103] AriaExecutor 2 exits. 
I0312 15:46:47.264338 797406 AriaExecutor.h:103] AriaExecutor 6 exits. 
I0312 15:46:47.264335 797408 AriaExecutor.h:103] AriaExecutor 8 exits. 
I0312 15:46:47.264338 797407 AriaExecutor.h:103] AriaExecutor 7 exits. 
I0312 15:46:47.264341 797400 AriaExecutor.h:103] AriaExecutor 0 exits. 
I0312 15:46:47.264336 797405 AriaExecutor.h:103] AriaExecutor 5 exits. 
I0312 15:46:47.264341 797404 AriaExecutor.h:103] AriaExecutor 4 exits. 
I0312 15:46:47.264335 797410 AriaExecutor.h:103] AriaExecutor 10 exits. 
I0312 15:46:47.264336 797411 AriaExecutor.h:103] AriaExecutor 11 exits. 
I0312 15:46:47.265093 797384 AriaExecutor.h:649] Worker 1 latency: 3780694 us (50%) 5473397 us (75%) 11585761 us (95%) 13934675 us (99%).
I0312 15:46:47.265143 797384 AriaExecutor.h:649] Worker 2 latency: 3776122 us (50%) 5131177 us (75%) 7500856 us (95%) 13228959 us (99%).
I0312 15:46:47.265172 797384 AriaExecutor.h:649] Worker 3 latency: 3468227 us (50%) 4265635 us (75%) 6967333 us (95%) 12169613 us (99%).
I0312 15:46:47.265195 797384 AriaExecutor.h:649] Worker 4 latency: 3578382 us (50%) 4615212 us (75%) 7204762 us (95%) 11797216 us (99%).
I0312 15:46:47.265242 797384 AriaExecutor.h:649] Worker 5 latency: 3440861 us (50%) 4208273 us (75%) 7134275 us (95%) 11898645 us (99%).
I0312 15:46:47.265278 797384 AriaExecutor.h:649] Worker 6 latency: 3400574 us (50%) 4151605 us (75%) 6811463 us (95%) 7387568 us (99%).
I0312 15:46:47.265311 797384 AriaExecutor.h:649] Worker 7 latency: 3467787 us (50%) 4235637 us (75%) 7243581 us (95%) 9246707 us (99%).
I0312 15:46:47.265339 797384 AriaExecutor.h:649] Worker 8 latency: 3559712 us (50%) 4250779 us (75%) 6664513 us (95%) 8222091 us (99%).
I0312 15:46:47.265370 797384 AriaExecutor.h:649] Worker 9 latency: 3351747 us (50%) 4117373 us (75%) 5710761 us (95%) 7170549 us (99%).
I0312 15:46:47.265401 797384 AriaExecutor.h:649] Worker 10 latency: 3400621 us (50%) 4102948 us (75%) 5929117 us (95%) 7392514 us (99%).
I0312 15:46:47.265430 797384 AriaExecutor.h:649] Worker 11 latency: 3308247 us (50%) 4006732 us (75%) 6244040 us (95%) 6909954 us (99%).
I0312 15:46:47.265470 797384 Coordinator.h:177] total commit: 237.4
I0312 15:46:48.265676 797384 Coordinator.h:192] Coordinator exits.
