I0312 14:52:02.762084 676162 Database.h:65] ycsb initialization finished in 127 milliseconds.
I0312 14:52:02.762259 676162 Coordinator.h:30] Coordinator initializes 12 workers.
I0312 14:52:02.807914 676162 Coordinator.h:77] Coordinator starts to run 13 workers.
I0312 14:52:02.808035 676188 AriaExecutor.h:91] AriaExecutor 0 started. 
I0312 14:52:02.808086 676189 AriaExecutor.h:91] AriaExecutor 1 started. 
I0312 14:52:02.808234 676192 AriaExecutor.h:91] AriaExecutor 3 started. 
I0312 14:52:02.808358 676193 AriaExecutor.h:91] AriaExecutor 4 started. 
I0312 14:52:02.808460 676194 AriaExecutor.h:91] AriaExecutor 5 started. 
I0312 14:52:02.808588 676195 AriaExecutor.h:91] AriaExecutor 6 started. 
I0312 14:52:02.808696 676196 AriaExecutor.h:91] AriaExecutor 7 started. 
I0312 14:52:02.808815 676197 AriaExecutor.h:91] AriaExecutor 8 started. 
I0312 14:52:02.808912 676198 AriaExecutor.h:91] AriaExecutor 9 started. 
I0312 14:52:02.809031 676199 AriaExecutor.h:91] AriaExecutor 10 started. 
I0312 14:52:02.809146 676200 AriaExecutor.h:91] AriaExecutor 11 started. 
I0312 14:52:02.809260 676201 Manager.h:224] Manager(worker id = 12) on the coordinator node started.
I0312 14:52:02.810370 676191 AriaExecutor.h:91] AriaExecutor 2 started. 
I0312 14:52:03.809310 676162 Coordinator.h:126] commit: 130 abort: 77694 (0/77694/0), network size: 0, avg network size: 0, si_in_serializable: 0 0 %, local: 0 %
I0312 14:52:04.809455 676162 Coordinator.h:126] commit: 149 abort: 77675 (0/77675/0), network size: 0, avg network size: 0, si_in_serializable: 0 0 %, local: 0 %
I0312 14:52:05.809605 676162 Coordinator.h:126] commit: 148 abort: 78700 (0/78700/0), network size: 0, avg network size: 0, si_in_serializable: 0 0 %, local: 0 %
I0312 14:52:06.809733 676162 Coordinator.h:126] commit: 139 abort: 78709 (0/78709/0), network size: 0, avg network size: 0, si_in_serializable: 0 0 %, local: 0 %
I0312 14:52:07.809851 676162 Coordinator.h:126] commit: 131 abort: 78717 (0/78717/0), network size: 0, avg network size: 0, si_in_serializable: 0 0 %, local: 0 %
I0312 14:52:08.809970 676162 Coordinator.h:126] commit: 147 abort: 77677 (0/77677/0), network size: 0, avg network size: 0, si_in_serializable: 0 0 %, local: 0 %
I0312 14:52:09.810093 676162 Coordinator.h:126] commit: 141 abort: 78707 (0/78707/0), network size: 0, avg network size: 0, si_in_serializable: 0 0 %, local: 0 %
I0312 14:52:10.810245 676162 Coordinator.h:126] commit: 132 abort: 77692 (0/77692/0), network size: 0, avg network size: 0, si_in_serializable: 0 0 %, local: 0 %
I0312 14:52:11.810372 676162 Coordinator.h:126] commit: 137 abort: 71543 (0/71543/0), network size: 0, avg network size: 0, si_in_serializable: 0 0 %, local: 0 %
I0312 14:52:12.810490 676162 Coordinator.h:126] commit: 128 abort: 78720 (0/78720/0), network size: 0, avg network size: 0, si_in_serializable: 0 0 %, local: 0 %
I0312 14:52:13.810647 676162 Coordinator.h:126] commit: 147 abort: 78701 (0/78701/0), network size: 0, avg network size: 0, si_in_serializable: 0 0 %, local: 0 %
I0312 14:52:14.810774 676162 Coordinator.h:126] commit: 123 abort: 77701 (0/77701/0), network size: 0, avg network size: 0, si_in_serializable: 0 0 %, local: 0 %
I0312 14:52:15.810894 676162 Coordinator.h:126] commit: 135 abort: 78713 (0/78713/0), network size: 0, avg network size: 0, si_in_serializable: 0 0 %, local: 0 %
I0312 14:52:16.811013 676162 Coordinator.h:126] commit: 133 abort: 78715 (0/78715/0), network size: 0, avg network size: 0, si_in_serializable: 0 0 %, local: 0 %
I0312 14:52:17.811162 676162 Coordinator.h:126] commit: 135 abort: 75641 (0/75641/0), network size: 0, avg network size: 0, si_in_serializable: 0 0 %, local: 0 %
I0312 14:52:18.811287 676162 Coordinator.h:126] commit: 123 abort: 78725 (0/78725/0), network size: 0, avg network size: 0, si_in_serializable: 0 0 %, local: 0 %
I0312 14:52:19.811405 676162 Coordinator.h:126] commit: 140 abort: 78708 (0/78708/0), network size: 0, avg network size: 0, si_in_serializable: 0 0 %, local: 0 %
I0312 14:52:20.811524 676162 Coordinator.h:126] commit: 127 abort: 76673 (0/76673/0), network size: 0, avg network size: 0, si_in_serializable: 0 0 %, local: 0 %
I0312 14:52:21.811676 676162 Coordinator.h:126] commit: 135 abort: 77689 (0/77689/0), network size: 0, avg network size: 0, si_in_serializable: 0 0 %, local: 0 %
I0312 14:52:22.811807 676162 Coordinator.h:126] commit: 142 abort: 78706 (0/78706/0), network size: 0, avg network size: 0, si_in_serializable: 0 0 %, local: 0 %
I0312 14:52:23.811920 676162 Coordinator.h:126] commit: 139 abort: 78709 (0/78709/0), network size: 0, avg network size: 0, si_in_serializable: 0 0 %, local: 0 %
I0312 14:52:24.812042 676162 Coordinator.h:126] commit: 142 abort: 78706 (0/78706/0), network size: 0, avg network size: 0, si_in_serializable: 0 0 %, local: 0 %
I0312 14:52:25.812156 676162 Coordinator.h:126] commit: 129 abort: 77695 (0/77695/0), network size: 0, avg network size: 0, si_in_serializable: 0 0 %, local: 0 %
I0312 14:52:26.812266 676162 Coordinator.h:126] commit: 125 abort: 76675 (0/76675/0), network size: 0, avg network size: 0, si_in_serializable: 0 0 %, local: 0 %
I0312 14:52:27.812413 676162 Coordinator.h:126] commit: 137 abort: 78711 (0/78711/0), network size: 0, avg network size: 0, si_in_serializable: 0 0 %, local: 0 %
I0312 14:52:27.812464 676162 Coordinator.h:152] average commit: 134 abort: 77997.2 (0/77997.2/0), network size: 0, avg network size: 0, si_in_serializable: 0 0 %, local: 0 %
I0312 14:52:27.812477 676162 AriaExecutor.h:703] Worker 0 latency: 13000 us (50%) 13066 us (75%) 13811 us (95%) 16116 us (99%).
I0312 14:52:27.824946 676200 AriaExecutor.h:103] AriaExecutor 11 exits. 
I0312 14:52:27.824947 676193 AriaExecutor.h:103] AriaExecutor 4 exits. 
I0312 14:52:27.824946 676188 AriaExecutor.h:103] AriaExecutor 0 exits. 
I0312 14:52:27.824946 676195 AriaExecutor.h:103] AriaExecutor 6 exits. 
I0312 14:52:27.824947 676201 Manager.h:227] Manager(worker id = 12) on the coordinator node exits.
I0312 14:52:27.824947 676199 AriaExecutor.h:103] AriaExecutor 10 exits. 
I0312 14:52:27.824947 676191 AriaExecutor.h:103] AriaExecutor 2 exits. 
I0312 14:52:27.824947 676194 AriaExecutor.h:103] AriaExecutor 5 exits. 
I0312 14:52:27.824947 676197 AriaExecutor.h:103] AriaExecutor 8 exits. 
I0312 14:52:27.824947 676198 AriaExecutor.h:103] AriaExecutor 9 exits. 
I0312 14:52:27.824946 676196 AriaExecutor.h:103] AriaExecutor 7 exits. 
I0312 14:52:27.824947 676192 AriaExecutor.h:103] AriaExecutor 3 exits. 
I0312 14:52:27.824947 676189 AriaExecutor.h:103] AriaExecutor 1 exits. 
I0312 14:52:27.825189 676162 AriaExecutor.h:703] Worker 1 latency: 12999 us (50%) 13065 us (75%) 14361 us (95%) 16754 us (99%).
I0312 14:52:27.825268 676162 AriaExecutor.h:703] Worker 2 latency: 12991 us (50%) 13070 us (75%) 14150 us (95%) 17128 us (99%).
I0312 14:52:27.825289 676162 AriaExecutor.h:703] Worker 3 latency: 12988 us (50%) 13064 us (75%) 13782 us (95%) 15804 us (99%).
I0312 14:52:27.825302 676162 AriaExecutor.h:703] Worker 4 latency: 12992 us (50%) 13066 us (75%) 13946 us (95%) 15174 us (99%).
I0312 14:52:27.825340 676162 AriaExecutor.h:703] Worker 5 latency: 12989 us (50%) 13054 us (75%) 14068 us (95%) 16485 us (99%).
I0312 14:52:27.825364 676162 AriaExecutor.h:703] Worker 6 latency: 12975 us (50%) 13021 us (75%) 13245 us (95%) 15320 us (99%).
I0312 14:52:27.825384 676162 AriaExecutor.h:703] Worker 7 latency: 12957 us (50%) 13044 us (75%) 14363 us (95%) 17812 us (99%).
I0312 14:52:27.825407 676162 AriaExecutor.h:703] Worker 8 latency: 12965 us (50%) 13061 us (75%) 13368 us (95%) 14616 us (99%).
I0312 14:52:27.825424 676162 AriaExecutor.h:703] Worker 9 latency: 12975 us (50%) 13098 us (75%) 13407 us (95%) 14798 us (99%).
I0312 14:52:27.825444 676162 AriaExecutor.h:703] Worker 10 latency: 12994 us (50%) 13067 us (75%) 13379 us (95%) 15265 us (99%).
I0312 14:52:27.825465 676162 AriaExecutor.h:703] Worker 11 latency: 12977 us (50%) 13056 us (75%) 16113 us (95%) 17134 us (99%).
I0312 14:52:27.825495 676162 Coordinator.h:177] total commit: 134
I0312 14:52:28.825693 676162 Coordinator.h:192] Coordinator exits.
