I0312 14:41:04.886018 655476 Database.h:65] ycsb initialization finished in 99 milliseconds.
I0312 14:41:04.886240 655476 Coordinator.h:30] Coordinator initializes 12 workers.
I0312 14:41:04.924469 655476 Coordinator.h:77] Coordinator starts to run 13 workers.
I0312 14:41:04.924685 655495 AriaExecutor.h:91] AriaExecutor 2 started. 
I0312 14:41:04.924752 655496 AriaExecutor.h:91] AriaExecutor 3 started. 
I0312 14:41:04.924839 655497 AriaExecutor.h:91] AriaExecutor 4 started. 
I0312 14:41:04.924906 655498 AriaExecutor.h:91] AriaExecutor 5 started. 
I0312 14:41:04.924971 655499 AriaExecutor.h:91] AriaExecutor 6 started. 
I0312 14:41:04.925050 655500 AriaExecutor.h:91] AriaExecutor 7 started. 
I0312 14:41:04.925134 655501 AriaExecutor.h:91] AriaExecutor 8 started. 
I0312 14:41:04.925186 655502 AriaExecutor.h:91] AriaExecutor 9 started. 
I0312 14:41:04.925302 655503 AriaExecutor.h:91] AriaExecutor 10 started. 
I0312 14:41:04.925390 655504 AriaExecutor.h:91] AriaExecutor 11 started. 
I0312 14:41:04.925501 655505 Manager.h:224] Manager(worker id = 12) on the coordinator node started.
I0312 14:41:04.932534 655493 AriaExecutor.h:91] AriaExecutor 0 started. 
I0312 14:41:04.932575 655494 AriaExecutor.h:91] AriaExecutor 1 started. 
I0312 14:41:05.925540 655476 Coordinator.h:126] commit: 6252 abort: 33684 (0/33684/0), network size: 0, avg network size: 0, si_in_serializable: 0 0 %, local: 0 %
I0312 14:41:06.925681 655476 Coordinator.h:126] commit: 6461 abort: 34499 (0/34499/0), network size: 0, avg network size: 0, si_in_serializable: 0 0 %, local: 0 %
I0312 14:41:07.925827 655476 Coordinator.h:126] commit: 6516 abort: 34444 (0/34444/0), network size: 0, avg network size: 0, si_in_serializable: 0 0 %, local: 0 %
I0312 14:41:08.925951 655476 Coordinator.h:126] commit: 6440 abort: 34520 (0/34520/0), network size: 0, avg network size: 0, si_in_serializable: 0 0 %, local: 0 %
I0312 14:41:09.926072 655476 Coordinator.h:126] commit: 11937 abort: 63839 (0/63839/0), network size: 0, avg network size: 0, si_in_serializable: 0 0 %, local: 0 %
I0312 14:41:10.926184 655476 Coordinator.h:126] commit: 12304 abort: 65520 (0/65520/0), network size: 0, avg network size: 0, si_in_serializable: 0 0 %, local: 0 %
I0312 14:41:11.926306 655476 Coordinator.h:126] commit: 12081 abort: 64726 (0/64726/0), network size: 0, avg network size: 0, si_in_serializable: 0 0 %, local: 0 %
I0312 14:41:12.926457 655476 Coordinator.h:126] commit: 12109 abort: 64684 (0/64684/0), network size: 0, avg network size: 0, si_in_serializable: 0 0 %, local: 0 %
I0312 14:41:13.926586 655476 Coordinator.h:126] commit: 12032 abort: 64768 (0/64768/0), network size: 0, avg network size: 0, si_in_serializable: 0 0 %, local: 0 %
I0312 14:41:14.926709 655476 Coordinator.h:126] commit: 11974 abort: 63802 (0/63802/0), network size: 0, avg network size: 0, si_in_serializable: 0 0 %, local: 0 %
I0312 14:41:15.926862 655476 Coordinator.h:126] commit: 12225 abort: 65599 (0/65599/0), network size: 0, avg network size: 0, si_in_serializable: 0 0 %, local: 0 %
I0312 14:41:16.926988 655476 Coordinator.h:126] commit: 12163 abort: 65661 (0/65661/0), network size: 0, avg network size: 0, si_in_serializable: 0 0 %, local: 0 %
I0312 14:41:17.927109 655476 Coordinator.h:126] commit: 11852 abort: 62900 (0/62900/0), network size: 0, avg network size: 0, si_in_serializable: 0 0 %, local: 0 %
I0312 14:41:18.927256 655476 Coordinator.h:126] commit: 12247 abort: 65577 (0/65577/0), network size: 0, avg network size: 0, si_in_serializable: 0 0 %, local: 0 %
I0312 14:41:19.927379 655476 Coordinator.h:126] commit: 12198 abort: 65626 (0/65626/0), network size: 0, avg network size: 0, si_in_serializable: 0 0 %, local: 0 %
I0312 14:41:20.927498 655476 Coordinator.h:126] commit: 12291 abort: 65533 (0/65533/0), network size: 0, avg network size: 0, si_in_serializable: 0 0 %, local: 0 %
I0312 14:41:21.927616 655476 Coordinator.h:126] commit: 12055 abort: 64745 (0/64745/0), network size: 0, avg network size: 0, si_in_serializable: 0 0 %, local: 0 %
I0312 14:41:22.927767 655476 Coordinator.h:126] commit: 11828 abort: 63948 (0/63948/0), network size: 0, avg network size: 0, si_in_serializable: 0 0 %, local: 0 %
I0312 14:41:23.927892 655476 Coordinator.h:126] commit: 12124 abort: 65700 (0/65700/0), network size: 0, avg network size: 0, si_in_serializable: 0 0 %, local: 0 %
I0312 14:41:24.928014 655476 Coordinator.h:126] commit: 11728 abort: 63024 (0/63024/0), network size: 0, avg network size: 0, si_in_serializable: 0 0 %, local: 0 %
I0312 14:41:25.928138 655476 Coordinator.h:126] commit: 11196 abort: 59460 (0/59460/0), network size: 0, avg network size: 0, si_in_serializable: 0 0 %, local: 0 %
I0312 14:41:26.928263 655476 Coordinator.h:126] commit: 11726 abort: 63026 (0/63026/0), network size: 0, avg network size: 0, si_in_serializable: 0 0 %, local: 0 %
I0312 14:41:27.928413 655476 Coordinator.h:126] commit: 11635 abort: 62093 (0/62093/0), network size: 0, avg network size: 0, si_in_serializable: 0 0 %, local: 0 %
I0312 14:41:28.928548 655476 Coordinator.h:126] commit: 11223 abort: 60457 (0/60457/0), network size: 0, avg network size: 0, si_in_serializable: 0 0 %, local: 0 %
I0312 14:41:29.928673 655476 Coordinator.h:126] commit: 11634 abort: 63118 (0/63118/0), network size: 0, avg network size: 0, si_in_serializable: 0 0 %, local: 0 %
I0312 14:41:29.928714 655476 Coordinator.h:152] average commit: 12071.1 abort: 64831.3 (0/64831.3/0), network size: 0, avg network size: 0, si_in_serializable: 0 0 %, local: 0 %
I0312 14:41:29.928735 655476 AriaExecutor.h:649] Worker 0 latency: 12612 us (50%) 13092 us (75%) 23909 us (95%) 24725 us (99%).
I0312 14:41:29.940135 655502 AriaExecutor.h:103] AriaExecutor 9 exits. 
I0312 14:41:29.940135 655493 AriaExecutor.h:103] AriaExecutor 0 exits. 
I0312 14:41:29.940135 655503 AriaExecutor.h:103] AriaExecutor 10 exits. 
I0312 14:41:29.940135 655495 AriaExecutor.h:103] AriaExecutor 2 exits. 
I0312 14:41:29.940135 655494 AriaExecutor.h:103] AriaExecutor 1 exits. 
I0312 14:41:29.940135 655504 AriaExecutor.h:103] AriaExecutor 11 exits. 
I0312 14:41:29.940135 655500 AriaExecutor.h:103] AriaExecutor 7 exits. 
I0312 14:41:29.940135 655505 Manager.h:227] Manager(worker id = 12) on the coordinator node exits.
I0312 14:41:29.940135 655497 AriaExecutor.h:103] AriaExecutor 4 exits. 
I0312 14:41:29.940136 655499 AriaExecutor.h:103] AriaExecutor 6 exits. 
I0312 14:41:29.940135 655498 AriaExecutor.h:103] AriaExecutor 5 exits. 
I0312 14:41:29.940135 655496 AriaExecutor.h:103] AriaExecutor 3 exits. 
I0312 14:41:29.940135 655501 AriaExecutor.h:103] AriaExecutor 8 exits. 
I0312 14:41:29.940436 655476 AriaExecutor.h:649] Worker 1 latency: 12621 us (50%) 13136 us (75%) 24132 us (95%) 24750 us (99%).
I0312 14:41:29.941797 655476 AriaExecutor.h:649] Worker 2 latency: 12621 us (50%) 13170 us (75%) 24143 us (95%) 24758 us (99%).
I0312 14:41:29.943125 655476 AriaExecutor.h:649] Worker 3 latency: 12619 us (50%) 13131 us (75%) 24132 us (95%) 24747 us (99%).
I0312 14:41:29.944507 655476 AriaExecutor.h:649] Worker 4 latency: 12619 us (50%) 13147 us (75%) 24130 us (95%) 24750 us (99%).
I0312 14:41:29.945869 655476 AriaExecutor.h:649] Worker 5 latency: 12618 us (50%) 13142 us (75%) 24139 us (95%) 24761 us (99%).
I0312 14:41:29.947196 655476 AriaExecutor.h:649] Worker 6 latency: 12612 us (50%) 13098 us (75%) 24101 us (95%) 24745 us (99%).
I0312 14:41:29.948529 655476 AriaExecutor.h:649] Worker 7 latency: 12621 us (50%) 13149 us (75%) 24137 us (95%) 24764 us (99%).
I0312 14:41:29.949843 655476 AriaExecutor.h:649] Worker 8 latency: 12616 us (50%) 13136 us (75%) 24142 us (95%) 24756 us (99%).
I0312 14:41:29.951171 655476 AriaExecutor.h:649] Worker 9 latency: 12617 us (50%) 13149 us (75%) 24152 us (95%) 24754 us (99%).
I0312 14:41:29.952448 655476 AriaExecutor.h:649] Worker 10 latency: 12613 us (50%) 13136 us (75%) 24126 us (95%) 24746 us (99%).
I0312 14:41:29.953727 655476 AriaExecutor.h:649] Worker 11 latency: 12619 us (50%) 13148 us (75%) 24137 us (95%) 24763 us (99%).
I0312 14:41:29.954998 655476 Coordinator.h:177] total commit: 12071.1
I0312 14:41:30.955205 655476 Coordinator.h:192] Coordinator exits.
