I0312 14:28:59.242163 635018 Database.h:65] ycsb initialization finished in 106 milliseconds.
I0312 14:28:59.242363 635018 Coordinator.h:30] Coordinator initializes 12 workers.
I0312 14:28:59.278878 635018 Coordinator.h:77] Coordinator starts to run 13 workers.
I0312 14:28:59.278970 635033 AriaExecutor.h:91] AriaExecutor 0 started. 
I0312 14:28:59.279013 635034 AriaExecutor.h:91] AriaExecutor 1 started. 
I0312 14:28:59.279100 635035 AriaExecutor.h:91] AriaExecutor 2 started. 
I0312 14:28:59.279181 635036 AriaExecutor.h:91] AriaExecutor 3 started. 
I0312 14:28:59.279230 635037 AriaExecutor.h:91] AriaExecutor 4 started. 
I0312 14:28:59.279316 635038 AriaExecutor.h:91] AriaExecutor 5 started. 
I0312 14:28:59.279377 635039 AriaExecutor.h:91] AriaExecutor 6 started. 
I0312 14:28:59.279464 635040 AriaExecutor.h:91] AriaExecutor 7 started. 
I0312 14:28:59.279577 635041 AriaExecutor.h:91] AriaExecutor 8 started. 
I0312 14:28:59.279691 635042 AriaExecutor.h:91] AriaExecutor 9 started. 
I0312 14:28:59.279757 635043 AriaExecutor.h:91] AriaExecutor 10 started. 
I0312 14:28:59.279855 635044 AriaExecutor.h:91] AriaExecutor 11 started. 
I0312 14:28:59.279973 635045 Manager.h:224] Manager(worker id = 12) on the coordinator node started.
I0312 14:29:00.280014 635018 Coordinator.h:126] commit: 6574 abort: 35410 (0/35410/0), network size: 0, avg network size: 0, si_in_serializable: 0 0 %, local: 0 %
I0312 14:29:01.280145 635018 Coordinator.h:126] commit: 6423 abort: 34537 (0/34537/0), network size: 0, avg network size: 0, si_in_serializable: 0 0 %, local: 0 %
I0312 14:29:02.280301 635018 Coordinator.h:126] commit: 6617 abort: 35367 (0/35367/0), network size: 0, avg network size: 0, si_in_serializable: 0 0 %, local: 0 %
I0312 14:29:03.280428 635018 Coordinator.h:126] commit: 6702 abort: 36306 (0/36306/0), network size: 0, avg network size: 0, si_in_serializable: 0 0 %, local: 0 %
I0312 14:29:04.280550 635018 Coordinator.h:126] commit: 6682 abort: 35302 (0/35302/0), network size: 0, avg network size: 0, si_in_serializable: 0 0 %, local: 0 %
I0312 14:29:05.280670 635018 Coordinator.h:126] commit: 6382 abort: 34578 (0/34578/0), network size: 0, avg network size: 0, si_in_serializable: 0 0 %, local: 0 %
I0312 14:29:06.280791 635018 Coordinator.h:126] commit: 6620 abort: 35364 (0/35364/0), network size: 0, avg network size: 0, si_in_serializable: 0 0 %, local: 0 %
I0312 14:29:07.280941 635018 Coordinator.h:126] commit: 6681 abort: 36327 (0/36327/0), network size: 0, avg network size: 0, si_in_serializable: 0 0 %, local: 0 %
I0312 14:29:08.281064 635018 Coordinator.h:126] commit: 6478 abort: 35506 (0/35506/0), network size: 0, avg network size: 0, si_in_serializable: 0 0 %, local: 0 %
I0312 14:29:09.281179 635018 Coordinator.h:126] commit: 6602 abort: 35382 (0/35382/0), network size: 0, avg network size: 0, si_in_serializable: 0 0 %, local: 0 %
I0312 14:29:10.281324 635018 Coordinator.h:126] commit: 6607 abort: 35377 (0/35377/0), network size: 0, avg network size: 0, si_in_serializable: 0 0 %, local: 0 %
I0312 14:29:11.281450 635018 Coordinator.h:126] commit: 6537 abort: 35447 (0/35447/0), network size: 0, avg network size: 0, si_in_serializable: 0 0 %, local: 0 %
I0312 14:29:12.281561 635018 Coordinator.h:126] commit: 6563 abort: 35421 (0/35421/0), network size: 0, avg network size: 0, si_in_serializable: 0 0 %, local: 0 %
I0312 14:29:13.281700 635018 Coordinator.h:126] commit: 6717 abort: 36291 (0/36291/0), network size: 0, avg network size: 0, si_in_serializable: 0 0 %, local: 0 %
I0312 14:29:14.281826 635018 Coordinator.h:126] commit: 6680 abort: 35304 (0/35304/0), network size: 0, avg network size: 0, si_in_serializable: 0 0 %, local: 0 %
I0312 14:29:15.281942 635018 Coordinator.h:126] commit: 6552 abort: 35432 (0/35432/0), network size: 0, avg network size: 0, si_in_serializable: 0 0 %, local: 0 %
I0312 14:29:16.282061 635018 Coordinator.h:126] commit: 6586 abort: 35398 (0/35398/0), network size: 0, avg network size: 0, si_in_serializable: 0 0 %, local: 0 %
I0312 14:29:17.282184 635018 Coordinator.h:126] commit: 6541 abort: 35443 (0/35443/0), network size: 0, avg network size: 0, si_in_serializable: 0 0 %, local: 0 %
I0312 14:29:18.282297 635018 Coordinator.h:126] commit: 6637 abort: 35347 (0/35347/0), network size: 0, avg network size: 0, si_in_serializable: 0 0 %, local: 0 %
I0312 14:29:19.282442 635018 Coordinator.h:126] commit: 6602 abort: 35382 (0/35382/0), network size: 0, avg network size: 0, si_in_serializable: 0 0 %, local: 0 %
I0312 14:29:20.282569 635018 Coordinator.h:126] commit: 6811 abort: 36197 (0/36197/0), network size: 0, avg network size: 0, si_in_serializable: 0 0 %, local: 0 %
I0312 14:29:21.282689 635018 Coordinator.h:126] commit: 6669 abort: 35315 (0/35315/0), network size: 0, avg network size: 0, si_in_serializable: 0 0 %, local: 0 %
I0312 14:29:22.282809 635018 Coordinator.h:126] commit: 6630 abort: 35354 (0/35354/0), network size: 0, avg network size: 0, si_in_serializable: 0 0 %, local: 0 %
I0312 14:29:23.282927 635018 Coordinator.h:126] commit: 6622 abort: 35362 (0/35362/0), network size: 0, avg network size: 0, si_in_serializable: 0 0 %, local: 0 %
I0312 14:29:24.283043 635018 Coordinator.h:126] commit: 6562 abort: 35422 (0/35422/0), network size: 0, avg network size: 0, si_in_serializable: 0 0 %, local: 0 %
I0312 14:29:24.283084 635018 Coordinator.h:152] average commit: 6602.2 abort: 35484.2 (0/35484.2/0), network size: 0, avg network size: 0, si_in_serializable: 0 0 %, local: 0 %
I0312 14:29:24.283099 635018 AriaExecutor.h:649] Worker 0 latency: 23525 us (50%) 23826 us (75%) 24201 us (95%) 24529 us (99%).
I0312 14:29:24.288302 635043 AriaExecutor.h:103] AriaExecutor 10 exits. 
I0312 14:29:24.288303 635041 AriaExecutor.h:103] AriaExecutor 8 exits. 
I0312 14:29:24.288303 635040 AriaExecutor.h:103] AriaExecutor 7 exits. 
I0312 14:29:24.288303 635033 AriaExecutor.h:103] AriaExecutor 0 exits. 
I0312 14:29:24.288304 635034 AriaExecutor.h:103] AriaExecutor 1 exits. 
I0312 14:29:24.288304 635042 AriaExecutor.h:103] AriaExecutor 9 exits. 
I0312 14:29:24.288303 635036 AriaExecutor.h:103] AriaExecutor 3 exits. 
I0312 14:29:24.288303 635045 Manager.h:227] Manager(worker id = 12) on the coordinator node exits.
I0312 14:29:24.288304 635037 AriaExecutor.h:103] AriaExecutor 4 exits. 
I0312 14:29:24.288304 635035 AriaExecutor.h:103] AriaExecutor 2 exits. 
I0312 14:29:24.288303 635038 AriaExecutor.h:103] AriaExecutor 5 exits. 
I0312 14:29:24.288303 635039 AriaExecutor.h:103] AriaExecutor 6 exits. 
I0312 14:29:24.288308 635044 AriaExecutor.h:103] AriaExecutor 11 exits. 
I0312 14:29:24.288542 635018 AriaExecutor.h:649] Worker 1 latency: 23528 us (50%) 23827 us (75%) 24202 us (95%) 24597 us (99%).
I0312 14:29:24.289382 635018 AriaExecutor.h:649] Worker 2 latency: 23517 us (50%) 23818 us (75%) 24203 us (95%) 24553 us (99%).
I0312 14:29:24.290187 635018 AriaExecutor.h:649] Worker 3 latency: 23520 us (50%) 23829 us (75%) 24200 us (95%) 24617 us (99%).
I0312 14:29:24.290978 635018 AriaExecutor.h:649] Worker 4 latency: 23519 us (50%) 23821 us (75%) 24197 us (95%) 24552 us (99%).
I0312 14:29:24.291802 635018 AriaExecutor.h:649] Worker 5 latency: 23513 us (50%) 23824 us (75%) 24205 us (95%) 24718 us (99%).
I0312 14:29:24.292613 635018 AriaExecutor.h:649] Worker 6 latency: 23513 us (50%) 23822 us (75%) 24198 us (95%) 24558 us (99%).
I0312 14:29:24.293391 635018 AriaExecutor.h:649] Worker 7 latency: 23513 us (50%) 23821 us (75%) 24198 us (95%) 24540 us (99%).
I0312 14:29:24.294183 635018 AriaExecutor.h:649] Worker 8 latency: 23512 us (50%) 23818 us (75%) 24194 us (95%) 24558 us (99%).
I0312 14:29:24.294962 635018 AriaExecutor.h:649] Worker 9 latency: 23502 us (50%) 23817 us (75%) 24193 us (95%) 24523 us (99%).
I0312 14:29:24.295742 635018 AriaExecutor.h:649] Worker 10 latency: 23515 us (50%) 23821 us (75%) 24195 us (95%) 24555 us (99%).
I0312 14:29:24.296525 635018 AriaExecutor.h:649] Worker 11 latency: 23306 us (50%) 23740 us (75%) 24180 us (95%) 24592 us (99%).
I0312 14:29:24.297330 635018 Coordinator.h:177] total commit: 6602.2
I0312 14:29:25.297528 635018 Coordinator.h:192] Coordinator exits.
