I0312 14:31:37.016062 639144 Database.h:65] ycsb initialization finished in 114 milliseconds.
I0312 14:31:37.016283 639144 Coordinator.h:30] Coordinator initializes 12 workers.
I0312 14:31:37.053170 639144 Coordinator.h:77] Coordinator starts to run 13 workers.
I0312 14:31:37.053275 639161 AriaExecutor.h:91] AriaExecutor 0 started. 
I0312 14:31:37.053324 639162 AriaExecutor.h:91] AriaExecutor 1 started. 
I0312 14:31:37.053510 639164 AriaExecutor.h:91] AriaExecutor 3 started. 
I0312 14:31:37.053568 639165 AriaExecutor.h:91] AriaExecutor 4 started. 
I0312 14:31:37.053671 639166 AriaExecutor.h:91] AriaExecutor 5 started. 
I0312 14:31:37.053758 639167 AriaExecutor.h:91] AriaExecutor 6 started. 
I0312 14:31:37.053838 639168 AriaExecutor.h:91] AriaExecutor 7 started. 
I0312 14:31:37.053922 639169 AriaExecutor.h:91] AriaExecutor 8 started. 
I0312 14:31:37.054054 639170 AriaExecutor.h:91] AriaExecutor 9 started. 
I0312 14:31:37.054157 639171 AriaExecutor.h:91] AriaExecutor 10 started. 
I0312 14:31:37.054270 639172 AriaExecutor.h:91] AriaExecutor 11 started. 
I0312 14:31:37.054374 639173 Manager.h:224] Manager(worker id = 12) on the coordinator node started.
I0312 14:31:37.058418 639163 AriaExecutor.h:91] AriaExecutor 2 started. 
I0312 14:31:38.054426 639144 Coordinator.h:126] commit: 5972 abort: 33964 (0/33964/0), network size: 0, avg network size: 0, si_in_serializable: 0 0 %, local: 0 %
I0312 14:31:39.054562 639144 Coordinator.h:126] commit: 6036 abort: 34924 (0/34924/0), network size: 0, avg network size: 0, si_in_serializable: 0 0 %, local: 0 %
I0312 14:31:40.054716 639144 Coordinator.h:126] commit: 5976 abort: 33960 (0/33960/0), network size: 0, avg network size: 0, si_in_serializable: 0 0 %, local: 0 %
I0312 14:31:41.054847 639144 Coordinator.h:126] commit: 5958 abort: 35002 (0/35002/0), network size: 0, avg network size: 0, si_in_serializable: 0 0 %, local: 0 %
I0312 14:31:42.054967 639144 Coordinator.h:126] commit: 5933 abort: 34003 (0/34003/0), network size: 0, avg network size: 0, si_in_serializable: 0 0 %, local: 0 %
I0312 14:31:43.055089 639144 Coordinator.h:126] commit: 5939 abort: 33997 (0/33997/0), network size: 0, avg network size: 0, si_in_serializable: 0 0 %, local: 0 %
I0312 14:31:44.055212 639144 Coordinator.h:126] commit: 5902 abort: 34034 (0/34034/0), network size: 0, avg network size: 0, si_in_serializable: 0 0 %, local: 0 %
I0312 14:31:45.055368 639144 Coordinator.h:126] commit: 5803 abort: 34133 (0/34133/0), network size: 0, avg network size: 0, si_in_serializable: 0 0 %, local: 0 %
I0312 14:31:46.055497 639144 Coordinator.h:126] commit: 5895 abort: 34041 (0/34041/0), network size: 0, avg network size: 0, si_in_serializable: 0 0 %, local: 0 %
I0312 14:31:47.055619 639144 Coordinator.h:126] commit: 5936 abort: 34000 (0/34000/0), network size: 0, avg network size: 0, si_in_serializable: 0 0 %, local: 0 %
I0312 14:31:48.055773 639144 Coordinator.h:126] commit: 6064 abort: 34896 (0/34896/0), network size: 0, avg network size: 0, si_in_serializable: 0 0 %, local: 0 %
I0312 14:31:49.055907 639144 Coordinator.h:126] commit: 5932 abort: 34004 (0/34004/0), network size: 0, avg network size: 0, si_in_serializable: 0 0 %, local: 0 %
I0312 14:31:50.056032 639144 Coordinator.h:126] commit: 5852 abort: 34084 (0/34084/0), network size: 0, avg network size: 0, si_in_serializable: 0 0 %, local: 0 %
I0312 14:31:51.056167 639144 Coordinator.h:126] commit: 5819 abort: 34117 (0/34117/0), network size: 0, avg network size: 0, si_in_serializable: 0 0 %, local: 0 %
I0312 14:31:52.056336 639144 Coordinator.h:126] commit: 6056 abort: 34904 (0/34904/0), network size: 0, avg network size: 0, si_in_serializable: 0 0 %, local: 0 %
I0312 14:31:53.056464 639144 Coordinator.h:126] commit: 5865 abort: 34071 (0/34071/0), network size: 0, avg network size: 0, si_in_serializable: 0 0 %, local: 0 %
I0312 14:31:54.056583 639144 Coordinator.h:126] commit: 5898 abort: 34038 (0/34038/0), network size: 0, avg network size: 0, si_in_serializable: 0 0 %, local: 0 %
I0312 14:31:55.056708 639144 Coordinator.h:126] commit: 5881 abort: 34055 (0/34055/0), network size: 0, avg network size: 0, si_in_serializable: 0 0 %, local: 0 %
I0312 14:31:56.056830 639144 Coordinator.h:126] commit: 5845 abort: 34091 (0/34091/0), network size: 0, avg network size: 0, si_in_serializable: 0 0 %, local: 0 %
I0312 14:31:57.056985 639144 Coordinator.h:126] commit: 6010 abort: 34950 (0/34950/0), network size: 0, avg network size: 0, si_in_serializable: 0 0 %, local: 0 %
I0312 14:31:58.057116 639144 Coordinator.h:126] commit: 5959 abort: 33977 (0/33977/0), network size: 0, avg network size: 0, si_in_serializable: 0 0 %, local: 0 %
I0312 14:31:59.057236 639144 Coordinator.h:126] commit: 6093 abort: 34867 (0/34867/0), network size: 0, avg network size: 0, si_in_serializable: 0 0 %, local: 0 %
I0312 14:32:00.057351 639144 Coordinator.h:126] commit: 5904 abort: 34032 (0/34032/0), network size: 0, avg network size: 0, si_in_serializable: 0 0 %, local: 0 %
I0312 14:32:01.057473 639144 Coordinator.h:126] commit: 5859 abort: 34077 (0/34077/0), network size: 0, avg network size: 0, si_in_serializable: 0 0 %, local: 0 %
I0312 14:32:02.057628 639144 Coordinator.h:126] commit: 5825 abort: 34111 (0/34111/0), network size: 0, avg network size: 0, si_in_serializable: 0 0 %, local: 0 %
I0312 14:32:02.057678 639144 Coordinator.h:152] average commit: 5922.2 abort: 34321 (0/34321/0), network size: 0, avg network size: 0, si_in_serializable: 0 0 %, local: 0 %
I0312 14:32:02.057698 639144 AriaExecutor.h:649] Worker 0 latency: 24610 us (50%) 24943 us (75%) 25414 us (95%) 26524 us (99%).
I0312 14:32:02.062075 639169 AriaExecutor.h:103] AriaExecutor 8 exits. 
I0312 14:32:02.062077 639168 AriaExecutor.h:103] AriaExecutor 7 exits. 
I0312 14:32:02.062076 639166 AriaExecutor.h:103] AriaExecutor 5 exits. 
I0312 14:32:02.062076 639170 AriaExecutor.h:103] AriaExecutor 9 exits. 
I0312 14:32:02.062076 639163 AriaExecutor.h:103] AriaExecutor 2 exits. 
I0312 14:32:02.062077 639162 AriaExecutor.h:103] AriaExecutor 1 exits. 
I0312 14:32:02.062077 639161 AriaExecutor.h:103] AriaExecutor 0 exits. 
I0312 14:32:02.062078 639172 AriaExecutor.h:103] AriaExecutor 11 exits. 
I0312 14:32:02.062076 639164 AriaExecutor.h:103] AriaExecutor 3 exits. 
I0312 14:32:02.062081 639165 AriaExecutor.h:103] AriaExecutor 4 exits. 
I0312 14:32:02.062077 639171 AriaExecutor.h:103] AriaExecutor 10 exits. 
I0312 14:32:02.062077 639173 Manager.h:227] Manager(worker id = 12) on the coordinator node exits.
I0312 14:32:02.062077 639167 AriaExecutor.h:103] AriaExecutor 6 exits. 
I0312 14:32:02.062333 639144 AriaExecutor.h:649] Worker 1 latency: 24615 us (50%) 24949 us (75%) 25405 us (95%) 26031 us (99%).
I0312 14:32:02.063077 639144 AriaExecutor.h:649] Worker 2 latency: 24606 us (50%) 24940 us (75%) 25402 us (95%) 25997 us (99%).
I0312 14:32:02.063812 639144 AriaExecutor.h:649] Worker 3 latency: 24616 us (50%) 24948 us (75%) 25405 us (95%) 25998 us (99%).
I0312 14:32:02.064525 639144 AriaExecutor.h:649] Worker 4 latency: 24408 us (50%) 24866 us (75%) 25389 us (95%) 26161 us (99%).
I0312 14:32:02.065285 639144 AriaExecutor.h:649] Worker 5 latency: 24608 us (50%) 24944 us (75%) 25410 us (95%) 26096 us (99%).
I0312 14:32:02.066025 639144 AriaExecutor.h:649] Worker 6 latency: 24608 us (50%) 24939 us (75%) 25405 us (95%) 26308 us (99%).
I0312 14:32:02.066746 639144 AriaExecutor.h:649] Worker 7 latency: 24598 us (50%) 24944 us (75%) 25406 us (95%) 26014 us (99%).
I0312 14:32:02.067478 639144 AriaExecutor.h:649] Worker 8 latency: 24613 us (50%) 24939 us (75%) 25409 us (95%) 25934 us (99%).
I0312 14:32:02.068192 639144 AriaExecutor.h:649] Worker 9 latency: 24609 us (50%) 24945 us (75%) 25409 us (95%) 26018 us (99%).
I0312 14:32:02.068922 639144 AriaExecutor.h:649] Worker 10 latency: 24602 us (50%) 24942 us (75%) 25407 us (95%) 26599 us (99%).
I0312 14:32:02.069629 639144 AriaExecutor.h:649] Worker 11 latency: 24606 us (50%) 24934 us (75%) 25395 us (95%) 25936 us (99%).
I0312 14:32:02.070336 639144 Coordinator.h:177] total commit: 5922.2
I0312 14:32:03.070533 639144 Coordinator.h:192] Coordinator exits.
