I0312 14:22:50.998148 624958 Database.h:65] ycsb initialization finished in 156 milliseconds.
I0312 14:22:50.998517 624958 Coordinator.h:30] Coordinator initializes 12 workers.
I0312 14:22:51.034291 624958 Coordinator.h:77] Coordinator starts to run 13 workers.
I0312 14:22:51.034415 624974 AriaExecutor.h:91] AriaExecutor 0 started. 
I0312 14:22:51.034504 624975 AriaExecutor.h:91] AriaExecutor 1 started. 
I0312 14:22:51.034677 624976 AriaExecutor.h:91] AriaExecutor 2 started. 
I0312 14:22:51.034814 624977 AriaExecutor.h:91] AriaExecutor 3 started. 
I0312 14:22:51.034978 624978 AriaExecutor.h:91] AriaExecutor 4 started. 
I0312 14:22:51.035123 624979 AriaExecutor.h:91] AriaExecutor 5 started. 
I0312 14:22:51.035288 624980 AriaExecutor.h:91] AriaExecutor 6 started. 
I0312 14:22:51.035413 624981 AriaExecutor.h:91] AriaExecutor 7 started. 
I0312 14:22:51.035555 624982 AriaExecutor.h:91] AriaExecutor 8 started. 
I0312 14:22:51.035708 624983 AriaExecutor.h:91] AriaExecutor 9 started. 
I0312 14:22:51.035843 624984 AriaExecutor.h:91] AriaExecutor 10 started. 
I0312 14:22:51.035986 624985 AriaExecutor.h:91] AriaExecutor 11 started. 
I0312 14:22:51.036141 624986 Manager.h:224] Manager(worker id = 12) on the coordinator node started.
I0312 14:22:52.036201 624958 Coordinator.h:126] commit: 5969 abort: 31919 (0/31919/0), network size: 0, avg network size: 0, si_in_serializable: 0 0 %, local: 0 %
I0312 14:22:53.036365 624958 Coordinator.h:126] commit: 6275 abort: 33661 (0/33661/0), network size: 0, avg network size: 0, si_in_serializable: 0 0 %, local: 0 %
I0312 14:22:54.036554 624958 Coordinator.h:126] commit: 6491 abort: 34469 (0/34469/0), network size: 0, avg network size: 0, si_in_serializable: 0 0 %, local: 0 %
I0312 14:22:55.036700 624958 Coordinator.h:126] commit: 6445 abort: 34515 (0/34515/0), network size: 0, avg network size: 0, si_in_serializable: 0 0 %, local: 0 %
I0312 14:22:56.036835 624958 Coordinator.h:126] commit: 6751 abort: 36257 (0/36257/0), network size: 0, avg network size: 0, si_in_serializable: 0 0 %, local: 0 %
I0312 14:22:57.036988 624958 Coordinator.h:126] commit: 6476 abort: 34484 (0/34484/0), network size: 0, avg network size: 0, si_in_serializable: 0 0 %, local: 0 %
I0312 14:22:58.037158 624958 Coordinator.h:126] commit: 6558 abort: 35426 (0/35426/0), network size: 0, avg network size: 0, si_in_serializable: 0 0 %, local: 0 %
I0312 14:22:59.037390 624958 Coordinator.h:126] commit: 9895 abort: 52569 (0/52569/0), network size: 0, avg network size: 0, si_in_serializable: 0 0 %, local: 0 %
I0312 14:23:00.037552 624958 Coordinator.h:126] commit: 7934 abort: 42242 (0/42242/0), network size: 0, avg network size: 0, si_in_serializable: 0 0 %, local: 0 %
I0312 14:23:01.037698 624958 Coordinator.h:126] commit: 6551 abort: 35433 (0/35433/0), network size: 0, avg network size: 0, si_in_serializable: 0 0 %, local: 0 %
I0312 14:23:02.037833 624958 Coordinator.h:126] commit: 6548 abort: 35436 (0/35436/0), network size: 0, avg network size: 0, si_in_serializable: 0 0 %, local: 0 %
I0312 14:23:03.037987 624958 Coordinator.h:126] commit: 6580 abort: 35404 (0/35404/0), network size: 0, avg network size: 0, si_in_serializable: 0 0 %, local: 0 %
I0312 14:23:04.038152 624958 Coordinator.h:126] commit: 6632 abort: 35352 (0/35352/0), network size: 0, avg network size: 0, si_in_serializable: 0 0 %, local: 0 %
I0312 14:23:05.038354 624958 Coordinator.h:126] commit: 11539 abort: 62189 (0/62189/0), network size: 0, avg network size: 0, si_in_serializable: 0 0 %, local: 0 %
I0312 14:23:06.038517 624958 Coordinator.h:126] commit: 11856 abort: 63920 (0/63920/0), network size: 0, avg network size: 0, si_in_serializable: 0 0 %, local: 0 %
I0312 14:23:07.038686 624958 Coordinator.h:126] commit: 10614 abort: 57994 (0/57994/0), network size: 0, avg network size: 0, si_in_serializable: 0 0 %, local: 0 %
I0312 14:23:08.038812 624958 Coordinator.h:126] commit: 7879 abort: 42297 (0/42297/0), network size: 0, avg network size: 0, si_in_serializable: 0 0 %, local: 0 %
I0312 14:23:09.038954 624958 Coordinator.h:126] commit: 6605 abort: 35379 (0/35379/0), network size: 0, avg network size: 0, si_in_serializable: 0 0 %, local: 0 %
I0312 14:23:10.039100 624958 Coordinator.h:126] commit: 6453 abort: 34507 (0/34507/0), network size: 0, avg network size: 0, si_in_serializable: 0 0 %, local: 0 %
I0312 14:23:11.039249 624958 Coordinator.h:126] commit: 6638 abort: 35346 (0/35346/0), network size: 0, avg network size: 0, si_in_serializable: 0 0 %, local: 0 %
I0312 14:23:12.039405 624958 Coordinator.h:126] commit: 6577 abort: 35407 (0/35407/0), network size: 0, avg network size: 0, si_in_serializable: 0 0 %, local: 0 %
I0312 14:23:13.039561 624958 Coordinator.h:126] commit: 6557 abort: 34514 (0/34514/0), network size: 0, avg network size: 0, si_in_serializable: 0 0 %, local: 0 %
I0312 14:23:14.039713 624958 Coordinator.h:126] commit: 9934 abort: 54467 (0/54467/0), network size: 0, avg network size: 0, si_in_serializable: 0 0 %, local: 0 %
I0312 14:23:15.039830 624958 Coordinator.h:126] commit: 9815 abort: 52649 (0/52649/0), network size: 0, avg network size: 0, si_in_serializable: 0 0 %, local: 0 %
I0312 14:23:16.039970 624958 Coordinator.h:126] commit: 6549 abort: 35435 (0/35435/0), network size: 0, avg network size: 0, si_in_serializable: 0 0 %, local: 0 %
I0312 14:23:16.040027 624958 Coordinator.h:152] average commit: 8134.4 abort: 43782.4 (0/43782.4/0), network size: 0, avg network size: 0, si_in_serializable: 0 0 %, local: 0 %
I0312 14:23:16.040060 624958 AriaExecutor.h:649] Worker 0 latency: 23226 us (50%) 23918 us (75%) 24584 us (95%) 25798 us (99%).
I0312 14:23:16.063810 624977 AriaExecutor.h:103] AriaExecutor 3 exits. 
I0312 14:23:16.063810 624986 Manager.h:227] Manager(worker id = 12) on the coordinator node exits.
I0312 14:23:16.063812 624978 AriaExecutor.h:103] AriaExecutor 4 exits. 
I0312 14:23:16.063812 624976 AriaExecutor.h:103] AriaExecutor 2 exits. 
I0312 14:23:16.063812 624980 AriaExecutor.h:103] AriaExecutor 6 exits. 
I0312 14:23:16.063817 624974 AriaExecutor.h:103] AriaExecutor 0 exits. 
I0312 14:23:16.063813 624985 AriaExecutor.h:103] AriaExecutor 11 exits. 
I0312 14:23:16.063812 624984 AriaExecutor.h:103] AriaExecutor 10 exits. 
I0312 14:23:16.063813 624982 AriaExecutor.h:103] AriaExecutor 8 exits. 
I0312 14:23:16.063812 624983 AriaExecutor.h:103] AriaExecutor 9 exits. 
I0312 14:23:16.063810 624975 AriaExecutor.h:103] AriaExecutor 1 exits. 
I0312 14:23:16.063812 624981 AriaExecutor.h:103] AriaExecutor 7 exits. 
I0312 14:23:16.063812 624979 AriaExecutor.h:103] AriaExecutor 5 exits. 
I0312 14:23:16.064230 624958 AriaExecutor.h:649] Worker 1 latency: 23305 us (50%) 23952 us (75%) 24586 us (95%) 25836 us (99%).
I0312 14:23:16.065907 624958 AriaExecutor.h:649] Worker 2 latency: 23334 us (50%) 23967 us (75%) 24636 us (95%) 25864 us (99%).
I0312 14:23:16.067548 624958 AriaExecutor.h:649] Worker 3 latency: 23240 us (50%) 23938 us (75%) 24642 us (95%) 25854 us (99%).
I0312 14:23:16.069195 624958 AriaExecutor.h:649] Worker 4 latency: 23307 us (50%) 23955 us (75%) 24599 us (95%) 25869 us (99%).
I0312 14:23:16.070851 624958 AriaExecutor.h:649] Worker 5 latency: 23127 us (50%) 23927 us (75%) 24621 us (95%) 25833 us (99%).
I0312 14:23:16.072484 624958 AriaExecutor.h:649] Worker 6 latency: 23202 us (50%) 23934 us (75%) 24655 us (95%) 25852 us (99%).
I0312 14:23:16.074090 624958 AriaExecutor.h:649] Worker 7 latency: 23314 us (50%) 23949 us (75%) 24589 us (95%) 25841 us (99%).
I0312 14:23:16.075677 624958 AriaExecutor.h:649] Worker 8 latency: 23172 us (50%) 23914 us (75%) 24583 us (95%) 25830 us (99%).
I0312 14:23:16.077304 624958 AriaExecutor.h:649] Worker 9 latency: 23300 us (50%) 23963 us (75%) 24614 us (95%) 25827 us (99%).
I0312 14:23:16.078894 624958 AriaExecutor.h:649] Worker 10 latency: 23311 us (50%) 23939 us (75%) 24580 us (95%) 25831 us (99%).
I0312 14:23:16.080477 624958 AriaExecutor.h:649] Worker 11 latency: 23323 us (50%) 23960 us (75%) 24600 us (95%) 25867 us (99%).
I0312 14:23:16.082072 624958 Coordinator.h:177] total commit: 8134.4
I0312 14:23:17.082269 624958 Coordinator.h:192] Coordinator exits.
