I0312 10:02:45.076607 406624 Database.h:65] ycsb initialization finished in 98 milliseconds.
I0312 10:02:45.076844 406624 Coordinator.h:30] Coordinator initializes 12 workers.
I0312 10:02:45.186797 406624 Coordinator.h:77] Coordinator starts to run 13 workers.
I0312 10:02:45.186883 406642 AriaExecutor.h:91] AriaExecutor 0 started. 
I0312 10:02:45.186915 406643 AriaExecutor.h:91] AriaExecutor 1 started. 
I0312 10:02:45.186985 406644 AriaExecutor.h:91] AriaExecutor 2 started. 
I0312 10:02:45.187114 406645 AriaExecutor.h:91] AriaExecutor 3 started. 
I0312 10:02:45.187216 406646 AriaExecutor.h:91] AriaExecutor 4 started. 
I0312 10:02:45.187332 406647 AriaExecutor.h:91] AriaExecutor 5 started. 
I0312 10:02:45.187436 406648 AriaExecutor.h:91] AriaExecutor 6 started. 
I0312 10:02:45.187541 406649 AriaExecutor.h:91] AriaExecutor 7 started. 
I0312 10:02:45.187644 406650 AriaExecutor.h:91] AriaExecutor 8 started. 
I0312 10:02:45.187743 406651 AriaExecutor.h:91] AriaExecutor 9 started. 
I0312 10:02:45.187844 406652 AriaExecutor.h:91] AriaExecutor 10 started. 
I0312 10:02:45.187942 406653 AriaExecutor.h:91] AriaExecutor 11 started. 
I0312 10:02:45.188050 406654 Manager.h:224] Manager(worker id = 12) on the coordinator node started.
I0312 10:02:46.188105 406624 Coordinator.h:126] commit: 317976 abort: 62952 (0/62952/0), network size: 0, avg network size: 0, si_in_serializable: 0 0 %, local: 0 %
I0312 10:02:47.188247 406624 Coordinator.h:126] commit: 325303 abort: 63817 (0/63817/0), network size: 0, avg network size: 0, si_in_serializable: 0 0 %, local: 0 %
I0312 10:02:48.188405 406624 Coordinator.h:126] commit: 325063 abort: 64057 (0/64057/0), network size: 0, avg network size: 0, si_in_serializable: 0 0 %, local: 0 %
I0312 10:02:49.188537 406624 Coordinator.h:126] commit: 328653 abort: 64563 (0/64563/0), network size: 0, avg network size: 0, si_in_serializable: 0 0 %, local: 0 %
I0312 10:02:50.188658 406624 Coordinator.h:126] commit: 325139 abort: 63981 (0/63981/0), network size: 0, avg network size: 0, si_in_serializable: 0 0 %, local: 0 %
I0312 10:02:51.188779 406624 Coordinator.h:126] commit: 324999 abort: 64121 (0/64121/0), network size: 0, avg network size: 0, si_in_serializable: 0 0 %, local: 0 %
I0312 10:02:52.188903 406624 Coordinator.h:126] commit: 324910 abort: 64210 (0/64210/0), network size: 0, avg network size: 0, si_in_serializable: 0 0 %, local: 0 %
I0312 10:02:53.189060 406624 Coordinator.h:126] commit: 328458 abort: 64758 (0/64758/0), network size: 0, avg network size: 0, si_in_serializable: 0 0 %, local: 0 %
I0312 10:02:54.189195 406624 Coordinator.h:126] commit: 325606 abort: 63514 (0/63514/0), network size: 0, avg network size: 0, si_in_serializable: 0 0 %, local: 0 %
I0312 10:02:55.189319 406624 Coordinator.h:126] commit: 321830 abort: 63194 (0/63194/0), network size: 0, avg network size: 0, si_in_serializable: 0 0 %, local: 0 %
I0312 10:02:56.189476 406624 Coordinator.h:126] commit: 325168 abort: 63952 (0/63952/0), network size: 0, avg network size: 0, si_in_serializable: 0 0 %, local: 0 %
I0312 10:02:57.189607 406624 Coordinator.h:126] commit: 329085 abort: 64131 (0/64131/0), network size: 0, avg network size: 0, si_in_serializable: 0 0 %, local: 0 %
I0312 10:02:58.189733 406624 Coordinator.h:126] commit: 325647 abort: 63473 (0/63473/0), network size: 0, avg network size: 0, si_in_serializable: 0 0 %, local: 0 %
I0312 10:02:59.189855 406624 Coordinator.h:126] commit: 328316 abort: 64900 (0/64900/0), network size: 0, avg network size: 0, si_in_serializable: 0 0 %, local: 0 %
I0312 10:03:00.190011 406624 Coordinator.h:126] commit: 324889 abort: 64231 (0/64231/0), network size: 0, avg network size: 0, si_in_serializable: 0 0 %, local: 0 %
I0312 10:03:01.190145 406624 Coordinator.h:126] commit: 325064 abort: 64056 (0/64056/0), network size: 0, avg network size: 0, si_in_serializable: 0 0 %, local: 0 %
I0312 10:03:02.190267 406624 Coordinator.h:126] commit: 328412 abort: 64804 (0/64804/0), network size: 0, avg network size: 0, si_in_serializable: 0 0 %, local: 0 %
I0312 10:03:03.190394 406624 Coordinator.h:126] commit: 325042 abort: 64078 (0/64078/0), network size: 0, avg network size: 0, si_in_serializable: 0 0 %, local: 0 %
I0312 10:03:04.190551 406624 Coordinator.h:126] commit: 327493 abort: 64418 (0/64418/0), network size: 0, avg network size: 0, si_in_serializable: 0 0 %, local: 0 %
I0312 10:03:05.190685 406624 Coordinator.h:126] commit: 316076 abort: 62061 (0/62061/0), network size: 0, avg network size: 0, si_in_serializable: 0 0 %, local: 0 %
I0312 10:03:06.190805 406624 Coordinator.h:126] commit: 324934 abort: 64186 (0/64186/0), network size: 0, avg network size: 0, si_in_serializable: 0 0 %, local: 0 %
I0312 10:03:07.190928 406624 Coordinator.h:126] commit: 328263 abort: 64953 (0/64953/0), network size: 0, avg network size: 0, si_in_serializable: 0 0 %, local: 0 %
I0312 10:03:08.191054 406624 Coordinator.h:126] commit: 325381 abort: 63739 (0/63739/0), network size: 0, avg network size: 0, si_in_serializable: 0 0 %, local: 0 %
I0312 10:03:09.191177 406624 Coordinator.h:126] commit: 325207 abort: 63913 (0/63913/0), network size: 0, avg network size: 0, si_in_serializable: 0 0 %, local: 0 %
I0312 10:03:10.191299 406624 Coordinator.h:126] commit: 328415 abort: 64801 (0/64801/0), network size: 0, avg network size: 0, si_in_serializable: 0 0 %, local: 0 %
I0312 10:03:10.191342 406624 Coordinator.h:152] average commit: 325519 abort: 64010.4 (0/64010.4/0), network size: 0, avg network size: 0, si_in_serializable: 0 0 %, local: 0 %
I0312 10:03:10.198553 406643 AriaExecutor.h:103] AriaExecutor 1 exits. 
I0312 10:03:10.198553 406645 AriaExecutor.h:103] AriaExecutor 3 exits. 
I0312 10:03:10.198554 406648 AriaExecutor.h:103] AriaExecutor 6 exits. 
I0312 10:03:10.198553 406653 AriaExecutor.h:103] AriaExecutor 11 exits. 
I0312 10:03:10.198553 406646 AriaExecutor.h:103] AriaExecutor 4 exits. 
I0312 10:03:10.198553 406654 Manager.h:227] Manager(worker id = 12) on the coordinator node exits.
I0312 10:03:10.198554 406647 AriaExecutor.h:103] AriaExecutor 5 exits. 
I0312 10:03:10.198554 406649 AriaExecutor.h:103] AriaExecutor 7 exits. 
I0312 10:03:10.198553 406652 AriaExecutor.h:103] AriaExecutor 10 exits. 
I0312 10:03:10.198553 406642 AriaExecutor.h:103] AriaExecutor 0 exits. 
I0312 10:03:10.198554 406651 AriaExecutor.h:103] AriaExecutor 9 exits. 
I0312 10:03:10.198555 406644 AriaExecutor.h:103] AriaExecutor 2 exits. 
I0312 10:03:10.198553 406650 AriaExecutor.h:103] AriaExecutor 8 exits. 
I0312 10:03:10.191358 406624 AriaExecutor.h:649] Worker 0 latency: 7307 us (50%) 8767 us (75%) 9844 us (95%) 10062 us (99%).
I0312 10:03:10.227330 406624 AriaExecutor.h:649] Worker 1 latency: 7315 us (50%) 8772 us (75%) 9844 us (95%) 10061 us (99%).
I0312 10:03:10.261451 406624 AriaExecutor.h:649] Worker 2 latency: 7311 us (50%) 8770 us (75%) 9844 us (95%) 10062 us (99%).
I0312 10:03:10.295670 406624 AriaExecutor.h:649] Worker 3 latency: 7313 us (50%) 8769 us (75%) 9843 us (95%) 10060 us (99%).
I0312 10:03:10.329927 406624 AriaExecutor.h:649] Worker 4 latency: 7318 us (50%) 8774 us (75%) 9844 us (95%) 10060 us (99%).
I0312 10:03:10.364086 406624 AriaExecutor.h:649] Worker 5 latency: 7314 us (50%) 8770 us (75%) 9844 us (95%) 10060 us (99%).
I0312 10:03:10.398445 406624 AriaExecutor.h:649] Worker 6 latency: 7318 us (50%) 8772 us (75%) 9844 us (95%) 10061 us (99%).
I0312 10:03:10.432605 406624 AriaExecutor.h:649] Worker 7 latency: 7324 us (50%) 8776 us (75%) 9845 us (95%) 10061 us (99%).
I0312 10:03:10.466609 406624 AriaExecutor.h:649] Worker 8 latency: 7316 us (50%) 8772 us (75%) 9844 us (95%) 10061 us (99%).
I0312 10:03:10.500890 406624 AriaExecutor.h:649] Worker 9 latency: 7315 us (50%) 8772 us (75%) 9844 us (95%) 10060 us (99%).
I0312 10:03:10.535131 406624 AriaExecutor.h:649] Worker 10 latency: 7323 us (50%) 8774 us (75%) 9845 us (95%) 10061 us (99%).
I0312 10:03:10.569768 406624 AriaExecutor.h:649] Worker 11 latency: 7317 us (50%) 8772 us (75%) 9846 us (95%) 10063 us (99%).
I0312 10:03:10.603778 406624 Coordinator.h:177] total commit: 325519
I0312 10:03:11.603979 406624 Coordinator.h:192] Coordinator exits.
