I0312 09:30:50.375977 358519 Database.h:65] ycsb initialization finished in 97 milliseconds.
I0312 09:30:50.376200 358519 Coordinator.h:30] Coordinator initializes 12 workers.
I0312 09:30:50.487437 358519 Coordinator.h:77] Coordinator starts to run 13 workers.
I0312 09:30:50.487521 358546 AriaExecutor.h:82] AriaExecutor 0 started. 
I0312 09:30:50.487581 358547 AriaExecutor.h:82] AriaExecutor 1 started. 
I0312 09:30:50.487682 358548 AriaExecutor.h:82] AriaExecutor 2 started. 
I0312 09:30:50.487776 358549 AriaExecutor.h:82] AriaExecutor 3 started. 
I0312 09:30:50.487849 358550 AriaExecutor.h:82] AriaExecutor 4 started. 
I0312 09:30:50.487993 358551 AriaExecutor.h:82] AriaExecutor 5 started. 
I0312 09:30:50.488111 358552 AriaExecutor.h:82] AriaExecutor 6 started. 
I0312 09:30:50.488232 358553 AriaExecutor.h:82] AriaExecutor 7 started. 
I0312 09:30:50.488358 358554 AriaExecutor.h:82] AriaExecutor 8 started. 
I0312 09:30:50.488458 358555 AriaExecutor.h:82] AriaExecutor 9 started. 
I0312 09:30:50.488590 358556 AriaExecutor.h:82] AriaExecutor 10 started. 
I0312 09:30:50.488693 358557 AriaExecutor.h:82] AriaExecutor 11 started. 
I0312 09:30:50.488791 358558 Manager.h:224] Manager(worker id = 12) on the coordinator node started.
I0312 09:30:51.488842 358519 Coordinator.h:126] commit: 313219 abort: 63613 (0/63613/0), network size: 0, avg network size: 0, si_in_serializable: 0 0 %, local: 0 %
I0312 09:30:52.488979 358519 Coordinator.h:126] commit: 325005 abort: 65233 (0/65233/0), network size: 0, avg network size: 0, si_in_serializable: 0 0 %, local: 0 %
I0312 09:30:53.489140 358519 Coordinator.h:126] commit: 326319 abort: 65779 (0/65779/0), network size: 0, avg network size: 0, si_in_serializable: 0 0 %, local: 0 %
I0312 09:30:54.489275 358519 Coordinator.h:126] commit: 327180 abort: 66036 (0/66036/0), network size: 0, avg network size: 0, si_in_serializable: 0 0 %, local: 0 %
I0312 09:30:55.489401 358519 Coordinator.h:126] commit: 327346 abort: 65870 (0/65870/0), network size: 0, avg network size: 0, si_in_serializable: 0 0 %, local: 0 %
I0312 09:30:56.489527 358519 Coordinator.h:126] commit: 323484 abort: 65636 (0/65636/0), network size: 0, avg network size: 0, si_in_serializable: 0 0 %, local: 0 %
I0312 09:30:57.489650 358519 Coordinator.h:126] commit: 327160 abort: 66056 (0/66056/0), network size: 0, avg network size: 0, si_in_serializable: 0 0 %, local: 0 %
I0312 09:30:58.489814 358519 Coordinator.h:126] commit: 327625 abort: 65591 (0/65591/0), network size: 0, avg network size: 0, si_in_serializable: 0 0 %, local: 0 %
I0312 09:30:59.489948 358519 Coordinator.h:126] commit: 323433 abort: 65687 (0/65687/0), network size: 0, avg network size: 0, si_in_serializable: 0 0 %, local: 0 %
I0312 09:31:00.490074 358519 Coordinator.h:126] commit: 323977 abort: 65143 (0/65143/0), network size: 0, avg network size: 0, si_in_serializable: 0 0 %, local: 0 %
I0312 09:31:01.490234 358519 Coordinator.h:126] commit: 323950 abort: 65216 (0/65216/0), network size: 0, avg network size: 0, si_in_serializable: 0 0 %, local: 0 %
I0312 09:31:02.490371 358519 Coordinator.h:126] commit: 327329 abort: 65841 (0/65841/0), network size: 0, avg network size: 0, si_in_serializable: 0 0 %, local: 0 %
I0312 09:31:03.490497 358519 Coordinator.h:126] commit: 327182 abort: 66034 (0/66034/0), network size: 0, avg network size: 0, si_in_serializable: 0 0 %, local: 0 %
I0312 09:31:04.490649 358519 Coordinator.h:126] commit: 327417 abort: 65799 (0/65799/0), network size: 0, avg network size: 0, si_in_serializable: 0 0 %, local: 0 %
I0312 09:31:05.490782 358519 Coordinator.h:126] commit: 327012 abort: 66204 (0/66204/0), network size: 0, avg network size: 0, si_in_serializable: 0 0 %, local: 0 %
I0312 09:31:06.490908 358519 Coordinator.h:126] commit: 323646 abort: 65474 (0/65474/0), network size: 0, avg network size: 0, si_in_serializable: 0 0 %, local: 0 %
I0312 09:31:07.491034 358519 Coordinator.h:126] commit: 327244 abort: 65972 (0/65972/0), network size: 0, avg network size: 0, si_in_serializable: 0 0 %, local: 0 %
I0312 09:31:08.491163 358519 Coordinator.h:126] commit: 327470 abort: 65746 (0/65746/0), network size: 0, avg network size: 0, si_in_serializable: 0 0 %, local: 0 %
I0312 09:31:09.491288 358519 Coordinator.h:126] commit: 327446 abort: 65770 (0/65770/0), network size: 0, avg network size: 0, si_in_serializable: 0 0 %, local: 0 %
I0312 09:31:10.491451 358519 Coordinator.h:126] commit: 313429 abort: 63403 (0/63403/0), network size: 0, avg network size: 0, si_in_serializable: 0 0 %, local: 0 %
I0312 09:31:11.491585 358519 Coordinator.h:126] commit: 327151 abort: 66065 (0/66065/0), network size: 0, avg network size: 0, si_in_serializable: 0 0 %, local: 0 %
I0312 09:31:12.491714 358519 Coordinator.h:126] commit: 327069 abort: 66147 (0/66147/0), network size: 0, avg network size: 0, si_in_serializable: 0 0 %, local: 0 %
I0312 09:31:13.491842 358519 Coordinator.h:126] commit: 327480 abort: 65736 (0/65736/0), network size: 0, avg network size: 0, si_in_serializable: 0 0 %, local: 0 %
I0312 09:31:14.491971 358519 Coordinator.h:126] commit: 325100 abort: 65582 (0/65582/0), network size: 0, avg network size: 0, si_in_serializable: 0 0 %, local: 0 %
I0312 09:31:15.492102 358519 Coordinator.h:126] commit: 326118 abort: 65536 (0/65536/0), network size: 0, avg network size: 0, si_in_serializable: 0 0 %, local: 0 %
I0312 09:31:15.492148 358519 Coordinator.h:152] average commit: 325212 abort: 65545.9 (0/65545.9/0), network size: 0, avg network size: 0, si_in_serializable: 0 0 %, local: 0 %
I0312 09:31:15.492935 358558 Manager.h:227] Manager(worker id = 12) on the coordinator node exits.
I0312 09:31:15.492935 358556 AriaExecutor.h:94] AriaExecutor 10 exits. 
I0312 09:31:15.492936 358549 AriaExecutor.h:94] AriaExecutor 3 exits. 
I0312 09:31:15.492936 358547 AriaExecutor.h:94] AriaExecutor 1 exits. 
I0312 09:31:15.492937 358557 AriaExecutor.h:94] AriaExecutor 11 exits. 
I0312 09:31:15.492936 358548 AriaExecutor.h:94] AriaExecutor 2 exits. 
I0312 09:31:15.492938 358555 AriaExecutor.h:94] AriaExecutor 9 exits. 
I0312 09:31:15.492938 358553 AriaExecutor.h:94] AriaExecutor 7 exits. 
I0312 09:31:15.492938 358546 AriaExecutor.h:94] AriaExecutor 0 exits. 
I0312 09:31:15.492939 358554 AriaExecutor.h:94] AriaExecutor 8 exits. 
I0312 09:31:15.492938 358551 AriaExecutor.h:94] AriaExecutor 5 exits. 
I0312 09:31:15.492940 358550 AriaExecutor.h:94] AriaExecutor 4 exits. 
I0312 09:31:15.492935 358552 AriaExecutor.h:94] AriaExecutor 6 exits. 
I0312 09:31:15.492163 358519 AriaExecutor.h:535] Worker 0 latency: 7264 us (50%) 8730 us (75%) 9811 us (95%) 10026 us (99%).
I0312 09:31:15.525571 358519 AriaExecutor.h:535] Worker 1 latency: 7280 us (50%) 8737 us (75%) 9810 us (95%) 10024 us (99%).
I0312 09:31:15.558599 358519 AriaExecutor.h:535] Worker 2 latency: 7275 us (50%) 8735 us (75%) 9811 us (95%) 10026 us (99%).
I0312 09:31:15.591645 358519 AriaExecutor.h:535] Worker 3 latency: 7278 us (50%) 8736 us (75%) 9811 us (95%) 10025 us (99%).
I0312 09:31:15.624625 358519 AriaExecutor.h:535] Worker 4 latency: 7280 us (50%) 8736 us (75%) 9810 us (95%) 10023 us (99%).
I0312 09:31:15.658468 358519 AriaExecutor.h:535] Worker 5 latency: 7274 us (50%) 8733 us (75%) 9809 us (95%) 10022 us (99%).
I0312 09:31:15.690940 358519 AriaExecutor.h:535] Worker 6 latency: 7280 us (50%) 8737 us (75%) 9810 us (95%) 10023 us (99%).
I0312 09:31:15.724284 358519 AriaExecutor.h:535] Worker 7 latency: 7282 us (50%) 8737 us (75%) 9810 us (95%) 10023 us (99%).
I0312 09:31:15.757169 358519 AriaExecutor.h:535] Worker 8 latency: 7283 us (50%) 8738 us (75%) 9809 us (95%) 10021 us (99%).
I0312 09:31:15.790102 358519 AriaExecutor.h:535] Worker 9 latency: 7283 us (50%) 8740 us (75%) 9812 us (95%) 10025 us (99%).
I0312 09:31:15.822876 358519 AriaExecutor.h:535] Worker 10 latency: 7285 us (50%) 8740 us (75%) 9812 us (95%) 10025 us (99%).
I0312 09:31:15.856195 358519 AriaExecutor.h:535] Worker 11 latency: 7279 us (50%) 8738 us (75%) 9811 us (95%) 10024 us (99%).
I0312 09:31:15.889040 358519 Coordinator.h:177] total commit: 325212
I0312 09:31:16.889238 358519 Coordinator.h:192] Coordinator exits.
