I0312 09:45:27.362949 382338 Database.h:65] ycsb initialization finished in 100 milliseconds.
I0312 09:45:27.363183 382338 Coordinator.h:30] Coordinator initializes 12 workers.
I0312 09:45:27.472638 382338 Coordinator.h:77] Coordinator starts to run 13 workers.
I0312 09:45:27.472724 382366 AriaExecutor.h:82] AriaExecutor 0 started. 
I0312 09:45:27.472769 382367 AriaExecutor.h:82] AriaExecutor 1 started. 
I0312 09:45:27.472949 382368 AriaExecutor.h:82] AriaExecutor 2 started. 
I0312 09:45:27.473116 382369 AriaExecutor.h:82] AriaExecutor 3 started. 
I0312 09:45:27.473315 382370 AriaExecutor.h:82] AriaExecutor 4 started. 
I0312 09:45:27.473546 382371 AriaExecutor.h:82] AriaExecutor 5 started. 
I0312 09:45:27.473758 382372 AriaExecutor.h:82] AriaExecutor 6 started. 
I0312 09:45:27.473951 382373 AriaExecutor.h:82] AriaExecutor 7 started. 
I0312 09:45:27.474135 382374 AriaExecutor.h:82] AriaExecutor 8 started. 
I0312 09:45:27.474318 382375 AriaExecutor.h:82] AriaExecutor 9 started. 
I0312 09:45:27.474501 382376 AriaExecutor.h:82] AriaExecutor 10 started. 
I0312 09:45:27.474685 382377 AriaExecutor.h:82] AriaExecutor 11 started. 
I0312 09:45:27.474859 382378 Manager.h:224] Manager(worker id = 12) on the coordinator node started.
I0312 09:45:28.474931 382338 Coordinator.h:126] commit: 188 abort: 122692 (0/122692/0), network size: 0, avg network size: 0, si_in_serializable: 0 0 %, local: 0 %
I0312 09:45:29.475083 382338 Coordinator.h:126] commit: 191 abort: 122689 (0/122689/0), network size: 0, avg network size: 0, si_in_serializable: 0 0 %, local: 0 %
I0312 09:45:30.475250 382338 Coordinator.h:126] commit: 189 abort: 126787 (0/126787/0), network size: 0, avg network size: 0, si_in_serializable: 0 0 %, local: 0 %
I0312 09:45:31.475387 382338 Coordinator.h:126] commit: 210 abort: 126766 (0/126766/0), network size: 0, avg network size: 0, si_in_serializable: 0 0 %, local: 0 %
I0312 09:45:32.475521 382338 Coordinator.h:126] commit: 202 abort: 126774 (0/126774/0), network size: 0, avg network size: 0, si_in_serializable: 0 0 %, local: 0 %
I0312 09:45:33.475647 382338 Coordinator.h:126] commit: 193 abort: 126783 (0/126783/0), network size: 0, avg network size: 0, si_in_serializable: 0 0 %, local: 0 %
I0312 09:45:34.475777 382338 Coordinator.h:126] commit: 218 abort: 126758 (0/126758/0), network size: 0, avg network size: 0, si_in_serializable: 0 0 %, local: 0 %
I0312 09:45:35.475948 382338 Coordinator.h:126] commit: 211 abort: 126765 (0/126765/0), network size: 0, avg network size: 0, si_in_serializable: 0 0 %, local: 0 %
I0312 09:45:36.476084 382338 Coordinator.h:126] commit: 208 abort: 126768 (0/126768/0), network size: 0, avg network size: 0, si_in_serializable: 0 0 %, local: 0 %
I0312 09:45:37.476209 382338 Coordinator.h:126] commit: 199 abort: 126777 (0/126777/0), network size: 0, avg network size: 0, si_in_serializable: 0 0 %, local: 0 %
I0312 09:45:38.476354 382338 Coordinator.h:126] commit: 200 abort: 126776 (0/126776/0), network size: 0, avg network size: 0, si_in_serializable: 0 0 %, local: 0 %
I0312 09:45:39.476480 382338 Coordinator.h:126] commit: 198 abort: 126778 (0/126778/0), network size: 0, avg network size: 0, si_in_serializable: 0 0 %, local: 0 %
I0312 09:45:40.476609 382338 Coordinator.h:126] commit: 193 abort: 122687 (0/122687/0), network size: 0, avg network size: 0, si_in_serializable: 0 0 %, local: 0 %
I0312 09:45:41.476734 382338 Coordinator.h:126] commit: 200 abort: 126776 (0/126776/0), network size: 0, avg network size: 0, si_in_serializable: 0 0 %, local: 0 %
I0312 09:45:42.476861 382338 Coordinator.h:126] commit: 185 abort: 126791 (0/126791/0), network size: 0, avg network size: 0, si_in_serializable: 0 0 %, local: 0 %
I0312 09:45:43.476986 382338 Coordinator.h:126] commit: 206 abort: 126770 (0/126770/0), network size: 0, avg network size: 0, si_in_serializable: 0 0 %, local: 0 %
I0312 09:45:44.477161 382338 Coordinator.h:126] commit: 202 abort: 126774 (0/126774/0), network size: 0, avg network size: 0, si_in_serializable: 0 0 %, local: 0 %
I0312 09:45:45.477295 382338 Coordinator.h:126] commit: 216 abort: 126760 (0/126760/0), network size: 0, avg network size: 0, si_in_serializable: 0 0 %, local: 0 %
I0312 09:45:46.477427 382338 Coordinator.h:126] commit: 206 abort: 126770 (0/126770/0), network size: 0, avg network size: 0, si_in_serializable: 0 0 %, local: 0 %
I0312 09:45:47.477553 382338 Coordinator.h:126] commit: 187 abort: 126789 (0/126789/0), network size: 0, avg network size: 0, si_in_serializable: 0 0 %, local: 0 %
I0312 09:45:48.477681 382338 Coordinator.h:126] commit: 196 abort: 126780 (0/126780/0), network size: 0, avg network size: 0, si_in_serializable: 0 0 %, local: 0 %
I0312 09:45:49.477808 382338 Coordinator.h:126] commit: 191 abort: 126785 (0/126785/0), network size: 0, avg network size: 0, si_in_serializable: 0 0 %, local: 0 %
I0312 09:45:50.477939 382338 Coordinator.h:126] commit: 204 abort: 126772 (0/126772/0), network size: 0, avg network size: 0, si_in_serializable: 0 0 %, local: 0 %
I0312 09:45:51.478070 382338 Coordinator.h:126] commit: 194 abort: 126782 (0/126782/0), network size: 0, avg network size: 0, si_in_serializable: 0 0 %, local: 0 %
I0312 09:45:52.478202 382338 Coordinator.h:126] commit: 200 abort: 126776 (0/126776/0), network size: 0, avg network size: 0, si_in_serializable: 0 0 %, local: 0 %
I0312 09:45:52.478250 382338 Coordinator.h:152] average commit: 199.3 abort: 126367 (0/126367/0), network size: 0, avg network size: 0, si_in_serializable: 0 0 %, local: 0 %
I0312 09:45:52.478266 382338 AriaExecutor.h:535] Worker 0 latency: 32225 us (50%) 32316 us (75%) 32554 us (95%) 33341 us (99%).
I0312 09:45:52.503630 382367 AriaExecutor.h:94] AriaExecutor 1 exits. 
I0312 09:45:52.503630 382366 AriaExecutor.h:94] AriaExecutor 0 exits. 
I0312 09:45:52.503630 382371 AriaExecutor.h:94] AriaExecutor 5 exits. 
I0312 09:45:52.503630 382373 AriaExecutor.h:94] AriaExecutor 7 exits. 
I0312 09:45:52.503630 382376 AriaExecutor.h:94] AriaExecutor 10 exits. 
I0312 09:45:52.503630 382370 AriaExecutor.h:94] AriaExecutor 4 exits. 
I0312 09:45:52.503630 382377 AriaExecutor.h:94] AriaExecutor 11 exits. 
I0312 09:45:52.503630 382368 AriaExecutor.h:94] AriaExecutor 2 exits. 
I0312 09:45:52.503630 382375 AriaExecutor.h:94] AriaExecutor 9 exits. 
I0312 09:45:52.503630 382369 AriaExecutor.h:94] AriaExecutor 3 exits. 
I0312 09:45:52.503630 382378 Manager.h:227] Manager(worker id = 12) on the coordinator node exits.
I0312 09:45:52.503630 382374 AriaExecutor.h:94] AriaExecutor 8 exits. 
I0312 09:45:52.503630 382372 AriaExecutor.h:94] AriaExecutor 6 exits. 
I0312 09:45:52.503846 382338 AriaExecutor.h:535] Worker 1 latency: 32218 us (50%) 32312 us (75%) 32541 us (95%) 33206 us (99%).
I0312 09:45:52.503901 382338 AriaExecutor.h:535] Worker 2 latency: 32217 us (50%) 32309 us (75%) 32481 us (95%) 32922 us (99%).
I0312 09:45:52.503932 382338 AriaExecutor.h:535] Worker 3 latency: 32204 us (50%) 32288 us (75%) 32573 us (95%) 33794 us (99%).
I0312 09:45:52.503960 382338 AriaExecutor.h:535] Worker 4 latency: 32204 us (50%) 32293 us (75%) 32582 us (95%) 34745 us (99%).
I0312 09:45:52.504009 382338 AriaExecutor.h:535] Worker 5 latency: 32199 us (50%) 32282 us (75%) 32479 us (95%) 32873 us (99%).
I0312 09:45:52.504045 382338 AriaExecutor.h:535] Worker 6 latency: 32188 us (50%) 32283 us (75%) 32682 us (95%) 34749 us (99%).
I0312 09:45:52.504078 382338 AriaExecutor.h:535] Worker 7 latency: 32181 us (50%) 32301 us (75%) 32570 us (95%) 40092 us (99%).
I0312 09:45:52.504107 382338 AriaExecutor.h:535] Worker 8 latency: 32157 us (50%) 32247 us (75%) 32426 us (95%) 32813 us (99%).
I0312 09:45:52.504136 382338 AriaExecutor.h:535] Worker 9 latency: 32167 us (50%) 32272 us (75%) 32441 us (95%) 32705 us (99%).
I0312 09:45:52.504168 382338 AriaExecutor.h:535] Worker 10 latency: 32178 us (50%) 32286 us (75%) 32674 us (95%) 39364 us (99%).
I0312 09:45:52.504194 382338 AriaExecutor.h:535] Worker 11 latency: 32152 us (50%) 32259 us (75%) 32732 us (95%) 39223 us (99%).
I0312 09:45:52.504233 382338 Coordinator.h:177] total commit: 199.3
I0312 09:45:53.504436 382338 Coordinator.h:192] Coordinator exits.
