I0312 09:20:10.227982 335279 Database.h:65] ycsb initialization finished in 99 milliseconds.
I0312 09:20:10.228191 335279 Coordinator.h:30] Coordinator initializes 12 workers.
I0312 09:20:10.336148 335279 Coordinator.h:77] Coordinator starts to run 13 workers.
I0312 09:20:10.336230 335304 AriaExecutor.h:82] AriaExecutor 0 started. 
I0312 09:20:10.336272 335305 AriaExecutor.h:82] AriaExecutor 1 started. 
I0312 09:20:10.336356 335306 AriaExecutor.h:82] AriaExecutor 2 started. 
I0312 09:20:10.336468 335307 AriaExecutor.h:82] AriaExecutor 3 started. 
I0312 09:20:10.336568 335308 AriaExecutor.h:82] AriaExecutor 4 started. 
I0312 09:20:10.336687 335309 AriaExecutor.h:82] AriaExecutor 5 started. 
I0312 09:20:10.336810 335310 AriaExecutor.h:82] AriaExecutor 6 started. 
I0312 09:20:10.336931 335311 AriaExecutor.h:82] AriaExecutor 7 started. 
I0312 09:20:10.337055 335312 AriaExecutor.h:82] AriaExecutor 8 started. 
I0312 09:20:10.337157 335313 AriaExecutor.h:82] AriaExecutor 9 started. 
I0312 09:20:10.337280 335314 AriaExecutor.h:82] AriaExecutor 10 started. 
I0312 09:20:10.337381 335315 AriaExecutor.h:82] AriaExecutor 11 started. 
I0312 09:20:10.337491 335316 Manager.h:224] Manager(worker id = 12) on the coordinator node started.
I0312 09:20:11.337541 335279 Coordinator.h:126] commit: 477859 abort: 58717 (0/58717/0), network size: 0, avg network size: 0, si_in_serializable: 0 0 %, local: 0 %
I0312 09:20:12.337682 335279 Coordinator.h:126] commit: 485680 abort: 59088 (0/59088/0), network size: 0, avg network size: 0, si_in_serializable: 0 0 %, local: 0 %
I0312 09:20:13.337845 335279 Coordinator.h:126] commit: 489068 abort: 59796 (0/59796/0), network size: 0, avg network size: 0, si_in_serializable: 0 0 %, local: 0 %
I0312 09:20:14.337981 335279 Coordinator.h:126] commit: 489493 abort: 59371 (0/59371/0), network size: 0, avg network size: 0, si_in_serializable: 0 0 %, local: 0 %
I0312 09:20:15.338102 335279 Coordinator.h:126] commit: 489306 abort: 59558 (0/59558/0), network size: 0, avg network size: 0, si_in_serializable: 0 0 %, local: 0 %
I0312 09:20:16.338231 335279 Coordinator.h:126] commit: 485542 abort: 59226 (0/59226/0), network size: 0, avg network size: 0, si_in_serializable: 0 0 %, local: 0 %
I0312 09:20:17.338359 335279 Coordinator.h:126] commit: 485697 abort: 59071 (0/59071/0), network size: 0, avg network size: 0, si_in_serializable: 0 0 %, local: 0 %
I0312 09:20:18.338529 335279 Coordinator.h:126] commit: 489288 abort: 59576 (0/59576/0), network size: 0, avg network size: 0, si_in_serializable: 0 0 %, local: 0 %
I0312 09:20:19.338671 335279 Coordinator.h:126] commit: 492785 abort: 60175 (0/60175/0), network size: 0, avg network size: 0, si_in_serializable: 0 0 %, local: 0 %
I0312 09:20:20.338802 335279 Coordinator.h:126] commit: 492627 abort: 60333 (0/60333/0), network size: 0, avg network size: 0, si_in_serializable: 0 0 %, local: 0 %
I0312 09:20:21.338930 335279 Coordinator.h:126] commit: 489183 abort: 59681 (0/59681/0), network size: 0, avg network size: 0, si_in_serializable: 0 0 %, local: 0 %
I0312 09:20:22.339063 335279 Coordinator.h:126] commit: 492670 abort: 60290 (0/60290/0), network size: 0, avg network size: 0, si_in_serializable: 0 0 %, local: 0 %
I0312 09:20:23.339190 335279 Coordinator.h:126] commit: 474615 abort: 57865 (0/57865/0), network size: 0, avg network size: 0, si_in_serializable: 0 0 %, local: 0 %
I0312 09:20:24.339355 335279 Coordinator.h:126] commit: 489151 abort: 59713 (0/59713/0), network size: 0, avg network size: 0, si_in_serializable: 0 0 %, local: 0 %
I0312 09:20:25.339494 335279 Coordinator.h:126] commit: 492869 abort: 60091 (0/60091/0), network size: 0, avg network size: 0, si_in_serializable: 0 0 %, local: 0 %
I0312 09:20:26.339627 335279 Coordinator.h:126] commit: 489288 abort: 59576 (0/59576/0), network size: 0, avg network size: 0, si_in_serializable: 0 0 %, local: 0 %
I0312 09:20:27.339756 335279 Coordinator.h:126] commit: 492763 abort: 60197 (0/60197/0), network size: 0, avg network size: 0, si_in_serializable: 0 0 %, local: 0 %
I0312 09:20:28.339895 335279 Coordinator.h:126] commit: 489234 abort: 59630 (0/59630/0), network size: 0, avg network size: 0, si_in_serializable: 0 0 %, local: 0 %
I0312 09:20:29.340023 335279 Coordinator.h:126] commit: 492497 abort: 60240 (0/60240/0), network size: 0, avg network size: 0, si_in_serializable: 0 0 %, local: 0 %
I0312 09:20:30.340157 335279 Coordinator.h:126] commit: 489499 abort: 59587 (0/59587/0), network size: 0, avg network size: 0, si_in_serializable: 0 0 %, local: 0 %
I0312 09:20:31.340286 335279 Coordinator.h:126] commit: 492757 abort: 60203 (0/60203/0), network size: 0, avg network size: 0, si_in_serializable: 0 0 %, local: 0 %
I0312 09:20:32.340415 335279 Coordinator.h:126] commit: 492899 abort: 60061 (0/60061/0), network size: 0, avg network size: 0, si_in_serializable: 0 0 %, local: 0 %
I0312 09:20:33.340544 335279 Coordinator.h:126] commit: 489013 abort: 59851 (0/59851/0), network size: 0, avg network size: 0, si_in_serializable: 0 0 %, local: 0 %
I0312 09:20:34.340672 335279 Coordinator.h:126] commit: 493121 abort: 59839 (0/59839/0), network size: 0, avg network size: 0, si_in_serializable: 0 0 %, local: 0 %
I0312 09:20:35.340801 335279 Coordinator.h:126] commit: 485343 abort: 59425 (0/59425/0), network size: 0, avg network size: 0, si_in_serializable: 0 0 %, local: 0 %
I0312 09:20:35.340847 335279 Coordinator.h:152] average commit: 489177 abort: 59687 (0/59687/0), network size: 0, avg network size: 0, si_in_serializable: 0 0 %, local: 0 %
I0312 09:20:35.344635 335309 AriaExecutor.h:94] AriaExecutor 5 exits. 
I0312 09:20:35.344635 335311 AriaExecutor.h:94] AriaExecutor 7 exits. 
I0312 09:20:35.344635 335316 Manager.h:227] Manager(worker id = 12) on the coordinator node exits.
I0312 09:20:35.344635 335304 AriaExecutor.h:94] AriaExecutor 0 exits. 
I0312 09:20:35.344635 335315 AriaExecutor.h:94] AriaExecutor 11 exits. 
I0312 09:20:35.344635 335312 AriaExecutor.h:94] AriaExecutor 8 exits. 
I0312 09:20:35.344635 335314 AriaExecutor.h:94] AriaExecutor 10 exits. 
I0312 09:20:35.344636 335310 AriaExecutor.h:94] AriaExecutor 6 exits. 
I0312 09:20:35.344635 335307 AriaExecutor.h:94] AriaExecutor 3 exits. 
I0312 09:20:35.344637 335306 AriaExecutor.h:94] AriaExecutor 2 exits. 
I0312 09:20:35.344635 335313 AriaExecutor.h:94] AriaExecutor 9 exits. 
I0312 09:20:35.344635 335308 AriaExecutor.h:94] AriaExecutor 4 exits. 
I0312 09:20:35.344635 335305 AriaExecutor.h:94] AriaExecutor 1 exits. 
I0312 09:20:35.340862 335279 AriaExecutor.h:535] Worker 0 latency: 5572 us (50%) 6332 us (75%) 6905 us (95%) 7088 us (99%).
I0312 09:20:35.387959 335279 AriaExecutor.h:535] Worker 1 latency: 5579 us (50%) 6334 us (75%) 6905 us (95%) 7087 us (99%).
I0312 09:20:35.433624 335279 AriaExecutor.h:535] Worker 2 latency: 5578 us (50%) 6334 us (75%) 6905 us (95%) 7089 us (99%).
I0312 09:20:35.479068 335279 AriaExecutor.h:535] Worker 3 latency: 5580 us (50%) 6335 us (75%) 6906 us (95%) 7088 us (99%).
I0312 09:20:35.524427 335279 AriaExecutor.h:535] Worker 4 latency: 5581 us (50%) 6335 us (75%) 6905 us (95%) 7090 us (99%).
I0312 09:20:35.570086 335279 AriaExecutor.h:535] Worker 5 latency: 5575 us (50%) 6333 us (75%) 6906 us (95%) 7089 us (99%).
I0312 09:20:35.615514 335279 AriaExecutor.h:535] Worker 6 latency: 5579 us (50%) 6333 us (75%) 6905 us (95%) 7085 us (99%).
I0312 09:20:35.661067 335279 AriaExecutor.h:535] Worker 7 latency: 5579 us (50%) 6334 us (75%) 6905 us (95%) 7087 us (99%).
I0312 09:20:35.706483 335279 AriaExecutor.h:535] Worker 8 latency: 5579 us (50%) 6333 us (75%) 6904 us (95%) 7086 us (99%).
I0312 09:20:35.751857 335279 AriaExecutor.h:535] Worker 9 latency: 5576 us (50%) 6332 us (75%) 6904 us (95%) 7085 us (99%).
I0312 09:20:35.797735 335279 AriaExecutor.h:535] Worker 10 latency: 5586 us (50%) 6337 us (75%) 6905 us (95%) 7087 us (99%).
I0312 09:20:35.843297 335279 AriaExecutor.h:535] Worker 11 latency: 5581 us (50%) 6336 us (75%) 6906 us (95%) 7090 us (99%).
I0312 09:20:35.889266 335279 Coordinator.h:177] total commit: 489177
I0312 09:20:36.889462 335279 Coordinator.h:192] Coordinator exits.
