I0312 10:16:55.521576 421508 Database.h:65] ycsb initialization finished in 99 milliseconds.
I0312 10:16:55.521803 421508 Coordinator.h:30] Coordinator initializes 12 workers.
I0312 10:16:55.582598 421508 Coordinator.h:77] Coordinator starts to run 13 workers.
I0312 10:16:55.582680 421524 AriaExecutor.h:91] AriaExecutor 0 started. 
I0312 10:16:55.582747 421525 AriaExecutor.h:91] AriaExecutor 1 started. 
I0312 10:16:55.582865 421526 AriaExecutor.h:91] AriaExecutor 2 started. 
I0312 10:16:55.582921 421527 AriaExecutor.h:91] AriaExecutor 3 started. 
I0312 10:16:55.583133 421528 AriaExecutor.h:91] AriaExecutor 4 started. 
I0312 10:16:55.583324 421529 AriaExecutor.h:91] AriaExecutor 5 started. 
I0312 10:16:55.583513 421530 AriaExecutor.h:91] AriaExecutor 6 started. 
I0312 10:16:55.583670 421531 AriaExecutor.h:91] AriaExecutor 7 started. 
I0312 10:16:55.583823 421532 AriaExecutor.h:91] AriaExecutor 8 started. 
I0312 10:16:55.583992 421533 AriaExecutor.h:91] AriaExecutor 9 started. 
I0312 10:16:55.584146 421534 AriaExecutor.h:91] AriaExecutor 10 started. 
I0312 10:16:55.584302 421535 AriaExecutor.h:91] AriaExecutor 11 started. 
I0312 10:16:55.584455 421536 Manager.h:224] Manager(worker id = 12) on the coordinator node started.
I0312 10:16:56.584523 421508 Coordinator.h:126] commit: 916 abort: 130156 (0/130156/0), network size: 0, avg network size: 0, si_in_serializable: 0 0 %, local: 0 %
I0312 10:16:57.584697 421508 Coordinator.h:126] commit: 967 abort: 134201 (0/134201/0), network size: 0, avg network size: 0, si_in_serializable: 0 0 %, local: 0 %
I0312 10:16:58.584993 421508 Coordinator.h:126] commit: 1043 abort: 134125 (0/134125/0), network size: 0, avg network size: 0, si_in_serializable: 0 0 %, local: 0 %
I0312 10:16:59.585170 421508 Coordinator.h:126] commit: 984 abort: 134184 (0/134184/0), network size: 0, avg network size: 0, si_in_serializable: 0 0 %, local: 0 %
I0312 10:17:00.585294 421508 Coordinator.h:126] commit: 1026 abort: 136190 (0/136190/0), network size: 0, avg network size: 0, si_in_serializable: 0 0 %, local: 0 %
I0312 10:17:01.585427 421508 Coordinator.h:126] commit: 977 abort: 134191 (0/134191/0), network size: 0, avg network size: 0, si_in_serializable: 0 0 %, local: 0 %
I0312 10:17:02.585569 421508 Coordinator.h:126] commit: 1016 abort: 134152 (0/134152/0), network size: 0, avg network size: 0, si_in_serializable: 0 0 %, local: 0 %
I0312 10:17:03.585775 421508 Coordinator.h:126] commit: 983 abort: 134185 (0/134185/0), network size: 0, avg network size: 0, si_in_serializable: 0 0 %, local: 0 %
I0312 10:17:04.585932 421508 Coordinator.h:126] commit: 968 abort: 134200 (0/134200/0), network size: 0, avg network size: 0, si_in_serializable: 0 0 %, local: 0 %
I0312 10:17:05.586061 421508 Coordinator.h:126] commit: 965 abort: 134203 (0/134203/0), network size: 0, avg network size: 0, si_in_serializable: 0 0 %, local: 0 %
I0312 10:17:06.586185 421508 Coordinator.h:126] commit: 971 abort: 134197 (0/134197/0), network size: 0, avg network size: 0, si_in_serializable: 0 0 %, local: 0 %
I0312 10:17:07.586319 421508 Coordinator.h:126] commit: 936 abort: 136280 (0/136280/0), network size: 0, avg network size: 0, si_in_serializable: 0 0 %, local: 0 %
I0312 10:17:08.586457 421508 Coordinator.h:126] commit: 985 abort: 134183 (0/134183/0), network size: 0, avg network size: 0, si_in_serializable: 0 0 %, local: 0 %
I0312 10:17:09.586589 421508 Coordinator.h:126] commit: 997 abort: 134171 (0/134171/0), network size: 0, avg network size: 0, si_in_serializable: 0 0 %, local: 0 %
I0312 10:17:10.586710 421508 Coordinator.h:126] commit: 952 abort: 134216 (0/134216/0), network size: 0, avg network size: 0, si_in_serializable: 0 0 %, local: 0 %
I0312 10:17:11.586833 421508 Coordinator.h:126] commit: 1007 abort: 134161 (0/134161/0), network size: 0, avg network size: 0, si_in_serializable: 0 0 %, local: 0 %
I0312 10:17:12.586961 421508 Coordinator.h:126] commit: 944 abort: 136272 (0/136272/0), network size: 0, avg network size: 0, si_in_serializable: 0 0 %, local: 0 %
I0312 10:17:13.587152 421508 Coordinator.h:126] commit: 947 abort: 134221 (0/134221/0), network size: 0, avg network size: 0, si_in_serializable: 0 0 %, local: 0 %
I0312 10:17:14.587306 421508 Coordinator.h:126] commit: 1046 abort: 134122 (0/134122/0), network size: 0, avg network size: 0, si_in_serializable: 0 0 %, local: 0 %
I0312 10:17:15.587435 421508 Coordinator.h:126] commit: 981 abort: 134187 (0/134187/0), network size: 0, avg network size: 0, si_in_serializable: 0 0 %, local: 0 %
I0312 10:17:16.587567 421508 Coordinator.h:126] commit: 964 abort: 136252 (0/136252/0), network size: 0, avg network size: 0, si_in_serializable: 0 0 %, local: 0 %
I0312 10:17:17.587703 421508 Coordinator.h:126] commit: 975 abort: 134193 (0/134193/0), network size: 0, avg network size: 0, si_in_serializable: 0 0 %, local: 0 %
I0312 10:17:18.587848 421508 Coordinator.h:126] commit: 985 abort: 134183 (0/134183/0), network size: 0, avg network size: 0, si_in_serializable: 0 0 %, local: 0 %
I0312 10:17:19.587988 421508 Coordinator.h:126] commit: 983 abort: 136233 (0/136233/0), network size: 0, avg network size: 0, si_in_serializable: 0 0 %, local: 0 %
I0312 10:17:20.588124 421508 Coordinator.h:126] commit: 994 abort: 134174 (0/134174/0), network size: 0, avg network size: 0, si_in_serializable: 0 0 %, local: 0 %
I0312 10:17:20.588166 421508 Coordinator.h:152] average commit: 976.6 abort: 134601 (0/134601/0), network size: 0, avg network size: 0, si_in_serializable: 0 0 %, local: 0 %
I0312 10:17:20.588210 421508 AriaExecutor.h:649] Worker 0 latency: 15006 us (50%) 15077 us (75%) 15181 us (95%) 15316 us (99%).
I0312 10:17:20.596076 421524 AriaExecutor.h:103] AriaExecutor 0 exits. 
I0312 10:17:20.596076 421525 AriaExecutor.h:103] AriaExecutor 1 exits. 
I0312 10:17:20.596087 421532 AriaExecutor.h:103] AriaExecutor 8 exits. 
I0312 10:17:20.596088 421534 AriaExecutor.h:103] AriaExecutor 10 exits. 
I0312 10:17:20.596076 421526 AriaExecutor.h:103] AriaExecutor 2 exits. 
I0312 10:17:20.596089 421529 AriaExecutor.h:103] AriaExecutor 5 exits. 
I0312 10:17:20.596096 421536 Manager.h:227] Manager(worker id = 12) on the coordinator node exits.
I0312 10:17:20.596089 421535 AriaExecutor.h:103] AriaExecutor 11 exits. 
I0312 10:17:20.596089 421528 AriaExecutor.h:103] AriaExecutor 4 exits. 
I0312 10:17:20.596091 421533 AriaExecutor.h:103] AriaExecutor 9 exits. 
I0312 10:17:20.596089 421531 AriaExecutor.h:103] AriaExecutor 7 exits. 
I0312 10:17:20.596089 421530 AriaExecutor.h:103] AriaExecutor 6 exits. 
I0312 10:17:20.596076 421527 AriaExecutor.h:103] AriaExecutor 3 exits. 
I0312 10:17:20.596359 421508 AriaExecutor.h:649] Worker 1 latency: 14981 us (50%) 15067 us (75%) 15176 us (95%) 15309 us (99%).
I0312 10:17:20.596784 421508 AriaExecutor.h:649] Worker 2 latency: 14951 us (50%) 15055 us (75%) 15167 us (95%) 15294 us (99%).
I0312 10:17:20.597155 421508 AriaExecutor.h:649] Worker 3 latency: 14907 us (50%) 15043 us (75%) 15157 us (95%) 15260 us (99%).
I0312 10:17:20.597469 421508 AriaExecutor.h:649] Worker 4 latency: 14870 us (50%) 15030 us (75%) 15144 us (95%) 15272 us (99%).
I0312 10:17:20.597862 421508 AriaExecutor.h:649] Worker 5 latency: 14845 us (50%) 15021 us (75%) 15147 us (95%) 15282 us (99%).
I0312 10:17:20.598184 421508 AriaExecutor.h:649] Worker 6 latency: 14829 us (50%) 15022 us (75%) 15147 us (95%) 15275 us (99%).
I0312 10:17:20.598474 421508 AriaExecutor.h:649] Worker 7 latency: 14791 us (50%) 15005 us (75%) 15143 us (95%) 15254 us (99%).
I0312 10:17:20.598754 421508 AriaExecutor.h:649] Worker 8 latency: 14763 us (50%) 14992 us (75%) 15126 us (95%) 15239 us (99%).
I0312 10:17:20.599036 421508 AriaExecutor.h:649] Worker 9 latency: 14774 us (50%) 14991 us (75%) 15124 us (95%) 15283 us (99%).
I0312 10:17:20.599328 421508 AriaExecutor.h:649] Worker 10 latency: 14738 us (50%) 14988 us (75%) 15119 us (95%) 15203 us (99%).
I0312 10:17:20.599599 421508 AriaExecutor.h:649] Worker 11 latency: 14727 us (50%) 14983 us (75%) 15118 us (95%) 15215 us (99%).
I0312 10:17:20.599903 421508 Coordinator.h:177] total commit: 976.6
I0312 10:17:21.600162 421508 Coordinator.h:192] Coordinator exits.
