I0312 09:19:43.333230 334007 Database.h:65] ycsb initialization finished in 99 milliseconds.
I0312 09:19:43.333453 334007 Coordinator.h:30] Coordinator initializes 12 workers.
I0312 09:19:43.395474 334007 Coordinator.h:77] Coordinator starts to run 13 workers.
I0312 09:19:43.395552 334029 AriaExecutor.h:82] AriaExecutor 0 started. 
I0312 09:19:43.395581 334030 AriaExecutor.h:82] AriaExecutor 1 started. 
I0312 09:19:43.395808 334031 AriaExecutor.h:82] AriaExecutor 2 started. 
I0312 09:19:43.395973 334032 AriaExecutor.h:82] AriaExecutor 3 started. 
I0312 09:19:43.396178 334033 AriaExecutor.h:82] AriaExecutor 4 started. 
I0312 09:19:43.396404 334034 AriaExecutor.h:82] AriaExecutor 5 started. 
I0312 09:19:43.396622 334035 AriaExecutor.h:82] AriaExecutor 6 started. 
I0312 09:19:43.396818 334036 AriaExecutor.h:82] AriaExecutor 7 started. 
I0312 09:19:43.397023 334037 AriaExecutor.h:82] AriaExecutor 8 started. 
I0312 09:19:43.397217 334038 AriaExecutor.h:82] AriaExecutor 9 started. 
I0312 09:19:43.397404 334039 AriaExecutor.h:82] AriaExecutor 10 started. 
I0312 09:19:43.397583 334040 AriaExecutor.h:82] AriaExecutor 11 started. 
I0312 09:19:43.397768 334041 Manager.h:224] Manager(worker id = 12) on the coordinator node started.
I0312 09:19:44.397826 334007 Coordinator.h:126] commit: 532700 abort: 30500 (0/30500/0), network size: 0, avg network size: 0, si_in_serializable: 0 0 %, local: 0 %
I0312 09:19:45.397974 334007 Coordinator.h:126] commit: 542320 abort: 31120 (0/31120/0), network size: 0, avg network size: 0, si_in_serializable: 0 0 %, local: 0 %
I0312 09:19:46.398135 334007 Coordinator.h:126] commit: 542390 abort: 31050 (0/31050/0), network size: 0, avg network size: 0, si_in_serializable: 0 0 %, local: 0 %
I0312 09:19:47.398272 334007 Coordinator.h:126] commit: 552178 abort: 31502 (0/31502/0), network size: 0, avg network size: 0, si_in_serializable: 0 0 %, local: 0 %
I0312 09:19:48.398398 334007 Coordinator.h:126] commit: 552335 abort: 31345 (0/31345/0), network size: 0, avg network size: 0, si_in_serializable: 0 0 %, local: 0 %
I0312 09:19:49.398518 334007 Coordinator.h:126] commit: 542205 abort: 31235 (0/31235/0), network size: 0, avg network size: 0, si_in_serializable: 0 0 %, local: 0 %
I0312 09:19:50.398636 334007 Coordinator.h:126] commit: 551943 abort: 31737 (0/31737/0), network size: 0, avg network size: 0, si_in_serializable: 0 0 %, local: 0 %
I0312 09:19:51.398795 334007 Coordinator.h:126] commit: 549663 abort: 31969 (0/31969/0), network size: 0, avg network size: 0, si_in_serializable: 0 0 %, local: 0 %
I0312 09:19:52.398927 334007 Coordinator.h:126] commit: 550066 abort: 31566 (0/31566/0), network size: 0, avg network size: 0, si_in_serializable: 0 0 %, local: 0 %
I0312 09:19:53.399050 334007 Coordinator.h:126] commit: 552098 abort: 31582 (0/31582/0), network size: 0, avg network size: 0, si_in_serializable: 0 0 %, local: 0 %
I0312 09:19:54.399173 334007 Coordinator.h:126] commit: 552123 abort: 31557 (0/31557/0), network size: 0, avg network size: 0, si_in_serializable: 0 0 %, local: 0 %
I0312 09:19:55.399294 334007 Coordinator.h:126] commit: 530855 abort: 30297 (0/30297/0), network size: 0, avg network size: 0, si_in_serializable: 0 0 %, local: 0 %
I0312 09:19:56.399420 334007 Coordinator.h:126] commit: 552035 abort: 31645 (0/31645/0), network size: 0, avg network size: 0, si_in_serializable: 0 0 %, local: 0 %
I0312 09:19:57.399545 334007 Coordinator.h:126] commit: 546337 abort: 31199 (0/31199/0), network size: 0, avg network size: 0, si_in_serializable: 0 0 %, local: 0 %
I0312 09:19:58.399706 334007 Coordinator.h:126] commit: 552198 abort: 31482 (0/31482/0), network size: 0, avg network size: 0, si_in_serializable: 0 0 %, local: 0 %
I0312 09:19:59.399843 334007 Coordinator.h:126] commit: 550029 abort: 31603 (0/31603/0), network size: 0, avg network size: 0, si_in_serializable: 0 0 %, local: 0 %
I0312 09:20:00.399971 334007 Coordinator.h:126] commit: 550298 abort: 31334 (0/31334/0), network size: 0, avg network size: 0, si_in_serializable: 0 0 %, local: 0 %
I0312 09:20:01.400097 334007 Coordinator.h:126] commit: 552077 abort: 31603 (0/31603/0), network size: 0, avg network size: 0, si_in_serializable: 0 0 %, local: 0 %
I0312 09:20:02.400219 334007 Coordinator.h:126] commit: 550179 abort: 31453 (0/31453/0), network size: 0, avg network size: 0, si_in_serializable: 0 0 %, local: 0 %
I0312 09:20:03.400352 334007 Coordinator.h:126] commit: 551975 abort: 31705 (0/31705/0), network size: 0, avg network size: 0, si_in_serializable: 0 0 %, local: 0 %
I0312 09:20:04.400477 334007 Coordinator.h:126] commit: 552021 abort: 31659 (0/31659/0), network size: 0, avg network size: 0, si_in_serializable: 0 0 %, local: 0 %
I0312 09:20:05.400599 334007 Coordinator.h:126] commit: 551961 abort: 31719 (0/31719/0), network size: 0, avg network size: 0, si_in_serializable: 0 0 %, local: 0 %
I0312 09:20:06.400719 334007 Coordinator.h:126] commit: 521152 abort: 29760 (0/29760/0), network size: 0, avg network size: 0, si_in_serializable: 0 0 %, local: 0 %
I0312 09:20:07.400842 334007 Coordinator.h:126] commit: 534580 abort: 30668 (0/30668/0), network size: 0, avg network size: 0, si_in_serializable: 0 0 %, local: 0 %
I0312 09:20:08.400967 334007 Coordinator.h:126] commit: 546266 abort: 31270 (0/31270/0), network size: 0, avg network size: 0, si_in_serializable: 0 0 %, local: 0 %
I0312 09:20:08.401013 334007 Coordinator.h:152] average commit: 548811 abort: 31387.8 (0/31387.8/0), network size: 0, avg network size: 0, si_in_serializable: 0 0 %, local: 0 %
I0312 09:20:08.402639 334035 AriaExecutor.h:94] AriaExecutor 6 exits. 
I0312 09:20:08.402639 334040 AriaExecutor.h:94] AriaExecutor 11 exits. 
I0312 09:20:08.402640 334039 AriaExecutor.h:94] AriaExecutor 10 exits. 
I0312 09:20:08.402642 334033 AriaExecutor.h:94] AriaExecutor 4 exits. 
I0312 09:20:08.402639 334037 AriaExecutor.h:94] AriaExecutor 8 exits. 
I0312 09:20:08.402642 334034 AriaExecutor.h:94] AriaExecutor 5 exits. 
I0312 09:20:08.402639 334030 AriaExecutor.h:94] AriaExecutor 1 exits. 
I0312 09:20:08.402642 334031 AriaExecutor.h:94] AriaExecutor 2 exits. 
I0312 09:20:08.402640 334036 AriaExecutor.h:94] AriaExecutor 7 exits. 
I0312 09:20:08.402642 334032 AriaExecutor.h:94] AriaExecutor 3 exits. 
I0312 09:20:08.402639 334038 AriaExecutor.h:94] AriaExecutor 9 exits. 
I0312 09:20:08.402640 334029 AriaExecutor.h:94] AriaExecutor 0 exits. 
I0312 09:20:08.402639 334041 Manager.h:227] Manager(worker id = 12) on the coordinator node exits.
I0312 09:20:08.401028 334007 AriaExecutor.h:535] Worker 0 latency: 2605 us (50%) 2997 us (75%) 3302 us (95%) 3406 us (99%).
I0312 09:20:08.449056 334007 AriaExecutor.h:535] Worker 1 latency: 2609 us (50%) 2999 us (75%) 3302 us (95%) 3406 us (99%).
I0312 09:20:08.495668 334007 AriaExecutor.h:535] Worker 2 latency: 2610 us (50%) 2999 us (75%) 3302 us (95%) 3406 us (99%).
I0312 09:20:08.542098 334007 AriaExecutor.h:535] Worker 3 latency: 2612 us (50%) 3000 us (75%) 3302 us (95%) 3406 us (99%).
I0312 09:20:08.589658 334007 AriaExecutor.h:535] Worker 4 latency: 2608 us (50%) 2998 us (75%) 3302 us (95%) 3406 us (99%).
I0312 09:20:08.636992 334007 AriaExecutor.h:535] Worker 5 latency: 2603 us (50%) 2996 us (75%) 3302 us (95%) 3407 us (99%).
I0312 09:20:08.683914 334007 AriaExecutor.h:535] Worker 6 latency: 2607 us (50%) 2998 us (75%) 3302 us (95%) 3407 us (99%).
I0312 09:20:08.731171 334007 AriaExecutor.h:535] Worker 7 latency: 2608 us (50%) 2999 us (75%) 3302 us (95%) 3407 us (99%).
I0312 09:20:08.778297 334007 AriaExecutor.h:535] Worker 8 latency: 2612 us (50%) 3000 us (75%) 3302 us (95%) 3407 us (99%).
I0312 09:20:08.825645 334007 AriaExecutor.h:535] Worker 9 latency: 2612 us (50%) 3000 us (75%) 3302 us (95%) 3407 us (99%).
I0312 09:20:08.873286 334007 AriaExecutor.h:535] Worker 10 latency: 2614 us (50%) 3001 us (75%) 3302 us (95%) 3406 us (99%).
I0312 09:20:08.919997 334007 AriaExecutor.h:535] Worker 11 latency: 2611 us (50%) 2999 us (75%) 3301 us (95%) 3406 us (99%).
I0312 09:20:08.966341 334007 Coordinator.h:177] total commit: 548811
I0312 09:20:09.966547 334007 Coordinator.h:192] Coordinator exits.
