I0312 10:19:33.986413 422797 Database.h:65] ycsb initialization finished in 100 milliseconds.
I0312 10:19:33.986630 422797 Coordinator.h:30] Coordinator initializes 12 workers.
I0312 10:19:34.047658 422797 Coordinator.h:77] Coordinator starts to run 13 workers.
I0312 10:19:34.047737 422821 AriaExecutor.h:91] AriaExecutor 0 started. 
I0312 10:19:34.047813 422822 AriaExecutor.h:91] AriaExecutor 1 started. 
I0312 10:19:34.047891 422823 AriaExecutor.h:91] AriaExecutor 2 started. 
I0312 10:19:34.048005 422824 AriaExecutor.h:91] AriaExecutor 3 started. 
I0312 10:19:34.048110 422825 AriaExecutor.h:91] AriaExecutor 4 started. 
I0312 10:19:34.048223 422826 AriaExecutor.h:91] AriaExecutor 5 started. 
I0312 10:19:34.048331 422827 AriaExecutor.h:91] AriaExecutor 6 started. 
I0312 10:19:34.048456 422828 AriaExecutor.h:91] AriaExecutor 7 started. 
I0312 10:19:34.048564 422829 AriaExecutor.h:91] AriaExecutor 8 started. 
I0312 10:19:34.048671 422830 AriaExecutor.h:91] AriaExecutor 9 started. 
I0312 10:19:34.048792 422831 AriaExecutor.h:91] AriaExecutor 10 started. 
I0312 10:19:34.048902 422832 AriaExecutor.h:91] AriaExecutor 11 started. 
I0312 10:19:34.049013 422833 Manager.h:224] Manager(worker id = 12) on the coordinator node started.
I0312 10:19:35.049062 422797 Coordinator.h:126] commit: 45 abort: 83923 (0/83923/0), network size: 0, avg network size: 0, si_in_serializable: 0 0 %, local: 0 %
I0312 10:19:36.049219 422797 Coordinator.h:126] commit: 47 abort: 88017 (0/88017/0), network size: 0, avg network size: 0, si_in_serializable: 0 0 %, local: 0 %
I0312 10:19:37.049391 422797 Coordinator.h:126] commit: 46 abort: 88018 (0/88018/0), network size: 0, avg network size: 0, si_in_serializable: 0 0 %, local: 0 %
I0312 10:19:38.049526 422797 Coordinator.h:126] commit: 45 abort: 85971 (0/85971/0), network size: 0, avg network size: 0, si_in_serializable: 0 0 %, local: 0 %
I0312 10:19:39.049655 422797 Coordinator.h:126] commit: 47 abort: 88017 (0/88017/0), network size: 0, avg network size: 0, si_in_serializable: 0 0 %, local: 0 %
I0312 10:19:40.049782 422797 Coordinator.h:126] commit: 47 abort: 88017 (0/88017/0), network size: 0, avg network size: 0, si_in_serializable: 0 0 %, local: 0 %
I0312 10:19:41.049908 422797 Coordinator.h:126] commit: 45 abort: 88019 (0/88019/0), network size: 0, avg network size: 0, si_in_serializable: 0 0 %, local: 0 %
I0312 10:19:42.050076 422797 Coordinator.h:126] commit: 43 abort: 88021 (0/88021/0), network size: 0, avg network size: 0, si_in_serializable: 0 0 %, local: 0 %
I0312 10:19:43.050204 422797 Coordinator.h:126] commit: 43 abort: 85973 (0/85973/0), network size: 0, avg network size: 0, si_in_serializable: 0 0 %, local: 0 %
I0312 10:19:44.050330 422797 Coordinator.h:126] commit: 48 abort: 88016 (0/88016/0), network size: 0, avg network size: 0, si_in_serializable: 0 0 %, local: 0 %
I0312 10:19:45.050458 422797 Coordinator.h:126] commit: 44 abort: 88020 (0/88020/0), network size: 0, avg network size: 0, si_in_serializable: 0 0 %, local: 0 %
I0312 10:19:46.050587 422797 Coordinator.h:126] commit: 47 abort: 88017 (0/88017/0), network size: 0, avg network size: 0, si_in_serializable: 0 0 %, local: 0 %
I0312 10:19:47.050714 422797 Coordinator.h:126] commit: 45 abort: 88019 (0/88019/0), network size: 0, avg network size: 0, si_in_serializable: 0 0 %, local: 0 %
I0312 10:19:48.050841 422797 Coordinator.h:126] commit: 42 abort: 85974 (0/85974/0), network size: 0, avg network size: 0, si_in_serializable: 0 0 %, local: 0 %
I0312 10:19:49.050973 422797 Coordinator.h:126] commit: 46 abort: 88018 (0/88018/0), network size: 0, avg network size: 0, si_in_serializable: 0 0 %, local: 0 %
I0312 10:19:50.051101 422797 Coordinator.h:126] commit: 46 abort: 88018 (0/88018/0), network size: 0, avg network size: 0, si_in_serializable: 0 0 %, local: 0 %
I0312 10:19:51.051229 422797 Coordinator.h:126] commit: 47 abort: 88017 (0/88017/0), network size: 0, avg network size: 0, si_in_serializable: 0 0 %, local: 0 %
I0312 10:19:52.051391 422797 Coordinator.h:126] commit: 47 abort: 88017 (0/88017/0), network size: 0, avg network size: 0, si_in_serializable: 0 0 %, local: 0 %
I0312 10:19:53.051525 422797 Coordinator.h:126] commit: 46 abort: 85970 (0/85970/0), network size: 0, avg network size: 0, si_in_serializable: 0 0 %, local: 0 %
I0312 10:19:54.051656 422797 Coordinator.h:126] commit: 45 abort: 88019 (0/88019/0), network size: 0, avg network size: 0, si_in_serializable: 0 0 %, local: 0 %
I0312 10:19:55.051784 422797 Coordinator.h:126] commit: 47 abort: 88017 (0/88017/0), network size: 0, avg network size: 0, si_in_serializable: 0 0 %, local: 0 %
I0312 10:19:56.051908 422797 Coordinator.h:126] commit: 48 abort: 88016 (0/88016/0), network size: 0, avg network size: 0, si_in_serializable: 0 0 %, local: 0 %
I0312 10:19:57.052030 422797 Coordinator.h:126] commit: 45 abort: 88019 (0/88019/0), network size: 0, avg network size: 0, si_in_serializable: 0 0 %, local: 0 %
I0312 10:19:58.052155 422797 Coordinator.h:126] commit: 47 abort: 88017 (0/88017/0), network size: 0, avg network size: 0, si_in_serializable: 0 0 %, local: 0 %
I0312 10:19:59.052282 422797 Coordinator.h:126] commit: 42 abort: 85974 (0/85974/0), network size: 0, avg network size: 0, si_in_serializable: 0 0 %, local: 0 %
I0312 10:19:59.052326 422797 Coordinator.h:152] average commit: 45.5 abort: 87608.9 (0/87608.9/0), network size: 0, avg network size: 0, si_in_serializable: 0 0 %, local: 0 %
I0312 10:19:59.052341 422797 AriaExecutor.h:649] Worker 0 latency: 23331 us (50%) 23389 us (75%) 23518 us (95%) 23644 us (99%).
I0312 10:19:59.055096 422823 AriaExecutor.h:103] AriaExecutor 2 exits. 
I0312 10:19:59.055096 422821 AriaExecutor.h:103] AriaExecutor 0 exits. 
I0312 10:19:59.055097 422825 AriaExecutor.h:103] AriaExecutor 4 exits. 
I0312 10:19:59.055096 422830 AriaExecutor.h:103] AriaExecutor 9 exits. 
I0312 10:19:59.055096 422831 AriaExecutor.h:103] AriaExecutor 10 exits. 
I0312 10:19:59.055097 422827 AriaExecutor.h:103] AriaExecutor 6 exits. 
I0312 10:19:59.055097 422824 AriaExecutor.h:103] AriaExecutor 3 exits. 
I0312 10:19:59.055097 422832 AriaExecutor.h:103] AriaExecutor 11 exits. 
I0312 10:19:59.055099 422833 Manager.h:227] Manager(worker id = 12) on the coordinator node exits.
I0312 10:19:59.055097 422828 AriaExecutor.h:103] AriaExecutor 7 exits. 
I0312 10:19:59.055096 422822 AriaExecutor.h:103] AriaExecutor 1 exits. 
I0312 10:19:59.055096 422829 AriaExecutor.h:103] AriaExecutor 8 exits. 
I0312 10:19:59.055096 422826 AriaExecutor.h:103] AriaExecutor 5 exits. 
I0312 10:19:59.055354 422797 AriaExecutor.h:649] Worker 1 latency: 23312 us (50%) 23372 us (75%) 23516 us (95%) 23559 us (99%).
I0312 10:19:59.055373 422797 AriaExecutor.h:649] Worker 2 latency: 23395 us (50%) 23427 us (75%) 23480 us (95%) 23480 us (99%).
I0312 10:19:59.055387 422797 AriaExecutor.h:649] Worker 3 latency: 23334 us (50%) 23360 us (75%) 23428 us (95%) 23428 us (99%).
I0312 10:19:59.055400 422797 AriaExecutor.h:649] Worker 4 latency: 0 us (50%) 0 us (75%) 0 us (95%) 0 us (99%).
I0312 10:19:59.055440 422797 AriaExecutor.h:649] Worker 5 latency: 23329 us (50%) 23329 us (75%) 23329 us (95%) 23329 us (99%).
I0312 10:19:59.055464 422797 AriaExecutor.h:649] Worker 6 latency: 23267 us (50%) 23267 us (75%) 23267 us (95%) 23267 us (99%).
I0312 10:19:59.055486 422797 AriaExecutor.h:649] Worker 7 latency: 23252 us (50%) 23252 us (75%) 23252 us (95%) 23252 us (99%).
I0312 10:19:59.055506 422797 AriaExecutor.h:649] Worker 8 latency: 0 us (50%) 0 us (75%) 0 us (95%) 0 us (99%).
I0312 10:19:59.055526 422797 AriaExecutor.h:649] Worker 9 latency: 0 us (50%) 0 us (75%) 0 us (95%) 0 us (99%).
I0312 10:19:59.055546 422797 AriaExecutor.h:649] Worker 10 latency: 0 us (50%) 0 us (75%) 0 us (95%) 0 us (99%).
I0312 10:19:59.055564 422797 AriaExecutor.h:649] Worker 11 latency: 0 us (50%) 0 us (75%) 0 us (95%) 0 us (99%).
I0312 10:19:59.055593 422797 Coordinator.h:177] total commit: 45.5
I0312 10:20:00.055784 422797 Coordinator.h:192] Coordinator exits.
