I0312 09:31:43.475500 360709 Database.h:65] ycsb initialization finished in 97 milliseconds.
I0312 09:31:43.475723 360709 Coordinator.h:30] Coordinator initializes 12 workers.
I0312 09:31:43.538115 360709 Coordinator.h:77] Coordinator starts to run 13 workers.
I0312 09:31:43.538223 360725 AriaExecutor.h:82] AriaExecutor 0 started. 
I0312 09:31:43.538244 360726 AriaExecutor.h:82] AriaExecutor 1 started. 
I0312 09:31:43.538336 360727 AriaExecutor.h:82] AriaExecutor 2 started. 
I0312 09:31:43.538408 360728 AriaExecutor.h:82] AriaExecutor 3 started. 
I0312 09:31:43.538460 360729 AriaExecutor.h:82] AriaExecutor 4 started. 
I0312 09:31:43.538599 360730 AriaExecutor.h:82] AriaExecutor 5 started. 
I0312 09:31:43.538690 360731 AriaExecutor.h:82] AriaExecutor 6 started. 
I0312 09:31:43.538781 360732 AriaExecutor.h:82] AriaExecutor 7 started. 
I0312 09:31:43.538882 360733 AriaExecutor.h:82] AriaExecutor 8 started. 
I0312 09:31:43.538983 360734 AriaExecutor.h:82] AriaExecutor 9 started. 
I0312 09:31:43.539081 360735 AriaExecutor.h:82] AriaExecutor 10 started. 
I0312 09:31:43.539201 360736 AriaExecutor.h:82] AriaExecutor 11 started. 
I0312 09:31:43.539304 360737 Manager.h:224] Manager(worker id = 12) on the coordinator node started.
I0312 09:31:44.539361 360709 Coordinator.h:126] commit: 2847 abort: 68833 (0/68833/0), network size: 0, avg network size: 0, si_in_serializable: 0 0 %, local: 0 %
I0312 09:31:45.539502 360709 Coordinator.h:126] commit: 2942 abort: 70786 (0/70786/0), network size: 0, avg network size: 0, si_in_serializable: 0 0 %, local: 0 %
I0312 09:31:46.539670 360709 Coordinator.h:126] commit: 2949 abort: 70779 (0/70779/0), network size: 0, avg network size: 0, si_in_serializable: 0 0 %, local: 0 %
I0312 09:31:47.539805 360709 Coordinator.h:126] commit: 2873 abort: 70855 (0/70855/0), network size: 0, avg network size: 0, si_in_serializable: 0 0 %, local: 0 %
I0312 09:31:48.539932 360709 Coordinator.h:126] commit: 2847 abort: 68833 (0/68833/0), network size: 0, avg network size: 0, si_in_serializable: 0 0 %, local: 0 %
I0312 09:31:49.540059 360709 Coordinator.h:126] commit: 2857 abort: 70871 (0/70871/0), network size: 0, avg network size: 0, si_in_serializable: 0 0 %, local: 0 %
I0312 09:31:50.540187 360709 Coordinator.h:126] commit: 2902 abort: 70826 (0/70826/0), network size: 0, avg network size: 0, si_in_serializable: 0 0 %, local: 0 %
I0312 09:31:51.540359 360709 Coordinator.h:126] commit: 2960 abort: 70768 (0/70768/0), network size: 0, avg network size: 0, si_in_serializable: 0 0 %, local: 0 %
I0312 09:31:52.540493 360709 Coordinator.h:126] commit: 2916 abort: 70812 (0/70812/0), network size: 0, avg network size: 0, si_in_serializable: 0 0 %, local: 0 %
I0312 09:31:53.540622 360709 Coordinator.h:126] commit: 2904 abort: 70824 (0/70824/0), network size: 0, avg network size: 0, si_in_serializable: 0 0 %, local: 0 %
I0312 09:31:54.540791 360709 Coordinator.h:126] commit: 2833 abort: 68847 (0/68847/0), network size: 0, avg network size: 0, si_in_serializable: 0 0 %, local: 0 %
I0312 09:31:55.540931 360709 Coordinator.h:126] commit: 2891 abort: 70837 (0/70837/0), network size: 0, avg network size: 0, si_in_serializable: 0 0 %, local: 0 %
I0312 09:31:56.541061 360709 Coordinator.h:126] commit: 2915 abort: 70813 (0/70813/0), network size: 0, avg network size: 0, si_in_serializable: 0 0 %, local: 0 %
I0312 09:31:57.541221 360709 Coordinator.h:126] commit: 2856 abort: 70872 (0/70872/0), network size: 0, avg network size: 0, si_in_serializable: 0 0 %, local: 0 %
I0312 09:31:58.541358 360709 Coordinator.h:126] commit: 2900 abort: 70828 (0/70828/0), network size: 0, avg network size: 0, si_in_serializable: 0 0 %, local: 0 %
I0312 09:31:59.541486 360709 Coordinator.h:126] commit: 2885 abort: 70843 (0/70843/0), network size: 0, avg network size: 0, si_in_serializable: 0 0 %, local: 0 %
I0312 09:32:00.541613 360709 Coordinator.h:126] commit: 2846 abort: 68834 (0/68834/0), network size: 0, avg network size: 0, si_in_serializable: 0 0 %, local: 0 %
I0312 09:32:01.541738 360709 Coordinator.h:126] commit: 2971 abort: 70757 (0/70757/0), network size: 0, avg network size: 0, si_in_serializable: 0 0 %, local: 0 %
I0312 09:32:02.541867 360709 Coordinator.h:126] commit: 2942 abort: 70786 (0/70786/0), network size: 0, avg network size: 0, si_in_serializable: 0 0 %, local: 0 %
I0312 09:32:03.542032 360709 Coordinator.h:126] commit: 2948 abort: 70780 (0/70780/0), network size: 0, avg network size: 0, si_in_serializable: 0 0 %, local: 0 %
I0312 09:32:04.542169 360709 Coordinator.h:126] commit: 2907 abort: 70821 (0/70821/0), network size: 0, avg network size: 0, si_in_serializable: 0 0 %, local: 0 %
I0312 09:32:05.542296 360709 Coordinator.h:126] commit: 2980 abort: 70748 (0/70748/0), network size: 0, avg network size: 0, si_in_serializable: 0 0 %, local: 0 %
I0312 09:32:06.542423 360709 Coordinator.h:126] commit: 2928 abort: 70800 (0/70800/0), network size: 0, avg network size: 0, si_in_serializable: 0 0 %, local: 0 %
I0312 09:32:07.542550 360709 Coordinator.h:126] commit: 2840 abort: 68840 (0/68840/0), network size: 0, avg network size: 0, si_in_serializable: 0 0 %, local: 0 %
I0312 09:32:08.542680 360709 Coordinator.h:126] commit: 2919 abort: 70809 (0/70809/0), network size: 0, avg network size: 0, si_in_serializable: 0 0 %, local: 0 %
I0312 09:32:08.542727 360709 Coordinator.h:152] average commit: 2898.7 abort: 70419.7 (0/70419.7/0), network size: 0, avg network size: 0, si_in_serializable: 0 0 %, local: 0 %
I0312 09:32:08.542742 360709 AriaExecutor.h:535] Worker 0 latency: 27487 us (50%) 27615 us (75%) 27781 us (95%) 28864 us (99%).
I0312 09:32:08.548965 360732 AriaExecutor.h:94] AriaExecutor 7 exits. 
I0312 09:32:08.548965 360737 Manager.h:227] Manager(worker id = 12) on the coordinator node exits.
I0312 09:32:08.548966 360729 AriaExecutor.h:94] AriaExecutor 4 exits. 
I0312 09:32:08.548966 360726 AriaExecutor.h:94] AriaExecutor 1 exits. 
I0312 09:32:08.548966 360733 AriaExecutor.h:94] AriaExecutor 8 exits. 
I0312 09:32:08.548965 360735 AriaExecutor.h:94] AriaExecutor 10 exits. 
I0312 09:32:08.548966 360730 AriaExecutor.h:94] AriaExecutor 5 exits. 
I0312 09:32:08.548966 360727 AriaExecutor.h:94] AriaExecutor 2 exits. 
I0312 09:32:08.548967 360725 AriaExecutor.h:94] AriaExecutor 0 exits. 
I0312 09:32:08.548967 360736 AriaExecutor.h:94] AriaExecutor 11 exits. 
I0312 09:32:08.548965 360728 AriaExecutor.h:94] AriaExecutor 3 exits. 
I0312 09:32:08.548967 360731 AriaExecutor.h:94] AriaExecutor 6 exits. 
I0312 09:32:08.548965 360734 AriaExecutor.h:94] AriaExecutor 9 exits. 
I0312 09:32:08.549266 360709 AriaExecutor.h:535] Worker 1 latency: 27480 us (50%) 27607 us (75%) 27769 us (95%) 28511 us (99%).
I0312 09:32:08.549608 360709 AriaExecutor.h:535] Worker 2 latency: 27483 us (50%) 27612 us (75%) 27775 us (95%) 29006 us (99%).
I0312 09:32:08.549933 360709 AriaExecutor.h:535] Worker 3 latency: 27480 us (50%) 27608 us (75%) 27772 us (95%) 28471 us (99%).
I0312 09:32:08.550253 360709 AriaExecutor.h:535] Worker 4 latency: 27481 us (50%) 27610 us (75%) 27775 us (95%) 28546 us (99%).
I0312 09:32:08.550603 360709 AriaExecutor.h:535] Worker 5 latency: 27487 us (50%) 27613 us (75%) 27779 us (95%) 28519 us (99%).
I0312 09:32:08.550933 360709 AriaExecutor.h:535] Worker 6 latency: 27477 us (50%) 27612 us (75%) 27772 us (95%) 28510 us (99%).
I0312 09:32:08.551260 360709 AriaExecutor.h:535] Worker 7 latency: 27480 us (50%) 27608 us (75%) 27769 us (95%) 29341 us (99%).
I0312 09:32:08.551585 360709 AriaExecutor.h:535] Worker 8 latency: 27474 us (50%) 27604 us (75%) 27761 us (95%) 28221 us (99%).
I0312 09:32:08.551900 360709 AriaExecutor.h:535] Worker 9 latency: 27477 us (50%) 27605 us (75%) 27766 us (95%) 29268 us (99%).
I0312 09:32:08.552217 360709 AriaExecutor.h:535] Worker 10 latency: 27472 us (50%) 27600 us (75%) 27763 us (95%) 28855 us (99%).
I0312 09:32:08.552546 360709 AriaExecutor.h:535] Worker 11 latency: 27473 us (50%) 27605 us (75%) 27768 us (95%) 29026 us (99%).
I0312 09:32:08.552868 360709 Coordinator.h:177] total commit: 2898.7
I0312 09:32:09.553063 360709 Coordinator.h:192] Coordinator exits.
