I0312 09:54:45.636749 392705 Database.h:65] ycsb initialization finished in 125 milliseconds.
I0312 09:54:45.636966 392705 Coordinator.h:30] Coordinator initializes 12 workers.
I0312 09:54:45.749076 392705 Coordinator.h:77] Coordinator starts to run 13 workers.
I0312 09:54:45.749192 392732 AriaExecutor.h:91] AriaExecutor 0 started. 
I0312 09:54:45.749210 392733 AriaExecutor.h:91] AriaExecutor 1 started. 
I0312 09:54:45.749295 392734 AriaExecutor.h:91] AriaExecutor 2 started. 
I0312 09:54:45.749354 392735 AriaExecutor.h:91] AriaExecutor 3 started. 
I0312 09:54:45.749466 392736 AriaExecutor.h:91] AriaExecutor 4 started. 
I0312 09:54:45.749565 392737 AriaExecutor.h:91] AriaExecutor 5 started. 
I0312 09:54:45.749675 392738 AriaExecutor.h:91] AriaExecutor 6 started. 
I0312 09:54:45.749779 392739 AriaExecutor.h:91] AriaExecutor 7 started. 
I0312 09:54:45.749881 392740 AriaExecutor.h:91] AriaExecutor 8 started. 
I0312 09:54:45.749991 392741 AriaExecutor.h:91] AriaExecutor 9 started. 
I0312 09:54:45.750108 392742 AriaExecutor.h:91] AriaExecutor 10 started. 
I0312 09:54:45.750214 392743 AriaExecutor.h:91] AriaExecutor 11 started. 
I0312 09:54:45.750325 392744 Manager.h:224] Manager(worker id = 12) on the coordinator node started.
I0312 09:54:46.750375 392705 Coordinator.h:126] commit: 697963 abort: 14741 (0/14741/0), network size: 0, avg network size: 0, si_in_serializable: 0 0 %, local: 0 %
I0312 09:54:47.750527 392705 Coordinator.h:126] commit: 737577 abort: 16087 (0/16087/0), network size: 0, avg network size: 0, si_in_serializable: 0 0 %, local: 0 %
I0312 09:54:48.750689 392705 Coordinator.h:126] commit: 741875 abort: 15885 (0/15885/0), network size: 0, avg network size: 0, si_in_serializable: 0 0 %, local: 0 %
I0312 09:54:49.750824 392705 Coordinator.h:126] commit: 749791 abort: 16161 (0/16161/0), network size: 0, avg network size: 0, si_in_serializable: 0 0 %, local: 0 %
I0312 09:54:50.750949 392705 Coordinator.h:126] commit: 741811 abort: 15949 (0/15949/0), network size: 0, avg network size: 0, si_in_serializable: 0 0 %, local: 0 %
I0312 09:54:51.751075 392705 Coordinator.h:126] commit: 749865 abort: 16087 (0/16087/0), network size: 0, avg network size: 0, si_in_serializable: 0 0 %, local: 0 %
I0312 09:54:52.751199 392705 Coordinator.h:126] commit: 745815 abort: 16041 (0/16041/0), network size: 0, avg network size: 0, si_in_serializable: 0 0 %, local: 0 %
I0312 09:54:53.751359 392705 Coordinator.h:126] commit: 745903 abort: 15953 (0/15953/0), network size: 0, avg network size: 0, si_in_serializable: 0 0 %, local: 0 %
I0312 09:54:54.751495 392705 Coordinator.h:126] commit: 733808 abort: 15760 (0/15760/0), network size: 0, avg network size: 0, si_in_serializable: 0 0 %, local: 0 %
I0312 09:54:55.751621 392705 Coordinator.h:126] commit: 745987 abort: 15869 (0/15869/0), network size: 0, avg network size: 0, si_in_serializable: 0 0 %, local: 0 %
I0312 09:54:56.751744 392705 Coordinator.h:126] commit: 750052 abort: 15900 (0/15900/0), network size: 0, avg network size: 0, si_in_serializable: 0 0 %, local: 0 %
I0312 09:54:57.751873 392705 Coordinator.h:126] commit: 745930 abort: 15926 (0/15926/0), network size: 0, avg network size: 0, si_in_serializable: 0 0 %, local: 0 %
I0312 09:54:58.752002 392705 Coordinator.h:126] commit: 749891 abort: 16061 (0/16061/0), network size: 0, avg network size: 0, si_in_serializable: 0 0 %, local: 0 %
I0312 09:54:59.752127 392705 Coordinator.h:126] commit: 750053 abort: 15899 (0/15899/0), network size: 0, avg network size: 0, si_in_serializable: 0 0 %, local: 0 %
I0312 09:55:00.752259 392705 Coordinator.h:126] commit: 745967 abort: 15889 (0/15889/0), network size: 0, avg network size: 0, si_in_serializable: 0 0 %, local: 0 %
I0312 09:55:01.752409 392705 Coordinator.h:126] commit: 750110 abort: 15842 (0/15842/0), network size: 0, avg network size: 0, si_in_serializable: 0 0 %, local: 0 %
I0312 09:55:02.752543 392705 Coordinator.h:126] commit: 721780 abort: 15500 (0/15500/0), network size: 0, avg network size: 0, si_in_serializable: 0 0 %, local: 0 %
I0312 09:55:03.752669 392705 Coordinator.h:126] commit: 749879 abort: 16073 (0/16073/0), network size: 0, avg network size: 0, si_in_serializable: 0 0 %, local: 0 %
I0312 09:55:04.752795 392705 Coordinator.h:126] commit: 749940 abort: 16012 (0/16012/0), network size: 0, avg network size: 0, si_in_serializable: 0 0 %, local: 0 %
I0312 09:55:05.752916 392705 Coordinator.h:126] commit: 749871 abort: 16081 (0/16081/0), network size: 0, avg network size: 0, si_in_serializable: 0 0 %, local: 0 %
I0312 09:55:06.753041 392705 Coordinator.h:126] commit: 745970 abort: 15886 (0/15886/0), network size: 0, avg network size: 0, si_in_serializable: 0 0 %, local: 0 %
I0312 09:55:07.753163 392705 Coordinator.h:126] commit: 750092 abort: 15860 (0/15860/0), network size: 0, avg network size: 0, si_in_serializable: 0 0 %, local: 0 %
I0312 09:55:08.753288 392705 Coordinator.h:126] commit: 749975 abort: 15977 (0/15977/0), network size: 0, avg network size: 0, si_in_serializable: 0 0 %, local: 0 %
I0312 09:55:09.753412 392705 Coordinator.h:126] commit: 749917 abort: 16035 (0/16035/0), network size: 0, avg network size: 0, si_in_serializable: 0 0 %, local: 0 %
I0312 09:55:10.753531 392705 Coordinator.h:126] commit: 745747 abort: 16109 (0/16109/0), network size: 0, avg network size: 0, si_in_serializable: 0 0 %, local: 0 %
I0312 09:55:10.753571 392705 Coordinator.h:152] average commit: 746347 abort: 15918.3 (0/15918.3/0), network size: 0, avg network size: 0, si_in_serializable: 0 0 %, local: 0 %
I0312 09:55:10.754297 392737 AriaExecutor.h:103] AriaExecutor 5 exits. 
I0312 09:55:10.754297 392736 AriaExecutor.h:103] AriaExecutor 4 exits. 
I0312 09:55:10.754302 392735 AriaExecutor.h:103] AriaExecutor 3 exits. 
I0312 09:55:10.754297 392738 AriaExecutor.h:103] AriaExecutor 6 exits. 
I0312 09:55:10.754299 392732 AriaExecutor.h:103] AriaExecutor 0 exits. 
I0312 09:55:10.754299 392743 AriaExecutor.h:103] AriaExecutor 11 exits. 
I0312 09:55:10.754297 392739 AriaExecutor.h:103] AriaExecutor 7 exits. 
I0312 09:55:10.754299 392741 AriaExecutor.h:103] AriaExecutor 9 exits. 
I0312 09:55:10.754302 392744 Manager.h:227] Manager(worker id = 12) on the coordinator node exits.
I0312 09:55:10.754298 392734 AriaExecutor.h:103] AriaExecutor 2 exits. 
I0312 09:55:10.754298 392740 AriaExecutor.h:103] AriaExecutor 8 exits. 
I0312 09:55:10.754299 392742 AriaExecutor.h:103] AriaExecutor 10 exits. 
I0312 09:55:10.754299 392733 AriaExecutor.h:103] AriaExecutor 1 exits. 
I0312 09:55:10.753584 392705 AriaExecutor.h:649] Worker 0 latency: 3535 us (50%) 4355 us (75%) 5007 us (95%) 5255 us (99%).
I0312 09:55:10.821569 392705 AriaExecutor.h:649] Worker 1 latency: 3551 us (50%) 4364 us (75%) 5009 us (95%) 5256 us (99%).
I0312 09:55:10.890369 392705 AriaExecutor.h:649] Worker 2 latency: 3548 us (50%) 4362 us (75%) 5009 us (95%) 5254 us (99%).
I0312 09:55:10.958705 392705 AriaExecutor.h:649] Worker 3 latency: 3549 us (50%) 4362 us (75%) 5009 us (95%) 5255 us (99%).
I0312 09:55:11.027513 392705 AriaExecutor.h:649] Worker 4 latency: 3547 us (50%) 4361 us (75%) 5008 us (95%) 5253 us (99%).
I0312 09:55:11.096828 392705 AriaExecutor.h:649] Worker 5 latency: 3541 us (50%) 4358 us (75%) 5008 us (95%) 5254 us (99%).
I0312 09:55:11.164934 392705 AriaExecutor.h:649] Worker 6 latency: 3547 us (50%) 4361 us (75%) 5008 us (95%) 5254 us (99%).
I0312 09:55:11.232851 392705 AriaExecutor.h:649] Worker 7 latency: 3551 us (50%) 4363 us (75%) 5008 us (95%) 5255 us (99%).
I0312 09:55:11.300788 392705 AriaExecutor.h:649] Worker 8 latency: 3552 us (50%) 4364 us (75%) 5009 us (95%) 5256 us (99%).
I0312 09:55:11.369264 392705 AriaExecutor.h:649] Worker 9 latency: 3547 us (50%) 4361 us (75%) 5008 us (95%) 5253 us (99%).
I0312 09:55:11.437616 392705 AriaExecutor.h:649] Worker 10 latency: 3555 us (50%) 4365 us (75%) 5008 us (95%) 5252 us (99%).
I0312 09:55:11.506423 392705 AriaExecutor.h:649] Worker 11 latency: 3546 us (50%) 4361 us (75%) 5008 us (95%) 5254 us (99%).
I0312 09:55:11.575672 392705 Coordinator.h:177] total commit: 746347
I0312 09:55:12.575875 392705 Coordinator.h:192] Coordinator exits.
