I0312 09:48:58.856489 384508 Database.h:65] ycsb initialization finished in 99 milliseconds.
I0312 09:48:58.856709 384508 Coordinator.h:30] Coordinator initializes 12 workers.
I0312 09:48:58.919139 384508 Coordinator.h:77] Coordinator starts to run 13 workers.
I0312 09:48:58.919224 384524 AriaExecutor.h:82] AriaExecutor 0 started. 
I0312 09:48:58.919255 384525 AriaExecutor.h:82] AriaExecutor 1 started. 
I0312 09:48:58.919346 384526 AriaExecutor.h:82] AriaExecutor 2 started. 
I0312 09:48:58.919406 384527 AriaExecutor.h:82] AriaExecutor 3 started. 
I0312 09:48:58.919452 384528 AriaExecutor.h:82] AriaExecutor 4 started. 
I0312 09:48:58.919551 384529 AriaExecutor.h:82] AriaExecutor 5 started. 
I0312 09:48:58.919639 384530 AriaExecutor.h:82] AriaExecutor 6 started. 
I0312 09:48:58.919754 384531 AriaExecutor.h:82] AriaExecutor 7 started. 
I0312 09:48:58.919871 384532 AriaExecutor.h:82] AriaExecutor 8 started. 
I0312 09:48:58.919935 384533 AriaExecutor.h:82] AriaExecutor 9 started. 
I0312 09:48:58.920004 384534 AriaExecutor.h:82] AriaExecutor 10 started. 
I0312 09:48:58.920100 384535 AriaExecutor.h:82] AriaExecutor 11 started. 
I0312 09:48:58.920202 384536 Manager.h:224] Manager(worker id = 12) on the coordinator node started.
I0312 09:48:59.920260 384508 Coordinator.h:126] commit: 245518 abort: 276722 (0/276722/0), network size: 0, avg network size: 0, si_in_serializable: 0 0 %, local: 0 %
I0312 09:49:00.920397 384508 Coordinator.h:126] commit: 249519 abort: 280913 (0/280913/0), network size: 0, avg network size: 0, si_in_serializable: 0 0 %, local: 0 %
I0312 09:49:01.920555 384508 Coordinator.h:126] commit: 250085 abort: 282395 (0/282395/0), network size: 0, avg network size: 0, si_in_serializable: 0 0 %, local: 0 %
I0312 09:49:02.920686 384508 Coordinator.h:126] commit: 250472 abort: 282008 (0/282008/0), network size: 0, avg network size: 0, si_in_serializable: 0 0 %, local: 0 %
I0312 09:49:03.920805 384508 Coordinator.h:126] commit: 250675 abort: 281805 (0/281805/0), network size: 0, avg network size: 0, si_in_serializable: 0 0 %, local: 0 %
I0312 09:49:04.920928 384508 Coordinator.h:126] commit: 248428 abort: 279956 (0/279956/0), network size: 0, avg network size: 0, si_in_serializable: 0 0 %, local: 0 %
I0312 09:49:05.921052 384508 Coordinator.h:126] commit: 248529 abort: 279855 (0/279855/0), network size: 0, avg network size: 0, si_in_serializable: 0 0 %, local: 0 %
I0312 09:49:06.921216 384508 Coordinator.h:126] commit: 250268 abort: 282212 (0/282212/0), network size: 0, avg network size: 0, si_in_serializable: 0 0 %, local: 0 %
I0312 09:49:07.921345 384508 Coordinator.h:126] commit: 252053 abort: 282475 (0/282475/0), network size: 0, avg network size: 0, si_in_serializable: 0 0 %, local: 0 %
I0312 09:49:08.921468 384508 Coordinator.h:126] commit: 249640 abort: 282840 (0/282840/0), network size: 0, avg network size: 0, si_in_serializable: 0 0 %, local: 0 %
I0312 09:49:09.921589 384508 Coordinator.h:126] commit: 250456 abort: 282024 (0/282024/0), network size: 0, avg network size: 0, si_in_serializable: 0 0 %, local: 0 %
I0312 09:49:10.921715 384508 Coordinator.h:126] commit: 249948 abort: 282532 (0/282532/0), network size: 0, avg network size: 0, si_in_serializable: 0 0 %, local: 0 %
I0312 09:49:11.921840 384508 Coordinator.h:126] commit: 243447 abort: 274697 (0/274697/0), network size: 0, avg network size: 0, si_in_serializable: 0 0 %, local: 0 %
I0312 09:49:12.921962 384508 Coordinator.h:126] commit: 250553 abort: 281927 (0/281927/0), network size: 0, avg network size: 0, si_in_serializable: 0 0 %, local: 0 %
I0312 09:49:13.922086 384508 Coordinator.h:126] commit: 250069 abort: 282411 (0/282411/0), network size: 0, avg network size: 0, si_in_serializable: 0 0 %, local: 0 %
I0312 09:49:14.922246 384508 Coordinator.h:126] commit: 250957 abort: 283571 (0/283571/0), network size: 0, avg network size: 0, si_in_serializable: 0 0 %, local: 0 %
I0312 09:49:15.922376 384508 Coordinator.h:126] commit: 250004 abort: 282476 (0/282476/0), network size: 0, avg network size: 0, si_in_serializable: 0 0 %, local: 0 %
I0312 09:49:16.922499 384508 Coordinator.h:126] commit: 250790 abort: 281690 (0/281690/0), network size: 0, avg network size: 0, si_in_serializable: 0 0 %, local: 0 %
I0312 09:49:17.922626 384508 Coordinator.h:126] commit: 250268 abort: 282212 (0/282212/0), network size: 0, avg network size: 0, si_in_serializable: 0 0 %, local: 0 %
I0312 09:49:18.922748 384508 Coordinator.h:126] commit: 251581 abort: 282947 (0/282947/0), network size: 0, avg network size: 0, si_in_serializable: 0 0 %, local: 0 %
I0312 09:49:19.922873 384508 Coordinator.h:126] commit: 250895 abort: 281585 (0/281585/0), network size: 0, avg network size: 0, si_in_serializable: 0 0 %, local: 0 %
I0312 09:49:20.922999 384508 Coordinator.h:126] commit: 251322 abort: 283206 (0/283206/0), network size: 0, avg network size: 0, si_in_serializable: 0 0 %, local: 0 %
I0312 09:49:21.923122 384508 Coordinator.h:126] commit: 249839 abort: 282641 (0/282641/0), network size: 0, avg network size: 0, si_in_serializable: 0 0 %, local: 0 %
I0312 09:49:22.923241 384508 Coordinator.h:126] commit: 251473 abort: 283055 (0/283055/0), network size: 0, avg network size: 0, si_in_serializable: 0 0 %, local: 0 %
I0312 09:49:23.923359 384508 Coordinator.h:126] commit: 249817 abort: 282663 (0/282663/0), network size: 0, avg network size: 0, si_in_serializable: 0 0 %, local: 0 %
I0312 09:49:23.923403 384508 Coordinator.h:152] average commit: 249807 abort: 281649 (0/281649/0), network size: 0, avg network size: 0, si_in_serializable: 0 0 %, local: 0 %
I0312 09:49:23.923446 384528 AriaExecutor.h:94] AriaExecutor 4 exits. 
I0312 09:49:23.923448 384526 AriaExecutor.h:94] AriaExecutor 2 exits. 
I0312 09:49:23.923447 384525 AriaExecutor.h:94] AriaExecutor 1 exits. 
I0312 09:49:23.923448 384527 AriaExecutor.h:94] AriaExecutor 3 exits. 
I0312 09:49:23.923448 384532 AriaExecutor.h:94] AriaExecutor 8 exits. 
I0312 09:49:23.923448 384530 AriaExecutor.h:94] AriaExecutor 6 exits. 
I0312 09:49:23.923447 384524 AriaExecutor.h:94] AriaExecutor 0 exits. 
I0312 09:49:23.923449 384529 AriaExecutor.h:94] AriaExecutor 5 exits. 
I0312 09:49:23.923448 384535 AriaExecutor.h:94] AriaExecutor 11 exits. 
I0312 09:49:23.923451 384531 AriaExecutor.h:94] AriaExecutor 7 exits. 
I0312 09:49:23.923447 384536 Manager.h:227] Manager(worker id = 12) on the coordinator node exits.
I0312 09:49:23.923447 384534 AriaExecutor.h:94] AriaExecutor 10 exits. 
I0312 09:49:23.923446 384533 AriaExecutor.h:94] AriaExecutor 9 exits. 
I0312 09:49:23.923416 384508 AriaExecutor.h:535] Worker 0 latency: 2502 us (50%) 3242 us (75%) 3725 us (95%) 3798 us (99%).
I0312 09:49:23.949232 384508 AriaExecutor.h:535] Worker 1 latency: 2505 us (50%) 3242 us (75%) 3724 us (95%) 3798 us (99%).
I0312 09:49:23.975297 384508 AriaExecutor.h:535] Worker 2 latency: 2502 us (50%) 3240 us (75%) 3724 us (95%) 3798 us (99%).
I0312 09:49:24.000901 384508 AriaExecutor.h:535] Worker 3 latency: 2504 us (50%) 3242 us (75%) 3723 us (95%) 3798 us (99%).
I0312 09:49:24.026656 384508 AriaExecutor.h:535] Worker 4 latency: 2499 us (50%) 3239 us (75%) 3722 us (95%) 3798 us (99%).
I0312 09:49:24.052963 384508 AriaExecutor.h:535] Worker 5 latency: 2497 us (50%) 3238 us (75%) 3722 us (95%) 3797 us (99%).
I0312 09:49:24.078751 384508 AriaExecutor.h:535] Worker 6 latency: 2495 us (50%) 3237 us (75%) 3721 us (95%) 3797 us (99%).
I0312 09:49:24.104820 384508 AriaExecutor.h:535] Worker 7 latency: 2496 us (50%) 3237 us (75%) 3720 us (95%) 3797 us (99%).
I0312 09:49:24.130846 384508 AriaExecutor.h:535] Worker 8 latency: 2504 us (50%) 3238 us (75%) 3720 us (95%) 3796 us (99%).
I0312 09:49:24.156524 384508 AriaExecutor.h:535] Worker 9 latency: 2505 us (50%) 3238 us (75%) 3719 us (95%) 3797 us (99%).
I0312 09:49:24.181993 384508 AriaExecutor.h:535] Worker 10 latency: 2505 us (50%) 3238 us (75%) 3719 us (95%) 3796 us (99%).
I0312 09:49:24.207659 384508 AriaExecutor.h:535] Worker 11 latency: 2501 us (50%) 3235 us (75%) 3719 us (95%) 3796 us (99%).
I0312 09:49:24.232995 384508 Coordinator.h:177] total commit: 249807
I0312 09:49:25.233199 384508 Coordinator.h:192] Coordinator exits.
