I0312 09:46:46.608539 383320 Database.h:65] ycsb initialization finished in 97 milliseconds.
I0312 09:46:46.608775 383320 Coordinator.h:30] Coordinator initializes 12 workers.
I0312 09:46:46.719302 383320 Coordinator.h:77] Coordinator starts to run 13 workers.
I0312 09:46:46.719393 383336 AriaExecutor.h:82] AriaExecutor 0 started. 
I0312 09:46:46.719426 383337 AriaExecutor.h:82] AriaExecutor 1 started. 
I0312 09:46:46.719533 383338 AriaExecutor.h:82] AriaExecutor 2 started. 
I0312 09:46:46.719563 383339 AriaExecutor.h:82] AriaExecutor 3 started. 
I0312 09:46:46.719684 383340 AriaExecutor.h:82] AriaExecutor 4 started. 
I0312 09:46:46.719796 383341 AriaExecutor.h:82] AriaExecutor 5 started. 
I0312 09:46:46.719905 383342 AriaExecutor.h:82] AriaExecutor 6 started. 
I0312 09:46:46.720016 383343 AriaExecutor.h:82] AriaExecutor 7 started. 
I0312 09:46:46.720139 383344 AriaExecutor.h:82] AriaExecutor 8 started. 
I0312 09:46:46.720255 383345 AriaExecutor.h:82] AriaExecutor 9 started. 
I0312 09:46:46.720381 383346 AriaExecutor.h:82] AriaExecutor 10 started. 
I0312 09:46:46.720506 383347 AriaExecutor.h:82] AriaExecutor 11 started. 
I0312 09:46:46.720607 383348 Manager.h:224] Manager(worker id = 12) on the coordinator node started.
I0312 09:46:47.720657 383320 Coordinator.h:126] commit: 39344 abort: 378448 (0/378448/0), network size: 0, avg network size: 0, si_in_serializable: 0 0 %, local: 0 %
I0312 09:46:48.720794 383320 Coordinator.h:126] commit: 39498 abort: 382390 (0/382390/0), network size: 0, avg network size: 0, si_in_serializable: 0 0 %, local: 0 %
I0312 09:46:49.720954 383320 Coordinator.h:126] commit: 40321 abort: 385663 (0/385663/0), network size: 0, avg network size: 0, si_in_serializable: 0 0 %, local: 0 %
I0312 09:46:50.721083 383320 Coordinator.h:126] commit: 39975 abort: 386009 (0/386009/0), network size: 0, avg network size: 0, si_in_serializable: 0 0 %, local: 0 %
I0312 09:46:51.721207 383320 Coordinator.h:126] commit: 40132 abort: 385852 (0/385852/0), network size: 0, avg network size: 0, si_in_serializable: 0 0 %, local: 0 %
I0312 09:46:52.721333 383320 Coordinator.h:126] commit: 40003 abort: 385981 (0/385981/0), network size: 0, avg network size: 0, si_in_serializable: 0 0 %, local: 0 %
I0312 09:46:53.721455 383320 Coordinator.h:126] commit: 40164 abort: 385820 (0/385820/0), network size: 0, avg network size: 0, si_in_serializable: 0 0 %, local: 0 %
I0312 09:46:54.721617 383320 Coordinator.h:126] commit: 40267 abort: 385717 (0/385717/0), network size: 0, avg network size: 0, si_in_serializable: 0 0 %, local: 0 %
I0312 09:46:55.721745 383320 Coordinator.h:126] commit: 40287 abort: 389793 (0/389793/0), network size: 0, avg network size: 0, si_in_serializable: 0 0 %, local: 0 %
I0312 09:46:56.721871 383320 Coordinator.h:126] commit: 40053 abort: 385931 (0/385931/0), network size: 0, avg network size: 0, si_in_serializable: 0 0 %, local: 0 %
I0312 09:46:57.721990 383320 Coordinator.h:126] commit: 39876 abort: 386108 (0/386108/0), network size: 0, avg network size: 0, si_in_serializable: 0 0 %, local: 0 %
I0312 09:46:58.722110 383320 Coordinator.h:126] commit: 39959 abort: 386025 (0/386025/0), network size: 0, avg network size: 0, si_in_serializable: 0 0 %, local: 0 %
I0312 09:46:59.722229 383320 Coordinator.h:126] commit: 40116 abort: 389964 (0/389964/0), network size: 0, avg network size: 0, si_in_serializable: 0 0 %, local: 0 %
I0312 09:47:00.722352 383320 Coordinator.h:126] commit: 39900 abort: 386084 (0/386084/0), network size: 0, avg network size: 0, si_in_serializable: 0 0 %, local: 0 %
I0312 09:47:01.722476 383320 Coordinator.h:126] commit: 39916 abort: 386068 (0/386068/0), network size: 0, avg network size: 0, si_in_serializable: 0 0 %, local: 0 %
I0312 09:47:02.722636 383320 Coordinator.h:126] commit: 39998 abort: 385986 (0/385986/0), network size: 0, avg network size: 0, si_in_serializable: 0 0 %, local: 0 %
I0312 09:47:03.722766 383320 Coordinator.h:126] commit: 40630 abort: 389450 (0/389450/0), network size: 0, avg network size: 0, si_in_serializable: 0 0 %, local: 0 %
I0312 09:47:04.722886 383320 Coordinator.h:126] commit: 39844 abort: 386140 (0/386140/0), network size: 0, avg network size: 0, si_in_serializable: 0 0 %, local: 0 %
I0312 09:47:05.723003 383320 Coordinator.h:126] commit: 40116 abort: 385868 (0/385868/0), network size: 0, avg network size: 0, si_in_serializable: 0 0 %, local: 0 %
I0312 09:47:06.723125 383320 Coordinator.h:126] commit: 40007 abort: 385977 (0/385977/0), network size: 0, avg network size: 0, si_in_serializable: 0 0 %, local: 0 %
I0312 09:47:07.723253 383320 Coordinator.h:126] commit: 40046 abort: 385938 (0/385938/0), network size: 0, avg network size: 0, si_in_serializable: 0 0 %, local: 0 %
I0312 09:47:08.723374 383320 Coordinator.h:126] commit: 40411 abort: 389669 (0/389669/0), network size: 0, avg network size: 0, si_in_serializable: 0 0 %, local: 0 %
I0312 09:47:09.723497 383320 Coordinator.h:126] commit: 39652 abort: 386332 (0/386332/0), network size: 0, avg network size: 0, si_in_serializable: 0 0 %, local: 0 %
I0312 09:47:10.723619 383320 Coordinator.h:126] commit: 40090 abort: 385894 (0/385894/0), network size: 0, avg network size: 0, si_in_serializable: 0 0 %, local: 0 %
I0312 09:47:11.723739 383320 Coordinator.h:126] commit: 40434 abort: 389646 (0/389646/0), network size: 0, avg network size: 0, si_in_serializable: 0 0 %, local: 0 %
I0312 09:47:11.723781 383320 Coordinator.h:152] average commit: 40036.2 abort: 386767 (0/386767/0), network size: 0, avg network size: 0, si_in_serializable: 0 0 %, local: 0 %
I0312 09:47:11.723796 383320 AriaExecutor.h:535] Worker 0 latency: 7923 us (50%) 9066 us (75%) 9493 us (95%) 9557 us (99%).
I0312 09:47:11.732082 383339 AriaExecutor.h:94] AriaExecutor 3 exits. 
I0312 09:47:11.732082 383344 AriaExecutor.h:94] AriaExecutor 8 exits. 
I0312 09:47:11.732084 383346 AriaExecutor.h:94] AriaExecutor 10 exits. 
I0312 09:47:11.732082 383340 AriaExecutor.h:94] AriaExecutor 4 exits. 
I0312 09:47:11.732084 383341 AriaExecutor.h:94] AriaExecutor 5 exits. 
I0312 09:47:11.732084 383343 AriaExecutor.h:94] AriaExecutor 7 exits. 
I0312 09:47:11.732082 383337 AriaExecutor.h:94] AriaExecutor 1 exits. 
I0312 09:47:11.732082 383345 AriaExecutor.h:94] AriaExecutor 9 exits. 
I0312 09:47:11.732084 383336 AriaExecutor.h:94] AriaExecutor 0 exits. 
I0312 09:47:11.732084 383348 Manager.h:227] Manager(worker id = 12) on the coordinator node exits.
I0312 09:47:11.732082 383347 AriaExecutor.h:94] AriaExecutor 11 exits. 
I0312 09:47:11.732082 383338 AriaExecutor.h:94] AriaExecutor 2 exits. 
I0312 09:47:11.732082 383342 AriaExecutor.h:94] AriaExecutor 6 exits. 
I0312 09:47:11.732270 383320 AriaExecutor.h:535] Worker 1 latency: 7925 us (50%) 9057 us (75%) 9491 us (95%) 9554 us (99%).
I0312 09:47:11.736896 383320 AriaExecutor.h:535] Worker 2 latency: 7923 us (50%) 9053 us (75%) 9490 us (95%) 9555 us (99%).
I0312 09:47:11.741520 383320 AriaExecutor.h:535] Worker 3 latency: 7906 us (50%) 9045 us (75%) 9488 us (95%) 9554 us (99%).
I0312 09:47:11.746109 383320 AriaExecutor.h:535] Worker 4 latency: 7924 us (50%) 9038 us (75%) 9486 us (95%) 9553 us (99%).
I0312 09:47:11.750687 383320 AriaExecutor.h:535] Worker 5 latency: 7895 us (50%) 9034 us (75%) 9486 us (95%) 9552 us (99%).
I0312 09:47:11.755268 383320 AriaExecutor.h:535] Worker 6 latency: 7918 us (50%) 9036 us (75%) 9484 us (95%) 9552 us (99%).
I0312 09:47:11.759827 383320 AriaExecutor.h:535] Worker 7 latency: 7890 us (50%) 9022 us (75%) 9482 us (95%) 9549 us (99%).
I0312 09:47:11.764381 383320 AriaExecutor.h:535] Worker 8 latency: 7862 us (50%) 9014 us (75%) 9479 us (95%) 9550 us (99%).
I0312 09:47:11.768980 383320 AriaExecutor.h:535] Worker 9 latency: 7885 us (50%) 9011 us (75%) 9479 us (95%) 9548 us (99%).
I0312 09:47:11.773518 383320 AriaExecutor.h:535] Worker 10 latency: 7891 us (50%) 9013 us (75%) 9479 us (95%) 9550 us (99%).
I0312 09:47:11.777988 383320 AriaExecutor.h:535] Worker 11 latency: 7875 us (50%) 9010 us (75%) 9478 us (95%) 9548 us (99%).
I0312 09:47:11.782512 383320 Coordinator.h:177] total commit: 40036.2
I0312 09:47:12.782714 383320 Coordinator.h:192] Coordinator exits.
