I0312 10:13:23.001109 415259 Database.h:65] ycsb initialization finished in 98 milliseconds.
I0312 10:13:23.001344 415259 Coordinator.h:30] Coordinator initializes 12 workers.
I0312 10:13:23.110076 415259 Coordinator.h:77] Coordinator starts to run 13 workers.
I0312 10:13:23.110175 415286 AriaExecutor.h:91] AriaExecutor 0 started. 
I0312 10:13:23.110253 415287 AriaExecutor.h:91] AriaExecutor 1 started. 
I0312 10:13:23.110327 415288 AriaExecutor.h:91] AriaExecutor 2 started. 
I0312 10:13:23.110452 415289 AriaExecutor.h:91] AriaExecutor 3 started. 
I0312 10:13:23.110564 415290 AriaExecutor.h:91] AriaExecutor 4 started. 
I0312 10:13:23.110689 415291 AriaExecutor.h:91] AriaExecutor 5 started. 
I0312 10:13:23.110796 415292 AriaExecutor.h:91] AriaExecutor 6 started. 
I0312 10:13:23.110899 415293 AriaExecutor.h:91] AriaExecutor 7 started. 
I0312 10:13:23.111011 415294 AriaExecutor.h:91] AriaExecutor 8 started. 
I0312 10:13:23.111129 415295 AriaExecutor.h:91] AriaExecutor 9 started. 
I0312 10:13:23.111241 415296 AriaExecutor.h:91] AriaExecutor 10 started. 
I0312 10:13:23.111341 415297 AriaExecutor.h:91] AriaExecutor 11 started. 
I0312 10:13:23.111428 415298 Manager.h:224] Manager(worker id = 12) on the coordinator node started.
I0312 10:13:24.111485 415259 Coordinator.h:126] commit: 106808 abort: 315080 (0/315080/0), network size: 0, avg network size: 0, si_in_serializable: 0 0 %, local: 0 %
I0312 10:13:25.111636 415259 Coordinator.h:126] commit: 106511 abort: 315377 (0/315377/0), network size: 0, avg network size: 0, si_in_serializable: 0 0 %, local: 0 %
I0312 10:13:26.111792 415259 Coordinator.h:126] commit: 108687 abort: 321393 (0/321393/0), network size: 0, avg network size: 0, si_in_serializable: 0 0 %, local: 0 %
I0312 10:13:27.111927 415259 Coordinator.h:126] commit: 107816 abort: 318168 (0/318168/0), network size: 0, avg network size: 0, si_in_serializable: 0 0 %, local: 0 %
I0312 10:13:28.112048 415259 Coordinator.h:126] commit: 108844 abort: 321236 (0/321236/0), network size: 0, avg network size: 0, si_in_serializable: 0 0 %, local: 0 %
I0312 10:13:29.112171 415259 Coordinator.h:126] commit: 108001 abort: 317983 (0/317983/0), network size: 0, avg network size: 0, si_in_serializable: 0 0 %, local: 0 %
I0312 10:13:30.112296 415259 Coordinator.h:126] commit: 109132 abort: 320948 (0/320948/0), network size: 0, avg network size: 0, si_in_serializable: 0 0 %, local: 0 %
I0312 10:13:31.112459 415259 Coordinator.h:126] commit: 108004 abort: 317980 (0/317980/0), network size: 0, avg network size: 0, si_in_serializable: 0 0 %, local: 0 %
I0312 10:13:32.112596 415259 Coordinator.h:126] commit: 107790 abort: 318194 (0/318194/0), network size: 0, avg network size: 0, si_in_serializable: 0 0 %, local: 0 %
I0312 10:13:33.112713 415259 Coordinator.h:126] commit: 108620 abort: 321460 (0/321460/0), network size: 0, avg network size: 0, si_in_serializable: 0 0 %, local: 0 %
I0312 10:13:34.112870 415259 Coordinator.h:126] commit: 108647 abort: 321433 (0/321433/0), network size: 0, avg network size: 0, si_in_serializable: 0 0 %, local: 0 %
I0312 10:13:35.113003 415259 Coordinator.h:126] commit: 107658 abort: 318326 (0/318326/0), network size: 0, avg network size: 0, si_in_serializable: 0 0 %, local: 0 %
I0312 10:13:36.113126 415259 Coordinator.h:126] commit: 108517 abort: 321563 (0/321563/0), network size: 0, avg network size: 0, si_in_serializable: 0 0 %, local: 0 %
I0312 10:13:37.113281 415259 Coordinator.h:126] commit: 107684 abort: 318300 (0/318300/0), network size: 0, avg network size: 0, si_in_serializable: 0 0 %, local: 0 %
I0312 10:13:38.113415 415259 Coordinator.h:126] commit: 108231 abort: 317753 (0/317753/0), network size: 0, avg network size: 0, si_in_serializable: 0 0 %, local: 0 %
I0312 10:13:39.113544 415259 Coordinator.h:126] commit: 107741 abort: 318243 (0/318243/0), network size: 0, avg network size: 0, si_in_serializable: 0 0 %, local: 0 %
I0312 10:13:40.113668 415259 Coordinator.h:126] commit: 108523 abort: 321557 (0/321557/0), network size: 0, avg network size: 0, si_in_serializable: 0 0 %, local: 0 %
I0312 10:13:41.113790 415259 Coordinator.h:126] commit: 108000 abort: 317984 (0/317984/0), network size: 0, avg network size: 0, si_in_serializable: 0 0 %, local: 0 %
I0312 10:13:42.113915 415259 Coordinator.h:126] commit: 108969 abort: 321111 (0/321111/0), network size: 0, avg network size: 0, si_in_serializable: 0 0 %, local: 0 %
I0312 10:13:43.114073 415259 Coordinator.h:126] commit: 108798 abort: 321282 (0/321282/0), network size: 0, avg network size: 0, si_in_serializable: 0 0 %, local: 0 %
I0312 10:13:44.114205 415259 Coordinator.h:126] commit: 108265 abort: 321815 (0/321815/0), network size: 0, avg network size: 0, si_in_serializable: 0 0 %, local: 0 %
I0312 10:13:45.114326 415259 Coordinator.h:126] commit: 107967 abort: 318017 (0/318017/0), network size: 0, avg network size: 0, si_in_serializable: 0 0 %, local: 0 %
I0312 10:13:46.114454 415259 Coordinator.h:126] commit: 108848 abort: 321232 (0/321232/0), network size: 0, avg network size: 0, si_in_serializable: 0 0 %, local: 0 %
I0312 10:13:47.114578 415259 Coordinator.h:126] commit: 108044 abort: 317940 (0/317940/0), network size: 0, avg network size: 0, si_in_serializable: 0 0 %, local: 0 %
I0312 10:13:48.114702 415259 Coordinator.h:126] commit: 109081 abort: 320999 (0/320999/0), network size: 0, avg network size: 0, si_in_serializable: 0 0 %, local: 0 %
I0312 10:13:48.114744 415259 Coordinator.h:152] average commit: 108277 abort: 319755 (0/319755/0), network size: 0, avg network size: 0, si_in_serializable: 0 0 %, local: 0 %
I0312 10:13:48.118180 415289 AriaExecutor.h:103] AriaExecutor 3 exits. 
I0312 10:13:48.118180 415290 AriaExecutor.h:103] AriaExecutor 4 exits. 
I0312 10:13:48.118180 415286 AriaExecutor.h:103] AriaExecutor 0 exits. 
I0312 10:13:48.118180 415298 Manager.h:227] Manager(worker id = 12) on the coordinator node exits.
I0312 10:13:48.118180 415295 AriaExecutor.h:103] AriaExecutor 9 exits. 
I0312 10:13:48.118180 415287 AriaExecutor.h:103] AriaExecutor 1 exits. 
I0312 10:13:48.118180 415294 AriaExecutor.h:103] AriaExecutor 8 exits. 
I0312 10:13:48.118180 415292 AriaExecutor.h:103] AriaExecutor 6 exits. 
I0312 10:13:48.118182 415291 AriaExecutor.h:103] AriaExecutor 5 exits. 
I0312 10:13:48.118182 415288 AriaExecutor.h:103] AriaExecutor 2 exits. 
I0312 10:13:48.118180 415293 AriaExecutor.h:103] AriaExecutor 7 exits. 
I0312 10:13:48.118180 415297 AriaExecutor.h:103] AriaExecutor 11 exits. 
I0312 10:13:48.118180 415296 AriaExecutor.h:103] AriaExecutor 10 exits. 
I0312 10:13:48.114758 415259 AriaExecutor.h:649] Worker 0 latency: 7429 us (50%) 8695 us (75%) 9341 us (95%) 9438 us (99%).
I0312 10:13:48.128371 415259 AriaExecutor.h:649] Worker 1 latency: 7424 us (50%) 8696 us (75%) 9340 us (95%) 9436 us (99%).
I0312 10:13:48.141039 415259 AriaExecutor.h:649] Worker 2 latency: 7437 us (50%) 8693 us (75%) 9340 us (95%) 9437 us (99%).
I0312 10:13:48.153661 415259 AriaExecutor.h:649] Worker 3 latency: 7425 us (50%) 8693 us (75%) 9338 us (95%) 9436 us (99%).
I0312 10:13:48.166352 415259 AriaExecutor.h:649] Worker 4 latency: 7417 us (50%) 8682 us (75%) 9337 us (95%) 9435 us (99%).
I0312 10:13:48.178894 415259 AriaExecutor.h:649] Worker 5 latency: 7421 us (50%) 8688 us (75%) 9337 us (95%) 9435 us (99%).
I0312 10:13:48.191524 415259 AriaExecutor.h:649] Worker 6 latency: 7414 us (50%) 8685 us (75%) 9335 us (95%) 9433 us (99%).
I0312 10:13:48.204109 415259 AriaExecutor.h:649] Worker 7 latency: 7426 us (50%) 8689 us (75%) 9335 us (95%) 9435 us (99%).
I0312 10:13:48.216707 415259 AriaExecutor.h:649] Worker 8 latency: 7417 us (50%) 8678 us (75%) 9333 us (95%) 9433 us (99%).
I0312 10:13:48.229123 415259 AriaExecutor.h:649] Worker 9 latency: 7415 us (50%) 8681 us (75%) 9334 us (95%) 9433 us (99%).
I0312 10:13:48.241658 415259 AriaExecutor.h:649] Worker 10 latency: 7416 us (50%) 8676 us (75%) 9332 us (95%) 9434 us (99%).
I0312 10:13:48.254333 415259 AriaExecutor.h:649] Worker 11 latency: 7416 us (50%) 8681 us (75%) 9333 us (95%) 9435 us (99%).
I0312 10:13:48.266662 415259 Coordinator.h:177] total commit: 108277
I0312 10:13:49.266865 415259 Coordinator.h:192] Coordinator exits.
