I0312 09:52:58.412696 390451 Database.h:65] ycsb initialization finished in 96 milliseconds.
I0312 09:52:58.412917 390451 Coordinator.h:30] Coordinator initializes 12 workers.
I0312 09:52:58.476560 390451 Coordinator.h:77] Coordinator starts to run 13 workers.
I0312 09:52:58.476653 390467 AriaExecutor.h:91] AriaExecutor 0 started. 
I0312 09:52:58.476683 390468 AriaExecutor.h:91] AriaExecutor 1 started. 
I0312 09:52:58.476908 390469 AriaExecutor.h:91] AriaExecutor 2 started. 
I0312 09:52:58.477079 390470 AriaExecutor.h:91] AriaExecutor 3 started. 
I0312 09:52:58.477274 390471 AriaExecutor.h:91] AriaExecutor 4 started. 
I0312 09:52:58.477478 390472 AriaExecutor.h:91] AriaExecutor 5 started. 
I0312 09:52:58.477674 390473 AriaExecutor.h:91] AriaExecutor 6 started. 
I0312 09:52:58.477932 390474 AriaExecutor.h:91] AriaExecutor 7 started. 
I0312 09:52:58.478108 390475 AriaExecutor.h:91] AriaExecutor 8 started. 
I0312 09:52:58.478302 390476 AriaExecutor.h:91] AriaExecutor 9 started. 
I0312 09:52:58.478482 390477 AriaExecutor.h:91] AriaExecutor 10 started. 
I0312 09:52:58.478665 390478 AriaExecutor.h:91] AriaExecutor 11 started. 
I0312 09:52:58.478835 390479 Manager.h:224] Manager(worker id = 12) on the coordinator node started.
I0312 09:52:59.478892 390451 Coordinator.h:126] commit: 6344 abort: 73528 (0/73528/0), network size: 0, avg network size: 0, si_in_serializable: 0 0 %, local: 0 %
I0312 09:53:00.479064 390451 Coordinator.h:126] commit: 6259 abort: 73613 (0/73613/0), network size: 0, avg network size: 0, si_in_serializable: 0 0 %, local: 0 %
I0312 09:53:01.479349 390451 Coordinator.h:126] commit: 6496 abort: 75424 (0/75424/0), network size: 0, avg network size: 0, si_in_serializable: 0 0 %, local: 0 %
I0312 09:53:02.479506 390451 Coordinator.h:126] commit: 6511 abort: 75409 (0/75409/0), network size: 0, avg network size: 0, si_in_serializable: 0 0 %, local: 0 %
I0312 09:53:03.479630 390451 Coordinator.h:126] commit: 6415 abort: 75505 (0/75505/0), network size: 0, avg network size: 0, si_in_serializable: 0 0 %, local: 0 %
I0312 09:53:04.479760 390451 Coordinator.h:126] commit: 6198 abort: 73674 (0/73674/0), network size: 0, avg network size: 0, si_in_serializable: 0 0 %, local: 0 %
I0312 09:53:05.479892 390451 Coordinator.h:126] commit: 6479 abort: 75441 (0/75441/0), network size: 0, avg network size: 0, si_in_serializable: 0 0 %, local: 0 %
I0312 09:53:06.480073 390451 Coordinator.h:126] commit: 6478 abort: 75442 (0/75442/0), network size: 0, avg network size: 0, si_in_serializable: 0 0 %, local: 0 %
I0312 09:53:07.480209 390451 Coordinator.h:126] commit: 6418 abort: 75502 (0/75502/0), network size: 0, avg network size: 0, si_in_serializable: 0 0 %, local: 0 %
I0312 09:53:08.480333 390451 Coordinator.h:126] commit: 6416 abort: 74913 (0/74913/0), network size: 0, avg network size: 0, si_in_serializable: 0 0 %, local: 0 %
I0312 09:53:09.480454 390451 Coordinator.h:126] commit: 6322 abort: 74141 (0/74141/0), network size: 0, avg network size: 0, si_in_serializable: 0 0 %, local: 0 %
I0312 09:53:10.480589 390451 Coordinator.h:126] commit: 6546 abort: 75374 (0/75374/0), network size: 0, avg network size: 0, si_in_serializable: 0 0 %, local: 0 %
I0312 09:53:11.480710 390451 Coordinator.h:126] commit: 6450 abort: 75470 (0/75470/0), network size: 0, avg network size: 0, si_in_serializable: 0 0 %, local: 0 %
I0312 09:53:12.480823 390451 Coordinator.h:126] commit: 6307 abort: 73565 (0/73565/0), network size: 0, avg network size: 0, si_in_serializable: 0 0 %, local: 0 %
I0312 09:53:13.481000 390451 Coordinator.h:126] commit: 6448 abort: 75472 (0/75472/0), network size: 0, avg network size: 0, si_in_serializable: 0 0 %, local: 0 %
I0312 09:53:14.481151 390451 Coordinator.h:126] commit: 6527 abort: 75393 (0/75393/0), network size: 0, avg network size: 0, si_in_serializable: 0 0 %, local: 0 %
I0312 09:53:15.481295 390451 Coordinator.h:126] commit: 6423 abort: 75497 (0/75497/0), network size: 0, avg network size: 0, si_in_serializable: 0 0 %, local: 0 %
I0312 09:53:16.481417 390451 Coordinator.h:126] commit: 6301 abort: 73571 (0/73571/0), network size: 0, avg network size: 0, si_in_serializable: 0 0 %, local: 0 %
I0312 09:53:17.481526 390451 Coordinator.h:126] commit: 6501 abort: 75419 (0/75419/0), network size: 0, avg network size: 0, si_in_serializable: 0 0 %, local: 0 %
I0312 09:53:18.481639 390451 Coordinator.h:126] commit: 6471 abort: 75449 (0/75449/0), network size: 0, avg network size: 0, si_in_serializable: 0 0 %, local: 0 %
I0312 09:53:19.481824 390451 Coordinator.h:126] commit: 6431 abort: 75489 (0/75489/0), network size: 0, avg network size: 0, si_in_serializable: 0 0 %, local: 0 %
I0312 09:53:20.481982 390451 Coordinator.h:126] commit: 6321 abort: 73551 (0/73551/0), network size: 0, avg network size: 0, si_in_serializable: 0 0 %, local: 0 %
I0312 09:53:21.482101 390451 Coordinator.h:126] commit: 6440 abort: 75480 (0/75480/0), network size: 0, avg network size: 0, si_in_serializable: 0 0 %, local: 0 %
I0312 09:53:22.482244 390451 Coordinator.h:126] commit: 6500 abort: 75420 (0/75420/0), network size: 0, avg network size: 0, si_in_serializable: 0 0 %, local: 0 %
I0312 09:53:23.482381 390451 Coordinator.h:126] commit: 6454 abort: 75466 (0/75466/0), network size: 0, avg network size: 0, si_in_serializable: 0 0 %, local: 0 %
I0312 09:53:23.482424 390451 Coordinator.h:152] average commit: 6429.6 abort: 74935.1 (0/74935.1/0), network size: 0, avg network size: 0, si_in_serializable: 0 0 %, local: 0 %
I0312 09:53:23.482470 390451 AriaExecutor.h:649] Worker 0 latency: 24512 us (50%) 24725 us (75%) 24891 us (95%) 25074 us (99%).
I0312 09:53:23.507332 390467 AriaExecutor.h:103] AriaExecutor 0 exits. 
I0312 09:53:23.507332 390473 AriaExecutor.h:103] AriaExecutor 6 exits. 
I0312 09:53:23.507344 390477 AriaExecutor.h:103] AriaExecutor 10 exits. 
I0312 09:53:23.507332 390472 AriaExecutor.h:103] AriaExecutor 5 exits. 
I0312 09:53:23.507351 390479 Manager.h:227] Manager(worker id = 12) on the coordinator node exits.
I0312 09:53:23.507332 390468 AriaExecutor.h:103] AriaExecutor 1 exits. 
I0312 09:53:23.507332 390469 AriaExecutor.h:103] AriaExecutor 2 exits. 
I0312 09:53:23.507344 390474 AriaExecutor.h:103] AriaExecutor 7 exits. 
I0312 09:53:23.507332 390470 AriaExecutor.h:103] AriaExecutor 3 exits. 
I0312 09:53:23.507344 390476 AriaExecutor.h:103] AriaExecutor 9 exits. 
I0312 09:53:23.507344 390478 AriaExecutor.h:103] AriaExecutor 11 exits. 
I0312 09:53:23.507344 390475 AriaExecutor.h:103] AriaExecutor 8 exits. 
I0312 09:53:23.507332 390471 AriaExecutor.h:103] AriaExecutor 4 exits. 
I0312 09:53:23.507666 390451 AriaExecutor.h:649] Worker 1 latency: 24516 us (50%) 24725 us (75%) 24892 us (95%) 25059 us (99%).
I0312 09:53:23.509887 390451 AriaExecutor.h:649] Worker 2 latency: 24512 us (50%) 24724 us (75%) 24892 us (95%) 25074 us (99%).
I0312 09:53:23.512120 390451 AriaExecutor.h:649] Worker 3 latency: 24507 us (50%) 24723 us (75%) 24887 us (95%) 25033 us (99%).
I0312 09:53:23.514377 390451 AriaExecutor.h:649] Worker 4 latency: 24504 us (50%) 24722 us (75%) 24888 us (95%) 25030 us (99%).
I0312 09:53:23.516673 390451 AriaExecutor.h:649] Worker 5 latency: 24503 us (50%) 24721 us (75%) 24888 us (95%) 25046 us (99%).
I0312 09:53:23.518901 390451 AriaExecutor.h:649] Worker 6 latency: 24499 us (50%) 24720 us (75%) 24890 us (95%) 25058 us (99%).
I0312 09:53:23.520467 390451 AriaExecutor.h:649] Worker 7 latency: 24503 us (50%) 24720 us (75%) 24888 us (95%) 25066 us (99%).
I0312 09:53:23.521843 390451 AriaExecutor.h:649] Worker 8 latency: 24508 us (50%) 24722 us (75%) 24891 us (95%) 25078 us (99%).
I0312 09:53:23.523201 390451 AriaExecutor.h:649] Worker 9 latency: 24498 us (50%) 24718 us (75%) 24892 us (95%) 25070 us (99%).
I0312 09:53:23.524583 390451 AriaExecutor.h:649] Worker 10 latency: 24508 us (50%) 24721 us (75%) 24886 us (95%) 25019 us (99%).
I0312 09:53:23.525933 390451 AriaExecutor.h:649] Worker 11 latency: 24499 us (50%) 24718 us (75%) 24888 us (95%) 25063 us (99%).
I0312 09:53:23.527297 390451 Coordinator.h:177] total commit: 6429.6
I0312 09:53:24.527522 390451 Coordinator.h:192] Coordinator exits.
