I0312 09:28:37.653210 354674 Database.h:65] ycsb initialization finished in 96 milliseconds.
I0312 09:28:37.653436 354674 Coordinator.h:30] Coordinator initializes 12 workers.
I0312 09:28:37.693492 354674 Coordinator.h:77] Coordinator starts to run 13 workers.
I0312 09:28:37.693588 354701 AriaExecutor.h:82] AriaExecutor 0 started. 
I0312 09:28:37.693615 354702 AriaExecutor.h:82] AriaExecutor 1 started. 
I0312 09:28:37.693696 354703 AriaExecutor.h:82] AriaExecutor 2 started. 
I0312 09:28:37.693823 354704 AriaExecutor.h:82] AriaExecutor 3 started. 
I0312 09:28:37.693920 354705 AriaExecutor.h:82] AriaExecutor 4 started. 
I0312 09:28:37.694031 354706 AriaExecutor.h:82] AriaExecutor 5 started. 
I0312 09:28:37.694131 354707 AriaExecutor.h:82] AriaExecutor 6 started. 
I0312 09:28:37.694257 354708 AriaExecutor.h:82] AriaExecutor 7 started. 
I0312 09:28:37.694373 354709 AriaExecutor.h:82] AriaExecutor 8 started. 
I0312 09:28:37.694486 354710 AriaExecutor.h:82] AriaExecutor 9 started. 
I0312 09:28:37.694594 354711 AriaExecutor.h:82] AriaExecutor 10 started. 
I0312 09:28:37.694707 354712 AriaExecutor.h:82] AriaExecutor 11 started. 
I0312 09:28:37.694816 354713 Manager.h:224] Manager(worker id = 12) on the coordinator node started.
I0312 09:28:38.694862 354674 Coordinator.h:126] commit: 34700 abort: 72820 (0/72820/0), network size: 0, avg network size: 0, si_in_serializable: 0 0 %, local: 0 %
I0312 09:28:39.695019 354674 Coordinator.h:126] commit: 34872 abort: 73672 (0/73672/0), network size: 0, avg network size: 0, si_in_serializable: 0 0 %, local: 0 %
I0312 09:28:40.695189 354674 Coordinator.h:126] commit: 35119 abort: 74449 (0/74449/0), network size: 0, avg network size: 0, si_in_serializable: 0 0 %, local: 0 %
I0312 09:28:41.695331 354674 Coordinator.h:126] commit: 35246 abort: 74322 (0/74322/0), network size: 0, avg network size: 0, si_in_serializable: 0 0 %, local: 0 %
I0312 09:28:42.695456 354674 Coordinator.h:126] commit: 34807 abort: 73737 (0/73737/0), network size: 0, avg network size: 0, si_in_serializable: 0 0 %, local: 0 %
I0312 09:28:43.695590 354674 Coordinator.h:126] commit: 34784 abort: 73760 (0/73760/0), network size: 0, avg network size: 0, si_in_serializable: 0 0 %, local: 0 %
I0312 09:28:44.695717 354674 Coordinator.h:126] commit: 34990 abort: 74578 (0/74578/0), network size: 0, avg network size: 0, si_in_serializable: 0 0 %, local: 0 %
I0312 09:28:45.695883 354674 Coordinator.h:126] commit: 35119 abort: 74449 (0/74449/0), network size: 0, avg network size: 0, si_in_serializable: 0 0 %, local: 0 %
I0312 09:28:46.696027 354674 Coordinator.h:126] commit: 35015 abort: 73529 (0/73529/0), network size: 0, avg network size: 0, si_in_serializable: 0 0 %, local: 0 %
I0312 09:28:47.696158 354674 Coordinator.h:126] commit: 35177 abort: 74391 (0/74391/0), network size: 0, avg network size: 0, si_in_serializable: 0 0 %, local: 0 %
I0312 09:28:48.696321 354674 Coordinator.h:126] commit: 35430 abort: 74138 (0/74138/0), network size: 0, avg network size: 0, si_in_serializable: 0 0 %, local: 0 %
I0312 09:28:49.696463 354674 Coordinator.h:126] commit: 34921 abort: 73623 (0/73623/0), network size: 0, avg network size: 0, si_in_serializable: 0 0 %, local: 0 %
I0312 09:28:50.696594 354674 Coordinator.h:126] commit: 34757 abort: 73787 (0/73787/0), network size: 0, avg network size: 0, si_in_serializable: 0 0 %, local: 0 %
I0312 09:28:51.696722 354674 Coordinator.h:126] commit: 35296 abort: 74272 (0/74272/0), network size: 0, avg network size: 0, si_in_serializable: 0 0 %, local: 0 %
I0312 09:28:52.696887 354674 Coordinator.h:126] commit: 35370 abort: 74198 (0/74198/0), network size: 0, avg network size: 0, si_in_serializable: 0 0 %, local: 0 %
I0312 09:28:53.697023 354674 Coordinator.h:126] commit: 35162 abort: 74406 (0/74406/0), network size: 0, avg network size: 0, si_in_serializable: 0 0 %, local: 0 %
I0312 09:28:54.697149 354674 Coordinator.h:126] commit: 34781 abort: 73763 (0/73763/0), network size: 0, avg network size: 0, si_in_serializable: 0 0 %, local: 0 %
I0312 09:28:55.697275 354674 Coordinator.h:126] commit: 35122 abort: 74446 (0/74446/0), network size: 0, avg network size: 0, si_in_serializable: 0 0 %, local: 0 %
I0312 09:28:56.697407 354674 Coordinator.h:126] commit: 34804 abort: 73740 (0/73740/0), network size: 0, avg network size: 0, si_in_serializable: 0 0 %, local: 0 %
I0312 09:28:57.697567 354674 Coordinator.h:126] commit: 34856 abort: 74712 (0/74712/0), network size: 0, avg network size: 0, si_in_serializable: 0 0 %, local: 0 %
I0312 09:28:58.697712 354674 Coordinator.h:126] commit: 34963 abort: 74605 (0/74605/0), network size: 0, avg network size: 0, si_in_serializable: 0 0 %, local: 0 %
I0312 09:28:59.697841 354674 Coordinator.h:126] commit: 35051 abort: 74517 (0/74517/0), network size: 0, avg network size: 0, si_in_serializable: 0 0 %, local: 0 %
I0312 09:29:00.697971 354674 Coordinator.h:126] commit: 34865 abort: 73679 (0/73679/0), network size: 0, avg network size: 0, si_in_serializable: 0 0 %, local: 0 %
I0312 09:29:01.698101 354674 Coordinator.h:126] commit: 34919 abort: 73625 (0/73625/0), network size: 0, avg network size: 0, si_in_serializable: 0 0 %, local: 0 %
I0312 09:29:02.698230 354674 Coordinator.h:126] commit: 35116 abort: 74452 (0/74452/0), network size: 0, avg network size: 0, si_in_serializable: 0 0 %, local: 0 %
I0312 09:29:02.698272 354674 Coordinator.h:152] average commit: 35049.9 abort: 74108.5 (0/74108.5/0), network size: 0, avg network size: 0, si_in_serializable: 0 0 %, local: 0 %
I0312 09:29:02.698285 354674 AriaExecutor.h:535] Worker 0 latency: 8289 us (50%) 8801 us (75%) 9131 us (95%) 9237 us (99%).
I0312 09:29:02.703985 354704 AriaExecutor.h:94] AriaExecutor 3 exits. 
I0312 09:29:02.703986 354709 AriaExecutor.h:94] AriaExecutor 8 exits. 
I0312 09:29:02.703986 354701 AriaExecutor.h:94] AriaExecutor 0 exits. 
I0312 09:29:02.703986 354705 AriaExecutor.h:94] AriaExecutor 4 exits. 
I0312 09:29:02.703986 354708 AriaExecutor.h:94] AriaExecutor 7 exits. 
I0312 09:29:02.703987 354707 AriaExecutor.h:94] AriaExecutor 6 exits. 
I0312 09:29:02.703986 354712 AriaExecutor.h:94] AriaExecutor 11 exits. 
I0312 09:29:02.703987 354710 AriaExecutor.h:94] AriaExecutor 9 exits. 
I0312 09:29:02.703986 354713 Manager.h:227] Manager(worker id = 12) on the coordinator node exits.
I0312 09:29:02.703989 354702 AriaExecutor.h:94] AriaExecutor 1 exits. 
I0312 09:29:02.703986 354703 AriaExecutor.h:94] AriaExecutor 2 exits. 
I0312 09:29:02.703986 354706 AriaExecutor.h:94] AriaExecutor 5 exits. 
I0312 09:29:02.703986 354711 AriaExecutor.h:94] AriaExecutor 10 exits. 
I0312 09:29:02.704219 354674 AriaExecutor.h:535] Worker 1 latency: 8304 us (50%) 8809 us (75%) 9133 us (95%) 9237 us (99%).
I0312 09:29:02.708390 354674 AriaExecutor.h:535] Worker 2 latency: 8302 us (50%) 8808 us (75%) 9132 us (95%) 9236 us (99%).
I0312 09:29:02.712446 354674 AriaExecutor.h:535] Worker 3 latency: 8307 us (50%) 8811 us (75%) 9133 us (95%) 9238 us (99%).
I0312 09:29:02.716461 354674 AriaExecutor.h:535] Worker 4 latency: 8299 us (50%) 8807 us (75%) 9130 us (95%) 9235 us (99%).
I0312 09:29:02.720517 354674 AriaExecutor.h:535] Worker 5 latency: 8297 us (50%) 8804 us (75%) 9130 us (95%) 9234 us (99%).
I0312 09:29:02.724547 354674 AriaExecutor.h:535] Worker 6 latency: 8298 us (50%) 8804 us (75%) 9129 us (95%) 9233 us (99%).
I0312 09:29:02.728569 354674 AriaExecutor.h:535] Worker 7 latency: 8304 us (50%) 8808 us (75%) 9130 us (95%) 9233 us (99%).
I0312 09:29:02.732614 354674 AriaExecutor.h:535] Worker 8 latency: 8299 us (50%) 8807 us (75%) 9130 us (95%) 9236 us (99%).
I0312 09:29:02.736603 354674 AriaExecutor.h:535] Worker 9 latency: 8299 us (50%) 8806 us (75%) 9129 us (95%) 9234 us (99%).
I0312 09:29:02.740568 354674 AriaExecutor.h:535] Worker 10 latency: 8315 us (50%) 8811 us (75%) 9130 us (95%) 9234 us (99%).
I0312 09:29:02.744529 354674 AriaExecutor.h:535] Worker 11 latency: 8302 us (50%) 8808 us (75%) 9129 us (95%) 9232 us (99%).
I0312 09:29:02.748499 354674 Coordinator.h:177] total commit: 35049.9
I0312 09:29:03.748695 354674 Coordinator.h:192] Coordinator exits.
