I0312 09:29:04.031106 354918 Database.h:65] ycsb initialization finished in 99 milliseconds.
I0312 09:29:04.031327 354918 Coordinator.h:30] Coordinator initializes 12 workers.
I0312 09:29:04.093448 354918 Coordinator.h:77] Coordinator starts to run 13 workers.
I0312 09:29:04.093560 354934 AriaExecutor.h:82] AriaExecutor 0 started. 
I0312 09:29:04.093590 354935 AriaExecutor.h:82] AriaExecutor 1 started. 
I0312 09:29:04.093673 354936 AriaExecutor.h:82] AriaExecutor 2 started. 
I0312 09:29:04.093735 354937 AriaExecutor.h:82] AriaExecutor 3 started. 
I0312 09:29:04.093775 354938 AriaExecutor.h:82] AriaExecutor 4 started. 
I0312 09:29:04.093899 354939 AriaExecutor.h:82] AriaExecutor 5 started. 
I0312 09:29:04.094010 354940 AriaExecutor.h:82] AriaExecutor 6 started. 
I0312 09:29:04.094105 354941 AriaExecutor.h:82] AriaExecutor 7 started. 
I0312 09:29:04.094202 354942 AriaExecutor.h:82] AriaExecutor 8 started. 
I0312 09:29:04.094313 354943 AriaExecutor.h:82] AriaExecutor 9 started. 
I0312 09:29:04.094416 354944 AriaExecutor.h:82] AriaExecutor 10 started. 
I0312 09:29:04.094521 354945 AriaExecutor.h:82] AriaExecutor 11 started. 
I0312 09:29:04.094623 354946 Manager.h:224] Manager(worker id = 12) on the coordinator node started.
I0312 09:29:05.094677 354918 Coordinator.h:126] commit: 17210 abort: 87238 (0/87238/0), network size: 0, avg network size: 0, si_in_serializable: 0 0 %, local: 0 %
I0312 09:29:06.094821 354918 Coordinator.h:126] commit: 17717 abort: 90827 (0/90827/0), network size: 0, avg network size: 0, si_in_serializable: 0 0 %, local: 0 %
I0312 09:29:07.094992 354918 Coordinator.h:126] commit: 17699 abort: 90845 (0/90845/0), network size: 0, avg network size: 0, si_in_serializable: 0 0 %, local: 0 %
I0312 09:29:08.095132 354918 Coordinator.h:126] commit: 18145 abort: 92447 (0/92447/0), network size: 0, avg network size: 0, si_in_serializable: 0 0 %, local: 0 %
I0312 09:29:09.095263 354918 Coordinator.h:126] commit: 17600 abort: 90944 (0/90944/0), network size: 0, avg network size: 0, si_in_serializable: 0 0 %, local: 0 %
I0312 09:29:10.095395 354918 Coordinator.h:126] commit: 17711 abort: 90833 (0/90833/0), network size: 0, avg network size: 0, si_in_serializable: 0 0 %, local: 0 %
I0312 09:29:11.095526 354918 Coordinator.h:126] commit: 17872 abort: 90672 (0/90672/0), network size: 0, avg network size: 0, si_in_serializable: 0 0 %, local: 0 %
I0312 09:29:12.095698 354918 Coordinator.h:126] commit: 18163 abort: 92429 (0/92429/0), network size: 0, avg network size: 0, si_in_serializable: 0 0 %, local: 0 %
I0312 09:29:13.095836 354918 Coordinator.h:126] commit: 17750 abort: 90794 (0/90794/0), network size: 0, avg network size: 0, si_in_serializable: 0 0 %, local: 0 %
I0312 09:29:14.095969 354918 Coordinator.h:126] commit: 18010 abort: 92582 (0/92582/0), network size: 0, avg network size: 0, si_in_serializable: 0 0 %, local: 0 %
I0312 09:29:15.096104 354918 Coordinator.h:126] commit: 17938 abort: 90606 (0/90606/0), network size: 0, avg network size: 0, si_in_serializable: 0 0 %, local: 0 %
I0312 09:29:16.096235 354918 Coordinator.h:126] commit: 17920 abort: 90624 (0/90624/0), network size: 0, avg network size: 0, si_in_serializable: 0 0 %, local: 0 %
I0312 09:29:17.096371 354918 Coordinator.h:126] commit: 17794 abort: 90750 (0/90750/0), network size: 0, avg network size: 0, si_in_serializable: 0 0 %, local: 0 %
I0312 09:29:18.096534 354918 Coordinator.h:126] commit: 17704 abort: 90840 (0/90840/0), network size: 0, avg network size: 0, si_in_serializable: 0 0 %, local: 0 %
I0312 09:29:19.096668 354918 Coordinator.h:126] commit: 18172 abort: 92420 (0/92420/0), network size: 0, avg network size: 0, si_in_serializable: 0 0 %, local: 0 %
I0312 09:29:20.096796 354918 Coordinator.h:126] commit: 17741 abort: 90803 (0/90803/0), network size: 0, avg network size: 0, si_in_serializable: 0 0 %, local: 0 %
I0312 09:29:21.096927 354918 Coordinator.h:126] commit: 17821 abort: 90723 (0/90723/0), network size: 0, avg network size: 0, si_in_serializable: 0 0 %, local: 0 %
I0312 09:29:22.097059 354918 Coordinator.h:126] commit: 17788 abort: 90756 (0/90756/0), network size: 0, avg network size: 0, si_in_serializable: 0 0 %, local: 0 %
I0312 09:29:23.097190 354918 Coordinator.h:126] commit: 18284 abort: 92308 (0/92308/0), network size: 0, avg network size: 0, si_in_serializable: 0 0 %, local: 0 %
I0312 09:29:24.097317 354918 Coordinator.h:126] commit: 17557 abort: 90987 (0/90987/0), network size: 0, avg network size: 0, si_in_serializable: 0 0 %, local: 0 %
I0312 09:29:25.097445 354918 Coordinator.h:126] commit: 17775 abort: 90769 (0/90769/0), network size: 0, avg network size: 0, si_in_serializable: 0 0 %, local: 0 %
I0312 09:29:26.097576 354918 Coordinator.h:126] commit: 17980 abort: 92612 (0/92612/0), network size: 0, avg network size: 0, si_in_serializable: 0 0 %, local: 0 %
I0312 09:29:27.097707 354918 Coordinator.h:126] commit: 17725 abort: 90819 (0/90819/0), network size: 0, avg network size: 0, si_in_serializable: 0 0 %, local: 0 %
I0312 09:29:28.097838 354918 Coordinator.h:126] commit: 17910 abort: 90634 (0/90634/0), network size: 0, avg network size: 0, si_in_serializable: 0 0 %, local: 0 %
I0312 09:29:29.097999 354918 Coordinator.h:126] commit: 18093 abort: 92499 (0/92499/0), network size: 0, avg network size: 0, si_in_serializable: 0 0 %, local: 0 %
I0312 09:29:29.098052 354918 Coordinator.h:152] average commit: 17871.9 abort: 91081.7 (0/91081.7/0), network size: 0, avg network size: 0, si_in_serializable: 0 0 %, local: 0 %
I0312 09:29:29.098064 354918 AriaExecutor.h:535] Worker 0 latency: 17610 us (50%) 18135 us (75%) 18477 us (95%) 18699 us (99%).
I0312 09:29:29.116554 354939 AriaExecutor.h:94] AriaExecutor 5 exits. 
I0312 09:29:29.116554 354944 AriaExecutor.h:94] AriaExecutor 10 exits. 
I0312 09:29:29.116554 354941 AriaExecutor.h:94] AriaExecutor 7 exits. 
I0312 09:29:29.116554 354942 AriaExecutor.h:94] AriaExecutor 8 exits. 
I0312 09:29:29.116554 354934 AriaExecutor.h:94] AriaExecutor 0 exits. 
I0312 09:29:29.116555 354946 Manager.h:227] Manager(worker id = 12) on the coordinator node exits.
I0312 09:29:29.116555 354937 AriaExecutor.h:94] AriaExecutor 3 exits. 
I0312 09:29:29.116554 354936 AriaExecutor.h:94] AriaExecutor 2 exits. 
I0312 09:29:29.116554 354943 AriaExecutor.h:94] AriaExecutor 9 exits. 
I0312 09:29:29.116554 354938 AriaExecutor.h:94] AriaExecutor 4 exits. 
I0312 09:29:29.116554 354945 AriaExecutor.h:94] AriaExecutor 11 exits. 
I0312 09:29:29.116555 354940 AriaExecutor.h:94] AriaExecutor 6 exits. 
I0312 09:29:29.116556 354935 AriaExecutor.h:94] AriaExecutor 1 exits. 
I0312 09:29:29.116760 354918 AriaExecutor.h:535] Worker 1 latency: 17618 us (50%) 18138 us (75%) 18473 us (95%) 18683 us (99%).
I0312 09:29:29.118762 354918 AriaExecutor.h:535] Worker 2 latency: 17618 us (50%) 18141 us (75%) 18475 us (95%) 18693 us (99%).
I0312 09:29:29.120860 354918 AriaExecutor.h:535] Worker 3 latency: 17620 us (50%) 18137 us (75%) 18473 us (95%) 18694 us (99%).
I0312 09:29:29.122870 354918 AriaExecutor.h:535] Worker 4 latency: 17617 us (50%) 18139 us (75%) 18474 us (95%) 18696 us (99%).
I0312 09:29:29.124959 354918 AriaExecutor.h:535] Worker 5 latency: 17610 us (50%) 18136 us (75%) 18477 us (95%) 18694 us (99%).
I0312 09:29:29.126940 354918 AriaExecutor.h:535] Worker 6 latency: 17613 us (50%) 18139 us (75%) 18476 us (95%) 18688 us (99%).
I0312 09:29:29.128962 354918 AriaExecutor.h:535] Worker 7 latency: 17615 us (50%) 18138 us (75%) 18473 us (95%) 18693 us (99%).
I0312 09:29:29.130926 354918 AriaExecutor.h:535] Worker 8 latency: 17615 us (50%) 18136 us (75%) 18472 us (95%) 18697 us (99%).
I0312 09:29:29.132917 354918 AriaExecutor.h:535] Worker 9 latency: 17612 us (50%) 18138 us (75%) 18472 us (95%) 18699 us (99%).
I0312 09:29:29.134845 354918 AriaExecutor.h:535] Worker 10 latency: 17627 us (50%) 18138 us (75%) 18471 us (95%) 18701 us (99%).
I0312 09:29:29.136793 354918 AriaExecutor.h:535] Worker 11 latency: 17616 us (50%) 18138 us (75%) 18475 us (95%) 18693 us (99%).
I0312 09:29:29.138742 354918 Coordinator.h:177] total commit: 17871.9
I0312 09:29:30.138942 354918 Coordinator.h:192] Coordinator exits.
