I0312 09:44:34.653998 379917 Database.h:65] ycsb initialization finished in 98 milliseconds.
I0312 09:44:34.654220 379917 Coordinator.h:30] Coordinator initializes 12 workers.
I0312 09:44:34.693312 379917 Coordinator.h:77] Coordinator starts to run 13 workers.
I0312 09:44:34.693400 379943 AriaExecutor.h:82] AriaExecutor 0 started. 
I0312 09:44:34.694257 379944 AriaExecutor.h:82] AriaExecutor 1 started. 
I0312 09:44:34.694350 379945 AriaExecutor.h:82] AriaExecutor 2 started. 
I0312 09:44:34.694602 379946 AriaExecutor.h:82] AriaExecutor 3 started. 
I0312 09:44:34.694759 379947 AriaExecutor.h:82] AriaExecutor 4 started. 
I0312 09:44:34.694955 379948 AriaExecutor.h:82] AriaExecutor 5 started. 
I0312 09:44:34.695142 379949 AriaExecutor.h:82] AriaExecutor 6 started. 
I0312 09:44:34.695303 379950 AriaExecutor.h:82] AriaExecutor 7 started. 
I0312 09:44:34.695456 379951 AriaExecutor.h:82] AriaExecutor 8 started. 
I0312 09:44:34.695601 379952 AriaExecutor.h:82] AriaExecutor 9 started. 
I0312 09:44:34.695753 379953 AriaExecutor.h:82] AriaExecutor 10 started. 
I0312 09:44:34.695932 379954 AriaExecutor.h:82] AriaExecutor 11 started. 
I0312 09:44:34.696079 379955 Manager.h:224] Manager(worker id = 12) on the coordinator node started.
I0312 09:44:35.696158 379917 Coordinator.h:126] commit: 746 abort: 121110 (0/121110/0), network size: 0, avg network size: 0, si_in_serializable: 0 0 %, local: 0 %
I0312 09:44:36.696348 379917 Coordinator.h:126] commit: 769 abort: 124159 (0/124159/0), network size: 0, avg network size: 0, si_in_serializable: 0 0 %, local: 0 %
I0312 09:44:37.696655 379917 Coordinator.h:126] commit: 827 abort: 125125 (0/125125/0), network size: 0, avg network size: 0, si_in_serializable: 0 0 %, local: 0 %
I0312 09:44:38.696867 379917 Coordinator.h:126] commit: 794 abort: 125158 (0/125158/0), network size: 0, avg network size: 0, si_in_serializable: 0 0 %, local: 0 %
I0312 09:44:39.697018 379917 Coordinator.h:126] commit: 765 abort: 126211 (0/126211/0), network size: 0, avg network size: 0, si_in_serializable: 0 0 %, local: 0 %
I0312 09:44:40.697193 379917 Coordinator.h:126] commit: 744 abort: 124184 (0/124184/0), network size: 0, avg network size: 0, si_in_serializable: 0 0 %, local: 0 %
I0312 09:44:41.697356 379917 Coordinator.h:126] commit: 818 abort: 125134 (0/125134/0), network size: 0, avg network size: 0, si_in_serializable: 0 0 %, local: 0 %
I0312 09:44:42.697575 379917 Coordinator.h:126] commit: 784 abort: 125168 (0/125168/0), network size: 0, avg network size: 0, si_in_serializable: 0 0 %, local: 0 %
I0312 09:44:43.697762 379917 Coordinator.h:126] commit: 788 abort: 125164 (0/125164/0), network size: 0, avg network size: 0, si_in_serializable: 0 0 %, local: 0 %
I0312 09:44:44.697929 379917 Coordinator.h:126] commit: 813 abort: 126163 (0/126163/0), network size: 0, avg network size: 0, si_in_serializable: 0 0 %, local: 0 %
I0312 09:44:45.698096 379917 Coordinator.h:126] commit: 786 abort: 125166 (0/125166/0), network size: 0, avg network size: 0, si_in_serializable: 0 0 %, local: 0 %
I0312 09:44:46.698262 379917 Coordinator.h:126] commit: 806 abort: 125146 (0/125146/0), network size: 0, avg network size: 0, si_in_serializable: 0 0 %, local: 0 %
I0312 09:44:47.698431 379917 Coordinator.h:126] commit: 802 abort: 125150 (0/125150/0), network size: 0, avg network size: 0, si_in_serializable: 0 0 %, local: 0 %
I0312 09:44:48.698662 379917 Coordinator.h:126] commit: 782 abort: 125170 (0/125170/0), network size: 0, avg network size: 0, si_in_serializable: 0 0 %, local: 0 %
I0312 09:44:49.698844 379917 Coordinator.h:126] commit: 793 abort: 125159 (0/125159/0), network size: 0, avg network size: 0, si_in_serializable: 0 0 %, local: 0 %
I0312 09:44:50.699008 379917 Coordinator.h:126] commit: 782 abort: 125170 (0/125170/0), network size: 0, avg network size: 0, si_in_serializable: 0 0 %, local: 0 %
I0312 09:44:51.699160 379917 Coordinator.h:126] commit: 790 abort: 125162 (0/125162/0), network size: 0, avg network size: 0, si_in_serializable: 0 0 %, local: 0 %
I0312 09:44:52.699312 379917 Coordinator.h:126] commit: 817 abort: 125135 (0/125135/0), network size: 0, avg network size: 0, si_in_serializable: 0 0 %, local: 0 %
I0312 09:44:53.699487 379917 Coordinator.h:126] commit: 726 abort: 125226 (0/125226/0), network size: 0, avg network size: 0, si_in_serializable: 0 0 %, local: 0 %
I0312 09:44:54.699651 379917 Coordinator.h:126] commit: 784 abort: 126192 (0/126192/0), network size: 0, avg network size: 0, si_in_serializable: 0 0 %, local: 0 %
I0312 09:44:55.699821 379917 Coordinator.h:126] commit: 793 abort: 125159 (0/125159/0), network size: 0, avg network size: 0, si_in_serializable: 0 0 %, local: 0 %
I0312 09:44:56.699980 379917 Coordinator.h:126] commit: 791 abort: 125161 (0/125161/0), network size: 0, avg network size: 0, si_in_serializable: 0 0 %, local: 0 %
I0312 09:44:57.700129 379917 Coordinator.h:126] commit: 767 abort: 125185 (0/125185/0), network size: 0, avg network size: 0, si_in_serializable: 0 0 %, local: 0 %
I0312 09:44:58.700371 379917 Coordinator.h:126] commit: 796 abort: 125156 (0/125156/0), network size: 0, avg network size: 0, si_in_serializable: 0 0 %, local: 0 %
I0312 09:44:59.700573 379917 Coordinator.h:126] commit: 783 abort: 125908 (0/125908/0), network size: 0, avg network size: 0, si_in_serializable: 0 0 %, local: 0 %
I0312 09:44:59.700646 379917 Coordinator.h:152] average commit: 786.8 abort: 125268 (0/125268/0), network size: 0, avg network size: 0, si_in_serializable: 0 0 %, local: 0 %
I0312 09:44:59.700692 379917 AriaExecutor.h:535] Worker 0 latency: 8089 us (50%) 8129 us (75%) 8210 us (95%) 8295 us (99%).
I0312 09:44:59.708802 379943 AriaExecutor.h:94] AriaExecutor 0 exits. 
I0312 09:44:59.708802 379945 AriaExecutor.h:94] AriaExecutor 2 exits. 
I0312 09:44:59.708813 379951 AriaExecutor.h:94] AriaExecutor 8 exits. 
I0312 09:44:59.708817 379954 AriaExecutor.h:94] AriaExecutor 11 exits. 
I0312 09:44:59.708817 379949 AriaExecutor.h:94] AriaExecutor 6 exits. 
I0312 09:44:59.708802 379944 AriaExecutor.h:94] AriaExecutor 1 exits. 
I0312 09:44:59.708818 379952 AriaExecutor.h:94] AriaExecutor 9 exits. 
I0312 09:44:59.708822 379955 Manager.h:227] Manager(worker id = 12) on the coordinator node exits.
I0312 09:44:59.708819 379953 AriaExecutor.h:94] AriaExecutor 10 exits. 
I0312 09:44:59.708819 379948 AriaExecutor.h:94] AriaExecutor 5 exits. 
I0312 09:44:59.708814 379950 AriaExecutor.h:94] AriaExecutor 7 exits. 
I0312 09:44:59.708817 379946 AriaExecutor.h:94] AriaExecutor 3 exits. 
I0312 09:44:59.708817 379947 AriaExecutor.h:94] AriaExecutor 4 exits. 
I0312 09:44:59.709075 379917 AriaExecutor.h:535] Worker 1 latency: 8085 us (50%) 8125 us (75%) 8208 us (95%) 8286 us (99%).
I0312 09:44:59.709489 379917 AriaExecutor.h:535] Worker 2 latency: 8082 us (50%) 8122 us (75%) 8197 us (95%) 8257 us (99%).
I0312 09:44:59.709803 379917 AriaExecutor.h:535] Worker 3 latency: 8078 us (50%) 8119 us (75%) 8195 us (95%) 8281 us (99%).
I0312 09:44:59.710049 379917 AriaExecutor.h:535] Worker 4 latency: 8065 us (50%) 8113 us (75%) 8191 us (95%) 8278 us (99%).
I0312 09:44:59.710332 379917 AriaExecutor.h:535] Worker 5 latency: 8061 us (50%) 8111 us (75%) 8192 us (95%) 8253 us (99%).
I0312 09:44:59.710554 379917 AriaExecutor.h:535] Worker 6 latency: 8050 us (50%) 8102 us (75%) 8181 us (95%) 8255 us (99%).
I0312 09:44:59.710752 379917 AriaExecutor.h:535] Worker 7 latency: 8052 us (50%) 8104 us (75%) 8189 us (95%) 8449 us (99%).
I0312 09:44:59.710937 379917 AriaExecutor.h:535] Worker 8 latency: 8046 us (50%) 8100 us (75%) 8181 us (95%) 8239 us (99%).
I0312 09:44:59.711118 379917 AriaExecutor.h:535] Worker 9 latency: 8036 us (50%) 8093 us (75%) 8180 us (95%) 8269 us (99%).
I0312 09:44:59.711275 379917 AriaExecutor.h:535] Worker 10 latency: 8037 us (50%) 8098 us (75%) 8180 us (95%) 8271 us (99%).
I0312 09:44:59.711448 379917 AriaExecutor.h:535] Worker 11 latency: 8034 us (50%) 8091 us (75%) 8166 us (95%) 8241 us (99%).
I0312 09:44:59.711615 379917 Coordinator.h:177] total commit: 786.8
I0312 09:45:00.711895 379917 Coordinator.h:192] Coordinator exits.
