I0312 10:10:16.905689 411168 Database.h:65] ycsb initialization finished in 99 milliseconds.
I0312 10:10:16.905903 411168 Coordinator.h:30] Coordinator initializes 12 workers.
I0312 10:10:16.967555 411168 Coordinator.h:77] Coordinator starts to run 13 workers.
I0312 10:10:16.967679 411184 AriaExecutor.h:91] AriaExecutor 0 started. 
I0312 10:10:16.967702 411185 AriaExecutor.h:91] AriaExecutor 1 started. 
I0312 10:10:16.967772 411186 AriaExecutor.h:91] AriaExecutor 2 started. 
I0312 10:10:16.967890 411187 AriaExecutor.h:91] AriaExecutor 3 started. 
I0312 10:10:16.968020 411188 AriaExecutor.h:91] AriaExecutor 4 started. 
I0312 10:10:16.968122 411189 AriaExecutor.h:91] AriaExecutor 5 started. 
I0312 10:10:16.968204 411190 AriaExecutor.h:91] AriaExecutor 6 started. 
I0312 10:10:16.968263 411191 AriaExecutor.h:91] AriaExecutor 7 started. 
I0312 10:10:16.968377 411192 AriaExecutor.h:91] AriaExecutor 8 started. 
I0312 10:10:16.968421 411193 AriaExecutor.h:91] AriaExecutor 9 started. 
I0312 10:10:16.968511 411194 AriaExecutor.h:91] AriaExecutor 10 started. 
I0312 10:10:16.968617 411195 AriaExecutor.h:91] AriaExecutor 11 started. 
I0312 10:10:16.968657 411196 Manager.h:224] Manager(worker id = 12) on the coordinator node started.
I0312 10:10:17.968706 411168 Coordinator.h:126] commit: 462912 abort: 38848 (0/38848/0), network size: 0, avg network size: 0, si_in_serializable: 0 0 %, local: 0 %
I0312 10:10:18.968858 411168 Coordinator.h:126] commit: 471088 abort: 38864 (0/38864/0), network size: 0, avg network size: 0, si_in_serializable: 0 0 %, local: 0 %
I0312 10:10:19.969017 411168 Coordinator.h:126] commit: 474862 abort: 39186 (0/39186/0), network size: 0, avg network size: 0, si_in_serializable: 0 0 %, local: 0 %
I0312 10:10:20.969151 411168 Coordinator.h:126] commit: 474621 abort: 39427 (0/39427/0), network size: 0, avg network size: 0, si_in_serializable: 0 0 %, local: 0 %
I0312 10:10:21.969271 411168 Coordinator.h:126] commit: 476284 abort: 39812 (0/39812/0), network size: 0, avg network size: 0, si_in_serializable: 0 0 %, local: 0 %
I0312 10:10:22.969394 411168 Coordinator.h:126] commit: 472795 abort: 39205 (0/39205/0), network size: 0, avg network size: 0, si_in_serializable: 0 0 %, local: 0 %
I0312 10:10:23.969516 411168 Coordinator.h:126] commit: 469298 abort: 38606 (0/38606/0), network size: 0, avg network size: 0, si_in_serializable: 0 0 %, local: 0 %
I0312 10:10:24.969679 411168 Coordinator.h:126] commit: 474507 abort: 39541 (0/39541/0), network size: 0, avg network size: 0, si_in_serializable: 0 0 %, local: 0 %
I0312 10:10:25.969813 411168 Coordinator.h:126] commit: 476703 abort: 39393 (0/39393/0), network size: 0, avg network size: 0, si_in_serializable: 0 0 %, local: 0 %
I0312 10:10:26.969934 411168 Coordinator.h:126] commit: 476651 abort: 39445 (0/39445/0), network size: 0, avg network size: 0, si_in_serializable: 0 0 %, local: 0 %
I0312 10:10:27.970053 411168 Coordinator.h:126] commit: 476559 abort: 39537 (0/39537/0), network size: 0, avg network size: 0, si_in_serializable: 0 0 %, local: 0 %
I0312 10:10:28.970176 411168 Coordinator.h:126] commit: 474616 abort: 39432 (0/39432/0), network size: 0, avg network size: 0, si_in_serializable: 0 0 %, local: 0 %
I0312 10:10:29.970299 411168 Coordinator.h:126] commit: 474784 abort: 39264 (0/39264/0), network size: 0, avg network size: 0, si_in_serializable: 0 0 %, local: 0 %
I0312 10:10:30.970454 411168 Coordinator.h:126] commit: 453652 abort: 37868 (0/37868/0), network size: 0, avg network size: 0, si_in_serializable: 0 0 %, local: 0 %
I0312 10:10:31.970587 411168 Coordinator.h:126] commit: 474738 abort: 39310 (0/39310/0), network size: 0, avg network size: 0, si_in_serializable: 0 0 %, local: 0 %
I0312 10:10:32.970708 411168 Coordinator.h:126] commit: 476714 abort: 39382 (0/39382/0), network size: 0, avg network size: 0, si_in_serializable: 0 0 %, local: 0 %
I0312 10:10:33.970830 411168 Coordinator.h:126] commit: 476678 abort: 39418 (0/39418/0), network size: 0, avg network size: 0, si_in_serializable: 0 0 %, local: 0 %
I0312 10:10:34.970954 411168 Coordinator.h:126] commit: 476239 abort: 39857 (0/39857/0), network size: 0, avg network size: 0, si_in_serializable: 0 0 %, local: 0 %
I0312 10:10:35.971076 411168 Coordinator.h:126] commit: 476684 abort: 39412 (0/39412/0), network size: 0, avg network size: 0, si_in_serializable: 0 0 %, local: 0 %
I0312 10:10:36.971200 411168 Coordinator.h:126] commit: 474615 abort: 39433 (0/39433/0), network size: 0, avg network size: 0, si_in_serializable: 0 0 %, local: 0 %
I0312 10:10:37.971321 411168 Coordinator.h:126] commit: 476462 abort: 39634 (0/39634/0), network size: 0, avg network size: 0, si_in_serializable: 0 0 %, local: 0 %
I0312 10:10:38.971439 411168 Coordinator.h:126] commit: 476697 abort: 39399 (0/39399/0), network size: 0, avg network size: 0, si_in_serializable: 0 0 %, local: 0 %
I0312 10:10:39.971555 411168 Coordinator.h:126] commit: 476908 abort: 39188 (0/39188/0), network size: 0, avg network size: 0, si_in_serializable: 0 0 %, local: 0 %
I0312 10:10:40.971676 411168 Coordinator.h:126] commit: 473226 abort: 38774 (0/38774/0), network size: 0, avg network size: 0, si_in_serializable: 0 0 %, local: 0 %
I0312 10:10:41.971798 411168 Coordinator.h:126] commit: 476892 abort: 39204 (0/39204/0), network size: 0, avg network size: 0, si_in_serializable: 0 0 %, local: 0 %
I0312 10:10:41.971839 411168 Coordinator.h:152] average commit: 473528 abort: 39291.3 (0/39291.3/0), network size: 0, avg network size: 0, si_in_serializable: 0 0 %, local: 0 %
I0312 10:10:41.976828 411195 AriaExecutor.h:103] AriaExecutor 11 exits. 
I0312 10:10:41.976828 411185 AriaExecutor.h:103] AriaExecutor 1 exits. 
I0312 10:10:41.976830 411189 AriaExecutor.h:103] AriaExecutor 5 exits. 
I0312 10:10:41.976831 411186 AriaExecutor.h:103] AriaExecutor 2 exits. 
I0312 10:10:41.976828 411190 AriaExecutor.h:103] AriaExecutor 6 exits. 
I0312 10:10:41.976828 411188 AriaExecutor.h:103] AriaExecutor 4 exits. 
I0312 10:10:41.976830 411187 AriaExecutor.h:103] AriaExecutor 3 exits. 
I0312 10:10:41.976830 411193 AriaExecutor.h:103] AriaExecutor 9 exits. 
I0312 10:10:41.976828 411196 Manager.h:227] Manager(worker id = 12) on the coordinator node exits.
I0312 10:10:41.976830 411194 AriaExecutor.h:103] AriaExecutor 10 exits. 
I0312 10:10:41.976830 411192 AriaExecutor.h:103] AriaExecutor 8 exits. 
I0312 10:10:41.976828 411184 AriaExecutor.h:103] AriaExecutor 0 exits. 
I0312 10:10:41.976828 411191 AriaExecutor.h:103] AriaExecutor 7 exits. 
I0312 10:10:41.971855 411168 AriaExecutor.h:649] Worker 0 latency: 2432 us (50%) 3189 us (75%) 3772 us (95%) 3891 us (99%).
I0312 10:10:42.022162 411168 AriaExecutor.h:649] Worker 1 latency: 2438 us (50%) 3191 us (75%) 3773 us (95%) 3891 us (99%).
I0312 10:10:42.070727 411168 AriaExecutor.h:649] Worker 2 latency: 2437 us (50%) 3191 us (75%) 3773 us (95%) 3891 us (99%).
I0312 10:10:42.119437 411168 AriaExecutor.h:649] Worker 3 latency: 2438 us (50%) 3191 us (75%) 3773 us (95%) 3890 us (99%).
I0312 10:10:42.168325 411168 AriaExecutor.h:649] Worker 4 latency: 2436 us (50%) 3190 us (75%) 3772 us (95%) 3891 us (99%).
I0312 10:10:42.217299 411168 AriaExecutor.h:649] Worker 5 latency: 2432 us (50%) 3188 us (75%) 3772 us (95%) 3890 us (99%).
I0312 10:10:42.265857 411168 AriaExecutor.h:649] Worker 6 latency: 2433 us (50%) 3189 us (75%) 3772 us (95%) 3890 us (99%).
I0312 10:10:42.315203 411168 AriaExecutor.h:649] Worker 7 latency: 2436 us (50%) 3190 us (75%) 3772 us (95%) 3891 us (99%).
I0312 10:10:42.363739 411168 AriaExecutor.h:649] Worker 8 latency: 2446 us (50%) 3195 us (75%) 3773 us (95%) 3891 us (99%).
I0312 10:10:42.412624 411168 AriaExecutor.h:649] Worker 9 latency: 2443 us (50%) 3193 us (75%) 3773 us (95%) 3890 us (99%).
I0312 10:10:42.460937 411168 AriaExecutor.h:649] Worker 10 latency: 2446 us (50%) 3195 us (75%) 3773 us (95%) 3891 us (99%).
I0312 10:10:42.509516 411168 AriaExecutor.h:649] Worker 11 latency: 2442 us (50%) 3193 us (75%) 3773 us (95%) 3891 us (99%).
I0312 10:10:42.557700 411168 Coordinator.h:177] total commit: 473528
I0312 10:10:43.557906 411168 Coordinator.h:192] Coordinator exits.
