I0312 09:40:09.046229 371818 Database.h:65] ycsb initialization finished in 99 milliseconds.
I0312 09:40:09.046461 371818 Coordinator.h:30] Coordinator initializes 12 workers.
I0312 09:40:09.154261 371818 Coordinator.h:77] Coordinator starts to run 13 workers.
I0312 09:40:09.154351 371834 AriaExecutor.h:82] AriaExecutor 0 started. 
I0312 09:40:09.154400 371835 AriaExecutor.h:82] AriaExecutor 1 started. 
I0312 09:40:09.154548 371837 AriaExecutor.h:82] AriaExecutor 3 started. 
I0312 09:40:09.154619 371838 AriaExecutor.h:82] AriaExecutor 4 started. 
I0312 09:40:09.154660 371836 AriaExecutor.h:82] AriaExecutor 2 started. 
I0312 09:40:09.154695 371839 AriaExecutor.h:82] AriaExecutor 5 started. 
I0312 09:40:09.154942 371840 AriaExecutor.h:82] AriaExecutor 6 started. 
I0312 09:40:09.155119 371841 AriaExecutor.h:82] AriaExecutor 7 started. 
I0312 09:40:09.155289 371842 AriaExecutor.h:82] AriaExecutor 8 started. 
I0312 09:40:09.155465 371843 AriaExecutor.h:82] AriaExecutor 9 started. 
I0312 09:40:09.155649 371844 AriaExecutor.h:82] AriaExecutor 10 started. 
I0312 09:40:09.155828 371845 AriaExecutor.h:82] AriaExecutor 11 started. 
I0312 09:40:09.156009 371846 Manager.h:224] Manager(worker id = 12) on the coordinator node started.
I0312 09:40:10.156059 371818 Coordinator.h:126] commit: 1850 abort: 108742 (0/108742/0), network size: 0, avg network size: 0, si_in_serializable: 0 0 %, local: 0 %
I0312 09:40:11.156263 371818 Coordinator.h:126] commit: 1991 abort: 116793 (0/116793/0), network size: 0, avg network size: 0, si_in_serializable: 0 0 %, local: 0 %
I0312 09:40:12.156570 371818 Coordinator.h:126] commit: 1899 abort: 112789 (0/112789/0), network size: 0, avg network size: 0, si_in_serializable: 0 0 %, local: 0 %
I0312 09:40:13.156761 371818 Coordinator.h:126] commit: 2002 abort: 116782 (0/116782/0), network size: 0, avg network size: 0, si_in_serializable: 0 0 %, local: 0 %
I0312 09:40:14.156909 371818 Coordinator.h:126] commit: 1987 abort: 116797 (0/116797/0), network size: 0, avg network size: 0, si_in_serializable: 0 0 %, local: 0 %
I0312 09:40:15.157050 371818 Coordinator.h:126] commit: 1860 abort: 112828 (0/112828/0), network size: 0, avg network size: 0, si_in_serializable: 0 0 %, local: 0 %
I0312 09:40:16.157203 371818 Coordinator.h:126] commit: 2023 abort: 116761 (0/116761/0), network size: 0, avg network size: 0, si_in_serializable: 0 0 %, local: 0 %
I0312 09:40:17.157434 371818 Coordinator.h:126] commit: 1985 abort: 116799 (0/116799/0), network size: 0, avg network size: 0, si_in_serializable: 0 0 %, local: 0 %
I0312 09:40:18.157661 371818 Coordinator.h:126] commit: 2010 abort: 116774 (0/116774/0), network size: 0, avg network size: 0, si_in_serializable: 0 0 %, local: 0 %
I0312 09:40:19.157825 371818 Coordinator.h:126] commit: 1894 abort: 112794 (0/112794/0), network size: 0, avg network size: 0, si_in_serializable: 0 0 %, local: 0 %
I0312 09:40:20.157997 371818 Coordinator.h:126] commit: 1967 abort: 116817 (0/116817/0), network size: 0, avg network size: 0, si_in_serializable: 0 0 %, local: 0 %
I0312 09:40:21.158169 371818 Coordinator.h:126] commit: 1950 abort: 116834 (0/116834/0), network size: 0, avg network size: 0, si_in_serializable: 0 0 %, local: 0 %
I0312 09:40:22.158327 371818 Coordinator.h:126] commit: 1931 abort: 112757 (0/112757/0), network size: 0, avg network size: 0, si_in_serializable: 0 0 %, local: 0 %
I0312 09:40:23.158490 371818 Coordinator.h:126] commit: 1999 abort: 116785 (0/116785/0), network size: 0, avg network size: 0, si_in_serializable: 0 0 %, local: 0 %
I0312 09:40:24.158668 371818 Coordinator.h:126] commit: 1980 abort: 116804 (0/116804/0), network size: 0, avg network size: 0, si_in_serializable: 0 0 %, local: 0 %
I0312 09:40:25.158849 371818 Coordinator.h:126] commit: 1888 abort: 112800 (0/112800/0), network size: 0, avg network size: 0, si_in_serializable: 0 0 %, local: 0 %
I0312 09:40:26.159014 371818 Coordinator.h:126] commit: 2032 abort: 116752 (0/116752/0), network size: 0, avg network size: 0, si_in_serializable: 0 0 %, local: 0 %
I0312 09:40:27.159231 371818 Coordinator.h:126] commit: 2024 abort: 116760 (0/116760/0), network size: 0, avg network size: 0, si_in_serializable: 0 0 %, local: 0 %
I0312 09:40:28.159412 371818 Coordinator.h:126] commit: 1911 abort: 116873 (0/116873/0), network size: 0, avg network size: 0, si_in_serializable: 0 0 %, local: 0 %
I0312 09:40:29.159564 371818 Coordinator.h:126] commit: 1905 abort: 112783 (0/112783/0), network size: 0, avg network size: 0, si_in_serializable: 0 0 %, local: 0 %
I0312 09:40:30.159706 371818 Coordinator.h:126] commit: 1996 abort: 116788 (0/116788/0), network size: 0, avg network size: 0, si_in_serializable: 0 0 %, local: 0 %
I0312 09:40:31.159858 371818 Coordinator.h:126] commit: 1916 abort: 112772 (0/112772/0), network size: 0, avg network size: 0, si_in_serializable: 0 0 %, local: 0 %
I0312 09:40:32.160006 371818 Coordinator.h:126] commit: 1929 abort: 116855 (0/116855/0), network size: 0, avg network size: 0, si_in_serializable: 0 0 %, local: 0 %
I0312 09:40:33.160171 371818 Coordinator.h:126] commit: 2034 abort: 116750 (0/116750/0), network size: 0, avg network size: 0, si_in_serializable: 0 0 %, local: 0 %
I0312 09:40:34.160349 371818 Coordinator.h:126] commit: 2055 abort: 116729 (0/116729/0), network size: 0, avg network size: 0, si_in_serializable: 0 0 %, local: 0 %
I0312 09:40:34.160413 371818 Coordinator.h:152] average commit: 1958.7 abort: 115596 (0/115596/0), network size: 0, avg network size: 0, si_in_serializable: 0 0 %, local: 0 %
I0312 09:40:34.160458 371818 AriaExecutor.h:535] Worker 0 latency: 34540 us (50%) 34689 us (75%) 34943 us (95%) 35529 us (99%).
I0312 09:40:34.194363 371834 AriaExecutor.h:94] AriaExecutor 0 exits. 
I0312 09:40:34.194363 371838 AriaExecutor.h:94] AriaExecutor 4 exits. 
I0312 09:40:34.194376 371845 AriaExecutor.h:94] AriaExecutor 11 exits. 
I0312 09:40:34.194363 371837 AriaExecutor.h:94] AriaExecutor 3 exits. 
I0312 09:40:34.194376 371840 AriaExecutor.h:94] AriaExecutor 6 exits. 
I0312 09:40:34.194377 371841 AriaExecutor.h:94] AriaExecutor 7 exits. 
I0312 09:40:34.194377 371842 AriaExecutor.h:94] AriaExecutor 8 exits. 
I0312 09:40:34.194378 371844 AriaExecutor.h:94] AriaExecutor 10 exits. 
I0312 09:40:34.194363 371839 AriaExecutor.h:94] AriaExecutor 5 exits. 
I0312 09:40:34.194363 371835 AriaExecutor.h:94] AriaExecutor 1 exits. 
I0312 09:40:34.194363 371836 AriaExecutor.h:94] AriaExecutor 2 exits. 
I0312 09:40:34.194378 371843 AriaExecutor.h:94] AriaExecutor 9 exits. 
I0312 09:40:34.194386 371846 Manager.h:227] Manager(worker id = 12) on the coordinator node exits.
I0312 09:40:34.194664 371818 AriaExecutor.h:535] Worker 1 latency: 34525 us (50%) 34684 us (75%) 34951 us (95%) 35499 us (99%).
I0312 09:40:34.195331 371818 AriaExecutor.h:535] Worker 2 latency: 34531 us (50%) 34688 us (75%) 34948 us (95%) 35522 us (99%).
I0312 09:40:34.195942 371818 AriaExecutor.h:535] Worker 3 latency: 34537 us (50%) 34688 us (75%) 34959 us (95%) 35618 us (99%).
I0312 09:40:34.196550 371818 AriaExecutor.h:535] Worker 4 latency: 34527 us (50%) 34685 us (75%) 34931 us (95%) 35427 us (99%).
I0312 09:40:34.197214 371818 AriaExecutor.h:535] Worker 5 latency: 34531 us (50%) 34689 us (75%) 34959 us (95%) 35453 us (99%).
I0312 09:40:34.197844 371818 AriaExecutor.h:535] Worker 6 latency: 34519 us (50%) 34680 us (75%) 34947 us (95%) 35443 us (99%).
I0312 09:40:34.198448 371818 AriaExecutor.h:535] Worker 7 latency: 34517 us (50%) 34679 us (75%) 34944 us (95%) 35588 us (99%).
I0312 09:40:34.199047 371818 AriaExecutor.h:535] Worker 8 latency: 34519 us (50%) 34677 us (75%) 34930 us (95%) 35793 us (99%).
I0312 09:40:34.199716 371818 AriaExecutor.h:535] Worker 9 latency: 34521 us (50%) 34681 us (75%) 34962 us (95%) 36110 us (99%).
I0312 09:40:34.200325 371818 AriaExecutor.h:535] Worker 10 latency: 34516 us (50%) 34676 us (75%) 34936 us (95%) 35495 us (99%).
I0312 09:40:34.200927 371818 AriaExecutor.h:535] Worker 11 latency: 34510 us (50%) 34677 us (75%) 34929 us (95%) 35383 us (99%).
I0312 09:40:34.201515 371818 Coordinator.h:177] total commit: 1958.7
I0312 09:40:35.201756 371818 Coordinator.h:192] Coordinator exits.
