I0312 10:49:21.359467 460170 Database.h:65] ycsb initialization finished in 155 milliseconds.
I0312 10:49:21.359855 460170 Coordinator.h:30] Coordinator initializes 12 workers.
I0312 10:49:21.419076 460170 Coordinator.h:77] Coordinator starts to run 13 workers.
I0312 10:49:21.419219 460194 AriaExecutor.h:82] AriaExecutor 0 started. 
I0312 10:49:21.419317 460195 AriaExecutor.h:82] AriaExecutor 1 started. 
I0312 10:49:21.419495 460196 AriaExecutor.h:82] AriaExecutor 2 started. 
I0312 10:49:21.419669 460197 AriaExecutor.h:82] AriaExecutor 3 started. 
I0312 10:49:21.419827 460198 AriaExecutor.h:82] AriaExecutor 4 started. 
I0312 10:49:21.419999 460199 AriaExecutor.h:82] AriaExecutor 5 started. 
I0312 10:49:21.420173 460200 AriaExecutor.h:82] AriaExecutor 6 started. 
I0312 10:49:21.420370 460201 AriaExecutor.h:82] AriaExecutor 7 started. 
I0312 10:49:21.420521 460202 AriaExecutor.h:82] AriaExecutor 8 started. 
I0312 10:49:21.420696 460203 AriaExecutor.h:82] AriaExecutor 9 started. 
I0312 10:49:21.420864 460204 AriaExecutor.h:82] AriaExecutor 10 started. 
I0312 10:49:21.420997 460205 AriaExecutor.h:82] AriaExecutor 11 started. 
I0312 10:49:21.421095 460206 Manager.h:224] Manager(worker id = 12) on the coordinator node started.
I0312 10:49:22.421162 460170 Coordinator.h:126] commit: 192 abort: 75584 (0/75584/0), network size: 0, avg network size: 0, si_in_serializable: 0 0 %, local: 0 %
I0312 10:49:23.421299 460170 Coordinator.h:126] commit: 301 abort: 75475 (0/75475/0), network size: 0, avg network size: 0, si_in_serializable: 0 0 %, local: 0 %
I0312 10:49:24.421453 460170 Coordinator.h:126] commit: 380 abort: 77444 (0/77444/0), network size: 0, avg network size: 0, si_in_serializable: 0 0 %, local: 0 %
I0312 10:49:25.421588 460170 Coordinator.h:126] commit: 387 abort: 79485 (0/79485/0), network size: 0, avg network size: 0, si_in_serializable: 0 0 %, local: 0 %
I0312 10:49:26.421703 460170 Coordinator.h:126] commit: 432 abort: 77392 (0/77392/0), network size: 0, avg network size: 0, si_in_serializable: 0 0 %, local: 0 %
I0312 10:49:27.421824 460170 Coordinator.h:126] commit: 442 abort: 73286 (0/73286/0), network size: 0, avg network size: 0, si_in_serializable: 0 0 %, local: 0 %
I0312 10:49:28.421949 460170 Coordinator.h:126] commit: 433 abort: 75343 (0/75343/0), network size: 0, avg network size: 0, si_in_serializable: 0 0 %, local: 0 %
I0312 10:49:29.422103 460170 Coordinator.h:126] commit: 485 abort: 75291 (0/75291/0), network size: 0, avg network size: 0, si_in_serializable: 0 0 %, local: 0 %
I0312 10:49:30.422231 460170 Coordinator.h:126] commit: 511 abort: 73217 (0/73217/0), network size: 0, avg network size: 0, si_in_serializable: 0 0 %, local: 0 %
I0312 10:49:31.422348 460170 Coordinator.h:126] commit: 584 abort: 75192 (0/75192/0), network size: 0, avg network size: 0, si_in_serializable: 0 0 %, local: 0 %
I0312 10:49:32.422470 460170 Coordinator.h:126] commit: 465 abort: 69167 (0/69167/0), network size: 0, avg network size: 0, si_in_serializable: 0 0 %, local: 0 %
I0312 10:49:33.422597 460170 Coordinator.h:126] commit: 526 abort: 71154 (0/71154/0), network size: 0, avg network size: 0, si_in_serializable: 0 0 %, local: 0 %
I0312 10:49:34.422721 460170 Coordinator.h:126] commit: 528 abort: 71152 (0/71152/0), network size: 0, avg network size: 0, si_in_serializable: 0 0 %, local: 0 %
I0312 10:49:35.422869 460170 Coordinator.h:126] commit: 517 abort: 69115 (0/69115/0), network size: 0, avg network size: 0, si_in_serializable: 0 0 %, local: 0 %
I0312 10:49:36.422997 460170 Coordinator.h:126] commit: 580 abort: 71100 (0/71100/0), network size: 0, avg network size: 0, si_in_serializable: 0 0 %, local: 0 %
I0312 10:49:37.423116 460170 Coordinator.h:126] commit: 571 abort: 71109 (0/71109/0), network size: 0, avg network size: 0, si_in_serializable: 0 0 %, local: 0 %
I0312 10:49:38.423239 460170 Coordinator.h:126] commit: 623 abort: 72934 (0/72934/0), network size: 0, avg network size: 0, si_in_serializable: 0 0 %, local: 0 %
I0312 10:49:39.423362 460170 Coordinator.h:126] commit: 579 abort: 69224 (0/69224/0), network size: 0, avg network size: 0, si_in_serializable: 0 0 %, local: 0 %
I0312 10:49:40.423478 460170 Coordinator.h:126] commit: 654 abort: 71026 (0/71026/0), network size: 0, avg network size: 0, si_in_serializable: 0 0 %, local: 0 %
I0312 10:49:41.423604 460170 Coordinator.h:126] commit: 775 abort: 68857 (0/68857/0), network size: 0, avg network size: 0, si_in_serializable: 0 0 %, local: 0 %
I0312 10:49:42.423728 460170 Coordinator.h:126] commit: 900 abort: 68732 (0/68732/0), network size: 0, avg network size: 0, si_in_serializable: 0 0 %, local: 0 %
I0312 10:49:43.423847 460170 Coordinator.h:126] commit: 975 abort: 68657 (0/68657/0), network size: 0, avg network size: 0, si_in_serializable: 0 0 %, local: 0 %
I0312 10:49:44.423975 460170 Coordinator.h:126] commit: 1084 abort: 68548 (0/68548/0), network size: 0, avg network size: 0, si_in_serializable: 0 0 %, local: 0 %
I0312 10:49:45.424095 460170 Coordinator.h:126] commit: 1183 abort: 70497 (0/70497/0), network size: 0, avg network size: 0, si_in_serializable: 0 0 %, local: 0 %
I0312 10:49:46.424218 460170 Coordinator.h:126] commit: 1132 abort: 70548 (0/70548/0), network size: 0, avg network size: 0, si_in_serializable: 0 0 %, local: 0 %
I0312 10:49:46.424273 460170 Coordinator.h:152] average commit: 581.8 abort: 70483.8 (0/70483.8/0), network size: 0, avg network size: 0, si_in_serializable: 0 0 %, local: 0 %
I0312 10:49:46.424288 460170 AriaExecutor.h:535] Worker 0 latency: 2672103 us (50%) 7143676 us (75%) 19353344 us (95%) 21873743 us (99%).
I0312 10:49:46.445755 460201 AriaExecutor.h:94] AriaExecutor 7 exits. 
I0312 10:49:46.445755 460198 AriaExecutor.h:94] AriaExecutor 4 exits. 
I0312 10:49:46.445755 460203 AriaExecutor.h:94] AriaExecutor 9 exits. 
I0312 10:49:46.445755 460204 AriaExecutor.h:94] AriaExecutor 10 exits. 
I0312 10:49:46.445755 460206 Manager.h:227] Manager(worker id = 12) on the coordinator node exits.
I0312 10:49:46.445755 460202 AriaExecutor.h:94] AriaExecutor 8 exits. 
I0312 10:49:46.445757 460196 AriaExecutor.h:94] AriaExecutor 2 exits. 
I0312 10:49:46.445758 460197 AriaExecutor.h:94] AriaExecutor 3 exits. 
I0312 10:49:46.445760 460205 AriaExecutor.h:94] AriaExecutor 11 exits. 
I0312 10:49:46.445760 460194 AriaExecutor.h:94] AriaExecutor 0 exits. 
I0312 10:49:46.445758 460195 AriaExecutor.h:94] AriaExecutor 1 exits. 
I0312 10:49:46.445760 460200 AriaExecutor.h:94] AriaExecutor 6 exits. 
I0312 10:49:46.445758 460199 AriaExecutor.h:94] AriaExecutor 5 exits. 
I0312 10:49:46.446094 460170 AriaExecutor.h:535] Worker 1 latency: 2324667 us (50%) 3963934 us (75%) 18120207 us (95%) 21547860 us (99%).
I0312 10:49:46.446166 460170 AriaExecutor.h:535] Worker 2 latency: 2253365 us (50%) 3288081 us (75%) 17025424 us (95%) 21054580 us (99%).
I0312 10:49:46.446219 460170 AriaExecutor.h:535] Worker 3 latency: 2119816 us (50%) 2807762 us (75%) 14088897 us (95%) 21141422 us (99%).
I0312 10:49:46.446269 460170 AriaExecutor.h:535] Worker 4 latency: 2089029 us (50%) 2945293 us (75%) 9203863 us (95%) 19353372 us (99%).
I0312 10:49:46.446365 460170 AriaExecutor.h:535] Worker 5 latency: 2049710 us (50%) 2706404 us (75%) 4212055 us (95%) 19404315 us (99%).
I0312 10:49:46.446444 460170 AriaExecutor.h:535] Worker 6 latency: 2069816 us (50%) 2745805 us (75%) 4359807 us (95%) 16817016 us (99%).
I0312 10:49:46.446519 460170 AriaExecutor.h:535] Worker 7 latency: 2122133 us (50%) 2917970 us (75%) 4315412 us (95%) 15417797 us (99%).
I0312 10:49:46.446600 460170 AriaExecutor.h:535] Worker 8 latency: 2155031 us (50%) 2913904 us (75%) 4373824 us (95%) 15988360 us (99%).
I0312 10:49:46.446666 460170 AriaExecutor.h:535] Worker 9 latency: 2096545 us (50%) 2832110 us (75%) 4055334 us (95%) 11546112 us (99%).
I0312 10:49:46.446736 460170 AriaExecutor.h:535] Worker 10 latency: 2107005 us (50%) 2830909 us (75%) 4120072 us (95%) 15676424 us (99%).
I0312 10:49:46.446802 460170 AriaExecutor.h:535] Worker 11 latency: 2044755 us (50%) 2712647 us (75%) 3929002 us (95%) 8954986 us (99%).
I0312 10:49:46.446885 460170 Coordinator.h:177] total commit: 581.8
I0312 10:49:47.447096 460170 Coordinator.h:192] Coordinator exits.
