I0312 11:03:56.356760 478432 Database.h:65] ycsb initialization finished in 99 milliseconds.
I0312 11:03:56.357004 478432 Coordinator.h:30] Coordinator initializes 12 workers.
I0312 11:03:56.393492 478432 Coordinator.h:77] Coordinator starts to run 13 workers.
I0312 11:03:56.393571 478448 AriaExecutor.h:91] AriaExecutor 0 started. 
I0312 11:03:56.393602 478449 AriaExecutor.h:91] AriaExecutor 1 started. 
I0312 11:03:56.393821 478450 AriaExecutor.h:91] AriaExecutor 2 started. 
I0312 11:03:56.394014 478451 AriaExecutor.h:91] AriaExecutor 3 started. 
I0312 11:03:56.394174 478452 AriaExecutor.h:91] AriaExecutor 4 started. 
I0312 11:03:56.394344 478453 AriaExecutor.h:91] AriaExecutor 5 started. 
I0312 11:03:56.394495 478454 AriaExecutor.h:91] AriaExecutor 6 started. 
I0312 11:03:56.394662 478455 AriaExecutor.h:91] AriaExecutor 7 started. 
I0312 11:03:56.394819 478456 AriaExecutor.h:91] AriaExecutor 8 started. 
I0312 11:03:56.394977 478457 AriaExecutor.h:91] AriaExecutor 9 started. 
I0312 11:03:56.395126 478458 AriaExecutor.h:91] AriaExecutor 10 started. 
I0312 11:03:56.395282 478459 AriaExecutor.h:91] AriaExecutor 11 started. 
I0312 11:03:56.395437 478460 Manager.h:224] Manager(worker id = 12) on the coordinator node started.
I0312 11:03:57.395530 478432 Coordinator.h:126] commit: 482858 abort: 2371 (0/2371/0), network size: 0, avg network size: 0, si_in_serializable: 0 0 %, local: 0 %
I0312 11:03:58.395717 478432 Coordinator.h:126] commit: 491249 abort: 2465 (0/2465/0), network size: 0, avg network size: 0, si_in_serializable: 0 0 %, local: 0 %
I0312 11:03:59.396024 478432 Coordinator.h:126] commit: 496214 abort: 2474 (0/2474/0), network size: 0, avg network size: 0, si_in_serializable: 0 0 %, local: 0 %
I0312 11:04:00.396199 478432 Coordinator.h:126] commit: 495275 abort: 2389 (0/2389/0), network size: 0, avg network size: 0, si_in_serializable: 0 0 %, local: 0 %
I0312 11:04:01.396337 478432 Coordinator.h:126] commit: 495310 abort: 2354 (0/2354/0), network size: 0, avg network size: 0, si_in_serializable: 0 0 %, local: 0 %
I0312 11:04:02.396476 478432 Coordinator.h:126] commit: 489057 abort: 2463 (0/2463/0), network size: 0, avg network size: 0, si_in_serializable: 0 0 %, local: 0 %
I0312 11:04:03.396634 478432 Coordinator.h:126] commit: 489063 abort: 2457 (0/2457/0), network size: 0, avg network size: 0, si_in_serializable: 0 0 %, local: 0 %
I0312 11:04:04.396849 478432 Coordinator.h:126] commit: 494236 abort: 2404 (0/2404/0), network size: 0, avg network size: 0, si_in_serializable: 0 0 %, local: 0 %
I0312 11:04:05.397007 478432 Coordinator.h:126] commit: 495243 abort: 2421 (0/2421/0), network size: 0, avg network size: 0, si_in_serializable: 0 0 %, local: 0 %
I0312 11:04:06.397145 478432 Coordinator.h:126] commit: 494198 abort: 2442 (0/2442/0), network size: 0, avg network size: 0, si_in_serializable: 0 0 %, local: 0 %
I0312 11:04:07.397282 478432 Coordinator.h:126] commit: 494032 abort: 2608 (0/2608/0), network size: 0, avg network size: 0, si_in_serializable: 0 0 %, local: 0 %
I0312 11:04:08.397416 478432 Coordinator.h:126] commit: 494249 abort: 2391 (0/2391/0), network size: 0, avg network size: 0, si_in_serializable: 0 0 %, local: 0 %
I0312 11:04:09.397557 478432 Coordinator.h:126] commit: 473894 abort: 2266 (0/2266/0), network size: 0, avg network size: 0, si_in_serializable: 0 0 %, local: 0 %
I0312 11:04:10.397701 478432 Coordinator.h:126] commit: 492226 abort: 2366 (0/2366/0), network size: 0, avg network size: 0, si_in_serializable: 0 0 %, local: 0 %
I0312 11:04:11.397845 478432 Coordinator.h:126] commit: 490220 abort: 2324 (0/2324/0), network size: 0, avg network size: 0, si_in_serializable: 0 0 %, local: 0 %
I0312 11:04:12.397997 478432 Coordinator.h:126] commit: 493207 abort: 2409 (0/2409/0), network size: 0, avg network size: 0, si_in_serializable: 0 0 %, local: 0 %
I0312 11:04:13.398203 478432 Coordinator.h:126] commit: 490127 abort: 2417 (0/2417/0), network size: 0, avg network size: 0, si_in_serializable: 0 0 %, local: 0 %
I0312 11:04:14.398362 478432 Coordinator.h:126] commit: 492207 abort: 2385 (0/2385/0), network size: 0, avg network size: 0, si_in_serializable: 0 0 %, local: 0 %
I0312 11:04:15.398496 478432 Coordinator.h:126] commit: 492182 abort: 2410 (0/2410/0), network size: 0, avg network size: 0, si_in_serializable: 0 0 %, local: 0 %
I0312 11:04:16.398615 478432 Coordinator.h:126] commit: 491152 abort: 2416 (0/2416/0), network size: 0, avg network size: 0, si_in_serializable: 0 0 %, local: 0 %
I0312 11:04:17.398732 478432 Coordinator.h:126] commit: 491178 abort: 2390 (0/2390/0), network size: 0, avg network size: 0, si_in_serializable: 0 0 %, local: 0 %
I0312 11:04:18.398850 478432 Coordinator.h:126] commit: 492158 abort: 2434 (0/2434/0), network size: 0, avg network size: 0, si_in_serializable: 0 0 %, local: 0 %
I0312 11:04:19.398983 478432 Coordinator.h:126] commit: 490119 abort: 2425 (0/2425/0), network size: 0, avg network size: 0, si_in_serializable: 0 0 %, local: 0 %
I0312 11:04:20.399116 478432 Coordinator.h:126] commit: 491190 abort: 2378 (0/2378/0), network size: 0, avg network size: 0, si_in_serializable: 0 0 %, local: 0 %
I0312 11:04:21.399238 478432 Coordinator.h:126] commit: 489115 abort: 2405 (0/2405/0), network size: 0, avg network size: 0, si_in_serializable: 0 0 %, local: 0 %
I0312 11:04:21.399281 478432 Coordinator.h:152] average commit: 490350 abort: 2399.2 (0/2399.2/0), network size: 0, avg network size: 0, si_in_serializable: 0 0 %, local: 0 %
I0312 11:04:21.401043 478459 AriaExecutor.h:103] AriaExecutor 11 exits. 
I0312 11:04:21.401046 478451 AriaExecutor.h:103] AriaExecutor 3 exits. 
I0312 11:04:21.401043 478458 AriaExecutor.h:103] AriaExecutor 10 exits. 
I0312 11:04:21.401044 478455 AriaExecutor.h:103] AriaExecutor 7 exits. 
I0312 11:04:21.401043 478454 AriaExecutor.h:103] AriaExecutor 6 exits. 
I0312 11:04:21.401046 478452 AriaExecutor.h:103] AriaExecutor 4 exits. 
I0312 11:04:21.401043 478457 AriaExecutor.h:103] AriaExecutor 9 exits. 
I0312 11:04:21.401044 478456 AriaExecutor.h:103] AriaExecutor 8 exits. 
I0312 11:04:21.401044 478449 AriaExecutor.h:103] AriaExecutor 1 exits. 
I0312 11:04:21.401043 478453 AriaExecutor.h:103] AriaExecutor 5 exits. 
I0312 11:04:21.401043 478448 AriaExecutor.h:103] AriaExecutor 0 exits. 
I0312 11:04:21.401046 478460 Manager.h:227] Manager(worker id = 12) on the coordinator node exits.
I0312 11:04:21.401044 478450 AriaExecutor.h:103] AriaExecutor 2 exits. 
I0312 11:04:21.399325 478432 AriaExecutor.h:649] Worker 0 latency: 1241 us (50%) 1649 us (75%) 1975 us (95%) 3164 us (99%).
I0312 11:04:21.470322 478432 AriaExecutor.h:649] Worker 1 latency: 1244 us (50%) 1650 us (75%) 1975 us (95%) 2844 us (99%).
I0312 11:04:21.528462 478432 AriaExecutor.h:649] Worker 2 latency: 1241 us (50%) 1648 us (75%) 1973 us (95%) 2599 us (99%).
I0312 11:04:21.586522 478432 AriaExecutor.h:649] Worker 3 latency: 1240 us (50%) 1646 us (75%) 1970 us (95%) 2126 us (99%).
I0312 11:04:21.646262 478432 AriaExecutor.h:649] Worker 4 latency: 1244 us (50%) 1646 us (75%) 1968 us (95%) 2045 us (99%).
I0312 11:04:21.703420 478432 AriaExecutor.h:649] Worker 5 latency: 1239 us (50%) 1642 us (75%) 1964 us (95%) 2036 us (99%).
I0312 11:04:21.760983 478432 AriaExecutor.h:649] Worker 6 latency: 1238 us (50%) 1640 us (75%) 1962 us (95%) 2030 us (99%).
I0312 11:04:21.820854 478432 AriaExecutor.h:649] Worker 7 latency: 1236 us (50%) 1639 us (75%) 1960 us (95%) 2028 us (99%).
I0312 11:04:21.877543 478432 AriaExecutor.h:649] Worker 8 latency: 1236 us (50%) 1638 us (75%) 1959 us (95%) 2026 us (99%).
I0312 11:04:21.934648 478432 AriaExecutor.h:649] Worker 9 latency: 1234 us (50%) 1637 us (75%) 1958 us (95%) 2025 us (99%).
I0312 11:04:21.993211 478432 AriaExecutor.h:649] Worker 10 latency: 1236 us (50%) 1637 us (75%) 1958 us (95%) 2024 us (99%).
I0312 11:04:22.050776 478432 AriaExecutor.h:649] Worker 11 latency: 1233 us (50%) 1636 us (75%) 1957 us (95%) 2024 us (99%).
I0312 11:04:22.107522 478432 Coordinator.h:177] total commit: 490350
I0312 11:04:23.107748 478432 Coordinator.h:192] Coordinator exits.
