I0312 10:33:59.987087 431696 Database.h:65] ycsb initialization finished in 96 milliseconds.
I0312 10:33:59.987304 431696 Coordinator.h:30] Coordinator initializes 12 workers.
I0312 10:34:00.026688 431696 Coordinator.h:77] Coordinator starts to run 13 workers.
I0312 10:34:00.026774 431713 AriaExecutor.h:82] AriaExecutor 0 started. 
I0312 10:34:00.026819 431714 AriaExecutor.h:82] AriaExecutor 1 started. 
I0312 10:34:00.026906 431715 AriaExecutor.h:82] AriaExecutor 2 started. 
I0312 10:34:00.026975 431716 AriaExecutor.h:82] AriaExecutor 3 started. 
I0312 10:34:00.027043 431717 AriaExecutor.h:82] AriaExecutor 4 started. 
I0312 10:34:00.027084 431718 AriaExecutor.h:82] AriaExecutor 5 started. 
I0312 10:34:00.027215 431719 AriaExecutor.h:82] AriaExecutor 6 started. 
I0312 10:34:00.027338 431720 AriaExecutor.h:82] AriaExecutor 7 started. 
I0312 10:34:00.027421 431721 AriaExecutor.h:82] AriaExecutor 8 started. 
I0312 10:34:00.027532 431722 AriaExecutor.h:82] AriaExecutor 9 started. 
I0312 10:34:00.027619 431723 AriaExecutor.h:82] AriaExecutor 10 started. 
I0312 10:34:00.027710 431724 AriaExecutor.h:82] AriaExecutor 11 started. 
I0312 10:34:00.027810 431725 Manager.h:224] Manager(worker id = 12) on the coordinator node started.
I0312 10:34:01.027868 431696 Coordinator.h:126] commit: 382365 abort: 37475 (0/37475/0), network size: 0, avg network size: 0, si_in_serializable: 0 0 %, local: 0 %
I0312 10:34:02.028007 431696 Coordinator.h:126] commit: 388171 abort: 28597 (0/28597/0), network size: 0, avg network size: 0, si_in_serializable: 0 0 %, local: 0 %
I0312 10:34:03.028169 431696 Coordinator.h:126] commit: 379149 abort: 48883 (0/48883/0), network size: 0, avg network size: 0, si_in_serializable: 0 0 %, local: 0 %
I0312 10:34:04.028308 431696 Coordinator.h:126] commit: 380547 abort: 43389 (0/43389/0), network size: 0, avg network size: 0, si_in_serializable: 0 0 %, local: 0 %
I0312 10:34:05.028435 431696 Coordinator.h:126] commit: 378076 abort: 37668 (0/37668/0), network size: 0, avg network size: 0, si_in_serializable: 0 0 %, local: 0 %
I0312 10:34:06.028560 431696 Coordinator.h:126] commit: 376569 abort: 35079 (0/35079/0), network size: 0, avg network size: 0, si_in_serializable: 0 0 %, local: 0 %
I0312 10:34:07.028687 431696 Coordinator.h:126] commit: 376163 abort: 39581 (0/39581/0), network size: 0, avg network size: 0, si_in_serializable: 0 0 %, local: 0 %
I0312 10:34:08.028846 431696 Coordinator.h:126] commit: 372596 abort: 42124 (0/42124/0), network size: 0, avg network size: 0, si_in_serializable: 0 0 %, local: 0 %
I0312 10:34:09.028980 431696 Coordinator.h:126] commit: 369860 abort: 25404 (0/25404/0), network size: 0, avg network size: 0, si_in_serializable: 0 0 %, local: 0 %
I0312 10:34:10.029105 431696 Coordinator.h:126] commit: 368993 abort: 46751 (0/46751/0), network size: 0, avg network size: 0, si_in_serializable: 0 0 %, local: 0 %
I0312 10:34:11.029228 431696 Coordinator.h:126] commit: 373057 abort: 28351 (0/28351/0), network size: 0, avg network size: 0, si_in_serializable: 0 0 %, local: 0 %
I0312 10:34:12.029379 431696 Coordinator.h:126] commit: 364650 abort: 50070 (0/50070/0), network size: 0, avg network size: 0, si_in_serializable: 0 0 %, local: 0 %
I0312 10:34:13.029520 431696 Coordinator.h:126] commit: 376769 abort: 30966 (0/30966/0), network size: 0, avg network size: 0, si_in_serializable: 0 0 %, local: 0 %
I0312 10:34:14.029646 431696 Coordinator.h:126] commit: 368688 abort: 50968 (0/50968/0), network size: 0, avg network size: 0, si_in_serializable: 0 0 %, local: 0 %
I0312 10:34:15.029773 431696 Coordinator.h:126] commit: 373608 abort: 39064 (0/39064/0), network size: 0, avg network size: 0, si_in_serializable: 0 0 %, local: 0 %
I0312 10:34:16.029896 431696 Coordinator.h:126] commit: 376927 abort: 35745 (0/35745/0), network size: 0, avg network size: 0, si_in_serializable: 0 0 %, local: 0 %
I0312 10:34:17.030021 431696 Coordinator.h:126] commit: 357417 abort: 28631 (0/28631/0), network size: 0, avg network size: 0, si_in_serializable: 0 0 %, local: 0 %
I0312 10:34:18.030146 431696 Coordinator.h:126] commit: 375860 abort: 30668 (0/30668/0), network size: 0, avg network size: 0, si_in_serializable: 0 0 %, local: 0 %
I0312 10:34:19.030272 431696 Coordinator.h:126] commit: 381555 abort: 29069 (0/29069/0), network size: 0, avg network size: 0, si_in_serializable: 0 0 %, local: 0 %
I0312 10:34:20.030397 431696 Coordinator.h:126] commit: 381736 abort: 27864 (0/27864/0), network size: 0, avg network size: 0, si_in_serializable: 0 0 %, local: 0 %
I0312 10:34:21.030522 431696 Coordinator.h:126] commit: 370111 abort: 43585 (0/43585/0), network size: 0, avg network size: 0, si_in_serializable: 0 0 %, local: 0 %
I0312 10:34:22.030645 431696 Coordinator.h:126] commit: 381759 abort: 28865 (0/28865/0), network size: 0, avg network size: 0, si_in_serializable: 0 0 %, local: 0 %
I0312 10:34:23.030798 431696 Coordinator.h:126] commit: 376135 abort: 34489 (0/34489/0), network size: 0, avg network size: 0, si_in_serializable: 0 0 %, local: 0 %
I0312 10:34:24.030931 431696 Coordinator.h:126] commit: 380342 abort: 33354 (0/33354/0), network size: 0, avg network size: 0, si_in_serializable: 0 0 %, local: 0 %
I0312 10:34:25.031051 431696 Coordinator.h:126] commit: 380493 abort: 31155 (0/31155/0), network size: 0, avg network size: 0, si_in_serializable: 0 0 %, local: 0 %
I0312 10:34:25.031095 431696 Coordinator.h:152] average commit: 373027 abort: 35139.6 (0/35139.6/0), network size: 0, avg network size: 0, si_in_serializable: 0 0 %, local: 0 %
I0312 10:34:25.032624 431722 AriaExecutor.h:94] AriaExecutor 9 exits. 
I0312 10:34:25.032624 431717 AriaExecutor.h:94] AriaExecutor 4 exits. 
I0312 10:34:25.032626 431713 AriaExecutor.h:94] AriaExecutor 0 exits. 
I0312 10:34:25.032624 431720 AriaExecutor.h:94] AriaExecutor 7 exits. 
I0312 10:34:25.032625 431716 AriaExecutor.h:94] AriaExecutor 3 exits. 
I0312 10:34:25.032626 431719 AriaExecutor.h:94] AriaExecutor 6 exits. 
I0312 10:34:25.032625 431724 AriaExecutor.h:94] AriaExecutor 11 exits. 
I0312 10:34:25.032625 431721 AriaExecutor.h:94] AriaExecutor 8 exits. 
I0312 10:34:25.032629 431718 AriaExecutor.h:94] AriaExecutor 5 exits. 
I0312 10:34:25.032624 431723 AriaExecutor.h:94] AriaExecutor 10 exits. 
I0312 10:34:25.032626 431725 Manager.h:227] Manager(worker id = 12) on the coordinator node exits.
I0312 10:34:25.032624 431715 AriaExecutor.h:94] AriaExecutor 2 exits. 
I0312 10:34:25.032624 431714 AriaExecutor.h:94] AriaExecutor 1 exits. 
I0312 10:34:25.031108 431696 AriaExecutor.h:535] Worker 0 latency: 1709 us (50%) 2099 us (75%) 3604 us (95%) 25365 us (99%).
I0312 10:34:25.069489 431696 AriaExecutor.h:535] Worker 1 latency: 1699 us (50%) 2085 us (75%) 3375 us (95%) 4811 us (99%).
I0312 10:34:25.106128 431696 AriaExecutor.h:535] Worker 2 latency: 1697 us (50%) 2083 us (75%) 3357 us (95%) 4691 us (99%).
I0312 10:34:25.143087 431696 AriaExecutor.h:535] Worker 3 latency: 1697 us (50%) 2083 us (75%) 3341 us (95%) 4659 us (99%).
I0312 10:34:25.180207 431696 AriaExecutor.h:535] Worker 4 latency: 1703 us (50%) 2085 us (75%) 3351 us (95%) 4639 us (99%).
I0312 10:34:25.216887 431696 AriaExecutor.h:535] Worker 5 latency: 1700 us (50%) 2084 us (75%) 3352 us (95%) 4636 us (99%).
I0312 10:34:25.253321 431696 AriaExecutor.h:535] Worker 6 latency: 1701 us (50%) 2084 us (75%) 3346 us (95%) 4623 us (99%).
I0312 10:34:25.290397 431696 AriaExecutor.h:535] Worker 7 latency: 1702 us (50%) 2085 us (75%) 3342 us (95%) 4612 us (99%).
I0312 10:34:25.327322 431696 AriaExecutor.h:535] Worker 8 latency: 1701 us (50%) 2084 us (75%) 3333 us (95%) 4597 us (99%).
I0312 10:34:25.363847 431696 AriaExecutor.h:535] Worker 9 latency: 1700 us (50%) 2084 us (75%) 3327 us (95%) 4584 us (99%).
I0312 10:34:25.400707 431696 AriaExecutor.h:535] Worker 10 latency: 1701 us (50%) 2084 us (75%) 3308 us (95%) 4561 us (99%).
I0312 10:34:25.437747 431696 AriaExecutor.h:535] Worker 11 latency: 1697 us (50%) 2082 us (75%) 3309 us (95%) 4559 us (99%).
I0312 10:34:25.474859 431696 Coordinator.h:177] total commit: 373027
I0312 10:34:26.475061 431696 Coordinator.h:192] Coordinator exits.
