I0312 10:30:23.283867 429621 Database.h:65] ycsb initialization finished in 96 milliseconds.
I0312 10:30:23.284096 429621 Coordinator.h:30] Coordinator initializes 12 workers.
I0312 10:30:23.347983 429621 Coordinator.h:77] Coordinator starts to run 13 workers.
I0312 10:30:23.348084 429637 AriaExecutor.h:82] AriaExecutor 0 started. 
I0312 10:30:23.348120 429638 AriaExecutor.h:82] AriaExecutor 1 started. 
I0312 10:30:23.348198 429639 AriaExecutor.h:82] AriaExecutor 2 started. 
I0312 10:30:23.348273 429640 AriaExecutor.h:82] AriaExecutor 3 started. 
I0312 10:30:23.348330 429641 AriaExecutor.h:82] AriaExecutor 4 started. 
I0312 10:30:23.348415 429642 AriaExecutor.h:82] AriaExecutor 5 started. 
I0312 10:30:23.348548 429643 AriaExecutor.h:82] AriaExecutor 6 started. 
I0312 10:30:23.348649 429644 AriaExecutor.h:82] AriaExecutor 7 started. 
I0312 10:30:23.348774 429645 AriaExecutor.h:82] AriaExecutor 8 started. 
I0312 10:30:23.348886 429646 AriaExecutor.h:82] AriaExecutor 9 started. 
I0312 10:30:23.348994 429647 AriaExecutor.h:82] AriaExecutor 10 started. 
I0312 10:30:23.349109 429648 AriaExecutor.h:82] AriaExecutor 11 started. 
I0312 10:30:23.349231 429649 Manager.h:224] Manager(worker id = 12) on the coordinator node started.
I0312 10:30:24.349292 429621 Coordinator.h:126] commit: 3152 abort: 76720 (0/76720/0), network size: 0, avg network size: 0, si_in_serializable: 0 0 %, local: 0 %
I0312 10:30:25.349436 429621 Coordinator.h:126] commit: 3142 abort: 76730 (0/76730/0), network size: 0, avg network size: 0, si_in_serializable: 0 0 %, local: 0 %
I0312 10:30:26.349601 429621 Coordinator.h:126] commit: 3127 abort: 78793 (0/78793/0), network size: 0, avg network size: 0, si_in_serializable: 0 0 %, local: 0 %
I0312 10:30:27.349737 429621 Coordinator.h:126] commit: 3051 abort: 74773 (0/74773/0), network size: 0, avg network size: 0, si_in_serializable: 0 0 %, local: 0 %
I0312 10:30:28.349865 429621 Coordinator.h:126] commit: 3081 abort: 74743 (0/74743/0), network size: 0, avg network size: 0, si_in_serializable: 0 0 %, local: 0 %
I0312 10:30:29.349989 429621 Coordinator.h:126] commit: 2981 abort: 72795 (0/72795/0), network size: 0, avg network size: 0, si_in_serializable: 0 0 %, local: 0 %
I0312 10:30:30.350119 429621 Coordinator.h:126] commit: 3137 abort: 74687 (0/74687/0), network size: 0, avg network size: 0, si_in_serializable: 0 0 %, local: 0 %
I0312 10:30:31.350286 429621 Coordinator.h:126] commit: 2864 abort: 72912 (0/72912/0), network size: 0, avg network size: 0, si_in_serializable: 0 0 %, local: 0 %
I0312 10:30:32.350426 429621 Coordinator.h:126] commit: 2900 abort: 72876 (0/72876/0), network size: 0, avg network size: 0, si_in_serializable: 0 0 %, local: 0 %
I0312 10:30:33.350562 429621 Coordinator.h:126] commit: 2917 abort: 72859 (0/72859/0), network size: 0, avg network size: 0, si_in_serializable: 0 0 %, local: 0 %
I0312 10:30:34.350692 429621 Coordinator.h:126] commit: 3242 abort: 72534 (0/72534/0), network size: 0, avg network size: 0, si_in_serializable: 0 0 %, local: 0 %
I0312 10:30:35.350819 429621 Coordinator.h:126] commit: 2944 abort: 72832 (0/72832/0), network size: 0, avg network size: 0, si_in_serializable: 0 0 %, local: 0 %
I0312 10:30:36.350945 429621 Coordinator.h:126] commit: 3029 abort: 72747 (0/72747/0), network size: 0, avg network size: 0, si_in_serializable: 0 0 %, local: 0 %
I0312 10:30:37.351074 429621 Coordinator.h:126] commit: 3207 abort: 74617 (0/74617/0), network size: 0, avg network size: 0, si_in_serializable: 0 0 %, local: 0 %
I0312 10:30:38.351208 429621 Coordinator.h:126] commit: 2973 abort: 72803 (0/72803/0), network size: 0, avg network size: 0, si_in_serializable: 0 0 %, local: 0 %
I0312 10:30:39.351370 429621 Coordinator.h:126] commit: 3025 abort: 72751 (0/72751/0), network size: 0, avg network size: 0, si_in_serializable: 0 0 %, local: 0 %
I0312 10:30:40.351513 429621 Coordinator.h:126] commit: 2977 abort: 74847 (0/74847/0), network size: 0, avg network size: 0, si_in_serializable: 0 0 %, local: 0 %
I0312 10:30:41.351641 429621 Coordinator.h:126] commit: 3075 abort: 72701 (0/72701/0), network size: 0, avg network size: 0, si_in_serializable: 0 0 %, local: 0 %
I0312 10:30:42.351771 429621 Coordinator.h:126] commit: 2820 abort: 72956 (0/72956/0), network size: 0, avg network size: 0, si_in_serializable: 0 0 %, local: 0 %
I0312 10:30:43.351902 429621 Coordinator.h:126] commit: 2844 abort: 74980 (0/74980/0), network size: 0, avg network size: 0, si_in_serializable: 0 0 %, local: 0 %
I0312 10:30:44.352030 429621 Coordinator.h:126] commit: 2917 abort: 72859 (0/72859/0), network size: 0, avg network size: 0, si_in_serializable: 0 0 %, local: 0 %
I0312 10:30:45.352156 429621 Coordinator.h:126] commit: 3045 abort: 72731 (0/72731/0), network size: 0, avg network size: 0, si_in_serializable: 0 0 %, local: 0 %
I0312 10:30:46.352284 429621 Coordinator.h:126] commit: 2808 abort: 70920 (0/70920/0), network size: 0, avg network size: 0, si_in_serializable: 0 0 %, local: 0 %
I0312 10:30:47.352412 429621 Coordinator.h:126] commit: 2874 abort: 72902 (0/72902/0), network size: 0, avg network size: 0, si_in_serializable: 0 0 %, local: 0 %
I0312 10:30:48.352542 429621 Coordinator.h:126] commit: 2839 abort: 70889 (0/70889/0), network size: 0, avg network size: 0, si_in_serializable: 0 0 %, local: 0 %
I0312 10:30:48.352586 429621 Coordinator.h:152] average commit: 3013.6 abort: 73376.8 (0/73376.8/0), network size: 0, avg network size: 0, si_in_serializable: 0 0 %, local: 0 %
I0312 10:30:48.352600 429621 AriaExecutor.h:535] Worker 0 latency: 682051 us (50%) 721977 us (75%) 794931 us (95%) 834154 us (99%).
I0312 10:30:48.355616 429644 AriaExecutor.h:94] AriaExecutor 7 exits. 
I0312 10:30:48.355616 429643 AriaExecutor.h:94] AriaExecutor 6 exits. 
I0312 10:30:48.355616 429638 AriaExecutor.h:94] AriaExecutor 1 exits. 
I0312 10:30:48.355616 429647 AriaExecutor.h:94] AriaExecutor 10 exits. 
I0312 10:30:48.355616 429640 AriaExecutor.h:94] AriaExecutor 3 exits. 
I0312 10:30:48.355616 429646 AriaExecutor.h:94] AriaExecutor 9 exits. 
I0312 10:30:48.355616 429639 AriaExecutor.h:94] AriaExecutor 2 exits. 
I0312 10:30:48.355616 429637 AriaExecutor.h:94] AriaExecutor 0 exits. 
I0312 10:30:48.355616 429645 AriaExecutor.h:94] AriaExecutor 8 exits. 
I0312 10:30:48.355618 429649 Manager.h:227] Manager(worker id = 12) on the coordinator node exits.
I0312 10:30:48.355616 429642 AriaExecutor.h:94] AriaExecutor 5 exits. 
I0312 10:30:48.355616 429641 AriaExecutor.h:94] AriaExecutor 4 exits. 
I0312 10:30:48.355616 429648 AriaExecutor.h:94] AriaExecutor 11 exits. 
I0312 10:30:48.355822 429621 AriaExecutor.h:535] Worker 1 latency: 687902 us (50%) 722583 us (75%) 779668 us (95%) 825670 us (99%).
I0312 10:30:48.356205 429621 AriaExecutor.h:535] Worker 2 latency: 687977 us (50%) 721391 us (75%) 775582 us (95%) 822911 us (99%).
I0312 10:30:48.356570 429621 AriaExecutor.h:535] Worker 3 latency: 686669 us (50%) 720568 us (75%) 774699 us (95%) 807356 us (99%).
I0312 10:30:48.356913 429621 AriaExecutor.h:535] Worker 4 latency: 686666 us (50%) 720262 us (75%) 774461 us (95%) 806527 us (99%).
I0312 10:30:48.357272 429621 AriaExecutor.h:535] Worker 5 latency: 682900 us (50%) 719096 us (75%) 772630 us (95%) 802570 us (99%).
I0312 10:30:48.357652 429621 AriaExecutor.h:535] Worker 6 latency: 684517 us (50%) 717697 us (75%) 771458 us (95%) 800041 us (99%).
I0312 10:30:48.358007 429621 AriaExecutor.h:535] Worker 7 latency: 682532 us (50%) 717952 us (75%) 770504 us (95%) 798635 us (99%).
I0312 10:30:48.358361 429621 AriaExecutor.h:535] Worker 8 latency: 685968 us (50%) 717657 us (75%) 770428 us (95%) 798542 us (99%).
I0312 10:30:48.358695 429621 AriaExecutor.h:535] Worker 9 latency: 678936 us (50%) 716736 us (75%) 768023 us (95%) 797647 us (99%).
I0312 10:30:48.359026 429621 AriaExecutor.h:535] Worker 10 latency: 675935 us (50%) 716059 us (75%) 768318 us (95%) 797692 us (99%).
I0312 10:30:48.359344 429621 AriaExecutor.h:535] Worker 11 latency: 675928 us (50%) 716162 us (75%) 766844 us (95%) 797638 us (99%).
I0312 10:30:48.359676 429621 Coordinator.h:177] total commit: 3013.6
I0312 10:30:49.359875 429621 Coordinator.h:192] Coordinator exits.
