I0312 10:28:06.466379 428238 Database.h:65] ycsb initialization finished in 98 milliseconds.
I0312 10:28:06.466622 428238 Coordinator.h:30] Coordinator initializes 12 workers.
I0312 10:28:06.576113 428238 Coordinator.h:77] Coordinator starts to run 13 workers.
I0312 10:28:06.576200 428257 AriaExecutor.h:82] AriaExecutor 0 started. 
I0312 10:28:06.576237 428258 AriaExecutor.h:82] AriaExecutor 1 started. 
I0312 10:28:06.576337 428259 AriaExecutor.h:82] AriaExecutor 2 started. 
I0312 10:28:06.576427 428260 AriaExecutor.h:82] AriaExecutor 3 started. 
I0312 10:28:06.576542 428261 AriaExecutor.h:82] AriaExecutor 4 started. 
I0312 10:28:06.576643 428262 AriaExecutor.h:82] AriaExecutor 5 started. 
I0312 10:28:06.576758 428263 AriaExecutor.h:82] AriaExecutor 6 started. 
I0312 10:28:06.576865 428264 AriaExecutor.h:82] AriaExecutor 7 started. 
I0312 10:28:06.576982 428265 AriaExecutor.h:82] AriaExecutor 8 started. 
I0312 10:28:06.577092 428266 AriaExecutor.h:82] AriaExecutor 9 started. 
I0312 10:28:06.577203 428267 AriaExecutor.h:82] AriaExecutor 10 started. 
I0312 10:28:06.577311 428268 AriaExecutor.h:82] AriaExecutor 11 started. 
I0312 10:28:06.577422 428269 Manager.h:224] Manager(worker id = 12) on the coordinator node started.
I0312 10:28:07.577473 428238 Coordinator.h:126] commit: 8208 abort: 114672 (0/114672/0), network size: 0, avg network size: 0, si_in_serializable: 0 0 %, local: 0 %
I0312 10:28:08.577631 428238 Coordinator.h:126] commit: 8115 abort: 118861 (0/118861/0), network size: 0, avg network size: 0, si_in_serializable: 0 0 %, local: 0 %
I0312 10:28:09.577803 428238 Coordinator.h:126] commit: 7707 abort: 115173 (0/115173/0), network size: 0, avg network size: 0, si_in_serializable: 0 0 %, local: 0 %
I0312 10:28:10.577942 428238 Coordinator.h:126] commit: 7605 abort: 111179 (0/111179/0), network size: 0, avg network size: 0, si_in_serializable: 0 0 %, local: 0 %
I0312 10:28:11.578068 428238 Coordinator.h:126] commit: 7694 abort: 111090 (0/111090/0), network size: 0, avg network size: 0, si_in_serializable: 0 0 %, local: 0 %
I0312 10:28:12.578202 428238 Coordinator.h:126] commit: 7677 abort: 111107 (0/111107/0), network size: 0, avg network size: 0, si_in_serializable: 0 0 %, local: 0 %
I0312 10:28:13.578341 428238 Coordinator.h:126] commit: 7423 abort: 107265 (0/107265/0), network size: 0, avg network size: 0, si_in_serializable: 0 0 %, local: 0 %
I0312 10:28:14.578511 428238 Coordinator.h:126] commit: 7336 abort: 107352 (0/107352/0), network size: 0, avg network size: 0, si_in_serializable: 0 0 %, local: 0 %
I0312 10:28:15.578652 428238 Coordinator.h:126] commit: 7721 abort: 111063 (0/111063/0), network size: 0, avg network size: 0, si_in_serializable: 0 0 %, local: 0 %
I0312 10:28:16.578783 428238 Coordinator.h:126] commit: 7346 abort: 107342 (0/107342/0), network size: 0, avg network size: 0, si_in_serializable: 0 0 %, local: 0 %
I0312 10:28:17.578908 428238 Coordinator.h:126] commit: 7408 abort: 108207 (0/108207/0), network size: 0, avg network size: 0, si_in_serializable: 0 0 %, local: 0 %
I0312 10:28:18.579041 428238 Coordinator.h:126] commit: 7399 abort: 110458 (0/110458/0), network size: 0, avg network size: 0, si_in_serializable: 0 0 %, local: 0 %
I0312 10:28:19.579172 428238 Coordinator.h:126] commit: 7376 abort: 107312 (0/107312/0), network size: 0, avg network size: 0, si_in_serializable: 0 0 %, local: 0 %
I0312 10:28:20.579305 428238 Coordinator.h:126] commit: 7697 abort: 111087 (0/111087/0), network size: 0, avg network size: 0, si_in_serializable: 0 0 %, local: 0 %
I0312 10:28:21.579439 428238 Coordinator.h:126] commit: 7424 abort: 107264 (0/107264/0), network size: 0, avg network size: 0, si_in_serializable: 0 0 %, local: 0 %
I0312 10:28:22.579612 428238 Coordinator.h:126] commit: 7676 abort: 111108 (0/111108/0), network size: 0, avg network size: 0, si_in_serializable: 0 0 %, local: 0 %
I0312 10:28:23.579751 428238 Coordinator.h:126] commit: 7295 abort: 107393 (0/107393/0), network size: 0, avg network size: 0, si_in_serializable: 0 0 %, local: 0 %
I0312 10:28:24.579887 428238 Coordinator.h:126] commit: 7677 abort: 111107 (0/111107/0), network size: 0, avg network size: 0, si_in_serializable: 0 0 %, local: 0 %
I0312 10:28:25.580017 428238 Coordinator.h:126] commit: 7284 abort: 107404 (0/107404/0), network size: 0, avg network size: 0, si_in_serializable: 0 0 %, local: 0 %
I0312 10:28:26.580153 428238 Coordinator.h:126] commit: 7588 abort: 111196 (0/111196/0), network size: 0, avg network size: 0, si_in_serializable: 0 0 %, local: 0 %
I0312 10:28:27.580283 428238 Coordinator.h:126] commit: 7344 abort: 107344 (0/107344/0), network size: 0, avg network size: 0, si_in_serializable: 0 0 %, local: 0 %
I0312 10:28:28.580415 428238 Coordinator.h:126] commit: 7228 abort: 107460 (0/107460/0), network size: 0, avg network size: 0, si_in_serializable: 0 0 %, local: 0 %
I0312 10:28:29.580538 428238 Coordinator.h:126] commit: 7699 abort: 111085 (0/111085/0), network size: 0, avg network size: 0, si_in_serializable: 0 0 %, local: 0 %
I0312 10:28:30.580665 428238 Coordinator.h:126] commit: 7274 abort: 107414 (0/107414/0), network size: 0, avg network size: 0, si_in_serializable: 0 0 %, local: 0 %
I0312 10:28:31.580796 428238 Coordinator.h:126] commit: 7294 abort: 107394 (0/107394/0), network size: 0, avg network size: 0, si_in_serializable: 0 0 %, local: 0 %
I0312 10:28:31.580837 428238 Coordinator.h:152] average commit: 7482.4 abort: 109254 (0/109254/0), network size: 0, avg network size: 0, si_in_serializable: 0 0 %, local: 0 %
I0312 10:28:31.580850 428238 AriaExecutor.h:535] Worker 0 latency: 540771 us (50%) 560012 us (75%) 616723 us (95%) 655217 us (99%).
I0312 10:28:31.612941 428266 AriaExecutor.h:94] AriaExecutor 9 exits. 
I0312 10:28:31.612941 428264 AriaExecutor.h:94] AriaExecutor 7 exits. 
I0312 10:28:31.612941 428259 AriaExecutor.h:94] AriaExecutor 2 exits. 
I0312 10:28:31.612941 428263 AriaExecutor.h:94] AriaExecutor 6 exits. 
I0312 10:28:31.612941 428261 AriaExecutor.h:94] AriaExecutor 4 exits. 
I0312 10:28:31.612943 428269 Manager.h:227] Manager(worker id = 12) on the coordinator node exits.
I0312 10:28:31.612941 428268 AriaExecutor.h:94] AriaExecutor 11 exits. 
I0312 10:28:31.612941 428260 AriaExecutor.h:94] AriaExecutor 3 exits. 
I0312 10:28:31.612941 428258 AriaExecutor.h:94] AriaExecutor 1 exits. 
I0312 10:28:31.612941 428265 AriaExecutor.h:94] AriaExecutor 8 exits. 
I0312 10:28:31.612941 428257 AriaExecutor.h:94] AriaExecutor 0 exits. 
I0312 10:28:31.612941 428262 AriaExecutor.h:94] AriaExecutor 5 exits. 
I0312 10:28:31.612941 428267 AriaExecutor.h:94] AriaExecutor 10 exits. 
I0312 10:28:31.613220 428238 AriaExecutor.h:535] Worker 1 latency: 536721 us (50%) 557517 us (75%) 614626 us (95%) 651283 us (99%).
I0312 10:28:31.614056 428238 AriaExecutor.h:535] Worker 2 latency: 535533 us (50%) 554891 us (75%) 613088 us (95%) 631623 us (99%).
I0312 10:28:31.614882 428238 AriaExecutor.h:535] Worker 3 latency: 536395 us (50%) 554601 us (75%) 612683 us (95%) 623811 us (99%).
I0312 10:28:31.615696 428238 AriaExecutor.h:535] Worker 4 latency: 536445 us (50%) 554238 us (75%) 611438 us (95%) 622512 us (99%).
I0312 10:28:31.616551 428238 AriaExecutor.h:535] Worker 5 latency: 534765 us (50%) 553239 us (75%) 603794 us (95%) 621886 us (99%).
I0312 10:28:31.617384 428238 AriaExecutor.h:535] Worker 6 latency: 535449 us (50%) 553729 us (75%) 594660 us (95%) 621458 us (99%).
I0312 10:28:31.618260 428238 AriaExecutor.h:535] Worker 7 latency: 535030 us (50%) 553147 us (75%) 593519 us (95%) 620125 us (99%).
I0312 10:28:31.619128 428238 AriaExecutor.h:535] Worker 8 latency: 534601 us (50%) 552721 us (75%) 590861 us (95%) 619609 us (99%).
I0312 10:28:31.619985 428238 AriaExecutor.h:535] Worker 9 latency: 533960 us (50%) 552417 us (75%) 589186 us (95%) 619276 us (99%).
I0312 10:28:31.620862 428238 AriaExecutor.h:535] Worker 10 latency: 532857 us (50%) 551949 us (75%) 588553 us (95%) 618894 us (99%).
I0312 10:28:31.621726 428238 AriaExecutor.h:535] Worker 11 latency: 533205 us (50%) 551869 us (75%) 587765 us (95%) 618729 us (99%).
I0312 10:28:31.622601 428238 Coordinator.h:177] total commit: 7482.4
I0312 10:28:32.622790 428238 Coordinator.h:192] Coordinator exits.
