I0312 11:23:25.940578 500880 Database.h:65] ycsb initialization finished in 100 milliseconds.
I0312 11:23:25.940819 500880 Coordinator.h:30] Coordinator initializes 12 workers.
I0312 11:23:26.000766 500880 Coordinator.h:77] Coordinator starts to run 13 workers.
I0312 11:23:26.000866 500897 AriaExecutor.h:91] AriaExecutor 0 started. 
I0312 11:23:26.000880 500898 AriaExecutor.h:91] AriaExecutor 1 started. 
I0312 11:23:26.000978 500899 AriaExecutor.h:91] AriaExecutor 2 started. 
I0312 11:23:26.001045 500900 AriaExecutor.h:91] AriaExecutor 3 started. 
I0312 11:23:26.001111 500901 AriaExecutor.h:91] AriaExecutor 4 started. 
I0312 11:23:26.001175 500902 AriaExecutor.h:91] AriaExecutor 5 started. 
I0312 11:23:26.001237 500903 AriaExecutor.h:91] AriaExecutor 6 started. 
I0312 11:23:26.001312 500904 AriaExecutor.h:91] AriaExecutor 7 started. 
I0312 11:23:26.001406 500905 AriaExecutor.h:91] AriaExecutor 8 started. 
I0312 11:23:26.001504 500906 AriaExecutor.h:91] AriaExecutor 9 started. 
I0312 11:23:26.001603 500907 AriaExecutor.h:91] AriaExecutor 10 started. 
I0312 11:23:26.001696 500908 AriaExecutor.h:91] AriaExecutor 11 started. 
I0312 11:23:26.001813 500909 Manager.h:224] Manager(worker id = 12) on the coordinator node started.
I0312 11:23:27.001863 500880 Coordinator.h:126] commit: 32909 abort: 943987 (0/943987/0), network size: 0, avg network size: 0, si_in_serializable: 0 0 %, local: 0 %
I0312 11:23:28.002040 500880 Coordinator.h:126] commit: 38547 abort: 919917 (0/919917/0), network size: 0, avg network size: 0, si_in_serializable: 0 0 %, local: 0 %
I0312 11:23:29.002251 500880 Coordinator.h:126] commit: 38561 abort: 926047 (0/926047/0), network size: 0, avg network size: 0, si_in_serializable: 0 0 %, local: 0 %
I0312 11:23:30.002418 500880 Coordinator.h:126] commit: 38152 abort: 916216 (0/916216/0), network size: 0, avg network size: 0, si_in_serializable: 0 0 %, local: 0 %
I0312 11:23:31.002563 500880 Coordinator.h:126] commit: 38199 abort: 914121 (0/914121/0), network size: 0, avg network size: 0, si_in_serializable: 0 0 %, local: 0 %
I0312 11:23:32.002712 500880 Coordinator.h:126] commit: 37731 abort: 896157 (0/896157/0), network size: 0, avg network size: 0, si_in_serializable: 0 0 %, local: 0 %
I0312 11:23:33.002858 500880 Coordinator.h:126] commit: 38049 abort: 904031 (0/904031/0), network size: 0, avg network size: 0, si_in_serializable: 0 0 %, local: 0 %
I0312 11:23:34.003064 500880 Coordinator.h:126] commit: 37733 abort: 896155 (0/896155/0), network size: 0, avg network size: 0, si_in_serializable: 0 0 %, local: 0 %
I0312 11:23:35.003233 500880 Coordinator.h:126] commit: 38403 abort: 911869 (0/911869/0), network size: 0, avg network size: 0, si_in_serializable: 0 0 %, local: 0 %
I0312 11:23:36.003382 500880 Coordinator.h:126] commit: 38323 abort: 909901 (0/909901/0), network size: 0, avg network size: 0, si_in_serializable: 0 0 %, local: 0 %
I0312 11:23:37.003530 500880 Coordinator.h:126] commit: 38162 abort: 914158 (0/914158/0), network size: 0, avg network size: 0, si_in_serializable: 0 0 %, local: 0 %
I0312 11:23:38.003679 500880 Coordinator.h:126] commit: 38332 abort: 899652 (0/899652/0), network size: 0, avg network size: 0, si_in_serializable: 0 0 %, local: 0 %
I0312 11:23:39.003829 500880 Coordinator.h:126] commit: 38063 abort: 914257 (0/914257/0), network size: 0, avg network size: 0, si_in_serializable: 0 0 %, local: 0 %
I0312 11:23:40.003984 500880 Coordinator.h:126] commit: 37830 abort: 906298 (0/906298/0), network size: 0, avg network size: 0, si_in_serializable: 0 0 %, local: 0 %
I0312 11:23:41.004132 500880 Coordinator.h:126] commit: 38030 abort: 918386 (0/918386/0), network size: 0, avg network size: 0, si_in_serializable: 0 0 %, local: 0 %
I0312 11:23:42.004341 500880 Coordinator.h:126] commit: 37983 abort: 914337 (0/914337/0), network size: 0, avg network size: 0, si_in_serializable: 0 0 %, local: 0 %
I0312 11:23:43.004508 500880 Coordinator.h:126] commit: 37890 abort: 914430 (0/914430/0), network size: 0, avg network size: 0, si_in_serializable: 0 0 %, local: 0 %
I0312 11:23:44.004645 500880 Coordinator.h:126] commit: 38403 abort: 915965 (0/915965/0), network size: 0, avg network size: 0, si_in_serializable: 0 0 %, local: 0 %
I0312 11:23:45.004791 500880 Coordinator.h:126] commit: 37633 abort: 908543 (0/908543/0), network size: 0, avg network size: 0, si_in_serializable: 0 0 %, local: 0 %
I0312 11:23:46.004936 500880 Coordinator.h:126] commit: 38213 abort: 914107 (0/914107/0), network size: 0, avg network size: 0, si_in_serializable: 0 0 %, local: 0 %
I0312 11:23:47.005080 500880 Coordinator.h:126] commit: 37539 abort: 910685 (0/910685/0), network size: 0, avg network size: 0, si_in_serializable: 0 0 %, local: 0 %
I0312 11:23:48.005225 500880 Coordinator.h:126] commit: 38187 abort: 910037 (0/910037/0), network size: 0, avg network size: 0, si_in_serializable: 0 0 %, local: 0 %
I0312 11:23:49.005365 500880 Coordinator.h:126] commit: 38014 abort: 904066 (0/904066/0), network size: 0, avg network size: 0, si_in_serializable: 0 0 %, local: 0 %
I0312 11:23:50.005510 500880 Coordinator.h:126] commit: 37893 abort: 895995 (0/895995/0), network size: 0, avg network size: 0, si_in_serializable: 0 0 %, local: 0 %
I0312 11:23:51.005656 500880 Coordinator.h:126] commit: 38181 abort: 907995 (0/907995/0), network size: 0, avg network size: 0, si_in_serializable: 0 0 %, local: 0 %
I0312 11:23:51.005720 500880 Coordinator.h:152] average commit: 38053.9 abort: 912013 (0/912013/0), network size: 0, avg network size: 0, si_in_serializable: 0 0 %, local: 0 %
I0312 11:23:51.005990 500907 AriaExecutor.h:103] AriaExecutor 10 exits. 
I0312 11:23:51.005990 500904 AriaExecutor.h:103] AriaExecutor 7 exits. 
I0312 11:23:51.005990 500906 AriaExecutor.h:103] AriaExecutor 9 exits. 
I0312 11:23:51.005990 500900 AriaExecutor.h:103] AriaExecutor 3 exits. 
I0312 11:23:51.005990 500905 AriaExecutor.h:103] AriaExecutor 8 exits. 
I0312 11:23:51.005990 500902 AriaExecutor.h:103] AriaExecutor 5 exits. 
I0312 11:23:51.005990 500898 AriaExecutor.h:103] AriaExecutor 1 exits. 
I0312 11:23:51.005990 500908 AriaExecutor.h:103] AriaExecutor 11 exits. 
I0312 11:23:51.005990 500903 AriaExecutor.h:103] AriaExecutor 6 exits. 
I0312 11:23:51.005990 500897 AriaExecutor.h:103] AriaExecutor 0 exits. 
I0312 11:23:51.005990 500899 AriaExecutor.h:103] AriaExecutor 2 exits. 
I0312 11:23:51.005990 500901 AriaExecutor.h:103] AriaExecutor 4 exits. 
I0312 11:23:51.005993 500909 Manager.h:227] Manager(worker id = 12) on the coordinator node exits.
I0312 11:23:51.005766 500880 AriaExecutor.h:649] Worker 0 latency: 42983 us (50%) 107947 us (75%) 208788 us (95%) 227759 us (99%).
I0312 11:23:51.023838 500880 AriaExecutor.h:649] Worker 1 latency: 32183 us (50%) 74885 us (75%) 193994 us (95%) 218566 us (99%).
I0312 11:23:51.032334 500880 AriaExecutor.h:649] Worker 2 latency: 33241 us (50%) 72806 us (75%) 184104 us (95%) 212576 us (99%).
I0312 11:23:51.038734 500880 AriaExecutor.h:649] Worker 3 latency: 31674 us (50%) 70370 us (75%) 179789 us (95%) 209996 us (99%).
I0312 11:23:51.043975 500880 AriaExecutor.h:649] Worker 4 latency: 33348 us (50%) 72812 us (75%) 175889 us (95%) 206526 us (99%).
I0312 11:23:51.049649 500880 AriaExecutor.h:649] Worker 5 latency: 36331 us (50%) 79942 us (75%) 174302 us (95%) 203829 us (99%).
I0312 11:23:51.056064 500880 AriaExecutor.h:649] Worker 6 latency: 36006 us (50%) 78540 us (75%) 172366 us (95%) 203015 us (99%).
I0312 11:23:51.062295 500880 AriaExecutor.h:649] Worker 7 latency: 32247 us (50%) 72156 us (75%) 169647 us (95%) 201988 us (99%).
I0312 11:23:51.067950 500880 AriaExecutor.h:649] Worker 8 latency: 31730 us (50%) 70310 us (75%) 169731 us (95%) 201546 us (99%).
I0312 11:23:51.073071 500880 AriaExecutor.h:649] Worker 9 latency: 31417 us (50%) 68389 us (75%) 165937 us (95%) 199473 us (99%).
I0312 11:23:51.078213 500880 AriaExecutor.h:649] Worker 10 latency: 31461 us (50%) 67793 us (75%) 165538 us (95%) 198468 us (99%).
I0312 11:23:51.083281 500880 AriaExecutor.h:649] Worker 11 latency: 30940 us (50%) 66912 us (75%) 161024 us (95%) 196063 us (99%).
I0312 11:23:51.088538 500880 Coordinator.h:177] total commit: 38053.9
I0312 11:23:52.088732 500880 Coordinator.h:192] Coordinator exits.
