I0312 10:53:24.178354 465506 Database.h:65] ycsb initialization finished in 153 milliseconds.
I0312 10:53:24.178586 465506 Coordinator.h:30] Coordinator initializes 12 workers.
I0312 10:53:24.228228 465506 Coordinator.h:77] Coordinator starts to run 13 workers.
I0312 10:53:24.228401 465524 AriaExecutor.h:82] AriaExecutor 1 started. 
I0312 10:53:24.228554 465525 AriaExecutor.h:82] AriaExecutor 2 started. 
I0312 10:53:24.228675 465526 AriaExecutor.h:82] AriaExecutor 3 started. 
I0312 10:53:24.228775 465527 AriaExecutor.h:82] AriaExecutor 4 started. 
I0312 10:53:24.228864 465528 AriaExecutor.h:82] AriaExecutor 5 started. 
I0312 10:53:24.228961 465529 AriaExecutor.h:82] AriaExecutor 6 started. 
I0312 10:53:24.229060 465530 AriaExecutor.h:82] AriaExecutor 7 started. 
I0312 10:53:24.229149 465531 AriaExecutor.h:82] AriaExecutor 8 started. 
I0312 10:53:24.229242 465532 AriaExecutor.h:82] AriaExecutor 9 started. 
I0312 10:53:24.229460 465534 AriaExecutor.h:82] AriaExecutor 11 started. 
I0312 10:53:24.232353 465523 AriaExecutor.h:82] AriaExecutor 0 started. 
I0312 10:53:24.233351 465533 AriaExecutor.h:82] AriaExecutor 10 started. 
I0312 10:53:24.233938 465535 Manager.h:224] Manager(worker id = 12) on the coordinator node started.
I0312 10:53:25.229600 465506 Coordinator.h:126] commit: 36993 abort: 622463 (0/622463/0), network size: 0, avg network size: 0, si_in_serializable: 0 0 %, local: 0 %
I0312 10:53:26.229765 465506 Coordinator.h:126] commit: 43095 abort: 624553 (0/624553/0), network size: 0, avg network size: 0, si_in_serializable: 0 0 %, local: 0 %
I0312 10:53:27.229929 465506 Coordinator.h:126] commit: 45504 abort: 634432 (0/634432/0), network size: 0, avg network size: 0, si_in_serializable: 0 0 %, local: 0 %
I0312 10:53:28.230064 465506 Coordinator.h:126] commit: 45023 abort: 643105 (0/643105/0), network size: 0, avg network size: 0, si_in_serializable: 0 0 %, local: 0 %
I0312 10:53:29.230180 465506 Coordinator.h:126] commit: 44906 abort: 649366 (0/649366/0), network size: 0, avg network size: 0, si_in_serializable: 0 0 %, local: 0 %
I0312 10:53:30.230288 465506 Coordinator.h:126] commit: 44178 abort: 631662 (0/631662/0), network size: 0, avg network size: 0, si_in_serializable: 0 0 %, local: 0 %
I0312 10:53:31.230397 465506 Coordinator.h:126] commit: 45140 abort: 647084 (0/647084/0), network size: 0, avg network size: 0, si_in_serializable: 0 0 %, local: 0 %
I0312 10:53:32.230553 465506 Coordinator.h:126] commit: 45104 abort: 634832 (0/634832/0), network size: 0, avg network size: 0, si_in_serializable: 0 0 %, local: 0 %
I0312 10:53:33.230679 465506 Coordinator.h:126] commit: 44932 abort: 630908 (0/630908/0), network size: 0, avg network size: 0, si_in_serializable: 0 0 %, local: 0 %
I0312 10:53:34.230791 465506 Coordinator.h:126] commit: 44842 abort: 633046 (0/633046/0), network size: 0, avg network size: 0, si_in_serializable: 0 0 %, local: 0 %
I0312 10:53:35.230906 465506 Coordinator.h:126] commit: 45133 abort: 632755 (0/632755/0), network size: 0, avg network size: 0, si_in_serializable: 0 0 %, local: 0 %
I0312 10:53:36.231021 465506 Coordinator.h:126] commit: 44956 abort: 620644 (0/620644/0), network size: 0, avg network size: 0, si_in_serializable: 0 0 %, local: 0 %
I0312 10:53:37.231153 465506 Coordinator.h:126] commit: 45095 abort: 626649 (0/626649/0), network size: 0, avg network size: 0, si_in_serializable: 0 0 %, local: 0 %
I0312 10:53:38.231312 465506 Coordinator.h:126] commit: 44457 abort: 617047 (0/617047/0), network size: 0, avg network size: 0, si_in_serializable: 0 0 %, local: 0 %
I0312 10:53:39.231436 465506 Coordinator.h:126] commit: 44961 abort: 626783 (0/626783/0), network size: 0, avg network size: 0, si_in_serializable: 0 0 %, local: 0 %
I0312 10:53:40.231544 465506 Coordinator.h:126] commit: 44576 abort: 633312 (0/633312/0), network size: 0, avg network size: 0, si_in_serializable: 0 0 %, local: 0 %
I0312 10:53:41.231655 465506 Coordinator.h:126] commit: 44932 abort: 630908 (0/630908/0), network size: 0, avg network size: 0, si_in_serializable: 0 0 %, local: 0 %
I0312 10:53:42.231773 465506 Coordinator.h:126] commit: 44900 abort: 628892 (0/628892/0), network size: 0, avg network size: 0, si_in_serializable: 0 0 %, local: 0 %
I0312 10:53:43.231890 465506 Coordinator.h:126] commit: 44266 abort: 627478 (0/627478/0), network size: 0, avg network size: 0, si_in_serializable: 0 0 %, local: 0 %
I0312 10:53:44.232023 465506 Coordinator.h:126] commit: 44004 abort: 629788 (0/629788/0), network size: 0, avg network size: 0, si_in_serializable: 0 0 %, local: 0 %
I0312 10:53:45.232127 465506 Coordinator.h:126] commit: 44906 abort: 639126 (0/639126/0), network size: 0, avg network size: 0, si_in_serializable: 0 0 %, local: 0 %
I0312 10:53:46.232234 465506 Coordinator.h:126] commit: 44515 abort: 633373 (0/633373/0), network size: 0, avg network size: 0, si_in_serializable: 0 0 %, local: 0 %
I0312 10:53:47.232352 465506 Coordinator.h:126] commit: 44530 abort: 635406 (0/635406/0), network size: 0, avg network size: 0, si_in_serializable: 0 0 %, local: 0 %
I0312 10:53:48.232461 465506 Coordinator.h:126] commit: 44751 abort: 637233 (0/637233/0), network size: 0, avg network size: 0, si_in_serializable: 0 0 %, local: 0 %
I0312 10:53:49.232570 465506 Coordinator.h:126] commit: 43941 abort: 629851 (0/629851/0), network size: 0, avg network size: 0, si_in_serializable: 0 0 %, local: 0 %
I0312 10:53:49.232613 465506 Coordinator.h:152] average commit: 44728 abort: 627426 (0/627426/0), network size: 0, avg network size: 0, si_in_serializable: 0 0 %, local: 0 %
I0312 10:53:49.233065 465528 AriaExecutor.h:94] AriaExecutor 5 exits. 
I0312 10:53:49.233070 465527 AriaExecutor.h:94] AriaExecutor 4 exits. 
I0312 10:53:49.233073 465531 AriaExecutor.h:94] AriaExecutor 8 exits. 
I0312 10:53:49.233067 465524 AriaExecutor.h:94] AriaExecutor 1 exits. 
I0312 10:53:49.233067 465533 AriaExecutor.h:94] AriaExecutor 10 exits. 
I0312 10:53:49.233071 465523 AriaExecutor.h:94] AriaExecutor 0 exits. 
I0312 10:53:49.233070 465526 AriaExecutor.h:94] AriaExecutor 3 exits. 
I0312 10:53:49.233072 465534 AriaExecutor.h:94] AriaExecutor 11 exits. 
I0312 10:53:49.233072 465525 AriaExecutor.h:94] AriaExecutor 2 exits. 
I0312 10:53:49.233071 465530 AriaExecutor.h:94] AriaExecutor 7 exits. 
I0312 10:53:49.233071 465532 AriaExecutor.h:94] AriaExecutor 9 exits. 
I0312 10:53:49.233071 465529 AriaExecutor.h:94] AriaExecutor 6 exits. 
I0312 10:53:49.233072 465535 Manager.h:227] Manager(worker id = 12) on the coordinator node exits.
I0312 10:53:49.232637 465506 AriaExecutor.h:535] Worker 0 latency: 32199 us (50%) 96178 us (75%) 169633 us (95%) 189540 us (99%).
I0312 10:53:49.244589 465506 AriaExecutor.h:535] Worker 1 latency: 16991 us (50%) 86398 us (75%) 156398 us (95%) 180227 us (99%).
I0312 10:53:49.257987 465506 AriaExecutor.h:535] Worker 2 latency: 23156 us (50%) 85252 us (75%) 148395 us (95%) 174965 us (99%).
I0312 10:53:49.276945 465506 AriaExecutor.h:535] Worker 3 latency: 22692 us (50%) 84310 us (75%) 145355 us (95%) 171345 us (99%).
I0312 10:53:49.299072 465506 AriaExecutor.h:535] Worker 4 latency: 16577 us (50%) 78159 us (75%) 145356 us (95%) 170445 us (99%).
I0312 10:53:49.317268 465506 AriaExecutor.h:535] Worker 5 latency: 17129 us (50%) 75377 us (75%) 142712 us (95%) 168742 us (99%).
I0312 10:53:49.339143 465506 AriaExecutor.h:535] Worker 6 latency: 23429 us (50%) 82353 us (75%) 141096 us (95%) 167024 us (99%).
I0312 10:53:49.358657 465506 AriaExecutor.h:535] Worker 7 latency: 22886 us (50%) 81154 us (75%) 139914 us (95%) 164929 us (99%).
I0312 10:53:49.381278 465506 AriaExecutor.h:535] Worker 8 latency: 23088 us (50%) 83101 us (75%) 138939 us (95%) 163771 us (99%).
I0312 10:53:49.403541 465506 AriaExecutor.h:535] Worker 9 latency: 23049 us (50%) 82496 us (75%) 137687 us (95%) 161907 us (99%).
I0312 10:53:49.422865 465506 AriaExecutor.h:535] Worker 10 latency: 18276 us (50%) 78861 us (75%) 137745 us (95%) 161592 us (99%).
I0312 10:53:49.443768 465506 AriaExecutor.h:535] Worker 11 latency: 22612 us (50%) 81498 us (75%) 136733 us (95%) 161155 us (99%).
I0312 10:53:49.463153 465506 Coordinator.h:177] total commit: 44728
I0312 10:53:50.463330 465506 Coordinator.h:192] Coordinator exits.
