I0312 11:03:29.358670 478094 Database.h:65] ycsb initialization finished in 99 milliseconds.
I0312 11:03:29.358889 478094 Coordinator.h:30] Coordinator initializes 12 workers.
I0312 11:03:29.467875 478094 Coordinator.h:77] Coordinator starts to run 13 workers.
I0312 11:03:29.467969 478110 AriaExecutor.h:91] AriaExecutor 0 started. 
I0312 11:03:29.468012 478111 AriaExecutor.h:91] AriaExecutor 1 started. 
I0312 11:03:29.468091 478112 AriaExecutor.h:91] AriaExecutor 2 started. 
I0312 11:03:29.468152 478113 AriaExecutor.h:91] AriaExecutor 3 started. 
I0312 11:03:29.468231 478114 AriaExecutor.h:91] AriaExecutor 4 started. 
I0312 11:03:29.468322 478115 AriaExecutor.h:91] AriaExecutor 5 started. 
I0312 11:03:29.468391 478116 AriaExecutor.h:91] AriaExecutor 6 started. 
I0312 11:03:29.468456 478117 AriaExecutor.h:91] AriaExecutor 7 started. 
I0312 11:03:29.468518 478118 AriaExecutor.h:91] AriaExecutor 8 started. 
I0312 11:03:29.468602 478119 AriaExecutor.h:91] AriaExecutor 9 started. 
I0312 11:03:29.468699 478120 AriaExecutor.h:91] AriaExecutor 10 started. 
I0312 11:03:29.468788 478121 AriaExecutor.h:91] AriaExecutor 11 started. 
I0312 11:03:29.468894 478122 Manager.h:224] Manager(worker id = 12) on the coordinator node started.
I0312 11:03:30.468951 478094 Coordinator.h:126] commit: 1722 abort: 80198 (0/80198/0), network size: 0, avg network size: 0, si_in_serializable: 0 0 %, local: 0 %
I0312 11:03:31.469127 478094 Coordinator.h:126] commit: 1924 abort: 84092 (0/84092/0), network size: 0, avg network size: 0, si_in_serializable: 0 0 %, local: 0 %
I0312 11:03:32.469342 478094 Coordinator.h:126] commit: 2167 abort: 83849 (0/83849/0), network size: 0, avg network size: 0, si_in_serializable: 0 0 %, local: 0 %
I0312 11:03:33.469514 478094 Coordinator.h:126] commit: 2398 abort: 83618 (0/83618/0), network size: 0, avg network size: 0, si_in_serializable: 0 0 %, local: 0 %
I0312 11:03:34.469666 478094 Coordinator.h:126] commit: 2039 abort: 79881 (0/79881/0), network size: 0, avg network size: 0, si_in_serializable: 0 0 %, local: 0 %
I0312 11:03:35.469810 478094 Coordinator.h:126] commit: 2014 abort: 79906 (0/79906/0), network size: 0, avg network size: 0, si_in_serializable: 0 0 %, local: 0 %
I0312 11:03:36.469956 478094 Coordinator.h:126] commit: 2128 abort: 79792 (0/79792/0), network size: 0, avg network size: 0, si_in_serializable: 0 0 %, local: 0 %
I0312 11:03:37.470168 478094 Coordinator.h:126] commit: 2028 abort: 75796 (0/75796/0), network size: 0, avg network size: 0, si_in_serializable: 0 0 %, local: 0 %
I0312 11:03:38.470330 478094 Coordinator.h:126] commit: 2076 abort: 79844 (0/79844/0), network size: 0, avg network size: 0, si_in_serializable: 0 0 %, local: 0 %
I0312 11:03:39.470477 478094 Coordinator.h:126] commit: 2040 abort: 75784 (0/75784/0), network size: 0, avg network size: 0, si_in_serializable: 0 0 %, local: 0 %
I0312 11:03:40.470623 478094 Coordinator.h:126] commit: 2112 abort: 79808 (0/79808/0), network size: 0, avg network size: 0, si_in_serializable: 0 0 %, local: 0 %
I0312 11:03:41.470773 478094 Coordinator.h:126] commit: 2123 abort: 75701 (0/75701/0), network size: 0, avg network size: 0, si_in_serializable: 0 0 %, local: 0 %
I0312 11:03:42.470924 478094 Coordinator.h:126] commit: 2142 abort: 79778 (0/79778/0), network size: 0, avg network size: 0, si_in_serializable: 0 0 %, local: 0 %
I0312 11:03:43.471071 478094 Coordinator.h:126] commit: 1981 abort: 75843 (0/75843/0), network size: 0, avg network size: 0, si_in_serializable: 0 0 %, local: 0 %
I0312 11:03:44.471212 478094 Coordinator.h:126] commit: 2246 abort: 79674 (0/79674/0), network size: 0, avg network size: 0, si_in_serializable: 0 0 %, local: 0 %
I0312 11:03:45.471362 478094 Coordinator.h:126] commit: 2152 abort: 75672 (0/75672/0), network size: 0, avg network size: 0, si_in_serializable: 0 0 %, local: 0 %
I0312 11:03:46.471511 478094 Coordinator.h:126] commit: 2036 abort: 79884 (0/79884/0), network size: 0, avg network size: 0, si_in_serializable: 0 0 %, local: 0 %
I0312 11:03:47.471660 478094 Coordinator.h:126] commit: 1895 abort: 75929 (0/75929/0), network size: 0, avg network size: 0, si_in_serializable: 0 0 %, local: 0 %
I0312 11:03:48.471879 478094 Coordinator.h:126] commit: 2152 abort: 79768 (0/79768/0), network size: 0, avg network size: 0, si_in_serializable: 0 0 %, local: 0 %
I0312 11:03:49.472048 478094 Coordinator.h:126] commit: 2136 abort: 79784 (0/79784/0), network size: 0, avg network size: 0, si_in_serializable: 0 0 %, local: 0 %
I0312 11:03:50.472203 478094 Coordinator.h:126] commit: 1906 abort: 75918 (0/75918/0), network size: 0, avg network size: 0, si_in_serializable: 0 0 %, local: 0 %
I0312 11:03:51.472368 478094 Coordinator.h:126] commit: 2113 abort: 79807 (0/79807/0), network size: 0, avg network size: 0, si_in_serializable: 0 0 %, local: 0 %
I0312 11:03:52.472524 478094 Coordinator.h:126] commit: 2129 abort: 75695 (0/75695/0), network size: 0, avg network size: 0, si_in_serializable: 0 0 %, local: 0 %
I0312 11:03:53.472673 478094 Coordinator.h:126] commit: 1980 abort: 75844 (0/75844/0), network size: 0, avg network size: 0, si_in_serializable: 0 0 %, local: 0 %
I0312 11:03:54.472823 478094 Coordinator.h:126] commit: 2050 abort: 79870 (0/79870/0), network size: 0, avg network size: 0, si_in_serializable: 0 0 %, local: 0 %
I0312 11:03:54.472887 478094 Coordinator.h:152] average commit: 2097.5 abort: 78184.1 (0/78184.1/0), network size: 0, avg network size: 0, si_in_serializable: 0 0 %, local: 0 %
I0312 11:03:54.472935 478094 AriaExecutor.h:649] Worker 0 latency: 1923866 us (50%) 2110591 us (75%) 2301800 us (95%) 2447812 us (99%).
I0312 11:03:54.513844 478122 Manager.h:227] Manager(worker id = 12) on the coordinator node exits.
I0312 11:03:54.513841 478111 AriaExecutor.h:103] AriaExecutor 1 exits. 
I0312 11:03:54.513841 478121 AriaExecutor.h:103] AriaExecutor 11 exits. 
I0312 11:03:54.513841 478115 AriaExecutor.h:103] AriaExecutor 5 exits. 
I0312 11:03:54.513841 478113 AriaExecutor.h:103] AriaExecutor 3 exits. 
I0312 11:03:54.513841 478114 AriaExecutor.h:103] AriaExecutor 4 exits. 
I0312 11:03:54.513841 478112 AriaExecutor.h:103] AriaExecutor 2 exits. 
I0312 11:03:54.513841 478117 AriaExecutor.h:103] AriaExecutor 7 exits. 
I0312 11:03:54.513841 478119 AriaExecutor.h:103] AriaExecutor 9 exits. 
I0312 11:03:54.513841 478110 AriaExecutor.h:103] AriaExecutor 0 exits. 
I0312 11:03:54.513841 478118 AriaExecutor.h:103] AriaExecutor 8 exits. 
I0312 11:03:54.513841 478120 AriaExecutor.h:103] AriaExecutor 10 exits. 
I0312 11:03:54.513841 478116 AriaExecutor.h:103] AriaExecutor 6 exits. 
I0312 11:03:54.514117 478094 AriaExecutor.h:649] Worker 1 latency: 2076905 us (50%) 2180101 us (75%) 2339807 us (95%) 2492260 us (99%).
I0312 11:03:54.514724 478094 AriaExecutor.h:649] Worker 2 latency: 2069488 us (50%) 2179177 us (75%) 2331564 us (95%) 2489862 us (99%).
I0312 11:03:54.515419 478094 AriaExecutor.h:649] Worker 3 latency: 2076128 us (50%) 2180353 us (75%) 2331668 us (95%) 2458856 us (99%).
I0312 11:03:54.516011 478094 AriaExecutor.h:649] Worker 4 latency: 2043382 us (50%) 2177858 us (75%) 2319579 us (95%) 2463632 us (99%).
I0312 11:03:54.516717 478094 AriaExecutor.h:649] Worker 5 latency: 1986406 us (50%) 2134636 us (75%) 2290180 us (95%) 2446955 us (99%).
I0312 11:03:54.517516 478094 AriaExecutor.h:649] Worker 6 latency: 2047946 us (50%) 2162544 us (75%) 2324464 us (95%) 2460457 us (99%).
I0312 11:03:54.518162 478094 AriaExecutor.h:649] Worker 7 latency: 2054298 us (50%) 2174243 us (75%) 2306191 us (95%) 2450352 us (99%).
I0312 11:03:54.518774 478094 AriaExecutor.h:649] Worker 8 latency: 2042882 us (50%) 2152681 us (75%) 2294927 us (95%) 2447603 us (99%).
I0312 11:03:54.519377 478094 AriaExecutor.h:649] Worker 9 latency: 2041367 us (50%) 2145636 us (75%) 2291043 us (95%) 2465328 us (99%).
I0312 11:03:54.519995 478094 AriaExecutor.h:649] Worker 10 latency: 2040599 us (50%) 2144782 us (75%) 2294769 us (95%) 2462373 us (99%).
I0312 11:03:54.520592 478094 AriaExecutor.h:649] Worker 11 latency: 2037398 us (50%) 2138484 us (75%) 2286333 us (95%) 2447278 us (99%).
I0312 11:03:54.521235 478094 Coordinator.h:177] total commit: 2097.5
I0312 11:03:55.521433 478094 Coordinator.h:192] Coordinator exits.
