I0312 10:36:43.095561 433572 Database.h:65] ycsb initialization finished in 99 milliseconds.
I0312 10:36:43.095808 433572 Coordinator.h:30] Coordinator initializes 12 workers.
I0312 10:36:43.135232 433572 Coordinator.h:77] Coordinator starts to run 13 workers.
I0312 10:36:43.135315 433595 AriaExecutor.h:82] AriaExecutor 0 started. 
I0312 10:36:43.135385 433596 AriaExecutor.h:82] AriaExecutor 1 started. 
I0312 10:36:43.135478 433597 AriaExecutor.h:82] AriaExecutor 2 started. 
I0312 10:36:43.135555 433598 AriaExecutor.h:82] AriaExecutor 3 started. 
I0312 10:36:43.135613 433599 AriaExecutor.h:82] AriaExecutor 4 started. 
I0312 10:36:43.135872 433600 AriaExecutor.h:82] AriaExecutor 5 started. 
I0312 10:36:43.136059 433601 AriaExecutor.h:82] AriaExecutor 6 started. 
I0312 10:36:43.136261 433602 AriaExecutor.h:82] AriaExecutor 7 started. 
I0312 10:36:43.136468 433603 AriaExecutor.h:82] AriaExecutor 8 started. 
I0312 10:36:43.136650 433604 AriaExecutor.h:82] AriaExecutor 9 started. 
I0312 10:36:43.136831 433605 AriaExecutor.h:82] AriaExecutor 10 started. 
I0312 10:36:43.137019 433606 AriaExecutor.h:82] AriaExecutor 11 started. 
I0312 10:36:43.137187 433607 Manager.h:224] Manager(worker id = 12) on the coordinator node started.
I0312 10:36:44.137253 433572 Coordinator.h:126] commit: 495458 abort: 4254 (0/4254/0), network size: 0, avg network size: 0, si_in_serializable: 0 0 %, local: 0 %
I0312 10:36:45.137391 433572 Coordinator.h:126] commit: 502639 abort: 4241 (0/4241/0), network size: 0, avg network size: 0, si_in_serializable: 0 0 %, local: 0 %
I0312 10:36:46.137545 433572 Coordinator.h:126] commit: 506676 abort: 4300 (0/4300/0), network size: 0, avg network size: 0, si_in_serializable: 0 0 %, local: 0 %
I0312 10:36:47.137672 433572 Coordinator.h:126] commit: 505581 abort: 4371 (0/4371/0), network size: 0, avg network size: 0, si_in_serializable: 0 0 %, local: 0 %
I0312 10:36:48.137790 433572 Coordinator.h:126] commit: 505627 abort: 4325 (0/4325/0), network size: 0, avg network size: 0, si_in_serializable: 0 0 %, local: 0 %
I0312 10:36:49.137908 433572 Coordinator.h:126] commit: 502592 abort: 4288 (0/4288/0), network size: 0, avg network size: 0, si_in_serializable: 0 0 %, local: 0 %
I0312 10:36:50.138031 433572 Coordinator.h:126] commit: 497509 abort: 4251 (0/4251/0), network size: 0, avg network size: 0, si_in_serializable: 0 0 %, local: 0 %
I0312 10:36:51.138182 433572 Coordinator.h:126] commit: 504577 abort: 4351 (0/4351/0), network size: 0, avg network size: 0, si_in_serializable: 0 0 %, local: 0 %
I0312 10:36:52.138304 433572 Coordinator.h:126] commit: 505721 abort: 4231 (0/4231/0), network size: 0, avg network size: 0, si_in_serializable: 0 0 %, local: 0 %
I0312 10:36:53.138422 433572 Coordinator.h:126] commit: 504751 abort: 4177 (0/4177/0), network size: 0, avg network size: 0, si_in_serializable: 0 0 %, local: 0 %
I0312 10:36:54.138542 433572 Coordinator.h:126] commit: 503564 abort: 4340 (0/4340/0), network size: 0, avg network size: 0, si_in_serializable: 0 0 %, local: 0 %
I0312 10:36:55.138661 433572 Coordinator.h:126] commit: 503641 abort: 4263 (0/4263/0), network size: 0, avg network size: 0, si_in_serializable: 0 0 %, local: 0 %
I0312 10:36:56.138782 433572 Coordinator.h:126] commit: 489396 abort: 4181 (0/4181/0), network size: 0, avg network size: 0, si_in_serializable: 0 0 %, local: 0 %
I0312 10:36:57.138904 433572 Coordinator.h:126] commit: 501482 abort: 4364 (0/4364/0), network size: 0, avg network size: 0, si_in_serializable: 0 0 %, local: 0 %
I0312 10:36:58.139024 433572 Coordinator.h:126] commit: 501954 abort: 4310 (0/4310/0), network size: 0, avg network size: 0, si_in_serializable: 0 0 %, local: 0 %
I0312 10:36:59.139142 433572 Coordinator.h:126] commit: 501179 abort: 4266 (0/4266/0), network size: 0, avg network size: 0, si_in_serializable: 0 0 %, local: 0 %
I0312 10:37:00.139266 433572 Coordinator.h:126] commit: 498397 abort: 4387 (0/4387/0), network size: 0, avg network size: 0, si_in_serializable: 0 0 %, local: 0 %
I0312 10:37:01.139389 433572 Coordinator.h:126] commit: 501651 abort: 4205 (0/4205/0), network size: 0, avg network size: 0, si_in_serializable: 0 0 %, local: 0 %
I0312 10:37:02.139539 433572 Coordinator.h:126] commit: 501591 abort: 4265 (0/4265/0), network size: 0, avg network size: 0, si_in_serializable: 0 0 %, local: 0 %
I0312 10:37:03.139667 433572 Coordinator.h:126] commit: 501626 abort: 4230 (0/4230/0), network size: 0, avg network size: 0, si_in_serializable: 0 0 %, local: 0 %
I0312 10:37:04.139784 433572 Coordinator.h:126] commit: 500757 abort: 4075 (0/4075/0), network size: 0, avg network size: 0, si_in_serializable: 0 0 %, local: 0 %
I0312 10:37:05.139902 433572 Coordinator.h:126] commit: 499600 abort: 4208 (0/4208/0), network size: 0, avg network size: 0, si_in_serializable: 0 0 %, local: 0 %
I0312 10:37:06.140024 433572 Coordinator.h:126] commit: 500566 abort: 4266 (0/4266/0), network size: 0, avg network size: 0, si_in_serializable: 0 0 %, local: 0 %
I0312 10:37:07.140146 433572 Coordinator.h:126] commit: 499526 abort: 4282 (0/4282/0), network size: 0, avg network size: 0, si_in_serializable: 0 0 %, local: 0 %
I0312 10:37:08.140267 433572 Coordinator.h:126] commit: 484392 abort: 4056 (0/4056/0), network size: 0, avg network size: 0, si_in_serializable: 0 0 %, local: 0 %
I0312 10:37:08.140309 433572 Coordinator.h:152] average commit: 500448 abort: 4281.1 (0/4281.1/0), network size: 0, avg network size: 0, si_in_serializable: 0 0 %, local: 0 %
I0312 10:37:08.140501 433607 Manager.h:227] Manager(worker id = 12) on the coordinator node exits.
I0312 10:37:08.140501 433599 AriaExecutor.h:94] AriaExecutor 4 exits. 
I0312 10:37:08.140502 433606 AriaExecutor.h:94] AriaExecutor 11 exits. 
I0312 10:37:08.140502 433597 AriaExecutor.h:94] AriaExecutor 2 exits. 
I0312 10:37:08.140503 433601 AriaExecutor.h:94] AriaExecutor 6 exits. 
I0312 10:37:08.140503 433596 AriaExecutor.h:94] AriaExecutor 1 exits. 
I0312 10:37:08.140506 433602 AriaExecutor.h:94] AriaExecutor 7 exits. 
I0312 10:37:08.140501 433600 AriaExecutor.h:94] AriaExecutor 5 exits. 
I0312 10:37:08.140504 433605 AriaExecutor.h:94] AriaExecutor 10 exits. 
I0312 10:37:08.140503 433598 AriaExecutor.h:94] AriaExecutor 3 exits. 
I0312 10:37:08.140501 433595 AriaExecutor.h:94] AriaExecutor 0 exits. 
I0312 10:37:08.140501 433604 AriaExecutor.h:94] AriaExecutor 9 exits. 
I0312 10:37:08.140503 433603 AriaExecutor.h:94] AriaExecutor 8 exits. 
I0312 10:37:08.140324 433572 AriaExecutor.h:535] Worker 0 latency: 1213 us (50%) 1611 us (75%) 1928 us (95%) 3346 us (99%).
I0312 10:37:08.187827 433572 AriaExecutor.h:535] Worker 1 latency: 1214 us (50%) 1611 us (75%) 1927 us (95%) 3028 us (99%).
I0312 10:37:08.234081 433572 AriaExecutor.h:535] Worker 2 latency: 1213 us (50%) 1610 us (75%) 1926 us (95%) 2870 us (99%).
I0312 10:37:08.280656 433572 AriaExecutor.h:535] Worker 3 latency: 1214 us (50%) 1610 us (75%) 1926 us (95%) 2716 us (99%).
I0312 10:37:08.326344 433572 AriaExecutor.h:535] Worker 4 latency: 1220 us (50%) 1613 us (75%) 1926 us (95%) 2609 us (99%).
I0312 10:37:08.374575 433572 AriaExecutor.h:535] Worker 5 latency: 1217 us (50%) 1610 us (75%) 1924 us (95%) 2478 us (99%).
I0312 10:37:08.422094 433572 AriaExecutor.h:535] Worker 6 latency: 1216 us (50%) 1609 us (75%) 1922 us (95%) 2087 us (99%).
I0312 10:37:08.468724 433572 AriaExecutor.h:535] Worker 7 latency: 1215 us (50%) 1607 us (75%) 1920 us (95%) 2000 us (99%).
I0312 10:37:08.516458 433572 AriaExecutor.h:535] Worker 8 latency: 1213 us (50%) 1605 us (75%) 1917 us (95%) 1990 us (99%).
I0312 10:37:08.563467 433572 AriaExecutor.h:535] Worker 9 latency: 1209 us (50%) 1602 us (75%) 1915 us (95%) 1985 us (99%).
I0312 10:37:08.610327 433572 AriaExecutor.h:535] Worker 10 latency: 1210 us (50%) 1601 us (75%) 1913 us (95%) 1981 us (99%).
I0312 10:37:08.656905 433572 AriaExecutor.h:535] Worker 11 latency: 1206 us (50%) 1599 us (75%) 1912 us (95%) 1979 us (99%).
I0312 10:37:08.703795 433572 Coordinator.h:177] total commit: 500448
I0312 10:37:09.703989 433572 Coordinator.h:192] Coordinator exits.
