I0312 10:47:06.607911 457598 Database.h:65] ycsb initialization finished in 99 milliseconds.
I0312 10:47:06.608134 457598 Coordinator.h:30] Coordinator initializes 12 workers.
I0312 10:47:06.717545 457598 Coordinator.h:77] Coordinator starts to run 13 workers.
I0312 10:47:06.717641 457626 AriaExecutor.h:82] AriaExecutor 0 started. 
I0312 10:47:06.717681 457627 AriaExecutor.h:82] AriaExecutor 1 started. 
I0312 10:47:06.717764 457628 AriaExecutor.h:82] AriaExecutor 2 started. 
I0312 10:47:06.717820 457629 AriaExecutor.h:82] AriaExecutor 3 started. 
I0312 10:47:06.717895 457630 AriaExecutor.h:82] AriaExecutor 4 started. 
I0312 10:47:06.718024 457631 AriaExecutor.h:82] AriaExecutor 5 started. 
I0312 10:47:06.718144 457632 AriaExecutor.h:82] AriaExecutor 6 started. 
I0312 10:47:06.718261 457633 AriaExecutor.h:82] AriaExecutor 7 started. 
I0312 10:47:06.718367 457634 AriaExecutor.h:82] AriaExecutor 8 started. 
I0312 10:47:06.718468 457635 AriaExecutor.h:82] AriaExecutor 9 started. 
I0312 10:47:06.718575 457636 AriaExecutor.h:82] AriaExecutor 10 started. 
I0312 10:47:06.718695 457637 AriaExecutor.h:82] AriaExecutor 11 started. 
I0312 10:47:06.718801 457638 Manager.h:224] Manager(worker id = 12) on the coordinator node started.
I0312 10:47:07.718852 457598 Coordinator.h:126] commit: 30 abort: 85986 (0/85986/0), network size: 0, avg network size: 0, si_in_serializable: 0 0 %, local: 0 %
I0312 10:47:08.718981 457598 Coordinator.h:126] commit: 28 abort: 90084 (0/90084/0), network size: 0, avg network size: 0, si_in_serializable: 0 0 %, local: 0 %
I0312 10:47:09.719141 457598 Coordinator.h:126] commit: 40 abort: 94168 (0/94168/0), network size: 0, avg network size: 0, si_in_serializable: 0 0 %, local: 0 %
I0312 10:47:10.719275 457598 Coordinator.h:126] commit: 36 abort: 90076 (0/90076/0), network size: 0, avg network size: 0, si_in_serializable: 0 0 %, local: 0 %
I0312 10:47:11.719403 457598 Coordinator.h:126] commit: 37 abort: 94171 (0/94171/0), network size: 0, avg network size: 0, si_in_serializable: 0 0 %, local: 0 %
I0312 10:47:12.719530 457598 Coordinator.h:126] commit: 34 abort: 90078 (0/90078/0), network size: 0, avg network size: 0, si_in_serializable: 0 0 %, local: 0 %
I0312 10:47:13.719655 457598 Coordinator.h:126] commit: 33 abort: 90079 (0/90079/0), network size: 0, avg network size: 0, si_in_serializable: 0 0 %, local: 0 %
I0312 10:47:14.719817 457598 Coordinator.h:126] commit: 41 abort: 90071 (0/90071/0), network size: 0, avg network size: 0, si_in_serializable: 0 0 %, local: 0 %
I0312 10:47:15.719956 457598 Coordinator.h:126] commit: 34 abort: 90078 (0/90078/0), network size: 0, avg network size: 0, si_in_serializable: 0 0 %, local: 0 %
I0312 10:47:16.720082 457598 Coordinator.h:126] commit: 36 abort: 90076 (0/90076/0), network size: 0, avg network size: 0, si_in_serializable: 0 0 %, local: 0 %
I0312 10:47:17.720206 457598 Coordinator.h:126] commit: 37 abort: 90075 (0/90075/0), network size: 0, avg network size: 0, si_in_serializable: 0 0 %, local: 0 %
I0312 10:47:18.720343 457598 Coordinator.h:126] commit: 30 abort: 85986 (0/85986/0), network size: 0, avg network size: 0, si_in_serializable: 0 0 %, local: 0 %
I0312 10:47:19.720471 457598 Coordinator.h:126] commit: 28 abort: 90084 (0/90084/0), network size: 0, avg network size: 0, si_in_serializable: 0 0 %, local: 0 %
I0312 10:47:20.720630 457598 Coordinator.h:126] commit: 26 abort: 85990 (0/85990/0), network size: 0, avg network size: 0, si_in_serializable: 0 0 %, local: 0 %
I0312 10:47:21.720767 457598 Coordinator.h:126] commit: 37 abort: 90075 (0/90075/0), network size: 0, avg network size: 0, si_in_serializable: 0 0 %, local: 0 %
I0312 10:47:22.720892 457598 Coordinator.h:126] commit: 36 abort: 85980 (0/85980/0), network size: 0, avg network size: 0, si_in_serializable: 0 0 %, local: 0 %
I0312 10:47:23.721024 457598 Coordinator.h:126] commit: 35 abort: 90077 (0/90077/0), network size: 0, avg network size: 0, si_in_serializable: 0 0 %, local: 0 %
I0312 10:47:24.721153 457598 Coordinator.h:126] commit: 28 abort: 85988 (0/85988/0), network size: 0, avg network size: 0, si_in_serializable: 0 0 %, local: 0 %
I0312 10:47:25.721274 457598 Coordinator.h:126] commit: 30 abort: 85986 (0/85986/0), network size: 0, avg network size: 0, si_in_serializable: 0 0 %, local: 0 %
I0312 10:47:26.721402 457598 Coordinator.h:126] commit: 27 abort: 85989 (0/85989/0), network size: 0, avg network size: 0, si_in_serializable: 0 0 %, local: 0 %
I0312 10:47:27.721529 457598 Coordinator.h:126] commit: 30 abort: 90082 (0/90082/0), network size: 0, avg network size: 0, si_in_serializable: 0 0 %, local: 0 %
I0312 10:47:28.721658 457598 Coordinator.h:126] commit: 34 abort: 85982 (0/85982/0), network size: 0, avg network size: 0, si_in_serializable: 0 0 %, local: 0 %
I0312 10:47:29.721783 457598 Coordinator.h:126] commit: 29 abort: 85987 (0/85987/0), network size: 0, avg network size: 0, si_in_serializable: 0 0 %, local: 0 %
I0312 10:47:30.721935 457598 Coordinator.h:126] commit: 33 abort: 81887 (0/81887/0), network size: 0, avg network size: 0, si_in_serializable: 0 0 %, local: 0 %
I0312 10:47:31.722065 457598 Coordinator.h:126] commit: 31 abort: 85985 (0/85985/0), network size: 0, avg network size: 0, si_in_serializable: 0 0 %, local: 0 %
I0312 10:47:31.722108 457598 Coordinator.h:152] average commit: 31.4 abort: 87623 (0/87623/0), network size: 0, avg network size: 0, si_in_serializable: 0 0 %, local: 0 %
I0312 10:47:31.722122 457598 AriaExecutor.h:535] Worker 0 latency: 12244207 us (50%) 18536933 us (75%) 23666616 us (95%) 24718425 us (99%).
I0312 10:47:31.732791 457635 AriaExecutor.h:94] AriaExecutor 9 exits. 
I0312 10:47:31.732791 457628 AriaExecutor.h:94] AriaExecutor 2 exits. 
I0312 10:47:31.732791 457626 AriaExecutor.h:94] AriaExecutor 0 exits. 
I0312 10:47:31.732791 457630 AriaExecutor.h:94] AriaExecutor 4 exits. 
I0312 10:47:31.732791 457637 AriaExecutor.h:94] AriaExecutor 11 exits. 
I0312 10:47:31.732791 457638 Manager.h:227] Manager(worker id = 12) on the coordinator node exits.
I0312 10:47:31.732791 457636 AriaExecutor.h:94] AriaExecutor 10 exits. 
I0312 10:47:31.732791 457633 AriaExecutor.h:94] AriaExecutor 7 exits. 
I0312 10:47:31.732791 457631 AriaExecutor.h:94] AriaExecutor 5 exits. 
I0312 10:47:31.732791 457632 AriaExecutor.h:94] AriaExecutor 6 exits. 
I0312 10:47:31.732791 457627 AriaExecutor.h:94] AriaExecutor 1 exits. 
I0312 10:47:31.732792 457634 AriaExecutor.h:94] AriaExecutor 8 exits. 
I0312 10:47:31.732791 457629 AriaExecutor.h:94] AriaExecutor 3 exits. 
I0312 10:47:31.733008 457598 AriaExecutor.h:535] Worker 1 latency: 11774423 us (50%) 17595863 us (75%) 24048654 us (95%) 24718569 us (99%).
I0312 10:47:31.733042 457598 AriaExecutor.h:535] Worker 2 latency: 10626192 us (50%) 18887157 us (75%) 23422034 us (95%) 23803375 us (99%).
I0312 10:47:31.733052 457598 AriaExecutor.h:535] Worker 3 latency: 12269443 us (50%) 18583796 us (75%) 23707872 us (95%) 23707872 us (99%).
I0312 10:47:31.733058 457598 AriaExecutor.h:535] Worker 4 latency: 5175287 us (50%) 11268885 us (75%) 23469753 us (95%) 23469753 us (99%).
I0312 10:47:31.733091 457598 AriaExecutor.h:535] Worker 5 latency: 6054915 us (50%) 20072334 us (75%) 22578666 us (95%) 22578666 us (99%).
I0312 10:47:31.733115 457598 AriaExecutor.h:535] Worker 6 latency: 9605157 us (50%) 11596907 us (75%) 15763693 us (95%) 15763693 us (99%).
I0312 10:47:31.733137 457598 AriaExecutor.h:535] Worker 7 latency: 11314880 us (50%) 14419448 us (75%) 19939212 us (95%) 19939212 us (99%).
I0312 10:47:31.733156 457598 AriaExecutor.h:535] Worker 8 latency: 6339868 us (50%) 8433960 us (75%) 14520004 us (95%) 14520004 us (99%).
I0312 10:47:31.733176 457598 AriaExecutor.h:535] Worker 9 latency: 3201283 us (50%) 12583312 us (75%) 18679657 us (95%) 18679657 us (99%).
I0312 10:47:31.733198 457598 AriaExecutor.h:535] Worker 10 latency: 4405613 us (50%) 21322392 us (75%) 22287687 us (95%) 22287687 us (99%).
I0312 10:47:31.733217 457598 AriaExecutor.h:535] Worker 11 latency: 5365664 us (50%) 9760442 us (75%) 14478048 us (95%) 14478048 us (99%).
I0312 10:47:31.733246 457598 Coordinator.h:177] total commit: 31.4
I0312 10:47:32.733428 457598 Coordinator.h:192] Coordinator exits.
