I0312 11:14:51.271996 496890 Database.h:65] ycsb initialization finished in 98 milliseconds.
I0312 11:14:51.272228 496890 Coordinator.h:30] Coordinator initializes 12 workers.
I0312 11:14:51.311040 496890 Coordinator.h:77] Coordinator starts to run 13 workers.
I0312 11:14:51.311137 496906 AriaExecutor.h:91] AriaExecutor 0 started. 
I0312 11:14:51.311304 496907 AriaExecutor.h:91] AriaExecutor 1 started. 
I0312 11:14:51.311501 496908 AriaExecutor.h:91] AriaExecutor 2 started. 
I0312 11:14:51.311646 496909 AriaExecutor.h:91] AriaExecutor 3 started. 
I0312 11:14:51.311810 496910 AriaExecutor.h:91] AriaExecutor 4 started. 
I0312 11:14:51.311971 496911 AriaExecutor.h:91] AriaExecutor 5 started. 
I0312 11:14:51.312125 496912 AriaExecutor.h:91] AriaExecutor 6 started. 
I0312 11:14:51.312307 496913 AriaExecutor.h:91] AriaExecutor 7 started. 
I0312 11:14:51.312465 496914 AriaExecutor.h:91] AriaExecutor 8 started. 
I0312 11:14:51.312608 496915 AriaExecutor.h:91] AriaExecutor 9 started. 
I0312 11:14:51.312758 496916 AriaExecutor.h:91] AriaExecutor 10 started. 
I0312 11:14:51.312904 496917 AriaExecutor.h:91] AriaExecutor 11 started. 
I0312 11:14:51.313066 496918 Manager.h:224] Manager(worker id = 12) on the coordinator node started.
I0312 11:14:52.313139 496890 Coordinator.h:126] commit: 338874 abort: 475206 (0/475206/0), network size: 0, avg network size: 0, si_in_serializable: 0 0 %, local: 0 %
I0312 11:14:53.313297 496890 Coordinator.h:126] commit: 335881 abort: 502775 (0/502775/0), network size: 0, avg network size: 0, si_in_serializable: 0 0 %, local: 0 %
I0312 11:14:54.313585 496890 Coordinator.h:126] commit: 332525 abort: 518419 (0/518419/0), network size: 0, avg network size: 0, si_in_serializable: 0 0 %, local: 0 %
I0312 11:14:55.313757 496890 Coordinator.h:126] commit: 335101 abort: 509699 (0/509699/0), network size: 0, avg network size: 0, si_in_serializable: 0 0 %, local: 0 %
I0312 11:14:56.313880 496890 Coordinator.h:126] commit: 335339 abort: 483861 (0/483861/0), network size: 0, avg network size: 0, si_in_serializable: 0 0 %, local: 0 %
I0312 11:14:57.314009 496890 Coordinator.h:126] commit: 346106 abort: 452614 (0/452614/0), network size: 0, avg network size: 0, si_in_serializable: 0 0 %, local: 0 %
I0312 11:14:58.314127 496890 Coordinator.h:126] commit: 333884 abort: 494532 (0/494532/0), network size: 0, avg network size: 0, si_in_serializable: 0 0 %, local: 0 %
I0312 11:14:59.314314 496890 Coordinator.h:126] commit: 333449 abort: 493943 (0/493943/0), network size: 0, avg network size: 0, si_in_serializable: 0 0 %, local: 0 %
I0312 11:15:00.314450 496890 Coordinator.h:126] commit: 336967 abort: 480185 (0/480185/0), network size: 0, avg network size: 0, si_in_serializable: 0 0 %, local: 0 %
I0312 11:15:01.314579 496890 Coordinator.h:126] commit: 330698 abort: 442422 (0/442422/0), network size: 0, avg network size: 0, si_in_serializable: 0 0 %, local: 0 %
I0312 11:15:02.314709 496890 Coordinator.h:126] commit: 337417 abort: 468471 (0/468471/0), network size: 0, avg network size: 0, si_in_serializable: 0 0 %, local: 0 %
I0312 11:15:03.314828 496890 Coordinator.h:126] commit: 337632 abort: 467232 (0/467232/0), network size: 0, avg network size: 0, si_in_serializable: 0 0 %, local: 0 %
I0312 11:15:04.314949 496890 Coordinator.h:126] commit: 327011 abort: 486045 (0/486045/0), network size: 0, avg network size: 0, si_in_serializable: 0 0 %, local: 0 %
I0312 11:15:05.315140 496890 Coordinator.h:126] commit: 327327 abort: 477515 (0/477515/0), network size: 0, avg network size: 0, si_in_serializable: 0 0 %, local: 0 %
I0312 11:15:06.315307 496890 Coordinator.h:126] commit: 337220 abort: 455378 (0/455378/0), network size: 0, avg network size: 0, si_in_serializable: 0 0 %, local: 0 %
I0312 11:15:07.315441 496890 Coordinator.h:126] commit: 325263 abort: 491889 (0/491889/0), network size: 0, avg network size: 0, si_in_serializable: 0 0 %, local: 0 %
I0312 11:15:08.315562 496890 Coordinator.h:126] commit: 322182 abort: 502138 (0/502138/0), network size: 0, avg network size: 0, si_in_serializable: 0 0 %, local: 0 %
I0312 11:15:09.315689 496890 Coordinator.h:126] commit: 329935 abort: 468785 (0/468785/0), network size: 0, avg network size: 0, si_in_serializable: 0 0 %, local: 0 %
I0312 11:15:10.315814 496890 Coordinator.h:126] commit: 320428 abort: 447572 (0/447572/0), network size: 0, avg network size: 0, si_in_serializable: 0 0 %, local: 0 %
I0312 11:15:11.315953 496890 Coordinator.h:126] commit: 320549 abort: 450523 (0/450523/0), network size: 0, avg network size: 0, si_in_serializable: 0 0 %, local: 0 %
I0312 11:15:12.316075 496890 Coordinator.h:126] commit: 329057 abort: 471711 (0/471711/0), network size: 0, avg network size: 0, si_in_serializable: 0 0 %, local: 0 %
I0312 11:15:13.316192 496890 Coordinator.h:126] commit: 327909 abort: 462619 (0/462619/0), network size: 0, avg network size: 0, si_in_serializable: 0 0 %, local: 0 %
I0312 11:15:14.316310 496890 Coordinator.h:126] commit: 326652 abort: 484356 (0/484356/0), network size: 0, avg network size: 0, si_in_serializable: 0 0 %, local: 0 %
I0312 11:15:15.316514 496890 Coordinator.h:126] commit: 329102 abort: 474738 (0/474738/0), network size: 0, avg network size: 0, si_in_serializable: 0 0 %, local: 0 %
I0312 11:15:16.316643 496890 Coordinator.h:126] commit: 328820 abort: 483212 (0/483212/0), network size: 0, avg network size: 0, si_in_serializable: 0 0 %, local: 0 %
I0312 11:15:16.316684 496890 Coordinator.h:152] average commit: 328496 abort: 471555 (0/471555/0), network size: 0, avg network size: 0, si_in_serializable: 0 0 %, local: 0 %
I0312 11:15:16.317358 496907 AriaExecutor.h:103] AriaExecutor 1 exits. 
I0312 11:15:16.317374 496910 AriaExecutor.h:103] AriaExecutor 4 exits. 
I0312 11:15:16.317373 496916 AriaExecutor.h:103] AriaExecutor 10 exits. 
I0312 11:15:16.317374 496913 AriaExecutor.h:103] AriaExecutor 7 exits. 
I0312 11:15:16.317358 496906 AriaExecutor.h:103] AriaExecutor 0 exits. 
I0312 11:15:16.317374 496917 AriaExecutor.h:103] AriaExecutor 11 exits. 
I0312 11:15:16.317374 496915 AriaExecutor.h:103] AriaExecutor 9 exits. 
I0312 11:15:16.317374 496914 AriaExecutor.h:103] AriaExecutor 8 exits. 
I0312 11:15:16.317374 496912 AriaExecutor.h:103] AriaExecutor 6 exits. 
I0312 11:15:16.317374 496908 AriaExecutor.h:103] AriaExecutor 2 exits. 
I0312 11:15:16.317382 496918 Manager.h:227] Manager(worker id = 12) on the coordinator node exits.
I0312 11:15:16.317375 496911 AriaExecutor.h:103] AriaExecutor 5 exits. 
I0312 11:15:16.317373 496909 AriaExecutor.h:103] AriaExecutor 3 exits. 
I0312 11:15:16.316727 496890 AriaExecutor.h:649] Worker 0 latency: 805 us (50%) 996 us (75%) 23714 us (95%) 143741 us (99%).
I0312 11:15:16.371414 496890 AriaExecutor.h:649] Worker 1 latency: 797 us (50%) 980 us (75%) 1935 us (95%) 60068 us (99%).
I0312 11:15:16.409574 496890 AriaExecutor.h:649] Worker 2 latency: 795 us (50%) 979 us (75%) 1952 us (95%) 58368 us (99%).
I0312 11:15:16.448127 496890 AriaExecutor.h:649] Worker 3 latency: 796 us (50%) 980 us (75%) 1892 us (95%) 57426 us (99%).
I0312 11:15:16.486443 496890 AriaExecutor.h:649] Worker 4 latency: 801 us (50%) 981 us (75%) 1868 us (95%) 55737 us (99%).
I0312 11:15:16.524214 496890 AriaExecutor.h:649] Worker 5 latency: 798 us (50%) 978 us (75%) 1849 us (95%) 54410 us (99%).
I0312 11:15:16.561543 496890 AriaExecutor.h:649] Worker 6 latency: 798 us (50%) 978 us (75%) 1837 us (95%) 54396 us (99%).
I0312 11:15:16.601043 496890 AriaExecutor.h:649] Worker 7 latency: 798 us (50%) 979 us (75%) 1840 us (95%) 54362 us (99%).
I0312 11:15:16.638841 496890 AriaExecutor.h:649] Worker 8 latency: 800 us (50%) 981 us (75%) 1843 us (95%) 54003 us (99%).
I0312 11:15:16.676740 496890 AriaExecutor.h:649] Worker 9 latency: 798 us (50%) 980 us (75%) 1823 us (95%) 54081 us (99%).
I0312 11:15:16.714589 496890 AriaExecutor.h:649] Worker 10 latency: 800 us (50%) 981 us (75%) 1828 us (95%) 53476 us (99%).
I0312 11:15:16.752969 496890 AriaExecutor.h:649] Worker 11 latency: 795 us (50%) 978 us (75%) 1848 us (95%) 52950 us (99%).
I0312 11:15:16.790974 496890 Coordinator.h:177] total commit: 328496
I0312 11:15:17.791198 496890 Coordinator.h:192] Coordinator exits.
