I0312 10:58:55.797834 471697 Database.h:65] ycsb initialization finished in 99 milliseconds.
I0312 10:58:55.798065 471697 Coordinator.h:30] Coordinator initializes 12 workers.
I0312 10:58:55.860860 471697 Coordinator.h:77] Coordinator starts to run 13 workers.
I0312 10:58:55.860970 471719 AriaExecutor.h:91] AriaExecutor 0 started. 
I0312 10:58:55.861007 471720 AriaExecutor.h:91] AriaExecutor 1 started. 
I0312 10:58:55.861158 471722 AriaExecutor.h:91] AriaExecutor 3 started. 
I0312 10:58:55.861227 471723 AriaExecutor.h:91] AriaExecutor 4 started. 
I0312 10:58:55.861291 471724 AriaExecutor.h:91] AriaExecutor 5 started. 
I0312 10:58:55.861348 471725 AriaExecutor.h:91] AriaExecutor 6 started. 
I0312 10:58:55.861418 471726 AriaExecutor.h:91] AriaExecutor 7 started. 
I0312 10:58:55.861517 471727 AriaExecutor.h:91] AriaExecutor 8 started. 
I0312 10:58:55.861603 471728 AriaExecutor.h:91] AriaExecutor 9 started. 
I0312 10:58:55.861676 471729 AriaExecutor.h:91] AriaExecutor 10 started. 
I0312 10:58:55.861776 471730 AriaExecutor.h:91] AriaExecutor 11 started. 
I0312 10:58:55.861879 471731 Manager.h:224] Manager(worker id = 12) on the coordinator node started.
I0312 10:58:55.868714 471721 AriaExecutor.h:91] AriaExecutor 2 started. 
I0312 10:58:56.861938 471697 Coordinator.h:126] commit: 709826 abort: 6974 (0/6974/0), network size: 0, avg network size: 0, si_in_serializable: 0 0 %, local: 0 %
I0312 10:58:57.862102 471697 Coordinator.h:126] commit: 726141 abort: 7043 (0/7043/0), network size: 0, avg network size: 0, si_in_serializable: 0 0 %, local: 0 %
I0312 10:58:58.862315 471697 Coordinator.h:126] commit: 730099 abort: 7181 (0/7181/0), network size: 0, avg network size: 0, si_in_serializable: 0 0 %, local: 0 %
I0312 10:58:59.862485 471697 Coordinator.h:126] commit: 734151 abort: 7225 (0/7225/0), network size: 0, avg network size: 0, si_in_serializable: 0 0 %, local: 0 %
I0312 10:59:00.862644 471697 Coordinator.h:126] commit: 724123 abort: 7013 (0/7013/0), network size: 0, avg network size: 0, si_in_serializable: 0 0 %, local: 0 %
I0312 10:59:01.862800 471697 Coordinator.h:126] commit: 726014 abort: 7170 (0/7170/0), network size: 0, avg network size: 0, si_in_serializable: 0 0 %, local: 0 %
I0312 10:59:02.862951 471697 Coordinator.h:126] commit: 727989 abort: 7243 (0/7243/0), network size: 0, avg network size: 0, si_in_serializable: 0 0 %, local: 0 %
I0312 10:59:03.863165 471697 Coordinator.h:126] commit: 723992 abort: 7144 (0/7144/0), network size: 0, avg network size: 0, si_in_serializable: 0 0 %, local: 0 %
I0312 10:59:04.863333 471697 Coordinator.h:126] commit: 705923 abort: 6781 (0/6781/0), network size: 0, avg network size: 0, si_in_serializable: 0 0 %, local: 0 %
I0312 10:59:05.863487 471697 Coordinator.h:126] commit: 720065 abort: 6975 (0/6975/0), network size: 0, avg network size: 0, si_in_serializable: 0 0 %, local: 0 %
I0312 10:59:06.863641 471697 Coordinator.h:126] commit: 722137 abort: 6951 (0/6951/0), network size: 0, avg network size: 0, si_in_serializable: 0 0 %, local: 0 %
I0312 10:59:07.863792 471697 Coordinator.h:126] commit: 720016 abort: 7024 (0/7024/0), network size: 0, avg network size: 0, si_in_serializable: 0 0 %, local: 0 %
I0312 10:59:08.863947 471697 Coordinator.h:126] commit: 715966 abort: 6978 (0/6978/0), network size: 0, avg network size: 0, si_in_serializable: 0 0 %, local: 0 %
I0312 10:59:09.864101 471697 Coordinator.h:126] commit: 717894 abort: 7098 (0/7098/0), network size: 0, avg network size: 0, si_in_serializable: 0 0 %, local: 0 %
I0312 10:59:10.864271 471697 Coordinator.h:126] commit: 708031 abort: 6721 (0/6721/0), network size: 0, avg network size: 0, si_in_serializable: 0 0 %, local: 0 %
I0312 10:59:11.864497 471697 Coordinator.h:126] commit: 713849 abort: 7047 (0/7047/0), network size: 0, avg network size: 0, si_in_serializable: 0 0 %, local: 0 %
I0312 10:59:12.864661 471697 Coordinator.h:126] commit: 711983 abort: 6865 (0/6865/0), network size: 0, avg network size: 0, si_in_serializable: 0 0 %, local: 0 %
I0312 10:59:13.864815 471697 Coordinator.h:126] commit: 673316 abort: 6620 (0/6620/0), network size: 0, avg network size: 0, si_in_serializable: 0 0 %, local: 0 %
I0312 10:59:14.864965 471697 Coordinator.h:126] commit: 709939 abort: 6861 (0/6861/0), network size: 0, avg network size: 0, si_in_serializable: 0 0 %, local: 0 %
I0312 10:59:15.865121 471697 Coordinator.h:126] commit: 707987 abort: 6765 (0/6765/0), network size: 0, avg network size: 0, si_in_serializable: 0 0 %, local: 0 %
I0312 10:59:16.865272 471697 Coordinator.h:126] commit: 709758 abort: 7042 (0/7042/0), network size: 0, avg network size: 0, si_in_serializable: 0 0 %, local: 0 %
I0312 10:59:17.865428 471697 Coordinator.h:126] commit: 705839 abort: 6865 (0/6865/0), network size: 0, avg network size: 0, si_in_serializable: 0 0 %, local: 0 %
I0312 10:59:18.865583 471697 Coordinator.h:126] commit: 705806 abort: 6898 (0/6898/0), network size: 0, avg network size: 0, si_in_serializable: 0 0 %, local: 0 %
I0312 10:59:19.865737 471697 Coordinator.h:126] commit: 705883 abort: 6821 (0/6821/0), network size: 0, avg network size: 0, si_in_serializable: 0 0 %, local: 0 %
I0312 10:59:20.865892 471697 Coordinator.h:126] commit: 703751 abort: 6905 (0/6905/0), network size: 0, avg network size: 0, si_in_serializable: 0 0 %, local: 0 %
I0312 10:59:20.865955 471697 Coordinator.h:152] average commit: 710112 abort: 6893 (0/6893/0), network size: 0, avg network size: 0, si_in_serializable: 0 0 %, local: 0 %
I0312 10:59:20.868777 471723 AriaExecutor.h:103] AriaExecutor 4 exits. 
I0312 10:59:20.868777 471727 AriaExecutor.h:103] AriaExecutor 8 exits. 
I0312 10:59:20.868777 471721 AriaExecutor.h:103] AriaExecutor 2 exits. 
I0312 10:59:20.868777 471724 AriaExecutor.h:103] AriaExecutor 5 exits. 
I0312 10:59:20.868777 471728 AriaExecutor.h:103] AriaExecutor 9 exits. 
I0312 10:59:20.868778 471722 AriaExecutor.h:103] AriaExecutor 3 exits. 
I0312 10:59:20.868777 471719 AriaExecutor.h:103] AriaExecutor 0 exits. 
I0312 10:59:20.868780 471731 Manager.h:227] Manager(worker id = 12) on the coordinator node exits.
I0312 10:59:20.868777 471729 AriaExecutor.h:103] AriaExecutor 10 exits. 
I0312 10:59:20.868778 471730 AriaExecutor.h:103] AriaExecutor 11 exits. 
I0312 10:59:20.868778 471725 AriaExecutor.h:103] AriaExecutor 6 exits. 
I0312 10:59:20.868777 471720 AriaExecutor.h:103] AriaExecutor 1 exits. 
I0312 10:59:20.868778 471726 AriaExecutor.h:103] AriaExecutor 7 exits. 
I0312 10:59:20.865998 471697 AriaExecutor.h:649] Worker 0 latency: 1825 us (50%) 2295 us (75%) 2670 us (95%) 3992 us (99%).
I0312 10:59:20.948855 471697 AriaExecutor.h:649] Worker 1 latency: 1829 us (50%) 2296 us (75%) 2669 us (95%) 3915 us (99%).
I0312 10:59:21.015579 471697 AriaExecutor.h:649] Worker 2 latency: 1826 us (50%) 2294 us (75%) 2668 us (95%) 3846 us (99%).
I0312 10:59:21.081179 471697 AriaExecutor.h:649] Worker 3 latency: 1828 us (50%) 2295 us (75%) 2668 us (95%) 3819 us (99%).
I0312 10:59:21.147481 471697 AriaExecutor.h:649] Worker 4 latency: 1823 us (50%) 2292 us (75%) 2666 us (95%) 3747 us (99%).
I0312 10:59:21.213774 471697 AriaExecutor.h:649] Worker 5 latency: 1818 us (50%) 2289 us (75%) 2665 us (95%) 3706 us (99%).
I0312 10:59:21.279568 471697 AriaExecutor.h:649] Worker 6 latency: 1820 us (50%) 2290 us (75%) 2665 us (95%) 3646 us (99%).
I0312 10:59:21.345927 471697 AriaExecutor.h:649] Worker 7 latency: 1821 us (50%) 2290 us (75%) 2664 us (95%) 3070 us (99%).
I0312 10:59:21.412604 471697 AriaExecutor.h:649] Worker 8 latency: 1826 us (50%) 2292 us (75%) 2663 us (95%) 2825 us (99%).
I0312 10:59:21.479485 471697 AriaExecutor.h:649] Worker 9 latency: 1821 us (50%) 2289 us (75%) 2662 us (95%) 2796 us (99%).
I0312 10:59:21.545610 471697 AriaExecutor.h:649] Worker 10 latency: 1827 us (50%) 2291 us (75%) 2662 us (95%) 2789 us (99%).
I0312 10:59:21.612212 471697 AriaExecutor.h:649] Worker 11 latency: 1821 us (50%) 2288 us (75%) 2660 us (95%) 2782 us (99%).
I0312 10:59:21.678205 471697 Coordinator.h:177] total commit: 710112
I0312 10:59:22.678427 471697 Coordinator.h:192] Coordinator exits.
