I0312 10:42:08.217262 442719 Database.h:65] ycsb initialization finished in 99 milliseconds.
I0312 10:42:08.217473 442719 Coordinator.h:30] Coordinator initializes 12 workers.
I0312 10:42:08.256583 442719 Coordinator.h:77] Coordinator starts to run 13 workers.
I0312 10:42:08.256686 442741 AriaExecutor.h:82] AriaExecutor 0 started. 
I0312 10:42:08.256732 442742 AriaExecutor.h:82] AriaExecutor 1 started. 
I0312 10:42:08.256822 442743 AriaExecutor.h:82] AriaExecutor 2 started. 
I0312 10:42:08.256916 442744 AriaExecutor.h:82] AriaExecutor 3 started. 
I0312 10:42:08.257031 442745 AriaExecutor.h:82] AriaExecutor 4 started. 
I0312 10:42:08.257102 442746 AriaExecutor.h:82] AriaExecutor 5 started. 
I0312 10:42:08.257362 442747 AriaExecutor.h:82] AriaExecutor 6 started. 
I0312 10:42:08.257530 442748 AriaExecutor.h:82] AriaExecutor 7 started. 
I0312 10:42:08.257715 442749 AriaExecutor.h:82] AriaExecutor 8 started. 
I0312 10:42:08.257854 442750 AriaExecutor.h:82] AriaExecutor 9 started. 
I0312 10:42:08.258008 442751 AriaExecutor.h:82] AriaExecutor 10 started. 
I0312 10:42:08.258172 442752 AriaExecutor.h:82] AriaExecutor 11 started. 
I0312 10:42:08.258312 442753 Manager.h:224] Manager(worker id = 12) on the coordinator node started.
I0312 10:42:09.258394 442719 Coordinator.h:126] commit: 341302 abort: 451274 (0/451274/0), network size: 0, avg network size: 0, si_in_serializable: 0 0 %, local: 0 %
I0312 10:42:10.258589 442719 Coordinator.h:126] commit: 320101 abort: 515483 (0/515483/0), network size: 0, avg network size: 0, si_in_serializable: 0 0 %, local: 0 %
I0312 10:42:11.258919 442719 Coordinator.h:126] commit: 332069 abort: 483035 (0/483035/0), network size: 0, avg network size: 0, si_in_serializable: 0 0 %, local: 0 %
I0312 10:42:12.259121 442719 Coordinator.h:126] commit: 332938 abort: 484214 (0/484214/0), network size: 0, avg network size: 0, si_in_serializable: 0 0 %, local: 0 %
I0312 10:42:13.259263 442719 Coordinator.h:126] commit: 321854 abort: 491202 (0/491202/0), network size: 0, avg network size: 0, si_in_serializable: 0 0 %, local: 0 %
I0312 10:42:14.259424 442719 Coordinator.h:126] commit: 327591 abort: 478297 (0/478297/0), network size: 0, avg network size: 0, si_in_serializable: 0 0 %, local: 0 %
I0312 10:42:15.259584 442719 Coordinator.h:126] commit: 319767 abort: 504553 (0/504553/0), network size: 0, avg network size: 0, si_in_serializable: 0 0 %, local: 0 %
I0312 10:42:16.259810 442719 Coordinator.h:126] commit: 320670 abort: 492386 (0/492386/0), network size: 0, avg network size: 0, si_in_serializable: 0 0 %, local: 0 %
I0312 10:42:17.259984 442719 Coordinator.h:126] commit: 317386 abort: 501814 (0/501814/0), network size: 0, avg network size: 0, si_in_serializable: 0 0 %, local: 0 %
I0312 10:42:18.260144 442719 Coordinator.h:126] commit: 310521 abort: 473863 (0/473863/0), network size: 0, avg network size: 0, si_in_serializable: 0 0 %, local: 0 %
I0312 10:42:19.260298 442719 Coordinator.h:126] commit: 312294 abort: 505882 (0/505882/0), network size: 0, avg network size: 0, si_in_serializable: 0 0 %, local: 0 %
I0312 10:42:20.260453 442719 Coordinator.h:126] commit: 319910 abort: 480858 (0/480858/0), network size: 0, avg network size: 0, si_in_serializable: 0 0 %, local: 0 %
I0312 10:42:21.260612 442719 Coordinator.h:126] commit: 315316 abort: 477260 (0/477260/0), network size: 0, avg network size: 0, si_in_serializable: 0 0 %, local: 0 %
I0312 10:42:22.260833 442719 Coordinator.h:126] commit: 318675 abort: 466733 (0/466733/0), network size: 0, avg network size: 0, si_in_serializable: 0 0 %, local: 0 %
I0312 10:42:23.261029 442719 Coordinator.h:126] commit: 318270 abort: 471234 (0/471234/0), network size: 0, avg network size: 0, si_in_serializable: 0 0 %, local: 0 %
I0312 10:42:24.261178 442719 Coordinator.h:126] commit: 308913 abort: 508239 (0/508239/0), network size: 0, avg network size: 0, si_in_serializable: 0 0 %, local: 0 %
I0312 10:42:25.261332 442719 Coordinator.h:126] commit: 318839 abort: 477833 (0/477833/0), network size: 0, avg network size: 0, si_in_serializable: 0 0 %, local: 0 %
I0312 10:42:26.261490 442719 Coordinator.h:126] commit: 314208 abort: 492704 (0/492704/0), network size: 0, avg network size: 0, si_in_serializable: 0 0 %, local: 0 %
I0312 10:42:27.261675 442719 Coordinator.h:126] commit: 310166 abort: 500842 (0/500842/0), network size: 0, avg network size: 0, si_in_serializable: 0 0 %, local: 0 %
I0312 10:42:28.261828 442719 Coordinator.h:126] commit: 299995 abort: 473125 (0/473125/0), network size: 0, avg network size: 0, si_in_serializable: 0 0 %, local: 0 %
I0312 10:42:29.261999 442719 Coordinator.h:126] commit: 309520 abort: 504558 (0/504558/0), network size: 0, avg network size: 0, si_in_serializable: 0 0 %, local: 0 %
I0312 10:42:30.262168 442719 Coordinator.h:126] commit: 310794 abort: 509432 (0/509432/0), network size: 0, avg network size: 0, si_in_serializable: 0 0 %, local: 0 %
I0312 10:42:31.262321 442719 Coordinator.h:126] commit: 319321 abort: 483495 (0/483495/0), network size: 0, avg network size: 0, si_in_serializable: 0 0 %, local: 0 %
I0312 10:42:32.262478 442719 Coordinator.h:126] commit: 320686 abort: 485202 (0/485202/0), network size: 0, avg network size: 0, si_in_serializable: 0 0 %, local: 0 %
I0312 10:42:33.262636 442719 Coordinator.h:126] commit: 321774 abort: 463550 (0/463550/0), network size: 0, avg network size: 0, si_in_serializable: 0 0 %, local: 0 %
I0312 10:42:33.262703 442719 Coordinator.h:152] average commit: 313659 abort: 485471 (0/485471/0), network size: 0, avg network size: 0, si_in_serializable: 0 0 %, local: 0 %
I0312 10:42:33.263988 442744 AriaExecutor.h:94] AriaExecutor 3 exits. 
I0312 10:42:33.263988 442743 AriaExecutor.h:94] AriaExecutor 2 exits. 
I0312 10:42:33.263998 442750 AriaExecutor.h:94] AriaExecutor 9 exits. 
I0312 10:42:33.263988 442741 AriaExecutor.h:94] AriaExecutor 0 exits. 
I0312 10:42:33.263988 442745 AriaExecutor.h:94] AriaExecutor 4 exits. 
I0312 10:42:33.263988 442742 AriaExecutor.h:94] AriaExecutor 1 exits. 
I0312 10:42:33.263998 442751 AriaExecutor.h:94] AriaExecutor 10 exits. 
I0312 10:42:33.263998 442748 AriaExecutor.h:94] AriaExecutor 7 exits. 
I0312 10:42:33.263998 442749 AriaExecutor.h:94] AriaExecutor 8 exits. 
I0312 10:42:33.263999 442752 AriaExecutor.h:94] AriaExecutor 11 exits. 
I0312 10:42:33.264006 442753 Manager.h:227] Manager(worker id = 12) on the coordinator node exits.
I0312 10:42:33.263988 442746 AriaExecutor.h:94] AriaExecutor 5 exits. 
I0312 10:42:33.263999 442747 AriaExecutor.h:94] AriaExecutor 6 exits. 
I0312 10:42:33.262749 442719 AriaExecutor.h:535] Worker 0 latency: 828 us (50%) 1019 us (75%) 31496 us (95%) 102333 us (99%).
I0312 10:42:33.317071 442719 AriaExecutor.h:535] Worker 1 latency: 820 us (50%) 1002 us (75%) 8758 us (95%) 53095 us (99%).
I0312 10:42:33.353900 442719 AriaExecutor.h:535] Worker 2 latency: 818 us (50%) 1000 us (75%) 9039 us (95%) 52283 us (99%).
I0312 10:42:33.391126 442719 AriaExecutor.h:535] Worker 3 latency: 819 us (50%) 1001 us (75%) 8607 us (95%) 51105 us (99%).
I0312 10:42:33.428051 442719 AriaExecutor.h:535] Worker 4 latency: 823 us (50%) 1001 us (75%) 7885 us (95%) 50603 us (99%).
I0312 10:42:33.464375 442719 AriaExecutor.h:535] Worker 5 latency: 821 us (50%) 1000 us (75%) 8153 us (95%) 50162 us (99%).
I0312 10:42:33.500952 442719 AriaExecutor.h:535] Worker 6 latency: 821 us (50%) 1000 us (75%) 8024 us (95%) 50010 us (99%).
I0312 10:42:33.538460 442719 AriaExecutor.h:535] Worker 7 latency: 821 us (50%) 1000 us (75%) 7647 us (95%) 49823 us (99%).
I0312 10:42:33.574945 442719 AriaExecutor.h:535] Worker 8 latency: 823 us (50%) 1002 us (75%) 7759 us (95%) 49697 us (99%).
I0312 10:42:33.612494 442719 AriaExecutor.h:535] Worker 9 latency: 821 us (50%) 1001 us (75%) 7721 us (95%) 49042 us (99%).
I0312 10:42:33.649281 442719 AriaExecutor.h:535] Worker 10 latency: 822 us (50%) 1001 us (75%) 7544 us (95%) 49272 us (99%).
I0312 10:42:33.685576 442719 AriaExecutor.h:535] Worker 11 latency: 818 us (50%) 998 us (75%) 7541 us (95%) 49294 us (99%).
I0312 10:42:33.722800 442719 Coordinator.h:177] total commit: 313659
I0312 10:42:34.723069 442719 Coordinator.h:192] Coordinator exits.
