I0312 10:41:41.263598 441465 Database.h:65] ycsb initialization finished in 99 milliseconds.
I0312 10:41:41.263845 441465 Coordinator.h:30] Coordinator initializes 12 workers.
I0312 10:41:41.372512 441465 Coordinator.h:77] Coordinator starts to run 13 workers.
I0312 10:41:41.372598 441492 AriaExecutor.h:82] AriaExecutor 0 started. 
I0312 10:41:41.372665 441493 AriaExecutor.h:82] AriaExecutor 1 started. 
I0312 10:41:41.372758 441494 AriaExecutor.h:82] AriaExecutor 2 started. 
I0312 10:41:41.372819 441495 AriaExecutor.h:82] AriaExecutor 3 started. 
I0312 10:41:41.372917 441496 AriaExecutor.h:82] AriaExecutor 4 started. 
I0312 10:41:41.372989 441497 AriaExecutor.h:82] AriaExecutor 5 started. 
I0312 10:41:41.373095 441498 AriaExecutor.h:82] AriaExecutor 6 started. 
I0312 10:41:41.373189 441499 AriaExecutor.h:82] AriaExecutor 7 started. 
I0312 10:41:41.373310 441500 AriaExecutor.h:82] AriaExecutor 8 started. 
I0312 10:41:41.373404 441501 AriaExecutor.h:82] AriaExecutor 9 started. 
I0312 10:41:41.373507 441502 AriaExecutor.h:82] AriaExecutor 10 started. 
I0312 10:41:41.373602 441503 AriaExecutor.h:82] AriaExecutor 11 started. 
I0312 10:41:41.373703 441504 Manager.h:224] Manager(worker id = 12) on the coordinator node started.
I0312 10:41:42.373756 441465 Coordinator.h:126] commit: 176 abort: 81744 (0/81744/0), network size: 0, avg network size: 0, si_in_serializable: 0 0 %, local: 0 %
I0312 10:41:43.373906 441465 Coordinator.h:126] commit: 194 abort: 85822 (0/85822/0), network size: 0, avg network size: 0, si_in_serializable: 0 0 %, local: 0 %
I0312 10:41:44.374069 441465 Coordinator.h:126] commit: 186 abort: 85830 (0/85830/0), network size: 0, avg network size: 0, si_in_serializable: 0 0 %, local: 0 %
I0312 10:41:45.374202 441465 Coordinator.h:126] commit: 190 abort: 81730 (0/81730/0), network size: 0, avg network size: 0, si_in_serializable: 0 0 %, local: 0 %
I0312 10:41:46.374328 441465 Coordinator.h:126] commit: 207 abort: 81713 (0/81713/0), network size: 0, avg network size: 0, si_in_serializable: 0 0 %, local: 0 %
I0312 10:41:47.374459 441465 Coordinator.h:126] commit: 206 abort: 81714 (0/81714/0), network size: 0, avg network size: 0, si_in_serializable: 0 0 %, local: 0 %
I0312 10:41:48.374586 441465 Coordinator.h:126] commit: 146 abort: 77678 (0/77678/0), network size: 0, avg network size: 0, si_in_serializable: 0 0 %, local: 0 %
I0312 10:41:49.374749 441465 Coordinator.h:126] commit: 185 abort: 81735 (0/81735/0), network size: 0, avg network size: 0, si_in_serializable: 0 0 %, local: 0 %
I0312 10:41:50.374892 441465 Coordinator.h:126] commit: 195 abort: 77629 (0/77629/0), network size: 0, avg network size: 0, si_in_serializable: 0 0 %, local: 0 %
I0312 10:41:51.375025 441465 Coordinator.h:126] commit: 244 abort: 77580 (0/77580/0), network size: 0, avg network size: 0, si_in_serializable: 0 0 %, local: 0 %
I0312 10:41:52.375187 441465 Coordinator.h:126] commit: 210 abort: 77614 (0/77614/0), network size: 0, avg network size: 0, si_in_serializable: 0 0 %, local: 0 %
I0312 10:41:53.375320 441465 Coordinator.h:126] commit: 216 abort: 77608 (0/77608/0), network size: 0, avg network size: 0, si_in_serializable: 0 0 %, local: 0 %
I0312 10:41:54.375442 441465 Coordinator.h:126] commit: 173 abort: 77651 (0/77651/0), network size: 0, avg network size: 0, si_in_serializable: 0 0 %, local: 0 %
I0312 10:41:55.375572 441465 Coordinator.h:126] commit: 193 abort: 77631 (0/77631/0), network size: 0, avg network size: 0, si_in_serializable: 0 0 %, local: 0 %
I0312 10:41:56.375698 441465 Coordinator.h:126] commit: 182 abort: 77642 (0/77642/0), network size: 0, avg network size: 0, si_in_serializable: 0 0 %, local: 0 %
I0312 10:41:57.375854 441465 Coordinator.h:126] commit: 221 abort: 77603 (0/77603/0), network size: 0, avg network size: 0, si_in_serializable: 0 0 %, local: 0 %
I0312 10:41:58.375985 441465 Coordinator.h:126] commit: 229 abort: 81691 (0/81691/0), network size: 0, avg network size: 0, si_in_serializable: 0 0 %, local: 0 %
I0312 10:41:59.376116 441465 Coordinator.h:126] commit: 194 abort: 77630 (0/77630/0), network size: 0, avg network size: 0, si_in_serializable: 0 0 %, local: 0 %
I0312 10:42:00.376257 441465 Coordinator.h:126] commit: 235 abort: 77589 (0/77589/0), network size: 0, avg network size: 0, si_in_serializable: 0 0 %, local: 0 %
I0312 10:42:01.376384 441465 Coordinator.h:126] commit: 243 abort: 77581 (0/77581/0), network size: 0, avg network size: 0, si_in_serializable: 0 0 %, local: 0 %
I0312 10:42:02.376513 441465 Coordinator.h:126] commit: 316 abort: 77508 (0/77508/0), network size: 0, avg network size: 0, si_in_serializable: 0 0 %, local: 0 %
I0312 10:42:03.376639 441465 Coordinator.h:126] commit: 264 abort: 73464 (0/73464/0), network size: 0, avg network size: 0, si_in_serializable: 0 0 %, local: 0 %
I0312 10:42:04.376767 441465 Coordinator.h:126] commit: 253 abort: 77571 (0/77571/0), network size: 0, avg network size: 0, si_in_serializable: 0 0 %, local: 0 %
I0312 10:42:05.376895 441465 Coordinator.h:126] commit: 315 abort: 77509 (0/77509/0), network size: 0, avg network size: 0, si_in_serializable: 0 0 %, local: 0 %
I0312 10:42:06.377054 441465 Coordinator.h:126] commit: 370 abort: 77454 (0/77454/0), network size: 0, avg network size: 0, si_in_serializable: 0 0 %, local: 0 %
I0312 10:42:06.377110 441465 Coordinator.h:152] average commit: 209.6 abort: 78024 (0/78024/0), network size: 0, avg network size: 0, si_in_serializable: 0 0 %, local: 0 %
I0312 10:42:06.377123 441465 AriaExecutor.h:535] Worker 0 latency: 11435596 us (50%) 16661878 us (75%) 22828717 us (95%) 24540338 us (99%).
I0312 10:42:06.415037 441492 AriaExecutor.h:94] AriaExecutor 0 exits. 
I0312 10:42:06.415037 441493 AriaExecutor.h:94] AriaExecutor 1 exits. 
I0312 10:42:06.415037 441503 AriaExecutor.h:94] AriaExecutor 11 exits. 
I0312 10:42:06.415037 441504 Manager.h:227] Manager(worker id = 12) on the coordinator node exits.
I0312 10:42:06.415037 441499 AriaExecutor.h:94] AriaExecutor 7 exits. 
I0312 10:42:06.415037 441501 AriaExecutor.h:94] AriaExecutor 9 exits. 
I0312 10:42:06.415037 441500 AriaExecutor.h:94] AriaExecutor 8 exits. 
I0312 10:42:06.415037 441494 AriaExecutor.h:94] AriaExecutor 2 exits. 
I0312 10:42:06.415037 441498 AriaExecutor.h:94] AriaExecutor 6 exits. 
I0312 10:42:06.415037 441497 AriaExecutor.h:94] AriaExecutor 5 exits. 
I0312 10:42:06.415037 441496 AriaExecutor.h:94] AriaExecutor 4 exits. 
I0312 10:42:06.415037 441502 AriaExecutor.h:94] AriaExecutor 10 exits. 
I0312 10:42:06.415037 441495 AriaExecutor.h:94] AriaExecutor 3 exits. 
I0312 10:42:06.415380 441465 AriaExecutor.h:535] Worker 1 latency: 10751781 us (50%) 17078541 us (75%) 23201422 us (95%) 24798407 us (99%).
I0312 10:42:06.415468 441465 AriaExecutor.h:535] Worker 2 latency: 11481799 us (50%) 16348500 us (75%) 23518936 us (95%) 24690887 us (99%).
I0312 10:42:06.415577 441465 AriaExecutor.h:535] Worker 3 latency: 11644611 us (50%) 17557333 us (75%) 23846188 us (95%) 24744434 us (99%).
I0312 10:42:06.415627 441465 AriaExecutor.h:535] Worker 4 latency: 11404701 us (50%) 17078169 us (75%) 23254466 us (95%) 24798582 us (99%).
I0312 10:42:06.415681 441465 AriaExecutor.h:535] Worker 5 latency: 10987613 us (50%) 15826940 us (75%) 22194977 us (95%) 24262322 us (99%).
I0312 10:42:06.415728 441465 AriaExecutor.h:535] Worker 6 latency: 11324463 us (50%) 16661612 us (75%) 23041173 us (95%) 24689750 us (99%).
I0312 10:42:06.415763 441465 AriaExecutor.h:535] Worker 7 latency: 10729880 us (50%) 16505004 us (75%) 22936466 us (95%) 24156187 us (99%).
I0312 10:42:06.415794 441465 AriaExecutor.h:535] Worker 8 latency: 10489874 us (50%) 16192105 us (75%) 23148454 us (95%) 24797738 us (99%).
I0312 10:42:06.415822 441465 AriaExecutor.h:535] Worker 9 latency: 10669024 us (50%) 15999245 us (75%) 23307431 us (95%) 24903886 us (99%).
I0312 10:42:06.415853 441465 AriaExecutor.h:535] Worker 10 latency: 11063501 us (50%) 17433351 us (75%) 23783416 us (95%) 24689575 us (99%).
I0312 10:42:06.415879 441465 AriaExecutor.h:535] Worker 11 latency: 10926534 us (50%) 15149964 us (75%) 22882977 us (95%) 24645892 us (99%).
I0312 10:42:06.415920 441465 Coordinator.h:177] total commit: 209.6
I0312 10:42:07.416122 441465 Coordinator.h:192] Coordinator exits.
