I0312 11:15:18.452364 496999 Database.h:65] ycsb initialization finished in 100 milliseconds.
I0312 11:15:18.452613 496999 Coordinator.h:30] Coordinator initializes 12 workers.
I0312 11:15:18.515162 496999 Coordinator.h:77] Coordinator starts to run 13 workers.
I0312 11:15:18.515269 497015 AriaExecutor.h:91] AriaExecutor 0 started. 
I0312 11:15:18.515331 497016 AriaExecutor.h:91] AriaExecutor 1 started. 
I0312 11:15:18.515475 497017 AriaExecutor.h:91] AriaExecutor 2 started. 
I0312 11:15:18.515564 497018 AriaExecutor.h:91] AriaExecutor 3 started. 
I0312 11:15:18.515625 497019 AriaExecutor.h:91] AriaExecutor 4 started. 
I0312 11:15:18.515724 497020 AriaExecutor.h:91] AriaExecutor 5 started. 
I0312 11:15:18.515817 497021 AriaExecutor.h:91] AriaExecutor 6 started. 
I0312 11:15:18.515918 497022 AriaExecutor.h:91] AriaExecutor 7 started. 
I0312 11:15:18.516032 497023 AriaExecutor.h:91] AriaExecutor 8 started. 
I0312 11:15:18.516132 497024 AriaExecutor.h:91] AriaExecutor 9 started. 
I0312 11:15:18.516227 497025 AriaExecutor.h:91] AriaExecutor 10 started. 
I0312 11:15:18.516336 497026 AriaExecutor.h:91] AriaExecutor 11 started. 
I0312 11:15:18.516444 497027 Manager.h:224] Manager(worker id = 12) on the coordinator node started.
I0312 11:15:19.516497 496999 Coordinator.h:126] commit: 264085 abort: 721003 (0/721003/0), network size: 0, avg network size: 0, si_in_serializable: 0 0 %, local: 0 %
I0312 11:15:20.516669 496999 Coordinator.h:126] commit: 246953 abort: 797527 (0/797527/0), network size: 0, avg network size: 0, si_in_serializable: 0 0 %, local: 0 %
I0312 11:15:21.516882 496999 Coordinator.h:126] commit: 238744 abort: 828264 (0/828264/0), network size: 0, avg network size: 0, si_in_serializable: 0 0 %, local: 0 %
I0312 11:15:22.517053 496999 Coordinator.h:126] commit: 246773 abort: 793611 (0/793611/0), network size: 0, avg network size: 0, si_in_serializable: 0 0 %, local: 0 %
I0312 11:15:23.517204 496999 Coordinator.h:126] commit: 246601 abort: 785591 (0/785591/0), network size: 0, avg network size: 0, si_in_serializable: 0 0 %, local: 0 %
I0312 11:15:24.517356 496999 Coordinator.h:126] commit: 245038 abort: 766674 (0/766674/0), network size: 0, avg network size: 0, si_in_serializable: 0 0 %, local: 0 %
I0312 11:15:25.517503 496999 Coordinator.h:126] commit: 236844 abort: 781012 (0/781012/0), network size: 0, avg network size: 0, si_in_serializable: 0 0 %, local: 0 %
I0312 11:15:26.517710 496999 Coordinator.h:126] commit: 247658 abort: 766102 (0/766102/0), network size: 0, avg network size: 0, si_in_serializable: 0 0 %, local: 0 %
I0312 11:15:27.517884 496999 Coordinator.h:126] commit: 241884 abort: 780068 (0/780068/0), network size: 0, avg network size: 0, si_in_serializable: 0 0 %, local: 0 %
I0312 11:15:28.518033 496999 Coordinator.h:126] commit: 237058 abort: 791038 (0/791038/0), network size: 0, avg network size: 0, si_in_serializable: 0 0 %, local: 0 %
I0312 11:15:29.518182 496999 Coordinator.h:126] commit: 245421 abort: 754003 (0/754003/0), network size: 0, avg network size: 0, si_in_serializable: 0 0 %, local: 0 %
I0312 11:15:30.518328 496999 Coordinator.h:126] commit: 238984 abort: 756344 (0/756344/0), network size: 0, avg network size: 0, si_in_serializable: 0 0 %, local: 0 %
I0312 11:15:31.518471 496999 Coordinator.h:126] commit: 232784 abort: 752304 (0/752304/0), network size: 0, avg network size: 0, si_in_serializable: 0 0 %, local: 0 %
I0312 11:15:32.518671 496999 Coordinator.h:126] commit: 233905 abort: 759375 (0/759375/0), network size: 0, avg network size: 0, si_in_serializable: 0 0 %, local: 0 %
I0312 11:15:33.518841 496999 Coordinator.h:126] commit: 244444 abort: 754980 (0/754980/0), network size: 0, avg network size: 0, si_in_serializable: 0 0 %, local: 0 %
I0312 11:15:34.518986 496999 Coordinator.h:126] commit: 232862 abort: 784994 (0/784994/0), network size: 0, avg network size: 0, si_in_serializable: 0 0 %, local: 0 %
I0312 11:15:35.519133 496999 Coordinator.h:126] commit: 241149 abort: 758275 (0/758275/0), network size: 0, avg network size: 0, si_in_serializable: 0 0 %, local: 0 %
I0312 11:15:36.519279 496999 Coordinator.h:126] commit: 242068 abort: 753260 (0/753260/0), network size: 0, avg network size: 0, si_in_serializable: 0 0 %, local: 0 %
I0312 11:15:37.519425 496999 Coordinator.h:126] commit: 241751 abort: 753577 (0/753577/0), network size: 0, avg network size: 0, si_in_serializable: 0 0 %, local: 0 %
I0312 11:15:38.519574 496999 Coordinator.h:126] commit: 243469 abort: 751859 (0/751859/0), network size: 0, avg network size: 0, si_in_serializable: 0 0 %, local: 0 %
I0312 11:15:39.519719 496999 Coordinator.h:126] commit: 239574 abort: 770090 (0/770090/0), network size: 0, avg network size: 0, si_in_serializable: 0 0 %, local: 0 %
I0312 11:15:40.519863 496999 Coordinator.h:126] commit: 245528 abort: 751848 (0/751848/0), network size: 0, avg network size: 0, si_in_serializable: 0 0 %, local: 0 %
I0312 11:15:41.520007 496999 Coordinator.h:126] commit: 235091 abort: 770477 (0/770477/0), network size: 0, avg network size: 0, si_in_serializable: 0 0 %, local: 0 %
I0312 11:15:42.520155 496999 Coordinator.h:126] commit: 241853 abort: 763715 (0/763715/0), network size: 0, avg network size: 0, si_in_serializable: 0 0 %, local: 0 %
I0312 11:15:43.520272 496999 Coordinator.h:126] commit: 237332 abort: 780524 (0/780524/0), network size: 0, avg network size: 0, si_in_serializable: 0 0 %, local: 0 %
I0312 11:15:43.520336 496999 Coordinator.h:152] average commit: 239684 abort: 757897 (0/757897/0), network size: 0, avg network size: 0, si_in_serializable: 0 0 %, local: 0 %
I0312 11:15:43.520617 497024 AriaExecutor.h:103] AriaExecutor 9 exits. 
I0312 11:15:43.520618 497017 AriaExecutor.h:103] AriaExecutor 2 exits. 
I0312 11:15:43.520617 497018 AriaExecutor.h:103] AriaExecutor 3 exits. 
I0312 11:15:43.520617 497026 AriaExecutor.h:103] AriaExecutor 11 exits. 
I0312 11:15:43.520617 497022 AriaExecutor.h:103] AriaExecutor 7 exits. 
I0312 11:15:43.520619 497023 AriaExecutor.h:103] AriaExecutor 8 exits. 
I0312 11:15:43.520618 497016 AriaExecutor.h:103] AriaExecutor 1 exits. 
I0312 11:15:43.520617 497019 AriaExecutor.h:103] AriaExecutor 4 exits. 
I0312 11:15:43.520618 497015 AriaExecutor.h:103] AriaExecutor 0 exits. 
I0312 11:15:43.520620 497027 Manager.h:227] Manager(worker id = 12) on the coordinator node exits.
I0312 11:15:43.520618 497025 AriaExecutor.h:103] AriaExecutor 10 exits. 
I0312 11:15:43.520618 497020 AriaExecutor.h:103] AriaExecutor 5 exits. 
I0312 11:15:43.520617 497021 AriaExecutor.h:103] AriaExecutor 6 exits. 
I0312 11:15:43.520386 496999 AriaExecutor.h:649] Worker 0 latency: 1308 us (50%) 1543 us (75%) 85257 us (95%) 320122 us (99%).
I0312 11:15:43.560983 496999 AriaExecutor.h:649] Worker 1 latency: 1306 us (50%) 1532 us (75%) 27531 us (95%) 170170 us (99%).
I0312 11:15:43.586882 496999 AriaExecutor.h:649] Worker 2 latency: 1301 us (50%) 1527 us (75%) 27694 us (95%) 167629 us (99%).
I0312 11:15:43.613018 496999 AriaExecutor.h:649] Worker 3 latency: 1305 us (50%) 1531 us (75%) 26609 us (95%) 166759 us (99%).
I0312 11:15:43.638746 496999 AriaExecutor.h:649] Worker 4 latency: 1298 us (50%) 1526 us (75%) 27742 us (95%) 166642 us (99%).
I0312 11:15:43.665074 496999 AriaExecutor.h:649] Worker 5 latency: 1293 us (50%) 1523 us (75%) 32862 us (95%) 172994 us (99%).
I0312 11:15:43.691298 496999 AriaExecutor.h:649] Worker 6 latency: 1294 us (50%) 1523 us (75%) 31261 us (95%) 170917 us (99%).
I0312 11:15:43.718122 496999 AriaExecutor.h:649] Worker 7 latency: 1295 us (50%) 1524 us (75%) 30010 us (95%) 170938 us (99%).
I0312 11:15:43.744143 496999 AriaExecutor.h:649] Worker 8 latency: 1307 us (50%) 1531 us (75%) 28711 us (95%) 166436 us (99%).
I0312 11:15:43.769546 496999 AriaExecutor.h:649] Worker 9 latency: 1305 us (50%) 1530 us (75%) 27744 us (95%) 166120 us (99%).
I0312 11:15:43.795187 496999 AriaExecutor.h:649] Worker 10 latency: 1308 us (50%) 1533 us (75%) 29277 us (95%) 166713 us (99%).
I0312 11:15:43.821151 496999 AriaExecutor.h:649] Worker 11 latency: 1299 us (50%) 1524 us (75%) 26863 us (95%) 163415 us (99%).
I0312 11:15:43.846685 496999 Coordinator.h:177] total commit: 239684
I0312 11:15:44.846885 496999 Coordinator.h:192] Coordinator exits.
