I0312 05:21:21.433111 186885 Database.h:65] ycsb initialization finished in 259 milliseconds.
I0312 05:21:21.433315 186885 Coordinator.h:30] Coordinator initializes 4 workers.
I0312 05:21:21.494228 186885 Coordinator.h:77] Coordinator starts to run 5 workers.
I0312 05:21:21.494313 186894 AriaExecutor.h:91] AriaExecutor 0 started. 
I0312 05:21:21.494343 186895 AriaExecutor.h:91] AriaExecutor 1 started. 
I0312 05:21:21.494431 186896 AriaExecutor.h:91] AriaExecutor 2 started. 
I0312 05:21:21.494508 186897 AriaExecutor.h:91] AriaExecutor 3 started. 
I0312 05:21:21.494580 186898 Manager.h:224] Manager(worker id = 4) on the coordinator node started.
I0312 05:21:22.494635 186885 Coordinator.h:126] commit: 2111 abort: 24513 (0/24513/0), network size: 0, avg network size: 0, si_in_serializable: 0 0 %, local: 0 %
I0312 05:21:23.494840 186885 Coordinator.h:126] commit: 2089 abort: 24535 (0/24535/0), network size: 0, avg network size: 0, si_in_serializable: 0 0 %, local: 0 %
I0312 05:21:24.494966 186885 Coordinator.h:126] commit: 2058 abort: 24566 (0/24566/0), network size: 0, avg network size: 0, si_in_serializable: 0 0 %, local: 0 %
I0312 05:21:25.495072 186885 Coordinator.h:126] commit: 2298 abort: 26374 (0/26374/0), network size: 0, avg network size: 0, si_in_serializable: 0 0 %, local: 0 %
I0312 05:21:26.495235 186885 Coordinator.h:126] commit: 2139 abort: 24485 (0/24485/0), network size: 0, avg network size: 0, si_in_serializable: 0 0 %, local: 0 %
I0312 05:21:27.495364 186885 Coordinator.h:126] commit: 2232 abort: 26440 (0/26440/0), network size: 0, avg network size: 0, si_in_serializable: 0 0 %, local: 0 %
I0312 05:21:28.495525 186885 Coordinator.h:126] commit: 2046 abort: 24578 (0/24578/0), network size: 0, avg network size: 0, si_in_serializable: 0 0 %, local: 0 %
I0312 05:21:29.495654 186885 Coordinator.h:126] commit: 2122 abort: 24502 (0/24502/0), network size: 0, avg network size: 0, si_in_serializable: 0 0 %, local: 0 %
I0312 05:21:30.495816 186885 Coordinator.h:126] commit: 2232 abort: 26440 (0/26440/0), network size: 0, avg network size: 0, si_in_serializable: 0 0 %, local: 0 %
I0312 05:21:31.495946 186885 Coordinator.h:126] commit: 2137 abort: 24487 (0/24487/0), network size: 0, avg network size: 0, si_in_serializable: 0 0 %, local: 0 %
I0312 05:21:32.496057 186885 Coordinator.h:126] commit: 2085 abort: 24539 (0/24539/0), network size: 0, avg network size: 0, si_in_serializable: 0 0 %, local: 0 %
I0312 05:21:33.496218 186885 Coordinator.h:126] commit: 2259 abort: 26413 (0/26413/0), network size: 0, avg network size: 0, si_in_serializable: 0 0 %, local: 0 %
I0312 05:21:34.496385 186885 Coordinator.h:126] commit: 2094 abort: 24530 (0/24530/0), network size: 0, avg network size: 0, si_in_serializable: 0 0 %, local: 0 %
I0312 05:21:35.496493 186885 Coordinator.h:126] commit: 2263 abort: 26409 (0/26409/0), network size: 0, avg network size: 0, si_in_serializable: 0 0 %, local: 0 %
I0312 05:21:36.496603 186885 Coordinator.h:126] commit: 2106 abort: 24518 (0/24518/0), network size: 0, avg network size: 0, si_in_serializable: 0 0 %, local: 0 %
I0312 05:21:37.496764 186885 Coordinator.h:126] commit: 2142 abort: 24482 (0/24482/0), network size: 0, avg network size: 0, si_in_serializable: 0 0 %, local: 0 %
I0312 05:21:38.496889 186885 Coordinator.h:126] commit: 2299 abort: 26373 (0/26373/0), network size: 0, avg network size: 0, si_in_serializable: 0 0 %, local: 0 %
I0312 05:21:39.496999 186885 Coordinator.h:126] commit: 2132 abort: 24492 (0/24492/0), network size: 0, avg network size: 0, si_in_serializable: 0 0 %, local: 0 %
I0312 05:21:40.497108 186885 Coordinator.h:126] commit: 2275 abort: 26397 (0/26397/0), network size: 0, avg network size: 0, si_in_serializable: 0 0 %, local: 0 %
I0312 05:21:41.497216 186885 Coordinator.h:126] commit: 2134 abort: 24490 (0/24490/0), network size: 0, avg network size: 0, si_in_serializable: 0 0 %, local: 0 %
I0312 05:21:42.497380 186885 Coordinator.h:126] commit: 2288 abort: 26384 (0/26384/0), network size: 0, avg network size: 0, si_in_serializable: 0 0 %, local: 0 %
I0312 05:21:43.497509 186885 Coordinator.h:126] commit: 2095 abort: 24529 (0/24529/0), network size: 0, avg network size: 0, si_in_serializable: 0 0 %, local: 0 %
I0312 05:21:44.497617 186885 Coordinator.h:126] commit: 2105 abort: 24519 (0/24519/0), network size: 0, avg network size: 0, si_in_serializable: 0 0 %, local: 0 %
I0312 05:21:45.497725 186885 Coordinator.h:126] commit: 2229 abort: 26443 (0/26443/0), network size: 0, avg network size: 0, si_in_serializable: 0 0 %, local: 0 %
I0312 05:21:46.497833 186885 Coordinator.h:126] commit: 2073 abort: 24551 (0/24551/0), network size: 0, avg network size: 0, si_in_serializable: 0 0 %, local: 0 %
I0312 05:21:46.497870 186885 Coordinator.h:152] average commit: 2178.9 abort: 25264.3 (0/25264.3/0), network size: 0, avg network size: 0, si_in_serializable: 0 0 %, local: 0 %
I0312 05:21:46.497913 186885 AriaExecutor.h:649] Worker 0 latency: 72579 us (50%) 73226 us (75%) 73784 us (95%) 86197 us (99%).
I0312 05:21:46.504570 186896 AriaExecutor.h:103] AriaExecutor 2 exits. 
I0312 05:21:46.504570 186897 AriaExecutor.h:103] AriaExecutor 3 exits. 
I0312 05:21:46.504570 186894 AriaExecutor.h:103] AriaExecutor 0 exits. 
I0312 05:21:46.504570 186898 Manager.h:227] Manager(worker id = 4) on the coordinator node exits.
I0312 05:21:46.504570 186895 AriaExecutor.h:103] AriaExecutor 1 exits. 
I0312 05:21:46.504791 186885 AriaExecutor.h:649] Worker 1 latency: 72588 us (50%) 73237 us (75%) 73796 us (95%) 86343 us (99%).
I0312 05:21:46.506903 186885 AriaExecutor.h:649] Worker 2 latency: 72583 us (50%) 73231 us (75%) 73793 us (95%) 86245 us (99%).
I0312 05:21:46.508983 186885 AriaExecutor.h:649] Worker 3 latency: 72594 us (50%) 73237 us (75%) 73805 us (95%) 86241 us (99%).
I0312 05:21:46.511098 186885 Coordinator.h:177] total commit: 2178.9
I0312 05:21:47.511298 186885 Coordinator.h:192] Coordinator exits.
