I0312 06:20:18.068903 191615 Database.h:65] ycsb initialization finished in 175 milliseconds.
I0312 06:20:18.069124 191615 Coordinator.h:30] Coordinator initializes 8 workers.
I0312 06:20:18.179592 191615 Coordinator.h:77] Coordinator starts to run 9 workers.
I0312 06:20:18.179683 191627 AriaExecutor.h:91] AriaExecutor 0 started. 
I0312 06:20:18.179715 191628 AriaExecutor.h:91] AriaExecutor 1 started. 
I0312 06:20:18.179791 191629 AriaExecutor.h:91] AriaExecutor 2 started. 
I0312 06:20:18.179842 191630 AriaExecutor.h:91] AriaExecutor 3 started. 
I0312 06:20:18.179908 191631 AriaExecutor.h:91] AriaExecutor 4 started. 
I0312 06:20:18.179978 191632 AriaExecutor.h:91] AriaExecutor 5 started. 
I0312 06:20:18.180048 191633 AriaExecutor.h:91] AriaExecutor 6 started. 
I0312 06:20:18.180136 191634 AriaExecutor.h:91] AriaExecutor 7 started. 
I0312 06:20:18.180235 191635 Manager.h:224] Manager(worker id = 8) on the coordinator node started.
I0312 06:20:19.180289 191615 Coordinator.h:126] commit: 15 abort: 57329 (0/57329/0), network size: 0, avg network size: 0, si_in_serializable: 0 0 %, local: 0 %
I0312 06:20:20.180464 191615 Coordinator.h:126] commit: 15 abort: 57329 (0/57329/0), network size: 0, avg network size: 0, si_in_serializable: 0 0 %, local: 0 %
I0312 06:20:21.180647 191615 Coordinator.h:126] commit: 15 abort: 61425 (0/61425/0), network size: 0, avg network size: 0, si_in_serializable: 0 0 %, local: 0 %
I0312 06:20:22.180794 191615 Coordinator.h:126] commit: 14 abort: 57330 (0/57330/0), network size: 0, avg network size: 0, si_in_serializable: 0 0 %, local: 0 %
I0312 06:20:23.180917 191615 Coordinator.h:126] commit: 17 abort: 61423 (0/61423/0), network size: 0, avg network size: 0, si_in_serializable: 0 0 %, local: 0 %
I0312 06:20:24.181036 191615 Coordinator.h:126] commit: 14 abort: 57330 (0/57330/0), network size: 0, avg network size: 0, si_in_serializable: 0 0 %, local: 0 %
I0312 06:20:25.181155 191615 Coordinator.h:126] commit: 15 abort: 61425 (0/61425/0), network size: 0, avg network size: 0, si_in_serializable: 0 0 %, local: 0 %
I0312 06:20:26.181340 191615 Coordinator.h:126] commit: 15 abort: 61425 (0/61425/0), network size: 0, avg network size: 0, si_in_serializable: 0 0 %, local: 0 %
I0312 06:20:27.181486 191615 Coordinator.h:126] commit: 16 abort: 57328 (0/57328/0), network size: 0, avg network size: 0, si_in_serializable: 0 0 %, local: 0 %
I0312 06:20:28.181607 191615 Coordinator.h:126] commit: 16 abort: 61424 (0/61424/0), network size: 0, avg network size: 0, si_in_serializable: 0 0 %, local: 0 %
I0312 06:20:29.181782 191615 Coordinator.h:126] commit: 14 abort: 57330 (0/57330/0), network size: 0, avg network size: 0, si_in_serializable: 0 0 %, local: 0 %
I0312 06:20:30.181926 191615 Coordinator.h:126] commit: 15 abort: 61425 (0/61425/0), network size: 0, avg network size: 0, si_in_serializable: 0 0 %, local: 0 %
I0312 06:20:31.182047 191615 Coordinator.h:126] commit: 17 abort: 57327 (0/57327/0), network size: 0, avg network size: 0, si_in_serializable: 0 0 %, local: 0 %
I0312 06:20:32.182168 191615 Coordinator.h:126] commit: 17 abort: 61423 (0/61423/0), network size: 0, avg network size: 0, si_in_serializable: 0 0 %, local: 0 %
I0312 06:20:33.182339 191615 Coordinator.h:126] commit: 15 abort: 61425 (0/61425/0), network size: 0, avg network size: 0, si_in_serializable: 0 0 %, local: 0 %
I0312 06:20:34.182483 191615 Coordinator.h:126] commit: 14 abort: 57330 (0/57330/0), network size: 0, avg network size: 0, si_in_serializable: 0 0 %, local: 0 %
I0312 06:20:35.182606 191615 Coordinator.h:126] commit: 16 abort: 61424 (0/61424/0), network size: 0, avg network size: 0, si_in_serializable: 0 0 %, local: 0 %
I0312 06:20:36.182725 191615 Coordinator.h:126] commit: 14 abort: 57330 (0/57330/0), network size: 0, avg network size: 0, si_in_serializable: 0 0 %, local: 0 %
I0312 06:20:37.182845 191615 Coordinator.h:126] commit: 17 abort: 61423 (0/61423/0), network size: 0, avg network size: 0, si_in_serializable: 0 0 %, local: 0 %
I0312 06:20:38.183027 191615 Coordinator.h:126] commit: 14 abort: 57330 (0/57330/0), network size: 0, avg network size: 0, si_in_serializable: 0 0 %, local: 0 %
I0312 06:20:39.183175 191615 Coordinator.h:126] commit: 15 abort: 61425 (0/61425/0), network size: 0, avg network size: 0, si_in_serializable: 0 0 %, local: 0 %
I0312 06:20:40.183305 191615 Coordinator.h:126] commit: 16 abort: 57328 (0/57328/0), network size: 0, avg network size: 0, si_in_serializable: 0 0 %, local: 0 %
I0312 06:20:41.183440 191615 Coordinator.h:126] commit: 17 abort: 61423 (0/61423/0), network size: 0, avg network size: 0, si_in_serializable: 0 0 %, local: 0 %
I0312 06:20:42.183578 191615 Coordinator.h:126] commit: 17 abort: 57327 (0/57327/0), network size: 0, avg network size: 0, si_in_serializable: 0 0 %, local: 0 %
I0312 06:20:43.183702 191615 Coordinator.h:126] commit: 18 abort: 61422 (0/61422/0), network size: 0, avg network size: 0, si_in_serializable: 0 0 %, local: 0 %
I0312 06:20:43.183750 191615 Coordinator.h:152] average commit: 15.3 abort: 59376.7 (0/59376.7/0), network size: 0, avg network size: 0, si_in_serializable: 0 0 %, local: 0 %
I0312 06:20:43.183794 191615 AriaExecutor.h:649] Worker 0 latency: 68538 us (50%) 68674 us (75%) 68953 us (95%) 76451 us (99%).
I0312 06:20:43.226343 191627 AriaExecutor.h:103] AriaExecutor 0 exits. 
I0312 06:20:43.226343 191633 AriaExecutor.h:103] AriaExecutor 6 exits. 
I0312 06:20:43.226343 191635 Manager.h:227] Manager(worker id = 8) on the coordinator node exits.
I0312 06:20:43.226343 191631 AriaExecutor.h:103] AriaExecutor 4 exits. 
I0312 06:20:43.226343 191628 AriaExecutor.h:103] AriaExecutor 1 exits. 
I0312 06:20:43.226343 191634 AriaExecutor.h:103] AriaExecutor 7 exits. 
I0312 06:20:43.226343 191630 AriaExecutor.h:103] AriaExecutor 3 exits. 
I0312 06:20:43.226343 191629 AriaExecutor.h:103] AriaExecutor 2 exits. 
I0312 06:20:43.226343 191632 AriaExecutor.h:103] AriaExecutor 5 exits. 
I0312 06:20:43.226579 191615 AriaExecutor.h:649] Worker 1 latency: 68499 us (50%) 68582 us (75%) 68830 us (95%) 68830 us (99%).
I0312 06:20:43.226606 191615 AriaExecutor.h:649] Worker 2 latency: 68426 us (50%) 68634 us (75%) 68680 us (95%) 68680 us (99%).
I0312 06:20:43.226625 191615 AriaExecutor.h:649] Worker 3 latency: 68727 us (50%) 68746 us (75%) 68746 us (95%) 68746 us (99%).
I0312 06:20:43.226646 191615 AriaExecutor.h:649] Worker 4 latency: 0 us (50%) 0 us (75%) 0 us (95%) 0 us (99%).
I0312 06:20:43.226716 191615 AriaExecutor.h:649] Worker 5 latency: 0 us (50%) 0 us (75%) 0 us (95%) 0 us (99%).
I0312 06:20:43.226768 191615 AriaExecutor.h:649] Worker 6 latency: 0 us (50%) 0 us (75%) 0 us (95%) 0 us (99%).
I0312 06:20:43.226817 191615 AriaExecutor.h:649] Worker 7 latency: 0 us (50%) 0 us (75%) 0 us (95%) 0 us (99%).
I0312 06:20:43.226890 191615 Coordinator.h:177] total commit: 15.3
I0312 06:20:44.227101 191615 Coordinator.h:192] Coordinator exits.
