I0312 02:46:01.536172 155661 Database.h:65] ycsb initialization finished in 100 milliseconds.
I0312 02:46:01.536325 155661 Coordinator.h:30] Coordinator initializes 16 workers.
I0312 02:46:01.565615 155661 Coordinator.h:77] Coordinator starts to run 17 workers.
I0312 02:46:01.565701 155681 AriaExecutor.h:82] AriaExecutor 0 started. 
I0312 02:46:01.565744 155682 AriaExecutor.h:82] AriaExecutor 1 started. 
I0312 02:46:01.565836 155683 AriaExecutor.h:82] AriaExecutor 2 started. 
I0312 02:46:01.565893 155684 AriaExecutor.h:82] AriaExecutor 3 started. 
I0312 02:46:01.565982 155685 AriaExecutor.h:82] AriaExecutor 4 started. 
I0312 02:46:01.566066 155686 AriaExecutor.h:82] AriaExecutor 5 started. 
I0312 02:46:01.566161 155687 AriaExecutor.h:82] AriaExecutor 6 started. 
I0312 02:46:01.566237 155688 AriaExecutor.h:82] AriaExecutor 7 started. 
I0312 02:46:01.566327 155689 AriaExecutor.h:82] AriaExecutor 8 started. 
I0312 02:46:01.566421 155690 AriaExecutor.h:82] AriaExecutor 9 started. 
I0312 02:46:01.566457 155691 AriaExecutor.h:82] AriaExecutor 10 started. 
I0312 02:46:01.566687 155692 AriaExecutor.h:82] AriaExecutor 11 started. 
I0312 02:46:01.566835 155693 AriaExecutor.h:82] AriaExecutor 12 started. 
I0312 02:46:01.566995 155694 AriaExecutor.h:82] AriaExecutor 13 started. 
I0312 02:46:01.567142 155695 AriaExecutor.h:82] AriaExecutor 14 started. 
I0312 02:46:01.567281 155696 AriaExecutor.h:82] AriaExecutor 15 started. 
I0312 02:46:01.567425 155697 Manager.h:224] Manager(worker id = 16) on the coordinator node started.
I0312 02:46:02.567493 155661 Coordinator.h:126] commit: 627700 abort: 3084 (0/3084/0), network size: 0, avg network size: 0, si_in_serializable: 0 0 %, local: 0 %
I0312 02:46:03.567687 155661 Coordinator.h:126] commit: 634857 abort: 3095 (0/3095/0), network size: 0, avg network size: 0, si_in_serializable: 0 0 %, local: 0 %
I0312 02:46:04.568007 155661 Coordinator.h:126] commit: 640929 abort: 3167 (0/3167/0), network size: 0, avg network size: 0, si_in_serializable: 0 0 %, local: 0 %
I0312 02:46:05.568212 155661 Coordinator.h:126] commit: 645148 abort: 3044 (0/3044/0), network size: 0, avg network size: 0, si_in_serializable: 0 0 %, local: 0 %
I0312 02:46:06.568395 155661 Coordinator.h:126] commit: 647009 abort: 3231 (0/3231/0), network size: 0, avg network size: 0, si_in_serializable: 0 0 %, local: 0 %
I0312 02:46:07.568542 155661 Coordinator.h:126] commit: 639925 abort: 3147 (0/3147/0), network size: 0, avg network size: 0, si_in_serializable: 0 0 %, local: 0 %
I0312 02:46:08.568753 155661 Coordinator.h:126] commit: 636881 abort: 3119 (0/3119/0), network size: 0, avg network size: 0, si_in_serializable: 0 0 %, local: 0 %
I0312 02:46:09.568922 155661 Coordinator.h:126] commit: 644048 abort: 3120 (0/3120/0), network size: 0, avg network size: 0, si_in_serializable: 0 0 %, local: 0 %
I0312 02:46:10.569077 155661 Coordinator.h:126] commit: 646144 abort: 3072 (0/3072/0), network size: 0, avg network size: 0, si_in_serializable: 0 0 %, local: 0 %
I0312 02:46:11.569228 155661 Coordinator.h:126] commit: 649063 abort: 3186 (0/3186/0), network size: 0, avg network size: 0, si_in_serializable: 0 0 %, local: 0 %
I0312 02:46:12.569370 155661 Coordinator.h:126] commit: 648169 abort: 3132 (0/3132/0), network size: 0, avg network size: 0, si_in_serializable: 0 0 %, local: 0 %
I0312 02:46:13.569533 155661 Coordinator.h:126] commit: 645470 abort: 3174 (0/3174/0), network size: 0, avg network size: 0, si_in_serializable: 0 0 %, local: 0 %
I0312 02:46:14.569742 155661 Coordinator.h:126] commit: 633439 abort: 3030 (0/3030/0), network size: 0, avg network size: 0, si_in_serializable: 0 0 %, local: 0 %
I0312 02:46:15.569912 155661 Coordinator.h:126] commit: 630855 abort: 3001 (0/3001/0), network size: 0, avg network size: 0, si_in_serializable: 0 0 %, local: 0 %
I0312 02:46:16.570071 155661 Coordinator.h:126] commit: 643974 abort: 3194 (0/3194/0), network size: 0, avg network size: 0, si_in_serializable: 0 0 %, local: 0 %
I0312 02:46:17.570223 155661 Coordinator.h:126] commit: 646040 abort: 3176 (0/3176/0), network size: 0, avg network size: 0, si_in_serializable: 0 0 %, local: 0 %
I0312 02:46:18.570369 155661 Coordinator.h:126] commit: 646068 abort: 3148 (0/3148/0), network size: 0, avg network size: 0, si_in_serializable: 0 0 %, local: 0 %
I0312 02:46:19.570518 155661 Coordinator.h:126] commit: 646104 abort: 3112 (0/3112/0), network size: 0, avg network size: 0, si_in_serializable: 0 0 %, local: 0 %
I0312 02:46:20.570670 155661 Coordinator.h:126] commit: 642032 abort: 3088 (0/3088/0), network size: 0, avg network size: 0, si_in_serializable: 0 0 %, local: 0 %
I0312 02:46:21.570818 155661 Coordinator.h:126] commit: 647006 abort: 3234 (0/3234/0), network size: 0, avg network size: 0, si_in_serializable: 0 0 %, local: 0 %
I0312 02:46:22.571014 155661 Coordinator.h:126] commit: 641043 abort: 3053 (0/3053/0), network size: 0, avg network size: 0, si_in_serializable: 0 0 %, local: 0 %
I0312 02:46:23.571174 155661 Coordinator.h:126] commit: 647119 abort: 3121 (0/3121/0), network size: 0, avg network size: 0, si_in_serializable: 0 0 %, local: 0 %
I0312 02:46:24.571326 155661 Coordinator.h:126] commit: 644943 abort: 3249 (0/3249/0), network size: 0, avg network size: 0, si_in_serializable: 0 0 %, local: 0 %
I0312 02:46:25.571473 155661 Coordinator.h:126] commit: 646088 abort: 3128 (0/3128/0), network size: 0, avg network size: 0, si_in_serializable: 0 0 %, local: 0 %
I0312 02:46:26.571626 155661 Coordinator.h:126] commit: 645226 abort: 2966 (0/2966/0), network size: 0, avg network size: 0, si_in_serializable: 0 0 %, local: 0 %
I0312 02:46:26.571697 155661 Coordinator.h:152] average commit: 642916 abort: 3128.9 (0/3128.9/0), network size: 0, avg network size: 0, si_in_serializable: 0 0 %, local: 0 %
I0312 02:46:26.572485 155696 AriaExecutor.h:94] AriaExecutor 15 exits. 
I0312 02:46:26.572489 155689 AriaExecutor.h:94] AriaExecutor 8 exits. 
I0312 02:46:26.572485 155695 AriaExecutor.h:94] AriaExecutor 14 exits. 
I0312 02:46:26.572510 155697 Manager.h:227] Manager(worker id = 16) on the coordinator node exits.
I0312 02:46:26.572491 155685 AriaExecutor.h:94] AriaExecutor 4 exits. 
I0312 02:46:26.572489 155686 AriaExecutor.h:94] AriaExecutor 5 exits. 
I0312 02:46:26.572503 155694 AriaExecutor.h:94] AriaExecutor 13 exits. 
I0312 02:46:26.572489 155687 AriaExecutor.h:94] AriaExecutor 6 exits. 
I0312 02:46:26.572491 155683 AriaExecutor.h:94] AriaExecutor 2 exits. 
I0312 02:46:26.572489 155690 AriaExecutor.h:94] AriaExecutor 9 exits. 
I0312 02:46:26.572490 155691 AriaExecutor.h:94] AriaExecutor 10 exits. 
I0312 02:46:26.572502 155692 AriaExecutor.h:94] AriaExecutor 11 exits. 
I0312 02:46:26.572508 155682 AriaExecutor.h:94] AriaExecutor 1 exits. 
I0312 02:46:26.572503 155693 AriaExecutor.h:94] AriaExecutor 12 exits. 
I0312 02:46:26.572510 155681 AriaExecutor.h:94] AriaExecutor 0 exits. 
I0312 02:46:26.572491 155684 AriaExecutor.h:94] AriaExecutor 3 exits. 
I0312 02:46:26.572489 155688 AriaExecutor.h:94] AriaExecutor 7 exits. 
I0312 02:46:26.571743 155661 AriaExecutor.h:535] Worker 0 latency: 952 us (50%) 1246 us (75%) 1481 us (95%) 1532 us (99%).
I0312 02:46:26.636345 155661 AriaExecutor.h:535] Worker 1 latency: 954 us (50%) 1247 us (75%) 1481 us (95%) 1532 us (99%).
I0312 02:46:26.688403 155661 AriaExecutor.h:535] Worker 2 latency: 954 us (50%) 1247 us (75%) 1481 us (95%) 1532 us (99%).
I0312 02:46:26.737850 155661 AriaExecutor.h:535] Worker 3 latency: 954 us (50%) 1247 us (75%) 1481 us (95%) 1532 us (99%).
I0312 02:46:26.787856 155661 AriaExecutor.h:535] Worker 4 latency: 953 us (50%) 1246 us (75%) 1481 us (95%) 1532 us (99%).
I0312 02:46:26.838790 155661 AriaExecutor.h:535] Worker 5 latency: 951 us (50%) 1245 us (75%) 1480 us (95%) 1532 us (99%).
I0312 02:46:26.889045 155661 AriaExecutor.h:535] Worker 6 latency: 953 us (50%) 1247 us (75%) 1481 us (95%) 1532 us (99%).
I0312 02:46:26.941329 155661 AriaExecutor.h:535] Worker 7 latency: 953 us (50%) 1247 us (75%) 1481 us (95%) 1532 us (99%).
I0312 02:46:26.992069 155661 AriaExecutor.h:535] Worker 8 latency: 953 us (50%) 1246 us (75%) 1480 us (95%) 1532 us (99%).
I0312 02:46:27.042899 155661 AriaExecutor.h:535] Worker 9 latency: 952 us (50%) 1246 us (75%) 1480 us (95%) 1532 us (99%).
I0312 02:46:27.093889 155661 AriaExecutor.h:535] Worker 10 latency: 953 us (50%) 1246 us (75%) 1480 us (95%) 1532 us (99%).
I0312 02:46:27.144044 155661 AriaExecutor.h:535] Worker 11 latency: 951 us (50%) 1245 us (75%) 1480 us (95%) 1532 us (99%).
I0312 02:46:27.196663 155661 AriaExecutor.h:535] Worker 12 latency: 951 us (50%) 1245 us (75%) 1480 us (95%) 1532 us (99%).
I0312 02:46:27.247081 155661 AriaExecutor.h:535] Worker 13 latency: 950 us (50%) 1245 us (75%) 1480 us (95%) 1532 us (99%).
I0312 02:46:27.297688 155661 AriaExecutor.h:535] Worker 14 latency: 930 us (50%) 1235 us (75%) 1478 us (95%) 1532 us (99%).
I0312 02:46:27.343207 155661 AriaExecutor.h:535] Worker 15 latency: 930 us (50%) 1235 us (75%) 1479 us (95%) 1532 us (99%).
I0312 02:46:27.389351 155661 Coordinator.h:177] total commit: 642916
I0312 02:46:28.389570 155661 Coordinator.h:192] Coordinator exits.
