I0312 03:38:27.551098 164339 Database.h:65] ycsb initialization finished in 100 milliseconds.
I0312 03:38:27.551323 164339 Coordinator.h:30] Coordinator initializes 32 workers.
I0312 03:38:27.615283 164339 Coordinator.h:77] Coordinator starts to run 33 workers.
I0312 03:38:27.615381 164376 AriaExecutor.h:82] AriaExecutor 0 started. 
I0312 03:38:27.615425 164377 AriaExecutor.h:82] AriaExecutor 1 started. 
I0312 03:38:27.615511 164378 AriaExecutor.h:82] AriaExecutor 2 started. 
I0312 03:38:27.615566 164379 AriaExecutor.h:82] AriaExecutor 3 started. 
I0312 03:38:27.615654 164380 AriaExecutor.h:82] AriaExecutor 4 started. 
I0312 03:38:27.615732 164381 AriaExecutor.h:82] AriaExecutor 5 started. 
I0312 03:38:27.615820 164382 AriaExecutor.h:82] AriaExecutor 6 started. 
I0312 03:38:27.615926 164383 AriaExecutor.h:82] AriaExecutor 7 started. 
I0312 03:38:27.616015 164384 AriaExecutor.h:82] AriaExecutor 8 started. 
I0312 03:38:27.616117 164385 AriaExecutor.h:82] AriaExecutor 9 started. 
I0312 03:38:27.616194 164386 AriaExecutor.h:82] AriaExecutor 10 started. 
I0312 03:38:27.616304 164387 AriaExecutor.h:82] AriaExecutor 11 started. 
I0312 03:38:27.616372 164388 AriaExecutor.h:82] AriaExecutor 12 started. 
I0312 03:38:27.616489 164389 AriaExecutor.h:82] AriaExecutor 13 started. 
I0312 03:38:27.616605 164390 AriaExecutor.h:82] AriaExecutor 14 started. 
I0312 03:38:27.616724 164391 AriaExecutor.h:82] AriaExecutor 15 started. 
I0312 03:38:27.616839 164392 AriaExecutor.h:82] AriaExecutor 16 started. 
I0312 03:38:27.616940 164393 AriaExecutor.h:82] AriaExecutor 17 started. 
I0312 03:38:27.617043 164394 AriaExecutor.h:82] AriaExecutor 18 started. 
I0312 03:38:27.617102 164395 AriaExecutor.h:82] AriaExecutor 19 started. 
I0312 03:38:27.617198 164396 AriaExecutor.h:82] AriaExecutor 20 started. 
I0312 03:38:27.617307 164397 AriaExecutor.h:82] AriaExecutor 21 started. 
I0312 03:38:27.617409 164398 AriaExecutor.h:82] AriaExecutor 22 started. 
I0312 03:38:27.617503 164399 AriaExecutor.h:82] AriaExecutor 23 started. 
I0312 03:38:27.617610 164400 AriaExecutor.h:82] AriaExecutor 24 started. 
I0312 03:38:27.617709 164401 AriaExecutor.h:82] AriaExecutor 25 started. 
I0312 03:38:27.617808 164402 AriaExecutor.h:82] AriaExecutor 26 started. 
I0312 03:38:27.617856 164403 AriaExecutor.h:82] AriaExecutor 27 started. 
I0312 03:38:27.617949 164404 AriaExecutor.h:82] AriaExecutor 28 started. 
I0312 03:38:27.618034 164405 AriaExecutor.h:82] AriaExecutor 29 started. 
I0312 03:38:27.618161 164406 AriaExecutor.h:82] AriaExecutor 30 started. 
I0312 03:38:27.618296 164407 AriaExecutor.h:82] AriaExecutor 31 started. 
I0312 03:38:27.618408 164408 Manager.h:224] Manager(worker id = 32) on the coordinator node started.
I0312 03:38:28.618458 164339 Coordinator.h:126] commit: 56 abort: 110536 (0/110536/0), network size: 0, avg network size: 0, si_in_serializable: 0 0 %, local: 0 %
I0312 03:38:29.618607 164339 Coordinator.h:126] commit: 56 abort: 110536 (0/110536/0), network size: 0, avg network size: 0, si_in_serializable: 0 0 %, local: 0 %
I0312 03:38:30.618745 164339 Coordinator.h:126] commit: 57 abort: 112583 (0/112583/0), network size: 0, avg network size: 0, si_in_serializable: 0 0 %, local: 0 %
I0312 03:38:31.618929 164339 Coordinator.h:126] commit: 57 abort: 110535 (0/110535/0), network size: 0, avg network size: 0, si_in_serializable: 0 0 %, local: 0 %
I0312 03:38:32.619076 164339 Coordinator.h:126] commit: 54 abort: 110538 (0/110538/0), network size: 0, avg network size: 0, si_in_serializable: 0 0 %, local: 0 %
I0312 03:38:33.619212 164339 Coordinator.h:126] commit: 57 abort: 112583 (0/112583/0), network size: 0, avg network size: 0, si_in_serializable: 0 0 %, local: 0 %
I0312 03:38:34.619349 164339 Coordinator.h:126] commit: 55 abort: 110537 (0/110537/0), network size: 0, avg network size: 0, si_in_serializable: 0 0 %, local: 0 %
I0312 03:38:35.619479 164339 Coordinator.h:126] commit: 58 abort: 108486 (0/108486/0), network size: 0, avg network size: 0, si_in_serializable: 0 0 %, local: 0 %
I0312 03:38:36.619612 164339 Coordinator.h:126] commit: 54 abort: 110538 (0/110538/0), network size: 0, avg network size: 0, si_in_serializable: 0 0 %, local: 0 %
I0312 03:38:37.619787 164339 Coordinator.h:126] commit: 55 abort: 110537 (0/110537/0), network size: 0, avg network size: 0, si_in_serializable: 0 0 %, local: 0 %
I0312 03:38:38.619927 164339 Coordinator.h:126] commit: 57 abort: 110535 (0/110535/0), network size: 0, avg network size: 0, si_in_serializable: 0 0 %, local: 0 %
I0312 03:38:39.620059 164339 Coordinator.h:126] commit: 54 abort: 110538 (0/110538/0), network size: 0, avg network size: 0, si_in_serializable: 0 0 %, local: 0 %
I0312 03:38:40.620193 164339 Coordinator.h:126] commit: 58 abort: 110534 (0/110534/0), network size: 0, avg network size: 0, si_in_serializable: 0 0 %, local: 0 %
I0312 03:38:41.620342 164339 Coordinator.h:126] commit: 57 abort: 110535 (0/110535/0), network size: 0, avg network size: 0, si_in_serializable: 0 0 %, local: 0 %
I0312 03:38:42.620481 164339 Coordinator.h:126] commit: 55 abort: 110537 (0/110537/0), network size: 0, avg network size: 0, si_in_serializable: 0 0 %, local: 0 %
I0312 03:38:43.620611 164339 Coordinator.h:126] commit: 56 abort: 108488 (0/108488/0), network size: 0, avg network size: 0, si_in_serializable: 0 0 %, local: 0 %
I0312 03:38:44.620747 164339 Coordinator.h:126] commit: 55 abort: 110537 (0/110537/0), network size: 0, avg network size: 0, si_in_serializable: 0 0 %, local: 0 %
I0312 03:38:45.620888 164339 Coordinator.h:126] commit: 59 abort: 110533 (0/110533/0), network size: 0, avg network size: 0, si_in_serializable: 0 0 %, local: 0 %
I0312 03:38:46.621025 164339 Coordinator.h:126] commit: 56 abort: 110536 (0/110536/0), network size: 0, avg network size: 0, si_in_serializable: 0 0 %, local: 0 %
I0312 03:38:47.621162 164339 Coordinator.h:126] commit: 56 abort: 108488 (0/108488/0), network size: 0, avg network size: 0, si_in_serializable: 0 0 %, local: 0 %
I0312 03:38:48.621342 164339 Coordinator.h:126] commit: 59 abort: 110533 (0/110533/0), network size: 0, avg network size: 0, si_in_serializable: 0 0 %, local: 0 %
I0312 03:38:49.621495 164339 Coordinator.h:126] commit: 53 abort: 108491 (0/108491/0), network size: 0, avg network size: 0, si_in_serializable: 0 0 %, local: 0 %
I0312 03:38:50.621636 164339 Coordinator.h:126] commit: 54 abort: 110538 (0/110538/0), network size: 0, avg network size: 0, si_in_serializable: 0 0 %, local: 0 %
I0312 03:38:51.621778 164339 Coordinator.h:126] commit: 56 abort: 110536 (0/110536/0), network size: 0, avg network size: 0, si_in_serializable: 0 0 %, local: 0 %
I0312 03:38:52.621913 164339 Coordinator.h:126] commit: 54 abort: 108490 (0/108490/0), network size: 0, avg network size: 0, si_in_serializable: 0 0 %, local: 0 %
I0312 03:38:52.621963 164339 Coordinator.h:152] average commit: 56.3 abort: 110126 (0/110126/0), network size: 0, avg network size: 0, si_in_serializable: 0 0 %, local: 0 %
I0312 03:38:52.621978 164339 AriaExecutor.h:535] Worker 0 latency: 18475 us (50%) 18601 us (75%) 18767 us (95%) 19009 us (99%).
I0312 03:38:52.625766 164407 AriaExecutor.h:94] AriaExecutor 31 exits. 
I0312 03:38:52.625773 164386 AriaExecutor.h:94] AriaExecutor 10 exits. 
I0312 03:38:52.625771 164380 AriaExecutor.h:94] AriaExecutor 4 exits. 
I0312 03:38:52.625783 164387 AriaExecutor.h:94] AriaExecutor 11 exits. 
I0312 03:38:52.625773 164382 AriaExecutor.h:94] AriaExecutor 6 exits. 
I0312 03:38:52.625780 164383 AriaExecutor.h:94] AriaExecutor 7 exits. 
I0312 03:38:52.625797 164402 AriaExecutor.h:94] AriaExecutor 26 exits. 
I0312 03:38:52.625777 164381 AriaExecutor.h:94] AriaExecutor 5 exits. 
I0312 03:38:52.625823 164405 AriaExecutor.h:94] AriaExecutor 29 exits. 
I0312 03:38:52.625797 164395 AriaExecutor.h:94] AriaExecutor 19 exits. 
I0312 03:38:52.625777 164406 AriaExecutor.h:94] AriaExecutor 30 exits. 
I0312 03:38:52.625777 164389 AriaExecutor.h:94] AriaExecutor 13 exits. 
I0312 03:38:52.625797 164391 AriaExecutor.h:94] AriaExecutor 15 exits. 
I0312 03:38:52.625826 164398 AriaExecutor.h:94] AriaExecutor 22 exits. 
I0312 03:38:52.625766 164378 AriaExecutor.h:94] AriaExecutor 2 exits. 
I0312 03:38:52.625797 164404 AriaExecutor.h:94] AriaExecutor 28 exits. 
I0312 03:38:52.625771 164379 AriaExecutor.h:94] AriaExecutor 3 exits. 
I0312 03:38:52.625797 164392 AriaExecutor.h:94] AriaExecutor 16 exits. 
I0312 03:38:52.625773 164408 Manager.h:227] Manager(worker id = 32) on the coordinator node exits.
I0312 03:38:52.625797 164390 AriaExecutor.h:94] AriaExecutor 14 exits. 
I0312 03:38:52.625799 164396 AriaExecutor.h:94] AriaExecutor 20 exits. 
I0312 03:38:52.625799 164401 AriaExecutor.h:94] AriaExecutor 25 exits. 
I0312 03:38:52.625800 164394 AriaExecutor.h:94] AriaExecutor 18 exits. 
I0312 03:38:52.625800 164400 AriaExecutor.h:94] AriaExecutor 24 exits. 
I0312 03:38:52.625800 164393 AriaExecutor.h:94] AriaExecutor 17 exits. 
I0312 03:38:52.625775 164385 AriaExecutor.h:94] AriaExecutor 9 exits. 
I0312 03:38:52.625797 164399 AriaExecutor.h:94] AriaExecutor 23 exits. 
I0312 03:38:52.625777 164388 AriaExecutor.h:94] AriaExecutor 12 exits. 
I0312 03:38:52.625767 164377 AriaExecutor.h:94] AriaExecutor 1 exits. 
I0312 03:38:52.625782 164376 AriaExecutor.h:94] AriaExecutor 0 exits. 
I0312 03:38:52.625797 164403 AriaExecutor.h:94] AriaExecutor 27 exits. 
I0312 03:38:52.625769 164384 AriaExecutor.h:94] AriaExecutor 8 exits. 
I0312 03:38:52.625798 164397 AriaExecutor.h:94] AriaExecutor 21 exits. 
I0312 03:38:52.626323 164339 AriaExecutor.h:535] Worker 1 latency: 18402 us (50%) 18514 us (75%) 18662 us (95%) 18691 us (99%).
I0312 03:38:52.626338 164339 AriaExecutor.h:535] Worker 2 latency: 18376 us (50%) 18589 us (75%) 18636 us (95%) 18636 us (99%).
I0312 03:38:52.626346 164339 AriaExecutor.h:535] Worker 3 latency: 18579 us (50%) 18579 us (75%) 18579 us (95%) 18579 us (99%).
I0312 03:38:52.626353 164339 AriaExecutor.h:535] Worker 4 latency: 18066 us (50%) 18066 us (75%) 18066 us (95%) 18066 us (99%).
I0312 03:38:52.626394 164339 AriaExecutor.h:535] Worker 5 latency: 0 us (50%) 0 us (75%) 0 us (95%) 0 us (99%).
I0312 03:38:52.626418 164339 AriaExecutor.h:535] Worker 6 latency: 0 us (50%) 0 us (75%) 0 us (95%) 0 us (99%).
I0312 03:38:52.626437 164339 AriaExecutor.h:535] Worker 7 latency: 0 us (50%) 0 us (75%) 0 us (95%) 0 us (99%).
I0312 03:38:52.626456 164339 AriaExecutor.h:535] Worker 8 latency: 0 us (50%) 0 us (75%) 0 us (95%) 0 us (99%).
I0312 03:38:52.626475 164339 AriaExecutor.h:535] Worker 9 latency: 18263 us (50%) 18263 us (75%) 18263 us (95%) 18263 us (99%).
I0312 03:38:52.626498 164339 AriaExecutor.h:535] Worker 10 latency: 0 us (50%) 0 us (75%) 0 us (95%) 0 us (99%).
I0312 03:38:52.626518 164339 AriaExecutor.h:535] Worker 11 latency: 0 us (50%) 0 us (75%) 0 us (95%) 0 us (99%).
I0312 03:38:52.626535 164339 AriaExecutor.h:535] Worker 12 latency: 0 us (50%) 0 us (75%) 0 us (95%) 0 us (99%).
I0312 03:38:52.626555 164339 AriaExecutor.h:535] Worker 13 latency: 0 us (50%) 0 us (75%) 0 us (95%) 0 us (99%).
I0312 03:38:52.626575 164339 AriaExecutor.h:535] Worker 14 latency: 0 us (50%) 0 us (75%) 0 us (95%) 0 us (99%).
I0312 03:38:52.626593 164339 AriaExecutor.h:535] Worker 15 latency: 0 us (50%) 0 us (75%) 0 us (95%) 0 us (99%).
I0312 03:38:52.626613 164339 AriaExecutor.h:535] Worker 16 latency: 0 us (50%) 0 us (75%) 0 us (95%) 0 us (99%).
I0312 03:38:52.626632 164339 AriaExecutor.h:535] Worker 17 latency: 0 us (50%) 0 us (75%) 0 us (95%) 0 us (99%).
I0312 03:38:52.626652 164339 AriaExecutor.h:535] Worker 18 latency: 0 us (50%) 0 us (75%) 0 us (95%) 0 us (99%).
I0312 03:38:52.626677 164339 AriaExecutor.h:535] Worker 19 latency: 0 us (50%) 0 us (75%) 0 us (95%) 0 us (99%).
I0312 03:38:52.626698 164339 AriaExecutor.h:535] Worker 20 latency: 0 us (50%) 0 us (75%) 0 us (95%) 0 us (99%).
I0312 03:38:52.626724 164339 AriaExecutor.h:535] Worker 21 latency: 0 us (50%) 0 us (75%) 0 us (95%) 0 us (99%).
I0312 03:38:52.626746 164339 AriaExecutor.h:535] Worker 22 latency: 0 us (50%) 0 us (75%) 0 us (95%) 0 us (99%).
I0312 03:38:52.626767 164339 AriaExecutor.h:535] Worker 23 latency: 0 us (50%) 0 us (75%) 0 us (95%) 0 us (99%).
I0312 03:38:52.626791 164339 AriaExecutor.h:535] Worker 24 latency: 0 us (50%) 0 us (75%) 0 us (95%) 0 us (99%).
I0312 03:38:52.626813 164339 AriaExecutor.h:535] Worker 25 latency: 0 us (50%) 0 us (75%) 0 us (95%) 0 us (99%).
I0312 03:38:52.626833 164339 AriaExecutor.h:535] Worker 26 latency: 0 us (50%) 0 us (75%) 0 us (95%) 0 us (99%).
I0312 03:38:52.626855 164339 AriaExecutor.h:535] Worker 27 latency: 0 us (50%) 0 us (75%) 0 us (95%) 0 us (99%).
I0312 03:38:52.626880 164339 AriaExecutor.h:535] Worker 28 latency: 0 us (50%) 0 us (75%) 0 us (95%) 0 us (99%).
I0312 03:38:52.626902 164339 AriaExecutor.h:535] Worker 29 latency: 0 us (50%) 0 us (75%) 0 us (95%) 0 us (99%).
I0312 03:38:52.626924 164339 AriaExecutor.h:535] Worker 30 latency: 0 us (50%) 0 us (75%) 0 us (95%) 0 us (99%).
I0312 03:38:52.626945 164339 AriaExecutor.h:535] Worker 31 latency: 0 us (50%) 0 us (75%) 0 us (95%) 0 us (99%).
I0312 03:38:52.626981 164339 Coordinator.h:177] total commit: 56.3
I0312 03:38:53.627194 164339 Coordinator.h:192] Coordinator exits.
