I0312 07:59:45.185539 229308 Database.h:65] ycsb initialization finished in 101 milliseconds.
I0312 07:59:45.185750 229308 Coordinator.h:30] Coordinator initializes 62 workers.
I0312 07:59:45.297246 229308 Coordinator.h:77] Coordinator starts to run 63 workers.
I0312 07:59:45.297350 229374 AriaExecutor.h:91] AriaExecutor 0 started. 
I0312 07:59:45.297381 229375 AriaExecutor.h:91] AriaExecutor 1 started. 
I0312 07:59:45.297456 229376 AriaExecutor.h:91] AriaExecutor 2 started. 
I0312 07:59:45.297516 229377 AriaExecutor.h:91] AriaExecutor 3 started. 
I0312 07:59:45.297590 229378 AriaExecutor.h:91] AriaExecutor 4 started. 
I0312 07:59:45.297688 229379 AriaExecutor.h:91] AriaExecutor 5 started. 
I0312 07:59:45.297780 229380 AriaExecutor.h:91] AriaExecutor 6 started. 
I0312 07:59:45.297851 229381 AriaExecutor.h:91] AriaExecutor 7 started. 
I0312 07:59:45.298081 229382 AriaExecutor.h:91] AriaExecutor 8 started. 
I0312 07:59:45.298247 229383 AriaExecutor.h:91] AriaExecutor 9 started. 
I0312 07:59:45.298417 229384 AriaExecutor.h:91] AriaExecutor 10 started. 
I0312 07:59:45.308359 229385 AriaExecutor.h:91] AriaExecutor 11 started. 
I0312 07:59:45.308521 229386 AriaExecutor.h:91] AriaExecutor 12 started. 
I0312 07:59:45.308677 229387 AriaExecutor.h:91] AriaExecutor 13 started. 
I0312 07:59:45.308847 229388 AriaExecutor.h:91] AriaExecutor 14 started. 
I0312 07:59:45.309074 229389 AriaExecutor.h:91] AriaExecutor 15 started. 
I0312 07:59:45.309239 229390 AriaExecutor.h:91] AriaExecutor 16 started. 
I0312 07:59:45.309451 229391 AriaExecutor.h:91] AriaExecutor 17 started. 
I0312 07:59:45.309605 229392 AriaExecutor.h:91] AriaExecutor 18 started. 
I0312 07:59:45.309775 229393 AriaExecutor.h:91] AriaExecutor 19 started. 
I0312 07:59:45.309943 229394 AriaExecutor.h:91] AriaExecutor 20 started. 
I0312 07:59:45.310125 229395 AriaExecutor.h:91] AriaExecutor 21 started. 
I0312 07:59:45.310329 229396 AriaExecutor.h:91] AriaExecutor 22 started. 
I0312 07:59:45.310520 229397 AriaExecutor.h:91] AriaExecutor 23 started. 
I0312 07:59:45.310702 229398 AriaExecutor.h:91] AriaExecutor 24 started. 
I0312 07:59:45.310885 229399 AriaExecutor.h:91] AriaExecutor 25 started. 
I0312 07:59:45.311070 229400 AriaExecutor.h:91] AriaExecutor 26 started. 
I0312 07:59:45.311249 229401 AriaExecutor.h:91] AriaExecutor 27 started. 
I0312 07:59:45.311401 229402 AriaExecutor.h:91] AriaExecutor 28 started. 
I0312 07:59:45.311571 229403 AriaExecutor.h:91] AriaExecutor 29 started. 
I0312 07:59:45.311758 229404 AriaExecutor.h:91] AriaExecutor 30 started. 
I0312 07:59:45.311949 229405 AriaExecutor.h:91] AriaExecutor 31 started. 
I0312 07:59:45.312134 229406 AriaExecutor.h:91] AriaExecutor 32 started. 
I0312 07:59:45.312337 229407 AriaExecutor.h:91] AriaExecutor 33 started. 
I0312 07:59:45.312530 229408 AriaExecutor.h:91] AriaExecutor 34 started. 
I0312 07:59:45.312736 229409 AriaExecutor.h:91] AriaExecutor 35 started. 
I0312 07:59:45.312878 229410 AriaExecutor.h:91] AriaExecutor 36 started. 
I0312 07:59:45.313057 229411 AriaExecutor.h:91] AriaExecutor 37 started. 
I0312 07:59:45.313236 229412 AriaExecutor.h:91] AriaExecutor 38 started. 
I0312 07:59:45.313407 229413 AriaExecutor.h:91] AriaExecutor 39 started. 
I0312 07:59:45.313593 229414 AriaExecutor.h:91] AriaExecutor 40 started. 
I0312 07:59:45.313774 229415 AriaExecutor.h:91] AriaExecutor 41 started. 
I0312 07:59:45.313949 229416 AriaExecutor.h:91] AriaExecutor 42 started. 
I0312 07:59:45.314316 229418 AriaExecutor.h:91] AriaExecutor 44 started. 
I0312 07:59:45.314498 229419 AriaExecutor.h:91] AriaExecutor 45 started. 
I0312 07:59:45.314677 229420 AriaExecutor.h:91] AriaExecutor 46 started. 
I0312 07:59:45.314862 229421 AriaExecutor.h:91] AriaExecutor 47 started. 
I0312 07:59:45.315034 229422 AriaExecutor.h:91] AriaExecutor 48 started. 
I0312 07:59:45.315214 229423 AriaExecutor.h:91] AriaExecutor 49 started. 
I0312 07:59:45.315393 229424 AriaExecutor.h:91] AriaExecutor 50 started. 
I0312 07:59:45.315569 229425 AriaExecutor.h:91] AriaExecutor 51 started. 
I0312 07:59:45.315738 229426 AriaExecutor.h:91] AriaExecutor 52 started. 
I0312 07:59:45.315975 229427 AriaExecutor.h:91] AriaExecutor 53 started. 
I0312 07:59:45.316201 229428 AriaExecutor.h:91] AriaExecutor 54 started. 
I0312 07:59:45.316450 229429 AriaExecutor.h:91] AriaExecutor 55 started. 
I0312 07:59:45.316680 229430 AriaExecutor.h:91] AriaExecutor 56 started. 
I0312 07:59:45.316910 229431 AriaExecutor.h:91] AriaExecutor 57 started. 
I0312 07:59:45.317070 229432 AriaExecutor.h:91] AriaExecutor 58 started. 
I0312 07:59:45.317235 229433 AriaExecutor.h:91] AriaExecutor 59 started. 
F0312 07:59:45.317700 229308 Coordinator.h:355] Check failed: rc == 0 
*** Check failure stack trace: ***
    @     0x7f81db5ebb03  google::LogMessage::Fail()
    @     0x7f81db5f39d1  google::LogMessage::SendToLog()
    @     0x7f81db5eb7c2  google::LogMessage::Flush()
    @     0x7f81db5ed78f  google::LogMessageFatal::~LogMessageFatal()
    @     0x556df4d9dc53  aria::Coordinator::pin_thread_to_core()
I0312 07:59:45.324256 229417 AriaExecutor.h:91] AriaExecutor 43 started. 
    @     0x556df4dac51b  aria::Coordinator::start()
    @     0x556df4d8bfe8  main
    @     0x7f81db07ed90  (unknown)
    @     0x7f81db07ee40  __libc_start_main
    @     0x556df4d8cf55  _start
    @              (nil)  (unknown)
