I0312 07:59:45.556310 229440 Database.h:65] ycsb initialization finished in 101 milliseconds.
I0312 07:59:45.556536 229440 Coordinator.h:30] Coordinator initializes 62 workers.
I0312 07:59:45.593776 229440 Coordinator.h:77] Coordinator starts to run 63 workers.
I0312 07:59:45.593849 229506 AriaExecutor.h:91] AriaExecutor 0 started. 
I0312 07:59:45.593888 229507 AriaExecutor.h:91] AriaExecutor 1 started. 
I0312 07:59:45.594023 229508 AriaExecutor.h:91] AriaExecutor 2 started. 
I0312 07:59:45.594043 229509 AriaExecutor.h:91] AriaExecutor 3 started. 
I0312 07:59:45.594195 229510 AriaExecutor.h:91] AriaExecutor 4 started. 
I0312 07:59:45.594215 229511 AriaExecutor.h:91] AriaExecutor 5 started. 
I0312 07:59:45.594360 229512 AriaExecutor.h:91] AriaExecutor 6 started. 
I0312 07:59:45.594439 229513 AriaExecutor.h:91] AriaExecutor 7 started. 
I0312 07:59:45.594655 229514 AriaExecutor.h:91] AriaExecutor 8 started. 
I0312 07:59:45.594827 229515 AriaExecutor.h:91] AriaExecutor 9 started. 
I0312 07:59:45.595000 229516 AriaExecutor.h:91] AriaExecutor 10 started. 
I0312 07:59:45.595182 229517 AriaExecutor.h:91] AriaExecutor 11 started. 
I0312 07:59:45.604398 229518 AriaExecutor.h:91] AriaExecutor 12 started. 
I0312 07:59:45.604555 229519 AriaExecutor.h:91] AriaExecutor 13 started. 
I0312 07:59:45.604707 229520 AriaExecutor.h:91] AriaExecutor 14 started. 
I0312 07:59:45.604853 229521 AriaExecutor.h:91] AriaExecutor 15 started. 
I0312 07:59:45.605000 229522 AriaExecutor.h:91] AriaExecutor 16 started. 
I0312 07:59:45.605144 229523 AriaExecutor.h:91] AriaExecutor 17 started. 
I0312 07:59:45.605294 229524 AriaExecutor.h:91] AriaExecutor 18 started. 
I0312 07:59:45.605448 229525 AriaExecutor.h:91] AriaExecutor 19 started. 
I0312 07:59:45.605592 229526 AriaExecutor.h:91] AriaExecutor 20 started. 
I0312 07:59:45.605734 229527 AriaExecutor.h:91] AriaExecutor 21 started. 
I0312 07:59:45.605892 229528 AriaExecutor.h:91] AriaExecutor 22 started. 
I0312 07:59:45.606053 229529 AriaExecutor.h:91] AriaExecutor 23 started. 
I0312 07:59:45.606230 229530 AriaExecutor.h:91] AriaExecutor 24 started. 
I0312 07:59:45.606415 229531 AriaExecutor.h:91] AriaExecutor 25 started. 
I0312 07:59:45.606592 229532 AriaExecutor.h:91] AriaExecutor 26 started. 
I0312 07:59:45.606773 229533 AriaExecutor.h:91] AriaExecutor 27 started. 
I0312 07:59:45.606932 229534 AriaExecutor.h:91] AriaExecutor 28 started. 
I0312 07:59:45.607092 229535 AriaExecutor.h:91] AriaExecutor 29 started. 
I0312 07:59:45.607296 229536 AriaExecutor.h:91] AriaExecutor 30 started. 
I0312 07:59:45.607486 229537 AriaExecutor.h:91] AriaExecutor 31 started. 
I0312 07:59:45.607652 229538 AriaExecutor.h:91] AriaExecutor 32 started. 
I0312 07:59:45.607832 229539 AriaExecutor.h:91] AriaExecutor 33 started. 
I0312 07:59:45.608011 229540 AriaExecutor.h:91] AriaExecutor 34 started. 
I0312 07:59:45.608181 229541 AriaExecutor.h:91] AriaExecutor 35 started. 
I0312 07:59:45.608392 229542 AriaExecutor.h:91] AriaExecutor 36 started. 
I0312 07:59:45.608578 229543 AriaExecutor.h:91] AriaExecutor 37 started. 
I0312 07:59:45.608753 229544 AriaExecutor.h:91] AriaExecutor 38 started. 
I0312 07:59:45.608927 229545 AriaExecutor.h:91] AriaExecutor 39 started. 
I0312 07:59:45.609113 229546 AriaExecutor.h:91] AriaExecutor 40 started. 
I0312 07:59:45.609287 229547 AriaExecutor.h:91] AriaExecutor 41 started. 
I0312 07:59:45.609467 229548 AriaExecutor.h:91] AriaExecutor 42 started. 
I0312 07:59:45.609655 229549 AriaExecutor.h:91] AriaExecutor 43 started. 
I0312 07:59:45.610025 229551 AriaExecutor.h:91] AriaExecutor 45 started. 
I0312 07:59:45.610203 229552 AriaExecutor.h:91] AriaExecutor 46 started. 
I0312 07:59:45.610373 229553 AriaExecutor.h:91] AriaExecutor 47 started. 
I0312 07:59:45.610548 229554 AriaExecutor.h:91] AriaExecutor 48 started. 
I0312 07:59:45.610728 229555 AriaExecutor.h:91] AriaExecutor 49 started. 
I0312 07:59:45.610915 229556 AriaExecutor.h:91] AriaExecutor 50 started. 
I0312 07:59:45.611093 229557 AriaExecutor.h:91] AriaExecutor 51 started. 
I0312 07:59:45.611270 229558 AriaExecutor.h:91] AriaExecutor 52 started. 
I0312 07:59:45.611454 229559 AriaExecutor.h:91] AriaExecutor 53 started. 
I0312 07:59:45.611629 229560 AriaExecutor.h:91] AriaExecutor 54 started. 
I0312 07:59:45.611801 229561 AriaExecutor.h:91] AriaExecutor 55 started. 
I0312 07:59:45.612044 229562 AriaExecutor.h:91] AriaExecutor 56 started. 
I0312 07:59:45.612287 229563 AriaExecutor.h:91] AriaExecutor 57 started. 
I0312 07:59:45.612476 229564 AriaExecutor.h:91] AriaExecutor 58 started. 
I0312 07:59:45.612650 229565 AriaExecutor.h:91] AriaExecutor 59 started. 
F0312 07:59:45.613131 229440 Coordinator.h:355] Check failed: rc == 0 
*** Check failure stack trace: ***
    @     0x7fc2f1ca3b03  google::LogMessage::Fail()
    @     0x7fc2f1cab9d1  google::LogMessage::SendToLog()
    @     0x7fc2f1ca37c2  google::LogMessage::Flush()
    @     0x7fc2f1ca578f  google::LogMessageFatal::~LogMessageFatal()
    @     0x563e4a7a2c53  aria::Coordinator::pin_thread_to_core()
    @     0x563e4a7b151b  aria::Coordinator::start()
    @     0x563e4a790fe8  main
I0312 07:59:45.620255 229550 AriaExecutor.h:91] AriaExecutor 44 started. 
    @     0x7fc2f1736d90  (unknown)
    @     0x7fc2f1736e40  __libc_start_main
    @     0x563e4a791f55  _start
    @              (nil)  (unknown)
