I0312 03:07:45.215150 158280 Database.h:65] ycsb initialization finished in 97 milliseconds.
I0312 03:07:45.215385 158280 Coordinator.h:30] Coordinator initializes 16 workers.
I0312 03:07:45.277742 158280 Coordinator.h:77] Coordinator starts to run 17 workers.
I0312 03:07:45.277834 158300 AriaExecutor.h:82] AriaExecutor 0 started. 
I0312 03:07:45.277885 158301 AriaExecutor.h:82] AriaExecutor 1 started. 
I0312 03:07:45.277967 158302 AriaExecutor.h:82] AriaExecutor 2 started. 
I0312 03:07:45.278040 158303 AriaExecutor.h:82] AriaExecutor 3 started. 
I0312 03:07:45.278128 158304 AriaExecutor.h:82] AriaExecutor 4 started. 
I0312 03:07:45.278188 158305 AriaExecutor.h:82] AriaExecutor 5 started. 
I0312 03:07:45.278249 158306 AriaExecutor.h:82] AriaExecutor 6 started. 
I0312 03:07:45.278321 158307 AriaExecutor.h:82] AriaExecutor 7 started. 
I0312 03:07:45.278378 158308 AriaExecutor.h:82] AriaExecutor 8 started. 
I0312 03:07:45.278441 158309 AriaExecutor.h:82] AriaExecutor 9 started. 
I0312 03:07:45.278558 158311 AriaExecutor.h:82] AriaExecutor 11 started. 
I0312 03:07:45.278649 158312 AriaExecutor.h:82] AriaExecutor 12 started. 
I0312 03:07:45.278680 158313 AriaExecutor.h:82] AriaExecutor 13 started. 
I0312 03:07:45.278761 158314 AriaExecutor.h:82] AriaExecutor 14 started. 
I0312 03:07:45.278796 158310 AriaExecutor.h:82] AriaExecutor 10 started. 
I0312 03:07:45.278898 158315 AriaExecutor.h:82] AriaExecutor 15 started. 
I0312 03:07:45.279064 158316 Manager.h:224] Manager(worker id = 16) on the coordinator node started.
I0312 03:07:46.279135 158280 Coordinator.h:126] commit: 304040 abort: 343128 (0/343128/0), network size: 0, avg network size: 0, si_in_serializable: 0 0 %, local: 0 %
I0312 03:07:47.279307 158280 Coordinator.h:126] commit: 305292 abort: 343924 (0/343924/0), network size: 0, avg network size: 0, si_in_serializable: 0 0 %, local: 0 %
I0312 03:07:48.279590 158280 Coordinator.h:126] commit: 311355 abort: 350149 (0/350149/0), network size: 0, avg network size: 0, si_in_serializable: 0 0 %, local: 0 %
I0312 03:07:49.279779 158280 Coordinator.h:126] commit: 310065 abort: 349391 (0/349391/0), network size: 0, avg network size: 0, si_in_serializable: 0 0 %, local: 0 %
I0312 03:07:50.279906 158280 Coordinator.h:126] commit: 312096 abort: 351456 (0/351456/0), network size: 0, avg network size: 0, si_in_serializable: 0 0 %, local: 0 %
I0312 03:07:51.280030 158280 Coordinator.h:126] commit: 307576 abort: 347784 (0/347784/0), network size: 0, avg network size: 0, si_in_serializable: 0 0 %, local: 0 %
I0312 03:07:52.280236 158280 Coordinator.h:126] commit: 305840 abort: 345424 (0/345424/0), network size: 0, avg network size: 0, si_in_serializable: 0 0 %, local: 0 %
I0312 03:07:53.280395 158280 Coordinator.h:126] commit: 312031 abort: 351521 (0/351521/0), network size: 0, avg network size: 0, si_in_serializable: 0 0 %, local: 0 %
I0312 03:07:54.280524 158280 Coordinator.h:126] commit: 311871 abort: 351681 (0/351681/0), network size: 0, avg network size: 0, si_in_serializable: 0 0 %, local: 0 %
I0312 03:07:55.280663 158280 Coordinator.h:126] commit: 312276 abort: 351262 (0/351262/0), network size: 0, avg network size: 0, si_in_serializable: 0 0 %, local: 0 %
I0312 03:07:56.280786 158280 Coordinator.h:126] commit: 308023 abort: 347348 (0/347348/0), network size: 0, avg network size: 0, si_in_serializable: 0 0 %, local: 0 %
I0312 03:07:57.280962 158280 Coordinator.h:126] commit: 309363 abort: 350093 (0/350093/0), network size: 0, avg network size: 0, si_in_serializable: 0 0 %, local: 0 %
I0312 03:07:58.281111 158280 Coordinator.h:126] commit: 311035 abort: 352517 (0/352517/0), network size: 0, avg network size: 0, si_in_serializable: 0 0 %, local: 0 %
I0312 03:07:59.281235 158280 Coordinator.h:126] commit: 300806 abort: 338170 (0/338170/0), network size: 0, avg network size: 0, si_in_serializable: 0 0 %, local: 0 %
I0312 03:08:00.281360 158280 Coordinator.h:126] commit: 311618 abort: 351934 (0/351934/0), network size: 0, avg network size: 0, si_in_serializable: 0 0 %, local: 0 %
I0312 03:08:01.281492 158280 Coordinator.h:126] commit: 312098 abort: 351454 (0/351454/0), network size: 0, avg network size: 0, si_in_serializable: 0 0 %, local: 0 %
I0312 03:08:02.281615 158280 Coordinator.h:126] commit: 312357 abort: 351195 (0/351195/0), network size: 0, avg network size: 0, si_in_serializable: 0 0 %, local: 0 %
I0312 03:08:03.281741 158280 Coordinator.h:126] commit: 313106 abort: 352494 (0/352494/0), network size: 0, avg network size: 0, si_in_serializable: 0 0 %, local: 0 %
I0312 03:08:04.281929 158280 Coordinator.h:126] commit: 306620 abort: 344644 (0/344644/0), network size: 0, avg network size: 0, si_in_serializable: 0 0 %, local: 0 %
I0312 03:08:05.282079 158280 Coordinator.h:126] commit: 312624 abort: 352976 (0/352976/0), network size: 0, avg network size: 0, si_in_serializable: 0 0 %, local: 0 %
I0312 03:08:06.282209 158280 Coordinator.h:126] commit: 311927 abort: 351625 (0/351625/0), network size: 0, avg network size: 0, si_in_serializable: 0 0 %, local: 0 %
I0312 03:08:07.282346 158280 Coordinator.h:126] commit: 311654 abort: 351898 (0/351898/0), network size: 0, avg network size: 0, si_in_serializable: 0 0 %, local: 0 %
I0312 03:08:08.282480 158280 Coordinator.h:126] commit: 312250 abort: 353350 (0/353350/0), network size: 0, avg network size: 0, si_in_serializable: 0 0 %, local: 0 %
I0312 03:08:09.282611 158280 Coordinator.h:126] commit: 312885 abort: 352715 (0/352715/0), network size: 0, avg network size: 0, si_in_serializable: 0 0 %, local: 0 %
I0312 03:08:10.282738 158280 Coordinator.h:126] commit: 311831 abort: 351721 (0/351721/0), network size: 0, avg network size: 0, si_in_serializable: 0 0 %, local: 0 %
I0312 03:08:10.282793 158280 Coordinator.h:152] average commit: 309765 abort: 349282 (0/349282/0), network size: 0, avg network size: 0, si_in_serializable: 0 0 %, local: 0 %
I0312 03:08:10.283573 158302 AriaExecutor.h:94] AriaExecutor 2 exits. 
I0312 03:08:10.283597 158316 Manager.h:227] Manager(worker id = 16) on the coordinator node exits.
I0312 03:08:10.283573 158304 AriaExecutor.h:94] AriaExecutor 4 exits. 
I0312 03:08:10.283573 158312 AriaExecutor.h:94] AriaExecutor 12 exits. 
I0312 03:08:10.283573 158306 AriaExecutor.h:94] AriaExecutor 6 exits. 
I0312 03:08:10.283578 158309 AriaExecutor.h:94] AriaExecutor 9 exits. 
I0312 03:08:10.283573 158311 AriaExecutor.h:94] AriaExecutor 11 exits. 
I0312 03:08:10.283573 158307 AriaExecutor.h:94] AriaExecutor 7 exits. 
I0312 03:08:10.283573 158310 AriaExecutor.h:94] AriaExecutor 10 exits. 
I0312 03:08:10.283583 158315 AriaExecutor.h:94] AriaExecutor 15 exits. 
I0312 03:08:10.283573 158303 AriaExecutor.h:94] AriaExecutor 3 exits. 
I0312 03:08:10.283576 158301 AriaExecutor.h:94] AriaExecutor 1 exits. 
I0312 03:08:10.283583 158314 AriaExecutor.h:94] AriaExecutor 14 exits. 
I0312 03:08:10.283573 158308 AriaExecutor.h:94] AriaExecutor 8 exits. 
I0312 03:08:10.283573 158305 AriaExecutor.h:94] AriaExecutor 5 exits. 
I0312 03:08:10.283576 158300 AriaExecutor.h:94] AriaExecutor 0 exits. 
I0312 03:08:10.283573 158313 AriaExecutor.h:94] AriaExecutor 13 exits. 
I0312 03:08:10.282836 158280 AriaExecutor.h:535] Worker 0 latency: 2044 us (50%) 2605 us (75%) 2968 us (95%) 3032 us (99%).
I0312 03:08:10.323189 158280 AriaExecutor.h:535] Worker 1 latency: 2045 us (50%) 2604 us (75%) 2967 us (95%) 3031 us (99%).
I0312 03:08:10.349668 158280 AriaExecutor.h:535] Worker 2 latency: 2045 us (50%) 2605 us (75%) 2967 us (95%) 3031 us (99%).
I0312 03:08:10.375736 158280 AriaExecutor.h:535] Worker 3 latency: 2042 us (50%) 2601 us (75%) 2966 us (95%) 3031 us (99%).
I0312 03:08:10.401655 158280 AriaExecutor.h:535] Worker 4 latency: 2041 us (50%) 2601 us (75%) 2965 us (95%) 3031 us (99%).
I0312 03:08:10.427889 158280 AriaExecutor.h:535] Worker 5 latency: 2038 us (50%) 2600 us (75%) 2965 us (95%) 3030 us (99%).
I0312 03:08:10.453583 158280 AriaExecutor.h:535] Worker 6 latency: 2039 us (50%) 2598 us (75%) 2964 us (95%) 3030 us (99%).
I0312 03:08:10.479954 158280 AriaExecutor.h:535] Worker 7 latency: 2037 us (50%) 2598 us (75%) 2964 us (95%) 3030 us (99%).
I0312 03:08:10.506037 158280 AriaExecutor.h:535] Worker 8 latency: 2038 us (50%) 2596 us (75%) 2964 us (95%) 3030 us (99%).
I0312 03:08:10.531894 158280 AriaExecutor.h:535] Worker 9 latency: 2036 us (50%) 2596 us (75%) 2963 us (95%) 3029 us (99%).
I0312 03:08:10.560181 158280 AriaExecutor.h:535] Worker 10 latency: 2039 us (50%) 2596 us (75%) 2963 us (95%) 3030 us (99%).
I0312 03:08:10.586076 158280 AriaExecutor.h:535] Worker 11 latency: 2034 us (50%) 2593 us (75%) 2962 us (95%) 3029 us (99%).
I0312 03:08:10.612212 158280 AriaExecutor.h:535] Worker 12 latency: 2035 us (50%) 2594 us (75%) 2962 us (95%) 3029 us (99%).
I0312 03:08:10.638095 158280 AriaExecutor.h:535] Worker 13 latency: 2034 us (50%) 2595 us (75%) 2962 us (95%) 3029 us (99%).
I0312 03:08:10.664176 158280 AriaExecutor.h:535] Worker 14 latency: 1998 us (50%) 2580 us (75%) 2963 us (95%) 3033 us (99%).
I0312 03:08:10.688011 158280 AriaExecutor.h:535] Worker 15 latency: 1998 us (50%) 2578 us (75%) 2964 us (95%) 3033 us (99%).
I0312 03:08:10.711740 158280 Coordinator.h:177] total commit: 309765
I0312 03:08:11.711964 158280 Coordinator.h:192] Coordinator exits.
