I0312 02:41:34.972819 155048 Database.h:65] ycsb initialization finished in 100 milliseconds.
I0312 02:41:34.972959 155048 Coordinator.h:30] Coordinator initializes 16 workers.
I0312 02:41:35.074254 155048 Coordinator.h:77] Coordinator starts to run 17 workers.
I0312 02:41:35.074354 155069 AriaExecutor.h:82] AriaExecutor 0 started. 
I0312 02:41:35.074388 155070 AriaExecutor.h:82] AriaExecutor 1 started. 
I0312 02:41:35.074467 155071 AriaExecutor.h:82] AriaExecutor 2 started. 
I0312 02:41:35.074522 155072 AriaExecutor.h:82] AriaExecutor 3 started. 
I0312 02:41:35.074581 155073 AriaExecutor.h:82] AriaExecutor 4 started. 
I0312 02:41:35.074659 155074 AriaExecutor.h:82] AriaExecutor 5 started. 
I0312 02:41:35.074731 155075 AriaExecutor.h:82] AriaExecutor 6 started. 
I0312 02:41:35.074793 155076 AriaExecutor.h:82] AriaExecutor 7 started. 
I0312 02:41:35.074849 155077 AriaExecutor.h:82] AriaExecutor 8 started. 
I0312 02:41:35.074918 155078 AriaExecutor.h:82] AriaExecutor 9 started. 
I0312 02:41:35.074954 155079 AriaExecutor.h:82] AriaExecutor 10 started. 
I0312 02:41:35.075083 155080 AriaExecutor.h:82] AriaExecutor 11 started. 
I0312 02:41:35.075184 155081 AriaExecutor.h:82] AriaExecutor 12 started. 
I0312 02:41:35.075281 155082 AriaExecutor.h:82] AriaExecutor 13 started. 
I0312 02:41:35.075399 155083 AriaExecutor.h:82] AriaExecutor 14 started. 
I0312 02:41:35.075536 155084 AriaExecutor.h:82] AriaExecutor 15 started. 
I0312 02:41:35.075577 155085 Manager.h:224] Manager(worker id = 16) on the coordinator node started.
I0312 02:41:36.075627 155048 Coordinator.h:126] commit: 922249 abort: 19831 (0/19831/0), network size: 0, avg network size: 0, si_in_serializable: 0 0 %, local: 0 %
I0312 02:41:37.075773 155048 Coordinator.h:126] commit: 930364 abort: 19908 (0/19908/0), network size: 0, avg network size: 0, si_in_serializable: 0 0 %, local: 0 %
I0312 02:41:38.075939 155048 Coordinator.h:126] commit: 942210 abort: 20350 (0/20350/0), network size: 0, avg network size: 0, si_in_serializable: 0 0 %, local: 0 %
I0312 02:41:39.076072 155048 Coordinator.h:126] commit: 950340 abort: 20412 (0/20412/0), network size: 0, avg network size: 0, si_in_serializable: 0 0 %, local: 0 %
I0312 02:41:40.076197 155048 Coordinator.h:126] commit: 946411 abort: 20245 (0/20245/0), network size: 0, avg network size: 0, si_in_serializable: 0 0 %, local: 0 %
I0312 02:41:41.076344 155048 Coordinator.h:126] commit: 942387 abort: 20173 (0/20173/0), network size: 0, avg network size: 0, si_in_serializable: 0 0 %, local: 0 %
I0312 02:41:42.076467 155048 Coordinator.h:126] commit: 950321 abort: 20431 (0/20431/0), network size: 0, avg network size: 0, si_in_serializable: 0 0 %, local: 0 %
I0312 02:41:43.076589 155048 Coordinator.h:126] commit: 938690 abort: 19774 (0/19774/0), network size: 0, avg network size: 0, si_in_serializable: 0 0 %, local: 0 %
I0312 02:41:44.076711 155048 Coordinator.h:126] commit: 942424 abort: 20136 (0/20136/0), network size: 0, avg network size: 0, si_in_serializable: 0 0 %, local: 0 %
I0312 02:41:45.076880 155048 Coordinator.h:126] commit: 950291 abort: 20461 (0/20461/0), network size: 0, avg network size: 0, si_in_serializable: 0 0 %, local: 0 %
I0312 02:41:46.077011 155048 Coordinator.h:126] commit: 950536 abort: 20216 (0/20216/0), network size: 0, avg network size: 0, si_in_serializable: 0 0 %, local: 0 %
I0312 02:41:47.077135 155048 Coordinator.h:126] commit: 954393 abort: 20455 (0/20455/0), network size: 0, avg network size: 0, si_in_serializable: 0 0 %, local: 0 %
I0312 02:41:48.077260 155048 Coordinator.h:126] commit: 958038 abort: 20906 (0/20906/0), network size: 0, avg network size: 0, si_in_serializable: 0 0 %, local: 0 %
I0312 02:41:49.077383 155048 Coordinator.h:126] commit: 950472 abort: 20280 (0/20280/0), network size: 0, avg network size: 0, si_in_serializable: 0 0 %, local: 0 %
I0312 02:41:50.077508 155048 Coordinator.h:126] commit: 954310 abort: 20538 (0/20538/0), network size: 0, avg network size: 0, si_in_serializable: 0 0 %, local: 0 %
I0312 02:41:51.077632 155048 Coordinator.h:126] commit: 950292 abort: 20460 (0/20460/0), network size: 0, avg network size: 0, si_in_serializable: 0 0 %, local: 0 %
I0312 02:41:52.077755 155048 Coordinator.h:126] commit: 954263 abort: 20585 (0/20585/0), network size: 0, avg network size: 0, si_in_serializable: 0 0 %, local: 0 %
I0312 02:41:53.077880 155048 Coordinator.h:126] commit: 910191 abort: 19601 (0/19601/0), network size: 0, avg network size: 0, si_in_serializable: 0 0 %, local: 0 %
I0312 02:41:54.078006 155048 Coordinator.h:126] commit: 950335 abort: 20417 (0/20417/0), network size: 0, avg network size: 0, si_in_serializable: 0 0 %, local: 0 %
I0312 02:41:55.078133 155048 Coordinator.h:126] commit: 954444 abort: 20404 (0/20404/0), network size: 0, avg network size: 0, si_in_serializable: 0 0 %, local: 0 %
I0312 02:41:56.078259 155048 Coordinator.h:126] commit: 954349 abort: 20499 (0/20499/0), network size: 0, avg network size: 0, si_in_serializable: 0 0 %, local: 0 %
I0312 02:41:57.078418 155048 Coordinator.h:126] commit: 949965 abort: 20787 (0/20787/0), network size: 0, avg network size: 0, si_in_serializable: 0 0 %, local: 0 %
I0312 02:41:58.078550 155048 Coordinator.h:126] commit: 958265 abort: 20679 (0/20679/0), network size: 0, avg network size: 0, si_in_serializable: 0 0 %, local: 0 %
I0312 02:41:59.078675 155048 Coordinator.h:126] commit: 954191 abort: 20657 (0/20657/0), network size: 0, avg network size: 0, si_in_serializable: 0 0 %, local: 0 %
I0312 02:42:00.078799 155048 Coordinator.h:126] commit: 950306 abort: 20446 (0/20446/0), network size: 0, avg network size: 0, si_in_serializable: 0 0 %, local: 0 %
I0312 02:42:00.078838 155048 Coordinator.h:152] average commit: 948727 abort: 20386.2 (0/20386.2/0), network size: 0, avg network size: 0, si_in_serializable: 0 0 %, local: 0 %
I0312 02:42:00.081379 155082 AriaExecutor.h:94] AriaExecutor 13 exits. 
I0312 02:42:00.081380 155078 AriaExecutor.h:94] AriaExecutor 9 exits. 
I0312 02:42:00.081382 155073 AriaExecutor.h:94] AriaExecutor 4 exits. 
I0312 02:42:00.081383 155077 AriaExecutor.h:94] AriaExecutor 8 exits. 
I0312 02:42:00.081388 155079 AriaExecutor.h:94] AriaExecutor 10 exits. 
I0312 02:42:00.081384 155076 AriaExecutor.h:94] AriaExecutor 7 exits. 
I0312 02:42:00.081386 155080 AriaExecutor.h:94] AriaExecutor 11 exits. 
I0312 02:42:00.081387 155075 AriaExecutor.h:94] AriaExecutor 6 exits. 
I0312 02:42:00.081382 155074 AriaExecutor.h:94] AriaExecutor 5 exits. 
I0312 02:42:00.081382 155072 AriaExecutor.h:94] AriaExecutor 3 exits. 
I0312 02:42:00.081403 155084 AriaExecutor.h:94] AriaExecutor 15 exits. 
I0312 02:42:00.081384 155070 AriaExecutor.h:94] AriaExecutor 1 exits. 
I0312 02:42:00.081401 155083 AriaExecutor.h:94] AriaExecutor 14 exits. 
I0312 02:42:00.081384 155081 AriaExecutor.h:94] AriaExecutor 12 exits. 
I0312 02:42:00.081408 155085 Manager.h:227] Manager(worker id = 16) on the coordinator node exits.
I0312 02:42:00.081385 155071 AriaExecutor.h:94] AriaExecutor 2 exits. 
I0312 02:42:00.081383 155069 AriaExecutor.h:94] AriaExecutor 0 exits. 
I0312 02:42:00.078863 155048 AriaExecutor.h:535] Worker 0 latency: 2750 us (50%) 3378 us (75%) 3877 us (95%) 4004 us (99%).
I0312 02:42:00.145267 155048 AriaExecutor.h:535] Worker 1 latency: 2760 us (50%) 3384 us (75%) 3878 us (95%) 4004 us (99%).
I0312 02:42:00.210952 155048 AriaExecutor.h:535] Worker 2 latency: 2757 us (50%) 3382 us (75%) 3878 us (95%) 4003 us (99%).
I0312 02:42:00.277570 155048 AriaExecutor.h:535] Worker 3 latency: 2758 us (50%) 3383 us (75%) 3878 us (95%) 4005 us (99%).
I0312 02:42:00.343580 155048 AriaExecutor.h:535] Worker 4 latency: 2754 us (50%) 3381 us (75%) 3877 us (95%) 4003 us (99%).
I0312 02:42:00.404863 155048 AriaExecutor.h:535] Worker 5 latency: 2748 us (50%) 3378 us (75%) 3877 us (95%) 4004 us (99%).
I0312 02:42:00.466823 155048 AriaExecutor.h:535] Worker 6 latency: 2754 us (50%) 3380 us (75%) 3877 us (95%) 4003 us (99%).
I0312 02:42:00.532662 155048 AriaExecutor.h:535] Worker 7 latency: 2757 us (50%) 3382 us (75%) 3879 us (95%) 4005 us (99%).
I0312 02:42:00.594379 155048 AriaExecutor.h:535] Worker 8 latency: 2755 us (50%) 3380 us (75%) 3877 us (95%) 4004 us (99%).
I0312 02:42:00.657126 155048 AriaExecutor.h:535] Worker 9 latency: 2750 us (50%) 3377 us (75%) 3876 us (95%) 4002 us (99%).
I0312 02:42:00.724293 155048 AriaExecutor.h:535] Worker 10 latency: 2754 us (50%) 3379 us (75%) 3876 us (95%) 4002 us (99%).
I0312 02:42:00.785698 155048 AriaExecutor.h:535] Worker 11 latency: 2751 us (50%) 3378 us (75%) 3877 us (95%) 4004 us (99%).
I0312 02:42:00.851536 155048 AriaExecutor.h:535] Worker 12 latency: 2748 us (50%) 3376 us (75%) 3876 us (95%) 4002 us (99%).
I0312 02:42:00.913234 155048 AriaExecutor.h:535] Worker 13 latency: 2747 us (50%) 3376 us (75%) 3876 us (95%) 4004 us (99%).
I0312 02:42:00.975200 155048 AriaExecutor.h:535] Worker 14 latency: 2705 us (50%) 3360 us (75%) 3881 us (95%) 4011 us (99%).
I0312 02:42:01.051254 155048 AriaExecutor.h:535] Worker 15 latency: 2706 us (50%) 3360 us (75%) 3882 us (95%) 4013 us (99%).
I0312 02:42:01.115293 155048 Coordinator.h:177] total commit: 948727
I0312 02:42:02.115490 155048 Coordinator.h:192] Coordinator exits.
