I0312 01:52:22.967193 149983 Database.h:65] ycsb initialization finished in 260 milliseconds.
I0312 01:52:22.967402 149983 Coordinator.h:30] Coordinator initializes 4 workers.
I0312 01:52:23.075023 149983 Coordinator.h:77] Coordinator starts to run 5 workers.
I0312 01:52:23.075109 149991 AriaExecutor.h:82] AriaExecutor 0 started. 
I0312 01:52:23.075151 149992 AriaExecutor.h:82] AriaExecutor 1 started. 
I0312 01:52:23.075241 149993 AriaExecutor.h:82] AriaExecutor 2 started. 
I0312 01:52:23.075312 149994 AriaExecutor.h:82] AriaExecutor 3 started. 
I0312 01:52:23.075372 149995 Manager.h:224] Manager(worker id = 4) on the coordinator node started.
I0312 01:52:24.075414 149983 Coordinator.h:126] commit: 125 abort: 24451 (0/24451/0), network size: 0, avg network size: 0, si_in_serializable: 0 0 %, local: 0 %
I0312 01:52:25.075589 149983 Coordinator.h:126] commit: 97 abort: 24479 (0/24479/0), network size: 0, avg network size: 0, si_in_serializable: 0 0 %, local: 0 %
I0312 01:52:26.075774 149983 Coordinator.h:126] commit: 107 abort: 24469 (0/24469/0), network size: 0, avg network size: 0, si_in_serializable: 0 0 %, local: 0 %
I0312 01:52:27.075910 149983 Coordinator.h:126] commit: 107 abort: 24469 (0/24469/0), network size: 0, avg network size: 0, si_in_serializable: 0 0 %, local: 0 %
I0312 01:52:28.076028 149983 Coordinator.h:126] commit: 133 abort: 28539 (0/28539/0), network size: 0, avg network size: 0, si_in_serializable: 0 0 %, local: 0 %
I0312 01:52:29.076148 149983 Coordinator.h:126] commit: 105 abort: 24471 (0/24471/0), network size: 0, avg network size: 0, si_in_serializable: 0 0 %, local: 0 %
I0312 01:52:30.076272 149983 Coordinator.h:126] commit: 110 abort: 24466 (0/24466/0), network size: 0, avg network size: 0, si_in_serializable: 0 0 %, local: 0 %
I0312 01:52:31.076452 149983 Coordinator.h:126] commit: 133 abort: 28539 (0/28539/0), network size: 0, avg network size: 0, si_in_serializable: 0 0 %, local: 0 %
I0312 01:52:32.076597 149983 Coordinator.h:126] commit: 115 abort: 24461 (0/24461/0), network size: 0, avg network size: 0, si_in_serializable: 0 0 %, local: 0 %
I0312 01:52:33.076714 149983 Coordinator.h:126] commit: 111 abort: 24465 (0/24465/0), network size: 0, avg network size: 0, si_in_serializable: 0 0 %, local: 0 %
I0312 01:52:34.076884 149983 Coordinator.h:126] commit: 101 abort: 24475 (0/24475/0), network size: 0, avg network size: 0, si_in_serializable: 0 0 %, local: 0 %
I0312 01:52:35.077028 149983 Coordinator.h:126] commit: 128 abort: 28544 (0/28544/0), network size: 0, avg network size: 0, si_in_serializable: 0 0 %, local: 0 %
I0312 01:52:36.077147 149983 Coordinator.h:126] commit: 120 abort: 24456 (0/24456/0), network size: 0, avg network size: 0, si_in_serializable: 0 0 %, local: 0 %
I0312 01:52:37.077260 149983 Coordinator.h:126] commit: 100 abort: 24476 (0/24476/0), network size: 0, avg network size: 0, si_in_serializable: 0 0 %, local: 0 %
I0312 01:52:38.077426 149983 Coordinator.h:126] commit: 134 abort: 28538 (0/28538/0), network size: 0, avg network size: 0, si_in_serializable: 0 0 %, local: 0 %
I0312 01:52:39.077570 149983 Coordinator.h:126] commit: 100 abort: 24476 (0/24476/0), network size: 0, avg network size: 0, si_in_serializable: 0 0 %, local: 0 %
I0312 01:52:40.077685 149983 Coordinator.h:126] commit: 110 abort: 24466 (0/24466/0), network size: 0, avg network size: 0, si_in_serializable: 0 0 %, local: 0 %
I0312 01:52:41.077803 149983 Coordinator.h:126] commit: 112 abort: 24464 (0/24464/0), network size: 0, avg network size: 0, si_in_serializable: 0 0 %, local: 0 %
I0312 01:52:42.077924 149983 Coordinator.h:126] commit: 126 abort: 28546 (0/28546/0), network size: 0, avg network size: 0, si_in_serializable: 0 0 %, local: 0 %
I0312 01:52:43.078044 149983 Coordinator.h:126] commit: 127 abort: 24449 (0/24449/0), network size: 0, avg network size: 0, si_in_serializable: 0 0 %, local: 0 %
I0312 01:52:44.078213 149983 Coordinator.h:126] commit: 119 abort: 24457 (0/24457/0), network size: 0, avg network size: 0, si_in_serializable: 0 0 %, local: 0 %
I0312 01:52:45.078356 149983 Coordinator.h:126] commit: 137 abort: 28535 (0/28535/0), network size: 0, avg network size: 0, si_in_serializable: 0 0 %, local: 0 %
I0312 01:52:46.078470 149983 Coordinator.h:126] commit: 105 abort: 24471 (0/24471/0), network size: 0, avg network size: 0, si_in_serializable: 0 0 %, local: 0 %
I0312 01:52:47.078588 149983 Coordinator.h:126] commit: 83 abort: 24493 (0/24493/0), network size: 0, avg network size: 0, si_in_serializable: 0 0 %, local: 0 %
I0312 01:52:48.078702 149983 Coordinator.h:126] commit: 115 abort: 24461 (0/24461/0), network size: 0, avg network size: 0, si_in_serializable: 0 0 %, local: 0 %
I0312 01:52:48.078744 149983 Coordinator.h:152] average commit: 115.8 abort: 25689 (0/25689/0), network size: 0, avg network size: 0, si_in_serializable: 0 0 %, local: 0 %
I0312 01:52:48.078788 149983 AriaExecutor.h:535] Worker 0 latency: 158163 us (50%) 158527 us (75%) 160106 us (95%) 176847 us (99%).
I0312 01:52:48.096339 149993 AriaExecutor.h:94] AriaExecutor 2 exits. 
I0312 01:52:48.096339 149994 AriaExecutor.h:94] AriaExecutor 3 exits. 
I0312 01:52:48.096339 149992 AriaExecutor.h:94] AriaExecutor 1 exits. 
I0312 01:52:48.096339 149995 Manager.h:227] Manager(worker id = 4) on the coordinator node exits.
I0312 01:52:48.096339 149991 AriaExecutor.h:94] AriaExecutor 0 exits. 
I0312 01:52:48.096551 149983 AriaExecutor.h:535] Worker 1 latency: 158098 us (50%) 158455 us (75%) 160113 us (95%) 176738 us (99%).
I0312 01:52:48.096662 149983 AriaExecutor.h:535] Worker 2 latency: 158142 us (50%) 158513 us (75%) 162011 us (95%) 176399 us (99%).
I0312 01:52:48.096765 149983 AriaExecutor.h:535] Worker 3 latency: 158094 us (50%) 158467 us (75%) 159993 us (95%) 176864 us (99%).
I0312 01:52:48.096956 149983 Coordinator.h:177] total commit: 115.8
I0312 01:52:49.097146 149983 Coordinator.h:192] Coordinator exits.
