I0312 07:59:47.144459 230101 Database.h:65] ycsb initialization finished in 101 milliseconds.
I0312 07:59:47.144673 230101 Coordinator.h:30] Coordinator initializes 62 workers.
I0312 07:59:47.255519 230101 Coordinator.h:77] Coordinator starts to run 63 workers.
I0312 07:59:47.255602 230167 AriaExecutor.h:91] AriaExecutor 0 started. 
I0312 07:59:47.255671 230168 AriaExecutor.h:91] AriaExecutor 1 started. 
I0312 07:59:47.255751 230169 AriaExecutor.h:91] AriaExecutor 2 started. 
I0312 07:59:47.255806 230170 AriaExecutor.h:91] AriaExecutor 3 started. 
I0312 07:59:47.255884 230171 AriaExecutor.h:91] AriaExecutor 4 started. 
I0312 07:59:47.255975 230172 AriaExecutor.h:91] AriaExecutor 5 started. 
I0312 07:59:47.256071 230173 AriaExecutor.h:91] AriaExecutor 6 started. 
I0312 07:59:47.256171 230174 AriaExecutor.h:91] AriaExecutor 7 started. 
I0312 07:59:47.256278 230175 AriaExecutor.h:91] AriaExecutor 8 started. 
I0312 07:59:47.256394 230177 AriaExecutor.h:91] AriaExecutor 10 started. 
I0312 07:59:47.256567 230176 AriaExecutor.h:91] AriaExecutor 9 started. 
I0312 07:59:47.256563 230179 AriaExecutor.h:91] AriaExecutor 12 started. 
I0312 07:59:47.256608 230180 AriaExecutor.h:91] AriaExecutor 13 started. 
I0312 07:59:47.256841 230181 AriaExecutor.h:91] AriaExecutor 14 started. 
I0312 07:59:47.256997 230182 AriaExecutor.h:91] AriaExecutor 15 started. 
I0312 07:59:47.257172 230183 AriaExecutor.h:91] AriaExecutor 16 started. 
I0312 07:59:47.257368 230184 AriaExecutor.h:91] AriaExecutor 17 started. 
I0312 07:59:47.257524 230185 AriaExecutor.h:91] AriaExecutor 18 started. 
I0312 07:59:47.257695 230186 AriaExecutor.h:91] AriaExecutor 19 started. 
I0312 07:59:47.257865 230187 AriaExecutor.h:91] AriaExecutor 20 started. 
I0312 07:59:47.258049 230188 AriaExecutor.h:91] AriaExecutor 21 started. 
I0312 07:59:47.258241 230189 AriaExecutor.h:91] AriaExecutor 22 started. 
I0312 07:59:47.258426 230190 AriaExecutor.h:91] AriaExecutor 23 started. 
I0312 07:59:47.258612 230191 AriaExecutor.h:91] AriaExecutor 24 started. 
I0312 07:59:47.258795 230192 AriaExecutor.h:91] AriaExecutor 25 started. 
I0312 07:59:47.258970 230193 AriaExecutor.h:91] AriaExecutor 26 started. 
I0312 07:59:47.259153 230194 AriaExecutor.h:91] AriaExecutor 27 started. 
I0312 07:59:47.259310 230195 AriaExecutor.h:91] AriaExecutor 28 started. 
I0312 07:59:47.259472 230196 AriaExecutor.h:91] AriaExecutor 29 started. 
I0312 07:59:47.259680 230197 AriaExecutor.h:91] AriaExecutor 30 started. 
I0312 07:59:47.259868 230198 AriaExecutor.h:91] AriaExecutor 31 started. 
I0312 07:59:47.260043 230199 AriaExecutor.h:91] AriaExecutor 32 started. 
I0312 07:59:47.260224 230200 AriaExecutor.h:91] AriaExecutor 33 started. 
I0312 07:59:47.260429 230201 AriaExecutor.h:91] AriaExecutor 34 started. 
I0312 07:59:47.260607 230202 AriaExecutor.h:91] AriaExecutor 35 started. 
I0312 07:59:47.260785 230203 AriaExecutor.h:91] AriaExecutor 36 started. 
I0312 07:59:47.260967 230204 AriaExecutor.h:91] AriaExecutor 37 started. 
I0312 07:59:47.261140 230205 AriaExecutor.h:91] AriaExecutor 38 started. 
I0312 07:59:47.261320 230206 AriaExecutor.h:91] AriaExecutor 39 started. 
I0312 07:59:47.261513 230207 AriaExecutor.h:91] AriaExecutor 40 started. 
I0312 07:59:47.261677 230208 AriaExecutor.h:91] AriaExecutor 41 started. 
I0312 07:59:47.261886 230209 AriaExecutor.h:91] AriaExecutor 42 started. 
I0312 07:59:47.262075 230210 AriaExecutor.h:91] AriaExecutor 43 started. 
I0312 07:59:47.262246 230211 AriaExecutor.h:91] AriaExecutor 44 started. 
I0312 07:59:47.262432 230212 AriaExecutor.h:91] AriaExecutor 45 started. 
I0312 07:59:47.262610 230213 AriaExecutor.h:91] AriaExecutor 46 started. 
I0312 07:59:47.262781 230214 AriaExecutor.h:91] AriaExecutor 47 started. 
I0312 07:59:47.262960 230215 AriaExecutor.h:91] AriaExecutor 48 started. 
I0312 07:59:47.263139 230216 AriaExecutor.h:91] AriaExecutor 49 started. 
I0312 07:59:47.263330 230217 AriaExecutor.h:91] AriaExecutor 50 started. 
I0312 07:59:47.263509 230218 AriaExecutor.h:91] AriaExecutor 51 started. 
I0312 07:59:47.263686 230219 AriaExecutor.h:91] AriaExecutor 52 started. 
I0312 07:59:47.263906 230220 AriaExecutor.h:91] AriaExecutor 53 started. 
I0312 07:59:47.264130 230221 AriaExecutor.h:91] AriaExecutor 54 started. 
I0312 07:59:47.264387 230222 AriaExecutor.h:91] AriaExecutor 55 started. 
I0312 07:59:47.264613 230223 AriaExecutor.h:91] AriaExecutor 56 started. 
I0312 07:59:47.264842 230224 AriaExecutor.h:91] AriaExecutor 57 started. 
I0312 07:59:47.264999 230225 AriaExecutor.h:91] AriaExecutor 58 started. 
I0312 07:59:47.265170 230226 AriaExecutor.h:91] AriaExecutor 59 started. 
F0312 07:59:47.265650 230101 Coordinator.h:355] Check failed: rc == 0 
*** Check failure stack trace: ***
    @     0x7f1024e0ab03  google::LogMessage::Fail()
I0312 07:59:47.268285 230178 AriaExecutor.h:91] AriaExecutor 11 started. 
    @     0x7f1024e129d1  google::LogMessage::SendToLog()
    @     0x7f1024e0a7c2  google::LogMessage::Flush()
    @     0x7f1024e0c78f  google::LogMessageFatal::~LogMessageFatal()
    @     0x5621c6e9bc53  aria::Coordinator::pin_thread_to_core()
    @     0x5621c6eaa51b  aria::Coordinator::start()
    @     0x5621c6e89fe8  main
    @     0x7f102489dd90  (unknown)
    @     0x7f102489de40  __libc_start_main
    @     0x5621c6e8af55  _start
    @              (nil)  (unknown)
