I0312 07:16:24.588204 217009 Database.h:65] ycsb initialization finished in 101 milliseconds.
I0312 07:16:24.588459 217009 Coordinator.h:30] Coordinator initializes 32 workers.
I0312 07:16:24.696604 217009 Coordinator.h:77] Coordinator starts to run 33 workers.
I0312 07:16:24.696691 217045 AriaExecutor.h:91] AriaExecutor 0 started. 
I0312 07:16:24.696739 217046 AriaExecutor.h:91] AriaExecutor 1 started. 
I0312 07:16:24.696830 217047 AriaExecutor.h:91] AriaExecutor 2 started. 
I0312 07:16:24.696882 217048 AriaExecutor.h:91] AriaExecutor 3 started. 
I0312 07:16:24.696949 217049 AriaExecutor.h:91] AriaExecutor 4 started. 
I0312 07:16:24.697013 217050 AriaExecutor.h:91] AriaExecutor 5 started. 
I0312 07:16:24.697079 217051 AriaExecutor.h:91] AriaExecutor 6 started. 
I0312 07:16:24.697147 217052 AriaExecutor.h:91] AriaExecutor 7 started. 
I0312 07:16:24.697202 217053 AriaExecutor.h:91] AriaExecutor 8 started. 
I0312 07:16:24.697264 217054 AriaExecutor.h:91] AriaExecutor 9 started. 
I0312 07:16:24.697332 217055 AriaExecutor.h:91] AriaExecutor 10 started. 
I0312 07:16:24.697458 217056 AriaExecutor.h:91] AriaExecutor 11 started. 
I0312 07:16:24.697561 217057 AriaExecutor.h:91] AriaExecutor 12 started. 
I0312 07:16:24.697675 217058 AriaExecutor.h:91] AriaExecutor 13 started. 
I0312 07:16:24.697794 217059 AriaExecutor.h:91] AriaExecutor 14 started. 
I0312 07:16:24.697930 217060 AriaExecutor.h:91] AriaExecutor 15 started. 
I0312 07:16:24.698060 217061 AriaExecutor.h:91] AriaExecutor 16 started. 
I0312 07:16:24.698166 217062 AriaExecutor.h:91] AriaExecutor 17 started. 
I0312 07:16:24.698283 217063 AriaExecutor.h:91] AriaExecutor 18 started. 
I0312 07:16:24.698395 217064 AriaExecutor.h:91] AriaExecutor 19 started. 
I0312 07:16:24.698506 217065 AriaExecutor.h:91] AriaExecutor 20 started. 
I0312 07:16:24.698621 217066 AriaExecutor.h:91] AriaExecutor 21 started. 
I0312 07:16:24.698665 217067 AriaExecutor.h:91] AriaExecutor 22 started. 
I0312 07:16:24.698766 217068 AriaExecutor.h:91] AriaExecutor 23 started. 
I0312 07:16:24.698869 217069 AriaExecutor.h:91] AriaExecutor 24 started. 
I0312 07:16:24.698987 217070 AriaExecutor.h:91] AriaExecutor 25 started. 
I0312 07:16:24.699048 217071 AriaExecutor.h:91] AriaExecutor 26 started. 
I0312 07:16:24.699151 217072 AriaExecutor.h:91] AriaExecutor 27 started. 
I0312 07:16:24.699254 217073 AriaExecutor.h:91] AriaExecutor 28 started. 
I0312 07:16:24.699347 217074 AriaExecutor.h:91] AriaExecutor 29 started. 
I0312 07:16:24.699466 217075 AriaExecutor.h:91] AriaExecutor 30 started. 
I0312 07:16:24.699601 217076 AriaExecutor.h:91] AriaExecutor 31 started. 
I0312 07:16:24.699676 217077 Manager.h:224] Manager(worker id = 32) on the coordinator node started.
I0312 07:16:25.699741 217009 Coordinator.h:126] commit: 4870 abort: 167162 (0/167162/0), network size: 0, avg network size: 0, si_in_serializable: 0 0 %, local: 0 %
I0312 07:16:26.699905 217009 Coordinator.h:126] commit: 4936 abort: 167096 (0/167096/0), network size: 0, avg network size: 0, si_in_serializable: 0 0 %, local: 0 %
I0312 07:16:27.700035 217009 Coordinator.h:126] commit: 5002 abort: 167030 (0/167030/0), network size: 0, avg network size: 0, si_in_serializable: 0 0 %, local: 0 %
I0312 07:16:28.700209 217009 Coordinator.h:126] commit: 5144 abort: 170984 (0/170984/0), network size: 0, avg network size: 0, si_in_serializable: 0 0 %, local: 0 %
I0312 07:16:29.700376 217009 Coordinator.h:126] commit: 4912 abort: 167120 (0/167120/0), network size: 0, avg network size: 0, si_in_serializable: 0 0 %, local: 0 %
I0312 07:16:30.700515 217009 Coordinator.h:126] commit: 4913 abort: 167119 (0/167119/0), network size: 0, avg network size: 0, si_in_serializable: 0 0 %, local: 0 %
I0312 07:16:31.700652 217009 Coordinator.h:126] commit: 4934 abort: 167098 (0/167098/0), network size: 0, avg network size: 0, si_in_serializable: 0 0 %, local: 0 %
I0312 07:16:32.700788 217009 Coordinator.h:126] commit: 4939 abort: 167093 (0/167093/0), network size: 0, avg network size: 0, si_in_serializable: 0 0 %, local: 0 %
I0312 07:16:33.700920 217009 Coordinator.h:126] commit: 4924 abort: 167108 (0/167108/0), network size: 0, avg network size: 0, si_in_serializable: 0 0 %, local: 0 %
I0312 07:16:34.701102 217009 Coordinator.h:126] commit: 4959 abort: 167073 (0/167073/0), network size: 0, avg network size: 0, si_in_serializable: 0 0 %, local: 0 %
I0312 07:16:35.701251 217009 Coordinator.h:126] commit: 4903 abort: 167129 (0/167129/0), network size: 0, avg network size: 0, si_in_serializable: 0 0 %, local: 0 %
I0312 07:16:36.701383 217009 Coordinator.h:126] commit: 4809 abort: 163127 (0/163127/0), network size: 0, avg network size: 0, si_in_serializable: 0 0 %, local: 0 %
I0312 07:16:37.701516 217009 Coordinator.h:126] commit: 5024 abort: 167008 (0/167008/0), network size: 0, avg network size: 0, si_in_serializable: 0 0 %, local: 0 %
I0312 07:16:38.701648 217009 Coordinator.h:126] commit: 4928 abort: 167104 (0/167104/0), network size: 0, avg network size: 0, si_in_serializable: 0 0 %, local: 0 %
I0312 07:16:39.701783 217009 Coordinator.h:126] commit: 4950 abort: 167082 (0/167082/0), network size: 0, avg network size: 0, si_in_serializable: 0 0 %, local: 0 %
I0312 07:16:40.701920 217009 Coordinator.h:126] commit: 4910 abort: 167122 (0/167122/0), network size: 0, avg network size: 0, si_in_serializable: 0 0 %, local: 0 %
I0312 07:16:41.702069 217009 Coordinator.h:126] commit: 4917 abort: 163019 (0/163019/0), network size: 0, avg network size: 0, si_in_serializable: 0 0 %, local: 0 %
I0312 07:16:42.702225 217009 Coordinator.h:126] commit: 4898 abort: 167134 (0/167134/0), network size: 0, avg network size: 0, si_in_serializable: 0 0 %, local: 0 %
I0312 07:16:43.702356 217009 Coordinator.h:126] commit: 4884 abort: 167148 (0/167148/0), network size: 0, avg network size: 0, si_in_serializable: 0 0 %, local: 0 %
I0312 07:16:44.702487 217009 Coordinator.h:126] commit: 4945 abort: 167087 (0/167087/0), network size: 0, avg network size: 0, si_in_serializable: 0 0 %, local: 0 %
I0312 07:16:45.702628 217009 Coordinator.h:126] commit: 4959 abort: 167073 (0/167073/0), network size: 0, avg network size: 0, si_in_serializable: 0 0 %, local: 0 %
I0312 07:16:46.702762 217009 Coordinator.h:126] commit: 4885 abort: 163051 (0/163051/0), network size: 0, avg network size: 0, si_in_serializable: 0 0 %, local: 0 %
I0312 07:16:47.702900 217009 Coordinator.h:126] commit: 4907 abort: 167125 (0/167125/0), network size: 0, avg network size: 0, si_in_serializable: 0 0 %, local: 0 %
I0312 07:16:48.703035 217009 Coordinator.h:126] commit: 4943 abort: 167089 (0/167089/0), network size: 0, avg network size: 0, si_in_serializable: 0 0 %, local: 0 %
I0312 07:16:49.703168 217009 Coordinator.h:126] commit: 4917 abort: 163019 (0/163019/0), network size: 0, avg network size: 0, si_in_serializable: 0 0 %, local: 0 %
I0312 07:16:49.703215 217009 Coordinator.h:152] average commit: 4916.8 abort: 166296 (0/166296/0), network size: 0, avg network size: 0, si_in_serializable: 0 0 %, local: 0 %
I0312 07:16:49.703231 217009 AriaExecutor.h:649] Worker 0 latency: 23308 us (50%) 23658 us (75%) 23995 us (95%) 24241 us (99%).
I0312 07:16:49.710289 217050 AriaExecutor.h:103] AriaExecutor 5 exits. 
I0312 07:16:49.710299 217053 AriaExecutor.h:103] AriaExecutor 8 exits. 
I0312 07:16:49.710294 217054 AriaExecutor.h:103] AriaExecutor 9 exits. 
I0312 07:16:49.710289 217075 AriaExecutor.h:103] AriaExecutor 30 exits. 
I0312 07:16:49.710289 217046 AriaExecutor.h:103] AriaExecutor 1 exits. 
I0312 07:16:49.710316 217063 AriaExecutor.h:103] AriaExecutor 18 exits. 
I0312 07:16:49.710301 217052 AriaExecutor.h:103] AriaExecutor 7 exits. 
I0312 07:16:49.710300 217051 AriaExecutor.h:103] AriaExecutor 6 exits. 
I0312 07:16:49.710289 217076 AriaExecutor.h:103] AriaExecutor 31 exits. 
I0312 07:16:49.710316 217062 AriaExecutor.h:103] AriaExecutor 17 exits. 
I0312 07:16:49.710330 217067 AriaExecutor.h:103] AriaExecutor 22 exits. 
I0312 07:16:49.710316 217065 AriaExecutor.h:103] AriaExecutor 20 exits. 
I0312 07:16:49.710299 217048 AriaExecutor.h:103] AriaExecutor 3 exits. 
I0312 07:16:49.710316 217072 AriaExecutor.h:103] AriaExecutor 27 exits. 
I0312 07:16:49.710301 217045 AriaExecutor.h:103] AriaExecutor 0 exits. 
I0312 07:16:49.710316 217059 AriaExecutor.h:103] AriaExecutor 14 exits. 
I0312 07:16:49.710299 217056 AriaExecutor.h:103] AriaExecutor 11 exits. 
I0312 07:16:49.710304 217058 AriaExecutor.h:103] AriaExecutor 13 exits. 
I0312 07:16:49.710299 217055 AriaExecutor.h:103] AriaExecutor 10 exits. 
I0312 07:16:49.710320 217074 AriaExecutor.h:103] AriaExecutor 29 exits. 
I0312 07:16:49.710316 217068 AriaExecutor.h:103] AriaExecutor 23 exits. 
I0312 07:16:49.710316 217070 AriaExecutor.h:103] AriaExecutor 25 exits. 
I0312 07:16:49.710319 217071 AriaExecutor.h:103] AriaExecutor 26 exits. 
I0312 07:16:49.710300 217057 AriaExecutor.h:103] AriaExecutor 12 exits. 
I0312 07:16:49.710316 217069 AriaExecutor.h:103] AriaExecutor 24 exits. 
I0312 07:16:49.710316 217073 AriaExecutor.h:103] AriaExecutor 28 exits. 
I0312 07:16:49.710302 217049 AriaExecutor.h:103] AriaExecutor 4 exits. 
I0312 07:16:49.710319 217064 AriaExecutor.h:103] AriaExecutor 19 exits. 
I0312 07:16:49.710302 217047 AriaExecutor.h:103] AriaExecutor 2 exits. 
I0312 07:16:49.710321 217060 AriaExecutor.h:103] AriaExecutor 15 exits. 
I0312 07:16:49.710316 217061 AriaExecutor.h:103] AriaExecutor 16 exits. 
I0312 07:16:49.710300 217077 Manager.h:227] Manager(worker id = 32) on the coordinator node exits.
I0312 07:16:49.710318 217066 AriaExecutor.h:103] AriaExecutor 21 exits. 
I0312 07:16:49.710611 217009 AriaExecutor.h:649] Worker 1 latency: 23404 us (50%) 23703 us (75%) 23997 us (95%) 24287 us (99%).
I0312 07:16:49.710947 217009 AriaExecutor.h:649] Worker 2 latency: 23413 us (50%) 23704 us (75%) 23993 us (95%) 24271 us (99%).
I0312 07:16:49.711194 217009 AriaExecutor.h:649] Worker 3 latency: 23410 us (50%) 23701 us (75%) 23996 us (95%) 24385 us (99%).
I0312 07:16:49.711433 217009 AriaExecutor.h:649] Worker 4 latency: 23403 us (50%) 23698 us (75%) 23996 us (95%) 24388 us (99%).
I0312 07:16:49.711695 217009 AriaExecutor.h:649] Worker 5 latency: 23397 us (50%) 23705 us (75%) 23997 us (95%) 24387 us (99%).
I0312 07:16:49.711942 217009 AriaExecutor.h:649] Worker 6 latency: 23398 us (50%) 23703 us (75%) 23999 us (95%) 24335 us (99%).
I0312 07:16:49.712193 217009 AriaExecutor.h:649] Worker 7 latency: 23390 us (50%) 23692 us (75%) 23993 us (95%) 24267 us (99%).
I0312 07:16:49.712474 217009 AriaExecutor.h:649] Worker 8 latency: 23402 us (50%) 23703 us (75%) 24000 us (95%) 24322 us (99%).
I0312 07:16:49.712728 217009 AriaExecutor.h:649] Worker 9 latency: 23387 us (50%) 23692 us (75%) 23990 us (95%) 24279 us (99%).
I0312 07:16:49.712976 217009 AriaExecutor.h:649] Worker 10 latency: 23368 us (50%) 23691 us (75%) 23989 us (95%) 24262 us (99%).
I0312 07:16:49.713223 217009 AriaExecutor.h:649] Worker 11 latency: 23387 us (50%) 23689 us (75%) 23994 us (95%) 24328 us (99%).
I0312 07:16:49.713464 217009 AriaExecutor.h:649] Worker 12 latency: 23370 us (50%) 23692 us (75%) 23989 us (95%) 24318 us (99%).
I0312 07:16:49.713701 217009 AriaExecutor.h:649] Worker 13 latency: 23371 us (50%) 23687 us (75%) 23996 us (95%) 24460 us (99%).
I0312 07:16:49.713938 217009 AriaExecutor.h:649] Worker 14 latency: 23384 us (50%) 23688 us (75%) 23987 us (95%) 24250 us (99%).
I0312 07:16:49.714200 217009 AriaExecutor.h:649] Worker 15 latency: 23371 us (50%) 23683 us (75%) 23992 us (95%) 24346 us (99%).
I0312 07:16:49.714421 217009 AriaExecutor.h:649] Worker 16 latency: 23370 us (50%) 23691 us (75%) 23993 us (95%) 24335 us (99%).
I0312 07:16:49.714680 217009 AriaExecutor.h:649] Worker 17 latency: 23364 us (50%) 23689 us (75%) 23985 us (95%) 24282 us (99%).
I0312 07:16:49.714941 217009 AriaExecutor.h:649] Worker 18 latency: 23350 us (50%) 23672 us (75%) 23986 us (95%) 24319 us (99%).
I0312 07:16:49.715200 217009 AriaExecutor.h:649] Worker 19 latency: 23355 us (50%) 23672 us (75%) 23990 us (95%) 24302 us (99%).
I0312 07:16:49.715463 217009 AriaExecutor.h:649] Worker 20 latency: 23346 us (50%) 23667 us (75%) 23980 us (95%) 24312 us (99%).
I0312 07:16:49.715713 217009 AriaExecutor.h:649] Worker 21 latency: 23355 us (50%) 23680 us (75%) 23989 us (95%) 24394 us (99%).
I0312 07:16:49.715963 217009 AriaExecutor.h:649] Worker 22 latency: 23353 us (50%) 23671 us (75%) 23983 us (95%) 24256 us (99%).
I0312 07:16:49.716208 217009 AriaExecutor.h:649] Worker 23 latency: 23358 us (50%) 23680 us (75%) 23983 us (95%) 24233 us (99%).
I0312 07:16:49.716455 217009 AriaExecutor.h:649] Worker 24 latency: 23357 us (50%) 23675 us (75%) 23982 us (95%) 24268 us (99%).
I0312 07:16:49.716694 217009 AriaExecutor.h:649] Worker 25 latency: 23308 us (50%) 23658 us (75%) 23984 us (95%) 24267 us (99%).
I0312 07:16:49.716934 217009 AriaExecutor.h:649] Worker 26 latency: 23338 us (50%) 23672 us (75%) 23972 us (95%) 24357 us (99%).
I0312 07:16:49.717144 217009 AriaExecutor.h:649] Worker 27 latency: 23336 us (50%) 23666 us (75%) 23984 us (95%) 24288 us (99%).
I0312 07:16:49.717381 217009 AriaExecutor.h:649] Worker 28 latency: 23330 us (50%) 23665 us (75%) 23966 us (95%) 24201 us (99%).
I0312 07:16:49.717614 217009 AriaExecutor.h:649] Worker 29 latency: 23301 us (50%) 23649 us (75%) 23972 us (95%) 24232 us (99%).
I0312 07:16:49.717846 217009 AriaExecutor.h:649] Worker 30 latency: 23319 us (50%) 23657 us (75%) 23979 us (95%) 24247 us (99%).
I0312 07:16:49.718057 217009 AriaExecutor.h:649] Worker 31 latency: 23311 us (50%) 23645 us (75%) 23969 us (95%) 24203 us (99%).
I0312 07:16:49.718281 217009 Coordinator.h:177] total commit: 4916.8
I0312 07:16:50.718465 217009 Coordinator.h:192] Coordinator exits.
