I0312 03:05:33.049587 158036 Database.h:65] ycsb initialization finished in 99 milliseconds.
I0312 03:05:33.049734 158036 Coordinator.h:30] Coordinator initializes 16 workers.
I0312 03:05:33.151803 158036 Coordinator.h:77] Coordinator starts to run 17 workers.
I0312 03:05:33.151886 158056 AriaExecutor.h:82] AriaExecutor 0 started. 
I0312 03:05:33.151933 158057 AriaExecutor.h:82] AriaExecutor 1 started. 
I0312 03:05:33.152009 158058 AriaExecutor.h:82] AriaExecutor 2 started. 
I0312 03:05:33.152091 158059 AriaExecutor.h:82] AriaExecutor 3 started. 
I0312 03:05:33.152173 158060 AriaExecutor.h:82] AriaExecutor 4 started. 
I0312 03:05:33.152249 158061 AriaExecutor.h:82] AriaExecutor 5 started. 
I0312 03:05:33.152302 158062 AriaExecutor.h:82] AriaExecutor 6 started. 
I0312 03:05:33.152372 158063 AriaExecutor.h:82] AriaExecutor 7 started. 
I0312 03:05:33.152459 158064 AriaExecutor.h:82] AriaExecutor 8 started. 
I0312 03:05:33.152570 158065 AriaExecutor.h:82] AriaExecutor 9 started. 
I0312 03:05:33.152659 158066 AriaExecutor.h:82] AriaExecutor 10 started. 
I0312 03:05:33.152776 158067 AriaExecutor.h:82] AriaExecutor 11 started. 
I0312 03:05:33.152873 158068 AriaExecutor.h:82] AriaExecutor 12 started. 
I0312 03:05:33.152983 158069 AriaExecutor.h:82] AriaExecutor 13 started. 
I0312 03:05:33.153088 158070 AriaExecutor.h:82] AriaExecutor 14 started. 
I0312 03:05:33.153215 158071 AriaExecutor.h:82] AriaExecutor 15 started. 
I0312 03:05:33.153340 158072 Manager.h:224] Manager(worker id = 16) on the coordinator node started.
I0312 03:05:34.153399 158036 Coordinator.h:126] commit: 49852 abort: 478532 (0/478532/0), network size: 0, avg network size: 0, si_in_serializable: 0 0 %, local: 0 %
I0312 03:05:35.153556 158036 Coordinator.h:126] commit: 50175 abort: 482305 (0/482305/0), network size: 0, avg network size: 0, si_in_serializable: 0 0 %, local: 0 %
I0312 03:05:36.153724 158036 Coordinator.h:126] commit: 50769 abort: 489903 (0/489903/0), network size: 0, avg network size: 0, si_in_serializable: 0 0 %, local: 0 %
I0312 03:05:37.153855 158036 Coordinator.h:126] commit: 50865 abort: 489807 (0/489807/0), network size: 0, avg network size: 0, si_in_serializable: 0 0 %, local: 0 %
I0312 03:05:38.153980 158036 Coordinator.h:126] commit: 50963 abort: 489709 (0/489709/0), network size: 0, avg network size: 0, si_in_serializable: 0 0 %, local: 0 %
I0312 03:05:39.154110 158036 Coordinator.h:126] commit: 50312 abort: 486264 (0/486264/0), network size: 0, avg network size: 0, si_in_serializable: 0 0 %, local: 0 %
I0312 03:05:40.154235 158036 Coordinator.h:126] commit: 50930 abort: 489742 (0/489742/0), network size: 0, avg network size: 0, si_in_serializable: 0 0 %, local: 0 %
I0312 03:05:41.154405 158036 Coordinator.h:126] commit: 51413 abort: 489259 (0/489259/0), network size: 0, avg network size: 0, si_in_serializable: 0 0 %, local: 0 %
I0312 03:05:42.154539 158036 Coordinator.h:126] commit: 50358 abort: 486218 (0/486218/0), network size: 0, avg network size: 0, si_in_serializable: 0 0 %, local: 0 %
I0312 03:05:43.154664 158036 Coordinator.h:126] commit: 51448 abort: 493320 (0/493320/0), network size: 0, avg network size: 0, si_in_serializable: 0 0 %, local: 0 %
I0312 03:05:44.154788 158036 Coordinator.h:126] commit: 50644 abort: 485932 (0/485932/0), network size: 0, avg network size: 0, si_in_serializable: 0 0 %, local: 0 %
I0312 03:05:45.154909 158036 Coordinator.h:126] commit: 51105 abort: 493663 (0/493663/0), network size: 0, avg network size: 0, si_in_serializable: 0 0 %, local: 0 %
I0312 03:05:46.155066 158036 Coordinator.h:126] commit: 50527 abort: 486049 (0/486049/0), network size: 0, avg network size: 0, si_in_serializable: 0 0 %, local: 0 %
I0312 03:05:47.155205 158036 Coordinator.h:126] commit: 51188 abort: 493580 (0/493580/0), network size: 0, avg network size: 0, si_in_serializable: 0 0 %, local: 0 %
I0312 03:05:48.155325 158036 Coordinator.h:126] commit: 50789 abort: 489883 (0/489883/0), network size: 0, avg network size: 0, si_in_serializable: 0 0 %, local: 0 %
I0312 03:05:49.155447 158036 Coordinator.h:126] commit: 50275 abort: 486301 (0/486301/0), network size: 0, avg network size: 0, si_in_serializable: 0 0 %, local: 0 %
I0312 03:05:50.155571 158036 Coordinator.h:126] commit: 50813 abort: 489859 (0/489859/0), network size: 0, avg network size: 0, si_in_serializable: 0 0 %, local: 0 %
I0312 03:05:51.155695 158036 Coordinator.h:126] commit: 51064 abort: 493704 (0/493704/0), network size: 0, avg network size: 0, si_in_serializable: 0 0 %, local: 0 %
I0312 03:05:52.155819 158036 Coordinator.h:126] commit: 50655 abort: 490017 (0/490017/0), network size: 0, avg network size: 0, si_in_serializable: 0 0 %, local: 0 %
I0312 03:05:53.155943 158036 Coordinator.h:126] commit: 50328 abort: 490344 (0/490344/0), network size: 0, avg network size: 0, si_in_serializable: 0 0 %, local: 0 %
I0312 03:05:54.156067 158036 Coordinator.h:126] commit: 50325 abort: 486251 (0/486251/0), network size: 0, avg network size: 0, si_in_serializable: 0 0 %, local: 0 %
I0312 03:05:55.156193 158036 Coordinator.h:126] commit: 50947 abort: 489725 (0/489725/0), network size: 0, avg network size: 0, si_in_serializable: 0 0 %, local: 0 %
I0312 03:05:56.156318 158036 Coordinator.h:126] commit: 51288 abort: 493480 (0/493480/0), network size: 0, avg network size: 0, si_in_serializable: 0 0 %, local: 0 %
I0312 03:05:57.156481 158036 Coordinator.h:126] commit: 50494 abort: 486082 (0/486082/0), network size: 0, avg network size: 0, si_in_serializable: 0 0 %, local: 0 %
I0312 03:05:58.156616 158036 Coordinator.h:126] commit: 51262 abort: 493506 (0/493506/0), network size: 0, avg network size: 0, si_in_serializable: 0 0 %, local: 0 %
I0312 03:05:58.156661 158036 Coordinator.h:152] average commit: 50738.8 abort: 489933 (0/489933/0), network size: 0, avg network size: 0, si_in_serializable: 0 0 %, local: 0 %
I0312 03:05:58.156677 158036 AriaExecutor.h:535] Worker 0 latency: 6283 us (50%) 7113 us (75%) 7437 us (95%) 7505 us (99%).
I0312 03:05:58.162993 158062 AriaExecutor.h:94] AriaExecutor 6 exits. 
I0312 03:05:58.162995 158067 AriaExecutor.h:94] AriaExecutor 11 exits. 
I0312 03:05:58.163013 158071 AriaExecutor.h:94] AriaExecutor 15 exits. 
I0312 03:05:58.162997 158061 AriaExecutor.h:94] AriaExecutor 5 exits. 
I0312 03:05:58.163035 158070 AriaExecutor.h:94] AriaExecutor 14 exits. 
I0312 03:05:58.162999 158066 AriaExecutor.h:94] AriaExecutor 10 exits. 
I0312 03:05:58.163003 158065 AriaExecutor.h:94] AriaExecutor 9 exits. 
I0312 03:05:58.162997 158068 AriaExecutor.h:94] AriaExecutor 12 exits. 
I0312 03:05:58.163002 158056 AriaExecutor.h:94] AriaExecutor 0 exits. 
I0312 03:05:58.162997 158064 AriaExecutor.h:94] AriaExecutor 8 exits. 
I0312 03:05:58.163020 158072 Manager.h:227] Manager(worker id = 16) on the coordinator node exits.
I0312 03:05:58.162997 158057 AriaExecutor.h:94] AriaExecutor 1 exits. 
I0312 03:05:58.162994 158069 AriaExecutor.h:94] AriaExecutor 13 exits. 
I0312 03:05:58.162997 158059 AriaExecutor.h:94] AriaExecutor 3 exits. 
I0312 03:05:58.163002 158058 AriaExecutor.h:94] AriaExecutor 2 exits. 
I0312 03:05:58.162997 158060 AriaExecutor.h:94] AriaExecutor 4 exits. 
I0312 03:05:58.163002 158063 AriaExecutor.h:94] AriaExecutor 7 exits. 
I0312 03:05:58.163213 158036 AriaExecutor.h:535] Worker 1 latency: 6258 us (50%) 7112 us (75%) 7435 us (95%) 7506 us (99%).
I0312 03:05:58.167657 158036 AriaExecutor.h:535] Worker 2 latency: 6257 us (50%) 7104 us (75%) 7434 us (95%) 7505 us (99%).
I0312 03:05:58.172006 158036 AriaExecutor.h:535] Worker 3 latency: 6255 us (50%) 7100 us (75%) 7432 us (95%) 7502 us (99%).
I0312 03:05:58.176344 158036 AriaExecutor.h:535] Worker 4 latency: 6254 us (50%) 7097 us (75%) 7430 us (95%) 7501 us (99%).
I0312 03:05:58.180729 158036 AriaExecutor.h:535] Worker 5 latency: 6238 us (50%) 7091 us (75%) 7428 us (95%) 7502 us (99%).
I0312 03:05:58.185056 158036 AriaExecutor.h:535] Worker 6 latency: 6225 us (50%) 7089 us (75%) 7429 us (95%) 7504 us (99%).
I0312 03:05:58.189368 158036 AriaExecutor.h:535] Worker 7 latency: 6231 us (50%) 7086 us (75%) 7426 us (95%) 7498 us (99%).
I0312 03:05:58.193671 158036 AriaExecutor.h:535] Worker 8 latency: 6213 us (50%) 7078 us (75%) 7424 us (95%) 7499 us (99%).
I0312 03:05:58.197976 158036 AriaExecutor.h:535] Worker 9 latency: 6220 us (50%) 7076 us (75%) 7423 us (95%) 7498 us (99%).
I0312 03:05:58.202225 158036 AriaExecutor.h:535] Worker 10 latency: 6225 us (50%) 7079 us (75%) 7423 us (95%) 7498 us (99%).
I0312 03:05:58.206533 158036 AriaExecutor.h:535] Worker 11 latency: 6209 us (50%) 7074 us (75%) 7423 us (95%) 7498 us (99%).
I0312 03:05:58.210764 158036 AriaExecutor.h:535] Worker 12 latency: 6215 us (50%) 7068 us (75%) 7422 us (95%) 7497 us (99%).
I0312 03:05:58.215066 158036 AriaExecutor.h:535] Worker 13 latency: 6206 us (50%) 7062 us (75%) 7421 us (95%) 7497 us (99%).
I0312 03:05:58.219295 158036 AriaExecutor.h:535] Worker 14 latency: 6176 us (50%) 7068 us (75%) 7438 us (95%) 7515 us (99%).
I0312 03:05:58.223600 158036 AriaExecutor.h:535] Worker 15 latency: 6172 us (50%) 7064 us (75%) 7437 us (95%) 7513 us (99%).
I0312 03:05:58.227945 158036 Coordinator.h:177] total commit: 50738.8
I0312 03:05:59.228138 158036 Coordinator.h:192] Coordinator exits.
