I0312 03:50:34.605006 167122 Database.h:65] ycsb initialization finished in 99 milliseconds.
I0312 03:50:34.605221 167122 Coordinator.h:30] Coordinator initializes 48 workers.
I0312 03:50:34.667251 167122 Coordinator.h:77] Coordinator starts to run 49 workers.
I0312 03:50:34.667347 167174 AriaExecutor.h:82] AriaExecutor 0 started. 
I0312 03:50:34.667393 167175 AriaExecutor.h:82] AriaExecutor 1 started. 
I0312 03:50:34.667472 167176 AriaExecutor.h:82] AriaExecutor 2 started. 
I0312 03:50:34.667532 167177 AriaExecutor.h:82] AriaExecutor 3 started. 
I0312 03:50:34.667625 167178 AriaExecutor.h:82] AriaExecutor 4 started. 
I0312 03:50:34.667721 167179 AriaExecutor.h:82] AriaExecutor 5 started. 
I0312 03:50:34.667784 167180 AriaExecutor.h:82] AriaExecutor 6 started. 
I0312 03:50:34.667834 167181 AriaExecutor.h:82] AriaExecutor 7 started. 
I0312 03:50:34.667896 167182 AriaExecutor.h:82] AriaExecutor 8 started. 
I0312 03:50:34.667997 167183 AriaExecutor.h:82] AriaExecutor 9 started. 
I0312 03:50:34.668078 167184 AriaExecutor.h:82] AriaExecutor 10 started. 
I0312 03:50:34.668321 167185 AriaExecutor.h:82] AriaExecutor 11 started. 
I0312 03:50:34.668512 167186 AriaExecutor.h:82] AriaExecutor 12 started. 
I0312 03:50:34.668677 167187 AriaExecutor.h:82] AriaExecutor 13 started. 
I0312 03:50:34.668828 167188 AriaExecutor.h:82] AriaExecutor 14 started. 
I0312 03:50:34.668982 167189 AriaExecutor.h:82] AriaExecutor 15 started. 
I0312 03:50:34.669127 167190 AriaExecutor.h:82] AriaExecutor 16 started. 
I0312 03:50:34.669271 167191 AriaExecutor.h:82] AriaExecutor 17 started. 
I0312 03:50:34.669417 167192 AriaExecutor.h:82] AriaExecutor 18 started. 
I0312 03:50:34.669584 167193 AriaExecutor.h:82] AriaExecutor 19 started. 
I0312 03:50:34.669750 167194 AriaExecutor.h:82] AriaExecutor 20 started. 
I0312 03:50:34.669934 167195 AriaExecutor.h:82] AriaExecutor 21 started. 
I0312 03:50:34.670116 167196 AriaExecutor.h:82] AriaExecutor 22 started. 
I0312 03:50:34.670288 167197 AriaExecutor.h:82] AriaExecutor 23 started. 
I0312 03:50:34.670469 167198 AriaExecutor.h:82] AriaExecutor 24 started. 
I0312 03:50:34.670656 167199 AriaExecutor.h:82] AriaExecutor 25 started. 
I0312 03:50:34.670852 167200 AriaExecutor.h:82] AriaExecutor 26 started. 
I0312 03:50:34.671039 167201 AriaExecutor.h:82] AriaExecutor 27 started. 
I0312 03:50:34.671221 167202 AriaExecutor.h:82] AriaExecutor 28 started. 
I0312 03:50:34.671389 167203 AriaExecutor.h:82] AriaExecutor 29 started. 
I0312 03:50:34.671587 167204 AriaExecutor.h:82] AriaExecutor 30 started. 
I0312 03:50:34.671756 167205 AriaExecutor.h:82] AriaExecutor 31 started. 
I0312 03:50:34.671936 167206 AriaExecutor.h:82] AriaExecutor 32 started. 
I0312 03:50:34.672139 167207 AriaExecutor.h:82] AriaExecutor 33 started. 
I0312 03:50:34.672353 167208 AriaExecutor.h:82] AriaExecutor 34 started. 
I0312 03:50:34.672542 167209 AriaExecutor.h:82] AriaExecutor 35 started. 
I0312 03:50:34.672721 167210 AriaExecutor.h:82] AriaExecutor 36 started. 
I0312 03:50:34.672896 167211 AriaExecutor.h:82] AriaExecutor 37 started. 
I0312 03:50:34.673080 167212 AriaExecutor.h:82] AriaExecutor 38 started. 
I0312 03:50:34.673267 167213 AriaExecutor.h:82] AriaExecutor 39 started. 
I0312 03:50:34.673445 167214 AriaExecutor.h:82] AriaExecutor 40 started. 
I0312 03:50:34.673614 167215 AriaExecutor.h:82] AriaExecutor 41 started. 
I0312 03:50:34.673781 167216 AriaExecutor.h:82] AriaExecutor 42 started. 
I0312 03:50:34.673969 167217 AriaExecutor.h:82] AriaExecutor 43 started. 
I0312 03:50:34.674153 167218 AriaExecutor.h:82] AriaExecutor 44 started. 
I0312 03:50:34.674332 167219 AriaExecutor.h:82] AriaExecutor 45 started. 
I0312 03:50:34.674507 167220 AriaExecutor.h:82] AriaExecutor 46 started. 
I0312 03:50:34.674685 167221 AriaExecutor.h:82] AriaExecutor 47 started. 
I0312 03:50:34.674862 167222 Manager.h:224] Manager(worker id = 48) on the coordinator node started.
I0312 03:50:35.674938 167122 Coordinator.h:126] commit: 1076267 abort: 11221 (0/11221/0), network size: 0, avg network size: 0, si_in_serializable: 0 0 %, local: 0 %
I0312 03:50:36.675117 167122 Coordinator.h:126] commit: 1086876 abort: 11430 (0/11430/0), network size: 0, avg network size: 0, si_in_serializable: 0 0 %, local: 0 %
I0312 03:50:37.675259 167122 Coordinator.h:126] commit: 1071616 abort: 11194 (0/11194/0), network size: 0, avg network size: 0, si_in_serializable: 0 0 %, local: 0 %
I0312 03:50:38.675514 167122 Coordinator.h:126] commit: 1078275 abort: 11261 (0/11261/0), network size: 0, avg network size: 0, si_in_serializable: 0 0 %, local: 0 %
I0312 03:50:39.675694 167122 Coordinator.h:126] commit: 1088430 abort: 11346 (0/11346/0), network size: 0, avg network size: 0, si_in_serializable: 0 0 %, local: 0 %
I0312 03:50:40.675832 167122 Coordinator.h:126] commit: 1074184 abort: 11256 (0/11256/0), network size: 0, avg network size: 0, si_in_serializable: 0 0 %, local: 0 %
I0312 03:50:41.675967 167122 Coordinator.h:126] commit: 1080272 abort: 11312 (0/11312/0), network size: 0, avg network size: 0, si_in_serializable: 0 0 %, local: 0 %
I0312 03:50:42.676105 167122 Coordinator.h:126] commit: 1088560 abort: 11216 (0/11216/0), network size: 0, avg network size: 0, si_in_serializable: 0 0 %, local: 0 %
I0312 03:50:43.676235 167122 Coordinator.h:126] commit: 1082289 abort: 11343 (0/11343/0), network size: 0, avg network size: 0, si_in_serializable: 0 0 %, local: 0 %
I0312 03:50:44.676380 167122 Coordinator.h:126] commit: 1088521 abort: 11255 (0/11255/0), network size: 0, avg network size: 0, si_in_serializable: 0 0 %, local: 0 %
I0312 03:50:45.676517 167122 Coordinator.h:126] commit: 1080382 abort: 11202 (0/11202/0), network size: 0, avg network size: 0, si_in_serializable: 0 0 %, local: 0 %
I0312 03:50:46.676658 167122 Coordinator.h:126] commit: 1056272 abort: 10736 (0/10736/0), network size: 0, avg network size: 0, si_in_serializable: 0 0 %, local: 0 %
I0312 03:50:47.676838 167122 Coordinator.h:126] commit: 1082392 abort: 11240 (0/11240/0), network size: 0, avg network size: 0, si_in_serializable: 0 0 %, local: 0 %
I0312 03:50:48.676991 167122 Coordinator.h:126] commit: 1090464 abort: 11360 (0/11360/0), network size: 0, avg network size: 0, si_in_serializable: 0 0 %, local: 0 %
I0312 03:50:49.677125 167122 Coordinator.h:126] commit: 1090556 abort: 11268 (0/11268/0), network size: 0, avg network size: 0, si_in_serializable: 0 0 %, local: 0 %
I0312 03:50:50.677259 167122 Coordinator.h:126] commit: 1090630 abort: 11194 (0/11194/0), network size: 0, avg network size: 0, si_in_serializable: 0 0 %, local: 0 %
I0312 03:50:51.677394 167122 Coordinator.h:126] commit: 1090458 abort: 11366 (0/11366/0), network size: 0, avg network size: 0, si_in_serializable: 0 0 %, local: 0 %
I0312 03:50:52.677531 167122 Coordinator.h:126] commit: 1090470 abort: 11354 (0/11354/0), network size: 0, avg network size: 0, si_in_serializable: 0 0 %, local: 0 %
I0312 03:50:53.677668 167122 Coordinator.h:126] commit: 1090558 abort: 11266 (0/11266/0), network size: 0, avg network size: 0, si_in_serializable: 0 0 %, local: 0 %
I0312 03:50:54.677806 167122 Coordinator.h:126] commit: 1082335 abort: 11297 (0/11297/0), network size: 0, avg network size: 0, si_in_serializable: 0 0 %, local: 0 %
I0312 03:50:55.677944 167122 Coordinator.h:126] commit: 1090494 abort: 11330 (0/11330/0), network size: 0, avg network size: 0, si_in_serializable: 0 0 %, local: 0 %
I0312 03:50:56.678078 167122 Coordinator.h:126] commit: 1082325 abort: 11307 (0/11307/0), network size: 0, avg network size: 0, si_in_serializable: 0 0 %, local: 0 %
I0312 03:50:57.678215 167122 Coordinator.h:126] commit: 1092509 abort: 11363 (0/11363/0), network size: 0, avg network size: 0, si_in_serializable: 0 0 %, local: 0 %
I0312 03:50:58.678350 167122 Coordinator.h:126] commit: 969066 abort: 9878 (0/9878/0), network size: 0, avg network size: 0, si_in_serializable: 0 0 %, local: 0 %
I0312 03:50:59.678486 167122 Coordinator.h:126] commit: 1084459 abort: 11221 (0/11221/0), network size: 0, avg network size: 0, si_in_serializable: 0 0 %, local: 0 %
I0312 03:50:59.678535 167122 Coordinator.h:152] average commit: 1.08445e+06 abort: 11228.3 (0/11228.3/0), network size: 0, avg network size: 0, si_in_serializable: 0 0 %, local: 0 %
I0312 03:50:59.680003 167220 AriaExecutor.h:94] AriaExecutor 46 exits. 
I0312 03:50:59.680017 167194 AriaExecutor.h:94] AriaExecutor 20 exits. 
I0312 03:50:59.680025 167204 AriaExecutor.h:94] AriaExecutor 30 exits. 
I0312 03:50:59.680008 167179 AriaExecutor.h:94] AriaExecutor 5 exits. 
I0312 03:50:59.680013 167202 AriaExecutor.h:94] AriaExecutor 28 exits. 
I0312 03:50:59.680027 167185 AriaExecutor.h:94] AriaExecutor 11 exits. 
I0312 03:50:59.680030 167213 AriaExecutor.h:94] AriaExecutor 39 exits. 
I0312 03:50:59.680035 167218 AriaExecutor.h:94] AriaExecutor 44 exits. 
I0312 03:50:59.680008 167183 AriaExecutor.h:94] AriaExecutor 9 exits. 
I0312 03:50:59.680027 167186 AriaExecutor.h:94] AriaExecutor 12 exits. 
I0312 03:50:59.680042 167214 AriaExecutor.h:94] AriaExecutor 40 exits. 
I0312 03:50:59.680027 167219 AriaExecutor.h:94] AriaExecutor 45 exits. 
I0312 03:50:59.680037 167216 AriaExecutor.h:94] AriaExecutor 42 exits. 
I0312 03:50:59.680028 167205 AriaExecutor.h:94] AriaExecutor 31 exits. 
I0312 03:50:59.680008 167182 AriaExecutor.h:94] AriaExecutor 8 exits. 
I0312 03:50:59.680008 167180 AriaExecutor.h:94] AriaExecutor 6 exits. 
I0312 03:50:59.680008 167177 AriaExecutor.h:94] AriaExecutor 3 exits. 
I0312 03:50:59.680009 167175 AriaExecutor.h:94] AriaExecutor 1 exits. 
I0312 03:50:59.680016 167193 AriaExecutor.h:94] AriaExecutor 19 exits. 
I0312 03:50:59.680008 167176 AriaExecutor.h:94] AriaExecutor 2 exits. 
I0312 03:50:59.680008 167181 AriaExecutor.h:94] AriaExecutor 7 exits. 
I0312 03:50:59.680004 167221 AriaExecutor.h:94] AriaExecutor 47 exits. 
I0312 03:50:59.680024 167207 AriaExecutor.h:94] AriaExecutor 33 exits. 
I0312 03:50:59.680015 167196 AriaExecutor.h:94] AriaExecutor 22 exits. 
I0312 03:50:59.680013 167191 AriaExecutor.h:94] AriaExecutor 17 exits. 
I0312 03:50:59.680032 167210 AriaExecutor.h:94] AriaExecutor 36 exits. 
I0312 03:50:59.680030 167211 AriaExecutor.h:94] AriaExecutor 37 exits. 
I0312 03:50:59.680015 167192 AriaExecutor.h:94] AriaExecutor 18 exits. 
I0312 03:50:59.680030 167217 AriaExecutor.h:94] AriaExecutor 43 exits. 
I0312 03:50:59.680014 167195 AriaExecutor.h:94] AriaExecutor 21 exits. 
I0312 03:50:59.680034 167208 AriaExecutor.h:94] AriaExecutor 34 exits. 
I0312 03:50:59.680034 167212 AriaExecutor.h:94] AriaExecutor 38 exits. 
I0312 03:50:59.680039 167206 AriaExecutor.h:94] AriaExecutor 32 exits. 
I0312 03:50:59.680009 167199 AriaExecutor.h:94] AriaExecutor 25 exits. 
I0312 03:50:59.680008 167222 Manager.h:227] Manager(worker id = 48) on the coordinator node exits.
I0312 03:50:59.680027 167187 AriaExecutor.h:94] AriaExecutor 13 exits. 
I0312 03:50:59.680059 167188 AriaExecutor.h:94] AriaExecutor 14 exits. 
I0312 03:50:59.680033 167209 AriaExecutor.h:94] AriaExecutor 35 exits. 
I0312 03:50:59.680034 167215 AriaExecutor.h:94] AriaExecutor 41 exits. 
I0312 03:50:59.680008 167174 AriaExecutor.h:94] AriaExecutor 0 exits. 
I0312 03:50:59.680011 167190 AriaExecutor.h:94] AriaExecutor 16 exits. 
I0312 03:50:59.680011 167189 AriaExecutor.h:94] AriaExecutor 15 exits. 
I0312 03:50:59.680011 167198 AriaExecutor.h:94] AriaExecutor 24 exits. 
I0312 03:50:59.680011 167197 AriaExecutor.h:94] AriaExecutor 23 exits. 
I0312 03:50:59.680008 167178 AriaExecutor.h:94] AriaExecutor 4 exits. 
I0312 03:50:59.680013 167201 AriaExecutor.h:94] AriaExecutor 27 exits. 
I0312 03:50:59.680008 167184 AriaExecutor.h:94] AriaExecutor 10 exits. 
I0312 03:50:59.680013 167200 AriaExecutor.h:94] AriaExecutor 26 exits. 
I0312 03:50:59.680013 167203 AriaExecutor.h:94] AriaExecutor 29 exits. 
I0312 03:50:59.678551 167122 AriaExecutor.h:535] Worker 0 latency: 1356 us (50%) 1569 us (75%) 1743 us (95%) 1801 us (99%).
I0312 03:50:59.703827 167122 AriaExecutor.h:535] Worker 1 latency: 1357 us (50%) 1570 us (75%) 1744 us (95%) 1801 us (99%).
I0312 03:50:59.728716 167122 AriaExecutor.h:535] Worker 2 latency: 1357 us (50%) 1569 us (75%) 1743 us (95%) 1801 us (99%).
I0312 03:50:59.753767 167122 AriaExecutor.h:535] Worker 3 latency: 1357 us (50%) 1569 us (75%) 1743 us (95%) 1801 us (99%).
I0312 03:50:59.779122 167122 AriaExecutor.h:535] Worker 4 latency: 1356 us (50%) 1569 us (75%) 1743 us (95%) 1801 us (99%).
I0312 03:50:59.804167 167122 AriaExecutor.h:535] Worker 5 latency: 1354 us (50%) 1568 us (75%) 1743 us (95%) 1801 us (99%).
I0312 03:50:59.829135 167122 AriaExecutor.h:535] Worker 6 latency: 1353 us (50%) 1567 us (75%) 1743 us (95%) 1801 us (99%).
I0312 03:50:59.854122 167122 AriaExecutor.h:535] Worker 7 latency: 1357 us (50%) 1569 us (75%) 1743 us (95%) 1801 us (99%).
I0312 03:50:59.878795 167122 AriaExecutor.h:535] Worker 8 latency: 1356 us (50%) 1569 us (75%) 1743 us (95%) 1801 us (99%).
I0312 03:50:59.904143 167122 AriaExecutor.h:535] Worker 9 latency: 1355 us (50%) 1568 us (75%) 1743 us (95%) 1801 us (99%).
I0312 03:50:59.928707 167122 AriaExecutor.h:535] Worker 10 latency: 1355 us (50%) 1568 us (75%) 1743 us (95%) 1801 us (99%).
I0312 03:50:59.953603 167122 AriaExecutor.h:535] Worker 11 latency: 1353 us (50%) 1567 us (75%) 1743 us (95%) 1801 us (99%).
I0312 03:50:59.978381 167122 AriaExecutor.h:535] Worker 12 latency: 1354 us (50%) 1568 us (75%) 1743 us (95%) 1801 us (99%).
I0312 03:51:00.003201 167122 AriaExecutor.h:535] Worker 13 latency: 1353 us (50%) 1567 us (75%) 1743 us (95%) 1801 us (99%).
I0312 03:51:00.028112 167122 AriaExecutor.h:535] Worker 14 latency: 1360 us (50%) 1571 us (75%) 1744 us (95%) 1801 us (99%).
I0312 03:51:00.052973 167122 AriaExecutor.h:535] Worker 15 latency: 1360 us (50%) 1571 us (75%) 1744 us (95%) 1801 us (99%).
I0312 03:51:00.077682 167122 AriaExecutor.h:535] Worker 16 latency: 1114 us (50%) 1461 us (75%) 1736 us (95%) 1806 us (99%).
I0312 03:51:00.103461 167122 AriaExecutor.h:535] Worker 17 latency: 1379 us (50%) 1583 us (75%) 1748 us (95%) 1803 us (99%).
I0312 03:51:00.128402 167122 AriaExecutor.h:535] Worker 18 latency: 1378 us (50%) 1582 us (75%) 1748 us (95%) 1802 us (99%).
I0312 03:51:00.152783 167122 AriaExecutor.h:535] Worker 19 latency: 1378 us (50%) 1582 us (75%) 1748 us (95%) 1803 us (99%).
I0312 03:51:00.176994 167122 AriaExecutor.h:535] Worker 20 latency: 1378 us (50%) 1582 us (75%) 1747 us (95%) 1802 us (99%).
I0312 03:51:00.201241 167122 AriaExecutor.h:535] Worker 21 latency: 1377 us (50%) 1582 us (75%) 1747 us (95%) 1803 us (99%).
I0312 03:51:00.225485 167122 AriaExecutor.h:535] Worker 22 latency: 1378 us (50%) 1582 us (75%) 1748 us (95%) 1802 us (99%).
I0312 03:51:00.249754 167122 AriaExecutor.h:535] Worker 23 latency: 1377 us (50%) 1582 us (75%) 1747 us (95%) 1802 us (99%).
I0312 03:51:00.274070 167122 AriaExecutor.h:535] Worker 24 latency: 1377 us (50%) 1582 us (75%) 1747 us (95%) 1802 us (99%).
I0312 03:51:00.298374 167122 AriaExecutor.h:535] Worker 25 latency: 1376 us (50%) 1581 us (75%) 1747 us (95%) 1802 us (99%).
I0312 03:51:00.322994 167122 AriaExecutor.h:535] Worker 26 latency: 1377 us (50%) 1582 us (75%) 1747 us (95%) 1802 us (99%).
I0312 03:51:00.347486 167122 AriaExecutor.h:535] Worker 27 latency: 1376 us (50%) 1581 us (75%) 1747 us (95%) 1802 us (99%).
I0312 03:51:00.371733 167122 AriaExecutor.h:535] Worker 28 latency: 1376 us (50%) 1581 us (75%) 1747 us (95%) 1802 us (99%).
I0312 03:51:00.396035 167122 AriaExecutor.h:535] Worker 29 latency: 1355 us (50%) 1571 us (75%) 1745 us (95%) 1801 us (99%).
I0312 03:51:00.420666 167122 AriaExecutor.h:535] Worker 30 latency: 1368 us (50%) 1577 us (75%) 1746 us (95%) 1802 us (99%).
I0312 03:51:00.446056 167122 AriaExecutor.h:535] Worker 31 latency: 1370 us (50%) 1578 us (75%) 1746 us (95%) 1801 us (99%).
I0312 03:51:00.471174 167122 AriaExecutor.h:535] Worker 32 latency: 1366 us (50%) 1573 us (75%) 1744 us (95%) 1801 us (99%).
I0312 03:51:00.495252 167122 AriaExecutor.h:535] Worker 33 latency: 1367 us (50%) 1574 us (75%) 1745 us (95%) 1802 us (99%).
I0312 03:51:00.520094 167122 AriaExecutor.h:535] Worker 34 latency: 1366 us (50%) 1574 us (75%) 1744 us (95%) 1801 us (99%).
I0312 03:51:00.543989 167122 AriaExecutor.h:535] Worker 35 latency: 1366 us (50%) 1574 us (75%) 1744 us (95%) 1801 us (99%).
I0312 03:51:00.567957 167122 AriaExecutor.h:535] Worker 36 latency: 1365 us (50%) 1573 us (75%) 1744 us (95%) 1801 us (99%).
I0312 03:51:00.592710 167122 AriaExecutor.h:535] Worker 37 latency: 1363 us (50%) 1572 us (75%) 1744 us (95%) 1801 us (99%).
I0312 03:51:00.616808 167122 AriaExecutor.h:535] Worker 38 latency: 1363 us (50%) 1572 us (75%) 1744 us (95%) 1801 us (99%).
I0312 03:51:00.641389 167122 AriaExecutor.h:535] Worker 39 latency: 1366 us (50%) 1574 us (75%) 1744 us (95%) 1801 us (99%).
I0312 03:51:00.666008 167122 AriaExecutor.h:535] Worker 40 latency: 1366 us (50%) 1573 us (75%) 1744 us (95%) 1801 us (99%).
I0312 03:51:00.690596 167122 AriaExecutor.h:535] Worker 41 latency: 1364 us (50%) 1573 us (75%) 1744 us (95%) 1802 us (99%).
I0312 03:51:00.715045 167122 AriaExecutor.h:535] Worker 42 latency: 1365 us (50%) 1573 us (75%) 1744 us (95%) 1801 us (99%).
I0312 03:51:00.739305 167122 AriaExecutor.h:535] Worker 43 latency: 1363 us (50%) 1572 us (75%) 1744 us (95%) 1801 us (99%).
I0312 03:51:00.763226 167122 AriaExecutor.h:535] Worker 44 latency: 1364 us (50%) 1572 us (75%) 1744 us (95%) 1801 us (99%).
I0312 03:51:00.787263 167122 AriaExecutor.h:535] Worker 45 latency: 1363 us (50%) 1572 us (75%) 1744 us (95%) 1801 us (99%).
I0312 03:51:00.811336 167122 AriaExecutor.h:535] Worker 46 latency: 1369 us (50%) 1576 us (75%) 1745 us (95%) 1801 us (99%).
I0312 03:51:00.835044 167122 AriaExecutor.h:535] Worker 47 latency: 1370 us (50%) 1576 us (75%) 1745 us (95%) 1801 us (99%).
I0312 03:51:00.859278 167122 Coordinator.h:177] total commit: 1.08445e+06
I0312 03:51:01.859493 167122 Coordinator.h:192] Coordinator exits.
