I0312 05:57:16.352546 189411 Database.h:65] ycsb initialization finished in 176 milliseconds.
I0312 05:57:16.352764 189411 Coordinator.h:30] Coordinator initializes 8 workers.
I0312 05:57:16.414676 189411 Coordinator.h:77] Coordinator starts to run 9 workers.
I0312 05:57:16.414776 189423 AriaExecutor.h:91] AriaExecutor 0 started. 
I0312 05:57:16.414822 189424 AriaExecutor.h:91] AriaExecutor 1 started. 
I0312 05:57:16.414912 189425 AriaExecutor.h:91] AriaExecutor 2 started. 
I0312 05:57:16.415011 189426 AriaExecutor.h:91] AriaExecutor 3 started. 
I0312 05:57:16.415102 189427 AriaExecutor.h:91] AriaExecutor 4 started. 
I0312 05:57:16.415189 189428 AriaExecutor.h:91] AriaExecutor 5 started. 
I0312 05:57:16.415314 189429 AriaExecutor.h:91] AriaExecutor 6 started. 
I0312 05:57:16.415410 189430 AriaExecutor.h:91] AriaExecutor 7 started. 
I0312 05:57:16.415503 189431 Manager.h:224] Manager(worker id = 8) on the coordinator node started.
I0312 05:57:17.415558 189411 Coordinator.h:126] commit: 243110 abort: 14938 (0/14938/0), network size: 0, avg network size: 0, si_in_serializable: 0 0 %, local: 0 %
I0312 05:57:18.415721 189411 Coordinator.h:126] commit: 247159 abort: 14985 (0/14985/0), network size: 0, avg network size: 0, si_in_serializable: 0 0 %, local: 0 %
I0312 05:57:19.415911 189411 Coordinator.h:126] commit: 250969 abort: 15271 (0/15271/0), network size: 0, avg network size: 0, si_in_serializable: 0 0 %, local: 0 %
I0312 05:57:20.416050 189411 Coordinator.h:126] commit: 250866 abort: 15374 (0/15374/0), network size: 0, avg network size: 0, si_in_serializable: 0 0 %, local: 0 %
I0312 05:57:21.416169 189411 Coordinator.h:126] commit: 249019 abort: 15173 (0/15173/0), network size: 0, avg network size: 0, si_in_serializable: 0 0 %, local: 0 %
I0312 05:57:22.416290 189411 Coordinator.h:126] commit: 248889 abort: 15303 (0/15303/0), network size: 0, avg network size: 0, si_in_serializable: 0 0 %, local: 0 %
I0312 05:57:23.416409 189411 Coordinator.h:126] commit: 250884 abort: 15356 (0/15356/0), network size: 0, avg network size: 0, si_in_serializable: 0 0 %, local: 0 %
I0312 05:57:24.416602 189411 Coordinator.h:126] commit: 250699 abort: 15541 (0/15541/0), network size: 0, avg network size: 0, si_in_serializable: 0 0 %, local: 0 %
I0312 05:57:25.416749 189411 Coordinator.h:126] commit: 247126 abort: 15018 (0/15018/0), network size: 0, avg network size: 0, si_in_serializable: 0 0 %, local: 0 %
I0312 05:57:26.416883 189411 Coordinator.h:126] commit: 250961 abort: 15279 (0/15279/0), network size: 0, avg network size: 0, si_in_serializable: 0 0 %, local: 0 %
I0312 05:57:27.417016 189411 Coordinator.h:126] commit: 251137 abort: 15103 (0/15103/0), network size: 0, avg network size: 0, si_in_serializable: 0 0 %, local: 0 %
I0312 05:57:28.417146 189411 Coordinator.h:126] commit: 250624 abort: 15616 (0/15616/0), network size: 0, avg network size: 0, si_in_serializable: 0 0 %, local: 0 %
I0312 05:57:29.417269 189411 Coordinator.h:126] commit: 248981 abort: 15211 (0/15211/0), network size: 0, avg network size: 0, si_in_serializable: 0 0 %, local: 0 %
I0312 05:57:30.417398 189411 Coordinator.h:126] commit: 250947 abort: 15293 (0/15293/0), network size: 0, avg network size: 0, si_in_serializable: 0 0 %, local: 0 %
I0312 05:57:31.417589 189411 Coordinator.h:126] commit: 251147 abort: 15093 (0/15093/0), network size: 0, avg network size: 0, si_in_serializable: 0 0 %, local: 0 %
I0312 05:57:32.417737 189411 Coordinator.h:126] commit: 248628 abort: 15310 (0/15310/0), network size: 0, avg network size: 0, si_in_serializable: 0 0 %, local: 0 %
I0312 05:57:33.417861 189411 Coordinator.h:126] commit: 245381 abort: 14968 (0/14968/0), network size: 0, avg network size: 0, si_in_serializable: 0 0 %, local: 0 %
I0312 05:57:34.417982 189411 Coordinator.h:126] commit: 250880 abort: 15360 (0/15360/0), network size: 0, avg network size: 0, si_in_serializable: 0 0 %, local: 0 %
I0312 05:57:35.418103 189411 Coordinator.h:126] commit: 248985 abort: 15207 (0/15207/0), network size: 0, avg network size: 0, si_in_serializable: 0 0 %, local: 0 %
I0312 05:57:36.418221 189411 Coordinator.h:126] commit: 250841 abort: 15399 (0/15399/0), network size: 0, avg network size: 0, si_in_serializable: 0 0 %, local: 0 %
I0312 05:57:37.418335 189411 Coordinator.h:126] commit: 250732 abort: 15508 (0/15508/0), network size: 0, avg network size: 0, si_in_serializable: 0 0 %, local: 0 %
I0312 05:57:38.418453 189411 Coordinator.h:126] commit: 250868 abort: 15372 (0/15372/0), network size: 0, avg network size: 0, si_in_serializable: 0 0 %, local: 0 %
I0312 05:57:39.418569 189411 Coordinator.h:126] commit: 250880 abort: 15360 (0/15360/0), network size: 0, avg network size: 0, si_in_serializable: 0 0 %, local: 0 %
I0312 05:57:40.418751 189411 Coordinator.h:126] commit: 250787 abort: 15453 (0/15453/0), network size: 0, avg network size: 0, si_in_serializable: 0 0 %, local: 0 %
I0312 05:57:41.418887 189411 Coordinator.h:126] commit: 250821 abort: 15419 (0/15419/0), network size: 0, avg network size: 0, si_in_serializable: 0 0 %, local: 0 %
I0312 05:57:41.418929 189411 Coordinator.h:152] average commit: 249755 abort: 15256 (0/15256/0), network size: 0, avg network size: 0, si_in_serializable: 0 0 %, local: 0 %
I0312 05:57:41.426553 189423 AriaExecutor.h:103] AriaExecutor 0 exits. 
I0312 05:57:41.426553 189426 AriaExecutor.h:103] AriaExecutor 3 exits. 
I0312 05:57:41.426554 189429 AriaExecutor.h:103] AriaExecutor 6 exits. 
I0312 05:57:41.426553 189428 AriaExecutor.h:103] AriaExecutor 5 exits. 
I0312 05:57:41.426553 189425 AriaExecutor.h:103] AriaExecutor 2 exits. 
I0312 05:57:41.426553 189424 AriaExecutor.h:103] AriaExecutor 1 exits. 
I0312 05:57:41.426553 189431 Manager.h:227] Manager(worker id = 8) on the coordinator node exits.
I0312 05:57:41.426553 189430 AriaExecutor.h:103] AriaExecutor 7 exits. 
I0312 05:57:41.426553 189427 AriaExecutor.h:103] AriaExecutor 4 exits. 
I0312 05:57:41.418975 189411 AriaExecutor.h:649] Worker 0 latency: 5222 us (50%) 6357 us (75%) 7240 us (95%) 7423 us (99%).
I0312 05:57:41.470407 189411 AriaExecutor.h:649] Worker 1 latency: 5235 us (50%) 6364 us (75%) 7241 us (95%) 7422 us (99%).
I0312 05:57:41.507666 189411 AriaExecutor.h:649] Worker 2 latency: 5232 us (50%) 6362 us (75%) 7239 us (95%) 7420 us (99%).
I0312 05:57:41.544870 189411 AriaExecutor.h:649] Worker 3 latency: 5227 us (50%) 6358 us (75%) 7238 us (95%) 7419 us (99%).
I0312 05:57:41.581869 189411 AriaExecutor.h:649] Worker 4 latency: 5226 us (50%) 6359 us (75%) 7240 us (95%) 7421 us (99%).
I0312 05:57:41.618340 189411 AriaExecutor.h:649] Worker 5 latency: 5224 us (50%) 6357 us (75%) 7237 us (95%) 7418 us (99%).
I0312 05:57:41.655179 189411 AriaExecutor.h:649] Worker 6 latency: 5226 us (50%) 6360 us (75%) 7240 us (95%) 7422 us (99%).
I0312 05:57:41.691905 189411 AriaExecutor.h:649] Worker 7 latency: 5232 us (50%) 6363 us (75%) 7240 us (95%) 7422 us (99%).
I0312 05:57:41.729419 189411 Coordinator.h:177] total commit: 249755
I0312 05:57:42.729617 189411 Coordinator.h:192] Coordinator exits.
