I0312 02:42:55.144749 155225 Database.h:65] ycsb initialization finished in 99 milliseconds.
I0312 02:42:55.144966 155225 Coordinator.h:30] Coordinator initializes 16 workers.
I0312 02:42:55.256429 155225 Coordinator.h:77] Coordinator starts to run 17 workers.
I0312 02:42:55.256521 155245 AriaExecutor.h:82] AriaExecutor 0 started. 
I0312 02:42:55.256568 155246 AriaExecutor.h:82] AriaExecutor 1 started. 
I0312 02:42:55.256654 155247 AriaExecutor.h:82] AriaExecutor 2 started. 
I0312 02:42:55.256722 155248 AriaExecutor.h:82] AriaExecutor 3 started. 
I0312 02:42:55.256788 155249 AriaExecutor.h:82] AriaExecutor 4 started. 
I0312 02:42:55.256856 155250 AriaExecutor.h:82] AriaExecutor 5 started. 
I0312 02:42:55.256944 155251 AriaExecutor.h:82] AriaExecutor 6 started. 
I0312 02:42:55.257026 155252 AriaExecutor.h:82] AriaExecutor 7 started. 
I0312 02:42:55.257104 155253 AriaExecutor.h:82] AriaExecutor 8 started. 
I0312 02:42:55.257200 155254 AriaExecutor.h:82] AriaExecutor 9 started. 
I0312 02:42:55.257301 155255 AriaExecutor.h:82] AriaExecutor 10 started. 
I0312 02:42:55.257406 155256 AriaExecutor.h:82] AriaExecutor 11 started. 
I0312 02:42:55.257524 155257 AriaExecutor.h:82] AriaExecutor 12 started. 
I0312 02:42:55.257637 155258 AriaExecutor.h:82] AriaExecutor 13 started. 
I0312 02:42:55.257721 155259 AriaExecutor.h:82] AriaExecutor 14 started. 
I0312 02:42:55.257853 155260 AriaExecutor.h:82] AriaExecutor 15 started. 
I0312 02:42:55.257972 155261 Manager.h:224] Manager(worker id = 16) on the coordinator node started.
I0312 02:42:56.258024 155225 Coordinator.h:126] commit: 11762 abort: 123406 (0/123406/0), network size: 0, avg network size: 0, si_in_serializable: 0 0 %, local: 0 %
I0312 02:42:57.258175 155225 Coordinator.h:126] commit: 12182 abort: 127082 (0/127082/0), network size: 0, avg network size: 0, si_in_serializable: 0 0 %, local: 0 %
I0312 02:42:58.258359 155225 Coordinator.h:126] commit: 12143 abort: 127121 (0/127121/0), network size: 0, avg network size: 0, si_in_serializable: 0 0 %, local: 0 %
I0312 02:42:59.258502 155225 Coordinator.h:126] commit: 12254 abort: 127010 (0/127010/0), network size: 0, avg network size: 0, si_in_serializable: 0 0 %, local: 0 %
I0312 02:43:00.258636 155225 Coordinator.h:126] commit: 12215 abort: 127049 (0/127049/0), network size: 0, avg network size: 0, si_in_serializable: 0 0 %, local: 0 %
I0312 02:43:01.258769 155225 Coordinator.h:126] commit: 12434 abort: 130926 (0/130926/0), network size: 0, avg network size: 0, si_in_serializable: 0 0 %, local: 0 %
I0312 02:43:02.258955 155225 Coordinator.h:126] commit: 12186 abort: 127078 (0/127078/0), network size: 0, avg network size: 0, si_in_serializable: 0 0 %, local: 0 %
I0312 02:43:03.259101 155225 Coordinator.h:126] commit: 12074 abort: 127190 (0/127190/0), network size: 0, avg network size: 0, si_in_serializable: 0 0 %, local: 0 %
I0312 02:43:04.259238 155225 Coordinator.h:126] commit: 12578 abort: 130782 (0/130782/0), network size: 0, avg network size: 0, si_in_serializable: 0 0 %, local: 0 %
I0312 02:43:05.259372 155225 Coordinator.h:126] commit: 12082 abort: 127182 (0/127182/0), network size: 0, avg network size: 0, si_in_serializable: 0 0 %, local: 0 %
I0312 02:43:06.259503 155225 Coordinator.h:126] commit: 12072 abort: 127192 (0/127192/0), network size: 0, avg network size: 0, si_in_serializable: 0 0 %, local: 0 %
I0312 02:43:07.259641 155225 Coordinator.h:126] commit: 12587 abort: 130773 (0/130773/0), network size: 0, avg network size: 0, si_in_serializable: 0 0 %, local: 0 %
I0312 02:43:08.259781 155225 Coordinator.h:126] commit: 12196 abort: 127068 (0/127068/0), network size: 0, avg network size: 0, si_in_serializable: 0 0 %, local: 0 %
I0312 02:43:09.259956 155225 Coordinator.h:126] commit: 12213 abort: 127051 (0/127051/0), network size: 0, avg network size: 0, si_in_serializable: 0 0 %, local: 0 %
I0312 02:43:10.260100 155225 Coordinator.h:126] commit: 12468 abort: 130892 (0/130892/0), network size: 0, avg network size: 0, si_in_serializable: 0 0 %, local: 0 %
I0312 02:43:11.260233 155225 Coordinator.h:126] commit: 12190 abort: 127074 (0/127074/0), network size: 0, avg network size: 0, si_in_serializable: 0 0 %, local: 0 %
I0312 02:43:12.260423 155225 Coordinator.h:126] commit: 12425 abort: 130935 (0/130935/0), network size: 0, avg network size: 0, si_in_serializable: 0 0 %, local: 0 %
I0312 02:43:13.260556 155225 Coordinator.h:126] commit: 12115 abort: 127149 (0/127149/0), network size: 0, avg network size: 0, si_in_serializable: 0 0 %, local: 0 %
I0312 02:43:14.260689 155225 Coordinator.h:126] commit: 12456 abort: 130904 (0/130904/0), network size: 0, avg network size: 0, si_in_serializable: 0 0 %, local: 0 %
I0312 02:43:15.260823 155225 Coordinator.h:126] commit: 12065 abort: 127199 (0/127199/0), network size: 0, avg network size: 0, si_in_serializable: 0 0 %, local: 0 %
I0312 02:43:16.260957 155225 Coordinator.h:126] commit: 12419 abort: 130941 (0/130941/0), network size: 0, avg network size: 0, si_in_serializable: 0 0 %, local: 0 %
I0312 02:43:17.261093 155225 Coordinator.h:126] commit: 12096 abort: 127168 (0/127168/0), network size: 0, avg network size: 0, si_in_serializable: 0 0 %, local: 0 %
I0312 02:43:18.261227 155225 Coordinator.h:126] commit: 12352 abort: 131008 (0/131008/0), network size: 0, avg network size: 0, si_in_serializable: 0 0 %, local: 0 %
I0312 02:43:19.261360 155225 Coordinator.h:126] commit: 12204 abort: 127060 (0/127060/0), network size: 0, avg network size: 0, si_in_serializable: 0 0 %, local: 0 %
I0312 02:43:20.261498 155225 Coordinator.h:126] commit: 12146 abort: 127118 (0/127118/0), network size: 0, avg network size: 0, si_in_serializable: 0 0 %, local: 0 %
I0312 02:43:20.261543 155225 Coordinator.h:152] average commit: 12278.7 abort: 128624 (0/128624/0), network size: 0, avg network size: 0, si_in_serializable: 0 0 %, local: 0 %
I0312 02:43:20.262216 155250 AriaExecutor.h:94] AriaExecutor 5 exits. 
I0312 02:43:20.262223 155257 AriaExecutor.h:94] AriaExecutor 12 exits. 
I0312 02:43:20.262219 155252 AriaExecutor.h:94] AriaExecutor 7 exits. 
I0312 02:43:20.262220 155255 AriaExecutor.h:94] AriaExecutor 10 exits. 
I0312 02:43:20.262220 155248 AriaExecutor.h:94] AriaExecutor 3 exits. 
I0312 02:43:20.262262 155261 Manager.h:227] Manager(worker id = 16) on the coordinator node exits.
I0312 02:43:20.262241 155259 AriaExecutor.h:94] AriaExecutor 14 exits. 
I0312 02:43:20.262223 155256 AriaExecutor.h:94] AriaExecutor 11 exits. 
I0312 02:43:20.262221 155245 AriaExecutor.h:94] AriaExecutor 0 exits. 
I0312 02:43:20.262223 155251 AriaExecutor.h:94] AriaExecutor 6 exits. 
I0312 02:43:20.262219 155253 AriaExecutor.h:94] AriaExecutor 8 exits. 
I0312 02:43:20.262223 155247 AriaExecutor.h:94] AriaExecutor 2 exits. 
I0312 02:43:20.262221 155258 AriaExecutor.h:94] AriaExecutor 13 exits. 
I0312 02:43:20.262220 155249 AriaExecutor.h:94] AriaExecutor 4 exits. 
I0312 02:43:20.262220 155246 AriaExecutor.h:94] AriaExecutor 1 exits. 
I0312 02:43:20.262221 155254 AriaExecutor.h:94] AriaExecutor 9 exits. 
I0312 02:43:20.262243 155260 AriaExecutor.h:94] AriaExecutor 15 exits. 
I0312 02:43:20.261556 155225 AriaExecutor.h:535] Worker 0 latency: 28137 us (50%) 28491 us (75%) 28831 us (95%) 30367 us (99%).
I0312 02:43:20.262758 155225 AriaExecutor.h:535] Worker 1 latency: 28141 us (50%) 28490 us (75%) 28826 us (95%) 29595 us (99%).
I0312 02:43:20.263785 155225 AriaExecutor.h:535] Worker 2 latency: 28143 us (50%) 28492 us (75%) 28834 us (95%) 29750 us (99%).
I0312 02:43:20.264803 155225 AriaExecutor.h:535] Worker 3 latency: 28143 us (50%) 28491 us (75%) 28826 us (95%) 29559 us (99%).
I0312 02:43:20.265807 155225 AriaExecutor.h:535] Worker 4 latency: 28148 us (50%) 28496 us (75%) 28835 us (95%) 29874 us (99%).
I0312 02:43:20.266829 155225 AriaExecutor.h:535] Worker 5 latency: 28136 us (50%) 28491 us (75%) 28833 us (95%) 29891 us (99%).
I0312 02:43:20.267843 155225 AriaExecutor.h:535] Worker 6 latency: 28140 us (50%) 28488 us (75%) 28827 us (95%) 29535 us (99%).
I0312 02:43:20.268849 155225 AriaExecutor.h:535] Worker 7 latency: 28151 us (50%) 28495 us (75%) 28828 us (95%) 29495 us (99%).
I0312 02:43:20.269856 155225 AriaExecutor.h:535] Worker 8 latency: 28137 us (50%) 28489 us (75%) 28821 us (95%) 29808 us (99%).
I0312 02:43:20.270860 155225 AriaExecutor.h:535] Worker 9 latency: 28150 us (50%) 28495 us (75%) 28833 us (95%) 29736 us (99%).
I0312 02:43:20.271865 155225 AriaExecutor.h:535] Worker 10 latency: 28141 us (50%) 28488 us (75%) 28829 us (95%) 29549 us (99%).
I0312 02:43:20.272872 155225 AriaExecutor.h:535] Worker 11 latency: 28141 us (50%) 28496 us (75%) 28833 us (95%) 29785 us (99%).
I0312 02:43:20.273869 155225 AriaExecutor.h:535] Worker 12 latency: 28144 us (50%) 28496 us (75%) 28830 us (95%) 29460 us (99%).
I0312 02:43:20.274860 155225 AriaExecutor.h:535] Worker 13 latency: 28150 us (50%) 28494 us (75%) 28830 us (95%) 29558 us (99%).
I0312 02:43:20.275838 155225 AriaExecutor.h:535] Worker 14 latency: 27954 us (50%) 28384 us (75%) 28753 us (95%) 29383 us (99%).
I0312 02:43:20.276854 155225 AriaExecutor.h:535] Worker 15 latency: 27959 us (50%) 28388 us (75%) 28750 us (95%) 29371 us (99%).
I0312 02:43:20.277873 155225 Coordinator.h:177] total commit: 12278.7
I0312 02:43:21.278059 155225 Coordinator.h:192] Coordinator exits.
