I0312 01:57:15.329236 150408 Database.h:65] ycsb initialization finished in 260 milliseconds.
I0312 01:57:15.329452 150408 Coordinator.h:30] Coordinator initializes 4 workers.
I0312 01:57:15.390302 150408 Coordinator.h:77] Coordinator starts to run 5 workers.
I0312 01:57:15.390393 150416 AriaExecutor.h:82] AriaExecutor 0 started. 
I0312 01:57:15.390437 150417 AriaExecutor.h:82] AriaExecutor 1 started. 
I0312 01:57:15.390515 150418 AriaExecutor.h:82] AriaExecutor 2 started. 
I0312 01:57:15.390580 150419 AriaExecutor.h:82] AriaExecutor 3 started. 
I0312 01:57:15.390673 150420 Manager.h:224] Manager(worker id = 4) on the coordinator node started.
I0312 01:57:16.390722 150408 Coordinator.h:126] commit: 18 abort: 25320 (0/25320/0), network size: 0, avg network size: 0, si_in_serializable: 0 0 %, local: 0 %
I0312 01:57:17.390945 150408 Coordinator.h:126] commit: 19 abort: 27891 (0/27891/0), network size: 0, avg network size: 0, si_in_serializable: 0 0 %, local: 0 %
I0312 01:57:18.391095 150408 Coordinator.h:126] commit: 21 abort: 26603 (0/26603/0), network size: 0, avg network size: 0, si_in_serializable: 0 0 %, local: 0 %
I0312 01:57:19.391209 150408 Coordinator.h:126] commit: 23 abort: 26601 (0/26601/0), network size: 0, avg network size: 0, si_in_serializable: 0 0 %, local: 0 %
I0312 01:57:20.391386 150408 Coordinator.h:126] commit: 19 abort: 26605 (0/26605/0), network size: 0, avg network size: 0, si_in_serializable: 0 0 %, local: 0 %
I0312 01:57:21.391525 150408 Coordinator.h:126] commit: 18 abort: 26606 (0/26606/0), network size: 0, avg network size: 0, si_in_serializable: 0 0 %, local: 0 %
I0312 01:57:22.391693 150408 Coordinator.h:126] commit: 16 abort: 26608 (0/26608/0), network size: 0, avg network size: 0, si_in_serializable: 0 0 %, local: 0 %
I0312 01:57:23.391840 150408 Coordinator.h:126] commit: 18 abort: 26606 (0/26606/0), network size: 0, avg network size: 0, si_in_serializable: 0 0 %, local: 0 %
I0312 01:57:24.392010 150408 Coordinator.h:126] commit: 19 abort: 26605 (0/26605/0), network size: 0, avg network size: 0, si_in_serializable: 0 0 %, local: 0 %
I0312 01:57:25.392155 150408 Coordinator.h:126] commit: 21 abort: 28651 (0/28651/0), network size: 0, avg network size: 0, si_in_serializable: 0 0 %, local: 0 %
I0312 01:57:26.392261 150408 Coordinator.h:126] commit: 19 abort: 26605 (0/26605/0), network size: 0, avg network size: 0, si_in_serializable: 0 0 %, local: 0 %
I0312 01:57:27.392433 150408 Coordinator.h:126] commit: 30 abort: 26594 (0/26594/0), network size: 0, avg network size: 0, si_in_serializable: 0 0 %, local: 0 %
I0312 01:57:28.392578 150408 Coordinator.h:126] commit: 19 abort: 26605 (0/26605/0), network size: 0, avg network size: 0, si_in_serializable: 0 0 %, local: 0 %
I0312 01:57:29.392701 150408 Coordinator.h:126] commit: 19 abort: 26605 (0/26605/0), network size: 0, avg network size: 0, si_in_serializable: 0 0 %, local: 0 %
I0312 01:57:30.392828 150408 Coordinator.h:126] commit: 22 abort: 28650 (0/28650/0), network size: 0, avg network size: 0, si_in_serializable: 0 0 %, local: 0 %
I0312 01:57:31.393002 150408 Coordinator.h:126] commit: 24 abort: 26600 (0/26600/0), network size: 0, avg network size: 0, si_in_serializable: 0 0 %, local: 0 %
I0312 01:57:32.393142 150408 Coordinator.h:126] commit: 19 abort: 26605 (0/26605/0), network size: 0, avg network size: 0, si_in_serializable: 0 0 %, local: 0 %
I0312 01:57:33.393260 150408 Coordinator.h:126] commit: 16 abort: 26608 (0/26608/0), network size: 0, avg network size: 0, si_in_serializable: 0 0 %, local: 0 %
I0312 01:57:34.393393 150408 Coordinator.h:126] commit: 21 abort: 26603 (0/26603/0), network size: 0, avg network size: 0, si_in_serializable: 0 0 %, local: 0 %
I0312 01:57:35.393517 150408 Coordinator.h:126] commit: 23 abort: 26601 (0/26601/0), network size: 0, avg network size: 0, si_in_serializable: 0 0 %, local: 0 %
I0312 01:57:36.393692 150408 Coordinator.h:126] commit: 25 abort: 26599 (0/26599/0), network size: 0, avg network size: 0, si_in_serializable: 0 0 %, local: 0 %
I0312 01:57:37.393836 150408 Coordinator.h:126] commit: 21 abort: 28651 (0/28651/0), network size: 0, avg network size: 0, si_in_serializable: 0 0 %, local: 0 %
I0312 01:57:38.393961 150408 Coordinator.h:126] commit: 23 abort: 26601 (0/26601/0), network size: 0, avg network size: 0, si_in_serializable: 0 0 %, local: 0 %
I0312 01:57:39.394078 150408 Coordinator.h:126] commit: 24 abort: 26600 (0/26600/0), network size: 0, avg network size: 0, si_in_serializable: 0 0 %, local: 0 %
I0312 01:57:40.394193 150408 Coordinator.h:126] commit: 26 abort: 26598 (0/26598/0), network size: 0, avg network size: 0, si_in_serializable: 0 0 %, local: 0 %
I0312 01:57:40.394234 150408 Coordinator.h:152] average commit: 21.2 abort: 26807.6 (0/26807.6/0), network size: 0, avg network size: 0, si_in_serializable: 0 0 %, local: 0 %
I0312 01:57:40.394279 150408 AriaExecutor.h:535] Worker 0 latency: 75684 us (50%) 75859 us (75%) 76354 us (95%) 89402 us (99%).
I0312 01:57:40.419185 150419 AriaExecutor.h:94] AriaExecutor 3 exits. 
I0312 01:57:40.419185 150420 Manager.h:227] Manager(worker id = 4) on the coordinator node exits.
I0312 01:57:40.419185 150418 AriaExecutor.h:94] AriaExecutor 2 exits. 
I0312 01:57:40.419185 150417 AriaExecutor.h:94] AriaExecutor 1 exits. 
I0312 01:57:40.419185 150416 AriaExecutor.h:94] AriaExecutor 0 exits. 
I0312 01:57:40.419385 150408 AriaExecutor.h:535] Worker 1 latency: 75664 us (50%) 75828 us (75%) 76553 us (95%) 89090 us (99%).
I0312 01:57:40.419421 150408 AriaExecutor.h:535] Worker 2 latency: 75654 us (50%) 75860 us (75%) 76436 us (95%) 89388 us (99%).
I0312 01:57:40.419446 150408 AriaExecutor.h:535] Worker 3 latency: 75793 us (50%) 75880 us (75%) 76756 us (95%) 79308 us (99%).
I0312 01:57:40.419552 150408 Coordinator.h:177] total commit: 21.2
I0312 01:57:41.419759 150408 Coordinator.h:192] Coordinator exits.
