I0312 07:15:31.821507 216665 Database.h:65] ycsb initialization finished in 98 milliseconds.
I0312 07:15:31.821713 216665 Coordinator.h:30] Coordinator initializes 32 workers.
I0312 07:15:31.861004 216665 Coordinator.h:77] Coordinator starts to run 33 workers.
I0312 07:15:31.861095 216701 AriaExecutor.h:91] AriaExecutor 0 started. 
I0312 07:15:31.861152 216702 AriaExecutor.h:91] AriaExecutor 1 started. 
I0312 07:15:31.861227 216703 AriaExecutor.h:91] AriaExecutor 2 started. 
I0312 07:15:31.861318 216704 AriaExecutor.h:91] AriaExecutor 3 started. 
I0312 07:15:31.861392 216705 AriaExecutor.h:91] AriaExecutor 4 started. 
I0312 07:15:31.861482 216706 AriaExecutor.h:91] AriaExecutor 5 started. 
I0312 07:15:31.861570 216707 AriaExecutor.h:91] AriaExecutor 6 started. 
I0312 07:15:31.861683 216708 AriaExecutor.h:91] AriaExecutor 7 started. 
I0312 07:15:31.861788 216709 AriaExecutor.h:91] AriaExecutor 8 started. 
I0312 07:15:31.861882 216710 AriaExecutor.h:91] AriaExecutor 9 started. 
I0312 07:15:31.861976 216711 AriaExecutor.h:91] AriaExecutor 10 started. 
I0312 07:15:31.862056 216712 AriaExecutor.h:91] AriaExecutor 11 started. 
I0312 07:15:31.862166 216713 AriaExecutor.h:91] AriaExecutor 12 started. 
I0312 07:15:31.862280 216714 AriaExecutor.h:91] AriaExecutor 13 started. 
I0312 07:15:31.862387 216715 AriaExecutor.h:91] AriaExecutor 14 started. 
I0312 07:15:31.862526 216716 AriaExecutor.h:91] AriaExecutor 15 started. 
I0312 07:15:31.862658 216717 AriaExecutor.h:91] AriaExecutor 16 started. 
I0312 07:15:31.862720 216718 AriaExecutor.h:91] AriaExecutor 17 started. 
I0312 07:15:31.862816 216719 AriaExecutor.h:91] AriaExecutor 18 started. 
I0312 07:15:31.862936 216720 AriaExecutor.h:91] AriaExecutor 19 started. 
I0312 07:15:31.863034 216721 AriaExecutor.h:91] AriaExecutor 20 started. 
I0312 07:15:31.863130 216722 AriaExecutor.h:91] AriaExecutor 21 started. 
I0312 07:15:31.863248 216723 AriaExecutor.h:91] AriaExecutor 22 started. 
I0312 07:15:31.863364 216724 AriaExecutor.h:91] AriaExecutor 23 started. 
I0312 07:15:31.863427 216725 AriaExecutor.h:91] AriaExecutor 24 started. 
I0312 07:15:31.863517 216726 AriaExecutor.h:91] AriaExecutor 25 started. 
I0312 07:15:31.863608 216727 AriaExecutor.h:91] AriaExecutor 26 started. 
I0312 07:15:31.863708 216728 AriaExecutor.h:91] AriaExecutor 27 started. 
I0312 07:15:31.863832 216729 AriaExecutor.h:91] AriaExecutor 28 started. 
I0312 07:15:31.863930 216730 AriaExecutor.h:91] AriaExecutor 29 started. 
I0312 07:15:31.864025 216731 AriaExecutor.h:91] AriaExecutor 30 started. 
I0312 07:15:31.864161 216732 AriaExecutor.h:91] AriaExecutor 31 started. 
I0312 07:15:31.864310 216733 Manager.h:224] Manager(worker id = 32) on the coordinator node started.
I0312 07:15:32.864351 216665 Coordinator.h:126] commit: 18208 abort: 158944 (0/158944/0), network size: 0, avg network size: 0, si_in_serializable: 0 0 %, local: 0 %
I0312 07:15:33.864506 216665 Coordinator.h:126] commit: 18207 abort: 158945 (0/158945/0), network size: 0, avg network size: 0, si_in_serializable: 0 0 %, local: 0 %
I0312 07:15:34.864643 216665 Coordinator.h:126] commit: 18420 abort: 159756 (0/159756/0), network size: 0, avg network size: 0, si_in_serializable: 0 0 %, local: 0 %
I0312 07:15:35.864816 216665 Coordinator.h:126] commit: 18385 abort: 158767 (0/158767/0), network size: 0, avg network size: 0, si_in_serializable: 0 0 %, local: 0 %
I0312 07:15:36.864959 216665 Coordinator.h:126] commit: 18407 abort: 158745 (0/158745/0), network size: 0, avg network size: 0, si_in_serializable: 0 0 %, local: 0 %
I0312 07:15:37.865090 216665 Coordinator.h:126] commit: 18098 abort: 158030 (0/158030/0), network size: 0, avg network size: 0, si_in_serializable: 0 0 %, local: 0 %
I0312 07:15:38.865226 216665 Coordinator.h:126] commit: 18064 abort: 157040 (0/157040/0), network size: 0, avg network size: 0, si_in_serializable: 0 0 %, local: 0 %
I0312 07:15:39.865360 216665 Coordinator.h:126] commit: 18060 abort: 157044 (0/157044/0), network size: 0, avg network size: 0, si_in_serializable: 0 0 %, local: 0 %
I0312 07:15:40.865494 216665 Coordinator.h:126] commit: 18136 abort: 155944 (0/155944/0), network size: 0, avg network size: 0, si_in_serializable: 0 0 %, local: 0 %
I0312 07:15:41.865628 216665 Coordinator.h:126] commit: 17968 abort: 157136 (0/157136/0), network size: 0, avg network size: 0, si_in_serializable: 0 0 %, local: 0 %
I0312 07:15:42.865804 216665 Coordinator.h:126] commit: 17882 abort: 156198 (0/156198/0), network size: 0, avg network size: 0, si_in_serializable: 0 0 %, local: 0 %
I0312 07:15:43.865954 216665 Coordinator.h:126] commit: 17887 abort: 157217 (0/157217/0), network size: 0, avg network size: 0, si_in_serializable: 0 0 %, local: 0 %
I0312 07:15:44.866091 216665 Coordinator.h:126] commit: 17896 abort: 156184 (0/156184/0), network size: 0, avg network size: 0, si_in_serializable: 0 0 %, local: 0 %
I0312 07:15:45.866230 216665 Coordinator.h:126] commit: 18062 abort: 157042 (0/157042/0), network size: 0, avg network size: 0, si_in_serializable: 0 0 %, local: 0 %
I0312 07:15:46.866365 216665 Coordinator.h:126] commit: 17874 abort: 156206 (0/156206/0), network size: 0, avg network size: 0, si_in_serializable: 0 0 %, local: 0 %
I0312 07:15:47.866501 216665 Coordinator.h:126] commit: 17836 abort: 156182 (0/156182/0), network size: 0, avg network size: 0, si_in_serializable: 0 0 %, local: 0 %
I0312 07:15:48.866634 216665 Coordinator.h:126] commit: 18018 abort: 156124 (0/156124/0), network size: 0, avg network size: 0, si_in_serializable: 0 0 %, local: 0 %
I0312 07:15:49.866775 216665 Coordinator.h:126] commit: 17951 abort: 156129 (0/156129/0), network size: 0, avg network size: 0, si_in_serializable: 0 0 %, local: 0 %
I0312 07:15:50.866910 216665 Coordinator.h:126] commit: 18145 abort: 156959 (0/156959/0), network size: 0, avg network size: 0, si_in_serializable: 0 0 %, local: 0 %
I0312 07:15:51.867055 216665 Coordinator.h:126] commit: 17841 abort: 155215 (0/155215/0), network size: 0, avg network size: 0, si_in_serializable: 0 0 %, local: 0 %
I0312 07:15:52.867190 216665 Coordinator.h:126] commit: 17689 abort: 155367 (0/155367/0), network size: 0, avg network size: 0, si_in_serializable: 0 0 %, local: 0 %
I0312 07:15:53.867327 216665 Coordinator.h:126] commit: 17882 abort: 155174 (0/155174/0), network size: 0, avg network size: 0, si_in_serializable: 0 0 %, local: 0 %
I0312 07:15:54.867461 216665 Coordinator.h:126] commit: 17870 abort: 154162 (0/154162/0), network size: 0, avg network size: 0, si_in_serializable: 0 0 %, local: 0 %
I0312 07:15:55.867636 216665 Coordinator.h:126] commit: 17927 abort: 155129 (0/155129/0), network size: 0, avg network size: 0, si_in_serializable: 0 0 %, local: 0 %
I0312 07:15:56.867786 216665 Coordinator.h:126] commit: 17815 abort: 154217 (0/154217/0), network size: 0, avg network size: 0, si_in_serializable: 0 0 %, local: 0 %
I0312 07:15:56.867833 216665 Coordinator.h:152] average commit: 17939.2 abort: 156346 (0/156346/0), network size: 0, avg network size: 0, si_in_serializable: 0 0 %, local: 0 %
I0312 07:15:56.867849 216665 AriaExecutor.h:649] Worker 0 latency: 5544 us (50%) 5741 us (75%) 5903 us (95%) 6004 us (99%).
I0312 07:15:56.870988 216713 AriaExecutor.h:103] AriaExecutor 12 exits. 
I0312 07:15:56.870994 216733 Manager.h:227] Manager(worker id = 32) on the coordinator node exits.
I0312 07:15:56.871001 216704 AriaExecutor.h:103] AriaExecutor 3 exits. 
I0312 07:15:56.870997 216708 AriaExecutor.h:103] AriaExecutor 7 exits. 
I0312 07:15:56.870995 216712 AriaExecutor.h:103] AriaExecutor 11 exits. 
I0312 07:15:56.871007 216702 AriaExecutor.h:103] AriaExecutor 1 exits. 
I0312 07:15:56.871021 216719 AriaExecutor.h:103] AriaExecutor 18 exits. 
I0312 07:15:56.871002 216731 AriaExecutor.h:103] AriaExecutor 30 exits. 
I0312 07:15:56.870999 216710 AriaExecutor.h:103] AriaExecutor 9 exits. 
I0312 07:15:56.870988 216714 AriaExecutor.h:103] AriaExecutor 13 exits. 
I0312 07:15:56.871014 216728 AriaExecutor.h:103] AriaExecutor 27 exits. 
I0312 07:15:56.871016 216722 AriaExecutor.h:103] AriaExecutor 21 exits. 
I0312 07:15:56.871016 216715 AriaExecutor.h:103] AriaExecutor 14 exits. 
I0312 07:15:56.871016 216721 AriaExecutor.h:103] AriaExecutor 20 exits. 
I0312 07:15:56.871008 216703 AriaExecutor.h:103] AriaExecutor 2 exits. 
I0312 07:15:56.871016 216729 AriaExecutor.h:103] AriaExecutor 28 exits. 
I0312 07:15:56.870996 216705 AriaExecutor.h:103] AriaExecutor 4 exits. 
I0312 07:15:56.871001 216707 AriaExecutor.h:103] AriaExecutor 6 exits. 
I0312 07:15:56.871016 216717 AriaExecutor.h:103] AriaExecutor 16 exits. 
I0312 07:15:56.871037 216723 AriaExecutor.h:103] AriaExecutor 22 exits. 
I0312 07:15:56.871004 216709 AriaExecutor.h:103] AriaExecutor 8 exits. 
I0312 07:15:56.871039 216724 AriaExecutor.h:103] AriaExecutor 23 exits. 
I0312 07:15:56.871006 216711 AriaExecutor.h:103] AriaExecutor 10 exits. 
I0312 07:15:56.871001 216706 AriaExecutor.h:103] AriaExecutor 5 exits. 
I0312 07:15:56.871018 216727 AriaExecutor.h:103] AriaExecutor 26 exits. 
I0312 07:15:56.870999 216732 AriaExecutor.h:103] AriaExecutor 31 exits. 
I0312 07:15:56.871021 216730 AriaExecutor.h:103] AriaExecutor 29 exits. 
I0312 07:15:56.871035 216720 AriaExecutor.h:103] AriaExecutor 19 exits. 
I0312 07:15:56.871016 216718 AriaExecutor.h:103] AriaExecutor 17 exits. 
I0312 07:15:56.871037 216725 AriaExecutor.h:103] AriaExecutor 24 exits. 
I0312 07:15:56.871017 216726 AriaExecutor.h:103] AriaExecutor 25 exits. 
I0312 07:15:56.871012 216701 AriaExecutor.h:103] AriaExecutor 0 exits. 
I0312 07:15:56.871018 216716 AriaExecutor.h:103] AriaExecutor 15 exits. 
I0312 07:15:56.871551 216665 AriaExecutor.h:649] Worker 1 latency: 5614 us (50%) 5756 us (75%) 5900 us (95%) 6005 us (99%).
I0312 07:15:56.872484 216665 AriaExecutor.h:649] Worker 2 latency: 5610 us (50%) 5754 us (75%) 5899 us (95%) 6000 us (99%).
I0312 07:15:56.873406 216665 AriaExecutor.h:649] Worker 3 latency: 5609 us (50%) 5755 us (75%) 5898 us (95%) 6000 us (99%).
I0312 07:15:56.874308 216665 AriaExecutor.h:649] Worker 4 latency: 5610 us (50%) 5754 us (75%) 5898 us (95%) 5998 us (99%).
I0312 07:15:56.875233 216665 AriaExecutor.h:649] Worker 5 latency: 5607 us (50%) 5752 us (75%) 5898 us (95%) 6005 us (99%).
I0312 07:15:56.876149 216665 AriaExecutor.h:649] Worker 6 latency: 5609 us (50%) 5752 us (75%) 5897 us (95%) 5998 us (99%).
I0312 07:15:56.877056 216665 AriaExecutor.h:649] Worker 7 latency: 5611 us (50%) 5754 us (75%) 5897 us (95%) 5997 us (99%).
I0312 07:15:56.877925 216665 AriaExecutor.h:649] Worker 8 latency: 5606 us (50%) 5751 us (75%) 5897 us (95%) 5991 us (99%).
I0312 07:15:56.878782 216665 AriaExecutor.h:649] Worker 9 latency: 5598 us (50%) 5749 us (75%) 5895 us (95%) 5995 us (99%).
I0312 07:15:56.879657 216665 AriaExecutor.h:649] Worker 10 latency: 5595 us (50%) 5749 us (75%) 5895 us (95%) 5999 us (99%).
I0312 07:15:56.880527 216665 AriaExecutor.h:649] Worker 11 latency: 5597 us (50%) 5747 us (75%) 5893 us (95%) 5994 us (99%).
I0312 07:15:56.881381 216665 AriaExecutor.h:649] Worker 12 latency: 5592 us (50%) 5744 us (75%) 5894 us (95%) 5994 us (99%).
I0312 07:15:56.882242 216665 AriaExecutor.h:649] Worker 13 latency: 5589 us (50%) 5745 us (75%) 5894 us (95%) 5991 us (99%).
I0312 07:15:56.883064 216665 AriaExecutor.h:649] Worker 14 latency: 5587 us (50%) 5746 us (75%) 5893 us (95%) 5986 us (99%).
I0312 07:15:56.883958 216665 AriaExecutor.h:649] Worker 15 latency: 5589 us (50%) 5745 us (75%) 5895 us (95%) 5995 us (99%).
I0312 07:15:56.884855 216665 AriaExecutor.h:649] Worker 16 latency: 5590 us (50%) 5743 us (75%) 5892 us (95%) 5993 us (99%).
I0312 07:15:56.885743 216665 AriaExecutor.h:649] Worker 17 latency: 5585 us (50%) 5742 us (75%) 5892 us (95%) 5995 us (99%).
I0312 07:15:56.886665 216665 AriaExecutor.h:649] Worker 18 latency: 5586 us (50%) 5742 us (75%) 5891 us (95%) 5988 us (99%).
I0312 07:15:56.887532 216665 AriaExecutor.h:649] Worker 19 latency: 5579 us (50%) 5739 us (75%) 5888 us (95%) 5984 us (99%).
I0312 07:15:56.888399 216665 AriaExecutor.h:649] Worker 20 latency: 5579 us (50%) 5742 us (75%) 5890 us (95%) 5988 us (99%).
I0312 07:15:56.889254 216665 AriaExecutor.h:649] Worker 21 latency: 5578 us (50%) 5740 us (75%) 5888 us (95%) 5986 us (99%).
I0312 07:15:56.890115 216665 AriaExecutor.h:649] Worker 22 latency: 5571 us (50%) 5733 us (75%) 5883 us (95%) 5975 us (99%).
I0312 07:15:56.890969 216665 AriaExecutor.h:649] Worker 23 latency: 5578 us (50%) 5737 us (75%) 5890 us (95%) 5991 us (99%).
I0312 07:15:56.891804 216665 AriaExecutor.h:649] Worker 24 latency: 5570 us (50%) 5734 us (75%) 5887 us (95%) 5984 us (99%).
I0312 07:15:56.892659 216665 AriaExecutor.h:649] Worker 25 latency: 5566 us (50%) 5732 us (75%) 5883 us (95%) 5985 us (99%).
I0312 07:15:56.893484 216665 AriaExecutor.h:649] Worker 26 latency: 5563 us (50%) 5731 us (75%) 5883 us (95%) 5988 us (99%).
I0312 07:15:56.894318 216665 AriaExecutor.h:649] Worker 27 latency: 5561 us (50%) 5729 us (75%) 5885 us (95%) 5980 us (99%).
I0312 07:15:56.895139 216665 AriaExecutor.h:649] Worker 28 latency: 5564 us (50%) 5730 us (75%) 5886 us (95%) 5986 us (99%).
I0312 07:15:56.895949 216665 AriaExecutor.h:649] Worker 29 latency: 5544 us (50%) 5725 us (75%) 5882 us (95%) 5981 us (99%).
I0312 07:15:56.896771 216665 AriaExecutor.h:649] Worker 30 latency: 5551 us (50%) 5727 us (75%) 5882 us (95%) 5986 us (99%).
I0312 07:15:56.897519 216665 AriaExecutor.h:649] Worker 31 latency: 5554 us (50%) 5728 us (75%) 5884 us (95%) 5979 us (99%).
I0312 07:15:56.898253 216665 Coordinator.h:177] total commit: 17939.2
I0312 07:15:57.898460 216665 Coordinator.h:192] Coordinator exits.
