I0312 02:35:20.968262 154245 Database.h:65] ycsb initialization finished in 178 milliseconds.
I0312 02:35:20.968494 154245 Coordinator.h:30] Coordinator initializes 8 workers.
I0312 02:35:21.006336 154245 Coordinator.h:77] Coordinator starts to run 9 workers.
I0312 02:35:21.006428 154257 AriaExecutor.h:82] AriaExecutor 0 started. 
I0312 02:35:21.006474 154258 AriaExecutor.h:82] AriaExecutor 1 started. 
I0312 02:35:21.006567 154259 AriaExecutor.h:82] AriaExecutor 2 started. 
I0312 02:35:21.006644 154260 AriaExecutor.h:82] AriaExecutor 3 started. 
I0312 02:35:21.006711 154261 AriaExecutor.h:82] AriaExecutor 4 started. 
I0312 02:35:21.006791 154262 AriaExecutor.h:82] AriaExecutor 5 started. 
I0312 02:35:21.006851 154263 AriaExecutor.h:82] AriaExecutor 6 started. 
I0312 02:35:21.006940 154264 AriaExecutor.h:82] AriaExecutor 7 started. 
I0312 02:35:21.007035 154265 Manager.h:224] Manager(worker id = 8) on the coordinator node started.
I0312 02:35:22.007086 154245 Coordinator.h:126] commit: 186668 abort: 164564 (0/164564/0), network size: 0, avg network size: 0, si_in_serializable: 0 0 %, local: 0 %
I0312 02:35:23.007241 154245 Coordinator.h:126] commit: 188201 abort: 166103 (0/166103/0), network size: 0, avg network size: 0, si_in_serializable: 0 0 %, local: 0 %
I0312 02:35:24.007426 154245 Coordinator.h:126] commit: 189280 abort: 167072 (0/167072/0), network size: 0, avg network size: 0, si_in_serializable: 0 0 %, local: 0 %
I0312 02:35:25.007587 154245 Coordinator.h:126] commit: 189867 abort: 167509 (0/167509/0), network size: 0, avg network size: 0, si_in_serializable: 0 0 %, local: 0 %
I0312 02:35:26.007720 154245 Coordinator.h:126] commit: 189964 abort: 167412 (0/167412/0), network size: 0, avg network size: 0, si_in_serializable: 0 0 %, local: 0 %
I0312 02:35:27.007853 154245 Coordinator.h:126] commit: 186889 abort: 165367 (0/165367/0), network size: 0, avg network size: 0, si_in_serializable: 0 0 %, local: 0 %
I0312 02:35:28.007990 154245 Coordinator.h:126] commit: 189783 abort: 167593 (0/167593/0), network size: 0, avg network size: 0, si_in_serializable: 0 0 %, local: 0 %
I0312 02:35:29.008191 154245 Coordinator.h:126] commit: 190735 abort: 166802 (0/166802/0), network size: 0, avg network size: 0, si_in_serializable: 0 0 %, local: 0 %
I0312 02:35:30.008345 154245 Coordinator.h:126] commit: 188853 abort: 166310 (0/166310/0), network size: 0, avg network size: 0, si_in_serializable: 0 0 %, local: 0 %
I0312 02:35:31.008474 154245 Coordinator.h:126] commit: 189994 abort: 167382 (0/167382/0), network size: 0, avg network size: 0, si_in_serializable: 0 0 %, local: 0 %
I0312 02:35:32.008656 154245 Coordinator.h:126] commit: 190489 abort: 167911 (0/167911/0), network size: 0, avg network size: 0, si_in_serializable: 0 0 %, local: 0 %
I0312 02:35:33.008793 154245 Coordinator.h:126] commit: 186285 abort: 163923 (0/163923/0), network size: 0, avg network size: 0, si_in_serializable: 0 0 %, local: 0 %
I0312 02:35:34.008919 154245 Coordinator.h:126] commit: 189312 abort: 167040 (0/167040/0), network size: 0, avg network size: 0, si_in_serializable: 0 0 %, local: 0 %
I0312 02:35:35.009044 154245 Coordinator.h:126] commit: 190103 abort: 167273 (0/167273/0), network size: 0, avg network size: 0, si_in_serializable: 0 0 %, local: 0 %
I0312 02:35:36.009219 154245 Coordinator.h:126] commit: 189990 abort: 167386 (0/167386/0), network size: 0, avg network size: 0, si_in_serializable: 0 0 %, local: 0 %
I0312 02:35:37.009358 154245 Coordinator.h:126] commit: 189889 abort: 167487 (0/167487/0), network size: 0, avg network size: 0, si_in_serializable: 0 0 %, local: 0 %
I0312 02:35:38.009478 154245 Coordinator.h:126] commit: 188458 abort: 166870 (0/166870/0), network size: 0, avg network size: 0, si_in_serializable: 0 0 %, local: 0 %
I0312 02:35:39.009596 154245 Coordinator.h:126] commit: 189873 abort: 167503 (0/167503/0), network size: 0, avg network size: 0, si_in_serializable: 0 0 %, local: 0 %
I0312 02:35:40.009723 154245 Coordinator.h:126] commit: 189912 abort: 167464 (0/167464/0), network size: 0, avg network size: 0, si_in_serializable: 0 0 %, local: 0 %
I0312 02:35:41.009909 154245 Coordinator.h:126] commit: 190904 abort: 166472 (0/166472/0), network size: 0, avg network size: 0, si_in_serializable: 0 0 %, local: 0 %
I0312 02:35:42.010051 154245 Coordinator.h:126] commit: 190192 abort: 168208 (0/168208/0), network size: 0, avg network size: 0, si_in_serializable: 0 0 %, local: 0 %
I0312 02:35:43.010172 154245 Coordinator.h:126] commit: 190207 abort: 167169 (0/167169/0), network size: 0, avg network size: 0, si_in_serializable: 0 0 %, local: 0 %
I0312 02:35:44.010293 154245 Coordinator.h:126] commit: 180928 abort: 159040 (0/159040/0), network size: 0, avg network size: 0, si_in_serializable: 0 0 %, local: 0 %
I0312 02:35:45.010413 154245 Coordinator.h:126] commit: 189999 abort: 167377 (0/167377/0), network size: 0, avg network size: 0, si_in_serializable: 0 0 %, local: 0 %
I0312 02:35:46.010537 154245 Coordinator.h:126] commit: 190742 abort: 166634 (0/166634/0), network size: 0, avg network size: 0, si_in_serializable: 0 0 %, local: 0 %
I0312 02:35:46.010586 154245 Coordinator.h:152] average commit: 189522 abort: 166933 (0/166933/0), network size: 0, avg network size: 0, si_in_serializable: 0 0 %, local: 0 %
I0312 02:35:46.011782 154263 AriaExecutor.h:94] AriaExecutor 6 exits. 
I0312 02:35:46.011783 154265 Manager.h:227] Manager(worker id = 8) on the coordinator node exits.
I0312 02:35:46.011783 154261 AriaExecutor.h:94] AriaExecutor 4 exits. 
I0312 02:35:46.011783 154259 AriaExecutor.h:94] AriaExecutor 2 exits. 
I0312 02:35:46.011783 154264 AriaExecutor.h:94] AriaExecutor 7 exits. 
I0312 02:35:46.011783 154257 AriaExecutor.h:94] AriaExecutor 0 exits. 
I0312 02:35:46.011785 154258 AriaExecutor.h:94] AriaExecutor 1 exits. 
I0312 02:35:46.011783 154262 AriaExecutor.h:94] AriaExecutor 5 exits. 
I0312 02:35:46.011783 154260 AriaExecutor.h:94] AriaExecutor 3 exits. 
I0312 02:35:46.010630 154245 AriaExecutor.h:535] Worker 0 latency: 1856 us (50%) 2411 us (75%) 2778 us (95%) 2838 us (99%).
I0312 02:35:46.054551 154245 AriaExecutor.h:535] Worker 1 latency: 1860 us (50%) 2412 us (75%) 2778 us (95%) 2838 us (99%).
I0312 02:35:46.083479 154245 AriaExecutor.h:535] Worker 2 latency: 1856 us (50%) 2411 us (75%) 2777 us (95%) 2837 us (99%).
I0312 02:35:46.112526 154245 AriaExecutor.h:535] Worker 3 latency: 1859 us (50%) 2412 us (75%) 2777 us (95%) 2837 us (99%).
I0312 02:35:46.141687 154245 AriaExecutor.h:535] Worker 4 latency: 1856 us (50%) 2409 us (75%) 2776 us (95%) 2837 us (99%).
I0312 02:35:46.169148 154245 AriaExecutor.h:535] Worker 5 latency: 1852 us (50%) 2407 us (75%) 2776 us (95%) 2837 us (99%).
I0312 02:35:46.198565 154245 AriaExecutor.h:535] Worker 6 latency: 1851 us (50%) 2406 us (75%) 2775 us (95%) 2837 us (99%).
I0312 02:35:46.226081 154245 AriaExecutor.h:535] Worker 7 latency: 1852 us (50%) 2405 us (75%) 2774 us (95%) 2836 us (99%).
I0312 02:35:46.253119 154245 Coordinator.h:177] total commit: 189522
I0312 02:35:47.253312 154245 Coordinator.h:192] Coordinator exits.
