I0312 07:58:51.776975 228804 Database.h:65] ycsb initialization finished in 101 milliseconds.
I0312 07:58:51.777202 228804 Coordinator.h:30] Coordinator initializes 48 workers.
I0312 07:58:51.838076 228804 Coordinator.h:77] Coordinator starts to run 49 workers.
I0312 07:58:51.838193 228856 AriaExecutor.h:91] AriaExecutor 0 started. 
I0312 07:58:51.838228 228857 AriaExecutor.h:91] AriaExecutor 1 started. 
I0312 07:58:51.838304 228858 AriaExecutor.h:91] AriaExecutor 2 started. 
I0312 07:58:51.838501 228859 AriaExecutor.h:91] AriaExecutor 3 started. 
I0312 07:58:51.838693 228860 AriaExecutor.h:91] AriaExecutor 4 started. 
I0312 07:58:51.838888 228861 AriaExecutor.h:91] AriaExecutor 5 started. 
I0312 07:58:51.839061 228862 AriaExecutor.h:91] AriaExecutor 6 started. 
I0312 07:58:51.839242 228863 AriaExecutor.h:91] AriaExecutor 7 started. 
I0312 07:58:51.839411 228864 AriaExecutor.h:91] AriaExecutor 8 started. 
I0312 07:58:51.839569 228865 AriaExecutor.h:91] AriaExecutor 9 started. 
I0312 07:58:51.839721 228866 AriaExecutor.h:91] AriaExecutor 10 started. 
I0312 07:58:51.839896 228867 AriaExecutor.h:91] AriaExecutor 11 started. 
I0312 07:58:51.840044 228868 AriaExecutor.h:91] AriaExecutor 12 started. 
I0312 07:58:51.840198 228869 AriaExecutor.h:91] AriaExecutor 13 started. 
I0312 07:58:51.840390 228870 AriaExecutor.h:91] AriaExecutor 14 started. 
I0312 07:58:51.840557 228871 AriaExecutor.h:91] AriaExecutor 15 started. 
I0312 07:58:51.840761 228872 AriaExecutor.h:91] AriaExecutor 16 started. 
I0312 07:58:51.840956 228873 AriaExecutor.h:91] AriaExecutor 17 started. 
I0312 07:58:51.841136 228874 AriaExecutor.h:91] AriaExecutor 18 started. 
I0312 07:58:51.841321 228875 AriaExecutor.h:91] AriaExecutor 19 started. 
I0312 07:58:51.841508 228876 AriaExecutor.h:91] AriaExecutor 20 started. 
I0312 07:58:51.841678 228877 AriaExecutor.h:91] AriaExecutor 21 started. 
I0312 07:58:51.841853 228878 AriaExecutor.h:91] AriaExecutor 22 started. 
I0312 07:58:51.842056 228879 AriaExecutor.h:91] AriaExecutor 23 started. 
I0312 07:58:51.842221 228880 AriaExecutor.h:91] AriaExecutor 24 started. 
I0312 07:58:51.842410 228881 AriaExecutor.h:91] AriaExecutor 25 started. 
I0312 07:58:51.842592 228882 AriaExecutor.h:91] AriaExecutor 26 started. 
I0312 07:58:51.842743 228883 AriaExecutor.h:91] AriaExecutor 27 started. 
I0312 07:58:51.842904 228884 AriaExecutor.h:91] AriaExecutor 28 started. 
I0312 07:58:51.843061 228885 AriaExecutor.h:91] AriaExecutor 29 started. 
I0312 07:58:51.843258 228886 AriaExecutor.h:91] AriaExecutor 30 started. 
I0312 07:58:51.843474 228887 AriaExecutor.h:91] AriaExecutor 31 started. 
I0312 07:58:51.843698 228888 AriaExecutor.h:91] AriaExecutor 32 started. 
I0312 07:58:51.843892 228889 AriaExecutor.h:91] AriaExecutor 33 started. 
I0312 07:58:51.844084 228890 AriaExecutor.h:91] AriaExecutor 34 started. 
I0312 07:58:51.844318 228891 AriaExecutor.h:91] AriaExecutor 35 started. 
I0312 07:58:51.844518 228892 AriaExecutor.h:91] AriaExecutor 36 started. 
I0312 07:58:51.844717 228893 AriaExecutor.h:91] AriaExecutor 37 started. 
I0312 07:58:51.844919 228894 AriaExecutor.h:91] AriaExecutor 38 started. 
I0312 07:58:51.845105 228895 AriaExecutor.h:91] AriaExecutor 39 started. 
I0312 07:58:51.845304 228896 AriaExecutor.h:91] AriaExecutor 40 started. 
I0312 07:58:51.845499 228897 AriaExecutor.h:91] AriaExecutor 41 started. 
I0312 07:58:51.845696 228898 AriaExecutor.h:91] AriaExecutor 42 started. 
I0312 07:58:51.852265 228899 AriaExecutor.h:91] AriaExecutor 43 started. 
I0312 07:58:51.852443 228900 AriaExecutor.h:91] AriaExecutor 44 started. 
I0312 07:58:51.852583 228901 AriaExecutor.h:91] AriaExecutor 45 started. 
I0312 07:58:51.852730 228902 AriaExecutor.h:91] AriaExecutor 46 started. 
I0312 07:58:51.852888 228903 AriaExecutor.h:91] AriaExecutor 47 started. 
I0312 07:58:51.855511 228904 Manager.h:224] Manager(worker id = 48) on the coordinator node started.
I0312 07:58:52.855595 228804 Coordinator.h:126] commit: 521 abort: 278007 (0/278007/0), network size: 0, avg network size: 0, si_in_serializable: 0 0 %, local: 0 %
I0312 07:58:53.855762 228804 Coordinator.h:126] commit: 549 abort: 280027 (0/280027/0), network size: 0, avg network size: 0, si_in_serializable: 0 0 %, local: 0 %
I0312 07:58:54.856010 228804 Coordinator.h:126] commit: 526 abort: 280050 (0/280050/0), network size: 0, avg network size: 0, si_in_serializable: 0 0 %, local: 0 %
I0312 07:58:55.856195 228804 Coordinator.h:126] commit: 529 abort: 282095 (0/282095/0), network size: 0, avg network size: 0, si_in_serializable: 0 0 %, local: 0 %
I0312 07:58:56.856354 228804 Coordinator.h:126] commit: 520 abort: 280957 (0/280957/0), network size: 0, avg network size: 0, si_in_serializable: 0 0 %, local: 0 %
I0312 07:58:57.856494 228804 Coordinator.h:126] commit: 530 abort: 281192 (0/281192/0), network size: 0, avg network size: 0, si_in_serializable: 0 0 %, local: 0 %
I0312 07:58:58.856642 228804 Coordinator.h:126] commit: 553 abort: 277975 (0/277975/0), network size: 0, avg network size: 0, si_in_serializable: 0 0 %, local: 0 %
I0312 07:58:59.856827 228804 Coordinator.h:126] commit: 509 abort: 284163 (0/284163/0), network size: 0, avg network size: 0, si_in_serializable: 0 0 %, local: 0 %
I0312 07:59:00.856985 228804 Coordinator.h:126] commit: 554 abort: 284118 (0/284118/0), network size: 0, avg network size: 0, si_in_serializable: 0 0 %, local: 0 %
I0312 07:59:01.857128 228804 Coordinator.h:126] commit: 500 abort: 286220 (0/286220/0), network size: 0, avg network size: 0, si_in_serializable: 0 0 %, local: 0 %
I0312 07:59:02.857276 228804 Coordinator.h:126] commit: 500 abort: 286220 (0/286220/0), network size: 0, avg network size: 0, si_in_serializable: 0 0 %, local: 0 %
I0312 07:59:03.857417 228804 Coordinator.h:126] commit: 539 abort: 286181 (0/286181/0), network size: 0, avg network size: 0, si_in_serializable: 0 0 %, local: 0 %
I0312 07:59:04.857563 228804 Coordinator.h:126] commit: 543 abort: 286177 (0/286177/0), network size: 0, avg network size: 0, si_in_serializable: 0 0 %, local: 0 %
I0312 07:59:05.857715 228804 Coordinator.h:126] commit: 536 abort: 286184 (0/286184/0), network size: 0, avg network size: 0, si_in_serializable: 0 0 %, local: 0 %
I0312 07:59:06.857861 228804 Coordinator.h:126] commit: 492 abort: 286228 (0/286228/0), network size: 0, avg network size: 0, si_in_serializable: 0 0 %, local: 0 %
I0312 07:59:07.858006 228804 Coordinator.h:126] commit: 523 abort: 286197 (0/286197/0), network size: 0, avg network size: 0, si_in_serializable: 0 0 %, local: 0 %
I0312 07:59:08.858152 228804 Coordinator.h:126] commit: 558 abort: 286162 (0/286162/0), network size: 0, avg network size: 0, si_in_serializable: 0 0 %, local: 0 %
I0312 07:59:09.858297 228804 Coordinator.h:126] commit: 536 abort: 286184 (0/286184/0), network size: 0, avg network size: 0, si_in_serializable: 0 0 %, local: 0 %
I0312 07:59:10.858439 228804 Coordinator.h:126] commit: 535 abort: 282089 (0/282089/0), network size: 0, avg network size: 0, si_in_serializable: 0 0 %, local: 0 %
I0312 07:59:11.858631 228804 Coordinator.h:126] commit: 564 abort: 286156 (0/286156/0), network size: 0, avg network size: 0, si_in_serializable: 0 0 %, local: 0 %
I0312 07:59:12.858790 228804 Coordinator.h:126] commit: 529 abort: 286191 (0/286191/0), network size: 0, avg network size: 0, si_in_serializable: 0 0 %, local: 0 %
I0312 07:59:13.858939 228804 Coordinator.h:126] commit: 547 abort: 286173 (0/286173/0), network size: 0, avg network size: 0, si_in_serializable: 0 0 %, local: 0 %
I0312 07:59:14.859091 228804 Coordinator.h:126] commit: 556 abort: 288212 (0/288212/0), network size: 0, avg network size: 0, si_in_serializable: 0 0 %, local: 0 %
I0312 07:59:15.859246 228804 Coordinator.h:126] commit: 577 abort: 286143 (0/286143/0), network size: 0, avg network size: 0, si_in_serializable: 0 0 %, local: 0 %
I0312 07:59:16.859401 228804 Coordinator.h:126] commit: 533 abort: 286187 (0/286187/0), network size: 0, avg network size: 0, si_in_serializable: 0 0 %, local: 0 %
I0312 07:59:16.859457 228804 Coordinator.h:152] average commit: 532.6 abort: 285778 (0/285778/0), network size: 0, avg network size: 0, si_in_serializable: 0 0 %, local: 0 %
I0312 07:59:16.859472 228804 AriaExecutor.h:649] Worker 0 latency: 7126 us (50%) 7204 us (75%) 7324 us (95%) 7423 us (99%).
I0312 07:59:16.865700 228865 AriaExecutor.h:103] AriaExecutor 9 exits. 
I0312 07:59:16.865713 228878 AriaExecutor.h:103] AriaExecutor 22 exits. 
I0312 07:59:16.865710 228903 AriaExecutor.h:103] AriaExecutor 47 exits. 
I0312 07:59:16.865711 228881 AriaExecutor.h:103] AriaExecutor 25 exits. 
I0312 07:59:16.865717 228879 AriaExecutor.h:103] AriaExecutor 23 exits. 
I0312 07:59:16.865713 228877 AriaExecutor.h:103] AriaExecutor 21 exits. 
I0312 07:59:16.865718 228875 AriaExecutor.h:103] AriaExecutor 19 exits. 
I0312 07:59:16.865728 228871 AriaExecutor.h:103] AriaExecutor 15 exits. 
I0312 07:59:16.865726 228892 AriaExecutor.h:103] AriaExecutor 36 exits. 
I0312 07:59:16.865752 228888 AriaExecutor.h:103] AriaExecutor 32 exits. 
I0312 07:59:16.865727 228893 AriaExecutor.h:103] AriaExecutor 37 exits. 
I0312 07:59:16.865732 228857 AriaExecutor.h:103] AriaExecutor 1 exits. 
I0312 07:59:16.865764 228870 AriaExecutor.h:103] AriaExecutor 14 exits. 
I0312 07:59:16.865700 228868 AriaExecutor.h:103] AriaExecutor 12 exits. 
I0312 07:59:16.865700 228866 AriaExecutor.h:103] AriaExecutor 10 exits. 
I0312 07:59:16.865700 228861 AriaExecutor.h:103] AriaExecutor 5 exits. 
I0312 07:59:16.865773 228883 AriaExecutor.h:103] AriaExecutor 27 exits. 
I0312 07:59:16.865754 228886 AriaExecutor.h:103] AriaExecutor 30 exits. 
I0312 07:59:16.865700 228869 AriaExecutor.h:103] AriaExecutor 13 exits. 
I0312 07:59:16.865702 228901 AriaExecutor.h:103] AriaExecutor 45 exits. 
I0312 07:59:16.865700 228858 AriaExecutor.h:103] AriaExecutor 2 exits. 
I0312 07:59:16.865700 228856 AriaExecutor.h:103] AriaExecutor 0 exits. 
I0312 07:59:16.865705 228904 Manager.h:227] Manager(worker id = 48) on the coordinator node exits.
I0312 07:59:16.865715 228876 AriaExecutor.h:103] AriaExecutor 20 exits. 
I0312 07:59:16.865715 228884 AriaExecutor.h:103] AriaExecutor 28 exits. 
I0312 07:59:16.865720 228880 AriaExecutor.h:103] AriaExecutor 24 exits. 
I0312 07:59:16.865703 228900 AriaExecutor.h:103] AriaExecutor 44 exits. 
I0312 07:59:16.865712 228874 AriaExecutor.h:103] AriaExecutor 18 exits. 
I0312 07:59:16.865726 228872 AriaExecutor.h:103] AriaExecutor 16 exits. 
I0312 07:59:16.865726 228897 AriaExecutor.h:103] AriaExecutor 41 exits. 
I0312 07:59:16.865727 228898 AriaExecutor.h:103] AriaExecutor 42 exits. 
I0312 07:59:16.865700 228860 AriaExecutor.h:103] AriaExecutor 4 exits. 
I0312 07:59:16.865700 228862 AriaExecutor.h:103] AriaExecutor 6 exits. 
I0312 07:59:16.865727 228873 AriaExecutor.h:103] AriaExecutor 17 exits. 
I0312 07:59:16.865754 228889 AriaExecutor.h:103] AriaExecutor 33 exits. 
I0312 07:59:16.865700 228864 AriaExecutor.h:103] AriaExecutor 8 exits. 
I0312 07:59:16.865700 228895 AriaExecutor.h:103] AriaExecutor 39 exits. 
I0312 07:59:16.865700 228863 AriaExecutor.h:103] AriaExecutor 7 exits. 
I0312 07:59:16.865733 228885 AriaExecutor.h:103] AriaExecutor 29 exits. 
I0312 07:59:16.865743 228902 AriaExecutor.h:103] AriaExecutor 46 exits. 
I0312 07:59:16.865700 228859 AriaExecutor.h:103] AriaExecutor 3 exits. 
I0312 07:59:16.865700 228899 AriaExecutor.h:103] AriaExecutor 43 exits. 
I0312 07:59:16.865770 228882 AriaExecutor.h:103] AriaExecutor 26 exits. 
I0312 07:59:16.865702 228896 AriaExecutor.h:103] AriaExecutor 40 exits. 
I0312 07:59:16.865700 228867 AriaExecutor.h:103] AriaExecutor 11 exits. 
I0312 07:59:16.865701 228887 AriaExecutor.h:103] AriaExecutor 31 exits. 
I0312 07:59:16.865700 228890 AriaExecutor.h:103] AriaExecutor 34 exits. 
I0312 07:59:16.865702 228894 AriaExecutor.h:103] AriaExecutor 38 exits. 
I0312 07:59:16.865727 228891 AriaExecutor.h:103] AriaExecutor 35 exits. 
I0312 07:59:16.866315 228804 AriaExecutor.h:649] Worker 1 latency: 7123 us (50%) 7201 us (75%) 7325 us (95%) 7394 us (99%).
I0312 07:59:16.866925 228804 AriaExecutor.h:649] Worker 2 latency: 7114 us (50%) 7196 us (75%) 7327 us (95%) 7425 us (99%).
I0312 07:59:16.866974 228804 AriaExecutor.h:649] Worker 3 latency: 7109 us (50%) 7174 us (75%) 7315 us (95%) 7391 us (99%).
I0312 07:59:16.867005 228804 AriaExecutor.h:649] Worker 4 latency: 7110 us (50%) 7188 us (75%) 7317 us (95%) 7424 us (99%).
I0312 07:59:16.867072 228804 AriaExecutor.h:649] Worker 5 latency: 7092 us (50%) 7188 us (75%) 7308 us (95%) 7522 us (99%).
I0312 07:59:16.867113 228804 AriaExecutor.h:649] Worker 6 latency: 7116 us (50%) 7199 us (75%) 7321 us (95%) 7390 us (99%).
I0312 07:59:16.867151 228804 AriaExecutor.h:649] Worker 7 latency: 7106 us (50%) 7192 us (75%) 7312 us (95%) 7374 us (99%).
I0312 07:59:16.867188 228804 AriaExecutor.h:649] Worker 8 latency: 7096 us (50%) 7183 us (75%) 7305 us (95%) 7421 us (99%).
I0312 07:59:16.867223 228804 AriaExecutor.h:649] Worker 9 latency: 7075 us (50%) 7168 us (75%) 7322 us (95%) 7386 us (99%).
I0312 07:59:16.867254 228804 AriaExecutor.h:649] Worker 10 latency: 7091 us (50%) 7182 us (75%) 7318 us (95%) 7395 us (99%).
I0312 07:59:16.867285 228804 AriaExecutor.h:649] Worker 11 latency: 7093 us (50%) 7187 us (75%) 7306 us (95%) 7423 us (99%).
I0312 07:59:16.867313 228804 AriaExecutor.h:649] Worker 12 latency: 7079 us (50%) 7155 us (75%) 7301 us (95%) 7365 us (99%).
I0312 07:59:16.867344 228804 AriaExecutor.h:649] Worker 13 latency: 7069 us (50%) 7144 us (75%) 7293 us (95%) 7346 us (99%).
I0312 07:59:16.867374 228804 AriaExecutor.h:649] Worker 14 latency: 7082 us (50%) 7172 us (75%) 7293 us (95%) 7371 us (99%).
I0312 07:59:16.867403 228804 AriaExecutor.h:649] Worker 15 latency: 7066 us (50%) 7169 us (75%) 7286 us (95%) 7348 us (99%).
I0312 07:59:16.867430 228804 AriaExecutor.h:649] Worker 16 latency: 7042 us (50%) 7147 us (75%) 7260 us (95%) 7349 us (99%).
I0312 07:59:16.867460 228804 AriaExecutor.h:649] Worker 17 latency: 7046 us (50%) 7150 us (75%) 7287 us (95%) 7380 us (99%).
I0312 07:59:16.867486 228804 AriaExecutor.h:649] Worker 18 latency: 7056 us (50%) 7146 us (75%) 7354 us (95%) 9457 us (99%).
I0312 07:59:16.867511 228804 AriaExecutor.h:649] Worker 19 latency: 7064 us (50%) 7167 us (75%) 7270 us (95%) 7394 us (99%).
I0312 07:59:16.867535 228804 AriaExecutor.h:649] Worker 20 latency: 7063 us (50%) 7161 us (75%) 7253 us (95%) 7386 us (99%).
I0312 07:59:16.867559 228804 AriaExecutor.h:649] Worker 21 latency: 7064 us (50%) 7163 us (75%) 7297 us (95%) 7470 us (99%).
I0312 07:59:16.867585 228804 AriaExecutor.h:649] Worker 22 latency: 7077 us (50%) 7161 us (75%) 7284 us (95%) 8039 us (99%).
I0312 07:59:16.867612 228804 AriaExecutor.h:649] Worker 23 latency: 7014 us (50%) 7154 us (75%) 7275 us (95%) 7366 us (99%).
I0312 07:59:16.867636 228804 AriaExecutor.h:649] Worker 24 latency: 7072 us (50%) 7156 us (75%) 7277 us (95%) 7394 us (99%).
I0312 07:59:16.867662 228804 AriaExecutor.h:649] Worker 25 latency: 7040 us (50%) 7151 us (75%) 7247 us (95%) 7311 us (99%).
I0312 07:59:16.867686 228804 AriaExecutor.h:649] Worker 26 latency: 7058 us (50%) 7137 us (75%) 7260 us (95%) 7352 us (99%).
I0312 07:59:16.867712 228804 AriaExecutor.h:649] Worker 27 latency: 7053 us (50%) 7178 us (75%) 7262 us (95%) 7336 us (99%).
I0312 07:59:16.867735 228804 AriaExecutor.h:649] Worker 28 latency: 7048 us (50%) 7154 us (75%) 7288 us (95%) 7428 us (99%).
I0312 07:59:16.867760 228804 AriaExecutor.h:649] Worker 29 latency: 7073 us (50%) 7172 us (75%) 7291 us (95%) 7351 us (99%).
I0312 07:59:16.867784 228804 AriaExecutor.h:649] Worker 30 latency: 7075 us (50%) 7173 us (75%) 7248 us (95%) 7312 us (99%).
I0312 07:59:16.867810 228804 AriaExecutor.h:649] Worker 31 latency: 7056 us (50%) 7148 us (75%) 7317 us (95%) 7392 us (99%).
I0312 07:59:16.867835 228804 AriaExecutor.h:649] Worker 32 latency: 7058 us (50%) 7158 us (75%) 7274 us (95%) 7328 us (99%).
I0312 07:59:16.867858 228804 AriaExecutor.h:649] Worker 33 latency: 7052 us (50%) 7143 us (75%) 7271 us (95%) 7318 us (99%).
I0312 07:59:16.867882 228804 AriaExecutor.h:649] Worker 34 latency: 7027 us (50%) 7106 us (75%) 7246 us (95%) 7341 us (99%).
I0312 07:59:16.867908 228804 AriaExecutor.h:649] Worker 35 latency: 7042 us (50%) 7136 us (75%) 7250 us (95%) 7394 us (99%).
I0312 07:59:16.867933 228804 AriaExecutor.h:649] Worker 36 latency: 7038 us (50%) 7134 us (75%) 7242 us (95%) 7324 us (99%).
I0312 07:59:16.867957 228804 AriaExecutor.h:649] Worker 37 latency: 7032 us (50%) 7131 us (75%) 7250 us (95%) 7376 us (99%).
I0312 07:59:16.867982 228804 AriaExecutor.h:649] Worker 38 latency: 6995 us (50%) 7120 us (75%) 7289 us (95%) 7327 us (99%).
I0312 07:59:16.868007 228804 AriaExecutor.h:649] Worker 39 latency: 6998 us (50%) 7140 us (75%) 7286 us (95%) 7364 us (99%).
I0312 07:59:16.868033 228804 AriaExecutor.h:649] Worker 40 latency: 7040 us (50%) 7171 us (75%) 7284 us (95%) 7406 us (99%).
I0312 07:59:16.868057 228804 AriaExecutor.h:649] Worker 41 latency: 7013 us (50%) 7121 us (75%) 7298 us (95%) 13182 us (99%).
I0312 07:59:16.868083 228804 AriaExecutor.h:649] Worker 42 latency: 7017 us (50%) 7125 us (75%) 7261 us (95%) 7342 us (99%).
I0312 07:59:16.868108 228804 AriaExecutor.h:649] Worker 43 latency: 7025 us (50%) 7136 us (75%) 7294 us (95%) 7333 us (99%).
I0312 07:59:16.868132 228804 AriaExecutor.h:649] Worker 44 latency: 7060 us (50%) 7158 us (75%) 7293 us (95%) 7393 us (99%).
I0312 07:59:16.868160 228804 AriaExecutor.h:649] Worker 45 latency: 7041 us (50%) 7112 us (75%) 7271 us (95%) 7340 us (99%).
I0312 07:59:16.868184 228804 AriaExecutor.h:649] Worker 46 latency: 7054 us (50%) 7161 us (75%) 7280 us (95%) 7394 us (99%).
I0312 07:59:16.868207 228804 AriaExecutor.h:649] Worker 47 latency: 7043 us (50%) 7141 us (75%) 7247 us (95%) 7405 us (99%).
I0312 07:59:16.868255 228804 Coordinator.h:177] total commit: 532.6
I0312 07:59:17.868482 228804 Coordinator.h:192] Coordinator exits.
