I0312 02:58:29.195731 157263 Database.h:65] ycsb initialization finished in 98 milliseconds.
I0312 02:58:29.195884 157263 Coordinator.h:30] Coordinator initializes 16 workers.
I0312 02:58:29.248500 157263 Coordinator.h:77] Coordinator starts to run 17 workers.
I0312 02:58:29.248589 157283 AriaExecutor.h:82] AriaExecutor 0 started. 
I0312 02:58:29.248646 157284 AriaExecutor.h:82] AriaExecutor 1 started. 
I0312 02:58:29.248718 157285 AriaExecutor.h:82] AriaExecutor 2 started. 
I0312 02:58:29.248795 157286 AriaExecutor.h:82] AriaExecutor 3 started. 
I0312 02:58:29.248875 157287 AriaExecutor.h:82] AriaExecutor 4 started. 
I0312 02:58:29.248960 157288 AriaExecutor.h:82] AriaExecutor 5 started. 
I0312 02:58:29.249045 157289 AriaExecutor.h:82] AriaExecutor 6 started. 
I0312 02:58:29.249127 157290 AriaExecutor.h:82] AriaExecutor 7 started. 
I0312 02:58:29.249212 157291 AriaExecutor.h:82] AriaExecutor 8 started. 
I0312 02:58:29.249280 157292 AriaExecutor.h:82] AriaExecutor 9 started. 
I0312 02:58:29.249334 157293 AriaExecutor.h:82] AriaExecutor 10 started. 
I0312 02:58:29.249439 157294 AriaExecutor.h:82] AriaExecutor 11 started. 
I0312 02:58:29.249527 157295 AriaExecutor.h:82] AriaExecutor 12 started. 
I0312 02:58:29.249629 157296 AriaExecutor.h:82] AriaExecutor 13 started. 
I0312 02:58:29.249734 157297 AriaExecutor.h:82] AriaExecutor 14 started. 
I0312 02:58:29.249862 157298 AriaExecutor.h:82] AriaExecutor 15 started. 
I0312 02:58:29.249979 157299 Manager.h:224] Manager(worker id = 16) on the coordinator node started.
I0312 02:58:30.250038 157263 Coordinator.h:126] commit: 4490 abort: 130678 (0/130678/0), network size: 0, avg network size: 0, si_in_serializable: 0 0 %, local: 0 %
I0312 02:58:31.250206 157263 Coordinator.h:126] commit: 4647 abort: 134617 (0/134617/0), network size: 0, avg network size: 0, si_in_serializable: 0 0 %, local: 0 %
I0312 02:58:32.250382 157263 Coordinator.h:126] commit: 4707 abort: 134557 (0/134557/0), network size: 0, avg network size: 0, si_in_serializable: 0 0 %, local: 0 %
I0312 02:58:33.250530 157263 Coordinator.h:126] commit: 4733 abort: 136579 (0/136579/0), network size: 0, avg network size: 0, si_in_serializable: 0 0 %, local: 0 %
I0312 02:58:34.250661 157263 Coordinator.h:126] commit: 4688 abort: 134576 (0/134576/0), network size: 0, avg network size: 0, si_in_serializable: 0 0 %, local: 0 %
I0312 02:58:35.250797 157263 Coordinator.h:126] commit: 4709 abort: 134555 (0/134555/0), network size: 0, avg network size: 0, si_in_serializable: 0 0 %, local: 0 %
I0312 02:58:36.250931 157263 Coordinator.h:126] commit: 4638 abort: 134628 (0/134628/0), network size: 0, avg network size: 0, si_in_serializable: 0 0 %, local: 0 %
I0312 02:58:37.251101 157263 Coordinator.h:126] commit: 4795 abort: 136515 (0/136515/0), network size: 0, avg network size: 0, si_in_serializable: 0 0 %, local: 0 %
I0312 02:58:38.251240 157263 Coordinator.h:126] commit: 4716 abort: 134548 (0/134548/0), network size: 0, avg network size: 0, si_in_serializable: 0 0 %, local: 0 %
I0312 02:58:39.251368 157263 Coordinator.h:126] commit: 4722 abort: 136590 (0/136590/0), network size: 0, avg network size: 0, si_in_serializable: 0 0 %, local: 0 %
I0312 02:58:40.251497 157263 Coordinator.h:126] commit: 4630 abort: 134634 (0/134634/0), network size: 0, avg network size: 0, si_in_serializable: 0 0 %, local: 0 %
I0312 02:58:41.251623 157263 Coordinator.h:126] commit: 4654 abort: 134610 (0/134610/0), network size: 0, avg network size: 0, si_in_serializable: 0 0 %, local: 0 %
I0312 02:58:42.251750 157263 Coordinator.h:126] commit: 4661 abort: 134603 (0/134603/0), network size: 0, avg network size: 0, si_in_serializable: 0 0 %, local: 0 %
I0312 02:58:43.251881 157263 Coordinator.h:126] commit: 4693 abort: 136619 (0/136619/0), network size: 0, avg network size: 0, si_in_serializable: 0 0 %, local: 0 %
I0312 02:58:44.252017 157263 Coordinator.h:126] commit: 4732 abort: 136580 (0/136580/0), network size: 0, avg network size: 0, si_in_serializable: 0 0 %, local: 0 %
I0312 02:58:45.252149 157263 Coordinator.h:126] commit: 4630 abort: 136682 (0/136682/0), network size: 0, avg network size: 0, si_in_serializable: 0 0 %, local: 0 %
I0312 02:58:46.252318 157263 Coordinator.h:126] commit: 4651 abort: 134613 (0/134613/0), network size: 0, avg network size: 0, si_in_serializable: 0 0 %, local: 0 %
I0312 02:58:47.252462 157263 Coordinator.h:126] commit: 4764 abort: 136548 (0/136548/0), network size: 0, avg network size: 0, si_in_serializable: 0 0 %, local: 0 %
I0312 02:58:48.252593 157263 Coordinator.h:126] commit: 4772 abort: 136540 (0/136540/0), network size: 0, avg network size: 0, si_in_serializable: 0 0 %, local: 0 %
I0312 02:58:49.252725 157263 Coordinator.h:126] commit: 4702 abort: 136610 (0/136610/0), network size: 0, avg network size: 0, si_in_serializable: 0 0 %, local: 0 %
I0312 02:58:50.252853 157263 Coordinator.h:126] commit: 4746 abort: 136566 (0/136566/0), network size: 0, avg network size: 0, si_in_serializable: 0 0 %, local: 0 %
I0312 02:58:51.252981 157263 Coordinator.h:126] commit: 4606 abort: 134658 (0/134658/0), network size: 0, avg network size: 0, si_in_serializable: 0 0 %, local: 0 %
I0312 02:58:52.253108 157263 Coordinator.h:126] commit: 4658 abort: 136654 (0/136654/0), network size: 0, avg network size: 0, si_in_serializable: 0 0 %, local: 0 %
I0312 02:58:53.253242 157263 Coordinator.h:126] commit: 4788 abort: 136524 (0/136524/0), network size: 0, avg network size: 0, si_in_serializable: 0 0 %, local: 0 %
I0312 02:58:54.253374 157263 Coordinator.h:126] commit: 4733 abort: 134531 (0/134531/0), network size: 0, avg network size: 0, si_in_serializable: 0 0 %, local: 0 %
I0312 02:58:54.253420 157263 Coordinator.h:152] average commit: 4688.9 abort: 135804 (0/135804/0), network size: 0, avg network size: 0, si_in_serializable: 0 0 %, local: 0 %
I0312 02:58:54.253435 157263 AriaExecutor.h:535] Worker 0 latency: 14326 us (50%) 14450 us (75%) 14605 us (95%) 14899 us (99%).
I0312 02:58:54.261219 157296 AriaExecutor.h:94] AriaExecutor 13 exits. 
I0312 02:58:54.261236 157298 AriaExecutor.h:94] AriaExecutor 15 exits. 
I0312 02:58:54.261255 157299 Manager.h:227] Manager(worker id = 16) on the coordinator node exits.
I0312 02:58:54.261219 157283 AriaExecutor.h:94] AriaExecutor 0 exits. 
I0312 02:58:54.261219 157294 AriaExecutor.h:94] AriaExecutor 11 exits. 
I0312 02:58:54.261219 157288 AriaExecutor.h:94] AriaExecutor 5 exits. 
I0312 02:58:54.261220 157286 AriaExecutor.h:94] AriaExecutor 3 exits. 
I0312 02:58:54.261219 157293 AriaExecutor.h:94] AriaExecutor 10 exits. 
I0312 02:58:54.261220 157284 AriaExecutor.h:94] AriaExecutor 1 exits. 
I0312 02:58:54.261222 157292 AriaExecutor.h:94] AriaExecutor 9 exits. 
I0312 02:58:54.261220 157295 AriaExecutor.h:94] AriaExecutor 12 exits. 
I0312 02:58:54.261222 157291 AriaExecutor.h:94] AriaExecutor 8 exits. 
I0312 02:58:54.261221 157289 AriaExecutor.h:94] AriaExecutor 6 exits. 
I0312 02:58:54.261221 157287 AriaExecutor.h:94] AriaExecutor 4 exits. 
I0312 02:58:54.261236 157297 AriaExecutor.h:94] AriaExecutor 14 exits. 
I0312 02:58:54.261219 157285 AriaExecutor.h:94] AriaExecutor 2 exits. 
I0312 02:58:54.261219 157290 AriaExecutor.h:94] AriaExecutor 7 exits. 
I0312 02:58:54.261430 157263 AriaExecutor.h:535] Worker 1 latency: 14324 us (50%) 14448 us (75%) 14606 us (95%) 14940 us (99%).
I0312 02:58:54.261938 157263 AriaExecutor.h:535] Worker 2 latency: 14324 us (50%) 14448 us (75%) 14608 us (95%) 14876 us (99%).
I0312 02:58:54.262372 157263 AriaExecutor.h:535] Worker 3 latency: 14323 us (50%) 14445 us (75%) 14602 us (95%) 14877 us (99%).
I0312 02:58:54.262784 157263 AriaExecutor.h:535] Worker 4 latency: 14318 us (50%) 14447 us (75%) 14599 us (95%) 14795 us (99%).
I0312 02:58:54.263245 157263 AriaExecutor.h:535] Worker 5 latency: 14321 us (50%) 14447 us (75%) 14602 us (95%) 14860 us (99%).
I0312 02:58:54.263674 157263 AriaExecutor.h:535] Worker 6 latency: 14319 us (50%) 14444 us (75%) 14600 us (95%) 14825 us (99%).
I0312 02:58:54.264083 157263 AriaExecutor.h:535] Worker 7 latency: 14316 us (50%) 14443 us (75%) 14600 us (95%) 14845 us (99%).
I0312 02:58:54.264504 157263 AriaExecutor.h:535] Worker 8 latency: 14313 us (50%) 14441 us (75%) 14597 us (95%) 14821 us (99%).
I0312 02:58:54.264906 157263 AriaExecutor.h:535] Worker 9 latency: 14312 us (50%) 14441 us (75%) 14597 us (95%) 14822 us (99%).
I0312 02:58:54.265316 157263 AriaExecutor.h:535] Worker 10 latency: 14316 us (50%) 14444 us (75%) 14597 us (95%) 14874 us (99%).
I0312 02:58:54.265708 157263 AriaExecutor.h:535] Worker 11 latency: 14306 us (50%) 14441 us (75%) 14602 us (95%) 14878 us (99%).
I0312 02:58:54.266106 157263 AriaExecutor.h:535] Worker 12 latency: 14305 us (50%) 14439 us (75%) 14595 us (95%) 14822 us (99%).
I0312 02:58:54.266496 157263 AriaExecutor.h:535] Worker 13 latency: 14306 us (50%) 14436 us (75%) 14589 us (95%) 14868 us (99%).
I0312 02:58:54.266870 157263 AriaExecutor.h:535] Worker 14 latency: 14301 us (50%) 14441 us (75%) 14607 us (95%) 14814 us (99%).
I0312 02:58:54.267293 157263 AriaExecutor.h:535] Worker 15 latency: 14303 us (50%) 14442 us (75%) 14602 us (95%) 14817 us (99%).
I0312 02:58:54.267710 157263 Coordinator.h:177] total commit: 4688.9
I0312 02:58:55.267899 157263 Coordinator.h:192] Coordinator exits.
