I0312 04:34:13.416718 184223 Database.h:65] ycsb initialization finished in 977 milliseconds.
I0312 04:34:13.416917 184223 Coordinator.h:30] Coordinator initializes 1 workers.
I0312 04:34:13.480073 184223 Coordinator.h:77] Coordinator starts to run 2 workers.
I0312 04:34:13.480209 184228 AriaExecutor.h:91] AriaExecutor 0 started. 
I0312 04:34:13.480278 184229 Manager.h:224] Manager(worker id = 1) on the coordinator node started.
I0312 04:34:14.480305 184223 Coordinator.h:126] commit: 37862 abort: 3098 (0/3098/0), network size: 0, avg network size: 0, si_in_serializable: 0 0 %, local: 0 %
I0312 04:34:15.480489 184223 Coordinator.h:126] commit: 37923 abort: 3037 (0/3037/0), network size: 0, avg network size: 0, si_in_serializable: 0 0 %, local: 0 %
I0312 04:34:16.480605 184223 Coordinator.h:126] commit: 37745 abort: 3215 (0/3215/0), network size: 0, avg network size: 0, si_in_serializable: 0 0 %, local: 0 %
I0312 04:34:17.480712 184223 Coordinator.h:126] commit: 39707 abort: 3301 (0/3301/0), network size: 0, avg network size: 0, si_in_serializable: 0 0 %, local: 0 %
I0312 04:34:18.480878 184223 Coordinator.h:126] commit: 37826 abort: 3134 (0/3134/0), network size: 0, avg network size: 0, si_in_serializable: 0 0 %, local: 0 %
I0312 04:34:19.480997 184223 Coordinator.h:126] commit: 37804 abort: 3156 (0/3156/0), network size: 0, avg network size: 0, si_in_serializable: 0 0 %, local: 0 %
I0312 04:34:20.481163 184223 Coordinator.h:126] commit: 37761 abort: 3199 (0/3199/0), network size: 0, avg network size: 0, si_in_serializable: 0 0 %, local: 0 %
I0312 04:34:21.481289 184223 Coordinator.h:126] commit: 39683 abort: 3325 (0/3325/0), network size: 0, avg network size: 0, si_in_serializable: 0 0 %, local: 0 %
I0312 04:34:22.481451 184223 Coordinator.h:126] commit: 35871 abort: 3041 (0/3041/0), network size: 0, avg network size: 0, si_in_serializable: 0 0 %, local: 0 %
I0312 04:34:23.481570 184223 Coordinator.h:126] commit: 39804 abort: 3204 (0/3204/0), network size: 0, avg network size: 0, si_in_serializable: 0 0 %, local: 0 %
I0312 04:34:24.481673 184223 Coordinator.h:126] commit: 39760 abort: 3248 (0/3248/0), network size: 0, avg network size: 0, si_in_serializable: 0 0 %, local: 0 %
I0312 04:34:25.481832 184223 Coordinator.h:126] commit: 37845 abort: 3115 (0/3115/0), network size: 0, avg network size: 0, si_in_serializable: 0 0 %, local: 0 %
I0312 04:34:26.481963 184223 Coordinator.h:126] commit: 37883 abort: 3077 (0/3077/0), network size: 0, avg network size: 0, si_in_serializable: 0 0 %, local: 0 %
I0312 04:34:27.482069 184223 Coordinator.h:126] commit: 39724 abort: 3284 (0/3284/0), network size: 0, avg network size: 0, si_in_serializable: 0 0 %, local: 0 %
I0312 04:34:28.482172 184223 Coordinator.h:126] commit: 37809 abort: 3151 (0/3151/0), network size: 0, avg network size: 0, si_in_serializable: 0 0 %, local: 0 %
I0312 04:34:29.482331 184223 Coordinator.h:126] commit: 37920 abort: 3040 (0/3040/0), network size: 0, avg network size: 0, si_in_serializable: 0 0 %, local: 0 %
I0312 04:34:30.482453 184223 Coordinator.h:126] commit: 39759 abort: 3249 (0/3249/0), network size: 0, avg network size: 0, si_in_serializable: 0 0 %, local: 0 %
I0312 04:34:31.482563 184223 Coordinator.h:126] commit: 39714 abort: 3294 (0/3294/0), network size: 0, avg network size: 0, si_in_serializable: 0 0 %, local: 0 %
I0312 04:34:32.482662 184223 Coordinator.h:126] commit: 38003 abort: 2957 (0/2957/0), network size: 0, avg network size: 0, si_in_serializable: 0 0 %, local: 0 %
I0312 04:34:33.482766 184223 Coordinator.h:126] commit: 39699 abort: 3309 (0/3309/0), network size: 0, avg network size: 0, si_in_serializable: 0 0 %, local: 0 %
I0312 04:34:34.482931 184223 Coordinator.h:126] commit: 37799 abort: 3161 (0/3161/0), network size: 0, avg network size: 0, si_in_serializable: 0 0 %, local: 0 %
I0312 04:34:35.483052 184223 Coordinator.h:126] commit: 39845 abort: 3163 (0/3163/0), network size: 0, avg network size: 0, si_in_serializable: 0 0 %, local: 0 %
I0312 04:34:36.483166 184223 Coordinator.h:126] commit: 37904 abort: 3056 (0/3056/0), network size: 0, avg network size: 0, si_in_serializable: 0 0 %, local: 0 %
I0312 04:34:37.483270 184223 Coordinator.h:126] commit: 39783 abort: 3225 (0/3225/0), network size: 0, avg network size: 0, si_in_serializable: 0 0 %, local: 0 %
I0312 04:34:38.483376 184223 Coordinator.h:126] commit: 39694 abort: 3314 (0/3314/0), network size: 0, avg network size: 0, si_in_serializable: 0 0 %, local: 0 %
I0312 04:34:38.483412 184223 Coordinator.h:152] average commit: 38811.6 abort: 3172.4 (0/3172.4/0), network size: 0, avg network size: 0, si_in_serializable: 0 0 %, local: 0 %
I0312 04:34:38.523414 184228 AriaExecutor.h:103] AriaExecutor 0 exits. 
I0312 04:34:38.523414 184229 Manager.h:227] Manager(worker id = 1) on the coordinator node exits.
I0312 04:34:38.483457 184223 AriaExecutor.h:649] Worker 0 latency: 29787 us (50%) 38986 us (75%) 46076 us (95%) 53136 us (99%).
I0312 04:34:38.547266 184223 Coordinator.h:177] total commit: 38811.6
I0312 04:34:39.547403 184223 Coordinator.h:192] Coordinator exits.
