I0312 07:59:54.558405 233011 Database.h:65] ycsb initialization finished in 101 milliseconds.
I0312 07:59:54.558636 233011 Coordinator.h:30] Coordinator initializes 62 workers.
I0312 07:59:54.595289 233011 Coordinator.h:77] Coordinator starts to run 63 workers.
I0312 07:59:54.595428 233078 AriaExecutor.h:91] AriaExecutor 1 started. 
I0312 07:59:54.595512 233079 AriaExecutor.h:91] AriaExecutor 2 started. 
I0312 07:59:54.595569 233080 AriaExecutor.h:91] AriaExecutor 3 started. 
I0312 07:59:54.595630 233081 AriaExecutor.h:91] AriaExecutor 4 started. 
I0312 07:59:54.595703 233082 AriaExecutor.h:91] AriaExecutor 5 started. 
I0312 07:59:54.595788 233083 AriaExecutor.h:91] AriaExecutor 6 started. 
I0312 07:59:54.595867 233084 AriaExecutor.h:91] AriaExecutor 7 started. 
I0312 07:59:54.595959 233085 AriaExecutor.h:91] AriaExecutor 8 started. 
I0312 07:59:54.596017 233086 AriaExecutor.h:91] AriaExecutor 9 started. 
I0312 07:59:54.596086 233087 AriaExecutor.h:91] AriaExecutor 10 started. 
I0312 07:59:54.596314 233088 AriaExecutor.h:91] AriaExecutor 11 started. 
I0312 07:59:54.596479 233089 AriaExecutor.h:91] AriaExecutor 12 started. 
I0312 07:59:54.596657 233090 AriaExecutor.h:91] AriaExecutor 13 started. 
I0312 07:59:54.596822 233091 AriaExecutor.h:91] AriaExecutor 14 started. 
I0312 07:59:54.596973 233092 AriaExecutor.h:91] AriaExecutor 15 started. 
I0312 07:59:54.597131 233093 AriaExecutor.h:91] AriaExecutor 16 started. 
I0312 07:59:54.597285 233094 AriaExecutor.h:91] AriaExecutor 17 started. 
I0312 07:59:54.597440 233095 AriaExecutor.h:91] AriaExecutor 18 started. 
I0312 07:59:54.597582 233096 AriaExecutor.h:91] AriaExecutor 19 started. 
I0312 07:59:54.597739 233097 AriaExecutor.h:91] AriaExecutor 20 started. 
I0312 07:59:54.597893 233098 AriaExecutor.h:91] AriaExecutor 21 started. 
I0312 07:59:54.598039 233099 AriaExecutor.h:91] AriaExecutor 22 started. 
I0312 07:59:54.598176 233100 AriaExecutor.h:91] AriaExecutor 23 started. 
I0312 07:59:54.598328 233101 AriaExecutor.h:91] AriaExecutor 24 started. 
I0312 07:59:54.598476 233102 AriaExecutor.h:91] AriaExecutor 25 started. 
I0312 07:59:54.598609 233103 AriaExecutor.h:91] AriaExecutor 26 started. 
I0312 07:59:54.598762 233104 AriaExecutor.h:91] AriaExecutor 27 started. 
I0312 07:59:54.598937 233105 AriaExecutor.h:91] AriaExecutor 28 started. 
I0312 07:59:54.599107 233106 AriaExecutor.h:91] AriaExecutor 29 started. 
I0312 07:59:54.599298 233107 AriaExecutor.h:91] AriaExecutor 30 started. 
I0312 07:59:54.599468 233108 AriaExecutor.h:91] AriaExecutor 31 started. 
I0312 07:59:54.599653 233109 AriaExecutor.h:91] AriaExecutor 32 started. 
I0312 07:59:54.599831 233110 AriaExecutor.h:91] AriaExecutor 33 started. 
I0312 07:59:54.600003 233111 AriaExecutor.h:91] AriaExecutor 34 started. 
I0312 07:59:54.600188 233112 AriaExecutor.h:91] AriaExecutor 35 started. 
I0312 07:59:54.600409 233113 AriaExecutor.h:91] AriaExecutor 36 started. 
I0312 07:59:54.600582 233114 AriaExecutor.h:91] AriaExecutor 37 started. 
I0312 07:59:54.600759 233115 AriaExecutor.h:91] AriaExecutor 38 started. 
I0312 07:59:54.600953 233116 AriaExecutor.h:91] AriaExecutor 39 started. 
I0312 07:59:54.601127 233117 AriaExecutor.h:91] AriaExecutor 40 started. 
I0312 07:59:54.601307 233118 AriaExecutor.h:91] AriaExecutor 41 started. 
I0312 07:59:54.601485 233119 AriaExecutor.h:91] AriaExecutor 42 started. 
I0312 07:59:54.601667 233120 AriaExecutor.h:91] AriaExecutor 43 started. 
I0312 07:59:54.601851 233121 AriaExecutor.h:91] AriaExecutor 44 started. 
I0312 07:59:54.602034 233122 AriaExecutor.h:91] AriaExecutor 45 started. 
I0312 07:59:54.602205 233123 AriaExecutor.h:91] AriaExecutor 46 started. 
I0312 07:59:54.602381 233124 AriaExecutor.h:91] AriaExecutor 47 started. 
I0312 07:59:54.602564 233125 AriaExecutor.h:91] AriaExecutor 48 started. 
I0312 07:59:54.602731 233126 AriaExecutor.h:91] AriaExecutor 49 started. 
I0312 07:59:54.602902 233127 AriaExecutor.h:91] AriaExecutor 50 started. 
I0312 07:59:54.603086 233128 AriaExecutor.h:91] AriaExecutor 51 started. 
I0312 07:59:54.603258 233129 AriaExecutor.h:91] AriaExecutor 52 started. 
I0312 07:59:54.603441 233130 AriaExecutor.h:91] AriaExecutor 53 started. 
I0312 07:59:54.603627 233131 AriaExecutor.h:91] AriaExecutor 54 started. 
I0312 07:59:54.603792 233132 AriaExecutor.h:91] AriaExecutor 55 started. 
I0312 07:59:54.603976 233133 AriaExecutor.h:91] AriaExecutor 56 started. 
I0312 07:59:54.604166 233134 AriaExecutor.h:91] AriaExecutor 57 started. 
I0312 07:59:54.604372 233135 AriaExecutor.h:91] AriaExecutor 58 started. 
I0312 07:59:54.604669 233137 AriaExecutor.h:91] AriaExecutor 60 started. 
F0312 07:59:54.605027 233011 Coordinator.h:355] Check failed: rc == 0 
*** Check failure stack trace: ***
    @     0x7f8e6acc4b03  google::LogMessage::Fail()
    @     0x7f8e6accc9d1  google::LogMessage::SendToLog()
    @     0x7f8e6acc47c2  google::LogMessage::Flush()
    @     0x7f8e6acc678f  google::LogMessageFatal::~LogMessageFatal()
    @     0x55fc7c512c53  aria::Coordinator::pin_thread_to_core()
    @     0x55fc7c52151b  aria::Coordinator::start()
    @     0x55fc7c500fe8  main
    @     0x7f8e6a757d90  (unknown)
    @     0x7f8e6a757e40  __libc_start_main
    @     0x55fc7c501f55  _start
    @              (nil)  (unknown)
