I0312 04:16:28.125272 183253 Database.h:65] ycsb initialization finished in 978 milliseconds.
I0312 04:16:28.125499 183253 Coordinator.h:30] Coordinator initializes 1 workers.
I0312 04:16:28.189213 183253 Coordinator.h:77] Coordinator starts to run 2 workers.
I0312 04:16:28.189340 183259 AriaExecutor.h:91] AriaExecutor 0 started. 
I0312 04:16:28.189410 183260 Manager.h:224] Manager(worker id = 1) on the coordinator node started.
I0312 04:16:29.189459 183253 Coordinator.h:126] commit: 493 abort: 5651 (0/5651/0), network size: 0, avg network size: 0, si_in_serializable: 0 0 %, local: 0 %
I0312 04:16:30.189666 183253 Coordinator.h:126] commit: 492 abort: 5652 (0/5652/0), network size: 0, avg network size: 0, si_in_serializable: 0 0 %, local: 0 %
I0312 04:16:31.189802 183253 Coordinator.h:126] commit: 475 abort: 5669 (0/5669/0), network size: 0, avg network size: 0, si_in_serializable: 0 0 %, local: 0 %
I0312 04:16:32.189913 183253 Coordinator.h:126] commit: 607 abort: 7585 (0/7585/0), network size: 0, avg network size: 0, si_in_serializable: 0 0 %, local: 0 %
I0312 04:16:33.190079 183253 Coordinator.h:126] commit: 494 abort: 5650 (0/5650/0), network size: 0, avg network size: 0, si_in_serializable: 0 0 %, local: 0 %
I0312 04:16:34.190218 183253 Coordinator.h:126] commit: 481 abort: 5663 (0/5663/0), network size: 0, avg network size: 0, si_in_serializable: 0 0 %, local: 0 %
I0312 04:16:35.190378 183253 Coordinator.h:126] commit: 614 abort: 7578 (0/7578/0), network size: 0, avg network size: 0, si_in_serializable: 0 0 %, local: 0 %
I0312 04:16:36.190514 183253 Coordinator.h:126] commit: 478 abort: 5666 (0/5666/0), network size: 0, avg network size: 0, si_in_serializable: 0 0 %, local: 0 %
I0312 04:16:37.190676 183253 Coordinator.h:126] commit: 492 abort: 5652 (0/5652/0), network size: 0, avg network size: 0, si_in_serializable: 0 0 %, local: 0 %
I0312 04:16:38.190814 183253 Coordinator.h:126] commit: 619 abort: 7573 (0/7573/0), network size: 0, avg network size: 0, si_in_serializable: 0 0 %, local: 0 %
I0312 04:16:39.190922 183253 Coordinator.h:126] commit: 474 abort: 5670 (0/5670/0), network size: 0, avg network size: 0, si_in_serializable: 0 0 %, local: 0 %
I0312 04:16:40.191030 183253 Coordinator.h:126] commit: 625 abort: 7567 (0/7567/0), network size: 0, avg network size: 0, si_in_serializable: 0 0 %, local: 0 %
I0312 04:16:41.191190 183253 Coordinator.h:126] commit: 474 abort: 5670 (0/5670/0), network size: 0, avg network size: 0, si_in_serializable: 0 0 %, local: 0 %
I0312 04:16:42.191325 183253 Coordinator.h:126] commit: 484 abort: 5660 (0/5660/0), network size: 0, avg network size: 0, si_in_serializable: 0 0 %, local: 0 %
I0312 04:16:43.191437 183253 Coordinator.h:126] commit: 667 abort: 7525 (0/7525/0), network size: 0, avg network size: 0, si_in_serializable: 0 0 %, local: 0 %
I0312 04:16:44.191545 183253 Coordinator.h:126] commit: 487 abort: 5657 (0/5657/0), network size: 0, avg network size: 0, si_in_serializable: 0 0 %, local: 0 %
I0312 04:16:45.191705 183253 Coordinator.h:126] commit: 498 abort: 5646 (0/5646/0), network size: 0, avg network size: 0, si_in_serializable: 0 0 %, local: 0 %
I0312 04:16:46.191839 183253 Coordinator.h:126] commit: 619 abort: 7573 (0/7573/0), network size: 0, avg network size: 0, si_in_serializable: 0 0 %, local: 0 %
I0312 04:16:47.191946 183253 Coordinator.h:126] commit: 482 abort: 5662 (0/5662/0), network size: 0, avg network size: 0, si_in_serializable: 0 0 %, local: 0 %
I0312 04:16:48.192054 183253 Coordinator.h:126] commit: 647 abort: 7545 (0/7545/0), network size: 0, avg network size: 0, si_in_serializable: 0 0 %, local: 0 %
I0312 04:16:49.192215 183253 Coordinator.h:126] commit: 493 abort: 5651 (0/5651/0), network size: 0, avg network size: 0, si_in_serializable: 0 0 %, local: 0 %
I0312 04:16:50.192435 183253 Coordinator.h:126] commit: 477 abort: 5667 (0/5667/0), network size: 0, avg network size: 0, si_in_serializable: 0 0 %, local: 0 %
I0312 04:16:51.192548 183253 Coordinator.h:126] commit: 635 abort: 7557 (0/7557/0), network size: 0, avg network size: 0, si_in_serializable: 0 0 %, local: 0 %
I0312 04:16:52.192656 183253 Coordinator.h:126] commit: 468 abort: 5676 (0/5676/0), network size: 0, avg network size: 0, si_in_serializable: 0 0 %, local: 0 %
I0312 04:16:53.192763 183253 Coordinator.h:126] commit: 629 abort: 7563 (0/7563/0), network size: 0, avg network size: 0, si_in_serializable: 0 0 %, local: 0 %
I0312 04:16:53.192800 183253 Coordinator.h:152] average commit: 545.7 abort: 6417.5 (0/6417.5/0), network size: 0, avg network size: 0, si_in_serializable: 0 0 %, local: 0 %
I0312 04:16:53.192842 183253 AriaExecutor.h:649] Worker 0 latency: 286832 us (50%) 289309 us (75%) 335236 us (95%) 344022 us (99%).
I0312 04:16:53.482968 183260 Manager.h:227] Manager(worker id = 1) on the coordinator node exits.
I0312 04:16:53.482968 183259 AriaExecutor.h:103] AriaExecutor 0 exits. 
I0312 04:16:53.483196 183253 Coordinator.h:177] total commit: 545.7
I0312 04:16:54.483338 183253 Coordinator.h:192] Coordinator exits.
