I0312 06:25:37.755787 198380 Database.h:65] ycsb initialization finished in 100 milliseconds.
I0312 06:25:37.756008 198380 Coordinator.h:30] Coordinator initializes 16 workers.
I0312 06:25:37.864971 198380 Coordinator.h:77] Coordinator starts to run 17 workers.
I0312 06:25:37.865063 198411 AriaExecutor.h:91] AriaExecutor 0 started. 
I0312 06:25:37.865103 198412 AriaExecutor.h:91] AriaExecutor 1 started. 
I0312 06:25:37.865200 198413 AriaExecutor.h:91] AriaExecutor 2 started. 
I0312 06:25:37.865286 198414 AriaExecutor.h:91] AriaExecutor 3 started. 
I0312 06:25:37.865368 198415 AriaExecutor.h:91] AriaExecutor 4 started. 
I0312 06:25:37.865427 198416 AriaExecutor.h:91] AriaExecutor 5 started. 
I0312 06:25:37.865484 198417 AriaExecutor.h:91] AriaExecutor 6 started. 
I0312 06:25:37.865547 198418 AriaExecutor.h:91] AriaExecutor 7 started. 
I0312 06:25:37.865609 198419 AriaExecutor.h:91] AriaExecutor 8 started. 
I0312 06:25:37.865706 198420 AriaExecutor.h:91] AriaExecutor 9 started. 
I0312 06:25:37.865767 198421 AriaExecutor.h:91] AriaExecutor 10 started. 
I0312 06:25:37.865890 198422 AriaExecutor.h:91] AriaExecutor 11 started. 
I0312 06:25:37.865998 198423 AriaExecutor.h:91] AriaExecutor 12 started. 
I0312 06:25:37.866108 198424 AriaExecutor.h:91] AriaExecutor 13 started. 
I0312 06:25:37.876282 198425 AriaExecutor.h:91] AriaExecutor 14 started. 
I0312 06:25:37.876394 198426 AriaExecutor.h:91] AriaExecutor 15 started. 
I0312 06:25:37.876545 198427 Manager.h:224] Manager(worker id = 16) on the coordinator node started.
I0312 06:25:38.876554 198380 Coordinator.h:126] commit: 3722 abort: 90486 (0/90486/0), network size: 0, avg network size: 0, si_in_serializable: 0 0 %, local: 0 %
I0312 06:25:39.876714 198380 Coordinator.h:126] commit: 3729 abort: 90479 (0/90479/0), network size: 0, avg network size: 0, si_in_serializable: 0 0 %, local: 0 %
I0312 06:25:40.876909 198380 Coordinator.h:126] commit: 3867 abort: 94437 (0/94437/0), network size: 0, avg network size: 0, si_in_serializable: 0 0 %, local: 0 %
I0312 06:25:41.877043 198380 Coordinator.h:126] commit: 3747 abort: 90461 (0/90461/0), network size: 0, avg network size: 0, si_in_serializable: 0 0 %, local: 0 %
I0312 06:25:42.877178 198380 Coordinator.h:126] commit: 3907 abort: 94397 (0/94397/0), network size: 0, avg network size: 0, si_in_serializable: 0 0 %, local: 0 %
I0312 06:25:43.877341 198380 Coordinator.h:126] commit: 3775 abort: 90433 (0/90433/0), network size: 0, avg network size: 0, si_in_serializable: 0 0 %, local: 0 %
I0312 06:25:44.877488 198380 Coordinator.h:126] commit: 3938 abort: 94366 (0/94366/0), network size: 0, avg network size: 0, si_in_serializable: 0 0 %, local: 0 %
I0312 06:25:45.877615 198380 Coordinator.h:126] commit: 3670 abort: 90538 (0/90538/0), network size: 0, avg network size: 0, si_in_serializable: 0 0 %, local: 0 %
I0312 06:25:46.877741 198380 Coordinator.h:126] commit: 3863 abort: 94441 (0/94441/0), network size: 0, avg network size: 0, si_in_serializable: 0 0 %, local: 0 %
I0312 06:25:47.877868 198380 Coordinator.h:126] commit: 3877 abort: 94427 (0/94427/0), network size: 0, avg network size: 0, si_in_serializable: 0 0 %, local: 0 %
I0312 06:25:48.877997 198380 Coordinator.h:126] commit: 3911 abort: 94393 (0/94393/0), network size: 0, avg network size: 0, si_in_serializable: 0 0 %, local: 0 %
I0312 06:25:49.878126 198380 Coordinator.h:126] commit: 3679 abort: 90529 (0/90529/0), network size: 0, avg network size: 0, si_in_serializable: 0 0 %, local: 0 %
I0312 06:25:50.878294 198380 Coordinator.h:126] commit: 3910 abort: 94394 (0/94394/0), network size: 0, avg network size: 0, si_in_serializable: 0 0 %, local: 0 %
I0312 06:25:51.878437 198380 Coordinator.h:126] commit: 3870 abort: 94434 (0/94434/0), network size: 0, avg network size: 0, si_in_serializable: 0 0 %, local: 0 %
I0312 06:25:52.878569 198380 Coordinator.h:126] commit: 3906 abort: 94398 (0/94398/0), network size: 0, avg network size: 0, si_in_serializable: 0 0 %, local: 0 %
I0312 06:25:53.878700 198380 Coordinator.h:126] commit: 3757 abort: 90451 (0/90451/0), network size: 0, avg network size: 0, si_in_serializable: 0 0 %, local: 0 %
I0312 06:25:54.878829 198380 Coordinator.h:126] commit: 3930 abort: 94374 (0/94374/0), network size: 0, avg network size: 0, si_in_serializable: 0 0 %, local: 0 %
I0312 06:25:55.878960 198380 Coordinator.h:126] commit: 3835 abort: 94469 (0/94469/0), network size: 0, avg network size: 0, si_in_serializable: 0 0 %, local: 0 %
I0312 06:25:56.879092 198380 Coordinator.h:126] commit: 3885 abort: 94419 (0/94419/0), network size: 0, avg network size: 0, si_in_serializable: 0 0 %, local: 0 %
I0312 06:25:57.879223 198380 Coordinator.h:126] commit: 3849 abort: 94455 (0/94455/0), network size: 0, avg network size: 0, si_in_serializable: 0 0 %, local: 0 %
I0312 06:25:58.879352 198380 Coordinator.h:126] commit: 3905 abort: 94399 (0/94399/0), network size: 0, avg network size: 0, si_in_serializable: 0 0 %, local: 0 %
I0312 06:25:59.879479 198380 Coordinator.h:126] commit: 3745 abort: 90463 (0/90463/0), network size: 0, avg network size: 0, si_in_serializable: 0 0 %, local: 0 %
I0312 06:26:00.879607 198380 Coordinator.h:126] commit: 3911 abort: 94393 (0/94393/0), network size: 0, avg network size: 0, si_in_serializable: 0 0 %, local: 0 %
I0312 06:26:01.879781 198380 Coordinator.h:126] commit: 3697 abort: 90511 (0/90511/0), network size: 0, avg network size: 0, si_in_serializable: 0 0 %, local: 0 %
I0312 06:26:02.879925 198380 Coordinator.h:126] commit: 3881 abort: 94423 (0/94423/0), network size: 0, avg network size: 0, si_in_serializable: 0 0 %, local: 0 %
I0312 06:26:02.879967 198380 Coordinator.h:152] average commit: 3853.2 abort: 93631.6 (0/93631.6/0), network size: 0, avg network size: 0, si_in_serializable: 0 0 %, local: 0 %
I0312 06:26:02.879983 198380 AriaExecutor.h:649] Worker 0 latency: 41506 us (50%) 42119 us (75%) 42893 us (95%) 45119 us (99%).
I0312 06:26:02.910610 198424 AriaExecutor.h:103] AriaExecutor 13 exits. 
I0312 06:26:02.910633 198425 AriaExecutor.h:103] AriaExecutor 14 exits. 
I0312 06:26:02.910610 198420 AriaExecutor.h:103] AriaExecutor 9 exits. 
I0312 06:26:02.910610 198416 AriaExecutor.h:103] AriaExecutor 5 exits. 
I0312 06:26:02.910638 198427 Manager.h:227] Manager(worker id = 16) on the coordinator node exits.
I0312 06:26:02.910621 198426 AriaExecutor.h:103] AriaExecutor 15 exits. 
I0312 06:26:02.910610 198413 AriaExecutor.h:103] AriaExecutor 2 exits. 
I0312 06:26:02.910610 198417 AriaExecutor.h:103] AriaExecutor 6 exits. 
I0312 06:26:02.910614 198415 AriaExecutor.h:103] AriaExecutor 4 exits. 
I0312 06:26:02.910614 198412 AriaExecutor.h:103] AriaExecutor 1 exits. 
I0312 06:26:02.910610 198414 AriaExecutor.h:103] AriaExecutor 3 exits. 
I0312 06:26:02.910610 198418 AriaExecutor.h:103] AriaExecutor 7 exits. 
I0312 06:26:02.910610 198423 AriaExecutor.h:103] AriaExecutor 12 exits. 
I0312 06:26:02.910610 198421 AriaExecutor.h:103] AriaExecutor 10 exits. 
I0312 06:26:02.910626 198411 AriaExecutor.h:103] AriaExecutor 0 exits. 
I0312 06:26:02.910610 198419 AriaExecutor.h:103] AriaExecutor 8 exits. 
I0312 06:26:02.910610 198422 AriaExecutor.h:103] AriaExecutor 11 exits. 
I0312 06:26:02.910987 198380 AriaExecutor.h:649] Worker 1 latency: 41494 us (50%) 42124 us (75%) 42871 us (95%) 45491 us (99%).
I0312 06:26:02.911356 198380 AriaExecutor.h:649] Worker 2 latency: 41492 us (50%) 42129 us (75%) 42939 us (95%) 48324 us (99%).
I0312 06:26:02.911693 198380 AriaExecutor.h:649] Worker 3 latency: 41516 us (50%) 42136 us (75%) 42914 us (95%) 47746 us (99%).
I0312 06:26:02.912032 198380 AriaExecutor.h:649] Worker 4 latency: 41500 us (50%) 42121 us (75%) 42934 us (95%) 47405 us (99%).
I0312 06:26:02.912403 198380 AriaExecutor.h:649] Worker 5 latency: 41519 us (50%) 42137 us (75%) 42943 us (95%) 45557 us (99%).
I0312 06:26:02.912747 198380 AriaExecutor.h:649] Worker 6 latency: 41522 us (50%) 42122 us (75%) 42854 us (95%) 45169 us (99%).
I0312 06:26:02.913097 198380 AriaExecutor.h:649] Worker 7 latency: 41501 us (50%) 42135 us (75%) 42916 us (95%) 47754 us (99%).
I0312 06:26:02.913440 198380 AriaExecutor.h:649] Worker 8 latency: 41521 us (50%) 42119 us (75%) 42872 us (95%) 45603 us (99%).
I0312 06:26:02.913775 198380 AriaExecutor.h:649] Worker 9 latency: 41507 us (50%) 42105 us (75%) 42907 us (95%) 45566 us (99%).
I0312 06:26:02.914116 198380 AriaExecutor.h:649] Worker 10 latency: 41475 us (50%) 42113 us (75%) 42880 us (95%) 45439 us (99%).
I0312 06:26:02.914459 198380 AriaExecutor.h:649] Worker 11 latency: 41498 us (50%) 42110 us (75%) 42967 us (95%) 45673 us (99%).
I0312 06:26:02.914784 198380 AriaExecutor.h:649] Worker 12 latency: 41497 us (50%) 42114 us (75%) 42907 us (95%) 46868 us (99%).
I0312 06:26:02.915113 198380 AriaExecutor.h:649] Worker 13 latency: 41498 us (50%) 42100 us (75%) 42864 us (95%) 45662 us (99%).
I0312 06:26:02.915447 198380 AriaExecutor.h:649] Worker 14 latency: 41369 us (50%) 42048 us (75%) 42910 us (95%) 47772 us (99%).
I0312 06:26:02.915822 198380 AriaExecutor.h:649] Worker 15 latency: 41410 us (50%) 42075 us (75%) 42892 us (95%) 45534 us (99%).
I0312 06:26:02.916203 198380 Coordinator.h:177] total commit: 3853.2
I0312 06:26:03.916396 198380 Coordinator.h:192] Coordinator exits.
