I0312 00:46:32.526196 143080 Database.h:65] ycsb initialization finished in 979 milliseconds.
I0312 00:46:32.526420 143080 Coordinator.h:30] Coordinator initializes 1 workers.
I0312 00:46:32.637820 143080 Coordinator.h:77] Coordinator starts to run 2 workers.
I0312 00:46:32.637989 143085 AriaExecutor.h:82] AriaExecutor 0 started. 
I0312 00:46:32.638123 143086 Manager.h:224] Manager(worker id = 1) on the coordinator node started.
I0312 00:46:33.638134 143080 Coordinator.h:126] commit: 17342 abort: 11330 (0/11330/0), network size: 0, avg network size: 0, si_in_serializable: 0 0 %, local: 0 %
I0312 00:46:34.638353 143080 Coordinator.h:126] commit: 14858 abort: 9718 (0/9718/0), network size: 0, avg network size: 0, si_in_serializable: 0 0 %, local: 0 %
I0312 00:46:35.638494 143080 Coordinator.h:126] commit: 19943 abort: 12825 (0/12825/0), network size: 0, avg network size: 0, si_in_serializable: 0 0 %, local: 0 %
I0312 00:46:36.638613 143080 Coordinator.h:126] commit: 19737 abort: 13031 (0/13031/0), network size: 0, avg network size: 0, si_in_serializable: 0 0 %, local: 0 %
I0312 00:46:37.638790 143080 Coordinator.h:126] commit: 19946 abort: 12822 (0/12822/0), network size: 0, avg network size: 0, si_in_serializable: 0 0 %, local: 0 %
I0312 00:46:38.638931 143080 Coordinator.h:126] commit: 19951 abort: 12817 (0/12817/0), network size: 0, avg network size: 0, si_in_serializable: 0 0 %, local: 0 %
I0312 00:46:39.639094 143080 Coordinator.h:126] commit: 19887 abort: 12881 (0/12881/0), network size: 0, avg network size: 0, si_in_serializable: 0 0 %, local: 0 %
I0312 00:46:40.639227 143080 Coordinator.h:126] commit: 19875 abort: 12893 (0/12893/0), network size: 0, avg network size: 0, si_in_serializable: 0 0 %, local: 0 %
I0312 00:46:41.639387 143080 Coordinator.h:126] commit: 17346 abort: 11326 (0/11326/0), network size: 0, avg network size: 0, si_in_serializable: 0 0 %, local: 0 %
I0312 00:46:42.639542 143080 Coordinator.h:126] commit: 19893 abort: 12875 (0/12875/0), network size: 0, avg network size: 0, si_in_serializable: 0 0 %, local: 0 %
I0312 00:46:43.639653 143080 Coordinator.h:126] commit: 22304 abort: 14560 (0/14560/0), network size: 0, avg network size: 0, si_in_serializable: 0 0 %, local: 0 %
I0312 00:46:44.639815 143080 Coordinator.h:126] commit: 17268 abort: 11404 (0/11404/0), network size: 0, avg network size: 0, si_in_serializable: 0 0 %, local: 0 %
I0312 00:46:45.639942 143080 Coordinator.h:126] commit: 19810 abort: 12958 (0/12958/0), network size: 0, avg network size: 0, si_in_serializable: 0 0 %, local: 0 %
I0312 00:46:46.640054 143080 Coordinator.h:126] commit: 19977 abort: 12791 (0/12791/0), network size: 0, avg network size: 0, si_in_serializable: 0 0 %, local: 0 %
I0312 00:46:47.640172 143080 Coordinator.h:126] commit: 19916 abort: 12852 (0/12852/0), network size: 0, avg network size: 0, si_in_serializable: 0 0 %, local: 0 %
I0312 00:46:48.640336 143080 Coordinator.h:126] commit: 19906 abort: 12862 (0/12862/0), network size: 0, avg network size: 0, si_in_serializable: 0 0 %, local: 0 %
I0312 00:46:49.640466 143080 Coordinator.h:126] commit: 19845 abort: 12923 (0/12923/0), network size: 0, avg network size: 0, si_in_serializable: 0 0 %, local: 0 %
I0312 00:46:50.640578 143080 Coordinator.h:126] commit: 19971 abort: 12797 (0/12797/0), network size: 0, avg network size: 0, si_in_serializable: 0 0 %, local: 0 %
I0312 00:46:51.640684 143080 Coordinator.h:126] commit: 19854 abort: 12914 (0/12914/0), network size: 0, avg network size: 0, si_in_serializable: 0 0 %, local: 0 %
I0312 00:46:52.640791 143080 Coordinator.h:126] commit: 20016 abort: 12752 (0/12752/0), network size: 0, avg network size: 0, si_in_serializable: 0 0 %, local: 0 %
I0312 00:46:53.640950 143080 Coordinator.h:126] commit: 19878 abort: 12890 (0/12890/0), network size: 0, avg network size: 0, si_in_serializable: 0 0 %, local: 0 %
I0312 00:46:54.641081 143080 Coordinator.h:126] commit: 19794 abort: 12974 (0/12974/0), network size: 0, avg network size: 0, si_in_serializable: 0 0 %, local: 0 %
I0312 00:46:55.641191 143080 Coordinator.h:126] commit: 20016 abort: 12752 (0/12752/0), network size: 0, avg network size: 0, si_in_serializable: 0 0 %, local: 0 %
I0312 00:46:56.641309 143080 Coordinator.h:126] commit: 20033 abort: 12735 (0/12735/0), network size: 0, avg network size: 0, si_in_serializable: 0 0 %, local: 0 %
I0312 00:46:57.641425 143080 Coordinator.h:126] commit: 19805 abort: 12963 (0/12963/0), network size: 0, avg network size: 0, si_in_serializable: 0 0 %, local: 0 %
I0312 00:46:57.641463 143080 Coordinator.h:152] average commit: 19886.7 abort: 12881.3 (0/12881.3/0), network size: 0, avg network size: 0, si_in_serializable: 0 0 %, local: 0 %
I0312 00:46:57.661357 143085 AriaExecutor.h:94] AriaExecutor 0 exits. 
I0312 00:46:57.661369 143086 Manager.h:227] Manager(worker id = 1) on the coordinator node exits.
I0312 00:46:57.641507 143080 AriaExecutor.h:535] Worker 0 latency: 92592 us (50%) 109003 us (75%) 119596 us (95%) 163353 us (99%).
I0312 00:46:57.684765 143080 Coordinator.h:177] total commit: 19886.7
I0312 00:46:58.684896 143080 Coordinator.h:192] Coordinator exits.
