I0312 03:31:22.693748 162832 Database.h:65] ycsb initialization finished in 101 milliseconds.
I0312 03:31:22.693975 162832 Coordinator.h:30] Coordinator initializes 32 workers.
I0312 03:31:22.731401 162832 Coordinator.h:77] Coordinator starts to run 33 workers.
I0312 03:31:22.731514 162868 AriaExecutor.h:82] AriaExecutor 0 started. 
I0312 03:31:22.731566 162869 AriaExecutor.h:82] AriaExecutor 1 started. 
I0312 03:31:22.731667 162870 AriaExecutor.h:82] AriaExecutor 2 started. 
I0312 03:31:22.731743 162871 AriaExecutor.h:82] AriaExecutor 3 started. 
I0312 03:31:22.731828 162872 AriaExecutor.h:82] AriaExecutor 4 started. 
I0312 03:31:22.731940 162873 AriaExecutor.h:82] AriaExecutor 5 started. 
I0312 03:31:22.732024 162874 AriaExecutor.h:82] AriaExecutor 6 started. 
I0312 03:31:22.732123 162875 AriaExecutor.h:82] AriaExecutor 7 started. 
I0312 03:31:22.732195 162876 AriaExecutor.h:82] AriaExecutor 8 started. 
I0312 03:31:22.732302 162877 AriaExecutor.h:82] AriaExecutor 9 started. 
I0312 03:31:22.732385 162878 AriaExecutor.h:82] AriaExecutor 10 started. 
I0312 03:31:22.732483 162879 AriaExecutor.h:82] AriaExecutor 11 started. 
I0312 03:31:22.732577 162880 AriaExecutor.h:82] AriaExecutor 12 started. 
I0312 03:31:22.732632 162881 AriaExecutor.h:82] AriaExecutor 13 started. 
I0312 03:31:22.732746 162883 AriaExecutor.h:82] AriaExecutor 14 started. 
I0312 03:31:22.732877 162884 AriaExecutor.h:82] AriaExecutor 15 started. 
I0312 03:31:22.732996 162885 AriaExecutor.h:82] AriaExecutor 16 started. 
I0312 03:31:22.733101 162886 AriaExecutor.h:82] AriaExecutor 17 started. 
I0312 03:31:22.733211 162887 AriaExecutor.h:82] AriaExecutor 18 started. 
I0312 03:31:22.733325 162888 AriaExecutor.h:82] AriaExecutor 19 started. 
I0312 03:31:22.733438 162889 AriaExecutor.h:82] AriaExecutor 20 started. 
I0312 03:31:22.733525 162890 AriaExecutor.h:82] AriaExecutor 21 started. 
I0312 03:31:22.733623 162891 AriaExecutor.h:82] AriaExecutor 22 started. 
I0312 03:31:22.733739 162892 AriaExecutor.h:82] AriaExecutor 23 started. 
I0312 03:31:22.733783 162893 AriaExecutor.h:82] AriaExecutor 24 started. 
I0312 03:31:22.733877 162894 AriaExecutor.h:82] AriaExecutor 25 started. 
I0312 03:31:22.733987 162895 AriaExecutor.h:82] AriaExecutor 26 started. 
I0312 03:31:22.734045 162896 AriaExecutor.h:82] AriaExecutor 27 started. 
I0312 03:31:22.734146 162897 AriaExecutor.h:82] AriaExecutor 28 started. 
I0312 03:31:22.734225 162898 AriaExecutor.h:82] AriaExecutor 29 started. 
I0312 03:31:22.734359 162899 AriaExecutor.h:82] AriaExecutor 30 started. 
I0312 03:31:22.734462 162900 AriaExecutor.h:82] AriaExecutor 31 started. 
I0312 03:31:22.734578 162901 Manager.h:224] Manager(worker id = 32) on the coordinator node started.
I0312 03:31:23.734632 162832 Coordinator.h:126] commit: 242227 abort: 370125 (0/370125/0), network size: 0, avg network size: 0, si_in_serializable: 0 0 %, local: 0 %
I0312 03:31:24.734760 162832 Coordinator.h:126] commit: 242943 abort: 371457 (0/371457/0), network size: 0, avg network size: 0, si_in_serializable: 0 0 %, local: 0 %
I0312 03:31:25.734874 162832 Coordinator.h:126] commit: 244609 abort: 373887 (0/373887/0), network size: 0, avg network size: 0, si_in_serializable: 0 0 %, local: 0 %
I0312 03:31:26.735028 162832 Coordinator.h:126] commit: 243642 abort: 371782 (0/371782/0), network size: 0, avg network size: 0, si_in_serializable: 0 0 %, local: 0 %
I0312 03:31:27.735154 162832 Coordinator.h:126] commit: 241950 abort: 371426 (0/371426/0), network size: 0, avg network size: 0, si_in_serializable: 0 0 %, local: 0 %
I0312 03:31:28.735267 162832 Coordinator.h:126] commit: 243858 abort: 373614 (0/373614/0), network size: 0, avg network size: 0, si_in_serializable: 0 0 %, local: 0 %
I0312 03:31:29.735380 162832 Coordinator.h:126] commit: 241035 abort: 369269 (0/369269/0), network size: 0, avg network size: 0, si_in_serializable: 0 0 %, local: 0 %
I0312 03:31:30.735503 162832 Coordinator.h:126] commit: 243677 abort: 373795 (0/373795/0), network size: 0, avg network size: 0, si_in_serializable: 0 0 %, local: 0 %
I0312 03:31:31.735623 162832 Coordinator.h:126] commit: 238312 abort: 365848 (0/365848/0), network size: 0, avg network size: 0, si_in_serializable: 0 0 %, local: 0 %
I0312 03:31:32.735778 162832 Coordinator.h:126] commit: 242845 abort: 372579 (0/372579/0), network size: 0, avg network size: 0, si_in_serializable: 0 0 %, local: 0 %
I0312 03:31:33.735911 162832 Coordinator.h:126] commit: 243604 abort: 372844 (0/372844/0), network size: 0, avg network size: 0, si_in_serializable: 0 0 %, local: 0 %
I0312 03:31:34.736035 162832 Coordinator.h:126] commit: 243691 abort: 372757 (0/372757/0), network size: 0, avg network size: 0, si_in_serializable: 0 0 %, local: 0 %
I0312 03:31:35.736153 162832 Coordinator.h:126] commit: 243278 abort: 373170 (0/373170/0), network size: 0, avg network size: 0, si_in_serializable: 0 0 %, local: 0 %
I0312 03:31:36.736276 162832 Coordinator.h:126] commit: 243346 abort: 373102 (0/373102/0), network size: 0, avg network size: 0, si_in_serializable: 0 0 %, local: 0 %
I0312 03:31:37.736402 162832 Coordinator.h:126] commit: 243502 abort: 372932 (0/372932/0), network size: 0, avg network size: 0, si_in_serializable: 0 0 %, local: 0 %
I0312 03:31:38.736523 162832 Coordinator.h:126] commit: 243061 abort: 371353 (0/371353/0), network size: 0, avg network size: 0, si_in_serializable: 0 0 %, local: 0 %
I0312 03:31:39.736640 162832 Coordinator.h:126] commit: 240163 abort: 369117 (0/369117/0), network size: 0, avg network size: 0, si_in_serializable: 0 0 %, local: 0 %
I0312 03:31:40.736760 162832 Coordinator.h:126] commit: 235410 abort: 359534 (0/359534/0), network size: 0, avg network size: 0, si_in_serializable: 0 0 %, local: 0 %
I0312 03:31:41.736881 162832 Coordinator.h:126] commit: 242764 abort: 373684 (0/373684/0), network size: 0, avg network size: 0, si_in_serializable: 0 0 %, local: 0 %
I0312 03:31:42.737004 162832 Coordinator.h:126] commit: 241863 abort: 370489 (0/370489/0), network size: 0, avg network size: 0, si_in_serializable: 0 0 %, local: 0 %
I0312 03:31:43.737123 162832 Coordinator.h:126] commit: 242897 abort: 371503 (0/371503/0), network size: 0, avg network size: 0, si_in_serializable: 0 0 %, local: 0 %
I0312 03:31:44.737277 162832 Coordinator.h:126] commit: 242360 abort: 372040 (0/372040/0), network size: 0, avg network size: 0, si_in_serializable: 0 0 %, local: 0 %
I0312 03:31:45.737412 162832 Coordinator.h:126] commit: 243536 abort: 371888 (0/371888/0), network size: 0, avg network size: 0, si_in_serializable: 0 0 %, local: 0 %
I0312 03:31:46.737532 162832 Coordinator.h:126] commit: 243040 abort: 372384 (0/372384/0), network size: 0, avg network size: 0, si_in_serializable: 0 0 %, local: 0 %
I0312 03:31:47.737654 162832 Coordinator.h:126] commit: 242567 abort: 372857 (0/372857/0), network size: 0, avg network size: 0, si_in_serializable: 0 0 %, local: 0 %
I0312 03:31:47.737696 162832 Coordinator.h:152] average commit: 242068 abort: 370898 (0/370898/0), network size: 0, avg network size: 0, si_in_serializable: 0 0 %, local: 0 %
I0312 03:31:47.739275 162873 AriaExecutor.h:94] AriaExecutor 5 exits. 
I0312 03:31:47.739284 162875 AriaExecutor.h:94] AriaExecutor 7 exits. 
I0312 03:31:47.739287 162880 AriaExecutor.h:94] AriaExecutor 12 exits. 
I0312 03:31:47.739290 162874 AriaExecutor.h:94] AriaExecutor 6 exits. 
I0312 03:31:47.739298 162870 AriaExecutor.h:94] AriaExecutor 2 exits. 
I0312 03:31:47.739300 162869 AriaExecutor.h:94] AriaExecutor 1 exits. 
I0312 03:31:47.739292 162901 Manager.h:227] Manager(worker id = 32) on the coordinator node exits.
I0312 03:31:47.739290 162872 AriaExecutor.h:94] AriaExecutor 4 exits. 
I0312 03:31:47.739300 162894 AriaExecutor.h:94] AriaExecutor 25 exits. 
I0312 03:31:47.739300 162889 AriaExecutor.h:94] AriaExecutor 20 exits. 
I0312 03:31:47.739290 162881 AriaExecutor.h:94] AriaExecutor 13 exits. 
I0312 03:31:47.739297 162871 AriaExecutor.h:94] AriaExecutor 3 exits. 
I0312 03:31:47.739302 162886 AriaExecutor.h:94] AriaExecutor 17 exits. 
I0312 03:31:47.739303 162892 AriaExecutor.h:94] AriaExecutor 23 exits. 
I0312 03:31:47.739288 162899 AriaExecutor.h:94] AriaExecutor 30 exits. 
I0312 03:31:47.739305 162896 AriaExecutor.h:94] AriaExecutor 27 exits. 
I0312 03:31:47.739303 162883 AriaExecutor.h:94] AriaExecutor 14 exits. 
I0312 03:31:47.739305 162891 AriaExecutor.h:94] AriaExecutor 22 exits. 
I0312 03:31:47.739288 162876 AriaExecutor.h:94] AriaExecutor 8 exits. 
I0312 03:31:47.739301 162895 AriaExecutor.h:94] AriaExecutor 26 exits. 
I0312 03:31:47.739307 162890 AriaExecutor.h:94] AriaExecutor 21 exits. 
I0312 03:31:47.739305 162885 AriaExecutor.h:94] AriaExecutor 16 exits. 
I0312 03:31:47.739306 162898 AriaExecutor.h:94] AriaExecutor 29 exits. 
I0312 03:31:47.739300 162868 AriaExecutor.h:94] AriaExecutor 0 exits. 
I0312 03:31:47.739306 162884 AriaExecutor.h:94] AriaExecutor 15 exits. 
I0312 03:31:47.739305 162893 AriaExecutor.h:94] AriaExecutor 24 exits. 
I0312 03:31:47.739290 162879 AriaExecutor.h:94] AriaExecutor 11 exits. 
I0312 03:31:47.739298 162887 AriaExecutor.h:94] AriaExecutor 18 exits. 
I0312 03:31:47.739323 162897 AriaExecutor.h:94] AriaExecutor 28 exits. 
I0312 03:31:47.739298 162888 AriaExecutor.h:94] AriaExecutor 19 exits. 
I0312 03:31:47.739300 162878 AriaExecutor.h:94] AriaExecutor 10 exits. 
I0312 03:31:47.739291 162900 AriaExecutor.h:94] AriaExecutor 31 exits. 
I0312 03:31:47.739296 162877 AriaExecutor.h:94] AriaExecutor 9 exits. 
I0312 03:31:47.737710 162832 AriaExecutor.h:535] Worker 0 latency: 1276 us (50%) 1495 us (75%) 1620 us (95%) 1661 us (99%).
I0312 03:31:47.747535 162832 AriaExecutor.h:535] Worker 1 latency: 1410 us (50%) 1536 us (75%) 1617 us (95%) 1655 us (99%).
I0312 03:31:47.756367 162832 AriaExecutor.h:535] Worker 2 latency: 1408 us (50%) 1535 us (75%) 1617 us (95%) 1654 us (99%).
I0312 03:31:47.765192 162832 AriaExecutor.h:535] Worker 3 latency: 1408 us (50%) 1535 us (75%) 1617 us (95%) 1654 us (99%).
I0312 03:31:47.773976 162832 AriaExecutor.h:535] Worker 4 latency: 1407 us (50%) 1534 us (75%) 1617 us (95%) 1654 us (99%).
I0312 03:31:47.782709 162832 AriaExecutor.h:535] Worker 5 latency: 1407 us (50%) 1534 us (75%) 1617 us (95%) 1654 us (99%).
I0312 03:31:47.791507 162832 AriaExecutor.h:535] Worker 6 latency: 1406 us (50%) 1533 us (75%) 1617 us (95%) 1654 us (99%).
I0312 03:31:47.800379 162832 AriaExecutor.h:535] Worker 7 latency: 1406 us (50%) 1533 us (75%) 1616 us (95%) 1653 us (99%).
I0312 03:31:47.809072 162832 AriaExecutor.h:535] Worker 8 latency: 1404 us (50%) 1532 us (75%) 1616 us (95%) 1653 us (99%).
I0312 03:31:47.817772 162832 AriaExecutor.h:535] Worker 9 latency: 1404 us (50%) 1532 us (75%) 1616 us (95%) 1654 us (99%).
I0312 03:31:47.826368 162832 AriaExecutor.h:535] Worker 10 latency: 1403 us (50%) 1531 us (75%) 1615 us (95%) 1653 us (99%).
I0312 03:31:47.835035 162832 AriaExecutor.h:535] Worker 11 latency: 1402 us (50%) 1530 us (75%) 1615 us (95%) 1653 us (99%).
I0312 03:31:47.843835 162832 AriaExecutor.h:535] Worker 12 latency: 1403 us (50%) 1531 us (75%) 1615 us (95%) 1653 us (99%).
I0312 03:31:47.852444 162832 AriaExecutor.h:535] Worker 13 latency: 1401 us (50%) 1530 us (75%) 1615 us (95%) 1653 us (99%).
I0312 03:31:47.861093 162832 AriaExecutor.h:535] Worker 14 latency: 1401 us (50%) 1530 us (75%) 1615 us (95%) 1653 us (99%).
I0312 03:31:47.869799 162832 AriaExecutor.h:535] Worker 15 latency: 1401 us (50%) 1529 us (75%) 1615 us (95%) 1652 us (99%).
I0312 03:31:47.878636 162832 AriaExecutor.h:535] Worker 16 latency: 1401 us (50%) 1529 us (75%) 1615 us (95%) 1653 us (99%).
I0312 03:31:47.887290 162832 AriaExecutor.h:535] Worker 17 latency: 1401 us (50%) 1529 us (75%) 1615 us (95%) 1652 us (99%).
I0312 03:31:47.895957 162832 AriaExecutor.h:535] Worker 18 latency: 1400 us (50%) 1529 us (75%) 1614 us (95%) 1652 us (99%).
I0312 03:31:47.904531 162832 AriaExecutor.h:535] Worker 19 latency: 1401 us (50%) 1528 us (75%) 1614 us (95%) 1652 us (99%).
I0312 03:31:47.913118 162832 AriaExecutor.h:535] Worker 20 latency: 1400 us (50%) 1528 us (75%) 1614 us (95%) 1652 us (99%).
I0312 03:31:47.921753 162832 AriaExecutor.h:535] Worker 21 latency: 1399 us (50%) 1528 us (75%) 1614 us (95%) 1652 us (99%).
I0312 03:31:47.930383 162832 AriaExecutor.h:535] Worker 22 latency: 1399 us (50%) 1527 us (75%) 1614 us (95%) 1652 us (99%).
I0312 03:31:47.938974 162832 AriaExecutor.h:535] Worker 23 latency: 1399 us (50%) 1527 us (75%) 1613 us (95%) 1652 us (99%).
I0312 03:31:47.947561 162832 AriaExecutor.h:535] Worker 24 latency: 1399 us (50%) 1527 us (75%) 1613 us (95%) 1652 us (99%).
I0312 03:31:47.956209 162832 AriaExecutor.h:535] Worker 25 latency: 1399 us (50%) 1527 us (75%) 1614 us (95%) 1652 us (99%).
I0312 03:31:47.964788 162832 AriaExecutor.h:535] Worker 26 latency: 1398 us (50%) 1526 us (75%) 1613 us (95%) 1652 us (99%).
I0312 03:31:47.973229 162832 AriaExecutor.h:535] Worker 27 latency: 1397 us (50%) 1526 us (75%) 1613 us (95%) 1652 us (99%).
I0312 03:31:47.981701 162832 AriaExecutor.h:535] Worker 28 latency: 1397 us (50%) 1526 us (75%) 1613 us (95%) 1651 us (99%).
I0312 03:31:47.990235 162832 AriaExecutor.h:535] Worker 29 latency: 1388 us (50%) 1522 us (75%) 1612 us (95%) 1651 us (99%).
I0312 03:31:47.998673 162832 AriaExecutor.h:535] Worker 30 latency: 1395 us (50%) 1525 us (75%) 1613 us (95%) 1651 us (99%).
I0312 03:31:48.007089 162832 AriaExecutor.h:535] Worker 31 latency: 1397 us (50%) 1525 us (75%) 1613 us (95%) 1651 us (99%).
I0312 03:31:48.015564 162832 Coordinator.h:177] total commit: 242068
I0312 03:31:49.015764 162832 Coordinator.h:192] Coordinator exits.
