I0312 02:29:36.391404 153664 Database.h:65] ycsb initialization finished in 176 milliseconds.
I0312 02:29:36.391642 153664 Coordinator.h:30] Coordinator initializes 8 workers.
I0312 02:29:36.502493 153664 Coordinator.h:77] Coordinator starts to run 9 workers.
I0312 02:29:36.502592 153676 AriaExecutor.h:82] AriaExecutor 0 started. 
I0312 02:29:36.502630 153677 AriaExecutor.h:82] AriaExecutor 1 started. 
I0312 02:29:36.502730 153678 AriaExecutor.h:82] AriaExecutor 2 started. 
I0312 02:29:36.502797 153679 AriaExecutor.h:82] AriaExecutor 3 started. 
I0312 02:29:36.502862 153680 AriaExecutor.h:82] AriaExecutor 4 started. 
I0312 02:29:36.502936 153681 AriaExecutor.h:82] AriaExecutor 5 started. 
I0312 02:29:36.502991 153682 AriaExecutor.h:82] AriaExecutor 6 started. 
I0312 02:29:36.503046 153683 AriaExecutor.h:82] AriaExecutor 7 started. 
I0312 02:29:36.503115 153684 Manager.h:224] Manager(worker id = 8) on the coordinator node started.
I0312 02:29:37.503158 153664 Coordinator.h:126] commit: 20 abort: 49132 (0/49132/0), network size: 0, avg network size: 0, si_in_serializable: 0 0 %, local: 0 %
I0312 02:29:38.503321 153664 Coordinator.h:126] commit: 23 abort: 57321 (0/57321/0), network size: 0, avg network size: 0, si_in_serializable: 0 0 %, local: 0 %
I0312 02:29:39.503518 153664 Coordinator.h:126] commit: 26 abort: 53222 (0/53222/0), network size: 0, avg network size: 0, si_in_serializable: 0 0 %, local: 0 %
I0312 02:29:40.503666 153664 Coordinator.h:126] commit: 20 abort: 53228 (0/53228/0), network size: 0, avg network size: 0, si_in_serializable: 0 0 %, local: 0 %
I0312 02:29:41.503786 153664 Coordinator.h:126] commit: 23 abort: 53225 (0/53225/0), network size: 0, avg network size: 0, si_in_serializable: 0 0 %, local: 0 %
I0312 02:29:42.503908 153664 Coordinator.h:126] commit: 19 abort: 57325 (0/57325/0), network size: 0, avg network size: 0, si_in_serializable: 0 0 %, local: 0 %
I0312 02:29:43.504037 153664 Coordinator.h:126] commit: 22 abort: 53226 (0/53226/0), network size: 0, avg network size: 0, si_in_serializable: 0 0 %, local: 0 %
I0312 02:29:44.504233 153664 Coordinator.h:126] commit: 22 abort: 53226 (0/53226/0), network size: 0, avg network size: 0, si_in_serializable: 0 0 %, local: 0 %
I0312 02:29:45.504401 153664 Coordinator.h:126] commit: 23 abort: 53225 (0/53225/0), network size: 0, avg network size: 0, si_in_serializable: 0 0 %, local: 0 %
I0312 02:29:46.504531 153664 Coordinator.h:126] commit: 24 abort: 57320 (0/57320/0), network size: 0, avg network size: 0, si_in_serializable: 0 0 %, local: 0 %
I0312 02:29:47.504659 153664 Coordinator.h:126] commit: 26 abort: 53222 (0/53222/0), network size: 0, avg network size: 0, si_in_serializable: 0 0 %, local: 0 %
I0312 02:29:48.504805 153664 Coordinator.h:126] commit: 19 abort: 53229 (0/53229/0), network size: 0, avg network size: 0, si_in_serializable: 0 0 %, local: 0 %
I0312 02:29:49.504930 153664 Coordinator.h:126] commit: 18 abort: 53230 (0/53230/0), network size: 0, avg network size: 0, si_in_serializable: 0 0 %, local: 0 %
I0312 02:29:50.505121 153664 Coordinator.h:126] commit: 26 abort: 57318 (0/57318/0), network size: 0, avg network size: 0, si_in_serializable: 0 0 %, local: 0 %
I0312 02:29:51.505270 153664 Coordinator.h:126] commit: 20 abort: 53228 (0/53228/0), network size: 0, avg network size: 0, si_in_serializable: 0 0 %, local: 0 %
I0312 02:29:52.505393 153664 Coordinator.h:126] commit: 21 abort: 53227 (0/53227/0), network size: 0, avg network size: 0, si_in_serializable: 0 0 %, local: 0 %
I0312 02:29:53.505527 153664 Coordinator.h:126] commit: 19 abort: 53229 (0/53229/0), network size: 0, avg network size: 0, si_in_serializable: 0 0 %, local: 0 %
I0312 02:29:54.505654 153664 Coordinator.h:126] commit: 17 abort: 57327 (0/57327/0), network size: 0, avg network size: 0, si_in_serializable: 0 0 %, local: 0 %
I0312 02:29:55.505779 153664 Coordinator.h:126] commit: 22 abort: 53226 (0/53226/0), network size: 0, avg network size: 0, si_in_serializable: 0 0 %, local: 0 %
I0312 02:29:56.505908 153664 Coordinator.h:126] commit: 21 abort: 53227 (0/53227/0), network size: 0, avg network size: 0, si_in_serializable: 0 0 %, local: 0 %
I0312 02:29:57.506031 153664 Coordinator.h:126] commit: 19 abort: 57325 (0/57325/0), network size: 0, avg network size: 0, si_in_serializable: 0 0 %, local: 0 %
I0312 02:29:58.506167 153664 Coordinator.h:126] commit: 21 abort: 53227 (0/53227/0), network size: 0, avg network size: 0, si_in_serializable: 0 0 %, local: 0 %
I0312 02:29:59.506299 153664 Coordinator.h:126] commit: 19 abort: 53229 (0/53229/0), network size: 0, avg network size: 0, si_in_serializable: 0 0 %, local: 0 %
I0312 02:30:00.506425 153664 Coordinator.h:126] commit: 20 abort: 53228 (0/53228/0), network size: 0, avg network size: 0, si_in_serializable: 0 0 %, local: 0 %
I0312 02:30:01.506614 153664 Coordinator.h:126] commit: 22 abort: 53226 (0/53226/0), network size: 0, avg network size: 0, si_in_serializable: 0 0 %, local: 0 %
I0312 02:30:01.506685 153664 Coordinator.h:152] average commit: 20.9 abort: 54046.3 (0/54046.3/0), network size: 0, avg network size: 0, si_in_serializable: 0 0 %, local: 0 %
I0312 02:30:01.506731 153664 AriaExecutor.h:535] Worker 0 latency: 75235 us (50%) 75385 us (75%) 75797 us (95%) 85712 us (99%).
I0312 02:30:01.507676 153684 Manager.h:227] Manager(worker id = 8) on the coordinator node exits.
I0312 02:30:01.507676 153678 AriaExecutor.h:94] AriaExecutor 2 exits. 
I0312 02:30:01.507676 153677 AriaExecutor.h:94] AriaExecutor 1 exits. 
I0312 02:30:01.507676 153683 AriaExecutor.h:94] AriaExecutor 7 exits. 
I0312 02:30:01.507676 153679 AriaExecutor.h:94] AriaExecutor 3 exits. 
I0312 02:30:01.507676 153680 AriaExecutor.h:94] AriaExecutor 4 exits. 
I0312 02:30:01.507676 153682 AriaExecutor.h:94] AriaExecutor 6 exits. 
I0312 02:30:01.507676 153681 AriaExecutor.h:94] AriaExecutor 5 exits. 
I0312 02:30:01.507676 153676 AriaExecutor.h:94] AriaExecutor 0 exits. 
I0312 02:30:01.507905 153664 AriaExecutor.h:535] Worker 1 latency: 75220 us (50%) 75357 us (75%) 75579 us (95%) 76576 us (99%).
I0312 02:30:01.507939 153664 AriaExecutor.h:535] Worker 2 latency: 75244 us (50%) 75396 us (75%) 75800 us (95%) 84783 us (99%).
I0312 02:30:01.507963 153664 AriaExecutor.h:535] Worker 3 latency: 75261 us (50%) 75521 us (75%) 76600 us (95%) 76600 us (99%).
I0312 02:30:01.507984 153664 AriaExecutor.h:535] Worker 4 latency: 75177 us (50%) 75307 us (75%) 75757 us (95%) 75757 us (99%).
I0312 02:30:01.508056 153664 AriaExecutor.h:535] Worker 5 latency: 75243 us (50%) 75396 us (75%) 75575 us (95%) 75575 us (99%).
I0312 02:30:01.508109 153664 AriaExecutor.h:535] Worker 6 latency: 75256 us (50%) 75288 us (75%) 75368 us (95%) 75368 us (99%).
I0312 02:30:01.508159 153664 AriaExecutor.h:535] Worker 7 latency: 75182 us (50%) 75472 us (75%) 75472 us (95%) 75472 us (99%).
I0312 02:30:01.508232 153664 Coordinator.h:177] total commit: 20.9
I0312 02:30:02.508440 153664 Coordinator.h:192] Coordinator exits.
