I0312 02:40:13.816578 154839 Database.h:65] ycsb initialization finished in 99 milliseconds.
I0312 02:40:13.816797 154839 Coordinator.h:30] Coordinator initializes 16 workers.
I0312 02:40:13.925668 154839 Coordinator.h:77] Coordinator starts to run 17 workers.
I0312 02:40:13.925755 154859 AriaExecutor.h:82] AriaExecutor 0 started. 
I0312 02:40:13.925801 154860 AriaExecutor.h:82] AriaExecutor 1 started. 
I0312 02:40:13.925894 154861 AriaExecutor.h:82] AriaExecutor 2 started. 
I0312 02:40:13.925987 154862 AriaExecutor.h:82] AriaExecutor 3 started. 
I0312 02:40:13.926066 154863 AriaExecutor.h:82] AriaExecutor 4 started. 
I0312 02:40:13.926164 154864 AriaExecutor.h:82] AriaExecutor 5 started. 
I0312 02:40:13.926250 154865 AriaExecutor.h:82] AriaExecutor 6 started. 
I0312 02:40:13.926339 154866 AriaExecutor.h:82] AriaExecutor 7 started. 
I0312 02:40:13.926391 154867 AriaExecutor.h:82] AriaExecutor 8 started. 
I0312 02:40:13.926479 154868 AriaExecutor.h:82] AriaExecutor 9 started. 
I0312 02:40:13.926560 154869 AriaExecutor.h:82] AriaExecutor 10 started. 
I0312 02:40:13.926688 154870 AriaExecutor.h:82] AriaExecutor 11 started. 
I0312 02:40:13.926787 154871 AriaExecutor.h:82] AriaExecutor 12 started. 
I0312 02:40:13.926894 154872 AriaExecutor.h:82] AriaExecutor 13 started. 
I0312 02:40:13.927001 154873 AriaExecutor.h:82] AriaExecutor 14 started. 
I0312 02:40:13.927129 154874 AriaExecutor.h:82] AriaExecutor 15 started. 
I0312 02:40:13.927248 154875 Manager.h:224] Manager(worker id = 16) on the coordinator node started.
I0312 02:40:14.927296 154839 Coordinator.h:126] commit: 2829 abort: 87283 (0/87283/0), network size: 0, avg network size: 0, si_in_serializable: 0 0 %, local: 0 %
I0312 02:40:15.927452 154839 Coordinator.h:126] commit: 2999 abort: 91209 (0/91209/0), network size: 0, avg network size: 0, si_in_serializable: 0 0 %, local: 0 %
I0312 02:40:16.927629 154839 Coordinator.h:126] commit: 2998 abort: 91210 (0/91210/0), network size: 0, avg network size: 0, si_in_serializable: 0 0 %, local: 0 %
I0312 02:40:17.927775 154839 Coordinator.h:126] commit: 2940 abort: 91268 (0/91268/0), network size: 0, avg network size: 0, si_in_serializable: 0 0 %, local: 0 %
I0312 02:40:18.927906 154839 Coordinator.h:126] commit: 3023 abort: 91185 (0/91185/0), network size: 0, avg network size: 0, si_in_serializable: 0 0 %, local: 0 %
I0312 02:40:19.928042 154839 Coordinator.h:126] commit: 2975 abort: 91233 (0/91233/0), network size: 0, avg network size: 0, si_in_serializable: 0 0 %, local: 0 %
I0312 02:40:20.928176 154839 Coordinator.h:126] commit: 3002 abort: 91206 (0/91206/0), network size: 0, avg network size: 0, si_in_serializable: 0 0 %, local: 0 %
I0312 02:40:21.928352 154839 Coordinator.h:126] commit: 2952 abort: 91256 (0/91256/0), network size: 0, avg network size: 0, si_in_serializable: 0 0 %, local: 0 %
I0312 02:40:22.928496 154839 Coordinator.h:126] commit: 3010 abort: 91198 (0/91198/0), network size: 0, avg network size: 0, si_in_serializable: 0 0 %, local: 0 %
I0312 02:40:23.928627 154839 Coordinator.h:126] commit: 2935 abort: 91273 (0/91273/0), network size: 0, avg network size: 0, si_in_serializable: 0 0 %, local: 0 %
I0312 02:40:24.928756 154839 Coordinator.h:126] commit: 2948 abort: 91260 (0/91260/0), network size: 0, avg network size: 0, si_in_serializable: 0 0 %, local: 0 %
I0312 02:40:25.928889 154839 Coordinator.h:126] commit: 2989 abort: 91219 (0/91219/0), network size: 0, avg network size: 0, si_in_serializable: 0 0 %, local: 0 %
I0312 02:40:26.929021 154839 Coordinator.h:126] commit: 2927 abort: 91281 (0/91281/0), network size: 0, avg network size: 0, si_in_serializable: 0 0 %, local: 0 %
I0312 02:40:27.929152 154839 Coordinator.h:126] commit: 2954 abort: 91254 (0/91254/0), network size: 0, avg network size: 0, si_in_serializable: 0 0 %, local: 0 %
I0312 02:40:28.929278 154839 Coordinator.h:126] commit: 3028 abort: 91180 (0/91180/0), network size: 0, avg network size: 0, si_in_serializable: 0 0 %, local: 0 %
I0312 02:40:29.929409 154839 Coordinator.h:126] commit: 3004 abort: 91204 (0/91204/0), network size: 0, avg network size: 0, si_in_serializable: 0 0 %, local: 0 %
I0312 02:40:30.929575 154839 Coordinator.h:126] commit: 2828 abort: 87284 (0/87284/0), network size: 0, avg network size: 0, si_in_serializable: 0 0 %, local: 0 %
I0312 02:40:31.929721 154839 Coordinator.h:126] commit: 3000 abort: 91208 (0/91208/0), network size: 0, avg network size: 0, si_in_serializable: 0 0 %, local: 0 %
I0312 02:40:32.929853 154839 Coordinator.h:126] commit: 2956 abort: 91252 (0/91252/0), network size: 0, avg network size: 0, si_in_serializable: 0 0 %, local: 0 %
I0312 02:40:33.929984 154839 Coordinator.h:126] commit: 2949 abort: 91259 (0/91259/0), network size: 0, avg network size: 0, si_in_serializable: 0 0 %, local: 0 %
I0312 02:40:34.930109 154839 Coordinator.h:126] commit: 3059 abort: 91149 (0/91149/0), network size: 0, avg network size: 0, si_in_serializable: 0 0 %, local: 0 %
I0312 02:40:35.930238 154839 Coordinator.h:126] commit: 2928 abort: 91280 (0/91280/0), network size: 0, avg network size: 0, si_in_serializable: 0 0 %, local: 0 %
I0312 02:40:36.930374 154839 Coordinator.h:126] commit: 2976 abort: 91232 (0/91232/0), network size: 0, avg network size: 0, si_in_serializable: 0 0 %, local: 0 %
I0312 02:40:37.930509 154839 Coordinator.h:126] commit: 2994 abort: 91214 (0/91214/0), network size: 0, avg network size: 0, si_in_serializable: 0 0 %, local: 0 %
I0312 02:40:38.930648 154839 Coordinator.h:126] commit: 2924 abort: 91284 (0/91284/0), network size: 0, avg network size: 0, si_in_serializable: 0 0 %, local: 0 %
I0312 02:40:38.930694 154839 Coordinator.h:152] average commit: 2958.3 abort: 90840.1 (0/90840.1/0), network size: 0, avg network size: 0, si_in_serializable: 0 0 %, local: 0 %
I0312 02:40:38.930706 154839 AriaExecutor.h:535] Worker 0 latency: 42875 us (50%) 43085 us (75%) 44568 us (95%) 46836 us (99%).
I0312 02:40:38.966832 154870 AriaExecutor.h:94] AriaExecutor 11 exits. 
I0312 02:40:38.966847 154874 AriaExecutor.h:94] AriaExecutor 15 exits. 
I0312 02:40:38.966867 154875 Manager.h:227] Manager(worker id = 16) on the coordinator node exits.
I0312 02:40:38.966832 154871 AriaExecutor.h:94] AriaExecutor 12 exits. 
I0312 02:40:38.966832 154865 AriaExecutor.h:94] AriaExecutor 6 exits. 
I0312 02:40:38.966832 154869 AriaExecutor.h:94] AriaExecutor 10 exits. 
I0312 02:40:38.966832 154862 AriaExecutor.h:94] AriaExecutor 3 exits. 
I0312 02:40:38.966832 154859 AriaExecutor.h:94] AriaExecutor 0 exits. 
I0312 02:40:38.966832 154863 AriaExecutor.h:94] AriaExecutor 4 exits. 
I0312 02:40:38.966832 154867 AriaExecutor.h:94] AriaExecutor 8 exits. 
I0312 02:40:38.966832 154868 AriaExecutor.h:94] AriaExecutor 9 exits. 
I0312 02:40:38.966832 154861 AriaExecutor.h:94] AriaExecutor 2 exits. 
I0312 02:40:38.966832 154860 AriaExecutor.h:94] AriaExecutor 1 exits. 
I0312 02:40:38.966832 154864 AriaExecutor.h:94] AriaExecutor 5 exits. 
I0312 02:40:38.966832 154872 AriaExecutor.h:94] AriaExecutor 13 exits. 
I0312 02:40:38.966847 154873 AriaExecutor.h:94] AriaExecutor 14 exits. 
I0312 02:40:38.966832 154866 AriaExecutor.h:94] AriaExecutor 7 exits. 
I0312 02:40:38.967154 154839 AriaExecutor.h:535] Worker 1 latency: 42874 us (50%) 43086 us (75%) 44634 us (95%) 46753 us (99%).
I0312 02:40:38.967444 154839 AriaExecutor.h:535] Worker 2 latency: 42870 us (50%) 43085 us (75%) 44647 us (95%) 50534 us (99%).
I0312 02:40:38.967685 154839 AriaExecutor.h:535] Worker 3 latency: 42867 us (50%) 43080 us (75%) 44581 us (95%) 46831 us (99%).
I0312 02:40:38.967929 154839 AriaExecutor.h:535] Worker 4 latency: 42876 us (50%) 43087 us (75%) 44581 us (95%) 46815 us (99%).
I0312 02:40:38.968192 154839 AriaExecutor.h:535] Worker 5 latency: 42883 us (50%) 43090 us (75%) 44554 us (95%) 46576 us (99%).
I0312 02:40:38.968453 154839 AriaExecutor.h:535] Worker 6 latency: 42866 us (50%) 43083 us (75%) 44556 us (95%) 46537 us (99%).
I0312 02:40:38.968703 154839 AriaExecutor.h:535] Worker 7 latency: 42862 us (50%) 43076 us (75%) 44558 us (95%) 46696 us (99%).
I0312 02:40:38.968950 154839 AriaExecutor.h:535] Worker 8 latency: 42869 us (50%) 43086 us (75%) 44536 us (95%) 46648 us (99%).
I0312 02:40:38.969190 154839 AriaExecutor.h:535] Worker 9 latency: 42868 us (50%) 43084 us (75%) 44622 us (95%) 46829 us (99%).
I0312 02:40:38.969434 154839 AriaExecutor.h:535] Worker 10 latency: 42865 us (50%) 43076 us (75%) 44553 us (95%) 46776 us (99%).
I0312 02:40:38.969673 154839 AriaExecutor.h:535] Worker 11 latency: 42870 us (50%) 43086 us (75%) 44629 us (95%) 46748 us (99%).
I0312 02:40:38.969908 154839 AriaExecutor.h:535] Worker 12 latency: 42865 us (50%) 43086 us (75%) 44596 us (95%) 46812 us (99%).
I0312 02:40:38.970145 154839 AriaExecutor.h:535] Worker 13 latency: 42872 us (50%) 43091 us (75%) 44626 us (95%) 46913 us (99%).
I0312 02:40:38.970377 154839 AriaExecutor.h:535] Worker 14 latency: 42815 us (50%) 43049 us (75%) 44704 us (95%) 47029 us (99%).
I0312 02:40:38.970607 154839 AriaExecutor.h:535] Worker 15 latency: 42811 us (50%) 43040 us (75%) 44758 us (95%) 50292 us (99%).
I0312 02:40:38.970853 154839 Coordinator.h:177] total commit: 2958.3
I0312 02:40:39.971042 154839 Coordinator.h:192] Coordinator exits.
