I0312 04:29:39.952044 184036 Database.h:65] ycsb initialization finished in 977 milliseconds.
I0312 04:29:39.952287 184036 Coordinator.h:30] Coordinator initializes 1 workers.
I0312 04:29:39.992518 184036 Coordinator.h:77] Coordinator starts to run 2 workers.
I0312 04:29:39.992683 184041 AriaExecutor.h:91] AriaExecutor 0 started. 
I0312 04:29:39.992739 184042 Manager.h:224] Manager(worker id = 1) on the coordinator node started.
I0312 04:29:40.992784 184036 Coordinator.h:126] commit: 2569 abort: 6647 (0/6647/0), network size: 0, avg network size: 0, si_in_serializable: 0 0 %, local: 0 %
I0312 04:29:41.993001 184036 Coordinator.h:126] commit: 2492 abort: 6724 (0/6724/0), network size: 0, avg network size: 0, si_in_serializable: 0 0 %, local: 0 %
I0312 04:29:42.993132 184036 Coordinator.h:126] commit: 2543 abort: 6673 (0/6673/0), network size: 0, avg network size: 0, si_in_serializable: 0 0 %, local: 0 %
I0312 04:29:43.993239 184036 Coordinator.h:126] commit: 2811 abort: 7429 (0/7429/0), network size: 0, avg network size: 0, si_in_serializable: 0 0 %, local: 0 %
I0312 04:29:44.993396 184036 Coordinator.h:126] commit: 2506 abort: 6710 (0/6710/0), network size: 0, avg network size: 0, si_in_serializable: 0 0 %, local: 0 %
I0312 04:29:45.993526 184036 Coordinator.h:126] commit: 2525 abort: 6691 (0/6691/0), network size: 0, avg network size: 0, si_in_serializable: 0 0 %, local: 0 %
I0312 04:29:46.993690 184036 Coordinator.h:126] commit: 2490 abort: 6726 (0/6726/0), network size: 0, avg network size: 0, si_in_serializable: 0 0 %, local: 0 %
I0312 04:29:47.993819 184036 Coordinator.h:126] commit: 2783 abort: 7457 (0/7457/0), network size: 0, avg network size: 0, si_in_serializable: 0 0 %, local: 0 %
I0312 04:29:48.993973 184036 Coordinator.h:126] commit: 2547 abort: 6669 (0/6669/0), network size: 0, avg network size: 0, si_in_serializable: 0 0 %, local: 0 %
I0312 04:29:49.994103 184036 Coordinator.h:126] commit: 2511 abort: 6705 (0/6705/0), network size: 0, avg network size: 0, si_in_serializable: 0 0 %, local: 0 %
I0312 04:29:50.994211 184036 Coordinator.h:126] commit: 2545 abort: 6671 (0/6671/0), network size: 0, avg network size: 0, si_in_serializable: 0 0 %, local: 0 %
I0312 04:29:51.994369 184036 Coordinator.h:126] commit: 2649 abort: 6729 (0/6729/0), network size: 0, avg network size: 0, si_in_serializable: 0 0 %, local: 0 %
I0312 04:29:52.994498 184036 Coordinator.h:126] commit: 2694 abort: 7384 (0/7384/0), network size: 0, avg network size: 0, si_in_serializable: 0 0 %, local: 0 %
I0312 04:29:53.994604 184036 Coordinator.h:126] commit: 2546 abort: 6670 (0/6670/0), network size: 0, avg network size: 0, si_in_serializable: 0 0 %, local: 0 %
I0312 04:29:54.994714 184036 Coordinator.h:126] commit: 2851 abort: 7389 (0/7389/0), network size: 0, avg network size: 0, si_in_serializable: 0 0 %, local: 0 %
I0312 04:29:55.994874 184036 Coordinator.h:126] commit: 2527 abort: 6689 (0/6689/0), network size: 0, avg network size: 0, si_in_serializable: 0 0 %, local: 0 %
I0312 04:29:56.995002 184036 Coordinator.h:126] commit: 2527 abort: 6689 (0/6689/0), network size: 0, avg network size: 0, si_in_serializable: 0 0 %, local: 0 %
I0312 04:29:57.995101 184036 Coordinator.h:126] commit: 2757 abort: 7483 (0/7483/0), network size: 0, avg network size: 0, si_in_serializable: 0 0 %, local: 0 %
I0312 04:29:58.995205 184036 Coordinator.h:126] commit: 2509 abort: 6707 (0/6707/0), network size: 0, avg network size: 0, si_in_serializable: 0 0 %, local: 0 %
I0312 04:29:59.995307 184036 Coordinator.h:126] commit: 2874 abort: 7366 (0/7366/0), network size: 0, avg network size: 0, si_in_serializable: 0 0 %, local: 0 %
I0312 04:30:00.995466 184036 Coordinator.h:126] commit: 2539 abort: 6677 (0/6677/0), network size: 0, avg network size: 0, si_in_serializable: 0 0 %, local: 0 %
I0312 04:30:01.995599 184036 Coordinator.h:126] commit: 2532 abort: 6684 (0/6684/0), network size: 0, avg network size: 0, si_in_serializable: 0 0 %, local: 0 %
I0312 04:30:02.995702 184036 Coordinator.h:126] commit: 2534 abort: 6682 (0/6682/0), network size: 0, avg network size: 0, si_in_serializable: 0 0 %, local: 0 %
I0312 04:30:03.995810 184036 Coordinator.h:126] commit: 2841 abort: 7399 (0/7399/0), network size: 0, avg network size: 0, si_in_serializable: 0 0 %, local: 0 %
I0312 04:30:04.995918 184036 Coordinator.h:126] commit: 2539 abort: 6677 (0/6677/0), network size: 0, avg network size: 0, si_in_serializable: 0 0 %, local: 0 %
I0312 04:30:04.995954 184036 Coordinator.h:152] average commit: 2647.9 abort: 6977.7 (0/6977.7/0), network size: 0, avg network size: 0, si_in_serializable: 0 0 %, local: 0 %
I0312 04:30:04.995998 184036 AriaExecutor.h:649] Worker 0 latency: 94859 us (50%) 100645 us (75%) 104068 us (95%) 142357 us (99%).
I0312 04:30:05.012202 184041 AriaExecutor.h:103] AriaExecutor 0 exits. 
I0312 04:30:05.012202 184042 Manager.h:227] Manager(worker id = 1) on the coordinator node exits.
I0312 04:30:05.012367 184036 Coordinator.h:177] total commit: 2647.9
I0312 04:30:06.012504 184036 Coordinator.h:192] Coordinator exits.
