I0312 06:50:07.325345 210080 Database.h:65] ycsb initialization finished in 99 milliseconds.
I0312 06:50:07.325567 210080 Coordinator.h:30] Coordinator initializes 16 workers.
I0312 06:50:07.363451 210080 Coordinator.h:77] Coordinator starts to run 17 workers.
I0312 06:50:07.363544 210100 AriaExecutor.h:91] AriaExecutor 0 started. 
I0312 06:50:07.363592 210101 AriaExecutor.h:91] AriaExecutor 1 started. 
I0312 06:50:07.363673 210102 AriaExecutor.h:91] AriaExecutor 2 started. 
I0312 06:50:07.363735 210103 AriaExecutor.h:91] AriaExecutor 3 started. 
I0312 06:50:07.363798 210104 AriaExecutor.h:91] AriaExecutor 4 started. 
I0312 06:50:07.363884 210105 AriaExecutor.h:91] AriaExecutor 5 started. 
I0312 06:50:07.363993 210106 AriaExecutor.h:91] AriaExecutor 6 started. 
I0312 06:50:07.364079 210107 AriaExecutor.h:91] AriaExecutor 7 started. 
I0312 06:50:07.364169 210108 AriaExecutor.h:91] AriaExecutor 8 started. 
I0312 06:50:07.364274 210109 AriaExecutor.h:91] AriaExecutor 9 started. 
I0312 06:50:07.364346 210110 AriaExecutor.h:91] AriaExecutor 10 started. 
I0312 06:50:07.364584 210111 AriaExecutor.h:91] AriaExecutor 11 started. 
I0312 06:50:07.364735 210112 AriaExecutor.h:91] AriaExecutor 12 started. 
I0312 06:50:07.364924 210113 AriaExecutor.h:91] AriaExecutor 13 started. 
I0312 06:50:07.365095 210114 AriaExecutor.h:91] AriaExecutor 14 started. 
I0312 06:50:07.365249 210115 AriaExecutor.h:91] AriaExecutor 15 started. 
I0312 06:50:07.365396 210116 Manager.h:224] Manager(worker id = 16) on the coordinator node started.
I0312 06:50:08.365468 210080 Coordinator.h:126] commit: 113740 abort: 426932 (0/426932/0), network size: 0, avg network size: 0, si_in_serializable: 0 0 %, local: 0 %
I0312 06:50:09.365630 210080 Coordinator.h:126] commit: 115128 abort: 430664 (0/430664/0), network size: 0, avg network size: 0, si_in_serializable: 0 0 %, local: 0 %
I0312 06:50:10.365943 210080 Coordinator.h:126] commit: 115724 abort: 433140 (0/433140/0), network size: 0, avg network size: 0, si_in_serializable: 0 0 %, local: 0 %
I0312 06:50:11.366133 210080 Coordinator.h:126] commit: 116494 abort: 437490 (0/437490/0), network size: 0, avg network size: 0, si_in_serializable: 0 0 %, local: 0 %
I0312 06:50:12.366277 210080 Coordinator.h:126] commit: 116100 abort: 436860 (0/436860/0), network size: 0, avg network size: 0, si_in_serializable: 0 0 %, local: 0 %
I0312 06:50:13.366425 210080 Coordinator.h:126] commit: 114326 abort: 428394 (0/428394/0), network size: 0, avg network size: 0, si_in_serializable: 0 0 %, local: 0 %
I0312 06:50:14.366577 210080 Coordinator.h:126] commit: 116318 abort: 435618 (0/435618/0), network size: 0, avg network size: 0, si_in_serializable: 0 0 %, local: 0 %
I0312 06:50:15.366794 210080 Coordinator.h:126] commit: 115591 abort: 434297 (0/434297/0), network size: 0, avg network size: 0, si_in_serializable: 0 0 %, local: 0 %
I0312 06:50:16.366976 210080 Coordinator.h:126] commit: 115935 abort: 434977 (0/434977/0), network size: 0, avg network size: 0, si_in_serializable: 0 0 %, local: 0 %
I0312 06:50:17.367118 210080 Coordinator.h:126] commit: 116011 abort: 433877 (0/433877/0), network size: 0, avg network size: 0, si_in_serializable: 0 0 %, local: 0 %
I0312 06:50:18.367262 210080 Coordinator.h:126] commit: 116791 abort: 436169 (0/436169/0), network size: 0, avg network size: 0, si_in_serializable: 0 0 %, local: 0 %
I0312 06:50:19.367408 210080 Coordinator.h:126] commit: 116391 abort: 437593 (0/437593/0), network size: 0, avg network size: 0, si_in_serializable: 0 0 %, local: 0 %
I0312 06:50:20.367551 210080 Coordinator.h:126] commit: 115212 abort: 429556 (0/429556/0), network size: 0, avg network size: 0, si_in_serializable: 0 0 %, local: 0 %
I0312 06:50:21.367751 210080 Coordinator.h:126] commit: 115815 abort: 434073 (0/434073/0), network size: 0, avg network size: 0, si_in_serializable: 0 0 %, local: 0 %
I0312 06:50:22.367914 210080 Coordinator.h:126] commit: 116478 abort: 437506 (0/437506/0), network size: 0, avg network size: 0, si_in_serializable: 0 0 %, local: 0 %
I0312 06:50:23.368058 210080 Coordinator.h:126] commit: 116863 abort: 436097 (0/436097/0), network size: 0, avg network size: 0, si_in_serializable: 0 0 %, local: 0 %
I0312 06:50:24.368203 210080 Coordinator.h:126] commit: 116477 abort: 436483 (0/436483/0), network size: 0, avg network size: 0, si_in_serializable: 0 0 %, local: 0 %
I0312 06:50:25.368372 210080 Coordinator.h:126] commit: 115237 abort: 431579 (0/431579/0), network size: 0, avg network size: 0, si_in_serializable: 0 0 %, local: 0 %
I0312 06:50:26.368518 210080 Coordinator.h:126] commit: 115478 abort: 432362 (0/432362/0), network size: 0, avg network size: 0, si_in_serializable: 0 0 %, local: 0 %
I0312 06:50:27.368661 210080 Coordinator.h:126] commit: 116334 abort: 435602 (0/435602/0), network size: 0, avg network size: 0, si_in_serializable: 0 0 %, local: 0 %
I0312 06:50:28.368798 210080 Coordinator.h:126] commit: 116525 abort: 437459 (0/437459/0), network size: 0, avg network size: 0, si_in_serializable: 0 0 %, local: 0 %
I0312 06:50:29.368942 210080 Coordinator.h:126] commit: 115607 abort: 433257 (0/433257/0), network size: 0, avg network size: 0, si_in_serializable: 0 0 %, local: 0 %
I0312 06:50:30.369087 210080 Coordinator.h:126] commit: 116918 abort: 437066 (0/437066/0), network size: 0, avg network size: 0, si_in_serializable: 0 0 %, local: 0 %
I0312 06:50:31.369225 210080 Coordinator.h:126] commit: 116998 abort: 438010 (0/438010/0), network size: 0, avg network size: 0, si_in_serializable: 0 0 %, local: 0 %
I0312 06:50:32.369427 210080 Coordinator.h:126] commit: 116189 abort: 436771 (0/436771/0), network size: 0, avg network size: 0, si_in_serializable: 0 0 %, local: 0 %
I0312 06:50:32.369501 210080 Coordinator.h:152] average commit: 116108 abort: 434702 (0/434702/0), network size: 0, avg network size: 0, si_in_serializable: 0 0 %, local: 0 %
I0312 06:50:32.371101 210102 AriaExecutor.h:103] AriaExecutor 2 exits. 
I0312 06:50:32.371115 210114 AriaExecutor.h:103] AriaExecutor 14 exits. 
I0312 06:50:32.371124 210116 Manager.h:227] Manager(worker id = 16) on the coordinator node exits.
I0312 06:50:32.371102 210109 AriaExecutor.h:103] AriaExecutor 9 exits. 
I0312 06:50:32.371100 210108 AriaExecutor.h:103] AriaExecutor 8 exits. 
I0312 06:50:32.371104 210106 AriaExecutor.h:103] AriaExecutor 6 exits. 
I0312 06:50:32.371100 210105 AriaExecutor.h:103] AriaExecutor 5 exits. 
I0312 06:50:32.371109 210104 AriaExecutor.h:103] AriaExecutor 4 exits. 
I0312 06:50:32.371109 210103 AriaExecutor.h:103] AriaExecutor 3 exits. 
I0312 06:50:32.371116 210112 AriaExecutor.h:103] AriaExecutor 12 exits. 
I0312 06:50:32.371102 210101 AriaExecutor.h:103] AriaExecutor 1 exits. 
I0312 06:50:32.371122 210115 AriaExecutor.h:103] AriaExecutor 15 exits. 
I0312 06:50:32.371100 210110 AriaExecutor.h:103] AriaExecutor 10 exits. 
I0312 06:50:32.371116 210111 AriaExecutor.h:103] AriaExecutor 11 exits. 
I0312 06:50:32.371124 210100 AriaExecutor.h:103] AriaExecutor 0 exits. 
I0312 06:50:32.371102 210107 AriaExecutor.h:103] AriaExecutor 7 exits. 
I0312 06:50:32.371116 210113 AriaExecutor.h:103] AriaExecutor 13 exits. 
I0312 06:50:32.369549 210080 AriaExecutor.h:649] Worker 0 latency: 1447 us (50%) 1694 us (75%) 1807 us (95%) 1836 us (99%).
I0312 06:50:32.393846 210080 AriaExecutor.h:649] Worker 1 latency: 1444 us (50%) 1691 us (75%) 1806 us (95%) 1836 us (99%).
I0312 06:50:32.406898 210080 AriaExecutor.h:649] Worker 2 latency: 1441 us (50%) 1688 us (75%) 1805 us (95%) 1835 us (99%).
I0312 06:50:32.418051 210080 AriaExecutor.h:649] Worker 3 latency: 1439 us (50%) 1687 us (75%) 1804 us (95%) 1835 us (99%).
I0312 06:50:32.429096 210080 AriaExecutor.h:649] Worker 4 latency: 1437 us (50%) 1683 us (75%) 1804 us (95%) 1834 us (99%).
I0312 06:50:32.439980 210080 AriaExecutor.h:649] Worker 5 latency: 1431 us (50%) 1681 us (75%) 1803 us (95%) 1833 us (99%).
I0312 06:50:32.450726 210080 AriaExecutor.h:649] Worker 6 latency: 1431 us (50%) 1679 us (75%) 1802 us (95%) 1833 us (99%).
I0312 06:50:32.461431 210080 AriaExecutor.h:649] Worker 7 latency: 1427 us (50%) 1676 us (75%) 1802 us (95%) 1833 us (99%).
I0312 06:50:32.472155 210080 AriaExecutor.h:649] Worker 8 latency: 1424 us (50%) 1674 us (75%) 1801 us (95%) 1833 us (99%).
I0312 06:50:32.482999 210080 AriaExecutor.h:649] Worker 9 latency: 1422 us (50%) 1673 us (75%) 1800 us (95%) 1832 us (99%).
I0312 06:50:32.493705 210080 AriaExecutor.h:649] Worker 10 latency: 1422 us (50%) 1672 us (75%) 1800 us (95%) 1832 us (99%).
I0312 06:50:32.504405 210080 AriaExecutor.h:649] Worker 11 latency: 1418 us (50%) 1670 us (75%) 1799 us (95%) 1831 us (99%).
I0312 06:50:32.515060 210080 AriaExecutor.h:649] Worker 12 latency: 1421 us (50%) 1670 us (75%) 1799 us (95%) 1831 us (99%).
I0312 06:50:32.525604 210080 AriaExecutor.h:649] Worker 13 latency: 1416 us (50%) 1667 us (75%) 1798 us (95%) 1831 us (99%).
I0312 06:50:32.536115 210080 AriaExecutor.h:649] Worker 14 latency: 1400 us (50%) 1662 us (75%) 1799 us (95%) 1831 us (99%).
I0312 06:50:32.545552 210080 AriaExecutor.h:649] Worker 15 latency: 1399 us (50%) 1661 us (75%) 1799 us (95%) 1831 us (99%).
I0312 06:50:32.555032 210080 Coordinator.h:177] total commit: 116108
I0312 06:50:33.555256 210080 Coordinator.h:192] Coordinator exits.
