I0312 03:03:47.449882 157844 Database.h:65] ycsb initialization finished in 100 milliseconds.
I0312 03:03:47.450105 157844 Coordinator.h:30] Coordinator initializes 16 workers.
I0312 03:03:47.512228 157844 Coordinator.h:77] Coordinator starts to run 17 workers.
I0312 03:03:47.512332 157864 AriaExecutor.h:82] AriaExecutor 0 started. 
I0312 03:03:47.512364 157865 AriaExecutor.h:82] AriaExecutor 1 started. 
I0312 03:03:47.512442 157866 AriaExecutor.h:82] AriaExecutor 2 started. 
I0312 03:03:47.512530 157867 AriaExecutor.h:82] AriaExecutor 3 started. 
I0312 03:03:47.512605 157868 AriaExecutor.h:82] AriaExecutor 4 started. 
I0312 03:03:47.512677 157869 AriaExecutor.h:82] AriaExecutor 5 started. 
I0312 03:03:47.512758 157870 AriaExecutor.h:82] AriaExecutor 6 started. 
I0312 03:03:47.512836 157871 AriaExecutor.h:82] AriaExecutor 7 started. 
I0312 03:03:47.512894 157872 AriaExecutor.h:82] AriaExecutor 8 started. 
I0312 03:03:47.512985 157873 AriaExecutor.h:82] AriaExecutor 9 started. 
I0312 03:03:47.513108 157874 AriaExecutor.h:82] AriaExecutor 10 started. 
I0312 03:03:47.513146 157875 AriaExecutor.h:82] AriaExecutor 11 started. 
I0312 03:03:47.513360 157876 AriaExecutor.h:82] AriaExecutor 12 started. 
I0312 03:03:47.513523 157877 AriaExecutor.h:82] AriaExecutor 13 started. 
I0312 03:03:47.513695 157878 AriaExecutor.h:82] AriaExecutor 14 started. 
I0312 03:03:47.513837 157879 AriaExecutor.h:82] AriaExecutor 15 started. 
I0312 03:03:47.513989 157880 Manager.h:224] Manager(worker id = 16) on the coordinator node started.
I0312 03:03:48.514068 157844 Coordinator.h:126] commit: 459 abort: 146997 (0/146997/0), network size: 0, avg network size: 0, si_in_serializable: 0 0 %, local: 0 %
I0312 03:03:49.514245 157844 Coordinator.h:126] commit: 454 abort: 149050 (0/149050/0), network size: 0, avg network size: 0, si_in_serializable: 0 0 %, local: 0 %
I0312 03:03:50.514573 157844 Coordinator.h:126] commit: 448 abort: 149056 (0/149056/0), network size: 0, avg network size: 0, si_in_serializable: 0 0 %, local: 0 %
I0312 03:03:51.514762 157844 Coordinator.h:126] commit: 477 abort: 153123 (0/153123/0), network size: 0, avg network size: 0, si_in_serializable: 0 0 %, local: 0 %
I0312 03:03:52.514921 157844 Coordinator.h:126] commit: 477 abort: 153123 (0/153123/0), network size: 0, avg network size: 0, si_in_serializable: 0 0 %, local: 0 %
I0312 03:03:53.515074 157844 Coordinator.h:126] commit: 462 abort: 149042 (0/149042/0), network size: 0, avg network size: 0, si_in_serializable: 0 0 %, local: 0 %
I0312 03:03:54.515230 157844 Coordinator.h:126] commit: 484 abort: 151068 (0/151068/0), network size: 0, avg network size: 0, si_in_serializable: 0 0 %, local: 0 %
I0312 03:03:55.515482 157844 Coordinator.h:126] commit: 482 abort: 151101 (0/151101/0), network size: 0, avg network size: 0, si_in_serializable: 0 0 %, local: 0 %
I0312 03:03:56.515659 157844 Coordinator.h:126] commit: 504 abort: 153063 (0/153063/0), network size: 0, avg network size: 0, si_in_serializable: 0 0 %, local: 0 %
I0312 03:03:57.515836 157844 Coordinator.h:126] commit: 487 abort: 151065 (0/151065/0), network size: 0, avg network size: 0, si_in_serializable: 0 0 %, local: 0 %
I0312 03:03:58.515992 157844 Coordinator.h:126] commit: 486 abort: 153114 (0/153114/0), network size: 0, avg network size: 0, si_in_serializable: 0 0 %, local: 0 %
I0312 03:03:59.516152 157844 Coordinator.h:126] commit: 495 abort: 151057 (0/151057/0), network size: 0, avg network size: 0, si_in_serializable: 0 0 %, local: 0 %
I0312 03:04:00.516287 157844 Coordinator.h:126] commit: 486 abort: 151066 (0/151066/0), network size: 0, avg network size: 0, si_in_serializable: 0 0 %, local: 0 %
I0312 03:04:01.516516 157844 Coordinator.h:126] commit: 476 abort: 151076 (0/151076/0), network size: 0, avg network size: 0, si_in_serializable: 0 0 %, local: 0 %
I0312 03:04:02.516690 157844 Coordinator.h:126] commit: 470 abort: 151082 (0/151082/0), network size: 0, avg network size: 0, si_in_serializable: 0 0 %, local: 0 %
I0312 03:04:03.516846 157844 Coordinator.h:126] commit: 466 abort: 149038 (0/149038/0), network size: 0, avg network size: 0, si_in_serializable: 0 0 %, local: 0 %
I0312 03:04:04.517022 157844 Coordinator.h:126] commit: 459 abort: 151093 (0/151093/0), network size: 0, avg network size: 0, si_in_serializable: 0 0 %, local: 0 %
I0312 03:04:05.517180 157844 Coordinator.h:126] commit: 487 abort: 151065 (0/151065/0), network size: 0, avg network size: 0, si_in_serializable: 0 0 %, local: 0 %
I0312 03:04:06.517343 157844 Coordinator.h:126] commit: 457 abort: 151095 (0/151095/0), network size: 0, avg network size: 0, si_in_serializable: 0 0 %, local: 0 %
I0312 03:04:07.517501 157844 Coordinator.h:126] commit: 502 abort: 151050 (0/151050/0), network size: 0, avg network size: 0, si_in_serializable: 0 0 %, local: 0 %
I0312 03:04:08.517661 157844 Coordinator.h:126] commit: 462 abort: 149042 (0/149042/0), network size: 0, avg network size: 0, si_in_serializable: 0 0 %, local: 0 %
I0312 03:04:09.517817 157844 Coordinator.h:126] commit: 468 abort: 151084 (0/151084/0), network size: 0, avg network size: 0, si_in_serializable: 0 0 %, local: 0 %
I0312 03:04:10.517978 157844 Coordinator.h:126] commit: 449 abort: 151103 (0/151103/0), network size: 0, avg network size: 0, si_in_serializable: 0 0 %, local: 0 %
I0312 03:04:11.518204 157844 Coordinator.h:126] commit: 448 abort: 151104 (0/151104/0), network size: 0, avg network size: 0, si_in_serializable: 0 0 %, local: 0 %
I0312 03:04:12.518378 157844 Coordinator.h:126] commit: 476 abort: 151076 (0/151076/0), network size: 0, avg network size: 0, si_in_serializable: 0 0 %, local: 0 %
I0312 03:04:12.518445 157844 Coordinator.h:152] average commit: 478.4 abort: 151074 (0/151074/0), network size: 0, avg network size: 0, si_in_serializable: 0 0 %, local: 0 %
I0312 03:04:12.518491 157844 AriaExecutor.h:535] Worker 0 latency: 13427 us (50%) 13501 us (75%) 13636 us (95%) 13921 us (99%).
I0312 03:04:12.524721 157879 AriaExecutor.h:94] AriaExecutor 15 exits. 
I0312 03:04:12.524741 157876 AriaExecutor.h:94] AriaExecutor 12 exits. 
I0312 03:04:12.524724 157872 AriaExecutor.h:94] AriaExecutor 8 exits. 
I0312 03:04:12.524745 157880 Manager.h:227] Manager(worker id = 16) on the coordinator node exits.
I0312 03:04:12.524724 157870 AriaExecutor.h:94] AriaExecutor 6 exits. 
I0312 03:04:12.524722 157869 AriaExecutor.h:94] AriaExecutor 5 exits. 
I0312 03:04:12.524724 157873 AriaExecutor.h:94] AriaExecutor 9 exits. 
I0312 03:04:12.524726 157865 AriaExecutor.h:94] AriaExecutor 1 exits. 
I0312 03:04:12.524726 157864 AriaExecutor.h:94] AriaExecutor 0 exits. 
I0312 03:04:12.524726 157866 AriaExecutor.h:94] AriaExecutor 2 exits. 
I0312 03:04:12.524741 157877 AriaExecutor.h:94] AriaExecutor 13 exits. 
I0312 03:04:12.524724 157871 AriaExecutor.h:94] AriaExecutor 7 exits. 
I0312 03:04:12.524724 157868 AriaExecutor.h:94] AriaExecutor 4 exits. 
I0312 03:04:12.524724 157874 AriaExecutor.h:94] AriaExecutor 10 exits. 
I0312 03:04:12.524724 157867 AriaExecutor.h:94] AriaExecutor 3 exits. 
I0312 03:04:12.524721 157878 AriaExecutor.h:94] AriaExecutor 14 exits. 
I0312 03:04:12.524724 157875 AriaExecutor.h:94] AriaExecutor 11 exits. 
I0312 03:04:12.525039 157844 AriaExecutor.h:535] Worker 1 latency: 13419 us (50%) 13492 us (75%) 13628 us (95%) 13911 us (99%).
I0312 03:04:12.525317 157844 AriaExecutor.h:535] Worker 2 latency: 13421 us (50%) 13498 us (75%) 13632 us (95%) 13920 us (99%).
I0312 03:04:12.525530 157844 AriaExecutor.h:535] Worker 3 latency: 13408 us (50%) 13493 us (75%) 13628 us (95%) 13799 us (99%).
I0312 03:04:12.525692 157844 AriaExecutor.h:535] Worker 4 latency: 13405 us (50%) 13487 us (75%) 13623 us (95%) 13993 us (99%).
I0312 03:04:12.525902 157844 AriaExecutor.h:535] Worker 5 latency: 13396 us (50%) 13472 us (75%) 13598 us (95%) 13787 us (99%).
I0312 03:04:12.526064 157844 AriaExecutor.h:535] Worker 6 latency: 13389 us (50%) 13475 us (75%) 13632 us (95%) 14142 us (99%).
I0312 03:04:12.526187 157844 AriaExecutor.h:535] Worker 7 latency: 13389 us (50%) 13468 us (75%) 13598 us (95%) 14104 us (99%).
I0312 03:04:12.526304 157844 AriaExecutor.h:535] Worker 8 latency: 13378 us (50%) 13459 us (75%) 13595 us (95%) 15197 us (99%).
I0312 03:04:12.526417 157844 AriaExecutor.h:535] Worker 9 latency: 13363 us (50%) 13448 us (75%) 13593 us (95%) 13925 us (99%).
I0312 03:04:12.526515 157844 AriaExecutor.h:535] Worker 10 latency: 13356 us (50%) 13461 us (75%) 13620 us (95%) 13716 us (99%).
I0312 03:04:12.526615 157844 AriaExecutor.h:535] Worker 11 latency: 13355 us (50%) 13447 us (75%) 13595 us (95%) 13756 us (99%).
I0312 03:04:12.526713 157844 AriaExecutor.h:535] Worker 12 latency: 13376 us (50%) 13479 us (75%) 13638 us (95%) 13945 us (99%).
I0312 03:04:12.526805 157844 AriaExecutor.h:535] Worker 13 latency: 13359 us (50%) 13461 us (75%) 13605 us (95%) 13797 us (99%).
I0312 03:04:12.526892 157844 AriaExecutor.h:535] Worker 14 latency: 13375 us (50%) 13477 us (75%) 13629 us (95%) 14119 us (99%).
I0312 03:04:12.526990 157844 AriaExecutor.h:535] Worker 15 latency: 13377 us (50%) 13474 us (75%) 13585 us (95%) 13836 us (99%).
I0312 03:04:12.527102 157844 Coordinator.h:177] total commit: 478.4
I0312 03:04:13.527325 157844 Coordinator.h:192] Coordinator exits.
