I0312 06:10:07.713896 190465 Database.h:65] ycsb initialization finished in 177 milliseconds.
I0312 06:10:07.714114 190465 Coordinator.h:30] Coordinator initializes 8 workers.
I0312 06:10:07.753225 190465 Coordinator.h:77] Coordinator starts to run 9 workers.
I0312 06:10:07.753332 190477 AriaExecutor.h:91] AriaExecutor 0 started. 
I0312 06:10:07.753376 190478 AriaExecutor.h:91] AriaExecutor 1 started. 
I0312 06:10:07.753458 190479 AriaExecutor.h:91] AriaExecutor 2 started. 
I0312 06:10:07.753540 190480 AriaExecutor.h:91] AriaExecutor 3 started. 
I0312 06:10:07.753607 190481 AriaExecutor.h:91] AriaExecutor 4 started. 
I0312 06:10:07.753693 190482 AriaExecutor.h:91] AriaExecutor 5 started. 
I0312 06:10:07.753800 190483 AriaExecutor.h:91] AriaExecutor 6 started. 
I0312 06:10:07.753898 190484 AriaExecutor.h:91] AriaExecutor 7 started. 
I0312 06:10:07.753996 190485 Manager.h:224] Manager(worker id = 8) on the coordinator node started.
I0312 06:10:08.754043 190465 Coordinator.h:126] commit: 324288 abort: 14656 (0/14656/0), network size: 0, avg network size: 0, si_in_serializable: 0 0 %, local: 0 %
I0312 06:10:09.754195 190465 Coordinator.h:126] commit: 327955 abort: 15085 (0/15085/0), network size: 0, avg network size: 0, si_in_serializable: 0 0 %, local: 0 %
I0312 06:10:10.754371 190465 Coordinator.h:126] commit: 331894 abort: 15242 (0/15242/0), network size: 0, avg network size: 0, si_in_serializable: 0 0 %, local: 0 %
I0312 06:10:11.754499 190465 Coordinator.h:126] commit: 331114 abort: 14998 (0/14998/0), network size: 0, avg network size: 0, si_in_serializable: 0 0 %, local: 0 %
I0312 06:10:12.754611 190465 Coordinator.h:126] commit: 332236 abort: 14900 (0/14900/0), network size: 0, avg network size: 0, si_in_serializable: 0 0 %, local: 0 %
I0312 06:10:13.754724 190465 Coordinator.h:126] commit: 329027 abort: 15037 (0/15037/0), network size: 0, avg network size: 0, si_in_serializable: 0 0 %, local: 0 %
I0312 06:10:14.754839 190465 Coordinator.h:126] commit: 328915 abort: 15149 (0/15149/0), network size: 0, avg network size: 0, si_in_serializable: 0 0 %, local: 0 %
I0312 06:10:15.755012 190465 Coordinator.h:126] commit: 331350 abort: 14923 (0/14923/0), network size: 0, avg network size: 0, si_in_serializable: 0 0 %, local: 0 %
I0312 06:10:16.755138 190465 Coordinator.h:126] commit: 329849 abort: 15066 (0/15066/0), network size: 0, avg network size: 0, si_in_serializable: 0 0 %, local: 0 %
I0312 06:10:17.755249 190465 Coordinator.h:126] commit: 331917 abort: 15228 (0/15228/0), network size: 0, avg network size: 0, si_in_serializable: 0 0 %, local: 0 %
I0312 06:10:18.755420 190465 Coordinator.h:126] commit: 331914 abort: 15222 (0/15222/0), network size: 0, avg network size: 0, si_in_serializable: 0 0 %, local: 0 %
I0312 06:10:19.755545 190465 Coordinator.h:126] commit: 329061 abort: 15003 (0/15003/0), network size: 0, avg network size: 0, si_in_serializable: 0 0 %, local: 0 %
I0312 06:10:20.755659 190465 Coordinator.h:126] commit: 322257 abort: 14639 (0/14639/0), network size: 0, avg network size: 0, si_in_serializable: 0 0 %, local: 0 %
I0312 06:10:21.755827 190465 Coordinator.h:126] commit: 330060 abort: 15028 (0/15028/0), network size: 0, avg network size: 0, si_in_serializable: 0 0 %, local: 0 %
I0312 06:10:22.755961 190465 Coordinator.h:126] commit: 331761 abort: 15375 (0/15375/0), network size: 0, avg network size: 0, si_in_serializable: 0 0 %, local: 0 %
I0312 06:10:23.756076 190465 Coordinator.h:126] commit: 331929 abort: 15207 (0/15207/0), network size: 0, avg network size: 0, si_in_serializable: 0 0 %, local: 0 %
I0312 06:10:24.756186 190465 Coordinator.h:126] commit: 332154 abort: 14982 (0/14982/0), network size: 0, avg network size: 0, si_in_serializable: 0 0 %, local: 0 %
I0312 06:10:25.756347 190465 Coordinator.h:126] commit: 330011 abort: 15077 (0/15077/0), network size: 0, avg network size: 0, si_in_serializable: 0 0 %, local: 0 %
I0312 06:10:26.756477 190465 Coordinator.h:126] commit: 332950 abort: 15210 (0/15210/0), network size: 0, avg network size: 0, si_in_serializable: 0 0 %, local: 0 %
I0312 06:10:27.756584 190465 Coordinator.h:126] commit: 332014 abort: 15122 (0/15122/0), network size: 0, avg network size: 0, si_in_serializable: 0 0 %, local: 0 %
I0312 06:10:28.756696 190465 Coordinator.h:126] commit: 331156 abort: 14956 (0/14956/0), network size: 0, avg network size: 0, si_in_serializable: 0 0 %, local: 0 %
I0312 06:10:29.756810 190465 Coordinator.h:126] commit: 332049 abort: 15087 (0/15087/0), network size: 0, avg network size: 0, si_in_serializable: 0 0 %, local: 0 %
I0312 06:10:30.756922 190465 Coordinator.h:126] commit: 333143 abort: 15017 (0/15017/0), network size: 0, avg network size: 0, si_in_serializable: 0 0 %, local: 0 %
I0312 06:10:31.757086 190465 Coordinator.h:126] commit: 330069 abort: 15019 (0/15019/0), network size: 0, avg network size: 0, si_in_serializable: 0 0 %, local: 0 %
I0312 06:10:32.757213 190465 Coordinator.h:126] commit: 332063 abort: 15073 (0/15073/0), network size: 0, avg network size: 0, si_in_serializable: 0 0 %, local: 0 %
I0312 06:10:32.757249 190465 Coordinator.h:152] average commit: 330411 abort: 15086.5 (0/15086.5/0), network size: 0, avg network size: 0, si_in_serializable: 0 0 %, local: 0 %
I0312 06:10:32.760046 190480 AriaExecutor.h:103] AriaExecutor 3 exits. 
I0312 06:10:32.760046 190479 AriaExecutor.h:103] AriaExecutor 2 exits. 
I0312 06:10:32.760046 190477 AriaExecutor.h:103] AriaExecutor 0 exits. 
I0312 06:10:32.760046 190484 AriaExecutor.h:103] AriaExecutor 7 exits. 
I0312 06:10:32.760046 190483 AriaExecutor.h:103] AriaExecutor 6 exits. 
I0312 06:10:32.760046 190485 Manager.h:227] Manager(worker id = 8) on the coordinator node exits.
I0312 06:10:32.760046 190482 AriaExecutor.h:103] AriaExecutor 5 exits. 
I0312 06:10:32.760047 190478 AriaExecutor.h:103] AriaExecutor 1 exits. 
I0312 06:10:32.760046 190481 AriaExecutor.h:103] AriaExecutor 4 exits. 
I0312 06:10:32.757294 190465 AriaExecutor.h:649] Worker 0 latency: 1790 us (50%) 2359 us (75%) 2804 us (95%) 2897 us (99%).
I0312 06:10:32.823316 190465 AriaExecutor.h:649] Worker 1 latency: 1795 us (50%) 2361 us (75%) 2805 us (95%) 2897 us (99%).
I0312 06:10:32.873704 190465 AriaExecutor.h:649] Worker 2 latency: 1794 us (50%) 2361 us (75%) 2805 us (95%) 2897 us (99%).
I0312 06:10:32.923933 190465 AriaExecutor.h:649] Worker 3 latency: 1795 us (50%) 2361 us (75%) 2805 us (95%) 2897 us (99%).
I0312 06:10:32.974419 190465 AriaExecutor.h:649] Worker 4 latency: 1794 us (50%) 2360 us (75%) 2805 us (95%) 2897 us (99%).
I0312 06:10:33.024286 190465 AriaExecutor.h:649] Worker 5 latency: 1790 us (50%) 2359 us (75%) 2804 us (95%) 2896 us (99%).
I0312 06:10:33.074599 190465 AriaExecutor.h:649] Worker 6 latency: 1791 us (50%) 2359 us (75%) 2804 us (95%) 2896 us (99%).
I0312 06:10:33.124513 190465 AriaExecutor.h:649] Worker 7 latency: 1793 us (50%) 2360 us (75%) 2805 us (95%) 2897 us (99%).
I0312 06:10:33.175364 190465 Coordinator.h:177] total commit: 330411
I0312 06:10:34.175555 190465 Coordinator.h:192] Coordinator exits.
