I0312 03:23:21.460039 161387 Database.h:65] ycsb initialization finished in 127 milliseconds.
I0312 03:23:21.460282 161387 Coordinator.h:30] Coordinator initializes 32 workers.
I0312 03:23:21.498726 161387 Coordinator.h:77] Coordinator starts to run 33 workers.
I0312 03:23:21.498821 161423 AriaExecutor.h:82] AriaExecutor 0 started. 
I0312 03:23:21.498852 161424 AriaExecutor.h:82] AriaExecutor 1 started. 
I0312 03:23:21.498934 161425 AriaExecutor.h:82] AriaExecutor 2 started. 
I0312 03:23:21.498999 161426 AriaExecutor.h:82] AriaExecutor 3 started. 
I0312 03:23:21.499085 161427 AriaExecutor.h:82] AriaExecutor 4 started. 
I0312 03:23:21.499195 161428 AriaExecutor.h:82] AriaExecutor 5 started. 
I0312 03:23:21.499249 161429 AriaExecutor.h:82] AriaExecutor 6 started. 
I0312 03:23:21.499321 161430 AriaExecutor.h:82] AriaExecutor 7 started. 
I0312 03:23:21.499399 161431 AriaExecutor.h:82] AriaExecutor 8 started. 
I0312 03:23:21.499637 161432 AriaExecutor.h:82] AriaExecutor 9 started. 
I0312 03:23:21.499817 161433 AriaExecutor.h:82] AriaExecutor 10 started. 
I0312 03:23:21.500015 161434 AriaExecutor.h:82] AriaExecutor 11 started. 
I0312 03:23:21.500200 161435 AriaExecutor.h:82] AriaExecutor 12 started. 
I0312 03:23:21.500371 161436 AriaExecutor.h:82] AriaExecutor 13 started. 
I0312 03:23:21.500531 161437 AriaExecutor.h:82] AriaExecutor 14 started. 
I0312 03:23:21.500739 161438 AriaExecutor.h:82] AriaExecutor 15 started. 
I0312 03:23:21.500918 161439 AriaExecutor.h:82] AriaExecutor 16 started. 
I0312 03:23:21.501122 161440 AriaExecutor.h:82] AriaExecutor 17 started. 
I0312 03:23:21.501318 161441 AriaExecutor.h:82] AriaExecutor 18 started. 
I0312 03:23:21.501511 161442 AriaExecutor.h:82] AriaExecutor 19 started. 
I0312 03:23:21.501699 161443 AriaExecutor.h:82] AriaExecutor 20 started. 
I0312 03:23:21.501883 161444 AriaExecutor.h:82] AriaExecutor 21 started. 
I0312 03:23:21.502069 161445 AriaExecutor.h:82] AriaExecutor 22 started. 
I0312 03:23:21.502259 161446 AriaExecutor.h:82] AriaExecutor 23 started. 
I0312 03:23:21.502440 161447 AriaExecutor.h:82] AriaExecutor 24 started. 
I0312 03:23:21.502636 161448 AriaExecutor.h:82] AriaExecutor 25 started. 
I0312 03:23:21.502822 161449 AriaExecutor.h:82] AriaExecutor 26 started. 
I0312 03:23:21.502992 161450 AriaExecutor.h:82] AriaExecutor 27 started. 
I0312 03:23:21.503201 161451 AriaExecutor.h:82] AriaExecutor 28 started. 
I0312 03:23:21.503376 161452 AriaExecutor.h:82] AriaExecutor 29 started. 
I0312 03:23:21.503561 161453 AriaExecutor.h:82] AriaExecutor 30 started. 
I0312 03:23:21.503736 161454 AriaExecutor.h:82] AriaExecutor 31 started. 
I0312 03:23:21.503929 161455 Manager.h:224] Manager(worker id = 32) on the coordinator node started.
I0312 03:23:22.504000 161387 Coordinator.h:126] commit: 747803 abort: 5861 (0/5861/0), network size: 0, avg network size: 0, si_in_serializable: 0 0 %, local: 0 %
I0312 03:23:23.504158 161387 Coordinator.h:126] commit: 748770 abort: 5918 (0/5918/0), network size: 0, avg network size: 0, si_in_serializable: 0 0 %, local: 0 %
I0312 03:23:24.504299 161387 Coordinator.h:126] commit: 750722 abort: 6014 (0/6014/0), network size: 0, avg network size: 0, si_in_serializable: 0 0 %, local: 0 %
I0312 03:23:25.504550 161387 Coordinator.h:126] commit: 749675 abort: 6037 (0/6037/0), network size: 0, avg network size: 0, si_in_serializable: 0 0 %, local: 0 %
I0312 03:23:26.504721 161387 Coordinator.h:126] commit: 752776 abort: 6008 (0/6008/0), network size: 0, avg network size: 0, si_in_serializable: 0 0 %, local: 0 %
I0312 03:23:27.504854 161387 Coordinator.h:126] commit: 747660 abort: 6004 (0/6004/0), network size: 0, avg network size: 0, si_in_serializable: 0 0 %, local: 0 %
I0312 03:23:28.504987 161387 Coordinator.h:126] commit: 749706 abort: 6006 (0/6006/0), network size: 0, avg network size: 0, si_in_serializable: 0 0 %, local: 0 %
I0312 03:23:29.505123 161387 Coordinator.h:126] commit: 751772 abort: 5988 (0/5988/0), network size: 0, avg network size: 0, si_in_serializable: 0 0 %, local: 0 %
I0312 03:23:30.505256 161387 Coordinator.h:126] commit: 742681 abort: 5863 (0/5863/0), network size: 0, avg network size: 0, si_in_serializable: 0 0 %, local: 0 %
I0312 03:23:31.505390 161387 Coordinator.h:126] commit: 748790 abort: 5898 (0/5898/0), network size: 0, avg network size: 0, si_in_serializable: 0 0 %, local: 0 %
I0312 03:23:32.505570 161387 Coordinator.h:126] commit: 747829 abort: 5835 (0/5835/0), network size: 0, avg network size: 0, si_in_serializable: 0 0 %, local: 0 %
I0312 03:23:33.505714 161387 Coordinator.h:126] commit: 732573 abort: 5731 (0/5731/0), network size: 0, avg network size: 0, si_in_serializable: 0 0 %, local: 0 %
I0312 03:23:34.505851 161387 Coordinator.h:126] commit: 749835 abort: 5877 (0/5877/0), network size: 0, avg network size: 0, si_in_serializable: 0 0 %, local: 0 %
I0312 03:23:35.505980 161387 Coordinator.h:126] commit: 747805 abort: 5859 (0/5859/0), network size: 0, avg network size: 0, si_in_serializable: 0 0 %, local: 0 %
I0312 03:23:36.506117 161387 Coordinator.h:126] commit: 749826 abort: 5886 (0/5886/0), network size: 0, avg network size: 0, si_in_serializable: 0 0 %, local: 0 %
I0312 03:23:37.506249 161387 Coordinator.h:126] commit: 745574 abort: 6042 (0/6042/0), network size: 0, avg network size: 0, si_in_serializable: 0 0 %, local: 0 %
I0312 03:23:38.506387 161387 Coordinator.h:126] commit: 749936 abort: 5776 (0/5776/0), network size: 0, avg network size: 0, si_in_serializable: 0 0 %, local: 0 %
I0312 03:23:39.506522 161387 Coordinator.h:126] commit: 746817 abort: 5823 (0/5823/0), network size: 0, avg network size: 0, si_in_serializable: 0 0 %, local: 0 %
I0312 03:23:40.506657 161387 Coordinator.h:126] commit: 740609 abort: 5887 (0/5887/0), network size: 0, avg network size: 0, si_in_serializable: 0 0 %, local: 0 %
I0312 03:23:41.506793 161387 Coordinator.h:126] commit: 749716 abort: 5996 (0/5996/0), network size: 0, avg network size: 0, si_in_serializable: 0 0 %, local: 0 %
I0312 03:23:42.506963 161387 Coordinator.h:126] commit: 747833 abort: 5831 (0/5831/0), network size: 0, avg network size: 0, si_in_serializable: 0 0 %, local: 0 %
I0312 03:23:43.507108 161387 Coordinator.h:126] commit: 750791 abort: 5945 (0/5945/0), network size: 0, avg network size: 0, si_in_serializable: 0 0 %, local: 0 %
I0312 03:23:44.507244 161387 Coordinator.h:126] commit: 703034 abort: 5574 (0/5574/0), network size: 0, avg network size: 0, si_in_serializable: 0 0 %, local: 0 %
I0312 03:23:45.507380 161387 Coordinator.h:126] commit: 748714 abort: 5974 (0/5974/0), network size: 0, avg network size: 0, si_in_serializable: 0 0 %, local: 0 %
I0312 03:23:46.507512 161387 Coordinator.h:126] commit: 749848 abort: 5864 (0/5864/0), network size: 0, avg network size: 0, si_in_serializable: 0 0 %, local: 0 %
I0312 03:23:46.507575 161387 Coordinator.h:152] average commit: 746052 abort: 5871.2 (0/5871.2/0), network size: 0, avg network size: 0, si_in_serializable: 0 0 %, local: 0 %
I0312 03:23:46.508625 161442 AriaExecutor.h:94] AriaExecutor 19 exits. 
I0312 03:23:46.508628 161443 AriaExecutor.h:94] AriaExecutor 20 exits. 
I0312 03:23:46.508625 161452 AriaExecutor.h:94] AriaExecutor 29 exits. 
I0312 03:23:46.508633 161423 AriaExecutor.h:94] AriaExecutor 0 exits. 
I0312 03:23:46.508630 161441 AriaExecutor.h:94] AriaExecutor 18 exits. 
I0312 03:23:46.508630 161440 AriaExecutor.h:94] AriaExecutor 17 exits. 
I0312 03:23:46.508648 161432 AriaExecutor.h:94] AriaExecutor 9 exits. 
I0312 03:23:46.508692 161453 AriaExecutor.h:94] AriaExecutor 30 exits. 
I0312 03:23:46.508631 161424 AriaExecutor.h:94] AriaExecutor 1 exits. 
I0312 03:23:46.508704 161455 Manager.h:227] Manager(worker id = 32) on the coordinator node exits.
I0312 03:23:46.508682 161438 AriaExecutor.h:94] AriaExecutor 15 exits. 
I0312 03:23:46.508633 161427 AriaExecutor.h:94] AriaExecutor 4 exits. 
I0312 03:23:46.508631 161425 AriaExecutor.h:94] AriaExecutor 2 exits. 
I0312 03:23:46.508637 161437 AriaExecutor.h:94] AriaExecutor 14 exits. 
I0312 03:23:46.508689 161454 AriaExecutor.h:94] AriaExecutor 31 exits. 
I0312 03:23:46.508638 161439 AriaExecutor.h:94] AriaExecutor 16 exits. 
I0312 03:23:46.508634 161446 AriaExecutor.h:94] AriaExecutor 23 exits. 
I0312 03:23:46.508626 161447 AriaExecutor.h:94] AriaExecutor 24 exits. 
I0312 03:23:46.508648 161435 AriaExecutor.h:94] AriaExecutor 12 exits. 
I0312 03:23:46.508677 161448 AriaExecutor.h:94] AriaExecutor 25 exits. 
I0312 03:23:46.508648 161436 AriaExecutor.h:94] AriaExecutor 13 exits. 
I0312 03:23:46.508630 161430 AriaExecutor.h:94] AriaExecutor 7 exits. 
I0312 03:23:46.508647 161433 AriaExecutor.h:94] AriaExecutor 10 exits. 
I0312 03:23:46.508648 161434 AriaExecutor.h:94] AriaExecutor 11 exits. 
I0312 03:23:46.508630 161444 AriaExecutor.h:94] AriaExecutor 21 exits. 
I0312 03:23:46.508628 161451 AriaExecutor.h:94] AriaExecutor 28 exits. 
I0312 03:23:46.508628 161428 AriaExecutor.h:94] AriaExecutor 5 exits. 
I0312 03:23:46.508677 161449 AriaExecutor.h:94] AriaExecutor 26 exits. 
I0312 03:23:46.508679 161450 AriaExecutor.h:94] AriaExecutor 27 exits. 
I0312 03:23:46.508630 161426 AriaExecutor.h:94] AriaExecutor 3 exits. 
I0312 03:23:46.508632 161431 AriaExecutor.h:94] AriaExecutor 8 exits. 
I0312 03:23:46.508631 161445 AriaExecutor.h:94] AriaExecutor 22 exits. 
I0312 03:23:46.508632 161429 AriaExecutor.h:94] AriaExecutor 6 exits. 
I0312 03:23:46.507589 161387 AriaExecutor.h:535] Worker 0 latency: 818 us (50%) 1073 us (75%) 1276 us (95%) 1330 us (99%).
I0312 03:23:46.534468 161387 AriaExecutor.h:535] Worker 1 latency: 1011 us (50%) 1161 us (75%) 1283 us (95%) 1326 us (99%).
I0312 03:23:46.559479 161387 AriaExecutor.h:535] Worker 2 latency: 1011 us (50%) 1161 us (75%) 1283 us (95%) 1326 us (99%).
I0312 03:23:46.584578 161387 AriaExecutor.h:535] Worker 3 latency: 1011 us (50%) 1161 us (75%) 1283 us (95%) 1326 us (99%).
I0312 03:23:46.610132 161387 AriaExecutor.h:535] Worker 4 latency: 1011 us (50%) 1161 us (75%) 1283 us (95%) 1326 us (99%).
I0312 03:23:46.635716 161387 AriaExecutor.h:535] Worker 5 latency: 1010 us (50%) 1160 us (75%) 1283 us (95%) 1326 us (99%).
I0312 03:23:46.661429 161387 AriaExecutor.h:535] Worker 6 latency: 1011 us (50%) 1161 us (75%) 1283 us (95%) 1326 us (99%).
I0312 03:23:46.686429 161387 AriaExecutor.h:535] Worker 7 latency: 1011 us (50%) 1161 us (75%) 1283 us (95%) 1326 us (99%).
I0312 03:23:46.711622 161387 AriaExecutor.h:535] Worker 8 latency: 1010 us (50%) 1160 us (75%) 1283 us (95%) 1326 us (99%).
I0312 03:23:46.737074 161387 AriaExecutor.h:535] Worker 9 latency: 1009 us (50%) 1160 us (75%) 1283 us (95%) 1326 us (99%).
I0312 03:23:46.762207 161387 AriaExecutor.h:535] Worker 10 latency: 1010 us (50%) 1160 us (75%) 1283 us (95%) 1326 us (99%).
I0312 03:23:46.787070 161387 AriaExecutor.h:535] Worker 11 latency: 1009 us (50%) 1160 us (75%) 1283 us (95%) 1326 us (99%).
I0312 03:23:46.811964 161387 AriaExecutor.h:535] Worker 12 latency: 1009 us (50%) 1160 us (75%) 1283 us (95%) 1326 us (99%).
I0312 03:23:46.836982 161387 AriaExecutor.h:535] Worker 13 latency: 1009 us (50%) 1160 us (75%) 1283 us (95%) 1326 us (99%).
I0312 03:23:46.861887 161387 AriaExecutor.h:535] Worker 14 latency: 1007 us (50%) 1159 us (75%) 1283 us (95%) 1326 us (99%).
I0312 03:23:46.887706 161387 AriaExecutor.h:535] Worker 15 latency: 1008 us (50%) 1159 us (75%) 1283 us (95%) 1326 us (99%).
I0312 03:23:46.912525 161387 AriaExecutor.h:535] Worker 16 latency: 1009 us (50%) 1160 us (75%) 1283 us (95%) 1326 us (99%).
I0312 03:23:46.937273 161387 AriaExecutor.h:535] Worker 17 latency: 1010 us (50%) 1160 us (75%) 1283 us (95%) 1326 us (99%).
I0312 03:23:46.962010 161387 AriaExecutor.h:535] Worker 18 latency: 1010 us (50%) 1160 us (75%) 1283 us (95%) 1326 us (99%).
I0312 03:23:46.987074 161387 AriaExecutor.h:535] Worker 19 latency: 1009 us (50%) 1160 us (75%) 1283 us (95%) 1325 us (99%).
I0312 03:23:47.011965 161387 AriaExecutor.h:535] Worker 20 latency: 1009 us (50%) 1160 us (75%) 1283 us (95%) 1326 us (99%).
I0312 03:23:47.036939 161387 AriaExecutor.h:535] Worker 21 latency: 1009 us (50%) 1160 us (75%) 1283 us (95%) 1326 us (99%).
I0312 03:23:47.061851 161387 AriaExecutor.h:535] Worker 22 latency: 1010 us (50%) 1160 us (75%) 1283 us (95%) 1326 us (99%).
I0312 03:23:47.086889 161387 AriaExecutor.h:535] Worker 23 latency: 1010 us (50%) 1160 us (75%) 1283 us (95%) 1326 us (99%).
I0312 03:23:47.111513 161387 AriaExecutor.h:535] Worker 24 latency: 1009 us (50%) 1160 us (75%) 1283 us (95%) 1326 us (99%).
I0312 03:23:47.136593 161387 AriaExecutor.h:535] Worker 25 latency: 1009 us (50%) 1160 us (75%) 1283 us (95%) 1326 us (99%).
I0312 03:23:47.161235 161387 AriaExecutor.h:535] Worker 26 latency: 1009 us (50%) 1160 us (75%) 1283 us (95%) 1326 us (99%).
I0312 03:23:47.186161 161387 AriaExecutor.h:535] Worker 27 latency: 1009 us (50%) 1160 us (75%) 1283 us (95%) 1326 us (99%).
I0312 03:23:47.211030 161387 AriaExecutor.h:535] Worker 28 latency: 1008 us (50%) 1159 us (75%) 1283 us (95%) 1326 us (99%).
I0312 03:23:47.236392 161387 AriaExecutor.h:535] Worker 29 latency: 993 us (50%) 1152 us (75%) 1281 us (95%) 1325 us (99%).
I0312 03:23:47.261466 161387 AriaExecutor.h:535] Worker 30 latency: 1007 us (50%) 1159 us (75%) 1283 us (95%) 1326 us (99%).
I0312 03:23:47.286402 161387 AriaExecutor.h:535] Worker 31 latency: 1009 us (50%) 1160 us (75%) 1283 us (95%) 1326 us (99%).
I0312 03:23:47.311457 161387 Coordinator.h:177] total commit: 746052
I0312 03:23:48.311699 161387 Coordinator.h:192] Coordinator exits.
