I0312 07:22:36.796916 218375 Database.h:65] ycsb initialization finished in 103 milliseconds.
I0312 07:22:36.797158 218375 Coordinator.h:30] Coordinator initializes 32 workers.
I0312 07:22:36.856882 218375 Coordinator.h:77] Coordinator starts to run 33 workers.
I0312 07:22:36.856971 218411 AriaExecutor.h:91] AriaExecutor 0 started. 
I0312 07:22:36.857005 218412 AriaExecutor.h:91] AriaExecutor 1 started. 
I0312 07:22:36.857077 218413 AriaExecutor.h:91] AriaExecutor 2 started. 
I0312 07:22:36.857138 218414 AriaExecutor.h:91] AriaExecutor 3 started. 
I0312 07:22:36.857204 218415 AriaExecutor.h:91] AriaExecutor 4 started. 
I0312 07:22:36.857256 218416 AriaExecutor.h:91] AriaExecutor 5 started. 
I0312 07:22:36.857333 218417 AriaExecutor.h:91] AriaExecutor 6 started. 
I0312 07:22:36.857385 218418 AriaExecutor.h:91] AriaExecutor 7 started. 
I0312 07:22:36.857453 218419 AriaExecutor.h:91] AriaExecutor 8 started. 
I0312 07:22:36.857517 218420 AriaExecutor.h:91] AriaExecutor 9 started. 
I0312 07:22:36.857594 218421 AriaExecutor.h:91] AriaExecutor 10 started. 
I0312 07:22:36.857718 218422 AriaExecutor.h:91] AriaExecutor 11 started. 
I0312 07:22:36.857836 218423 AriaExecutor.h:91] AriaExecutor 12 started. 
I0312 07:22:36.857947 218424 AriaExecutor.h:91] AriaExecutor 13 started. 
I0312 07:22:36.858067 218425 AriaExecutor.h:91] AriaExecutor 14 started. 
I0312 07:22:36.858217 218426 AriaExecutor.h:91] AriaExecutor 15 started. 
I0312 07:22:36.858322 218427 AriaExecutor.h:91] AriaExecutor 16 started. 
I0312 07:22:36.858426 218428 AriaExecutor.h:91] AriaExecutor 17 started. 
I0312 07:22:36.858481 218429 AriaExecutor.h:91] AriaExecutor 18 started. 
I0312 07:22:36.858593 218430 AriaExecutor.h:91] AriaExecutor 19 started. 
I0312 07:22:36.858697 218431 AriaExecutor.h:91] AriaExecutor 20 started. 
I0312 07:22:36.858758 218432 AriaExecutor.h:91] AriaExecutor 21 started. 
I0312 07:22:36.858855 218433 AriaExecutor.h:91] AriaExecutor 22 started. 
I0312 07:22:36.858956 218434 AriaExecutor.h:91] AriaExecutor 23 started. 
I0312 07:22:36.859061 218435 AriaExecutor.h:91] AriaExecutor 24 started. 
I0312 07:22:36.859107 218436 AriaExecutor.h:91] AriaExecutor 25 started. 
I0312 07:22:36.859194 218437 AriaExecutor.h:91] AriaExecutor 26 started. 
I0312 07:22:36.859297 218438 AriaExecutor.h:91] AriaExecutor 27 started. 
I0312 07:22:36.859404 218439 AriaExecutor.h:91] AriaExecutor 28 started. 
I0312 07:22:36.859513 218440 AriaExecutor.h:91] AriaExecutor 29 started. 
I0312 07:22:36.859629 218441 AriaExecutor.h:91] AriaExecutor 30 started. 
I0312 07:22:36.859762 218442 AriaExecutor.h:91] AriaExecutor 31 started. 
I0312 07:22:36.859833 218443 Manager.h:224] Manager(worker id = 32) on the coordinator node started.
I0312 07:22:37.859887 218375 Coordinator.h:126] commit: 99232 abort: 525408 (0/525408/0), network size: 0, avg network size: 0, si_in_serializable: 0 0 %, local: 0 %
I0312 07:22:38.860023 218375 Coordinator.h:126] commit: 100741 abort: 530043 (0/530043/0), network size: 0, avg network size: 0, si_in_serializable: 0 0 %, local: 0 %
I0312 07:22:39.860143 218375 Coordinator.h:126] commit: 100252 abort: 530532 (0/530532/0), network size: 0, avg network size: 0, si_in_serializable: 0 0 %, local: 0 %
I0312 07:22:40.860304 218375 Coordinator.h:126] commit: 101050 abort: 529734 (0/529734/0), network size: 0, avg network size: 0, si_in_serializable: 0 0 %, local: 0 %
I0312 07:22:41.860441 218375 Coordinator.h:126] commit: 101059 abort: 529725 (0/529725/0), network size: 0, avg network size: 0, si_in_serializable: 0 0 %, local: 0 %
I0312 07:22:42.860564 218375 Coordinator.h:126] commit: 100702 abort: 528034 (0/528034/0), network size: 0, avg network size: 0, si_in_serializable: 0 0 %, local: 0 %
I0312 07:22:43.860685 218375 Coordinator.h:126] commit: 99288 abort: 525352 (0/525352/0), network size: 0, avg network size: 0, si_in_serializable: 0 0 %, local: 0 %
I0312 07:22:44.860807 218375 Coordinator.h:126] commit: 100568 abort: 530216 (0/530216/0), network size: 0, avg network size: 0, si_in_serializable: 0 0 %, local: 0 %
I0312 07:22:45.860929 218375 Coordinator.h:126] commit: 99526 abort: 525114 (0/525114/0), network size: 0, avg network size: 0, si_in_serializable: 0 0 %, local: 0 %
I0312 07:22:46.861086 218375 Coordinator.h:126] commit: 100299 abort: 528437 (0/528437/0), network size: 0, avg network size: 0, si_in_serializable: 0 0 %, local: 0 %
I0312 07:22:47.861217 218375 Coordinator.h:126] commit: 99564 abort: 525076 (0/525076/0), network size: 0, avg network size: 0, si_in_serializable: 0 0 %, local: 0 %
I0312 07:22:48.861343 218375 Coordinator.h:126] commit: 100225 abort: 528511 (0/528511/0), network size: 0, avg network size: 0, si_in_serializable: 0 0 %, local: 0 %
I0312 07:22:49.861464 218375 Coordinator.h:126] commit: 100373 abort: 528363 (0/528363/0), network size: 0, avg network size: 0, si_in_serializable: 0 0 %, local: 0 %
I0312 07:22:50.861585 218375 Coordinator.h:126] commit: 100563 abort: 528173 (0/528173/0), network size: 0, avg network size: 0, si_in_serializable: 0 0 %, local: 0 %
I0312 07:22:51.861718 218375 Coordinator.h:126] commit: 99759 abort: 524881 (0/524881/0), network size: 0, avg network size: 0, si_in_serializable: 0 0 %, local: 0 %
I0312 07:22:52.861843 218375 Coordinator.h:126] commit: 100225 abort: 528511 (0/528511/0), network size: 0, avg network size: 0, si_in_serializable: 0 0 %, local: 0 %
I0312 07:22:53.861965 218375 Coordinator.h:126] commit: 100273 abort: 528463 (0/528463/0), network size: 0, avg network size: 0, si_in_serializable: 0 0 %, local: 0 %
I0312 07:22:54.862119 218375 Coordinator.h:126] commit: 100358 abort: 526330 (0/526330/0), network size: 0, avg network size: 0, si_in_serializable: 0 0 %, local: 0 %
I0312 07:22:55.862254 218375 Coordinator.h:126] commit: 100683 abort: 528053 (0/528053/0), network size: 0, avg network size: 0, si_in_serializable: 0 0 %, local: 0 %
I0312 07:22:56.862372 218375 Coordinator.h:126] commit: 99717 abort: 526971 (0/526971/0), network size: 0, avg network size: 0, si_in_serializable: 0 0 %, local: 0 %
I0312 07:22:57.862493 218375 Coordinator.h:126] commit: 99841 abort: 524799 (0/524799/0), network size: 0, avg network size: 0, si_in_serializable: 0 0 %, local: 0 %
I0312 07:22:58.862630 218375 Coordinator.h:126] commit: 99219 abort: 523373 (0/523373/0), network size: 0, avg network size: 0, si_in_serializable: 0 0 %, local: 0 %
I0312 07:22:59.862746 218375 Coordinator.h:126] commit: 99770 abort: 528966 (0/528966/0), network size: 0, avg network size: 0, si_in_serializable: 0 0 %, local: 0 %
I0312 07:23:00.862866 218375 Coordinator.h:126] commit: 100796 abort: 527940 (0/527940/0), network size: 0, avg network size: 0, si_in_serializable: 0 0 %, local: 0 %
I0312 07:23:01.862996 218375 Coordinator.h:126] commit: 100289 abort: 528447 (0/528447/0), network size: 0, avg network size: 0, si_in_serializable: 0 0 %, local: 0 %
I0312 07:23:01.863042 218375 Coordinator.h:152] average commit: 100174 abort: 527333 (0/527333/0), network size: 0, avg network size: 0, si_in_serializable: 0 0 %, local: 0 %
I0312 07:23:01.866308 218418 AriaExecutor.h:103] AriaExecutor 7 exits. 
I0312 07:23:01.866314 218419 AriaExecutor.h:103] AriaExecutor 8 exits. 
I0312 07:23:01.866317 218422 AriaExecutor.h:103] AriaExecutor 11 exits. 
I0312 07:23:01.866321 218411 AriaExecutor.h:103] AriaExecutor 0 exits. 
I0312 07:23:01.866319 218416 AriaExecutor.h:103] AriaExecutor 5 exits. 
I0312 07:23:01.866317 218414 AriaExecutor.h:103] AriaExecutor 3 exits. 
I0312 07:23:01.866331 218433 AriaExecutor.h:103] AriaExecutor 22 exits. 
I0312 07:23:01.866317 218413 AriaExecutor.h:103] AriaExecutor 2 exits. 
I0312 07:23:01.866308 218442 AriaExecutor.h:103] AriaExecutor 31 exits. 
I0312 07:23:01.866333 218428 AriaExecutor.h:103] AriaExecutor 17 exits. 
I0312 07:23:01.866356 218434 AriaExecutor.h:103] AriaExecutor 23 exits. 
I0312 07:23:01.866314 218421 AriaExecutor.h:103] AriaExecutor 10 exits. 
I0312 07:23:01.866331 218426 AriaExecutor.h:103] AriaExecutor 15 exits. 
I0312 07:23:01.866333 218438 AriaExecutor.h:103] AriaExecutor 27 exits. 
I0312 07:23:01.866331 218437 AriaExecutor.h:103] AriaExecutor 26 exits. 
I0312 07:23:01.866314 218417 AriaExecutor.h:103] AriaExecutor 6 exits. 
I0312 07:23:01.866334 218430 AriaExecutor.h:103] AriaExecutor 19 exits. 
I0312 07:23:01.866335 218425 AriaExecutor.h:103] AriaExecutor 14 exits. 
I0312 07:23:01.866333 218439 AriaExecutor.h:103] AriaExecutor 28 exits. 
I0312 07:23:01.866339 218440 AriaExecutor.h:103] AriaExecutor 29 exits. 
I0312 07:23:01.866321 218412 AriaExecutor.h:103] AriaExecutor 1 exits. 
I0312 07:23:01.866334 218432 AriaExecutor.h:103] AriaExecutor 21 exits. 
I0312 07:23:01.866333 218436 AriaExecutor.h:103] AriaExecutor 25 exits. 
I0312 07:23:01.866343 218427 AriaExecutor.h:103] AriaExecutor 16 exits. 
I0312 07:23:01.866335 218429 AriaExecutor.h:103] AriaExecutor 18 exits. 
I0312 07:23:01.866353 218431 AriaExecutor.h:103] AriaExecutor 20 exits. 
I0312 07:23:01.866309 218441 AriaExecutor.h:103] AriaExecutor 30 exits. 
I0312 07:23:01.866317 218443 Manager.h:227] Manager(worker id = 32) on the coordinator node exits.
I0312 07:23:01.866317 218415 AriaExecutor.h:103] AriaExecutor 4 exits. 
I0312 07:23:01.866331 218435 AriaExecutor.h:103] AriaExecutor 24 exits. 
I0312 07:23:01.866321 218424 AriaExecutor.h:103] AriaExecutor 13 exits. 
I0312 07:23:01.866320 218420 AriaExecutor.h:103] AriaExecutor 9 exits. 
I0312 07:23:01.866317 218423 AriaExecutor.h:103] AriaExecutor 12 exits. 
I0312 07:23:01.863057 218375 AriaExecutor.h:649] Worker 0 latency: 2620 us (50%) 3031 us (75%) 3209 us (95%) 3268 us (99%).
I0312 07:23:01.868381 218375 AriaExecutor.h:649] Worker 1 latency: 2850 us (50%) 3090 us (75%) 3213 us (95%) 3268 us (99%).
I0312 07:23:01.872650 218375 AriaExecutor.h:649] Worker 2 latency: 2847 us (50%) 3088 us (75%) 3212 us (95%) 3267 us (99%).
I0312 07:23:01.876905 218375 AriaExecutor.h:649] Worker 3 latency: 2842 us (50%) 3085 us (75%) 3210 us (95%) 3266 us (99%).
I0312 07:23:01.881093 218375 AriaExecutor.h:649] Worker 4 latency: 2836 us (50%) 3079 us (75%) 3208 us (95%) 3266 us (99%).
I0312 07:23:01.885334 218375 AriaExecutor.h:649] Worker 5 latency: 2837 us (50%) 3080 us (75%) 3209 us (95%) 3265 us (99%).
I0312 07:23:01.889564 218375 AriaExecutor.h:649] Worker 6 latency: 2832 us (50%) 3076 us (75%) 3208 us (95%) 3264 us (99%).
I0312 07:23:01.893777 218375 AriaExecutor.h:649] Worker 7 latency: 2836 us (50%) 3076 us (75%) 3206 us (95%) 3263 us (99%).
I0312 07:23:01.898003 218375 AriaExecutor.h:649] Worker 8 latency: 2830 us (50%) 3073 us (75%) 3205 us (95%) 3263 us (99%).
I0312 07:23:01.902200 218375 AriaExecutor.h:649] Worker 9 latency: 2829 us (50%) 3072 us (75%) 3205 us (95%) 3264 us (99%).
I0312 07:23:01.906323 218375 AriaExecutor.h:649] Worker 10 latency: 2827 us (50%) 3070 us (75%) 3204 us (95%) 3264 us (99%).
I0312 07:23:01.910475 218375 AriaExecutor.h:649] Worker 11 latency: 2823 us (50%) 3068 us (75%) 3203 us (95%) 3260 us (99%).
I0312 07:23:01.914556 218375 AriaExecutor.h:649] Worker 12 latency: 2825 us (50%) 3068 us (75%) 3203 us (95%) 3262 us (99%).
I0312 07:23:01.918669 218375 AriaExecutor.h:649] Worker 13 latency: 2821 us (50%) 3066 us (75%) 3203 us (95%) 3261 us (99%).
I0312 07:23:01.922742 218375 AriaExecutor.h:649] Worker 14 latency: 2817 us (50%) 3064 us (75%) 3202 us (95%) 3258 us (99%).
I0312 07:23:01.926856 218375 AriaExecutor.h:649] Worker 15 latency: 2814 us (50%) 3063 us (75%) 3201 us (95%) 3261 us (99%).
I0312 07:23:01.930970 218375 AriaExecutor.h:649] Worker 16 latency: 2813 us (50%) 3062 us (75%) 3201 us (95%) 3260 us (99%).
I0312 07:23:01.935077 218375 AriaExecutor.h:649] Worker 17 latency: 2816 us (50%) 3064 us (75%) 3201 us (95%) 3261 us (99%).
I0312 07:23:01.939152 218375 AriaExecutor.h:649] Worker 18 latency: 2810 us (50%) 3062 us (75%) 3201 us (95%) 3260 us (99%).
I0312 07:23:01.943245 218375 AriaExecutor.h:649] Worker 19 latency: 2812 us (50%) 3059 us (75%) 3200 us (95%) 3258 us (99%).
I0312 07:23:01.947368 218375 AriaExecutor.h:649] Worker 20 latency: 2813 us (50%) 3059 us (75%) 3200 us (95%) 3259 us (99%).
I0312 07:23:01.951455 218375 AriaExecutor.h:649] Worker 21 latency: 2809 us (50%) 3059 us (75%) 3199 us (95%) 3258 us (99%).
I0312 07:23:01.955539 218375 AriaExecutor.h:649] Worker 22 latency: 2810 us (50%) 3058 us (75%) 3199 us (95%) 3257 us (99%).
I0312 07:23:01.959618 218375 AriaExecutor.h:649] Worker 23 latency: 2814 us (50%) 3058 us (75%) 3198 us (95%) 3259 us (99%).
I0312 07:23:01.963649 218375 AriaExecutor.h:649] Worker 24 latency: 2806 us (50%) 3058 us (75%) 3198 us (95%) 3258 us (99%).
I0312 07:23:01.967720 218375 AriaExecutor.h:649] Worker 25 latency: 2808 us (50%) 3058 us (75%) 3198 us (95%) 3258 us (99%).
I0312 07:23:01.971793 218375 AriaExecutor.h:649] Worker 26 latency: 2806 us (50%) 3055 us (75%) 3197 us (95%) 3257 us (99%).
I0312 07:23:01.975804 218375 AriaExecutor.h:649] Worker 27 latency: 2806 us (50%) 3055 us (75%) 3198 us (95%) 3257 us (99%).
I0312 07:23:01.979882 218375 AriaExecutor.h:649] Worker 28 latency: 2805 us (50%) 3055 us (75%) 3197 us (95%) 3257 us (99%).
I0312 07:23:01.983889 218375 AriaExecutor.h:649] Worker 29 latency: 2784 us (50%) 3047 us (75%) 3196 us (95%) 3257 us (99%).
I0312 07:23:01.987933 218375 AriaExecutor.h:649] Worker 30 latency: 2803 us (50%) 3055 us (75%) 3196 us (95%) 3256 us (99%).
I0312 07:23:01.991943 218375 AriaExecutor.h:649] Worker 31 latency: 2805 us (50%) 3053 us (75%) 3196 us (95%) 3256 us (99%).
I0312 07:23:01.995951 218375 Coordinator.h:177] total commit: 100174
I0312 07:23:02.996143 218375 Coordinator.h:192] Coordinator exits.
