I0312 02:52:16.014328 156525 Database.h:65] ycsb initialization finished in 100 milliseconds.
I0312 02:52:16.014559 156525 Coordinator.h:30] Coordinator initializes 16 workers.
I0312 02:52:16.123858 156525 Coordinator.h:77] Coordinator starts to run 17 workers.
I0312 02:52:16.123941 156545 AriaExecutor.h:82] AriaExecutor 0 started. 
I0312 02:52:16.123991 156546 AriaExecutor.h:82] AriaExecutor 1 started. 
I0312 02:52:16.124074 156547 AriaExecutor.h:82] AriaExecutor 2 started. 
I0312 02:52:16.124140 156548 AriaExecutor.h:82] AriaExecutor 3 started. 
I0312 02:52:16.124207 156549 AriaExecutor.h:82] AriaExecutor 4 started. 
I0312 02:52:16.124318 156550 AriaExecutor.h:82] AriaExecutor 5 started. 
I0312 02:52:16.124387 156551 AriaExecutor.h:82] AriaExecutor 6 started. 
I0312 02:52:16.124447 156552 AriaExecutor.h:82] AriaExecutor 7 started. 
I0312 02:52:16.124509 156553 AriaExecutor.h:82] AriaExecutor 8 started. 
I0312 02:52:16.124577 156554 AriaExecutor.h:82] AriaExecutor 9 started. 
I0312 02:52:16.124639 156555 AriaExecutor.h:82] AriaExecutor 10 started. 
I0312 02:52:16.124747 156556 AriaExecutor.h:82] AriaExecutor 11 started. 
I0312 02:52:16.124852 156557 AriaExecutor.h:82] AriaExecutor 12 started. 
I0312 02:52:16.124953 156558 AriaExecutor.h:82] AriaExecutor 13 started. 
I0312 02:52:16.125067 156559 AriaExecutor.h:82] AriaExecutor 14 started. 
I0312 02:52:16.125195 156560 AriaExecutor.h:82] AriaExecutor 15 started. 
I0312 02:52:16.125305 156561 Manager.h:224] Manager(worker id = 16) on the coordinator node started.
I0312 02:52:17.125348 156525 Coordinator.h:126] commit: 588287 abort: 22017 (0/22017/0), network size: 0, avg network size: 0, si_in_serializable: 0 0 %, local: 0 %
I0312 02:52:18.125507 156525 Coordinator.h:126] commit: 596135 abort: 22361 (0/22361/0), network size: 0, avg network size: 0, si_in_serializable: 0 0 %, local: 0 %
I0312 02:52:19.125675 156525 Coordinator.h:126] commit: 600165 abort: 22427 (0/22427/0), network size: 0, avg network size: 0, si_in_serializable: 0 0 %, local: 0 %
I0312 02:52:20.125811 156525 Coordinator.h:126] commit: 603534 abort: 23154 (0/23154/0), network size: 0, avg network size: 0, si_in_serializable: 0 0 %, local: 0 %
I0312 02:52:21.125936 156525 Coordinator.h:126] commit: 603887 abort: 22801 (0/22801/0), network size: 0, avg network size: 0, si_in_serializable: 0 0 %, local: 0 %
I0312 02:52:22.126063 156525 Coordinator.h:126] commit: 599813 abort: 22779 (0/22779/0), network size: 0, avg network size: 0, si_in_serializable: 0 0 %, local: 0 %
I0312 02:52:23.126187 156525 Coordinator.h:126] commit: 603829 abort: 22859 (0/22859/0), network size: 0, avg network size: 0, si_in_serializable: 0 0 %, local: 0 %
I0312 02:52:24.126353 156525 Coordinator.h:126] commit: 596188 abort: 22308 (0/22308/0), network size: 0, avg network size: 0, si_in_serializable: 0 0 %, local: 0 %
I0312 02:52:25.126489 156525 Coordinator.h:126] commit: 607731 abort: 23053 (0/23053/0), network size: 0, avg network size: 0, si_in_serializable: 0 0 %, local: 0 %
I0312 02:52:26.126617 156525 Coordinator.h:126] commit: 596188 abort: 22308 (0/22308/0), network size: 0, avg network size: 0, si_in_serializable: 0 0 %, local: 0 %
I0312 02:52:27.126742 156525 Coordinator.h:126] commit: 603863 abort: 22825 (0/22825/0), network size: 0, avg network size: 0, si_in_serializable: 0 0 %, local: 0 %
I0312 02:52:28.126905 156525 Coordinator.h:126] commit: 607851 abort: 22933 (0/22933/0), network size: 0, avg network size: 0, si_in_serializable: 0 0 %, local: 0 %
I0312 02:52:29.127039 156525 Coordinator.h:126] commit: 603740 abort: 22948 (0/22948/0), network size: 0, avg network size: 0, si_in_serializable: 0 0 %, local: 0 %
I0312 02:52:30.127166 156525 Coordinator.h:126] commit: 592074 abort: 22326 (0/22326/0), network size: 0, avg network size: 0, si_in_serializable: 0 0 %, local: 0 %
I0312 02:52:31.127293 156525 Coordinator.h:126] commit: 584160 abort: 22048 (0/22048/0), network size: 0, avg network size: 0, si_in_serializable: 0 0 %, local: 0 %
I0312 02:52:32.127422 156525 Coordinator.h:126] commit: 584160 abort: 22048 (0/22048/0), network size: 0, avg network size: 0, si_in_serializable: 0 0 %, local: 0 %
I0312 02:52:33.127547 156525 Coordinator.h:126] commit: 600115 abort: 22477 (0/22477/0), network size: 0, avg network size: 0, si_in_serializable: 0 0 %, local: 0 %
I0312 02:52:34.127707 156525 Coordinator.h:126] commit: 599900 abort: 22692 (0/22692/0), network size: 0, avg network size: 0, si_in_serializable: 0 0 %, local: 0 %
I0312 02:52:35.127841 156525 Coordinator.h:126] commit: 607949 abort: 22835 (0/22835/0), network size: 0, avg network size: 0, si_in_serializable: 0 0 %, local: 0 %
I0312 02:52:36.127967 156525 Coordinator.h:126] commit: 604008 abort: 22680 (0/22680/0), network size: 0, avg network size: 0, si_in_serializable: 0 0 %, local: 0 %
I0312 02:52:37.128095 156525 Coordinator.h:126] commit: 603936 abort: 22752 (0/22752/0), network size: 0, avg network size: 0, si_in_serializable: 0 0 %, local: 0 %
I0312 02:52:38.128221 156525 Coordinator.h:126] commit: 604026 abort: 22662 (0/22662/0), network size: 0, avg network size: 0, si_in_serializable: 0 0 %, local: 0 %
I0312 02:52:39.128358 156525 Coordinator.h:126] commit: 604072 abort: 22616 (0/22616/0), network size: 0, avg network size: 0, si_in_serializable: 0 0 %, local: 0 %
I0312 02:52:40.128484 156525 Coordinator.h:126] commit: 607825 abort: 22959 (0/22959/0), network size: 0, avg network size: 0, si_in_serializable: 0 0 %, local: 0 %
I0312 02:52:41.128611 156525 Coordinator.h:126] commit: 599756 abort: 22836 (0/22836/0), network size: 0, avg network size: 0, si_in_serializable: 0 0 %, local: 0 %
I0312 02:52:41.128654 156525 Coordinator.h:152] average commit: 598782 abort: 22581.2 (0/22581.2/0), network size: 0, avg network size: 0, si_in_serializable: 0 0 %, local: 0 %
I0312 02:52:41.128849 156554 AriaExecutor.h:94] AriaExecutor 9 exits. 
I0312 02:52:41.128856 156545 AriaExecutor.h:94] AriaExecutor 0 exits. 
I0312 02:52:41.128852 156549 AriaExecutor.h:94] AriaExecutor 4 exits. 
I0312 02:52:41.128852 156556 AriaExecutor.h:94] AriaExecutor 11 exits. 
I0312 02:52:41.128852 156555 AriaExecutor.h:94] AriaExecutor 10 exits. 
I0312 02:52:41.128855 156558 AriaExecutor.h:94] AriaExecutor 13 exits. 
I0312 02:52:41.128852 156547 AriaExecutor.h:94] AriaExecutor 2 exits. 
I0312 02:52:41.128852 156548 AriaExecutor.h:94] AriaExecutor 3 exits. 
I0312 02:52:41.128851 156551 AriaExecutor.h:94] AriaExecutor 6 exits. 
I0312 02:52:41.128852 156550 AriaExecutor.h:94] AriaExecutor 5 exits. 
I0312 02:52:41.128882 156559 AriaExecutor.h:94] AriaExecutor 14 exits. 
I0312 02:52:41.128854 156553 AriaExecutor.h:94] AriaExecutor 8 exits. 
I0312 02:52:41.128849 156557 AriaExecutor.h:94] AriaExecutor 12 exits. 
I0312 02:52:41.128891 156561 Manager.h:227] Manager(worker id = 16) on the coordinator node exits.
I0312 02:52:41.128854 156552 AriaExecutor.h:94] AriaExecutor 7 exits. 
I0312 02:52:41.128880 156560 AriaExecutor.h:94] AriaExecutor 15 exits. 
I0312 02:52:41.128859 156546 AriaExecutor.h:94] AriaExecutor 1 exits. 
I0312 02:52:41.128675 156525 AriaExecutor.h:535] Worker 0 latency: 3975 us (50%) 5167 us (75%) 6105 us (95%) 6307 us (99%).
I0312 02:52:41.171094 156525 AriaExecutor.h:535] Worker 1 latency: 3983 us (50%) 5170 us (75%) 6103 us (95%) 6304 us (99%).
I0312 02:52:41.213449 156525 AriaExecutor.h:535] Worker 2 latency: 3982 us (50%) 5169 us (75%) 6103 us (95%) 6303 us (99%).
I0312 02:52:41.256013 156525 AriaExecutor.h:535] Worker 3 latency: 3984 us (50%) 5170 us (75%) 6103 us (95%) 6303 us (99%).
I0312 02:52:41.298300 156525 AriaExecutor.h:535] Worker 4 latency: 3979 us (50%) 5167 us (75%) 6103 us (95%) 6303 us (99%).
I0312 02:52:41.341029 156525 AriaExecutor.h:535] Worker 5 latency: 3976 us (50%) 5167 us (75%) 6103 us (95%) 6304 us (99%).
I0312 02:52:41.382781 156525 AriaExecutor.h:535] Worker 6 latency: 3979 us (50%) 5167 us (75%) 6103 us (95%) 6304 us (99%).
I0312 02:52:41.424777 156525 AriaExecutor.h:535] Worker 7 latency: 3983 us (50%) 5171 us (75%) 6105 us (95%) 6307 us (99%).
I0312 02:52:41.467415 156525 AriaExecutor.h:535] Worker 8 latency: 3982 us (50%) 5169 us (75%) 6104 us (95%) 6305 us (99%).
I0312 02:52:41.509514 156525 AriaExecutor.h:535] Worker 9 latency: 3978 us (50%) 5167 us (75%) 6103 us (95%) 6304 us (99%).
I0312 02:52:41.551924 156525 AriaExecutor.h:535] Worker 10 latency: 3983 us (50%) 5169 us (75%) 6103 us (95%) 6304 us (99%).
I0312 02:52:41.595005 156525 AriaExecutor.h:535] Worker 11 latency: 3976 us (50%) 5165 us (75%) 6102 us (95%) 6303 us (99%).
I0312 02:52:41.637007 156525 AriaExecutor.h:535] Worker 12 latency: 3975 us (50%) 5165 us (75%) 6102 us (95%) 6303 us (99%).
I0312 02:52:41.679450 156525 AriaExecutor.h:535] Worker 13 latency: 3972 us (50%) 5164 us (75%) 6102 us (95%) 6304 us (99%).
I0312 02:52:41.722239 156525 AriaExecutor.h:535] Worker 14 latency: 3918 us (50%) 5142 us (75%) 6109 us (95%) 6315 us (99%).
I0312 02:52:41.766009 156525 AriaExecutor.h:535] Worker 15 latency: 3922 us (50%) 5144 us (75%) 6109 us (95%) 6316 us (99%).
I0312 02:52:41.808660 156525 Coordinator.h:177] total commit: 598782
I0312 02:52:42.808859 156525 Coordinator.h:192] Coordinator exits.
