I0312 05:41:45.299942 188322 Database.h:65] ycsb initialization finished in 255 milliseconds.
I0312 05:41:45.300163 188322 Coordinator.h:30] Coordinator initializes 4 workers.
I0312 05:41:45.411180 188322 Coordinator.h:77] Coordinator starts to run 5 workers.
I0312 05:41:45.411268 188330 AriaExecutor.h:91] AriaExecutor 0 started. 
I0312 05:41:45.411311 188331 AriaExecutor.h:91] AriaExecutor 1 started. 
I0312 05:41:45.411399 188332 AriaExecutor.h:91] AriaExecutor 2 started. 
I0312 05:41:45.411466 188333 AriaExecutor.h:91] AriaExecutor 3 started. 
I0312 05:41:45.411526 188334 Manager.h:224] Manager(worker id = 4) on the coordinator node started.
I0312 05:41:46.411571 188322 Coordinator.h:126] commit: 35227 abort: 104037 (0/104037/0), network size: 0, avg network size: 0, si_in_serializable: 0 0 %, local: 0 %
I0312 05:41:47.411791 188322 Coordinator.h:126] commit: 35266 abort: 103998 (0/103998/0), network size: 0, avg network size: 0, si_in_serializable: 0 0 %, local: 0 %
I0312 05:41:48.411927 188322 Coordinator.h:126] commit: 36314 abort: 107046 (0/107046/0), network size: 0, avg network size: 0, si_in_serializable: 0 0 %, local: 0 %
I0312 05:41:49.412042 188322 Coordinator.h:126] commit: 36235 abort: 107125 (0/107125/0), network size: 0, avg network size: 0, si_in_serializable: 0 0 %, local: 0 %
I0312 05:41:50.412212 188322 Coordinator.h:126] commit: 34946 abort: 104318 (0/104318/0), network size: 0, avg network size: 0, si_in_serializable: 0 0 %, local: 0 %
I0312 05:41:51.412358 188322 Coordinator.h:126] commit: 36418 abort: 106942 (0/106942/0), network size: 0, avg network size: 0, si_in_serializable: 0 0 %, local: 0 %
I0312 05:41:52.412523 188322 Coordinator.h:126] commit: 35218 abort: 104046 (0/104046/0), network size: 0, avg network size: 0, si_in_serializable: 0 0 %, local: 0 %
I0312 05:41:53.412660 188322 Coordinator.h:126] commit: 35164 abort: 104100 (0/104100/0), network size: 0, avg network size: 0, si_in_serializable: 0 0 %, local: 0 %
I0312 05:41:54.412824 188322 Coordinator.h:126] commit: 36239 abort: 107121 (0/107121/0), network size: 0, avg network size: 0, si_in_serializable: 0 0 %, local: 0 %
I0312 05:41:55.412962 188322 Coordinator.h:126] commit: 35114 abort: 104150 (0/104150/0), network size: 0, avg network size: 0, si_in_serializable: 0 0 %, local: 0 %
I0312 05:41:56.413077 188322 Coordinator.h:126] commit: 36250 abort: 107110 (0/107110/0), network size: 0, avg network size: 0, si_in_serializable: 0 0 %, local: 0 %
I0312 05:41:57.413241 188322 Coordinator.h:126] commit: 36379 abort: 106981 (0/106981/0), network size: 0, avg network size: 0, si_in_serializable: 0 0 %, local: 0 %
I0312 05:41:58.413376 188322 Coordinator.h:126] commit: 35080 abort: 104184 (0/104184/0), network size: 0, avg network size: 0, si_in_serializable: 0 0 %, local: 0 %
I0312 05:41:59.413494 188322 Coordinator.h:126] commit: 36235 abort: 107125 (0/107125/0), network size: 0, avg network size: 0, si_in_serializable: 0 0 %, local: 0 %
I0312 05:42:00.413609 188322 Coordinator.h:126] commit: 36479 abort: 106881 (0/106881/0), network size: 0, avg network size: 0, si_in_serializable: 0 0 %, local: 0 %
I0312 05:42:01.413722 188322 Coordinator.h:126] commit: 35222 abort: 104042 (0/104042/0), network size: 0, avg network size: 0, si_in_serializable: 0 0 %, local: 0 %
I0312 05:42:02.413836 188322 Coordinator.h:126] commit: 35958 abort: 107402 (0/107402/0), network size: 0, avg network size: 0, si_in_serializable: 0 0 %, local: 0 %
I0312 05:42:03.413952 188322 Coordinator.h:126] commit: 36263 abort: 107097 (0/107097/0), network size: 0, avg network size: 0, si_in_serializable: 0 0 %, local: 0 %
I0312 05:42:04.414065 188322 Coordinator.h:126] commit: 35196 abort: 104068 (0/104068/0), network size: 0, avg network size: 0, si_in_serializable: 0 0 %, local: 0 %
I0312 05:42:05.414230 188322 Coordinator.h:126] commit: 36427 abort: 106933 (0/106933/0), network size: 0, avg network size: 0, si_in_serializable: 0 0 %, local: 0 %
I0312 05:42:06.414366 188322 Coordinator.h:126] commit: 36432 abort: 106928 (0/106928/0), network size: 0, avg network size: 0, si_in_serializable: 0 0 %, local: 0 %
I0312 05:42:07.414479 188322 Coordinator.h:126] commit: 35961 abort: 107399 (0/107399/0), network size: 0, avg network size: 0, si_in_serializable: 0 0 %, local: 0 %
I0312 05:42:08.414589 188322 Coordinator.h:126] commit: 35590 abort: 103674 (0/103674/0), network size: 0, avg network size: 0, si_in_serializable: 0 0 %, local: 0 %
I0312 05:42:09.414705 188322 Coordinator.h:126] commit: 36264 abort: 107096 (0/107096/0), network size: 0, avg network size: 0, si_in_serializable: 0 0 %, local: 0 %
I0312 05:42:10.414819 188322 Coordinator.h:126] commit: 35186 abort: 104078 (0/104078/0), network size: 0, avg network size: 0, si_in_serializable: 0 0 %, local: 0 %
I0312 05:42:10.414860 188322 Coordinator.h:152] average commit: 35948.9 abort: 106182 (0/106182/0), network size: 0, avg network size: 0, si_in_serializable: 0 0 %, local: 0 %
I0312 05:42:10.417457 188330 AriaExecutor.h:103] AriaExecutor 0 exits. 
I0312 05:42:10.417457 188333 AriaExecutor.h:103] AriaExecutor 3 exits. 
I0312 05:42:10.417457 188331 AriaExecutor.h:103] AriaExecutor 1 exits. 
I0312 05:42:10.417457 188332 AriaExecutor.h:103] AriaExecutor 2 exits. 
I0312 05:42:10.417457 188334 Manager.h:227] Manager(worker id = 4) on the coordinator node exits.
I0312 05:42:10.414903 188322 AriaExecutor.h:649] Worker 0 latency: 22443 us (50%) 26234 us (75%) 28180 us (95%) 28516 us (99%).
I0312 05:42:10.442973 188322 AriaExecutor.h:649] Worker 1 latency: 22433 us (50%) 26233 us (75%) 28172 us (95%) 28476 us (99%).
I0312 05:42:10.457024 188322 AriaExecutor.h:649] Worker 2 latency: 22402 us (50%) 26230 us (75%) 28167 us (95%) 28469 us (99%).
I0312 05:42:10.469882 188322 AriaExecutor.h:649] Worker 3 latency: 22437 us (50%) 26237 us (75%) 28168 us (95%) 28475 us (99%).
I0312 05:42:10.482867 188322 Coordinator.h:177] total commit: 35948.9
I0312 05:42:11.483063 188322 Coordinator.h:192] Coordinator exits.
