I0312 07:59:49.528141 231025 Database.h:65] ycsb initialization finished in 100 milliseconds.
I0312 07:59:49.528365 231025 Coordinator.h:30] Coordinator initializes 62 workers.
I0312 07:59:49.566691 231025 Coordinator.h:77] Coordinator starts to run 63 workers.
I0312 07:59:49.566766 231091 AriaExecutor.h:91] AriaExecutor 0 started. 
I0312 07:59:49.566797 231092 AriaExecutor.h:91] AriaExecutor 1 started. 
I0312 07:59:49.566902 231093 AriaExecutor.h:91] AriaExecutor 2 started. 
I0312 07:59:49.566992 231094 AriaExecutor.h:91] AriaExecutor 3 started. 
I0312 07:59:49.567075 231095 AriaExecutor.h:91] AriaExecutor 4 started. 
I0312 07:59:49.567171 231096 AriaExecutor.h:91] AriaExecutor 5 started. 
I0312 07:59:49.567255 231097 AriaExecutor.h:91] AriaExecutor 6 started. 
I0312 07:59:49.567380 231099 AriaExecutor.h:91] AriaExecutor 8 started. 
I0312 07:59:49.567444 231100 AriaExecutor.h:91] AriaExecutor 9 started. 
I0312 07:59:49.567502 231101 AriaExecutor.h:91] AriaExecutor 10 started. 
I0312 07:59:49.567543 231098 AriaExecutor.h:91] AriaExecutor 7 started. 
I0312 07:59:49.567587 231102 AriaExecutor.h:91] AriaExecutor 11 started. 
I0312 07:59:49.567800 231103 AriaExecutor.h:91] AriaExecutor 12 started. 
I0312 07:59:49.568011 231104 AriaExecutor.h:91] AriaExecutor 13 started. 
I0312 07:59:49.568174 231105 AriaExecutor.h:91] AriaExecutor 14 started. 
I0312 07:59:49.568344 231106 AriaExecutor.h:91] AriaExecutor 15 started. 
I0312 07:59:49.568506 231107 AriaExecutor.h:91] AriaExecutor 16 started. 
I0312 07:59:49.568662 231108 AriaExecutor.h:91] AriaExecutor 17 started. 
I0312 07:59:49.568817 231109 AriaExecutor.h:91] AriaExecutor 18 started. 
I0312 07:59:49.568987 231110 AriaExecutor.h:91] AriaExecutor 19 started. 
I0312 07:59:49.569149 231111 AriaExecutor.h:91] AriaExecutor 20 started. 
I0312 07:59:49.569308 231112 AriaExecutor.h:91] AriaExecutor 21 started. 
I0312 07:59:49.569458 231113 AriaExecutor.h:91] AriaExecutor 22 started. 
I0312 07:59:49.569613 231114 AriaExecutor.h:91] AriaExecutor 23 started. 
I0312 07:59:49.569758 231115 AriaExecutor.h:91] AriaExecutor 24 started. 
I0312 07:59:49.569911 231116 AriaExecutor.h:91] AriaExecutor 25 started. 
I0312 07:59:49.570048 231117 AriaExecutor.h:91] AriaExecutor 26 started. 
I0312 07:59:49.570197 231118 AriaExecutor.h:91] AriaExecutor 27 started. 
I0312 07:59:49.570374 231119 AriaExecutor.h:91] AriaExecutor 28 started. 
I0312 07:59:49.570549 231120 AriaExecutor.h:91] AriaExecutor 29 started. 
I0312 07:59:49.570740 231121 AriaExecutor.h:91] AriaExecutor 30 started. 
I0312 07:59:49.570919 231122 AriaExecutor.h:91] AriaExecutor 31 started. 
I0312 07:59:49.571105 231123 AriaExecutor.h:91] AriaExecutor 32 started. 
I0312 07:59:49.571283 231124 AriaExecutor.h:91] AriaExecutor 33 started. 
I0312 07:59:49.571468 231125 AriaExecutor.h:91] AriaExecutor 34 started. 
I0312 07:59:49.571640 231126 AriaExecutor.h:91] AriaExecutor 35 started. 
I0312 07:59:49.571836 231127 AriaExecutor.h:91] AriaExecutor 36 started. 
I0312 07:59:49.571988 231128 AriaExecutor.h:91] AriaExecutor 37 started. 
I0312 07:59:49.572176 231129 AriaExecutor.h:91] AriaExecutor 38 started. 
I0312 07:59:49.572376 231130 AriaExecutor.h:91] AriaExecutor 39 started. 
I0312 07:59:49.572572 231131 AriaExecutor.h:91] AriaExecutor 40 started. 
I0312 07:59:49.572777 231132 AriaExecutor.h:91] AriaExecutor 41 started. 
I0312 07:59:49.572958 231133 AriaExecutor.h:91] AriaExecutor 42 started. 
I0312 07:59:49.573161 231134 AriaExecutor.h:91] AriaExecutor 43 started. 
I0312 07:59:49.573357 231135 AriaExecutor.h:91] AriaExecutor 44 started. 
I0312 07:59:49.580281 231136 AriaExecutor.h:91] AriaExecutor 45 started. 
I0312 07:59:49.580482 231137 AriaExecutor.h:91] AriaExecutor 46 started. 
I0312 07:59:49.580667 231138 AriaExecutor.h:91] AriaExecutor 47 started. 
I0312 07:59:49.580855 231139 AriaExecutor.h:91] AriaExecutor 48 started. 
I0312 07:59:49.581036 231140 AriaExecutor.h:91] AriaExecutor 49 started. 
I0312 07:59:49.581226 231141 AriaExecutor.h:91] AriaExecutor 50 started. 
I0312 07:59:49.581409 231142 AriaExecutor.h:91] AriaExecutor 51 started. 
I0312 07:59:49.581586 231143 AriaExecutor.h:91] AriaExecutor 52 started. 
I0312 07:59:49.581763 231144 AriaExecutor.h:91] AriaExecutor 53 started. 
I0312 07:59:49.581934 231145 AriaExecutor.h:91] AriaExecutor 54 started. 
I0312 07:59:49.582108 231146 AriaExecutor.h:91] AriaExecutor 55 started. 
I0312 07:59:49.582309 231147 AriaExecutor.h:91] AriaExecutor 56 started. 
I0312 07:59:49.582495 231148 AriaExecutor.h:91] AriaExecutor 57 started. 
I0312 07:59:49.582670 231149 AriaExecutor.h:91] AriaExecutor 58 started. 
I0312 07:59:49.582983 231151 AriaExecutor.h:91] AriaExecutor 60 started. 
F0312 07:59:49.583313 231025 Coordinator.h:355] Check failed: rc == 0 
*** Check failure stack trace: ***
I0312 07:59:49.583329 231153 Manager.h:224] Manager(worker id = 62) on the coordinator node started.
I0312 07:59:49.583932 231150 AriaExecutor.h:91] AriaExecutor 59 started. 
    @     0x7f05b26f4b03  google::LogMessage::Fail()
    @     0x7f05b26fc9d1  google::LogMessage::SendToLog()
    @     0x7f05b26f47c2  google::LogMessage::Flush()
    @     0x7f05b26f678f  google::LogMessageFatal::~LogMessageFatal()
    @     0x56183e39bc53  aria::Coordinator::pin_thread_to_core()
    @     0x56183e3aa51b  aria::Coordinator::start()
    @     0x56183e389fe8  main
    @     0x7f05b2187d90  (unknown)
    @     0x7f05b2187e40  __libc_start_main
    @     0x56183e38af55  _start
    @              (nil)  (unknown)
