I0312 07:55:45.061746 227961 Database.h:65] ycsb initialization finished in 109 milliseconds.
I0312 07:55:45.061964 227961 Coordinator.h:30] Coordinator initializes 48 workers.
I0312 07:55:45.100394 227961 Coordinator.h:77] Coordinator starts to run 49 workers.
I0312 07:55:45.100468 228013 AriaExecutor.h:91] AriaExecutor 0 started. 
I0312 07:55:45.100523 228014 AriaExecutor.h:91] AriaExecutor 1 started. 
I0312 07:55:45.100601 228015 AriaExecutor.h:91] AriaExecutor 2 started. 
I0312 07:55:45.100670 228016 AriaExecutor.h:91] AriaExecutor 3 started. 
I0312 07:55:45.100756 228017 AriaExecutor.h:91] AriaExecutor 4 started. 
I0312 07:55:45.100818 228018 AriaExecutor.h:91] AriaExecutor 5 started. 
I0312 07:55:45.100878 228019 AriaExecutor.h:91] AriaExecutor 6 started. 
I0312 07:55:45.100977 228020 AriaExecutor.h:91] AriaExecutor 7 started. 
I0312 07:55:45.101022 228021 AriaExecutor.h:91] AriaExecutor 8 started. 
I0312 07:55:45.101238 228022 AriaExecutor.h:91] AriaExecutor 9 started. 
I0312 07:55:45.101393 228023 AriaExecutor.h:91] AriaExecutor 10 started. 
I0312 07:55:45.101569 228024 AriaExecutor.h:91] AriaExecutor 11 started. 
I0312 07:55:45.101728 228025 AriaExecutor.h:91] AriaExecutor 12 started. 
I0312 07:55:45.101884 228026 AriaExecutor.h:91] AriaExecutor 13 started. 
I0312 07:55:45.102035 228027 AriaExecutor.h:91] AriaExecutor 14 started. 
I0312 07:55:45.102175 228028 AriaExecutor.h:91] AriaExecutor 15 started. 
I0312 07:55:45.102320 228029 AriaExecutor.h:91] AriaExecutor 16 started. 
I0312 07:55:45.102470 228030 AriaExecutor.h:91] AriaExecutor 17 started. 
I0312 07:55:45.102612 228031 AriaExecutor.h:91] AriaExecutor 18 started. 
I0312 07:55:45.102758 228032 AriaExecutor.h:91] AriaExecutor 19 started. 
I0312 07:55:45.102900 228033 AriaExecutor.h:91] AriaExecutor 20 started. 
I0312 07:55:45.103044 228034 AriaExecutor.h:91] AriaExecutor 21 started. 
I0312 07:55:45.103190 228035 AriaExecutor.h:91] AriaExecutor 22 started. 
I0312 07:55:45.103333 228036 AriaExecutor.h:91] AriaExecutor 23 started. 
I0312 07:55:45.103489 228037 AriaExecutor.h:91] AriaExecutor 24 started. 
I0312 07:55:45.103655 228038 AriaExecutor.h:91] AriaExecutor 25 started. 
I0312 07:55:45.103837 228039 AriaExecutor.h:91] AriaExecutor 26 started. 
I0312 07:55:45.104039 228040 AriaExecutor.h:91] AriaExecutor 27 started. 
I0312 07:55:45.104223 228041 AriaExecutor.h:91] AriaExecutor 28 started. 
I0312 07:55:45.104451 228042 AriaExecutor.h:91] AriaExecutor 29 started. 
I0312 07:55:45.104621 228043 AriaExecutor.h:91] AriaExecutor 30 started. 
I0312 07:55:45.104791 228044 AriaExecutor.h:91] AriaExecutor 31 started. 
I0312 07:55:45.104976 228045 AriaExecutor.h:91] AriaExecutor 32 started. 
I0312 07:55:45.105149 228046 AriaExecutor.h:91] AriaExecutor 33 started. 
I0312 07:55:45.105335 228047 AriaExecutor.h:91] AriaExecutor 34 started. 
I0312 07:55:45.105513 228048 AriaExecutor.h:91] AriaExecutor 35 started. 
I0312 07:55:45.105687 228049 AriaExecutor.h:91] AriaExecutor 36 started. 
I0312 07:55:45.105866 228050 AriaExecutor.h:91] AriaExecutor 37 started. 
I0312 07:55:45.106067 228051 AriaExecutor.h:91] AriaExecutor 38 started. 
I0312 07:55:45.106232 228052 AriaExecutor.h:91] AriaExecutor 39 started. 
I0312 07:55:45.106433 228053 AriaExecutor.h:91] AriaExecutor 40 started. 
I0312 07:55:45.106613 228054 AriaExecutor.h:91] AriaExecutor 41 started. 
I0312 07:55:45.106789 228055 AriaExecutor.h:91] AriaExecutor 42 started. 
I0312 07:55:45.106968 228056 AriaExecutor.h:91] AriaExecutor 43 started. 
I0312 07:55:45.107146 228057 AriaExecutor.h:91] AriaExecutor 44 started. 
I0312 07:55:45.107520 228059 AriaExecutor.h:91] AriaExecutor 46 started. 
I0312 07:55:45.107694 228060 AriaExecutor.h:91] AriaExecutor 47 started. 
I0312 07:55:45.107867 228061 Manager.h:224] Manager(worker id = 48) on the coordinator node started.
I0312 07:55:45.116268 228058 AriaExecutor.h:91] AriaExecutor 45 started. 
I0312 07:55:46.107950 227961 Coordinator.h:126] commit: 178 abort: 174926 (0/174926/0), network size: 0, avg network size: 0, si_in_serializable: 0 0 %, local: 0 %
I0312 07:55:47.108125 227961 Coordinator.h:126] commit: 185 abort: 177991 (0/177991/0), network size: 0, avg network size: 0, si_in_serializable: 0 0 %, local: 0 %
I0312 07:55:48.108276 227961 Coordinator.h:126] commit: 184 abort: 179016 (0/179016/0), network size: 0, avg network size: 0, si_in_serializable: 0 0 %, local: 0 %
I0312 07:55:49.108549 227961 Coordinator.h:126] commit: 185 abort: 179015 (0/179015/0), network size: 0, avg network size: 0, si_in_serializable: 0 0 %, local: 0 %
I0312 07:55:50.108731 227961 Coordinator.h:126] commit: 182 abort: 180042 (0/180042/0), network size: 0, avg network size: 0, si_in_serializable: 0 0 %, local: 0 %
I0312 07:55:51.108878 227961 Coordinator.h:126] commit: 189 abort: 180035 (0/180035/0), network size: 0, avg network size: 0, si_in_serializable: 0 0 %, local: 0 %
I0312 07:55:52.109026 227961 Coordinator.h:126] commit: 186 abort: 179014 (0/179014/0), network size: 0, avg network size: 0, si_in_serializable: 0 0 %, local: 0 %
I0312 07:55:53.109169 227961 Coordinator.h:126] commit: 181 abort: 180043 (0/180043/0), network size: 0, avg network size: 0, si_in_serializable: 0 0 %, local: 0 %
I0312 07:55:54.109309 227961 Coordinator.h:126] commit: 183 abort: 180041 (0/180041/0), network size: 0, avg network size: 0, si_in_serializable: 0 0 %, local: 0 %
I0312 07:55:55.109452 227961 Coordinator.h:126] commit: 189 abort: 180035 (0/180035/0), network size: 0, avg network size: 0, si_in_serializable: 0 0 %, local: 0 %
I0312 07:55:56.109634 227961 Coordinator.h:126] commit: 188 abort: 180036 (0/180036/0), network size: 0, avg network size: 0, si_in_serializable: 0 0 %, local: 0 %
I0312 07:55:57.109795 227961 Coordinator.h:126] commit: 187 abort: 181061 (0/181061/0), network size: 0, avg network size: 0, si_in_serializable: 0 0 %, local: 0 %
I0312 07:55:58.109934 227961 Coordinator.h:126] commit: 180 abort: 180044 (0/180044/0), network size: 0, avg network size: 0, si_in_serializable: 0 0 %, local: 0 %
I0312 07:55:59.110076 227961 Coordinator.h:126] commit: 185 abort: 181063 (0/181063/0), network size: 0, avg network size: 0, si_in_serializable: 0 0 %, local: 0 %
I0312 07:56:00.110216 227961 Coordinator.h:126] commit: 183 abort: 180041 (0/180041/0), network size: 0, avg network size: 0, si_in_serializable: 0 0 %, local: 0 %
I0312 07:56:01.110358 227961 Coordinator.h:126] commit: 186 abort: 180038 (0/180038/0), network size: 0, avg network size: 0, si_in_serializable: 0 0 %, local: 0 %
I0312 07:56:02.110503 227961 Coordinator.h:126] commit: 187 abort: 181061 (0/181061/0), network size: 0, avg network size: 0, si_in_serializable: 0 0 %, local: 0 %
I0312 07:56:03.110652 227961 Coordinator.h:126] commit: 188 abort: 180036 (0/180036/0), network size: 0, avg network size: 0, si_in_serializable: 0 0 %, local: 0 %
I0312 07:56:04.110785 227961 Coordinator.h:126] commit: 194 abort: 179006 (0/179006/0), network size: 0, avg network size: 0, si_in_serializable: 0 0 %, local: 0 %
I0312 07:56:05.110924 227961 Coordinator.h:126] commit: 181 abort: 181067 (0/181067/0), network size: 0, avg network size: 0, si_in_serializable: 0 0 %, local: 0 %
I0312 07:56:06.111064 227961 Coordinator.h:126] commit: 196 abort: 180028 (0/180028/0), network size: 0, avg network size: 0, si_in_serializable: 0 0 %, local: 0 %
I0312 07:56:07.111204 227961 Coordinator.h:126] commit: 186 abort: 181062 (0/181062/0), network size: 0, avg network size: 0, si_in_serializable: 0 0 %, local: 0 %
I0312 07:56:08.111342 227961 Coordinator.h:126] commit: 187 abort: 180037 (0/180037/0), network size: 0, avg network size: 0, si_in_serializable: 0 0 %, local: 0 %
I0312 07:56:09.111511 227961 Coordinator.h:126] commit: 183 abort: 179017 (0/179017/0), network size: 0, avg network size: 0, si_in_serializable: 0 0 %, local: 0 %
I0312 07:56:10.111630 227961 Coordinator.h:126] commit: 183 abort: 181065 (0/181065/0), network size: 0, avg network size: 0, si_in_serializable: 0 0 %, local: 0 %
I0312 07:56:10.111682 227961 Coordinator.h:152] average commit: 185.9 abort: 180345 (0/180345/0), network size: 0, avg network size: 0, si_in_serializable: 0 0 %, local: 0 %
I0312 07:56:10.111698 227961 AriaExecutor.h:649] Worker 0 latency: 5643 us (50%) 5704 us (75%) 5789 us (95%) 5862 us (99%).
I0312 07:56:10.115163 228032 AriaExecutor.h:103] AriaExecutor 19 exits. 
I0312 07:56:10.115173 228036 AriaExecutor.h:103] AriaExecutor 23 exits. 
I0312 07:56:10.115167 228034 AriaExecutor.h:103] AriaExecutor 21 exits. 
I0312 07:56:10.115176 228030 AriaExecutor.h:103] AriaExecutor 17 exits. 
I0312 07:56:10.115172 228039 AriaExecutor.h:103] AriaExecutor 26 exits. 
I0312 07:56:10.115180 228019 AriaExecutor.h:103] AriaExecutor 6 exits. 
I0312 07:56:10.115188 228043 AriaExecutor.h:103] AriaExecutor 30 exits. 
I0312 07:56:10.115198 228053 AriaExecutor.h:103] AriaExecutor 40 exits. 
I0312 07:56:10.115200 228025 AriaExecutor.h:103] AriaExecutor 12 exits. 
I0312 07:56:10.115190 228048 AriaExecutor.h:103] AriaExecutor 35 exits. 
I0312 07:56:10.115163 228061 Manager.h:227] Manager(worker id = 48) on the coordinator node exits.
I0312 07:56:10.115180 228060 AriaExecutor.h:103] AriaExecutor 47 exits. 
I0312 07:56:10.115199 228022 AriaExecutor.h:103] AriaExecutor 9 exits. 
I0312 07:56:10.115181 228042 AriaExecutor.h:103] AriaExecutor 29 exits. 
I0312 07:56:10.115195 228055 AriaExecutor.h:103] AriaExecutor 42 exits. 
I0312 07:56:10.115177 228017 AriaExecutor.h:103] AriaExecutor 4 exits. 
I0312 07:56:10.115180 228028 AriaExecutor.h:103] AriaExecutor 15 exits. 
I0312 07:56:10.115180 228013 AriaExecutor.h:103] AriaExecutor 0 exits. 
I0312 07:56:10.115181 228021 AriaExecutor.h:103] AriaExecutor 8 exits. 
I0312 07:56:10.115244 228037 AriaExecutor.h:103] AriaExecutor 24 exits. 
I0312 07:56:10.115170 228059 AriaExecutor.h:103] AriaExecutor 46 exits. 
I0312 07:56:10.115181 228014 AriaExecutor.h:103] AriaExecutor 1 exits. 
I0312 07:56:10.115182 228015 AriaExecutor.h:103] AriaExecutor 2 exits. 
I0312 07:56:10.115186 228052 AriaExecutor.h:103] AriaExecutor 39 exits. 
I0312 07:56:10.115190 228051 AriaExecutor.h:103] AriaExecutor 38 exits. 
I0312 07:56:10.115191 228045 AriaExecutor.h:103] AriaExecutor 32 exits. 
I0312 07:56:10.115190 228044 AriaExecutor.h:103] AriaExecutor 31 exits. 
I0312 07:56:10.115195 228023 AriaExecutor.h:103] AriaExecutor 10 exits. 
I0312 07:56:10.115196 228046 AriaExecutor.h:103] AriaExecutor 33 exits. 
I0312 07:56:10.115173 228033 AriaExecutor.h:103] AriaExecutor 20 exits. 
I0312 07:56:10.115197 228050 AriaExecutor.h:103] AriaExecutor 37 exits. 
I0312 07:56:10.115173 228038 AriaExecutor.h:103] AriaExecutor 25 exits. 
I0312 07:56:10.115200 228056 AriaExecutor.h:103] AriaExecutor 43 exits. 
I0312 07:56:10.115199 228054 AriaExecutor.h:103] AriaExecutor 41 exits. 
I0312 07:56:10.115200 228057 AriaExecutor.h:103] AriaExecutor 44 exits. 
I0312 07:56:10.115188 228049 AriaExecutor.h:103] AriaExecutor 36 exits. 
I0312 07:56:10.115177 228016 AriaExecutor.h:103] AriaExecutor 3 exits. 
I0312 07:56:10.115177 228020 AriaExecutor.h:103] AriaExecutor 7 exits. 
I0312 07:56:10.115198 228047 AriaExecutor.h:103] AriaExecutor 34 exits. 
I0312 07:56:10.115199 228026 AriaExecutor.h:103] AriaExecutor 13 exits. 
I0312 07:56:10.115175 228031 AriaExecutor.h:103] AriaExecutor 18 exits. 
I0312 07:56:10.115176 228041 AriaExecutor.h:103] AriaExecutor 28 exits. 
I0312 07:56:10.115196 228024 AriaExecutor.h:103] AriaExecutor 11 exits. 
I0312 07:56:10.115231 228029 AriaExecutor.h:103] AriaExecutor 16 exits. 
I0312 07:56:10.115180 228027 AriaExecutor.h:103] AriaExecutor 14 exits. 
I0312 07:56:10.115173 228035 AriaExecutor.h:103] AriaExecutor 22 exits. 
I0312 07:56:10.115199 228058 AriaExecutor.h:103] AriaExecutor 45 exits. 
I0312 07:56:10.115181 228018 AriaExecutor.h:103] AriaExecutor 5 exits. 
I0312 07:56:10.115166 228040 AriaExecutor.h:103] AriaExecutor 27 exits. 
I0312 07:56:10.115801 227961 AriaExecutor.h:649] Worker 1 latency: 5641 us (50%) 5698 us (75%) 5789 us (95%) 5830 us (99%).
I0312 07:56:10.116374 227961 AriaExecutor.h:649] Worker 2 latency: 5656 us (50%) 5718 us (75%) 5814 us (95%) 5879 us (99%).
I0312 07:56:10.116395 227961 AriaExecutor.h:649] Worker 3 latency: 5664 us (50%) 5712 us (75%) 5834 us (95%) 5834 us (99%).
I0312 07:56:10.116410 227961 AriaExecutor.h:649] Worker 4 latency: 5602 us (50%) 5710 us (75%) 5748 us (95%) 5748 us (99%).
I0312 07:56:10.116464 227961 AriaExecutor.h:649] Worker 5 latency: 5574 us (50%) 5703 us (75%) 5712 us (95%) 5712 us (99%).
I0312 07:56:10.116505 227961 AriaExecutor.h:649] Worker 6 latency: 5628 us (50%) 5647 us (75%) 5701 us (95%) 5701 us (99%).
I0312 07:56:10.116531 227961 AriaExecutor.h:649] Worker 7 latency: 0 us (50%) 0 us (75%) 0 us (95%) 0 us (99%).
I0312 07:56:10.116554 227961 AriaExecutor.h:649] Worker 8 latency: 5554 us (50%) 5607 us (75%) 5607 us (95%) 5607 us (99%).
I0312 07:56:10.116580 227961 AriaExecutor.h:649] Worker 9 latency: 0 us (50%) 0 us (75%) 0 us (95%) 0 us (99%).
I0312 07:56:10.116602 227961 AriaExecutor.h:649] Worker 10 latency: 5571 us (50%) 5571 us (75%) 5571 us (95%) 5571 us (99%).
I0312 07:56:10.116633 227961 AriaExecutor.h:649] Worker 11 latency: 0 us (50%) 0 us (75%) 0 us (95%) 0 us (99%).
I0312 07:56:10.116654 227961 AriaExecutor.h:649] Worker 12 latency: 0 us (50%) 0 us (75%) 0 us (95%) 0 us (99%).
I0312 07:56:10.116674 227961 AriaExecutor.h:649] Worker 13 latency: 5418 us (50%) 5418 us (75%) 5418 us (95%) 5418 us (99%).
I0312 07:56:10.116705 227961 AriaExecutor.h:649] Worker 14 latency: 0 us (50%) 0 us (75%) 0 us (95%) 0 us (99%).
I0312 07:56:10.116729 227961 AriaExecutor.h:649] Worker 15 latency: 5597 us (50%) 5728 us (75%) 5728 us (95%) 5728 us (99%).
I0312 07:56:10.116750 227961 AriaExecutor.h:649] Worker 16 latency: 0 us (50%) 0 us (75%) 0 us (95%) 0 us (99%).
I0312 07:56:10.116771 227961 AriaExecutor.h:649] Worker 17 latency: 0 us (50%) 0 us (75%) 0 us (95%) 0 us (99%).
I0312 07:56:10.116794 227961 AriaExecutor.h:649] Worker 18 latency: 0 us (50%) 0 us (75%) 0 us (95%) 0 us (99%).
I0312 07:56:10.116816 227961 AriaExecutor.h:649] Worker 19 latency: 0 us (50%) 0 us (75%) 0 us (95%) 0 us (99%).
I0312 07:56:10.116847 227961 AriaExecutor.h:649] Worker 20 latency: 0 us (50%) 0 us (75%) 0 us (95%) 0 us (99%).
I0312 07:56:10.116878 227961 AriaExecutor.h:649] Worker 21 latency: 0 us (50%) 0 us (75%) 0 us (95%) 0 us (99%).
I0312 07:56:10.116895 227961 AriaExecutor.h:649] Worker 22 latency: 0 us (50%) 0 us (75%) 0 us (95%) 0 us (99%).
I0312 07:56:10.116914 227961 AriaExecutor.h:649] Worker 23 latency: 0 us (50%) 0 us (75%) 0 us (95%) 0 us (99%).
I0312 07:56:10.116931 227961 AriaExecutor.h:649] Worker 24 latency: 0 us (50%) 0 us (75%) 0 us (95%) 0 us (99%).
I0312 07:56:10.116952 227961 AriaExecutor.h:649] Worker 25 latency: 0 us (50%) 0 us (75%) 0 us (95%) 0 us (99%).
I0312 07:56:10.116983 227961 AriaExecutor.h:649] Worker 26 latency: 0 us (50%) 0 us (75%) 0 us (95%) 0 us (99%).
I0312 07:56:10.117002 227961 AriaExecutor.h:649] Worker 27 latency: 0 us (50%) 0 us (75%) 0 us (95%) 0 us (99%).
I0312 07:56:10.117022 227961 AriaExecutor.h:649] Worker 28 latency: 0 us (50%) 0 us (75%) 0 us (95%) 0 us (99%).
I0312 07:56:10.117039 227961 AriaExecutor.h:649] Worker 29 latency: 0 us (50%) 0 us (75%) 0 us (95%) 0 us (99%).
I0312 07:56:10.117058 227961 AriaExecutor.h:649] Worker 30 latency: 0 us (50%) 0 us (75%) 0 us (95%) 0 us (99%).
I0312 07:56:10.117089 227961 AriaExecutor.h:649] Worker 31 latency: 0 us (50%) 0 us (75%) 0 us (95%) 0 us (99%).
I0312 07:56:10.117108 227961 AriaExecutor.h:649] Worker 32 latency: 0 us (50%) 0 us (75%) 0 us (95%) 0 us (99%).
I0312 07:56:10.117127 227961 AriaExecutor.h:649] Worker 33 latency: 0 us (50%) 0 us (75%) 0 us (95%) 0 us (99%).
I0312 07:56:10.117147 227961 AriaExecutor.h:649] Worker 34 latency: 0 us (50%) 0 us (75%) 0 us (95%) 0 us (99%).
I0312 07:56:10.117169 227961 AriaExecutor.h:649] Worker 35 latency: 0 us (50%) 0 us (75%) 0 us (95%) 0 us (99%).
I0312 07:56:10.117192 227961 AriaExecutor.h:649] Worker 36 latency: 0 us (50%) 0 us (75%) 0 us (95%) 0 us (99%).
I0312 07:56:10.117225 227961 AriaExecutor.h:649] Worker 37 latency: 0 us (50%) 0 us (75%) 0 us (95%) 0 us (99%).
I0312 07:56:10.117251 227961 AriaExecutor.h:649] Worker 38 latency: 0 us (50%) 0 us (75%) 0 us (95%) 0 us (99%).
I0312 07:56:10.117273 227961 AriaExecutor.h:649] Worker 39 latency: 0 us (50%) 0 us (75%) 0 us (95%) 0 us (99%).
I0312 07:56:10.117295 227961 AriaExecutor.h:649] Worker 40 latency: 0 us (50%) 0 us (75%) 0 us (95%) 0 us (99%).
I0312 07:56:10.117316 227961 AriaExecutor.h:649] Worker 41 latency: 0 us (50%) 0 us (75%) 0 us (95%) 0 us (99%).
I0312 07:56:10.117336 227961 AriaExecutor.h:649] Worker 42 latency: 0 us (50%) 0 us (75%) 0 us (95%) 0 us (99%).
I0312 07:56:10.117357 227961 AriaExecutor.h:649] Worker 43 latency: 0 us (50%) 0 us (75%) 0 us (95%) 0 us (99%).
I0312 07:56:10.117378 227961 AriaExecutor.h:649] Worker 44 latency: 0 us (50%) 0 us (75%) 0 us (95%) 0 us (99%).
I0312 07:56:10.117398 227961 AriaExecutor.h:649] Worker 45 latency: 0 us (50%) 0 us (75%) 0 us (95%) 0 us (99%).
I0312 07:56:10.117429 227961 AriaExecutor.h:649] Worker 46 latency: 0 us (50%) 0 us (75%) 0 us (95%) 0 us (99%).
I0312 07:56:10.117456 227961 AriaExecutor.h:649] Worker 47 latency: 0 us (50%) 0 us (75%) 0 us (95%) 0 us (99%).
I0312 07:56:10.117493 227961 Coordinator.h:177] total commit: 185.9
I0312 07:56:11.117703 227961 Coordinator.h:192] Coordinator exits.
