I0312 04:31:29.319207 184109 Database.h:65] ycsb initialization finished in 977 milliseconds.
I0312 04:31:29.319430 184109 Coordinator.h:30] Coordinator initializes 1 workers.
I0312 04:31:29.383285 184109 Coordinator.h:77] Coordinator starts to run 2 workers.
I0312 04:31:29.383419 184115 AriaExecutor.h:91] AriaExecutor 0 started. 
I0312 04:31:29.383489 184116 Manager.h:224] Manager(worker id = 1) on the coordinator node started.
I0312 04:31:30.383536 184109 Coordinator.h:126] commit: 24327 abort: 8441 (0/8441/0), network size: 0, avg network size: 0, si_in_serializable: 0 0 %, local: 0 %
I0312 04:31:31.383740 184109 Coordinator.h:126] commit: 22661 abort: 8059 (0/8059/0), network size: 0, avg network size: 0, si_in_serializable: 0 0 %, local: 0 %
I0312 04:31:32.383878 184109 Coordinator.h:126] commit: 25718 abort: 9098 (0/9098/0), network size: 0, avg network size: 0, si_in_serializable: 0 0 %, local: 0 %
I0312 04:31:33.383987 184109 Coordinator.h:126] commit: 24382 abort: 8386 (0/8386/0), network size: 0, avg network size: 0, si_in_serializable: 0 0 %, local: 0 %
I0312 04:31:34.384147 184109 Coordinator.h:126] commit: 24193 abort: 8575 (0/8575/0), network size: 0, avg network size: 0, si_in_serializable: 0 0 %, local: 0 %
I0312 04:31:35.384284 184109 Coordinator.h:126] commit: 25850 abort: 8966 (0/8966/0), network size: 0, avg network size: 0, si_in_serializable: 0 0 %, local: 0 %
I0312 04:31:36.384445 184109 Coordinator.h:126] commit: 22743 abort: 7977 (0/7977/0), network size: 0, avg network size: 0, si_in_serializable: 0 0 %, local: 0 %
I0312 04:31:37.384573 184109 Coordinator.h:126] commit: 25769 abort: 9047 (0/9047/0), network size: 0, avg network size: 0, si_in_serializable: 0 0 %, local: 0 %
I0312 04:31:38.384732 184109 Coordinator.h:126] commit: 24215 abort: 8553 (0/8553/0), network size: 0, avg network size: 0, si_in_serializable: 0 0 %, local: 0 %
I0312 04:31:39.384864 184109 Coordinator.h:126] commit: 24187 abort: 8581 (0/8581/0), network size: 0, avg network size: 0, si_in_serializable: 0 0 %, local: 0 %
I0312 04:31:40.384970 184109 Coordinator.h:126] commit: 24346 abort: 8422 (0/8422/0), network size: 0, avg network size: 0, si_in_serializable: 0 0 %, local: 0 %
I0312 04:31:41.385128 184109 Coordinator.h:126] commit: 24291 abort: 8477 (0/8477/0), network size: 0, avg network size: 0, si_in_serializable: 0 0 %, local: 0 %
I0312 04:31:42.385258 184109 Coordinator.h:126] commit: 25746 abort: 9070 (0/9070/0), network size: 0, avg network size: 0, si_in_serializable: 0 0 %, local: 0 %
I0312 04:31:43.385363 184109 Coordinator.h:126] commit: 24302 abort: 8466 (0/8466/0), network size: 0, avg network size: 0, si_in_serializable: 0 0 %, local: 0 %
I0312 04:31:44.385468 184109 Coordinator.h:126] commit: 25739 abort: 9077 (0/9077/0), network size: 0, avg network size: 0, si_in_serializable: 0 0 %, local: 0 %
I0312 04:31:45.385623 184109 Coordinator.h:126] commit: 22810 abort: 7910 (0/7910/0), network size: 0, avg network size: 0, si_in_serializable: 0 0 %, local: 0 %
I0312 04:31:46.385753 184109 Coordinator.h:126] commit: 25839 abort: 8977 (0/8977/0), network size: 0, avg network size: 0, si_in_serializable: 0 0 %, local: 0 %
I0312 04:31:47.385861 184109 Coordinator.h:126] commit: 24241 abort: 8527 (0/8527/0), network size: 0, avg network size: 0, si_in_serializable: 0 0 %, local: 0 %
I0312 04:31:48.385967 184109 Coordinator.h:126] commit: 25811 abort: 9005 (0/9005/0), network size: 0, avg network size: 0, si_in_serializable: 0 0 %, local: 0 %
I0312 04:31:49.386072 184109 Coordinator.h:126] commit: 24260 abort: 8508 (0/8508/0), network size: 0, avg network size: 0, si_in_serializable: 0 0 %, local: 0 %
I0312 04:31:50.386232 184109 Coordinator.h:126] commit: 24199 abort: 8569 (0/8569/0), network size: 0, avg network size: 0, si_in_serializable: 0 0 %, local: 0 %
I0312 04:31:51.386361 184109 Coordinator.h:126] commit: 24823 abort: 8659 (0/8659/0), network size: 0, avg network size: 0, si_in_serializable: 0 0 %, local: 0 %
I0312 04:31:52.386474 184109 Coordinator.h:126] commit: 25238 abort: 8864 (0/8864/0), network size: 0, avg network size: 0, si_in_serializable: 0 0 %, local: 0 %
I0312 04:31:53.386581 184109 Coordinator.h:126] commit: 24229 abort: 8539 (0/8539/0), network size: 0, avg network size: 0, si_in_serializable: 0 0 %, local: 0 %
I0312 04:31:54.386685 184109 Coordinator.h:126] commit: 25685 abort: 9131 (0/9131/0), network size: 0, avg network size: 0, si_in_serializable: 0 0 %, local: 0 %
I0312 04:31:54.386722 184109 Coordinator.h:152] average commit: 24738.5 abort: 8643.9 (0/8643.9/0), network size: 0, avg network size: 0, si_in_serializable: 0 0 %, local: 0 %
I0312 04:31:54.421772 184115 AriaExecutor.h:103] AriaExecutor 0 exits. 
I0312 04:31:54.421772 184116 Manager.h:227] Manager(worker id = 1) on the coordinator node exits.
I0312 04:31:54.386770 184109 AriaExecutor.h:649] Worker 0 latency: 43374 us (50%) 52083 us (75%) 58156 us (95%) 77495 us (99%).
I0312 04:31:54.434571 184109 Coordinator.h:177] total commit: 24738.5
I0312 04:31:55.434703 184109 Coordinator.h:192] Coordinator exits.
