I0312 07:04:49.914656 213457 Database.h:65] ycsb initialization finished in 99 milliseconds.
I0312 07:04:49.914891 213457 Coordinator.h:30] Coordinator initializes 32 workers.
I0312 07:04:49.953779 213457 Coordinator.h:77] Coordinator starts to run 33 workers.
I0312 07:04:49.953868 213493 AriaExecutor.h:91] AriaExecutor 0 started. 
I0312 07:04:49.953918 213494 AriaExecutor.h:91] AriaExecutor 1 started. 
I0312 07:04:49.953995 213495 AriaExecutor.h:91] AriaExecutor 2 started. 
I0312 07:04:49.954104 213496 AriaExecutor.h:91] AriaExecutor 3 started. 
I0312 07:04:49.954216 213497 AriaExecutor.h:91] AriaExecutor 4 started. 
I0312 07:04:49.954311 213498 AriaExecutor.h:91] AriaExecutor 5 started. 
I0312 07:04:49.954416 213499 AriaExecutor.h:91] AriaExecutor 6 started. 
I0312 07:04:49.954511 213500 AriaExecutor.h:91] AriaExecutor 7 started. 
I0312 07:04:49.954610 213501 AriaExecutor.h:91] AriaExecutor 8 started. 
I0312 07:04:49.954715 213502 AriaExecutor.h:91] AriaExecutor 9 started. 
I0312 07:04:49.954797 213503 AriaExecutor.h:91] AriaExecutor 10 started. 
I0312 07:04:49.954919 213504 AriaExecutor.h:91] AriaExecutor 11 started. 
I0312 07:04:49.955029 213505 AriaExecutor.h:91] AriaExecutor 12 started. 
I0312 07:04:49.955147 213506 AriaExecutor.h:91] AriaExecutor 13 started. 
I0312 07:04:49.955264 213507 AriaExecutor.h:91] AriaExecutor 14 started. 
I0312 07:04:49.955411 213508 AriaExecutor.h:91] AriaExecutor 15 started. 
I0312 07:04:49.955538 213509 AriaExecutor.h:91] AriaExecutor 16 started. 
I0312 07:04:49.955699 213510 AriaExecutor.h:91] AriaExecutor 17 started. 
I0312 07:04:49.955735 213511 AriaExecutor.h:91] AriaExecutor 18 started. 
I0312 07:04:49.955838 213512 AriaExecutor.h:91] AriaExecutor 19 started. 
I0312 07:04:49.955943 213513 AriaExecutor.h:91] AriaExecutor 20 started. 
I0312 07:04:49.955994 213514 AriaExecutor.h:91] AriaExecutor 21 started. 
I0312 07:04:49.956087 213515 AriaExecutor.h:91] AriaExecutor 22 started. 
I0312 07:04:49.956187 213516 AriaExecutor.h:91] AriaExecutor 23 started. 
I0312 07:04:49.956342 213517 AriaExecutor.h:91] AriaExecutor 24 started. 
I0312 07:04:49.956449 213518 AriaExecutor.h:91] AriaExecutor 25 started. 
I0312 07:04:49.956552 213519 AriaExecutor.h:91] AriaExecutor 26 started. 
I0312 07:04:49.956609 213520 AriaExecutor.h:91] AriaExecutor 27 started. 
I0312 07:04:49.956710 213521 AriaExecutor.h:91] AriaExecutor 28 started. 
I0312 07:04:49.956804 213522 AriaExecutor.h:91] AriaExecutor 29 started. 
I0312 07:04:49.956910 213523 AriaExecutor.h:91] AriaExecutor 30 started. 
I0312 07:04:49.957046 213524 AriaExecutor.h:91] AriaExecutor 31 started. 
I0312 07:04:49.957180 213525 Manager.h:224] Manager(worker id = 32) on the coordinator node started.
I0312 07:04:50.957243 213457 Coordinator.h:126] commit: 59979 abort: 101813 (0/101813/0), network size: 0, avg network size: 0, si_in_serializable: 0 0 %, local: 0 %
I0312 07:04:51.957387 213457 Coordinator.h:126] commit: 59880 abort: 101912 (0/101912/0), network size: 0, avg network size: 0, si_in_serializable: 0 0 %, local: 0 %
I0312 07:04:52.957520 213457 Coordinator.h:126] commit: 60238 abort: 102578 (0/102578/0), network size: 0, avg network size: 0, si_in_serializable: 0 0 %, local: 0 %
I0312 07:04:53.957695 213457 Coordinator.h:126] commit: 60727 abort: 103113 (0/103113/0), network size: 0, avg network size: 0, si_in_serializable: 0 0 %, local: 0 %
I0312 07:04:54.957845 213457 Coordinator.h:126] commit: 60305 abort: 102511 (0/102511/0), network size: 0, avg network size: 0, si_in_serializable: 0 0 %, local: 0 %
I0312 07:04:55.957978 213457 Coordinator.h:126] commit: 59928 abort: 101864 (0/101864/0), network size: 0, avg network size: 0, si_in_serializable: 0 0 %, local: 0 %
I0312 07:04:56.958112 213457 Coordinator.h:126] commit: 59607 abort: 101161 (0/101161/0), network size: 0, avg network size: 0, si_in_serializable: 0 0 %, local: 0 %
I0312 07:04:57.958245 213457 Coordinator.h:126] commit: 59689 abort: 101079 (0/101079/0), network size: 0, avg network size: 0, si_in_serializable: 0 0 %, local: 0 %
I0312 07:04:58.958381 213457 Coordinator.h:126] commit: 59600 abort: 100144 (0/100144/0), network size: 0, avg network size: 0, si_in_serializable: 0 0 %, local: 0 %
I0312 07:04:59.958514 213457 Coordinator.h:126] commit: 59689 abort: 101079 (0/101079/0), network size: 0, avg network size: 0, si_in_serializable: 0 0 %, local: 0 %
I0312 07:05:00.958693 213457 Coordinator.h:126] commit: 59313 abort: 100431 (0/100431/0), network size: 0, avg network size: 0, si_in_serializable: 0 0 %, local: 0 %
I0312 07:05:01.958840 213457 Coordinator.h:126] commit: 59175 abort: 100569 (0/100569/0), network size: 0, avg network size: 0, si_in_serializable: 0 0 %, local: 0 %
I0312 07:05:02.958977 213457 Coordinator.h:126] commit: 59717 abort: 101051 (0/101051/0), network size: 0, avg network size: 0, si_in_serializable: 0 0 %, local: 0 %
I0312 07:05:03.959110 213457 Coordinator.h:126] commit: 59160 abort: 100584 (0/100584/0), network size: 0, avg network size: 0, si_in_serializable: 0 0 %, local: 0 %
I0312 07:05:04.959251 213457 Coordinator.h:126] commit: 59720 abort: 101048 (0/101048/0), network size: 0, avg network size: 0, si_in_serializable: 0 0 %, local: 0 %
I0312 07:05:05.959386 213457 Coordinator.h:126] commit: 59445 abort: 100299 (0/100299/0), network size: 0, avg network size: 0, si_in_serializable: 0 0 %, local: 0 %
I0312 07:05:06.959523 213457 Coordinator.h:126] commit: 58831 abort: 99889 (0/99889/0), network size: 0, avg network size: 0, si_in_serializable: 0 0 %, local: 0 %
I0312 07:05:07.959671 213457 Coordinator.h:126] commit: 58201 abort: 99495 (0/99495/0), network size: 0, avg network size: 0, si_in_serializable: 0 0 %, local: 0 %
I0312 07:05:08.959806 213457 Coordinator.h:126] commit: 59330 abort: 100414 (0/100414/0), network size: 0, avg network size: 0, si_in_serializable: 0 0 %, local: 0 %
I0312 07:05:09.959942 213457 Coordinator.h:126] commit: 58960 abort: 99760 (0/99760/0), network size: 0, avg network size: 0, si_in_serializable: 0 0 %, local: 0 %
I0312 07:05:10.960111 213457 Coordinator.h:126] commit: 58775 abort: 99945 (0/99945/0), network size: 0, avg network size: 0, si_in_serializable: 0 0 %, local: 0 %
I0312 07:05:11.960305 213457 Coordinator.h:126] commit: 59066 abort: 99654 (0/99654/0), network size: 0, avg network size: 0, si_in_serializable: 0 0 %, local: 0 %
I0312 07:05:12.960439 213457 Coordinator.h:126] commit: 58611 abort: 100109 (0/100109/0), network size: 0, avg network size: 0, si_in_serializable: 0 0 %, local: 0 %
I0312 07:05:13.960570 213457 Coordinator.h:126] commit: 59303 abort: 100441 (0/100441/0), network size: 0, avg network size: 0, si_in_serializable: 0 0 %, local: 0 %
I0312 07:05:14.960705 213457 Coordinator.h:126] commit: 58763 abort: 99957 (0/99957/0), network size: 0, avg network size: 0, si_in_serializable: 0 0 %, local: 0 %
I0312 07:05:14.960753 213457 Coordinator.h:152] average commit: 59185.2 abort: 100354 (0/100354/0), network size: 0, avg network size: 0, si_in_serializable: 0 0 %, local: 0 %
I0312 07:05:14.963578 213501 AriaExecutor.h:103] AriaExecutor 8 exits. 
I0312 07:05:14.963588 213504 AriaExecutor.h:103] AriaExecutor 11 exits. 
I0312 07:05:14.963593 213500 AriaExecutor.h:103] AriaExecutor 7 exits. 
I0312 07:05:14.963598 213495 AriaExecutor.h:103] AriaExecutor 2 exits. 
I0312 07:05:14.963590 213506 AriaExecutor.h:103] AriaExecutor 13 exits. 
I0312 07:05:14.963591 213523 AriaExecutor.h:103] AriaExecutor 30 exits. 
I0312 07:05:14.963606 213521 AriaExecutor.h:103] AriaExecutor 28 exits. 
I0312 07:05:14.963591 213496 AriaExecutor.h:103] AriaExecutor 3 exits. 
I0312 07:05:14.963589 213524 AriaExecutor.h:103] AriaExecutor 31 exits. 
I0312 07:05:14.963603 213493 AriaExecutor.h:103] AriaExecutor 0 exits. 
I0312 07:05:14.963593 213497 AriaExecutor.h:103] AriaExecutor 4 exits. 
I0312 07:05:14.963610 213510 AriaExecutor.h:103] AriaExecutor 17 exits. 
I0312 07:05:14.963616 213522 AriaExecutor.h:103] AriaExecutor 29 exits. 
I0312 07:05:14.963611 213514 AriaExecutor.h:103] AriaExecutor 21 exits. 
I0312 07:05:14.963593 213502 AriaExecutor.h:103] AriaExecutor 9 exits. 
I0312 07:05:14.963606 213516 AriaExecutor.h:103] AriaExecutor 23 exits. 
I0312 07:05:14.963610 213512 AriaExecutor.h:103] AriaExecutor 19 exits. 
I0312 07:05:14.963591 213503 AriaExecutor.h:103] AriaExecutor 10 exits. 
I0312 07:05:14.963591 213505 AriaExecutor.h:103] AriaExecutor 12 exits. 
I0312 07:05:14.963606 213519 AriaExecutor.h:103] AriaExecutor 26 exits. 
I0312 07:05:14.963608 213520 AriaExecutor.h:103] AriaExecutor 27 exits. 
I0312 07:05:14.963635 213513 AriaExecutor.h:103] AriaExecutor 20 exits. 
I0312 07:05:14.963598 213499 AriaExecutor.h:103] AriaExecutor 6 exits. 
I0312 07:05:14.963609 213511 AriaExecutor.h:103] AriaExecutor 18 exits. 
I0312 07:05:14.963613 213509 AriaExecutor.h:103] AriaExecutor 16 exits. 
I0312 07:05:14.963610 213508 AriaExecutor.h:103] AriaExecutor 15 exits. 
I0312 07:05:14.963611 213507 AriaExecutor.h:103] AriaExecutor 14 exits. 
I0312 07:05:14.963611 213518 AriaExecutor.h:103] AriaExecutor 25 exits. 
I0312 07:05:14.963613 213517 AriaExecutor.h:103] AriaExecutor 24 exits. 
I0312 07:05:14.963613 213515 AriaExecutor.h:103] AriaExecutor 22 exits. 
I0312 07:05:14.963590 213498 AriaExecutor.h:103] AriaExecutor 5 exits. 
I0312 07:05:14.963605 213525 Manager.h:227] Manager(worker id = 32) on the coordinator node exits.
I0312 07:05:14.963608 213494 AriaExecutor.h:103] AriaExecutor 1 exits. 
I0312 07:05:14.960770 213457 AriaExecutor.h:649] Worker 0 latency: 5557 us (50%) 5988 us (75%) 6288 us (95%) 6418 us (99%).
I0312 07:05:14.964421 213457 AriaExecutor.h:649] Worker 1 latency: 5801 us (50%) 6060 us (75%) 6276 us (95%) 6388 us (99%).
I0312 07:05:14.967012 213457 AriaExecutor.h:649] Worker 2 latency: 5801 us (50%) 6061 us (75%) 6277 us (95%) 6386 us (99%).
I0312 07:05:14.969622 213457 AriaExecutor.h:649] Worker 3 latency: 5797 us (50%) 6061 us (75%) 6276 us (95%) 6388 us (99%).
I0312 07:05:14.972210 213457 AriaExecutor.h:649] Worker 4 latency: 5796 us (50%) 6061 us (75%) 6276 us (95%) 6386 us (99%).
I0312 07:05:14.974946 213457 AriaExecutor.h:649] Worker 5 latency: 5792 us (50%) 6059 us (75%) 6276 us (95%) 6386 us (99%).
I0312 07:05:14.977566 213457 AriaExecutor.h:649] Worker 6 latency: 5800 us (50%) 6061 us (75%) 6276 us (95%) 6386 us (99%).
I0312 07:05:14.980144 213457 AriaExecutor.h:649] Worker 7 latency: 5802 us (50%) 6061 us (75%) 6275 us (95%) 6386 us (99%).
I0312 07:05:14.982702 213457 AriaExecutor.h:649] Worker 8 latency: 5802 us (50%) 6063 us (75%) 6276 us (95%) 6386 us (99%).
I0312 07:05:14.985267 213457 AriaExecutor.h:649] Worker 9 latency: 5798 us (50%) 6061 us (75%) 6275 us (95%) 6386 us (99%).
I0312 07:05:14.987815 213457 AriaExecutor.h:649] Worker 10 latency: 5799 us (50%) 6062 us (75%) 6276 us (95%) 6384 us (99%).
I0312 07:05:14.990375 213457 AriaExecutor.h:649] Worker 11 latency: 5796 us (50%) 6059 us (75%) 6275 us (95%) 6386 us (99%).
I0312 07:05:14.992954 213457 AriaExecutor.h:649] Worker 12 latency: 5795 us (50%) 6059 us (75%) 6275 us (95%) 6385 us (99%).
I0312 07:05:14.995520 213457 AriaExecutor.h:649] Worker 13 latency: 5793 us (50%) 6060 us (75%) 6274 us (95%) 6383 us (99%).
I0312 07:05:14.998065 213457 AriaExecutor.h:649] Worker 14 latency: 5796 us (50%) 6061 us (75%) 6277 us (95%) 6388 us (99%).
I0312 07:05:15.000626 213457 AriaExecutor.h:649] Worker 15 latency: 5796 us (50%) 6060 us (75%) 6276 us (95%) 6386 us (99%).
I0312 07:05:15.003180 213457 AriaExecutor.h:649] Worker 16 latency: 5797 us (50%) 6060 us (75%) 6276 us (95%) 6387 us (99%).
I0312 07:05:15.005739 213457 AriaExecutor.h:649] Worker 17 latency: 5801 us (50%) 6063 us (75%) 6278 us (95%) 6387 us (99%).
I0312 07:05:15.008297 213457 AriaExecutor.h:649] Worker 18 latency: 5797 us (50%) 6063 us (75%) 6277 us (95%) 6387 us (99%).
I0312 07:05:15.010860 213457 AriaExecutor.h:649] Worker 19 latency: 5797 us (50%) 6061 us (75%) 6276 us (95%) 6385 us (99%).
I0312 07:05:15.013396 213457 AriaExecutor.h:649] Worker 20 latency: 5797 us (50%) 6061 us (75%) 6276 us (95%) 6387 us (99%).
I0312 07:05:15.015905 213457 AriaExecutor.h:649] Worker 21 latency: 5792 us (50%) 6061 us (75%) 6276 us (95%) 6387 us (99%).
I0312 07:05:15.018455 213457 AriaExecutor.h:649] Worker 22 latency: 5797 us (50%) 6062 us (75%) 6277 us (95%) 6387 us (99%).
I0312 07:05:15.020946 213457 AriaExecutor.h:649] Worker 23 latency: 5798 us (50%) 6061 us (75%) 6275 us (95%) 6382 us (99%).
I0312 07:05:15.023492 213457 AriaExecutor.h:649] Worker 24 latency: 5802 us (50%) 6063 us (75%) 6278 us (95%) 6386 us (99%).
I0312 07:05:15.026034 213457 AriaExecutor.h:649] Worker 25 latency: 5795 us (50%) 6062 us (75%) 6277 us (95%) 6388 us (99%).
I0312 07:05:15.028522 213457 AriaExecutor.h:649] Worker 26 latency: 5799 us (50%) 6063 us (75%) 6276 us (95%) 6384 us (99%).
I0312 07:05:15.031008 213457 AriaExecutor.h:649] Worker 27 latency: 5800 us (50%) 6063 us (75%) 6277 us (95%) 6388 us (99%).
I0312 07:05:15.033483 213457 AriaExecutor.h:649] Worker 28 latency: 5795 us (50%) 6060 us (75%) 6275 us (95%) 6384 us (99%).
I0312 07:05:15.035985 213457 AriaExecutor.h:649] Worker 29 latency: 5752 us (50%) 6041 us (75%) 6268 us (95%) 6378 us (99%).
I0312 07:05:15.038488 213457 AriaExecutor.h:649] Worker 30 latency: 5792 us (50%) 6060 us (75%) 6275 us (95%) 6387 us (99%).
I0312 07:05:15.040956 213457 AriaExecutor.h:649] Worker 31 latency: 5802 us (50%) 6063 us (75%) 6275 us (95%) 6386 us (99%).
I0312 07:05:15.043435 213457 Coordinator.h:177] total commit: 59185.2
I0312 07:05:16.043620 213457 Coordinator.h:192] Coordinator exits.
