I0312 00:31:02.168601 114103 Database.h:65] ycsb initialization finished in 977 milliseconds.
I0312 00:31:02.168828 114103 Coordinator.h:30] Coordinator initializes 1 workers.
I0312 00:31:02.230073 114103 Coordinator.h:77] Coordinator starts to run 2 workers.
I0312 00:31:02.230244 114166 AriaExecutor.h:82] AriaExecutor 0 started. 
I0312 00:31:02.230384 114167 Manager.h:224] Manager(worker id = 1) on the coordinator node started.
I0312 00:31:03.230392 114103 Coordinator.h:126] commit: 266 abort: 3830 (0/3830/0), network size: 0, avg network size: 0, si_in_serializable: 0 0 %, local: 0 %
I0312 00:31:04.230599 114103 Coordinator.h:126] commit: 247 abort: 3849 (0/3849/0), network size: 0, avg network size: 0, si_in_serializable: 0 0 %, local: 0 %
I0312 00:31:05.230742 114103 Coordinator.h:126] commit: 382 abort: 5762 (0/5762/0), network size: 0, avg network size: 0, si_in_serializable: 0 0 %, local: 0 %
I0312 00:31:06.230863 114103 Coordinator.h:126] commit: 420 abort: 5724 (0/5724/0), network size: 0, avg network size: 0, si_in_serializable: 0 0 %, local: 0 %
I0312 00:31:07.231042 114103 Coordinator.h:126] commit: 388 abort: 5756 (0/5756/0), network size: 0, avg network size: 0, si_in_serializable: 0 0 %, local: 0 %
I0312 00:31:08.231197 114103 Coordinator.h:126] commit: 411 abort: 5733 (0/5733/0), network size: 0, avg network size: 0, si_in_serializable: 0 0 %, local: 0 %
I0312 00:31:09.231369 114103 Coordinator.h:126] commit: 398 abort: 5746 (0/5746/0), network size: 0, avg network size: 0, si_in_serializable: 0 0 %, local: 0 %
I0312 00:31:10.231536 114103 Coordinator.h:126] commit: 390 abort: 5754 (0/5754/0), network size: 0, avg network size: 0, si_in_serializable: 0 0 %, local: 0 %
I0312 00:31:11.231709 114103 Coordinator.h:126] commit: 373 abort: 5771 (0/5771/0), network size: 0, avg network size: 0, si_in_serializable: 0 0 %, local: 0 %
I0312 00:31:12.231839 114103 Coordinator.h:126] commit: 404 abort: 5740 (0/5740/0), network size: 0, avg network size: 0, si_in_serializable: 0 0 %, local: 0 %
I0312 00:31:13.231950 114103 Coordinator.h:126] commit: 419 abort: 5725 (0/5725/0), network size: 0, avg network size: 0, si_in_serializable: 0 0 %, local: 0 %
I0312 00:31:14.232065 114103 Coordinator.h:126] commit: 379 abort: 5765 (0/5765/0), network size: 0, avg network size: 0, si_in_serializable: 0 0 %, local: 0 %
I0312 00:31:15.232178 114103 Coordinator.h:126] commit: 388 abort: 5756 (0/5756/0), network size: 0, avg network size: 0, si_in_serializable: 0 0 %, local: 0 %
I0312 00:31:16.232297 114103 Coordinator.h:126] commit: 396 abort: 5748 (0/5748/0), network size: 0, avg network size: 0, si_in_serializable: 0 0 %, local: 0 %
I0312 00:31:17.232465 114103 Coordinator.h:126] commit: 383 abort: 5761 (0/5761/0), network size: 0, avg network size: 0, si_in_serializable: 0 0 %, local: 0 %
I0312 00:31:18.232599 114103 Coordinator.h:126] commit: 378 abort: 5766 (0/5766/0), network size: 0, avg network size: 0, si_in_serializable: 0 0 %, local: 0 %
I0312 00:31:19.232714 114103 Coordinator.h:126] commit: 411 abort: 5733 (0/5733/0), network size: 0, avg network size: 0, si_in_serializable: 0 0 %, local: 0 %
I0312 00:31:20.232888 114103 Coordinator.h:126] commit: 385 abort: 5759 (0/5759/0), network size: 0, avg network size: 0, si_in_serializable: 0 0 %, local: 0 %
I0312 00:31:21.233029 114103 Coordinator.h:126] commit: 375 abort: 5769 (0/5769/0), network size: 0, avg network size: 0, si_in_serializable: 0 0 %, local: 0 %
I0312 00:31:22.233139 114103 Coordinator.h:126] commit: 402 abort: 5742 (0/5742/0), network size: 0, avg network size: 0, si_in_serializable: 0 0 %, local: 0 %
I0312 00:31:23.233253 114103 Coordinator.h:126] commit: 403 abort: 5741 (0/5741/0), network size: 0, avg network size: 0, si_in_serializable: 0 0 %, local: 0 %
I0312 00:31:24.233426 114103 Coordinator.h:126] commit: 383 abort: 5761 (0/5761/0), network size: 0, avg network size: 0, si_in_serializable: 0 0 %, local: 0 %
I0312 00:31:25.233568 114103 Coordinator.h:126] commit: 377 abort: 5767 (0/5767/0), network size: 0, avg network size: 0, si_in_serializable: 0 0 %, local: 0 %
I0312 00:31:26.233691 114103 Coordinator.h:126] commit: 396 abort: 5748 (0/5748/0), network size: 0, avg network size: 0, si_in_serializable: 0 0 %, local: 0 %
I0312 00:31:27.233807 114103 Coordinator.h:126] commit: 372 abort: 5772 (0/5772/0), network size: 0, avg network size: 0, si_in_serializable: 0 0 %, local: 0 %
I0312 00:31:27.233845 114103 Coordinator.h:152] average commit: 391.6 abort: 5752.4 (0/5752.4/0), network size: 0, avg network size: 0, si_in_serializable: 0 0 %, local: 0 %
I0312 00:31:27.233892 114103 AriaExecutor.h:535] Worker 0 latency: 325975 us (50%) 329747 us (75%) 382439 us (95%) 540147 us (99%).
I0312 00:31:27.574421 114166 AriaExecutor.h:94] AriaExecutor 0 exits. 
I0312 00:31:27.574421 114167 Manager.h:227] Manager(worker id = 1) on the coordinator node exits.
I0312 00:31:27.574735 114103 Coordinator.h:177] total commit: 391.6
I0312 00:31:28.574898 114103 Coordinator.h:192] Coordinator exits.
