I0312 04:59:28.855085 185571 Database.h:65] ycsb initialization finished in 497 milliseconds.
I0312 04:59:28.855309 185571 Coordinator.h:30] Coordinator initializes 2 workers.
I0312 04:59:28.894786 185571 Coordinator.h:77] Coordinator starts to run 3 workers.
I0312 04:59:28.894932 185578 AriaExecutor.h:91] AriaExecutor 0 started. 
I0312 04:59:28.895001 185579 AriaExecutor.h:91] AriaExecutor 1 started. 
I0312 04:59:28.895092 185580 Manager.h:224] Manager(worker id = 2) on the coordinator node started.
I0312 04:59:29.895131 185571 Coordinator.h:126] commit: 1243 abort: 11045 (0/11045/0), network size: 0, avg network size: 0, si_in_serializable: 0 0 %, local: 0 %
I0312 04:59:30.895361 185571 Coordinator.h:126] commit: 1225 abort: 11063 (0/11063/0), network size: 0, avg network size: 0, si_in_serializable: 0 0 %, local: 0 %
I0312 04:59:31.895494 185571 Coordinator.h:126] commit: 1314 abort: 11998 (0/11998/0), network size: 0, avg network size: 0, si_in_serializable: 0 0 %, local: 0 %
I0312 04:59:32.895602 185571 Coordinator.h:126] commit: 1264 abort: 11095 (0/11095/0), network size: 0, avg network size: 0, si_in_serializable: 0 0 %, local: 0 %
I0312 04:59:33.895772 185571 Coordinator.h:126] commit: 1277 abort: 11964 (0/11964/0), network size: 0, avg network size: 0, si_in_serializable: 0 0 %, local: 0 %
I0312 04:59:34.895907 185571 Coordinator.h:126] commit: 1242 abort: 11046 (0/11046/0), network size: 0, avg network size: 0, si_in_serializable: 0 0 %, local: 0 %
I0312 04:59:35.896075 185571 Coordinator.h:126] commit: 1312 abort: 12000 (0/12000/0), network size: 0, avg network size: 0, si_in_serializable: 0 0 %, local: 0 %
I0312 04:59:36.896209 185571 Coordinator.h:126] commit: 1246 abort: 11042 (0/11042/0), network size: 0, avg network size: 0, si_in_serializable: 0 0 %, local: 0 %
I0312 04:59:37.896405 185571 Coordinator.h:126] commit: 1349 abort: 11963 (0/11963/0), network size: 0, avg network size: 0, si_in_serializable: 0 0 %, local: 0 %
I0312 04:59:38.896539 185571 Coordinator.h:126] commit: 1231 abort: 11057 (0/11057/0), network size: 0, avg network size: 0, si_in_serializable: 0 0 %, local: 0 %
I0312 04:59:39.896647 185571 Coordinator.h:126] commit: 1324 abort: 11988 (0/11988/0), network size: 0, avg network size: 0, si_in_serializable: 0 0 %, local: 0 %
I0312 04:59:40.896806 185571 Coordinator.h:126] commit: 1223 abort: 11065 (0/11065/0), network size: 0, avg network size: 0, si_in_serializable: 0 0 %, local: 0 %
I0312 04:59:41.896938 185571 Coordinator.h:126] commit: 1295 abort: 12017 (0/12017/0), network size: 0, avg network size: 0, si_in_serializable: 0 0 %, local: 0 %
I0312 04:59:42.897051 185571 Coordinator.h:126] commit: 1216 abort: 11072 (0/11072/0), network size: 0, avg network size: 0, si_in_serializable: 0 0 %, local: 0 %
I0312 04:59:43.897157 185571 Coordinator.h:126] commit: 1362 abort: 11950 (0/11950/0), network size: 0, avg network size: 0, si_in_serializable: 0 0 %, local: 0 %
I0312 04:59:44.897325 185571 Coordinator.h:126] commit: 1229 abort: 11059 (0/11059/0), network size: 0, avg network size: 0, si_in_serializable: 0 0 %, local: 0 %
I0312 04:59:45.897457 185571 Coordinator.h:126] commit: 1316 abort: 11996 (0/11996/0), network size: 0, avg network size: 0, si_in_serializable: 0 0 %, local: 0 %
I0312 04:59:46.897564 185571 Coordinator.h:126] commit: 1207 abort: 11081 (0/11081/0), network size: 0, avg network size: 0, si_in_serializable: 0 0 %, local: 0 %
I0312 04:59:47.897670 185571 Coordinator.h:126] commit: 1335 abort: 11977 (0/11977/0), network size: 0, avg network size: 0, si_in_serializable: 0 0 %, local: 0 %
I0312 04:59:48.897780 185571 Coordinator.h:126] commit: 1363 abort: 11949 (0/11949/0), network size: 0, avg network size: 0, si_in_serializable: 0 0 %, local: 0 %
I0312 04:59:49.897943 185571 Coordinator.h:126] commit: 1258 abort: 11030 (0/11030/0), network size: 0, avg network size: 0, si_in_serializable: 0 0 %, local: 0 %
I0312 04:59:50.898077 185571 Coordinator.h:126] commit: 1334 abort: 11978 (0/11978/0), network size: 0, avg network size: 0, si_in_serializable: 0 0 %, local: 0 %
I0312 04:59:51.898185 185571 Coordinator.h:126] commit: 1243 abort: 11045 (0/11045/0), network size: 0, avg network size: 0, si_in_serializable: 0 0 %, local: 0 %
I0312 04:59:52.898288 185571 Coordinator.h:126] commit: 1342 abort: 11970 (0/11970/0), network size: 0, avg network size: 0, si_in_serializable: 0 0 %, local: 0 %
I0312 04:59:53.898396 185571 Coordinator.h:126] commit: 1225 abort: 11063 (0/11063/0), network size: 0, avg network size: 0, si_in_serializable: 0 0 %, local: 0 %
I0312 04:59:53.898434 185571 Coordinator.h:152] average commit: 1287 abort: 11615.4 (0/11615.4/0), network size: 0, avg network size: 0, si_in_serializable: 0 0 %, local: 0 %
I0312 04:59:53.898478 185571 AriaExecutor.h:649] Worker 0 latency: 76827 us (50%) 77903 us (75%) 78671 us (95%) 97272 us (99%).
I0312 04:59:53.902029 185579 AriaExecutor.h:103] AriaExecutor 1 exits. 
I0312 04:59:53.902029 185580 Manager.h:227] Manager(worker id = 2) on the coordinator node exits.
I0312 04:59:53.902029 185578 AriaExecutor.h:103] AriaExecutor 0 exits. 
I0312 04:59:53.902243 185571 AriaExecutor.h:649] Worker 1 latency: 76855 us (50%) 77916 us (75%) 78681 us (95%) 97383 us (99%).
I0312 04:59:53.904734 185571 Coordinator.h:177] total commit: 1287
I0312 04:59:54.904948 185571 Coordinator.h:192] Coordinator exits.
