I0312 04:14:14.926280 173797 Database.h:65] ycsb initialization finished in 101 milliseconds.
I0312 04:14:14.926537 173797 Coordinator.h:30] Coordinator initializes 62 workers.
I0312 04:14:14.986995 173797 Coordinator.h:77] Coordinator starts to run 63 workers.
I0312 04:14:14.987078 173863 AriaExecutor.h:82] AriaExecutor 0 started. 
I0312 04:14:14.987154 173864 AriaExecutor.h:82] AriaExecutor 1 started. 
I0312 04:14:14.987179 173865 AriaExecutor.h:82] AriaExecutor 2 started. 
I0312 04:14:14.987258 173866 AriaExecutor.h:82] AriaExecutor 3 started. 
I0312 04:14:14.987304 173867 AriaExecutor.h:82] AriaExecutor 4 started. 
I0312 04:14:14.987390 173868 AriaExecutor.h:82] AriaExecutor 5 started. 
I0312 04:14:14.987490 173869 AriaExecutor.h:82] AriaExecutor 6 started. 
I0312 04:14:14.987582 173870 AriaExecutor.h:82] AriaExecutor 7 started. 
I0312 04:14:14.987675 173871 AriaExecutor.h:82] AriaExecutor 8 started. 
I0312 04:14:14.987773 173872 AriaExecutor.h:82] AriaExecutor 9 started. 
I0312 04:14:14.987843 173873 AriaExecutor.h:82] AriaExecutor 10 started. 
I0312 04:14:14.988075 173874 AriaExecutor.h:82] AriaExecutor 11 started. 
I0312 04:14:14.988268 173875 AriaExecutor.h:82] AriaExecutor 12 started. 
I0312 04:14:14.988444 173876 AriaExecutor.h:82] AriaExecutor 13 started. 
I0312 04:14:14.988597 173877 AriaExecutor.h:82] AriaExecutor 14 started. 
I0312 04:14:14.988742 173878 AriaExecutor.h:82] AriaExecutor 15 started. 
I0312 04:14:14.988890 173879 AriaExecutor.h:82] AriaExecutor 16 started. 
I0312 04:14:14.989033 173880 AriaExecutor.h:82] AriaExecutor 17 started. 
I0312 04:14:14.989188 173881 AriaExecutor.h:82] AriaExecutor 18 started. 
I0312 04:14:14.989331 173882 AriaExecutor.h:82] AriaExecutor 19 started. 
I0312 04:14:14.989476 173883 AriaExecutor.h:82] AriaExecutor 20 started. 
I0312 04:14:14.989619 173884 AriaExecutor.h:82] AriaExecutor 21 started. 
I0312 04:14:14.989763 173885 AriaExecutor.h:82] AriaExecutor 22 started. 
I0312 04:14:14.989912 173886 AriaExecutor.h:82] AriaExecutor 23 started. 
I0312 04:14:14.990098 173887 AriaExecutor.h:82] AriaExecutor 24 started. 
I0312 04:14:14.990283 173888 AriaExecutor.h:82] AriaExecutor 25 started. 
I0312 04:14:14.990469 173889 AriaExecutor.h:82] AriaExecutor 26 started. 
I0312 04:14:14.990665 173890 AriaExecutor.h:82] AriaExecutor 27 started. 
I0312 04:14:14.990859 173891 AriaExecutor.h:82] AriaExecutor 28 started. 
I0312 04:14:14.991026 173892 AriaExecutor.h:82] AriaExecutor 29 started. 
I0312 04:14:14.991238 173893 AriaExecutor.h:82] AriaExecutor 30 started. 
I0312 04:14:14.991415 173894 AriaExecutor.h:82] AriaExecutor 31 started. 
I0312 04:14:14.991590 173895 AriaExecutor.h:82] AriaExecutor 32 started. 
I0312 04:14:14.991771 173896 AriaExecutor.h:82] AriaExecutor 33 started. 
I0312 04:14:14.991950 173897 AriaExecutor.h:82] AriaExecutor 34 started. 
I0312 04:14:14.992122 173898 AriaExecutor.h:82] AriaExecutor 35 started. 
I0312 04:14:14.992313 173899 AriaExecutor.h:82] AriaExecutor 36 started. 
I0312 04:14:14.992520 173900 AriaExecutor.h:82] AriaExecutor 37 started. 
I0312 04:14:14.992699 173901 AriaExecutor.h:82] AriaExecutor 38 started. 
I0312 04:14:14.992879 173902 AriaExecutor.h:82] AriaExecutor 39 started. 
I0312 04:14:14.993055 173903 AriaExecutor.h:82] AriaExecutor 40 started. 
I0312 04:14:14.993230 173904 AriaExecutor.h:82] AriaExecutor 41 started. 
I0312 04:14:14.993396 173905 AriaExecutor.h:82] AriaExecutor 42 started. 
I0312 04:14:14.993585 173906 AriaExecutor.h:82] AriaExecutor 43 started. 
I0312 04:14:14.993760 173907 AriaExecutor.h:82] AriaExecutor 44 started. 
I0312 04:14:14.993952 173908 AriaExecutor.h:82] AriaExecutor 45 started. 
I0312 04:14:14.994130 173909 AriaExecutor.h:82] AriaExecutor 46 started. 
I0312 04:14:14.994303 173910 AriaExecutor.h:82] AriaExecutor 47 started. 
I0312 04:14:14.994488 173911 AriaExecutor.h:82] AriaExecutor 48 started. 
I0312 04:14:14.994660 173912 AriaExecutor.h:82] AriaExecutor 49 started. 
I0312 04:14:14.994824 173913 AriaExecutor.h:82] AriaExecutor 50 started. 
I0312 04:14:14.995002 173914 AriaExecutor.h:82] AriaExecutor 51 started. 
I0312 04:14:14.995170 173915 AriaExecutor.h:82] AriaExecutor 52 started. 
I0312 04:14:14.995333 173916 AriaExecutor.h:82] AriaExecutor 53 started. 
I0312 04:14:14.995517 173917 AriaExecutor.h:82] AriaExecutor 54 started. 
I0312 04:14:14.995684 173918 AriaExecutor.h:82] AriaExecutor 55 started. 
I0312 04:14:14.995863 173919 AriaExecutor.h:82] AriaExecutor 56 started. 
I0312 04:14:14.996084 173920 AriaExecutor.h:82] AriaExecutor 57 started. 
I0312 04:14:14.996297 173921 AriaExecutor.h:82] AriaExecutor 58 started. 
I0312 04:14:14.996516 173922 AriaExecutor.h:82] AriaExecutor 59 started. 
I0312 04:14:14.996707 173923 AriaExecutor.h:82] AriaExecutor 60 started. 
F0312 04:14:14.997149 173797 Coordinator.h:355] Check failed: rc == 0 
*** Check failure stack trace: ***
I0312 04:14:14.997167 173925 Manager.h:224] Manager(worker id = 62) on the coordinator node started.
    @     0x7fd570361b03  google::LogMessage::Fail()
I0312 04:14:15.000257 173924 AriaExecutor.h:82] AriaExecutor 61 started. 
    @     0x7fd5703699d1  google::LogMessage::SendToLog()
    @     0x7fd5703617c2  google::LogMessage::Flush()
    @     0x7fd57036378f  google::LogMessageFatal::~LogMessageFatal()
    @     0x55ddd28d2bd3  aria::Coordinator::pin_thread_to_core()
    @     0x55ddd28e206b  aria::Coordinator::start()
    @     0x55ddd28c0fe8  main
    @     0x7fd56fdf4d90  (unknown)
    @     0x7fd56fdf4e40  __libc_start_main
    @     0x55ddd28c1f05  _start
    @              (nil)  (unknown)
