I0312 01:31:58.166117 148270 Database.h:65] ycsb initialization finished in 495 milliseconds.
I0312 01:31:58.166332 148270 Coordinator.h:30] Coordinator initializes 2 workers.
I0312 01:31:58.228123 148270 Coordinator.h:77] Coordinator starts to run 3 workers.
I0312 01:31:58.228276 148276 AriaExecutor.h:82] AriaExecutor 0 started. 
I0312 01:31:58.228334 148277 AriaExecutor.h:82] AriaExecutor 1 started. 
I0312 01:31:58.228394 148278 Manager.h:224] Manager(worker id = 2) on the coordinator node started.
I0312 01:31:59.228430 148270 Coordinator.h:126] commit: 40742 abort: 45274 (0/45274/0), network size: 0, avg network size: 0, si_in_serializable: 0 0 %, local: 0 %
I0312 01:32:00.228631 148270 Coordinator.h:126] commit: 40551 abort: 45465 (0/45465/0), network size: 0, avg network size: 0, si_in_serializable: 0 0 %, local: 0 %
I0312 01:32:01.228766 148270 Coordinator.h:126] commit: 42564 abort: 47548 (0/47548/0), network size: 0, avg network size: 0, si_in_serializable: 0 0 %, local: 0 %
I0312 01:32:02.228878 148270 Coordinator.h:126] commit: 41450 abort: 46614 (0/46614/0), network size: 0, avg network size: 0, si_in_serializable: 0 0 %, local: 0 %
I0312 01:32:03.229046 148270 Coordinator.h:126] commit: 40625 abort: 45391 (0/45391/0), network size: 0, avg network size: 0, si_in_serializable: 0 0 %, local: 0 %
I0312 01:32:04.229182 148270 Coordinator.h:126] commit: 41568 abort: 46496 (0/46496/0), network size: 0, avg network size: 0, si_in_serializable: 0 0 %, local: 0 %
I0312 01:32:05.229353 148270 Coordinator.h:126] commit: 41515 abort: 46549 (0/46549/0), network size: 0, avg network size: 0, si_in_serializable: 0 0 %, local: 0 %
I0312 01:32:06.229494 148270 Coordinator.h:126] commit: 41412 abort: 46652 (0/46652/0), network size: 0, avg network size: 0, si_in_serializable: 0 0 %, local: 0 %
I0312 01:32:07.229682 148270 Coordinator.h:126] commit: 40303 abort: 45713 (0/45713/0), network size: 0, avg network size: 0, si_in_serializable: 0 0 %, local: 0 %
I0312 01:32:08.229821 148270 Coordinator.h:126] commit: 41490 abort: 46574 (0/46574/0), network size: 0, avg network size: 0, si_in_serializable: 0 0 %, local: 0 %
I0312 01:32:09.229936 148270 Coordinator.h:126] commit: 42486 abort: 47626 (0/47626/0), network size: 0, avg network size: 0, si_in_serializable: 0 0 %, local: 0 %
I0312 01:32:10.230104 148270 Coordinator.h:126] commit: 40387 abort: 45629 (0/45629/0), network size: 0, avg network size: 0, si_in_serializable: 0 0 %, local: 0 %
I0312 01:32:11.230242 148270 Coordinator.h:126] commit: 41487 abort: 46577 (0/46577/0), network size: 0, avg network size: 0, si_in_serializable: 0 0 %, local: 0 %
I0312 01:32:12.230361 148270 Coordinator.h:126] commit: 41549 abort: 46515 (0/46515/0), network size: 0, avg network size: 0, si_in_serializable: 0 0 %, local: 0 %
I0312 01:32:13.230480 148270 Coordinator.h:126] commit: 42481 abort: 47631 (0/47631/0), network size: 0, avg network size: 0, si_in_serializable: 0 0 %, local: 0 %
I0312 01:32:14.230654 148270 Coordinator.h:126] commit: 40213 abort: 45803 (0/45803/0), network size: 0, avg network size: 0, si_in_serializable: 0 0 %, local: 0 %
I0312 01:32:15.230785 148270 Coordinator.h:126] commit: 41488 abort: 46576 (0/46576/0), network size: 0, avg network size: 0, si_in_serializable: 0 0 %, local: 0 %
I0312 01:32:16.230896 148270 Coordinator.h:126] commit: 42432 abort: 47680 (0/47680/0), network size: 0, avg network size: 0, si_in_serializable: 0 0 %, local: 0 %
I0312 01:32:17.231014 148270 Coordinator.h:126] commit: 41611 abort: 46453 (0/46453/0), network size: 0, avg network size: 0, si_in_serializable: 0 0 %, local: 0 %
I0312 01:32:18.231127 148270 Coordinator.h:126] commit: 41305 abort: 46759 (0/46759/0), network size: 0, avg network size: 0, si_in_serializable: 0 0 %, local: 0 %
I0312 01:32:19.231289 148270 Coordinator.h:126] commit: 40440 abort: 45576 (0/45576/0), network size: 0, avg network size: 0, si_in_serializable: 0 0 %, local: 0 %
I0312 01:32:20.231418 148270 Coordinator.h:126] commit: 42506 abort: 47606 (0/47606/0), network size: 0, avg network size: 0, si_in_serializable: 0 0 %, local: 0 %
I0312 01:32:21.231524 148270 Coordinator.h:126] commit: 41578 abort: 46486 (0/46486/0), network size: 0, avg network size: 0, si_in_serializable: 0 0 %, local: 0 %
I0312 01:32:22.231632 148270 Coordinator.h:126] commit: 41350 abort: 46714 (0/46714/0), network size: 0, avg network size: 0, si_in_serializable: 0 0 %, local: 0 %
I0312 01:32:23.231745 148270 Coordinator.h:126] commit: 42525 abort: 47587 (0/47587/0), network size: 0, avg network size: 0, si_in_serializable: 0 0 %, local: 0 %
I0312 01:32:23.231787 148270 Coordinator.h:152] average commit: 41543.9 abort: 46724.9 (0/46724.9/0), network size: 0, avg network size: 0, si_in_serializable: 0 0 %, local: 0 %
I0312 01:32:23.252101 148276 AriaExecutor.h:94] AriaExecutor 0 exits. 
I0312 01:32:23.252101 148277 AriaExecutor.h:94] AriaExecutor 1 exits. 
I0312 01:32:23.252101 148278 Manager.h:227] Manager(worker id = 2) on the coordinator node exits.
I0312 01:32:23.231835 148270 AriaExecutor.h:535] Worker 0 latency: 15045 us (50%) 19535 us (75%) 22449 us (95%) 22961 us (99%).
I0312 01:32:23.273415 148270 AriaExecutor.h:535] Worker 1 latency: 15047 us (50%) 19517 us (75%) 22431 us (95%) 22918 us (99%).
I0312 01:32:23.300549 148270 Coordinator.h:177] total commit: 41543.9
I0312 01:32:24.300762 148270 Coordinator.h:192] Coordinator exits.
