I0312 03:14:27.257157 159777 Database.h:65] ycsb initialization finished in 102 milliseconds.
I0312 03:14:27.257366 159777 Coordinator.h:30] Coordinator initializes 32 workers.
I0312 03:14:27.317839 159777 Coordinator.h:77] Coordinator starts to run 33 workers.
I0312 03:14:27.317929 159814 AriaExecutor.h:82] AriaExecutor 0 started. 
I0312 03:14:27.317978 159815 AriaExecutor.h:82] AriaExecutor 1 started. 
I0312 03:14:27.318097 159816 AriaExecutor.h:82] AriaExecutor 2 started. 
I0312 03:14:27.318203 159817 AriaExecutor.h:82] AriaExecutor 3 started. 
I0312 03:14:27.318280 159818 AriaExecutor.h:82] AriaExecutor 4 started. 
I0312 03:14:27.318365 159819 AriaExecutor.h:82] AriaExecutor 5 started. 
I0312 03:14:27.318418 159820 AriaExecutor.h:82] AriaExecutor 6 started. 
I0312 03:14:27.318493 159821 AriaExecutor.h:82] AriaExecutor 7 started. 
I0312 03:14:27.318591 159822 AriaExecutor.h:82] AriaExecutor 8 started. 
I0312 03:14:27.318701 159823 AriaExecutor.h:82] AriaExecutor 9 started. 
I0312 03:14:27.318799 159824 AriaExecutor.h:82] AriaExecutor 10 started. 
I0312 03:14:27.318879 159825 AriaExecutor.h:82] AriaExecutor 11 started. 
I0312 03:14:27.318986 159826 AriaExecutor.h:82] AriaExecutor 12 started. 
I0312 03:14:27.319092 159827 AriaExecutor.h:82] AriaExecutor 13 started. 
I0312 03:14:27.319200 159828 AriaExecutor.h:82] AriaExecutor 14 started. 
I0312 03:14:27.319351 159829 AriaExecutor.h:82] AriaExecutor 15 started. 
I0312 03:14:27.319487 159830 AriaExecutor.h:82] AriaExecutor 16 started. 
I0312 03:14:27.319552 159831 AriaExecutor.h:82] AriaExecutor 17 started. 
I0312 03:14:27.319653 159832 AriaExecutor.h:82] AriaExecutor 18 started. 
I0312 03:14:27.319774 159833 AriaExecutor.h:82] AriaExecutor 19 started. 
I0312 03:14:27.319855 159834 AriaExecutor.h:82] AriaExecutor 20 started. 
I0312 03:14:27.319950 159835 AriaExecutor.h:82] AriaExecutor 21 started. 
I0312 03:14:27.320067 159836 AriaExecutor.h:82] AriaExecutor 22 started. 
I0312 03:14:27.320120 159837 AriaExecutor.h:82] AriaExecutor 23 started. 
I0312 03:14:27.320207 159838 AriaExecutor.h:82] AriaExecutor 24 started. 
I0312 03:14:27.320329 159839 AriaExecutor.h:82] AriaExecutor 25 started. 
I0312 03:14:27.320438 159840 AriaExecutor.h:82] AriaExecutor 26 started. 
I0312 03:14:27.320555 159841 AriaExecutor.h:82] AriaExecutor 27 started. 
I0312 03:14:27.320669 159842 AriaExecutor.h:82] AriaExecutor 28 started. 
I0312 03:14:27.320762 159843 AriaExecutor.h:82] AriaExecutor 29 started. 
I0312 03:14:27.320850 159844 AriaExecutor.h:82] AriaExecutor 30 started. 
I0312 03:14:27.320969 159845 AriaExecutor.h:82] AriaExecutor 31 started. 
I0312 03:14:27.321090 159846 Manager.h:224] Manager(worker id = 32) on the coordinator node started.
I0312 03:14:28.321103 159777 Coordinator.h:126] commit: 28171 abort: 133621 (0/133621/0), network size: 0, avg network size: 0, si_in_serializable: 0 0 %, local: 0 %
I0312 03:14:29.321276 159777 Coordinator.h:126] commit: 28569 abort: 135271 (0/135271/0), network size: 0, avg network size: 0, si_in_serializable: 0 0 %, local: 0 %
I0312 03:14:30.321413 159777 Coordinator.h:126] commit: 28680 abort: 135160 (0/135160/0), network size: 0, avg network size: 0, si_in_serializable: 0 0 %, local: 0 %
I0312 03:14:31.321591 159777 Coordinator.h:126] commit: 28327 abort: 135513 (0/135513/0), network size: 0, avg network size: 0, si_in_serializable: 0 0 %, local: 0 %
I0312 03:14:32.321732 159777 Coordinator.h:126] commit: 28554 abort: 135286 (0/135286/0), network size: 0, avg network size: 0, si_in_serializable: 0 0 %, local: 0 %
I0312 03:14:33.321868 159777 Coordinator.h:126] commit: 28952 abort: 136936 (0/136936/0), network size: 0, avg network size: 0, si_in_serializable: 0 0 %, local: 0 %
I0312 03:14:34.322003 159777 Coordinator.h:126] commit: 28092 abort: 133700 (0/133700/0), network size: 0, avg network size: 0, si_in_serializable: 0 0 %, local: 0 %
I0312 03:14:35.322140 159777 Coordinator.h:126] commit: 28629 abort: 135211 (0/135211/0), network size: 0, avg network size: 0, si_in_serializable: 0 0 %, local: 0 %
I0312 03:14:36.322275 159777 Coordinator.h:126] commit: 28152 abort: 133640 (0/133640/0), network size: 0, avg network size: 0, si_in_serializable: 0 0 %, local: 0 %
I0312 03:14:37.322403 159777 Coordinator.h:126] commit: 28225 abort: 133567 (0/133567/0), network size: 0, avg network size: 0, si_in_serializable: 0 0 %, local: 0 %
I0312 03:14:38.322592 159777 Coordinator.h:126] commit: 28614 abort: 135226 (0/135226/0), network size: 0, avg network size: 0, si_in_serializable: 0 0 %, local: 0 %
I0312 03:14:39.322736 159777 Coordinator.h:126] commit: 28174 abort: 133618 (0/133618/0), network size: 0, avg network size: 0, si_in_serializable: 0 0 %, local: 0 %
I0312 03:14:40.322867 159777 Coordinator.h:126] commit: 28369 abort: 135471 (0/135471/0), network size: 0, avg network size: 0, si_in_serializable: 0 0 %, local: 0 %
I0312 03:14:41.322999 159777 Coordinator.h:126] commit: 28148 abort: 133644 (0/133644/0), network size: 0, avg network size: 0, si_in_serializable: 0 0 %, local: 0 %
I0312 03:14:42.323135 159777 Coordinator.h:126] commit: 28389 abort: 135451 (0/135451/0), network size: 0, avg network size: 0, si_in_serializable: 0 0 %, local: 0 %
I0312 03:14:43.323262 159777 Coordinator.h:126] commit: 28054 abort: 133738 (0/133738/0), network size: 0, avg network size: 0, si_in_serializable: 0 0 %, local: 0 %
I0312 03:14:44.323395 159777 Coordinator.h:126] commit: 28616 abort: 135224 (0/135224/0), network size: 0, avg network size: 0, si_in_serializable: 0 0 %, local: 0 %
I0312 03:14:45.323526 159777 Coordinator.h:126] commit: 27779 abort: 131965 (0/131965/0), network size: 0, avg network size: 0, si_in_serializable: 0 0 %, local: 0 %
I0312 03:14:46.323659 159777 Coordinator.h:126] commit: 28216 abort: 133576 (0/133576/0), network size: 0, avg network size: 0, si_in_serializable: 0 0 %, local: 0 %
I0312 03:14:47.323792 159777 Coordinator.h:126] commit: 27901 abort: 133891 (0/133891/0), network size: 0, avg network size: 0, si_in_serializable: 0 0 %, local: 0 %
I0312 03:14:48.323937 159777 Coordinator.h:126] commit: 28637 abort: 135203 (0/135203/0), network size: 0, avg network size: 0, si_in_serializable: 0 0 %, local: 0 %
I0312 03:14:49.324069 159777 Coordinator.h:126] commit: 28337 abort: 133455 (0/133455/0), network size: 0, avg network size: 0, si_in_serializable: 0 0 %, local: 0 %
I0312 03:14:50.324210 159777 Coordinator.h:126] commit: 28264 abort: 133528 (0/133528/0), network size: 0, avg network size: 0, si_in_serializable: 0 0 %, local: 0 %
I0312 03:14:51.324353 159777 Coordinator.h:126] commit: 28139 abort: 133653 (0/133653/0), network size: 0, avg network size: 0, si_in_serializable: 0 0 %, local: 0 %
I0312 03:14:52.324483 159777 Coordinator.h:126] commit: 28243 abort: 133549 (0/133549/0), network size: 0, avg network size: 0, si_in_serializable: 0 0 %, local: 0 %
I0312 03:14:52.324527 159777 Coordinator.h:152] average commit: 28226 abort: 134180 (0/134180/0), network size: 0, avg network size: 0, si_in_serializable: 0 0 %, local: 0 %
I0312 03:14:52.324542 159777 AriaExecutor.h:535] Worker 0 latency: 11838 us (50%) 12194 us (75%) 12485 us (95%) 12650 us (99%).
I0312 03:14:52.327808 159823 AriaExecutor.h:94] AriaExecutor 9 exits. 
I0312 03:14:52.327818 159817 AriaExecutor.h:94] AriaExecutor 3 exits. 
I0312 03:14:52.327809 159845 AriaExecutor.h:94] AriaExecutor 31 exits. 
I0312 03:14:52.327808 159821 AriaExecutor.h:94] AriaExecutor 7 exits. 
I0312 03:14:52.327808 159826 AriaExecutor.h:94] AriaExecutor 12 exits. 
I0312 03:14:52.327809 159822 AriaExecutor.h:94] AriaExecutor 8 exits. 
I0312 03:14:52.327808 159844 AriaExecutor.h:94] AriaExecutor 30 exits. 
I0312 03:14:52.327814 159819 AriaExecutor.h:94] AriaExecutor 5 exits. 
I0312 03:14:52.327814 159815 AriaExecutor.h:94] AriaExecutor 1 exits. 
I0312 03:14:52.327808 159825 AriaExecutor.h:94] AriaExecutor 11 exits. 
I0312 03:14:52.327838 159839 AriaExecutor.h:94] AriaExecutor 25 exits. 
I0312 03:14:52.327841 159829 AriaExecutor.h:94] AriaExecutor 15 exits. 
I0312 03:14:52.327838 159837 AriaExecutor.h:94] AriaExecutor 23 exits. 
I0312 03:14:52.327838 159841 AriaExecutor.h:94] AriaExecutor 27 exits. 
I0312 03:14:52.327813 159824 AriaExecutor.h:94] AriaExecutor 10 exits. 
I0312 03:14:52.327840 159838 AriaExecutor.h:94] AriaExecutor 24 exits. 
I0312 03:14:52.327838 159834 AriaExecutor.h:94] AriaExecutor 20 exits. 
I0312 03:14:52.327812 159846 Manager.h:227] Manager(worker id = 32) on the coordinator node exits.
I0312 03:14:52.327811 159816 AriaExecutor.h:94] AriaExecutor 2 exits. 
I0312 03:14:52.327841 159833 AriaExecutor.h:94] AriaExecutor 19 exits. 
I0312 03:14:52.327838 159828 AriaExecutor.h:94] AriaExecutor 14 exits. 
I0312 03:14:52.327838 159842 AriaExecutor.h:94] AriaExecutor 28 exits. 
I0312 03:14:52.327842 159843 AriaExecutor.h:94] AriaExecutor 29 exits. 
I0312 03:14:52.327839 159835 AriaExecutor.h:94] AriaExecutor 21 exits. 
I0312 03:14:52.327838 159832 AriaExecutor.h:94] AriaExecutor 18 exits. 
I0312 03:14:52.327852 159836 AriaExecutor.h:94] AriaExecutor 22 exits. 
I0312 03:14:52.327814 159820 AriaExecutor.h:94] AriaExecutor 6 exits. 
I0312 03:14:52.327813 159818 AriaExecutor.h:94] AriaExecutor 4 exits. 
I0312 03:14:52.327840 159840 AriaExecutor.h:94] AriaExecutor 26 exits. 
I0312 03:14:52.327816 159827 AriaExecutor.h:94] AriaExecutor 13 exits. 
I0312 03:14:52.327842 159830 AriaExecutor.h:94] AriaExecutor 16 exits. 
I0312 03:14:52.327843 159831 AriaExecutor.h:94] AriaExecutor 17 exits. 
I0312 03:14:52.327812 159814 AriaExecutor.h:94] AriaExecutor 0 exits. 
I0312 03:14:52.328328 159777 AriaExecutor.h:535] Worker 1 latency: 11989 us (50%) 12209 us (75%) 12433 us (95%) 12582 us (99%).
I0312 03:14:52.329574 159777 AriaExecutor.h:535] Worker 2 latency: 11986 us (50%) 12204 us (75%) 12425 us (95%) 12567 us (99%).
I0312 03:14:52.330783 159777 AriaExecutor.h:535] Worker 3 latency: 11983 us (50%) 12203 us (75%) 12425 us (95%) 12572 us (99%).
I0312 03:14:52.332015 159777 AriaExecutor.h:535] Worker 4 latency: 11980 us (50%) 12203 us (75%) 12426 us (95%) 12574 us (99%).
I0312 03:14:52.333262 159777 AriaExecutor.h:535] Worker 5 latency: 11980 us (50%) 12203 us (75%) 12424 us (95%) 12569 us (99%).
I0312 03:14:52.334460 159777 AriaExecutor.h:535] Worker 6 latency: 11988 us (50%) 12206 us (75%) 12425 us (95%) 12567 us (99%).
I0312 03:14:52.335633 159777 AriaExecutor.h:535] Worker 7 latency: 11983 us (50%) 12205 us (75%) 12426 us (95%) 12572 us (99%).
I0312 03:14:52.336830 159777 AriaExecutor.h:535] Worker 8 latency: 11985 us (50%) 12204 us (75%) 12425 us (95%) 12570 us (99%).
I0312 03:14:52.338008 159777 AriaExecutor.h:535] Worker 9 latency: 11983 us (50%) 12205 us (75%) 12425 us (95%) 12572 us (99%).
I0312 03:14:52.339190 159777 AriaExecutor.h:535] Worker 10 latency: 11984 us (50%) 12205 us (75%) 12425 us (95%) 12568 us (99%).
I0312 03:14:52.340370 159777 AriaExecutor.h:535] Worker 11 latency: 11984 us (50%) 12204 us (75%) 12426 us (95%) 12570 us (99%).
I0312 03:14:52.341552 159777 AriaExecutor.h:535] Worker 12 latency: 11982 us (50%) 12203 us (75%) 12427 us (95%) 12578 us (99%).
I0312 03:14:52.342716 159777 AriaExecutor.h:535] Worker 13 latency: 11972 us (50%) 12199 us (75%) 12422 us (95%) 12566 us (99%).
I0312 03:14:52.343881 159777 AriaExecutor.h:535] Worker 14 latency: 11981 us (50%) 12204 us (75%) 12424 us (95%) 12568 us (99%).
I0312 03:14:52.345068 159777 AriaExecutor.h:535] Worker 15 latency: 11983 us (50%) 12204 us (75%) 12425 us (95%) 12570 us (99%).
I0312 03:14:52.346235 159777 AriaExecutor.h:535] Worker 16 latency: 11984 us (50%) 12204 us (75%) 12424 us (95%) 12570 us (99%).
I0312 03:14:52.347404 159777 AriaExecutor.h:535] Worker 17 latency: 11987 us (50%) 12206 us (75%) 12426 us (95%) 12569 us (99%).
I0312 03:14:52.348573 159777 AriaExecutor.h:535] Worker 18 latency: 11983 us (50%) 12204 us (75%) 12423 us (95%) 12566 us (99%).
I0312 03:14:52.349728 159777 AriaExecutor.h:535] Worker 19 latency: 11978 us (50%) 12200 us (75%) 12421 us (95%) 12563 us (99%).
I0312 03:14:52.350876 159777 AriaExecutor.h:535] Worker 20 latency: 11979 us (50%) 12202 us (75%) 12424 us (95%) 12569 us (99%).
I0312 03:14:52.352031 159777 AriaExecutor.h:535] Worker 21 latency: 11982 us (50%) 12202 us (75%) 12424 us (95%) 12567 us (99%).
I0312 03:14:52.353206 159777 AriaExecutor.h:535] Worker 22 latency: 11982 us (50%) 12204 us (75%) 12425 us (95%) 12572 us (99%).
I0312 03:14:52.354377 159777 AriaExecutor.h:535] Worker 23 latency: 11978 us (50%) 12202 us (75%) 12422 us (95%) 12568 us (99%).
I0312 03:14:52.355532 159777 AriaExecutor.h:535] Worker 24 latency: 11985 us (50%) 12204 us (75%) 12424 us (95%) 12569 us (99%).
I0312 03:14:52.356671 159777 AriaExecutor.h:535] Worker 25 latency: 11977 us (50%) 12203 us (75%) 12422 us (95%) 12567 us (99%).
I0312 03:14:52.357828 159777 AriaExecutor.h:535] Worker 26 latency: 11983 us (50%) 12204 us (75%) 12425 us (95%) 12573 us (99%).
I0312 03:14:52.358963 159777 AriaExecutor.h:535] Worker 27 latency: 11981 us (50%) 12205 us (75%) 12426 us (95%) 12566 us (99%).
I0312 03:14:52.360108 159777 AriaExecutor.h:535] Worker 28 latency: 11976 us (50%) 12203 us (75%) 12425 us (95%) 12571 us (99%).
I0312 03:14:52.361250 159777 AriaExecutor.h:535] Worker 29 latency: 11939 us (50%) 12191 us (75%) 12427 us (95%) 12577 us (99%).
I0312 03:14:52.362388 159777 AriaExecutor.h:535] Worker 30 latency: 11983 us (50%) 12204 us (75%) 12425 us (95%) 12572 us (99%).
I0312 03:14:52.363500 159777 AriaExecutor.h:535] Worker 31 latency: 11988 us (50%) 12205 us (75%) 12425 us (95%) 12567 us (99%).
I0312 03:14:52.364621 159777 Coordinator.h:177] total commit: 28226
I0312 03:14:53.364804 159777 Coordinator.h:192] Coordinator exits.
