I0312 08:00:07.684116 238167 Database.h:65] ycsb initialization finished in 98 milliseconds.
I0312 08:00:07.684352 238167 Coordinator.h:30] Coordinator initializes 62 workers.
I0312 08:00:07.724274 238167 Coordinator.h:77] Coordinator starts to run 63 workers.
I0312 08:00:07.724363 238233 AriaExecutor.h:91] AriaExecutor 0 started. 
I0312 08:00:07.725211 238234 AriaExecutor.h:91] AriaExecutor 1 started. 
I0312 08:00:07.725318 238235 AriaExecutor.h:91] AriaExecutor 2 started. 
I0312 08:00:07.725394 238236 AriaExecutor.h:91] AriaExecutor 3 started. 
I0312 08:00:07.725453 238237 AriaExecutor.h:91] AriaExecutor 4 started. 
I0312 08:00:07.725533 238238 AriaExecutor.h:91] AriaExecutor 5 started. 
I0312 08:00:07.725630 238239 AriaExecutor.h:91] AriaExecutor 6 started. 
I0312 08:00:07.725733 238240 AriaExecutor.h:91] AriaExecutor 7 started. 
I0312 08:00:07.725829 238241 AriaExecutor.h:91] AriaExecutor 8 started. 
I0312 08:00:07.725900 238242 AriaExecutor.h:91] AriaExecutor 9 started. 
I0312 08:00:07.726119 238243 AriaExecutor.h:91] AriaExecutor 10 started. 
I0312 08:00:07.726274 238244 AriaExecutor.h:91] AriaExecutor 11 started. 
I0312 08:00:07.726433 238245 AriaExecutor.h:91] AriaExecutor 12 started. 
I0312 08:00:07.726578 238246 AriaExecutor.h:91] AriaExecutor 13 started. 
I0312 08:00:07.726749 238247 AriaExecutor.h:91] AriaExecutor 14 started. 
I0312 08:00:07.726891 238248 AriaExecutor.h:91] AriaExecutor 15 started. 
I0312 08:00:07.727033 238249 AriaExecutor.h:91] AriaExecutor 16 started. 
I0312 08:00:07.727183 238250 AriaExecutor.h:91] AriaExecutor 17 started. 
I0312 08:00:07.727327 238251 AriaExecutor.h:91] AriaExecutor 18 started. 
I0312 08:00:07.727471 238252 AriaExecutor.h:91] AriaExecutor 19 started. 
I0312 08:00:07.727619 238253 AriaExecutor.h:91] AriaExecutor 20 started. 
I0312 08:00:07.727775 238254 AriaExecutor.h:91] AriaExecutor 21 started. 
I0312 08:00:07.727938 238255 AriaExecutor.h:91] AriaExecutor 22 started. 
I0312 08:00:07.728125 238256 AriaExecutor.h:91] AriaExecutor 23 started. 
I0312 08:00:07.728330 238257 AriaExecutor.h:91] AriaExecutor 24 started. 
I0312 08:00:07.728513 238258 AriaExecutor.h:91] AriaExecutor 25 started. 
I0312 08:00:07.728703 238259 AriaExecutor.h:91] AriaExecutor 26 started. 
I0312 08:00:07.728899 238260 AriaExecutor.h:91] AriaExecutor 27 started. 
I0312 08:00:07.729110 238261 AriaExecutor.h:91] AriaExecutor 28 started. 
I0312 08:00:07.729295 238262 AriaExecutor.h:91] AriaExecutor 29 started. 
I0312 08:00:07.729475 238263 AriaExecutor.h:91] AriaExecutor 30 started. 
I0312 08:00:07.729686 238264 AriaExecutor.h:91] AriaExecutor 31 started. 
I0312 08:00:07.729878 238265 AriaExecutor.h:91] AriaExecutor 32 started. 
I0312 08:00:07.730060 238266 AriaExecutor.h:91] AriaExecutor 33 started. 
I0312 08:00:07.730264 238267 AriaExecutor.h:91] AriaExecutor 34 started. 
I0312 08:00:07.730460 238268 AriaExecutor.h:91] AriaExecutor 35 started. 
I0312 08:00:07.730659 238269 AriaExecutor.h:91] AriaExecutor 36 started. 
I0312 08:00:07.730855 238270 AriaExecutor.h:91] AriaExecutor 37 started. 
I0312 08:00:07.731055 238271 AriaExecutor.h:91] AriaExecutor 38 started. 
I0312 08:00:07.731246 238272 AriaExecutor.h:91] AriaExecutor 39 started. 
I0312 08:00:07.731364 238273 AriaExecutor.h:91] AriaExecutor 40 started. 
I0312 08:00:07.731540 238274 AriaExecutor.h:91] AriaExecutor 41 started. 
I0312 08:00:07.731734 238275 AriaExecutor.h:91] AriaExecutor 42 started. 
I0312 08:00:07.731909 238276 AriaExecutor.h:91] AriaExecutor 43 started. 
I0312 08:00:07.732103 238277 AriaExecutor.h:91] AriaExecutor 44 started. 
I0312 08:00:07.732296 238278 AriaExecutor.h:91] AriaExecutor 45 started. 
I0312 08:00:07.732483 238279 AriaExecutor.h:91] AriaExecutor 46 started. 
I0312 08:00:07.732699 238280 AriaExecutor.h:91] AriaExecutor 47 started. 
I0312 08:00:07.732879 238281 AriaExecutor.h:91] AriaExecutor 48 started. 
I0312 08:00:07.733048 238282 AriaExecutor.h:91] AriaExecutor 49 started. 
I0312 08:00:07.733235 238283 AriaExecutor.h:91] AriaExecutor 50 started. 
I0312 08:00:07.733407 238284 AriaExecutor.h:91] AriaExecutor 51 started. 
I0312 08:00:07.733575 238285 AriaExecutor.h:91] AriaExecutor 52 started. 
I0312 08:00:07.733773 238286 AriaExecutor.h:91] AriaExecutor 53 started. 
I0312 08:00:07.733953 238287 AriaExecutor.h:91] AriaExecutor 54 started. 
I0312 08:00:07.734179 238288 AriaExecutor.h:91] AriaExecutor 55 started. 
I0312 08:00:07.734356 238289 AriaExecutor.h:91] AriaExecutor 56 started. 
I0312 08:00:07.734536 238290 AriaExecutor.h:91] AriaExecutor 57 started. 
I0312 08:00:07.734743 238291 AriaExecutor.h:91] AriaExecutor 58 started. 
I0312 08:00:07.734938 238292 AriaExecutor.h:91] AriaExecutor 59 started. 
I0312 08:00:07.739181 238293 AriaExecutor.h:91] AriaExecutor 60 started. 
I0312 08:00:07.740262 238294 AriaExecutor.h:91] AriaExecutor 61 started. 
F0312 08:00:07.740460 238167 Coordinator.h:355] Check failed: rc == 0 
*** Check failure stack trace: ***
    @     0x7f0bdcd33b03  google::LogMessage::Fail()
    @     0x7f0bdcd3b9d1  google::LogMessage::SendToLog()
    @     0x7f0bdcd337c2  google::LogMessage::Flush()
    @     0x7f0bdcd3578f  google::LogMessageFatal::~LogMessageFatal()
    @     0x55aeb36c8c53  aria::Coordinator::pin_thread_to_core()
    @     0x55aeb36d751b  aria::Coordinator::start()
    @     0x55aeb36b6fe8  main
    @     0x7f0bdc7c6d90  (unknown)
    @     0x7f0bdc7c6e40  __libc_start_main
    @     0x55aeb36b7f55  _start
    @              (nil)  (unknown)
