I0312 05:52:50.007046 188953 Database.h:65] ycsb initialization finished in 176 milliseconds.
I0312 05:52:50.007264 188953 Coordinator.h:30] Coordinator initializes 8 workers.
I0312 05:52:50.046638 188953 Coordinator.h:77] Coordinator starts to run 9 workers.
I0312 05:52:50.046743 188966 AriaExecutor.h:91] AriaExecutor 0 started. 
I0312 05:52:50.046775 188967 AriaExecutor.h:91] AriaExecutor 1 started. 
I0312 05:52:50.046873 188968 AriaExecutor.h:91] AriaExecutor 2 started. 
I0312 05:52:50.046941 188969 AriaExecutor.h:91] AriaExecutor 3 started. 
I0312 05:52:50.047003 188970 AriaExecutor.h:91] AriaExecutor 4 started. 
I0312 05:52:50.047082 188971 AriaExecutor.h:91] AriaExecutor 5 started. 
I0312 05:52:50.047144 188972 AriaExecutor.h:91] AriaExecutor 6 started. 
I0312 05:52:50.047202 188973 AriaExecutor.h:91] AriaExecutor 7 started. 
I0312 05:52:50.047302 188974 Manager.h:224] Manager(worker id = 8) on the coordinator node started.
I0312 05:52:51.047349 188953 Coordinator.h:126] commit: 8291 abort: 43933 (0/43933/0), network size: 0, avg network size: 0, si_in_serializable: 0 0 %, local: 0 %
I0312 05:52:52.047509 188953 Coordinator.h:126] commit: 8331 abort: 44917 (0/44917/0), network size: 0, avg network size: 0, si_in_serializable: 0 0 %, local: 0 %
I0312 05:52:53.047698 188953 Coordinator.h:126] commit: 8375 abort: 44873 (0/44873/0), network size: 0, avg network size: 0, si_in_serializable: 0 0 %, local: 0 %
I0312 05:52:54.047834 188953 Coordinator.h:126] commit: 8378 abort: 44870 (0/44870/0), network size: 0, avg network size: 0, si_in_serializable: 0 0 %, local: 0 %
I0312 05:52:55.047952 188953 Coordinator.h:126] commit: 8336 abort: 44912 (0/44912/0), network size: 0, avg network size: 0, si_in_serializable: 0 0 %, local: 0 %
I0312 05:52:56.048128 188953 Coordinator.h:126] commit: 8272 abort: 44976 (0/44976/0), network size: 0, avg network size: 0, si_in_serializable: 0 0 %, local: 0 %
I0312 05:52:57.048267 188953 Coordinator.h:126] commit: 8360 abort: 44888 (0/44888/0), network size: 0, avg network size: 0, si_in_serializable: 0 0 %, local: 0 %
I0312 05:52:58.048442 188953 Coordinator.h:126] commit: 8373 abort: 44875 (0/44875/0), network size: 0, avg network size: 0, si_in_serializable: 0 0 %, local: 0 %
I0312 05:52:59.048635 188953 Coordinator.h:126] commit: 8241 abort: 45007 (0/45007/0), network size: 0, avg network size: 0, si_in_serializable: 0 0 %, local: 0 %
I0312 05:53:00.048770 188953 Coordinator.h:126] commit: 8305 abort: 44943 (0/44943/0), network size: 0, avg network size: 0, si_in_serializable: 0 0 %, local: 0 %
I0312 05:53:01.048939 188953 Coordinator.h:126] commit: 8245 abort: 43979 (0/43979/0), network size: 0, avg network size: 0, si_in_serializable: 0 0 %, local: 0 %
I0312 05:53:02.049077 188953 Coordinator.h:126] commit: 8470 abort: 45802 (0/45802/0), network size: 0, avg network size: 0, si_in_serializable: 0 0 %, local: 0 %
I0312 05:53:03.049193 188953 Coordinator.h:126] commit: 8325 abort: 44923 (0/44923/0), network size: 0, avg network size: 0, si_in_serializable: 0 0 %, local: 0 %
I0312 05:53:04.049363 188953 Coordinator.h:126] commit: 8138 abort: 44086 (0/44086/0), network size: 0, avg network size: 0, si_in_serializable: 0 0 %, local: 0 %
I0312 05:53:05.049497 188953 Coordinator.h:126] commit: 8477 abort: 45795 (0/45795/0), network size: 0, avg network size: 0, si_in_serializable: 0 0 %, local: 0 %
I0312 05:53:06.049614 188953 Coordinator.h:126] commit: 8360 abort: 44888 (0/44888/0), network size: 0, avg network size: 0, si_in_serializable: 0 0 %, local: 0 %
I0312 05:53:07.049729 188953 Coordinator.h:126] commit: 8322 abort: 44926 (0/44926/0), network size: 0, avg network size: 0, si_in_serializable: 0 0 %, local: 0 %
I0312 05:53:08.049904 188953 Coordinator.h:126] commit: 8364 abort: 44884 (0/44884/0), network size: 0, avg network size: 0, si_in_serializable: 0 0 %, local: 0 %
I0312 05:53:09.050045 188953 Coordinator.h:126] commit: 8323 abort: 44925 (0/44925/0), network size: 0, avg network size: 0, si_in_serializable: 0 0 %, local: 0 %
I0312 05:53:10.050168 188953 Coordinator.h:126] commit: 8406 abort: 44842 (0/44842/0), network size: 0, avg network size: 0, si_in_serializable: 0 0 %, local: 0 %
I0312 05:53:11.050292 188953 Coordinator.h:126] commit: 8241 abort: 45007 (0/45007/0), network size: 0, avg network size: 0, si_in_serializable: 0 0 %, local: 0 %
I0312 05:53:12.050473 188953 Coordinator.h:126] commit: 8338 abort: 44910 (0/44910/0), network size: 0, avg network size: 0, si_in_serializable: 0 0 %, local: 0 %
I0312 05:53:13.050616 188953 Coordinator.h:126] commit: 8450 abort: 44798 (0/44798/0), network size: 0, avg network size: 0, si_in_serializable: 0 0 %, local: 0 %
I0312 05:53:14.050740 188953 Coordinator.h:126] commit: 8389 abort: 44859 (0/44859/0), network size: 0, avg network size: 0, si_in_serializable: 0 0 %, local: 0 %
I0312 05:53:15.050863 188953 Coordinator.h:126] commit: 8382 abort: 44866 (0/44866/0), network size: 0, avg network size: 0, si_in_serializable: 0 0 %, local: 0 %
I0312 05:53:15.050904 188953 Coordinator.h:152] average commit: 8343 abort: 44905 (0/44905/0), network size: 0, avg network size: 0, si_in_serializable: 0 0 %, local: 0 %
I0312 05:53:15.053356 188967 AriaExecutor.h:103] AriaExecutor 1 exits. 
I0312 05:53:15.053356 188970 AriaExecutor.h:103] AriaExecutor 4 exits. 
I0312 05:53:15.053356 188969 AriaExecutor.h:103] AriaExecutor 3 exits. 
I0312 05:53:15.053356 188971 AriaExecutor.h:103] AriaExecutor 5 exits. 
I0312 05:53:15.053356 188968 AriaExecutor.h:103] AriaExecutor 2 exits. 
I0312 05:53:15.053356 188972 AriaExecutor.h:103] AriaExecutor 6 exits. 
I0312 05:53:15.053356 188966 AriaExecutor.h:103] AriaExecutor 0 exits. 
I0312 05:53:15.053356 188974 Manager.h:227] Manager(worker id = 8) on the coordinator node exits.
I0312 05:53:15.053356 188973 AriaExecutor.h:103] AriaExecutor 7 exits. 
I0312 05:53:15.050947 188953 AriaExecutor.h:649] Worker 0 latency: 18290 us (50%) 18619 us (75%) 18823 us (95%) 19001 us (99%).
I0312 05:53:15.055262 188953 AriaExecutor.h:649] Worker 1 latency: 18281 us (50%) 18614 us (75%) 18819 us (95%) 18965 us (99%).
I0312 05:53:15.059434 188953 AriaExecutor.h:649] Worker 2 latency: 18287 us (50%) 18616 us (75%) 18818 us (95%) 18967 us (99%).
I0312 05:53:15.063627 188953 AriaExecutor.h:649] Worker 3 latency: 18278 us (50%) 18612 us (75%) 18817 us (95%) 18971 us (99%).
I0312 05:53:15.067751 188953 AriaExecutor.h:649] Worker 4 latency: 18275 us (50%) 18612 us (75%) 18817 us (95%) 18968 us (99%).
I0312 05:53:15.070412 188953 AriaExecutor.h:649] Worker 5 latency: 18273 us (50%) 18609 us (75%) 18816 us (95%) 18970 us (99%).
I0312 05:53:15.072997 188953 AriaExecutor.h:649] Worker 6 latency: 18269 us (50%) 18609 us (75%) 18815 us (95%) 18965 us (99%).
I0312 05:53:15.075538 188953 AriaExecutor.h:649] Worker 7 latency: 18274 us (50%) 18612 us (75%) 18815 us (95%) 18970 us (99%).
I0312 05:53:15.078085 188953 Coordinator.h:177] total commit: 8343
I0312 05:53:16.078269 188953 Coordinator.h:192] Coordinator exits.
