I0312 06:08:21.769697 190337 Database.h:65] ycsb initialization finished in 176 milliseconds.
I0312 06:08:21.769909 190337 Coordinator.h:30] Coordinator initializes 8 workers.
I0312 06:08:21.879686 190337 Coordinator.h:77] Coordinator starts to run 9 workers.
I0312 06:08:21.879769 190349 AriaExecutor.h:91] AriaExecutor 0 started. 
I0312 06:08:21.879815 190350 AriaExecutor.h:91] AriaExecutor 1 started. 
I0312 06:08:21.879909 190351 AriaExecutor.h:91] AriaExecutor 2 started. 
I0312 06:08:21.879993 190352 AriaExecutor.h:91] AriaExecutor 3 started. 
I0312 06:08:21.880051 190353 AriaExecutor.h:91] AriaExecutor 4 started. 
I0312 06:08:21.880137 190354 AriaExecutor.h:91] AriaExecutor 5 started. 
I0312 06:08:21.880198 190355 AriaExecutor.h:91] AriaExecutor 6 started. 
I0312 06:08:21.880260 190356 AriaExecutor.h:91] AriaExecutor 7 started. 
I0312 06:08:21.880333 190357 Manager.h:224] Manager(worker id = 8) on the coordinator node started.
I0312 06:08:22.880378 190337 Coordinator.h:126] commit: 160677 abort: 97371 (0/97371/0), network size: 0, avg network size: 0, si_in_serializable: 0 0 %, local: 0 %
I0312 06:08:23.880537 190337 Coordinator.h:126] commit: 163296 abort: 98848 (0/98848/0), network size: 0, avg network size: 0, si_in_serializable: 0 0 %, local: 0 %
I0312 06:08:24.880719 190337 Coordinator.h:126] commit: 165729 abort: 100511 (0/100511/0), network size: 0, avg network size: 0, si_in_serializable: 0 0 %, local: 0 %
I0312 06:08:25.880867 190337 Coordinator.h:126] commit: 165708 abort: 100532 (0/100532/0), network size: 0, avg network size: 0, si_in_serializable: 0 0 %, local: 0 %
I0312 06:08:26.880996 190337 Coordinator.h:126] commit: 165756 abort: 100484 (0/100484/0), network size: 0, avg network size: 0, si_in_serializable: 0 0 %, local: 0 %
I0312 06:08:27.881119 190337 Coordinator.h:126] commit: 165630 abort: 100610 (0/100610/0), network size: 0, avg network size: 0, si_in_serializable: 0 0 %, local: 0 %
I0312 06:08:28.881242 190337 Coordinator.h:126] commit: 165900 abort: 100340 (0/100340/0), network size: 0, avg network size: 0, si_in_serializable: 0 0 %, local: 0 %
I0312 06:08:29.881429 190337 Coordinator.h:126] commit: 163016 abort: 99128 (0/99128/0), network size: 0, avg network size: 0, si_in_serializable: 0 0 %, local: 0 %
I0312 06:08:30.881575 190337 Coordinator.h:126] commit: 165782 abort: 100458 (0/100458/0), network size: 0, avg network size: 0, si_in_serializable: 0 0 %, local: 0 %
I0312 06:08:31.881693 190337 Coordinator.h:126] commit: 165954 abort: 100286 (0/100286/0), network size: 0, avg network size: 0, si_in_serializable: 0 0 %, local: 0 %
I0312 06:08:32.881811 190337 Coordinator.h:126] commit: 165363 abort: 100877 (0/100877/0), network size: 0, avg network size: 0, si_in_serializable: 0 0 %, local: 0 %
I0312 06:08:33.881927 190337 Coordinator.h:126] commit: 166109 abort: 100131 (0/100131/0), network size: 0, avg network size: 0, si_in_serializable: 0 0 %, local: 0 %
I0312 06:08:34.882046 190337 Coordinator.h:126] commit: 165538 abort: 100702 (0/100702/0), network size: 0, avg network size: 0, si_in_serializable: 0 0 %, local: 0 %
I0312 06:08:35.882221 190337 Coordinator.h:126] commit: 165210 abort: 101030 (0/101030/0), network size: 0, avg network size: 0, si_in_serializable: 0 0 %, local: 0 %
I0312 06:08:36.882361 190337 Coordinator.h:126] commit: 165935 abort: 100305 (0/100305/0), network size: 0, avg network size: 0, si_in_serializable: 0 0 %, local: 0 %
I0312 06:08:37.882483 190337 Coordinator.h:126] commit: 163396 abort: 98748 (0/98748/0), network size: 0, avg network size: 0, si_in_serializable: 0 0 %, local: 0 %
I0312 06:08:38.882602 190337 Coordinator.h:126] commit: 168752 abort: 101584 (0/101584/0), network size: 0, avg network size: 0, si_in_serializable: 0 0 %, local: 0 %
I0312 06:08:39.882716 190337 Coordinator.h:126] commit: 165344 abort: 100896 (0/100896/0), network size: 0, avg network size: 0, si_in_serializable: 0 0 %, local: 0 %
I0312 06:08:40.882835 190337 Coordinator.h:126] commit: 165843 abort: 100397 (0/100397/0), network size: 0, avg network size: 0, si_in_serializable: 0 0 %, local: 0 %
I0312 06:08:41.882953 190337 Coordinator.h:126] commit: 165482 abort: 100758 (0/100758/0), network size: 0, avg network size: 0, si_in_serializable: 0 0 %, local: 0 %
I0312 06:08:42.883069 190337 Coordinator.h:126] commit: 165357 abort: 100883 (0/100883/0), network size: 0, avg network size: 0, si_in_serializable: 0 0 %, local: 0 %
I0312 06:08:43.883188 190337 Coordinator.h:126] commit: 165621 abort: 100619 (0/100619/0), network size: 0, avg network size: 0, si_in_serializable: 0 0 %, local: 0 %
I0312 06:08:44.883306 190337 Coordinator.h:126] commit: 165890 abort: 100350 (0/100350/0), network size: 0, avg network size: 0, si_in_serializable: 0 0 %, local: 0 %
I0312 06:08:45.883479 190337 Coordinator.h:126] commit: 165779 abort: 100461 (0/100461/0), network size: 0, avg network size: 0, si_in_serializable: 0 0 %, local: 0 %
I0312 06:08:46.883621 190337 Coordinator.h:126] commit: 165602 abort: 100638 (0/100638/0), network size: 0, avg network size: 0, si_in_serializable: 0 0 %, local: 0 %
I0312 06:08:46.883666 190337 Coordinator.h:152] average commit: 165697 abort: 100543 (0/100543/0), network size: 0, avg network size: 0, si_in_serializable: 0 0 %, local: 0 %
I0312 06:08:46.896740 190349 AriaExecutor.h:103] AriaExecutor 0 exits. 
I0312 06:08:46.896740 190355 AriaExecutor.h:103] AriaExecutor 6 exits. 
I0312 06:08:46.896741 190357 Manager.h:227] Manager(worker id = 8) on the coordinator node exits.
I0312 06:08:46.896740 190356 AriaExecutor.h:103] AriaExecutor 7 exits. 
I0312 06:08:46.896740 190350 AriaExecutor.h:103] AriaExecutor 1 exits. 
I0312 06:08:46.896740 190351 AriaExecutor.h:103] AriaExecutor 2 exits. 
I0312 06:08:46.896741 190353 AriaExecutor.h:103] AriaExecutor 4 exits. 
I0312 06:08:46.896740 190354 AriaExecutor.h:103] AriaExecutor 5 exits. 
I0312 06:08:46.896740 190352 AriaExecutor.h:103] AriaExecutor 3 exits. 
I0312 06:08:46.883713 190337 AriaExecutor.h:649] Worker 0 latency: 11246 us (50%) 13314 us (75%) 14662 us (95%) 14928 us (99%).
I0312 06:08:46.925729 190337 AriaExecutor.h:649] Worker 1 latency: 11250 us (50%) 13309 us (75%) 14657 us (95%) 14919 us (99%).
I0312 06:08:46.952237 190337 AriaExecutor.h:649] Worker 2 latency: 11242 us (50%) 13306 us (75%) 14656 us (95%) 14917 us (99%).
I0312 06:08:46.978850 190337 AriaExecutor.h:649] Worker 3 latency: 11243 us (50%) 13308 us (75%) 14658 us (95%) 14920 us (99%).
I0312 06:08:47.005704 190337 AriaExecutor.h:649] Worker 4 latency: 11242 us (50%) 13307 us (75%) 14657 us (95%) 14920 us (99%).
I0312 06:08:47.032502 190337 AriaExecutor.h:649] Worker 5 latency: 11232 us (50%) 13300 us (75%) 14655 us (95%) 14918 us (99%).
I0312 06:08:47.059759 190337 AriaExecutor.h:649] Worker 6 latency: 11243 us (50%) 13306 us (75%) 14657 us (95%) 14919 us (99%).
I0312 06:08:47.086691 190337 AriaExecutor.h:649] Worker 7 latency: 11237 us (50%) 13305 us (75%) 14655 us (95%) 14918 us (99%).
I0312 06:08:47.113456 190337 Coordinator.h:177] total commit: 165697
I0312 06:08:48.113646 190337 Coordinator.h:192] Coordinator exits.
