I0312 06:46:08.227756 209620 Database.h:65] ycsb initialization finished in 98 milliseconds.
I0312 06:46:08.227959 209620 Coordinator.h:30] Coordinator initializes 16 workers.
I0312 06:46:08.267719 209620 Coordinator.h:77] Coordinator starts to run 17 workers.
I0312 06:46:08.267813 209640 AriaExecutor.h:91] AriaExecutor 0 started. 
I0312 06:46:08.267851 209641 AriaExecutor.h:91] AriaExecutor 1 started. 
I0312 06:46:08.267947 209642 AriaExecutor.h:91] AriaExecutor 2 started. 
I0312 06:46:08.268036 209643 AriaExecutor.h:91] AriaExecutor 3 started. 
I0312 06:46:08.268121 209644 AriaExecutor.h:91] AriaExecutor 4 started. 
I0312 06:46:08.268208 209645 AriaExecutor.h:91] AriaExecutor 5 started. 
I0312 06:46:08.268280 209646 AriaExecutor.h:91] AriaExecutor 6 started. 
I0312 06:46:08.268374 209647 AriaExecutor.h:91] AriaExecutor 7 started. 
I0312 06:46:08.268463 209648 AriaExecutor.h:91] AriaExecutor 8 started. 
I0312 06:46:08.268529 209649 AriaExecutor.h:91] AriaExecutor 9 started. 
I0312 06:46:08.268774 209650 AriaExecutor.h:91] AriaExecutor 10 started. 
I0312 06:46:08.268922 209651 AriaExecutor.h:91] AriaExecutor 11 started. 
I0312 06:46:08.269101 209652 AriaExecutor.h:91] AriaExecutor 12 started. 
I0312 06:46:08.269243 209653 AriaExecutor.h:91] AriaExecutor 13 started. 
I0312 06:46:08.269426 209654 AriaExecutor.h:91] AriaExecutor 14 started. 
I0312 06:46:08.269649 209655 AriaExecutor.h:91] AriaExecutor 15 started. 
I0312 06:46:08.269836 209656 Manager.h:224] Manager(worker id = 16) on the coordinator node started.
I0312 06:46:09.269914 209620 Coordinator.h:126] commit: 186 abort: 105286 (0/105286/0), network size: 0, avg network size: 0, si_in_serializable: 0 0 %, local: 0 %
I0312 06:46:10.270090 209620 Coordinator.h:126] commit: 178 abort: 106318 (0/106318/0), network size: 0, avg network size: 0, si_in_serializable: 0 0 %, local: 0 %
I0312 06:46:11.270386 209620 Coordinator.h:126] commit: 178 abort: 106318 (0/106318/0), network size: 0, avg network size: 0, si_in_serializable: 0 0 %, local: 0 %
I0312 06:46:12.270562 209620 Coordinator.h:126] commit: 199 abort: 108345 (0/108345/0), network size: 0, avg network size: 0, si_in_serializable: 0 0 %, local: 0 %
I0312 06:46:13.270690 209620 Coordinator.h:126] commit: 191 abort: 107329 (0/107329/0), network size: 0, avg network size: 0, si_in_serializable: 0 0 %, local: 0 %
I0312 06:46:14.270809 209620 Coordinator.h:126] commit: 192 abort: 107328 (0/107328/0), network size: 0, avg network size: 0, si_in_serializable: 0 0 %, local: 0 %
I0312 06:46:15.270982 209620 Coordinator.h:126] commit: 184 abort: 107336 (0/107336/0), network size: 0, avg network size: 0, si_in_serializable: 0 0 %, local: 0 %
I0312 06:46:16.271126 209620 Coordinator.h:126] commit: 191 abort: 108353 (0/108353/0), network size: 0, avg network size: 0, si_in_serializable: 0 0 %, local: 0 %
I0312 06:46:17.271250 209620 Coordinator.h:126] commit: 180 abort: 108364 (0/108364/0), network size: 0, avg network size: 0, si_in_serializable: 0 0 %, local: 0 %
I0312 06:46:18.271373 209620 Coordinator.h:126] commit: 181 abort: 108363 (0/108363/0), network size: 0, avg network size: 0, si_in_serializable: 0 0 %, local: 0 %
I0312 06:46:19.271494 209620 Coordinator.h:126] commit: 179 abort: 106317 (0/106317/0), network size: 0, avg network size: 0, si_in_serializable: 0 0 %, local: 0 %
I0312 06:46:20.271615 209620 Coordinator.h:126] commit: 181 abort: 108363 (0/108363/0), network size: 0, avg network size: 0, si_in_serializable: 0 0 %, local: 0 %
I0312 06:46:21.271793 209620 Coordinator.h:126] commit: 178 abort: 108366 (0/108366/0), network size: 0, avg network size: 0, si_in_serializable: 0 0 %, local: 0 %
I0312 06:46:22.271936 209620 Coordinator.h:126] commit: 195 abort: 107325 (0/107325/0), network size: 0, avg network size: 0, si_in_serializable: 0 0 %, local: 0 %
I0312 06:46:23.272063 209620 Coordinator.h:126] commit: 201 abort: 108343 (0/108343/0), network size: 0, avg network size: 0, si_in_serializable: 0 0 %, local: 0 %
I0312 06:46:24.272186 209620 Coordinator.h:126] commit: 201 abort: 108343 (0/108343/0), network size: 0, avg network size: 0, si_in_serializable: 0 0 %, local: 0 %
I0312 06:46:25.272308 209620 Coordinator.h:126] commit: 170 abort: 108374 (0/108374/0), network size: 0, avg network size: 0, si_in_serializable: 0 0 %, local: 0 %
I0312 06:46:26.272425 209620 Coordinator.h:126] commit: 189 abort: 107331 (0/107331/0), network size: 0, avg network size: 0, si_in_serializable: 0 0 %, local: 0 %
I0312 06:46:27.272547 209620 Coordinator.h:126] commit: 193 abort: 107327 (0/107327/0), network size: 0, avg network size: 0, si_in_serializable: 0 0 %, local: 0 %
I0312 06:46:28.272663 209620 Coordinator.h:126] commit: 195 abort: 107325 (0/107325/0), network size: 0, avg network size: 0, si_in_serializable: 0 0 %, local: 0 %
I0312 06:46:29.272840 209620 Coordinator.h:126] commit: 198 abort: 108346 (0/108346/0), network size: 0, avg network size: 0, si_in_serializable: 0 0 %, local: 0 %
I0312 06:46:30.272989 209620 Coordinator.h:126] commit: 200 abort: 108344 (0/108344/0), network size: 0, avg network size: 0, si_in_serializable: 0 0 %, local: 0 %
I0312 06:46:31.273105 209620 Coordinator.h:126] commit: 180 abort: 107340 (0/107340/0), network size: 0, avg network size: 0, si_in_serializable: 0 0 %, local: 0 %
I0312 06:46:32.273217 209620 Coordinator.h:126] commit: 198 abort: 108346 (0/108346/0), network size: 0, avg network size: 0, si_in_serializable: 0 0 %, local: 0 %
I0312 06:46:33.273341 209620 Coordinator.h:126] commit: 192 abort: 108352 (0/108352/0), network size: 0, avg network size: 0, si_in_serializable: 0 0 %, local: 0 %
I0312 06:46:33.273380 209620 Coordinator.h:152] average commit: 188.2 abort: 107741 (0/107741/0), network size: 0, avg network size: 0, si_in_serializable: 0 0 %, local: 0 %
I0312 06:46:33.273406 209620 AriaExecutor.h:649] Worker 0 latency: 9441 us (50%) 9492 us (75%) 9582 us (95%) 9763 us (99%).
I0312 06:46:33.280131 209655 AriaExecutor.h:103] AriaExecutor 15 exits. 
I0312 06:46:33.280131 209654 AriaExecutor.h:103] AriaExecutor 14 exits. 
I0312 06:46:33.280149 209646 AriaExecutor.h:103] AriaExecutor 6 exits. 
I0312 06:46:33.280149 209644 AriaExecutor.h:103] AriaExecutor 4 exits. 
I0312 06:46:33.280156 209649 AriaExecutor.h:103] AriaExecutor 9 exits. 
I0312 06:46:33.280153 209648 AriaExecutor.h:103] AriaExecutor 8 exits. 
I0312 06:46:33.280165 209650 AriaExecutor.h:103] AriaExecutor 10 exits. 
I0312 06:46:33.280156 209647 AriaExecutor.h:103] AriaExecutor 7 exits. 
I0312 06:46:33.280165 209652 AriaExecutor.h:103] AriaExecutor 12 exits. 
I0312 06:46:33.280165 209651 AriaExecutor.h:103] AriaExecutor 11 exits. 
I0312 06:46:33.280155 209643 AriaExecutor.h:103] AriaExecutor 3 exits. 
I0312 06:46:33.280139 209640 AriaExecutor.h:103] AriaExecutor 0 exits. 
I0312 06:46:33.280157 209642 AriaExecutor.h:103] AriaExecutor 2 exits. 
I0312 06:46:33.280165 209653 AriaExecutor.h:103] AriaExecutor 13 exits. 
I0312 06:46:33.280158 209641 AriaExecutor.h:103] AriaExecutor 1 exits. 
I0312 06:46:33.280169 209656 Manager.h:227] Manager(worker id = 16) on the coordinator node exits.
I0312 06:46:33.280149 209645 AriaExecutor.h:103] AriaExecutor 5 exits. 
I0312 06:46:33.280547 209620 AriaExecutor.h:649] Worker 1 latency: 9440 us (50%) 9488 us (75%) 9592 us (95%) 9831 us (99%).
I0312 06:46:33.280597 209620 AriaExecutor.h:649] Worker 2 latency: 9437 us (50%) 9493 us (75%) 9584 us (95%) 9834 us (99%).
I0312 06:46:33.280623 209620 AriaExecutor.h:649] Worker 3 latency: 9430 us (50%) 9480 us (75%) 9570 us (95%) 9704 us (99%).
I0312 06:46:33.280639 209620 AriaExecutor.h:649] Worker 4 latency: 9433 us (50%) 9484 us (75%) 9572 us (95%) 9620 us (99%).
I0312 06:46:33.280681 209620 AriaExecutor.h:649] Worker 5 latency: 9432 us (50%) 9481 us (75%) 9602 us (95%) 9827 us (99%).
I0312 06:46:33.280710 209620 AriaExecutor.h:649] Worker 6 latency: 9431 us (50%) 9477 us (75%) 9546 us (95%) 9689 us (99%).
I0312 06:46:33.280737 209620 AriaExecutor.h:649] Worker 7 latency: 9425 us (50%) 9480 us (75%) 9578 us (95%) 9763 us (99%).
I0312 06:46:33.280761 209620 AriaExecutor.h:649] Worker 8 latency: 9442 us (50%) 9489 us (75%) 9537 us (95%) 9579 us (99%).
I0312 06:46:33.280787 209620 AriaExecutor.h:649] Worker 9 latency: 9414 us (50%) 9496 us (75%) 9574 us (95%) 10490 us (99%).
I0312 06:46:33.280810 209620 AriaExecutor.h:649] Worker 10 latency: 9466 us (50%) 9521 us (75%) 9650 us (95%) 9652 us (99%).
I0312 06:46:33.280833 209620 AriaExecutor.h:649] Worker 11 latency: 9418 us (50%) 9487 us (75%) 9576 us (95%) 9760 us (99%).
I0312 06:46:33.280854 209620 AriaExecutor.h:649] Worker 12 latency: 9410 us (50%) 9452 us (75%) 9502 us (95%) 9510 us (99%).
I0312 06:46:33.280876 209620 AriaExecutor.h:649] Worker 13 latency: 9423 us (50%) 9453 us (75%) 9523 us (95%) 9526 us (99%).
I0312 06:46:33.280900 209620 AriaExecutor.h:649] Worker 14 latency: 9430 us (50%) 9491 us (75%) 9577 us (95%) 9577 us (99%).
I0312 06:46:33.280925 209620 AriaExecutor.h:649] Worker 15 latency: 9414 us (50%) 9464 us (75%) 9562 us (95%) 9562 us (99%).
I0312 06:46:33.280963 209620 Coordinator.h:177] total commit: 188.2
I0312 06:46:34.281164 209620 Coordinator.h:192] Coordinator exits.
