I0312 01:14:59.353194 147096 Database.h:65] ycsb initialization finished in 499 milliseconds.
I0312 01:14:59.353401 147096 Coordinator.h:30] Coordinator initializes 2 workers.
I0312 01:14:59.464356 147096 Coordinator.h:77] Coordinator starts to run 3 workers.
I0312 01:14:59.464521 147102 AriaExecutor.h:82] AriaExecutor 0 started. 
I0312 01:14:59.464648 147103 AriaExecutor.h:82] AriaExecutor 1 started. 
I0312 01:14:59.464759 147104 Manager.h:224] Manager(worker id = 2) on the coordinator node started.
I0312 01:15:00.464787 147096 Coordinator.h:126] commit: 160 abort: 8032 (0/8032/0), network size: 0, avg network size: 0, si_in_serializable: 0 0 %, local: 0 %
I0312 01:15:01.464996 147096 Coordinator.h:126] commit: 237 abort: 12051 (0/12051/0), network size: 0, avg network size: 0, si_in_serializable: 0 0 %, local: 0 %
I0312 01:15:02.465128 147096 Coordinator.h:126] commit: 252 abort: 12036 (0/12036/0), network size: 0, avg network size: 0, si_in_serializable: 0 0 %, local: 0 %
I0312 01:15:03.465233 147096 Coordinator.h:126] commit: 254 abort: 12034 (0/12034/0), network size: 0, avg network size: 0, si_in_serializable: 0 0 %, local: 0 %
I0312 01:15:04.465394 147096 Coordinator.h:126] commit: 241 abort: 12047 (0/12047/0), network size: 0, avg network size: 0, si_in_serializable: 0 0 %, local: 0 %
I0312 01:15:05.465515 147096 Coordinator.h:126] commit: 250 abort: 12038 (0/12038/0), network size: 0, avg network size: 0, si_in_serializable: 0 0 %, local: 0 %
I0312 01:15:06.465619 147096 Coordinator.h:126] commit: 252 abort: 12036 (0/12036/0), network size: 0, avg network size: 0, si_in_serializable: 0 0 %, local: 0 %
I0312 01:15:07.465726 147096 Coordinator.h:126] commit: 255 abort: 12033 (0/12033/0), network size: 0, avg network size: 0, si_in_serializable: 0 0 %, local: 0 %
I0312 01:15:08.465833 147096 Coordinator.h:126] commit: 263 abort: 12025 (0/12025/0), network size: 0, avg network size: 0, si_in_serializable: 0 0 %, local: 0 %
I0312 01:15:09.465935 147096 Coordinator.h:126] commit: 248 abort: 12040 (0/12040/0), network size: 0, avg network size: 0, si_in_serializable: 0 0 %, local: 0 %
I0312 01:15:10.466092 147096 Coordinator.h:126] commit: 240 abort: 12048 (0/12048/0), network size: 0, avg network size: 0, si_in_serializable: 0 0 %, local: 0 %
I0312 01:15:11.466230 147096 Coordinator.h:126] commit: 251 abort: 12037 (0/12037/0), network size: 0, avg network size: 0, si_in_serializable: 0 0 %, local: 0 %
I0312 01:15:12.466336 147096 Coordinator.h:126] commit: 274 abort: 12014 (0/12014/0), network size: 0, avg network size: 0, si_in_serializable: 0 0 %, local: 0 %
I0312 01:15:13.466439 147096 Coordinator.h:126] commit: 226 abort: 12062 (0/12062/0), network size: 0, avg network size: 0, si_in_serializable: 0 0 %, local: 0 %
I0312 01:15:14.466538 147096 Coordinator.h:126] commit: 262 abort: 12026 (0/12026/0), network size: 0, avg network size: 0, si_in_serializable: 0 0 %, local: 0 %
I0312 01:15:15.466639 147096 Coordinator.h:126] commit: 237 abort: 12051 (0/12051/0), network size: 0, avg network size: 0, si_in_serializable: 0 0 %, local: 0 %
I0312 01:15:16.466743 147096 Coordinator.h:126] commit: 243 abort: 12045 (0/12045/0), network size: 0, avg network size: 0, si_in_serializable: 0 0 %, local: 0 %
I0312 01:15:17.466849 147096 Coordinator.h:126] commit: 230 abort: 12058 (0/12058/0), network size: 0, avg network size: 0, si_in_serializable: 0 0 %, local: 0 %
I0312 01:15:18.467033 147096 Coordinator.h:126] commit: 246 abort: 12042 (0/12042/0), network size: 0, avg network size: 0, si_in_serializable: 0 0 %, local: 0 %
I0312 01:15:19.467178 147096 Coordinator.h:126] commit: 245 abort: 12043 (0/12043/0), network size: 0, avg network size: 0, si_in_serializable: 0 0 %, local: 0 %
I0312 01:15:20.467279 147096 Coordinator.h:126] commit: 252 abort: 12036 (0/12036/0), network size: 0, avg network size: 0, si_in_serializable: 0 0 %, local: 0 %
I0312 01:15:21.467386 147096 Coordinator.h:126] commit: 338 abort: 16046 (0/16046/0), network size: 0, avg network size: 0, si_in_serializable: 0 0 %, local: 0 %
I0312 01:15:22.467502 147096 Coordinator.h:126] commit: 240 abort: 12048 (0/12048/0), network size: 0, avg network size: 0, si_in_serializable: 0 0 %, local: 0 %
I0312 01:15:23.467613 147096 Coordinator.h:126] commit: 222 abort: 12066 (0/12066/0), network size: 0, avg network size: 0, si_in_serializable: 0 0 %, local: 0 %
I0312 01:15:24.467713 147096 Coordinator.h:126] commit: 224 abort: 12064 (0/12064/0), network size: 0, avg network size: 0, si_in_serializable: 0 0 %, local: 0 %
I0312 01:15:24.467744 147096 Coordinator.h:152] average commit: 245.4 abort: 12042.6 (0/12042.6/0), network size: 0, avg network size: 0, si_in_serializable: 0 0 %, local: 0 %
I0312 01:15:24.467787 147096 AriaExecutor.h:535] Worker 0 latency: 324214 us (50%) 325338 us (75%) 358165 us (95%) 486567 us (99%).
I0312 01:15:24.725644 147103 AriaExecutor.h:94] AriaExecutor 1 exits. 
I0312 01:15:24.725649 147102 AriaExecutor.h:94] AriaExecutor 0 exits. 
I0312 01:15:24.725658 147104 Manager.h:227] Manager(worker id = 2) on the coordinator node exits.
I0312 01:15:24.725929 147096 AriaExecutor.h:535] Worker 1 latency: 324220 us (50%) 325335 us (75%) 357978 us (95%) 486768 us (99%).
I0312 01:15:24.726300 147096 Coordinator.h:177] total commit: 245.4
I0312 01:15:25.726524 147096 Coordinator.h:192] Coordinator exits.
