I0312 07:30:38.711733 220553 Database.h:65] ycsb initialization finished in 101 milliseconds.
I0312 07:30:38.711959 220553 Coordinator.h:30] Coordinator initializes 48 workers.
I0312 07:30:38.771809 220553 Coordinator.h:77] Coordinator starts to run 49 workers.
I0312 07:30:38.771884 220605 AriaExecutor.h:91] AriaExecutor 0 started. 
I0312 07:30:38.771944 220606 AriaExecutor.h:91] AriaExecutor 1 started. 
I0312 07:30:38.772051 220607 AriaExecutor.h:91] AriaExecutor 2 started. 
I0312 07:30:38.772156 220608 AriaExecutor.h:91] AriaExecutor 3 started. 
I0312 07:30:38.772256 220609 AriaExecutor.h:91] AriaExecutor 4 started. 
I0312 07:30:38.772311 220610 AriaExecutor.h:91] AriaExecutor 5 started. 
I0312 07:30:38.772379 220611 AriaExecutor.h:91] AriaExecutor 6 started. 
I0312 07:30:38.772440 220612 AriaExecutor.h:91] AriaExecutor 7 started. 
I0312 07:30:38.772497 220613 AriaExecutor.h:91] AriaExecutor 8 started. 
I0312 07:30:38.772572 220614 AriaExecutor.h:91] AriaExecutor 9 started. 
I0312 07:30:38.772650 220615 AriaExecutor.h:91] AriaExecutor 10 started. 
I0312 07:30:38.772749 220616 AriaExecutor.h:91] AriaExecutor 11 started. 
I0312 07:30:38.784272 220617 AriaExecutor.h:91] AriaExecutor 12 started. 
I0312 07:30:38.784394 220618 AriaExecutor.h:91] AriaExecutor 13 started. 
I0312 07:30:38.784515 220619 AriaExecutor.h:91] AriaExecutor 14 started. 
I0312 07:30:38.784674 220620 AriaExecutor.h:91] AriaExecutor 15 started. 
I0312 07:30:38.784816 220621 AriaExecutor.h:91] AriaExecutor 16 started. 
I0312 07:30:38.784931 220622 AriaExecutor.h:91] AriaExecutor 17 started. 
I0312 07:30:38.785017 220623 AriaExecutor.h:91] AriaExecutor 18 started. 
I0312 07:30:38.785096 220624 AriaExecutor.h:91] AriaExecutor 19 started. 
I0312 07:30:38.785197 220625 AriaExecutor.h:91] AriaExecutor 20 started. 
I0312 07:30:38.785302 220626 AriaExecutor.h:91] AriaExecutor 21 started. 
I0312 07:30:38.785408 220627 AriaExecutor.h:91] AriaExecutor 22 started. 
I0312 07:30:38.785539 220628 AriaExecutor.h:91] AriaExecutor 23 started. 
I0312 07:30:38.785631 220629 AriaExecutor.h:91] AriaExecutor 24 started. 
I0312 07:30:38.785709 220630 AriaExecutor.h:91] AriaExecutor 25 started. 
I0312 07:30:38.788264 220631 AriaExecutor.h:91] AriaExecutor 26 started. 
I0312 07:30:38.788389 220632 AriaExecutor.h:91] AriaExecutor 27 started. 
I0312 07:30:38.788483 220633 AriaExecutor.h:91] AriaExecutor 28 started. 
I0312 07:30:38.788576 220634 AriaExecutor.h:91] AriaExecutor 29 started. 
I0312 07:30:38.788667 220635 AriaExecutor.h:91] AriaExecutor 30 started. 
I0312 07:30:38.788807 220636 AriaExecutor.h:91] AriaExecutor 31 started. 
I0312 07:30:38.788865 220637 AriaExecutor.h:91] AriaExecutor 32 started. 
I0312 07:30:38.788969 220638 AriaExecutor.h:91] AriaExecutor 33 started. 
I0312 07:30:38.789083 220639 AriaExecutor.h:91] AriaExecutor 34 started. 
I0312 07:30:38.789191 220640 AriaExecutor.h:91] AriaExecutor 35 started. 
I0312 07:30:38.789296 220641 AriaExecutor.h:91] AriaExecutor 36 started. 
I0312 07:30:38.789407 220642 AriaExecutor.h:91] AriaExecutor 37 started. 
I0312 07:30:38.789517 220643 AriaExecutor.h:91] AriaExecutor 38 started. 
I0312 07:30:38.789637 220644 AriaExecutor.h:91] AriaExecutor 39 started. 
I0312 07:30:38.789754 220645 AriaExecutor.h:91] AriaExecutor 40 started. 
I0312 07:30:38.789871 220646 AriaExecutor.h:91] AriaExecutor 41 started. 
I0312 07:30:38.789961 220647 AriaExecutor.h:91] AriaExecutor 42 started. 
I0312 07:30:38.790242 220648 AriaExecutor.h:91] AriaExecutor 43 started. 
I0312 07:30:38.798237 220649 AriaExecutor.h:91] AriaExecutor 44 started. 
I0312 07:30:38.798449 220650 AriaExecutor.h:91] AriaExecutor 45 started. 
I0312 07:30:38.798625 220651 AriaExecutor.h:91] AriaExecutor 46 started. 
I0312 07:30:38.798907 220652 AriaExecutor.h:91] AriaExecutor 47 started. 
I0312 07:30:38.799089 220653 Manager.h:224] Manager(worker id = 48) on the coordinator node started.
I0312 07:30:39.799173 220553 Coordinator.h:126] commit: 1521268 abort: 14732 (0/14732/0), network size: 0, avg network size: 0, si_in_serializable: 0 0 %, local: 0 %
I0312 07:30:40.799345 220553 Coordinator.h:126] commit: 1527456 abort: 14688 (0/14688/0), network size: 0, avg network size: 0, si_in_serializable: 0 0 %, local: 0 %
I0312 07:30:41.799551 220553 Coordinator.h:126] commit: 1553624 abort: 15144 (0/15144/0), network size: 0, avg network size: 0, si_in_serializable: 0 0 %, local: 0 %
I0312 07:30:42.799757 220553 Coordinator.h:126] commit: 1563788 abort: 15220 (0/15220/0), network size: 0, avg network size: 0, si_in_serializable: 0 0 %, local: 0 %
I0312 07:30:43.799901 220553 Coordinator.h:126] commit: 1547560 abort: 15064 (0/15064/0), network size: 0, avg network size: 0, si_in_serializable: 0 0 %, local: 0 %
I0312 07:30:44.800050 220553 Coordinator.h:126] commit: 1565989 abort: 15067 (0/15067/0), network size: 0, avg network size: 0, si_in_serializable: 0 0 %, local: 0 %
I0312 07:30:45.800187 220553 Coordinator.h:126] commit: 1563941 abort: 15067 (0/15067/0), network size: 0, avg network size: 0, si_in_serializable: 0 0 %, local: 0 %
I0312 07:30:46.800339 220553 Coordinator.h:126] commit: 1565977 abort: 15079 (0/15079/0), network size: 0, avg network size: 0, si_in_serializable: 0 0 %, local: 0 %
I0312 07:30:47.800480 220553 Coordinator.h:126] commit: 1515294 abort: 14562 (0/14562/0), network size: 0, avg network size: 0, si_in_serializable: 0 0 %, local: 0 %
I0312 07:30:48.800622 220553 Coordinator.h:126] commit: 1567909 abort: 15195 (0/15195/0), network size: 0, avg network size: 0, si_in_serializable: 0 0 %, local: 0 %
I0312 07:30:49.800763 220553 Coordinator.h:126] commit: 1561829 abort: 15131 (0/15131/0), network size: 0, avg network size: 0, si_in_serializable: 0 0 %, local: 0 %
I0312 07:30:50.800902 220553 Coordinator.h:126] commit: 1553723 abort: 15045 (0/15045/0), network size: 0, avg network size: 0, si_in_serializable: 0 0 %, local: 0 %
I0312 07:30:51.801077 220553 Coordinator.h:126] commit: 1555633 abort: 15183 (0/15183/0), network size: 0, avg network size: 0, si_in_serializable: 0 0 %, local: 0 %
I0312 07:30:52.801229 220553 Coordinator.h:126] commit: 1567864 abort: 15240 (0/15240/0), network size: 0, avg network size: 0, si_in_serializable: 0 0 %, local: 0 %
I0312 07:30:53.801368 220553 Coordinator.h:126] commit: 1571979 abort: 15221 (0/15221/0), network size: 0, avg network size: 0, si_in_serializable: 0 0 %, local: 0 %
I0312 07:30:54.801509 220553 Coordinator.h:126] commit: 1570098 abort: 15054 (0/15054/0), network size: 0, avg network size: 0, si_in_serializable: 0 0 %, local: 0 %
I0312 07:30:55.802974 220553 Coordinator.h:126] commit: 1468578 abort: 14174 (0/14174/0), network size: 0, avg network size: 0, si_in_serializable: 0 0 %, local: 0 %
I0312 07:30:56.803427 220553 Coordinator.h:126] commit: 1555603 abort: 15213 (0/15213/0), network size: 0, avg network size: 0, si_in_serializable: 0 0 %, local: 0 %
I0312 07:30:57.803580 220553 Coordinator.h:126] commit: 1551616 abort: 15104 (0/15104/0), network size: 0, avg network size: 0, si_in_serializable: 0 0 %, local: 0 %
I0312 07:30:58.803716 220553 Coordinator.h:126] commit: 1561930 abort: 15030 (0/15030/0), network size: 0, avg network size: 0, si_in_serializable: 0 0 %, local: 0 %
I0312 07:30:59.803855 220553 Coordinator.h:126] commit: 1559802 abort: 15110 (0/15110/0), network size: 0, avg network size: 0, si_in_serializable: 0 0 %, local: 0 %
I0312 07:31:00.803989 220553 Coordinator.h:126] commit: 1564077 abort: 14931 (0/14931/0), network size: 0, avg network size: 0, si_in_serializable: 0 0 %, local: 0 %
I0312 07:31:01.804133 220553 Coordinator.h:126] commit: 1567899 abort: 15205 (0/15205/0), network size: 0, avg network size: 0, si_in_serializable: 0 0 %, local: 0 %
I0312 07:31:02.804280 220553 Coordinator.h:126] commit: 1553971 abort: 14797 (0/14797/0), network size: 0, avg network size: 0, si_in_serializable: 0 0 %, local: 0 %
I0312 07:31:03.804421 220553 Coordinator.h:126] commit: 1568029 abort: 15075 (0/15075/0), network size: 0, avg network size: 0, si_in_serializable: 0 0 %, local: 0 %
I0312 07:31:03.804471 220553 Coordinator.h:152] average commit: 1.55189e+06 abort: 15039.5 (0/15039.5/0), network size: 0, avg network size: 0, si_in_serializable: 0 0 %, local: 0 %
I0312 07:31:03.805806 220605 AriaExecutor.h:103] AriaExecutor 0 exits. 
I0312 07:31:03.805819 220631 AriaExecutor.h:103] AriaExecutor 26 exits. 
I0312 07:31:03.805830 220649 AriaExecutor.h:103] AriaExecutor 44 exits. 
I0312 07:31:03.805816 220653 Manager.h:227] Manager(worker id = 48) on the coordinator node exits.
I0312 07:31:03.805819 220624 AriaExecutor.h:103] AriaExecutor 19 exits. 
I0312 07:31:03.805863 220652 AriaExecutor.h:103] AriaExecutor 47 exits. 
I0312 07:31:03.805809 220606 AriaExecutor.h:103] AriaExecutor 1 exits. 
I0312 07:31:03.805807 220614 AriaExecutor.h:103] AriaExecutor 9 exits. 
I0312 07:31:03.805807 220646 AriaExecutor.h:103] AriaExecutor 41 exits. 
I0312 07:31:03.805807 220611 AriaExecutor.h:103] AriaExecutor 6 exits. 
I0312 07:31:03.805807 220643 AriaExecutor.h:103] AriaExecutor 38 exits. 
I0312 07:31:03.805809 220647 AriaExecutor.h:103] AriaExecutor 42 exits. 
I0312 07:31:03.805809 220615 AriaExecutor.h:103] AriaExecutor 10 exits. 
I0312 07:31:03.805811 220610 AriaExecutor.h:103] AriaExecutor 5 exits. 
I0312 07:31:03.805876 220621 AriaExecutor.h:103] AriaExecutor 16 exits. 
I0312 07:31:03.805871 220637 AriaExecutor.h:103] AriaExecutor 32 exits. 
I0312 07:31:03.805866 220618 AriaExecutor.h:103] AriaExecutor 13 exits. 
I0312 07:31:03.805877 220625 AriaExecutor.h:103] AriaExecutor 20 exits. 
I0312 07:31:03.805879 220622 AriaExecutor.h:103] AriaExecutor 17 exits. 
I0312 07:31:03.805884 220619 AriaExecutor.h:103] AriaExecutor 14 exits. 
I0312 07:31:03.805881 220650 AriaExecutor.h:103] AriaExecutor 45 exits. 
I0312 07:31:03.805879 220630 AriaExecutor.h:103] AriaExecutor 25 exits. 
I0312 07:31:03.805814 220634 AriaExecutor.h:103] AriaExecutor 29 exits. 
I0312 07:31:03.805814 220613 AriaExecutor.h:103] AriaExecutor 8 exits. 
I0312 07:31:03.805882 220628 AriaExecutor.h:103] AriaExecutor 23 exits. 
I0312 07:31:03.805883 220627 AriaExecutor.h:103] AriaExecutor 22 exits. 
I0312 07:31:03.805811 220617 AriaExecutor.h:103] AriaExecutor 12 exits. 
I0312 07:31:03.805864 220641 AriaExecutor.h:103] AriaExecutor 36 exits. 
I0312 07:31:03.805884 220620 AriaExecutor.h:103] AriaExecutor 15 exits. 
I0312 07:31:03.805817 220629 AriaExecutor.h:103] AriaExecutor 24 exits. 
I0312 07:31:03.805807 220608 AriaExecutor.h:103] AriaExecutor 3 exits. 
I0312 07:31:03.805864 220616 AriaExecutor.h:103] AriaExecutor 11 exits. 
I0312 07:31:03.805812 220635 AriaExecutor.h:103] AriaExecutor 30 exits. 
I0312 07:31:03.805868 220638 AriaExecutor.h:103] AriaExecutor 33 exits. 
I0312 07:31:03.805869 220636 AriaExecutor.h:103] AriaExecutor 31 exits. 
I0312 07:31:03.805867 220612 AriaExecutor.h:103] AriaExecutor 7 exits. 
I0312 07:31:03.805866 220607 AriaExecutor.h:103] AriaExecutor 2 exits. 
I0312 07:31:03.805814 220651 AriaExecutor.h:103] AriaExecutor 46 exits. 
I0312 07:31:03.805869 220639 AriaExecutor.h:103] AriaExecutor 34 exits. 
I0312 07:31:03.805879 220626 AriaExecutor.h:103] AriaExecutor 21 exits. 
I0312 07:31:03.805816 220632 AriaExecutor.h:103] AriaExecutor 27 exits. 
I0312 07:31:03.805814 220645 AriaExecutor.h:103] AriaExecutor 40 exits. 
I0312 07:31:03.805811 220642 AriaExecutor.h:103] AriaExecutor 37 exits. 
I0312 07:31:03.805830 220648 AriaExecutor.h:103] AriaExecutor 43 exits. 
I0312 07:31:03.805807 220640 AriaExecutor.h:103] AriaExecutor 35 exits. 
I0312 07:31:03.805882 220633 AriaExecutor.h:103] AriaExecutor 28 exits. 
I0312 07:31:03.805864 220609 AriaExecutor.h:103] AriaExecutor 4 exits. 
I0312 07:31:03.805821 220623 AriaExecutor.h:103] AriaExecutor 18 exits. 
I0312 07:31:03.805867 220644 AriaExecutor.h:103] AriaExecutor 39 exits. 
I0312 07:31:03.804491 220553 AriaExecutor.h:649] Worker 0 latency: 955 us (50%) 1087 us (75%) 1200 us (95%) 1246 us (99%).
I0312 07:31:03.847816 220553 AriaExecutor.h:649] Worker 1 latency: 956 us (50%) 1087 us (75%) 1200 us (95%) 1246 us (99%).
I0312 07:31:03.890625 220553 AriaExecutor.h:649] Worker 2 latency: 956 us (50%) 1087 us (75%) 1200 us (95%) 1246 us (99%).
I0312 07:31:03.932794 220553 AriaExecutor.h:649] Worker 3 latency: 956 us (50%) 1087 us (75%) 1200 us (95%) 1246 us (99%).
I0312 07:31:03.975567 220553 AriaExecutor.h:649] Worker 4 latency: 955 us (50%) 1087 us (75%) 1199 us (95%) 1246 us (99%).
I0312 07:31:04.020828 220553 AriaExecutor.h:649] Worker 5 latency: 954 us (50%) 1086 us (75%) 1199 us (95%) 1246 us (99%).
I0312 07:31:04.063359 220553 AriaExecutor.h:649] Worker 6 latency: 955 us (50%) 1087 us (75%) 1200 us (95%) 1246 us (99%).
I0312 07:31:04.105433 220553 AriaExecutor.h:649] Worker 7 latency: 956 us (50%) 1087 us (75%) 1200 us (95%) 1246 us (99%).
I0312 07:31:04.147929 220553 AriaExecutor.h:649] Worker 8 latency: 955 us (50%) 1087 us (75%) 1199 us (95%) 1246 us (99%).
I0312 07:31:04.190608 220553 AriaExecutor.h:649] Worker 9 latency: 954 us (50%) 1086 us (75%) 1199 us (95%) 1246 us (99%).
I0312 07:31:04.234707 220553 AriaExecutor.h:649] Worker 10 latency: 955 us (50%) 1087 us (75%) 1199 us (95%) 1246 us (99%).
I0312 07:31:04.277129 220553 AriaExecutor.h:649] Worker 11 latency: 953 us (50%) 1086 us (75%) 1199 us (95%) 1246 us (99%).
I0312 07:31:04.319520 220553 AriaExecutor.h:649] Worker 12 latency: 953 us (50%) 1086 us (75%) 1199 us (95%) 1246 us (99%).
I0312 07:31:04.361604 220553 AriaExecutor.h:649] Worker 13 latency: 953 us (50%) 1086 us (75%) 1199 us (95%) 1245 us (99%).
I0312 07:31:04.404953 220553 AriaExecutor.h:649] Worker 14 latency: 951 us (50%) 1085 us (75%) 1199 us (95%) 1246 us (99%).
I0312 07:31:04.442173 220553 AriaExecutor.h:649] Worker 15 latency: 952 us (50%) 1086 us (75%) 1200 us (95%) 1246 us (99%).
I0312 07:31:04.479938 220553 AriaExecutor.h:649] Worker 16 latency: 834 us (50%) 1035 us (75%) 1197 us (95%) 1251 us (99%).
I0312 07:31:04.518870 220553 AriaExecutor.h:649] Worker 17 latency: 1007 us (50%) 1114 us (75%) 1208 us (95%) 1251 us (99%).
I0312 07:31:04.555377 220553 AriaExecutor.h:649] Worker 18 latency: 1005 us (50%) 1113 us (75%) 1207 us (95%) 1251 us (99%).
I0312 07:31:04.591537 220553 AriaExecutor.h:649] Worker 19 latency: 1005 us (50%) 1113 us (75%) 1207 us (95%) 1251 us (99%).
I0312 07:31:04.627790 220553 AriaExecutor.h:649] Worker 20 latency: 1007 us (50%) 1114 us (75%) 1207 us (95%) 1251 us (99%).
I0312 07:31:04.664513 220553 AriaExecutor.h:649] Worker 21 latency: 1006 us (50%) 1114 us (75%) 1207 us (95%) 1251 us (99%).
I0312 07:31:04.701152 220553 AriaExecutor.h:649] Worker 22 latency: 1007 us (50%) 1114 us (75%) 1207 us (95%) 1251 us (99%).
I0312 07:31:04.735244 220553 AriaExecutor.h:649] Worker 23 latency: 1007 us (50%) 1114 us (75%) 1208 us (95%) 1251 us (99%).
I0312 07:31:04.772092 220553 AriaExecutor.h:649] Worker 24 latency: 1003 us (50%) 1112 us (75%) 1207 us (95%) 1251 us (99%).
I0312 07:31:04.808447 220553 AriaExecutor.h:649] Worker 25 latency: 1002 us (50%) 1112 us (75%) 1207 us (95%) 1251 us (99%).
I0312 07:31:04.845156 220553 AriaExecutor.h:649] Worker 26 latency: 1007 us (50%) 1114 us (75%) 1208 us (95%) 1251 us (99%).
I0312 07:31:04.882144 220553 AriaExecutor.h:649] Worker 27 latency: 1002 us (50%) 1112 us (75%) 1206 us (95%) 1250 us (99%).
I0312 07:31:04.918645 220553 AriaExecutor.h:649] Worker 28 latency: 1004 us (50%) 1113 us (75%) 1207 us (95%) 1251 us (99%).
I0312 07:31:04.956491 220553 AriaExecutor.h:649] Worker 29 latency: 951 us (50%) 1086 us (75%) 1200 us (95%) 1246 us (99%).
I0312 07:31:04.993770 220553 AriaExecutor.h:649] Worker 30 latency: 1003 us (50%) 1112 us (75%) 1207 us (95%) 1251 us (99%).
I0312 07:31:05.037240 220553 AriaExecutor.h:649] Worker 31 latency: 1005 us (50%) 1113 us (75%) 1207 us (95%) 1251 us (99%).
I0312 07:31:05.078708 220553 AriaExecutor.h:649] Worker 32 latency: 961 us (50%) 1090 us (75%) 1200 us (95%) 1247 us (99%).
I0312 07:31:05.119719 220553 AriaExecutor.h:649] Worker 33 latency: 962 us (50%) 1090 us (75%) 1200 us (95%) 1247 us (99%).
I0312 07:31:05.160774 220553 AriaExecutor.h:649] Worker 34 latency: 962 us (50%) 1090 us (75%) 1200 us (95%) 1247 us (99%).
I0312 07:31:05.202095 220553 AriaExecutor.h:649] Worker 35 latency: 962 us (50%) 1090 us (75%) 1200 us (95%) 1247 us (99%).
I0312 07:31:05.245062 220553 AriaExecutor.h:649] Worker 36 latency: 961 us (50%) 1090 us (75%) 1200 us (95%) 1247 us (99%).
I0312 07:31:05.285948 220553 AriaExecutor.h:649] Worker 37 latency: 960 us (50%) 1089 us (75%) 1200 us (95%) 1247 us (99%).
I0312 07:31:05.327764 220553 AriaExecutor.h:649] Worker 38 latency: 962 us (50%) 1090 us (75%) 1200 us (95%) 1247 us (99%).
I0312 07:31:05.368736 220553 AriaExecutor.h:649] Worker 39 latency: 962 us (50%) 1090 us (75%) 1200 us (95%) 1246 us (99%).
I0312 07:31:05.409600 220553 AriaExecutor.h:649] Worker 40 latency: 961 us (50%) 1089 us (75%) 1200 us (95%) 1246 us (99%).
I0312 07:31:05.452639 220553 AriaExecutor.h:649] Worker 41 latency: 960 us (50%) 1089 us (75%) 1200 us (95%) 1247 us (99%).
I0312 07:31:05.493809 220553 AriaExecutor.h:649] Worker 42 latency: 961 us (50%) 1090 us (75%) 1200 us (95%) 1247 us (99%).
I0312 07:31:05.535185 220553 AriaExecutor.h:649] Worker 43 latency: 959 us (50%) 1089 us (75%) 1200 us (95%) 1246 us (99%).
I0312 07:31:05.576510 220553 AriaExecutor.h:649] Worker 44 latency: 959 us (50%) 1089 us (75%) 1200 us (95%) 1246 us (99%).
I0312 07:31:05.617617 220553 AriaExecutor.h:649] Worker 45 latency: 959 us (50%) 1089 us (75%) 1200 us (95%) 1246 us (99%).
I0312 07:31:05.660768 220553 AriaExecutor.h:649] Worker 46 latency: 957 us (50%) 1088 us (75%) 1200 us (95%) 1247 us (99%).
I0312 07:31:05.696851 220553 AriaExecutor.h:649] Worker 47 latency: 958 us (50%) 1088 us (75%) 1200 us (95%) 1247 us (99%).
I0312 07:31:05.733598 220553 Coordinator.h:177] total commit: 1.55189e+06
I0312 07:31:06.733814 220553 Coordinator.h:192] Coordinator exits.
