I0312 05:03:30.182765 185759 Database.h:65] ycsb initialization finished in 497 milliseconds.
I0312 05:03:30.182976 185759 Coordinator.h:30] Coordinator initializes 2 workers.
I0312 05:03:30.219812 185759 Coordinator.h:77] Coordinator starts to run 3 workers.
I0312 05:03:30.219962 185765 AriaExecutor.h:91] AriaExecutor 0 started. 
I0312 05:03:30.220016 185766 AriaExecutor.h:91] AriaExecutor 1 started. 
I0312 05:03:30.220108 185767 Manager.h:224] Manager(worker id = 2) on the coordinator node started.
I0312 05:03:31.220142 185759 Coordinator.h:126] commit: 55255 abort: 11305 (0/11305/0), network size: 0, avg network size: 0, si_in_serializable: 0 0 %, local: 0 %
I0312 05:03:32.220343 185759 Coordinator.h:126] commit: 55193 abort: 11367 (0/11367/0), network size: 0, avg network size: 0, si_in_serializable: 0 0 %, local: 0 %
I0312 05:03:33.220472 185759 Coordinator.h:126] commit: 56811 abort: 11797 (0/11797/0), network size: 0, avg network size: 0, si_in_serializable: 0 0 %, local: 0 %
I0312 05:03:34.220582 185759 Coordinator.h:126] commit: 57184 abort: 11424 (0/11424/0), network size: 0, avg network size: 0, si_in_serializable: 0 0 %, local: 0 %
I0312 05:03:35.220742 185759 Coordinator.h:126] commit: 55224 abort: 11336 (0/11336/0), network size: 0, avg network size: 0, si_in_serializable: 0 0 %, local: 0 %
I0312 05:03:36.220870 185759 Coordinator.h:126] commit: 56913 abort: 11695 (0/11695/0), network size: 0, avg network size: 0, si_in_serializable: 0 0 %, local: 0 %
I0312 05:03:37.221030 185759 Coordinator.h:126] commit: 55302 abort: 11258 (0/11258/0), network size: 0, avg network size: 0, si_in_serializable: 0 0 %, local: 0 %
I0312 05:03:38.221160 185759 Coordinator.h:126] commit: 56896 abort: 11712 (0/11712/0), network size: 0, avg network size: 0, si_in_serializable: 0 0 %, local: 0 %
I0312 05:03:39.221319 185759 Coordinator.h:126] commit: 55165 abort: 11395 (0/11395/0), network size: 0, avg network size: 0, si_in_serializable: 0 0 %, local: 0 %
I0312 05:03:40.221450 185759 Coordinator.h:126] commit: 56092 abort: 11492 (0/11492/0), network size: 0, avg network size: 0, si_in_serializable: 0 0 %, local: 0 %
I0312 05:03:41.221552 185759 Coordinator.h:126] commit: 57183 abort: 11425 (0/11425/0), network size: 0, avg network size: 0, si_in_serializable: 0 0 %, local: 0 %
I0312 05:03:42.221711 185759 Coordinator.h:126] commit: 55237 abort: 11323 (0/11323/0), network size: 0, avg network size: 0, si_in_serializable: 0 0 %, local: 0 %
I0312 05:03:43.221835 185759 Coordinator.h:126] commit: 57054 abort: 11554 (0/11554/0), network size: 0, avg network size: 0, si_in_serializable: 0 0 %, local: 0 %
I0312 05:03:44.221935 185759 Coordinator.h:126] commit: 56892 abort: 11716 (0/11716/0), network size: 0, avg network size: 0, si_in_serializable: 0 0 %, local: 0 %
I0312 05:03:45.222039 185759 Coordinator.h:126] commit: 56851 abort: 11757 (0/11757/0), network size: 0, avg network size: 0, si_in_serializable: 0 0 %, local: 0 %
I0312 05:03:46.222199 185759 Coordinator.h:126] commit: 55115 abort: 11445 (0/11445/0), network size: 0, avg network size: 0, si_in_serializable: 0 0 %, local: 0 %
I0312 05:03:47.222324 185759 Coordinator.h:126] commit: 56215 abort: 11369 (0/11369/0), network size: 0, avg network size: 0, si_in_serializable: 0 0 %, local: 0 %
I0312 05:03:48.222427 185759 Coordinator.h:126] commit: 56930 abort: 11678 (0/11678/0), network size: 0, avg network size: 0, si_in_serializable: 0 0 %, local: 0 %
I0312 05:03:49.222532 185759 Coordinator.h:126] commit: 56248 abort: 11336 (0/11336/0), network size: 0, avg network size: 0, si_in_serializable: 0 0 %, local: 0 %
I0312 05:03:50.222640 185759 Coordinator.h:126] commit: 56995 abort: 11613 (0/11613/0), network size: 0, avg network size: 0, si_in_serializable: 0 0 %, local: 0 %
I0312 05:03:51.222801 185759 Coordinator.h:126] commit: 55401 abort: 11159 (0/11159/0), network size: 0, avg network size: 0, si_in_serializable: 0 0 %, local: 0 %
I0312 05:03:52.222929 185759 Coordinator.h:126] commit: 57010 abort: 11598 (0/11598/0), network size: 0, avg network size: 0, si_in_serializable: 0 0 %, local: 0 %
I0312 05:03:53.223031 185759 Coordinator.h:126] commit: 56917 abort: 11691 (0/11691/0), network size: 0, avg network size: 0, si_in_serializable: 0 0 %, local: 0 %
I0312 05:03:54.223134 185759 Coordinator.h:126] commit: 56270 abort: 11314 (0/11314/0), network size: 0, avg network size: 0, si_in_serializable: 0 0 %, local: 0 %
I0312 05:03:55.223240 185759 Coordinator.h:126] commit: 57091 abort: 11517 (0/11517/0), network size: 0, avg network size: 0, si_in_serializable: 0 0 %, local: 0 %
I0312 05:03:55.223277 185759 Coordinator.h:152] average commit: 56472 abort: 11521.6 (0/11521.6/0), network size: 0, avg network size: 0, si_in_serializable: 0 0 %, local: 0 %
I0312 05:03:55.229837 185766 AriaExecutor.h:103] AriaExecutor 1 exits. 
I0312 05:03:55.229837 185765 AriaExecutor.h:103] AriaExecutor 0 exits. 
I0312 05:03:55.229838 185767 Manager.h:227] Manager(worker id = 2) on the coordinator node exits.
I0312 05:03:55.223320 185759 AriaExecutor.h:649] Worker 0 latency: 10414 us (50%) 12605 us (75%) 14218 us (95%) 14571 us (99%).
I0312 05:03:55.274744 185759 AriaExecutor.h:649] Worker 1 latency: 10425 us (50%) 12607 us (75%) 14210 us (95%) 14543 us (99%).
I0312 05:03:55.310544 185759 Coordinator.h:177] total commit: 56472
I0312 05:03:56.310767 185759 Coordinator.h:192] Coordinator exits.
