I0312 04:31:02.104396 184092 Database.h:65] ycsb initialization finished in 977 milliseconds.
I0312 04:31:02.104621 184092 Coordinator.h:30] Coordinator initializes 1 workers.
I0312 04:31:02.143349 184092 Coordinator.h:77] Coordinator starts to run 2 workers.
I0312 04:31:02.143483 184097 AriaExecutor.h:91] AriaExecutor 0 started. 
I0312 04:31:02.143566 184098 Manager.h:224] Manager(worker id = 1) on the coordinator node started.
I0312 04:31:03.143607 184092 Coordinator.h:126] commit: 27206 abort: 5562 (0/5562/0), network size: 0, avg network size: 0, si_in_serializable: 0 0 %, local: 0 %
I0312 04:31:04.143805 184092 Coordinator.h:126] commit: 27196 abort: 5572 (0/5572/0), network size: 0, avg network size: 0, si_in_serializable: 0 0 %, local: 0 %
I0312 04:31:05.143939 184092 Coordinator.h:126] commit: 28981 abort: 5835 (0/5835/0), network size: 0, avg network size: 0, si_in_serializable: 0 0 %, local: 0 %
I0312 04:31:06.144047 184092 Coordinator.h:126] commit: 27970 abort: 5822 (0/5822/0), network size: 0, avg network size: 0, si_in_serializable: 0 0 %, local: 0 %
I0312 04:31:07.144207 184092 Coordinator.h:126] commit: 28128 abort: 5664 (0/5664/0), network size: 0, avg network size: 0, si_in_serializable: 0 0 %, local: 0 %
I0312 04:31:08.144374 184092 Coordinator.h:126] commit: 27884 abort: 5908 (0/5908/0), network size: 0, avg network size: 0, si_in_serializable: 0 0 %, local: 0 %
I0312 04:31:09.144531 184092 Coordinator.h:126] commit: 27284 abort: 5484 (0/5484/0), network size: 0, avg network size: 0, si_in_serializable: 0 0 %, local: 0 %
I0312 04:31:10.144661 184092 Coordinator.h:126] commit: 28081 abort: 5711 (0/5711/0), network size: 0, avg network size: 0, si_in_serializable: 0 0 %, local: 0 %
I0312 04:31:11.144817 184092 Coordinator.h:126] commit: 27151 abort: 5617 (0/5617/0), network size: 0, avg network size: 0, si_in_serializable: 0 0 %, local: 0 %
I0312 04:31:12.144951 184092 Coordinator.h:126] commit: 29005 abort: 5811 (0/5811/0), network size: 0, avg network size: 0, si_in_serializable: 0 0 %, local: 0 %
I0312 04:31:13.145056 184092 Coordinator.h:126] commit: 28071 abort: 5721 (0/5721/0), network size: 0, avg network size: 0, si_in_serializable: 0 0 %, local: 0 %
I0312 04:31:14.145208 184092 Coordinator.h:126] commit: 27175 abort: 5593 (0/5593/0), network size: 0, avg network size: 0, si_in_serializable: 0 0 %, local: 0 %
I0312 04:31:15.145340 184092 Coordinator.h:126] commit: 28942 abort: 5874 (0/5874/0), network size: 0, avg network size: 0, si_in_serializable: 0 0 %, local: 0 %
I0312 04:31:16.145443 184092 Coordinator.h:126] commit: 28081 abort: 5711 (0/5711/0), network size: 0, avg network size: 0, si_in_serializable: 0 0 %, local: 0 %
I0312 04:31:17.145547 184092 Coordinator.h:126] commit: 28789 abort: 6027 (0/6027/0), network size: 0, avg network size: 0, si_in_serializable: 0 0 %, local: 0 %
I0312 04:31:18.145704 184092 Coordinator.h:126] commit: 27337 abort: 5431 (0/5431/0), network size: 0, avg network size: 0, si_in_serializable: 0 0 %, local: 0 %
I0312 04:31:19.145834 184092 Coordinator.h:126] commit: 28204 abort: 5588 (0/5588/0), network size: 0, avg network size: 0, si_in_serializable: 0 0 %, local: 0 %
I0312 04:31:20.145941 184092 Coordinator.h:126] commit: 29021 abort: 5795 (0/5795/0), network size: 0, avg network size: 0, si_in_serializable: 0 0 %, local: 0 %
I0312 04:31:21.146046 184092 Coordinator.h:126] commit: 28139 abort: 5653 (0/5653/0), network size: 0, avg network size: 0, si_in_serializable: 0 0 %, local: 0 %
I0312 04:31:22.146153 184092 Coordinator.h:126] commit: 28107 abort: 5685 (0/5685/0), network size: 0, avg network size: 0, si_in_serializable: 0 0 %, local: 0 %
I0312 04:31:23.146312 184092 Coordinator.h:126] commit: 27267 abort: 5501 (0/5501/0), network size: 0, avg network size: 0, si_in_serializable: 0 0 %, local: 0 %
I0312 04:31:24.146436 184092 Coordinator.h:126] commit: 28974 abort: 5842 (0/5842/0), network size: 0, avg network size: 0, si_in_serializable: 0 0 %, local: 0 %
I0312 04:31:25.146540 184092 Coordinator.h:126] commit: 28940 abort: 5876 (0/5876/0), network size: 0, avg network size: 0, si_in_serializable: 0 0 %, local: 0 %
I0312 04:31:26.146643 184092 Coordinator.h:126] commit: 28066 abort: 5726 (0/5726/0), network size: 0, avg network size: 0, si_in_serializable: 0 0 %, local: 0 %
I0312 04:31:27.146749 184092 Coordinator.h:126] commit: 28767 abort: 5830 (0/5830/0), network size: 0, avg network size: 0, si_in_serializable: 0 0 %, local: 0 %
I0312 04:31:27.146783 184092 Coordinator.h:152] average commit: 28186.6 abort: 5707.8 (0/5707.8/0), network size: 0, avg network size: 0, si_in_serializable: 0 0 %, local: 0 %
I0312 04:31:27.146922 184097 AriaExecutor.h:103] AriaExecutor 0 exits. 
I0312 04:31:27.146922 184098 Manager.h:227] Manager(worker id = 1) on the coordinator node exits.
I0312 04:31:27.146827 184092 AriaExecutor.h:649] Worker 0 latency: 20866 us (50%) 25228 us (75%) 28434 us (95%) 31642 us (99%).
I0312 04:31:27.197400 184092 Coordinator.h:177] total commit: 28186.6
I0312 04:31:28.197530 184092 Coordinator.h:192] Coordinator exits.
