I0312 04:44:13.856336 184632 Database.h:65] ycsb initialization finished in 977 milliseconds.
I0312 04:44:13.856560 184632 Coordinator.h:30] Coordinator initializes 1 workers.
I0312 04:44:13.964677 184632 Coordinator.h:77] Coordinator starts to run 2 workers.
I0312 04:44:13.964814 184637 AriaExecutor.h:91] AriaExecutor 0 started. 
I0312 04:44:13.964857 184638 Manager.h:224] Manager(worker id = 1) on the coordinator node started.
I0312 04:44:14.965009 184632 Coordinator.h:126] commit: 1 abort: 4095 (0/4095/0), network size: 0, avg network size: 0, si_in_serializable: 0 0 %, local: 0 %
I0312 04:44:15.965224 184632 Coordinator.h:126] commit: 2 abort: 8190 (0/8190/0), network size: 0, avg network size: 0, si_in_serializable: 0 0 %, local: 0 %
I0312 04:44:16.965379 184632 Coordinator.h:126] commit: 2 abort: 8190 (0/8190/0), network size: 0, avg network size: 0, si_in_serializable: 0 0 %, local: 0 %
I0312 04:44:17.965504 184632 Coordinator.h:126] commit: 2 abort: 8190 (0/8190/0), network size: 0, avg network size: 0, si_in_serializable: 0 0 %, local: 0 %
I0312 04:44:18.965691 184632 Coordinator.h:126] commit: 1 abort: 4095 (0/4095/0), network size: 0, avg network size: 0, si_in_serializable: 0 0 %, local: 0 %
I0312 04:44:19.965844 184632 Coordinator.h:126] commit: 2 abort: 8190 (0/8190/0), network size: 0, avg network size: 0, si_in_serializable: 0 0 %, local: 0 %
I0312 04:44:20.966022 184632 Coordinator.h:126] commit: 2 abort: 8190 (0/8190/0), network size: 0, avg network size: 0, si_in_serializable: 0 0 %, local: 0 %
I0312 04:44:21.966173 184632 Coordinator.h:126] commit: 2 abort: 8190 (0/8190/0), network size: 0, avg network size: 0, si_in_serializable: 0 0 %, local: 0 %
I0312 04:44:22.966347 184632 Coordinator.h:126] commit: 2 abort: 8190 (0/8190/0), network size: 0, avg network size: 0, si_in_serializable: 0 0 %, local: 0 %
I0312 04:44:23.966495 184632 Coordinator.h:126] commit: 1 abort: 4095 (0/4095/0), network size: 0, avg network size: 0, si_in_serializable: 0 0 %, local: 0 %
I0312 04:44:24.966614 184632 Coordinator.h:126] commit: 3 abort: 8189 (0/8189/0), network size: 0, avg network size: 0, si_in_serializable: 0 0 %, local: 0 %
I0312 04:44:25.966794 184632 Coordinator.h:126] commit: 2 abort: 8190 (0/8190/0), network size: 0, avg network size: 0, si_in_serializable: 0 0 %, local: 0 %
I0312 04:44:26.966945 184632 Coordinator.h:126] commit: 2 abort: 8190 (0/8190/0), network size: 0, avg network size: 0, si_in_serializable: 0 0 %, local: 0 %
I0312 04:44:27.967065 184632 Coordinator.h:126] commit: 2 abort: 8190 (0/8190/0), network size: 0, avg network size: 0, si_in_serializable: 0 0 %, local: 0 %
I0312 04:44:28.967190 184632 Coordinator.h:126] commit: 3 abort: 8189 (0/8189/0), network size: 0, avg network size: 0, si_in_serializable: 0 0 %, local: 0 %
I0312 04:44:29.967367 184632 Coordinator.h:126] commit: 1 abort: 4095 (0/4095/0), network size: 0, avg network size: 0, si_in_serializable: 0 0 %, local: 0 %
I0312 04:44:30.967516 184632 Coordinator.h:126] commit: 2 abort: 8190 (0/8190/0), network size: 0, avg network size: 0, si_in_serializable: 0 0 %, local: 0 %
I0312 04:44:31.967636 184632 Coordinator.h:126] commit: 2 abort: 8190 (0/8190/0), network size: 0, avg network size: 0, si_in_serializable: 0 0 %, local: 0 %
I0312 04:44:32.967759 184632 Coordinator.h:126] commit: 2 abort: 8190 (0/8190/0), network size: 0, avg network size: 0, si_in_serializable: 0 0 %, local: 0 %
I0312 04:44:33.967881 184632 Coordinator.h:126] commit: 2 abort: 8190 (0/8190/0), network size: 0, avg network size: 0, si_in_serializable: 0 0 %, local: 0 %
I0312 04:44:34.968057 184632 Coordinator.h:126] commit: 1 abort: 4095 (0/4095/0), network size: 0, avg network size: 0, si_in_serializable: 0 0 %, local: 0 %
I0312 04:44:35.968204 184632 Coordinator.h:126] commit: 3 abort: 8189 (0/8189/0), network size: 0, avg network size: 0, si_in_serializable: 0 0 %, local: 0 %
I0312 04:44:36.968335 184632 Coordinator.h:126] commit: 2 abort: 8190 (0/8190/0), network size: 0, avg network size: 0, si_in_serializable: 0 0 %, local: 0 %
I0312 04:44:37.968453 184632 Coordinator.h:126] commit: 2 abort: 8190 (0/8190/0), network size: 0, avg network size: 0, si_in_serializable: 0 0 %, local: 0 %
I0312 04:44:38.968578 184632 Coordinator.h:126] commit: 2 abort: 8190 (0/8190/0), network size: 0, avg network size: 0, si_in_serializable: 0 0 %, local: 0 %
I0312 04:44:38.968628 184632 Coordinator.h:152] average commit: 2.1 abort: 7780.3 (0/7780.3/0), network size: 0, avg network size: 0, si_in_serializable: 0 0 %, local: 0 %
I0312 04:44:38.968669 184632 AriaExecutor.h:649] Worker 0 latency: 540738 us (50%) 560784 us (75%) 596068 us (95%) 610857 us (99%).
I0312 04:44:39.356098 184637 AriaExecutor.h:103] AriaExecutor 0 exits. 
I0312 04:44:39.356098 184638 Manager.h:227] Manager(worker id = 1) on the coordinator node exits.
I0312 04:44:39.356302 184632 Coordinator.h:177] total commit: 2.1
I0312 04:44:40.356456 184632 Coordinator.h:192] Coordinator exits.
