I0312 07:48:38.240294 225948 Database.h:65] ycsb initialization finished in 101 milliseconds.
I0312 07:48:38.240514 225948 Coordinator.h:30] Coordinator initializes 48 workers.
I0312 07:48:38.350015 225948 Coordinator.h:77] Coordinator starts to run 49 workers.
I0312 07:48:38.350118 226003 AriaExecutor.h:91] AriaExecutor 0 started. 
I0312 07:48:38.350171 226004 AriaExecutor.h:91] AriaExecutor 1 started. 
I0312 07:48:38.350263 226005 AriaExecutor.h:91] AriaExecutor 2 started. 
I0312 07:48:38.350334 226006 AriaExecutor.h:91] AriaExecutor 3 started. 
I0312 07:48:38.350423 226007 AriaExecutor.h:91] AriaExecutor 4 started. 
I0312 07:48:38.350485 226008 AriaExecutor.h:91] AriaExecutor 5 started. 
I0312 07:48:38.350571 226009 AriaExecutor.h:91] AriaExecutor 6 started. 
I0312 07:48:38.350761 226011 AriaExecutor.h:91] AriaExecutor 8 started. 
I0312 07:48:38.350853 226012 AriaExecutor.h:91] AriaExecutor 9 started. 
I0312 07:48:38.350927 226013 AriaExecutor.h:91] AriaExecutor 10 started. 
I0312 07:48:38.351156 226014 AriaExecutor.h:91] AriaExecutor 11 started. 
I0312 07:48:38.351317 226015 AriaExecutor.h:91] AriaExecutor 12 started. 
I0312 07:48:38.351491 226016 AriaExecutor.h:91] AriaExecutor 13 started. 
I0312 07:48:38.351624 226017 AriaExecutor.h:91] AriaExecutor 14 started. 
I0312 07:48:38.351784 226018 AriaExecutor.h:91] AriaExecutor 15 started. 
I0312 07:48:38.351943 226019 AriaExecutor.h:91] AriaExecutor 16 started. 
I0312 07:48:38.352088 226020 AriaExecutor.h:91] AriaExecutor 17 started. 
I0312 07:48:38.352263 226021 AriaExecutor.h:91] AriaExecutor 18 started. 
I0312 07:48:38.352403 226022 AriaExecutor.h:91] AriaExecutor 19 started. 
I0312 07:48:38.352576 226023 AriaExecutor.h:91] AriaExecutor 20 started. 
I0312 07:48:38.352717 226024 AriaExecutor.h:91] AriaExecutor 21 started. 
I0312 07:48:38.352874 226025 AriaExecutor.h:91] AriaExecutor 22 started. 
I0312 07:48:38.353039 226026 AriaExecutor.h:91] AriaExecutor 23 started. 
I0312 07:48:38.353195 226027 AriaExecutor.h:91] AriaExecutor 24 started. 
I0312 07:48:38.353353 226028 AriaExecutor.h:91] AriaExecutor 25 started. 
I0312 07:48:38.353502 226029 AriaExecutor.h:91] AriaExecutor 26 started. 
I0312 07:48:38.353674 226030 AriaExecutor.h:91] AriaExecutor 27 started. 
I0312 07:48:38.353873 226031 AriaExecutor.h:91] AriaExecutor 28 started. 
I0312 07:48:38.354045 226032 AriaExecutor.h:91] AriaExecutor 29 started. 
I0312 07:48:38.354245 226033 AriaExecutor.h:91] AriaExecutor 30 started. 
I0312 07:48:38.354451 226034 AriaExecutor.h:91] AriaExecutor 31 started. 
I0312 07:48:38.354642 226035 AriaExecutor.h:91] AriaExecutor 32 started. 
I0312 07:48:38.354823 226036 AriaExecutor.h:91] AriaExecutor 33 started. 
I0312 07:48:38.355011 226037 AriaExecutor.h:91] AriaExecutor 34 started. 
I0312 07:48:38.355192 226038 AriaExecutor.h:91] AriaExecutor 35 started. 
I0312 07:48:38.355374 226039 AriaExecutor.h:91] AriaExecutor 36 started. 
I0312 07:48:38.355556 226040 AriaExecutor.h:91] AriaExecutor 37 started. 
I0312 07:48:38.355742 226041 AriaExecutor.h:91] AriaExecutor 38 started. 
I0312 07:48:38.355930 226042 AriaExecutor.h:91] AriaExecutor 39 started. 
I0312 07:48:38.356104 226043 AriaExecutor.h:91] AriaExecutor 40 started. 
I0312 07:48:38.356304 226044 AriaExecutor.h:91] AriaExecutor 41 started. 
I0312 07:48:38.356483 226045 AriaExecutor.h:91] AriaExecutor 42 started. 
I0312 07:48:38.356676 226046 AriaExecutor.h:91] AriaExecutor 43 started. 
I0312 07:48:38.356864 226047 AriaExecutor.h:91] AriaExecutor 44 started. 
I0312 07:48:38.357045 226048 AriaExecutor.h:91] AriaExecutor 45 started. 
I0312 07:48:38.357224 226049 AriaExecutor.h:91] AriaExecutor 46 started. 
I0312 07:48:38.357409 226050 AriaExecutor.h:91] AriaExecutor 47 started. 
I0312 07:48:38.357584 226051 Manager.h:224] Manager(worker id = 48) on the coordinator node started.
I0312 07:48:38.364276 226010 AriaExecutor.h:91] AriaExecutor 7 started. 
I0312 07:48:39.357667 225948 Coordinator.h:126] commit: 6830 abort: 230738 (0/230738/0), network size: 0, avg network size: 0, si_in_serializable: 0 0 %, local: 0 %
I0312 07:48:40.357834 225948 Coordinator.h:126] commit: 7088 abort: 242768 (0/242768/0), network size: 0, avg network size: 0, si_in_serializable: 0 0 %, local: 0 %
I0312 07:48:41.357982 225948 Coordinator.h:126] commit: 6951 abort: 238809 (0/238809/0), network size: 0, avg network size: 0, si_in_serializable: 0 0 %, local: 0 %
I0312 07:48:42.358120 225948 Coordinator.h:126] commit: 7198 abort: 242658 (0/242658/0), network size: 0, avg network size: 0, si_in_serializable: 0 0 %, local: 0 %
I0312 07:48:43.358373 225948 Coordinator.h:126] commit: 7315 abort: 242541 (0/242541/0), network size: 0, avg network size: 0, si_in_serializable: 0 0 %, local: 0 %
I0312 07:48:44.358556 225948 Coordinator.h:126] commit: 7272 abort: 246680 (0/246680/0), network size: 0, avg network size: 0, si_in_serializable: 0 0 %, local: 0 %
I0312 07:48:45.358798 225948 Coordinator.h:126] commit: 7210 abort: 242646 (0/242646/0), network size: 0, avg network size: 0, si_in_serializable: 0 0 %, local: 0 %
I0312 07:48:46.358955 225948 Coordinator.h:126] commit: 7125 abort: 242731 (0/242731/0), network size: 0, avg network size: 0, si_in_serializable: 0 0 %, local: 0 %
I0312 07:48:47.359107 225948 Coordinator.h:126] commit: 7208 abort: 242648 (0/242648/0), network size: 0, avg network size: 0, si_in_serializable: 0 0 %, local: 0 %
I0312 07:48:48.359258 225948 Coordinator.h:126] commit: 7281 abort: 246671 (0/246671/0), network size: 0, avg network size: 0, si_in_serializable: 0 0 %, local: 0 %
I0312 07:48:49.359409 225948 Coordinator.h:126] commit: 7217 abort: 246735 (0/246735/0), network size: 0, avg network size: 0, si_in_serializable: 0 0 %, local: 0 %
I0312 07:48:50.359555 225948 Coordinator.h:126] commit: 7090 abort: 242766 (0/242766/0), network size: 0, avg network size: 0, si_in_serializable: 0 0 %, local: 0 %
I0312 07:48:51.359695 225948 Coordinator.h:126] commit: 7292 abort: 246660 (0/246660/0), network size: 0, avg network size: 0, si_in_serializable: 0 0 %, local: 0 %
I0312 07:48:52.359892 225948 Coordinator.h:126] commit: 7219 abort: 246733 (0/246733/0), network size: 0, avg network size: 0, si_in_serializable: 0 0 %, local: 0 %
I0312 07:48:53.360050 225948 Coordinator.h:126] commit: 7243 abort: 250805 (0/250805/0), network size: 0, avg network size: 0, si_in_serializable: 0 0 %, local: 0 %
I0312 07:48:54.360201 225948 Coordinator.h:126] commit: 7285 abort: 246667 (0/246667/0), network size: 0, avg network size: 0, si_in_serializable: 0 0 %, local: 0 %
I0312 07:48:55.360365 225948 Coordinator.h:126] commit: 7287 abort: 246665 (0/246665/0), network size: 0, avg network size: 0, si_in_serializable: 0 0 %, local: 0 %
I0312 07:48:56.360512 225948 Coordinator.h:126] commit: 7311 abort: 246641 (0/246641/0), network size: 0, avg network size: 0, si_in_serializable: 0 0 %, local: 0 %
I0312 07:48:57.360666 225948 Coordinator.h:126] commit: 7306 abort: 246646 (0/246646/0), network size: 0, avg network size: 0, si_in_serializable: 0 0 %, local: 0 %
I0312 07:48:58.360814 225948 Coordinator.h:126] commit: 7212 abort: 246740 (0/246740/0), network size: 0, avg network size: 0, si_in_serializable: 0 0 %, local: 0 %
I0312 07:48:59.360968 225948 Coordinator.h:126] commit: 7365 abort: 250683 (0/250683/0), network size: 0, avg network size: 0, si_in_serializable: 0 0 %, local: 0 %
I0312 07:49:00.361120 225948 Coordinator.h:126] commit: 7262 abort: 246690 (0/246690/0), network size: 0, avg network size: 0, si_in_serializable: 0 0 %, local: 0 %
I0312 07:49:01.361263 225948 Coordinator.h:126] commit: 7221 abort: 242635 (0/242635/0), network size: 0, avg network size: 0, si_in_serializable: 0 0 %, local: 0 %
I0312 07:49:02.361409 225948 Coordinator.h:126] commit: 7220 abort: 246732 (0/246732/0), network size: 0, avg network size: 0, si_in_serializable: 0 0 %, local: 0 %
I0312 07:49:03.361562 225948 Coordinator.h:126] commit: 7493 abort: 250555 (0/250555/0), network size: 0, avg network size: 0, si_in_serializable: 0 0 %, local: 0 %
I0312 07:49:03.361618 225948 Coordinator.h:152] average commit: 7246.2 abort: 246706 (0/246706/0), network size: 0, avg network size: 0, si_in_serializable: 0 0 %, local: 0 %
I0312 07:49:03.361636 225948 AriaExecutor.h:649] Worker 0 latency: 15870 us (50%) 16067 us (75%) 16420 us (95%) 17036 us (99%).
I0312 07:49:03.371567 226020 AriaExecutor.h:103] AriaExecutor 17 exits. 
I0312 07:49:03.371572 226021 AriaExecutor.h:103] AriaExecutor 18 exits. 
I0312 07:49:03.371580 226031 AriaExecutor.h:103] AriaExecutor 28 exits. 
I0312 07:49:03.371575 226024 AriaExecutor.h:103] AriaExecutor 21 exits. 
I0312 07:49:03.371572 226028 AriaExecutor.h:103] AriaExecutor 25 exits. 
I0312 07:49:03.371582 226019 AriaExecutor.h:103] AriaExecutor 16 exits. 
I0312 07:49:03.371598 226036 AriaExecutor.h:103] AriaExecutor 33 exits. 
I0312 07:49:03.371572 226027 AriaExecutor.h:103] AriaExecutor 24 exits. 
I0312 07:49:03.371577 226022 AriaExecutor.h:103] AriaExecutor 19 exits. 
I0312 07:49:03.371635 226008 AriaExecutor.h:103] AriaExecutor 5 exits. 
I0312 07:49:03.371618 226048 AriaExecutor.h:103] AriaExecutor 45 exits. 
I0312 07:49:03.371583 226007 AriaExecutor.h:103] AriaExecutor 4 exits. 
I0312 07:49:03.371631 226012 AriaExecutor.h:103] AriaExecutor 9 exits. 
I0312 07:49:03.371642 226032 AriaExecutor.h:103] AriaExecutor 29 exits. 
I0312 07:49:03.371598 226038 AriaExecutor.h:103] AriaExecutor 35 exits. 
I0312 07:49:03.371574 226049 AriaExecutor.h:103] AriaExecutor 46 exits. 
I0312 07:49:03.371578 226026 AriaExecutor.h:103] AriaExecutor 23 exits. 
I0312 07:49:03.371654 226034 AriaExecutor.h:103] AriaExecutor 31 exits. 
I0312 07:49:03.371634 226010 AriaExecutor.h:103] AriaExecutor 7 exits. 
I0312 07:49:03.371634 226013 AriaExecutor.h:103] AriaExecutor 10 exits. 
I0312 07:49:03.371583 226004 AriaExecutor.h:103] AriaExecutor 1 exits. 
I0312 07:49:03.371598 226014 AriaExecutor.h:103] AriaExecutor 11 exits. 
I0312 07:49:03.371644 226044 AriaExecutor.h:103] AriaExecutor 41 exits. 
I0312 07:49:03.371634 226009 AriaExecutor.h:103] AriaExecutor 6 exits. 
I0312 07:49:03.371639 226025 AriaExecutor.h:103] AriaExecutor 22 exits. 
I0312 07:49:03.371619 226039 AriaExecutor.h:103] AriaExecutor 36 exits. 
I0312 07:49:03.371644 226042 AriaExecutor.h:103] AriaExecutor 39 exits. 
I0312 07:49:03.371647 226045 AriaExecutor.h:103] AriaExecutor 42 exits. 
I0312 07:49:03.371649 226043 AriaExecutor.h:103] AriaExecutor 40 exits. 
I0312 07:49:03.371647 226041 AriaExecutor.h:103] AriaExecutor 38 exits. 
I0312 07:49:03.371634 226005 AriaExecutor.h:103] AriaExecutor 2 exits. 
I0312 07:49:03.371579 226030 AriaExecutor.h:103] AriaExecutor 27 exits. 
I0312 07:49:03.371572 226029 AriaExecutor.h:103] AriaExecutor 26 exits. 
I0312 07:49:03.371579 226050 AriaExecutor.h:103] AriaExecutor 47 exits. 
I0312 07:49:03.371652 226015 AriaExecutor.h:103] AriaExecutor 12 exits. 
I0312 07:49:03.371649 226040 AriaExecutor.h:103] AriaExecutor 37 exits. 
I0312 07:49:03.371582 226051 Manager.h:227] Manager(worker id = 48) on the coordinator node exits.
I0312 07:49:03.371583 226006 AriaExecutor.h:103] AriaExecutor 3 exits. 
I0312 07:49:03.371574 226023 AriaExecutor.h:103] AriaExecutor 20 exits. 
I0312 07:49:03.371598 226016 AriaExecutor.h:103] AriaExecutor 13 exits. 
I0312 07:49:03.371634 226011 AriaExecutor.h:103] AriaExecutor 8 exits. 
I0312 07:49:03.371651 226047 AriaExecutor.h:103] AriaExecutor 44 exits. 
I0312 07:49:03.371637 226018 AriaExecutor.h:103] AriaExecutor 15 exits. 
I0312 07:49:03.371654 226035 AriaExecutor.h:103] AriaExecutor 32 exits. 
I0312 07:49:03.371654 226033 AriaExecutor.h:103] AriaExecutor 30 exits. 
I0312 07:49:03.371632 226003 AriaExecutor.h:103] AriaExecutor 0 exits. 
I0312 07:49:03.371656 226037 AriaExecutor.h:103] AriaExecutor 34 exits. 
I0312 07:49:03.371598 226046 AriaExecutor.h:103] AriaExecutor 43 exits. 
I0312 07:49:03.371574 226017 AriaExecutor.h:103] AriaExecutor 14 exits. 
I0312 07:49:03.372267 225948 AriaExecutor.h:649] Worker 1 latency: 15858 us (50%) 16062 us (75%) 16405 us (95%) 16801 us (99%).
I0312 07:49:03.372545 225948 AriaExecutor.h:649] Worker 2 latency: 15856 us (50%) 16062 us (75%) 16421 us (95%) 16978 us (99%).
I0312 07:49:03.372797 225948 AriaExecutor.h:649] Worker 3 latency: 15855 us (50%) 16061 us (75%) 16403 us (95%) 16781 us (99%).
I0312 07:49:03.373042 225948 AriaExecutor.h:649] Worker 4 latency: 15861 us (50%) 16060 us (75%) 16411 us (95%) 16926 us (99%).
I0312 07:49:03.373317 225948 AriaExecutor.h:649] Worker 5 latency: 15853 us (50%) 16062 us (75%) 16410 us (95%) 16869 us (99%).
I0312 07:49:03.373597 225948 AriaExecutor.h:649] Worker 6 latency: 15851 us (50%) 16061 us (75%) 16412 us (95%) 17047 us (99%).
I0312 07:49:03.373857 225948 AriaExecutor.h:649] Worker 7 latency: 15855 us (50%) 16058 us (75%) 16409 us (95%) 16803 us (99%).
I0312 07:49:03.374110 225948 AriaExecutor.h:649] Worker 8 latency: 15844 us (50%) 16056 us (75%) 16396 us (95%) 16936 us (99%).
I0312 07:49:03.374359 225948 AriaExecutor.h:649] Worker 9 latency: 15842 us (50%) 16050 us (75%) 16397 us (95%) 16855 us (99%).
I0312 07:49:03.374610 225948 AriaExecutor.h:649] Worker 10 latency: 15848 us (50%) 16056 us (75%) 16412 us (95%) 16857 us (99%).
I0312 07:49:03.374862 225948 AriaExecutor.h:649] Worker 11 latency: 15851 us (50%) 16058 us (75%) 16407 us (95%) 16933 us (99%).
I0312 07:49:03.375130 225948 AriaExecutor.h:649] Worker 12 latency: 15839 us (50%) 16045 us (75%) 16402 us (95%) 16862 us (99%).
I0312 07:49:03.375406 225948 AriaExecutor.h:649] Worker 13 latency: 15824 us (50%) 16033 us (75%) 16383 us (95%) 16709 us (99%).
I0312 07:49:03.375682 225948 AriaExecutor.h:649] Worker 14 latency: 15833 us (50%) 16049 us (75%) 16396 us (95%) 17162 us (99%).
I0312 07:49:03.375952 225948 AriaExecutor.h:649] Worker 15 latency: 15832 us (50%) 16044 us (75%) 16391 us (95%) 16869 us (99%).
I0312 07:49:03.376200 225948 AriaExecutor.h:649] Worker 16 latency: 15783 us (50%) 16025 us (75%) 16376 us (95%) 17057 us (99%).
I0312 07:49:03.376454 225948 AriaExecutor.h:649] Worker 17 latency: 15833 us (50%) 16047 us (75%) 16383 us (95%) 16857 us (99%).
I0312 07:49:03.376693 225948 AriaExecutor.h:649] Worker 18 latency: 15839 us (50%) 16051 us (75%) 16401 us (95%) 16933 us (99%).
I0312 07:49:03.376924 225948 AriaExecutor.h:649] Worker 19 latency: 15833 us (50%) 16052 us (75%) 16401 us (95%) 16932 us (99%).
I0312 07:49:03.377158 225948 AriaExecutor.h:649] Worker 20 latency: 15827 us (50%) 16042 us (75%) 16397 us (95%) 16947 us (99%).
I0312 07:49:03.377391 225948 AriaExecutor.h:649] Worker 21 latency: 15831 us (50%) 16037 us (75%) 16392 us (95%) 16858 us (99%).
I0312 07:49:03.377624 225948 AriaExecutor.h:649] Worker 22 latency: 15835 us (50%) 16043 us (75%) 16395 us (95%) 16870 us (99%).
I0312 07:49:03.377851 225948 AriaExecutor.h:649] Worker 23 latency: 15816 us (50%) 16035 us (75%) 16380 us (95%) 16846 us (99%).
I0312 07:49:03.378083 225948 AriaExecutor.h:649] Worker 24 latency: 15822 us (50%) 16031 us (75%) 16384 us (95%) 16920 us (99%).
I0312 07:49:03.378309 225948 AriaExecutor.h:649] Worker 25 latency: 15803 us (50%) 16034 us (75%) 16379 us (95%) 16721 us (99%).
I0312 07:49:03.378533 225948 AriaExecutor.h:649] Worker 26 latency: 15830 us (50%) 16043 us (75%) 16394 us (95%) 16784 us (99%).
I0312 07:49:03.378755 225948 AriaExecutor.h:649] Worker 27 latency: 15811 us (50%) 16034 us (75%) 16385 us (95%) 16820 us (99%).
I0312 07:49:03.378978 225948 AriaExecutor.h:649] Worker 28 latency: 15820 us (50%) 16040 us (75%) 16398 us (95%) 16942 us (99%).
I0312 07:49:03.379189 225948 AriaExecutor.h:649] Worker 29 latency: 15805 us (50%) 16021 us (75%) 16352 us (95%) 16844 us (99%).
I0312 07:49:03.379405 225948 AriaExecutor.h:649] Worker 30 latency: 15808 us (50%) 16033 us (75%) 16368 us (95%) 16700 us (99%).
I0312 07:49:03.379647 225948 AriaExecutor.h:649] Worker 31 latency: 15807 us (50%) 16029 us (75%) 16383 us (95%) 16747 us (99%).
I0312 07:49:03.379884 225948 AriaExecutor.h:649] Worker 32 latency: 15800 us (50%) 16024 us (75%) 16390 us (95%) 17089 us (99%).
I0312 07:49:03.380113 225948 AriaExecutor.h:649] Worker 33 latency: 15807 us (50%) 16032 us (75%) 16393 us (95%) 16900 us (99%).
I0312 07:49:03.380353 225948 AriaExecutor.h:649] Worker 34 latency: 15816 us (50%) 16032 us (75%) 16383 us (95%) 16723 us (99%).
I0312 07:49:03.380582 225948 AriaExecutor.h:649] Worker 35 latency: 15787 us (50%) 16020 us (75%) 16372 us (95%) 16872 us (99%).
I0312 07:49:03.380806 225948 AriaExecutor.h:649] Worker 36 latency: 15804 us (50%) 16020 us (75%) 16376 us (95%) 16863 us (99%).
I0312 07:49:03.381031 225948 AriaExecutor.h:649] Worker 37 latency: 15784 us (50%) 16023 us (75%) 16359 us (95%) 16693 us (99%).
I0312 07:49:03.381255 225948 AriaExecutor.h:649] Worker 38 latency: 15791 us (50%) 16024 us (75%) 16383 us (95%) 16881 us (99%).
I0312 07:49:03.381477 225948 AriaExecutor.h:649] Worker 39 latency: 15773 us (50%) 16003 us (75%) 16365 us (95%) 16795 us (99%).
I0312 07:49:03.381698 225948 AriaExecutor.h:649] Worker 40 latency: 15786 us (50%) 16016 us (75%) 16364 us (95%) 16690 us (99%).
I0312 07:49:03.381922 225948 AriaExecutor.h:649] Worker 41 latency: 15786 us (50%) 16018 us (75%) 16367 us (95%) 16746 us (99%).
I0312 07:49:03.382141 225948 AriaExecutor.h:649] Worker 42 latency: 15771 us (50%) 16008 us (75%) 16346 us (95%) 16742 us (99%).
I0312 07:49:03.382360 225948 AriaExecutor.h:649] Worker 43 latency: 15783 us (50%) 16012 us (75%) 16341 us (95%) 16758 us (99%).
I0312 07:49:03.382577 225948 AriaExecutor.h:649] Worker 44 latency: 15783 us (50%) 16023 us (75%) 16397 us (95%) 16929 us (99%).
I0312 07:49:03.382783 225948 AriaExecutor.h:649] Worker 45 latency: 15793 us (50%) 16017 us (75%) 16366 us (95%) 16793 us (99%).
I0312 07:49:03.382993 225948 AriaExecutor.h:649] Worker 46 latency: 15757 us (50%) 15998 us (75%) 16331 us (95%) 16719 us (99%).
I0312 07:49:03.383184 225948 AriaExecutor.h:649] Worker 47 latency: 15769 us (50%) 16007 us (75%) 16378 us (95%) 16900 us (99%).
I0312 07:49:03.383385 225948 Coordinator.h:177] total commit: 7246.2
I0312 07:49:04.383615 225948 Coordinator.h:192] Coordinator exits.
