I0312 04:24:39.764991 183831 Database.h:65] ycsb initialization finished in 974 milliseconds.
I0312 04:24:39.765214 183831 Coordinator.h:30] Coordinator initializes 1 workers.
I0312 04:24:39.828115 183831 Coordinator.h:77] Coordinator starts to run 2 workers.
I0312 04:24:39.828255 183836 AriaExecutor.h:91] AriaExecutor 0 started. 
I0312 04:24:39.828325 183837 Manager.h:224] Manager(worker id = 1) on the coordinator node started.
I0312 04:24:40.828375 183831 Coordinator.h:126] commit: 1621 abort: 6571 (0/6571/0), network size: 0, avg network size: 0, si_in_serializable: 0 0 %, local: 0 %
I0312 04:24:41.828605 183831 Coordinator.h:126] commit: 2061 abort: 8179 (0/8179/0), network size: 0, avg network size: 0, si_in_serializable: 0 0 %, local: 0 %
I0312 04:24:42.828744 183831 Coordinator.h:126] commit: 1642 abort: 6550 (0/6550/0), network size: 0, avg network size: 0, si_in_serializable: 0 0 %, local: 0 %
I0312 04:24:43.828857 183831 Coordinator.h:126] commit: 2104 abort: 8136 (0/8136/0), network size: 0, avg network size: 0, si_in_serializable: 0 0 %, local: 0 %
I0312 04:24:44.829026 183831 Coordinator.h:126] commit: 2076 abort: 8164 (0/8164/0), network size: 0, avg network size: 0, si_in_serializable: 0 0 %, local: 0 %
I0312 04:24:45.829162 183831 Coordinator.h:126] commit: 1660 abort: 6532 (0/6532/0), network size: 0, avg network size: 0, si_in_serializable: 0 0 %, local: 0 %
I0312 04:24:46.829332 183831 Coordinator.h:126] commit: 2056 abort: 8184 (0/8184/0), network size: 0, avg network size: 0, si_in_serializable: 0 0 %, local: 0 %
I0312 04:24:47.829469 183831 Coordinator.h:126] commit: 2100 abort: 8140 (0/8140/0), network size: 0, avg network size: 0, si_in_serializable: 0 0 %, local: 0 %
I0312 04:24:48.829638 183831 Coordinator.h:126] commit: 1688 abort: 6504 (0/6504/0), network size: 0, avg network size: 0, si_in_serializable: 0 0 %, local: 0 %
I0312 04:24:49.829773 183831 Coordinator.h:126] commit: 2108 abort: 8132 (0/8132/0), network size: 0, avg network size: 0, si_in_serializable: 0 0 %, local: 0 %
I0312 04:24:50.829888 183831 Coordinator.h:126] commit: 2018 abort: 8222 (0/8222/0), network size: 0, avg network size: 0, si_in_serializable: 0 0 %, local: 0 %
I0312 04:24:51.830051 183831 Coordinator.h:126] commit: 1714 abort: 6478 (0/6478/0), network size: 0, avg network size: 0, si_in_serializable: 0 0 %, local: 0 %
I0312 04:24:52.830191 183831 Coordinator.h:126] commit: 2120 abort: 8120 (0/8120/0), network size: 0, avg network size: 0, si_in_serializable: 0 0 %, local: 0 %
I0312 04:24:53.830305 183831 Coordinator.h:126] commit: 2100 abort: 8140 (0/8140/0), network size: 0, avg network size: 0, si_in_serializable: 0 0 %, local: 0 %
I0312 04:24:54.830416 183831 Coordinator.h:126] commit: 2111 abort: 8129 (0/8129/0), network size: 0, avg network size: 0, si_in_serializable: 0 0 %, local: 0 %
I0312 04:24:55.830581 183831 Coordinator.h:126] commit: 1692 abort: 6500 (0/6500/0), network size: 0, avg network size: 0, si_in_serializable: 0 0 %, local: 0 %
I0312 04:24:56.830715 183831 Coordinator.h:126] commit: 2068 abort: 8172 (0/8172/0), network size: 0, avg network size: 0, si_in_serializable: 0 0 %, local: 0 %
I0312 04:24:57.830828 183831 Coordinator.h:126] commit: 2064 abort: 8176 (0/8176/0), network size: 0, avg network size: 0, si_in_serializable: 0 0 %, local: 0 %
I0312 04:24:58.830943 183831 Coordinator.h:126] commit: 1629 abort: 6563 (0/6563/0), network size: 0, avg network size: 0, si_in_serializable: 0 0 %, local: 0 %
I0312 04:24:59.831058 183831 Coordinator.h:126] commit: 2078 abort: 8162 (0/8162/0), network size: 0, avg network size: 0, si_in_serializable: 0 0 %, local: 0 %
I0312 04:25:00.831219 183831 Coordinator.h:126] commit: 2070 abort: 8170 (0/8170/0), network size: 0, avg network size: 0, si_in_serializable: 0 0 %, local: 0 %
I0312 04:25:01.831350 183831 Coordinator.h:126] commit: 1664 abort: 6528 (0/6528/0), network size: 0, avg network size: 0, si_in_serializable: 0 0 %, local: 0 %
I0312 04:25:02.831462 183831 Coordinator.h:126] commit: 2101 abort: 8139 (0/8139/0), network size: 0, avg network size: 0, si_in_serializable: 0 0 %, local: 0 %
I0312 04:25:03.831576 183831 Coordinator.h:126] commit: 2099 abort: 8141 (0/8141/0), network size: 0, avg network size: 0, si_in_serializable: 0 0 %, local: 0 %
I0312 04:25:04.831686 183831 Coordinator.h:126] commit: 2124 abort: 8116 (0/8116/0), network size: 0, avg network size: 0, si_in_serializable: 0 0 %, local: 0 %
I0312 04:25:04.831722 183831 Coordinator.h:152] average commit: 1959.4 abort: 7666.2 (0/7666.2/0), network size: 0, avg network size: 0, si_in_serializable: 0 0 %, local: 0 %
I0312 04:25:04.831764 183831 AriaExecutor.h:649] Worker 0 latency: 194274 us (50%) 202668 us (75%) 215123 us (95%) 252390 us (99%).
I0312 04:25:05.053788 183837 Manager.h:227] Manager(worker id = 1) on the coordinator node exits.
I0312 04:25:05.053788 183836 AriaExecutor.h:103] AriaExecutor 0 exits. 
I0312 04:25:05.054033 183831 Coordinator.h:177] total commit: 1959.4
I0312 04:25:06.054184 183831 Coordinator.h:192] Coordinator exits.
