I0312 03:18:54.706921 160583 Database.h:65] ycsb initialization finished in 101 milliseconds.
I0312 03:18:54.707134 160583 Coordinator.h:30] Coordinator initializes 32 workers.
I0312 03:18:54.814675 160583 Coordinator.h:77] Coordinator starts to run 33 workers.
I0312 03:18:54.814770 160619 AriaExecutor.h:82] AriaExecutor 0 started. 
I0312 03:18:54.814810 160620 AriaExecutor.h:82] AriaExecutor 1 started. 
I0312 03:18:54.814926 160621 AriaExecutor.h:82] AriaExecutor 2 started. 
I0312 03:18:54.815039 160622 AriaExecutor.h:82] AriaExecutor 3 started. 
I0312 03:18:54.815110 160623 AriaExecutor.h:82] AriaExecutor 4 started. 
I0312 03:18:54.815188 160624 AriaExecutor.h:82] AriaExecutor 5 started. 
I0312 03:18:54.815246 160625 AriaExecutor.h:82] AriaExecutor 6 started. 
I0312 03:18:54.815303 160626 AriaExecutor.h:82] AriaExecutor 7 started. 
I0312 03:18:54.815382 160627 AriaExecutor.h:82] AriaExecutor 8 started. 
I0312 03:18:54.815428 160628 AriaExecutor.h:82] AriaExecutor 9 started. 
I0312 03:18:54.815500 160629 AriaExecutor.h:82] AriaExecutor 10 started. 
I0312 03:18:54.815589 160630 AriaExecutor.h:82] AriaExecutor 11 started. 
I0312 03:18:54.815644 160631 AriaExecutor.h:82] AriaExecutor 12 started. 
I0312 03:18:54.815886 160632 AriaExecutor.h:82] AriaExecutor 13 started. 
I0312 03:18:54.816056 160633 AriaExecutor.h:82] AriaExecutor 14 started. 
I0312 03:18:54.816229 160634 AriaExecutor.h:82] AriaExecutor 15 started. 
I0312 03:18:54.816448 160635 AriaExecutor.h:82] AriaExecutor 16 started. 
I0312 03:18:54.816658 160636 AriaExecutor.h:82] AriaExecutor 17 started. 
I0312 03:18:54.816843 160637 AriaExecutor.h:82] AriaExecutor 18 started. 
I0312 03:18:54.817031 160638 AriaExecutor.h:82] AriaExecutor 19 started. 
I0312 03:18:54.817216 160639 AriaExecutor.h:82] AriaExecutor 20 started. 
I0312 03:18:54.817402 160640 AriaExecutor.h:82] AriaExecutor 21 started. 
I0312 03:18:54.817582 160641 AriaExecutor.h:82] AriaExecutor 22 started. 
I0312 03:18:54.817766 160642 AriaExecutor.h:82] AriaExecutor 23 started. 
I0312 03:18:54.817955 160643 AriaExecutor.h:82] AriaExecutor 24 started. 
I0312 03:18:54.818135 160644 AriaExecutor.h:82] AriaExecutor 25 started. 
I0312 03:18:54.818316 160645 AriaExecutor.h:82] AriaExecutor 26 started. 
I0312 03:18:54.818503 160646 AriaExecutor.h:82] AriaExecutor 27 started. 
I0312 03:18:54.818693 160647 AriaExecutor.h:82] AriaExecutor 28 started. 
I0312 03:18:54.818867 160648 AriaExecutor.h:82] AriaExecutor 29 started. 
I0312 03:18:54.819085 160649 AriaExecutor.h:82] AriaExecutor 30 started. 
I0312 03:18:54.819245 160650 AriaExecutor.h:82] AriaExecutor 31 started. 
I0312 03:18:54.819438 160651 Manager.h:224] Manager(worker id = 32) on the coordinator node started.
I0312 03:18:55.819507 160583 Coordinator.h:126] commit: 724667 abort: 16709 (0/16709/0), network size: 0, avg network size: 0, si_in_serializable: 0 0 %, local: 0 %
I0312 03:18:56.819665 160583 Coordinator.h:126] commit: 724530 abort: 16846 (0/16846/0), network size: 0, avg network size: 0, si_in_serializable: 0 0 %, local: 0 %
I0312 03:18:57.819802 160583 Coordinator.h:126] commit: 728506 abort: 16966 (0/16966/0), network size: 0, avg network size: 0, si_in_serializable: 0 0 %, local: 0 %
I0312 03:18:58.820839 160583 Coordinator.h:126] commit: 732601 abort: 16967 (0/16967/0), network size: 0, avg network size: 0, si_in_serializable: 0 0 %, local: 0 %
I0312 03:18:59.821012 160583 Coordinator.h:126] commit: 728880 abort: 16592 (0/16592/0), network size: 0, avg network size: 0, si_in_serializable: 0 0 %, local: 0 %
I0312 03:19:00.821143 160583 Coordinator.h:126] commit: 728418 abort: 17054 (0/17054/0), network size: 0, avg network size: 0, si_in_serializable: 0 0 %, local: 0 %
I0312 03:19:01.821278 160583 Coordinator.h:126] commit: 728538 abort: 16934 (0/16934/0), network size: 0, avg network size: 0, si_in_serializable: 0 0 %, local: 0 %
I0312 03:19:02.821413 160583 Coordinator.h:126] commit: 728476 abort: 16996 (0/16996/0), network size: 0, avg network size: 0, si_in_serializable: 0 0 %, local: 0 %
I0312 03:19:03.821552 160583 Coordinator.h:126] commit: 720628 abort: 16652 (0/16652/0), network size: 0, avg network size: 0, si_in_serializable: 0 0 %, local: 0 %
I0312 03:19:04.821686 160583 Coordinator.h:126] commit: 724526 abort: 16850 (0/16850/0), network size: 0, avg network size: 0, si_in_serializable: 0 0 %, local: 0 %
I0312 03:19:05.821866 160583 Coordinator.h:126] commit: 724364 abort: 17012 (0/17012/0), network size: 0, avg network size: 0, si_in_serializable: 0 0 %, local: 0 %
I0312 03:19:06.822016 160583 Coordinator.h:126] commit: 720705 abort: 16575 (0/16575/0), network size: 0, avg network size: 0, si_in_serializable: 0 0 %, local: 0 %
I0312 03:19:07.822155 160583 Coordinator.h:126] commit: 724612 abort: 16764 (0/16764/0), network size: 0, avg network size: 0, si_in_serializable: 0 0 %, local: 0 %
I0312 03:19:08.822293 160583 Coordinator.h:126] commit: 724583 abort: 16793 (0/16793/0), network size: 0, avg network size: 0, si_in_serializable: 0 0 %, local: 0 %
I0312 03:19:09.822430 160583 Coordinator.h:126] commit: 728528 abort: 16944 (0/16944/0), network size: 0, avg network size: 0, si_in_serializable: 0 0 %, local: 0 %
I0312 03:19:10.822566 160583 Coordinator.h:126] commit: 724759 abort: 16617 (0/16617/0), network size: 0, avg network size: 0, si_in_serializable: 0 0 %, local: 0 %
I0312 03:19:11.822702 160583 Coordinator.h:126] commit: 720602 abort: 16678 (0/16678/0), network size: 0, avg network size: 0, si_in_serializable: 0 0 %, local: 0 %
I0312 03:19:12.822839 160583 Coordinator.h:126] commit: 724589 abort: 16787 (0/16787/0), network size: 0, avg network size: 0, si_in_serializable: 0 0 %, local: 0 %
I0312 03:19:13.823016 160583 Coordinator.h:126] commit: 720689 abort: 16591 (0/16591/0), network size: 0, avg network size: 0, si_in_serializable: 0 0 %, local: 0 %
I0312 03:19:14.823165 160583 Coordinator.h:126] commit: 724698 abort: 16678 (0/16678/0), network size: 0, avg network size: 0, si_in_serializable: 0 0 %, local: 0 %
I0312 03:19:15.823305 160583 Coordinator.h:126] commit: 720491 abort: 16789 (0/16789/0), network size: 0, avg network size: 0, si_in_serializable: 0 0 %, local: 0 %
I0312 03:19:16.823441 160583 Coordinator.h:126] commit: 720640 abort: 16640 (0/16640/0), network size: 0, avg network size: 0, si_in_serializable: 0 0 %, local: 0 %
I0312 03:19:17.823575 160583 Coordinator.h:126] commit: 724490 abort: 16886 (0/16886/0), network size: 0, avg network size: 0, si_in_serializable: 0 0 %, local: 0 %
I0312 03:19:18.823710 160583 Coordinator.h:126] commit: 700473 abort: 16327 (0/16327/0), network size: 0, avg network size: 0, si_in_serializable: 0 0 %, local: 0 %
I0312 03:19:19.823843 160583 Coordinator.h:126] commit: 720452 abort: 16828 (0/16828/0), network size: 0, avg network size: 0, si_in_serializable: 0 0 %, local: 0 %
I0312 03:19:19.823891 160583 Coordinator.h:152] average commit: 723813 abort: 16743.9 (0/16743.9/0), network size: 0, avg network size: 0, si_in_serializable: 0 0 %, local: 0 %
I0312 03:19:19.825438 160631 AriaExecutor.h:94] AriaExecutor 12 exits. 
I0312 03:19:19.825455 160649 AriaExecutor.h:94] AriaExecutor 30 exits. 
I0312 03:19:19.825465 160651 Manager.h:227] Manager(worker id = 32) on the coordinator node exits.
I0312 03:19:19.825443 160629 AriaExecutor.h:94] AriaExecutor 10 exits. 
I0312 03:19:19.825448 160628 AriaExecutor.h:94] AriaExecutor 9 exits. 
I0312 03:19:19.825449 160626 AriaExecutor.h:94] AriaExecutor 7 exits. 
I0312 03:19:19.825449 160646 AriaExecutor.h:94] AriaExecutor 27 exits. 
I0312 03:19:19.825452 160639 AriaExecutor.h:94] AriaExecutor 20 exits. 
I0312 03:19:19.825450 160634 AriaExecutor.h:94] AriaExecutor 15 exits. 
I0312 03:19:19.825451 160633 AriaExecutor.h:94] AriaExecutor 14 exits. 
I0312 03:19:19.825452 160638 AriaExecutor.h:94] AriaExecutor 19 exits. 
I0312 03:19:19.825452 160619 AriaExecutor.h:94] AriaExecutor 0 exits. 
I0312 03:19:19.825479 160650 AriaExecutor.h:94] AriaExecutor 31 exits. 
I0312 03:19:19.825448 160620 AriaExecutor.h:94] AriaExecutor 1 exits. 
I0312 03:19:19.825443 160641 AriaExecutor.h:94] AriaExecutor 22 exits. 
I0312 03:19:19.825448 160644 AriaExecutor.h:94] AriaExecutor 25 exits. 
I0312 03:19:19.825446 160622 AriaExecutor.h:94] AriaExecutor 3 exits. 
I0312 03:19:19.825444 160648 AriaExecutor.h:94] AriaExecutor 29 exits. 
I0312 03:19:19.825444 160625 AriaExecutor.h:94] AriaExecutor 6 exits. 
I0312 03:19:19.825443 160627 AriaExecutor.h:94] AriaExecutor 8 exits. 
I0312 03:19:19.825444 160645 AriaExecutor.h:94] AriaExecutor 26 exits. 
I0312 03:19:19.825444 160637 AriaExecutor.h:94] AriaExecutor 18 exits. 
I0312 03:19:19.825461 160632 AriaExecutor.h:94] AriaExecutor 13 exits. 
I0312 03:19:19.825452 160642 AriaExecutor.h:94] AriaExecutor 23 exits. 
I0312 03:19:19.825448 160630 AriaExecutor.h:94] AriaExecutor 11 exits. 
I0312 03:19:19.825444 160640 AriaExecutor.h:94] AriaExecutor 21 exits. 
I0312 03:19:19.825450 160636 AriaExecutor.h:94] AriaExecutor 17 exits. 
I0312 03:19:19.825445 160623 AriaExecutor.h:94] AriaExecutor 4 exits. 
I0312 03:19:19.825441 160643 AriaExecutor.h:94] AriaExecutor 24 exits. 
I0312 03:19:19.825479 160647 AriaExecutor.h:94] AriaExecutor 28 exits. 
I0312 03:19:19.825449 160621 AriaExecutor.h:94] AriaExecutor 2 exits. 
I0312 03:19:19.825450 160624 AriaExecutor.h:94] AriaExecutor 5 exits. 
I0312 03:19:19.825451 160635 AriaExecutor.h:94] AriaExecutor 16 exits. 
I0312 03:19:19.823907 160583 AriaExecutor.h:535] Worker 0 latency: 3325 us (50%) 4353 us (75%) 5168 us (95%) 5355 us (99%).
I0312 03:19:19.851361 160583 AriaExecutor.h:535] Worker 1 latency: 4128 us (50%) 4731 us (75%) 5210 us (95%) 5344 us (99%).
I0312 03:19:19.876288 160583 AriaExecutor.h:535] Worker 2 latency: 4127 us (50%) 4731 us (75%) 5211 us (95%) 5345 us (99%).
I0312 03:19:19.901487 160583 AriaExecutor.h:535] Worker 3 latency: 4126 us (50%) 4731 us (75%) 5211 us (95%) 5345 us (99%).
I0312 03:19:19.927055 160583 AriaExecutor.h:535] Worker 4 latency: 4124 us (50%) 4729 us (75%) 5210 us (95%) 5344 us (99%).
I0312 03:19:19.952764 160583 AriaExecutor.h:535] Worker 5 latency: 4121 us (50%) 4729 us (75%) 5211 us (95%) 5346 us (99%).
I0312 03:19:19.978196 160583 AriaExecutor.h:535] Worker 6 latency: 4125 us (50%) 4730 us (75%) 5211 us (95%) 5345 us (99%).
I0312 03:19:20.003698 160583 AriaExecutor.h:535] Worker 7 latency: 4127 us (50%) 4731 us (75%) 5211 us (95%) 5345 us (99%).
I0312 03:19:20.029237 160583 AriaExecutor.h:535] Worker 8 latency: 4123 us (50%) 4729 us (75%) 5209 us (95%) 5343 us (99%).
I0312 03:19:20.054236 160583 AriaExecutor.h:535] Worker 9 latency: 4122 us (50%) 4729 us (75%) 5210 us (95%) 5343 us (99%).
I0312 03:19:20.079468 160583 AriaExecutor.h:535] Worker 10 latency: 4122 us (50%) 4728 us (75%) 5210 us (95%) 5345 us (99%).
I0312 03:19:20.105355 160583 AriaExecutor.h:535] Worker 11 latency: 4119 us (50%) 4727 us (75%) 5209 us (95%) 5343 us (99%).
I0312 03:19:20.130612 160583 AriaExecutor.h:535] Worker 12 latency: 4118 us (50%) 4727 us (75%) 5210 us (95%) 5345 us (99%).
I0312 03:19:20.156256 160583 AriaExecutor.h:535] Worker 13 latency: 4118 us (50%) 4726 us (75%) 5209 us (95%) 5343 us (99%).
I0312 03:19:20.181761 160583 AriaExecutor.h:535] Worker 14 latency: 4111 us (50%) 4723 us (75%) 5209 us (95%) 5344 us (99%).
I0312 03:19:20.206758 160583 AriaExecutor.h:535] Worker 15 latency: 4113 us (50%) 4724 us (75%) 5209 us (95%) 5344 us (99%).
I0312 03:19:20.232105 160583 AriaExecutor.h:535] Worker 16 latency: 4119 us (50%) 4727 us (75%) 5210 us (95%) 5345 us (99%).
I0312 03:19:20.257294 160583 AriaExecutor.h:535] Worker 17 latency: 4122 us (50%) 4729 us (75%) 5210 us (95%) 5344 us (99%).
I0312 03:19:20.282667 160583 AriaExecutor.h:535] Worker 18 latency: 4121 us (50%) 4728 us (75%) 5210 us (95%) 5344 us (99%).
I0312 03:19:20.307627 160583 AriaExecutor.h:535] Worker 19 latency: 4120 us (50%) 4728 us (75%) 5210 us (95%) 5345 us (99%).
I0312 03:19:20.332487 160583 AriaExecutor.h:535] Worker 20 latency: 4119 us (50%) 4727 us (75%) 5210 us (95%) 5344 us (99%).
I0312 03:19:20.358024 160583 AriaExecutor.h:535] Worker 21 latency: 4118 us (50%) 4727 us (75%) 5210 us (95%) 5345 us (99%).
I0312 03:19:20.383296 160583 AriaExecutor.h:535] Worker 22 latency: 4121 us (50%) 4728 us (75%) 5210 us (95%) 5344 us (99%).
I0312 03:19:20.409060 160583 AriaExecutor.h:535] Worker 23 latency: 4121 us (50%) 4728 us (75%) 5210 us (95%) 5345 us (99%).
I0312 03:19:20.434139 160583 AriaExecutor.h:535] Worker 24 latency: 4119 us (50%) 4727 us (75%) 5210 us (95%) 5344 us (99%).
I0312 03:19:20.459251 160583 AriaExecutor.h:535] Worker 25 latency: 4116 us (50%) 4725 us (75%) 5210 us (95%) 5344 us (99%).
I0312 03:19:20.485212 160583 AriaExecutor.h:535] Worker 26 latency: 4119 us (50%) 4727 us (75%) 5210 us (95%) 5344 us (99%).
I0312 03:19:20.510558 160583 AriaExecutor.h:535] Worker 27 latency: 4116 us (50%) 4725 us (75%) 5210 us (95%) 5345 us (99%).
I0312 03:19:20.535705 160583 AriaExecutor.h:535] Worker 28 latency: 4113 us (50%) 4724 us (75%) 5209 us (95%) 5344 us (99%).
I0312 03:19:20.560851 160583 AriaExecutor.h:535] Worker 29 latency: 4041 us (50%) 4686 us (75%) 5200 us (95%) 5339 us (99%).
I0312 03:19:20.586511 160583 AriaExecutor.h:535] Worker 30 latency: 4112 us (50%) 4724 us (75%) 5209 us (95%) 5344 us (99%).
I0312 03:19:20.611835 160583 AriaExecutor.h:535] Worker 31 latency: 4118 us (50%) 4726 us (75%) 5210 us (95%) 5344 us (99%).
I0312 03:19:20.637303 160583 Coordinator.h:177] total commit: 723813
I0312 03:19:21.637527 160583 Coordinator.h:192] Coordinator exits.
