I0312 02:35:47.592733 154311 Database.h:65] ycsb initialization finished in 176 milliseconds.
I0312 02:35:47.592957 154311 Coordinator.h:30] Coordinator initializes 8 workers.
I0312 02:35:47.656739 154311 Coordinator.h:77] Coordinator starts to run 9 workers.
I0312 02:35:47.656850 154324 AriaExecutor.h:82] AriaExecutor 0 started. 
I0312 02:35:47.656877 154325 AriaExecutor.h:82] AriaExecutor 1 started. 
I0312 02:35:47.656945 154326 AriaExecutor.h:82] AriaExecutor 2 started. 
I0312 02:35:47.657029 154327 AriaExecutor.h:82] AriaExecutor 3 started. 
I0312 02:35:47.657096 154328 AriaExecutor.h:82] AriaExecutor 4 started. 
I0312 02:35:47.657184 154329 AriaExecutor.h:82] AriaExecutor 5 started. 
I0312 02:35:47.657294 154330 AriaExecutor.h:82] AriaExecutor 6 started. 
I0312 02:35:47.657390 154331 AriaExecutor.h:82] AriaExecutor 7 started. 
I0312 02:35:47.657492 154332 Manager.h:224] Manager(worker id = 8) on the coordinator node started.
I0312 02:35:48.657539 154311 Coordinator.h:126] commit: 163573 abort: 184587 (0/184587/0), network size: 0, avg network size: 0, si_in_serializable: 0 0 %, local: 0 %
I0312 02:35:49.657706 154311 Coordinator.h:126] commit: 165318 abort: 186938 (0/186938/0), network size: 0, avg network size: 0, si_in_serializable: 0 0 %, local: 0 %
I0312 02:35:50.657891 154311 Coordinator.h:126] commit: 167378 abort: 188974 (0/188974/0), network size: 0, avg network size: 0, si_in_serializable: 0 0 %, local: 0 %
I0312 02:35:51.658025 154311 Coordinator.h:126] commit: 166794 abort: 187510 (0/187510/0), network size: 0, avg network size: 0, si_in_serializable: 0 0 %, local: 0 %
I0312 02:35:52.658140 154311 Coordinator.h:126] commit: 167627 abort: 188725 (0/188725/0), network size: 0, avg network size: 0, si_in_serializable: 0 0 %, local: 0 %
I0312 02:35:53.658272 154311 Coordinator.h:126] commit: 165892 abort: 186364 (0/186364/0), network size: 0, avg network size: 0, si_in_serializable: 0 0 %, local: 0 %
I0312 02:35:54.658407 154311 Coordinator.h:126] commit: 165667 abort: 186589 (0/186589/0), network size: 0, avg network size: 0, si_in_serializable: 0 0 %, local: 0 %
I0312 02:35:55.658594 154311 Coordinator.h:126] commit: 167408 abort: 188944 (0/188944/0), network size: 0, avg network size: 0, si_in_serializable: 0 0 %, local: 0 %
I0312 02:35:56.658738 154311 Coordinator.h:126] commit: 165703 abort: 186553 (0/186553/0), network size: 0, avg network size: 0, si_in_serializable: 0 0 %, local: 0 %
I0312 02:35:57.658877 154311 Coordinator.h:126] commit: 166981 abort: 187323 (0/187323/0), network size: 0, avg network size: 0, si_in_serializable: 0 0 %, local: 0 %
I0312 02:35:58.659071 154311 Coordinator.h:126] commit: 167769 abort: 188583 (0/188583/0), network size: 0, avg network size: 0, si_in_serializable: 0 0 %, local: 0 %
I0312 02:35:59.659214 154311 Coordinator.h:126] commit: 165737 abort: 186519 (0/186519/0), network size: 0, avg network size: 0, si_in_serializable: 0 0 %, local: 0 %
I0312 02:36:00.659337 154311 Coordinator.h:126] commit: 164688 abort: 185520 (0/185520/0), network size: 0, avg network size: 0, si_in_serializable: 0 0 %, local: 0 %
I0312 02:36:01.659468 154311 Coordinator.h:126] commit: 167572 abort: 188780 (0/188780/0), network size: 0, avg network size: 0, si_in_serializable: 0 0 %, local: 0 %
I0312 02:36:02.659657 154311 Coordinator.h:126] commit: 167111 abort: 187193 (0/187193/0), network size: 0, avg network size: 0, si_in_serializable: 0 0 %, local: 0 %
I0312 02:36:03.659801 154311 Coordinator.h:126] commit: 167628 abort: 188724 (0/188724/0), network size: 0, avg network size: 0, si_in_serializable: 0 0 %, local: 0 %
I0312 02:36:04.659927 154311 Coordinator.h:126] commit: 165860 abort: 186396 (0/186396/0), network size: 0, avg network size: 0, si_in_serializable: 0 0 %, local: 0 %
I0312 02:36:05.660048 154311 Coordinator.h:126] commit: 166424 abort: 187880 (0/187880/0), network size: 0, avg network size: 0, si_in_serializable: 0 0 %, local: 0 %
I0312 02:36:06.660189 154311 Coordinator.h:126] commit: 166905 abort: 189447 (0/189447/0), network size: 0, avg network size: 0, si_in_serializable: 0 0 %, local: 0 %
I0312 02:36:07.660425 154311 Coordinator.h:126] commit: 167513 abort: 188839 (0/188839/0), network size: 0, avg network size: 0, si_in_serializable: 0 0 %, local: 0 %
I0312 02:36:08.660567 154311 Coordinator.h:126] commit: 166502 abort: 187802 (0/187802/0), network size: 0, avg network size: 0, si_in_serializable: 0 0 %, local: 0 %
I0312 02:36:09.660701 154311 Coordinator.h:126] commit: 167242 abort: 189110 (0/189110/0), network size: 0, avg network size: 0, si_in_serializable: 0 0 %, local: 0 %
I0312 02:36:10.660827 154311 Coordinator.h:126] commit: 165747 abort: 186509 (0/186509/0), network size: 0, avg network size: 0, si_in_serializable: 0 0 %, local: 0 %
I0312 02:36:11.660956 154311 Coordinator.h:126] commit: 167576 abort: 188776 (0/188776/0), network size: 0, avg network size: 0, si_in_serializable: 0 0 %, local: 0 %
I0312 02:36:12.661082 154311 Coordinator.h:126] commit: 166163 abort: 188141 (0/188141/0), network size: 0, avg network size: 0, si_in_serializable: 0 0 %, local: 0 %
I0312 02:36:12.661134 154311 Coordinator.h:152] average commit: 166721 abort: 187788 (0/187788/0), network size: 0, avg network size: 0, si_in_serializable: 0 0 %, local: 0 %
I0312 02:36:12.662822 154329 AriaExecutor.h:94] AriaExecutor 5 exits. 
I0312 02:36:12.662823 154325 AriaExecutor.h:94] AriaExecutor 1 exits. 
I0312 02:36:12.662823 154330 AriaExecutor.h:94] AriaExecutor 6 exits. 
I0312 02:36:12.662823 154332 Manager.h:227] Manager(worker id = 8) on the coordinator node exits.
I0312 02:36:12.662823 154324 AriaExecutor.h:94] AriaExecutor 0 exits. 
I0312 02:36:12.662823 154327 AriaExecutor.h:94] AriaExecutor 3 exits. 
I0312 02:36:12.662824 154326 AriaExecutor.h:94] AriaExecutor 2 exits. 
I0312 02:36:12.662823 154328 AriaExecutor.h:94] AriaExecutor 4 exits. 
I0312 02:36:12.662823 154331 AriaExecutor.h:94] AriaExecutor 7 exits. 
I0312 02:36:12.661199 154311 AriaExecutor.h:535] Worker 0 latency: 3752 us (50%) 4865 us (75%) 5594 us (95%) 5706 us (99%).
I0312 02:36:12.700816 154311 AriaExecutor.h:535] Worker 1 latency: 3764 us (50%) 4872 us (75%) 5594 us (95%) 5706 us (99%).
I0312 02:36:12.727145 154311 AriaExecutor.h:535] Worker 2 latency: 3758 us (50%) 4864 us (75%) 5592 us (95%) 5705 us (99%).
I0312 02:36:12.753974 154311 AriaExecutor.h:535] Worker 3 latency: 3755 us (50%) 4868 us (75%) 5592 us (95%) 5705 us (99%).
I0312 02:36:12.780819 154311 AriaExecutor.h:535] Worker 4 latency: 3749 us (50%) 4863 us (75%) 5590 us (95%) 5704 us (99%).
I0312 02:36:12.807140 154311 AriaExecutor.h:535] Worker 5 latency: 3744 us (50%) 4859 us (75%) 5589 us (95%) 5704 us (99%).
I0312 02:36:12.833636 154311 AriaExecutor.h:535] Worker 6 latency: 3748 us (50%) 4857 us (75%) 5589 us (95%) 5704 us (99%).
I0312 02:36:12.860278 154311 AriaExecutor.h:535] Worker 7 latency: 3751 us (50%) 4858 us (75%) 5588 us (95%) 5703 us (99%).
I0312 02:36:12.886579 154311 Coordinator.h:177] total commit: 166721
I0312 02:36:13.886781 154311 Coordinator.h:192] Coordinator exits.
