I0312 06:42:34.880774 208610 Database.h:65] ycsb initialization finished in 99 milliseconds.
I0312 06:42:34.880923 208610 Coordinator.h:30] Coordinator initializes 16 workers.
I0312 06:42:34.935866 208610 Coordinator.h:77] Coordinator starts to run 17 workers.
I0312 06:42:34.935951 208630 AriaExecutor.h:91] AriaExecutor 0 started. 
I0312 06:42:34.935995 208631 AriaExecutor.h:91] AriaExecutor 1 started. 
I0312 06:42:34.936089 208632 AriaExecutor.h:91] AriaExecutor 2 started. 
I0312 06:42:34.936142 208633 AriaExecutor.h:91] AriaExecutor 3 started. 
I0312 06:42:34.936230 208634 AriaExecutor.h:91] AriaExecutor 4 started. 
I0312 06:42:34.936316 208635 AriaExecutor.h:91] AriaExecutor 5 started. 
I0312 06:42:34.936372 208636 AriaExecutor.h:91] AriaExecutor 6 started. 
I0312 06:42:34.936457 208637 AriaExecutor.h:91] AriaExecutor 7 started. 
I0312 06:42:34.936555 208638 AriaExecutor.h:91] AriaExecutor 8 started. 
I0312 06:42:34.936630 208639 AriaExecutor.h:91] AriaExecutor 9 started. 
I0312 06:42:34.936865 208640 AriaExecutor.h:91] AriaExecutor 10 started. 
I0312 06:42:34.937044 208641 AriaExecutor.h:91] AriaExecutor 11 started. 
I0312 06:42:34.937206 208642 AriaExecutor.h:91] AriaExecutor 12 started. 
I0312 06:42:34.937362 208643 AriaExecutor.h:91] AriaExecutor 13 started. 
I0312 06:42:34.937515 208644 AriaExecutor.h:91] AriaExecutor 14 started. 
I0312 06:42:34.937652 208645 AriaExecutor.h:91] AriaExecutor 15 started. 
I0312 06:42:34.937798 208646 Manager.h:224] Manager(worker id = 16) on the coordinator node started.
I0312 06:42:35.937873 208610 Coordinator.h:126] commit: 578565 abort: 48123 (0/48123/0), network size: 0, avg network size: 0, si_in_serializable: 0 0 %, local: 0 %
I0312 06:42:36.938069 208610 Coordinator.h:126] commit: 578384 abort: 48304 (0/48304/0), network size: 0, avg network size: 0, si_in_serializable: 0 0 %, local: 0 %
I0312 06:42:37.938374 208610 Coordinator.h:126] commit: 593979 abort: 49093 (0/49093/0), network size: 0, avg network size: 0, si_in_serializable: 0 0 %, local: 0 %
I0312 06:42:38.938580 208610 Coordinator.h:126] commit: 591947 abort: 49077 (0/49077/0), network size: 0, avg network size: 0, si_in_serializable: 0 0 %, local: 0 %
I0312 06:42:39.938733 208610 Coordinator.h:126] commit: 593934 abort: 49138 (0/49138/0), network size: 0, avg network size: 0, si_in_serializable: 0 0 %, local: 0 %
I0312 06:42:40.938882 208610 Coordinator.h:126] commit: 580747 abort: 47989 (0/47989/0), network size: 0, avg network size: 0, si_in_serializable: 0 0 %, local: 0 %
I0312 06:42:41.939097 208610 Coordinator.h:126] commit: 590080 abort: 48896 (0/48896/0), network size: 0, avg network size: 0, si_in_serializable: 0 0 %, local: 0 %
I0312 06:42:42.939289 208610 Coordinator.h:126] commit: 578549 abort: 48139 (0/48139/0), network size: 0, avg network size: 0, si_in_serializable: 0 0 %, local: 0 %
I0312 06:42:43.939436 208610 Coordinator.h:126] commit: 587902 abort: 49026 (0/49026/0), network size: 0, avg network size: 0, si_in_serializable: 0 0 %, local: 0 %
I0312 06:42:44.939591 208610 Coordinator.h:126] commit: 591670 abort: 49354 (0/49354/0), network size: 0, avg network size: 0, si_in_serializable: 0 0 %, local: 0 %
I0312 06:42:45.939741 208610 Coordinator.h:126] commit: 589750 abort: 49226 (0/49226/0), network size: 0, avg network size: 0, si_in_serializable: 0 0 %, local: 0 %
I0312 06:42:46.939890 208610 Coordinator.h:126] commit: 589737 abort: 49239 (0/49239/0), network size: 0, avg network size: 0, si_in_serializable: 0 0 %, local: 0 %
I0312 06:42:47.940050 208610 Coordinator.h:126] commit: 582822 abort: 47962 (0/47962/0), network size: 0, avg network size: 0, si_in_serializable: 0 0 %, local: 0 %
I0312 06:42:48.940204 208610 Coordinator.h:126] commit: 593895 abort: 49177 (0/49177/0), network size: 0, avg network size: 0, si_in_serializable: 0 0 %, local: 0 %
I0312 06:42:49.940430 208610 Coordinator.h:126] commit: 563374 abort: 46930 (0/46930/0), network size: 0, avg network size: 0, si_in_serializable: 0 0 %, local: 0 %
I0312 06:42:50.940593 208610 Coordinator.h:126] commit: 588359 abort: 48569 (0/48569/0), network size: 0, avg network size: 0, si_in_serializable: 0 0 %, local: 0 %
I0312 06:42:51.940738 208610 Coordinator.h:126] commit: 592114 abort: 48910 (0/48910/0), network size: 0, avg network size: 0, si_in_serializable: 0 0 %, local: 0 %
I0312 06:42:52.940889 208610 Coordinator.h:126] commit: 589621 abort: 49355 (0/49355/0), network size: 0, avg network size: 0, si_in_serializable: 0 0 %, local: 0 %
I0312 06:42:53.941037 208610 Coordinator.h:126] commit: 594186 abort: 48886 (0/48886/0), network size: 0, avg network size: 0, si_in_serializable: 0 0 %, local: 0 %
I0312 06:42:54.941192 208610 Coordinator.h:126] commit: 584409 abort: 48423 (0/48423/0), network size: 0, avg network size: 0, si_in_serializable: 0 0 %, local: 0 %
I0312 06:42:55.941342 208610 Coordinator.h:126] commit: 591978 abort: 49046 (0/49046/0), network size: 0, avg network size: 0, si_in_serializable: 0 0 %, local: 0 %
I0312 06:42:56.941555 208610 Coordinator.h:126] commit: 586489 abort: 48391 (0/48391/0), network size: 0, avg network size: 0, si_in_serializable: 0 0 %, local: 0 %
I0312 06:42:57.941720 208610 Coordinator.h:126] commit: 593874 abort: 49198 (0/49198/0), network size: 0, avg network size: 0, si_in_serializable: 0 0 %, local: 0 %
I0312 06:42:58.941851 208610 Coordinator.h:126] commit: 595595 abort: 49525 (0/49525/0), network size: 0, avg network size: 0, si_in_serializable: 0 0 %, local: 0 %
I0312 06:42:59.941982 208610 Coordinator.h:126] commit: 594216 abort: 48856 (0/48856/0), network size: 0, avg network size: 0, si_in_serializable: 0 0 %, local: 0 %
I0312 06:42:59.942034 208610 Coordinator.h:152] average commit: 586827 abort: 48667.7 (0/48667.7/0), network size: 0, avg network size: 0, si_in_serializable: 0 0 %, local: 0 %
I0312 06:42:59.944677 208645 AriaExecutor.h:103] AriaExecutor 15 exits. 
I0312 06:42:59.944680 208630 AriaExecutor.h:103] AriaExecutor 0 exits. 
I0312 06:42:59.944681 208637 AriaExecutor.h:103] AriaExecutor 7 exits. 
I0312 06:42:59.944681 208644 AriaExecutor.h:103] AriaExecutor 14 exits. 
I0312 06:42:59.944712 208646 Manager.h:227] Manager(worker id = 16) on the coordinator node exits.
I0312 06:42:59.944686 208636 AriaExecutor.h:103] AriaExecutor 6 exits. 
I0312 06:42:59.944681 208635 AriaExecutor.h:103] AriaExecutor 5 exits. 
I0312 06:42:59.944684 208634 AriaExecutor.h:103] AriaExecutor 4 exits. 
I0312 06:42:59.944681 208631 AriaExecutor.h:103] AriaExecutor 1 exits. 
I0312 06:42:59.944695 208641 AriaExecutor.h:103] AriaExecutor 11 exits. 
I0312 06:42:59.944695 208643 AriaExecutor.h:103] AriaExecutor 13 exits. 
I0312 06:42:59.944682 208633 AriaExecutor.h:103] AriaExecutor 3 exits. 
I0312 06:42:59.944681 208639 AriaExecutor.h:103] AriaExecutor 9 exits. 
I0312 06:42:59.944680 208638 AriaExecutor.h:103] AriaExecutor 8 exits. 
I0312 06:42:59.944680 208632 AriaExecutor.h:103] AriaExecutor 2 exits. 
I0312 06:42:59.944695 208640 AriaExecutor.h:103] AriaExecutor 10 exits. 
I0312 06:42:59.944694 208642 AriaExecutor.h:103] AriaExecutor 12 exits. 
I0312 06:42:59.942083 208610 AriaExecutor.h:649] Worker 0 latency: 1976 us (50%) 2550 us (75%) 2993 us (95%) 3090 us (99%).
I0312 06:43:00.007117 208610 AriaExecutor.h:649] Worker 1 latency: 1980 us (50%) 2552 us (75%) 2993 us (95%) 3090 us (99%).
I0312 06:43:00.057045 208610 AriaExecutor.h:649] Worker 2 latency: 1979 us (50%) 2551 us (75%) 2993 us (95%) 3090 us (99%).
I0312 06:43:00.106760 208610 AriaExecutor.h:649] Worker 3 latency: 1982 us (50%) 2553 us (75%) 2993 us (95%) 3090 us (99%).
I0312 06:43:00.155597 208610 AriaExecutor.h:649] Worker 4 latency: 1978 us (50%) 2551 us (75%) 2993 us (95%) 3090 us (99%).
I0312 06:43:00.205942 208610 AriaExecutor.h:649] Worker 5 latency: 1975 us (50%) 2549 us (75%) 2993 us (95%) 3090 us (99%).
I0312 06:43:00.257550 208610 AriaExecutor.h:649] Worker 6 latency: 1978 us (50%) 2551 us (75%) 2993 us (95%) 3090 us (99%).
I0312 06:43:00.306890 208610 AriaExecutor.h:649] Worker 7 latency: 1979 us (50%) 2551 us (75%) 2993 us (95%) 3090 us (99%).
I0312 06:43:00.357398 208610 AriaExecutor.h:649] Worker 8 latency: 1978 us (50%) 2550 us (75%) 2992 us (95%) 3090 us (99%).
I0312 06:43:00.406488 208610 AriaExecutor.h:649] Worker 9 latency: 1976 us (50%) 2550 us (75%) 2993 us (95%) 3090 us (99%).
I0312 06:43:00.456254 208610 AriaExecutor.h:649] Worker 10 latency: 1978 us (50%) 2550 us (75%) 2992 us (95%) 3090 us (99%).
I0312 06:43:00.508755 208610 AriaExecutor.h:649] Worker 11 latency: 1975 us (50%) 2549 us (75%) 2992 us (95%) 3090 us (99%).
I0312 06:43:00.557976 208610 AriaExecutor.h:649] Worker 12 latency: 1976 us (50%) 2550 us (75%) 2992 us (95%) 3090 us (99%).
I0312 06:43:00.608247 208610 AriaExecutor.h:649] Worker 13 latency: 1975 us (50%) 2549 us (75%) 2992 us (95%) 3090 us (99%).
I0312 06:43:00.657719 208610 AriaExecutor.h:649] Worker 14 latency: 1939 us (50%) 2533 us (75%) 2993 us (95%) 3094 us (99%).
I0312 06:43:00.702425 208610 AriaExecutor.h:649] Worker 15 latency: 1940 us (50%) 2534 us (75%) 2993 us (95%) 3093 us (99%).
I0312 06:43:00.747599 208610 Coordinator.h:177] total commit: 586827
I0312 06:43:01.747820 208610 Coordinator.h:192] Coordinator exits.
