I0312 00:51:33.367727 143287 Database.h:65] ycsb initialization finished in 979 milliseconds.
I0312 00:51:33.367981 143287 Coordinator.h:30] Coordinator initializes 1 workers.
I0312 00:51:33.430387 143287 Coordinator.h:77] Coordinator starts to run 2 workers.
I0312 00:51:33.430526 143292 AriaExecutor.h:82] AriaExecutor 0 started. 
I0312 00:51:33.430660 143293 Manager.h:224] Manager(worker id = 1) on the coordinator node started.
I0312 00:51:34.430644 143287 Coordinator.h:126] commit: 9385 abort: 21335 (0/21335/0), network size: 0, avg network size: 0, si_in_serializable: 0 0 %, local: 0 %
I0312 00:51:35.430866 143287 Coordinator.h:126] commit: 9212 abort: 21508 (0/21508/0), network size: 0, avg network size: 0, si_in_serializable: 0 0 %, local: 0 %
I0312 00:51:36.430997 143287 Coordinator.h:126] commit: 10461 abort: 24355 (0/24355/0), network size: 0, avg network size: 0, si_in_serializable: 0 0 %, local: 0 %
I0312 00:51:37.431114 143287 Coordinator.h:126] commit: 11328 abort: 25536 (0/25536/0), network size: 0, avg network size: 0, si_in_serializable: 0 0 %, local: 0 %
I0312 00:51:38.431293 143287 Coordinator.h:126] commit: 9863 abort: 22905 (0/22905/0), network size: 0, avg network size: 0, si_in_serializable: 0 0 %, local: 0 %
I0312 00:51:39.431421 143287 Coordinator.h:126] commit: 11206 abort: 25658 (0/25658/0), network size: 0, avg network size: 0, si_in_serializable: 0 0 %, local: 0 %
I0312 00:51:40.431525 143287 Coordinator.h:126] commit: 10490 abort: 24326 (0/24326/0), network size: 0, avg network size: 0, si_in_serializable: 0 0 %, local: 0 %
I0312 00:51:41.431630 143287 Coordinator.h:126] commit: 10539 abort: 24277 (0/24277/0), network size: 0, avg network size: 0, si_in_serializable: 0 0 %, local: 0 %
I0312 00:51:42.431738 143287 Coordinator.h:126] commit: 11351 abort: 25513 (0/25513/0), network size: 0, avg network size: 0, si_in_serializable: 0 0 %, local: 0 %
I0312 00:51:43.431915 143287 Coordinator.h:126] commit: 10416 abort: 24400 (0/24400/0), network size: 0, avg network size: 0, si_in_serializable: 0 0 %, local: 0 %
I0312 00:51:44.432066 143287 Coordinator.h:126] commit: 10521 abort: 24295 (0/24295/0), network size: 0, avg network size: 0, si_in_serializable: 0 0 %, local: 0 %
I0312 00:51:45.432169 143287 Coordinator.h:126] commit: 10582 abort: 24234 (0/24234/0), network size: 0, avg network size: 0, si_in_serializable: 0 0 %, local: 0 %
I0312 00:51:46.432333 143287 Coordinator.h:126] commit: 10636 abort: 24180 (0/24180/0), network size: 0, avg network size: 0, si_in_serializable: 0 0 %, local: 0 %
I0312 00:51:47.432463 143287 Coordinator.h:126] commit: 10545 abort: 24271 (0/24271/0), network size: 0, avg network size: 0, si_in_serializable: 0 0 %, local: 0 %
I0312 00:51:48.432574 143287 Coordinator.h:126] commit: 10524 abort: 24292 (0/24292/0), network size: 0, avg network size: 0, si_in_serializable: 0 0 %, local: 0 %
I0312 00:51:49.432736 143287 Coordinator.h:126] commit: 10496 abort: 24320 (0/24320/0), network size: 0, avg network size: 0, si_in_serializable: 0 0 %, local: 0 %
I0312 00:51:50.432859 143287 Coordinator.h:126] commit: 10511 abort: 24305 (0/24305/0), network size: 0, avg network size: 0, si_in_serializable: 0 0 %, local: 0 %
I0312 00:51:51.432963 143287 Coordinator.h:126] commit: 11264 abort: 25600 (0/25600/0), network size: 0, avg network size: 0, si_in_serializable: 0 0 %, local: 0 %
I0312 00:51:52.433121 143287 Coordinator.h:126] commit: 9918 abort: 22850 (0/22850/0), network size: 0, avg network size: 0, si_in_serializable: 0 0 %, local: 0 %
I0312 00:51:53.433254 143287 Coordinator.h:126] commit: 11087 abort: 25777 (0/25777/0), network size: 0, avg network size: 0, si_in_serializable: 0 0 %, local: 0 %
I0312 00:51:54.433359 143287 Coordinator.h:126] commit: 10527 abort: 24289 (0/24289/0), network size: 0, avg network size: 0, si_in_serializable: 0 0 %, local: 0 %
I0312 00:51:55.433466 143287 Coordinator.h:126] commit: 11255 abort: 25609 (0/25609/0), network size: 0, avg network size: 0, si_in_serializable: 0 0 %, local: 0 %
I0312 00:51:56.433583 143287 Coordinator.h:126] commit: 10531 abort: 24285 (0/24285/0), network size: 0, avg network size: 0, si_in_serializable: 0 0 %, local: 0 %
I0312 00:51:57.433754 143287 Coordinator.h:126] commit: 10415 abort: 24401 (0/24401/0), network size: 0, avg network size: 0, si_in_serializable: 0 0 %, local: 0 %
I0312 00:51:58.433885 143287 Coordinator.h:126] commit: 10478 abort: 24338 (0/24338/0), network size: 0, avg network size: 0, si_in_serializable: 0 0 %, local: 0 %
I0312 00:51:58.433924 143287 Coordinator.h:152] average commit: 10608.4 abort: 24412.4 (0/24412.4/0), network size: 0, avg network size: 0, si_in_serializable: 0 0 %, local: 0 %
I0312 00:51:58.433970 143287 AriaExecutor.h:535] Worker 0 latency: 45087 us (50%) 52690 us (75%) 56647 us (95%) 69477 us (99%).
I0312 00:51:58.466145 143292 AriaExecutor.h:94] AriaExecutor 0 exits. 
I0312 00:51:58.466156 143293 Manager.h:227] Manager(worker id = 1) on the coordinator node exits.
I0312 00:51:58.466301 143287 Coordinator.h:177] total commit: 10608.4
I0312 00:51:59.466434 143287 Coordinator.h:192] Coordinator exits.
