I0312 04:14:37.328509 182783 Database.h:65] ycsb initialization finished in 102 milliseconds.
I0312 04:14:37.328748 182783 Coordinator.h:30] Coordinator initializes 62 workers.
I0312 04:14:37.366029 182783 Coordinator.h:77] Coordinator starts to run 63 workers.
I0312 04:14:37.366102 182849 AriaExecutor.h:82] AriaExecutor 0 started. 
I0312 04:14:37.366153 182850 AriaExecutor.h:82] AriaExecutor 1 started. 
I0312 04:14:37.366221 182851 AriaExecutor.h:82] AriaExecutor 2 started. 
I0312 04:14:37.366278 182852 AriaExecutor.h:82] AriaExecutor 3 started. 
I0312 04:14:37.366336 182853 AriaExecutor.h:82] AriaExecutor 4 started. 
I0312 04:14:37.366400 182854 AriaExecutor.h:82] AriaExecutor 5 started. 
I0312 04:14:37.366463 182855 AriaExecutor.h:82] AriaExecutor 6 started. 
I0312 04:14:37.366532 182856 AriaExecutor.h:82] AriaExecutor 7 started. 
I0312 04:14:37.366634 182857 AriaExecutor.h:82] AriaExecutor 8 started. 
I0312 04:14:37.366698 182858 AriaExecutor.h:82] AriaExecutor 9 started. 
I0312 04:14:37.366870 182859 AriaExecutor.h:82] AriaExecutor 10 started. 
I0312 04:14:37.367024 182860 AriaExecutor.h:82] AriaExecutor 11 started. 
I0312 04:14:37.367198 182861 AriaExecutor.h:82] AriaExecutor 12 started. 
I0312 04:14:37.367345 182862 AriaExecutor.h:82] AriaExecutor 13 started. 
I0312 04:14:37.367506 182863 AriaExecutor.h:82] AriaExecutor 14 started. 
I0312 04:14:37.367647 182864 AriaExecutor.h:82] AriaExecutor 15 started. 
I0312 04:14:37.367803 182865 AriaExecutor.h:82] AriaExecutor 16 started. 
I0312 04:14:37.367950 182866 AriaExecutor.h:82] AriaExecutor 17 started. 
I0312 04:14:37.368099 182867 AriaExecutor.h:82] AriaExecutor 18 started. 
I0312 04:14:37.368253 182868 AriaExecutor.h:82] AriaExecutor 19 started. 
I0312 04:14:37.368412 182869 AriaExecutor.h:82] AriaExecutor 20 started. 
I0312 04:14:37.368592 182870 AriaExecutor.h:82] AriaExecutor 21 started. 
I0312 04:14:37.368804 182871 AriaExecutor.h:82] AriaExecutor 22 started. 
I0312 04:14:37.368999 182872 AriaExecutor.h:82] AriaExecutor 23 started. 
I0312 04:14:37.369181 182873 AriaExecutor.h:82] AriaExecutor 24 started. 
I0312 04:14:37.369355 182874 AriaExecutor.h:82] AriaExecutor 25 started. 
I0312 04:14:37.369535 182875 AriaExecutor.h:82] AriaExecutor 26 started. 
I0312 04:14:37.369741 182876 AriaExecutor.h:82] AriaExecutor 27 started. 
I0312 04:14:37.369911 182877 AriaExecutor.h:82] AriaExecutor 28 started. 
I0312 04:14:37.370080 182878 AriaExecutor.h:82] AriaExecutor 29 started. 
I0312 04:14:37.370275 182879 AriaExecutor.h:82] AriaExecutor 30 started. 
I0312 04:14:37.370474 182880 AriaExecutor.h:82] AriaExecutor 31 started. 
I0312 04:14:37.370674 182881 AriaExecutor.h:82] AriaExecutor 32 started. 
I0312 04:14:37.370875 182882 AriaExecutor.h:82] AriaExecutor 33 started. 
I0312 04:14:37.371078 182883 AriaExecutor.h:82] AriaExecutor 34 started. 
I0312 04:14:37.371284 182884 AriaExecutor.h:82] AriaExecutor 35 started. 
I0312 04:14:37.371484 182885 AriaExecutor.h:82] AriaExecutor 36 started. 
I0312 04:14:37.371681 182886 AriaExecutor.h:82] AriaExecutor 37 started. 
I0312 04:14:37.371891 182887 AriaExecutor.h:82] AriaExecutor 38 started. 
I0312 04:14:37.372081 182888 AriaExecutor.h:82] AriaExecutor 39 started. 
I0312 04:14:37.372253 182889 AriaExecutor.h:82] AriaExecutor 40 started. 
I0312 04:14:37.372498 182890 AriaExecutor.h:82] AriaExecutor 41 started. 
I0312 04:14:37.372686 182891 AriaExecutor.h:82] AriaExecutor 42 started. 
I0312 04:14:37.372869 182892 AriaExecutor.h:82] AriaExecutor 43 started. 
I0312 04:14:37.373073 182893 AriaExecutor.h:82] AriaExecutor 44 started. 
I0312 04:14:37.373265 182894 AriaExecutor.h:82] AriaExecutor 45 started. 
I0312 04:14:37.373442 182895 AriaExecutor.h:82] AriaExecutor 46 started. 
I0312 04:14:37.373613 182896 AriaExecutor.h:82] AriaExecutor 47 started. 
I0312 04:14:37.373788 182897 AriaExecutor.h:82] AriaExecutor 48 started. 
I0312 04:14:37.373956 182898 AriaExecutor.h:82] AriaExecutor 49 started. 
I0312 04:14:37.374130 182899 AriaExecutor.h:82] AriaExecutor 50 started. 
I0312 04:14:37.374308 182900 AriaExecutor.h:82] AriaExecutor 51 started. 
I0312 04:14:37.374478 182901 AriaExecutor.h:82] AriaExecutor 52 started. 
I0312 04:14:37.374644 182902 AriaExecutor.h:82] AriaExecutor 53 started. 
I0312 04:14:37.374869 182903 AriaExecutor.h:82] AriaExecutor 54 started. 
I0312 04:14:37.375066 182904 AriaExecutor.h:82] AriaExecutor 55 started. 
I0312 04:14:37.375278 182905 AriaExecutor.h:82] AriaExecutor 56 started. 
I0312 04:14:37.375474 182906 AriaExecutor.h:82] AriaExecutor 57 started. 
I0312 04:14:37.375692 182907 AriaExecutor.h:82] AriaExecutor 58 started. 
I0312 04:14:37.375906 182908 AriaExecutor.h:82] AriaExecutor 59 started. 
I0312 04:14:37.376098 182909 AriaExecutor.h:82] AriaExecutor 60 started. 
F0312 04:14:37.376506 182783 Coordinator.h:355] Check failed: rc == 0 
*** Check failure stack trace: ***
I0312 04:14:37.376526 182911 Manager.h:224] Manager(worker id = 62) on the coordinator node started.
    @     0x7f3d6ab31b03  google::LogMessage::Fail()
    @     0x7f3d6ab399d1  google::LogMessage::SendToLog()
    @     0x7f3d6ab317c2  google::LogMessage::Flush()
    @     0x7f3d6ab3378f  google::LogMessageFatal::~LogMessageFatal()
    @     0x558383981bd3  aria::Coordinator::pin_thread_to_core()
    @     0x55838399106b  aria::Coordinator::start()
    @     0x55838396ffe8  main
    @     0x7f3d6a5c4d90  (unknown)
    @     0x7f3d6a5c4e40  __libc_start_main
    @     0x558383970f05  _start
    @              (nil)  (unknown)
