I0312 08:00:02.892001 236315 Database.h:65] ycsb initialization finished in 100 milliseconds.
I0312 08:00:02.892220 236315 Coordinator.h:30] Coordinator initializes 62 workers.
I0312 08:00:02.953989 236315 Coordinator.h:77] Coordinator starts to run 63 workers.
I0312 08:00:02.954088 236381 AriaExecutor.h:91] AriaExecutor 0 started. 
I0312 08:00:02.954919 236382 AriaExecutor.h:91] AriaExecutor 1 started. 
I0312 08:00:02.955013 236383 AriaExecutor.h:91] AriaExecutor 2 started. 
I0312 08:00:02.955096 236384 AriaExecutor.h:91] AriaExecutor 3 started. 
I0312 08:00:02.955160 236385 AriaExecutor.h:91] AriaExecutor 4 started. 
I0312 08:00:02.955231 236386 AriaExecutor.h:91] AriaExecutor 5 started. 
I0312 08:00:02.955288 236387 AriaExecutor.h:91] AriaExecutor 6 started. 
I0312 08:00:02.955350 236388 AriaExecutor.h:91] AriaExecutor 7 started. 
I0312 08:00:02.955446 236389 AriaExecutor.h:91] AriaExecutor 8 started. 
I0312 08:00:02.955544 236390 AriaExecutor.h:91] AriaExecutor 9 started. 
I0312 08:00:02.955644 236391 AriaExecutor.h:91] AriaExecutor 10 started. 
I0312 08:00:02.955698 236392 AriaExecutor.h:91] AriaExecutor 11 started. 
I0312 08:00:02.955925 236393 AriaExecutor.h:91] AriaExecutor 12 started. 
I0312 08:00:02.964370 236394 AriaExecutor.h:91] AriaExecutor 13 started. 
I0312 08:00:02.964557 236395 AriaExecutor.h:91] AriaExecutor 14 started. 
I0312 08:00:02.964715 236396 AriaExecutor.h:91] AriaExecutor 15 started. 
I0312 08:00:02.964850 236397 AriaExecutor.h:91] AriaExecutor 16 started. 
I0312 08:00:02.965000 236398 AriaExecutor.h:91] AriaExecutor 17 started. 
I0312 08:00:02.965173 236399 AriaExecutor.h:91] AriaExecutor 18 started. 
I0312 08:00:02.965325 236400 AriaExecutor.h:91] AriaExecutor 19 started. 
I0312 08:00:02.965472 236401 AriaExecutor.h:91] AriaExecutor 20 started. 
I0312 08:00:02.965636 236402 AriaExecutor.h:91] AriaExecutor 21 started. 
I0312 08:00:02.965770 236403 AriaExecutor.h:91] AriaExecutor 22 started. 
I0312 08:00:02.965941 236404 AriaExecutor.h:91] AriaExecutor 23 started. 
I0312 08:00:02.966089 236405 AriaExecutor.h:91] AriaExecutor 24 started. 
I0312 08:00:02.966228 236406 AriaExecutor.h:91] AriaExecutor 25 started. 
I0312 08:00:02.966408 236407 AriaExecutor.h:91] AriaExecutor 26 started. 
I0312 08:00:02.966578 236408 AriaExecutor.h:91] AriaExecutor 27 started. 
I0312 08:00:02.966763 236409 AriaExecutor.h:91] AriaExecutor 28 started. 
I0312 08:00:02.966943 236410 AriaExecutor.h:91] AriaExecutor 29 started. 
I0312 08:00:02.967173 236411 AriaExecutor.h:91] AriaExecutor 30 started. 
I0312 08:00:02.967350 236412 AriaExecutor.h:91] AriaExecutor 31 started. 
I0312 08:00:02.967531 236413 AriaExecutor.h:91] AriaExecutor 32 started. 
I0312 08:00:02.967723 236414 AriaExecutor.h:91] AriaExecutor 33 started. 
I0312 08:00:02.967921 236415 AriaExecutor.h:91] AriaExecutor 34 started. 
I0312 08:00:02.968107 236416 AriaExecutor.h:91] AriaExecutor 35 started. 
I0312 08:00:02.968282 236417 AriaExecutor.h:91] AriaExecutor 36 started. 
I0312 08:00:02.968528 236418 AriaExecutor.h:91] AriaExecutor 37 started. 
I0312 08:00:02.968709 236419 AriaExecutor.h:91] AriaExecutor 38 started. 
I0312 08:00:02.968909 236420 AriaExecutor.h:91] AriaExecutor 39 started. 
I0312 08:00:02.969105 236421 AriaExecutor.h:91] AriaExecutor 40 started. 
I0312 08:00:02.969291 236422 AriaExecutor.h:91] AriaExecutor 41 started. 
I0312 08:00:02.969470 236423 AriaExecutor.h:91] AriaExecutor 42 started. 
I0312 08:00:02.969636 236424 AriaExecutor.h:91] AriaExecutor 43 started. 
I0312 08:00:02.969820 236425 AriaExecutor.h:91] AriaExecutor 44 started. 
I0312 08:00:02.970170 236427 AriaExecutor.h:91] AriaExecutor 46 started. 
I0312 08:00:02.970346 236428 AriaExecutor.h:91] AriaExecutor 47 started. 
I0312 08:00:02.970520 236429 AriaExecutor.h:91] AriaExecutor 48 started. 
I0312 08:00:02.970687 236430 AriaExecutor.h:91] AriaExecutor 49 started. 
I0312 08:00:02.970862 236431 AriaExecutor.h:91] AriaExecutor 50 started. 
I0312 08:00:02.971040 236432 AriaExecutor.h:91] AriaExecutor 51 started. 
I0312 08:00:02.971210 236433 AriaExecutor.h:91] AriaExecutor 52 started. 
I0312 08:00:02.971382 236434 AriaExecutor.h:91] AriaExecutor 53 started. 
I0312 08:00:02.971562 236435 AriaExecutor.h:91] AriaExecutor 54 started. 
I0312 08:00:02.971731 236436 AriaExecutor.h:91] AriaExecutor 55 started. 
I0312 08:00:02.971915 236437 AriaExecutor.h:91] AriaExecutor 56 started. 
I0312 08:00:02.972103 236438 AriaExecutor.h:91] AriaExecutor 57 started. 
I0312 08:00:02.972306 236439 AriaExecutor.h:91] AriaExecutor 58 started. 
I0312 08:00:02.972548 236440 AriaExecutor.h:91] AriaExecutor 59 started. 
F0312 08:00:02.972921 236315 Coordinator.h:355] Check failed: rc == 0 
*** Check failure stack trace: ***
    @     0x7f21b6728b03  google::LogMessage::Fail()
    @     0x7f21b67309d1  google::LogMessage::SendToLog()
    @     0x7f21b67287c2  google::LogMessage::Flush()
    @     0x7f21b672a78f  google::LogMessageFatal::~LogMessageFatal()
    @     0x55e4a0dc1c53  aria::Coordinator::pin_thread_to_core()
    @     0x55e4a0dd051b  aria::Coordinator::start()
    @     0x55e4a0daffe8  main
    @     0x7f21b61bbd90  (unknown)
I0312 08:00:02.980254 236426 AriaExecutor.h:91] AriaExecutor 45 started. 
    @     0x7f21b61bbe40  __libc_start_main
    @     0x55e4a0db0f55  _start
    @              (nil)  (unknown)
