I0312 05:55:30.291445 189147 Database.h:65] ycsb initialization finished in 177 milliseconds.
I0312 05:55:30.291687 189147 Coordinator.h:30] Coordinator initializes 8 workers.
I0312 05:55:30.329488 189147 Coordinator.h:77] Coordinator starts to run 9 workers.
I0312 05:55:30.329581 189159 AriaExecutor.h:91] AriaExecutor 0 started. 
I0312 05:55:30.329623 189160 AriaExecutor.h:91] AriaExecutor 1 started. 
I0312 05:55:30.329711 189161 AriaExecutor.h:91] AriaExecutor 2 started. 
I0312 05:55:30.329798 189162 AriaExecutor.h:91] AriaExecutor 3 started. 
I0312 05:55:30.329886 189163 AriaExecutor.h:91] AriaExecutor 4 started. 
I0312 05:55:30.329969 189164 AriaExecutor.h:91] AriaExecutor 5 started. 
I0312 05:55:30.330060 189165 AriaExecutor.h:91] AriaExecutor 6 started. 
I0312 05:55:30.330112 189166 AriaExecutor.h:91] AriaExecutor 7 started. 
I0312 05:55:30.330204 189167 Manager.h:224] Manager(worker id = 8) on the coordinator node started.
I0312 05:55:31.330255 189147 Coordinator.h:126] commit: 30126 abort: 47698 (0/47698/0), network size: 0, avg network size: 0, si_in_serializable: 0 0 %, local: 0 %
I0312 05:55:32.330433 189147 Coordinator.h:126] commit: 31536 abort: 49360 (0/49360/0), network size: 0, avg network size: 0, si_in_serializable: 0 0 %, local: 0 %
I0312 05:55:33.330617 189147 Coordinator.h:126] commit: 31414 abort: 49482 (0/49482/0), network size: 0, avg network size: 0, si_in_serializable: 0 0 %, local: 0 %
I0312 05:55:34.330760 189147 Coordinator.h:126] commit: 31321 abort: 49575 (0/49575/0), network size: 0, avg network size: 0, si_in_serializable: 0 0 %, local: 0 %
I0312 05:55:35.330881 189147 Coordinator.h:126] commit: 31426 abort: 49470 (0/49470/0), network size: 0, avg network size: 0, si_in_serializable: 0 0 %, local: 0 %
I0312 05:55:36.331003 189147 Coordinator.h:126] commit: 31118 abort: 48754 (0/48754/0), network size: 0, avg network size: 0, si_in_serializable: 0 0 %, local: 0 %
I0312 05:55:37.331125 189147 Coordinator.h:126] commit: 31335 abort: 49561 (0/49561/0), network size: 0, avg network size: 0, si_in_serializable: 0 0 %, local: 0 %
I0312 05:55:38.331308 189147 Coordinator.h:126] commit: 31489 abort: 49407 (0/49407/0), network size: 0, avg network size: 0, si_in_serializable: 0 0 %, local: 0 %
I0312 05:55:39.331458 189147 Coordinator.h:126] commit: 30857 abort: 49015 (0/49015/0), network size: 0, avg network size: 0, si_in_serializable: 0 0 %, local: 0 %
I0312 05:55:40.331580 189147 Coordinator.h:126] commit: 31557 abort: 49339 (0/49339/0), network size: 0, avg network size: 0, si_in_serializable: 0 0 %, local: 0 %
I0312 05:55:41.331760 189147 Coordinator.h:126] commit: 31508 abort: 49388 (0/49388/0), network size: 0, avg network size: 0, si_in_serializable: 0 0 %, local: 0 %
I0312 05:55:42.331910 189147 Coordinator.h:126] commit: 31026 abort: 48846 (0/48846/0), network size: 0, avg network size: 0, si_in_serializable: 0 0 %, local: 0 %
I0312 05:55:43.332034 189147 Coordinator.h:126] commit: 31436 abort: 49460 (0/49460/0), network size: 0, avg network size: 0, si_in_serializable: 0 0 %, local: 0 %
I0312 05:55:44.332212 189147 Coordinator.h:126] commit: 31190 abort: 49706 (0/49706/0), network size: 0, avg network size: 0, si_in_serializable: 0 0 %, local: 0 %
I0312 05:55:45.332404 189147 Coordinator.h:126] commit: 31240 abort: 49656 (0/49656/0), network size: 0, avg network size: 0, si_in_serializable: 0 0 %, local: 0 %
I0312 05:55:46.332530 189147 Coordinator.h:126] commit: 31543 abort: 49353 (0/49353/0), network size: 0, avg network size: 0, si_in_serializable: 0 0 %, local: 0 %
I0312 05:55:47.332654 189147 Coordinator.h:126] commit: 31035 abort: 48837 (0/48837/0), network size: 0, avg network size: 0, si_in_serializable: 0 0 %, local: 0 %
I0312 05:55:48.332774 189147 Coordinator.h:126] commit: 31362 abort: 49534 (0/49534/0), network size: 0, avg network size: 0, si_in_serializable: 0 0 %, local: 0 %
I0312 05:55:49.332947 189147 Coordinator.h:126] commit: 31364 abort: 49532 (0/49532/0), network size: 0, avg network size: 0, si_in_serializable: 0 0 %, local: 0 %
I0312 05:55:50.333089 189147 Coordinator.h:126] commit: 31527 abort: 49369 (0/49369/0), network size: 0, avg network size: 0, si_in_serializable: 0 0 %, local: 0 %
I0312 05:55:51.333211 189147 Coordinator.h:126] commit: 31530 abort: 49366 (0/49366/0), network size: 0, avg network size: 0, si_in_serializable: 0 0 %, local: 0 %
I0312 05:55:52.333329 189147 Coordinator.h:126] commit: 31058 abort: 48814 (0/48814/0), network size: 0, avg network size: 0, si_in_serializable: 0 0 %, local: 0 %
I0312 05:55:53.333446 189147 Coordinator.h:126] commit: 31342 abort: 49554 (0/49554/0), network size: 0, avg network size: 0, si_in_serializable: 0 0 %, local: 0 %
I0312 05:55:54.333623 189147 Coordinator.h:126] commit: 31405 abort: 49491 (0/49491/0), network size: 0, avg network size: 0, si_in_serializable: 0 0 %, local: 0 %
I0312 05:55:55.333776 189147 Coordinator.h:126] commit: 31465 abort: 49431 (0/49431/0), network size: 0, avg network size: 0, si_in_serializable: 0 0 %, local: 0 %
I0312 05:55:55.333825 189147 Coordinator.h:152] average commit: 31323.1 abort: 49368.1 (0/49368.1/0), network size: 0, avg network size: 0, si_in_serializable: 0 0 %, local: 0 %
I0312 05:55:55.336840 189162 AriaExecutor.h:103] AriaExecutor 3 exits. 
I0312 05:55:55.336840 189163 AriaExecutor.h:103] AriaExecutor 4 exits. 
I0312 05:55:55.336840 189166 AriaExecutor.h:103] AriaExecutor 7 exits. 
I0312 05:55:55.336840 189159 AriaExecutor.h:103] AriaExecutor 0 exits. 
I0312 05:55:55.336840 189164 AriaExecutor.h:103] AriaExecutor 5 exits. 
I0312 05:55:55.336843 189161 AriaExecutor.h:103] AriaExecutor 2 exits. 
I0312 05:55:55.336841 189160 AriaExecutor.h:103] AriaExecutor 1 exits. 
I0312 05:55:55.336843 189165 AriaExecutor.h:103] AriaExecutor 6 exits. 
I0312 05:55:55.336840 189167 Manager.h:227] Manager(worker id = 8) on the coordinator node exits.
I0312 05:55:55.333871 189147 AriaExecutor.h:649] Worker 0 latency: 10948 us (50%) 11760 us (75%) 12261 us (95%) 12419 us (99%).
I0312 05:55:55.349026 189147 AriaExecutor.h:649] Worker 1 latency: 10972 us (50%) 11770 us (75%) 12262 us (95%) 12419 us (99%).
I0312 05:55:55.358508 189147 AriaExecutor.h:649] Worker 2 latency: 10962 us (50%) 11764 us (75%) 12260 us (95%) 12413 us (99%).
I0312 05:55:55.365185 189147 AriaExecutor.h:649] Worker 3 latency: 10974 us (50%) 11768 us (75%) 12261 us (95%) 12415 us (99%).
I0312 05:55:55.371215 189147 AriaExecutor.h:649] Worker 4 latency: 10955 us (50%) 11761 us (75%) 12261 us (95%) 12416 us (99%).
I0312 05:55:55.376835 189147 AriaExecutor.h:649] Worker 5 latency: 10954 us (50%) 11762 us (75%) 12260 us (95%) 12412 us (99%).
I0312 05:55:55.382418 189147 AriaExecutor.h:649] Worker 6 latency: 10962 us (50%) 11760 us (75%) 12258 us (95%) 12413 us (99%).
I0312 05:55:55.388034 189147 AriaExecutor.h:649] Worker 7 latency: 10952 us (50%) 11764 us (75%) 12258 us (95%) 12412 us (99%).
I0312 05:55:55.393684 189147 Coordinator.h:177] total commit: 31323.1
I0312 05:55:56.393870 189147 Coordinator.h:192] Coordinator exits.
