I0312 00:30:07.468883 111152 Database.h:65] ycsb initialization finished in 976 milliseconds.
I0312 00:30:07.469099 111152 Coordinator.h:30] Coordinator initializes 1 workers.
I0312 00:30:07.578826 111152 Coordinator.h:77] Coordinator starts to run 2 workers.
I0312 00:30:07.578996 111213 AriaExecutor.h:82] AriaExecutor 0 started. 
I0312 00:30:07.579140 111214 Manager.h:224] Manager(worker id = 1) on the coordinator node started.
I0312 00:30:08.579124 111152 Coordinator.h:126] commit: 29164 abort: 3604 (0/3604/0), network size: 0, avg network size: 0, si_in_serializable: 0 0 %, local: 0 %
I0312 00:30:09.579341 111152 Coordinator.h:126] commit: 29186 abort: 3582 (0/3582/0), network size: 0, avg network size: 0, si_in_serializable: 0 0 %, local: 0 %
I0312 00:30:10.579481 111152 Coordinator.h:126] commit: 36402 abort: 4558 (0/4558/0), network size: 0, avg network size: 0, si_in_serializable: 0 0 %, local: 0 %
I0312 00:30:11.579595 111152 Coordinator.h:126] commit: 36564 abort: 4396 (0/4396/0), network size: 0, avg network size: 0, si_in_serializable: 0 0 %, local: 0 %
I0312 00:30:12.579772 111152 Coordinator.h:126] commit: 36445 abort: 4515 (0/4515/0), network size: 0, avg network size: 0, si_in_serializable: 0 0 %, local: 0 %
I0312 00:30:13.579909 111152 Coordinator.h:126] commit: 36452 abort: 4508 (0/4508/0), network size: 0, avg network size: 0, si_in_serializable: 0 0 %, local: 0 %
I0312 00:30:14.580071 111152 Coordinator.h:126] commit: 36510 abort: 4450 (0/4450/0), network size: 0, avg network size: 0, si_in_serializable: 0 0 %, local: 0 %
I0312 00:30:15.580225 111152 Coordinator.h:126] commit: 36506 abort: 4454 (0/4454/0), network size: 0, avg network size: 0, si_in_serializable: 0 0 %, local: 0 %
I0312 00:30:16.580404 111152 Coordinator.h:126] commit: 36456 abort: 4504 (0/4504/0), network size: 0, avg network size: 0, si_in_serializable: 0 0 %, local: 0 %
I0312 00:30:17.580533 111152 Coordinator.h:126] commit: 36421 abort: 4539 (0/4539/0), network size: 0, avg network size: 0, si_in_serializable: 0 0 %, local: 0 %
I0312 00:30:18.580648 111152 Coordinator.h:126] commit: 36481 abort: 4479 (0/4479/0), network size: 0, avg network size: 0, si_in_serializable: 0 0 %, local: 0 %
I0312 00:30:19.580813 111152 Coordinator.h:126] commit: 36529 abort: 4431 (0/4431/0), network size: 0, avg network size: 0, si_in_serializable: 0 0 %, local: 0 %
I0312 00:30:20.580950 111152 Coordinator.h:126] commit: 36597 abort: 4363 (0/4363/0), network size: 0, avg network size: 0, si_in_serializable: 0 0 %, local: 0 %
I0312 00:30:21.581075 111152 Coordinator.h:126] commit: 36438 abort: 4522 (0/4522/0), network size: 0, avg network size: 0, si_in_serializable: 0 0 %, local: 0 %
I0312 00:30:22.581207 111152 Coordinator.h:126] commit: 36525 abort: 4435 (0/4435/0), network size: 0, avg network size: 0, si_in_serializable: 0 0 %, local: 0 %
I0312 00:30:23.581326 111152 Coordinator.h:126] commit: 36533 abort: 4427 (0/4427/0), network size: 0, avg network size: 0, si_in_serializable: 0 0 %, local: 0 %
I0312 00:30:24.581445 111152 Coordinator.h:126] commit: 36521 abort: 4439 (0/4439/0), network size: 0, avg network size: 0, si_in_serializable: 0 0 %, local: 0 %
I0312 00:30:25.581562 111152 Coordinator.h:126] commit: 36520 abort: 4440 (0/4440/0), network size: 0, avg network size: 0, si_in_serializable: 0 0 %, local: 0 %
I0312 00:30:26.581678 111152 Coordinator.h:126] commit: 36466 abort: 4494 (0/4494/0), network size: 0, avg network size: 0, si_in_serializable: 0 0 %, local: 0 %
I0312 00:30:27.581846 111152 Coordinator.h:126] commit: 36513 abort: 4447 (0/4447/0), network size: 0, avg network size: 0, si_in_serializable: 0 0 %, local: 0 %
I0312 00:30:28.581985 111152 Coordinator.h:126] commit: 37918 abort: 4547 (0/4547/0), network size: 0, avg network size: 0, si_in_serializable: 0 0 %, local: 0 %
I0312 00:30:29.582106 111152 Coordinator.h:126] commit: 38721 abort: 4830 (0/4830/0), network size: 0, avg network size: 0, si_in_serializable: 0 0 %, local: 0 %
I0312 00:30:30.582222 111152 Coordinator.h:126] commit: 36630 abort: 4330 (0/4330/0), network size: 0, avg network size: 0, si_in_serializable: 0 0 %, local: 0 %
I0312 00:30:31.582336 111152 Coordinator.h:126] commit: 36540 abort: 4420 (0/4420/0), network size: 0, avg network size: 0, si_in_serializable: 0 0 %, local: 0 %
I0312 00:30:32.582458 111152 Coordinator.h:126] commit: 36479 abort: 4481 (0/4481/0), network size: 0, avg network size: 0, si_in_serializable: 0 0 %, local: 0 %
I0312 00:30:32.582511 111152 Coordinator.h:152] average commit: 36512.3 abort: 4447.7 (0/4447.7/0), network size: 0, avg network size: 0, si_in_serializable: 0 0 %, local: 0 %
I0312 00:30:32.582558 111152 AriaExecutor.h:535] Worker 0 latency: 74490 us (50%) 83304 us (75%) 90406 us (95%) 120953 us (99%).
I0312 00:30:32.663645 111213 AriaExecutor.h:94] AriaExecutor 0 exits. 
I0312 00:30:32.663654 111214 Manager.h:227] Manager(worker id = 1) on the coordinator node exits.
I0312 00:30:32.663807 111152 Coordinator.h:177] total commit: 36512.3
I0312 00:30:33.663961 111152 Coordinator.h:192] Coordinator exits.
