I0312 03:09:57.913030 158535 Database.h:65] ycsb initialization finished in 99 milliseconds.
I0312 03:09:57.913262 158535 Coordinator.h:30] Coordinator initializes 32 workers.
I0312 03:09:57.951875 158535 Coordinator.h:77] Coordinator starts to run 33 workers.
I0312 03:09:57.951951 158572 AriaExecutor.h:82] AriaExecutor 0 started. 
I0312 03:09:57.951988 158573 AriaExecutor.h:82] AriaExecutor 1 started. 
I0312 03:09:57.952067 158574 AriaExecutor.h:82] AriaExecutor 2 started. 
I0312 03:09:57.952134 158575 AriaExecutor.h:82] AriaExecutor 3 started. 
I0312 03:09:57.952205 158576 AriaExecutor.h:82] AriaExecutor 4 started. 
I0312 03:09:57.952314 158577 AriaExecutor.h:82] AriaExecutor 5 started. 
I0312 03:09:57.952399 158578 AriaExecutor.h:82] AriaExecutor 6 started. 
I0312 03:09:57.952486 158579 AriaExecutor.h:82] AriaExecutor 7 started. 
I0312 03:09:57.952553 158580 AriaExecutor.h:82] AriaExecutor 8 started. 
I0312 03:09:57.952778 158581 AriaExecutor.h:82] AriaExecutor 9 started. 
I0312 03:09:57.952951 158582 AriaExecutor.h:82] AriaExecutor 10 started. 
I0312 03:09:57.953123 158583 AriaExecutor.h:82] AriaExecutor 11 started. 
I0312 03:09:57.953281 158584 AriaExecutor.h:82] AriaExecutor 12 started. 
I0312 03:09:57.953435 158585 AriaExecutor.h:82] AriaExecutor 13 started. 
I0312 03:09:57.953588 158586 AriaExecutor.h:82] AriaExecutor 14 started. 
I0312 03:09:57.953725 158587 AriaExecutor.h:82] AriaExecutor 15 started. 
I0312 03:09:57.953877 158588 AriaExecutor.h:82] AriaExecutor 16 started. 
I0312 03:09:57.954041 158589 AriaExecutor.h:82] AriaExecutor 17 started. 
I0312 03:09:57.954182 158590 AriaExecutor.h:82] AriaExecutor 18 started. 
I0312 03:09:57.954380 158591 AriaExecutor.h:82] AriaExecutor 19 started. 
I0312 03:09:57.954537 158592 AriaExecutor.h:82] AriaExecutor 20 started. 
I0312 03:09:57.954700 158593 AriaExecutor.h:82] AriaExecutor 21 started. 
I0312 03:09:57.954854 158594 AriaExecutor.h:82] AriaExecutor 22 started. 
I0312 03:09:57.955009 158595 AriaExecutor.h:82] AriaExecutor 23 started. 
I0312 03:09:57.955200 158596 AriaExecutor.h:82] AriaExecutor 24 started. 
I0312 03:09:57.955356 158597 AriaExecutor.h:82] AriaExecutor 25 started. 
I0312 03:09:57.955513 158598 AriaExecutor.h:82] AriaExecutor 26 started. 
I0312 03:09:57.955673 158599 AriaExecutor.h:82] AriaExecutor 27 started. 
I0312 03:09:57.955832 158600 AriaExecutor.h:82] AriaExecutor 28 started. 
I0312 03:09:57.955933 158601 AriaExecutor.h:82] AriaExecutor 29 started. 
I0312 03:09:57.956136 158602 AriaExecutor.h:82] AriaExecutor 30 started. 
I0312 03:09:57.956350 158603 AriaExecutor.h:82] AriaExecutor 31 started. 
I0312 03:09:57.956660 158604 Manager.h:224] Manager(worker id = 32) on the coordinator node started.
I0312 03:09:58.956735 158535 Coordinator.h:126] commit: 771334 abort: 21242 (0/21242/0), network size: 0, avg network size: 0, si_in_serializable: 0 0 %, local: 0 %
I0312 03:09:59.956895 158535 Coordinator.h:126] commit: 770247 abort: 21305 (0/21305/0), network size: 0, avg network size: 0, si_in_serializable: 0 0 %, local: 0 %
I0312 03:10:00.957022 158535 Coordinator.h:126] commit: 776201 abort: 21495 (0/21495/0), network size: 0, avg network size: 0, si_in_serializable: 0 0 %, local: 0 %
I0312 03:10:01.957183 158535 Coordinator.h:126] commit: 778995 abort: 21773 (0/21773/0), network size: 0, avg network size: 0, si_in_serializable: 0 0 %, local: 0 %
I0312 03:10:02.957319 158535 Coordinator.h:126] commit: 780352 abort: 21440 (0/21440/0), network size: 0, avg network size: 0, si_in_serializable: 0 0 %, local: 0 %
I0312 03:10:03.957443 158535 Coordinator.h:126] commit: 770062 abort: 21490 (0/21490/0), network size: 0, avg network size: 0, si_in_serializable: 0 0 %, local: 0 %
I0312 03:10:04.957568 158535 Coordinator.h:126] commit: 776183 abort: 21513 (0/21513/0), network size: 0, avg network size: 0, si_in_serializable: 0 0 %, local: 0 %
I0312 03:10:05.957692 158535 Coordinator.h:126] commit: 782190 abort: 21650 (0/21650/0), network size: 0, avg network size: 0, si_in_serializable: 0 0 %, local: 0 %
I0312 03:10:06.957815 158535 Coordinator.h:126] commit: 773352 abort: 21272 (0/21272/0), network size: 0, avg network size: 0, si_in_serializable: 0 0 %, local: 0 %
I0312 03:10:07.957942 158535 Coordinator.h:126] commit: 778068 abort: 21676 (0/21676/0), network size: 0, avg network size: 0, si_in_serializable: 0 0 %, local: 0 %
I0312 03:10:08.958105 158535 Coordinator.h:126] commit: 745486 abort: 20466 (0/20466/0), network size: 0, avg network size: 0, si_in_serializable: 0 0 %, local: 0 %
I0312 03:10:09.958238 158535 Coordinator.h:126] commit: 775006 abort: 21666 (0/21666/0), network size: 0, avg network size: 0, si_in_serializable: 0 0 %, local: 0 %
I0312 03:10:10.958359 158535 Coordinator.h:126] commit: 778520 abort: 21224 (0/21224/0), network size: 0, avg network size: 0, si_in_serializable: 0 0 %, local: 0 %
I0312 03:10:11.958480 158535 Coordinator.h:126] commit: 773193 abort: 21431 (0/21431/0), network size: 0, avg network size: 0, si_in_serializable: 0 0 %, local: 0 %
I0312 03:10:12.958608 158535 Coordinator.h:126] commit: 773174 abort: 21450 (0/21450/0), network size: 0, avg network size: 0, si_in_serializable: 0 0 %, local: 0 %
I0312 03:10:13.958730 158535 Coordinator.h:126] commit: 772164 abort: 21436 (0/21436/0), network size: 0, avg network size: 0, si_in_serializable: 0 0 %, local: 0 %
I0312 03:10:14.958854 158535 Coordinator.h:126] commit: 770584 abort: 20968 (0/20968/0), network size: 0, avg network size: 0, si_in_serializable: 0 0 %, local: 0 %
I0312 03:10:15.958978 158535 Coordinator.h:126] commit: 771191 abort: 21385 (0/21385/0), network size: 0, avg network size: 0, si_in_serializable: 0 0 %, local: 0 %
I0312 03:10:16.959100 158535 Coordinator.h:126] commit: 772416 abort: 21184 (0/21184/0), network size: 0, avg network size: 0, si_in_serializable: 0 0 %, local: 0 %
I0312 03:10:17.959230 158535 Coordinator.h:126] commit: 770320 abort: 21232 (0/21232/0), network size: 0, avg network size: 0, si_in_serializable: 0 0 %, local: 0 %
I0312 03:10:18.959394 158535 Coordinator.h:126] commit: 771534 abort: 21042 (0/21042/0), network size: 0, avg network size: 0, si_in_serializable: 0 0 %, local: 0 %
I0312 03:10:19.959528 158535 Coordinator.h:126] commit: 695710 abort: 19042 (0/19042/0), network size: 0, avg network size: 0, si_in_serializable: 0 0 %, local: 0 %
I0312 03:10:20.959651 158535 Coordinator.h:126] commit: 774206 abort: 21435 (0/21435/0), network size: 0, avg network size: 0, si_in_serializable: 0 0 %, local: 0 %
I0312 03:10:21.959774 158535 Coordinator.h:126] commit: 771331 abort: 21252 (0/21252/0), network size: 0, avg network size: 0, si_in_serializable: 0 0 %, local: 0 %
I0312 03:10:22.959904 158535 Coordinator.h:126] commit: 772410 abort: 21190 (0/21190/0), network size: 0, avg network size: 0, si_in_serializable: 0 0 %, local: 0 %
I0312 03:10:22.959946 158535 Coordinator.h:152] average commit: 770205 abort: 21244.2 (0/21244.2/0), network size: 0, avg network size: 0, si_in_serializable: 0 0 %, local: 0 %
I0312 03:10:22.960736 158602 AriaExecutor.h:94] AriaExecutor 30 exits. 
I0312 03:10:22.960738 158590 AriaExecutor.h:94] AriaExecutor 18 exits. 
I0312 03:10:22.960739 158587 AriaExecutor.h:94] AriaExecutor 15 exits. 
I0312 03:10:22.960740 158593 AriaExecutor.h:94] AriaExecutor 21 exits. 
I0312 03:10:22.960742 158592 AriaExecutor.h:94] AriaExecutor 20 exits. 
I0312 03:10:22.960742 158580 AriaExecutor.h:94] AriaExecutor 8 exits. 
I0312 03:10:22.960744 158604 Manager.h:227] Manager(worker id = 32) on the coordinator node exits.
I0312 03:10:22.960740 158586 AriaExecutor.h:94] AriaExecutor 14 exits. 
I0312 03:10:22.960752 158585 AriaExecutor.h:94] AriaExecutor 13 exits. 
I0312 03:10:22.960752 158583 AriaExecutor.h:94] AriaExecutor 11 exits. 
I0312 03:10:22.960752 158581 AriaExecutor.h:94] AriaExecutor 9 exits. 
I0312 03:10:22.960747 158601 AriaExecutor.h:94] AriaExecutor 29 exits. 
I0312 03:10:22.960741 158573 AriaExecutor.h:94] AriaExecutor 1 exits. 
I0312 03:10:22.960752 158582 AriaExecutor.h:94] AriaExecutor 10 exits. 
I0312 03:10:22.960744 158597 AriaExecutor.h:94] AriaExecutor 25 exits. 
I0312 03:10:22.960742 158572 AriaExecutor.h:94] AriaExecutor 0 exits. 
I0312 03:10:22.960736 158574 AriaExecutor.h:94] AriaExecutor 2 exits. 
I0312 03:10:22.960775 158594 AriaExecutor.h:94] AriaExecutor 22 exits. 
I0312 03:10:22.960742 158603 AriaExecutor.h:94] AriaExecutor 31 exits. 
I0312 03:10:22.960775 158598 AriaExecutor.h:94] AriaExecutor 26 exits. 
I0312 03:10:22.960775 158600 AriaExecutor.h:94] AriaExecutor 28 exits. 
I0312 03:10:22.960744 158599 AriaExecutor.h:94] AriaExecutor 27 exits. 
I0312 03:10:22.960776 158596 AriaExecutor.h:94] AriaExecutor 24 exits. 
I0312 03:10:22.960736 158576 AriaExecutor.h:94] AriaExecutor 4 exits. 
I0312 03:10:22.960744 158588 AriaExecutor.h:94] AriaExecutor 16 exits. 
I0312 03:10:22.960739 158589 AriaExecutor.h:94] AriaExecutor 17 exits. 
I0312 03:10:22.960744 158579 AriaExecutor.h:94] AriaExecutor 7 exits. 
I0312 03:10:22.960774 158591 AriaExecutor.h:94] AriaExecutor 19 exits. 
I0312 03:10:22.960743 158577 AriaExecutor.h:94] AriaExecutor 5 exits. 
I0312 03:10:22.960753 158584 AriaExecutor.h:94] AriaExecutor 12 exits. 
I0312 03:10:22.960739 158595 AriaExecutor.h:94] AriaExecutor 23 exits. 
I0312 03:10:22.960740 158575 AriaExecutor.h:94] AriaExecutor 3 exits. 
I0312 03:10:22.960740 158578 AriaExecutor.h:94] AriaExecutor 6 exits. 
I0312 03:10:22.959961 158535 AriaExecutor.h:535] Worker 0 latency: 941 us (50%) 1086 us (75%) 1203 us (95%) 1248 us (99%).
I0312 03:10:22.985674 158535 AriaExecutor.h:535] Worker 1 latency: 1058 us (50%) 1134 us (75%) 1206 us (95%) 1243 us (99%).
I0312 03:10:23.009974 158535 AriaExecutor.h:535] Worker 2 latency: 1058 us (50%) 1134 us (75%) 1206 us (95%) 1243 us (99%).
I0312 03:10:23.034092 158535 AriaExecutor.h:535] Worker 3 latency: 1057 us (50%) 1134 us (75%) 1206 us (95%) 1243 us (99%).
I0312 03:10:23.058065 158535 AriaExecutor.h:535] Worker 4 latency: 1057 us (50%) 1134 us (75%) 1206 us (95%) 1243 us (99%).
I0312 03:10:23.082114 158535 AriaExecutor.h:535] Worker 5 latency: 1056 us (50%) 1133 us (75%) 1206 us (95%) 1243 us (99%).
I0312 03:10:23.106192 158535 AriaExecutor.h:535] Worker 6 latency: 1058 us (50%) 1134 us (75%) 1206 us (95%) 1244 us (99%).
I0312 03:10:23.130214 158535 AriaExecutor.h:535] Worker 7 latency: 1058 us (50%) 1134 us (75%) 1206 us (95%) 1243 us (99%).
I0312 03:10:23.154196 158535 AriaExecutor.h:535] Worker 8 latency: 1056 us (50%) 1133 us (75%) 1206 us (95%) 1243 us (99%).
I0312 03:10:23.177789 158535 AriaExecutor.h:535] Worker 9 latency: 1056 us (50%) 1133 us (75%) 1206 us (95%) 1243 us (99%).
I0312 03:10:23.202198 158535 AriaExecutor.h:535] Worker 10 latency: 1056 us (50%) 1133 us (75%) 1206 us (95%) 1243 us (99%).
I0312 03:10:23.226102 158535 AriaExecutor.h:535] Worker 11 latency: 1056 us (50%) 1133 us (75%) 1206 us (95%) 1243 us (99%).
I0312 03:10:23.249857 158535 AriaExecutor.h:535] Worker 12 latency: 1056 us (50%) 1133 us (75%) 1206 us (95%) 1243 us (99%).
I0312 03:10:23.273674 158535 AriaExecutor.h:535] Worker 13 latency: 1055 us (50%) 1133 us (75%) 1206 us (95%) 1243 us (99%).
I0312 03:10:23.297566 158535 AriaExecutor.h:535] Worker 14 latency: 1053 us (50%) 1132 us (75%) 1205 us (95%) 1243 us (99%).
I0312 03:10:23.322220 158535 AriaExecutor.h:535] Worker 15 latency: 1054 us (50%) 1133 us (75%) 1205 us (95%) 1243 us (99%).
I0312 03:10:23.346490 158535 AriaExecutor.h:535] Worker 16 latency: 1056 us (50%) 1133 us (75%) 1206 us (95%) 1243 us (99%).
I0312 03:10:23.370741 158535 AriaExecutor.h:535] Worker 17 latency: 1056 us (50%) 1134 us (75%) 1206 us (95%) 1243 us (99%).
I0312 03:10:23.395392 158535 AriaExecutor.h:535] Worker 18 latency: 1056 us (50%) 1133 us (75%) 1206 us (95%) 1243 us (99%).
I0312 03:10:23.419826 158535 AriaExecutor.h:535] Worker 19 latency: 1056 us (50%) 1134 us (75%) 1206 us (95%) 1243 us (99%).
I0312 03:10:23.444289 158535 AriaExecutor.h:535] Worker 20 latency: 1056 us (50%) 1133 us (75%) 1206 us (95%) 1243 us (99%).
I0312 03:10:23.468900 158535 AriaExecutor.h:535] Worker 21 latency: 1056 us (50%) 1133 us (75%) 1206 us (95%) 1243 us (99%).
I0312 03:10:23.493866 158535 AriaExecutor.h:535] Worker 22 latency: 1057 us (50%) 1134 us (75%) 1206 us (95%) 1243 us (99%).
I0312 03:10:23.518380 158535 AriaExecutor.h:535] Worker 23 latency: 1056 us (50%) 1133 us (75%) 1206 us (95%) 1243 us (99%).
I0312 03:10:23.543259 158535 AriaExecutor.h:535] Worker 24 latency: 1056 us (50%) 1133 us (75%) 1206 us (95%) 1243 us (99%).
I0312 03:10:23.567349 158535 AriaExecutor.h:535] Worker 25 latency: 1056 us (50%) 1134 us (75%) 1206 us (95%) 1243 us (99%).
I0312 03:10:23.591763 158535 AriaExecutor.h:535] Worker 26 latency: 1056 us (50%) 1134 us (75%) 1206 us (95%) 1243 us (99%).
I0312 03:10:23.616528 158535 AriaExecutor.h:535] Worker 27 latency: 1055 us (50%) 1133 us (75%) 1206 us (95%) 1243 us (99%).
I0312 03:10:23.640790 158535 AriaExecutor.h:535] Worker 28 latency: 1055 us (50%) 1133 us (75%) 1206 us (95%) 1243 us (99%).
I0312 03:10:23.664683 158535 AriaExecutor.h:535] Worker 29 latency: 1019 us (50%) 1115 us (75%) 1200 us (95%) 1239 us (99%).
I0312 03:10:23.689453 158535 AriaExecutor.h:535] Worker 30 latency: 1054 us (50%) 1133 us (75%) 1206 us (95%) 1243 us (99%).
I0312 03:10:23.713760 158535 AriaExecutor.h:535] Worker 31 latency: 1055 us (50%) 1133 us (75%) 1206 us (95%) 1243 us (99%).
I0312 03:10:23.737910 158535 Coordinator.h:177] total commit: 770205
I0312 03:10:24.738106 158535 Coordinator.h:192] Coordinator exits.
