I0312 03:42:54.992471 165207 Database.h:65] ycsb initialization finished in 101 milliseconds.
I0312 03:42:54.992697 165207 Coordinator.h:30] Coordinator initializes 48 workers.
I0312 03:42:55.100492 165207 Coordinator.h:77] Coordinator starts to run 49 workers.
I0312 03:42:55.100580 165259 AriaExecutor.h:82] AriaExecutor 0 started. 
I0312 03:42:55.100631 165260 AriaExecutor.h:82] AriaExecutor 1 started. 
I0312 03:42:55.100718 165261 AriaExecutor.h:82] AriaExecutor 2 started. 
I0312 03:42:55.100783 165262 AriaExecutor.h:82] AriaExecutor 3 started. 
I0312 03:42:55.100840 165263 AriaExecutor.h:82] AriaExecutor 4 started. 
I0312 03:42:55.100940 165264 AriaExecutor.h:82] AriaExecutor 5 started. 
I0312 03:42:55.101030 165265 AriaExecutor.h:82] AriaExecutor 6 started. 
I0312 03:42:55.101122 165266 AriaExecutor.h:82] AriaExecutor 7 started. 
I0312 03:42:55.101215 165267 AriaExecutor.h:82] AriaExecutor 8 started. 
I0312 03:42:55.101315 165268 AriaExecutor.h:82] AriaExecutor 9 started. 
I0312 03:42:55.101413 165269 AriaExecutor.h:82] AriaExecutor 10 started. 
I0312 03:42:55.101482 165270 AriaExecutor.h:82] AriaExecutor 11 started. 
I0312 03:42:55.101723 165271 AriaExecutor.h:82] AriaExecutor 12 started. 
I0312 03:42:55.101894 165272 AriaExecutor.h:82] AriaExecutor 13 started. 
I0312 03:42:55.102065 165273 AriaExecutor.h:82] AriaExecutor 14 started. 
I0312 03:42:55.102214 165274 AriaExecutor.h:82] AriaExecutor 15 started. 
I0312 03:42:55.102355 165275 AriaExecutor.h:82] AriaExecutor 16 started. 
I0312 03:42:55.102504 165276 AriaExecutor.h:82] AriaExecutor 17 started. 
I0312 03:42:55.102649 165277 AriaExecutor.h:82] AriaExecutor 18 started. 
I0312 03:42:55.102794 165278 AriaExecutor.h:82] AriaExecutor 19 started. 
I0312 03:42:55.102949 165279 AriaExecutor.h:82] AriaExecutor 20 started. 
I0312 03:42:55.103092 165280 AriaExecutor.h:82] AriaExecutor 21 started. 
I0312 03:42:55.103240 165281 AriaExecutor.h:82] AriaExecutor 22 started. 
I0312 03:42:55.103384 165282 AriaExecutor.h:82] AriaExecutor 23 started. 
I0312 03:42:55.103523 165283 AriaExecutor.h:82] AriaExecutor 24 started. 
I0312 03:42:55.103670 165284 AriaExecutor.h:82] AriaExecutor 25 started. 
I0312 03:42:55.103842 165285 AriaExecutor.h:82] AriaExecutor 26 started. 
I0312 03:42:55.104010 165286 AriaExecutor.h:82] AriaExecutor 27 started. 
I0312 03:42:55.104208 165287 AriaExecutor.h:82] AriaExecutor 28 started. 
I0312 03:42:55.104413 165288 AriaExecutor.h:82] AriaExecutor 29 started. 
I0312 03:42:55.104614 165289 AriaExecutor.h:82] AriaExecutor 30 started. 
I0312 03:42:55.104813 165290 AriaExecutor.h:82] AriaExecutor 31 started. 
I0312 03:42:55.105005 165291 AriaExecutor.h:82] AriaExecutor 32 started. 
I0312 03:42:55.105186 165292 AriaExecutor.h:82] AriaExecutor 33 started. 
I0312 03:42:55.105366 165293 AriaExecutor.h:82] AriaExecutor 34 started. 
I0312 03:42:55.105541 165294 AriaExecutor.h:82] AriaExecutor 35 started. 
I0312 03:42:55.105717 165295 AriaExecutor.h:82] AriaExecutor 36 started. 
I0312 03:42:55.105903 165296 AriaExecutor.h:82] AriaExecutor 37 started. 
I0312 03:42:55.106077 165297 AriaExecutor.h:82] AriaExecutor 38 started. 
I0312 03:42:55.106251 165298 AriaExecutor.h:82] AriaExecutor 39 started. 
I0312 03:42:55.106433 165299 AriaExecutor.h:82] AriaExecutor 40 started. 
I0312 03:42:55.106611 165300 AriaExecutor.h:82] AriaExecutor 41 started. 
I0312 03:42:55.106784 165301 AriaExecutor.h:82] AriaExecutor 42 started. 
I0312 03:42:55.106948 165302 AriaExecutor.h:82] AriaExecutor 43 started. 
I0312 03:42:55.107137 165303 AriaExecutor.h:82] AriaExecutor 44 started. 
I0312 03:42:55.107309 165304 AriaExecutor.h:82] AriaExecutor 45 started. 
I0312 03:42:55.107491 165305 AriaExecutor.h:82] AriaExecutor 46 started. 
I0312 03:42:55.107674 165306 AriaExecutor.h:82] AriaExecutor 47 started. 
I0312 03:42:55.107841 165307 Manager.h:224] Manager(worker id = 48) on the coordinator node started.
I0312 03:42:56.107913 165207 Coordinator.h:126] commit: 1014601 abort: 124087 (0/124087/0), network size: 0, avg network size: 0, si_in_serializable: 0 0 %, local: 0 %
I0312 03:42:57.108064 165207 Coordinator.h:126] commit: 1032605 abort: 126563 (0/126563/0), network size: 0, avg network size: 0, si_in_serializable: 0 0 %, local: 0 %
I0312 03:42:58.108206 165207 Coordinator.h:126] commit: 1015069 abort: 123619 (0/123619/0), network size: 0, avg network size: 0, si_in_serializable: 0 0 %, local: 0 %
I0312 03:42:59.108372 165207 Coordinator.h:126] commit: 1011545 abort: 123047 (0/123047/0), network size: 0, avg network size: 0, si_in_serializable: 0 0 %, local: 0 %
I0312 03:43:00.108634 165207 Coordinator.h:126] commit: 1021688 abort: 125192 (0/125192/0), network size: 0, avg network size: 0, si_in_serializable: 0 0 %, local: 0 %
I0312 03:43:01.108819 165207 Coordinator.h:126] commit: 1022060 abort: 124820 (0/124820/0), network size: 0, avg network size: 0, si_in_serializable: 0 0 %, local: 0 %
I0312 03:43:02.108959 165207 Coordinator.h:126] commit: 1007688 abort: 122746 (0/122746/0), network size: 0, avg network size: 0, si_in_serializable: 0 0 %, local: 0 %
I0312 03:43:03.109099 165207 Coordinator.h:126] commit: 1018784 abort: 124062 (0/124062/0), network size: 0, avg network size: 0, si_in_serializable: 0 0 %, local: 0 %
I0312 03:43:04.109239 165207 Coordinator.h:126] commit: 1022335 abort: 124545 (0/124545/0), network size: 0, avg network size: 0, si_in_serializable: 0 0 %, local: 0 %
I0312 03:43:05.109380 165207 Coordinator.h:126] commit: 1018324 abort: 124460 (0/124460/0), network size: 0, avg network size: 0, si_in_serializable: 0 0 %, local: 0 %
I0312 03:43:06.109519 165207 Coordinator.h:126] commit: 1011179 abort: 123413 (0/123413/0), network size: 0, avg network size: 0, si_in_serializable: 0 0 %, local: 0 %
I0312 03:43:07.109704 165207 Coordinator.h:126] commit: 1022494 abort: 124386 (0/124386/0), network size: 0, avg network size: 0, si_in_serializable: 0 0 %, local: 0 %
I0312 03:43:08.109867 165207 Coordinator.h:126] commit: 979097 abort: 118631 (0/118631/0), network size: 0, avg network size: 0, si_in_serializable: 0 0 %, local: 0 %
I0312 03:43:09.110035 165207 Coordinator.h:126] commit: 1022490 abort: 124390 (0/124390/0), network size: 0, avg network size: 0, si_in_serializable: 0 0 %, local: 0 %
I0312 03:43:10.110181 165207 Coordinator.h:126] commit: 1029556 abort: 125516 (0/125516/0), network size: 0, avg network size: 0, si_in_serializable: 0 0 %, local: 0 %
I0312 03:43:11.110325 165207 Coordinator.h:126] commit: 1025943 abort: 125033 (0/125033/0), network size: 0, avg network size: 0, si_in_serializable: 0 0 %, local: 0 %
I0312 03:43:12.110466 165207 Coordinator.h:126] commit: 1018854 abort: 123930 (0/123930/0), network size: 0, avg network size: 0, si_in_serializable: 0 0 %, local: 0 %
I0312 03:43:13.110606 165207 Coordinator.h:126] commit: 1024986 abort: 125990 (0/125990/0), network size: 0, avg network size: 0, si_in_serializable: 0 0 %, local: 0 %
I0312 03:43:14.110747 165207 Coordinator.h:126] commit: 1028984 abort: 126077 (0/126077/0), network size: 0, avg network size: 0, si_in_serializable: 0 0 %, local: 0 %
I0312 03:43:15.110889 165207 Coordinator.h:126] commit: 1018437 abort: 124358 (0/124358/0), network size: 0, avg network size: 0, si_in_serializable: 0 0 %, local: 0 %
I0312 03:43:16.111099 165207 Coordinator.h:126] commit: 1025935 abort: 125041 (0/125041/0), network size: 0, avg network size: 0, si_in_serializable: 0 0 %, local: 0 %
I0312 03:43:17.111253 165207 Coordinator.h:126] commit: 1029513 abort: 125559 (0/125559/0), network size: 0, avg network size: 0, si_in_serializable: 0 0 %, local: 0 %
I0312 03:43:18.111397 165207 Coordinator.h:126] commit: 1029293 abort: 125779 (0/125779/0), network size: 0, avg network size: 0, si_in_serializable: 0 0 %, local: 0 %
I0312 03:43:19.111542 165207 Coordinator.h:126] commit: 1029561 abort: 125511 (0/125511/0), network size: 0, avg network size: 0, si_in_serializable: 0 0 %, local: 0 %
I0312 03:43:20.111685 165207 Coordinator.h:126] commit: 857693 abort: 104867 (0/104867/0), network size: 0, avg network size: 0, si_in_serializable: 0 0 %, local: 0 %
I0312 03:43:20.111737 165207 Coordinator.h:152] average commit: 1.0182e+06 abort: 124172 (0/124172/0), network size: 0, avg network size: 0, si_in_serializable: 0 0 %, local: 0 %
I0312 03:43:20.112051 165285 AriaExecutor.h:94] AriaExecutor 26 exits. 
I0312 03:43:20.112056 165278 AriaExecutor.h:94] AriaExecutor 19 exits. 
I0312 03:43:20.112062 165273 AriaExecutor.h:94] AriaExecutor 14 exits. 
I0312 03:43:20.112059 165282 AriaExecutor.h:94] AriaExecutor 23 exits. 
I0312 03:43:20.112066 165266 AriaExecutor.h:94] AriaExecutor 7 exits. 
I0312 03:43:20.112068 165262 AriaExecutor.h:94] AriaExecutor 3 exits. 
I0312 03:43:20.112080 165291 AriaExecutor.h:94] AriaExecutor 32 exits. 
I0312 03:43:20.112087 165298 AriaExecutor.h:94] AriaExecutor 39 exits. 
I0312 03:43:20.112097 165269 AriaExecutor.h:94] AriaExecutor 10 exits. 
I0312 03:43:20.112057 165288 AriaExecutor.h:94] AriaExecutor 29 exits. 
I0312 03:43:20.112059 165276 AriaExecutor.h:94] AriaExecutor 17 exits. 
I0312 03:43:20.112100 165265 AriaExecutor.h:94] AriaExecutor 6 exits. 
I0312 03:43:20.112063 165277 AriaExecutor.h:94] AriaExecutor 18 exits. 
I0312 03:43:20.112107 165292 AriaExecutor.h:94] AriaExecutor 33 exits. 
I0312 03:43:20.112110 165300 AriaExecutor.h:94] AriaExecutor 41 exits. 
I0312 03:43:20.112061 165305 AriaExecutor.h:94] AriaExecutor 46 exits. 
I0312 03:43:20.112057 165274 AriaExecutor.h:94] AriaExecutor 15 exits. 
I0312 03:43:20.112054 165283 AriaExecutor.h:94] AriaExecutor 24 exits. 
I0312 03:43:20.112056 165280 AriaExecutor.h:94] AriaExecutor 21 exits. 
I0312 03:43:20.112067 165263 AriaExecutor.h:94] AriaExecutor 4 exits. 
I0312 03:43:20.112145 165275 AriaExecutor.h:94] AriaExecutor 16 exits. 
I0312 03:43:20.112066 165267 AriaExecutor.h:94] AriaExecutor 8 exits. 
I0312 03:43:20.112066 165260 AriaExecutor.h:94] AriaExecutor 1 exits. 
I0312 03:43:20.112088 165304 AriaExecutor.h:94] AriaExecutor 45 exits. 
I0312 03:43:20.112057 165281 AriaExecutor.h:94] AriaExecutor 22 exits. 
I0312 03:43:20.112079 165295 AriaExecutor.h:94] AriaExecutor 36 exits. 
I0312 03:43:20.112080 165299 AriaExecutor.h:94] AriaExecutor 40 exits. 
I0312 03:43:20.112080 165289 AriaExecutor.h:94] AriaExecutor 30 exits. 
I0312 03:43:20.112085 165272 AriaExecutor.h:94] AriaExecutor 13 exits. 
I0312 03:43:20.112082 165301 AriaExecutor.h:94] AriaExecutor 42 exits. 
I0312 03:43:20.112082 165296 AriaExecutor.h:94] AriaExecutor 37 exits. 
I0312 03:43:20.112085 165271 AriaExecutor.h:94] AriaExecutor 12 exits. 
I0312 03:43:20.112083 165303 AriaExecutor.h:94] AriaExecutor 44 exits. 
I0312 03:43:20.112087 165294 AriaExecutor.h:94] AriaExecutor 35 exits. 
I0312 03:43:20.112057 165287 AriaExecutor.h:94] AriaExecutor 28 exits. 
I0312 03:43:20.112057 165279 AriaExecutor.h:94] AriaExecutor 20 exits. 
I0312 03:43:20.112097 165264 AriaExecutor.h:94] AriaExecutor 5 exits. 
I0312 03:43:20.112100 165268 AriaExecutor.h:94] AriaExecutor 9 exits. 
I0312 03:43:20.112100 165270 AriaExecutor.h:94] AriaExecutor 11 exits. 
I0312 03:43:20.112058 165284 AriaExecutor.h:94] AriaExecutor 25 exits. 
I0312 03:43:20.112113 165302 AriaExecutor.h:94] AriaExecutor 43 exits. 
I0312 03:43:20.112118 165297 AriaExecutor.h:94] AriaExecutor 38 exits. 
I0312 03:43:20.112142 165261 AriaExecutor.h:94] AriaExecutor 2 exits. 
I0312 03:43:20.112144 165286 AriaExecutor.h:94] AriaExecutor 27 exits. 
I0312 03:43:20.112078 165290 AriaExecutor.h:94] AriaExecutor 31 exits. 
I0312 03:43:20.112067 165259 AriaExecutor.h:94] AriaExecutor 0 exits. 
I0312 03:43:20.112161 165307 Manager.h:227] Manager(worker id = 48) on the coordinator node exits.
I0312 03:43:20.112082 165293 AriaExecutor.h:94] AriaExecutor 34 exits. 
I0312 03:43:20.112057 165306 AriaExecutor.h:94] AriaExecutor 47 exits. 
I0312 03:43:20.111753 165207 AriaExecutor.h:535] Worker 0 latency: 2834 us (50%) 3088 us (75%) 3293 us (95%) 3373 us (99%).
I0312 03:43:20.135007 165207 AriaExecutor.h:535] Worker 1 latency: 2837 us (50%) 3089 us (75%) 3293 us (95%) 3373 us (99%).
I0312 03:43:20.157714 165207 AriaExecutor.h:535] Worker 2 latency: 2835 us (50%) 3088 us (75%) 3292 us (95%) 3372 us (99%).
I0312 03:43:20.180294 165207 AriaExecutor.h:535] Worker 3 latency: 2836 us (50%) 3089 us (75%) 3292 us (95%) 3372 us (99%).
I0312 03:43:20.202792 165207 AriaExecutor.h:535] Worker 4 latency: 2834 us (50%) 3088 us (75%) 3292 us (95%) 3372 us (99%).
I0312 03:43:20.225638 165207 AriaExecutor.h:535] Worker 5 latency: 2833 us (50%) 3087 us (75%) 3292 us (95%) 3372 us (99%).
I0312 03:43:20.248867 165207 AriaExecutor.h:535] Worker 6 latency: 2836 us (50%) 3089 us (75%) 3293 us (95%) 3372 us (99%).
I0312 03:43:20.271622 165207 AriaExecutor.h:535] Worker 7 latency: 2836 us (50%) 3089 us (75%) 3293 us (95%) 3373 us (99%).
I0312 03:43:20.294111 165207 AriaExecutor.h:535] Worker 8 latency: 2833 us (50%) 3087 us (75%) 3292 us (95%) 3372 us (99%).
I0312 03:43:20.317025 165207 AriaExecutor.h:535] Worker 9 latency: 2832 us (50%) 3087 us (75%) 3292 us (95%) 3373 us (99%).
I0312 03:43:20.339548 165207 AriaExecutor.h:535] Worker 10 latency: 2833 us (50%) 3087 us (75%) 3292 us (95%) 3372 us (99%).
I0312 03:43:20.362892 165207 AriaExecutor.h:535] Worker 11 latency: 2830 us (50%) 3086 us (75%) 3292 us (95%) 3372 us (99%).
I0312 03:43:20.385778 165207 AriaExecutor.h:535] Worker 12 latency: 2830 us (50%) 3086 us (75%) 3292 us (95%) 3372 us (99%).
I0312 03:43:20.408500 165207 AriaExecutor.h:535] Worker 13 latency: 2830 us (50%) 3086 us (75%) 3292 us (95%) 3372 us (99%).
I0312 03:43:20.431169 165207 AriaExecutor.h:535] Worker 14 latency: 2840 us (50%) 3092 us (75%) 3296 us (95%) 3376 us (99%).
I0312 03:43:20.453552 165207 AriaExecutor.h:535] Worker 15 latency: 2841 us (50%) 3093 us (75%) 3296 us (95%) 3375 us (99%).
I0312 03:43:20.476075 165207 AriaExecutor.h:535] Worker 16 latency: 2624 us (50%) 3008 us (75%) 3302 us (95%) 3393 us (99%).
I0312 03:43:20.499511 165207 AriaExecutor.h:535] Worker 17 latency: 2935 us (50%) 3140 us (75%) 3308 us (95%) 3381 us (99%).
I0312 03:43:20.521443 165207 AriaExecutor.h:535] Worker 18 latency: 2937 us (50%) 3141 us (75%) 3308 us (95%) 3381 us (99%).
I0312 03:43:20.542997 165207 AriaExecutor.h:535] Worker 19 latency: 2937 us (50%) 3141 us (75%) 3308 us (95%) 3380 us (99%).
I0312 03:43:20.564301 165207 AriaExecutor.h:535] Worker 20 latency: 2935 us (50%) 3140 us (75%) 3308 us (95%) 3380 us (99%).
I0312 03:43:20.585809 165207 AriaExecutor.h:535] Worker 21 latency: 2935 us (50%) 3140 us (75%) 3308 us (95%) 3381 us (99%).
I0312 03:43:20.607347 165207 AriaExecutor.h:535] Worker 22 latency: 2937 us (50%) 3141 us (75%) 3308 us (95%) 3380 us (99%).
I0312 03:43:20.629271 165207 AriaExecutor.h:535] Worker 23 latency: 2937 us (50%) 3141 us (75%) 3308 us (95%) 3380 us (99%).
I0312 03:43:20.651206 165207 AriaExecutor.h:535] Worker 24 latency: 2934 us (50%) 3139 us (75%) 3307 us (95%) 3379 us (99%).
I0312 03:43:20.673028 165207 AriaExecutor.h:535] Worker 25 latency: 2933 us (50%) 3139 us (75%) 3307 us (95%) 3380 us (99%).
I0312 03:43:20.694852 165207 AriaExecutor.h:535] Worker 26 latency: 2934 us (50%) 3139 us (75%) 3307 us (95%) 3380 us (99%).
I0312 03:43:20.716598 165207 AriaExecutor.h:535] Worker 27 latency: 2931 us (50%) 3138 us (75%) 3307 us (95%) 3380 us (99%).
I0312 03:43:20.738169 165207 AriaExecutor.h:535] Worker 28 latency: 2931 us (50%) 3138 us (75%) 3307 us (95%) 3379 us (99%).
I0312 03:43:20.759654 165207 AriaExecutor.h:535] Worker 29 latency: 2832 us (50%) 3090 us (75%) 3294 us (95%) 3372 us (99%).
I0312 03:43:20.781651 165207 AriaExecutor.h:535] Worker 30 latency: 2916 us (50%) 3130 us (75%) 3304 us (95%) 3378 us (99%).
I0312 03:43:20.803704 165207 AriaExecutor.h:535] Worker 31 latency: 2918 us (50%) 3130 us (75%) 3303 us (95%) 3377 us (99%).
I0312 03:43:20.825556 165207 AriaExecutor.h:535] Worker 32 latency: 2839 us (50%) 3090 us (75%) 3293 us (95%) 3373 us (99%).
I0312 03:43:20.848021 165207 AriaExecutor.h:535] Worker 33 latency: 2841 us (50%) 3091 us (75%) 3293 us (95%) 3373 us (99%).
I0312 03:43:20.870218 165207 AriaExecutor.h:535] Worker 34 latency: 2840 us (50%) 3090 us (75%) 3293 us (95%) 3373 us (99%).
I0312 03:43:20.892738 165207 AriaExecutor.h:535] Worker 35 latency: 2841 us (50%) 3091 us (75%) 3293 us (95%) 3372 us (99%).
I0312 03:43:20.914983 165207 AriaExecutor.h:535] Worker 36 latency: 2840 us (50%) 3090 us (75%) 3293 us (95%) 3373 us (99%).
I0312 03:43:20.937254 165207 AriaExecutor.h:535] Worker 37 latency: 2837 us (50%) 3089 us (75%) 3293 us (95%) 3373 us (99%).
I0312 03:43:20.960314 165207 AriaExecutor.h:535] Worker 38 latency: 2841 us (50%) 3091 us (75%) 3293 us (95%) 3374 us (99%).
I0312 03:43:20.983108 165207 AriaExecutor.h:535] Worker 39 latency: 2842 us (50%) 3091 us (75%) 3294 us (95%) 3373 us (99%).
I0312 03:43:21.005702 165207 AriaExecutor.h:535] Worker 40 latency: 2837 us (50%) 3089 us (75%) 3292 us (95%) 3372 us (99%).
I0312 03:43:21.028548 165207 AriaExecutor.h:535] Worker 41 latency: 2837 us (50%) 3089 us (75%) 3293 us (95%) 3373 us (99%).
I0312 03:43:21.051023 165207 AriaExecutor.h:535] Worker 42 latency: 2837 us (50%) 3089 us (75%) 3292 us (95%) 3373 us (99%).
I0312 03:43:21.073238 165207 AriaExecutor.h:535] Worker 43 latency: 2836 us (50%) 3088 us (75%) 3293 us (95%) 3372 us (99%).
I0312 03:43:21.095777 165207 AriaExecutor.h:535] Worker 44 latency: 2835 us (50%) 3088 us (75%) 3292 us (95%) 3371 us (99%).
I0312 03:43:21.118166 165207 AriaExecutor.h:535] Worker 45 latency: 2835 us (50%) 3089 us (75%) 3293 us (95%) 3373 us (99%).
I0312 03:43:21.140858 165207 AriaExecutor.h:535] Worker 46 latency: 2845 us (50%) 3095 us (75%) 3296 us (95%) 3375 us (99%).
I0312 03:43:21.163424 165207 AriaExecutor.h:535] Worker 47 latency: 2846 us (50%) 3096 us (75%) 3297 us (95%) 3376 us (99%).
I0312 03:43:21.185334 165207 Coordinator.h:177] total commit: 1.0182e+06
I0312 03:43:22.185550 165207 Coordinator.h:192] Coordinator exits.
