I0312 07:59:51.138370 231687 Database.h:65] ycsb initialization finished in 101 milliseconds.
I0312 07:59:51.138612 231687 Coordinator.h:30] Coordinator initializes 62 workers.
I0312 07:59:51.248242 231687 Coordinator.h:77] Coordinator starts to run 63 workers.
I0312 07:59:51.248333 231754 AriaExecutor.h:91] AriaExecutor 0 started. 
I0312 07:59:51.248373 231755 AriaExecutor.h:91] AriaExecutor 1 started. 
I0312 07:59:51.248441 231756 AriaExecutor.h:91] AriaExecutor 2 started. 
I0312 07:59:51.248510 231757 AriaExecutor.h:91] AriaExecutor 3 started. 
I0312 07:59:51.248577 231758 AriaExecutor.h:91] AriaExecutor 4 started. 
I0312 07:59:51.248661 231759 AriaExecutor.h:91] AriaExecutor 5 started. 
I0312 07:59:51.248796 231760 AriaExecutor.h:91] AriaExecutor 6 started. 
I0312 07:59:51.248895 231761 AriaExecutor.h:91] AriaExecutor 7 started. 
I0312 07:59:51.249009 231762 AriaExecutor.h:91] AriaExecutor 8 started. 
I0312 07:59:51.249050 231763 AriaExecutor.h:91] AriaExecutor 9 started. 
I0312 07:59:51.249104 231764 AriaExecutor.h:91] AriaExecutor 10 started. 
I0312 07:59:51.249245 231766 AriaExecutor.h:91] AriaExecutor 12 started. 
I0312 07:59:51.249279 231767 AriaExecutor.h:91] AriaExecutor 13 started. 
I0312 07:59:51.249325 231765 AriaExecutor.h:91] AriaExecutor 11 started. 
I0312 07:59:51.249372 231768 AriaExecutor.h:91] AriaExecutor 14 started. 
I0312 07:59:51.249547 231769 AriaExecutor.h:91] AriaExecutor 15 started. 
I0312 07:59:51.249703 231770 AriaExecutor.h:91] AriaExecutor 16 started. 
I0312 07:59:51.249864 231771 AriaExecutor.h:91] AriaExecutor 17 started. 
I0312 07:59:51.250015 231772 AriaExecutor.h:91] AriaExecutor 18 started. 
I0312 07:59:51.250166 231773 AriaExecutor.h:91] AriaExecutor 19 started. 
I0312 07:59:51.250316 231774 AriaExecutor.h:91] AriaExecutor 20 started. 
I0312 07:59:51.250458 231775 AriaExecutor.h:91] AriaExecutor 21 started. 
I0312 07:59:51.250608 231776 AriaExecutor.h:91] AriaExecutor 22 started. 
I0312 07:59:51.250756 231777 AriaExecutor.h:91] AriaExecutor 23 started. 
I0312 07:59:51.250898 231778 AriaExecutor.h:91] AriaExecutor 24 started. 
I0312 07:59:51.251055 231779 AriaExecutor.h:91] AriaExecutor 25 started. 
I0312 07:59:51.251206 231780 AriaExecutor.h:91] AriaExecutor 26 started. 
I0312 07:59:51.251382 231781 AriaExecutor.h:91] AriaExecutor 27 started. 
I0312 07:59:51.251587 231782 AriaExecutor.h:91] AriaExecutor 28 started. 
I0312 07:59:51.251766 231783 AriaExecutor.h:91] AriaExecutor 29 started. 
I0312 07:59:51.251960 231784 AriaExecutor.h:91] AriaExecutor 30 started. 
I0312 07:59:51.252156 231785 AriaExecutor.h:91] AriaExecutor 31 started. 
I0312 07:59:51.264292 231786 AriaExecutor.h:91] AriaExecutor 32 started. 
I0312 07:59:51.264447 231787 AriaExecutor.h:91] AriaExecutor 33 started. 
I0312 07:59:51.264588 231788 AriaExecutor.h:91] AriaExecutor 34 started. 
I0312 07:59:51.264722 231789 AriaExecutor.h:91] AriaExecutor 35 started. 
I0312 07:59:51.268285 231790 AriaExecutor.h:91] AriaExecutor 36 started. 
I0312 07:59:51.268428 231791 AriaExecutor.h:91] AriaExecutor 37 started. 
I0312 07:59:51.268568 231792 AriaExecutor.h:91] AriaExecutor 38 started. 
I0312 07:59:51.268702 231793 AriaExecutor.h:91] AriaExecutor 39 started. 
I0312 07:59:51.268834 231794 AriaExecutor.h:91] AriaExecutor 40 started. 
I0312 07:59:51.268975 231795 AriaExecutor.h:91] AriaExecutor 41 started. 
I0312 07:59:51.269102 231796 AriaExecutor.h:91] AriaExecutor 42 started. 
I0312 07:59:51.269230 231797 AriaExecutor.h:91] AriaExecutor 43 started. 
I0312 07:59:51.269376 231798 AriaExecutor.h:91] AriaExecutor 44 started. 
I0312 07:59:51.269518 231799 AriaExecutor.h:91] AriaExecutor 45 started. 
I0312 07:59:51.269650 231800 AriaExecutor.h:91] AriaExecutor 46 started. 
I0312 07:59:51.269785 231801 AriaExecutor.h:91] AriaExecutor 47 started. 
I0312 07:59:51.269906 231802 AriaExecutor.h:91] AriaExecutor 48 started. 
I0312 07:59:51.270030 231803 AriaExecutor.h:91] AriaExecutor 49 started. 
I0312 07:59:51.270169 231804 AriaExecutor.h:91] AriaExecutor 50 started. 
I0312 07:59:51.270292 231805 AriaExecutor.h:91] AriaExecutor 51 started. 
I0312 07:59:51.270418 231806 AriaExecutor.h:91] AriaExecutor 52 started. 
I0312 07:59:51.270565 231807 AriaExecutor.h:91] AriaExecutor 53 started. 
I0312 07:59:51.270692 231808 AriaExecutor.h:91] AriaExecutor 54 started. 
I0312 07:59:51.270783 231809 AriaExecutor.h:91] AriaExecutor 55 started. 
I0312 07:59:51.270882 231810 AriaExecutor.h:91] AriaExecutor 56 started. 
I0312 07:59:51.270970 231811 AriaExecutor.h:91] AriaExecutor 57 started. 
I0312 07:59:51.271064 231812 AriaExecutor.h:91] AriaExecutor 58 started. 
I0312 07:59:51.271184 231813 AriaExecutor.h:91] AriaExecutor 59 started. 
I0312 07:59:51.271394 231814 AriaExecutor.h:91] AriaExecutor 60 started. 
I0312 07:59:51.272259 231815 AriaExecutor.h:91] AriaExecutor 61 started. 
F0312 07:59:51.272406 231687 Coordinator.h:355] Check failed: rc == 0 
*** Check failure stack trace: ***
    @     0x7efe5b362b03  google::LogMessage::Fail()
    @     0x7efe5b36a9d1  google::LogMessage::SendToLog()
    @     0x7efe5b3627c2  google::LogMessage::Flush()
    @     0x7efe5b36478f  google::LogMessageFatal::~LogMessageFatal()
    @     0x5616877a1c53  aria::Coordinator::pin_thread_to_core()
    @     0x5616877b051b  aria::Coordinator::start()
    @     0x56168778ffe8  main
    @     0x7efe5adf5d90  (unknown)
    @     0x7efe5adf5e40  __libc_start_main
    @     0x561687790f55  _start
    @              (nil)  (unknown)
