I0312 06:28:19.454926 204164 Database.h:65] ycsb initialization finished in 98 milliseconds.
I0312 06:28:19.455125 204164 Coordinator.h:30] Coordinator initializes 16 workers.
I0312 06:28:19.565853 204164 Coordinator.h:77] Coordinator starts to run 17 workers.
I0312 06:28:19.565956 204188 AriaExecutor.h:91] AriaExecutor 0 started. 
I0312 06:28:19.565984 204189 AriaExecutor.h:91] AriaExecutor 1 started. 
I0312 06:28:19.566061 204190 AriaExecutor.h:91] AriaExecutor 2 started. 
I0312 06:28:19.566108 204191 AriaExecutor.h:91] AriaExecutor 3 started. 
I0312 06:28:19.566174 204192 AriaExecutor.h:91] AriaExecutor 4 started. 
I0312 06:28:19.566272 204193 AriaExecutor.h:91] AriaExecutor 5 started. 
I0312 06:28:19.566377 204194 AriaExecutor.h:91] AriaExecutor 6 started. 
I0312 06:28:19.566468 204195 AriaExecutor.h:91] AriaExecutor 7 started. 
I0312 06:28:19.566566 204196 AriaExecutor.h:91] AriaExecutor 8 started. 
I0312 06:28:19.566636 204197 AriaExecutor.h:91] AriaExecutor 9 started. 
I0312 06:28:19.566887 204198 AriaExecutor.h:91] AriaExecutor 10 started. 
I0312 06:28:19.567049 204199 AriaExecutor.h:91] AriaExecutor 11 started. 
I0312 06:28:19.567210 204200 AriaExecutor.h:91] AriaExecutor 12 started. 
I0312 06:28:19.567364 204201 AriaExecutor.h:91] AriaExecutor 13 started. 
I0312 06:28:19.567520 204202 AriaExecutor.h:91] AriaExecutor 14 started. 
I0312 06:28:19.567660 204203 AriaExecutor.h:91] AriaExecutor 15 started. 
I0312 06:28:19.567809 204204 Manager.h:224] Manager(worker id = 16) on the coordinator node started.
I0312 06:28:20.567884 204164 Coordinator.h:126] commit: 15417 abort: 123847 (0/123847/0), network size: 0, avg network size: 0, si_in_serializable: 0 0 %, local: 0 %
I0312 06:28:21.568058 204164 Coordinator.h:126] commit: 15917 abort: 127443 (0/127443/0), network size: 0, avg network size: 0, si_in_serializable: 0 0 %, local: 0 %
I0312 06:28:22.568392 204164 Coordinator.h:126] commit: 15957 abort: 127403 (0/127403/0), network size: 0, avg network size: 0, si_in_serializable: 0 0 %, local: 0 %
I0312 06:28:23.568614 204164 Coordinator.h:126] commit: 16274 abort: 131182 (0/131182/0), network size: 0, avg network size: 0, si_in_serializable: 0 0 %, local: 0 %
I0312 06:28:24.568763 204164 Coordinator.h:126] commit: 16491 abort: 130965 (0/130965/0), network size: 0, avg network size: 0, si_in_serializable: 0 0 %, local: 0 %
I0312 06:28:25.568902 204164 Coordinator.h:126] commit: 15409 abort: 123855 (0/123855/0), network size: 0, avg network size: 0, si_in_serializable: 0 0 %, local: 0 %
I0312 06:28:26.569123 204164 Coordinator.h:126] commit: 16410 abort: 131046 (0/131046/0), network size: 0, avg network size: 0, si_in_serializable: 0 0 %, local: 0 %
I0312 06:28:27.569303 204164 Coordinator.h:126] commit: 16427 abort: 131029 (0/131029/0), network size: 0, avg network size: 0, si_in_serializable: 0 0 %, local: 0 %
I0312 06:28:28.569459 204164 Coordinator.h:126] commit: 16368 abort: 131088 (0/131088/0), network size: 0, avg network size: 0, si_in_serializable: 0 0 %, local: 0 %
I0312 06:28:29.569626 204164 Coordinator.h:126] commit: 16507 abort: 130949 (0/130949/0), network size: 0, avg network size: 0, si_in_serializable: 0 0 %, local: 0 %
I0312 06:28:30.569772 204164 Coordinator.h:126] commit: 16869 abort: 134683 (0/134683/0), network size: 0, avg network size: 0, si_in_serializable: 0 0 %, local: 0 %
I0312 06:28:31.569929 204164 Coordinator.h:126] commit: 15908 abort: 127452 (0/127452/0), network size: 0, avg network size: 0, si_in_serializable: 0 0 %, local: 0 %
I0312 06:28:32.570148 204164 Coordinator.h:126] commit: 16397 abort: 131059 (0/131059/0), network size: 0, avg network size: 0, si_in_serializable: 0 0 %, local: 0 %
I0312 06:28:33.570323 204164 Coordinator.h:126] commit: 16764 abort: 134788 (0/134788/0), network size: 0, avg network size: 0, si_in_serializable: 0 0 %, local: 0 %
I0312 06:28:34.570470 204164 Coordinator.h:126] commit: 16408 abort: 131048 (0/131048/0), network size: 0, avg network size: 0, si_in_serializable: 0 0 %, local: 0 %
I0312 06:28:35.570624 204164 Coordinator.h:126] commit: 16243 abort: 131213 (0/131213/0), network size: 0, avg network size: 0, si_in_serializable: 0 0 %, local: 0 %
I0312 06:28:36.570783 204164 Coordinator.h:126] commit: 16227 abort: 131229 (0/131229/0), network size: 0, avg network size: 0, si_in_serializable: 0 0 %, local: 0 %
I0312 06:28:37.570948 204164 Coordinator.h:126] commit: 16351 abort: 131105 (0/131105/0), network size: 0, avg network size: 0, si_in_serializable: 0 0 %, local: 0 %
I0312 06:28:38.571110 204164 Coordinator.h:126] commit: 15946 abort: 127414 (0/127414/0), network size: 0, avg network size: 0, si_in_serializable: 0 0 %, local: 0 %
I0312 06:28:39.571336 204164 Coordinator.h:126] commit: 16281 abort: 131175 (0/131175/0), network size: 0, avg network size: 0, si_in_serializable: 0 0 %, local: 0 %
I0312 06:28:40.571537 204164 Coordinator.h:126] commit: 16447 abort: 131009 (0/131009/0), network size: 0, avg network size: 0, si_in_serializable: 0 0 %, local: 0 %
I0312 06:28:41.571700 204164 Coordinator.h:126] commit: 16137 abort: 131319 (0/131319/0), network size: 0, avg network size: 0, si_in_serializable: 0 0 %, local: 0 %
I0312 06:28:42.571846 204164 Coordinator.h:126] commit: 16269 abort: 131187 (0/131187/0), network size: 0, avg network size: 0, si_in_serializable: 0 0 %, local: 0 %
I0312 06:28:43.572006 204164 Coordinator.h:126] commit: 15831 abort: 127529 (0/127529/0), network size: 0, avg network size: 0, si_in_serializable: 0 0 %, local: 0 %
I0312 06:28:44.572165 204164 Coordinator.h:126] commit: 16056 abort: 127304 (0/127304/0), network size: 0, avg network size: 0, si_in_serializable: 0 0 %, local: 0 %
I0312 06:28:44.572237 204164 Coordinator.h:152] average commit: 16339.4 abort: 131117 (0/131117/0), network size: 0, avg network size: 0, si_in_serializable: 0 0 %, local: 0 %
I0312 06:28:44.572300 204164 AriaExecutor.h:649] Worker 0 latency: 26543 us (50%) 27321 us (75%) 28156 us (95%) 29113 us (99%).
I0312 06:28:44.576922 204190 AriaExecutor.h:103] AriaExecutor 2 exits. 
I0312 06:28:44.576923 204204 Manager.h:227] Manager(worker id = 16) on the coordinator node exits.
I0312 06:28:44.576925 204195 AriaExecutor.h:103] AriaExecutor 7 exits. 
I0312 06:28:44.576936 204198 AriaExecutor.h:103] AriaExecutor 10 exits. 
I0312 06:28:44.576926 204192 AriaExecutor.h:103] AriaExecutor 4 exits. 
I0312 06:28:44.576924 204193 AriaExecutor.h:103] AriaExecutor 5 exits. 
I0312 06:28:44.576925 204191 AriaExecutor.h:103] AriaExecutor 3 exits. 
I0312 06:28:44.576923 204203 AriaExecutor.h:103] AriaExecutor 15 exits. 
I0312 06:28:44.576924 204197 AriaExecutor.h:103] AriaExecutor 9 exits. 
I0312 06:28:44.576926 204194 AriaExecutor.h:103] AriaExecutor 6 exits. 
I0312 06:28:44.576936 204201 AriaExecutor.h:103] AriaExecutor 13 exits. 
I0312 06:28:44.576936 204199 AriaExecutor.h:103] AriaExecutor 11 exits. 
I0312 06:28:44.576923 204202 AriaExecutor.h:103] AriaExecutor 14 exits. 
I0312 06:28:44.576924 204196 AriaExecutor.h:103] AriaExecutor 8 exits. 
I0312 06:28:44.576925 204189 AriaExecutor.h:103] AriaExecutor 1 exits. 
I0312 06:28:44.576936 204200 AriaExecutor.h:103] AriaExecutor 12 exits. 
I0312 06:28:44.576924 204188 AriaExecutor.h:103] AriaExecutor 0 exits. 
I0312 06:28:44.577243 204164 AriaExecutor.h:649] Worker 1 latency: 26551 us (50%) 27325 us (75%) 28152 us (95%) 29003 us (99%).
I0312 06:28:44.581707 204164 AriaExecutor.h:649] Worker 2 latency: 26539 us (50%) 27312 us (75%) 28149 us (95%) 28989 us (99%).
I0312 06:28:44.586079 204164 AriaExecutor.h:649] Worker 3 latency: 26546 us (50%) 27315 us (75%) 28157 us (95%) 28933 us (99%).
I0312 06:28:44.590019 204164 AriaExecutor.h:649] Worker 4 latency: 26544 us (50%) 27317 us (75%) 28153 us (95%) 29007 us (99%).
I0312 06:28:44.592782 204164 AriaExecutor.h:649] Worker 5 latency: 26540 us (50%) 27306 us (75%) 28148 us (95%) 28966 us (99%).
I0312 06:28:44.595546 204164 AriaExecutor.h:649] Worker 6 latency: 26537 us (50%) 27309 us (75%) 28150 us (95%) 28943 us (99%).
I0312 06:28:44.598284 204164 AriaExecutor.h:649] Worker 7 latency: 26544 us (50%) 27324 us (75%) 28148 us (95%) 28925 us (99%).
I0312 06:28:44.600579 204164 AriaExecutor.h:649] Worker 8 latency: 26542 us (50%) 27321 us (75%) 28154 us (95%) 29077 us (99%).
I0312 06:28:44.602396 204164 AriaExecutor.h:649] Worker 9 latency: 26527 us (50%) 27303 us (75%) 28146 us (95%) 28974 us (99%).
I0312 06:28:44.604257 204164 AriaExecutor.h:649] Worker 10 latency: 26533 us (50%) 27316 us (75%) 28150 us (95%) 28956 us (99%).
I0312 06:28:44.606091 204164 AriaExecutor.h:649] Worker 11 latency: 26543 us (50%) 27316 us (75%) 28145 us (95%) 28989 us (99%).
I0312 06:28:44.607880 204164 AriaExecutor.h:649] Worker 12 latency: 26537 us (50%) 27313 us (75%) 28145 us (95%) 28937 us (99%).
I0312 06:28:44.609731 204164 AriaExecutor.h:649] Worker 13 latency: 26534 us (50%) 27312 us (75%) 28140 us (95%) 28876 us (99%).
I0312 06:28:44.611346 204164 AriaExecutor.h:649] Worker 14 latency: 26324 us (50%) 27191 us (75%) 28088 us (95%) 28864 us (99%).
I0312 06:28:44.612871 204164 AriaExecutor.h:649] Worker 15 latency: 26340 us (50%) 27185 us (75%) 28093 us (95%) 28927 us (99%).
I0312 06:28:44.614377 204164 Coordinator.h:177] total commit: 16339.4
I0312 06:28:45.614622 204164 Coordinator.h:192] Coordinator exits.
