I0312 03:38:53.929553 164421 Database.h:65] ycsb initialization finished in 102 milliseconds.
I0312 03:38:53.929788 164421 Coordinator.h:30] Coordinator initializes 32 workers.
I0312 03:38:54.038920 164421 Coordinator.h:77] Coordinator starts to run 33 workers.
I0312 03:38:54.039008 164457 AriaExecutor.h:82] AriaExecutor 0 started. 
I0312 03:38:54.039077 164458 AriaExecutor.h:82] AriaExecutor 1 started. 
I0312 03:38:54.039160 164459 AriaExecutor.h:82] AriaExecutor 2 started. 
I0312 03:38:54.039218 164460 AriaExecutor.h:82] AriaExecutor 3 started. 
I0312 03:38:54.039278 164461 AriaExecutor.h:82] AriaExecutor 4 started. 
I0312 03:38:54.039335 164462 AriaExecutor.h:82] AriaExecutor 5 started. 
I0312 03:38:54.039407 164463 AriaExecutor.h:82] AriaExecutor 6 started. 
I0312 03:38:54.039486 164464 AriaExecutor.h:82] AriaExecutor 7 started. 
I0312 03:38:54.039584 164465 AriaExecutor.h:82] AriaExecutor 8 started. 
I0312 03:38:54.039686 164466 AriaExecutor.h:82] AriaExecutor 9 started. 
I0312 03:38:54.039791 164467 AriaExecutor.h:82] AriaExecutor 10 started. 
I0312 03:38:54.039872 164468 AriaExecutor.h:82] AriaExecutor 11 started. 
I0312 03:38:54.039999 164469 AriaExecutor.h:82] AriaExecutor 12 started. 
I0312 03:38:54.040107 164470 AriaExecutor.h:82] AriaExecutor 13 started. 
I0312 03:38:54.040220 164471 AriaExecutor.h:82] AriaExecutor 14 started. 
I0312 03:38:54.040371 164472 AriaExecutor.h:82] AriaExecutor 15 started. 
I0312 03:38:54.040486 164473 AriaExecutor.h:82] AriaExecutor 16 started. 
I0312 03:38:54.040601 164474 AriaExecutor.h:82] AriaExecutor 17 started. 
I0312 03:38:54.040719 164475 AriaExecutor.h:82] AriaExecutor 18 started. 
I0312 03:38:54.040774 164476 AriaExecutor.h:82] AriaExecutor 19 started. 
I0312 03:38:54.040859 164477 AriaExecutor.h:82] AriaExecutor 20 started. 
I0312 03:38:54.040964 164478 AriaExecutor.h:82] AriaExecutor 21 started. 
I0312 03:38:54.041028 164479 AriaExecutor.h:82] AriaExecutor 22 started. 
I0312 03:38:54.041142 164480 AriaExecutor.h:82] AriaExecutor 23 started. 
I0312 03:38:54.041253 164481 AriaExecutor.h:82] AriaExecutor 24 started. 
I0312 03:38:54.041368 164482 AriaExecutor.h:82] AriaExecutor 25 started. 
I0312 03:38:54.041464 164483 AriaExecutor.h:82] AriaExecutor 26 started. 
I0312 03:38:54.041524 164484 AriaExecutor.h:82] AriaExecutor 27 started. 
I0312 03:38:54.041616 164485 AriaExecutor.h:82] AriaExecutor 28 started. 
I0312 03:38:54.041689 164486 AriaExecutor.h:82] AriaExecutor 29 started. 
I0312 03:38:54.041824 164487 AriaExecutor.h:82] AriaExecutor 30 started. 
I0312 03:38:54.041950 164488 AriaExecutor.h:82] AriaExecutor 31 started. 
I0312 03:38:54.042070 164489 Manager.h:224] Manager(worker id = 32) on the coordinator node started.
I0312 03:38:55.042124 164421 Coordinator.h:126] commit: 26 abort: 106470 (0/106470/0), network size: 0, avg network size: 0, si_in_serializable: 0 0 %, local: 0 %
I0312 03:38:56.042285 164421 Coordinator.h:126] commit: 28 abort: 110564 (0/110564/0), network size: 0, avg network size: 0, si_in_serializable: 0 0 %, local: 0 %
I0312 03:38:57.042407 164421 Coordinator.h:126] commit: 27 abort: 106469 (0/106469/0), network size: 0, avg network size: 0, si_in_serializable: 0 0 %, local: 0 %
I0312 03:38:58.042567 164421 Coordinator.h:126] commit: 29 abort: 110563 (0/110563/0), network size: 0, avg network size: 0, si_in_serializable: 0 0 %, local: 0 %
I0312 03:38:59.042703 164421 Coordinator.h:126] commit: 29 abort: 110563 (0/110563/0), network size: 0, avg network size: 0, si_in_serializable: 0 0 %, local: 0 %
I0312 03:39:00.042845 164421 Coordinator.h:126] commit: 27 abort: 110565 (0/110565/0), network size: 0, avg network size: 0, si_in_serializable: 0 0 %, local: 0 %
I0312 03:39:01.042977 164421 Coordinator.h:126] commit: 27 abort: 106469 (0/106469/0), network size: 0, avg network size: 0, si_in_serializable: 0 0 %, local: 0 %
I0312 03:39:02.043112 164421 Coordinator.h:126] commit: 27 abort: 110565 (0/110565/0), network size: 0, avg network size: 0, si_in_serializable: 0 0 %, local: 0 %
I0312 03:39:03.043241 164421 Coordinator.h:126] commit: 27 abort: 106469 (0/106469/0), network size: 0, avg network size: 0, si_in_serializable: 0 0 %, local: 0 %
I0312 03:39:04.043375 164421 Coordinator.h:126] commit: 27 abort: 110565 (0/110565/0), network size: 0, avg network size: 0, si_in_serializable: 0 0 %, local: 0 %
I0312 03:39:05.043548 164421 Coordinator.h:126] commit: 28 abort: 106468 (0/106468/0), network size: 0, avg network size: 0, si_in_serializable: 0 0 %, local: 0 %
I0312 03:39:06.043696 164421 Coordinator.h:126] commit: 27 abort: 110565 (0/110565/0), network size: 0, avg network size: 0, si_in_serializable: 0 0 %, local: 0 %
I0312 03:39:07.043828 164421 Coordinator.h:126] commit: 27 abort: 106469 (0/106469/0), network size: 0, avg network size: 0, si_in_serializable: 0 0 %, local: 0 %
I0312 03:39:08.043963 164421 Coordinator.h:126] commit: 27 abort: 106469 (0/106469/0), network size: 0, avg network size: 0, si_in_serializable: 0 0 %, local: 0 %
I0312 03:39:09.044090 164421 Coordinator.h:126] commit: 27 abort: 110565 (0/110565/0), network size: 0, avg network size: 0, si_in_serializable: 0 0 %, local: 0 %
I0312 03:39:10.044216 164421 Coordinator.h:126] commit: 26 abort: 106470 (0/106470/0), network size: 0, avg network size: 0, si_in_serializable: 0 0 %, local: 0 %
I0312 03:39:11.044358 164421 Coordinator.h:126] commit: 27 abort: 110565 (0/110565/0), network size: 0, avg network size: 0, si_in_serializable: 0 0 %, local: 0 %
I0312 03:39:12.044487 164421 Coordinator.h:126] commit: 28 abort: 106468 (0/106468/0), network size: 0, avg network size: 0, si_in_serializable: 0 0 %, local: 0 %
I0312 03:39:13.044618 164421 Coordinator.h:126] commit: 28 abort: 110564 (0/110564/0), network size: 0, avg network size: 0, si_in_serializable: 0 0 %, local: 0 %
I0312 03:39:14.044757 164421 Coordinator.h:126] commit: 27 abort: 106469 (0/106469/0), network size: 0, avg network size: 0, si_in_serializable: 0 0 %, local: 0 %
I0312 03:39:15.044885 164421 Coordinator.h:126] commit: 27 abort: 106469 (0/106469/0), network size: 0, avg network size: 0, si_in_serializable: 0 0 %, local: 0 %
I0312 03:39:16.045058 164421 Coordinator.h:126] commit: 27 abort: 110565 (0/110565/0), network size: 0, avg network size: 0, si_in_serializable: 0 0 %, local: 0 %
I0312 03:39:17.045202 164421 Coordinator.h:126] commit: 27 abort: 106469 (0/106469/0), network size: 0, avg network size: 0, si_in_serializable: 0 0 %, local: 0 %
I0312 03:39:18.045341 164421 Coordinator.h:126] commit: 28 abort: 110564 (0/110564/0), network size: 0, avg network size: 0, si_in_serializable: 0 0 %, local: 0 %
I0312 03:39:19.045480 164421 Coordinator.h:126] commit: 26 abort: 106470 (0/106470/0), network size: 0, avg network size: 0, si_in_serializable: 0 0 %, local: 0 %
I0312 03:39:19.045526 164421 Coordinator.h:152] average commit: 27.2 abort: 108107 (0/108107/0), network size: 0, avg network size: 0, si_in_serializable: 0 0 %, local: 0 %
I0312 03:39:19.045542 164421 AriaExecutor.h:535] Worker 0 latency: 37599 us (50%) 37789 us (75%) 38099 us (95%) 42042 us (99%).
I0312 03:39:19.061214 164458 AriaExecutor.h:94] AriaExecutor 1 exits. 
I0312 03:39:19.061223 164463 AriaExecutor.h:94] AriaExecutor 6 exits. 
I0312 03:39:19.061214 164460 AriaExecutor.h:94] AriaExecutor 3 exits. 
I0312 03:39:19.061218 164457 AriaExecutor.h:94] AriaExecutor 0 exits. 
I0312 03:39:19.061232 164462 AriaExecutor.h:94] AriaExecutor 5 exits. 
I0312 03:39:19.061254 164472 AriaExecutor.h:94] AriaExecutor 15 exits. 
I0312 03:39:19.061223 164466 AriaExecutor.h:94] AriaExecutor 9 exits. 
I0312 03:39:19.061225 164469 AriaExecutor.h:94] AriaExecutor 12 exits. 
I0312 03:39:19.061216 164464 AriaExecutor.h:94] AriaExecutor 7 exits. 
I0312 03:39:19.061221 164459 AriaExecutor.h:94] AriaExecutor 2 exits. 
I0312 03:39:19.061246 164482 AriaExecutor.h:94] AriaExecutor 25 exits. 
I0312 03:39:19.061244 164483 AriaExecutor.h:94] AriaExecutor 26 exits. 
I0312 03:39:19.061231 164461 AriaExecutor.h:94] AriaExecutor 4 exits. 
I0312 03:39:19.061244 164473 AriaExecutor.h:94] AriaExecutor 16 exits. 
I0312 03:39:19.061242 164478 AriaExecutor.h:94] AriaExecutor 21 exits. 
I0312 03:39:19.061223 164468 AriaExecutor.h:94] AriaExecutor 11 exits. 
I0312 03:39:19.061249 164486 AriaExecutor.h:94] AriaExecutor 29 exits. 
I0312 03:39:19.061247 164485 AriaExecutor.h:94] AriaExecutor 28 exits. 
I0312 03:39:19.061242 164471 AriaExecutor.h:94] AriaExecutor 14 exits. 
I0312 03:39:19.061224 164465 AriaExecutor.h:94] AriaExecutor 8 exits. 
I0312 03:39:19.061216 164487 AriaExecutor.h:94] AriaExecutor 30 exits. 
I0312 03:39:19.061246 164484 AriaExecutor.h:94] AriaExecutor 27 exits. 
I0312 03:39:19.061262 164480 AriaExecutor.h:94] AriaExecutor 23 exits. 
I0312 03:39:19.061223 164470 AriaExecutor.h:94] AriaExecutor 13 exits. 
I0312 03:39:19.061247 164475 AriaExecutor.h:94] AriaExecutor 18 exits. 
I0312 03:39:19.061265 164479 AriaExecutor.h:94] AriaExecutor 22 exits. 
I0312 03:39:19.061226 164467 AriaExecutor.h:94] AriaExecutor 10 exits. 
I0312 03:39:19.061223 164488 AriaExecutor.h:94] AriaExecutor 31 exits. 
I0312 03:39:19.061242 164474 AriaExecutor.h:94] AriaExecutor 17 exits. 
I0312 03:39:19.061219 164489 Manager.h:227] Manager(worker id = 32) on the coordinator node exits.
I0312 03:39:19.061249 164477 AriaExecutor.h:94] AriaExecutor 20 exits. 
I0312 03:39:19.061244 164476 AriaExecutor.h:94] AriaExecutor 19 exits. 
I0312 03:39:19.061245 164481 AriaExecutor.h:94] AriaExecutor 24 exits. 
I0312 03:39:19.061530 164421 AriaExecutor.h:535] Worker 1 latency: 37215 us (50%) 37470 us (75%) 37816 us (95%) 37816 us (99%).
I0312 03:39:19.061587 164421 AriaExecutor.h:535] Worker 2 latency: 0 us (50%) 0 us (75%) 0 us (95%) 0 us (99%).
I0312 03:39:19.061610 164421 AriaExecutor.h:535] Worker 3 latency: 37140 us (50%) 37554 us (75%) 37554 us (95%) 37554 us (99%).
I0312 03:39:19.061637 164421 AriaExecutor.h:535] Worker 4 latency: 0 us (50%) 0 us (75%) 0 us (95%) 0 us (99%).
I0312 03:39:19.061762 164421 AriaExecutor.h:535] Worker 5 latency: 0 us (50%) 0 us (75%) 0 us (95%) 0 us (99%).
I0312 03:39:19.061798 164421 AriaExecutor.h:535] Worker 6 latency: 0 us (50%) 0 us (75%) 0 us (95%) 0 us (99%).
I0312 03:39:19.061825 164421 AriaExecutor.h:535] Worker 7 latency: 0 us (50%) 0 us (75%) 0 us (95%) 0 us (99%).
I0312 03:39:19.061846 164421 AriaExecutor.h:535] Worker 8 latency: 0 us (50%) 0 us (75%) 0 us (95%) 0 us (99%).
I0312 03:39:19.061865 164421 AriaExecutor.h:535] Worker 9 latency: 0 us (50%) 0 us (75%) 0 us (95%) 0 us (99%).
I0312 03:39:19.061887 164421 AriaExecutor.h:535] Worker 10 latency: 0 us (50%) 0 us (75%) 0 us (95%) 0 us (99%).
I0312 03:39:19.061904 164421 AriaExecutor.h:535] Worker 11 latency: 0 us (50%) 0 us (75%) 0 us (95%) 0 us (99%).
I0312 03:39:19.061923 164421 AriaExecutor.h:535] Worker 12 latency: 0 us (50%) 0 us (75%) 0 us (95%) 0 us (99%).
I0312 03:39:19.061942 164421 AriaExecutor.h:535] Worker 13 latency: 0 us (50%) 0 us (75%) 0 us (95%) 0 us (99%).
I0312 03:39:19.061960 164421 AriaExecutor.h:535] Worker 14 latency: 0 us (50%) 0 us (75%) 0 us (95%) 0 us (99%).
I0312 03:39:19.061980 164421 AriaExecutor.h:535] Worker 15 latency: 0 us (50%) 0 us (75%) 0 us (95%) 0 us (99%).
I0312 03:39:19.062000 164421 AriaExecutor.h:535] Worker 16 latency: 0 us (50%) 0 us (75%) 0 us (95%) 0 us (99%).
I0312 03:39:19.062019 164421 AriaExecutor.h:535] Worker 17 latency: 0 us (50%) 0 us (75%) 0 us (95%) 0 us (99%).
I0312 03:39:19.062037 164421 AriaExecutor.h:535] Worker 18 latency: 0 us (50%) 0 us (75%) 0 us (95%) 0 us (99%).
I0312 03:39:19.062060 164421 AriaExecutor.h:535] Worker 19 latency: 0 us (50%) 0 us (75%) 0 us (95%) 0 us (99%).
I0312 03:39:19.062083 164421 AriaExecutor.h:535] Worker 20 latency: 0 us (50%) 0 us (75%) 0 us (95%) 0 us (99%).
I0312 03:39:19.062104 164421 AriaExecutor.h:535] Worker 21 latency: 0 us (50%) 0 us (75%) 0 us (95%) 0 us (99%).
I0312 03:39:19.062127 164421 AriaExecutor.h:535] Worker 22 latency: 0 us (50%) 0 us (75%) 0 us (95%) 0 us (99%).
I0312 03:39:19.062151 164421 AriaExecutor.h:535] Worker 23 latency: 0 us (50%) 0 us (75%) 0 us (95%) 0 us (99%).
I0312 03:39:19.062172 164421 AriaExecutor.h:535] Worker 24 latency: 0 us (50%) 0 us (75%) 0 us (95%) 0 us (99%).
I0312 03:39:19.062194 164421 AriaExecutor.h:535] Worker 25 latency: 0 us (50%) 0 us (75%) 0 us (95%) 0 us (99%).
I0312 03:39:19.062218 164421 AriaExecutor.h:535] Worker 26 latency: 0 us (50%) 0 us (75%) 0 us (95%) 0 us (99%).
I0312 03:39:19.062240 164421 AriaExecutor.h:535] Worker 27 latency: 0 us (50%) 0 us (75%) 0 us (95%) 0 us (99%).
I0312 03:39:19.062265 164421 AriaExecutor.h:535] Worker 28 latency: 0 us (50%) 0 us (75%) 0 us (95%) 0 us (99%).
I0312 03:39:19.062286 164421 AriaExecutor.h:535] Worker 29 latency: 0 us (50%) 0 us (75%) 0 us (95%) 0 us (99%).
I0312 03:39:19.062309 164421 AriaExecutor.h:535] Worker 30 latency: 0 us (50%) 0 us (75%) 0 us (95%) 0 us (99%).
I0312 03:39:19.062330 164421 AriaExecutor.h:535] Worker 31 latency: 0 us (50%) 0 us (75%) 0 us (95%) 0 us (99%).
I0312 03:39:19.062367 164421 Coordinator.h:177] total commit: 27.2
I0312 03:39:20.062556 164421 Coordinator.h:192] Coordinator exits.
