I0312 04:13:48.233548 173552 Database.h:65] ycsb initialization finished in 103 milliseconds.
I0312 04:13:48.233760 173552 Coordinator.h:30] Coordinator initializes 48 workers.
I0312 04:13:48.343187 173552 Coordinator.h:77] Coordinator starts to run 49 workers.
I0312 04:13:48.343267 173604 AriaExecutor.h:82] AriaExecutor 0 started. 
I0312 04:13:48.343297 173605 AriaExecutor.h:82] AriaExecutor 1 started. 
I0312 04:13:48.343380 173606 AriaExecutor.h:82] AriaExecutor 2 started. 
I0312 04:13:48.343446 173607 AriaExecutor.h:82] AriaExecutor 3 started. 
I0312 04:13:48.343495 173608 AriaExecutor.h:82] AriaExecutor 4 started. 
I0312 04:13:48.343564 173609 AriaExecutor.h:82] AriaExecutor 5 started. 
I0312 04:13:48.343631 173610 AriaExecutor.h:82] AriaExecutor 6 started. 
I0312 04:13:48.343693 173611 AriaExecutor.h:82] AriaExecutor 7 started. 
I0312 04:13:48.343783 173612 AriaExecutor.h:82] AriaExecutor 8 started. 
I0312 04:13:48.343878 173613 AriaExecutor.h:82] AriaExecutor 9 started. 
I0312 04:13:48.343958 173614 AriaExecutor.h:82] AriaExecutor 10 started. 
I0312 04:13:48.344043 173615 AriaExecutor.h:82] AriaExecutor 11 started. 
I0312 04:13:48.344111 173616 AriaExecutor.h:82] AriaExecutor 12 started. 
I0312 04:13:48.344350 173617 AriaExecutor.h:82] AriaExecutor 13 started. 
I0312 04:13:48.344511 173618 AriaExecutor.h:82] AriaExecutor 14 started. 
I0312 04:13:48.344666 173619 AriaExecutor.h:82] AriaExecutor 15 started. 
I0312 04:13:48.344810 173620 AriaExecutor.h:82] AriaExecutor 16 started. 
I0312 04:13:48.344957 173621 AriaExecutor.h:82] AriaExecutor 17 started. 
I0312 04:13:48.345101 173622 AriaExecutor.h:82] AriaExecutor 18 started. 
I0312 04:13:48.345259 173623 AriaExecutor.h:82] AriaExecutor 19 started. 
I0312 04:13:48.345432 173624 AriaExecutor.h:82] AriaExecutor 20 started. 
I0312 04:13:48.345618 173625 AriaExecutor.h:82] AriaExecutor 21 started. 
I0312 04:13:48.345800 173626 AriaExecutor.h:82] AriaExecutor 22 started. 
I0312 04:13:48.345974 173627 AriaExecutor.h:82] AriaExecutor 23 started. 
I0312 04:13:48.346151 173628 AriaExecutor.h:82] AriaExecutor 24 started. 
I0312 04:13:48.346338 173629 AriaExecutor.h:82] AriaExecutor 25 started. 
I0312 04:13:48.346518 173630 AriaExecutor.h:82] AriaExecutor 26 started. 
I0312 04:13:48.346695 173631 AriaExecutor.h:82] AriaExecutor 27 started. 
I0312 04:13:48.346887 173632 AriaExecutor.h:82] AriaExecutor 28 started. 
I0312 04:13:48.347060 173633 AriaExecutor.h:82] AriaExecutor 29 started. 
I0312 04:13:48.347239 173634 AriaExecutor.h:82] AriaExecutor 30 started. 
I0312 04:13:48.347402 173635 AriaExecutor.h:82] AriaExecutor 31 started. 
I0312 04:13:48.347584 173636 AriaExecutor.h:82] AriaExecutor 32 started. 
I0312 04:13:48.347766 173637 AriaExecutor.h:82] AriaExecutor 33 started. 
I0312 04:13:48.347944 173638 AriaExecutor.h:82] AriaExecutor 34 started. 
I0312 04:13:48.348152 173639 AriaExecutor.h:82] AriaExecutor 35 started. 
I0312 04:13:48.348373 173640 AriaExecutor.h:82] AriaExecutor 36 started. 
I0312 04:13:48.348587 173641 AriaExecutor.h:82] AriaExecutor 37 started. 
I0312 04:13:48.348785 173642 AriaExecutor.h:82] AriaExecutor 38 started. 
I0312 04:13:48.348996 173643 AriaExecutor.h:82] AriaExecutor 39 started. 
I0312 04:13:48.349195 173644 AriaExecutor.h:82] AriaExecutor 40 started. 
I0312 04:13:48.349399 173645 AriaExecutor.h:82] AriaExecutor 41 started. 
I0312 04:13:48.349613 173646 AriaExecutor.h:82] AriaExecutor 42 started. 
I0312 04:13:48.349702 173647 AriaExecutor.h:82] AriaExecutor 43 started. 
I0312 04:13:48.349861 173648 AriaExecutor.h:82] AriaExecutor 44 started. 
I0312 04:13:48.350049 173649 AriaExecutor.h:82] AriaExecutor 45 started. 
I0312 04:13:48.350220 173650 AriaExecutor.h:82] AriaExecutor 46 started. 
I0312 04:13:48.350394 173651 AriaExecutor.h:82] AriaExecutor 47 started. 
I0312 04:13:48.350577 173652 Manager.h:224] Manager(worker id = 48) on the coordinator node started.
I0312 04:13:49.350656 173552 Coordinator.h:126] commit: 126 abort: 249730 (0/249730/0), network size: 0, avg network size: 0, si_in_serializable: 0 0 %, local: 0 %
I0312 04:13:50.350821 173552 Coordinator.h:126] commit: 140 abort: 249716 (0/249716/0), network size: 0, avg network size: 0, si_in_serializable: 0 0 %, local: 0 %
I0312 04:13:51.350975 173552 Coordinator.h:126] commit: 143 abort: 257905 (0/257905/0), network size: 0, avg network size: 0, si_in_serializable: 0 0 %, local: 0 %
I0312 04:13:52.351135 173552 Coordinator.h:126] commit: 124 abort: 257924 (0/257924/0), network size: 0, avg network size: 0, si_in_serializable: 0 0 %, local: 0 %
I0312 04:13:53.351398 173552 Coordinator.h:126] commit: 124 abort: 253828 (0/253828/0), network size: 0, avg network size: 0, si_in_serializable: 0 0 %, local: 0 %
I0312 04:13:54.351588 173552 Coordinator.h:126] commit: 127 abort: 257921 (0/257921/0), network size: 0, avg network size: 0, si_in_serializable: 0 0 %, local: 0 %
I0312 04:13:55.351744 173552 Coordinator.h:126] commit: 148 abort: 257900 (0/257900/0), network size: 0, avg network size: 0, si_in_serializable: 0 0 %, local: 0 %
I0312 04:13:56.351905 173552 Coordinator.h:126] commit: 146 abort: 257902 (0/257902/0), network size: 0, avg network size: 0, si_in_serializable: 0 0 %, local: 0 %
I0312 04:13:57.352062 173552 Coordinator.h:126] commit: 137 abort: 257911 (0/257911/0), network size: 0, avg network size: 0, si_in_serializable: 0 0 %, local: 0 %
I0312 04:13:58.352216 173552 Coordinator.h:126] commit: 133 abort: 253819 (0/253819/0), network size: 0, avg network size: 0, si_in_serializable: 0 0 %, local: 0 %
I0312 04:13:59.352396 173552 Coordinator.h:126] commit: 138 abort: 257910 (0/257910/0), network size: 0, avg network size: 0, si_in_serializable: 0 0 %, local: 0 %
I0312 04:14:00.352586 173552 Coordinator.h:126] commit: 130 abort: 257918 (0/257918/0), network size: 0, avg network size: 0, si_in_serializable: 0 0 %, local: 0 %
I0312 04:14:01.352748 173552 Coordinator.h:126] commit: 134 abort: 262010 (0/262010/0), network size: 0, avg network size: 0, si_in_serializable: 0 0 %, local: 0 %
I0312 04:14:02.352901 173552 Coordinator.h:126] commit: 128 abort: 262016 (0/262016/0), network size: 0, avg network size: 0, si_in_serializable: 0 0 %, local: 0 %
I0312 04:14:03.353051 173552 Coordinator.h:126] commit: 141 abort: 262003 (0/262003/0), network size: 0, avg network size: 0, si_in_serializable: 0 0 %, local: 0 %
I0312 04:14:04.353199 173552 Coordinator.h:126] commit: 144 abort: 262000 (0/262000/0), network size: 0, avg network size: 0, si_in_serializable: 0 0 %, local: 0 %
I0312 04:14:05.353345 173552 Coordinator.h:126] commit: 137 abort: 257911 (0/257911/0), network size: 0, avg network size: 0, si_in_serializable: 0 0 %, local: 0 %
I0312 04:14:06.353495 173552 Coordinator.h:126] commit: 134 abort: 262010 (0/262010/0), network size: 0, avg network size: 0, si_in_serializable: 0 0 %, local: 0 %
I0312 04:14:07.353646 173552 Coordinator.h:126] commit: 139 abort: 262005 (0/262005/0), network size: 0, avg network size: 0, si_in_serializable: 0 0 %, local: 0 %
I0312 04:14:08.353799 173552 Coordinator.h:126] commit: 131 abort: 262013 (0/262013/0), network size: 0, avg network size: 0, si_in_serializable: 0 0 %, local: 0 %
I0312 04:14:09.353951 173552 Coordinator.h:126] commit: 136 abort: 262008 (0/262008/0), network size: 0, avg network size: 0, si_in_serializable: 0 0 %, local: 0 %
I0312 04:14:10.354102 173552 Coordinator.h:126] commit: 120 abort: 257928 (0/257928/0), network size: 0, avg network size: 0, si_in_serializable: 0 0 %, local: 0 %
I0312 04:14:11.354250 173552 Coordinator.h:126] commit: 145 abort: 261999 (0/261999/0), network size: 0, avg network size: 0, si_in_serializable: 0 0 %, local: 0 %
I0312 04:14:12.354398 173552 Coordinator.h:126] commit: 149 abort: 261995 (0/261995/0), network size: 0, avg network size: 0, si_in_serializable: 0 0 %, local: 0 %
I0312 04:14:13.354578 173552 Coordinator.h:126] commit: 125 abort: 257923 (0/257923/0), network size: 0, avg network size: 0, si_in_serializable: 0 0 %, local: 0 %
I0312 04:14:13.354651 173552 Coordinator.h:152] average commit: 135.6 abort: 260780 (0/260780/0), network size: 0, avg network size: 0, si_in_serializable: 0 0 %, local: 0 %
I0312 04:14:13.354668 173552 AriaExecutor.h:535] Worker 0 latency: 15661 us (50%) 15820 us (75%) 16097 us (95%) 16390 us (99%).
I0312 04:14:13.355252 173652 Manager.h:227] Manager(worker id = 48) on the coordinator node exits.
I0312 04:14:13.355253 173606 AriaExecutor.h:94] AriaExecutor 2 exits. 
I0312 04:14:13.355279 173630 AriaExecutor.h:94] AriaExecutor 26 exits. 
I0312 04:14:13.355288 173633 AriaExecutor.h:94] AriaExecutor 29 exits. 
I0312 04:14:13.355257 173607 AriaExecutor.h:94] AriaExecutor 3 exits. 
I0312 04:14:13.355283 173636 AriaExecutor.h:94] AriaExecutor 32 exits. 
I0312 04:14:13.355283 173619 AriaExecutor.h:94] AriaExecutor 15 exits. 
I0312 04:14:13.355265 173615 AriaExecutor.h:94] AriaExecutor 11 exits. 
I0312 04:14:13.355319 173644 AriaExecutor.h:94] AriaExecutor 40 exits. 
I0312 04:14:13.355299 173642 AriaExecutor.h:94] AriaExecutor 38 exits. 
I0312 04:14:13.355261 173610 AriaExecutor.h:94] AriaExecutor 6 exits. 
I0312 04:14:13.355253 173605 AriaExecutor.h:94] AriaExecutor 1 exits. 
I0312 04:14:13.355252 173626 AriaExecutor.h:94] AriaExecutor 22 exits. 
I0312 04:14:13.355270 173643 AriaExecutor.h:94] AriaExecutor 39 exits. 
I0312 04:14:13.355281 173622 AriaExecutor.h:94] AriaExecutor 18 exits. 
I0312 04:14:13.355281 173648 AriaExecutor.h:94] AriaExecutor 44 exits. 
I0312 04:14:13.355285 173634 AriaExecutor.h:94] AriaExecutor 30 exits. 
I0312 04:14:13.355317 173649 AriaExecutor.h:94] AriaExecutor 45 exits. 
I0312 04:14:13.355324 173625 AriaExecutor.h:94] AriaExecutor 21 exits. 
I0312 04:14:13.355269 173614 AriaExecutor.h:94] AriaExecutor 10 exits. 
I0312 04:14:13.355271 173612 AriaExecutor.h:94] AriaExecutor 8 exits. 
I0312 04:14:13.355330 173638 AriaExecutor.h:94] AriaExecutor 34 exits. 
I0312 04:14:13.355331 173637 AriaExecutor.h:94] AriaExecutor 33 exits. 
I0312 04:14:13.355324 173645 AriaExecutor.h:94] AriaExecutor 41 exits. 
I0312 04:14:13.355322 173627 AriaExecutor.h:94] AriaExecutor 23 exits. 
I0312 04:14:13.355324 173646 AriaExecutor.h:94] AriaExecutor 42 exits. 
I0312 04:14:13.355279 173639 AriaExecutor.h:94] AriaExecutor 35 exits. 
I0312 04:14:13.355278 173650 AriaExecutor.h:94] AriaExecutor 46 exits. 
I0312 04:14:13.355283 173641 AriaExecutor.h:94] AriaExecutor 37 exits. 
I0312 04:14:13.355269 173631 AriaExecutor.h:94] AriaExecutor 27 exits. 
I0312 04:14:13.355283 173617 AriaExecutor.h:94] AriaExecutor 13 exits. 
I0312 04:14:13.355317 173628 AriaExecutor.h:94] AriaExecutor 24 exits. 
I0312 04:14:13.355325 173647 AriaExecutor.h:94] AriaExecutor 43 exits. 
I0312 04:14:13.355253 173609 AriaExecutor.h:94] AriaExecutor 5 exits. 
I0312 04:14:13.355333 173635 AriaExecutor.h:94] AriaExecutor 31 exits. 
I0312 04:14:13.355253 173611 AriaExecutor.h:94] AriaExecutor 7 exits. 
I0312 04:14:13.355253 173608 AriaExecutor.h:94] AriaExecutor 4 exits. 
I0312 04:14:13.355265 173613 AriaExecutor.h:94] AriaExecutor 9 exits. 
I0312 04:14:13.355314 173624 AriaExecutor.h:94] AriaExecutor 20 exits. 
I0312 04:14:13.355314 173621 AriaExecutor.h:94] AriaExecutor 17 exits. 
I0312 04:14:13.355316 173632 AriaExecutor.h:94] AriaExecutor 28 exits. 
I0312 04:14:13.355273 173616 AriaExecutor.h:94] AriaExecutor 12 exits. 
I0312 04:14:13.355320 173618 AriaExecutor.h:94] AriaExecutor 14 exits. 
I0312 04:14:13.355322 173623 AriaExecutor.h:94] AriaExecutor 19 exits. 
I0312 04:14:13.355321 173640 AriaExecutor.h:94] AriaExecutor 36 exits. 
I0312 04:14:13.355274 173604 AriaExecutor.h:94] AriaExecutor 0 exits. 
I0312 04:14:13.355252 173620 AriaExecutor.h:94] AriaExecutor 16 exits. 
I0312 04:14:13.355283 173629 AriaExecutor.h:94] AriaExecutor 25 exits. 
I0312 04:14:13.355269 173651 AriaExecutor.h:94] AriaExecutor 47 exits. 
I0312 04:14:13.356170 173552 AriaExecutor.h:535] Worker 1 latency: 15664 us (50%) 15825 us (75%) 16093 us (95%) 16353 us (99%).
I0312 04:14:13.356207 173552 AriaExecutor.h:535] Worker 2 latency: 15659 us (50%) 15844 us (75%) 16091 us (95%) 16311 us (99%).
I0312 04:14:13.356226 173552 AriaExecutor.h:535] Worker 3 latency: 15663 us (50%) 15803 us (75%) 16215 us (95%) 16495 us (99%).
I0312 04:14:13.356248 173552 AriaExecutor.h:535] Worker 4 latency: 15630 us (50%) 15800 us (75%) 16128 us (95%) 16174 us (99%).
I0312 04:14:13.356297 173552 AriaExecutor.h:535] Worker 5 latency: 15633 us (50%) 15723 us (75%) 16169 us (95%) 16465 us (99%).
I0312 04:14:13.356324 173552 AriaExecutor.h:535] Worker 6 latency: 15662 us (50%) 15805 us (75%) 15979 us (95%) 16044 us (99%).
I0312 04:14:13.356351 173552 AriaExecutor.h:535] Worker 7 latency: 15645 us (50%) 15815 us (75%) 16052 us (95%) 19466 us (99%).
I0312 04:14:13.356375 173552 AriaExecutor.h:535] Worker 8 latency: 15583 us (50%) 15680 us (75%) 16079 us (95%) 16724 us (99%).
I0312 04:14:13.356401 173552 AriaExecutor.h:535] Worker 9 latency: 15636 us (50%) 15776 us (75%) 15958 us (95%) 16056 us (99%).
I0312 04:14:13.356424 173552 AriaExecutor.h:535] Worker 10 latency: 15673 us (50%) 15767 us (75%) 16108 us (95%) 16302 us (99%).
I0312 04:14:13.356449 173552 AriaExecutor.h:535] Worker 11 latency: 15685 us (50%) 15827 us (75%) 16087 us (95%) 16131 us (99%).
I0312 04:14:13.356473 173552 AriaExecutor.h:535] Worker 12 latency: 15542 us (50%) 15695 us (75%) 16078 us (95%) 16121 us (99%).
I0312 04:14:13.356499 173552 AriaExecutor.h:535] Worker 13 latency: 15722 us (50%) 15838 us (75%) 15991 us (95%) 15991 us (99%).
I0312 04:14:13.356521 173552 AriaExecutor.h:535] Worker 14 latency: 15639 us (50%) 15713 us (75%) 15899 us (95%) 16068 us (99%).
I0312 04:14:13.356544 173552 AriaExecutor.h:535] Worker 15 latency: 15575 us (50%) 15658 us (75%) 16019 us (95%) 16196 us (99%).
I0312 04:14:13.356568 173552 AriaExecutor.h:535] Worker 16 latency: 15636 us (50%) 15893 us (75%) 16585 us (95%) 16585 us (99%).
I0312 04:14:13.356590 173552 AriaExecutor.h:535] Worker 17 latency: 15649 us (50%) 15818 us (75%) 16117 us (95%) 16117 us (99%).
I0312 04:14:13.356616 173552 AriaExecutor.h:535] Worker 18 latency: 15640 us (50%) 15820 us (75%) 16390 us (95%) 16390 us (99%).
I0312 04:14:13.356634 173552 AriaExecutor.h:535] Worker 19 latency: 15495 us (50%) 15600 us (75%) 17683 us (95%) 17683 us (99%).
I0312 04:14:13.356653 173552 AriaExecutor.h:535] Worker 20 latency: 15601 us (50%) 15897 us (75%) 15996 us (95%) 15996 us (99%).
I0312 04:14:13.356674 173552 AriaExecutor.h:535] Worker 21 latency: 15732 us (50%) 15860 us (75%) 15973 us (95%) 15973 us (99%).
I0312 04:14:13.356693 173552 AriaExecutor.h:535] Worker 22 latency: 15656 us (50%) 15868 us (75%) 16368 us (95%) 16368 us (99%).
I0312 04:14:13.356714 173552 AriaExecutor.h:535] Worker 23 latency: 15566 us (50%) 15572 us (75%) 15686 us (95%) 15686 us (99%).
I0312 04:14:13.356732 173552 AriaExecutor.h:535] Worker 24 latency: 15636 us (50%) 15777 us (75%) 16221 us (95%) 16221 us (99%).
I0312 04:14:13.356751 173552 AriaExecutor.h:535] Worker 25 latency: 15519 us (50%) 15685 us (75%) 15794 us (95%) 15794 us (99%).
I0312 04:14:13.356770 173552 AriaExecutor.h:535] Worker 26 latency: 15703 us (50%) 15861 us (75%) 16038 us (95%) 16038 us (99%).
I0312 04:14:13.356792 173552 AriaExecutor.h:535] Worker 27 latency: 15625 us (50%) 15983 us (75%) 15999 us (95%) 15999 us (99%).
I0312 04:14:13.356812 173552 AriaExecutor.h:535] Worker 28 latency: 15591 us (50%) 15815 us (75%) 15815 us (95%) 15815 us (99%).
I0312 04:14:13.356858 173552 AriaExecutor.h:535] Worker 29 latency: 15572 us (50%) 15610 us (75%) 15733 us (95%) 15733 us (99%).
I0312 04:14:13.356877 173552 AriaExecutor.h:535] Worker 30 latency: 15556 us (50%) 15709 us (75%) 16036 us (95%) 16036 us (99%).
I0312 04:14:13.356895 173552 AriaExecutor.h:535] Worker 31 latency: 15532 us (50%) 15828 us (75%) 15964 us (95%) 15964 us (99%).
I0312 04:14:13.356915 173552 AriaExecutor.h:535] Worker 32 latency: 15645 us (50%) 15837 us (75%) 16044 us (95%) 16044 us (99%).
I0312 04:14:13.356936 173552 AriaExecutor.h:535] Worker 33 latency: 15557 us (50%) 15558 us (75%) 15775 us (95%) 15775 us (99%).
I0312 04:14:13.356956 173552 AriaExecutor.h:535] Worker 34 latency: 15536 us (50%) 15707 us (75%) 15707 us (95%) 15707 us (99%).
I0312 04:14:13.356986 173552 AriaExecutor.h:535] Worker 35 latency: 15620 us (50%) 15671 us (75%) 19461 us (95%) 19461 us (99%).
I0312 04:14:13.357009 173552 AriaExecutor.h:535] Worker 36 latency: 15614 us (50%) 15731 us (75%) 15731 us (95%) 15731 us (99%).
I0312 04:14:13.357033 173552 AriaExecutor.h:535] Worker 37 latency: 15675 us (50%) 15870 us (75%) 15870 us (95%) 15870 us (99%).
I0312 04:14:13.357053 173552 AriaExecutor.h:535] Worker 38 latency: 15680 us (50%) 15961 us (75%) 16313 us (95%) 16313 us (99%).
I0312 04:14:13.357076 173552 AriaExecutor.h:535] Worker 39 latency: 15522 us (50%) 15683 us (75%) 15683 us (95%) 15683 us (99%).
I0312 04:14:13.357105 173552 AriaExecutor.h:535] Worker 40 latency: 15652 us (50%) 15797 us (75%) 15993 us (95%) 15993 us (99%).
I0312 04:14:13.357127 173552 AriaExecutor.h:535] Worker 41 latency: 15518 us (50%) 15646 us (75%) 15770 us (95%) 15770 us (99%).
I0312 04:14:13.357151 173552 AriaExecutor.h:535] Worker 42 latency: 15560 us (50%) 15696 us (75%) 16179 us (95%) 16179 us (99%).
I0312 04:14:13.357173 173552 AriaExecutor.h:535] Worker 43 latency: 15525 us (50%) 15698 us (75%) 15779 us (95%) 15779 us (99%).
I0312 04:14:13.357195 173552 AriaExecutor.h:535] Worker 44 latency: 15580 us (50%) 15825 us (75%) 16208 us (95%) 16208 us (99%).
I0312 04:14:13.357218 173552 AriaExecutor.h:535] Worker 45 latency: 15470 us (50%) 15608 us (75%) 15656 us (95%) 15656 us (99%).
I0312 04:14:13.357239 173552 AriaExecutor.h:535] Worker 46 latency: 15510 us (50%) 15620 us (75%) 15744 us (95%) 15744 us (99%).
I0312 04:14:13.357260 173552 AriaExecutor.h:535] Worker 47 latency: 15796 us (50%) 16014 us (75%) 16014 us (95%) 16014 us (99%).
I0312 04:14:13.357299 173552 Coordinator.h:177] total commit: 135.6
I0312 04:14:14.357503 173552 Coordinator.h:192] Coordinator exits.
