I0312 03:38:01.214689 164260 Database.h:65] ycsb initialization finished in 99 milliseconds.
I0312 03:38:01.214920 164260 Coordinator.h:30] Coordinator initializes 32 workers.
I0312 03:38:01.255031 164260 Coordinator.h:77] Coordinator starts to run 33 workers.
I0312 03:38:01.255136 164296 AriaExecutor.h:82] AriaExecutor 0 started. 
I0312 03:38:01.255221 164297 AriaExecutor.h:82] AriaExecutor 1 started. 
I0312 03:38:01.255273 164298 AriaExecutor.h:82] AriaExecutor 2 started. 
I0312 03:38:01.255347 164299 AriaExecutor.h:82] AriaExecutor 3 started. 
I0312 03:38:01.255434 164300 AriaExecutor.h:82] AriaExecutor 4 started. 
I0312 03:38:01.255527 164301 AriaExecutor.h:82] AriaExecutor 5 started. 
I0312 03:38:01.255641 164302 AriaExecutor.h:82] AriaExecutor 6 started. 
I0312 03:38:01.255739 164303 AriaExecutor.h:82] AriaExecutor 7 started. 
I0312 03:38:01.255834 164304 AriaExecutor.h:82] AriaExecutor 8 started. 
I0312 03:38:01.255931 164305 AriaExecutor.h:82] AriaExecutor 9 started. 
I0312 03:38:01.256028 164306 AriaExecutor.h:82] AriaExecutor 10 started. 
I0312 03:38:01.256120 164307 AriaExecutor.h:82] AriaExecutor 11 started. 
I0312 03:38:01.256350 164308 AriaExecutor.h:82] AriaExecutor 12 started. 
I0312 03:38:01.256367 164309 AriaExecutor.h:82] AriaExecutor 13 started. 
I0312 03:38:01.256485 164310 AriaExecutor.h:82] AriaExecutor 14 started. 
I0312 03:38:01.256616 164311 AriaExecutor.h:82] AriaExecutor 15 started. 
I0312 03:38:01.256752 164312 AriaExecutor.h:82] AriaExecutor 16 started. 
I0312 03:38:01.256860 164313 AriaExecutor.h:82] AriaExecutor 17 started. 
I0312 03:38:01.256918 164314 AriaExecutor.h:82] AriaExecutor 18 started. 
I0312 03:38:01.257001 164315 AriaExecutor.h:82] AriaExecutor 19 started. 
I0312 03:38:01.257103 164316 AriaExecutor.h:82] AriaExecutor 20 started. 
I0312 03:38:01.257158 164317 AriaExecutor.h:82] AriaExecutor 21 started. 
I0312 03:38:01.257265 164318 AriaExecutor.h:82] AriaExecutor 22 started. 
I0312 03:38:01.257371 164319 AriaExecutor.h:82] AriaExecutor 23 started. 
I0312 03:38:01.257470 164320 AriaExecutor.h:82] AriaExecutor 24 started. 
I0312 03:38:01.257593 164321 AriaExecutor.h:82] AriaExecutor 25 started. 
I0312 03:38:01.257711 164322 AriaExecutor.h:82] AriaExecutor 26 started. 
I0312 03:38:01.257824 164323 AriaExecutor.h:82] AriaExecutor 27 started. 
I0312 03:38:01.257936 164324 AriaExecutor.h:82] AriaExecutor 28 started. 
I0312 03:38:01.258029 164325 AriaExecutor.h:82] AriaExecutor 29 started. 
I0312 03:38:01.258149 164326 AriaExecutor.h:82] AriaExecutor 30 started. 
I0312 03:38:01.258286 164327 AriaExecutor.h:82] AriaExecutor 31 started. 
I0312 03:38:01.258401 164328 Manager.h:224] Manager(worker id = 32) on the coordinator node started.
I0312 03:38:02.258435 164260 Coordinator.h:126] commit: 119 abort: 113545 (0/113545/0), network size: 0, avg network size: 0, si_in_serializable: 0 0 %, local: 0 %
I0312 03:38:03.258580 164260 Coordinator.h:126] commit: 115 abort: 115597 (0/115597/0), network size: 0, avg network size: 0, si_in_serializable: 0 0 %, local: 0 %
I0312 03:38:04.258718 164260 Coordinator.h:126] commit: 116 abort: 116620 (0/116620/0), network size: 0, avg network size: 0, si_in_serializable: 0 0 %, local: 0 %
I0312 03:38:05.258890 164260 Coordinator.h:126] commit: 114 abort: 114574 (0/114574/0), network size: 0, avg network size: 0, si_in_serializable: 0 0 %, local: 0 %
I0312 03:38:06.259029 164260 Coordinator.h:126] commit: 117 abort: 115595 (0/115595/0), network size: 0, avg network size: 0, si_in_serializable: 0 0 %, local: 0 %
I0312 03:38:07.259161 164260 Coordinator.h:126] commit: 117 abort: 115595 (0/115595/0), network size: 0, avg network size: 0, si_in_serializable: 0 0 %, local: 0 %
I0312 03:38:08.259294 164260 Coordinator.h:126] commit: 116 abort: 114572 (0/114572/0), network size: 0, avg network size: 0, si_in_serializable: 0 0 %, local: 0 %
I0312 03:38:09.259428 164260 Coordinator.h:126] commit: 120 abort: 113544 (0/113544/0), network size: 0, avg network size: 0, si_in_serializable: 0 0 %, local: 0 %
I0312 03:38:10.259555 164260 Coordinator.h:126] commit: 120 abort: 114568 (0/114568/0), network size: 0, avg network size: 0, si_in_serializable: 0 0 %, local: 0 %
I0312 03:38:11.259723 164260 Coordinator.h:126] commit: 113 abort: 114575 (0/114575/0), network size: 0, avg network size: 0, si_in_serializable: 0 0 %, local: 0 %
I0312 03:38:12.259881 164260 Coordinator.h:126] commit: 119 abort: 114569 (0/114569/0), network size: 0, avg network size: 0, si_in_serializable: 0 0 %, local: 0 %
I0312 03:38:13.260016 164260 Coordinator.h:126] commit: 120 abort: 115592 (0/115592/0), network size: 0, avg network size: 0, si_in_serializable: 0 0 %, local: 0 %
I0312 03:38:14.260149 164260 Coordinator.h:126] commit: 118 abort: 114570 (0/114570/0), network size: 0, avg network size: 0, si_in_serializable: 0 0 %, local: 0 %
I0312 03:38:15.260283 164260 Coordinator.h:126] commit: 116 abort: 114572 (0/114572/0), network size: 0, avg network size: 0, si_in_serializable: 0 0 %, local: 0 %
I0312 03:38:16.260409 164260 Coordinator.h:126] commit: 117 abort: 114571 (0/114571/0), network size: 0, avg network size: 0, si_in_serializable: 0 0 %, local: 0 %
I0312 03:38:17.260545 164260 Coordinator.h:126] commit: 118 abort: 114570 (0/114570/0), network size: 0, avg network size: 0, si_in_serializable: 0 0 %, local: 0 %
I0312 03:38:18.260681 164260 Coordinator.h:126] commit: 119 abort: 114569 (0/114569/0), network size: 0, avg network size: 0, si_in_serializable: 0 0 %, local: 0 %
I0312 03:38:19.260814 164260 Coordinator.h:126] commit: 116 abort: 114572 (0/114572/0), network size: 0, avg network size: 0, si_in_serializable: 0 0 %, local: 0 %
I0312 03:38:20.260943 164260 Coordinator.h:126] commit: 118 abort: 114570 (0/114570/0), network size: 0, avg network size: 0, si_in_serializable: 0 0 %, local: 0 %
I0312 03:38:21.261070 164260 Coordinator.h:126] commit: 114 abort: 113550 (0/113550/0), network size: 0, avg network size: 0, si_in_serializable: 0 0 %, local: 0 %
I0312 03:38:22.261204 164260 Coordinator.h:126] commit: 118 abort: 114570 (0/114570/0), network size: 0, avg network size: 0, si_in_serializable: 0 0 %, local: 0 %
I0312 03:38:23.261336 164260 Coordinator.h:126] commit: 115 abort: 113549 (0/113549/0), network size: 0, avg network size: 0, si_in_serializable: 0 0 %, local: 0 %
I0312 03:38:24.261471 164260 Coordinator.h:126] commit: 116 abort: 114572 (0/114572/0), network size: 0, avg network size: 0, si_in_serializable: 0 0 %, local: 0 %
I0312 03:38:25.261644 164260 Coordinator.h:126] commit: 116 abort: 113548 (0/113548/0), network size: 0, avg network size: 0, si_in_serializable: 0 0 %, local: 0 %
I0312 03:38:26.261781 164260 Coordinator.h:126] commit: 117 abort: 113547 (0/113547/0), network size: 0, avg network size: 0, si_in_serializable: 0 0 %, local: 0 %
I0312 03:38:26.261826 164260 Coordinator.h:152] average commit: 117.5 abort: 114570 (0/114570/0), network size: 0, avg network size: 0, si_in_serializable: 0 0 %, local: 0 %
I0312 03:38:26.261842 164260 AriaExecutor.h:535] Worker 0 latency: 8882 us (50%) 8960 us (75%) 9071 us (95%) 9168 us (99%).
I0312 03:38:26.265288 164301 AriaExecutor.h:94] AriaExecutor 5 exits. 
I0312 03:38:26.265297 164303 AriaExecutor.h:94] AriaExecutor 7 exits. 
I0312 03:38:26.265300 164305 AriaExecutor.h:94] AriaExecutor 9 exits. 
I0312 03:38:26.265306 164309 AriaExecutor.h:94] AriaExecutor 13 exits. 
I0312 03:38:26.265304 164307 AriaExecutor.h:94] AriaExecutor 11 exits. 
I0312 03:38:26.265302 164308 AriaExecutor.h:94] AriaExecutor 12 exits. 
I0312 03:38:26.265311 164297 AriaExecutor.h:94] AriaExecutor 1 exits. 
I0312 03:38:26.265317 164296 AriaExecutor.h:94] AriaExecutor 0 exits. 
I0312 03:38:26.265319 164310 AriaExecutor.h:94] AriaExecutor 14 exits. 
I0312 03:38:26.265311 164327 AriaExecutor.h:94] AriaExecutor 31 exits. 
I0312 03:38:26.265308 164298 AriaExecutor.h:94] AriaExecutor 2 exits. 
I0312 03:38:26.265316 164323 AriaExecutor.h:94] AriaExecutor 27 exits. 
I0312 03:38:26.265316 164317 AriaExecutor.h:94] AriaExecutor 21 exits. 
I0312 03:38:26.265314 164315 AriaExecutor.h:94] AriaExecutor 19 exits. 
I0312 03:38:26.265314 164320 AriaExecutor.h:94] AriaExecutor 24 exits. 
I0312 03:38:26.265355 164316 AriaExecutor.h:94] AriaExecutor 20 exits. 
I0312 03:38:26.265318 164325 AriaExecutor.h:94] AriaExecutor 29 exits. 
I0312 03:38:26.265314 164318 AriaExecutor.h:94] AriaExecutor 22 exits. 
I0312 03:38:26.265319 164313 AriaExecutor.h:94] AriaExecutor 17 exits. 
I0312 03:38:26.265319 164311 AriaExecutor.h:94] AriaExecutor 15 exits. 
I0312 03:38:26.265314 164312 AriaExecutor.h:94] AriaExecutor 16 exits. 
I0312 03:38:26.265305 164300 AriaExecutor.h:94] AriaExecutor 4 exits. 
I0312 03:38:26.265305 164302 AriaExecutor.h:94] AriaExecutor 6 exits. 
I0312 03:38:26.265308 164326 AriaExecutor.h:94] AriaExecutor 30 exits. 
I0312 03:38:26.265350 164306 AriaExecutor.h:94] AriaExecutor 10 exits. 
I0312 03:38:26.265319 164322 AriaExecutor.h:94] AriaExecutor 26 exits. 
I0312 03:38:26.265319 164324 AriaExecutor.h:94] AriaExecutor 28 exits. 
I0312 03:38:26.265300 164299 AriaExecutor.h:94] AriaExecutor 3 exits. 
I0312 03:38:26.265324 164319 AriaExecutor.h:94] AriaExecutor 23 exits. 
I0312 03:38:26.265352 164314 AriaExecutor.h:94] AriaExecutor 18 exits. 
I0312 03:38:26.265307 164328 Manager.h:227] Manager(worker id = 32) on the coordinator node exits.
I0312 03:38:26.265319 164321 AriaExecutor.h:94] AriaExecutor 25 exits. 
I0312 03:38:26.265301 164304 AriaExecutor.h:94] AriaExecutor 8 exits. 
I0312 03:38:26.265548 164260 AriaExecutor.h:535] Worker 1 latency: 8844 us (50%) 8913 us (75%) 8998 us (95%) 9025 us (99%).
I0312 03:38:26.265666 164260 AriaExecutor.h:535] Worker 2 latency: 8837 us (50%) 8927 us (75%) 8956 us (95%) 8956 us (99%).
I0312 03:38:26.265686 164260 AriaExecutor.h:535] Worker 3 latency: 8898 us (50%) 8959 us (75%) 8981 us (95%) 8981 us (99%).
I0312 03:38:26.265785 164260 AriaExecutor.h:535] Worker 4 latency: 0 us (50%) 0 us (75%) 0 us (95%) 0 us (99%).
I0312 03:38:26.265837 164260 AriaExecutor.h:535] Worker 5 latency: 0 us (50%) 0 us (75%) 0 us (95%) 0 us (99%).
I0312 03:38:26.265861 164260 AriaExecutor.h:535] Worker 6 latency: 0 us (50%) 0 us (75%) 0 us (95%) 0 us (99%).
I0312 03:38:26.265882 164260 AriaExecutor.h:535] Worker 7 latency: 0 us (50%) 0 us (75%) 0 us (95%) 0 us (99%).
I0312 03:38:26.265900 164260 AriaExecutor.h:535] Worker 8 latency: 0 us (50%) 0 us (75%) 0 us (95%) 0 us (99%).
I0312 03:38:26.265921 164260 AriaExecutor.h:535] Worker 9 latency: 0 us (50%) 0 us (75%) 0 us (95%) 0 us (99%).
I0312 03:38:26.265939 164260 AriaExecutor.h:535] Worker 10 latency: 0 us (50%) 0 us (75%) 0 us (95%) 0 us (99%).
I0312 03:38:26.265959 164260 AriaExecutor.h:535] Worker 11 latency: 0 us (50%) 0 us (75%) 0 us (95%) 0 us (99%).
I0312 03:38:26.265977 164260 AriaExecutor.h:535] Worker 12 latency: 0 us (50%) 0 us (75%) 0 us (95%) 0 us (99%).
I0312 03:38:26.265996 164260 AriaExecutor.h:535] Worker 13 latency: 0 us (50%) 0 us (75%) 0 us (95%) 0 us (99%).
I0312 03:38:26.266016 164260 AriaExecutor.h:535] Worker 14 latency: 0 us (50%) 0 us (75%) 0 us (95%) 0 us (99%).
I0312 03:38:26.266034 164260 AriaExecutor.h:535] Worker 15 latency: 0 us (50%) 0 us (75%) 0 us (95%) 0 us (99%).
I0312 03:38:26.266053 164260 AriaExecutor.h:535] Worker 16 latency: 0 us (50%) 0 us (75%) 0 us (95%) 0 us (99%).
I0312 03:38:26.266072 164260 AriaExecutor.h:535] Worker 17 latency: 0 us (50%) 0 us (75%) 0 us (95%) 0 us (99%).
I0312 03:38:26.266091 164260 AriaExecutor.h:535] Worker 18 latency: 0 us (50%) 0 us (75%) 0 us (95%) 0 us (99%).
I0312 03:38:26.266113 164260 AriaExecutor.h:535] Worker 19 latency: 0 us (50%) 0 us (75%) 0 us (95%) 0 us (99%).
I0312 03:38:26.266135 164260 AriaExecutor.h:535] Worker 20 latency: 0 us (50%) 0 us (75%) 0 us (95%) 0 us (99%).
I0312 03:38:26.266160 164260 AriaExecutor.h:535] Worker 21 latency: 0 us (50%) 0 us (75%) 0 us (95%) 0 us (99%).
I0312 03:38:26.266182 164260 AriaExecutor.h:535] Worker 22 latency: 0 us (50%) 0 us (75%) 0 us (95%) 0 us (99%).
I0312 03:38:26.266206 164260 AriaExecutor.h:535] Worker 23 latency: 0 us (50%) 0 us (75%) 0 us (95%) 0 us (99%).
I0312 03:38:26.266227 164260 AriaExecutor.h:535] Worker 24 latency: 0 us (50%) 0 us (75%) 0 us (95%) 0 us (99%).
I0312 03:38:26.266251 164260 AriaExecutor.h:535] Worker 25 latency: 0 us (50%) 0 us (75%) 0 us (95%) 0 us (99%).
I0312 03:38:26.266273 164260 AriaExecutor.h:535] Worker 26 latency: 0 us (50%) 0 us (75%) 0 us (95%) 0 us (99%).
I0312 03:38:26.266294 164260 AriaExecutor.h:535] Worker 27 latency: 0 us (50%) 0 us (75%) 0 us (95%) 0 us (99%).
I0312 03:38:26.266317 164260 AriaExecutor.h:535] Worker 28 latency: 0 us (50%) 0 us (75%) 0 us (95%) 0 us (99%).
I0312 03:38:26.266338 164260 AriaExecutor.h:535] Worker 29 latency: 0 us (50%) 0 us (75%) 0 us (95%) 0 us (99%).
I0312 03:38:26.266358 164260 AriaExecutor.h:535] Worker 30 latency: 0 us (50%) 0 us (75%) 0 us (95%) 0 us (99%).
I0312 03:38:26.266381 164260 AriaExecutor.h:535] Worker 31 latency: 0 us (50%) 0 us (75%) 0 us (95%) 0 us (99%).
I0312 03:38:26.266417 164260 Coordinator.h:177] total commit: 117.5
I0312 03:38:27.266601 164260 Coordinator.h:192] Coordinator exits.
