I0312 07:12:51.014029 215004 Database.h:65] ycsb initialization finished in 100 milliseconds.
I0312 07:12:51.014250 215004 Coordinator.h:30] Coordinator initializes 32 workers.
I0312 07:12:51.051692 215004 Coordinator.h:77] Coordinator starts to run 33 workers.
I0312 07:12:51.051759 215041 AriaExecutor.h:91] AriaExecutor 0 started. 
I0312 07:12:51.051789 215042 AriaExecutor.h:91] AriaExecutor 1 started. 
I0312 07:12:51.051887 215043 AriaExecutor.h:91] AriaExecutor 2 started. 
I0312 07:12:51.051946 215044 AriaExecutor.h:91] AriaExecutor 3 started. 
I0312 07:12:51.052042 215045 AriaExecutor.h:91] AriaExecutor 4 started. 
I0312 07:12:51.052124 215046 AriaExecutor.h:91] AriaExecutor 5 started. 
I0312 07:12:51.052183 215047 AriaExecutor.h:91] AriaExecutor 6 started. 
I0312 07:12:51.052254 215048 AriaExecutor.h:91] AriaExecutor 7 started. 
I0312 07:12:51.052312 215049 AriaExecutor.h:91] AriaExecutor 8 started. 
I0312 07:12:51.052379 215050 AriaExecutor.h:91] AriaExecutor 9 started. 
I0312 07:12:51.052454 215051 AriaExecutor.h:91] AriaExecutor 10 started. 
I0312 07:12:51.052536 215052 AriaExecutor.h:91] AriaExecutor 11 started. 
I0312 07:12:51.052651 215053 AriaExecutor.h:91] AriaExecutor 12 started. 
I0312 07:12:51.052762 215054 AriaExecutor.h:91] AriaExecutor 13 started. 
I0312 07:12:51.052866 215055 AriaExecutor.h:91] AriaExecutor 14 started. 
I0312 07:12:51.052997 215056 AriaExecutor.h:91] AriaExecutor 15 started. 
I0312 07:12:51.053071 215057 AriaExecutor.h:91] AriaExecutor 16 started. 
I0312 07:12:51.053180 215058 AriaExecutor.h:91] AriaExecutor 17 started. 
I0312 07:12:51.053256 215059 AriaExecutor.h:91] AriaExecutor 18 started. 
I0312 07:12:51.053354 215060 AriaExecutor.h:91] AriaExecutor 19 started. 
I0312 07:12:51.053438 215061 AriaExecutor.h:91] AriaExecutor 20 started. 
I0312 07:12:51.053542 215062 AriaExecutor.h:91] AriaExecutor 21 started. 
I0312 07:12:51.053646 215063 AriaExecutor.h:91] AriaExecutor 22 started. 
I0312 07:12:51.053727 215064 AriaExecutor.h:91] AriaExecutor 23 started. 
I0312 07:12:51.053819 215065 AriaExecutor.h:91] AriaExecutor 24 started. 
I0312 07:12:51.053942 215066 AriaExecutor.h:91] AriaExecutor 25 started. 
I0312 07:12:51.053990 215067 AriaExecutor.h:91] AriaExecutor 26 started. 
I0312 07:12:51.054093 215068 AriaExecutor.h:91] AriaExecutor 27 started. 
I0312 07:12:51.054210 215069 AriaExecutor.h:91] AriaExecutor 28 started. 
I0312 07:12:51.054307 215070 AriaExecutor.h:91] AriaExecutor 29 started. 
I0312 07:12:51.054416 215071 AriaExecutor.h:91] AriaExecutor 30 started. 
I0312 07:12:51.054548 215072 AriaExecutor.h:91] AriaExecutor 31 started. 
I0312 07:12:51.054683 215073 Manager.h:224] Manager(worker id = 32) on the coordinator node started.
I0312 07:12:52.054669 215004 Coordinator.h:126] commit: 2728 abort: 107864 (0/107864/0), network size: 0, avg network size: 0, si_in_serializable: 0 0 %, local: 0 %
I0312 07:12:53.054816 215004 Coordinator.h:126] commit: 2695 abort: 108921 (0/108921/0), network size: 0, avg network size: 0, si_in_serializable: 0 0 %, local: 0 %
I0312 07:12:54.054953 215004 Coordinator.h:126] commit: 2674 abort: 108942 (0/108942/0), network size: 0, avg network size: 0, si_in_serializable: 0 0 %, local: 0 %
I0312 07:12:55.055124 215004 Coordinator.h:126] commit: 2642 abort: 108974 (0/108974/0), network size: 0, avg network size: 0, si_in_serializable: 0 0 %, local: 0 %
I0312 07:12:56.055262 215004 Coordinator.h:126] commit: 2758 abort: 108858 (0/108858/0), network size: 0, avg network size: 0, si_in_serializable: 0 0 %, local: 0 %
I0312 07:12:57.055394 215004 Coordinator.h:126] commit: 2720 abort: 108896 (0/108896/0), network size: 0, avg network size: 0, si_in_serializable: 0 0 %, local: 0 %
I0312 07:12:58.055527 215004 Coordinator.h:126] commit: 2592 abort: 106976 (0/106976/0), network size: 0, avg network size: 0, si_in_serializable: 0 0 %, local: 0 %
I0312 07:12:59.055665 215004 Coordinator.h:126] commit: 2701 abort: 108915 (0/108915/0), network size: 0, avg network size: 0, si_in_serializable: 0 0 %, local: 0 %
I0312 07:13:00.055795 215004 Coordinator.h:126] commit: 2647 abort: 106921 (0/106921/0), network size: 0, avg network size: 0, si_in_serializable: 0 0 %, local: 0 %
I0312 07:13:01.055930 215004 Coordinator.h:126] commit: 2635 abort: 107957 (0/107957/0), network size: 0, avg network size: 0, si_in_serializable: 0 0 %, local: 0 %
I0312 07:13:02.056110 215004 Coordinator.h:126] commit: 2649 abort: 107943 (0/107943/0), network size: 0, avg network size: 0, si_in_serializable: 0 0 %, local: 0 %
I0312 07:13:03.056262 215004 Coordinator.h:126] commit: 2594 abort: 106974 (0/106974/0), network size: 0, avg network size: 0, si_in_serializable: 0 0 %, local: 0 %
I0312 07:13:04.056399 215004 Coordinator.h:126] commit: 2675 abort: 107917 (0/107917/0), network size: 0, avg network size: 0, si_in_serializable: 0 0 %, local: 0 %
I0312 07:13:05.056531 215004 Coordinator.h:126] commit: 2637 abort: 107955 (0/107955/0), network size: 0, avg network size: 0, si_in_serializable: 0 0 %, local: 0 %
I0312 07:13:06.056664 215004 Coordinator.h:126] commit: 2667 abort: 107925 (0/107925/0), network size: 0, avg network size: 0, si_in_serializable: 0 0 %, local: 0 %
I0312 07:13:07.056795 215004 Coordinator.h:126] commit: 2580 abort: 106988 (0/106988/0), network size: 0, avg network size: 0, si_in_serializable: 0 0 %, local: 0 %
I0312 07:13:08.056932 215004 Coordinator.h:126] commit: 2614 abort: 106954 (0/106954/0), network size: 0, avg network size: 0, si_in_serializable: 0 0 %, local: 0 %
I0312 07:13:09.057065 215004 Coordinator.h:126] commit: 2654 abort: 106914 (0/106914/0), network size: 0, avg network size: 0, si_in_serializable: 0 0 %, local: 0 %
I0312 07:13:10.057197 215004 Coordinator.h:126] commit: 2645 abort: 107947 (0/107947/0), network size: 0, avg network size: 0, si_in_serializable: 0 0 %, local: 0 %
I0312 07:13:11.057329 215004 Coordinator.h:126] commit: 2656 abort: 106912 (0/106912/0), network size: 0, avg network size: 0, si_in_serializable: 0 0 %, local: 0 %
I0312 07:13:12.057464 215004 Coordinator.h:126] commit: 2626 abort: 106942 (0/106942/0), network size: 0, avg network size: 0, si_in_serializable: 0 0 %, local: 0 %
I0312 07:13:13.057643 215004 Coordinator.h:126] commit: 2598 abort: 106970 (0/106970/0), network size: 0, avg network size: 0, si_in_serializable: 0 0 %, local: 0 %
I0312 07:13:14.057788 215004 Coordinator.h:126] commit: 2620 abort: 106948 (0/106948/0), network size: 0, avg network size: 0, si_in_serializable: 0 0 %, local: 0 %
I0312 07:13:15.057921 215004 Coordinator.h:126] commit: 2661 abort: 106907 (0/106907/0), network size: 0, avg network size: 0, si_in_serializable: 0 0 %, local: 0 %
I0312 07:13:16.058055 215004 Coordinator.h:126] commit: 2668 abort: 106900 (0/106900/0), network size: 0, avg network size: 0, si_in_serializable: 0 0 %, local: 0 %
I0312 07:13:16.058102 215004 Coordinator.h:152] average commit: 2637.1 abort: 107443 (0/107443/0), network size: 0, avg network size: 0, si_in_serializable: 0 0 %, local: 0 %
I0312 07:13:16.058117 215004 AriaExecutor.h:649] Worker 0 latency: 9183 us (50%) 9279 us (75%) 9410 us (95%) 9508 us (99%).
I0312 07:13:16.063963 215052 AriaExecutor.h:103] AriaExecutor 11 exits. 
I0312 07:13:16.063964 215053 AriaExecutor.h:103] AriaExecutor 12 exits. 
I0312 07:13:16.063975 215071 AriaExecutor.h:103] AriaExecutor 30 exits. 
I0312 07:13:16.063978 215046 AriaExecutor.h:103] AriaExecutor 5 exits. 
I0312 07:13:16.063967 215049 AriaExecutor.h:103] AriaExecutor 8 exits. 
I0312 07:13:16.063982 215045 AriaExecutor.h:103] AriaExecutor 4 exits. 
I0312 07:13:16.063971 215054 AriaExecutor.h:103] AriaExecutor 13 exits. 
I0312 07:13:16.063970 215051 AriaExecutor.h:103] AriaExecutor 10 exits. 
I0312 07:13:16.063971 215047 AriaExecutor.h:103] AriaExecutor 6 exits. 
I0312 07:13:16.063975 215073 Manager.h:227] Manager(worker id = 32) on the coordinator node exits.
I0312 07:13:16.064018 215064 AriaExecutor.h:103] AriaExecutor 23 exits. 
I0312 07:13:16.063982 215044 AriaExecutor.h:103] AriaExecutor 3 exits. 
I0312 07:13:16.063978 215050 AriaExecutor.h:103] AriaExecutor 9 exits. 
I0312 07:13:16.063995 215065 AriaExecutor.h:103] AriaExecutor 24 exits. 
I0312 07:13:16.063997 215061 AriaExecutor.h:103] AriaExecutor 20 exits. 
I0312 07:13:16.063983 215041 AriaExecutor.h:103] AriaExecutor 0 exits. 
I0312 07:13:16.063997 215056 AriaExecutor.h:103] AriaExecutor 15 exits. 
I0312 07:13:16.063997 215068 AriaExecutor.h:103] AriaExecutor 27 exits. 
I0312 07:13:16.063964 215042 AriaExecutor.h:103] AriaExecutor 1 exits. 
I0312 07:13:16.063995 215059 AriaExecutor.h:103] AriaExecutor 18 exits. 
I0312 07:13:16.064013 215060 AriaExecutor.h:103] AriaExecutor 19 exits. 
I0312 07:13:16.063964 215048 AriaExecutor.h:103] AriaExecutor 7 exits. 
I0312 07:13:16.063997 215055 AriaExecutor.h:103] AriaExecutor 14 exits. 
I0312 07:13:16.063982 215043 AriaExecutor.h:103] AriaExecutor 2 exits. 
I0312 07:13:16.063998 215057 AriaExecutor.h:103] AriaExecutor 16 exits. 
I0312 07:13:16.063997 215069 AriaExecutor.h:103] AriaExecutor 28 exits. 
I0312 07:13:16.064019 215062 AriaExecutor.h:103] AriaExecutor 21 exits. 
I0312 07:13:16.064019 215063 AriaExecutor.h:103] AriaExecutor 22 exits. 
I0312 07:13:16.064014 215067 AriaExecutor.h:103] AriaExecutor 26 exits. 
I0312 07:13:16.064021 215070 AriaExecutor.h:103] AriaExecutor 29 exits. 
I0312 07:13:16.063995 215058 AriaExecutor.h:103] AriaExecutor 17 exits. 
I0312 07:13:16.063964 215072 AriaExecutor.h:103] AriaExecutor 31 exits. 
I0312 07:13:16.063997 215066 AriaExecutor.h:103] AriaExecutor 25 exits. 
I0312 07:13:16.064347 215004 AriaExecutor.h:649] Worker 1 latency: 9183 us (50%) 9275 us (75%) 9403 us (95%) 9510 us (99%).
I0312 07:13:16.064637 215004 AriaExecutor.h:649] Worker 2 latency: 9181 us (50%) 9274 us (75%) 9401 us (95%) 9498 us (99%).
I0312 07:13:16.064815 215004 AriaExecutor.h:649] Worker 3 latency: 9179 us (50%) 9273 us (75%) 9401 us (95%) 9496 us (99%).
I0312 07:13:16.064982 215004 AriaExecutor.h:649] Worker 4 latency: 9182 us (50%) 9276 us (75%) 9400 us (95%) 9532 us (99%).
I0312 07:13:16.065172 215004 AriaExecutor.h:649] Worker 5 latency: 9179 us (50%) 9275 us (75%) 9401 us (95%) 9519 us (99%).
I0312 07:13:16.065341 215004 AriaExecutor.h:649] Worker 6 latency: 9176 us (50%) 9270 us (75%) 9401 us (95%) 9513 us (99%).
I0312 07:13:16.065500 215004 AriaExecutor.h:649] Worker 7 latency: 9172 us (50%) 9269 us (75%) 9399 us (95%) 9529 us (99%).
I0312 07:13:16.065653 215004 AriaExecutor.h:649] Worker 8 latency: 9167 us (50%) 9263 us (75%) 9394 us (95%) 9513 us (99%).
I0312 07:13:16.065800 215004 AriaExecutor.h:649] Worker 9 latency: 9174 us (50%) 9265 us (75%) 9397 us (95%) 9533 us (99%).
I0312 07:13:16.065943 215004 AriaExecutor.h:649] Worker 10 latency: 9172 us (50%) 9270 us (75%) 9402 us (95%) 9489 us (99%).
I0312 07:13:16.066071 215004 AriaExecutor.h:649] Worker 11 latency: 9172 us (50%) 9271 us (75%) 9403 us (95%) 9516 us (99%).
I0312 07:13:16.066200 215004 AriaExecutor.h:649] Worker 12 latency: 9167 us (50%) 9272 us (75%) 9396 us (95%) 9492 us (99%).
I0312 07:13:16.066326 215004 AriaExecutor.h:649] Worker 13 latency: 9173 us (50%) 9266 us (75%) 9405 us (95%) 9533 us (99%).
I0312 07:13:16.066450 215004 AriaExecutor.h:649] Worker 14 latency: 9166 us (50%) 9262 us (75%) 9395 us (95%) 9494 us (99%).
I0312 07:13:16.066581 215004 AriaExecutor.h:649] Worker 15 latency: 9164 us (50%) 9262 us (75%) 9390 us (95%) 9483 us (99%).
I0312 07:13:16.066712 215004 AriaExecutor.h:649] Worker 16 latency: 9161 us (50%) 9257 us (75%) 9392 us (95%) 9483 us (99%).
I0312 07:13:16.066818 215004 AriaExecutor.h:649] Worker 17 latency: 9156 us (50%) 9249 us (75%) 9389 us (95%) 9492 us (99%).
I0312 07:13:16.066923 215004 AriaExecutor.h:649] Worker 18 latency: 9160 us (50%) 9257 us (75%) 9390 us (95%) 9493 us (99%).
I0312 07:13:16.067032 215004 AriaExecutor.h:649] Worker 19 latency: 9162 us (50%) 9258 us (75%) 9389 us (95%) 9489 us (99%).
I0312 07:13:16.067135 215004 AriaExecutor.h:649] Worker 20 latency: 9163 us (50%) 9261 us (75%) 9389 us (95%) 9479 us (99%).
I0312 07:13:16.067255 215004 AriaExecutor.h:649] Worker 21 latency: 9154 us (50%) 9250 us (75%) 9382 us (95%) 9492 us (99%).
I0312 07:13:16.067350 215004 AriaExecutor.h:649] Worker 22 latency: 9161 us (50%) 9254 us (75%) 9382 us (95%) 9491 us (99%).
I0312 07:13:16.067441 215004 AriaExecutor.h:649] Worker 23 latency: 9161 us (50%) 9261 us (75%) 9396 us (95%) 9531 us (99%).
I0312 07:13:16.067538 215004 AriaExecutor.h:649] Worker 24 latency: 9161 us (50%) 9263 us (75%) 9390 us (95%) 9475 us (99%).
I0312 07:13:16.067623 215004 AriaExecutor.h:649] Worker 25 latency: 9155 us (50%) 9255 us (75%) 9391 us (95%) 9493 us (99%).
I0312 07:13:16.067710 215004 AriaExecutor.h:649] Worker 26 latency: 9155 us (50%) 9263 us (75%) 9398 us (95%) 9570 us (99%).
I0312 07:13:16.067797 215004 AriaExecutor.h:649] Worker 27 latency: 9150 us (50%) 9248 us (75%) 9391 us (95%) 9530 us (99%).
I0312 07:13:16.067874 215004 AriaExecutor.h:649] Worker 28 latency: 9141 us (50%) 9248 us (75%) 9386 us (95%) 9497 us (99%).
I0312 07:13:16.067951 215004 AriaExecutor.h:649] Worker 29 latency: 9150 us (50%) 9246 us (75%) 9386 us (95%) 9552 us (99%).
I0312 07:13:16.068028 215004 AriaExecutor.h:649] Worker 30 latency: 9161 us (50%) 9254 us (75%) 9387 us (95%) 9476 us (99%).
I0312 07:13:16.068104 215004 AriaExecutor.h:649] Worker 31 latency: 9140 us (50%) 9239 us (75%) 9382 us (95%) 9500 us (99%).
I0312 07:13:16.068195 215004 Coordinator.h:177] total commit: 2637.1
I0312 07:13:17.068382 215004 Coordinator.h:192] Coordinator exits.
