I0312 02:57:35.695207 157166 Database.h:65] ycsb initialization finished in 97 milliseconds.
I0312 02:57:35.695417 157166 Coordinator.h:30] Coordinator initializes 16 workers.
I0312 02:57:35.806608 157166 Coordinator.h:77] Coordinator starts to run 17 workers.
I0312 02:57:35.806695 157186 AriaExecutor.h:82] AriaExecutor 0 started. 
I0312 02:57:35.806744 157187 AriaExecutor.h:82] AriaExecutor 1 started. 
I0312 02:57:35.806825 157188 AriaExecutor.h:82] AriaExecutor 2 started. 
I0312 02:57:35.806911 157189 AriaExecutor.h:82] AriaExecutor 3 started. 
I0312 02:57:35.806979 157190 AriaExecutor.h:82] AriaExecutor 4 started. 
I0312 02:57:35.807050 157191 AriaExecutor.h:82] AriaExecutor 5 started. 
I0312 02:57:35.807140 157192 AriaExecutor.h:82] AriaExecutor 6 started. 
I0312 02:57:35.807233 157193 AriaExecutor.h:82] AriaExecutor 7 started. 
I0312 02:57:35.807309 157194 AriaExecutor.h:82] AriaExecutor 8 started. 
I0312 02:57:35.807386 157195 AriaExecutor.h:82] AriaExecutor 9 started. 
I0312 02:57:35.807644 157196 AriaExecutor.h:82] AriaExecutor 10 started. 
I0312 02:57:35.807817 157197 AriaExecutor.h:82] AriaExecutor 11 started. 
I0312 02:57:35.807964 157198 AriaExecutor.h:82] AriaExecutor 12 started. 
I0312 02:57:35.808115 157199 AriaExecutor.h:82] AriaExecutor 13 started. 
I0312 02:57:35.808279 157200 AriaExecutor.h:82] AriaExecutor 14 started. 
I0312 02:57:35.808424 157201 AriaExecutor.h:82] AriaExecutor 15 started. 
I0312 02:57:35.808573 157202 Manager.h:224] Manager(worker id = 16) on the coordinator node started.
I0312 02:57:36.808647 157166 Coordinator.h:126] commit: 535864 abort: 82632 (0/82632/0), network size: 0, avg network size: 0, si_in_serializable: 0 0 %, local: 0 %
I0312 02:57:37.808823 157166 Coordinator.h:126] commit: 536594 abort: 81902 (0/81902/0), network size: 0, avg network size: 0, si_in_serializable: 0 0 %, local: 0 %
I0312 02:57:38.809181 157166 Coordinator.h:126] commit: 546788 abort: 83996 (0/83996/0), network size: 0, avg network size: 0, si_in_serializable: 0 0 %, local: 0 %
I0312 02:57:39.809371 157166 Coordinator.h:126] commit: 546594 abort: 84190 (0/84190/0), network size: 0, avg network size: 0, si_in_serializable: 0 0 %, local: 0 %
I0312 02:57:40.809521 157166 Coordinator.h:126] commit: 539713 abort: 82879 (0/82879/0), network size: 0, avg network size: 0, si_in_serializable: 0 0 %, local: 0 %
I0312 02:57:41.809661 157166 Coordinator.h:126] commit: 525404 abort: 80804 (0/80804/0), network size: 0, avg network size: 0, si_in_serializable: 0 0 %, local: 0 %
I0312 02:57:42.809818 157166 Coordinator.h:126] commit: 539683 abort: 82909 (0/82909/0), network size: 0, avg network size: 0, si_in_serializable: 0 0 %, local: 0 %
I0312 02:57:43.810032 157166 Coordinator.h:126] commit: 539457 abort: 83135 (0/83135/0), network size: 0, avg network size: 0, si_in_serializable: 0 0 %, local: 0 %
I0312 02:57:44.810196 157166 Coordinator.h:126] commit: 546585 abort: 84199 (0/84199/0), network size: 0, avg network size: 0, si_in_serializable: 0 0 %, local: 0 %
I0312 02:57:45.810365 157166 Coordinator.h:126] commit: 547489 abort: 83336 (0/83336/0), network size: 0, avg network size: 0, si_in_serializable: 0 0 %, local: 0 %
I0312 02:57:46.810513 157166 Coordinator.h:126] commit: 550401 abort: 84436 (0/84436/0), network size: 0, avg network size: 0, si_in_serializable: 0 0 %, local: 0 %
I0312 02:57:47.810657 157166 Coordinator.h:126] commit: 550696 abort: 84184 (0/84184/0), network size: 0, avg network size: 0, si_in_serializable: 0 0 %, local: 0 %
I0312 02:57:48.810803 157166 Coordinator.h:126] commit: 550827 abort: 84053 (0/84053/0), network size: 0, avg network size: 0, si_in_serializable: 0 0 %, local: 0 %
I0312 02:57:49.810947 157166 Coordinator.h:126] commit: 550529 abort: 84351 (0/84351/0), network size: 0, avg network size: 0, si_in_serializable: 0 0 %, local: 0 %
I0312 02:57:50.811096 157166 Coordinator.h:126] commit: 539116 abort: 83476 (0/83476/0), network size: 0, avg network size: 0, si_in_serializable: 0 0 %, local: 0 %
I0312 02:57:51.811326 157166 Coordinator.h:126] commit: 531901 abort: 81752 (0/81752/0), network size: 0, avg network size: 0, si_in_serializable: 0 0 %, local: 0 %
I0312 02:57:52.811497 157166 Coordinator.h:126] commit: 550884 abort: 84739 (0/84739/0), network size: 0, avg network size: 0, si_in_serializable: 0 0 %, local: 0 %
I0312 02:57:53.811643 157166 Coordinator.h:126] commit: 553320 abort: 85656 (0/85656/0), network size: 0, avg network size: 0, si_in_serializable: 0 0 %, local: 0 %
I0312 02:57:54.811796 157166 Coordinator.h:126] commit: 550844 abort: 84036 (0/84036/0), network size: 0, avg network size: 0, si_in_serializable: 0 0 %, local: 0 %
I0312 02:57:55.811946 157166 Coordinator.h:126] commit: 554355 abort: 84621 (0/84621/0), network size: 0, avg network size: 0, si_in_serializable: 0 0 %, local: 0 %
I0312 02:57:56.812095 157166 Coordinator.h:126] commit: 550167 abort: 84713 (0/84713/0), network size: 0, avg network size: 0, si_in_serializable: 0 0 %, local: 0 %
I0312 02:57:57.812255 157166 Coordinator.h:126] commit: 553645 abort: 85239 (0/85239/0), network size: 0, avg network size: 0, si_in_serializable: 0 0 %, local: 0 %
I0312 02:57:58.812407 157166 Coordinator.h:126] commit: 550069 abort: 84901 (0/84901/0), network size: 0, avg network size: 0, si_in_serializable: 0 0 %, local: 0 %
I0312 02:57:59.812543 157166 Coordinator.h:126] commit: 553768 abort: 85208 (0/85208/0), network size: 0, avg network size: 0, si_in_serializable: 0 0 %, local: 0 %
I0312 02:58:00.812692 157166 Coordinator.h:126] commit: 550616 abort: 84264 (0/84264/0), network size: 0, avg network size: 0, si_in_serializable: 0 0 %, local: 0 %
I0312 02:58:00.812760 157166 Coordinator.h:152] average commit: 548287 abort: 84130.4 (0/84130.4/0), network size: 0, avg network size: 0, si_in_serializable: 0 0 %, local: 0 %
I0312 02:58:00.818971 157201 AriaExecutor.h:94] AriaExecutor 15 exits. 
I0312 02:58:00.818974 157193 AriaExecutor.h:94] AriaExecutor 7 exits. 
I0312 02:58:00.818976 157202 Manager.h:227] Manager(worker id = 16) on the coordinator node exits.
I0312 02:58:00.818975 157190 AriaExecutor.h:94] AriaExecutor 4 exits. 
I0312 02:58:00.818975 157188 AriaExecutor.h:94] AriaExecutor 2 exits. 
I0312 02:58:00.818979 157191 AriaExecutor.h:94] AriaExecutor 5 exits. 
I0312 02:58:00.818980 157194 AriaExecutor.h:94] AriaExecutor 8 exits. 
I0312 02:58:00.818989 157197 AriaExecutor.h:94] AriaExecutor 11 exits. 
I0312 02:58:00.818979 157189 AriaExecutor.h:94] AriaExecutor 3 exits. 
I0312 02:58:00.818995 157187 AriaExecutor.h:94] AriaExecutor 1 exits. 
I0312 02:58:00.818975 157192 AriaExecutor.h:94] AriaExecutor 6 exits. 
I0312 02:58:00.818995 157186 AriaExecutor.h:94] AriaExecutor 0 exits. 
I0312 02:58:00.818989 157198 AriaExecutor.h:94] AriaExecutor 12 exits. 
I0312 02:58:00.818989 157196 AriaExecutor.h:94] AriaExecutor 10 exits. 
I0312 02:58:00.818989 157199 AriaExecutor.h:94] AriaExecutor 13 exits. 
I0312 02:58:00.818996 157200 AriaExecutor.h:94] AriaExecutor 14 exits. 
I0312 02:58:00.818976 157195 AriaExecutor.h:94] AriaExecutor 9 exits. 
I0312 02:58:00.812806 157166 AriaExecutor.h:535] Worker 0 latency: 4040 us (50%) 5189 us (75%) 6053 us (95%) 6238 us (99%).
I0312 02:58:00.872547 157166 AriaExecutor.h:535] Worker 1 latency: 4045 us (50%) 5191 us (75%) 6053 us (95%) 6236 us (99%).
I0312 02:58:00.919836 157166 AriaExecutor.h:535] Worker 2 latency: 4044 us (50%) 5191 us (75%) 6054 us (95%) 6238 us (99%).
I0312 02:58:00.967075 157166 AriaExecutor.h:535] Worker 3 latency: 4044 us (50%) 5190 us (75%) 6053 us (95%) 6236 us (99%).
I0312 02:58:01.014489 157166 AriaExecutor.h:535] Worker 4 latency: 4041 us (50%) 5190 us (75%) 6053 us (95%) 6237 us (99%).
I0312 02:58:01.064141 157166 AriaExecutor.h:535] Worker 5 latency: 4035 us (50%) 5187 us (75%) 6052 us (95%) 6235 us (99%).
I0312 02:58:01.111594 157166 AriaExecutor.h:535] Worker 6 latency: 4043 us (50%) 5191 us (75%) 6054 us (95%) 6238 us (99%).
I0312 02:58:01.158661 157166 AriaExecutor.h:535] Worker 7 latency: 4043 us (50%) 5191 us (75%) 6053 us (95%) 6236 us (99%).
I0312 02:58:01.205874 157166 AriaExecutor.h:535] Worker 8 latency: 4039 us (50%) 5187 us (75%) 6052 us (95%) 6236 us (99%).
I0312 02:58:01.255311 157166 AriaExecutor.h:535] Worker 9 latency: 4035 us (50%) 5187 us (75%) 6052 us (95%) 6236 us (99%).
I0312 02:58:01.302019 157166 AriaExecutor.h:535] Worker 10 latency: 4038 us (50%) 5187 us (75%) 6051 us (95%) 6235 us (99%).
I0312 02:58:01.349888 157166 AriaExecutor.h:535] Worker 11 latency: 4037 us (50%) 5186 us (75%) 6052 us (95%) 6236 us (99%).
I0312 02:58:01.396847 157166 AriaExecutor.h:535] Worker 12 latency: 4035 us (50%) 5186 us (75%) 6052 us (95%) 6237 us (99%).
I0312 02:58:01.446074 157166 AriaExecutor.h:535] Worker 13 latency: 4040 us (50%) 5187 us (75%) 6052 us (95%) 6237 us (99%).
I0312 02:58:01.494092 157166 AriaExecutor.h:535] Worker 14 latency: 3987 us (50%) 5169 us (75%) 6061 us (95%) 6249 us (99%).
I0312 02:58:01.536126 157166 AriaExecutor.h:535] Worker 15 latency: 3991 us (50%) 5171 us (75%) 6061 us (95%) 6249 us (99%).
I0312 02:58:01.577469 157166 Coordinator.h:177] total commit: 548287
I0312 02:58:02.577692 157166 Coordinator.h:192] Coordinator exits.
