I0312 01:43:57.610551 148907 Database.h:65] ycsb initialization finished in 260 milliseconds.
I0312 01:43:57.610765 148907 Coordinator.h:30] Coordinator initializes 4 workers.
I0312 01:43:57.671052 148907 Coordinator.h:77] Coordinator starts to run 5 workers.
I0312 01:43:57.671131 148915 AriaExecutor.h:82] AriaExecutor 0 started. 
I0312 01:43:57.671181 148916 AriaExecutor.h:82] AriaExecutor 1 started. 
I0312 01:43:57.671278 148917 AriaExecutor.h:82] AriaExecutor 2 started. 
I0312 01:43:57.671339 148918 AriaExecutor.h:82] AriaExecutor 3 started. 
I0312 01:43:57.671403 148919 Manager.h:224] Manager(worker id = 4) on the coordinator node started.
I0312 01:43:58.671450 148907 Coordinator.h:126] commit: 5676 abort: 29140 (0/29140/0), network size: 0, avg network size: 0, si_in_serializable: 0 0 %, local: 0 %
I0312 01:43:59.671679 148907 Coordinator.h:126] commit: 5986 abort: 30878 (0/30878/0), network size: 0, avg network size: 0, si_in_serializable: 0 0 %, local: 0 %
I0312 01:44:00.671824 148907 Coordinator.h:126] commit: 6129 abort: 30735 (0/30735/0), network size: 0, avg network size: 0, si_in_serializable: 0 0 %, local: 0 %
I0312 01:44:01.671948 148907 Coordinator.h:126] commit: 6061 abort: 30803 (0/30803/0), network size: 0, avg network size: 0, si_in_serializable: 0 0 %, local: 0 %
I0312 01:44:02.672130 148907 Coordinator.h:126] commit: 6057 abort: 30807 (0/30807/0), network size: 0, avg network size: 0, si_in_serializable: 0 0 %, local: 0 %
I0312 01:44:03.672281 148907 Coordinator.h:126] commit: 6006 abort: 30858 (0/30858/0), network size: 0, avg network size: 0, si_in_serializable: 0 0 %, local: 0 %
I0312 01:44:04.672453 148907 Coordinator.h:126] commit: 5747 abort: 29069 (0/29069/0), network size: 0, avg network size: 0, si_in_serializable: 0 0 %, local: 0 %
I0312 01:44:05.672601 148907 Coordinator.h:126] commit: 6065 abort: 30799 (0/30799/0), network size: 0, avg network size: 0, si_in_serializable: 0 0 %, local: 0 %
I0312 01:44:06.672775 148907 Coordinator.h:126] commit: 6126 abort: 30738 (0/30738/0), network size: 0, avg network size: 0, si_in_serializable: 0 0 %, local: 0 %
I0312 01:44:07.672920 148907 Coordinator.h:126] commit: 5979 abort: 30885 (0/30885/0), network size: 0, avg network size: 0, si_in_serializable: 0 0 %, local: 0 %
I0312 01:44:08.673041 148907 Coordinator.h:126] commit: 6098 abort: 30766 (0/30766/0), network size: 0, avg network size: 0, si_in_serializable: 0 0 %, local: 0 %
I0312 01:44:09.673215 148907 Coordinator.h:126] commit: 6087 abort: 30777 (0/30777/0), network size: 0, avg network size: 0, si_in_serializable: 0 0 %, local: 0 %
I0312 01:44:10.673358 148907 Coordinator.h:126] commit: 6093 abort: 30771 (0/30771/0), network size: 0, avg network size: 0, si_in_serializable: 0 0 %, local: 0 %
I0312 01:44:11.673476 148907 Coordinator.h:126] commit: 6103 abort: 30761 (0/30761/0), network size: 0, avg network size: 0, si_in_serializable: 0 0 %, local: 0 %
I0312 01:44:12.673592 148907 Coordinator.h:126] commit: 6084 abort: 30780 (0/30780/0), network size: 0, avg network size: 0, si_in_serializable: 0 0 %, local: 0 %
I0312 01:44:13.673766 148907 Coordinator.h:126] commit: 6009 abort: 30855 (0/30855/0), network size: 0, avg network size: 0, si_in_serializable: 0 0 %, local: 0 %
I0312 01:44:14.673916 148907 Coordinator.h:126] commit: 6044 abort: 30820 (0/30820/0), network size: 0, avg network size: 0, si_in_serializable: 0 0 %, local: 0 %
I0312 01:44:15.674037 148907 Coordinator.h:126] commit: 6003 abort: 30861 (0/30861/0), network size: 0, avg network size: 0, si_in_serializable: 0 0 %, local: 0 %
I0312 01:44:16.674160 148907 Coordinator.h:126] commit: 6069 abort: 30795 (0/30795/0), network size: 0, avg network size: 0, si_in_serializable: 0 0 %, local: 0 %
I0312 01:44:17.674281 148907 Coordinator.h:126] commit: 6069 abort: 30795 (0/30795/0), network size: 0, avg network size: 0, si_in_serializable: 0 0 %, local: 0 %
I0312 01:44:18.674458 148907 Coordinator.h:126] commit: 5979 abort: 30885 (0/30885/0), network size: 0, avg network size: 0, si_in_serializable: 0 0 %, local: 0 %
I0312 01:44:19.674604 148907 Coordinator.h:126] commit: 5940 abort: 29327 (0/29327/0), network size: 0, avg network size: 0, si_in_serializable: 0 0 %, local: 0 %
I0312 01:44:20.674731 148907 Coordinator.h:126] commit: 6009 abort: 31053 (0/31053/0), network size: 0, avg network size: 0, si_in_serializable: 0 0 %, local: 0 %
I0312 01:44:21.674850 148907 Coordinator.h:126] commit: 6103 abort: 32159 (0/32159/0), network size: 0, avg network size: 0, si_in_serializable: 0 0 %, local: 0 %
I0312 01:44:22.674978 148907 Coordinator.h:126] commit: 6048 abort: 30816 (0/30816/0), network size: 0, avg network size: 0, si_in_serializable: 0 0 %, local: 0 %
I0312 01:44:22.675031 148907 Coordinator.h:152] average commit: 6065.9 abort: 30798.1 (0/30798.1/0), network size: 0, avg network size: 0, si_in_serializable: 0 0 %, local: 0 %
I0312 01:44:22.675073 148907 AriaExecutor.h:535] Worker 0 latency: 52251 us (50%) 53826 us (75%) 54846 us (95%) 64170 us (99%).
I0312 01:44:22.728070 148915 AriaExecutor.h:94] AriaExecutor 0 exits. 
I0312 01:44:22.728070 148916 AriaExecutor.h:94] AriaExecutor 1 exits. 
I0312 01:44:22.728070 148919 Manager.h:227] Manager(worker id = 4) on the coordinator node exits.
I0312 01:44:22.728070 148918 AriaExecutor.h:94] AriaExecutor 3 exits. 
I0312 01:44:22.728070 148917 AriaExecutor.h:94] AriaExecutor 2 exits. 
I0312 01:44:22.728233 148907 AriaExecutor.h:535] Worker 1 latency: 52278 us (50%) 53825 us (75%) 54836 us (95%) 64741 us (99%).
I0312 01:44:22.733865 148907 AriaExecutor.h:535] Worker 2 latency: 52254 us (50%) 53817 us (75%) 54833 us (95%) 64202 us (99%).
I0312 01:44:22.739317 148907 AriaExecutor.h:535] Worker 3 latency: 52276 us (50%) 53829 us (75%) 54837 us (95%) 63989 us (99%).
I0312 01:44:22.743055 148907 Coordinator.h:177] total commit: 6065.9
I0312 01:44:23.743250 148907 Coordinator.h:192] Coordinator exits.
