I0312 05:43:04.958395 188396 Database.h:65] ycsb initialization finished in 255 milliseconds.
I0312 05:43:04.958616 188396 Coordinator.h:30] Coordinator initializes 4 workers.
I0312 05:43:05.069202 188396 Coordinator.h:77] Coordinator starts to run 5 workers.
I0312 05:43:05.069307 188404 AriaExecutor.h:91] AriaExecutor 0 started. 
I0312 05:43:05.069324 188405 AriaExecutor.h:91] AriaExecutor 1 started. 
I0312 05:43:05.069411 188406 AriaExecutor.h:91] AriaExecutor 2 started. 
I0312 05:43:05.069489 188407 AriaExecutor.h:91] AriaExecutor 3 started. 
I0312 05:43:05.069547 188408 Manager.h:224] Manager(worker id = 4) on the coordinator node started.
I0312 05:43:06.069592 188396 Coordinator.h:126] commit: 9 abort: 24567 (0/24567/0), network size: 0, avg network size: 0, si_in_serializable: 0 0 %, local: 0 %
I0312 05:43:07.069762 188396 Coordinator.h:126] commit: 12 abort: 28660 (0/28660/0), network size: 0, avg network size: 0, si_in_serializable: 0 0 %, local: 0 %
I0312 05:43:08.069931 188396 Coordinator.h:126] commit: 15 abort: 32753 (0/32753/0), network size: 0, avg network size: 0, si_in_serializable: 0 0 %, local: 0 %
I0312 05:43:09.070070 188396 Coordinator.h:126] commit: 9 abort: 28663 (0/28663/0), network size: 0, avg network size: 0, si_in_serializable: 0 0 %, local: 0 %
I0312 05:43:10.070184 188396 Coordinator.h:126] commit: 12 abort: 28660 (0/28660/0), network size: 0, avg network size: 0, si_in_serializable: 0 0 %, local: 0 %
I0312 05:43:11.070299 188396 Coordinator.h:126] commit: 11 abort: 28661 (0/28661/0), network size: 0, avg network size: 0, si_in_serializable: 0 0 %, local: 0 %
I0312 05:43:12.070411 188396 Coordinator.h:126] commit: 11 abort: 28661 (0/28661/0), network size: 0, avg network size: 0, si_in_serializable: 0 0 %, local: 0 %
I0312 05:43:13.070582 188396 Coordinator.h:126] commit: 16 abort: 28656 (0/28656/0), network size: 0, avg network size: 0, si_in_serializable: 0 0 %, local: 0 %
I0312 05:43:14.070716 188396 Coordinator.h:126] commit: 15 abort: 28657 (0/28657/0), network size: 0, avg network size: 0, si_in_serializable: 0 0 %, local: 0 %
I0312 05:43:15.070829 188396 Coordinator.h:126] commit: 14 abort: 28658 (0/28658/0), network size: 0, avg network size: 0, si_in_serializable: 0 0 %, local: 0 %
I0312 05:43:16.070991 188396 Coordinator.h:126] commit: 11 abort: 28661 (0/28661/0), network size: 0, avg network size: 0, si_in_serializable: 0 0 %, local: 0 %
I0312 05:43:17.071128 188396 Coordinator.h:126] commit: 13 abort: 28659 (0/28659/0), network size: 0, avg network size: 0, si_in_serializable: 0 0 %, local: 0 %
I0312 05:43:18.071242 188396 Coordinator.h:126] commit: 10 abort: 28662 (0/28662/0), network size: 0, avg network size: 0, si_in_serializable: 0 0 %, local: 0 %
I0312 05:43:19.071357 188396 Coordinator.h:126] commit: 11 abort: 28661 (0/28661/0), network size: 0, avg network size: 0, si_in_serializable: 0 0 %, local: 0 %
I0312 05:43:20.071521 188396 Coordinator.h:126] commit: 13 abort: 32755 (0/32755/0), network size: 0, avg network size: 0, si_in_serializable: 0 0 %, local: 0 %
I0312 05:43:21.071658 188396 Coordinator.h:126] commit: 12 abort: 28660 (0/28660/0), network size: 0, avg network size: 0, si_in_serializable: 0 0 %, local: 0 %
I0312 05:43:22.071768 188396 Coordinator.h:126] commit: 11 abort: 28661 (0/28661/0), network size: 0, avg network size: 0, si_in_serializable: 0 0 %, local: 0 %
I0312 05:43:23.071884 188396 Coordinator.h:126] commit: 13 abort: 28659 (0/28659/0), network size: 0, avg network size: 0, si_in_serializable: 0 0 %, local: 0 %
I0312 05:43:24.071995 188396 Coordinator.h:126] commit: 14 abort: 28658 (0/28658/0), network size: 0, avg network size: 0, si_in_serializable: 0 0 %, local: 0 %
I0312 05:43:25.072105 188396 Coordinator.h:126] commit: 12 abort: 28660 (0/28660/0), network size: 0, avg network size: 0, si_in_serializable: 0 0 %, local: 0 %
I0312 05:43:26.072274 188396 Coordinator.h:126] commit: 12 abort: 28660 (0/28660/0), network size: 0, avg network size: 0, si_in_serializable: 0 0 %, local: 0 %
I0312 05:43:27.072410 188396 Coordinator.h:126] commit: 14 abort: 28658 (0/28658/0), network size: 0, avg network size: 0, si_in_serializable: 0 0 %, local: 0 %
I0312 05:43:28.072520 188396 Coordinator.h:126] commit: 11 abort: 28661 (0/28661/0), network size: 0, avg network size: 0, si_in_serializable: 0 0 %, local: 0 %
I0312 05:43:29.072628 188396 Coordinator.h:126] commit: 17 abort: 32751 (0/32751/0), network size: 0, avg network size: 0, si_in_serializable: 0 0 %, local: 0 %
I0312 05:43:30.072738 188396 Coordinator.h:126] commit: 12 abort: 24564 (0/24564/0), network size: 0, avg network size: 0, si_in_serializable: 0 0 %, local: 0 %
I0312 05:43:30.072780 188396 Coordinator.h:152] average commit: 12 abort: 29069.6 (0/29069.6/0), network size: 0, avg network size: 0, si_in_serializable: 0 0 %, local: 0 %
I0312 05:43:30.072825 188396 AriaExecutor.h:649] Worker 0 latency: 140508 us (50%) 140824 us (75%) 145560 us (95%) 157914 us (99%).
I0312 05:43:30.073416 188405 AriaExecutor.h:103] AriaExecutor 1 exits. 
I0312 05:43:30.073417 188404 AriaExecutor.h:103] AriaExecutor 0 exits. 
I0312 05:43:30.073417 188408 Manager.h:227] Manager(worker id = 4) on the coordinator node exits.
I0312 05:43:30.073417 188406 AriaExecutor.h:103] AriaExecutor 2 exits. 
I0312 05:43:30.073417 188407 AriaExecutor.h:103] AriaExecutor 3 exits. 
I0312 05:43:30.073606 188396 AriaExecutor.h:649] Worker 1 latency: 140522 us (50%) 140801 us (75%) 142302 us (95%) 157638 us (99%).
I0312 05:43:30.073634 188396 AriaExecutor.h:649] Worker 2 latency: 140350 us (50%) 140758 us (75%) 141002 us (95%) 141029 us (99%).
I0312 05:43:30.073657 188396 AriaExecutor.h:649] Worker 3 latency: 140400 us (50%) 140918 us (75%) 145615 us (95%) 145615 us (99%).
I0312 05:43:30.073760 188396 Coordinator.h:177] total commit: 12
I0312 05:43:31.073954 188396 Coordinator.h:192] Coordinator exits.
