I0312 05:51:56.361901 188889 Database.h:65] ycsb initialization finished in 176 milliseconds.
I0312 05:51:56.362120 188889 Coordinator.h:30] Coordinator initializes 8 workers.
I0312 05:51:56.424465 188889 Coordinator.h:77] Coordinator starts to run 9 workers.
I0312 05:51:56.424551 188901 AriaExecutor.h:91] AriaExecutor 0 started. 
I0312 05:51:56.424600 188902 AriaExecutor.h:91] AriaExecutor 1 started. 
I0312 05:51:56.424685 188903 AriaExecutor.h:91] AriaExecutor 2 started. 
I0312 05:51:56.424764 188904 AriaExecutor.h:91] AriaExecutor 3 started. 
I0312 05:51:56.424832 188905 AriaExecutor.h:91] AriaExecutor 4 started. 
I0312 05:51:56.424925 188906 AriaExecutor.h:91] AriaExecutor 5 started. 
I0312 05:51:56.425033 188907 AriaExecutor.h:91] AriaExecutor 6 started. 
I0312 05:51:56.425129 188908 AriaExecutor.h:91] AriaExecutor 7 started. 
I0312 05:51:56.425230 188909 Manager.h:224] Manager(worker id = 8) on the coordinator node started.
I0312 05:51:57.425276 188889 Coordinator.h:126] commit: 348680 abort: 19960 (0/19960/0), network size: 0, avg network size: 0, si_in_serializable: 0 0 %, local: 0 %
I0312 05:51:58.425446 188889 Coordinator.h:126] commit: 354755 abort: 20029 (0/20029/0), network size: 0, avg network size: 0, si_in_serializable: 0 0 %, local: 0 %
I0312 05:51:59.425628 188889 Coordinator.h:126] commit: 354447 abort: 20337 (0/20337/0), network size: 0, avg network size: 0, si_in_serializable: 0 0 %, local: 0 %
I0312 05:52:00.425766 188889 Coordinator.h:126] commit: 358209 abort: 20394 (0/20394/0), network size: 0, avg network size: 0, si_in_serializable: 0 0 %, local: 0 %
I0312 05:52:01.425884 188889 Coordinator.h:126] commit: 356643 abort: 20466 (0/20466/0), network size: 0, avg network size: 0, si_in_serializable: 0 0 %, local: 0 %
I0312 05:52:02.426003 188889 Coordinator.h:126] commit: 350631 abort: 20057 (0/20057/0), network size: 0, avg network size: 0, si_in_serializable: 0 0 %, local: 0 %
I0312 05:52:03.426126 188889 Coordinator.h:126] commit: 356509 abort: 20323 (0/20323/0), network size: 0, avg network size: 0, si_in_serializable: 0 0 %, local: 0 %
I0312 05:52:04.426306 188889 Coordinator.h:126] commit: 358592 abort: 20288 (0/20288/0), network size: 0, avg network size: 0, si_in_serializable: 0 0 %, local: 0 %
I0312 05:52:05.426445 188889 Coordinator.h:126] commit: 352328 abort: 20408 (0/20408/0), network size: 0, avg network size: 0, si_in_serializable: 0 0 %, local: 0 %
I0312 05:52:06.426563 188889 Coordinator.h:126] commit: 358217 abort: 20663 (0/20663/0), network size: 0, avg network size: 0, si_in_serializable: 0 0 %, local: 0 %
I0312 05:52:07.426736 188889 Coordinator.h:126] commit: 356277 abort: 20555 (0/20555/0), network size: 0, avg network size: 0, si_in_serializable: 0 0 %, local: 0 %
I0312 05:52:08.426875 188889 Coordinator.h:126] commit: 347114 abort: 19661 (0/19661/0), network size: 0, avg network size: 0, si_in_serializable: 0 0 %, local: 0 %
I0312 05:52:09.426992 188889 Coordinator.h:126] commit: 358151 abort: 20546 (0/20546/0), network size: 0, avg network size: 0, si_in_serializable: 0 0 %, local: 0 %
I0312 05:52:10.427165 188889 Coordinator.h:126] commit: 356509 abort: 20323 (0/20323/0), network size: 0, avg network size: 0, si_in_serializable: 0 0 %, local: 0 %
I0312 05:52:11.427304 188889 Coordinator.h:126] commit: 356164 abort: 20668 (0/20668/0), network size: 0, avg network size: 0, si_in_serializable: 0 0 %, local: 0 %
I0312 05:52:12.427420 188889 Coordinator.h:126] commit: 356605 abort: 20227 (0/20227/0), network size: 0, avg network size: 0, si_in_serializable: 0 0 %, local: 0 %
I0312 05:52:13.427536 188889 Coordinator.h:126] commit: 358500 abort: 20380 (0/20380/0), network size: 0, avg network size: 0, si_in_serializable: 0 0 %, local: 0 %
I0312 05:52:14.427649 188889 Coordinator.h:126] commit: 356478 abort: 20354 (0/20354/0), network size: 0, avg network size: 0, si_in_serializable: 0 0 %, local: 0 %
I0312 05:52:15.427820 188889 Coordinator.h:126] commit: 354623 abort: 20161 (0/20161/0), network size: 0, avg network size: 0, si_in_serializable: 0 0 %, local: 0 %
I0312 05:52:16.427954 188889 Coordinator.h:126] commit: 356387 abort: 20445 (0/20445/0), network size: 0, avg network size: 0, si_in_serializable: 0 0 %, local: 0 %
I0312 05:52:17.428068 188889 Coordinator.h:126] commit: 356452 abort: 20380 (0/20380/0), network size: 0, avg network size: 0, si_in_serializable: 0 0 %, local: 0 %
I0312 05:52:18.428187 188889 Coordinator.h:126] commit: 356378 abort: 20454 (0/20454/0), network size: 0, avg network size: 0, si_in_serializable: 0 0 %, local: 0 %
I0312 05:52:19.428306 188889 Coordinator.h:126] commit: 358420 abort: 20460 (0/20460/0), network size: 0, avg network size: 0, si_in_serializable: 0 0 %, local: 0 %
I0312 05:52:20.428478 188889 Coordinator.h:126] commit: 342879 abort: 19617 (0/19617/0), network size: 0, avg network size: 0, si_in_serializable: 0 0 %, local: 0 %
I0312 05:52:21.428617 188889 Coordinator.h:126] commit: 356608 abort: 20224 (0/20224/0), network size: 0, avg network size: 0, si_in_serializable: 0 0 %, local: 0 %
I0312 05:52:21.428659 188889 Coordinator.h:152] average commit: 355681 abort: 20332 (0/20332/0), network size: 0, avg network size: 0, si_in_serializable: 0 0 %, local: 0 %
I0312 05:52:21.430261 188901 AriaExecutor.h:103] AriaExecutor 0 exits. 
I0312 05:52:21.430262 188907 AriaExecutor.h:103] AriaExecutor 6 exits. 
I0312 05:52:21.430262 188904 AriaExecutor.h:103] AriaExecutor 3 exits. 
I0312 05:52:21.430263 188902 AriaExecutor.h:103] AriaExecutor 1 exits. 
I0312 05:52:21.430262 188909 Manager.h:227] Manager(worker id = 8) on the coordinator node exits.
I0312 05:52:21.430263 188908 AriaExecutor.h:103] AriaExecutor 7 exits. 
I0312 05:52:21.430261 188905 AriaExecutor.h:103] AriaExecutor 4 exits. 
I0312 05:52:21.430261 188903 AriaExecutor.h:103] AriaExecutor 2 exits. 
I0312 05:52:21.430263 188906 AriaExecutor.h:103] AriaExecutor 5 exits. 
I0312 05:52:21.428704 188889 AriaExecutor.h:649] Worker 0 latency: 4031 us (50%) 4609 us (75%) 5060 us (95%) 5188 us (99%).
I0312 05:52:21.490617 188889 AriaExecutor.h:649] Worker 1 latency: 4037 us (50%) 4612 us (75%) 5061 us (95%) 5186 us (99%).
I0312 05:52:21.539258 188889 AriaExecutor.h:649] Worker 2 latency: 4037 us (50%) 4612 us (75%) 5061 us (95%) 5188 us (99%).
I0312 05:52:21.588326 188889 AriaExecutor.h:649] Worker 3 latency: 4036 us (50%) 4611 us (75%) 5060 us (95%) 5184 us (99%).
I0312 05:52:21.636194 188889 AriaExecutor.h:649] Worker 4 latency: 4035 us (50%) 4611 us (75%) 5060 us (95%) 5186 us (99%).
I0312 05:52:21.684501 188889 AriaExecutor.h:649] Worker 5 latency: 4032 us (50%) 4610 us (75%) 5060 us (95%) 5186 us (99%).
I0312 05:52:21.732901 188889 AriaExecutor.h:649] Worker 6 latency: 4034 us (50%) 4610 us (75%) 5059 us (95%) 5184 us (99%).
I0312 05:52:21.782033 188889 AriaExecutor.h:649] Worker 7 latency: 4033 us (50%) 4610 us (75%) 5060 us (95%) 5186 us (99%).
I0312 05:52:21.831020 188889 Coordinator.h:177] total commit: 355681
I0312 05:52:22.831223 188889 Coordinator.h:192] Coordinator exits.
