I0312 04:09:48.741592 172536 Database.h:65] ycsb initialization finished in 103 milliseconds.
I0312 04:09:48.741808 172536 Coordinator.h:30] Coordinator initializes 48 workers.
I0312 04:09:48.850235 172536 Coordinator.h:77] Coordinator starts to run 49 workers.
I0312 04:09:48.850337 172588 AriaExecutor.h:82] AriaExecutor 0 started. 
I0312 04:09:48.850459 172590 AriaExecutor.h:82] AriaExecutor 2 started. 
I0312 04:09:48.850471 172589 AriaExecutor.h:82] AriaExecutor 1 started. 
I0312 04:09:48.850561 172591 AriaExecutor.h:82] AriaExecutor 3 started. 
I0312 04:09:48.850709 172592 AriaExecutor.h:82] AriaExecutor 4 started. 
I0312 04:09:48.850888 172593 AriaExecutor.h:82] AriaExecutor 5 started. 
I0312 04:09:48.851059 172594 AriaExecutor.h:82] AriaExecutor 6 started. 
I0312 04:09:48.851236 172595 AriaExecutor.h:82] AriaExecutor 7 started. 
I0312 04:09:48.851410 172596 AriaExecutor.h:82] AriaExecutor 8 started. 
I0312 04:09:48.851583 172597 AriaExecutor.h:82] AriaExecutor 9 started. 
I0312 04:09:48.851694 172598 AriaExecutor.h:82] AriaExecutor 10 started. 
I0312 04:09:48.851919 172599 AriaExecutor.h:82] AriaExecutor 11 started. 
I0312 04:09:48.852092 172600 AriaExecutor.h:82] AriaExecutor 12 started. 
I0312 04:09:48.852273 172601 AriaExecutor.h:82] AriaExecutor 13 started. 
I0312 04:09:48.852421 172602 AriaExecutor.h:82] AriaExecutor 14 started. 
I0312 04:09:48.852568 172603 AriaExecutor.h:82] AriaExecutor 15 started. 
I0312 04:09:48.852715 172604 AriaExecutor.h:82] AriaExecutor 16 started. 
I0312 04:09:48.852859 172605 AriaExecutor.h:82] AriaExecutor 17 started. 
I0312 04:09:48.853003 172606 AriaExecutor.h:82] AriaExecutor 18 started. 
I0312 04:09:48.853149 172607 AriaExecutor.h:82] AriaExecutor 19 started. 
I0312 04:09:48.853293 172608 AriaExecutor.h:82] AriaExecutor 20 started. 
I0312 04:09:48.853437 172609 AriaExecutor.h:82] AriaExecutor 21 started. 
I0312 04:09:48.853580 172610 AriaExecutor.h:82] AriaExecutor 22 started. 
I0312 04:09:48.853724 172611 AriaExecutor.h:82] AriaExecutor 23 started. 
I0312 04:09:48.853861 172612 AriaExecutor.h:82] AriaExecutor 24 started. 
I0312 04:09:48.854029 172613 AriaExecutor.h:82] AriaExecutor 25 started. 
I0312 04:09:48.854200 172614 AriaExecutor.h:82] AriaExecutor 26 started. 
I0312 04:09:48.854385 172615 AriaExecutor.h:82] AriaExecutor 27 started. 
I0312 04:09:48.854579 172616 AriaExecutor.h:82] AriaExecutor 28 started. 
I0312 04:09:48.854764 172617 AriaExecutor.h:82] AriaExecutor 29 started. 
I0312 04:09:48.854936 172618 AriaExecutor.h:82] AriaExecutor 30 started. 
I0312 04:09:48.855132 172619 AriaExecutor.h:82] AriaExecutor 31 started. 
I0312 04:09:48.855321 172620 AriaExecutor.h:82] AriaExecutor 32 started. 
I0312 04:09:48.855504 172621 AriaExecutor.h:82] AriaExecutor 33 started. 
I0312 04:09:48.855686 172622 AriaExecutor.h:82] AriaExecutor 34 started. 
I0312 04:09:48.855859 172623 AriaExecutor.h:82] AriaExecutor 35 started. 
I0312 04:09:48.856037 172624 AriaExecutor.h:82] AriaExecutor 36 started. 
I0312 04:09:48.856225 172625 AriaExecutor.h:82] AriaExecutor 37 started. 
I0312 04:09:48.856441 172626 AriaExecutor.h:82] AriaExecutor 38 started. 
I0312 04:09:48.856621 172627 AriaExecutor.h:82] AriaExecutor 39 started. 
I0312 04:09:48.856804 172628 AriaExecutor.h:82] AriaExecutor 40 started. 
I0312 04:09:48.856974 172629 AriaExecutor.h:82] AriaExecutor 41 started. 
I0312 04:09:48.857137 172630 AriaExecutor.h:82] AriaExecutor 42 started. 
I0312 04:09:48.857335 172631 AriaExecutor.h:82] AriaExecutor 43 started. 
I0312 04:09:48.857508 172632 AriaExecutor.h:82] AriaExecutor 44 started. 
I0312 04:09:48.857684 172633 AriaExecutor.h:82] AriaExecutor 45 started. 
I0312 04:09:48.857872 172634 AriaExecutor.h:82] AriaExecutor 46 started. 
I0312 04:09:48.858036 172635 AriaExecutor.h:82] AriaExecutor 47 started. 
I0312 04:09:48.858210 172636 Manager.h:224] Manager(worker id = 48) on the coordinator node started.
I0312 04:09:49.858285 172536 Coordinator.h:126] commit: 85053 abort: 824259 (0/824259/0), network size: 0, avg network size: 0, si_in_serializable: 0 0 %, local: 0 %
I0312 04:09:50.858451 172536 Coordinator.h:126] commit: 86557 abort: 835043 (0/835043/0), network size: 0, avg network size: 0, si_in_serializable: 0 0 %, local: 0 %
I0312 04:09:51.858592 172536 Coordinator.h:126] commit: 85722 abort: 823590 (0/823590/0), network size: 0, avg network size: 0, si_in_serializable: 0 0 %, local: 0 %
I0312 04:09:52.858853 172536 Coordinator.h:126] commit: 85957 abort: 823355 (0/823355/0), network size: 0, avg network size: 0, si_in_serializable: 0 0 %, local: 0 %
I0312 04:09:53.859042 172536 Coordinator.h:126] commit: 86269 abort: 831235 (0/831235/0), network size: 0, avg network size: 0, si_in_serializable: 0 0 %, local: 0 %
I0312 04:09:54.859179 172536 Coordinator.h:126] commit: 86923 abort: 834677 (0/834677/0), network size: 0, avg network size: 0, si_in_serializable: 0 0 %, local: 0 %
I0312 04:09:55.859318 172536 Coordinator.h:126] commit: 85942 abort: 831562 (0/831562/0), network size: 0, avg network size: 0, si_in_serializable: 0 0 %, local: 0 %
I0312 04:09:56.859455 172536 Coordinator.h:126] commit: 86572 abort: 830932 (0/830932/0), network size: 0, avg network size: 0, si_in_serializable: 0 0 %, local: 0 %
I0312 04:09:57.859596 172536 Coordinator.h:126] commit: 85961 abort: 823351 (0/823351/0), network size: 0, avg network size: 0, si_in_serializable: 0 0 %, local: 0 %
I0312 04:09:58.859740 172536 Coordinator.h:126] commit: 85290 abort: 819926 (0/819926/0), network size: 0, avg network size: 0, si_in_serializable: 0 0 %, local: 0 %
I0312 04:09:59.859920 172536 Coordinator.h:126] commit: 86374 abort: 835226 (0/835226/0), network size: 0, avg network size: 0, si_in_serializable: 0 0 %, local: 0 %
I0312 04:10:00.860067 172536 Coordinator.h:126] commit: 86929 abort: 838767 (0/838767/0), network size: 0, avg network size: 0, si_in_serializable: 0 0 %, local: 0 %
I0312 04:10:01.860203 172536 Coordinator.h:126] commit: 86462 abort: 835138 (0/835138/0), network size: 0, avg network size: 0, si_in_serializable: 0 0 %, local: 0 %
I0312 04:10:02.860344 172536 Coordinator.h:126] commit: 86155 abort: 835445 (0/835445/0), network size: 0, avg network size: 0, si_in_serializable: 0 0 %, local: 0 %
I0312 04:10:03.860481 172536 Coordinator.h:126] commit: 86014 abort: 831490 (0/831490/0), network size: 0, avg network size: 0, si_in_serializable: 0 0 %, local: 0 %
I0312 04:10:04.860615 172536 Coordinator.h:126] commit: 86210 abort: 835390 (0/835390/0), network size: 0, avg network size: 0, si_in_serializable: 0 0 %, local: 0 %
I0312 04:10:05.860749 172536 Coordinator.h:126] commit: 86598 abort: 835002 (0/835002/0), network size: 0, avg network size: 0, si_in_serializable: 0 0 %, local: 0 %
I0312 04:10:06.860885 172536 Coordinator.h:126] commit: 86265 abort: 831239 (0/831239/0), network size: 0, avg network size: 0, si_in_serializable: 0 0 %, local: 0 %
I0312 04:10:07.861022 172536 Coordinator.h:126] commit: 85165 abort: 820051 (0/820051/0), network size: 0, avg network size: 0, si_in_serializable: 0 0 %, local: 0 %
I0312 04:10:08.861159 172536 Coordinator.h:126] commit: 86340 abort: 835260 (0/835260/0), network size: 0, avg network size: 0, si_in_serializable: 0 0 %, local: 0 %
I0312 04:10:09.861307 172536 Coordinator.h:126] commit: 86674 abort: 830830 (0/830830/0), network size: 0, avg network size: 0, si_in_serializable: 0 0 %, local: 0 %
I0312 04:10:10.861465 172536 Coordinator.h:126] commit: 86540 abort: 835060 (0/835060/0), network size: 0, avg network size: 0, si_in_serializable: 0 0 %, local: 0 %
I0312 04:10:11.861614 172536 Coordinator.h:126] commit: 87023 abort: 834577 (0/834577/0), network size: 0, avg network size: 0, si_in_serializable: 0 0 %, local: 0 %
I0312 04:10:12.861756 172536 Coordinator.h:126] commit: 86506 abort: 835094 (0/835094/0), network size: 0, avg network size: 0, si_in_serializable: 0 0 %, local: 0 %
I0312 04:10:13.861896 172536 Coordinator.h:126] commit: 86996 abort: 834604 (0/834604/0), network size: 0, avg network size: 0, si_in_serializable: 0 0 %, local: 0 %
I0312 04:10:13.861946 172536 Coordinator.h:152] average commit: 86251.2 abort: 833301 (0/833301/0), network size: 0, avg network size: 0, si_in_serializable: 0 0 %, local: 0 %
I0312 04:10:13.861961 172536 AriaExecutor.h:535] Worker 0 latency: 3961 us (50%) 4244 us (75%) 4375 us (95%) 4440 us (99%).
I0312 04:10:13.865463 172611 AriaExecutor.h:94] AriaExecutor 23 exits. 
I0312 04:10:13.865465 172606 AriaExecutor.h:94] AriaExecutor 18 exits. 
I0312 04:10:13.865468 172613 AriaExecutor.h:94] AriaExecutor 25 exits. 
I0312 04:10:13.865469 172593 AriaExecutor.h:94] AriaExecutor 5 exits. 
I0312 04:10:13.865495 172622 AriaExecutor.h:94] AriaExecutor 34 exits. 
I0312 04:10:13.865494 172628 AriaExecutor.h:94] AriaExecutor 40 exits. 
I0312 04:10:13.865492 172634 AriaExecutor.h:94] AriaExecutor 46 exits. 
I0312 04:10:13.865497 172635 AriaExecutor.h:94] AriaExecutor 47 exits. 
I0312 04:10:13.865504 172621 AriaExecutor.h:94] AriaExecutor 33 exits. 
I0312 04:10:13.865505 172600 AriaExecutor.h:94] AriaExecutor 12 exits. 
I0312 04:10:13.865501 172617 AriaExecutor.h:94] AriaExecutor 29 exits. 
I0312 04:10:13.865505 172599 AriaExecutor.h:94] AriaExecutor 11 exits. 
I0312 04:10:13.865499 172603 AriaExecutor.h:94] AriaExecutor 15 exits. 
I0312 04:10:13.865473 172590 AriaExecutor.h:94] AriaExecutor 2 exits. 
I0312 04:10:13.865505 172631 AriaExecutor.h:94] AriaExecutor 43 exits. 
I0312 04:10:13.865469 172594 AriaExecutor.h:94] AriaExecutor 6 exits. 
I0312 04:10:13.865517 172627 AriaExecutor.h:94] AriaExecutor 39 exits. 
I0312 04:10:13.865536 172616 AriaExecutor.h:94] AriaExecutor 28 exits. 
I0312 04:10:13.865471 172607 AriaExecutor.h:94] AriaExecutor 19 exits. 
I0312 04:10:13.865535 172608 AriaExecutor.h:94] AriaExecutor 20 exits. 
I0312 04:10:13.865491 172602 AriaExecutor.h:94] AriaExecutor 14 exits. 
I0312 04:10:13.865494 172633 AriaExecutor.h:94] AriaExecutor 45 exits. 
I0312 04:10:13.865487 172630 AriaExecutor.h:94] AriaExecutor 42 exits. 
I0312 04:10:13.865497 172609 AriaExecutor.h:94] AriaExecutor 21 exits. 
I0312 04:10:13.865494 172605 AriaExecutor.h:94] AriaExecutor 17 exits. 
I0312 04:10:13.865499 172610 AriaExecutor.h:94] AriaExecutor 22 exits. 
I0312 04:10:13.865471 172636 Manager.h:227] Manager(worker id = 48) on the coordinator node exits.
I0312 04:10:13.865500 172601 AriaExecutor.h:94] AriaExecutor 13 exits. 
I0312 04:10:13.865500 172619 AriaExecutor.h:94] AriaExecutor 31 exits. 
I0312 04:10:13.865469 172596 AriaExecutor.h:94] AriaExecutor 8 exits. 
I0312 04:10:13.865502 172604 AriaExecutor.h:94] AriaExecutor 16 exits. 
I0312 04:10:13.865502 172626 AriaExecutor.h:94] AriaExecutor 38 exits. 
I0312 04:10:13.865474 172592 AriaExecutor.h:94] AriaExecutor 4 exits. 
I0312 04:10:13.865469 172598 AriaExecutor.h:94] AriaExecutor 10 exits. 
I0312 04:10:13.865501 172614 AriaExecutor.h:94] AriaExecutor 26 exits. 
I0312 04:10:13.865470 172597 AriaExecutor.h:94] AriaExecutor 9 exits. 
I0312 04:10:13.865517 172618 AriaExecutor.h:94] AriaExecutor 30 exits. 
I0312 04:10:13.865517 172629 AriaExecutor.h:94] AriaExecutor 41 exits. 
I0312 04:10:13.865516 172620 AriaExecutor.h:94] AriaExecutor 32 exits. 
I0312 04:10:13.865504 172625 AriaExecutor.h:94] AriaExecutor 37 exits. 
I0312 04:10:13.865474 172615 AriaExecutor.h:94] AriaExecutor 27 exits. 
I0312 04:10:13.865518 172632 AriaExecutor.h:94] AriaExecutor 44 exits. 
I0312 04:10:13.865527 172623 AriaExecutor.h:94] AriaExecutor 35 exits. 
I0312 04:10:13.865476 172591 AriaExecutor.h:94] AriaExecutor 3 exits. 
I0312 04:10:13.865483 172588 AriaExecutor.h:94] AriaExecutor 0 exits. 
I0312 04:10:13.865535 172612 AriaExecutor.h:94] AriaExecutor 24 exits. 
I0312 04:10:13.865473 172595 AriaExecutor.h:94] AriaExecutor 7 exits. 
I0312 04:10:13.865491 172624 AriaExecutor.h:94] AriaExecutor 36 exits. 
I0312 04:10:13.865485 172589 AriaExecutor.h:94] AriaExecutor 1 exits. 
I0312 04:10:13.866436 172536 AriaExecutor.h:535] Worker 1 latency: 3952 us (50%) 4240 us (75%) 4374 us (95%) 4439 us (99%).
I0312 04:10:13.868969 172536 AriaExecutor.h:535] Worker 2 latency: 3952 us (50%) 4237 us (75%) 4372 us (95%) 4438 us (99%).
I0312 04:10:13.871472 172536 AriaExecutor.h:535] Worker 3 latency: 3950 us (50%) 4235 us (75%) 4371 us (95%) 4441 us (99%).
I0312 04:10:13.873965 172536 AriaExecutor.h:535] Worker 4 latency: 3945 us (50%) 4234 us (75%) 4370 us (95%) 4435 us (99%).
I0312 04:10:13.876487 172536 AriaExecutor.h:535] Worker 5 latency: 3939 us (50%) 4229 us (75%) 4369 us (95%) 4436 us (99%).
I0312 04:10:13.879006 172536 AriaExecutor.h:535] Worker 6 latency: 3932 us (50%) 4227 us (75%) 4367 us (95%) 4437 us (99%).
I0312 04:10:13.881470 172536 AriaExecutor.h:535] Worker 7 latency: 3931 us (50%) 4224 us (75%) 4366 us (95%) 4434 us (99%).
I0312 04:10:13.883956 172536 AriaExecutor.h:535] Worker 8 latency: 3918 us (50%) 4219 us (75%) 4364 us (95%) 4431 us (99%).
I0312 04:10:13.886425 172536 AriaExecutor.h:535] Worker 9 latency: 3923 us (50%) 4220 us (75%) 4364 us (95%) 4432 us (99%).
I0312 04:10:13.888885 172536 AriaExecutor.h:535] Worker 10 latency: 3922 us (50%) 4216 us (75%) 4363 us (95%) 4432 us (99%).
I0312 04:10:13.891352 172536 AriaExecutor.h:535] Worker 11 latency: 3918 us (50%) 4215 us (75%) 4362 us (95%) 4431 us (99%).
I0312 04:10:13.893778 172536 AriaExecutor.h:535] Worker 12 latency: 3917 us (50%) 4214 us (75%) 4361 us (95%) 4431 us (99%).
I0312 04:10:13.896201 172536 AriaExecutor.h:535] Worker 13 latency: 3916 us (50%) 4214 us (75%) 4361 us (95%) 4430 us (99%).
I0312 04:10:13.898644 172536 AriaExecutor.h:535] Worker 14 latency: 3917 us (50%) 4215 us (75%) 4365 us (95%) 4433 us (99%).
I0312 04:10:13.901166 172536 AriaExecutor.h:535] Worker 15 latency: 3915 us (50%) 4214 us (75%) 4363 us (95%) 4434 us (99%).
I0312 04:10:13.903574 172536 AriaExecutor.h:535] Worker 16 latency: 3666 us (50%) 4157 us (75%) 4364 us (95%) 4436 us (99%).
I0312 04:10:13.906107 172536 AriaExecutor.h:535] Worker 17 latency: 3934 us (50%) 4219 us (75%) 4362 us (95%) 4432 us (99%).
I0312 04:10:13.908484 172536 AriaExecutor.h:535] Worker 18 latency: 3937 us (50%) 4218 us (75%) 4362 us (95%) 4431 us (99%).
I0312 04:10:13.910843 172536 AriaExecutor.h:535] Worker 19 latency: 3938 us (50%) 4218 us (75%) 4362 us (95%) 4431 us (99%).
I0312 04:10:13.913290 172536 AriaExecutor.h:535] Worker 20 latency: 3930 us (50%) 4216 us (75%) 4361 us (95%) 4431 us (99%).
I0312 04:10:13.915665 172536 AriaExecutor.h:535] Worker 21 latency: 3936 us (50%) 4217 us (75%) 4362 us (95%) 4425 us (99%).
I0312 04:10:13.918020 172536 AriaExecutor.h:535] Worker 22 latency: 3932 us (50%) 4213 us (75%) 4361 us (95%) 4427 us (99%).
I0312 04:10:13.920365 172536 AriaExecutor.h:535] Worker 23 latency: 3932 us (50%) 4216 us (75%) 4360 us (95%) 4430 us (99%).
I0312 04:10:13.922703 172536 AriaExecutor.h:535] Worker 24 latency: 3931 us (50%) 4214 us (75%) 4360 us (95%) 4428 us (99%).
I0312 04:10:13.925029 172536 AriaExecutor.h:535] Worker 25 latency: 3918 us (50%) 4209 us (75%) 4361 us (95%) 4429 us (99%).
I0312 04:10:13.927337 172536 AriaExecutor.h:535] Worker 26 latency: 3924 us (50%) 4212 us (75%) 4359 us (95%) 4428 us (99%).
I0312 04:10:13.929688 172536 AriaExecutor.h:535] Worker 27 latency: 3925 us (50%) 4213 us (75%) 4359 us (95%) 4428 us (99%).
I0312 04:10:13.931993 172536 AriaExecutor.h:535] Worker 28 latency: 3923 us (50%) 4209 us (75%) 4359 us (95%) 4427 us (99%).
I0312 04:10:13.934293 172536 AriaExecutor.h:535] Worker 29 latency: 3897 us (50%) 4203 us (75%) 4359 us (95%) 4428 us (99%).
I0312 04:10:13.936636 172536 AriaExecutor.h:535] Worker 30 latency: 3911 us (50%) 4204 us (75%) 4354 us (95%) 4422 us (99%).
I0312 04:10:13.939328 172536 AriaExecutor.h:535] Worker 31 latency: 3905 us (50%) 4203 us (75%) 4356 us (95%) 4426 us (99%).
I0312 04:10:13.941658 172536 AriaExecutor.h:535] Worker 32 latency: 3891 us (50%) 4196 us (75%) 4354 us (95%) 4421 us (99%).
I0312 04:10:13.943997 172536 AriaExecutor.h:535] Worker 33 latency: 3892 us (50%) 4195 us (75%) 4354 us (95%) 4422 us (99%).
I0312 04:10:13.946307 172536 AriaExecutor.h:535] Worker 34 latency: 3889 us (50%) 4194 us (75%) 4353 us (95%) 4426 us (99%).
I0312 04:10:13.948645 172536 AriaExecutor.h:535] Worker 35 latency: 3903 us (50%) 4197 us (75%) 4353 us (95%) 4424 us (99%).
I0312 04:10:13.950968 172536 AriaExecutor.h:535] Worker 36 latency: 3883 us (50%) 4193 us (75%) 4351 us (95%) 4419 us (99%).
I0312 04:10:13.953265 172536 AriaExecutor.h:535] Worker 37 latency: 3886 us (50%) 4193 us (75%) 4354 us (95%) 4421 us (99%).
I0312 04:10:13.955580 172536 AriaExecutor.h:535] Worker 38 latency: 3891 us (50%) 4194 us (75%) 4353 us (95%) 4423 us (99%).
I0312 04:10:13.957901 172536 AriaExecutor.h:535] Worker 39 latency: 3896 us (50%) 4193 us (75%) 4352 us (95%) 4423 us (99%).
I0312 04:10:13.960191 172536 AriaExecutor.h:535] Worker 40 latency: 3886 us (50%) 4190 us (75%) 4351 us (95%) 4419 us (99%).
I0312 04:10:13.962500 172536 AriaExecutor.h:535] Worker 41 latency: 3880 us (50%) 4188 us (75%) 4351 us (95%) 4423 us (99%).
I0312 04:10:13.964820 172536 AriaExecutor.h:535] Worker 42 latency: 3880 us (50%) 4190 us (75%) 4350 us (95%) 4420 us (99%).
I0312 04:10:13.967108 172536 AriaExecutor.h:535] Worker 43 latency: 3879 us (50%) 4188 us (75%) 4351 us (95%) 4423 us (99%).
I0312 04:10:13.969457 172536 AriaExecutor.h:535] Worker 44 latency: 3884 us (50%) 4190 us (75%) 4352 us (95%) 4423 us (99%).
I0312 04:10:13.971740 172536 AriaExecutor.h:535] Worker 45 latency: 3886 us (50%) 4190 us (75%) 4350 us (95%) 4421 us (99%).
I0312 04:10:13.974052 172536 AriaExecutor.h:535] Worker 46 latency: 3883 us (50%) 4192 us (75%) 4354 us (95%) 4422 us (99%).
I0312 04:10:13.976339 172536 AriaExecutor.h:535] Worker 47 latency: 3892 us (50%) 4194 us (75%) 4351 us (95%) 4423 us (99%).
I0312 04:10:13.978627 172536 Coordinator.h:177] total commit: 86251.2
I0312 04:10:14.978843 172536 Coordinator.h:192] Coordinator exits.
