I0312 07:45:56.090178 224870 Database.h:65] ycsb initialization finished in 99 milliseconds.
I0312 07:45:56.090406 224870 Coordinator.h:30] Coordinator initializes 48 workers.
I0312 07:45:56.199801 224870 Coordinator.h:77] Coordinator starts to run 49 workers.
I0312 07:45:56.199889 224923 AriaExecutor.h:91] AriaExecutor 0 started. 
I0312 07:45:56.199936 224924 AriaExecutor.h:91] AriaExecutor 1 started. 
I0312 07:45:56.200026 224925 AriaExecutor.h:91] AriaExecutor 2 started. 
I0312 07:45:56.200078 224926 AriaExecutor.h:91] AriaExecutor 3 started. 
I0312 07:45:56.200186 224927 AriaExecutor.h:91] AriaExecutor 4 started. 
I0312 07:45:56.200274 224928 AriaExecutor.h:91] AriaExecutor 5 started. 
I0312 07:45:56.200333 224929 AriaExecutor.h:91] AriaExecutor 6 started. 
I0312 07:45:56.200399 224930 AriaExecutor.h:91] AriaExecutor 7 started. 
I0312 07:45:56.200459 224931 AriaExecutor.h:91] AriaExecutor 8 started. 
I0312 07:45:56.200532 224932 AriaExecutor.h:91] AriaExecutor 9 started. 
I0312 07:45:56.200567 224933 AriaExecutor.h:91] AriaExecutor 10 started. 
I0312 07:45:56.200691 224934 AriaExecutor.h:91] AriaExecutor 11 started. 
I0312 07:45:56.200807 224935 AriaExecutor.h:91] AriaExecutor 12 started. 
I0312 07:45:56.200920 224936 AriaExecutor.h:91] AriaExecutor 13 started. 
I0312 07:45:56.201038 224937 AriaExecutor.h:91] AriaExecutor 14 started. 
I0312 07:45:56.201174 224938 AriaExecutor.h:91] AriaExecutor 15 started. 
I0312 07:45:56.201290 224939 AriaExecutor.h:91] AriaExecutor 16 started. 
I0312 07:45:56.201398 224940 AriaExecutor.h:91] AriaExecutor 17 started. 
I0312 07:45:56.201509 224941 AriaExecutor.h:91] AriaExecutor 18 started. 
I0312 07:45:56.201558 224942 AriaExecutor.h:91] AriaExecutor 19 started. 
I0312 07:45:56.201682 224943 AriaExecutor.h:91] AriaExecutor 20 started. 
I0312 07:45:56.201748 224944 AriaExecutor.h:91] AriaExecutor 21 started. 
I0312 07:45:56.201848 224945 AriaExecutor.h:91] AriaExecutor 22 started. 
I0312 07:45:56.201900 224946 AriaExecutor.h:91] AriaExecutor 23 started. 
I0312 07:45:56.201992 224947 AriaExecutor.h:91] AriaExecutor 24 started. 
I0312 07:45:56.202050 224948 AriaExecutor.h:91] AriaExecutor 25 started. 
I0312 07:45:56.202157 224949 AriaExecutor.h:91] AriaExecutor 26 started. 
I0312 07:45:56.202260 224950 AriaExecutor.h:91] AriaExecutor 27 started. 
I0312 07:45:56.202368 224951 AriaExecutor.h:91] AriaExecutor 28 started. 
I0312 07:45:56.202466 224952 AriaExecutor.h:91] AriaExecutor 29 started. 
I0312 07:45:56.202555 224953 AriaExecutor.h:91] AriaExecutor 30 started. 
I0312 07:45:56.202697 224954 AriaExecutor.h:91] AriaExecutor 31 started. 
I0312 07:45:56.202744 224955 AriaExecutor.h:91] AriaExecutor 32 started. 
I0312 07:45:56.202867 224956 AriaExecutor.h:91] AriaExecutor 33 started. 
I0312 07:45:56.202956 224957 AriaExecutor.h:91] AriaExecutor 34 started. 
I0312 07:45:56.203035 224958 AriaExecutor.h:91] AriaExecutor 35 started. 
I0312 07:45:56.203121 224959 AriaExecutor.h:91] AriaExecutor 36 started. 
I0312 07:45:56.203229 224960 AriaExecutor.h:91] AriaExecutor 37 started. 
I0312 07:45:56.203342 224961 AriaExecutor.h:91] AriaExecutor 38 started. 
I0312 07:45:56.203452 224962 AriaExecutor.h:91] AriaExecutor 39 started. 
I0312 07:45:56.203559 224963 AriaExecutor.h:91] AriaExecutor 40 started. 
I0312 07:45:56.203673 224964 AriaExecutor.h:91] AriaExecutor 41 started. 
I0312 07:45:56.203764 224965 AriaExecutor.h:91] AriaExecutor 42 started. 
I0312 07:45:56.204032 224966 AriaExecutor.h:91] AriaExecutor 43 started. 
I0312 07:45:56.204224 224967 AriaExecutor.h:91] AriaExecutor 44 started. 
I0312 07:45:56.204471 224968 AriaExecutor.h:91] AriaExecutor 45 started. 
I0312 07:45:56.204645 224969 AriaExecutor.h:91] AriaExecutor 46 started. 
I0312 07:45:56.204836 224970 AriaExecutor.h:91] AriaExecutor 47 started. 
I0312 07:45:56.205066 224971 Manager.h:224] Manager(worker id = 48) on the coordinator node started.
I0312 07:45:57.205163 224870 Coordinator.h:126] commit: 918 abort: 150634 (0/150634/0), network size: 0, avg network size: 0, si_in_serializable: 0 0 %, local: 0 %
I0312 07:45:58.205325 224870 Coordinator.h:126] commit: 957 abort: 154691 (0/154691/0), network size: 0, avg network size: 0, si_in_serializable: 0 0 %, local: 0 %
I0312 07:45:59.205472 224870 Coordinator.h:126] commit: 917 abort: 154731 (0/154731/0), network size: 0, avg network size: 0, si_in_serializable: 0 0 %, local: 0 %
I0312 07:46:00.205627 224870 Coordinator.h:126] commit: 938 abort: 154710 (0/154710/0), network size: 0, avg network size: 0, si_in_serializable: 0 0 %, local: 0 %
I0312 07:46:01.205911 224870 Coordinator.h:126] commit: 979 abort: 158765 (0/158765/0), network size: 0, avg network size: 0, si_in_serializable: 0 0 %, local: 0 %
I0312 07:46:02.206096 224870 Coordinator.h:126] commit: 932 abort: 154716 (0/154716/0), network size: 0, avg network size: 0, si_in_serializable: 0 0 %, local: 0 %
I0312 07:46:03.206247 224870 Coordinator.h:126] commit: 975 abort: 158769 (0/158769/0), network size: 0, avg network size: 0, si_in_serializable: 0 0 %, local: 0 %
I0312 07:46:04.206396 224870 Coordinator.h:126] commit: 933 abort: 158811 (0/158811/0), network size: 0, avg network size: 0, si_in_serializable: 0 0 %, local: 0 %
I0312 07:46:05.206548 224870 Coordinator.h:126] commit: 958 abort: 158786 (0/158786/0), network size: 0, avg network size: 0, si_in_serializable: 0 0 %, local: 0 %
I0312 07:46:06.206702 224870 Coordinator.h:126] commit: 963 abort: 154685 (0/154685/0), network size: 0, avg network size: 0, si_in_serializable: 0 0 %, local: 0 %
I0312 07:46:07.206863 224870 Coordinator.h:126] commit: 982 abort: 158762 (0/158762/0), network size: 0, avg network size: 0, si_in_serializable: 0 0 %, local: 0 %
I0312 07:46:08.207019 224870 Coordinator.h:126] commit: 961 abort: 154687 (0/154687/0), network size: 0, avg network size: 0, si_in_serializable: 0 0 %, local: 0 %
I0312 07:46:09.207168 224870 Coordinator.h:126] commit: 991 abort: 158753 (0/158753/0), network size: 0, avg network size: 0, si_in_serializable: 0 0 %, local: 0 %
I0312 07:46:10.207348 224870 Coordinator.h:126] commit: 982 abort: 158762 (0/158762/0), network size: 0, avg network size: 0, si_in_serializable: 0 0 %, local: 0 %
I0312 07:46:11.207509 224870 Coordinator.h:126] commit: 943 abort: 158801 (0/158801/0), network size: 0, avg network size: 0, si_in_serializable: 0 0 %, local: 0 %
I0312 07:46:12.207665 224870 Coordinator.h:126] commit: 952 abort: 158792 (0/158792/0), network size: 0, avg network size: 0, si_in_serializable: 0 0 %, local: 0 %
I0312 07:46:13.207825 224870 Coordinator.h:126] commit: 919 abort: 154729 (0/154729/0), network size: 0, avg network size: 0, si_in_serializable: 0 0 %, local: 0 %
I0312 07:46:14.207969 224870 Coordinator.h:126] commit: 952 abort: 158792 (0/158792/0), network size: 0, avg network size: 0, si_in_serializable: 0 0 %, local: 0 %
I0312 07:46:15.208115 224870 Coordinator.h:126] commit: 915 abort: 158829 (0/158829/0), network size: 0, avg network size: 0, si_in_serializable: 0 0 %, local: 0 %
I0312 07:46:16.208287 224870 Coordinator.h:126] commit: 961 abort: 158783 (0/158783/0), network size: 0, avg network size: 0, si_in_serializable: 0 0 %, local: 0 %
I0312 07:46:17.208437 224870 Coordinator.h:126] commit: 959 abort: 158785 (0/158785/0), network size: 0, avg network size: 0, si_in_serializable: 0 0 %, local: 0 %
I0312 07:46:18.208591 224870 Coordinator.h:126] commit: 948 abort: 158796 (0/158796/0), network size: 0, avg network size: 0, si_in_serializable: 0 0 %, local: 0 %
I0312 07:46:19.208745 224870 Coordinator.h:126] commit: 927 abort: 154721 (0/154721/0), network size: 0, avg network size: 0, si_in_serializable: 0 0 %, local: 0 %
I0312 07:46:20.208895 224870 Coordinator.h:126] commit: 949 abort: 158795 (0/158795/0), network size: 0, avg network size: 0, si_in_serializable: 0 0 %, local: 0 %
I0312 07:46:21.209045 224870 Coordinator.h:126] commit: 941 abort: 158803 (0/158803/0), network size: 0, avg network size: 0, si_in_serializable: 0 0 %, local: 0 %
I0312 07:46:21.209102 224870 Coordinator.h:152] average commit: 955.8 abort: 157969 (0/157969/0), network size: 0, avg network size: 0, si_in_serializable: 0 0 %, local: 0 %
I0312 07:46:21.209118 224870 AriaExecutor.h:649] Worker 0 latency: 25670 us (50%) 25816 us (75%) 26136 us (95%) 26848 us (99%).
I0312 07:46:21.227864 224954 AriaExecutor.h:103] AriaExecutor 31 exits. 
I0312 07:46:21.227952 224943 AriaExecutor.h:103] AriaExecutor 20 exits. 
I0312 07:46:21.227874 224959 AriaExecutor.h:103] AriaExecutor 36 exits. 
I0312 07:46:21.227875 224928 AriaExecutor.h:103] AriaExecutor 5 exits. 
I0312 07:46:21.227875 224964 AriaExecutor.h:103] AriaExecutor 41 exits. 
I0312 07:46:21.227877 224946 AriaExecutor.h:103] AriaExecutor 23 exits. 
I0312 07:46:21.227880 224945 AriaExecutor.h:103] AriaExecutor 22 exits. 
I0312 07:46:21.227880 224944 AriaExecutor.h:103] AriaExecutor 21 exits. 
I0312 07:46:21.227881 224967 AriaExecutor.h:103] AriaExecutor 44 exits. 
I0312 07:46:21.227864 224930 AriaExecutor.h:103] AriaExecutor 7 exits. 
I0312 07:46:21.227881 224968 AriaExecutor.h:103] AriaExecutor 45 exits. 
I0312 07:46:21.227864 224955 AriaExecutor.h:103] AriaExecutor 32 exits. 
I0312 07:46:21.227882 224950 AriaExecutor.h:103] AriaExecutor 27 exits. 
I0312 07:46:21.227869 224936 AriaExecutor.h:103] AriaExecutor 13 exits. 
I0312 07:46:21.227869 224924 AriaExecutor.h:103] AriaExecutor 1 exits. 
I0312 07:46:21.227870 224969 AriaExecutor.h:103] AriaExecutor 46 exits. 
I0312 07:46:21.227887 224939 AriaExecutor.h:103] AriaExecutor 16 exits. 
I0312 07:46:21.227886 224937 AriaExecutor.h:103] AriaExecutor 14 exits. 
I0312 07:46:21.227872 224931 AriaExecutor.h:103] AriaExecutor 8 exits. 
I0312 07:46:21.227875 224932 AriaExecutor.h:103] AriaExecutor 9 exits. 
I0312 07:46:21.227864 224929 AriaExecutor.h:103] AriaExecutor 6 exits. 
I0312 07:46:21.227874 224934 AriaExecutor.h:103] AriaExecutor 11 exits. 
I0312 07:46:21.227880 224951 AriaExecutor.h:103] AriaExecutor 28 exits. 
I0312 07:46:21.227877 224970 AriaExecutor.h:103] AriaExecutor 47 exits. 
I0312 07:46:21.227890 224938 AriaExecutor.h:103] AriaExecutor 15 exits. 
I0312 07:46:21.227880 224941 AriaExecutor.h:103] AriaExecutor 18 exits. 
I0312 07:46:21.227883 224948 AriaExecutor.h:103] AriaExecutor 25 exits. 
I0312 07:46:21.227864 224953 AriaExecutor.h:103] AriaExecutor 30 exits. 
I0312 07:46:21.227864 224962 AriaExecutor.h:103] AriaExecutor 39 exits. 
I0312 07:46:21.227880 224940 AriaExecutor.h:103] AriaExecutor 17 exits. 
I0312 07:46:21.227948 224949 AriaExecutor.h:103] AriaExecutor 26 exits. 
I0312 07:46:21.227866 224935 AriaExecutor.h:103] AriaExecutor 12 exits. 
I0312 07:46:21.227887 224947 AriaExecutor.h:103] AriaExecutor 24 exits. 
I0312 07:46:21.227959 224952 AriaExecutor.h:103] AriaExecutor 29 exits. 
I0312 07:46:21.227875 224960 AriaExecutor.h:103] AriaExecutor 37 exits. 
I0312 07:46:21.227864 224926 AriaExecutor.h:103] AriaExecutor 3 exits. 
I0312 07:46:21.227880 224966 AriaExecutor.h:103] AriaExecutor 43 exits. 
I0312 07:46:21.227873 224957 AriaExecutor.h:103] AriaExecutor 34 exits. 
I0312 07:46:21.227900 224961 AriaExecutor.h:103] AriaExecutor 38 exits. 
I0312 07:46:21.227878 224971 Manager.h:227] Manager(worker id = 48) on the coordinator node exits.
I0312 07:46:21.227888 224942 AriaExecutor.h:103] AriaExecutor 19 exits. 
I0312 07:46:21.227874 224927 AriaExecutor.h:103] AriaExecutor 4 exits. 
I0312 07:46:21.227865 224933 AriaExecutor.h:103] AriaExecutor 10 exits. 
I0312 07:46:21.227869 224958 AriaExecutor.h:103] AriaExecutor 35 exits. 
I0312 07:46:21.227865 224965 AriaExecutor.h:103] AriaExecutor 42 exits. 
I0312 07:46:21.227869 224956 AriaExecutor.h:103] AriaExecutor 33 exits. 
I0312 07:46:21.227942 224923 AriaExecutor.h:103] AriaExecutor 0 exits. 
I0312 07:46:21.227872 224963 AriaExecutor.h:103] AriaExecutor 40 exits. 
I0312 07:46:21.227875 224925 AriaExecutor.h:103] AriaExecutor 2 exits. 
I0312 07:46:21.229099 224870 AriaExecutor.h:649] Worker 1 latency: 25678 us (50%) 25828 us (75%) 26171 us (95%) 26849 us (99%).
I0312 07:46:21.229168 224870 AriaExecutor.h:649] Worker 2 latency: 25676 us (50%) 25822 us (75%) 26175 us (95%) 26895 us (99%).
I0312 07:46:21.229225 224870 AriaExecutor.h:649] Worker 3 latency: 25673 us (50%) 25823 us (75%) 26145 us (95%) 26761 us (99%).
I0312 07:46:21.229288 224870 AriaExecutor.h:649] Worker 4 latency: 25685 us (50%) 25826 us (75%) 26155 us (95%) 28125 us (99%).
I0312 07:46:21.229380 224870 AriaExecutor.h:649] Worker 5 latency: 25668 us (50%) 25806 us (75%) 26116 us (95%) 26762 us (99%).
I0312 07:46:21.229457 224870 AriaExecutor.h:649] Worker 6 latency: 25670 us (50%) 25816 us (75%) 26153 us (95%) 26751 us (99%).
I0312 07:46:21.229527 224870 AriaExecutor.h:649] Worker 7 latency: 25660 us (50%) 25815 us (75%) 26132 us (95%) 26766 us (99%).
I0312 07:46:21.229588 224870 AriaExecutor.h:649] Worker 8 latency: 25665 us (50%) 25807 us (75%) 26140 us (95%) 26750 us (99%).
I0312 07:46:21.229642 224870 AriaExecutor.h:649] Worker 9 latency: 25670 us (50%) 25817 us (75%) 26172 us (95%) 26766 us (99%).
I0312 07:46:21.229699 224870 AriaExecutor.h:649] Worker 10 latency: 25666 us (50%) 25813 us (75%) 26128 us (95%) 28173 us (99%).
I0312 07:46:21.229753 224870 AriaExecutor.h:649] Worker 11 latency: 25669 us (50%) 25817 us (75%) 26117 us (95%) 26432 us (99%).
I0312 07:46:21.229808 224870 AriaExecutor.h:649] Worker 12 latency: 25664 us (50%) 25811 us (75%) 26166 us (95%) 26603 us (99%).
I0312 07:46:21.229861 224870 AriaExecutor.h:649] Worker 13 latency: 25684 us (50%) 25838 us (75%) 26173 us (95%) 26768 us (99%).
I0312 07:46:21.229907 224870 AriaExecutor.h:649] Worker 14 latency: 25662 us (50%) 25812 us (75%) 26144 us (95%) 26772 us (99%).
I0312 07:46:21.229954 224870 AriaExecutor.h:649] Worker 15 latency: 25654 us (50%) 25811 us (75%) 26136 us (95%) 26456 us (99%).
I0312 07:46:21.229996 224870 AriaExecutor.h:649] Worker 16 latency: 25668 us (50%) 25819 us (75%) 26174 us (95%) 26757 us (99%).
I0312 07:46:21.230041 224870 AriaExecutor.h:649] Worker 17 latency: 25671 us (50%) 25816 us (75%) 26157 us (95%) 26788 us (99%).
I0312 07:46:21.230083 224870 AriaExecutor.h:649] Worker 18 latency: 25645 us (50%) 25785 us (75%) 26073 us (95%) 26570 us (99%).
I0312 07:46:21.230125 224870 AriaExecutor.h:649] Worker 19 latency: 25673 us (50%) 25817 us (75%) 26167 us (95%) 28129 us (99%).
I0312 07:46:21.230167 224870 AriaExecutor.h:649] Worker 20 latency: 25656 us (50%) 25801 us (75%) 26160 us (95%) 26752 us (99%).
I0312 07:46:21.230207 224870 AriaExecutor.h:649] Worker 21 latency: 25670 us (50%) 25828 us (75%) 26174 us (95%) 26904 us (99%).
I0312 07:46:21.230245 224870 AriaExecutor.h:649] Worker 22 latency: 25666 us (50%) 25823 us (75%) 26158 us (95%) 39928 us (99%).
I0312 07:46:21.230283 224870 AriaExecutor.h:649] Worker 23 latency: 25653 us (50%) 25812 us (75%) 26177 us (95%) 26767 us (99%).
I0312 07:46:21.230319 224870 AriaExecutor.h:649] Worker 24 latency: 25648 us (50%) 25782 us (75%) 26094 us (95%) 26437 us (99%).
I0312 07:46:21.230356 224870 AriaExecutor.h:649] Worker 25 latency: 25653 us (50%) 25815 us (75%) 26169 us (95%) 26760 us (99%).
I0312 07:46:21.230392 224870 AriaExecutor.h:649] Worker 26 latency: 25650 us (50%) 25777 us (75%) 26063 us (95%) 30042 us (99%).
I0312 07:46:21.230427 224870 AriaExecutor.h:649] Worker 27 latency: 25640 us (50%) 25781 us (75%) 26048 us (95%) 26658 us (99%).
I0312 07:46:21.230464 224870 AriaExecutor.h:649] Worker 28 latency: 25660 us (50%) 25787 us (75%) 26123 us (95%) 26827 us (99%).
I0312 07:46:21.230499 224870 AriaExecutor.h:649] Worker 29 latency: 25655 us (50%) 25798 us (75%) 26080 us (95%) 26669 us (99%).
I0312 07:46:21.230532 224870 AriaExecutor.h:649] Worker 30 latency: 25645 us (50%) 25805 us (75%) 26170 us (95%) 28088 us (99%).
I0312 07:46:21.230564 224870 AriaExecutor.h:649] Worker 31 latency: 25668 us (50%) 25801 us (75%) 26202 us (95%) 26895 us (99%).
I0312 07:46:21.230597 224870 AriaExecutor.h:649] Worker 32 latency: 25648 us (50%) 25769 us (75%) 26140 us (95%) 26847 us (99%).
I0312 07:46:21.230630 224870 AriaExecutor.h:649] Worker 33 latency: 25648 us (50%) 25777 us (75%) 26060 us (95%) 26430 us (99%).
I0312 07:46:21.230664 224870 AriaExecutor.h:649] Worker 34 latency: 25629 us (50%) 25778 us (75%) 26167 us (95%) 26455 us (99%).
I0312 07:46:21.230696 224870 AriaExecutor.h:649] Worker 35 latency: 25624 us (50%) 25773 us (75%) 26063 us (95%) 26322 us (99%).
I0312 07:46:21.230728 224870 AriaExecutor.h:649] Worker 36 latency: 25669 us (50%) 25830 us (75%) 26148 us (95%) 28189 us (99%).
I0312 07:46:21.230760 224870 AriaExecutor.h:649] Worker 37 latency: 25667 us (50%) 25793 us (75%) 26210 us (95%) 30115 us (99%).
I0312 07:46:21.230793 224870 AriaExecutor.h:649] Worker 38 latency: 25611 us (50%) 25755 us (75%) 26067 us (95%) 38219 us (99%).
I0312 07:46:21.230824 224870 AriaExecutor.h:649] Worker 39 latency: 25669 us (50%) 25796 us (75%) 26273 us (95%) 39449 us (99%).
I0312 07:46:21.230857 224870 AriaExecutor.h:649] Worker 40 latency: 25641 us (50%) 25846 us (75%) 26204 us (95%) 32951 us (99%).
I0312 07:46:21.230887 224870 AriaExecutor.h:649] Worker 41 latency: 25634 us (50%) 25779 us (75%) 26061 us (95%) 26433 us (99%).
I0312 07:46:21.230919 224870 AriaExecutor.h:649] Worker 42 latency: 25634 us (50%) 25780 us (75%) 26100 us (95%) 26409 us (99%).
I0312 07:46:21.230947 224870 AriaExecutor.h:649] Worker 43 latency: 25644 us (50%) 25785 us (75%) 26204 us (95%) 30113 us (99%).
I0312 07:46:21.230978 224870 AriaExecutor.h:649] Worker 44 latency: 25664 us (50%) 25802 us (75%) 26064 us (95%) 26846 us (99%).
I0312 07:46:21.231009 224870 AriaExecutor.h:649] Worker 45 latency: 25641 us (50%) 25756 us (75%) 26015 us (95%) 26900 us (99%).
I0312 07:46:21.231037 224870 AriaExecutor.h:649] Worker 46 latency: 25675 us (50%) 25830 us (75%) 26155 us (95%) 26591 us (99%).
I0312 07:46:21.231065 224870 AriaExecutor.h:649] Worker 47 latency: 25653 us (50%) 25787 us (75%) 26178 us (95%) 26763 us (99%).
I0312 07:46:21.231112 224870 Coordinator.h:177] total commit: 955.8
I0312 07:46:22.231336 224870 Coordinator.h:192] Coordinator exits.
