I0312 02:48:42.047885 156042 Database.h:65] ycsb initialization finished in 99 milliseconds.
I0312 02:48:42.048096 156042 Coordinator.h:30] Coordinator initializes 16 workers.
I0312 02:48:42.086299 156042 Coordinator.h:77] Coordinator starts to run 17 workers.
I0312 02:48:42.086405 156062 AriaExecutor.h:82] AriaExecutor 0 started. 
I0312 02:48:42.086431 156063 AriaExecutor.h:82] AriaExecutor 1 started. 
I0312 02:48:42.086506 156064 AriaExecutor.h:82] AriaExecutor 2 started. 
I0312 02:48:42.086604 156065 AriaExecutor.h:82] AriaExecutor 3 started. 
I0312 02:48:42.086673 156066 AriaExecutor.h:82] AriaExecutor 4 started. 
I0312 02:48:42.086751 156067 AriaExecutor.h:82] AriaExecutor 5 started. 
I0312 02:48:42.086815 156068 AriaExecutor.h:82] AriaExecutor 6 started. 
I0312 02:48:42.086892 156069 AriaExecutor.h:82] AriaExecutor 7 started. 
I0312 02:48:42.086989 156070 AriaExecutor.h:82] AriaExecutor 8 started. 
I0312 02:48:42.087088 156071 AriaExecutor.h:82] AriaExecutor 9 started. 
I0312 02:48:42.087170 156072 AriaExecutor.h:82] AriaExecutor 10 started. 
I0312 02:48:42.087291 156073 AriaExecutor.h:82] AriaExecutor 11 started. 
I0312 02:48:42.087397 156074 AriaExecutor.h:82] AriaExecutor 12 started. 
I0312 02:48:42.087505 156075 AriaExecutor.h:82] AriaExecutor 13 started. 
I0312 02:48:42.087612 156076 AriaExecutor.h:82] AriaExecutor 14 started. 
I0312 02:48:42.087742 156077 AriaExecutor.h:82] AriaExecutor 15 started. 
I0312 02:48:42.087857 156078 Manager.h:224] Manager(worker id = 16) on the coordinator node started.
I0312 02:48:43.087898 156042 Coordinator.h:126] commit: 484391 abort: 22489 (0/22489/0), network size: 0, avg network size: 0, si_in_serializable: 0 0 %, local: 0 %
I0312 02:48:44.088054 156042 Coordinator.h:126] commit: 486495 abort: 22433 (0/22433/0), network size: 0, avg network size: 0, si_in_serializable: 0 0 %, local: 0 %
I0312 02:48:45.088217 156042 Coordinator.h:126] commit: 491287 abort: 22761 (0/22761/0), network size: 0, avg network size: 0, si_in_serializable: 0 0 %, local: 0 %
I0312 02:48:46.088356 156042 Coordinator.h:126] commit: 496304 abort: 22864 (0/22864/0), network size: 0, avg network size: 0, si_in_serializable: 0 0 %, local: 0 %
I0312 02:48:47.088478 156042 Coordinator.h:126] commit: 492391 abort: 22681 (0/22681/0), network size: 0, avg network size: 0, si_in_serializable: 0 0 %, local: 0 %
I0312 02:48:48.088601 156042 Coordinator.h:126] commit: 490104 abort: 22920 (0/22920/0), network size: 0, avg network size: 0, si_in_serializable: 0 0 %, local: 0 %
I0312 02:48:49.088725 156042 Coordinator.h:126] commit: 494883 abort: 23261 (0/23261/0), network size: 0, avg network size: 0, si_in_serializable: 0 0 %, local: 0 %
I0312 02:48:50.088887 156042 Coordinator.h:126] commit: 493104 abort: 22992 (0/22992/0), network size: 0, avg network size: 0, si_in_serializable: 0 0 %, local: 0 %
I0312 02:48:51.089018 156042 Coordinator.h:126] commit: 483108 abort: 22748 (0/22748/0), network size: 0, avg network size: 0, si_in_serializable: 0 0 %, local: 0 %
I0312 02:48:52.089138 156042 Coordinator.h:126] commit: 495912 abort: 23256 (0/23256/0), network size: 0, avg network size: 0, si_in_serializable: 0 0 %, local: 0 %
I0312 02:48:53.089262 156042 Coordinator.h:126] commit: 497032 abort: 23070 (0/23070/0), network size: 0, avg network size: 0, si_in_serializable: 0 0 %, local: 0 %
I0312 02:48:54.089386 156042 Coordinator.h:126] commit: 495326 abort: 22908 (0/22908/0), network size: 0, avg network size: 0, si_in_serializable: 0 0 %, local: 0 %
I0312 02:48:55.089509 156042 Coordinator.h:126] commit: 493886 abort: 23234 (0/23234/0), network size: 0, avg network size: 0, si_in_serializable: 0 0 %, local: 0 %
I0312 02:48:56.089632 156042 Coordinator.h:126] commit: 497170 abort: 23022 (0/23022/0), network size: 0, avg network size: 0, si_in_serializable: 0 0 %, local: 0 %
I0312 02:48:57.089790 156042 Coordinator.h:126] commit: 487056 abort: 22896 (0/22896/0), network size: 0, avg network size: 0, si_in_serializable: 0 0 %, local: 0 %
I0312 02:48:58.089918 156042 Coordinator.h:126] commit: 498129 abort: 23087 (0/23087/0), network size: 0, avg network size: 0, si_in_serializable: 0 0 %, local: 0 %
I0312 02:48:59.090039 156042 Coordinator.h:126] commit: 496895 abort: 23302 (0/23302/0), network size: 0, avg network size: 0, si_in_serializable: 0 0 %, local: 0 %
I0312 02:49:00.090160 156042 Coordinator.h:126] commit: 468812 abort: 21678 (0/21678/0), network size: 0, avg network size: 0, si_in_serializable: 0 0 %, local: 0 %
I0312 02:49:01.090286 156042 Coordinator.h:126] commit: 495198 abort: 22946 (0/22946/0), network size: 0, avg network size: 0, si_in_serializable: 0 0 %, local: 0 %
I0312 02:49:02.090411 156042 Coordinator.h:126] commit: 497943 abort: 23273 (0/23273/0), network size: 0, avg network size: 0, si_in_serializable: 0 0 %, local: 0 %
I0312 02:49:03.090533 156042 Coordinator.h:126] commit: 493329 abort: 22767 (0/22767/0), network size: 0, avg network size: 0, si_in_serializable: 0 0 %, local: 0 %
I0312 02:49:04.090660 156042 Coordinator.h:126] commit: 497788 abort: 23430 (0/23430/0), network size: 0, avg network size: 0, si_in_serializable: 0 0 %, local: 0 %
I0312 02:49:05.090822 156042 Coordinator.h:126] commit: 494104 abort: 23014 (0/23014/0), network size: 0, avg network size: 0, si_in_serializable: 0 0 %, local: 0 %
I0312 02:49:06.090953 156042 Coordinator.h:126] commit: 498067 abort: 23149 (0/23149/0), network size: 0, avg network size: 0, si_in_serializable: 0 0 %, local: 0 %
I0312 02:49:07.091076 156042 Coordinator.h:126] commit: 497076 abort: 23116 (0/23116/0), network size: 0, avg network size: 0, si_in_serializable: 0 0 %, local: 0 %
I0312 02:49:07.091121 156042 Coordinator.h:152] average commit: 492745 abort: 22941.6 (0/22941.6/0), network size: 0, avg network size: 0, si_in_serializable: 0 0 %, local: 0 %
I0312 02:49:07.091733 156064 AriaExecutor.h:94] AriaExecutor 2 exits. 
I0312 02:49:07.091737 156074 AriaExecutor.h:94] AriaExecutor 12 exits. 
I0312 02:49:07.091733 156062 AriaExecutor.h:94] AriaExecutor 0 exits. 
I0312 02:49:07.091751 156077 AriaExecutor.h:94] AriaExecutor 15 exits. 
I0312 02:49:07.091737 156073 AriaExecutor.h:94] AriaExecutor 11 exits. 
I0312 02:49:07.091737 156071 AriaExecutor.h:94] AriaExecutor 9 exits. 
I0312 02:49:07.091737 156066 AriaExecutor.h:94] AriaExecutor 4 exits. 
I0312 02:49:07.091740 156072 AriaExecutor.h:94] AriaExecutor 10 exits. 
I0312 02:49:07.091787 156078 Manager.h:227] Manager(worker id = 16) on the coordinator node exits.
I0312 02:49:07.091737 156068 AriaExecutor.h:94] AriaExecutor 6 exits. 
I0312 02:49:07.091737 156075 AriaExecutor.h:94] AriaExecutor 13 exits. 
I0312 02:49:07.091738 156067 AriaExecutor.h:94] AriaExecutor 5 exits. 
I0312 02:49:07.091737 156065 AriaExecutor.h:94] AriaExecutor 3 exits. 
I0312 02:49:07.091753 156076 AriaExecutor.h:94] AriaExecutor 14 exits. 
I0312 02:49:07.091760 156063 AriaExecutor.h:94] AriaExecutor 1 exits. 
I0312 02:49:07.091738 156070 AriaExecutor.h:94] AriaExecutor 8 exits. 
I0312 02:49:07.091735 156069 AriaExecutor.h:94] AriaExecutor 7 exits. 
I0312 02:49:07.091140 156042 AriaExecutor.h:535] Worker 0 latency: 1324 us (50%) 1616 us (75%) 1844 us (95%) 1898 us (99%).
I0312 02:49:07.126541 156042 AriaExecutor.h:535] Worker 1 latency: 1326 us (50%) 1617 us (75%) 1844 us (95%) 1898 us (99%).
I0312 02:49:07.162104 156042 AriaExecutor.h:535] Worker 2 latency: 1326 us (50%) 1617 us (75%) 1844 us (95%) 1898 us (99%).
I0312 02:49:07.197343 156042 AriaExecutor.h:535] Worker 3 latency: 1326 us (50%) 1617 us (75%) 1844 us (95%) 1898 us (99%).
I0312 02:49:07.232920 156042 AriaExecutor.h:535] Worker 4 latency: 1325 us (50%) 1616 us (75%) 1844 us (95%) 1898 us (99%).
I0312 02:49:07.268592 156042 AriaExecutor.h:535] Worker 5 latency: 1324 us (50%) 1616 us (75%) 1844 us (95%) 1898 us (99%).
I0312 02:49:07.303860 156042 AriaExecutor.h:535] Worker 6 latency: 1325 us (50%) 1617 us (75%) 1844 us (95%) 1898 us (99%).
I0312 02:49:07.339159 156042 AriaExecutor.h:535] Worker 7 latency: 1325 us (50%) 1616 us (75%) 1844 us (95%) 1898 us (99%).
I0312 02:49:07.374138 156042 AriaExecutor.h:535] Worker 8 latency: 1324 us (50%) 1616 us (75%) 1844 us (95%) 1898 us (99%).
I0312 02:49:07.409345 156042 AriaExecutor.h:535] Worker 9 latency: 1323 us (50%) 1615 us (75%) 1844 us (95%) 1898 us (99%).
I0312 02:49:07.444749 156042 AriaExecutor.h:535] Worker 10 latency: 1324 us (50%) 1616 us (75%) 1844 us (95%) 1898 us (99%).
I0312 02:49:07.480002 156042 AriaExecutor.h:535] Worker 11 latency: 1323 us (50%) 1615 us (75%) 1844 us (95%) 1898 us (99%).
I0312 02:49:07.515264 156042 AriaExecutor.h:535] Worker 12 latency: 1322 us (50%) 1615 us (75%) 1844 us (95%) 1898 us (99%).
I0312 02:49:07.550529 156042 AriaExecutor.h:535] Worker 13 latency: 1322 us (50%) 1615 us (75%) 1844 us (95%) 1897 us (99%).
I0312 02:49:07.585472 156042 AriaExecutor.h:535] Worker 14 latency: 1307 us (50%) 1608 us (75%) 1844 us (95%) 1898 us (99%).
I0312 02:49:07.627256 156042 AriaExecutor.h:535] Worker 15 latency: 1307 us (50%) 1608 us (75%) 1844 us (95%) 1899 us (99%).
I0312 02:49:07.666371 156042 Coordinator.h:177] total commit: 492745
I0312 02:49:08.666571 156042 Coordinator.h:192] Coordinator exits.
