I0312 06:02:35.800917 189916 Database.h:65] ycsb initialization finished in 179 milliseconds.
I0312 06:02:35.801157 189916 Coordinator.h:30] Coordinator initializes 8 workers.
I0312 06:02:35.861413 189916 Coordinator.h:77] Coordinator starts to run 9 workers.
I0312 06:02:35.861497 189928 AriaExecutor.h:91] AriaExecutor 0 started. 
I0312 06:02:35.861543 189929 AriaExecutor.h:91] AriaExecutor 1 started. 
I0312 06:02:35.861626 189930 AriaExecutor.h:91] AriaExecutor 2 started. 
I0312 06:02:35.861689 189931 AriaExecutor.h:91] AriaExecutor 3 started. 
I0312 06:02:35.861750 189932 AriaExecutor.h:91] AriaExecutor 4 started. 
I0312 06:02:35.861809 189933 AriaExecutor.h:91] AriaExecutor 5 started. 
I0312 06:02:35.861886 189934 AriaExecutor.h:91] AriaExecutor 6 started. 
I0312 06:02:35.861935 189935 AriaExecutor.h:91] AriaExecutor 7 started. 
I0312 06:02:35.861997 189936 Manager.h:224] Manager(worker id = 8) on the coordinator node started.
I0312 06:02:36.862046 189916 Coordinator.h:126] commit: 239273 abort: 22871 (0/22871/0), network size: 0, avg network size: 0, si_in_serializable: 0 0 %, local: 0 %
I0312 06:02:37.862218 189916 Coordinator.h:126] commit: 242943 abort: 23297 (0/23297/0), network size: 0, avg network size: 0, si_in_serializable: 0 0 %, local: 0 %
I0312 06:02:38.862399 189916 Coordinator.h:126] commit: 243124 abort: 23116 (0/23116/0), network size: 0, avg network size: 0, si_in_serializable: 0 0 %, local: 0 %
I0312 06:02:39.862540 189916 Coordinator.h:126] commit: 244985 abort: 23303 (0/23303/0), network size: 0, avg network size: 0, si_in_serializable: 0 0 %, local: 0 %
I0312 06:02:40.862658 189916 Coordinator.h:126] commit: 243295 abort: 22945 (0/22945/0), network size: 0, avg network size: 0, si_in_serializable: 0 0 %, local: 0 %
I0312 06:02:41.862779 189916 Coordinator.h:126] commit: 243171 abort: 23069 (0/23069/0), network size: 0, avg network size: 0, si_in_serializable: 0 0 %, local: 0 %
I0312 06:02:42.862896 189916 Coordinator.h:126] commit: 242866 abort: 23374 (0/23374/0), network size: 0, avg network size: 0, si_in_serializable: 0 0 %, local: 0 %
I0312 06:02:43.863072 189916 Coordinator.h:126] commit: 244830 abort: 23458 (0/23458/0), network size: 0, avg network size: 0, si_in_serializable: 0 0 %, local: 0 %
I0312 06:02:44.863209 189916 Coordinator.h:126] commit: 239342 abort: 22802 (0/22802/0), network size: 0, avg network size: 0, si_in_serializable: 0 0 %, local: 0 %
I0312 06:02:45.863329 189916 Coordinator.h:126] commit: 242882 abort: 23358 (0/23358/0), network size: 0, avg network size: 0, si_in_serializable: 0 0 %, local: 0 %
I0312 06:02:46.863504 189916 Coordinator.h:126] commit: 245216 abort: 23072 (0/23072/0), network size: 0, avg network size: 0, si_in_serializable: 0 0 %, local: 0 %
I0312 06:02:47.863641 189916 Coordinator.h:126] commit: 244793 abort: 23495 (0/23495/0), network size: 0, avg network size: 0, si_in_serializable: 0 0 %, local: 0 %
I0312 06:02:48.863756 189916 Coordinator.h:126] commit: 243101 abort: 23139 (0/23139/0), network size: 0, avg network size: 0, si_in_serializable: 0 0 %, local: 0 %
I0312 06:02:49.863874 189916 Coordinator.h:126] commit: 243248 abort: 22992 (0/22992/0), network size: 0, avg network size: 0, si_in_serializable: 0 0 %, local: 0 %
I0312 06:02:50.864045 189916 Coordinator.h:126] commit: 245114 abort: 23166 (0/23166/0), network size: 0, avg network size: 0, si_in_serializable: 0 0 %, local: 0 %
I0312 06:02:51.864182 189916 Coordinator.h:126] commit: 243019 abort: 23229 (0/23229/0), network size: 0, avg network size: 0, si_in_serializable: 0 0 %, local: 0 %
I0312 06:02:52.864297 189916 Coordinator.h:126] commit: 243044 abort: 23196 (0/23196/0), network size: 0, avg network size: 0, si_in_serializable: 0 0 %, local: 0 %
I0312 06:02:53.864418 189916 Coordinator.h:126] commit: 235806 abort: 22242 (0/22242/0), network size: 0, avg network size: 0, si_in_serializable: 0 0 %, local: 0 %
I0312 06:02:54.864539 189916 Coordinator.h:126] commit: 244920 abort: 23368 (0/23368/0), network size: 0, avg network size: 0, si_in_serializable: 0 0 %, local: 0 %
I0312 06:02:55.864710 189916 Coordinator.h:126] commit: 243105 abort: 23135 (0/23135/0), network size: 0, avg network size: 0, si_in_serializable: 0 0 %, local: 0 %
I0312 06:02:56.864845 189916 Coordinator.h:126] commit: 245193 abort: 23095 (0/23095/0), network size: 0, avg network size: 0, si_in_serializable: 0 0 %, local: 0 %
I0312 06:02:57.864960 189916 Coordinator.h:126] commit: 243088 abort: 23152 (0/23152/0), network size: 0, avg network size: 0, si_in_serializable: 0 0 %, local: 0 %
I0312 06:02:58.865077 189916 Coordinator.h:126] commit: 245131 abort: 23157 (0/23157/0), network size: 0, avg network size: 0, si_in_serializable: 0 0 %, local: 0 %
I0312 06:02:59.865197 189916 Coordinator.h:126] commit: 243833 abort: 23038 (0/23038/0), network size: 0, avg network size: 0, si_in_serializable: 0 0 %, local: 0 %
I0312 06:03:00.865310 189916 Coordinator.h:126] commit: 244548 abort: 23108 (0/23108/0), network size: 0, avg network size: 0, si_in_serializable: 0 0 %, local: 0 %
I0312 06:03:00.865351 189916 Coordinator.h:152] average commit: 243137 abort: 23103.4 (0/23103.4/0), network size: 0, avg network size: 0, si_in_serializable: 0 0 %, local: 0 %
I0312 06:03:00.868081 189935 AriaExecutor.h:103] AriaExecutor 7 exits. 
I0312 06:03:00.868081 189931 AriaExecutor.h:103] AriaExecutor 3 exits. 
I0312 06:03:00.868081 189933 AriaExecutor.h:103] AriaExecutor 5 exits. 
I0312 06:03:00.868081 189934 AriaExecutor.h:103] AriaExecutor 6 exits. 
I0312 06:03:00.868081 189930 AriaExecutor.h:103] AriaExecutor 2 exits. 
I0312 06:03:00.868081 189936 Manager.h:227] Manager(worker id = 8) on the coordinator node exits.
I0312 06:03:00.868081 189932 AriaExecutor.h:103] AriaExecutor 4 exits. 
I0312 06:03:00.868083 189928 AriaExecutor.h:103] AriaExecutor 0 exits. 
I0312 06:03:00.868081 189929 AriaExecutor.h:103] AriaExecutor 1 exits. 
I0312 06:03:00.865397 189916 AriaExecutor.h:649] Worker 0 latency: 5228 us (50%) 6349 us (75%) 7208 us (95%) 7384 us (99%).
I0312 06:03:00.919265 189916 AriaExecutor.h:649] Worker 1 latency: 5237 us (50%) 6354 us (75%) 7210 us (95%) 7385 us (99%).
I0312 06:03:00.957540 189916 AriaExecutor.h:649] Worker 2 latency: 5234 us (50%) 6352 us (75%) 7209 us (95%) 7384 us (99%).
I0312 06:03:00.995573 189916 AriaExecutor.h:649] Worker 3 latency: 5236 us (50%) 6353 us (75%) 7209 us (95%) 7385 us (99%).
I0312 06:03:01.033408 189916 AriaExecutor.h:649] Worker 4 latency: 5234 us (50%) 6352 us (75%) 7210 us (95%) 7385 us (99%).
I0312 06:03:01.071691 189916 AriaExecutor.h:649] Worker 5 latency: 5229 us (50%) 6349 us (75%) 7208 us (95%) 7383 us (99%).
I0312 06:03:01.110178 189916 AriaExecutor.h:649] Worker 6 latency: 5233 us (50%) 6351 us (75%) 7209 us (95%) 7384 us (99%).
I0312 06:03:01.148460 189916 AriaExecutor.h:649] Worker 7 latency: 5233 us (50%) 6351 us (75%) 7208 us (95%) 7383 us (99%).
I0312 06:03:01.186384 189916 Coordinator.h:177] total commit: 243137
I0312 06:03:02.186578 189916 Coordinator.h:192] Coordinator exits.
