I0312 04:12:55.500327 173327 Database.h:65] ycsb initialization finished in 102 milliseconds.
I0312 04:12:55.500552 173327 Coordinator.h:30] Coordinator initializes 48 workers.
I0312 04:12:55.538234 173327 Coordinator.h:77] Coordinator starts to run 49 workers.
I0312 04:12:55.538324 173379 AriaExecutor.h:82] AriaExecutor 0 started. 
I0312 04:12:55.538371 173380 AriaExecutor.h:82] AriaExecutor 1 started. 
I0312 04:12:55.538456 173381 AriaExecutor.h:82] AriaExecutor 2 started. 
I0312 04:12:55.538525 173382 AriaExecutor.h:82] AriaExecutor 3 started. 
I0312 04:12:55.538589 173383 AriaExecutor.h:82] AriaExecutor 4 started. 
I0312 04:12:55.538641 173384 AriaExecutor.h:82] AriaExecutor 5 started. 
I0312 04:12:55.538738 173385 AriaExecutor.h:82] AriaExecutor 6 started. 
I0312 04:12:55.538842 173386 AriaExecutor.h:82] AriaExecutor 7 started. 
I0312 04:12:55.539028 173387 AriaExecutor.h:82] AriaExecutor 8 started. 
I0312 04:12:55.539245 173388 AriaExecutor.h:82] AriaExecutor 9 started. 
I0312 04:12:55.539404 173389 AriaExecutor.h:82] AriaExecutor 10 started. 
I0312 04:12:55.539548 173390 AriaExecutor.h:82] AriaExecutor 11 started. 
I0312 04:12:55.539727 173391 AriaExecutor.h:82] AriaExecutor 12 started. 
I0312 04:12:55.539916 173392 AriaExecutor.h:82] AriaExecutor 13 started. 
I0312 04:12:55.540088 173393 AriaExecutor.h:82] AriaExecutor 14 started. 
I0312 04:12:55.540233 173394 AriaExecutor.h:82] AriaExecutor 15 started. 
I0312 04:12:55.540410 173395 AriaExecutor.h:82] AriaExecutor 16 started. 
I0312 04:12:55.540582 173396 AriaExecutor.h:82] AriaExecutor 17 started. 
I0312 04:12:55.540723 173397 AriaExecutor.h:82] AriaExecutor 18 started. 
I0312 04:12:55.540884 173398 AriaExecutor.h:82] AriaExecutor 19 started. 
I0312 04:12:55.541065 173399 AriaExecutor.h:82] AriaExecutor 20 started. 
I0312 04:12:55.541257 173400 AriaExecutor.h:82] AriaExecutor 21 started. 
I0312 04:12:55.541422 173401 AriaExecutor.h:82] AriaExecutor 22 started. 
I0312 04:12:55.541586 173402 AriaExecutor.h:82] AriaExecutor 23 started. 
I0312 04:12:55.541779 173403 AriaExecutor.h:82] AriaExecutor 24 started. 
I0312 04:12:55.541957 173404 AriaExecutor.h:82] AriaExecutor 25 started. 
I0312 04:12:55.542127 173405 AriaExecutor.h:82] AriaExecutor 26 started. 
I0312 04:12:55.542300 173406 AriaExecutor.h:82] AriaExecutor 27 started. 
I0312 04:12:55.542492 173407 AriaExecutor.h:82] AriaExecutor 28 started. 
I0312 04:12:55.542665 173408 AriaExecutor.h:82] AriaExecutor 29 started. 
I0312 04:12:55.542840 173409 AriaExecutor.h:82] AriaExecutor 30 started. 
I0312 04:12:55.543030 173410 AriaExecutor.h:82] AriaExecutor 31 started. 
I0312 04:12:55.543210 173411 AriaExecutor.h:82] AriaExecutor 32 started. 
I0312 04:12:55.543390 173412 AriaExecutor.h:82] AriaExecutor 33 started. 
I0312 04:12:55.543576 173413 AriaExecutor.h:82] AriaExecutor 34 started. 
I0312 04:12:55.543779 173414 AriaExecutor.h:82] AriaExecutor 35 started. 
I0312 04:12:55.543988 173415 AriaExecutor.h:82] AriaExecutor 36 started. 
I0312 04:12:55.544191 173416 AriaExecutor.h:82] AriaExecutor 37 started. 
I0312 04:12:55.544392 173417 AriaExecutor.h:82] AriaExecutor 38 started. 
I0312 04:12:55.544569 173418 AriaExecutor.h:82] AriaExecutor 39 started. 
I0312 04:12:55.544752 173419 AriaExecutor.h:82] AriaExecutor 40 started. 
I0312 04:12:55.544941 173420 AriaExecutor.h:82] AriaExecutor 41 started. 
I0312 04:12:55.545131 173421 AriaExecutor.h:82] AriaExecutor 42 started. 
I0312 04:12:55.545279 173422 AriaExecutor.h:82] AriaExecutor 43 started. 
I0312 04:12:55.545477 173423 AriaExecutor.h:82] AriaExecutor 44 started. 
I0312 04:12:55.545653 173424 AriaExecutor.h:82] AriaExecutor 45 started. 
I0312 04:12:55.545822 173425 AriaExecutor.h:82] AriaExecutor 46 started. 
I0312 04:12:55.546005 173426 AriaExecutor.h:82] AriaExecutor 47 started. 
I0312 04:12:55.546172 173427 Manager.h:224] Manager(worker id = 48) on the coordinator node started.
I0312 04:12:56.546255 173327 Coordinator.h:126] commit: 586 abort: 273846 (0/273846/0), network size: 0, avg network size: 0, si_in_serializable: 0 0 %, local: 0 %
I0312 04:12:57.546429 173327 Coordinator.h:126] commit: 587 abort: 276917 (0/276917/0), network size: 0, avg network size: 0, si_in_serializable: 0 0 %, local: 0 %
I0312 04:12:58.546573 173327 Coordinator.h:126] commit: 568 abort: 276936 (0/276936/0), network size: 0, avg network size: 0, si_in_serializable: 0 0 %, local: 0 %
I0312 04:12:59.546842 173327 Coordinator.h:126] commit: 602 abort: 277926 (0/277926/0), network size: 0, avg network size: 0, si_in_serializable: 0 0 %, local: 0 %
I0312 04:13:00.547021 173327 Coordinator.h:126] commit: 638 abort: 278914 (0/278914/0), network size: 0, avg network size: 0, si_in_serializable: 0 0 %, local: 0 %
I0312 04:13:01.547163 173327 Coordinator.h:126] commit: 590 abort: 277938 (0/277938/0), network size: 0, avg network size: 0, si_in_serializable: 0 0 %, local: 0 %
I0312 04:13:02.547303 173327 Coordinator.h:126] commit: 599 abort: 278953 (0/278953/0), network size: 0, avg network size: 0, si_in_serializable: 0 0 %, local: 0 %
I0312 04:13:03.547446 173327 Coordinator.h:126] commit: 600 abort: 279976 (0/279976/0), network size: 0, avg network size: 0, si_in_serializable: 0 0 %, local: 0 %
I0312 04:13:04.547591 173327 Coordinator.h:126] commit: 623 abort: 279953 (0/279953/0), network size: 0, avg network size: 0, si_in_serializable: 0 0 %, local: 0 %
I0312 04:13:05.547775 173327 Coordinator.h:126] commit: 564 abort: 278988 (0/278988/0), network size: 0, avg network size: 0, si_in_serializable: 0 0 %, local: 0 %
I0312 04:13:06.547935 173327 Coordinator.h:126] commit: 587 abort: 279989 (0/279989/0), network size: 0, avg network size: 0, si_in_serializable: 0 0 %, local: 0 %
I0312 04:13:07.548087 173327 Coordinator.h:126] commit: 599 abort: 279977 (0/279977/0), network size: 0, avg network size: 0, si_in_serializable: 0 0 %, local: 0 %
I0312 04:13:08.548254 173327 Coordinator.h:126] commit: 612 abort: 279964 (0/279964/0), network size: 0, avg network size: 0, si_in_serializable: 0 0 %, local: 0 %
I0312 04:13:09.548393 173327 Coordinator.h:126] commit: 580 abort: 279996 (0/279996/0), network size: 0, avg network size: 0, si_in_serializable: 0 0 %, local: 0 %
I0312 04:13:10.548533 173327 Coordinator.h:126] commit: 621 abort: 279955 (0/279955/0), network size: 0, avg network size: 0, si_in_serializable: 0 0 %, local: 0 %
I0312 04:13:11.548678 173327 Coordinator.h:126] commit: 588 abort: 277940 (0/277940/0), network size: 0, avg network size: 0, si_in_serializable: 0 0 %, local: 0 %
I0312 04:13:12.548825 173327 Coordinator.h:126] commit: 572 abort: 280004 (0/280004/0), network size: 0, avg network size: 0, si_in_serializable: 0 0 %, local: 0 %
I0312 04:13:13.548967 173327 Coordinator.h:126] commit: 588 abort: 278964 (0/278964/0), network size: 0, avg network size: 0, si_in_serializable: 0 0 %, local: 0 %
I0312 04:13:14.549149 173327 Coordinator.h:126] commit: 585 abort: 278967 (0/278967/0), network size: 0, avg network size: 0, si_in_serializable: 0 0 %, local: 0 %
I0312 04:13:15.549304 173327 Coordinator.h:126] commit: 552 abort: 280024 (0/280024/0), network size: 0, avg network size: 0, si_in_serializable: 0 0 %, local: 0 %
I0312 04:13:16.549443 173327 Coordinator.h:126] commit: 629 abort: 280971 (0/280971/0), network size: 0, avg network size: 0, si_in_serializable: 0 0 %, local: 0 %
I0312 04:13:17.549589 173327 Coordinator.h:126] commit: 580 abort: 278972 (0/278972/0), network size: 0, avg network size: 0, si_in_serializable: 0 0 %, local: 0 %
I0312 04:13:18.549736 173327 Coordinator.h:126] commit: 576 abort: 280000 (0/280000/0), network size: 0, avg network size: 0, si_in_serializable: 0 0 %, local: 0 %
I0312 04:13:19.549889 173327 Coordinator.h:126] commit: 575 abort: 280001 (0/280001/0), network size: 0, avg network size: 0, si_in_serializable: 0 0 %, local: 0 %
I0312 04:13:20.550040 173327 Coordinator.h:126] commit: 623 abort: 279953 (0/279953/0), network size: 0, avg network size: 0, si_in_serializable: 0 0 %, local: 0 %
I0312 04:13:20.550092 173327 Coordinator.h:152] average commit: 588.4 abort: 279578 (0/279578/0), network size: 0, avg network size: 0, si_in_serializable: 0 0 %, local: 0 %
I0312 04:13:20.550108 173327 AriaExecutor.h:535] Worker 0 latency: 3618 us (50%) 3665 us (75%) 3734 us (95%) 3789 us (99%).
I0312 04:13:20.552417 173404 AriaExecutor.h:94] AriaExecutor 25 exits. 
I0312 04:13:20.552424 173407 AriaExecutor.h:94] AriaExecutor 28 exits. 
I0312 04:13:20.552435 173408 AriaExecutor.h:94] AriaExecutor 29 exits. 
I0312 04:13:20.552429 173405 AriaExecutor.h:94] AriaExecutor 26 exits. 
I0312 04:13:20.552438 173391 AriaExecutor.h:94] AriaExecutor 12 exits. 
I0312 04:13:20.552455 173379 AriaExecutor.h:94] AriaExecutor 0 exits. 
I0312 04:13:20.552481 173419 AriaExecutor.h:94] AriaExecutor 40 exits. 
I0312 04:13:20.552484 173413 AriaExecutor.h:94] AriaExecutor 34 exits. 
I0312 04:13:20.552453 173387 AriaExecutor.h:94] AriaExecutor 8 exits. 
I0312 04:13:20.552423 173383 AriaExecutor.h:94] AriaExecutor 4 exits. 
I0312 04:13:20.552452 173385 AriaExecutor.h:94] AriaExecutor 6 exits. 
I0312 04:13:20.552433 173393 AriaExecutor.h:94] AriaExecutor 14 exits. 
I0312 04:13:20.552423 173382 AriaExecutor.h:94] AriaExecutor 3 exits. 
I0312 04:13:20.552417 173406 AriaExecutor.h:94] AriaExecutor 27 exits. 
I0312 04:13:20.552475 173403 AriaExecutor.h:94] AriaExecutor 24 exits. 
I0312 04:13:20.552479 173424 AriaExecutor.h:94] AriaExecutor 45 exits. 
I0312 04:13:20.552482 173416 AriaExecutor.h:94] AriaExecutor 37 exits. 
I0312 04:13:20.552438 173389 AriaExecutor.h:94] AriaExecutor 10 exits. 
I0312 04:13:20.552490 173409 AriaExecutor.h:94] AriaExecutor 30 exits. 
I0312 04:13:20.552482 173423 AriaExecutor.h:94] AriaExecutor 44 exits. 
I0312 04:13:20.552440 173418 AriaExecutor.h:94] AriaExecutor 39 exits. 
I0312 04:13:20.552451 173384 AriaExecutor.h:94] AriaExecutor 5 exits. 
I0312 04:13:20.552454 173380 AriaExecutor.h:94] AriaExecutor 1 exits. 
I0312 04:13:20.552454 173381 AriaExecutor.h:94] AriaExecutor 2 exits. 
I0312 04:13:20.552452 173386 AriaExecutor.h:94] AriaExecutor 7 exits. 
I0312 04:13:20.552421 173425 AriaExecutor.h:94] AriaExecutor 46 exits. 
I0312 04:13:20.552457 173427 Manager.h:227] Manager(worker id = 48) on the coordinator node exits.
I0312 04:13:20.552420 173396 AriaExecutor.h:94] AriaExecutor 17 exits. 
I0312 04:13:20.552417 173399 AriaExecutor.h:94] AriaExecutor 20 exits. 
I0312 04:13:20.552470 173395 AriaExecutor.h:94] AriaExecutor 16 exits. 
I0312 04:13:20.552417 173394 AriaExecutor.h:94] AriaExecutor 15 exits. 
I0312 04:13:20.552475 173397 AriaExecutor.h:94] AriaExecutor 18 exits. 
I0312 04:13:20.552479 173417 AriaExecutor.h:94] AriaExecutor 38 exits. 
I0312 04:13:20.552450 173426 AriaExecutor.h:94] AriaExecutor 47 exits. 
I0312 04:13:20.552481 173401 AriaExecutor.h:94] AriaExecutor 22 exits. 
I0312 04:13:20.552480 173402 AriaExecutor.h:94] AriaExecutor 23 exits. 
I0312 04:13:20.552420 173400 AriaExecutor.h:94] AriaExecutor 21 exits. 
I0312 04:13:20.552484 173415 AriaExecutor.h:94] AriaExecutor 36 exits. 
I0312 04:13:20.552485 173412 AriaExecutor.h:94] AriaExecutor 33 exits. 
I0312 04:13:20.552486 173411 AriaExecutor.h:94] AriaExecutor 32 exits. 
I0312 04:13:20.552440 173421 AriaExecutor.h:94] AriaExecutor 42 exits. 
I0312 04:13:20.552438 173388 AriaExecutor.h:94] AriaExecutor 9 exits. 
I0312 04:13:20.552419 173398 AriaExecutor.h:94] AriaExecutor 19 exits. 
I0312 04:13:20.552493 173410 AriaExecutor.h:94] AriaExecutor 31 exits. 
I0312 04:13:20.552482 173414 AriaExecutor.h:94] AriaExecutor 35 exits. 
I0312 04:13:20.552482 173422 AriaExecutor.h:94] AriaExecutor 43 exits. 
I0312 04:13:20.552440 173392 AriaExecutor.h:94] AriaExecutor 13 exits. 
I0312 04:13:20.552461 173390 AriaExecutor.h:94] AriaExecutor 11 exits. 
I0312 04:13:20.552480 173420 AriaExecutor.h:94] AriaExecutor 41 exits. 
I0312 04:13:20.552804 173327 AriaExecutor.h:535] Worker 1 latency: 3618 us (50%) 3665 us (75%) 3735 us (95%) 3797 us (99%).
I0312 04:13:20.553753 173327 AriaExecutor.h:535] Worker 2 latency: 3618 us (50%) 3663 us (75%) 3740 us (95%) 3798 us (99%).
I0312 04:13:20.553848 173327 AriaExecutor.h:535] Worker 3 latency: 3615 us (50%) 3659 us (75%) 3734 us (95%) 3782 us (99%).
I0312 04:13:20.553884 173327 AriaExecutor.h:535] Worker 4 latency: 3611 us (50%) 3659 us (75%) 3733 us (95%) 3781 us (99%).
I0312 04:13:20.553947 173327 AriaExecutor.h:535] Worker 5 latency: 3610 us (50%) 3660 us (75%) 3737 us (95%) 3821 us (99%).
I0312 04:13:20.553987 173327 AriaExecutor.h:535] Worker 6 latency: 3611 us (50%) 3655 us (75%) 3732 us (95%) 3798 us (99%).
I0312 04:13:20.554019 173327 AriaExecutor.h:535] Worker 7 latency: 3604 us (50%) 3661 us (75%) 3733 us (95%) 3769 us (99%).
I0312 04:13:20.554052 173327 AriaExecutor.h:535] Worker 8 latency: 3609 us (50%) 3657 us (75%) 3733 us (95%) 3794 us (99%).
I0312 04:13:20.554080 173327 AriaExecutor.h:535] Worker 9 latency: 3606 us (50%) 3658 us (75%) 3710 us (95%) 3783 us (99%).
I0312 04:13:20.554105 173327 AriaExecutor.h:535] Worker 10 latency: 3618 us (50%) 3657 us (75%) 3744 us (95%) 3764 us (99%).
I0312 04:13:20.554132 173327 AriaExecutor.h:535] Worker 11 latency: 3594 us (50%) 3648 us (75%) 3745 us (95%) 3774 us (99%).
I0312 04:13:20.554160 173327 AriaExecutor.h:535] Worker 12 latency: 3595 us (50%) 3656 us (75%) 3712 us (95%) 3726 us (99%).
I0312 04:13:20.554188 173327 AriaExecutor.h:535] Worker 13 latency: 3605 us (50%) 3655 us (75%) 3729 us (95%) 3756 us (99%).
I0312 04:13:20.554216 173327 AriaExecutor.h:535] Worker 14 latency: 3590 us (50%) 3638 us (75%) 3716 us (95%) 3855 us (99%).
I0312 04:13:20.554242 173327 AriaExecutor.h:535] Worker 15 latency: 3589 us (50%) 3641 us (75%) 3753 us (95%) 3773 us (99%).
I0312 04:13:20.554267 173327 AriaExecutor.h:535] Worker 16 latency: 3592 us (50%) 3654 us (75%) 3714 us (95%) 4183 us (99%).
I0312 04:13:20.554292 173327 AriaExecutor.h:535] Worker 17 latency: 3603 us (50%) 3648 us (75%) 3712 us (95%) 3792 us (99%).
I0312 04:13:20.554317 173327 AriaExecutor.h:535] Worker 18 latency: 3609 us (50%) 3675 us (75%) 3732 us (95%) 3745 us (99%).
I0312 04:13:20.554338 173327 AriaExecutor.h:535] Worker 19 latency: 3598 us (50%) 3648 us (75%) 3711 us (95%) 3792 us (99%).
I0312 04:13:20.554359 173327 AriaExecutor.h:535] Worker 20 latency: 3586 us (50%) 3635 us (75%) 3706 us (95%) 4601 us (99%).
I0312 04:13:20.554380 173327 AriaExecutor.h:535] Worker 21 latency: 3601 us (50%) 3646 us (75%) 3703 us (95%) 3711 us (99%).
I0312 04:13:20.554402 173327 AriaExecutor.h:535] Worker 22 latency: 3590 us (50%) 3643 us (75%) 3726 us (95%) 3790 us (99%).
I0312 04:13:20.554422 173327 AriaExecutor.h:535] Worker 23 latency: 3619 us (50%) 3660 us (75%) 3735 us (95%) 3747 us (99%).
I0312 04:13:20.554443 173327 AriaExecutor.h:535] Worker 24 latency: 3618 us (50%) 3657 us (75%) 3727 us (95%) 3767 us (99%).
I0312 04:13:20.554462 173327 AriaExecutor.h:535] Worker 25 latency: 3585 us (50%) 3633 us (75%) 3701 us (95%) 3727 us (99%).
I0312 04:13:20.554483 173327 AriaExecutor.h:535] Worker 26 latency: 3597 us (50%) 3645 us (75%) 3742 us (95%) 3777 us (99%).
I0312 04:13:20.554504 173327 AriaExecutor.h:535] Worker 27 latency: 3581 us (50%) 3637 us (75%) 3760 us (95%) 8898 us (99%).
I0312 04:13:20.554525 173327 AriaExecutor.h:535] Worker 28 latency: 3602 us (50%) 3639 us (75%) 3721 us (95%) 3739 us (99%).
I0312 04:13:20.554548 173327 AriaExecutor.h:535] Worker 29 latency: 3614 us (50%) 3658 us (75%) 3736 us (95%) 3744 us (99%).
I0312 04:13:20.554569 173327 AriaExecutor.h:535] Worker 30 latency: 3603 us (50%) 3657 us (75%) 3726 us (95%) 3734 us (99%).
I0312 04:13:20.554591 173327 AriaExecutor.h:535] Worker 31 latency: 3576 us (50%) 3624 us (75%) 3737 us (95%) 3820 us (99%).
I0312 04:13:20.554612 173327 AriaExecutor.h:535] Worker 32 latency: 3605 us (50%) 3652 us (75%) 3711 us (95%) 3795 us (99%).
I0312 04:13:20.554633 173327 AriaExecutor.h:535] Worker 33 latency: 3587 us (50%) 3622 us (75%) 3735 us (95%) 3777 us (99%).
I0312 04:13:20.554654 173327 AriaExecutor.h:535] Worker 34 latency: 3597 us (50%) 3634 us (75%) 3719 us (95%) 3737 us (99%).
I0312 04:13:20.554678 173327 AriaExecutor.h:535] Worker 35 latency: 3616 us (50%) 3668 us (75%) 3735 us (95%) 3735 us (99%).
I0312 04:13:20.554700 173327 AriaExecutor.h:535] Worker 36 latency: 3600 us (50%) 3640 us (75%) 3699 us (95%) 3722 us (99%).
I0312 04:13:20.554723 173327 AriaExecutor.h:535] Worker 37 latency: 3600 us (50%) 3631 us (75%) 3762 us (95%) 3762 us (99%).
I0312 04:13:20.554746 173327 AriaExecutor.h:535] Worker 38 latency: 3518 us (50%) 3588 us (75%) 3674 us (95%) 3712 us (99%).
I0312 04:13:20.554768 173327 AriaExecutor.h:535] Worker 39 latency: 3587 us (50%) 3637 us (75%) 3733 us (95%) 3836 us (99%).
I0312 04:13:20.554791 173327 AriaExecutor.h:535] Worker 40 latency: 3588 us (50%) 3613 us (75%) 3761 us (95%) 3814 us (99%).
I0312 04:13:20.554813 173327 AriaExecutor.h:535] Worker 41 latency: 3565 us (50%) 3625 us (75%) 3736 us (95%) 3751 us (99%).
I0312 04:13:20.554836 173327 AriaExecutor.h:535] Worker 42 latency: 3520 us (50%) 3658 us (75%) 3687 us (95%) 3694 us (99%).
I0312 04:13:20.554858 173327 AriaExecutor.h:535] Worker 43 latency: 3576 us (50%) 3634 us (75%) 3697 us (95%) 3701 us (99%).
I0312 04:13:20.554883 173327 AriaExecutor.h:535] Worker 44 latency: 3584 us (50%) 3639 us (75%) 3698 us (95%) 3698 us (99%).
I0312 04:13:20.554904 173327 AriaExecutor.h:535] Worker 45 latency: 3568 us (50%) 3671 us (75%) 3757 us (95%) 3757 us (99%).
I0312 04:13:20.554926 173327 AriaExecutor.h:535] Worker 46 latency: 3605 us (50%) 3667 us (75%) 3707 us (95%) 3707 us (99%).
I0312 04:13:20.554948 173327 AriaExecutor.h:535] Worker 47 latency: 3559 us (50%) 3596 us (75%) 3712 us (95%) 3712 us (99%).
I0312 04:13:20.554986 173327 Coordinator.h:177] total commit: 588.4
I0312 04:13:21.555207 173327 Coordinator.h:192] Coordinator exits.
