I0312 02:03:00.498790 150914 Database.h:65] ycsb initialization finished in 261 milliseconds.
I0312 02:03:00.499033 150914 Coordinator.h:30] Coordinator initializes 4 workers.
I0312 02:03:00.607689 150914 Coordinator.h:77] Coordinator starts to run 5 workers.
I0312 02:03:00.607784 150922 AriaExecutor.h:82] AriaExecutor 0 started. 
I0312 02:03:00.607821 150923 AriaExecutor.h:82] AriaExecutor 1 started. 
I0312 02:03:00.607904 150924 AriaExecutor.h:82] AriaExecutor 2 started. 
I0312 02:03:00.607990 150925 AriaExecutor.h:82] AriaExecutor 3 started. 
I0312 02:03:00.608060 150926 Manager.h:224] Manager(worker id = 4) on the coordinator node started.
I0312 02:03:01.608103 150914 Coordinator.h:126] commit: 6 abort: 24570 (0/24570/0), network size: 0, avg network size: 0, si_in_serializable: 0 0 %, local: 0 %
I0312 02:03:02.608254 150914 Coordinator.h:126] commit: 7 abort: 28665 (0/28665/0), network size: 0, avg network size: 0, si_in_serializable: 0 0 %, local: 0 %
I0312 02:03:03.608424 150914 Coordinator.h:126] commit: 7 abort: 28665 (0/28665/0), network size: 0, avg network size: 0, si_in_serializable: 0 0 %, local: 0 %
I0312 02:03:04.608572 150914 Coordinator.h:126] commit: 8 abort: 28664 (0/28664/0), network size: 0, avg network size: 0, si_in_serializable: 0 0 %, local: 0 %
I0312 02:03:05.608692 150914 Coordinator.h:126] commit: 7 abort: 28665 (0/28665/0), network size: 0, avg network size: 0, si_in_serializable: 0 0 %, local: 0 %
I0312 02:03:06.608865 150914 Coordinator.h:126] commit: 7 abort: 28665 (0/28665/0), network size: 0, avg network size: 0, si_in_serializable: 0 0 %, local: 0 %
I0312 02:03:07.609006 150914 Coordinator.h:126] commit: 6 abort: 24570 (0/24570/0), network size: 0, avg network size: 0, si_in_serializable: 0 0 %, local: 0 %
I0312 02:03:08.609170 150914 Coordinator.h:126] commit: 7 abort: 28665 (0/28665/0), network size: 0, avg network size: 0, si_in_serializable: 0 0 %, local: 0 %
I0312 02:03:09.609313 150914 Coordinator.h:126] commit: 7 abort: 28665 (0/28665/0), network size: 0, avg network size: 0, si_in_serializable: 0 0 %, local: 0 %
I0312 02:03:10.609432 150914 Coordinator.h:126] commit: 7 abort: 28665 (0/28665/0), network size: 0, avg network size: 0, si_in_serializable: 0 0 %, local: 0 %
I0312 02:03:11.609602 150914 Coordinator.h:126] commit: 7 abort: 28665 (0/28665/0), network size: 0, avg network size: 0, si_in_serializable: 0 0 %, local: 0 %
I0312 02:03:12.609743 150914 Coordinator.h:126] commit: 7 abort: 28665 (0/28665/0), network size: 0, avg network size: 0, si_in_serializable: 0 0 %, local: 0 %
I0312 02:03:13.609864 150914 Coordinator.h:126] commit: 7 abort: 28665 (0/28665/0), network size: 0, avg network size: 0, si_in_serializable: 0 0 %, local: 0 %
I0312 02:03:14.609987 150914 Coordinator.h:126] commit: 6 abort: 24570 (0/24570/0), network size: 0, avg network size: 0, si_in_serializable: 0 0 %, local: 0 %
I0312 02:03:15.610103 150914 Coordinator.h:126] commit: 7 abort: 28665 (0/28665/0), network size: 0, avg network size: 0, si_in_serializable: 0 0 %, local: 0 %
I0312 02:03:16.610280 150914 Coordinator.h:126] commit: 7 abort: 28665 (0/28665/0), network size: 0, avg network size: 0, si_in_serializable: 0 0 %, local: 0 %
I0312 02:03:17.610422 150914 Coordinator.h:126] commit: 7 abort: 28665 (0/28665/0), network size: 0, avg network size: 0, si_in_serializable: 0 0 %, local: 0 %
I0312 02:03:18.610538 150914 Coordinator.h:126] commit: 7 abort: 28665 (0/28665/0), network size: 0, avg network size: 0, si_in_serializable: 0 0 %, local: 0 %
I0312 02:03:19.610653 150914 Coordinator.h:126] commit: 8 abort: 28664 (0/28664/0), network size: 0, avg network size: 0, si_in_serializable: 0 0 %, local: 0 %
I0312 02:03:20.610774 150914 Coordinator.h:126] commit: 7 abort: 28665 (0/28665/0), network size: 0, avg network size: 0, si_in_serializable: 0 0 %, local: 0 %
I0312 02:03:21.610945 150914 Coordinator.h:126] commit: 7 abort: 28665 (0/28665/0), network size: 0, avg network size: 0, si_in_serializable: 0 0 %, local: 0 %
I0312 02:03:22.611089 150914 Coordinator.h:126] commit: 7 abort: 28665 (0/28665/0), network size: 0, avg network size: 0, si_in_serializable: 0 0 %, local: 0 %
I0312 02:03:23.611200 150914 Coordinator.h:126] commit: 6 abort: 24570 (0/24570/0), network size: 0, avg network size: 0, si_in_serializable: 0 0 %, local: 0 %
I0312 02:03:24.611312 150914 Coordinator.h:126] commit: 7 abort: 28665 (0/28665/0), network size: 0, avg network size: 0, si_in_serializable: 0 0 %, local: 0 %
I0312 02:03:25.611426 150914 Coordinator.h:126] commit: 7 abort: 28665 (0/28665/0), network size: 0, avg network size: 0, si_in_serializable: 0 0 %, local: 0 %
I0312 02:03:25.611475 150914 Coordinator.h:152] average commit: 7 abort: 28255.4 (0/28255.4/0), network size: 0, avg network size: 0, si_in_serializable: 0 0 %, local: 0 %
I0312 02:03:25.611518 150914 AriaExecutor.h:535] Worker 0 latency: 144777 us (50%) 145143 us (75%) 150206 us (95%) 163761 us (99%).
I0312 02:03:25.668939 150922 AriaExecutor.h:94] AriaExecutor 0 exits. 
I0312 02:03:25.668941 150926 Manager.h:227] Manager(worker id = 4) on the coordinator node exits.
I0312 02:03:25.668941 150924 AriaExecutor.h:94] AriaExecutor 2 exits. 
I0312 02:03:25.668939 150923 AriaExecutor.h:94] AriaExecutor 1 exits. 
I0312 02:03:25.668941 150925 AriaExecutor.h:94] AriaExecutor 3 exits. 
I0312 02:03:25.669127 150914 AriaExecutor.h:535] Worker 1 latency: 143704 us (50%) 144939 us (75%) 144939 us (95%) 144939 us (99%).
I0312 02:03:25.669158 150914 AriaExecutor.h:535] Worker 2 latency: 0 us (50%) 0 us (75%) 0 us (95%) 0 us (99%).
I0312 02:03:25.669178 150914 AriaExecutor.h:535] Worker 3 latency: 0 us (50%) 0 us (75%) 0 us (95%) 0 us (99%).
I0312 02:03:25.669284 150914 Coordinator.h:177] total commit: 7
I0312 02:03:26.669474 150914 Coordinator.h:192] Coordinator exits.
