I0312 04:22:50.646535 183514 Database.h:65] ycsb initialization finished in 976 milliseconds.
I0312 04:22:50.646761 183514 Coordinator.h:30] Coordinator initializes 1 workers.
I0312 04:22:50.685441 183514 Coordinator.h:77] Coordinator starts to run 2 workers.
I0312 04:22:50.685588 183520 AriaExecutor.h:91] AriaExecutor 0 started. 
I0312 04:22:50.685672 183521 Manager.h:224] Manager(worker id = 1) on the coordinator node started.
I0312 04:22:51.685709 183514 Coordinator.h:126] commit: 40775 abort: 185 (0/185/0), network size: 0, avg network size: 0, si_in_serializable: 0 0 %, local: 0 %
I0312 04:22:52.685930 183514 Coordinator.h:126] commit: 39717 abort: 219 (0/219/0), network size: 0, avg network size: 0, si_in_serializable: 0 0 %, local: 0 %
I0312 04:22:53.686066 183514 Coordinator.h:126] commit: 41796 abort: 188 (0/188/0), network size: 0, avg network size: 0, si_in_serializable: 0 0 %, local: 0 %
I0312 04:22:54.686180 183514 Coordinator.h:126] commit: 41795 abort: 189 (0/189/0), network size: 0, avg network size: 0, si_in_serializable: 0 0 %, local: 0 %
I0312 04:22:55.686337 183514 Coordinator.h:126] commit: 39745 abort: 191 (0/191/0), network size: 0, avg network size: 0, si_in_serializable: 0 0 %, local: 0 %
I0312 04:22:56.686468 183514 Coordinator.h:126] commit: 41782 abort: 202 (0/202/0), network size: 0, avg network size: 0, si_in_serializable: 0 0 %, local: 0 %
I0312 04:22:57.686626 183514 Coordinator.h:126] commit: 39750 abort: 186 (0/186/0), network size: 0, avg network size: 0, si_in_serializable: 0 0 %, local: 0 %
I0312 04:22:58.686757 183514 Coordinator.h:126] commit: 41806 abort: 178 (0/178/0), network size: 0, avg network size: 0, si_in_serializable: 0 0 %, local: 0 %
I0312 04:22:59.686911 183514 Coordinator.h:126] commit: 39733 abort: 203 (0/203/0), network size: 0, avg network size: 0, si_in_serializable: 0 0 %, local: 0 %
I0312 04:23:00.687039 183514 Coordinator.h:126] commit: 41811 abort: 173 (0/173/0), network size: 0, avg network size: 0, si_in_serializable: 0 0 %, local: 0 %
I0312 04:23:01.687144 183514 Coordinator.h:126] commit: 41791 abort: 193 (0/193/0), network size: 0, avg network size: 0, si_in_serializable: 0 0 %, local: 0 %
I0312 04:23:02.687304 183514 Coordinator.h:126] commit: 39757 abort: 179 (0/179/0), network size: 0, avg network size: 0, si_in_serializable: 0 0 %, local: 0 %
I0312 04:23:03.687431 183514 Coordinator.h:126] commit: 41784 abort: 200 (0/200/0), network size: 0, avg network size: 0, si_in_serializable: 0 0 %, local: 0 %
I0312 04:23:04.687541 183514 Coordinator.h:126] commit: 41772 abort: 212 (0/212/0), network size: 0, avg network size: 0, si_in_serializable: 0 0 %, local: 0 %
I0312 04:23:05.687649 183514 Coordinator.h:126] commit: 41788 abort: 196 (0/196/0), network size: 0, avg network size: 0, si_in_serializable: 0 0 %, local: 0 %
I0312 04:23:06.687810 183514 Coordinator.h:126] commit: 39733 abort: 203 (0/203/0), network size: 0, avg network size: 0, si_in_serializable: 0 0 %, local: 0 %
I0312 04:23:07.687940 183514 Coordinator.h:126] commit: 41774 abort: 210 (0/210/0), network size: 0, avg network size: 0, si_in_serializable: 0 0 %, local: 0 %
I0312 04:23:08.688047 183514 Coordinator.h:126] commit: 41819 abort: 165 (0/165/0), network size: 0, avg network size: 0, si_in_serializable: 0 0 %, local: 0 %
I0312 04:23:09.688154 183514 Coordinator.h:126] commit: 41772 abort: 212 (0/212/0), network size: 0, avg network size: 0, si_in_serializable: 0 0 %, local: 0 %
I0312 04:23:10.688268 183514 Coordinator.h:126] commit: 40786 abort: 174 (0/174/0), network size: 0, avg network size: 0, si_in_serializable: 0 0 %, local: 0 %
I0312 04:23:11.688432 183514 Coordinator.h:126] commit: 40770 abort: 190 (0/190/0), network size: 0, avg network size: 0, si_in_serializable: 0 0 %, local: 0 %
I0312 04:23:12.688567 183514 Coordinator.h:126] commit: 41774 abort: 210 (0/210/0), network size: 0, avg network size: 0, si_in_serializable: 0 0 %, local: 0 %
I0312 04:23:13.688678 183514 Coordinator.h:126] commit: 41686 abort: 195 (0/195/0), network size: 0, avg network size: 0, si_in_serializable: 0 0 %, local: 0 %
I0312 04:23:14.688786 183514 Coordinator.h:126] commit: 40878 abort: 185 (0/185/0), network size: 0, avg network size: 0, si_in_serializable: 0 0 %, local: 0 %
I0312 04:23:15.688890 183514 Coordinator.h:126] commit: 41788 abort: 196 (0/196/0), network size: 0, avg network size: 0, si_in_serializable: 0 0 %, local: 0 %
I0312 04:23:15.688928 183514 Coordinator.h:152] average commit: 41277.6 abort: 194.4 (0/194.4/0), network size: 0, avg network size: 0, si_in_serializable: 0 0 %, local: 0 %
I0312 04:23:15.692028 183520 AriaExecutor.h:103] AriaExecutor 0 exits. 
I0312 04:23:15.692029 183521 Manager.h:227] Manager(worker id = 1) on the coordinator node exits.
I0312 04:23:15.688972 183514 AriaExecutor.h:649] Worker 0 latency: 14736 us (50%) 19436 us (75%) 23177 us (95%) 24588 us (99%).
I0312 04:23:15.757993 183514 Coordinator.h:177] total commit: 41277.6
I0312 04:23:16.758123 183514 Coordinator.h:192] Coordinator exits.
