I0312 03:20:14.762862 160824 Database.h:65] ycsb initialization finished in 102 milliseconds.
I0312 03:20:14.763089 160824 Coordinator.h:30] Coordinator initializes 32 workers.
I0312 03:20:14.871286 160824 Coordinator.h:77] Coordinator starts to run 33 workers.
I0312 03:20:14.871407 160860 AriaExecutor.h:82] AriaExecutor 0 started. 
I0312 03:20:14.871460 160861 AriaExecutor.h:82] AriaExecutor 1 started. 
I0312 03:20:14.871555 160862 AriaExecutor.h:82] AriaExecutor 2 started. 
I0312 03:20:14.871630 160863 AriaExecutor.h:82] AriaExecutor 3 started. 
I0312 03:20:14.871738 160864 AriaExecutor.h:82] AriaExecutor 4 started. 
I0312 03:20:14.871857 160865 AriaExecutor.h:82] AriaExecutor 5 started. 
I0312 03:20:14.871955 160866 AriaExecutor.h:82] AriaExecutor 6 started. 
I0312 03:20:14.872045 160867 AriaExecutor.h:82] AriaExecutor 7 started. 
I0312 03:20:14.872138 160868 AriaExecutor.h:82] AriaExecutor 8 started. 
I0312 03:20:14.872277 160869 AriaExecutor.h:82] AriaExecutor 9 started. 
I0312 03:20:14.872344 160870 AriaExecutor.h:82] AriaExecutor 10 started. 
I0312 03:20:14.872434 160871 AriaExecutor.h:82] AriaExecutor 11 started. 
I0312 03:20:14.872558 160872 AriaExecutor.h:82] AriaExecutor 12 started. 
I0312 03:20:14.872665 160873 AriaExecutor.h:82] AriaExecutor 13 started. 
I0312 03:20:14.872776 160874 AriaExecutor.h:82] AriaExecutor 14 started. 
I0312 03:20:14.872900 160875 AriaExecutor.h:82] AriaExecutor 15 started. 
I0312 03:20:14.873013 160876 AriaExecutor.h:82] AriaExecutor 16 started. 
I0312 03:20:14.873138 160877 AriaExecutor.h:82] AriaExecutor 17 started. 
I0312 03:20:14.873185 160878 AriaExecutor.h:82] AriaExecutor 18 started. 
I0312 03:20:14.873281 160879 AriaExecutor.h:82] AriaExecutor 19 started. 
I0312 03:20:14.873363 160880 AriaExecutor.h:82] AriaExecutor 20 started. 
I0312 03:20:14.873463 160881 AriaExecutor.h:82] AriaExecutor 21 started. 
I0312 03:20:14.873574 160882 AriaExecutor.h:82] AriaExecutor 22 started. 
I0312 03:20:14.873661 160883 AriaExecutor.h:82] AriaExecutor 23 started. 
I0312 03:20:14.873765 160884 AriaExecutor.h:82] AriaExecutor 24 started. 
I0312 03:20:14.873883 160885 AriaExecutor.h:82] AriaExecutor 25 started. 
I0312 03:20:14.873930 160886 AriaExecutor.h:82] AriaExecutor 26 started. 
I0312 03:20:14.874015 160887 AriaExecutor.h:82] AriaExecutor 27 started. 
I0312 03:20:14.874132 160888 AriaExecutor.h:82] AriaExecutor 28 started. 
I0312 03:20:14.874224 160889 AriaExecutor.h:82] AriaExecutor 29 started. 
I0312 03:20:14.874322 160890 AriaExecutor.h:82] AriaExecutor 30 started. 
I0312 03:20:14.874455 160891 AriaExecutor.h:82] AriaExecutor 31 started. 
I0312 03:20:14.874588 160892 Manager.h:224] Manager(worker id = 32) on the coordinator node started.
I0312 03:20:15.874603 160824 Coordinator.h:126] commit: 12420 abort: 139132 (0/139132/0), network size: 0, avg network size: 0, si_in_serializable: 0 0 %, local: 0 %
I0312 03:20:16.874766 160824 Coordinator.h:126] commit: 12428 abort: 139124 (0/139124/0), network size: 0, avg network size: 0, si_in_serializable: 0 0 %, local: 0 %
I0312 03:20:17.874900 160824 Coordinator.h:126] commit: 12253 abort: 139299 (0/139299/0), network size: 0, avg network size: 0, si_in_serializable: 0 0 %, local: 0 %
I0312 03:20:18.875077 160824 Coordinator.h:126] commit: 12460 abort: 139092 (0/139092/0), network size: 0, avg network size: 0, si_in_serializable: 0 0 %, local: 0 %
I0312 03:20:19.875224 160824 Coordinator.h:126] commit: 12383 abort: 139169 (0/139169/0), network size: 0, avg network size: 0, si_in_serializable: 0 0 %, local: 0 %
I0312 03:20:20.875368 160824 Coordinator.h:126] commit: 12441 abort: 139111 (0/139111/0), network size: 0, avg network size: 0, si_in_serializable: 0 0 %, local: 0 %
I0312 03:20:21.875502 160824 Coordinator.h:126] commit: 12026 abort: 135430 (0/135430/0), network size: 0, avg network size: 0, si_in_serializable: 0 0 %, local: 0 %
I0312 03:20:22.875627 160824 Coordinator.h:126] commit: 12421 abort: 139131 (0/139131/0), network size: 0, avg network size: 0, si_in_serializable: 0 0 %, local: 0 %
I0312 03:20:23.875756 160824 Coordinator.h:126] commit: 12124 abort: 135332 (0/135332/0), network size: 0, avg network size: 0, si_in_serializable: 0 0 %, local: 0 %
I0312 03:20:24.875893 160824 Coordinator.h:126] commit: 12468 abort: 139084 (0/139084/0), network size: 0, avg network size: 0, si_in_serializable: 0 0 %, local: 0 %
I0312 03:20:25.876077 160824 Coordinator.h:126] commit: 12204 abort: 135252 (0/135252/0), network size: 0, avg network size: 0, si_in_serializable: 0 0 %, local: 0 %
I0312 03:20:26.876220 160824 Coordinator.h:126] commit: 12379 abort: 139173 (0/139173/0), network size: 0, avg network size: 0, si_in_serializable: 0 0 %, local: 0 %
I0312 03:20:27.876356 160824 Coordinator.h:126] commit: 12504 abort: 139048 (0/139048/0), network size: 0, avg network size: 0, si_in_serializable: 0 0 %, local: 0 %
I0312 03:20:28.876482 160824 Coordinator.h:126] commit: 12173 abort: 135283 (0/135283/0), network size: 0, avg network size: 0, si_in_serializable: 0 0 %, local: 0 %
I0312 03:20:29.876612 160824 Coordinator.h:126] commit: 12393 abort: 139159 (0/139159/0), network size: 0, avg network size: 0, si_in_serializable: 0 0 %, local: 0 %
I0312 03:20:30.876749 160824 Coordinator.h:126] commit: 12047 abort: 135409 (0/135409/0), network size: 0, avg network size: 0, si_in_serializable: 0 0 %, local: 0 %
I0312 03:20:31.876874 160824 Coordinator.h:126] commit: 12166 abort: 135290 (0/135290/0), network size: 0, avg network size: 0, si_in_serializable: 0 0 %, local: 0 %
I0312 03:20:32.877002 160824 Coordinator.h:126] commit: 12380 abort: 139172 (0/139172/0), network size: 0, avg network size: 0, si_in_serializable: 0 0 %, local: 0 %
I0312 03:20:33.877130 160824 Coordinator.h:126] commit: 12311 abort: 135145 (0/135145/0), network size: 0, avg network size: 0, si_in_serializable: 0 0 %, local: 0 %
I0312 03:20:34.877251 160824 Coordinator.h:126] commit: 11957 abort: 135499 (0/135499/0), network size: 0, avg network size: 0, si_in_serializable: 0 0 %, local: 0 %
I0312 03:20:35.877413 160824 Coordinator.h:126] commit: 12181 abort: 135275 (0/135275/0), network size: 0, avg network size: 0, si_in_serializable: 0 0 %, local: 0 %
I0312 03:20:36.877552 160824 Coordinator.h:126] commit: 12134 abort: 135322 (0/135322/0), network size: 0, avg network size: 0, si_in_serializable: 0 0 %, local: 0 %
I0312 03:20:37.877678 160824 Coordinator.h:126] commit: 12275 abort: 139277 (0/139277/0), network size: 0, avg network size: 0, si_in_serializable: 0 0 %, local: 0 %
I0312 03:20:38.877810 160824 Coordinator.h:126] commit: 11962 abort: 135494 (0/135494/0), network size: 0, avg network size: 0, si_in_serializable: 0 0 %, local: 0 %
I0312 03:20:39.877947 160824 Coordinator.h:126] commit: 12174 abort: 135282 (0/135282/0), network size: 0, avg network size: 0, si_in_serializable: 0 0 %, local: 0 %
I0312 03:20:39.877996 160824 Coordinator.h:152] average commit: 12251.4 abort: 136843 (0/136843/0), network size: 0, avg network size: 0, si_in_serializable: 0 0 %, local: 0 %
I0312 03:20:39.878012 160824 AriaExecutor.h:535] Worker 0 latency: 26446 us (50%) 26908 us (75%) 27409 us (95%) 27960 us (99%).
I0312 03:20:39.895162 160891 AriaExecutor.h:94] AriaExecutor 31 exits. 
I0312 03:20:39.895162 160890 AriaExecutor.h:94] AriaExecutor 30 exits. 
I0312 03:20:39.895165 160871 AriaExecutor.h:94] AriaExecutor 11 exits. 
I0312 03:20:39.895171 160868 AriaExecutor.h:94] AriaExecutor 8 exits. 
I0312 03:20:39.895172 160872 AriaExecutor.h:94] AriaExecutor 12 exits. 
I0312 03:20:39.895164 160892 Manager.h:227] Manager(worker id = 32) on the coordinator node exits.
I0312 03:20:39.895191 160887 AriaExecutor.h:94] AriaExecutor 27 exits. 
I0312 03:20:39.895174 160865 AriaExecutor.h:94] AriaExecutor 5 exits. 
I0312 03:20:39.895193 160874 AriaExecutor.h:94] AriaExecutor 14 exits. 
I0312 03:20:39.895170 160863 AriaExecutor.h:94] AriaExecutor 3 exits. 
I0312 03:20:39.895210 160880 AriaExecutor.h:94] AriaExecutor 20 exits. 
I0312 03:20:39.895166 160873 AriaExecutor.h:94] AriaExecutor 13 exits. 
I0312 03:20:39.895171 160870 AriaExecutor.h:94] AriaExecutor 10 exits. 
I0312 03:20:39.895191 160883 AriaExecutor.h:94] AriaExecutor 23 exits. 
I0312 03:20:39.895181 160862 AriaExecutor.h:94] AriaExecutor 2 exits. 
I0312 03:20:39.895171 160864 AriaExecutor.h:94] AriaExecutor 4 exits. 
I0312 03:20:39.895190 160888 AriaExecutor.h:94] AriaExecutor 28 exits. 
I0312 03:20:39.895192 160882 AriaExecutor.h:94] AriaExecutor 22 exits. 
I0312 03:20:39.895191 160876 AriaExecutor.h:94] AriaExecutor 16 exits. 
I0312 03:20:39.895172 160861 AriaExecutor.h:94] AriaExecutor 1 exits. 
I0312 03:20:39.895191 160886 AriaExecutor.h:94] AriaExecutor 26 exits. 
I0312 03:20:39.895191 160889 AriaExecutor.h:94] AriaExecutor 29 exits. 
I0312 03:20:39.895190 160877 AriaExecutor.h:94] AriaExecutor 17 exits. 
I0312 03:20:39.895191 160881 AriaExecutor.h:94] AriaExecutor 21 exits. 
I0312 03:20:39.895191 160884 AriaExecutor.h:94] AriaExecutor 24 exits. 
I0312 03:20:39.895171 160866 AriaExecutor.h:94] AriaExecutor 6 exits. 
I0312 03:20:39.895172 160867 AriaExecutor.h:94] AriaExecutor 7 exits. 
I0312 03:20:39.895165 160869 AriaExecutor.h:94] AriaExecutor 9 exits. 
I0312 03:20:39.895191 160875 AriaExecutor.h:94] AriaExecutor 15 exits. 
I0312 03:20:39.895208 160885 AriaExecutor.h:94] AriaExecutor 25 exits. 
I0312 03:20:39.895191 160878 AriaExecutor.h:94] AriaExecutor 18 exits. 
I0312 03:20:39.895171 160860 AriaExecutor.h:94] AriaExecutor 0 exits. 
I0312 03:20:39.895205 160879 AriaExecutor.h:94] AriaExecutor 19 exits. 
I0312 03:20:39.895668 160824 AriaExecutor.h:535] Worker 1 latency: 26487 us (50%) 26832 us (75%) 27243 us (95%) 28068 us (99%).
I0312 03:20:39.896214 160824 AriaExecutor.h:535] Worker 2 latency: 26473 us (50%) 26830 us (75%) 27243 us (95%) 27803 us (99%).
I0312 03:20:39.896755 160824 AriaExecutor.h:535] Worker 3 latency: 26482 us (50%) 26827 us (75%) 27236 us (95%) 28006 us (99%).
I0312 03:20:39.897275 160824 AriaExecutor.h:535] Worker 4 latency: 26481 us (50%) 26828 us (75%) 27237 us (95%) 27837 us (99%).
I0312 03:20:39.897845 160824 AriaExecutor.h:535] Worker 5 latency: 26470 us (50%) 26821 us (75%) 27238 us (95%) 27964 us (99%).
I0312 03:20:39.898386 160824 AriaExecutor.h:535] Worker 6 latency: 26483 us (50%) 26827 us (75%) 27240 us (95%) 27627 us (99%).
I0312 03:20:39.898914 160824 AriaExecutor.h:535] Worker 7 latency: 26478 us (50%) 26828 us (75%) 27234 us (95%) 27756 us (99%).
I0312 03:20:39.899438 160824 AriaExecutor.h:535] Worker 8 latency: 26476 us (50%) 26825 us (75%) 27238 us (95%) 27863 us (99%).
I0312 03:20:39.899976 160824 AriaExecutor.h:535] Worker 9 latency: 26472 us (50%) 26821 us (75%) 27237 us (95%) 27847 us (99%).
I0312 03:20:39.900511 160824 AriaExecutor.h:535] Worker 10 latency: 26481 us (50%) 26830 us (75%) 27238 us (95%) 27914 us (99%).
I0312 03:20:39.901034 160824 AriaExecutor.h:535] Worker 11 latency: 26467 us (50%) 26826 us (75%) 27230 us (95%) 27610 us (99%).
I0312 03:20:39.901559 160824 AriaExecutor.h:535] Worker 12 latency: 26488 us (50%) 26829 us (75%) 27241 us (95%) 27743 us (99%).
I0312 03:20:39.902076 160824 AriaExecutor.h:535] Worker 13 latency: 26490 us (50%) 26831 us (75%) 27239 us (95%) 27657 us (99%).
I0312 03:20:39.902590 160824 AriaExecutor.h:535] Worker 14 latency: 26486 us (50%) 26824 us (75%) 27233 us (95%) 27628 us (99%).
I0312 03:20:39.903113 160824 AriaExecutor.h:535] Worker 15 latency: 26485 us (50%) 26826 us (75%) 27237 us (95%) 27981 us (99%).
I0312 03:20:39.903630 160824 AriaExecutor.h:535] Worker 16 latency: 26482 us (50%) 26831 us (75%) 27236 us (95%) 27596 us (99%).
I0312 03:20:39.904155 160824 AriaExecutor.h:535] Worker 17 latency: 26484 us (50%) 26833 us (75%) 27239 us (95%) 28226 us (99%).
I0312 03:20:39.904688 160824 AriaExecutor.h:535] Worker 18 latency: 26485 us (50%) 26836 us (75%) 27239 us (95%) 27860 us (99%).
I0312 03:20:39.905207 160824 AriaExecutor.h:535] Worker 19 latency: 26480 us (50%) 26829 us (75%) 27239 us (95%) 27677 us (99%).
I0312 03:20:39.905725 160824 AriaExecutor.h:535] Worker 20 latency: 26472 us (50%) 26817 us (75%) 27234 us (95%) 27598 us (99%).
I0312 03:20:39.906242 160824 AriaExecutor.h:535] Worker 21 latency: 26484 us (50%) 26827 us (75%) 27238 us (95%) 27635 us (99%).
I0312 03:20:39.906759 160824 AriaExecutor.h:535] Worker 22 latency: 26476 us (50%) 26827 us (75%) 27227 us (95%) 27584 us (99%).
I0312 03:20:39.907274 160824 AriaExecutor.h:535] Worker 23 latency: 26485 us (50%) 26827 us (75%) 27239 us (95%) 27825 us (99%).
I0312 03:20:39.907783 160824 AriaExecutor.h:535] Worker 24 latency: 26491 us (50%) 26836 us (75%) 27243 us (95%) 27825 us (99%).
I0312 03:20:39.908296 160824 AriaExecutor.h:535] Worker 25 latency: 26478 us (50%) 26831 us (75%) 27245 us (95%) 28077 us (99%).
I0312 03:20:39.908805 160824 AriaExecutor.h:535] Worker 26 latency: 26487 us (50%) 26831 us (75%) 27238 us (95%) 27647 us (99%).
I0312 03:20:39.909308 160824 AriaExecutor.h:535] Worker 27 latency: 26476 us (50%) 26832 us (75%) 27240 us (95%) 27644 us (99%).
I0312 03:20:39.909819 160824 AriaExecutor.h:535] Worker 28 latency: 26491 us (50%) 26839 us (75%) 27245 us (95%) 28013 us (99%).
I0312 03:20:39.910322 160824 AriaExecutor.h:535] Worker 29 latency: 26499 us (50%) 26863 us (75%) 27279 us (95%) 27750 us (99%).
I0312 03:20:39.910823 160824 AriaExecutor.h:535] Worker 30 latency: 26480 us (50%) 26834 us (75%) 27241 us (95%) 27953 us (99%).
I0312 03:20:39.911324 160824 AriaExecutor.h:535] Worker 31 latency: 26484 us (50%) 26831 us (75%) 27241 us (95%) 28059 us (99%).
I0312 03:20:39.911834 160824 Coordinator.h:177] total commit: 12251.4
I0312 03:20:40.912024 160824 Coordinator.h:192] Coordinator exits.
