I0312 03:18:00.341574 160424 Database.h:65] ycsb initialization finished in 100 milliseconds.
I0312 03:18:00.341815 160424 Coordinator.h:30] Coordinator initializes 32 workers.
I0312 03:18:00.379864 160424 Coordinator.h:77] Coordinator starts to run 33 workers.
I0312 03:18:00.379927 160460 AriaExecutor.h:82] AriaExecutor 0 started. 
I0312 03:18:00.379984 160461 AriaExecutor.h:82] AriaExecutor 1 started. 
I0312 03:18:00.380076 160462 AriaExecutor.h:82] AriaExecutor 2 started. 
I0312 03:18:00.380159 160463 AriaExecutor.h:82] AriaExecutor 3 started. 
I0312 03:18:00.380234 160464 AriaExecutor.h:82] AriaExecutor 4 started. 
I0312 03:18:00.380322 160465 AriaExecutor.h:82] AriaExecutor 5 started. 
I0312 03:18:00.380394 160466 AriaExecutor.h:82] AriaExecutor 6 started. 
I0312 03:18:00.380458 160467 AriaExecutor.h:82] AriaExecutor 7 started. 
I0312 03:18:00.380517 160468 AriaExecutor.h:82] AriaExecutor 8 started. 
I0312 03:18:00.380577 160469 AriaExecutor.h:82] AriaExecutor 9 started. 
I0312 03:18:00.380635 160470 AriaExecutor.h:82] AriaExecutor 10 started. 
I0312 03:18:00.380725 160471 AriaExecutor.h:82] AriaExecutor 11 started. 
I0312 03:18:00.380806 160472 AriaExecutor.h:82] AriaExecutor 12 started. 
I0312 03:18:00.381026 160473 AriaExecutor.h:82] AriaExecutor 13 started. 
I0312 03:18:00.381191 160474 AriaExecutor.h:82] AriaExecutor 14 started. 
I0312 03:18:00.381351 160475 AriaExecutor.h:82] AriaExecutor 15 started. 
I0312 03:18:00.381505 160476 AriaExecutor.h:82] AriaExecutor 16 started. 
I0312 03:18:00.381667 160477 AriaExecutor.h:82] AriaExecutor 17 started. 
I0312 03:18:00.381829 160478 AriaExecutor.h:82] AriaExecutor 18 started. 
I0312 03:18:00.381975 160479 AriaExecutor.h:82] AriaExecutor 19 started. 
I0312 03:18:00.382119 160480 AriaExecutor.h:82] AriaExecutor 20 started. 
I0312 03:18:00.382264 160481 AriaExecutor.h:82] AriaExecutor 21 started. 
I0312 03:18:00.382407 160482 AriaExecutor.h:82] AriaExecutor 22 started. 
I0312 03:18:00.382562 160483 AriaExecutor.h:82] AriaExecutor 23 started. 
I0312 03:18:00.382706 160484 AriaExecutor.h:82] AriaExecutor 24 started. 
I0312 03:18:00.382849 160485 AriaExecutor.h:82] AriaExecutor 25 started. 
I0312 03:18:00.382980 160486 AriaExecutor.h:82] AriaExecutor 26 started. 
I0312 03:18:00.383142 160487 AriaExecutor.h:82] AriaExecutor 27 started. 
I0312 03:18:00.383333 160488 AriaExecutor.h:82] AriaExecutor 28 started. 
I0312 03:18:00.383512 160489 AriaExecutor.h:82] AriaExecutor 29 started. 
I0312 03:18:00.383730 160490 AriaExecutor.h:82] AriaExecutor 30 started. 
I0312 03:18:00.383910 160491 AriaExecutor.h:82] AriaExecutor 31 started. 
I0312 03:18:00.384096 160492 Manager.h:224] Manager(worker id = 32) on the coordinator node started.
I0312 03:18:01.384158 160424 Coordinator.h:126] commit: 758111 abort: 3745 (0/3745/0), network size: 0, avg network size: 0, si_in_serializable: 0 0 %, local: 0 %
I0312 03:18:02.384312 160424 Coordinator.h:126] commit: 758228 abort: 3628 (0/3628/0), network size: 0, avg network size: 0, si_in_serializable: 0 0 %, local: 0 %
I0312 03:18:03.384442 160424 Coordinator.h:126] commit: 762095 abort: 3857 (0/3857/0), network size: 0, avg network size: 0, si_in_serializable: 0 0 %, local: 0 %
I0312 03:18:04.384680 160424 Coordinator.h:126] commit: 762245 abort: 3707 (0/3707/0), network size: 0, avg network size: 0, si_in_serializable: 0 0 %, local: 0 %
I0312 03:18:05.384841 160424 Coordinator.h:126] commit: 763226 abort: 3750 (0/3750/0), network size: 0, avg network size: 0, si_in_serializable: 0 0 %, local: 0 %
I0312 03:18:06.384970 160424 Coordinator.h:126] commit: 757201 abort: 3628 (0/3628/0), network size: 0, avg network size: 0, si_in_serializable: 0 0 %, local: 0 %
I0312 03:18:07.385104 160424 Coordinator.h:126] commit: 759205 abort: 3678 (0/3678/0), network size: 0, avg network size: 0, si_in_serializable: 0 0 %, local: 0 %
I0312 03:18:08.385238 160424 Coordinator.h:126] commit: 761279 abort: 3649 (0/3649/0), network size: 0, avg network size: 0, si_in_serializable: 0 0 %, local: 0 %
I0312 03:18:09.385370 160424 Coordinator.h:126] commit: 755084 abort: 3700 (0/3700/0), network size: 0, avg network size: 0, si_in_serializable: 0 0 %, local: 0 %
I0312 03:18:10.385507 160424 Coordinator.h:126] commit: 760082 abort: 3822 (0/3822/0), network size: 0, avg network size: 0, si_in_serializable: 0 0 %, local: 0 %
I0312 03:18:11.385695 160424 Coordinator.h:126] commit: 755621 abort: 3735 (0/3735/0), network size: 0, avg network size: 0, si_in_serializable: 0 0 %, local: 0 %
I0312 03:18:12.385841 160424 Coordinator.h:126] commit: 743358 abort: 3590 (0/3590/0), network size: 0, avg network size: 0, si_in_serializable: 0 0 %, local: 0 %
I0312 03:18:13.385977 160424 Coordinator.h:126] commit: 758097 abort: 3759 (0/3759/0), network size: 0, avg network size: 0, si_in_serializable: 0 0 %, local: 0 %
I0312 03:18:14.386111 160424 Coordinator.h:126] commit: 757029 abort: 3803 (0/3803/0), network size: 0, avg network size: 0, si_in_serializable: 0 0 %, local: 0 %
I0312 03:18:15.386247 160424 Coordinator.h:126] commit: 758181 abort: 3675 (0/3675/0), network size: 0, avg network size: 0, si_in_serializable: 0 0 %, local: 0 %
I0312 03:18:16.386382 160424 Coordinator.h:126] commit: 757059 abort: 3773 (0/3773/0), network size: 0, avg network size: 0, si_in_serializable: 0 0 %, local: 0 %
I0312 03:18:17.386513 160424 Coordinator.h:126] commit: 755145 abort: 3639 (0/3639/0), network size: 0, avg network size: 0, si_in_serializable: 0 0 %, local: 0 %
I0312 03:18:18.386648 160424 Coordinator.h:126] commit: 752035 abort: 3677 (0/3677/0), network size: 0, avg network size: 0, si_in_serializable: 0 0 %, local: 0 %
I0312 03:18:19.386786 160424 Coordinator.h:126] commit: 758150 abort: 3706 (0/3706/0), network size: 0, avg network size: 0, si_in_serializable: 0 0 %, local: 0 %
I0312 03:18:20.386963 160424 Coordinator.h:126] commit: 755063 abort: 3721 (0/3721/0), network size: 0, avg network size: 0, si_in_serializable: 0 0 %, local: 0 %
I0312 03:18:21.387113 160424 Coordinator.h:126] commit: 757173 abort: 3659 (0/3659/0), network size: 0, avg network size: 0, si_in_serializable: 0 0 %, local: 0 %
I0312 03:18:22.387245 160424 Coordinator.h:126] commit: 756083 abort: 3725 (0/3725/0), network size: 0, avg network size: 0, si_in_serializable: 0 0 %, local: 0 %
I0312 03:18:23.387385 160424 Coordinator.h:126] commit: 721393 abort: 3599 (0/3599/0), network size: 0, avg network size: 0, si_in_serializable: 0 0 %, local: 0 %
I0312 03:18:24.387518 160424 Coordinator.h:126] commit: 757115 abort: 3717 (0/3717/0), network size: 0, avg network size: 0, si_in_serializable: 0 0 %, local: 0 %
I0312 03:18:25.387650 160424 Coordinator.h:126] commit: 758136 abort: 3720 (0/3720/0), network size: 0, avg network size: 0, si_in_serializable: 0 0 %, local: 0 %
I0312 03:18:25.387701 160424 Coordinator.h:152] average commit: 754974 abort: 3707.8 (0/3707.8/0), network size: 0, avg network size: 0, si_in_serializable: 0 0 %, local: 0 %
I0312 03:18:25.387746 160472 AriaExecutor.h:94] AriaExecutor 12 exits. 
I0312 03:18:25.387756 160488 AriaExecutor.h:94] AriaExecutor 28 exits. 
I0312 03:18:25.387748 160470 AriaExecutor.h:94] AriaExecutor 10 exits. 
I0312 03:18:25.387749 160467 AriaExecutor.h:94] AriaExecutor 7 exits. 
I0312 03:18:25.387755 160475 AriaExecutor.h:94] AriaExecutor 15 exits. 
I0312 03:18:25.387751 160479 AriaExecutor.h:94] AriaExecutor 19 exits. 
I0312 03:18:25.387811 160492 Manager.h:227] Manager(worker id = 32) on the coordinator node exits.
I0312 03:18:25.387754 160478 AriaExecutor.h:94] AriaExecutor 18 exits. 
I0312 03:18:25.387759 160489 AriaExecutor.h:94] AriaExecutor 29 exits. 
I0312 03:18:25.387754 160463 AriaExecutor.h:94] AriaExecutor 3 exits. 
I0312 03:18:25.387756 160483 AriaExecutor.h:94] AriaExecutor 23 exits. 
I0312 03:18:25.387756 160469 AriaExecutor.h:94] AriaExecutor 9 exits. 
I0312 03:18:25.387758 160481 AriaExecutor.h:94] AriaExecutor 21 exits. 
I0312 03:18:25.387753 160480 AriaExecutor.h:94] AriaExecutor 20 exits. 
I0312 03:18:25.387758 160465 AriaExecutor.h:94] AriaExecutor 5 exits. 
I0312 03:18:25.387760 160474 AriaExecutor.h:94] AriaExecutor 14 exits. 
I0312 03:18:25.387773 160490 AriaExecutor.h:94] AriaExecutor 30 exits. 
I0312 03:18:25.387777 160491 AriaExecutor.h:94] AriaExecutor 31 exits. 
I0312 03:18:25.387753 160476 AriaExecutor.h:94] AriaExecutor 16 exits. 
I0312 03:18:25.387748 160464 AriaExecutor.h:94] AriaExecutor 4 exits. 
I0312 03:18:25.387751 160471 AriaExecutor.h:94] AriaExecutor 11 exits. 
I0312 03:18:25.387754 160486 AriaExecutor.h:94] AriaExecutor 26 exits. 
I0312 03:18:25.387751 160477 AriaExecutor.h:94] AriaExecutor 17 exits. 
I0312 03:18:25.387801 160484 AriaExecutor.h:94] AriaExecutor 24 exits. 
I0312 03:18:25.387755 160466 AriaExecutor.h:94] AriaExecutor 6 exits. 
I0312 03:18:25.387746 160468 AriaExecutor.h:94] AriaExecutor 8 exits. 
I0312 03:18:25.387753 160485 AriaExecutor.h:94] AriaExecutor 25 exits. 
I0312 03:18:25.387758 160482 AriaExecutor.h:94] AriaExecutor 22 exits. 
I0312 03:18:25.387746 160462 AriaExecutor.h:94] AriaExecutor 2 exits. 
I0312 03:18:25.387779 160473 AriaExecutor.h:94] AriaExecutor 13 exits. 
I0312 03:18:25.387748 160460 AriaExecutor.h:94] AriaExecutor 0 exits. 
I0312 03:18:25.387751 160487 AriaExecutor.h:94] AriaExecutor 27 exits. 
I0312 03:18:25.387751 160461 AriaExecutor.h:94] AriaExecutor 1 exits. 
I0312 03:18:25.387718 160424 AriaExecutor.h:535] Worker 0 latency: 811 us (50%) 1063 us (75%) 1265 us (95%) 1317 us (99%).
I0312 03:18:25.415154 160424 AriaExecutor.h:535] Worker 1 latency: 999 us (50%) 1149 us (75%) 1271 us (95%) 1313 us (99%).
I0312 03:18:25.440709 160424 AriaExecutor.h:535] Worker 2 latency: 999 us (50%) 1149 us (75%) 1271 us (95%) 1313 us (99%).
I0312 03:18:25.466058 160424 AriaExecutor.h:535] Worker 3 latency: 999 us (50%) 1149 us (75%) 1271 us (95%) 1313 us (99%).
I0312 03:18:25.491582 160424 AriaExecutor.h:535] Worker 4 latency: 998 us (50%) 1149 us (75%) 1271 us (95%) 1313 us (99%).
I0312 03:18:25.517103 160424 AriaExecutor.h:535] Worker 5 latency: 998 us (50%) 1148 us (75%) 1271 us (95%) 1313 us (99%).
I0312 03:18:25.542452 160424 AriaExecutor.h:535] Worker 6 latency: 999 us (50%) 1149 us (75%) 1271 us (95%) 1313 us (99%).
I0312 03:18:25.568051 160424 AriaExecutor.h:535] Worker 7 latency: 998 us (50%) 1149 us (75%) 1271 us (95%) 1313 us (99%).
I0312 03:18:25.593415 160424 AriaExecutor.h:535] Worker 8 latency: 997 us (50%) 1148 us (75%) 1271 us (95%) 1313 us (99%).
I0312 03:18:25.619048 160424 AriaExecutor.h:535] Worker 9 latency: 997 us (50%) 1148 us (75%) 1271 us (95%) 1313 us (99%).
I0312 03:18:25.644788 160424 AriaExecutor.h:535] Worker 10 latency: 997 us (50%) 1148 us (75%) 1271 us (95%) 1313 us (99%).
I0312 03:18:25.670248 160424 AriaExecutor.h:535] Worker 11 latency: 997 us (50%) 1148 us (75%) 1271 us (95%) 1313 us (99%).
I0312 03:18:25.695533 160424 AriaExecutor.h:535] Worker 12 latency: 997 us (50%) 1148 us (75%) 1271 us (95%) 1313 us (99%).
I0312 03:18:25.722307 160424 AriaExecutor.h:535] Worker 13 latency: 997 us (50%) 1148 us (75%) 1271 us (95%) 1313 us (99%).
I0312 03:18:25.748641 160424 AriaExecutor.h:535] Worker 14 latency: 995 us (50%) 1147 us (75%) 1271 us (95%) 1313 us (99%).
I0312 03:18:25.773772 160424 AriaExecutor.h:535] Worker 15 latency: 995 us (50%) 1147 us (75%) 1271 us (95%) 1312 us (99%).
I0312 03:18:25.798936 160424 AriaExecutor.h:535] Worker 16 latency: 997 us (50%) 1148 us (75%) 1271 us (95%) 1313 us (99%).
I0312 03:18:25.824899 160424 AriaExecutor.h:535] Worker 17 latency: 998 us (50%) 1148 us (75%) 1271 us (95%) 1313 us (99%).
I0312 03:18:25.850064 160424 AriaExecutor.h:535] Worker 18 latency: 997 us (50%) 1148 us (75%) 1271 us (95%) 1313 us (99%).
I0312 03:18:25.875299 160424 AriaExecutor.h:535] Worker 19 latency: 997 us (50%) 1148 us (75%) 1271 us (95%) 1313 us (99%).
I0312 03:18:25.900704 160424 AriaExecutor.h:535] Worker 20 latency: 997 us (50%) 1148 us (75%) 1271 us (95%) 1313 us (99%).
I0312 03:18:25.925596 160424 AriaExecutor.h:535] Worker 21 latency: 998 us (50%) 1148 us (75%) 1271 us (95%) 1313 us (99%).
I0312 03:18:25.950730 160424 AriaExecutor.h:535] Worker 22 latency: 997 us (50%) 1148 us (75%) 1271 us (95%) 1313 us (99%).
I0312 03:18:25.975780 160424 AriaExecutor.h:535] Worker 23 latency: 997 us (50%) 1148 us (75%) 1271 us (95%) 1312 us (99%).
I0312 03:18:26.000805 160424 AriaExecutor.h:535] Worker 24 latency: 997 us (50%) 1148 us (75%) 1271 us (95%) 1312 us (99%).
I0312 03:18:26.025918 160424 AriaExecutor.h:535] Worker 25 latency: 996 us (50%) 1148 us (75%) 1271 us (95%) 1313 us (99%).
I0312 03:18:26.051371 160424 AriaExecutor.h:535] Worker 26 latency: 997 us (50%) 1148 us (75%) 1271 us (95%) 1313 us (99%).
I0312 03:18:26.076409 160424 AriaExecutor.h:535] Worker 27 latency: 996 us (50%) 1147 us (75%) 1271 us (95%) 1313 us (99%).
I0312 03:18:26.102028 160424 AriaExecutor.h:535] Worker 28 latency: 996 us (50%) 1147 us (75%) 1271 us (95%) 1312 us (99%).
I0312 03:18:26.128185 160424 AriaExecutor.h:535] Worker 29 latency: 981 us (50%) 1140 us (75%) 1269 us (95%) 1312 us (99%).
I0312 03:18:26.153661 160424 AriaExecutor.h:535] Worker 30 latency: 995 us (50%) 1147 us (75%) 1271 us (95%) 1313 us (99%).
I0312 03:18:26.178969 160424 AriaExecutor.h:535] Worker 31 latency: 996 us (50%) 1147 us (75%) 1271 us (95%) 1313 us (99%).
I0312 03:18:26.205029 160424 Coordinator.h:177] total commit: 754974
I0312 03:18:27.205260 160424 Coordinator.h:192] Coordinator exits.
