I0312 07:13:17.361205 215089 Database.h:65] ycsb initialization finished in 100 milliseconds.
I0312 07:13:17.361439 215089 Coordinator.h:30] Coordinator initializes 32 workers.
I0312 07:13:17.421691 215089 Coordinator.h:77] Coordinator starts to run 33 workers.
I0312 07:13:17.421802 215125 AriaExecutor.h:91] AriaExecutor 0 started. 
I0312 07:13:17.421830 215126 AriaExecutor.h:91] AriaExecutor 1 started. 
I0312 07:13:17.421919 215127 AriaExecutor.h:91] AriaExecutor 2 started. 
I0312 07:13:17.421995 215128 AriaExecutor.h:91] AriaExecutor 3 started. 
I0312 07:13:17.422072 215129 AriaExecutor.h:91] AriaExecutor 4 started. 
I0312 07:13:17.422127 215130 AriaExecutor.h:91] AriaExecutor 5 started. 
I0312 07:13:17.422204 215131 AriaExecutor.h:91] AriaExecutor 6 started. 
I0312 07:13:17.422288 215132 AriaExecutor.h:91] AriaExecutor 7 started. 
I0312 07:13:17.422387 215133 AriaExecutor.h:91] AriaExecutor 8 started. 
I0312 07:13:17.422487 215134 AriaExecutor.h:91] AriaExecutor 9 started. 
I0312 07:13:17.422595 215135 AriaExecutor.h:91] AriaExecutor 10 started. 
I0312 07:13:17.422698 215136 AriaExecutor.h:91] AriaExecutor 11 started. 
I0312 07:13:17.422765 215137 AriaExecutor.h:91] AriaExecutor 12 started. 
I0312 07:13:17.423048 215138 AriaExecutor.h:91] AriaExecutor 13 started. 
I0312 07:13:17.423213 215139 AriaExecutor.h:91] AriaExecutor 14 started. 
I0312 07:13:17.423360 215140 AriaExecutor.h:91] AriaExecutor 15 started. 
I0312 07:13:17.423517 215141 AriaExecutor.h:91] AriaExecutor 16 started. 
I0312 07:13:17.423674 215142 AriaExecutor.h:91] AriaExecutor 17 started. 
I0312 07:13:17.423822 215143 AriaExecutor.h:91] AriaExecutor 18 started. 
I0312 07:13:17.423959 215144 AriaExecutor.h:91] AriaExecutor 19 started. 
I0312 07:13:17.424105 215145 AriaExecutor.h:91] AriaExecutor 20 started. 
I0312 07:13:17.424261 215146 AriaExecutor.h:91] AriaExecutor 21 started. 
I0312 07:13:17.424400 215147 AriaExecutor.h:91] AriaExecutor 22 started. 
I0312 07:13:17.424552 215148 AriaExecutor.h:91] AriaExecutor 23 started. 
I0312 07:13:17.424726 215149 AriaExecutor.h:91] AriaExecutor 24 started. 
I0312 07:13:17.424901 215150 AriaExecutor.h:91] AriaExecutor 25 started. 
I0312 07:13:17.425086 215151 AriaExecutor.h:91] AriaExecutor 26 started. 
I0312 07:13:17.425261 215152 AriaExecutor.h:91] AriaExecutor 27 started. 
I0312 07:13:17.425419 215153 AriaExecutor.h:91] AriaExecutor 28 started. 
I0312 07:13:17.425603 215154 AriaExecutor.h:91] AriaExecutor 29 started. 
I0312 07:13:17.425822 215155 AriaExecutor.h:91] AriaExecutor 30 started. 
I0312 07:13:17.425987 215156 AriaExecutor.h:91] AriaExecutor 31 started. 
I0312 07:13:17.426196 215157 Manager.h:224] Manager(worker id = 32) on the coordinator node started.
I0312 07:13:18.426250 215089 Coordinator.h:126] commit: 1268 abort: 105228 (0/105228/0), network size: 0, avg network size: 0, si_in_serializable: 0 0 %, local: 0 %
I0312 07:13:19.426411 215089 Coordinator.h:126] commit: 1310 abort: 107234 (0/107234/0), network size: 0, avg network size: 0, si_in_serializable: 0 0 %, local: 0 %
I0312 07:13:20.426555 215089 Coordinator.h:126] commit: 1278 abort: 105218 (0/105218/0), network size: 0, avg network size: 0, si_in_serializable: 0 0 %, local: 0 %
I0312 07:13:21.426812 215089 Coordinator.h:126] commit: 1305 abort: 107239 (0/107239/0), network size: 0, avg network size: 0, si_in_serializable: 0 0 %, local: 0 %
I0312 07:13:22.426986 215089 Coordinator.h:126] commit: 1292 abort: 105204 (0/105204/0), network size: 0, avg network size: 0, si_in_serializable: 0 0 %, local: 0 %
I0312 07:13:23.427130 215089 Coordinator.h:126] commit: 1317 abort: 107227 (0/107227/0), network size: 0, avg network size: 0, si_in_serializable: 0 0 %, local: 0 %
I0312 07:13:24.427269 215089 Coordinator.h:126] commit: 1260 abort: 103188 (0/103188/0), network size: 0, avg network size: 0, si_in_serializable: 0 0 %, local: 0 %
I0312 07:13:25.427407 215089 Coordinator.h:126] commit: 1307 abort: 105189 (0/105189/0), network size: 0, avg network size: 0, si_in_serializable: 0 0 %, local: 0 %
I0312 07:13:26.427548 215089 Coordinator.h:126] commit: 1267 abort: 105229 (0/105229/0), network size: 0, avg network size: 0, si_in_serializable: 0 0 %, local: 0 %
I0312 07:13:27.427680 215089 Coordinator.h:126] commit: 1245 abort: 105251 (0/105251/0), network size: 0, avg network size: 0, si_in_serializable: 0 0 %, local: 0 %
I0312 07:13:28.427860 215089 Coordinator.h:126] commit: 1291 abort: 105205 (0/105205/0), network size: 0, avg network size: 0, si_in_serializable: 0 0 %, local: 0 %
I0312 07:13:29.428015 215089 Coordinator.h:126] commit: 1289 abort: 105207 (0/105207/0), network size: 0, avg network size: 0, si_in_serializable: 0 0 %, local: 0 %
I0312 07:13:30.428160 215089 Coordinator.h:126] commit: 1338 abort: 105158 (0/105158/0), network size: 0, avg network size: 0, si_in_serializable: 0 0 %, local: 0 %
I0312 07:13:31.428298 215089 Coordinator.h:126] commit: 1231 abort: 105265 (0/105265/0), network size: 0, avg network size: 0, si_in_serializable: 0 0 %, local: 0 %
I0312 07:13:32.428435 215089 Coordinator.h:126] commit: 1265 abort: 103183 (0/103183/0), network size: 0, avg network size: 0, si_in_serializable: 0 0 %, local: 0 %
I0312 07:13:33.428572 215089 Coordinator.h:126] commit: 1261 abort: 103187 (0/103187/0), network size: 0, avg network size: 0, si_in_serializable: 0 0 %, local: 0 %
I0312 07:13:34.428715 215089 Coordinator.h:126] commit: 1322 abort: 105174 (0/105174/0), network size: 0, avg network size: 0, si_in_serializable: 0 0 %, local: 0 %
I0312 07:13:35.428848 215089 Coordinator.h:126] commit: 1279 abort: 105217 (0/105217/0), network size: 0, avg network size: 0, si_in_serializable: 0 0 %, local: 0 %
I0312 07:13:36.428985 215089 Coordinator.h:126] commit: 1240 abort: 103208 (0/103208/0), network size: 0, avg network size: 0, si_in_serializable: 0 0 %, local: 0 %
I0312 07:13:37.429123 215089 Coordinator.h:126] commit: 1256 abort: 103192 (0/103192/0), network size: 0, avg network size: 0, si_in_serializable: 0 0 %, local: 0 %
I0312 07:13:38.429306 215089 Coordinator.h:126] commit: 1269 abort: 105227 (0/105227/0), network size: 0, avg network size: 0, si_in_serializable: 0 0 %, local: 0 %
I0312 07:13:39.429459 215089 Coordinator.h:126] commit: 1271 abort: 103177 (0/103177/0), network size: 0, avg network size: 0, si_in_serializable: 0 0 %, local: 0 %
I0312 07:13:40.429595 215089 Coordinator.h:126] commit: 1220 abort: 103228 (0/103228/0), network size: 0, avg network size: 0, si_in_serializable: 0 0 %, local: 0 %
I0312 07:13:41.429737 215089 Coordinator.h:126] commit: 1307 abort: 105189 (0/105189/0), network size: 0, avg network size: 0, si_in_serializable: 0 0 %, local: 0 %
I0312 07:13:42.429879 215089 Coordinator.h:126] commit: 1268 abort: 103180 (0/103180/0), network size: 0, avg network size: 0, si_in_serializable: 0 0 %, local: 0 %
I0312 07:13:42.429932 215089 Coordinator.h:152] average commit: 1277.2 abort: 104400 (0/104400/0), network size: 0, avg network size: 0, si_in_serializable: 0 0 %, local: 0 %
I0312 07:13:42.429948 215089 AriaExecutor.h:649] Worker 0 latency: 19175 us (50%) 19344 us (75%) 19571 us (95%) 19866 us (99%).
I0312 07:13:42.440418 215136 AriaExecutor.h:103] AriaExecutor 11 exits. 
I0312 07:13:42.440424 215139 AriaExecutor.h:103] AriaExecutor 14 exits. 
I0312 07:13:42.440441 215138 AriaExecutor.h:103] AriaExecutor 13 exits. 
I0312 07:13:42.440452 215150 AriaExecutor.h:103] AriaExecutor 25 exits. 
I0312 07:13:42.440426 215151 AriaExecutor.h:103] AriaExecutor 26 exits. 
I0312 07:13:42.440438 215140 AriaExecutor.h:103] AriaExecutor 15 exits. 
I0312 07:13:42.440426 215137 AriaExecutor.h:103] AriaExecutor 12 exits. 
I0312 07:13:42.440430 215129 AriaExecutor.h:103] AriaExecutor 4 exits. 
I0312 07:13:42.440438 215127 AriaExecutor.h:103] AriaExecutor 2 exits. 
I0312 07:13:42.440429 215146 AriaExecutor.h:103] AriaExecutor 21 exits. 
I0312 07:13:42.440431 215141 AriaExecutor.h:103] AriaExecutor 16 exits. 
I0312 07:13:42.440465 215157 Manager.h:227] Manager(worker id = 32) on the coordinator node exits.
I0312 07:13:42.440435 215144 AriaExecutor.h:103] AriaExecutor 19 exits. 
I0312 07:13:42.440436 215143 AriaExecutor.h:103] AriaExecutor 18 exits. 
I0312 07:13:42.440424 215153 AriaExecutor.h:103] AriaExecutor 28 exits. 
I0312 07:13:42.440431 215128 AriaExecutor.h:103] AriaExecutor 3 exits. 
I0312 07:13:42.440441 215126 AriaExecutor.h:103] AriaExecutor 1 exits. 
I0312 07:13:42.440428 215152 AriaExecutor.h:103] AriaExecutor 27 exits. 
I0312 07:13:42.440421 215134 AriaExecutor.h:103] AriaExecutor 9 exits. 
I0312 07:13:42.440435 215125 AriaExecutor.h:103] AriaExecutor 0 exits. 
I0312 07:13:42.440450 215148 AriaExecutor.h:103] AriaExecutor 23 exits. 
I0312 07:13:42.440429 215155 AriaExecutor.h:103] AriaExecutor 30 exits. 
I0312 07:13:42.440433 215133 AriaExecutor.h:103] AriaExecutor 8 exits. 
I0312 07:13:42.440441 215131 AriaExecutor.h:103] AriaExecutor 6 exits. 
I0312 07:13:42.440438 215147 AriaExecutor.h:103] AriaExecutor 22 exits. 
I0312 07:13:42.440423 215135 AriaExecutor.h:103] AriaExecutor 10 exits. 
I0312 07:13:42.440421 215130 AriaExecutor.h:103] AriaExecutor 5 exits. 
I0312 07:13:42.440428 215145 AriaExecutor.h:103] AriaExecutor 20 exits. 
I0312 07:13:42.440425 215154 AriaExecutor.h:103] AriaExecutor 29 exits. 
I0312 07:13:42.440441 215132 AriaExecutor.h:103] AriaExecutor 7 exits. 
I0312 07:13:42.440426 215142 AriaExecutor.h:103] AriaExecutor 17 exits. 
I0312 07:13:42.440428 215149 AriaExecutor.h:103] AriaExecutor 24 exits. 
I0312 07:13:42.440429 215156 AriaExecutor.h:103] AriaExecutor 31 exits. 
I0312 07:13:42.440896 215089 AriaExecutor.h:649] Worker 1 latency: 19195 us (50%) 19347 us (75%) 19557 us (95%) 19859 us (99%).
I0312 07:13:42.441036 215089 AriaExecutor.h:649] Worker 2 latency: 19169 us (50%) 19337 us (75%) 19565 us (95%) 19844 us (99%).
I0312 07:13:42.441126 215089 AriaExecutor.h:649] Worker 3 latency: 19172 us (50%) 19342 us (75%) 19553 us (95%) 19924 us (99%).
I0312 07:13:42.441207 215089 AriaExecutor.h:649] Worker 4 latency: 19171 us (50%) 19335 us (75%) 19559 us (95%) 20252 us (99%).
I0312 07:13:42.441322 215089 AriaExecutor.h:649] Worker 5 latency: 19169 us (50%) 19334 us (75%) 19559 us (95%) 20356 us (99%).
I0312 07:13:42.441412 215089 AriaExecutor.h:649] Worker 6 latency: 19176 us (50%) 19335 us (75%) 19552 us (95%) 19762 us (99%).
I0312 07:13:42.441500 215089 AriaExecutor.h:649] Worker 7 latency: 19160 us (50%) 19336 us (75%) 19557 us (95%) 19782 us (99%).
I0312 07:13:42.441581 215089 AriaExecutor.h:649] Worker 8 latency: 19190 us (50%) 19344 us (75%) 19573 us (95%) 20674 us (99%).
I0312 07:13:42.441663 215089 AriaExecutor.h:649] Worker 9 latency: 19152 us (50%) 19322 us (75%) 19565 us (95%) 19855 us (99%).
I0312 07:13:42.441733 215089 AriaExecutor.h:649] Worker 10 latency: 19166 us (50%) 19336 us (75%) 19556 us (95%) 19888 us (99%).
I0312 07:13:42.441807 215089 AriaExecutor.h:649] Worker 11 latency: 19156 us (50%) 19330 us (75%) 19536 us (95%) 19698 us (99%).
I0312 07:13:42.441875 215089 AriaExecutor.h:649] Worker 12 latency: 19172 us (50%) 19329 us (75%) 19548 us (95%) 19723 us (99%).
I0312 07:13:42.441941 215089 AriaExecutor.h:649] Worker 13 latency: 19178 us (50%) 19339 us (75%) 19574 us (95%) 20346 us (99%).
I0312 07:13:42.442008 215089 AriaExecutor.h:649] Worker 14 latency: 19138 us (50%) 19321 us (75%) 19539 us (95%) 19770 us (99%).
I0312 07:13:42.442072 215089 AriaExecutor.h:649] Worker 15 latency: 19151 us (50%) 19316 us (75%) 19526 us (95%) 19822 us (99%).
I0312 07:13:42.442131 215089 AriaExecutor.h:649] Worker 16 latency: 19166 us (50%) 19328 us (75%) 19546 us (95%) 19740 us (99%).
I0312 07:13:42.442193 215089 AriaExecutor.h:649] Worker 17 latency: 19152 us (50%) 19314 us (75%) 19534 us (95%) 19703 us (99%).
I0312 07:13:42.442253 215089 AriaExecutor.h:649] Worker 18 latency: 19164 us (50%) 19329 us (75%) 19546 us (95%) 19826 us (99%).
I0312 07:13:42.442310 215089 AriaExecutor.h:649] Worker 19 latency: 19163 us (50%) 19324 us (75%) 19532 us (95%) 19771 us (99%).
I0312 07:13:42.442366 215089 AriaExecutor.h:649] Worker 20 latency: 19161 us (50%) 19330 us (75%) 19529 us (95%) 19671 us (99%).
I0312 07:13:42.442418 215089 AriaExecutor.h:649] Worker 21 latency: 19153 us (50%) 19334 us (75%) 19538 us (95%) 19706 us (99%).
I0312 07:13:42.442469 215089 AriaExecutor.h:649] Worker 22 latency: 19148 us (50%) 19322 us (75%) 19556 us (95%) 19752 us (99%).
I0312 07:13:42.442520 215089 AriaExecutor.h:649] Worker 23 latency: 19148 us (50%) 19320 us (75%) 19528 us (95%) 19675 us (99%).
I0312 07:13:42.442569 215089 AriaExecutor.h:649] Worker 24 latency: 19162 us (50%) 19316 us (75%) 19570 us (95%) 19994 us (99%).
I0312 07:13:42.442616 215089 AriaExecutor.h:649] Worker 25 latency: 19169 us (50%) 19339 us (75%) 19573 us (95%) 19766 us (99%).
I0312 07:13:42.442665 215089 AriaExecutor.h:649] Worker 26 latency: 19136 us (50%) 19305 us (75%) 19558 us (95%) 19986 us (99%).
I0312 07:13:42.442708 215089 AriaExecutor.h:649] Worker 27 latency: 19136 us (50%) 19336 us (75%) 19578 us (95%) 20898 us (99%).
I0312 07:13:42.442754 215089 AriaExecutor.h:649] Worker 28 latency: 19149 us (50%) 19322 us (75%) 19539 us (95%) 19920 us (99%).
I0312 07:13:42.442802 215089 AriaExecutor.h:649] Worker 29 latency: 19139 us (50%) 19315 us (75%) 19568 us (95%) 19841 us (99%).
I0312 07:13:42.442844 215089 AriaExecutor.h:649] Worker 30 latency: 19136 us (50%) 19311 us (75%) 19577 us (95%) 20356 us (99%).
I0312 07:13:42.442888 215089 AriaExecutor.h:649] Worker 31 latency: 19150 us (50%) 19313 us (75%) 19520 us (95%) 19666 us (99%).
I0312 07:13:42.442942 215089 Coordinator.h:177] total commit: 1277.2
I0312 07:13:43.443167 215089 Coordinator.h:192] Coordinator exits.
