I0312 07:59:58.866530 234728 Database.h:65] ycsb initialization finished in 102 milliseconds.
I0312 07:59:58.866748 234728 Coordinator.h:30] Coordinator initializes 62 workers.
I0312 07:59:58.927507 234728 Coordinator.h:77] Coordinator starts to run 63 workers.
I0312 07:59:58.927584 234794 AriaExecutor.h:91] AriaExecutor 0 started. 
I0312 07:59:58.927662 234795 AriaExecutor.h:91] AriaExecutor 1 started. 
I0312 07:59:58.927696 234796 AriaExecutor.h:91] AriaExecutor 2 started. 
I0312 07:59:58.927762 234797 AriaExecutor.h:91] AriaExecutor 3 started. 
I0312 07:59:58.927825 234798 AriaExecutor.h:91] AriaExecutor 4 started. 
I0312 07:59:58.927883 234799 AriaExecutor.h:91] AriaExecutor 5 started. 
I0312 07:59:58.927934 234800 AriaExecutor.h:91] AriaExecutor 6 started. 
I0312 07:59:58.928006 234801 AriaExecutor.h:91] AriaExecutor 7 started. 
I0312 07:59:58.928095 234802 AriaExecutor.h:91] AriaExecutor 8 started. 
I0312 07:59:58.928171 234803 AriaExecutor.h:91] AriaExecutor 9 started. 
I0312 07:59:58.928400 234804 AriaExecutor.h:91] AriaExecutor 10 started. 
I0312 07:59:58.928562 234805 AriaExecutor.h:91] AriaExecutor 11 started. 
I0312 07:59:58.928726 234806 AriaExecutor.h:91] AriaExecutor 12 started. 
I0312 07:59:58.928891 234807 AriaExecutor.h:91] AriaExecutor 13 started. 
I0312 07:59:58.929056 234808 AriaExecutor.h:91] AriaExecutor 14 started. 
I0312 07:59:58.929250 234809 AriaExecutor.h:91] AriaExecutor 15 started. 
I0312 07:59:58.929414 234810 AriaExecutor.h:91] AriaExecutor 16 started. 
I0312 07:59:58.929605 234811 AriaExecutor.h:91] AriaExecutor 17 started. 
I0312 07:59:58.929761 234812 AriaExecutor.h:91] AriaExecutor 18 started. 
I0312 07:59:58.929934 234813 AriaExecutor.h:91] AriaExecutor 19 started. 
I0312 07:59:58.930099 234814 AriaExecutor.h:91] AriaExecutor 20 started. 
I0312 07:59:58.930295 234815 AriaExecutor.h:91] AriaExecutor 21 started. 
I0312 07:59:58.930486 234816 AriaExecutor.h:91] AriaExecutor 22 started. 
I0312 07:59:58.930670 234817 AriaExecutor.h:91] AriaExecutor 23 started. 
I0312 07:59:58.930858 234818 AriaExecutor.h:91] AriaExecutor 24 started. 
I0312 07:59:58.931037 234819 AriaExecutor.h:91] AriaExecutor 25 started. 
I0312 07:59:58.931212 234820 AriaExecutor.h:91] AriaExecutor 26 started. 
I0312 07:59:58.931394 234821 AriaExecutor.h:91] AriaExecutor 27 started. 
I0312 07:59:58.931599 234822 AriaExecutor.h:91] AriaExecutor 28 started. 
I0312 07:59:58.931783 234823 AriaExecutor.h:91] AriaExecutor 29 started. 
I0312 07:59:58.931982 234824 AriaExecutor.h:91] AriaExecutor 30 started. 
I0312 07:59:58.932192 234825 AriaExecutor.h:91] AriaExecutor 31 started. 
I0312 07:59:58.932395 234826 AriaExecutor.h:91] AriaExecutor 32 started. 
I0312 07:59:58.932582 234827 AriaExecutor.h:91] AriaExecutor 33 started. 
I0312 07:59:58.932765 234828 AriaExecutor.h:91] AriaExecutor 34 started. 
I0312 07:59:58.932945 234829 AriaExecutor.h:91] AriaExecutor 35 started. 
I0312 07:59:58.933138 234830 AriaExecutor.h:91] AriaExecutor 36 started. 
I0312 07:59:58.933336 234831 AriaExecutor.h:91] AriaExecutor 37 started. 
I0312 07:59:58.933535 234832 AriaExecutor.h:91] AriaExecutor 38 started. 
I0312 07:59:58.933732 234833 AriaExecutor.h:91] AriaExecutor 39 started. 
I0312 07:59:58.933848 234834 AriaExecutor.h:91] AriaExecutor 40 started. 
I0312 07:59:58.934021 234835 AriaExecutor.h:91] AriaExecutor 41 started. 
I0312 07:59:58.934213 234836 AriaExecutor.h:91] AriaExecutor 42 started. 
I0312 07:59:58.934394 234837 AriaExecutor.h:91] AriaExecutor 43 started. 
I0312 07:59:58.934762 234839 AriaExecutor.h:91] AriaExecutor 45 started. 
I0312 07:59:58.934942 234840 AriaExecutor.h:91] AriaExecutor 46 started. 
I0312 07:59:58.935120 234841 AriaExecutor.h:91] AriaExecutor 47 started. 
I0312 07:59:58.935312 234842 AriaExecutor.h:91] AriaExecutor 48 started. 
I0312 07:59:58.935487 234843 AriaExecutor.h:91] AriaExecutor 49 started. 
I0312 07:59:58.935657 234844 AriaExecutor.h:91] AriaExecutor 50 started. 
I0312 07:59:58.935835 234845 AriaExecutor.h:91] AriaExecutor 51 started. 
I0312 07:59:58.936010 234846 AriaExecutor.h:91] AriaExecutor 52 started. 
I0312 07:59:58.936226 234847 AriaExecutor.h:91] AriaExecutor 53 started. 
I0312 07:59:58.936466 234848 AriaExecutor.h:91] AriaExecutor 54 started. 
I0312 07:59:58.936686 234849 AriaExecutor.h:91] AriaExecutor 55 started. 
I0312 07:59:58.936909 234850 AriaExecutor.h:91] AriaExecutor 56 started. 
I0312 07:59:58.937131 234851 AriaExecutor.h:91] AriaExecutor 57 started. 
I0312 07:59:58.937283 234852 AriaExecutor.h:91] AriaExecutor 58 started. 
I0312 07:59:58.937450 234853 AriaExecutor.h:91] AriaExecutor 59 started. 
F0312 07:59:58.937927 234728 Coordinator.h:355] Check failed: rc == 0 
*** Check failure stack trace: ***
    @     0x7f5e9058bb03  google::LogMessage::Fail()
I0312 07:59:58.940261 234838 AriaExecutor.h:91] AriaExecutor 44 started. 
    @     0x7f5e905939d1  google::LogMessage::SendToLog()
    @     0x7f5e9058b7c2  google::LogMessage::Flush()
I0312 07:59:58.942641 234856 Manager.h:224] Manager(worker id = 62) on the coordinator node started.
I0312 07:59:58.943245 234854 AriaExecutor.h:91] AriaExecutor 60 started. 
    @     0x7f5e9058d78f  google::LogMessageFatal::~LogMessageFatal()
    @     0x563bb2d22c53  aria::Coordinator::pin_thread_to_core()
    @     0x563bb2d3151b  aria::Coordinator::start()
    @     0x563bb2d10fe8  main
    @     0x7f5e9001ed90  (unknown)
I0312 07:59:58.948261 234855 AriaExecutor.h:91] AriaExecutor 61 started. 
    @     0x7f5e9001ee40  __libc_start_main
    @     0x563bb2d11f55  _start
    @              (nil)  (unknown)
