I0312 03:55:30.534152 168359 Database.h:65] ycsb initialization finished in 102 milliseconds.
I0312 03:55:30.534386 168359 Coordinator.h:30] Coordinator initializes 48 workers.
I0312 03:55:30.571324 168359 Coordinator.h:77] Coordinator starts to run 49 workers.
I0312 03:55:30.571413 168411 AriaExecutor.h:82] AriaExecutor 0 started. 
I0312 03:55:30.571460 168412 AriaExecutor.h:82] AriaExecutor 1 started. 
I0312 03:55:30.571571 168413 AriaExecutor.h:82] AriaExecutor 2 started. 
I0312 03:55:30.571681 168414 AriaExecutor.h:82] AriaExecutor 3 started. 
I0312 03:55:30.571761 168415 AriaExecutor.h:82] AriaExecutor 4 started. 
I0312 03:55:30.571853 168416 AriaExecutor.h:82] AriaExecutor 5 started. 
I0312 03:55:30.571964 168417 AriaExecutor.h:82] AriaExecutor 6 started. 
I0312 03:55:30.572062 168418 AriaExecutor.h:82] AriaExecutor 7 started. 
I0312 03:55:30.572154 168419 AriaExecutor.h:82] AriaExecutor 8 started. 
I0312 03:55:30.572288 168420 AriaExecutor.h:82] AriaExecutor 9 started. 
I0312 03:55:30.572365 168421 AriaExecutor.h:82] AriaExecutor 10 started. 
I0312 03:55:30.572453 168422 AriaExecutor.h:82] AriaExecutor 11 started. 
I0312 03:55:30.572573 168423 AriaExecutor.h:82] AriaExecutor 12 started. 
I0312 03:55:30.572679 168424 AriaExecutor.h:82] AriaExecutor 13 started. 
I0312 03:55:30.572781 168425 AriaExecutor.h:82] AriaExecutor 14 started. 
I0312 03:55:30.572901 168426 AriaExecutor.h:82] AriaExecutor 15 started. 
I0312 03:55:30.573007 168427 AriaExecutor.h:82] AriaExecutor 16 started. 
I0312 03:55:30.573113 168428 AriaExecutor.h:82] AriaExecutor 17 started. 
I0312 03:55:30.573164 168429 AriaExecutor.h:82] AriaExecutor 18 started. 
I0312 03:55:30.573272 168430 AriaExecutor.h:82] AriaExecutor 19 started. 
I0312 03:55:30.573379 168431 AriaExecutor.h:82] AriaExecutor 20 started. 
I0312 03:55:30.573490 168432 AriaExecutor.h:82] AriaExecutor 21 started. 
I0312 03:55:30.573606 168433 AriaExecutor.h:82] AriaExecutor 22 started. 
I0312 03:55:30.573717 168434 AriaExecutor.h:82] AriaExecutor 23 started. 
I0312 03:55:30.573823 168435 AriaExecutor.h:82] AriaExecutor 24 started. 
I0312 03:55:30.573931 168436 AriaExecutor.h:82] AriaExecutor 25 started. 
I0312 03:55:30.574043 168437 AriaExecutor.h:82] AriaExecutor 26 started. 
I0312 03:55:30.574149 168438 AriaExecutor.h:82] AriaExecutor 27 started. 
I0312 03:55:30.574290 168439 AriaExecutor.h:82] AriaExecutor 28 started. 
I0312 03:55:30.574393 168440 AriaExecutor.h:82] AriaExecutor 29 started. 
I0312 03:55:30.574507 168441 AriaExecutor.h:82] AriaExecutor 30 started. 
I0312 03:55:30.574632 168442 AriaExecutor.h:82] AriaExecutor 31 started. 
I0312 03:55:30.574764 168443 AriaExecutor.h:82] AriaExecutor 32 started. 
I0312 03:55:30.574882 168444 AriaExecutor.h:82] AriaExecutor 33 started. 
I0312 03:55:30.575016 168445 AriaExecutor.h:82] AriaExecutor 34 started. 
I0312 03:55:30.575151 168446 AriaExecutor.h:82] AriaExecutor 35 started. 
I0312 03:55:30.575268 168447 AriaExecutor.h:82] AriaExecutor 36 started. 
I0312 03:55:30.575328 168448 AriaExecutor.h:82] AriaExecutor 37 started. 
I0312 03:55:30.575424 168449 AriaExecutor.h:82] AriaExecutor 38 started. 
I0312 03:55:30.575484 168450 AriaExecutor.h:82] AriaExecutor 39 started. 
I0312 03:55:30.575577 168451 AriaExecutor.h:82] AriaExecutor 40 started. 
I0312 03:55:30.575711 168452 AriaExecutor.h:82] AriaExecutor 41 started. 
I0312 03:55:30.575845 168453 AriaExecutor.h:82] AriaExecutor 42 started. 
I0312 03:55:30.575944 168454 AriaExecutor.h:82] AriaExecutor 43 started. 
I0312 03:55:30.576200 168455 AriaExecutor.h:82] AriaExecutor 44 started. 
I0312 03:55:30.576435 168456 AriaExecutor.h:82] AriaExecutor 45 started. 
I0312 03:55:30.576627 168457 AriaExecutor.h:82] AriaExecutor 46 started. 
I0312 03:55:30.576810 168458 AriaExecutor.h:82] AriaExecutor 47 started. 
I0312 03:55:30.576992 168459 Manager.h:224] Manager(worker id = 48) on the coordinator node started.
I0312 03:55:31.577083 168359 Coordinator.h:126] commit: 1095021 abort: 8851 (0/8851/0), network size: 0, avg network size: 0, si_in_serializable: 0 0 %, local: 0 %
I0312 03:55:32.577242 168359 Coordinator.h:126] commit: 1103431 abort: 8633 (0/8633/0), network size: 0, avg network size: 0, si_in_serializable: 0 0 %, local: 0 %
I0312 03:55:33.577385 168359 Coordinator.h:126] commit: 1090010 abort: 8742 (0/8742/0), network size: 0, avg network size: 0, si_in_serializable: 0 0 %, local: 0 %
I0312 03:55:34.577643 168359 Coordinator.h:126] commit: 1097333 abort: 8587 (0/8587/0), network size: 0, avg network size: 0, si_in_serializable: 0 0 %, local: 0 %
I0312 03:55:35.577816 168359 Coordinator.h:126] commit: 1104492 abort: 8596 (0/8596/0), network size: 0, avg network size: 0, si_in_serializable: 0 0 %, local: 0 %
I0312 03:55:36.577953 168359 Coordinator.h:126] commit: 1087152 abort: 8528 (0/8528/0), network size: 0, avg network size: 0, si_in_serializable: 0 0 %, local: 0 %
I0312 03:55:37.578088 168359 Coordinator.h:126] commit: 1101275 abort: 8741 (0/8741/0), network size: 0, avg network size: 0, si_in_serializable: 0 0 %, local: 0 %
I0312 03:55:38.578222 168359 Coordinator.h:126] commit: 1098180 abort: 8764 (0/8764/0), network size: 0, avg network size: 0, si_in_serializable: 0 0 %, local: 0 %
I0312 03:55:39.578356 168359 Coordinator.h:126] commit: 1103237 abort: 8827 (0/8827/0), network size: 0, avg network size: 0, si_in_serializable: 0 0 %, local: 0 %
I0312 03:55:40.578488 168359 Coordinator.h:126] commit: 1100199 abort: 8793 (0/8793/0), network size: 0, avg network size: 0, si_in_serializable: 0 0 %, local: 0 %
I0312 03:55:41.578644 168359 Coordinator.h:126] commit: 1105413 abort: 8699 (0/8699/0), network size: 0, avg network size: 0, si_in_serializable: 0 0 %, local: 0 %
I0312 03:55:42.578828 168359 Coordinator.h:126] commit: 1044476 abort: 8196 (0/8196/0), network size: 0, avg network size: 0, si_in_serializable: 0 0 %, local: 0 %
I0312 03:55:43.578984 168359 Coordinator.h:126] commit: 1107357 abort: 8803 (0/8803/0), network size: 0, avg network size: 0, si_in_serializable: 0 0 %, local: 0 %
I0312 03:55:44.579123 168359 Coordinator.h:126] commit: 1105370 abort: 8742 (0/8742/0), network size: 0, avg network size: 0, si_in_serializable: 0 0 %, local: 0 %
I0312 03:55:45.579260 168359 Coordinator.h:126] commit: 1106424 abort: 8712 (0/8712/0), network size: 0, avg network size: 0, si_in_serializable: 0 0 %, local: 0 %
I0312 03:55:46.579401 168359 Coordinator.h:126] commit: 1106296 abort: 8840 (0/8840/0), network size: 0, avg network size: 0, si_in_serializable: 0 0 %, local: 0 %
I0312 03:55:47.579541 168359 Coordinator.h:126] commit: 1105269 abort: 8843 (0/8843/0), network size: 0, avg network size: 0, si_in_serializable: 0 0 %, local: 0 %
I0312 03:55:48.579685 168359 Coordinator.h:126] commit: 1106487 abort: 8649 (0/8649/0), network size: 0, avg network size: 0, si_in_serializable: 0 0 %, local: 0 %
I0312 03:55:49.579828 168359 Coordinator.h:126] commit: 1107405 abort: 8755 (0/8755/0), network size: 0, avg network size: 0, si_in_serializable: 0 0 %, local: 0 %
I0312 03:55:50.579968 168359 Coordinator.h:126] commit: 1107308 abort: 8852 (0/8852/0), network size: 0, avg network size: 0, si_in_serializable: 0 0 %, local: 0 %
I0312 03:55:51.580106 168359 Coordinator.h:126] commit: 1105486 abort: 8626 (0/8626/0), network size: 0, avg network size: 0, si_in_serializable: 0 0 %, local: 0 %
I0312 03:55:52.580252 168359 Coordinator.h:126] commit: 1106399 abort: 8737 (0/8737/0), network size: 0, avg network size: 0, si_in_serializable: 0 0 %, local: 0 %
I0312 03:55:53.580390 168359 Coordinator.h:126] commit: 1053476 abort: 8412 (0/8412/0), network size: 0, avg network size: 0, si_in_serializable: 0 0 %, local: 0 %
I0312 03:55:54.580520 168359 Coordinator.h:126] commit: 996686 abort: 7858 (0/7858/0), network size: 0, avg network size: 0, si_in_serializable: 0 0 %, local: 0 %
I0312 03:55:55.580655 168359 Coordinator.h:126] commit: 1107339 abort: 8821 (0/8821/0), network size: 0, avg network size: 0, si_in_serializable: 0 0 %, local: 0 %
I0312 03:55:55.580705 168359 Coordinator.h:152] average commit: 1.10018e+06 abort: 8709.1 (0/8709.1/0), network size: 0, avg network size: 0, si_in_serializable: 0 0 %, local: 0 %
I0312 03:55:55.581362 168457 AriaExecutor.h:94] AriaExecutor 46 exits. 
I0312 03:55:55.581367 168420 AriaExecutor.h:94] AriaExecutor 9 exits. 
I0312 03:55:55.581383 168427 AriaExecutor.h:94] AriaExecutor 16 exits. 
I0312 03:55:55.581385 168432 AriaExecutor.h:94] AriaExecutor 21 exits. 
I0312 03:55:55.581386 168425 AriaExecutor.h:94] AriaExecutor 14 exits. 
I0312 03:55:55.581389 168455 AriaExecutor.h:94] AriaExecutor 44 exits. 
I0312 03:55:55.581372 168451 AriaExecutor.h:94] AriaExecutor 40 exits. 
I0312 03:55:55.581372 168452 AriaExecutor.h:94] AriaExecutor 41 exits. 
I0312 03:55:55.581365 168442 AriaExecutor.h:94] AriaExecutor 31 exits. 
I0312 03:55:55.581398 168413 AriaExecutor.h:94] AriaExecutor 2 exits. 
I0312 03:55:55.581389 168456 AriaExecutor.h:94] AriaExecutor 45 exits. 
I0312 03:55:55.581382 168435 AriaExecutor.h:94] AriaExecutor 24 exits. 
I0312 03:55:55.581365 168416 AriaExecutor.h:94] AriaExecutor 5 exits. 
I0312 03:55:55.581365 168411 AriaExecutor.h:94] AriaExecutor 0 exits. 
I0312 03:55:55.581365 168415 AriaExecutor.h:94] AriaExecutor 4 exits. 
I0312 03:55:55.581369 168450 AriaExecutor.h:94] AriaExecutor 39 exits. 
I0312 03:55:55.581369 168454 AriaExecutor.h:94] AriaExecutor 43 exits. 
I0312 03:55:55.581372 168449 AriaExecutor.h:94] AriaExecutor 38 exits. 
I0312 03:55:55.581372 168445 AriaExecutor.h:94] AriaExecutor 34 exits. 
I0312 03:55:55.581372 168436 AriaExecutor.h:94] AriaExecutor 25 exits. 
I0312 03:55:55.581373 168453 AriaExecutor.h:94] AriaExecutor 42 exits. 
I0312 03:55:55.581375 168439 AriaExecutor.h:94] AriaExecutor 28 exits. 
I0312 03:55:55.581377 168433 AriaExecutor.h:94] AriaExecutor 22 exits. 
I0312 03:55:55.581379 168430 AriaExecutor.h:94] AriaExecutor 19 exits. 
I0312 03:55:55.581382 168429 AriaExecutor.h:94] AriaExecutor 18 exits. 
I0312 03:55:55.581382 168438 AriaExecutor.h:94] AriaExecutor 27 exits. 
I0312 03:55:55.581383 168437 AriaExecutor.h:94] AriaExecutor 26 exits. 
I0312 03:55:55.581367 168414 AriaExecutor.h:94] AriaExecutor 3 exits. 
I0312 03:55:55.581373 168459 Manager.h:227] Manager(worker id = 48) on the coordinator node exits.
I0312 03:55:55.581372 168443 AriaExecutor.h:94] AriaExecutor 32 exits. 
I0312 03:55:55.581390 168426 AriaExecutor.h:94] AriaExecutor 15 exits. 
I0312 03:55:55.581393 168440 AriaExecutor.h:94] AriaExecutor 29 exits. 
I0312 03:55:55.581365 168421 AriaExecutor.h:94] AriaExecutor 10 exits. 
I0312 03:55:55.581372 168417 AriaExecutor.h:94] AriaExecutor 6 exits. 
I0312 03:55:55.581398 168458 AriaExecutor.h:94] AriaExecutor 47 exits. 
I0312 03:55:55.581369 168447 AriaExecutor.h:94] AriaExecutor 36 exits. 
I0312 03:55:55.581405 168431 AriaExecutor.h:94] AriaExecutor 20 exits. 
I0312 03:55:55.581365 168441 AriaExecutor.h:94] AriaExecutor 30 exits. 
I0312 03:55:55.581409 168434 AriaExecutor.h:94] AriaExecutor 23 exits. 
I0312 03:55:55.581365 168418 AriaExecutor.h:94] AriaExecutor 7 exits. 
I0312 03:55:55.581367 168448 AriaExecutor.h:94] AriaExecutor 37 exits. 
I0312 03:55:55.581372 168444 AriaExecutor.h:94] AriaExecutor 33 exits. 
I0312 03:55:55.581365 168423 AriaExecutor.h:94] AriaExecutor 12 exits. 
I0312 03:55:55.581365 168419 AriaExecutor.h:94] AriaExecutor 8 exits. 
I0312 03:55:55.581365 168424 AriaExecutor.h:94] AriaExecutor 13 exits. 
I0312 03:55:55.581369 168422 AriaExecutor.h:94] AriaExecutor 11 exits. 
I0312 03:55:55.581372 168428 AriaExecutor.h:94] AriaExecutor 17 exits. 
I0312 03:55:55.581398 168412 AriaExecutor.h:94] AriaExecutor 1 exits. 
I0312 03:55:55.581369 168446 AriaExecutor.h:94] AriaExecutor 35 exits. 
I0312 03:55:55.580722 168359 AriaExecutor.h:535] Worker 0 latency: 661 us (50%) 769 us (75%) 859 us (95%) 892 us (99%).
I0312 03:55:55.606101 168359 AriaExecutor.h:535] Worker 1 latency: 662 us (50%) 770 us (75%) 859 us (95%) 892 us (99%).
I0312 03:55:55.631490 168359 AriaExecutor.h:535] Worker 2 latency: 661 us (50%) 769 us (75%) 859 us (95%) 892 us (99%).
I0312 03:55:55.657665 168359 AriaExecutor.h:535] Worker 3 latency: 660 us (50%) 769 us (75%) 859 us (95%) 892 us (99%).
I0312 03:55:55.682890 168359 AriaExecutor.h:535] Worker 4 latency: 661 us (50%) 769 us (75%) 859 us (95%) 892 us (99%).
I0312 03:55:55.708156 168359 AriaExecutor.h:535] Worker 5 latency: 661 us (50%) 769 us (75%) 859 us (95%) 892 us (99%).
I0312 03:55:55.733413 168359 AriaExecutor.h:535] Worker 6 latency: 661 us (50%) 769 us (75%) 859 us (95%) 892 us (99%).
I0312 03:55:55.758471 168359 AriaExecutor.h:535] Worker 7 latency: 661 us (50%) 769 us (75%) 859 us (95%) 893 us (99%).
I0312 03:55:55.783643 168359 AriaExecutor.h:535] Worker 8 latency: 661 us (50%) 769 us (75%) 859 us (95%) 892 us (99%).
I0312 03:55:55.808907 168359 AriaExecutor.h:535] Worker 9 latency: 661 us (50%) 769 us (75%) 859 us (95%) 892 us (99%).
I0312 03:55:55.834436 168359 AriaExecutor.h:535] Worker 10 latency: 660 us (50%) 769 us (75%) 859 us (95%) 892 us (99%).
I0312 03:55:55.859395 168359 AriaExecutor.h:535] Worker 11 latency: 660 us (50%) 769 us (75%) 859 us (95%) 892 us (99%).
I0312 03:55:55.884682 168359 AriaExecutor.h:535] Worker 12 latency: 660 us (50%) 769 us (75%) 859 us (95%) 892 us (99%).
I0312 03:55:55.909988 168359 AriaExecutor.h:535] Worker 13 latency: 659 us (50%) 768 us (75%) 859 us (95%) 892 us (99%).
I0312 03:55:55.935824 168359 AriaExecutor.h:535] Worker 14 latency: 659 us (50%) 768 us (75%) 859 us (95%) 892 us (99%).
I0312 03:55:55.960992 168359 AriaExecutor.h:535] Worker 15 latency: 661 us (50%) 769 us (75%) 859 us (95%) 892 us (99%).
I0312 03:55:55.985844 168359 AriaExecutor.h:535] Worker 16 latency: 554 us (50%) 722 us (75%) 857 us (95%) 896 us (99%).
I0312 03:55:56.010739 168359 AriaExecutor.h:535] Worker 17 latency: 678 us (50%) 778 us (75%) 861 us (95%) 893 us (99%).
I0312 03:55:56.034327 168359 AriaExecutor.h:535] Worker 18 latency: 678 us (50%) 778 us (75%) 861 us (95%) 893 us (99%).
I0312 03:55:56.057862 168359 AriaExecutor.h:535] Worker 19 latency: 678 us (50%) 778 us (75%) 861 us (95%) 893 us (99%).
I0312 03:55:56.081626 168359 AriaExecutor.h:535] Worker 20 latency: 678 us (50%) 778 us (75%) 861 us (95%) 893 us (99%).
I0312 03:55:56.105259 168359 AriaExecutor.h:535] Worker 21 latency: 678 us (50%) 778 us (75%) 861 us (95%) 893 us (99%).
I0312 03:55:56.129076 168359 AriaExecutor.h:535] Worker 22 latency: 678 us (50%) 778 us (75%) 861 us (95%) 893 us (99%).
I0312 03:55:56.153083 168359 AriaExecutor.h:535] Worker 23 latency: 678 us (50%) 778 us (75%) 861 us (95%) 893 us (99%).
I0312 03:55:56.176558 168359 AriaExecutor.h:535] Worker 24 latency: 677 us (50%) 777 us (75%) 860 us (95%) 893 us (99%).
I0312 03:55:56.200004 168359 AriaExecutor.h:535] Worker 25 latency: 677 us (50%) 777 us (75%) 860 us (95%) 893 us (99%).
I0312 03:55:56.223479 168359 AriaExecutor.h:535] Worker 26 latency: 677 us (50%) 777 us (75%) 860 us (95%) 893 us (99%).
I0312 03:55:56.247164 168359 AriaExecutor.h:535] Worker 27 latency: 677 us (50%) 777 us (75%) 860 us (95%) 893 us (99%).
I0312 03:55:56.270756 168359 AriaExecutor.h:535] Worker 28 latency: 677 us (50%) 777 us (75%) 860 us (95%) 893 us (99%).
I0312 03:55:56.294696 168359 AriaExecutor.h:535] Worker 29 latency: 667 us (50%) 772 us (75%) 859 us (95%) 892 us (99%).
I0312 03:55:56.318454 168359 AriaExecutor.h:535] Worker 30 latency: 673 us (50%) 775 us (75%) 860 us (95%) 893 us (99%).
I0312 03:55:56.342425 168359 AriaExecutor.h:535] Worker 31 latency: 674 us (50%) 776 us (75%) 860 us (95%) 893 us (99%).
I0312 03:55:56.366303 168359 AriaExecutor.h:535] Worker 32 latency: 670 us (50%) 774 us (75%) 860 us (95%) 893 us (99%).
I0312 03:55:56.390272 168359 AriaExecutor.h:535] Worker 33 latency: 670 us (50%) 774 us (75%) 860 us (95%) 893 us (99%).
I0312 03:55:56.413982 168359 AriaExecutor.h:535] Worker 34 latency: 671 us (50%) 774 us (75%) 860 us (95%) 893 us (99%).
I0312 03:55:56.437698 168359 AriaExecutor.h:535] Worker 35 latency: 669 us (50%) 773 us (75%) 860 us (95%) 893 us (99%).
I0312 03:55:56.461709 168359 AriaExecutor.h:535] Worker 36 latency: 670 us (50%) 774 us (75%) 860 us (95%) 893 us (99%).
I0312 03:55:56.485726 168359 AriaExecutor.h:535] Worker 37 latency: 670 us (50%) 774 us (75%) 860 us (95%) 893 us (99%).
I0312 03:55:56.509857 168359 AriaExecutor.h:535] Worker 38 latency: 671 us (50%) 774 us (75%) 860 us (95%) 893 us (99%).
I0312 03:55:56.534019 168359 AriaExecutor.h:535] Worker 39 latency: 671 us (50%) 774 us (75%) 860 us (95%) 893 us (99%).
I0312 03:55:56.557758 168359 AriaExecutor.h:535] Worker 40 latency: 670 us (50%) 774 us (75%) 860 us (95%) 893 us (99%).
I0312 03:55:56.581982 168359 AriaExecutor.h:535] Worker 41 latency: 670 us (50%) 774 us (75%) 860 us (95%) 893 us (99%).
I0312 03:55:56.605952 168359 AriaExecutor.h:535] Worker 42 latency: 670 us (50%) 773 us (75%) 860 us (95%) 893 us (99%).
I0312 03:55:56.629987 168359 AriaExecutor.h:535] Worker 43 latency: 669 us (50%) 773 us (75%) 860 us (95%) 893 us (99%).
I0312 03:55:56.653712 168359 AriaExecutor.h:535] Worker 44 latency: 669 us (50%) 773 us (75%) 860 us (95%) 893 us (99%).
I0312 03:55:56.677783 168359 AriaExecutor.h:535] Worker 45 latency: 669 us (50%) 773 us (75%) 860 us (95%) 893 us (99%).
I0312 03:55:56.701574 168359 AriaExecutor.h:535] Worker 46 latency: 669 us (50%) 773 us (75%) 860 us (95%) 893 us (99%).
I0312 03:55:56.725422 168359 AriaExecutor.h:535] Worker 47 latency: 671 us (50%) 774 us (75%) 860 us (95%) 893 us (99%).
I0312 03:55:56.749306 168359 Coordinator.h:177] total commit: 1.10018e+06
I0312 03:55:57.749531 168359 Coordinator.h:192] Coordinator exits.
