I0312 07:27:02.330421 219256 Database.h:65] ycsb initialization finished in 102 milliseconds.
I0312 07:27:02.330628 219256 Coordinator.h:30] Coordinator initializes 32 workers.
I0312 07:27:02.439043 219256 Coordinator.h:77] Coordinator starts to run 33 workers.
I0312 07:27:02.439128 219292 AriaExecutor.h:91] AriaExecutor 0 started. 
I0312 07:27:02.439177 219293 AriaExecutor.h:91] AriaExecutor 1 started. 
I0312 07:27:02.439266 219294 AriaExecutor.h:91] AriaExecutor 2 started. 
I0312 07:27:02.439325 219295 AriaExecutor.h:91] AriaExecutor 3 started. 
I0312 07:27:02.439421 219296 AriaExecutor.h:91] AriaExecutor 4 started. 
I0312 07:27:02.439509 219297 AriaExecutor.h:91] AriaExecutor 5 started. 
I0312 07:27:02.439570 219298 AriaExecutor.h:91] AriaExecutor 6 started. 
I0312 07:27:02.439638 219299 AriaExecutor.h:91] AriaExecutor 7 started. 
I0312 07:27:02.439695 219300 AriaExecutor.h:91] AriaExecutor 8 started. 
I0312 07:27:02.439791 219301 AriaExecutor.h:91] AriaExecutor 9 started. 
I0312 07:27:02.439891 219303 AriaExecutor.h:91] AriaExecutor 11 started. 
I0312 07:27:02.439930 219302 AriaExecutor.h:91] AriaExecutor 10 started. 
I0312 07:27:02.439972 219304 AriaExecutor.h:91] AriaExecutor 12 started. 
I0312 07:27:02.440197 219305 AriaExecutor.h:91] AriaExecutor 13 started. 
I0312 07:27:02.440374 219306 AriaExecutor.h:91] AriaExecutor 14 started. 
I0312 07:27:02.440533 219307 AriaExecutor.h:91] AriaExecutor 15 started. 
I0312 07:27:02.440693 219308 AriaExecutor.h:91] AriaExecutor 16 started. 
I0312 07:27:02.440848 219309 AriaExecutor.h:91] AriaExecutor 17 started. 
I0312 07:27:02.440996 219310 AriaExecutor.h:91] AriaExecutor 18 started. 
I0312 07:27:02.441160 219311 AriaExecutor.h:91] AriaExecutor 19 started. 
I0312 07:27:02.441334 219312 AriaExecutor.h:91] AriaExecutor 20 started. 
I0312 07:27:02.441519 219313 AriaExecutor.h:91] AriaExecutor 21 started. 
I0312 07:27:02.441690 219314 AriaExecutor.h:91] AriaExecutor 22 started. 
I0312 07:27:02.441875 219315 AriaExecutor.h:91] AriaExecutor 23 started. 
I0312 07:27:02.442058 219316 AriaExecutor.h:91] AriaExecutor 24 started. 
I0312 07:27:02.442257 219317 AriaExecutor.h:91] AriaExecutor 25 started. 
I0312 07:27:02.442443 219318 AriaExecutor.h:91] AriaExecutor 26 started. 
I0312 07:27:02.442625 219319 AriaExecutor.h:91] AriaExecutor 27 started. 
I0312 07:27:02.442842 219320 AriaExecutor.h:91] AriaExecutor 28 started. 
I0312 07:27:02.443022 219321 AriaExecutor.h:91] AriaExecutor 29 started. 
I0312 07:27:02.443234 219322 AriaExecutor.h:91] AriaExecutor 30 started. 
I0312 07:27:02.443421 219323 AriaExecutor.h:91] AriaExecutor 31 started. 
I0312 07:27:02.443604 219324 Manager.h:224] Manager(worker id = 32) on the coordinator node started.
I0312 07:27:03.443681 219256 Coordinator.h:126] commit: 174 abort: 188242 (0/188242/0), network size: 0, avg network size: 0, si_in_serializable: 0 0 %, local: 0 %
I0312 07:27:04.443842 219256 Coordinator.h:126] commit: 203 abort: 192309 (0/192309/0), network size: 0, avg network size: 0, si_in_serializable: 0 0 %, local: 0 %
I0312 07:27:05.443991 219256 Coordinator.h:126] commit: 188 abort: 192324 (0/192324/0), network size: 0, avg network size: 0, si_in_serializable: 0 0 %, local: 0 %
I0312 07:27:06.444274 219256 Coordinator.h:126] commit: 177 abort: 192335 (0/192335/0), network size: 0, avg network size: 0, si_in_serializable: 0 0 %, local: 0 %
I0312 07:27:07.444458 219256 Coordinator.h:126] commit: 182 abort: 188234 (0/188234/0), network size: 0, avg network size: 0, si_in_serializable: 0 0 %, local: 0 %
I0312 07:27:08.444600 219256 Coordinator.h:126] commit: 203 abort: 192309 (0/192309/0), network size: 0, avg network size: 0, si_in_serializable: 0 0 %, local: 0 %
I0312 07:27:09.444744 219256 Coordinator.h:126] commit: 193 abort: 192319 (0/192319/0), network size: 0, avg network size: 0, si_in_serializable: 0 0 %, local: 0 %
I0312 07:27:10.444887 219256 Coordinator.h:126] commit: 175 abort: 188241 (0/188241/0), network size: 0, avg network size: 0, si_in_serializable: 0 0 %, local: 0 %
I0312 07:27:11.445029 219256 Coordinator.h:126] commit: 180 abort: 192332 (0/192332/0), network size: 0, avg network size: 0, si_in_serializable: 0 0 %, local: 0 %
I0312 07:27:12.445214 219256 Coordinator.h:126] commit: 160 abort: 188256 (0/188256/0), network size: 0, avg network size: 0, si_in_serializable: 0 0 %, local: 0 %
I0312 07:27:13.445369 219256 Coordinator.h:126] commit: 183 abort: 188233 (0/188233/0), network size: 0, avg network size: 0, si_in_serializable: 0 0 %, local: 0 %
I0312 07:27:14.445528 219256 Coordinator.h:126] commit: 189 abort: 188227 (0/188227/0), network size: 0, avg network size: 0, si_in_serializable: 0 0 %, local: 0 %
I0312 07:27:15.445668 219256 Coordinator.h:126] commit: 184 abort: 192328 (0/192328/0), network size: 0, avg network size: 0, si_in_serializable: 0 0 %, local: 0 %
I0312 07:27:16.445808 219256 Coordinator.h:126] commit: 177 abort: 188239 (0/188239/0), network size: 0, avg network size: 0, si_in_serializable: 0 0 %, local: 0 %
I0312 07:27:17.445950 219256 Coordinator.h:126] commit: 188 abort: 192324 (0/192324/0), network size: 0, avg network size: 0, si_in_serializable: 0 0 %, local: 0 %
I0312 07:27:18.446095 219256 Coordinator.h:126] commit: 180 abort: 192332 (0/192332/0), network size: 0, avg network size: 0, si_in_serializable: 0 0 %, local: 0 %
I0312 07:27:19.446240 219256 Coordinator.h:126] commit: 177 abort: 188239 (0/188239/0), network size: 0, avg network size: 0, si_in_serializable: 0 0 %, local: 0 %
I0312 07:27:20.446384 219256 Coordinator.h:126] commit: 202 abort: 192310 (0/192310/0), network size: 0, avg network size: 0, si_in_serializable: 0 0 %, local: 0 %
I0312 07:27:21.446523 219256 Coordinator.h:126] commit: 195 abort: 188221 (0/188221/0), network size: 0, avg network size: 0, si_in_serializable: 0 0 %, local: 0 %
I0312 07:27:22.446668 219256 Coordinator.h:126] commit: 183 abort: 192329 (0/192329/0), network size: 0, avg network size: 0, si_in_serializable: 0 0 %, local: 0 %
I0312 07:27:23.446815 219256 Coordinator.h:126] commit: 179 abort: 188237 (0/188237/0), network size: 0, avg network size: 0, si_in_serializable: 0 0 %, local: 0 %
I0312 07:27:24.446959 219256 Coordinator.h:126] commit: 175 abort: 192337 (0/192337/0), network size: 0, avg network size: 0, si_in_serializable: 0 0 %, local: 0 %
I0312 07:27:25.447103 219256 Coordinator.h:126] commit: 163 abort: 188253 (0/188253/0), network size: 0, avg network size: 0, si_in_serializable: 0 0 %, local: 0 %
I0312 07:27:26.447261 219256 Coordinator.h:126] commit: 166 abort: 192346 (0/192346/0), network size: 0, avg network size: 0, si_in_serializable: 0 0 %, local: 0 %
I0312 07:27:27.447407 219256 Coordinator.h:126] commit: 173 abort: 188243 (0/188243/0), network size: 0, avg network size: 0, si_in_serializable: 0 0 %, local: 0 %
I0312 07:27:27.447461 219256 Coordinator.h:152] average commit: 185.8 abort: 190278 (0/190278/0), network size: 0, avg network size: 0, si_in_serializable: 0 0 %, local: 0 %
I0312 07:27:27.447479 219256 AriaExecutor.h:649] Worker 0 latency: 21386 us (50%) 21527 us (75%) 21719 us (95%) 22114 us (99%).
I0312 07:27:27.461509 219301 AriaExecutor.h:103] AriaExecutor 9 exits. 
I0312 07:27:27.461517 219302 AriaExecutor.h:103] AriaExecutor 10 exits. 
I0312 07:27:27.461521 219306 AriaExecutor.h:103] AriaExecutor 14 exits. 
I0312 07:27:27.461513 219300 AriaExecutor.h:103] AriaExecutor 8 exits. 
I0312 07:27:27.461515 219310 AriaExecutor.h:103] AriaExecutor 18 exits. 
I0312 07:27:27.461515 219320 AriaExecutor.h:103] AriaExecutor 28 exits. 
I0312 07:27:27.461517 219308 AriaExecutor.h:103] AriaExecutor 16 exits. 
I0312 07:27:27.461519 219314 AriaExecutor.h:103] AriaExecutor 22 exits. 
I0312 07:27:27.461521 219321 AriaExecutor.h:103] AriaExecutor 29 exits. 
I0312 07:27:27.461513 219311 AriaExecutor.h:103] AriaExecutor 19 exits. 
I0312 07:27:27.461519 219298 AriaExecutor.h:103] AriaExecutor 6 exits. 
I0312 07:27:27.461532 219324 Manager.h:227] Manager(worker id = 32) on the coordinator node exits.
I0312 07:27:27.461519 219312 AriaExecutor.h:103] AriaExecutor 20 exits. 
I0312 07:27:27.461520 219317 AriaExecutor.h:103] AriaExecutor 25 exits. 
I0312 07:27:27.461519 219307 AriaExecutor.h:103] AriaExecutor 15 exits. 
I0312 07:27:27.461508 219297 AriaExecutor.h:103] AriaExecutor 5 exits. 
I0312 07:27:27.461519 219309 AriaExecutor.h:103] AriaExecutor 17 exits. 
I0312 07:27:27.461514 219303 AriaExecutor.h:103] AriaExecutor 11 exits. 
I0312 07:27:27.461514 219296 AriaExecutor.h:103] AriaExecutor 4 exits. 
I0312 07:27:27.461519 219313 AriaExecutor.h:103] AriaExecutor 21 exits. 
I0312 07:27:27.461520 219323 AriaExecutor.h:103] AriaExecutor 31 exits. 
I0312 07:27:27.461508 219292 AriaExecutor.h:103] AriaExecutor 0 exits. 
I0312 07:27:27.461519 219293 AriaExecutor.h:103] AriaExecutor 1 exits. 
I0312 07:27:27.461540 219322 AriaExecutor.h:103] AriaExecutor 30 exits. 
I0312 07:27:27.461520 219319 AriaExecutor.h:103] AriaExecutor 27 exits. 
I0312 07:27:27.461517 219304 AriaExecutor.h:103] AriaExecutor 12 exits. 
I0312 07:27:27.461512 219318 AriaExecutor.h:103] AriaExecutor 26 exits. 
I0312 07:27:27.461508 219299 AriaExecutor.h:103] AriaExecutor 7 exits. 
I0312 07:27:27.461541 219316 AriaExecutor.h:103] AriaExecutor 24 exits. 
I0312 07:27:27.461514 219294 AriaExecutor.h:103] AriaExecutor 2 exits. 
I0312 07:27:27.461519 219315 AriaExecutor.h:103] AriaExecutor 23 exits. 
I0312 07:27:27.461519 219295 AriaExecutor.h:103] AriaExecutor 3 exits. 
I0312 07:27:27.461530 219305 AriaExecutor.h:103] AriaExecutor 13 exits. 
I0312 07:27:27.461975 219256 AriaExecutor.h:649] Worker 1 latency: 21373 us (50%) 21497 us (75%) 21696 us (95%) 22110 us (99%).
I0312 07:27:27.462013 219256 AriaExecutor.h:649] Worker 2 latency: 21364 us (50%) 21514 us (75%) 21730 us (95%) 25373 us (99%).
I0312 07:27:27.462033 219256 AriaExecutor.h:649] Worker 3 latency: 21335 us (50%) 21492 us (75%) 21716 us (95%) 23692 us (99%).
I0312 07:27:27.462049 219256 AriaExecutor.h:649] Worker 4 latency: 21334 us (50%) 21504 us (75%) 21708 us (95%) 24770 us (99%).
I0312 07:27:27.462100 219256 AriaExecutor.h:649] Worker 5 latency: 21353 us (50%) 21528 us (75%) 21707 us (95%) 21879 us (99%).
I0312 07:27:27.462132 219256 AriaExecutor.h:649] Worker 6 latency: 21309 us (50%) 21472 us (75%) 21706 us (95%) 22000 us (99%).
I0312 07:27:27.462162 219256 AriaExecutor.h:649] Worker 7 latency: 21273 us (50%) 21435 us (75%) 21648 us (95%) 21715 us (99%).
I0312 07:27:27.462189 219256 AriaExecutor.h:649] Worker 8 latency: 21284 us (50%) 21452 us (75%) 21727 us (95%) 21997 us (99%).
I0312 07:27:27.462217 219256 AriaExecutor.h:649] Worker 9 latency: 21256 us (50%) 21417 us (75%) 21703 us (95%) 23814 us (99%).
I0312 07:27:27.462241 219256 AriaExecutor.h:649] Worker 10 latency: 21335 us (50%) 21509 us (75%) 21801 us (95%) 26565 us (99%).
I0312 07:27:27.462270 219256 AriaExecutor.h:649] Worker 11 latency: 21274 us (50%) 21405 us (75%) 21538 us (95%) 21738 us (99%).
I0312 07:27:27.462293 219256 AriaExecutor.h:649] Worker 12 latency: 21297 us (50%) 21448 us (75%) 21629 us (95%) 26548 us (99%).
I0312 07:27:27.462320 219256 AriaExecutor.h:649] Worker 13 latency: 21204 us (50%) 21417 us (75%) 21617 us (95%) 22105 us (99%).
I0312 07:27:27.462343 219256 AriaExecutor.h:649] Worker 14 latency: 21234 us (50%) 21388 us (75%) 21562 us (95%) 21756 us (99%).
I0312 07:27:27.462368 219256 AriaExecutor.h:649] Worker 15 latency: 21228 us (50%) 21417 us (75%) 21701 us (95%) 26186 us (99%).
I0312 07:27:27.462392 219256 AriaExecutor.h:649] Worker 16 latency: 21294 us (50%) 21475 us (75%) 21776 us (95%) 26670 us (99%).
I0312 07:27:27.462419 219256 AriaExecutor.h:649] Worker 17 latency: 21265 us (50%) 21443 us (75%) 21693 us (95%) 21841 us (99%).
I0312 07:27:27.462445 219256 AriaExecutor.h:649] Worker 18 latency: 21323 us (50%) 21494 us (75%) 21713 us (95%) 23305 us (99%).
I0312 07:27:27.462468 219256 AriaExecutor.h:649] Worker 19 latency: 21217 us (50%) 21409 us (75%) 21745 us (95%) 22284 us (99%).
I0312 07:27:27.462491 219256 AriaExecutor.h:649] Worker 20 latency: 21240 us (50%) 21408 us (75%) 21674 us (95%) 21786 us (99%).
I0312 07:27:27.462514 219256 AriaExecutor.h:649] Worker 21 latency: 21323 us (50%) 21406 us (75%) 21570 us (95%) 21633 us (99%).
I0312 07:27:27.462536 219256 AriaExecutor.h:649] Worker 22 latency: 21326 us (50%) 21521 us (75%) 21656 us (95%) 23792 us (99%).
I0312 07:27:27.462560 219256 AriaExecutor.h:649] Worker 23 latency: 21336 us (50%) 21524 us (75%) 21694 us (95%) 31592 us (99%).
I0312 07:27:27.462584 219256 AriaExecutor.h:649] Worker 24 latency: 21238 us (50%) 21433 us (75%) 21592 us (95%) 22016 us (99%).
I0312 07:27:27.462605 219256 AriaExecutor.h:649] Worker 25 latency: 21173 us (50%) 21326 us (75%) 21654 us (95%) 23078 us (99%).
I0312 07:27:27.462628 219256 AriaExecutor.h:649] Worker 26 latency: 21244 us (50%) 21415 us (75%) 21603 us (95%) 21699 us (99%).
I0312 07:27:27.462648 219256 AriaExecutor.h:649] Worker 27 latency: 21296 us (50%) 21422 us (75%) 21597 us (95%) 21929 us (99%).
I0312 07:27:27.462670 219256 AriaExecutor.h:649] Worker 28 latency: 21200 us (50%) 21409 us (75%) 21741 us (95%) 22274 us (99%).
I0312 07:27:27.462692 219256 AriaExecutor.h:649] Worker 29 latency: 21229 us (50%) 21406 us (75%) 21594 us (95%) 21951 us (99%).
I0312 07:27:27.462714 219256 AriaExecutor.h:649] Worker 30 latency: 21263 us (50%) 21431 us (75%) 21670 us (95%) 30248 us (99%).
I0312 07:27:27.462736 219256 AriaExecutor.h:649] Worker 31 latency: 21219 us (50%) 21348 us (75%) 21511 us (95%) 21579 us (99%).
I0312 07:27:27.462771 219256 Coordinator.h:177] total commit: 185.8
I0312 07:27:28.462988 219256 Coordinator.h:192] Coordinator exits.
