I0312 02:11:26.455766 151735 Database.h:65] ycsb initialization finished in 181 milliseconds.
I0312 02:11:26.455996 151735 Coordinator.h:30] Coordinator initializes 8 workers.
I0312 02:11:26.494748 151735 Coordinator.h:77] Coordinator starts to run 9 workers.
I0312 02:11:26.494843 151748 AriaExecutor.h:82] AriaExecutor 0 started. 
I0312 02:11:26.494892 151749 AriaExecutor.h:82] AriaExecutor 1 started. 
I0312 02:11:26.494987 151750 AriaExecutor.h:82] AriaExecutor 2 started. 
I0312 02:11:26.495077 151751 AriaExecutor.h:82] AriaExecutor 3 started. 
I0312 02:11:26.495159 151752 AriaExecutor.h:82] AriaExecutor 4 started. 
I0312 02:11:26.495249 151753 AriaExecutor.h:82] AriaExecutor 5 started. 
I0312 02:11:26.495319 151754 AriaExecutor.h:82] AriaExecutor 6 started. 
I0312 02:11:26.495370 151755 AriaExecutor.h:82] AriaExecutor 7 started. 
I0312 02:11:26.495435 151756 Manager.h:224] Manager(worker id = 8) on the coordinator node started.
I0312 02:11:27.495477 151735 Coordinator.h:126] commit: 263560 abort: 7800 (0/7800/0), network size: 0, avg network size: 0, si_in_serializable: 0 0 %, local: 0 %
I0312 02:11:28.495643 151735 Coordinator.h:126] commit: 263568 abort: 7792 (0/7792/0), network size: 0, avg network size: 0, si_in_serializable: 0 0 %, local: 0 %
I0312 02:11:29.495833 151735 Coordinator.h:126] commit: 264501 abort: 7883 (0/7883/0), network size: 0, avg network size: 0, si_in_serializable: 0 0 %, local: 0 %
I0312 02:11:30.495981 151735 Coordinator.h:126] commit: 266573 abort: 7859 (0/7859/0), network size: 0, avg network size: 0, si_in_serializable: 0 0 %, local: 0 %
I0312 02:11:31.496114 151735 Coordinator.h:126] commit: 267588 abort: 7868 (0/7868/0), network size: 0, avg network size: 0, si_in_serializable: 0 0 %, local: 0 %
I0312 02:11:32.496260 151735 Coordinator.h:126] commit: 265716 abort: 7692 (0/7692/0), network size: 0, avg network size: 0, si_in_serializable: 0 0 %, local: 0 %
I0312 02:11:33.496395 151735 Coordinator.h:126] commit: 268470 abort: 8010 (0/8010/0), network size: 0, avg network size: 0, si_in_serializable: 0 0 %, local: 0 %
I0312 02:11:34.496585 151735 Coordinator.h:126] commit: 259820 abort: 7643 (0/7643/0), network size: 0, avg network size: 0, si_in_serializable: 0 0 %, local: 0 %
I0312 02:11:35.496729 151735 Coordinator.h:126] commit: 266389 abort: 7843 (0/7843/0), network size: 0, avg network size: 0, si_in_serializable: 0 0 %, local: 0 %
I0312 02:11:36.496856 151735 Coordinator.h:126] commit: 266506 abort: 7926 (0/7926/0), network size: 0, avg network size: 0, si_in_serializable: 0 0 %, local: 0 %
I0312 02:11:37.497046 151735 Coordinator.h:126] commit: 267706 abort: 7750 (0/7750/0), network size: 0, avg network size: 0, si_in_serializable: 0 0 %, local: 0 %
I0312 02:11:38.497187 151735 Coordinator.h:126] commit: 268506 abort: 7974 (0/7974/0), network size: 0, avg network size: 0, si_in_serializable: 0 0 %, local: 0 %
I0312 02:11:39.497315 151735 Coordinator.h:126] commit: 260588 abort: 7700 (0/7700/0), network size: 0, avg network size: 0, si_in_serializable: 0 0 %, local: 0 %
I0312 02:11:40.497444 151735 Coordinator.h:126] commit: 267532 abort: 7924 (0/7924/0), network size: 0, avg network size: 0, si_in_serializable: 0 0 %, local: 0 %
I0312 02:11:41.497627 151735 Coordinator.h:126] commit: 267497 abort: 7959 (0/7959/0), network size: 0, avg network size: 0, si_in_serializable: 0 0 %, local: 0 %
I0312 02:11:42.497769 151735 Coordinator.h:126] commit: 262498 abort: 7838 (0/7838/0), network size: 0, avg network size: 0, si_in_serializable: 0 0 %, local: 0 %
I0312 02:11:43.497893 151735 Coordinator.h:126] commit: 267617 abort: 7839 (0/7839/0), network size: 0, avg network size: 0, si_in_serializable: 0 0 %, local: 0 %
I0312 02:11:44.498023 151735 Coordinator.h:126] commit: 261447 abort: 7865 (0/7865/0), network size: 0, avg network size: 0, si_in_serializable: 0 0 %, local: 0 %
I0312 02:11:45.498148 151735 Coordinator.h:126] commit: 268519 abort: 7961 (0/7961/0), network size: 0, avg network size: 0, si_in_serializable: 0 0 %, local: 0 %
I0312 02:11:46.498327 151735 Coordinator.h:126] commit: 264645 abort: 7739 (0/7739/0), network size: 0, avg network size: 0, si_in_serializable: 0 0 %, local: 0 %
I0312 02:11:47.498468 151735 Coordinator.h:126] commit: 268612 abort: 7868 (0/7868/0), network size: 0, avg network size: 0, si_in_serializable: 0 0 %, local: 0 %
I0312 02:11:48.498594 151735 Coordinator.h:126] commit: 267585 abort: 7871 (0/7871/0), network size: 0, avg network size: 0, si_in_serializable: 0 0 %, local: 0 %
I0312 02:11:49.498724 151735 Coordinator.h:126] commit: 263570 abort: 7790 (0/7790/0), network size: 0, avg network size: 0, si_in_serializable: 0 0 %, local: 0 %
I0312 02:11:50.498867 151735 Coordinator.h:126] commit: 267569 abort: 7887 (0/7887/0), network size: 0, avg network size: 0, si_in_serializable: 0 0 %, local: 0 %
I0312 02:11:51.498993 151735 Coordinator.h:126] commit: 267648 abort: 7808 (0/7808/0), network size: 0, avg network size: 0, si_in_serializable: 0 0 %, local: 0 %
I0312 02:11:51.499045 151735 Coordinator.h:152] average commit: 265656 abort: 7854.9 (0/7854.9/0), network size: 0, avg network size: 0, si_in_serializable: 0 0 %, local: 0 %
I0312 02:11:51.500561 151754 AriaExecutor.h:94] AriaExecutor 6 exits. 
I0312 02:11:51.500561 151748 AriaExecutor.h:94] AriaExecutor 0 exits. 
I0312 02:11:51.500561 151755 AriaExecutor.h:94] AriaExecutor 7 exits. 
I0312 02:11:51.500561 151749 AriaExecutor.h:94] AriaExecutor 1 exits. 
I0312 02:11:51.500561 151751 AriaExecutor.h:94] AriaExecutor 3 exits. 
I0312 02:11:51.500561 151752 AriaExecutor.h:94] AriaExecutor 4 exits. 
I0312 02:11:51.500561 151753 AriaExecutor.h:94] AriaExecutor 5 exits. 
I0312 02:11:51.500561 151756 Manager.h:227] Manager(worker id = 8) on the coordinator node exits.
I0312 02:11:51.500561 151750 AriaExecutor.h:94] AriaExecutor 2 exits. 
I0312 02:11:51.499090 151735 AriaExecutor.h:535] Worker 0 latency: 2500 us (50%) 3080 us (75%) 3535 us (95%) 3651 us (99%).
I0312 02:11:51.553687 151735 AriaExecutor.h:535] Worker 1 latency: 2504 us (50%) 3082 us (75%) 3535 us (95%) 3650 us (99%).
I0312 02:11:51.592911 151735 AriaExecutor.h:535] Worker 2 latency: 2501 us (50%) 3080 us (75%) 3535 us (95%) 3650 us (99%).
I0312 02:11:51.631788 151735 AriaExecutor.h:535] Worker 3 latency: 2504 us (50%) 3081 us (75%) 3535 us (95%) 3649 us (99%).
I0312 02:11:51.670603 151735 AriaExecutor.h:535] Worker 4 latency: 2501 us (50%) 3080 us (75%) 3535 us (95%) 3649 us (99%).
I0312 02:11:51.710067 151735 AriaExecutor.h:535] Worker 5 latency: 2498 us (50%) 3079 us (75%) 3535 us (95%) 3649 us (99%).
I0312 02:11:51.749430 151735 AriaExecutor.h:535] Worker 6 latency: 2498 us (50%) 3079 us (75%) 3535 us (95%) 3651 us (99%).
I0312 02:11:51.788565 151735 AriaExecutor.h:535] Worker 7 latency: 2502 us (50%) 3081 us (75%) 3535 us (95%) 3650 us (99%).
I0312 02:11:51.828704 151735 Coordinator.h:177] total commit: 265656
I0312 02:11:52.828892 151735 Coordinator.h:192] Coordinator exits.
