I0312 06:44:48.344460 209363 Database.h:65] ycsb initialization finished in 99 milliseconds.
I0312 06:44:48.344676 209363 Coordinator.h:30] Coordinator initializes 16 workers.
I0312 06:44:48.383129 209363 Coordinator.h:77] Coordinator starts to run 17 workers.
I0312 06:44:48.383224 209383 AriaExecutor.h:91] AriaExecutor 0 started. 
I0312 06:44:48.383260 209384 AriaExecutor.h:91] AriaExecutor 1 started. 
I0312 06:44:48.383365 209385 AriaExecutor.h:91] AriaExecutor 2 started. 
I0312 06:44:48.383412 209386 AriaExecutor.h:91] AriaExecutor 3 started. 
I0312 06:44:48.383507 209387 AriaExecutor.h:91] AriaExecutor 4 started. 
I0312 06:44:48.383591 209388 AriaExecutor.h:91] AriaExecutor 5 started. 
I0312 06:44:48.383646 209389 AriaExecutor.h:91] AriaExecutor 6 started. 
I0312 06:44:48.383739 209390 AriaExecutor.h:91] AriaExecutor 7 started. 
I0312 06:44:48.383836 209391 AriaExecutor.h:91] AriaExecutor 8 started. 
I0312 06:44:48.383909 209392 AriaExecutor.h:91] AriaExecutor 9 started. 
I0312 06:44:48.384155 209393 AriaExecutor.h:91] AriaExecutor 10 started. 
I0312 06:44:48.384351 209394 AriaExecutor.h:91] AriaExecutor 11 started. 
I0312 06:44:48.384537 209395 AriaExecutor.h:91] AriaExecutor 12 started. 
I0312 06:44:48.384677 209396 AriaExecutor.h:91] AriaExecutor 13 started. 
I0312 06:44:48.384835 209397 AriaExecutor.h:91] AriaExecutor 14 started. 
I0312 06:44:48.384977 209398 AriaExecutor.h:91] AriaExecutor 15 started. 
I0312 06:44:48.385120 209399 Manager.h:224] Manager(worker id = 16) on the coordinator node started.
I0312 06:44:49.385201 209363 Coordinator.h:126] commit: 222339 abort: 309117 (0/309117/0), network size: 0, avg network size: 0, si_in_serializable: 0 0 %, local: 0 %
I0312 06:44:50.385389 209363 Coordinator.h:126] commit: 223684 abort: 310844 (0/310844/0), network size: 0, avg network size: 0, si_in_serializable: 0 0 %, local: 0 %
I0312 06:44:51.385710 209363 Coordinator.h:126] commit: 226344 abort: 315352 (0/315352/0), network size: 0, avg network size: 0, si_in_serializable: 0 0 %, local: 0 %
I0312 06:44:52.385912 209363 Coordinator.h:126] commit: 228665 abort: 318151 (0/318151/0), network size: 0, avg network size: 0, si_in_serializable: 0 0 %, local: 0 %
I0312 06:44:53.386059 209363 Coordinator.h:126] commit: 226712 abort: 316008 (0/316008/0), network size: 0, avg network size: 0, si_in_serializable: 0 0 %, local: 0 %
I0312 06:44:54.386205 209363 Coordinator.h:126] commit: 225400 abort: 313224 (0/313224/0), network size: 0, avg network size: 0, si_in_serializable: 0 0 %, local: 0 %
I0312 06:44:55.386351 209363 Coordinator.h:126] commit: 228654 abort: 317138 (0/317138/0), network size: 0, avg network size: 0, si_in_serializable: 0 0 %, local: 0 %
I0312 06:44:56.386528 209363 Coordinator.h:126] commit: 228271 abort: 315473 (0/315473/0), network size: 0, avg network size: 0, si_in_serializable: 0 0 %, local: 0 %
I0312 06:44:57.386693 209363 Coordinator.h:126] commit: 229076 abort: 316716 (0/316716/0), network size: 0, avg network size: 0, si_in_serializable: 0 0 %, local: 0 %
I0312 06:44:58.386830 209363 Coordinator.h:126] commit: 224541 abort: 311011 (0/311011/0), network size: 0, avg network size: 0, si_in_serializable: 0 0 %, local: 0 %
I0312 06:44:59.386984 209363 Coordinator.h:126] commit: 227531 abort: 317237 (0/317237/0), network size: 0, avg network size: 0, si_in_serializable: 0 0 %, local: 0 %
I0312 06:45:00.387128 209363 Coordinator.h:126] commit: 229091 abort: 315677 (0/315677/0), network size: 0, avg network size: 0, si_in_serializable: 0 0 %, local: 0 %
I0312 06:45:01.387274 209363 Coordinator.h:126] commit: 225247 abort: 313377 (0/313377/0), network size: 0, avg network size: 0, si_in_serializable: 0 0 %, local: 0 %
I0312 06:45:02.387483 209363 Coordinator.h:126] commit: 227608 abort: 315112 (0/315112/0), network size: 0, avg network size: 0, si_in_serializable: 0 0 %, local: 0 %
I0312 06:45:03.387645 209363 Coordinator.h:126] commit: 229004 abort: 316788 (0/316788/0), network size: 0, avg network size: 0, si_in_serializable: 0 0 %, local: 0 %
I0312 06:45:04.387786 209363 Coordinator.h:126] commit: 228769 abort: 317023 (0/317023/0), network size: 0, avg network size: 0, si_in_serializable: 0 0 %, local: 0 %
I0312 06:45:05.387923 209363 Coordinator.h:126] commit: 227831 abort: 316937 (0/316937/0), network size: 0, avg network size: 0, si_in_serializable: 0 0 %, local: 0 %
I0312 06:45:06.388062 209363 Coordinator.h:126] commit: 227138 abort: 313534 (0/313534/0), network size: 0, avg network size: 0, si_in_serializable: 0 0 %, local: 0 %
I0312 06:45:07.388206 209363 Coordinator.h:126] commit: 218204 abort: 304036 (0/304036/0), network size: 0, avg network size: 0, si_in_serializable: 0 0 %, local: 0 %
I0312 06:45:08.388399 209363 Coordinator.h:126] commit: 228599 abort: 317193 (0/317193/0), network size: 0, avg network size: 0, si_in_serializable: 0 0 %, local: 0 %
I0312 06:45:09.388597 209363 Coordinator.h:126] commit: 226803 abort: 315917 (0/315917/0), network size: 0, avg network size: 0, si_in_serializable: 0 0 %, local: 0 %
I0312 06:45:10.388758 209363 Coordinator.h:126] commit: 227747 abort: 315997 (0/315997/0), network size: 0, avg network size: 0, si_in_serializable: 0 0 %, local: 0 %
I0312 06:45:11.388899 209363 Coordinator.h:126] commit: 223522 abort: 312030 (0/312030/0), network size: 0, avg network size: 0, si_in_serializable: 0 0 %, local: 0 %
I0312 06:45:12.389055 209363 Coordinator.h:126] commit: 225415 abort: 314233 (0/314233/0), network size: 0, avg network size: 0, si_in_serializable: 0 0 %, local: 0 %
I0312 06:45:13.389207 209363 Coordinator.h:126] commit: 228303 abort: 315441 (0/315441/0), network size: 0, avg network size: 0, si_in_serializable: 0 0 %, local: 0 %
I0312 06:45:13.389268 209363 Coordinator.h:152] average commit: 226902 abort: 314691 (0/314691/0), network size: 0, avg network size: 0, si_in_serializable: 0 0 %, local: 0 %
I0312 06:45:13.390131 209383 AriaExecutor.h:103] AriaExecutor 0 exits. 
I0312 06:45:13.390131 209386 AriaExecutor.h:103] AriaExecutor 3 exits. 
I0312 06:45:13.390131 209391 AriaExecutor.h:103] AriaExecutor 8 exits. 
I0312 06:45:13.390134 209390 AriaExecutor.h:103] AriaExecutor 7 exits. 
I0312 06:45:13.390134 209397 AriaExecutor.h:103] AriaExecutor 14 exits. 
I0312 06:45:13.390134 209388 AriaExecutor.h:103] AriaExecutor 5 exits. 
I0312 06:45:13.390137 209387 AriaExecutor.h:103] AriaExecutor 4 exits. 
I0312 06:45:13.390134 209389 AriaExecutor.h:103] AriaExecutor 6 exits. 
I0312 06:45:13.390133 209398 AriaExecutor.h:103] AriaExecutor 15 exits. 
I0312 06:45:13.390143 209393 AriaExecutor.h:103] AriaExecutor 10 exits. 
I0312 06:45:13.390131 209384 AriaExecutor.h:103] AriaExecutor 1 exits. 
I0312 06:45:13.390143 209395 AriaExecutor.h:103] AriaExecutor 12 exits. 
I0312 06:45:13.390156 209399 Manager.h:227] Manager(worker id = 16) on the coordinator node exits.
I0312 06:45:13.390143 209394 AriaExecutor.h:103] AriaExecutor 11 exits. 
I0312 06:45:13.390146 209396 AriaExecutor.h:103] AriaExecutor 13 exits. 
I0312 06:45:13.390132 209392 AriaExecutor.h:103] AriaExecutor 9 exits. 
I0312 06:45:13.390137 209385 AriaExecutor.h:103] AriaExecutor 2 exits. 
I0312 06:45:13.389312 209363 AriaExecutor.h:649] Worker 0 latency: 1408 us (50%) 1665 us (75%) 1814 us (95%) 1851 us (99%).
I0312 06:45:13.422149 209363 AriaExecutor.h:649] Worker 1 latency: 1407 us (50%) 1664 us (75%) 1814 us (95%) 1851 us (99%).
I0312 06:45:13.440244 209363 AriaExecutor.h:649] Worker 2 latency: 1408 us (50%) 1664 us (75%) 1814 us (95%) 1851 us (99%).
I0312 06:45:13.457764 209363 AriaExecutor.h:649] Worker 3 latency: 1408 us (50%) 1664 us (75%) 1813 us (95%) 1851 us (99%).
I0312 06:45:13.475338 209363 AriaExecutor.h:649] Worker 4 latency: 1405 us (50%) 1662 us (75%) 1813 us (95%) 1851 us (99%).
I0312 06:45:13.492754 209363 AriaExecutor.h:649] Worker 5 latency: 1404 us (50%) 1661 us (75%) 1812 us (95%) 1851 us (99%).
I0312 06:45:13.509989 209363 AriaExecutor.h:649] Worker 6 latency: 1403 us (50%) 1661 us (75%) 1812 us (95%) 1851 us (99%).
I0312 06:45:13.527374 209363 AriaExecutor.h:649] Worker 7 latency: 1404 us (50%) 1660 us (75%) 1812 us (95%) 1850 us (99%).
I0312 06:45:13.544495 209363 AriaExecutor.h:649] Worker 8 latency: 1403 us (50%) 1660 us (75%) 1812 us (95%) 1850 us (99%).
I0312 06:45:13.562165 209363 AriaExecutor.h:649] Worker 9 latency: 1400 us (50%) 1658 us (75%) 1812 us (95%) 1850 us (99%).
I0312 06:45:13.579545 209363 AriaExecutor.h:649] Worker 10 latency: 1401 us (50%) 1658 us (75%) 1811 us (95%) 1850 us (99%).
I0312 06:45:13.597285 209363 AriaExecutor.h:649] Worker 11 latency: 1399 us (50%) 1657 us (75%) 1811 us (95%) 1850 us (99%).
I0312 06:45:13.614385 209363 AriaExecutor.h:649] Worker 12 latency: 1396 us (50%) 1656 us (75%) 1811 us (95%) 1850 us (99%).
I0312 06:45:13.631609 209363 AriaExecutor.h:649] Worker 13 latency: 1399 us (50%) 1657 us (75%) 1811 us (95%) 1850 us (99%).
I0312 06:45:13.648757 209363 AriaExecutor.h:649] Worker 14 latency: 1379 us (50%) 1649 us (75%) 1811 us (95%) 1850 us (99%).
I0312 06:45:13.665982 209363 AriaExecutor.h:649] Worker 15 latency: 1377 us (50%) 1648 us (75%) 1811 us (95%) 1850 us (99%).
I0312 06:45:13.683339 209363 Coordinator.h:177] total commit: 226902
I0312 06:45:14.683573 209363 Coordinator.h:192] Coordinator exits.
