I0312 07:49:31.495352 226273 Database.h:65] ycsb initialization finished in 99 milliseconds.
I0312 07:49:31.495571 226273 Coordinator.h:30] Coordinator initializes 48 workers.
I0312 07:49:31.559408 226273 Coordinator.h:77] Coordinator starts to run 49 workers.
I0312 07:49:31.559504 226325 AriaExecutor.h:91] AriaExecutor 0 started. 
I0312 07:49:31.559541 226326 AriaExecutor.h:91] AriaExecutor 1 started. 
I0312 07:49:31.559610 226327 AriaExecutor.h:91] AriaExecutor 2 started. 
I0312 07:49:31.559672 226328 AriaExecutor.h:91] AriaExecutor 3 started. 
I0312 07:49:31.559742 226329 AriaExecutor.h:91] AriaExecutor 4 started. 
I0312 07:49:31.559850 226330 AriaExecutor.h:91] AriaExecutor 5 started. 
I0312 07:49:31.559957 226331 AriaExecutor.h:91] AriaExecutor 6 started. 
I0312 07:49:31.560112 226333 AriaExecutor.h:91] AriaExecutor 8 started. 
I0312 07:49:31.560206 226334 AriaExecutor.h:91] AriaExecutor 9 started. 
I0312 07:49:31.560302 226335 AriaExecutor.h:91] AriaExecutor 10 started. 
I0312 07:49:31.560418 226336 AriaExecutor.h:91] AriaExecutor 11 started. 
I0312 07:49:31.560518 226337 AriaExecutor.h:91] AriaExecutor 12 started. 
I0312 07:49:31.560637 226338 AriaExecutor.h:91] AriaExecutor 13 started. 
I0312 07:49:31.560753 226339 AriaExecutor.h:91] AriaExecutor 14 started. 
I0312 07:49:31.560899 226340 AriaExecutor.h:91] AriaExecutor 15 started. 
I0312 07:49:31.561017 226341 AriaExecutor.h:91] AriaExecutor 16 started. 
I0312 07:49:31.561128 226342 AriaExecutor.h:91] AriaExecutor 17 started. 
I0312 07:49:31.561265 226343 AriaExecutor.h:91] AriaExecutor 18 started. 
I0312 07:49:31.561367 226344 AriaExecutor.h:91] AriaExecutor 19 started. 
I0312 07:49:31.561447 226345 AriaExecutor.h:91] AriaExecutor 20 started. 
I0312 07:49:31.561537 226346 AriaExecutor.h:91] AriaExecutor 21 started. 
I0312 07:49:31.561642 226347 AriaExecutor.h:91] AriaExecutor 22 started. 
I0312 07:49:31.561693 226348 AriaExecutor.h:91] AriaExecutor 23 started. 
I0312 07:49:31.561793 226349 AriaExecutor.h:91] AriaExecutor 24 started. 
I0312 07:49:31.561882 226350 AriaExecutor.h:91] AriaExecutor 25 started. 
I0312 07:49:31.561977 226351 AriaExecutor.h:91] AriaExecutor 26 started. 
I0312 07:49:31.562090 226352 AriaExecutor.h:91] AriaExecutor 27 started. 
I0312 07:49:31.562217 226353 AriaExecutor.h:91] AriaExecutor 28 started. 
I0312 07:49:31.562326 226354 AriaExecutor.h:91] AriaExecutor 29 started. 
I0312 07:49:31.562453 226355 AriaExecutor.h:91] AriaExecutor 30 started. 
I0312 07:49:31.562570 226356 AriaExecutor.h:91] AriaExecutor 31 started. 
I0312 07:49:31.562696 226357 AriaExecutor.h:91] AriaExecutor 32 started. 
I0312 07:49:31.562759 226358 AriaExecutor.h:91] AriaExecutor 33 started. 
I0312 07:49:31.562909 226359 AriaExecutor.h:91] AriaExecutor 34 started. 
I0312 07:49:31.562996 226360 AriaExecutor.h:91] AriaExecutor 35 started. 
I0312 07:49:31.563107 226361 AriaExecutor.h:91] AriaExecutor 36 started. 
I0312 07:49:31.563248 226362 AriaExecutor.h:91] AriaExecutor 37 started. 
I0312 07:49:31.563386 226363 AriaExecutor.h:91] AriaExecutor 38 started. 
I0312 07:49:31.563534 226364 AriaExecutor.h:91] AriaExecutor 39 started. 
I0312 07:49:31.563673 226365 AriaExecutor.h:91] AriaExecutor 40 started. 
I0312 07:49:31.563817 226366 AriaExecutor.h:91] AriaExecutor 41 started. 
I0312 07:49:31.563913 226367 AriaExecutor.h:91] AriaExecutor 42 started. 
I0312 07:49:31.564173 226368 AriaExecutor.h:91] AriaExecutor 43 started. 
I0312 07:49:31.564399 226369 AriaExecutor.h:91] AriaExecutor 44 started. 
I0312 07:49:31.564610 226370 AriaExecutor.h:91] AriaExecutor 45 started. 
I0312 07:49:31.564805 226371 AriaExecutor.h:91] AriaExecutor 46 started. 
I0312 07:49:31.564983 226372 AriaExecutor.h:91] AriaExecutor 47 started. 
I0312 07:49:31.565169 226373 Manager.h:224] Manager(worker id = 48) on the coordinator node started.
I0312 07:49:31.584260 226332 AriaExecutor.h:91] AriaExecutor 7 started. 
I0312 07:49:32.565256 226273 Coordinator.h:126] commit: 294265 abort: 592519 (0/592519/0), network size: 0, avg network size: 0, si_in_serializable: 0 0 %, local: 0 %
I0312 07:49:33.565419 226273 Coordinator.h:126] commit: 300663 abort: 602505 (0/602505/0), network size: 0, avg network size: 0, si_in_serializable: 0 0 %, local: 0 %
I0312 07:49:34.565562 226273 Coordinator.h:126] commit: 294883 abort: 593949 (0/593949/0), network size: 0, avg network size: 0, si_in_serializable: 0 0 %, local: 0 %
I0312 07:49:35.565784 226273 Coordinator.h:126] commit: 297324 abort: 597652 (0/597652/0), network size: 0, avg network size: 0, si_in_serializable: 0 0 %, local: 0 %
I0312 07:49:36.565963 226273 Coordinator.h:126] commit: 297888 abort: 597088 (0/597088/0), network size: 0, avg network size: 0, si_in_serializable: 0 0 %, local: 0 %
I0312 07:49:37.566102 226273 Coordinator.h:126] commit: 296891 abort: 596037 (0/596037/0), network size: 0, avg network size: 0, si_in_serializable: 0 0 %, local: 0 %
I0312 07:49:38.566239 226273 Coordinator.h:126] commit: 297522 abort: 595406 (0/595406/0), network size: 0, avg network size: 0, si_in_serializable: 0 0 %, local: 0 %
I0312 07:49:39.566380 226273 Coordinator.h:126] commit: 298269 abort: 600803 (0/600803/0), network size: 0, avg network size: 0, si_in_serializable: 0 0 %, local: 0 %
I0312 07:49:40.566519 226273 Coordinator.h:126] commit: 294418 abort: 594414 (0/594414/0), network size: 0, avg network size: 0, si_in_serializable: 0 0 %, local: 0 %
I0312 07:49:41.566651 226273 Coordinator.h:126] commit: 296991 abort: 597985 (0/597985/0), network size: 0, avg network size: 0, si_in_serializable: 0 0 %, local: 0 %
I0312 07:49:42.566828 226273 Coordinator.h:126] commit: 289025 abort: 581375 (0/581375/0), network size: 0, avg network size: 0, si_in_serializable: 0 0 %, local: 0 %
I0312 07:49:43.566980 226273 Coordinator.h:126] commit: 297813 abort: 599211 (0/599211/0), network size: 0, avg network size: 0, si_in_serializable: 0 0 %, local: 0 %
I0312 07:49:44.567119 226273 Coordinator.h:126] commit: 298855 abort: 600217 (0/600217/0), network size: 0, avg network size: 0, si_in_serializable: 0 0 %, local: 0 %
I0312 07:49:45.567255 226273 Coordinator.h:126] commit: 298718 abort: 600354 (0/600354/0), network size: 0, avg network size: 0, si_in_serializable: 0 0 %, local: 0 %
I0312 07:49:46.567401 226273 Coordinator.h:126] commit: 298705 abort: 600367 (0/600367/0), network size: 0, avg network size: 0, si_in_serializable: 0 0 %, local: 0 %
I0312 07:49:47.567539 226273 Coordinator.h:126] commit: 298088 abort: 598936 (0/598936/0), network size: 0, avg network size: 0, si_in_serializable: 0 0 %, local: 0 %
I0312 07:49:48.567682 226273 Coordinator.h:126] commit: 299355 abort: 603751 (0/603751/0), network size: 0, avg network size: 0, si_in_serializable: 0 0 %, local: 0 %
I0312 07:49:49.567826 226273 Coordinator.h:126] commit: 295919 abort: 592975 (0/592975/0), network size: 0, avg network size: 0, si_in_serializable: 0 0 %, local: 0 %
I0312 07:49:50.567967 226273 Coordinator.h:126] commit: 298669 abort: 600403 (0/600403/0), network size: 0, avg network size: 0, si_in_serializable: 0 0 %, local: 0 %
I0312 07:49:51.568110 226273 Coordinator.h:126] commit: 298277 abort: 600795 (0/600795/0), network size: 0, avg network size: 0, si_in_serializable: 0 0 %, local: 0 %
I0312 07:49:52.568253 226273 Coordinator.h:126] commit: 288730 abort: 581670 (0/581670/0), network size: 0, avg network size: 0, si_in_serializable: 0 0 %, local: 0 %
I0312 07:49:53.568393 226273 Coordinator.h:126] commit: 288219 abort: 578085 (0/578085/0), network size: 0, avg network size: 0, si_in_serializable: 0 0 %, local: 0 %
I0312 07:49:54.568564 226273 Coordinator.h:126] commit: 298424 abort: 600648 (0/600648/0), network size: 0, avg network size: 0, si_in_serializable: 0 0 %, local: 0 %
I0312 07:49:55.568729 226273 Coordinator.h:126] commit: 297770 abort: 601302 (0/601302/0), network size: 0, avg network size: 0, si_in_serializable: 0 0 %, local: 0 %
I0312 07:49:56.568871 226273 Coordinator.h:126] commit: 298034 abort: 598990 (0/598990/0), network size: 0, avg network size: 0, si_in_serializable: 0 0 %, local: 0 %
I0312 07:49:56.568925 226273 Coordinator.h:152] average commit: 297342 abort: 597838 (0/597838/0), network size: 0, avg network size: 0, si_in_serializable: 0 0 %, local: 0 %
I0312 07:49:56.569341 226362 AriaExecutor.h:103] AriaExecutor 37 exits. 
I0312 07:49:56.569351 226334 AriaExecutor.h:103] AriaExecutor 9 exits. 
I0312 07:49:56.569348 226337 AriaExecutor.h:103] AriaExecutor 12 exits. 
I0312 07:49:56.569394 226354 AriaExecutor.h:103] AriaExecutor 29 exits. 
I0312 07:49:56.569346 226371 AriaExecutor.h:103] AriaExecutor 46 exits. 
I0312 07:49:56.569372 226340 AriaExecutor.h:103] AriaExecutor 15 exits. 
I0312 07:49:56.569368 226345 AriaExecutor.h:103] AriaExecutor 20 exits. 
I0312 07:49:56.569375 226346 AriaExecutor.h:103] AriaExecutor 21 exits. 
I0312 07:49:56.569386 226373 Manager.h:227] Manager(worker id = 48) on the coordinator node exits.
I0312 07:49:56.569396 226369 AriaExecutor.h:103] AriaExecutor 44 exits. 
I0312 07:49:56.569347 226329 AriaExecutor.h:103] AriaExecutor 4 exits. 
I0312 07:49:56.569350 226367 AriaExecutor.h:103] AriaExecutor 42 exits. 
I0312 07:49:56.569347 226355 AriaExecutor.h:103] AriaExecutor 30 exits. 
I0312 07:49:56.569347 226338 AriaExecutor.h:103] AriaExecutor 13 exits. 
I0312 07:49:56.569352 226360 AriaExecutor.h:103] AriaExecutor 35 exits. 
I0312 07:49:56.569416 226343 AriaExecutor.h:103] AriaExecutor 18 exits. 
I0312 07:49:56.569352 226365 AriaExecutor.h:103] AriaExecutor 40 exits. 
I0312 07:49:56.569351 226336 AriaExecutor.h:103] AriaExecutor 11 exits. 
I0312 07:49:56.569355 226332 AriaExecutor.h:103] AriaExecutor 7 exits. 
I0312 07:49:56.569350 226335 AriaExecutor.h:103] AriaExecutor 10 exits. 
I0312 07:49:56.569350 226361 AriaExecutor.h:103] AriaExecutor 36 exits. 
I0312 07:49:56.569366 226368 AriaExecutor.h:103] AriaExecutor 43 exits. 
I0312 07:49:56.569362 226350 AriaExecutor.h:103] AriaExecutor 25 exits. 
I0312 07:49:56.569368 226341 AriaExecutor.h:103] AriaExecutor 16 exits. 
I0312 07:49:56.569353 226363 AriaExecutor.h:103] AriaExecutor 38 exits. 
I0312 07:49:56.569371 226353 AriaExecutor.h:103] AriaExecutor 28 exits. 
I0312 07:49:56.569373 226347 AriaExecutor.h:103] AriaExecutor 22 exits. 
I0312 07:49:56.569371 226344 AriaExecutor.h:103] AriaExecutor 19 exits. 
I0312 07:49:56.569341 226331 AriaExecutor.h:103] AriaExecutor 6 exits. 
I0312 07:49:56.569362 226352 AriaExecutor.h:103] AriaExecutor 27 exits. 
I0312 07:49:56.569378 226357 AriaExecutor.h:103] AriaExecutor 32 exits. 
I0312 07:49:56.569341 226330 AriaExecutor.h:103] AriaExecutor 5 exits. 
I0312 07:49:56.569344 226333 AriaExecutor.h:103] AriaExecutor 8 exits. 
I0312 07:49:56.569346 226325 AriaExecutor.h:103] AriaExecutor 0 exits. 
I0312 07:49:56.569393 226356 AriaExecutor.h:103] AriaExecutor 31 exits. 
I0312 07:49:56.569396 226370 AriaExecutor.h:103] AriaExecutor 45 exits. 
I0312 07:49:56.569368 226339 AriaExecutor.h:103] AriaExecutor 14 exits. 
I0312 07:49:56.569396 226326 AriaExecutor.h:103] AriaExecutor 1 exits. 
I0312 07:49:56.569371 226349 AriaExecutor.h:103] AriaExecutor 24 exits. 
I0312 07:49:56.569347 226372 AriaExecutor.h:103] AriaExecutor 47 exits. 
I0312 07:49:56.569406 226359 AriaExecutor.h:103] AriaExecutor 34 exits. 
I0312 07:49:56.569347 226328 AriaExecutor.h:103] AriaExecutor 3 exits. 
I0312 07:49:56.569347 226366 AriaExecutor.h:103] AriaExecutor 41 exits. 
I0312 07:49:56.569414 226348 AriaExecutor.h:103] AriaExecutor 23 exits. 
I0312 07:49:56.569396 226327 AriaExecutor.h:103] AriaExecutor 2 exits. 
I0312 07:49:56.569415 226342 AriaExecutor.h:103] AriaExecutor 17 exits. 
I0312 07:49:56.569416 226351 AriaExecutor.h:103] AriaExecutor 26 exits. 
I0312 07:49:56.569351 226364 AriaExecutor.h:103] AriaExecutor 39 exits. 
I0312 07:49:56.569396 226358 AriaExecutor.h:103] AriaExecutor 33 exits. 
I0312 07:49:56.568941 226273 AriaExecutor.h:649] Worker 0 latency: 1911 us (50%) 2089 us (75%) 2200 us (95%) 2248 us (99%).
I0312 07:49:56.577430 226273 AriaExecutor.h:649] Worker 1 latency: 1910 us (50%) 2088 us (75%) 2200 us (95%) 2249 us (99%).
I0312 07:49:56.585253 226273 AriaExecutor.h:649] Worker 2 latency: 1909 us (50%) 2087 us (75%) 2199 us (95%) 2248 us (99%).
I0312 07:49:56.593127 226273 AriaExecutor.h:649] Worker 3 latency: 1910 us (50%) 2087 us (75%) 2199 us (95%) 2248 us (99%).
I0312 07:49:56.601037 226273 AriaExecutor.h:649] Worker 4 latency: 1908 us (50%) 2086 us (75%) 2199 us (95%) 2248 us (99%).
I0312 07:49:56.608924 226273 AriaExecutor.h:649] Worker 5 latency: 1907 us (50%) 2085 us (75%) 2198 us (95%) 2248 us (99%).
I0312 07:49:56.616888 226273 AriaExecutor.h:649] Worker 6 latency: 1907 us (50%) 2085 us (75%) 2198 us (95%) 2248 us (99%).
I0312 07:49:56.624778 226273 AriaExecutor.h:649] Worker 7 latency: 1906 us (50%) 2084 us (75%) 2198 us (95%) 2246 us (99%).
I0312 07:49:56.632699 226273 AriaExecutor.h:649] Worker 8 latency: 1906 us (50%) 2084 us (75%) 2198 us (95%) 2247 us (99%).
I0312 07:49:56.640509 226273 AriaExecutor.h:649] Worker 9 latency: 1905 us (50%) 2083 us (75%) 2197 us (95%) 2246 us (99%).
I0312 07:49:56.648427 226273 AriaExecutor.h:649] Worker 10 latency: 1906 us (50%) 2084 us (75%) 2198 us (95%) 2247 us (99%).
I0312 07:49:56.656174 226273 AriaExecutor.h:649] Worker 11 latency: 1904 us (50%) 2083 us (75%) 2197 us (95%) 2247 us (99%).
I0312 07:49:56.663957 226273 AriaExecutor.h:649] Worker 12 latency: 1903 us (50%) 2082 us (75%) 2197 us (95%) 2246 us (99%).
I0312 07:49:56.671772 226273 AriaExecutor.h:649] Worker 13 latency: 1903 us (50%) 2082 us (75%) 2197 us (95%) 2246 us (99%).
I0312 07:49:56.679594 226273 AriaExecutor.h:649] Worker 14 latency: 1903 us (50%) 2082 us (75%) 2197 us (95%) 2246 us (99%).
I0312 07:49:56.687397 226273 AriaExecutor.h:649] Worker 15 latency: 1903 us (50%) 2082 us (75%) 2197 us (95%) 2247 us (99%).
I0312 07:49:56.695063 226273 AriaExecutor.h:649] Worker 16 latency: 1733 us (50%) 2026 us (75%) 2192 us (95%) 2246 us (99%).
I0312 07:49:56.703171 226273 AriaExecutor.h:649] Worker 17 latency: 1920 us (50%) 2090 us (75%) 2199 us (95%) 2248 us (99%).
I0312 07:49:56.710901 226273 AriaExecutor.h:649] Worker 18 latency: 1919 us (50%) 2089 us (75%) 2198 us (95%) 2247 us (99%).
I0312 07:49:56.718603 226273 AriaExecutor.h:649] Worker 19 latency: 1918 us (50%) 2088 us (75%) 2198 us (95%) 2246 us (99%).
I0312 07:49:56.726348 226273 AriaExecutor.h:649] Worker 20 latency: 1917 us (50%) 2088 us (75%) 2198 us (95%) 2247 us (99%).
I0312 07:49:56.734036 226273 AriaExecutor.h:649] Worker 21 latency: 1916 us (50%) 2088 us (75%) 2197 us (95%) 2246 us (99%).
I0312 07:49:56.741698 226273 AriaExecutor.h:649] Worker 22 latency: 1917 us (50%) 2088 us (75%) 2197 us (95%) 2246 us (99%).
I0312 07:49:56.749253 226273 AriaExecutor.h:649] Worker 23 latency: 1916 us (50%) 2087 us (75%) 2197 us (95%) 2246 us (99%).
I0312 07:49:56.756871 226273 AriaExecutor.h:649] Worker 24 latency: 1916 us (50%) 2086 us (75%) 2197 us (95%) 2246 us (99%).
I0312 07:49:56.764475 226273 AriaExecutor.h:649] Worker 25 latency: 1915 us (50%) 2087 us (75%) 2196 us (95%) 2245 us (99%).
I0312 07:49:56.772166 226273 AriaExecutor.h:649] Worker 26 latency: 1917 us (50%) 2087 us (75%) 2197 us (95%) 2247 us (99%).
I0312 07:49:56.779785 226273 AriaExecutor.h:649] Worker 27 latency: 1915 us (50%) 2086 us (75%) 2196 us (95%) 2246 us (99%).
I0312 07:49:56.787279 226273 AriaExecutor.h:649] Worker 28 latency: 1914 us (50%) 2085 us (75%) 2196 us (95%) 2245 us (99%).
I0312 07:49:56.794801 226273 AriaExecutor.h:649] Worker 29 latency: 1897 us (50%) 2080 us (75%) 2196 us (95%) 2245 us (99%).
I0312 07:49:56.802373 226273 AriaExecutor.h:649] Worker 30 latency: 1909 us (50%) 2083 us (75%) 2195 us (95%) 2245 us (99%).
I0312 07:49:56.810166 226273 AriaExecutor.h:649] Worker 31 latency: 1911 us (50%) 2084 us (75%) 2196 us (95%) 2245 us (99%).
I0312 07:49:56.817909 226273 AriaExecutor.h:649] Worker 32 latency: 1903 us (50%) 2078 us (75%) 2194 us (95%) 2245 us (99%).
I0312 07:49:56.825344 226273 AriaExecutor.h:649] Worker 33 latency: 1905 us (50%) 2079 us (75%) 2194 us (95%) 2245 us (99%).
I0312 07:49:56.832737 226273 AriaExecutor.h:649] Worker 34 latency: 1902 us (50%) 2079 us (75%) 2194 us (95%) 2244 us (99%).
I0312 07:49:56.840188 226273 AriaExecutor.h:649] Worker 35 latency: 1904 us (50%) 2079 us (75%) 2194 us (95%) 2245 us (99%).
I0312 07:49:56.847733 226273 AriaExecutor.h:649] Worker 36 latency: 1901 us (50%) 2078 us (75%) 2194 us (95%) 2244 us (99%).
I0312 07:49:56.855290 226273 AriaExecutor.h:649] Worker 37 latency: 1902 us (50%) 2077 us (75%) 2194 us (95%) 2243 us (99%).
I0312 07:49:56.862793 226273 AriaExecutor.h:649] Worker 38 latency: 1902 us (50%) 2078 us (75%) 2194 us (95%) 2245 us (99%).
I0312 07:49:56.870303 226273 AriaExecutor.h:649] Worker 39 latency: 1901 us (50%) 2077 us (75%) 2193 us (95%) 2244 us (99%).
I0312 07:49:56.877763 226273 AriaExecutor.h:649] Worker 40 latency: 1900 us (50%) 2076 us (75%) 2193 us (95%) 2244 us (99%).
I0312 07:49:56.885224 226273 AriaExecutor.h:649] Worker 41 latency: 1902 us (50%) 2076 us (75%) 2193 us (95%) 2244 us (99%).
I0312 07:49:56.892695 226273 AriaExecutor.h:649] Worker 42 latency: 1901 us (50%) 2076 us (75%) 2193 us (95%) 2243 us (99%).
I0312 07:49:56.900138 226273 AriaExecutor.h:649] Worker 43 latency: 1900 us (50%) 2076 us (75%) 2193 us (95%) 2243 us (99%).
I0312 07:49:56.907778 226273 AriaExecutor.h:649] Worker 44 latency: 1899 us (50%) 2075 us (75%) 2193 us (95%) 2243 us (99%).
I0312 07:49:56.915197 226273 AriaExecutor.h:649] Worker 45 latency: 1900 us (50%) 2075 us (75%) 2192 us (95%) 2243 us (99%).
I0312 07:49:56.922576 226273 AriaExecutor.h:649] Worker 46 latency: 1899 us (50%) 2076 us (75%) 2193 us (95%) 2244 us (99%).
I0312 07:49:56.930096 226273 AriaExecutor.h:649] Worker 47 latency: 1898 us (50%) 2074 us (75%) 2193 us (95%) 2243 us (99%).
I0312 07:49:56.937464 226273 Coordinator.h:177] total commit: 297342
I0312 07:49:57.937674 226273 Coordinator.h:192] Coordinator exits.
