I0312 02:23:51.439522 153054 Database.h:65] ycsb initialization finished in 177 milliseconds.
I0312 02:23:51.439733 153054 Coordinator.h:30] Coordinator initializes 8 workers.
I0312 02:23:51.502130 153054 Coordinator.h:77] Coordinator starts to run 9 workers.
I0312 02:23:51.502219 153066 AriaExecutor.h:82] AriaExecutor 0 started. 
I0312 02:23:51.502249 153067 AriaExecutor.h:82] AriaExecutor 1 started. 
I0312 02:23:51.502323 153068 AriaExecutor.h:82] AriaExecutor 2 started. 
I0312 02:23:51.502389 153069 AriaExecutor.h:82] AriaExecutor 3 started. 
I0312 02:23:51.502460 153070 AriaExecutor.h:82] AriaExecutor 4 started. 
I0312 02:23:51.502535 153071 AriaExecutor.h:82] AriaExecutor 5 started. 
I0312 02:23:51.502596 153072 AriaExecutor.h:82] AriaExecutor 6 started. 
I0312 02:23:51.502650 153073 AriaExecutor.h:82] AriaExecutor 7 started. 
I0312 02:23:51.502743 153074 Manager.h:224] Manager(worker id = 8) on the coordinator node started.
I0312 02:23:52.502807 153054 Coordinator.h:126] commit: 437 abort: 48715 (0/48715/0), network size: 0, avg network size: 0, si_in_serializable: 0 0 %, local: 0 %
I0312 02:23:53.502965 153054 Coordinator.h:126] commit: 465 abort: 48687 (0/48687/0), network size: 0, avg network size: 0, si_in_serializable: 0 0 %, local: 0 %
I0312 02:23:54.503173 153054 Coordinator.h:126] commit: 470 abort: 50730 (0/50730/0), network size: 0, avg network size: 0, si_in_serializable: 0 0 %, local: 0 %
I0312 02:23:55.503332 153054 Coordinator.h:126] commit: 446 abort: 50754 (0/50754/0), network size: 0, avg network size: 0, si_in_serializable: 0 0 %, local: 0 %
I0312 02:23:56.503464 153054 Coordinator.h:126] commit: 479 abort: 50721 (0/50721/0), network size: 0, avg network size: 0, si_in_serializable: 0 0 %, local: 0 %
I0312 02:23:57.503608 153054 Coordinator.h:126] commit: 404 abort: 48748 (0/48748/0), network size: 0, avg network size: 0, si_in_serializable: 0 0 %, local: 0 %
I0312 02:23:58.503767 153054 Coordinator.h:126] commit: 442 abort: 50758 (0/50758/0), network size: 0, avg network size: 0, si_in_serializable: 0 0 %, local: 0 %
I0312 02:23:59.503974 153054 Coordinator.h:126] commit: 465 abort: 50735 (0/50735/0), network size: 0, avg network size: 0, si_in_serializable: 0 0 %, local: 0 %
I0312 02:24:00.504130 153054 Coordinator.h:126] commit: 441 abort: 48711 (0/48711/0), network size: 0, avg network size: 0, si_in_serializable: 0 0 %, local: 0 %
I0312 02:24:01.504267 153054 Coordinator.h:126] commit: 474 abort: 50726 (0/50726/0), network size: 0, avg network size: 0, si_in_serializable: 0 0 %, local: 0 %
I0312 02:24:02.504408 153054 Coordinator.h:126] commit: 463 abort: 50737 (0/50737/0), network size: 0, avg network size: 0, si_in_serializable: 0 0 %, local: 0 %
I0312 02:24:03.504565 153054 Coordinator.h:126] commit: 448 abort: 50752 (0/50752/0), network size: 0, avg network size: 0, si_in_serializable: 0 0 %, local: 0 %
I0312 02:24:04.504712 153054 Coordinator.h:126] commit: 434 abort: 48718 (0/48718/0), network size: 0, avg network size: 0, si_in_serializable: 0 0 %, local: 0 %
I0312 02:24:05.504904 153054 Coordinator.h:126] commit: 468 abort: 50732 (0/50732/0), network size: 0, avg network size: 0, si_in_serializable: 0 0 %, local: 0 %
I0312 02:24:06.505057 153054 Coordinator.h:126] commit: 485 abort: 50715 (0/50715/0), network size: 0, avg network size: 0, si_in_serializable: 0 0 %, local: 0 %
I0312 02:24:07.505199 153054 Coordinator.h:126] commit: 439 abort: 50761 (0/50761/0), network size: 0, avg network size: 0, si_in_serializable: 0 0 %, local: 0 %
I0312 02:24:08.505343 153054 Coordinator.h:126] commit: 467 abort: 50733 (0/50733/0), network size: 0, avg network size: 0, si_in_serializable: 0 0 %, local: 0 %
I0312 02:24:09.505470 153054 Coordinator.h:126] commit: 459 abort: 48693 (0/48693/0), network size: 0, avg network size: 0, si_in_serializable: 0 0 %, local: 0 %
I0312 02:24:10.505602 153054 Coordinator.h:126] commit: 460 abort: 50740 (0/50740/0), network size: 0, avg network size: 0, si_in_serializable: 0 0 %, local: 0 %
I0312 02:24:11.505735 153054 Coordinator.h:126] commit: 448 abort: 50752 (0/50752/0), network size: 0, avg network size: 0, si_in_serializable: 0 0 %, local: 0 %
I0312 02:24:12.505875 153054 Coordinator.h:126] commit: 448 abort: 50752 (0/50752/0), network size: 0, avg network size: 0, si_in_serializable: 0 0 %, local: 0 %
I0312 02:24:13.506032 153054 Coordinator.h:126] commit: 433 abort: 48719 (0/48719/0), network size: 0, avg network size: 0, si_in_serializable: 0 0 %, local: 0 %
I0312 02:24:14.506182 153054 Coordinator.h:126] commit: 460 abort: 50740 (0/50740/0), network size: 0, avg network size: 0, si_in_serializable: 0 0 %, local: 0 %
I0312 02:24:15.506386 153054 Coordinator.h:126] commit: 473 abort: 50727 (0/50727/0), network size: 0, avg network size: 0, si_in_serializable: 0 0 %, local: 0 %
I0312 02:24:16.506539 153054 Coordinator.h:126] commit: 469 abort: 50731 (0/50731/0), network size: 0, avg network size: 0, si_in_serializable: 0 0 %, local: 0 %
I0312 02:24:16.506587 153054 Coordinator.h:152] average commit: 457.1 abort: 50333.3 (0/50333.3/0), network size: 0, avg network size: 0, si_in_serializable: 0 0 %, local: 0 %
I0312 02:24:16.506628 153054 AriaExecutor.h:535] Worker 0 latency: 40190 us (50%) 40298 us (75%) 40594 us (95%) 43932 us (99%).
I0312 02:24:16.544445 153067 AriaExecutor.h:94] AriaExecutor 1 exits. 
I0312 02:24:16.544445 153069 AriaExecutor.h:94] AriaExecutor 3 exits. 
I0312 02:24:16.544446 153068 AriaExecutor.h:94] AriaExecutor 2 exits. 
I0312 02:24:16.544445 153066 AriaExecutor.h:94] AriaExecutor 0 exits. 
I0312 02:24:16.544446 153072 AriaExecutor.h:94] AriaExecutor 6 exits. 
I0312 02:24:16.544446 153074 Manager.h:227] Manager(worker id = 8) on the coordinator node exits.
I0312 02:24:16.544446 153073 AriaExecutor.h:94] AriaExecutor 7 exits. 
I0312 02:24:16.544446 153071 AriaExecutor.h:94] AriaExecutor 5 exits. 
I0312 02:24:16.544446 153070 AriaExecutor.h:94] AriaExecutor 4 exits. 
I0312 02:24:16.544710 153054 AriaExecutor.h:535] Worker 1 latency: 40188 us (50%) 40293 us (75%) 40539 us (95%) 43456 us (99%).
I0312 02:24:16.544978 153054 AriaExecutor.h:535] Worker 2 latency: 40184 us (50%) 40288 us (75%) 40575 us (95%) 43898 us (99%).
I0312 02:24:16.545207 153054 AriaExecutor.h:535] Worker 3 latency: 40181 us (50%) 40285 us (75%) 40527 us (95%) 43282 us (99%).
I0312 02:24:16.545409 153054 AriaExecutor.h:535] Worker 4 latency: 40185 us (50%) 40290 us (75%) 40537 us (95%) 41887 us (99%).
I0312 02:24:16.545652 153054 AriaExecutor.h:535] Worker 5 latency: 40184 us (50%) 40289 us (75%) 40580 us (95%) 46414 us (99%).
I0312 02:24:16.545878 153054 AriaExecutor.h:535] Worker 6 latency: 40177 us (50%) 40292 us (75%) 40609 us (95%) 44638 us (99%).
I0312 02:24:16.546079 153054 AriaExecutor.h:535] Worker 7 latency: 40169 us (50%) 40276 us (75%) 40593 us (95%) 41760 us (99%).
I0312 02:24:16.546305 153054 Coordinator.h:177] total commit: 457.1
I0312 02:24:17.546510 153054 Coordinator.h:192] Coordinator exits.
