I0312 02:03:53.686097 150993 Database.h:65] ycsb initialization finished in 260 milliseconds.
I0312 02:03:53.686314 150993 Coordinator.h:30] Coordinator initializes 4 workers.
I0312 02:03:53.749425 150993 Coordinator.h:77] Coordinator starts to run 5 workers.
I0312 02:03:53.749521 151001 AriaExecutor.h:82] AriaExecutor 0 started. 
I0312 02:03:53.749568 151002 AriaExecutor.h:82] AriaExecutor 1 started. 
I0312 02:03:53.749661 151003 AriaExecutor.h:82] AriaExecutor 2 started. 
I0312 02:03:53.749723 151004 AriaExecutor.h:82] AriaExecutor 3 started. 
I0312 02:03:53.749786 151005 Manager.h:224] Manager(worker id = 4) on the coordinator node started.
I0312 02:03:54.749823 150993 Coordinator.h:126] commit: 80818 abort: 91214 (0/91214/0), network size: 0, avg network size: 0, si_in_serializable: 0 0 %, local: 0 %
I0312 02:03:55.750051 150993 Coordinator.h:126] commit: 82669 abort: 93459 (0/93459/0), network size: 0, avg network size: 0, si_in_serializable: 0 0 %, local: 0 %
I0312 02:03:56.750206 150993 Coordinator.h:126] commit: 83028 abort: 93100 (0/93100/0), network size: 0, avg network size: 0, si_in_serializable: 0 0 %, local: 0 %
I0312 02:03:57.750344 150993 Coordinator.h:126] commit: 83604 abort: 94572 (0/94572/0), network size: 0, avg network size: 0, si_in_serializable: 0 0 %, local: 0 %
I0312 02:03:58.750535 150993 Coordinator.h:126] commit: 81795 abort: 92285 (0/92285/0), network size: 0, avg network size: 0, si_in_serializable: 0 0 %, local: 0 %
I0312 02:03:59.750679 150993 Coordinator.h:126] commit: 82530 abort: 93598 (0/93598/0), network size: 0, avg network size: 0, si_in_serializable: 0 0 %, local: 0 %
I0312 02:04:00.750857 150993 Coordinator.h:126] commit: 81877 abort: 92203 (0/92203/0), network size: 0, avg network size: 0, si_in_serializable: 0 0 %, local: 0 %
I0312 02:04:01.751003 150993 Coordinator.h:126] commit: 84016 abort: 94160 (0/94160/0), network size: 0, avg network size: 0, si_in_serializable: 0 0 %, local: 0 %
I0312 02:04:02.751185 150993 Coordinator.h:126] commit: 81883 abort: 92197 (0/92197/0), network size: 0, avg network size: 0, si_in_serializable: 0 0 %, local: 0 %
I0312 02:04:03.751324 150993 Coordinator.h:126] commit: 82495 abort: 93633 (0/93633/0), network size: 0, avg network size: 0, si_in_serializable: 0 0 %, local: 0 %
I0312 02:04:04.751449 150993 Coordinator.h:126] commit: 83735 abort: 94441 (0/94441/0), network size: 0, avg network size: 0, si_in_serializable: 0 0 %, local: 0 %
I0312 02:04:05.751626 150993 Coordinator.h:126] commit: 81843 abort: 92237 (0/92237/0), network size: 0, avg network size: 0, si_in_serializable: 0 0 %, local: 0 %
I0312 02:04:06.751775 150993 Coordinator.h:126] commit: 83096 abort: 93032 (0/93032/0), network size: 0, avg network size: 0, si_in_serializable: 0 0 %, local: 0 %
I0312 02:04:07.751914 150993 Coordinator.h:126] commit: 82909 abort: 93219 (0/93219/0), network size: 0, avg network size: 0, si_in_serializable: 0 0 %, local: 0 %
I0312 02:04:08.752050 150993 Coordinator.h:126] commit: 83926 abort: 94250 (0/94250/0), network size: 0, avg network size: 0, si_in_serializable: 0 0 %, local: 0 %
I0312 02:04:09.752260 150993 Coordinator.h:126] commit: 82092 abort: 91988 (0/91988/0), network size: 0, avg network size: 0, si_in_serializable: 0 0 %, local: 0 %
I0312 02:04:10.752403 150993 Coordinator.h:126] commit: 83954 abort: 94222 (0/94222/0), network size: 0, avg network size: 0, si_in_serializable: 0 0 %, local: 0 %
I0312 02:04:11.752537 150993 Coordinator.h:126] commit: 82911 abort: 93217 (0/93217/0), network size: 0, avg network size: 0, si_in_serializable: 0 0 %, local: 0 %
I0312 02:04:12.752663 150993 Coordinator.h:126] commit: 84117 abort: 94059 (0/94059/0), network size: 0, avg network size: 0, si_in_serializable: 0 0 %, local: 0 %
I0312 02:04:13.752789 150993 Coordinator.h:126] commit: 82717 abort: 93411 (0/93411/0), network size: 0, avg network size: 0, si_in_serializable: 0 0 %, local: 0 %
I0312 02:04:14.752976 150993 Coordinator.h:126] commit: 81935 abort: 92145 (0/92145/0), network size: 0, avg network size: 0, si_in_serializable: 0 0 %, local: 0 %
I0312 02:04:15.753113 150993 Coordinator.h:126] commit: 83682 abort: 94494 (0/94494/0), network size: 0, avg network size: 0, si_in_serializable: 0 0 %, local: 0 %
I0312 02:04:16.753249 150993 Coordinator.h:126] commit: 82532 abort: 93596 (0/93596/0), network size: 0, avg network size: 0, si_in_serializable: 0 0 %, local: 0 %
I0312 02:04:17.753382 150993 Coordinator.h:126] commit: 83708 abort: 94468 (0/94468/0), network size: 0, avg network size: 0, si_in_serializable: 0 0 %, local: 0 %
I0312 02:04:18.753512 150993 Coordinator.h:126] commit: 83029 abort: 93099 (0/93099/0), network size: 0, avg network size: 0, si_in_serializable: 0 0 %, local: 0 %
I0312 02:04:18.753567 150993 Coordinator.h:152] average commit: 83130 abort: 93407.6 (0/93407.6/0), network size: 0, avg network size: 0, si_in_serializable: 0 0 %, local: 0 %
I0312 02:04:18.755138 151002 AriaExecutor.h:94] AriaExecutor 1 exits. 
I0312 02:04:18.755138 151004 AriaExecutor.h:94] AriaExecutor 3 exits. 
I0312 02:04:18.755138 151003 AriaExecutor.h:94] AriaExecutor 2 exits. 
I0312 02:04:18.755138 151001 AriaExecutor.h:94] AriaExecutor 0 exits. 
I0312 02:04:18.755139 151005 Manager.h:227] Manager(worker id = 4) on the coordinator node exits.
I0312 02:04:18.753610 150993 AriaExecutor.h:535] Worker 0 latency: 7523 us (50%) 9761 us (75%) 11225 us (95%) 11453 us (99%).
I0312 02:04:18.793982 150993 AriaExecutor.h:535] Worker 1 latency: 7528 us (50%) 9757 us (75%) 11220 us (95%) 11448 us (99%).
I0312 02:04:18.820489 150993 AriaExecutor.h:535] Worker 2 latency: 7523 us (50%) 9758 us (75%) 11218 us (95%) 11448 us (99%).
I0312 02:04:18.847088 150993 AriaExecutor.h:535] Worker 3 latency: 7532 us (50%) 9763 us (75%) 11218 us (95%) 11446 us (99%).
I0312 02:04:18.873682 150993 Coordinator.h:177] total commit: 83130
I0312 02:04:19.873883 150993 Coordinator.h:192] Coordinator exits.
