I0312 06:54:32.830543 210594 Database.h:65] ycsb initialization finished in 98 milliseconds.
I0312 06:54:32.830757 210594 Coordinator.h:30] Coordinator initializes 16 workers.
I0312 06:54:32.892900 210594 Coordinator.h:77] Coordinator starts to run 17 workers.
I0312 06:54:32.893016 210614 AriaExecutor.h:91] AriaExecutor 0 started. 
I0312 06:54:32.893054 210615 AriaExecutor.h:91] AriaExecutor 1 started. 
I0312 06:54:32.893141 210616 AriaExecutor.h:91] AriaExecutor 2 started. 
I0312 06:54:32.893201 210617 AriaExecutor.h:91] AriaExecutor 3 started. 
I0312 06:54:32.893267 210618 AriaExecutor.h:91] AriaExecutor 4 started. 
I0312 06:54:32.893334 210619 AriaExecutor.h:91] AriaExecutor 5 started. 
I0312 06:54:32.893394 210620 AriaExecutor.h:91] AriaExecutor 6 started. 
I0312 06:54:32.893460 210621 AriaExecutor.h:91] AriaExecutor 7 started. 
I0312 06:54:32.893515 210622 AriaExecutor.h:91] AriaExecutor 8 started. 
I0312 06:54:32.893600 210623 AriaExecutor.h:91] AriaExecutor 9 started. 
I0312 06:54:32.893692 210624 AriaExecutor.h:91] AriaExecutor 10 started. 
I0312 06:54:32.893816 210625 AriaExecutor.h:91] AriaExecutor 11 started. 
I0312 06:54:32.893930 210626 AriaExecutor.h:91] AriaExecutor 12 started. 
I0312 06:54:32.894052 210627 AriaExecutor.h:91] AriaExecutor 13 started. 
I0312 06:54:32.894163 210628 AriaExecutor.h:91] AriaExecutor 14 started. 
I0312 06:54:32.894300 210629 AriaExecutor.h:91] AriaExecutor 15 started. 
I0312 06:54:32.894419 210630 Manager.h:224] Manager(worker id = 16) on the coordinator node started.
I0312 06:54:33.894464 210594 Coordinator.h:126] commit: 332 abort: 169652 (0/169652/0), network size: 0, avg network size: 0, si_in_serializable: 0 0 %, local: 0 %
I0312 06:54:34.894630 210594 Coordinator.h:126] commit: 310 abort: 171722 (0/171722/0), network size: 0, avg network size: 0, si_in_serializable: 0 0 %, local: 0 %
I0312 06:54:35.894809 210594 Coordinator.h:126] commit: 334 abort: 175794 (0/175794/0), network size: 0, avg network size: 0, si_in_serializable: 0 0 %, local: 0 %
I0312 06:54:36.894951 210594 Coordinator.h:126] commit: 321 abort: 175807 (0/175807/0), network size: 0, avg network size: 0, si_in_serializable: 0 0 %, local: 0 %
I0312 06:54:37.895083 210594 Coordinator.h:126] commit: 339 abort: 173741 (0/173741/0), network size: 0, avg network size: 0, si_in_serializable: 0 0 %, local: 0 %
I0312 06:54:38.895219 210594 Coordinator.h:126] commit: 349 abort: 173731 (0/173731/0), network size: 0, avg network size: 0, si_in_serializable: 0 0 %, local: 0 %
I0312 06:54:39.895392 210594 Coordinator.h:126] commit: 343 abort: 173737 (0/173737/0), network size: 0, avg network size: 0, si_in_serializable: 0 0 %, local: 0 %
I0312 06:54:40.895538 210594 Coordinator.h:126] commit: 350 abort: 175778 (0/175778/0), network size: 0, avg network size: 0, si_in_serializable: 0 0 %, local: 0 %
I0312 06:54:41.895673 210594 Coordinator.h:126] commit: 333 abort: 173747 (0/173747/0), network size: 0, avg network size: 0, si_in_serializable: 0 0 %, local: 0 %
I0312 06:54:42.895850 210594 Coordinator.h:126] commit: 348 abort: 175780 (0/175780/0), network size: 0, avg network size: 0, si_in_serializable: 0 0 %, local: 0 %
I0312 06:54:43.895998 210594 Coordinator.h:126] commit: 335 abort: 173745 (0/173745/0), network size: 0, avg network size: 0, si_in_serializable: 0 0 %, local: 0 %
I0312 06:54:44.896126 210594 Coordinator.h:126] commit: 326 abort: 175802 (0/175802/0), network size: 0, avg network size: 0, si_in_serializable: 0 0 %, local: 0 %
I0312 06:54:45.896262 210594 Coordinator.h:126] commit: 342 abort: 175786 (0/175786/0), network size: 0, avg network size: 0, si_in_serializable: 0 0 %, local: 0 %
I0312 06:54:46.896391 210594 Coordinator.h:126] commit: 332 abort: 175796 (0/175796/0), network size: 0, avg network size: 0, si_in_serializable: 0 0 %, local: 0 %
I0312 06:54:47.896522 210594 Coordinator.h:126] commit: 325 abort: 175803 (0/175803/0), network size: 0, avg network size: 0, si_in_serializable: 0 0 %, local: 0 %
I0312 06:54:48.896657 210594 Coordinator.h:126] commit: 336 abort: 173744 (0/173744/0), network size: 0, avg network size: 0, si_in_serializable: 0 0 %, local: 0 %
I0312 06:54:49.896790 210594 Coordinator.h:126] commit: 355 abort: 173725 (0/173725/0), network size: 0, avg network size: 0, si_in_serializable: 0 0 %, local: 0 %
I0312 06:54:50.896922 210594 Coordinator.h:126] commit: 334 abort: 175794 (0/175794/0), network size: 0, avg network size: 0, si_in_serializable: 0 0 %, local: 0 %
I0312 06:54:51.897096 210594 Coordinator.h:126] commit: 305 abort: 175823 (0/175823/0), network size: 0, avg network size: 0, si_in_serializable: 0 0 %, local: 0 %
I0312 06:54:52.897238 210594 Coordinator.h:126] commit: 341 abort: 175787 (0/175787/0), network size: 0, avg network size: 0, si_in_serializable: 0 0 %, local: 0 %
I0312 06:54:53.897372 210594 Coordinator.h:126] commit: 309 abort: 173771 (0/173771/0), network size: 0, avg network size: 0, si_in_serializable: 0 0 %, local: 0 %
I0312 06:54:54.897502 210594 Coordinator.h:126] commit: 335 abort: 175793 (0/175793/0), network size: 0, avg network size: 0, si_in_serializable: 0 0 %, local: 0 %
I0312 06:54:55.897634 210594 Coordinator.h:126] commit: 316 abort: 173764 (0/173764/0), network size: 0, avg network size: 0, si_in_serializable: 0 0 %, local: 0 %
I0312 06:54:56.897763 210594 Coordinator.h:126] commit: 360 abort: 175768 (0/175768/0), network size: 0, avg network size: 0, si_in_serializable: 0 0 %, local: 0 %
I0312 06:54:57.897889 210594 Coordinator.h:126] commit: 322 abort: 175806 (0/175806/0), network size: 0, avg network size: 0, si_in_serializable: 0 0 %, local: 0 %
I0312 06:54:57.897933 210594 Coordinator.h:152] average commit: 333.1 abort: 175180 (0/175180/0), network size: 0, avg network size: 0, si_in_serializable: 0 0 %, local: 0 %
I0312 06:54:57.897945 210594 AriaExecutor.h:649] Worker 0 latency: 11611 us (50%) 11680 us (75%) 11806 us (95%) 12043 us (99%).
I0312 06:54:57.905927 210627 AriaExecutor.h:103] AriaExecutor 13 exits. 
I0312 06:54:57.905943 210629 AriaExecutor.h:103] AriaExecutor 15 exits. 
I0312 06:54:57.905954 210628 AriaExecutor.h:103] AriaExecutor 14 exits. 
I0312 06:54:57.905967 210630 Manager.h:227] Manager(worker id = 16) on the coordinator node exits.
I0312 06:54:57.905930 210618 AriaExecutor.h:103] AriaExecutor 4 exits. 
I0312 06:54:57.905930 210617 AriaExecutor.h:103] AriaExecutor 3 exits. 
I0312 06:54:57.905930 210614 AriaExecutor.h:103] AriaExecutor 0 exits. 
I0312 06:54:57.905927 210620 AriaExecutor.h:103] AriaExecutor 6 exits. 
I0312 06:54:57.905927 210625 AriaExecutor.h:103] AriaExecutor 11 exits. 
I0312 06:54:57.905927 210619 AriaExecutor.h:103] AriaExecutor 5 exits. 
I0312 06:54:57.905928 210623 AriaExecutor.h:103] AriaExecutor 9 exits. 
I0312 06:54:57.905927 210622 AriaExecutor.h:103] AriaExecutor 8 exits. 
I0312 06:54:57.905930 210621 AriaExecutor.h:103] AriaExecutor 7 exits. 
I0312 06:54:57.905929 210615 AriaExecutor.h:103] AriaExecutor 1 exits. 
I0312 06:54:57.905927 210626 AriaExecutor.h:103] AriaExecutor 12 exits. 
I0312 06:54:57.905929 210616 AriaExecutor.h:103] AriaExecutor 2 exits. 
I0312 06:54:57.905928 210624 AriaExecutor.h:103] AriaExecutor 10 exits. 
I0312 06:54:57.906175 210594 AriaExecutor.h:649] Worker 1 latency: 11597 us (50%) 11664 us (75%) 11796 us (95%) 11918 us (99%).
I0312 06:54:57.906270 210594 AriaExecutor.h:649] Worker 2 latency: 11581 us (50%) 11658 us (75%) 11773 us (95%) 13221 us (99%).
I0312 06:54:57.906306 210594 AriaExecutor.h:649] Worker 3 latency: 11561 us (50%) 11649 us (75%) 11770 us (95%) 12730 us (99%).
I0312 06:54:57.906333 210594 AriaExecutor.h:649] Worker 4 latency: 11548 us (50%) 11640 us (75%) 11753 us (95%) 11842 us (99%).
I0312 06:54:57.906383 210594 AriaExecutor.h:649] Worker 5 latency: 11537 us (50%) 11625 us (75%) 11756 us (95%) 11851 us (99%).
I0312 06:54:57.906423 210594 AriaExecutor.h:649] Worker 6 latency: 11540 us (50%) 11620 us (75%) 11748 us (95%) 11839 us (99%).
I0312 06:54:57.906459 210594 AriaExecutor.h:649] Worker 7 latency: 11532 us (50%) 11626 us (75%) 11768 us (95%) 11817 us (99%).
I0312 06:54:57.906493 210594 AriaExecutor.h:649] Worker 8 latency: 11515 us (50%) 11619 us (75%) 11738 us (95%) 11886 us (99%).
I0312 06:54:57.906526 210594 AriaExecutor.h:649] Worker 9 latency: 11533 us (50%) 11617 us (75%) 11732 us (95%) 11837 us (99%).
I0312 06:54:57.906554 210594 AriaExecutor.h:649] Worker 10 latency: 11486 us (50%) 11602 us (75%) 11736 us (95%) 11781 us (99%).
I0312 06:54:57.906586 210594 AriaExecutor.h:649] Worker 11 latency: 11510 us (50%) 11612 us (75%) 11754 us (95%) 11914 us (99%).
I0312 06:54:57.906618 210594 AriaExecutor.h:649] Worker 12 latency: 11482 us (50%) 11598 us (75%) 11733 us (95%) 12056 us (99%).
I0312 06:54:57.906647 210594 AriaExecutor.h:649] Worker 13 latency: 11463 us (50%) 11594 us (75%) 11758 us (95%) 12110 us (99%).
I0312 06:54:57.906678 210594 AriaExecutor.h:649] Worker 14 latency: 11468 us (50%) 11586 us (75%) 11716 us (95%) 12362 us (99%).
I0312 06:54:57.906709 210594 AriaExecutor.h:649] Worker 15 latency: 11467 us (50%) 11591 us (75%) 11743 us (95%) 11908 us (99%).
I0312 06:54:57.906750 210594 Coordinator.h:177] total commit: 333.1
I0312 06:54:58.906940 210594 Coordinator.h:192] Coordinator exits.
