I0312 05:54:09.290488 189048 Database.h:65] ycsb initialization finished in 179 milliseconds.
I0312 05:54:09.290721 189048 Coordinator.h:30] Coordinator initializes 8 workers.
I0312 05:54:09.327770 189048 Coordinator.h:77] Coordinator starts to run 9 workers.
I0312 05:54:09.327860 189061 AriaExecutor.h:91] AriaExecutor 0 started. 
I0312 05:54:09.327905 189062 AriaExecutor.h:91] AriaExecutor 1 started. 
I0312 05:54:09.327987 189063 AriaExecutor.h:91] AriaExecutor 2 started. 
I0312 05:54:09.328074 189064 AriaExecutor.h:91] AriaExecutor 3 started. 
I0312 05:54:09.328156 189065 AriaExecutor.h:91] AriaExecutor 4 started. 
I0312 05:54:09.328255 189066 AriaExecutor.h:91] AriaExecutor 5 started. 
I0312 05:54:09.328317 189067 AriaExecutor.h:91] AriaExecutor 6 started. 
I0312 05:54:09.328406 189068 AriaExecutor.h:91] AriaExecutor 7 started. 
I0312 05:54:09.328496 189069 Manager.h:224] Manager(worker id = 8) on the coordinator node started.
I0312 05:54:10.328544 189048 Coordinator.h:126] commit: 535190 abort: 2410 (0/2410/0), network size: 0, avg network size: 0, si_in_serializable: 0 0 %, local: 0 %
I0312 05:54:11.328696 189048 Coordinator.h:126] commit: 536213 abort: 2411 (0/2411/0), network size: 0, avg network size: 0, si_in_serializable: 0 0 %, local: 0 %
I0312 05:54:12.328871 189048 Coordinator.h:126] commit: 544363 abort: 2453 (0/2453/0), network size: 0, avg network size: 0, si_in_serializable: 0 0 %, local: 0 %
I0312 05:54:13.329010 189048 Coordinator.h:126] commit: 542338 abort: 2430 (0/2430/0), network size: 0, avg network size: 0, si_in_serializable: 0 0 %, local: 0 %
I0312 05:54:14.329124 189048 Coordinator.h:126] commit: 542251 abort: 2517 (0/2517/0), network size: 0, avg network size: 0, si_in_serializable: 0 0 %, local: 0 %
I0312 05:54:15.329243 189048 Coordinator.h:126] commit: 539284 abort: 2412 (0/2412/0), network size: 0, avg network size: 0, si_in_serializable: 0 0 %, local: 0 %
I0312 05:54:16.329357 189048 Coordinator.h:126] commit: 543347 abort: 2445 (0/2445/0), network size: 0, avg network size: 0, si_in_serializable: 0 0 %, local: 0 %
I0312 05:54:17.329530 189048 Coordinator.h:126] commit: 532154 abort: 2374 (0/2374/0), network size: 0, avg network size: 0, si_in_serializable: 0 0 %, local: 0 %
I0312 05:54:18.329666 189048 Coordinator.h:126] commit: 542286 abort: 2482 (0/2482/0), network size: 0, avg network size: 0, si_in_serializable: 0 0 %, local: 0 %
I0312 05:54:19.329787 189048 Coordinator.h:126] commit: 544339 abort: 2477 (0/2477/0), network size: 0, avg network size: 0, si_in_serializable: 0 0 %, local: 0 %
I0312 05:54:20.329958 189048 Coordinator.h:126] commit: 541225 abort: 2519 (0/2519/0), network size: 0, avg network size: 0, si_in_serializable: 0 0 %, local: 0 %
I0312 05:54:21.330091 189048 Coordinator.h:126] commit: 545325 abort: 2515 (0/2515/0), network size: 0, avg network size: 0, si_in_serializable: 0 0 %, local: 0 %
I0312 05:54:22.330205 189048 Coordinator.h:126] commit: 543383 abort: 2409 (0/2409/0), network size: 0, avg network size: 0, si_in_serializable: 0 0 %, local: 0 %
I0312 05:54:23.330322 189048 Coordinator.h:126] commit: 543246 abort: 2546 (0/2546/0), network size: 0, avg network size: 0, si_in_serializable: 0 0 %, local: 0 %
I0312 05:54:24.330487 189048 Coordinator.h:126] commit: 540271 abort: 2449 (0/2449/0), network size: 0, avg network size: 0, si_in_serializable: 0 0 %, local: 0 %
I0312 05:54:25.330624 189048 Coordinator.h:126] commit: 530052 abort: 2428 (0/2428/0), network size: 0, avg network size: 0, si_in_serializable: 0 0 %, local: 0 %
I0312 05:54:26.330741 189048 Coordinator.h:126] commit: 543336 abort: 2456 (0/2456/0), network size: 0, avg network size: 0, si_in_serializable: 0 0 %, local: 0 %
I0312 05:54:27.330857 189048 Coordinator.h:126] commit: 543326 abort: 2466 (0/2466/0), network size: 0, avg network size: 0, si_in_serializable: 0 0 %, local: 0 %
I0312 05:54:28.330971 189048 Coordinator.h:126] commit: 542285 abort: 2483 (0/2483/0), network size: 0, avg network size: 0, si_in_serializable: 0 0 %, local: 0 %
I0312 05:54:29.331089 189048 Coordinator.h:126] commit: 536200 abort: 2424 (0/2424/0), network size: 0, avg network size: 0, si_in_serializable: 0 0 %, local: 0 %
I0312 05:54:30.331204 189048 Coordinator.h:126] commit: 539265 abort: 2431 (0/2431/0), network size: 0, avg network size: 0, si_in_serializable: 0 0 %, local: 0 %
I0312 05:54:31.331321 189048 Coordinator.h:126] commit: 541362 abort: 2382 (0/2382/0), network size: 0, avg network size: 0, si_in_serializable: 0 0 %, local: 0 %
I0312 05:54:32.331491 189048 Coordinator.h:126] commit: 539229 abort: 2467 (0/2467/0), network size: 0, avg network size: 0, si_in_serializable: 0 0 %, local: 0 %
I0312 05:54:33.331626 189048 Coordinator.h:126] commit: 543304 abort: 2488 (0/2488/0), network size: 0, avg network size: 0, si_in_serializable: 0 0 %, local: 0 %
I0312 05:54:34.331737 189048 Coordinator.h:126] commit: 543277 abort: 2515 (0/2515/0), network size: 0, avg network size: 0, si_in_serializable: 0 0 %, local: 0 %
I0312 05:54:34.331779 189048 Coordinator.h:152] average commit: 540865 abort: 2469.5 (0/2469.5/0), network size: 0, avg network size: 0, si_in_serializable: 0 0 %, local: 0 %
I0312 05:54:34.333448 189064 AriaExecutor.h:103] AriaExecutor 3 exits. 
I0312 05:54:34.333448 189065 AriaExecutor.h:103] AriaExecutor 4 exits. 
I0312 05:54:34.333449 189067 AriaExecutor.h:103] AriaExecutor 6 exits. 
I0312 05:54:34.333448 189068 AriaExecutor.h:103] AriaExecutor 7 exits. 
I0312 05:54:34.333448 189063 AriaExecutor.h:103] AriaExecutor 2 exits. 
I0312 05:54:34.333448 189066 AriaExecutor.h:103] AriaExecutor 5 exits. 
I0312 05:54:34.333448 189062 AriaExecutor.h:103] AriaExecutor 1 exits. 
I0312 05:54:34.333451 189069 Manager.h:227] Manager(worker id = 8) on the coordinator node exits.
I0312 05:54:34.333448 189061 AriaExecutor.h:103] AriaExecutor 0 exits. 
I0312 05:54:34.331825 189048 AriaExecutor.h:649] Worker 0 latency: 1230 us (50%) 1532 us (75%) 1773 us (95%) 1857 us (99%).
I0312 05:54:34.423987 189048 AriaExecutor.h:649] Worker 1 latency: 1236 us (50%) 1535 us (75%) 1773 us (95%) 1857 us (99%).
I0312 05:54:34.499755 189048 AriaExecutor.h:649] Worker 2 latency: 1234 us (50%) 1534 us (75%) 1773 us (95%) 1857 us (99%).
I0312 05:54:34.575752 189048 AriaExecutor.h:649] Worker 3 latency: 1236 us (50%) 1535 us (75%) 1773 us (95%) 1857 us (99%).
I0312 05:54:34.651611 189048 AriaExecutor.h:649] Worker 4 latency: 1234 us (50%) 1534 us (75%) 1773 us (95%) 1857 us (99%).
I0312 05:54:34.729054 189048 AriaExecutor.h:649] Worker 5 latency: 1231 us (50%) 1532 us (75%) 1773 us (95%) 1858 us (99%).
I0312 05:54:34.805447 189048 AriaExecutor.h:649] Worker 6 latency: 1233 us (50%) 1533 us (75%) 1773 us (95%) 1857 us (99%).
I0312 05:54:34.881642 189048 AriaExecutor.h:649] Worker 7 latency: 1234 us (50%) 1534 us (75%) 1773 us (95%) 1858 us (99%).
I0312 05:54:34.957993 189048 Coordinator.h:177] total commit: 540865
I0312 05:54:35.958189 189048 Coordinator.h:192] Coordinator exits.
