I0312 05:40:25.603353 188249 Database.h:65] ycsb initialization finished in 257 milliseconds.
I0312 05:40:25.603583 188249 Coordinator.h:30] Coordinator initializes 4 workers.
I0312 05:40:25.713758 188249 Coordinator.h:77] Coordinator starts to run 5 workers.
I0312 05:40:25.713842 188257 AriaExecutor.h:91] AriaExecutor 0 started. 
I0312 05:40:25.713876 188258 AriaExecutor.h:91] AriaExecutor 1 started. 
I0312 05:40:25.713963 188259 AriaExecutor.h:91] AriaExecutor 2 started. 
I0312 05:40:25.714038 188260 AriaExecutor.h:91] AriaExecutor 3 started. 
I0312 05:40:25.714100 188261 Manager.h:224] Manager(worker id = 4) on the coordinator node started.
I0312 05:40:26.714144 188249 Coordinator.h:126] commit: 1196 abort: 39764 (0/39764/0), network size: 0, avg network size: 0, si_in_serializable: 0 0 %, local: 0 %
I0312 05:40:27.714313 188249 Coordinator.h:126] commit: 1181 abort: 39779 (0/39779/0), network size: 0, avg network size: 0, si_in_serializable: 0 0 %, local: 0 %
I0312 05:40:28.714481 188249 Coordinator.h:126] commit: 1281 abort: 43775 (0/43775/0), network size: 0, avg network size: 0, si_in_serializable: 0 0 %, local: 0 %
I0312 05:40:29.714610 188249 Coordinator.h:126] commit: 1204 abort: 39756 (0/39756/0), network size: 0, avg network size: 0, si_in_serializable: 0 0 %, local: 0 %
I0312 05:40:30.714718 188249 Coordinator.h:126] commit: 1263 abort: 43793 (0/43793/0), network size: 0, avg network size: 0, si_in_serializable: 0 0 %, local: 0 %
I0312 05:40:31.714831 188249 Coordinator.h:126] commit: 1162 abort: 39798 (0/39798/0), network size: 0, avg network size: 0, si_in_serializable: 0 0 %, local: 0 %
I0312 05:40:32.714938 188249 Coordinator.h:126] commit: 1161 abort: 39799 (0/39799/0), network size: 0, avg network size: 0, si_in_serializable: 0 0 %, local: 0 %
I0312 05:40:33.715111 188249 Coordinator.h:126] commit: 1308 abort: 43748 (0/43748/0), network size: 0, avg network size: 0, si_in_serializable: 0 0 %, local: 0 %
I0312 05:40:34.715241 188249 Coordinator.h:126] commit: 1204 abort: 39756 (0/39756/0), network size: 0, avg network size: 0, si_in_serializable: 0 0 %, local: 0 %
I0312 05:40:35.715353 188249 Coordinator.h:126] commit: 1322 abort: 43734 (0/43734/0), network size: 0, avg network size: 0, si_in_serializable: 0 0 %, local: 0 %
I0312 05:40:36.715517 188249 Coordinator.h:126] commit: 1184 abort: 39776 (0/39776/0), network size: 0, avg network size: 0, si_in_serializable: 0 0 %, local: 0 %
I0312 05:40:37.715643 188249 Coordinator.h:126] commit: 1199 abort: 39761 (0/39761/0), network size: 0, avg network size: 0, si_in_serializable: 0 0 %, local: 0 %
I0312 05:40:38.715756 188249 Coordinator.h:126] commit: 1299 abort: 43757 (0/43757/0), network size: 0, avg network size: 0, si_in_serializable: 0 0 %, local: 0 %
I0312 05:40:39.715863 188249 Coordinator.h:126] commit: 1197 abort: 39763 (0/39763/0), network size: 0, avg network size: 0, si_in_serializable: 0 0 %, local: 0 %
I0312 05:40:40.716027 188249 Coordinator.h:126] commit: 1351 abort: 43705 (0/43705/0), network size: 0, avg network size: 0, si_in_serializable: 0 0 %, local: 0 %
I0312 05:40:41.716161 188249 Coordinator.h:126] commit: 1168 abort: 39792 (0/39792/0), network size: 0, avg network size: 0, si_in_serializable: 0 0 %, local: 0 %
I0312 05:40:42.716270 188249 Coordinator.h:126] commit: 1276 abort: 43780 (0/43780/0), network size: 0, avg network size: 0, si_in_serializable: 0 0 %, local: 0 %
I0312 05:40:43.716382 188249 Coordinator.h:126] commit: 1154 abort: 39806 (0/39806/0), network size: 0, avg network size: 0, si_in_serializable: 0 0 %, local: 0 %
I0312 05:40:44.716493 188249 Coordinator.h:126] commit: 1141 abort: 39819 (0/39819/0), network size: 0, avg network size: 0, si_in_serializable: 0 0 %, local: 0 %
I0312 05:40:45.716609 188249 Coordinator.h:126] commit: 1269 abort: 43787 (0/43787/0), network size: 0, avg network size: 0, si_in_serializable: 0 0 %, local: 0 %
I0312 05:40:46.716773 188249 Coordinator.h:126] commit: 1218 abort: 39742 (0/39742/0), network size: 0, avg network size: 0, si_in_serializable: 0 0 %, local: 0 %
I0312 05:40:47.716900 188249 Coordinator.h:126] commit: 1294 abort: 43762 (0/43762/0), network size: 0, avg network size: 0, si_in_serializable: 0 0 %, local: 0 %
I0312 05:40:48.717011 188249 Coordinator.h:126] commit: 1171 abort: 39789 (0/39789/0), network size: 0, avg network size: 0, si_in_serializable: 0 0 %, local: 0 %
I0312 05:40:49.717124 188249 Coordinator.h:126] commit: 1152 abort: 39808 (0/39808/0), network size: 0, avg network size: 0, si_in_serializable: 0 0 %, local: 0 %
I0312 05:40:50.717234 188249 Coordinator.h:126] commit: 1305 abort: 43751 (0/43751/0), network size: 0, avg network size: 0, si_in_serializable: 0 0 %, local: 0 %
I0312 05:40:50.717269 188249 Coordinator.h:152] average commit: 1223.8 abort: 41374.6 (0/41374.6/0), network size: 0, avg network size: 0, si_in_serializable: 0 0 %, local: 0 %
I0312 05:40:50.717314 188249 AriaExecutor.h:649] Worker 0 latency: 93679 us (50%) 94802 us (75%) 95581 us (95%) 110013 us (99%).
I0312 05:40:50.773478 188259 AriaExecutor.h:103] AriaExecutor 2 exits. 
I0312 05:40:50.773478 188258 AriaExecutor.h:103] AriaExecutor 1 exits. 
I0312 05:40:50.773478 188257 AriaExecutor.h:103] AriaExecutor 0 exits. 
I0312 05:40:50.773478 188260 AriaExecutor.h:103] AriaExecutor 3 exits. 
I0312 05:40:50.773478 188261 Manager.h:227] Manager(worker id = 4) on the coordinator node exits.
I0312 05:40:50.773643 188249 AriaExecutor.h:649] Worker 1 latency: 93681 us (50%) 94799 us (75%) 95588 us (95%) 110368 us (99%).
I0312 05:40:50.774834 188249 AriaExecutor.h:649] Worker 2 latency: 93627 us (50%) 94783 us (75%) 95524 us (95%) 110474 us (99%).
I0312 05:40:50.775992 188249 AriaExecutor.h:649] Worker 3 latency: 93676 us (50%) 94790 us (75%) 95586 us (95%) 110898 us (99%).
I0312 05:40:50.777267 188249 Coordinator.h:177] total commit: 1223.8
I0312 05:40:51.777467 188249 Coordinator.h:192] Coordinator exits.
