I0312 02:51:48.937404 156478 Database.h:65] ycsb initialization finished in 115 milliseconds.
I0312 02:51:48.937619 156478 Coordinator.h:30] Coordinator initializes 16 workers.
I0312 02:51:49.001659 156478 Coordinator.h:77] Coordinator starts to run 17 workers.
I0312 02:51:49.001776 156498 AriaExecutor.h:82] AriaExecutor 0 started. 
I0312 02:51:49.001816 156499 AriaExecutor.h:82] AriaExecutor 1 started. 
I0312 02:51:49.001883 156500 AriaExecutor.h:82] AriaExecutor 2 started. 
I0312 02:51:49.001945 156501 AriaExecutor.h:82] AriaExecutor 3 started. 
I0312 02:51:49.002012 156502 AriaExecutor.h:82] AriaExecutor 4 started. 
I0312 02:51:49.002096 156503 AriaExecutor.h:82] AriaExecutor 5 started. 
I0312 02:51:49.002189 156504 AriaExecutor.h:82] AriaExecutor 6 started. 
I0312 02:51:49.002287 156505 AriaExecutor.h:82] AriaExecutor 7 started. 
I0312 02:51:49.002389 156506 AriaExecutor.h:82] AriaExecutor 8 started. 
I0312 02:51:49.002488 156507 AriaExecutor.h:82] AriaExecutor 9 started. 
I0312 02:51:49.002568 156508 AriaExecutor.h:82] AriaExecutor 10 started. 
I0312 02:51:49.002682 156509 AriaExecutor.h:82] AriaExecutor 11 started. 
I0312 02:51:49.002774 156510 AriaExecutor.h:82] AriaExecutor 12 started. 
I0312 02:51:49.002880 156511 AriaExecutor.h:82] AriaExecutor 13 started. 
I0312 02:51:49.003000 156512 AriaExecutor.h:82] AriaExecutor 14 started. 
I0312 02:51:49.003126 156513 AriaExecutor.h:82] AriaExecutor 15 started. 
I0312 02:51:49.003235 156514 Manager.h:224] Manager(worker id = 16) on the coordinator node started.
I0312 02:51:50.003288 156478 Coordinator.h:126] commit: 606178 abort: 10270 (0/10270/0), network size: 0, avg network size: 0, si_in_serializable: 0 0 %, local: 0 %
I0312 02:51:51.003425 156478 Coordinator.h:126] commit: 612018 abort: 10574 (0/10574/0), network size: 0, avg network size: 0, si_in_serializable: 0 0 %, local: 0 %
I0312 02:51:52.003583 156478 Coordinator.h:126] commit: 622431 abort: 10401 (0/10401/0), network size: 0, avg network size: 0, si_in_serializable: 0 0 %, local: 0 %
I0312 02:51:53.003719 156478 Coordinator.h:126] commit: 622348 abort: 10484 (0/10484/0), network size: 0, avg network size: 0, si_in_serializable: 0 0 %, local: 0 %
I0312 02:51:54.003841 156478 Coordinator.h:126] commit: 622148 abort: 10684 (0/10684/0), network size: 0, avg network size: 0, si_in_serializable: 0 0 %, local: 0 %
I0312 02:51:55.003960 156478 Coordinator.h:126] commit: 616042 abort: 10646 (0/10646/0), network size: 0, avg network size: 0, si_in_serializable: 0 0 %, local: 0 %
I0312 02:51:56.004081 156478 Coordinator.h:126] commit: 620246 abort: 10538 (0/10538/0), network size: 0, avg network size: 0, si_in_serializable: 0 0 %, local: 0 %
I0312 02:51:57.004246 156478 Coordinator.h:126] commit: 620314 abort: 10470 (0/10470/0), network size: 0, avg network size: 0, si_in_serializable: 0 0 %, local: 0 %
I0312 02:51:58.004380 156478 Coordinator.h:126] commit: 624256 abort: 10624 (0/10624/0), network size: 0, avg network size: 0, si_in_serializable: 0 0 %, local: 0 %
I0312 02:51:59.004505 156478 Coordinator.h:126] commit: 624107 abort: 10773 (0/10773/0), network size: 0, avg network size: 0, si_in_serializable: 0 0 %, local: 0 %
I0312 02:52:00.004623 156478 Coordinator.h:126] commit: 622161 abort: 10671 (0/10671/0), network size: 0, avg network size: 0, si_in_serializable: 0 0 %, local: 0 %
I0312 02:52:01.004745 156478 Coordinator.h:126] commit: 622423 abort: 10409 (0/10409/0), network size: 0, avg network size: 0, si_in_serializable: 0 0 %, local: 0 %
I0312 02:52:02.004864 156478 Coordinator.h:126] commit: 626382 abort: 10546 (0/10546/0), network size: 0, avg network size: 0, si_in_serializable: 0 0 %, local: 0 %
I0312 02:52:03.004989 156478 Coordinator.h:126] commit: 610133 abort: 10411 (0/10411/0), network size: 0, avg network size: 0, si_in_serializable: 0 0 %, local: 0 %
I0312 02:52:04.005110 156478 Coordinator.h:126] commit: 624155 abort: 10725 (0/10725/0), network size: 0, avg network size: 0, si_in_serializable: 0 0 %, local: 0 %
I0312 02:52:05.005262 156478 Coordinator.h:126] commit: 616230 abort: 10458 (0/10458/0), network size: 0, avg network size: 0, si_in_serializable: 0 0 %, local: 0 %
I0312 02:52:06.005389 156478 Coordinator.h:126] commit: 624246 abort: 10634 (0/10634/0), network size: 0, avg network size: 0, si_in_serializable: 0 0 %, local: 0 %
I0312 02:52:07.005522 156478 Coordinator.h:126] commit: 624285 abort: 10595 (0/10595/0), network size: 0, avg network size: 0, si_in_serializable: 0 0 %, local: 0 %
I0312 02:52:08.005648 156478 Coordinator.h:126] commit: 622273 abort: 10559 (0/10559/0), network size: 0, avg network size: 0, si_in_serializable: 0 0 %, local: 0 %
I0312 02:52:09.005767 156478 Coordinator.h:126] commit: 624288 abort: 10592 (0/10592/0), network size: 0, avg network size: 0, si_in_serializable: 0 0 %, local: 0 %
I0312 02:52:10.005889 156478 Coordinator.h:126] commit: 620397 abort: 10387 (0/10387/0), network size: 0, avg network size: 0, si_in_serializable: 0 0 %, local: 0 %
I0312 02:52:11.006009 156478 Coordinator.h:126] commit: 622107 abort: 10725 (0/10725/0), network size: 0, avg network size: 0, si_in_serializable: 0 0 %, local: 0 %
I0312 02:52:12.006127 156478 Coordinator.h:126] commit: 626431 abort: 10497 (0/10497/0), network size: 0, avg network size: 0, si_in_serializable: 0 0 %, local: 0 %
I0312 02:52:13.006250 156478 Coordinator.h:126] commit: 624381 abort: 10499 (0/10499/0), network size: 0, avg network size: 0, si_in_serializable: 0 0 %, local: 0 %
I0312 02:52:14.006369 156478 Coordinator.h:126] commit: 626202 abort: 10686 (0/10686/0), network size: 0, avg network size: 0, si_in_serializable: 0 0 %, local: 0 %
I0312 02:52:14.006408 156478 Coordinator.h:152] average commit: 621658 abort: 10560 (0/10560/0), network size: 0, avg network size: 0, si_in_serializable: 0 0 %, local: 0 %
I0312 02:52:14.010571 156504 AriaExecutor.h:94] AriaExecutor 6 exits. 
I0312 02:52:14.010578 156503 AriaExecutor.h:94] AriaExecutor 5 exits. 
I0312 02:52:14.010572 156509 AriaExecutor.h:94] AriaExecutor 11 exits. 
I0312 02:52:14.010576 156505 AriaExecutor.h:94] AriaExecutor 7 exits. 
I0312 02:52:14.010576 156507 AriaExecutor.h:94] AriaExecutor 9 exits. 
I0312 02:52:14.010577 156500 AriaExecutor.h:94] AriaExecutor 2 exits. 
I0312 02:52:14.010577 156506 AriaExecutor.h:94] AriaExecutor 8 exits. 
I0312 02:52:14.010578 156510 AriaExecutor.h:94] AriaExecutor 12 exits. 
I0312 02:52:14.010591 156512 AriaExecutor.h:94] AriaExecutor 14 exits. 
I0312 02:52:14.010577 156502 AriaExecutor.h:94] AriaExecutor 4 exits. 
I0312 02:52:14.010613 156514 Manager.h:227] Manager(worker id = 16) on the coordinator node exits.
I0312 02:52:14.010578 156508 AriaExecutor.h:94] AriaExecutor 10 exits. 
I0312 02:52:14.010576 156498 AriaExecutor.h:94] AriaExecutor 0 exits. 
I0312 02:52:14.010576 156501 AriaExecutor.h:94] AriaExecutor 3 exits. 
I0312 02:52:14.010576 156499 AriaExecutor.h:94] AriaExecutor 1 exits. 
I0312 02:52:14.010591 156513 AriaExecutor.h:94] AriaExecutor 15 exits. 
I0312 02:52:14.010577 156511 AriaExecutor.h:94] AriaExecutor 13 exits. 
I0312 02:52:14.006422 156478 AriaExecutor.h:535] Worker 0 latency: 1957 us (50%) 2549 us (75%) 3019 us (95%) 3121 us (99%).
I0312 02:52:14.052870 156478 AriaExecutor.h:535] Worker 1 latency: 1960 us (50%) 2551 us (75%) 3019 us (95%) 3121 us (99%).
I0312 02:52:14.097831 156478 AriaExecutor.h:535] Worker 2 latency: 1959 us (50%) 2551 us (75%) 3019 us (95%) 3121 us (99%).
I0312 02:52:14.142911 156478 AriaExecutor.h:535] Worker 3 latency: 1961 us (50%) 2551 us (75%) 3019 us (95%) 3121 us (99%).
I0312 02:52:14.188035 156478 AriaExecutor.h:535] Worker 4 latency: 1958 us (50%) 2550 us (75%) 3019 us (95%) 3121 us (99%).
I0312 02:52:14.233094 156478 AriaExecutor.h:535] Worker 5 latency: 1954 us (50%) 2548 us (75%) 3019 us (95%) 3121 us (99%).
I0312 02:52:14.278354 156478 AriaExecutor.h:535] Worker 6 latency: 1958 us (50%) 2550 us (75%) 3019 us (95%) 3121 us (99%).
I0312 02:52:14.323388 156478 AriaExecutor.h:535] Worker 7 latency: 1958 us (50%) 2550 us (75%) 3019 us (95%) 3121 us (99%).
I0312 02:52:14.368687 156478 AriaExecutor.h:535] Worker 8 latency: 1958 us (50%) 2550 us (75%) 3019 us (95%) 3121 us (99%).
I0312 02:52:14.413985 156478 AriaExecutor.h:535] Worker 9 latency: 1955 us (50%) 2548 us (75%) 3018 us (95%) 3121 us (99%).
I0312 02:52:14.459159 156478 AriaExecutor.h:535] Worker 10 latency: 1959 us (50%) 2550 us (75%) 3019 us (95%) 3122 us (99%).
I0312 02:52:14.504673 156478 AriaExecutor.h:535] Worker 11 latency: 1957 us (50%) 2549 us (75%) 3019 us (95%) 3121 us (99%).
I0312 02:52:14.550239 156478 AriaExecutor.h:535] Worker 12 latency: 1955 us (50%) 2548 us (75%) 3019 us (95%) 3121 us (99%).
I0312 02:52:14.595568 156478 AriaExecutor.h:535] Worker 13 latency: 1953 us (50%) 2548 us (75%) 3019 us (95%) 3121 us (99%).
I0312 02:52:14.640174 156478 AriaExecutor.h:535] Worker 14 latency: 1914 us (50%) 2528 us (75%) 3017 us (95%) 3122 us (99%).
I0312 02:52:14.690487 156478 AriaExecutor.h:535] Worker 15 latency: 1916 us (50%) 2529 us (75%) 3017 us (95%) 3123 us (99%).
I0312 02:52:14.742376 156478 Coordinator.h:177] total commit: 621658
I0312 02:52:15.742570 156478 Coordinator.h:192] Coordinator exits.
