I0312 07:41:27.246747 223665 Database.h:65] ycsb initialization finished in 101 milliseconds.
I0312 07:41:27.246951 223665 Coordinator.h:30] Coordinator initializes 48 workers.
I0312 07:41:27.313552 223665 Coordinator.h:77] Coordinator starts to run 49 workers.
I0312 07:41:27.313663 223718 AriaExecutor.h:91] AriaExecutor 1 started. 
I0312 07:41:27.313652 223717 AriaExecutor.h:91] AriaExecutor 0 started. 
I0312 07:41:27.313855 223720 AriaExecutor.h:91] AriaExecutor 3 started. 
I0312 07:41:27.313979 223721 AriaExecutor.h:91] AriaExecutor 4 started. 
I0312 07:41:27.314107 223722 AriaExecutor.h:91] AriaExecutor 5 started. 
I0312 07:41:27.314232 223723 AriaExecutor.h:91] AriaExecutor 6 started. 
I0312 07:41:27.314359 223724 AriaExecutor.h:91] AriaExecutor 7 started. 
I0312 07:41:27.314426 223725 AriaExecutor.h:91] AriaExecutor 8 started. 
I0312 07:41:27.314528 223726 AriaExecutor.h:91] AriaExecutor 9 started. 
I0312 07:41:27.314656 223727 AriaExecutor.h:91] AriaExecutor 10 started. 
I0312 07:41:27.314786 223728 AriaExecutor.h:91] AriaExecutor 11 started. 
I0312 07:41:27.314913 223729 AriaExecutor.h:91] AriaExecutor 12 started. 
I0312 07:41:27.314978 223730 AriaExecutor.h:91] AriaExecutor 13 started. 
I0312 07:41:27.315096 223731 AriaExecutor.h:91] AriaExecutor 14 started. 
I0312 07:41:27.315229 223732 AriaExecutor.h:91] AriaExecutor 15 started. 
I0312 07:41:27.315285 223733 AriaExecutor.h:91] AriaExecutor 16 started. 
I0312 07:41:27.315393 223734 AriaExecutor.h:91] AriaExecutor 17 started. 
I0312 07:41:27.315500 223735 AriaExecutor.h:91] AriaExecutor 18 started. 
I0312 07:41:27.315604 223736 AriaExecutor.h:91] AriaExecutor 19 started. 
I0312 07:41:27.315703 223737 AriaExecutor.h:91] AriaExecutor 20 started. 
I0312 07:41:27.315821 223738 AriaExecutor.h:91] AriaExecutor 21 started. 
I0312 07:41:27.315924 223739 AriaExecutor.h:91] AriaExecutor 22 started. 
I0312 07:41:27.316047 223740 AriaExecutor.h:91] AriaExecutor 23 started. 
I0312 07:41:27.316143 223741 AriaExecutor.h:91] AriaExecutor 24 started. 
I0312 07:41:27.316267 223742 AriaExecutor.h:91] AriaExecutor 25 started. 
I0312 07:41:27.316349 223743 AriaExecutor.h:91] AriaExecutor 26 started. 
I0312 07:41:27.316483 223744 AriaExecutor.h:91] AriaExecutor 27 started. 
I0312 07:41:27.316551 223745 AriaExecutor.h:91] AriaExecutor 28 started. 
I0312 07:41:27.316641 223746 AriaExecutor.h:91] AriaExecutor 29 started. 
I0312 07:41:27.316731 223747 AriaExecutor.h:91] AriaExecutor 30 started. 
I0312 07:41:27.316841 223748 AriaExecutor.h:91] AriaExecutor 31 started. 
I0312 07:41:27.316955 223749 AriaExecutor.h:91] AriaExecutor 32 started. 
I0312 07:41:27.317119 223750 AriaExecutor.h:91] AriaExecutor 33 started. 
I0312 07:41:27.317170 223751 AriaExecutor.h:91] AriaExecutor 34 started. 
I0312 07:41:27.317406 223752 AriaExecutor.h:91] AriaExecutor 35 started. 
I0312 07:41:27.317616 223753 AriaExecutor.h:91] AriaExecutor 36 started. 
I0312 07:41:27.317811 223754 AriaExecutor.h:91] AriaExecutor 37 started. 
I0312 07:41:27.317996 223755 AriaExecutor.h:91] AriaExecutor 38 started. 
I0312 07:41:27.318183 223756 AriaExecutor.h:91] AriaExecutor 39 started. 
I0312 07:41:27.318374 223757 AriaExecutor.h:91] AriaExecutor 40 started. 
I0312 07:41:27.318557 223758 AriaExecutor.h:91] AriaExecutor 41 started. 
I0312 07:41:27.318738 223759 AriaExecutor.h:91] AriaExecutor 42 started. 
I0312 07:41:27.318918 223760 AriaExecutor.h:91] AriaExecutor 43 started. 
I0312 07:41:27.319094 223761 AriaExecutor.h:91] AriaExecutor 44 started. 
I0312 07:41:27.319268 223762 AriaExecutor.h:91] AriaExecutor 45 started. 
I0312 07:41:27.319450 223763 AriaExecutor.h:91] AriaExecutor 46 started. 
I0312 07:41:27.319625 223764 AriaExecutor.h:91] AriaExecutor 47 started. 
I0312 07:41:27.319813 223765 Manager.h:224] Manager(worker id = 48) on the coordinator node started.
I0312 07:41:27.336274 223719 AriaExecutor.h:91] AriaExecutor 2 started. 
I0312 07:41:28.319880 223665 Coordinator.h:126] commit: 1051233 abort: 17823 (0/17823/0), network size: 0, avg network size: 0, si_in_serializable: 0 0 %, local: 0 %
I0312 07:41:29.320021 223665 Coordinator.h:126] commit: 1067167 abort: 18273 (0/18273/0), network size: 0, avg network size: 0, si_in_serializable: 0 0 %, local: 0 %
I0312 07:41:30.320152 223665 Coordinator.h:126] commit: 1057204 abort: 17996 (0/17996/0), network size: 0, avg network size: 0, si_in_serializable: 0 0 %, local: 0 %
I0312 07:41:31.320389 223665 Coordinator.h:126] commit: 1057323 abort: 17877 (0/17877/0), network size: 0, avg network size: 0, si_in_serializable: 0 0 %, local: 0 %
I0312 07:41:32.320536 223665 Coordinator.h:126] commit: 1073271 abort: 18313 (0/18313/0), network size: 0, avg network size: 0, si_in_serializable: 0 0 %, local: 0 %
I0312 07:41:33.320659 223665 Coordinator.h:126] commit: 1061239 abort: 18057 (0/18057/0), network size: 0, avg network size: 0, si_in_serializable: 0 0 %, local: 0 %
I0312 07:41:34.320787 223665 Coordinator.h:126] commit: 1059485 abort: 17763 (0/17763/0), network size: 0, avg network size: 0, si_in_serializable: 0 0 %, local: 0 %
I0312 07:41:35.320919 223665 Coordinator.h:126] commit: 1071569 abort: 17967 (0/17967/0), network size: 0, avg network size: 0, si_in_serializable: 0 0 %, local: 0 %
I0312 07:41:36.321048 223665 Coordinator.h:126] commit: 1071431 abort: 18105 (0/18105/0), network size: 0, avg network size: 0, si_in_serializable: 0 0 %, local: 0 %
I0312 07:41:37.321180 223665 Coordinator.h:126] commit: 1065176 abort: 18216 (0/18216/0), network size: 0, avg network size: 0, si_in_serializable: 0 0 %, local: 0 %
I0312 07:41:38.321363 223665 Coordinator.h:126] commit: 1067409 abort: 18031 (0/18031/0), network size: 0, avg network size: 0, si_in_serializable: 0 0 %, local: 0 %
I0312 07:41:39.321511 223665 Coordinator.h:126] commit: 1043226 abort: 17638 (0/17638/0), network size: 0, avg network size: 0, si_in_serializable: 0 0 %, local: 0 %
I0312 07:41:40.321640 223665 Coordinator.h:126] commit: 1051429 abort: 17627 (0/17627/0), network size: 0, avg network size: 0, si_in_serializable: 0 0 %, local: 0 %
I0312 07:41:41.321768 223665 Coordinator.h:126] commit: 1073342 abort: 18242 (0/18242/0), network size: 0, avg network size: 0, si_in_serializable: 0 0 %, local: 0 %
I0312 07:41:42.321899 223665 Coordinator.h:126] commit: 1073180 abort: 18404 (0/18404/0), network size: 0, avg network size: 0, si_in_serializable: 0 0 %, local: 0 %
I0312 07:41:43.322033 223665 Coordinator.h:126] commit: 1073278 abort: 18306 (0/18306/0), network size: 0, avg network size: 0, si_in_serializable: 0 0 %, local: 0 %
I0312 07:41:44.322166 223665 Coordinator.h:126] commit: 1067217 abort: 18223 (0/18223/0), network size: 0, avg network size: 0, si_in_serializable: 0 0 %, local: 0 %
I0312 07:41:45.322295 223665 Coordinator.h:126] commit: 1071481 abort: 18055 (0/18055/0), network size: 0, avg network size: 0, si_in_serializable: 0 0 %, local: 0 %
I0312 07:41:46.322429 223665 Coordinator.h:126] commit: 1073125 abort: 18459 (0/18459/0), network size: 0, avg network size: 0, si_in_serializable: 0 0 %, local: 0 %
I0312 07:41:47.322563 223665 Coordinator.h:126] commit: 1065110 abort: 18282 (0/18282/0), network size: 0, avg network size: 0, si_in_serializable: 0 0 %, local: 0 %
I0312 07:41:48.322731 223665 Coordinator.h:126] commit: 1067342 abort: 18098 (0/18098/0), network size: 0, avg network size: 0, si_in_serializable: 0 0 %, local: 0 %
I0312 07:41:49.322892 223665 Coordinator.h:126] commit: 1073148 abort: 18436 (0/18436/0), network size: 0, avg network size: 0, si_in_serializable: 0 0 %, local: 0 %
I0312 07:41:50.323041 223665 Coordinator.h:126] commit: 1075506 abort: 18126 (0/18126/0), network size: 0, avg network size: 0, si_in_serializable: 0 0 %, local: 0 %
I0312 07:41:51.323173 223665 Coordinator.h:126] commit: 990888 abort: 16728 (0/16728/0), network size: 0, avg network size: 0, si_in_serializable: 0 0 %, local: 0 %
I0312 07:41:52.323305 223665 Coordinator.h:126] commit: 1023312 abort: 17072 (0/17072/0), network size: 0, avg network size: 0, si_in_serializable: 0 0 %, local: 0 %
I0312 07:41:52.323350 223665 Coordinator.h:152] average commit: 1.06588e+06 abort: 18126.7 (0/18126.7/0), network size: 0, avg network size: 0, si_in_serializable: 0 0 %, local: 0 %
I0312 07:41:52.323985 223724 AriaExecutor.h:103] AriaExecutor 7 exits. 
I0312 07:41:52.324000 223745 AriaExecutor.h:103] AriaExecutor 28 exits. 
I0312 07:41:52.323989 223725 AriaExecutor.h:103] AriaExecutor 8 exits. 
I0312 07:41:52.323992 223750 AriaExecutor.h:103] AriaExecutor 33 exits. 
I0312 07:41:52.324011 223733 AriaExecutor.h:103] AriaExecutor 16 exits. 
I0312 07:41:52.324009 223736 AriaExecutor.h:103] AriaExecutor 19 exits. 
I0312 07:41:52.324013 223744 AriaExecutor.h:103] AriaExecutor 27 exits. 
I0312 07:41:52.324014 223752 AriaExecutor.h:103] AriaExecutor 35 exits. 
I0312 07:41:52.324015 223760 AriaExecutor.h:103] AriaExecutor 43 exits. 
I0312 07:41:52.323988 223722 AriaExecutor.h:103] AriaExecutor 5 exits. 
I0312 07:41:52.324015 223731 AriaExecutor.h:103] AriaExecutor 14 exits. 
I0312 07:41:52.324014 223762 AriaExecutor.h:103] AriaExecutor 45 exits. 
I0312 07:41:52.323988 223749 AriaExecutor.h:103] AriaExecutor 32 exits. 
I0312 07:41:52.324003 223738 AriaExecutor.h:103] AriaExecutor 21 exits. 
I0312 07:41:52.324031 223757 AriaExecutor.h:103] AriaExecutor 40 exits. 
I0312 07:41:52.323988 223723 AriaExecutor.h:103] AriaExecutor 6 exits. 
I0312 07:41:52.323985 223727 AriaExecutor.h:103] AriaExecutor 10 exits. 
I0312 07:41:52.324007 223734 AriaExecutor.h:103] AriaExecutor 17 exits. 
I0312 07:41:52.323985 223717 AriaExecutor.h:103] AriaExecutor 0 exits. 
I0312 07:41:52.323997 223747 AriaExecutor.h:103] AriaExecutor 30 exits. 
I0312 07:41:52.323997 223743 AriaExecutor.h:103] AriaExecutor 26 exits. 
I0312 07:41:52.324000 223746 AriaExecutor.h:103] AriaExecutor 29 exits. 
I0312 07:41:52.323985 223728 AriaExecutor.h:103] AriaExecutor 11 exits. 
I0312 07:41:52.324003 223739 AriaExecutor.h:103] AriaExecutor 22 exits. 
I0312 07:41:52.323993 223748 AriaExecutor.h:103] AriaExecutor 31 exits. 
I0312 07:41:52.324002 223741 AriaExecutor.h:103] AriaExecutor 24 exits. 
I0312 07:41:52.324012 223735 AriaExecutor.h:103] AriaExecutor 18 exits. 
I0312 07:41:52.324013 223740 AriaExecutor.h:103] AriaExecutor 23 exits. 
I0312 07:41:52.324014 223753 AriaExecutor.h:103] AriaExecutor 36 exits. 
I0312 07:41:52.324034 223737 AriaExecutor.h:103] AriaExecutor 20 exits. 
I0312 07:41:52.324015 223732 AriaExecutor.h:103] AriaExecutor 15 exits. 
I0312 07:41:52.324015 223758 AriaExecutor.h:103] AriaExecutor 41 exits. 
I0312 07:41:52.324015 223761 AriaExecutor.h:103] AriaExecutor 44 exits. 
I0312 07:41:52.324015 223755 AriaExecutor.h:103] AriaExecutor 38 exits. 
I0312 07:41:52.323985 223720 AriaExecutor.h:103] AriaExecutor 3 exits. 
I0312 07:41:52.324021 223759 AriaExecutor.h:103] AriaExecutor 42 exits. 
I0312 07:41:52.323987 223726 AriaExecutor.h:103] AriaExecutor 9 exits. 
I0312 07:41:52.323987 223763 AriaExecutor.h:103] AriaExecutor 46 exits. 
I0312 07:41:52.323987 223764 AriaExecutor.h:103] AriaExecutor 47 exits. 
I0312 07:41:52.323985 223721 AriaExecutor.h:103] AriaExecutor 4 exits. 
I0312 07:41:52.324015 223756 AriaExecutor.h:103] AriaExecutor 39 exits. 
I0312 07:41:52.323985 223730 AriaExecutor.h:103] AriaExecutor 13 exits. 
I0312 07:41:52.324014 223754 AriaExecutor.h:103] AriaExecutor 37 exits. 
I0312 07:41:52.323987 223729 AriaExecutor.h:103] AriaExecutor 12 exits. 
I0312 07:41:52.323985 223718 AriaExecutor.h:103] AriaExecutor 1 exits. 
I0312 07:41:52.323989 223751 AriaExecutor.h:103] AriaExecutor 34 exits. 
I0312 07:41:52.323990 223765 Manager.h:227] Manager(worker id = 48) on the coordinator node exits.
I0312 07:41:52.323999 223742 AriaExecutor.h:103] AriaExecutor 25 exits. 
I0312 07:41:52.323989 223719 AriaExecutor.h:103] AriaExecutor 2 exits. 
I0312 07:41:52.323365 223665 AriaExecutor.h:649] Worker 0 latency: 1378 us (50%) 1590 us (75%) 1763 us (95%) 1821 us (99%).
I0312 07:41:52.349416 223665 AriaExecutor.h:649] Worker 1 latency: 1381 us (50%) 1592 us (75%) 1764 us (95%) 1821 us (99%).
I0312 07:41:52.375350 223665 AriaExecutor.h:649] Worker 2 latency: 1378 us (50%) 1590 us (75%) 1764 us (95%) 1821 us (99%).
I0312 07:41:52.400688 223665 AriaExecutor.h:649] Worker 3 latency: 1381 us (50%) 1591 us (75%) 1764 us (95%) 1821 us (99%).
I0312 07:41:52.425992 223665 AriaExecutor.h:649] Worker 4 latency: 1373 us (50%) 1587 us (75%) 1763 us (95%) 1821 us (99%).
I0312 07:41:52.451488 223665 AriaExecutor.h:649] Worker 5 latency: 1379 us (50%) 1591 us (75%) 1763 us (95%) 1821 us (99%).
I0312 07:41:52.477262 223665 AriaExecutor.h:649] Worker 6 latency: 1373 us (50%) 1587 us (75%) 1763 us (95%) 1820 us (99%).
I0312 07:41:52.503638 223665 AriaExecutor.h:649] Worker 7 latency: 1380 us (50%) 1591 us (75%) 1763 us (95%) 1821 us (99%).
I0312 07:41:52.528999 223665 AriaExecutor.h:649] Worker 8 latency: 1380 us (50%) 1591 us (75%) 1764 us (95%) 1821 us (99%).
I0312 07:41:52.554282 223665 AriaExecutor.h:649] Worker 9 latency: 1378 us (50%) 1590 us (75%) 1763 us (95%) 1821 us (99%).
I0312 07:41:52.580009 223665 AriaExecutor.h:649] Worker 10 latency: 1378 us (50%) 1590 us (75%) 1763 us (95%) 1821 us (99%).
I0312 07:41:52.605305 223665 AriaExecutor.h:649] Worker 11 latency: 1379 us (50%) 1591 us (75%) 1764 us (95%) 1821 us (99%).
I0312 07:41:52.630980 223665 AriaExecutor.h:649] Worker 12 latency: 1371 us (50%) 1587 us (75%) 1763 us (95%) 1820 us (99%).
I0312 07:41:52.656422 223665 AriaExecutor.h:649] Worker 13 latency: 1377 us (50%) 1590 us (75%) 1763 us (95%) 1821 us (99%).
I0312 07:41:52.682170 223665 AriaExecutor.h:649] Worker 14 latency: 1381 us (50%) 1592 us (75%) 1764 us (95%) 1821 us (99%).
I0312 07:41:52.707334 223665 AriaExecutor.h:649] Worker 15 latency: 1373 us (50%) 1588 us (75%) 1763 us (95%) 1821 us (99%).
I0312 07:41:52.732761 223665 AriaExecutor.h:649] Worker 16 latency: 1136 us (50%) 1481 us (75%) 1754 us (95%) 1825 us (99%).
I0312 07:41:52.759202 223665 AriaExecutor.h:649] Worker 17 latency: 1405 us (50%) 1606 us (75%) 1768 us (95%) 1823 us (99%).
I0312 07:41:52.783982 223665 AriaExecutor.h:649] Worker 18 latency: 1405 us (50%) 1606 us (75%) 1768 us (95%) 1823 us (99%).
I0312 07:41:52.809432 223665 AriaExecutor.h:649] Worker 19 latency: 1405 us (50%) 1606 us (75%) 1768 us (95%) 1823 us (99%).
I0312 07:41:52.834481 223665 AriaExecutor.h:649] Worker 20 latency: 1404 us (50%) 1605 us (75%) 1768 us (95%) 1823 us (99%).
I0312 07:41:52.859790 223665 AriaExecutor.h:649] Worker 21 latency: 1404 us (50%) 1605 us (75%) 1768 us (95%) 1823 us (99%).
I0312 07:41:52.885541 223665 AriaExecutor.h:649] Worker 22 latency: 1405 us (50%) 1606 us (75%) 1768 us (95%) 1823 us (99%).
I0312 07:41:52.910789 223665 AriaExecutor.h:649] Worker 23 latency: 1405 us (50%) 1606 us (75%) 1768 us (95%) 1823 us (99%).
I0312 07:41:52.936133 223665 AriaExecutor.h:649] Worker 24 latency: 1404 us (50%) 1605 us (75%) 1768 us (95%) 1823 us (99%).
I0312 07:41:52.961095 223665 AriaExecutor.h:649] Worker 25 latency: 1403 us (50%) 1605 us (75%) 1768 us (95%) 1823 us (99%).
I0312 07:41:52.986583 223665 AriaExecutor.h:649] Worker 26 latency: 1404 us (50%) 1605 us (75%) 1768 us (95%) 1823 us (99%).
I0312 07:41:53.011628 223665 AriaExecutor.h:649] Worker 27 latency: 1403 us (50%) 1605 us (75%) 1768 us (95%) 1823 us (99%).
I0312 07:41:53.036806 223665 AriaExecutor.h:649] Worker 28 latency: 1402 us (50%) 1605 us (75%) 1768 us (95%) 1823 us (99%).
I0312 07:41:53.061717 223665 AriaExecutor.h:649] Worker 29 latency: 1379 us (50%) 1593 us (75%) 1765 us (95%) 1821 us (99%).
I0312 07:41:53.087488 223665 AriaExecutor.h:649] Worker 30 latency: 1397 us (50%) 1602 us (75%) 1767 us (95%) 1822 us (99%).
I0312 07:41:53.113111 223665 AriaExecutor.h:649] Worker 31 latency: 1399 us (50%) 1603 us (75%) 1767 us (95%) 1823 us (99%).
I0312 07:41:53.138708 223665 AriaExecutor.h:649] Worker 32 latency: 1388 us (50%) 1595 us (75%) 1764 us (95%) 1821 us (99%).
I0312 07:41:53.164196 223665 AriaExecutor.h:649] Worker 33 latency: 1390 us (50%) 1596 us (75%) 1765 us (95%) 1821 us (99%).
I0312 07:41:53.189234 223665 AriaExecutor.h:649] Worker 34 latency: 1389 us (50%) 1595 us (75%) 1764 us (95%) 1821 us (99%).
I0312 07:41:53.214268 223665 AriaExecutor.h:649] Worker 35 latency: 1390 us (50%) 1596 us (75%) 1765 us (95%) 1821 us (99%).
I0312 07:41:53.239200 223665 AriaExecutor.h:649] Worker 36 latency: 1383 us (50%) 1592 us (75%) 1764 us (95%) 1821 us (99%).
I0312 07:41:53.265215 223665 AriaExecutor.h:649] Worker 37 latency: 1388 us (50%) 1595 us (75%) 1764 us (95%) 1821 us (99%).
I0312 07:41:53.289963 223665 AriaExecutor.h:649] Worker 38 latency: 1383 us (50%) 1592 us (75%) 1764 us (95%) 1821 us (99%).
I0312 07:41:53.315838 223665 AriaExecutor.h:649] Worker 39 latency: 1390 us (50%) 1596 us (75%) 1764 us (95%) 1821 us (99%).
I0312 07:41:53.340941 223665 AriaExecutor.h:649] Worker 40 latency: 1389 us (50%) 1595 us (75%) 1764 us (95%) 1821 us (99%).
I0312 07:41:53.365622 223665 AriaExecutor.h:649] Worker 41 latency: 1388 us (50%) 1595 us (75%) 1764 us (95%) 1821 us (99%).
I0312 07:41:53.390430 223665 AriaExecutor.h:649] Worker 42 latency: 1388 us (50%) 1595 us (75%) 1764 us (95%) 1821 us (99%).
I0312 07:41:53.415323 223665 AriaExecutor.h:649] Worker 43 latency: 1388 us (50%) 1595 us (75%) 1764 us (95%) 1821 us (99%).
I0312 07:41:53.440543 223665 AriaExecutor.h:649] Worker 44 latency: 1381 us (50%) 1591 us (75%) 1764 us (95%) 1821 us (99%).
I0312 07:41:53.466355 223665 AriaExecutor.h:649] Worker 45 latency: 1386 us (50%) 1594 us (75%) 1764 us (95%) 1821 us (99%).
I0312 07:41:53.491230 223665 AriaExecutor.h:649] Worker 46 latency: 1390 us (50%) 1596 us (75%) 1765 us (95%) 1821 us (99%).
I0312 07:41:53.515938 223665 AriaExecutor.h:649] Worker 47 latency: 1382 us (50%) 1592 us (75%) 1764 us (95%) 1821 us (99%).
I0312 07:41:53.540604 223665 Coordinator.h:177] total commit: 1.06588e+06
I0312 07:41:54.540818 223665 Coordinator.h:192] Coordinator exits.
