I0312 03:15:20.076931 159939 Database.h:65] ycsb initialization finished in 100 milliseconds.
I0312 03:15:20.077150 159939 Coordinator.h:30] Coordinator initializes 32 workers.
I0312 03:15:20.113953 159939 Coordinator.h:77] Coordinator starts to run 33 workers.
I0312 03:15:20.114043 159975 AriaExecutor.h:82] AriaExecutor 0 started. 
I0312 03:15:20.114089 159976 AriaExecutor.h:82] AriaExecutor 1 started. 
I0312 03:15:20.114180 159977 AriaExecutor.h:82] AriaExecutor 2 started. 
I0312 03:15:20.114269 159978 AriaExecutor.h:82] AriaExecutor 3 started. 
I0312 03:15:20.114351 159979 AriaExecutor.h:82] AriaExecutor 4 started. 
I0312 03:15:20.114437 159980 AriaExecutor.h:82] AriaExecutor 5 started. 
I0312 03:15:20.114512 159981 AriaExecutor.h:82] AriaExecutor 6 started. 
I0312 03:15:20.114610 159982 AriaExecutor.h:82] AriaExecutor 7 started. 
I0312 03:15:20.114718 159983 AriaExecutor.h:82] AriaExecutor 8 started. 
I0312 03:15:20.114804 159984 AriaExecutor.h:82] AriaExecutor 9 started. 
I0312 03:15:20.114913 159985 AriaExecutor.h:82] AriaExecutor 10 started. 
I0312 03:15:20.115010 159986 AriaExecutor.h:82] AriaExecutor 11 started. 
I0312 03:15:20.115113 159987 AriaExecutor.h:82] AriaExecutor 12 started. 
I0312 03:15:20.115217 159988 AriaExecutor.h:82] AriaExecutor 13 started. 
I0312 03:15:20.115329 159989 AriaExecutor.h:82] AriaExecutor 14 started. 
I0312 03:15:20.115454 159990 AriaExecutor.h:82] AriaExecutor 15 started. 
I0312 03:15:20.115566 159991 AriaExecutor.h:82] AriaExecutor 16 started. 
I0312 03:15:20.115693 159992 AriaExecutor.h:82] AriaExecutor 17 started. 
I0312 03:15:20.115728 159993 AriaExecutor.h:82] AriaExecutor 18 started. 
I0312 03:15:20.115832 159994 AriaExecutor.h:82] AriaExecutor 19 started. 
I0312 03:15:20.115949 159995 AriaExecutor.h:82] AriaExecutor 20 started. 
I0312 03:15:20.116075 159996 AriaExecutor.h:82] AriaExecutor 21 started. 
I0312 03:15:20.116185 159997 AriaExecutor.h:82] AriaExecutor 22 started. 
I0312 03:15:20.116259 159998 AriaExecutor.h:82] AriaExecutor 23 started. 
I0312 03:15:20.116353 159999 AriaExecutor.h:82] AriaExecutor 24 started. 
I0312 03:15:20.116463 160000 AriaExecutor.h:82] AriaExecutor 25 started. 
I0312 03:15:20.116578 160001 AriaExecutor.h:82] AriaExecutor 26 started. 
I0312 03:15:20.116623 160002 AriaExecutor.h:82] AriaExecutor 27 started. 
I0312 03:15:20.116734 160003 AriaExecutor.h:82] AriaExecutor 28 started. 
I0312 03:15:20.116832 160004 AriaExecutor.h:82] AriaExecutor 29 started. 
I0312 03:15:20.116950 160005 AriaExecutor.h:82] AriaExecutor 30 started. 
I0312 03:15:20.117060 160006 AriaExecutor.h:82] AriaExecutor 31 started. 
I0312 03:15:20.117175 160007 Manager.h:224] Manager(worker id = 32) on the coordinator node started.
I0312 03:15:21.117203 159939 Coordinator.h:126] commit: 574926 abort: 16946 (0/16946/0), network size: 0, avg network size: 0, si_in_serializable: 0 0 %, local: 0 %
I0312 03:15:22.117341 159939 Coordinator.h:126] commit: 580887 abort: 17129 (0/17129/0), network size: 0, avg network size: 0, si_in_serializable: 0 0 %, local: 0 %
I0312 03:15:23.117456 159939 Coordinator.h:126] commit: 582983 abort: 17081 (0/17081/0), network size: 0, avg network size: 0, si_in_serializable: 0 0 %, local: 0 %
I0312 03:15:24.117611 159939 Coordinator.h:126] commit: 578724 abort: 17244 (0/17244/0), network size: 0, avg network size: 0, si_in_serializable: 0 0 %, local: 0 %
I0312 03:15:25.117744 159939 Coordinator.h:126] commit: 582689 abort: 17375 (0/17375/0), network size: 0, avg network size: 0, si_in_serializable: 0 0 %, local: 0 %
I0312 03:15:26.117866 159939 Coordinator.h:126] commit: 581795 abort: 17245 (0/17245/0), network size: 0, avg network size: 0, si_in_serializable: 0 0 %, local: 0 %
I0312 03:15:27.117985 159939 Coordinator.h:126] commit: 576908 abort: 17012 (0/17012/0), network size: 0, avg network size: 0, si_in_serializable: 0 0 %, local: 0 %
I0312 03:15:28.118108 159939 Coordinator.h:126] commit: 570894 abort: 16882 (0/16882/0), network size: 0, avg network size: 0, si_in_serializable: 0 0 %, local: 0 %
I0312 03:15:29.118232 159939 Coordinator.h:126] commit: 575982 abort: 16914 (0/16914/0), network size: 0, avg network size: 0, si_in_serializable: 0 0 %, local: 0 %
I0312 03:15:30.118355 159939 Coordinator.h:126] commit: 578668 abort: 17300 (0/17300/0), network size: 0, avg network size: 0, si_in_serializable: 0 0 %, local: 0 %
I0312 03:15:31.118518 159939 Coordinator.h:126] commit: 578986 abort: 16982 (0/16982/0), network size: 0, avg network size: 0, si_in_serializable: 0 0 %, local: 0 %
I0312 03:15:32.118654 159939 Coordinator.h:126] commit: 580790 abort: 17226 (0/17226/0), network size: 0, avg network size: 0, si_in_serializable: 0 0 %, local: 0 %
I0312 03:15:33.118777 159939 Coordinator.h:126] commit: 578991 abort: 16977 (0/16977/0), network size: 0, avg network size: 0, si_in_serializable: 0 0 %, local: 0 %
I0312 03:15:34.118901 159939 Coordinator.h:126] commit: 581012 abort: 17004 (0/17004/0), network size: 0, avg network size: 0, si_in_serializable: 0 0 %, local: 0 %
I0312 03:15:35.119022 159939 Coordinator.h:126] commit: 559555 abort: 16781 (0/16781/0), network size: 0, avg network size: 0, si_in_serializable: 0 0 %, local: 0 %
I0312 03:15:36.119143 159939 Coordinator.h:126] commit: 580042 abort: 17124 (0/17124/0), network size: 0, avg network size: 0, si_in_serializable: 0 0 %, local: 0 %
I0312 03:15:37.119266 159939 Coordinator.h:126] commit: 579986 abort: 17006 (0/17006/0), network size: 0, avg network size: 0, si_in_serializable: 0 0 %, local: 0 %
I0312 03:15:38.119386 159939 Coordinator.h:126] commit: 577905 abort: 17039 (0/17039/0), network size: 0, avg network size: 0, si_in_serializable: 0 0 %, local: 0 %
I0312 03:15:39.119504 159939 Coordinator.h:126] commit: 578716 abort: 17252 (0/17252/0), network size: 0, avg network size: 0, si_in_serializable: 0 0 %, local: 0 %
I0312 03:15:40.119622 159939 Coordinator.h:126] commit: 575844 abort: 17052 (0/17052/0), network size: 0, avg network size: 0, si_in_serializable: 0 0 %, local: 0 %
I0312 03:15:41.119779 159939 Coordinator.h:126] commit: 577938 abort: 17006 (0/17006/0), network size: 0, avg network size: 0, si_in_serializable: 0 0 %, local: 0 %
I0312 03:15:42.119915 159939 Coordinator.h:126] commit: 579779 abort: 17213 (0/17213/0), network size: 0, avg network size: 0, si_in_serializable: 0 0 %, local: 0 %
I0312 03:15:43.120038 159939 Coordinator.h:126] commit: 578906 abort: 17062 (0/17062/0), network size: 0, avg network size: 0, si_in_serializable: 0 0 %, local: 0 %
I0312 03:15:44.120158 159939 Coordinator.h:126] commit: 580010 abort: 16982 (0/16982/0), network size: 0, avg network size: 0, si_in_serializable: 0 0 %, local: 0 %
I0312 03:15:45.120280 159939 Coordinator.h:126] commit: 579717 abort: 17275 (0/17275/0), network size: 0, avg network size: 0, si_in_serializable: 0 0 %, local: 0 %
I0312 03:15:45.120321 159939 Coordinator.h:152] average commit: 577183 abort: 17044.3 (0/17044.3/0), network size: 0, avg network size: 0, si_in_serializable: 0 0 %, local: 0 %
I0312 03:15:45.121819 159980 AriaExecutor.h:94] AriaExecutor 5 exits. 
I0312 03:15:45.121827 159982 AriaExecutor.h:94] AriaExecutor 7 exits. 
I0312 03:15:45.121831 159981 AriaExecutor.h:94] AriaExecutor 6 exits. 
I0312 03:15:45.121837 159984 AriaExecutor.h:94] AriaExecutor 9 exits. 
I0312 03:15:45.121820 159977 AriaExecutor.h:94] AriaExecutor 2 exits. 
I0312 03:15:45.121838 159998 AriaExecutor.h:94] AriaExecutor 23 exits. 
I0312 03:15:45.121827 159975 AriaExecutor.h:94] AriaExecutor 0 exits. 
I0312 03:15:45.121840 160001 AriaExecutor.h:94] AriaExecutor 26 exits. 
I0312 03:15:45.121841 160002 AriaExecutor.h:94] AriaExecutor 27 exits. 
I0312 03:15:45.121838 159992 AriaExecutor.h:94] AriaExecutor 17 exits. 
I0312 03:15:45.121834 159995 AriaExecutor.h:94] AriaExecutor 20 exits. 
I0312 03:15:45.121837 160006 AriaExecutor.h:94] AriaExecutor 31 exits. 
I0312 03:15:45.121829 159979 AriaExecutor.h:94] AriaExecutor 4 exits. 
I0312 03:15:45.121833 160005 AriaExecutor.h:94] AriaExecutor 30 exits. 
I0312 03:15:45.121842 159990 AriaExecutor.h:94] AriaExecutor 15 exits. 
I0312 03:15:45.121843 160000 AriaExecutor.h:94] AriaExecutor 25 exits. 
I0312 03:15:45.121825 159976 AriaExecutor.h:94] AriaExecutor 1 exits. 
I0312 03:15:45.121827 159983 AriaExecutor.h:94] AriaExecutor 8 exits. 
I0312 03:15:45.121826 159988 AriaExecutor.h:94] AriaExecutor 13 exits. 
I0312 03:15:45.121825 159986 AriaExecutor.h:94] AriaExecutor 11 exits. 
I0312 03:15:45.121832 159997 AriaExecutor.h:94] AriaExecutor 22 exits. 
I0312 03:15:45.121884 159989 AriaExecutor.h:94] AriaExecutor 14 exits. 
I0312 03:15:45.121831 160003 AriaExecutor.h:94] AriaExecutor 28 exits. 
I0312 03:15:45.121840 159993 AriaExecutor.h:94] AriaExecutor 18 exits. 
I0312 03:15:45.121840 159999 AriaExecutor.h:94] AriaExecutor 24 exits. 
I0312 03:15:45.121832 159994 AriaExecutor.h:94] AriaExecutor 19 exits. 
I0312 03:15:45.121824 159987 AriaExecutor.h:94] AriaExecutor 12 exits. 
I0312 03:15:45.121886 160004 AriaExecutor.h:94] AriaExecutor 29 exits. 
I0312 03:15:45.121829 159978 AriaExecutor.h:94] AriaExecutor 3 exits. 
I0312 03:15:45.121830 160007 Manager.h:227] Manager(worker id = 32) on the coordinator node exits.
I0312 03:15:45.121819 159985 AriaExecutor.h:94] AriaExecutor 10 exits. 
I0312 03:15:45.121838 159991 AriaExecutor.h:94] AriaExecutor 16 exits. 
I0312 03:15:45.121832 159996 AriaExecutor.h:94] AriaExecutor 21 exits. 
I0312 03:15:45.120337 159939 AriaExecutor.h:535] Worker 0 latency: 1165 us (50%) 1417 us (75%) 1615 us (95%) 1672 us (99%).
I0312 03:15:45.142160 159939 AriaExecutor.h:535] Worker 1 latency: 1349 us (50%) 1497 us (75%) 1619 us (95%) 1666 us (99%).
I0312 03:15:45.162124 159939 AriaExecutor.h:535] Worker 2 latency: 1349 us (50%) 1498 us (75%) 1620 us (95%) 1666 us (99%).
I0312 03:15:45.182220 159939 AriaExecutor.h:535] Worker 3 latency: 1349 us (50%) 1497 us (75%) 1619 us (95%) 1666 us (99%).
I0312 03:15:45.202955 159939 AriaExecutor.h:535] Worker 4 latency: 1348 us (50%) 1497 us (75%) 1619 us (95%) 1666 us (99%).
I0312 03:15:45.223016 159939 AriaExecutor.h:535] Worker 5 latency: 1347 us (50%) 1497 us (75%) 1619 us (95%) 1666 us (99%).
I0312 03:15:45.243320 159939 AriaExecutor.h:535] Worker 6 latency: 1349 us (50%) 1497 us (75%) 1620 us (95%) 1666 us (99%).
I0312 03:15:45.263254 159939 AriaExecutor.h:535] Worker 7 latency: 1348 us (50%) 1497 us (75%) 1620 us (95%) 1666 us (99%).
I0312 03:15:45.283578 159939 AriaExecutor.h:535] Worker 8 latency: 1348 us (50%) 1497 us (75%) 1619 us (95%) 1666 us (99%).
I0312 03:15:45.303983 159939 AriaExecutor.h:535] Worker 9 latency: 1347 us (50%) 1497 us (75%) 1619 us (95%) 1666 us (99%).
I0312 03:15:45.324347 159939 AriaExecutor.h:535] Worker 10 latency: 1348 us (50%) 1497 us (75%) 1619 us (95%) 1666 us (99%).
I0312 03:15:45.344354 159939 AriaExecutor.h:535] Worker 11 latency: 1347 us (50%) 1496 us (75%) 1619 us (95%) 1666 us (99%).
I0312 03:15:45.365315 159939 AriaExecutor.h:535] Worker 12 latency: 1347 us (50%) 1496 us (75%) 1619 us (95%) 1666 us (99%).
I0312 03:15:45.385262 159939 AriaExecutor.h:535] Worker 13 latency: 1347 us (50%) 1496 us (75%) 1619 us (95%) 1666 us (99%).
I0312 03:15:45.405372 159939 AriaExecutor.h:535] Worker 14 latency: 1345 us (50%) 1495 us (75%) 1619 us (95%) 1666 us (99%).
I0312 03:15:45.427685 159939 AriaExecutor.h:535] Worker 15 latency: 1345 us (50%) 1496 us (75%) 1619 us (95%) 1665 us (99%).
I0312 03:15:45.450205 159939 AriaExecutor.h:535] Worker 16 latency: 1347 us (50%) 1497 us (75%) 1619 us (95%) 1666 us (99%).
I0312 03:15:45.472811 159939 AriaExecutor.h:535] Worker 17 latency: 1348 us (50%) 1497 us (75%) 1619 us (95%) 1666 us (99%).
I0312 03:15:45.495033 159939 AriaExecutor.h:535] Worker 18 latency: 1348 us (50%) 1497 us (75%) 1620 us (95%) 1666 us (99%).
I0312 03:15:45.517330 159939 AriaExecutor.h:535] Worker 19 latency: 1347 us (50%) 1497 us (75%) 1619 us (95%) 1666 us (99%).
I0312 03:15:45.539517 159939 AriaExecutor.h:535] Worker 20 latency: 1347 us (50%) 1497 us (75%) 1619 us (95%) 1666 us (99%).
I0312 03:15:45.561753 159939 AriaExecutor.h:535] Worker 21 latency: 1347 us (50%) 1497 us (75%) 1619 us (95%) 1666 us (99%).
I0312 03:15:45.583935 159939 AriaExecutor.h:535] Worker 22 latency: 1348 us (50%) 1497 us (75%) 1619 us (95%) 1666 us (99%).
I0312 03:15:45.606591 159939 AriaExecutor.h:535] Worker 23 latency: 1347 us (50%) 1497 us (75%) 1619 us (95%) 1666 us (99%).
I0312 03:15:45.628934 159939 AriaExecutor.h:535] Worker 24 latency: 1347 us (50%) 1496 us (75%) 1619 us (95%) 1666 us (99%).
I0312 03:15:45.651177 159939 AriaExecutor.h:535] Worker 25 latency: 1346 us (50%) 1496 us (75%) 1619 us (95%) 1666 us (99%).
I0312 03:15:45.675568 159939 AriaExecutor.h:535] Worker 26 latency: 1347 us (50%) 1496 us (75%) 1619 us (95%) 1666 us (99%).
I0312 03:15:45.697839 159939 AriaExecutor.h:535] Worker 27 latency: 1346 us (50%) 1496 us (75%) 1619 us (95%) 1665 us (99%).
I0312 03:15:45.720144 159939 AriaExecutor.h:535] Worker 28 latency: 1346 us (50%) 1496 us (75%) 1619 us (95%) 1666 us (99%).
I0312 03:15:45.742376 159939 AriaExecutor.h:535] Worker 29 latency: 1334 us (50%) 1490 us (75%) 1618 us (95%) 1665 us (99%).
I0312 03:15:45.764406 159939 AriaExecutor.h:535] Worker 30 latency: 1345 us (50%) 1496 us (75%) 1619 us (95%) 1666 us (99%).
I0312 03:15:45.784353 159939 AriaExecutor.h:535] Worker 31 latency: 1346 us (50%) 1496 us (75%) 1619 us (95%) 1666 us (99%).
I0312 03:15:45.804709 159939 Coordinator.h:177] total commit: 577183
I0312 03:15:46.804905 159939 Coordinator.h:192] Coordinator exits.
