I0312 02:07:53.157320 151374 Database.h:65] ycsb initialization finished in 179 milliseconds.
I0312 02:07:53.157536 151374 Coordinator.h:30] Coordinator initializes 8 workers.
I0312 02:07:53.218498 151374 Coordinator.h:77] Coordinator starts to run 9 workers.
I0312 02:07:53.218586 151386 AriaExecutor.h:82] AriaExecutor 0 started. 
I0312 02:07:53.218631 151387 AriaExecutor.h:82] AriaExecutor 1 started. 
I0312 02:07:53.218719 151388 AriaExecutor.h:82] AriaExecutor 2 started. 
I0312 02:07:53.218796 151389 AriaExecutor.h:82] AriaExecutor 3 started. 
I0312 02:07:53.218859 151390 AriaExecutor.h:82] AriaExecutor 4 started. 
I0312 02:07:53.218938 151391 AriaExecutor.h:82] AriaExecutor 5 started. 
I0312 02:07:53.219048 151392 AriaExecutor.h:82] AriaExecutor 6 started. 
I0312 02:07:53.219110 151393 AriaExecutor.h:82] AriaExecutor 7 started. 
I0312 02:07:53.219218 151394 Manager.h:224] Manager(worker id = 8) on the coordinator node started.
I0312 02:07:54.219269 151374 Coordinator.h:126] commit: 3087 abort: 46065 (0/46065/0), network size: 0, avg network size: 0, si_in_serializable: 0 0 %, local: 0 %
I0312 02:07:55.219450 151374 Coordinator.h:126] commit: 3259 abort: 47941 (0/47941/0), network size: 0, avg network size: 0, si_in_serializable: 0 0 %, local: 0 %
I0312 02:07:56.219650 151374 Coordinator.h:126] commit: 3229 abort: 47971 (0/47971/0), network size: 0, avg network size: 0, si_in_serializable: 0 0 %, local: 0 %
I0312 02:07:57.219801 151374 Coordinator.h:126] commit: 3368 abort: 49880 (0/49880/0), network size: 0, avg network size: 0, si_in_serializable: 0 0 %, local: 0 %
I0312 02:07:58.219929 151374 Coordinator.h:126] commit: 3198 abort: 48002 (0/48002/0), network size: 0, avg network size: 0, si_in_serializable: 0 0 %, local: 0 %
I0312 02:07:59.220069 151374 Coordinator.h:126] commit: 3021 abort: 46131 (0/46131/0), network size: 0, avg network size: 0, si_in_serializable: 0 0 %, local: 0 %
I0312 02:08:00.220214 151374 Coordinator.h:126] commit: 3323 abort: 49925 (0/49925/0), network size: 0, avg network size: 0, si_in_serializable: 0 0 %, local: 0 %
I0312 02:08:01.220443 151374 Coordinator.h:126] commit: 3182 abort: 48018 (0/48018/0), network size: 0, avg network size: 0, si_in_serializable: 0 0 %, local: 0 %
I0312 02:08:02.220600 151374 Coordinator.h:126] commit: 3239 abort: 47961 (0/47961/0), network size: 0, avg network size: 0, si_in_serializable: 0 0 %, local: 0 %
I0312 02:08:03.220747 151374 Coordinator.h:126] commit: 3263 abort: 47937 (0/47937/0), network size: 0, avg network size: 0, si_in_serializable: 0 0 %, local: 0 %
I0312 02:08:04.220883 151374 Coordinator.h:126] commit: 3246 abort: 47954 (0/47954/0), network size: 0, avg network size: 0, si_in_serializable: 0 0 %, local: 0 %
I0312 02:08:05.221040 151374 Coordinator.h:126] commit: 3211 abort: 47989 (0/47989/0), network size: 0, avg network size: 0, si_in_serializable: 0 0 %, local: 0 %
I0312 02:08:06.221196 151374 Coordinator.h:126] commit: 3207 abort: 47993 (0/47993/0), network size: 0, avg network size: 0, si_in_serializable: 0 0 %, local: 0 %
I0312 02:08:07.221402 151374 Coordinator.h:126] commit: 3285 abort: 47915 (0/47915/0), network size: 0, avg network size: 0, si_in_serializable: 0 0 %, local: 0 %
I0312 02:08:08.221561 151374 Coordinator.h:126] commit: 3338 abort: 49910 (0/49910/0), network size: 0, avg network size: 0, si_in_serializable: 0 0 %, local: 0 %
I0312 02:08:09.221707 151374 Coordinator.h:126] commit: 3244 abort: 47956 (0/47956/0), network size: 0, avg network size: 0, si_in_serializable: 0 0 %, local: 0 %
I0312 02:08:10.221854 151374 Coordinator.h:126] commit: 3178 abort: 48022 (0/48022/0), network size: 0, avg network size: 0, si_in_serializable: 0 0 %, local: 0 %
I0312 02:08:11.221985 151374 Coordinator.h:126] commit: 3220 abort: 47980 (0/47980/0), network size: 0, avg network size: 0, si_in_serializable: 0 0 %, local: 0 %
I0312 02:08:12.222123 151374 Coordinator.h:126] commit: 3372 abort: 49876 (0/49876/0), network size: 0, avg network size: 0, si_in_serializable: 0 0 %, local: 0 %
I0312 02:08:13.222261 151374 Coordinator.h:126] commit: 3318 abort: 47882 (0/47882/0), network size: 0, avg network size: 0, si_in_serializable: 0 0 %, local: 0 %
I0312 02:08:14.222398 151374 Coordinator.h:126] commit: 3217 abort: 47983 (0/47983/0), network size: 0, avg network size: 0, si_in_serializable: 0 0 %, local: 0 %
I0312 02:08:15.222534 151374 Coordinator.h:126] commit: 3302 abort: 47898 (0/47898/0), network size: 0, avg network size: 0, si_in_serializable: 0 0 %, local: 0 %
I0312 02:08:16.222678 151374 Coordinator.h:126] commit: 3249 abort: 47951 (0/47951/0), network size: 0, avg network size: 0, si_in_serializable: 0 0 %, local: 0 %
I0312 02:08:17.222823 151374 Coordinator.h:126] commit: 3394 abort: 49854 (0/49854/0), network size: 0, avg network size: 0, si_in_serializable: 0 0 %, local: 0 %
I0312 02:08:18.223018 151374 Coordinator.h:126] commit: 3243 abort: 47957 (0/47957/0), network size: 0, avg network size: 0, si_in_serializable: 0 0 %, local: 0 %
I0312 02:08:18.223089 151374 Coordinator.h:152] average commit: 3261.9 abort: 48347.7 (0/48347.7/0), network size: 0, avg network size: 0, si_in_serializable: 0 0 %, local: 0 %
I0312 02:08:18.223134 151374 AriaExecutor.h:535] Worker 0 latency: 38894 us (50%) 39130 us (75%) 39567 us (95%) 47600 us (99%).
I0312 02:08:18.245189 151390 AriaExecutor.h:94] AriaExecutor 4 exits. 
I0312 02:08:18.245190 151392 AriaExecutor.h:94] AriaExecutor 6 exits. 
I0312 02:08:18.245190 151394 Manager.h:227] Manager(worker id = 8) on the coordinator node exits.
I0312 02:08:18.245190 151386 AriaExecutor.h:94] AriaExecutor 0 exits. 
I0312 02:08:18.245190 151388 AriaExecutor.h:94] AriaExecutor 2 exits. 
I0312 02:08:18.245191 151387 AriaExecutor.h:94] AriaExecutor 1 exits. 
I0312 02:08:18.245190 151389 AriaExecutor.h:94] AriaExecutor 3 exits. 
I0312 02:08:18.245190 151391 AriaExecutor.h:94] AriaExecutor 5 exits. 
I0312 02:08:18.245190 151393 AriaExecutor.h:94] AriaExecutor 7 exits. 
I0312 02:08:18.245402 151374 AriaExecutor.h:535] Worker 1 latency: 38885 us (50%) 39123 us (75%) 39527 us (95%) 47287 us (99%).
I0312 02:08:18.246953 151374 AriaExecutor.h:535] Worker 2 latency: 38891 us (50%) 39127 us (75%) 39538 us (95%) 47240 us (99%).
I0312 02:08:18.248512 151374 AriaExecutor.h:535] Worker 3 latency: 38876 us (50%) 39115 us (75%) 39538 us (95%) 47842 us (99%).
I0312 02:08:18.250007 151374 AriaExecutor.h:535] Worker 4 latency: 38890 us (50%) 39125 us (75%) 39542 us (95%) 47118 us (99%).
I0312 02:08:18.251513 151374 AriaExecutor.h:535] Worker 5 latency: 38881 us (50%) 39127 us (75%) 39567 us (95%) 47713 us (99%).
I0312 02:08:18.253014 151374 AriaExecutor.h:535] Worker 6 latency: 38888 us (50%) 39128 us (75%) 39544 us (95%) 47747 us (99%).
I0312 02:08:18.254523 151374 AriaExecutor.h:535] Worker 7 latency: 38883 us (50%) 39124 us (75%) 39550 us (95%) 47823 us (99%).
I0312 02:08:18.256026 151374 Coordinator.h:177] total commit: 3261.9
I0312 02:08:19.256217 151374 Coordinator.h:192] Coordinator exits.
