I0312 05:28:53.884130 187618 Database.h:65] ycsb initialization finished in 256 milliseconds.
I0312 05:28:53.884356 187618 Coordinator.h:30] Coordinator initializes 4 workers.
I0312 05:28:53.922082 187618 Coordinator.h:77] Coordinator starts to run 5 workers.
I0312 05:28:53.922178 187626 AriaExecutor.h:91] AriaExecutor 0 started. 
I0312 05:28:53.922195 187627 AriaExecutor.h:91] AriaExecutor 1 started. 
I0312 05:28:53.922312 187628 AriaExecutor.h:91] AriaExecutor 2 started. 
I0312 05:28:53.922408 187629 AriaExecutor.h:91] AriaExecutor 3 started. 
I0312 05:28:53.922513 187630 Manager.h:224] Manager(worker id = 4) on the coordinator node started.
I0312 05:28:54.922564 187618 Coordinator.h:126] commit: 13088 abort: 22752 (0/22752/0), network size: 0, avg network size: 0, si_in_serializable: 0 0 %, local: 0 %
I0312 05:28:55.922746 187618 Coordinator.h:126] commit: 13690 abort: 23174 (0/23174/0), network size: 0, avg network size: 0, si_in_serializable: 0 0 %, local: 0 %
I0312 05:28:56.922880 187618 Coordinator.h:126] commit: 13612 abort: 23252 (0/23252/0), network size: 0, avg network size: 0, si_in_serializable: 0 0 %, local: 0 %
I0312 05:28:57.923002 187618 Coordinator.h:126] commit: 14106 abort: 23782 (0/23782/0), network size: 0, avg network size: 0, si_in_serializable: 0 0 %, local: 0 %
I0312 05:28:58.923154 187618 Coordinator.h:126] commit: 13157 abort: 22683 (0/22683/0), network size: 0, avg network size: 0, si_in_serializable: 0 0 %, local: 0 %
I0312 05:28:59.923287 187618 Coordinator.h:126] commit: 13899 abort: 23989 (0/23989/0), network size: 0, avg network size: 0, si_in_serializable: 0 0 %, local: 0 %
I0312 05:29:00.923439 187618 Coordinator.h:126] commit: 13288 abort: 22552 (0/22552/0), network size: 0, avg network size: 0, si_in_serializable: 0 0 %, local: 0 %
I0312 05:29:01.923573 187618 Coordinator.h:126] commit: 14005 abort: 23883 (0/23883/0), network size: 0, avg network size: 0, si_in_serializable: 0 0 %, local: 0 %
I0312 05:29:02.923725 187618 Coordinator.h:126] commit: 13124 abort: 22716 (0/22716/0), network size: 0, avg network size: 0, si_in_serializable: 0 0 %, local: 0 %
I0312 05:29:03.923861 187618 Coordinator.h:126] commit: 14028 abort: 23860 (0/23860/0), network size: 0, avg network size: 0, si_in_serializable: 0 0 %, local: 0 %
I0312 05:29:04.923986 187618 Coordinator.h:126] commit: 13612 abort: 23252 (0/23252/0), network size: 0, avg network size: 0, si_in_serializable: 0 0 %, local: 0 %
I0312 05:29:05.924139 187618 Coordinator.h:126] commit: 13795 abort: 23069 (0/23069/0), network size: 0, avg network size: 0, si_in_serializable: 0 0 %, local: 0 %
I0312 05:29:06.924273 187618 Coordinator.h:126] commit: 13593 abort: 23271 (0/23271/0), network size: 0, avg network size: 0, si_in_serializable: 0 0 %, local: 0 %
I0312 05:29:07.924394 187618 Coordinator.h:126] commit: 13621 abort: 23243 (0/23243/0), network size: 0, avg network size: 0, si_in_serializable: 0 0 %, local: 0 %
I0312 05:29:08.924511 187618 Coordinator.h:126] commit: 13713 abort: 23151 (0/23151/0), network size: 0, avg network size: 0, si_in_serializable: 0 0 %, local: 0 %
I0312 05:29:09.924662 187618 Coordinator.h:126] commit: 13574 abort: 23290 (0/23290/0), network size: 0, avg network size: 0, si_in_serializable: 0 0 %, local: 0 %
I0312 05:29:10.924790 187618 Coordinator.h:126] commit: 13594 abort: 23270 (0/23270/0), network size: 0, avg network size: 0, si_in_serializable: 0 0 %, local: 0 %
I0312 05:29:11.924909 187618 Coordinator.h:126] commit: 13999 abort: 23889 (0/23889/0), network size: 0, avg network size: 0, si_in_serializable: 0 0 %, local: 0 %
I0312 05:29:12.925031 187618 Coordinator.h:126] commit: 13719 abort: 23145 (0/23145/0), network size: 0, avg network size: 0, si_in_serializable: 0 0 %, local: 0 %
I0312 05:29:13.925153 187618 Coordinator.h:126] commit: 13553 abort: 23311 (0/23311/0), network size: 0, avg network size: 0, si_in_serializable: 0 0 %, local: 0 %
I0312 05:29:14.925307 187618 Coordinator.h:126] commit: 13655 abort: 23209 (0/23209/0), network size: 0, avg network size: 0, si_in_serializable: 0 0 %, local: 0 %
I0312 05:29:15.925439 187618 Coordinator.h:126] commit: 13647 abort: 23217 (0/23217/0), network size: 0, avg network size: 0, si_in_serializable: 0 0 %, local: 0 %
I0312 05:29:16.925560 187618 Coordinator.h:126] commit: 13647 abort: 23217 (0/23217/0), network size: 0, avg network size: 0, si_in_serializable: 0 0 %, local: 0 %
I0312 05:29:17.925688 187618 Coordinator.h:126] commit: 14078 abort: 23810 (0/23810/0), network size: 0, avg network size: 0, si_in_serializable: 0 0 %, local: 0 %
I0312 05:29:18.925813 187618 Coordinator.h:126] commit: 13686 abort: 23178 (0/23178/0), network size: 0, avg network size: 0, si_in_serializable: 0 0 %, local: 0 %
I0312 05:29:18.925854 187618 Coordinator.h:152] average commit: 13677.3 abort: 23289.1 (0/23289.1/0), network size: 0, avg network size: 0, si_in_serializable: 0 0 %, local: 0 %
I0312 05:29:18.925868 187618 AriaExecutor.h:649] Worker 0 latency: 23781 us (50%) 25630 us (75%) 26765 us (95%) 27054 us (99%).
I0312 05:29:18.942148 187629 AriaExecutor.h:103] AriaExecutor 3 exits. 
I0312 05:29:18.942148 187630 Manager.h:227] Manager(worker id = 4) on the coordinator node exits.
I0312 05:29:18.942148 187627 AriaExecutor.h:103] AriaExecutor 1 exits. 
I0312 05:29:18.942148 187626 AriaExecutor.h:103] AriaExecutor 0 exits. 
I0312 05:29:18.942148 187628 AriaExecutor.h:103] AriaExecutor 2 exits. 
I0312 05:29:18.942309 187618 AriaExecutor.h:649] Worker 1 latency: 23839 us (50%) 25654 us (75%) 26766 us (95%) 27057 us (99%).
I0312 05:29:18.947321 187618 AriaExecutor.h:649] Worker 2 latency: 23802 us (50%) 25646 us (75%) 26763 us (95%) 27054 us (99%).
I0312 05:29:18.952338 187618 AriaExecutor.h:649] Worker 3 latency: 23803 us (50%) 25646 us (75%) 26760 us (95%) 27055 us (99%).
I0312 05:29:18.957427 187618 Coordinator.h:177] total commit: 13677.3
I0312 05:29:19.957628 187618 Coordinator.h:192] Coordinator exits.
