I0312 06:07:01.910687 190239 Database.h:65] ycsb initialization finished in 179 milliseconds.
I0312 06:07:01.910920 190239 Coordinator.h:30] Coordinator initializes 8 workers.
I0312 06:07:02.019229 190239 Coordinator.h:77] Coordinator starts to run 9 workers.
I0312 06:07:02.019318 190252 AriaExecutor.h:91] AriaExecutor 0 started. 
I0312 06:07:02.019371 190253 AriaExecutor.h:91] AriaExecutor 1 started. 
I0312 06:07:02.019462 190254 AriaExecutor.h:91] AriaExecutor 2 started. 
I0312 06:07:02.019541 190255 AriaExecutor.h:91] AriaExecutor 3 started. 
I0312 06:07:02.019608 190256 AriaExecutor.h:91] AriaExecutor 4 started. 
I0312 06:07:02.019672 190257 AriaExecutor.h:91] AriaExecutor 5 started. 
I0312 06:07:02.019742 190258 AriaExecutor.h:91] AriaExecutor 6 started. 
I0312 06:07:02.019794 190259 AriaExecutor.h:91] AriaExecutor 7 started. 
I0312 06:07:02.019896 190260 Manager.h:224] Manager(worker id = 8) on the coordinator node started.
I0312 06:07:03.019945 190239 Coordinator.h:126] commit: 5801 abort: 72023 (0/72023/0), network size: 0, avg network size: 0, si_in_serializable: 0 0 %, local: 0 %
I0312 06:07:04.020121 190239 Coordinator.h:126] commit: 5773 abort: 72051 (0/72051/0), network size: 0, avg network size: 0, si_in_serializable: 0 0 %, local: 0 %
I0312 06:07:05.020315 190239 Coordinator.h:126] commit: 5935 abort: 71889 (0/71889/0), network size: 0, avg network size: 0, si_in_serializable: 0 0 %, local: 0 %
I0312 06:07:06.020462 190239 Coordinator.h:126] commit: 6061 abort: 75859 (0/75859/0), network size: 0, avg network size: 0, si_in_serializable: 0 0 %, local: 0 %
I0312 06:07:07.020586 190239 Coordinator.h:126] commit: 5776 abort: 72048 (0/72048/0), network size: 0, avg network size: 0, si_in_serializable: 0 0 %, local: 0 %
I0312 06:07:08.020706 190239 Coordinator.h:126] commit: 6149 abort: 75771 (0/75771/0), network size: 0, avg network size: 0, si_in_serializable: 0 0 %, local: 0 %
I0312 06:07:09.020834 190239 Coordinator.h:126] commit: 5945 abort: 71879 (0/71879/0), network size: 0, avg network size: 0, si_in_serializable: 0 0 %, local: 0 %
I0312 06:07:10.021024 190239 Coordinator.h:126] commit: 6130 abort: 75790 (0/75790/0), network size: 0, avg network size: 0, si_in_serializable: 0 0 %, local: 0 %
I0312 06:07:11.021175 190239 Coordinator.h:126] commit: 5880 abort: 71944 (0/71944/0), network size: 0, avg network size: 0, si_in_serializable: 0 0 %, local: 0 %
I0312 06:07:12.021301 190239 Coordinator.h:126] commit: 6124 abort: 75796 (0/75796/0), network size: 0, avg network size: 0, si_in_serializable: 0 0 %, local: 0 %
I0312 06:07:13.021485 190239 Coordinator.h:126] commit: 5904 abort: 71920 (0/71920/0), network size: 0, avg network size: 0, si_in_serializable: 0 0 %, local: 0 %
I0312 06:07:14.021631 190239 Coordinator.h:126] commit: 6225 abort: 75695 (0/75695/0), network size: 0, avg network size: 0, si_in_serializable: 0 0 %, local: 0 %
I0312 06:07:15.021761 190239 Coordinator.h:126] commit: 5845 abort: 71979 (0/71979/0), network size: 0, avg network size: 0, si_in_serializable: 0 0 %, local: 0 %
I0312 06:07:16.021951 190239 Coordinator.h:126] commit: 6191 abort: 75729 (0/75729/0), network size: 0, avg network size: 0, si_in_serializable: 0 0 %, local: 0 %
I0312 06:07:17.022101 190239 Coordinator.h:126] commit: 5791 abort: 72033 (0/72033/0), network size: 0, avg network size: 0, si_in_serializable: 0 0 %, local: 0 %
I0312 06:07:18.022224 190239 Coordinator.h:126] commit: 6132 abort: 75788 (0/75788/0), network size: 0, avg network size: 0, si_in_serializable: 0 0 %, local: 0 %
I0312 06:07:19.022351 190239 Coordinator.h:126] commit: 5892 abort: 71932 (0/71932/0), network size: 0, avg network size: 0, si_in_serializable: 0 0 %, local: 0 %
I0312 06:07:20.022532 190239 Coordinator.h:126] commit: 6242 abort: 75678 (0/75678/0), network size: 0, avg network size: 0, si_in_serializable: 0 0 %, local: 0 %
I0312 06:07:21.022686 190239 Coordinator.h:126] commit: 5889 abort: 71935 (0/71935/0), network size: 0, avg network size: 0, si_in_serializable: 0 0 %, local: 0 %
I0312 06:07:22.022814 190239 Coordinator.h:126] commit: 6186 abort: 75734 (0/75734/0), network size: 0, avg network size: 0, si_in_serializable: 0 0 %, local: 0 %
I0312 06:07:23.022943 190239 Coordinator.h:126] commit: 5963 abort: 71861 (0/71861/0), network size: 0, avg network size: 0, si_in_serializable: 0 0 %, local: 0 %
I0312 06:07:24.023073 190239 Coordinator.h:126] commit: 6235 abort: 75685 (0/75685/0), network size: 0, avg network size: 0, si_in_serializable: 0 0 %, local: 0 %
I0312 06:07:25.023202 190239 Coordinator.h:126] commit: 5891 abort: 71933 (0/71933/0), network size: 0, avg network size: 0, si_in_serializable: 0 0 %, local: 0 %
I0312 06:07:26.023387 190239 Coordinator.h:126] commit: 6206 abort: 75714 (0/75714/0), network size: 0, avg network size: 0, si_in_serializable: 0 0 %, local: 0 %
I0312 06:07:27.023536 190239 Coordinator.h:126] commit: 5883 abort: 71941 (0/71941/0), network size: 0, avg network size: 0, si_in_serializable: 0 0 %, local: 0 %
I0312 06:07:27.023581 190239 Coordinator.h:152] average commit: 6029.7 abort: 73842.3 (0/73842.3/0), network size: 0, avg network size: 0, si_in_serializable: 0 0 %, local: 0 %
I0312 06:07:27.024801 190253 AriaExecutor.h:103] AriaExecutor 1 exits. 
I0312 06:07:27.024802 190257 AriaExecutor.h:103] AriaExecutor 5 exits. 
I0312 06:07:27.024801 190260 Manager.h:227] Manager(worker id = 8) on the coordinator node exits.
I0312 06:07:27.024801 190254 AriaExecutor.h:103] AriaExecutor 2 exits. 
I0312 06:07:27.024803 190258 AriaExecutor.h:103] AriaExecutor 6 exits. 
I0312 06:07:27.024801 190259 AriaExecutor.h:103] AriaExecutor 7 exits. 
I0312 06:07:27.024803 190252 AriaExecutor.h:103] AriaExecutor 0 exits. 
I0312 06:07:27.024802 190255 AriaExecutor.h:103] AriaExecutor 3 exits. 
I0312 06:07:27.024804 190256 AriaExecutor.h:103] AriaExecutor 4 exits. 
I0312 06:07:27.023631 190239 AriaExecutor.h:649] Worker 0 latency: 49483 us (50%) 50322 us (75%) 50867 us (95%) 58387 us (99%).
I0312 06:07:27.026674 190239 AriaExecutor.h:649] Worker 1 latency: 49492 us (50%) 50323 us (75%) 50864 us (95%) 57391 us (99%).
I0312 06:07:27.029551 190239 AriaExecutor.h:649] Worker 2 latency: 49479 us (50%) 50314 us (75%) 50854 us (95%) 57606 us (99%).
I0312 06:07:27.032577 190239 AriaExecutor.h:649] Worker 3 latency: 49500 us (50%) 50326 us (75%) 50866 us (95%) 58066 us (99%).
I0312 06:07:27.035462 190239 AriaExecutor.h:649] Worker 4 latency: 49474 us (50%) 50314 us (75%) 50854 us (95%) 57135 us (99%).
I0312 06:07:27.038336 190239 AriaExecutor.h:649] Worker 5 latency: 49452 us (50%) 50315 us (75%) 50853 us (95%) 57629 us (99%).
I0312 06:07:27.040144 190239 AriaExecutor.h:649] Worker 6 latency: 49462 us (50%) 50311 us (75%) 50846 us (95%) 56501 us (99%).
I0312 06:07:27.041976 190239 AriaExecutor.h:649] Worker 7 latency: 49480 us (50%) 50314 us (75%) 50855 us (95%) 57108 us (99%).
I0312 06:07:27.043864 190239 Coordinator.h:177] total commit: 6029.7
I0312 06:07:28.044054 190239 Coordinator.h:192] Coordinator exits.
