I0312 07:14:37.436273 216323 Database.h:65] ycsb initialization finished in 100 milliseconds.
I0312 07:14:37.436502 216323 Coordinator.h:30] Coordinator initializes 32 workers.
I0312 07:14:37.498092 216323 Coordinator.h:77] Coordinator starts to run 33 workers.
I0312 07:14:37.498176 216359 AriaExecutor.h:91] AriaExecutor 0 started. 
I0312 07:14:37.498210 216360 AriaExecutor.h:91] AriaExecutor 1 started. 
I0312 07:14:37.498291 216361 AriaExecutor.h:91] AriaExecutor 2 started. 
I0312 07:14:37.498368 216362 AriaExecutor.h:91] AriaExecutor 3 started. 
I0312 07:14:37.498485 216363 AriaExecutor.h:91] AriaExecutor 4 started. 
I0312 07:14:37.498574 216364 AriaExecutor.h:91] AriaExecutor 5 started. 
I0312 07:14:37.498644 216365 AriaExecutor.h:91] AriaExecutor 6 started. 
I0312 07:14:37.498701 216366 AriaExecutor.h:91] AriaExecutor 7 started. 
I0312 07:14:37.498766 216367 AriaExecutor.h:91] AriaExecutor 8 started. 
I0312 07:14:37.498809 216368 AriaExecutor.h:91] AriaExecutor 9 started. 
I0312 07:14:37.498917 216369 AriaExecutor.h:91] AriaExecutor 10 started. 
I0312 07:14:37.499027 216370 AriaExecutor.h:91] AriaExecutor 11 started. 
I0312 07:14:37.499145 216371 AriaExecutor.h:91] AriaExecutor 12 started. 
I0312 07:14:37.499253 216372 AriaExecutor.h:91] AriaExecutor 13 started. 
I0312 07:14:37.499361 216373 AriaExecutor.h:91] AriaExecutor 14 started. 
I0312 07:14:37.499504 216374 AriaExecutor.h:91] AriaExecutor 15 started. 
I0312 07:14:37.499637 216375 AriaExecutor.h:91] AriaExecutor 16 started. 
I0312 07:14:37.499756 216376 AriaExecutor.h:91] AriaExecutor 17 started. 
I0312 07:14:37.499841 216377 AriaExecutor.h:91] AriaExecutor 18 started. 
I0312 07:14:37.499958 216378 AriaExecutor.h:91] AriaExecutor 19 started. 
I0312 07:14:37.500062 216379 AriaExecutor.h:91] AriaExecutor 20 started. 
I0312 07:14:37.500178 216380 AriaExecutor.h:91] AriaExecutor 21 started. 
I0312 07:14:37.500329 216381 AriaExecutor.h:91] AriaExecutor 22 started. 
I0312 07:14:37.500451 216382 AriaExecutor.h:91] AriaExecutor 23 started. 
I0312 07:14:37.500569 216383 AriaExecutor.h:91] AriaExecutor 24 started. 
I0312 07:14:37.500694 216384 AriaExecutor.h:91] AriaExecutor 25 started. 
I0312 07:14:37.500814 216385 AriaExecutor.h:91] AriaExecutor 26 started. 
I0312 07:14:37.500934 216386 AriaExecutor.h:91] AriaExecutor 27 started. 
I0312 07:14:37.501057 216387 AriaExecutor.h:91] AriaExecutor 28 started. 
I0312 07:14:37.501145 216388 AriaExecutor.h:91] AriaExecutor 29 started. 
I0312 07:14:37.501266 216389 AriaExecutor.h:91] AriaExecutor 30 started. 
I0312 07:14:37.501403 216390 AriaExecutor.h:91] AriaExecutor 31 started. 
I0312 07:14:37.501457 216391 Manager.h:224] Manager(worker id = 32) on the coordinator node started.
I0312 07:14:38.501507 216323 Coordinator.h:126] commit: 692298 abort: 57270 (0/57270/0), network size: 0, avg network size: 0, si_in_serializable: 0 0 %, local: 0 %
I0312 07:14:39.501655 216323 Coordinator.h:126] commit: 696106 abort: 57558 (0/57558/0), network size: 0, avg network size: 0, si_in_serializable: 0 0 %, local: 0 %
I0312 07:14:40.501782 216323 Coordinator.h:126] commit: 703635 abort: 58221 (0/58221/0), network size: 0, avg network size: 0, si_in_serializable: 0 0 %, local: 0 %
I0312 07:14:41.501940 216323 Coordinator.h:126] commit: 697926 abort: 57786 (0/57786/0), network size: 0, avg network size: 0, si_in_serializable: 0 0 %, local: 0 %
I0312 07:14:42.502071 216323 Coordinator.h:126] commit: 701833 abort: 57975 (0/57975/0), network size: 0, avg network size: 0, si_in_serializable: 0 0 %, local: 0 %
I0312 07:14:43.502197 216323 Coordinator.h:126] commit: 699741 abort: 58019 (0/58019/0), network size: 0, avg network size: 0, si_in_serializable: 0 0 %, local: 0 %
I0312 07:14:44.502315 216323 Coordinator.h:126] commit: 694090 abort: 57526 (0/57526/0), network size: 0, avg network size: 0, si_in_serializable: 0 0 %, local: 0 %
I0312 07:14:45.502436 216323 Coordinator.h:126] commit: 701443 abort: 58365 (0/58365/0), network size: 0, avg network size: 0, si_in_serializable: 0 0 %, local: 0 %
I0312 07:14:46.502559 216323 Coordinator.h:126] commit: 691973 abort: 57595 (0/57595/0), network size: 0, avg network size: 0, si_in_serializable: 0 0 %, local: 0 %
I0312 07:14:47.502736 216323 Coordinator.h:126] commit: 696211 abort: 57453 (0/57453/0), network size: 0, avg network size: 0, si_in_serializable: 0 0 %, local: 0 %
I0312 07:14:48.502875 216323 Coordinator.h:126] commit: 697772 abort: 57940 (0/57940/0), network size: 0, avg network size: 0, si_in_serializable: 0 0 %, local: 0 %
I0312 07:14:49.502996 216323 Coordinator.h:126] commit: 701624 abort: 58184 (0/58184/0), network size: 0, avg network size: 0, si_in_serializable: 0 0 %, local: 0 %
I0312 07:14:50.503129 216323 Coordinator.h:126] commit: 675488 abort: 55648 (0/55648/0), network size: 0, avg network size: 0, si_in_serializable: 0 0 %, local: 0 %
I0312 07:14:51.503254 216323 Coordinator.h:126] commit: 699690 abort: 58070 (0/58070/0), network size: 0, avg network size: 0, si_in_serializable: 0 0 %, local: 0 %
I0312 07:14:52.503376 216323 Coordinator.h:126] commit: 699850 abort: 57910 (0/57910/0), network size: 0, avg network size: 0, si_in_serializable: 0 0 %, local: 0 %
I0312 07:14:53.503513 216323 Coordinator.h:126] commit: 698036 abort: 57739 (0/57739/0), network size: 0, avg network size: 0, si_in_serializable: 0 0 %, local: 0 %
I0312 07:14:54.503638 216323 Coordinator.h:126] commit: 699723 abort: 57973 (0/57973/0), network size: 0, avg network size: 0, si_in_serializable: 0 0 %, local: 0 %
I0312 07:14:55.503763 216323 Coordinator.h:126] commit: 697732 abort: 57980 (0/57980/0), network size: 0, avg network size: 0, si_in_serializable: 0 0 %, local: 0 %
I0312 07:14:56.503894 216323 Coordinator.h:126] commit: 699847 abort: 57913 (0/57913/0), network size: 0, avg network size: 0, si_in_serializable: 0 0 %, local: 0 %
I0312 07:14:57.504020 216323 Coordinator.h:126] commit: 700362 abort: 57398 (0/57398/0), network size: 0, avg network size: 0, si_in_serializable: 0 0 %, local: 0 %
I0312 07:14:58.504148 216323 Coordinator.h:126] commit: 695924 abort: 57740 (0/57740/0), network size: 0, avg network size: 0, si_in_serializable: 0 0 %, local: 0 %
I0312 07:14:59.504276 216323 Coordinator.h:126] commit: 699427 abort: 58333 (0/58333/0), network size: 0, avg network size: 0, si_in_serializable: 0 0 %, local: 0 %
I0312 07:15:00.504439 216323 Coordinator.h:126] commit: 698225 abort: 57487 (0/57487/0), network size: 0, avg network size: 0, si_in_serializable: 0 0 %, local: 0 %
I0312 07:15:01.504580 216323 Coordinator.h:126] commit: 694382 abort: 57234 (0/57234/0), network size: 0, avg network size: 0, si_in_serializable: 0 0 %, local: 0 %
I0312 07:15:02.504710 216323 Coordinator.h:126] commit: 618574 abort: 51122 (0/51122/0), network size: 0, avg network size: 0, si_in_serializable: 0 0 %, local: 0 %
I0312 07:15:02.504755 216323 Coordinator.h:152] average commit: 697012 abort: 57675.5 (0/57675.5/0), network size: 0, avg network size: 0, si_in_serializable: 0 0 %, local: 0 %
I0312 07:15:02.506922 216363 AriaExecutor.h:103] AriaExecutor 4 exits. 
I0312 07:15:02.506927 216391 Manager.h:227] Manager(worker id = 32) on the coordinator node exits.
I0312 07:15:02.506937 216361 AriaExecutor.h:103] AriaExecutor 2 exits. 
I0312 07:15:02.506924 216366 AriaExecutor.h:103] AriaExecutor 7 exits. 
I0312 07:15:02.506925 216389 AriaExecutor.h:103] AriaExecutor 30 exits. 
I0312 07:15:02.506924 216390 AriaExecutor.h:103] AriaExecutor 31 exits. 
I0312 07:15:02.506947 216383 AriaExecutor.h:103] AriaExecutor 24 exits. 
I0312 07:15:02.506937 216372 AriaExecutor.h:103] AriaExecutor 13 exits. 
I0312 07:15:02.506930 216362 AriaExecutor.h:103] AriaExecutor 3 exits. 
I0312 07:15:02.506937 216365 AriaExecutor.h:103] AriaExecutor 6 exits. 
I0312 07:15:02.506928 216359 AriaExecutor.h:103] AriaExecutor 0 exits. 
I0312 07:15:02.506935 216367 AriaExecutor.h:103] AriaExecutor 8 exits. 
I0312 07:15:02.506948 216386 AriaExecutor.h:103] AriaExecutor 27 exits. 
I0312 07:15:02.506947 216384 AriaExecutor.h:103] AriaExecutor 25 exits. 
I0312 07:15:02.506979 216381 AriaExecutor.h:103] AriaExecutor 22 exits. 
I0312 07:15:02.506949 216378 AriaExecutor.h:103] AriaExecutor 19 exits. 
I0312 07:15:02.506922 216364 AriaExecutor.h:103] AriaExecutor 5 exits. 
I0312 07:15:02.506953 216373 AriaExecutor.h:103] AriaExecutor 14 exits. 
I0312 07:15:02.506950 216379 AriaExecutor.h:103] AriaExecutor 20 exits. 
I0312 07:15:02.506949 216385 AriaExecutor.h:103] AriaExecutor 26 exits. 
I0312 07:15:02.506947 216380 AriaExecutor.h:103] AriaExecutor 21 exits. 
I0312 07:15:02.506937 216369 AriaExecutor.h:103] AriaExecutor 10 exits. 
I0312 07:15:02.506937 216371 AriaExecutor.h:103] AriaExecutor 12 exits. 
I0312 07:15:02.506933 216368 AriaExecutor.h:103] AriaExecutor 9 exits. 
I0312 07:15:02.506949 216374 AriaExecutor.h:103] AriaExecutor 15 exits. 
I0312 07:15:02.506950 216388 AriaExecutor.h:103] AriaExecutor 29 exits. 
I0312 07:15:02.506947 216387 AriaExecutor.h:103] AriaExecutor 28 exits. 
I0312 07:15:02.506947 216377 AriaExecutor.h:103] AriaExecutor 18 exits. 
I0312 07:15:02.506947 216375 AriaExecutor.h:103] AriaExecutor 16 exits. 
I0312 07:15:02.506947 216382 AriaExecutor.h:103] AriaExecutor 23 exits. 
I0312 07:15:02.506934 216370 AriaExecutor.h:103] AriaExecutor 11 exits. 
I0312 07:15:02.506980 216376 AriaExecutor.h:103] AriaExecutor 17 exits. 
I0312 07:15:02.506934 216360 AriaExecutor.h:103] AriaExecutor 1 exits. 
I0312 07:15:02.504770 216323 AriaExecutor.h:649] Worker 0 latency: 1670 us (50%) 2166 us (75%) 2547 us (95%) 2642 us (99%).
I0312 07:15:02.532023 216323 AriaExecutor.h:649] Worker 1 latency: 2051 us (50%) 2341 us (75%) 2567 us (95%) 2641 us (99%).
I0312 07:15:02.556794 216323 AriaExecutor.h:649] Worker 2 latency: 2050 us (50%) 2340 us (75%) 2567 us (95%) 2641 us (99%).
I0312 07:15:02.582059 216323 AriaExecutor.h:649] Worker 3 latency: 2051 us (50%) 2341 us (75%) 2567 us (95%) 2641 us (99%).
I0312 07:15:02.607698 216323 AriaExecutor.h:649] Worker 4 latency: 2050 us (50%) 2340 us (75%) 2567 us (95%) 2641 us (99%).
I0312 07:15:02.632508 216323 AriaExecutor.h:649] Worker 5 latency: 2047 us (50%) 2339 us (75%) 2567 us (95%) 2641 us (99%).
I0312 07:15:02.657929 216323 AriaExecutor.h:649] Worker 6 latency: 2050 us (50%) 2340 us (75%) 2567 us (95%) 2641 us (99%).
I0312 07:15:02.683136 216323 AriaExecutor.h:649] Worker 7 latency: 2050 us (50%) 2340 us (75%) 2567 us (95%) 2641 us (99%).
I0312 07:15:02.707942 216323 AriaExecutor.h:649] Worker 8 latency: 2048 us (50%) 2339 us (75%) 2567 us (95%) 2641 us (99%).
I0312 07:15:02.732858 216323 AriaExecutor.h:649] Worker 9 latency: 2047 us (50%) 2339 us (75%) 2567 us (95%) 2641 us (99%).
I0312 07:15:02.757510 216323 AriaExecutor.h:649] Worker 10 latency: 2048 us (50%) 2339 us (75%) 2567 us (95%) 2641 us (99%).
I0312 07:15:02.782023 216323 AriaExecutor.h:649] Worker 11 latency: 2046 us (50%) 2338 us (75%) 2567 us (95%) 2641 us (99%).
I0312 07:15:02.806681 216323 AriaExecutor.h:649] Worker 12 latency: 2046 us (50%) 2339 us (75%) 2567 us (95%) 2641 us (99%).
I0312 07:15:02.831279 216323 AriaExecutor.h:649] Worker 13 latency: 2046 us (50%) 2338 us (75%) 2567 us (95%) 2641 us (99%).
I0312 07:15:02.856380 216323 AriaExecutor.h:649] Worker 14 latency: 2042 us (50%) 2336 us (75%) 2566 us (95%) 2640 us (99%).
I0312 07:15:02.881621 216323 AriaExecutor.h:649] Worker 15 latency: 2043 us (50%) 2336 us (75%) 2566 us (95%) 2641 us (99%).
I0312 07:15:02.907536 216323 AriaExecutor.h:649] Worker 16 latency: 2047 us (50%) 2338 us (75%) 2567 us (95%) 2641 us (99%).
I0312 07:15:02.932560 216323 AriaExecutor.h:649] Worker 17 latency: 2048 us (50%) 2340 us (75%) 2567 us (95%) 2641 us (99%).
I0312 07:15:02.957700 216323 AriaExecutor.h:649] Worker 18 latency: 2047 us (50%) 2339 us (75%) 2567 us (95%) 2641 us (99%).
I0312 07:15:02.982646 216323 AriaExecutor.h:649] Worker 19 latency: 2047 us (50%) 2339 us (75%) 2567 us (95%) 2641 us (99%).
I0312 07:15:03.007917 216323 AriaExecutor.h:649] Worker 20 latency: 2047 us (50%) 2339 us (75%) 2567 us (95%) 2641 us (99%).
I0312 07:15:03.033591 216323 AriaExecutor.h:649] Worker 21 latency: 2046 us (50%) 2338 us (75%) 2567 us (95%) 2641 us (99%).
I0312 07:15:03.059041 216323 AriaExecutor.h:649] Worker 22 latency: 2047 us (50%) 2339 us (75%) 2567 us (95%) 2640 us (99%).
I0312 07:15:03.084089 216323 AriaExecutor.h:649] Worker 23 latency: 2048 us (50%) 2339 us (75%) 2567 us (95%) 2641 us (99%).
I0312 07:15:03.109145 216323 AriaExecutor.h:649] Worker 24 latency: 2047 us (50%) 2339 us (75%) 2567 us (95%) 2641 us (99%).
I0312 07:15:03.134158 216323 AriaExecutor.h:649] Worker 25 latency: 2045 us (50%) 2338 us (75%) 2567 us (95%) 2641 us (99%).
I0312 07:15:03.159893 216323 AriaExecutor.h:649] Worker 26 latency: 2047 us (50%) 2338 us (75%) 2567 us (95%) 2641 us (99%).
I0312 07:15:03.185130 216323 AriaExecutor.h:649] Worker 27 latency: 2045 us (50%) 2338 us (75%) 2567 us (95%) 2641 us (99%).
I0312 07:15:03.210650 216323 AriaExecutor.h:649] Worker 28 latency: 2044 us (50%) 2337 us (75%) 2567 us (95%) 2641 us (99%).
I0312 07:15:03.235441 216323 AriaExecutor.h:649] Worker 29 latency: 2016 us (50%) 2324 us (75%) 2563 us (95%) 2639 us (99%).
I0312 07:15:03.260496 216323 AriaExecutor.h:649] Worker 30 latency: 2042 us (50%) 2336 us (75%) 2566 us (95%) 2641 us (99%).
I0312 07:15:03.285482 216323 AriaExecutor.h:649] Worker 31 latency: 2044 us (50%) 2337 us (75%) 2566 us (95%) 2641 us (99%).
I0312 07:15:03.310706 216323 Coordinator.h:177] total commit: 697012
I0312 07:15:04.310905 216323 Coordinator.h:192] Coordinator exits.
