I0312 07:45:03.350193 224629 Database.h:65] ycsb initialization finished in 101 milliseconds.
I0312 07:45:03.350423 224629 Coordinator.h:30] Coordinator initializes 48 workers.
I0312 07:45:03.388109 224629 Coordinator.h:77] Coordinator starts to run 49 workers.
I0312 07:45:03.388193 224682 AriaExecutor.h:91] AriaExecutor 0 started. 
I0312 07:45:03.388250 224683 AriaExecutor.h:91] AriaExecutor 1 started. 
I0312 07:45:03.388330 224684 AriaExecutor.h:91] AriaExecutor 2 started. 
I0312 07:45:03.388428 224685 AriaExecutor.h:91] AriaExecutor 3 started. 
I0312 07:45:03.388522 224686 AriaExecutor.h:91] AriaExecutor 4 started. 
I0312 07:45:03.388620 224687 AriaExecutor.h:91] AriaExecutor 5 started. 
I0312 07:45:03.388718 224688 AriaExecutor.h:91] AriaExecutor 6 started. 
I0312 07:45:03.388816 224689 AriaExecutor.h:91] AriaExecutor 7 started. 
I0312 07:45:03.388907 224690 AriaExecutor.h:91] AriaExecutor 8 started. 
I0312 07:45:03.388973 224691 AriaExecutor.h:91] AriaExecutor 9 started. 
I0312 07:45:03.389191 224692 AriaExecutor.h:91] AriaExecutor 10 started. 
I0312 07:45:03.389374 224693 AriaExecutor.h:91] AriaExecutor 11 started. 
I0312 07:45:03.389540 224694 AriaExecutor.h:91] AriaExecutor 12 started. 
I0312 07:45:03.389694 224695 AriaExecutor.h:91] AriaExecutor 13 started. 
I0312 07:45:03.389843 224696 AriaExecutor.h:91] AriaExecutor 14 started. 
I0312 07:45:03.389986 224697 AriaExecutor.h:91] AriaExecutor 15 started. 
I0312 07:45:03.390125 224698 AriaExecutor.h:91] AriaExecutor 16 started. 
I0312 07:45:03.390275 224699 AriaExecutor.h:91] AriaExecutor 17 started. 
I0312 07:45:03.390419 224700 AriaExecutor.h:91] AriaExecutor 18 started. 
I0312 07:45:03.390560 224701 AriaExecutor.h:91] AriaExecutor 19 started. 
I0312 07:45:03.390702 224702 AriaExecutor.h:91] AriaExecutor 20 started. 
I0312 07:45:03.390842 224703 AriaExecutor.h:91] AriaExecutor 21 started. 
I0312 07:45:03.390983 224704 AriaExecutor.h:91] AriaExecutor 22 started. 
I0312 07:45:03.391124 224705 AriaExecutor.h:91] AriaExecutor 23 started. 
I0312 07:45:03.391288 224706 AriaExecutor.h:91] AriaExecutor 24 started. 
I0312 07:45:03.391458 224707 AriaExecutor.h:91] AriaExecutor 25 started. 
I0312 07:45:03.391636 224708 AriaExecutor.h:91] AriaExecutor 26 started. 
I0312 07:45:03.391822 224709 AriaExecutor.h:91] AriaExecutor 27 started. 
I0312 07:45:03.391973 224710 AriaExecutor.h:91] AriaExecutor 28 started. 
I0312 07:45:03.392158 224711 AriaExecutor.h:91] AriaExecutor 29 started. 
I0312 07:45:03.392391 224712 AriaExecutor.h:91] AriaExecutor 30 started. 
I0312 07:45:03.392587 224713 AriaExecutor.h:91] AriaExecutor 31 started. 
I0312 07:45:03.392771 224714 AriaExecutor.h:91] AriaExecutor 32 started. 
I0312 07:45:03.392948 224715 AriaExecutor.h:91] AriaExecutor 33 started. 
I0312 07:45:03.393136 224716 AriaExecutor.h:91] AriaExecutor 34 started. 
I0312 07:45:03.393311 224717 AriaExecutor.h:91] AriaExecutor 35 started. 
I0312 07:45:03.393489 224718 AriaExecutor.h:91] AriaExecutor 36 started. 
I0312 07:45:03.393671 224719 AriaExecutor.h:91] AriaExecutor 37 started. 
I0312 07:45:03.393849 224720 AriaExecutor.h:91] AriaExecutor 38 started. 
I0312 07:45:03.394026 224721 AriaExecutor.h:91] AriaExecutor 39 started. 
I0312 07:45:03.394209 224722 AriaExecutor.h:91] AriaExecutor 40 started. 
I0312 07:45:03.394374 224723 AriaExecutor.h:91] AriaExecutor 41 started. 
I0312 07:45:03.394572 224724 AriaExecutor.h:91] AriaExecutor 42 started. 
I0312 07:45:03.394761 224725 AriaExecutor.h:91] AriaExecutor 43 started. 
I0312 07:45:03.394958 224726 AriaExecutor.h:91] AriaExecutor 44 started. 
I0312 07:45:03.395119 224727 AriaExecutor.h:91] AriaExecutor 45 started. 
I0312 07:45:03.395300 224728 AriaExecutor.h:91] AriaExecutor 46 started. 
I0312 07:45:03.395471 224729 AriaExecutor.h:91] AriaExecutor 47 started. 
I0312 07:45:03.395644 224730 Manager.h:224] Manager(worker id = 48) on the coordinator node started.
I0312 07:45:04.395726 224629 Coordinator.h:126] commit: 3972 abort: 159868 (0/159868/0), network size: 0, avg network size: 0, si_in_serializable: 0 0 %, local: 0 %
I0312 07:45:05.395900 224629 Coordinator.h:126] commit: 3981 abort: 161907 (0/161907/0), network size: 0, avg network size: 0, si_in_serializable: 0 0 %, local: 0 %
I0312 07:45:06.396042 224629 Coordinator.h:126] commit: 4062 abort: 162850 (0/162850/0), network size: 0, avg network size: 0, si_in_serializable: 0 0 %, local: 0 %
I0312 07:45:07.396319 224629 Coordinator.h:126] commit: 3947 abort: 163989 (0/163989/0), network size: 0, avg network size: 0, si_in_serializable: 0 0 %, local: 0 %
I0312 07:45:08.396507 224629 Coordinator.h:126] commit: 4003 abort: 162909 (0/162909/0), network size: 0, avg network size: 0, si_in_serializable: 0 0 %, local: 0 %
I0312 07:45:09.396656 224629 Coordinator.h:126] commit: 4080 abort: 162832 (0/162832/0), network size: 0, avg network size: 0, si_in_serializable: 0 0 %, local: 0 %
I0312 07:45:10.396803 224629 Coordinator.h:126] commit: 3980 abort: 161908 (0/161908/0), network size: 0, avg network size: 0, si_in_serializable: 0 0 %, local: 0 %
I0312 07:45:11.396951 224629 Coordinator.h:126] commit: 4073 abort: 163863 (0/163863/0), network size: 0, avg network size: 0, si_in_serializable: 0 0 %, local: 0 %
I0312 07:45:12.397099 224629 Coordinator.h:126] commit: 3991 abort: 162921 (0/162921/0), network size: 0, avg network size: 0, si_in_serializable: 0 0 %, local: 0 %
I0312 07:45:13.397284 224629 Coordinator.h:126] commit: 3999 abort: 163937 (0/163937/0), network size: 0, avg network size: 0, si_in_serializable: 0 0 %, local: 0 %
I0312 07:45:14.397442 224629 Coordinator.h:126] commit: 4099 abort: 164861 (0/164861/0), network size: 0, avg network size: 0, si_in_serializable: 0 0 %, local: 0 %
I0312 07:45:15.397588 224629 Coordinator.h:126] commit: 4097 abort: 163839 (0/163839/0), network size: 0, avg network size: 0, si_in_serializable: 0 0 %, local: 0 %
I0312 07:45:16.397729 224629 Coordinator.h:126] commit: 4074 abort: 164886 (0/164886/0), network size: 0, avg network size: 0, si_in_serializable: 0 0 %, local: 0 %
I0312 07:45:17.397868 224629 Coordinator.h:126] commit: 4023 abort: 164937 (0/164937/0), network size: 0, avg network size: 0, si_in_serializable: 0 0 %, local: 0 %
I0312 07:45:18.398020 224629 Coordinator.h:126] commit: 3990 abort: 164970 (0/164970/0), network size: 0, avg network size: 0, si_in_serializable: 0 0 %, local: 0 %
I0312 07:45:19.398165 224629 Coordinator.h:126] commit: 4063 abort: 163873 (0/163873/0), network size: 0, avg network size: 0, si_in_serializable: 0 0 %, local: 0 %
I0312 07:45:20.398313 224629 Coordinator.h:126] commit: 3985 abort: 163951 (0/163951/0), network size: 0, avg network size: 0, si_in_serializable: 0 0 %, local: 0 %
I0312 07:45:21.398461 224629 Coordinator.h:126] commit: 4129 abort: 164831 (0/164831/0), network size: 0, avg network size: 0, si_in_serializable: 0 0 %, local: 0 %
I0312 07:45:22.398607 224629 Coordinator.h:126] commit: 4043 abort: 164917 (0/164917/0), network size: 0, avg network size: 0, si_in_serializable: 0 0 %, local: 0 %
I0312 07:45:23.398754 224629 Coordinator.h:126] commit: 4128 abort: 164832 (0/164832/0), network size: 0, avg network size: 0, si_in_serializable: 0 0 %, local: 0 %
I0312 07:45:24.398898 224629 Coordinator.h:126] commit: 3980 abort: 162932 (0/162932/0), network size: 0, avg network size: 0, si_in_serializable: 0 0 %, local: 0 %
I0312 07:45:25.399041 224629 Coordinator.h:126] commit: 4081 abort: 164879 (0/164879/0), network size: 0, avg network size: 0, si_in_serializable: 0 0 %, local: 0 %
I0312 07:45:26.399224 224629 Coordinator.h:126] commit: 4099 abort: 163837 (0/163837/0), network size: 0, avg network size: 0, si_in_serializable: 0 0 %, local: 0 %
I0312 07:45:27.399379 224629 Coordinator.h:126] commit: 4108 abort: 164852 (0/164852/0), network size: 0, avg network size: 0, si_in_serializable: 0 0 %, local: 0 %
I0312 07:45:28.399523 224629 Coordinator.h:126] commit: 4084 abort: 164876 (0/164876/0), network size: 0, avg network size: 0, si_in_serializable: 0 0 %, local: 0 %
I0312 07:45:28.399573 224629 Coordinator.h:152] average commit: 4063.1 abort: 164590 (0/164590/0), network size: 0, avg network size: 0, si_in_serializable: 0 0 %, local: 0 %
I0312 07:45:28.399590 224629 AriaExecutor.h:649] Worker 0 latency: 6021 us (50%) 6085 us (75%) 6177 us (95%) 6254 us (99%).
I0312 07:45:28.403033 224707 AriaExecutor.h:103] AriaExecutor 25 exits. 
I0312 07:45:28.403038 224703 AriaExecutor.h:103] AriaExecutor 21 exits. 
I0312 07:45:28.403052 224693 AriaExecutor.h:103] AriaExecutor 11 exits. 
I0312 07:45:28.403033 224700 AriaExecutor.h:103] AriaExecutor 18 exits. 
I0312 07:45:28.403062 224729 AriaExecutor.h:103] AriaExecutor 47 exits. 
I0312 07:45:28.403060 224687 AriaExecutor.h:103] AriaExecutor 5 exits. 
I0312 07:45:28.403034 224685 AriaExecutor.h:103] AriaExecutor 3 exits. 
I0312 07:45:28.403053 224695 AriaExecutor.h:103] AriaExecutor 13 exits. 
I0312 07:45:28.403033 224730 Manager.h:227] Manager(worker id = 48) on the coordinator node exits.
I0312 07:45:28.403087 224706 AriaExecutor.h:103] AriaExecutor 24 exits. 
I0312 07:45:28.403034 224683 AriaExecutor.h:103] AriaExecutor 1 exits. 
I0312 07:45:28.403090 224710 AriaExecutor.h:103] AriaExecutor 28 exits. 
I0312 07:45:28.403034 224697 AriaExecutor.h:103] AriaExecutor 15 exits. 
I0312 07:45:28.403093 224699 AriaExecutor.h:103] AriaExecutor 17 exits. 
I0312 07:45:28.403038 224686 AriaExecutor.h:103] AriaExecutor 4 exits. 
I0312 07:45:28.403095 224722 AriaExecutor.h:103] AriaExecutor 40 exits. 
I0312 07:45:28.403092 224696 AriaExecutor.h:103] AriaExecutor 14 exits. 
I0312 07:45:28.403095 224718 AriaExecutor.h:103] AriaExecutor 36 exits. 
I0312 07:45:28.403096 224726 AriaExecutor.h:103] AriaExecutor 44 exits. 
I0312 07:45:28.403098 224721 AriaExecutor.h:103] AriaExecutor 39 exits. 
I0312 07:45:28.403035 224690 AriaExecutor.h:103] AriaExecutor 8 exits. 
I0312 07:45:28.403048 224709 AriaExecutor.h:103] AriaExecutor 27 exits. 
I0312 07:45:28.403110 224727 AriaExecutor.h:103] AriaExecutor 45 exits. 
I0312 07:45:28.403111 224714 AriaExecutor.h:103] AriaExecutor 32 exits. 
I0312 07:45:28.403036 224705 AriaExecutor.h:103] AriaExecutor 23 exits. 
I0312 07:45:28.403120 224713 AriaExecutor.h:103] AriaExecutor 31 exits. 
I0312 07:45:28.403033 224728 AriaExecutor.h:103] AriaExecutor 46 exits. 
I0312 07:45:28.403054 224720 AriaExecutor.h:103] AriaExecutor 38 exits. 
I0312 07:45:28.403053 224717 AriaExecutor.h:103] AriaExecutor 35 exits. 
I0312 07:45:28.403056 224724 AriaExecutor.h:103] AriaExecutor 42 exits. 
I0312 07:45:28.403056 224692 AriaExecutor.h:103] AriaExecutor 10 exits. 
I0312 07:45:28.403034 224688 AriaExecutor.h:103] AriaExecutor 6 exits. 
I0312 07:45:28.403064 224682 AriaExecutor.h:103] AriaExecutor 0 exits. 
I0312 07:45:28.403059 224694 AriaExecutor.h:103] AriaExecutor 12 exits. 
I0312 07:45:28.403034 224691 AriaExecutor.h:103] AriaExecutor 9 exits. 
I0312 07:45:28.403034 224684 AriaExecutor.h:103] AriaExecutor 2 exits. 
I0312 07:45:28.403034 224689 AriaExecutor.h:103] AriaExecutor 7 exits. 
I0312 07:45:28.403036 224701 AriaExecutor.h:103] AriaExecutor 19 exits. 
I0312 07:45:28.403036 224698 AriaExecutor.h:103] AriaExecutor 16 exits. 
I0312 07:45:28.403095 224711 AriaExecutor.h:103] AriaExecutor 29 exits. 
I0312 07:45:28.403048 224702 AriaExecutor.h:103] AriaExecutor 20 exits. 
I0312 07:45:28.403110 224712 AriaExecutor.h:103] AriaExecutor 30 exits. 
I0312 07:45:28.403048 224704 AriaExecutor.h:103] AriaExecutor 22 exits. 
I0312 07:45:28.403111 224716 AriaExecutor.h:103] AriaExecutor 34 exits. 
I0312 07:45:28.403113 224719 AriaExecutor.h:103] AriaExecutor 37 exits. 
I0312 07:45:28.403112 224715 AriaExecutor.h:103] AriaExecutor 33 exits. 
I0312 07:45:28.403048 224708 AriaExecutor.h:103] AriaExecutor 26 exits. 
I0312 07:45:28.403067 224723 AriaExecutor.h:103] AriaExecutor 41 exits. 
I0312 07:45:28.403052 224725 AriaExecutor.h:103] AriaExecutor 43 exits. 
I0312 07:45:28.403790 224629 AriaExecutor.h:649] Worker 1 latency: 6020 us (50%) 6085 us (75%) 6177 us (95%) 6253 us (99%).
I0312 07:45:28.404140 224629 AriaExecutor.h:649] Worker 2 latency: 6020 us (50%) 6083 us (75%) 6176 us (95%) 6255 us (99%).
I0312 07:45:28.404402 224629 AriaExecutor.h:649] Worker 3 latency: 6019 us (50%) 6085 us (75%) 6176 us (95%) 6255 us (99%).
I0312 07:45:28.404618 224629 AriaExecutor.h:649] Worker 4 latency: 6018 us (50%) 6081 us (75%) 6174 us (95%) 6244 us (99%).
I0312 07:45:28.404862 224629 AriaExecutor.h:649] Worker 5 latency: 6015 us (50%) 6080 us (75%) 6173 us (95%) 6242 us (99%).
I0312 07:45:28.405068 224629 AriaExecutor.h:649] Worker 6 latency: 6017 us (50%) 6082 us (75%) 6176 us (95%) 6250 us (99%).
I0312 07:45:28.405279 224629 AriaExecutor.h:649] Worker 7 latency: 6014 us (50%) 6082 us (75%) 6176 us (95%) 6251 us (99%).
I0312 07:45:28.405469 224629 AriaExecutor.h:649] Worker 8 latency: 6015 us (50%) 6080 us (75%) 6171 us (95%) 6251 us (99%).
I0312 07:45:28.405654 224629 AriaExecutor.h:649] Worker 9 latency: 6012 us (50%) 6078 us (75%) 6170 us (95%) 6254 us (99%).
I0312 07:45:28.405827 224629 AriaExecutor.h:649] Worker 10 latency: 6013 us (50%) 6080 us (75%) 6167 us (95%) 6235 us (99%).
I0312 07:45:28.406008 224629 AriaExecutor.h:649] Worker 11 latency: 6015 us (50%) 6081 us (75%) 6172 us (95%) 6242 us (99%).
I0312 07:45:28.406168 224629 AriaExecutor.h:649] Worker 12 latency: 6014 us (50%) 6081 us (75%) 6171 us (95%) 6241 us (99%).
I0312 07:45:28.406320 224629 AriaExecutor.h:649] Worker 13 latency: 6011 us (50%) 6076 us (75%) 6177 us (95%) 6257 us (99%).
I0312 07:45:28.406462 224629 AriaExecutor.h:649] Worker 14 latency: 6013 us (50%) 6077 us (75%) 6173 us (95%) 6244 us (99%).
I0312 07:45:28.406607 224629 AriaExecutor.h:649] Worker 15 latency: 6011 us (50%) 6079 us (75%) 6172 us (95%) 6242 us (99%).
I0312 07:45:28.406742 224629 AriaExecutor.h:649] Worker 16 latency: 6012 us (50%) 6081 us (75%) 6178 us (95%) 6250 us (99%).
I0312 07:45:28.406873 224629 AriaExecutor.h:649] Worker 17 latency: 6006 us (50%) 6076 us (75%) 6168 us (95%) 6255 us (99%).
I0312 07:45:28.407003 224629 AriaExecutor.h:649] Worker 18 latency: 6007 us (50%) 6080 us (75%) 6168 us (95%) 6242 us (99%).
I0312 07:45:28.407120 224629 AriaExecutor.h:649] Worker 19 latency: 6003 us (50%) 6070 us (75%) 6159 us (95%) 6254 us (99%).
I0312 07:45:28.407234 224629 AriaExecutor.h:649] Worker 20 latency: 6005 us (50%) 6075 us (75%) 6172 us (95%) 6249 us (99%).
I0312 07:45:28.407348 224629 AriaExecutor.h:649] Worker 21 latency: 6008 us (50%) 6072 us (75%) 6171 us (95%) 6241 us (99%).
I0312 07:45:28.407457 224629 AriaExecutor.h:649] Worker 22 latency: 6005 us (50%) 6076 us (75%) 6173 us (95%) 6237 us (99%).
I0312 07:45:28.407562 224629 AriaExecutor.h:649] Worker 23 latency: 6006 us (50%) 6069 us (75%) 6160 us (95%) 6240 us (99%).
I0312 07:45:28.407668 224629 AriaExecutor.h:649] Worker 24 latency: 6009 us (50%) 6079 us (75%) 6172 us (95%) 6251 us (99%).
I0312 07:45:28.407770 224629 AriaExecutor.h:649] Worker 25 latency: 6004 us (50%) 6077 us (75%) 6180 us (95%) 6256 us (99%).
I0312 07:45:28.407869 224629 AriaExecutor.h:649] Worker 26 latency: 6004 us (50%) 6072 us (75%) 6172 us (95%) 6250 us (99%).
I0312 07:45:28.407959 224629 AriaExecutor.h:649] Worker 27 latency: 6002 us (50%) 6073 us (75%) 6166 us (95%) 6254 us (99%).
I0312 07:45:28.408051 224629 AriaExecutor.h:649] Worker 28 latency: 6003 us (50%) 6073 us (75%) 6166 us (95%) 6228 us (99%).
I0312 07:45:28.408139 224629 AriaExecutor.h:649] Worker 29 latency: 6005 us (50%) 6074 us (75%) 6167 us (95%) 6234 us (99%).
I0312 07:45:28.408223 224629 AriaExecutor.h:649] Worker 30 latency: 6005 us (50%) 6074 us (75%) 6161 us (95%) 6251 us (99%).
I0312 07:45:28.408319 224629 AriaExecutor.h:649] Worker 31 latency: 6003 us (50%) 6074 us (75%) 6164 us (95%) 6260 us (99%).
I0312 07:45:28.408406 224629 AriaExecutor.h:649] Worker 32 latency: 6001 us (50%) 6069 us (75%) 6176 us (95%) 6257 us (99%).
I0312 07:45:28.408486 224629 AriaExecutor.h:649] Worker 33 latency: 6002 us (50%) 6074 us (75%) 6164 us (95%) 6246 us (99%).
I0312 07:45:28.408566 224629 AriaExecutor.h:649] Worker 34 latency: 6001 us (50%) 6070 us (75%) 6166 us (95%) 6255 us (99%).
I0312 07:45:28.408649 224629 AriaExecutor.h:649] Worker 35 latency: 5999 us (50%) 6069 us (75%) 6172 us (95%) 6257 us (99%).
I0312 07:45:28.408727 224629 AriaExecutor.h:649] Worker 36 latency: 5997 us (50%) 6069 us (75%) 6168 us (95%) 6277 us (99%).
I0312 07:45:28.408802 224629 AriaExecutor.h:649] Worker 37 latency: 5997 us (50%) 6071 us (75%) 6168 us (95%) 6238 us (99%).
I0312 07:45:28.408879 224629 AriaExecutor.h:649] Worker 38 latency: 6000 us (50%) 6073 us (75%) 6161 us (95%) 6241 us (99%).
I0312 07:45:28.408955 224629 AriaExecutor.h:649] Worker 39 latency: 6000 us (50%) 6068 us (75%) 6166 us (95%) 6260 us (99%).
I0312 07:45:28.409026 224629 AriaExecutor.h:649] Worker 40 latency: 5991 us (50%) 6074 us (75%) 6175 us (95%) 6251 us (99%).
I0312 07:45:28.409098 224629 AriaExecutor.h:649] Worker 41 latency: 6000 us (50%) 6071 us (75%) 6171 us (95%) 6242 us (99%).
I0312 07:45:28.409168 224629 AriaExecutor.h:649] Worker 42 latency: 6000 us (50%) 6068 us (75%) 6164 us (95%) 6237 us (99%).
I0312 07:45:28.409231 224629 AriaExecutor.h:649] Worker 43 latency: 5991 us (50%) 6062 us (75%) 6162 us (95%) 6237 us (99%).
I0312 07:45:28.409298 224629 AriaExecutor.h:649] Worker 44 latency: 5998 us (50%) 6076 us (75%) 6171 us (95%) 6234 us (99%).
I0312 07:45:28.409363 224629 AriaExecutor.h:649] Worker 45 latency: 6003 us (50%) 6075 us (75%) 6192 us (95%) 6347 us (99%).
I0312 07:45:28.409425 224629 AriaExecutor.h:649] Worker 46 latency: 5994 us (50%) 6072 us (75%) 6162 us (95%) 6228 us (99%).
I0312 07:45:28.409490 224629 AriaExecutor.h:649] Worker 47 latency: 5989 us (50%) 6068 us (75%) 6170 us (95%) 6256 us (99%).
I0312 07:45:28.409571 224629 Coordinator.h:177] total commit: 4063.1
I0312 07:45:29.409777 224629 Coordinator.h:192] Coordinator exits.
