I0312 06:14:33.478803 190955 Database.h:65] ycsb initialization finished in 176 milliseconds.
I0312 06:14:33.479035 190955 Coordinator.h:30] Coordinator initializes 8 workers.
I0312 06:14:33.542243 190955 Coordinator.h:77] Coordinator starts to run 9 workers.
I0312 06:14:33.542327 190967 AriaExecutor.h:91] AriaExecutor 0 started. 
I0312 06:14:33.542371 190968 AriaExecutor.h:91] AriaExecutor 1 started. 
I0312 06:14:33.542464 190969 AriaExecutor.h:91] AriaExecutor 2 started. 
I0312 06:14:33.542538 190970 AriaExecutor.h:91] AriaExecutor 3 started. 
I0312 06:14:33.542590 190971 AriaExecutor.h:91] AriaExecutor 4 started. 
I0312 06:14:33.542672 190972 AriaExecutor.h:91] AriaExecutor 5 started. 
I0312 06:14:33.542738 190973 AriaExecutor.h:91] AriaExecutor 6 started. 
I0312 06:14:33.542790 190974 AriaExecutor.h:91] AriaExecutor 7 started. 
I0312 06:14:33.542856 190975 Manager.h:224] Manager(worker id = 8) on the coordinator node started.
I0312 06:14:34.542897 190955 Coordinator.h:126] commit: 48 abort: 53200 (0/53200/0), network size: 0, avg network size: 0, si_in_serializable: 0 0 %, local: 0 %
I0312 06:14:35.543056 190955 Coordinator.h:126] commit: 50 abort: 57294 (0/57294/0), network size: 0, avg network size: 0, si_in_serializable: 0 0 %, local: 0 %
I0312 06:14:36.543236 190955 Coordinator.h:126] commit: 42 abort: 57302 (0/57302/0), network size: 0, avg network size: 0, si_in_serializable: 0 0 %, local: 0 %
I0312 06:14:37.543378 190955 Coordinator.h:126] commit: 49 abort: 55247 (0/55247/0), network size: 0, avg network size: 0, si_in_serializable: 0 0 %, local: 0 %
I0312 06:14:38.543496 190955 Coordinator.h:126] commit: 45 abort: 57299 (0/57299/0), network size: 0, avg network size: 0, si_in_serializable: 0 0 %, local: 0 %
I0312 06:14:39.543614 190955 Coordinator.h:126] commit: 57 abort: 57287 (0/57287/0), network size: 0, avg network size: 0, si_in_serializable: 0 0 %, local: 0 %
I0312 06:14:40.543740 190955 Coordinator.h:126] commit: 49 abort: 55247 (0/55247/0), network size: 0, avg network size: 0, si_in_serializable: 0 0 %, local: 0 %
I0312 06:14:41.543923 190955 Coordinator.h:126] commit: 51 abort: 57293 (0/57293/0), network size: 0, avg network size: 0, si_in_serializable: 0 0 %, local: 0 %
I0312 06:14:42.544067 190955 Coordinator.h:126] commit: 47 abort: 57297 (0/57297/0), network size: 0, avg network size: 0, si_in_serializable: 0 0 %, local: 0 %
I0312 06:14:43.544183 190955 Coordinator.h:126] commit: 49 abort: 57295 (0/57295/0), network size: 0, avg network size: 0, si_in_serializable: 0 0 %, local: 0 %
I0312 06:14:44.544297 190955 Coordinator.h:126] commit: 45 abort: 57299 (0/57299/0), network size: 0, avg network size: 0, si_in_serializable: 0 0 %, local: 0 %
I0312 06:14:45.544423 190955 Coordinator.h:126] commit: 49 abort: 55247 (0/55247/0), network size: 0, avg network size: 0, si_in_serializable: 0 0 %, local: 0 %
I0312 06:14:46.544544 190955 Coordinator.h:126] commit: 46 abort: 57298 (0/57298/0), network size: 0, avg network size: 0, si_in_serializable: 0 0 %, local: 0 %
I0312 06:14:47.544667 190955 Coordinator.h:126] commit: 49 abort: 57295 (0/57295/0), network size: 0, avg network size: 0, si_in_serializable: 0 0 %, local: 0 %
I0312 06:14:48.544849 190955 Coordinator.h:126] commit: 52 abort: 55244 (0/55244/0), network size: 0, avg network size: 0, si_in_serializable: 0 0 %, local: 0 %
I0312 06:14:49.544997 190955 Coordinator.h:126] commit: 55 abort: 57289 (0/57289/0), network size: 0, avg network size: 0, si_in_serializable: 0 0 %, local: 0 %
I0312 06:14:50.545122 190955 Coordinator.h:126] commit: 52 abort: 57292 (0/57292/0), network size: 0, avg network size: 0, si_in_serializable: 0 0 %, local: 0 %
I0312 06:14:51.545241 190955 Coordinator.h:126] commit: 53 abort: 57291 (0/57291/0), network size: 0, avg network size: 0, si_in_serializable: 0 0 %, local: 0 %
I0312 06:14:52.545356 190955 Coordinator.h:126] commit: 51 abort: 55245 (0/55245/0), network size: 0, avg network size: 0, si_in_serializable: 0 0 %, local: 0 %
I0312 06:14:53.545475 190955 Coordinator.h:126] commit: 51 abort: 57293 (0/57293/0), network size: 0, avg network size: 0, si_in_serializable: 0 0 %, local: 0 %
I0312 06:14:54.545599 190955 Coordinator.h:126] commit: 63 abort: 57281 (0/57281/0), network size: 0, avg network size: 0, si_in_serializable: 0 0 %, local: 0 %
I0312 06:14:55.545724 190955 Coordinator.h:126] commit: 48 abort: 57296 (0/57296/0), network size: 0, avg network size: 0, si_in_serializable: 0 0 %, local: 0 %
I0312 06:14:56.545842 190955 Coordinator.h:126] commit: 49 abort: 57295 (0/57295/0), network size: 0, avg network size: 0, si_in_serializable: 0 0 %, local: 0 %
I0312 06:14:57.545957 190955 Coordinator.h:126] commit: 50 abort: 55246 (0/55246/0), network size: 0, avg network size: 0, si_in_serializable: 0 0 %, local: 0 %
I0312 06:14:58.546075 190955 Coordinator.h:126] commit: 45 abort: 57299 (0/57299/0), network size: 0, avg network size: 0, si_in_serializable: 0 0 %, local: 0 %
I0312 06:14:58.546111 190955 Coordinator.h:152] average commit: 50.3 abort: 56679.3 (0/56679.3/0), network size: 0, avg network size: 0, si_in_serializable: 0 0 %, local: 0 %
I0312 06:14:58.546154 190955 AriaExecutor.h:649] Worker 0 latency: 35987 us (50%) 36075 us (75%) 36398 us (95%) 36830 us (99%).
I0312 06:14:58.566210 190968 AriaExecutor.h:103] AriaExecutor 1 exits. 
I0312 06:14:58.566210 190975 Manager.h:227] Manager(worker id = 8) on the coordinator node exits.
I0312 06:14:58.566210 190973 AriaExecutor.h:103] AriaExecutor 6 exits. 
I0312 06:14:58.566210 190967 AriaExecutor.h:103] AriaExecutor 0 exits. 
I0312 06:14:58.566210 190969 AriaExecutor.h:103] AriaExecutor 2 exits. 
I0312 06:14:58.566210 190972 AriaExecutor.h:103] AriaExecutor 5 exits. 
I0312 06:14:58.566210 190971 AriaExecutor.h:103] AriaExecutor 4 exits. 
I0312 06:14:58.566210 190974 AriaExecutor.h:103] AriaExecutor 7 exits. 
I0312 06:14:58.566210 190970 AriaExecutor.h:103] AriaExecutor 3 exits. 
I0312 06:14:58.566460 190955 AriaExecutor.h:649] Worker 1 latency: 35995 us (50%) 36077 us (75%) 36453 us (95%) 42184 us (99%).
I0312 06:14:58.566512 190955 AriaExecutor.h:649] Worker 2 latency: 35975 us (50%) 36070 us (75%) 36220 us (95%) 36830 us (99%).
I0312 06:14:58.566542 190955 AriaExecutor.h:649] Worker 3 latency: 35965 us (50%) 36046 us (75%) 36569 us (95%) 39533 us (99%).
I0312 06:14:58.566567 190955 AriaExecutor.h:649] Worker 4 latency: 35934 us (50%) 36029 us (75%) 36106 us (95%) 36348 us (99%).
I0312 06:14:58.566654 190955 AriaExecutor.h:649] Worker 5 latency: 35929 us (50%) 36043 us (75%) 36453 us (95%) 36682 us (99%).
I0312 06:14:58.566726 190955 AriaExecutor.h:649] Worker 6 latency: 35971 us (50%) 36059 us (75%) 36261 us (95%) 36562 us (99%).
I0312 06:14:58.566783 190955 AriaExecutor.h:649] Worker 7 latency: 35944 us (50%) 36089 us (75%) 36190 us (95%) 39537 us (99%).
I0312 06:14:58.566855 190955 Coordinator.h:177] total commit: 50.3
I0312 06:14:59.567051 190955 Coordinator.h:192] Coordinator exits.
