I0312 04:14:20.458818 176044 Database.h:65] ycsb initialization finished in 103 milliseconds.
I0312 04:14:20.459041 176044 Coordinator.h:30] Coordinator initializes 62 workers.
I0312 04:14:20.495095 176044 Coordinator.h:77] Coordinator starts to run 63 workers.
I0312 04:14:20.495167 176110 AriaExecutor.h:82] AriaExecutor 0 started. 
I0312 04:14:20.495198 176111 AriaExecutor.h:82] AriaExecutor 1 started. 
I0312 04:14:20.495316 176112 AriaExecutor.h:82] AriaExecutor 2 started. 
I0312 04:14:20.495362 176113 AriaExecutor.h:82] AriaExecutor 3 started. 
I0312 04:14:20.495476 176114 AriaExecutor.h:82] AriaExecutor 4 started. 
I0312 04:14:20.495563 176115 AriaExecutor.h:82] AriaExecutor 5 started. 
I0312 04:14:20.495642 176116 AriaExecutor.h:82] AriaExecutor 6 started. 
I0312 04:14:20.495713 176117 AriaExecutor.h:82] AriaExecutor 7 started. 
I0312 04:14:20.495813 176118 AriaExecutor.h:82] AriaExecutor 8 started. 
I0312 04:14:20.495910 176119 AriaExecutor.h:82] AriaExecutor 9 started. 
I0312 04:14:20.495999 176120 AriaExecutor.h:82] AriaExecutor 10 started. 
I0312 04:14:20.496091 176121 AriaExecutor.h:82] AriaExecutor 11 started. 
I0312 04:14:20.496196 176122 AriaExecutor.h:82] AriaExecutor 12 started. 
I0312 04:14:20.496416 176123 AriaExecutor.h:82] AriaExecutor 13 started. 
I0312 04:14:20.496605 176124 AriaExecutor.h:82] AriaExecutor 14 started. 
I0312 04:14:20.496762 176125 AriaExecutor.h:82] AriaExecutor 15 started. 
I0312 04:14:20.496925 176126 AriaExecutor.h:82] AriaExecutor 16 started. 
I0312 04:14:20.497102 176127 AriaExecutor.h:82] AriaExecutor 17 started. 
I0312 04:14:20.497282 176128 AriaExecutor.h:82] AriaExecutor 18 started. 
I0312 04:14:20.497439 176129 AriaExecutor.h:82] AriaExecutor 19 started. 
I0312 04:14:20.497605 176130 AriaExecutor.h:82] AriaExecutor 20 started. 
I0312 04:14:20.497763 176131 AriaExecutor.h:82] AriaExecutor 21 started. 
I0312 04:14:20.497931 176132 AriaExecutor.h:82] AriaExecutor 22 started. 
I0312 04:14:20.498104 176133 AriaExecutor.h:82] AriaExecutor 23 started. 
I0312 04:14:20.498262 176134 AriaExecutor.h:82] AriaExecutor 24 started. 
I0312 04:14:20.498425 176135 AriaExecutor.h:82] AriaExecutor 25 started. 
I0312 04:14:20.498576 176136 AriaExecutor.h:82] AriaExecutor 26 started. 
I0312 04:14:20.498747 176137 AriaExecutor.h:82] AriaExecutor 27 started. 
I0312 04:14:20.498904 176138 AriaExecutor.h:82] AriaExecutor 28 started. 
I0312 04:14:20.499060 176139 AriaExecutor.h:82] AriaExecutor 29 started. 
I0312 04:14:20.499215 176140 AriaExecutor.h:82] AriaExecutor 30 started. 
I0312 04:14:20.499429 176141 AriaExecutor.h:82] AriaExecutor 31 started. 
I0312 04:14:20.499629 176142 AriaExecutor.h:82] AriaExecutor 32 started. 
I0312 04:14:20.499892 176143 AriaExecutor.h:82] AriaExecutor 33 started. 
I0312 04:14:20.500083 176144 AriaExecutor.h:82] AriaExecutor 34 started. 
I0312 04:14:20.500317 176145 AriaExecutor.h:82] AriaExecutor 35 started. 
I0312 04:14:20.500512 176146 AriaExecutor.h:82] AriaExecutor 36 started. 
I0312 04:14:20.500705 176147 AriaExecutor.h:82] AriaExecutor 37 started. 
I0312 04:14:20.500890 176148 AriaExecutor.h:82] AriaExecutor 38 started. 
I0312 04:14:20.501092 176149 AriaExecutor.h:82] AriaExecutor 39 started. 
I0312 04:14:20.501294 176150 AriaExecutor.h:82] AriaExecutor 40 started. 
I0312 04:14:20.501490 176151 AriaExecutor.h:82] AriaExecutor 41 started. 
I0312 04:14:20.501688 176152 AriaExecutor.h:82] AriaExecutor 42 started. 
I0312 04:14:20.501892 176153 AriaExecutor.h:82] AriaExecutor 43 started. 
I0312 04:14:20.502072 176154 AriaExecutor.h:82] AriaExecutor 44 started. 
I0312 04:14:20.502241 176155 AriaExecutor.h:82] AriaExecutor 45 started. 
I0312 04:14:20.502431 176156 AriaExecutor.h:82] AriaExecutor 46 started. 
I0312 04:14:20.502599 176157 AriaExecutor.h:82] AriaExecutor 47 started. 
I0312 04:14:20.502827 176158 AriaExecutor.h:82] AriaExecutor 48 started. 
I0312 04:14:20.503011 176159 AriaExecutor.h:82] AriaExecutor 49 started. 
I0312 04:14:20.503211 176160 AriaExecutor.h:82] AriaExecutor 50 started. 
I0312 04:14:20.503389 176161 AriaExecutor.h:82] AriaExecutor 51 started. 
I0312 04:14:20.503572 176162 AriaExecutor.h:82] AriaExecutor 52 started. 
I0312 04:14:20.503753 176163 AriaExecutor.h:82] AriaExecutor 53 started. 
I0312 04:14:20.503937 176164 AriaExecutor.h:82] AriaExecutor 54 started. 
I0312 04:14:20.504106 176165 AriaExecutor.h:82] AriaExecutor 55 started. 
I0312 04:14:20.504310 176166 AriaExecutor.h:82] AriaExecutor 56 started. 
I0312 04:14:20.504495 176167 AriaExecutor.h:82] AriaExecutor 57 started. 
I0312 04:14:20.504674 176168 AriaExecutor.h:82] AriaExecutor 58 started. 
I0312 04:14:20.504871 176169 AriaExecutor.h:82] AriaExecutor 59 started. 
I0312 04:14:20.505153 176170 AriaExecutor.h:82] AriaExecutor 60 started. 
F0312 04:14:20.505570 176044 Coordinator.h:355] Check failed: rc == 0 
*** Check failure stack trace: ***
I0312 04:14:20.505587 176172 Manager.h:224] Manager(worker id = 62) on the coordinator node started.
I0312 04:14:20.508256 176171 AriaExecutor.h:82] AriaExecutor 61 started. 
    @     0x7f21ebd18b03  google::LogMessage::Fail()
    @     0x7f21ebd209d1  google::LogMessage::SendToLog()
    @     0x7f21ebd187c2  google::LogMessage::Flush()
    @     0x7f21ebd1a78f  google::LogMessageFatal::~LogMessageFatal()
    @     0x56174ea73bd3  aria::Coordinator::pin_thread_to_core()
    @     0x56174ea8306b  aria::Coordinator::start()
    @     0x56174ea61fe8  main
    @     0x7f21eb7abd90  (unknown)
    @     0x7f21eb7abe40  __libc_start_main
    @     0x56174ea62f05  _start
    @              (nil)  (unknown)
