I0312 03:56:25.675225 168583 Database.h:65] ycsb initialization finished in 103 milliseconds.
I0312 03:56:25.675441 168583 Coordinator.h:30] Coordinator initializes 48 workers.
I0312 03:56:25.784722 168583 Coordinator.h:77] Coordinator starts to run 49 workers.
I0312 03:56:25.784827 168635 AriaExecutor.h:82] AriaExecutor 0 started. 
I0312 03:56:25.784873 168636 AriaExecutor.h:82] AriaExecutor 1 started. 
I0312 03:56:25.784953 168637 AriaExecutor.h:82] AriaExecutor 2 started. 
I0312 03:56:25.785015 168638 AriaExecutor.h:82] AriaExecutor 3 started. 
I0312 03:56:25.785099 168639 AriaExecutor.h:82] AriaExecutor 4 started. 
I0312 03:56:25.785183 168640 AriaExecutor.h:82] AriaExecutor 5 started. 
I0312 03:56:25.785244 168641 AriaExecutor.h:82] AriaExecutor 6 started. 
I0312 03:56:25.785316 168642 AriaExecutor.h:82] AriaExecutor 7 started. 
I0312 03:56:25.785396 168643 AriaExecutor.h:82] AriaExecutor 8 started. 
I0312 03:56:25.785495 168644 AriaExecutor.h:82] AriaExecutor 9 started. 
I0312 03:56:25.785590 168645 AriaExecutor.h:82] AriaExecutor 10 started. 
I0312 03:56:25.785676 168646 AriaExecutor.h:82] AriaExecutor 11 started. 
I0312 03:56:25.785764 168647 AriaExecutor.h:82] AriaExecutor 12 started. 
I0312 03:56:25.785889 168648 AriaExecutor.h:82] AriaExecutor 13 started. 
I0312 03:56:25.786000 168649 AriaExecutor.h:82] AriaExecutor 14 started. 
I0312 03:56:25.786135 168650 AriaExecutor.h:82] AriaExecutor 15 started. 
I0312 03:56:25.786243 168651 AriaExecutor.h:82] AriaExecutor 16 started. 
I0312 03:56:25.786355 168652 AriaExecutor.h:82] AriaExecutor 17 started. 
I0312 03:56:25.786465 168653 AriaExecutor.h:82] AriaExecutor 18 started. 
I0312 03:56:25.786578 168654 AriaExecutor.h:82] AriaExecutor 19 started. 
I0312 03:56:25.786674 168655 AriaExecutor.h:82] AriaExecutor 20 started. 
I0312 03:56:25.786736 168656 AriaExecutor.h:82] AriaExecutor 21 started. 
I0312 03:56:25.786824 168657 AriaExecutor.h:82] AriaExecutor 22 started. 
I0312 03:56:25.786880 168658 AriaExecutor.h:82] AriaExecutor 23 started. 
I0312 03:56:25.786971 168659 AriaExecutor.h:82] AriaExecutor 24 started. 
I0312 03:56:25.787070 168660 AriaExecutor.h:82] AriaExecutor 25 started. 
I0312 03:56:25.787168 168661 AriaExecutor.h:82] AriaExecutor 26 started. 
I0312 03:56:25.787221 168662 AriaExecutor.h:82] AriaExecutor 27 started. 
I0312 03:56:25.787312 168663 AriaExecutor.h:82] AriaExecutor 28 started. 
I0312 03:56:25.787400 168664 AriaExecutor.h:82] AriaExecutor 29 started. 
I0312 03:56:25.787501 168665 AriaExecutor.h:82] AriaExecutor 30 started. 
I0312 03:56:25.787614 168666 AriaExecutor.h:82] AriaExecutor 31 started. 
I0312 03:56:25.787726 168667 AriaExecutor.h:82] AriaExecutor 32 started. 
I0312 03:56:25.787791 168668 AriaExecutor.h:82] AriaExecutor 33 started. 
I0312 03:56:25.787855 168669 AriaExecutor.h:82] AriaExecutor 34 started. 
I0312 03:56:25.787930 168670 AriaExecutor.h:82] AriaExecutor 35 started. 
I0312 03:56:25.788017 168671 AriaExecutor.h:82] AriaExecutor 36 started. 
I0312 03:56:25.788072 168672 AriaExecutor.h:82] AriaExecutor 37 started. 
I0312 03:56:25.788187 168673 AriaExecutor.h:82] AriaExecutor 38 started. 
I0312 03:56:25.788233 168674 AriaExecutor.h:82] AriaExecutor 39 started. 
I0312 03:56:25.788345 168675 AriaExecutor.h:82] AriaExecutor 40 started. 
I0312 03:56:25.788443 168676 AriaExecutor.h:82] AriaExecutor 41 started. 
I0312 03:56:25.788586 168677 AriaExecutor.h:82] AriaExecutor 42 started. 
I0312 03:56:25.788699 168678 AriaExecutor.h:82] AriaExecutor 43 started. 
I0312 03:56:25.788796 168679 AriaExecutor.h:82] AriaExecutor 44 started. 
I0312 03:56:25.789067 168680 AriaExecutor.h:82] AriaExecutor 45 started. 
I0312 03:56:25.789273 168681 AriaExecutor.h:82] AriaExecutor 46 started. 
I0312 03:56:25.789477 168682 AriaExecutor.h:82] AriaExecutor 47 started. 
I0312 03:56:25.789657 168683 Manager.h:224] Manager(worker id = 48) on the coordinator node started.
I0312 03:56:26.789739 168583 Coordinator.h:126] commit: 1049872 abort: 39664 (0/39664/0), network size: 0, avg network size: 0, si_in_serializable: 0 0 %, local: 0 %
I0312 03:56:27.789892 168583 Coordinator.h:126] commit: 1065622 abort: 40298 (0/40298/0), network size: 0, avg network size: 0, si_in_serializable: 0 0 %, local: 0 %
I0312 03:56:28.790036 168583 Coordinator.h:126] commit: 1042268 abort: 39076 (0/39076/0), network size: 0, avg network size: 0, si_in_serializable: 0 0 %, local: 0 %
I0312 03:56:29.790272 168583 Coordinator.h:126] commit: 1049816 abort: 39720 (0/39720/0), network size: 0, avg network size: 0, si_in_serializable: 0 0 %, local: 0 %
I0312 03:56:30.790501 168583 Coordinator.h:126] commit: 1061666 abort: 40158 (0/40158/0), network size: 0, avg network size: 0, si_in_serializable: 0 0 %, local: 0 %
I0312 03:56:31.790647 168583 Coordinator.h:126] commit: 1030122 abort: 38934 (0/38934/0), network size: 0, avg network size: 0, si_in_serializable: 0 0 %, local: 0 %
I0312 03:56:32.790789 168583 Coordinator.h:126] commit: 1041743 abort: 39601 (0/39601/0), network size: 0, avg network size: 0, si_in_serializable: 0 0 %, local: 0 %
I0312 03:56:33.790933 168583 Coordinator.h:126] commit: 1053442 abort: 40190 (0/40190/0), network size: 0, avg network size: 0, si_in_serializable: 0 0 %, local: 0 %
I0312 03:56:34.791070 168583 Coordinator.h:126] commit: 1061591 abort: 40233 (0/40233/0), network size: 0, avg network size: 0, si_in_serializable: 0 0 %, local: 0 %
I0312 03:56:35.791213 168583 Coordinator.h:126] commit: 1053650 abort: 39982 (0/39982/0), network size: 0, avg network size: 0, si_in_serializable: 0 0 %, local: 0 %
I0312 03:56:36.791349 168583 Coordinator.h:126] commit: 1053707 abort: 39925 (0/39925/0), network size: 0, avg network size: 0, si_in_serializable: 0 0 %, local: 0 %
I0312 03:56:37.791528 168583 Coordinator.h:126] commit: 1045564 abort: 39876 (0/39876/0), network size: 0, avg network size: 0, si_in_serializable: 0 0 %, local: 0 %
I0312 03:56:38.791677 168583 Coordinator.h:126] commit: 1033858 abort: 39294 (0/39294/0), network size: 0, avg network size: 0, si_in_serializable: 0 0 %, local: 0 %
I0312 03:56:39.791817 168583 Coordinator.h:126] commit: 1065787 abort: 40133 (0/40133/0), network size: 0, avg network size: 0, si_in_serializable: 0 0 %, local: 0 %
I0312 03:56:40.791954 168583 Coordinator.h:126] commit: 1061886 abort: 39938 (0/39938/0), network size: 0, avg network size: 0, si_in_serializable: 0 0 %, local: 0 %
I0312 03:56:41.792095 168583 Coordinator.h:126] commit: 1065926 abort: 39994 (0/39994/0), network size: 0, avg network size: 0, si_in_serializable: 0 0 %, local: 0 %
I0312 03:56:42.792237 168583 Coordinator.h:126] commit: 1061911 abort: 39913 (0/39913/0), network size: 0, avg network size: 0, si_in_serializable: 0 0 %, local: 0 %
I0312 03:56:43.792387 168583 Coordinator.h:126] commit: 1061937 abort: 39887 (0/39887/0), network size: 0, avg network size: 0, si_in_serializable: 0 0 %, local: 0 %
I0312 03:56:44.792526 168583 Coordinator.h:126] commit: 1050049 abort: 39487 (0/39487/0), network size: 0, avg network size: 0, si_in_serializable: 0 0 %, local: 0 %
I0312 03:56:45.792668 168583 Coordinator.h:126] commit: 1049597 abort: 39939 (0/39939/0), network size: 0, avg network size: 0, si_in_serializable: 0 0 %, local: 0 %
I0312 03:56:46.792865 168583 Coordinator.h:126] commit: 1050229 abort: 39552 (0/39552/0), network size: 0, avg network size: 0, si_in_serializable: 0 0 %, local: 0 %
I0312 03:56:47.793017 168583 Coordinator.h:126] commit: 1065210 abort: 40465 (0/40465/0), network size: 0, avg network size: 0, si_in_serializable: 0 0 %, local: 0 %
I0312 03:56:48.793176 168583 Coordinator.h:126] commit: 1065402 abort: 40518 (0/40518/0), network size: 0, avg network size: 0, si_in_serializable: 0 0 %, local: 0 %
I0312 03:56:49.793314 168583 Coordinator.h:126] commit: 1014381 abort: 38291 (0/38291/0), network size: 0, avg network size: 0, si_in_serializable: 0 0 %, local: 0 %
I0312 03:56:50.793447 168583 Coordinator.h:126] commit: 1010215 abort: 38361 (0/38361/0), network size: 0, avg network size: 0, si_in_serializable: 0 0 %, local: 0 %
I0312 03:56:50.793500 168583 Coordinator.h:152] average commit: 1.05502e+06 abort: 39838.6 (0/39838.6/0), network size: 0, avg network size: 0, si_in_serializable: 0 0 %, local: 0 %
I0312 03:56:50.793704 168645 AriaExecutor.h:94] AriaExecutor 10 exits. 
I0312 03:56:50.793712 168640 AriaExecutor.h:94] AriaExecutor 5 exits. 
I0312 03:56:50.793730 168659 AriaExecutor.h:94] AriaExecutor 24 exits. 
I0312 03:56:50.793730 168655 AriaExecutor.h:94] AriaExecutor 20 exits. 
I0312 03:56:50.793711 168678 AriaExecutor.h:94] AriaExecutor 43 exits. 
I0312 03:56:50.793720 168664 AriaExecutor.h:94] AriaExecutor 29 exits. 
I0312 03:56:50.793715 168669 AriaExecutor.h:94] AriaExecutor 34 exits. 
I0312 03:56:50.793711 168665 AriaExecutor.h:94] AriaExecutor 30 exits. 
I0312 03:56:50.793704 168642 AriaExecutor.h:94] AriaExecutor 7 exits. 
I0312 03:56:50.793751 168682 AriaExecutor.h:94] AriaExecutor 47 exits. 
I0312 03:56:50.793707 168674 AriaExecutor.h:94] AriaExecutor 39 exits. 
I0312 03:56:50.793706 168681 AriaExecutor.h:94] AriaExecutor 46 exits. 
I0312 03:56:50.793705 168644 AriaExecutor.h:94] AriaExecutor 9 exits. 
I0312 03:56:50.793706 168643 AriaExecutor.h:94] AriaExecutor 8 exits. 
I0312 03:56:50.793710 168667 AriaExecutor.h:94] AriaExecutor 32 exits. 
I0312 03:56:50.793711 168676 AriaExecutor.h:94] AriaExecutor 41 exits. 
I0312 03:56:50.793710 168677 AriaExecutor.h:94] AriaExecutor 42 exits. 
I0312 03:56:50.793774 168658 AriaExecutor.h:94] AriaExecutor 23 exits. 
I0312 03:56:50.793773 168661 AriaExecutor.h:94] AriaExecutor 26 exits. 
I0312 03:56:50.793711 168679 AriaExecutor.h:94] AriaExecutor 44 exits. 
I0312 03:56:50.793712 168673 AriaExecutor.h:94] AriaExecutor 38 exits. 
I0312 03:56:50.793711 168668 AriaExecutor.h:94] AriaExecutor 33 exits. 
I0312 03:56:50.793711 168646 AriaExecutor.h:94] AriaExecutor 11 exits. 
I0312 03:56:50.793712 168671 AriaExecutor.h:94] AriaExecutor 36 exits. 
I0312 03:56:50.793708 168637 AriaExecutor.h:94] AriaExecutor 2 exits. 
I0312 03:56:50.793704 168639 AriaExecutor.h:94] AriaExecutor 4 exits. 
I0312 03:56:50.793721 168653 AriaExecutor.h:94] AriaExecutor 18 exits. 
I0312 03:56:50.793712 168672 AriaExecutor.h:94] AriaExecutor 37 exits. 
I0312 03:56:50.793726 168649 AriaExecutor.h:94] AriaExecutor 14 exits. 
I0312 03:56:50.793727 168680 AriaExecutor.h:94] AriaExecutor 45 exits. 
I0312 03:56:50.793730 168657 AriaExecutor.h:94] AriaExecutor 22 exits. 
I0312 03:56:50.793730 168660 AriaExecutor.h:94] AriaExecutor 25 exits. 
I0312 03:56:50.793704 168638 AriaExecutor.h:94] AriaExecutor 3 exits. 
I0312 03:56:50.793720 168662 AriaExecutor.h:94] AriaExecutor 27 exits. 
I0312 03:56:50.793728 168651 AriaExecutor.h:94] AriaExecutor 16 exits. 
I0312 03:56:50.793720 168656 AriaExecutor.h:94] AriaExecutor 21 exits. 
I0312 03:56:50.793737 168663 AriaExecutor.h:94] AriaExecutor 28 exits. 
I0312 03:56:50.793704 168648 AriaExecutor.h:94] AriaExecutor 13 exits. 
I0312 03:56:50.793749 168636 AriaExecutor.h:94] AriaExecutor 1 exits. 
I0312 03:56:50.793704 168635 AriaExecutor.h:94] AriaExecutor 0 exits. 
I0312 03:56:50.793705 168666 AriaExecutor.h:94] AriaExecutor 31 exits. 
I0312 03:56:50.793707 168641 AriaExecutor.h:94] AriaExecutor 6 exits. 
I0312 03:56:50.793771 168654 AriaExecutor.h:94] AriaExecutor 19 exits. 
I0312 03:56:50.793773 168652 AriaExecutor.h:94] AriaExecutor 17 exits. 
I0312 03:56:50.793774 168650 AriaExecutor.h:94] AriaExecutor 15 exits. 
I0312 03:56:50.793710 168670 AriaExecutor.h:94] AriaExecutor 35 exits. 
I0312 03:56:50.793711 168675 AriaExecutor.h:94] AriaExecutor 40 exits. 
I0312 03:56:50.793712 168683 Manager.h:227] Manager(worker id = 48) on the coordinator node exits.
I0312 03:56:50.793704 168647 AriaExecutor.h:94] AriaExecutor 12 exits. 
I0312 03:56:50.793519 168583 AriaExecutor.h:535] Worker 0 latency: 2715 us (50%) 3143 us (75%) 3483 us (95%) 3587 us (99%).
I0312 03:56:50.818531 168583 AriaExecutor.h:535] Worker 1 latency: 2718 us (50%) 3144 us (75%) 3483 us (95%) 3586 us (99%).
I0312 03:56:50.843643 168583 AriaExecutor.h:535] Worker 2 latency: 2716 us (50%) 3143 us (75%) 3483 us (95%) 3587 us (99%).
I0312 03:56:50.868377 168583 AriaExecutor.h:535] Worker 3 latency: 2718 us (50%) 3144 us (75%) 3483 us (95%) 3586 us (99%).
I0312 03:56:50.893064 168583 AriaExecutor.h:535] Worker 4 latency: 2715 us (50%) 3142 us (75%) 3482 us (95%) 3586 us (99%).
I0312 03:56:50.917716 168583 AriaExecutor.h:535] Worker 5 latency: 2711 us (50%) 3141 us (75%) 3482 us (95%) 3585 us (99%).
I0312 03:56:50.943320 168583 AriaExecutor.h:535] Worker 6 latency: 2716 us (50%) 3143 us (75%) 3483 us (95%) 3586 us (99%).
I0312 03:56:50.968329 168583 AriaExecutor.h:535] Worker 7 latency: 2717 us (50%) 3144 us (75%) 3482 us (95%) 3586 us (99%).
I0312 03:56:50.992997 168583 AriaExecutor.h:535] Worker 8 latency: 2715 us (50%) 3142 us (75%) 3482 us (95%) 3585 us (99%).
I0312 03:56:51.017424 168583 AriaExecutor.h:535] Worker 9 latency: 2711 us (50%) 3141 us (75%) 3482 us (95%) 3585 us (99%).
I0312 03:56:51.042177 168583 AriaExecutor.h:535] Worker 10 latency: 2713 us (50%) 3142 us (75%) 3482 us (95%) 3585 us (99%).
I0312 03:56:51.067282 168583 AriaExecutor.h:535] Worker 11 latency: 2711 us (50%) 3141 us (75%) 3482 us (95%) 3585 us (99%).
I0312 03:56:51.092044 168583 AriaExecutor.h:535] Worker 12 latency: 2709 us (50%) 3140 us (75%) 3481 us (95%) 3585 us (99%).
I0312 03:56:51.116978 168583 AriaExecutor.h:535] Worker 13 latency: 2712 us (50%) 3141 us (75%) 3482 us (95%) 3586 us (99%).
I0312 03:56:51.141817 168583 AriaExecutor.h:535] Worker 14 latency: 2722 us (50%) 3148 us (75%) 3485 us (95%) 3587 us (99%).
I0312 03:56:51.166301 168583 AriaExecutor.h:535] Worker 15 latency: 2724 us (50%) 3149 us (75%) 3485 us (95%) 3587 us (99%).
I0312 03:56:51.190706 168583 AriaExecutor.h:535] Worker 16 latency: 2240 us (50%) 2927 us (75%) 3466 us (95%) 3595 us (99%).
I0312 03:56:51.215920 168583 AriaExecutor.h:535] Worker 17 latency: 2765 us (50%) 3172 us (75%) 3494 us (95%) 3597 us (99%).
I0312 03:56:51.240173 168583 AriaExecutor.h:535] Worker 18 latency: 2767 us (50%) 3171 us (75%) 3491 us (95%) 3589 us (99%).
I0312 03:56:51.264585 168583 AriaExecutor.h:535] Worker 19 latency: 2765 us (50%) 3171 us (75%) 3491 us (95%) 3591 us (99%).
I0312 03:56:51.288321 168583 AriaExecutor.h:535] Worker 20 latency: 2764 us (50%) 3171 us (75%) 3492 us (95%) 3592 us (99%).
I0312 03:56:51.312232 168583 AriaExecutor.h:535] Worker 21 latency: 2764 us (50%) 3170 us (75%) 3491 us (95%) 3592 us (99%).
I0312 03:56:51.336258 168583 AriaExecutor.h:535] Worker 22 latency: 2766 us (50%) 3171 us (75%) 3491 us (95%) 3591 us (99%).
I0312 03:56:51.360272 168583 AriaExecutor.h:535] Worker 23 latency: 2765 us (50%) 3170 us (75%) 3491 us (95%) 3589 us (99%).
I0312 03:56:51.384555 168583 AriaExecutor.h:535] Worker 24 latency: 2764 us (50%) 3170 us (75%) 3491 us (95%) 3589 us (99%).
I0312 03:56:51.409053 168583 AriaExecutor.h:535] Worker 25 latency: 2761 us (50%) 3169 us (75%) 3491 us (95%) 3590 us (99%).
I0312 03:56:51.433580 168583 AriaExecutor.h:535] Worker 26 latency: 2764 us (50%) 3170 us (75%) 3491 us (95%) 3590 us (99%).
I0312 03:56:51.457746 168583 AriaExecutor.h:535] Worker 27 latency: 2761 us (50%) 3169 us (75%) 3490 us (95%) 3589 us (99%).
I0312 03:56:51.481726 168583 AriaExecutor.h:535] Worker 28 latency: 2759 us (50%) 3168 us (75%) 3490 us (95%) 3589 us (99%).
I0312 03:56:51.505744 168583 AriaExecutor.h:535] Worker 29 latency: 2715 us (50%) 3145 us (75%) 3486 us (95%) 3587 us (99%).
I0312 03:56:51.529629 168583 AriaExecutor.h:535] Worker 30 latency: 2744 us (50%) 3159 us (75%) 3487 us (95%) 3588 us (99%).
I0312 03:56:51.554479 168583 AriaExecutor.h:535] Worker 31 latency: 2748 us (50%) 3161 us (75%) 3487 us (95%) 3588 us (99%).
I0312 03:56:51.578781 168583 AriaExecutor.h:535] Worker 32 latency: 2725 us (50%) 3148 us (75%) 3483 us (95%) 3587 us (99%).
I0312 03:56:51.603044 168583 AriaExecutor.h:535] Worker 33 latency: 2727 us (50%) 3149 us (75%) 3484 us (95%) 3587 us (99%).
I0312 03:56:51.627501 168583 AriaExecutor.h:535] Worker 34 latency: 2726 us (50%) 3148 us (75%) 3483 us (95%) 3585 us (99%).
I0312 03:56:51.651724 168583 AriaExecutor.h:535] Worker 35 latency: 2727 us (50%) 3148 us (75%) 3484 us (95%) 3586 us (99%).
I0312 03:56:51.676091 168583 AriaExecutor.h:535] Worker 36 latency: 2725 us (50%) 3148 us (75%) 3483 us (95%) 3587 us (99%).
I0312 03:56:51.700407 168583 AriaExecutor.h:535] Worker 37 latency: 2722 us (50%) 3146 us (75%) 3483 us (95%) 3586 us (99%).
I0312 03:56:51.725169 168583 AriaExecutor.h:535] Worker 38 latency: 2725 us (50%) 3148 us (75%) 3483 us (95%) 3586 us (99%).
I0312 03:56:51.750267 168583 AriaExecutor.h:535] Worker 39 latency: 2726 us (50%) 3148 us (75%) 3483 us (95%) 3586 us (99%).
I0312 03:56:51.774688 168583 AriaExecutor.h:535] Worker 40 latency: 2725 us (50%) 3148 us (75%) 3483 us (95%) 3586 us (99%).
I0312 03:56:51.799288 168583 AriaExecutor.h:535] Worker 41 latency: 2721 us (50%) 3146 us (75%) 3483 us (95%) 3586 us (99%).
I0312 03:56:51.823585 168583 AriaExecutor.h:535] Worker 42 latency: 2723 us (50%) 3146 us (75%) 3483 us (95%) 3585 us (99%).
I0312 03:56:51.848037 168583 AriaExecutor.h:535] Worker 43 latency: 2720 us (50%) 3145 us (75%) 3483 us (95%) 3586 us (99%).
I0312 03:56:51.873318 168583 AriaExecutor.h:535] Worker 44 latency: 2718 us (50%) 3145 us (75%) 3483 us (95%) 3587 us (99%).
I0312 03:56:51.897538 168583 AriaExecutor.h:535] Worker 45 latency: 2721 us (50%) 3146 us (75%) 3483 us (95%) 3587 us (99%).
I0312 03:56:51.922427 168583 AriaExecutor.h:535] Worker 46 latency: 2732 us (50%) 3152 us (75%) 3486 us (95%) 3588 us (99%).
I0312 03:56:51.946621 168583 AriaExecutor.h:535] Worker 47 latency: 2733 us (50%) 3153 us (75%) 3486 us (95%) 3588 us (99%).
I0312 03:56:51.970729 168583 Coordinator.h:177] total commit: 1.05502e+06
I0312 03:56:52.970958 168583 Coordinator.h:192] Coordinator exits.
