I0312 04:05:21.767110 170828 Database.h:65] ycsb initialization finished in 112 milliseconds.
I0312 04:05:21.767347 170828 Coordinator.h:30] Coordinator initializes 48 workers.
I0312 04:05:21.828125 170828 Coordinator.h:77] Coordinator starts to run 49 workers.
I0312 04:05:21.828220 170880 AriaExecutor.h:82] AriaExecutor 0 started. 
I0312 04:05:21.828271 170881 AriaExecutor.h:82] AriaExecutor 1 started. 
I0312 04:05:21.828361 170882 AriaExecutor.h:82] AriaExecutor 2 started. 
I0312 04:05:21.828428 170883 AriaExecutor.h:82] AriaExecutor 3 started. 
I0312 04:05:21.828490 170884 AriaExecutor.h:82] AriaExecutor 4 started. 
I0312 04:05:21.828575 170885 AriaExecutor.h:82] AriaExecutor 5 started. 
I0312 04:05:21.828639 170886 AriaExecutor.h:82] AriaExecutor 6 started. 
I0312 04:05:21.828697 170887 AriaExecutor.h:82] AriaExecutor 7 started. 
I0312 04:05:21.828752 170888 AriaExecutor.h:82] AriaExecutor 8 started. 
I0312 04:05:21.828847 170889 AriaExecutor.h:82] AriaExecutor 9 started. 
I0312 04:05:21.828912 170890 AriaExecutor.h:82] AriaExecutor 10 started. 
I0312 04:05:21.828998 170891 AriaExecutor.h:82] AriaExecutor 11 started. 
I0312 04:05:21.829120 170892 AriaExecutor.h:82] AriaExecutor 12 started. 
I0312 04:05:21.829238 170893 AriaExecutor.h:82] AriaExecutor 13 started. 
I0312 04:05:21.829349 170894 AriaExecutor.h:82] AriaExecutor 14 started. 
I0312 04:05:21.829470 170895 AriaExecutor.h:82] AriaExecutor 15 started. 
I0312 04:05:21.829583 170896 AriaExecutor.h:82] AriaExecutor 16 started. 
I0312 04:05:21.829689 170897 AriaExecutor.h:82] AriaExecutor 17 started. 
I0312 04:05:21.829792 170898 AriaExecutor.h:82] AriaExecutor 18 started. 
I0312 04:05:21.829896 170899 AriaExecutor.h:82] AriaExecutor 19 started. 
I0312 04:05:21.829999 170900 AriaExecutor.h:82] AriaExecutor 20 started. 
I0312 04:05:21.830106 170901 AriaExecutor.h:82] AriaExecutor 21 started. 
I0312 04:05:21.830224 170902 AriaExecutor.h:82] AriaExecutor 22 started. 
I0312 04:05:21.830336 170903 AriaExecutor.h:82] AriaExecutor 23 started. 
I0312 04:05:21.830435 170904 AriaExecutor.h:82] AriaExecutor 24 started. 
I0312 04:05:21.830530 170905 AriaExecutor.h:82] AriaExecutor 25 started. 
I0312 04:05:21.830590 170906 AriaExecutor.h:82] AriaExecutor 26 started. 
I0312 04:05:21.830684 170907 AriaExecutor.h:82] AriaExecutor 27 started. 
I0312 04:05:21.830790 170908 AriaExecutor.h:82] AriaExecutor 28 started. 
I0312 04:05:21.830878 170909 AriaExecutor.h:82] AriaExecutor 29 started. 
I0312 04:05:21.830965 170910 AriaExecutor.h:82] AriaExecutor 30 started. 
I0312 04:05:21.831101 170911 AriaExecutor.h:82] AriaExecutor 31 started. 
I0312 04:05:21.831223 170912 AriaExecutor.h:82] AriaExecutor 32 started. 
I0312 04:05:21.831347 170913 AriaExecutor.h:82] AriaExecutor 33 started. 
I0312 04:05:21.831384 170914 AriaExecutor.h:82] AriaExecutor 34 started. 
I0312 04:05:21.831471 170915 AriaExecutor.h:82] AriaExecutor 35 started. 
I0312 04:05:21.831573 170916 AriaExecutor.h:82] AriaExecutor 36 started. 
I0312 04:05:21.831665 170917 AriaExecutor.h:82] AriaExecutor 37 started. 
I0312 04:05:21.831779 170918 AriaExecutor.h:82] AriaExecutor 38 started. 
I0312 04:05:21.831884 170919 AriaExecutor.h:82] AriaExecutor 39 started. 
I0312 04:05:21.831983 170920 AriaExecutor.h:82] AriaExecutor 40 started. 
I0312 04:05:21.832085 170921 AriaExecutor.h:82] AriaExecutor 41 started. 
I0312 04:05:21.832195 170922 AriaExecutor.h:82] AriaExecutor 42 started. 
I0312 04:05:21.832293 170923 AriaExecutor.h:82] AriaExecutor 43 started. 
I0312 04:05:21.832549 170924 AriaExecutor.h:82] AriaExecutor 44 started. 
I0312 04:05:21.832765 170925 AriaExecutor.h:82] AriaExecutor 45 started. 
I0312 04:05:21.832965 170926 AriaExecutor.h:82] AriaExecutor 46 started. 
I0312 04:05:21.833155 170927 AriaExecutor.h:82] AriaExecutor 47 started. 
I0312 04:05:21.833408 170928 Manager.h:224] Manager(worker id = 48) on the coordinator node started.
I0312 04:05:22.833505 170828 Coordinator.h:126] commit: 108 abort: 155540 (0/155540/0), network size: 0, avg network size: 0, si_in_serializable: 0 0 %, local: 0 %
I0312 04:05:23.833685 170828 Coordinator.h:126] commit: 116 abort: 157580 (0/157580/0), network size: 0, avg network size: 0, si_in_serializable: 0 0 %, local: 0 %
I0312 04:05:24.833838 170828 Coordinator.h:126] commit: 129 abort: 155519 (0/155519/0), network size: 0, avg network size: 0, si_in_serializable: 0 0 %, local: 0 %
I0312 04:05:25.834116 170828 Coordinator.h:126] commit: 124 abort: 157572 (0/157572/0), network size: 0, avg network size: 0, si_in_serializable: 0 0 %, local: 0 %
I0312 04:05:26.834298 170828 Coordinator.h:126] commit: 129 abort: 157567 (0/157567/0), network size: 0, avg network size: 0, si_in_serializable: 0 0 %, local: 0 %
I0312 04:05:27.834447 170828 Coordinator.h:126] commit: 120 abort: 159624 (0/159624/0), network size: 0, avg network size: 0, si_in_serializable: 0 0 %, local: 0 %
I0312 04:05:28.834597 170828 Coordinator.h:126] commit: 120 abort: 157576 (0/157576/0), network size: 0, avg network size: 0, si_in_serializable: 0 0 %, local: 0 %
I0312 04:05:29.834753 170828 Coordinator.h:126] commit: 117 abort: 159627 (0/159627/0), network size: 0, avg network size: 0, si_in_serializable: 0 0 %, local: 0 %
I0312 04:05:30.834903 170828 Coordinator.h:126] commit: 125 abort: 157571 (0/157571/0), network size: 0, avg network size: 0, si_in_serializable: 0 0 %, local: 0 %
I0312 04:05:31.835052 170828 Coordinator.h:126] commit: 113 abort: 159631 (0/159631/0), network size: 0, avg network size: 0, si_in_serializable: 0 0 %, local: 0 %
I0312 04:05:32.835253 170828 Coordinator.h:126] commit: 125 abort: 158594 (0/158594/0), network size: 0, avg network size: 0, si_in_serializable: 0 0 %, local: 0 %
I0312 04:05:33.835439 170828 Coordinator.h:126] commit: 121 abort: 160648 (0/160648/0), network size: 0, avg network size: 0, si_in_serializable: 0 0 %, local: 0 %
I0312 04:05:34.835602 170828 Coordinator.h:126] commit: 116 abort: 159628 (0/159628/0), network size: 0, avg network size: 0, si_in_serializable: 0 0 %, local: 0 %
I0312 04:05:35.835752 170828 Coordinator.h:126] commit: 126 abort: 159618 (0/159618/0), network size: 0, avg network size: 0, si_in_serializable: 0 0 %, local: 0 %
I0312 04:05:36.835903 170828 Coordinator.h:126] commit: 131 abort: 159613 (0/159613/0), network size: 0, avg network size: 0, si_in_serializable: 0 0 %, local: 0 %
I0312 04:05:37.836053 170828 Coordinator.h:126] commit: 127 abort: 159617 (0/159617/0), network size: 0, avg network size: 0, si_in_serializable: 0 0 %, local: 0 %
I0312 04:05:38.836205 170828 Coordinator.h:126] commit: 117 abort: 159627 (0/159627/0), network size: 0, avg network size: 0, si_in_serializable: 0 0 %, local: 0 %
I0312 04:05:39.836362 170828 Coordinator.h:126] commit: 121 abort: 159623 (0/159623/0), network size: 0, avg network size: 0, si_in_serializable: 0 0 %, local: 0 %
I0312 04:05:40.836511 170828 Coordinator.h:126] commit: 120 abort: 159624 (0/159624/0), network size: 0, avg network size: 0, si_in_serializable: 0 0 %, local: 0 %
I0312 04:05:41.836651 170828 Coordinator.h:126] commit: 127 abort: 159617 (0/159617/0), network size: 0, avg network size: 0, si_in_serializable: 0 0 %, local: 0 %
I0312 04:05:42.836799 170828 Coordinator.h:126] commit: 124 abort: 159620 (0/159620/0), network size: 0, avg network size: 0, si_in_serializable: 0 0 %, local: 0 %
I0312 04:05:43.836947 170828 Coordinator.h:126] commit: 130 abort: 159614 (0/159614/0), network size: 0, avg network size: 0, si_in_serializable: 0 0 %, local: 0 %
I0312 04:05:44.837097 170828 Coordinator.h:126] commit: 115 abort: 155533 (0/155533/0), network size: 0, avg network size: 0, si_in_serializable: 0 0 %, local: 0 %
I0312 04:05:45.837242 170828 Coordinator.h:126] commit: 129 abort: 159615 (0/159615/0), network size: 0, avg network size: 0, si_in_serializable: 0 0 %, local: 0 %
I0312 04:05:46.837427 170828 Coordinator.h:126] commit: 124 abort: 159620 (0/159620/0), network size: 0, avg network size: 0, si_in_serializable: 0 0 %, local: 0 %
I0312 04:05:46.837494 170828 Coordinator.h:152] average commit: 123.1 abort: 159621 (0/159621/0), network size: 0, avg network size: 0, si_in_serializable: 0 0 %, local: 0 %
I0312 04:05:46.837512 170828 AriaExecutor.h:535] Worker 0 latency: 12780 us (50%) 12866 us (75%) 12997 us (95%) 13122 us (99%).
I0312 04:05:46.841558 170928 Manager.h:227] Manager(worker id = 48) on the coordinator node exits.
I0312 04:05:46.841559 170891 AriaExecutor.h:94] AriaExecutor 11 exits. 
I0312 04:05:46.841585 170909 AriaExecutor.h:94] AriaExecutor 29 exits. 
I0312 04:05:46.841590 170881 AriaExecutor.h:94] AriaExecutor 1 exits. 
I0312 04:05:46.841610 170911 AriaExecutor.h:94] AriaExecutor 31 exits. 
I0312 04:05:46.841619 170924 AriaExecutor.h:94] AriaExecutor 44 exits. 
I0312 04:05:46.841559 170893 AriaExecutor.h:94] AriaExecutor 13 exits. 
I0312 04:05:46.841630 170903 AriaExecutor.h:94] AriaExecutor 23 exits. 
I0312 04:05:46.841635 170904 AriaExecutor.h:94] AriaExecutor 24 exits. 
I0312 04:05:46.841584 170898 AriaExecutor.h:94] AriaExecutor 18 exits. 
I0312 04:05:46.841586 170908 AriaExecutor.h:94] AriaExecutor 28 exits. 
I0312 04:05:46.841559 170892 AriaExecutor.h:94] AriaExecutor 12 exits. 
I0312 04:05:46.841565 170905 AriaExecutor.h:94] AriaExecutor 25 exits. 
I0312 04:05:46.841590 170882 AriaExecutor.h:94] AriaExecutor 2 exits. 
I0312 04:05:46.841604 170922 AriaExecutor.h:94] AriaExecutor 42 exits. 
I0312 04:05:46.841559 170888 AriaExecutor.h:94] AriaExecutor 8 exits. 
I0312 04:05:46.841562 170918 AriaExecutor.h:94] AriaExecutor 38 exits. 
I0312 04:05:46.841614 170916 AriaExecutor.h:94] AriaExecutor 36 exits. 
I0312 04:05:46.841606 170923 AriaExecutor.h:94] AriaExecutor 43 exits. 
I0312 04:05:46.841609 170915 AriaExecutor.h:94] AriaExecutor 35 exits. 
I0312 04:05:46.841581 170899 AriaExecutor.h:94] AriaExecutor 19 exits. 
I0312 04:05:46.841566 170914 AriaExecutor.h:94] AriaExecutor 34 exits. 
I0312 04:05:46.841562 170886 AriaExecutor.h:94] AriaExecutor 6 exits. 
I0312 04:05:46.841588 170883 AriaExecutor.h:94] AriaExecutor 3 exits. 
I0312 04:05:46.841572 170900 AriaExecutor.h:94] AriaExecutor 20 exits. 
I0312 04:05:46.841585 170902 AriaExecutor.h:94] AriaExecutor 22 exits. 
I0312 04:05:46.841589 170894 AriaExecutor.h:94] AriaExecutor 14 exits. 
I0312 04:05:46.841589 170926 AriaExecutor.h:94] AriaExecutor 46 exits. 
I0312 04:05:46.841559 170884 AriaExecutor.h:94] AriaExecutor 4 exits. 
I0312 04:05:46.841586 170925 AriaExecutor.h:94] AriaExecutor 45 exits. 
I0312 04:05:46.841588 170885 AriaExecutor.h:94] AriaExecutor 5 exits. 
I0312 04:05:46.841589 170927 AriaExecutor.h:94] AriaExecutor 47 exits. 
I0312 04:05:46.841559 170890 AriaExecutor.h:94] AriaExecutor 10 exits. 
I0312 04:05:46.841604 170920 AriaExecutor.h:94] AriaExecutor 40 exits. 
I0312 04:05:46.841607 170919 AriaExecutor.h:94] AriaExecutor 39 exits. 
I0312 04:05:46.841560 170921 AriaExecutor.h:94] AriaExecutor 41 exits. 
I0312 04:05:46.841559 170889 AriaExecutor.h:94] AriaExecutor 9 exits. 
I0312 04:05:46.841634 170896 AriaExecutor.h:94] AriaExecutor 16 exits. 
I0312 04:05:46.841611 170910 AriaExecutor.h:94] AriaExecutor 30 exits. 
I0312 04:05:46.841609 170917 AriaExecutor.h:94] AriaExecutor 37 exits. 
I0312 04:05:46.841614 170912 AriaExecutor.h:94] AriaExecutor 32 exits. 
I0312 04:05:46.841609 170913 AriaExecutor.h:94] AriaExecutor 33 exits. 
I0312 04:05:46.841567 170907 AriaExecutor.h:94] AriaExecutor 27 exits. 
I0312 04:05:46.841572 170895 AriaExecutor.h:94] AriaExecutor 15 exits. 
I0312 04:05:46.841624 170897 AriaExecutor.h:94] AriaExecutor 17 exits. 
I0312 04:05:46.841575 170906 AriaExecutor.h:94] AriaExecutor 26 exits. 
I0312 04:05:46.841631 170901 AriaExecutor.h:94] AriaExecutor 21 exits. 
I0312 04:05:46.841559 170880 AriaExecutor.h:94] AriaExecutor 0 exits. 
I0312 04:05:46.841589 170887 AriaExecutor.h:94] AriaExecutor 7 exits. 
I0312 04:05:46.842561 170828 AriaExecutor.h:535] Worker 1 latency: 12780 us (50%) 12868 us (75%) 13004 us (95%) 13663 us (99%).
I0312 04:05:46.842607 170828 AriaExecutor.h:535] Worker 2 latency: 12788 us (50%) 12859 us (75%) 12994 us (95%) 13175 us (99%).
I0312 04:05:46.842622 170828 AriaExecutor.h:535] Worker 3 latency: 12778 us (50%) 12882 us (75%) 13011 us (95%) 13070 us (99%).
I0312 04:05:46.842633 170828 AriaExecutor.h:535] Worker 4 latency: 12785 us (50%) 12839 us (75%) 13043 us (95%) 13084 us (99%).
I0312 04:05:46.842672 170828 AriaExecutor.h:535] Worker 5 latency: 12776 us (50%) 12848 us (75%) 13024 us (95%) 13094 us (99%).
I0312 04:05:46.842700 170828 AriaExecutor.h:535] Worker 6 latency: 12777 us (50%) 12844 us (75%) 12895 us (95%) 12982 us (99%).
I0312 04:05:46.842725 170828 AriaExecutor.h:535] Worker 7 latency: 12819 us (50%) 12930 us (75%) 13083 us (95%) 13083 us (99%).
I0312 04:05:46.842748 170828 AriaExecutor.h:535] Worker 8 latency: 12713 us (50%) 12828 us (75%) 12949 us (95%) 12949 us (99%).
I0312 04:05:46.842770 170828 AriaExecutor.h:535] Worker 9 latency: 12699 us (50%) 12896 us (75%) 12946 us (95%) 12946 us (99%).
I0312 04:05:46.842792 170828 AriaExecutor.h:535] Worker 10 latency: 12911 us (50%) 12911 us (75%) 12911 us (95%) 12911 us (99%).
I0312 04:05:46.842839 170828 AriaExecutor.h:535] Worker 11 latency: 12791 us (50%) 12886 us (75%) 12886 us (95%) 12886 us (99%).
I0312 04:05:46.842862 170828 AriaExecutor.h:535] Worker 12 latency: 12670 us (50%) 12785 us (75%) 12785 us (95%) 12785 us (99%).
I0312 04:05:46.842883 170828 AriaExecutor.h:535] Worker 13 latency: 12720 us (50%) 12796 us (75%) 12901 us (95%) 12901 us (99%).
I0312 04:05:46.842906 170828 AriaExecutor.h:535] Worker 14 latency: 12669 us (50%) 12770 us (75%) 13949 us (95%) 13949 us (99%).
I0312 04:05:46.842927 170828 AriaExecutor.h:535] Worker 15 latency: 0 us (50%) 0 us (75%) 0 us (95%) 0 us (99%).
I0312 04:05:46.842947 170828 AriaExecutor.h:535] Worker 16 latency: 12743 us (50%) 12834 us (75%) 12834 us (95%) 12834 us (99%).
I0312 04:05:46.842970 170828 AriaExecutor.h:535] Worker 17 latency: 0 us (50%) 0 us (75%) 0 us (95%) 0 us (99%).
I0312 04:05:46.842993 170828 AriaExecutor.h:535] Worker 18 latency: 12817 us (50%) 12817 us (75%) 12817 us (95%) 12817 us (99%).
I0312 04:05:46.843015 170828 AriaExecutor.h:535] Worker 19 latency: 0 us (50%) 0 us (75%) 0 us (95%) 0 us (99%).
I0312 04:05:46.843034 170828 AriaExecutor.h:535] Worker 20 latency: 0 us (50%) 0 us (75%) 0 us (95%) 0 us (99%).
I0312 04:05:46.843055 170828 AriaExecutor.h:535] Worker 21 latency: 0 us (50%) 0 us (75%) 0 us (95%) 0 us (99%).
I0312 04:05:46.843073 170828 AriaExecutor.h:535] Worker 22 latency: 12738 us (50%) 12738 us (75%) 12738 us (95%) 12738 us (99%).
I0312 04:05:46.843096 170828 AriaExecutor.h:535] Worker 23 latency: 0 us (50%) 0 us (75%) 0 us (95%) 0 us (99%).
I0312 04:05:46.843114 170828 AriaExecutor.h:535] Worker 24 latency: 0 us (50%) 0 us (75%) 0 us (95%) 0 us (99%).
I0312 04:05:46.843135 170828 AriaExecutor.h:535] Worker 25 latency: 0 us (50%) 0 us (75%) 0 us (95%) 0 us (99%).
I0312 04:05:46.843154 170828 AriaExecutor.h:535] Worker 26 latency: 0 us (50%) 0 us (75%) 0 us (95%) 0 us (99%).
I0312 04:05:46.843182 170828 AriaExecutor.h:535] Worker 27 latency: 0 us (50%) 0 us (75%) 0 us (95%) 0 us (99%).
I0312 04:05:46.843201 170828 AriaExecutor.h:535] Worker 28 latency: 0 us (50%) 0 us (75%) 0 us (95%) 0 us (99%).
I0312 04:05:46.843221 170828 AriaExecutor.h:535] Worker 29 latency: 0 us (50%) 0 us (75%) 0 us (95%) 0 us (99%).
I0312 04:05:46.843240 170828 AriaExecutor.h:535] Worker 30 latency: 0 us (50%) 0 us (75%) 0 us (95%) 0 us (99%).
I0312 04:05:46.843271 170828 AriaExecutor.h:535] Worker 31 latency: 0 us (50%) 0 us (75%) 0 us (95%) 0 us (99%).
I0312 04:05:46.843291 170828 AriaExecutor.h:535] Worker 32 latency: 0 us (50%) 0 us (75%) 0 us (95%) 0 us (99%).
I0312 04:05:46.843312 170828 AriaExecutor.h:535] Worker 33 latency: 0 us (50%) 0 us (75%) 0 us (95%) 0 us (99%).
I0312 04:05:46.843331 170828 AriaExecutor.h:535] Worker 34 latency: 12654 us (50%) 12654 us (75%) 12654 us (95%) 12654 us (99%).
I0312 04:05:46.843358 170828 AriaExecutor.h:535] Worker 35 latency: 0 us (50%) 0 us (75%) 0 us (95%) 0 us (99%).
I0312 04:05:46.843379 170828 AriaExecutor.h:535] Worker 36 latency: 0 us (50%) 0 us (75%) 0 us (95%) 0 us (99%).
I0312 04:05:46.843401 170828 AriaExecutor.h:535] Worker 37 latency: 0 us (50%) 0 us (75%) 0 us (95%) 0 us (99%).
I0312 04:05:46.843422 170828 AriaExecutor.h:535] Worker 38 latency: 0 us (50%) 0 us (75%) 0 us (95%) 0 us (99%).
I0312 04:05:46.843443 170828 AriaExecutor.h:535] Worker 39 latency: 0 us (50%) 0 us (75%) 0 us (95%) 0 us (99%).
I0312 04:05:46.843463 170828 AriaExecutor.h:535] Worker 40 latency: 0 us (50%) 0 us (75%) 0 us (95%) 0 us (99%).
I0312 04:05:46.843484 170828 AriaExecutor.h:535] Worker 41 latency: 0 us (50%) 0 us (75%) 0 us (95%) 0 us (99%).
I0312 04:05:46.843504 170828 AriaExecutor.h:535] Worker 42 latency: 0 us (50%) 0 us (75%) 0 us (95%) 0 us (99%).
I0312 04:05:46.843525 170828 AriaExecutor.h:535] Worker 43 latency: 0 us (50%) 0 us (75%) 0 us (95%) 0 us (99%).
I0312 04:05:46.843545 170828 AriaExecutor.h:535] Worker 44 latency: 0 us (50%) 0 us (75%) 0 us (95%) 0 us (99%).
I0312 04:05:46.843568 170828 AriaExecutor.h:535] Worker 45 latency: 0 us (50%) 0 us (75%) 0 us (95%) 0 us (99%).
I0312 04:05:46.843590 170828 AriaExecutor.h:535] Worker 46 latency: 0 us (50%) 0 us (75%) 0 us (95%) 0 us (99%).
I0312 04:05:46.843609 170828 AriaExecutor.h:535] Worker 47 latency: 0 us (50%) 0 us (75%) 0 us (95%) 0 us (99%).
I0312 04:05:46.843644 170828 Coordinator.h:177] total commit: 123.1
I0312 04:05:47.843845 170828 Coordinator.h:192] Coordinator exits.
