I0312 04:17:23.353724 183292 Database.h:65] ycsb initialization finished in 978 milliseconds.
I0312 04:17:23.353955 183292 Coordinator.h:30] Coordinator initializes 1 workers.
I0312 04:17:23.394083 183292 Coordinator.h:77] Coordinator starts to run 2 workers.
I0312 04:17:23.394222 183297 AriaExecutor.h:91] AriaExecutor 0 started. 
I0312 04:17:23.394300 183298 Manager.h:224] Manager(worker id = 1) on the coordinator node started.
I0312 04:17:24.394341 183292 Coordinator.h:126] commit: 64239 abort: 273 (0/273/0), network size: 0, avg network size: 0, si_in_serializable: 0 0 %, local: 0 %
I0312 04:17:25.394556 183292 Coordinator.h:126] commit: 64214 abort: 298 (0/298/0), network size: 0, avg network size: 0, si_in_serializable: 0 0 %, local: 0 %
I0312 04:17:26.394692 183292 Coordinator.h:126] commit: 66245 abort: 315 (0/315/0), network size: 0, avg network size: 0, si_in_serializable: 0 0 %, local: 0 %
I0312 04:17:27.394802 183292 Coordinator.h:126] commit: 66265 abort: 295 (0/295/0), network size: 0, avg network size: 0, si_in_serializable: 0 0 %, local: 0 %
I0312 04:17:28.394958 183292 Coordinator.h:126] commit: 63225 abort: 263 (0/263/0), network size: 0, avg network size: 0, si_in_serializable: 0 0 %, local: 0 %
I0312 04:17:29.395089 183292 Coordinator.h:126] commit: 66250 abort: 310 (0/310/0), network size: 0, avg network size: 0, si_in_serializable: 0 0 %, local: 0 %
I0312 04:17:30.395248 183292 Coordinator.h:126] commit: 63215 abort: 273 (0/273/0), network size: 0, avg network size: 0, si_in_serializable: 0 0 %, local: 0 %
I0312 04:17:31.395378 183292 Coordinator.h:126] commit: 66255 abort: 305 (0/305/0), network size: 0, avg network size: 0, si_in_serializable: 0 0 %, local: 0 %
I0312 04:17:32.395530 183292 Coordinator.h:126] commit: 63239 abort: 249 (0/249/0), network size: 0, avg network size: 0, si_in_serializable: 0 0 %, local: 0 %
I0312 04:17:33.395654 183292 Coordinator.h:126] commit: 66265 abort: 295 (0/295/0), network size: 0, avg network size: 0, si_in_serializable: 0 0 %, local: 0 %
I0312 04:17:34.395761 183292 Coordinator.h:126] commit: 66836 abort: 286 (0/286/0), network size: 0, avg network size: 0, si_in_serializable: 0 0 %, local: 0 %
I0312 04:17:35.395916 183292 Coordinator.h:126] commit: 63662 abort: 288 (0/288/0), network size: 0, avg network size: 0, si_in_serializable: 0 0 %, local: 0 %
I0312 04:17:36.396044 183292 Coordinator.h:126] commit: 66125 abort: 275 (0/275/0), network size: 0, avg network size: 0, si_in_serializable: 0 0 %, local: 0 %
I0312 04:17:37.396149 183292 Coordinator.h:126] commit: 65404 abort: 292 (0/292/0), network size: 0, avg network size: 0, si_in_serializable: 0 0 %, local: 0 %
I0312 04:17:38.396255 183292 Coordinator.h:126] commit: 66280 abort: 280 (0/280/0), network size: 0, avg network size: 0, si_in_serializable: 0 0 %, local: 0 %
I0312 04:17:39.396410 183292 Coordinator.h:126] commit: 63210 abort: 278 (0/278/0), network size: 0, avg network size: 0, si_in_serializable: 0 0 %, local: 0 %
I0312 04:17:40.396541 183292 Coordinator.h:126] commit: 65228 abort: 308 (0/308/0), network size: 0, avg network size: 0, si_in_serializable: 0 0 %, local: 0 %
I0312 04:17:41.396652 183292 Coordinator.h:126] commit: 66237 abort: 323 (0/323/0), network size: 0, avg network size: 0, si_in_serializable: 0 0 %, local: 0 %
I0312 04:17:42.396759 183292 Coordinator.h:126] commit: 66269 abort: 291 (0/291/0), network size: 0, avg network size: 0, si_in_serializable: 0 0 %, local: 0 %
I0312 04:17:43.396867 183292 Coordinator.h:126] commit: 67277 abort: 307 (0/307/0), network size: 0, avg network size: 0, si_in_serializable: 0 0 %, local: 0 %
I0312 04:17:44.397025 183292 Coordinator.h:126] commit: 63187 abort: 301 (0/301/0), network size: 0, avg network size: 0, si_in_serializable: 0 0 %, local: 0 %
I0312 04:17:45.397148 183292 Coordinator.h:126] commit: 66265 abort: 295 (0/295/0), network size: 0, avg network size: 0, si_in_serializable: 0 0 %, local: 0 %
I0312 04:17:46.397253 183292 Coordinator.h:126] commit: 66279 abort: 281 (0/281/0), network size: 0, avg network size: 0, si_in_serializable: 0 0 %, local: 0 %
I0312 04:17:47.397358 183292 Coordinator.h:126] commit: 66233 abort: 327 (0/327/0), network size: 0, avg network size: 0, si_in_serializable: 0 0 %, local: 0 %
I0312 04:17:48.397464 183292 Coordinator.h:126] commit: 66266 abort: 294 (0/294/0), network size: 0, avg network size: 0, si_in_serializable: 0 0 %, local: 0 %
I0312 04:17:48.397500 183292 Coordinator.h:152] average commit: 65652.8 abort: 292.8 (0/292.8/0), network size: 0, avg network size: 0, si_in_serializable: 0 0 %, local: 0 %
I0312 04:17:48.405366 183297 AriaExecutor.h:103] AriaExecutor 0 exits. 
I0312 04:17:48.405367 183298 Manager.h:227] Manager(worker id = 1) on the coordinator node exits.
I0312 04:17:48.397547 183292 AriaExecutor.h:649] Worker 0 latency: 10119 us (50%) 12515 us (75%) 14430 us (95%) 15336 us (99%).
I0312 04:17:48.489974 183292 Coordinator.h:177] total commit: 65652.8
I0312 04:17:49.490113 183292 Coordinator.h:192] Coordinator exits.
