I0312 02:04:46.942842 151080 Database.h:65] ycsb initialization finished in 257 milliseconds.
I0312 02:04:46.943063 151080 Coordinator.h:30] Coordinator initializes 4 workers.
I0312 02:04:46.982276 151080 Coordinator.h:77] Coordinator starts to run 5 workers.
I0312 02:04:46.982367 151088 AriaExecutor.h:82] AriaExecutor 0 started. 
I0312 02:04:46.982402 151089 AriaExecutor.h:82] AriaExecutor 1 started. 
I0312 02:04:46.982484 151090 AriaExecutor.h:82] AriaExecutor 2 started. 
I0312 02:04:46.982570 151091 AriaExecutor.h:82] AriaExecutor 3 started. 
I0312 02:04:46.982632 151092 Manager.h:224] Manager(worker id = 4) on the coordinator node started.
I0312 02:04:47.982682 151080 Coordinator.h:126] commit: 99 abort: 42909 (0/42909/0), network size: 0, avg network size: 0, si_in_serializable: 0 0 %, local: 0 %
I0312 02:04:48.982892 151080 Coordinator.h:126] commit: 88 abort: 43944 (0/43944/0), network size: 0, avg network size: 0, si_in_serializable: 0 0 %, local: 0 %
I0312 02:04:49.983033 151080 Coordinator.h:126] commit: 94 abort: 43938 (0/43938/0), network size: 0, avg network size: 0, si_in_serializable: 0 0 %, local: 0 %
I0312 02:04:50.983160 151080 Coordinator.h:126] commit: 107 abort: 44949 (0/44949/0), network size: 0, avg network size: 0, si_in_serializable: 0 0 %, local: 0 %
I0312 02:04:51.983345 151080 Coordinator.h:126] commit: 93 abort: 43939 (0/43939/0), network size: 0, avg network size: 0, si_in_serializable: 0 0 %, local: 0 %
I0312 02:04:52.983492 151080 Coordinator.h:126] commit: 86 abort: 43946 (0/43946/0), network size: 0, avg network size: 0, si_in_serializable: 0 0 %, local: 0 %
I0312 02:04:53.983677 151080 Coordinator.h:126] commit: 105 abort: 43927 (0/43927/0), network size: 0, avg network size: 0, si_in_serializable: 0 0 %, local: 0 %
I0312 02:04:54.983820 151080 Coordinator.h:126] commit: 79 abort: 43953 (0/43953/0), network size: 0, avg network size: 0, si_in_serializable: 0 0 %, local: 0 %
I0312 02:04:55.983999 151080 Coordinator.h:126] commit: 88 abort: 43944 (0/43944/0), network size: 0, avg network size: 0, si_in_serializable: 0 0 %, local: 0 %
I0312 02:04:56.984133 151080 Coordinator.h:126] commit: 97 abort: 43935 (0/43935/0), network size: 0, avg network size: 0, si_in_serializable: 0 0 %, local: 0 %
I0312 02:04:57.984254 151080 Coordinator.h:126] commit: 97 abort: 44959 (0/44959/0), network size: 0, avg network size: 0, si_in_serializable: 0 0 %, local: 0 %
I0312 02:04:58.984431 151080 Coordinator.h:126] commit: 88 abort: 42920 (0/42920/0), network size: 0, avg network size: 0, si_in_serializable: 0 0 %, local: 0 %
I0312 02:04:59.984565 151080 Coordinator.h:126] commit: 104 abort: 44952 (0/44952/0), network size: 0, avg network size: 0, si_in_serializable: 0 0 %, local: 0 %
I0312 02:05:00.984683 151080 Coordinator.h:126] commit: 99 abort: 43933 (0/43933/0), network size: 0, avg network size: 0, si_in_serializable: 0 0 %, local: 0 %
I0312 02:05:01.984802 151080 Coordinator.h:126] commit: 91 abort: 44965 (0/44965/0), network size: 0, avg network size: 0, si_in_serializable: 0 0 %, local: 0 %
I0312 02:05:02.984977 151080 Coordinator.h:126] commit: 85 abort: 42923 (0/42923/0), network size: 0, avg network size: 0, si_in_serializable: 0 0 %, local: 0 %
I0312 02:05:03.985118 151080 Coordinator.h:126] commit: 93 abort: 44963 (0/44963/0), network size: 0, avg network size: 0, si_in_serializable: 0 0 %, local: 0 %
I0312 02:05:04.985255 151080 Coordinator.h:126] commit: 86 abort: 43946 (0/43946/0), network size: 0, avg network size: 0, si_in_serializable: 0 0 %, local: 0 %
I0312 02:05:05.985376 151080 Coordinator.h:126] commit: 92 abort: 44964 (0/44964/0), network size: 0, avg network size: 0, si_in_serializable: 0 0 %, local: 0 %
I0312 02:05:06.985499 151080 Coordinator.h:126] commit: 100 abort: 43932 (0/43932/0), network size: 0, avg network size: 0, si_in_serializable: 0 0 %, local: 0 %
I0312 02:05:07.985682 151080 Coordinator.h:126] commit: 80 abort: 43952 (0/43952/0), network size: 0, avg network size: 0, si_in_serializable: 0 0 %, local: 0 %
I0312 02:05:08.985819 151080 Coordinator.h:126] commit: 92 abort: 43940 (0/43940/0), network size: 0, avg network size: 0, si_in_serializable: 0 0 %, local: 0 %
I0312 02:05:09.985952 151080 Coordinator.h:126] commit: 104 abort: 44952 (0/44952/0), network size: 0, avg network size: 0, si_in_serializable: 0 0 %, local: 0 %
I0312 02:05:10.986074 151080 Coordinator.h:126] commit: 94 abort: 43938 (0/43938/0), network size: 0, avg network size: 0, si_in_serializable: 0 0 %, local: 0 %
I0312 02:05:11.986193 151080 Coordinator.h:126] commit: 95 abort: 43937 (0/43937/0), network size: 0, avg network size: 0, si_in_serializable: 0 0 %, local: 0 %
I0312 02:05:11.986238 151080 Coordinator.h:152] average commit: 93.5 abort: 44245.7 (0/44245.7/0), network size: 0, avg network size: 0, si_in_serializable: 0 0 %, local: 0 %
I0312 02:05:11.986294 151080 AriaExecutor.h:535] Worker 0 latency: 23025 us (50%) 23106 us (75%) 23262 us (95%) 24272 us (99%).
I0312 02:05:11.990739 151088 AriaExecutor.h:94] AriaExecutor 0 exits. 
I0312 02:05:11.990739 151092 Manager.h:227] Manager(worker id = 4) on the coordinator node exits.
I0312 02:05:11.990739 151089 AriaExecutor.h:94] AriaExecutor 1 exits. 
I0312 02:05:11.990739 151091 AriaExecutor.h:94] AriaExecutor 3 exits. 
I0312 02:05:11.990739 151090 AriaExecutor.h:94] AriaExecutor 2 exits. 
I0312 02:05:11.990897 151080 AriaExecutor.h:535] Worker 1 latency: 23005 us (50%) 23085 us (75%) 23232 us (95%) 23858 us (99%).
I0312 02:05:11.990988 151080 AriaExecutor.h:535] Worker 2 latency: 22989 us (50%) 23078 us (75%) 23257 us (95%) 26011 us (99%).
I0312 02:05:11.991041 151080 AriaExecutor.h:535] Worker 3 latency: 22954 us (50%) 23048 us (75%) 23203 us (95%) 23298 us (99%).
I0312 02:05:11.991173 151080 Coordinator.h:177] total commit: 93.5
I0312 02:05:12.991362 151080 Coordinator.h:192] Coordinator exits.
