I0312 04:14:32.364159 180802 Database.h:65] ycsb initialization finished in 100 milliseconds.
I0312 04:14:32.364398 180802 Coordinator.h:30] Coordinator initializes 62 workers.
I0312 04:14:32.404621 180802 Coordinator.h:77] Coordinator starts to run 63 workers.
I0312 04:14:32.404690 180868 AriaExecutor.h:82] AriaExecutor 0 started. 
I0312 04:14:32.404724 180869 AriaExecutor.h:82] AriaExecutor 1 started. 
I0312 04:14:32.404808 180870 AriaExecutor.h:82] AriaExecutor 2 started. 
I0312 04:14:32.404865 180871 AriaExecutor.h:82] AriaExecutor 3 started. 
I0312 04:14:32.404924 180872 AriaExecutor.h:82] AriaExecutor 4 started. 
I0312 04:14:32.404989 180873 AriaExecutor.h:82] AriaExecutor 5 started. 
I0312 04:14:32.405059 180874 AriaExecutor.h:82] AriaExecutor 6 started. 
I0312 04:14:32.405115 180875 AriaExecutor.h:82] AriaExecutor 7 started. 
I0312 04:14:32.405184 180876 AriaExecutor.h:82] AriaExecutor 8 started. 
I0312 04:14:32.405246 180877 AriaExecutor.h:82] AriaExecutor 9 started. 
I0312 04:14:32.405323 180878 AriaExecutor.h:82] AriaExecutor 10 started. 
I0312 04:14:32.405435 180879 AriaExecutor.h:82] AriaExecutor 11 started. 
I0312 04:14:32.405530 180880 AriaExecutor.h:82] AriaExecutor 12 started. 
I0312 04:14:32.405643 180881 AriaExecutor.h:82] AriaExecutor 13 started. 
I0312 04:14:32.405752 180882 AriaExecutor.h:82] AriaExecutor 14 started. 
I0312 04:14:32.405886 180883 AriaExecutor.h:82] AriaExecutor 15 started. 
I0312 04:14:32.405933 180884 AriaExecutor.h:82] AriaExecutor 16 started. 
I0312 04:14:32.406018 180885 AriaExecutor.h:82] AriaExecutor 17 started. 
I0312 04:14:32.406111 180886 AriaExecutor.h:82] AriaExecutor 18 started. 
I0312 04:14:32.406203 180887 AriaExecutor.h:82] AriaExecutor 19 started. 
I0312 04:14:32.406308 180888 AriaExecutor.h:82] AriaExecutor 20 started. 
I0312 04:14:32.406404 180889 AriaExecutor.h:82] AriaExecutor 21 started. 
I0312 04:14:32.406492 180890 AriaExecutor.h:82] AriaExecutor 22 started. 
I0312 04:14:32.406594 180891 AriaExecutor.h:82] AriaExecutor 23 started. 
I0312 04:14:32.406688 180892 AriaExecutor.h:82] AriaExecutor 24 started. 
I0312 04:14:32.406790 180893 AriaExecutor.h:82] AriaExecutor 25 started. 
I0312 04:14:32.406889 180894 AriaExecutor.h:82] AriaExecutor 26 started. 
I0312 04:14:32.406996 180895 AriaExecutor.h:82] AriaExecutor 27 started. 
I0312 04:14:32.407109 180896 AriaExecutor.h:82] AriaExecutor 28 started. 
I0312 04:14:32.407196 180897 AriaExecutor.h:82] AriaExecutor 29 started. 
I0312 04:14:32.407279 180898 AriaExecutor.h:82] AriaExecutor 30 started. 
I0312 04:14:32.407387 180899 AriaExecutor.h:82] AriaExecutor 31 started. 
I0312 04:14:32.407508 180900 AriaExecutor.h:82] AriaExecutor 32 started. 
I0312 04:14:32.407630 180901 AriaExecutor.h:82] AriaExecutor 33 started. 
I0312 04:14:32.407719 180902 AriaExecutor.h:82] AriaExecutor 34 started. 
I0312 04:14:32.407841 180903 AriaExecutor.h:82] AriaExecutor 35 started. 
I0312 04:14:32.407965 180904 AriaExecutor.h:82] AriaExecutor 36 started. 
I0312 04:14:32.408042 180905 AriaExecutor.h:82] AriaExecutor 37 started. 
I0312 04:14:32.408164 180906 AriaExecutor.h:82] AriaExecutor 38 started. 
I0312 04:14:32.408324 180907 AriaExecutor.h:82] AriaExecutor 39 started. 
I0312 04:14:32.408376 180908 AriaExecutor.h:82] AriaExecutor 40 started. 
I0312 04:14:32.408491 180909 AriaExecutor.h:82] AriaExecutor 41 started. 
I0312 04:14:32.408581 180910 AriaExecutor.h:82] AriaExecutor 42 started. 
I0312 04:14:32.408842 180911 AriaExecutor.h:82] AriaExecutor 43 started. 
I0312 04:14:32.409029 180912 AriaExecutor.h:82] AriaExecutor 44 started. 
I0312 04:14:32.409235 180913 AriaExecutor.h:82] AriaExecutor 45 started. 
I0312 04:14:32.409401 180914 AriaExecutor.h:82] AriaExecutor 46 started. 
I0312 04:14:32.409597 180915 AriaExecutor.h:82] AriaExecutor 47 started. 
I0312 04:14:32.409822 180916 AriaExecutor.h:82] AriaExecutor 48 started. 
I0312 04:14:32.410017 180917 AriaExecutor.h:82] AriaExecutor 49 started. 
I0312 04:14:32.410216 180918 AriaExecutor.h:82] AriaExecutor 50 started. 
I0312 04:14:32.410400 180919 AriaExecutor.h:82] AriaExecutor 51 started. 
I0312 04:14:32.410593 180920 AriaExecutor.h:82] AriaExecutor 52 started. 
I0312 04:14:32.410812 180921 AriaExecutor.h:82] AriaExecutor 53 started. 
I0312 04:14:32.410992 180922 AriaExecutor.h:82] AriaExecutor 54 started. 
I0312 04:14:32.411196 180923 AriaExecutor.h:82] AriaExecutor 55 started. 
I0312 04:14:32.411391 180924 AriaExecutor.h:82] AriaExecutor 56 started. 
I0312 04:14:32.411616 180925 AriaExecutor.h:82] AriaExecutor 57 started. 
I0312 04:14:32.411821 180926 AriaExecutor.h:82] AriaExecutor 58 started. 
I0312 04:14:32.411984 180927 AriaExecutor.h:82] AriaExecutor 59 started. 
I0312 04:14:32.412181 180928 AriaExecutor.h:82] AriaExecutor 60 started. 
F0312 04:14:32.412552 180802 Coordinator.h:355] Check failed: rc == 0 
*** Check failure stack trace: ***
I0312 04:14:32.412572 180930 Manager.h:224] Manager(worker id = 62) on the coordinator node started.
    @     0x7f7857e6bb03  google::LogMessage::Fail()
    @     0x7f7857e739d1  google::LogMessage::SendToLog()
    @     0x7f7857e6b7c2  google::LogMessage::Flush()
    @     0x7f7857e6d78f  google::LogMessageFatal::~LogMessageFatal()
    @     0x5578b1982bd3  aria::Coordinator::pin_thread_to_core()
    @     0x5578b199206b  aria::Coordinator::start()
    @     0x5578b1970fe8  main
    @     0x7f78578fed90  (unknown)
    @     0x7f78578fee40  __libc_start_main
    @     0x5578b1971f05  _start
    @              (nil)  (unknown)
