I0312 08:06:32.305008 239324 Database.h:65] ycsb initialization finished in 976 milliseconds.
I0312 08:06:32.305231 239324 Coordinator.h:30] Coordinator initializes 1 workers.
I0312 08:06:32.412726 239324 Coordinator.h:77] Coordinator starts to run 2 workers.
I0312 08:06:32.412863 239330 AriaExecutor.h:82] AriaExecutor 0 started. 
I0312 08:06:32.412925 239331 Manager.h:224] Manager(worker id = 1) on the coordinator node started.
I0312 08:06:33.412977 239324 Coordinator.h:126] commit: 26866 abort: 3847 (0/3847/0), network size: 0, avg network size: 0, si_in_serializable: 0 0 %, local: 0 %
I0312 08:06:34.413184 239324 Coordinator.h:126] commit: 26662 abort: 4065 (0/4065/0), network size: 0, avg network size: 0, si_in_serializable: 0 0 %, local: 0 %
I0312 08:06:35.413319 239324 Coordinator.h:126] commit: 28551 abort: 4217 (0/4217/0), network size: 0, avg network size: 0, si_in_serializable: 0 0 %, local: 0 %
I0312 08:06:36.413432 239324 Coordinator.h:126] commit: 32000 abort: 4864 (0/4864/0), network size: 0, avg network size: 0, si_in_serializable: 0 0 %, local: 0 %
I0312 08:06:37.413599 239324 Coordinator.h:126] commit: 24991 abort: 3681 (0/3681/0), network size: 0, avg network size: 0, si_in_serializable: 0 0 %, local: 0 %
I0312 08:06:38.413735 239324 Coordinator.h:126] commit: 28614 abort: 4154 (0/4154/0), network size: 0, avg network size: 0, si_in_serializable: 0 0 %, local: 0 %
I0312 08:06:39.413897 239324 Coordinator.h:126] commit: 28540 abort: 4228 (0/4228/0), network size: 0, avg network size: 0, si_in_serializable: 0 0 %, local: 0 %
I0312 08:06:40.414031 239324 Coordinator.h:126] commit: 28649 abort: 4119 (0/4119/0), network size: 0, avg network size: 0, si_in_serializable: 0 0 %, local: 0 %
I0312 08:06:41.414191 239324 Coordinator.h:126] commit: 28516 abort: 4252 (0/4252/0), network size: 0, avg network size: 0, si_in_serializable: 0 0 %, local: 0 %
I0312 08:06:42.414327 239324 Coordinator.h:126] commit: 28582 abort: 4186 (0/4186/0), network size: 0, avg network size: 0, si_in_serializable: 0 0 %, local: 0 %
I0312 08:06:43.414443 239324 Coordinator.h:126] commit: 28440 abort: 4328 (0/4328/0), network size: 0, avg network size: 0, si_in_serializable: 0 0 %, local: 0 %
I0312 08:06:44.414601 239324 Coordinator.h:126] commit: 25005 abort: 3667 (0/3667/0), network size: 0, avg network size: 0, si_in_serializable: 0 0 %, local: 0 %
I0312 08:06:45.414732 239324 Coordinator.h:126] commit: 28477 abort: 4291 (0/4291/0), network size: 0, avg network size: 0, si_in_serializable: 0 0 %, local: 0 %
I0312 08:06:46.414847 239324 Coordinator.h:126] commit: 28380 abort: 4388 (0/4388/0), network size: 0, avg network size: 0, si_in_serializable: 0 0 %, local: 0 %
I0312 08:06:47.414960 239324 Coordinator.h:126] commit: 28459 abort: 4309 (0/4309/0), network size: 0, avg network size: 0, si_in_serializable: 0 0 %, local: 0 %
I0312 08:06:48.415069 239324 Coordinator.h:126] commit: 27560 abort: 3996 (0/3996/0), network size: 0, avg network size: 0, si_in_serializable: 0 0 %, local: 0 %
I0312 08:06:49.415179 239324 Coordinator.h:126] commit: 25859 abort: 4025 (0/4025/0), network size: 0, avg network size: 0, si_in_serializable: 0 0 %, local: 0 %
I0312 08:06:50.415289 239324 Coordinator.h:126] commit: 28363 abort: 4405 (0/4405/0), network size: 0, avg network size: 0, si_in_serializable: 0 0 %, local: 0 %
I0312 08:06:51.415403 239324 Coordinator.h:126] commit: 28441 abort: 4327 (0/4327/0), network size: 0, avg network size: 0, si_in_serializable: 0 0 %, local: 0 %
I0312 08:06:52.415562 239324 Coordinator.h:126] commit: 28624 abort: 4144 (0/4144/0), network size: 0, avg network size: 0, si_in_serializable: 0 0 %, local: 0 %
I0312 08:06:53.415692 239324 Coordinator.h:126] commit: 28646 abort: 4122 (0/4122/0), network size: 0, avg network size: 0, si_in_serializable: 0 0 %, local: 0 %
I0312 08:06:54.415804 239324 Coordinator.h:126] commit: 28500 abort: 4268 (0/4268/0), network size: 0, avg network size: 0, si_in_serializable: 0 0 %, local: 0 %
I0312 08:06:55.415918 239324 Coordinator.h:126] commit: 28405 abort: 4363 (0/4363/0), network size: 0, avg network size: 0, si_in_serializable: 0 0 %, local: 0 %
I0312 08:06:56.416038 239324 Coordinator.h:126] commit: 28560 abort: 4208 (0/4208/0), network size: 0, avg network size: 0, si_in_serializable: 0 0 %, local: 0 %
I0312 08:06:57.416147 239324 Coordinator.h:126] commit: 25046 abort: 3626 (0/3626/0), network size: 0, avg network size: 0, si_in_serializable: 0 0 %, local: 0 %
I0312 08:06:57.416186 239324 Coordinator.h:152] average commit: 27760.8 abort: 4188 (0/4188/0), network size: 0, avg network size: 0, si_in_serializable: 0 0 %, local: 0 %
I0312 08:06:57.452071 239331 Manager.h:227] Manager(worker id = 1) on the coordinator node exits.
I0312 08:06:57.452071 239330 AriaExecutor.h:94] AriaExecutor 0 exits. 
I0312 08:06:57.416229 239324 AriaExecutor.h:535] Worker 0 latency: 92830 us (50%) 111077 us (75%) 213204 us (95%) 331170 us (99%).
I0312 08:06:57.467592 239324 Coordinator.h:177] total commit: 27760.8
I0312 08:06:58.467727 239324 Coordinator.h:192] Coordinator exits.
