I0312 08:23:23.523432 255667 Database.h:65] ycsb initialization finished in 981 milliseconds.
I0312 08:23:23.523645 255667 Coordinator.h:30] Coordinator initializes 1 workers.
I0312 08:23:23.561115 255667 Coordinator.h:77] Coordinator starts to run 2 workers.
I0312 08:23:23.561254 255721 AriaExecutor.h:82] AriaExecutor 0 started. 
I0312 08:23:23.561328 255722 Manager.h:224] Manager(worker id = 1) on the coordinator node started.
I0312 08:23:24.561385 255667 Coordinator.h:126] commit: 9 abort: 6135 (0/6135/0), network size: 0, avg network size: 0, si_in_serializable: 0 0 %, local: 0 %
I0312 08:23:25.561601 255667 Coordinator.h:126] commit: 12 abort: 7156 (0/7156/0), network size: 0, avg network size: 0, si_in_serializable: 0 0 %, local: 0 %
I0312 08:23:26.561748 255667 Coordinator.h:126] commit: 10 abort: 7158 (0/7158/0), network size: 0, avg network size: 0, si_in_serializable: 0 0 %, local: 0 %
I0312 08:23:27.561865 255667 Coordinator.h:126] commit: 9 abort: 7159 (0/7159/0), network size: 0, avg network size: 0, si_in_serializable: 0 0 %, local: 0 %
I0312 08:23:28.562060 255667 Coordinator.h:126] commit: 8 abort: 7160 (0/7160/0), network size: 0, avg network size: 0, si_in_serializable: 0 0 %, local: 0 %
I0312 08:23:29.562223 255667 Coordinator.h:126] commit: 9 abort: 6135 (0/6135/0), network size: 0, avg network size: 0, si_in_serializable: 0 0 %, local: 0 %
I0312 08:23:30.562422 255667 Coordinator.h:126] commit: 10 abort: 7158 (0/7158/0), network size: 0, avg network size: 0, si_in_serializable: 0 0 %, local: 0 %
I0312 08:23:31.562588 255667 Coordinator.h:126] commit: 7 abort: 7161 (0/7161/0), network size: 0, avg network size: 0, si_in_serializable: 0 0 %, local: 0 %
I0312 08:23:32.562793 255667 Coordinator.h:126] commit: 9 abort: 7159 (0/7159/0), network size: 0, avg network size: 0, si_in_serializable: 0 0 %, local: 0 %
I0312 08:23:33.562951 255667 Coordinator.h:126] commit: 7 abort: 7161 (0/7161/0), network size: 0, avg network size: 0, si_in_serializable: 0 0 %, local: 0 %
I0312 08:23:34.563060 255667 Coordinator.h:126] commit: 8 abort: 7160 (0/7160/0), network size: 0, avg network size: 0, si_in_serializable: 0 0 %, local: 0 %
I0312 08:23:35.563223 255667 Coordinator.h:126] commit: 6 abort: 6138 (0/6138/0), network size: 0, avg network size: 0, si_in_serializable: 0 0 %, local: 0 %
I0312 08:23:36.563354 255667 Coordinator.h:126] commit: 8 abort: 7160 (0/7160/0), network size: 0, avg network size: 0, si_in_serializable: 0 0 %, local: 0 %
I0312 08:23:37.563460 255667 Coordinator.h:126] commit: 11 abort: 7157 (0/7157/0), network size: 0, avg network size: 0, si_in_serializable: 0 0 %, local: 0 %
I0312 08:23:38.563566 255667 Coordinator.h:126] commit: 10 abort: 7158 (0/7158/0), network size: 0, avg network size: 0, si_in_serializable: 0 0 %, local: 0 %
I0312 08:23:39.563730 255667 Coordinator.h:126] commit: 11 abort: 7157 (0/7157/0), network size: 0, avg network size: 0, si_in_serializable: 0 0 %, local: 0 %
I0312 08:23:40.563858 255667 Coordinator.h:126] commit: 9 abort: 7159 (0/7159/0), network size: 0, avg network size: 0, si_in_serializable: 0 0 %, local: 0 %
I0312 08:23:41.563961 255667 Coordinator.h:126] commit: 9 abort: 7159 (0/7159/0), network size: 0, avg network size: 0, si_in_serializable: 0 0 %, local: 0 %
I0312 08:23:42.564066 255667 Coordinator.h:126] commit: 11 abort: 7157 (0/7157/0), network size: 0, avg network size: 0, si_in_serializable: 0 0 %, local: 0 %
I0312 08:23:43.564173 255667 Coordinator.h:126] commit: 10 abort: 7158 (0/7158/0), network size: 0, avg network size: 0, si_in_serializable: 0 0 %, local: 0 %
I0312 08:23:44.564319 255667 Coordinator.h:126] commit: 7 abort: 6137 (0/6137/0), network size: 0, avg network size: 0, si_in_serializable: 0 0 %, local: 0 %
I0312 08:23:45.564455 255667 Coordinator.h:126] commit: 9 abort: 8183 (0/8183/0), network size: 0, avg network size: 0, si_in_serializable: 0 0 %, local: 0 %
I0312 08:23:46.564567 255667 Coordinator.h:126] commit: 9 abort: 7159 (0/7159/0), network size: 0, avg network size: 0, si_in_serializable: 0 0 %, local: 0 %
I0312 08:23:47.564672 255667 Coordinator.h:126] commit: 7 abort: 7161 (0/7161/0), network size: 0, avg network size: 0, si_in_serializable: 0 0 %, local: 0 %
I0312 08:23:48.564775 255667 Coordinator.h:126] commit: 9 abort: 7159 (0/7159/0), network size: 0, avg network size: 0, si_in_serializable: 0 0 %, local: 0 %
I0312 08:23:48.564816 255667 Coordinator.h:152] average commit: 9.3 abort: 7056.3 (0/7056.3/0), network size: 0, avg network size: 0, si_in_serializable: 0 0 %, local: 0 %
I0312 08:23:48.564857 255667 AriaExecutor.h:535] Worker 0 latency: 12888129 us (50%) 18515381 us (75%) 23674198 us (95%) 24679705 us (99%).
I0312 08:23:48.678767 255721 AriaExecutor.h:94] AriaExecutor 0 exits. 
I0312 08:23:48.678768 255722 Manager.h:227] Manager(worker id = 1) on the coordinator node exits.
I0312 08:23:48.678957 255667 Coordinator.h:177] total commit: 9.3
I0312 08:23:49.679104 255667 Coordinator.h:192] Coordinator exits.
