I0312 08:41:00.813719 267584 Database.h:65] ycsb initialization finished in 498 milliseconds.
I0312 08:41:00.813941 267584 Coordinator.h:30] Coordinator initializes 2 workers.
I0312 08:41:00.850931 267584 Coordinator.h:77] Coordinator starts to run 3 workers.
I0312 08:41:00.851069 267616 AriaExecutor.h:82] AriaExecutor 0 started. 
I0312 08:41:00.851148 267617 AriaExecutor.h:82] AriaExecutor 1 started. 
I0312 08:41:00.851264 267618 Manager.h:224] Manager(worker id = 2) on the coordinator node started.
I0312 08:41:01.851310 267584 Coordinator.h:126] commit: 81547 abort: 373 (0/373/0), network size: 0, avg network size: 0, si_in_serializable: 0 0 %, local: 0 %
I0312 08:41:02.851533 267584 Coordinator.h:126] commit: 80488 abort: 408 (0/408/0), network size: 0, avg network size: 0, si_in_serializable: 0 0 %, local: 0 %
I0312 08:41:03.851665 267584 Coordinator.h:126] commit: 83570 abort: 398 (0/398/0), network size: 0, avg network size: 0, si_in_serializable: 0 0 %, local: 0 %
I0312 08:41:04.851778 267584 Coordinator.h:126] commit: 82557 abort: 387 (0/387/0), network size: 0, avg network size: 0, si_in_serializable: 0 0 %, local: 0 %
I0312 08:41:05.851953 267584 Coordinator.h:126] commit: 81504 abort: 416 (0/416/0), network size: 0, avg network size: 0, si_in_serializable: 0 0 %, local: 0 %
I0312 08:41:06.852083 267584 Coordinator.h:126] commit: 82525 abort: 419 (0/419/0), network size: 0, avg network size: 0, si_in_serializable: 0 0 %, local: 0 %
I0312 08:41:07.852267 267584 Coordinator.h:126] commit: 80520 abort: 384 (0/384/0), network size: 0, avg network size: 0, si_in_serializable: 0 0 %, local: 0 %
I0312 08:41:08.852399 267584 Coordinator.h:126] commit: 83563 abort: 397 (0/397/0), network size: 0, avg network size: 0, si_in_serializable: 0 0 %, local: 0 %
I0312 08:41:09.852582 267584 Coordinator.h:126] commit: 80479 abort: 417 (0/417/0), network size: 0, avg network size: 0, si_in_serializable: 0 0 %, local: 0 %
I0312 08:41:10.852731 267584 Coordinator.h:126] commit: 83582 abort: 386 (0/386/0), network size: 0, avg network size: 0, si_in_serializable: 0 0 %, local: 0 %
I0312 08:41:11.852846 267584 Coordinator.h:126] commit: 82524 abort: 420 (0/420/0), network size: 0, avg network size: 0, si_in_serializable: 0 0 %, local: 0 %
I0312 08:41:12.853029 267584 Coordinator.h:126] commit: 81485 abort: 435 (0/435/0), network size: 0, avg network size: 0, si_in_serializable: 0 0 %, local: 0 %
I0312 08:41:13.853158 267584 Coordinator.h:126] commit: 82527 abort: 417 (0/417/0), network size: 0, avg network size: 0, si_in_serializable: 0 0 %, local: 0 %
I0312 08:41:14.853281 267584 Coordinator.h:126] commit: 82546 abort: 398 (0/398/0), network size: 0, avg network size: 0, si_in_serializable: 0 0 %, local: 0 %
I0312 08:41:15.853417 267584 Coordinator.h:126] commit: 82519 abort: 425 (0/425/0), network size: 0, avg network size: 0, si_in_serializable: 0 0 %, local: 0 %
I0312 08:41:16.853622 267584 Coordinator.h:126] commit: 81514 abort: 406 (0/406/0), network size: 0, avg network size: 0, si_in_serializable: 0 0 %, local: 0 %
I0312 08:41:17.853762 267584 Coordinator.h:126] commit: 82539 abort: 405 (0/405/0), network size: 0, avg network size: 0, si_in_serializable: 0 0 %, local: 0 %
I0312 08:41:18.853884 267584 Coordinator.h:126] commit: 82514 abort: 430 (0/430/0), network size: 0, avg network size: 0, si_in_serializable: 0 0 %, local: 0 %
I0312 08:41:19.853994 267584 Coordinator.h:126] commit: 83539 abort: 429 (0/429/0), network size: 0, avg network size: 0, si_in_serializable: 0 0 %, local: 0 %
I0312 08:41:20.854111 267584 Coordinator.h:126] commit: 82533 abort: 411 (0/411/0), network size: 0, avg network size: 0, si_in_serializable: 0 0 %, local: 0 %
I0312 08:41:21.854287 267584 Coordinator.h:126] commit: 80521 abort: 375 (0/375/0), network size: 0, avg network size: 0, si_in_serializable: 0 0 %, local: 0 %
I0312 08:41:22.854416 267584 Coordinator.h:126] commit: 83558 abort: 410 (0/410/0), network size: 0, avg network size: 0, si_in_serializable: 0 0 %, local: 0 %
I0312 08:41:23.854532 267584 Coordinator.h:126] commit: 82558 abort: 386 (0/386/0), network size: 0, avg network size: 0, si_in_serializable: 0 0 %, local: 0 %
I0312 08:41:24.854652 267584 Coordinator.h:126] commit: 82555 abort: 389 (0/389/0), network size: 0, avg network size: 0, si_in_serializable: 0 0 %, local: 0 %
I0312 08:41:25.854775 267584 Coordinator.h:126] commit: 83571 abort: 397 (0/397/0), network size: 0, avg network size: 0, si_in_serializable: 0 0 %, local: 0 %
I0312 08:41:25.854825 267584 Coordinator.h:152] average commit: 82424 abort: 417.6 (0/417.6/0), network size: 0, avg network size: 0, si_in_serializable: 0 0 %, local: 0 %
I0312 08:41:25.865509 267617 AriaExecutor.h:94] AriaExecutor 1 exits. 
I0312 08:41:25.865509 267616 AriaExecutor.h:94] AriaExecutor 0 exits. 
I0312 08:41:25.865510 267618 Manager.h:227] Manager(worker id = 2) on the coordinator node exits.
I0312 08:41:25.854868 267584 AriaExecutor.h:535] Worker 0 latency: 7399 us (50%) 9763 us (75%) 11642 us (95%) 12733 us (99%).
I0312 08:41:25.920428 267584 AriaExecutor.h:535] Worker 1 latency: 7406 us (50%) 9761 us (75%) 11634 us (95%) 12210 us (99%).
I0312 08:41:25.970563 267584 Coordinator.h:177] total commit: 82424
I0312 08:41:26.970784 267584 Coordinator.h:192] Coordinator exits.
