I0312 08:06:04.988159 239298 Database.h:65] ycsb initialization finished in 977 milliseconds.
I0312 08:06:04.988409 239298 Coordinator.h:30] Coordinator initializes 1 workers.
I0312 08:06:05.050216 239298 Coordinator.h:77] Coordinator starts to run 2 workers.
I0312 08:06:05.050359 239303 AriaExecutor.h:82] AriaExecutor 0 started. 
I0312 08:06:05.050386 239304 Manager.h:224] Manager(worker id = 1) on the coordinator node started.
I0312 08:06:06.050470 239298 Coordinator.h:126] commit: 30772 abort: 1996 (0/1996/0), network size: 0, avg network size: 0, si_in_serializable: 0 0 %, local: 0 %
I0312 08:06:07.050683 239298 Coordinator.h:126] commit: 28753 abort: 1967 (0/1967/0), network size: 0, avg network size: 0, si_in_serializable: 0 0 %, local: 0 %
I0312 08:06:08.050815 239298 Coordinator.h:126] commit: 32771 abort: 2045 (0/2045/0), network size: 0, avg network size: 0, si_in_serializable: 0 0 %, local: 0 %
I0312 08:06:09.050927 239298 Coordinator.h:126] commit: 30697 abort: 2071 (0/2071/0), network size: 0, avg network size: 0, si_in_serializable: 0 0 %, local: 0 %
I0312 08:06:10.051100 239298 Coordinator.h:126] commit: 28953 abort: 1767 (0/1767/0), network size: 0, avg network size: 0, si_in_serializable: 0 0 %, local: 0 %
I0312 08:06:11.051234 239298 Coordinator.h:126] commit: 30821 abort: 1947 (0/1947/0), network size: 0, avg network size: 0, si_in_serializable: 0 0 %, local: 0 %
I0312 08:06:12.051407 239298 Coordinator.h:126] commit: 30803 abort: 1965 (0/1965/0), network size: 0, avg network size: 0, si_in_serializable: 0 0 %, local: 0 %
I0312 08:06:13.051546 239298 Coordinator.h:126] commit: 30747 abort: 2021 (0/2021/0), network size: 0, avg network size: 0, si_in_serializable: 0 0 %, local: 0 %
I0312 08:06:14.051713 239298 Coordinator.h:126] commit: 28878 abort: 1842 (0/1842/0), network size: 0, avg network size: 0, si_in_serializable: 0 0 %, local: 0 %
I0312 08:06:15.051848 239298 Coordinator.h:126] commit: 30843 abort: 2052 (0/2052/0), network size: 0, avg network size: 0, si_in_serializable: 0 0 %, local: 0 %
I0312 08:06:16.051960 239298 Coordinator.h:126] commit: 32559 abort: 2130 (0/2130/0), network size: 0, avg network size: 0, si_in_serializable: 0 0 %, local: 0 %
I0312 08:06:17.052129 239298 Coordinator.h:126] commit: 28939 abort: 1781 (0/1781/0), network size: 0, avg network size: 0, si_in_serializable: 0 0 %, local: 0 %
I0312 08:06:18.052263 239298 Coordinator.h:126] commit: 30789 abort: 1979 (0/1979/0), network size: 0, avg network size: 0, si_in_serializable: 0 0 %, local: 0 %
I0312 08:06:19.052378 239298 Coordinator.h:126] commit: 30766 abort: 2002 (0/2002/0), network size: 0, avg network size: 0, si_in_serializable: 0 0 %, local: 0 %
I0312 08:06:20.052490 239298 Coordinator.h:126] commit: 30761 abort: 2007 (0/2007/0), network size: 0, avg network size: 0, si_in_serializable: 0 0 %, local: 0 %
I0312 08:06:21.052661 239298 Coordinator.h:126] commit: 28894 abort: 1826 (0/1826/0), network size: 0, avg network size: 0, si_in_serializable: 0 0 %, local: 0 %
I0312 08:06:22.052790 239298 Coordinator.h:126] commit: 30807 abort: 1961 (0/1961/0), network size: 0, avg network size: 0, si_in_serializable: 0 0 %, local: 0 %
I0312 08:06:23.052906 239298 Coordinator.h:126] commit: 30731 abort: 2037 (0/2037/0), network size: 0, avg network size: 0, si_in_serializable: 0 0 %, local: 0 %
I0312 08:06:24.053015 239298 Coordinator.h:126] commit: 30794 abort: 1974 (0/1974/0), network size: 0, avg network size: 0, si_in_serializable: 0 0 %, local: 0 %
I0312 08:06:25.053128 239298 Coordinator.h:126] commit: 32556 abort: 2260 (0/2260/0), network size: 0, avg network size: 0, si_in_serializable: 0 0 %, local: 0 %
I0312 08:06:26.053295 239298 Coordinator.h:126] commit: 28858 abort: 1862 (0/1862/0), network size: 0, avg network size: 0, si_in_serializable: 0 0 %, local: 0 %
I0312 08:06:27.053424 239298 Coordinator.h:126] commit: 30753 abort: 2015 (0/2015/0), network size: 0, avg network size: 0, si_in_serializable: 0 0 %, local: 0 %
I0312 08:06:28.053539 239298 Coordinator.h:126] commit: 30748 abort: 2020 (0/2020/0), network size: 0, avg network size: 0, si_in_serializable: 0 0 %, local: 0 %
I0312 08:06:29.053651 239298 Coordinator.h:126] commit: 30721 abort: 2047 (0/2047/0), network size: 0, avg network size: 0, si_in_serializable: 0 0 %, local: 0 %
I0312 08:06:30.053763 239298 Coordinator.h:126] commit: 30792 abort: 1976 (0/1976/0), network size: 0, avg network size: 0, si_in_serializable: 0 0 %, local: 0 %
I0312 08:06:30.053805 239298 Coordinator.h:152] average commit: 30759.6 abort: 1995.7 (0/1995.7/0), network size: 0, avg network size: 0, si_in_serializable: 0 0 %, local: 0 %
I0312 08:06:30.053849 239298 AriaExecutor.h:535] Worker 0 latency: 43739 us (50%) 53006 us (75%) 89396 us (95%) 111207 us (99%).
I0312 08:06:30.115631 239303 AriaExecutor.h:94] AriaExecutor 0 exits. 
I0312 08:06:30.115631 239304 Manager.h:227] Manager(worker id = 1) on the coordinator node exits.
I0312 08:06:30.115760 239298 Coordinator.h:177] total commit: 30759.6
I0312 08:06:31.115896 239298 Coordinator.h:192] Coordinator exits.
