I0312 08:41:27.647919 268566 Database.h:65] ycsb initialization finished in 496 milliseconds.
I0312 08:41:27.648132 268566 Coordinator.h:30] Coordinator initializes 2 workers.
I0312 08:41:27.708169 268566 Coordinator.h:77] Coordinator starts to run 3 workers.
I0312 08:41:27.708315 268594 AriaExecutor.h:82] AriaExecutor 0 started. 
I0312 08:41:27.708400 268595 AriaExecutor.h:82] AriaExecutor 1 started. 
I0312 08:41:27.708464 268596 Manager.h:224] Manager(worker id = 2) on the coordinator node started.
I0312 08:41:28.708504 268566 Coordinator.h:126] commit: 79057 abort: 815 (0/815/0), network size: 0, avg network size: 0, si_in_serializable: 0 0 %, local: 0 %
I0312 08:41:29.708709 268566 Coordinator.h:126] commit: 79021 abort: 851 (0/851/0), network size: 0, avg network size: 0, si_in_serializable: 0 0 %, local: 0 %
I0312 08:41:30.708845 268566 Coordinator.h:126] commit: 81022 abort: 898 (0/898/0), network size: 0, avg network size: 0, si_in_serializable: 0 0 %, local: 0 %
I0312 08:41:31.708957 268566 Coordinator.h:126] commit: 83085 abort: 883 (0/883/0), network size: 0, avg network size: 0, si_in_serializable: 0 0 %, local: 0 %
I0312 08:41:32.709128 268566 Coordinator.h:126] commit: 79002 abort: 870 (0/870/0), network size: 0, avg network size: 0, si_in_serializable: 0 0 %, local: 0 %
I0312 08:41:33.709262 268566 Coordinator.h:126] commit: 81010 abort: 910 (0/910/0), network size: 0, avg network size: 0, si_in_serializable: 0 0 %, local: 0 %
I0312 08:41:34.709434 268566 Coordinator.h:126] commit: 79048 abort: 824 (0/824/0), network size: 0, avg network size: 0, si_in_serializable: 0 0 %, local: 0 %
I0312 08:41:35.709578 268566 Coordinator.h:126] commit: 81094 abort: 826 (0/826/0), network size: 0, avg network size: 0, si_in_serializable: 0 0 %, local: 0 %
I0312 08:41:36.709753 268566 Coordinator.h:126] commit: 78992 abort: 880 (0/880/0), network size: 0, avg network size: 0, si_in_serializable: 0 0 %, local: 0 %
I0312 08:41:37.709893 268566 Coordinator.h:126] commit: 81062 abort: 858 (0/858/0), network size: 0, avg network size: 0, si_in_serializable: 0 0 %, local: 0 %
I0312 08:41:38.710012 268566 Coordinator.h:126] commit: 81056 abort: 864 (0/864/0), network size: 0, avg network size: 0, si_in_serializable: 0 0 %, local: 0 %
I0312 08:41:39.710175 268566 Coordinator.h:126] commit: 79057 abort: 815 (0/815/0), network size: 0, avg network size: 0, si_in_serializable: 0 0 %, local: 0 %
I0312 08:41:40.710312 268566 Coordinator.h:126] commit: 81021 abort: 899 (0/899/0), network size: 0, avg network size: 0, si_in_serializable: 0 0 %, local: 0 %
I0312 08:41:41.710433 268566 Coordinator.h:126] commit: 80987 abort: 933 (0/933/0), network size: 0, avg network size: 0, si_in_serializable: 0 0 %, local: 0 %
I0312 08:41:42.710568 268566 Coordinator.h:126] commit: 81074 abort: 846 (0/846/0), network size: 0, avg network size: 0, si_in_serializable: 0 0 %, local: 0 %
I0312 08:41:43.710764 268566 Coordinator.h:126] commit: 79031 abort: 841 (0/841/0), network size: 0, avg network size: 0, si_in_serializable: 0 0 %, local: 0 %
I0312 08:41:44.710929 268566 Coordinator.h:126] commit: 81077 abort: 843 (0/843/0), network size: 0, avg network size: 0, si_in_serializable: 0 0 %, local: 0 %
I0312 08:41:45.711072 268566 Coordinator.h:126] commit: 81050 abort: 870 (0/870/0), network size: 0, avg network size: 0, si_in_serializable: 0 0 %, local: 0 %
I0312 08:41:46.711215 268566 Coordinator.h:126] commit: 81031 abort: 889 (0/889/0), network size: 0, avg network size: 0, si_in_serializable: 0 0 %, local: 0 %
I0312 08:41:47.711357 268566 Coordinator.h:126] commit: 81074 abort: 846 (0/846/0), network size: 0, avg network size: 0, si_in_serializable: 0 0 %, local: 0 %
I0312 08:41:48.711549 268566 Coordinator.h:126] commit: 79105 abort: 767 (0/767/0), network size: 0, avg network size: 0, si_in_serializable: 0 0 %, local: 0 %
I0312 08:41:49.711690 268566 Coordinator.h:126] commit: 81031 abort: 889 (0/889/0), network size: 0, avg network size: 0, si_in_serializable: 0 0 %, local: 0 %
I0312 08:41:50.711810 268566 Coordinator.h:126] commit: 81050 abort: 870 (0/870/0), network size: 0, avg network size: 0, si_in_serializable: 0 0 %, local: 0 %
I0312 08:41:51.711928 268566 Coordinator.h:126] commit: 77057 abort: 809 (0/809/0), network size: 0, avg network size: 0, si_in_serializable: 0 0 %, local: 0 %
I0312 08:41:52.712040 268566 Coordinator.h:126] commit: 81003 abort: 875 (0/875/0), network size: 0, avg network size: 0, si_in_serializable: 0 0 %, local: 0 %
I0312 08:41:52.712085 268566 Coordinator.h:152] average commit: 80645.8 abort: 864.6 (0/864.6/0), network size: 0, avg network size: 0, si_in_serializable: 0 0 %, local: 0 %
I0312 08:41:52.719565 268595 AriaExecutor.h:94] AriaExecutor 1 exits. 
I0312 08:41:52.719565 268594 AriaExecutor.h:94] AriaExecutor 0 exits. 
I0312 08:41:52.719565 268596 Manager.h:227] Manager(worker id = 2) on the coordinator node exits.
I0312 08:41:52.712126 268566 AriaExecutor.h:535] Worker 0 latency: 15176 us (50%) 19955 us (75%) 23754 us (95%) 34331 us (99%).
I0312 08:41:52.778021 268566 AriaExecutor.h:535] Worker 1 latency: 15198 us (50%) 19958 us (75%) 23737 us (95%) 33052 us (99%).
I0312 08:41:52.828220 268566 Coordinator.h:177] total commit: 80645.8
I0312 08:41:53.828449 268566 Coordinator.h:192] Coordinator exits.
