I0312 08:49:32.236812 283574 Database.h:65] ycsb initialization finished in 499 milliseconds.
I0312 08:49:32.237023 283574 Coordinator.h:30] Coordinator initializes 2 workers.
I0312 08:49:32.298528 283574 Coordinator.h:77] Coordinator starts to run 3 workers.
I0312 08:49:32.298691 283596 AriaExecutor.h:82] AriaExecutor 0 started. 
I0312 08:49:32.298768 283597 AriaExecutor.h:82] AriaExecutor 1 started. 
I0312 08:49:32.298856 283598 Manager.h:224] Manager(worker id = 2) on the coordinator node started.
I0312 08:49:33.298887 283574 Coordinator.h:126] commit: 14312 abort: 118808 (0/118808/0), network size: 0, avg network size: 0, si_in_serializable: 0 0 %, local: 0 %
I0312 08:49:34.299126 283574 Coordinator.h:126] commit: 8574 abort: 130690 (0/130690/0), network size: 0, avg network size: 0, si_in_serializable: 0 0 %, local: 0 %
I0312 08:49:35.299294 283574 Coordinator.h:126] commit: 8844 abort: 146804 (0/146804/0), network size: 0, avg network size: 0, si_in_serializable: 0 0 %, local: 0 %
I0312 08:49:36.299428 283574 Coordinator.h:126] commit: 10662 abort: 140890 (0/140890/0), network size: 0, avg network size: 0, si_in_serializable: 0 0 %, local: 0 %
I0312 08:49:37.299618 283574 Coordinator.h:126] commit: 8915 abort: 140589 (0/140589/0), network size: 0, avg network size: 0, si_in_serializable: 0 0 %, local: 0 %
I0312 08:49:38.299782 283574 Coordinator.h:126] commit: 9136 abort: 140368 (0/140368/0), network size: 0, avg network size: 0, si_in_serializable: 0 0 %, local: 0 %
I0312 08:49:39.299904 283574 Coordinator.h:126] commit: 9120 abort: 144480 (0/144480/0), network size: 0, avg network size: 0, si_in_serializable: 0 0 %, local: 0 %
I0312 08:49:40.300033 283574 Coordinator.h:126] commit: 9115 abort: 142437 (0/142437/0), network size: 0, avg network size: 0, si_in_serializable: 0 0 %, local: 0 %
I0312 08:49:41.300164 283574 Coordinator.h:126] commit: 9706 abort: 141846 (0/141846/0), network size: 0, avg network size: 0, si_in_serializable: 0 0 %, local: 0 %
I0312 08:49:42.300284 283574 Coordinator.h:126] commit: 9673 abort: 141879 (0/141879/0), network size: 0, avg network size: 0, si_in_serializable: 0 0 %, local: 0 %
I0312 08:49:43.300606 283574 Coordinator.h:126] commit: 9199 abort: 136209 (0/136209/0), network size: 0, avg network size: 0, si_in_serializable: 0 0 %, local: 0 %
I0312 08:49:44.300815 283574 Coordinator.h:126] commit: 9215 abort: 142337 (0/142337/0), network size: 0, avg network size: 0, si_in_serializable: 0 0 %, local: 0 %
I0312 08:49:45.300964 283574 Coordinator.h:126] commit: 9356 abort: 140148 (0/140148/0), network size: 0, avg network size: 0, si_in_serializable: 0 0 %, local: 0 %
I0312 08:49:46.301112 283574 Coordinator.h:126] commit: 10038 abort: 137418 (0/137418/0), network size: 0, avg network size: 0, si_in_serializable: 0 0 %, local: 0 %
I0312 08:49:47.301261 283574 Coordinator.h:126] commit: 9009 abort: 142543 (0/142543/0), network size: 0, avg network size: 0, si_in_serializable: 0 0 %, local: 0 %
I0312 08:49:48.301411 283574 Coordinator.h:126] commit: 9111 abort: 140393 (0/140393/0), network size: 0, avg network size: 0, si_in_serializable: 0 0 %, local: 0 %
I0312 08:49:49.301559 283574 Coordinator.h:126] commit: 9454 abort: 140050 (0/140050/0), network size: 0, avg network size: 0, si_in_serializable: 0 0 %, local: 0 %
I0312 08:49:50.301712 283574 Coordinator.h:126] commit: 9000 abort: 138456 (0/138456/0), network size: 0, avg network size: 0, si_in_serializable: 0 0 %, local: 0 %
I0312 08:49:51.301860 283574 Coordinator.h:126] commit: 9516 abort: 139988 (0/139988/0), network size: 0, avg network size: 0, si_in_serializable: 0 0 %, local: 0 %
I0312 08:49:52.302083 283574 Coordinator.h:126] commit: 7264 abort: 138144 (0/138144/0), network size: 0, avg network size: 0, si_in_serializable: 0 0 %, local: 0 %
I0312 08:49:53.302250 283574 Coordinator.h:126] commit: 11541 abort: 133867 (0/133867/0), network size: 0, avg network size: 0, si_in_serializable: 0 0 %, local: 0 %
I0312 08:49:54.302397 283574 Coordinator.h:126] commit: 7684 abort: 143868 (0/143868/0), network size: 0, avg network size: 0, si_in_serializable: 0 0 %, local: 0 %
I0312 08:49:55.302542 283574 Coordinator.h:126] commit: 10235 abort: 137221 (0/137221/0), network size: 0, avg network size: 0, si_in_serializable: 0 0 %, local: 0 %
I0312 08:49:56.302690 283574 Coordinator.h:126] commit: 10178 abort: 137278 (0/137278/0), network size: 0, avg network size: 0, si_in_serializable: 0 0 %, local: 0 %
I0312 08:49:57.302837 283574 Coordinator.h:126] commit: 9619 abort: 137837 (0/137837/0), network size: 0, avg network size: 0, si_in_serializable: 0 0 %, local: 0 %
I0312 08:49:57.302902 283574 Coordinator.h:152] average commit: 9116.2 abort: 139569 (0/139569/0), network size: 0, avg network size: 0, si_in_serializable: 0 0 %, local: 0 %
I0312 08:49:57.313194 283597 AriaExecutor.h:94] AriaExecutor 1 exits. 
I0312 08:49:57.313205 283596 AriaExecutor.h:94] AriaExecutor 0 exits. 
I0312 08:49:57.313213 283598 Manager.h:227] Manager(worker id = 2) on the coordinator node exits.
I0312 08:49:57.302953 283574 AriaExecutor.h:535] Worker 0 latency: 11455 us (50%) 329591 us (75%) 1027089 us (95%) 1396634 us (99%).
I0312 08:49:57.320539 283574 AriaExecutor.h:535] Worker 1 latency: 11413 us (50%) 285790 us (75%) 937147 us (95%) 1263105 us (99%).
I0312 08:49:57.330767 283574 Coordinator.h:177] total commit: 9116.2
I0312 08:49:58.331069 283574 Coordinator.h:192] Coordinator exits.
