I0312 08:36:31.322592 265971 Database.h:65] ycsb initialization finished in 498 milliseconds.
I0312 08:36:31.322825 265971 Coordinator.h:30] Coordinator initializes 2 workers.
I0312 08:36:31.433797 265971 Coordinator.h:77] Coordinator starts to run 3 workers.
I0312 08:36:31.433947 265978 AriaExecutor.h:82] AriaExecutor 0 started. 
I0312 08:36:31.434026 265979 AriaExecutor.h:82] AriaExecutor 1 started. 
I0312 08:36:31.434084 265980 Manager.h:224] Manager(worker id = 2) on the coordinator node started.
I0312 08:36:32.434128 265971 Coordinator.h:126] commit: 120208 abort: 2672 (0/2672/0), network size: 0, avg network size: 0, si_in_serializable: 0 0 %, local: 0 %
I0312 08:36:33.434342 265971 Coordinator.h:126] commit: 120158 abort: 2722 (0/2722/0), network size: 0, avg network size: 0, si_in_serializable: 0 0 %, local: 0 %
I0312 08:36:34.434486 265971 Coordinator.h:126] commit: 124287 abort: 2689 (0/2689/0), network size: 0, avg network size: 0, si_in_serializable: 0 0 %, local: 0 %
I0312 08:36:35.434610 265971 Coordinator.h:126] commit: 120268 abort: 2612 (0/2612/0), network size: 0, avg network size: 0, si_in_serializable: 0 0 %, local: 0 %
I0312 08:36:36.434789 265971 Coordinator.h:126] commit: 120153 abort: 2727 (0/2727/0), network size: 0, avg network size: 0, si_in_serializable: 0 0 %, local: 0 %
I0312 08:36:37.434929 265971 Coordinator.h:126] commit: 124245 abort: 2731 (0/2731/0), network size: 0, avg network size: 0, si_in_serializable: 0 0 %, local: 0 %
I0312 08:36:38.435107 265971 Coordinator.h:126] commit: 116226 abort: 2558 (0/2558/0), network size: 0, avg network size: 0, si_in_serializable: 0 0 %, local: 0 %
I0312 08:36:39.435248 265971 Coordinator.h:126] commit: 124279 abort: 2697 (0/2697/0), network size: 0, avg network size: 0, si_in_serializable: 0 0 %, local: 0 %
I0312 08:36:40.435425 265971 Coordinator.h:126] commit: 116239 abort: 2545 (0/2545/0), network size: 0, avg network size: 0, si_in_serializable: 0 0 %, local: 0 %
I0312 08:36:41.435570 265971 Coordinator.h:126] commit: 120264 abort: 2616 (0/2616/0), network size: 0, avg network size: 0, si_in_serializable: 0 0 %, local: 0 %
I0312 08:36:42.435694 265971 Coordinator.h:126] commit: 120189 abort: 2691 (0/2691/0), network size: 0, avg network size: 0, si_in_serializable: 0 0 %, local: 0 %
I0312 08:36:43.435814 265971 Coordinator.h:126] commit: 124236 abort: 2740 (0/2740/0), network size: 0, avg network size: 0, si_in_serializable: 0 0 %, local: 0 %
I0312 08:36:44.435932 265971 Coordinator.h:126] commit: 120236 abort: 2644 (0/2644/0), network size: 0, avg network size: 0, si_in_serializable: 0 0 %, local: 0 %
I0312 08:36:45.436046 265971 Coordinator.h:126] commit: 120198 abort: 2682 (0/2682/0), network size: 0, avg network size: 0, si_in_serializable: 0 0 %, local: 0 %
I0312 08:36:46.436223 265971 Coordinator.h:126] commit: 120236 abort: 2644 (0/2644/0), network size: 0, avg network size: 0, si_in_serializable: 0 0 %, local: 0 %
I0312 08:36:47.436394 265971 Coordinator.h:126] commit: 121494 abort: 2585 (0/2585/0), network size: 0, avg network size: 0, si_in_serializable: 0 0 %, local: 0 %
I0312 08:36:48.436509 265971 Coordinator.h:126] commit: 123072 abort: 2705 (0/2705/0), network size: 0, avg network size: 0, si_in_serializable: 0 0 %, local: 0 %
I0312 08:36:49.436625 265971 Coordinator.h:126] commit: 116245 abort: 2539 (0/2539/0), network size: 0, avg network size: 0, si_in_serializable: 0 0 %, local: 0 %
I0312 08:36:50.436746 265971 Coordinator.h:126] commit: 120169 abort: 2711 (0/2711/0), network size: 0, avg network size: 0, si_in_serializable: 0 0 %, local: 0 %
I0312 08:36:51.436859 265971 Coordinator.h:126] commit: 120247 abort: 2633 (0/2633/0), network size: 0, avg network size: 0, si_in_serializable: 0 0 %, local: 0 %
I0312 08:36:52.436970 265971 Coordinator.h:126] commit: 120201 abort: 2679 (0/2679/0), network size: 0, avg network size: 0, si_in_serializable: 0 0 %, local: 0 %
I0312 08:36:53.437085 265971 Coordinator.h:126] commit: 120246 abort: 2634 (0/2634/0), network size: 0, avg network size: 0, si_in_serializable: 0 0 %, local: 0 %
I0312 08:36:54.437258 265971 Coordinator.h:126] commit: 116189 abort: 2595 (0/2595/0), network size: 0, avg network size: 0, si_in_serializable: 0 0 %, local: 0 %
I0312 08:36:55.437390 265971 Coordinator.h:126] commit: 120247 abort: 2633 (0/2633/0), network size: 0, avg network size: 0, si_in_serializable: 0 0 %, local: 0 %
I0312 08:36:56.437506 265971 Coordinator.h:126] commit: 120193 abort: 2687 (0/2687/0), network size: 0, avg network size: 0, si_in_serializable: 0 0 %, local: 0 %
I0312 08:36:56.437544 265971 Coordinator.h:152] average commit: 120632 abort: 2657.4 (0/2657.4/0), network size: 0, avg network size: 0, si_in_serializable: 0 0 %, local: 0 %
I0312 08:36:56.443313 265979 AriaExecutor.h:94] AriaExecutor 1 exits. 
I0312 08:36:56.443315 265980 Manager.h:227] Manager(worker id = 2) on the coordinator node exits.
I0312 08:36:56.443313 265978 AriaExecutor.h:94] AriaExecutor 0 exits. 
I0312 08:36:56.437590 265971 AriaExecutor.h:535] Worker 0 latency: 22015 us (50%) 27062 us (75%) 31120 us (95%) 52090 us (99%).
I0312 08:36:56.520314 265971 AriaExecutor.h:535] Worker 1 latency: 22039 us (50%) 27049 us (75%) 31072 us (95%) 51086 us (99%).
I0312 08:36:56.591974 265971 Coordinator.h:177] total commit: 120632
I0312 08:36:57.592206 265971 Coordinator.h:192] Coordinator exits.
