I0312 08:17:01.426240 242551 Database.h:65] ycsb initialization finished in 978 milliseconds.
I0312 08:17:01.426476 242551 Coordinator.h:30] Coordinator initializes 1 workers.
I0312 08:17:01.489969 242551 Coordinator.h:77] Coordinator starts to run 2 workers.
I0312 08:17:01.490115 242571 AriaExecutor.h:82] AriaExecutor 0 started. 
I0312 08:17:01.490186 242572 Manager.h:224] Manager(worker id = 1) on the coordinator node started.
I0312 08:17:02.490226 242551 Coordinator.h:126] commit: 12395 abort: 46997 (0/46997/0), network size: 0, avg network size: 0, si_in_serializable: 0 0 %, local: 0 %
I0312 08:17:03.490437 242551 Coordinator.h:126] commit: 3307 abort: 72469 (0/72469/0), network size: 0, avg network size: 0, si_in_serializable: 0 0 %, local: 0 %
I0312 08:17:04.490574 242551 Coordinator.h:126] commit: 4374 abort: 73450 (0/73450/0), network size: 0, avg network size: 0, si_in_serializable: 0 0 %, local: 0 %
I0312 08:17:05.490693 242551 Coordinator.h:126] commit: 2931 abort: 76941 (0/76941/0), network size: 0, avg network size: 0, si_in_serializable: 0 0 %, local: 0 %
I0312 08:17:06.490881 242551 Coordinator.h:126] commit: 2458 abort: 69222 (0/69222/0), network size: 0, avg network size: 0, si_in_serializable: 0 0 %, local: 0 %
I0312 08:17:07.491041 242551 Coordinator.h:126] commit: 2800 abort: 77072 (0/77072/0), network size: 0, avg network size: 0, si_in_serializable: 0 0 %, local: 0 %
I0312 08:17:08.491228 242551 Coordinator.h:126] commit: 4508 abort: 71268 (0/71268/0), network size: 0, avg network size: 0, si_in_serializable: 0 0 %, local: 0 %
I0312 08:17:09.491356 242551 Coordinator.h:126] commit: 2554 abort: 77318 (0/77318/0), network size: 0, avg network size: 0, si_in_serializable: 0 0 %, local: 0 %
I0312 08:17:10.491511 242551 Coordinator.h:126] commit: 2960 abort: 74864 (0/74864/0), network size: 0, avg network size: 0, si_in_serializable: 0 0 %, local: 0 %
I0312 08:17:11.491640 242551 Coordinator.h:126] commit: 3861 abort: 71915 (0/71915/0), network size: 0, avg network size: 0, si_in_serializable: 0 0 %, local: 0 %
I0312 08:17:12.491745 242551 Coordinator.h:126] commit: 4046 abort: 73778 (0/73778/0), network size: 0, avg network size: 0, si_in_serializable: 0 0 %, local: 0 %
I0312 08:17:13.491899 242551 Coordinator.h:126] commit: 3720 abort: 72056 (0/72056/0), network size: 0, avg network size: 0, si_in_serializable: 0 0 %, local: 0 %
I0312 08:17:14.492033 242551 Coordinator.h:126] commit: 2699 abort: 75125 (0/75125/0), network size: 0, avg network size: 0, si_in_serializable: 0 0 %, local: 0 %
I0312 08:17:15.492139 242551 Coordinator.h:126] commit: 4437 abort: 71339 (0/71339/0), network size: 0, avg network size: 0, si_in_serializable: 0 0 %, local: 0 %
I0312 08:17:16.492274 242551 Coordinator.h:126] commit: 3275 abort: 76597 (0/76597/0), network size: 0, avg network size: 0, si_in_serializable: 0 0 %, local: 0 %
I0312 08:17:17.492379 242551 Coordinator.h:126] commit: 4582 abort: 73242 (0/73242/0), network size: 0, avg network size: 0, si_in_serializable: 0 0 %, local: 0 %
I0312 08:17:18.492535 242551 Coordinator.h:126] commit: 1940 abort: 75884 (0/75884/0), network size: 0, avg network size: 0, si_in_serializable: 0 0 %, local: 0 %
I0312 08:17:19.492661 242551 Coordinator.h:126] commit: 3053 abort: 74771 (0/74771/0), network size: 0, avg network size: 0, si_in_serializable: 0 0 %, local: 0 %
I0312 08:17:20.492771 242551 Coordinator.h:126] commit: 4287 abort: 73537 (0/73537/0), network size: 0, avg network size: 0, si_in_serializable: 0 0 %, local: 0 %
I0312 08:17:21.492877 242551 Coordinator.h:126] commit: 2848 abort: 77024 (0/77024/0), network size: 0, avg network size: 0, si_in_serializable: 0 0 %, local: 0 %
I0312 08:17:22.492988 242551 Coordinator.h:126] commit: 4624 abort: 71152 (0/71152/0), network size: 0, avg network size: 0, si_in_serializable: 0 0 %, local: 0 %
I0312 08:17:23.493141 242551 Coordinator.h:126] commit: 2115 abort: 75709 (0/75709/0), network size: 0, avg network size: 0, si_in_serializable: 0 0 %, local: 0 %
I0312 08:17:24.493278 242551 Coordinator.h:126] commit: 3983 abort: 73841 (0/73841/0), network size: 0, avg network size: 0, si_in_serializable: 0 0 %, local: 0 %
I0312 08:17:25.493389 242551 Coordinator.h:126] commit: 4188 abort: 73636 (0/73636/0), network size: 0, avg network size: 0, si_in_serializable: 0 0 %, local: 0 %
I0312 08:17:26.493497 242551 Coordinator.h:126] commit: 2686 abort: 77186 (0/77186/0), network size: 0, avg network size: 0, si_in_serializable: 0 0 %, local: 0 %
I0312 08:17:26.493535 242551 Coordinator.h:152] average commit: 3488.7 abort: 74335.3 (0/74335.3/0), network size: 0, avg network size: 0, si_in_serializable: 0 0 %, local: 0 %
I0312 08:17:26.498756 242571 AriaExecutor.h:94] AriaExecutor 0 exits. 
I0312 08:17:26.498757 242572 Manager.h:227] Manager(worker id = 1) on the coordinator node exits.
I0312 08:17:26.493580 242551 AriaExecutor.h:535] Worker 0 latency: 22356 us (50%) 764075 us (75%) 2490633 us (95%) 3246830 us (99%).
I0312 08:17:26.506981 242551 Coordinator.h:177] total commit: 3488.7
I0312 08:17:27.507121 242551 Coordinator.h:192] Coordinator exits.
