I0312 08:01:04.125507 238617 Database.h:65] ycsb initialization finished in 974 milliseconds.
I0312 08:01:04.125741 238617 Coordinator.h:30] Coordinator initializes 1 workers.
I0312 08:01:04.235816 238617 Coordinator.h:77] Coordinator starts to run 2 workers.
I0312 08:01:04.235973 238624 AriaExecutor.h:82] AriaExecutor 0 started. 
I0312 08:01:04.236017 238625 Manager.h:224] Manager(worker id = 1) on the coordinator node started.
I0312 08:01:05.236088 238617 Coordinator.h:126] commit: 36155 abort: 4805 (0/4805/0), network size: 0, avg network size: 0, si_in_serializable: 0 0 %, local: 0 %
I0312 08:01:06.236334 238617 Coordinator.h:126] commit: 39540 abort: 5516 (0/5516/0), network size: 0, avg network size: 0, si_in_serializable: 0 0 %, local: 0 %
I0312 08:01:07.236500 238617 Coordinator.h:126] commit: 39527 abort: 5529 (0/5529/0), network size: 0, avg network size: 0, si_in_serializable: 0 0 %, local: 0 %
I0312 08:01:08.236636 238617 Coordinator.h:126] commit: 39617 abort: 5439 (0/5439/0), network size: 0, avg network size: 0, si_in_serializable: 0 0 %, local: 0 %
I0312 08:01:09.236838 238617 Coordinator.h:126] commit: 36049 abort: 4911 (0/4911/0), network size: 0, avg network size: 0, si_in_serializable: 0 0 %, local: 0 %
I0312 08:01:10.237010 238617 Coordinator.h:126] commit: 39761 abort: 5295 (0/5295/0), network size: 0, avg network size: 0, si_in_serializable: 0 0 %, local: 0 %
I0312 08:01:11.237221 238617 Coordinator.h:126] commit: 35909 abort: 5051 (0/5051/0), network size: 0, avg network size: 0, si_in_serializable: 0 0 %, local: 0 %
I0312 08:01:12.237389 238617 Coordinator.h:126] commit: 39605 abort: 5451 (0/5451/0), network size: 0, avg network size: 0, si_in_serializable: 0 0 %, local: 0 %
I0312 08:01:13.237578 238617 Coordinator.h:126] commit: 36176 abort: 4784 (0/4784/0), network size: 0, avg network size: 0, si_in_serializable: 0 0 %, local: 0 %
I0312 08:01:14.237737 238617 Coordinator.h:126] commit: 39532 abort: 5524 (0/5524/0), network size: 0, avg network size: 0, si_in_serializable: 0 0 %, local: 0 %
I0312 08:01:15.237879 238617 Coordinator.h:126] commit: 39418 abort: 5638 (0/5638/0), network size: 0, avg network size: 0, si_in_serializable: 0 0 %, local: 0 %
I0312 08:01:16.238080 238617 Coordinator.h:126] commit: 36078 abort: 4882 (0/4882/0), network size: 0, avg network size: 0, si_in_serializable: 0 0 %, local: 0 %
I0312 08:01:17.238245 238617 Coordinator.h:126] commit: 39510 abort: 5546 (0/5546/0), network size: 0, avg network size: 0, si_in_serializable: 0 0 %, local: 0 %
I0312 08:01:18.238387 238617 Coordinator.h:126] commit: 35960 abort: 5000 (0/5000/0), network size: 0, avg network size: 0, si_in_serializable: 0 0 %, local: 0 %
I0312 08:01:19.238528 238617 Coordinator.h:126] commit: 39648 abort: 5408 (0/5408/0), network size: 0, avg network size: 0, si_in_serializable: 0 0 %, local: 0 %
I0312 08:01:20.238677 238617 Coordinator.h:126] commit: 36100 abort: 4860 (0/4860/0), network size: 0, avg network size: 0, si_in_serializable: 0 0 %, local: 0 %
I0312 08:01:21.238826 238617 Coordinator.h:126] commit: 36644 abort: 4991 (0/4991/0), network size: 0, avg network size: 0, si_in_serializable: 0 0 %, local: 0 %
I0312 08:01:22.238978 238617 Coordinator.h:126] commit: 38907 abort: 5474 (0/5474/0), network size: 0, avg network size: 0, si_in_serializable: 0 0 %, local: 0 %
I0312 08:01:23.239120 238617 Coordinator.h:126] commit: 39775 abort: 5281 (0/5281/0), network size: 0, avg network size: 0, si_in_serializable: 0 0 %, local: 0 %
I0312 08:01:24.239289 238617 Coordinator.h:126] commit: 36150 abort: 4810 (0/4810/0), network size: 0, avg network size: 0, si_in_serializable: 0 0 %, local: 0 %
I0312 08:01:25.239425 238617 Coordinator.h:126] commit: 36040 abort: 4920 (0/4920/0), network size: 0, avg network size: 0, si_in_serializable: 0 0 %, local: 0 %
I0312 08:01:26.239540 238617 Coordinator.h:126] commit: 39666 abort: 5390 (0/5390/0), network size: 0, avg network size: 0, si_in_serializable: 0 0 %, local: 0 %
I0312 08:01:27.239656 238617 Coordinator.h:126] commit: 36079 abort: 4881 (0/4881/0), network size: 0, avg network size: 0, si_in_serializable: 0 0 %, local: 0 %
I0312 08:01:28.239773 238617 Coordinator.h:126] commit: 36724 abort: 4962 (0/4962/0), network size: 0, avg network size: 0, si_in_serializable: 0 0 %, local: 0 %
I0312 08:01:29.239886 238617 Coordinator.h:126] commit: 39021 abort: 5309 (0/5309/0), network size: 0, avg network size: 0, si_in_serializable: 0 0 %, local: 0 %
I0312 08:01:29.239926 238617 Coordinator.h:152] average commit: 37819 abort: 5189 (0/5189/0), network size: 0, avg network size: 0, si_in_serializable: 0 0 %, local: 0 %
I0312 08:01:29.239970 238617 AriaExecutor.h:535] Worker 0 latency: 72709 us (50%) 82041 us (75%) 158422 us (95%) 234765 us (99%).
I0312 08:01:29.330559 238624 AriaExecutor.h:94] AriaExecutor 0 exits. 
I0312 08:01:29.330559 238625 Manager.h:227] Manager(worker id = 1) on the coordinator node exits.
I0312 08:01:29.330684 238617 Coordinator.h:177] total commit: 37819
I0312 08:01:30.330830 238617 Coordinator.h:192] Coordinator exits.
