I0312 08:09:43.943315 239512 Database.h:65] ycsb initialization finished in 978 milliseconds.
I0312 08:09:43.943528 239512 Coordinator.h:30] Coordinator initializes 1 workers.
I0312 08:09:43.982240 239512 Coordinator.h:77] Coordinator starts to run 2 workers.
I0312 08:09:43.982367 239519 AriaExecutor.h:82] AriaExecutor 0 started. 
I0312 08:09:43.982435 239520 Manager.h:224] Manager(worker id = 1) on the coordinator node started.
I0312 08:09:44.982491 239512 Coordinator.h:126] commit: 2468 abort: 7772 (0/7772/0), network size: 0, avg network size: 0, si_in_serializable: 0 0 %, local: 0 %
I0312 08:09:45.982694 239512 Coordinator.h:126] commit: 2320 abort: 7920 (0/7920/0), network size: 0, avg network size: 0, si_in_serializable: 0 0 %, local: 0 %
I0312 08:09:46.982833 239512 Coordinator.h:126] commit: 2811 abort: 8453 (0/8453/0), network size: 0, avg network size: 0, si_in_serializable: 0 0 %, local: 0 %
I0312 08:09:47.982947 239512 Coordinator.h:126] commit: 2548 abort: 7789 (0/7789/0), network size: 0, avg network size: 0, si_in_serializable: 0 0 %, local: 0 %
I0312 08:09:48.983112 239512 Coordinator.h:126] commit: 2433 abort: 7710 (0/7710/0), network size: 0, avg network size: 0, si_in_serializable: 0 0 %, local: 0 %
I0312 08:09:49.983254 239512 Coordinator.h:126] commit: 2688 abort: 8576 (0/8576/0), network size: 0, avg network size: 0, si_in_serializable: 0 0 %, local: 0 %
I0312 08:09:50.983417 239512 Coordinator.h:126] commit: 2234 abort: 6982 (0/6982/0), network size: 0, avg network size: 0, si_in_serializable: 0 0 %, local: 0 %
I0312 08:09:51.983556 239512 Coordinator.h:126] commit: 2361 abort: 7879 (0/7879/0), network size: 0, avg network size: 0, si_in_serializable: 0 0 %, local: 0 %
I0312 08:09:52.983719 239512 Coordinator.h:126] commit: 2456 abort: 7784 (0/7784/0), network size: 0, avg network size: 0, si_in_serializable: 0 0 %, local: 0 %
I0312 08:09:53.983860 239512 Coordinator.h:126] commit: 2476 abort: 7764 (0/7764/0), network size: 0, avg network size: 0, si_in_serializable: 0 0 %, local: 0 %
I0312 08:09:54.983975 239512 Coordinator.h:126] commit: 2498 abort: 7742 (0/7742/0), network size: 0, avg network size: 0, si_in_serializable: 0 0 %, local: 0 %
I0312 08:09:55.984134 239512 Coordinator.h:126] commit: 2144 abort: 7072 (0/7072/0), network size: 0, avg network size: 0, si_in_serializable: 0 0 %, local: 0 %
I0312 08:09:56.984270 239512 Coordinator.h:126] commit: 2451 abort: 7789 (0/7789/0), network size: 0, avg network size: 0, si_in_serializable: 0 0 %, local: 0 %
I0312 08:09:57.984387 239512 Coordinator.h:126] commit: 2321 abort: 7919 (0/7919/0), network size: 0, avg network size: 0, si_in_serializable: 0 0 %, local: 0 %
I0312 08:09:58.984503 239512 Coordinator.h:126] commit: 2456 abort: 7784 (0/7784/0), network size: 0, avg network size: 0, si_in_serializable: 0 0 %, local: 0 %
I0312 08:09:59.984656 239512 Coordinator.h:126] commit: 2184 abort: 7032 (0/7032/0), network size: 0, avg network size: 0, si_in_serializable: 0 0 %, local: 0 %
I0312 08:10:00.984786 239512 Coordinator.h:126] commit: 2227 abort: 6989 (0/6989/0), network size: 0, avg network size: 0, si_in_serializable: 0 0 %, local: 0 %
I0312 08:10:01.984903 239512 Coordinator.h:126] commit: 2501 abort: 7739 (0/7739/0), network size: 0, avg network size: 0, si_in_serializable: 0 0 %, local: 0 %
I0312 08:10:02.985018 239512 Coordinator.h:126] commit: 2263 abort: 6953 (0/6953/0), network size: 0, avg network size: 0, si_in_serializable: 0 0 %, local: 0 %
I0312 08:10:03.985141 239512 Coordinator.h:126] commit: 2496 abort: 7744 (0/7744/0), network size: 0, avg network size: 0, si_in_serializable: 0 0 %, local: 0 %
I0312 08:10:04.985260 239512 Coordinator.h:126] commit: 2242 abort: 6974 (0/6974/0), network size: 0, avg network size: 0, si_in_serializable: 0 0 %, local: 0 %
I0312 08:10:05.985376 239512 Coordinator.h:126] commit: 2368 abort: 7872 (0/7872/0), network size: 0, avg network size: 0, si_in_serializable: 0 0 %, local: 0 %
I0312 08:10:06.985489 239512 Coordinator.h:126] commit: 2266 abort: 6950 (0/6950/0), network size: 0, avg network size: 0, si_in_serializable: 0 0 %, local: 0 %
I0312 08:10:07.985601 239512 Coordinator.h:126] commit: 2272 abort: 6944 (0/6944/0), network size: 0, avg network size: 0, si_in_serializable: 0 0 %, local: 0 %
I0312 08:10:08.985711 239512 Coordinator.h:126] commit: 2228 abort: 6988 (0/6988/0), network size: 0, avg network size: 0, si_in_serializable: 0 0 %, local: 0 %
I0312 08:10:08.985749 239512 Coordinator.h:152] average commit: 2354.1 abort: 7476.3 (0/7476.3/0), network size: 0, avg network size: 0, si_in_serializable: 0 0 %, local: 0 %
I0312 08:10:08.985795 239512 AriaExecutor.h:535] Worker 0 latency: 375065 us (50%) 472176 us (75%) 582834 us (95%) 680169 us (99%).
I0312 08:10:09.001175 239519 AriaExecutor.h:94] AriaExecutor 0 exits. 
I0312 08:10:09.001175 239520 Manager.h:227] Manager(worker id = 1) on the coordinator node exits.
I0312 08:10:09.001312 239512 Coordinator.h:177] total commit: 2354.1
I0312 08:10:10.001452 239512 Coordinator.h:192] Coordinator exits.
