I0312 08:45:03.118865 274276 Database.h:65] ycsb initialization finished in 501 milliseconds.
I0312 08:45:03.119089 274276 Coordinator.h:30] Coordinator initializes 2 workers.
I0312 08:45:03.156096 274276 Coordinator.h:77] Coordinator starts to run 3 workers.
I0312 08:45:03.156266 274332 AriaExecutor.h:82] AriaExecutor 0 started. 
I0312 08:45:03.156359 274333 AriaExecutor.h:82] AriaExecutor 1 started. 
I0312 08:45:03.156431 274334 Manager.h:224] Manager(worker id = 2) on the coordinator node started.
I0312 08:45:04.156474 274276 Coordinator.h:126] commit: 599 abort: 13737 (0/13737/0), network size: 0, avg network size: 0, si_in_serializable: 0 0 %, local: 0 %
I0312 08:45:05.156704 274276 Coordinator.h:126] commit: 602 abort: 13734 (0/13734/0), network size: 0, avg network size: 0, si_in_serializable: 0 0 %, local: 0 %
I0312 08:45:06.156845 274276 Coordinator.h:126] commit: 709 abort: 14651 (0/14651/0), network size: 0, avg network size: 0, si_in_serializable: 0 0 %, local: 0 %
I0312 08:45:07.156967 274276 Coordinator.h:126] commit: 683 abort: 13653 (0/13653/0), network size: 0, avg network size: 0, si_in_serializable: 0 0 %, local: 0 %
I0312 08:45:08.157140 274276 Coordinator.h:126] commit: 578 abort: 13758 (0/13758/0), network size: 0, avg network size: 0, si_in_serializable: 0 0 %, local: 0 %
I0312 08:45:09.157282 274276 Coordinator.h:126] commit: 640 abort: 13696 (0/13696/0), network size: 0, avg network size: 0, si_in_serializable: 0 0 %, local: 0 %
I0312 08:45:10.157452 274276 Coordinator.h:126] commit: 570 abort: 13766 (0/13766/0), network size: 0, avg network size: 0, si_in_serializable: 0 0 %, local: 0 %
I0312 08:45:11.157590 274276 Coordinator.h:126] commit: 622 abort: 13714 (0/13714/0), network size: 0, avg network size: 0, si_in_serializable: 0 0 %, local: 0 %
I0312 08:45:12.157761 274276 Coordinator.h:126] commit: 588 abort: 13748 (0/13748/0), network size: 0, avg network size: 0, si_in_serializable: 0 0 %, local: 0 %
I0312 08:45:13.157902 274276 Coordinator.h:126] commit: 642 abort: 13694 (0/13694/0), network size: 0, avg network size: 0, si_in_serializable: 0 0 %, local: 0 %
I0312 08:45:14.158020 274276 Coordinator.h:126] commit: 621 abort: 13715 (0/13715/0), network size: 0, avg network size: 0, si_in_serializable: 0 0 %, local: 0 %
I0312 08:45:15.158200 274276 Coordinator.h:126] commit: 708 abort: 13628 (0/13628/0), network size: 0, avg network size: 0, si_in_serializable: 0 0 %, local: 0 %
I0312 08:45:16.158341 274276 Coordinator.h:126] commit: 635 abort: 13701 (0/13701/0), network size: 0, avg network size: 0, si_in_serializable: 0 0 %, local: 0 %
I0312 08:45:17.158455 274276 Coordinator.h:126] commit: 588 abort: 13748 (0/13748/0), network size: 0, avg network size: 0, si_in_serializable: 0 0 %, local: 0 %
I0312 08:45:18.158571 274276 Coordinator.h:126] commit: 593 abort: 13743 (0/13743/0), network size: 0, avg network size: 0, si_in_serializable: 0 0 %, local: 0 %
I0312 08:45:19.158742 274276 Coordinator.h:126] commit: 622 abort: 13714 (0/13714/0), network size: 0, avg network size: 0, si_in_serializable: 0 0 %, local: 0 %
I0312 08:45:20.158885 274276 Coordinator.h:126] commit: 598 abort: 12714 (0/12714/0), network size: 0, avg network size: 0, si_in_serializable: 0 0 %, local: 0 %
I0312 08:45:21.159000 274276 Coordinator.h:126] commit: 635 abort: 13701 (0/13701/0), network size: 0, avg network size: 0, si_in_serializable: 0 0 %, local: 0 %
I0312 08:45:22.159121 274276 Coordinator.h:126] commit: 607 abort: 13729 (0/13729/0), network size: 0, avg network size: 0, si_in_serializable: 0 0 %, local: 0 %
I0312 08:45:23.159237 274276 Coordinator.h:126] commit: 588 abort: 13748 (0/13748/0), network size: 0, avg network size: 0, si_in_serializable: 0 0 %, local: 0 %
I0312 08:45:24.159360 274276 Coordinator.h:126] commit: 540 abort: 12772 (0/12772/0), network size: 0, avg network size: 0, si_in_serializable: 0 0 %, local: 0 %
I0312 08:45:25.159474 274276 Coordinator.h:126] commit: 554 abort: 11734 (0/11734/0), network size: 0, avg network size: 0, si_in_serializable: 0 0 %, local: 0 %
I0312 08:45:26.159600 274276 Coordinator.h:126] commit: 531 abort: 11757 (0/11757/0), network size: 0, avg network size: 0, si_in_serializable: 0 0 %, local: 0 %
I0312 08:45:27.159736 274276 Coordinator.h:126] commit: 518 abort: 11770 (0/11770/0), network size: 0, avg network size: 0, si_in_serializable: 0 0 %, local: 0 %
I0312 08:45:28.159871 274276 Coordinator.h:126] commit: 501 abort: 11787 (0/11787/0), network size: 0, avg network size: 0, si_in_serializable: 0 0 %, local: 0 %
I0312 08:45:28.159940 274276 Coordinator.h:152] average commit: 619.5 abort: 13614.1 (0/13614.1/0), network size: 0, avg network size: 0, si_in_serializable: 0 0 %, local: 0 %
I0312 08:45:28.159983 274276 AriaExecutor.h:535] Worker 0 latency: 1648646 us (50%) 1790472 us (75%) 2000126 us (95%) 2161217 us (99%).
I0312 08:45:28.215029 274332 AriaExecutor.h:94] AriaExecutor 0 exits. 
I0312 08:45:28.215029 274334 Manager.h:227] Manager(worker id = 2) on the coordinator node exits.
I0312 08:45:28.215029 274333 AriaExecutor.h:94] AriaExecutor 1 exits. 
I0312 08:45:28.215201 274276 AriaExecutor.h:535] Worker 1 latency: 1643489 us (50%) 1787008 us (75%) 1994107 us (95%) 2157816 us (99%).
I0312 08:45:28.216234 274276 Coordinator.h:177] total commit: 619.5
I0312 08:45:29.216566 274276 Coordinator.h:192] Coordinator exits.
