I0312 08:47:44.641369 280208 Database.h:65] ycsb initialization finished in 496 milliseconds.
I0312 08:47:44.641594 280208 Coordinator.h:30] Coordinator initializes 2 workers.
I0312 08:47:44.677601 280208 Coordinator.h:77] Coordinator starts to run 3 workers.
I0312 08:47:44.677739 280215 AriaExecutor.h:82] AriaExecutor 0 started. 
I0312 08:47:44.677830 280216 AriaExecutor.h:82] AriaExecutor 1 started. 
I0312 08:47:44.677917 280217 Manager.h:224] Manager(worker id = 2) on the coordinator node started.
I0312 08:47:45.677965 280208 Coordinator.h:126] commit: 3515 abort: 19013 (0/19013/0), network size: 0, avg network size: 0, si_in_serializable: 0 0 %, local: 0 %
I0312 08:47:46.678197 280208 Coordinator.h:126] commit: 3443 abort: 19085 (0/19085/0), network size: 0, avg network size: 0, si_in_serializable: 0 0 %, local: 0 %
I0312 08:47:47.678330 280208 Coordinator.h:126] commit: 3326 abort: 19405 (0/19405/0), network size: 0, avg network size: 0, si_in_serializable: 0 0 %, local: 0 %
I0312 08:47:48.678440 280208 Coordinator.h:126] commit: 3321 abort: 20028 (0/20028/0), network size: 0, avg network size: 0, si_in_serializable: 0 0 %, local: 0 %
I0312 08:47:49.678615 280208 Coordinator.h:126] commit: 3141 abort: 18363 (0/18363/0), network size: 0, avg network size: 0, si_in_serializable: 0 0 %, local: 0 %
I0312 08:47:50.678752 280208 Coordinator.h:126] commit: 3263 abort: 19265 (0/19265/0), network size: 0, avg network size: 0, si_in_serializable: 0 0 %, local: 0 %
I0312 08:47:51.678925 280208 Coordinator.h:126] commit: 2949 abort: 18555 (0/18555/0), network size: 0, avg network size: 0, si_in_serializable: 0 0 %, local: 0 %
I0312 08:47:52.679061 280208 Coordinator.h:126] commit: 3093 abort: 18411 (0/18411/0), network size: 0, avg network size: 0, si_in_serializable: 0 0 %, local: 0 %
I0312 08:47:53.679225 280208 Coordinator.h:126] commit: 3209 abort: 18295 (0/18295/0), network size: 0, avg network size: 0, si_in_serializable: 0 0 %, local: 0 %
I0312 08:47:54.679363 280208 Coordinator.h:126] commit: 2736 abort: 18768 (0/18768/0), network size: 0, avg network size: 0, si_in_serializable: 0 0 %, local: 0 %
I0312 08:47:55.679533 280208 Coordinator.h:126] commit: 2683 abort: 17797 (0/17797/0), network size: 0, avg network size: 0, si_in_serializable: 0 0 %, local: 0 %
I0312 08:47:56.679661 280208 Coordinator.h:126] commit: 2870 abort: 18634 (0/18634/0), network size: 0, avg network size: 0, si_in_serializable: 0 0 %, local: 0 %
I0312 08:47:57.679774 280208 Coordinator.h:126] commit: 3115 abort: 18389 (0/18389/0), network size: 0, avg network size: 0, si_in_serializable: 0 0 %, local: 0 %
I0312 08:47:58.679893 280208 Coordinator.h:126] commit: 2912 abort: 18592 (0/18592/0), network size: 0, avg network size: 0, si_in_serializable: 0 0 %, local: 0 %
I0312 08:47:59.680006 280208 Coordinator.h:126] commit: 3047 abort: 17433 (0/17433/0), network size: 0, avg network size: 0, si_in_serializable: 0 0 %, local: 0 %
I0312 08:48:00.680122 280208 Coordinator.h:126] commit: 2950 abort: 17530 (0/17530/0), network size: 0, avg network size: 0, si_in_serializable: 0 0 %, local: 0 %
I0312 08:48:01.680277 280208 Coordinator.h:126] commit: 2931 abort: 17549 (0/17549/0), network size: 0, avg network size: 0, si_in_serializable: 0 0 %, local: 0 %
I0312 08:48:02.680452 280208 Coordinator.h:126] commit: 3259 abort: 18245 (0/18245/0), network size: 0, avg network size: 0, si_in_serializable: 0 0 %, local: 0 %
I0312 08:48:03.680590 280208 Coordinator.h:126] commit: 3012 abort: 17468 (0/17468/0), network size: 0, avg network size: 0, si_in_serializable: 0 0 %, local: 0 %
I0312 08:48:04.680709 280208 Coordinator.h:126] commit: 3029 abort: 17451 (0/17451/0), network size: 0, avg network size: 0, si_in_serializable: 0 0 %, local: 0 %
I0312 08:48:05.680826 280208 Coordinator.h:126] commit: 2932 abort: 17548 (0/17548/0), network size: 0, avg network size: 0, si_in_serializable: 0 0 %, local: 0 %
I0312 08:48:06.680941 280208 Coordinator.h:126] commit: 3040 abort: 17440 (0/17440/0), network size: 0, avg network size: 0, si_in_serializable: 0 0 %, local: 0 %
I0312 08:48:07.681054 280208 Coordinator.h:126] commit: 3028 abort: 17452 (0/17452/0), network size: 0, avg network size: 0, si_in_serializable: 0 0 %, local: 0 %
I0312 08:48:08.681171 280208 Coordinator.h:126] commit: 2886 abort: 17678 (0/17678/0), network size: 0, avg network size: 0, si_in_serializable: 0 0 %, local: 0 %
I0312 08:48:09.681291 280208 Coordinator.h:126] commit: 3188 abort: 18232 (0/18232/0), network size: 0, avg network size: 0, si_in_serializable: 0 0 %, local: 0 %
I0312 08:48:09.681336 280208 Coordinator.h:152] average commit: 2980.8 abort: 17908.8 (0/17908.8/0), network size: 0, avg network size: 0, si_in_serializable: 0 0 %, local: 0 %
I0312 08:48:09.681381 280208 AriaExecutor.h:535] Worker 0 latency: 319873 us (50%) 369207 us (75%) 442853 us (95%) 515495 us (99%).
I0312 08:48:09.715632 280216 AriaExecutor.h:94] AriaExecutor 1 exits. 
I0312 08:48:09.715633 280217 Manager.h:227] Manager(worker id = 2) on the coordinator node exits.
I0312 08:48:09.715632 280215 AriaExecutor.h:94] AriaExecutor 0 exits. 
I0312 08:48:09.715791 280208 AriaExecutor.h:535] Worker 1 latency: 319433 us (50%) 368712 us (75%) 435501 us (95%) 495824 us (99%).
I0312 08:48:09.721616 280208 Coordinator.h:177] total commit: 2980.8
I0312 08:48:10.721839 280208 Coordinator.h:192] Coordinator exits.
