I0312 08:54:28.007175 292292 Database.h:65] ycsb initialization finished in 495 milliseconds.
I0312 08:54:28.007400 292292 Coordinator.h:30] Coordinator initializes 2 workers.
I0312 08:54:28.045603 292292 Coordinator.h:77] Coordinator starts to run 3 workers.
I0312 08:54:28.045733 292298 AriaExecutor.h:82] AriaExecutor 0 started. 
I0312 08:54:28.045869 292299 AriaExecutor.h:82] AriaExecutor 1 started. 
I0312 08:54:28.045889 292300 Manager.h:224] Manager(worker id = 2) on the coordinator node started.
I0312 08:54:29.045924 292292 Coordinator.h:126] commit: 4753 abort: 153967 (0/153967/0), network size: 0, avg network size: 0, si_in_serializable: 0 0 %, local: 0 %
I0312 08:54:30.046125 292292 Coordinator.h:126] commit: 4344 abort: 146184 (0/146184/0), network size: 0, avg network size: 0, si_in_serializable: 0 0 %, local: 0 %
I0312 08:54:31.046265 292292 Coordinator.h:126] commit: 4705 abort: 160159 (0/160159/0), network size: 0, avg network size: 0, si_in_serializable: 0 0 %, local: 0 %
I0312 08:54:32.046376 292292 Coordinator.h:126] commit: 4567 abort: 161321 (0/161321/0), network size: 0, avg network size: 0, si_in_serializable: 0 0 %, local: 0 %
I0312 08:54:33.046548 292292 Coordinator.h:126] commit: 4667 abort: 156101 (0/156101/0), network size: 0, avg network size: 0, si_in_serializable: 0 0 %, local: 0 %
I0312 08:54:34.046698 292292 Coordinator.h:126] commit: 4773 abort: 158043 (0/158043/0), network size: 0, avg network size: 0, si_in_serializable: 0 0 %, local: 0 %
I0312 08:54:35.046823 292292 Coordinator.h:126] commit: 4641 abort: 161247 (0/161247/0), network size: 0, avg network size: 0, si_in_serializable: 0 0 %, local: 0 %
I0312 08:54:36.046942 292292 Coordinator.h:126] commit: 4681 abort: 160183 (0/160183/0), network size: 0, avg network size: 0, si_in_serializable: 0 0 %, local: 0 %
I0312 08:54:37.047067 292292 Coordinator.h:126] commit: 4875 abort: 159989 (0/159989/0), network size: 0, avg network size: 0, si_in_serializable: 0 0 %, local: 0 %
I0312 08:54:38.047384 292292 Coordinator.h:126] commit: 4555 abort: 157237 (0/157237/0), network size: 0, avg network size: 0, si_in_serializable: 0 0 %, local: 0 %
I0312 08:54:39.047586 292292 Coordinator.h:126] commit: 4500 abort: 156268 (0/156268/0), network size: 0, avg network size: 0, si_in_serializable: 0 0 %, local: 0 %
I0312 08:54:40.047727 292292 Coordinator.h:126] commit: 4419 abort: 159421 (0/159421/0), network size: 0, avg network size: 0, si_in_serializable: 0 0 %, local: 0 %
I0312 08:54:41.047864 292292 Coordinator.h:126] commit: 4678 abort: 158138 (0/158138/0), network size: 0, avg network size: 0, si_in_serializable: 0 0 %, local: 0 %
I0312 08:54:42.047999 292292 Coordinator.h:126] commit: 4785 abort: 158031 (0/158031/0), network size: 0, avg network size: 0, si_in_serializable: 0 0 %, local: 0 %
I0312 08:54:43.048137 292292 Coordinator.h:126] commit: 4769 abort: 155999 (0/155999/0), network size: 0, avg network size: 0, si_in_serializable: 0 0 %, local: 0 %
I0312 08:54:44.048265 292292 Coordinator.h:126] commit: 4824 abort: 156968 (0/156968/0), network size: 0, avg network size: 0, si_in_serializable: 0 0 %, local: 0 %
I0312 08:54:45.048394 292292 Coordinator.h:126] commit: 4721 abort: 159119 (0/159119/0), network size: 0, avg network size: 0, si_in_serializable: 0 0 %, local: 0 %
I0312 08:54:46.048528 292292 Coordinator.h:126] commit: 4663 abort: 158153 (0/158153/0), network size: 0, avg network size: 0, si_in_serializable: 0 0 %, local: 0 %
I0312 08:54:47.048662 292292 Coordinator.h:126] commit: 4543 abort: 158273 (0/158273/0), network size: 0, avg network size: 0, si_in_serializable: 0 0 %, local: 0 %
I0312 08:54:48.048878 292292 Coordinator.h:126] commit: 4691 abort: 150957 (0/150957/0), network size: 0, avg network size: 0, si_in_serializable: 0 0 %, local: 0 %
I0312 08:54:49.049037 292292 Coordinator.h:126] commit: 4624 abort: 158192 (0/158192/0), network size: 0, avg network size: 0, si_in_serializable: 0 0 %, local: 0 %
I0312 08:54:50.049180 292292 Coordinator.h:126] commit: 4849 abort: 156648 (0/156648/0), network size: 0, avg network size: 0, si_in_serializable: 0 0 %, local: 0 %
I0312 08:54:51.049322 292292 Coordinator.h:126] commit: 4553 abort: 157534 (0/157534/0), network size: 0, avg network size: 0, si_in_serializable: 0 0 %, local: 0 %
I0312 08:54:52.049467 292292 Coordinator.h:126] commit: 4591 abort: 156177 (0/156177/0), network size: 0, avg network size: 0, si_in_serializable: 0 0 %, local: 0 %
I0312 08:54:53.049610 292292 Coordinator.h:126] commit: 4302 abort: 158514 (0/158514/0), network size: 0, avg network size: 0, si_in_serializable: 0 0 %, local: 0 %
I0312 08:54:53.049671 292292 Coordinator.h:152] average commit: 4659.3 abort: 157133 (0/157133/0), network size: 0, avg network size: 0, si_in_serializable: 0 0 %, local: 0 %
I0312 08:54:53.053843 292298 AriaExecutor.h:94] AriaExecutor 0 exits. 
I0312 08:54:53.053848 292300 Manager.h:227] Manager(worker id = 2) on the coordinator node exits.
I0312 08:54:53.053849 292299 AriaExecutor.h:94] AriaExecutor 1 exits. 
I0312 08:54:53.049714 292292 AriaExecutor.h:535] Worker 0 latency: 168955 us (50%) 423143 us (75%) 592599 us (95%) 641808 us (99%).
I0312 08:54:53.060618 292292 AriaExecutor.h:535] Worker 1 latency: 128124 us (50%) 386666 us (75%) 572156 us (95%) 624247 us (99%).
I0312 08:54:53.068902 292292 Coordinator.h:177] total commit: 4659.3
I0312 08:54:54.069212 292292 Coordinator.h:192] Coordinator exits.
