I0312 08:16:06.798309 242218 Database.h:65] ycsb initialization finished in 975 milliseconds.
I0312 08:16:06.798539 242218 Coordinator.h:30] Coordinator initializes 1 workers.
I0312 08:16:06.908780 242218 Coordinator.h:77] Coordinator starts to run 2 workers.
I0312 08:16:06.908926 242224 AriaExecutor.h:82] AriaExecutor 0 started. 
I0312 08:16:06.909005 242225 Manager.h:224] Manager(worker id = 1) on the coordinator node started.
I0312 08:16:07.909052 242218 Coordinator.h:126] commit: 432 abort: 7760 (0/7760/0), network size: 0, avg network size: 0, si_in_serializable: 0 0 %, local: 0 %
I0312 08:16:08.909276 242218 Coordinator.h:126] commit: 286 abort: 7906 (0/7906/0), network size: 0, avg network size: 0, si_in_serializable: 0 0 %, local: 0 %
I0312 08:16:09.909410 242218 Coordinator.h:126] commit: 463 abort: 11825 (0/11825/0), network size: 0, avg network size: 0, si_in_serializable: 0 0 %, local: 0 %
I0312 08:16:10.909523 242218 Coordinator.h:126] commit: 435 abort: 11853 (0/11853/0), network size: 0, avg network size: 0, si_in_serializable: 0 0 %, local: 0 %
I0312 08:16:11.909691 242218 Coordinator.h:126] commit: 477 abort: 11811 (0/11811/0), network size: 0, avg network size: 0, si_in_serializable: 0 0 %, local: 0 %
I0312 08:16:12.909824 242218 Coordinator.h:126] commit: 308 abort: 7884 (0/7884/0), network size: 0, avg network size: 0, si_in_serializable: 0 0 %, local: 0 %
I0312 08:16:13.909994 242218 Coordinator.h:126] commit: 468 abort: 11820 (0/11820/0), network size: 0, avg network size: 0, si_in_serializable: 0 0 %, local: 0 %
I0312 08:16:14.910145 242218 Coordinator.h:126] commit: 456 abort: 11832 (0/11832/0), network size: 0, avg network size: 0, si_in_serializable: 0 0 %, local: 0 %
I0312 08:16:15.910315 242218 Coordinator.h:126] commit: 315 abort: 7877 (0/7877/0), network size: 0, avg network size: 0, si_in_serializable: 0 0 %, local: 0 %
I0312 08:16:16.910456 242218 Coordinator.h:126] commit: 474 abort: 11814 (0/11814/0), network size: 0, avg network size: 0, si_in_serializable: 0 0 %, local: 0 %
I0312 08:16:17.910571 242218 Coordinator.h:126] commit: 471 abort: 11817 (0/11817/0), network size: 0, avg network size: 0, si_in_serializable: 0 0 %, local: 0 %
I0312 08:16:18.910740 242218 Coordinator.h:126] commit: 314 abort: 7878 (0/7878/0), network size: 0, avg network size: 0, si_in_serializable: 0 0 %, local: 0 %
I0312 08:16:19.910879 242218 Coordinator.h:126] commit: 414 abort: 11874 (0/11874/0), network size: 0, avg network size: 0, si_in_serializable: 0 0 %, local: 0 %
I0312 08:16:20.910992 242218 Coordinator.h:126] commit: 451 abort: 11837 (0/11837/0), network size: 0, avg network size: 0, si_in_serializable: 0 0 %, local: 0 %
I0312 08:16:21.911157 242218 Coordinator.h:126] commit: 261 abort: 7931 (0/7931/0), network size: 0, avg network size: 0, si_in_serializable: 0 0 %, local: 0 %
I0312 08:16:22.911294 242218 Coordinator.h:126] commit: 406 abort: 11882 (0/11882/0), network size: 0, avg network size: 0, si_in_serializable: 0 0 %, local: 0 %
I0312 08:16:23.911407 242218 Coordinator.h:126] commit: 448 abort: 11840 (0/11840/0), network size: 0, avg network size: 0, si_in_serializable: 0 0 %, local: 0 %
I0312 08:16:24.911520 242218 Coordinator.h:126] commit: 264 abort: 7928 (0/7928/0), network size: 0, avg network size: 0, si_in_serializable: 0 0 %, local: 0 %
I0312 08:16:25.911633 242218 Coordinator.h:126] commit: 430 abort: 11858 (0/11858/0), network size: 0, avg network size: 0, si_in_serializable: 0 0 %, local: 0 %
I0312 08:16:26.911748 242218 Coordinator.h:126] commit: 501 abort: 11787 (0/11787/0), network size: 0, avg network size: 0, si_in_serializable: 0 0 %, local: 0 %
I0312 08:16:27.911863 242218 Coordinator.h:126] commit: 425 abort: 11863 (0/11863/0), network size: 0, avg network size: 0, si_in_serializable: 0 0 %, local: 0 %
I0312 08:16:28.912027 242218 Coordinator.h:126] commit: 271 abort: 7921 (0/7921/0), network size: 0, avg network size: 0, si_in_serializable: 0 0 %, local: 0 %
I0312 08:16:29.912168 242218 Coordinator.h:126] commit: 436 abort: 11852 (0/11852/0), network size: 0, avg network size: 0, si_in_serializable: 0 0 %, local: 0 %
I0312 08:16:30.912281 242218 Coordinator.h:126] commit: 398 abort: 11890 (0/11890/0), network size: 0, avg network size: 0, si_in_serializable: 0 0 %, local: 0 %
I0312 08:16:31.912390 242218 Coordinator.h:126] commit: 249 abort: 7943 (0/7943/0), network size: 0, avg network size: 0, si_in_serializable: 0 0 %, local: 0 %
I0312 08:16:31.912427 242218 Coordinator.h:152] average commit: 396 abort: 10663.2 (0/10663.2/0), network size: 0, avg network size: 0, si_in_serializable: 0 0 %, local: 0 %
I0312 08:16:31.912472 242218 AriaExecutor.h:535] Worker 0 latency: 9496003 us (50%) 10264075 us (75%) 11002453 us (95%) 11391400 us (99%).
I0312 08:16:32.014492 242225 Manager.h:227] Manager(worker id = 1) on the coordinator node exits.
I0312 08:16:32.014493 242224 AriaExecutor.h:94] AriaExecutor 0 exits. 
I0312 08:16:32.014658 242218 Coordinator.h:177] total commit: 396
I0312 08:16:33.014796 242218 Coordinator.h:192] Coordinator exits.
