I0312 08:23:50.835070 256659 Database.h:65] ycsb initialization finished in 979 milliseconds.
I0312 08:23:50.835284 256659 Coordinator.h:30] Coordinator initializes 1 workers.
I0312 08:23:50.896090 256659 Coordinator.h:77] Coordinator starts to run 2 workers.
I0312 08:23:50.896267 256683 AriaExecutor.h:82] AriaExecutor 0 started. 
I0312 08:23:50.896327 256684 Manager.h:224] Manager(worker id = 1) on the coordinator node started.
I0312 08:23:51.896375 256659 Coordinator.h:126] commit: 4 abort: 6140 (0/6140/0), network size: 0, avg network size: 0, si_in_serializable: 0 0 %, local: 0 %
I0312 08:23:52.896605 256659 Coordinator.h:126] commit: 4 abort: 6140 (0/6140/0), network size: 0, avg network size: 0, si_in_serializable: 0 0 %, local: 0 %
I0312 08:23:53.896763 256659 Coordinator.h:126] commit: 4 abort: 6140 (0/6140/0), network size: 0, avg network size: 0, si_in_serializable: 0 0 %, local: 0 %
I0312 08:23:54.896895 256659 Coordinator.h:126] commit: 4 abort: 8188 (0/8188/0), network size: 0, avg network size: 0, si_in_serializable: 0 0 %, local: 0 %
I0312 08:23:55.897115 256659 Coordinator.h:126] commit: 4 abort: 6140 (0/6140/0), network size: 0, avg network size: 0, si_in_serializable: 0 0 %, local: 0 %
I0312 08:23:56.897284 256659 Coordinator.h:126] commit: 7 abort: 8185 (0/8185/0), network size: 0, avg network size: 0, si_in_serializable: 0 0 %, local: 0 %
I0312 08:23:57.897473 256659 Coordinator.h:126] commit: 4 abort: 6140 (0/6140/0), network size: 0, avg network size: 0, si_in_serializable: 0 0 %, local: 0 %
I0312 08:23:58.897629 256659 Coordinator.h:126] commit: 3 abort: 6141 (0/6141/0), network size: 0, avg network size: 0, si_in_serializable: 0 0 %, local: 0 %
I0312 08:23:59.897809 256659 Coordinator.h:126] commit: 5 abort: 8187 (0/8187/0), network size: 0, avg network size: 0, si_in_serializable: 0 0 %, local: 0 %
I0312 08:24:00.897984 256659 Coordinator.h:126] commit: 3 abort: 6141 (0/6141/0), network size: 0, avg network size: 0, si_in_serializable: 0 0 %, local: 0 %
I0312 08:24:01.898124 256659 Coordinator.h:126] commit: 4 abort: 8188 (0/8188/0), network size: 0, avg network size: 0, si_in_serializable: 0 0 %, local: 0 %
I0312 08:24:02.898238 256659 Coordinator.h:126] commit: 5 abort: 6139 (0/6139/0), network size: 0, avg network size: 0, si_in_serializable: 0 0 %, local: 0 %
I0312 08:24:03.898422 256659 Coordinator.h:126] commit: 7 abort: 6137 (0/6137/0), network size: 0, avg network size: 0, si_in_serializable: 0 0 %, local: 0 %
I0312 08:24:04.898579 256659 Coordinator.h:126] commit: 10 abort: 8182 (0/8182/0), network size: 0, avg network size: 0, si_in_serializable: 0 0 %, local: 0 %
I0312 08:24:05.898696 256659 Coordinator.h:126] commit: 4 abort: 8188 (0/8188/0), network size: 0, avg network size: 0, si_in_serializable: 0 0 %, local: 0 %
I0312 08:24:06.898821 256659 Coordinator.h:126] commit: 6 abort: 8186 (0/8186/0), network size: 0, avg network size: 0, si_in_serializable: 0 0 %, local: 0 %
I0312 08:24:07.899000 256659 Coordinator.h:126] commit: 7 abort: 6137 (0/6137/0), network size: 0, avg network size: 0, si_in_serializable: 0 0 %, local: 0 %
I0312 08:24:08.899151 256659 Coordinator.h:126] commit: 4 abort: 8188 (0/8188/0), network size: 0, avg network size: 0, si_in_serializable: 0 0 %, local: 0 %
I0312 08:24:09.899276 256659 Coordinator.h:126] commit: 6 abort: 8186 (0/8186/0), network size: 0, avg network size: 0, si_in_serializable: 0 0 %, local: 0 %
I0312 08:24:10.899411 256659 Coordinator.h:126] commit: 8 abort: 8184 (0/8184/0), network size: 0, avg network size: 0, si_in_serializable: 0 0 %, local: 0 %
I0312 08:24:11.899592 256659 Coordinator.h:126] commit: 3 abort: 6141 (0/6141/0), network size: 0, avg network size: 0, si_in_serializable: 0 0 %, local: 0 %
I0312 08:24:12.899740 256659 Coordinator.h:126] commit: 4 abort: 8188 (0/8188/0), network size: 0, avg network size: 0, si_in_serializable: 0 0 %, local: 0 %
I0312 08:24:13.899854 256659 Coordinator.h:126] commit: 4 abort: 8188 (0/8188/0), network size: 0, avg network size: 0, si_in_serializable: 0 0 %, local: 0 %
I0312 08:24:14.899967 256659 Coordinator.h:126] commit: 8 abort: 8184 (0/8184/0), network size: 0, avg network size: 0, si_in_serializable: 0 0 %, local: 0 %
I0312 08:24:15.900086 256659 Coordinator.h:126] commit: 6 abort: 8186 (0/8186/0), network size: 0, avg network size: 0, si_in_serializable: 0 0 %, local: 0 %
I0312 08:24:15.900130 256659 Coordinator.h:152] average commit: 6.1 abort: 7571.5 (0/7571.5/0), network size: 0, avg network size: 0, si_in_serializable: 0 0 %, local: 0 %
I0312 08:24:15.900173 256659 AriaExecutor.h:535] Worker 0 latency: 13611135 us (50%) 19134038 us (75%) 23831628 us (95%) 24860742 us (99%).
I0312 08:24:16.030277 256683 AriaExecutor.h:94] AriaExecutor 0 exits. 
I0312 08:24:16.030277 256684 Manager.h:227] Manager(worker id = 1) on the coordinator node exits.
I0312 08:24:16.030467 256659 Coordinator.h:177] total commit: 6.1
I0312 08:24:17.030606 256659 Coordinator.h:192] Coordinator exits.
