I0319 14:21:18.526280 43115 Database.h:65] ycsb initialization finished in 98 milliseconds.
I0319 14:21:18.526500 43115 Coordinator.h:30] Coordinator initializes 12 workers.
I0319 14:21:18.634307 43115 Coordinator.h:77] Coordinator starts to run 13 workers.
I0319 14:21:18.634398 43132 AriaExecutor.h:82] AriaExecutor 0 started. 
I0319 14:21:18.634445 43133 AriaExecutor.h:82] AriaExecutor 1 started. 
I0319 14:21:18.634553 43134 AriaExecutor.h:82] AriaExecutor 2 started. 
I0319 14:21:18.634675 43135 AriaExecutor.h:82] AriaExecutor 3 started. 
I0319 14:21:18.634793 43136 AriaExecutor.h:82] AriaExecutor 4 started. 
I0319 14:21:18.634913 43137 AriaExecutor.h:82] AriaExecutor 5 started. 
I0319 14:21:18.634959 43138 AriaExecutor.h:82] AriaExecutor 6 started. 
I0319 14:21:18.635053 43139 AriaExecutor.h:82] AriaExecutor 7 started. 
I0319 14:21:18.635111 43140 AriaExecutor.h:82] AriaExecutor 8 started. 
I0319 14:21:18.635206 43141 AriaExecutor.h:82] AriaExecutor 9 started. 
I0319 14:21:18.635324 43142 AriaExecutor.h:82] AriaExecutor 10 started. 
I0319 14:21:18.635442 43143 AriaExecutor.h:82] AriaExecutor 11 started. 
I0319 14:21:18.635565 43144 Manager.h:224] Manager(worker id = 12) on the coordinator node started.
I0319 14:21:19.635594 43115 Coordinator.h:126] commit: 32896 abort: 87104 (0/87104/0), network size: 0, avg network size: 0, si_in_serializable: 0 0 %, local: 0 %
I0319 14:21:20.635748 43115 Coordinator.h:126] commit: 38659 abort: 105341 (0/105341/0), network size: 0, avg network size: 0, si_in_serializable: 0 0 %, local: 0 %
I0319 14:21:21.635936 43115 Coordinator.h:126] commit: 41926 abort: 114074 (0/114074/0), network size: 0, avg network size: 0, si_in_serializable: 0 0 %, local: 0 %
I0319 14:21:22.636083 43115 Coordinator.h:126] commit: 41405 abort: 110595 (0/110595/0), network size: 0, avg network size: 0, si_in_serializable: 0 0 %, local: 0 %
I0319 14:21:23.636219 43115 Coordinator.h:126] commit: 41343 abort: 110657 (0/110657/0), network size: 0, avg network size: 0, si_in_serializable: 0 0 %, local: 0 %
I0319 14:21:24.636415 43115 Coordinator.h:126] commit: 38762 abort: 105238 (0/105238/0), network size: 0, avg network size: 0, si_in_serializable: 0 0 %, local: 0 %
I0319 14:21:25.636554 43115 Coordinator.h:126] commit: 40191 abort: 107809 (0/107809/0), network size: 0, avg network size: 0, si_in_serializable: 0 0 %, local: 0 %
I0319 14:21:26.636747 43115 Coordinator.h:126] commit: 40556 abort: 107444 (0/107444/0), network size: 0, avg network size: 0, si_in_serializable: 0 0 %, local: 0 %
I0319 14:21:27.636890 43115 Coordinator.h:126] commit: 40164 abort: 107836 (0/107836/0), network size: 0, avg network size: 0, si_in_serializable: 0 0 %, local: 0 %
I0319 14:21:28.637030 43115 Coordinator.h:126] commit: 39854 abort: 108146 (0/108146/0), network size: 0, avg network size: 0, si_in_serializable: 0 0 %, local: 0 %
I0319 14:21:29.637162 43115 Coordinator.h:126] commit: 40789 abort: 111211 (0/111211/0), network size: 0, avg network size: 0, si_in_serializable: 0 0 %, local: 0 %
I0319 14:21:30.637295 43115 Coordinator.h:126] commit: 40071 abort: 107929 (0/107929/0), network size: 0, avg network size: 0, si_in_serializable: 0 0 %, local: 0 %
I0319 14:21:31.637430 43115 Coordinator.h:126] commit: 41030 abort: 110970 (0/110970/0), network size: 0, avg network size: 0, si_in_serializable: 0 0 %, local: 0 %
I0319 14:21:32.637564 43115 Coordinator.h:126] commit: 40019 abort: 107981 (0/107981/0), network size: 0, avg network size: 0, si_in_serializable: 0 0 %, local: 0 %
I0319 14:21:33.637708 43115 Coordinator.h:126] commit: 40130 abort: 107870 (0/107870/0), network size: 0, avg network size: 0, si_in_serializable: 0 0 %, local: 0 %
I0319 14:21:34.637845 43115 Coordinator.h:126] commit: 40113 abort: 107887 (0/107887/0), network size: 0, avg network size: 0, si_in_serializable: 0 0 %, local: 0 %
I0319 14:21:35.637976 43115 Coordinator.h:126] commit: 39850 abort: 108150 (0/108150/0), network size: 0, avg network size: 0, si_in_serializable: 0 0 %, local: 0 %
I0319 14:21:36.638099 43115 Coordinator.h:126] commit: 39862 abort: 108138 (0/108138/0), network size: 0, avg network size: 0, si_in_serializable: 0 0 %, local: 0 %
I0319 14:21:37.638231 43115 Coordinator.h:126] commit: 38792 abort: 105208 (0/105208/0), network size: 0, avg network size: 0, si_in_serializable: 0 0 %, local: 0 %
I0319 14:21:38.638435 43115 Coordinator.h:126] commit: 40172 abort: 107828 (0/107828/0), network size: 0, avg network size: 0, si_in_serializable: 0 0 %, local: 0 %
I0319 14:21:39.638577 43115 Coordinator.h:126] commit: 39062 abort: 104938 (0/104938/0), network size: 0, avg network size: 0, si_in_serializable: 0 0 %, local: 0 %
I0319 14:21:40.638700 43115 Coordinator.h:126] commit: 40067 abort: 107933 (0/107933/0), network size: 0, avg network size: 0, si_in_serializable: 0 0 %, local: 0 %
I0319 14:21:41.638820 43115 Coordinator.h:126] commit: 38995 abort: 105005 (0/105005/0), network size: 0, avg network size: 0, si_in_serializable: 0 0 %, local: 0 %
I0319 14:21:42.638953 43115 Coordinator.h:126] commit: 40211 abort: 107789 (0/107789/0), network size: 0, avg network size: 0, si_in_serializable: 0 0 %, local: 0 %
I0319 14:21:43.639094 43115 Coordinator.h:126] commit: 39166 abort: 104834 (0/104834/0), network size: 0, avg network size: 0, si_in_serializable: 0 0 %, local: 0 %
I0319 14:21:43.639137 43115 Coordinator.h:152] average commit: 40082.8 abort: 108317 (0/108317/0), network size: 0, avg network size: 0, si_in_serializable: 0 0 %, local: 0 %
I0319 14:21:43.642066 43138 AriaExecutor.h:94] AriaExecutor 6 exits. 
I0319 14:21:43.642087 43135 AriaExecutor.h:94] AriaExecutor 3 exits. 
I0319 14:21:43.642078 43141 AriaExecutor.h:94] AriaExecutor 9 exits. 
I0319 14:21:43.642066 43132 AriaExecutor.h:94] AriaExecutor 0 exits. 
I0319 14:21:43.642079 43133 AriaExecutor.h:94] AriaExecutor 1 exits. 
I0319 14:21:43.642079 43134 AriaExecutor.h:94] AriaExecutor 2 exits. 
I0319 14:21:43.642066 43140 AriaExecutor.h:94] AriaExecutor 8 exits. 
I0319 14:21:43.642078 43143 AriaExecutor.h:94] AriaExecutor 11 exits. 
I0319 14:21:43.642088 43144 Manager.h:227] Manager(worker id = 12) on the coordinator node exits.
I0319 14:21:43.642081 43142 AriaExecutor.h:94] AriaExecutor 10 exits. 
I0319 14:21:43.642088 43139 AriaExecutor.h:94] AriaExecutor 7 exits. 
I0319 14:21:43.642078 43137 AriaExecutor.h:94] AriaExecutor 5 exits. 
I0319 14:21:43.642081 43136 AriaExecutor.h:94] AriaExecutor 4 exits. 
I0319 14:21:43.639181 43115 AriaExecutor.h:535] Worker 0 latency: 91433 us (50%) 116480 us (75%) 142713 us (95%) 169921 us (99%).
I0319 14:21:43.652616 43115 AriaExecutor.h:535] Worker 1 latency: 91381 us (50%) 116386 us (75%) 142338 us (95%) 149888 us (99%).
I0319 14:21:43.661824 43115 AriaExecutor.h:535] Worker 2 latency: 91342 us (50%) 116374 us (75%) 142247 us (95%) 148452 us (99%).
I0319 14:21:43.668489 43115 AriaExecutor.h:535] Worker 3 latency: 91314 us (50%) 116355 us (75%) 142075 us (95%) 147865 us (99%).
I0319 14:21:43.674079 43115 AriaExecutor.h:535] Worker 4 latency: 91364 us (50%) 116339 us (75%) 141895 us (95%) 147511 us (99%).
I0319 14:21:43.679107 43115 AriaExecutor.h:535] Worker 5 latency: 91374 us (50%) 116329 us (75%) 141837 us (95%) 147328 us (99%).
I0319 14:21:43.684027 43115 AriaExecutor.h:535] Worker 6 latency: 91337 us (50%) 116270 us (75%) 141495 us (95%) 147109 us (99%).
I0319 14:21:43.688933 43115 AriaExecutor.h:535] Worker 7 latency: 91316 us (50%) 116259 us (75%) 141384 us (95%) 146926 us (99%).
I0319 14:21:43.693774 43115 AriaExecutor.h:535] Worker 8 latency: 91316 us (50%) 116211 us (75%) 141075 us (95%) 146744 us (99%).
I0319 14:21:43.698652 43115 AriaExecutor.h:535] Worker 9 latency: 91339 us (50%) 116216 us (75%) 140841 us (95%) 146633 us (99%).
I0319 14:21:43.703598 43115 AriaExecutor.h:535] Worker 10 latency: 91285 us (50%) 116148 us (75%) 140171 us (95%) 146502 us (99%).
I0319 14:21:43.708472 43115 AriaExecutor.h:535] Worker 11 latency: 91328 us (50%) 116185 us (75%) 139779 us (95%) 146382 us (99%).
I0319 14:21:43.713339 43115 Coordinator.h:177] total commit: 40082.8
I0319 14:21:44.713527 43115 Coordinator.h:192] Coordinator exits.
