I0319 14:22:13.176201 43449 Database.h:65] ycsb initialization finished in 99 milliseconds.
I0319 14:22:13.176456 43449 Coordinator.h:30] Coordinator initializes 12 workers.
I0319 14:22:13.330857 43449 Coordinator.h:77] Coordinator starts to run 13 workers.
I0319 14:22:13.330941 43471 AriaExecutor.h:82] AriaExecutor 0 started. 
I0319 14:22:13.330991 43472 AriaExecutor.h:82] AriaExecutor 1 started. 
I0319 14:22:13.331097 43473 AriaExecutor.h:82] AriaExecutor 2 started. 
I0319 14:22:13.331218 43474 AriaExecutor.h:82] AriaExecutor 3 started. 
I0319 14:22:13.331341 43475 AriaExecutor.h:82] AriaExecutor 4 started. 
I0319 14:22:13.331389 43476 AriaExecutor.h:82] AriaExecutor 5 started. 
I0319 14:22:13.331473 43477 AriaExecutor.h:82] AriaExecutor 6 started. 
I0319 14:22:13.331593 43478 AriaExecutor.h:82] AriaExecutor 7 started. 
I0319 14:22:13.331642 43479 AriaExecutor.h:82] AriaExecutor 8 started. 
I0319 14:22:13.331737 43480 AriaExecutor.h:82] AriaExecutor 9 started. 
I0319 14:22:13.331812 43481 AriaExecutor.h:82] AriaExecutor 10 started. 
I0319 14:22:13.331903 43482 AriaExecutor.h:82] AriaExecutor 11 started. 
I0319 14:22:13.331979 43483 Manager.h:224] Manager(worker id = 12) on the coordinator node started.
I0319 14:22:14.332031 43449 Coordinator.h:126] commit: 22694 abort: 97306 (0/97306/0), network size: 0, avg network size: 0, si_in_serializable: 0 0 %, local: 0 %
I0319 14:22:15.332198 43449 Coordinator.h:126] commit: 26244 abort: 117756 (0/117756/0), network size: 0, avg network size: 0, si_in_serializable: 0 0 %, local: 0 %
I0319 14:22:16.332410 43449 Coordinator.h:126] commit: 29701 abort: 132299 (0/132299/0), network size: 0, avg network size: 0, si_in_serializable: 0 0 %, local: 0 %
I0319 14:22:17.332551 43449 Coordinator.h:126] commit: 29152 abort: 132848 (0/132848/0), network size: 0, avg network size: 0, si_in_serializable: 0 0 %, local: 0 %
I0319 14:22:18.332674 43449 Coordinator.h:126] commit: 28453 abort: 127547 (0/127547/0), network size: 0, avg network size: 0, si_in_serializable: 0 0 %, local: 0 %
I0319 14:22:19.332799 43449 Coordinator.h:126] commit: 27756 abort: 128244 (0/128244/0), network size: 0, avg network size: 0, si_in_serializable: 0 0 %, local: 0 %
I0319 14:22:20.332916 43449 Coordinator.h:126] commit: 27752 abort: 123973 (0/123973/0), network size: 0, avg network size: 0, si_in_serializable: 0 0 %, local: 0 %
I0319 14:22:21.333106 43449 Coordinator.h:126] commit: 27318 abort: 126956 (0/126956/0), network size: 0, avg network size: 0, si_in_serializable: 0 0 %, local: 0 %
I0319 14:22:22.333266 43449 Coordinator.h:126] commit: 26952 abort: 123048 (0/123048/0), network size: 0, avg network size: 0, si_in_serializable: 0 0 %, local: 0 %
I0319 14:22:23.333401 43449 Coordinator.h:126] commit: 27934 abort: 128066 (0/128066/0), network size: 0, avg network size: 0, si_in_serializable: 0 0 %, local: 0 %
I0319 14:22:24.333523 43449 Coordinator.h:126] commit: 27010 abort: 122990 (0/122990/0), network size: 0, avg network size: 0, si_in_serializable: 0 0 %, local: 0 %
I0319 14:22:25.333637 43449 Coordinator.h:126] commit: 26860 abort: 123140 (0/123140/0), network size: 0, avg network size: 0, si_in_serializable: 0 0 %, local: 0 %
I0319 14:22:26.333760 43449 Coordinator.h:126] commit: 28448 abort: 127552 (0/127552/0), network size: 0, avg network size: 0, si_in_serializable: 0 0 %, local: 0 %
I0319 14:22:27.333887 43449 Coordinator.h:126] commit: 27202 abort: 122798 (0/122798/0), network size: 0, avg network size: 0, si_in_serializable: 0 0 %, local: 0 %
I0319 14:22:28.334015 43449 Coordinator.h:126] commit: 28161 abort: 127839 (0/127839/0), network size: 0, avg network size: 0, si_in_serializable: 0 0 %, local: 0 %
I0319 14:22:29.334195 43449 Coordinator.h:126] commit: 28161 abort: 127839 (0/127839/0), network size: 0, avg network size: 0, si_in_serializable: 0 0 %, local: 0 %
I0319 14:22:30.334332 43449 Coordinator.h:126] commit: 28078 abort: 127922 (0/127922/0), network size: 0, avg network size: 0, si_in_serializable: 0 0 %, local: 0 %
I0319 14:22:31.334450 43449 Coordinator.h:126] commit: 27333 abort: 122667 (0/122667/0), network size: 0, avg network size: 0, si_in_serializable: 0 0 %, local: 0 %
I0319 14:22:32.334573 43449 Coordinator.h:126] commit: 28129 abort: 127871 (0/127871/0), network size: 0, avg network size: 0, si_in_serializable: 0 0 %, local: 0 %
I0319 14:22:33.334692 43449 Coordinator.h:126] commit: 27266 abort: 122734 (0/122734/0), network size: 0, avg network size: 0, si_in_serializable: 0 0 %, local: 0 %
I0319 14:22:34.334810 43449 Coordinator.h:126] commit: 28179 abort: 127821 (0/127821/0), network size: 0, avg network size: 0, si_in_serializable: 0 0 %, local: 0 %
I0319 14:22:35.334939 43449 Coordinator.h:126] commit: 27270 abort: 122730 (0/122730/0), network size: 0, avg network size: 0, si_in_serializable: 0 0 %, local: 0 %
I0319 14:22:36.335073 43449 Coordinator.h:126] commit: 28019 abort: 127981 (0/127981/0), network size: 0, avg network size: 0, si_in_serializable: 0 0 %, local: 0 %
I0319 14:22:37.335215 43449 Coordinator.h:126] commit: 27175 abort: 122825 (0/122825/0), network size: 0, avg network size: 0, si_in_serializable: 0 0 %, local: 0 %
I0319 14:22:38.335340 43449 Coordinator.h:126] commit: 26934 abort: 123066 (0/123066/0), network size: 0, avg network size: 0, si_in_serializable: 0 0 %, local: 0 %
I0319 14:22:38.335384 43449 Coordinator.h:152] average commit: 27664.8 abort: 125335 (0/125335/0), network size: 0, avg network size: 0, si_in_serializable: 0 0 %, local: 0 %
I0319 14:22:38.345536 43478 AriaExecutor.h:94] AriaExecutor 7 exits. 
I0319 14:22:38.345546 43473 AriaExecutor.h:94] AriaExecutor 2 exits. 
I0319 14:22:38.345537 43477 AriaExecutor.h:94] AriaExecutor 6 exits. 
I0319 14:22:38.345546 43482 AriaExecutor.h:94] AriaExecutor 11 exits. 
I0319 14:22:38.345554 43475 AriaExecutor.h:94] AriaExecutor 4 exits. 
I0319 14:22:38.345546 43471 AriaExecutor.h:94] AriaExecutor 0 exits. 
I0319 14:22:38.345546 43479 AriaExecutor.h:94] AriaExecutor 8 exits. 
I0319 14:22:38.345546 43481 AriaExecutor.h:94] AriaExecutor 10 exits. 
I0319 14:22:38.345554 43472 AriaExecutor.h:94] AriaExecutor 1 exits. 
I0319 14:22:38.345556 43476 AriaExecutor.h:94] AriaExecutor 5 exits. 
I0319 14:22:38.345556 43483 Manager.h:227] Manager(worker id = 12) on the coordinator node exits.
I0319 14:22:38.345546 43474 AriaExecutor.h:94] AriaExecutor 3 exits. 
I0319 14:22:38.345544 43480 AriaExecutor.h:94] AriaExecutor 9 exits. 
I0319 14:22:38.335431 43449 AriaExecutor.h:535] Worker 0 latency: 208634 us (50%) 244676 us (75%) 278937 us (95%) 321804 us (99%).
I0319 14:22:38.345996 43449 AriaExecutor.h:535] Worker 1 latency: 208612 us (50%) 244135 us (75%) 273532 us (95%) 301402 us (99%).
I0319 14:22:38.354575 43449 AriaExecutor.h:535] Worker 2 latency: 208669 us (50%) 244559 us (75%) 272242 us (95%) 298249 us (99%).
I0319 14:22:38.360493 43449 AriaExecutor.h:535] Worker 3 latency: 208725 us (50%) 244418 us (75%) 270676 us (95%) 295516 us (99%).
I0319 14:22:38.365756 43449 AriaExecutor.h:535] Worker 4 latency: 208583 us (50%) 243237 us (75%) 264574 us (95%) 292793 us (99%).
I0319 14:22:38.369714 43449 AriaExecutor.h:535] Worker 5 latency: 208550 us (50%) 242985 us (75%) 264102 us (95%) 292729 us (99%).
I0319 14:22:38.373615 43449 AriaExecutor.h:535] Worker 6 latency: 208616 us (50%) 243853 us (75%) 263498 us (95%) 291960 us (99%).
I0319 14:22:38.377439 43449 AriaExecutor.h:535] Worker 7 latency: 208572 us (50%) 242488 us (75%) 263057 us (95%) 292294 us (99%).
I0319 14:22:38.381250 43449 AriaExecutor.h:535] Worker 8 latency: 208530 us (50%) 242421 us (75%) 262031 us (95%) 291542 us (99%).
I0319 14:22:38.385033 43449 AriaExecutor.h:535] Worker 9 latency: 208490 us (50%) 241381 us (75%) 261194 us (95%) 291089 us (99%).
I0319 14:22:38.388849 43449 AriaExecutor.h:535] Worker 10 latency: 208558 us (50%) 241695 us (75%) 260718 us (95%) 291397 us (99%).
I0319 14:22:38.392627 43449 AriaExecutor.h:535] Worker 11 latency: 208494 us (50%) 241824 us (75%) 260319 us (95%) 291016 us (99%).
I0319 14:22:38.396400 43449 Coordinator.h:177] total commit: 27664.8
I0319 14:22:39.396596 43449 Coordinator.h:192] Coordinator exits.
