I0319 15:17:52.201040 59765 Database.h:65] ycsb initialization finished in 97 milliseconds.
I0319 15:17:52.201270 59765 Coordinator.h:30] Coordinator initializes 12 workers.
I0319 15:17:52.427701 59765 Coordinator.h:77] Coordinator starts to run 13 workers.
I0319 15:17:52.427796 59781 AriaExecutor.h:94] AriaExecutor 0 started. 
I0319 15:17:52.427855 59782 AriaExecutor.h:94] AriaExecutor 1 started. 
I0319 15:17:52.427959 59783 AriaExecutor.h:94] AriaExecutor 2 started. 
I0319 15:17:52.427999 59784 AriaExecutor.h:94] AriaExecutor 3 started. 
I0319 15:17:52.428108 59785 AriaExecutor.h:94] AriaExecutor 4 started. 
I0319 15:17:52.428133 59786 AriaExecutor.h:94] AriaExecutor 5 started. 
I0319 15:17:52.428284 59787 AriaExecutor.h:94] AriaExecutor 6 started. 
I0319 15:17:52.428297 59788 AriaExecutor.h:94] AriaExecutor 7 started. 
I0319 15:17:52.428406 59789 AriaExecutor.h:94] AriaExecutor 8 started. 
I0319 15:17:52.428524 59790 AriaExecutor.h:94] AriaExecutor 9 started. 
I0319 15:17:52.428637 59791 AriaExecutor.h:94] AriaExecutor 10 started. 
I0319 15:17:52.428754 59792 AriaExecutor.h:94] AriaExecutor 11 started. 
I0319 15:17:52.428877 59793 Manager.h:224] Manager(worker id = 12) on the coordinator node started.
I0319 15:17:53.428901 59765 Coordinator.h:126] commit: 15668 abort: 110332 (0/110332/0), network size: 0, avg network size: 0, si_in_serializable: 0 0 %, local: 0 %
I0319 15:17:54.429049 59765 Coordinator.h:126] commit: 16812 abort: 127188 (0/127188/0), network size: 0, avg network size: 0, si_in_serializable: 0 0 %, local: 0 %
I0319 15:17:55.429244 59765 Coordinator.h:126] commit: 20079 abort: 150921 (0/150921/0), network size: 0, avg network size: 0, si_in_serializable: 0 0 %, local: 0 %
I0319 15:17:56.429379 59765 Coordinator.h:126] commit: 19916 abort: 151084 (0/151084/0), network size: 0, avg network size: 0, si_in_serializable: 0 0 %, local: 0 %
I0319 15:17:57.429498 59765 Coordinator.h:126] commit: 19972 abort: 151028 (0/151028/0), network size: 0, avg network size: 0, si_in_serializable: 0 0 %, local: 0 %
I0319 15:17:58.429618 59765 Coordinator.h:126] commit: 20163 abort: 150837 (0/150837/0), network size: 0, avg network size: 0, si_in_serializable: 0 0 %, local: 0 %
I0319 15:17:59.429759 59765 Coordinator.h:126] commit: 19136 abort: 142864 (0/142864/0), network size: 0, avg network size: 0, si_in_serializable: 0 0 %, local: 0 %
I0319 15:18:00.429967 59765 Coordinator.h:126] commit: 19381 abort: 142619 (0/142619/0), network size: 0, avg network size: 0, si_in_serializable: 0 0 %, local: 0 %
I0319 15:18:01.430130 59765 Coordinator.h:126] commit: 19063 abort: 142937 (0/142937/0), network size: 0, avg network size: 0, si_in_serializable: 0 0 %, local: 0 %
I0319 15:18:02.430244 59765 Coordinator.h:126] commit: 19239 abort: 142761 (0/142761/0), network size: 0, avg network size: 0, si_in_serializable: 0 0 %, local: 0 %
I0319 15:18:03.430361 59765 Coordinator.h:126] commit: 19003 abort: 142997 (0/142997/0), network size: 0, avg network size: 0, si_in_serializable: 0 0 %, local: 0 %
I0319 15:18:04.430480 59765 Coordinator.h:126] commit: 19253 abort: 142747 (0/142747/0), network size: 0, avg network size: 0, si_in_serializable: 0 0 %, local: 0 %
I0319 15:18:05.430612 59765 Coordinator.h:126] commit: 19136 abort: 142864 (0/142864/0), network size: 0, avg network size: 0, si_in_serializable: 0 0 %, local: 0 %
I0319 15:18:06.430754 59765 Coordinator.h:126] commit: 18009 abort: 134991 (0/134991/0), network size: 0, avg network size: 0, si_in_serializable: 0 0 %, local: 0 %
I0319 15:18:07.430962 59765 Coordinator.h:126] commit: 19359 abort: 142641 (0/142641/0), network size: 0, avg network size: 0, si_in_serializable: 0 0 %, local: 0 %
I0319 15:18:08.431095 59765 Coordinator.h:126] commit: 19188 abort: 142812 (0/142812/0), network size: 0, avg network size: 0, si_in_serializable: 0 0 %, local: 0 %
I0319 15:18:09.431221 59765 Coordinator.h:126] commit: 19332 abort: 142668 (0/142668/0), network size: 0, avg network size: 0, si_in_serializable: 0 0 %, local: 0 %
I0319 15:18:10.431365 59765 Coordinator.h:126] commit: 18961 abort: 143039 (0/143039/0), network size: 0, avg network size: 0, si_in_serializable: 0 0 %, local: 0 %
I0319 15:18:11.431494 59765 Coordinator.h:126] commit: 19296 abort: 142704 (0/142704/0), network size: 0, avg network size: 0, si_in_serializable: 0 0 %, local: 0 %
I0319 15:18:12.431619 59765 Coordinator.h:126] commit: 19114 abort: 142886 (0/142886/0), network size: 0, avg network size: 0, si_in_serializable: 0 0 %, local: 0 %
I0319 15:18:13.431738 59765 Coordinator.h:126] commit: 19057 abort: 142943 (0/142943/0), network size: 0, avg network size: 0, si_in_serializable: 0 0 %, local: 0 %
I0319 15:18:14.431859 59765 Coordinator.h:126] commit: 19221 abort: 142779 (0/142779/0), network size: 0, avg network size: 0, si_in_serializable: 0 0 %, local: 0 %
I0319 15:18:15.431985 59765 Coordinator.h:126] commit: 19291 abort: 142709 (0/142709/0), network size: 0, avg network size: 0, si_in_serializable: 0 0 %, local: 0 %
I0319 15:18:16.432114 59765 Coordinator.h:126] commit: 19136 abort: 142864 (0/142864/0), network size: 0, avg network size: 0, si_in_serializable: 0 0 %, local: 0 %
I0319 15:18:17.432225 59765 Coordinator.h:126] commit: 19226 abort: 142774 (0/142774/0), network size: 0, avg network size: 0, si_in_serializable: 0 0 %, local: 0 %
I0319 15:18:17.432323 59765 Coordinator.h:152] average commit: 19065.1 abort: 142035 (0/142035/0), network size: 0, avg network size: 0, si_in_serializable: 0 0 %, local: 0 %
I0319 15:18:17.432368 59765 AriaExecutor.h:646] Worker 0 latency: 461658 us (50%) 515573 us (75%) 574299 us (95%) 628605 us (99%).
I0319 15:18:17.444512 59791 AriaExecutor.h:106] AriaExecutor 10 exits. 
I0319 15:18:17.444532 59792 AriaExecutor.h:106] AriaExecutor 11 exits. 
I0319 15:18:17.444520 59790 AriaExecutor.h:106] AriaExecutor 9 exits. 
I0319 15:18:17.444521 59789 AriaExecutor.h:106] AriaExecutor 8 exits. 
I0319 15:18:17.444520 59786 AriaExecutor.h:106] AriaExecutor 5 exits. 
I0319 15:18:17.444520 59784 AriaExecutor.h:106] AriaExecutor 3 exits. 
I0319 15:18:17.444522 59781 AriaExecutor.h:106] AriaExecutor 0 exits. 
I0319 15:18:17.444523 59783 AriaExecutor.h:106] AriaExecutor 2 exits. 
I0319 15:18:17.444523 59788 AriaExecutor.h:106] AriaExecutor 7 exits. 
I0319 15:18:17.444530 59793 Manager.h:227] Manager(worker id = 12) on the coordinator node exits.
I0319 15:18:17.444520 59787 AriaExecutor.h:106] AriaExecutor 6 exits. 
I0319 15:18:17.444521 59785 AriaExecutor.h:106] AriaExecutor 4 exits. 
I0319 15:18:17.444521 59782 AriaExecutor.h:106] AriaExecutor 1 exits. 
I0319 15:18:17.444754 59765 AriaExecutor.h:646] Worker 1 latency: 461550 us (50%) 515429 us (75%) 573799 us (95%) 624948 us (99%).
I0319 15:18:17.451319 59765 AriaExecutor.h:646] Worker 2 latency: 461538 us (50%) 515329 us (75%) 573695 us (95%) 623844 us (99%).
I0319 15:18:17.457471 59765 AriaExecutor.h:646] Worker 3 latency: 461495 us (50%) 515264 us (75%) 573065 us (95%) 619943 us (99%).
I0319 15:18:17.461719 59765 AriaExecutor.h:646] Worker 4 latency: 461502 us (50%) 515140 us (75%) 572977 us (95%) 618330 us (99%).
I0319 15:18:17.465970 59765 AriaExecutor.h:646] Worker 5 latency: 461382 us (50%) 514994 us (75%) 572434 us (95%) 616169 us (99%).
I0319 15:18:17.469051 59765 AriaExecutor.h:646] Worker 6 latency: 461553 us (50%) 515042 us (75%) 572278 us (95%) 614391 us (99%).
I0319 15:18:17.471961 59765 AriaExecutor.h:646] Worker 7 latency: 461463 us (50%) 515077 us (75%) 572280 us (95%) 613511 us (99%).
I0319 15:18:17.474800 59765 AriaExecutor.h:646] Worker 8 latency: 461572 us (50%) 515046 us (75%) 571899 us (95%) 612718 us (99%).
I0319 15:18:17.477506 59765 AriaExecutor.h:646] Worker 9 latency: 461516 us (50%) 515026 us (75%) 571920 us (95%) 613161 us (99%).
I0319 15:18:17.479990 59765 AriaExecutor.h:646] Worker 10 latency: 461453 us (50%) 515007 us (75%) 571533 us (95%) 611911 us (99%).
I0319 15:18:17.482439 59765 AriaExecutor.h:646] Worker 11 latency: 461322 us (50%) 514937 us (75%) 571378 us (95%) 611904 us (99%).
I0319 15:18:17.484905 59765 Coordinator.h:177] total commit: 19065.1
I0319 15:18:18.485105 59765 Coordinator.h:192] Coordinator exits.
