I0319 14:59:39.871800 54469 Database.h:65] ycsb initialization finished in 110 milliseconds.
I0319 14:59:39.872010 54469 Coordinator.h:30] Coordinator initializes 12 workers.
I0319 14:59:40.096204 54469 Coordinator.h:77] Coordinator starts to run 13 workers.
I0319 14:59:40.096303 54491 AriaExecutor.h:82] AriaExecutor 0 started. 
I0319 14:59:40.096361 54492 AriaExecutor.h:82] AriaExecutor 1 started. 
I0319 14:59:40.096479 54493 AriaExecutor.h:82] AriaExecutor 2 started. 
I0319 14:59:40.096515 54494 AriaExecutor.h:82] AriaExecutor 3 started. 
I0319 14:59:40.096632 54495 AriaExecutor.h:82] AriaExecutor 4 started. 
I0319 14:59:40.096676 54496 AriaExecutor.h:82] AriaExecutor 5 started. 
I0319 14:59:40.096777 54497 AriaExecutor.h:82] AriaExecutor 6 started. 
I0319 14:59:40.096786 54498 AriaExecutor.h:82] AriaExecutor 7 started. 
I0319 14:59:40.096903 54499 AriaExecutor.h:82] AriaExecutor 8 started. 
I0319 14:59:40.096911 54500 AriaExecutor.h:82] AriaExecutor 9 started. 
I0319 14:59:40.097048 54501 AriaExecutor.h:82] AriaExecutor 10 started. 
I0319 14:59:40.097049 54502 AriaExecutor.h:82] AriaExecutor 11 started. 
I0319 14:59:40.097177 54503 Manager.h:224] Manager(worker id = 12) on the coordinator node started.
I0319 14:59:41.097177 54469 Coordinator.h:126] commit: 427 abort: 224573 (0/224573/0), network size: 0, avg network size: 0, si_in_serializable: 0 0 %, local: 0 %
I0319 14:59:42.097339 54469 Coordinator.h:126] commit: 440 abort: 233560 (0/233560/0), network size: 0, avg network size: 0, si_in_serializable: 0 0 %, local: 0 %
I0319 14:59:43.097541 54469 Coordinator.h:126] commit: 675 abort: 278325 (0/278325/0), network size: 0, avg network size: 0, si_in_serializable: 0 0 %, local: 0 %
I0319 14:59:44.097709 54469 Coordinator.h:126] commit: 811 abort: 278189 (0/278189/0), network size: 0, avg network size: 0, si_in_serializable: 0 0 %, local: 0 %
I0319 14:59:45.097855 54469 Coordinator.h:126] commit: 912 abort: 269088 (0/269088/0), network size: 0, avg network size: 0, si_in_serializable: 0 0 %, local: 0 %
I0319 14:59:46.097998 54469 Coordinator.h:126] commit: 914 abort: 269086 (0/269086/0), network size: 0, avg network size: 0, si_in_serializable: 0 0 %, local: 0 %
I0319 14:59:47.098145 54469 Coordinator.h:126] commit: 1051 abort: 277949 (0/277949/0), network size: 0, avg network size: 0, si_in_serializable: 0 0 %, local: 0 %
I0319 14:59:48.098346 54469 Coordinator.h:126] commit: 917 abort: 260083 (0/260083/0), network size: 0, avg network size: 0, si_in_serializable: 0 0 %, local: 0 %
I0319 14:59:49.098505 54469 Coordinator.h:126] commit: 1060 abort: 268940 (0/268940/0), network size: 0, avg network size: 0, si_in_serializable: 0 0 %, local: 0 %
I0319 14:59:50.098650 54469 Coordinator.h:126] commit: 1023 abort: 259977 (0/259977/0), network size: 0, avg network size: 0, si_in_serializable: 0 0 %, local: 0 %
I0319 14:59:51.098801 54469 Coordinator.h:126] commit: 1093 abort: 259907 (0/259907/0), network size: 0, avg network size: 0, si_in_serializable: 0 0 %, local: 0 %
I0319 14:59:52.098941 54469 Coordinator.h:126] commit: 1154 abort: 259846 (0/259846/0), network size: 0, avg network size: 0, si_in_serializable: 0 0 %, local: 0 %
I0319 14:59:53.099076 54469 Coordinator.h:126] commit: 1140 abort: 259860 (0/259860/0), network size: 0, avg network size: 0, si_in_serializable: 0 0 %, local: 0 %
I0319 14:59:54.099216 54469 Coordinator.h:126] commit: 1092 abort: 250908 (0/250908/0), network size: 0, avg network size: 0, si_in_serializable: 0 0 %, local: 0 %
I0319 14:59:55.099419 54469 Coordinator.h:126] commit: 1235 abort: 259765 (0/259765/0), network size: 0, avg network size: 0, si_in_serializable: 0 0 %, local: 0 %
I0319 14:59:56.099582 54469 Coordinator.h:126] commit: 1161 abort: 250839 (0/250839/0), network size: 0, avg network size: 0, si_in_serializable: 0 0 %, local: 0 %
I0319 14:59:57.099735 54469 Coordinator.h:126] commit: 1208 abort: 259792 (0/259792/0), network size: 0, avg network size: 0, si_in_serializable: 0 0 %, local: 0 %
I0319 14:59:58.099874 54469 Coordinator.h:126] commit: 1178 abort: 250822 (0/250822/0), network size: 0, avg network size: 0, si_in_serializable: 0 0 %, local: 0 %
I0319 14:59:59.100030 54469 Coordinator.h:126] commit: 1189 abort: 250811 (0/250811/0), network size: 0, avg network size: 0, si_in_serializable: 0 0 %, local: 0 %
I0319 15:00:00.100181 54469 Coordinator.h:126] commit: 1249 abort: 250751 (0/250751/0), network size: 0, avg network size: 0, si_in_serializable: 0 0 %, local: 0 %
I0319 15:00:01.100329 54469 Coordinator.h:126] commit: 1306 abort: 259694 (0/259694/0), network size: 0, avg network size: 0, si_in_serializable: 0 0 %, local: 0 %
I0319 15:00:02.100476 54469 Coordinator.h:126] commit: 1314 abort: 250686 (0/250686/0), network size: 0, avg network size: 0, si_in_serializable: 0 0 %, local: 0 %
I0319 15:00:03.100613 54469 Coordinator.h:126] commit: 1313 abort: 250687 (0/250687/0), network size: 0, avg network size: 0, si_in_serializable: 0 0 %, local: 0 %
I0319 15:00:04.100764 54469 Coordinator.h:126] commit: 1353 abort: 250647 (0/250647/0), network size: 0, avg network size: 0, si_in_serializable: 0 0 %, local: 0 %
I0319 15:00:05.100906 54469 Coordinator.h:126] commit: 1364 abort: 250636 (0/250636/0), network size: 0, avg network size: 0, si_in_serializable: 0 0 %, local: 0 %
I0319 15:00:05.100955 54469 Coordinator.h:152] average commit: 1169.9 abort: 255330 (0/255330/0), network size: 0, avg network size: 0, si_in_serializable: 0 0 %, local: 0 %
I0319 15:00:05.100999 54469 AriaExecutor.h:535] Worker 0 latency: 1395581 us (50%) 3598410 us (75%) 20204677 us (95%) 23959900 us (99%).
I0319 15:00:05.102106 54497 AriaExecutor.h:94] AriaExecutor 6 exits. 
I0319 15:00:05.102120 54494 AriaExecutor.h:94] AriaExecutor 3 exits. 
I0319 15:00:05.102108 54501 AriaExecutor.h:94] AriaExecutor 10 exits. 
I0319 15:00:05.102114 54500 AriaExecutor.h:94] AriaExecutor 9 exits. 
I0319 15:00:05.102114 54496 AriaExecutor.h:94] AriaExecutor 5 exits. 
I0319 15:00:05.102125 54493 AriaExecutor.h:94] AriaExecutor 2 exits. 
I0319 15:00:05.102115 54502 AriaExecutor.h:94] AriaExecutor 11 exits. 
I0319 15:00:05.102106 54503 Manager.h:227] Manager(worker id = 12) on the coordinator node exits.
I0319 15:00:05.102114 54495 AriaExecutor.h:94] AriaExecutor 4 exits. 
I0319 15:00:05.102116 54491 AriaExecutor.h:94] AriaExecutor 0 exits. 
I0319 15:00:05.102106 54498 AriaExecutor.h:94] AriaExecutor 7 exits. 
I0319 15:00:05.102119 54499 AriaExecutor.h:94] AriaExecutor 8 exits. 
I0319 15:00:05.102106 54492 AriaExecutor.h:94] AriaExecutor 1 exits. 
I0319 15:00:05.102355 54469 AriaExecutor.h:535] Worker 1 latency: 822119 us (50%) 1854743 us (75%) 16353349 us (95%) 23463625 us (99%).
I0319 15:00:05.102666 54469 AriaExecutor.h:535] Worker 2 latency: 720070 us (50%) 1559144 us (75%) 9452635 us (95%) 21799017 us (99%).
I0319 15:00:05.102962 54469 AriaExecutor.h:535] Worker 3 latency: 679021 us (50%) 1392109 us (75%) 6097033 us (95%) 21587188 us (99%).
I0319 15:00:05.103245 54469 AriaExecutor.h:535] Worker 4 latency: 788406 us (50%) 1574743 us (75%) 3687786 us (95%) 17693361 us (99%).
I0319 15:00:05.103617 54469 AriaExecutor.h:535] Worker 5 latency: 1035067 us (50%) 1867087 us (75%) 3919291 us (95%) 17728632 us (99%).
I0319 15:00:05.103986 54469 AriaExecutor.h:535] Worker 6 latency: 972128 us (50%) 1777116 us (75%) 3874278 us (95%) 19421202 us (99%).
I0319 15:00:05.104379 54469 AriaExecutor.h:535] Worker 7 latency: 756787 us (50%) 1503642 us (75%) 3557339 us (95%) 15438059 us (99%).
I0319 15:00:05.104722 54469 AriaExecutor.h:535] Worker 8 latency: 686466 us (50%) 1389697 us (75%) 3171535 us (95%) 13817539 us (99%).
I0319 15:00:05.105039 54469 AriaExecutor.h:535] Worker 9 latency: 765720 us (50%) 1503021 us (75%) 3387393 us (95%) 15824677 us (99%).
I0319 15:00:05.105362 54469 AriaExecutor.h:535] Worker 10 latency: 651135 us (50%) 1382237 us (75%) 3194534 us (95%) 13606736 us (99%).
I0319 15:00:05.105674 54469 AriaExecutor.h:535] Worker 11 latency: 920367 us (50%) 1678823 us (75%) 3514790 us (95%) 13949843 us (99%).
I0319 15:00:05.106066 54469 Coordinator.h:177] total commit: 1169.9
I0319 15:00:06.106308 54469 Coordinator.h:192] Coordinator exits.
