I0319 15:22:23.979859 61049 Database.h:65] ycsb initialization finished in 98 milliseconds.
I0319 15:22:23.980080 61049 Coordinator.h:30] Coordinator initializes 12 workers.
I0319 15:22:24.207093 61049 Coordinator.h:77] Coordinator starts to run 13 workers.
I0319 15:22:24.207196 61065 AriaExecutor.h:94] AriaExecutor 0 started. 
I0319 15:22:24.207258 61066 AriaExecutor.h:94] AriaExecutor 1 started. 
I0319 15:22:24.207357 61067 AriaExecutor.h:94] AriaExecutor 2 started. 
I0319 15:22:24.207487 61068 AriaExecutor.h:94] AriaExecutor 3 started. 
I0319 15:22:24.207521 61069 AriaExecutor.h:94] AriaExecutor 4 started. 
I0319 15:22:24.207623 61070 AriaExecutor.h:94] AriaExecutor 5 started. 
I0319 15:22:24.207737 61071 AriaExecutor.h:94] AriaExecutor 6 started. 
I0319 15:22:24.207852 61072 AriaExecutor.h:94] AriaExecutor 7 started. 
I0319 15:22:24.207911 61073 AriaExecutor.h:94] AriaExecutor 8 started. 
I0319 15:22:24.208011 61074 AriaExecutor.h:94] AriaExecutor 9 started. 
I0319 15:22:24.208071 61075 AriaExecutor.h:94] AriaExecutor 10 started. 
I0319 15:22:24.208163 61076 AriaExecutor.h:94] AriaExecutor 11 started. 
I0319 15:22:24.208313 61077 Manager.h:224] Manager(worker id = 12) on the coordinator node started.
I0319 15:22:25.208312 61049 Coordinator.h:126] commit: 12589 abort: 122411 (0/122411/0), network size: 0, avg network size: 0, si_in_serializable: 0 0 %, local: 0 %
I0319 15:22:26.208472 61049 Coordinator.h:126] commit: 12079 abort: 122921 (0/122921/0), network size: 0, avg network size: 0, si_in_serializable: 0 0 %, local: 0 %
I0319 15:22:27.208657 61049 Coordinator.h:126] commit: 15609 abort: 164391 (0/164391/0), network size: 0, avg network size: 0, si_in_serializable: 0 0 %, local: 0 %
I0319 15:22:28.208813 61049 Coordinator.h:126] commit: 15993 abort: 164007 (0/164007/0), network size: 0, avg network size: 0, si_in_serializable: 0 0 %, local: 0 %
I0319 15:22:29.208940 61049 Coordinator.h:126] commit: 15948 abort: 164052 (0/164052/0), network size: 0, avg network size: 0, si_in_serializable: 0 0 %, local: 0 %
I0319 15:22:30.209077 61049 Coordinator.h:126] commit: 16235 abort: 163765 (0/163765/0), network size: 0, avg network size: 0, si_in_serializable: 0 0 %, local: 0 %
I0319 15:22:31.209223 61049 Coordinator.h:126] commit: 15154 abort: 155846 (0/155846/0), network size: 0, avg network size: 0, si_in_serializable: 0 0 %, local: 0 %
I0319 15:22:32.209360 61049 Coordinator.h:126] commit: 14856 abort: 156144 (0/156144/0), network size: 0, avg network size: 0, si_in_serializable: 0 0 %, local: 0 %
I0319 15:22:33.209548 61049 Coordinator.h:126] commit: 15219 abort: 155781 (0/155781/0), network size: 0, avg network size: 0, si_in_serializable: 0 0 %, local: 0 %
I0319 15:22:34.209728 61049 Coordinator.h:126] commit: 15451 abort: 155549 (0/155549/0), network size: 0, avg network size: 0, si_in_serializable: 0 0 %, local: 0 %
I0319 15:22:35.209864 61049 Coordinator.h:126] commit: 14957 abort: 156043 (0/156043/0), network size: 0, avg network size: 0, si_in_serializable: 0 0 %, local: 0 %
I0319 15:22:36.209978 61049 Coordinator.h:126] commit: 14401 abort: 147599 (0/147599/0), network size: 0, avg network size: 0, si_in_serializable: 0 0 %, local: 0 %
I0319 15:22:37.210093 61049 Coordinator.h:126] commit: 15159 abort: 155841 (0/155841/0), network size: 0, avg network size: 0, si_in_serializable: 0 0 %, local: 0 %
I0319 15:22:38.210218 61049 Coordinator.h:126] commit: 14440 abort: 147560 (0/147560/0), network size: 0, avg network size: 0, si_in_serializable: 0 0 %, local: 0 %
I0319 15:22:39.210356 61049 Coordinator.h:126] commit: 14236 abort: 147764 (0/147764/0), network size: 0, avg network size: 0, si_in_serializable: 0 0 %, local: 0 %
I0319 15:22:40.210569 61049 Coordinator.h:126] commit: 15006 abort: 155994 (0/155994/0), network size: 0, avg network size: 0, si_in_serializable: 0 0 %, local: 0 %
I0319 15:22:41.210707 61049 Coordinator.h:126] commit: 14258 abort: 147742 (0/147742/0), network size: 0, avg network size: 0, si_in_serializable: 0 0 %, local: 0 %
I0319 15:22:42.210830 61049 Coordinator.h:126] commit: 15487 abort: 155513 (0/155513/0), network size: 0, avg network size: 0, si_in_serializable: 0 0 %, local: 0 %
I0319 15:22:43.210966 61049 Coordinator.h:126] commit: 14449 abort: 147551 (0/147551/0), network size: 0, avg network size: 0, si_in_serializable: 0 0 %, local: 0 %
I0319 15:22:44.211123 61049 Coordinator.h:126] commit: 14937 abort: 147063 (0/147063/0), network size: 0, avg network size: 0, si_in_serializable: 0 0 %, local: 0 %
I0319 15:22:45.211244 61049 Coordinator.h:126] commit: 15289 abort: 155711 (0/155711/0), network size: 0, avg network size: 0, si_in_serializable: 0 0 %, local: 0 %
I0319 15:22:46.211366 61049 Coordinator.h:126] commit: 15554 abort: 155446 (0/155446/0), network size: 0, avg network size: 0, si_in_serializable: 0 0 %, local: 0 %
I0319 15:22:47.211480 61049 Coordinator.h:126] commit: 14143 abort: 147857 (0/147857/0), network size: 0, avg network size: 0, si_in_serializable: 0 0 %, local: 0 %
I0319 15:22:48.211608 61049 Coordinator.h:126] commit: 15486 abort: 155514 (0/155514/0), network size: 0, avg network size: 0, si_in_serializable: 0 0 %, local: 0 %
I0319 15:22:49.211745 61049 Coordinator.h:126] commit: 15145 abort: 153936 (0/153936/0), network size: 0, avg network size: 0, si_in_serializable: 0 0 %, local: 0 %
I0319 15:22:49.211795 61049 Coordinator.h:152] average commit: 14733 abort: 150867 (0/150867/0), network size: 0, avg network size: 0, si_in_serializable: 0 0 %, local: 0 %
I0319 15:22:49.211840 61049 AriaExecutor.h:646] Worker 0 latency: 606319 us (50%) 664232 us (75%) 742333 us (95%) 872078 us (99%).
I0319 15:22:49.265218 61074 AriaExecutor.h:106] AriaExecutor 9 exits. 
I0319 15:22:49.265218 61069 AriaExecutor.h:106] AriaExecutor 4 exits. 
I0319 15:22:49.265228 61066 AriaExecutor.h:106] AriaExecutor 1 exits. 
I0319 15:22:49.265232 61076 AriaExecutor.h:106] AriaExecutor 11 exits. 
I0319 15:22:49.265224 61077 Manager.h:227] Manager(worker id = 12) on the coordinator node exits.
I0319 15:22:49.265230 61071 AriaExecutor.h:106] AriaExecutor 6 exits. 
I0319 15:22:49.265229 61073 AriaExecutor.h:106] AriaExecutor 8 exits. 
I0319 15:22:49.265230 61075 AriaExecutor.h:106] AriaExecutor 10 exits. 
I0319 15:22:49.265231 61068 AriaExecutor.h:106] AriaExecutor 3 exits. 
I0319 15:22:49.265232 61072 AriaExecutor.h:106] AriaExecutor 7 exits. 
I0319 15:22:49.265232 61067 AriaExecutor.h:106] AriaExecutor 2 exits. 
I0319 15:22:49.265218 61065 AriaExecutor.h:106] AriaExecutor 0 exits. 
I0319 15:22:49.265218 61070 AriaExecutor.h:106] AriaExecutor 5 exits. 
I0319 15:22:49.265484 61049 AriaExecutor.h:646] Worker 1 latency: 606533 us (50%) 664065 us (75%) 734701 us (95%) 824701 us (99%).
I0319 15:22:49.270006 61049 AriaExecutor.h:646] Worker 2 latency: 607441 us (50%) 664959 us (75%) 736112 us (95%) 818998 us (99%).
I0319 15:22:49.274375 61049 AriaExecutor.h:646] Worker 3 latency: 606051 us (50%) 663782 us (75%) 733514 us (95%) 817432 us (99%).
I0319 15:22:49.278467 61049 AriaExecutor.h:646] Worker 4 latency: 607559 us (50%) 664557 us (75%) 735549 us (95%) 816596 us (99%).
I0319 15:22:49.281257 61049 AriaExecutor.h:646] Worker 5 latency: 604365 us (50%) 662935 us (75%) 730232 us (95%) 814258 us (99%).
I0319 15:22:49.284415 61049 AriaExecutor.h:646] Worker 6 latency: 607331 us (50%) 664482 us (75%) 733662 us (95%) 816846 us (99%).
I0319 15:22:49.287181 61049 AriaExecutor.h:646] Worker 7 latency: 607810 us (50%) 664534 us (75%) 730958 us (95%) 811522 us (99%).
I0319 15:22:49.289234 61049 AriaExecutor.h:646] Worker 8 latency: 607309 us (50%) 664232 us (75%) 730856 us (95%) 810000 us (99%).
I0319 15:22:49.291079 61049 AriaExecutor.h:646] Worker 9 latency: 607094 us (50%) 664118 us (75%) 729518 us (95%) 809622 us (99%).
I0319 15:22:49.292953 61049 AriaExecutor.h:646] Worker 10 latency: 606298 us (50%) 663421 us (75%) 729412 us (95%) 809153 us (99%).
I0319 15:22:49.294839 61049 AriaExecutor.h:646] Worker 11 latency: 607435 us (50%) 664374 us (75%) 729522 us (95%) 809463 us (99%).
I0319 15:22:49.296710 61049 Coordinator.h:177] total commit: 14733
I0319 15:22:50.296909 61049 Coordinator.h:192] Coordinator exits.
