I0319 14:24:01.956351 44019 Database.h:65] ycsb initialization finished in 97 milliseconds.
I0319 14:24:01.956625 44019 Coordinator.h:30] Coordinator initializes 12 workers.
I0319 14:24:02.203994 44019 Coordinator.h:77] Coordinator starts to run 13 workers.
I0319 14:24:02.204102 44036 AriaExecutor.h:82] AriaExecutor 0 started. 
I0319 14:24:02.204236 44037 AriaExecutor.h:82] AriaExecutor 1 started. 
I0319 14:24:02.204277 44038 AriaExecutor.h:82] AriaExecutor 2 started. 
I0319 14:24:02.204375 44039 AriaExecutor.h:82] AriaExecutor 3 started. 
I0319 14:24:02.204483 44040 AriaExecutor.h:82] AriaExecutor 4 started. 
I0319 14:24:02.204561 44041 AriaExecutor.h:82] AriaExecutor 5 started. 
I0319 14:24:02.204636 44042 AriaExecutor.h:82] AriaExecutor 6 started. 
I0319 14:24:02.204710 44043 AriaExecutor.h:82] AriaExecutor 7 started. 
I0319 14:24:02.204803 44044 AriaExecutor.h:82] AriaExecutor 8 started. 
I0319 14:24:02.204878 44045 AriaExecutor.h:82] AriaExecutor 9 started. 
I0319 14:24:02.204962 44046 AriaExecutor.h:82] AriaExecutor 10 started. 
I0319 14:24:02.205032 44047 AriaExecutor.h:82] AriaExecutor 11 started. 
I0319 14:24:02.205104 44048 Manager.h:224] Manager(worker id = 12) on the coordinator node started.
I0319 14:24:03.205164 44019 Coordinator.h:126] commit: 13596 abort: 106404 (0/106404/0), network size: 0, avg network size: 0, si_in_serializable: 0 0 %, local: 0 %
I0319 14:24:04.205318 44019 Coordinator.h:126] commit: 15438 abort: 124562 (0/124562/0), network size: 0, avg network size: 0, si_in_serializable: 0 0 %, local: 0 %
I0319 14:24:05.205538 44019 Coordinator.h:126] commit: 18353 abort: 151647 (0/151647/0), network size: 0, avg network size: 0, si_in_serializable: 0 0 %, local: 0 %
I0319 14:24:06.205711 44019 Coordinator.h:126] commit: 18682 abort: 151318 (0/151318/0), network size: 0, avg network size: 0, si_in_serializable: 0 0 %, local: 0 %
I0319 14:24:07.205864 44019 Coordinator.h:126] commit: 17521 abort: 142479 (0/142479/0), network size: 0, avg network size: 0, si_in_serializable: 0 0 %, local: 0 %
I0319 14:24:08.206007 44019 Coordinator.h:126] commit: 18543 abort: 151457 (0/151457/0), network size: 0, avg network size: 0, si_in_serializable: 0 0 %, local: 0 %
I0319 14:24:09.206156 44019 Coordinator.h:126] commit: 17311 abort: 142689 (0/142689/0), network size: 0, avg network size: 0, si_in_serializable: 0 0 %, local: 0 %
I0319 14:24:10.206377 44019 Coordinator.h:126] commit: 18691 abort: 151309 (0/151309/0), network size: 0, avg network size: 0, si_in_serializable: 0 0 %, local: 0 %
I0319 14:24:11.206548 44019 Coordinator.h:126] commit: 17441 abort: 142559 (0/142559/0), network size: 0, avg network size: 0, si_in_serializable: 0 0 %, local: 0 %
I0319 14:24:12.206688 44019 Coordinator.h:126] commit: 17257 abort: 142743 (0/142743/0), network size: 0, avg network size: 0, si_in_serializable: 0 0 %, local: 0 %
I0319 14:24:13.206835 44019 Coordinator.h:126] commit: 16330 abort: 133670 (0/133670/0), network size: 0, avg network size: 0, si_in_serializable: 0 0 %, local: 0 %
I0319 14:24:14.206977 44019 Coordinator.h:126] commit: 17367 abort: 142633 (0/142633/0), network size: 0, avg network size: 0, si_in_serializable: 0 0 %, local: 0 %
I0319 14:24:15.207132 44019 Coordinator.h:126] commit: 17510 abort: 142490 (0/142490/0), network size: 0, avg network size: 0, si_in_serializable: 0 0 %, local: 0 %
I0319 14:24:16.207278 44019 Coordinator.h:126] commit: 17057 abort: 142943 (0/142943/0), network size: 0, avg network size: 0, si_in_serializable: 0 0 %, local: 0 %
I0319 14:24:17.207413 44019 Coordinator.h:126] commit: 16327 abort: 133673 (0/133673/0), network size: 0, avg network size: 0, si_in_serializable: 0 0 %, local: 0 %
I0319 14:24:18.207608 44019 Coordinator.h:126] commit: 17347 abort: 142653 (0/142653/0), network size: 0, avg network size: 0, si_in_serializable: 0 0 %, local: 0 %
I0319 14:24:19.207773 44019 Coordinator.h:126] commit: 17350 abort: 142650 (0/142650/0), network size: 0, avg network size: 0, si_in_serializable: 0 0 %, local: 0 %
I0319 14:24:20.207923 44019 Coordinator.h:126] commit: 16448 abort: 133552 (0/133552/0), network size: 0, avg network size: 0, si_in_serializable: 0 0 %, local: 0 %
I0319 14:24:21.208065 44019 Coordinator.h:126] commit: 17315 abort: 142685 (0/142685/0), network size: 0, avg network size: 0, si_in_serializable: 0 0 %, local: 0 %
I0319 14:24:22.208204 44019 Coordinator.h:126] commit: 17309 abort: 142691 (0/142691/0), network size: 0, avg network size: 0, si_in_serializable: 0 0 %, local: 0 %
I0319 14:24:23.208407 44019 Coordinator.h:126] commit: 17412 abort: 142588 (0/142588/0), network size: 0, avg network size: 0, si_in_serializable: 0 0 %, local: 0 %
I0319 14:24:24.208545 44019 Coordinator.h:126] commit: 17258 abort: 142742 (0/142742/0), network size: 0, avg network size: 0, si_in_serializable: 0 0 %, local: 0 %
I0319 14:24:25.208698 44019 Coordinator.h:126] commit: 17451 abort: 142549 (0/142549/0), network size: 0, avg network size: 0, si_in_serializable: 0 0 %, local: 0 %
I0319 14:24:26.208849 44019 Coordinator.h:126] commit: 17511 abort: 142489 (0/142489/0), network size: 0, avg network size: 0, si_in_serializable: 0 0 %, local: 0 %
I0319 14:24:27.208986 44019 Coordinator.h:126] commit: 17364 abort: 142636 (0/142636/0), network size: 0, avg network size: 0, si_in_serializable: 0 0 %, local: 0 %
I0319 14:24:27.209034 44019 Coordinator.h:152] average commit: 17036 abort: 139964 (0/139964/0), network size: 0, avg network size: 0, si_in_serializable: 0 0 %, local: 0 %
I0319 14:24:27.209085 44019 AriaExecutor.h:535] Worker 0 latency: 552148 us (50%) 594606 us (75%) 664745 us (95%) 772146 us (99%).
I0319 14:24:27.270270 44045 AriaExecutor.h:94] AriaExecutor 9 exits. 
I0319 14:24:27.270293 44044 AriaExecutor.h:94] AriaExecutor 8 exits. 
I0319 14:24:27.270280 44042 AriaExecutor.h:94] AriaExecutor 6 exits. 
I0319 14:24:27.270282 44036 AriaExecutor.h:94] AriaExecutor 0 exits. 
I0319 14:24:27.270279 44047 AriaExecutor.h:94] AriaExecutor 11 exits. 
I0319 14:24:27.270292 44048 Manager.h:227] Manager(worker id = 12) on the coordinator node exits.
I0319 14:24:27.270280 44040 AriaExecutor.h:94] AriaExecutor 4 exits. 
I0319 14:24:27.270287 44043 AriaExecutor.h:94] AriaExecutor 7 exits. 
I0319 14:24:27.270293 44038 AriaExecutor.h:94] AriaExecutor 2 exits. 
I0319 14:24:27.270294 44041 AriaExecutor.h:94] AriaExecutor 5 exits. 
I0319 14:24:27.270282 44037 AriaExecutor.h:94] AriaExecutor 1 exits. 
I0319 14:24:27.270279 44039 AriaExecutor.h:94] AriaExecutor 3 exits. 
I0319 14:24:27.270272 44046 AriaExecutor.h:94] AriaExecutor 10 exits. 
I0319 14:24:27.270545 44019 AriaExecutor.h:535] Worker 1 latency: 551772 us (50%) 594398 us (75%) 663800 us (95%) 727200 us (99%).
I0319 14:24:27.276489 44019 AriaExecutor.h:535] Worker 2 latency: 551936 us (50%) 594585 us (75%) 663872 us (95%) 725968 us (99%).
I0319 14:24:27.282356 44019 AriaExecutor.h:535] Worker 3 latency: 550224 us (50%) 594426 us (75%) 662575 us (95%) 725093 us (99%).
I0319 14:24:27.288302 44019 AriaExecutor.h:535] Worker 4 latency: 551542 us (50%) 594493 us (75%) 662296 us (95%) 724895 us (99%).
I0319 14:24:27.292075 44019 AriaExecutor.h:535] Worker 5 latency: 551094 us (50%) 594396 us (75%) 661408 us (95%) 725114 us (99%).
I0319 14:24:27.295871 44019 AriaExecutor.h:535] Worker 6 latency: 549923 us (50%) 594103 us (75%) 660685 us (95%) 724606 us (99%).
I0319 14:24:27.299110 44019 AriaExecutor.h:535] Worker 7 latency: 551861 us (50%) 594274 us (75%) 660841 us (95%) 725083 us (99%).
I0319 14:24:27.301661 44019 AriaExecutor.h:535] Worker 8 latency: 547847 us (50%) 594043 us (75%) 660268 us (95%) 724848 us (99%).
I0319 14:24:27.304203 44019 AriaExecutor.h:535] Worker 9 latency: 550757 us (50%) 594155 us (75%) 659726 us (95%) 724727 us (99%).
I0319 14:24:27.306748 44019 AriaExecutor.h:535] Worker 10 latency: 549216 us (50%) 594158 us (75%) 659573 us (95%) 724505 us (99%).
I0319 14:24:27.309121 44019 AriaExecutor.h:535] Worker 11 latency: 549324 us (50%) 594109 us (75%) 659447 us (95%) 724672 us (99%).
I0319 14:24:27.311342 44019 Coordinator.h:177] total commit: 17036
I0319 14:24:28.311565 44019 Coordinator.h:192] Coordinator exits.
