I0319 14:58:45.894927 54213 Database.h:65] ycsb initialization finished in 100 milliseconds.
I0319 14:58:45.895149 54213 Coordinator.h:30] Coordinator initializes 12 workers.
I0319 14:58:46.072083 54213 Coordinator.h:77] Coordinator starts to run 13 workers.
I0319 14:58:46.072194 54232 AriaExecutor.h:82] AriaExecutor 0 started. 
I0319 14:58:46.072227 54233 AriaExecutor.h:82] AriaExecutor 1 started. 
I0319 14:58:46.072355 54234 AriaExecutor.h:82] AriaExecutor 2 started. 
I0319 14:58:46.072491 54235 AriaExecutor.h:82] AriaExecutor 3 started. 
I0319 14:58:46.072520 54236 AriaExecutor.h:82] AriaExecutor 4 started. 
I0319 14:58:46.072655 54237 AriaExecutor.h:82] AriaExecutor 5 started. 
I0319 14:58:46.072683 54238 AriaExecutor.h:82] AriaExecutor 6 started. 
I0319 14:58:46.072785 54239 AriaExecutor.h:82] AriaExecutor 7 started. 
I0319 14:58:46.072817 54240 AriaExecutor.h:82] AriaExecutor 8 started. 
I0319 14:58:46.072923 54241 AriaExecutor.h:82] AriaExecutor 9 started. 
I0319 14:58:46.072973 54242 AriaExecutor.h:82] AriaExecutor 10 started. 
I0319 14:58:46.073074 54243 AriaExecutor.h:82] AriaExecutor 11 started. 
I0319 14:58:46.073186 54244 Manager.h:224] Manager(worker id = 12) on the coordinator node started.
I0319 14:58:47.073225 54213 Coordinator.h:126] commit: 586 abort: 216414 (0/216414/0), network size: 0, avg network size: 0, si_in_serializable: 0 0 %, local: 0 %
I0319 14:58:48.073390 54213 Coordinator.h:126] commit: 733 abort: 244267 (0/244267/0), network size: 0, avg network size: 0, si_in_serializable: 0 0 %, local: 0 %
I0319 14:58:49.073599 54213 Coordinator.h:126] commit: 926 abort: 272074 (0/272074/0), network size: 0, avg network size: 0, si_in_serializable: 0 0 %, local: 0 %
I0319 14:58:50.073755 54213 Coordinator.h:126] commit: 1100 abort: 271900 (0/271900/0), network size: 0, avg network size: 0, si_in_serializable: 0 0 %, local: 0 %
I0319 14:58:51.073894 54213 Coordinator.h:126] commit: 1218 abort: 271782 (0/271782/0), network size: 0, avg network size: 0, si_in_serializable: 0 0 %, local: 0 %
I0319 14:58:52.074026 54213 Coordinator.h:126] commit: 1248 abort: 264752 (0/264752/0), network size: 0, avg network size: 0, si_in_serializable: 0 0 %, local: 0 %
I0319 14:58:53.074144 54213 Coordinator.h:126] commit: 1280 abort: 264720 (0/264720/0), network size: 0, avg network size: 0, si_in_serializable: 0 0 %, local: 0 %
I0319 14:58:54.074331 54213 Coordinator.h:126] commit: 1370 abort: 264630 (0/264630/0), network size: 0, avg network size: 0, si_in_serializable: 0 0 %, local: 0 %
I0319 14:58:55.074478 54213 Coordinator.h:126] commit: 1334 abort: 257666 (0/257666/0), network size: 0, avg network size: 0, si_in_serializable: 0 0 %, local: 0 %
I0319 14:58:56.074608 54213 Coordinator.h:126] commit: 1391 abort: 257609 (0/257609/0), network size: 0, avg network size: 0, si_in_serializable: 0 0 %, local: 0 %
I0319 14:58:57.074728 54213 Coordinator.h:126] commit: 1417 abort: 250583 (0/250583/0), network size: 0, avg network size: 0, si_in_serializable: 0 0 %, local: 0 %
I0319 14:58:58.074853 54213 Coordinator.h:126] commit: 1532 abort: 257468 (0/257468/0), network size: 0, avg network size: 0, si_in_serializable: 0 0 %, local: 0 %
I0319 14:58:59.074988 54213 Coordinator.h:126] commit: 1486 abort: 250514 (0/250514/0), network size: 0, avg network size: 0, si_in_serializable: 0 0 %, local: 0 %
I0319 14:59:00.075120 54213 Coordinator.h:126] commit: 1540 abort: 250460 (0/250460/0), network size: 0, avg network size: 0, si_in_serializable: 0 0 %, local: 0 %
I0319 14:59:01.075248 54213 Coordinator.h:126] commit: 1622 abort: 257378 (0/257378/0), network size: 0, avg network size: 0, si_in_serializable: 0 0 %, local: 0 %
I0319 14:59:02.075378 54213 Coordinator.h:126] commit: 1673 abort: 250327 (0/250327/0), network size: 0, avg network size: 0, si_in_serializable: 0 0 %, local: 0 %
I0319 14:59:03.075502 54213 Coordinator.h:126] commit: 1562 abort: 243438 (0/243438/0), network size: 0, avg network size: 0, si_in_serializable: 0 0 %, local: 0 %
I0319 14:59:04.075690 54213 Coordinator.h:126] commit: 1695 abort: 250305 (0/250305/0), network size: 0, avg network size: 0, si_in_serializable: 0 0 %, local: 0 %
I0319 14:59:05.075850 54213 Coordinator.h:126] commit: 1771 abort: 250229 (0/250229/0), network size: 0, avg network size: 0, si_in_serializable: 0 0 %, local: 0 %
I0319 14:59:06.075991 54213 Coordinator.h:126] commit: 1754 abort: 250246 (0/250246/0), network size: 0, avg network size: 0, si_in_serializable: 0 0 %, local: 0 %
I0319 14:59:07.076129 54213 Coordinator.h:126] commit: 1779 abort: 250221 (0/250221/0), network size: 0, avg network size: 0, si_in_serializable: 0 0 %, local: 0 %
I0319 14:59:08.076267 54213 Coordinator.h:126] commit: 1797 abort: 250203 (0/250203/0), network size: 0, avg network size: 0, si_in_serializable: 0 0 %, local: 0 %
I0319 14:59:09.076404 54213 Coordinator.h:126] commit: 1758 abort: 250242 (0/250242/0), network size: 0, avg network size: 0, si_in_serializable: 0 0 %, local: 0 %
I0319 14:59:10.076552 54213 Coordinator.h:126] commit: 1803 abort: 250197 (0/250197/0), network size: 0, avg network size: 0, si_in_serializable: 0 0 %, local: 0 %
I0319 14:59:11.076674 54213 Coordinator.h:126] commit: 1698 abort: 243302 (0/243302/0), network size: 0, avg network size: 0, si_in_serializable: 0 0 %, local: 0 %
I0319 14:59:11.076709 54213 Coordinator.h:152] average commit: 1605.2 abort: 251095 (0/251095/0), network size: 0, avg network size: 0, si_in_serializable: 0 0 %, local: 0 %
I0319 14:59:11.076756 54213 AriaExecutor.h:535] Worker 0 latency: 1196914 us (50%) 2878597 us (75%) 19579702 us (95%) 23896118 us (99%).
I0319 14:59:11.079226 54237 AriaExecutor.h:94] AriaExecutor 5 exits. 
I0319 14:59:11.079245 54244 Manager.h:227] Manager(worker id = 12) on the coordinator node exits.
I0319 14:59:11.079226 54241 AriaExecutor.h:94] AriaExecutor 9 exits. 
I0319 14:59:11.079236 54234 AriaExecutor.h:94] AriaExecutor 2 exits. 
I0319 14:59:11.079237 54243 AriaExecutor.h:94] AriaExecutor 11 exits. 
I0319 14:59:11.079237 54239 AriaExecutor.h:94] AriaExecutor 7 exits. 
I0319 14:59:11.079237 54236 AriaExecutor.h:94] AriaExecutor 4 exits. 
I0319 14:59:11.079238 54240 AriaExecutor.h:94] AriaExecutor 8 exits. 
I0319 14:59:11.079241 54238 AriaExecutor.h:94] AriaExecutor 6 exits. 
I0319 14:59:11.079226 54232 AriaExecutor.h:94] AriaExecutor 0 exits. 
I0319 14:59:11.079236 54233 AriaExecutor.h:94] AriaExecutor 1 exits. 
I0319 14:59:11.079239 54235 AriaExecutor.h:94] AriaExecutor 3 exits. 
I0319 14:59:11.079226 54242 AriaExecutor.h:94] AriaExecutor 10 exits. 
I0319 14:59:11.079488 54213 AriaExecutor.h:535] Worker 1 latency: 684316 us (50%) 1636704 us (75%) 16542026 us (95%) 23285016 us (99%).
I0319 14:59:11.079949 54213 AriaExecutor.h:535] Worker 2 latency: 736119 us (50%) 1529130 us (75%) 11455049 us (95%) 22228669 us (99%).
I0319 14:59:11.080453 54213 AriaExecutor.h:535] Worker 3 latency: 603130 us (50%) 1294557 us (75%) 4072287 us (95%) 20829011 us (99%).
I0319 14:59:11.080857 54213 AriaExecutor.h:535] Worker 4 latency: 661250 us (50%) 1321442 us (75%) 3603536 us (95%) 19022242 us (99%).
I0319 14:59:11.081315 54213 AriaExecutor.h:535] Worker 5 latency: 811805 us (50%) 1543165 us (75%) 3219519 us (95%) 16737301 us (99%).
I0319 14:59:11.081804 54213 AriaExecutor.h:535] Worker 6 latency: 821583 us (50%) 1542172 us (75%) 3273309 us (95%) 16207055 us (99%).
I0319 14:59:11.082289 54213 AriaExecutor.h:535] Worker 7 latency: 650816 us (50%) 1293457 us (75%) 2768880 us (95%) 13740616 us (99%).
I0319 14:59:11.082733 54213 AriaExecutor.h:535] Worker 8 latency: 584677 us (50%) 1207196 us (75%) 2688089 us (95%) 13871538 us (99%).
I0319 14:59:11.083164 54213 AriaExecutor.h:535] Worker 9 latency: 651683 us (50%) 1348519 us (75%) 2883195 us (95%) 12852960 us (99%).
I0319 14:59:11.083608 54213 AriaExecutor.h:535] Worker 10 latency: 559820 us (50%) 1170596 us (75%) 2575887 us (95%) 10853407 us (99%).
I0319 14:59:11.084013 54213 AriaExecutor.h:535] Worker 11 latency: 705088 us (50%) 1409872 us (75%) 3130556 us (95%) 11831279 us (99%).
I0319 14:59:11.084532 54213 Coordinator.h:177] total commit: 1605.2
I0319 14:59:12.084738 54213 Coordinator.h:192] Coordinator exits.
