I0319 15:07:51.780812 56855 Database.h:65] ycsb initialization finished in 98 milliseconds.
I0319 15:07:51.781062 56855 Coordinator.h:30] Coordinator initializes 12 workers.
I0319 15:07:51.961252 56855 Coordinator.h:77] Coordinator starts to run 13 workers.
I0319 15:07:51.961341 56872 AriaExecutor.h:94] AriaExecutor 0 started. 
I0319 15:07:51.961388 56873 AriaExecutor.h:94] AriaExecutor 1 started. 
I0319 15:07:51.961503 56874 AriaExecutor.h:94] AriaExecutor 2 started. 
I0319 15:07:51.961639 56875 AriaExecutor.h:94] AriaExecutor 3 started. 
I0319 15:07:51.961684 56876 AriaExecutor.h:94] AriaExecutor 4 started. 
I0319 15:07:51.961802 56877 AriaExecutor.h:94] AriaExecutor 5 started. 
I0319 15:07:51.961843 56878 AriaExecutor.h:94] AriaExecutor 6 started. 
I0319 15:07:51.961942 56879 AriaExecutor.h:94] AriaExecutor 7 started. 
I0319 15:07:51.961975 56880 AriaExecutor.h:94] AriaExecutor 8 started. 
I0319 15:07:51.962078 56881 AriaExecutor.h:94] AriaExecutor 9 started. 
I0319 15:07:51.962103 56882 AriaExecutor.h:94] AriaExecutor 10 started. 
I0319 15:07:51.962215 56883 AriaExecutor.h:94] AriaExecutor 11 started. 
I0319 15:07:51.962240 56884 Manager.h:224] Manager(worker id = 12) on the coordinator node started.
I0319 15:07:52.962285 56855 Coordinator.h:126] commit: 23593 abort: 102407 (0/102407/0), network size: 0, avg network size: 0, si_in_serializable: 0 0 %, local: 0 %
I0319 15:07:53.962455 56855 Coordinator.h:126] commit: 22866 abort: 103134 (0/103134/0), network size: 0, avg network size: 0, si_in_serializable: 0 0 %, local: 0 %
I0319 15:07:54.962646 56855 Coordinator.h:126] commit: 30701 abort: 137299 (0/137299/0), network size: 0, avg network size: 0, si_in_serializable: 0 0 %, local: 0 %
I0319 15:07:55.962800 56855 Coordinator.h:126] commit: 29220 abort: 131780 (0/131780/0), network size: 0, avg network size: 0, si_in_serializable: 0 0 %, local: 0 %
I0319 15:07:56.962939 56855 Coordinator.h:126] commit: 29387 abort: 131613 (0/131613/0), network size: 0, avg network size: 0, si_in_serializable: 0 0 %, local: 0 %
I0319 15:07:57.963064 56855 Coordinator.h:126] commit: 27883 abort: 126117 (0/126117/0), network size: 0, avg network size: 0, si_in_serializable: 0 0 %, local: 0 %
I0319 15:07:58.963187 56855 Coordinator.h:126] commit: 27764 abort: 126236 (0/126236/0), network size: 0, avg network size: 0, si_in_serializable: 0 0 %, local: 0 %
I0319 15:07:59.963392 56855 Coordinator.h:126] commit: 27836 abort: 126164 (0/126164/0), network size: 0, avg network size: 0, si_in_serializable: 0 0 %, local: 0 %
I0319 15:08:00.963559 56855 Coordinator.h:126] commit: 27903 abort: 126097 (0/126097/0), network size: 0, avg network size: 0, si_in_serializable: 0 0 %, local: 0 %
I0319 15:08:01.963697 56855 Coordinator.h:126] commit: 27855 abort: 126145 (0/126145/0), network size: 0, avg network size: 0, si_in_serializable: 0 0 %, local: 0 %
I0319 15:08:02.963821 56855 Coordinator.h:126] commit: 27955 abort: 126045 (0/126045/0), network size: 0, avg network size: 0, si_in_serializable: 0 0 %, local: 0 %
I0319 15:08:03.963945 56855 Coordinator.h:126] commit: 27885 abort: 126115 (0/126115/0), network size: 0, avg network size: 0, si_in_serializable: 0 0 %, local: 0 %
I0319 15:08:04.964071 56855 Coordinator.h:126] commit: 28125 abort: 125875 (0/125875/0), network size: 0, avg network size: 0, si_in_serializable: 0 0 %, local: 0 %
I0319 15:08:05.964201 56855 Coordinator.h:126] commit: 27943 abort: 126057 (0/126057/0), network size: 0, avg network size: 0, si_in_serializable: 0 0 %, local: 0 %
I0319 15:08:06.964354 56855 Coordinator.h:126] commit: 28142 abort: 125858 (0/125858/0), network size: 0, avg network size: 0, si_in_serializable: 0 0 %, local: 0 %
I0319 15:08:07.964478 56855 Coordinator.h:126] commit: 29039 abort: 131961 (0/131961/0), network size: 0, avg network size: 0, si_in_serializable: 0 0 %, local: 0 %
I0319 15:08:08.964610 56855 Coordinator.h:126] commit: 27897 abort: 126103 (0/126103/0), network size: 0, avg network size: 0, si_in_serializable: 0 0 %, local: 0 %
I0319 15:08:09.964802 56855 Coordinator.h:126] commit: 27725 abort: 126275 (0/126275/0), network size: 0, avg network size: 0, si_in_serializable: 0 0 %, local: 0 %
I0319 15:08:10.964957 56855 Coordinator.h:126] commit: 27735 abort: 126265 (0/126265/0), network size: 0, avg network size: 0, si_in_serializable: 0 0 %, local: 0 %
I0319 15:08:11.965096 56855 Coordinator.h:126] commit: 27492 abort: 126508 (0/126508/0), network size: 0, avg network size: 0, si_in_serializable: 0 0 %, local: 0 %
I0319 15:08:12.965221 56855 Coordinator.h:126] commit: 29118 abort: 131882 (0/131882/0), network size: 0, avg network size: 0, si_in_serializable: 0 0 %, local: 0 %
I0319 15:08:13.965345 56855 Coordinator.h:126] commit: 27856 abort: 126144 (0/126144/0), network size: 0, avg network size: 0, si_in_serializable: 0 0 %, local: 0 %
I0319 15:08:14.965476 56855 Coordinator.h:126] commit: 27464 abort: 126536 (0/126536/0), network size: 0, avg network size: 0, si_in_serializable: 0 0 %, local: 0 %
I0319 15:08:15.965611 56855 Coordinator.h:126] commit: 27859 abort: 126141 (0/126141/0), network size: 0, avg network size: 0, si_in_serializable: 0 0 %, local: 0 %
I0319 15:08:16.965749 56855 Coordinator.h:126] commit: 26266 abort: 120734 (0/120734/0), network size: 0, avg network size: 0, si_in_serializable: 0 0 %, local: 0 %
I0319 15:08:16.965799 56855 Coordinator.h:152] average commit: 27993.8 abort: 126706 (0/126706/0), network size: 0, avg network size: 0, si_in_serializable: 0 0 %, local: 0 %
I0319 15:08:16.967581 56878 AriaExecutor.h:106] AriaExecutor 6 exits. 
I0319 15:08:16.967581 56880 AriaExecutor.h:106] AriaExecutor 8 exits. 
I0319 15:08:16.967594 56875 AriaExecutor.h:106] AriaExecutor 3 exits. 
I0319 15:08:16.967593 56877 AriaExecutor.h:106] AriaExecutor 5 exits. 
I0319 15:08:16.967595 56883 AriaExecutor.h:106] AriaExecutor 11 exits. 
I0319 15:08:16.967597 56874 AriaExecutor.h:106] AriaExecutor 2 exits. 
I0319 15:08:16.967589 56884 Manager.h:227] Manager(worker id = 12) on the coordinator node exits.
I0319 15:08:16.967595 56872 AriaExecutor.h:106] AriaExecutor 0 exits. 
I0319 15:08:16.967595 56876 AriaExecutor.h:106] AriaExecutor 4 exits. 
I0319 15:08:16.967595 56881 AriaExecutor.h:106] AriaExecutor 9 exits. 
I0319 15:08:16.967597 56882 AriaExecutor.h:106] AriaExecutor 10 exits. 
I0319 15:08:16.967593 56879 AriaExecutor.h:106] AriaExecutor 7 exits. 
I0319 15:08:16.967581 56873 AriaExecutor.h:106] AriaExecutor 1 exits. 
I0319 15:08:16.965843 56855 AriaExecutor.h:646] Worker 0 latency: 240755 us (50%) 283455 us (75%) 328873 us (95%) 373295 us (99%).
I0319 15:08:16.974982 56855 AriaExecutor.h:646] Worker 1 latency: 240723 us (50%) 283245 us (75%) 328277 us (95%) 347156 us (99%).
I0319 15:08:16.981379 56855 AriaExecutor.h:646] Worker 2 latency: 240748 us (50%) 283310 us (75%) 328032 us (95%) 344389 us (99%).
I0319 15:08:16.986955 56855 AriaExecutor.h:646] Worker 3 latency: 240629 us (50%) 282989 us (75%) 327544 us (95%) 341901 us (99%).
I0319 15:08:16.990851 56855 AriaExecutor.h:646] Worker 4 latency: 240745 us (50%) 283119 us (75%) 327622 us (95%) 340633 us (99%).
I0319 15:08:16.994598 56855 AriaExecutor.h:646] Worker 5 latency: 240640 us (50%) 283047 us (75%) 327080 us (95%) 339708 us (99%).
I0319 15:08:16.998265 56855 AriaExecutor.h:646] Worker 6 latency: 240613 us (50%) 282867 us (75%) 326487 us (95%) 338897 us (99%).
I0319 15:08:17.001543 56855 AriaExecutor.h:646] Worker 7 latency: 240613 us (50%) 282866 us (75%) 326462 us (95%) 339053 us (99%).
I0319 15:08:17.004745 56855 AriaExecutor.h:646] Worker 8 latency: 240620 us (50%) 282999 us (75%) 326020 us (95%) 338916 us (99%).
I0319 15:08:17.007956 56855 AriaExecutor.h:646] Worker 9 latency: 240564 us (50%) 282788 us (75%) 323772 us (95%) 338536 us (99%).
I0319 15:08:17.011209 56855 AriaExecutor.h:646] Worker 10 latency: 240552 us (50%) 282746 us (75%) 320086 us (95%) 338183 us (99%).
I0319 15:08:17.014441 56855 AriaExecutor.h:646] Worker 11 latency: 240509 us (50%) 282628 us (75%) 317574 us (95%) 338163 us (99%).
I0319 15:08:17.017688 56855 Coordinator.h:177] total commit: 27993.8
I0319 15:08:18.017912 56855 Coordinator.h:192] Coordinator exits.
