I0319 15:39:29.796682 66000 Database.h:65] ycsb initialization finished in 96 milliseconds.
I0319 15:39:29.796901 66000 Coordinator.h:30] Coordinator initializes 12 workers.
I0319 15:39:29.977357 66000 Coordinator.h:77] Coordinator starts to run 13 workers.
I0319 15:39:29.977444 66016 AriaExecutor.h:94] AriaExecutor 0 started. 
I0319 15:39:29.977494 66017 AriaExecutor.h:94] AriaExecutor 1 started. 
I0319 15:39:29.977599 66018 AriaExecutor.h:94] AriaExecutor 2 started. 
I0319 15:39:29.977728 66019 AriaExecutor.h:94] AriaExecutor 3 started. 
I0319 15:39:29.977767 66020 AriaExecutor.h:94] AriaExecutor 4 started. 
I0319 15:39:29.977871 66021 AriaExecutor.h:94] AriaExecutor 5 started. 
I0319 15:39:29.977906 66022 AriaExecutor.h:94] AriaExecutor 6 started. 
I0319 15:39:29.978008 66023 AriaExecutor.h:94] AriaExecutor 7 started. 
I0319 15:39:29.978132 66024 AriaExecutor.h:94] AriaExecutor 8 started. 
I0319 15:39:29.978163 66025 AriaExecutor.h:94] AriaExecutor 9 started. 
I0319 15:39:29.978284 66026 AriaExecutor.h:94] AriaExecutor 10 started. 
I0319 15:39:29.978319 66027 AriaExecutor.h:94] AriaExecutor 11 started. 
I0319 15:39:29.978426 66028 Manager.h:224] Manager(worker id = 12) on the coordinator node started.
I0319 15:39:30.978452 66000 Coordinator.h:126] commit: 1951 abort: 187049 (0/187049/0), network size: 0, avg network size: 0, si_in_serializable: 0 0 %, local: 0 %
I0319 15:39:31.978617 66000 Coordinator.h:126] commit: 2354 abort: 228646 (0/228646/0), network size: 0, avg network size: 0, si_in_serializable: 0 0 %, local: 0 %
I0319 15:39:32.978829 66000 Coordinator.h:126] commit: 3116 abort: 248884 (0/248884/0), network size: 0, avg network size: 0, si_in_serializable: 0 0 %, local: 0 %
I0319 15:39:33.978986 66000 Coordinator.h:126] commit: 3767 abort: 248233 (0/248233/0), network size: 0, avg network size: 0, si_in_serializable: 0 0 %, local: 0 %
I0319 15:39:34.979135 66000 Coordinator.h:126] commit: 4168 abort: 247832 (0/247832/0), network size: 0, avg network size: 0, si_in_serializable: 0 0 %, local: 0 %
I0319 15:39:35.979276 66000 Coordinator.h:126] commit: 4433 abort: 233567 (0/233567/0), network size: 0, avg network size: 0, si_in_serializable: 0 0 %, local: 0 %
I0319 15:39:36.979415 66000 Coordinator.h:126] commit: 4794 abort: 240206 (0/240206/0), network size: 0, avg network size: 0, si_in_serializable: 0 0 %, local: 0 %
I0319 15:39:37.979620 66000 Coordinator.h:126] commit: 4864 abort: 233136 (0/233136/0), network size: 0, avg network size: 0, si_in_serializable: 0 0 %, local: 0 %
I0319 15:39:38.979776 66000 Coordinator.h:126] commit: 5067 abort: 232933 (0/232933/0), network size: 0, avg network size: 0, si_in_serializable: 0 0 %, local: 0 %
I0319 15:39:39.979933 66000 Coordinator.h:126] commit: 5116 abort: 225884 (0/225884/0), network size: 0, avg network size: 0, si_in_serializable: 0 0 %, local: 0 %
I0319 15:39:40.980086 66000 Coordinator.h:126] commit: 5463 abort: 232537 (0/232537/0), network size: 0, avg network size: 0, si_in_serializable: 0 0 %, local: 0 %
I0319 15:39:41.980216 66000 Coordinator.h:126] commit: 5355 abort: 225645 (0/225645/0), network size: 0, avg network size: 0, si_in_serializable: 0 0 %, local: 0 %
I0319 15:39:42.980389 66000 Coordinator.h:126] commit: 5564 abort: 232436 (0/232436/0), network size: 0, avg network size: 0, si_in_serializable: 0 0 %, local: 0 %
I0319 15:39:43.980533 66000 Coordinator.h:126] commit: 5845 abort: 232155 (0/232155/0), network size: 0, avg network size: 0, si_in_serializable: 0 0 %, local: 0 %
I0319 15:39:44.980679 66000 Coordinator.h:126] commit: 5811 abort: 225189 (0/225189/0), network size: 0, avg network size: 0, si_in_serializable: 0 0 %, local: 0 %
I0319 15:39:45.980818 66000 Coordinator.h:126] commit: 6128 abort: 231872 (0/231872/0), network size: 0, avg network size: 0, si_in_serializable: 0 0 %, local: 0 %
I0319 15:39:46.980939 66000 Coordinator.h:126] commit: 6108 abort: 231892 (0/231892/0), network size: 0, avg network size: 0, si_in_serializable: 0 0 %, local: 0 %
I0319 15:39:47.981057 66000 Coordinator.h:126] commit: 6242 abort: 231758 (0/231758/0), network size: 0, avg network size: 0, si_in_serializable: 0 0 %, local: 0 %
I0319 15:39:48.981257 66000 Coordinator.h:126] commit: 6483 abort: 231517 (0/231517/0), network size: 0, avg network size: 0, si_in_serializable: 0 0 %, local: 0 %
I0319 15:39:49.981415 66000 Coordinator.h:126] commit: 7007 abort: 230993 (0/230993/0), network size: 0, avg network size: 0, si_in_serializable: 0 0 %, local: 0 %
I0319 15:39:50.981536 66000 Coordinator.h:126] commit: 6608 abort: 224392 (0/224392/0), network size: 0, avg network size: 0, si_in_serializable: 0 0 %, local: 0 %
I0319 15:39:51.981657 66000 Coordinator.h:126] commit: 6866 abort: 231134 (0/231134/0), network size: 0, avg network size: 0, si_in_serializable: 0 0 %, local: 0 %
I0319 15:39:52.981779 66000 Coordinator.h:126] commit: 6811 abort: 231189 (0/231189/0), network size: 0, avg network size: 0, si_in_serializable: 0 0 %, local: 0 %
I0319 15:39:53.981904 66000 Coordinator.h:126] commit: 6546 abort: 224454 (0/224454/0), network size: 0, avg network size: 0, si_in_serializable: 0 0 %, local: 0 %
I0319 15:39:54.982048 66000 Coordinator.h:126] commit: 6869 abort: 231131 (0/231131/0), network size: 0, avg network size: 0, si_in_serializable: 0 0 %, local: 0 %
I0319 15:39:54.982105 66000 Coordinator.h:152] average commit: 6000.6 abort: 230599 (0/230599/0), network size: 0, avg network size: 0, si_in_serializable: 0 0 %, local: 0 %
I0319 15:39:54.982148 66000 AriaExecutor.h:646] Worker 0 latency: 769900 us (50%) 1671085 us (75%) 7810934 us (95%) 17699920 us (99%).
I0319 15:39:55.010742 66023 AriaExecutor.h:106] AriaExecutor 7 exits. 
I0319 15:39:55.010742 66016 AriaExecutor.h:106] AriaExecutor 0 exits. 
I0319 15:39:55.010751 66026 AriaExecutor.h:106] AriaExecutor 10 exits. 
I0319 15:39:55.010752 66025 AriaExecutor.h:106] AriaExecutor 9 exits. 
I0319 15:39:55.010752 66021 AriaExecutor.h:106] AriaExecutor 5 exits. 
I0319 15:39:55.010756 66018 AriaExecutor.h:106] AriaExecutor 2 exits. 
I0319 15:39:55.010742 66024 AriaExecutor.h:106] AriaExecutor 8 exits. 
I0319 15:39:55.010751 66027 AriaExecutor.h:106] AriaExecutor 11 exits. 
I0319 15:39:55.010761 66028 Manager.h:227] Manager(worker id = 12) on the coordinator node exits.
I0319 15:39:55.010754 66017 AriaExecutor.h:106] AriaExecutor 1 exits. 
I0319 15:39:55.010754 66019 AriaExecutor.h:106] AriaExecutor 3 exits. 
I0319 15:39:55.010742 66020 AriaExecutor.h:106] AriaExecutor 4 exits. 
I0319 15:39:55.010742 66022 AriaExecutor.h:106] AriaExecutor 6 exits. 
I0319 15:39:55.011117 66000 AriaExecutor.h:646] Worker 1 latency: 601864 us (50%) 1280270 us (75%) 4700530 us (95%) 16258386 us (99%).
I0319 15:39:55.012868 66000 AriaExecutor.h:646] Worker 2 latency: 608018 us (50%) 1308331 us (75%) 4194528 us (95%) 15378175 us (99%).
I0319 15:39:55.014545 66000 AriaExecutor.h:646] Worker 3 latency: 571327 us (50%) 1235899 us (75%) 3634085 us (95%) 15024958 us (99%).
I0319 15:39:55.016249 66000 AriaExecutor.h:646] Worker 4 latency: 601235 us (50%) 1280608 us (75%) 3659361 us (95%) 14404791 us (99%).
I0319 15:39:55.017992 66000 AriaExecutor.h:646] Worker 5 latency: 694763 us (50%) 1423275 us (75%) 3609696 us (95%) 12719639 us (99%).
I0319 15:39:55.019843 66000 AriaExecutor.h:646] Worker 6 latency: 661161 us (50%) 1377110 us (75%) 3631855 us (95%) 13042475 us (99%).
I0319 15:39:55.021692 66000 AriaExecutor.h:646] Worker 7 latency: 601558 us (50%) 1241524 us (75%) 3316957 us (95%) 12686922 us (99%).
I0319 15:39:55.023357 66000 AriaExecutor.h:646] Worker 8 latency: 573577 us (50%) 1223156 us (75%) 3317387 us (95%) 12896160 us (99%).
I0319 15:39:55.024999 66000 AriaExecutor.h:646] Worker 9 latency: 602453 us (50%) 1279522 us (75%) 3389193 us (95%) 12630018 us (99%).
I0319 15:39:55.026683 66000 AriaExecutor.h:646] Worker 10 latency: 556136 us (50%) 1185829 us (75%) 3196360 us (95%) 12747076 us (99%).
I0319 15:39:55.028357 66000 AriaExecutor.h:646] Worker 11 latency: 641263 us (50%) 1314150 us (75%) 3373709 us (95%) 11407264 us (99%).
I0319 15:39:55.029615 66000 Coordinator.h:177] total commit: 6000.6
I0319 15:39:56.029829 66000 Coordinator.h:192] Coordinator exits.
