I0319 14:28:07.163175 45217 Database.h:65] ycsb initialization finished in 99 milliseconds.
I0319 14:28:07.163419 45217 Coordinator.h:30] Coordinator initializes 12 workers.
I0319 14:28:07.388473 45217 Coordinator.h:77] Coordinator starts to run 13 workers.
I0319 14:28:07.388556 45234 AriaExecutor.h:82] AriaExecutor 0 started. 
I0319 14:28:07.388607 45235 AriaExecutor.h:82] AriaExecutor 1 started. 
I0319 14:28:07.388711 45236 AriaExecutor.h:82] AriaExecutor 2 started. 
I0319 14:28:07.388767 45237 AriaExecutor.h:82] AriaExecutor 3 started. 
I0319 14:28:07.388855 45238 AriaExecutor.h:82] AriaExecutor 4 started. 
I0319 14:28:07.388972 45239 AriaExecutor.h:82] AriaExecutor 5 started. 
I0319 14:28:07.389091 45240 AriaExecutor.h:82] AriaExecutor 6 started. 
I0319 14:28:07.389128 45241 AriaExecutor.h:82] AriaExecutor 7 started. 
I0319 14:28:07.389230 45242 AriaExecutor.h:82] AriaExecutor 8 started. 
I0319 14:28:07.389281 45243 AriaExecutor.h:82] AriaExecutor 9 started. 
I0319 14:28:07.389369 45244 AriaExecutor.h:82] AriaExecutor 10 started. 
I0319 14:28:07.389492 45245 AriaExecutor.h:82] AriaExecutor 11 started. 
I0319 14:28:07.389515 45246 Manager.h:224] Manager(worker id = 12) on the coordinator node started.
I0319 14:28:08.389571 45217 Coordinator.h:126] commit: 13970 abort: 112030 (0/112030/0), network size: 0, avg network size: 0, si_in_serializable: 0 0 %, local: 0 %
I0319 14:28:09.389734 45217 Coordinator.h:126] commit: 14083 abort: 120917 (0/120917/0), network size: 0, avg network size: 0, si_in_serializable: 0 0 %, local: 0 %
I0319 14:28:10.389930 45217 Coordinator.h:126] commit: 17950 abort: 153050 (0/153050/0), network size: 0, avg network size: 0, si_in_serializable: 0 0 %, local: 0 %
I0319 14:28:11.390085 45217 Coordinator.h:126] commit: 17798 abort: 153202 (0/153202/0), network size: 0, avg network size: 0, si_in_serializable: 0 0 %, local: 0 %
I0319 14:28:12.390221 45217 Coordinator.h:126] commit: 18160 abort: 152840 (0/152840/0), network size: 0, avg network size: 0, si_in_serializable: 0 0 %, local: 0 %
I0319 14:28:13.390355 45217 Coordinator.h:126] commit: 16633 abort: 145367 (0/145367/0), network size: 0, avg network size: 0, si_in_serializable: 0 0 %, local: 0 %
I0319 14:28:14.390542 45217 Coordinator.h:126] commit: 17300 abort: 144700 (0/144700/0), network size: 0, avg network size: 0, si_in_serializable: 0 0 %, local: 0 %
I0319 14:28:15.390693 45217 Coordinator.h:126] commit: 18118 abort: 152882 (0/152882/0), network size: 0, avg network size: 0, si_in_serializable: 0 0 %, local: 0 %
I0319 14:28:16.390810 45217 Coordinator.h:126] commit: 16890 abort: 145110 (0/145110/0), network size: 0, avg network size: 0, si_in_serializable: 0 0 %, local: 0 %
I0319 14:28:17.390940 45217 Coordinator.h:126] commit: 16735 abort: 145265 (0/145265/0), network size: 0, avg network size: 0, si_in_serializable: 0 0 %, local: 0 %
I0319 14:28:18.391084 45217 Coordinator.h:126] commit: 16083 abort: 136917 (0/136917/0), network size: 0, avg network size: 0, si_in_serializable: 0 0 %, local: 0 %
I0319 14:28:19.391224 45217 Coordinator.h:126] commit: 16737 abort: 145263 (0/145263/0), network size: 0, avg network size: 0, si_in_serializable: 0 0 %, local: 0 %
I0319 14:28:20.391351 45217 Coordinator.h:126] commit: 16014 abort: 136986 (0/136986/0), network size: 0, avg network size: 0, si_in_serializable: 0 0 %, local: 0 %
I0319 14:28:21.391526 45217 Coordinator.h:126] commit: 16775 abort: 145225 (0/145225/0), network size: 0, avg network size: 0, si_in_serializable: 0 0 %, local: 0 %
I0319 14:28:22.391670 45217 Coordinator.h:126] commit: 15856 abort: 137144 (0/137144/0), network size: 0, avg network size: 0, si_in_serializable: 0 0 %, local: 0 %
I0319 14:28:23.391790 45217 Coordinator.h:126] commit: 16688 abort: 145312 (0/145312/0), network size: 0, avg network size: 0, si_in_serializable: 0 0 %, local: 0 %
I0319 14:28:24.391911 45217 Coordinator.h:126] commit: 17238 abort: 144762 (0/144762/0), network size: 0, avg network size: 0, si_in_serializable: 0 0 %, local: 0 %
I0319 14:28:25.392032 45217 Coordinator.h:126] commit: 15943 abort: 137057 (0/137057/0), network size: 0, avg network size: 0, si_in_serializable: 0 0 %, local: 0 %
I0319 14:28:26.392148 45217 Coordinator.h:126] commit: 17011 abort: 144989 (0/144989/0), network size: 0, avg network size: 0, si_in_serializable: 0 0 %, local: 0 %
I0319 14:28:27.392282 45217 Coordinator.h:126] commit: 17077 abort: 144923 (0/144923/0), network size: 0, avg network size: 0, si_in_serializable: 0 0 %, local: 0 %
I0319 14:28:28.392426 45217 Coordinator.h:126] commit: 16014 abort: 136986 (0/136986/0), network size: 0, avg network size: 0, si_in_serializable: 0 0 %, local: 0 %
I0319 14:28:29.392562 45217 Coordinator.h:126] commit: 17076 abort: 144924 (0/144924/0), network size: 0, avg network size: 0, si_in_serializable: 0 0 %, local: 0 %
I0319 14:28:30.392685 45217 Coordinator.h:126] commit: 17035 abort: 144965 (0/144965/0), network size: 0, avg network size: 0, si_in_serializable: 0 0 %, local: 0 %
I0319 14:28:31.392815 45217 Coordinator.h:126] commit: 17157 abort: 144843 (0/144843/0), network size: 0, avg network size: 0, si_in_serializable: 0 0 %, local: 0 %
I0319 14:28:32.392946 45217 Coordinator.h:126] commit: 16081 abort: 136919 (0/136919/0), network size: 0, avg network size: 0, si_in_serializable: 0 0 %, local: 0 %
I0319 14:28:32.392984 45217 Coordinator.h:152] average commit: 16542.2 abort: 141858 (0/141858/0), network size: 0, avg network size: 0, si_in_serializable: 0 0 %, local: 0 %
I0319 14:28:32.397614 45235 AriaExecutor.h:94] AriaExecutor 1 exits. 
I0319 14:28:32.397636 45246 Manager.h:227] Manager(worker id = 12) on the coordinator node exits.
I0319 14:28:32.397626 45241 AriaExecutor.h:94] AriaExecutor 7 exits. 
I0319 14:28:32.397627 45238 AriaExecutor.h:94] AriaExecutor 4 exits. 
I0319 14:28:32.397629 45237 AriaExecutor.h:94] AriaExecutor 3 exits. 
I0319 14:28:32.397626 45242 AriaExecutor.h:94] AriaExecutor 8 exits. 
I0319 14:28:32.397629 45244 AriaExecutor.h:94] AriaExecutor 10 exits. 
I0319 14:28:32.397614 45236 AriaExecutor.h:94] AriaExecutor 2 exits. 
I0319 14:28:32.397627 45243 AriaExecutor.h:94] AriaExecutor 9 exits. 
I0319 14:28:32.397629 45240 AriaExecutor.h:94] AriaExecutor 6 exits. 
I0319 14:28:32.397629 45234 AriaExecutor.h:94] AriaExecutor 0 exits. 
I0319 14:28:32.397614 45245 AriaExecutor.h:94] AriaExecutor 11 exits. 
I0319 14:28:32.397629 45239 AriaExecutor.h:94] AriaExecutor 5 exits. 
I0319 14:28:32.393029 45217 AriaExecutor.h:535] Worker 0 latency: 524901 us (50%) 578709 us (75%) 641897 us (95%) 709210 us (99%).
I0319 14:28:32.398290 45217 AriaExecutor.h:535] Worker 1 latency: 524795 us (50%) 578518 us (75%) 641224 us (95%) 706237 us (99%).
I0319 14:28:32.403251 45217 AriaExecutor.h:535] Worker 2 latency: 524775 us (50%) 578535 us (75%) 640870 us (95%) 705700 us (99%).
I0319 14:28:32.408233 45217 AriaExecutor.h:535] Worker 3 latency: 524954 us (50%) 578253 us (75%) 640524 us (95%) 705385 us (99%).
I0319 14:28:32.412158 45217 AriaExecutor.h:535] Worker 4 latency: 525009 us (50%) 578479 us (75%) 640604 us (95%) 705729 us (99%).
I0319 14:28:32.415367 45217 AriaExecutor.h:535] Worker 5 latency: 525282 us (50%) 578603 us (75%) 640227 us (95%) 704022 us (99%).
I0319 14:28:32.418483 45217 AriaExecutor.h:535] Worker 6 latency: 524864 us (50%) 578272 us (75%) 640098 us (95%) 704053 us (99%).
I0319 14:28:32.421188 45217 AriaExecutor.h:535] Worker 7 latency: 524941 us (50%) 578362 us (75%) 639887 us (95%) 702904 us (99%).
I0319 14:28:32.423300 45217 AriaExecutor.h:535] Worker 8 latency: 524555 us (50%) 577829 us (75%) 639518 us (95%) 702671 us (99%).
I0319 14:28:32.425442 45217 AriaExecutor.h:535] Worker 9 latency: 524557 us (50%) 577792 us (75%) 639371 us (95%) 702767 us (99%).
I0319 14:28:32.427556 45217 AriaExecutor.h:535] Worker 10 latency: 524249 us (50%) 577606 us (75%) 639171 us (95%) 701801 us (99%).
I0319 14:28:32.429643 45217 AriaExecutor.h:535] Worker 11 latency: 524546 us (50%) 577310 us (75%) 639218 us (95%) 702324 us (99%).
I0319 14:28:32.431604 45217 Coordinator.h:177] total commit: 16542.2
I0319 14:28:33.431802 45217 Coordinator.h:192] Coordinator exits.
