I0319 14:42:03.508615 49210 Database.h:65] ycsb initialization finished in 99 milliseconds.
I0319 14:42:03.508826 49210 Coordinator.h:30] Coordinator initializes 12 workers.
I0319 14:42:03.757491 49210 Coordinator.h:77] Coordinator starts to run 13 workers.
I0319 14:42:03.757597 49226 AriaExecutor.h:82] AriaExecutor 0 started. 
I0319 14:42:03.757653 49227 AriaExecutor.h:82] AriaExecutor 1 started. 
I0319 14:42:03.757751 49228 AriaExecutor.h:82] AriaExecutor 2 started. 
I0319 14:42:03.757876 49229 AriaExecutor.h:82] AriaExecutor 3 started. 
I0319 14:42:03.757922 49230 AriaExecutor.h:82] AriaExecutor 4 started. 
I0319 14:42:03.758014 49231 AriaExecutor.h:82] AriaExecutor 5 started. 
I0319 14:42:03.758074 49232 AriaExecutor.h:82] AriaExecutor 6 started. 
I0319 14:42:03.758177 49233 AriaExecutor.h:82] AriaExecutor 7 started. 
I0319 14:42:03.758296 49234 AriaExecutor.h:82] AriaExecutor 8 started. 
I0319 14:42:03.758358 49235 AriaExecutor.h:82] AriaExecutor 9 started. 
I0319 14:42:03.758450 49236 AriaExecutor.h:82] AriaExecutor 10 started. 
I0319 14:42:03.758569 49237 AriaExecutor.h:82] AriaExecutor 11 started. 
I0319 14:42:03.758623 49238 Manager.h:224] Manager(worker id = 12) on the coordinator node started.
I0319 14:42:04.758666 49210 Coordinator.h:126] commit: 2825 abort: 137175 (0/137175/0), network size: 0, avg network size: 0, si_in_serializable: 0 0 %, local: 0 %
I0319 14:42:05.758816 49210 Coordinator.h:126] commit: 2281 abort: 147719 (0/147719/0), network size: 0, avg network size: 0, si_in_serializable: 0 0 %, local: 0 %
I0319 14:42:06.759018 49210 Coordinator.h:126] commit: 4189 abort: 195811 (0/195811/0), network size: 0, avg network size: 0, si_in_serializable: 0 0 %, local: 0 %
I0319 14:42:07.759181 49210 Coordinator.h:126] commit: 3978 abort: 196022 (0/196022/0), network size: 0, avg network size: 0, si_in_serializable: 0 0 %, local: 0 %
I0319 14:42:08.759325 49210 Coordinator.h:126] commit: 4167 abort: 185833 (0/185833/0), network size: 0, avg network size: 0, si_in_serializable: 0 0 %, local: 0 %
I0319 14:42:09.759466 49210 Coordinator.h:126] commit: 4887 abort: 185113 (0/185113/0), network size: 0, avg network size: 0, si_in_serializable: 0 0 %, local: 0 %
I0319 14:42:10.759601 49210 Coordinator.h:126] commit: 5206 abort: 184794 (0/184794/0), network size: 0, avg network size: 0, si_in_serializable: 0 0 %, local: 0 %
I0319 14:42:11.759806 49210 Coordinator.h:126] commit: 4930 abort: 175070 (0/175070/0), network size: 0, avg network size: 0, si_in_serializable: 0 0 %, local: 0 %
I0319 14:42:12.759964 49210 Coordinator.h:126] commit: 5377 abort: 184623 (0/184623/0), network size: 0, avg network size: 0, si_in_serializable: 0 0 %, local: 0 %
I0319 14:42:13.760107 49210 Coordinator.h:126] commit: 4957 abort: 185043 (0/185043/0), network size: 0, avg network size: 0, si_in_serializable: 0 0 %, local: 0 %
I0319 14:42:14.760273 49210 Coordinator.h:126] commit: 4753 abort: 175247 (0/175247/0), network size: 0, avg network size: 0, si_in_serializable: 0 0 %, local: 0 %
I0319 14:42:15.760411 49210 Coordinator.h:126] commit: 5047 abort: 184953 (0/184953/0), network size: 0, avg network size: 0, si_in_serializable: 0 0 %, local: 0 %
I0319 14:42:16.760546 49210 Coordinator.h:126] commit: 4782 abort: 175218 (0/175218/0), network size: 0, avg network size: 0, si_in_serializable: 0 0 %, local: 0 %
I0319 14:42:17.760675 49210 Coordinator.h:126] commit: 5007 abort: 174993 (0/174993/0), network size: 0, avg network size: 0, si_in_serializable: 0 0 %, local: 0 %
I0319 14:42:18.760879 49210 Coordinator.h:126] commit: 4924 abort: 175076 (0/175076/0), network size: 0, avg network size: 0, si_in_serializable: 0 0 %, local: 0 %
I0319 14:42:19.761024 49210 Coordinator.h:126] commit: 4888 abort: 184631 (0/184631/0), network size: 0, avg network size: 0, si_in_serializable: 0 0 %, local: 0 %
I0319 14:42:20.761159 49210 Coordinator.h:126] commit: 4948 abort: 175533 (0/175533/0), network size: 0, avg network size: 0, si_in_serializable: 0 0 %, local: 0 %
I0319 14:42:21.761302 49210 Coordinator.h:126] commit: 5134 abort: 174866 (0/174866/0), network size: 0, avg network size: 0, si_in_serializable: 0 0 %, local: 0 %
I0319 14:42:22.761440 49210 Coordinator.h:126] commit: 4579 abort: 175421 (0/175421/0), network size: 0, avg network size: 0, si_in_serializable: 0 0 %, local: 0 %
I0319 14:42:23.761581 49210 Coordinator.h:126] commit: 4645 abort: 175355 (0/175355/0), network size: 0, avg network size: 0, si_in_serializable: 0 0 %, local: 0 %
I0319 14:42:24.761731 49210 Coordinator.h:126] commit: 4763 abort: 175237 (0/175237/0), network size: 0, avg network size: 0, si_in_serializable: 0 0 %, local: 0 %
I0319 14:42:25.761876 49210 Coordinator.h:126] commit: 5035 abort: 174965 (0/174965/0), network size: 0, avg network size: 0, si_in_serializable: 0 0 %, local: 0 %
I0319 14:42:26.762001 49210 Coordinator.h:126] commit: 5092 abort: 174908 (0/174908/0), network size: 0, avg network size: 0, si_in_serializable: 0 0 %, local: 0 %
I0319 14:42:27.762132 49210 Coordinator.h:126] commit: 5117 abort: 184883 (0/184883/0), network size: 0, avg network size: 0, si_in_serializable: 0 0 %, local: 0 %
I0319 14:42:28.762269 49210 Coordinator.h:126] commit: 4572 abort: 175428 (0/175428/0), network size: 0, avg network size: 0, si_in_serializable: 0 0 %, local: 0 %
I0319 14:42:28.762318 49210 Coordinator.h:152] average commit: 4870.7 abort: 177129 (0/177129/0), network size: 0, avg network size: 0, si_in_serializable: 0 0 %, local: 0 %
I0319 14:42:28.762363 49210 AriaExecutor.h:535] Worker 0 latency: 1949286 us (50%) 3048084 us (75%) 3894904 us (95%) 5790263 us (99%).
I0319 14:42:28.816489 49236 AriaExecutor.h:94] AriaExecutor 10 exits. 
I0319 14:42:28.816509 49227 AriaExecutor.h:94] AriaExecutor 1 exits. 
I0319 14:42:28.816504 49233 AriaExecutor.h:94] AriaExecutor 7 exits. 
I0319 14:42:28.816506 49232 AriaExecutor.h:94] AriaExecutor 6 exits. 
I0319 14:42:28.816507 49234 AriaExecutor.h:94] AriaExecutor 8 exits. 
I0319 14:42:28.816506 49231 AriaExecutor.h:94] AriaExecutor 5 exits. 
I0319 14:42:28.816515 49229 AriaExecutor.h:94] AriaExecutor 3 exits. 
I0319 14:42:28.816506 49238 Manager.h:227] Manager(worker id = 12) on the coordinator node exits.
I0319 14:42:28.816489 49226 AriaExecutor.h:94] AriaExecutor 0 exits. 
I0319 14:42:28.816506 49237 AriaExecutor.h:94] AriaExecutor 11 exits. 
I0319 14:42:28.816510 49235 AriaExecutor.h:94] AriaExecutor 9 exits. 
I0319 14:42:28.816489 49230 AriaExecutor.h:94] AriaExecutor 4 exits. 
I0319 14:42:28.816489 49228 AriaExecutor.h:94] AriaExecutor 2 exits. 
I0319 14:42:28.816767 49210 AriaExecutor.h:535] Worker 1 latency: 1889098 us (50%) 3109587 us (75%) 3862305 us (95%) 5834146 us (99%).
I0319 14:42:28.818341 49210 AriaExecutor.h:535] Worker 2 latency: 2093140 us (50%) 3161115 us (75%) 3938207 us (95%) 5917585 us (99%).
I0319 14:42:28.819854 49210 AriaExecutor.h:535] Worker 3 latency: 1896582 us (50%) 3063999 us (75%) 3835770 us (95%) 5811457 us (99%).
I0319 14:42:28.821411 49210 AriaExecutor.h:535] Worker 4 latency: 2052565 us (50%) 3157687 us (75%) 3882654 us (95%) 5804553 us (99%).
I0319 14:42:28.822981 49210 AriaExecutor.h:535] Worker 5 latency: 1832805 us (50%) 2989028 us (75%) 3756930 us (95%) 5646825 us (99%).
I0319 14:42:28.824967 49210 AriaExecutor.h:535] Worker 6 latency: 1943708 us (50%) 3056423 us (75%) 3826672 us (95%) 5761213 us (99%).
I0319 14:42:28.826717 49210 AriaExecutor.h:535] Worker 7 latency: 1998833 us (50%) 3105198 us (75%) 3882034 us (95%) 5808259 us (99%).
I0319 14:42:28.828289 49210 AriaExecutor.h:535] Worker 8 latency: 1994346 us (50%) 3099593 us (75%) 3825073 us (95%) 5806330 us (99%).
I0319 14:42:28.829793 49210 AriaExecutor.h:535] Worker 9 latency: 1945568 us (50%) 3052838 us (75%) 3772929 us (95%) 5737634 us (99%).
I0319 14:42:28.831154 49210 AriaExecutor.h:535] Worker 10 latency: 1886564 us (50%) 3055747 us (75%) 3768512 us (95%) 5699534 us (99%).
I0319 14:42:28.832150 49210 AriaExecutor.h:535] Worker 11 latency: 1852577 us (50%) 3000293 us (75%) 3733072 us (95%) 5750994 us (99%).
I0319 14:42:28.833251 49210 Coordinator.h:177] total commit: 4870.7
I0319 14:42:29.833482 49210 Coordinator.h:192] Coordinator exits.
