I0319 15:11:02.986718 57762 Database.h:65] ycsb initialization finished in 100 milliseconds.
I0319 15:11:02.986935 57762 Coordinator.h:30] Coordinator initializes 12 workers.
I0319 15:11:03.095103 57762 Coordinator.h:77] Coordinator starts to run 13 workers.
I0319 15:11:03.095191 57779 AriaExecutor.h:94] AriaExecutor 0 started. 
I0319 15:11:03.095237 57780 AriaExecutor.h:94] AriaExecutor 1 started. 
I0319 15:11:03.095350 57781 AriaExecutor.h:94] AriaExecutor 2 started. 
I0319 15:11:03.095404 57782 AriaExecutor.h:94] AriaExecutor 3 started. 
I0319 15:11:03.095494 57783 AriaExecutor.h:94] AriaExecutor 4 started. 
I0319 15:11:03.095556 57784 AriaExecutor.h:94] AriaExecutor 5 started. 
I0319 15:11:03.095623 57785 AriaExecutor.h:94] AriaExecutor 6 started. 
I0319 15:11:03.095717 57786 AriaExecutor.h:94] AriaExecutor 7 started. 
I0319 15:11:03.095769 57787 AriaExecutor.h:94] AriaExecutor 8 started. 
I0319 15:11:03.095851 57788 AriaExecutor.h:94] AriaExecutor 9 started. 
I0319 15:11:03.095891 57789 AriaExecutor.h:94] AriaExecutor 10 started. 
I0319 15:11:03.095989 57790 AriaExecutor.h:94] AriaExecutor 11 started. 
I0319 15:11:03.096026 57791 Manager.h:224] Manager(worker id = 12) on the coordinator node started.
I0319 15:11:04.096079 57762 Coordinator.h:126] commit: 34990 abort: 81010 (0/81010/0), network size: 0, avg network size: 0, si_in_serializable: 0 0 %, local: 0 %
I0319 15:11:05.096226 57762 Coordinator.h:126] commit: 42862 abort: 101138 (0/101138/0), network size: 0, avg network size: 0, si_in_serializable: 0 0 %, local: 0 %
I0319 15:11:06.096431 57762 Coordinator.h:126] commit: 46313 abort: 109687 (0/109687/0), network size: 0, avg network size: 0, si_in_serializable: 0 0 %, local: 0 %
I0319 15:11:07.096591 57762 Coordinator.h:126] commit: 44401 abort: 103599 (0/103599/0), network size: 0, avg network size: 0, si_in_serializable: 0 0 %, local: 0 %
I0319 15:11:08.096729 57762 Coordinator.h:126] commit: 44192 abort: 103808 (0/103808/0), network size: 0, avg network size: 0, si_in_serializable: 0 0 %, local: 0 %
I0319 15:11:09.096860 57762 Coordinator.h:126] commit: 44337 abort: 103663 (0/103663/0), network size: 0, avg network size: 0, si_in_serializable: 0 0 %, local: 0 %
I0319 15:11:10.096987 57762 Coordinator.h:126] commit: 44280 abort: 103720 (0/103720/0), network size: 0, avg network size: 0, si_in_serializable: 0 0 %, local: 0 %
I0319 15:11:11.097184 57762 Coordinator.h:126] commit: 42797 abort: 101203 (0/101203/0), network size: 0, avg network size: 0, si_in_serializable: 0 0 %, local: 0 %
I0319 15:11:12.097363 57762 Coordinator.h:126] commit: 44403 abort: 103597 (0/103597/0), network size: 0, avg network size: 0, si_in_serializable: 0 0 %, local: 0 %
I0319 15:11:13.097493 57762 Coordinator.h:126] commit: 45604 abort: 106396 (0/106396/0), network size: 0, avg network size: 0, si_in_serializable: 0 0 %, local: 0 %
I0319 15:11:14.097617 57762 Coordinator.h:126] commit: 44591 abort: 103409 (0/103409/0), network size: 0, avg network size: 0, si_in_serializable: 0 0 %, local: 0 %
I0319 15:11:15.097743 57762 Coordinator.h:126] commit: 44154 abort: 103846 (0/103846/0), network size: 0, avg network size: 0, si_in_serializable: 0 0 %, local: 0 %
I0319 15:11:16.097885 57762 Coordinator.h:126] commit: 44305 abort: 103695 (0/103695/0), network size: 0, avg network size: 0, si_in_serializable: 0 0 %, local: 0 %
I0319 15:11:17.098024 57762 Coordinator.h:126] commit: 44167 abort: 103833 (0/103833/0), network size: 0, avg network size: 0, si_in_serializable: 0 0 %, local: 0 %
I0319 15:11:18.098157 57762 Coordinator.h:126] commit: 44361 abort: 103639 (0/103639/0), network size: 0, avg network size: 0, si_in_serializable: 0 0 %, local: 0 %
I0319 15:11:19.098290 57762 Coordinator.h:126] commit: 44499 abort: 103501 (0/103501/0), network size: 0, avg network size: 0, si_in_serializable: 0 0 %, local: 0 %
I0319 15:11:20.098423 57762 Coordinator.h:126] commit: 42890 abort: 101110 (0/101110/0), network size: 0, avg network size: 0, si_in_serializable: 0 0 %, local: 0 %
I0319 15:11:21.098608 57762 Coordinator.h:126] commit: 44512 abort: 103488 (0/103488/0), network size: 0, avg network size: 0, si_in_serializable: 0 0 %, local: 0 %
I0319 15:11:22.098755 57762 Coordinator.h:126] commit: 42877 abort: 101123 (0/101123/0), network size: 0, avg network size: 0, si_in_serializable: 0 0 %, local: 0 %
I0319 15:11:23.098894 57762 Coordinator.h:126] commit: 44063 abort: 103937 (0/103937/0), network size: 0, avg network size: 0, si_in_serializable: 0 0 %, local: 0 %
I0319 15:11:24.099025 57762 Coordinator.h:126] commit: 43425 abort: 100575 (0/100575/0), network size: 0, avg network size: 0, si_in_serializable: 0 0 %, local: 0 %
I0319 15:11:25.099148 57762 Coordinator.h:126] commit: 43274 abort: 101398 (0/101398/0), network size: 0, avg network size: 0, si_in_serializable: 0 0 %, local: 0 %
I0319 15:11:26.099282 57762 Coordinator.h:126] commit: 43356 abort: 103972 (0/103972/0), network size: 0, avg network size: 0, si_in_serializable: 0 0 %, local: 0 %
I0319 15:11:27.099424 57762 Coordinator.h:126] commit: 42830 abort: 101170 (0/101170/0), network size: 0, avg network size: 0, si_in_serializable: 0 0 %, local: 0 %
I0319 15:11:28.099570 57762 Coordinator.h:126] commit: 44254 abort: 103746 (0/103746/0), network size: 0, avg network size: 0, si_in_serializable: 0 0 %, local: 0 %
I0319 15:11:28.099618 57762 Coordinator.h:152] average commit: 44041.9 abort: 103158 (0/103158/0), network size: 0, avg network size: 0, si_in_serializable: 0 0 %, local: 0 %
I0319 15:11:28.111580 57790 AriaExecutor.h:106] AriaExecutor 11 exits. 
I0319 15:11:28.111604 57791 Manager.h:227] Manager(worker id = 12) on the coordinator node exits.
I0319 15:11:28.111580 57788 AriaExecutor.h:106] AriaExecutor 9 exits. 
I0319 15:11:28.111580 57787 AriaExecutor.h:106] AriaExecutor 8 exits. 
I0319 15:11:28.111608 57779 AriaExecutor.h:106] AriaExecutor 0 exits. 
I0319 15:11:28.111594 57786 AriaExecutor.h:106] AriaExecutor 7 exits. 
I0319 15:11:28.111594 57785 AriaExecutor.h:106] AriaExecutor 6 exits. 
I0319 15:11:28.111596 57781 AriaExecutor.h:106] AriaExecutor 2 exits. 
I0319 15:11:28.111580 57784 AriaExecutor.h:106] AriaExecutor 5 exits. 
I0319 15:11:28.111608 57780 AriaExecutor.h:106] AriaExecutor 1 exits. 
I0319 15:11:28.111605 57789 AriaExecutor.h:106] AriaExecutor 10 exits. 
I0319 15:11:28.111605 57783 AriaExecutor.h:106] AriaExecutor 4 exits. 
I0319 15:11:28.111580 57782 AriaExecutor.h:106] AriaExecutor 3 exits. 
I0319 15:11:28.099663 57762 AriaExecutor.h:646] Worker 0 latency: 88331 us (50%) 94667 us (75%) 121422 us (95%) 148140 us (99%).
I0319 15:11:28.114296 57762 AriaExecutor.h:646] Worker 1 latency: 88237 us (50%) 94637 us (75%) 121264 us (95%) 146486 us (99%).
I0319 15:11:28.123539 57762 AriaExecutor.h:646] Worker 2 latency: 87574 us (50%) 94575 us (75%) 121210 us (95%) 146021 us (99%).
I0319 15:11:28.129732 57762 AriaExecutor.h:646] Worker 3 latency: 86712 us (50%) 94527 us (75%) 121136 us (95%) 145688 us (99%).
I0319 15:11:28.135635 57762 AriaExecutor.h:646] Worker 4 latency: 88081 us (50%) 94563 us (75%) 121085 us (95%) 145467 us (99%).
I0319 15:11:28.141057 57762 AriaExecutor.h:646] Worker 5 latency: 87809 us (50%) 94550 us (75%) 121016 us (95%) 145226 us (99%).
I0319 15:11:28.146421 57762 AriaExecutor.h:646] Worker 6 latency: 87406 us (50%) 94494 us (75%) 120949 us (95%) 145012 us (99%).
I0319 15:11:28.151763 57762 AriaExecutor.h:646] Worker 7 latency: 87645 us (50%) 94483 us (75%) 120885 us (95%) 144860 us (99%).
I0319 15:11:28.157150 57762 AriaExecutor.h:646] Worker 8 latency: 87398 us (50%) 94495 us (75%) 120840 us (95%) 144611 us (99%).
I0319 15:11:28.162503 57762 AriaExecutor.h:646] Worker 9 latency: 87660 us (50%) 94509 us (75%) 120801 us (95%) 144496 us (99%).
I0319 15:11:28.167845 57762 AriaExecutor.h:646] Worker 10 latency: 87303 us (50%) 94446 us (75%) 120761 us (95%) 144302 us (99%).
I0319 15:11:28.173161 57762 AriaExecutor.h:646] Worker 11 latency: 86722 us (50%) 94435 us (75%) 120679 us (95%) 144107 us (99%).
I0319 15:11:28.178464 57762 Coordinator.h:177] total commit: 44041.9
I0319 15:11:29.178669 57762 Coordinator.h:192] Coordinator exits.
