I0319 15:33:38.216702 64343 Database.h:65] ycsb initialization finished in 112 milliseconds.
I0319 15:33:38.216922 64343 Coordinator.h:30] Coordinator initializes 12 workers.
I0319 15:33:38.325286 64343 Coordinator.h:77] Coordinator starts to run 13 workers.
I0319 15:33:38.325394 64362 AriaExecutor.h:94] AriaExecutor 0 started. 
I0319 15:33:38.325445 64363 AriaExecutor.h:94] AriaExecutor 1 started. 
I0319 15:33:38.325562 64364 AriaExecutor.h:94] AriaExecutor 2 started. 
I0319 15:33:38.325616 64365 AriaExecutor.h:94] AriaExecutor 3 started. 
I0319 15:33:38.325717 64366 AriaExecutor.h:94] AriaExecutor 4 started. 
I0319 15:33:38.325773 64367 AriaExecutor.h:94] AriaExecutor 5 started. 
I0319 15:33:38.325860 64368 AriaExecutor.h:94] AriaExecutor 6 started. 
I0319 15:33:38.325922 64369 AriaExecutor.h:94] AriaExecutor 7 started. 
I0319 15:33:38.326020 64370 AriaExecutor.h:94] AriaExecutor 8 started. 
I0319 15:33:38.326139 64371 AriaExecutor.h:94] AriaExecutor 9 started. 
I0319 15:33:38.326189 64372 AriaExecutor.h:94] AriaExecutor 10 started. 
I0319 15:33:38.326280 64373 AriaExecutor.h:94] AriaExecutor 11 started. 
I0319 15:33:38.326350 64374 Manager.h:224] Manager(worker id = 12) on the coordinator node started.
I0319 15:33:39.326391 64343 Coordinator.h:126] commit: 5487 abort: 174513 (0/174513/0), network size: 0, avg network size: 0, si_in_serializable: 0 0 %, local: 0 %
I0319 15:33:40.326555 64343 Coordinator.h:126] commit: 7987 abort: 204013 (0/204013/0), network size: 0, avg network size: 0, si_in_serializable: 0 0 %, local: 0 %
I0319 15:33:41.326725 64343 Coordinator.h:126] commit: 9987 abort: 214013 (0/214013/0), network size: 0, avg network size: 0, si_in_serializable: 0 0 %, local: 0 %
I0319 15:33:42.326876 64343 Coordinator.h:126] commit: 9743 abort: 218257 (0/218257/0), network size: 0, avg network size: 0, si_in_serializable: 0 0 %, local: 0 %
I0319 15:33:43.327008 64343 Coordinator.h:126] commit: 9842 abort: 214158 (0/214158/0), network size: 0, avg network size: 0, si_in_serializable: 0 0 %, local: 0 %
I0319 15:33:44.327135 64343 Coordinator.h:126] commit: 9366 abort: 210634 (0/210634/0), network size: 0, avg network size: 0, si_in_serializable: 0 0 %, local: 0 %
I0319 15:33:45.327266 64343 Coordinator.h:126] commit: 9583 abort: 210417 (0/210417/0), network size: 0, avg network size: 0, si_in_serializable: 0 0 %, local: 0 %
I0319 15:33:46.327464 64343 Coordinator.h:126] commit: 9477 abort: 206523 (0/206523/0), network size: 0, avg network size: 0, si_in_serializable: 0 0 %, local: 0 %
I0319 15:33:47.327638 64343 Coordinator.h:126] commit: 9647 abort: 206353 (0/206353/0), network size: 0, avg network size: 0, si_in_serializable: 0 0 %, local: 0 %
I0319 15:33:48.327780 64343 Coordinator.h:126] commit: 9208 abort: 202792 (0/202792/0), network size: 0, avg network size: 0, si_in_serializable: 0 0 %, local: 0 %
I0319 15:33:49.327914 64343 Coordinator.h:126] commit: 9122 abort: 202878 (0/202878/0), network size: 0, avg network size: 0, si_in_serializable: 0 0 %, local: 0 %
I0319 15:33:50.328040 64343 Coordinator.h:126] commit: 9155 abort: 198845 (0/198845/0), network size: 0, avg network size: 0, si_in_serializable: 0 0 %, local: 0 %
I0319 15:33:51.328168 64343 Coordinator.h:126] commit: 9283 abort: 202717 (0/202717/0), network size: 0, avg network size: 0, si_in_serializable: 0 0 %, local: 0 %
I0319 15:33:52.328276 64343 Coordinator.h:126] commit: 9105 abort: 198895 (0/198895/0), network size: 0, avg network size: 0, si_in_serializable: 0 0 %, local: 0 %
I0319 15:33:53.328481 64343 Coordinator.h:126] commit: 9190 abort: 198810 (0/198810/0), network size: 0, avg network size: 0, si_in_serializable: 0 0 %, local: 0 %
I0319 15:33:54.328631 64343 Coordinator.h:126] commit: 9198 abort: 202802 (0/202802/0), network size: 0, avg network size: 0, si_in_serializable: 0 0 %, local: 0 %
I0319 15:33:55.328775 64343 Coordinator.h:126] commit: 9236 abort: 202764 (0/202764/0), network size: 0, avg network size: 0, si_in_serializable: 0 0 %, local: 0 %
I0319 15:33:56.328926 64343 Coordinator.h:126] commit: 9071 abort: 198929 (0/198929/0), network size: 0, avg network size: 0, si_in_serializable: 0 0 %, local: 0 %
I0319 15:33:57.329062 64343 Coordinator.h:126] commit: 9391 abort: 202609 (0/202609/0), network size: 0, avg network size: 0, si_in_serializable: 0 0 %, local: 0 %
I0319 15:33:58.329192 64343 Coordinator.h:126] commit: 9290 abort: 202710 (0/202710/0), network size: 0, avg network size: 0, si_in_serializable: 0 0 %, local: 0 %
I0319 15:33:59.329331 64343 Coordinator.h:126] commit: 9314 abort: 202686 (0/202686/0), network size: 0, avg network size: 0, si_in_serializable: 0 0 %, local: 0 %
I0319 15:34:00.329495 64343 Coordinator.h:126] commit: 9025 abort: 202975 (0/202975/0), network size: 0, avg network size: 0, si_in_serializable: 0 0 %, local: 0 %
I0319 15:34:01.329640 64343 Coordinator.h:126] commit: 9422 abort: 202578 (0/202578/0), network size: 0, avg network size: 0, si_in_serializable: 0 0 %, local: 0 %
I0319 15:34:02.329772 64343 Coordinator.h:126] commit: 9350 abort: 202650 (0/202650/0), network size: 0, avg network size: 0, si_in_serializable: 0 0 %, local: 0 %
I0319 15:34:03.329912 64343 Coordinator.h:126] commit: 9730 abort: 206270 (0/206270/0), network size: 0, avg network size: 0, si_in_serializable: 0 0 %, local: 0 %
I0319 15:34:03.329967 64343 Coordinator.h:152] average commit: 9204.1 abort: 201196 (0/201196/0), network size: 0, avg network size: 0, si_in_serializable: 0 0 %, local: 0 %
I0319 15:34:03.330011 64343 AriaExecutor.h:646] Worker 0 latency: 375107 us (50%) 706863 us (75%) 1130221 us (95%) 1254086 us (99%).
I0319 15:34:03.340108 64364 AriaExecutor.h:106] AriaExecutor 2 exits. 
I0319 15:34:03.340130 64365 AriaExecutor.h:106] AriaExecutor 3 exits. 
I0319 15:34:03.340108 64370 AriaExecutor.h:106] AriaExecutor 8 exits. 
I0319 15:34:03.340114 64373 AriaExecutor.h:106] AriaExecutor 11 exits. 
I0319 15:34:03.340119 64362 AriaExecutor.h:106] AriaExecutor 0 exits. 
I0319 15:34:03.340119 64363 AriaExecutor.h:106] AriaExecutor 1 exits. 
I0319 15:34:03.340121 64368 AriaExecutor.h:106] AriaExecutor 6 exits. 
I0319 15:34:03.340108 64371 AriaExecutor.h:106] AriaExecutor 9 exits. 
I0319 15:34:03.340108 64372 AriaExecutor.h:106] AriaExecutor 10 exits. 
I0319 15:34:03.340126 64374 Manager.h:227] Manager(worker id = 12) on the coordinator node exits.
I0319 15:34:03.340108 64369 AriaExecutor.h:106] AriaExecutor 7 exits. 
I0319 15:34:03.340118 64366 AriaExecutor.h:106] AriaExecutor 4 exits. 
I0319 15:34:03.340131 64367 AriaExecutor.h:106] AriaExecutor 5 exits. 
I0319 15:34:03.340389 64343 AriaExecutor.h:646] Worker 1 latency: 342102 us (50%) 679148 us (75%) 1102024 us (95%) 1230622 us (99%).
I0319 15:34:03.343806 64343 AriaExecutor.h:646] Worker 2 latency: 346444 us (50%) 669625 us (75%) 1080184 us (95%) 1210265 us (99%).
I0319 15:34:03.347244 64343 AriaExecutor.h:646] Worker 3 latency: 326508 us (50%) 645555 us (75%) 1061668 us (95%) 1195424 us (99%).
I0319 15:34:03.350623 64343 AriaExecutor.h:646] Worker 4 latency: 345948 us (50%) 665802 us (75%) 1058498 us (95%) 1191690 us (99%).
I0319 15:34:03.354048 64343 AriaExecutor.h:646] Worker 5 latency: 347838 us (50%) 652171 us (75%) 1039906 us (95%) 1175670 us (99%).
I0319 15:34:03.357956 64343 AriaExecutor.h:646] Worker 6 latency: 343744 us (50%) 651573 us (75%) 1042995 us (95%) 1176740 us (99%).
I0319 15:34:03.360468 64343 AriaExecutor.h:646] Worker 7 latency: 328944 us (50%) 645696 us (75%) 1036007 us (95%) 1164581 us (99%).
I0319 15:34:03.362576 64343 AriaExecutor.h:646] Worker 8 latency: 326952 us (50%) 634214 us (75%) 1030295 us (95%) 1159959 us (99%).
I0319 15:34:03.364404 64343 AriaExecutor.h:646] Worker 9 latency: 330854 us (50%) 642630 us (75%) 1022766 us (95%) 1158390 us (99%).
I0319 15:34:03.366564 64343 AriaExecutor.h:646] Worker 10 latency: 322436 us (50%) 620675 us (75%) 1014398 us (95%) 1149244 us (99%).
I0319 15:34:03.368541 64343 AriaExecutor.h:646] Worker 11 latency: 339088 us (50%) 631740 us (75%) 1007474 us (95%) 1148431 us (99%).
I0319 15:34:03.370107 64343 Coordinator.h:177] total commit: 9204.1
I0319 15:34:04.370334 64343 Coordinator.h:192] Coordinator exits.
