I0319 14:33:59.648039 46906 Database.h:65] ycsb initialization finished in 97 milliseconds.
I0319 14:33:59.648272 46906 Coordinator.h:30] Coordinator initializes 12 workers.
I0319 14:33:59.710036 46906 Coordinator.h:77] Coordinator starts to run 13 workers.
I0319 14:33:59.710124 46922 AriaExecutor.h:82] AriaExecutor 0 started. 
I0319 14:33:59.710168 46923 AriaExecutor.h:82] AriaExecutor 1 started. 
I0319 14:33:59.710285 46924 AriaExecutor.h:82] AriaExecutor 2 started. 
I0319 14:33:59.710330 46925 AriaExecutor.h:82] AriaExecutor 3 started. 
I0319 14:33:59.710431 46926 AriaExecutor.h:82] AriaExecutor 4 started. 
I0319 14:33:59.710484 46927 AriaExecutor.h:82] AriaExecutor 5 started. 
I0319 14:33:59.710575 46928 AriaExecutor.h:82] AriaExecutor 6 started. 
I0319 14:33:59.710693 46929 AriaExecutor.h:82] AriaExecutor 7 started. 
I0319 14:33:59.710815 46930 AriaExecutor.h:82] AriaExecutor 8 started. 
I0319 14:33:59.710867 46931 AriaExecutor.h:82] AriaExecutor 9 started. 
I0319 14:33:59.710953 46932 AriaExecutor.h:82] AriaExecutor 10 started. 
I0319 14:33:59.711076 46933 AriaExecutor.h:82] AriaExecutor 11 started. 
I0319 14:33:59.711105 46934 Manager.h:224] Manager(worker id = 12) on the coordinator node started.
I0319 14:34:00.711148 46906 Coordinator.h:126] commit: 22684 abort: 115316 (0/115316/0), network size: 0, avg network size: 0, si_in_serializable: 0 0 %, local: 0 %
I0319 14:34:01.711316 46906 Coordinator.h:126] commit: 26783 abort: 141217 (0/141217/0), network size: 0, avg network size: 0, si_in_serializable: 0 0 %, local: 0 %
I0319 14:34:02.711509 46906 Coordinator.h:126] commit: 26678 abort: 153322 (0/153322/0), network size: 0, avg network size: 0, si_in_serializable: 0 0 %, local: 0 %
I0319 14:34:03.711673 46906 Coordinator.h:126] commit: 26531 abort: 151469 (0/151469/0), network size: 0, avg network size: 0, si_in_serializable: 0 0 %, local: 0 %
I0319 14:34:04.711799 46906 Coordinator.h:126] commit: 28011 abort: 147989 (0/147989/0), network size: 0, avg network size: 0, si_in_serializable: 0 0 %, local: 0 %
I0319 14:34:05.711922 46906 Coordinator.h:126] commit: 24860 abort: 145140 (0/145140/0), network size: 0, avg network size: 0, si_in_serializable: 0 0 %, local: 0 %
I0319 14:34:06.712105 46906 Coordinator.h:126] commit: 25998 abort: 144002 (0/144002/0), network size: 0, avg network size: 0, si_in_serializable: 0 0 %, local: 0 %
I0319 14:34:07.712273 46906 Coordinator.h:126] commit: 25547 abort: 142453 (0/142453/0), network size: 0, avg network size: 0, si_in_serializable: 0 0 %, local: 0 %
I0319 14:34:08.712414 46906 Coordinator.h:126] commit: 25056 abort: 142944 (0/142944/0), network size: 0, avg network size: 0, si_in_serializable: 0 0 %, local: 0 %
I0319 14:34:09.712554 46906 Coordinator.h:126] commit: 25424 abort: 140576 (0/140576/0), network size: 0, avg network size: 0, si_in_serializable: 0 0 %, local: 0 %
I0319 14:34:10.712682 46906 Coordinator.h:126] commit: 24051 abort: 143949 (0/143949/0), network size: 0, avg network size: 0, si_in_serializable: 0 0 %, local: 0 %
I0319 14:34:11.712809 46906 Coordinator.h:126] commit: 24352 abort: 141648 (0/141648/0), network size: 0, avg network size: 0, si_in_serializable: 0 0 %, local: 0 %
I0319 14:34:12.712989 46906 Coordinator.h:126] commit: 24625 abort: 141375 (0/141375/0), network size: 0, avg network size: 0, si_in_serializable: 0 0 %, local: 0 %
I0319 14:34:13.713138 46906 Coordinator.h:126] commit: 27288 abort: 139536 (0/139536/0), network size: 0, avg network size: 0, si_in_serializable: 0 0 %, local: 0 %
I0319 14:34:14.713281 46906 Coordinator.h:126] commit: 25865 abort: 143310 (0/143310/0), network size: 0, avg network size: 0, si_in_serializable: 0 0 %, local: 0 %
I0319 14:34:15.713397 46906 Coordinator.h:126] commit: 25598 abort: 142402 (0/142402/0), network size: 0, avg network size: 0, si_in_serializable: 0 0 %, local: 0 %
I0319 14:34:16.713519 46906 Coordinator.h:126] commit: 25653 abort: 144347 (0/144347/0), network size: 0, avg network size: 0, si_in_serializable: 0 0 %, local: 0 %
I0319 14:34:17.713649 46906 Coordinator.h:126] commit: 27490 abort: 140510 (0/140510/0), network size: 0, avg network size: 0, si_in_serializable: 0 0 %, local: 0 %
I0319 14:34:18.713797 46906 Coordinator.h:126] commit: 26631 abort: 143369 (0/143369/0), network size: 0, avg network size: 0, si_in_serializable: 0 0 %, local: 0 %
I0319 14:34:19.713948 46906 Coordinator.h:126] commit: 25518 abort: 144482 (0/144482/0), network size: 0, avg network size: 0, si_in_serializable: 0 0 %, local: 0 %
I0319 14:34:20.714071 46906 Coordinator.h:126] commit: 25202 abort: 144798 (0/144798/0), network size: 0, avg network size: 0, si_in_serializable: 0 0 %, local: 0 %
I0319 14:34:21.714198 46906 Coordinator.h:126] commit: 26379 abort: 143621 (0/143621/0), network size: 0, avg network size: 0, si_in_serializable: 0 0 %, local: 0 %
I0319 14:34:22.714322 46906 Coordinator.h:126] commit: 24787 abort: 141213 (0/141213/0), network size: 0, avg network size: 0, si_in_serializable: 0 0 %, local: 0 %
I0319 14:34:23.714459 46906 Coordinator.h:126] commit: 25988 abort: 144012 (0/144012/0), network size: 0, avg network size: 0, si_in_serializable: 0 0 %, local: 0 %
I0319 14:34:24.714603 46906 Coordinator.h:126] commit: 25334 abort: 140666 (0/140666/0), network size: 0, avg network size: 0, si_in_serializable: 0 0 %, local: 0 %
I0319 14:34:24.714643 46906 Coordinator.h:152] average commit: 25707.1 abort: 142493 (0/142493/0), network size: 0, avg network size: 0, si_in_serializable: 0 0 %, local: 0 %
I0319 14:34:24.716506 46933 AriaExecutor.h:94] AriaExecutor 11 exits. 
I0319 14:34:24.716521 46922 AriaExecutor.h:94] AriaExecutor 0 exits. 
I0319 14:34:24.716521 46928 AriaExecutor.h:94] AriaExecutor 6 exits. 
I0319 14:34:24.716521 46930 AriaExecutor.h:94] AriaExecutor 8 exits. 
I0319 14:34:24.716522 46925 AriaExecutor.h:94] AriaExecutor 3 exits. 
I0319 14:34:24.716528 46934 Manager.h:227] Manager(worker id = 12) on the coordinator node exits.
I0319 14:34:24.716517 46924 AriaExecutor.h:94] AriaExecutor 2 exits. 
I0319 14:34:24.716521 46923 AriaExecutor.h:94] AriaExecutor 1 exits. 
I0319 14:34:24.716521 46926 AriaExecutor.h:94] AriaExecutor 4 exits. 
I0319 14:34:24.716522 46931 AriaExecutor.h:94] AriaExecutor 9 exits. 
I0319 14:34:24.716521 46929 AriaExecutor.h:94] AriaExecutor 7 exits. 
I0319 14:34:24.716532 46927 AriaExecutor.h:94] AriaExecutor 5 exits. 
I0319 14:34:24.716506 46932 AriaExecutor.h:94] AriaExecutor 10 exits. 
I0319 14:34:24.714687 46906 AriaExecutor.h:535] Worker 0 latency: 75857 us (50%) 98999 us (75%) 134494 us (95%) 183058 us (99%).
I0319 14:34:24.725627 46906 AriaExecutor.h:535] Worker 1 latency: 75674 us (50%) 98695 us (75%) 124799 us (95%) 157448 us (99%).
I0319 14:34:24.734122 46906 AriaExecutor.h:535] Worker 2 latency: 75559 us (50%) 98648 us (75%) 124070 us (95%) 149198 us (99%).
I0319 14:34:24.740569 46906 AriaExecutor.h:535] Worker 3 latency: 75526 us (50%) 98573 us (75%) 123667 us (95%) 147301 us (99%).
I0319 14:34:24.745132 46906 AriaExecutor.h:535] Worker 4 latency: 75566 us (50%) 98615 us (75%) 123558 us (95%) 146839 us (99%).
I0319 14:34:24.749496 46906 AriaExecutor.h:535] Worker 5 latency: 75642 us (50%) 98474 us (75%) 123222 us (95%) 146590 us (99%).
I0319 14:34:24.753564 46906 AriaExecutor.h:535] Worker 6 latency: 75522 us (50%) 98483 us (75%) 123319 us (95%) 146217 us (99%).
I0319 14:34:24.757369 46906 AriaExecutor.h:535] Worker 7 latency: 75489 us (50%) 98488 us (75%) 122991 us (95%) 145530 us (99%).
I0319 14:34:24.761149 46906 AriaExecutor.h:535] Worker 8 latency: 75486 us (50%) 98393 us (75%) 122857 us (95%) 145373 us (99%).
I0319 14:34:24.764899 46906 AriaExecutor.h:535] Worker 9 latency: 75502 us (50%) 98345 us (75%) 122802 us (95%) 145141 us (99%).
I0319 14:34:24.768654 46906 AriaExecutor.h:535] Worker 10 latency: 75350 us (50%) 98142 us (75%) 122493 us (95%) 144672 us (99%).
I0319 14:34:24.772436 46906 AriaExecutor.h:535] Worker 11 latency: 75495 us (50%) 98298 us (75%) 122473 us (95%) 144743 us (99%).
I0319 14:34:24.776154 46906 Coordinator.h:177] total commit: 25707.1
I0319 14:34:25.776382 46906 Coordinator.h:192] Coordinator exits.
