I0319 15:26:00.458855 62070 Database.h:65] ycsb initialization finished in 98 milliseconds.
I0319 15:26:00.459075 62070 Coordinator.h:30] Coordinator initializes 12 workers.
I0319 15:26:00.638449 62070 Coordinator.h:77] Coordinator starts to run 13 workers.
I0319 15:26:00.638538 62087 AriaExecutor.h:94] AriaExecutor 0 started. 
I0319 15:26:00.638573 62088 AriaExecutor.h:94] AriaExecutor 1 started. 
I0319 15:26:00.638695 62089 AriaExecutor.h:94] AriaExecutor 2 started. 
I0319 15:26:00.638738 62090 AriaExecutor.h:94] AriaExecutor 3 started. 
I0319 15:26:00.638837 62091 AriaExecutor.h:94] AriaExecutor 4 started. 
I0319 15:26:00.638868 62092 AriaExecutor.h:94] AriaExecutor 5 started. 
I0319 15:26:00.638975 62093 AriaExecutor.h:94] AriaExecutor 6 started. 
I0319 15:26:00.639026 62094 AriaExecutor.h:94] AriaExecutor 7 started. 
I0319 15:26:00.639112 62095 AriaExecutor.h:94] AriaExecutor 8 started. 
I0319 15:26:00.639240 62096 AriaExecutor.h:94] AriaExecutor 9 started. 
I0319 15:26:00.639271 62097 AriaExecutor.h:94] AriaExecutor 10 started. 
I0319 15:26:00.639379 62098 AriaExecutor.h:94] AriaExecutor 11 started. 
I0319 15:26:00.639423 62099 Manager.h:224] Manager(worker id = 12) on the coordinator node started.
I0319 15:26:01.639469 62070 Coordinator.h:126] commit: 10037 abort: 129963 (0/129963/0), network size: 0, avg network size: 0, si_in_serializable: 0 0 %, local: 0 %
I0319 15:26:02.639613 62070 Coordinator.h:126] commit: 11304 abort: 156696 (0/156696/0), network size: 0, avg network size: 0, si_in_serializable: 0 0 %, local: 0 %
I0319 15:26:03.639802 62070 Coordinator.h:126] commit: 13240 abort: 182760 (0/182760/0), network size: 0, avg network size: 0, si_in_serializable: 0 0 %, local: 0 %
I0319 15:26:04.639958 62070 Coordinator.h:126] commit: 12537 abort: 176463 (0/176463/0), network size: 0, avg network size: 0, si_in_serializable: 0 0 %, local: 0 %
I0319 15:26:05.640095 62070 Coordinator.h:126] commit: 12558 abort: 176442 (0/176442/0), network size: 0, avg network size: 0, si_in_serializable: 0 0 %, local: 0 %
I0319 15:26:06.640219 62070 Coordinator.h:126] commit: 12439 abort: 176561 (0/176561/0), network size: 0, avg network size: 0, si_in_serializable: 0 0 %, local: 0 %
I0319 15:26:07.640370 62070 Coordinator.h:126] commit: 12053 abort: 169947 (0/169947/0), network size: 0, avg network size: 0, si_in_serializable: 0 0 %, local: 0 %
I0319 15:26:08.640558 62070 Coordinator.h:126] commit: 12139 abort: 169861 (0/169861/0), network size: 0, avg network size: 0, si_in_serializable: 0 0 %, local: 0 %
I0319 15:26:09.640722 62070 Coordinator.h:126] commit: 12208 abort: 169792 (0/169792/0), network size: 0, avg network size: 0, si_in_serializable: 0 0 %, local: 0 %
I0319 15:26:10.640847 62070 Coordinator.h:126] commit: 11670 abort: 170330 (0/170330/0), network size: 0, avg network size: 0, si_in_serializable: 0 0 %, local: 0 %
I0319 15:26:11.640967 62070 Coordinator.h:126] commit: 12016 abort: 162984 (0/162984/0), network size: 0, avg network size: 0, si_in_serializable: 0 0 %, local: 0 %
I0319 15:26:12.641088 62070 Coordinator.h:126] commit: 11884 abort: 170116 (0/170116/0), network size: 0, avg network size: 0, si_in_serializable: 0 0 %, local: 0 %
I0319 15:26:13.641219 62070 Coordinator.h:126] commit: 11949 abort: 163051 (0/163051/0), network size: 0, avg network size: 0, si_in_serializable: 0 0 %, local: 0 %
I0319 15:26:14.641412 62070 Coordinator.h:126] commit: 11868 abort: 163132 (0/163132/0), network size: 0, avg network size: 0, si_in_serializable: 0 0 %, local: 0 %
I0319 15:26:15.641566 62070 Coordinator.h:126] commit: 11753 abort: 163247 (0/163247/0), network size: 0, avg network size: 0, si_in_serializable: 0 0 %, local: 0 %
I0319 15:26:16.641687 62070 Coordinator.h:126] commit: 11886 abort: 163114 (0/163114/0), network size: 0, avg network size: 0, si_in_serializable: 0 0 %, local: 0 %
I0319 15:26:17.641804 62070 Coordinator.h:126] commit: 12289 abort: 162711 (0/162711/0), network size: 0, avg network size: 0, si_in_serializable: 0 0 %, local: 0 %
I0319 15:26:18.641928 62070 Coordinator.h:126] commit: 11134 abort: 156866 (0/156866/0), network size: 0, avg network size: 0, si_in_serializable: 0 0 %, local: 0 %
I0319 15:26:19.642066 62070 Coordinator.h:126] commit: 11585 abort: 163415 (0/163415/0), network size: 0, avg network size: 0, si_in_serializable: 0 0 %, local: 0 %
I0319 15:26:20.642203 62070 Coordinator.h:126] commit: 11758 abort: 163242 (0/163242/0), network size: 0, avg network size: 0, si_in_serializable: 0 0 %, local: 0 %
I0319 15:26:21.642325 62070 Coordinator.h:126] commit: 11826 abort: 163174 (0/163174/0), network size: 0, avg network size: 0, si_in_serializable: 0 0 %, local: 0 %
I0319 15:26:22.642446 62070 Coordinator.h:126] commit: 11835 abort: 163165 (0/163165/0), network size: 0, avg network size: 0, si_in_serializable: 0 0 %, local: 0 %
I0319 15:26:23.642577 62070 Coordinator.h:126] commit: 11790 abort: 163210 (0/163210/0), network size: 0, avg network size: 0, si_in_serializable: 0 0 %, local: 0 %
I0319 15:26:24.642719 62070 Coordinator.h:126] commit: 12112 abort: 162888 (0/162888/0), network size: 0, avg network size: 0, si_in_serializable: 0 0 %, local: 0 %
I0319 15:26:25.642855 62070 Coordinator.h:126] commit: 11781 abort: 163219 (0/163219/0), network size: 0, avg network size: 0, si_in_serializable: 0 0 %, local: 0 %
I0319 15:26:25.642899 62070 Coordinator.h:152] average commit: 11812.2 abort: 163188 (0/163188/0), network size: 0, avg network size: 0, si_in_serializable: 0 0 %, local: 0 %
I0319 15:26:25.642942 62070 AriaExecutor.h:646] Worker 0 latency: 607972 us (50%) 695718 us (75%) 851443 us (95%) 1780142 us (99%).
I0319 15:26:25.679373 62097 AriaExecutor.h:106] AriaExecutor 10 exits. 
I0319 15:26:25.679373 62095 AriaExecutor.h:106] AriaExecutor 8 exits. 
I0319 15:26:25.679379 62091 AriaExecutor.h:106] AriaExecutor 4 exits. 
I0319 15:26:25.679373 62089 AriaExecutor.h:106] AriaExecutor 2 exits. 
I0319 15:26:25.679373 62094 AriaExecutor.h:106] AriaExecutor 7 exits. 
I0319 15:26:25.679380 62099 Manager.h:227] Manager(worker id = 12) on the coordinator node exits.
I0319 15:26:25.679380 62096 AriaExecutor.h:106] AriaExecutor 9 exits. 
I0319 15:26:25.679373 62088 AriaExecutor.h:106] AriaExecutor 1 exits. 
I0319 15:26:25.679381 62090 AriaExecutor.h:106] AriaExecutor 3 exits. 
I0319 15:26:25.679373 62093 AriaExecutor.h:106] AriaExecutor 6 exits. 
I0319 15:26:25.679380 62098 AriaExecutor.h:106] AriaExecutor 11 exits. 
I0319 15:26:25.679380 62092 AriaExecutor.h:106] AriaExecutor 5 exits. 
I0319 15:26:25.679374 62087 AriaExecutor.h:106] AriaExecutor 0 exits. 
I0319 15:26:25.679648 62070 AriaExecutor.h:646] Worker 1 latency: 612050 us (50%) 694516 us (75%) 804639 us (95%) 1130348 us (99%).
I0319 15:26:25.683902 62070 AriaExecutor.h:646] Worker 2 latency: 612037 us (50%) 694842 us (75%) 803005 us (95%) 1056955 us (99%).
I0319 15:26:25.688078 62070 AriaExecutor.h:646] Worker 3 latency: 613303 us (50%) 695523 us (75%) 812200 us (95%) 1093613 us (99%).
I0319 15:26:25.692219 62070 AriaExecutor.h:646] Worker 4 latency: 614095 us (50%) 695550 us (75%) 810828 us (95%) 1060217 us (99%).
I0319 15:26:25.695386 62070 AriaExecutor.h:646] Worker 5 latency: 603906 us (50%) 693866 us (75%) 800664 us (95%) 1040381 us (99%).
I0319 15:26:25.698244 62070 AriaExecutor.h:646] Worker 6 latency: 603406 us (50%) 693615 us (75%) 801661 us (95%) 1034992 us (99%).
I0319 15:26:25.701090 62070 AriaExecutor.h:646] Worker 7 latency: 612507 us (50%) 694594 us (75%) 803464 us (95%) 1020104 us (99%).
I0319 15:26:25.703662 62070 AriaExecutor.h:646] Worker 8 latency: 612724 us (50%) 694984 us (75%) 810465 us (95%) 1016721 us (99%).
I0319 15:26:25.705468 62070 AriaExecutor.h:646] Worker 9 latency: 612720 us (50%) 695243 us (75%) 804069 us (95%) 1020588 us (99%).
I0319 15:26:25.707254 62070 AriaExecutor.h:646] Worker 10 latency: 611719 us (50%) 694529 us (75%) 799147 us (95%) 1018031 us (99%).
I0319 15:26:25.709115 62070 AriaExecutor.h:646] Worker 11 latency: 611637 us (50%) 694554 us (75%) 803839 us (95%) 1019032 us (99%).
I0319 15:26:25.710988 62070 Coordinator.h:177] total commit: 11812.2
I0319 15:26:26.711184 62070 Coordinator.h:192] Coordinator exits.
