I0319 14:47:27.969843 50752 Database.h:65] ycsb initialization finished in 100 milliseconds.
I0319 14:47:27.970059 50752 Coordinator.h:30] Coordinator initializes 12 workers.
I0319 14:47:28.032147 50752 Coordinator.h:77] Coordinator starts to run 13 workers.
I0319 14:47:28.032262 50768 AriaExecutor.h:82] AriaExecutor 0 started. 
I0319 14:47:28.032303 50769 AriaExecutor.h:82] AriaExecutor 1 started. 
I0319 14:47:28.032446 50770 AriaExecutor.h:82] AriaExecutor 2 started. 
I0319 14:47:28.032469 50771 AriaExecutor.h:82] AriaExecutor 3 started. 
I0319 14:47:28.032581 50772 AriaExecutor.h:82] AriaExecutor 4 started. 
I0319 14:47:28.032615 50773 AriaExecutor.h:82] AriaExecutor 5 started. 
I0319 14:47:28.032723 50774 AriaExecutor.h:82] AriaExecutor 6 started. 
I0319 14:47:28.032747 50775 AriaExecutor.h:82] AriaExecutor 7 started. 
I0319 14:47:28.032866 50776 AriaExecutor.h:82] AriaExecutor 8 started. 
I0319 14:47:28.032882 50777 AriaExecutor.h:82] AriaExecutor 9 started. 
I0319 14:47:28.032989 50778 AriaExecutor.h:82] AriaExecutor 10 started. 
I0319 14:47:28.033018 50779 AriaExecutor.h:82] AriaExecutor 11 started. 
I0319 14:47:28.033133 50780 Manager.h:224] Manager(worker id = 12) on the coordinator node started.
I0319 14:47:29.033150 50752 Coordinator.h:126] commit: 4321 abort: 171679 (0/171679/0), network size: 0, avg network size: 0, si_in_serializable: 0 0 %, local: 0 %
I0319 14:47:30.033303 50752 Coordinator.h:126] commit: 8161 abort: 199839 (0/199839/0), network size: 0, avg network size: 0, si_in_serializable: 0 0 %, local: 0 %
I0319 14:47:31.033485 50752 Coordinator.h:126] commit: 10452 abort: 213548 (0/213548/0), network size: 0, avg network size: 0, si_in_serializable: 0 0 %, local: 0 %
I0319 14:47:32.033625 50752 Coordinator.h:126] commit: 10353 abort: 211647 (0/211647/0), network size: 0, avg network size: 0, si_in_serializable: 0 0 %, local: 0 %
I0319 14:47:33.033766 50752 Coordinator.h:126] commit: 10168 abort: 207832 (0/207832/0), network size: 0, avg network size: 0, si_in_serializable: 0 0 %, local: 0 %
I0319 14:47:34.033910 50752 Coordinator.h:126] commit: 10016 abort: 201984 (0/201984/0), network size: 0, avg network size: 0, si_in_serializable: 0 0 %, local: 0 %
I0319 14:47:35.034032 50752 Coordinator.h:126] commit: 10165 abort: 201835 (0/201835/0), network size: 0, avg network size: 0, si_in_serializable: 0 0 %, local: 0 %
I0319 14:47:36.034219 50752 Coordinator.h:126] commit: 10003 abort: 199997 (0/199997/0), network size: 0, avg network size: 0, si_in_serializable: 0 0 %, local: 0 %
I0319 14:47:37.034370 50752 Coordinator.h:126] commit: 9990 abort: 200010 (0/200010/0), network size: 0, avg network size: 0, si_in_serializable: 0 0 %, local: 0 %
I0319 14:47:38.034505 50752 Coordinator.h:126] commit: 10016 abort: 199984 (0/199984/0), network size: 0, avg network size: 0, si_in_serializable: 0 0 %, local: 0 %
I0319 14:47:39.034642 50752 Coordinator.h:126] commit: 10063 abort: 201937 (0/201937/0), network size: 0, avg network size: 0, si_in_serializable: 0 0 %, local: 0 %
I0319 14:47:40.034775 50752 Coordinator.h:126] commit: 10288 abort: 203712 (0/203712/0), network size: 0, avg network size: 0, si_in_serializable: 0 0 %, local: 0 %
I0319 14:47:41.034898 50752 Coordinator.h:126] commit: 9996 abort: 204004 (0/204004/0), network size: 0, avg network size: 0, si_in_serializable: 0 0 %, local: 0 %
I0319 14:47:42.035023 50752 Coordinator.h:126] commit: 9994 abort: 200006 (0/200006/0), network size: 0, avg network size: 0, si_in_serializable: 0 0 %, local: 0 %
I0319 14:47:43.035145 50752 Coordinator.h:126] commit: 10259 abort: 205741 (0/205741/0), network size: 0, avg network size: 0, si_in_serializable: 0 0 %, local: 0 %
I0319 14:47:44.035283 50752 Coordinator.h:126] commit: 10017 abort: 201983 (0/201983/0), network size: 0, avg network size: 0, si_in_serializable: 0 0 %, local: 0 %
I0319 14:47:45.035429 50752 Coordinator.h:126] commit: 10106 abort: 205894 (0/205894/0), network size: 0, avg network size: 0, si_in_serializable: 0 0 %, local: 0 %
I0319 14:47:46.035609 50752 Coordinator.h:126] commit: 10068 abort: 203932 (0/203932/0), network size: 0, avg network size: 0, si_in_serializable: 0 0 %, local: 0 %
I0319 14:47:47.035756 50752 Coordinator.h:126] commit: 9967 abort: 204033 (0/204033/0), network size: 0, avg network size: 0, si_in_serializable: 0 0 %, local: 0 %
I0319 14:47:48.035876 50752 Coordinator.h:126] commit: 10084 abort: 201916 (0/201916/0), network size: 0, avg network size: 0, si_in_serializable: 0 0 %, local: 0 %
I0319 14:47:49.035991 50752 Coordinator.h:126] commit: 9925 abort: 202075 (0/202075/0), network size: 0, avg network size: 0, si_in_serializable: 0 0 %, local: 0 %
I0319 14:47:50.036124 50752 Coordinator.h:126] commit: 10264 abort: 203736 (0/203736/0), network size: 0, avg network size: 0, si_in_serializable: 0 0 %, local: 0 %
I0319 14:47:51.036317 50752 Coordinator.h:126] commit: 9989 abort: 202011 (0/202011/0), network size: 0, avg network size: 0, si_in_serializable: 0 0 %, local: 0 %
I0319 14:47:52.036438 50752 Coordinator.h:126] commit: 9829 abort: 200171 (0/200171/0), network size: 0, avg network size: 0, si_in_serializable: 0 0 %, local: 0 %
I0319 14:47:53.036551 50752 Coordinator.h:126] commit: 10014 abort: 199986 (0/199986/0), network size: 0, avg network size: 0, si_in_serializable: 0 0 %, local: 0 %
I0319 14:47:53.036588 50752 Coordinator.h:152] average commit: 10084.2 abort: 203316 (0/203316/0), network size: 0, avg network size: 0, si_in_serializable: 0 0 %, local: 0 %
I0319 14:47:53.036780 50779 AriaExecutor.h:94] AriaExecutor 11 exits. 
I0319 14:47:53.036780 50769 AriaExecutor.h:94] AriaExecutor 1 exits. 
I0319 14:47:53.036784 50780 Manager.h:227] Manager(worker id = 12) on the coordinator node exits.
I0319 14:47:53.036792 50768 AriaExecutor.h:94] AriaExecutor 0 exits. 
I0319 14:47:53.036793 50772 AriaExecutor.h:94] AriaExecutor 4 exits. 
I0319 14:47:53.036793 50776 AriaExecutor.h:94] AriaExecutor 8 exits. 
I0319 14:47:53.036794 50770 AriaExecutor.h:94] AriaExecutor 2 exits. 
I0319 14:47:53.036780 50771 AriaExecutor.h:94] AriaExecutor 3 exits. 
I0319 14:47:53.036794 50773 AriaExecutor.h:94] AriaExecutor 5 exits. 
I0319 14:47:53.036793 50778 AriaExecutor.h:94] AriaExecutor 10 exits. 
I0319 14:47:53.036780 50775 AriaExecutor.h:94] AriaExecutor 7 exits. 
I0319 14:47:53.036795 50774 AriaExecutor.h:94] AriaExecutor 6 exits. 
I0319 14:47:53.036795 50777 AriaExecutor.h:94] AriaExecutor 9 exits. 
I0319 14:47:53.036635 50752 AriaExecutor.h:535] Worker 0 latency: 180249 us (50%) 345311 us (75%) 570100 us (95%) 691878 us (99%).
I0319 14:47:53.042016 50752 AriaExecutor.h:535] Worker 1 latency: 152793 us (50%) 324097 us (75%) 568412 us (95%) 665238 us (99%).
I0319 14:47:53.045218 50752 AriaExecutor.h:535] Worker 2 latency: 153018 us (50%) 310210 us (75%) 552211 us (95%) 630200 us (99%).
I0319 14:47:53.048213 50752 AriaExecutor.h:535] Worker 3 latency: 143572 us (50%) 289295 us (75%) 544762 us (95%) 603831 us (99%).
I0319 14:47:53.050086 50752 AriaExecutor.h:535] Worker 4 latency: 145615 us (50%) 286780 us (75%) 526051 us (95%) 588583 us (99%).
I0319 14:47:53.052256 50752 AriaExecutor.h:535] Worker 5 latency: 153479 us (50%) 290226 us (75%) 510587 us (95%) 580842 us (99%).
I0319 14:47:53.055002 50752 AriaExecutor.h:535] Worker 6 latency: 144609 us (50%) 282989 us (75%) 503824 us (95%) 575156 us (99%).
I0319 14:47:53.057466 50752 AriaExecutor.h:535] Worker 7 latency: 142674 us (50%) 274143 us (75%) 505856 us (95%) 575174 us (99%).
I0319 14:47:53.059003 50752 AriaExecutor.h:535] Worker 8 latency: 133959 us (50%) 264135 us (75%) 499182 us (95%) 570369 us (99%).
I0319 14:47:53.060233 50752 AriaExecutor.h:535] Worker 9 latency: 135143 us (50%) 265687 us (75%) 492546 us (95%) 565139 us (99%).
I0319 14:47:53.061455 50752 AriaExecutor.h:535] Worker 10 latency: 126995 us (50%) 258053 us (75%) 485774 us (95%) 561785 us (99%).
I0319 14:47:53.062711 50752 AriaExecutor.h:535] Worker 11 latency: 142222 us (50%) 267637 us (75%) 486220 us (95%) 560195 us (99%).
I0319 14:47:53.064090 50752 Coordinator.h:177] total commit: 10084.2
I0319 14:47:54.064306 50752 Coordinator.h:192] Coordinator exits.
