I0319 14:57:51.801187 53965 Database.h:65] ycsb initialization finished in 96 milliseconds.
I0319 14:57:51.801335 53965 Coordinator.h:30] Coordinator initializes 12 workers.
I0319 14:57:51.923599 53965 Coordinator.h:77] Coordinator starts to run 13 workers.
I0319 14:57:51.923703 53984 AriaExecutor.h:82] AriaExecutor 0 started. 
I0319 14:57:51.923755 53985 AriaExecutor.h:82] AriaExecutor 1 started. 
I0319 14:57:51.923871 53986 AriaExecutor.h:82] AriaExecutor 2 started. 
I0319 14:57:51.924008 53987 AriaExecutor.h:82] AriaExecutor 3 started. 
I0319 14:57:51.924129 53988 AriaExecutor.h:82] AriaExecutor 4 started. 
I0319 14:57:51.924181 53989 AriaExecutor.h:82] AriaExecutor 5 started. 
I0319 14:57:51.924301 53990 AriaExecutor.h:82] AriaExecutor 6 started. 
I0319 14:57:51.924422 53991 AriaExecutor.h:82] AriaExecutor 7 started. 
I0319 14:57:51.924538 53992 AriaExecutor.h:82] AriaExecutor 8 started. 
I0319 14:57:51.924660 53993 AriaExecutor.h:82] AriaExecutor 9 started. 
I0319 14:57:51.924782 53994 AriaExecutor.h:82] AriaExecutor 10 started. 
I0319 14:57:51.924834 53995 AriaExecutor.h:82] AriaExecutor 11 started. 
I0319 14:57:51.924916 53996 Manager.h:224] Manager(worker id = 12) on the coordinator node started.
I0319 14:57:52.924958 53965 Coordinator.h:126] commit: 641 abort: 219359 (0/219359/0), network size: 0, avg network size: 0, si_in_serializable: 0 0 %, local: 0 %
I0319 14:57:53.925115 53965 Coordinator.h:126] commit: 1093 abort: 248907 (0/248907/0), network size: 0, avg network size: 0, si_in_serializable: 0 0 %, local: 0 %
I0319 14:57:54.925298 53965 Coordinator.h:126] commit: 1529 abort: 273471 (0/273471/0), network size: 0, avg network size: 0, si_in_serializable: 0 0 %, local: 0 %
I0319 14:57:55.925433 53965 Coordinator.h:126] commit: 1576 abort: 263424 (0/263424/0), network size: 0, avg network size: 0, si_in_serializable: 0 0 %, local: 0 %
I0319 14:57:56.925572 53965 Coordinator.h:126] commit: 1754 abort: 268246 (0/268246/0), network size: 0, avg network size: 0, si_in_serializable: 0 0 %, local: 0 %
I0319 14:57:57.925722 53965 Coordinator.h:126] commit: 1888 abort: 258112 (0/258112/0), network size: 0, avg network size: 0, si_in_serializable: 0 0 %, local: 0 %
I0319 14:57:58.925860 53965 Coordinator.h:126] commit: 1947 abort: 258053 (0/258053/0), network size: 0, avg network size: 0, si_in_serializable: 0 0 %, local: 0 %
I0319 14:57:59.926040 53965 Coordinator.h:126] commit: 2040 abort: 252960 (0/252960/0), network size: 0, avg network size: 0, si_in_serializable: 0 0 %, local: 0 %
I0319 14:58:00.926177 53965 Coordinator.h:126] commit: 2072 abort: 252928 (0/252928/0), network size: 0, avg network size: 0, si_in_serializable: 0 0 %, local: 0 %
I0319 14:58:01.926302 53965 Coordinator.h:126] commit: 2153 abort: 247847 (0/247847/0), network size: 0, avg network size: 0, si_in_serializable: 0 0 %, local: 0 %
I0319 14:58:02.926429 53965 Coordinator.h:126] commit: 2171 abort: 247829 (0/247829/0), network size: 0, avg network size: 0, si_in_serializable: 0 0 %, local: 0 %
I0319 14:58:03.926549 53965 Coordinator.h:126] commit: 2278 abort: 247722 (0/247722/0), network size: 0, avg network size: 0, si_in_serializable: 0 0 %, local: 0 %
I0319 14:58:04.926671 53965 Coordinator.h:126] commit: 2268 abort: 242732 (0/242732/0), network size: 0, avg network size: 0, si_in_serializable: 0 0 %, local: 0 %
I0319 14:58:05.926790 53965 Coordinator.h:126] commit: 2315 abort: 242685 (0/242685/0), network size: 0, avg network size: 0, si_in_serializable: 0 0 %, local: 0 %
I0319 14:58:06.926926 53965 Coordinator.h:126] commit: 2534 abort: 247466 (0/247466/0), network size: 0, avg network size: 0, si_in_serializable: 0 0 %, local: 0 %
I0319 14:58:07.927062 53965 Coordinator.h:126] commit: 2514 abort: 242486 (0/242486/0), network size: 0, avg network size: 0, si_in_serializable: 0 0 %, local: 0 %
I0319 14:58:08.927202 53965 Coordinator.h:126] commit: 2653 abort: 247347 (0/247347/0), network size: 0, avg network size: 0, si_in_serializable: 0 0 %, local: 0 %
I0319 14:58:09.927321 53965 Coordinator.h:126] commit: 2504 abort: 242496 (0/242496/0), network size: 0, avg network size: 0, si_in_serializable: 0 0 %, local: 0 %
I0319 14:58:10.927505 53965 Coordinator.h:126] commit: 2599 abort: 247401 (0/247401/0), network size: 0, avg network size: 0, si_in_serializable: 0 0 %, local: 0 %
I0319 14:58:11.927639 53965 Coordinator.h:126] commit: 2570 abort: 242430 (0/242430/0), network size: 0, avg network size: 0, si_in_serializable: 0 0 %, local: 0 %
I0319 14:58:12.927762 53965 Coordinator.h:126] commit: 2510 abort: 242490 (0/242490/0), network size: 0, avg network size: 0, si_in_serializable: 0 0 %, local: 0 %
I0319 14:58:13.927908 53965 Coordinator.h:126] commit: 2596 abort: 247404 (0/247404/0), network size: 0, avg network size: 0, si_in_serializable: 0 0 %, local: 0 %
I0319 14:58:14.928031 53965 Coordinator.h:126] commit: 2660 abort: 242340 (0/242340/0), network size: 0, avg network size: 0, si_in_serializable: 0 0 %, local: 0 %
I0319 14:58:15.928153 53965 Coordinator.h:126] commit: 2721 abort: 242279 (0/242279/0), network size: 0, avg network size: 0, si_in_serializable: 0 0 %, local: 0 %
I0319 14:58:16.928273 53965 Coordinator.h:126] commit: 2686 abort: 242314 (0/242314/0), network size: 0, avg network size: 0, si_in_serializable: 0 0 %, local: 0 %
I0319 14:58:16.928308 53965 Coordinator.h:152] average commit: 2440.6 abort: 245059 (0/245059/0), network size: 0, avg network size: 0, si_in_serializable: 0 0 %, local: 0 %
I0319 14:58:16.928351 53965 AriaExecutor.h:535] Worker 0 latency: 960187 us (50%) 2359026 us (75%) 18855013 us (95%) 23763483 us (99%).
I0319 14:58:16.938623 53995 AriaExecutor.h:94] AriaExecutor 11 exits. 
I0319 14:58:16.938623 53985 AriaExecutor.h:94] AriaExecutor 1 exits. 
I0319 14:58:16.938632 53986 AriaExecutor.h:94] AriaExecutor 2 exits. 
I0319 14:58:16.938632 53987 AriaExecutor.h:94] AriaExecutor 3 exits. 
I0319 14:58:16.938632 53989 AriaExecutor.h:94] AriaExecutor 5 exits. 
I0319 14:58:16.938633 53992 AriaExecutor.h:94] AriaExecutor 8 exits. 
I0319 14:58:16.938623 53988 AriaExecutor.h:94] AriaExecutor 4 exits. 
I0319 14:58:16.938633 53993 AriaExecutor.h:94] AriaExecutor 9 exits. 
I0319 14:58:16.938632 53984 AriaExecutor.h:94] AriaExecutor 0 exits. 
I0319 14:58:16.938638 53990 AriaExecutor.h:94] AriaExecutor 6 exits. 
I0319 14:58:16.938642 53996 Manager.h:227] Manager(worker id = 12) on the coordinator node exits.
I0319 14:58:16.938623 53991 AriaExecutor.h:94] AriaExecutor 7 exits. 
I0319 14:58:16.938632 53994 AriaExecutor.h:94] AriaExecutor 10 exits. 
I0319 14:58:16.939078 53965 AriaExecutor.h:535] Worker 1 latency: 633702 us (50%) 1449716 us (75%) 15891180 us (95%) 23050313 us (99%).
I0319 14:58:16.939754 53965 AriaExecutor.h:535] Worker 2 latency: 585344 us (50%) 1290104 us (75%) 7258592 us (95%) 21039463 us (99%).
I0319 14:58:16.940428 53965 AriaExecutor.h:535] Worker 3 latency: 513527 us (50%) 1097175 us (75%) 2995328 us (95%) 18814527 us (99%).
I0319 14:58:16.941035 53965 AriaExecutor.h:535] Worker 4 latency: 552801 us (50%) 1192356 us (75%) 2853625 us (95%) 17644451 us (99%).
I0319 14:58:16.941751 53965 AriaExecutor.h:535] Worker 5 latency: 680161 us (50%) 1344523 us (75%) 2891882 us (95%) 15142498 us (99%).
I0319 14:58:16.942538 53965 AriaExecutor.h:535] Worker 6 latency: 634941 us (50%) 1274650 us (75%) 2703090 us (95%) 11576587 us (99%).
I0319 14:58:16.943279 53965 AriaExecutor.h:535] Worker 7 latency: 556732 us (50%) 1197882 us (75%) 2689939 us (95%) 13196030 us (99%).
I0319 14:58:16.943979 53965 AriaExecutor.h:535] Worker 8 latency: 511371 us (50%) 1092042 us (75%) 2399433 us (95%) 14357030 us (99%).
I0319 14:58:16.944602 53965 AriaExecutor.h:535] Worker 9 latency: 518027 us (50%) 1118236 us (75%) 2591013 us (95%) 12429431 us (99%).
I0319 14:58:16.945253 53965 AriaExecutor.h:535] Worker 10 latency: 474619 us (50%) 1001783 us (75%) 2250306 us (95%) 11057356 us (99%).
I0319 14:58:16.945839 53965 AriaExecutor.h:535] Worker 11 latency: 633272 us (50%) 1281395 us (75%) 2631024 us (95%) 4917512 us (99%).
I0319 14:58:16.946597 53965 Coordinator.h:177] total commit: 2440.6
I0319 14:58:17.946834 53965 Coordinator.h:192] Coordinator exits.
