I0319 15:03:45.630849 55693 Database.h:65] ycsb initialization finished in 110 milliseconds.
I0319 15:03:45.631080 55693 Coordinator.h:30] Coordinator initializes 12 workers.
I0319 15:03:45.833880 55693 Coordinator.h:77] Coordinator starts to run 13 workers.
I0319 15:03:45.833995 55712 AriaExecutor.h:94] AriaExecutor 0 started. 
I0319 15:03:45.834067 55713 AriaExecutor.h:94] AriaExecutor 1 started. 
I0319 15:03:45.834173 55714 AriaExecutor.h:94] AriaExecutor 2 started. 
I0319 15:03:45.834240 55715 AriaExecutor.h:94] AriaExecutor 3 started. 
I0319 15:03:45.834306 55716 AriaExecutor.h:94] AriaExecutor 4 started. 
I0319 15:03:45.834398 55717 AriaExecutor.h:94] AriaExecutor 5 started. 
I0319 15:03:45.834466 55718 AriaExecutor.h:94] AriaExecutor 6 started. 
I0319 15:03:45.834559 55719 AriaExecutor.h:94] AriaExecutor 7 started. 
I0319 15:03:45.834656 55720 AriaExecutor.h:94] AriaExecutor 8 started. 
I0319 15:03:45.834751 55721 AriaExecutor.h:94] AriaExecutor 9 started. 
I0319 15:03:45.834817 55722 AriaExecutor.h:94] AriaExecutor 10 started. 
I0319 15:03:45.834910 55723 AriaExecutor.h:94] AriaExecutor 11 started. 
I0319 15:03:45.834957 55724 Manager.h:224] Manager(worker id = 12) on the coordinator node started.
I0319 15:03:46.834995 55693 Coordinator.h:126] commit: 22556 abort: 113444 (0/113444/0), network size: 0, avg network size: 0, si_in_serializable: 0 0 %, local: 0 %
I0319 15:03:47.835155 55693 Coordinator.h:126] commit: 21860 abort: 114140 (0/114140/0), network size: 0, avg network size: 0, si_in_serializable: 0 0 %, local: 0 %
I0319 15:03:48.835356 55693 Coordinator.h:126] commit: 27025 abort: 140975 (0/140975/0), network size: 0, avg network size: 0, si_in_serializable: 0 0 %, local: 0 %
I0319 15:03:49.835505 55693 Coordinator.h:126] commit: 26951 abort: 141049 (0/141049/0), network size: 0, avg network size: 0, si_in_serializable: 0 0 %, local: 0 %
I0319 15:03:50.835630 55693 Coordinator.h:126] commit: 27038 abort: 140962 (0/140962/0), network size: 0, avg network size: 0, si_in_serializable: 0 0 %, local: 0 %
I0319 15:03:51.835759 55693 Coordinator.h:126] commit: 25760 abort: 134240 (0/134240/0), network size: 0, avg network size: 0, si_in_serializable: 0 0 %, local: 0 %
I0319 15:03:52.835891 55693 Coordinator.h:126] commit: 25803 abort: 134197 (0/134197/0), network size: 0, avg network size: 0, si_in_serializable: 0 0 %, local: 0 %
I0319 15:03:53.836030 55693 Coordinator.h:126] commit: 25872 abort: 134128 (0/134128/0), network size: 0, avg network size: 0, si_in_serializable: 0 0 %, local: 0 %
I0319 15:03:54.836231 55693 Coordinator.h:126] commit: 24177 abort: 127823 (0/127823/0), network size: 0, avg network size: 0, si_in_serializable: 0 0 %, local: 0 %
I0319 15:03:55.836405 55693 Coordinator.h:126] commit: 25964 abort: 134036 (0/134036/0), network size: 0, avg network size: 0, si_in_serializable: 0 0 %, local: 0 %
I0319 15:03:56.836524 55693 Coordinator.h:126] commit: 25476 abort: 134524 (0/134524/0), network size: 0, avg network size: 0, si_in_serializable: 0 0 %, local: 0 %
I0319 15:03:57.836644 55693 Coordinator.h:126] commit: 25789 abort: 134211 (0/134211/0), network size: 0, avg network size: 0, si_in_serializable: 0 0 %, local: 0 %
I0319 15:03:58.836779 55693 Coordinator.h:126] commit: 24386 abort: 127614 (0/127614/0), network size: 0, avg network size: 0, si_in_serializable: 0 0 %, local: 0 %
I0319 15:03:59.836891 55693 Coordinator.h:126] commit: 25931 abort: 134069 (0/134069/0), network size: 0, avg network size: 0, si_in_serializable: 0 0 %, local: 0 %
I0319 15:04:00.837009 55693 Coordinator.h:126] commit: 25875 abort: 134125 (0/134125/0), network size: 0, avg network size: 0, si_in_serializable: 0 0 %, local: 0 %
I0319 15:04:01.837131 55693 Coordinator.h:126] commit: 25356 abort: 134644 (0/134644/0), network size: 0, avg network size: 0, si_in_serializable: 0 0 %, local: 0 %
I0319 15:04:02.837267 55693 Coordinator.h:126] commit: 25767 abort: 134233 (0/134233/0), network size: 0, avg network size: 0, si_in_serializable: 0 0 %, local: 0 %
I0319 15:04:03.837422 55693 Coordinator.h:126] commit: 25725 abort: 134275 (0/134275/0), network size: 0, avg network size: 0, si_in_serializable: 0 0 %, local: 0 %
I0319 15:04:04.837567 55693 Coordinator.h:126] commit: 25840 abort: 134160 (0/134160/0), network size: 0, avg network size: 0, si_in_serializable: 0 0 %, local: 0 %
I0319 15:04:05.837687 55693 Coordinator.h:126] commit: 25448 abort: 134552 (0/134552/0), network size: 0, avg network size: 0, si_in_serializable: 0 0 %, local: 0 %
I0319 15:04:06.837808 55693 Coordinator.h:126] commit: 25717 abort: 134283 (0/134283/0), network size: 0, avg network size: 0, si_in_serializable: 0 0 %, local: 0 %
I0319 15:04:07.837924 55693 Coordinator.h:126] commit: 25943 abort: 134057 (0/134057/0), network size: 0, avg network size: 0, si_in_serializable: 0 0 %, local: 0 %
I0319 15:04:08.838117 55693 Coordinator.h:126] commit: 25364 abort: 134636 (0/134636/0), network size: 0, avg network size: 0, si_in_serializable: 0 0 %, local: 0 %
I0319 15:04:09.838279 55693 Coordinator.h:126] commit: 25664 abort: 134336 (0/134336/0), network size: 0, avg network size: 0, si_in_serializable: 0 0 %, local: 0 %
I0319 15:04:10.838390 55693 Coordinator.h:126] commit: 24299 abort: 127701 (0/127701/0), network size: 0, avg network size: 0, si_in_serializable: 0 0 %, local: 0 %
I0319 15:04:10.838426 55693 Coordinator.h:152] average commit: 25559.3 abort: 133641 (0/133641/0), network size: 0, avg network size: 0, si_in_serializable: 0 0 %, local: 0 %
I0319 15:04:10.838471 55693 AriaExecutor.h:646] Worker 0 latency: 305030 us (50%) 323039 us (75%) 373470 us (95%) 423804 us (99%).
I0319 15:04:10.848707 55719 AriaExecutor.h:106] AriaExecutor 7 exits. 
I0319 15:04:10.848707 55714 AriaExecutor.h:106] AriaExecutor 2 exits. 
I0319 15:04:10.848707 55713 AriaExecutor.h:106] AriaExecutor 1 exits. 
I0319 15:04:10.848714 55715 AriaExecutor.h:106] AriaExecutor 3 exits. 
I0319 15:04:10.848716 55721 AriaExecutor.h:106] AriaExecutor 9 exits. 
I0319 15:04:10.848730 55724 Manager.h:227] Manager(worker id = 12) on the coordinator node exits.
I0319 15:04:10.848719 55723 AriaExecutor.h:106] AriaExecutor 11 exits. 
I0319 15:04:10.848713 55720 AriaExecutor.h:106] AriaExecutor 8 exits. 
I0319 15:04:10.848719 55717 AriaExecutor.h:106] AriaExecutor 5 exits. 
I0319 15:04:10.848716 55722 AriaExecutor.h:106] AriaExecutor 10 exits. 
I0319 15:04:10.848707 55716 AriaExecutor.h:106] AriaExecutor 4 exits. 
I0319 15:04:10.848707 55712 AriaExecutor.h:106] AriaExecutor 0 exits. 
I0319 15:04:10.848713 55718 AriaExecutor.h:106] AriaExecutor 6 exits. 
I0319 15:04:10.849136 55693 AriaExecutor.h:646] Worker 1 latency: 305153 us (50%) 322838 us (75%) 373305 us (95%) 421903 us (99%).
I0319 15:04:10.857533 55693 AriaExecutor.h:646] Worker 2 latency: 305210 us (50%) 322952 us (75%) 373296 us (95%) 421513 us (99%).
I0319 15:04:10.863994 55693 AriaExecutor.h:646] Worker 3 latency: 303823 us (50%) 322760 us (75%) 373105 us (95%) 421217 us (99%).
I0319 15:04:10.868759 55693 AriaExecutor.h:646] Worker 4 latency: 303696 us (50%) 322798 us (75%) 372991 us (95%) 420871 us (99%).
I0319 15:04:10.873168 55693 AriaExecutor.h:646] Worker 5 latency: 303953 us (50%) 322799 us (75%) 372978 us (95%) 420727 us (99%).
I0319 15:04:10.876331 55693 AriaExecutor.h:646] Worker 6 latency: 304171 us (50%) 322735 us (75%) 372906 us (95%) 420706 us (99%).
I0319 15:04:10.879447 55693 AriaExecutor.h:646] Worker 7 latency: 303477 us (50%) 322619 us (75%) 372792 us (95%) 420386 us (99%).
I0319 15:04:10.882565 55693 AriaExecutor.h:646] Worker 8 latency: 303325 us (50%) 322614 us (75%) 372747 us (95%) 420290 us (99%).
I0319 15:04:10.885550 55693 AriaExecutor.h:646] Worker 9 latency: 303402 us (50%) 322659 us (75%) 372601 us (95%) 420052 us (99%).
I0319 15:04:10.888443 55693 AriaExecutor.h:646] Worker 10 latency: 302941 us (50%) 322564 us (75%) 372502 us (95%) 419825 us (99%).
I0319 15:04:10.891346 55693 AriaExecutor.h:646] Worker 11 latency: 302814 us (50%) 322540 us (75%) 372430 us (95%) 419576 us (99%).
I0319 15:04:10.894275 55693 Coordinator.h:177] total commit: 25559.3
I0319 15:04:11.894483 55693 Coordinator.h:192] Coordinator exits.
