I0319 15:34:32.056008 64595 Database.h:65] ycsb initialization finished in 97 milliseconds.
I0319 15:34:32.056211 64595 Coordinator.h:30] Coordinator initializes 12 workers.
I0319 15:34:32.213325 64595 Coordinator.h:77] Coordinator starts to run 13 workers.
I0319 15:34:32.213431 64617 AriaExecutor.h:94] AriaExecutor 0 started. 
I0319 15:34:32.213559 64618 AriaExecutor.h:94] AriaExecutor 1 started. 
I0319 15:34:32.213613 64619 AriaExecutor.h:94] AriaExecutor 2 started. 
I0319 15:34:32.213722 64620 AriaExecutor.h:94] AriaExecutor 3 started. 
I0319 15:34:32.213758 64621 AriaExecutor.h:94] AriaExecutor 4 started. 
I0319 15:34:32.213863 64622 AriaExecutor.h:94] AriaExecutor 5 started. 
I0319 15:34:32.213914 64623 AriaExecutor.h:94] AriaExecutor 6 started. 
I0319 15:34:32.214001 64624 AriaExecutor.h:94] AriaExecutor 7 started. 
I0319 15:34:32.214041 64625 AriaExecutor.h:94] AriaExecutor 8 started. 
I0319 15:34:32.214138 64626 AriaExecutor.h:94] AriaExecutor 9 started. 
I0319 15:34:32.214176 64627 AriaExecutor.h:94] AriaExecutor 10 started. 
I0319 15:34:32.214273 64628 AriaExecutor.h:94] AriaExecutor 11 started. 
I0319 15:34:32.214326 64629 Manager.h:224] Manager(worker id = 12) on the coordinator node started.
I0319 15:34:33.214386 64595 Coordinator.h:126] commit: 3906 abort: 164094 (0/164094/0), network size: 0, avg network size: 0, si_in_serializable: 0 0 %, local: 0 %
I0319 15:34:34.214537 64595 Coordinator.h:126] commit: 4759 abort: 205241 (0/205241/0), network size: 0, avg network size: 0, si_in_serializable: 0 0 %, local: 0 %
I0319 15:34:35.214727 64595 Coordinator.h:126] commit: 6254 abort: 221746 (0/221746/0), network size: 0, avg network size: 0, si_in_serializable: 0 0 %, local: 0 %
I0319 15:34:36.214890 64595 Coordinator.h:126] commit: 7257 abort: 214743 (0/214743/0), network size: 0, avg network size: 0, si_in_serializable: 0 0 %, local: 0 %
I0319 15:34:37.215016 64595 Coordinator.h:126] commit: 7725 abort: 214275 (0/214275/0), network size: 0, avg network size: 0, si_in_serializable: 0 0 %, local: 0 %
I0319 15:34:38.215147 64595 Coordinator.h:126] commit: 7413 abort: 208587 (0/208587/0), network size: 0, avg network size: 0, si_in_serializable: 0 0 %, local: 0 %
I0319 15:34:39.215269 64595 Coordinator.h:126] commit: 7444 abort: 208556 (0/208556/0), network size: 0, avg network size: 0, si_in_serializable: 0 0 %, local: 0 %
I0319 15:34:40.215459 64595 Coordinator.h:126] commit: 7462 abort: 208538 (0/208538/0), network size: 0, avg network size: 0, si_in_serializable: 0 0 %, local: 0 %
I0319 15:34:41.215628 64595 Coordinator.h:126] commit: 7383 abort: 202617 (0/202617/0), network size: 0, avg network size: 0, si_in_serializable: 0 0 %, local: 0 %
I0319 15:34:42.215760 64595 Coordinator.h:126] commit: 7693 abort: 208307 (0/208307/0), network size: 0, avg network size: 0, si_in_serializable: 0 0 %, local: 0 %
I0319 15:34:43.215893 64595 Coordinator.h:126] commit: 7243 abort: 202757 (0/202757/0), network size: 0, avg network size: 0, si_in_serializable: 0 0 %, local: 0 %
I0319 15:34:44.216009 64595 Coordinator.h:126] commit: 7178 abort: 202822 (0/202822/0), network size: 0, avg network size: 0, si_in_serializable: 0 0 %, local: 0 %
I0319 15:34:45.216137 64595 Coordinator.h:126] commit: 7280 abort: 202720 (0/202720/0), network size: 0, avg network size: 0, si_in_serializable: 0 0 %, local: 0 %
I0319 15:34:46.216286 64595 Coordinator.h:126] commit: 7349 abort: 202651 (0/202651/0), network size: 0, avg network size: 0, si_in_serializable: 0 0 %, local: 0 %
I0319 15:34:47.216429 64595 Coordinator.h:126] commit: 7288 abort: 202712 (0/202712/0), network size: 0, avg network size: 0, si_in_serializable: 0 0 %, local: 0 %
I0319 15:34:48.216609 64595 Coordinator.h:126] commit: 7432 abort: 202568 (0/202568/0), network size: 0, avg network size: 0, si_in_serializable: 0 0 %, local: 0 %
I0319 15:34:49.216744 64595 Coordinator.h:126] commit: 7262 abort: 196738 (0/196738/0), network size: 0, avg network size: 0, si_in_serializable: 0 0 %, local: 0 %
I0319 15:34:50.216881 64595 Coordinator.h:126] commit: 7568 abort: 208432 (0/208432/0), network size: 0, avg network size: 0, si_in_serializable: 0 0 %, local: 0 %
I0319 15:34:51.217026 64595 Coordinator.h:126] commit: 7418 abort: 202582 (0/202582/0), network size: 0, avg network size: 0, si_in_serializable: 0 0 %, local: 0 %
I0319 15:34:52.217163 64595 Coordinator.h:126] commit: 7361 abort: 202639 (0/202639/0), network size: 0, avg network size: 0, si_in_serializable: 0 0 %, local: 0 %
I0319 15:34:53.217278 64595 Coordinator.h:126] commit: 7301 abort: 202699 (0/202699/0), network size: 0, avg network size: 0, si_in_serializable: 0 0 %, local: 0 %
I0319 15:34:54.217399 64595 Coordinator.h:126] commit: 7489 abort: 208511 (0/208511/0), network size: 0, avg network size: 0, si_in_serializable: 0 0 %, local: 0 %
I0319 15:34:55.217530 64595 Coordinator.h:126] commit: 7203 abort: 202797 (0/202797/0), network size: 0, avg network size: 0, si_in_serializable: 0 0 %, local: 0 %
I0319 15:34:56.217700 64595 Coordinator.h:126] commit: 7528 abort: 202472 (0/202472/0), network size: 0, avg network size: 0, si_in_serializable: 0 0 %, local: 0 %
I0319 15:34:57.217844 64595 Coordinator.h:126] commit: 7479 abort: 208521 (0/208521/0), network size: 0, avg network size: 0, si_in_serializable: 0 0 %, local: 0 %
I0319 15:34:57.217890 64595 Coordinator.h:152] average commit: 7337.9 abort: 202662 (0/202662/0), network size: 0, avg network size: 0, si_in_serializable: 0 0 %, local: 0 %
I0319 15:34:57.217932 64595 AriaExecutor.h:646] Worker 0 latency: 715276 us (50%) 1344205 us (75%) 2173056 us (95%) 3353808 us (99%).
I0319 15:34:57.232906 64617 AriaExecutor.h:106] AriaExecutor 0 exits. 
I0319 15:34:57.232926 64623 AriaExecutor.h:106] AriaExecutor 6 exits. 
I0319 15:34:57.232914 64621 AriaExecutor.h:106] AriaExecutor 4 exits. 
I0319 15:34:57.232906 64625 AriaExecutor.h:106] AriaExecutor 8 exits. 
I0319 15:34:57.232918 64624 AriaExecutor.h:106] AriaExecutor 7 exits. 
I0319 15:34:57.232906 64622 AriaExecutor.h:106] AriaExecutor 5 exits. 
I0319 15:34:57.232906 64618 AriaExecutor.h:106] AriaExecutor 1 exits. 
I0319 15:34:57.232926 64626 AriaExecutor.h:106] AriaExecutor 9 exits. 
I0319 15:34:57.232924 64619 AriaExecutor.h:106] AriaExecutor 2 exits. 
I0319 15:34:57.232925 64629 Manager.h:227] Manager(worker id = 12) on the coordinator node exits.
I0319 15:34:57.232906 64620 AriaExecutor.h:106] AriaExecutor 3 exits. 
I0319 15:34:57.232906 64627 AriaExecutor.h:106] AriaExecutor 10 exits. 
I0319 15:34:57.232915 64628 AriaExecutor.h:106] AriaExecutor 11 exits. 
I0319 15:34:57.233196 64595 AriaExecutor.h:646] Worker 1 latency: 610180 us (50%) 1204948 us (75%) 2104447 us (95%) 3016752 us (99%).
I0319 15:34:57.235467 64595 AriaExecutor.h:646] Worker 2 latency: 630811 us (50%) 1233639 us (75%) 2085767 us (95%) 3122176 us (99%).
I0319 15:34:57.237701 64595 AriaExecutor.h:646] Worker 3 latency: 601518 us (50%) 1187537 us (75%) 2049615 us (95%) 3122036 us (99%).
I0319 15:34:57.239992 64595 AriaExecutor.h:646] Worker 4 latency: 631588 us (50%) 1236705 us (75%) 2050694 us (95%) 3200838 us (99%).
I0319 15:34:57.242302 64595 AriaExecutor.h:646] Worker 5 latency: 655564 us (50%) 1246523 us (75%) 2018037 us (95%) 3119065 us (99%).
I0319 15:34:57.244692 64595 AriaExecutor.h:646] Worker 6 latency: 638170 us (50%) 1216593 us (75%) 2018043 us (95%) 2933800 us (99%).
I0319 15:34:57.246733 64595 AriaExecutor.h:646] Worker 7 latency: 614349 us (50%) 1211408 us (75%) 2000738 us (95%) 3061828 us (99%).
I0319 15:34:57.248625 64595 AriaExecutor.h:646] Worker 8 latency: 608565 us (50%) 1181541 us (75%) 1989753 us (95%) 2965457 us (99%).
I0319 15:34:57.250463 64595 AriaExecutor.h:646] Worker 9 latency: 627588 us (50%) 1199657 us (75%) 1989124 us (95%) 2779871 us (99%).
I0319 15:34:57.252379 64595 AriaExecutor.h:646] Worker 10 latency: 598644 us (50%) 1174086 us (75%) 1989228 us (95%) 3255448 us (99%).
I0319 15:34:57.253669 64595 AriaExecutor.h:646] Worker 11 latency: 614512 us (50%) 1190790 us (75%) 1963003 us (95%) 2666168 us (99%).
I0319 15:34:57.255012 64595 Coordinator.h:177] total commit: 7337.9
I0319 15:34:58.255219 64595 Coordinator.h:192] Coordinator exits.
