I0319 14:40:15.994243 48700 Database.h:65] ycsb initialization finished in 97 milliseconds.
I0319 14:40:15.994470 48700 Coordinator.h:30] Coordinator initializes 12 workers.
I0319 14:40:16.151139 48700 Coordinator.h:77] Coordinator starts to run 13 workers.
I0319 14:40:16.151238 48716 AriaExecutor.h:82] AriaExecutor 0 started. 
I0319 14:40:16.151288 48717 AriaExecutor.h:82] AriaExecutor 1 started. 
I0319 14:40:16.151399 48718 AriaExecutor.h:82] AriaExecutor 2 started. 
I0319 14:40:16.151460 48719 AriaExecutor.h:82] AriaExecutor 3 started. 
I0319 14:40:16.151540 48720 AriaExecutor.h:82] AriaExecutor 4 started. 
I0319 14:40:16.151590 48721 AriaExecutor.h:82] AriaExecutor 5 started. 
I0319 14:40:16.151678 48722 AriaExecutor.h:82] AriaExecutor 6 started. 
I0319 14:40:16.151715 48723 AriaExecutor.h:82] AriaExecutor 7 started. 
I0319 14:40:16.151819 48724 AriaExecutor.h:82] AriaExecutor 8 started. 
I0319 14:40:16.151855 48725 AriaExecutor.h:82] AriaExecutor 9 started. 
I0319 14:40:16.151954 48726 AriaExecutor.h:82] AriaExecutor 10 started. 
I0319 14:40:16.152009 48727 AriaExecutor.h:82] AriaExecutor 11 started. 
I0319 14:40:16.152099 48728 Manager.h:224] Manager(worker id = 12) on the coordinator node started.
I0319 14:40:17.152149 48700 Coordinator.h:126] commit: 3708 abort: 140292 (0/140292/0), network size: 0, avg network size: 0, si_in_serializable: 0 0 %, local: 0 %
I0319 14:40:18.152318 48700 Coordinator.h:126] commit: 5267 abort: 174733 (0/174733/0), network size: 0, avg network size: 0, si_in_serializable: 0 0 %, local: 0 %
I0319 14:40:19.152519 48700 Coordinator.h:126] commit: 7501 abort: 190499 (0/190499/0), network size: 0, avg network size: 0, si_in_serializable: 0 0 %, local: 0 %
I0319 14:40:20.152675 48700 Coordinator.h:126] commit: 7353 abort: 190647 (0/190647/0), network size: 0, avg network size: 0, si_in_serializable: 0 0 %, local: 0 %
I0319 14:40:21.152796 48700 Coordinator.h:126] commit: 6725 abort: 185275 (0/185275/0), network size: 0, avg network size: 0, si_in_serializable: 0 0 %, local: 0 %
I0319 14:40:22.152912 48700 Coordinator.h:126] commit: 7290 abort: 190710 (0/190710/0), network size: 0, avg network size: 0, si_in_serializable: 0 0 %, local: 0 %
I0319 14:40:23.153041 48700 Coordinator.h:126] commit: 6865 abort: 185135 (0/185135/0), network size: 0, avg network size: 0, si_in_serializable: 0 0 %, local: 0 %
I0319 14:40:24.153236 48700 Coordinator.h:126] commit: 7140 abort: 184860 (0/184860/0), network size: 0, avg network size: 0, si_in_serializable: 0 0 %, local: 0 %
I0319 14:40:25.153380 48700 Coordinator.h:126] commit: 6966 abort: 179034 (0/179034/0), network size: 0, avg network size: 0, si_in_serializable: 0 0 %, local: 0 %
I0319 14:40:26.153519 48700 Coordinator.h:126] commit: 6966 abort: 185034 (0/185034/0), network size: 0, avg network size: 0, si_in_serializable: 0 0 %, local: 0 %
I0319 14:40:27.153643 48700 Coordinator.h:126] commit: 7283 abort: 178717 (0/178717/0), network size: 0, avg network size: 0, si_in_serializable: 0 0 %, local: 0 %
I0319 14:40:28.153771 48700 Coordinator.h:126] commit: 6723 abort: 179277 (0/179277/0), network size: 0, avg network size: 0, si_in_serializable: 0 0 %, local: 0 %
I0319 14:40:29.153918 48700 Coordinator.h:126] commit: 7041 abort: 178959 (0/178959/0), network size: 0, avg network size: 0, si_in_serializable: 0 0 %, local: 0 %
I0319 14:40:30.154064 48700 Coordinator.h:126] commit: 6386 abort: 173614 (0/173614/0), network size: 0, avg network size: 0, si_in_serializable: 0 0 %, local: 0 %
I0319 14:40:31.154254 48700 Coordinator.h:126] commit: 6883 abort: 179117 (0/179117/0), network size: 0, avg network size: 0, si_in_serializable: 0 0 %, local: 0 %
I0319 14:40:32.154387 48700 Coordinator.h:126] commit: 6558 abort: 173442 (0/173442/0), network size: 0, avg network size: 0, si_in_serializable: 0 0 %, local: 0 %
I0319 14:40:33.154511 48700 Coordinator.h:126] commit: 6841 abort: 173159 (0/173159/0), network size: 0, avg network size: 0, si_in_serializable: 0 0 %, local: 0 %
I0319 14:40:34.154631 48700 Coordinator.h:126] commit: 6837 abort: 179163 (0/179163/0), network size: 0, avg network size: 0, si_in_serializable: 0 0 %, local: 0 %
I0319 14:40:35.154760 48700 Coordinator.h:126] commit: 6608 abort: 173392 (0/173392/0), network size: 0, avg network size: 0, si_in_serializable: 0 0 %, local: 0 %
I0319 14:40:36.154896 48700 Coordinator.h:126] commit: 6486 abort: 173514 (0/173514/0), network size: 0, avg network size: 0, si_in_serializable: 0 0 %, local: 0 %
I0319 14:40:37.155011 48700 Coordinator.h:126] commit: 6682 abort: 173318 (0/173318/0), network size: 0, avg network size: 0, si_in_serializable: 0 0 %, local: 0 %
I0319 14:40:38.155133 48700 Coordinator.h:126] commit: 6648 abort: 173352 (0/173352/0), network size: 0, avg network size: 0, si_in_serializable: 0 0 %, local: 0 %
I0319 14:40:39.155267 48700 Coordinator.h:126] commit: 6814 abort: 179186 (0/179186/0), network size: 0, avg network size: 0, si_in_serializable: 0 0 %, local: 0 %
I0319 14:40:40.155401 48700 Coordinator.h:126] commit: 6316 abort: 173684 (0/173684/0), network size: 0, avg network size: 0, si_in_serializable: 0 0 %, local: 0 %
I0319 14:40:41.155536 48700 Coordinator.h:126] commit: 7020 abort: 172980 (0/172980/0), network size: 0, avg network size: 0, si_in_serializable: 0 0 %, local: 0 %
I0319 14:40:41.155575 48700 Coordinator.h:152] average commit: 6764.6 abort: 176235 (0/176235/0), network size: 0, avg network size: 0, si_in_serializable: 0 0 %, local: 0 %
I0319 14:40:41.155622 48700 AriaExecutor.h:535] Worker 0 latency: 867718 us (50%) 1259329 us (75%) 1566637 us (95%) 2016870 us (99%).
I0319 14:40:41.180445 48727 AriaExecutor.h:94] AriaExecutor 11 exits. 
I0319 14:40:41.180445 48724 AriaExecutor.h:94] AriaExecutor 8 exits. 
I0319 14:40:41.180454 48726 AriaExecutor.h:94] AriaExecutor 10 exits. 
I0319 14:40:41.180454 48717 AriaExecutor.h:94] AriaExecutor 1 exits. 
I0319 14:40:41.180445 48716 AriaExecutor.h:94] AriaExecutor 0 exits. 
I0319 14:40:41.180462 48728 Manager.h:227] Manager(worker id = 12) on the coordinator node exits.
I0319 14:40:41.180454 48721 AriaExecutor.h:94] AriaExecutor 5 exits. 
I0319 14:40:41.180452 48725 AriaExecutor.h:94] AriaExecutor 9 exits. 
I0319 14:40:41.180454 48718 AriaExecutor.h:94] AriaExecutor 2 exits. 
I0319 14:40:41.180454 48720 AriaExecutor.h:94] AriaExecutor 4 exits. 
I0319 14:40:41.180445 48722 AriaExecutor.h:94] AriaExecutor 6 exits. 
I0319 14:40:41.180462 48723 AriaExecutor.h:94] AriaExecutor 7 exits. 
I0319 14:40:41.180452 48719 AriaExecutor.h:94] AriaExecutor 3 exits. 
I0319 14:40:41.180692 48700 AriaExecutor.h:535] Worker 1 latency: 933421 us (50%) 1290235 us (75%) 1565346 us (95%) 2051516 us (99%).
I0319 14:40:41.183032 48700 AriaExecutor.h:535] Worker 2 latency: 972854 us (50%) 1303513 us (75%) 1565048 us (95%) 2039491 us (99%).
I0319 14:40:41.185297 48700 AriaExecutor.h:535] Worker 3 latency: 909967 us (50%) 1285106 us (75%) 1536476 us (95%) 1992261 us (99%).
I0319 14:40:41.187657 48700 AriaExecutor.h:535] Worker 4 latency: 938805 us (50%) 1286535 us (75%) 1536490 us (95%) 2054627 us (99%).
I0319 14:40:41.190122 48700 AriaExecutor.h:535] Worker 5 latency: 866268 us (50%) 1246864 us (75%) 1523041 us (95%) 1924379 us (99%).
I0319 14:40:41.193014 48700 AriaExecutor.h:535] Worker 6 latency: 911601 us (50%) 1265955 us (75%) 1533367 us (95%) 2005110 us (99%).
I0319 14:40:41.195580 48700 AriaExecutor.h:535] Worker 7 latency: 945329 us (50%) 1278885 us (75%) 1534087 us (95%) 2007713 us (99%).
I0319 14:40:41.197902 48700 AriaExecutor.h:535] Worker 8 latency: 955089 us (50%) 1281845 us (75%) 1532207 us (95%) 1993053 us (99%).
I0319 14:40:41.199505 48700 AriaExecutor.h:535] Worker 9 latency: 921699 us (50%) 1269201 us (75%) 1525764 us (95%) 2035203 us (99%).
I0319 14:40:41.201058 48700 AriaExecutor.h:535] Worker 10 latency: 901722 us (50%) 1265979 us (75%) 1510873 us (95%) 2021777 us (99%).
I0319 14:40:41.202518 48700 AriaExecutor.h:535] Worker 11 latency: 911559 us (50%) 1259504 us (75%) 1502430 us (95%) 1992491 us (99%).
I0319 14:40:41.204120 48700 Coordinator.h:177] total commit: 6764.6
I0319 14:40:42.204334 48700 Coordinator.h:192] Coordinator exits.
