I0319 15:10:07.940368 57498 Database.h:65] ycsb initialization finished in 97 milliseconds.
I0319 15:10:07.940603 57498 Coordinator.h:30] Coordinator initializes 12 workers.
I0319 15:10:08.002876 57498 Coordinator.h:77] Coordinator starts to run 13 workers.
I0319 15:10:08.002964 57514 AriaExecutor.h:94] AriaExecutor 0 started. 
I0319 15:10:08.003012 57515 AriaExecutor.h:94] AriaExecutor 1 started. 
I0319 15:10:08.003142 57516 AriaExecutor.h:94] AriaExecutor 2 started. 
I0319 15:10:08.003274 57517 AriaExecutor.h:94] AriaExecutor 3 started. 
I0319 15:10:08.003314 57518 AriaExecutor.h:94] AriaExecutor 4 started. 
I0319 15:10:08.003435 57519 AriaExecutor.h:94] AriaExecutor 5 started. 
I0319 15:10:08.003468 57520 AriaExecutor.h:94] AriaExecutor 6 started. 
I0319 15:10:08.003579 57521 AriaExecutor.h:94] AriaExecutor 7 started. 
I0319 15:10:08.003628 57522 AriaExecutor.h:94] AriaExecutor 8 started. 
I0319 15:10:08.003718 57523 AriaExecutor.h:94] AriaExecutor 9 started. 
I0319 15:10:08.003842 57524 AriaExecutor.h:94] AriaExecutor 10 started. 
I0319 15:10:08.003857 57525 AriaExecutor.h:94] AriaExecutor 11 started. 
I0319 15:10:08.003968 57526 Manager.h:224] Manager(worker id = 12) on the coordinator node started.
I0319 15:10:09.004001 57498 Coordinator.h:126] commit: 62511 abort: 49489 (0/49489/0), network size: 0, avg network size: 0, si_in_serializable: 0 0 %, local: 0 %
I0319 15:10:10.004172 57498 Coordinator.h:126] commit: 76672 abort: 59328 (0/59328/0), network size: 0, avg network size: 0, si_in_serializable: 0 0 %, local: 0 %
I0319 15:10:11.004379 57498 Coordinator.h:126] commit: 79656 abort: 62344 (0/62344/0), network size: 0, avg network size: 0, si_in_serializable: 0 0 %, local: 0 %
I0319 15:10:12.004544 57498 Coordinator.h:126] commit: 78745 abort: 61255 (0/61255/0), network size: 0, avg network size: 0, si_in_serializable: 0 0 %, local: 0 %
I0319 15:10:13.004670 57498 Coordinator.h:126] commit: 78235 abort: 61765 (0/61765/0), network size: 0, avg network size: 0, si_in_serializable: 0 0 %, local: 0 %
I0319 15:10:14.004797 57498 Coordinator.h:126] commit: 76767 abort: 61233 (0/61233/0), network size: 0, avg network size: 0, si_in_serializable: 0 0 %, local: 0 %
I0319 15:10:15.004944 57498 Coordinator.h:126] commit: 77152 abort: 60848 (0/60848/0), network size: 0, avg network size: 0, si_in_serializable: 0 0 %, local: 0 %
I0319 15:10:16.005159 57498 Coordinator.h:126] commit: 78609 abort: 61391 (0/61391/0), network size: 0, avg network size: 0, si_in_serializable: 0 0 %, local: 0 %
I0319 15:10:17.005300 57498 Coordinator.h:126] commit: 79677 abort: 62323 (0/62323/0), network size: 0, avg network size: 0, si_in_serializable: 0 0 %, local: 0 %
I0319 15:10:18.005429 57498 Coordinator.h:126] commit: 79674 abort: 62326 (0/62326/0), network size: 0, avg network size: 0, si_in_serializable: 0 0 %, local: 0 %
I0319 15:10:19.005554 57498 Coordinator.h:126] commit: 78090 abort: 61910 (0/61910/0), network size: 0, avg network size: 0, si_in_serializable: 0 0 %, local: 0 %
I0319 15:10:20.005689 57498 Coordinator.h:126] commit: 78411 abort: 61589 (0/61589/0), network size: 0, avg network size: 0, si_in_serializable: 0 0 %, local: 0 %
I0319 15:10:21.005827 57498 Coordinator.h:126] commit: 78534 abort: 61466 (0/61466/0), network size: 0, avg network size: 0, si_in_serializable: 0 0 %, local: 0 %
I0319 15:10:22.005957 57498 Coordinator.h:126] commit: 78436 abort: 61564 (0/61564/0), network size: 0, avg network size: 0, si_in_serializable: 0 0 %, local: 0 %
I0319 15:10:23.006075 57498 Coordinator.h:126] commit: 77265 abort: 60735 (0/60735/0), network size: 0, avg network size: 0, si_in_serializable: 0 0 %, local: 0 %
I0319 15:10:24.006203 57498 Coordinator.h:126] commit: 76562 abort: 61438 (0/61438/0), network size: 0, avg network size: 0, si_in_serializable: 0 0 %, local: 0 %
I0319 15:10:25.006335 57498 Coordinator.h:126] commit: 77274 abort: 60726 (0/60726/0), network size: 0, avg network size: 0, si_in_serializable: 0 0 %, local: 0 %
I0319 15:10:26.006469 57498 Coordinator.h:126] commit: 75971 abort: 60029 (0/60029/0), network size: 0, avg network size: 0, si_in_serializable: 0 0 %, local: 0 %
I0319 15:10:27.006601 57498 Coordinator.h:126] commit: 77364 abort: 60636 (0/60636/0), network size: 0, avg network size: 0, si_in_serializable: 0 0 %, local: 0 %
I0319 15:10:28.006726 57498 Coordinator.h:126] commit: 77355 abort: 60645 (0/60645/0), network size: 0, avg network size: 0, si_in_serializable: 0 0 %, local: 0 %
I0319 15:10:29.006861 57498 Coordinator.h:126] commit: 75993 abort: 60007 (0/60007/0), network size: 0, avg network size: 0, si_in_serializable: 0 0 %, local: 0 %
I0319 15:10:30.007001 57498 Coordinator.h:126] commit: 77998 abort: 61718 (0/61718/0), network size: 0, avg network size: 0, si_in_serializable: 0 0 %, local: 0 %
I0319 15:10:31.007200 57498 Coordinator.h:126] commit: 77425 abort: 60858 (0/60858/0), network size: 0, avg network size: 0, si_in_serializable: 0 0 %, local: 0 %
I0319 15:10:32.007357 57498 Coordinator.h:126] commit: 78396 abort: 61604 (0/61604/0), network size: 0, avg network size: 0, si_in_serializable: 0 0 %, local: 0 %
I0319 15:10:33.007476 57498 Coordinator.h:126] commit: 79438 abort: 62562 (0/62562/0), network size: 0, avg network size: 0, si_in_serializable: 0 0 %, local: 0 %
I0319 15:10:33.007517 57498 Coordinator.h:152] average commit: 77526.2 abort: 61073.8 (0/61073.8/0), network size: 0, avg network size: 0, si_in_serializable: 0 0 %, local: 0 %
I0319 15:10:33.018023 57523 AriaExecutor.h:106] AriaExecutor 9 exits. 
I0319 15:10:33.018023 57521 AriaExecutor.h:106] AriaExecutor 7 exits. 
I0319 15:10:33.018031 57515 AriaExecutor.h:106] AriaExecutor 1 exits. 
I0319 15:10:33.018033 57519 AriaExecutor.h:106] AriaExecutor 5 exits. 
I0319 15:10:33.018033 57520 AriaExecutor.h:106] AriaExecutor 6 exits. 
I0319 15:10:33.018034 57522 AriaExecutor.h:106] AriaExecutor 8 exits. 
I0319 15:10:33.018034 57524 AriaExecutor.h:106] AriaExecutor 10 exits. 
I0319 15:10:33.018023 57517 AriaExecutor.h:106] AriaExecutor 3 exits. 
I0319 15:10:33.018043 57526 Manager.h:227] Manager(worker id = 12) on the coordinator node exits.
I0319 15:10:33.018033 57518 AriaExecutor.h:106] AriaExecutor 4 exits. 
I0319 15:10:33.018044 57525 AriaExecutor.h:106] AriaExecutor 11 exits. 
I0319 15:10:33.018023 57514 AriaExecutor.h:106] AriaExecutor 0 exits. 
I0319 15:10:33.018033 57516 AriaExecutor.h:106] AriaExecutor 2 exits. 
I0319 15:10:33.007563 57498 AriaExecutor.h:646] Worker 0 latency: 19671 us (50%) 23802 us (75%) 37246 us (95%) 50894 us (99%).
I0319 15:10:33.030110 57498 AriaExecutor.h:646] Worker 1 latency: 19616 us (50%) 23761 us (75%) 37138 us (95%) 49688 us (99%).
I0319 15:10:33.042484 57498 AriaExecutor.h:646] Worker 2 latency: 19631 us (50%) 23747 us (75%) 37091 us (95%) 49074 us (99%).
I0319 15:10:33.052275 57498 AriaExecutor.h:646] Worker 3 latency: 19602 us (50%) 23719 us (75%) 37030 us (95%) 48645 us (99%).
I0319 15:10:33.061600 57498 AriaExecutor.h:646] Worker 4 latency: 19599 us (50%) 23705 us (75%) 36986 us (95%) 48409 us (99%).
I0319 15:10:33.070926 57498 AriaExecutor.h:646] Worker 5 latency: 19599 us (50%) 23708 us (75%) 36939 us (95%) 48164 us (99%).
I0319 15:10:33.080287 57498 AriaExecutor.h:646] Worker 6 latency: 19594 us (50%) 23689 us (75%) 36891 us (95%) 47985 us (99%).
I0319 15:10:33.089618 57498 AriaExecutor.h:646] Worker 7 latency: 19561 us (50%) 23661 us (75%) 36836 us (95%) 47787 us (99%).
I0319 15:10:33.099011 57498 AriaExecutor.h:646] Worker 8 latency: 19571 us (50%) 23660 us (75%) 36803 us (95%) 47645 us (99%).
I0319 15:10:33.108248 57498 AriaExecutor.h:646] Worker 9 latency: 19579 us (50%) 23665 us (75%) 36761 us (95%) 47499 us (99%).
I0319 15:10:33.117573 57498 AriaExecutor.h:646] Worker 10 latency: 19572 us (50%) 23642 us (75%) 36712 us (95%) 47335 us (99%).
I0319 15:10:33.126860 57498 AriaExecutor.h:646] Worker 11 latency: 19555 us (50%) 23642 us (75%) 36681 us (95%) 47200 us (99%).
I0319 15:10:33.136245 57498 Coordinator.h:177] total commit: 77526.2
I0319 15:10:34.136449 57498 Coordinator.h:192] Coordinator exits.
