I0319 15:15:08.659216 58927 Database.h:65] ycsb initialization finished in 98 milliseconds.
I0319 15:15:08.659421 58927 Coordinator.h:30] Coordinator initializes 12 workers.
I0319 15:15:08.744731 58927 Coordinator.h:77] Coordinator starts to run 13 workers.
I0319 15:15:08.744832 58949 AriaExecutor.h:94] AriaExecutor 0 started. 
I0319 15:15:08.744877 58950 AriaExecutor.h:94] AriaExecutor 1 started. 
I0319 15:15:08.744990 58951 AriaExecutor.h:94] AriaExecutor 2 started. 
I0319 15:15:08.745031 58952 AriaExecutor.h:94] AriaExecutor 3 started. 
I0319 15:15:08.745141 58953 AriaExecutor.h:94] AriaExecutor 4 started. 
I0319 15:15:08.745267 58954 AriaExecutor.h:94] AriaExecutor 5 started. 
I0319 15:15:08.745289 58955 AriaExecutor.h:94] AriaExecutor 6 started. 
I0319 15:15:08.745407 58956 AriaExecutor.h:94] AriaExecutor 7 started. 
I0319 15:15:08.745440 58957 AriaExecutor.h:94] AriaExecutor 8 started. 
I0319 15:15:08.745548 58958 AriaExecutor.h:94] AriaExecutor 9 started. 
I0319 15:15:08.745596 58959 AriaExecutor.h:94] AriaExecutor 10 started. 
I0319 15:15:08.745687 58960 AriaExecutor.h:94] AriaExecutor 11 started. 
I0319 15:15:08.745805 58961 Manager.h:224] Manager(worker id = 12) on the coordinator node started.
I0319 15:15:09.745833 58927 Coordinator.h:126] commit: 42306 abort: 77694 (0/77694/0), network size: 0, avg network size: 0, si_in_serializable: 0 0 %, local: 0 %
I0319 15:15:10.746003 58927 Coordinator.h:126] commit: 48948 abort: 92052 (0/92052/0), network size: 0, avg network size: 0, si_in_serializable: 0 0 %, local: 0 %
I0319 15:15:11.746198 58927 Coordinator.h:126] commit: 52798 abort: 100202 (0/100202/0), network size: 0, avg network size: 0, si_in_serializable: 0 0 %, local: 0 %
I0319 15:15:12.746356 58927 Coordinator.h:126] commit: 51309 abort: 95691 (0/95691/0), network size: 0, avg network size: 0, si_in_serializable: 0 0 %, local: 0 %
I0319 15:15:13.746503 58927 Coordinator.h:126] commit: 49862 abort: 94138 (0/94138/0), network size: 0, avg network size: 0, si_in_serializable: 0 0 %, local: 0 %
I0319 15:15:14.746628 58927 Coordinator.h:126] commit: 50177 abort: 93823 (0/93823/0), network size: 0, avg network size: 0, si_in_serializable: 0 0 %, local: 0 %
I0319 15:15:15.746755 58927 Coordinator.h:126] commit: 50652 abort: 96348 (0/96348/0), network size: 0, avg network size: 0, si_in_serializable: 0 0 %, local: 0 %
I0319 15:15:16.746937 58927 Coordinator.h:126] commit: 49693 abort: 94307 (0/94307/0), network size: 0, avg network size: 0, si_in_serializable: 0 0 %, local: 0 %
I0319 15:15:17.747084 58927 Coordinator.h:126] commit: 50932 abort: 96068 (0/96068/0), network size: 0, avg network size: 0, si_in_serializable: 0 0 %, local: 0 %
I0319 15:15:18.747224 58927 Coordinator.h:126] commit: 51042 abort: 95958 (0/95958/0), network size: 0, avg network size: 0, si_in_serializable: 0 0 %, local: 0 %
I0319 15:15:19.747349 58927 Coordinator.h:126] commit: 52020 abort: 97980 (0/97980/0), network size: 0, avg network size: 0, si_in_serializable: 0 0 %, local: 0 %
I0319 15:15:20.747474 58927 Coordinator.h:126] commit: 51329 abort: 95671 (0/95671/0), network size: 0, avg network size: 0, si_in_serializable: 0 0 %, local: 0 %
I0319 15:15:21.747614 58927 Coordinator.h:126] commit: 50501 abort: 93499 (0/93499/0), network size: 0, avg network size: 0, si_in_serializable: 0 0 %, local: 0 %
I0319 15:15:22.747756 58927 Coordinator.h:126] commit: 51608 abort: 95392 (0/95392/0), network size: 0, avg network size: 0, si_in_serializable: 0 0 %, local: 0 %
I0319 15:15:23.747888 58927 Coordinator.h:126] commit: 50101 abort: 93899 (0/93899/0), network size: 0, avg network size: 0, si_in_serializable: 0 0 %, local: 0 %
I0319 15:15:24.748031 58927 Coordinator.h:126] commit: 50028 abort: 93972 (0/93972/0), network size: 0, avg network size: 0, si_in_serializable: 0 0 %, local: 0 %
I0319 15:15:25.748171 58927 Coordinator.h:126] commit: 50292 abort: 93708 (0/93708/0), network size: 0, avg network size: 0, si_in_serializable: 0 0 %, local: 0 %
I0319 15:15:26.748370 58927 Coordinator.h:126] commit: 49372 abort: 94628 (0/94628/0), network size: 0, avg network size: 0, si_in_serializable: 0 0 %, local: 0 %
I0319 15:15:27.748517 58927 Coordinator.h:126] commit: 50156 abort: 93844 (0/93844/0), network size: 0, avg network size: 0, si_in_serializable: 0 0 %, local: 0 %
I0319 15:15:28.748643 58927 Coordinator.h:126] commit: 49882 abort: 94118 (0/94118/0), network size: 0, avg network size: 0, si_in_serializable: 0 0 %, local: 0 %
I0319 15:15:29.748776 58927 Coordinator.h:126] commit: 50126 abort: 93874 (0/93874/0), network size: 0, avg network size: 0, si_in_serializable: 0 0 %, local: 0 %
I0319 15:15:30.748904 58927 Coordinator.h:126] commit: 50146 abort: 93854 (0/93854/0), network size: 0, avg network size: 0, si_in_serializable: 0 0 %, local: 0 %
I0319 15:15:31.749033 58927 Coordinator.h:126] commit: 49775 abort: 94225 (0/94225/0), network size: 0, avg network size: 0, si_in_serializable: 0 0 %, local: 0 %
I0319 15:15:32.749164 58927 Coordinator.h:126] commit: 50475 abort: 93525 (0/93525/0), network size: 0, avg network size: 0, si_in_serializable: 0 0 %, local: 0 %
I0319 15:15:33.749289 58927 Coordinator.h:126] commit: 50243 abort: 93757 (0/93757/0), network size: 0, avg network size: 0, si_in_serializable: 0 0 %, local: 0 %
I0319 15:15:33.749330 58927 Coordinator.h:152] average commit: 50528.9 abort: 94671.1 (0/94671.1/0), network size: 0, avg network size: 0, si_in_serializable: 0 0 %, local: 0 %
I0319 15:15:33.758906 58952 AriaExecutor.h:106] AriaExecutor 3 exits. 
I0319 15:15:33.758924 58950 AriaExecutor.h:106] AriaExecutor 1 exits. 
I0319 15:15:33.758922 58956 AriaExecutor.h:106] AriaExecutor 7 exits. 
I0319 15:15:33.758924 58949 AriaExecutor.h:106] AriaExecutor 0 exits. 
I0319 15:15:33.758922 58959 AriaExecutor.h:106] AriaExecutor 10 exits. 
I0319 15:15:33.758925 58958 AriaExecutor.h:106] AriaExecutor 9 exits. 
I0319 15:15:33.758924 58955 AriaExecutor.h:106] AriaExecutor 6 exits. 
I0319 15:15:33.758922 58954 AriaExecutor.h:106] AriaExecutor 5 exits. 
I0319 15:15:33.758924 58953 AriaExecutor.h:106] AriaExecutor 4 exits. 
I0319 15:15:33.758924 58960 AriaExecutor.h:106] AriaExecutor 11 exits. 
I0319 15:15:33.758930 58961 Manager.h:227] Manager(worker id = 12) on the coordinator node exits.
I0319 15:15:33.758919 58957 AriaExecutor.h:106] AriaExecutor 8 exits. 
I0319 15:15:33.758908 58951 AriaExecutor.h:106] AriaExecutor 2 exits. 
I0319 15:15:33.749372 58927 AriaExecutor.h:646] Worker 0 latency: 50077 us (50%) 69266 us (75%) 89513 us (95%) 109976 us (99%).
I0319 15:15:33.764747 58927 AriaExecutor.h:646] Worker 1 latency: 50061 us (50%) 69232 us (75%) 89371 us (95%) 107935 us (99%).
I0319 15:15:33.774256 58927 AriaExecutor.h:646] Worker 2 latency: 50022 us (50%) 69189 us (75%) 89325 us (95%) 104944 us (99%).
I0319 15:15:33.781603 58927 AriaExecutor.h:646] Worker 3 latency: 50024 us (50%) 69215 us (75%) 89280 us (95%) 94837 us (99%).
I0319 15:15:33.787829 58927 AriaExecutor.h:646] Worker 4 latency: 50022 us (50%) 69183 us (75%) 89238 us (95%) 93940 us (99%).
I0319 15:15:33.794003 58927 AriaExecutor.h:646] Worker 5 latency: 49974 us (50%) 69146 us (75%) 89179 us (95%) 93443 us (99%).
I0319 15:15:33.800341 58927 AriaExecutor.h:646] Worker 6 latency: 49950 us (50%) 69158 us (75%) 89132 us (95%) 93149 us (99%).
I0319 15:15:33.806596 58927 AriaExecutor.h:646] Worker 7 latency: 49976 us (50%) 69124 us (75%) 89057 us (95%) 92891 us (99%).
I0319 15:15:33.812776 58927 AriaExecutor.h:646] Worker 8 latency: 49914 us (50%) 69104 us (75%) 88989 us (95%) 92697 us (99%).
I0319 15:15:33.819093 58927 AriaExecutor.h:646] Worker 9 latency: 49902 us (50%) 69105 us (75%) 88950 us (95%) 92539 us (99%).
I0319 15:15:33.825354 58927 AriaExecutor.h:646] Worker 10 latency: 49928 us (50%) 69078 us (75%) 88892 us (95%) 92329 us (99%).
I0319 15:15:33.831602 58927 AriaExecutor.h:646] Worker 11 latency: 49911 us (50%) 69060 us (75%) 88831 us (95%) 92190 us (99%).
I0319 15:15:33.837800 58927 Coordinator.h:177] total commit: 50528.9
I0319 15:15:34.838021 58927 Coordinator.h:192] Coordinator exits.
