I0319 14:58:18.866900 54090 Database.h:65] ycsb initialization finished in 97 milliseconds.
I0319 14:58:18.867106 54090 Coordinator.h:30] Coordinator initializes 12 workers.
I0319 14:58:19.023166 54090 Coordinator.h:77] Coordinator starts to run 13 workers.
I0319 14:58:19.023274 54110 AriaExecutor.h:82] AriaExecutor 0 started. 
I0319 14:58:19.023324 54111 AriaExecutor.h:82] AriaExecutor 1 started. 
I0319 14:58:19.023408 54112 AriaExecutor.h:82] AriaExecutor 2 started. 
I0319 14:58:19.023466 54113 AriaExecutor.h:82] AriaExecutor 3 started. 
I0319 14:58:19.023526 54114 AriaExecutor.h:82] AriaExecutor 4 started. 
I0319 14:58:19.023600 54115 AriaExecutor.h:82] AriaExecutor 5 started. 
I0319 14:58:19.023675 54116 AriaExecutor.h:82] AriaExecutor 6 started. 
I0319 14:58:19.023747 54117 AriaExecutor.h:82] AriaExecutor 7 started. 
I0319 14:58:19.023823 54118 AriaExecutor.h:82] AriaExecutor 8 started. 
I0319 14:58:19.023926 54119 AriaExecutor.h:82] AriaExecutor 9 started. 
I0319 14:58:19.024020 54120 AriaExecutor.h:82] AriaExecutor 10 started. 
I0319 14:58:19.024092 54121 AriaExecutor.h:82] AriaExecutor 11 started. 
I0319 14:58:19.024166 54122 Manager.h:224] Manager(worker id = 12) on the coordinator node started.
I0319 14:58:20.024211 54090 Coordinator.h:126] commit: 617 abort: 227383 (0/227383/0), network size: 0, avg network size: 0, si_in_serializable: 0 0 %, local: 0 %
I0319 14:58:21.024379 54090 Coordinator.h:126] commit: 872 abort: 251128 (0/251128/0), network size: 0, avg network size: 0, si_in_serializable: 0 0 %, local: 0 %
I0319 14:58:22.024564 54090 Coordinator.h:126] commit: 1191 abort: 274809 (0/274809/0), network size: 0, avg network size: 0, si_in_serializable: 0 0 %, local: 0 %
I0319 14:58:23.024719 54090 Coordinator.h:126] commit: 1338 abort: 268662 (0/268662/0), network size: 0, avg network size: 0, si_in_serializable: 0 0 %, local: 0 %
I0319 14:58:24.024859 54090 Coordinator.h:126] commit: 1450 abort: 268550 (0/268550/0), network size: 0, avg network size: 0, si_in_serializable: 0 0 %, local: 0 %
I0319 14:58:25.024986 54090 Coordinator.h:126] commit: 1496 abort: 256504 (0/256504/0), network size: 0, avg network size: 0, si_in_serializable: 0 0 %, local: 0 %
I0319 14:58:26.025102 54090 Coordinator.h:126] commit: 1613 abort: 262387 (0/262387/0), network size: 0, avg network size: 0, si_in_serializable: 0 0 %, local: 0 %
I0319 14:58:27.025285 54090 Coordinator.h:126] commit: 1689 abort: 256311 (0/256311/0), network size: 0, avg network size: 0, si_in_serializable: 0 0 %, local: 0 %
I0319 14:58:28.025435 54090 Coordinator.h:126] commit: 1697 abort: 256303 (0/256303/0), network size: 0, avg network size: 0, si_in_serializable: 0 0 %, local: 0 %
I0319 14:58:29.025588 54090 Coordinator.h:126] commit: 1722 abort: 256278 (0/256278/0), network size: 0, avg network size: 0, si_in_serializable: 0 0 %, local: 0 %
I0319 14:58:30.025718 54090 Coordinator.h:126] commit: 1777 abort: 250223 (0/250223/0), network size: 0, avg network size: 0, si_in_serializable: 0 0 %, local: 0 %
I0319 14:58:31.025837 54090 Coordinator.h:126] commit: 1800 abort: 250200 (0/250200/0), network size: 0, avg network size: 0, si_in_serializable: 0 0 %, local: 0 %
I0319 14:58:32.025952 54090 Coordinator.h:126] commit: 1838 abort: 244162 (0/244162/0), network size: 0, avg network size: 0, si_in_serializable: 0 0 %, local: 0 %
I0319 14:58:33.026094 54090 Coordinator.h:126] commit: 1826 abort: 244174 (0/244174/0), network size: 0, avg network size: 0, si_in_serializable: 0 0 %, local: 0 %
I0319 14:58:34.026249 54090 Coordinator.h:126] commit: 1935 abort: 250065 (0/250065/0), network size: 0, avg network size: 0, si_in_serializable: 0 0 %, local: 0 %
I0319 14:58:35.026376 54090 Coordinator.h:126] commit: 2010 abort: 249990 (0/249990/0), network size: 0, avg network size: 0, si_in_serializable: 0 0 %, local: 0 %
I0319 14:58:36.026499 54090 Coordinator.h:126] commit: 1816 abort: 244184 (0/244184/0), network size: 0, avg network size: 0, si_in_serializable: 0 0 %, local: 0 %
I0319 14:58:37.026623 54090 Coordinator.h:126] commit: 2053 abort: 243947 (0/243947/0), network size: 0, avg network size: 0, si_in_serializable: 0 0 %, local: 0 %
I0319 14:58:38.026753 54090 Coordinator.h:126] commit: 1992 abort: 244008 (0/244008/0), network size: 0, avg network size: 0, si_in_serializable: 0 0 %, local: 0 %
I0319 14:58:39.026885 54090 Coordinator.h:126] commit: 2070 abort: 249930 (0/249930/0), network size: 0, avg network size: 0, si_in_serializable: 0 0 %, local: 0 %
I0319 14:58:40.027002 54090 Coordinator.h:126] commit: 2119 abort: 243881 (0/243881/0), network size: 0, avg network size: 0, si_in_serializable: 0 0 %, local: 0 %
I0319 14:58:41.027181 54090 Coordinator.h:126] commit: 2050 abort: 249950 (0/249950/0), network size: 0, avg network size: 0, si_in_serializable: 0 0 %, local: 0 %
I0319 14:58:42.027323 54090 Coordinator.h:126] commit: 2153 abort: 243847 (0/243847/0), network size: 0, avg network size: 0, si_in_serializable: 0 0 %, local: 0 %
I0319 14:58:43.027460 54090 Coordinator.h:126] commit: 2166 abort: 243834 (0/243834/0), network size: 0, avg network size: 0, si_in_serializable: 0 0 %, local: 0 %
I0319 14:58:44.027608 54090 Coordinator.h:126] commit: 2240 abort: 249760 (0/249760/0), network size: 0, avg network size: 0, si_in_serializable: 0 0 %, local: 0 %
I0319 14:58:44.027655 54090 Coordinator.h:152] average commit: 1911.7 abort: 247088 (0/247088/0), network size: 0, avg network size: 0, si_in_serializable: 0 0 %, local: 0 %
I0319 14:58:44.027701 54090 AriaExecutor.h:535] Worker 0 latency: 1143381 us (50%) 2676328 us (75%) 19251777 us (95%) 23812044 us (99%).
I0319 14:58:44.043177 54116 AriaExecutor.h:94] AriaExecutor 6 exits. 
I0319 14:58:44.043177 54112 AriaExecutor.h:94] AriaExecutor 2 exits. 
I0319 14:58:44.043183 54120 AriaExecutor.h:94] AriaExecutor 10 exits. 
I0319 14:58:44.043183 54119 AriaExecutor.h:94] AriaExecutor 9 exits. 
I0319 14:58:44.043185 54114 AriaExecutor.h:94] AriaExecutor 4 exits. 
I0319 14:58:44.043177 54113 AriaExecutor.h:94] AriaExecutor 3 exits. 
I0319 14:58:44.043195 54115 AriaExecutor.h:94] AriaExecutor 5 exits. 
I0319 14:58:44.043190 54122 Manager.h:227] Manager(worker id = 12) on the coordinator node exits.
I0319 14:58:44.043185 54118 AriaExecutor.h:94] AriaExecutor 8 exits. 
I0319 14:58:44.043187 54111 AriaExecutor.h:94] AriaExecutor 1 exits. 
I0319 14:58:44.043184 54110 AriaExecutor.h:94] AriaExecutor 0 exits. 
I0319 14:58:44.043180 54121 AriaExecutor.h:94] AriaExecutor 11 exits. 
I0319 14:58:44.043177 54117 AriaExecutor.h:94] AriaExecutor 7 exits. 
I0319 14:58:44.043458 54090 AriaExecutor.h:535] Worker 1 latency: 664130 us (50%) 1503424 us (75%) 16129782 us (95%) 23233775 us (99%).
I0319 14:58:44.043996 54090 AriaExecutor.h:535] Worker 2 latency: 635958 us (50%) 1431260 us (75%) 7602288 us (95%) 20892477 us (99%).
I0319 14:58:44.044509 54090 AriaExecutor.h:535] Worker 3 latency: 559776 us (50%) 1242517 us (75%) 3389939 us (95%) 19347805 us (99%).
I0319 14:58:44.044974 54090 AriaExecutor.h:535] Worker 4 latency: 635846 us (50%) 1315105 us (75%) 3123798 us (95%) 19155866 us (99%).
I0319 14:58:44.045547 54090 AriaExecutor.h:535] Worker 5 latency: 785538 us (50%) 1526626 us (75%) 3454892 us (95%) 17272673 us (99%).
I0319 14:58:44.046181 54090 AriaExecutor.h:535] Worker 6 latency: 684392 us (50%) 1398903 us (75%) 3075901 us (95%) 14130220 us (99%).
I0319 14:58:44.046754 54090 AriaExecutor.h:535] Worker 7 latency: 635403 us (50%) 1328328 us (75%) 2907100 us (95%) 15021610 us (99%).
I0319 14:58:44.047312 54090 AriaExecutor.h:535] Worker 8 latency: 586266 us (50%) 1192275 us (75%) 2567719 us (95%) 13721871 us (99%).
I0319 14:58:44.047832 54090 AriaExecutor.h:535] Worker 9 latency: 611401 us (50%) 1313443 us (75%) 2761757 us (95%) 12561387 us (99%).
I0319 14:58:44.048385 54090 AriaExecutor.h:535] Worker 10 latency: 539674 us (50%) 1181707 us (75%) 2544362 us (95%) 6792267 us (99%).
I0319 14:58:44.048877 54090 AriaExecutor.h:535] Worker 11 latency: 708934 us (50%) 1409468 us (75%) 2912489 us (95%) 7949185 us (99%).
I0319 14:58:44.049450 54090 Coordinator.h:177] total commit: 1911.7
I0319 14:58:45.049654 54090 Coordinator.h:192] Coordinator exits.
