I0319 15:25:06.605710 61809 Database.h:65] ycsb initialization finished in 100 milliseconds.
I0319 15:25:06.605944 61809 Coordinator.h:30] Coordinator initializes 12 workers.
I0319 15:25:06.735404 61809 Coordinator.h:77] Coordinator starts to run 13 workers.
I0319 15:25:06.735497 61825 AriaExecutor.h:94] AriaExecutor 0 started. 
I0319 15:25:06.735543 61826 AriaExecutor.h:94] AriaExecutor 1 started. 
I0319 15:25:06.735651 61827 AriaExecutor.h:94] AriaExecutor 2 started. 
I0319 15:25:06.735713 61828 AriaExecutor.h:94] AriaExecutor 3 started. 
I0319 15:25:06.735777 61829 AriaExecutor.h:94] AriaExecutor 4 started. 
I0319 15:25:06.735860 61830 AriaExecutor.h:94] AriaExecutor 5 started. 
I0319 15:25:06.735910 61831 AriaExecutor.h:94] AriaExecutor 6 started. 
I0319 15:25:06.735967 61832 AriaExecutor.h:94] AriaExecutor 7 started. 
I0319 15:25:06.736052 61833 AriaExecutor.h:94] AriaExecutor 8 started. 
I0319 15:25:06.736171 61834 AriaExecutor.h:94] AriaExecutor 9 started. 
I0319 15:25:06.736222 61835 AriaExecutor.h:94] AriaExecutor 10 started. 
I0319 15:25:06.736346 61836 AriaExecutor.h:94] AriaExecutor 11 started. 
I0319 15:25:06.736461 61837 Manager.h:224] Manager(worker id = 12) on the coordinator node started.
I0319 15:25:07.736467 61809 Coordinator.h:126] commit: 13352 abort: 121648 (0/121648/0), network size: 0, avg network size: 0, si_in_serializable: 0 0 %, local: 0 %
I0319 15:25:08.736642 61809 Coordinator.h:126] commit: 14908 abort: 155092 (0/155092/0), network size: 0, avg network size: 0, si_in_serializable: 0 0 %, local: 0 %
I0319 15:25:09.736845 61809 Coordinator.h:126] commit: 16835 abort: 173165 (0/173165/0), network size: 0, avg network size: 0, si_in_serializable: 0 0 %, local: 0 %
I0319 15:25:10.737015 61809 Coordinator.h:126] commit: 16458 abort: 168542 (0/168542/0), network size: 0, avg network size: 0, si_in_serializable: 0 0 %, local: 0 %
I0319 15:25:11.737145 61809 Coordinator.h:126] commit: 16676 abort: 168324 (0/168324/0), network size: 0, avg network size: 0, si_in_serializable: 0 0 %, local: 0 %
I0319 15:25:12.737282 61809 Coordinator.h:126] commit: 16356 abort: 163644 (0/163644/0), network size: 0, avg network size: 0, si_in_serializable: 0 0 %, local: 0 %
I0319 15:25:13.737422 61809 Coordinator.h:126] commit: 15794 abort: 164206 (0/164206/0), network size: 0, avg network size: 0, si_in_serializable: 0 0 %, local: 0 %
I0319 15:25:14.737604 61809 Coordinator.h:126] commit: 16056 abort: 158944 (0/158944/0), network size: 0, avg network size: 0, si_in_serializable: 0 0 %, local: 0 %
I0319 15:25:15.737758 61809 Coordinator.h:126] commit: 15912 abort: 164088 (0/164088/0), network size: 0, avg network size: 0, si_in_serializable: 0 0 %, local: 0 %
I0319 15:25:16.737877 61809 Coordinator.h:126] commit: 15886 abort: 154114 (0/154114/0), network size: 0, avg network size: 0, si_in_serializable: 0 0 %, local: 0 %
I0319 15:25:17.738014 61809 Coordinator.h:126] commit: 15381 abort: 159619 (0/159619/0), network size: 0, avg network size: 0, si_in_serializable: 0 0 %, local: 0 %
I0319 15:25:18.738170 61809 Coordinator.h:126] commit: 14982 abort: 155018 (0/155018/0), network size: 0, avg network size: 0, si_in_serializable: 0 0 %, local: 0 %
I0319 15:25:19.738312 61809 Coordinator.h:126] commit: 16604 abort: 158396 (0/158396/0), network size: 0, avg network size: 0, si_in_serializable: 0 0 %, local: 0 %
I0319 15:25:20.738438 61809 Coordinator.h:126] commit: 15567 abort: 154433 (0/154433/0), network size: 0, avg network size: 0, si_in_serializable: 0 0 %, local: 0 %
I0319 15:25:21.738562 61809 Coordinator.h:126] commit: 14883 abort: 155117 (0/155117/0), network size: 0, avg network size: 0, si_in_serializable: 0 0 %, local: 0 %
I0319 15:25:22.738696 61809 Coordinator.h:126] commit: 15020 abort: 154980 (0/154980/0), network size: 0, avg network size: 0, si_in_serializable: 0 0 %, local: 0 %
I0319 15:25:23.738891 61809 Coordinator.h:126] commit: 15580 abort: 154420 (0/154420/0), network size: 0, avg network size: 0, si_in_serializable: 0 0 %, local: 0 %
I0319 15:25:24.739049 61809 Coordinator.h:126] commit: 15107 abort: 159893 (0/159893/0), network size: 0, avg network size: 0, si_in_serializable: 0 0 %, local: 0 %
I0319 15:25:25.739180 61809 Coordinator.h:126] commit: 15493 abort: 154507 (0/154507/0), network size: 0, avg network size: 0, si_in_serializable: 0 0 %, local: 0 %
I0319 15:25:26.739306 61809 Coordinator.h:126] commit: 15895 abort: 159105 (0/159105/0), network size: 0, avg network size: 0, si_in_serializable: 0 0 %, local: 0 %
I0319 15:25:27.739442 61809 Coordinator.h:126] commit: 15624 abort: 154376 (0/154376/0), network size: 0, avg network size: 0, si_in_serializable: 0 0 %, local: 0 %
I0319 15:25:28.739603 61809 Coordinator.h:126] commit: 15750 abort: 159250 (0/159250/0), network size: 0, avg network size: 0, si_in_serializable: 0 0 %, local: 0 %
I0319 15:25:29.739753 61809 Coordinator.h:126] commit: 15298 abort: 154702 (0/154702/0), network size: 0, avg network size: 0, si_in_serializable: 0 0 %, local: 0 %
I0319 15:25:30.739871 61809 Coordinator.h:126] commit: 15749 abort: 159251 (0/159251/0), network size: 0, avg network size: 0, si_in_serializable: 0 0 %, local: 0 %
I0319 15:25:31.739993 61809 Coordinator.h:126] commit: 16298 abort: 158702 (0/158702/0), network size: 0, avg network size: 0, si_in_serializable: 0 0 %, local: 0 %
I0319 15:25:31.740033 61809 Coordinator.h:152] average commit: 15451.2 abort: 156549 (0/156549/0), network size: 0, avg network size: 0, si_in_serializable: 0 0 %, local: 0 %
I0319 15:25:31.740078 61809 AriaExecutor.h:646] Worker 0 latency: 325201 us (50%) 384239 us (75%) 481961 us (95%) 1079728 us (99%).
I0319 15:25:31.754053 61828 AriaExecutor.h:106] AriaExecutor 3 exits. 
I0319 15:25:31.754078 61825 AriaExecutor.h:106] AriaExecutor 0 exits. 
I0319 15:25:31.754066 61835 AriaExecutor.h:106] AriaExecutor 10 exits. 
I0319 15:25:31.754053 61830 AriaExecutor.h:106] AriaExecutor 5 exits. 
I0319 15:25:31.754070 61829 AriaExecutor.h:106] AriaExecutor 4 exits. 
I0319 15:25:31.754076 61837 Manager.h:227] Manager(worker id = 12) on the coordinator node exits.
I0319 15:25:31.754065 61833 AriaExecutor.h:106] AriaExecutor 8 exits. 
I0319 15:25:31.754067 61836 AriaExecutor.h:106] AriaExecutor 11 exits. 
I0319 15:25:31.754076 61832 AriaExecutor.h:106] AriaExecutor 7 exits. 
I0319 15:25:31.754077 61831 AriaExecutor.h:106] AriaExecutor 6 exits. 
I0319 15:25:31.754065 61834 AriaExecutor.h:106] AriaExecutor 9 exits. 
I0319 15:25:31.754053 61826 AriaExecutor.h:106] AriaExecutor 1 exits. 
I0319 15:25:31.754066 61827 AriaExecutor.h:106] AriaExecutor 2 exits. 
I0319 15:25:31.754307 61809 AriaExecutor.h:646] Worker 1 latency: 325861 us (50%) 383731 us (75%) 454589 us (95%) 717664 us (99%).
I0319 15:25:31.759852 61809 AriaExecutor.h:646] Worker 2 latency: 326386 us (50%) 383786 us (75%) 455466 us (95%) 676809 us (99%).
I0319 15:25:31.765364 61809 AriaExecutor.h:646] Worker 3 latency: 326201 us (50%) 383256 us (75%) 448530 us (95%) 634180 us (99%).
I0319 15:25:31.770448 61809 AriaExecutor.h:646] Worker 4 latency: 326841 us (50%) 383938 us (75%) 457724 us (95%) 645838 us (99%).
I0319 15:25:31.773910 61809 AriaExecutor.h:646] Worker 5 latency: 319785 us (50%) 381488 us (75%) 447612 us (95%) 620104 us (99%).
I0319 15:25:31.777377 61809 AriaExecutor.h:646] Worker 6 latency: 325181 us (50%) 383035 us (75%) 452978 us (95%) 644481 us (99%).
I0319 15:25:31.780285 61809 AriaExecutor.h:646] Worker 7 latency: 327090 us (50%) 383866 us (75%) 451004 us (95%) 611563 us (99%).
I0319 15:25:31.782616 61809 AriaExecutor.h:646] Worker 8 latency: 326151 us (50%) 383584 us (75%) 452713 us (95%) 616823 us (99%).
I0319 15:25:31.784974 61809 AriaExecutor.h:646] Worker 9 latency: 326907 us (50%) 383769 us (75%) 451656 us (95%) 617193 us (99%).
I0319 15:25:31.787293 61809 AriaExecutor.h:646] Worker 10 latency: 325421 us (50%) 383142 us (75%) 447818 us (95%) 589861 us (99%).
I0319 15:25:31.789628 61809 AriaExecutor.h:646] Worker 11 latency: 326914 us (50%) 383792 us (75%) 447546 us (95%) 589074 us (99%).
I0319 15:25:31.791647 61809 Coordinator.h:177] total commit: 15451.2
I0319 15:25:32.791850 61809 Coordinator.h:192] Coordinator exits.
