I0319 08:26:14.632017 4168963 Database.h:65] ycsb initialization finished in 108 milliseconds.
I0319 08:26:14.632269 4168963 Coordinator.h:30] Coordinator initializes 12 workers.
I0319 08:26:14.669721 4168963 Coordinator.h:77] Coordinator starts to run 13 workers.
I0319 08:26:14.669807 4168979 AriaExecutor.h:94] AriaExecutor 0 started. 
I0319 08:26:14.669843 4168980 AriaExecutor.h:94] AriaExecutor 1 started. 
I0319 08:26:14.669971 4168981 AriaExecutor.h:94] AriaExecutor 2 started. 
I0319 08:26:14.669991 4168982 AriaExecutor.h:94] AriaExecutor 3 started. 
I0319 08:26:14.670125 4168984 AriaExecutor.h:94] AriaExecutor 5 started. 
I0319 08:26:14.670135 4168983 AriaExecutor.h:94] AriaExecutor 4 started. 
I0319 08:26:14.670248 4168985 AriaExecutor.h:94] AriaExecutor 6 started. 
I0319 08:26:14.670365 4168986 AriaExecutor.h:94] AriaExecutor 7 started. 
I0319 08:26:14.670485 4168987 AriaExecutor.h:94] AriaExecutor 8 started. 
I0319 08:26:14.670544 4168988 AriaExecutor.h:94] AriaExecutor 9 started. 
I0319 08:26:14.670620 4168989 AriaExecutor.h:94] AriaExecutor 10 started. 
I0319 08:26:14.670713 4168990 AriaExecutor.h:94] AriaExecutor 11 started. 
I0319 08:26:14.670838 4168991 Manager.h:224] Manager(worker id = 12) on the coordinator node started.
I0319 08:26:15.670837 4168963 Coordinator.h:126] commit: 4716 abort: 98284 (0/98284/0), network size: 0, avg network size: 0, si_in_serializable: 0 0 %, local: 0 %
I0319 08:26:16.671007 4168963 Coordinator.h:126] commit: 5227 abort: 113773 (0/113773/0), network size: 0, avg network size: 0, si_in_serializable: 0 0 %, local: 0 %
I0319 08:26:17.671209 4168963 Coordinator.h:126] commit: 5716 abort: 121284 (0/121284/0), network size: 0, avg network size: 0, si_in_serializable: 0 0 %, local: 0 %
I0319 08:26:18.671346 4168963 Coordinator.h:126] commit: 5804 abort: 122196 (0/122196/0), network size: 0, avg network size: 0, si_in_serializable: 0 0 %, local: 0 %
I0319 08:26:19.671458 4168963 Coordinator.h:126] commit: 5797 abort: 122203 (0/122203/0), network size: 0, avg network size: 0, si_in_serializable: 0 0 %, local: 0 %
I0319 08:26:20.671568 4168963 Coordinator.h:126] commit: 5790 abort: 122210 (0/122210/0), network size: 0, avg network size: 0, si_in_serializable: 0 0 %, local: 0 %
I0319 08:26:21.671698 4168963 Coordinator.h:126] commit: 5765 abort: 121235 (0/121235/0), network size: 0, avg network size: 0, si_in_serializable: 0 0 %, local: 0 %
I0319 08:26:22.671897 4168963 Coordinator.h:126] commit: 5777 abort: 122223 (0/122223/0), network size: 0, avg network size: 0, si_in_serializable: 0 0 %, local: 0 %
I0319 08:26:23.672045 4168963 Coordinator.h:126] commit: 5900 abort: 122100 (0/122100/0), network size: 0, avg network size: 0, si_in_serializable: 0 0 %, local: 0 %
I0319 08:26:24.672159 4168963 Coordinator.h:126] commit: 5805 abort: 122195 (0/122195/0), network size: 0, avg network size: 0, si_in_serializable: 0 0 %, local: 0 %
I0319 08:26:25.672271 4168963 Coordinator.h:126] commit: 5862 abort: 122138 (0/122138/0), network size: 0, avg network size: 0, si_in_serializable: 0 0 %, local: 0 %
I0319 08:26:26.672400 4168963 Coordinator.h:126] commit: 5830 abort: 122170 (0/122170/0), network size: 0, avg network size: 0, si_in_serializable: 0 0 %, local: 0 %
I0319 08:26:27.672544 4168963 Coordinator.h:126] commit: 5854 abort: 122146 (0/122146/0), network size: 0, avg network size: 0, si_in_serializable: 0 0 %, local: 0 %
I0319 08:26:28.672662 4168963 Coordinator.h:126] commit: 5714 abort: 121286 (0/121286/0), network size: 0, avg network size: 0, si_in_serializable: 0 0 %, local: 0 %
I0319 08:26:29.672780 4168963 Coordinator.h:126] commit: 5912 abort: 122088 (0/122088/0), network size: 0, avg network size: 0, si_in_serializable: 0 0 %, local: 0 %
I0319 08:26:30.672897 4168963 Coordinator.h:126] commit: 5799 abort: 122201 (0/122201/0), network size: 0, avg network size: 0, si_in_serializable: 0 0 %, local: 0 %
I0319 08:26:31.673019 4168963 Coordinator.h:126] commit: 5870 abort: 122130 (0/122130/0), network size: 0, avg network size: 0, si_in_serializable: 0 0 %, local: 0 %
I0319 08:26:32.673142 4168963 Coordinator.h:126] commit: 5851 abort: 122149 (0/122149/0), network size: 0, avg network size: 0, si_in_serializable: 0 0 %, local: 0 %
I0319 08:26:33.673321 4168963 Coordinator.h:126] commit: 5733 abort: 122195 (0/122195/0), network size: 0, avg network size: 0, si_in_serializable: 0 0 %, local: 0 %
I0319 08:26:34.673466 4168963 Coordinator.h:126] commit: 5790 abort: 121282 (0/121282/0), network size: 0, avg network size: 0, si_in_serializable: 0 0 %, local: 0 %
I0319 08:26:35.673589 4168963 Coordinator.h:126] commit: 5877 abort: 122123 (0/122123/0), network size: 0, avg network size: 0, si_in_serializable: 0 0 %, local: 0 %
I0319 08:26:36.673707 4168963 Coordinator.h:126] commit: 5713 abort: 122287 (0/122287/0), network size: 0, avg network size: 0, si_in_serializable: 0 0 %, local: 0 %
I0319 08:26:37.673834 4168963 Coordinator.h:126] commit: 5904 abort: 122096 (0/122096/0), network size: 0, avg network size: 0, si_in_serializable: 0 0 %, local: 0 %
I0319 08:26:38.673959 4168963 Coordinator.h:126] commit: 5738 abort: 122262 (0/122262/0), network size: 0, avg network size: 0, si_in_serializable: 0 0 %, local: 0 %
I0319 08:26:39.674079 4168963 Coordinator.h:126] commit: 5776 abort: 122224 (0/122224/0), network size: 0, avg network size: 0, si_in_serializable: 0 0 %, local: 0 %
I0319 08:26:39.674116 4168963 Coordinator.h:152] average commit: 5821.5 abort: 121978 (0/121978/0), network size: 0, avg network size: 0, si_in_serializable: 0 0 %, local: 0 %
I0319 08:26:39.674161 4168963 AriaExecutor.h:646] Worker 0 latency: 7556 us (50%) 7747 us (75%) 7916 us (95%) 9415 us (99%).
I0319 08:26:39.678288 4168979 AriaExecutor.h:106] AriaExecutor 0 exits. 
I0319 08:26:39.678289 4168990 AriaExecutor.h:106] AriaExecutor 11 exits. 
I0319 08:26:39.678298 4168985 AriaExecutor.h:106] AriaExecutor 6 exits. 
I0319 08:26:39.678300 4168986 AriaExecutor.h:106] AriaExecutor 7 exits. 
I0319 08:26:39.678288 4168989 AriaExecutor.h:106] AriaExecutor 10 exits. 
I0319 08:26:39.678299 4168981 AriaExecutor.h:106] AriaExecutor 2 exits. 
I0319 08:26:39.678296 4168982 AriaExecutor.h:106] AriaExecutor 3 exits. 
I0319 08:26:39.678304 4168991 Manager.h:227] Manager(worker id = 12) on the coordinator node exits.
I0319 08:26:39.678298 4168988 AriaExecutor.h:106] AriaExecutor 9 exits. 
I0319 08:26:39.678298 4168987 AriaExecutor.h:106] AriaExecutor 8 exits. 
I0319 08:26:39.678297 4168984 AriaExecutor.h:106] AriaExecutor 5 exits. 
I0319 08:26:39.678300 4168983 AriaExecutor.h:106] AriaExecutor 4 exits. 
I0319 08:26:39.678296 4168980 AriaExecutor.h:106] AriaExecutor 1 exits. 
I0319 08:26:39.678575 4168963 AriaExecutor.h:646] Worker 1 latency: 7554 us (50%) 7745 us (75%) 7930 us (95%) 9406 us (99%).
I0319 08:26:39.680620 4168963 AriaExecutor.h:646] Worker 2 latency: 7539 us (50%) 7741 us (75%) 7896 us (95%) 9396 us (99%).
I0319 08:26:39.682572 4168963 AriaExecutor.h:646] Worker 3 latency: 7521 us (50%) 7739 us (75%) 7935 us (95%) 9417 us (99%).
I0319 08:26:39.684477 4168963 AriaExecutor.h:646] Worker 4 latency: 7487 us (50%) 7729 us (75%) 7905 us (95%) 9390 us (99%).
I0319 08:26:39.686373 4168963 AriaExecutor.h:646] Worker 5 latency: 7473 us (50%) 7727 us (75%) 7899 us (95%) 9380 us (99%).
I0319 08:26:39.688073 4168963 AriaExecutor.h:646] Worker 6 latency: 7465 us (50%) 7722 us (75%) 7901 us (95%) 9395 us (99%).
I0319 08:26:39.689718 4168963 AriaExecutor.h:646] Worker 7 latency: 7443 us (50%) 7716 us (75%) 7872 us (95%) 9359 us (99%).
I0319 08:26:39.691326 4168963 AriaExecutor.h:646] Worker 8 latency: 7448 us (50%) 7711 us (75%) 7873 us (95%) 9361 us (99%).
I0319 08:26:39.692943 4168963 AriaExecutor.h:646] Worker 9 latency: 7423 us (50%) 7709 us (75%) 7878 us (95%) 9371 us (99%).
I0319 08:26:39.694510 4168963 AriaExecutor.h:646] Worker 10 latency: 7406 us (50%) 7703 us (75%) 7875 us (95%) 9326 us (99%).
I0319 08:26:39.696079 4168963 AriaExecutor.h:646] Worker 11 latency: 7394 us (50%) 7702 us (75%) 7866 us (95%) 9310 us (99%).
I0319 08:26:39.697343 4168963 Coordinator.h:177] total commit: 5821.5
I0319 08:26:40.697544 4168963 Coordinator.h:192] Coordinator exits.
