I0313 10:23:48.496621 1371712 Database.h:65] ycsb initialization finished in 98 milliseconds.
I0313 10:23:48.496855 1371712 Coordinator.h:30] Coordinator initializes 12 workers.
I0313 10:23:48.535169 1371712 Coordinator.h:77] Coordinator starts to run 13 workers.
I0313 10:23:48.535266 1371728 AriaExecutor.h:82] AriaExecutor 0 started. 
I0313 10:23:48.535344 1371729 AriaExecutor.h:82] AriaExecutor 1 started. 
I0313 10:23:48.535446 1371730 AriaExecutor.h:82] AriaExecutor 2 started. 
I0313 10:23:48.535542 1371731 AriaExecutor.h:82] AriaExecutor 3 started. 
I0313 10:23:48.535634 1371732 AriaExecutor.h:82] AriaExecutor 4 started. 
I0313 10:23:48.535727 1371733 AriaExecutor.h:82] AriaExecutor 5 started. 
I0313 10:23:48.535827 1371734 AriaExecutor.h:82] AriaExecutor 6 started. 
I0313 10:23:48.535917 1371735 AriaExecutor.h:82] AriaExecutor 7 started. 
I0313 10:23:48.536017 1371736 AriaExecutor.h:82] AriaExecutor 8 started. 
I0313 10:23:48.536087 1371737 AriaExecutor.h:82] AriaExecutor 9 started. 
I0313 10:23:48.536314 1371738 AriaExecutor.h:82] AriaExecutor 10 started. 
I0313 10:23:48.536527 1371739 AriaExecutor.h:82] AriaExecutor 11 started. 
I0313 10:23:48.536684 1371740 Manager.h:224] Manager(worker id = 12) on the coordinator node started.
I0313 10:23:49.536757 1371712 Coordinator.h:126] commit: 789 abort: 121211 (0/121211/0), network size: 0, avg network size: 0, si_in_serializable: 0 0 %, local: 0 %
I0313 10:23:50.536921 1371712 Coordinator.h:126] commit: 813 abort: 124187 (0/124187/0), network size: 0, avg network size: 0, si_in_serializable: 0 0 %, local: 0 %
I0313 10:23:51.537211 1371712 Coordinator.h:126] commit: 816 abort: 125184 (0/125184/0), network size: 0, avg network size: 0, si_in_serializable: 0 0 %, local: 0 %
I0313 10:23:52.537400 1371712 Coordinator.h:126] commit: 856 abort: 126144 (0/126144/0), network size: 0, avg network size: 0, si_in_serializable: 0 0 %, local: 0 %
I0313 10:23:53.537534 1371712 Coordinator.h:126] commit: 828 abort: 125172 (0/125172/0), network size: 0, avg network size: 0, si_in_serializable: 0 0 %, local: 0 %
I0313 10:23:54.537676 1371712 Coordinator.h:126] commit: 806 abort: 125194 (0/125194/0), network size: 0, avg network size: 0, si_in_serializable: 0 0 %, local: 0 %
I0313 10:23:55.537820 1371712 Coordinator.h:126] commit: 822 abort: 125178 (0/125178/0), network size: 0, avg network size: 0, si_in_serializable: 0 0 %, local: 0 %
I0313 10:23:56.538030 1371712 Coordinator.h:126] commit: 830 abort: 126170 (0/126170/0), network size: 0, avg network size: 0, si_in_serializable: 0 0 %, local: 0 %
I0313 10:23:57.538192 1371712 Coordinator.h:126] commit: 815 abort: 125185 (0/125185/0), network size: 0, avg network size: 0, si_in_serializable: 0 0 %, local: 0 %
I0313 10:23:58.538326 1371712 Coordinator.h:126] commit: 808 abort: 125192 (0/125192/0), network size: 0, avg network size: 0, si_in_serializable: 0 0 %, local: 0 %
I0313 10:23:59.538450 1371712 Coordinator.h:126] commit: 855 abort: 126145 (0/126145/0), network size: 0, avg network size: 0, si_in_serializable: 0 0 %, local: 0 %
I0313 10:24:00.538559 1371712 Coordinator.h:126] commit: 794 abort: 125206 (0/125206/0), network size: 0, avg network size: 0, si_in_serializable: 0 0 %, local: 0 %
I0313 10:24:01.538689 1371712 Coordinator.h:126] commit: 877 abort: 125123 (0/125123/0), network size: 0, avg network size: 0, si_in_serializable: 0 0 %, local: 0 %
I0313 10:24:02.538822 1371712 Coordinator.h:126] commit: 820 abort: 126180 (0/126180/0), network size: 0, avg network size: 0, si_in_serializable: 0 0 %, local: 0 %
I0313 10:24:03.538951 1371712 Coordinator.h:126] commit: 835 abort: 125165 (0/125165/0), network size: 0, avg network size: 0, si_in_serializable: 0 0 %, local: 0 %
I0313 10:24:04.539083 1371712 Coordinator.h:126] commit: 867 abort: 124133 (0/124133/0), network size: 0, avg network size: 0, si_in_serializable: 0 0 %, local: 0 %
I0313 10:24:05.539219 1371712 Coordinator.h:126] commit: 795 abort: 126205 (0/126205/0), network size: 0, avg network size: 0, si_in_serializable: 0 0 %, local: 0 %
I0313 10:24:06.539347 1371712 Coordinator.h:126] commit: 815 abort: 125185 (0/125185/0), network size: 0, avg network size: 0, si_in_serializable: 0 0 %, local: 0 %
I0313 10:24:07.539470 1371712 Coordinator.h:126] commit: 758 abort: 125242 (0/125242/0), network size: 0, avg network size: 0, si_in_serializable: 0 0 %, local: 0 %
I0313 10:24:08.539654 1371712 Coordinator.h:126] commit: 812 abort: 125188 (0/125188/0), network size: 0, avg network size: 0, si_in_serializable: 0 0 %, local: 0 %
I0313 10:24:09.539806 1371712 Coordinator.h:126] commit: 830 abort: 126170 (0/126170/0), network size: 0, avg network size: 0, si_in_serializable: 0 0 %, local: 0 %
I0313 10:24:10.539947 1371712 Coordinator.h:126] commit: 813 abort: 125187 (0/125187/0), network size: 0, avg network size: 0, si_in_serializable: 0 0 %, local: 0 %
I0313 10:24:11.540095 1371712 Coordinator.h:126] commit: 790 abort: 125210 (0/125210/0), network size: 0, avg network size: 0, si_in_serializable: 0 0 %, local: 0 %
I0313 10:24:12.540268 1371712 Coordinator.h:126] commit: 828 abort: 125172 (0/125172/0), network size: 0, avg network size: 0, si_in_serializable: 0 0 %, local: 0 %
I0313 10:24:13.540408 1371712 Coordinator.h:126] commit: 834 abort: 125166 (0/125166/0), network size: 0, avg network size: 0, si_in_serializable: 0 0 %, local: 0 %
I0313 10:24:13.540460 1371712 Coordinator.h:152] average commit: 822.8 abort: 125377 (0/125377/0), network size: 0, avg network size: 0, si_in_serializable: 0 0 %, local: 0 %
I0313 10:24:13.540503 1371712 AriaExecutor.h:535] Worker 0 latency: 7892 us (50%) 7933 us (75%) 8010 us (95%) 8087 us (99%).
I0313 10:24:13.541850 1371736 AriaExecutor.h:94] AriaExecutor 8 exits. 
I0313 10:24:13.541850 1371732 AriaExecutor.h:94] AriaExecutor 4 exits. 
I0313 10:24:13.541851 1371735 AriaExecutor.h:94] AriaExecutor 7 exits. 
I0313 10:24:13.541850 1371737 AriaExecutor.h:94] AriaExecutor 9 exits. 
I0313 10:24:13.541868 1371740 Manager.h:227] Manager(worker id = 12) on the coordinator node exits.
I0313 10:24:13.541862 1371739 AriaExecutor.h:94] AriaExecutor 11 exits. 
I0313 10:24:13.541850 1371733 AriaExecutor.h:94] AriaExecutor 5 exits. 
I0313 10:24:13.541850 1371730 AriaExecutor.h:94] AriaExecutor 2 exits. 
I0313 10:24:13.541850 1371734 AriaExecutor.h:94] AriaExecutor 6 exits. 
I0313 10:24:13.541850 1371728 AriaExecutor.h:94] AriaExecutor 0 exits. 
I0313 10:24:13.541850 1371731 AriaExecutor.h:94] AriaExecutor 3 exits. 
I0313 10:24:13.541850 1371729 AriaExecutor.h:94] AriaExecutor 1 exits. 
I0313 10:24:13.541863 1371738 AriaExecutor.h:94] AriaExecutor 10 exits. 
I0313 10:24:13.542132 1371712 AriaExecutor.h:535] Worker 1 latency: 7889 us (50%) 7929 us (75%) 8004 us (95%) 8078 us (99%).
I0313 10:24:13.542544 1371712 AriaExecutor.h:535] Worker 2 latency: 7881 us (50%) 7925 us (75%) 8001 us (95%) 8089 us (99%).
I0313 10:24:13.542866 1371712 AriaExecutor.h:535] Worker 3 latency: 7876 us (50%) 7922 us (75%) 7999 us (95%) 8078 us (99%).
I0313 10:24:13.543121 1371712 AriaExecutor.h:535] Worker 4 latency: 7868 us (50%) 7916 us (75%) 7996 us (95%) 8076 us (99%).
I0313 10:24:13.543403 1371712 AriaExecutor.h:535] Worker 5 latency: 7863 us (50%) 7913 us (75%) 8000 us (95%) 8069 us (99%).
I0313 10:24:13.543627 1371712 AriaExecutor.h:535] Worker 6 latency: 7859 us (50%) 7912 us (75%) 7991 us (95%) 8077 us (99%).
I0313 10:24:13.543830 1371712 AriaExecutor.h:535] Worker 7 latency: 7855 us (50%) 7904 us (75%) 7978 us (95%) 8046 us (99%).
I0313 10:24:13.544015 1371712 AriaExecutor.h:535] Worker 8 latency: 7846 us (50%) 7898 us (75%) 7976 us (95%) 8060 us (99%).
I0313 10:24:13.544196 1371712 AriaExecutor.h:535] Worker 9 latency: 7845 us (50%) 7905 us (75%) 7977 us (95%) 8060 us (99%).
I0313 10:24:13.544389 1371712 AriaExecutor.h:535] Worker 10 latency: 7837 us (50%) 7898 us (75%) 7969 us (95%) 8032 us (99%).
I0313 10:24:13.544545 1371712 AriaExecutor.h:535] Worker 11 latency: 7837 us (50%) 7892 us (75%) 7975 us (95%) 8056 us (99%).
I0313 10:24:13.544718 1371712 Coordinator.h:177] total commit: 822.8
I0313 10:24:14.544945 1371712 Coordinator.h:192] Coordinator exits.
