I0313 10:33:34.224197 1375796 Database.h:65] ycsb initialization finished in 96 milliseconds.
I0313 10:33:34.224421 1375796 Coordinator.h:30] Coordinator initializes 12 workers.
I0313 10:33:34.263998 1375796 Coordinator.h:77] Coordinator starts to run 13 workers.
I0313 10:33:34.264086 1375812 AriaExecutor.h:91] AriaExecutor 0 started. 
I0313 10:33:34.264132 1375813 AriaExecutor.h:91] AriaExecutor 1 started. 
I0313 10:33:34.264219 1375814 AriaExecutor.h:91] AriaExecutor 2 started. 
I0313 10:33:34.264312 1375815 AriaExecutor.h:91] AriaExecutor 3 started. 
I0313 10:33:34.264387 1375816 AriaExecutor.h:91] AriaExecutor 4 started. 
I0313 10:33:34.264452 1375817 AriaExecutor.h:91] AriaExecutor 5 started. 
I0313 10:33:34.264513 1375818 AriaExecutor.h:91] AriaExecutor 6 started. 
I0313 10:33:34.264583 1375819 AriaExecutor.h:91] AriaExecutor 7 started. 
I0313 10:33:34.264663 1375820 AriaExecutor.h:91] AriaExecutor 8 started. 
I0313 10:33:34.264775 1375821 AriaExecutor.h:91] AriaExecutor 9 started. 
I0313 10:33:34.264904 1375822 AriaExecutor.h:91] AriaExecutor 10 started. 
I0313 10:33:34.265014 1375823 AriaExecutor.h:91] AriaExecutor 11 started. 
I0313 10:33:34.265132 1375824 Manager.h:224] Manager(worker id = 12) on the coordinator node started.
I0313 10:33:35.265172 1375796 Coordinator.h:126] commit: 388161 abort: 138839 (0/138839/0), network size: 0, avg network size: 0, si_in_serializable: 0 0 %, local: 0 %
I0313 10:33:36.265313 1375796 Coordinator.h:126] commit: 391308 abort: 139692 (0/139692/0), network size: 0, avg network size: 0, si_in_serializable: 0 0 %, local: 0 %
I0313 10:33:37.265461 1375796 Coordinator.h:126] commit: 393854 abort: 141146 (0/141146/0), network size: 0, avg network size: 0, si_in_serializable: 0 0 %, local: 0 %
I0313 10:33:38.265587 1375796 Coordinator.h:126] commit: 394384 abort: 140616 (0/140616/0), network size: 0, avg network size: 0, si_in_serializable: 0 0 %, local: 0 %
I0313 10:33:39.265700 1375796 Coordinator.h:126] commit: 393161 abort: 140839 (0/140839/0), network size: 0, avg network size: 0, si_in_serializable: 0 0 %, local: 0 %
I0313 10:33:40.265820 1375796 Coordinator.h:126] commit: 393320 abort: 140680 (0/140680/0), network size: 0, avg network size: 0, si_in_serializable: 0 0 %, local: 0 %
I0313 10:33:41.265934 1375796 Coordinator.h:126] commit: 396120 abort: 141880 (0/141880/0), network size: 0, avg network size: 0, si_in_serializable: 0 0 %, local: 0 %
I0313 10:33:42.266084 1375796 Coordinator.h:126] commit: 392629 abort: 140371 (0/140371/0), network size: 0, avg network size: 0, si_in_serializable: 0 0 %, local: 0 %
I0313 10:33:43.266209 1375796 Coordinator.h:126] commit: 386637 abort: 138363 (0/138363/0), network size: 0, avg network size: 0, si_in_serializable: 0 0 %, local: 0 %
I0313 10:33:44.266324 1375796 Coordinator.h:126] commit: 395320 abort: 141680 (0/141680/0), network size: 0, avg network size: 0, si_in_serializable: 0 0 %, local: 0 %
I0313 10:33:45.266470 1375796 Coordinator.h:126] commit: 394657 abort: 141343 (0/141343/0), network size: 0, avg network size: 0, si_in_serializable: 0 0 %, local: 0 %
I0313 10:33:46.266597 1375796 Coordinator.h:126] commit: 394527 abort: 142473 (0/142473/0), network size: 0, avg network size: 0, si_in_serializable: 0 0 %, local: 0 %
I0313 10:33:47.266710 1375796 Coordinator.h:126] commit: 393961 abort: 142039 (0/142039/0), network size: 0, avg network size: 0, si_in_serializable: 0 0 %, local: 0 %
I0313 10:33:48.266825 1375796 Coordinator.h:126] commit: 395287 abort: 141713 (0/141713/0), network size: 0, avg network size: 0, si_in_serializable: 0 0 %, local: 0 %
I0313 10:33:49.266975 1375796 Coordinator.h:126] commit: 394707 abort: 141293 (0/141293/0), network size: 0, avg network size: 0, si_in_serializable: 0 0 %, local: 0 %
I0313 10:33:50.267099 1375796 Coordinator.h:126] commit: 386817 abort: 139183 (0/139183/0), network size: 0, avg network size: 0, si_in_serializable: 0 0 %, local: 0 %
I0313 10:33:51.267213 1375796 Coordinator.h:126] commit: 378455 abort: 135545 (0/135545/0), network size: 0, avg network size: 0, si_in_serializable: 0 0 %, local: 0 %
I0313 10:33:52.267331 1375796 Coordinator.h:126] commit: 395139 abort: 141861 (0/141861/0), network size: 0, avg network size: 0, si_in_serializable: 0 0 %, local: 0 %
I0313 10:33:53.267447 1375796 Coordinator.h:126] commit: 395164 abort: 141836 (0/141836/0), network size: 0, avg network size: 0, si_in_serializable: 0 0 %, local: 0 %
I0313 10:33:54.267570 1375796 Coordinator.h:126] commit: 393240 abort: 140760 (0/140760/0), network size: 0, avg network size: 0, si_in_serializable: 0 0 %, local: 0 %
I0313 10:33:55.267688 1375796 Coordinator.h:126] commit: 396391 abort: 141609 (0/141609/0), network size: 0, avg network size: 0, si_in_serializable: 0 0 %, local: 0 %
I0313 10:33:56.267833 1375796 Coordinator.h:126] commit: 395566 abort: 141434 (0/141434/0), network size: 0, avg network size: 0, si_in_serializable: 0 0 %, local: 0 %
I0313 10:33:57.267956 1375796 Coordinator.h:126] commit: 394689 abort: 142311 (0/142311/0), network size: 0, avg network size: 0, si_in_serializable: 0 0 %, local: 0 %
I0313 10:33:58.268070 1375796 Coordinator.h:126] commit: 396008 abort: 141992 (0/141992/0), network size: 0, avg network size: 0, si_in_serializable: 0 0 %, local: 0 %
I0313 10:33:59.268184 1375796 Coordinator.h:126] commit: 395606 abort: 141394 (0/141394/0), network size: 0, avg network size: 0, si_in_serializable: 0 0 %, local: 0 %
I0313 10:33:59.268224 1375796 Coordinator.h:152] average commit: 392195 abort: 140805 (0/140805/0), network size: 0, avg network size: 0, si_in_serializable: 0 0 %, local: 0 %
I0313 10:33:59.270578 1375812 AriaExecutor.h:103] AriaExecutor 0 exits. 
I0313 10:33:59.270578 1375821 AriaExecutor.h:103] AriaExecutor 9 exits. 
I0313 10:33:59.270582 1375820 AriaExecutor.h:103] AriaExecutor 8 exits. 
I0313 10:33:59.270581 1375814 AriaExecutor.h:103] AriaExecutor 2 exits. 
I0313 10:33:59.270579 1375822 AriaExecutor.h:103] AriaExecutor 10 exits. 
I0313 10:33:59.270579 1375815 AriaExecutor.h:103] AriaExecutor 3 exits. 
I0313 10:33:59.270581 1375824 Manager.h:227] Manager(worker id = 12) on the coordinator node exits.
I0313 10:33:59.270581 1375819 AriaExecutor.h:103] AriaExecutor 7 exits. 
I0313 10:33:59.270581 1375816 AriaExecutor.h:103] AriaExecutor 4 exits. 
I0313 10:33:59.270581 1375817 AriaExecutor.h:103] AriaExecutor 5 exits. 
I0313 10:33:59.270581 1375813 AriaExecutor.h:103] AriaExecutor 1 exits. 
I0313 10:33:59.270581 1375818 AriaExecutor.h:103] AriaExecutor 6 exits. 
I0313 10:33:59.270578 1375823 AriaExecutor.h:103] AriaExecutor 11 exits. 
I0313 10:33:59.268244 1375796 AriaExecutor.h:649] Worker 0 latency: 1175 us (50%) 1532 us (75%) 1787 us (95%) 1834 us (99%).
I0313 10:33:59.309616 1375796 AriaExecutor.h:649] Worker 1 latency: 1180 us (50%) 1534 us (75%) 1787 us (95%) 1834 us (99%).
I0313 10:33:59.350108 1375796 AriaExecutor.h:649] Worker 2 latency: 1177 us (50%) 1533 us (75%) 1787 us (95%) 1834 us (99%).
I0313 10:33:59.391359 1375796 AriaExecutor.h:649] Worker 3 latency: 1178 us (50%) 1533 us (75%) 1787 us (95%) 1834 us (99%).
I0313 10:33:59.432754 1375796 AriaExecutor.h:649] Worker 4 latency: 1185 us (50%) 1536 us (75%) 1787 us (95%) 1834 us (99%).
I0313 10:33:59.472968 1375796 AriaExecutor.h:649] Worker 5 latency: 1183 us (50%) 1535 us (75%) 1787 us (95%) 1834 us (99%).
I0313 10:33:59.513070 1375796 AriaExecutor.h:649] Worker 6 latency: 1184 us (50%) 1535 us (75%) 1787 us (95%) 1834 us (99%).
I0313 10:33:59.553920 1375796 AriaExecutor.h:649] Worker 7 latency: 1184 us (50%) 1535 us (75%) 1786 us (95%) 1833 us (99%).
I0313 10:33:59.594076 1375796 AriaExecutor.h:649] Worker 8 latency: 1184 us (50%) 1535 us (75%) 1786 us (95%) 1834 us (99%).
I0313 10:33:59.634572 1375796 AriaExecutor.h:649] Worker 9 latency: 1183 us (50%) 1535 us (75%) 1786 us (95%) 1834 us (99%).
I0313 10:33:59.675138 1375796 AriaExecutor.h:649] Worker 10 latency: 1185 us (50%) 1536 us (75%) 1786 us (95%) 1833 us (99%).
I0313 10:33:59.715358 1375796 AriaExecutor.h:649] Worker 11 latency: 1183 us (50%) 1534 us (75%) 1786 us (95%) 1833 us (99%).
I0313 10:33:59.756063 1375796 Coordinator.h:177] total commit: 392195
I0313 10:34:00.756278 1375796 Coordinator.h:192] Coordinator exits.
