I0313 10:38:26.751955 1377884 Database.h:65] ycsb initialization finished in 102 milliseconds.
I0313 10:38:26.752162 1377884 Coordinator.h:30] Coordinator initializes 12 workers.
I0313 10:38:26.860755 1377884 Coordinator.h:77] Coordinator starts to run 13 workers.
I0313 10:38:26.860857 1377900 AriaExecutor.h:94] AriaExecutor 0 started. 
I0313 10:38:26.860896 1377901 AriaExecutor.h:94] AriaExecutor 1 started. 
I0313 10:38:26.860972 1377902 AriaExecutor.h:94] AriaExecutor 2 started. 
I0313 10:38:26.861055 1377903 AriaExecutor.h:94] AriaExecutor 3 started. 
I0313 10:38:26.861135 1377904 AriaExecutor.h:94] AriaExecutor 4 started. 
I0313 10:38:26.861196 1377905 AriaExecutor.h:94] AriaExecutor 5 started. 
I0313 10:38:26.861260 1377906 AriaExecutor.h:94] AriaExecutor 6 started. 
I0313 10:38:26.861323 1377907 AriaExecutor.h:94] AriaExecutor 7 started. 
I0313 10:38:26.861399 1377908 AriaExecutor.h:94] AriaExecutor 8 started. 
I0313 10:38:26.861475 1377909 AriaExecutor.h:94] AriaExecutor 9 started. 
I0313 10:38:26.861595 1377910 AriaExecutor.h:94] AriaExecutor 10 started. 
I0313 10:38:26.861719 1377911 AriaExecutor.h:94] AriaExecutor 11 started. 
I0313 10:38:26.861837 1377912 Manager.h:224] Manager(worker id = 12) on the coordinator node started.
I0313 10:38:27.861899 1377884 Coordinator.h:126] commit: 13185 abort: 102815 (0/102815/0), network size: 0, avg network size: 0, si_in_serializable: 0 0 %, local: 0 %
I0313 10:38:28.862061 1377884 Coordinator.h:126] commit: 13984 abort: 110016 (0/110016/0), network size: 0, avg network size: 0, si_in_serializable: 0 0 %, local: 0 %
I0313 10:38:29.862231 1377884 Coordinator.h:126] commit: 14512 abort: 113488 (0/113488/0), network size: 0, avg network size: 0, si_in_serializable: 0 0 %, local: 0 %
I0313 10:38:30.862377 1377884 Coordinator.h:126] commit: 14015 abort: 109985 (0/109985/0), network size: 0, avg network size: 0, si_in_serializable: 0 0 %, local: 0 %
I0313 10:38:31.862506 1377884 Coordinator.h:126] commit: 14435 abort: 113565 (0/113565/0), network size: 0, avg network size: 0, si_in_serializable: 0 0 %, local: 0 %
I0313 10:38:32.862638 1377884 Coordinator.h:126] commit: 14158 abort: 109842 (0/109842/0), network size: 0, avg network size: 0, si_in_serializable: 0 0 %, local: 0 %
I0313 10:38:33.862774 1377884 Coordinator.h:126] commit: 14094 abort: 109906 (0/109906/0), network size: 0, avg network size: 0, si_in_serializable: 0 0 %, local: 0 %
I0313 10:38:34.862950 1377884 Coordinator.h:126] commit: 14654 abort: 113346 (0/113346/0), network size: 0, avg network size: 0, si_in_serializable: 0 0 %, local: 0 %
I0313 10:38:35.863092 1377884 Coordinator.h:126] commit: 14504 abort: 113496 (0/113496/0), network size: 0, avg network size: 0, si_in_serializable: 0 0 %, local: 0 %
I0313 10:38:36.863221 1377884 Coordinator.h:126] commit: 13975 abort: 110025 (0/110025/0), network size: 0, avg network size: 0, si_in_serializable: 0 0 %, local: 0 %
I0313 10:38:37.863356 1377884 Coordinator.h:126] commit: 14517 abort: 113483 (0/113483/0), network size: 0, avg network size: 0, si_in_serializable: 0 0 %, local: 0 %
I0313 10:38:38.863488 1377884 Coordinator.h:126] commit: 14050 abort: 109950 (0/109950/0), network size: 0, avg network size: 0, si_in_serializable: 0 0 %, local: 0 %
I0313 10:38:39.863612 1377884 Coordinator.h:126] commit: 14430 abort: 113570 (0/113570/0), network size: 0, avg network size: 0, si_in_serializable: 0 0 %, local: 0 %
I0313 10:38:40.863739 1377884 Coordinator.h:126] commit: 14057 abort: 109943 (0/109943/0), network size: 0, avg network size: 0, si_in_serializable: 0 0 %, local: 0 %
I0313 10:38:41.863869 1377884 Coordinator.h:126] commit: 14030 abort: 109970 (0/109970/0), network size: 0, avg network size: 0, si_in_serializable: 0 0 %, local: 0 %
I0313 10:38:42.864001 1377884 Coordinator.h:126] commit: 14499 abort: 113501 (0/113501/0), network size: 0, avg network size: 0, si_in_serializable: 0 0 %, local: 0 %
I0313 10:38:43.864127 1377884 Coordinator.h:126] commit: 14509 abort: 113491 (0/113491/0), network size: 0, avg network size: 0, si_in_serializable: 0 0 %, local: 0 %
I0313 10:38:44.864289 1377884 Coordinator.h:126] commit: 14077 abort: 109923 (0/109923/0), network size: 0, avg network size: 0, si_in_serializable: 0 0 %, local: 0 %
I0313 10:38:45.864424 1377884 Coordinator.h:126] commit: 14596 abort: 113404 (0/113404/0), network size: 0, avg network size: 0, si_in_serializable: 0 0 %, local: 0 %
I0313 10:38:46.864555 1377884 Coordinator.h:126] commit: 14105 abort: 109895 (0/109895/0), network size: 0, avg network size: 0, si_in_serializable: 0 0 %, local: 0 %
I0313 10:38:47.864683 1377884 Coordinator.h:126] commit: 13982 abort: 110018 (0/110018/0), network size: 0, avg network size: 0, si_in_serializable: 0 0 %, local: 0 %
I0313 10:38:48.864813 1377884 Coordinator.h:126] commit: 14580 abort: 113420 (0/113420/0), network size: 0, avg network size: 0, si_in_serializable: 0 0 %, local: 0 %
I0313 10:38:49.864943 1377884 Coordinator.h:126] commit: 14333 abort: 113667 (0/113667/0), network size: 0, avg network size: 0, si_in_serializable: 0 0 %, local: 0 %
I0313 10:38:50.865075 1377884 Coordinator.h:126] commit: 14038 abort: 109962 (0/109962/0), network size: 0, avg network size: 0, si_in_serializable: 0 0 %, local: 0 %
I0313 10:38:51.865200 1377884 Coordinator.h:126] commit: 14545 abort: 113455 (0/113455/0), network size: 0, avg network size: 0, si_in_serializable: 0 0 %, local: 0 %
I0313 10:38:51.865244 1377884 Coordinator.h:152] average commit: 14287 abort: 111713 (0/111713/0), network size: 0, avg network size: 0, si_in_serializable: 0 0 %, local: 0 %
I0313 10:38:51.865257 1377884 AriaExecutor.h:625] Worker 0 latency: 30298 us (50%) 30960 us (75%) 31400 us (95%) 33062 us (99%).
I0313 10:38:51.893680 1377905 AriaExecutor.h:106] AriaExecutor 5 exits. 
I0313 10:38:51.893680 1377900 AriaExecutor.h:106] AriaExecutor 0 exits. 
I0313 10:38:51.893682 1377912 Manager.h:227] Manager(worker id = 12) on the coordinator node exits.
I0313 10:38:51.893680 1377909 AriaExecutor.h:106] AriaExecutor 9 exits. 
I0313 10:38:51.893680 1377903 AriaExecutor.h:106] AriaExecutor 3 exits. 
I0313 10:38:51.893680 1377908 AriaExecutor.h:106] AriaExecutor 8 exits. 
I0313 10:38:51.893680 1377906 AriaExecutor.h:106] AriaExecutor 6 exits. 
I0313 10:38:51.893680 1377904 AriaExecutor.h:106] AriaExecutor 4 exits. 
I0313 10:38:51.893680 1377911 AriaExecutor.h:106] AriaExecutor 11 exits. 
I0313 10:38:51.893680 1377907 AriaExecutor.h:106] AriaExecutor 7 exits. 
I0313 10:38:51.893680 1377910 AriaExecutor.h:106] AriaExecutor 10 exits. 
I0313 10:38:51.893680 1377901 AriaExecutor.h:106] AriaExecutor 1 exits. 
I0313 10:38:51.893680 1377902 AriaExecutor.h:106] AriaExecutor 2 exits. 
I0313 10:38:51.893883 1377884 AriaExecutor.h:625] Worker 1 latency: 30304 us (50%) 30962 us (75%) 31398 us (95%) 33026 us (99%).
I0313 10:38:51.895560 1377884 AriaExecutor.h:625] Worker 2 latency: 30309 us (50%) 30967 us (75%) 31399 us (95%) 33048 us (99%).
I0313 10:38:51.897194 1377884 AriaExecutor.h:625] Worker 3 latency: 30316 us (50%) 30961 us (75%) 31400 us (95%) 33021 us (99%).
I0313 10:38:51.898829 1377884 AriaExecutor.h:625] Worker 4 latency: 30301 us (50%) 30961 us (75%) 31396 us (95%) 33022 us (99%).
I0313 10:38:51.900483 1377884 AriaExecutor.h:625] Worker 5 latency: 30311 us (50%) 30965 us (75%) 31402 us (95%) 33066 us (99%).
I0313 10:38:51.902108 1377884 AriaExecutor.h:625] Worker 6 latency: 30309 us (50%) 30964 us (75%) 31398 us (95%) 33037 us (99%).
I0313 10:38:51.903738 1377884 AriaExecutor.h:625] Worker 7 latency: 30299 us (50%) 30958 us (75%) 31396 us (95%) 33041 us (99%).
I0313 10:38:51.905381 1377884 AriaExecutor.h:625] Worker 8 latency: 30295 us (50%) 30962 us (75%) 31395 us (95%) 33047 us (99%).
I0313 10:38:51.906994 1377884 AriaExecutor.h:625] Worker 9 latency: 30298 us (50%) 30962 us (75%) 31398 us (95%) 33081 us (99%).
I0313 10:38:51.908619 1377884 AriaExecutor.h:625] Worker 10 latency: 30302 us (50%) 30964 us (75%) 31393 us (95%) 33053 us (99%).
I0313 10:38:51.910230 1377884 AriaExecutor.h:625] Worker 11 latency: 30292 us (50%) 30958 us (75%) 31392 us (95%) 33069 us (99%).
I0313 10:38:51.911849 1377884 Coordinator.h:177] total commit: 14287
I0313 10:38:52.912041 1377884 Coordinator.h:192] Coordinator exits.
