I0313 10:22:28.644703 1371154 Database.h:65] ycsb initialization finished in 96 milliseconds.
I0313 10:22:28.644919 1371154 Coordinator.h:30] Coordinator initializes 12 workers.
I0313 10:22:28.753731 1371154 Coordinator.h:77] Coordinator starts to run 13 workers.
I0313 10:22:28.753830 1371176 AriaExecutor.h:82] AriaExecutor 0 started. 
I0313 10:22:28.753875 1371177 AriaExecutor.h:82] AriaExecutor 1 started. 
I0313 10:22:28.753981 1371178 AriaExecutor.h:82] AriaExecutor 2 started. 
I0313 10:22:28.754082 1371179 AriaExecutor.h:82] AriaExecutor 3 started. 
I0313 10:22:28.754207 1371180 AriaExecutor.h:82] AriaExecutor 4 started. 
I0313 10:22:28.754314 1371181 AriaExecutor.h:82] AriaExecutor 5 started. 
I0313 10:22:28.754428 1371182 AriaExecutor.h:82] AriaExecutor 6 started. 
I0313 10:22:28.754527 1371183 AriaExecutor.h:82] AriaExecutor 7 started. 
I0313 10:22:28.754627 1371184 AriaExecutor.h:82] AriaExecutor 8 started. 
I0313 10:22:28.754700 1371185 AriaExecutor.h:82] AriaExecutor 9 started. 
I0313 10:22:28.754951 1371186 AriaExecutor.h:82] AriaExecutor 10 started. 
I0313 10:22:28.755147 1371187 AriaExecutor.h:82] AriaExecutor 11 started. 
I0313 10:22:28.755331 1371188 Manager.h:224] Manager(worker id = 12) on the coordinator node started.
I0313 10:22:29.755389 1371154 Coordinator.h:126] commit: 1950 abort: 110050 (0/110050/0), network size: 0, avg network size: 0, si_in_serializable: 0 0 %, local: 0 %
I0313 10:22:30.755574 1371154 Coordinator.h:126] commit: 2024 abort: 113976 (0/113976/0), network size: 0, avg network size: 0, si_in_serializable: 0 0 %, local: 0 %
I0313 10:22:31.755879 1371154 Coordinator.h:126] commit: 1999 abort: 114001 (0/114001/0), network size: 0, avg network size: 0, si_in_serializable: 0 0 %, local: 0 %
I0313 10:22:32.756079 1371154 Coordinator.h:126] commit: 2044 abort: 117956 (0/117956/0), network size: 0, avg network size: 0, si_in_serializable: 0 0 %, local: 0 %
I0313 10:22:33.756233 1371154 Coordinator.h:126] commit: 1970 abort: 114030 (0/114030/0), network size: 0, avg network size: 0, si_in_serializable: 0 0 %, local: 0 %
I0313 10:22:34.756398 1371154 Coordinator.h:126] commit: 2040 abort: 113960 (0/113960/0), network size: 0, avg network size: 0, si_in_serializable: 0 0 %, local: 0 %
I0313 10:22:35.756543 1371154 Coordinator.h:126] commit: 2045 abort: 117955 (0/117955/0), network size: 0, avg network size: 0, si_in_serializable: 0 0 %, local: 0 %
I0313 10:22:36.756696 1371154 Coordinator.h:126] commit: 1930 abort: 114070 (0/114070/0), network size: 0, avg network size: 0, si_in_serializable: 0 0 %, local: 0 %
I0313 10:22:37.756871 1371154 Coordinator.h:126] commit: 1927 abort: 114073 (0/114073/0), network size: 0, avg network size: 0, si_in_serializable: 0 0 %, local: 0 %
I0313 10:22:38.757022 1371154 Coordinator.h:126] commit: 2039 abort: 117961 (0/117961/0), network size: 0, avg network size: 0, si_in_serializable: 0 0 %, local: 0 %
I0313 10:22:39.757170 1371154 Coordinator.h:126] commit: 1979 abort: 114021 (0/114021/0), network size: 0, avg network size: 0, si_in_serializable: 0 0 %, local: 0 %
I0313 10:22:40.757329 1371154 Coordinator.h:126] commit: 2073 abort: 113927 (0/113927/0), network size: 0, avg network size: 0, si_in_serializable: 0 0 %, local: 0 %
I0313 10:22:41.757470 1371154 Coordinator.h:126] commit: 1988 abort: 118012 (0/118012/0), network size: 0, avg network size: 0, si_in_serializable: 0 0 %, local: 0 %
I0313 10:22:42.757613 1371154 Coordinator.h:126] commit: 1988 abort: 114012 (0/114012/0), network size: 0, avg network size: 0, si_in_serializable: 0 0 %, local: 0 %
I0313 10:22:43.757754 1371154 Coordinator.h:126] commit: 2015 abort: 113985 (0/113985/0), network size: 0, avg network size: 0, si_in_serializable: 0 0 %, local: 0 %
I0313 10:22:44.757896 1371154 Coordinator.h:126] commit: 2076 abort: 117924 (0/117924/0), network size: 0, avg network size: 0, si_in_serializable: 0 0 %, local: 0 %
I0313 10:22:45.758095 1371154 Coordinator.h:126] commit: 1942 abort: 114058 (0/114058/0), network size: 0, avg network size: 0, si_in_serializable: 0 0 %, local: 0 %
I0313 10:22:46.758262 1371154 Coordinator.h:126] commit: 2053 abort: 117947 (0/117947/0), network size: 0, avg network size: 0, si_in_serializable: 0 0 %, local: 0 %
I0313 10:22:47.758404 1371154 Coordinator.h:126] commit: 2011 abort: 113989 (0/113989/0), network size: 0, avg network size: 0, si_in_serializable: 0 0 %, local: 0 %
I0313 10:22:48.758545 1371154 Coordinator.h:126] commit: 1950 abort: 114050 (0/114050/0), network size: 0, avg network size: 0, si_in_serializable: 0 0 %, local: 0 %
I0313 10:22:49.758682 1371154 Coordinator.h:126] commit: 2156 abort: 117844 (0/117844/0), network size: 0, avg network size: 0, si_in_serializable: 0 0 %, local: 0 %
I0313 10:22:50.758826 1371154 Coordinator.h:126] commit: 1917 abort: 114083 (0/114083/0), network size: 0, avg network size: 0, si_in_serializable: 0 0 %, local: 0 %
I0313 10:22:51.758970 1371154 Coordinator.h:126] commit: 1936 abort: 114064 (0/114064/0), network size: 0, avg network size: 0, si_in_serializable: 0 0 %, local: 0 %
I0313 10:22:52.759109 1371154 Coordinator.h:126] commit: 2069 abort: 117931 (0/117931/0), network size: 0, avg network size: 0, si_in_serializable: 0 0 %, local: 0 %
I0313 10:22:53.759249 1371154 Coordinator.h:126] commit: 1975 abort: 114025 (0/114025/0), network size: 0, avg network size: 0, si_in_serializable: 0 0 %, local: 0 %
I0313 10:22:53.759301 1371154 Coordinator.h:152] average commit: 2007.5 abort: 115192 (0/115192/0), network size: 0, avg network size: 0, si_in_serializable: 0 0 %, local: 0 %
I0313 10:22:53.759344 1371154 AriaExecutor.h:535] Worker 0 latency: 33754 us (50%) 33906 us (75%) 34166 us (95%) 34711 us (99%).
I0313 10:22:53.774121 1371180 AriaExecutor.h:94] AriaExecutor 4 exits. 
I0313 10:22:53.774122 1371182 AriaExecutor.h:94] AriaExecutor 6 exits. 
I0313 10:22:53.774122 1371176 AriaExecutor.h:94] AriaExecutor 0 exits. 
I0313 10:22:53.774122 1371178 AriaExecutor.h:94] AriaExecutor 2 exits. 
I0313 10:22:53.774142 1371188 Manager.h:227] Manager(worker id = 12) on the coordinator node exits.
I0313 10:22:53.774122 1371183 AriaExecutor.h:94] AriaExecutor 7 exits. 
I0313 10:22:53.774123 1371184 AriaExecutor.h:94] AriaExecutor 8 exits. 
I0313 10:22:53.774122 1371177 AriaExecutor.h:94] AriaExecutor 1 exits. 
I0313 10:22:53.774122 1371179 AriaExecutor.h:94] AriaExecutor 3 exits. 
I0313 10:22:53.774122 1371185 AriaExecutor.h:94] AriaExecutor 9 exits. 
I0313 10:22:53.774122 1371181 AriaExecutor.h:94] AriaExecutor 5 exits. 
I0313 10:22:53.774137 1371186 AriaExecutor.h:94] AriaExecutor 10 exits. 
I0313 10:22:53.774137 1371187 AriaExecutor.h:94] AriaExecutor 11 exits. 
I0313 10:22:53.774411 1371154 AriaExecutor.h:535] Worker 1 latency: 33746 us (50%) 33900 us (75%) 34138 us (95%) 34753 us (99%).
I0313 10:22:53.775075 1371154 AriaExecutor.h:535] Worker 2 latency: 33743 us (50%) 33902 us (75%) 34156 us (95%) 34728 us (99%).
I0313 10:22:53.775724 1371154 AriaExecutor.h:535] Worker 3 latency: 33752 us (50%) 33904 us (75%) 34145 us (95%) 34726 us (99%).
I0313 10:22:53.776405 1371154 AriaExecutor.h:535] Worker 4 latency: 33747 us (50%) 33901 us (75%) 34153 us (95%) 34770 us (99%).
I0313 10:22:53.777132 1371154 AriaExecutor.h:535] Worker 5 latency: 33746 us (50%) 33904 us (75%) 34166 us (95%) 34747 us (99%).
I0313 10:22:53.777794 1371154 AriaExecutor.h:535] Worker 6 latency: 33740 us (50%) 33899 us (75%) 34158 us (95%) 34776 us (99%).
I0313 10:22:53.778453 1371154 AriaExecutor.h:535] Worker 7 latency: 33728 us (50%) 33887 us (75%) 34137 us (95%) 34675 us (99%).
I0313 10:22:53.779095 1371154 AriaExecutor.h:535] Worker 8 latency: 33745 us (50%) 33899 us (75%) 34135 us (95%) 34772 us (99%).
I0313 10:22:53.779767 1371154 AriaExecutor.h:535] Worker 9 latency: 33736 us (50%) 33900 us (75%) 34152 us (95%) 34787 us (99%).
I0313 10:22:53.780530 1371154 AriaExecutor.h:535] Worker 10 latency: 33729 us (50%) 33889 us (75%) 34140 us (95%) 34731 us (99%).
I0313 10:22:53.781329 1371154 AriaExecutor.h:535] Worker 11 latency: 33732 us (50%) 33894 us (75%) 34158 us (95%) 34767 us (99%).
I0313 10:22:53.781963 1371154 Coordinator.h:177] total commit: 2007.5
I0313 10:22:54.782226 1371154 Coordinator.h:192] Coordinator exits.
