I0313 10:34:27.717406 1376272 Database.h:65] ycsb initialization finished in 97 milliseconds.
I0313 10:34:27.717535 1376272 Coordinator.h:30] Coordinator initializes 12 workers.
I0313 10:34:27.748598 1376272 Coordinator.h:77] Coordinator starts to run 13 workers.
I0313 10:34:27.748698 1376300 AriaExecutor.h:91] AriaExecutor 0 started. 
I0313 10:34:27.748740 1376301 AriaExecutor.h:91] AriaExecutor 1 started. 
I0313 10:34:27.748816 1376302 AriaExecutor.h:91] AriaExecutor 2 started. 
I0313 10:34:27.748901 1376303 AriaExecutor.h:91] AriaExecutor 3 started. 
I0313 10:34:27.749010 1376304 AriaExecutor.h:91] AriaExecutor 4 started. 
I0313 10:34:27.749104 1376305 AriaExecutor.h:91] AriaExecutor 5 started. 
I0313 10:34:27.749197 1376306 AriaExecutor.h:91] AriaExecutor 6 started. 
I0313 10:34:27.749284 1376307 AriaExecutor.h:91] AriaExecutor 7 started. 
I0313 10:34:27.749374 1376308 AriaExecutor.h:91] AriaExecutor 8 started. 
I0313 10:34:27.749580 1376309 AriaExecutor.h:91] AriaExecutor 9 started. 
I0313 10:34:27.749791 1376310 AriaExecutor.h:91] AriaExecutor 10 started. 
I0313 10:34:27.750010 1376311 AriaExecutor.h:91] AriaExecutor 11 started. 
I0313 10:34:27.750208 1376312 Manager.h:224] Manager(worker id = 12) on the coordinator node started.
I0313 10:34:28.750260 1376272 Coordinator.h:126] commit: 1834 abort: 128166 (0/128166/0), network size: 0, avg network size: 0, si_in_serializable: 0 0 %, local: 0 %
I0313 10:34:29.750422 1376272 Coordinator.h:126] commit: 1863 abort: 133137 (0/133137/0), network size: 0, avg network size: 0, si_in_serializable: 0 0 %, local: 0 %
I0313 10:34:30.750584 1376272 Coordinator.h:126] commit: 1936 abort: 134064 (0/134064/0), network size: 0, avg network size: 0, si_in_serializable: 0 0 %, local: 0 %
I0313 10:34:31.750720 1376272 Coordinator.h:126] commit: 1922 abort: 134078 (0/134078/0), network size: 0, avg network size: 0, si_in_serializable: 0 0 %, local: 0 %
I0313 10:34:32.750844 1376272 Coordinator.h:126] commit: 1890 abort: 135110 (0/135110/0), network size: 0, avg network size: 0, si_in_serializable: 0 0 %, local: 0 %
I0313 10:34:33.750970 1376272 Coordinator.h:126] commit: 1966 abort: 133034 (0/133034/0), network size: 0, avg network size: 0, si_in_serializable: 0 0 %, local: 0 %
I0313 10:34:34.751099 1376272 Coordinator.h:126] commit: 1917 abort: 134083 (0/134083/0), network size: 0, avg network size: 0, si_in_serializable: 0 0 %, local: 0 %
I0313 10:34:35.751262 1376272 Coordinator.h:126] commit: 1925 abort: 134075 (0/134075/0), network size: 0, avg network size: 0, si_in_serializable: 0 0 %, local: 0 %
I0313 10:34:36.751397 1376272 Coordinator.h:126] commit: 1920 abort: 134080 (0/134080/0), network size: 0, avg network size: 0, si_in_serializable: 0 0 %, local: 0 %
I0313 10:34:37.751524 1376272 Coordinator.h:126] commit: 1963 abort: 134037 (0/134037/0), network size: 0, avg network size: 0, si_in_serializable: 0 0 %, local: 0 %
I0313 10:34:38.751647 1376272 Coordinator.h:126] commit: 1947 abort: 135053 (0/135053/0), network size: 0, avg network size: 0, si_in_serializable: 0 0 %, local: 0 %
I0313 10:34:39.751770 1376272 Coordinator.h:126] commit: 1927 abort: 134073 (0/134073/0), network size: 0, avg network size: 0, si_in_serializable: 0 0 %, local: 0 %
I0313 10:34:40.751891 1376272 Coordinator.h:126] commit: 1867 abort: 133133 (0/133133/0), network size: 0, avg network size: 0, si_in_serializable: 0 0 %, local: 0 %
I0313 10:34:41.752017 1376272 Coordinator.h:126] commit: 1901 abort: 134099 (0/134099/0), network size: 0, avg network size: 0, si_in_serializable: 0 0 %, local: 0 %
I0313 10:34:42.752142 1376272 Coordinator.h:126] commit: 1901 abort: 134099 (0/134099/0), network size: 0, avg network size: 0, si_in_serializable: 0 0 %, local: 0 %
I0313 10:34:43.752266 1376272 Coordinator.h:126] commit: 1969 abort: 135031 (0/135031/0), network size: 0, avg network size: 0, si_in_serializable: 0 0 %, local: 0 %
I0313 10:34:44.752425 1376272 Coordinator.h:126] commit: 1831 abort: 134169 (0/134169/0), network size: 0, avg network size: 0, si_in_serializable: 0 0 %, local: 0 %
I0313 10:34:45.752560 1376272 Coordinator.h:126] commit: 1848 abort: 134152 (0/134152/0), network size: 0, avg network size: 0, si_in_serializable: 0 0 %, local: 0 %
I0313 10:34:46.752684 1376272 Coordinator.h:126] commit: 1914 abort: 134086 (0/134086/0), network size: 0, avg network size: 0, si_in_serializable: 0 0 %, local: 0 %
I0313 10:34:47.752806 1376272 Coordinator.h:126] commit: 1935 abort: 134065 (0/134065/0), network size: 0, avg network size: 0, si_in_serializable: 0 0 %, local: 0 %
I0313 10:34:48.752929 1376272 Coordinator.h:126] commit: 1937 abort: 134063 (0/134063/0), network size: 0, avg network size: 0, si_in_serializable: 0 0 %, local: 0 %
I0313 10:34:49.753048 1376272 Coordinator.h:126] commit: 1931 abort: 134069 (0/134069/0), network size: 0, avg network size: 0, si_in_serializable: 0 0 %, local: 0 %
I0313 10:34:50.753171 1376272 Coordinator.h:126] commit: 1961 abort: 134039 (0/134039/0), network size: 0, avg network size: 0, si_in_serializable: 0 0 %, local: 0 %
I0313 10:34:51.753294 1376272 Coordinator.h:126] commit: 2020 abort: 133980 (0/133980/0), network size: 0, avg network size: 0, si_in_serializable: 0 0 %, local: 0 %
I0313 10:34:52.753415 1376272 Coordinator.h:126] commit: 1938 abort: 134062 (0/134062/0), network size: 0, avg network size: 0, si_in_serializable: 0 0 %, local: 0 %
I0313 10:34:52.753454 1376272 Coordinator.h:152] average commit: 1904 abort: 134196 (0/134196/0), network size: 0, avg network size: 0, si_in_serializable: 0 0 %, local: 0 %
I0313 10:34:52.753466 1376272 AriaExecutor.h:649] Worker 0 latency: 7285 us (50%) 7338 us (75%) 7422 us (95%) 7554 us (99%).
I0313 10:34:52.759433 1376312 Manager.h:227] Manager(worker id = 12) on the coordinator node exits.
I0313 10:34:52.759435 1376307 AriaExecutor.h:103] AriaExecutor 7 exits. 
I0313 10:34:52.759436 1376310 AriaExecutor.h:103] AriaExecutor 10 exits. 
I0313 10:34:52.759435 1376311 AriaExecutor.h:103] AriaExecutor 11 exits. 
I0313 10:34:52.759435 1376301 AriaExecutor.h:103] AriaExecutor 1 exits. 
I0313 10:34:52.759435 1376304 AriaExecutor.h:103] AriaExecutor 4 exits. 
I0313 10:34:52.759436 1376300 AriaExecutor.h:103] AriaExecutor 0 exits. 
I0313 10:34:52.759438 1376303 AriaExecutor.h:103] AriaExecutor 3 exits. 
I0313 10:34:52.759439 1376308 AriaExecutor.h:103] AriaExecutor 8 exits. 
I0313 10:34:52.759439 1376305 AriaExecutor.h:103] AriaExecutor 5 exits. 
I0313 10:34:52.759438 1376309 AriaExecutor.h:103] AriaExecutor 9 exits. 
I0313 10:34:52.759438 1376302 AriaExecutor.h:103] AriaExecutor 2 exits. 
I0313 10:34:52.759435 1376306 AriaExecutor.h:103] AriaExecutor 6 exits. 
I0313 10:34:52.759656 1376272 AriaExecutor.h:649] Worker 1 latency: 7266 us (50%) 7331 us (75%) 7415 us (95%) 7542 us (99%).
I0313 10:34:52.759970 1376272 AriaExecutor.h:649] Worker 2 latency: 7240 us (50%) 7320 us (75%) 7404 us (95%) 7529 us (99%).
I0313 10:34:52.760224 1376272 AriaExecutor.h:649] Worker 3 latency: 7201 us (50%) 7313 us (75%) 7403 us (95%) 7531 us (99%).
I0313 10:34:52.760474 1376272 AriaExecutor.h:649] Worker 4 latency: 7153 us (50%) 7302 us (75%) 7396 us (95%) 7518 us (99%).
I0313 10:34:52.760720 1376272 AriaExecutor.h:649] Worker 5 latency: 7138 us (50%) 7297 us (75%) 7386 us (95%) 7515 us (99%).
I0313 10:34:52.760934 1376272 AriaExecutor.h:649] Worker 6 latency: 7102 us (50%) 7284 us (75%) 7385 us (95%) 7496 us (99%).
I0313 10:34:52.761137 1376272 AriaExecutor.h:649] Worker 7 latency: 7098 us (50%) 7284 us (75%) 7378 us (95%) 7506 us (99%).
I0313 10:34:52.761332 1376272 AriaExecutor.h:649] Worker 8 latency: 7079 us (50%) 7277 us (75%) 7377 us (95%) 7507 us (99%).
I0313 10:34:52.761518 1376272 AriaExecutor.h:649] Worker 9 latency: 7057 us (50%) 7272 us (75%) 7374 us (95%) 7477 us (99%).
I0313 10:34:52.761703 1376272 AriaExecutor.h:649] Worker 10 latency: 7057 us (50%) 7261 us (75%) 7374 us (95%) 7509 us (99%).
I0313 10:34:52.761880 1376272 AriaExecutor.h:649] Worker 11 latency: 7046 us (50%) 7259 us (75%) 7371 us (95%) 7495 us (99%).
I0313 10:34:52.762065 1376272 Coordinator.h:177] total commit: 1904
I0313 10:34:53.762262 1376272 Coordinator.h:192] Coordinator exits.
