I0313 10:29:08.221306 1373977 Database.h:65] ycsb initialization finished in 101 milliseconds.
I0313 10:29:08.221516 1373977 Coordinator.h:30] Coordinator initializes 12 workers.
I0313 10:29:08.260339 1373977 Coordinator.h:77] Coordinator starts to run 13 workers.
I0313 10:29:08.260427 1373993 AriaExecutor.h:91] AriaExecutor 0 started. 
I0313 10:29:08.260484 1373994 AriaExecutor.h:91] AriaExecutor 1 started. 
I0313 10:29:08.260569 1373995 AriaExecutor.h:91] AriaExecutor 2 started. 
I0313 10:29:08.260664 1373996 AriaExecutor.h:91] AriaExecutor 3 started. 
I0313 10:29:08.260774 1373997 AriaExecutor.h:91] AriaExecutor 4 started. 
I0313 10:29:08.260875 1373998 AriaExecutor.h:91] AriaExecutor 5 started. 
I0313 10:29:08.260973 1373999 AriaExecutor.h:91] AriaExecutor 6 started. 
I0313 10:29:08.261065 1374000 AriaExecutor.h:91] AriaExecutor 7 started. 
I0313 10:29:08.261135 1374001 AriaExecutor.h:91] AriaExecutor 8 started. 
I0313 10:29:08.261365 1374002 AriaExecutor.h:91] AriaExecutor 9 started. 
I0313 10:29:08.261529 1374003 AriaExecutor.h:91] AriaExecutor 10 started. 
I0313 10:29:08.261680 1374004 AriaExecutor.h:91] AriaExecutor 11 started. 
I0313 10:29:08.261842 1374005 Manager.h:224] Manager(worker id = 12) on the coordinator node started.
I0313 10:29:09.261901 1373977 Coordinator.h:126] commit: 40442 abort: 66558 (0/66558/0), network size: 0, avg network size: 0, si_in_serializable: 0 0 %, local: 0 %
I0313 10:29:10.262061 1373977 Coordinator.h:126] commit: 41591 abort: 68409 (0/68409/0), network size: 0, avg network size: 0, si_in_serializable: 0 0 %, local: 0 %
I0313 10:29:11.262346 1373977 Coordinator.h:126] commit: 41729 abort: 69271 (0/69271/0), network size: 0, avg network size: 0, si_in_serializable: 0 0 %, local: 0 %
I0313 10:29:12.262574 1373977 Coordinator.h:126] commit: 41777 abort: 69223 (0/69223/0), network size: 0, avg network size: 0, si_in_serializable: 0 0 %, local: 0 %
I0313 10:29:13.262734 1373977 Coordinator.h:126] commit: 42135 abort: 69865 (0/69865/0), network size: 0, avg network size: 0, si_in_serializable: 0 0 %, local: 0 %
I0313 10:29:14.262892 1373977 Coordinator.h:126] commit: 42115 abort: 68885 (0/68885/0), network size: 0, avg network size: 0, si_in_serializable: 0 0 %, local: 0 %
I0313 10:29:15.263038 1373977 Coordinator.h:126] commit: 42027 abort: 68973 (0/68973/0), network size: 0, avg network size: 0, si_in_serializable: 0 0 %, local: 0 %
I0313 10:29:16.263226 1373977 Coordinator.h:126] commit: 42056 abort: 68944 (0/68944/0), network size: 0, avg network size: 0, si_in_serializable: 0 0 %, local: 0 %
I0313 10:29:17.263396 1373977 Coordinator.h:126] commit: 42055 abort: 68945 (0/68945/0), network size: 0, avg network size: 0, si_in_serializable: 0 0 %, local: 0 %
I0313 10:29:18.263550 1373977 Coordinator.h:126] commit: 42504 abort: 69496 (0/69496/0), network size: 0, avg network size: 0, si_in_serializable: 0 0 %, local: 0 %
I0313 10:29:19.263696 1373977 Coordinator.h:126] commit: 41761 abort: 69239 (0/69239/0), network size: 0, avg network size: 0, si_in_serializable: 0 0 %, local: 0 %
I0313 10:29:20.263823 1373977 Coordinator.h:126] commit: 42221 abort: 69745 (0/69745/0), network size: 0, avg network size: 0, si_in_serializable: 0 0 %, local: 0 %
I0313 10:29:21.263935 1373977 Coordinator.h:126] commit: 42053 abort: 68981 (0/68981/0), network size: 0, avg network size: 0, si_in_serializable: 0 0 %, local: 0 %
I0313 10:29:22.264061 1373977 Coordinator.h:126] commit: 41623 abort: 68921 (0/68921/0), network size: 0, avg network size: 0, si_in_serializable: 0 0 %, local: 0 %
I0313 10:29:23.264289 1373977 Coordinator.h:126] commit: 42099 abort: 69357 (0/69357/0), network size: 0, avg network size: 0, si_in_serializable: 0 0 %, local: 0 %
I0313 10:29:24.264482 1373977 Coordinator.h:126] commit: 41888 abort: 69112 (0/69112/0), network size: 0, avg network size: 0, si_in_serializable: 0 0 %, local: 0 %
I0313 10:29:25.264606 1373977 Coordinator.h:126] commit: 41868 abort: 69132 (0/69132/0), network size: 0, avg network size: 0, si_in_serializable: 0 0 %, local: 0 %
I0313 10:29:26.264719 1373977 Coordinator.h:126] commit: 42251 abort: 69749 (0/69749/0), network size: 0, avg network size: 0, si_in_serializable: 0 0 %, local: 0 %
I0313 10:29:27.264838 1373977 Coordinator.h:126] commit: 41609 abort: 68391 (0/68391/0), network size: 0, avg network size: 0, si_in_serializable: 0 0 %, local: 0 %
I0313 10:29:28.265004 1373977 Coordinator.h:126] commit: 41914 abort: 69086 (0/69086/0), network size: 0, avg network size: 0, si_in_serializable: 0 0 %, local: 0 %
I0313 10:29:29.265153 1373977 Coordinator.h:126] commit: 42323 abort: 69677 (0/69677/0), network size: 0, avg network size: 0, si_in_serializable: 0 0 %, local: 0 %
I0313 10:29:30.265287 1373977 Coordinator.h:126] commit: 41788 abort: 69212 (0/69212/0), network size: 0, avg network size: 0, si_in_serializable: 0 0 %, local: 0 %
I0313 10:29:31.265403 1373977 Coordinator.h:126] commit: 42355 abort: 69645 (0/69645/0), network size: 0, avg network size: 0, si_in_serializable: 0 0 %, local: 0 %
I0313 10:29:32.265522 1373977 Coordinator.h:126] commit: 41985 abort: 69015 (0/69015/0), network size: 0, avg network size: 0, si_in_serializable: 0 0 %, local: 0 %
I0313 10:29:33.265713 1373977 Coordinator.h:126] commit: 42002 abort: 68998 (0/68998/0), network size: 0, avg network size: 0, si_in_serializable: 0 0 %, local: 0 %
I0313 10:29:33.265794 1373977 Coordinator.h:152] average commit: 41928.7 abort: 69171.3 (0/69171.3/0), network size: 0, avg network size: 0, si_in_serializable: 0 0 %, local: 0 %
I0313 10:29:33.266614 1374001 AriaExecutor.h:103] AriaExecutor 8 exits. 
I0313 10:29:33.266614 1374000 AriaExecutor.h:103] AriaExecutor 7 exits. 
I0313 10:29:33.266624 1374004 AriaExecutor.h:103] AriaExecutor 11 exits. 
I0313 10:29:33.266614 1373994 AriaExecutor.h:103] AriaExecutor 1 exits. 
I0313 10:29:33.266615 1373999 AriaExecutor.h:103] AriaExecutor 6 exits. 
I0313 10:29:33.266614 1373996 AriaExecutor.h:103] AriaExecutor 3 exits. 
I0313 10:29:33.266614 1373993 AriaExecutor.h:103] AriaExecutor 0 exits. 
I0313 10:29:33.266615 1373995 AriaExecutor.h:103] AriaExecutor 2 exits. 
I0313 10:29:33.266616 1373998 AriaExecutor.h:103] AriaExecutor 5 exits. 
I0313 10:29:33.266626 1374002 AriaExecutor.h:103] AriaExecutor 9 exits. 
I0313 10:29:33.266628 1374003 AriaExecutor.h:103] AriaExecutor 10 exits. 
I0313 10:29:33.266614 1373997 AriaExecutor.h:103] AriaExecutor 4 exits. 
I0313 10:29:33.266637 1374005 Manager.h:227] Manager(worker id = 12) on the coordinator node exits.
I0313 10:29:33.265838 1373977 AriaExecutor.h:649] Worker 0 latency: 7724 us (50%) 8344 us (75%) 8729 us (95%) 8845 us (99%).
I0313 10:29:33.278851 1373977 AriaExecutor.h:649] Worker 1 latency: 7731 us (50%) 8348 us (75%) 8728 us (95%) 8843 us (99%).
I0313 10:29:33.287468 1373977 AriaExecutor.h:649] Worker 2 latency: 7720 us (50%) 8342 us (75%) 8727 us (95%) 8843 us (99%).
I0313 10:29:33.293217 1373977 AriaExecutor.h:649] Worker 3 latency: 7736 us (50%) 8350 us (75%) 8729 us (95%) 8844 us (99%).
I0313 10:29:33.298655 1373977 AriaExecutor.h:649] Worker 4 latency: 7733 us (50%) 8347 us (75%) 8727 us (95%) 8842 us (99%).
I0313 10:29:33.303583 1373977 AriaExecutor.h:649] Worker 5 latency: 7722 us (50%) 8345 us (75%) 8726 us (95%) 8843 us (99%).
I0313 10:29:33.308576 1373977 AriaExecutor.h:649] Worker 6 latency: 7732 us (50%) 8348 us (75%) 8729 us (95%) 8844 us (99%).
I0313 10:29:33.313542 1373977 AriaExecutor.h:649] Worker 7 latency: 7732 us (50%) 8348 us (75%) 8727 us (95%) 8842 us (99%).
I0313 10:29:33.318526 1373977 AriaExecutor.h:649] Worker 8 latency: 7732 us (50%) 8349 us (75%) 8728 us (95%) 8843 us (99%).
I0313 10:29:33.323338 1373977 AriaExecutor.h:649] Worker 9 latency: 7732 us (50%) 8348 us (75%) 8727 us (95%) 8841 us (99%).
I0313 10:29:33.328207 1373977 AriaExecutor.h:649] Worker 10 latency: 7733 us (50%) 8349 us (75%) 8726 us (95%) 8840 us (99%).
I0313 10:29:33.333055 1373977 AriaExecutor.h:649] Worker 11 latency: 7730 us (50%) 8348 us (75%) 8726 us (95%) 8840 us (99%).
I0313 10:29:33.337857 1373977 Coordinator.h:177] total commit: 41928.7
I0313 10:29:34.338089 1373977 Coordinator.h:192] Coordinator exits.
