I0313 10:18:55.837034 1369741 Database.h:65] ycsb initialization finished in 98 milliseconds.
I0313 10:18:55.837265 1369741 Coordinator.h:30] Coordinator initializes 12 workers.
I0313 10:18:55.947422 1369741 Coordinator.h:77] Coordinator starts to run 13 workers.
I0313 10:18:55.947515 1369757 AriaExecutor.h:82] AriaExecutor 0 started. 
I0313 10:18:55.947563 1369758 AriaExecutor.h:82] AriaExecutor 1 started. 
I0313 10:18:55.947652 1369759 AriaExecutor.h:82] AriaExecutor 2 started. 
I0313 10:18:55.947738 1369760 AriaExecutor.h:82] AriaExecutor 3 started. 
I0313 10:18:55.947820 1369761 AriaExecutor.h:82] AriaExecutor 4 started. 
I0313 10:18:55.947924 1369762 AriaExecutor.h:82] AriaExecutor 5 started. 
I0313 10:18:55.948019 1369763 AriaExecutor.h:82] AriaExecutor 6 started. 
I0313 10:18:55.948103 1369764 AriaExecutor.h:82] AriaExecutor 7 started. 
I0313 10:18:55.948215 1369765 AriaExecutor.h:82] AriaExecutor 8 started. 
I0313 10:18:55.948367 1369767 AriaExecutor.h:82] AriaExecutor 10 started. 
I0313 10:18:55.948413 1369766 AriaExecutor.h:82] AriaExecutor 9 started. 
I0313 10:18:55.948514 1369768 AriaExecutor.h:82] AriaExecutor 11 started. 
I0313 10:18:55.948736 1369769 Manager.h:224] Manager(worker id = 12) on the coordinator node started.
I0313 10:18:56.948796 1369741 Coordinator.h:126] commit: 8713 abort: 95287 (0/95287/0), network size: 0, avg network size: 0, si_in_serializable: 0 0 %, local: 0 %
I0313 10:18:57.948987 1369741 Coordinator.h:126] commit: 9049 abort: 98951 (0/98951/0), network size: 0, avg network size: 0, si_in_serializable: 0 0 %, local: 0 %
I0313 10:18:58.949288 1369741 Coordinator.h:126] commit: 9390 abort: 102610 (0/102610/0), network size: 0, avg network size: 0, si_in_serializable: 0 0 %, local: 0 %
I0313 10:18:59.949517 1369741 Coordinator.h:126] commit: 9465 abort: 102535 (0/102535/0), network size: 0, avg network size: 0, si_in_serializable: 0 0 %, local: 0 %
I0313 10:19:00.949636 1369741 Coordinator.h:126] commit: 9315 abort: 102685 (0/102685/0), network size: 0, avg network size: 0, si_in_serializable: 0 0 %, local: 0 %
I0313 10:19:01.949771 1369741 Coordinator.h:126] commit: 9024 abort: 98976 (0/98976/0), network size: 0, avg network size: 0, si_in_serializable: 0 0 %, local: 0 %
I0313 10:19:02.949923 1369741 Coordinator.h:126] commit: 9344 abort: 102656 (0/102656/0), network size: 0, avg network size: 0, si_in_serializable: 0 0 %, local: 0 %
I0313 10:19:03.950135 1369741 Coordinator.h:126] commit: 9563 abort: 102437 (0/102437/0), network size: 0, avg network size: 0, si_in_serializable: 0 0 %, local: 0 %
I0313 10:19:04.950335 1369741 Coordinator.h:126] commit: 9374 abort: 102626 (0/102626/0), network size: 0, avg network size: 0, si_in_serializable: 0 0 %, local: 0 %
I0313 10:19:05.950469 1369741 Coordinator.h:126] commit: 9410 abort: 102590 (0/102590/0), network size: 0, avg network size: 0, si_in_serializable: 0 0 %, local: 0 %
I0313 10:19:06.950592 1369741 Coordinator.h:126] commit: 9151 abort: 98849 (0/98849/0), network size: 0, avg network size: 0, si_in_serializable: 0 0 %, local: 0 %
I0313 10:19:07.950713 1369741 Coordinator.h:126] commit: 9343 abort: 102657 (0/102657/0), network size: 0, avg network size: 0, si_in_serializable: 0 0 %, local: 0 %
I0313 10:19:08.950863 1369741 Coordinator.h:126] commit: 9097 abort: 98903 (0/98903/0), network size: 0, avg network size: 0, si_in_serializable: 0 0 %, local: 0 %
I0313 10:19:09.951001 1369741 Coordinator.h:126] commit: 9388 abort: 102612 (0/102612/0), network size: 0, avg network size: 0, si_in_serializable: 0 0 %, local: 0 %
I0313 10:19:10.951182 1369741 Coordinator.h:126] commit: 9381 abort: 102619 (0/102619/0), network size: 0, avg network size: 0, si_in_serializable: 0 0 %, local: 0 %
I0313 10:19:11.951337 1369741 Coordinator.h:126] commit: 9402 abort: 102598 (0/102598/0), network size: 0, avg network size: 0, si_in_serializable: 0 0 %, local: 0 %
I0313 10:19:12.951471 1369741 Coordinator.h:126] commit: 9457 abort: 102543 (0/102543/0), network size: 0, avg network size: 0, si_in_serializable: 0 0 %, local: 0 %
I0313 10:19:13.951609 1369741 Coordinator.h:126] commit: 9020 abort: 98980 (0/98980/0), network size: 0, avg network size: 0, si_in_serializable: 0 0 %, local: 0 %
I0313 10:19:14.951736 1369741 Coordinator.h:126] commit: 9425 abort: 102575 (0/102575/0), network size: 0, avg network size: 0, si_in_serializable: 0 0 %, local: 0 %
I0313 10:19:15.951851 1369741 Coordinator.h:126] commit: 9413 abort: 102587 (0/102587/0), network size: 0, avg network size: 0, si_in_serializable: 0 0 %, local: 0 %
I0313 10:19:16.951974 1369741 Coordinator.h:126] commit: 9552 abort: 102448 (0/102448/0), network size: 0, avg network size: 0, si_in_serializable: 0 0 %, local: 0 %
I0313 10:19:17.952111 1369741 Coordinator.h:126] commit: 9450 abort: 102550 (0/102550/0), network size: 0, avg network size: 0, si_in_serializable: 0 0 %, local: 0 %
I0313 10:19:18.952260 1369741 Coordinator.h:126] commit: 9065 abort: 98935 (0/98935/0), network size: 0, avg network size: 0, si_in_serializable: 0 0 %, local: 0 %
I0313 10:19:19.952389 1369741 Coordinator.h:126] commit: 9361 abort: 102639 (0/102639/0), network size: 0, avg network size: 0, si_in_serializable: 0 0 %, local: 0 %
I0313 10:19:20.952579 1369741 Coordinator.h:126] commit: 9467 abort: 102533 (0/102533/0), network size: 0, avg network size: 0, si_in_serializable: 0 0 %, local: 0 %
I0313 10:19:20.952646 1369741 Coordinator.h:152] average commit: 9307.7 abort: 101492 (0/101492/0), network size: 0, avg network size: 0, si_in_serializable: 0 0 %, local: 0 %
I0313 10:19:20.952692 1369741 AriaExecutor.h:535] Worker 0 latency: 34847 us (50%) 35371 us (75%) 35777 us (95%) 36963 us (99%).
I0313 10:19:20.979807 1369767 AriaExecutor.h:94] AriaExecutor 10 exits. 
I0313 10:19:20.979807 1369757 AriaExecutor.h:94] AriaExecutor 0 exits. 
I0313 10:19:20.979807 1369759 AriaExecutor.h:94] AriaExecutor 2 exits. 
I0313 10:19:20.979807 1369765 AriaExecutor.h:94] AriaExecutor 8 exits. 
I0313 10:19:20.979807 1369768 AriaExecutor.h:94] AriaExecutor 11 exits. 
I0313 10:19:20.979807 1369760 AriaExecutor.h:94] AriaExecutor 3 exits. 
I0313 10:19:20.979807 1369764 AriaExecutor.h:94] AriaExecutor 7 exits. 
I0313 10:19:20.979807 1369758 AriaExecutor.h:94] AriaExecutor 1 exits. 
I0313 10:19:20.979807 1369763 AriaExecutor.h:94] AriaExecutor 6 exits. 
I0313 10:19:20.979807 1369766 AriaExecutor.h:94] AriaExecutor 9 exits. 
I0313 10:19:20.979807 1369762 AriaExecutor.h:94] AriaExecutor 5 exits. 
I0313 10:19:20.979807 1369761 AriaExecutor.h:94] AriaExecutor 4 exits. 
I0313 10:19:20.979823 1369769 Manager.h:227] Manager(worker id = 12) on the coordinator node exits.
I0313 10:19:20.980085 1369741 AriaExecutor.h:535] Worker 1 latency: 34864 us (50%) 35374 us (75%) 35772 us (95%) 36956 us (99%).
I0313 10:19:20.983343 1369741 AriaExecutor.h:535] Worker 2 latency: 34860 us (50%) 35369 us (75%) 35770 us (95%) 36932 us (99%).
I0313 10:19:20.986564 1369741 AriaExecutor.h:535] Worker 3 latency: 34857 us (50%) 35368 us (75%) 35765 us (95%) 36910 us (99%).
I0313 10:19:20.989836 1369741 AriaExecutor.h:535] Worker 4 latency: 34849 us (50%) 35365 us (75%) 35771 us (95%) 36934 us (99%).
I0313 10:19:20.993155 1369741 AriaExecutor.h:535] Worker 5 latency: 34849 us (50%) 35368 us (75%) 35777 us (95%) 36929 us (99%).
I0313 10:19:20.995236 1369741 AriaExecutor.h:535] Worker 6 latency: 34850 us (50%) 35365 us (75%) 35767 us (95%) 36946 us (99%).
I0313 10:19:20.997301 1369741 AriaExecutor.h:535] Worker 7 latency: 34859 us (50%) 35367 us (75%) 35766 us (95%) 36972 us (99%).
I0313 10:19:20.999354 1369741 AriaExecutor.h:535] Worker 8 latency: 34855 us (50%) 35370 us (75%) 35769 us (95%) 36952 us (99%).
I0313 10:19:21.001365 1369741 AriaExecutor.h:535] Worker 9 latency: 34841 us (50%) 35369 us (75%) 35773 us (95%) 36961 us (99%).
I0313 10:19:21.003201 1369741 AriaExecutor.h:535] Worker 10 latency: 34862 us (50%) 35366 us (75%) 35770 us (95%) 36953 us (99%).
I0313 10:19:21.004576 1369741 AriaExecutor.h:535] Worker 11 latency: 34861 us (50%) 35372 us (75%) 35770 us (95%) 36946 us (99%).
I0313 10:19:21.005971 1369741 Coordinator.h:177] total commit: 9307.7
I0313 10:19:22.006191 1369741 Coordinator.h:192] Coordinator exits.
