I0313 09:03:22.105851 1337711 Database.h:65] ycsb initialization finished in 97 milliseconds.
I0313 09:03:22.106077 1337711 Coordinator.h:30] Coordinator initializes 12 workers.
I0313 09:03:22.143535 1337711 Coordinator.h:77] Coordinator starts to run 13 workers.
I0313 09:03:22.143621 1337727 AriaExecutor.h:91] AriaExecutor 0 started. 
I0313 09:03:22.143671 1337728 AriaExecutor.h:91] AriaExecutor 1 started. 
I0313 09:03:22.143751 1337729 AriaExecutor.h:91] AriaExecutor 2 started. 
I0313 09:03:22.143843 1337730 AriaExecutor.h:91] AriaExecutor 3 started. 
I0313 09:03:22.143932 1337731 AriaExecutor.h:91] AriaExecutor 4 started. 
I0313 09:03:22.144032 1337732 AriaExecutor.h:91] AriaExecutor 5 started. 
I0313 09:03:22.144116 1337733 AriaExecutor.h:91] AriaExecutor 6 started. 
I0313 09:03:22.144183 1337734 AriaExecutor.h:91] AriaExecutor 7 started. 
I0313 09:03:22.144285 1337735 AriaExecutor.h:91] AriaExecutor 8 started. 
I0313 09:03:22.144369 1337736 AriaExecutor.h:91] AriaExecutor 9 started. 
I0313 09:03:22.144446 1337737 AriaExecutor.h:91] AriaExecutor 10 started. 
I0313 09:03:22.144532 1337738 AriaExecutor.h:91] AriaExecutor 11 started. 
I0313 09:03:22.144608 1337739 Manager.h:224] Manager(worker id = 12) on the coordinator node started.
I0313 09:03:23.144655 1337711 Coordinator.h:126] commit: 499663 abort: 2337 (0/2337/0), network size: 0, avg network size: 0, si_in_serializable: 0 0 %, local: 0 %
I0313 09:03:24.144799 1337711 Coordinator.h:126] commit: 504533 abort: 2467 (0/2467/0), network size: 0, avg network size: 0, si_in_serializable: 0 0 %, local: 0 %
I0313 09:03:25.144948 1337711 Coordinator.h:126] commit: 507625 abort: 2375 (0/2375/0), network size: 0, avg network size: 0, si_in_serializable: 0 0 %, local: 0 %
I0313 09:03:26.145078 1337711 Coordinator.h:126] commit: 507534 abort: 2466 (0/2466/0), network size: 0, avg network size: 0, si_in_serializable: 0 0 %, local: 0 %
I0313 09:03:27.145198 1337711 Coordinator.h:126] commit: 508485 abort: 2515 (0/2515/0), network size: 0, avg network size: 0, si_in_serializable: 0 0 %, local: 0 %
I0313 09:03:28.145318 1337711 Coordinator.h:126] commit: 505550 abort: 2450 (0/2450/0), network size: 0, avg network size: 0, si_in_serializable: 0 0 %, local: 0 %
I0313 09:03:29.145434 1337711 Coordinator.h:126] commit: 503660 abort: 2340 (0/2340/0), network size: 0, avg network size: 0, si_in_serializable: 0 0 %, local: 0 %
I0313 09:03:30.145586 1337711 Coordinator.h:126] commit: 506630 abort: 2370 (0/2370/0), network size: 0, avg network size: 0, si_in_serializable: 0 0 %, local: 0 %
I0313 09:03:31.145717 1337711 Coordinator.h:126] commit: 506589 abort: 2411 (0/2411/0), network size: 0, avg network size: 0, si_in_serializable: 0 0 %, local: 0 %
I0313 09:03:32.145834 1337711 Coordinator.h:126] commit: 509681 abort: 2319 (0/2319/0), network size: 0, avg network size: 0, si_in_serializable: 0 0 %, local: 0 %
I0313 09:03:33.145985 1337711 Coordinator.h:126] commit: 507657 abort: 2343 (0/2343/0), network size: 0, avg network size: 0, si_in_serializable: 0 0 %, local: 0 %
I0313 09:03:34.146111 1337711 Coordinator.h:126] commit: 508486 abort: 2514 (0/2514/0), network size: 0, avg network size: 0, si_in_serializable: 0 0 %, local: 0 %
I0313 09:03:35.146227 1337711 Coordinator.h:126] commit: 492596 abort: 2404 (0/2404/0), network size: 0, avg network size: 0, si_in_serializable: 0 0 %, local: 0 %
I0313 09:03:36.146344 1337711 Coordinator.h:126] commit: 507591 abort: 2409 (0/2409/0), network size: 0, avg network size: 0, si_in_serializable: 0 0 %, local: 0 %
I0313 09:03:37.146494 1337711 Coordinator.h:126] commit: 504571 abort: 2429 (0/2429/0), network size: 0, avg network size: 0, si_in_serializable: 0 0 %, local: 0 %
I0313 09:03:38.146621 1337711 Coordinator.h:126] commit: 508568 abort: 2432 (0/2432/0), network size: 0, avg network size: 0, si_in_serializable: 0 0 %, local: 0 %
I0313 09:03:39.146739 1337711 Coordinator.h:126] commit: 508436 abort: 2564 (0/2564/0), network size: 0, avg network size: 0, si_in_serializable: 0 0 %, local: 0 %
I0313 09:03:40.146857 1337711 Coordinator.h:126] commit: 508541 abort: 2459 (0/2459/0), network size: 0, avg network size: 0, si_in_serializable: 0 0 %, local: 0 %
I0313 09:03:41.146971 1337711 Coordinator.h:126] commit: 508494 abort: 2506 (0/2506/0), network size: 0, avg network size: 0, si_in_serializable: 0 0 %, local: 0 %
I0313 09:03:42.147087 1337711 Coordinator.h:126] commit: 506617 abort: 2383 (0/2383/0), network size: 0, avg network size: 0, si_in_serializable: 0 0 %, local: 0 %
I0313 09:03:43.147204 1337711 Coordinator.h:126] commit: 508545 abort: 2455 (0/2455/0), network size: 0, avg network size: 0, si_in_serializable: 0 0 %, local: 0 %
I0313 09:03:44.147320 1337711 Coordinator.h:126] commit: 504550 abort: 2450 (0/2450/0), network size: 0, avg network size: 0, si_in_serializable: 0 0 %, local: 0 %
I0313 09:03:45.147469 1337711 Coordinator.h:126] commit: 505558 abort: 2442 (0/2442/0), network size: 0, avg network size: 0, si_in_serializable: 0 0 %, local: 0 %
I0313 09:03:46.147593 1337711 Coordinator.h:126] commit: 508547 abort: 2453 (0/2453/0), network size: 0, avg network size: 0, si_in_serializable: 0 0 %, local: 0 %
I0313 09:03:47.147706 1337711 Coordinator.h:126] commit: 485492 abort: 2345 (0/2345/0), network size: 0, avg network size: 0, si_in_serializable: 0 0 %, local: 0 %
I0313 09:03:47.147744 1337711 Coordinator.h:152] average commit: 506156 abort: 2444.3 (0/2444.3/0), network size: 0, avg network size: 0, si_in_serializable: 0 0 %, local: 0 %
I0313 09:03:47.156678 1337739 Manager.h:227] Manager(worker id = 12) on the coordinator node exits.
I0313 09:03:47.156678 1337736 AriaExecutor.h:103] AriaExecutor 9 exits. 
I0313 09:03:47.156680 1337730 AriaExecutor.h:103] AriaExecutor 3 exits. 
I0313 09:03:47.156679 1337738 AriaExecutor.h:103] AriaExecutor 11 exits. 
I0313 09:03:47.156679 1337729 AriaExecutor.h:103] AriaExecutor 2 exits. 
I0313 09:03:47.156680 1337734 AriaExecutor.h:103] AriaExecutor 7 exits. 
I0313 09:03:47.156682 1337727 AriaExecutor.h:103] AriaExecutor 0 exits. 
I0313 09:03:47.156682 1337735 AriaExecutor.h:103] AriaExecutor 8 exits. 
I0313 09:03:47.156680 1337731 AriaExecutor.h:103] AriaExecutor 4 exits. 
I0313 09:03:47.156682 1337728 AriaExecutor.h:103] AriaExecutor 1 exits. 
I0313 09:03:47.156682 1337732 AriaExecutor.h:103] AriaExecutor 5 exits. 
I0313 09:03:47.156678 1337737 AriaExecutor.h:103] AriaExecutor 10 exits. 
I0313 09:03:47.156678 1337733 AriaExecutor.h:103] AriaExecutor 6 exits. 
I0313 09:03:47.147759 1337711 AriaExecutor.h:649] Worker 0 latency: 1170 us (50%) 1552 us (75%) 1857 us (95%) 1921 us (99%).
I0313 09:03:47.198511 1337711 AriaExecutor.h:649] Worker 1 latency: 1175 us (50%) 1554 us (75%) 1857 us (95%) 1921 us (99%).
I0313 09:03:47.246537 1337711 AriaExecutor.h:649] Worker 2 latency: 1174 us (50%) 1554 us (75%) 1857 us (95%) 1922 us (99%).
I0313 09:03:47.295177 1337711 AriaExecutor.h:649] Worker 3 latency: 1176 us (50%) 1555 us (75%) 1857 us (95%) 1922 us (99%).
I0313 09:03:47.344691 1337711 AriaExecutor.h:649] Worker 4 latency: 1182 us (50%) 1558 us (75%) 1858 us (95%) 1922 us (99%).
I0313 09:03:47.393945 1337711 AriaExecutor.h:649] Worker 5 latency: 1181 us (50%) 1557 us (75%) 1858 us (95%) 1922 us (99%).
I0313 09:03:47.443692 1337711 AriaExecutor.h:649] Worker 6 latency: 1181 us (50%) 1557 us (75%) 1858 us (95%) 1922 us (99%).
I0313 09:03:47.491468 1337711 AriaExecutor.h:649] Worker 7 latency: 1181 us (50%) 1557 us (75%) 1858 us (95%) 1922 us (99%).
I0313 09:03:47.539831 1337711 AriaExecutor.h:649] Worker 8 latency: 1183 us (50%) 1558 us (75%) 1858 us (95%) 1922 us (99%).
I0313 09:03:47.589610 1337711 AriaExecutor.h:649] Worker 9 latency: 1182 us (50%) 1558 us (75%) 1858 us (95%) 1921 us (99%).
I0313 09:03:47.637194 1337711 AriaExecutor.h:649] Worker 10 latency: 1184 us (50%) 1559 us (75%) 1858 us (95%) 1922 us (99%).
I0313 09:03:47.686112 1337711 AriaExecutor.h:649] Worker 11 latency: 1181 us (50%) 1557 us (75%) 1858 us (95%) 1921 us (99%).
I0313 09:03:47.735235 1337711 Coordinator.h:177] total commit: 506156
I0313 09:03:48.735432 1337711 Coordinator.h:192] Coordinator exits.
