I0313 08:59:49.094288 1336072 Database.h:65] ycsb initialization finished in 99 milliseconds.
I0313 08:59:49.094496 1336072 Coordinator.h:30] Coordinator initializes 12 workers.
I0313 08:59:49.132079 1336072 Coordinator.h:77] Coordinator starts to run 13 workers.
I0313 08:59:49.132174 1336088 AriaExecutor.h:82] AriaExecutor 0 started. 
I0313 08:59:49.132215 1336089 AriaExecutor.h:82] AriaExecutor 1 started. 
I0313 08:59:49.132308 1336090 AriaExecutor.h:82] AriaExecutor 2 started. 
I0313 08:59:49.132401 1336091 AriaExecutor.h:82] AriaExecutor 3 started. 
I0313 08:59:49.132472 1336092 AriaExecutor.h:82] AriaExecutor 4 started. 
I0313 08:59:49.132556 1336093 AriaExecutor.h:82] AriaExecutor 5 started. 
I0313 08:59:49.132653 1336094 AriaExecutor.h:82] AriaExecutor 6 started. 
I0313 08:59:49.132750 1336095 AriaExecutor.h:82] AriaExecutor 7 started. 
I0313 08:59:49.132818 1336096 AriaExecutor.h:82] AriaExecutor 8 started. 
I0313 08:59:49.132931 1336097 AriaExecutor.h:82] AriaExecutor 9 started. 
I0313 08:59:49.133044 1336098 AriaExecutor.h:82] AriaExecutor 10 started. 
I0313 08:59:49.133168 1336099 AriaExecutor.h:82] AriaExecutor 11 started. 
I0313 08:59:49.133273 1336100 Manager.h:224] Manager(worker id = 12) on the coordinator node started.
I0313 08:59:50.133332 1336072 Coordinator.h:126] commit: 280754 abort: 244246 (0/244246/0), network size: 0, avg network size: 0, si_in_serializable: 0 0 %, local: 0 %
I0313 08:59:51.133461 1336072 Coordinator.h:126] commit: 282218 abort: 246782 (0/246782/0), network size: 0, avg network size: 0, si_in_serializable: 0 0 %, local: 0 %
I0313 08:59:52.133613 1336072 Coordinator.h:126] commit: 283789 abort: 247211 (0/247211/0), network size: 0, avg network size: 0, si_in_serializable: 0 0 %, local: 0 %
I0313 08:59:53.133741 1336072 Coordinator.h:126] commit: 285175 abort: 248825 (0/248825/0), network size: 0, avg network size: 0, si_in_serializable: 0 0 %, local: 0 %
I0313 08:59:54.133858 1336072 Coordinator.h:126] commit: 286185 abort: 247815 (0/247815/0), network size: 0, avg network size: 0, si_in_serializable: 0 0 %, local: 0 %
I0313 08:59:55.133977 1336072 Coordinator.h:126] commit: 279175 abort: 245825 (0/245825/0), network size: 0, avg network size: 0, si_in_serializable: 0 0 %, local: 0 %
I0313 08:59:56.134095 1336072 Coordinator.h:126] commit: 284848 abort: 248152 (0/248152/0), network size: 0, avg network size: 0, si_in_serializable: 0 0 %, local: 0 %
I0313 08:59:57.134243 1336072 Coordinator.h:126] commit: 284211 abort: 248789 (0/248789/0), network size: 0, avg network size: 0, si_in_serializable: 0 0 %, local: 0 %
I0313 08:59:58.134369 1336072 Coordinator.h:126] commit: 283582 abort: 247418 (0/247418/0), network size: 0, avg network size: 0, si_in_serializable: 0 0 %, local: 0 %
I0313 08:59:59.134516 1336072 Coordinator.h:126] commit: 284231 abort: 248769 (0/248769/0), network size: 0, avg network size: 0, si_in_serializable: 0 0 %, local: 0 %
I0313 09:00:00.134644 1336072 Coordinator.h:126] commit: 283125 abort: 246875 (0/246875/0), network size: 0, avg network size: 0, si_in_serializable: 0 0 %, local: 0 %
I0313 09:00:01.134757 1336072 Coordinator.h:126] commit: 277858 abort: 242142 (0/242142/0), network size: 0, avg network size: 0, si_in_serializable: 0 0 %, local: 0 %
I0313 09:00:02.134876 1336072 Coordinator.h:126] commit: 284723 abort: 248277 (0/248277/0), network size: 0, avg network size: 0, si_in_serializable: 0 0 %, local: 0 %
I0313 09:00:03.135023 1336072 Coordinator.h:126] commit: 283100 abort: 246900 (0/246900/0), network size: 0, avg network size: 0, si_in_serializable: 0 0 %, local: 0 %
I0313 09:00:04.135149 1336072 Coordinator.h:126] commit: 285207 abort: 248793 (0/248793/0), network size: 0, avg network size: 0, si_in_serializable: 0 0 %, local: 0 %
I0313 09:00:05.135264 1336072 Coordinator.h:126] commit: 284125 abort: 246875 (0/246875/0), network size: 0, avg network size: 0, si_in_serializable: 0 0 %, local: 0 %
I0313 09:00:06.135381 1336072 Coordinator.h:126] commit: 284007 abort: 248993 (0/248993/0), network size: 0, avg network size: 0, si_in_serializable: 0 0 %, local: 0 %
I0313 09:00:07.135499 1336072 Coordinator.h:126] commit: 285149 abort: 248851 (0/248851/0), network size: 0, avg network size: 0, si_in_serializable: 0 0 %, local: 0 %
I0313 09:00:08.135648 1336072 Coordinator.h:126] commit: 283980 abort: 248020 (0/248020/0), network size: 0, avg network size: 0, si_in_serializable: 0 0 %, local: 0 %
I0313 09:00:09.135771 1336072 Coordinator.h:126] commit: 284877 abort: 249123 (0/249123/0), network size: 0, avg network size: 0, si_in_serializable: 0 0 %, local: 0 %
I0313 09:00:10.135887 1336072 Coordinator.h:126] commit: 284824 abort: 249176 (0/249176/0), network size: 0, avg network size: 0, si_in_serializable: 0 0 %, local: 0 %
I0313 09:00:11.136000 1336072 Coordinator.h:126] commit: 276746 abort: 241254 (0/241254/0), network size: 0, avg network size: 0, si_in_serializable: 0 0 %, local: 0 %
I0313 09:00:12.136113 1336072 Coordinator.h:126] commit: 271715 abort: 237285 (0/237285/0), network size: 0, avg network size: 0, si_in_serializable: 0 0 %, local: 0 %
I0313 09:00:13.136229 1336072 Coordinator.h:126] commit: 284475 abort: 248525 (0/248525/0), network size: 0, avg network size: 0, si_in_serializable: 0 0 %, local: 0 %
I0313 09:00:14.136380 1336072 Coordinator.h:126] commit: 284124 abort: 247876 (0/247876/0), network size: 0, avg network size: 0, si_in_serializable: 0 0 %, local: 0 %
I0313 09:00:14.136430 1336072 Coordinator.h:152] average commit: 283615 abort: 247485 (0/247485/0), network size: 0, avg network size: 0, si_in_serializable: 0 0 %, local: 0 %
I0313 09:00:14.137773 1336100 Manager.h:227] Manager(worker id = 12) on the coordinator node exits.
I0313 09:00:14.137775 1336089 AriaExecutor.h:94] AriaExecutor 1 exits. 
I0313 09:00:14.137774 1336090 AriaExecutor.h:94] AriaExecutor 2 exits. 
I0313 09:00:14.137775 1336094 AriaExecutor.h:94] AriaExecutor 6 exits. 
I0313 09:00:14.137775 1336095 AriaExecutor.h:94] AriaExecutor 7 exits. 
I0313 09:00:14.137774 1336099 AriaExecutor.h:94] AriaExecutor 11 exits. 
I0313 09:00:14.137776 1336096 AriaExecutor.h:94] AriaExecutor 8 exits. 
I0313 09:00:14.137776 1336091 AriaExecutor.h:94] AriaExecutor 3 exits. 
I0313 09:00:14.137774 1336098 AriaExecutor.h:94] AriaExecutor 10 exits. 
I0313 09:00:14.137775 1336092 AriaExecutor.h:94] AriaExecutor 4 exits. 
I0313 09:00:14.137774 1336097 AriaExecutor.h:94] AriaExecutor 9 exits. 
I0313 09:00:14.137775 1336088 AriaExecutor.h:94] AriaExecutor 0 exits. 
I0313 09:00:14.137775 1336093 AriaExecutor.h:94] AriaExecutor 5 exits. 
I0313 09:00:14.136444 1336072 AriaExecutor.h:535] Worker 0 latency: 1218 us (50%) 1580 us (75%) 1817 us (95%) 1858 us (99%).
I0313 09:00:14.163959 1336072 AriaExecutor.h:535] Worker 1 latency: 1218 us (50%) 1579 us (75%) 1817 us (95%) 1857 us (99%).
I0313 09:00:14.191089 1336072 AriaExecutor.h:535] Worker 2 latency: 1218 us (50%) 1578 us (75%) 1817 us (95%) 1857 us (99%).
I0313 09:00:14.218402 1336072 AriaExecutor.h:535] Worker 3 latency: 1217 us (50%) 1578 us (75%) 1816 us (95%) 1857 us (99%).
I0313 09:00:14.245968 1336072 AriaExecutor.h:535] Worker 4 latency: 1223 us (50%) 1580 us (75%) 1816 us (95%) 1857 us (99%).
I0313 09:00:14.272759 1336072 AriaExecutor.h:535] Worker 5 latency: 1221 us (50%) 1579 us (75%) 1816 us (95%) 1857 us (99%).
I0313 09:00:14.299932 1336072 AriaExecutor.h:535] Worker 6 latency: 1221 us (50%) 1579 us (75%) 1816 us (95%) 1857 us (99%).
I0313 09:00:14.326493 1336072 AriaExecutor.h:535] Worker 7 latency: 1224 us (50%) 1580 us (75%) 1816 us (95%) 1857 us (99%).
I0313 09:00:14.353188 1336072 AriaExecutor.h:535] Worker 8 latency: 1222 us (50%) 1578 us (75%) 1815 us (95%) 1857 us (99%).
I0313 09:00:14.379797 1336072 AriaExecutor.h:535] Worker 9 latency: 1221 us (50%) 1577 us (75%) 1815 us (95%) 1856 us (99%).
I0313 09:00:14.406790 1336072 AriaExecutor.h:535] Worker 10 latency: 1220 us (50%) 1577 us (75%) 1814 us (95%) 1856 us (99%).
I0313 09:00:14.433530 1336072 AriaExecutor.h:535] Worker 11 latency: 1218 us (50%) 1575 us (75%) 1814 us (95%) 1856 us (99%).
I0313 09:00:14.460448 1336072 Coordinator.h:177] total commit: 283615
I0313 09:00:15.460655 1336072 Coordinator.h:192] Coordinator exits.
