I0313 09:05:35.420046 1338943 Database.h:65] ycsb initialization finished in 99 milliseconds.
I0313 09:05:35.420296 1338943 Coordinator.h:30] Coordinator initializes 12 workers.
I0313 09:05:35.530068 1338943 Coordinator.h:77] Coordinator starts to run 13 workers.
I0313 09:05:35.530169 1338965 AriaExecutor.h:91] AriaExecutor 0 started. 
I0313 09:05:35.530215 1338966 AriaExecutor.h:91] AriaExecutor 1 started. 
I0313 09:05:35.530299 1338967 AriaExecutor.h:91] AriaExecutor 2 started. 
I0313 09:05:35.530361 1338968 AriaExecutor.h:91] AriaExecutor 3 started. 
I0313 09:05:35.530438 1338969 AriaExecutor.h:91] AriaExecutor 4 started. 
I0313 09:05:35.530525 1338970 AriaExecutor.h:91] AriaExecutor 5 started. 
I0313 09:05:35.530628 1338971 AriaExecutor.h:91] AriaExecutor 6 started. 
I0313 09:05:35.530692 1338972 AriaExecutor.h:91] AriaExecutor 7 started. 
I0313 09:05:35.530761 1338973 AriaExecutor.h:91] AriaExecutor 8 started. 
I0313 09:05:35.530869 1338974 AriaExecutor.h:91] AriaExecutor 9 started. 
I0313 09:05:35.530989 1338975 AriaExecutor.h:91] AriaExecutor 10 started. 
I0313 09:05:35.531112 1338976 AriaExecutor.h:91] AriaExecutor 11 started. 
I0313 09:05:35.531239 1338977 Manager.h:224] Manager(worker id = 12) on the coordinator node started.
I0313 09:05:36.531270 1338943 Coordinator.h:126] commit: 463098 abort: 16902 (0/16902/0), network size: 0, avg network size: 0, si_in_serializable: 0 0 %, local: 0 %
I0313 09:05:37.531421 1338943 Coordinator.h:126] commit: 470743 abort: 17257 (0/17257/0), network size: 0, avg network size: 0, si_in_serializable: 0 0 %, local: 0 %
I0313 09:05:38.531584 1338943 Coordinator.h:126] commit: 478375 abort: 17625 (0/17625/0), network size: 0, avg network size: 0, si_in_serializable: 0 0 %, local: 0 %
I0313 09:05:39.531713 1338943 Coordinator.h:126] commit: 474385 abort: 17615 (0/17615/0), network size: 0, avg network size: 0, si_in_serializable: 0 0 %, local: 0 %
I0313 09:05:40.531831 1338943 Coordinator.h:126] commit: 474916 abort: 17084 (0/17084/0), network size: 0, avg network size: 0, si_in_serializable: 0 0 %, local: 0 %
I0313 09:05:41.531951 1338943 Coordinator.h:126] commit: 474682 abort: 17318 (0/17318/0), network size: 0, avg network size: 0, si_in_serializable: 0 0 %, local: 0 %
I0313 09:05:42.532073 1338943 Coordinator.h:126] commit: 470774 abort: 17226 (0/17226/0), network size: 0, avg network size: 0, si_in_serializable: 0 0 %, local: 0 %
I0313 09:05:43.532234 1338943 Coordinator.h:126] commit: 474529 abort: 17471 (0/17471/0), network size: 0, avg network size: 0, si_in_serializable: 0 0 %, local: 0 %
I0313 09:05:44.532364 1338943 Coordinator.h:126] commit: 478662 abort: 17338 (0/17338/0), network size: 0, avg network size: 0, si_in_serializable: 0 0 %, local: 0 %
I0313 09:05:45.532482 1338943 Coordinator.h:126] commit: 478626 abort: 17374 (0/17374/0), network size: 0, avg network size: 0, si_in_serializable: 0 0 %, local: 0 %
I0313 09:05:46.532606 1338943 Coordinator.h:126] commit: 474565 abort: 17435 (0/17435/0), network size: 0, avg network size: 0, si_in_serializable: 0 0 %, local: 0 %
I0313 09:05:47.532727 1338943 Coordinator.h:126] commit: 478748 abort: 17252 (0/17252/0), network size: 0, avg network size: 0, si_in_serializable: 0 0 %, local: 0 %
I0313 09:05:48.532846 1338943 Coordinator.h:126] commit: 474616 abort: 17384 (0/17384/0), network size: 0, avg network size: 0, si_in_serializable: 0 0 %, local: 0 %
I0313 09:05:49.533001 1338943 Coordinator.h:126] commit: 463007 abort: 16993 (0/16993/0), network size: 0, avg network size: 0, si_in_serializable: 0 0 %, local: 0 %
I0313 09:05:50.533130 1338943 Coordinator.h:126] commit: 478448 abort: 17552 (0/17552/0), network size: 0, avg network size: 0, si_in_serializable: 0 0 %, local: 0 %
I0313 09:05:51.533250 1338943 Coordinator.h:126] commit: 474838 abort: 17162 (0/17162/0), network size: 0, avg network size: 0, si_in_serializable: 0 0 %, local: 0 %
I0313 09:05:52.533372 1338943 Coordinator.h:126] commit: 478384 abort: 17616 (0/17616/0), network size: 0, avg network size: 0, si_in_serializable: 0 0 %, local: 0 %
I0313 09:05:53.533492 1338943 Coordinator.h:126] commit: 478504 abort: 17496 (0/17496/0), network size: 0, avg network size: 0, si_in_serializable: 0 0 %, local: 0 %
I0313 09:05:54.533612 1338943 Coordinator.h:126] commit: 474533 abort: 17467 (0/17467/0), network size: 0, avg network size: 0, si_in_serializable: 0 0 %, local: 0 %
I0313 09:05:55.533733 1338943 Coordinator.h:126] commit: 478608 abort: 17392 (0/17392/0), network size: 0, avg network size: 0, si_in_serializable: 0 0 %, local: 0 %
I0313 09:05:56.533854 1338943 Coordinator.h:126] commit: 474520 abort: 17480 (0/17480/0), network size: 0, avg network size: 0, si_in_serializable: 0 0 %, local: 0 %
I0313 09:05:57.533974 1338943 Coordinator.h:126] commit: 478405 abort: 17595 (0/17595/0), network size: 0, avg network size: 0, si_in_serializable: 0 0 %, local: 0 %
I0313 09:05:58.534098 1338943 Coordinator.h:126] commit: 474527 abort: 17473 (0/17473/0), network size: 0, avg network size: 0, si_in_serializable: 0 0 %, local: 0 %
I0313 09:05:59.534221 1338943 Coordinator.h:126] commit: 474589 abort: 17411 (0/17411/0), network size: 0, avg network size: 0, si_in_serializable: 0 0 %, local: 0 %
I0313 09:06:00.534343 1338943 Coordinator.h:126] commit: 478561 abort: 17439 (0/17439/0), network size: 0, avg network size: 0, si_in_serializable: 0 0 %, local: 0 %
I0313 09:06:00.534384 1338943 Coordinator.h:152] average commit: 475425 abort: 17374.9 (0/17374.9/0), network size: 0, avg network size: 0, si_in_serializable: 0 0 %, local: 0 %
I0313 09:06:00.543387 1338967 AriaExecutor.h:103] AriaExecutor 2 exits. 
I0313 09:06:00.543388 1338966 AriaExecutor.h:103] AriaExecutor 1 exits. 
I0313 09:06:00.543386 1338977 Manager.h:227] Manager(worker id = 12) on the coordinator node exits.
I0313 09:06:00.543387 1338972 AriaExecutor.h:103] AriaExecutor 7 exits. 
I0313 09:06:00.543388 1338965 AriaExecutor.h:103] AriaExecutor 0 exits. 
I0313 09:06:00.543390 1338968 AriaExecutor.h:103] AriaExecutor 3 exits. 
I0313 09:06:00.543387 1338974 AriaExecutor.h:103] AriaExecutor 9 exits. 
I0313 09:06:00.543390 1338970 AriaExecutor.h:103] AriaExecutor 5 exits. 
I0313 09:06:00.543387 1338971 AriaExecutor.h:103] AriaExecutor 6 exits. 
I0313 09:06:00.543391 1338973 AriaExecutor.h:103] AriaExecutor 8 exits. 
I0313 09:06:00.543390 1338975 AriaExecutor.h:103] AriaExecutor 10 exits. 
I0313 09:06:00.543388 1338976 AriaExecutor.h:103] AriaExecutor 11 exits. 
I0313 09:06:00.543390 1338969 AriaExecutor.h:103] AriaExecutor 4 exits. 
I0313 09:06:00.534397 1338943 AriaExecutor.h:649] Worker 0 latency: 4911 us (50%) 6427 us (75%) 7622 us (95%) 7865 us (99%).
I0313 09:06:00.586179 1338943 AriaExecutor.h:649] Worker 1 latency: 4922 us (50%) 6434 us (75%) 7624 us (95%) 7866 us (99%).
I0313 09:06:00.636693 1338943 AriaExecutor.h:649] Worker 2 latency: 4910 us (50%) 6428 us (75%) 7622 us (95%) 7865 us (99%).
I0313 09:06:00.686444 1338943 AriaExecutor.h:649] Worker 3 latency: 4922 us (50%) 6433 us (75%) 7623 us (95%) 7864 us (99%).
I0313 09:06:00.735877 1338943 AriaExecutor.h:649] Worker 4 latency: 4925 us (50%) 6436 us (75%) 7625 us (95%) 7866 us (99%).
I0313 09:06:00.785403 1338943 AriaExecutor.h:649] Worker 5 latency: 4918 us (50%) 6432 us (75%) 7623 us (95%) 7865 us (99%).
I0313 09:06:00.834527 1338943 AriaExecutor.h:649] Worker 6 latency: 4921 us (50%) 6434 us (75%) 7623 us (95%) 7865 us (99%).
I0313 09:06:00.884581 1338943 AriaExecutor.h:649] Worker 7 latency: 4930 us (50%) 6437 us (75%) 7625 us (95%) 7866 us (99%).
I0313 09:06:00.934516 1338943 AriaExecutor.h:649] Worker 8 latency: 4932 us (50%) 6439 us (75%) 7626 us (95%) 7866 us (99%).
I0313 09:06:00.984118 1338943 AriaExecutor.h:649] Worker 9 latency: 4923 us (50%) 6434 us (75%) 7623 us (95%) 7864 us (99%).
I0313 09:06:01.034098 1338943 AriaExecutor.h:649] Worker 10 latency: 4935 us (50%) 6440 us (75%) 7626 us (95%) 7866 us (99%).
I0313 09:06:01.083434 1338943 AriaExecutor.h:649] Worker 11 latency: 4924 us (50%) 6435 us (75%) 7624 us (95%) 7864 us (99%).
I0313 09:06:01.132589 1338943 Coordinator.h:177] total commit: 475425
I0313 09:06:02.132797 1338943 Coordinator.h:192] Coordinator exits.
