I0313 08:58:02.833938 1335194 Database.h:65] ycsb initialization finished in 97 milliseconds.
I0313 08:58:02.834164 1335194 Coordinator.h:30] Coordinator initializes 12 workers.
I0313 08:58:02.873581 1335194 Coordinator.h:77] Coordinator starts to run 13 workers.
I0313 08:58:02.873665 1335210 AriaExecutor.h:82] AriaExecutor 0 started. 
I0313 08:58:02.873713 1335211 AriaExecutor.h:82] AriaExecutor 1 started. 
I0313 08:58:02.873799 1335212 AriaExecutor.h:82] AriaExecutor 2 started. 
I0313 08:58:02.873867 1335213 AriaExecutor.h:82] AriaExecutor 3 started. 
I0313 08:58:02.873935 1335214 AriaExecutor.h:82] AriaExecutor 4 started. 
I0313 08:58:02.874013 1335215 AriaExecutor.h:82] AriaExecutor 5 started. 
I0313 08:58:02.874084 1335216 AriaExecutor.h:82] AriaExecutor 6 started. 
I0313 08:58:02.874156 1335217 AriaExecutor.h:82] AriaExecutor 7 started. 
I0313 08:58:02.874222 1335218 AriaExecutor.h:82] AriaExecutor 8 started. 
I0313 08:58:02.874336 1335219 AriaExecutor.h:82] AriaExecutor 9 started. 
I0313 08:58:02.874459 1335220 AriaExecutor.h:82] AriaExecutor 10 started. 
I0313 08:58:02.874573 1335221 AriaExecutor.h:82] AriaExecutor 11 started. 
I0313 08:58:02.874679 1335222 Manager.h:224] Manager(worker id = 12) on the coordinator node started.
I0313 08:58:03.874722 1335194 Coordinator.h:126] commit: 378586 abort: 143414 (0/143414/0), network size: 0, avg network size: 0, si_in_serializable: 0 0 %, local: 0 %
I0313 08:58:04.874858 1335194 Coordinator.h:126] commit: 383704 abort: 145296 (0/145296/0), network size: 0, avg network size: 0, si_in_serializable: 0 0 %, local: 0 %
I0313 08:58:05.875015 1335194 Coordinator.h:126] commit: 384496 abort: 146504 (0/146504/0), network size: 0, avg network size: 0, si_in_serializable: 0 0 %, local: 0 %
I0313 08:58:06.875136 1335194 Coordinator.h:126] commit: 386721 abort: 147279 (0/147279/0), network size: 0, avg network size: 0, si_in_serializable: 0 0 %, local: 0 %
I0313 08:58:07.875252 1335194 Coordinator.h:126] commit: 384064 abort: 144936 (0/144936/0), network size: 0, avg network size: 0, si_in_serializable: 0 0 %, local: 0 %
I0313 08:58:08.875367 1335194 Coordinator.h:126] commit: 384141 abort: 145859 (0/145859/0), network size: 0, avg network size: 0, si_in_serializable: 0 0 %, local: 0 %
I0313 08:58:09.875480 1335194 Coordinator.h:126] commit: 387048 abort: 146952 (0/146952/0), network size: 0, avg network size: 0, si_in_serializable: 0 0 %, local: 0 %
I0313 08:58:10.875634 1335194 Coordinator.h:126] commit: 386881 abort: 147119 (0/147119/0), network size: 0, avg network size: 0, si_in_serializable: 0 0 %, local: 0 %
I0313 08:58:11.875761 1335194 Coordinator.h:126] commit: 374922 abort: 142078 (0/142078/0), network size: 0, avg network size: 0, si_in_serializable: 0 0 %, local: 0 %
I0313 08:58:12.875880 1335194 Coordinator.h:126] commit: 386238 abort: 147762 (0/147762/0), network size: 0, avg network size: 0, si_in_serializable: 0 0 %, local: 0 %
I0313 08:58:13.875994 1335194 Coordinator.h:126] commit: 388557 abort: 146443 (0/146443/0), network size: 0, avg network size: 0, si_in_serializable: 0 0 %, local: 0 %
I0313 08:58:14.876111 1335194 Coordinator.h:126] commit: 388938 abort: 146062 (0/146062/0), network size: 0, avg network size: 0, si_in_serializable: 0 0 %, local: 0 %
I0313 08:58:15.876227 1335194 Coordinator.h:126] commit: 384398 abort: 146602 (0/146602/0), network size: 0, avg network size: 0, si_in_serializable: 0 0 %, local: 0 %
I0313 08:58:16.876390 1335194 Coordinator.h:126] commit: 386771 abort: 147229 (0/147229/0), network size: 0, avg network size: 0, si_in_serializable: 0 0 %, local: 0 %
I0313 08:58:17.876518 1335194 Coordinator.h:126] commit: 386732 abort: 147268 (0/147268/0), network size: 0, avg network size: 0, si_in_serializable: 0 0 %, local: 0 %
I0313 08:58:18.876633 1335194 Coordinator.h:126] commit: 387880 abort: 147120 (0/147120/0), network size: 0, avg network size: 0, si_in_serializable: 0 0 %, local: 0 %
I0313 08:58:19.876749 1335194 Coordinator.h:126] commit: 363161 abort: 137839 (0/137839/0), network size: 0, avg network size: 0, si_in_serializable: 0 0 %, local: 0 %
I0313 08:58:20.876865 1335194 Coordinator.h:126] commit: 386705 abort: 146295 (0/146295/0), network size: 0, avg network size: 0, si_in_serializable: 0 0 %, local: 0 %
I0313 08:58:21.876981 1335194 Coordinator.h:126] commit: 387210 abort: 146790 (0/146790/0), network size: 0, avg network size: 0, si_in_serializable: 0 0 %, local: 0 %
I0313 08:58:22.877094 1335194 Coordinator.h:126] commit: 387551 abort: 147449 (0/147449/0), network size: 0, avg network size: 0, si_in_serializable: 0 0 %, local: 0 %
I0313 08:58:23.877213 1335194 Coordinator.h:126] commit: 387048 abort: 146952 (0/146952/0), network size: 0, avg network size: 0, si_in_serializable: 0 0 %, local: 0 %
I0313 08:58:24.877329 1335194 Coordinator.h:126] commit: 388160 abort: 146840 (0/146840/0), network size: 0, avg network size: 0, si_in_serializable: 0 0 %, local: 0 %
I0313 08:58:25.877437 1335194 Coordinator.h:126] commit: 387571 abort: 147429 (0/147429/0), network size: 0, avg network size: 0, si_in_serializable: 0 0 %, local: 0 %
I0313 08:58:26.877553 1335194 Coordinator.h:126] commit: 385906 abort: 146094 (0/146094/0), network size: 0, avg network size: 0, si_in_serializable: 0 0 %, local: 0 %
I0313 08:58:27.877676 1335194 Coordinator.h:126] commit: 383331 abort: 146669 (0/146669/0), network size: 0, avg network size: 0, si_in_serializable: 0 0 %, local: 0 %
I0313 08:58:27.877722 1335194 Coordinator.h:152] average commit: 384790 abort: 145910 (0/145910/0), network size: 0, avg network size: 0, si_in_serializable: 0 0 %, local: 0 %
I0313 08:58:27.879514 1335221 AriaExecutor.h:94] AriaExecutor 11 exits. 
I0313 08:58:27.879518 1335218 AriaExecutor.h:94] AriaExecutor 8 exits. 
I0313 08:58:27.879514 1335215 AriaExecutor.h:94] AriaExecutor 5 exits. 
I0313 08:58:27.879518 1335214 AriaExecutor.h:94] AriaExecutor 4 exits. 
I0313 08:58:27.879515 1335211 AriaExecutor.h:94] AriaExecutor 1 exits. 
I0313 08:58:27.879516 1335216 AriaExecutor.h:94] AriaExecutor 6 exits. 
I0313 08:58:27.879518 1335210 AriaExecutor.h:94] AriaExecutor 0 exits. 
I0313 08:58:27.879514 1335213 AriaExecutor.h:94] AriaExecutor 3 exits. 
I0313 08:58:27.879518 1335219 AriaExecutor.h:94] AriaExecutor 9 exits. 
I0313 08:58:27.879514 1335222 Manager.h:227] Manager(worker id = 12) on the coordinator node exits.
I0313 08:58:27.879515 1335212 AriaExecutor.h:94] AriaExecutor 2 exits. 
I0313 08:58:27.879516 1335220 AriaExecutor.h:94] AriaExecutor 10 exits. 
I0313 08:58:27.879516 1335217 AriaExecutor.h:94] AriaExecutor 7 exits. 
I0313 08:58:27.877738 1335194 AriaExecutor.h:535] Worker 0 latency: 1188 us (50%) 1546 us (75%) 1798 us (95%) 1846 us (99%).
I0313 08:58:27.917579 1335194 AriaExecutor.h:535] Worker 1 latency: 1190 us (50%) 1546 us (75%) 1798 us (95%) 1846 us (99%).
I0313 08:58:27.956175 1335194 AriaExecutor.h:535] Worker 2 latency: 1189 us (50%) 1546 us (75%) 1798 us (95%) 1846 us (99%).
I0313 08:58:27.994879 1335194 AriaExecutor.h:535] Worker 3 latency: 1191 us (50%) 1547 us (75%) 1798 us (95%) 1846 us (99%).
I0313 08:58:28.032701 1335194 AriaExecutor.h:535] Worker 4 latency: 1196 us (50%) 1548 us (75%) 1798 us (95%) 1846 us (99%).
I0313 08:58:28.070874 1335194 AriaExecutor.h:535] Worker 5 latency: 1196 us (50%) 1548 us (75%) 1798 us (95%) 1846 us (99%).
I0313 08:58:28.108877 1335194 AriaExecutor.h:535] Worker 6 latency: 1195 us (50%) 1548 us (75%) 1798 us (95%) 1846 us (99%).
I0313 08:58:28.146520 1335194 AriaExecutor.h:535] Worker 7 latency: 1196 us (50%) 1548 us (75%) 1798 us (95%) 1846 us (99%).
I0313 08:58:28.184175 1335194 AriaExecutor.h:535] Worker 8 latency: 1196 us (50%) 1548 us (75%) 1798 us (95%) 1846 us (99%).
I0313 08:58:28.221931 1335194 AriaExecutor.h:535] Worker 9 latency: 1197 us (50%) 1548 us (75%) 1798 us (95%) 1846 us (99%).
I0313 08:58:28.259720 1335194 AriaExecutor.h:535] Worker 10 latency: 1197 us (50%) 1549 us (75%) 1798 us (95%) 1846 us (99%).
I0313 08:58:28.297720 1335194 AriaExecutor.h:535] Worker 11 latency: 1194 us (50%) 1547 us (75%) 1798 us (95%) 1846 us (99%).
I0313 08:58:28.335424 1335194 Coordinator.h:177] total commit: 384790
I0313 08:58:29.335626 1335194 Coordinator.h:192] Coordinator exits.
