I0313 08:54:29.901468 1333392 Database.h:65] ycsb initialization finished in 97 milliseconds.
I0313 08:54:29.901684 1333392 Coordinator.h:30] Coordinator initializes 12 workers.
I0313 08:54:29.939734 1333392 Coordinator.h:77] Coordinator starts to run 13 workers.
I0313 08:54:29.939826 1333408 AriaExecutor.h:82] AriaExecutor 0 started. 
I0313 08:54:29.939870 1333409 AriaExecutor.h:82] AriaExecutor 1 started. 
I0313 08:54:29.939960 1333410 AriaExecutor.h:82] AriaExecutor 2 started. 
I0313 08:54:29.940021 1333411 AriaExecutor.h:82] AriaExecutor 3 started. 
I0313 08:54:29.940073 1333412 AriaExecutor.h:82] AriaExecutor 4 started. 
I0313 08:54:29.940142 1333413 AriaExecutor.h:82] AriaExecutor 5 started. 
I0313 08:54:29.940204 1333414 AriaExecutor.h:82] AriaExecutor 6 started. 
I0313 08:54:29.940277 1333415 AriaExecutor.h:82] AriaExecutor 7 started. 
I0313 08:54:29.940359 1333416 AriaExecutor.h:82] AriaExecutor 8 started. 
I0313 08:54:29.940488 1333417 AriaExecutor.h:82] AriaExecutor 9 started. 
I0313 08:54:29.940596 1333418 AriaExecutor.h:82] AriaExecutor 10 started. 
I0313 08:54:29.940716 1333419 AriaExecutor.h:82] AriaExecutor 11 started. 
I0313 08:54:29.940829 1333420 Manager.h:224] Manager(worker id = 12) on the coordinator node started.
I0313 08:54:30.940874 1333392 Coordinator.h:126] commit: 498982 abort: 4018 (0/4018/0), network size: 0, avg network size: 0, si_in_serializable: 0 0 %, local: 0 %
I0313 08:54:31.941015 1333392 Coordinator.h:126] commit: 507041 abort: 3959 (0/3959/0), network size: 0, avg network size: 0, si_in_serializable: 0 0 %, local: 0 %
I0313 08:54:32.941169 1333392 Coordinator.h:126] commit: 510114 abort: 3886 (0/3886/0), network size: 0, avg network size: 0, si_in_serializable: 0 0 %, local: 0 %
I0313 08:54:33.941293 1333392 Coordinator.h:126] commit: 510082 abort: 3918 (0/3918/0), network size: 0, avg network size: 0, si_in_serializable: 0 0 %, local: 0 %
I0313 08:54:34.941408 1333392 Coordinator.h:126] commit: 511036 abort: 3964 (0/3964/0), network size: 0, avg network size: 0, si_in_serializable: 0 0 %, local: 0 %
I0313 08:54:35.941521 1333392 Coordinator.h:126] commit: 509078 abort: 3922 (0/3922/0), network size: 0, avg network size: 0, si_in_serializable: 0 0 %, local: 0 %
I0313 08:54:36.941637 1333392 Coordinator.h:126] commit: 506227 abort: 3773 (0/3773/0), network size: 0, avg network size: 0, si_in_serializable: 0 0 %, local: 0 %
I0313 08:54:37.941792 1333392 Coordinator.h:126] commit: 510073 abort: 3927 (0/3927/0), network size: 0, avg network size: 0, si_in_serializable: 0 0 %, local: 0 %
I0313 08:54:38.941916 1333392 Coordinator.h:126] commit: 512050 abort: 3950 (0/3950/0), network size: 0, avg network size: 0, si_in_serializable: 0 0 %, local: 0 %
I0313 08:54:39.942034 1333392 Coordinator.h:126] commit: 513075 abort: 3925 (0/3925/0), network size: 0, avg network size: 0, si_in_serializable: 0 0 %, local: 0 %
I0313 08:54:40.942147 1333392 Coordinator.h:126] commit: 512123 abort: 3877 (0/3877/0), network size: 0, avg network size: 0, si_in_serializable: 0 0 %, local: 0 %
I0313 08:54:41.942258 1333392 Coordinator.h:126] commit: 509121 abort: 3879 (0/3879/0), network size: 0, avg network size: 0, si_in_serializable: 0 0 %, local: 0 %
I0313 08:54:42.942373 1333392 Coordinator.h:126] commit: 498195 abort: 3805 (0/3805/0), network size: 0, avg network size: 0, si_in_serializable: 0 0 %, local: 0 %
I0313 08:54:43.942528 1333392 Coordinator.h:126] commit: 508039 abort: 3961 (0/3961/0), network size: 0, avg network size: 0, si_in_serializable: 0 0 %, local: 0 %
I0313 08:54:44.942652 1333392 Coordinator.h:126] commit: 511945 abort: 4055 (0/4055/0), network size: 0, avg network size: 0, si_in_serializable: 0 0 %, local: 0 %
I0313 08:54:45.942767 1333392 Coordinator.h:126] commit: 512099 abort: 3901 (0/3901/0), network size: 0, avg network size: 0, si_in_serializable: 0 0 %, local: 0 %
I0313 08:54:46.942881 1333392 Coordinator.h:126] commit: 513114 abort: 3886 (0/3886/0), network size: 0, avg network size: 0, si_in_serializable: 0 0 %, local: 0 %
I0313 08:54:47.942998 1333392 Coordinator.h:126] commit: 512024 abort: 3976 (0/3976/0), network size: 0, avg network size: 0, si_in_serializable: 0 0 %, local: 0 %
I0313 08:54:48.943110 1333392 Coordinator.h:126] commit: 513041 abort: 3959 (0/3959/0), network size: 0, avg network size: 0, si_in_serializable: 0 0 %, local: 0 %
I0313 08:54:49.943223 1333392 Coordinator.h:126] commit: 513006 abort: 3994 (0/3994/0), network size: 0, avg network size: 0, si_in_serializable: 0 0 %, local: 0 %
I0313 08:54:50.943337 1333392 Coordinator.h:126] commit: 512969 abort: 4031 (0/4031/0), network size: 0, avg network size: 0, si_in_serializable: 0 0 %, local: 0 %
I0313 08:54:51.943452 1333392 Coordinator.h:126] commit: 511090 abort: 3910 (0/3910/0), network size: 0, avg network size: 0, si_in_serializable: 0 0 %, local: 0 %
I0313 08:54:52.943567 1333392 Coordinator.h:126] commit: 511106 abort: 3894 (0/3894/0), network size: 0, avg network size: 0, si_in_serializable: 0 0 %, local: 0 %
I0313 08:54:53.943681 1333392 Coordinator.h:126] commit: 513038 abort: 3962 (0/3962/0), network size: 0, avg network size: 0, si_in_serializable: 0 0 %, local: 0 %
I0313 08:54:54.943830 1333392 Coordinator.h:126] commit: 472288 abort: 3712 (0/3712/0), network size: 0, avg network size: 0, si_in_serializable: 0 0 %, local: 0 %
I0313 08:54:54.943877 1333392 Coordinator.h:152] average commit: 510271 abort: 3929.3 (0/3929.3/0), network size: 0, avg network size: 0, si_in_serializable: 0 0 %, local: 0 %
I0313 08:54:54.943928 1333408 AriaExecutor.h:94] AriaExecutor 0 exits. 
I0313 08:54:54.943926 1333420 Manager.h:227] Manager(worker id = 12) on the coordinator node exits.
I0313 08:54:54.943928 1333413 AriaExecutor.h:94] AriaExecutor 5 exits. 
I0313 08:54:54.943928 1333414 AriaExecutor.h:94] AriaExecutor 6 exits. 
I0313 08:54:54.943928 1333419 AriaExecutor.h:94] AriaExecutor 11 exits. 
I0313 08:54:54.943928 1333409 AriaExecutor.h:94] AriaExecutor 1 exits. 
I0313 08:54:54.943928 1333416 AriaExecutor.h:94] AriaExecutor 8 exits. 
I0313 08:54:54.943929 1333418 AriaExecutor.h:94] AriaExecutor 10 exits. 
I0313 08:54:54.943928 1333412 AriaExecutor.h:94] AriaExecutor 4 exits. 
I0313 08:54:54.943929 1333417 AriaExecutor.h:94] AriaExecutor 9 exits. 
I0313 08:54:54.943928 1333410 AriaExecutor.h:94] AriaExecutor 2 exits. 
I0313 08:54:54.943928 1333415 AriaExecutor.h:94] AriaExecutor 7 exits. 
I0313 08:54:54.943928 1333411 AriaExecutor.h:94] AriaExecutor 3 exits. 
I0313 08:54:54.943893 1333392 AriaExecutor.h:535] Worker 0 latency: 1152 us (50%) 1534 us (75%) 1838 us (95%) 1901 us (99%).
I0313 08:54:54.990450 1333392 AriaExecutor.h:535] Worker 1 latency: 1156 us (50%) 1535 us (75%) 1838 us (95%) 1900 us (99%).
I0313 08:54:55.036557 1333392 AriaExecutor.h:535] Worker 2 latency: 1156 us (50%) 1535 us (75%) 1838 us (95%) 1900 us (99%).
I0313 08:54:55.083359 1333392 AriaExecutor.h:535] Worker 3 latency: 1156 us (50%) 1535 us (75%) 1838 us (95%) 1900 us (99%).
I0313 08:54:55.129942 1333392 AriaExecutor.h:535] Worker 4 latency: 1163 us (50%) 1539 us (75%) 1839 us (95%) 1900 us (99%).
I0313 08:54:55.176005 1333392 AriaExecutor.h:535] Worker 5 latency: 1162 us (50%) 1538 us (75%) 1839 us (95%) 1900 us (99%).
I0313 08:54:55.221704 1333392 AriaExecutor.h:535] Worker 6 latency: 1163 us (50%) 1539 us (75%) 1838 us (95%) 1900 us (99%).
I0313 08:54:55.268388 1333392 AriaExecutor.h:535] Worker 7 latency: 1163 us (50%) 1539 us (75%) 1839 us (95%) 1900 us (99%).
I0313 08:54:55.314894 1333392 AriaExecutor.h:535] Worker 8 latency: 1164 us (50%) 1540 us (75%) 1839 us (95%) 1900 us (99%).
I0313 08:54:55.361028 1333392 AriaExecutor.h:535] Worker 9 latency: 1164 us (50%) 1539 us (75%) 1839 us (95%) 1900 us (99%).
I0313 08:54:55.406726 1333392 AriaExecutor.h:535] Worker 10 latency: 1165 us (50%) 1540 us (75%) 1839 us (95%) 1900 us (99%).
I0313 08:54:55.453510 1333392 AriaExecutor.h:535] Worker 11 latency: 1163 us (50%) 1539 us (75%) 1839 us (95%) 1900 us (99%).
I0313 08:54:55.499532 1333392 Coordinator.h:177] total commit: 510271
I0313 08:54:56.499758 1333392 Coordinator.h:192] Coordinator exits.
