I0313 08:57:10.175920 1334775 Database.h:65] ycsb initialization finished in 99 milliseconds.
I0313 08:57:10.176132 1334775 Coordinator.h:30] Coordinator initializes 12 workers.
I0313 08:57:10.214570 1334775 Coordinator.h:77] Coordinator starts to run 13 workers.
I0313 08:57:10.214658 1334791 AriaExecutor.h:82] AriaExecutor 0 started. 
I0313 08:57:10.214710 1334792 AriaExecutor.h:82] AriaExecutor 1 started. 
I0313 08:57:10.214797 1334793 AriaExecutor.h:82] AriaExecutor 2 started. 
I0313 08:57:10.214859 1334794 AriaExecutor.h:82] AriaExecutor 3 started. 
I0313 08:57:10.214926 1334795 AriaExecutor.h:82] AriaExecutor 4 started. 
I0313 08:57:10.214988 1334796 AriaExecutor.h:82] AriaExecutor 5 started. 
I0313 08:57:10.215045 1334797 AriaExecutor.h:82] AriaExecutor 6 started. 
I0313 08:57:10.215134 1334798 AriaExecutor.h:82] AriaExecutor 7 started. 
I0313 08:57:10.215229 1334799 AriaExecutor.h:82] AriaExecutor 8 started. 
I0313 08:57:10.215318 1334800 AriaExecutor.h:82] AriaExecutor 9 started. 
I0313 08:57:10.215431 1334801 AriaExecutor.h:82] AriaExecutor 10 started. 
I0313 08:57:10.215541 1334802 AriaExecutor.h:82] AriaExecutor 11 started. 
I0313 08:57:10.215670 1334803 Manager.h:224] Manager(worker id = 12) on the coordinator node started.
I0313 08:57:11.215713 1334775 Coordinator.h:126] commit: 7787 abort: 106213 (0/106213/0), network size: 0, avg network size: 0, si_in_serializable: 0 0 %, local: 0 %
I0313 08:57:12.215873 1334775 Coordinator.h:126] commit: 7831 abort: 108169 (0/108169/0), network size: 0, avg network size: 0, si_in_serializable: 0 0 %, local: 0 %
I0313 08:57:13.216033 1334775 Coordinator.h:126] commit: 7857 abort: 108337 (0/108337/0), network size: 0, avg network size: 0, si_in_serializable: 0 0 %, local: 0 %
I0313 08:57:14.216167 1334775 Coordinator.h:126] commit: 7952 abort: 108854 (0/108854/0), network size: 0, avg network size: 0, si_in_serializable: 0 0 %, local: 0 %
I0313 08:57:15.216290 1334775 Coordinator.h:126] commit: 8005 abort: 108995 (0/108995/0), network size: 0, avg network size: 0, si_in_serializable: 0 0 %, local: 0 %
I0313 08:57:16.216414 1334775 Coordinator.h:126] commit: 7890 abort: 108110 (0/108110/0), network size: 0, avg network size: 0, si_in_serializable: 0 0 %, local: 0 %
I0313 08:57:17.216539 1334775 Coordinator.h:126] commit: 8004 abort: 107996 (0/107996/0), network size: 0, avg network size: 0, si_in_serializable: 0 0 %, local: 0 %
I0313 08:57:18.216703 1334775 Coordinator.h:126] commit: 8099 abort: 108901 (0/108901/0), network size: 0, avg network size: 0, si_in_serializable: 0 0 %, local: 0 %
I0313 08:57:19.216841 1334775 Coordinator.h:126] commit: 7814 abort: 108186 (0/108186/0), network size: 0, avg network size: 0, si_in_serializable: 0 0 %, local: 0 %
I0313 08:57:20.216966 1334775 Coordinator.h:126] commit: 7934 abort: 108066 (0/108066/0), network size: 0, avg network size: 0, si_in_serializable: 0 0 %, local: 0 %
I0313 08:57:21.217124 1334775 Coordinator.h:126] commit: 8016 abort: 108984 (0/108984/0), network size: 0, avg network size: 0, si_in_serializable: 0 0 %, local: 0 %
I0313 08:57:22.217263 1334775 Coordinator.h:126] commit: 7945 abort: 107055 (0/107055/0), network size: 0, avg network size: 0, si_in_serializable: 0 0 %, local: 0 %
I0313 08:57:23.217388 1334775 Coordinator.h:126] commit: 7893 abort: 109107 (0/109107/0), network size: 0, avg network size: 0, si_in_serializable: 0 0 %, local: 0 %
I0313 08:57:24.217545 1334775 Coordinator.h:126] commit: 7843 abort: 109157 (0/109157/0), network size: 0, avg network size: 0, si_in_serializable: 0 0 %, local: 0 %
I0313 08:57:25.217689 1334775 Coordinator.h:126] commit: 7946 abort: 108054 (0/108054/0), network size: 0, avg network size: 0, si_in_serializable: 0 0 %, local: 0 %
I0313 08:57:26.217815 1334775 Coordinator.h:126] commit: 7914 abort: 109086 (0/109086/0), network size: 0, avg network size: 0, si_in_serializable: 0 0 %, local: 0 %
I0313 08:57:27.217942 1334775 Coordinator.h:126] commit: 7912 abort: 108088 (0/108088/0), network size: 0, avg network size: 0, si_in_serializable: 0 0 %, local: 0 %
I0313 08:57:28.218068 1334775 Coordinator.h:126] commit: 7942 abort: 109058 (0/109058/0), network size: 0, avg network size: 0, si_in_serializable: 0 0 %, local: 0 %
I0313 08:57:29.218194 1334775 Coordinator.h:126] commit: 7890 abort: 108110 (0/108110/0), network size: 0, avg network size: 0, si_in_serializable: 0 0 %, local: 0 %
I0313 08:57:30.218354 1334775 Coordinator.h:126] commit: 7921 abort: 109079 (0/109079/0), network size: 0, avg network size: 0, si_in_serializable: 0 0 %, local: 0 %
I0313 08:57:31.218495 1334775 Coordinator.h:126] commit: 7943 abort: 108057 (0/108057/0), network size: 0, avg network size: 0, si_in_serializable: 0 0 %, local: 0 %
I0313 08:57:32.218619 1334775 Coordinator.h:126] commit: 8026 abort: 108974 (0/108974/0), network size: 0, avg network size: 0, si_in_serializable: 0 0 %, local: 0 %
I0313 08:57:33.218743 1334775 Coordinator.h:126] commit: 7907 abort: 108093 (0/108093/0), network size: 0, avg network size: 0, si_in_serializable: 0 0 %, local: 0 %
I0313 08:57:34.218870 1334775 Coordinator.h:126] commit: 7912 abort: 109088 (0/109088/0), network size: 0, avg network size: 0, si_in_serializable: 0 0 %, local: 0 %
I0313 08:57:35.218999 1334775 Coordinator.h:126] commit: 8070 abort: 107930 (0/107930/0), network size: 0, avg network size: 0, si_in_serializable: 0 0 %, local: 0 %
I0313 08:57:35.219041 1334775 Coordinator.h:152] average commit: 7922.2 abort: 108578 (0/108578/0), network size: 0, avg network size: 0, si_in_serializable: 0 0 %, local: 0 %
I0313 08:57:35.219058 1334775 AriaExecutor.h:535] Worker 0 latency: 8319 us (50%) 8458 us (75%) 8561 us (95%) 8645 us (99%).
I0313 08:57:35.222920 1334803 Manager.h:227] Manager(worker id = 12) on the coordinator node exits.
I0313 08:57:35.222923 1334799 AriaExecutor.h:94] AriaExecutor 8 exits. 
I0313 08:57:35.222924 1334792 AriaExecutor.h:94] AriaExecutor 1 exits. 
I0313 08:57:35.222924 1334793 AriaExecutor.h:94] AriaExecutor 2 exits. 
I0313 08:57:35.222923 1334798 AriaExecutor.h:94] AriaExecutor 7 exits. 
I0313 08:57:35.222924 1334801 AriaExecutor.h:94] AriaExecutor 10 exits. 
I0313 08:57:35.222925 1334797 AriaExecutor.h:94] AriaExecutor 6 exits. 
I0313 08:57:35.222923 1334800 AriaExecutor.h:94] AriaExecutor 9 exits. 
I0313 08:57:35.222925 1334794 AriaExecutor.h:94] AriaExecutor 3 exits. 
I0313 08:57:35.222923 1334791 AriaExecutor.h:94] AriaExecutor 0 exits. 
I0313 08:57:35.222923 1334796 AriaExecutor.h:94] AriaExecutor 5 exits. 
I0313 08:57:35.222924 1334802 AriaExecutor.h:94] AriaExecutor 11 exits. 
I0313 08:57:35.222925 1334795 AriaExecutor.h:94] AriaExecutor 4 exits. 
I0313 08:57:35.223145 1334775 AriaExecutor.h:535] Worker 1 latency: 8328 us (50%) 8461 us (75%) 8560 us (95%) 8653 us (99%).
I0313 08:57:35.224051 1334775 AriaExecutor.h:535] Worker 2 latency: 8322 us (50%) 8459 us (75%) 8560 us (95%) 8654 us (99%).
I0313 08:57:35.224948 1334775 AriaExecutor.h:535] Worker 3 latency: 8318 us (50%) 8457 us (75%) 8559 us (95%) 8642 us (99%).
I0313 08:57:35.225837 1334775 AriaExecutor.h:535] Worker 4 latency: 8315 us (50%) 8456 us (75%) 8558 us (95%) 8642 us (99%).
I0313 08:57:35.226732 1334775 AriaExecutor.h:535] Worker 5 latency: 8314 us (50%) 8456 us (75%) 8559 us (95%) 8650 us (99%).
I0313 08:57:35.227597 1334775 AriaExecutor.h:535] Worker 6 latency: 8310 us (50%) 8455 us (75%) 8557 us (95%) 8642 us (99%).
I0313 08:57:35.228466 1334775 AriaExecutor.h:535] Worker 7 latency: 8311 us (50%) 8455 us (75%) 8557 us (95%) 8644 us (99%).
I0313 08:57:35.229351 1334775 AriaExecutor.h:535] Worker 8 latency: 8304 us (50%) 8452 us (75%) 8555 us (95%) 8637 us (99%).
I0313 08:57:35.230235 1334775 AriaExecutor.h:535] Worker 9 latency: 8309 us (50%) 8452 us (75%) 8555 us (95%) 8643 us (99%).
I0313 08:57:35.231101 1334775 AriaExecutor.h:535] Worker 10 latency: 8308 us (50%) 8454 us (75%) 8555 us (95%) 8635 us (99%).
I0313 08:57:35.231933 1334775 AriaExecutor.h:535] Worker 11 latency: 8298 us (50%) 8448 us (75%) 8553 us (95%) 8636 us (99%).
I0313 08:57:35.232806 1334775 Coordinator.h:177] total commit: 7922.2
I0313 08:57:36.232995 1334775 Coordinator.h:192] Coordinator exits.
