I0318 16:43:39.441090 3952429 Database.h:65] ycsb initialization finished in 102 milliseconds.
I0318 16:43:39.441308 3952429 Coordinator.h:30] Coordinator initializes 12 workers.
I0318 16:43:39.480370 3952429 Coordinator.h:77] Coordinator starts to run 13 workers.
I0318 16:43:39.480465 3952445 AriaExecutor.h:94] AriaExecutor 0 started. 
I0318 16:43:39.480510 3952446 AriaExecutor.h:94] AriaExecutor 1 started. 
I0318 16:43:39.480600 3952447 AriaExecutor.h:94] AriaExecutor 2 started. 
I0318 16:43:39.480706 3952448 AriaExecutor.h:94] AriaExecutor 3 started. 
I0318 16:43:39.480762 3952449 AriaExecutor.h:94] AriaExecutor 4 started. 
I0318 16:43:39.480875 3952450 AriaExecutor.h:94] AriaExecutor 5 started. 
I0318 16:43:39.480997 3952451 AriaExecutor.h:94] AriaExecutor 6 started. 
I0318 16:43:39.481124 3952452 AriaExecutor.h:94] AriaExecutor 7 started. 
I0318 16:43:39.481231 3952453 AriaExecutor.h:94] AriaExecutor 8 started. 
I0318 16:43:39.481341 3952454 AriaExecutor.h:94] AriaExecutor 9 started. 
I0318 16:43:39.481451 3952455 AriaExecutor.h:94] AriaExecutor 10 started. 
I0318 16:43:39.481562 3952456 AriaExecutor.h:94] AriaExecutor 11 started. 
I0318 16:43:39.481673 3952457 Manager.h:224] Manager(worker id = 12) on the coordinator node started.
I0318 16:43:40.481722 3952429 Coordinator.h:126] commit: 782572 abort: 3428 (0/3428/0), network size: 0, avg network size: 0, si_in_serializable: 0 0 %, local: 0 %
I0318 16:43:41.481865 3952429 Coordinator.h:126] commit: 805364 abort: 3636 (0/3636/0), network size: 0, avg network size: 0, si_in_serializable: 0 0 %, local: 0 %
I0318 16:43:42.482028 3952429 Coordinator.h:126] commit: 818336 abort: 3664 (0/3664/0), network size: 0, avg network size: 0, si_in_serializable: 0 0 %, local: 0 %
I0318 16:43:43.482157 3952429 Coordinator.h:126] commit: 816378 abort: 3622 (0/3622/0), network size: 0, avg network size: 0, si_in_serializable: 0 0 %, local: 0 %
I0318 16:43:44.482281 3952429 Coordinator.h:126] commit: 821362 abort: 3638 (0/3638/0), network size: 0, avg network size: 0, si_in_serializable: 0 0 %, local: 0 %
I0318 16:43:45.482400 3952429 Coordinator.h:126] commit: 816455 abort: 3545 (0/3545/0), network size: 0, avg network size: 0, si_in_serializable: 0 0 %, local: 0 %
I0318 16:43:46.482524 3952429 Coordinator.h:126] commit: 821321 abort: 3679 (0/3679/0), network size: 0, avg network size: 0, si_in_serializable: 0 0 %, local: 0 %
I0318 16:43:47.482684 3952429 Coordinator.h:126] commit: 802357 abort: 3643 (0/3643/0), network size: 0, avg network size: 0, si_in_serializable: 0 0 %, local: 0 %
I0318 16:43:48.482818 3952429 Coordinator.h:126] commit: 818348 abort: 3652 (0/3652/0), network size: 0, avg network size: 0, si_in_serializable: 0 0 %, local: 0 %
I0318 16:43:49.482940 3952429 Coordinator.h:126] commit: 822259 abort: 3741 (0/3741/0), network size: 0, avg network size: 0, si_in_serializable: 0 0 %, local: 0 %
I0318 16:43:50.483065 3952429 Coordinator.h:126] commit: 822365 abort: 3635 (0/3635/0), network size: 0, avg network size: 0, si_in_serializable: 0 0 %, local: 0 %
I0318 16:43:51.483182 3952429 Coordinator.h:126] commit: 822271 abort: 3729 (0/3729/0), network size: 0, avg network size: 0, si_in_serializable: 0 0 %, local: 0 %
I0318 16:43:52.483304 3952429 Coordinator.h:126] commit: 821420 abort: 3580 (0/3580/0), network size: 0, avg network size: 0, si_in_serializable: 0 0 %, local: 0 %
I0318 16:43:53.483428 3952429 Coordinator.h:126] commit: 822389 abort: 3611 (0/3611/0), network size: 0, avg network size: 0, si_in_serializable: 0 0 %, local: 0 %
I0318 16:43:54.483588 3952429 Coordinator.h:126] commit: 814242 abort: 3758 (0/3758/0), network size: 0, avg network size: 0, si_in_serializable: 0 0 %, local: 0 %
I0318 16:43:55.483719 3952429 Coordinator.h:126] commit: 775504 abort: 3496 (0/3496/0), network size: 0, avg network size: 0, si_in_serializable: 0 0 %, local: 0 %
I0318 16:43:56.483846 3952429 Coordinator.h:126] commit: 822363 abort: 3637 (0/3637/0), network size: 0, avg network size: 0, si_in_serializable: 0 0 %, local: 0 %
I0318 16:43:57.483970 3952429 Coordinator.h:126] commit: 821293 abort: 3707 (0/3707/0), network size: 0, avg network size: 0, si_in_serializable: 0 0 %, local: 0 %
I0318 16:43:58.484094 3952429 Coordinator.h:126] commit: 822359 abort: 3641 (0/3641/0), network size: 0, avg network size: 0, si_in_serializable: 0 0 %, local: 0 %
I0318 16:43:59.484216 3952429 Coordinator.h:126] commit: 822452 abort: 3548 (0/3548/0), network size: 0, avg network size: 0, si_in_serializable: 0 0 %, local: 0 %
I0318 16:44:00.484347 3952429 Coordinator.h:126] commit: 822390 abort: 3610 (0/3610/0), network size: 0, avg network size: 0, si_in_serializable: 0 0 %, local: 0 %
I0318 16:44:01.484467 3952429 Coordinator.h:126] commit: 821251 abort: 3749 (0/3749/0), network size: 0, avg network size: 0, si_in_serializable: 0 0 %, local: 0 %
I0318 16:44:02.484591 3952429 Coordinator.h:126] commit: 822366 abort: 3634 (0/3634/0), network size: 0, avg network size: 0, si_in_serializable: 0 0 %, local: 0 %
I0318 16:44:03.484712 3952429 Coordinator.h:126] commit: 819350 abort: 3650 (0/3650/0), network size: 0, avg network size: 0, si_in_serializable: 0 0 %, local: 0 %
I0318 16:44:04.484834 3952429 Coordinator.h:126] commit: 822269 abort: 3731 (0/3731/0), network size: 0, avg network size: 0, si_in_serializable: 0 0 %, local: 0 %
I0318 16:44:04.484876 3952429 Coordinator.h:152] average commit: 816666 abort: 3634.2 (0/3634.2/0), network size: 0, avg network size: 0, si_in_serializable: 0 0 %, local: 0 %
I0318 16:44:04.486339 3952453 AriaExecutor.h:106] AriaExecutor 8 exits. 
I0318 16:44:04.486342 3952450 AriaExecutor.h:106] AriaExecutor 5 exits. 
I0318 16:44:04.486343 3952445 AriaExecutor.h:106] AriaExecutor 0 exits. 
I0318 16:44:04.486341 3952454 AriaExecutor.h:106] AriaExecutor 9 exits. 
I0318 16:44:04.486339 3952446 AriaExecutor.h:106] AriaExecutor 1 exits. 
I0318 16:44:04.486342 3952451 AriaExecutor.h:106] AriaExecutor 6 exits. 
I0318 16:44:04.486339 3952457 Manager.h:227] Manager(worker id = 12) on the coordinator node exits.
I0318 16:44:04.486344 3952449 AriaExecutor.h:106] AriaExecutor 4 exits. 
I0318 16:44:04.486342 3952455 AriaExecutor.h:106] AriaExecutor 10 exits. 
I0318 16:44:04.486341 3952447 AriaExecutor.h:106] AriaExecutor 2 exits. 
I0318 16:44:04.486342 3952452 AriaExecutor.h:106] AriaExecutor 7 exits. 
I0318 16:44:04.486342 3952448 AriaExecutor.h:106] AriaExecutor 3 exits. 
I0318 16:44:04.486340 3952456 AriaExecutor.h:106] AriaExecutor 11 exits. 
I0318 16:44:04.484890 3952429 AriaExecutor.h:646] Worker 0 latency: 792 us (50%) 987 us (75%) 1144 us (95%) 1180 us (99%).
I0318 16:44:04.558415 3952429 AriaExecutor.h:646] Worker 1 latency: 795 us (50%) 989 us (75%) 1144 us (95%) 1180 us (99%).
I0318 16:44:04.633528 3952429 AriaExecutor.h:646] Worker 2 latency: 795 us (50%) 989 us (75%) 1144 us (95%) 1180 us (99%).
I0318 16:44:04.707837 3952429 AriaExecutor.h:646] Worker 3 latency: 794 us (50%) 988 us (75%) 1144 us (95%) 1180 us (99%).
I0318 16:44:04.781718 3952429 AriaExecutor.h:646] Worker 4 latency: 798 us (50%) 990 us (75%) 1144 us (95%) 1180 us (99%).
I0318 16:44:04.850143 3952429 AriaExecutor.h:646] Worker 5 latency: 796 us (50%) 989 us (75%) 1144 us (95%) 1180 us (99%).
I0318 16:44:04.922704 3952429 AriaExecutor.h:646] Worker 6 latency: 797 us (50%) 990 us (75%) 1144 us (95%) 1180 us (99%).
I0318 16:44:04.995995 3952429 AriaExecutor.h:646] Worker 7 latency: 798 us (50%) 990 us (75%) 1144 us (95%) 1180 us (99%).
I0318 16:44:05.069151 3952429 AriaExecutor.h:646] Worker 8 latency: 799 us (50%) 990 us (75%) 1144 us (95%) 1180 us (99%).
I0318 16:44:05.141937 3952429 AriaExecutor.h:646] Worker 9 latency: 797 us (50%) 990 us (75%) 1144 us (95%) 1180 us (99%).
I0318 16:44:05.214666 3952429 AriaExecutor.h:646] Worker 10 latency: 799 us (50%) 991 us (75%) 1144 us (95%) 1180 us (99%).
I0318 16:44:05.289120 3952429 AriaExecutor.h:646] Worker 11 latency: 797 us (50%) 990 us (75%) 1144 us (95%) 1180 us (99%).
I0318 16:44:05.362632 3952429 Coordinator.h:177] total commit: 816666
I0318 16:44:06.362845 3952429 Coordinator.h:192] Coordinator exits.
