I0318 16:48:34.639762 3955917 Database.h:65] ycsb initialization finished in 101 milliseconds.
I0318 16:48:34.639961 3955917 Coordinator.h:30] Coordinator initializes 12 workers.
I0318 16:48:34.677940 3955917 Coordinator.h:77] Coordinator starts to run 13 workers.
I0318 16:48:34.678025 3955947 AriaExecutor.h:94] AriaExecutor 0 started. 
I0318 16:48:34.678076 3955948 AriaExecutor.h:94] AriaExecutor 1 started. 
I0318 16:48:34.678193 3955949 AriaExecutor.h:94] AriaExecutor 2 started. 
I0318 16:48:34.678282 3955950 AriaExecutor.h:94] AriaExecutor 3 started. 
I0318 16:48:34.678471 3955951 AriaExecutor.h:94] AriaExecutor 4 started. 
I0318 16:48:34.678653 3955952 AriaExecutor.h:94] AriaExecutor 5 started. 
I0318 16:48:34.678890 3955953 AriaExecutor.h:94] AriaExecutor 6 started. 
I0318 16:48:34.679085 3955954 AriaExecutor.h:94] AriaExecutor 7 started. 
I0318 16:48:34.679267 3955955 AriaExecutor.h:94] AriaExecutor 8 started. 
I0318 16:48:34.679453 3955956 AriaExecutor.h:94] AriaExecutor 9 started. 
I0318 16:48:34.679638 3955957 AriaExecutor.h:94] AriaExecutor 10 started. 
I0318 16:48:34.679816 3955958 AriaExecutor.h:94] AriaExecutor 11 started. 
I0318 16:48:34.680006 3955959 Manager.h:224] Manager(worker id = 12) on the coordinator node started.
I0318 16:48:35.680074 3955917 Coordinator.h:126] commit: 368205 abort: 30795 (0/30795/0), network size: 0, avg network size: 0, si_in_serializable: 0 0 %, local: 0 %
I0318 16:48:36.680222 3955917 Coordinator.h:126] commit: 376353 abort: 31647 (0/31647/0), network size: 0, avg network size: 0, si_in_serializable: 0 0 %, local: 0 %
I0318 16:48:37.680419 3955917 Coordinator.h:126] commit: 377993 abort: 32007 (0/32007/0), network size: 0, avg network size: 0, si_in_serializable: 0 0 %, local: 0 %
I0318 16:48:38.680552 3955917 Coordinator.h:126] commit: 380754 abort: 32246 (0/32246/0), network size: 0, avg network size: 0, si_in_serializable: 0 0 %, local: 0 %
I0318 16:48:39.680672 3955917 Coordinator.h:126] commit: 376883 abort: 32117 (0/32117/0), network size: 0, avg network size: 0, si_in_serializable: 0 0 %, local: 0 %
I0318 16:48:40.680792 3955917 Coordinator.h:126] commit: 377248 abort: 31752 (0/31752/0), network size: 0, avg network size: 0, si_in_serializable: 0 0 %, local: 0 %
I0318 16:48:41.680912 3955917 Coordinator.h:126] commit: 381016 abort: 31984 (0/31984/0), network size: 0, avg network size: 0, si_in_serializable: 0 0 %, local: 0 %
I0318 16:48:42.681068 3955917 Coordinator.h:126] commit: 381264 abort: 31736 (0/31736/0), network size: 0, avg network size: 0, si_in_serializable: 0 0 %, local: 0 %
I0318 16:48:43.681200 3955917 Coordinator.h:126] commit: 370009 abort: 30991 (0/30991/0), network size: 0, avg network size: 0, si_in_serializable: 0 0 %, local: 0 %
I0318 16:48:44.681321 3955917 Coordinator.h:126] commit: 381297 abort: 31703 (0/31703/0), network size: 0, avg network size: 0, si_in_serializable: 0 0 %, local: 0 %
I0318 16:48:45.681474 3955917 Coordinator.h:126] commit: 380025 abort: 31975 (0/31975/0), network size: 0, avg network size: 0, si_in_serializable: 0 0 %, local: 0 %
I0318 16:48:46.681607 3955917 Coordinator.h:126] commit: 380891 abort: 32109 (0/32109/0), network size: 0, avg network size: 0, si_in_serializable: 0 0 %, local: 0 %
I0318 16:48:47.681728 3955917 Coordinator.h:126] commit: 379285 abort: 31715 (0/31715/0), network size: 0, avg network size: 0, si_in_serializable: 0 0 %, local: 0 %
I0318 16:48:48.681849 3955917 Coordinator.h:126] commit: 380914 abort: 32086 (0/32086/0), network size: 0, avg network size: 0, si_in_serializable: 0 0 %, local: 0 %
I0318 16:48:49.682003 3955917 Coordinator.h:126] commit: 379344 abort: 31656 (0/31656/0), network size: 0, avg network size: 0, si_in_serializable: 0 0 %, local: 0 %
I0318 16:48:50.682130 3955917 Coordinator.h:126] commit: 380977 abort: 32023 (0/32023/0), network size: 0, avg network size: 0, si_in_serializable: 0 0 %, local: 0 %
I0318 16:48:51.682251 3955917 Coordinator.h:126] commit: 357811 abort: 30189 (0/30189/0), network size: 0, avg network size: 0, si_in_serializable: 0 0 %, local: 0 %
I0318 16:48:52.682374 3955917 Coordinator.h:126] commit: 379985 abort: 32015 (0/32015/0), network size: 0, avg network size: 0, si_in_serializable: 0 0 %, local: 0 %
I0318 16:48:53.682529 3955917 Coordinator.h:126] commit: 379725 abort: 32275 (0/32275/0), network size: 0, avg network size: 0, si_in_serializable: 0 0 %, local: 0 %
I0318 16:48:54.682660 3955917 Coordinator.h:126] commit: 381010 abort: 31990 (0/31990/0), network size: 0, avg network size: 0, si_in_serializable: 0 0 %, local: 0 %
I0318 16:48:55.682780 3955917 Coordinator.h:126] commit: 380196 abort: 31804 (0/31804/0), network size: 0, avg network size: 0, si_in_serializable: 0 0 %, local: 0 %
I0318 16:48:56.682901 3955917 Coordinator.h:126] commit: 379989 abort: 32011 (0/32011/0), network size: 0, avg network size: 0, si_in_serializable: 0 0 %, local: 0 %
I0318 16:48:57.683022 3955917 Coordinator.h:126] commit: 379976 abort: 32024 (0/32024/0), network size: 0, avg network size: 0, si_in_serializable: 0 0 %, local: 0 %
I0318 16:48:58.683146 3955917 Coordinator.h:126] commit: 379310 abort: 31690 (0/31690/0), network size: 0, avg network size: 0, si_in_serializable: 0 0 %, local: 0 %
I0318 16:48:59.683269 3955917 Coordinator.h:126] commit: 380959 abort: 32041 (0/32041/0), network size: 0, avg network size: 0, si_in_serializable: 0 0 %, local: 0 %
I0318 16:48:59.683311 3955917 Coordinator.h:152] average commit: 377997 abort: 31803.3 (0/31803.3/0), network size: 0, avg network size: 0, si_in_serializable: 0 0 %, local: 0 %
I0318 16:48:59.684330 3955957 AriaExecutor.h:106] AriaExecutor 10 exits. 
I0318 16:48:59.684331 3955950 AriaExecutor.h:106] AriaExecutor 3 exits. 
I0318 16:48:59.684330 3955947 AriaExecutor.h:106] AriaExecutor 0 exits. 
I0318 16:48:59.684332 3955958 AriaExecutor.h:106] AriaExecutor 11 exits. 
I0318 16:48:59.684330 3955959 Manager.h:227] Manager(worker id = 12) on the coordinator node exits.
I0318 16:48:59.684330 3955954 AriaExecutor.h:106] AriaExecutor 7 exits. 
I0318 16:48:59.684331 3955948 AriaExecutor.h:106] AriaExecutor 1 exits. 
I0318 16:48:59.684330 3955956 AriaExecutor.h:106] AriaExecutor 9 exits. 
I0318 16:48:59.684331 3955952 AriaExecutor.h:106] AriaExecutor 5 exits. 
I0318 16:48:59.684331 3955949 AriaExecutor.h:106] AriaExecutor 2 exits. 
I0318 16:48:59.684332 3955951 AriaExecutor.h:106] AriaExecutor 4 exits. 
I0318 16:48:59.684332 3955953 AriaExecutor.h:106] AriaExecutor 6 exits. 
I0318 16:48:59.684332 3955955 AriaExecutor.h:106] AriaExecutor 8 exits. 
I0318 16:48:59.683326 3955917 AriaExecutor.h:646] Worker 0 latency: 1649 us (50%) 2021 us (75%) 2308 us (95%) 2369 us (99%).
I0318 16:48:59.719928 3955917 AriaExecutor.h:646] Worker 1 latency: 1650 us (50%) 2021 us (75%) 2308 us (95%) 2369 us (99%).
I0318 16:48:59.756250 3955917 AriaExecutor.h:646] Worker 2 latency: 1650 us (50%) 2022 us (75%) 2308 us (95%) 2369 us (99%).
I0318 16:48:59.792680 3955917 AriaExecutor.h:646] Worker 3 latency: 1652 us (50%) 2022 us (75%) 2308 us (95%) 2369 us (99%).
I0318 16:48:59.829131 3955917 AriaExecutor.h:646] Worker 4 latency: 1658 us (50%) 2025 us (75%) 2308 us (95%) 2369 us (99%).
I0318 16:48:59.865142 3955917 AriaExecutor.h:646] Worker 5 latency: 1657 us (50%) 2025 us (75%) 2308 us (95%) 2368 us (99%).
I0318 16:48:59.901497 3955917 AriaExecutor.h:646] Worker 6 latency: 1658 us (50%) 2025 us (75%) 2308 us (95%) 2369 us (99%).
I0318 16:48:59.938180 3955917 AriaExecutor.h:646] Worker 7 latency: 1658 us (50%) 2025 us (75%) 2308 us (95%) 2369 us (99%).
I0318 16:48:59.974363 3955917 AriaExecutor.h:646] Worker 8 latency: 1658 us (50%) 2025 us (75%) 2308 us (95%) 2369 us (99%).
I0318 16:49:00.010084 3955917 AriaExecutor.h:646] Worker 9 latency: 1657 us (50%) 2025 us (75%) 2308 us (95%) 2369 us (99%).
I0318 16:49:00.045885 3955917 AriaExecutor.h:646] Worker 10 latency: 1660 us (50%) 2026 us (75%) 2308 us (95%) 2369 us (99%).
I0318 16:49:00.082113 3955917 AriaExecutor.h:646] Worker 11 latency: 1658 us (50%) 2025 us (75%) 2308 us (95%) 2369 us (99%).
I0318 16:49:00.118844 3955917 Coordinator.h:177] total commit: 377997
I0318 16:49:01.119055 3955917 Coordinator.h:192] Coordinator exits.
