I0314 12:52:58.680734 1902000 Database.h:65] ycsb initialization finished in 98 milliseconds.
I0314 12:52:58.680958 1902000 Coordinator.h:30] Coordinator initializes 12 workers.
I0314 12:52:58.718159 1902000 Coordinator.h:77] Coordinator starts to run 13 workers.
I0314 12:52:58.718269 1902016 AriaExecutor.h:94] AriaExecutor 0 started. 
I0314 12:52:58.718294 1902017 AriaExecutor.h:94] AriaExecutor 1 started. 
I0314 12:52:58.718416 1902018 AriaExecutor.h:94] AriaExecutor 2 started. 
I0314 12:52:58.718539 1902019 AriaExecutor.h:94] AriaExecutor 3 started. 
I0314 12:52:58.718657 1902020 AriaExecutor.h:94] AriaExecutor 4 started. 
I0314 12:52:58.718778 1902021 AriaExecutor.h:94] AriaExecutor 5 started. 
I0314 12:52:58.718824 1902022 AriaExecutor.h:94] AriaExecutor 6 started. 
I0314 12:52:58.718914 1902023 AriaExecutor.h:94] AriaExecutor 7 started. 
I0314 12:52:58.719030 1902024 AriaExecutor.h:94] AriaExecutor 8 started. 
I0314 12:52:58.719148 1902025 AriaExecutor.h:94] AriaExecutor 9 started. 
I0314 12:52:58.719269 1902026 AriaExecutor.h:94] AriaExecutor 10 started. 
I0314 12:52:58.719323 1902027 AriaExecutor.h:94] AriaExecutor 11 started. 
I0314 12:52:58.719404 1902028 Manager.h:224] Manager(worker id = 12) on the coordinator node started.
I0314 12:52:59.719461 1902000 Coordinator.h:126] commit: 342906 abort: 414094 (0/414094/0), network size: 0, avg network size: 0, si_in_serializable: 0 0 %, local: 0 %
I0314 12:53:00.719609 1902000 Coordinator.h:126] commit: 341739 abort: 459261 (0/459261/0), network size: 0, avg network size: 0, si_in_serializable: 0 0 %, local: 0 %
I0314 12:53:01.719779 1902000 Coordinator.h:126] commit: 350165 abort: 469835 (0/469835/0), network size: 0, avg network size: 0, si_in_serializable: 0 0 %, local: 0 %
I0314 12:53:02.719936 1902000 Coordinator.h:126] commit: 351210 abort: 476930 (0/476930/0), network size: 0, avg network size: 0, si_in_serializable: 0 0 %, local: 0 %
I0314 12:53:03.720045 1902000 Coordinator.h:126] commit: 344590 abort: 473270 (0/473270/0), network size: 0, avg network size: 0, si_in_serializable: 0 0 %, local: 0 %
I0314 12:53:04.720170 1902000 Coordinator.h:126] commit: 337605 abort: 496395 (0/496395/0), network size: 0, avg network size: 0, si_in_serializable: 0 0 %, local: 0 %
I0314 12:53:05.720304 1902000 Coordinator.h:126] commit: 343454 abort: 481546 (0/481546/0), network size: 0, avg network size: 0, si_in_serializable: 0 0 %, local: 0 %
I0314 12:53:06.720489 1902000 Coordinator.h:126] commit: 346372 abort: 464628 (0/464628/0), network size: 0, avg network size: 0, si_in_serializable: 0 0 %, local: 0 %
I0314 12:53:07.720634 1902000 Coordinator.h:126] commit: 343579 abort: 468421 (0/468421/0), network size: 0, avg network size: 0, si_in_serializable: 0 0 %, local: 0 %
I0314 12:53:08.720742 1902000 Coordinator.h:126] commit: 329707 abort: 474293 (0/474293/0), network size: 0, avg network size: 0, si_in_serializable: 0 0 %, local: 0 %
I0314 12:53:09.720863 1902000 Coordinator.h:126] commit: 341589 abort: 471411 (0/471411/0), network size: 0, avg network size: 0, si_in_serializable: 0 0 %, local: 0 %
I0314 12:53:10.720989 1902000 Coordinator.h:126] commit: 343008 abort: 464992 (0/464992/0), network size: 0, avg network size: 0, si_in_serializable: 0 0 %, local: 0 %
I0314 12:53:11.721097 1902000 Coordinator.h:126] commit: 341125 abort: 466875 (0/466875/0), network size: 0, avg network size: 0, si_in_serializable: 0 0 %, local: 0 %
I0314 12:53:12.721213 1902000 Coordinator.h:126] commit: 339935 abort: 451065 (0/451065/0), network size: 0, avg network size: 0, si_in_serializable: 0 0 %, local: 0 %
I0314 12:53:13.721323 1902000 Coordinator.h:126] commit: 342696 abort: 454304 (0/454304/0), network size: 0, avg network size: 0, si_in_serializable: 0 0 %, local: 0 %
I0314 12:53:14.721446 1902000 Coordinator.h:126] commit: 340942 abort: 460058 (0/460058/0), network size: 0, avg network size: 0, si_in_serializable: 0 0 %, local: 0 %
I0314 12:53:15.721568 1902000 Coordinator.h:126] commit: 338195 abort: 464805 (0/464805/0), network size: 0, avg network size: 0, si_in_serializable: 0 0 %, local: 0 %
I0314 12:53:16.721736 1902000 Coordinator.h:126] commit: 339296 abort: 442704 (0/442704/0), network size: 0, avg network size: 0, si_in_serializable: 0 0 %, local: 0 %
I0314 12:53:17.721865 1902000 Coordinator.h:126] commit: 318657 abort: 443343 (0/443343/0), network size: 0, avg network size: 0, si_in_serializable: 0 0 %, local: 0 %
I0314 12:53:18.721975 1902000 Coordinator.h:126] commit: 341148 abort: 447852 (0/447852/0), network size: 0, avg network size: 0, si_in_serializable: 0 0 %, local: 0 %
I0314 12:53:19.722082 1902000 Coordinator.h:126] commit: 335597 abort: 469403 (0/469403/0), network size: 0, avg network size: 0, si_in_serializable: 0 0 %, local: 0 %
I0314 12:53:20.722201 1902000 Coordinator.h:126] commit: 332641 abort: 483359 (0/483359/0), network size: 0, avg network size: 0, si_in_serializable: 0 0 %, local: 0 %
I0314 12:53:21.722326 1902000 Coordinator.h:126] commit: 332985 abort: 480015 (0/480015/0), network size: 0, avg network size: 0, si_in_serializable: 0 0 %, local: 0 %
I0314 12:53:22.722440 1902000 Coordinator.h:126] commit: 340549 abort: 460451 (0/460451/0), network size: 0, avg network size: 0, si_in_serializable: 0 0 %, local: 0 %
I0314 12:53:23.722553 1902000 Coordinator.h:126] commit: 337956 abort: 473044 (0/473044/0), network size: 0, avg network size: 0, si_in_serializable: 0 0 %, local: 0 %
I0314 12:53:23.722586 1902000 Coordinator.h:152] average commit: 338659 abort: 456741 (0/456741/0), network size: 0, avg network size: 0, si_in_serializable: 0 0 %, local: 0 %
I0314 12:53:23.723532 1902016 AriaExecutor.h:106] AriaExecutor 0 exits. 
I0314 12:53:23.723551 1902027 AriaExecutor.h:106] AriaExecutor 11 exits. 
I0314 12:53:23.723532 1902019 AriaExecutor.h:106] AriaExecutor 3 exits. 
I0314 12:53:23.723532 1902023 AriaExecutor.h:106] AriaExecutor 7 exits. 
I0314 12:53:23.723532 1902026 AriaExecutor.h:106] AriaExecutor 10 exits. 
I0314 12:53:23.723548 1902022 AriaExecutor.h:106] AriaExecutor 6 exits. 
I0314 12:53:23.723548 1902028 Manager.h:227] Manager(worker id = 12) on the coordinator node exits.
I0314 12:53:23.723549 1902017 AriaExecutor.h:106] AriaExecutor 1 exits. 
I0314 12:53:23.723549 1902024 AriaExecutor.h:106] AriaExecutor 8 exits. 
I0314 12:53:23.723551 1902020 AriaExecutor.h:106] AriaExecutor 4 exits. 
I0314 12:53:23.723551 1902021 AriaExecutor.h:106] AriaExecutor 5 exits. 
I0314 12:53:23.723549 1902018 AriaExecutor.h:106] AriaExecutor 2 exits. 
I0314 12:53:23.723532 1902025 AriaExecutor.h:106] AriaExecutor 9 exits. 
I0314 12:53:23.722630 1902000 AriaExecutor.h:646] Worker 0 latency: 792 us (50%) 979 us (75%) 20951 us (95%) 132344 us (99%).
I0314 12:53:23.770735 1902000 AriaExecutor.h:646] Worker 1 latency: 784 us (50%) 964 us (75%) 1848 us (95%) 58155 us (99%).
I0314 12:53:23.803113 1902000 AriaExecutor.h:646] Worker 2 latency: 782 us (50%) 962 us (75%) 1856 us (95%) 56591 us (99%).
I0314 12:53:23.835577 1902000 AriaExecutor.h:646] Worker 3 latency: 783 us (50%) 963 us (75%) 1798 us (95%) 54141 us (99%).
I0314 12:53:23.868393 1902000 AriaExecutor.h:646] Worker 4 latency: 787 us (50%) 964 us (75%) 1787 us (95%) 52582 us (99%).
I0314 12:53:23.900249 1902000 AriaExecutor.h:646] Worker 5 latency: 784 us (50%) 961 us (75%) 1780 us (95%) 52609 us (99%).
I0314 12:53:23.932744 1902000 AriaExecutor.h:646] Worker 6 latency: 784 us (50%) 962 us (75%) 1778 us (95%) 51752 us (99%).
I0314 12:53:23.964746 1902000 AriaExecutor.h:646] Worker 7 latency: 786 us (50%) 963 us (75%) 1767 us (95%) 51481 us (99%).
I0314 12:53:23.997128 1902000 AriaExecutor.h:646] Worker 8 latency: 786 us (50%) 964 us (75%) 1768 us (95%) 50775 us (99%).
I0314 12:53:24.028899 1902000 AriaExecutor.h:646] Worker 9 latency: 785 us (50%) 963 us (75%) 1756 us (95%) 50723 us (99%).
I0314 12:53:24.061385 1902000 AriaExecutor.h:646] Worker 10 latency: 786 us (50%) 964 us (75%) 1738 us (95%) 49546 us (99%).
I0314 12:53:24.094218 1902000 AriaExecutor.h:646] Worker 11 latency: 782 us (50%) 961 us (75%) 1744 us (95%) 50346 us (99%).
I0314 12:53:24.126221 1902000 Coordinator.h:177] total commit: 338659
I0314 12:53:25.126430 1902000 Coordinator.h:192] Coordinator exits.
