I0314 13:02:31.466243 1905575 Database.h:65] ycsb initialization finished in 99 milliseconds.
I0314 13:02:31.466475 1905575 Coordinator.h:30] Coordinator initializes 12 workers.
I0314 13:02:31.574553 1905575 Coordinator.h:77] Coordinator starts to run 13 workers.
I0314 13:02:31.574656 1905591 AriaExecutor.h:94] AriaExecutor 0 started. 
I0314 13:02:31.574702 1905592 AriaExecutor.h:94] AriaExecutor 1 started. 
I0314 13:02:31.574815 1905593 AriaExecutor.h:94] AriaExecutor 2 started. 
I0314 13:02:31.574836 1905594 AriaExecutor.h:94] AriaExecutor 3 started. 
I0314 13:02:31.574967 1905596 AriaExecutor.h:94] AriaExecutor 5 started. 
I0314 13:02:31.574982 1905595 AriaExecutor.h:94] AriaExecutor 4 started. 
I0314 13:02:31.575083 1905597 AriaExecutor.h:94] AriaExecutor 6 started. 
I0314 13:02:31.575202 1905598 AriaExecutor.h:94] AriaExecutor 7 started. 
I0314 13:02:31.575326 1905599 AriaExecutor.h:94] AriaExecutor 8 started. 
I0314 13:02:31.575371 1905600 AriaExecutor.h:94] AriaExecutor 9 started. 
I0314 13:02:31.575462 1905601 AriaExecutor.h:94] AriaExecutor 10 started. 
I0314 13:02:31.575583 1905602 AriaExecutor.h:94] AriaExecutor 11 started. 
I0314 13:02:31.576303 1905603 Manager.h:224] Manager(worker id = 12) on the coordinator node started.
I0314 13:02:32.575685 1905575 Coordinator.h:126] commit: 13952 abort: 974048 (0/974048/0), network size: 0, avg network size: 0, si_in_serializable: 0 0 %, local: 0 %
I0314 13:02:33.575834 1905575 Coordinator.h:126] commit: 20826 abort: 955174 (0/955174/0), network size: 0, avg network size: 0, si_in_serializable: 0 0 %, local: 0 %
I0314 13:02:34.576056 1905575 Coordinator.h:126] commit: 24378 abort: 971622 (0/971622/0), network size: 0, avg network size: 0, si_in_serializable: 0 0 %, local: 0 %
I0314 13:02:35.576218 1905575 Coordinator.h:126] commit: 25621 abort: 966379 (0/966379/0), network size: 0, avg network size: 0, si_in_serializable: 0 0 %, local: 0 %
I0314 13:02:36.576387 1905575 Coordinator.h:126] commit: 25529 abort: 958471 (0/958471/0), network size: 0, avg network size: 0, si_in_serializable: 0 0 %, local: 0 %
I0314 13:02:37.576526 1905575 Coordinator.h:126] commit: 25560 abort: 942440 (0/942440/0), network size: 0, avg network size: 0, si_in_serializable: 0 0 %, local: 0 %
I0314 13:02:38.576642 1905575 Coordinator.h:126] commit: 25451 abort: 946549 (0/946549/0), network size: 0, avg network size: 0, si_in_serializable: 0 0 %, local: 0 %
I0314 13:02:39.576818 1905575 Coordinator.h:126] commit: 25575 abort: 942425 (0/942425/0), network size: 0, avg network size: 0, si_in_serializable: 0 0 %, local: 0 %
I0314 13:02:40.576941 1905575 Coordinator.h:126] commit: 25192 abort: 942808 (0/942808/0), network size: 0, avg network size: 0, si_in_serializable: 0 0 %, local: 0 %
I0314 13:02:41.577056 1905575 Coordinator.h:126] commit: 25431 abort: 946569 (0/946569/0), network size: 0, avg network size: 0, si_in_serializable: 0 0 %, local: 0 %
I0314 13:02:42.577170 1905575 Coordinator.h:126] commit: 25437 abort: 946563 (0/946563/0), network size: 0, avg network size: 0, si_in_serializable: 0 0 %, local: 0 %
I0314 13:02:43.577277 1905575 Coordinator.h:126] commit: 25181 abort: 946819 (0/946819/0), network size: 0, avg network size: 0, si_in_serializable: 0 0 %, local: 0 %
I0314 13:02:44.577404 1905575 Coordinator.h:126] commit: 25288 abort: 938712 (0/938712/0), network size: 0, avg network size: 0, si_in_serializable: 0 0 %, local: 0 %
I0314 13:02:45.577519 1905575 Coordinator.h:126] commit: 25245 abort: 946755 (0/946755/0), network size: 0, avg network size: 0, si_in_serializable: 0 0 %, local: 0 %
I0314 13:02:46.577628 1905575 Coordinator.h:126] commit: 24934 abort: 947066 (0/947066/0), network size: 0, avg network size: 0, si_in_serializable: 0 0 %, local: 0 %
I0314 13:02:47.577742 1905575 Coordinator.h:126] commit: 25430 abort: 950570 (0/950570/0), network size: 0, avg network size: 0, si_in_serializable: 0 0 %, local: 0 %
I0314 13:02:48.577875 1905575 Coordinator.h:126] commit: 25413 abort: 958587 (0/958587/0), network size: 0, avg network size: 0, si_in_serializable: 0 0 %, local: 0 %
I0314 13:02:49.577988 1905575 Coordinator.h:126] commit: 25113 abort: 950887 (0/950887/0), network size: 0, avg network size: 0, si_in_serializable: 0 0 %, local: 0 %
I0314 13:02:50.578161 1905575 Coordinator.h:126] commit: 25135 abort: 950865 (0/950865/0), network size: 0, avg network size: 0, si_in_serializable: 0 0 %, local: 0 %
I0314 13:02:51.578286 1905575 Coordinator.h:126] commit: 25351 abort: 954649 (0/954649/0), network size: 0, avg network size: 0, si_in_serializable: 0 0 %, local: 0 %
I0314 13:02:52.578398 1905575 Coordinator.h:126] commit: 25335 abort: 954665 (0/954665/0), network size: 0, avg network size: 0, si_in_serializable: 0 0 %, local: 0 %
I0314 13:02:53.578517 1905575 Coordinator.h:126] commit: 25251 abort: 954749 (0/954749/0), network size: 0, avg network size: 0, si_in_serializable: 0 0 %, local: 0 %
I0314 13:02:54.578632 1905575 Coordinator.h:126] commit: 24972 abort: 955028 (0/955028/0), network size: 0, avg network size: 0, si_in_serializable: 0 0 %, local: 0 %
I0314 13:02:55.578739 1905575 Coordinator.h:126] commit: 24750 abort: 951250 (0/951250/0), network size: 0, avg network size: 0, si_in_serializable: 0 0 %, local: 0 %
I0314 13:02:56.578864 1905575 Coordinator.h:126] commit: 25183 abort: 954817 (0/954817/0), network size: 0, avg network size: 0, si_in_serializable: 0 0 %, local: 0 %
I0314 13:02:56.578899 1905575 Coordinator.h:152] average commit: 25252.7 abort: 949147 (0/949147/0), network size: 0, avg network size: 0, si_in_serializable: 0 0 %, local: 0 %
I0314 13:02:56.582655 1905591 AriaExecutor.h:106] AriaExecutor 0 exits. 
I0314 13:02:56.582655 1905597 AriaExecutor.h:106] AriaExecutor 6 exits. 
I0314 13:02:56.582655 1905596 AriaExecutor.h:106] AriaExecutor 5 exits. 
I0314 13:02:56.582674 1905603 Manager.h:227] Manager(worker id = 12) on the coordinator node exits.
I0314 13:02:56.582669 1905601 AriaExecutor.h:106] AriaExecutor 10 exits. 
I0314 13:02:56.582655 1905599 AriaExecutor.h:106] AriaExecutor 8 exits. 
I0314 13:02:56.582657 1905592 AriaExecutor.h:106] AriaExecutor 1 exits. 
I0314 13:02:56.582669 1905602 AriaExecutor.h:106] AriaExecutor 11 exits. 
I0314 13:02:56.582669 1905598 AriaExecutor.h:106] AriaExecutor 7 exits. 
I0314 13:02:56.582655 1905600 AriaExecutor.h:106] AriaExecutor 9 exits. 
I0314 13:02:56.582671 1905595 AriaExecutor.h:106] AriaExecutor 4 exits. 
I0314 13:02:56.582672 1905593 AriaExecutor.h:106] AriaExecutor 2 exits. 
I0314 13:02:56.582672 1905594 AriaExecutor.h:106] AriaExecutor 3 exits. 
I0314 13:02:56.578943 1905575 AriaExecutor.h:646] Worker 0 latency: 129995 us (50%) 308307 us (75%) 636969 us (95%) 955408 us (99%).
I0314 13:02:56.591717 1905575 AriaExecutor.h:646] Worker 1 latency: 94065 us (50%) 210693 us (75%) 599036 us (95%) 679484 us (99%).
I0314 13:02:56.599033 1905575 AriaExecutor.h:646] Worker 2 latency: 98387 us (50%) 215898 us (75%) 567517 us (95%) 658760 us (99%).
I0314 13:02:56.604876 1905575 AriaExecutor.h:646] Worker 3 latency: 91317 us (50%) 200005 us (75%) 549928 us (95%) 652623 us (99%).
I0314 13:02:56.609242 1905575 AriaExecutor.h:646] Worker 4 latency: 92971 us (50%) 198948 us (75%) 547007 us (95%) 646366 us (99%).
I0314 13:02:56.612855 1905575 AriaExecutor.h:646] Worker 5 latency: 97778 us (50%) 212840 us (75%) 534276 us (95%) 639733 us (99%).
I0314 13:02:56.616860 1905575 AriaExecutor.h:646] Worker 6 latency: 96948 us (50%) 208106 us (75%) 524969 us (95%) 633530 us (99%).
I0314 13:02:56.620211 1905575 AriaExecutor.h:646] Worker 7 latency: 92775 us (50%) 195719 us (75%) 519877 us (95%) 638048 us (99%).
I0314 13:02:56.623309 1905575 AriaExecutor.h:646] Worker 8 latency: 90929 us (50%) 194456 us (75%) 507945 us (95%) 629990 us (99%).
I0314 13:02:56.626430 1905575 AriaExecutor.h:646] Worker 9 latency: 89313 us (50%) 191521 us (75%) 499141 us (95%) 623483 us (99%).
I0314 13:02:56.629441 1905575 AriaExecutor.h:646] Worker 10 latency: 89606 us (50%) 192561 us (75%) 500910 us (95%) 624897 us (99%).
I0314 13:02:56.632494 1905575 AriaExecutor.h:646] Worker 11 latency: 95656 us (50%) 201707 us (75%) 499647 us (95%) 618787 us (99%).
I0314 13:02:56.635826 1905575 Coordinator.h:177] total commit: 25252.7
I0314 13:02:57.636015 1905575 Coordinator.h:192] Coordinator exits.
