I0314 12:20:34.716967 1894322 Database.h:65] ycsb initialization finished in 98 milliseconds.
I0314 12:20:34.717214 1894322 Coordinator.h:30] Coordinator initializes 12 workers.
I0314 12:20:34.826346 1894322 Coordinator.h:77] Coordinator starts to run 13 workers.
I0314 12:20:34.826442 1894338 AriaExecutor.h:91] AriaExecutor 0 started. 
I0314 12:20:34.826496 1894339 AriaExecutor.h:91] AriaExecutor 1 started. 
I0314 12:20:34.826622 1894340 AriaExecutor.h:91] AriaExecutor 2 started. 
I0314 12:20:34.826643 1894341 AriaExecutor.h:91] AriaExecutor 3 started. 
I0314 12:20:34.826779 1894342 AriaExecutor.h:91] AriaExecutor 4 started. 
I0314 12:20:34.826789 1894343 AriaExecutor.h:91] AriaExecutor 5 started. 
I0314 12:20:34.826902 1894344 AriaExecutor.h:91] AriaExecutor 6 started. 
I0314 12:20:34.827028 1894345 AriaExecutor.h:91] AriaExecutor 7 started. 
I0314 12:20:34.827082 1894346 AriaExecutor.h:91] AriaExecutor 8 started. 
I0314 12:20:34.827178 1894347 AriaExecutor.h:91] AriaExecutor 9 started. 
I0314 12:20:34.827297 1894348 AriaExecutor.h:91] AriaExecutor 10 started. 
I0314 12:20:34.827302 1894349 AriaExecutor.h:91] AriaExecutor 11 started. 
I0314 12:20:34.827363 1894350 Manager.h:224] Manager(worker id = 12) on the coordinator node started.
I0314 12:20:35.827409 1894322 Coordinator.h:126] commit: 638385 abort: 13615 (0/13615/0), network size: 0, avg network size: 0, si_in_serializable: 0 0 %, local: 0 %
I0314 12:20:36.827566 1894322 Coordinator.h:126] commit: 680690 abort: 14419 (0/14419/0), network size: 0, avg network size: 0, si_in_serializable: 0 0 %, local: 0 %
I0314 12:20:37.827769 1894322 Coordinator.h:126] commit: 713519 abort: 15370 (0/15370/0), network size: 0, avg network size: 0, si_in_serializable: 0 0 %, local: 0 %
I0314 12:20:38.827920 1894322 Coordinator.h:126] commit: 720630 abort: 15370 (0/15370/0), network size: 0, avg network size: 0, si_in_serializable: 0 0 %, local: 0 %
I0314 12:20:39.828075 1894322 Coordinator.h:126] commit: 704888 abort: 15112 (0/15112/0), network size: 0, avg network size: 0, si_in_serializable: 0 0 %, local: 0 %
I0314 12:20:40.828199 1894322 Coordinator.h:126] commit: 708712 abort: 15288 (0/15288/0), network size: 0, avg network size: 0, si_in_serializable: 0 0 %, local: 0 %
I0314 12:20:41.828389 1894322 Coordinator.h:126] commit: 701217 abort: 14783 (0/14783/0), network size: 0, avg network size: 0, si_in_serializable: 0 0 %, local: 0 %
I0314 12:20:42.828521 1894322 Coordinator.h:126] commit: 704790 abort: 15210 (0/15210/0), network size: 0, avg network size: 0, si_in_serializable: 0 0 %, local: 0 %
I0314 12:20:43.828649 1894322 Coordinator.h:126] commit: 701048 abort: 14952 (0/14952/0), network size: 0, avg network size: 0, si_in_serializable: 0 0 %, local: 0 %
I0314 12:20:44.828783 1894322 Coordinator.h:126] commit: 685039 abort: 14961 (0/14961/0), network size: 0, avg network size: 0, si_in_serializable: 0 0 %, local: 0 %
I0314 12:20:45.828909 1894322 Coordinator.h:126] commit: 696974 abort: 15026 (0/15026/0), network size: 0, avg network size: 0, si_in_serializable: 0 0 %, local: 0 %
I0314 12:20:46.829030 1894322 Coordinator.h:126] commit: 697077 abort: 14923 (0/14923/0), network size: 0, avg network size: 0, si_in_serializable: 0 0 %, local: 0 %
I0314 12:20:47.829141 1894322 Coordinator.h:126] commit: 689133 abort: 14867 (0/14867/0), network size: 0, avg network size: 0, si_in_serializable: 0 0 %, local: 0 %
I0314 12:20:48.829267 1894322 Coordinator.h:126] commit: 689227 abort: 14773 (0/14773/0), network size: 0, avg network size: 0, si_in_serializable: 0 0 %, local: 0 %
I0314 12:20:49.829425 1894322 Coordinator.h:126] commit: 681399 abort: 14604 (0/14604/0), network size: 0, avg network size: 0, si_in_serializable: 0 0 %, local: 0 %
I0314 12:20:50.829559 1894322 Coordinator.h:126] commit: 689291 abort: 14706 (0/14706/0), network size: 0, avg network size: 0, si_in_serializable: 0 0 %, local: 0 %
I0314 12:20:51.829752 1894322 Coordinator.h:126] commit: 683404 abort: 14786 (0/14786/0), network size: 0, avg network size: 0, si_in_serializable: 0 0 %, local: 0 %
I0314 12:20:52.829891 1894322 Coordinator.h:126] commit: 683255 abort: 14553 (0/14553/0), network size: 0, avg network size: 0, si_in_serializable: 0 0 %, local: 0 %
I0314 12:20:53.830004 1894322 Coordinator.h:126] commit: 650038 abort: 13962 (0/13962/0), network size: 0, avg network size: 0, si_in_serializable: 0 0 %, local: 0 %
I0314 12:20:54.830148 1894322 Coordinator.h:126] commit: 677560 abort: 14440 (0/14440/0), network size: 0, avg network size: 0, si_in_serializable: 0 0 %, local: 0 %
I0314 12:20:55.830286 1894322 Coordinator.h:126] commit: 681235 abort: 14765 (0/14765/0), network size: 0, avg network size: 0, si_in_serializable: 0 0 %, local: 0 %
I0314 12:20:56.830406 1894322 Coordinator.h:126] commit: 677610 abort: 14390 (0/14390/0), network size: 0, avg network size: 0, si_in_serializable: 0 0 %, local: 0 %
I0314 12:20:57.830528 1894322 Coordinator.h:126] commit: 677558 abort: 14442 (0/14442/0), network size: 0, avg network size: 0, si_in_serializable: 0 0 %, local: 0 %
I0314 12:20:58.830642 1894322 Coordinator.h:126] commit: 673704 abort: 14296 (0/14296/0), network size: 0, avg network size: 0, si_in_serializable: 0 0 %, local: 0 %
I0314 12:20:59.830770 1894322 Coordinator.h:126] commit: 677530 abort: 14470 (0/14470/0), network size: 0, avg network size: 0, si_in_serializable: 0 0 %, local: 0 %
I0314 12:20:59.830826 1894322 Coordinator.h:152] average commit: 683736 abort: 14664 (0/14664/0), network size: 0, avg network size: 0, si_in_serializable: 0 0 %, local: 0 %
I0314 12:20:59.834950 1894344 AriaExecutor.h:103] AriaExecutor 6 exits. 
I0314 12:20:59.834964 1894341 AriaExecutor.h:103] AriaExecutor 3 exits. 
I0314 12:20:59.834965 1894342 AriaExecutor.h:103] AriaExecutor 4 exits. 
I0314 12:20:59.834967 1894350 Manager.h:227] Manager(worker id = 12) on the coordinator node exits.
I0314 12:20:59.834965 1894345 AriaExecutor.h:103] AriaExecutor 7 exits. 
I0314 12:20:59.834968 1894338 AriaExecutor.h:103] AriaExecutor 0 exits. 
I0314 12:20:59.834966 1894346 AriaExecutor.h:103] AriaExecutor 8 exits. 
I0314 12:20:59.834965 1894340 AriaExecutor.h:103] AriaExecutor 2 exits. 
I0314 12:20:59.834966 1894339 AriaExecutor.h:103] AriaExecutor 1 exits. 
I0314 12:20:59.834967 1894348 AriaExecutor.h:103] AriaExecutor 10 exits. 
I0314 12:20:59.834965 1894343 AriaExecutor.h:103] AriaExecutor 5 exits. 
I0314 12:20:59.834965 1894347 AriaExecutor.h:103] AriaExecutor 9 exits. 
I0314 12:20:59.834966 1894349 AriaExecutor.h:103] AriaExecutor 11 exits. 
I0314 12:20:59.830869 1894322 AriaExecutor.h:649] Worker 0 latency: 3753 us (50%) 4626 us (75%) 5357 us (95%) 8890 us (99%).
I0314 12:20:59.908718 1894322 AriaExecutor.h:649] Worker 1 latency: 3768 us (50%) 4633 us (75%) 5357 us (95%) 8830 us (99%).
I0314 12:20:59.974227 1894322 AriaExecutor.h:649] Worker 2 latency: 3764 us (50%) 4630 us (75%) 5357 us (95%) 8821 us (99%).
I0314 12:21:00.041107 1894322 AriaExecutor.h:649] Worker 3 latency: 3767 us (50%) 4632 us (75%) 5355 us (95%) 8759 us (99%).
I0314 12:21:00.106603 1894322 AriaExecutor.h:649] Worker 4 latency: 3765 us (50%) 4630 us (75%) 5354 us (95%) 8737 us (99%).
I0314 12:21:00.171887 1894322 AriaExecutor.h:649] Worker 5 latency: 3754 us (50%) 4624 us (75%) 5350 us (95%) 8679 us (99%).
I0314 12:21:00.239089 1894322 AriaExecutor.h:649] Worker 6 latency: 3758 us (50%) 4625 us (75%) 5349 us (95%) 8654 us (99%).
I0314 12:21:00.304607 1894322 AriaExecutor.h:649] Worker 7 latency: 3762 us (50%) 4626 us (75%) 5349 us (95%) 8616 us (99%).
I0314 12:21:00.369944 1894322 AriaExecutor.h:649] Worker 8 latency: 3747 us (50%) 4619 us (75%) 5346 us (95%) 8595 us (99%).
I0314 12:21:00.434715 1894322 AriaExecutor.h:649] Worker 9 latency: 3759 us (50%) 4625 us (75%) 5347 us (95%) 8559 us (99%).
I0314 12:21:00.501855 1894322 AriaExecutor.h:649] Worker 10 latency: 3765 us (50%) 4627 us (75%) 5346 us (95%) 8542 us (99%).
I0314 12:21:00.567819 1894322 AriaExecutor.h:649] Worker 11 latency: 3756 us (50%) 4623 us (75%) 5344 us (95%) 8506 us (99%).
I0314 12:21:00.633277 1894322 Coordinator.h:177] total commit: 683736
I0314 12:21:01.633486 1894322 Coordinator.h:192] Coordinator exits.
