I0314 12:21:57.508069 1894527 Database.h:65] ycsb initialization finished in 100 milliseconds.
I0314 12:21:57.508314 1894527 Coordinator.h:30] Coordinator initializes 12 workers.
I0314 12:21:57.544404 1894527 Coordinator.h:77] Coordinator starts to run 13 workers.
I0314 12:21:57.544528 1894543 AriaExecutor.h:91] AriaExecutor 0 started. 
I0314 12:21:57.544559 1894544 AriaExecutor.h:91] AriaExecutor 1 started. 
I0314 12:21:57.544692 1894545 AriaExecutor.h:91] AriaExecutor 2 started. 
I0314 12:21:57.544823 1894546 AriaExecutor.h:91] AriaExecutor 3 started. 
I0314 12:21:57.544869 1894547 AriaExecutor.h:91] AriaExecutor 4 started. 
I0314 12:21:57.544951 1894548 AriaExecutor.h:91] AriaExecutor 5 started. 
I0314 12:21:57.544997 1894549 AriaExecutor.h:91] AriaExecutor 6 started. 
I0314 12:21:57.545089 1894550 AriaExecutor.h:91] AriaExecutor 7 started. 
I0314 12:21:57.545151 1894551 AriaExecutor.h:91] AriaExecutor 8 started. 
I0314 12:21:57.545243 1894552 AriaExecutor.h:91] AriaExecutor 9 started. 
I0314 12:21:57.545367 1894553 AriaExecutor.h:91] AriaExecutor 10 started. 
I0314 12:21:57.545490 1894554 AriaExecutor.h:91] AriaExecutor 11 started. 
I0314 12:21:57.545544 1894555 Manager.h:224] Manager(worker id = 12) on the coordinator node started.
I0314 12:21:58.545589 1894527 Coordinator.h:126] commit: 518530 abort: 14470 (0/14470/0), network size: 0, avg network size: 0, si_in_serializable: 0 0 %, local: 0 %
I0314 12:21:59.545743 1894527 Coordinator.h:126] commit: 534161 abort: 14839 (0/14839/0), network size: 0, avg network size: 0, si_in_serializable: 0 0 %, local: 0 %
I0314 12:22:00.545926 1894527 Coordinator.h:126] commit: 549907 abort: 15093 (0/15093/0), network size: 0, avg network size: 0, si_in_serializable: 0 0 %, local: 0 %
I0314 12:22:01.546099 1894527 Coordinator.h:126] commit: 551832 abort: 15168 (0/15168/0), network size: 0, avg network size: 0, si_in_serializable: 0 0 %, local: 0 %
I0314 12:22:02.546268 1894527 Coordinator.h:126] commit: 547127 abort: 14873 (0/14873/0), network size: 0, avg network size: 0, si_in_serializable: 0 0 %, local: 0 %
I0314 12:22:03.546424 1894527 Coordinator.h:126] commit: 528366 abort: 14634 (0/14634/0), network size: 0, avg network size: 0, si_in_serializable: 0 0 %, local: 0 %
I0314 12:22:04.546561 1894527 Coordinator.h:126] commit: 538328 abort: 14672 (0/14672/0), network size: 0, avg network size: 0, si_in_serializable: 0 0 %, local: 0 %
I0314 12:22:05.546758 1894527 Coordinator.h:126] commit: 536866 abort: 15134 (0/15134/0), network size: 0, avg network size: 0, si_in_serializable: 0 0 %, local: 0 %
I0314 12:22:06.546916 1894527 Coordinator.h:126] commit: 535302 abort: 14698 (0/14698/0), network size: 0, avg network size: 0, si_in_serializable: 0 0 %, local: 0 %
I0314 12:22:07.547062 1894527 Coordinator.h:126] commit: 532299 abort: 14701 (0/14701/0), network size: 0, avg network size: 0, si_in_serializable: 0 0 %, local: 0 %
I0314 12:22:08.547204 1894527 Coordinator.h:126] commit: 530254 abort: 14746 (0/14746/0), network size: 0, avg network size: 0, si_in_serializable: 0 0 %, local: 0 %
I0314 12:22:09.547324 1894527 Coordinator.h:126] commit: 505992 abort: 14008 (0/14008/0), network size: 0, avg network size: 0, si_in_serializable: 0 0 %, local: 0 %
I0314 12:22:10.547443 1894527 Coordinator.h:126] commit: 526855 abort: 14623 (0/14623/0), network size: 0, avg network size: 0, si_in_serializable: 0 0 %, local: 0 %
I0314 12:22:11.547565 1894527 Coordinator.h:126] commit: 527704 abort: 14818 (0/14818/0), network size: 0, avg network size: 0, si_in_serializable: 0 0 %, local: 0 %
I0314 12:22:12.547705 1894527 Coordinator.h:126] commit: 528441 abort: 14559 (0/14559/0), network size: 0, avg network size: 0, si_in_serializable: 0 0 %, local: 0 %
I0314 12:22:13.547878 1894527 Coordinator.h:126] commit: 524440 abort: 14560 (0/14560/0), network size: 0, avg network size: 0, si_in_serializable: 0 0 %, local: 0 %
I0314 12:22:14.548007 1894527 Coordinator.h:126] commit: 528123 abort: 14877 (0/14877/0), network size: 0, avg network size: 0, si_in_serializable: 0 0 %, local: 0 %
I0314 12:22:15.548122 1894527 Coordinator.h:126] commit: 529391 abort: 14609 (0/14609/0), network size: 0, avg network size: 0, si_in_serializable: 0 0 %, local: 0 %
I0314 12:22:16.548276 1894527 Coordinator.h:126] commit: 530471 abort: 14529 (0/14529/0), network size: 0, avg network size: 0, si_in_serializable: 0 0 %, local: 0 %
I0314 12:22:17.548429 1894527 Coordinator.h:126] commit: 531246 abort: 14754 (0/14754/0), network size: 0, avg network size: 0, si_in_serializable: 0 0 %, local: 0 %
I0314 12:22:18.548569 1894527 Coordinator.h:126] commit: 533210 abort: 14790 (0/14790/0), network size: 0, avg network size: 0, si_in_serializable: 0 0 %, local: 0 %
I0314 12:22:19.548682 1894527 Coordinator.h:126] commit: 533216 abort: 14784 (0/14784/0), network size: 0, avg network size: 0, si_in_serializable: 0 0 %, local: 0 %
I0314 12:22:20.548796 1894527 Coordinator.h:126] commit: 534007 abort: 14993 (0/14993/0), network size: 0, avg network size: 0, si_in_serializable: 0 0 %, local: 0 %
I0314 12:22:21.548914 1894527 Coordinator.h:126] commit: 503169 abort: 13831 (0/13831/0), network size: 0, avg network size: 0, si_in_serializable: 0 0 %, local: 0 %
I0314 12:22:22.549054 1894527 Coordinator.h:126] commit: 535220 abort: 14780 (0/14780/0), network size: 0, avg network size: 0, si_in_serializable: 0 0 %, local: 0 %
I0314 12:22:22.549110 1894527 Coordinator.h:152] average commit: 526292 abort: 14608.3 (0/14608.3/0), network size: 0, avg network size: 0, si_in_serializable: 0 0 %, local: 0 %
I0314 12:22:22.550309 1894544 AriaExecutor.h:103] AriaExecutor 1 exits. 
I0314 12:22:22.550323 1894551 AriaExecutor.h:103] AriaExecutor 8 exits. 
I0314 12:22:22.550333 1894555 Manager.h:227] Manager(worker id = 12) on the coordinator node exits.
I0314 12:22:22.550309 1894552 AriaExecutor.h:103] AriaExecutor 9 exits. 
I0314 12:22:22.550309 1894547 AriaExecutor.h:103] AriaExecutor 4 exits. 
I0314 12:22:22.550328 1894549 AriaExecutor.h:103] AriaExecutor 6 exits. 
I0314 12:22:22.550324 1894545 AriaExecutor.h:103] AriaExecutor 2 exits. 
I0314 12:22:22.550325 1894554 AriaExecutor.h:103] AriaExecutor 11 exits. 
I0314 12:22:22.550325 1894550 AriaExecutor.h:103] AriaExecutor 7 exits. 
I0314 12:22:22.550326 1894546 AriaExecutor.h:103] AriaExecutor 3 exits. 
I0314 12:22:22.550326 1894553 AriaExecutor.h:103] AriaExecutor 10 exits. 
I0314 12:22:22.550309 1894543 AriaExecutor.h:103] AriaExecutor 0 exits. 
I0314 12:22:22.550309 1894548 AriaExecutor.h:103] AriaExecutor 5 exits. 
I0314 12:22:22.549168 1894527 AriaExecutor.h:649] Worker 0 latency: 1342 us (50%) 1559 us (75%) 1746 us (95%) 3406 us (99%).
I0314 12:22:22.611182 1894527 AriaExecutor.h:649] Worker 1 latency: 1344 us (50%) 1560 us (75%) 1744 us (95%) 3300 us (99%).
I0314 12:22:22.660725 1894527 AriaExecutor.h:649] Worker 2 latency: 1343 us (50%) 1559 us (75%) 1742 us (95%) 3239 us (99%).
I0314 12:22:22.709859 1894527 AriaExecutor.h:649] Worker 3 latency: 1343 us (50%) 1558 us (75%) 1740 us (95%) 3180 us (99%).
I0314 12:22:22.759804 1894527 AriaExecutor.h:649] Worker 4 latency: 1344 us (50%) 1558 us (75%) 1739 us (95%) 3140 us (99%).
I0314 12:22:22.809919 1894527 AriaExecutor.h:649] Worker 5 latency: 1341 us (50%) 1556 us (75%) 1737 us (95%) 3100 us (99%).
I0314 12:22:22.858438 1894527 AriaExecutor.h:649] Worker 6 latency: 1343 us (50%) 1556 us (75%) 1736 us (95%) 3065 us (99%).
I0314 12:22:22.906920 1894527 AriaExecutor.h:649] Worker 7 latency: 1342 us (50%) 1555 us (75%) 1734 us (95%) 3030 us (99%).
I0314 12:22:22.956100 1894527 AriaExecutor.h:649] Worker 8 latency: 1340 us (50%) 1554 us (75%) 1732 us (95%) 2999 us (99%).
I0314 12:22:23.004442 1894527 AriaExecutor.h:649] Worker 9 latency: 1339 us (50%) 1553 us (75%) 1731 us (95%) 2973 us (99%).
I0314 12:22:23.053691 1894527 AriaExecutor.h:649] Worker 10 latency: 1340 us (50%) 1553 us (75%) 1730 us (95%) 2944 us (99%).
I0314 12:22:23.103511 1894527 AriaExecutor.h:649] Worker 11 latency: 1337 us (50%) 1551 us (75%) 1728 us (95%) 2919 us (99%).
I0314 12:22:23.151636 1894527 Coordinator.h:177] total commit: 526292
I0314 12:22:24.151856 1894527 Coordinator.h:192] Coordinator exits.
