I0314 12:10:36.032205 1892861 Database.h:65] ycsb initialization finished in 96 milliseconds.
I0314 12:10:36.032433 1892861 Coordinator.h:30] Coordinator initializes 12 workers.
I0314 12:10:36.141716 1892861 Coordinator.h:77] Coordinator starts to run 13 workers.
I0314 12:10:36.141806 1892877 AriaExecutor.h:82] AriaExecutor 0 started. 
I0314 12:10:36.141846 1892878 AriaExecutor.h:82] AriaExecutor 1 started. 
I0314 12:10:36.141968 1892879 AriaExecutor.h:82] AriaExecutor 2 started. 
I0314 12:10:36.142026 1892880 AriaExecutor.h:82] AriaExecutor 3 started. 
I0314 12:10:36.142118 1892881 AriaExecutor.h:82] AriaExecutor 4 started. 
I0314 12:10:36.142239 1892882 AriaExecutor.h:82] AriaExecutor 5 started. 
I0314 12:10:36.142361 1892883 AriaExecutor.h:82] AriaExecutor 6 started. 
I0314 12:10:36.142474 1892884 AriaExecutor.h:82] AriaExecutor 7 started. 
I0314 12:10:36.142596 1892885 AriaExecutor.h:82] AriaExecutor 8 started. 
I0314 12:10:36.142601 1892886 AriaExecutor.h:82] AriaExecutor 9 started. 
I0314 12:10:36.142735 1892887 AriaExecutor.h:82] AriaExecutor 10 started. 
I0314 12:10:36.142760 1892888 AriaExecutor.h:82] AriaExecutor 11 started. 
I0314 12:10:36.142875 1892889 Manager.h:224] Manager(worker id = 12) on the coordinator node started.
I0314 12:10:37.142868 1892861 Coordinator.h:126] commit: 835 abort: 103165 (0/103165/0), network size: 0, avg network size: 0, si_in_serializable: 0 0 %, local: 0 %
I0314 12:10:38.143029 1892861 Coordinator.h:126] commit: 1420 abort: 122580 (0/122580/0), network size: 0, avg network size: 0, si_in_serializable: 0 0 %, local: 0 %
I0314 12:10:39.143239 1892861 Coordinator.h:126] commit: 1801 abort: 130199 (0/130199/0), network size: 0, avg network size: 0, si_in_serializable: 0 0 %, local: 0 %
I0314 12:10:40.143378 1892861 Coordinator.h:126] commit: 1866 abort: 126134 (0/126134/0), network size: 0, avg network size: 0, si_in_serializable: 0 0 %, local: 0 %
I0314 12:10:41.143499 1892861 Coordinator.h:126] commit: 2111 abort: 125889 (0/125889/0), network size: 0, avg network size: 0, si_in_serializable: 0 0 %, local: 0 %
I0314 12:10:42.143615 1892861 Coordinator.h:126] commit: 2506 abort: 117494 (0/117494/0), network size: 0, avg network size: 0, si_in_serializable: 0 0 %, local: 0 %
I0314 12:10:43.143738 1892861 Coordinator.h:126] commit: 2921 abort: 121079 (0/121079/0), network size: 0, avg network size: 0, si_in_serializable: 0 0 %, local: 0 %
I0314 12:10:44.143941 1892861 Coordinator.h:126] commit: 2851 abort: 125149 (0/125149/0), network size: 0, avg network size: 0, si_in_serializable: 0 0 %, local: 0 %
I0314 12:10:45.144078 1892861 Coordinator.h:126] commit: 2681 abort: 121319 (0/121319/0), network size: 0, avg network size: 0, si_in_serializable: 0 0 %, local: 0 %
I0314 12:10:46.144201 1892861 Coordinator.h:126] commit: 2783 abort: 125217 (0/125217/0), network size: 0, avg network size: 0, si_in_serializable: 0 0 %, local: 0 %
I0314 12:10:47.144333 1892861 Coordinator.h:126] commit: 2732 abort: 125268 (0/125268/0), network size: 0, avg network size: 0, si_in_serializable: 0 0 %, local: 0 %
I0314 12:10:48.144447 1892861 Coordinator.h:126] commit: 2873 abort: 121127 (0/121127/0), network size: 0, avg network size: 0, si_in_serializable: 0 0 %, local: 0 %
I0314 12:10:49.144593 1892861 Coordinator.h:126] commit: 2616 abort: 125384 (0/125384/0), network size: 0, avg network size: 0, si_in_serializable: 0 0 %, local: 0 %
I0314 12:10:50.144739 1892861 Coordinator.h:126] commit: 2635 abort: 121365 (0/121365/0), network size: 0, avg network size: 0, si_in_serializable: 0 0 %, local: 0 %
I0314 12:10:51.144873 1892861 Coordinator.h:126] commit: 2646 abort: 121354 (0/121354/0), network size: 0, avg network size: 0, si_in_serializable: 0 0 %, local: 0 %
I0314 12:10:52.145009 1892861 Coordinator.h:126] commit: 2742 abort: 125258 (0/125258/0), network size: 0, avg network size: 0, si_in_serializable: 0 0 %, local: 0 %
I0314 12:10:53.145143 1892861 Coordinator.h:126] commit: 2624 abort: 121376 (0/121376/0), network size: 0, avg network size: 0, si_in_serializable: 0 0 %, local: 0 %
I0314 12:10:54.145283 1892861 Coordinator.h:126] commit: 2696 abort: 121304 (0/121304/0), network size: 0, avg network size: 0, si_in_serializable: 0 0 %, local: 0 %
I0314 12:10:55.145483 1892861 Coordinator.h:126] commit: 2645 abort: 121355 (0/121355/0), network size: 0, avg network size: 0, si_in_serializable: 0 0 %, local: 0 %
I0314 12:10:56.145645 1892861 Coordinator.h:126] commit: 2631 abort: 121369 (0/121369/0), network size: 0, avg network size: 0, si_in_serializable: 0 0 %, local: 0 %
I0314 12:10:57.145784 1892861 Coordinator.h:126] commit: 2728 abort: 121272 (0/121272/0), network size: 0, avg network size: 0, si_in_serializable: 0 0 %, local: 0 %
I0314 12:10:58.145916 1892861 Coordinator.h:126] commit: 2722 abort: 121278 (0/121278/0), network size: 0, avg network size: 0, si_in_serializable: 0 0 %, local: 0 %
I0314 12:10:59.146044 1892861 Coordinator.h:126] commit: 2668 abort: 121332 (0/121332/0), network size: 0, avg network size: 0, si_in_serializable: 0 0 %, local: 0 %
I0314 12:11:00.146188 1892861 Coordinator.h:126] commit: 2637 abort: 121363 (0/121363/0), network size: 0, avg network size: 0, si_in_serializable: 0 0 %, local: 0 %
I0314 12:11:01.146339 1892861 Coordinator.h:126] commit: 2828 abort: 121172 (0/121172/0), network size: 0, avg network size: 0, si_in_serializable: 0 0 %, local: 0 %
I0314 12:11:01.146389 1892861 Coordinator.h:152] average commit: 2684 abort: 122516 (0/122516/0), network size: 0, avg network size: 0, si_in_serializable: 0 0 %, local: 0 %
I0314 12:11:01.146435 1892861 AriaExecutor.h:535] Worker 0 latency: 1440879 us (50%) 2163639 us (75%) 2618931 us (95%) 5200475 us (99%).
I0314 12:11:01.173586 1892886 AriaExecutor.h:94] AriaExecutor 9 exits. 
I0314 12:11:01.173586 1892880 AriaExecutor.h:94] AriaExecutor 3 exits. 
I0314 12:11:01.173594 1892885 AriaExecutor.h:94] AriaExecutor 8 exits. 
I0314 12:11:01.173591 1892889 Manager.h:227] Manager(worker id = 12) on the coordinator node exits.
I0314 12:11:01.173586 1892888 AriaExecutor.h:94] AriaExecutor 11 exits. 
I0314 12:11:01.173596 1892883 AriaExecutor.h:94] AriaExecutor 6 exits. 
I0314 12:11:01.173599 1892881 AriaExecutor.h:94] AriaExecutor 4 exits. 
I0314 12:11:01.173596 1892884 AriaExecutor.h:94] AriaExecutor 7 exits. 
I0314 12:11:01.173597 1892887 AriaExecutor.h:94] AriaExecutor 10 exits. 
I0314 12:11:01.173599 1892877 AriaExecutor.h:94] AriaExecutor 0 exits. 
I0314 12:11:01.173586 1892882 AriaExecutor.h:94] AriaExecutor 5 exits. 
I0314 12:11:01.173596 1892879 AriaExecutor.h:94] AriaExecutor 2 exits. 
I0314 12:11:01.173599 1892878 AriaExecutor.h:94] AriaExecutor 1 exits. 
I0314 12:11:01.173836 1892861 AriaExecutor.h:535] Worker 1 latency: 1887348 us (50%) 2359365 us (75%) 3672753 us (95%) 5778757 us (99%).
I0314 12:11:01.174417 1892861 AriaExecutor.h:535] Worker 2 latency: 1757513 us (50%) 2316850 us (75%) 3057157 us (95%) 5650072 us (99%).
I0314 12:11:01.175072 1892861 AriaExecutor.h:535] Worker 3 latency: 1957934 us (50%) 2346885 us (75%) 3343924 us (95%) 5712831 us (99%).
I0314 12:11:01.175612 1892861 AriaExecutor.h:535] Worker 4 latency: 1631450 us (50%) 2293592 us (75%) 2848877 us (95%) 5359891 us (99%).
I0314 12:11:01.176360 1892861 AriaExecutor.h:535] Worker 5 latency: 1395158 us (50%) 2119857 us (75%) 2537417 us (95%) 4968782 us (99%).
I0314 12:11:01.177670 1892861 AriaExecutor.h:535] Worker 6 latency: 1471845 us (50%) 2202100 us (75%) 2542525 us (95%) 5328989 us (99%).
I0314 12:11:01.178623 1892861 AriaExecutor.h:535] Worker 7 latency: 1610106 us (50%) 2285796 us (75%) 2936997 us (95%) 5551026 us (99%).
I0314 12:11:01.179257 1892861 AriaExecutor.h:535] Worker 8 latency: 1628570 us (50%) 2301243 us (75%) 3051400 us (95%) 5456268 us (99%).
I0314 12:11:01.179837 1892861 AriaExecutor.h:535] Worker 9 latency: 1502398 us (50%) 2249359 us (75%) 2604137 us (95%) 5232316 us (99%).
I0314 12:11:01.180559 1892861 AriaExecutor.h:535] Worker 10 latency: 1609016 us (50%) 2286677 us (75%) 2843581 us (95%) 5552975 us (99%).
I0314 12:11:01.181057 1892861 AriaExecutor.h:535] Worker 11 latency: 1407667 us (50%) 2164348 us (75%) 2539539 us (95%) 5096713 us (99%).
I0314 12:11:01.181950 1892861 Coordinator.h:177] total commit: 2684
I0314 12:11:02.182185 1892861 Coordinator.h:192] Coordinator exits.
