I0314 12:40:39.428767 1899708 Database.h:65] ycsb initialization finished in 97 milliseconds.
I0314 12:40:39.429013 1899708 Coordinator.h:30] Coordinator initializes 12 workers.
I0314 12:40:39.537955 1899708 Coordinator.h:77] Coordinator starts to run 13 workers.
I0314 12:40:39.538064 1899724 AriaExecutor.h:91] AriaExecutor 0 started. 
I0314 12:40:39.538120 1899725 AriaExecutor.h:91] AriaExecutor 1 started. 
I0314 12:40:39.538223 1899726 AriaExecutor.h:91] AriaExecutor 2 started. 
I0314 12:40:39.538341 1899727 AriaExecutor.h:91] AriaExecutor 3 started. 
I0314 12:40:39.538400 1899728 AriaExecutor.h:91] AriaExecutor 4 started. 
I0314 12:40:39.538494 1899729 AriaExecutor.h:91] AriaExecutor 5 started. 
I0314 12:40:39.538614 1899730 AriaExecutor.h:91] AriaExecutor 6 started. 
I0314 12:40:39.538666 1899731 AriaExecutor.h:91] AriaExecutor 7 started. 
I0314 12:40:39.538763 1899732 AriaExecutor.h:91] AriaExecutor 8 started. 
I0314 12:40:39.538838 1899733 AriaExecutor.h:91] AriaExecutor 9 started. 
I0314 12:40:39.538929 1899734 AriaExecutor.h:91] AriaExecutor 10 started. 
I0314 12:40:39.539011 1899735 AriaExecutor.h:91] AriaExecutor 11 started. 
I0314 12:40:39.539089 1899736 Manager.h:224] Manager(worker id = 12) on the coordinator node started.
I0314 12:40:40.539135 1899708 Coordinator.h:126] commit: 15103 abort: 976897 (0/976897/0), network size: 0, avg network size: 0, si_in_serializable: 0 0 %, local: 0 %
I0314 12:40:41.539297 1899708 Coordinator.h:126] commit: 21869 abort: 954131 (0/954131/0), network size: 0, avg network size: 0, si_in_serializable: 0 0 %, local: 0 %
I0314 12:40:42.539489 1899708 Coordinator.h:126] commit: 25035 abort: 966965 (0/966965/0), network size: 0, avg network size: 0, si_in_serializable: 0 0 %, local: 0 %
I0314 12:40:43.539649 1899708 Coordinator.h:126] commit: 25537 abort: 962463 (0/962463/0), network size: 0, avg network size: 0, si_in_serializable: 0 0 %, local: 0 %
I0314 12:40:44.539779 1899708 Coordinator.h:126] commit: 25514 abort: 954486 (0/954486/0), network size: 0, avg network size: 0, si_in_serializable: 0 0 %, local: 0 %
I0314 12:40:45.539925 1899708 Coordinator.h:126] commit: 24972 abort: 943028 (0/943028/0), network size: 0, avg network size: 0, si_in_serializable: 0 0 %, local: 0 %
I0314 12:40:46.540050 1899708 Coordinator.h:126] commit: 25504 abort: 942496 (0/942496/0), network size: 0, avg network size: 0, si_in_serializable: 0 0 %, local: 0 %
I0314 12:40:47.540236 1899708 Coordinator.h:126] commit: 25300 abort: 938700 (0/938700/0), network size: 0, avg network size: 0, si_in_serializable: 0 0 %, local: 0 %
I0314 12:40:48.540403 1899708 Coordinator.h:126] commit: 25402 abort: 946598 (0/946598/0), network size: 0, avg network size: 0, si_in_serializable: 0 0 %, local: 0 %
I0314 12:40:49.540535 1899708 Coordinator.h:126] commit: 25754 abort: 950136 (0/950136/0), network size: 0, avg network size: 0, si_in_serializable: 0 0 %, local: 0 %
I0314 12:40:50.540675 1899708 Coordinator.h:126] commit: 25562 abort: 946546 (0/946546/0), network size: 0, avg network size: 0, si_in_serializable: 0 0 %, local: 0 %
I0314 12:40:51.540799 1899708 Coordinator.h:126] commit: 25737 abort: 938263 (0/938263/0), network size: 0, avg network size: 0, si_in_serializable: 0 0 %, local: 0 %
I0314 12:40:52.540921 1899708 Coordinator.h:126] commit: 25377 abort: 954623 (0/954623/0), network size: 0, avg network size: 0, si_in_serializable: 0 0 %, local: 0 %
I0314 12:40:53.541045 1899708 Coordinator.h:126] commit: 25257 abort: 950743 (0/950743/0), network size: 0, avg network size: 0, si_in_serializable: 0 0 %, local: 0 %
I0314 12:40:54.541180 1899708 Coordinator.h:126] commit: 25073 abort: 946927 (0/946927/0), network size: 0, avg network size: 0, si_in_serializable: 0 0 %, local: 0 %
I0314 12:40:55.541318 1899708 Coordinator.h:126] commit: 25216 abort: 950784 (0/950784/0), network size: 0, avg network size: 0, si_in_serializable: 0 0 %, local: 0 %
I0314 12:40:56.541467 1899708 Coordinator.h:126] commit: 25567 abort: 950433 (0/950433/0), network size: 0, avg network size: 0, si_in_serializable: 0 0 %, local: 0 %
I0314 12:40:57.541589 1899708 Coordinator.h:126] commit: 25360 abort: 950640 (0/950640/0), network size: 0, avg network size: 0, si_in_serializable: 0 0 %, local: 0 %
I0314 12:40:58.541772 1899708 Coordinator.h:126] commit: 25290 abort: 946710 (0/946710/0), network size: 0, avg network size: 0, si_in_serializable: 0 0 %, local: 0 %
I0314 12:40:59.541913 1899708 Coordinator.h:126] commit: 25517 abort: 950483 (0/950483/0), network size: 0, avg network size: 0, si_in_serializable: 0 0 %, local: 0 %
I0314 12:41:00.542045 1899708 Coordinator.h:126] commit: 25506 abort: 950494 (0/950494/0), network size: 0, avg network size: 0, si_in_serializable: 0 0 %, local: 0 %
I0314 12:41:01.542191 1899708 Coordinator.h:126] commit: 25581 abort: 950419 (0/950419/0), network size: 0, avg network size: 0, si_in_serializable: 0 0 %, local: 0 %
I0314 12:41:02.542315 1899708 Coordinator.h:126] commit: 25411 abort: 942589 (0/942589/0), network size: 0, avg network size: 0, si_in_serializable: 0 0 %, local: 0 %
I0314 12:41:03.542449 1899708 Coordinator.h:126] commit: 25291 abort: 946709 (0/946709/0), network size: 0, avg network size: 0, si_in_serializable: 0 0 %, local: 0 %
I0314 12:41:04.542598 1899708 Coordinator.h:126] commit: 25205 abort: 942795 (0/942795/0), network size: 0, avg network size: 0, si_in_serializable: 0 0 %, local: 0 %
I0314 12:41:04.542645 1899708 Coordinator.h:152] average commit: 25395.6 abort: 948615 (0/948615/0), network size: 0, avg network size: 0, si_in_serializable: 0 0 %, local: 0 %
I0314 12:41:04.546008 1899736 Manager.h:227] Manager(worker id = 12) on the coordinator node exits.
I0314 12:41:04.546027 1899727 AriaExecutor.h:103] AriaExecutor 3 exits. 
I0314 12:41:04.546018 1899733 AriaExecutor.h:103] AriaExecutor 9 exits. 
I0314 12:41:04.546037 1899728 AriaExecutor.h:103] AriaExecutor 4 exits. 
I0314 12:41:04.546018 1899735 AriaExecutor.h:103] AriaExecutor 11 exits. 
I0314 12:41:04.546021 1899730 AriaExecutor.h:103] AriaExecutor 6 exits. 
I0314 12:41:04.546018 1899726 AriaExecutor.h:103] AriaExecutor 2 exits. 
I0314 12:41:04.546020 1899734 AriaExecutor.h:103] AriaExecutor 10 exits. 
I0314 12:41:04.546021 1899729 AriaExecutor.h:103] AriaExecutor 5 exits. 
I0314 12:41:04.546021 1899724 AriaExecutor.h:103] AriaExecutor 0 exits. 
I0314 12:41:04.546018 1899732 AriaExecutor.h:103] AriaExecutor 8 exits. 
I0314 12:41:04.546020 1899725 AriaExecutor.h:103] AriaExecutor 1 exits. 
I0314 12:41:04.546027 1899731 AriaExecutor.h:103] AriaExecutor 7 exits. 
I0314 12:41:04.542692 1899708 AriaExecutor.h:649] Worker 0 latency: 132916 us (50%) 311338 us (75%) 633062 us (95%) 829794 us (99%).
I0314 12:41:04.555578 1899708 AriaExecutor.h:649] Worker 1 latency: 93314 us (50%) 208028 us (75%) 593056 us (95%) 672126 us (99%).
I0314 12:41:04.561371 1899708 AriaExecutor.h:649] Worker 2 latency: 96958 us (50%) 208414 us (75%) 562371 us (95%) 658148 us (99%).
I0314 12:41:04.566550 1899708 AriaExecutor.h:649] Worker 3 latency: 89949 us (50%) 198414 us (75%) 548113 us (95%) 655502 us (99%).
I0314 12:41:04.570372 1899708 AriaExecutor.h:649] Worker 4 latency: 93140 us (50%) 202828 us (75%) 541695 us (95%) 646933 us (99%).
I0314 12:41:04.574225 1899708 AriaExecutor.h:649] Worker 5 latency: 100668 us (50%) 213840 us (75%) 526818 us (95%) 634064 us (99%).
I0314 12:41:04.577927 1899708 AriaExecutor.h:649] Worker 6 latency: 97553 us (50%) 209619 us (75%) 524980 us (95%) 637831 us (99%).
I0314 12:41:04.581444 1899708 AriaExecutor.h:649] Worker 7 latency: 92591 us (50%) 196188 us (75%) 511829 us (95%) 632769 us (99%).
I0314 12:41:04.584692 1899708 AriaExecutor.h:649] Worker 8 latency: 90784 us (50%) 193195 us (75%) 505559 us (95%) 626488 us (99%).
I0314 12:41:04.587997 1899708 AriaExecutor.h:649] Worker 9 latency: 89356 us (50%) 192304 us (75%) 502861 us (95%) 622307 us (99%).
I0314 12:41:04.591233 1899708 AriaExecutor.h:649] Worker 10 latency: 89573 us (50%) 192262 us (75%) 500055 us (95%) 619978 us (99%).
I0314 12:41:04.594457 1899708 AriaExecutor.h:649] Worker 11 latency: 96751 us (50%) 204759 us (75%) 494134 us (95%) 619022 us (99%).
I0314 12:41:04.598012 1899708 Coordinator.h:177] total commit: 25395.6
I0314 12:41:05.598234 1899708 Coordinator.h:192] Coordinator exits.
