I0314 12:00:33.521034 1890995 Database.h:65] ycsb initialization finished in 99 milliseconds.
I0314 12:00:33.521255 1890995 Coordinator.h:30] Coordinator initializes 12 workers.
I0314 12:00:33.629189 1890995 Coordinator.h:77] Coordinator starts to run 13 workers.
I0314 12:00:33.629282 1891013 AriaExecutor.h:82] AriaExecutor 0 started. 
I0314 12:00:33.629328 1891014 AriaExecutor.h:82] AriaExecutor 1 started. 
I0314 12:00:33.629442 1891015 AriaExecutor.h:82] AriaExecutor 2 started. 
I0314 12:00:33.629568 1891016 AriaExecutor.h:82] AriaExecutor 3 started. 
I0314 12:00:33.629691 1891017 AriaExecutor.h:82] AriaExecutor 4 started. 
I0314 12:00:33.629733 1891018 AriaExecutor.h:82] AriaExecutor 5 started. 
I0314 12:00:33.629832 1891019 AriaExecutor.h:82] AriaExecutor 6 started. 
I0314 12:00:33.629881 1891020 AriaExecutor.h:82] AriaExecutor 7 started. 
I0314 12:00:33.629973 1891021 AriaExecutor.h:82] AriaExecutor 8 started. 
I0314 12:00:33.630028 1891022 AriaExecutor.h:82] AriaExecutor 9 started. 
I0314 12:00:33.630112 1891023 AriaExecutor.h:82] AriaExecutor 10 started. 
I0314 12:00:33.630239 1891024 AriaExecutor.h:82] AriaExecutor 11 started. 
I0314 12:00:33.630281 1891025 Manager.h:224] Manager(worker id = 12) on the coordinator node started.
I0314 12:00:34.630333 1890995 Coordinator.h:126] commit: 414192 abort: 53808 (0/53808/0), network size: 0, avg network size: 0, si_in_serializable: 0 0 %, local: 0 %
I0314 12:00:35.630512 1890995 Coordinator.h:126] commit: 427301 abort: 56699 (0/56699/0), network size: 0, avg network size: 0, si_in_serializable: 0 0 %, local: 0 %
I0314 12:00:36.630715 1890995 Coordinator.h:126] commit: 448297 abort: 59703 (0/59703/0), network size: 0, avg network size: 0, si_in_serializable: 0 0 %, local: 0 %
I0314 12:00:37.630888 1890995 Coordinator.h:126] commit: 444978 abort: 59022 (0/59022/0), network size: 0, avg network size: 0, si_in_serializable: 0 0 %, local: 0 %
I0314 12:00:38.631037 1890995 Coordinator.h:126] commit: 448507 abort: 59493 (0/59493/0), network size: 0, avg network size: 0, si_in_serializable: 0 0 %, local: 0 %
I0314 12:00:39.631165 1890995 Coordinator.h:126] commit: 441548 abort: 58452 (0/58452/0), network size: 0, avg network size: 0, si_in_serializable: 0 0 %, local: 0 %
I0314 12:00:40.631299 1890995 Coordinator.h:126] commit: 451836 abort: 60164 (0/60164/0), network size: 0, avg network size: 0, si_in_serializable: 0 0 %, local: 0 %
I0314 12:00:41.631444 1890995 Coordinator.h:126] commit: 441309 abort: 58691 (0/58691/0), network size: 0, avg network size: 0, si_in_serializable: 0 0 %, local: 0 %
I0314 12:00:42.631572 1890995 Coordinator.h:126] commit: 452143 abort: 59857 (0/59857/0), network size: 0, avg network size: 0, si_in_serializable: 0 0 %, local: 0 %
I0314 12:00:43.631768 1890995 Coordinator.h:126] commit: 451488 abort: 60512 (0/60512/0), network size: 0, avg network size: 0, si_in_serializable: 0 0 %, local: 0 %
I0314 12:00:44.631913 1890995 Coordinator.h:126] commit: 448742 abort: 59258 (0/59258/0), network size: 0, avg network size: 0, si_in_serializable: 0 0 %, local: 0 %
I0314 12:00:45.632046 1890995 Coordinator.h:126] commit: 448794 abort: 59206 (0/59206/0), network size: 0, avg network size: 0, si_in_serializable: 0 0 %, local: 0 %
I0314 12:00:46.632169 1890995 Coordinator.h:126] commit: 444979 abort: 59021 (0/59021/0), network size: 0, avg network size: 0, si_in_serializable: 0 0 %, local: 0 %
I0314 12:00:47.632309 1890995 Coordinator.h:126] commit: 438507 abort: 57493 (0/57493/0), network size: 0, avg network size: 0, si_in_serializable: 0 0 %, local: 0 %
I0314 12:00:48.632443 1890995 Coordinator.h:126] commit: 431952 abort: 57023 (0/57023/0), network size: 0, avg network size: 0, si_in_serializable: 0 0 %, local: 0 %
I0314 12:00:49.632575 1890995 Coordinator.h:126] commit: 443823 abort: 59201 (0/59201/0), network size: 0, avg network size: 0, si_in_serializable: 0 0 %, local: 0 %
I0314 12:00:50.632700 1890995 Coordinator.h:126] commit: 434670 abort: 57628 (0/57628/0), network size: 0, avg network size: 0, si_in_serializable: 0 0 %, local: 0 %
I0314 12:00:51.632843 1890995 Coordinator.h:126] commit: 448189 abort: 59513 (0/59513/0), network size: 0, avg network size: 0, si_in_serializable: 0 0 %, local: 0 %
I0314 12:00:52.632980 1890995 Coordinator.h:126] commit: 442166 abort: 57834 (0/57834/0), network size: 0, avg network size: 0, si_in_serializable: 0 0 %, local: 0 %
I0314 12:00:53.633111 1890995 Coordinator.h:126] commit: 448675 abort: 59325 (0/59325/0), network size: 0, avg network size: 0, si_in_serializable: 0 0 %, local: 0 %
I0314 12:00:54.633247 1890995 Coordinator.h:126] commit: 451747 abort: 60253 (0/60253/0), network size: 0, avg network size: 0, si_in_serializable: 0 0 %, local: 0 %
I0314 12:00:55.633435 1890995 Coordinator.h:126] commit: 452724 abort: 59276 (0/59276/0), network size: 0, avg network size: 0, si_in_serializable: 0 0 %, local: 0 %
I0314 12:00:56.633574 1890995 Coordinator.h:126] commit: 451935 abort: 60065 (0/60065/0), network size: 0, avg network size: 0, si_in_serializable: 0 0 %, local: 0 %
I0314 12:00:57.633714 1890995 Coordinator.h:126] commit: 452086 abort: 59914 (0/59914/0), network size: 0, avg network size: 0, si_in_serializable: 0 0 %, local: 0 %
I0314 12:00:58.633857 1890995 Coordinator.h:126] commit: 455656 abort: 60344 (0/60344/0), network size: 0, avg network size: 0, si_in_serializable: 0 0 %, local: 0 %
I0314 12:00:58.633900 1890995 Coordinator.h:152] average commit: 443050 abort: 58550.2 (0/58550.2/0), network size: 0, avg network size: 0, si_in_serializable: 0 0 %, local: 0 %
I0314 12:00:58.638486 1891019 AriaExecutor.h:94] AriaExecutor 6 exits. 
I0314 12:00:58.638514 1891016 AriaExecutor.h:94] AriaExecutor 3 exits. 
I0314 12:00:58.638517 1891014 AriaExecutor.h:94] AriaExecutor 1 exits. 
I0314 12:00:58.638527 1891020 AriaExecutor.h:94] AriaExecutor 7 exits. 
I0314 12:00:58.638516 1891021 AriaExecutor.h:94] AriaExecutor 8 exits. 
I0314 12:00:58.638518 1891015 AriaExecutor.h:94] AriaExecutor 2 exits. 
I0314 12:00:58.638523 1891025 Manager.h:227] Manager(worker id = 12) on the coordinator node exits.
I0314 12:00:58.638517 1891013 AriaExecutor.h:94] AriaExecutor 0 exits. 
I0314 12:00:58.638486 1891024 AriaExecutor.h:94] AriaExecutor 11 exits. 
I0314 12:00:58.638517 1891018 AriaExecutor.h:94] AriaExecutor 5 exits. 
I0314 12:00:58.638497 1891022 AriaExecutor.h:94] AriaExecutor 9 exits. 
I0314 12:00:58.638486 1891023 AriaExecutor.h:94] AriaExecutor 10 exits. 
I0314 12:00:58.638515 1891017 AriaExecutor.h:94] AriaExecutor 4 exits. 
I0314 12:00:58.633944 1890995 AriaExecutor.h:535] Worker 0 latency: 6071 us (50%) 6880 us (75%) 13328 us (95%) 20132 us (99%).
I0314 12:00:58.689790 1890995 AriaExecutor.h:535] Worker 1 latency: 6073 us (50%) 6879 us (75%) 13304 us (95%) 19985 us (99%).
I0314 12:00:58.732184 1890995 AriaExecutor.h:535] Worker 2 latency: 6070 us (50%) 6878 us (75%) 13296 us (95%) 19920 us (99%).
I0314 12:00:58.774518 1890995 AriaExecutor.h:535] Worker 3 latency: 6076 us (50%) 6880 us (75%) 13291 us (95%) 19869 us (99%).
I0314 12:00:58.817448 1890995 AriaExecutor.h:535] Worker 4 latency: 6071 us (50%) 6877 us (75%) 13283 us (95%) 19815 us (99%).
I0314 12:00:58.859519 1890995 AriaExecutor.h:535] Worker 5 latency: 6066 us (50%) 6876 us (75%) 13279 us (95%) 19773 us (99%).
I0314 12:00:58.901674 1890995 AriaExecutor.h:535] Worker 6 latency: 6069 us (50%) 6876 us (75%) 13267 us (95%) 19695 us (99%).
I0314 12:00:58.943763 1890995 AriaExecutor.h:535] Worker 7 latency: 6069 us (50%) 6873 us (75%) 13257 us (95%) 19655 us (99%).
I0314 12:00:58.986346 1890995 AriaExecutor.h:535] Worker 8 latency: 6071 us (50%) 6876 us (75%) 13251 us (95%) 19607 us (99%).
I0314 12:00:59.028591 1890995 AriaExecutor.h:535] Worker 9 latency: 6040 us (50%) 6863 us (75%) 13242 us (95%) 19543 us (99%).
I0314 12:00:59.070609 1890995 AriaExecutor.h:535] Worker 10 latency: 6067 us (50%) 6873 us (75%) 13237 us (95%) 19489 us (99%).
I0314 12:00:59.112782 1890995 AriaExecutor.h:535] Worker 11 latency: 6063 us (50%) 6871 us (75%) 13229 us (95%) 19402 us (99%).
I0314 12:00:59.155121 1890995 Coordinator.h:177] total commit: 443050
I0314 12:01:00.155321 1890995 Coordinator.h:192] Coordinator exits.
