I0314 12:19:13.822019 1894134 Database.h:65] ycsb initialization finished in 100 milliseconds.
I0314 12:19:13.822240 1894134 Coordinator.h:30] Coordinator initializes 12 workers.
I0314 12:19:13.858635 1894134 Coordinator.h:77] Coordinator starts to run 13 workers.
I0314 12:19:13.858729 1894151 AriaExecutor.h:82] AriaExecutor 0 started. 
I0314 12:19:13.858777 1894152 AriaExecutor.h:82] AriaExecutor 1 started. 
I0314 12:19:13.858875 1894153 AriaExecutor.h:82] AriaExecutor 2 started. 
I0314 12:19:13.858994 1894154 AriaExecutor.h:82] AriaExecutor 3 started. 
I0314 12:19:13.859112 1894155 AriaExecutor.h:82] AriaExecutor 4 started. 
I0314 12:19:13.859143 1894156 AriaExecutor.h:82] AriaExecutor 5 started. 
I0314 12:19:13.859246 1894157 AriaExecutor.h:82] AriaExecutor 6 started. 
I0314 12:19:13.859262 1894158 AriaExecutor.h:82] AriaExecutor 7 started. 
I0314 12:19:13.859365 1894159 AriaExecutor.h:82] AriaExecutor 8 started. 
I0314 12:19:13.859412 1894160 AriaExecutor.h:82] AriaExecutor 9 started. 
I0314 12:19:13.859508 1894161 AriaExecutor.h:82] AriaExecutor 10 started. 
I0314 12:19:13.859633 1894162 AriaExecutor.h:82] AriaExecutor 11 started. 
I0314 12:19:13.859757 1894163 Manager.h:224] Manager(worker id = 12) on the coordinator node started.
I0314 12:19:14.859782 1894134 Coordinator.h:126] commit: 110 abort: 86890 (0/86890/0), network size: 0, avg network size: 0, si_in_serializable: 0 0 %, local: 0 %
I0314 12:19:15.859937 1894134 Coordinator.h:126] commit: 120 abort: 90880 (0/90880/0), network size: 0, avg network size: 0, si_in_serializable: 0 0 %, local: 0 %
I0314 12:19:16.860134 1894134 Coordinator.h:126] commit: 114 abort: 93886 (0/93886/0), network size: 0, avg network size: 0, si_in_serializable: 0 0 %, local: 0 %
I0314 12:19:17.860302 1894134 Coordinator.h:126] commit: 114 abort: 91886 (0/91886/0), network size: 0, avg network size: 0, si_in_serializable: 0 0 %, local: 0 %
I0314 12:19:18.860436 1894134 Coordinator.h:126] commit: 109 abort: 88891 (0/88891/0), network size: 0, avg network size: 0, si_in_serializable: 0 0 %, local: 0 %
I0314 12:19:19.860575 1894134 Coordinator.h:126] commit: 101 abort: 87899 (0/87899/0), network size: 0, avg network size: 0, si_in_serializable: 0 0 %, local: 0 %
I0314 12:19:20.860702 1894134 Coordinator.h:126] commit: 106 abort: 84894 (0/84894/0), network size: 0, avg network size: 0, si_in_serializable: 0 0 %, local: 0 %
I0314 12:19:21.860899 1894134 Coordinator.h:126] commit: 100 abort: 83900 (0/83900/0), network size: 0, avg network size: 0, si_in_serializable: 0 0 %, local: 0 %
I0314 12:19:22.861063 1894134 Coordinator.h:126] commit: 95 abort: 82905 (0/82905/0), network size: 0, avg network size: 0, si_in_serializable: 0 0 %, local: 0 %
I0314 12:19:23.861195 1894134 Coordinator.h:126] commit: 99 abort: 80901 (0/80901/0), network size: 0, avg network size: 0, si_in_serializable: 0 0 %, local: 0 %
I0314 12:19:24.861328 1894134 Coordinator.h:126] commit: 115 abort: 79885 (0/79885/0), network size: 0, avg network size: 0, si_in_serializable: 0 0 %, local: 0 %
I0314 12:19:25.861461 1894134 Coordinator.h:126] commit: 273 abort: 79727 (0/79727/0), network size: 0, avg network size: 0, si_in_serializable: 0 0 %, local: 0 %
I0314 12:19:26.861615 1894134 Coordinator.h:126] commit: 277 abort: 79723 (0/79723/0), network size: 0, avg network size: 0, si_in_serializable: 0 0 %, local: 0 %
I0314 12:19:27.861771 1894134 Coordinator.h:126] commit: 274 abort: 80726 (0/80726/0), network size: 0, avg network size: 0, si_in_serializable: 0 0 %, local: 0 %
I0314 12:19:28.861913 1894134 Coordinator.h:126] commit: 279 abort: 80721 (0/80721/0), network size: 0, avg network size: 0, si_in_serializable: 0 0 %, local: 0 %
I0314 12:19:29.862037 1894134 Coordinator.h:126] commit: 311 abort: 81689 (0/81689/0), network size: 0, avg network size: 0, si_in_serializable: 0 0 %, local: 0 %
I0314 12:19:30.862172 1894134 Coordinator.h:126] commit: 297 abort: 82703 (0/82703/0), network size: 0, avg network size: 0, si_in_serializable: 0 0 %, local: 0 %
I0314 12:19:31.862318 1894134 Coordinator.h:126] commit: 338 abort: 81662 (0/81662/0), network size: 0, avg network size: 0, si_in_serializable: 0 0 %, local: 0 %
I0314 12:19:32.862458 1894134 Coordinator.h:126] commit: 279 abort: 81721 (0/81721/0), network size: 0, avg network size: 0, si_in_serializable: 0 0 %, local: 0 %
I0314 12:19:33.862599 1894134 Coordinator.h:126] commit: 280 abort: 81720 (0/81720/0), network size: 0, avg network size: 0, si_in_serializable: 0 0 %, local: 0 %
I0314 12:19:34.862737 1894134 Coordinator.h:126] commit: 297 abort: 81703 (0/81703/0), network size: 0, avg network size: 0, si_in_serializable: 0 0 %, local: 0 %
I0314 12:19:35.862866 1894134 Coordinator.h:126] commit: 300 abort: 81700 (0/81700/0), network size: 0, avg network size: 0, si_in_serializable: 0 0 %, local: 0 %
I0314 12:19:36.863045 1894134 Coordinator.h:126] commit: 297 abort: 82703 (0/82703/0), network size: 0, avg network size: 0, si_in_serializable: 0 0 %, local: 0 %
I0314 12:19:37.863184 1894134 Coordinator.h:126] commit: 313 abort: 81687 (0/81687/0), network size: 0, avg network size: 0, si_in_serializable: 0 0 %, local: 0 %
I0314 12:19:38.863305 1894134 Coordinator.h:126] commit: 302 abort: 81698 (0/81698/0), network size: 0, avg network size: 0, si_in_serializable: 0 0 %, local: 0 %
I0314 12:19:38.863353 1894134 Coordinator.h:152] average commit: 272.3 abort: 81027.7 (0/81027.7/0), network size: 0, avg network size: 0, si_in_serializable: 0 0 %, local: 0 %
I0314 12:19:38.863397 1894134 AriaExecutor.h:535] Worker 0 latency: 3496267 us (50%) 6444104 us (75%) 9721075 us (95%) 10802097 us (99%).
I0314 12:19:38.869503 1894160 AriaExecutor.h:94] AriaExecutor 9 exits. 
I0314 12:19:38.869524 1894158 AriaExecutor.h:94] AriaExecutor 7 exits. 
I0314 12:19:38.869503 1894156 AriaExecutor.h:94] AriaExecutor 5 exits. 
I0314 12:19:38.869518 1894163 Manager.h:227] Manager(worker id = 12) on the coordinator node exits.
I0314 12:19:38.869522 1894155 AriaExecutor.h:94] AriaExecutor 4 exits. 
I0314 12:19:38.869511 1894154 AriaExecutor.h:94] AriaExecutor 3 exits. 
I0314 12:19:38.869511 1894152 AriaExecutor.h:94] AriaExecutor 1 exits. 
I0314 12:19:38.869503 1894161 AriaExecutor.h:94] AriaExecutor 10 exits. 
I0314 12:19:38.869511 1894159 AriaExecutor.h:94] AriaExecutor 8 exits. 
I0314 12:19:38.869503 1894157 AriaExecutor.h:94] AriaExecutor 6 exits. 
I0314 12:19:38.869503 1894151 AriaExecutor.h:94] AriaExecutor 0 exits. 
I0314 12:19:38.869503 1894153 AriaExecutor.h:94] AriaExecutor 2 exits. 
I0314 12:19:38.869503 1894162 AriaExecutor.h:94] AriaExecutor 11 exits. 
I0314 12:19:38.869854 1894134 AriaExecutor.h:535] Worker 1 latency: 3420929 us (50%) 3897907 us (75%) 8415182 us (95%) 9264628 us (99%).
I0314 12:19:38.869963 1894134 AriaExecutor.h:535] Worker 2 latency: 3409298 us (50%) 3627580 us (75%) 8236812 us (95%) 9131528 us (99%).
I0314 12:19:38.870039 1894134 AriaExecutor.h:535] Worker 3 latency: 3408446 us (50%) 3619677 us (75%) 8255419 us (95%) 9253842 us (99%).
I0314 12:19:38.870096 1894134 AriaExecutor.h:535] Worker 4 latency: 3408425 us (50%) 4201510 us (75%) 8791061 us (95%) 9299536 us (99%).
I0314 12:19:38.870198 1894134 AriaExecutor.h:535] Worker 5 latency: 3418613 us (50%) 3708377 us (75%) 8570188 us (95%) 9318531 us (99%).
I0314 12:19:38.870271 1894134 AriaExecutor.h:535] Worker 6 latency: 3384604 us (50%) 3643550 us (75%) 9053455 us (95%) 9392740 us (99%).
I0314 12:19:38.870333 1894134 AriaExecutor.h:535] Worker 7 latency: 3396374 us (50%) 3821020 us (75%) 8661154 us (95%) 9279774 us (99%).
I0314 12:19:38.870395 1894134 AriaExecutor.h:535] Worker 8 latency: 3384502 us (50%) 3618098 us (75%) 8766072 us (95%) 9364665 us (99%).
I0314 12:19:38.870450 1894134 AriaExecutor.h:535] Worker 9 latency: 3396491 us (50%) 4300505 us (75%) 8247483 us (95%) 9250069 us (99%).
I0314 12:19:38.870502 1894134 AriaExecutor.h:535] Worker 10 latency: 3396560 us (50%) 4288507 us (75%) 8245903 us (95%) 9361143 us (99%).
I0314 12:19:38.870559 1894134 AriaExecutor.h:535] Worker 11 latency: 3436997 us (50%) 5471528 us (75%) 9350396 us (95%) 9455625 us (99%).
I0314 12:19:38.870635 1894134 Coordinator.h:177] total commit: 272.3
I0314 12:19:39.870846 1894134 Coordinator.h:192] Coordinator exits.
