I0314 12:37:28.944615 1898228 Database.h:65] ycsb initialization finished in 100 milliseconds.
I0314 12:37:28.944820 1898228 Coordinator.h:30] Coordinator initializes 12 workers.
I0314 12:37:28.981686 1898228 Coordinator.h:77] Coordinator starts to run 13 workers.
I0314 12:37:28.981781 1898244 AriaExecutor.h:91] AriaExecutor 0 started. 
I0314 12:37:28.981822 1898245 AriaExecutor.h:91] AriaExecutor 1 started. 
I0314 12:37:28.981933 1898246 AriaExecutor.h:91] AriaExecutor 2 started. 
I0314 12:37:28.982051 1898247 AriaExecutor.h:91] AriaExecutor 3 started. 
I0314 12:37:28.982168 1898248 AriaExecutor.h:91] AriaExecutor 4 started. 
I0314 12:37:28.982286 1898249 AriaExecutor.h:91] AriaExecutor 5 started. 
I0314 12:37:28.982324 1898250 AriaExecutor.h:91] AriaExecutor 6 started. 
I0314 12:37:28.982424 1898251 AriaExecutor.h:91] AriaExecutor 7 started. 
I0314 12:37:28.982540 1898252 AriaExecutor.h:91] AriaExecutor 8 started. 
I0314 12:37:28.982577 1898253 AriaExecutor.h:91] AriaExecutor 9 started. 
I0314 12:37:28.982681 1898254 AriaExecutor.h:91] AriaExecutor 10 started. 
I0314 12:37:28.982734 1898255 AriaExecutor.h:91] AriaExecutor 11 started. 
I0314 12:37:28.982828 1898256 Manager.h:224] Manager(worker id = 12) on the coordinator node started.
I0314 12:37:29.982877 1898228 Coordinator.h:126] commit: 228 abort: 86772 (0/86772/0), network size: 0, avg network size: 0, si_in_serializable: 0 0 %, local: 0 %
I0314 12:37:30.983027 1898228 Coordinator.h:126] commit: 295 abort: 93705 (0/93705/0), network size: 0, avg network size: 0, si_in_serializable: 0 0 %, local: 0 %
I0314 12:37:31.983218 1898228 Coordinator.h:126] commit: 291 abort: 95709 (0/95709/0), network size: 0, avg network size: 0, si_in_serializable: 0 0 %, local: 0 %
I0314 12:37:32.983367 1898228 Coordinator.h:126] commit: 335 abort: 93665 (0/93665/0), network size: 0, avg network size: 0, si_in_serializable: 0 0 %, local: 0 %
I0314 12:37:33.983507 1898228 Coordinator.h:126] commit: 324 abort: 91676 (0/91676/0), network size: 0, avg network size: 0, si_in_serializable: 0 0 %, local: 0 %
I0314 12:37:34.983642 1898228 Coordinator.h:126] commit: 357 abort: 88643 (0/88643/0), network size: 0, avg network size: 0, si_in_serializable: 0 0 %, local: 0 %
I0314 12:37:35.983757 1898228 Coordinator.h:126] commit: 399 abort: 87601 (0/87601/0), network size: 0, avg network size: 0, si_in_serializable: 0 0 %, local: 0 %
I0314 12:37:36.983933 1898228 Coordinator.h:126] commit: 654 abort: 86346 (0/86346/0), network size: 0, avg network size: 0, si_in_serializable: 0 0 %, local: 0 %
I0314 12:37:37.984066 1898228 Coordinator.h:126] commit: 908 abort: 87092 (0/87092/0), network size: 0, avg network size: 0, si_in_serializable: 0 0 %, local: 0 %
I0314 12:37:38.984182 1898228 Coordinator.h:126] commit: 847 abort: 89153 (0/89153/0), network size: 0, avg network size: 0, si_in_serializable: 0 0 %, local: 0 %
I0314 12:37:39.984298 1898228 Coordinator.h:126] commit: 904 abort: 87096 (0/87096/0), network size: 0, avg network size: 0, si_in_serializable: 0 0 %, local: 0 %
I0314 12:37:40.984413 1898228 Coordinator.h:126] commit: 833 abort: 87167 (0/87167/0), network size: 0, avg network size: 0, si_in_serializable: 0 0 %, local: 0 %
I0314 12:37:41.984529 1898228 Coordinator.h:126] commit: 930 abort: 88070 (0/88070/0), network size: 0, avg network size: 0, si_in_serializable: 0 0 %, local: 0 %
I0314 12:37:42.984699 1898228 Coordinator.h:126] commit: 921 abort: 88079 (0/88079/0), network size: 0, avg network size: 0, si_in_serializable: 0 0 %, local: 0 %
I0314 12:37:43.984836 1898228 Coordinator.h:126] commit: 917 abort: 88083 (0/88083/0), network size: 0, avg network size: 0, si_in_serializable: 0 0 %, local: 0 %
I0314 12:37:44.984947 1898228 Coordinator.h:126] commit: 827 abort: 87173 (0/87173/0), network size: 0, avg network size: 0, si_in_serializable: 0 0 %, local: 0 %
I0314 12:37:45.985069 1898228 Coordinator.h:126] commit: 845 abort: 87155 (0/87155/0), network size: 0, avg network size: 0, si_in_serializable: 0 0 %, local: 0 %
I0314 12:37:46.985186 1898228 Coordinator.h:126] commit: 848 abort: 86152 (0/86152/0), network size: 0, avg network size: 0, si_in_serializable: 0 0 %, local: 0 %
I0314 12:37:47.985303 1898228 Coordinator.h:126] commit: 855 abort: 87145 (0/87145/0), network size: 0, avg network size: 0, si_in_serializable: 0 0 %, local: 0 %
I0314 12:37:48.985427 1898228 Coordinator.h:126] commit: 898 abort: 87102 (0/87102/0), network size: 0, avg network size: 0, si_in_serializable: 0 0 %, local: 0 %
I0314 12:37:49.985563 1898228 Coordinator.h:126] commit: 891 abort: 87109 (0/87109/0), network size: 0, avg network size: 0, si_in_serializable: 0 0 %, local: 0 %
I0314 12:37:50.985695 1898228 Coordinator.h:126] commit: 859 abort: 87141 (0/87141/0), network size: 0, avg network size: 0, si_in_serializable: 0 0 %, local: 0 %
I0314 12:37:51.985823 1898228 Coordinator.h:126] commit: 866 abort: 86134 (0/86134/0), network size: 0, avg network size: 0, si_in_serializable: 0 0 %, local: 0 %
I0314 12:37:52.985950 1898228 Coordinator.h:126] commit: 879 abort: 86121 (0/86121/0), network size: 0, avg network size: 0, si_in_serializable: 0 0 %, local: 0 %
I0314 12:37:53.986063 1898228 Coordinator.h:126] commit: 901 abort: 88099 (0/88099/0), network size: 0, avg network size: 0, si_in_serializable: 0 0 %, local: 0 %
I0314 12:37:53.986104 1898228 Coordinator.h:152] average commit: 877.8 abort: 87322.2 (0/87322.2/0), network size: 0, avg network size: 0, si_in_serializable: 0 0 %, local: 0 %
I0314 12:37:53.986148 1898228 AriaExecutor.h:649] Worker 0 latency: 1191982 us (50%) 1287412 us (75%) 5705833 us (95%) 7363700 us (99%).
I0314 12:37:53.987766 1898244 AriaExecutor.h:103] AriaExecutor 0 exits. 
I0314 12:37:53.987766 1898254 AriaExecutor.h:103] AriaExecutor 10 exits. 
I0314 12:37:53.987766 1898246 AriaExecutor.h:103] AriaExecutor 2 exits. 
I0314 12:37:53.987779 1898255 AriaExecutor.h:103] AriaExecutor 11 exits. 
I0314 12:37:53.987783 1898247 AriaExecutor.h:103] AriaExecutor 3 exits. 
I0314 12:37:53.987767 1898252 AriaExecutor.h:103] AriaExecutor 8 exits. 
I0314 12:37:53.987780 1898253 AriaExecutor.h:103] AriaExecutor 9 exits. 
I0314 12:37:53.987782 1898250 AriaExecutor.h:103] AriaExecutor 6 exits. 
I0314 12:37:53.987782 1898248 AriaExecutor.h:103] AriaExecutor 4 exits. 
I0314 12:37:53.987782 1898251 AriaExecutor.h:103] AriaExecutor 7 exits. 
I0314 12:37:53.987766 1898249 AriaExecutor.h:103] AriaExecutor 5 exits. 
I0314 12:37:53.987785 1898256 Manager.h:227] Manager(worker id = 12) on the coordinator node exits.
I0314 12:37:53.987766 1898245 AriaExecutor.h:103] AriaExecutor 1 exits. 
I0314 12:37:53.988065 1898228 AriaExecutor.h:649] Worker 1 latency: 1178888 us (50%) 1231579 us (75%) 2503612 us (95%) 6639829 us (99%).
I0314 12:37:53.988413 1898228 AriaExecutor.h:649] Worker 2 latency: 1173282 us (50%) 1220501 us (75%) 2250972 us (95%) 5895072 us (99%).
I0314 12:37:53.988679 1898228 AriaExecutor.h:649] Worker 3 latency: 1172574 us (50%) 1218728 us (75%) 2151618 us (95%) 3299322 us (99%).
I0314 12:37:53.988917 1898228 AriaExecutor.h:649] Worker 4 latency: 1166376 us (50%) 1216343 us (75%) 2036574 us (95%) 2642806 us (99%).
I0314 12:37:53.989198 1898228 AriaExecutor.h:649] Worker 5 latency: 1156162 us (50%) 1210734 us (75%) 2170024 us (95%) 2687659 us (99%).
I0314 12:37:53.989459 1898228 AriaExecutor.h:649] Worker 6 latency: 1161671 us (50%) 1209857 us (75%) 2222538 us (95%) 2594814 us (99%).
I0314 12:37:53.989655 1898228 AriaExecutor.h:649] Worker 7 latency: 1153955 us (50%) 1203875 us (75%) 2074116 us (95%) 2655594 us (99%).
I0314 12:37:53.989837 1898228 AriaExecutor.h:649] Worker 8 latency: 1152456 us (50%) 1195788 us (75%) 2007710 us (95%) 2481297 us (99%).
I0314 12:37:53.990000 1898228 AriaExecutor.h:649] Worker 9 latency: 1149842 us (50%) 1196625 us (75%) 2193193 us (95%) 2503445 us (99%).
I0314 12:37:53.990172 1898228 AriaExecutor.h:649] Worker 10 latency: 1148299 us (50%) 1194723 us (75%) 2179551 us (95%) 2555002 us (99%).
I0314 12:37:53.990327 1898228 AriaExecutor.h:649] Worker 11 latency: 1139604 us (50%) 1194398 us (75%) 2354108 us (95%) 2816427 us (99%).
I0314 12:37:53.990525 1898228 Coordinator.h:177] total commit: 877.8
I0314 12:37:54.990739 1898228 Coordinator.h:192] Coordinator exits.
