I0314 12:07:24.413456 1892409 Database.h:65] ycsb initialization finished in 99 milliseconds.
I0314 12:07:24.413678 1892409 Coordinator.h:30] Coordinator initializes 12 workers.
I0314 12:07:24.451140 1892409 Coordinator.h:77] Coordinator starts to run 13 workers.
I0314 12:07:24.451225 1892425 AriaExecutor.h:82] AriaExecutor 0 started. 
I0314 12:07:24.451272 1892426 AriaExecutor.h:82] AriaExecutor 1 started. 
I0314 12:07:24.451378 1892427 AriaExecutor.h:82] AriaExecutor 2 started. 
I0314 12:07:24.451503 1892428 AriaExecutor.h:82] AriaExecutor 3 started. 
I0314 12:07:24.451560 1892429 AriaExecutor.h:82] AriaExecutor 4 started. 
I0314 12:07:24.451642 1892430 AriaExecutor.h:82] AriaExecutor 5 started. 
I0314 12:07:24.451710 1892431 AriaExecutor.h:82] AriaExecutor 6 started. 
I0314 12:07:24.451781 1892432 AriaExecutor.h:82] AriaExecutor 7 started. 
I0314 12:07:24.451839 1892433 AriaExecutor.h:82] AriaExecutor 8 started. 
I0314 12:07:24.451920 1892434 AriaExecutor.h:82] AriaExecutor 9 started. 
I0314 12:07:24.451978 1892435 AriaExecutor.h:82] AriaExecutor 10 started. 
I0314 12:07:24.452060 1892436 AriaExecutor.h:82] AriaExecutor 11 started. 
I0314 12:07:24.452183 1892437 Manager.h:224] Manager(worker id = 12) on the coordinator node started.
I0314 12:07:25.452184 1892409 Coordinator.h:126] commit: 364740 abort: 27260 (0/27260/0), network size: 0, avg network size: 0, si_in_serializable: 0 0 %, local: 0 %
I0314 12:07:26.452414 1892409 Coordinator.h:126] commit: 376675 abort: 25325 (0/25325/0), network size: 0, avg network size: 0, si_in_serializable: 0 0 %, local: 0 %
I0314 12:07:27.452597 1892409 Coordinator.h:126] commit: 380900 abort: 37100 (0/37100/0), network size: 0, avg network size: 0, si_in_serializable: 0 0 %, local: 0 %
I0314 12:07:28.452740 1892409 Coordinator.h:126] commit: 379538 abort: 42462 (0/42462/0), network size: 0, avg network size: 0, si_in_serializable: 0 0 %, local: 0 %
I0314 12:07:29.452872 1892409 Coordinator.h:126] commit: 378708 abort: 32292 (0/32292/0), network size: 0, avg network size: 0, si_in_serializable: 0 0 %, local: 0 %
I0314 12:07:30.452994 1892409 Coordinator.h:126] commit: 372024 abort: 42976 (0/42976/0), network size: 0, avg network size: 0, si_in_serializable: 0 0 %, local: 0 %
I0314 12:07:31.453120 1892409 Coordinator.h:126] commit: 379879 abort: 31121 (0/31121/0), network size: 0, avg network size: 0, si_in_serializable: 0 0 %, local: 0 %
I0314 12:07:32.453306 1892409 Coordinator.h:126] commit: 371206 abort: 41794 (0/41794/0), network size: 0, avg network size: 0, si_in_serializable: 0 0 %, local: 0 %
I0314 12:07:33.453441 1892409 Coordinator.h:126] commit: 358961 abort: 45039 (0/45039/0), network size: 0, avg network size: 0, si_in_serializable: 0 0 %, local: 0 %
I0314 12:07:34.453565 1892409 Coordinator.h:126] commit: 378142 abort: 23858 (0/23858/0), network size: 0, avg network size: 0, si_in_serializable: 0 0 %, local: 0 %
I0314 12:07:35.453722 1892409 Coordinator.h:126] commit: 375920 abort: 30080 (0/30080/0), network size: 0, avg network size: 0, si_in_serializable: 0 0 %, local: 0 %
I0314 12:07:36.453842 1892409 Coordinator.h:126] commit: 369474 abort: 30526 (0/30526/0), network size: 0, avg network size: 0, si_in_serializable: 0 0 %, local: 0 %
I0314 12:07:37.453946 1892409 Coordinator.h:126] commit: 374470 abort: 31530 (0/31530/0), network size: 0, avg network size: 0, si_in_serializable: 0 0 %, local: 0 %
I0314 12:07:38.454142 1892409 Coordinator.h:126] commit: 369005 abort: 39995 (0/39995/0), network size: 0, avg network size: 0, si_in_serializable: 0 0 %, local: 0 %
I0314 12:07:39.454301 1892409 Coordinator.h:126] commit: 377749 abort: 25251 (0/25251/0), network size: 0, avg network size: 0, si_in_serializable: 0 0 %, local: 0 %
I0314 12:07:40.454439 1892409 Coordinator.h:126] commit: 369620 abort: 45380 (0/45380/0), network size: 0, avg network size: 0, si_in_serializable: 0 0 %, local: 0 %
I0314 12:07:41.454567 1892409 Coordinator.h:126] commit: 352256 abort: 41744 (0/41744/0), network size: 0, avg network size: 0, si_in_serializable: 0 0 %, local: 0 %
I0314 12:07:42.454689 1892409 Coordinator.h:126] commit: 374690 abort: 28310 (0/28310/0), network size: 0, avg network size: 0, si_in_serializable: 0 0 %, local: 0 %
I0314 12:07:43.454806 1892409 Coordinator.h:126] commit: 378095 abort: 32905 (0/32905/0), network size: 0, avg network size: 0, si_in_serializable: 0 0 %, local: 0 %
I0314 12:07:44.454919 1892409 Coordinator.h:126] commit: 382639 abort: 23361 (0/23361/0), network size: 0, avg network size: 0, si_in_serializable: 0 0 %, local: 0 %
I0314 12:07:45.455049 1892409 Coordinator.h:126] commit: 378933 abort: 32067 (0/32067/0), network size: 0, avg network size: 0, si_in_serializable: 0 0 %, local: 0 %
I0314 12:07:46.455181 1892409 Coordinator.h:126] commit: 373950 abort: 43050 (0/43050/0), network size: 0, avg network size: 0, si_in_serializable: 0 0 %, local: 0 %
I0314 12:07:47.455298 1892409 Coordinator.h:126] commit: 368103 abort: 52897 (0/52897/0), network size: 0, avg network size: 0, si_in_serializable: 0 0 %, local: 0 %
I0314 12:07:48.455415 1892409 Coordinator.h:126] commit: 382453 abort: 25547 (0/25547/0), network size: 0, avg network size: 0, si_in_serializable: 0 0 %, local: 0 %
I0314 12:07:49.455528 1892409 Coordinator.h:126] commit: 369968 abort: 40032 (0/40032/0), network size: 0, avg network size: 0, si_in_serializable: 0 0 %, local: 0 %
I0314 12:07:49.455564 1892409 Coordinator.h:152] average commit: 372392 abort: 32908.2 (0/32908.2/0), network size: 0, avg network size: 0, si_in_serializable: 0 0 %, local: 0 %
I0314 12:07:49.455950 1892425 AriaExecutor.h:94] AriaExecutor 0 exits. 
I0314 12:07:49.455968 1892426 AriaExecutor.h:94] AriaExecutor 1 exits. 
I0314 12:07:49.455962 1892435 AriaExecutor.h:94] AriaExecutor 10 exits. 
I0314 12:07:49.455966 1892432 AriaExecutor.h:94] AriaExecutor 7 exits. 
I0314 12:07:49.455988 1892434 AriaExecutor.h:94] AriaExecutor 9 exits. 
I0314 12:07:49.455976 1892437 Manager.h:227] Manager(worker id = 12) on the coordinator node exits.
I0314 12:07:49.455964 1892436 AriaExecutor.h:94] AriaExecutor 11 exits. 
I0314 12:07:49.455968 1892427 AriaExecutor.h:94] AriaExecutor 2 exits. 
I0314 12:07:49.455950 1892430 AriaExecutor.h:94] AriaExecutor 5 exits. 
I0314 12:07:49.455950 1892429 AriaExecutor.h:94] AriaExecutor 4 exits. 
I0314 12:07:49.455968 1892428 AriaExecutor.h:94] AriaExecutor 3 exits. 
I0314 12:07:49.455968 1892431 AriaExecutor.h:94] AriaExecutor 6 exits. 
I0314 12:07:49.455979 1892433 AriaExecutor.h:94] AriaExecutor 8 exits. 
I0314 12:07:49.455610 1892409 AriaExecutor.h:535] Worker 0 latency: 1683 us (50%) 2067 us (75%) 3537 us (95%) 24037 us (99%).
I0314 12:07:49.513450 1892409 AriaExecutor.h:535] Worker 1 latency: 1674 us (50%) 2053 us (75%) 3294 us (95%) 4668 us (99%).
I0314 12:07:49.556114 1892409 AriaExecutor.h:535] Worker 2 latency: 1672 us (50%) 2051 us (75%) 3273 us (95%) 4594 us (99%).
I0314 12:07:49.598241 1892409 AriaExecutor.h:535] Worker 3 latency: 1673 us (50%) 2052 us (75%) 3255 us (95%) 4560 us (99%).
I0314 12:07:49.640915 1892409 AriaExecutor.h:535] Worker 4 latency: 1678 us (50%) 2053 us (75%) 3257 us (95%) 4547 us (99%).
I0314 12:07:49.685220 1892409 AriaExecutor.h:535] Worker 5 latency: 1675 us (50%) 2053 us (75%) 3258 us (95%) 4545 us (99%).
I0314 12:07:49.727159 1892409 AriaExecutor.h:535] Worker 6 latency: 1676 us (50%) 2053 us (75%) 3244 us (95%) 4533 us (99%).
I0314 12:07:49.769094 1892409 AriaExecutor.h:535] Worker 7 latency: 1676 us (50%) 2052 us (75%) 3235 us (95%) 4517 us (99%).
I0314 12:07:49.811525 1892409 AriaExecutor.h:535] Worker 8 latency: 1676 us (50%) 2053 us (75%) 3161 us (95%) 4494 us (99%).
I0314 12:07:49.853786 1892409 AriaExecutor.h:535] Worker 9 latency: 1674 us (50%) 2051 us (75%) 3075 us (95%) 4477 us (99%).
I0314 12:07:49.897995 1892409 AriaExecutor.h:535] Worker 10 latency: 1675 us (50%) 2052 us (75%) 2812 us (95%) 4464 us (99%).
I0314 12:07:49.940943 1892409 AriaExecutor.h:535] Worker 11 latency: 1672 us (50%) 2051 us (75%) 2641 us (95%) 4448 us (99%).
I0314 12:07:49.983477 1892409 Coordinator.h:177] total commit: 372392
I0314 12:07:50.983718 1892409 Coordinator.h:192] Coordinator exits.
