I0314 12:21:30.057279 1894465 Database.h:65] ycsb initialization finished in 98 milliseconds.
I0314 12:21:30.057518 1894465 Coordinator.h:30] Coordinator initializes 12 workers.
I0314 12:21:30.166483 1894465 Coordinator.h:77] Coordinator starts to run 13 workers.
I0314 12:21:30.166584 1894481 AriaExecutor.h:91] AriaExecutor 0 started. 
I0314 12:21:30.166618 1894482 AriaExecutor.h:91] AriaExecutor 1 started. 
I0314 12:21:30.166750 1894483 AriaExecutor.h:91] AriaExecutor 2 started. 
I0314 12:21:30.166775 1894484 AriaExecutor.h:91] AriaExecutor 3 started. 
I0314 12:21:30.166901 1894485 AriaExecutor.h:91] AriaExecutor 4 started. 
I0314 12:21:30.166961 1894486 AriaExecutor.h:91] AriaExecutor 5 started. 
I0314 12:21:30.167058 1894487 AriaExecutor.h:91] AriaExecutor 6 started. 
I0314 12:21:30.167181 1894488 AriaExecutor.h:91] AriaExecutor 7 started. 
I0314 12:21:30.167305 1894489 AriaExecutor.h:91] AriaExecutor 8 started. 
I0314 12:21:30.167328 1894490 AriaExecutor.h:91] AriaExecutor 9 started. 
I0314 12:21:30.167446 1894491 AriaExecutor.h:91] AriaExecutor 10 started. 
I0314 12:21:30.167447 1894492 AriaExecutor.h:91] AriaExecutor 11 started. 
I0314 12:21:30.167596 1894493 Manager.h:224] Manager(worker id = 12) on the coordinator node started.
I0314 12:21:31.167580 1894465 Coordinator.h:126] commit: 10703 abort: 97297 (0/97297/0), network size: 0, avg network size: 0, si_in_serializable: 0 0 %, local: 0 %
I0314 12:21:32.167732 1894465 Coordinator.h:126] commit: 12267 abort: 111733 (0/111733/0), network size: 0, avg network size: 0, si_in_serializable: 0 0 %, local: 0 %
I0314 12:21:33.167919 1894465 Coordinator.h:126] commit: 12046 abort: 111954 (0/111954/0), network size: 0, avg network size: 0, si_in_serializable: 0 0 %, local: 0 %
I0314 12:21:34.168074 1894465 Coordinator.h:126] commit: 12110 abort: 111890 (0/111890/0), network size: 0, avg network size: 0, si_in_serializable: 0 0 %, local: 0 %
I0314 12:21:35.168192 1894465 Coordinator.h:126] commit: 11919 abort: 108081 (0/108081/0), network size: 0, avg network size: 0, si_in_serializable: 0 0 %, local: 0 %
I0314 12:21:36.168308 1894465 Coordinator.h:126] commit: 11697 abort: 108303 (0/108303/0), network size: 0, avg network size: 0, si_in_serializable: 0 0 %, local: 0 %
I0314 12:21:37.168418 1894465 Coordinator.h:126] commit: 11741 abort: 108259 (0/108259/0), network size: 0, avg network size: 0, si_in_serializable: 0 0 %, local: 0 %
I0314 12:21:38.168612 1894465 Coordinator.h:126] commit: 12175 abort: 111825 (0/111825/0), network size: 0, avg network size: 0, si_in_serializable: 0 0 %, local: 0 %
I0314 12:21:39.168771 1894465 Coordinator.h:126] commit: 12218 abort: 111782 (0/111782/0), network size: 0, avg network size: 0, si_in_serializable: 0 0 %, local: 0 %
I0314 12:21:40.168892 1894465 Coordinator.h:126] commit: 11745 abort: 108255 (0/108255/0), network size: 0, avg network size: 0, si_in_serializable: 0 0 %, local: 0 %
I0314 12:21:41.169016 1894465 Coordinator.h:126] commit: 12108 abort: 111892 (0/111892/0), network size: 0, avg network size: 0, si_in_serializable: 0 0 %, local: 0 %
I0314 12:21:42.169135 1894465 Coordinator.h:126] commit: 11755 abort: 108245 (0/108245/0), network size: 0, avg network size: 0, si_in_serializable: 0 0 %, local: 0 %
I0314 12:21:43.169260 1894465 Coordinator.h:126] commit: 12123 abort: 111877 (0/111877/0), network size: 0, avg network size: 0, si_in_serializable: 0 0 %, local: 0 %
I0314 12:21:44.169387 1894465 Coordinator.h:126] commit: 11676 abort: 108324 (0/108324/0), network size: 0, avg network size: 0, si_in_serializable: 0 0 %, local: 0 %
I0314 12:21:45.169571 1894465 Coordinator.h:126] commit: 11768 abort: 108232 (0/108232/0), network size: 0, avg network size: 0, si_in_serializable: 0 0 %, local: 0 %
I0314 12:21:46.169714 1894465 Coordinator.h:126] commit: 11804 abort: 108196 (0/108196/0), network size: 0, avg network size: 0, si_in_serializable: 0 0 %, local: 0 %
I0314 12:21:47.169832 1894465 Coordinator.h:126] commit: 11775 abort: 108225 (0/108225/0), network size: 0, avg network size: 0, si_in_serializable: 0 0 %, local: 0 %
I0314 12:21:48.169945 1894465 Coordinator.h:126] commit: 11930 abort: 108070 (0/108070/0), network size: 0, avg network size: 0, si_in_serializable: 0 0 %, local: 0 %
I0314 12:21:49.170066 1894465 Coordinator.h:126] commit: 11742 abort: 108258 (0/108258/0), network size: 0, avg network size: 0, si_in_serializable: 0 0 %, local: 0 %
I0314 12:21:50.170202 1894465 Coordinator.h:126] commit: 11656 abort: 108344 (0/108344/0), network size: 0, avg network size: 0, si_in_serializable: 0 0 %, local: 0 %
I0314 12:21:51.170326 1894465 Coordinator.h:126] commit: 12163 abort: 111837 (0/111837/0), network size: 0, avg network size: 0, si_in_serializable: 0 0 %, local: 0 %
I0314 12:21:52.170449 1894465 Coordinator.h:126] commit: 11626 abort: 108374 (0/108374/0), network size: 0, avg network size: 0, si_in_serializable: 0 0 %, local: 0 %
I0314 12:21:53.170567 1894465 Coordinator.h:126] commit: 11819 abort: 108181 (0/108181/0), network size: 0, avg network size: 0, si_in_serializable: 0 0 %, local: 0 %
I0314 12:21:54.170678 1894465 Coordinator.h:126] commit: 11714 abort: 108286 (0/108286/0), network size: 0, avg network size: 0, si_in_serializable: 0 0 %, local: 0 %
I0314 12:21:55.170818 1894465 Coordinator.h:126] commit: 12144 abort: 111856 (0/111856/0), network size: 0, avg network size: 0, si_in_serializable: 0 0 %, local: 0 %
I0314 12:21:55.170871 1894465 Coordinator.h:152] average commit: 11833.7 abort: 108966 (0/108966/0), network size: 0, avg network size: 0, si_in_serializable: 0 0 %, local: 0 %
I0314 12:21:55.170914 1894465 AriaExecutor.h:649] Worker 0 latency: 341494 us (50%) 374647 us (75%) 415181 us (95%) 478960 us (99%).
I0314 12:21:55.186331 1894482 AriaExecutor.h:103] AriaExecutor 1 exits. 
I0314 12:21:55.186331 1894488 AriaExecutor.h:103] AriaExecutor 7 exits. 
I0314 12:21:55.186338 1894491 AriaExecutor.h:103] AriaExecutor 10 exits. 
I0314 12:21:55.186331 1894489 AriaExecutor.h:103] AriaExecutor 8 exits. 
I0314 12:21:55.186342 1894486 AriaExecutor.h:103] AriaExecutor 5 exits. 
I0314 12:21:55.186342 1894484 AriaExecutor.h:103] AriaExecutor 3 exits. 
I0314 12:21:55.186348 1894493 Manager.h:227] Manager(worker id = 12) on the coordinator node exits.
I0314 12:21:55.186362 1894483 AriaExecutor.h:103] AriaExecutor 2 exits. 
I0314 12:21:55.186337 1894492 AriaExecutor.h:103] AriaExecutor 11 exits. 
I0314 12:21:55.186342 1894481 AriaExecutor.h:103] AriaExecutor 0 exits. 
I0314 12:21:55.186331 1894485 AriaExecutor.h:103] AriaExecutor 4 exits. 
I0314 12:21:55.186331 1894487 AriaExecutor.h:103] AriaExecutor 6 exits. 
I0314 12:21:55.186353 1894490 AriaExecutor.h:103] AriaExecutor 9 exits. 
I0314 12:21:55.186658 1894465 AriaExecutor.h:649] Worker 1 latency: 341414 us (50%) 374415 us (75%) 414273 us (95%) 455310 us (99%).
I0314 12:21:55.191051 1894465 AriaExecutor.h:649] Worker 2 latency: 341065 us (50%) 374165 us (75%) 413253 us (95%) 448527 us (99%).
I0314 12:21:55.195535 1894465 AriaExecutor.h:649] Worker 3 latency: 340950 us (50%) 374030 us (75%) 412871 us (95%) 446936 us (99%).
I0314 12:21:55.199237 1894465 AriaExecutor.h:649] Worker 4 latency: 341220 us (50%) 373969 us (75%) 412652 us (95%) 445460 us (99%).
I0314 12:21:55.202726 1894465 AriaExecutor.h:649] Worker 5 latency: 341108 us (50%) 373816 us (75%) 412237 us (95%) 444487 us (99%).
I0314 12:21:55.206152 1894465 AriaExecutor.h:649] Worker 6 latency: 340999 us (50%) 373677 us (75%) 411809 us (95%) 441416 us (99%).
I0314 12:21:55.208523 1894465 AriaExecutor.h:649] Worker 7 latency: 340706 us (50%) 373688 us (75%) 411779 us (95%) 441133 us (99%).
I0314 12:21:55.210824 1894465 AriaExecutor.h:649] Worker 8 latency: 340890 us (50%) 373587 us (75%) 411362 us (95%) 439233 us (99%).
I0314 12:21:55.213055 1894465 AriaExecutor.h:649] Worker 9 latency: 340769 us (50%) 373178 us (75%) 410699 us (95%) 438013 us (99%).
I0314 12:21:55.215293 1894465 AriaExecutor.h:649] Worker 10 latency: 340334 us (50%) 373073 us (75%) 409967 us (95%) 423913 us (99%).
I0314 12:21:55.217304 1894465 AriaExecutor.h:649] Worker 11 latency: 340701 us (50%) 373419 us (75%) 409774 us (95%) 421863 us (99%).
I0314 12:21:55.218951 1894465 Coordinator.h:177] total commit: 11833.7
I0314 12:21:56.219142 1894465 Coordinator.h:192] Coordinator exits.
