I0314 12:37:01.682667 1897967 Database.h:65] ycsb initialization finished in 101 milliseconds.
I0314 12:37:01.682873 1897967 Coordinator.h:30] Coordinator initializes 12 workers.
I0314 12:37:01.792475 1897967 Coordinator.h:77] Coordinator starts to run 13 workers.
I0314 12:37:01.792567 1897985 AriaExecutor.h:91] AriaExecutor 0 started. 
I0314 12:37:01.792601 1897986 AriaExecutor.h:91] AriaExecutor 1 started. 
I0314 12:37:01.792730 1897987 AriaExecutor.h:91] AriaExecutor 2 started. 
I0314 12:37:01.792857 1897988 AriaExecutor.h:91] AriaExecutor 3 started. 
I0314 12:37:01.792899 1897989 AriaExecutor.h:91] AriaExecutor 4 started. 
I0314 12:37:01.792991 1897990 AriaExecutor.h:91] AriaExecutor 5 started. 
I0314 12:37:01.793110 1897991 AriaExecutor.h:91] AriaExecutor 6 started. 
I0314 12:37:01.793231 1897992 AriaExecutor.h:91] AriaExecutor 7 started. 
I0314 12:37:01.793278 1897993 AriaExecutor.h:91] AriaExecutor 8 started. 
I0314 12:37:01.793367 1897994 AriaExecutor.h:91] AriaExecutor 9 started. 
I0314 12:37:01.793426 1897995 AriaExecutor.h:91] AriaExecutor 10 started. 
I0314 12:37:01.793500 1897996 AriaExecutor.h:91] AriaExecutor 11 started. 
I0314 12:37:01.793579 1897997 Manager.h:224] Manager(worker id = 12) on the coordinator node started.
I0314 12:37:02.793635 1897967 Coordinator.h:126] commit: 23515 abort: 928485 (0/928485/0), network size: 0, avg network size: 0, si_in_serializable: 0 0 %, local: 0 %
I0314 12:37:03.793783 1897967 Coordinator.h:126] commit: 30909 abort: 913091 (0/913091/0), network size: 0, avg network size: 0, si_in_serializable: 0 0 %, local: 0 %
I0314 12:37:04.793963 1897967 Coordinator.h:126] commit: 31879 abort: 928121 (0/928121/0), network size: 0, avg network size: 0, si_in_serializable: 0 0 %, local: 0 %
I0314 12:37:05.794104 1897967 Coordinator.h:126] commit: 31295 abort: 924705 (0/924705/0), network size: 0, avg network size: 0, si_in_serializable: 0 0 %, local: 0 %
I0314 12:37:06.794236 1897967 Coordinator.h:126] commit: 31559 abort: 916441 (0/916441/0), network size: 0, avg network size: 0, si_in_serializable: 0 0 %, local: 0 %
I0314 12:37:07.794349 1897967 Coordinator.h:126] commit: 31578 abort: 904422 (0/904422/0), network size: 0, avg network size: 0, si_in_serializable: 0 0 %, local: 0 %
I0314 12:37:08.794481 1897967 Coordinator.h:126] commit: 31932 abort: 908068 (0/908068/0), network size: 0, avg network size: 0, si_in_serializable: 0 0 %, local: 0 %
I0314 12:37:09.794657 1897967 Coordinator.h:126] commit: 31161 abort: 900839 (0/900839/0), network size: 0, avg network size: 0, si_in_serializable: 0 0 %, local: 0 %
I0314 12:37:10.794796 1897967 Coordinator.h:126] commit: 31564 abort: 912436 (0/912436/0), network size: 0, avg network size: 0, si_in_serializable: 0 0 %, local: 0 %
I0314 12:37:11.794915 1897967 Coordinator.h:126] commit: 31242 abort: 916758 (0/916758/0), network size: 0, avg network size: 0, si_in_serializable: 0 0 %, local: 0 %
I0314 12:37:12.795046 1897967 Coordinator.h:126] commit: 31248 abort: 916752 (0/916752/0), network size: 0, avg network size: 0, si_in_serializable: 0 0 %, local: 0 %
I0314 12:37:13.795161 1897967 Coordinator.h:126] commit: 32010 abort: 903990 (0/903990/0), network size: 0, avg network size: 0, si_in_serializable: 0 0 %, local: 0 %
I0314 12:37:14.795274 1897967 Coordinator.h:126] commit: 32095 abort: 915905 (0/915905/0), network size: 0, avg network size: 0, si_in_serializable: 0 0 %, local: 0 %
I0314 12:37:15.795392 1897967 Coordinator.h:126] commit: 31454 abort: 908546 (0/908546/0), network size: 0, avg network size: 0, si_in_serializable: 0 0 %, local: 0 %
I0314 12:37:16.795509 1897967 Coordinator.h:126] commit: 31481 abort: 920519 (0/920519/0), network size: 0, avg network size: 0, si_in_serializable: 0 0 %, local: 0 %
I0314 12:37:17.795676 1897967 Coordinator.h:126] commit: 31143 abort: 916857 (0/916857/0), network size: 0, avg network size: 0, si_in_serializable: 0 0 %, local: 0 %
I0314 12:37:18.795809 1897967 Coordinator.h:126] commit: 31548 abort: 916452 (0/916452/0), network size: 0, avg network size: 0, si_in_serializable: 0 0 %, local: 0 %
I0314 12:37:19.795920 1897967 Coordinator.h:126] commit: 31534 abort: 916466 (0/916466/0), network size: 0, avg network size: 0, si_in_serializable: 0 0 %, local: 0 %
I0314 12:37:20.796034 1897967 Coordinator.h:126] commit: 31193 abort: 912807 (0/912807/0), network size: 0, avg network size: 0, si_in_serializable: 0 0 %, local: 0 %
I0314 12:37:21.796154 1897967 Coordinator.h:126] commit: 31338 abort: 916662 (0/916662/0), network size: 0, avg network size: 0, si_in_serializable: 0 0 %, local: 0 %
I0314 12:37:22.796276 1897967 Coordinator.h:126] commit: 31211 abort: 908789 (0/908789/0), network size: 0, avg network size: 0, si_in_serializable: 0 0 %, local: 0 %
I0314 12:37:23.796391 1897967 Coordinator.h:126] commit: 31231 abort: 908769 (0/908769/0), network size: 0, avg network size: 0, si_in_serializable: 0 0 %, local: 0 %
I0314 12:37:24.796504 1897967 Coordinator.h:126] commit: 31536 abort: 908464 (0/908464/0), network size: 0, avg network size: 0, si_in_serializable: 0 0 %, local: 0 %
I0314 12:37:25.796629 1897967 Coordinator.h:126] commit: 31717 abort: 896283 (0/896283/0), network size: 0, avg network size: 0, si_in_serializable: 0 0 %, local: 0 %
I0314 12:37:26.796746 1897967 Coordinator.h:126] commit: 31167 abort: 904833 (0/904833/0), network size: 0, avg network size: 0, si_in_serializable: 0 0 %, local: 0 %
I0314 12:37:26.796782 1897967 Coordinator.h:152] average commit: 31504.4 abort: 914496 (0/914496/0), network size: 0, avg network size: 0, si_in_serializable: 0 0 %, local: 0 %
I0314 12:37:26.798287 1897994 AriaExecutor.h:103] AriaExecutor 9 exits. 
I0314 12:37:26.798287 1897988 AriaExecutor.h:103] AriaExecutor 3 exits. 
I0314 12:37:26.798305 1897985 AriaExecutor.h:103] AriaExecutor 0 exits. 
I0314 12:37:26.798302 1897993 AriaExecutor.h:103] AriaExecutor 8 exits. 
I0314 12:37:26.798300 1897995 AriaExecutor.h:103] AriaExecutor 10 exits. 
I0314 12:37:26.798291 1897997 Manager.h:227] Manager(worker id = 12) on the coordinator node exits.
I0314 12:37:26.798301 1897990 AriaExecutor.h:103] AriaExecutor 5 exits. 
I0314 12:37:26.798288 1897989 AriaExecutor.h:103] AriaExecutor 4 exits. 
I0314 12:37:26.798302 1897992 AriaExecutor.h:103] AriaExecutor 7 exits. 
I0314 12:37:26.798301 1897996 AriaExecutor.h:103] AriaExecutor 11 exits. 
I0314 12:37:26.798303 1897987 AriaExecutor.h:103] AriaExecutor 2 exits. 
I0314 12:37:26.798287 1897986 AriaExecutor.h:103] AriaExecutor 1 exits. 
I0314 12:37:26.798303 1897991 AriaExecutor.h:103] AriaExecutor 6 exits. 
I0314 12:37:26.796830 1897967 AriaExecutor.h:649] Worker 0 latency: 94857 us (50%) 247793 us (75%) 554798 us (95%) 613622 us (99%).
I0314 12:37:26.812472 1897967 AriaExecutor.h:649] Worker 1 latency: 65428 us (50%) 172170 us (75%) 499450 us (95%) 584756 us (99%).
I0314 12:37:26.820559 1897967 AriaExecutor.h:649] Worker 2 latency: 66559 us (50%) 171323 us (75%) 477252 us (95%) 572565 us (99%).
I0314 12:37:26.827104 1897967 AriaExecutor.h:649] Worker 3 latency: 62577 us (50%) 164333 us (75%) 472197 us (95%) 570181 us (99%).
I0314 12:37:26.831758 1897967 AriaExecutor.h:649] Worker 4 latency: 66493 us (50%) 168363 us (75%) 468398 us (95%) 566781 us (99%).
I0314 12:37:26.836380 1897967 AriaExecutor.h:649] Worker 5 latency: 75107 us (50%) 181907 us (75%) 459465 us (95%) 555933 us (99%).
I0314 12:37:26.841995 1897967 AriaExecutor.h:649] Worker 6 latency: 69402 us (50%) 173318 us (75%) 462518 us (95%) 560331 us (99%).
I0314 12:37:26.847000 1897967 AriaExecutor.h:649] Worker 7 latency: 65770 us (50%) 164491 us (75%) 455403 us (95%) 556149 us (99%).
I0314 12:37:26.851611 1897967 AriaExecutor.h:649] Worker 8 latency: 62753 us (50%) 161470 us (75%) 453223 us (95%) 552265 us (99%).
I0314 12:37:26.856200 1897967 AriaExecutor.h:649] Worker 9 latency: 62340 us (50%) 158824 us (75%) 448020 us (95%) 549054 us (99%).
I0314 12:37:26.860735 1897967 AriaExecutor.h:649] Worker 10 latency: 62651 us (50%) 163221 us (75%) 450289 us (95%) 548406 us (99%).
I0314 12:37:26.865286 1897967 AriaExecutor.h:649] Worker 11 latency: 67126 us (50%) 168089 us (75%) 446443 us (95%) 543644 us (99%).
I0314 12:37:26.869645 1897967 Coordinator.h:177] total commit: 31504.4
I0314 12:37:27.869853 1897967 Coordinator.h:192] Coordinator exits.
