I0314 12:01:01.579030 1891154 Database.h:65] ycsb initialization finished in 100 milliseconds.
I0314 12:01:01.579244 1891154 Coordinator.h:30] Coordinator initializes 12 workers.
I0314 12:01:01.616309 1891154 Coordinator.h:77] Coordinator starts to run 13 workers.
I0314 12:01:01.616411 1891171 AriaExecutor.h:82] AriaExecutor 0 started. 
I0314 12:01:01.616462 1891172 AriaExecutor.h:82] AriaExecutor 1 started. 
I0314 12:01:01.616587 1891173 AriaExecutor.h:82] AriaExecutor 2 started. 
I0314 12:01:01.616721 1891174 AriaExecutor.h:82] AriaExecutor 3 started. 
I0314 12:01:01.616849 1891175 AriaExecutor.h:82] AriaExecutor 4 started. 
I0314 12:01:01.616897 1891176 AriaExecutor.h:82] AriaExecutor 5 started. 
I0314 12:01:01.616997 1891177 AriaExecutor.h:82] AriaExecutor 6 started. 
I0314 12:01:01.617043 1891178 AriaExecutor.h:82] AriaExecutor 7 started. 
I0314 12:01:01.617139 1891179 AriaExecutor.h:82] AriaExecutor 8 started. 
I0314 12:01:01.617201 1891180 AriaExecutor.h:82] AriaExecutor 9 started. 
I0314 12:01:01.617281 1891181 AriaExecutor.h:82] AriaExecutor 10 started. 
I0314 12:01:01.617355 1891182 AriaExecutor.h:82] AriaExecutor 11 started. 
I0314 12:01:01.617429 1891183 Manager.h:224] Manager(worker id = 12) on the coordinator node started.
I0314 12:01:02.617489 1891154 Coordinator.h:126] commit: 6356 abort: 71644 (0/71644/0), network size: 0, avg network size: 0, si_in_serializable: 0 0 %, local: 0 %
I0314 12:01:03.617671 1891154 Coordinator.h:126] commit: 6259 abort: 71741 (0/71741/0), network size: 0, avg network size: 0, si_in_serializable: 0 0 %, local: 0 %
I0314 12:01:04.617892 1891154 Coordinator.h:126] commit: 6484 abort: 73516 (0/73516/0), network size: 0, avg network size: 0, si_in_serializable: 0 0 %, local: 0 %
I0314 12:01:05.618053 1891154 Coordinator.h:126] commit: 6390 abort: 72610 (0/72610/0), network size: 0, avg network size: 0, si_in_serializable: 0 0 %, local: 0 %
I0314 12:01:06.618202 1891154 Coordinator.h:126] commit: 6519 abort: 73481 (0/73481/0), network size: 0, avg network size: 0, si_in_serializable: 0 0 %, local: 0 %
I0314 12:01:07.618341 1891154 Coordinator.h:126] commit: 6391 abort: 72609 (0/72609/0), network size: 0, avg network size: 0, si_in_serializable: 0 0 %, local: 0 %
I0314 12:01:08.618470 1891154 Coordinator.h:126] commit: 6861 abort: 74139 (0/74139/0), network size: 0, avg network size: 0, si_in_serializable: 0 0 %, local: 0 %
I0314 12:01:09.618669 1891154 Coordinator.h:126] commit: 6408 abort: 73592 (0/73592/0), network size: 0, avg network size: 0, si_in_serializable: 0 0 %, local: 0 %
I0314 12:01:10.618810 1891154 Coordinator.h:126] commit: 6560 abort: 74440 (0/74440/0), network size: 0, avg network size: 0, si_in_serializable: 0 0 %, local: 0 %
I0314 12:01:11.618933 1891154 Coordinator.h:126] commit: 6788 abort: 74212 (0/74212/0), network size: 0, avg network size: 0, si_in_serializable: 0 0 %, local: 0 %
I0314 12:01:12.619057 1891154 Coordinator.h:126] commit: 6513 abort: 73487 (0/73487/0), network size: 0, avg network size: 0, si_in_serializable: 0 0 %, local: 0 %
I0314 12:01:13.619184 1891154 Coordinator.h:126] commit: 6418 abort: 72582 (0/72582/0), network size: 0, avg network size: 0, si_in_serializable: 0 0 %, local: 0 %
I0314 12:01:14.619330 1891154 Coordinator.h:126] commit: 6479 abort: 71521 (0/71521/0), network size: 0, avg network size: 0, si_in_serializable: 0 0 %, local: 0 %
I0314 12:01:15.619465 1891154 Coordinator.h:126] commit: 6406 abort: 72594 (0/72594/0), network size: 0, avg network size: 0, si_in_serializable: 0 0 %, local: 0 %
I0314 12:01:16.619575 1891154 Coordinator.h:126] commit: 6426 abort: 73331 (0/73331/0), network size: 0, avg network size: 0, si_in_serializable: 0 0 %, local: 0 %
I0314 12:01:17.619688 1891154 Coordinator.h:126] commit: 6431 abort: 71812 (0/71812/0), network size: 0, avg network size: 0, si_in_serializable: 0 0 %, local: 0 %
I0314 12:01:18.619803 1891154 Coordinator.h:126] commit: 6680 abort: 73320 (0/73320/0), network size: 0, avg network size: 0, si_in_serializable: 0 0 %, local: 0 %
I0314 12:01:19.619911 1891154 Coordinator.h:126] commit: 6558 abort: 73442 (0/73442/0), network size: 0, avg network size: 0, si_in_serializable: 0 0 %, local: 0 %
I0314 12:01:20.620033 1891154 Coordinator.h:126] commit: 6578 abort: 74422 (0/74422/0), network size: 0, avg network size: 0, si_in_serializable: 0 0 %, local: 0 %
I0314 12:01:21.620168 1891154 Coordinator.h:126] commit: 6582 abort: 75418 (0/75418/0), network size: 0, avg network size: 0, si_in_serializable: 0 0 %, local: 0 %
I0314 12:01:22.620337 1891154 Coordinator.h:126] commit: 6528 abort: 75472 (0/75472/0), network size: 0, avg network size: 0, si_in_serializable: 0 0 %, local: 0 %
I0314 12:01:23.620467 1891154 Coordinator.h:126] commit: 6656 abort: 75344 (0/75344/0), network size: 0, avg network size: 0, si_in_serializable: 0 0 %, local: 0 %
I0314 12:01:24.620589 1891154 Coordinator.h:126] commit: 6627 abort: 76373 (0/76373/0), network size: 0, avg network size: 0, si_in_serializable: 0 0 %, local: 0 %
I0314 12:01:25.620709 1891154 Coordinator.h:126] commit: 6492 abort: 75508 (0/75508/0), network size: 0, avg network size: 0, si_in_serializable: 0 0 %, local: 0 %
I0314 12:01:26.620849 1891154 Coordinator.h:126] commit: 6886 abort: 76114 (0/76114/0), network size: 0, avg network size: 0, si_in_serializable: 0 0 %, local: 0 %
I0314 12:01:26.620904 1891154 Coordinator.h:152] average commit: 6507.1 abort: 73192.9 (0/73192.9/0), network size: 0, avg network size: 0, si_in_serializable: 0 0 %, local: 0 %
I0314 12:01:26.620949 1891154 AriaExecutor.h:535] Worker 0 latency: 154553 us (50%) 170797 us (75%) 198391 us (95%) 214961 us (99%).
I0314 12:01:26.631364 1891182 AriaExecutor.h:94] AriaExecutor 11 exits. 
I0314 12:01:26.631364 1891171 AriaExecutor.h:94] AriaExecutor 0 exits. 
I0314 12:01:26.631371 1891179 AriaExecutor.h:94] AriaExecutor 8 exits. 
I0314 12:01:26.631376 1891172 AriaExecutor.h:94] AriaExecutor 1 exits. 
I0314 12:01:26.631364 1891177 AriaExecutor.h:94] AriaExecutor 6 exits. 
I0314 12:01:26.631383 1891183 Manager.h:227] Manager(worker id = 12) on the coordinator node exits.
I0314 12:01:26.631371 1891178 AriaExecutor.h:94] AriaExecutor 7 exits. 
I0314 12:01:26.631372 1891173 AriaExecutor.h:94] AriaExecutor 2 exits. 
I0314 12:01:26.631373 1891176 AriaExecutor.h:94] AriaExecutor 5 exits. 
I0314 12:01:26.631373 1891180 AriaExecutor.h:94] AriaExecutor 9 exits. 
I0314 12:01:26.631374 1891181 AriaExecutor.h:94] AriaExecutor 10 exits. 
I0314 12:01:26.631376 1891174 AriaExecutor.h:94] AriaExecutor 3 exits. 
I0314 12:01:26.631364 1891175 AriaExecutor.h:94] AriaExecutor 4 exits. 
I0314 12:01:26.635100 1891154 AriaExecutor.h:535] Worker 1 latency: 154098 us (50%) 169608 us (75%) 194762 us (95%) 209503 us (99%).
I0314 12:01:26.637410 1891154 AriaExecutor.h:535] Worker 2 latency: 153960 us (50%) 169154 us (75%) 191727 us (95%) 208327 us (99%).
I0314 12:01:26.639645 1891154 AriaExecutor.h:535] Worker 3 latency: 152554 us (50%) 168482 us (75%) 189544 us (95%) 202471 us (99%).
I0314 12:01:26.641886 1891154 AriaExecutor.h:535] Worker 4 latency: 150790 us (50%) 167820 us (75%) 187219 us (95%) 201616 us (99%).
I0314 12:01:26.644157 1891154 AriaExecutor.h:535] Worker 5 latency: 149313 us (50%) 167556 us (75%) 185295 us (95%) 199447 us (99%).
I0314 12:01:26.646427 1891154 AriaExecutor.h:535] Worker 6 latency: 147924 us (50%) 166393 us (75%) 184342 us (95%) 198013 us (99%).
I0314 12:01:26.648481 1891154 AriaExecutor.h:535] Worker 7 latency: 147801 us (50%) 166302 us (75%) 183969 us (95%) 197842 us (99%).
I0314 12:01:26.649829 1891154 AriaExecutor.h:535] Worker 8 latency: 147417 us (50%) 165730 us (75%) 183285 us (95%) 196582 us (99%).
I0314 12:01:26.651166 1891154 AriaExecutor.h:535] Worker 9 latency: 147441 us (50%) 162920 us (75%) 183106 us (95%) 196634 us (99%).
I0314 12:01:26.652522 1891154 AriaExecutor.h:535] Worker 10 latency: 147191 us (50%) 162065 us (75%) 182623 us (95%) 196439 us (99%).
I0314 12:01:26.653810 1891154 AriaExecutor.h:535] Worker 11 latency: 147099 us (50%) 160760 us (75%) 181246 us (95%) 195206 us (99%).
I0314 12:01:26.655107 1891154 Coordinator.h:177] total commit: 6507.1
I0314 12:01:27.655304 1891154 Coordinator.h:192] Coordinator exits.
