I0314 12:09:14.181696 1892654 Database.h:65] ycsb initialization finished in 98 milliseconds.
I0314 12:09:14.181913 1892654 Coordinator.h:30] Coordinator initializes 12 workers.
I0314 12:09:14.219285 1892654 Coordinator.h:77] Coordinator starts to run 13 workers.
I0314 12:09:14.219420 1892674 AriaExecutor.h:82] AriaExecutor 1 started. 
I0314 12:09:14.219556 1892675 AriaExecutor.h:82] AriaExecutor 2 started. 
I0314 12:09:14.219566 1892676 AriaExecutor.h:82] AriaExecutor 3 started. 
I0314 12:09:14.219699 1892677 AriaExecutor.h:82] AriaExecutor 4 started. 
I0314 12:09:14.219815 1892678 AriaExecutor.h:82] AriaExecutor 5 started. 
I0314 12:09:14.219933 1892679 AriaExecutor.h:82] AriaExecutor 6 started. 
I0314 12:09:14.219990 1892680 AriaExecutor.h:82] AriaExecutor 7 started. 
I0314 12:09:14.220085 1892681 AriaExecutor.h:82] AriaExecutor 8 started. 
I0314 12:09:14.220209 1892682 AriaExecutor.h:82] AriaExecutor 9 started. 
I0314 12:09:14.220273 1892673 AriaExecutor.h:82] AriaExecutor 0 started. 
I0314 12:09:14.220355 1892683 AriaExecutor.h:82] AriaExecutor 10 started. 
I0314 12:09:14.220474 1892684 AriaExecutor.h:82] AriaExecutor 11 started. 
I0314 12:09:14.220592 1892685 Manager.h:224] Manager(worker id = 12) on the coordinator node started.
I0314 12:09:15.220624 1892654 Coordinator.h:126] commit: 319413 abort: 439587 (0/439587/0), network size: 0, avg network size: 0, si_in_serializable: 0 0 %, local: 0 %
I0314 12:09:16.220779 1892654 Coordinator.h:126] commit: 315816 abort: 484184 (0/484184/0), network size: 0, avg network size: 0, si_in_serializable: 0 0 %, local: 0 %
I0314 12:09:17.220966 1892654 Coordinator.h:126] commit: 330325 abort: 481675 (0/481675/0), network size: 0, avg network size: 0, si_in_serializable: 0 0 %, local: 0 %
I0314 12:09:18.221103 1892654 Coordinator.h:126] commit: 332130 abort: 481870 (0/481870/0), network size: 0, avg network size: 0, si_in_serializable: 0 0 %, local: 0 %
I0314 12:09:19.221222 1892654 Coordinator.h:126] commit: 318465 abort: 501535 (0/501535/0), network size: 0, avg network size: 0, si_in_serializable: 0 0 %, local: 0 %
I0314 12:09:20.221350 1892654 Coordinator.h:126] commit: 323498 abort: 487502 (0/487502/0), network size: 0, avg network size: 0, si_in_serializable: 0 0 %, local: 0 %
I0314 12:09:21.221485 1892654 Coordinator.h:126] commit: 320058 abort: 503942 (0/503942/0), network size: 0, avg network size: 0, si_in_serializable: 0 0 %, local: 0 %
I0314 12:09:22.221676 1892654 Coordinator.h:126] commit: 324612 abort: 483388 (0/483388/0), network size: 0, avg network size: 0, si_in_serializable: 0 0 %, local: 0 %
I0314 12:09:23.221817 1892654 Coordinator.h:126] commit: 326037 abort: 476963 (0/476963/0), network size: 0, avg network size: 0, si_in_serializable: 0 0 %, local: 0 %
I0314 12:09:24.221938 1892654 Coordinator.h:126] commit: 314671 abort: 464329 (0/464329/0), network size: 0, avg network size: 0, si_in_serializable: 0 0 %, local: 0 %
I0314 12:09:25.222054 1892654 Coordinator.h:126] commit: 315094 abort: 489906 (0/489906/0), network size: 0, avg network size: 0, si_in_serializable: 0 0 %, local: 0 %
I0314 12:09:26.222174 1892654 Coordinator.h:126] commit: 314473 abort: 497527 (0/497527/0), network size: 0, avg network size: 0, si_in_serializable: 0 0 %, local: 0 %
I0314 12:09:27.222298 1892654 Coordinator.h:126] commit: 317774 abort: 486226 (0/486226/0), network size: 0, avg network size: 0, si_in_serializable: 0 0 %, local: 0 %
I0314 12:09:28.222409 1892654 Coordinator.h:126] commit: 320104 abort: 477896 (0/477896/0), network size: 0, avg network size: 0, si_in_serializable: 0 0 %, local: 0 %
I0314 12:09:29.222590 1892654 Coordinator.h:126] commit: 311555 abort: 489445 (0/489445/0), network size: 0, avg network size: 0, si_in_serializable: 0 0 %, local: 0 %
I0314 12:09:30.222725 1892654 Coordinator.h:126] commit: 319640 abort: 479360 (0/479360/0), network size: 0, avg network size: 0, si_in_serializable: 0 0 %, local: 0 %
I0314 12:09:31.222846 1892654 Coordinator.h:126] commit: 316925 abort: 485075 (0/485075/0), network size: 0, avg network size: 0, si_in_serializable: 0 0 %, local: 0 %
I0314 12:09:32.222978 1892654 Coordinator.h:126] commit: 314794 abort: 487206 (0/487206/0), network size: 0, avg network size: 0, si_in_serializable: 0 0 %, local: 0 %
I0314 12:09:33.223088 1892654 Coordinator.h:126] commit: 314813 abort: 485150 (0/485150/0), network size: 0, avg network size: 0, si_in_serializable: 0 0 %, local: 0 %
I0314 12:09:34.223204 1892654 Coordinator.h:126] commit: 309609 abort: 445405 (0/445405/0), network size: 0, avg network size: 0, si_in_serializable: 0 0 %, local: 0 %
I0314 12:09:35.223317 1892654 Coordinator.h:126] commit: 319607 abort: 471416 (0/471416/0), network size: 0, avg network size: 0, si_in_serializable: 0 0 %, local: 0 %
I0314 12:09:36.223430 1892654 Coordinator.h:126] commit: 309318 abort: 507682 (0/507682/0), network size: 0, avg network size: 0, si_in_serializable: 0 0 %, local: 0 %
I0314 12:09:37.223554 1892654 Coordinator.h:126] commit: 318267 abort: 489733 (0/489733/0), network size: 0, avg network size: 0, si_in_serializable: 0 0 %, local: 0 %
I0314 12:09:38.223685 1892654 Coordinator.h:126] commit: 323085 abort: 476915 (0/476915/0), network size: 0, avg network size: 0, si_in_serializable: 0 0 %, local: 0 %
I0314 12:09:39.223809 1892654 Coordinator.h:126] commit: 318198 abort: 482802 (0/482802/0), network size: 0, avg network size: 0, si_in_serializable: 0 0 %, local: 0 %
I0314 12:09:39.223853 1892654 Coordinator.h:152] average commit: 315478 abort: 482320 (0/482320/0), network size: 0, avg network size: 0, si_in_serializable: 0 0 %, local: 0 %
I0314 12:09:39.223966 1892675 AriaExecutor.h:94] AriaExecutor 2 exits. 
I0314 12:09:39.223966 1892684 AriaExecutor.h:94] AriaExecutor 11 exits. 
I0314 12:09:39.223973 1892685 Manager.h:227] Manager(worker id = 12) on the coordinator node exits.
I0314 12:09:39.223966 1892676 AriaExecutor.h:94] AriaExecutor 3 exits. 
I0314 12:09:39.223984 1892683 AriaExecutor.h:94] AriaExecutor 10 exits. 
I0314 12:09:39.223984 1892680 AriaExecutor.h:94] AriaExecutor 7 exits. 
I0314 12:09:39.223980 1892682 AriaExecutor.h:94] AriaExecutor 9 exits. 
I0314 12:09:39.223981 1892673 AriaExecutor.h:94] AriaExecutor 0 exits. 
I0314 12:09:39.223981 1892677 AriaExecutor.h:94] AriaExecutor 4 exits. 
I0314 12:09:39.223984 1892678 AriaExecutor.h:94] AriaExecutor 5 exits. 
I0314 12:09:39.223966 1892679 AriaExecutor.h:94] AriaExecutor 6 exits. 
I0314 12:09:39.223984 1892674 AriaExecutor.h:94] AriaExecutor 1 exits. 
I0314 12:09:39.223966 1892681 AriaExecutor.h:94] AriaExecutor 8 exits. 
I0314 12:09:39.223901 1892654 AriaExecutor.h:535] Worker 0 latency: 812 us (50%) 998 us (75%) 31195 us (95%) 99599 us (99%).
I0314 12:09:39.277828 1892654 AriaExecutor.h:535] Worker 1 latency: 804 us (50%) 981 us (75%) 8210 us (95%) 52813 us (99%).
I0314 12:09:39.315177 1892654 AriaExecutor.h:535] Worker 2 latency: 801 us (50%) 979 us (75%) 8781 us (95%) 52210 us (99%).
I0314 12:09:39.352716 1892654 AriaExecutor.h:535] Worker 3 latency: 803 us (50%) 980 us (75%) 7777 us (95%) 50995 us (99%).
I0314 12:09:39.390847 1892654 AriaExecutor.h:535] Worker 4 latency: 808 us (50%) 981 us (75%) 7358 us (95%) 49883 us (99%).
I0314 12:09:39.429579 1892654 AriaExecutor.h:535] Worker 5 latency: 804 us (50%) 978 us (75%) 7622 us (95%) 49814 us (99%).
I0314 12:09:39.466090 1892654 AriaExecutor.h:535] Worker 6 latency: 805 us (50%) 979 us (75%) 7210 us (95%) 48998 us (99%).
I0314 12:09:39.502440 1892654 AriaExecutor.h:535] Worker 7 latency: 806 us (50%) 980 us (75%) 7172 us (95%) 48876 us (99%).
I0314 12:09:39.539142 1892654 AriaExecutor.h:535] Worker 8 latency: 806 us (50%) 980 us (75%) 6989 us (95%) 48541 us (99%).
I0314 12:09:39.575510 1892654 AriaExecutor.h:535] Worker 9 latency: 804 us (50%) 979 us (75%) 7046 us (95%) 48428 us (99%).
I0314 12:09:39.612174 1892654 AriaExecutor.h:535] Worker 10 latency: 804 us (50%) 979 us (75%) 7012 us (95%) 48381 us (99%).
I0314 12:09:39.650811 1892654 AriaExecutor.h:535] Worker 11 latency: 802 us (50%) 978 us (75%) 7204 us (95%) 48155 us (99%).
I0314 12:09:39.687793 1892654 Coordinator.h:177] total commit: 315478
I0314 12:09:40.687996 1892654 Coordinator.h:192] Coordinator exits.
