I0314 12:53:52.858629 1902370 Database.h:65] ycsb initialization finished in 96 milliseconds.
I0314 12:53:52.858852 1902370 Coordinator.h:30] Coordinator initializes 12 workers.
I0314 12:53:52.899125 1902370 Coordinator.h:77] Coordinator starts to run 13 workers.
I0314 12:53:52.899222 1902387 AriaExecutor.h:94] AriaExecutor 0 started. 
I0314 12:53:52.899294 1902388 AriaExecutor.h:94] AriaExecutor 1 started. 
I0314 12:53:52.899391 1902389 AriaExecutor.h:94] AriaExecutor 2 started. 
I0314 12:53:52.899484 1902390 AriaExecutor.h:94] AriaExecutor 3 started. 
I0314 12:53:52.899586 1902391 AriaExecutor.h:94] AriaExecutor 4 started. 
I0314 12:53:52.899662 1902392 AriaExecutor.h:94] AriaExecutor 5 started. 
I0314 12:53:52.899753 1902393 AriaExecutor.h:94] AriaExecutor 6 started. 
I0314 12:53:52.899828 1902394 AriaExecutor.h:94] AriaExecutor 7 started. 
I0314 12:53:52.899921 1902395 AriaExecutor.h:94] AriaExecutor 8 started. 
I0314 12:53:52.899996 1902396 AriaExecutor.h:94] AriaExecutor 9 started. 
I0314 12:53:52.900069 1902397 AriaExecutor.h:94] AriaExecutor 10 started. 
I0314 12:53:52.900172 1902398 AriaExecutor.h:94] AriaExecutor 11 started. 
I0314 12:53:52.900292 1902399 Manager.h:224] Manager(worker id = 12) on the coordinator node started.
I0314 12:53:53.900316 1902370 Coordinator.h:126] commit: 9431 abort: 123569 (0/123569/0), network size: 0, avg network size: 0, si_in_serializable: 0 0 %, local: 0 %
I0314 12:53:54.900475 1902370 Coordinator.h:126] commit: 10266 abort: 133734 (0/133734/0), network size: 0, avg network size: 0, si_in_serializable: 0 0 %, local: 0 %
I0314 12:53:55.900669 1902370 Coordinator.h:126] commit: 10450 abort: 136550 (0/136550/0), network size: 0, avg network size: 0, si_in_serializable: 0 0 %, local: 0 %
I0314 12:53:56.900826 1902370 Coordinator.h:126] commit: 10498 abort: 135502 (0/135502/0), network size: 0, avg network size: 0, si_in_serializable: 0 0 %, local: 0 %
I0314 12:53:57.900957 1902370 Coordinator.h:126] commit: 10539 abort: 134461 (0/134461/0), network size: 0, avg network size: 0, si_in_serializable: 0 0 %, local: 0 %
I0314 12:53:58.901098 1902370 Coordinator.h:126] commit: 10410 abort: 133590 (0/133590/0), network size: 0, avg network size: 0, si_in_serializable: 0 0 %, local: 0 %
I0314 12:53:59.901248 1902370 Coordinator.h:126] commit: 10760 abort: 139240 (0/139240/0), network size: 0, avg network size: 0, si_in_serializable: 0 0 %, local: 0 %
I0314 12:54:00.901367 1902370 Coordinator.h:126] commit: 10462 abort: 137538 (0/137538/0), network size: 0, avg network size: 0, si_in_serializable: 0 0 %, local: 0 %
I0314 12:54:01.901494 1902370 Coordinator.h:126] commit: 10576 abort: 139424 (0/139424/0), network size: 0, avg network size: 0, si_in_serializable: 0 0 %, local: 0 %
I0314 12:54:02.901693 1902370 Coordinator.h:126] commit: 10589 abort: 138411 (0/138411/0), network size: 0, avg network size: 0, si_in_serializable: 0 0 %, local: 0 %
I0314 12:54:03.901834 1902370 Coordinator.h:126] commit: 10265 abort: 138735 (0/138735/0), network size: 0, avg network size: 0, si_in_serializable: 0 0 %, local: 0 %
I0314 12:54:04.901973 1902370 Coordinator.h:126] commit: 10511 abort: 137489 (0/137489/0), network size: 0, avg network size: 0, si_in_serializable: 0 0 %, local: 0 %
I0314 12:54:05.902091 1902370 Coordinator.h:126] commit: 10134 abort: 133866 (0/133866/0), network size: 0, avg network size: 0, si_in_serializable: 0 0 %, local: 0 %
I0314 12:54:06.902225 1902370 Coordinator.h:126] commit: 10342 abort: 135658 (0/135658/0), network size: 0, avg network size: 0, si_in_serializable: 0 0 %, local: 0 %
I0314 12:54:07.902350 1902370 Coordinator.h:126] commit: 10179 abort: 131821 (0/131821/0), network size: 0, avg network size: 0, si_in_serializable: 0 0 %, local: 0 %
I0314 12:54:08.902540 1902370 Coordinator.h:126] commit: 10300 abort: 134700 (0/134700/0), network size: 0, avg network size: 0, si_in_serializable: 0 0 %, local: 0 %
I0314 12:54:09.902699 1902370 Coordinator.h:126] commit: 10145 abort: 133855 (0/133855/0), network size: 0, avg network size: 0, si_in_serializable: 0 0 %, local: 0 %
I0314 12:54:10.902818 1902370 Coordinator.h:126] commit: 10370 abort: 134630 (0/134630/0), network size: 0, avg network size: 0, si_in_serializable: 0 0 %, local: 0 %
I0314 12:54:11.902941 1902370 Coordinator.h:126] commit: 10602 abort: 134398 (0/134398/0), network size: 0, avg network size: 0, si_in_serializable: 0 0 %, local: 0 %
I0314 12:54:12.903065 1902370 Coordinator.h:126] commit: 10516 abort: 135484 (0/135484/0), network size: 0, avg network size: 0, si_in_serializable: 0 0 %, local: 0 %
I0314 12:54:13.903192 1902370 Coordinator.h:126] commit: 10630 abort: 137370 (0/137370/0), network size: 0, avg network size: 0, si_in_serializable: 0 0 %, local: 0 %
I0314 12:54:14.903316 1902370 Coordinator.h:126] commit: 10288 abort: 137712 (0/137712/0), network size: 0, avg network size: 0, si_in_serializable: 0 0 %, local: 0 %
I0314 12:54:15.903437 1902370 Coordinator.h:126] commit: 10693 abort: 139158 (0/139158/0), network size: 0, avg network size: 0, si_in_serializable: 0 0 %, local: 0 %
I0314 12:54:16.903576 1902370 Coordinator.h:126] commit: 10591 abort: 139558 (0/139558/0), network size: 0, avg network size: 0, si_in_serializable: 0 0 %, local: 0 %
I0314 12:54:17.903729 1902370 Coordinator.h:126] commit: 10623 abort: 137377 (0/137377/0), network size: 0, avg network size: 0, si_in_serializable: 0 0 %, local: 0 %
I0314 12:54:17.903784 1902370 Coordinator.h:152] average commit: 10336.4 abort: 135064 (0/135064/0), network size: 0, avg network size: 0, si_in_serializable: 0 0 %, local: 0 %
I0314 12:54:17.908838 1902397 AriaExecutor.h:106] AriaExecutor 10 exits. 
I0314 12:54:17.908860 1902399 Manager.h:227] Manager(worker id = 12) on the coordinator node exits.
I0314 12:54:17.908849 1902387 AriaExecutor.h:106] AriaExecutor 0 exits. 
I0314 12:54:17.908854 1902398 AriaExecutor.h:106] AriaExecutor 11 exits. 
I0314 12:54:17.908849 1902388 AriaExecutor.h:106] AriaExecutor 1 exits. 
I0314 12:54:17.908838 1902393 AriaExecutor.h:106] AriaExecutor 6 exits. 
I0314 12:54:17.908838 1902390 AriaExecutor.h:106] AriaExecutor 3 exits. 
I0314 12:54:17.908849 1902395 AriaExecutor.h:106] AriaExecutor 8 exits. 
I0314 12:54:17.908849 1902394 AriaExecutor.h:106] AriaExecutor 7 exits. 
I0314 12:54:17.908838 1902396 AriaExecutor.h:106] AriaExecutor 9 exits. 
I0314 12:54:17.908838 1902389 AriaExecutor.h:106] AriaExecutor 2 exits. 
I0314 12:54:17.908850 1902392 AriaExecutor.h:106] AriaExecutor 5 exits. 
I0314 12:54:17.908838 1902391 AriaExecutor.h:106] AriaExecutor 4 exits. 
I0314 12:54:17.903828 1902370 AriaExecutor.h:646] Worker 0 latency: 84758 us (50%) 138862 us (75%) 203704 us (95%) 225770 us (99%).
I0314 12:54:17.911824 1902370 AriaExecutor.h:646] Worker 1 latency: 97472 us (50%) 148523 us (75%) 198894 us (95%) 221511 us (99%).
I0314 12:54:17.916152 1902370 AriaExecutor.h:646] Worker 2 latency: 90392 us (50%) 140442 us (75%) 191812 us (95%) 215212 us (99%).
I0314 12:54:17.919854 1902370 AriaExecutor.h:646] Worker 3 latency: 93594 us (50%) 143675 us (75%) 190782 us (95%) 211800 us (99%).
I0314 12:54:17.922336 1902370 AriaExecutor.h:646] Worker 4 latency: 93030 us (50%) 142603 us (75%) 188533 us (95%) 209577 us (99%).
I0314 12:54:17.924667 1902370 AriaExecutor.h:646] Worker 5 latency: 85940 us (50%) 136096 us (75%) 184010 us (95%) 204967 us (99%).
I0314 12:54:17.927572 1902370 AriaExecutor.h:646] Worker 6 latency: 90807 us (50%) 138646 us (75%) 183589 us (95%) 204625 us (99%).
I0314 12:54:17.929440 1902370 AriaExecutor.h:646] Worker 7 latency: 91991 us (50%) 140001 us (75%) 183290 us (95%) 203512 us (99%).
I0314 12:54:17.930931 1902370 AriaExecutor.h:646] Worker 8 latency: 91223 us (50%) 138121 us (75%) 182518 us (95%) 202099 us (99%).
I0314 12:54:17.932411 1902370 AriaExecutor.h:646] Worker 9 latency: 90947 us (50%) 137989 us (75%) 179574 us (95%) 197781 us (99%).
I0314 12:54:17.933887 1902370 AriaExecutor.h:646] Worker 10 latency: 86869 us (50%) 136494 us (75%) 177776 us (95%) 196755 us (99%).
I0314 12:54:17.935353 1902370 AriaExecutor.h:646] Worker 11 latency: 86393 us (50%) 134278 us (75%) 176365 us (95%) 196547 us (99%).
I0314 12:54:17.936985 1902370 Coordinator.h:177] total commit: 10336.4
I0314 12:54:18.937183 1902370 Coordinator.h:192] Coordinator exits.
