I0314 12:24:14.791216 1895050 Database.h:65] ycsb initialization finished in 97 milliseconds.
I0314 12:24:14.791450 1895050 Coordinator.h:30] Coordinator initializes 12 workers.
I0314 12:24:14.900228 1895050 Coordinator.h:77] Coordinator starts to run 13 workers.
I0314 12:24:14.900355 1895066 AriaExecutor.h:91] AriaExecutor 0 started. 
I0314 12:24:14.900388 1895067 AriaExecutor.h:91] AriaExecutor 1 started. 
I0314 12:24:14.900509 1895068 AriaExecutor.h:91] AriaExecutor 2 started. 
I0314 12:24:14.900630 1895069 AriaExecutor.h:91] AriaExecutor 3 started. 
I0314 12:24:14.900681 1895070 AriaExecutor.h:91] AriaExecutor 4 started. 
I0314 12:24:14.900771 1895071 AriaExecutor.h:91] AriaExecutor 5 started. 
I0314 12:24:14.900947 1895073 AriaExecutor.h:91] AriaExecutor 7 started. 
I0314 12:24:14.900952 1895072 AriaExecutor.h:91] AriaExecutor 6 started. 
I0314 12:24:14.901027 1895074 AriaExecutor.h:91] AriaExecutor 8 started. 
I0314 12:24:14.901108 1895075 AriaExecutor.h:91] AriaExecutor 9 started. 
I0314 12:24:14.901185 1895076 AriaExecutor.h:91] AriaExecutor 10 started. 
I0314 12:24:14.901311 1895077 AriaExecutor.h:91] AriaExecutor 11 started. 
I0314 12:24:14.901432 1895078 Manager.h:224] Manager(worker id = 12) on the coordinator node started.
I0314 12:24:15.901456 1895050 Coordinator.h:126] commit: 418317 abort: 9683 (0/9683/0), network size: 0, avg network size: 0, si_in_serializable: 0 0 %, local: 0 %
I0314 12:24:16.901621 1895050 Coordinator.h:126] commit: 453378 abort: 10622 (0/10622/0), network size: 0, avg network size: 0, si_in_serializable: 0 0 %, local: 0 %
I0314 12:24:17.901813 1895050 Coordinator.h:126] commit: 473145 abort: 10855 (0/10855/0), network size: 0, avg network size: 0, si_in_serializable: 0 0 %, local: 0 %
I0314 12:24:18.901973 1895050 Coordinator.h:126] commit: 476974 abort: 11026 (0/11026/0), network size: 0, avg network size: 0, si_in_serializable: 0 0 %, local: 0 %
I0314 12:24:19.902087 1895050 Coordinator.h:126] commit: 472874 abort: 11126 (0/11126/0), network size: 0, avg network size: 0, si_in_serializable: 0 0 %, local: 0 %
I0314 12:24:20.902204 1895050 Coordinator.h:126] commit: 469193 abort: 10807 (0/10807/0), network size: 0, avg network size: 0, si_in_serializable: 0 0 %, local: 0 %
I0314 12:24:21.902323 1895050 Coordinator.h:126] commit: 469196 abort: 10804 (0/10804/0), network size: 0, avg network size: 0, si_in_serializable: 0 0 %, local: 0 %
I0314 12:24:22.902505 1895050 Coordinator.h:126] commit: 469229 abort: 10771 (0/10771/0), network size: 0, avg network size: 0, si_in_serializable: 0 0 %, local: 0 %
I0314 12:24:23.902666 1895050 Coordinator.h:126] commit: 473111 abort: 10889 (0/10889/0), network size: 0, avg network size: 0, si_in_serializable: 0 0 %, local: 0 %
I0314 12:24:24.902798 1895050 Coordinator.h:126] commit: 469287 abort: 10713 (0/10713/0), network size: 0, avg network size: 0, si_in_serializable: 0 0 %, local: 0 %
I0314 12:24:25.902925 1895050 Coordinator.h:126] commit: 469288 abort: 10712 (0/10712/0), network size: 0, avg network size: 0, si_in_serializable: 0 0 %, local: 0 %
I0314 12:24:26.903043 1895050 Coordinator.h:126] commit: 465411 abort: 10589 (0/10589/0), network size: 0, avg network size: 0, si_in_serializable: 0 0 %, local: 0 %
I0314 12:24:27.903167 1895050 Coordinator.h:126] commit: 469142 abort: 10858 (0/10858/0), network size: 0, avg network size: 0, si_in_serializable: 0 0 %, local: 0 %
I0314 12:24:28.903302 1895050 Coordinator.h:126] commit: 457395 abort: 10605 (0/10605/0), network size: 0, avg network size: 0, si_in_serializable: 0 0 %, local: 0 %
I0314 12:24:29.903435 1895050 Coordinator.h:126] commit: 465262 abort: 10738 (0/10738/0), network size: 0, avg network size: 0, si_in_serializable: 0 0 %, local: 0 %
I0314 12:24:30.903553 1895050 Coordinator.h:126] commit: 465339 abort: 10661 (0/10661/0), network size: 0, avg network size: 0, si_in_serializable: 0 0 %, local: 0 %
I0314 12:24:31.903673 1895050 Coordinator.h:126] commit: 465145 abort: 10855 (0/10855/0), network size: 0, avg network size: 0, si_in_serializable: 0 0 %, local: 0 %
I0314 12:24:32.903784 1895050 Coordinator.h:126] commit: 461072 abort: 10928 (0/10928/0), network size: 0, avg network size: 0, si_in_serializable: 0 0 %, local: 0 %
I0314 12:24:33.903903 1895050 Coordinator.h:126] commit: 465272 abort: 10728 (0/10728/0), network size: 0, avg network size: 0, si_in_serializable: 0 0 %, local: 0 %
I0314 12:24:34.904026 1895050 Coordinator.h:126] commit: 457473 abort: 10527 (0/10527/0), network size: 0, avg network size: 0, si_in_serializable: 0 0 %, local: 0 %
I0314 12:24:35.904160 1895050 Coordinator.h:126] commit: 461180 abort: 10820 (0/10820/0), network size: 0, avg network size: 0, si_in_serializable: 0 0 %, local: 0 %
I0314 12:24:36.904340 1895050 Coordinator.h:126] commit: 461165 abort: 10835 (0/10835/0), network size: 0, avg network size: 0, si_in_serializable: 0 0 %, local: 0 %
I0314 12:24:37.904485 1895050 Coordinator.h:126] commit: 461468 abort: 10532 (0/10532/0), network size: 0, avg network size: 0, si_in_serializable: 0 0 %, local: 0 %
I0314 12:24:38.904603 1895050 Coordinator.h:126] commit: 461367 abort: 10633 (0/10633/0), network size: 0, avg network size: 0, si_in_serializable: 0 0 %, local: 0 %
I0314 12:24:39.904753 1895050 Coordinator.h:126] commit: 457319 abort: 10681 (0/10681/0), network size: 0, avg network size: 0, si_in_serializable: 0 0 %, local: 0 %
I0314 12:24:39.904808 1895050 Coordinator.h:152] average commit: 464080 abort: 10720.1 (0/10720.1/0), network size: 0, avg network size: 0, si_in_serializable: 0 0 %, local: 0 %
I0314 12:24:39.905210 1895069 AriaExecutor.h:103] AriaExecutor 3 exits. 
I0314 12:24:39.905210 1895074 AriaExecutor.h:103] AriaExecutor 8 exits. 
I0314 12:24:39.905225 1895066 AriaExecutor.h:103] AriaExecutor 0 exits. 
I0314 12:24:39.905210 1895073 AriaExecutor.h:103] AriaExecutor 7 exits. 
I0314 12:24:39.905230 1895078 Manager.h:227] Manager(worker id = 12) on the coordinator node exits.
I0314 12:24:39.905236 1895067 AriaExecutor.h:103] AriaExecutor 1 exits. 
I0314 12:24:39.905223 1895076 AriaExecutor.h:103] AriaExecutor 10 exits. 
I0314 12:24:39.905227 1895068 AriaExecutor.h:103] AriaExecutor 2 exits. 
I0314 12:24:39.905226 1895071 AriaExecutor.h:103] AriaExecutor 5 exits. 
I0314 12:24:39.905226 1895075 AriaExecutor.h:103] AriaExecutor 9 exits. 
I0314 12:24:39.905223 1895077 AriaExecutor.h:103] AriaExecutor 11 exits. 
I0314 12:24:39.905236 1895070 AriaExecutor.h:103] AriaExecutor 4 exits. 
I0314 12:24:39.905210 1895072 AriaExecutor.h:103] AriaExecutor 6 exits. 
I0314 12:24:39.904852 1895050 AriaExecutor.h:649] Worker 0 latency: 5166 us (50%) 6752 us (75%) 8010 us (95%) 12844 us (99%).
I0314 12:24:39.970446 1895050 AriaExecutor.h:649] Worker 1 latency: 5177 us (50%) 6755 us (75%) 8007 us (95%) 12684 us (99%).
I0314 12:24:40.024369 1895050 AriaExecutor.h:649] Worker 2 latency: 5172 us (50%) 6753 us (75%) 8007 us (95%) 12625 us (99%).
I0314 12:24:40.078068 1895050 AriaExecutor.h:649] Worker 3 latency: 5176 us (50%) 6754 us (75%) 8005 us (95%) 12584 us (99%).
I0314 12:24:40.131855 1895050 AriaExecutor.h:649] Worker 4 latency: 5176 us (50%) 6752 us (75%) 8002 us (95%) 12522 us (99%).
I0314 12:24:40.184958 1895050 AriaExecutor.h:649] Worker 5 latency: 5166 us (50%) 6748 us (75%) 8001 us (95%) 12459 us (99%).
I0314 12:24:40.241247 1895050 AriaExecutor.h:649] Worker 6 latency: 5167 us (50%) 6745 us (75%) 7998 us (95%) 12405 us (99%).
I0314 12:24:40.295361 1895050 AriaExecutor.h:649] Worker 7 latency: 5172 us (50%) 6748 us (75%) 7997 us (95%) 12353 us (99%).
I0314 12:24:40.348999 1895050 AriaExecutor.h:649] Worker 8 latency: 5170 us (50%) 6746 us (75%) 7995 us (95%) 12290 us (99%).
I0314 12:24:40.403411 1895050 AriaExecutor.h:649] Worker 9 latency: 5167 us (50%) 6744 us (75%) 7993 us (95%) 12246 us (99%).
I0314 12:24:40.457583 1895050 AriaExecutor.h:649] Worker 10 latency: 5170 us (50%) 6744 us (75%) 7992 us (95%) 12189 us (99%).
I0314 12:24:40.513686 1895050 AriaExecutor.h:649] Worker 11 latency: 5162 us (50%) 6740 us (75%) 7990 us (95%) 12139 us (99%).
I0314 12:24:40.567102 1895050 Coordinator.h:177] total commit: 464080
I0314 12:24:41.567307 1895050 Coordinator.h:192] Coordinator exits.
