I0314 12:33:22.788363 1897198 Database.h:65] ycsb initialization finished in 99 milliseconds.
I0314 12:33:22.788574 1897198 Coordinator.h:30] Coordinator initializes 12 workers.
I0314 12:33:22.897248 1897198 Coordinator.h:77] Coordinator starts to run 13 workers.
I0314 12:33:22.897338 1897214 AriaExecutor.h:91] AriaExecutor 0 started. 
I0314 12:33:22.897385 1897215 AriaExecutor.h:91] AriaExecutor 1 started. 
I0314 12:33:22.897488 1897216 AriaExecutor.h:91] AriaExecutor 2 started. 
I0314 12:33:22.897609 1897217 AriaExecutor.h:91] AriaExecutor 3 started. 
I0314 12:33:22.897732 1897218 AriaExecutor.h:91] AriaExecutor 4 started. 
I0314 12:33:22.897776 1897219 AriaExecutor.h:91] AriaExecutor 5 started. 
I0314 12:33:22.897873 1897220 AriaExecutor.h:91] AriaExecutor 6 started. 
I0314 12:33:22.897930 1897221 AriaExecutor.h:91] AriaExecutor 7 started. 
I0314 12:33:22.898010 1897222 AriaExecutor.h:91] AriaExecutor 8 started. 
I0314 12:33:22.898082 1897223 AriaExecutor.h:91] AriaExecutor 9 started. 
I0314 12:33:22.898145 1897224 AriaExecutor.h:91] AriaExecutor 10 started. 
I0314 12:33:22.898224 1897225 AriaExecutor.h:91] AriaExecutor 11 started. 
I0314 12:33:22.898295 1897226 Manager.h:224] Manager(worker id = 12) on the coordinator node started.
I0314 12:33:23.898339 1897198 Coordinator.h:126] commit: 61111 abort: 782889 (0/782889/0), network size: 0, avg network size: 0, si_in_serializable: 0 0 %, local: 0 %
I0314 12:33:24.898484 1897198 Coordinator.h:126] commit: 53837 abort: 806163 (0/806163/0), network size: 0, avg network size: 0, si_in_serializable: 0 0 %, local: 0 %
I0314 12:33:25.898662 1897198 Coordinator.h:126] commit: 55957 abort: 824034 (0/824034/0), network size: 0, avg network size: 0, si_in_serializable: 0 0 %, local: 0 %
I0314 12:33:26.898794 1897198 Coordinator.h:126] commit: 55492 abort: 812517 (0/812517/0), network size: 0, avg network size: 0, si_in_serializable: 0 0 %, local: 0 %
I0314 12:33:27.898917 1897198 Coordinator.h:126] commit: 54825 abort: 809175 (0/809175/0), network size: 0, avg network size: 0, si_in_serializable: 0 0 %, local: 0 %
I0314 12:33:28.899051 1897198 Coordinator.h:126] commit: 54715 abort: 794061 (0/794061/0), network size: 0, avg network size: 0, si_in_serializable: 0 0 %, local: 0 %
I0314 12:33:29.899241 1897198 Coordinator.h:126] commit: 56129 abort: 791093 (0/791093/0), network size: 0, avg network size: 0, si_in_serializable: 0 0 %, local: 0 %
I0314 12:33:30.899389 1897198 Coordinator.h:126] commit: 55458 abort: 796542 (0/796542/0), network size: 0, avg network size: 0, si_in_serializable: 0 0 %, local: 0 %
I0314 12:33:31.899494 1897198 Coordinator.h:126] commit: 55578 abort: 800422 (0/800422/0), network size: 0, avg network size: 0, si_in_serializable: 0 0 %, local: 0 %
I0314 12:33:32.899619 1897198 Coordinator.h:126] commit: 56616 abort: 803384 (0/803384/0), network size: 0, avg network size: 0, si_in_serializable: 0 0 %, local: 0 %
I0314 12:33:33.899735 1897198 Coordinator.h:126] commit: 55300 abort: 792700 (0/792700/0), network size: 0, avg network size: 0, si_in_serializable: 0 0 %, local: 0 %
I0314 12:33:34.899866 1897198 Coordinator.h:126] commit: 55382 abort: 812618 (0/812618/0), network size: 0, avg network size: 0, si_in_serializable: 0 0 %, local: 0 %
I0314 12:33:35.899974 1897198 Coordinator.h:126] commit: 54321 abort: 801679 (0/801679/0), network size: 0, avg network size: 0, si_in_serializable: 0 0 %, local: 0 %
I0314 12:33:36.900137 1897198 Coordinator.h:126] commit: 57212 abort: 802788 (0/802788/0), network size: 0, avg network size: 0, si_in_serializable: 0 0 %, local: 0 %
I0314 12:33:37.900271 1897198 Coordinator.h:126] commit: 54779 abort: 805221 (0/805221/0), network size: 0, avg network size: 0, si_in_serializable: 0 0 %, local: 0 %
I0314 12:33:38.900381 1897198 Coordinator.h:126] commit: 56714 abort: 803286 (0/803286/0), network size: 0, avg network size: 0, si_in_serializable: 0 0 %, local: 0 %
I0314 12:33:39.900496 1897198 Coordinator.h:126] commit: 57280 abort: 802720 (0/802720/0), network size: 0, avg network size: 0, si_in_serializable: 0 0 %, local: 0 %
I0314 12:33:40.900606 1897198 Coordinator.h:126] commit: 55790 abort: 804210 (0/804210/0), network size: 0, avg network size: 0, si_in_serializable: 0 0 %, local: 0 %
I0314 12:33:41.900720 1897198 Coordinator.h:126] commit: 54207 abort: 813793 (0/813793/0), network size: 0, avg network size: 0, si_in_serializable: 0 0 %, local: 0 %
I0314 12:33:42.900827 1897198 Coordinator.h:126] commit: 52017 abort: 811983 (0/811983/0), network size: 0, avg network size: 0, si_in_serializable: 0 0 %, local: 0 %
I0314 12:33:43.900936 1897198 Coordinator.h:126] commit: 53353 abort: 810647 (0/810647/0), network size: 0, avg network size: 0, si_in_serializable: 0 0 %, local: 0 %
I0314 12:33:44.901049 1897198 Coordinator.h:126] commit: 54677 abort: 801323 (0/801323/0), network size: 0, avg network size: 0, si_in_serializable: 0 0 %, local: 0 %
I0314 12:33:45.901160 1897198 Coordinator.h:126] commit: 54829 abort: 785171 (0/785171/0), network size: 0, avg network size: 0, si_in_serializable: 0 0 %, local: 0 %
I0314 12:33:46.901269 1897198 Coordinator.h:126] commit: 53133 abort: 798867 (0/798867/0), network size: 0, avg network size: 0, si_in_serializable: 0 0 %, local: 0 %
I0314 12:33:47.901374 1897198 Coordinator.h:126] commit: 54404 abort: 785596 (0/785596/0), network size: 0, avg network size: 0, si_in_serializable: 0 0 %, local: 0 %
I0314 12:33:47.901407 1897198 Coordinator.h:152] average commit: 55300.2 abort: 805100 (0/805100/0), network size: 0, avg network size: 0, si_in_serializable: 0 0 %, local: 0 %
I0314 12:33:47.903358 1897226 Manager.h:227] Manager(worker id = 12) on the coordinator node exits.
I0314 12:33:47.903383 1897222 AriaExecutor.h:103] AriaExecutor 8 exits. 
I0314 12:33:47.903386 1897220 AriaExecutor.h:103] AriaExecutor 6 exits. 
I0314 12:33:47.903384 1897219 AriaExecutor.h:103] AriaExecutor 5 exits. 
I0314 12:33:47.903384 1897217 AriaExecutor.h:103] AriaExecutor 3 exits. 
I0314 12:33:47.903367 1897223 AriaExecutor.h:103] AriaExecutor 9 exits. 
I0314 12:33:47.903388 1897224 AriaExecutor.h:103] AriaExecutor 10 exits. 
I0314 12:33:47.903367 1897215 AriaExecutor.h:103] AriaExecutor 1 exits. 
I0314 12:33:47.903367 1897218 AriaExecutor.h:103] AriaExecutor 4 exits. 
I0314 12:33:47.903386 1897216 AriaExecutor.h:103] AriaExecutor 2 exits. 
I0314 12:33:47.903386 1897214 AriaExecutor.h:103] AriaExecutor 0 exits. 
I0314 12:33:47.903386 1897225 AriaExecutor.h:103] AriaExecutor 11 exits. 
I0314 12:33:47.903367 1897221 AriaExecutor.h:103] AriaExecutor 7 exits. 
I0314 12:33:47.901455 1897198 AriaExecutor.h:649] Worker 0 latency: 16984 us (50%) 134001 us (75%) 434289 us (95%) 547941 us (99%).
I0314 12:33:47.922111 1897198 AriaExecutor.h:649] Worker 1 latency: 3758 us (50%) 96142 us (75%) 319074 us (95%) 462173 us (99%).
I0314 12:33:47.932111 1897198 AriaExecutor.h:649] Worker 2 latency: 3754 us (50%) 96735 us (75%) 315383 us (95%) 446707 us (99%).
I0314 12:33:47.940438 1897198 AriaExecutor.h:649] Worker 3 latency: 3747 us (50%) 94679 us (75%) 313588 us (95%) 446177 us (99%).
I0314 12:33:47.948129 1897198 AriaExecutor.h:649] Worker 4 latency: 3751 us (50%) 96884 us (75%) 314956 us (95%) 446362 us (99%).
I0314 12:33:47.955664 1897198 AriaExecutor.h:649] Worker 5 latency: 8161 us (50%) 105831 us (75%) 317517 us (95%) 441320 us (99%).
I0314 12:33:47.963786 1897198 AriaExecutor.h:649] Worker 6 latency: 3793 us (50%) 100298 us (75%) 314319 us (95%) 438404 us (99%).
I0314 12:33:47.971560 1897198 AriaExecutor.h:649] Worker 7 latency: 3758 us (50%) 96967 us (75%) 309720 us (95%) 437932 us (99%).
I0314 12:33:47.979235 1897198 AriaExecutor.h:649] Worker 8 latency: 3753 us (50%) 93978 us (75%) 308471 us (95%) 433109 us (99%).
I0314 12:33:47.986891 1897198 AriaExecutor.h:649] Worker 9 latency: 3750 us (50%) 96628 us (75%) 310753 us (95%) 435723 us (99%).
I0314 12:33:47.994539 1897198 AriaExecutor.h:649] Worker 10 latency: 3750 us (50%) 95505 us (75%) 310464 us (95%) 429247 us (99%).
I0314 12:33:48.002163 1897198 AriaExecutor.h:649] Worker 11 latency: 3770 us (50%) 98957 us (75%) 310309 us (95%) 430883 us (99%).
I0314 12:33:48.009996 1897198 Coordinator.h:177] total commit: 55300.2
I0314 12:33:49.010198 1897198 Coordinator.h:192] Coordinator exits.
