I0319 09:32:53.952428 4183212 Database.h:65] ycsb initialization finished in 99 milliseconds.
I0319 09:32:53.952664 4183212 Coordinator.h:30] Coordinator initializes 12 workers.
I0319 09:32:54.106540 4183212 Coordinator.h:77] Coordinator starts to run 13 workers.
I0319 09:32:54.106662 4183228 AriaExecutor.h:94] AriaExecutor 0 started. 
I0319 09:32:54.106685 4183229 AriaExecutor.h:94] AriaExecutor 1 started. 
I0319 09:32:54.106783 4183230 AriaExecutor.h:94] AriaExecutor 2 started. 
I0319 09:32:54.106858 4183231 AriaExecutor.h:94] AriaExecutor 3 started. 
I0319 09:32:54.106912 4183232 AriaExecutor.h:94] AriaExecutor 4 started. 
I0319 09:32:54.107033 4183233 AriaExecutor.h:94] AriaExecutor 5 started. 
I0319 09:32:54.107110 4183234 AriaExecutor.h:94] AriaExecutor 6 started. 
I0319 09:32:54.107188 4183235 AriaExecutor.h:94] AriaExecutor 7 started. 
I0319 09:32:54.107298 4183236 AriaExecutor.h:94] AriaExecutor 8 started. 
I0319 09:32:54.107373 4183237 AriaExecutor.h:94] AriaExecutor 9 started. 
I0319 09:32:54.107453 4183238 AriaExecutor.h:94] AriaExecutor 10 started. 
I0319 09:32:54.107537 4183239 AriaExecutor.h:94] AriaExecutor 11 started. 
I0319 09:32:54.107636 4183240 Manager.h:224] Manager(worker id = 12) on the coordinator node started.
I0319 09:32:55.107692 4183212 Coordinator.h:126] commit: 42871 abort: 107129 (0/107129/0), network size: 0, avg network size: 0, si_in_serializable: 0 0 %, local: 0 %
I0319 09:32:56.107839 4183212 Coordinator.h:126] commit: 48264 abort: 119736 (0/119736/0), network size: 0, avg network size: 0, si_in_serializable: 0 0 %, local: 0 %
I0319 09:32:57.108007 4183212 Coordinator.h:126] commit: 48513 abort: 119487 (0/119487/0), network size: 0, avg network size: 0, si_in_serializable: 0 0 %, local: 0 %
I0319 09:32:58.108146 4183212 Coordinator.h:126] commit: 49896 abort: 124104 (0/124104/0), network size: 0, avg network size: 0, si_in_serializable: 0 0 %, local: 0 %
I0319 09:32:59.108274 4183212 Coordinator.h:126] commit: 48420 abort: 119580 (0/119580/0), network size: 0, avg network size: 0, si_in_serializable: 0 0 %, local: 0 %
I0319 09:33:00.108407 4183212 Coordinator.h:126] commit: 49899 abort: 124101 (0/124101/0), network size: 0, avg network size: 0, si_in_serializable: 0 0 %, local: 0 %
I0319 09:33:01.108572 4183212 Coordinator.h:126] commit: 48080 abort: 119920 (0/119920/0), network size: 0, avg network size: 0, si_in_serializable: 0 0 %, local: 0 %
I0319 09:33:02.108709 4183212 Coordinator.h:126] commit: 49944 abort: 124056 (0/124056/0), network size: 0, avg network size: 0, si_in_serializable: 0 0 %, local: 0 %
I0319 09:33:03.108837 4183212 Coordinator.h:126] commit: 49827 abort: 124173 (0/124173/0), network size: 0, avg network size: 0, si_in_serializable: 0 0 %, local: 0 %
I0319 09:33:04.108969 4183212 Coordinator.h:126] commit: 48342 abort: 119658 (0/119658/0), network size: 0, avg network size: 0, si_in_serializable: 0 0 %, local: 0 %
I0319 09:33:05.109100 4183212 Coordinator.h:126] commit: 49929 abort: 124071 (0/124071/0), network size: 0, avg network size: 0, si_in_serializable: 0 0 %, local: 0 %
I0319 09:33:06.109230 4183212 Coordinator.h:126] commit: 49911 abort: 124089 (0/124089/0), network size: 0, avg network size: 0, si_in_serializable: 0 0 %, local: 0 %
I0319 09:33:07.109360 4183212 Coordinator.h:126] commit: 48072 abort: 119928 (0/119928/0), network size: 0, avg network size: 0, si_in_serializable: 0 0 %, local: 0 %
I0319 09:33:08.109489 4183212 Coordinator.h:126] commit: 50044 abort: 123956 (0/123956/0), network size: 0, avg network size: 0, si_in_serializable: 0 0 %, local: 0 %
I0319 09:33:09.109653 4183212 Coordinator.h:126] commit: 48366 abort: 119634 (0/119634/0), network size: 0, avg network size: 0, si_in_serializable: 0 0 %, local: 0 %
I0319 09:33:10.109792 4183212 Coordinator.h:126] commit: 50006 abort: 123994 (0/123994/0), network size: 0, avg network size: 0, si_in_serializable: 0 0 %, local: 0 %
I0319 09:33:11.109927 4183212 Coordinator.h:126] commit: 48094 abort: 119906 (0/119906/0), network size: 0, avg network size: 0, si_in_serializable: 0 0 %, local: 0 %
I0319 09:33:12.110060 4183212 Coordinator.h:126] commit: 49715 abort: 124285 (0/124285/0), network size: 0, avg network size: 0, si_in_serializable: 0 0 %, local: 0 %
I0319 09:33:13.110191 4183212 Coordinator.h:126] commit: 50131 abort: 123869 (0/123869/0), network size: 0, avg network size: 0, si_in_serializable: 0 0 %, local: 0 %
I0319 09:33:14.110320 4183212 Coordinator.h:126] commit: 48383 abort: 119617 (0/119617/0), network size: 0, avg network size: 0, si_in_serializable: 0 0 %, local: 0 %
I0319 09:33:15.110452 4183212 Coordinator.h:126] commit: 49978 abort: 124022 (0/124022/0), network size: 0, avg network size: 0, si_in_serializable: 0 0 %, local: 0 %
I0319 09:33:16.110584 4183212 Coordinator.h:126] commit: 48237 abort: 119763 (0/119763/0), network size: 0, avg network size: 0, si_in_serializable: 0 0 %, local: 0 %
I0319 09:33:17.110715 4183212 Coordinator.h:126] commit: 50045 abort: 123955 (0/123955/0), network size: 0, avg network size: 0, si_in_serializable: 0 0 %, local: 0 %
I0319 09:33:18.110846 4183212 Coordinator.h:126] commit: 50088 abort: 123912 (0/123912/0), network size: 0, avg network size: 0, si_in_serializable: 0 0 %, local: 0 %
I0319 09:33:19.110976 4183212 Coordinator.h:126] commit: 48024 abort: 119976 (0/119976/0), network size: 0, avg network size: 0, si_in_serializable: 0 0 %, local: 0 %
I0319 09:33:19.111021 4183212 Coordinator.h:152] average commit: 49265.1 abort: 122335 (0/122335/0), network size: 0, avg network size: 0, si_in_serializable: 0 0 %, local: 0 %
I0319 09:33:19.111034 4183212 AriaExecutor.h:646] Worker 0 latency: 30387 us (50%) 32830 us (75%) 34353 us (95%) 37364 us (99%).
I0319 09:33:19.126791 4183239 AriaExecutor.h:106] AriaExecutor 11 exits. 
I0319 09:33:19.126792 4183228 AriaExecutor.h:106] AriaExecutor 0 exits. 
I0319 09:33:19.126792 4183240 Manager.h:227] Manager(worker id = 12) on the coordinator node exits.
I0319 09:33:19.126793 4183237 AriaExecutor.h:106] AriaExecutor 9 exits. 
I0319 09:33:19.126793 4183234 AriaExecutor.h:106] AriaExecutor 6 exits. 
I0319 09:33:19.126792 4183232 AriaExecutor.h:106] AriaExecutor 4 exits. 
I0319 09:33:19.126792 4183236 AriaExecutor.h:106] AriaExecutor 8 exits. 
I0319 09:33:19.126793 4183231 AriaExecutor.h:106] AriaExecutor 3 exits. 
I0319 09:33:19.126793 4183229 AriaExecutor.h:106] AriaExecutor 1 exits. 
I0319 09:33:19.126793 4183230 AriaExecutor.h:106] AriaExecutor 2 exits. 
I0319 09:33:19.126793 4183233 AriaExecutor.h:106] AriaExecutor 5 exits. 
I0319 09:33:19.126792 4183238 AriaExecutor.h:106] AriaExecutor 10 exits. 
I0319 09:33:19.126793 4183235 AriaExecutor.h:106] AriaExecutor 7 exits. 
I0319 09:33:19.127015 4183212 AriaExecutor.h:646] Worker 1 latency: 30432 us (50%) 32843 us (75%) 34347 us (95%) 37416 us (99%).
I0319 09:33:19.132930 4183212 AriaExecutor.h:646] Worker 2 latency: 30424 us (50%) 32840 us (75%) 34345 us (95%) 37438 us (99%).
I0319 09:33:19.138724 4183212 AriaExecutor.h:646] Worker 3 latency: 30411 us (50%) 32839 us (75%) 34340 us (95%) 37388 us (99%).
I0319 09:33:19.144559 4183212 AriaExecutor.h:646] Worker 4 latency: 30434 us (50%) 32858 us (75%) 34352 us (95%) 37496 us (99%).
I0319 09:33:19.150326 4183212 AriaExecutor.h:646] Worker 5 latency: 30404 us (50%) 32839 us (75%) 34353 us (95%) 37420 us (99%).
I0319 09:33:19.156090 4183212 AriaExecutor.h:646] Worker 6 latency: 30406 us (50%) 32832 us (75%) 34343 us (95%) 37357 us (99%).
I0319 09:33:19.161870 4183212 AriaExecutor.h:646] Worker 7 latency: 30411 us (50%) 32841 us (75%) 34350 us (95%) 37454 us (99%).
I0319 09:33:19.167634 4183212 AriaExecutor.h:646] Worker 8 latency: 30424 us (50%) 32845 us (75%) 34344 us (95%) 37394 us (99%).
I0319 09:33:19.173418 4183212 AriaExecutor.h:646] Worker 9 latency: 30394 us (50%) 32836 us (75%) 34347 us (95%) 37417 us (99%).
I0319 09:33:19.179211 4183212 AriaExecutor.h:646] Worker 10 latency: 30433 us (50%) 32845 us (75%) 34348 us (95%) 37457 us (99%).
I0319 09:33:19.185029 4183212 AriaExecutor.h:646] Worker 11 latency: 30406 us (50%) 32834 us (75%) 34348 us (95%) 37409 us (99%).
I0319 09:33:19.190814 4183212 Coordinator.h:177] total commit: 49265.1
I0319 09:33:20.191015 4183212 Coordinator.h:192] Coordinator exits.
