I0319 08:54:33.331795 4176602 Database.h:65] ycsb initialization finished in 99 milliseconds.
I0319 08:54:33.332016 4176602 Coordinator.h:30] Coordinator initializes 12 workers.
I0319 08:54:33.555243 4176602 Coordinator.h:77] Coordinator starts to run 13 workers.
I0319 08:54:33.555330 4176619 AriaExecutor.h:82] AriaExecutor 0 started. 
I0319 08:54:33.555364 4176620 AriaExecutor.h:82] AriaExecutor 1 started. 
I0319 08:54:33.555462 4176621 AriaExecutor.h:82] AriaExecutor 2 started. 
I0319 08:54:33.555532 4176622 AriaExecutor.h:82] AriaExecutor 3 started. 
I0319 08:54:33.555578 4176623 AriaExecutor.h:82] AriaExecutor 4 started. 
I0319 08:54:33.555692 4176624 AriaExecutor.h:82] AriaExecutor 5 started. 
I0319 08:54:33.555797 4176625 AriaExecutor.h:82] AriaExecutor 6 started. 
I0319 08:54:33.555907 4176626 AriaExecutor.h:82] AriaExecutor 7 started. 
I0319 08:54:33.556023 4176627 AriaExecutor.h:82] AriaExecutor 8 started. 
I0319 08:54:33.556125 4176628 AriaExecutor.h:82] AriaExecutor 9 started. 
I0319 08:54:33.556232 4176629 AriaExecutor.h:82] AriaExecutor 10 started. 
I0319 08:54:33.556341 4176630 AriaExecutor.h:82] AriaExecutor 11 started. 
I0319 08:54:33.556416 4176631 Manager.h:224] Manager(worker id = 12) on the coordinator node started.
I0319 08:54:34.556465 4176602 Coordinator.h:126] commit: 25968 abort: 118032 (0/118032/0), network size: 0, avg network size: 0, si_in_serializable: 0 0 %, local: 0 %
I0319 08:54:35.556622 4176602 Coordinator.h:126] commit: 27480 abort: 125520 (0/125520/0), network size: 0, avg network size: 0, si_in_serializable: 0 0 %, local: 0 %
I0319 08:54:36.556792 4176602 Coordinator.h:126] commit: 27524 abort: 125476 (0/125476/0), network size: 0, avg network size: 0, si_in_serializable: 0 0 %, local: 0 %
I0319 08:54:37.556926 4176602 Coordinator.h:126] commit: 27545 abort: 125455 (0/125455/0), network size: 0, avg network size: 0, si_in_serializable: 0 0 %, local: 0 %
I0319 08:54:38.557056 4176602 Coordinator.h:126] commit: 27842 abort: 125158 (0/125158/0), network size: 0, avg network size: 0, si_in_serializable: 0 0 %, local: 0 %
I0319 08:54:39.557186 4176602 Coordinator.h:126] commit: 27611 abort: 125389 (0/125389/0), network size: 0, avg network size: 0, si_in_serializable: 0 0 %, local: 0 %
I0319 08:54:40.557320 4176602 Coordinator.h:126] commit: 27728 abort: 125272 (0/125272/0), network size: 0, avg network size: 0, si_in_serializable: 0 0 %, local: 0 %
I0319 08:54:41.557482 4176602 Coordinator.h:126] commit: 27469 abort: 125531 (0/125531/0), network size: 0, avg network size: 0, si_in_serializable: 0 0 %, local: 0 %
I0319 08:54:42.557617 4176602 Coordinator.h:126] commit: 27557 abort: 125443 (0/125443/0), network size: 0, avg network size: 0, si_in_serializable: 0 0 %, local: 0 %
I0319 08:54:43.557749 4176602 Coordinator.h:126] commit: 27594 abort: 125406 (0/125406/0), network size: 0, avg network size: 0, si_in_serializable: 0 0 %, local: 0 %
I0319 08:54:44.557881 4176602 Coordinator.h:126] commit: 29261 abort: 132739 (0/132739/0), network size: 0, avg network size: 0, si_in_serializable: 0 0 %, local: 0 %
I0319 08:54:45.558007 4176602 Coordinator.h:126] commit: 27618 abort: 125382 (0/125382/0), network size: 0, avg network size: 0, si_in_serializable: 0 0 %, local: 0 %
I0319 08:54:46.558135 4176602 Coordinator.h:126] commit: 27619 abort: 125381 (0/125381/0), network size: 0, avg network size: 0, si_in_serializable: 0 0 %, local: 0 %
I0319 08:54:47.558305 4176602 Coordinator.h:126] commit: 27637 abort: 125363 (0/125363/0), network size: 0, avg network size: 0, si_in_serializable: 0 0 %, local: 0 %
I0319 08:54:48.558445 4176602 Coordinator.h:126] commit: 27513 abort: 125487 (0/125487/0), network size: 0, avg network size: 0, si_in_serializable: 0 0 %, local: 0 %
I0319 08:54:49.558575 4176602 Coordinator.h:126] commit: 27569 abort: 125431 (0/125431/0), network size: 0, avg network size: 0, si_in_serializable: 0 0 %, local: 0 %
I0319 08:54:50.558708 4176602 Coordinator.h:126] commit: 27605 abort: 125395 (0/125395/0), network size: 0, avg network size: 0, si_in_serializable: 0 0 %, local: 0 %
I0319 08:54:51.558840 4176602 Coordinator.h:126] commit: 29119 abort: 132881 (0/132881/0), network size: 0, avg network size: 0, si_in_serializable: 0 0 %, local: 0 %
I0319 08:54:52.558969 4176602 Coordinator.h:126] commit: 27705 abort: 125295 (0/125295/0), network size: 0, avg network size: 0, si_in_serializable: 0 0 %, local: 0 %
I0319 08:54:53.559098 4176602 Coordinator.h:126] commit: 27484 abort: 125516 (0/125516/0), network size: 0, avg network size: 0, si_in_serializable: 0 0 %, local: 0 %
I0319 08:54:54.559222 4176602 Coordinator.h:126] commit: 27579 abort: 125421 (0/125421/0), network size: 0, avg network size: 0, si_in_serializable: 0 0 %, local: 0 %
I0319 08:54:55.559357 4176602 Coordinator.h:126] commit: 27619 abort: 125381 (0/125381/0), network size: 0, avg network size: 0, si_in_serializable: 0 0 %, local: 0 %
I0319 08:54:56.559490 4176602 Coordinator.h:126] commit: 27443 abort: 125557 (0/125557/0), network size: 0, avg network size: 0, si_in_serializable: 0 0 %, local: 0 %
I0319 08:54:57.559618 4176602 Coordinator.h:126] commit: 27435 abort: 125565 (0/125565/0), network size: 0, avg network size: 0, si_in_serializable: 0 0 %, local: 0 %
I0319 08:54:58.559788 4176602 Coordinator.h:126] commit: 27517 abort: 125483 (0/125483/0), network size: 0, avg network size: 0, si_in_serializable: 0 0 %, local: 0 %
I0319 08:54:58.559841 4176602 Coordinator.h:152] average commit: 27913 abort: 126887 (0/126887/0), network size: 0, avg network size: 0, si_in_serializable: 0 0 %, local: 0 %
I0319 08:54:58.559854 4176602 AriaExecutor.h:535] Worker 0 latency: 53228 us (50%) 55986 us (75%) 57695 us (95%) 59801 us (99%).
I0319 08:54:58.566069 4176622 AriaExecutor.h:94] AriaExecutor 3 exits. 
I0319 08:54:58.566069 4176630 AriaExecutor.h:94] AriaExecutor 11 exits. 
I0319 08:54:58.566069 4176629 AriaExecutor.h:94] AriaExecutor 10 exits. 
I0319 08:54:58.566069 4176631 Manager.h:227] Manager(worker id = 12) on the coordinator node exits.
I0319 08:54:58.566071 4176628 AriaExecutor.h:94] AriaExecutor 9 exits. 
I0319 08:54:58.566071 4176619 AriaExecutor.h:94] AriaExecutor 0 exits. 
I0319 08:54:58.566071 4176627 AriaExecutor.h:94] AriaExecutor 8 exits. 
I0319 08:54:58.566071 4176624 AriaExecutor.h:94] AriaExecutor 5 exits. 
I0319 08:54:58.566072 4176620 AriaExecutor.h:94] AriaExecutor 1 exits. 
I0319 08:54:58.566071 4176626 AriaExecutor.h:94] AriaExecutor 7 exits. 
I0319 08:54:58.566071 4176621 AriaExecutor.h:94] AriaExecutor 2 exits. 
I0319 08:54:58.566071 4176623 AriaExecutor.h:94] AriaExecutor 4 exits. 
I0319 08:54:58.566071 4176625 AriaExecutor.h:94] AriaExecutor 6 exits. 
I0319 08:54:58.566241 4176602 AriaExecutor.h:535] Worker 1 latency: 53300 us (50%) 56018 us (75%) 57690 us (95%) 59992 us (99%).
I0319 08:54:58.569506 4176602 AriaExecutor.h:535] Worker 2 latency: 53319 us (50%) 56020 us (75%) 57692 us (95%) 59736 us (99%).
I0319 08:54:58.572738 4176602 AriaExecutor.h:535] Worker 3 latency: 53303 us (50%) 56008 us (75%) 57685 us (95%) 59452 us (99%).
I0319 08:54:58.575965 4176602 AriaExecutor.h:535] Worker 4 latency: 53284 us (50%) 56002 us (75%) 57701 us (95%) 60349 us (99%).
I0319 08:54:58.579274 4176602 AriaExecutor.h:535] Worker 5 latency: 53247 us (50%) 56004 us (75%) 57705 us (95%) 60211 us (99%).
I0319 08:54:58.582515 4176602 AriaExecutor.h:535] Worker 6 latency: 53275 us (50%) 55997 us (75%) 57687 us (95%) 59886 us (99%).
I0319 08:54:58.585767 4176602 AriaExecutor.h:535] Worker 7 latency: 53272 us (50%) 56005 us (75%) 57690 us (95%) 59888 us (99%).
I0319 08:54:58.588974 4176602 AriaExecutor.h:535] Worker 8 latency: 53313 us (50%) 56009 us (75%) 57693 us (95%) 59893 us (99%).
I0319 08:54:58.592229 4176602 AriaExecutor.h:535] Worker 9 latency: 53296 us (50%) 56012 us (75%) 57693 us (95%) 59867 us (99%).
I0319 08:54:58.595458 4176602 AriaExecutor.h:535] Worker 10 latency: 53321 us (50%) 56013 us (75%) 57686 us (95%) 59460 us (99%).
I0319 08:54:58.598686 4176602 AriaExecutor.h:535] Worker 11 latency: 53303 us (50%) 56008 us (75%) 57695 us (95%) 59764 us (99%).
I0319 08:54:58.601953 4176602 Coordinator.h:177] total commit: 27913
I0319 08:54:59.602141 4176602 Coordinator.h:192] Coordinator exits.
