I0319 09:50:33.453342 4186110 Database.h:65] ycsb initialization finished in 101 milliseconds.
I0319 09:50:33.453583 4186110 Coordinator.h:30] Coordinator initializes 12 workers.
I0319 09:50:33.607854 4186110 Coordinator.h:77] Coordinator starts to run 13 workers.
I0319 09:50:33.607947 4186126 AriaExecutor.h:94] AriaExecutor 0 started. 
I0319 09:50:33.607990 4186127 AriaExecutor.h:94] AriaExecutor 1 started. 
I0319 09:50:33.608093 4186128 AriaExecutor.h:94] AriaExecutor 2 started. 
I0319 09:50:33.608160 4186129 AriaExecutor.h:94] AriaExecutor 3 started. 
I0319 09:50:33.608261 4186130 AriaExecutor.h:94] AriaExecutor 4 started. 
I0319 09:50:33.608351 4186131 AriaExecutor.h:94] AriaExecutor 5 started. 
I0319 09:50:33.608417 4186132 AriaExecutor.h:94] AriaExecutor 6 started. 
I0319 09:50:33.608532 4186133 AriaExecutor.h:94] AriaExecutor 7 started. 
I0319 09:50:33.608649 4186134 AriaExecutor.h:94] AriaExecutor 8 started. 
I0319 09:50:33.608757 4186135 AriaExecutor.h:94] AriaExecutor 9 started. 
I0319 09:50:33.608860 4186136 AriaExecutor.h:94] AriaExecutor 10 started. 
I0319 09:50:33.608969 4186137 AriaExecutor.h:94] AriaExecutor 11 started. 
I0319 09:50:33.609071 4186138 Manager.h:224] Manager(worker id = 12) on the coordinator node started.
I0319 09:50:34.609127 4186110 Coordinator.h:126] commit: 33274 abort: 116726 (0/116726/0), network size: 0, avg network size: 0, si_in_serializable: 0 0 %, local: 0 %
I0319 09:50:35.609277 4186110 Coordinator.h:126] commit: 34425 abort: 121575 (0/121575/0), network size: 0, avg network size: 0, si_in_serializable: 0 0 %, local: 0 %
I0319 09:50:36.609439 4186110 Coordinator.h:126] commit: 34377 abort: 121623 (0/121623/0), network size: 0, avg network size: 0, si_in_serializable: 0 0 %, local: 0 %
I0319 09:50:37.609575 4186110 Coordinator.h:126] commit: 34307 abort: 121693 (0/121693/0), network size: 0, avg network size: 0, si_in_serializable: 0 0 %, local: 0 %
I0319 09:50:38.609701 4186110 Coordinator.h:126] commit: 33202 abort: 116798 (0/116798/0), network size: 0, avg network size: 0, si_in_serializable: 0 0 %, local: 0 %
I0319 09:50:39.609829 4186110 Coordinator.h:126] commit: 34788 abort: 121212 (0/121212/0), network size: 0, avg network size: 0, si_in_serializable: 0 0 %, local: 0 %
I0319 09:50:40.609957 4186110 Coordinator.h:126] commit: 34822 abort: 121178 (0/121178/0), network size: 0, avg network size: 0, si_in_serializable: 0 0 %, local: 0 %
I0319 09:50:41.610121 4186110 Coordinator.h:126] commit: 34273 abort: 121727 (0/121727/0), network size: 0, avg network size: 0, si_in_serializable: 0 0 %, local: 0 %
I0319 09:50:42.610257 4186110 Coordinator.h:126] commit: 34147 abort: 121853 (0/121853/0), network size: 0, avg network size: 0, si_in_serializable: 0 0 %, local: 0 %
I0319 09:50:43.610419 4186110 Coordinator.h:126] commit: 34263 abort: 121737 (0/121737/0), network size: 0, avg network size: 0, si_in_serializable: 0 0 %, local: 0 %
I0319 09:50:44.610561 4186110 Coordinator.h:126] commit: 34219 abort: 121781 (0/121781/0), network size: 0, avg network size: 0, si_in_serializable: 0 0 %, local: 0 %
I0319 09:50:45.610690 4186110 Coordinator.h:126] commit: 34231 abort: 121769 (0/121769/0), network size: 0, avg network size: 0, si_in_serializable: 0 0 %, local: 0 %
I0319 09:50:46.610818 4186110 Coordinator.h:126] commit: 34333 abort: 121667 (0/121667/0), network size: 0, avg network size: 0, si_in_serializable: 0 0 %, local: 0 %
I0319 09:50:47.610978 4186110 Coordinator.h:126] commit: 34324 abort: 121676 (0/121676/0), network size: 0, avg network size: 0, si_in_serializable: 0 0 %, local: 0 %
I0319 09:50:48.611117 4186110 Coordinator.h:126] commit: 34591 abort: 121409 (0/121409/0), network size: 0, avg network size: 0, si_in_serializable: 0 0 %, local: 0 %
I0319 09:50:49.611249 4186110 Coordinator.h:126] commit: 33018 abort: 116982 (0/116982/0), network size: 0, avg network size: 0, si_in_serializable: 0 0 %, local: 0 %
I0319 09:50:50.611377 4186110 Coordinator.h:126] commit: 35831 abort: 126169 (0/126169/0), network size: 0, avg network size: 0, si_in_serializable: 0 0 %, local: 0 %
I0319 09:50:51.611510 4186110 Coordinator.h:126] commit: 34496 abort: 121504 (0/121504/0), network size: 0, avg network size: 0, si_in_serializable: 0 0 %, local: 0 %
I0319 09:50:52.611673 4186110 Coordinator.h:126] commit: 34261 abort: 121739 (0/121739/0), network size: 0, avg network size: 0, si_in_serializable: 0 0 %, local: 0 %
I0319 09:50:53.611810 4186110 Coordinator.h:126] commit: 34121 abort: 119722 (0/119722/0), network size: 0, avg network size: 0, si_in_serializable: 0 0 %, local: 0 %
I0319 09:50:54.611941 4186110 Coordinator.h:126] commit: 33219 abort: 118936 (0/118936/0), network size: 0, avg network size: 0, si_in_serializable: 0 0 %, local: 0 %
I0319 09:50:55.612071 4186110 Coordinator.h:126] commit: 34596 abort: 121404 (0/121404/0), network size: 0, avg network size: 0, si_in_serializable: 0 0 %, local: 0 %
I0319 09:50:56.612201 4186110 Coordinator.h:126] commit: 34331 abort: 121669 (0/121669/0), network size: 0, avg network size: 0, si_in_serializable: 0 0 %, local: 0 %
I0319 09:50:57.612339 4186110 Coordinator.h:126] commit: 34282 abort: 121718 (0/121718/0), network size: 0, avg network size: 0, si_in_serializable: 0 0 %, local: 0 %
I0319 09:50:58.612463 4186110 Coordinator.h:126] commit: 34428 abort: 121572 (0/121572/0), network size: 0, avg network size: 0, si_in_serializable: 0 0 %, local: 0 %
I0319 09:50:58.612506 4186110 Coordinator.h:152] average commit: 34342.5 abort: 121442 (0/121442/0), network size: 0, avg network size: 0, si_in_serializable: 0 0 %, local: 0 %
I0319 09:50:58.612521 4186110 AriaExecutor.h:646] Worker 0 latency: 34061 us (50%) 36511 us (75%) 37917 us (95%) 38359 us (99%).
I0319 09:50:58.633359 4186135 AriaExecutor.h:106] AriaExecutor 9 exits. 
I0319 09:50:58.633359 4186131 AriaExecutor.h:106] AriaExecutor 5 exits. 
I0319 09:50:58.633359 4186129 AriaExecutor.h:106] AriaExecutor 3 exits. 
I0319 09:50:58.633359 4186137 AriaExecutor.h:106] AriaExecutor 11 exits. 
I0319 09:50:58.633359 4186130 AriaExecutor.h:106] AriaExecutor 4 exits. 
I0319 09:50:58.633359 4186134 AriaExecutor.h:106] AriaExecutor 8 exits. 
I0319 09:50:58.633359 4186132 AriaExecutor.h:106] AriaExecutor 6 exits. 
I0319 09:50:58.633359 4186133 AriaExecutor.h:106] AriaExecutor 7 exits. 
I0319 09:50:58.633359 4186138 Manager.h:227] Manager(worker id = 12) on the coordinator node exits.
I0319 09:50:58.633359 4186126 AriaExecutor.h:106] AriaExecutor 0 exits. 
I0319 09:50:58.633359 4186128 AriaExecutor.h:106] AriaExecutor 2 exits. 
I0319 09:50:58.633359 4186136 AriaExecutor.h:106] AriaExecutor 10 exits. 
I0319 09:50:58.633359 4186127 AriaExecutor.h:106] AriaExecutor 1 exits. 
I0319 09:50:58.633575 4186110 AriaExecutor.h:646] Worker 1 latency: 34114 us (50%) 36532 us (75%) 37911 us (95%) 38343 us (99%).
I0319 09:50:58.637444 4186110 AriaExecutor.h:646] Worker 2 latency: 34067 us (50%) 36516 us (75%) 37910 us (95%) 38340 us (99%).
I0319 09:50:58.641342 4186110 AriaExecutor.h:646] Worker 3 latency: 34102 us (50%) 36522 us (75%) 37913 us (95%) 38345 us (99%).
I0319 09:50:58.645205 4186110 AriaExecutor.h:646] Worker 4 latency: 34082 us (50%) 36518 us (75%) 37913 us (95%) 38362 us (99%).
I0319 09:50:58.649111 4186110 AriaExecutor.h:646] Worker 5 latency: 34060 us (50%) 36506 us (75%) 37916 us (95%) 38352 us (99%).
I0319 09:50:58.653059 4186110 AriaExecutor.h:646] Worker 6 latency: 34071 us (50%) 36521 us (75%) 37913 us (95%) 38361 us (99%).
I0319 09:50:58.656956 4186110 AriaExecutor.h:646] Worker 7 latency: 34045 us (50%) 36503 us (75%) 37907 us (95%) 38362 us (99%).
I0319 09:50:58.660895 4186110 AriaExecutor.h:646] Worker 8 latency: 34063 us (50%) 36515 us (75%) 37908 us (95%) 38323 us (99%).
I0319 09:50:58.664758 4186110 AriaExecutor.h:646] Worker 9 latency: 34056 us (50%) 36506 us (75%) 37911 us (95%) 38342 us (99%).
I0319 09:50:58.668673 4186110 AriaExecutor.h:646] Worker 10 latency: 34084 us (50%) 36528 us (75%) 37913 us (95%) 38357 us (99%).
I0319 09:50:58.672577 4186110 AriaExecutor.h:646] Worker 11 latency: 34036 us (50%) 36507 us (75%) 37910 us (95%) 38311 us (99%).
I0319 09:50:58.676470 4186110 Coordinator.h:177] total commit: 34342.5
I0319 09:50:59.676664 4186110 Coordinator.h:192] Coordinator exits.
