I0319 10:05:06.448536 4189279 Database.h:65] ycsb initialization finished in 101 milliseconds.
I0319 10:05:06.448746 4189279 Coordinator.h:30] Coordinator initializes 12 workers.
I0319 10:05:06.673846 4189279 Coordinator.h:77] Coordinator starts to run 13 workers.
I0319 10:05:06.673934 4189295 AriaExecutor.h:94] AriaExecutor 0 started. 
I0319 10:05:06.673983 4189296 AriaExecutor.h:94] AriaExecutor 1 started. 
I0319 10:05:06.674065 4189297 AriaExecutor.h:94] AriaExecutor 2 started. 
I0319 10:05:06.674134 4189298 AriaExecutor.h:94] AriaExecutor 3 started. 
I0319 10:05:06.674196 4189299 AriaExecutor.h:94] AriaExecutor 4 started. 
I0319 10:05:06.674271 4189300 AriaExecutor.h:94] AriaExecutor 5 started. 
I0319 10:05:06.674312 4189301 AriaExecutor.h:94] AriaExecutor 6 started. 
I0319 10:05:06.674429 4189302 AriaExecutor.h:94] AriaExecutor 7 started. 
I0319 10:05:06.674546 4189303 AriaExecutor.h:94] AriaExecutor 8 started. 
I0319 10:05:06.674649 4189304 AriaExecutor.h:94] AriaExecutor 9 started. 
I0319 10:05:06.674759 4189305 AriaExecutor.h:94] AriaExecutor 10 started. 
I0319 10:05:06.674891 4189306 AriaExecutor.h:94] AriaExecutor 11 started. 
I0319 10:05:06.674993 4189307 Manager.h:224] Manager(worker id = 12) on the coordinator node started.
I0319 10:05:07.675053 4189279 Coordinator.h:126] commit: 15181 abort: 155819 (0/155819/0), network size: 0, avg network size: 0, si_in_serializable: 0 0 %, local: 0 %
I0319 10:05:08.675197 4189279 Coordinator.h:126] commit: 15903 abort: 164097 (0/164097/0), network size: 0, avg network size: 0, si_in_serializable: 0 0 %, local: 0 %
I0319 10:05:09.675360 4189279 Coordinator.h:126] commit: 16098 abort: 163902 (0/163902/0), network size: 0, avg network size: 0, si_in_serializable: 0 0 %, local: 0 %
I0319 10:05:10.675495 4189279 Coordinator.h:126] commit: 16046 abort: 163954 (0/163954/0), network size: 0, avg network size: 0, si_in_serializable: 0 0 %, local: 0 %
I0319 10:05:11.675621 4189279 Coordinator.h:126] commit: 16632 abort: 172368 (0/172368/0), network size: 0, avg network size: 0, si_in_serializable: 0 0 %, local: 0 %
I0319 10:05:12.675750 4189279 Coordinator.h:126] commit: 15760 abort: 164240 (0/164240/0), network size: 0, avg network size: 0, si_in_serializable: 0 0 %, local: 0 %
I0319 10:05:13.675879 4189279 Coordinator.h:126] commit: 15955 abort: 164045 (0/164045/0), network size: 0, avg network size: 0, si_in_serializable: 0 0 %, local: 0 %
I0319 10:05:14.676046 4189279 Coordinator.h:126] commit: 15816 abort: 164184 (0/164184/0), network size: 0, avg network size: 0, si_in_serializable: 0 0 %, local: 0 %
I0319 10:05:15.676182 4189279 Coordinator.h:126] commit: 16617 abort: 172383 (0/172383/0), network size: 0, avg network size: 0, si_in_serializable: 0 0 %, local: 0 %
I0319 10:05:16.676306 4189279 Coordinator.h:126] commit: 16057 abort: 163943 (0/163943/0), network size: 0, avg network size: 0, si_in_serializable: 0 0 %, local: 0 %
I0319 10:05:17.676432 4189279 Coordinator.h:126] commit: 15857 abort: 164143 (0/164143/0), network size: 0, avg network size: 0, si_in_serializable: 0 0 %, local: 0 %
I0319 10:05:18.676558 4189279 Coordinator.h:126] commit: 16006 abort: 163994 (0/163994/0), network size: 0, avg network size: 0, si_in_serializable: 0 0 %, local: 0 %
I0319 10:05:19.676683 4189279 Coordinator.h:126] commit: 16946 abort: 172054 (0/172054/0), network size: 0, avg network size: 0, si_in_serializable: 0 0 %, local: 0 %
I0319 10:05:20.676847 4189279 Coordinator.h:126] commit: 16088 abort: 163912 (0/163912/0), network size: 0, avg network size: 0, si_in_serializable: 0 0 %, local: 0 %
I0319 10:05:21.676983 4189279 Coordinator.h:126] commit: 15808 abort: 164192 (0/164192/0), network size: 0, avg network size: 0, si_in_serializable: 0 0 %, local: 0 %
I0319 10:05:22.677107 4189279 Coordinator.h:126] commit: 15886 abort: 164114 (0/164114/0), network size: 0, avg network size: 0, si_in_serializable: 0 0 %, local: 0 %
I0319 10:05:23.677232 4189279 Coordinator.h:126] commit: 16660 abort: 172340 (0/172340/0), network size: 0, avg network size: 0, si_in_serializable: 0 0 %, local: 0 %
I0319 10:05:24.677358 4189279 Coordinator.h:126] commit: 16004 abort: 163996 (0/163996/0), network size: 0, avg network size: 0, si_in_serializable: 0 0 %, local: 0 %
I0319 10:05:25.677484 4189279 Coordinator.h:126] commit: 16121 abort: 163879 (0/163879/0), network size: 0, avg network size: 0, si_in_serializable: 0 0 %, local: 0 %
I0319 10:05:26.677614 4189279 Coordinator.h:126] commit: 16898 abort: 172102 (0/172102/0), network size: 0, avg network size: 0, si_in_serializable: 0 0 %, local: 0 %
I0319 10:05:27.677740 4189279 Coordinator.h:126] commit: 15864 abort: 164136 (0/164136/0), network size: 0, avg network size: 0, si_in_serializable: 0 0 %, local: 0 %
I0319 10:05:28.677866 4189279 Coordinator.h:126] commit: 16001 abort: 163999 (0/163999/0), network size: 0, avg network size: 0, si_in_serializable: 0 0 %, local: 0 %
I0319 10:05:29.677999 4189279 Coordinator.h:126] commit: 15976 abort: 164024 (0/164024/0), network size: 0, avg network size: 0, si_in_serializable: 0 0 %, local: 0 %
I0319 10:05:30.678125 4189279 Coordinator.h:126] commit: 16700 abort: 172300 (0/172300/0), network size: 0, avg network size: 0, si_in_serializable: 0 0 %, local: 0 %
I0319 10:05:31.678284 4189279 Coordinator.h:126] commit: 15857 abort: 164143 (0/164143/0), network size: 0, avg network size: 0, si_in_serializable: 0 0 %, local: 0 %
I0319 10:05:31.678336 4189279 Coordinator.h:152] average commit: 16227.4 abort: 166473 (0/166473/0), network size: 0, avg network size: 0, si_in_serializable: 0 0 %, local: 0 %
I0319 10:05:31.678349 4189279 AriaExecutor.h:646] Worker 0 latency: 41308 us (50%) 46990 us (75%) 48949 us (95%) 49904 us (99%).
I0319 10:05:31.705796 4189307 Manager.h:227] Manager(worker id = 12) on the coordinator node exits.
I0319 10:05:31.705797 4189295 AriaExecutor.h:106] AriaExecutor 0 exits. 
I0319 10:05:31.705797 4189298 AriaExecutor.h:106] AriaExecutor 3 exits. 
I0319 10:05:31.705797 4189304 AriaExecutor.h:106] AriaExecutor 9 exits. 
I0319 10:05:31.705797 4189300 AriaExecutor.h:106] AriaExecutor 5 exits. 
I0319 10:05:31.705797 4189299 AriaExecutor.h:106] AriaExecutor 4 exits. 
I0319 10:05:31.705799 4189296 AriaExecutor.h:106] AriaExecutor 1 exits. 
I0319 10:05:31.705798 4189302 AriaExecutor.h:106] AriaExecutor 7 exits. 
I0319 10:05:31.705798 4189303 AriaExecutor.h:106] AriaExecutor 8 exits. 
I0319 10:05:31.705797 4189306 AriaExecutor.h:106] AriaExecutor 11 exits. 
I0319 10:05:31.705796 4189297 AriaExecutor.h:106] AriaExecutor 2 exits. 
I0319 10:05:31.705797 4189305 AriaExecutor.h:106] AriaExecutor 10 exits. 
I0319 10:05:31.705798 4189301 AriaExecutor.h:106] AriaExecutor 6 exits. 
I0319 10:05:31.706002 4189279 AriaExecutor.h:646] Worker 1 latency: 41262 us (50%) 46997 us (75%) 48934 us (95%) 49838 us (99%).
I0319 10:05:31.707894 4189279 AriaExecutor.h:646] Worker 2 latency: 41273 us (50%) 46987 us (75%) 48931 us (95%) 49806 us (99%).
I0319 10:05:31.709754 4189279 AriaExecutor.h:646] Worker 3 latency: 41457 us (50%) 47070 us (75%) 48944 us (95%) 49900 us (99%).
I0319 10:05:31.711601 4189279 AriaExecutor.h:646] Worker 4 latency: 41265 us (50%) 46988 us (75%) 48938 us (95%) 49847 us (99%).
I0319 10:05:31.713450 4189279 AriaExecutor.h:646] Worker 5 latency: 41241 us (50%) 46946 us (75%) 48938 us (95%) 49856 us (99%).
I0319 10:05:31.715310 4189279 AriaExecutor.h:646] Worker 6 latency: 41180 us (50%) 46969 us (75%) 48939 us (95%) 49870 us (99%).
I0319 10:05:31.717156 4189279 AriaExecutor.h:646] Worker 7 latency: 41232 us (50%) 46958 us (75%) 48931 us (95%) 49814 us (99%).
I0319 10:05:31.718983 4189279 AriaExecutor.h:646] Worker 8 latency: 41092 us (50%) 46943 us (75%) 48926 us (95%) 49788 us (99%).
I0319 10:05:31.720844 4189279 AriaExecutor.h:646] Worker 9 latency: 41083 us (50%) 46893 us (75%) 48930 us (95%) 49870 us (99%).
I0319 10:05:31.722709 4189279 AriaExecutor.h:646] Worker 10 latency: 41024 us (50%) 46862 us (75%) 48922 us (95%) 49872 us (99%).
I0319 10:05:31.724552 4189279 AriaExecutor.h:646] Worker 11 latency: 41124 us (50%) 46925 us (75%) 48922 us (95%) 49774 us (99%).
I0319 10:05:31.726387 4189279 Coordinator.h:177] total commit: 16227.4
I0319 10:05:32.726585 4189279 Coordinator.h:192] Coordinator exits.
