I0319 10:10:23.947546 4190221 Database.h:65] ycsb initialization finished in 101 milliseconds.
I0319 10:10:23.947767 4190221 Coordinator.h:30] Coordinator initializes 12 workers.
I0319 10:10:23.983711 4190221 Coordinator.h:77] Coordinator starts to run 13 workers.
I0319 10:10:23.983800 4190237 AriaExecutor.h:94] AriaExecutor 0 started. 
I0319 10:10:23.983842 4190238 AriaExecutor.h:94] AriaExecutor 1 started. 
I0319 10:10:23.983932 4190239 AriaExecutor.h:94] AriaExecutor 2 started. 
I0319 10:10:23.984022 4190240 AriaExecutor.h:94] AriaExecutor 3 started. 
I0319 10:10:23.984102 4190241 AriaExecutor.h:94] AriaExecutor 4 started. 
I0319 10:10:23.984218 4190242 AriaExecutor.h:94] AriaExecutor 5 started. 
I0319 10:10:23.984339 4190243 AriaExecutor.h:94] AriaExecutor 6 started. 
I0319 10:10:23.984439 4190244 AriaExecutor.h:94] AriaExecutor 7 started. 
I0319 10:10:23.984539 4190245 AriaExecutor.h:94] AriaExecutor 8 started. 
I0319 10:10:23.984632 4190246 AriaExecutor.h:94] AriaExecutor 9 started. 
I0319 10:10:23.984730 4190247 AriaExecutor.h:94] AriaExecutor 10 started. 
I0319 10:10:23.984830 4190248 AriaExecutor.h:94] AriaExecutor 11 started. 
I0319 10:10:23.984939 4190249 Manager.h:224] Manager(worker id = 12) on the coordinator node started.
I0319 10:10:24.985006 4190221 Coordinator.h:126] commit: 24751 abort: 170249 (0/170249/0), network size: 0, avg network size: 0, si_in_serializable: 0 0 %, local: 0 %
I0319 10:10:25.985139 4190221 Coordinator.h:126] commit: 25055 abort: 173945 (0/173945/0), network size: 0, avg network size: 0, si_in_serializable: 0 0 %, local: 0 %
I0319 10:10:26.985304 4190221 Coordinator.h:126] commit: 25492 abort: 175508 (0/175508/0), network size: 0, avg network size: 0, si_in_serializable: 0 0 %, local: 0 %
I0319 10:10:27.985445 4190221 Coordinator.h:126] commit: 25627 abort: 176373 (0/176373/0), network size: 0, avg network size: 0, si_in_serializable: 0 0 %, local: 0 %
I0319 10:10:28.985575 4190221 Coordinator.h:126] commit: 25290 abort: 175710 (0/175710/0), network size: 0, avg network size: 0, si_in_serializable: 0 0 %, local: 0 %
I0319 10:10:29.985706 4190221 Coordinator.h:126] commit: 25507 abort: 174493 (0/174493/0), network size: 0, avg network size: 0, si_in_serializable: 0 0 %, local: 0 %
I0319 10:10:30.985842 4190221 Coordinator.h:126] commit: 25357 abort: 175643 (0/175643/0), network size: 0, avg network size: 0, si_in_serializable: 0 0 %, local: 0 %
I0319 10:10:31.986008 4190221 Coordinator.h:126] commit: 25383 abort: 174617 (0/174617/0), network size: 0, avg network size: 0, si_in_serializable: 0 0 %, local: 0 %
I0319 10:10:32.986146 4190221 Coordinator.h:126] commit: 25348 abort: 175652 (0/175652/0), network size: 0, avg network size: 0, si_in_serializable: 0 0 %, local: 0 %
I0319 10:10:33.986282 4190221 Coordinator.h:126] commit: 25631 abort: 175369 (0/175369/0), network size: 0, avg network size: 0, si_in_serializable: 0 0 %, local: 0 %
I0319 10:10:34.986413 4190221 Coordinator.h:126] commit: 25562 abort: 176438 (0/176438/0), network size: 0, avg network size: 0, si_in_serializable: 0 0 %, local: 0 %
I0319 10:10:35.986541 4190221 Coordinator.h:126] commit: 25277 abort: 173723 (0/173723/0), network size: 0, avg network size: 0, si_in_serializable: 0 0 %, local: 0 %
I0319 10:10:36.986673 4190221 Coordinator.h:126] commit: 25471 abort: 175529 (0/175529/0), network size: 0, avg network size: 0, si_in_serializable: 0 0 %, local: 0 %
I0319 10:10:37.986837 4190221 Coordinator.h:126] commit: 25434 abort: 175566 (0/175566/0), network size: 0, avg network size: 0, si_in_serializable: 0 0 %, local: 0 %
I0319 10:10:38.986969 4190221 Coordinator.h:126] commit: 25472 abort: 175528 (0/175528/0), network size: 0, avg network size: 0, si_in_serializable: 0 0 %, local: 0 %
I0319 10:10:39.987098 4190221 Coordinator.h:126] commit: 25154 abort: 174846 (0/174846/0), network size: 0, avg network size: 0, si_in_serializable: 0 0 %, local: 0 %
I0319 10:10:40.987227 4190221 Coordinator.h:126] commit: 25585 abort: 175415 (0/175415/0), network size: 0, avg network size: 0, si_in_serializable: 0 0 %, local: 0 %
I0319 10:10:41.987360 4190221 Coordinator.h:126] commit: 25595 abort: 175405 (0/175405/0), network size: 0, avg network size: 0, si_in_serializable: 0 0 %, local: 0 %
I0319 10:10:42.987490 4190221 Coordinator.h:126] commit: 25493 abort: 176507 (0/176507/0), network size: 0, avg network size: 0, si_in_serializable: 0 0 %, local: 0 %
I0319 10:10:43.987625 4190221 Coordinator.h:126] commit: 25171 abort: 175829 (0/175829/0), network size: 0, avg network size: 0, si_in_serializable: 0 0 %, local: 0 %
I0319 10:10:44.987756 4190221 Coordinator.h:126] commit: 25226 abort: 175774 (0/175774/0), network size: 0, avg network size: 0, si_in_serializable: 0 0 %, local: 0 %
I0319 10:10:45.987886 4190221 Coordinator.h:126] commit: 25554 abort: 175446 (0/175446/0), network size: 0, avg network size: 0, si_in_serializable: 0 0 %, local: 0 %
I0319 10:10:46.988018 4190221 Coordinator.h:126] commit: 25369 abort: 176631 (0/176631/0), network size: 0, avg network size: 0, si_in_serializable: 0 0 %, local: 0 %
I0319 10:10:47.988149 4190221 Coordinator.h:126] commit: 25415 abort: 175585 (0/175585/0), network size: 0, avg network size: 0, si_in_serializable: 0 0 %, local: 0 %
I0319 10:10:48.988277 4190221 Coordinator.h:126] commit: 25368 abort: 174632 (0/174632/0), network size: 0, avg network size: 0, si_in_serializable: 0 0 %, local: 0 %
I0319 10:10:48.988319 4190221 Coordinator.h:152] average commit: 25421.4 abort: 175479 (0/175479/0), network size: 0, avg network size: 0, si_in_serializable: 0 0 %, local: 0 %
I0319 10:10:48.992029 4190246 AriaExecutor.h:106] AriaExecutor 9 exits. 
I0319 10:10:48.992030 4190244 AriaExecutor.h:106] AriaExecutor 7 exits. 
I0319 10:10:48.992031 4190238 AriaExecutor.h:106] AriaExecutor 1 exits. 
I0319 10:10:48.992030 4190237 AriaExecutor.h:106] AriaExecutor 0 exits. 
I0319 10:10:48.992030 4190248 AriaExecutor.h:106] AriaExecutor 11 exits. 
I0319 10:10:48.992030 4190245 AriaExecutor.h:106] AriaExecutor 8 exits. 
I0319 10:10:48.992030 4190242 AriaExecutor.h:106] AriaExecutor 5 exits. 
I0319 10:10:48.992029 4190249 Manager.h:227] Manager(worker id = 12) on the coordinator node exits.
I0319 10:10:48.992031 4190243 AriaExecutor.h:106] AriaExecutor 6 exits. 
I0319 10:10:48.992030 4190247 AriaExecutor.h:106] AriaExecutor 10 exits. 
I0319 10:10:48.992030 4190241 AriaExecutor.h:106] AriaExecutor 4 exits. 
I0319 10:10:48.992030 4190239 AriaExecutor.h:106] AriaExecutor 2 exits. 
I0319 10:10:48.988334 4190221 AriaExecutor.h:646] Worker 0 latency: 3725 us (50%) 4607 us (75%) 4953 us (95%) 5006 us (99%).
I0319 10:10:48.992030 4190240 AriaExecutor.h:106] AriaExecutor 3 exits. 
I0319 10:10:48.992205 4190221 AriaExecutor.h:646] Worker 1 latency: 3753 us (50%) 4603 us (75%) 4949 us (95%) 5002 us (99%).
I0319 10:10:48.995434 4190221 AriaExecutor.h:646] Worker 2 latency: 3695 us (50%) 4558 us (75%) 4945 us (95%) 4999 us (99%).
I0319 10:10:48.998652 4190221 AriaExecutor.h:646] Worker 3 latency: 3686 us (50%) 4538 us (75%) 4939 us (95%) 4995 us (99%).
I0319 10:10:49.001834 4190221 AriaExecutor.h:646] Worker 4 latency: 3672 us (50%) 4530 us (75%) 4934 us (95%) 4994 us (99%).
I0319 10:10:49.004997 4190221 AriaExecutor.h:646] Worker 5 latency: 3659 us (50%) 4516 us (75%) 4929 us (95%) 4992 us (99%).
I0319 10:10:49.008116 4190221 AriaExecutor.h:646] Worker 6 latency: 3641 us (50%) 4497 us (75%) 4926 us (95%) 4987 us (99%).
I0319 10:10:49.011185 4190221 AriaExecutor.h:646] Worker 7 latency: 3635 us (50%) 4490 us (75%) 4924 us (95%) 4989 us (99%).
I0319 10:10:49.014262 4190221 AriaExecutor.h:646] Worker 8 latency: 3646 us (50%) 4487 us (75%) 4920 us (95%) 4987 us (99%).
I0319 10:10:49.017324 4190221 AriaExecutor.h:646] Worker 9 latency: 3622 us (50%) 4473 us (75%) 4915 us (95%) 4984 us (99%).
I0319 10:10:49.020392 4190221 AriaExecutor.h:646] Worker 10 latency: 3606 us (50%) 4463 us (75%) 4915 us (95%) 4983 us (99%).
I0319 10:10:49.023432 4190221 AriaExecutor.h:646] Worker 11 latency: 3589 us (50%) 4450 us (75%) 4912 us (95%) 4979 us (99%).
I0319 10:10:49.026499 4190221 Coordinator.h:177] total commit: 25421.4
I0319 10:10:50.026701 4190221 Coordinator.h:192] Coordinator exits.
