I0319 09:00:17.500476 4177618 Database.h:65] ycsb initialization finished in 99 milliseconds.
I0319 09:00:17.500697 4177618 Coordinator.h:30] Coordinator initializes 12 workers.
I0319 09:00:17.563650 4177618 Coordinator.h:77] Coordinator starts to run 13 workers.
I0319 09:00:17.563732 4177634 AriaExecutor.h:82] AriaExecutor 0 started. 
I0319 09:00:17.563762 4177635 AriaExecutor.h:82] AriaExecutor 1 started. 
I0319 09:00:17.563840 4177636 AriaExecutor.h:82] AriaExecutor 2 started. 
I0319 09:00:17.563903 4177637 AriaExecutor.h:82] AriaExecutor 3 started. 
I0319 09:00:17.563944 4177638 AriaExecutor.h:82] AriaExecutor 4 started. 
I0319 09:00:17.564044 4177639 AriaExecutor.h:82] AriaExecutor 5 started. 
I0319 09:00:17.564131 4177640 AriaExecutor.h:82] AriaExecutor 6 started. 
I0319 09:00:17.564194 4177641 AriaExecutor.h:82] AriaExecutor 7 started. 
I0319 09:00:17.564306 4177642 AriaExecutor.h:82] AriaExecutor 8 started. 
I0319 09:00:17.564409 4177643 AriaExecutor.h:82] AriaExecutor 9 started. 
I0319 09:00:17.564463 4177644 AriaExecutor.h:82] AriaExecutor 10 started. 
I0319 09:00:17.564548 4177645 AriaExecutor.h:82] AriaExecutor 11 started. 
I0319 09:00:17.564658 4177646 Manager.h:224] Manager(worker id = 12) on the coordinator node started.
I0319 09:00:18.564718 4177618 Coordinator.h:126] commit: 70007 abort: 71993 (0/71993/0), network size: 0, avg network size: 0, si_in_serializable: 0 0 %, local: 0 %
I0319 09:00:19.564877 4177618 Coordinator.h:126] commit: 72738 abort: 75262 (0/75262/0), network size: 0, avg network size: 0, si_in_serializable: 0 0 %, local: 0 %
I0319 09:00:20.565044 4177618 Coordinator.h:126] commit: 72392 abort: 75608 (0/75608/0), network size: 0, avg network size: 0, si_in_serializable: 0 0 %, local: 0 %
I0319 09:00:21.565188 4177618 Coordinator.h:126] commit: 72890 abort: 75110 (0/75110/0), network size: 0, avg network size: 0, si_in_serializable: 0 0 %, local: 0 %
I0319 09:00:22.565320 4177618 Coordinator.h:126] commit: 72833 abort: 75236 (0/75236/0), network size: 0, avg network size: 0, si_in_serializable: 0 0 %, local: 0 %
I0319 09:00:23.565454 4177618 Coordinator.h:126] commit: 72639 abort: 75292 (0/75292/0), network size: 0, avg network size: 0, si_in_serializable: 0 0 %, local: 0 %
I0319 09:00:24.565579 4177618 Coordinator.h:126] commit: 72642 abort: 75358 (0/75358/0), network size: 0, avg network size: 0, si_in_serializable: 0 0 %, local: 0 %
I0319 09:00:25.565747 4177618 Coordinator.h:126] commit: 72762 abort: 75238 (0/75238/0), network size: 0, avg network size: 0, si_in_serializable: 0 0 %, local: 0 %
I0319 09:00:26.565889 4177618 Coordinator.h:126] commit: 73438 abort: 76562 (0/76562/0), network size: 0, avg network size: 0, si_in_serializable: 0 0 %, local: 0 %
I0319 09:00:27.566020 4177618 Coordinator.h:126] commit: 72872 abort: 75128 (0/75128/0), network size: 0, avg network size: 0, si_in_serializable: 0 0 %, local: 0 %
I0319 09:00:28.566146 4177618 Coordinator.h:126] commit: 72605 abort: 75395 (0/75395/0), network size: 0, avg network size: 0, si_in_serializable: 0 0 %, local: 0 %
I0319 09:00:29.566275 4177618 Coordinator.h:126] commit: 72787 abort: 75213 (0/75213/0), network size: 0, avg network size: 0, si_in_serializable: 0 0 %, local: 0 %
I0319 09:00:30.566402 4177618 Coordinator.h:126] commit: 72740 abort: 75260 (0/75260/0), network size: 0, avg network size: 0, si_in_serializable: 0 0 %, local: 0 %
I0319 09:00:31.566537 4177618 Coordinator.h:126] commit: 72918 abort: 75082 (0/75082/0), network size: 0, avg network size: 0, si_in_serializable: 0 0 %, local: 0 %
I0319 09:00:32.566668 4177618 Coordinator.h:126] commit: 73762 abort: 76238 (0/76238/0), network size: 0, avg network size: 0, si_in_serializable: 0 0 %, local: 0 %
I0319 09:00:33.566828 4177618 Coordinator.h:126] commit: 72698 abort: 75302 (0/75302/0), network size: 0, avg network size: 0, si_in_serializable: 0 0 %, local: 0 %
I0319 09:00:34.566972 4177618 Coordinator.h:126] commit: 72374 abort: 75626 (0/75626/0), network size: 0, avg network size: 0, si_in_serializable: 0 0 %, local: 0 %
I0319 09:00:35.567101 4177618 Coordinator.h:126] commit: 72562 abort: 75438 (0/75438/0), network size: 0, avg network size: 0, si_in_serializable: 0 0 %, local: 0 %
I0319 09:00:36.567226 4177618 Coordinator.h:126] commit: 72943 abort: 75057 (0/75057/0), network size: 0, avg network size: 0, si_in_serializable: 0 0 %, local: 0 %
I0319 09:00:37.567359 4177618 Coordinator.h:126] commit: 73501 abort: 76499 (0/76499/0), network size: 0, avg network size: 0, si_in_serializable: 0 0 %, local: 0 %
I0319 09:00:38.567492 4177618 Coordinator.h:126] commit: 72354 abort: 75646 (0/75646/0), network size: 0, avg network size: 0, si_in_serializable: 0 0 %, local: 0 %
I0319 09:00:39.567623 4177618 Coordinator.h:126] commit: 71421 abort: 74579 (0/74579/0), network size: 0, avg network size: 0, si_in_serializable: 0 0 %, local: 0 %
I0319 09:00:40.567749 4177618 Coordinator.h:126] commit: 72587 abort: 75413 (0/75413/0), network size: 0, avg network size: 0, si_in_serializable: 0 0 %, local: 0 %
I0319 09:00:41.567874 4177618 Coordinator.h:126] commit: 72757 abort: 75243 (0/75243/0), network size: 0, avg network size: 0, si_in_serializable: 0 0 %, local: 0 %
I0319 09:00:42.568006 4177618 Coordinator.h:126] commit: 72753 abort: 75247 (0/75247/0), network size: 0, avg network size: 0, si_in_serializable: 0 0 %, local: 0 %
I0319 09:00:42.568051 4177618 Coordinator.h:152] average commit: 72889 abort: 75511 (0/75511/0), network size: 0, avg network size: 0, si_in_serializable: 0 0 %, local: 0 %
I0319 09:00:42.573921 4177645 AriaExecutor.h:94] AriaExecutor 11 exits. 
I0319 09:00:42.573922 4177634 AriaExecutor.h:94] AriaExecutor 0 exits. 
I0319 09:00:42.573921 4177643 AriaExecutor.h:94] AriaExecutor 9 exits. 
I0319 09:00:42.573922 4177636 AriaExecutor.h:94] AriaExecutor 2 exits. 
I0319 09:00:42.573921 4177644 AriaExecutor.h:94] AriaExecutor 10 exits. 
I0319 09:00:42.573921 4177642 AriaExecutor.h:94] AriaExecutor 8 exits. 
I0319 09:00:42.573921 4177646 Manager.h:227] Manager(worker id = 12) on the coordinator node exits.
I0319 09:00:42.573922 4177637 AriaExecutor.h:94] AriaExecutor 3 exits. 
I0319 09:00:42.573923 4177640 AriaExecutor.h:94] AriaExecutor 6 exits. 
I0319 09:00:42.573923 4177641 AriaExecutor.h:94] AriaExecutor 7 exits. 
I0319 09:00:42.573923 4177639 AriaExecutor.h:94] AriaExecutor 5 exits. 
I0319 09:00:42.573925 4177635 AriaExecutor.h:94] AriaExecutor 1 exits. 
I0319 09:00:42.573925 4177638 AriaExecutor.h:94] AriaExecutor 4 exits. 
I0319 09:00:42.568065 4177618 AriaExecutor.h:535] Worker 0 latency: 10518 us (50%) 12080 us (75%) 13094 us (95%) 13306 us (99%).
I0319 09:00:42.577574 4177618 AriaExecutor.h:535] Worker 1 latency: 10552 us (50%) 12097 us (75%) 13094 us (95%) 13300 us (99%).
I0319 09:00:42.586161 4177618 AriaExecutor.h:535] Worker 2 latency: 10554 us (50%) 12095 us (75%) 13094 us (95%) 13299 us (99%).
I0319 09:00:42.594702 4177618 AriaExecutor.h:535] Worker 3 latency: 10555 us (50%) 12094 us (75%) 13093 us (95%) 13298 us (99%).
I0319 09:00:42.603356 4177618 AriaExecutor.h:535] Worker 4 latency: 10557 us (50%) 12099 us (75%) 13098 us (95%) 13305 us (99%).
I0319 09:00:42.611887 4177618 AriaExecutor.h:535] Worker 5 latency: 10530 us (50%) 12084 us (75%) 13094 us (95%) 13301 us (99%).
I0319 09:00:42.620437 4177618 AriaExecutor.h:535] Worker 6 latency: 10535 us (50%) 12089 us (75%) 13096 us (95%) 13302 us (99%).
I0319 09:00:42.628851 4177618 AriaExecutor.h:535] Worker 7 latency: 10536 us (50%) 12092 us (75%) 13095 us (95%) 13299 us (99%).
I0319 09:00:42.637372 4177618 AriaExecutor.h:535] Worker 8 latency: 10559 us (50%) 12099 us (75%) 13094 us (95%) 13298 us (99%).
I0319 09:00:42.645903 4177618 AriaExecutor.h:535] Worker 9 latency: 10553 us (50%) 12099 us (75%) 13095 us (95%) 13302 us (99%).
I0319 09:00:42.654361 4177618 AriaExecutor.h:535] Worker 10 latency: 10554 us (50%) 12097 us (75%) 13093 us (95%) 13296 us (99%).
I0319 09:00:42.662839 4177618 AriaExecutor.h:535] Worker 11 latency: 10546 us (50%) 12093 us (75%) 13094 us (95%) 13299 us (99%).
I0319 09:00:42.671350 4177618 Coordinator.h:177] total commit: 72889
I0319 09:00:43.671554 4177618 Coordinator.h:192] Coordinator exits.
