I0319 08:16:16.724133 4161763 Database.h:65] ycsb initialization finished in 98 milliseconds.
I0319 08:16:16.724386 4161763 Coordinator.h:30] Coordinator initializes 12 workers.
I0319 08:16:16.761956 4161763 Coordinator.h:77] Coordinator starts to run 13 workers.
I0319 08:16:16.762045 4161779 AriaExecutor.h:94] AriaExecutor 0 started. 
I0319 08:16:16.762105 4161780 AriaExecutor.h:94] AriaExecutor 1 started. 
I0319 08:16:16.762213 4161781 AriaExecutor.h:94] AriaExecutor 2 started. 
I0319 08:16:16.762297 4161782 AriaExecutor.h:94] AriaExecutor 3 started. 
I0319 08:16:16.762425 4161783 AriaExecutor.h:94] AriaExecutor 4 started. 
I0319 08:16:16.762537 4161784 AriaExecutor.h:94] AriaExecutor 5 started. 
I0319 08:16:16.762607 4161785 AriaExecutor.h:94] AriaExecutor 6 started. 
I0319 08:16:16.762686 4161786 AriaExecutor.h:94] AriaExecutor 7 started. 
I0319 08:16:16.762786 4161787 AriaExecutor.h:94] AriaExecutor 8 started. 
I0319 08:16:16.762881 4161788 AriaExecutor.h:94] AriaExecutor 9 started. 
I0319 08:16:16.762961 4161789 AriaExecutor.h:94] AriaExecutor 10 started. 
I0319 08:16:16.763034 4161790 AriaExecutor.h:94] AriaExecutor 11 started. 
I0319 08:16:16.763120 4161791 Manager.h:224] Manager(worker id = 12) on the coordinator node started.
I0319 08:16:17.763167 4161763 Coordinator.h:126] commit: 6178 abort: 127822 (0/127822/0), network size: 0, avg network size: 0, si_in_serializable: 0 0 %, local: 0 %
I0319 08:16:18.763331 4161763 Coordinator.h:126] commit: 8313 abort: 138687 (0/138687/0), network size: 0, avg network size: 0, si_in_serializable: 0 0 %, local: 0 %
I0319 08:16:19.763530 4161763 Coordinator.h:126] commit: 8582 abort: 142418 (0/142418/0), network size: 0, avg network size: 0, si_in_serializable: 0 0 %, local: 0 %
I0319 08:16:20.763688 4161763 Coordinator.h:126] commit: 8715 abort: 142285 (0/142285/0), network size: 0, avg network size: 0, si_in_serializable: 0 0 %, local: 0 %
I0319 08:16:21.763834 4161763 Coordinator.h:126] commit: 8706 abort: 144294 (0/144294/0), network size: 0, avg network size: 0, si_in_serializable: 0 0 %, local: 0 %
I0319 08:16:22.764001 4161763 Coordinator.h:126] commit: 8635 abort: 144365 (0/144365/0), network size: 0, avg network size: 0, si_in_serializable: 0 0 %, local: 0 %
I0319 08:16:23.764142 4161763 Coordinator.h:126] commit: 8590 abort: 146410 (0/146410/0), network size: 0, avg network size: 0, si_in_serializable: 0 0 %, local: 0 %
I0319 08:16:24.764281 4161763 Coordinator.h:126] commit: 8597 abort: 145403 (0/145403/0), network size: 0, avg network size: 0, si_in_serializable: 0 0 %, local: 0 %
I0319 08:16:25.764454 4161763 Coordinator.h:126] commit: 8579 abort: 146421 (0/146421/0), network size: 0, avg network size: 0, si_in_serializable: 0 0 %, local: 0 %
I0319 08:16:26.764590 4161763 Coordinator.h:126] commit: 8387 abort: 145613 (0/145613/0), network size: 0, avg network size: 0, si_in_serializable: 0 0 %, local: 0 %
I0319 08:16:27.764708 4161763 Coordinator.h:126] commit: 8360 abort: 143640 (0/143640/0), network size: 0, avg network size: 0, si_in_serializable: 0 0 %, local: 0 %
I0319 08:16:28.764842 4161763 Coordinator.h:126] commit: 8448 abort: 142552 (0/142552/0), network size: 0, avg network size: 0, si_in_serializable: 0 0 %, local: 0 %
I0319 08:16:29.764987 4161763 Coordinator.h:126] commit: 8434 abort: 141566 (0/141566/0), network size: 0, avg network size: 0, si_in_serializable: 0 0 %, local: 0 %
I0319 08:16:30.765143 4161763 Coordinator.h:126] commit: 8381 abort: 139619 (0/139619/0), network size: 0, avg network size: 0, si_in_serializable: 0 0 %, local: 0 %
I0319 08:16:31.765321 4161763 Coordinator.h:126] commit: 8293 abort: 141707 (0/141707/0), network size: 0, avg network size: 0, si_in_serializable: 0 0 %, local: 0 %
I0319 08:16:32.765473 4161763 Coordinator.h:126] commit: 8631 abort: 143369 (0/143369/0), network size: 0, avg network size: 0, si_in_serializable: 0 0 %, local: 0 %
I0319 08:16:33.765647 4161763 Coordinator.h:126] commit: 8473 abort: 141527 (0/141527/0), network size: 0, avg network size: 0, si_in_serializable: 0 0 %, local: 0 %
I0319 08:16:34.765807 4161763 Coordinator.h:126] commit: 8568 abort: 145432 (0/145432/0), network size: 0, avg network size: 0, si_in_serializable: 0 0 %, local: 0 %
I0319 08:16:35.765970 4161763 Coordinator.h:126] commit: 8540 abort: 146460 (0/146460/0), network size: 0, avg network size: 0, si_in_serializable: 0 0 %, local: 0 %
I0319 08:16:36.766127 4161763 Coordinator.h:126] commit: 8726 abort: 147274 (0/147274/0), network size: 0, avg network size: 0, si_in_serializable: 0 0 %, local: 0 %
I0319 08:16:37.766296 4161763 Coordinator.h:126] commit: 8627 abort: 149373 (0/149373/0), network size: 0, avg network size: 0, si_in_serializable: 0 0 %, local: 0 %
I0319 08:16:38.766525 4161763 Coordinator.h:126] commit: 8663 abort: 149337 (0/149337/0), network size: 0, avg network size: 0, si_in_serializable: 0 0 %, local: 0 %
I0319 08:16:39.766706 4161763 Coordinator.h:126] commit: 8676 abort: 150324 (0/150324/0), network size: 0, avg network size: 0, si_in_serializable: 0 0 %, local: 0 %
I0319 08:16:40.766852 4161763 Coordinator.h:126] commit: 8764 abort: 150236 (0/150236/0), network size: 0, avg network size: 0, si_in_serializable: 0 0 %, local: 0 %
I0319 08:16:41.767001 4161763 Coordinator.h:126] commit: 8693 abort: 150307 (0/150307/0), network size: 0, avg network size: 0, si_in_serializable: 0 0 %, local: 0 %
I0319 08:16:41.767061 4161763 Coordinator.h:152] average commit: 8485.4 abort: 143315 (0/143315/0), network size: 0, avg network size: 0, si_in_serializable: 0 0 %, local: 0 %
I0319 08:16:41.770414 4161782 AriaExecutor.h:106] AriaExecutor 3 exits. 
I0319 08:16:41.770414 4161788 AriaExecutor.h:106] AriaExecutor 9 exits. 
I0319 08:16:41.770432 4161783 AriaExecutor.h:106] AriaExecutor 4 exits. 
I0319 08:16:41.770428 4161790 AriaExecutor.h:106] AriaExecutor 11 exits. 
I0319 08:16:41.770428 4161787 AriaExecutor.h:106] AriaExecutor 8 exits. 
I0319 08:16:41.770414 4161789 AriaExecutor.h:106] AriaExecutor 10 exits. 
I0319 08:16:41.770431 4161786 AriaExecutor.h:106] AriaExecutor 7 exits. 
I0319 08:16:41.770418 4161791 Manager.h:227] Manager(worker id = 12) on the coordinator node exits.
I0319 08:16:41.770414 4161779 AriaExecutor.h:106] AriaExecutor 0 exits. 
I0319 08:16:41.770430 4161780 AriaExecutor.h:106] AriaExecutor 1 exits. 
I0319 08:16:41.770432 4161785 AriaExecutor.h:106] AriaExecutor 6 exits. 
I0319 08:16:41.770414 4161781 AriaExecutor.h:106] AriaExecutor 2 exits. 
I0319 08:16:41.770430 4161784 AriaExecutor.h:106] AriaExecutor 5 exits. 
I0319 08:16:41.767104 4161763 AriaExecutor.h:646] Worker 0 latency: 108936 us (50%) 191210 us (75%) 274068 us (95%) 298068 us (99%).
I0319 08:16:41.777660 4161763 AriaExecutor.h:646] Worker 1 latency: 109671 us (50%) 203922 us (75%) 272063 us (95%) 292697 us (99%).
I0319 08:16:41.780699 4161763 AriaExecutor.h:646] Worker 2 latency: 102685 us (50%) 186120 us (75%) 262462 us (95%) 286534 us (99%).
I0319 08:16:41.783963 4161763 AriaExecutor.h:646] Worker 3 latency: 101350 us (50%) 185446 us (75%) 261544 us (95%) 282794 us (99%).
I0319 08:16:41.785831 4161763 AriaExecutor.h:646] Worker 4 latency: 94903 us (50%) 175791 us (75%) 256476 us (95%) 280169 us (99%).
I0319 08:16:41.787658 4161763 AriaExecutor.h:646] Worker 5 latency: 93338 us (50%) 167936 us (75%) 248943 us (95%) 273829 us (99%).
I0319 08:16:41.789868 4161763 AriaExecutor.h:646] Worker 6 latency: 93898 us (50%) 169374 us (75%) 249328 us (95%) 273242 us (99%).
I0319 08:16:41.791689 4161763 AriaExecutor.h:646] Worker 7 latency: 90464 us (50%) 167951 us (75%) 248812 us (95%) 272404 us (99%).
I0319 08:16:41.793213 4161763 AriaExecutor.h:646] Worker 8 latency: 92042 us (50%) 169423 us (75%) 247751 us (95%) 273729 us (99%).
I0319 08:16:41.794406 4161763 AriaExecutor.h:646] Worker 9 latency: 90684 us (50%) 164529 us (75%) 244206 us (95%) 268087 us (99%).
I0319 08:16:41.795418 4161763 AriaExecutor.h:646] Worker 10 latency: 88795 us (50%) 163031 us (75%) 242069 us (95%) 267134 us (99%).
I0319 08:16:41.796398 4161763 AriaExecutor.h:646] Worker 11 latency: 88695 us (50%) 158973 us (75%) 238494 us (95%) 262322 us (99%).
I0319 08:16:41.797633 4161763 Coordinator.h:177] total commit: 8485.4
I0319 08:16:42.797835 4161763 Coordinator.h:192] Coordinator exits.
