I0319 08:17:11.896456 4162991 Database.h:65] ycsb initialization finished in 99 milliseconds.
I0319 08:17:11.896692 4162991 Coordinator.h:30] Coordinator initializes 12 workers.
I0319 08:17:11.933490 4162991 Coordinator.h:77] Coordinator starts to run 13 workers.
I0319 08:17:11.933580 4163008 AriaExecutor.h:94] AriaExecutor 0 started. 
I0319 08:17:11.933606 4163009 AriaExecutor.h:94] AriaExecutor 1 started. 
I0319 08:17:11.933749 4163010 AriaExecutor.h:94] AriaExecutor 2 started. 
I0319 08:17:11.933750 4163011 AriaExecutor.h:94] AriaExecutor 3 started. 
I0319 08:17:11.933812 4163012 AriaExecutor.h:94] AriaExecutor 4 started. 
I0319 08:17:11.933905 4163013 AriaExecutor.h:94] AriaExecutor 5 started. 
I0319 08:17:11.933955 4163014 AriaExecutor.h:94] AriaExecutor 6 started. 
I0319 08:17:11.934048 4163015 AriaExecutor.h:94] AriaExecutor 7 started. 
I0319 08:17:11.934105 4163016 AriaExecutor.h:94] AriaExecutor 8 started. 
I0319 08:17:11.934201 4163017 AriaExecutor.h:94] AriaExecutor 9 started. 
I0319 08:17:11.934327 4163018 AriaExecutor.h:94] AriaExecutor 10 started. 
I0319 08:17:11.934450 4163019 AriaExecutor.h:94] AriaExecutor 11 started. 
I0319 08:17:11.934578 4163020 Manager.h:224] Manager(worker id = 12) on the coordinator node started.
I0319 08:17:12.934603 4162991 Coordinator.h:126] commit: 1699 abort: 162301 (0/162301/0), network size: 0, avg network size: 0, si_in_serializable: 0 0 %, local: 0 %
I0319 08:17:13.934751 4162991 Coordinator.h:126] commit: 2757 abort: 166243 (0/166243/0), network size: 0, avg network size: 0, si_in_serializable: 0 0 %, local: 0 %
I0319 08:17:14.934938 4162991 Coordinator.h:126] commit: 3277 abort: 165723 (0/165723/0), network size: 0, avg network size: 0, si_in_serializable: 0 0 %, local: 0 %
I0319 08:17:15.935108 4162991 Coordinator.h:126] commit: 3872 abort: 162128 (0/162128/0), network size: 0, avg network size: 0, si_in_serializable: 0 0 %, local: 0 %
I0319 08:17:16.935228 4162991 Coordinator.h:126] commit: 4228 abort: 163772 (0/163772/0), network size: 0, avg network size: 0, si_in_serializable: 0 0 %, local: 0 %
I0319 08:17:17.935345 4162991 Coordinator.h:126] commit: 4154 abort: 162846 (0/162846/0), network size: 0, avg network size: 0, si_in_serializable: 0 0 %, local: 0 %
I0319 08:17:18.935469 4162991 Coordinator.h:126] commit: 4296 abort: 165704 (0/165704/0), network size: 0, avg network size: 0, si_in_serializable: 0 0 %, local: 0 %
I0319 08:17:19.935604 4162991 Coordinator.h:126] commit: 4133 abort: 162867 (0/162867/0), network size: 0, avg network size: 0, si_in_serializable: 0 0 %, local: 0 %
I0319 08:17:20.935756 4162991 Coordinator.h:126] commit: 4131 abort: 163869 (0/163869/0), network size: 0, avg network size: 0, si_in_serializable: 0 0 %, local: 0 %
I0319 08:17:21.935953 4162991 Coordinator.h:126] commit: 4156 abort: 162844 (0/162844/0), network size: 0, avg network size: 0, si_in_serializable: 0 0 %, local: 0 %
I0319 08:17:22.936110 4162991 Coordinator.h:126] commit: 4201 abort: 161799 (0/161799/0), network size: 0, avg network size: 0, si_in_serializable: 0 0 %, local: 0 %
I0319 08:17:23.936299 4162991 Coordinator.h:126] commit: 4149 abort: 161851 (0/161851/0), network size: 0, avg network size: 0, si_in_serializable: 0 0 %, local: 0 %
I0319 08:17:24.936450 4162991 Coordinator.h:126] commit: 4150 abort: 160850 (0/160850/0), network size: 0, avg network size: 0, si_in_serializable: 0 0 %, local: 0 %
I0319 08:17:25.936585 4162991 Coordinator.h:126] commit: 4125 abort: 160875 (0/160875/0), network size: 0, avg network size: 0, si_in_serializable: 0 0 %, local: 0 %
I0319 08:17:26.936720 4162991 Coordinator.h:126] commit: 4145 abort: 164855 (0/164855/0), network size: 0, avg network size: 0, si_in_serializable: 0 0 %, local: 0 %
I0319 08:17:27.936839 4162991 Coordinator.h:126] commit: 4123 abort: 163877 (0/163877/0), network size: 0, avg network size: 0, si_in_serializable: 0 0 %, local: 0 %
I0319 08:17:28.936986 4162991 Coordinator.h:126] commit: 4304 abort: 163696 (0/163696/0), network size: 0, avg network size: 0, si_in_serializable: 0 0 %, local: 0 %
I0319 08:17:29.937134 4162991 Coordinator.h:126] commit: 4250 abort: 166750 (0/166750/0), network size: 0, avg network size: 0, si_in_serializable: 0 0 %, local: 0 %
I0319 08:17:30.937283 4162991 Coordinator.h:126] commit: 4136 abort: 165864 (0/165864/0), network size: 0, avg network size: 0, si_in_serializable: 0 0 %, local: 0 %
I0319 08:17:31.937409 4162991 Coordinator.h:126] commit: 4245 abort: 167755 (0/167755/0), network size: 0, avg network size: 0, si_in_serializable: 0 0 %, local: 0 %
I0319 08:17:32.937532 4162991 Coordinator.h:126] commit: 4214 abort: 167786 (0/167786/0), network size: 0, avg network size: 0, si_in_serializable: 0 0 %, local: 0 %
I0319 08:17:33.937737 4162991 Coordinator.h:126] commit: 4236 abort: 168764 (0/168764/0), network size: 0, avg network size: 0, si_in_serializable: 0 0 %, local: 0 %
I0319 08:17:34.937909 4162991 Coordinator.h:126] commit: 4193 abort: 168807 (0/168807/0), network size: 0, avg network size: 0, si_in_serializable: 0 0 %, local: 0 %
I0319 08:17:35.938061 4162991 Coordinator.h:126] commit: 4238 abort: 167762 (0/167762/0), network size: 0, avg network size: 0, si_in_serializable: 0 0 %, local: 0 %
I0319 08:17:36.938208 4162991 Coordinator.h:126] commit: 4335 abort: 168665 (0/168665/0), network size: 0, avg network size: 0, si_in_serializable: 0 0 %, local: 0 %
I0319 08:17:36.938249 4162991 Coordinator.h:152] average commit: 4182.8 abort: 163817 (0/163817/0), network size: 0, avg network size: 0, si_in_serializable: 0 0 %, local: 0 %
I0319 08:17:36.938295 4162991 AriaExecutor.h:646] Worker 0 latency: 287195 us (50%) 363366 us (75%) 410032 us (95%) 2897138 us (99%).
I0319 08:17:36.942298 4163016 AriaExecutor.h:106] AriaExecutor 8 exits. 
I0319 08:17:36.942320 4163010 AriaExecutor.h:106] AriaExecutor 2 exits. 
I0319 08:17:36.942299 4163019 AriaExecutor.h:106] AriaExecutor 11 exits. 
I0319 08:17:36.942298 4163013 AriaExecutor.h:106] AriaExecutor 5 exits. 
I0319 08:17:36.942312 4163012 AriaExecutor.h:106] AriaExecutor 4 exits. 
I0319 08:17:36.942312 4163015 AriaExecutor.h:106] AriaExecutor 7 exits. 
I0319 08:17:36.942301 4163018 AriaExecutor.h:106] AriaExecutor 10 exits. 
I0319 08:17:36.942317 4163020 Manager.h:227] Manager(worker id = 12) on the coordinator node exits.
I0319 08:17:36.942313 4163011 AriaExecutor.h:106] AriaExecutor 3 exits. 
I0319 08:17:36.942320 4163017 AriaExecutor.h:106] AriaExecutor 9 exits. 
I0319 08:17:36.942323 4163009 AriaExecutor.h:106] AriaExecutor 1 exits. 
I0319 08:17:36.942312 4163008 AriaExecutor.h:106] AriaExecutor 0 exits. 
I0319 08:17:36.942298 4163014 AriaExecutor.h:106] AriaExecutor 6 exits. 
I0319 08:17:36.946189 4162991 AriaExecutor.h:646] Worker 1 latency: 264497 us (50%) 338123 us (75%) 384036 us (95%) 883540 us (99%).
I0319 08:17:36.947690 4162991 AriaExecutor.h:646] Worker 2 latency: 247665 us (50%) 317802 us (75%) 375021 us (95%) 439886 us (99%).
I0319 08:17:36.949092 4162991 AriaExecutor.h:646] Worker 3 latency: 242409 us (50%) 310718 us (75%) 369347 us (95%) 408919 us (99%).
I0319 08:17:36.950286 4162991 AriaExecutor.h:646] Worker 4 latency: 240129 us (50%) 308519 us (75%) 364370 us (95%) 393321 us (99%).
I0319 08:17:36.951721 4162991 AriaExecutor.h:646] Worker 5 latency: 241659 us (50%) 304732 us (75%) 362288 us (95%) 395581 us (99%).
I0319 08:17:36.953095 4162991 AriaExecutor.h:646] Worker 6 latency: 238328 us (50%) 300213 us (75%) 358190 us (95%) 385315 us (99%).
I0319 08:17:36.954365 4162991 AriaExecutor.h:646] Worker 7 latency: 238250 us (50%) 299984 us (75%) 356345 us (95%) 384952 us (99%).
I0319 08:17:36.955550 4162991 AriaExecutor.h:646] Worker 8 latency: 233255 us (50%) 299204 us (75%) 353203 us (95%) 374964 us (99%).
I0319 08:17:36.956702 4162991 AriaExecutor.h:646] Worker 9 latency: 230935 us (50%) 294090 us (75%) 351204 us (95%) 374016 us (99%).
I0319 08:17:36.957839 4162991 AriaExecutor.h:646] Worker 10 latency: 231418 us (50%) 294445 us (75%) 349179 us (95%) 374248 us (99%).
I0319 08:17:36.958938 4162991 AriaExecutor.h:646] Worker 11 latency: 230411 us (50%) 293883 us (75%) 349461 us (95%) 373233 us (99%).
I0319 08:17:36.960146 4162991 Coordinator.h:177] total commit: 4182.8
I0319 08:17:37.960408 4162991 Coordinator.h:192] Coordinator exits.
