I0319 08:09:49.989812 4159270 Database.h:65] ycsb initialization finished in 100 milliseconds.
I0319 08:09:49.990031 4159270 Coordinator.h:30] Coordinator initializes 12 workers.
I0319 08:09:50.027673 4159270 Coordinator.h:77] Coordinator starts to run 13 workers.
I0319 08:09:50.027769 4159286 AriaExecutor.h:82] AriaExecutor 0 started. 
I0319 08:09:50.027815 4159287 AriaExecutor.h:82] AriaExecutor 1 started. 
I0319 08:09:50.027930 4159288 AriaExecutor.h:82] AriaExecutor 2 started. 
I0319 08:09:50.028060 4159289 AriaExecutor.h:82] AriaExecutor 3 started. 
I0319 08:09:50.028105 4159290 AriaExecutor.h:82] AriaExecutor 4 started. 
I0319 08:09:50.028201 4159291 AriaExecutor.h:82] AriaExecutor 5 started. 
I0319 08:09:50.028353 4159292 AriaExecutor.h:82] AriaExecutor 6 started. 
I0319 08:09:50.028362 4159293 AriaExecutor.h:82] AriaExecutor 7 started. 
I0319 08:09:50.028416 4159294 AriaExecutor.h:82] AriaExecutor 8 started. 
I0319 08:09:50.028512 4159295 AriaExecutor.h:82] AriaExecutor 9 started. 
I0319 08:09:50.028541 4159296 AriaExecutor.h:82] AriaExecutor 10 started. 
I0319 08:09:50.028653 4159297 AriaExecutor.h:82] AriaExecutor 11 started. 
I0319 08:09:50.028673 4159298 Manager.h:224] Manager(worker id = 12) on the coordinator node started.
I0319 08:09:51.028728 4159270 Coordinator.h:126] commit: 17151 abort: 95849 (0/95849/0), network size: 0, avg network size: 0, si_in_serializable: 0 0 %, local: 0 %
I0319 08:09:52.028890 4159270 Coordinator.h:126] commit: 17907 abort: 103093 (0/103093/0), network size: 0, avg network size: 0, si_in_serializable: 0 0 %, local: 0 %
I0319 08:09:53.029090 4159270 Coordinator.h:126] commit: 19155 abort: 107845 (0/107845/0), network size: 0, avg network size: 0, si_in_serializable: 0 0 %, local: 0 %
I0319 08:09:54.029238 4159270 Coordinator.h:126] commit: 18423 abort: 106577 (0/106577/0), network size: 0, avg network size: 0, si_in_serializable: 0 0 %, local: 0 %
I0319 08:09:55.029366 4159270 Coordinator.h:126] commit: 18995 abort: 108005 (0/108005/0), network size: 0, avg network size: 0, si_in_serializable: 0 0 %, local: 0 %
I0319 08:09:56.029497 4159270 Coordinator.h:126] commit: 18782 abort: 107218 (0/107218/0), network size: 0, avg network size: 0, si_in_serializable: 0 0 %, local: 0 %
I0319 08:09:57.029636 4159270 Coordinator.h:126] commit: 19294 abort: 109706 (0/109706/0), network size: 0, avg network size: 0, si_in_serializable: 0 0 %, local: 0 %
I0319 08:09:58.029765 4159270 Coordinator.h:126] commit: 19014 abort: 107986 (0/107986/0), network size: 0, avg network size: 0, si_in_serializable: 0 0 %, local: 0 %
I0319 08:09:59.029891 4159270 Coordinator.h:126] commit: 18553 abort: 108449 (0/108449/0), network size: 0, avg network size: 0, si_in_serializable: 0 0 %, local: 0 %
I0319 08:10:00.030087 4159270 Coordinator.h:126] commit: 18973 abort: 108025 (0/108025/0), network size: 0, avg network size: 0, si_in_serializable: 0 0 %, local: 0 %
I0319 08:10:01.030243 4159270 Coordinator.h:126] commit: 19145 abort: 105855 (0/105855/0), network size: 0, avg network size: 0, si_in_serializable: 0 0 %, local: 0 %
I0319 08:10:02.030385 4159270 Coordinator.h:126] commit: 18851 abort: 105149 (0/105149/0), network size: 0, avg network size: 0, si_in_serializable: 0 0 %, local: 0 %
I0319 08:10:03.030515 4159270 Coordinator.h:126] commit: 18617 abort: 106383 (0/106383/0), network size: 0, avg network size: 0, si_in_serializable: 0 0 %, local: 0 %
I0319 08:10:04.030649 4159270 Coordinator.h:126] commit: 18744 abort: 104256 (0/104256/0), network size: 0, avg network size: 0, si_in_serializable: 0 0 %, local: 0 %
I0319 08:10:05.030777 4159270 Coordinator.h:126] commit: 18453 abort: 105547 (0/105547/0), network size: 0, avg network size: 0, si_in_serializable: 0 0 %, local: 0 %
I0319 08:10:06.030907 4159270 Coordinator.h:126] commit: 19272 abort: 106728 (0/106728/0), network size: 0, avg network size: 0, si_in_serializable: 0 0 %, local: 0 %
I0319 08:10:07.031060 4159270 Coordinator.h:126] commit: 18564 abort: 105436 (0/105436/0), network size: 0, avg network size: 0, si_in_serializable: 0 0 %, local: 0 %
I0319 08:10:08.031193 4159270 Coordinator.h:126] commit: 18963 abort: 109037 (0/109037/0), network size: 0, avg network size: 0, si_in_serializable: 0 0 %, local: 0 %
I0319 08:10:09.031325 4159270 Coordinator.h:126] commit: 19451 abort: 109549 (0/109549/0), network size: 0, avg network size: 0, si_in_serializable: 0 0 %, local: 0 %
I0319 08:10:10.031458 4159270 Coordinator.h:126] commit: 19160 abort: 108840 (0/108840/0), network size: 0, avg network size: 0, si_in_serializable: 0 0 %, local: 0 %
I0319 08:10:11.031595 4159270 Coordinator.h:126] commit: 18912 abort: 110088 (0/110088/0), network size: 0, avg network size: 0, si_in_serializable: 0 0 %, local: 0 %
I0319 08:10:12.031738 4159270 Coordinator.h:126] commit: 19700 abort: 111300 (0/111300/0), network size: 0, avg network size: 0, si_in_serializable: 0 0 %, local: 0 %
I0319 08:10:13.031875 4159270 Coordinator.h:126] commit: 19359 abort: 110641 (0/110641/0), network size: 0, avg network size: 0, si_in_serializable: 0 0 %, local: 0 %
I0319 08:10:14.032071 4159270 Coordinator.h:126] commit: 19689 abort: 111311 (0/111311/0), network size: 0, avg network size: 0, si_in_serializable: 0 0 %, local: 0 %
I0319 08:10:15.032231 4159270 Coordinator.h:126] commit: 19400 abort: 111600 (0/111600/0), network size: 0, avg network size: 0, si_in_serializable: 0 0 %, local: 0 %
I0319 08:10:15.032282 4159270 Coordinator.h:152] average commit: 18922 abort: 106678 (0/106678/0), network size: 0, avg network size: 0, si_in_serializable: 0 0 %, local: 0 %
I0319 08:10:15.038179 4159296 AriaExecutor.h:94] AriaExecutor 10 exits. 
I0319 08:10:15.038180 4159291 AriaExecutor.h:94] AriaExecutor 5 exits. 
I0319 08:10:15.038192 4159290 AriaExecutor.h:94] AriaExecutor 4 exits. 
I0319 08:10:15.038180 4159287 AriaExecutor.h:94] AriaExecutor 1 exits. 
I0319 08:10:15.038194 4159289 AriaExecutor.h:94] AriaExecutor 3 exits. 
I0319 08:10:15.038182 4159298 Manager.h:227] Manager(worker id = 12) on the coordinator node exits.
I0319 08:10:15.038192 4159292 AriaExecutor.h:94] AriaExecutor 6 exits. 
I0319 08:10:15.038197 4159286 AriaExecutor.h:94] AriaExecutor 0 exits. 
I0319 08:10:15.038194 4159297 AriaExecutor.h:94] AriaExecutor 11 exits. 
I0319 08:10:15.038193 4159288 AriaExecutor.h:94] AriaExecutor 2 exits. 
I0319 08:10:15.038194 4159294 AriaExecutor.h:94] AriaExecutor 8 exits. 
I0319 08:10:15.038204 4159295 AriaExecutor.h:94] AriaExecutor 9 exits. 
I0319 08:10:15.038180 4159293 AriaExecutor.h:94] AriaExecutor 7 exits. 
I0319 08:10:15.032326 4159270 AriaExecutor.h:535] Worker 0 latency: 51445 us (50%) 59531 us (75%) 75465 us (95%) 88213 us (99%).
I0319 08:10:15.043803 4159270 AriaExecutor.h:535] Worker 1 latency: 51285 us (50%) 59236 us (75%) 73505 us (95%) 82191 us (99%).
I0319 08:10:15.050232 4159270 AriaExecutor.h:535] Worker 2 latency: 51266 us (50%) 59187 us (75%) 72232 us (95%) 80587 us (99%).
I0319 08:10:15.054523 4159270 AriaExecutor.h:535] Worker 3 latency: 51215 us (50%) 59080 us (75%) 68628 us (95%) 76596 us (99%).
I0319 08:10:15.058818 4159270 AriaExecutor.h:535] Worker 4 latency: 51181 us (50%) 58971 us (75%) 68306 us (95%) 76089 us (99%).
I0319 08:10:15.061709 4159270 AriaExecutor.h:535] Worker 5 latency: 51113 us (50%) 58889 us (75%) 68019 us (95%) 75645 us (99%).
I0319 08:10:15.064474 4159270 AriaExecutor.h:535] Worker 6 latency: 51096 us (50%) 58827 us (75%) 67860 us (95%) 75399 us (99%).
I0319 08:10:15.067220 4159270 AriaExecutor.h:535] Worker 7 latency: 51064 us (50%) 58781 us (75%) 67675 us (95%) 74997 us (99%).
I0319 08:10:15.069865 4159270 AriaExecutor.h:535] Worker 8 latency: 51045 us (50%) 58724 us (75%) 67515 us (95%) 74823 us (99%).
I0319 08:10:15.072269 4159270 AriaExecutor.h:535] Worker 9 latency: 51013 us (50%) 58647 us (75%) 67339 us (95%) 74246 us (99%).
I0319 08:10:15.074663 4159270 AriaExecutor.h:535] Worker 10 latency: 50928 us (50%) 58549 us (75%) 67189 us (95%) 73927 us (99%).
I0319 08:10:15.077040 4159270 AriaExecutor.h:535] Worker 11 latency: 50924 us (50%) 58509 us (75%) 67015 us (95%) 73721 us (99%).
I0319 08:10:15.079417 4159270 Coordinator.h:177] total commit: 18922
I0319 08:10:16.079615 4159270 Coordinator.h:192] Coordinator exits.
