I0911 20:03:24.908396 2825730 Database.h:65] ycsb initialization finished in 150 milliseconds.
I0911 20:03:24.908531 2825730 Coordinator.h:30] Coordinator initializes 16 workers.
I0911 20:03:24.916494 2825730 Coordinator.h:77] Coordinator starts to run 17 workers.
I0911 20:03:24.916592 2825750 AriaExecutor.h:82] AriaExecutor 0 started. 
I0911 20:03:24.916618 2825751 AriaExecutor.h:82] AriaExecutor 1 started. 
I0911 20:03:24.916685 2825752 AriaExecutor.h:82] AriaExecutor 2 started. 
I0911 20:03:24.916718 2825753 AriaExecutor.h:82] AriaExecutor 3 started. 
I0911 20:03:24.916755 2825754 AriaExecutor.h:82] AriaExecutor 4 started. 
I0911 20:03:24.916788 2825755 AriaExecutor.h:82] AriaExecutor 5 started. 
I0911 20:03:24.916824 2825756 AriaExecutor.h:82] AriaExecutor 6 started. 
I0911 20:03:24.916855 2825757 AriaExecutor.h:82] AriaExecutor 7 started. 
I0911 20:03:24.916913 2825758 AriaExecutor.h:82] AriaExecutor 8 started. 
I0911 20:03:24.916925 2825759 AriaExecutor.h:82] AriaExecutor 9 started. 
I0911 20:03:24.916988 2825760 AriaExecutor.h:82] AriaExecutor 10 started. 
I0911 20:03:24.917004 2825761 AriaExecutor.h:82] AriaExecutor 11 started. 
I0911 20:03:24.917053 2825762 AriaExecutor.h:82] AriaExecutor 12 started. 
I0911 20:03:24.917071 2825763 AriaExecutor.h:82] AriaExecutor 13 started. 
I0911 20:03:24.917112 2825764 AriaExecutor.h:82] AriaExecutor 14 started. 
I0911 20:03:24.917133 2825765 AriaExecutor.h:82] AriaExecutor 15 started. 
I0911 20:03:24.917173 2825766 Manager.h:224] Manager(worker id = 16) on the coordinator node started.
I0911 20:03:25.917219 2825730 Coordinator.h:126] commit: 1263761 abort: 32623 (0/32623/0), network size: 0, avg network size: 0, si_in_serializable: 0 0 %, local: 0 %
I0911 20:03:26.917351 2825730 Coordinator.h:126] commit: 1250216 abort: 31832 (0/31832/0), network size: 0, avg network size: 0, si_in_serializable: 0 0 %, local: 0 %
I0911 20:03:27.917459 2825730 Coordinator.h:126] commit: 1212111 abort: 31025 (0/31025/0), network size: 0, avg network size: 0, si_in_serializable: 0 0 %, local: 0 %
I0911 20:03:28.917583 2825730 Coordinator.h:126] commit: 1213903 abort: 31281 (0/31281/0), network size: 0, avg network size: 0, si_in_serializable: 0 0 %, local: 0 %
I0911 20:03:29.917773 2825730 Coordinator.h:126] commit: 1261069 abort: 32243 (0/32243/0), network size: 0, avg network size: 0, si_in_serializable: 0 0 %, local: 0 %
I0911 20:03:30.917906 2825730 Coordinator.h:126] commit: 1271081 abort: 32471 (0/32471/0), network size: 0, avg network size: 0, si_in_serializable: 0 0 %, local: 0 %
I0911 20:03:31.918005 2825730 Coordinator.h:126] commit: 1242147 abort: 31709 (0/31709/0), network size: 0, avg network size: 0, si_in_serializable: 0 0 %, local: 0 %
I0911 20:03:32.918121 2825730 Coordinator.h:126] commit: 1266794 abort: 32662 (0/32662/0), network size: 0, avg network size: 0, si_in_serializable: 0 0 %, local: 0 %
I0911 20:03:33.918236 2825730 Coordinator.h:126] commit: 1274094 abort: 32530 (0/32530/0), network size: 0, avg network size: 0, si_in_serializable: 0 0 %, local: 0 %
I0911 20:03:34.918334 2825730 Coordinator.h:126] commit: 1274146 abort: 32478 (0/32478/0), network size: 0, avg network size: 0, si_in_serializable: 0 0 %, local: 0 %
I0911 20:03:35.918447 2825730 Coordinator.h:126] commit: 1241799 abort: 32057 (0/32057/0), network size: 0, avg network size: 0, si_in_serializable: 0 0 %, local: 0 %
I0911 20:03:36.918540 2825730 Coordinator.h:126] commit: 1231790 abort: 31826 (0/31826/0), network size: 0, avg network size: 0, si_in_serializable: 0 0 %, local: 0 %
I0911 20:03:37.918673 2825730 Coordinator.h:126] commit: 1259968 abort: 32320 (0/32320/0), network size: 0, avg network size: 0, si_in_serializable: 0 0 %, local: 0 %
I0911 20:03:38.918792 2825730 Coordinator.h:126] commit: 1186318 abort: 30194 (0/30194/0), network size: 0, avg network size: 0, si_in_serializable: 0 0 %, local: 0 %
I0911 20:03:39.918893 2825730 Coordinator.h:126] commit: 1269813 abort: 32715 (0/32715/0), network size: 0, avg network size: 0, si_in_serializable: 0 0 %, local: 0 %
I0911 20:03:40.918994 2825730 Coordinator.h:126] commit: 1270792 abort: 32760 (0/32760/0), network size: 0, avg network size: 0, si_in_serializable: 0 0 %, local: 0 %
I0911 20:03:41.919109 2825730 Coordinator.h:126] commit: 1269989 abort: 32539 (0/32539/0), network size: 0, avg network size: 0, si_in_serializable: 0 0 %, local: 0 %
I0911 20:03:42.919224 2825730 Coordinator.h:126] commit: 1264179 abort: 32205 (0/32205/0), network size: 0, avg network size: 0, si_in_serializable: 0 0 %, local: 0 %
I0911 20:03:43.919329 2825730 Coordinator.h:126] commit: 1272042 abort: 32534 (0/32534/0), network size: 0, avg network size: 0, si_in_serializable: 0 0 %, local: 0 %
I0911 20:03:44.919435 2825730 Coordinator.h:126] commit: 1268927 abort: 32577 (0/32577/0), network size: 0, avg network size: 0, si_in_serializable: 0 0 %, local: 0 %
I0911 20:03:45.919546 2825730 Coordinator.h:126] commit: 1272298 abort: 32278 (0/32278/0), network size: 0, avg network size: 0, si_in_serializable: 0 0 %, local: 0 %
I0911 20:03:46.919642 2825730 Coordinator.h:126] commit: 1246069 abort: 31883 (0/31883/0), network size: 0, avg network size: 0, si_in_serializable: 0 0 %, local: 0 %
I0911 20:03:47.919744 2825730 Coordinator.h:126] commit: 1255891 abort: 32301 (0/32301/0), network size: 0, avg network size: 0, si_in_serializable: 0 0 %, local: 0 %
I0911 20:03:48.919857 2825730 Coordinator.h:126] commit: 1271002 abort: 32550 (0/32550/0), network size: 0, avg network size: 0, si_in_serializable: 0 0 %, local: 0 %
I0911 20:03:49.919967 2825730 Coordinator.h:126] commit: 1244716 abort: 32082 (0/32082/0), network size: 0, avg network size: 0, si_in_serializable: 0 0 %, local: 0 %
I0911 20:03:49.920011 2825730 Coordinator.h:152] average commit: 1.25356e+06 abort: 32172.7 (0/32172.7/0), network size: 0, avg network size: 0, si_in_serializable: 0 0 %, local: 0 %
I0911 20:03:49.920773 2825753 AriaExecutor.h:94] AriaExecutor 3 exits. 
I0911 20:03:49.920775 2825750 AriaExecutor.h:94] AriaExecutor 0 exits. 
I0911 20:03:49.920776 2825765 AriaExecutor.h:94] AriaExecutor 15 exits. 
I0911 20:03:49.920806 2825763 AriaExecutor.h:94] AriaExecutor 13 exits. 
I0911 20:03:49.920816 2825751 AriaExecutor.h:94] AriaExecutor 1 exits. 
I0911 20:03:49.920797 2825766 Manager.h:227] Manager(worker id = 16) on the coordinator node exits.
I0911 20:03:49.920789 2825760 AriaExecutor.h:94] AriaExecutor 10 exits. 
I0911 20:03:49.920789 2825754 AriaExecutor.h:94] AriaExecutor 4 exits. 
I0911 20:03:49.920784 2825764 AriaExecutor.h:94] AriaExecutor 14 exits. 
I0911 20:03:49.920790 2825756 AriaExecutor.h:94] AriaExecutor 6 exits. 
I0911 20:03:49.920794 2825752 AriaExecutor.h:94] AriaExecutor 2 exits. 
I0911 20:03:49.920774 2825755 AriaExecutor.h:94] AriaExecutor 5 exits. 
I0911 20:03:49.920806 2825757 AriaExecutor.h:94] AriaExecutor 7 exits. 
I0911 20:03:49.920774 2825759 AriaExecutor.h:94] AriaExecutor 9 exits. 
I0911 20:03:49.920776 2825761 AriaExecutor.h:94] AriaExecutor 11 exits. 
I0911 20:03:49.920783 2825762 AriaExecutor.h:94] AriaExecutor 12 exits. 
I0911 20:03:49.920789 2825758 AriaExecutor.h:94] AriaExecutor 8 exits. 
I0911 20:03:49.920020 2825730 AriaExecutor.h:641] Worker 0 latency: 458 us (50%) 608 us (75%) 728 us (95%) 758 us (99%).
I0911 20:03:50.005379 2825730 AriaExecutor.h:641] Worker 1 latency: 456 us (50%) 606 us (75%) 727 us (95%) 757 us (99%).
I0911 20:03:50.083503 2825730 AriaExecutor.h:641] Worker 2 latency: 461 us (50%) 609 us (75%) 728 us (95%) 758 us (99%).
I0911 20:03:50.168184 2825730 AriaExecutor.h:641] Worker 3 latency: 457 us (50%) 607 us (75%) 727 us (95%) 757 us (99%).
I0911 20:03:50.246717 2825730 AriaExecutor.h:641] Worker 4 latency: 460 us (50%) 609 us (75%) 728 us (95%) 758 us (99%).
I0911 20:03:50.333452 2825730 AriaExecutor.h:641] Worker 5 latency: 456 us (50%) 606 us (75%) 727 us (95%) 757 us (99%).
I0911 20:03:50.412810 2825730 AriaExecutor.h:641] Worker 6 latency: 461 us (50%) 609 us (75%) 728 us (95%) 758 us (99%).
I0911 20:03:50.499322 2825730 AriaExecutor.h:641] Worker 7 latency: 457 us (50%) 606 us (75%) 727 us (95%) 756 us (99%).
I0911 20:03:50.581322 2825730 AriaExecutor.h:641] Worker 8 latency: 458 us (50%) 608 us (75%) 728 us (95%) 758 us (99%).
I0911 20:03:50.666126 2825730 AriaExecutor.h:641] Worker 9 latency: 455 us (50%) 605 us (75%) 726 us (95%) 757 us (99%).
I0911 20:03:50.743620 2825730 AriaExecutor.h:641] Worker 10 latency: 460 us (50%) 608 us (75%) 728 us (95%) 758 us (99%).
I0911 20:03:50.830507 2825730 AriaExecutor.h:641] Worker 11 latency: 456 us (50%) 606 us (75%) 727 us (95%) 757 us (99%).
I0911 20:03:50.910261 2825730 AriaExecutor.h:641] Worker 12 latency: 459 us (50%) 608 us (75%) 728 us (95%) 758 us (99%).
I0911 20:03:50.995621 2825730 AriaExecutor.h:641] Worker 13 latency: 455 us (50%) 605 us (75%) 726 us (95%) 756 us (99%).
I0911 20:03:51.075014 2825730 AriaExecutor.h:641] Worker 14 latency: 461 us (50%) 609 us (75%) 728 us (95%) 758 us (99%).
I0911 20:03:51.160996 2825730 AriaExecutor.h:641] Worker 15 latency: 457 us (50%) 606 us (75%) 726 us (95%) 757 us (99%).
I0911 20:03:51.238873 2825730 Coordinator.h:177] total commit: 1.25356e+06
I0911 20:03:52.239001 2825730 Coordinator.h:192] Coordinator exits.
