I0911 19:43:49.639828 2803275 Database.h:65] ycsb initialization finished in 194 milliseconds.
I0911 19:43:49.639952 2803275 Coordinator.h:30] Coordinator initializes 16 workers.
I0911 19:43:49.647636 2803275 Coordinator.h:77] Coordinator starts to run 17 workers.
I0911 19:43:49.647711 2803295 AriaExecutor.h:82] AriaExecutor 0 started. 
I0911 19:43:49.647754 2803296 AriaExecutor.h:82] AriaExecutor 1 started. 
I0911 19:43:49.647801 2803297 AriaExecutor.h:82] AriaExecutor 2 started. 
I0911 19:43:49.647866 2803298 AriaExecutor.h:82] AriaExecutor 3 started. 
I0911 19:43:49.647895 2803299 AriaExecutor.h:82] AriaExecutor 4 started. 
I0911 19:43:49.647944 2803300 AriaExecutor.h:82] AriaExecutor 5 started. 
I0911 19:43:49.647975 2803301 AriaExecutor.h:82] AriaExecutor 6 started. 
I0911 19:43:49.648015 2803302 AriaExecutor.h:82] AriaExecutor 7 started. 
I0911 19:43:49.648056 2803303 AriaExecutor.h:82] AriaExecutor 8 started. 
I0911 19:43:49.648103 2803304 AriaExecutor.h:82] AriaExecutor 9 started. 
I0911 19:43:49.648136 2803305 AriaExecutor.h:82] AriaExecutor 10 started. 
I0911 19:43:49.648177 2803306 AriaExecutor.h:82] AriaExecutor 11 started. 
I0911 19:43:49.648213 2803307 AriaExecutor.h:82] AriaExecutor 12 started. 
I0911 19:43:49.648252 2803308 AriaExecutor.h:82] AriaExecutor 13 started. 
I0911 19:43:49.648288 2803309 AriaExecutor.h:82] AriaExecutor 14 started. 
I0911 19:43:49.648329 2803310 AriaExecutor.h:82] AriaExecutor 15 started. 
I0911 19:43:49.648370 2803311 Manager.h:224] Manager(worker id = 16) on the coordinator node started.
I0911 19:43:50.648428 2803275 Coordinator.h:126] commit: 103964 abort: 167396 (0/167396/0), network size: 0, avg network size: 0, si_in_serializable: 0 0 %, local: 0 %
I0911 19:43:51.648555 2803275 Coordinator.h:126] commit: 103765 abort: 166571 (0/166571/0), network size: 0, avg network size: 0, si_in_serializable: 0 0 %, local: 0 %
I0911 19:43:52.648669 2803275 Coordinator.h:126] commit: 100718 abort: 162450 (0/162450/0), network size: 0, avg network size: 0, si_in_serializable: 0 0 %, local: 0 %
I0911 19:43:53.648770 2803275 Coordinator.h:126] commit: 102345 abort: 163895 (0/163895/0), network size: 0, avg network size: 0, si_in_serializable: 0 0 %, local: 0 %
I0911 19:43:54.648897 2803275 Coordinator.h:126] commit: 105425 abort: 170031 (0/170031/0), network size: 0, avg network size: 0, si_in_serializable: 0 0 %, local: 0 %
I0911 19:43:55.649022 2803275 Coordinator.h:126] commit: 106162 abort: 171342 (0/171342/0), network size: 0, avg network size: 0, si_in_serializable: 0 0 %, local: 0 %
I0911 19:43:56.649108 2803275 Coordinator.h:126] commit: 106942 abort: 171586 (0/171586/0), network size: 0, avg network size: 0, si_in_serializable: 0 0 %, local: 0 %
I0911 19:43:57.649190 2803275 Coordinator.h:126] commit: 106126 abort: 170354 (0/170354/0), network size: 0, avg network size: 0, si_in_serializable: 0 0 %, local: 0 %
I0911 19:43:58.649271 2803275 Coordinator.h:126] commit: 103531 abort: 166805 (0/166805/0), network size: 0, avg network size: 0, si_in_serializable: 0 0 %, local: 0 %
I0911 19:43:59.649349 2803275 Coordinator.h:126] commit: 103825 abort: 168559 (0/168559/0), network size: 0, avg network size: 0, si_in_serializable: 0 0 %, local: 0 %
I0911 19:44:00.649425 2803275 Coordinator.h:126] commit: 105912 abort: 170568 (0/170568/0), network size: 0, avg network size: 0, si_in_serializable: 0 0 %, local: 0 %
I0911 19:44:01.649539 2803275 Coordinator.h:126] commit: 105955 abort: 170525 (0/170525/0), network size: 0, avg network size: 0, si_in_serializable: 0 0 %, local: 0 %
I0911 19:44:02.649647 2803275 Coordinator.h:126] commit: 106449 abort: 171055 (0/171055/0), network size: 0, avg network size: 0, si_in_serializable: 0 0 %, local: 0 %
I0911 19:44:03.649737 2803275 Coordinator.h:126] commit: 106798 abort: 171730 (0/171730/0), network size: 0, avg network size: 0, si_in_serializable: 0 0 %, local: 0 %
I0911 19:44:04.649821 2803275 Coordinator.h:126] commit: 106307 abort: 171197 (0/171197/0), network size: 0, avg network size: 0, si_in_serializable: 0 0 %, local: 0 %
I0911 19:44:05.649906 2803275 Coordinator.h:126] commit: 106668 abort: 171860 (0/171860/0), network size: 0, avg network size: 0, si_in_serializable: 0 0 %, local: 0 %
I0911 19:44:06.649982 2803275 Coordinator.h:126] commit: 106750 abort: 171778 (0/171778/0), network size: 0, avg network size: 0, si_in_serializable: 0 0 %, local: 0 %
I0911 19:44:07.650063 2803275 Coordinator.h:126] commit: 103680 abort: 167680 (0/167680/0), network size: 0, avg network size: 0, si_in_serializable: 0 0 %, local: 0 %
I0911 19:44:08.650146 2803275 Coordinator.h:126] commit: 106406 abort: 172122 (0/172122/0), network size: 0, avg network size: 0, si_in_serializable: 0 0 %, local: 0 %
I0911 19:44:09.650233 2803275 Coordinator.h:126] commit: 103103 abort: 166209 (0/166209/0), network size: 0, avg network size: 0, si_in_serializable: 0 0 %, local: 0 %
I0911 19:44:10.650317 2803275 Coordinator.h:126] commit: 105446 abort: 171034 (0/171034/0), network size: 0, avg network size: 0, si_in_serializable: 0 0 %, local: 0 %
I0911 19:44:11.650406 2803275 Coordinator.h:126] commit: 106594 abort: 171934 (0/171934/0), network size: 0, avg network size: 0, si_in_serializable: 0 0 %, local: 0 %
I0911 19:44:12.650535 2803275 Coordinator.h:126] commit: 106131 abort: 170349 (0/170349/0), network size: 0, avg network size: 0, si_in_serializable: 0 0 %, local: 0 %
I0911 19:44:13.650637 2803275 Coordinator.h:126] commit: 106651 abort: 170853 (0/170853/0), network size: 0, avg network size: 0, si_in_serializable: 0 0 %, local: 0 %
I0911 19:44:14.650722 2803275 Coordinator.h:126] commit: 106831 abort: 170673 (0/170673/0), network size: 0, avg network size: 0, si_in_serializable: 0 0 %, local: 0 %
I0911 19:44:14.650741 2803275 Coordinator.h:152] average commit: 105803 abort: 170472 (0/170472/0), network size: 0, avg network size: 0, si_in_serializable: 0 0 %, local: 0 %
I0911 19:44:14.653556 2803307 AriaExecutor.h:94] AriaExecutor 12 exits. 
I0911 19:44:14.653558 2803297 AriaExecutor.h:94] AriaExecutor 2 exits. 
I0911 19:44:14.653571 2803311 Manager.h:227] Manager(worker id = 16) on the coordinator node exits.
I0911 19:44:14.653561 2803309 AriaExecutor.h:94] AriaExecutor 14 exits. 
I0911 19:44:14.653590 2803306 AriaExecutor.h:94] AriaExecutor 11 exits. 
I0911 19:44:14.653575 2803308 AriaExecutor.h:94] AriaExecutor 13 exits. 
I0911 19:44:14.653575 2803310 AriaExecutor.h:94] AriaExecutor 15 exits. 
I0911 19:44:14.653576 2803304 AriaExecutor.h:94] AriaExecutor 9 exits. 
I0911 19:44:14.653565 2803299 AriaExecutor.h:94] AriaExecutor 4 exits. 
I0911 19:44:14.653576 2803300 AriaExecutor.h:94] AriaExecutor 5 exits. 
I0911 19:44:14.653565 2803305 AriaExecutor.h:94] AriaExecutor 10 exits. 
I0911 19:44:14.653558 2803295 AriaExecutor.h:94] AriaExecutor 0 exits. 
I0911 19:44:14.653568 2803301 AriaExecutor.h:94] AriaExecutor 6 exits. 
I0911 19:44:14.653563 2803303 AriaExecutor.h:94] AriaExecutor 8 exits. 
I0911 19:44:14.653580 2803296 AriaExecutor.h:94] AriaExecutor 1 exits. 
I0911 19:44:14.653576 2803298 AriaExecutor.h:94] AriaExecutor 3 exits. 
I0911 19:44:14.653576 2803302 AriaExecutor.h:94] AriaExecutor 7 exits. 
I0911 19:44:14.650753 2803275 AriaExecutor.h:535] Worker 0 latency: 3058 us (50%) 3385 us (75%) 3580 us (95%) 3689 us (99%).
I0911 19:44:14.659268 2803275 AriaExecutor.h:535] Worker 1 latency: 3054 us (50%) 3380 us (75%) 3578 us (95%) 3682 us (99%).
I0911 19:44:14.667395 2803275 AriaExecutor.h:535] Worker 2 latency: 3068 us (50%) 3388 us (75%) 3580 us (95%) 3686 us (99%).
I0911 19:44:14.675361 2803275 AriaExecutor.h:535] Worker 3 latency: 3059 us (50%) 3383 us (75%) 3579 us (95%) 3682 us (99%).
I0911 19:44:14.683451 2803275 AriaExecutor.h:535] Worker 4 latency: 3053 us (50%) 3383 us (75%) 3580 us (95%) 3685 us (99%).
I0911 19:44:14.691479 2803275 AriaExecutor.h:535] Worker 5 latency: 3051 us (50%) 3380 us (75%) 3578 us (95%) 3682 us (99%).
I0911 19:44:14.699661 2803275 AriaExecutor.h:535] Worker 6 latency: 3066 us (50%) 3387 us (75%) 3581 us (95%) 3687 us (99%).
I0911 19:44:14.707819 2803275 AriaExecutor.h:535] Worker 7 latency: 3058 us (50%) 3385 us (75%) 3580 us (95%) 3686 us (99%).
I0911 19:44:14.716032 2803275 AriaExecutor.h:535] Worker 8 latency: 3061 us (50%) 3384 us (75%) 3580 us (95%) 3687 us (99%).
I0911 19:44:14.724087 2803275 AriaExecutor.h:535] Worker 9 latency: 3053 us (50%) 3382 us (75%) 3578 us (95%) 3682 us (99%).
I0911 19:44:14.732149 2803275 AriaExecutor.h:535] Worker 10 latency: 3067 us (50%) 3386 us (75%) 3580 us (95%) 3687 us (99%).
I0911 19:44:14.740118 2803275 AriaExecutor.h:535] Worker 11 latency: 3056 us (50%) 3383 us (75%) 3578 us (95%) 3683 us (99%).
I0911 19:44:14.748203 2803275 AriaExecutor.h:535] Worker 12 latency: 3063 us (50%) 3384 us (75%) 3579 us (95%) 3683 us (99%).
I0911 19:44:14.756079 2803275 AriaExecutor.h:535] Worker 13 latency: 3048 us (50%) 3378 us (75%) 3577 us (95%) 3683 us (99%).
I0911 19:44:14.764102 2803275 AriaExecutor.h:535] Worker 14 latency: 3069 us (50%) 3388 us (75%) 3580 us (95%) 3686 us (99%).
I0911 19:44:14.771935 2803275 AriaExecutor.h:535] Worker 15 latency: 3055 us (50%) 3381 us (75%) 3577 us (95%) 3682 us (99%).
I0911 19:44:14.779853 2803275 Coordinator.h:177] total commit: 105803
I0911 19:44:15.779960 2803275 Coordinator.h:192] Coordinator exits.
