I0911 19:46:33.299566 2806044 Database.h:65] ycsb initialization finished in 193 milliseconds.
I0911 19:46:33.299683 2806044 Coordinator.h:30] Coordinator initializes 16 workers.
I0911 19:46:33.307337 2806044 Coordinator.h:77] Coordinator starts to run 17 workers.
I0911 19:46:33.307406 2806065 AriaExecutor.h:82] AriaExecutor 0 started. 
I0911 19:46:33.307443 2806066 AriaExecutor.h:82] AriaExecutor 1 started. 
I0911 19:46:33.307487 2806067 AriaExecutor.h:82] AriaExecutor 2 started. 
I0911 19:46:33.307556 2806068 AriaExecutor.h:82] AriaExecutor 3 started. 
I0911 19:46:33.307570 2806069 AriaExecutor.h:82] AriaExecutor 4 started. 
I0911 19:46:33.307632 2806070 AriaExecutor.h:82] AriaExecutor 5 started. 
I0911 19:46:33.307644 2806071 AriaExecutor.h:82] AriaExecutor 6 started. 
I0911 19:46:33.307700 2806072 AriaExecutor.h:82] AriaExecutor 7 started. 
I0911 19:46:33.307729 2806073 AriaExecutor.h:82] AriaExecutor 8 started. 
I0911 19:46:33.307773 2806074 AriaExecutor.h:82] AriaExecutor 9 started. 
I0911 19:46:33.307811 2806075 AriaExecutor.h:82] AriaExecutor 10 started. 
I0911 19:46:33.307853 2806076 AriaExecutor.h:82] AriaExecutor 11 started. 
I0911 19:46:33.307888 2806077 AriaExecutor.h:82] AriaExecutor 12 started. 
I0911 19:46:33.307938 2806078 AriaExecutor.h:82] AriaExecutor 13 started. 
I0911 19:46:33.307971 2806079 AriaExecutor.h:82] AriaExecutor 14 started. 
I0911 19:46:33.308018 2806080 AriaExecutor.h:82] AriaExecutor 15 started. 
I0911 19:46:33.308055 2806081 Manager.h:224] Manager(worker id = 16) on the coordinator node started.
I0911 19:46:34.308115 2806044 Coordinator.h:126] commit: 9283 abort: 195517 (0/195517/0), network size: 0, avg network size: 0, si_in_serializable: 0 0 %, local: 0 %
I0911 19:46:35.308264 2806044 Coordinator.h:126] commit: 9363 abort: 196461 (0/196461/0), network size: 0, avg network size: 0, si_in_serializable: 0 0 %, local: 0 %
I0911 19:46:36.308382 2806044 Coordinator.h:126] commit: 8935 abort: 189721 (0/189721/0), network size: 0, avg network size: 0, si_in_serializable: 0 0 %, local: 0 %
I0911 19:46:37.308485 2806044 Coordinator.h:126] commit: 9040 abort: 192688 (0/192688/0), network size: 0, avg network size: 0, si_in_serializable: 0 0 %, local: 0 %
I0911 19:46:38.308595 2806044 Coordinator.h:126] commit: 9376 abort: 198496 (0/198496/0), network size: 0, avg network size: 0, si_in_serializable: 0 0 %, local: 0 %
I0911 19:46:39.308682 2806044 Coordinator.h:126] commit: 9484 abort: 200436 (0/200436/0), network size: 0, avg network size: 0, si_in_serializable: 0 0 %, local: 0 %
I0911 19:46:40.308761 2806044 Coordinator.h:126] commit: 9563 abort: 202405 (0/202405/0), network size: 0, avg network size: 0, si_in_serializable: 0 0 %, local: 0 %
I0911 19:46:41.308846 2806044 Coordinator.h:126] commit: 9447 abort: 199449 (0/199449/0), network size: 0, avg network size: 0, si_in_serializable: 0 0 %, local: 0 %
I0911 19:46:42.308945 2806044 Coordinator.h:126] commit: 9266 abort: 194510 (0/194510/0), network size: 0, avg network size: 0, si_in_serializable: 0 0 %, local: 0 %
I0911 19:46:43.309046 2806044 Coordinator.h:126] commit: 9254 abort: 197594 (0/197594/0), network size: 0, avg network size: 0, si_in_serializable: 0 0 %, local: 0 %
I0911 19:46:44.309131 2806044 Coordinator.h:126] commit: 9431 abort: 201513 (0/201513/0), network size: 0, avg network size: 0, si_in_serializable: 0 0 %, local: 0 %
I0911 19:46:45.309247 2806044 Coordinator.h:126] commit: 9559 abort: 200361 (0/200361/0), network size: 0, avg network size: 0, si_in_serializable: 0 0 %, local: 0 %
I0911 19:46:46.309332 2806044 Coordinator.h:126] commit: 9573 abort: 201371 (0/201371/0), network size: 0, avg network size: 0, si_in_serializable: 0 0 %, local: 0 %
I0911 19:46:47.309410 2806044 Coordinator.h:126] commit: 9542 abort: 202426 (0/202426/0), network size: 0, avg network size: 0, si_in_serializable: 0 0 %, local: 0 %
I0911 19:46:48.309484 2806044 Coordinator.h:126] commit: 9584 abort: 201360 (0/201360/0), network size: 0, avg network size: 0, si_in_serializable: 0 0 %, local: 0 %
I0911 19:46:49.309564 2806044 Coordinator.h:126] commit: 9691 abort: 201253 (0/201253/0), network size: 0, avg network size: 0, si_in_serializable: 0 0 %, local: 0 %
I0911 19:46:50.309646 2806044 Coordinator.h:126] commit: 9680 abort: 202288 (0/202288/0), network size: 0, avg network size: 0, si_in_serializable: 0 0 %, local: 0 %
I0911 19:46:51.309726 2806044 Coordinator.h:126] commit: 9510 abort: 202458 (0/202458/0), network size: 0, avg network size: 0, si_in_serializable: 0 0 %, local: 0 %
I0911 19:46:52.309808 2806044 Coordinator.h:126] commit: 9506 abort: 202462 (0/202462/0), network size: 0, avg network size: 0, si_in_serializable: 0 0 %, local: 0 %
I0911 19:46:53.309898 2806044 Coordinator.h:126] commit: 9266 abort: 196558 (0/196558/0), network size: 0, avg network size: 0, si_in_serializable: 0 0 %, local: 0 %
I0911 19:46:54.309991 2806044 Coordinator.h:126] commit: 9466 abort: 201478 (0/201478/0), network size: 0, avg network size: 0, si_in_serializable: 0 0 %, local: 0 %
I0911 19:46:55.310071 2806044 Coordinator.h:126] commit: 9364 abort: 197484 (0/197484/0), network size: 0, avg network size: 0, si_in_serializable: 0 0 %, local: 0 %
I0911 19:46:56.310151 2806044 Coordinator.h:126] commit: 9417 abort: 201527 (0/201527/0), network size: 0, avg network size: 0, si_in_serializable: 0 0 %, local: 0 %
I0911 19:46:57.310228 2806044 Coordinator.h:126] commit: 9421 abort: 199475 (0/199475/0), network size: 0, avg network size: 0, si_in_serializable: 0 0 %, local: 0 %
I0911 19:46:58.310349 2806044 Coordinator.h:126] commit: 9464 abort: 201480 (0/201480/0), network size: 0, avg network size: 0, si_in_serializable: 0 0 %, local: 0 %
I0911 19:46:58.310380 2806044 Coordinator.h:152] average commit: 9534.2 abort: 201205 (0/201205/0), network size: 0, avg network size: 0, si_in_serializable: 0 0 %, local: 0 %
I0911 19:46:58.310390 2806044 AriaExecutor.h:535] Worker 0 latency: 4752 us (50%) 4800 us (75%) 4903 us (95%) 5361 us (99%).
I0911 19:46:58.315119 2806081 Manager.h:227] Manager(worker id = 16) on the coordinator node exits.
I0911 19:46:58.315133 2806067 AriaExecutor.h:94] AriaExecutor 2 exits. 
I0911 19:46:58.315131 2806075 AriaExecutor.h:94] AriaExecutor 10 exits. 
I0911 19:46:58.315138 2806080 AriaExecutor.h:94] AriaExecutor 15 exits. 
I0911 19:46:58.315133 2806069 AriaExecutor.h:94] AriaExecutor 4 exits. 
I0911 19:46:58.315133 2806073 AriaExecutor.h:94] AriaExecutor 8 exits. 
I0911 19:46:58.315171 2806072 AriaExecutor.h:94] AriaExecutor 7 exits. 
I0911 19:46:58.315135 2806065 AriaExecutor.h:94] AriaExecutor 0 exits. 
I0911 19:46:58.315121 2806077 AriaExecutor.h:94] AriaExecutor 12 exits. 
I0911 19:46:58.315137 2806074 AriaExecutor.h:94] AriaExecutor 9 exits. 
I0911 19:46:58.315136 2806078 AriaExecutor.h:94] AriaExecutor 13 exits. 
I0911 19:46:58.315140 2806066 AriaExecutor.h:94] AriaExecutor 1 exits. 
I0911 19:46:58.315140 2806070 AriaExecutor.h:94] AriaExecutor 5 exits. 
I0911 19:46:58.315140 2806076 AriaExecutor.h:94] AriaExecutor 11 exits. 
I0911 19:46:58.315140 2806068 AriaExecutor.h:94] AriaExecutor 3 exits. 
I0911 19:46:58.315122 2806071 AriaExecutor.h:94] AriaExecutor 6 exits. 
I0911 19:46:58.315132 2806079 AriaExecutor.h:94] AriaExecutor 14 exits. 
I0911 19:46:58.315418 2806044 AriaExecutor.h:535] Worker 1 latency: 4749 us (50%) 4798 us (75%) 4902 us (95%) 5344 us (99%).
I0911 19:46:58.316226 2806044 AriaExecutor.h:535] Worker 2 latency: 4752 us (50%) 4800 us (75%) 4902 us (95%) 5422 us (99%).
I0911 19:46:58.316991 2806044 AriaExecutor.h:535] Worker 3 latency: 4750 us (50%) 4798 us (75%) 4904 us (95%) 5420 us (99%).
I0911 19:46:58.317840 2806044 AriaExecutor.h:535] Worker 4 latency: 4750 us (50%) 4798 us (75%) 4899 us (95%) 5362 us (99%).
I0911 19:46:58.318630 2806044 AriaExecutor.h:535] Worker 5 latency: 4748 us (50%) 4796 us (75%) 4896 us (95%) 5421 us (99%).
I0911 19:46:58.319437 2806044 AriaExecutor.h:535] Worker 6 latency: 4750 us (50%) 4799 us (75%) 4905 us (95%) 5432 us (99%).
I0911 19:46:58.320152 2806044 AriaExecutor.h:535] Worker 7 latency: 4748 us (50%) 4798 us (75%) 4904 us (95%) 5441 us (99%).
I0911 19:46:58.320912 2806044 AriaExecutor.h:535] Worker 8 latency: 4749 us (50%) 4799 us (75%) 4903 us (95%) 5326 us (99%).
I0911 19:46:58.321619 2806044 AriaExecutor.h:535] Worker 9 latency: 4745 us (50%) 4795 us (75%) 4900 us (95%) 5473 us (99%).
I0911 19:46:58.322448 2806044 AriaExecutor.h:535] Worker 10 latency: 4748 us (50%) 4797 us (75%) 4900 us (95%) 5303 us (99%).
I0911 19:46:58.323097 2806044 AriaExecutor.h:535] Worker 11 latency: 4745 us (50%) 4794 us (75%) 4897 us (95%) 5410 us (99%).
I0911 19:46:58.323802 2806044 AriaExecutor.h:535] Worker 12 latency: 4744 us (50%) 4796 us (75%) 4903 us (95%) 5388 us (99%).
I0911 19:46:58.324447 2806044 AriaExecutor.h:535] Worker 13 latency: 4743 us (50%) 4795 us (75%) 4897 us (95%) 5434 us (99%).
I0911 19:46:58.325134 2806044 AriaExecutor.h:535] Worker 14 latency: 4745 us (50%) 4796 us (75%) 4897 us (95%) 5372 us (99%).
I0911 19:46:58.325745 2806044 AriaExecutor.h:535] Worker 15 latency: 4744 us (50%) 4795 us (75%) 4897 us (95%) 5390 us (99%).
I0911 19:46:58.326413 2806044 Coordinator.h:177] total commit: 9534.2
I0911 19:46:59.326524 2806044 Coordinator.h:192] Coordinator exits.
