I0911 19:35:08.772014 2794000 Database.h:65] ycsb initialization finished in 161 milliseconds.
I0911 19:35:08.772130 2794000 Coordinator.h:30] Coordinator initializes 16 workers.
I0911 19:35:08.779829 2794000 Coordinator.h:77] Coordinator starts to run 17 workers.
I0911 19:35:08.779891 2794023 AriaExecutor.h:82] AriaExecutor 0 started. 
I0911 19:35:08.779922 2794024 AriaExecutor.h:82] AriaExecutor 1 started. 
I0911 19:35:08.779963 2794025 AriaExecutor.h:82] AriaExecutor 2 started. 
I0911 19:35:08.780030 2794026 AriaExecutor.h:82] AriaExecutor 3 started. 
I0911 19:35:08.780068 2794027 AriaExecutor.h:82] AriaExecutor 4 started. 
I0911 19:35:08.780114 2794028 AriaExecutor.h:82] AriaExecutor 5 started. 
I0911 19:35:08.780141 2794029 AriaExecutor.h:82] AriaExecutor 6 started. 
I0911 19:35:08.780184 2794030 AriaExecutor.h:82] AriaExecutor 7 started. 
I0911 19:35:08.780218 2794031 AriaExecutor.h:82] AriaExecutor 8 started. 
I0911 19:35:08.780256 2794032 AriaExecutor.h:82] AriaExecutor 9 started. 
I0911 19:35:08.780287 2794033 AriaExecutor.h:82] AriaExecutor 10 started. 
I0911 19:35:08.780335 2794034 AriaExecutor.h:82] AriaExecutor 11 started. 
I0911 19:35:08.780373 2794035 AriaExecutor.h:82] AriaExecutor 12 started. 
I0911 19:35:08.780411 2794036 AriaExecutor.h:82] AriaExecutor 13 started. 
I0911 19:35:08.780452 2794037 AriaExecutor.h:82] AriaExecutor 14 started. 
I0911 19:35:08.780511 2794038 AriaExecutor.h:82] AriaExecutor 15 started. 
I0911 19:35:08.780545 2794039 Manager.h:224] Manager(worker id = 16) on the coordinator node started.
I0911 19:35:09.780586 2794000 Coordinator.h:126] commit: 1109524 abort: 4588 (0/4588/0), network size: 0, avg network size: 0, si_in_serializable: 0 0 %, local: 0 %
I0911 19:35:10.780689 2794000 Coordinator.h:126] commit: 1102564 abort: 4533 (0/4533/0), network size: 0, avg network size: 0, si_in_serializable: 0 0 %, local: 0 %
I0911 19:35:11.780767 2794000 Coordinator.h:126] commit: 1065587 abort: 4340 (0/4340/0), network size: 0, avg network size: 0, si_in_serializable: 0 0 %, local: 0 %
I0911 19:35:12.780869 2794000 Coordinator.h:126] commit: 1077071 abort: 4273 (0/4273/0), network size: 0, avg network size: 0, si_in_serializable: 0 0 %, local: 0 %
I0911 19:35:13.780966 2794000 Coordinator.h:126] commit: 1096378 abort: 4447 (0/4447/0), network size: 0, avg network size: 0, si_in_serializable: 0 0 %, local: 0 %
I0911 19:35:14.781033 2794000 Coordinator.h:126] commit: 1126889 abort: 4606 (0/4606/0), network size: 0, avg network size: 0, si_in_serializable: 0 0 %, local: 0 %
I0911 19:35:15.781102 2794000 Coordinator.h:126] commit: 1106453 abort: 4587 (0/4587/0), network size: 0, avg network size: 0, si_in_serializable: 0 0 %, local: 0 %
I0911 19:35:16.781163 2794000 Coordinator.h:126] commit: 1103548 abort: 4420 (0/4420/0), network size: 0, avg network size: 0, si_in_serializable: 0 0 %, local: 0 %
I0911 19:35:17.781225 2794000 Coordinator.h:126] commit: 1103496 abort: 4472 (0/4472/0), network size: 0, avg network size: 0, si_in_serializable: 0 0 %, local: 0 %
I0911 19:35:18.781286 2794000 Coordinator.h:126] commit: 1104509 abort: 4483 (0/4483/0), network size: 0, avg network size: 0, si_in_serializable: 0 0 %, local: 0 %
I0911 19:35:19.781360 2794000 Coordinator.h:126] commit: 1107519 abort: 4545 (0/4545/0), network size: 0, avg network size: 0, si_in_serializable: 0 0 %, local: 0 %
I0911 19:35:20.781420 2794000 Coordinator.h:126] commit: 1093302 abort: 4426 (0/4426/0), network size: 0, avg network size: 0, si_in_serializable: 0 0 %, local: 0 %
I0911 19:35:21.781483 2794000 Coordinator.h:126] commit: 1106456 abort: 4584 (0/4584/0), network size: 0, avg network size: 0, si_in_serializable: 0 0 %, local: 0 %
I0911 19:35:22.781548 2794000 Coordinator.h:126] commit: 1110642 abort: 4494 (0/4494/0), network size: 0, avg network size: 0, si_in_serializable: 0 0 %, local: 0 %
I0911 19:35:23.781617 2794000 Coordinator.h:126] commit: 1116764 abort: 4516 (0/4516/0), network size: 0, avg network size: 0, si_in_serializable: 0 0 %, local: 0 %
I0911 19:35:24.781702 2794000 Coordinator.h:126] commit: 1078949 abort: 4443 (0/4443/0), network size: 0, avg network size: 0, si_in_serializable: 0 0 %, local: 0 %
I0911 19:35:25.781769 2794000 Coordinator.h:126] commit: 1124840 abort: 4632 (0/4632/0), network size: 0, avg network size: 0, si_in_serializable: 0 0 %, local: 0 %
I0911 19:35:26.781831 2794000 Coordinator.h:126] commit: 1120808 abort: 4568 (0/4568/0), network size: 0, avg network size: 0, si_in_serializable: 0 0 %, local: 0 %
I0911 19:35:27.781905 2794000 Coordinator.h:126] commit: 1122846 abort: 4578 (0/4578/0), network size: 0, avg network size: 0, si_in_serializable: 0 0 %, local: 0 %
I0911 19:35:28.781965 2794000 Coordinator.h:126] commit: 1121699 abort: 4701 (0/4701/0), network size: 0, avg network size: 0, si_in_serializable: 0 0 %, local: 0 %
I0911 19:35:29.782037 2794000 Coordinator.h:126] commit: 1123824 abort: 4624 (0/4624/0), network size: 0, avg network size: 0, si_in_serializable: 0 0 %, local: 0 %
I0911 19:35:30.782101 2794000 Coordinator.h:126] commit: 1110684 abort: 4452 (0/4452/0), network size: 0, avg network size: 0, si_in_serializable: 0 0 %, local: 0 %
I0911 19:35:31.782176 2794000 Coordinator.h:126] commit: 1124912 abort: 4560 (0/4560/0), network size: 0, avg network size: 0, si_in_serializable: 0 0 %, local: 0 %
I0911 19:35:32.782254 2794000 Coordinator.h:126] commit: 1121794 abort: 4606 (0/4606/0), network size: 0, avg network size: 0, si_in_serializable: 0 0 %, local: 0 %
I0911 19:35:33.782326 2794000 Coordinator.h:126] commit: 1110659 abort: 4477 (0/4477/0), network size: 0, avg network size: 0, si_in_serializable: 0 0 %, local: 0 %
I0911 19:35:33.782353 2794000 Coordinator.h:152] average commit: 1.11038e+06 abort: 4548.7 (0/4548.7/0), network size: 0, avg network size: 0, si_in_serializable: 0 0 %, local: 0 %
I0911 19:35:33.782665 2794039 Manager.h:227] Manager(worker id = 16) on the coordinator node exits.
I0911 19:35:33.782672 2794023 AriaExecutor.h:94] AriaExecutor 0 exits. 
I0911 19:35:33.782666 2794033 AriaExecutor.h:94] AriaExecutor 10 exits. 
I0911 19:35:33.782668 2794027 AriaExecutor.h:94] AriaExecutor 4 exits. 
I0911 19:35:33.782691 2794038 AriaExecutor.h:94] AriaExecutor 15 exits. 
I0911 19:35:33.782701 2794030 AriaExecutor.h:94] AriaExecutor 7 exits. 
I0911 19:35:33.782668 2794029 AriaExecutor.h:94] AriaExecutor 6 exits. 
I0911 19:35:33.782675 2794031 AriaExecutor.h:94] AriaExecutor 8 exits. 
I0911 19:35:33.782694 2794024 AriaExecutor.h:94] AriaExecutor 1 exits. 
I0911 19:35:33.782691 2794034 AriaExecutor.h:94] AriaExecutor 11 exits. 
I0911 19:35:33.782670 2794025 AriaExecutor.h:94] AriaExecutor 2 exits. 
I0911 19:35:33.782691 2794032 AriaExecutor.h:94] AriaExecutor 9 exits. 
I0911 19:35:33.782671 2794037 AriaExecutor.h:94] AriaExecutor 14 exits. 
I0911 19:35:33.782670 2794035 AriaExecutor.h:94] AriaExecutor 12 exits. 
I0911 19:35:33.782692 2794026 AriaExecutor.h:94] AriaExecutor 3 exits. 
I0911 19:35:33.782696 2794028 AriaExecutor.h:94] AriaExecutor 5 exits. 
I0911 19:35:33.782692 2794036 AriaExecutor.h:94] AriaExecutor 13 exits. 
I0911 19:35:33.782362 2794000 AriaExecutor.h:535] Worker 0 latency: 568 us (50%) 720 us (75%) 841 us (95%) 909 us (99%).
I0911 19:35:33.847730 2794000 AriaExecutor.h:535] Worker 1 latency: 569 us (50%) 719 us (75%) 840 us (95%) 903 us (99%).
I0911 19:35:33.913245 2794000 AriaExecutor.h:535] Worker 2 latency: 573 us (50%) 722 us (75%) 841 us (95%) 911 us (99%).
I0911 19:35:33.979470 2794000 AriaExecutor.h:535] Worker 3 latency: 569 us (50%) 719 us (75%) 840 us (95%) 900 us (99%).
I0911 19:35:34.045238 2794000 AriaExecutor.h:535] Worker 4 latency: 571 us (50%) 721 us (75%) 841 us (95%) 909 us (99%).
I0911 19:35:34.110327 2794000 AriaExecutor.h:535] Worker 5 latency: 567 us (50%) 717 us (75%) 839 us (95%) 880 us (99%).
I0911 19:35:34.175230 2794000 AriaExecutor.h:535] Worker 6 latency: 573 us (50%) 722 us (75%) 841 us (95%) 910 us (99%).
I0911 19:35:34.239573 2794000 AriaExecutor.h:535] Worker 7 latency: 569 us (50%) 719 us (75%) 840 us (95%) 903 us (99%).
I0911 19:35:34.304800 2794000 AriaExecutor.h:535] Worker 8 latency: 569 us (50%) 719 us (75%) 841 us (95%) 907 us (99%).
I0911 19:35:34.369309 2794000 AriaExecutor.h:535] Worker 9 latency: 568 us (50%) 718 us (75%) 840 us (95%) 905 us (99%).
I0911 19:35:34.437559 2794000 AriaExecutor.h:535] Worker 10 latency: 572 us (50%) 721 us (75%) 841 us (95%) 909 us (99%).
I0911 19:35:34.501188 2794000 AriaExecutor.h:535] Worker 11 latency: 569 us (50%) 718 us (75%) 840 us (95%) 905 us (99%).
I0911 19:35:34.567011 2794000 AriaExecutor.h:535] Worker 12 latency: 571 us (50%) 721 us (75%) 841 us (95%) 909 us (99%).
I0911 19:35:34.631168 2794000 AriaExecutor.h:535] Worker 13 latency: 567 us (50%) 718 us (75%) 840 us (95%) 904 us (99%).
I0911 19:35:34.698378 2794000 AriaExecutor.h:535] Worker 14 latency: 573 us (50%) 721 us (75%) 841 us (95%) 910 us (99%).
I0911 19:35:34.763164 2794000 AriaExecutor.h:535] Worker 15 latency: 569 us (50%) 718 us (75%) 840 us (95%) 906 us (99%).
I0911 19:35:34.829365 2794000 Coordinator.h:177] total commit: 1.11038e+06
I0911 19:35:35.829476 2794000 Coordinator.h:192] Coordinator exits.
