I0911 19:37:52.915419 2796591 Database.h:65] ycsb initialization finished in 147 milliseconds.
I0911 19:37:52.915549 2796591 Coordinator.h:30] Coordinator initializes 16 workers.
I0911 19:37:52.923391 2796591 Coordinator.h:77] Coordinator starts to run 17 workers.
I0911 19:37:52.923491 2796611 AriaExecutor.h:82] AriaExecutor 0 started. 
I0911 19:37:52.923513 2796612 AriaExecutor.h:82] AriaExecutor 1 started. 
I0911 19:37:52.923578 2796613 AriaExecutor.h:82] AriaExecutor 2 started. 
I0911 19:37:52.923609 2796614 AriaExecutor.h:82] AriaExecutor 3 started. 
I0911 19:37:52.923648 2796615 AriaExecutor.h:82] AriaExecutor 4 started. 
I0911 19:37:52.923686 2796616 AriaExecutor.h:82] AriaExecutor 5 started. 
I0911 19:37:52.923709 2796617 AriaExecutor.h:82] AriaExecutor 6 started. 
I0911 19:37:52.923754 2796618 AriaExecutor.h:82] AriaExecutor 7 started. 
I0911 19:37:52.923769 2796619 AriaExecutor.h:82] AriaExecutor 8 started. 
I0911 19:37:52.923830 2796620 AriaExecutor.h:82] AriaExecutor 9 started. 
I0911 19:37:52.923840 2796621 AriaExecutor.h:82] AriaExecutor 10 started. 
I0911 19:37:52.923887 2796622 AriaExecutor.h:82] AriaExecutor 11 started. 
I0911 19:37:52.923906 2796623 AriaExecutor.h:82] AriaExecutor 12 started. 
I0911 19:37:52.923952 2796624 AriaExecutor.h:82] AriaExecutor 13 started. 
I0911 19:37:52.923967 2796625 AriaExecutor.h:82] AriaExecutor 14 started. 
I0911 19:37:52.924017 2796626 AriaExecutor.h:82] AriaExecutor 15 started. 
I0911 19:37:52.924037 2796627 Manager.h:224] Manager(worker id = 16) on the coordinator node started.
I0911 19:37:53.924072 2796591 Coordinator.h:126] commit: 1308650 abort: 1046 (0/1046/0), network size: 0, avg network size: 0, si_in_serializable: 0 0 %, local: 0 %
I0911 19:37:54.924190 2796591 Coordinator.h:126] commit: 1291307 abort: 981 (0/981/0), network size: 0, avg network size: 0, si_in_serializable: 0 0 %, local: 0 %
I0911 19:37:55.924295 2796591 Coordinator.h:126] commit: 1258606 abort: 914 (0/914/0), network size: 0, avg network size: 0, si_in_serializable: 0 0 %, local: 0 %
I0911 19:37:56.924383 2796591 Coordinator.h:126] commit: 1262614 abort: 1002 (0/1002/0), network size: 0, avg network size: 0, si_in_serializable: 0 0 %, local: 0 %
I0911 19:37:57.924666 2796591 Coordinator.h:126] commit: 1311715 abort: 1053 (0/1053/0), network size: 0, avg network size: 0, si_in_serializable: 0 0 %, local: 0 %
I0911 19:37:58.924780 2796591 Coordinator.h:126] commit: 1316809 abort: 1079 (0/1079/0), network size: 0, avg network size: 0, si_in_serializable: 0 0 %, local: 0 %
I0911 19:37:59.924880 2796591 Coordinator.h:126] commit: 1308648 abort: 1048 (0/1048/0), network size: 0, avg network size: 0, si_in_serializable: 0 0 %, local: 0 %
I0911 19:38:00.924968 2796591 Coordinator.h:126] commit: 1312757 abort: 1035 (0/1035/0), network size: 0, avg network size: 0, si_in_serializable: 0 0 %, local: 0 %
I0911 19:38:01.925064 2796591 Coordinator.h:126] commit: 1320935 abort: 1049 (0/1049/0), network size: 0, avg network size: 0, si_in_serializable: 0 0 %, local: 0 %
I0911 19:38:02.925169 2796591 Coordinator.h:126] commit: 1318972 abort: 964 (0/964/0), network size: 0, avg network size: 0, si_in_serializable: 0 0 %, local: 0 %
I0911 19:38:03.925267 2796591 Coordinator.h:126] commit: 1285101 abort: 1043 (0/1043/0), network size: 0, avg network size: 0, si_in_serializable: 0 0 %, local: 0 %
I0911 19:38:04.925356 2796591 Coordinator.h:126] commit: 1275921 abort: 1007 (0/1007/0), network size: 0, avg network size: 0, si_in_serializable: 0 0 %, local: 0 %
I0911 19:38:05.925493 2796591 Coordinator.h:126] commit: 1277950 abort: 1026 (0/1026/0), network size: 0, avg network size: 0, si_in_serializable: 0 0 %, local: 0 %
I0911 19:38:06.925612 2796591 Coordinator.h:126] commit: 1311729 abort: 1039 (0/1039/0), network size: 0, avg network size: 0, si_in_serializable: 0 0 %, local: 0 %
I0911 19:38:07.925714 2796591 Coordinator.h:126] commit: 1317891 abort: 1021 (0/1021/0), network size: 0, avg network size: 0, si_in_serializable: 0 0 %, local: 0 %
I0911 19:38:08.925810 2796591 Coordinator.h:126] commit: 1319909 abort: 1051 (0/1051/0), network size: 0, avg network size: 0, si_in_serializable: 0 0 %, local: 0 %
I0911 19:38:09.925901 2796591 Coordinator.h:126] commit: 1317864 abort: 1048 (0/1048/0), network size: 0, avg network size: 0, si_in_serializable: 0 0 %, local: 0 %
I0911 19:38:10.925981 2796591 Coordinator.h:126] commit: 1316898 abort: 990 (0/990/0), network size: 0, avg network size: 0, si_in_serializable: 0 0 %, local: 0 %
I0911 19:38:11.926070 2796591 Coordinator.h:126] commit: 1312760 abort: 1032 (0/1032/0), network size: 0, avg network size: 0, si_in_serializable: 0 0 %, local: 0 %
I0911 19:38:12.926183 2796591 Coordinator.h:126] commit: 1319909 abort: 1051 (0/1051/0), network size: 0, avg network size: 0, si_in_serializable: 0 0 %, local: 0 %
I0911 19:38:13.926290 2796591 Coordinator.h:126] commit: 1316839 abort: 1049 (0/1049/0), network size: 0, avg network size: 0, si_in_serializable: 0 0 %, local: 0 %
I0911 19:38:14.926390 2796591 Coordinator.h:126] commit: 1295416 abort: 968 (0/968/0), network size: 0, avg network size: 0, si_in_serializable: 0 0 %, local: 0 %
I0911 19:38:15.926483 2796591 Coordinator.h:126] commit: 1316784 abort: 1104 (0/1104/0), network size: 0, avg network size: 0, si_in_serializable: 0 0 %, local: 0 %
I0911 19:38:16.926592 2796591 Coordinator.h:126] commit: 1285131 abort: 1013 (0/1013/0), network size: 0, avg network size: 0, si_in_serializable: 0 0 %, local: 0 %
I0911 19:38:17.926723 2796591 Coordinator.h:126] commit: 1296383 abort: 1025 (0/1025/0), network size: 0, avg network size: 0, si_in_serializable: 0 0 %, local: 0 %
I0911 19:38:17.926769 2796591 Coordinator.h:152] average commit: 1.30559e+06 abort: 1030.8 (0/1030.8/0), network size: 0, avg network size: 0, si_in_serializable: 0 0 %, local: 0 %
I0911 19:38:17.927143 2796622 AriaExecutor.h:94] AriaExecutor 11 exits. 
I0911 19:38:17.927150 2796616 AriaExecutor.h:94] AriaExecutor 5 exits. 
I0911 19:38:17.927147 2796614 AriaExecutor.h:94] AriaExecutor 3 exits. 
I0911 19:38:17.927146 2796626 AriaExecutor.h:94] AriaExecutor 15 exits. 
I0911 19:38:17.927157 2796621 AriaExecutor.h:94] AriaExecutor 10 exits. 
I0911 19:38:17.927155 2796612 AriaExecutor.h:94] AriaExecutor 1 exits. 
I0911 19:38:17.927160 2796613 AriaExecutor.h:94] AriaExecutor 2 exits. 
I0911 19:38:17.927166 2796623 AriaExecutor.h:94] AriaExecutor 12 exits. 
I0911 19:38:17.927150 2796618 AriaExecutor.h:94] AriaExecutor 7 exits. 
I0911 19:38:17.927150 2796611 AriaExecutor.h:94] AriaExecutor 0 exits. 
I0911 19:38:17.927166 2796619 AriaExecutor.h:94] AriaExecutor 8 exits. 
I0911 19:38:17.927160 2796617 AriaExecutor.h:94] AriaExecutor 6 exits. 
I0911 19:38:17.927182 2796615 AriaExecutor.h:94] AriaExecutor 4 exits. 
I0911 19:38:17.927166 2796625 AriaExecutor.h:94] AriaExecutor 14 exits. 
I0911 19:38:17.927170 2796624 AriaExecutor.h:94] AriaExecutor 13 exits. 
I0911 19:38:17.927145 2796620 AriaExecutor.h:94] AriaExecutor 9 exits. 
I0911 19:38:17.927160 2796627 Manager.h:227] Manager(worker id = 16) on the coordinator node exits.
I0911 19:38:17.926779 2796591 AriaExecutor.h:535] Worker 0 latency: 442 us (50%) 596 us (75%) 720 us (95%) 749 us (99%).
I0911 19:38:18.014847 2796591 AriaExecutor.h:535] Worker 1 latency: 440 us (50%) 593 us (75%) 719 us (95%) 748 us (99%).
I0911 19:38:18.093750 2796591 AriaExecutor.h:535] Worker 2 latency: 444 us (50%) 597 us (75%) 720 us (95%) 749 us (99%).
I0911 19:38:18.180437 2796591 AriaExecutor.h:535] Worker 3 latency: 439 us (50%) 594 us (75%) 719 us (95%) 748 us (99%).
I0911 19:38:18.259362 2796591 AriaExecutor.h:535] Worker 4 latency: 443 us (50%) 596 us (75%) 720 us (95%) 749 us (99%).
I0911 19:38:18.348054 2796591 AriaExecutor.h:535] Worker 5 latency: 439 us (50%) 593 us (75%) 719 us (95%) 748 us (99%).
I0911 19:38:18.428088 2796591 AriaExecutor.h:535] Worker 6 latency: 444 us (50%) 597 us (75%) 720 us (95%) 749 us (99%).
I0911 19:38:18.515144 2796591 AriaExecutor.h:535] Worker 7 latency: 440 us (50%) 594 us (75%) 719 us (95%) 748 us (99%).
I0911 19:38:18.595113 2796591 AriaExecutor.h:535] Worker 8 latency: 442 us (50%) 595 us (75%) 719 us (95%) 749 us (99%).
I0911 19:38:18.683369 2796591 AriaExecutor.h:535] Worker 9 latency: 439 us (50%) 593 us (75%) 719 us (95%) 748 us (99%).
I0911 19:38:18.763712 2796591 AriaExecutor.h:535] Worker 10 latency: 444 us (50%) 596 us (75%) 720 us (95%) 749 us (99%).
I0911 19:38:18.850293 2796591 AriaExecutor.h:535] Worker 11 latency: 440 us (50%) 593 us (75%) 719 us (95%) 748 us (99%).
I0911 19:38:18.929589 2796591 AriaExecutor.h:535] Worker 12 latency: 444 us (50%) 596 us (75%) 720 us (95%) 749 us (99%).
I0911 19:38:19.017805 2796591 AriaExecutor.h:535] Worker 13 latency: 439 us (50%) 593 us (75%) 719 us (95%) 748 us (99%).
I0911 19:38:19.098047 2796591 AriaExecutor.h:535] Worker 14 latency: 445 us (50%) 597 us (75%) 720 us (95%) 749 us (99%).
I0911 19:38:19.185460 2796591 AriaExecutor.h:535] Worker 15 latency: 440 us (50%) 593 us (75%) 718 us (95%) 748 us (99%).
I0911 19:38:19.267379 2796591 Coordinator.h:177] total commit: 1.30559e+06
I0911 19:38:20.267499 2796591 Coordinator.h:192] Coordinator exits.
