I0911 19:46:05.621892 2805699 Database.h:65] ycsb initialization finished in 147 milliseconds.
I0911 19:46:05.622001 2805699 Coordinator.h:30] Coordinator initializes 16 workers.
I0911 19:46:05.629804 2805699 Coordinator.h:77] Coordinator starts to run 17 workers.
I0911 19:46:05.629868 2805719 AriaExecutor.h:82] AriaExecutor 0 started. 
I0911 19:46:05.629899 2805720 AriaExecutor.h:82] AriaExecutor 1 started. 
I0911 19:46:05.629952 2805721 AriaExecutor.h:82] AriaExecutor 2 started. 
I0911 19:46:05.630015 2805722 AriaExecutor.h:82] AriaExecutor 3 started. 
I0911 19:46:05.630029 2805723 AriaExecutor.h:82] AriaExecutor 4 started. 
I0911 19:46:05.630089 2805724 AriaExecutor.h:82] AriaExecutor 5 started. 
I0911 19:46:05.630106 2805725 AriaExecutor.h:82] AriaExecutor 6 started. 
I0911 19:46:05.630172 2805726 AriaExecutor.h:82] AriaExecutor 7 started. 
I0911 19:46:05.630192 2805727 AriaExecutor.h:82] AriaExecutor 8 started. 
I0911 19:46:05.630246 2805728 AriaExecutor.h:82] AriaExecutor 9 started. 
I0911 19:46:05.630278 2805729 AriaExecutor.h:82] AriaExecutor 10 started. 
I0911 19:46:05.630331 2805730 AriaExecutor.h:82] AriaExecutor 11 started. 
I0911 19:46:05.630365 2805731 AriaExecutor.h:82] AriaExecutor 12 started. 
I0911 19:46:05.630415 2805732 AriaExecutor.h:82] AriaExecutor 13 started. 
I0911 19:46:05.630457 2805733 AriaExecutor.h:82] AriaExecutor 14 started. 
I0911 19:46:05.630498 2805734 AriaExecutor.h:82] AriaExecutor 15 started. 
I0911 19:46:05.630535 2805735 Manager.h:224] Manager(worker id = 16) on the coordinator node started.
I0911 19:46:06.630592 2805699 Coordinator.h:126] commit: 991433 abort: 126775 (0/126775/0), network size: 0, avg network size: 0, si_in_serializable: 0 0 %, local: 0 %
I0911 19:46:07.630712 2805699 Coordinator.h:126] commit: 982622 abort: 125346 (0/125346/0), network size: 0, avg network size: 0, si_in_serializable: 0 0 %, local: 0 %
I0911 19:46:08.630820 2805699 Coordinator.h:126] commit: 949072 abort: 121008 (0/121008/0), network size: 0, avg network size: 0, si_in_serializable: 0 0 %, local: 0 %
I0911 19:46:09.630920 2805699 Coordinator.h:126] commit: 964643 abort: 122845 (0/122845/0), network size: 0, avg network size: 0, si_in_serializable: 0 0 %, local: 0 %
I0911 19:46:10.631023 2805699 Coordinator.h:126] commit: 980048 abort: 124848 (0/124848/0), network size: 0, avg network size: 0, si_in_serializable: 0 0 %, local: 0 %
I0911 19:46:11.631110 2805699 Coordinator.h:126] commit: 999526 abort: 127898 (0/127898/0), network size: 0, avg network size: 0, si_in_serializable: 0 0 %, local: 0 %
I0911 19:46:12.631198 2805699 Coordinator.h:126] commit: 1000876 abort: 127572 (0/127572/0), network size: 0, avg network size: 0, si_in_serializable: 0 0 %, local: 0 %
I0911 19:46:13.631285 2805699 Coordinator.h:126] commit: 999209 abort: 127191 (0/127191/0), network size: 0, avg network size: 0, si_in_serializable: 0 0 %, local: 0 %
I0911 19:46:14.631363 2805699 Coordinator.h:126] commit: 935316 abort: 119404 (0/119404/0), network size: 0, avg network size: 0, si_in_serializable: 0 0 %, local: 0 %
I0911 19:46:15.631445 2805699 Coordinator.h:126] commit: 1001460 abort: 126988 (0/126988/0), network size: 0, avg network size: 0, si_in_serializable: 0 0 %, local: 0 %
I0911 19:46:16.631529 2805699 Coordinator.h:126] commit: 972650 abort: 124397 (0/124397/0), network size: 0, avg network size: 0, si_in_serializable: 0 0 %, local: 0 %
I0911 19:46:17.631616 2805699 Coordinator.h:126] commit: 985785 abort: 125936 (0/125936/0), network size: 0, avg network size: 0, si_in_serializable: 0 0 %, local: 0 %
I0911 19:46:18.631719 2805699 Coordinator.h:126] commit: 997711 abort: 127665 (0/127665/0), network size: 0, avg network size: 0, si_in_serializable: 0 0 %, local: 0 %
I0911 19:46:19.631803 2805699 Coordinator.h:126] commit: 998535 abort: 126841 (0/126841/0), network size: 0, avg network size: 0, si_in_serializable: 0 0 %, local: 0 %
I0911 19:46:20.631886 2805699 Coordinator.h:126] commit: 1003229 abort: 127267 (0/127267/0), network size: 0, avg network size: 0, si_in_serializable: 0 0 %, local: 0 %
I0911 19:46:21.631966 2805699 Coordinator.h:126] commit: 1000669 abort: 127779 (0/127779/0), network size: 0, avg network size: 0, si_in_serializable: 0 0 %, local: 0 %
I0911 19:46:22.632047 2805699 Coordinator.h:126] commit: 987208 abort: 125880 (0/125880/0), network size: 0, avg network size: 0, si_in_serializable: 0 0 %, local: 0 %
I0911 19:46:23.632138 2805699 Coordinator.h:126] commit: 918822 abort: 117466 (0/117466/0), network size: 0, avg network size: 0, si_in_serializable: 0 0 %, local: 0 %
I0911 19:46:24.632232 2805699 Coordinator.h:126] commit: 960778 abort: 122614 (0/122614/0), network size: 0, avg network size: 0, si_in_serializable: 0 0 %, local: 0 %
I0911 19:46:25.632340 2805699 Coordinator.h:126] commit: 1002189 abort: 127283 (0/127283/0), network size: 0, avg network size: 0, si_in_serializable: 0 0 %, local: 0 %
I0911 19:46:26.632431 2805699 Coordinator.h:126] commit: 977972 abort: 124876 (0/124876/0), network size: 0, avg network size: 0, si_in_serializable: 0 0 %, local: 0 %
I0911 19:46:27.632544 2805699 Coordinator.h:126] commit: 996497 abort: 126831 (0/126831/0), network size: 0, avg network size: 0, si_in_serializable: 0 0 %, local: 0 %
I0911 19:46:28.632632 2805699 Coordinator.h:126] commit: 1000879 abort: 127569 (0/127569/0), network size: 0, avg network size: 0, si_in_serializable: 0 0 %, local: 0 %
I0911 19:46:29.632718 2805699 Coordinator.h:126] commit: 1001252 abort: 128220 (0/128220/0), network size: 0, avg network size: 0, si_in_serializable: 0 0 %, local: 0 %
I0911 19:46:30.632797 2805699 Coordinator.h:126] commit: 1001193 abort: 127255 (0/127255/0), network size: 0, avg network size: 0, si_in_serializable: 0 0 %, local: 0 %
I0911 19:46:30.632809 2805699 Coordinator.h:152] average commit: 982758 abort: 125313 (0/125313/0), network size: 0, avg network size: 0, si_in_serializable: 0 0 %, local: 0 %
I0911 19:46:30.633522 2805735 Manager.h:227] Manager(worker id = 16) on the coordinator node exits.
I0911 19:46:30.633533 2805725 AriaExecutor.h:94] AriaExecutor 6 exits. 
I0911 19:46:30.633525 2805719 AriaExecutor.h:94] AriaExecutor 0 exits. 
I0911 19:46:30.633538 2805720 AriaExecutor.h:94] AriaExecutor 1 exits. 
I0911 19:46:30.633527 2805721 AriaExecutor.h:94] AriaExecutor 2 exits. 
I0911 19:46:30.633526 2805723 AriaExecutor.h:94] AriaExecutor 4 exits. 
I0911 19:46:30.633540 2805728 AriaExecutor.h:94] AriaExecutor 9 exits. 
I0911 19:46:30.633543 2805734 AriaExecutor.h:94] AriaExecutor 15 exits. 
I0911 19:46:30.633541 2805722 AriaExecutor.h:94] AriaExecutor 3 exits. 
I0911 19:46:30.633530 2805733 AriaExecutor.h:94] AriaExecutor 14 exits. 
I0911 19:46:30.633546 2805724 AriaExecutor.h:94] AriaExecutor 5 exits. 
I0911 19:46:30.633548 2805727 AriaExecutor.h:94] AriaExecutor 8 exits. 
I0911 19:46:30.633530 2805729 AriaExecutor.h:94] AriaExecutor 10 exits. 
I0911 19:46:30.633544 2805732 AriaExecutor.h:94] AriaExecutor 13 exits. 
I0911 19:46:30.633546 2805730 AriaExecutor.h:94] AriaExecutor 11 exits. 
I0911 19:46:30.633530 2805731 AriaExecutor.h:94] AriaExecutor 12 exits. 
I0911 19:46:30.633545 2805726 AriaExecutor.h:94] AriaExecutor 7 exits. 
I0911 19:46:30.632820 2805699 AriaExecutor.h:535] Worker 0 latency: 588 us (50%) 732 us (75%) 842 us (95%) 870 us (99%).
I0911 19:46:30.692555 2805699 AriaExecutor.h:535] Worker 1 latency: 586 us (50%) 731 us (75%) 841 us (95%) 870 us (99%).
I0911 19:46:30.751240 2805699 AriaExecutor.h:535] Worker 2 latency: 590 us (50%) 733 us (75%) 842 us (95%) 870 us (99%).
I0911 19:46:30.810086 2805699 AriaExecutor.h:535] Worker 3 latency: 586 us (50%) 730 us (75%) 841 us (95%) 870 us (99%).
I0911 19:46:30.869983 2805699 AriaExecutor.h:535] Worker 4 latency: 589 us (50%) 733 us (75%) 842 us (95%) 870 us (99%).
I0911 19:46:30.927963 2805699 AriaExecutor.h:535] Worker 5 latency: 585 us (50%) 729 us (75%) 841 us (95%) 869 us (99%).
I0911 19:46:30.987040 2805699 AriaExecutor.h:535] Worker 6 latency: 589 us (50%) 733 us (75%) 842 us (95%) 870 us (99%).
I0911 19:46:31.044684 2805699 AriaExecutor.h:535] Worker 7 latency: 585 us (50%) 730 us (75%) 840 us (95%) 869 us (99%).
I0911 19:46:31.103803 2805699 AriaExecutor.h:535] Worker 8 latency: 586 us (50%) 730 us (75%) 841 us (95%) 870 us (99%).
I0911 19:46:31.163380 2805699 AriaExecutor.h:535] Worker 9 latency: 584 us (50%) 729 us (75%) 841 us (95%) 869 us (99%).
I0911 19:46:31.222995 2805699 AriaExecutor.h:535] Worker 10 latency: 588 us (50%) 732 us (75%) 841 us (95%) 870 us (99%).
I0911 19:46:31.281927 2805699 AriaExecutor.h:535] Worker 11 latency: 584 us (50%) 729 us (75%) 840 us (95%) 869 us (99%).
I0911 19:46:31.342273 2805699 AriaExecutor.h:535] Worker 12 latency: 587 us (50%) 731 us (75%) 841 us (95%) 870 us (99%).
I0911 19:46:31.400754 2805699 AriaExecutor.h:535] Worker 13 latency: 583 us (50%) 729 us (75%) 840 us (95%) 869 us (99%).
I0911 19:46:31.461354 2805699 AriaExecutor.h:535] Worker 14 latency: 589 us (50%) 732 us (75%) 841 us (95%) 870 us (99%).
I0911 19:46:31.520131 2805699 AriaExecutor.h:535] Worker 15 latency: 584 us (50%) 729 us (75%) 840 us (95%) 869 us (99%).
I0911 19:46:31.579401 2805699 Coordinator.h:177] total commit: 982758
I0911 19:46:32.579511 2805699 Coordinator.h:192] Coordinator exits.
