I0911 19:36:31.345439 2795372 Database.h:65] ycsb initialization finished in 146 milliseconds.
I0911 19:36:31.345542 2795372 Coordinator.h:30] Coordinator initializes 16 workers.
I0911 19:36:31.353122 2795372 Coordinator.h:77] Coordinator starts to run 17 workers.
I0911 19:36:31.353190 2795406 AriaExecutor.h:82] AriaExecutor 0 started. 
I0911 19:36:31.353220 2795407 AriaExecutor.h:82] AriaExecutor 1 started. 
I0911 19:36:31.353257 2795408 AriaExecutor.h:82] AriaExecutor 2 started. 
I0911 19:36:31.353338 2795410 AriaExecutor.h:82] AriaExecutor 4 started. 
I0911 19:36:31.353341 2795409 AriaExecutor.h:82] AriaExecutor 3 started. 
I0911 19:36:31.353374 2795411 AriaExecutor.h:82] AriaExecutor 5 started. 
I0911 19:36:31.353401 2795412 AriaExecutor.h:82] AriaExecutor 6 started. 
I0911 19:36:31.353452 2795413 AriaExecutor.h:82] AriaExecutor 7 started. 
I0911 19:36:31.353472 2795414 AriaExecutor.h:82] AriaExecutor 8 started. 
I0911 19:36:31.353513 2795415 AriaExecutor.h:82] AriaExecutor 9 started. 
I0911 19:36:31.353542 2795416 AriaExecutor.h:82] AriaExecutor 10 started. 
I0911 19:36:31.353586 2795417 AriaExecutor.h:82] AriaExecutor 11 started. 
I0911 19:36:31.353622 2795418 AriaExecutor.h:82] AriaExecutor 12 started. 
I0911 19:36:31.353653 2795419 AriaExecutor.h:82] AriaExecutor 13 started. 
I0911 19:36:31.353700 2795420 AriaExecutor.h:82] AriaExecutor 14 started. 
I0911 19:36:31.353719 2795421 AriaExecutor.h:82] AriaExecutor 15 started. 
I0911 19:36:31.353761 2795422 Manager.h:224] Manager(worker id = 16) on the coordinator node started.
I0911 19:36:32.353814 2795372 Coordinator.h:126] commit: 225542 abort: 32506 (0/32506/0), network size: 0, avg network size: 0, si_in_serializable: 0 0 %, local: 0 %
I0911 19:36:33.353965 2795372 Coordinator.h:126] commit: 222223 abort: 31729 (0/31729/0), network size: 0, avg network size: 0, si_in_serializable: 0 0 %, local: 0 %
I0911 19:36:34.354100 2795372 Coordinator.h:126] commit: 216915 abort: 30893 (0/30893/0), network size: 0, avg network size: 0, si_in_serializable: 0 0 %, local: 0 %
I0911 19:36:35.354229 2795372 Coordinator.h:126] commit: 217846 abort: 30986 (0/30986/0), network size: 0, avg network size: 0, si_in_serializable: 0 0 %, local: 0 %
I0911 19:36:36.354388 2795372 Coordinator.h:126] commit: 228391 abort: 32729 (0/32729/0), network size: 0, avg network size: 0, si_in_serializable: 0 0 %, local: 0 %
I0911 19:36:37.354512 2795372 Coordinator.h:126] commit: 229458 abort: 32686 (0/32686/0), network size: 0, avg network size: 0, si_in_serializable: 0 0 %, local: 0 %
I0911 19:36:38.354633 2795372 Coordinator.h:126] commit: 231211 abort: 32981 (0/32981/0), network size: 0, avg network size: 0, si_in_serializable: 0 0 %, local: 0 %
I0911 19:36:39.354750 2795372 Coordinator.h:126] commit: 226503 abort: 32569 (0/32569/0), network size: 0, avg network size: 0, si_in_serializable: 0 0 %, local: 0 %
I0911 19:36:40.354869 2795372 Coordinator.h:126] commit: 223004 abort: 31972 (0/31972/0), network size: 0, avg network size: 0, si_in_serializable: 0 0 %, local: 0 %
I0911 19:36:41.354983 2795372 Coordinator.h:126] commit: 221357 abort: 31571 (0/31571/0), network size: 0, avg network size: 0, si_in_serializable: 0 0 %, local: 0 %
I0911 19:36:42.355088 2795372 Coordinator.h:126] commit: 230528 abort: 32640 (0/32640/0), network size: 0, avg network size: 0, si_in_serializable: 0 0 %, local: 0 %
I0911 19:36:43.355224 2795372 Coordinator.h:126] commit: 228446 abort: 32674 (0/32674/0), network size: 0, avg network size: 0, si_in_serializable: 0 0 %, local: 0 %
I0911 19:36:44.355347 2795372 Coordinator.h:126] commit: 230950 abort: 33242 (0/33242/0), network size: 0, avg network size: 0, si_in_serializable: 0 0 %, local: 0 %
I0911 19:36:45.355448 2795372 Coordinator.h:126] commit: 221432 abort: 31496 (0/31496/0), network size: 0, avg network size: 0, si_in_serializable: 0 0 %, local: 0 %
I0911 19:36:46.355567 2795372 Coordinator.h:126] commit: 231186 abort: 33006 (0/33006/0), network size: 0, avg network size: 0, si_in_serializable: 0 0 %, local: 0 %
I0911 19:36:47.355681 2795372 Coordinator.h:126] commit: 229058 abort: 33086 (0/33086/0), network size: 0, avg network size: 0, si_in_serializable: 0 0 %, local: 0 %
I0911 19:36:48.355801 2795372 Coordinator.h:126] commit: 230373 abort: 32795 (0/32795/0), network size: 0, avg network size: 0, si_in_serializable: 0 0 %, local: 0 %
I0911 19:36:49.355923 2795372 Coordinator.h:126] commit: 228173 abort: 32947 (0/32947/0), network size: 0, avg network size: 0, si_in_serializable: 0 0 %, local: 0 %
I0911 19:36:50.356037 2795372 Coordinator.h:126] commit: 224193 abort: 31807 (0/31807/0), network size: 0, avg network size: 0, si_in_serializable: 0 0 %, local: 0 %
I0911 19:36:51.356137 2795372 Coordinator.h:126] commit: 231303 abort: 32889 (0/32889/0), network size: 0, avg network size: 0, si_in_serializable: 0 0 %, local: 0 %
I0911 19:36:52.356231 2795372 Coordinator.h:126] commit: 229167 abort: 32977 (0/32977/0), network size: 0, avg network size: 0, si_in_serializable: 0 0 %, local: 0 %
I0911 19:36:53.356341 2795372 Coordinator.h:126] commit: 225559 abort: 32489 (0/32489/0), network size: 0, avg network size: 0, si_in_serializable: 0 0 %, local: 0 %
I0911 19:36:54.356451 2795372 Coordinator.h:126] commit: 229558 abort: 32586 (0/32586/0), network size: 0, avg network size: 0, si_in_serializable: 0 0 %, local: 0 %
I0911 19:36:55.356580 2795372 Coordinator.h:126] commit: 226852 abort: 32220 (0/32220/0), network size: 0, avg network size: 0, si_in_serializable: 0 0 %, local: 0 %
I0911 19:36:56.356685 2795372 Coordinator.h:126] commit: 229484 abort: 32660 (0/32660/0), network size: 0, avg network size: 0, si_in_serializable: 0 0 %, local: 0 %
I0911 19:36:56.356716 2795372 Coordinator.h:152] average commit: 228564 abort: 32658.2 (0/32658.2/0), network size: 0, avg network size: 0, si_in_serializable: 0 0 %, local: 0 %
I0911 19:36:56.358623 2795420 AriaExecutor.h:94] AriaExecutor 14 exits. 
I0911 19:36:56.358629 2795412 AriaExecutor.h:94] AriaExecutor 6 exits. 
I0911 19:36:56.358623 2795416 AriaExecutor.h:94] AriaExecutor 10 exits. 
I0911 19:36:56.358624 2795406 AriaExecutor.h:94] AriaExecutor 0 exits. 
I0911 19:36:56.358636 2795417 AriaExecutor.h:94] AriaExecutor 11 exits. 
I0911 19:36:56.358637 2795419 AriaExecutor.h:94] AriaExecutor 13 exits. 
I0911 19:36:56.358637 2795411 AriaExecutor.h:94] AriaExecutor 5 exits. 
I0911 19:36:56.358637 2795415 AriaExecutor.h:94] AriaExecutor 9 exits. 
I0911 19:36:56.358639 2795413 AriaExecutor.h:94] AriaExecutor 7 exits. 
I0911 19:36:56.358639 2795407 AriaExecutor.h:94] AriaExecutor 1 exits. 
I0911 19:36:56.358641 2795409 AriaExecutor.h:94] AriaExecutor 3 exits. 
I0911 19:36:56.358623 2795422 Manager.h:227] Manager(worker id = 16) on the coordinator node exits.
I0911 19:36:56.358630 2795418 AriaExecutor.h:94] AriaExecutor 12 exits. 
I0911 19:36:56.358629 2795414 AriaExecutor.h:94] AriaExecutor 8 exits. 
I0911 19:36:56.358630 2795408 AriaExecutor.h:94] AriaExecutor 2 exits. 
I0911 19:36:56.358639 2795421 AriaExecutor.h:94] AriaExecutor 15 exits. 
I0911 19:36:56.358630 2795410 AriaExecutor.h:94] AriaExecutor 4 exits. 
I0911 19:36:56.356726 2795372 AriaExecutor.h:535] Worker 0 latency: 2687 us (50%) 3245 us (75%) 3666 us (95%) 3818 us (99%).
I0911 19:36:56.373582 2795372 AriaExecutor.h:535] Worker 1 latency: 2685 us (50%) 3245 us (75%) 3666 us (95%) 3811 us (99%).
I0911 19:36:56.390404 2795372 AriaExecutor.h:535] Worker 2 latency: 2706 us (50%) 3253 us (75%) 3666 us (95%) 3804 us (99%).
I0911 19:36:56.407069 2795372 AriaExecutor.h:535] Worker 3 latency: 2694 us (50%) 3249 us (75%) 3668 us (95%) 3817 us (99%).
I0911 19:36:56.423671 2795372 AriaExecutor.h:535] Worker 4 latency: 2689 us (50%) 3247 us (75%) 3667 us (95%) 3814 us (99%).
I0911 19:36:56.440002 2795372 AriaExecutor.h:535] Worker 5 latency: 2680 us (50%) 3241 us (75%) 3665 us (95%) 3811 us (99%).
I0911 19:36:56.456810 2795372 AriaExecutor.h:535] Worker 6 latency: 2710 us (50%) 3258 us (75%) 3670 us (95%) 3817 us (99%).
I0911 19:36:56.473140 2795372 AriaExecutor.h:535] Worker 7 latency: 2682 us (50%) 3243 us (75%) 3665 us (95%) 3812 us (99%).
I0911 19:36:56.489596 2795372 AriaExecutor.h:535] Worker 8 latency: 2696 us (50%) 3252 us (75%) 3669 us (95%) 3815 us (99%).
I0911 19:36:56.505870 2795372 AriaExecutor.h:535] Worker 9 latency: 2683 us (50%) 3241 us (75%) 3663 us (95%) 3807 us (99%).
I0911 19:36:56.522291 2795372 AriaExecutor.h:535] Worker 10 latency: 2710 us (50%) 3257 us (75%) 3669 us (95%) 3817 us (99%).
I0911 19:36:56.538519 2795372 AriaExecutor.h:535] Worker 11 latency: 2701 us (50%) 3253 us (75%) 3669 us (95%) 3817 us (99%).
I0911 19:36:56.554880 2795372 AriaExecutor.h:535] Worker 12 latency: 2701 us (50%) 3251 us (75%) 3668 us (95%) 3815 us (99%).
I0911 19:36:56.570959 2795372 AriaExecutor.h:535] Worker 13 latency: 2682 us (50%) 3243 us (75%) 3665 us (95%) 3814 us (99%).
I0911 19:36:56.587652 2795372 AriaExecutor.h:535] Worker 14 latency: 2715 us (50%) 3260 us (75%) 3671 us (95%) 3819 us (99%).
I0911 19:36:56.604264 2795372 AriaExecutor.h:535] Worker 15 latency: 2697 us (50%) 3250 us (75%) 3665 us (95%) 3811 us (99%).
I0911 19:36:56.620644 2795372 Coordinator.h:177] total commit: 228564
I0911 19:36:57.620771 2795372 Coordinator.h:192] Coordinator exits.
