I0911 19:34:41.808094 2793459 Database.h:65] ycsb initialization finished in 149 milliseconds.
I0911 19:34:41.808189 2793459 Coordinator.h:30] Coordinator initializes 16 workers.
I0911 19:34:41.815726 2793459 Coordinator.h:77] Coordinator starts to run 17 workers.
I0911 19:34:41.815835 2793483 AriaExecutor.h:82] AriaExecutor 0 started. 
I0911 19:34:41.815846 2793484 AriaExecutor.h:82] AriaExecutor 1 started. 
I0911 19:34:41.815907 2793485 AriaExecutor.h:82] AriaExecutor 2 started. 
I0911 19:34:41.815948 2793486 AriaExecutor.h:82] AriaExecutor 3 started. 
I0911 19:34:41.815989 2793487 AriaExecutor.h:82] AriaExecutor 4 started. 
I0911 19:34:41.816028 2793488 AriaExecutor.h:82] AriaExecutor 5 started. 
I0911 19:34:41.816067 2793489 AriaExecutor.h:82] AriaExecutor 6 started. 
I0911 19:34:41.816090 2793490 AriaExecutor.h:82] AriaExecutor 7 started. 
I0911 19:34:41.816126 2793491 AriaExecutor.h:82] AriaExecutor 8 started. 
I0911 19:34:41.816159 2793492 AriaExecutor.h:82] AriaExecutor 9 started. 
I0911 19:34:41.816197 2793493 AriaExecutor.h:82] AriaExecutor 10 started. 
I0911 19:34:41.816237 2793494 AriaExecutor.h:82] AriaExecutor 11 started. 
I0911 19:34:41.816282 2793495 AriaExecutor.h:82] AriaExecutor 12 started. 
I0911 19:34:41.816309 2793496 AriaExecutor.h:82] AriaExecutor 13 started. 
I0911 19:34:41.816347 2793497 AriaExecutor.h:82] AriaExecutor 14 started. 
I0911 19:34:41.816370 2793498 AriaExecutor.h:82] AriaExecutor 15 started. 
I0911 19:34:41.816422 2793499 Manager.h:224] Manager(worker id = 16) on the coordinator node started.
I0911 19:34:42.816457 2793459 Coordinator.h:126] commit: 227852 abort: 30196 (0/30196/0), network size: 0, avg network size: 0, si_in_serializable: 0 0 %, local: 0 %
I0911 19:34:43.816610 2793459 Coordinator.h:126] commit: 181769 abort: 24055 (0/24055/0), network size: 0, avg network size: 0, si_in_serializable: 0 0 %, local: 0 %
I0911 19:34:44.816737 2793459 Coordinator.h:126] commit: 218404 abort: 29404 (0/29404/0), network size: 0, avg network size: 0, si_in_serializable: 0 0 %, local: 0 %
I0911 19:34:45.816859 2793459 Coordinator.h:126] commit: 221334 abort: 29546 (0/29546/0), network size: 0, avg network size: 0, si_in_serializable: 0 0 %, local: 0 %
I0911 19:34:46.817045 2793459 Coordinator.h:126] commit: 229729 abort: 30367 (0/30367/0), network size: 0, avg network size: 0, si_in_serializable: 0 0 %, local: 0 %
I0911 19:34:47.817191 2793459 Coordinator.h:126] commit: 232299 abort: 30869 (0/30869/0), network size: 0, avg network size: 0, si_in_serializable: 0 0 %, local: 0 %
I0911 19:34:48.817305 2793459 Coordinator.h:126] commit: 231175 abort: 30969 (0/30969/0), network size: 0, avg network size: 0, si_in_serializable: 0 0 %, local: 0 %
I0911 19:34:49.817440 2793459 Coordinator.h:126] commit: 229320 abort: 30776 (0/30776/0), network size: 0, avg network size: 0, si_in_serializable: 0 0 %, local: 0 %
I0911 19:34:50.817562 2793459 Coordinator.h:126] commit: 228654 abort: 30418 (0/30418/0), network size: 0, avg network size: 0, si_in_serializable: 0 0 %, local: 0 %
I0911 19:34:51.817672 2793459 Coordinator.h:126] commit: 222161 abort: 29743 (0/29743/0), network size: 0, avg network size: 0, si_in_serializable: 0 0 %, local: 0 %
I0911 19:34:52.817785 2793459 Coordinator.h:126] commit: 228742 abort: 30330 (0/30330/0), network size: 0, avg network size: 0, si_in_serializable: 0 0 %, local: 0 %
I0911 19:34:53.817898 2793459 Coordinator.h:126] commit: 225077 abort: 29900 (0/29900/0), network size: 0, avg network size: 0, si_in_serializable: 0 0 %, local: 0 %
I0911 19:34:54.818061 2793459 Coordinator.h:126] commit: 219816 abort: 29015 (0/29015/0), network size: 0, avg network size: 0, si_in_serializable: 0 0 %, local: 0 %
I0911 19:34:55.818183 2793459 Coordinator.h:126] commit: 233186 abort: 31006 (0/31006/0), network size: 0, avg network size: 0, si_in_serializable: 0 0 %, local: 0 %
I0911 19:34:56.818310 2793459 Coordinator.h:126] commit: 227833 abort: 30215 (0/30215/0), network size: 0, avg network size: 0, si_in_serializable: 0 0 %, local: 0 %
I0911 19:34:57.818449 2793459 Coordinator.h:126] commit: 228663 abort: 30409 (0/30409/0), network size: 0, avg network size: 0, si_in_serializable: 0 0 %, local: 0 %
I0911 19:34:58.818584 2793459 Coordinator.h:126] commit: 224057 abort: 29895 (0/29895/0), network size: 0, avg network size: 0, si_in_serializable: 0 0 %, local: 0 %
I0911 19:34:59.818717 2793459 Coordinator.h:126] commit: 233161 abort: 31031 (0/31031/0), network size: 0, avg network size: 0, si_in_serializable: 0 0 %, local: 0 %
I0911 19:35:00.818858 2793459 Coordinator.h:126] commit: 221556 abort: 29324 (0/29324/0), network size: 0, avg network size: 0, si_in_serializable: 0 0 %, local: 0 %
I0911 19:35:01.818980 2793459 Coordinator.h:126] commit: 222950 abort: 29978 (0/29978/0), network size: 0, avg network size: 0, si_in_serializable: 0 0 %, local: 0 %
I0911 19:35:02.819118 2793459 Coordinator.h:126] commit: 227415 abort: 30633 (0/30633/0), network size: 0, avg network size: 0, si_in_serializable: 0 0 %, local: 0 %
I0911 19:35:03.819278 2793459 Coordinator.h:126] commit: 227716 abort: 30332 (0/30332/0), network size: 0, avg network size: 0, si_in_serializable: 0 0 %, local: 0 %
I0911 19:35:04.819416 2793459 Coordinator.h:126] commit: 230378 abort: 30742 (0/30742/0), network size: 0, avg network size: 0, si_in_serializable: 0 0 %, local: 0 %
I0911 19:35:05.819533 2793459 Coordinator.h:126] commit: 230510 abort: 30610 (0/30610/0), network size: 0, avg network size: 0, si_in_serializable: 0 0 %, local: 0 %
I0911 19:35:06.819607 2793459 Coordinator.h:126] commit: 232107 abort: 31061 (0/31061/0), network size: 0, avg network size: 0, si_in_serializable: 0 0 %, local: 0 %
I0911 19:35:06.819623 2793459 Coordinator.h:152] average commit: 226504 abort: 30110.3 (0/30110.3/0), network size: 0, avg network size: 0, si_in_serializable: 0 0 %, local: 0 %
I0911 19:35:06.822048 2793490 AriaExecutor.h:94] AriaExecutor 7 exits. 
I0911 19:35:06.822045 2793494 AriaExecutor.h:94] AriaExecutor 11 exits. 
I0911 19:35:06.822077 2793485 AriaExecutor.h:94] AriaExecutor 2 exits. 
I0911 19:35:06.822063 2793489 AriaExecutor.h:94] AriaExecutor 6 exits. 
I0911 19:35:06.822063 2793491 AriaExecutor.h:94] AriaExecutor 8 exits. 
I0911 19:35:06.822057 2793488 AriaExecutor.h:94] AriaExecutor 5 exits. 
I0911 19:35:06.822063 2793493 AriaExecutor.h:94] AriaExecutor 10 exits. 
I0911 19:35:06.822077 2793486 AriaExecutor.h:94] AriaExecutor 3 exits. 
I0911 19:35:06.822063 2793495 AriaExecutor.h:94] AriaExecutor 12 exits. 
I0911 19:35:06.822085 2793484 AriaExecutor.h:94] AriaExecutor 1 exits. 
I0911 19:35:06.822064 2793497 AriaExecutor.h:94] AriaExecutor 14 exits. 
I0911 19:35:06.822055 2793483 AriaExecutor.h:94] AriaExecutor 0 exits. 
I0911 19:35:06.822096 2793498 AriaExecutor.h:94] AriaExecutor 15 exits. 
I0911 19:35:06.822077 2793496 AriaExecutor.h:94] AriaExecutor 13 exits. 
I0911 19:35:06.822065 2793487 AriaExecutor.h:94] AriaExecutor 4 exits. 
I0911 19:35:06.822122 2793499 Manager.h:227] Manager(worker id = 16) on the coordinator node exits.
I0911 19:35:06.822049 2793492 AriaExecutor.h:94] AriaExecutor 9 exits. 
I0911 19:35:06.819633 2793459 AriaExecutor.h:535] Worker 0 latency: 2724 us (50%) 3290 us (75%) 3718 us (95%) 4840 us (99%).
I0911 19:35:06.836680 2793459 AriaExecutor.h:535] Worker 1 latency: 2728 us (50%) 3291 us (75%) 3718 us (95%) 4843 us (99%).
I0911 19:35:06.853152 2793459 AriaExecutor.h:535] Worker 2 latency: 2719 us (50%) 3286 us (75%) 3715 us (95%) 4836 us (99%).
I0911 19:35:06.869825 2793459 AriaExecutor.h:535] Worker 3 latency: 2736 us (50%) 3297 us (75%) 3719 us (95%) 4845 us (99%).
I0911 19:35:06.886312 2793459 AriaExecutor.h:535] Worker 4 latency: 2719 us (50%) 3285 us (75%) 3715 us (95%) 4830 us (99%).
I0911 19:35:06.902832 2793459 AriaExecutor.h:535] Worker 5 latency: 2713 us (50%) 3282 us (75%) 3712 us (95%) 4811 us (99%).
I0911 19:35:06.919343 2793459 AriaExecutor.h:535] Worker 6 latency: 2744 us (50%) 3301 us (75%) 3722 us (95%) 4848 us (99%).
I0911 19:35:06.935699 2793459 AriaExecutor.h:535] Worker 7 latency: 2729 us (50%) 3293 us (75%) 3719 us (95%) 4853 us (99%).
I0911 19:35:06.952059 2793459 AriaExecutor.h:535] Worker 8 latency: 2728 us (50%) 3292 us (75%) 3717 us (95%) 4835 us (99%).
I0911 19:35:06.968799 2793459 AriaExecutor.h:535] Worker 9 latency: 2728 us (50%) 3293 us (75%) 3719 us (95%) 4844 us (99%).
I0911 19:35:06.985455 2793459 AriaExecutor.h:535] Worker 10 latency: 2747 us (50%) 3301 us (75%) 3720 us (95%) 4843 us (99%).
I0911 19:35:07.002310 2793459 AriaExecutor.h:535] Worker 11 latency: 2717 us (50%) 3286 us (75%) 3715 us (95%) 4840 us (99%).
I0911 19:35:07.018741 2793459 AriaExecutor.h:535] Worker 12 latency: 2743 us (50%) 3299 us (75%) 3718 us (95%) 4831 us (99%).
I0911 19:35:07.035493 2793459 AriaExecutor.h:535] Worker 13 latency: 2716 us (50%) 3290 us (75%) 3718 us (95%) 4842 us (99%).
I0911 19:35:07.052085 2793459 AriaExecutor.h:535] Worker 14 latency: 2741 us (50%) 3292 us (75%) 3711 us (95%) 4788 us (99%).
I0911 19:35:07.068622 2793459 AriaExecutor.h:535] Worker 15 latency: 2734 us (50%) 3294 us (75%) 3717 us (95%) 4846 us (99%).
I0911 19:35:07.085162 2793459 Coordinator.h:177] total commit: 226504
I0911 19:35:08.085279 2793459 Coordinator.h:192] Coordinator exits.
