I0911 20:07:30.383543 2829909 Database.h:65] ycsb initialization finished in 146 milliseconds.
I0911 20:07:30.383654 2829909 Coordinator.h:30] Coordinator initializes 16 workers.
I0911 20:07:30.391191 2829909 Coordinator.h:77] Coordinator starts to run 17 workers.
I0911 20:07:30.391289 2829929 AriaExecutor.h:82] AriaExecutor 0 started. 
I0911 20:07:30.391310 2829930 AriaExecutor.h:82] AriaExecutor 1 started. 
I0911 20:07:30.391371 2829931 AriaExecutor.h:82] AriaExecutor 2 started. 
I0911 20:07:30.391412 2829932 AriaExecutor.h:82] AriaExecutor 3 started. 
I0911 20:07:30.391453 2829933 AriaExecutor.h:82] AriaExecutor 4 started. 
I0911 20:07:30.391494 2829934 AriaExecutor.h:82] AriaExecutor 5 started. 
I0911 20:07:30.391532 2829935 AriaExecutor.h:82] AriaExecutor 6 started. 
I0911 20:07:30.391566 2829936 AriaExecutor.h:82] AriaExecutor 7 started. 
I0911 20:07:30.391611 2829937 AriaExecutor.h:82] AriaExecutor 8 started. 
I0911 20:07:30.391637 2829938 AriaExecutor.h:82] AriaExecutor 9 started. 
I0911 20:07:30.391669 2829939 AriaExecutor.h:82] AriaExecutor 10 started. 
I0911 20:07:30.391701 2829940 AriaExecutor.h:82] AriaExecutor 11 started. 
I0911 20:07:30.391739 2829941 AriaExecutor.h:82] AriaExecutor 12 started. 
I0911 20:07:30.391782 2829942 AriaExecutor.h:82] AriaExecutor 13 started. 
I0911 20:07:30.391812 2829943 AriaExecutor.h:82] AriaExecutor 14 started. 
I0911 20:07:30.391847 2829944 AriaExecutor.h:82] AriaExecutor 15 started. 
I0911 20:07:30.391889 2829945 Manager.h:224] Manager(worker id = 16) on the coordinator node started.
I0911 20:07:31.391930 2829909 Coordinator.h:126] commit: 12014 abort: 312594 (0/312594/0), network size: 0, avg network size: 0, si_in_serializable: 0 0 %, local: 0 %
I0911 20:07:32.392066 2829909 Coordinator.h:126] commit: 11668 abort: 304748 (0/304748/0), network size: 0, avg network size: 0, si_in_serializable: 0 0 %, local: 0 %
I0911 20:07:33.392163 2829909 Coordinator.h:126] commit: 11768 abort: 304648 (0/304648/0), network size: 0, avg network size: 0, si_in_serializable: 0 0 %, local: 0 %
I0911 20:07:34.392267 2829909 Coordinator.h:126] commit: 11773 abort: 307715 (0/307715/0), network size: 0, avg network size: 0, si_in_serializable: 0 0 %, local: 0 %
I0911 20:07:35.392478 2829909 Coordinator.h:126] commit: 12353 abort: 323519 (0/323519/0), network size: 0, avg network size: 0, si_in_serializable: 0 0 %, local: 0 %
I0911 20:07:36.392618 2829909 Coordinator.h:126] commit: 12454 abort: 323418 (0/323418/0), network size: 0, avg network size: 0, si_in_serializable: 0 0 %, local: 0 %
I0911 20:07:37.392740 2829909 Coordinator.h:126] commit: 12469 abort: 326475 (0/326475/0), network size: 0, avg network size: 0, si_in_serializable: 0 0 %, local: 0 %
I0911 20:07:38.392853 2829909 Coordinator.h:126] commit: 12385 abort: 323487 (0/323487/0), network size: 0, avg network size: 0, si_in_serializable: 0 0 %, local: 0 %
I0911 20:07:39.392978 2829909 Coordinator.h:126] commit: 12426 abort: 325494 (0/325494/0), network size: 0, avg network size: 0, si_in_serializable: 0 0 %, local: 0 %
I0911 20:07:40.393100 2829909 Coordinator.h:126] commit: 12200 abort: 316504 (0/316504/0), network size: 0, avg network size: 0, si_in_serializable: 0 0 %, local: 0 %
I0911 20:07:41.393221 2829909 Coordinator.h:126] commit: 12626 abort: 326318 (0/326318/0), network size: 0, avg network size: 0, si_in_serializable: 0 0 %, local: 0 %
I0911 20:07:42.393322 2829909 Coordinator.h:126] commit: 12222 abort: 318530 (0/318530/0), network size: 0, avg network size: 0, si_in_serializable: 0 0 %, local: 0 %
I0911 20:07:43.393443 2829909 Coordinator.h:126] commit: 12573 abort: 327395 (0/327395/0), network size: 0, avg network size: 0, si_in_serializable: 0 0 %, local: 0 %
I0911 20:07:44.393582 2829909 Coordinator.h:126] commit: 12485 abort: 325435 (0/325435/0), network size: 0, avg network size: 0, si_in_serializable: 0 0 %, local: 0 %
I0911 20:07:45.393708 2829909 Coordinator.h:126] commit: 12677 abort: 327291 (0/327291/0), network size: 0, avg network size: 0, si_in_serializable: 0 0 %, local: 0 %
I0911 20:07:46.393821 2829909 Coordinator.h:126] commit: 12486 abort: 327482 (0/327482/0), network size: 0, avg network size: 0, si_in_serializable: 0 0 %, local: 0 %
I0911 20:07:47.393950 2829909 Coordinator.h:126] commit: 12553 abort: 327415 (0/327415/0), network size: 0, avg network size: 0, si_in_serializable: 0 0 %, local: 0 %
I0911 20:07:48.394068 2829909 Coordinator.h:126] commit: 12497 abort: 326447 (0/326447/0), network size: 0, avg network size: 0, si_in_serializable: 0 0 %, local: 0 %
I0911 20:07:49.394197 2829909 Coordinator.h:126] commit: 12626 abort: 327342 (0/327342/0), network size: 0, avg network size: 0, si_in_serializable: 0 0 %, local: 0 %
I0911 20:07:50.394325 2829909 Coordinator.h:126] commit: 12348 abort: 325572 (0/325572/0), network size: 0, avg network size: 0, si_in_serializable: 0 0 %, local: 0 %
I0911 20:07:51.394444 2829909 Coordinator.h:126] commit: 12581 abort: 325339 (0/325339/0), network size: 0, avg network size: 0, si_in_serializable: 0 0 %, local: 0 %
I0911 20:07:52.394572 2829909 Coordinator.h:126] commit: 12405 abort: 319371 (0/319371/0), network size: 0, avg network size: 0, si_in_serializable: 0 0 %, local: 0 %
I0911 20:07:53.394692 2829909 Coordinator.h:126] commit: 12277 abort: 319499 (0/319499/0), network size: 0, avg network size: 0, si_in_serializable: 0 0 %, local: 0 %
I0911 20:07:54.394837 2829909 Coordinator.h:126] commit: 12430 abort: 325490 (0/325490/0), network size: 0, avg network size: 0, si_in_serializable: 0 0 %, local: 0 %
I0911 20:07:55.394966 2829909 Coordinator.h:126] commit: 12129 abort: 317599 (0/317599/0), network size: 0, avg network size: 0, si_in_serializable: 0 0 %, local: 0 %
I0911 20:07:55.395015 2829909 Coordinator.h:152] average commit: 12509.3 abort: 325923 (0/325923/0), network size: 0, avg network size: 0, si_in_serializable: 0 0 %, local: 0 %
I0911 20:07:55.395025 2829909 AriaExecutor.h:641] Worker 0 latency: 2956 us (50%) 2997 us (75%) 3095 us (95%) 3461 us (99%).
I0911 20:07:55.396988 2829929 AriaExecutor.h:94] AriaExecutor 0 exits. 
I0911 20:07:55.397013 2829939 AriaExecutor.h:94] AriaExecutor 10 exits. 
I0911 20:07:55.396996 2829934 AriaExecutor.h:94] AriaExecutor 5 exits. 
I0911 20:07:55.396993 2829936 AriaExecutor.h:94] AriaExecutor 7 exits. 
I0911 20:07:55.396996 2829940 AriaExecutor.h:94] AriaExecutor 11 exits. 
I0911 20:07:55.397014 2829935 AriaExecutor.h:94] AriaExecutor 6 exits. 
I0911 20:07:55.396996 2829938 AriaExecutor.h:94] AriaExecutor 9 exits. 
I0911 20:07:55.397006 2829943 AriaExecutor.h:94] AriaExecutor 14 exits. 
I0911 20:07:55.397004 2829930 AriaExecutor.h:94] AriaExecutor 1 exits. 
I0911 20:07:55.397014 2829945 Manager.h:227] Manager(worker id = 16) on the coordinator node exits.
I0911 20:07:55.397014 2829933 AriaExecutor.h:94] AriaExecutor 4 exits. 
I0911 20:07:55.397006 2829941 AriaExecutor.h:94] AriaExecutor 12 exits. 
I0911 20:07:55.397003 2829937 AriaExecutor.h:94] AriaExecutor 8 exits. 
I0911 20:07:55.396996 2829944 AriaExecutor.h:94] AriaExecutor 15 exits. 
I0911 20:07:55.397015 2829931 AriaExecutor.h:94] AriaExecutor 2 exits. 
I0911 20:07:55.396992 2829942 AriaExecutor.h:94] AriaExecutor 13 exits. 
I0911 20:07:55.396996 2829932 AriaExecutor.h:94] AriaExecutor 3 exits. 
I0911 20:07:55.397241 2829909 AriaExecutor.h:641] Worker 1 latency: 2952 us (50%) 2995 us (75%) 3093 us (95%) 3468 us (99%).
I0911 20:07:55.398407 2829909 AriaExecutor.h:641] Worker 2 latency: 2953 us (50%) 2995 us (75%) 3093 us (95%) 3470 us (99%).
I0911 20:07:55.399561 2829909 AriaExecutor.h:641] Worker 3 latency: 2951 us (50%) 2994 us (75%) 3092 us (95%) 3435 us (99%).
I0911 20:07:55.400645 2829909 AriaExecutor.h:641] Worker 4 latency: 2949 us (50%) 2994 us (75%) 3091 us (95%) 3428 us (99%).
I0911 20:07:55.401844 2829909 AriaExecutor.h:641] Worker 5 latency: 2947 us (50%) 2992 us (75%) 3089 us (95%) 3463 us (99%).
I0911 20:07:55.402868 2829909 AriaExecutor.h:641] Worker 6 latency: 2944 us (50%) 2992 us (75%) 3089 us (95%) 3503 us (99%).
I0911 20:07:55.403858 2829909 AriaExecutor.h:641] Worker 7 latency: 2944 us (50%) 2991 us (75%) 3090 us (95%) 3458 us (99%).
I0911 20:07:55.404798 2829909 AriaExecutor.h:641] Worker 8 latency: 2944 us (50%) 2992 us (75%) 3090 us (95%) 3576 us (99%).
I0911 20:07:55.405728 2829909 AriaExecutor.h:641] Worker 9 latency: 2939 us (50%) 2990 us (75%) 3087 us (95%) 3495 us (99%).
I0911 20:07:55.406641 2829909 AriaExecutor.h:641] Worker 10 latency: 2939 us (50%) 2990 us (75%) 3086 us (95%) 3365 us (99%).
I0911 20:07:55.407533 2829909 AriaExecutor.h:641] Worker 11 latency: 2936 us (50%) 2988 us (75%) 3085 us (95%) 3548 us (99%).
I0911 20:07:55.408404 2829909 AriaExecutor.h:641] Worker 12 latency: 2935 us (50%) 2989 us (75%) 3085 us (95%) 3670 us (99%).
I0911 20:07:55.409258 2829909 AriaExecutor.h:641] Worker 13 latency: 2931 us (50%) 2987 us (75%) 3079 us (95%) 3468 us (99%).
I0911 20:07:55.410096 2829909 AriaExecutor.h:641] Worker 14 latency: 2930 us (50%) 2987 us (75%) 3086 us (95%) 3553 us (99%).
I0911 20:07:55.410933 2829909 AriaExecutor.h:641] Worker 15 latency: 2926 us (50%) 2985 us (75%) 3081 us (95%) 3353 us (99%).
I0911 20:07:55.411756 2829909 Coordinator.h:177] total commit: 12509.3
I0911 20:07:56.411877 2829909 Coordinator.h:192] Coordinator exits.
