I0911 19:41:32.047514 2800654 Database.h:65] ycsb initialization finished in 175 milliseconds.
I0911 19:41:32.047629 2800654 Coordinator.h:30] Coordinator initializes 16 workers.
I0911 19:41:32.055519 2800654 Coordinator.h:77] Coordinator starts to run 17 workers.
I0911 19:41:32.055624 2800675 AriaExecutor.h:82] AriaExecutor 0 started. 
I0911 19:41:32.055644 2800676 AriaExecutor.h:82] AriaExecutor 1 started. 
I0911 19:41:32.055711 2800677 AriaExecutor.h:82] AriaExecutor 2 started. 
I0911 19:41:32.055742 2800678 AriaExecutor.h:82] AriaExecutor 3 started. 
I0911 19:41:32.055780 2800679 AriaExecutor.h:82] AriaExecutor 4 started. 
I0911 19:41:32.055817 2800680 AriaExecutor.h:82] AriaExecutor 5 started. 
I0911 19:41:32.055845 2800681 AriaExecutor.h:82] AriaExecutor 6 started. 
I0911 19:41:32.055887 2800682 AriaExecutor.h:82] AriaExecutor 7 started. 
I0911 19:41:32.055917 2800683 AriaExecutor.h:82] AriaExecutor 8 started. 
I0911 19:41:32.055949 2800684 AriaExecutor.h:82] AriaExecutor 9 started. 
I0911 19:41:32.055984 2800685 AriaExecutor.h:82] AriaExecutor 10 started. 
I0911 19:41:32.056020 2800686 AriaExecutor.h:82] AriaExecutor 11 started. 
I0911 19:41:32.056043 2800687 AriaExecutor.h:82] AriaExecutor 12 started. 
I0911 19:41:32.056077 2800688 AriaExecutor.h:82] AriaExecutor 13 started. 
I0911 19:41:32.056104 2800689 AriaExecutor.h:82] AriaExecutor 14 started. 
I0911 19:41:32.056138 2800690 AriaExecutor.h:82] AriaExecutor 15 started. 
I0911 19:41:32.056167 2800691 Manager.h:224] Manager(worker id = 16) on the coordinator node started.
I0911 19:41:33.056214 2800654 Coordinator.h:126] commit: 1312004 abort: 2812 (0/2812/0), network size: 0, avg network size: 0, si_in_serializable: 0 0 %, local: 0 %
I0911 19:41:34.056346 2800654 Coordinator.h:126] commit: 1305845 abort: 2827 (0/2827/0), network size: 0, avg network size: 0, si_in_serializable: 0 0 %, local: 0 %
I0911 19:41:35.056468 2800654 Coordinator.h:126] commit: 1271193 abort: 2663 (0/2663/0), network size: 0, avg network size: 0, si_in_serializable: 0 0 %, local: 0 %
I0911 19:41:36.056591 2800654 Coordinator.h:126] commit: 1272178 abort: 2702 (0/2702/0), network size: 0, avg network size: 0, si_in_serializable: 0 0 %, local: 0 %
I0911 19:41:37.056789 2800654 Coordinator.h:126] commit: 1317411 abort: 2787 (0/2787/0), network size: 0, avg network size: 0, si_in_serializable: 0 0 %, local: 0 %
I0911 19:41:38.056924 2800654 Coordinator.h:126] commit: 1329094 abort: 2868 (0/2868/0), network size: 0, avg network size: 0, si_in_serializable: 0 0 %, local: 0 %
I0911 19:41:39.057044 2800654 Coordinator.h:126] commit: 1316136 abort: 2776 (0/2776/0), network size: 0, avg network size: 0, si_in_serializable: 0 0 %, local: 0 %
I0911 19:41:40.057163 2800654 Coordinator.h:126] commit: 1323260 abort: 2820 (0/2820/0), network size: 0, avg network size: 0, si_in_serializable: 0 0 %, local: 0 %
I0911 19:41:41.057281 2800654 Coordinator.h:126] commit: 1330412 abort: 2836 (0/2836/0), network size: 0, avg network size: 0, si_in_serializable: 0 0 %, local: 0 %
I0911 19:41:42.057403 2800654 Coordinator.h:126] commit: 1328364 abort: 2836 (0/2836/0), network size: 0, avg network size: 0, si_in_serializable: 0 0 %, local: 0 %
I0911 19:41:43.057525 2800654 Coordinator.h:126] commit: 1330413 abort: 2835 (0/2835/0), network size: 0, avg network size: 0, si_in_serializable: 0 0 %, local: 0 %
I0911 19:41:44.057641 2800654 Coordinator.h:126] commit: 1294588 abort: 2820 (0/2820/0), network size: 0, avg network size: 0, si_in_serializable: 0 0 %, local: 0 %
I0911 19:41:45.057750 2800654 Coordinator.h:126] commit: 1282479 abort: 2641 (0/2641/0), network size: 0, avg network size: 0, si_in_serializable: 0 0 %, local: 0 %
I0911 19:41:46.057864 2800654 Coordinator.h:126] commit: 1292542 abort: 2818 (0/2818/0), network size: 0, avg network size: 0, si_in_serializable: 0 0 %, local: 0 %
I0911 19:41:47.057998 2800654 Coordinator.h:126] commit: 1319244 abort: 2740 (0/2740/0), network size: 0, avg network size: 0, si_in_serializable: 0 0 %, local: 0 %
I0911 19:41:48.058120 2800654 Coordinator.h:126] commit: 1331431 abort: 2841 (0/2841/0), network size: 0, avg network size: 0, si_in_serializable: 0 0 %, local: 0 %
I0911 19:41:49.058239 2800654 Coordinator.h:126] commit: 1328380 abort: 2820 (0/2820/0), network size: 0, avg network size: 0, si_in_serializable: 0 0 %, local: 0 %
I0911 19:41:50.058348 2800654 Coordinator.h:126] commit: 1331539 abort: 2733 (0/2733/0), network size: 0, avg network size: 0, si_in_serializable: 0 0 %, local: 0 %
I0911 19:41:51.058457 2800654 Coordinator.h:126] commit: 1328389 abort: 2811 (0/2811/0), network size: 0, avg network size: 0, si_in_serializable: 0 0 %, local: 0 %
I0911 19:41:52.058566 2800654 Coordinator.h:126] commit: 1329306 abort: 2918 (0/2918/0), network size: 0, avg network size: 0, si_in_serializable: 0 0 %, local: 0 %
I0911 19:41:53.058686 2800654 Coordinator.h:126] commit: 1327316 abort: 2860 (0/2860/0), network size: 0, avg network size: 0, si_in_serializable: 0 0 %, local: 0 %
I0911 19:41:54.058802 2800654 Coordinator.h:126] commit: 1329359 abort: 2865 (0/2865/0), network size: 0, avg network size: 0, si_in_serializable: 0 0 %, local: 0 %
I0911 19:41:55.058914 2800654 Coordinator.h:126] commit: 1301811 abort: 2765 (0/2765/0), network size: 0, avg network size: 0, si_in_serializable: 0 0 %, local: 0 %
I0911 19:41:56.059026 2800654 Coordinator.h:126] commit: 1300832 abort: 2720 (0/2720/0), network size: 0, avg network size: 0, si_in_serializable: 0 0 %, local: 0 %
I0911 19:41:57.059171 2800654 Coordinator.h:126] commit: 1323248 abort: 2832 (0/2832/0), network size: 0, avg network size: 0, si_in_serializable: 0 0 %, local: 0 %
I0911 19:41:57.059219 2800654 Coordinator.h:152] average commit: 1.31683e+06 abort: 2797.7 (0/2797.7/0), network size: 0, avg network size: 0, si_in_serializable: 0 0 %, local: 0 %
I0911 19:41:57.059712 2800686 AriaExecutor.h:94] AriaExecutor 11 exits. 
I0911 19:41:57.059720 2800680 AriaExecutor.h:94] AriaExecutor 5 exits. 
I0911 19:41:57.059715 2800684 AriaExecutor.h:94] AriaExecutor 9 exits. 
I0911 19:41:57.059723 2800688 AriaExecutor.h:94] AriaExecutor 13 exits. 
I0911 19:41:57.059716 2800678 AriaExecutor.h:94] AriaExecutor 3 exits. 
I0911 19:41:57.059736 2800679 AriaExecutor.h:94] AriaExecutor 4 exits. 
I0911 19:41:57.059767 2800682 AriaExecutor.h:94] AriaExecutor 7 exits. 
I0911 19:41:57.059736 2800683 AriaExecutor.h:94] AriaExecutor 8 exits. 
I0911 19:41:57.059736 2800690 AriaExecutor.h:94] AriaExecutor 15 exits. 
I0911 19:41:57.059791 2800685 AriaExecutor.h:94] AriaExecutor 10 exits. 
I0911 19:41:57.059755 2800677 AriaExecutor.h:94] AriaExecutor 2 exits. 
I0911 19:41:57.059724 2800675 AriaExecutor.h:94] AriaExecutor 0 exits. 
I0911 19:41:57.059746 2800691 Manager.h:227] Manager(worker id = 16) on the coordinator node exits.
I0911 19:41:57.059737 2800681 AriaExecutor.h:94] AriaExecutor 6 exits. 
I0911 19:41:57.059747 2800676 AriaExecutor.h:94] AriaExecutor 1 exits. 
I0911 19:41:57.059733 2800689 AriaExecutor.h:94] AriaExecutor 14 exits. 
I0911 19:41:57.059736 2800687 AriaExecutor.h:94] AriaExecutor 12 exits. 
I0911 19:41:57.059230 2800654 AriaExecutor.h:535] Worker 0 latency: 437 us (50%) 589 us (75%) 711 us (95%) 739 us (99%).
I0911 19:41:57.148361 2800654 AriaExecutor.h:535] Worker 1 latency: 437 us (50%) 588 us (75%) 711 us (95%) 739 us (99%).
I0911 19:41:57.228911 2800654 AriaExecutor.h:535] Worker 2 latency: 441 us (50%) 591 us (75%) 712 us (95%) 739 us (99%).
I0911 19:41:57.318728 2800654 AriaExecutor.h:535] Worker 3 latency: 438 us (50%) 589 us (75%) 711 us (95%) 739 us (99%).
I0911 19:41:57.400710 2800654 AriaExecutor.h:535] Worker 4 latency: 440 us (50%) 590 us (75%) 711 us (95%) 739 us (99%).
I0911 19:41:57.489948 2800654 AriaExecutor.h:535] Worker 5 latency: 436 us (50%) 588 us (75%) 711 us (95%) 739 us (99%).
I0911 19:41:57.569730 2800654 AriaExecutor.h:535] Worker 6 latency: 441 us (50%) 590 us (75%) 712 us (95%) 739 us (99%).
I0911 19:41:57.659144 2800654 AriaExecutor.h:535] Worker 7 latency: 437 us (50%) 588 us (75%) 711 us (95%) 739 us (99%).
I0911 19:41:57.739701 2800654 AriaExecutor.h:535] Worker 8 latency: 437 us (50%) 588 us (75%) 711 us (95%) 739 us (99%).
I0911 19:41:57.827785 2800654 AriaExecutor.h:535] Worker 9 latency: 435 us (50%) 586 us (75%) 710 us (95%) 739 us (99%).
I0911 19:41:57.906612 2800654 AriaExecutor.h:535] Worker 10 latency: 440 us (50%) 590 us (75%) 711 us (95%) 739 us (99%).
I0911 19:41:57.995517 2800654 AriaExecutor.h:535] Worker 11 latency: 437 us (50%) 587 us (75%) 710 us (95%) 739 us (99%).
I0911 19:41:58.076464 2800654 AriaExecutor.h:535] Worker 12 latency: 439 us (50%) 589 us (75%) 711 us (95%) 739 us (99%).
I0911 19:41:58.166312 2800654 AriaExecutor.h:535] Worker 13 latency: 435 us (50%) 587 us (75%) 710 us (95%) 739 us (99%).
I0911 19:41:58.249089 2800654 AriaExecutor.h:535] Worker 14 latency: 440 us (50%) 590 us (75%) 711 us (95%) 739 us (99%).
I0911 19:41:58.338320 2800654 AriaExecutor.h:535] Worker 15 latency: 437 us (50%) 587 us (75%) 710 us (95%) 739 us (99%).
I0911 19:41:58.418744 2800654 Coordinator.h:177] total commit: 1.31683e+06
I0911 19:41:59.418869 2800654 Coordinator.h:192] Coordinator exits.
