I0911 19:57:56.340766 2819237 Database.h:65] ycsb initialization finished in 146 milliseconds.
I0911 19:57:56.340890 2819237 Coordinator.h:30] Coordinator initializes 16 workers.
I0911 19:57:56.348856 2819237 Coordinator.h:77] Coordinator starts to run 17 workers.
I0911 19:57:56.348935 2819261 AriaExecutor.h:82] AriaExecutor 0 started. 
I0911 19:57:56.348977 2819262 AriaExecutor.h:82] AriaExecutor 1 started. 
I0911 19:57:56.349037 2819263 AriaExecutor.h:82] AriaExecutor 2 started. 
I0911 19:57:56.349090 2819264 AriaExecutor.h:82] AriaExecutor 3 started. 
I0911 19:57:56.349126 2819265 AriaExecutor.h:82] AriaExecutor 4 started. 
I0911 19:57:56.349165 2819266 AriaExecutor.h:82] AriaExecutor 5 started. 
I0911 19:57:56.349201 2819267 AriaExecutor.h:82] AriaExecutor 6 started. 
I0911 19:57:56.349242 2819268 AriaExecutor.h:82] AriaExecutor 7 started. 
I0911 19:57:56.349285 2819269 AriaExecutor.h:82] AriaExecutor 8 started. 
I0911 19:57:56.349327 2819270 AriaExecutor.h:82] AriaExecutor 9 started. 
I0911 19:57:56.349370 2819271 AriaExecutor.h:82] AriaExecutor 10 started. 
I0911 19:57:56.349414 2819272 AriaExecutor.h:82] AriaExecutor 11 started. 
I0911 19:57:56.349457 2819273 AriaExecutor.h:82] AriaExecutor 12 started. 
I0911 19:57:56.349503 2819274 AriaExecutor.h:82] AriaExecutor 13 started. 
I0911 19:57:56.349546 2819275 AriaExecutor.h:82] AriaExecutor 14 started. 
I0911 19:57:56.349591 2819276 AriaExecutor.h:82] AriaExecutor 15 started. 
I0911 19:57:56.349627 2819277 Manager.h:224] Manager(worker id = 16) on the coordinator node started.
I0911 19:57:57.349679 2819237 Coordinator.h:126] commit: 1310304 abort: 1440 (0/1440/0), network size: 0, avg network size: 0, si_in_serializable: 0 0 %, local: 0 %
I0911 19:57:58.349810 2819237 Coordinator.h:126] commit: 1289882 abort: 1382 (0/1382/0), network size: 0, avg network size: 0, si_in_serializable: 0 0 %, local: 0 %
I0911 19:57:59.349920 2819237 Coordinator.h:126] commit: 1255028 abort: 1420 (0/1420/0), network size: 0, avg network size: 0, si_in_serializable: 0 0 %, local: 0 %
I0911 19:58:00.350025 2819237 Coordinator.h:126] commit: 1259157 abort: 1387 (0/1387/0), network size: 0, avg network size: 0, si_in_serializable: 0 0 %, local: 0 %
I0911 19:58:01.350119 2819237 Coordinator.h:126] commit: 1311326 abort: 1442 (0/1442/0), network size: 0, avg network size: 0, si_in_serializable: 0 0 %, local: 0 %
I0911 19:58:02.350188 2819237 Coordinator.h:126] commit: 1315457 abort: 1407 (0/1407/0), network size: 0, avg network size: 0, si_in_serializable: 0 0 %, local: 0 %
I0911 19:58:03.350261 2819237 Coordinator.h:126] commit: 1309296 abort: 1424 (0/1424/0), network size: 0, avg network size: 0, si_in_serializable: 0 0 %, local: 0 %
I0911 19:58:04.350335 2819237 Coordinator.h:126] commit: 1312375 abort: 1417 (0/1417/0), network size: 0, avg network size: 0, si_in_serializable: 0 0 %, local: 0 %
I0911 19:58:05.350397 2819237 Coordinator.h:126] commit: 1323648 abort: 1408 (0/1408/0), network size: 0, avg network size: 0, si_in_serializable: 0 0 %, local: 0 %
I0911 19:58:06.350463 2819237 Coordinator.h:126] commit: 1304192 abort: 1408 (0/1408/0), network size: 0, avg network size: 0, si_in_serializable: 0 0 %, local: 0 %
I0911 19:58:07.350536 2819237 Coordinator.h:126] commit: 1320580 abort: 1404 (0/1404/0), network size: 0, avg network size: 0, si_in_serializable: 0 0 %, local: 0 %
I0911 19:58:08.350598 2819237 Coordinator.h:126] commit: 1274518 abort: 1386 (0/1386/0), network size: 0, avg network size: 0, si_in_serializable: 0 0 %, local: 0 %
I0911 19:58:09.350663 2819237 Coordinator.h:126] commit: 1279572 abort: 1452 (0/1452/0), network size: 0, avg network size: 0, si_in_serializable: 0 0 %, local: 0 %
I0911 19:58:10.350732 2819237 Coordinator.h:126] commit: 1287814 abort: 1402 (0/1402/0), network size: 0, avg network size: 0, si_in_serializable: 0 0 %, local: 0 %
I0911 19:58:11.350804 2819237 Coordinator.h:126] commit: 1323597 abort: 1459 (0/1459/0), network size: 0, avg network size: 0, si_in_serializable: 0 0 %, local: 0 %
I0911 19:58:12.350890 2819237 Coordinator.h:126] commit: 1307276 abort: 1396 (0/1396/0), network size: 0, avg network size: 0, si_in_serializable: 0 0 %, local: 0 %
I0911 19:58:13.350965 2819237 Coordinator.h:126] commit: 1320563 abort: 1421 (0/1421/0), network size: 0, avg network size: 0, si_in_serializable: 0 0 %, local: 0 %
I0911 19:58:14.351035 2819237 Coordinator.h:126] commit: 1319498 abort: 1462 (0/1462/0), network size: 0, avg network size: 0, si_in_serializable: 0 0 %, local: 0 %
I0911 19:58:15.351109 2819237 Coordinator.h:126] commit: 1316463 abort: 1425 (0/1425/0), network size: 0, avg network size: 0, si_in_serializable: 0 0 %, local: 0 %
I0911 19:58:16.351176 2819237 Coordinator.h:126] commit: 1319509 abort: 1451 (0/1451/0), network size: 0, avg network size: 0, si_in_serializable: 0 0 %, local: 0 %
I0911 19:58:17.351241 2819237 Coordinator.h:126] commit: 1317441 abort: 1471 (0/1471/0), network size: 0, avg network size: 0, si_in_serializable: 0 0 %, local: 0 %
I0911 19:58:18.351310 2819237 Coordinator.h:126] commit: 1313335 abort: 1481 (0/1481/0), network size: 0, avg network size: 0, si_in_serializable: 0 0 %, local: 0 %
I0911 19:58:19.351380 2819237 Coordinator.h:126] commit: 1319519 abort: 1441 (0/1441/0), network size: 0, avg network size: 0, si_in_serializable: 0 0 %, local: 0 %
I0911 19:58:20.351449 2819237 Coordinator.h:126] commit: 1322586 abort: 1446 (0/1446/0), network size: 0, avg network size: 0, si_in_serializable: 0 0 %, local: 0 %
I0911 19:58:21.351516 2819237 Coordinator.h:126] commit: 1316429 abort: 1459 (0/1459/0), network size: 0, avg network size: 0, si_in_serializable: 0 0 %, local: 0 %
I0911 19:58:21.351528 2819237 Coordinator.h:152] average commit: 1.30694e+06 abort: 1425.8 (0/1425.8/0), network size: 0, avg network size: 0, si_in_serializable: 0 0 %, local: 0 %
I0911 19:58:21.352195 2819265 AriaExecutor.h:94] AriaExecutor 4 exits. 
I0911 19:58:21.352200 2819271 AriaExecutor.h:94] AriaExecutor 10 exits. 
I0911 19:58:21.352211 2819266 AriaExecutor.h:94] AriaExecutor 5 exits. 
I0911 19:58:21.352200 2819277 Manager.h:227] Manager(worker id = 16) on the coordinator node exits.
I0911 19:58:21.352195 2819275 AriaExecutor.h:94] AriaExecutor 14 exits. 
I0911 19:58:21.352201 2819267 AriaExecutor.h:94] AriaExecutor 6 exits. 
I0911 19:58:21.352208 2819272 AriaExecutor.h:94] AriaExecutor 11 exits. 
I0911 19:58:21.352200 2819269 AriaExecutor.h:94] AriaExecutor 8 exits. 
I0911 19:58:21.352208 2819274 AriaExecutor.h:94] AriaExecutor 13 exits. 
I0911 19:58:21.352208 2819270 AriaExecutor.h:94] AriaExecutor 9 exits. 
I0911 19:58:21.352198 2819263 AriaExecutor.h:94] AriaExecutor 2 exits. 
I0911 19:58:21.352201 2819261 AriaExecutor.h:94] AriaExecutor 0 exits. 
I0911 19:58:21.352211 2819276 AriaExecutor.h:94] AriaExecutor 15 exits. 
I0911 19:58:21.352212 2819268 AriaExecutor.h:94] AriaExecutor 7 exits. 
I0911 19:58:21.352212 2819264 AriaExecutor.h:94] AriaExecutor 3 exits. 
I0911 19:58:21.352212 2819262 AriaExecutor.h:94] AriaExecutor 1 exits. 
I0911 19:58:21.352196 2819273 AriaExecutor.h:94] AriaExecutor 12 exits. 
I0911 19:58:21.351538 2819237 AriaExecutor.h:641] Worker 0 latency: 446 us (50%) 597 us (75%) 718 us (95%) 746 us (99%).
I0911 19:58:21.432427 2819237 AriaExecutor.h:641] Worker 1 latency: 443 us (50%) 595 us (75%) 717 us (95%) 745 us (99%).
I0911 19:58:21.521099 2819237 AriaExecutor.h:641] Worker 2 latency: 448 us (50%) 598 us (75%) 719 us (95%) 746 us (99%).
I0911 19:58:21.602299 2819237 AriaExecutor.h:641] Worker 3 latency: 444 us (50%) 595 us (75%) 718 us (95%) 746 us (99%).
I0911 19:58:21.692299 2819237 AriaExecutor.h:641] Worker 4 latency: 446 us (50%) 597 us (75%) 718 us (95%) 746 us (99%).
I0911 19:58:21.772882 2819237 AriaExecutor.h:641] Worker 5 latency: 444 us (50%) 595 us (75%) 718 us (95%) 746 us (99%).
I0911 19:58:21.863176 2819237 AriaExecutor.h:641] Worker 6 latency: 447 us (50%) 598 us (75%) 718 us (95%) 746 us (99%).
I0911 19:58:21.946957 2819237 AriaExecutor.h:641] Worker 7 latency: 444 us (50%) 595 us (75%) 718 us (95%) 746 us (99%).
I0911 19:58:22.036008 2819237 AriaExecutor.h:641] Worker 8 latency: 444 us (50%) 595 us (75%) 718 us (95%) 746 us (99%).
I0911 19:58:22.117449 2819237 AriaExecutor.h:641] Worker 9 latency: 442 us (50%) 594 us (75%) 717 us (95%) 746 us (99%).
I0911 19:58:22.205753 2819237 AriaExecutor.h:641] Worker 10 latency: 447 us (50%) 597 us (75%) 718 us (95%) 746 us (99%).
I0911 19:58:22.286484 2819237 AriaExecutor.h:641] Worker 11 latency: 444 us (50%) 595 us (75%) 717 us (95%) 745 us (99%).
I0911 19:58:22.374675 2819237 AriaExecutor.h:641] Worker 12 latency: 446 us (50%) 597 us (75%) 718 us (95%) 746 us (99%).
I0911 19:58:22.455017 2819237 AriaExecutor.h:641] Worker 13 latency: 442 us (50%) 594 us (75%) 717 us (95%) 746 us (99%).
I0911 19:58:22.544677 2819237 AriaExecutor.h:641] Worker 14 latency: 447 us (50%) 597 us (75%) 718 us (95%) 746 us (99%).
I0911 19:58:22.626008 2819237 AriaExecutor.h:641] Worker 15 latency: 443 us (50%) 594 us (75%) 717 us (95%) 745 us (99%).
I0911 19:58:22.715322 2819237 Coordinator.h:177] total commit: 1.30694e+06
I0911 19:58:23.715437 2819237 Coordinator.h:192] Coordinator exits.
