I0911 19:46:59.982676 2806751 Database.h:65] ycsb initialization finished in 147 milliseconds.
I0911 19:46:59.982803 2806751 Coordinator.h:30] Coordinator initializes 16 workers.
I0911 19:46:59.990428 2806751 Coordinator.h:77] Coordinator starts to run 17 workers.
I0911 19:46:59.990494 2806772 AriaExecutor.h:82] AriaExecutor 0 started. 
I0911 19:46:59.990541 2806773 AriaExecutor.h:82] AriaExecutor 1 started. 
I0911 19:46:59.990602 2806774 AriaExecutor.h:82] AriaExecutor 2 started. 
I0911 19:46:59.990659 2806775 AriaExecutor.h:82] AriaExecutor 3 started. 
I0911 19:46:59.990705 2806776 AriaExecutor.h:82] AriaExecutor 4 started. 
I0911 19:46:59.990761 2806777 AriaExecutor.h:82] AriaExecutor 5 started. 
I0911 19:46:59.990803 2806778 AriaExecutor.h:82] AriaExecutor 6 started. 
I0911 19:46:59.990855 2806779 AriaExecutor.h:82] AriaExecutor 7 started. 
I0911 19:46:59.990900 2806780 AriaExecutor.h:82] AriaExecutor 8 started. 
I0911 19:46:59.990950 2806781 AriaExecutor.h:82] AriaExecutor 9 started. 
I0911 19:46:59.990996 2806782 AriaExecutor.h:82] AriaExecutor 10 started. 
I0911 19:46:59.991050 2806783 AriaExecutor.h:82] AriaExecutor 11 started. 
I0911 19:46:59.991096 2806784 AriaExecutor.h:82] AriaExecutor 12 started. 
I0911 19:46:59.991149 2806785 AriaExecutor.h:82] AriaExecutor 13 started. 
I0911 19:46:59.991192 2806786 AriaExecutor.h:82] AriaExecutor 14 started. 
I0911 19:46:59.991240 2806787 AriaExecutor.h:82] AriaExecutor 15 started. 
I0911 19:46:59.991290 2806788 Manager.h:224] Manager(worker id = 16) on the coordinator node started.
I0911 19:47:00.991335 2806751 Coordinator.h:126] commit: 1186771 abort: 117805 (0/117805/0), network size: 0, avg network size: 0, si_in_serializable: 0 0 %, local: 0 %
I0911 19:47:01.991459 2806751 Coordinator.h:126] commit: 1168474 abort: 115622 (0/115622/0), network size: 0, avg network size: 0, si_in_serializable: 0 0 %, local: 0 %
I0911 19:47:02.991555 2806751 Coordinator.h:126] commit: 1143577 abort: 113895 (0/113895/0), network size: 0, avg network size: 0, si_in_serializable: 0 0 %, local: 0 %
I0911 19:47:03.991654 2806751 Coordinator.h:126] commit: 1139640 abort: 112712 (0/112712/0), network size: 0, avg network size: 0, si_in_serializable: 0 0 %, local: 0 %
I0911 19:47:04.991781 2806751 Coordinator.h:126] commit: 1188598 abort: 118026 (0/118026/0), network size: 0, avg network size: 0, si_in_serializable: 0 0 %, local: 0 %
I0911 19:47:05.991878 2806751 Coordinator.h:126] commit: 1196223 abort: 119617 (0/119617/0), network size: 0, avg network size: 0, si_in_serializable: 0 0 %, local: 0 %
I0911 19:47:06.991969 2806751 Coordinator.h:126] commit: 1197872 abort: 118992 (0/118992/0), network size: 0, avg network size: 0, si_in_serializable: 0 0 %, local: 0 %
I0911 19:47:07.992049 2806751 Coordinator.h:126] commit: 1153408 abort: 114304 (0/114304/0), network size: 0, avg network size: 0, si_in_serializable: 0 0 %, local: 0 %
I0911 19:47:08.992129 2806751 Coordinator.h:126] commit: 1198608 abort: 118256 (0/118256/0), network size: 0, avg network size: 0, si_in_serializable: 0 0 %, local: 0 %
I0911 19:47:09.992211 2806751 Coordinator.h:126] commit: 1194664 abort: 118104 (0/118104/0), network size: 0, avg network size: 0, si_in_serializable: 0 0 %, local: 0 %
I0911 19:47:10.992285 2806751 Coordinator.h:126] commit: 1166139 abort: 115909 (0/115909/0), network size: 0, avg network size: 0, si_in_serializable: 0 0 %, local: 0 %
I0911 19:47:11.992362 2806751 Coordinator.h:126] commit: 1189415 abort: 118233 (0/118233/0), network size: 0, avg network size: 0, si_in_serializable: 0 0 %, local: 0 %
I0911 19:47:12.992446 2806751 Coordinator.h:126] commit: 1161830 abort: 115098 (0/115098/0), network size: 0, avg network size: 0, si_in_serializable: 0 0 %, local: 0 %
I0911 19:47:13.992529 2806751 Coordinator.h:126] commit: 1194444 abort: 118324 (0/118324/0), network size: 0, avg network size: 0, si_in_serializable: 0 0 %, local: 0 %
I0911 19:47:14.992652 2806751 Coordinator.h:126] commit: 1098164 abort: 109132 (0/109132/0), network size: 0, avg network size: 0, si_in_serializable: 0 0 %, local: 0 %
I0911 19:47:15.992748 2806751 Coordinator.h:126] commit: 1192711 abort: 118009 (0/118009/0), network size: 0, avg network size: 0, si_in_serializable: 0 0 %, local: 0 %
I0911 19:47:16.992846 2806751 Coordinator.h:126] commit: 1193804 abort: 117940 (0/117940/0), network size: 0, avg network size: 0, si_in_serializable: 0 0 %, local: 0 %
I0911 19:47:17.992942 2806751 Coordinator.h:126] commit: 1194429 abort: 118339 (0/118339/0), network size: 0, avg network size: 0, si_in_serializable: 0 0 %, local: 0 %
I0911 19:47:18.993043 2806751 Coordinator.h:126] commit: 1194844 abort: 118948 (0/118948/0), network size: 0, avg network size: 0, si_in_serializable: 0 0 %, local: 0 %
I0911 19:47:19.993139 2806751 Coordinator.h:126] commit: 1196075 abort: 117717 (0/117717/0), network size: 0, avg network size: 0, si_in_serializable: 0 0 %, local: 0 %
I0911 19:47:20.993233 2806751 Coordinator.h:126] commit: 1192646 abort: 118074 (0/118074/0), network size: 0, avg network size: 0, si_in_serializable: 0 0 %, local: 0 %
I0911 19:47:21.993340 2806751 Coordinator.h:126] commit: 1168414 abort: 116116 (0/116116/0), network size: 0, avg network size: 0, si_in_serializable: 0 0 %, local: 0 %
I0911 19:47:22.993446 2806751 Coordinator.h:126] commit: 1170041 abort: 115827 (0/115827/0), network size: 0, avg network size: 0, si_in_serializable: 0 0 %, local: 0 %
I0911 19:47:23.993561 2806751 Coordinator.h:126] commit: 1193442 abort: 118142 (0/118142/0), network size: 0, avg network size: 0, si_in_serializable: 0 0 %, local: 0 %
I0911 19:47:24.993672 2806751 Coordinator.h:126] commit: 1195069 abort: 118723 (0/118723/0), network size: 0, avg network size: 0, si_in_serializable: 0 0 %, local: 0 %
I0911 19:47:24.993705 2806751 Coordinator.h:152] average commit: 1.17819e+06 abort: 116765 (0/116765/0), network size: 0, avg network size: 0, si_in_serializable: 0 0 %, local: 0 %
I0911 19:47:24.993782 2806774 AriaExecutor.h:94] AriaExecutor 2 exits. 
I0911 19:47:24.993795 2806786 AriaExecutor.h:94] AriaExecutor 14 exits. 
I0911 19:47:24.993786 2806776 AriaExecutor.h:94] AriaExecutor 4 exits. 
I0911 19:47:24.993783 2806780 AriaExecutor.h:94] AriaExecutor 8 exits. 
I0911 19:47:24.993791 2806788 Manager.h:227] Manager(worker id = 16) on the coordinator node exits.
I0911 19:47:24.993786 2806782 AriaExecutor.h:94] AriaExecutor 10 exits. 
I0911 19:47:24.993786 2806778 AriaExecutor.h:94] AriaExecutor 6 exits. 
I0911 19:47:24.993801 2806781 AriaExecutor.h:94] AriaExecutor 9 exits. 
I0911 19:47:24.993788 2806784 AriaExecutor.h:94] AriaExecutor 12 exits. 
I0911 19:47:24.993800 2806785 AriaExecutor.h:94] AriaExecutor 13 exits. 
I0911 19:47:24.993801 2806777 AriaExecutor.h:94] AriaExecutor 5 exits. 
I0911 19:47:24.993801 2806783 AriaExecutor.h:94] AriaExecutor 11 exits. 
I0911 19:47:24.993805 2806787 AriaExecutor.h:94] AriaExecutor 15 exits. 
I0911 19:47:24.993805 2806773 AriaExecutor.h:94] AriaExecutor 1 exits. 
I0911 19:47:24.993801 2806775 AriaExecutor.h:94] AriaExecutor 3 exits. 
I0911 19:47:24.993785 2806772 AriaExecutor.h:94] AriaExecutor 0 exits. 
I0911 19:47:24.993803 2806779 AriaExecutor.h:94] AriaExecutor 7 exits. 
I0911 19:47:24.993714 2806751 AriaExecutor.h:535] Worker 0 latency: 463 us (50%) 610 us (75%) 723 us (95%) 749 us (99%).
I0911 19:47:25.066247 2806751 AriaExecutor.h:535] Worker 1 latency: 461 us (50%) 608 us (75%) 722 us (95%) 749 us (99%).
I0911 19:47:25.146082 2806751 AriaExecutor.h:535] Worker 2 latency: 465 us (50%) 611 us (75%) 723 us (95%) 749 us (99%).
I0911 19:47:25.219027 2806751 AriaExecutor.h:535] Worker 3 latency: 461 us (50%) 608 us (75%) 722 us (95%) 749 us (99%).
I0911 19:47:25.298663 2806751 AriaExecutor.h:535] Worker 4 latency: 464 us (50%) 610 us (75%) 723 us (95%) 749 us (99%).
I0911 19:47:25.371145 2806751 AriaExecutor.h:535] Worker 5 latency: 460 us (50%) 608 us (75%) 722 us (95%) 749 us (99%).
I0911 19:47:25.451368 2806751 AriaExecutor.h:535] Worker 6 latency: 464 us (50%) 610 us (75%) 723 us (95%) 749 us (99%).
I0911 19:47:25.524606 2806751 AriaExecutor.h:535] Worker 7 latency: 460 us (50%) 607 us (75%) 722 us (95%) 749 us (99%).
I0911 19:47:25.605001 2806751 AriaExecutor.h:535] Worker 8 latency: 462 us (50%) 609 us (75%) 722 us (95%) 749 us (99%).
I0911 19:47:25.676954 2806751 AriaExecutor.h:535] Worker 9 latency: 459 us (50%) 607 us (75%) 721 us (95%) 749 us (99%).
I0911 19:47:25.758195 2806751 AriaExecutor.h:535] Worker 10 latency: 464 us (50%) 610 us (75%) 722 us (95%) 749 us (99%).
I0911 19:47:25.830595 2806751 AriaExecutor.h:535] Worker 11 latency: 460 us (50%) 607 us (75%) 721 us (95%) 749 us (99%).
I0911 19:47:25.911296 2806751 AriaExecutor.h:535] Worker 12 latency: 463 us (50%) 609 us (75%) 722 us (95%) 749 us (99%).
I0911 19:47:25.983863 2806751 AriaExecutor.h:535] Worker 13 latency: 459 us (50%) 606 us (75%) 721 us (95%) 749 us (99%).
I0911 19:47:26.064338 2806751 AriaExecutor.h:535] Worker 14 latency: 464 us (50%) 610 us (75%) 722 us (95%) 749 us (99%).
I0911 19:47:26.136960 2806751 AriaExecutor.h:535] Worker 15 latency: 460 us (50%) 607 us (75%) 721 us (95%) 749 us (99%).
I0911 19:47:26.217170 2806751 Coordinator.h:177] total commit: 1.17819e+06
I0911 19:47:27.217299 2806751 Coordinator.h:192] Coordinator exits.
