I0911 19:47:27.900038 2807104 Database.h:65] ycsb initialization finished in 146 milliseconds.
I0911 19:47:27.900153 2807104 Coordinator.h:30] Coordinator initializes 16 workers.
I0911 19:47:27.907761 2807104 Coordinator.h:77] Coordinator starts to run 17 workers.
I0911 19:47:27.907816 2807127 AriaExecutor.h:82] AriaExecutor 0 started. 
I0911 19:47:27.907858 2807128 AriaExecutor.h:82] AriaExecutor 1 started. 
I0911 19:47:27.907896 2807129 AriaExecutor.h:82] AriaExecutor 2 started. 
I0911 19:47:27.907965 2807130 AriaExecutor.h:82] AriaExecutor 3 started. 
I0911 19:47:27.907982 2807131 AriaExecutor.h:82] AriaExecutor 4 started. 
I0911 19:47:27.908041 2807132 AriaExecutor.h:82] AriaExecutor 5 started. 
I0911 19:47:27.908056 2807133 AriaExecutor.h:82] AriaExecutor 6 started. 
I0911 19:47:27.908099 2807134 AriaExecutor.h:82] AriaExecutor 7 started. 
I0911 19:47:27.908131 2807135 AriaExecutor.h:82] AriaExecutor 8 started. 
I0911 19:47:27.908185 2807136 AriaExecutor.h:82] AriaExecutor 9 started. 
I0911 19:47:27.908236 2807137 AriaExecutor.h:82] AriaExecutor 10 started. 
I0911 19:47:27.908289 2807138 AriaExecutor.h:82] AriaExecutor 11 started. 
I0911 19:47:27.908324 2807139 AriaExecutor.h:82] AriaExecutor 12 started. 
I0911 19:47:27.908372 2807140 AriaExecutor.h:82] AriaExecutor 13 started. 
I0911 19:47:27.908411 2807141 AriaExecutor.h:82] AriaExecutor 14 started. 
I0911 19:47:27.908448 2807142 AriaExecutor.h:82] AriaExecutor 15 started. 
I0911 19:47:27.908483 2807143 Manager.h:224] Manager(worker id = 16) on the coordinator node started.
I0911 19:47:28.908551 2807104 Coordinator.h:126] commit: 17120 abort: 272672 (0/272672/0), network size: 0, avg network size: 0, si_in_serializable: 0 0 %, local: 0 %
I0911 19:47:29.908681 2807104 Coordinator.h:126] commit: 17342 abort: 275522 (0/275522/0), network size: 0, avg network size: 0, si_in_serializable: 0 0 %, local: 0 %
I0911 19:47:30.908767 2807104 Coordinator.h:126] commit: 16663 abort: 263913 (0/263913/0), network size: 0, avg network size: 0, si_in_serializable: 0 0 %, local: 0 %
I0911 19:47:31.908857 2807104 Coordinator.h:126] commit: 16936 abort: 268760 (0/268760/0), network size: 0, avg network size: 0, si_in_serializable: 0 0 %, local: 0 %
I0911 19:47:32.908980 2807104 Coordinator.h:126] commit: 17621 abort: 280363 (0/280363/0), network size: 0, avg network size: 0, si_in_serializable: 0 0 %, local: 0 %
I0911 19:47:33.909104 2807104 Coordinator.h:126] commit: 17721 abort: 282311 (0/282311/0), network size: 0, avg network size: 0, si_in_serializable: 0 0 %, local: 0 %
I0911 19:47:34.909222 2807104 Coordinator.h:126] commit: 17441 abort: 276447 (0/276447/0), network size: 0, avg network size: 0, si_in_serializable: 0 0 %, local: 0 %
I0911 19:47:35.909327 2807104 Coordinator.h:126] commit: 17772 abort: 282260 (0/282260/0), network size: 0, avg network size: 0, si_in_serializable: 0 0 %, local: 0 %
I0911 19:47:36.909421 2807104 Coordinator.h:126] commit: 17270 abort: 275594 (0/275594/0), network size: 0, avg network size: 0, si_in_serializable: 0 0 %, local: 0 %
I0911 19:47:37.909533 2807104 Coordinator.h:126] commit: 17282 abort: 278654 (0/278654/0), network size: 0, avg network size: 0, si_in_serializable: 0 0 %, local: 0 %
I0911 19:47:38.909646 2807104 Coordinator.h:126] commit: 17545 abort: 282487 (0/282487/0), network size: 0, avg network size: 0, si_in_serializable: 0 0 %, local: 0 %
I0911 19:47:39.909775 2807104 Coordinator.h:126] commit: 17921 abort: 285183 (0/285183/0), network size: 0, avg network size: 0, si_in_serializable: 0 0 %, local: 0 %
I0911 19:47:40.909861 2807104 Coordinator.h:126] commit: 17830 abort: 285274 (0/285274/0), network size: 0, avg network size: 0, si_in_serializable: 0 0 %, local: 0 %
I0911 19:47:41.909940 2807104 Coordinator.h:126] commit: 18022 abort: 285082 (0/285082/0), network size: 0, avg network size: 0, si_in_serializable: 0 0 %, local: 0 %
I0911 19:47:42.910012 2807104 Coordinator.h:126] commit: 18096 abort: 286032 (0/286032/0), network size: 0, avg network size: 0, si_in_serializable: 0 0 %, local: 0 %
I0911 19:47:43.910111 2807104 Coordinator.h:126] commit: 17971 abort: 285133 (0/285133/0), network size: 0, avg network size: 0, si_in_serializable: 0 0 %, local: 0 %
I0911 19:47:44.910223 2807104 Coordinator.h:126] commit: 17931 abort: 286197 (0/286197/0), network size: 0, avg network size: 0, si_in_serializable: 0 0 %, local: 0 %
I0911 19:47:45.910344 2807104 Coordinator.h:126] commit: 17913 abort: 285191 (0/285191/0), network size: 0, avg network size: 0, si_in_serializable: 0 0 %, local: 0 %
I0911 19:47:46.910440 2807104 Coordinator.h:126] commit: 17882 abort: 284198 (0/284198/0), network size: 0, avg network size: 0, si_in_serializable: 0 0 %, local: 0 %
I0911 19:47:47.910543 2807104 Coordinator.h:126] commit: 17581 abort: 278355 (0/278355/0), network size: 0, avg network size: 0, si_in_serializable: 0 0 %, local: 0 %
I0911 19:47:48.910650 2807104 Coordinator.h:126] commit: 17596 abort: 280388 (0/280388/0), network size: 0, avg network size: 0, si_in_serializable: 0 0 %, local: 0 %
I0911 19:47:49.910740 2807104 Coordinator.h:126] commit: 17834 abort: 285270 (0/285270/0), network size: 0, avg network size: 0, si_in_serializable: 0 0 %, local: 0 %
I0911 19:47:50.910977 2807104 Coordinator.h:126] commit: 17830 abort: 285274 (0/285274/0), network size: 0, avg network size: 0, si_in_serializable: 0 0 %, local: 0 %
I0911 19:47:51.911132 2807104 Coordinator.h:126] commit: 17761 abort: 284319 (0/284319/0), network size: 0, avg network size: 0, si_in_serializable: 0 0 %, local: 0 %
I0911 19:47:52.911258 2807104 Coordinator.h:126] commit: 17973 abort: 286155 (0/286155/0), network size: 0, avg network size: 0, si_in_serializable: 0 0 %, local: 0 %
I0911 19:47:52.911303 2807104 Coordinator.h:152] average commit: 17869.2 abort: 284313 (0/284313/0), network size: 0, avg network size: 0, si_in_serializable: 0 0 %, local: 0 %
I0911 19:47:52.912783 2807139 AriaExecutor.h:94] AriaExecutor 12 exits. 
I0911 19:47:52.912783 2807135 AriaExecutor.h:94] AriaExecutor 8 exits. 
I0911 19:47:52.912784 2807137 AriaExecutor.h:94] AriaExecutor 10 exits. 
I0911 19:47:52.912786 2807127 AriaExecutor.h:94] AriaExecutor 0 exits. 
I0911 19:47:52.912822 2807136 AriaExecutor.h:94] AriaExecutor 9 exits. 
I0911 19:47:52.912789 2807134 AriaExecutor.h:94] AriaExecutor 7 exits. 
I0911 19:47:52.912796 2807141 AriaExecutor.h:94] AriaExecutor 14 exits. 
I0911 19:47:52.912787 2807130 AriaExecutor.h:94] AriaExecutor 3 exits. 
I0911 19:47:52.912818 2807142 AriaExecutor.h:94] AriaExecutor 15 exits. 
I0911 19:47:52.912788 2807128 AriaExecutor.h:94] AriaExecutor 1 exits. 
I0911 19:47:52.912787 2807132 AriaExecutor.h:94] AriaExecutor 5 exits. 
I0911 19:47:52.912796 2807143 Manager.h:227] Manager(worker id = 16) on the coordinator node exits.
I0911 19:47:52.912806 2807129 AriaExecutor.h:94] AriaExecutor 2 exits. 
I0911 19:47:52.912819 2807133 AriaExecutor.h:94] AriaExecutor 6 exits. 
I0911 19:47:52.912796 2807140 AriaExecutor.h:94] AriaExecutor 13 exits. 
I0911 19:47:52.912796 2807138 AriaExecutor.h:94] AriaExecutor 11 exits. 
I0911 19:47:52.912819 2807131 AriaExecutor.h:94] AriaExecutor 4 exits. 
I0911 19:47:52.911311 2807104 AriaExecutor.h:535] Worker 0 latency: 3282 us (50%) 3338 us (75%) 3436 us (95%) 3732 us (99%).
I0911 19:47:52.913161 2807104 AriaExecutor.h:535] Worker 1 latency: 3278 us (50%) 3336 us (75%) 3431 us (95%) 3686 us (99%).
I0911 19:47:52.914629 2807104 AriaExecutor.h:535] Worker 2 latency: 3281 us (50%) 3338 us (75%) 3438 us (95%) 3751 us (99%).
I0911 19:47:52.916209 2807104 AriaExecutor.h:535] Worker 3 latency: 3277 us (50%) 3335 us (75%) 3432 us (95%) 3710 us (99%).
I0911 19:47:52.917675 2807104 AriaExecutor.h:535] Worker 4 latency: 3276 us (50%) 3336 us (75%) 3434 us (95%) 3718 us (99%).
I0911 19:47:52.919226 2807104 AriaExecutor.h:535] Worker 5 latency: 3273 us (50%) 3335 us (75%) 3430 us (95%) 3693 us (99%).
I0911 19:47:52.920639 2807104 AriaExecutor.h:535] Worker 6 latency: 3275 us (50%) 3335 us (75%) 3432 us (95%) 3676 us (99%).
I0911 19:47:52.922152 2807104 AriaExecutor.h:535] Worker 7 latency: 3272 us (50%) 3334 us (75%) 3430 us (95%) 3700 us (99%).
I0911 19:47:52.923532 2807104 AriaExecutor.h:535] Worker 8 latency: 3270 us (50%) 3334 us (75%) 3432 us (95%) 3702 us (99%).
I0911 19:47:52.925006 2807104 AriaExecutor.h:535] Worker 9 latency: 3271 us (50%) 3334 us (75%) 3430 us (95%) 3699 us (99%).
I0911 19:47:52.926316 2807104 AriaExecutor.h:535] Worker 10 latency: 3270 us (50%) 3334 us (75%) 3432 us (95%) 3721 us (99%).
I0911 19:47:52.927762 2807104 AriaExecutor.h:535] Worker 11 latency: 3269 us (50%) 3332 us (75%) 3426 us (95%) 3713 us (99%).
I0911 19:47:52.929073 2807104 AriaExecutor.h:535] Worker 12 latency: 3268 us (50%) 3334 us (75%) 3430 us (95%) 3696 us (99%).
I0911 19:47:52.930404 2807104 AriaExecutor.h:535] Worker 13 latency: 3265 us (50%) 3331 us (75%) 3427 us (95%) 3695 us (99%).
I0911 19:47:52.931670 2807104 AriaExecutor.h:535] Worker 14 latency: 3268 us (50%) 3333 us (75%) 3430 us (95%) 3689 us (99%).
I0911 19:47:52.933101 2807104 AriaExecutor.h:535] Worker 15 latency: 3264 us (50%) 3331 us (75%) 3428 us (95%) 3748 us (99%).
I0911 19:47:52.934347 2807104 Coordinator.h:177] total commit: 17869.2
I0911 19:47:53.934481 2807104 Coordinator.h:192] Coordinator exits.
