I0911 20:03:52.948088 2826263 Database.h:65] ycsb initialization finished in 182 milliseconds.
I0911 20:03:52.948215 2826263 Coordinator.h:30] Coordinator initializes 16 workers.
I0911 20:03:52.956197 2826263 Coordinator.h:77] Coordinator starts to run 17 workers.
I0911 20:03:52.956291 2826283 AriaExecutor.h:82] AriaExecutor 0 started. 
I0911 20:03:52.956317 2826284 AriaExecutor.h:82] AriaExecutor 1 started. 
I0911 20:03:52.956383 2826285 AriaExecutor.h:82] AriaExecutor 2 started. 
I0911 20:03:52.956415 2826286 AriaExecutor.h:82] AriaExecutor 3 started. 
I0911 20:03:52.956454 2826287 AriaExecutor.h:82] AriaExecutor 4 started. 
I0911 20:03:52.956491 2826288 AriaExecutor.h:82] AriaExecutor 5 started. 
I0911 20:03:52.956524 2826289 AriaExecutor.h:82] AriaExecutor 6 started. 
I0911 20:03:52.956561 2826290 AriaExecutor.h:82] AriaExecutor 7 started. 
I0911 20:03:52.956579 2826291 AriaExecutor.h:82] AriaExecutor 8 started. 
I0911 20:03:52.956617 2826292 AriaExecutor.h:82] AriaExecutor 9 started. 
I0911 20:03:52.956656 2826293 AriaExecutor.h:82] AriaExecutor 10 started. 
I0911 20:03:52.956683 2826294 AriaExecutor.h:82] AriaExecutor 11 started. 
I0911 20:03:52.956738 2826295 AriaExecutor.h:82] AriaExecutor 12 started. 
I0911 20:03:52.956749 2826296 AriaExecutor.h:82] AriaExecutor 13 started. 
I0911 20:03:52.956796 2826297 AriaExecutor.h:82] AriaExecutor 14 started. 
I0911 20:03:52.956818 2826298 AriaExecutor.h:82] AriaExecutor 15 started. 
I0911 20:03:52.956856 2826299 Manager.h:224] Manager(worker id = 16) on the coordinator node started.
I0911 20:03:53.956910 2826263 Coordinator.h:126] commit: 61067 abort: 230773 (0/230773/0), network size: 0, avg network size: 0, si_in_serializable: 0 0 %, local: 0 %
I0911 20:03:54.957094 2826263 Coordinator.h:126] commit: 61363 abort: 231501 (0/231501/0), network size: 0, avg network size: 0, si_in_serializable: 0 0 %, local: 0 %
I0911 20:03:55.957228 2826263 Coordinator.h:126] commit: 59044 abort: 223580 (0/223580/0), network size: 0, avg network size: 0, si_in_serializable: 0 0 %, local: 0 %
I0911 20:03:56.957370 2826263 Coordinator.h:126] commit: 59972 abort: 225724 (0/225724/0), network size: 0, avg network size: 0, si_in_serializable: 0 0 %, local: 0 %
I0911 20:03:57.957590 2826263 Coordinator.h:126] commit: 61865 abort: 234071 (0/234071/0), network size: 0, avg network size: 0, si_in_serializable: 0 0 %, local: 0 %
I0911 20:03:58.957722 2826263 Coordinator.h:126] commit: 62392 abort: 236616 (0/236616/0), network size: 0, avg network size: 0, si_in_serializable: 0 0 %, local: 0 %
I0911 20:03:59.957839 2826263 Coordinator.h:126] commit: 62717 abort: 237315 (0/237315/0), network size: 0, avg network size: 0, si_in_serializable: 0 0 %, local: 0 %
I0911 20:04:00.957952 2826263 Coordinator.h:126] commit: 61883 abort: 233029 (0/233029/0), network size: 0, avg network size: 0, si_in_serializable: 0 0 %, local: 0 %
I0911 20:04:01.958083 2826263 Coordinator.h:126] commit: 62376 abort: 235608 (0/235608/0), network size: 0, avg network size: 0, si_in_serializable: 0 0 %, local: 0 %
I0911 20:04:02.958209 2826263 Coordinator.h:126] commit: 60923 abort: 229893 (0/229893/0), network size: 0, avg network size: 0, si_in_serializable: 0 0 %, local: 0 %
I0911 20:04:03.958315 2826263 Coordinator.h:126] commit: 63045 abort: 236987 (0/236987/0), network size: 0, avg network size: 0, si_in_serializable: 0 0 %, local: 0 %
I0911 20:04:04.958427 2826263 Coordinator.h:126] commit: 61053 abort: 230787 (0/230787/0), network size: 0, avg network size: 0, si_in_serializable: 0 0 %, local: 0 %
I0911 20:04:05.958549 2826263 Coordinator.h:126] commit: 62497 abort: 237535 (0/237535/0), network size: 0, avg network size: 0, si_in_serializable: 0 0 %, local: 0 %
I0911 20:04:06.958684 2826263 Coordinator.h:126] commit: 62007 abort: 231881 (0/231881/0), network size: 0, avg network size: 0, si_in_serializable: 0 0 %, local: 0 %
I0911 20:04:07.958822 2826263 Coordinator.h:126] commit: 62813 abort: 237219 (0/237219/0), network size: 0, avg network size: 0, si_in_serializable: 0 0 %, local: 0 %
I0911 20:04:08.958946 2826263 Coordinator.h:126] commit: 62634 abort: 237398 (0/237398/0), network size: 0, avg network size: 0, si_in_serializable: 0 0 %, local: 0 %
I0911 20:04:09.959061 2826263 Coordinator.h:126] commit: 62476 abort: 236532 (0/236532/0), network size: 0, avg network size: 0, si_in_serializable: 0 0 %, local: 0 %
I0911 20:04:10.959178 2826263 Coordinator.h:126] commit: 62656 abort: 236352 (0/236352/0), network size: 0, avg network size: 0, si_in_serializable: 0 0 %, local: 0 %
I0911 20:04:11.959292 2826263 Coordinator.h:126] commit: 62614 abort: 237418 (0/237418/0), network size: 0, avg network size: 0, si_in_serializable: 0 0 %, local: 0 %
I0911 20:04:12.959420 2826263 Coordinator.h:126] commit: 62922 abort: 237110 (0/237110/0), network size: 0, avg network size: 0, si_in_serializable: 0 0 %, local: 0 %
I0911 20:04:13.959546 2826263 Coordinator.h:126] commit: 62797 abort: 237235 (0/237235/0), network size: 0, avg network size: 0, si_in_serializable: 0 0 %, local: 0 %
I0911 20:04:14.959661 2826263 Coordinator.h:126] commit: 62394 abort: 235590 (0/235590/0), network size: 0, avg network size: 0, si_in_serializable: 0 0 %, local: 0 %
I0911 20:04:15.959779 2826263 Coordinator.h:126] commit: 63059 abort: 237997 (0/237997/0), network size: 0, avg network size: 0, si_in_serializable: 0 0 %, local: 0 %
I0911 20:04:16.959889 2826263 Coordinator.h:126] commit: 62852 abort: 237180 (0/237180/0), network size: 0, avg network size: 0, si_in_serializable: 0 0 %, local: 0 %
I0911 20:04:17.960016 2826263 Coordinator.h:126] commit: 62810 abort: 237222 (0/237222/0), network size: 0, avg network size: 0, si_in_serializable: 0 0 %, local: 0 %
I0911 20:04:17.960059 2826263 Coordinator.h:152] average commit: 62471.7 abort: 235922 (0/235922/0), network size: 0, avg network size: 0, si_in_serializable: 0 0 %, local: 0 %
I0911 20:04:17.962786 2826298 AriaExecutor.h:94] AriaExecutor 15 exits. 
I0911 20:04:17.962790 2826286 AriaExecutor.h:94] AriaExecutor 3 exits. 
I0911 20:04:17.962807 2826287 AriaExecutor.h:94] AriaExecutor 4 exits. 
I0911 20:04:17.962821 2826295 AriaExecutor.h:94] AriaExecutor 12 exits. 
I0911 20:04:17.962805 2826291 AriaExecutor.h:94] AriaExecutor 8 exits. 
I0911 20:04:17.962793 2826296 AriaExecutor.h:94] AriaExecutor 13 exits. 
I0911 20:04:17.962818 2826299 Manager.h:227] Manager(worker id = 16) on the coordinator node exits.
I0911 20:04:17.962791 2826290 AriaExecutor.h:94] AriaExecutor 7 exits. 
I0911 20:04:17.962841 2826284 AriaExecutor.h:94] AriaExecutor 1 exits. 
I0911 20:04:17.962805 2826289 AriaExecutor.h:94] AriaExecutor 6 exits. 
I0911 20:04:17.962806 2826293 AriaExecutor.h:94] AriaExecutor 10 exits. 
I0911 20:04:17.962806 2826297 AriaExecutor.h:94] AriaExecutor 14 exits. 
I0911 20:04:17.962806 2826285 AriaExecutor.h:94] AriaExecutor 2 exits. 
I0911 20:04:17.962793 2826283 AriaExecutor.h:94] AriaExecutor 0 exits. 
I0911 20:04:17.962827 2826292 AriaExecutor.h:94] AriaExecutor 9 exits. 
I0911 20:04:17.962797 2826288 AriaExecutor.h:94] AriaExecutor 5 exits. 
I0911 20:04:17.962798 2826294 AriaExecutor.h:94] AriaExecutor 11 exits. 
I0911 20:04:17.960069 2826263 AriaExecutor.h:641] Worker 0 latency: 2996 us (50%) 3247 us (75%) 3372 us (95%) 3496 us (99%).
I0911 20:04:17.966032 2826263 AriaExecutor.h:641] Worker 1 latency: 2985 us (50%) 3241 us (75%) 3370 us (95%) 3490 us (99%).
I0911 20:04:17.971246 2826263 AriaExecutor.h:641] Worker 2 latency: 3000 us (50%) 3247 us (75%) 3372 us (95%) 3494 us (99%).
I0911 20:04:17.976847 2826263 AriaExecutor.h:641] Worker 3 latency: 2987 us (50%) 3243 us (75%) 3370 us (95%) 3488 us (99%).
I0911 20:04:17.981997 2826263 AriaExecutor.h:641] Worker 4 latency: 2988 us (50%) 3244 us (75%) 3371 us (95%) 3487 us (99%).
I0911 20:04:17.987630 2826263 AriaExecutor.h:641] Worker 5 latency: 2973 us (50%) 3239 us (75%) 3369 us (95%) 3482 us (99%).
I0911 20:04:17.992780 2826263 AriaExecutor.h:641] Worker 6 latency: 2985 us (50%) 3243 us (75%) 3371 us (95%) 3488 us (99%).
I0911 20:04:17.998355 2826263 AriaExecutor.h:641] Worker 7 latency: 2979 us (50%) 3241 us (75%) 3369 us (95%) 3487 us (99%).
I0911 20:04:18.003401 2826263 AriaExecutor.h:641] Worker 8 latency: 2982 us (50%) 3241 us (75%) 3370 us (95%) 3489 us (99%).
I0911 20:04:18.009024 2826263 AriaExecutor.h:641] Worker 9 latency: 2964 us (50%) 3237 us (75%) 3369 us (95%) 3484 us (99%).
I0911 20:04:18.014043 2826263 AriaExecutor.h:641] Worker 10 latency: 2979 us (50%) 3239 us (75%) 3370 us (95%) 3489 us (99%).
I0911 20:04:18.019461 2826263 AriaExecutor.h:641] Worker 11 latency: 2974 us (50%) 3239 us (75%) 3368 us (95%) 3484 us (99%).
I0911 20:04:18.024415 2826263 AriaExecutor.h:641] Worker 12 latency: 2974 us (50%) 3239 us (75%) 3369 us (95%) 3481 us (99%).
I0911 20:04:18.029927 2826263 AriaExecutor.h:641] Worker 13 latency: 2961 us (50%) 3236 us (75%) 3368 us (95%) 3489 us (99%).
I0911 20:04:18.034901 2826263 AriaExecutor.h:641] Worker 14 latency: 2974 us (50%) 3238 us (75%) 3369 us (95%) 3486 us (99%).
I0911 20:04:18.040230 2826263 AriaExecutor.h:641] Worker 15 latency: 2970 us (50%) 3236 us (75%) 3367 us (95%) 3481 us (99%).
I0911 20:04:18.045156 2826263 Coordinator.h:177] total commit: 62471.7
I0911 20:04:19.045285 2826263 Coordinator.h:192] Coordinator exits.
