I0911 20:02:30.466874 2824401 Database.h:65] ycsb initialization finished in 150 milliseconds.
I0911 20:02:30.466991 2824401 Coordinator.h:30] Coordinator initializes 16 workers.
I0911 20:02:30.474551 2824401 Coordinator.h:77] Coordinator starts to run 17 workers.
I0911 20:02:30.474627 2824421 AriaExecutor.h:82] AriaExecutor 0 started. 
I0911 20:02:30.474653 2824422 AriaExecutor.h:82] AriaExecutor 1 started. 
I0911 20:02:30.474691 2824423 AriaExecutor.h:82] AriaExecutor 2 started. 
I0911 20:02:30.474752 2824424 AriaExecutor.h:82] AriaExecutor 3 started. 
I0911 20:02:30.474784 2824425 AriaExecutor.h:82] AriaExecutor 4 started. 
I0911 20:02:30.474835 2824426 AriaExecutor.h:82] AriaExecutor 5 started. 
I0911 20:02:30.474860 2824427 AriaExecutor.h:82] AriaExecutor 6 started. 
I0911 20:02:30.474921 2824428 AriaExecutor.h:82] AriaExecutor 7 started. 
I0911 20:02:30.474948 2824429 AriaExecutor.h:82] AriaExecutor 8 started. 
I0911 20:02:30.474994 2824430 AriaExecutor.h:82] AriaExecutor 9 started. 
I0911 20:02:30.475034 2824431 AriaExecutor.h:82] AriaExecutor 10 started. 
I0911 20:02:30.475082 2824432 AriaExecutor.h:82] AriaExecutor 11 started. 
I0911 20:02:30.475116 2824433 AriaExecutor.h:82] AriaExecutor 12 started. 
I0911 20:02:30.475173 2824434 AriaExecutor.h:82] AriaExecutor 13 started. 
I0911 20:02:30.475198 2824435 AriaExecutor.h:82] AriaExecutor 14 started. 
I0911 20:02:30.475243 2824436 AriaExecutor.h:82] AriaExecutor 15 started. 
I0911 20:02:30.475287 2824437 Manager.h:224] Manager(worker id = 16) on the coordinator node started.
I0911 20:02:31.475335 2824401 Coordinator.h:126] commit: 1064966 abort: 38906 (0/38906/0), network size: 0, avg network size: 0, si_in_serializable: 0 0 %, local: 0 %
I0911 20:02:32.475443 2824401 Coordinator.h:126] commit: 1054700 abort: 38932 (0/38932/0), network size: 0, avg network size: 0, si_in_serializable: 0 0 %, local: 0 %
I0911 20:02:33.475540 2824401 Coordinator.h:126] commit: 1022253 abort: 37587 (0/37587/0), network size: 0, avg network size: 0, si_in_serializable: 0 0 %, local: 0 %
I0911 20:02:34.475623 2824401 Coordinator.h:126] commit: 1030975 abort: 38081 (0/38081/0), network size: 0, avg network size: 0, si_in_serializable: 0 0 %, local: 0 %
I0911 20:02:35.475750 2824401 Coordinator.h:126] commit: 1054400 abort: 39232 (0/39232/0), network size: 0, avg network size: 0, si_in_serializable: 0 0 %, local: 0 %
I0911 20:02:36.475857 2824401 Coordinator.h:126] commit: 1077069 abort: 40115 (0/40115/0), network size: 0, avg network size: 0, si_in_serializable: 0 0 %, local: 0 %
I0911 20:02:37.475967 2824401 Coordinator.h:126] commit: 1077835 abort: 39349 (0/39349/0), network size: 0, avg network size: 0, si_in_serializable: 0 0 %, local: 0 %
I0911 20:02:38.476071 2824401 Coordinator.h:126] commit: 1038049 abort: 38175 (0/38175/0), network size: 0, avg network size: 0, si_in_serializable: 0 0 %, local: 0 %
I0911 20:02:39.476162 2824401 Coordinator.h:126] commit: 1072531 abort: 39533 (0/39533/0), network size: 0, avg network size: 0, si_in_serializable: 0 0 %, local: 0 %
I0911 20:02:40.476249 2824401 Coordinator.h:126] commit: 1056689 abort: 38991 (0/38991/0), network size: 0, avg network size: 0, si_in_serializable: 0 0 %, local: 0 %
I0911 20:02:41.476341 2824401 Coordinator.h:126] commit: 1078516 abort: 39692 (0/39692/0), network size: 0, avg network size: 0, si_in_serializable: 0 0 %, local: 0 %
I0911 20:02:42.476442 2824401 Coordinator.h:126] commit: 1043506 abort: 38862 (0/38862/0), network size: 0, avg network size: 0, si_in_serializable: 0 0 %, local: 0 %
I0911 20:02:43.476547 2824401 Coordinator.h:126] commit: 1079530 abort: 39702 (0/39702/0), network size: 0, avg network size: 0, si_in_serializable: 0 0 %, local: 0 %
I0911 20:02:44.476647 2824401 Coordinator.h:126] commit: 1056590 abort: 39090 (0/39090/0), network size: 0, avg network size: 0, si_in_serializable: 0 0 %, local: 0 %
I0911 20:02:45.476778 2824401 Coordinator.h:126] commit: 1076349 abort: 39811 (0/39811/0), network size: 0, avg network size: 0, si_in_serializable: 0 0 %, local: 0 %
I0911 20:02:46.476886 2824401 Coordinator.h:126] commit: 981599 abort: 36257 (0/36257/0), network size: 0, avg network size: 0, si_in_serializable: 0 0 %, local: 0 %
I0911 20:02:47.476987 2824401 Coordinator.h:126] commit: 1076979 abort: 40205 (0/40205/0), network size: 0, avg network size: 0, si_in_serializable: 0 0 %, local: 0 %
I0911 20:02:48.477082 2824401 Coordinator.h:126] commit: 1077381 abort: 39803 (0/39803/0), network size: 0, avg network size: 0, si_in_serializable: 0 0 %, local: 0 %
I0911 20:02:49.477171 2824401 Coordinator.h:126] commit: 1077306 abort: 39878 (0/39878/0), network size: 0, avg network size: 0, si_in_serializable: 0 0 %, local: 0 %
I0911 20:02:50.477273 2824401 Coordinator.h:126] commit: 1077601 abort: 39583 (0/39583/0), network size: 0, avg network size: 0, si_in_serializable: 0 0 %, local: 0 %
I0911 20:02:51.477372 2824401 Coordinator.h:126] commit: 1077663 abort: 39521 (0/39521/0), network size: 0, avg network size: 0, si_in_serializable: 0 0 %, local: 0 %
I0911 20:02:52.477476 2824401 Coordinator.h:126] commit: 1031699 abort: 38381 (0/38381/0), network size: 0, avg network size: 0, si_in_serializable: 0 0 %, local: 0 %
I0911 20:02:53.477573 2824401 Coordinator.h:126] commit: 1048127 abort: 38337 (0/38337/0), network size: 0, avg network size: 0, si_in_serializable: 0 0 %, local: 0 %
I0911 20:02:54.477667 2824401 Coordinator.h:126] commit: 1076952 abort: 40232 (0/40232/0), network size: 0, avg network size: 0, si_in_serializable: 0 0 %, local: 0 %
I0911 20:02:55.477773 2824401 Coordinator.h:126] commit: 1067242 abort: 39702 (0/39702/0), network size: 0, avg network size: 0, si_in_serializable: 0 0 %, local: 0 %
I0911 20:02:55.477798 2824401 Coordinator.h:152] average commit: 1.06254e+06 abort: 39288.3 (0/39288.3/0), network size: 0, avg network size: 0, si_in_serializable: 0 0 %, local: 0 %
I0911 20:02:55.477926 2824433 AriaExecutor.h:94] AriaExecutor 12 exits. 
I0911 20:02:55.477926 2824425 AriaExecutor.h:94] AriaExecutor 4 exits. 
I0911 20:02:55.477931 2824423 AriaExecutor.h:94] AriaExecutor 2 exits. 
I0911 20:02:55.477943 2824426 AriaExecutor.h:94] AriaExecutor 5 exits. 
I0911 20:02:55.477937 2824431 AriaExecutor.h:94] AriaExecutor 10 exits. 
I0911 20:02:55.477943 2824422 AriaExecutor.h:94] AriaExecutor 1 exits. 
I0911 20:02:55.477948 2824424 AriaExecutor.h:94] AriaExecutor 3 exits. 
I0911 20:02:55.477948 2824430 AriaExecutor.h:94] AriaExecutor 9 exits. 
I0911 20:02:55.477932 2824429 AriaExecutor.h:94] AriaExecutor 8 exits. 
I0911 20:02:55.477933 2824427 AriaExecutor.h:94] AriaExecutor 6 exits. 
I0911 20:02:55.477936 2824437 Manager.h:227] Manager(worker id = 16) on the coordinator node exits.
I0911 20:02:55.477953 2824434 AriaExecutor.h:94] AriaExecutor 13 exits. 
I0911 20:02:55.477933 2824421 AriaExecutor.h:94] AriaExecutor 0 exits. 
I0911 20:02:55.477933 2824435 AriaExecutor.h:94] AriaExecutor 14 exits. 
I0911 20:02:55.477968 2824436 AriaExecutor.h:94] AriaExecutor 15 exits. 
I0911 20:02:55.477949 2824432 AriaExecutor.h:94] AriaExecutor 11 exits. 
I0911 20:02:55.477943 2824428 AriaExecutor.h:94] AriaExecutor 7 exits. 
I0911 20:02:55.477807 2824401 AriaExecutor.h:641] Worker 0 latency: 585 us (50%) 733 us (75%) 850 us (95%) 884 us (99%).
I0911 20:02:55.541191 2824401 AriaExecutor.h:641] Worker 1 latency: 583 us (50%) 731 us (75%) 848 us (95%) 881 us (99%).
I0911 20:02:55.606518 2824401 AriaExecutor.h:641] Worker 2 latency: 587 us (50%) 734 us (75%) 850 us (95%) 884 us (99%).
I0911 20:02:55.670298 2824401 AriaExecutor.h:641] Worker 3 latency: 584 us (50%) 731 us (75%) 848 us (95%) 881 us (99%).
I0911 20:02:55.735519 2824401 AriaExecutor.h:641] Worker 4 latency: 586 us (50%) 733 us (75%) 850 us (95%) 884 us (99%).
I0911 20:02:55.799341 2824401 AriaExecutor.h:641] Worker 5 latency: 581 us (50%) 729 us (75%) 848 us (95%) 881 us (99%).
I0911 20:02:55.863900 2824401 AriaExecutor.h:641] Worker 6 latency: 587 us (50%) 734 us (75%) 850 us (95%) 884 us (99%).
I0911 20:02:55.927852 2824401 AriaExecutor.h:641] Worker 7 latency: 583 us (50%) 731 us (75%) 848 us (95%) 880 us (99%).
I0911 20:02:55.991796 2824401 AriaExecutor.h:641] Worker 8 latency: 584 us (50%) 732 us (75%) 850 us (95%) 884 us (99%).
I0911 20:02:56.056907 2824401 AriaExecutor.h:641] Worker 9 latency: 582 us (50%) 730 us (75%) 848 us (95%) 881 us (99%).
I0911 20:02:56.121156 2824401 AriaExecutor.h:641] Worker 10 latency: 586 us (50%) 733 us (75%) 850 us (95%) 884 us (99%).
I0911 20:02:56.184715 2824401 AriaExecutor.h:641] Worker 11 latency: 583 us (50%) 730 us (75%) 848 us (95%) 881 us (99%).
I0911 20:02:56.249245 2824401 AriaExecutor.h:641] Worker 12 latency: 586 us (50%) 733 us (75%) 850 us (95%) 884 us (99%).
I0911 20:02:56.312561 2824401 AriaExecutor.h:641] Worker 13 latency: 582 us (50%) 730 us (75%) 848 us (95%) 881 us (99%).
I0911 20:02:56.376175 2824401 AriaExecutor.h:641] Worker 14 latency: 586 us (50%) 733 us (75%) 850 us (95%) 884 us (99%).
I0911 20:02:56.439877 2824401 AriaExecutor.h:641] Worker 15 latency: 584 us (50%) 731 us (75%) 848 us (95%) 881 us (99%).
I0911 20:02:56.503896 2824401 Coordinator.h:177] total commit: 1.06254e+06
I0911 20:02:57.504006 2824401 Coordinator.h:192] Coordinator exits.
