I0911 19:59:19.169028 2821165 Database.h:65] ycsb initialization finished in 145 milliseconds.
I0911 19:59:19.169147 2821165 Coordinator.h:30] Coordinator initializes 16 workers.
I0911 19:59:19.176807 2821165 Coordinator.h:77] Coordinator starts to run 17 workers.
I0911 19:59:19.176868 2821186 AriaExecutor.h:82] AriaExecutor 0 started. 
I0911 19:59:19.176903 2821187 AriaExecutor.h:82] AriaExecutor 1 started. 
I0911 19:59:19.176961 2821188 AriaExecutor.h:82] AriaExecutor 2 started. 
I0911 19:59:19.177011 2821189 AriaExecutor.h:82] AriaExecutor 3 started. 
I0911 19:59:19.177054 2821190 AriaExecutor.h:82] AriaExecutor 4 started. 
I0911 19:59:19.177098 2821191 AriaExecutor.h:82] AriaExecutor 5 started. 
I0911 19:59:19.177125 2821192 AriaExecutor.h:82] AriaExecutor 6 started. 
I0911 19:59:19.177177 2821193 AriaExecutor.h:82] AriaExecutor 7 started. 
I0911 19:59:19.177212 2821194 AriaExecutor.h:82] AriaExecutor 8 started. 
I0911 19:59:19.177253 2821195 AriaExecutor.h:82] AriaExecutor 9 started. 
I0911 19:59:19.177296 2821196 AriaExecutor.h:82] AriaExecutor 10 started. 
I0911 19:59:19.177341 2821197 AriaExecutor.h:82] AriaExecutor 11 started. 
I0911 19:59:19.177376 2821198 AriaExecutor.h:82] AriaExecutor 12 started. 
I0911 19:59:19.177424 2821199 AriaExecutor.h:82] AriaExecutor 13 started. 
I0911 19:59:19.177457 2821200 AriaExecutor.h:82] AriaExecutor 14 started. 
I0911 19:59:19.177507 2821201 AriaExecutor.h:82] AriaExecutor 15 started. 
I0911 19:59:19.177542 2821202 Manager.h:224] Manager(worker id = 16) on the coordinator node started.
I0911 19:59:20.177593 2821165 Coordinator.h:126] commit: 94282 abort: 92086 (0/92086/0), network size: 0, avg network size: 0, si_in_serializable: 0 0 %, local: 0 %
I0911 19:59:21.177712 2821165 Coordinator.h:126] commit: 94281 abort: 92087 (0/92087/0), network size: 0, avg network size: 0, si_in_serializable: 0 0 %, local: 0 %
I0911 19:59:22.177781 2821165 Coordinator.h:126] commit: 90739 abort: 88461 (0/88461/0), network size: 0, avg network size: 0, si_in_serializable: 0 0 %, local: 0 %
I0911 19:59:23.177851 2821165 Coordinator.h:126] commit: 92800 abort: 90496 (0/90496/0), network size: 0, avg network size: 0, si_in_serializable: 0 0 %, local: 0 %
I0911 19:59:24.177978 2821165 Coordinator.h:126] commit: 96259 abort: 94205 (0/94205/0), network size: 0, avg network size: 0, si_in_serializable: 0 0 %, local: 0 %
I0911 19:59:25.178082 2821165 Coordinator.h:126] commit: 96684 abort: 94804 (0/94804/0), network size: 0, avg network size: 0, si_in_serializable: 0 0 %, local: 0 %
I0911 19:59:26.178157 2821165 Coordinator.h:126] commit: 97004 abort: 94484 (0/94484/0), network size: 0, avg network size: 0, si_in_serializable: 0 0 %, local: 0 %
I0911 19:59:27.178226 2821165 Coordinator.h:126] commit: 96159 abort: 94305 (0/94305/0), network size: 0, avg network size: 0, si_in_serializable: 0 0 %, local: 0 %
I0911 19:59:28.178310 2821165 Coordinator.h:126] commit: 93836 abort: 91508 (0/91508/0), network size: 0, avg network size: 0, si_in_serializable: 0 0 %, local: 0 %
I0911 19:59:29.178408 2821165 Coordinator.h:126] commit: 96943 abort: 94545 (0/94545/0), network size: 0, avg network size: 0, si_in_serializable: 0 0 %, local: 0 %
I0911 19:59:30.178488 2821165 Coordinator.h:126] commit: 94383 abort: 91985 (0/91985/0), network size: 0, avg network size: 0, si_in_serializable: 0 0 %, local: 0 %
I0911 19:59:31.178565 2821165 Coordinator.h:126] commit: 97202 abort: 95310 (0/95310/0), network size: 0, avg network size: 0, si_in_serializable: 0 0 %, local: 0 %
I0911 19:59:32.178666 2821165 Coordinator.h:126] commit: 96240 abort: 94224 (0/94224/0), network size: 0, avg network size: 0, si_in_serializable: 0 0 %, local: 0 %
I0911 19:59:33.178747 2821165 Coordinator.h:126] commit: 98113 abort: 95423 (0/95423/0), network size: 0, avg network size: 0, si_in_serializable: 0 0 %, local: 0 %
I0911 19:59:34.178828 2821165 Coordinator.h:126] commit: 96724 abort: 94764 (0/94764/0), network size: 0, avg network size: 0, si_in_serializable: 0 0 %, local: 0 %
I0911 19:59:35.178907 2821165 Coordinator.h:126] commit: 98008 abort: 95528 (0/95528/0), network size: 0, avg network size: 0, si_in_serializable: 0 0 %, local: 0 %
I0911 19:59:36.178982 2821165 Coordinator.h:126] commit: 97010 abort: 94478 (0/94478/0), network size: 0, avg network size: 0, si_in_serializable: 0 0 %, local: 0 %
I0911 19:59:37.179059 2821165 Coordinator.h:126] commit: 98047 abort: 95489 (0/95489/0), network size: 0, avg network size: 0, si_in_serializable: 0 0 %, local: 0 %
I0911 19:59:38.179126 2821165 Coordinator.h:126] commit: 96719 abort: 94769 (0/94769/0), network size: 0, avg network size: 0, si_in_serializable: 0 0 %, local: 0 %
I0911 19:59:39.179193 2821165 Coordinator.h:126] commit: 97916 abort: 95620 (0/95620/0), network size: 0, avg network size: 0, si_in_serializable: 0 0 %, local: 0 %
I0911 19:59:40.179268 2821165 Coordinator.h:126] commit: 97147 abort: 94545 (0/94545/0), network size: 0, avg network size: 0, si_in_serializable: 0 0 %, local: 0 %
I0911 19:59:41.179363 2821165 Coordinator.h:126] commit: 96759 abort: 94525 (0/94525/0), network size: 0, avg network size: 0, si_in_serializable: 0 0 %, local: 0 %
I0911 19:59:42.179436 2821165 Coordinator.h:126] commit: 94723 abort: 92669 (0/92669/0), network size: 0, avg network size: 0, si_in_serializable: 0 0 %, local: 0 %
I0911 19:59:43.179525 2821165 Coordinator.h:126] commit: 97172 abort: 95340 (0/95340/0), network size: 0, avg network size: 0, si_in_serializable: 0 0 %, local: 0 %
I0911 19:59:44.179628 2821165 Coordinator.h:126] commit: 96973 abort: 94560 (0/94560/0), network size: 0, avg network size: 0, si_in_serializable: 0 0 %, local: 0 %
I0911 19:59:44.179646 2821165 Coordinator.h:152] average commit: 97036.2 abort: 94759 (0/94759/0), network size: 0, avg network size: 0, si_in_serializable: 0 0 %, local: 0 %
I0911 19:59:44.179893 2821194 AriaExecutor.h:94] AriaExecutor 8 exits. 
I0911 19:59:44.179896 2821202 Manager.h:227] Manager(worker id = 16) on the coordinator node exits.
I0911 19:59:44.179894 2821186 AriaExecutor.h:94] AriaExecutor 0 exits. 
I0911 19:59:44.179935 2821187 AriaExecutor.h:94] AriaExecutor 1 exits. 
I0911 19:59:44.179905 2821201 AriaExecutor.h:94] AriaExecutor 15 exits. 
I0911 19:59:44.179914 2821197 AriaExecutor.h:94] AriaExecutor 11 exits. 
I0911 19:59:44.179901 2821192 AriaExecutor.h:94] AriaExecutor 6 exits. 
I0911 19:59:44.179939 2821189 AriaExecutor.h:94] AriaExecutor 3 exits. 
I0911 19:59:44.179906 2821193 AriaExecutor.h:94] AriaExecutor 7 exits. 
I0911 19:59:44.179898 2821196 AriaExecutor.h:94] AriaExecutor 10 exits. 
I0911 19:59:44.179906 2821199 AriaExecutor.h:94] AriaExecutor 13 exits. 
I0911 19:59:44.179906 2821191 AriaExecutor.h:94] AriaExecutor 5 exits. 
I0911 19:59:44.179893 2821198 AriaExecutor.h:94] AriaExecutor 12 exits. 
I0911 19:59:44.179910 2821195 AriaExecutor.h:94] AriaExecutor 9 exits. 
I0911 19:59:44.179895 2821190 AriaExecutor.h:94] AriaExecutor 4 exits. 
I0911 19:59:44.179896 2821188 AriaExecutor.h:94] AriaExecutor 2 exits. 
I0911 19:59:44.179893 2821200 AriaExecutor.h:94] AriaExecutor 14 exits. 
I0911 19:59:44.179654 2821165 AriaExecutor.h:641] Worker 0 latency: 4402 us (50%) 4799 us (75%) 5048 us (95%) 5240 us (99%).
I0911 19:59:44.187307 2821165 AriaExecutor.h:641] Worker 1 latency: 4398 us (50%) 4795 us (75%) 5046 us (95%) 5224 us (99%).
I0911 19:59:44.194650 2821165 AriaExecutor.h:641] Worker 2 latency: 4407 us (50%) 4800 us (75%) 5048 us (95%) 5232 us (99%).
I0911 19:59:44.201974 2821165 AriaExecutor.h:641] Worker 3 latency: 4395 us (50%) 4796 us (75%) 5046 us (95%) 5227 us (99%).
I0911 19:59:44.209372 2821165 AriaExecutor.h:641] Worker 4 latency: 4396 us (50%) 4796 us (75%) 5047 us (95%) 5235 us (99%).
I0911 19:59:44.216801 2821165 AriaExecutor.h:641] Worker 5 latency: 4394 us (50%) 4795 us (75%) 5046 us (95%) 5227 us (99%).
I0911 19:59:44.224138 2821165 AriaExecutor.h:641] Worker 6 latency: 4406 us (50%) 4799 us (75%) 5048 us (95%) 5236 us (99%).
I0911 19:59:44.231504 2821165 AriaExecutor.h:641] Worker 7 latency: 4401 us (50%) 4796 us (75%) 5046 us (95%) 5225 us (99%).
I0911 19:59:44.238869 2821165 AriaExecutor.h:641] Worker 8 latency: 4400 us (50%) 4800 us (75%) 5047 us (95%) 5232 us (99%).
I0911 19:59:44.246098 2821165 AriaExecutor.h:641] Worker 9 latency: 4392 us (50%) 4794 us (75%) 5045 us (95%) 5226 us (99%).
I0911 19:59:44.253437 2821165 AriaExecutor.h:641] Worker 10 latency: 4405 us (50%) 4800 us (75%) 5047 us (95%) 5234 us (99%).
I0911 19:59:44.260710 2821165 AriaExecutor.h:641] Worker 11 latency: 4404 us (50%) 4798 us (75%) 5046 us (95%) 5225 us (99%).
I0911 19:59:44.267997 2821165 AriaExecutor.h:641] Worker 12 latency: 4401 us (50%) 4799 us (75%) 5048 us (95%) 5234 us (99%).
I0911 19:59:44.275251 2821165 AriaExecutor.h:641] Worker 13 latency: 4394 us (50%) 4796 us (75%) 5046 us (95%) 5224 us (99%).
I0911 19:59:44.282598 2821165 AriaExecutor.h:641] Worker 14 latency: 4405 us (50%) 4798 us (75%) 5047 us (95%) 5233 us (99%).
I0911 19:59:44.289944 2821165 AriaExecutor.h:641] Worker 15 latency: 4403 us (50%) 4799 us (75%) 5045 us (95%) 5227 us (99%).
I0911 19:59:44.297240 2821165 Coordinator.h:177] total commit: 97036.2
I0911 19:59:45.297343 2821165 Coordinator.h:192] Coordinator exits.
