I0911 19:49:43.184609 2809884 Database.h:65] ycsb initialization finished in 147 milliseconds.
I0911 19:49:43.184721 2809884 Coordinator.h:30] Coordinator initializes 16 workers.
I0911 19:49:43.192670 2809884 Coordinator.h:77] Coordinator starts to run 17 workers.
I0911 19:49:43.192764 2809906 AriaExecutor.h:82] AriaExecutor 0 started. 
I0911 19:49:43.192787 2809907 AriaExecutor.h:82] AriaExecutor 1 started. 
I0911 19:49:43.192857 2809908 AriaExecutor.h:82] AriaExecutor 2 started. 
I0911 19:49:43.192883 2809909 AriaExecutor.h:82] AriaExecutor 3 started. 
I0911 19:49:43.192950 2809910 AriaExecutor.h:82] AriaExecutor 4 started. 
I0911 19:49:43.192960 2809911 AriaExecutor.h:82] AriaExecutor 5 started. 
I0911 19:49:43.192997 2809912 AriaExecutor.h:82] AriaExecutor 6 started. 
I0911 19:49:43.193029 2809913 AriaExecutor.h:82] AriaExecutor 7 started. 
I0911 19:49:43.193066 2809914 AriaExecutor.h:82] AriaExecutor 8 started. 
I0911 19:49:43.193096 2809915 AriaExecutor.h:82] AriaExecutor 9 started. 
I0911 19:49:43.193130 2809916 AriaExecutor.h:82] AriaExecutor 10 started. 
I0911 19:49:43.193166 2809917 AriaExecutor.h:82] AriaExecutor 11 started. 
I0911 19:49:43.193192 2809918 AriaExecutor.h:82] AriaExecutor 12 started. 
I0911 19:49:43.193223 2809919 AriaExecutor.h:82] AriaExecutor 13 started. 
I0911 19:49:43.193256 2809920 AriaExecutor.h:82] AriaExecutor 14 started. 
I0911 19:49:43.193290 2809921 AriaExecutor.h:82] AriaExecutor 15 started. 
I0911 19:49:43.193315 2809922 Manager.h:224] Manager(worker id = 16) on the coordinator node started.
I0911 19:49:44.193369 2809884 Coordinator.h:126] commit: 486771 abort: 610957 (0/610957/0), network size: 0, avg network size: 0, si_in_serializable: 0 0 %, local: 0 %
I0911 19:49:45.193493 2809884 Coordinator.h:126] commit: 484034 abort: 605502 (0/605502/0), network size: 0, avg network size: 0, si_in_serializable: 0 0 %, local: 0 %
I0911 19:49:46.193598 2809884 Coordinator.h:126] commit: 468143 abort: 586577 (0/586577/0), network size: 0, avg network size: 0, si_in_serializable: 0 0 %, local: 0 %
I0911 19:49:47.193709 2809884 Coordinator.h:126] commit: 474336 abort: 595744 (0/595744/0), network size: 0, avg network size: 0, si_in_serializable: 0 0 %, local: 0 %
I0911 19:49:48.193898 2809884 Coordinator.h:126] commit: 483088 abort: 606448 (0/606448/0), network size: 0, avg network size: 0, si_in_serializable: 0 0 %, local: 0 %
I0911 19:49:49.194031 2809884 Coordinator.h:126] commit: 488842 abort: 612982 (0/612982/0), network size: 0, avg network size: 0, si_in_serializable: 0 0 %, local: 0 %
I0911 19:49:50.194137 2809884 Coordinator.h:126] commit: 491031 abort: 614889 (0/614889/0), network size: 0, avg network size: 0, si_in_serializable: 0 0 %, local: 0 %
I0911 19:49:51.194218 2809884 Coordinator.h:126] commit: 485641 abort: 607991 (0/607991/0), network size: 0, avg network size: 0, si_in_serializable: 0 0 %, local: 0 %
I0911 19:49:52.194331 2809884 Coordinator.h:126] commit: 476890 abort: 598310 (0/598310/0), network size: 0, avg network size: 0, si_in_serializable: 0 0 %, local: 0 %
I0911 19:49:53.194440 2809884 Coordinator.h:126] commit: 476524 abort: 595623 (0/595623/0), network size: 0, avg network size: 0, si_in_serializable: 0 0 %, local: 0 %
I0911 19:49:54.194545 2809884 Coordinator.h:126] commit: 491225 abort: 615700 (0/615700/0), network size: 0, avg network size: 0, si_in_serializable: 0 0 %, local: 0 %
I0911 19:49:55.194628 2809884 Coordinator.h:126] commit: 480967 abort: 601401 (0/601401/0), network size: 0, avg network size: 0, si_in_serializable: 0 0 %, local: 0 %
I0911 19:49:56.194734 2809884 Coordinator.h:126] commit: 489559 abort: 616361 (0/616361/0), network size: 0, avg network size: 0, si_in_serializable: 0 0 %, local: 0 %
I0911 19:49:57.194844 2809884 Coordinator.h:126] commit: 489570 abort: 611230 (0/611230/0), network size: 0, avg network size: 0, si_in_serializable: 0 0 %, local: 0 %
I0911 19:49:58.194944 2809884 Coordinator.h:126] commit: 490258 abort: 615662 (0/615662/0), network size: 0, avg network size: 0, si_in_serializable: 0 0 %, local: 0 %
I0911 19:49:59.195037 2809884 Coordinator.h:126] commit: 488971 abort: 613877 (0/613877/0), network size: 0, avg network size: 0, si_in_serializable: 0 0 %, local: 0 %
I0911 19:50:00.195140 2809884 Coordinator.h:126] commit: 490259 abort: 614637 (0/614637/0), network size: 0, avg network size: 0, si_in_serializable: 0 0 %, local: 0 %
I0911 19:50:01.195219 2809884 Coordinator.h:126] commit: 469076 abort: 589740 (0/589740/0), network size: 0, avg network size: 0, si_in_serializable: 0 0 %, local: 0 %
I0911 19:50:02.195323 2809884 Coordinator.h:126] commit: 491268 abort: 613628 (0/613628/0), network size: 0, avg network size: 0, si_in_serializable: 0 0 %, local: 0 %
I0911 19:50:03.195417 2809884 Coordinator.h:126] commit: 489356 abort: 612468 (0/612468/0), network size: 0, avg network size: 0, si_in_serializable: 0 0 %, local: 0 %
I0911 19:50:04.195524 2809884 Coordinator.h:126] commit: 492205 abort: 614739 (0/614739/0), network size: 0, avg network size: 0, si_in_serializable: 0 0 %, local: 0 %
I0911 19:50:05.195613 2809884 Coordinator.h:126] commit: 487998 abort: 613826 (0/613826/0), network size: 0, avg network size: 0, si_in_serializable: 0 0 %, local: 0 %
I0911 19:50:06.195712 2809884 Coordinator.h:126] commit: 490502 abort: 615418 (0/615418/0), network size: 0, avg network size: 0, si_in_serializable: 0 0 %, local: 0 %
I0911 19:50:07.195801 2809884 Coordinator.h:126] commit: 490169 abort: 613703 (0/613703/0), network size: 0, avg network size: 0, si_in_serializable: 0 0 %, local: 0 %
I0911 19:50:08.195909 2809884 Coordinator.h:126] commit: 482076 abort: 604388 (0/604388/0), network size: 0, avg network size: 0, si_in_serializable: 0 0 %, local: 0 %
I0911 19:50:08.195952 2809884 Coordinator.h:152] average commit: 487051 abort: 610470 (0/610470/0), network size: 0, avg network size: 0, si_in_serializable: 0 0 %, local: 0 %
I0911 19:50:08.196815 2809919 AriaExecutor.h:94] AriaExecutor 13 exits. 
I0911 19:50:08.196820 2809911 AriaExecutor.h:94] AriaExecutor 5 exits. 
I0911 19:50:08.196822 2809906 AriaExecutor.h:94] AriaExecutor 0 exits. 
I0911 19:50:08.196826 2809907 AriaExecutor.h:94] AriaExecutor 1 exits. 
I0911 19:50:08.196830 2809918 AriaExecutor.h:94] AriaExecutor 12 exits. 
I0911 19:50:08.196830 2809916 AriaExecutor.h:94] AriaExecutor 10 exits. 
I0911 19:50:08.196846 2809922 Manager.h:227] Manager(worker id = 16) on the coordinator node exits.
I0911 19:50:08.196816 2809915 AriaExecutor.h:94] AriaExecutor 9 exits. 
I0911 19:50:08.196816 2809913 AriaExecutor.h:94] AriaExecutor 7 exits. 
I0911 19:50:08.196832 2809912 AriaExecutor.h:94] AriaExecutor 6 exits. 
I0911 19:50:08.196833 2809914 AriaExecutor.h:94] AriaExecutor 8 exits. 
I0911 19:50:08.196838 2809917 AriaExecutor.h:94] AriaExecutor 11 exits. 
I0911 19:50:08.196834 2809920 AriaExecutor.h:94] AriaExecutor 14 exits. 
I0911 19:50:08.196835 2809910 AriaExecutor.h:94] AriaExecutor 4 exits. 
I0911 19:50:08.196820 2809909 AriaExecutor.h:94] AriaExecutor 3 exits. 
I0911 19:50:08.196834 2809908 AriaExecutor.h:94] AriaExecutor 2 exits. 
I0911 19:50:08.196816 2809921 AriaExecutor.h:94] AriaExecutor 15 exits. 
I0911 19:50:08.195960 2809884 AriaExecutor.h:535] Worker 0 latency: 676 us (50%) 811 us (75%) 884 us (95%) 907 us (99%).
I0911 19:50:08.232178 2809884 AriaExecutor.h:535] Worker 1 latency: 676 us (50%) 810 us (75%) 883 us (95%) 906 us (99%).
I0911 19:50:08.264398 2809884 AriaExecutor.h:535] Worker 2 latency: 678 us (50%) 811 us (75%) 884 us (95%) 907 us (99%).
I0911 19:50:08.301107 2809884 AriaExecutor.h:535] Worker 3 latency: 674 us (50%) 809 us (75%) 883 us (95%) 905 us (99%).
I0911 19:50:08.333957 2809884 AriaExecutor.h:535] Worker 4 latency: 675 us (50%) 810 us (75%) 883 us (95%) 907 us (99%).
I0911 19:50:08.370205 2809884 AriaExecutor.h:535] Worker 5 latency: 674 us (50%) 809 us (75%) 883 us (95%) 906 us (99%).
I0911 19:50:08.402424 2809884 AriaExecutor.h:535] Worker 6 latency: 676 us (50%) 810 us (75%) 884 us (95%) 907 us (99%).
I0911 19:50:08.437997 2809884 AriaExecutor.h:535] Worker 7 latency: 672 us (50%) 808 us (75%) 883 us (95%) 906 us (99%).
I0911 19:50:08.470155 2809884 AriaExecutor.h:535] Worker 8 latency: 673 us (50%) 808 us (75%) 883 us (95%) 907 us (99%).
I0911 19:50:08.506289 2809884 AriaExecutor.h:535] Worker 9 latency: 670 us (50%) 807 us (75%) 883 us (95%) 905 us (99%).
I0911 19:50:08.538019 2809884 AriaExecutor.h:535] Worker 10 latency: 674 us (50%) 808 us (75%) 883 us (95%) 906 us (99%).
I0911 19:50:08.573777 2809884 AriaExecutor.h:535] Worker 11 latency: 671 us (50%) 807 us (75%) 883 us (95%) 905 us (99%).
I0911 19:50:08.605315 2809884 AriaExecutor.h:535] Worker 12 latency: 671 us (50%) 807 us (75%) 883 us (95%) 906 us (99%).
I0911 19:50:08.641243 2809884 AriaExecutor.h:535] Worker 13 latency: 669 us (50%) 806 us (75%) 882 us (95%) 905 us (99%).
I0911 19:50:08.673683 2809884 AriaExecutor.h:535] Worker 14 latency: 672 us (50%) 807 us (75%) 883 us (95%) 906 us (99%).
I0911 19:50:08.709774 2809884 AriaExecutor.h:535] Worker 15 latency: 669 us (50%) 806 us (75%) 882 us (95%) 905 us (99%).
I0911 19:50:08.741495 2809884 Coordinator.h:177] total commit: 487051
I0911 19:50:09.741636 2809884 Coordinator.h:192] Coordinator exits.
