I0911 19:45:10.905709 2804647 Database.h:65] ycsb initialization finished in 146 milliseconds.
I0911 19:45:10.905826 2804647 Coordinator.h:30] Coordinator initializes 16 workers.
I0911 19:45:10.913406 2804647 Coordinator.h:77] Coordinator starts to run 17 workers.
I0911 19:45:10.913476 2804667 AriaExecutor.h:82] AriaExecutor 0 started. 
I0911 19:45:10.913511 2804668 AriaExecutor.h:82] AriaExecutor 1 started. 
I0911 19:45:10.913554 2804669 AriaExecutor.h:82] AriaExecutor 2 started. 
I0911 19:45:10.913620 2804670 AriaExecutor.h:82] AriaExecutor 3 started. 
I0911 19:45:10.913642 2804671 AriaExecutor.h:82] AriaExecutor 4 started. 
I0911 19:45:10.913698 2804672 AriaExecutor.h:82] AriaExecutor 5 started. 
I0911 19:45:10.913720 2804673 AriaExecutor.h:82] AriaExecutor 6 started. 
I0911 19:45:10.913770 2804674 AriaExecutor.h:82] AriaExecutor 7 started. 
I0911 19:45:10.913805 2804675 AriaExecutor.h:82] AriaExecutor 8 started. 
I0911 19:45:10.913851 2804676 AriaExecutor.h:82] AriaExecutor 9 started. 
I0911 19:45:10.913887 2804677 AriaExecutor.h:82] AriaExecutor 10 started. 
I0911 19:45:10.913942 2804678 AriaExecutor.h:82] AriaExecutor 11 started. 
I0911 19:45:10.913975 2804679 AriaExecutor.h:82] AriaExecutor 12 started. 
I0911 19:45:10.914023 2804680 AriaExecutor.h:82] AriaExecutor 13 started. 
I0911 19:45:10.914068 2804681 AriaExecutor.h:82] AriaExecutor 14 started. 
I0911 19:45:10.914115 2804682 AriaExecutor.h:82] AriaExecutor 15 started. 
I0911 19:45:10.914155 2804683 Manager.h:224] Manager(worker id = 16) on the coordinator node started.
I0911 19:45:11.914204 2804647 Coordinator.h:126] commit: 1281631 abort: 33185 (0/33185/0), network size: 0, avg network size: 0, si_in_serializable: 0 0 %, local: 0 %
I0911 19:45:12.914325 2804647 Coordinator.h:126] commit: 1265922 abort: 32510 (0/32510/0), network size: 0, avg network size: 0, si_in_serializable: 0 0 %, local: 0 %
I0911 19:45:13.914428 2804647 Coordinator.h:126] commit: 1232688 abort: 31952 (0/31952/0), network size: 0, avg network size: 0, si_in_serializable: 0 0 %, local: 0 %
I0911 19:45:14.914511 2804647 Coordinator.h:126] commit: 1235847 abort: 31865 (0/31865/0), network size: 0, avg network size: 0, si_in_serializable: 0 0 %, local: 0 %
I0911 19:45:15.914616 2804647 Coordinator.h:126] commit: 1285964 abort: 32948 (0/32948/0), network size: 0, avg network size: 0, si_in_serializable: 0 0 %, local: 0 %
I0911 19:45:16.914698 2804647 Coordinator.h:126] commit: 1290794 abort: 33238 (0/33238/0), network size: 0, avg network size: 0, si_in_serializable: 0 0 %, local: 0 %
I0911 19:45:17.914780 2804647 Coordinator.h:126] commit: 1264748 abort: 32660 (0/32660/0), network size: 0, avg network size: 0, si_in_serializable: 0 0 %, local: 0 %
I0911 19:45:18.914863 2804647 Coordinator.h:126] commit: 1286790 abort: 33146 (0/33146/0), network size: 0, avg network size: 0, si_in_serializable: 0 0 %, local: 0 %
I0911 19:45:19.914943 2804647 Coordinator.h:126] commit: 1290754 abort: 33278 (0/33278/0), network size: 0, avg network size: 0, si_in_serializable: 0 0 %, local: 0 %
I0911 19:45:20.915020 2804647 Coordinator.h:126] commit: 1293763 abort: 33341 (0/33341/0), network size: 0, avg network size: 0, si_in_serializable: 0 0 %, local: 0 %
I0911 19:45:21.915107 2804647 Coordinator.h:126] commit: 1258975 abort: 32289 (0/32289/0), network size: 0, avg network size: 0, si_in_serializable: 0 0 %, local: 0 %
I0911 19:45:22.915192 2804647 Coordinator.h:126] commit: 1256886 abort: 32330 (0/32330/0), network size: 0, avg network size: 0, si_in_serializable: 0 0 %, local: 0 %
I0911 19:45:23.915316 2804647 Coordinator.h:126] commit: 1283955 abort: 32909 (0/32909/0), network size: 0, avg network size: 0, si_in_serializable: 0 0 %, local: 0 %
I0911 19:45:24.915413 2804647 Coordinator.h:126] commit: 1190188 abort: 30420 (0/30420/0), network size: 0, avg network size: 0, si_in_serializable: 0 0 %, local: 0 %
I0911 19:45:25.915508 2804647 Coordinator.h:126] commit: 1293054 abort: 33026 (0/33026/0), network size: 0, avg network size: 0, si_in_serializable: 0 0 %, local: 0 %
I0911 19:45:26.915606 2804647 Coordinator.h:126] commit: 1291919 abort: 33137 (0/33137/0), network size: 0, avg network size: 0, si_in_serializable: 0 0 %, local: 0 %
I0911 19:45:27.915693 2804647 Coordinator.h:126] commit: 1292786 abort: 33294 (0/33294/0), network size: 0, avg network size: 0, si_in_serializable: 0 0 %, local: 0 %
I0911 19:45:28.915794 2804647 Coordinator.h:126] commit: 1290423 abort: 33609 (0/33609/0), network size: 0, avg network size: 0, si_in_serializable: 0 0 %, local: 0 %
I0911 19:45:29.915882 2804647 Coordinator.h:126] commit: 1292801 abort: 33279 (0/33279/0), network size: 0, avg network size: 0, si_in_serializable: 0 0 %, local: 0 %
I0911 19:45:30.915966 2804647 Coordinator.h:126] commit: 1290525 abort: 33507 (0/33507/0), network size: 0, avg network size: 0, si_in_serializable: 0 0 %, local: 0 %
I0911 19:45:31.916049 2804647 Coordinator.h:126] commit: 1291710 abort: 33346 (0/33346/0), network size: 0, avg network size: 0, si_in_serializable: 0 0 %, local: 0 %
I0911 19:45:32.916134 2804647 Coordinator.h:126] commit: 1266622 abort: 32834 (0/32834/0), network size: 0, avg network size: 0, si_in_serializable: 0 0 %, local: 0 %
I0911 19:45:33.916231 2804647 Coordinator.h:126] commit: 1289671 abort: 33337 (0/33337/0), network size: 0, avg network size: 0, si_in_serializable: 0 0 %, local: 0 %
I0911 19:45:34.916340 2804647 Coordinator.h:126] commit: 1292933 abort: 33147 (0/33147/0), network size: 0, avg network size: 0, si_in_serializable: 0 0 %, local: 0 %
I0911 19:45:35.916440 2804647 Coordinator.h:126] commit: 1266685 abort: 32771 (0/32771/0), network size: 0, avg network size: 0, si_in_serializable: 0 0 %, local: 0 %
I0911 19:45:35.916477 2804647 Coordinator.h:152] average commit: 1.27415e+06 abort: 32780 (0/32780/0), network size: 0, avg network size: 0, si_in_serializable: 0 0 %, local: 0 %
I0911 19:45:35.916513 2804673 AriaExecutor.h:94] AriaExecutor 6 exits. 
I0911 19:45:35.916517 2804669 AriaExecutor.h:94] AriaExecutor 2 exits. 
I0911 19:45:35.916514 2804679 AriaExecutor.h:94] AriaExecutor 12 exits. 
I0911 19:45:35.916522 2804683 Manager.h:227] Manager(worker id = 16) on the coordinator node exits.
I0911 19:45:35.916517 2804677 AriaExecutor.h:94] AriaExecutor 10 exits. 
I0911 19:45:35.916538 2804672 AriaExecutor.h:94] AriaExecutor 5 exits. 
I0911 19:45:35.916515 2804671 AriaExecutor.h:94] AriaExecutor 4 exits. 
I0911 19:45:35.916532 2804682 AriaExecutor.h:94] AriaExecutor 15 exits. 
I0911 19:45:35.916536 2804680 AriaExecutor.h:94] AriaExecutor 13 exits. 
I0911 19:45:35.916518 2804675 AriaExecutor.h:94] AriaExecutor 8 exits. 
I0911 19:45:35.916536 2804676 AriaExecutor.h:94] AriaExecutor 9 exits. 
I0911 19:45:35.916518 2804681 AriaExecutor.h:94] AriaExecutor 14 exits. 
I0911 19:45:35.916534 2804668 AriaExecutor.h:94] AriaExecutor 1 exits. 
I0911 19:45:35.916518 2804667 AriaExecutor.h:94] AriaExecutor 0 exits. 
I0911 19:45:35.916538 2804678 AriaExecutor.h:94] AriaExecutor 11 exits. 
I0911 19:45:35.916534 2804670 AriaExecutor.h:94] AriaExecutor 3 exits. 
I0911 19:45:35.916540 2804674 AriaExecutor.h:94] AriaExecutor 7 exits. 
I0911 19:45:35.916493 2804647 AriaExecutor.h:535] Worker 0 latency: 447 us (50%) 596 us (75%) 715 us (95%) 742 us (99%).
I0911 19:45:35.995114 2804647 AriaExecutor.h:535] Worker 1 latency: 446 us (50%) 595 us (75%) 714 us (95%) 742 us (99%).
I0911 19:45:36.078645 2804647 AriaExecutor.h:535] Worker 2 latency: 450 us (50%) 597 us (75%) 715 us (95%) 742 us (99%).
I0911 19:45:36.156237 2804647 AriaExecutor.h:535] Worker 3 latency: 447 us (50%) 595 us (75%) 714 us (95%) 742 us (99%).
I0911 19:45:36.241493 2804647 AriaExecutor.h:535] Worker 4 latency: 448 us (50%) 596 us (75%) 715 us (95%) 742 us (99%).
I0911 19:45:36.318084 2804647 AriaExecutor.h:535] Worker 5 latency: 445 us (50%) 594 us (75%) 714 us (95%) 742 us (99%).
I0911 19:45:36.402820 2804647 AriaExecutor.h:535] Worker 6 latency: 450 us (50%) 597 us (75%) 715 us (95%) 743 us (99%).
I0911 19:45:36.480466 2804647 AriaExecutor.h:535] Worker 7 latency: 446 us (50%) 595 us (75%) 714 us (95%) 741 us (99%).
I0911 19:45:36.566722 2804647 AriaExecutor.h:535] Worker 8 latency: 446 us (50%) 595 us (75%) 714 us (95%) 742 us (99%).
I0911 19:45:36.645148 2804647 AriaExecutor.h:535] Worker 9 latency: 445 us (50%) 594 us (75%) 714 us (95%) 742 us (99%).
I0911 19:45:36.729982 2804647 AriaExecutor.h:535] Worker 10 latency: 448 us (50%) 596 us (75%) 714 us (95%) 742 us (99%).
I0911 19:45:36.808106 2804647 AriaExecutor.h:535] Worker 11 latency: 446 us (50%) 594 us (75%) 714 us (95%) 742 us (99%).
I0911 19:45:36.893405 2804647 AriaExecutor.h:535] Worker 12 latency: 448 us (50%) 596 us (75%) 714 us (95%) 742 us (99%).
I0911 19:45:36.971031 2804647 AriaExecutor.h:535] Worker 13 latency: 444 us (50%) 594 us (75%) 714 us (95%) 742 us (99%).
I0911 19:45:37.055364 2804647 AriaExecutor.h:535] Worker 14 latency: 449 us (50%) 596 us (75%) 715 us (95%) 742 us (99%).
I0911 19:45:37.132649 2804647 AriaExecutor.h:535] Worker 15 latency: 446 us (50%) 595 us (75%) 714 us (95%) 742 us (99%).
I0911 19:45:37.217691 2804647 Coordinator.h:177] total commit: 1.27415e+06
I0911 19:45:38.217810 2804647 Coordinator.h:192] Coordinator exits.
