I0911 19:42:00.101081 2801180 Database.h:65] ycsb initialization finished in 149 milliseconds.
I0911 19:42:00.101194 2801180 Coordinator.h:30] Coordinator initializes 16 workers.
I0911 19:42:00.108748 2801180 Coordinator.h:77] Coordinator starts to run 17 workers.
I0911 19:42:00.108811 2801200 AriaExecutor.h:82] AriaExecutor 0 started. 
I0911 19:42:00.108846 2801201 AriaExecutor.h:82] AriaExecutor 1 started. 
I0911 19:42:00.108886 2801202 AriaExecutor.h:82] AriaExecutor 2 started. 
I0911 19:42:00.108953 2801203 AriaExecutor.h:82] AriaExecutor 3 started. 
I0911 19:42:00.108987 2801204 AriaExecutor.h:82] AriaExecutor 4 started. 
I0911 19:42:00.109027 2801205 AriaExecutor.h:82] AriaExecutor 5 started. 
I0911 19:42:00.109064 2801206 AriaExecutor.h:82] AriaExecutor 6 started. 
I0911 19:42:00.109120 2801207 AriaExecutor.h:82] AriaExecutor 7 started. 
I0911 19:42:00.109170 2801208 AriaExecutor.h:82] AriaExecutor 8 started. 
I0911 19:42:00.109211 2801209 AriaExecutor.h:82] AriaExecutor 9 started. 
I0911 19:42:00.109252 2801210 AriaExecutor.h:82] AriaExecutor 10 started. 
I0911 19:42:00.109308 2801211 AriaExecutor.h:82] AriaExecutor 11 started. 
I0911 19:42:00.109345 2801212 AriaExecutor.h:82] AriaExecutor 12 started. 
I0911 19:42:00.109392 2801213 AriaExecutor.h:82] AriaExecutor 13 started. 
I0911 19:42:00.109426 2801214 AriaExecutor.h:82] AriaExecutor 14 started. 
I0911 19:42:00.109460 2801215 AriaExecutor.h:82] AriaExecutor 15 started. 
I0911 19:42:00.109501 2801216 Manager.h:224] Manager(worker id = 16) on the coordinator node started.
I0911 19:42:01.109555 2801180 Coordinator.h:126] commit: 163004 abort: 89924 (0/89924/0), network size: 0, avg network size: 0, si_in_serializable: 0 0 %, local: 0 %
I0911 19:42:02.109689 2801180 Coordinator.h:126] commit: 164660 abort: 90316 (0/90316/0), network size: 0, avg network size: 0, si_in_serializable: 0 0 %, local: 0 %
I0911 19:42:03.109776 2801180 Coordinator.h:126] commit: 159187 abort: 88621 (0/88621/0), network size: 0, avg network size: 0, si_in_serializable: 0 0 %, local: 0 %
I0911 19:42:04.109863 2801180 Coordinator.h:126] commit: 164393 abort: 90583 (0/90583/0), network size: 0, avg network size: 0, si_in_serializable: 0 0 %, local: 0 %
I0911 19:42:05.109977 2801180 Coordinator.h:126] commit: 172082 abort: 95182 (0/95182/0), network size: 0, avg network size: 0, si_in_serializable: 0 0 %, local: 0 %
I0911 19:42:06.110074 2801180 Coordinator.h:126] commit: 173461 abort: 95851 (0/95851/0), network size: 0, avg network size: 0, si_in_serializable: 0 0 %, local: 0 %
I0911 19:42:07.110158 2801180 Coordinator.h:126] commit: 172084 abort: 95180 (0/95180/0), network size: 0, avg network size: 0, si_in_serializable: 0 0 %, local: 0 %
I0911 19:42:08.110248 2801180 Coordinator.h:126] commit: 172510 abort: 94754 (0/94754/0), network size: 0, avg network size: 0, si_in_serializable: 0 0 %, local: 0 %
I0911 19:42:09.110361 2801180 Coordinator.h:126] commit: 167650 abort: 93470 (0/93470/0), network size: 0, avg network size: 0, si_in_serializable: 0 0 %, local: 0 %
I0911 19:42:10.110445 2801180 Coordinator.h:126] commit: 170344 abort: 93848 (0/93848/0), network size: 0, avg network size: 0, si_in_serializable: 0 0 %, local: 0 %
I0911 19:42:11.110527 2801180 Coordinator.h:126] commit: 173529 abort: 95783 (0/95783/0), network size: 0, avg network size: 0, si_in_serializable: 0 0 %, local: 0 %
I0911 19:42:12.110639 2801180 Coordinator.h:126] commit: 172641 abort: 95647 (0/95647/0), network size: 0, avg network size: 0, si_in_serializable: 0 0 %, local: 0 %
I0911 19:42:13.110730 2801180 Coordinator.h:126] commit: 172297 abort: 94967 (0/94967/0), network size: 0, avg network size: 0, si_in_serializable: 0 0 %, local: 0 %
I0911 19:42:14.110816 2801180 Coordinator.h:126] commit: 172416 abort: 95872 (0/95872/0), network size: 0, avg network size: 0, si_in_serializable: 0 0 %, local: 0 %
I0911 19:42:15.110898 2801180 Coordinator.h:126] commit: 173978 abort: 96358 (0/96358/0), network size: 0, avg network size: 0, si_in_serializable: 0 0 %, local: 0 %
I0911 19:42:16.110975 2801180 Coordinator.h:126] commit: 173550 abort: 95762 (0/95762/0), network size: 0, avg network size: 0, si_in_serializable: 0 0 %, local: 0 %
I0911 19:42:17.111054 2801180 Coordinator.h:126] commit: 172112 abort: 95152 (0/95152/0), network size: 0, avg network size: 0, si_in_serializable: 0 0 %, local: 0 %
I0911 19:42:18.111143 2801180 Coordinator.h:126] commit: 168810 abort: 93334 (0/93334/0), network size: 0, avg network size: 0, si_in_serializable: 0 0 %, local: 0 %
I0911 19:42:19.111250 2801180 Coordinator.h:126] commit: 172850 abort: 95438 (0/95438/0), network size: 0, avg network size: 0, si_in_serializable: 0 0 %, local: 0 %
I0911 19:42:20.111330 2801180 Coordinator.h:126] commit: 169456 abort: 93712 (0/93712/0), network size: 0, avg network size: 0, si_in_serializable: 0 0 %, local: 0 %
I0911 19:42:21.111410 2801180 Coordinator.h:126] commit: 172597 abort: 95691 (0/95691/0), network size: 0, avg network size: 0, si_in_serializable: 0 0 %, local: 0 %
I0911 19:42:22.111488 2801180 Coordinator.h:126] commit: 172374 abort: 95914 (0/95914/0), network size: 0, avg network size: 0, si_in_serializable: 0 0 %, local: 0 %
I0911 19:42:23.111565 2801180 Coordinator.h:126] commit: 173110 abort: 95178 (0/95178/0), network size: 0, avg network size: 0, si_in_serializable: 0 0 %, local: 0 %
I0911 19:42:24.111682 2801180 Coordinator.h:126] commit: 170393 abort: 93799 (0/93799/0), network size: 0, avg network size: 0, si_in_serializable: 0 0 %, local: 0 %
I0911 19:42:25.111794 2801180 Coordinator.h:126] commit: 167839 abort: 93281 (0/93281/0), network size: 0, avg network size: 0, si_in_serializable: 0 0 %, local: 0 %
I0911 19:42:25.111819 2801180 Coordinator.h:152] average commit: 172164 abort: 95202.5 (0/95202.5/0), network size: 0, avg network size: 0, si_in_serializable: 0 0 %, local: 0 %
I0911 19:42:25.112598 2801200 AriaExecutor.h:94] AriaExecutor 0 exits. 
I0911 19:42:25.112604 2801210 AriaExecutor.h:94] AriaExecutor 10 exits. 
I0911 19:42:25.112602 2801202 AriaExecutor.h:94] AriaExecutor 2 exits. 
I0911 19:42:25.112598 2801214 AriaExecutor.h:94] AriaExecutor 14 exits. 
I0911 19:42:25.112617 2801216 Manager.h:227] Manager(worker id = 16) on the coordinator node exits.
I0911 19:42:25.112639 2801205 AriaExecutor.h:94] AriaExecutor 5 exits. 
I0911 19:42:25.112623 2801215 AriaExecutor.h:94] AriaExecutor 15 exits. 
I0911 19:42:25.112604 2801204 AriaExecutor.h:94] AriaExecutor 4 exits. 
I0911 19:42:25.112623 2801203 AriaExecutor.h:94] AriaExecutor 3 exits. 
I0911 19:42:25.112623 2801201 AriaExecutor.h:94] AriaExecutor 1 exits. 
I0911 19:42:25.112623 2801207 AriaExecutor.h:94] AriaExecutor 7 exits. 
I0911 19:42:25.112624 2801209 AriaExecutor.h:94] AriaExecutor 9 exits. 
I0911 19:42:25.112625 2801213 AriaExecutor.h:94] AriaExecutor 13 exits. 
I0911 19:42:25.112623 2801211 AriaExecutor.h:94] AriaExecutor 11 exits. 
I0911 19:42:25.112602 2801208 AriaExecutor.h:94] AriaExecutor 8 exits. 
I0911 19:42:25.112600 2801206 AriaExecutor.h:94] AriaExecutor 6 exits. 
I0911 19:42:25.112598 2801212 AriaExecutor.h:94] AriaExecutor 12 exits. 
I0911 19:42:25.111828 2801180 AriaExecutor.h:535] Worker 0 latency: 2867 us (50%) 3331 us (75%) 3648 us (95%) 3814 us (99%).
I0911 19:42:25.124691 2801180 AriaExecutor.h:535] Worker 1 latency: 2865 us (50%) 3331 us (75%) 3647 us (95%) 3805 us (99%).
I0911 19:42:25.137315 2801180 AriaExecutor.h:535] Worker 2 latency: 2879 us (50%) 3337 us (75%) 3649 us (95%) 3812 us (99%).
I0911 19:42:25.150245 2801180 AriaExecutor.h:535] Worker 3 latency: 2871 us (50%) 3333 us (75%) 3647 us (95%) 3804 us (99%).
I0911 19:42:25.162885 2801180 AriaExecutor.h:535] Worker 4 latency: 2867 us (50%) 3331 us (75%) 3648 us (95%) 3813 us (99%).
I0911 19:42:25.175614 2801180 AriaExecutor.h:535] Worker 5 latency: 2849 us (50%) 3323 us (75%) 3645 us (95%) 3804 us (99%).
I0911 19:42:25.188235 2801180 AriaExecutor.h:535] Worker 6 latency: 2882 us (50%) 3340 us (75%) 3651 us (95%) 3814 us (99%).
I0911 19:42:25.200841 2801180 AriaExecutor.h:535] Worker 7 latency: 2871 us (50%) 3331 us (75%) 3647 us (95%) 3804 us (99%).
I0911 19:42:25.213626 2801180 AriaExecutor.h:535] Worker 8 latency: 2872 us (50%) 3335 us (75%) 3649 us (95%) 3814 us (99%).
I0911 19:42:25.226233 2801180 AriaExecutor.h:535] Worker 9 latency: 2866 us (50%) 3329 us (75%) 3646 us (95%) 3804 us (99%).
I0911 19:42:25.239018 2801180 AriaExecutor.h:535] Worker 10 latency: 2882 us (50%) 3339 us (75%) 3649 us (95%) 3814 us (99%).
I0911 19:42:25.251680 2801180 AriaExecutor.h:535] Worker 11 latency: 2870 us (50%) 3332 us (75%) 3647 us (95%) 3806 us (99%).
I0911 19:42:25.264253 2801180 AriaExecutor.h:535] Worker 12 latency: 2877 us (50%) 3336 us (75%) 3649 us (95%) 3813 us (99%).
I0911 19:42:25.276703 2801180 AriaExecutor.h:535] Worker 13 latency: 2860 us (50%) 3329 us (75%) 3647 us (95%) 3804 us (99%).
I0911 19:42:25.289279 2801180 AriaExecutor.h:535] Worker 14 latency: 2885 us (50%) 3340 us (75%) 3650 us (95%) 3816 us (99%).
I0911 19:42:25.301679 2801180 AriaExecutor.h:535] Worker 15 latency: 2879 us (50%) 3337 us (75%) 3648 us (95%) 3805 us (99%).
I0911 19:42:25.314394 2801180 Coordinator.h:177] total commit: 172164
I0911 19:42:26.314507 2801180 Coordinator.h:192] Coordinator exits.
