I0911 19:40:10.523759 2799462 Database.h:65] ycsb initialization finished in 147 milliseconds.
I0911 19:40:10.523881 2799462 Coordinator.h:30] Coordinator initializes 16 workers.
I0911 19:40:10.531358 2799462 Coordinator.h:77] Coordinator starts to run 17 workers.
I0911 19:40:10.531438 2799482 AriaExecutor.h:82] AriaExecutor 0 started. 
I0911 19:40:10.531453 2799483 AriaExecutor.h:82] AriaExecutor 1 started. 
I0911 19:40:10.531505 2799484 AriaExecutor.h:82] AriaExecutor 2 started. 
I0911 19:40:10.531569 2799485 AriaExecutor.h:82] AriaExecutor 3 started. 
I0911 19:40:10.531574 2799486 AriaExecutor.h:82] AriaExecutor 4 started. 
I0911 19:40:10.531641 2799487 AriaExecutor.h:82] AriaExecutor 5 started. 
I0911 19:40:10.531690 2799488 AriaExecutor.h:82] AriaExecutor 6 started. 
I0911 19:40:10.531734 2799489 AriaExecutor.h:82] AriaExecutor 7 started. 
I0911 19:40:10.531766 2799490 AriaExecutor.h:82] AriaExecutor 8 started. 
I0911 19:40:10.531821 2799491 AriaExecutor.h:82] AriaExecutor 9 started. 
I0911 19:40:10.531849 2799492 AriaExecutor.h:82] AriaExecutor 10 started. 
I0911 19:40:10.531898 2799493 AriaExecutor.h:82] AriaExecutor 11 started. 
I0911 19:40:10.531940 2799494 AriaExecutor.h:82] AriaExecutor 12 started. 
I0911 19:40:10.531985 2799495 AriaExecutor.h:82] AriaExecutor 13 started. 
I0911 19:40:10.532019 2799496 AriaExecutor.h:82] AriaExecutor 14 started. 
I0911 19:40:10.532063 2799497 AriaExecutor.h:82] AriaExecutor 15 started. 
I0911 19:40:10.532099 2799498 Manager.h:224] Manager(worker id = 16) on the coordinator node started.
I0911 19:40:11.532162 2799462 Coordinator.h:126] commit: 198769 abort: 51087 (0/51087/0), network size: 0, avg network size: 0, si_in_serializable: 0 0 %, local: 0 %
I0911 19:40:12.532305 2799462 Coordinator.h:126] commit: 200062 abort: 51842 (0/51842/0), network size: 0, avg network size: 0, si_in_serializable: 0 0 %, local: 0 %
I0911 19:40:13.532400 2799462 Coordinator.h:126] commit: 196271 abort: 50513 (0/50513/0), network size: 0, avg network size: 0, si_in_serializable: 0 0 %, local: 0 %
I0911 19:40:14.532498 2799462 Coordinator.h:126] commit: 198866 abort: 50990 (0/50990/0), network size: 0, avg network size: 0, si_in_serializable: 0 0 %, local: 0 %
I0911 19:40:15.532630 2799462 Coordinator.h:126] commit: 208416 abort: 53728 (0/53728/0), network size: 0, avg network size: 0, si_in_serializable: 0 0 %, local: 0 %
I0911 19:40:16.532742 2799462 Coordinator.h:126] commit: 208182 abort: 53962 (0/53962/0), network size: 0, avg network size: 0, si_in_serializable: 0 0 %, local: 0 %
I0911 19:40:17.532863 2799462 Coordinator.h:126] commit: 208791 abort: 54377 (0/54377/0), network size: 0, avg network size: 0, si_in_serializable: 0 0 %, local: 0 %
I0911 19:40:18.532985 2799462 Coordinator.h:126] commit: 207703 abort: 53417 (0/53417/0), network size: 0, avg network size: 0, si_in_serializable: 0 0 %, local: 0 %
I0911 19:40:19.533107 2799462 Coordinator.h:126] commit: 203309 abort: 52691 (0/52691/0), network size: 0, avg network size: 0, si_in_serializable: 0 0 %, local: 0 %
I0911 19:40:20.533223 2799462 Coordinator.h:126] commit: 206114 abort: 52958 (0/52958/0), network size: 0, avg network size: 0, si_in_serializable: 0 0 %, local: 0 %
I0911 19:40:21.533346 2799462 Coordinator.h:126] commit: 208335 abort: 53809 (0/53809/0), network size: 0, avg network size: 0, si_in_serializable: 0 0 %, local: 0 %
I0911 19:40:22.533485 2799462 Coordinator.h:126] commit: 210745 abort: 54471 (0/54471/0), network size: 0, avg network size: 0, si_in_serializable: 0 0 %, local: 0 %
I0911 19:40:23.533617 2799462 Coordinator.h:126] commit: 211865 abort: 54375 (0/54375/0), network size: 0, avg network size: 0, si_in_serializable: 0 0 %, local: 0 %
I0911 19:40:24.533732 2799462 Coordinator.h:126] commit: 211853 abort: 54387 (0/54387/0), network size: 0, avg network size: 0, si_in_serializable: 0 0 %, local: 0 %
I0911 19:40:25.533803 2799462 Coordinator.h:126] commit: 211758 abort: 54482 (0/54482/0), network size: 0, avg network size: 0, si_in_serializable: 0 0 %, local: 0 %
I0911 19:40:26.533870 2799462 Coordinator.h:126] commit: 211689 abort: 54551 (0/54551/0), network size: 0, avg network size: 0, si_in_serializable: 0 0 %, local: 0 %
I0911 19:40:27.533967 2799462 Coordinator.h:126] commit: 208827 abort: 53317 (0/53317/0), network size: 0, avg network size: 0, si_in_serializable: 0 0 %, local: 0 %
I0911 19:40:28.534073 2799462 Coordinator.h:126] commit: 211696 abort: 54544 (0/54544/0), network size: 0, avg network size: 0, si_in_serializable: 0 0 %, local: 0 %
I0911 19:40:29.534153 2799462 Coordinator.h:126] commit: 211013 abort: 54203 (0/54203/0), network size: 0, avg network size: 0, si_in_serializable: 0 0 %, local: 0 %
I0911 19:40:30.534232 2799462 Coordinator.h:126] commit: 212394 abort: 54870 (0/54870/0), network size: 0, avg network size: 0, si_in_serializable: 0 0 %, local: 0 %
I0911 19:40:31.534319 2799462 Coordinator.h:126] commit: 205187 abort: 52861 (0/52861/0), network size: 0, avg network size: 0, si_in_serializable: 0 0 %, local: 0 %
I0911 19:40:32.534421 2799462 Coordinator.h:126] commit: 206435 abort: 53661 (0/53661/0), network size: 0, avg network size: 0, si_in_serializable: 0 0 %, local: 0 %
I0911 19:40:33.534516 2799462 Coordinator.h:126] commit: 207456 abort: 53664 (0/53664/0), network size: 0, avg network size: 0, si_in_serializable: 0 0 %, local: 0 %
I0911 19:40:34.534631 2799462 Coordinator.h:126] commit: 209102 abort: 54066 (0/54066/0), network size: 0, avg network size: 0, si_in_serializable: 0 0 %, local: 0 %
I0911 19:40:35.534756 2799462 Coordinator.h:126] commit: 210162 abort: 54030 (0/54030/0), network size: 0, avg network size: 0, si_in_serializable: 0 0 %, local: 0 %
I0911 19:40:35.534796 2799462 Coordinator.h:152] average commit: 211018 abort: 54300.9 (0/54300.9/0), network size: 0, avg network size: 0, si_in_serializable: 0 0 %, local: 0 %
I0911 19:40:35.536159 2799496 AriaExecutor.h:94] AriaExecutor 14 exits. 
I0911 19:40:35.536165 2799488 AriaExecutor.h:94] AriaExecutor 6 exits. 
I0911 19:40:35.536162 2799498 Manager.h:227] Manager(worker id = 16) on the coordinator node exits.
I0911 19:40:35.536159 2799492 AriaExecutor.h:94] AriaExecutor 10 exits. 
I0911 19:40:35.536176 2799497 AriaExecutor.h:94] AriaExecutor 15 exits. 
I0911 19:40:35.536167 2799482 AriaExecutor.h:94] AriaExecutor 0 exits. 
I0911 19:40:35.536161 2799486 AriaExecutor.h:94] AriaExecutor 4 exits. 
I0911 19:40:35.536176 2799491 AriaExecutor.h:94] AriaExecutor 9 exits. 
I0911 19:40:35.536166 2799490 AriaExecutor.h:94] AriaExecutor 8 exits. 
I0911 19:40:35.536176 2799493 AriaExecutor.h:94] AriaExecutor 11 exits. 
I0911 19:40:35.536178 2799485 AriaExecutor.h:94] AriaExecutor 3 exits. 
I0911 19:40:35.536180 2799487 AriaExecutor.h:94] AriaExecutor 5 exits. 
I0911 19:40:35.536176 2799483 AriaExecutor.h:94] AriaExecutor 1 exits. 
I0911 19:40:35.536178 2799489 AriaExecutor.h:94] AriaExecutor 7 exits. 
I0911 19:40:35.536163 2799494 AriaExecutor.h:94] AriaExecutor 12 exits. 
I0911 19:40:35.536162 2799484 AriaExecutor.h:94] AriaExecutor 2 exits. 
I0911 19:40:35.536180 2799495 AriaExecutor.h:94] AriaExecutor 13 exits. 
I0911 19:40:35.534804 2799462 AriaExecutor.h:535] Worker 0 latency: 2753 us (50%) 3280 us (75%) 3664 us (95%) 3817 us (99%).
I0911 19:40:35.549921 2799462 AriaExecutor.h:535] Worker 1 latency: 2748 us (50%) 3276 us (75%) 3662 us (95%) 3810 us (99%).
I0911 19:40:35.565040 2799462 AriaExecutor.h:535] Worker 2 latency: 2765 us (50%) 3285 us (75%) 3665 us (95%) 3817 us (99%).
I0911 19:40:35.580044 2799462 AriaExecutor.h:535] Worker 3 latency: 2751 us (50%) 3277 us (75%) 3661 us (95%) 3808 us (99%).
I0911 19:40:35.595355 2799462 AriaExecutor.h:535] Worker 4 latency: 2749 us (50%) 3276 us (75%) 3662 us (95%) 3815 us (99%).
I0911 19:40:35.610400 2799462 AriaExecutor.h:535] Worker 5 latency: 2741 us (50%) 3274 us (75%) 3662 us (95%) 3811 us (99%).
I0911 19:40:35.625427 2799462 AriaExecutor.h:535] Worker 6 latency: 2766 us (50%) 3286 us (75%) 3666 us (95%) 3817 us (99%).
I0911 19:40:35.640503 2799462 AriaExecutor.h:535] Worker 7 latency: 2754 us (50%) 3281 us (75%) 3663 us (95%) 3810 us (99%).
I0911 19:40:35.656112 2799462 AriaExecutor.h:535] Worker 8 latency: 2753 us (50%) 3280 us (75%) 3664 us (95%) 3817 us (99%).
I0911 19:40:35.671147 2799462 AriaExecutor.h:535] Worker 9 latency: 2743 us (50%) 3274 us (75%) 3661 us (95%) 3809 us (99%).
I0911 19:40:35.686388 2799462 AriaExecutor.h:535] Worker 10 latency: 2766 us (50%) 3285 us (75%) 3663 us (95%) 3815 us (99%).
I0911 19:40:35.701341 2799462 AriaExecutor.h:535] Worker 11 latency: 2755 us (50%) 3278 us (75%) 3660 us (95%) 3807 us (99%).
I0911 19:40:35.716733 2799462 AriaExecutor.h:535] Worker 12 latency: 2761 us (50%) 3284 us (75%) 3664 us (95%) 3817 us (99%).
I0911 19:40:35.731611 2799462 AriaExecutor.h:535] Worker 13 latency: 2740 us (50%) 3274 us (75%) 3662 us (95%) 3809 us (99%).
I0911 19:40:35.746765 2799462 AriaExecutor.h:535] Worker 14 latency: 2773 us (50%) 3290 us (75%) 3665 us (95%) 3816 us (99%).
I0911 19:40:35.761700 2799462 AriaExecutor.h:535] Worker 15 latency: 2756 us (50%) 3279 us (75%) 3660 us (95%) 3807 us (99%).
I0911 19:40:35.777061 2799462 Coordinator.h:177] total commit: 211018
I0911 19:40:36.777173 2799462 Coordinator.h:192] Coordinator exits.
