I0911 19:52:27.233318 2812647 Database.h:65] ycsb initialization finished in 179 milliseconds.
I0911 19:52:27.233404 2812647 Coordinator.h:30] Coordinator initializes 16 workers.
I0911 19:52:27.241310 2812647 Coordinator.h:77] Coordinator starts to run 17 workers.
I0911 19:52:27.241416 2812680 AriaExecutor.h:82] AriaExecutor 1 started. 
I0911 19:52:27.241441 2812681 AriaExecutor.h:82] AriaExecutor 2 started. 
I0911 19:52:27.241511 2812683 AriaExecutor.h:82] AriaExecutor 4 started. 
I0911 19:52:27.241539 2812682 AriaExecutor.h:82] AriaExecutor 3 started. 
I0911 19:52:27.241550 2812684 AriaExecutor.h:82] AriaExecutor 5 started. 
I0911 19:52:27.241569 2812685 AriaExecutor.h:82] AriaExecutor 6 started. 
I0911 19:52:27.241609 2812686 AriaExecutor.h:82] AriaExecutor 7 started. 
I0911 19:52:27.241634 2812687 AriaExecutor.h:82] AriaExecutor 8 started. 
I0911 19:52:27.241674 2812688 AriaExecutor.h:82] AriaExecutor 9 started. 
I0911 19:52:27.241705 2812689 AriaExecutor.h:82] AriaExecutor 10 started. 
I0911 19:52:27.241748 2812690 AriaExecutor.h:82] AriaExecutor 11 started. 
I0911 19:52:27.241782 2812691 AriaExecutor.h:82] AriaExecutor 12 started. 
I0911 19:52:27.241827 2812692 AriaExecutor.h:82] AriaExecutor 13 started. 
I0911 19:52:27.241870 2812693 AriaExecutor.h:82] AriaExecutor 14 started. 
I0911 19:52:27.241894 2812694 AriaExecutor.h:82] AriaExecutor 15 started. 
I0911 19:52:27.241927 2812695 Manager.h:224] Manager(worker id = 16) on the coordinator node started.
I0911 19:52:27.243569 2812679 AriaExecutor.h:82] AriaExecutor 0 started. 
I0911 19:52:28.241983 2812647 Coordinator.h:126] commit: 1285276 abort: 868 (0/868/0), network size: 0, avg network size: 0, si_in_serializable: 0 0 %, local: 0 %
I0911 19:52:29.242107 2812647 Coordinator.h:126] commit: 1295534 abort: 850 (0/850/0), network size: 0, avg network size: 0, si_in_serializable: 0 0 %, local: 0 %
I0911 19:52:30.242199 2812647 Coordinator.h:126] commit: 1252565 abort: 811 (0/811/0), network size: 0, avg network size: 0, si_in_serializable: 0 0 %, local: 0 %
I0911 19:52:31.242290 2812647 Coordinator.h:126] commit: 1268113 abort: 811 (0/811/0), network size: 0, avg network size: 0, si_in_serializable: 0 0 %, local: 0 %
I0911 19:52:32.242405 2812647 Coordinator.h:126] commit: 1302541 abort: 822 (0/822/0), network size: 0, avg network size: 0, si_in_serializable: 0 0 %, local: 0 %
I0911 19:52:33.242508 2812647 Coordinator.h:126] commit: 1322131 abort: 877 (0/877/0), network size: 0, avg network size: 0, si_in_serializable: 0 0 %, local: 0 %
I0911 19:52:34.242599 2812647 Coordinator.h:126] commit: 1294579 abort: 781 (0/781/0), network size: 0, avg network size: 0, si_in_serializable: 0 0 %, local: 0 %
I0911 19:52:35.242713 2812647 Coordinator.h:126] commit: 1313917 abort: 899 (0/899/0), network size: 0, avg network size: 0, si_in_serializable: 0 0 %, local: 0 %
I0911 19:52:36.242825 2812647 Coordinator.h:126] commit: 1306801 abort: 847 (0/847/0), network size: 0, avg network size: 0, si_in_serializable: 0 0 %, local: 0 %
I0911 19:52:37.242929 2812647 Coordinator.h:126] commit: 1321134 abort: 850 (0/850/0), network size: 0, avg network size: 0, si_in_serializable: 0 0 %, local: 0 %
I0911 19:52:38.243026 2812647 Coordinator.h:126] commit: 1277111 abort: 841 (0/841/0), network size: 0, avg network size: 0, si_in_serializable: 0 0 %, local: 0 %
I0911 19:52:39.243129 2812647 Coordinator.h:126] commit: 1293518 abort: 818 (0/818/0), network size: 0, avg network size: 0, si_in_serializable: 0 0 %, local: 0 %
I0911 19:52:40.243240 2812647 Coordinator.h:126] commit: 1275099 abort: 805 (0/805/0), network size: 0, avg network size: 0, si_in_serializable: 0 0 %, local: 0 %
I0911 19:52:41.243350 2812647 Coordinator.h:126] commit: 1323165 abort: 867 (0/867/0), network size: 0, avg network size: 0, si_in_serializable: 0 0 %, local: 0 %
I0911 19:52:42.243451 2812647 Coordinator.h:126] commit: 1316081 abort: 826 (0/826/0), network size: 0, avg network size: 0, si_in_serializable: 0 0 %, local: 0 %
I0911 19:52:43.243546 2812647 Coordinator.h:126] commit: 1324183 abort: 830 (0/830/0), network size: 0, avg network size: 0, si_in_serializable: 0 0 %, local: 0 %
I0911 19:52:44.243635 2812647 Coordinator.h:126] commit: 1314996 abort: 844 (0/844/0), network size: 0, avg network size: 0, si_in_serializable: 0 0 %, local: 0 %
I0911 19:52:45.243744 2812647 Coordinator.h:126] commit: 1324211 abort: 845 (0/845/0), network size: 0, avg network size: 0, si_in_serializable: 0 0 %, local: 0 %
I0911 19:52:46.243829 2812647 Coordinator.h:126] commit: 1318085 abort: 827 (0/827/0), network size: 0, avg network size: 0, si_in_serializable: 0 0 %, local: 0 %
I0911 19:52:47.243929 2812647 Coordinator.h:126] commit: 1324147 abort: 909 (0/909/0), network size: 0, avg network size: 0, si_in_serializable: 0 0 %, local: 0 %
I0911 19:52:48.244019 2812647 Coordinator.h:126] commit: 1314978 abort: 862 (0/862/0), network size: 0, avg network size: 0, si_in_serializable: 0 0 %, local: 0 %
I0911 19:52:49.244119 2812647 Coordinator.h:126] commit: 1323214 abort: 831 (0/831/0), network size: 0, avg network size: 0, si_in_serializable: 0 0 %, local: 0 %
I0911 19:52:50.244205 2812647 Coordinator.h:126] commit: 1294462 abort: 885 (0/885/0), network size: 0, avg network size: 0, si_in_serializable: 0 0 %, local: 0 %
I0911 19:52:51.244302 2812647 Coordinator.h:126] commit: 1324168 abort: 888 (0/888/0), network size: 0, avg network size: 0, si_in_serializable: 0 0 %, local: 0 %
I0911 19:52:52.244392 2812647 Coordinator.h:126] commit: 1313974 abort: 842 (0/842/0), network size: 0, avg network size: 0, si_in_serializable: 0 0 %, local: 0 %
I0911 19:52:52.244421 2812647 Coordinator.h:152] average commit: 1.30906e+06 abort: 841.2 (0/841.2/0), network size: 0, avg network size: 0, si_in_serializable: 0 0 %, local: 0 %
I0911 19:52:52.244815 2812685 AriaExecutor.h:94] AriaExecutor 6 exits. 
I0911 19:52:52.244817 2812693 AriaExecutor.h:94] AriaExecutor 14 exits. 
I0911 19:52:52.244819 2812683 AriaExecutor.h:94] AriaExecutor 4 exits. 
I0911 19:52:52.244818 2812689 AriaExecutor.h:94] AriaExecutor 10 exits. 
I0911 19:52:52.244823 2812687 AriaExecutor.h:94] AriaExecutor 8 exits. 
I0911 19:52:52.244824 2812681 AriaExecutor.h:94] AriaExecutor 2 exits. 
I0911 19:52:52.244819 2812691 AriaExecutor.h:94] AriaExecutor 12 exits. 
I0911 19:52:52.244833 2812690 AriaExecutor.h:94] AriaExecutor 11 exits. 
I0911 19:52:52.244835 2812684 AriaExecutor.h:94] AriaExecutor 5 exits. 
I0911 19:52:52.244818 2812679 AriaExecutor.h:94] AriaExecutor 0 exits. 
I0911 19:52:52.244836 2812688 AriaExecutor.h:94] AriaExecutor 9 exits. 
I0911 19:52:52.244834 2812694 AriaExecutor.h:94] AriaExecutor 15 exits. 
I0911 19:52:52.244824 2812695 Manager.h:227] Manager(worker id = 16) on the coordinator node exits.
I0911 19:52:52.244836 2812686 AriaExecutor.h:94] AriaExecutor 7 exits. 
I0911 19:52:52.244835 2812692 AriaExecutor.h:94] AriaExecutor 13 exits. 
I0911 19:52:52.244836 2812680 AriaExecutor.h:94] AriaExecutor 1 exits. 
I0911 19:52:52.244834 2812682 AriaExecutor.h:94] AriaExecutor 3 exits. 
I0911 19:52:52.244429 2812647 AriaExecutor.h:641] Worker 0 latency: 447 us (50%) 599 us (75%) 721 us (95%) 750 us (99%).
I0911 19:52:52.325055 2812647 AriaExecutor.h:641] Worker 1 latency: 444 us (50%) 597 us (75%) 719 us (95%) 749 us (99%).
I0911 19:52:52.416752 2812647 AriaExecutor.h:641] Worker 2 latency: 448 us (50%) 600 us (75%) 721 us (95%) 750 us (99%).
I0911 19:52:52.498584 2812647 AriaExecutor.h:641] Worker 3 latency: 444 us (50%) 597 us (75%) 719 us (95%) 749 us (99%).
I0911 19:52:52.587549 2812647 AriaExecutor.h:641] Worker 4 latency: 447 us (50%) 599 us (75%) 721 us (95%) 750 us (99%).
I0911 19:52:52.668594 2812647 AriaExecutor.h:641] Worker 5 latency: 444 us (50%) 596 us (75%) 719 us (95%) 749 us (99%).
I0911 19:52:52.756757 2812647 AriaExecutor.h:641] Worker 6 latency: 448 us (50%) 600 us (75%) 721 us (95%) 750 us (99%).
I0911 19:52:52.837771 2812647 AriaExecutor.h:641] Worker 7 latency: 444 us (50%) 596 us (75%) 719 us (95%) 748 us (99%).
I0911 19:52:52.925076 2812647 AriaExecutor.h:641] Worker 8 latency: 447 us (50%) 599 us (75%) 721 us (95%) 750 us (99%).
I0911 19:52:53.006466 2812647 AriaExecutor.h:641] Worker 9 latency: 444 us (50%) 596 us (75%) 719 us (95%) 749 us (99%).
I0911 19:52:53.094357 2812647 AriaExecutor.h:641] Worker 10 latency: 449 us (50%) 600 us (75%) 721 us (95%) 750 us (99%).
I0911 19:52:53.177477 2812647 AriaExecutor.h:641] Worker 11 latency: 445 us (50%) 596 us (75%) 719 us (95%) 749 us (99%).
I0911 19:52:53.267153 2812647 AriaExecutor.h:641] Worker 12 latency: 448 us (50%) 600 us (75%) 721 us (95%) 750 us (99%).
I0911 19:52:53.346328 2812647 AriaExecutor.h:641] Worker 13 latency: 443 us (50%) 596 us (75%) 719 us (95%) 749 us (99%).
I0911 19:52:53.436048 2812647 AriaExecutor.h:641] Worker 14 latency: 449 us (50%) 600 us (75%) 721 us (95%) 750 us (99%).
I0911 19:52:53.515789 2812647 AriaExecutor.h:641] Worker 15 latency: 445 us (50%) 597 us (75%) 719 us (95%) 749 us (99%).
I0911 19:52:53.606679 2812647 Coordinator.h:177] total commit: 1.30906e+06
I0911 19:52:54.606814 2812647 Coordinator.h:192] Coordinator exits.
