I0911 19:57:01.669720 2818241 Database.h:65] ycsb initialization finished in 148 milliseconds.
I0911 19:57:01.669840 2818241 Coordinator.h:30] Coordinator initializes 16 workers.
I0911 19:57:01.677520 2818241 Coordinator.h:77] Coordinator starts to run 17 workers.
I0911 19:57:01.677564 2818261 AriaExecutor.h:82] AriaExecutor 0 started. 
I0911 19:57:01.677603 2818262 AriaExecutor.h:82] AriaExecutor 1 started. 
I0911 19:57:01.677644 2818263 AriaExecutor.h:82] AriaExecutor 2 started. 
I0911 19:57:01.677713 2818264 AriaExecutor.h:82] AriaExecutor 3 started. 
I0911 19:57:01.677726 2818265 AriaExecutor.h:82] AriaExecutor 4 started. 
I0911 19:57:01.677790 2818266 AriaExecutor.h:82] AriaExecutor 5 started. 
I0911 19:57:01.677798 2818267 AriaExecutor.h:82] AriaExecutor 6 started. 
I0911 19:57:01.677856 2818268 AriaExecutor.h:82] AriaExecutor 7 started. 
I0911 19:57:01.677873 2818269 AriaExecutor.h:82] AriaExecutor 8 started. 
I0911 19:57:01.677928 2818270 AriaExecutor.h:82] AriaExecutor 9 started. 
I0911 19:57:01.677963 2818271 AriaExecutor.h:82] AriaExecutor 10 started. 
I0911 19:57:01.678004 2818272 AriaExecutor.h:82] AriaExecutor 11 started. 
I0911 19:57:01.678033 2818273 AriaExecutor.h:82] AriaExecutor 12 started. 
I0911 19:57:01.678092 2818274 AriaExecutor.h:82] AriaExecutor 13 started. 
I0911 19:57:01.678126 2818275 AriaExecutor.h:82] AriaExecutor 14 started. 
I0911 19:57:01.678174 2818276 AriaExecutor.h:82] AriaExecutor 15 started. 
I0911 19:57:01.678215 2818277 Manager.h:224] Manager(worker id = 16) on the coordinator node started.
I0911 19:57:02.678252 2818241 Coordinator.h:126] commit: 1098574 abort: 5298 (0/5298/0), network size: 0, avg network size: 0, si_in_serializable: 0 0 %, local: 0 %
I0911 19:57:03.678357 2818241 Coordinator.h:126] commit: 1083232 abort: 5280 (0/5280/0), network size: 0, avg network size: 0, si_in_serializable: 0 0 %, local: 0 %
I0911 19:57:04.678432 2818241 Coordinator.h:126] commit: 1053618 abort: 5198 (0/5198/0), network size: 0, avg network size: 0, si_in_serializable: 0 0 %, local: 0 %
I0911 19:57:05.678499 2818241 Coordinator.h:126] commit: 1058807 abort: 5129 (0/5129/0), network size: 0, avg network size: 0, si_in_serializable: 0 0 %, local: 0 %
I0911 19:57:06.678586 2818241 Coordinator.h:126] commit: 1101644 abort: 5300 (0/5300/0), network size: 0, avg network size: 0, si_in_serializable: 0 0 %, local: 0 %
I0911 19:57:07.678671 2818241 Coordinator.h:126] commit: 1104090 abort: 5512 (0/5512/0), network size: 0, avg network size: 0, si_in_serializable: 0 0 %, local: 0 %
I0911 19:57:08.678733 2818241 Coordinator.h:126] commit: 1110049 abort: 5501 (0/5501/0), network size: 0, avg network size: 0, si_in_serializable: 0 0 %, local: 0 %
I0911 19:57:09.678794 2818241 Coordinator.h:126] commit: 1083222 abort: 5290 (0/5290/0), network size: 0, avg network size: 0, si_in_serializable: 0 0 %, local: 0 %
I0911 19:57:10.678858 2818241 Coordinator.h:126] commit: 1081131 abort: 5333 (0/5333/0), network size: 0, avg network size: 0, si_in_serializable: 0 0 %, local: 0 %
I0911 19:57:11.678931 2818241 Coordinator.h:126] commit: 1107660 abort: 5428 (0/5428/0), network size: 0, avg network size: 0, si_in_serializable: 0 0 %, local: 0 %
I0911 19:57:12.678994 2818241 Coordinator.h:126] commit: 1072064 abort: 5184 (0/5184/0), network size: 0, avg network size: 0, si_in_serializable: 0 0 %, local: 0 %
I0911 19:57:13.679062 2818241 Coordinator.h:126] commit: 1109754 abort: 5382 (0/5382/0), network size: 0, avg network size: 0, si_in_serializable: 0 0 %, local: 0 %
I0911 19:57:14.679132 2818241 Coordinator.h:126] commit: 1090514 abort: 5166 (0/5166/0), network size: 0, avg network size: 0, si_in_serializable: 0 0 %, local: 0 %
I0911 19:57:15.679207 2818241 Coordinator.h:126] commit: 1111826 abort: 5358 (0/5358/0), network size: 0, avg network size: 0, si_in_serializable: 0 0 %, local: 0 %
I0911 19:57:16.679287 2818241 Coordinator.h:126] commit: 1103581 abort: 5411 (0/5411/0), network size: 0, avg network size: 0, si_in_serializable: 0 0 %, local: 0 %
I0911 19:57:17.679358 2818241 Coordinator.h:126] commit: 1081079 abort: 5385 (0/5385/0), network size: 0, avg network size: 0, si_in_serializable: 0 0 %, local: 0 %
I0911 19:57:18.679418 2818241 Coordinator.h:126] commit: 1103913 abort: 5458 (0/5458/0), network size: 0, avg network size: 0, si_in_serializable: 0 0 %, local: 0 %
I0911 19:57:19.679498 2818241 Coordinator.h:126] commit: 1110298 abort: 5483 (0/5483/0), network size: 0, avg network size: 0, si_in_serializable: 0 0 %, local: 0 %
I0911 19:57:20.679562 2818241 Coordinator.h:126] commit: 1105606 abort: 5434 (0/5434/0), network size: 0, avg network size: 0, si_in_serializable: 0 0 %, local: 0 %
I0911 19:57:21.679625 2818241 Coordinator.h:126] commit: 1109718 abort: 5418 (0/5418/0), network size: 0, avg network size: 0, si_in_serializable: 0 0 %, local: 0 %
I0911 19:57:22.679697 2818241 Coordinator.h:126] commit: 1105606 abort: 5434 (0/5434/0), network size: 0, avg network size: 0, si_in_serializable: 0 0 %, local: 0 %
I0911 19:57:23.679769 2818241 Coordinator.h:126] commit: 1109535 abort: 5601 (0/5601/0), network size: 0, avg network size: 0, si_in_serializable: 0 0 %, local: 0 %
I0911 19:57:24.679832 2818241 Coordinator.h:126] commit: 1104658 abort: 5358 (0/5358/0), network size: 0, avg network size: 0, si_in_serializable: 0 0 %, local: 0 %
I0911 19:57:25.679895 2818241 Coordinator.h:126] commit: 1108808 abort: 5304 (0/5304/0), network size: 0, avg network size: 0, si_in_serializable: 0 0 %, local: 0 %
I0911 19:57:26.679963 2818241 Coordinator.h:126] commit: 1080294 abort: 5146 (0/5146/0), network size: 0, avg network size: 0, si_in_serializable: 0 0 %, local: 0 %
I0911 19:57:26.679977 2818241 Coordinator.h:152] average commit: 1.09984e+06 abort: 5367.9 (0/5367.9/0), network size: 0, avg network size: 0, si_in_serializable: 0 0 %, local: 0 %
I0911 19:57:26.680645 2818261 AriaExecutor.h:94] AriaExecutor 0 exits. 
I0911 19:57:26.680646 2818275 AriaExecutor.h:94] AriaExecutor 14 exits. 
I0911 19:57:26.680648 2818271 AriaExecutor.h:94] AriaExecutor 10 exits. 
I0911 19:57:26.680648 2818269 AriaExecutor.h:94] AriaExecutor 8 exits. 
I0911 19:57:26.680671 2818276 AriaExecutor.h:94] AriaExecutor 15 exits. 
I0911 19:57:26.680647 2818265 AriaExecutor.h:94] AriaExecutor 4 exits. 
I0911 19:57:26.680653 2818263 AriaExecutor.h:94] AriaExecutor 2 exits. 
I0911 19:57:26.680649 2818273 AriaExecutor.h:94] AriaExecutor 12 exits. 
I0911 19:57:26.680670 2818272 AriaExecutor.h:94] AriaExecutor 11 exits. 
I0911 19:57:26.680667 2818270 AriaExecutor.h:94] AriaExecutor 9 exits. 
I0911 19:57:26.680665 2818266 AriaExecutor.h:94] AriaExecutor 5 exits. 
I0911 19:57:26.680671 2818264 AriaExecutor.h:94] AriaExecutor 3 exits. 
I0911 19:57:26.680672 2818268 AriaExecutor.h:94] AriaExecutor 7 exits. 
I0911 19:57:26.680655 2818277 Manager.h:227] Manager(worker id = 16) on the coordinator node exits.
I0911 19:57:26.680650 2818267 AriaExecutor.h:94] AriaExecutor 6 exits. 
I0911 19:57:26.680668 2818262 AriaExecutor.h:94] AriaExecutor 1 exits. 
I0911 19:57:26.680668 2818274 AriaExecutor.h:94] AriaExecutor 13 exits. 
I0911 19:57:26.679989 2818241 AriaExecutor.h:641] Worker 0 latency: 580 us (50%) 730 us (75%) 851 us (95%) 881 us (99%).
I0911 19:57:26.746876 2818241 AriaExecutor.h:641] Worker 1 latency: 578 us (50%) 728 us (75%) 850 us (95%) 880 us (99%).
I0911 19:57:26.821323 2818241 AriaExecutor.h:641] Worker 2 latency: 582 us (50%) 731 us (75%) 851 us (95%) 881 us (99%).
I0911 19:57:26.890326 2818241 AriaExecutor.h:641] Worker 3 latency: 578 us (50%) 729 us (75%) 850 us (95%) 880 us (99%).
I0911 19:57:26.965206 2818241 AriaExecutor.h:641] Worker 4 latency: 581 us (50%) 731 us (75%) 851 us (95%) 881 us (99%).
I0911 19:57:27.033260 2818241 AriaExecutor.h:641] Worker 5 latency: 578 us (50%) 729 us (75%) 850 us (95%) 880 us (99%).
I0911 19:57:27.107091 2818241 AriaExecutor.h:641] Worker 6 latency: 582 us (50%) 731 us (75%) 851 us (95%) 881 us (99%).
I0911 19:57:27.175032 2818241 AriaExecutor.h:641] Worker 7 latency: 578 us (50%) 729 us (75%) 850 us (95%) 880 us (99%).
I0911 19:57:27.250368 2818241 AriaExecutor.h:641] Worker 8 latency: 580 us (50%) 730 us (75%) 851 us (95%) 881 us (99%).
I0911 19:57:27.318444 2818241 AriaExecutor.h:641] Worker 9 latency: 577 us (50%) 728 us (75%) 850 us (95%) 880 us (99%).
I0911 19:57:27.392688 2818241 AriaExecutor.h:641] Worker 10 latency: 582 us (50%) 731 us (75%) 851 us (95%) 881 us (99%).
I0911 19:57:27.459909 2818241 AriaExecutor.h:641] Worker 11 latency: 579 us (50%) 729 us (75%) 850 us (95%) 880 us (99%).
I0911 19:57:27.535444 2818241 AriaExecutor.h:641] Worker 12 latency: 582 us (50%) 731 us (75%) 851 us (95%) 881 us (99%).
I0911 19:57:27.604301 2818241 AriaExecutor.h:641] Worker 13 latency: 578 us (50%) 728 us (75%) 850 us (95%) 880 us (99%).
I0911 19:57:27.679860 2818241 AriaExecutor.h:641] Worker 14 latency: 582 us (50%) 731 us (75%) 851 us (95%) 881 us (99%).
I0911 19:57:27.748363 2818241 AriaExecutor.h:641] Worker 15 latency: 578 us (50%) 728 us (75%) 850 us (95%) 880 us (99%).
I0911 19:57:27.823614 2818241 Coordinator.h:177] total commit: 1.09984e+06
I0911 19:57:28.823726 2818241 Coordinator.h:192] Coordinator exits.
