I0911 19:52:00.370167 2812322 Database.h:65] ycsb initialization finished in 145 milliseconds.
I0911 19:52:00.370299 2812322 Coordinator.h:30] Coordinator initializes 16 workers.
I0911 19:52:00.377910 2812322 Coordinator.h:77] Coordinator starts to run 17 workers.
I0911 19:52:00.378017 2812342 AriaExecutor.h:82] AriaExecutor 0 started. 
I0911 19:52:00.378034 2812343 AriaExecutor.h:82] AriaExecutor 1 started. 
I0911 19:52:00.378098 2812344 AriaExecutor.h:82] AriaExecutor 2 started. 
I0911 19:52:00.378134 2812345 AriaExecutor.h:82] AriaExecutor 3 started. 
I0911 19:52:00.378173 2812346 AriaExecutor.h:82] AriaExecutor 4 started. 
I0911 19:52:00.378209 2812347 AriaExecutor.h:82] AriaExecutor 5 started. 
I0911 19:52:00.378244 2812348 AriaExecutor.h:82] AriaExecutor 6 started. 
I0911 19:52:00.378279 2812349 AriaExecutor.h:82] AriaExecutor 7 started. 
I0911 19:52:00.378304 2812350 AriaExecutor.h:82] AriaExecutor 8 started. 
I0911 19:52:00.378342 2812351 AriaExecutor.h:82] AriaExecutor 9 started. 
I0911 19:52:00.378384 2812352 AriaExecutor.h:82] AriaExecutor 10 started. 
I0911 19:52:00.378408 2812353 AriaExecutor.h:82] AriaExecutor 11 started. 
I0911 19:52:00.378456 2812354 AriaExecutor.h:82] AriaExecutor 12 started. 
I0911 19:52:00.378472 2812355 AriaExecutor.h:82] AriaExecutor 13 started. 
I0911 19:52:00.378520 2812356 AriaExecutor.h:82] AriaExecutor 14 started. 
I0911 19:52:00.378541 2812357 AriaExecutor.h:82] AriaExecutor 15 started. 
I0911 19:52:00.378584 2812358 Manager.h:224] Manager(worker id = 16) on the coordinator node started.
I0911 19:52:01.378633 2812322 Coordinator.h:126] commit: 119570 abort: 66798 (0/66798/0), network size: 0, avg network size: 0, si_in_serializable: 0 0 %, local: 0 %
I0911 19:52:02.378794 2812322 Coordinator.h:126] commit: 120856 abort: 66536 (0/66536/0), network size: 0, avg network size: 0, si_in_serializable: 0 0 %, local: 0 %
I0911 19:52:03.378921 2812322 Coordinator.h:126] commit: 117391 abort: 64881 (0/64881/0), network size: 0, avg network size: 0, si_in_serializable: 0 0 %, local: 0 %
I0911 19:52:04.379042 2812322 Coordinator.h:126] commit: 118548 abort: 65772 (0/65772/0), network size: 0, avg network size: 0, si_in_serializable: 0 0 %, local: 0 %
I0911 19:52:05.379261 2812322 Coordinator.h:126] commit: 123926 abort: 68586 (0/68586/0), network size: 0, avg network size: 0, si_in_serializable: 0 0 %, local: 0 %
I0911 19:52:06.379413 2812322 Coordinator.h:126] commit: 124422 abort: 69114 (0/69114/0), network size: 0, avg network size: 0, si_in_serializable: 0 0 %, local: 0 %
I0911 19:52:07.379551 2812322 Coordinator.h:126] commit: 124586 abort: 68950 (0/68950/0), network size: 0, avg network size: 0, si_in_serializable: 0 0 %, local: 0 %
I0911 19:52:08.379688 2812322 Coordinator.h:126] commit: 124065 abort: 68447 (0/68447/0), network size: 0, avg network size: 0, si_in_serializable: 0 0 %, local: 0 %
I0911 19:52:09.379829 2812322 Coordinator.h:126] commit: 124285 abort: 68592 (0/68592/0), network size: 0, avg network size: 0, si_in_serializable: 0 0 %, local: 0 %
I0911 19:52:10.379946 2812322 Coordinator.h:126] commit: 120952 abort: 67099 (0/67099/0), network size: 0, avg network size: 0, si_in_serializable: 0 0 %, local: 0 %
I0911 19:52:11.380043 2812322 Coordinator.h:126] commit: 124216 abort: 68648 (0/68648/0), network size: 0, avg network size: 0, si_in_serializable: 0 0 %, local: 0 %
I0911 19:52:12.380167 2812322 Coordinator.h:126] commit: 122553 abort: 67559 (0/67559/0), network size: 0, avg network size: 0, si_in_serializable: 0 0 %, local: 0 %
I0911 19:52:13.380270 2812322 Coordinator.h:126] commit: 123317 abort: 68171 (0/68171/0), network size: 0, avg network size: 0, si_in_serializable: 0 0 %, local: 0 %
I0911 19:52:14.380422 2812322 Coordinator.h:126] commit: 124831 abort: 69098 (0/69098/0), network size: 0, avg network size: 0, si_in_serializable: 0 0 %, local: 0 %
I0911 19:52:15.380550 2812322 Coordinator.h:126] commit: 124256 abort: 68887 (0/68887/0), network size: 0, avg network size: 0, si_in_serializable: 0 0 %, local: 0 %
I0911 19:52:16.380685 2812322 Coordinator.h:126] commit: 124112 abort: 69424 (0/69424/0), network size: 0, avg network size: 0, si_in_serializable: 0 0 %, local: 0 %
I0911 19:52:17.380790 2812322 Coordinator.h:126] commit: 124744 abort: 68792 (0/68792/0), network size: 0, avg network size: 0, si_in_serializable: 0 0 %, local: 0 %
I0911 19:52:18.380956 2812322 Coordinator.h:126] commit: 123965 abort: 68547 (0/68547/0), network size: 0, avg network size: 0, si_in_serializable: 0 0 %, local: 0 %
I0911 19:52:19.381085 2812322 Coordinator.h:126] commit: 123922 abort: 68590 (0/68590/0), network size: 0, avg network size: 0, si_in_serializable: 0 0 %, local: 0 %
I0911 19:52:20.381202 2812322 Coordinator.h:126] commit: 125188 abort: 69372 (0/69372/0), network size: 0, avg network size: 0, si_in_serializable: 0 0 %, local: 0 %
I0911 19:52:21.381301 2812322 Coordinator.h:126] commit: 124103 abort: 68409 (0/68409/0), network size: 0, avg network size: 0, si_in_serializable: 0 0 %, local: 0 %
I0911 19:52:22.381428 2812322 Coordinator.h:126] commit: 123860 abort: 68652 (0/68652/0), network size: 0, avg network size: 0, si_in_serializable: 0 0 %, local: 0 %
I0911 19:52:23.381554 2812322 Coordinator.h:126] commit: 121072 abort: 67344 (0/67344/0), network size: 0, avg network size: 0, si_in_serializable: 0 0 %, local: 0 %
I0911 19:52:24.381669 2812322 Coordinator.h:126] commit: 122544 abort: 67920 (0/67920/0), network size: 0, avg network size: 0, si_in_serializable: 0 0 %, local: 0 %
I0911 19:52:25.381788 2812322 Coordinator.h:126] commit: 123757 abort: 68755 (0/68755/0), network size: 0, avg network size: 0, si_in_serializable: 0 0 %, local: 0 %
I0911 19:52:25.381847 2812322 Coordinator.h:152] average commit: 124110 abort: 68708.8 (0/68708.8/0), network size: 0, avg network size: 0, si_in_serializable: 0 0 %, local: 0 %
I0911 19:52:25.386281 2812345 AriaExecutor.h:94] AriaExecutor 3 exits. 
I0911 19:52:25.386299 2812356 AriaExecutor.h:94] AriaExecutor 14 exits. 
I0911 19:52:25.386317 2812354 AriaExecutor.h:94] AriaExecutor 12 exits. 
I0911 19:52:25.386283 2812349 AriaExecutor.h:94] AriaExecutor 7 exits. 
I0911 19:52:25.386309 2812355 AriaExecutor.h:94] AriaExecutor 13 exits. 
I0911 19:52:25.386299 2812350 AriaExecutor.h:94] AriaExecutor 8 exits. 
I0911 19:52:25.386296 2812343 AriaExecutor.h:94] AriaExecutor 1 exits. 
I0911 19:52:25.386283 2812347 AriaExecutor.h:94] AriaExecutor 5 exits. 
I0911 19:52:25.386310 2812357 AriaExecutor.h:94] AriaExecutor 15 exits. 
I0911 19:52:25.386283 2812351 AriaExecutor.h:94] AriaExecutor 9 exits. 
I0911 19:52:25.386300 2812346 AriaExecutor.h:94] AriaExecutor 4 exits. 
I0911 19:52:25.386299 2812344 AriaExecutor.h:94] AriaExecutor 2 exits. 
I0911 19:52:25.386291 2812342 AriaExecutor.h:94] AriaExecutor 0 exits. 
I0911 19:52:25.386305 2812358 Manager.h:227] Manager(worker id = 16) on the coordinator node exits.
I0911 19:52:25.386318 2812348 AriaExecutor.h:94] AriaExecutor 6 exits. 
I0911 19:52:25.386282 2812353 AriaExecutor.h:94] AriaExecutor 11 exits. 
I0911 19:52:25.386299 2812352 AriaExecutor.h:94] AriaExecutor 10 exits. 
I0911 19:52:25.381855 2812322 AriaExecutor.h:641] Worker 0 latency: 4238 us (50%) 4663 us (75%) 4945 us (95%) 5146 us (99%).
I0911 19:52:25.392779 2812322 AriaExecutor.h:641] Worker 1 latency: 4230 us (50%) 4660 us (75%) 4943 us (95%) 5148 us (99%).
I0911 19:52:25.402210 2812322 AriaExecutor.h:641] Worker 2 latency: 4241 us (50%) 4664 us (75%) 4945 us (95%) 5153 us (99%).
I0911 19:52:25.412631 2812322 AriaExecutor.h:641] Worker 3 latency: 4234 us (50%) 4661 us (75%) 4944 us (95%) 5147 us (99%).
I0911 19:52:25.422058 2812322 AriaExecutor.h:641] Worker 4 latency: 4231 us (50%) 4659 us (75%) 4943 us (95%) 5145 us (99%).
I0911 19:52:25.432351 2812322 AriaExecutor.h:641] Worker 5 latency: 4226 us (50%) 4657 us (75%) 4942 us (95%) 5141 us (99%).
I0911 19:52:25.441939 2812322 AriaExecutor.h:641] Worker 6 latency: 4241 us (50%) 4664 us (75%) 4944 us (95%) 5145 us (99%).
I0911 19:52:25.452179 2812322 AriaExecutor.h:641] Worker 7 latency: 4236 us (50%) 4661 us (75%) 4943 us (95%) 5141 us (99%).
I0911 19:52:25.461549 2812322 AriaExecutor.h:641] Worker 8 latency: 4236 us (50%) 4664 us (75%) 4945 us (95%) 5153 us (99%).
I0911 19:52:25.471767 2812322 AriaExecutor.h:641] Worker 9 latency: 4228 us (50%) 4658 us (75%) 4942 us (95%) 5144 us (99%).
I0911 19:52:25.481103 2812322 AriaExecutor.h:641] Worker 10 latency: 4237 us (50%) 4663 us (75%) 4944 us (95%) 5145 us (99%).
I0911 19:52:25.491290 2812322 AriaExecutor.h:641] Worker 11 latency: 4233 us (50%) 4663 us (75%) 4943 us (95%) 5143 us (99%).
I0911 19:52:25.500767 2812322 AriaExecutor.h:641] Worker 12 latency: 4241 us (50%) 4665 us (75%) 4945 us (95%) 5149 us (99%).
I0911 19:52:25.511070 2812322 AriaExecutor.h:641] Worker 13 latency: 4229 us (50%) 4660 us (75%) 4942 us (95%) 5145 us (99%).
I0911 19:52:25.520258 2812322 AriaExecutor.h:641] Worker 14 latency: 4242 us (50%) 4664 us (75%) 4945 us (95%) 5147 us (99%).
I0911 19:52:25.530339 2812322 AriaExecutor.h:641] Worker 15 latency: 4239 us (50%) 4664 us (75%) 4943 us (95%) 5147 us (99%).
I0911 19:52:25.539629 2812322 Coordinator.h:177] total commit: 124110
I0911 19:52:26.539752 2812322 Coordinator.h:192] Coordinator exits.
