I0911 20:04:19.712165 2826767 Database.h:65] ycsb initialization finished in 148 milliseconds.
I0911 20:04:19.712280 2826767 Coordinator.h:30] Coordinator initializes 16 workers.
I0911 20:04:19.720165 2826767 Coordinator.h:77] Coordinator starts to run 17 workers.
I0911 20:04:19.720235 2826787 AriaExecutor.h:82] AriaExecutor 0 started. 
I0911 20:04:19.720273 2826788 AriaExecutor.h:82] AriaExecutor 1 started. 
I0911 20:04:19.720319 2826789 AriaExecutor.h:82] AriaExecutor 2 started. 
I0911 20:04:19.720376 2826790 AriaExecutor.h:82] AriaExecutor 3 started. 
I0911 20:04:19.720412 2826791 AriaExecutor.h:82] AriaExecutor 4 started. 
I0911 20:04:19.720461 2826792 AriaExecutor.h:82] AriaExecutor 5 started. 
I0911 20:04:19.720505 2826793 AriaExecutor.h:82] AriaExecutor 6 started. 
I0911 20:04:19.720546 2826794 AriaExecutor.h:82] AriaExecutor 7 started. 
I0911 20:04:19.720584 2826795 AriaExecutor.h:82] AriaExecutor 8 started. 
I0911 20:04:19.720633 2826796 AriaExecutor.h:82] AriaExecutor 9 started. 
I0911 20:04:19.720667 2826797 AriaExecutor.h:82] AriaExecutor 10 started. 
I0911 20:04:19.720717 2826798 AriaExecutor.h:82] AriaExecutor 11 started. 
I0911 20:04:19.720758 2826799 AriaExecutor.h:82] AriaExecutor 12 started. 
I0911 20:04:19.720809 2826800 AriaExecutor.h:82] AriaExecutor 13 started. 
I0911 20:04:19.720844 2826801 AriaExecutor.h:82] AriaExecutor 14 started. 
I0911 20:04:19.720886 2826802 AriaExecutor.h:82] AriaExecutor 15 started. 
I0911 20:04:19.720947 2826803 Manager.h:224] Manager(worker id = 16) on the coordinator node started.
I0911 20:04:20.720978 2826767 Coordinator.h:126] commit: 983323 abort: 124645 (0/124645/0), network size: 0, avg network size: 0, si_in_serializable: 0 0 %, local: 0 %
I0911 20:04:21.721088 2826767 Coordinator.h:126] commit: 972729 abort: 122951 (0/122951/0), network size: 0, avg network size: 0, si_in_serializable: 0 0 %, local: 0 %
I0911 20:04:22.721194 2826767 Coordinator.h:126] commit: 938315 abort: 118514 (0/118514/0), network size: 0, avg network size: 0, si_in_serializable: 0 0 %, local: 0 %
I0911 20:04:23.721297 2826767 Coordinator.h:126] commit: 956182 abort: 121005 (0/121005/0), network size: 0, avg network size: 0, si_in_serializable: 0 0 %, local: 0 %
I0911 20:04:24.721428 2826767 Coordinator.h:126] commit: 966845 abort: 121667 (0/121667/0), network size: 0, avg network size: 0, si_in_serializable: 0 0 %, local: 0 %
I0911 20:04:25.721530 2826767 Coordinator.h:126] commit: 990003 abort: 125133 (0/125133/0), network size: 0, avg network size: 0, si_in_serializable: 0 0 %, local: 0 %
I0911 20:04:26.721634 2826767 Coordinator.h:126] commit: 991443 abort: 125741 (0/125741/0), network size: 0, avg network size: 0, si_in_serializable: 0 0 %, local: 0 %
I0911 20:04:27.721717 2826767 Coordinator.h:126] commit: 988803 abort: 126333 (0/126333/0), network size: 0, avg network size: 0, si_in_serializable: 0 0 %, local: 0 %
I0911 20:04:28.721815 2826767 Coordinator.h:126] commit: 943456 abort: 118432 (0/118432/0), network size: 0, avg network size: 0, si_in_serializable: 0 0 %, local: 0 %
I0911 20:04:29.721925 2826767 Coordinator.h:126] commit: 970784 abort: 122848 (0/122848/0), network size: 0, avg network size: 0, si_in_serializable: 0 0 %, local: 0 %
I0911 20:04:30.722030 2826767 Coordinator.h:126] commit: 961086 abort: 121282 (0/121282/0), network size: 0, avg network size: 0, si_in_serializable: 0 0 %, local: 0 %
I0911 20:04:31.722126 2826767 Coordinator.h:126] commit: 975903 abort: 123873 (0/123873/0), network size: 0, avg network size: 0, si_in_serializable: 0 0 %, local: 0 %
I0911 20:04:32.722250 2826767 Coordinator.h:126] commit: 992005 abort: 125179 (0/125179/0), network size: 0, avg network size: 0, si_in_serializable: 0 0 %, local: 0 %
I0911 20:04:33.722363 2826767 Coordinator.h:126] commit: 985318 abort: 124698 (0/124698/0), network size: 0, avg network size: 0, si_in_serializable: 0 0 %, local: 0 %
I0911 20:04:34.722463 2826767 Coordinator.h:126] commit: 991271 abort: 124889 (0/124889/0), network size: 0, avg network size: 0, si_in_serializable: 0 0 %, local: 0 %
I0911 20:04:35.722560 2826767 Coordinator.h:126] commit: 992125 abort: 125059 (0/125059/0), network size: 0, avg network size: 0, si_in_serializable: 0 0 %, local: 0 %
I0911 20:04:36.722667 2826767 Coordinator.h:126] commit: 987857 abort: 125231 (0/125231/0), network size: 0, avg network size: 0, si_in_serializable: 0 0 %, local: 0 %
I0911 20:04:37.722747 2826767 Coordinator.h:126] commit: 889948 abort: 112548 (0/112548/0), network size: 0, avg network size: 0, si_in_serializable: 0 0 %, local: 0 %
I0911 20:04:38.722826 2826767 Coordinator.h:126] commit: 990852 abort: 125308 (0/125308/0), network size: 0, avg network size: 0, si_in_serializable: 0 0 %, local: 0 %
I0911 20:04:39.722911 2826767 Coordinator.h:126] commit: 989997 abort: 126163 (0/126163/0), network size: 0, avg network size: 0, si_in_serializable: 0 0 %, local: 0 %
I0911 20:04:40.723006 2826767 Coordinator.h:126] commit: 969831 abort: 122777 (0/122777/0), network size: 0, avg network size: 0, si_in_serializable: 0 0 %, local: 0 %
I0911 20:04:41.723090 2826767 Coordinator.h:126] commit: 990577 abort: 125583 (0/125583/0), network size: 0, avg network size: 0, si_in_serializable: 0 0 %, local: 0 %
I0911 20:04:42.723172 2826767 Coordinator.h:126] commit: 974157 abort: 122547 (0/122547/0), network size: 0, avg network size: 0, si_in_serializable: 0 0 %, local: 0 %
I0911 20:04:43.723255 2826767 Coordinator.h:126] commit: 991829 abort: 125355 (0/125355/0), network size: 0, avg network size: 0, si_in_serializable: 0 0 %, local: 0 %
I0911 20:04:44.723340 2826767 Coordinator.h:126] commit: 970609 abort: 123023 (0/123023/0), network size: 0, avg network size: 0, si_in_serializable: 0 0 %, local: 0 %
I0911 20:04:44.723361 2826767 Coordinator.h:152] average commit: 975636 abort: 123423 (0/123423/0), network size: 0, avg network size: 0, si_in_serializable: 0 0 %, local: 0 %
I0911 20:04:44.723865 2826797 AriaExecutor.h:94] AriaExecutor 10 exits. 
I0911 20:04:44.723871 2826791 AriaExecutor.h:94] AriaExecutor 4 exits. 
I0911 20:04:44.723868 2826787 AriaExecutor.h:94] AriaExecutor 0 exits. 
I0911 20:04:44.723874 2826793 AriaExecutor.h:94] AriaExecutor 6 exits. 
I0911 20:04:44.723865 2826799 AriaExecutor.h:94] AriaExecutor 12 exits. 
I0911 20:04:44.723912 2826802 AriaExecutor.h:94] AriaExecutor 15 exits. 
I0911 20:04:44.723886 2826792 AriaExecutor.h:94] AriaExecutor 5 exits. 
I0911 20:04:44.723886 2826794 AriaExecutor.h:94] AriaExecutor 7 exits. 
I0911 20:04:44.723907 2826801 AriaExecutor.h:94] AriaExecutor 14 exits. 
I0911 20:04:44.723874 2826795 AriaExecutor.h:94] AriaExecutor 8 exits. 
I0911 20:04:44.723886 2826788 AriaExecutor.h:94] AriaExecutor 1 exits. 
I0911 20:04:44.723886 2826790 AriaExecutor.h:94] AriaExecutor 3 exits. 
I0911 20:04:44.723886 2826798 AriaExecutor.h:94] AriaExecutor 11 exits. 
I0911 20:04:44.723887 2826796 AriaExecutor.h:94] AriaExecutor 9 exits. 
I0911 20:04:44.723870 2826789 AriaExecutor.h:94] AriaExecutor 2 exits. 
I0911 20:04:44.723875 2826803 Manager.h:227] Manager(worker id = 16) on the coordinator node exits.
I0911 20:04:44.723886 2826800 AriaExecutor.h:94] AriaExecutor 13 exits. 
I0911 20:04:44.723371 2826767 AriaExecutor.h:641] Worker 0 latency: 597 us (50%) 743 us (75%) 853 us (95%) 886 us (99%).
I0911 20:04:44.782517 2826767 AriaExecutor.h:641] Worker 1 latency: 596 us (50%) 741 us (75%) 851 us (95%) 884 us (99%).
I0911 20:04:44.842368 2826767 AriaExecutor.h:641] Worker 2 latency: 599 us (50%) 743 us (75%) 853 us (95%) 886 us (99%).
I0911 20:04:44.901389 2826767 AriaExecutor.h:641] Worker 3 latency: 596 us (50%) 741 us (75%) 851 us (95%) 884 us (99%).
I0911 20:04:44.961066 2826767 AriaExecutor.h:641] Worker 4 latency: 598 us (50%) 743 us (75%) 853 us (95%) 886 us (99%).
I0911 20:04:45.019837 2826767 AriaExecutor.h:641] Worker 5 latency: 595 us (50%) 740 us (75%) 851 us (95%) 884 us (99%).
I0911 20:04:45.079757 2826767 AriaExecutor.h:641] Worker 6 latency: 600 us (50%) 744 us (75%) 853 us (95%) 886 us (99%).
I0911 20:04:45.137990 2826767 AriaExecutor.h:641] Worker 7 latency: 595 us (50%) 740 us (75%) 851 us (95%) 883 us (99%).
I0911 20:04:45.198323 2826767 AriaExecutor.h:641] Worker 8 latency: 597 us (50%) 742 us (75%) 853 us (95%) 886 us (99%).
I0911 20:04:45.257413 2826767 AriaExecutor.h:641] Worker 9 latency: 594 us (50%) 739 us (75%) 851 us (95%) 883 us (99%).
I0911 20:04:45.317569 2826767 AriaExecutor.h:641] Worker 10 latency: 599 us (50%) 743 us (75%) 853 us (95%) 886 us (99%).
I0911 20:04:45.376328 2826767 AriaExecutor.h:641] Worker 11 latency: 595 us (50%) 740 us (75%) 851 us (95%) 884 us (99%).
I0911 20:04:45.435341 2826767 AriaExecutor.h:641] Worker 12 latency: 599 us (50%) 743 us (75%) 852 us (95%) 886 us (99%).
I0911 20:04:45.493935 2826767 AriaExecutor.h:641] Worker 13 latency: 594 us (50%) 739 us (75%) 851 us (95%) 883 us (99%).
I0911 20:04:45.553877 2826767 AriaExecutor.h:641] Worker 14 latency: 599 us (50%) 742 us (75%) 852 us (95%) 886 us (99%).
I0911 20:04:45.613186 2826767 AriaExecutor.h:641] Worker 15 latency: 595 us (50%) 740 us (75%) 851 us (95%) 883 us (99%).
I0911 20:04:45.674108 2826767 Coordinator.h:177] total commit: 975636
I0911 20:04:46.674234 2826767 Coordinator.h:192] Coordinator exits.
