I0911 19:57:29.518337 2818626 Database.h:65] ycsb initialization finished in 169 milliseconds.
I0911 19:57:29.518460 2818626 Coordinator.h:30] Coordinator initializes 16 workers.
I0911 19:57:29.526100 2818626 Coordinator.h:77] Coordinator starts to run 17 workers.
I0911 19:57:29.526204 2818646 AriaExecutor.h:82] AriaExecutor 0 started. 
I0911 19:57:29.526223 2818647 AriaExecutor.h:82] AriaExecutor 1 started. 
I0911 19:57:29.526285 2818648 AriaExecutor.h:82] AriaExecutor 2 started. 
I0911 19:57:29.526325 2818649 AriaExecutor.h:82] AriaExecutor 3 started. 
I0911 19:57:29.526360 2818650 AriaExecutor.h:82] AriaExecutor 4 started. 
I0911 19:57:29.526400 2818651 AriaExecutor.h:82] AriaExecutor 5 started. 
I0911 19:57:29.526437 2818652 AriaExecutor.h:82] AriaExecutor 6 started. 
I0911 19:57:29.526466 2818653 AriaExecutor.h:82] AriaExecutor 7 started. 
I0911 19:57:29.526515 2818654 AriaExecutor.h:82] AriaExecutor 8 started. 
I0911 19:57:29.526536 2818655 AriaExecutor.h:82] AriaExecutor 9 started. 
I0911 19:57:29.526579 2818656 AriaExecutor.h:82] AriaExecutor 10 started. 
I0911 19:57:29.526607 2818657 AriaExecutor.h:82] AriaExecutor 11 started. 
I0911 19:57:29.526646 2818658 AriaExecutor.h:82] AriaExecutor 12 started. 
I0911 19:57:29.526683 2818659 AriaExecutor.h:82] AriaExecutor 13 started. 
I0911 19:57:29.526719 2818660 AriaExecutor.h:82] AriaExecutor 14 started. 
I0911 19:57:29.526751 2818661 AriaExecutor.h:82] AriaExecutor 15 started. 
I0911 19:57:29.526800 2818662 Manager.h:224] Manager(worker id = 16) on the coordinator node started.
I0911 19:57:30.526849 2818626 Coordinator.h:126] commit: 107650 abort: 75646 (0/75646/0), network size: 0, avg network size: 0, si_in_serializable: 0 0 %, local: 0 %
I0911 19:57:31.526973 2818626 Coordinator.h:126] commit: 107987 abort: 75309 (0/75309/0), network size: 0, avg network size: 0, si_in_serializable: 0 0 %, local: 0 %
I0911 19:57:32.527094 2818626 Coordinator.h:126] commit: 104627 abort: 72525 (0/72525/0), network size: 0, avg network size: 0, si_in_serializable: 0 0 %, local: 0 %
I0911 19:57:33.527213 2818626 Coordinator.h:126] commit: 106635 abort: 74613 (0/74613/0), network size: 0, avg network size: 0, si_in_serializable: 0 0 %, local: 0 %
I0911 19:57:34.527433 2818626 Coordinator.h:126] commit: 110408 abort: 76984 (0/76984/0), network size: 0, avg network size: 0, si_in_serializable: 0 0 %, local: 0 %
I0911 19:57:35.527582 2818626 Coordinator.h:126] commit: 110027 abort: 76341 (0/76341/0), network size: 0, avg network size: 0, si_in_serializable: 0 0 %, local: 0 %
I0911 19:57:36.527717 2818626 Coordinator.h:126] commit: 111453 abort: 77062 (0/77062/0), network size: 0, avg network size: 0, si_in_serializable: 0 0 %, local: 0 %
I0911 19:57:37.527854 2818626 Coordinator.h:126] commit: 107497 abort: 74676 (0/74676/0), network size: 0, avg network size: 0, si_in_serializable: 0 0 %, local: 0 %
I0911 19:57:38.527979 2818626 Coordinator.h:126] commit: 111856 abort: 77584 (0/77584/0), network size: 0, avg network size: 0, si_in_serializable: 0 0 %, local: 0 %
I0911 19:57:39.528100 2818626 Coordinator.h:126] commit: 107104 abort: 74438 (0/74438/0), network size: 0, avg network size: 0, si_in_serializable: 0 0 %, local: 0 %
I0911 19:57:40.528223 2818626 Coordinator.h:126] commit: 108959 abort: 76091 (0/76091/0), network size: 0, avg network size: 0, si_in_serializable: 0 0 %, local: 0 %
I0911 19:57:41.528357 2818626 Coordinator.h:126] commit: 110673 abort: 76719 (0/76719/0), network size: 0, avg network size: 0, si_in_serializable: 0 0 %, local: 0 %
I0911 19:57:42.528512 2818626 Coordinator.h:126] commit: 111814 abort: 77626 (0/77626/0), network size: 0, avg network size: 0, si_in_serializable: 0 0 %, local: 0 %
I0911 19:57:43.528625 2818626 Coordinator.h:126] commit: 110933 abort: 77483 (0/77483/0), network size: 0, avg network size: 0, si_in_serializable: 0 0 %, local: 0 %
I0911 19:57:44.528744 2818626 Coordinator.h:126] commit: 111850 abort: 77590 (0/77590/0), network size: 0, avg network size: 0, si_in_serializable: 0 0 %, local: 0 %
I0911 19:57:45.528861 2818626 Coordinator.h:126] commit: 111312 abort: 77104 (0/77104/0), network size: 0, avg network size: 0, si_in_serializable: 0 0 %, local: 0 %
I0911 19:57:46.528986 2818626 Coordinator.h:126] commit: 112367 abort: 78097 (0/78097/0), network size: 0, avg network size: 0, si_in_serializable: 0 0 %, local: 0 %
I0911 19:57:47.529117 2818626 Coordinator.h:126] commit: 111036 abort: 77380 (0/77380/0), network size: 0, avg network size: 0, si_in_serializable: 0 0 %, local: 0 %
I0911 19:57:48.529251 2818626 Coordinator.h:126] commit: 111656 abort: 77784 (0/77784/0), network size: 0, avg network size: 0, si_in_serializable: 0 0 %, local: 0 %
I0911 19:57:49.529376 2818626 Coordinator.h:126] commit: 110323 abort: 76380 (0/76380/0), network size: 0, avg network size: 0, si_in_serializable: 0 0 %, local: 0 %
I0911 19:57:50.529501 2818626 Coordinator.h:126] commit: 112214 abort: 77915 (0/77915/0), network size: 0, avg network size: 0, si_in_serializable: 0 0 %, local: 0 %
I0911 19:57:51.529632 2818626 Coordinator.h:126] commit: 111021 abort: 77395 (0/77395/0), network size: 0, avg network size: 0, si_in_serializable: 0 0 %, local: 0 %
I0911 19:57:52.529754 2818626 Coordinator.h:126] commit: 112060 abort: 77380 (0/77380/0), network size: 0, avg network size: 0, si_in_serializable: 0 0 %, local: 0 %
I0911 19:57:53.529875 2818626 Coordinator.h:126] commit: 110833 abort: 76559 (0/76559/0), network size: 0, avg network size: 0, si_in_serializable: 0 0 %, local: 0 %
I0911 19:57:54.529994 2818626 Coordinator.h:126] commit: 108922 abort: 75398 (0/75398/0), network size: 0, avg network size: 0, si_in_serializable: 0 0 %, local: 0 %
I0911 19:57:54.530041 2818626 Coordinator.h:152] average commit: 111092 abort: 77225.4 (0/77225.4/0), network size: 0, avg network size: 0, si_in_serializable: 0 0 %, local: 0 %
I0911 19:57:54.531489 2818661 AriaExecutor.h:94] AriaExecutor 15 exits. 
I0911 19:57:54.531494 2818657 AriaExecutor.h:94] AriaExecutor 11 exits. 
I0911 19:57:54.531500 2818656 AriaExecutor.h:94] AriaExecutor 10 exits. 
I0911 19:57:54.531500 2818654 AriaExecutor.h:94] AriaExecutor 8 exits. 
I0911 19:57:54.531489 2818646 AriaExecutor.h:94] AriaExecutor 0 exits. 
I0911 19:57:54.531502 2818647 AriaExecutor.h:94] AriaExecutor 1 exits. 
I0911 19:57:54.531503 2818648 AriaExecutor.h:94] AriaExecutor 2 exits. 
I0911 19:57:54.531504 2818660 AriaExecutor.h:94] AriaExecutor 14 exits. 
I0911 19:57:54.531517 2818662 Manager.h:227] Manager(worker id = 16) on the coordinator node exits.
I0911 19:57:54.531490 2818649 AriaExecutor.h:94] AriaExecutor 3 exits. 
I0911 19:57:54.531495 2818653 AriaExecutor.h:94] AriaExecutor 7 exits. 
I0911 19:57:54.531505 2818650 AriaExecutor.h:94] AriaExecutor 4 exits. 
I0911 19:57:54.531503 2818658 AriaExecutor.h:94] AriaExecutor 12 exits. 
I0911 19:57:54.531494 2818655 AriaExecutor.h:94] AriaExecutor 9 exits. 
I0911 19:57:54.531495 2818651 AriaExecutor.h:94] AriaExecutor 5 exits. 
I0911 19:57:54.531507 2818652 AriaExecutor.h:94] AriaExecutor 6 exits. 
I0911 19:57:54.531492 2818659 AriaExecutor.h:94] AriaExecutor 13 exits. 
I0911 19:57:54.530050 2818626 AriaExecutor.h:641] Worker 0 latency: 4375 us (50%) 4811 us (75%) 5095 us (95%) 5319 us (99%).
I0911 19:57:54.539680 2818626 AriaExecutor.h:641] Worker 1 latency: 4361 us (50%) 4804 us (75%) 5092 us (95%) 5306 us (99%).
I0911 19:57:54.548216 2818626 AriaExecutor.h:641] Worker 2 latency: 4377 us (50%) 4811 us (75%) 5095 us (95%) 5316 us (99%).
I0911 19:57:54.557627 2818626 AriaExecutor.h:641] Worker 3 latency: 4369 us (50%) 4808 us (75%) 5093 us (95%) 5312 us (99%).
I0911 19:57:54.566314 2818626 AriaExecutor.h:641] Worker 4 latency: 4363 us (50%) 4805 us (75%) 5093 us (95%) 5316 us (99%).
I0911 19:57:54.575770 2818626 AriaExecutor.h:641] Worker 5 latency: 4360 us (50%) 4805 us (75%) 5092 us (95%) 5308 us (99%).
I0911 19:57:54.584231 2818626 AriaExecutor.h:641] Worker 6 latency: 4377 us (50%) 4810 us (75%) 5094 us (95%) 5318 us (99%).
I0911 19:57:54.593788 2818626 AriaExecutor.h:641] Worker 7 latency: 4373 us (50%) 4810 us (75%) 5094 us (95%) 5312 us (99%).
I0911 19:57:54.602380 2818626 AriaExecutor.h:641] Worker 8 latency: 4365 us (50%) 4805 us (75%) 5093 us (95%) 5311 us (99%).
I0911 19:57:54.611824 2818626 AriaExecutor.h:641] Worker 9 latency: 4363 us (50%) 4805 us (75%) 5092 us (95%) 5310 us (99%).
I0911 19:57:54.620354 2818626 AriaExecutor.h:641] Worker 10 latency: 4373 us (50%) 4808 us (75%) 5094 us (95%) 5311 us (99%).
I0911 19:57:54.629935 2818626 AriaExecutor.h:641] Worker 11 latency: 4372 us (50%) 4807 us (75%) 5092 us (95%) 5303 us (99%).
I0911 19:57:54.638345 2818626 AriaExecutor.h:641] Worker 12 latency: 4374 us (50%) 4810 us (75%) 5093 us (95%) 5316 us (99%).
I0911 19:57:54.647612 2818626 AriaExecutor.h:641] Worker 13 latency: 4363 us (50%) 4803 us (75%) 5091 us (95%) 5307 us (99%).
I0911 19:57:54.656247 2818626 AriaExecutor.h:641] Worker 14 latency: 4375 us (50%) 4811 us (75%) 5093 us (95%) 5311 us (99%).
I0911 19:57:54.665697 2818626 AriaExecutor.h:641] Worker 15 latency: 4372 us (50%) 4807 us (75%) 5092 us (95%) 5312 us (99%).
I0911 19:57:54.674310 2818626 Coordinator.h:177] total commit: 111092
I0911 19:57:55.674479 2818626 Coordinator.h:192] Coordinator exits.
