I0911 19:32:23.679101 2790998 Database.h:65] ycsb initialization finished in 148 milliseconds.
I0911 19:32:23.679212 2790998 Coordinator.h:30] Coordinator initializes 16 workers.
I0911 19:32:23.686517 2790998 Coordinator.h:77] Coordinator starts to run 17 workers.
I0911 19:32:23.686585 2791018 AriaExecutor.h:82] AriaExecutor 0 started. 
I0911 19:32:23.686621 2791019 AriaExecutor.h:82] AriaExecutor 1 started. 
I0911 19:32:23.686664 2791020 AriaExecutor.h:82] AriaExecutor 2 started. 
I0911 19:32:23.686739 2791022 AriaExecutor.h:82] AriaExecutor 4 started. 
I0911 19:32:23.686745 2791021 AriaExecutor.h:82] AriaExecutor 3 started. 
I0911 19:32:23.686789 2791023 AriaExecutor.h:82] AriaExecutor 5 started. 
I0911 19:32:23.686825 2791024 AriaExecutor.h:82] AriaExecutor 6 started. 
I0911 19:32:23.686908 2791026 AriaExecutor.h:82] AriaExecutor 8 started. 
I0911 19:32:23.686940 2791025 AriaExecutor.h:82] AriaExecutor 7 started. 
I0911 19:32:23.686949 2791027 AriaExecutor.h:82] AriaExecutor 9 started. 
I0911 19:32:23.686992 2791028 AriaExecutor.h:82] AriaExecutor 10 started. 
I0911 19:32:23.687036 2791029 AriaExecutor.h:82] AriaExecutor 11 started. 
I0911 19:32:23.687090 2791030 AriaExecutor.h:82] AriaExecutor 12 started. 
I0911 19:32:23.687124 2791031 AriaExecutor.h:82] AriaExecutor 13 started. 
I0911 19:32:23.687168 2791032 AriaExecutor.h:82] AriaExecutor 14 started. 
I0911 19:32:23.687202 2791033 AriaExecutor.h:82] AriaExecutor 15 started. 
I0911 19:32:23.687234 2791034 Manager.h:224] Manager(worker id = 16) on the coordinator node started.
I0911 19:32:24.687292 2790998 Coordinator.h:126] commit: 1726381 abort: 1107 (0/1107/0), network size: 0, avg network size: 0, si_in_serializable: 0 0 %, local: 0 %
I0911 19:32:25.687418 2790998 Coordinator.h:126] commit: 1683439 abort: 1041 (0/1041/0), network size: 0, avg network size: 0, si_in_serializable: 0 0 %, local: 0 %
I0911 19:32:26.687527 2790998 Coordinator.h:126] commit: 1654702 abort: 1106 (0/1106/0), network size: 0, avg network size: 0, si_in_serializable: 0 0 %, local: 0 %
I0911 19:32:27.687629 2790998 Coordinator.h:126] commit: 1669090 abort: 1054 (0/1054/0), network size: 0, avg network size: 0, si_in_serializable: 0 0 %, local: 0 %
I0911 19:32:28.687744 2790998 Coordinator.h:126] commit: 1733577 abort: 1079 (0/1079/0), network size: 0, avg network size: 0, si_in_serializable: 0 0 %, local: 0 %
I0911 19:32:29.687845 2790998 Coordinator.h:126] commit: 1731436 abort: 1172 (0/1172/0), network size: 0, avg network size: 0, si_in_serializable: 0 0 %, local: 0 %
I0911 19:32:30.687937 2790998 Coordinator.h:126] commit: 1756058 abort: 1126 (0/1126/0), network size: 0, avg network size: 0, si_in_serializable: 0 0 %, local: 0 %
I0911 19:32:31.688030 2790998 Coordinator.h:126] commit: 1736583 abort: 1145 (0/1145/0), network size: 0, avg network size: 0, si_in_serializable: 0 0 %, local: 0 %
I0911 19:32:32.688130 2790998 Coordinator.h:126] commit: 1758083 abort: 1149 (0/1149/0), network size: 0, avg network size: 0, si_in_serializable: 0 0 %, local: 0 %
I0911 19:32:33.688232 2790998 Coordinator.h:126] commit: 1684411 abort: 1093 (0/1093/0), network size: 0, avg network size: 0, si_in_serializable: 0 0 %, local: 0 %
I0911 19:32:34.688323 2790998 Coordinator.h:126] commit: 1760129 abort: 1151 (0/1151/0), network size: 0, avg network size: 0, si_in_serializable: 0 0 %, local: 0 %
I0911 19:32:35.688412 2790998 Coordinator.h:126] commit: 1687964 abort: 1116 (0/1116/0), network size: 0, avg network size: 0, si_in_serializable: 0 0 %, local: 0 %
I0911 19:32:36.688499 2790998 Coordinator.h:126] commit: 1751445 abort: 1139 (0/1139/0), network size: 0, avg network size: 0, si_in_serializable: 0 0 %, local: 0 %
I0911 19:32:37.688577 2790998 Coordinator.h:126] commit: 1675218 abort: 1070 (0/1070/0), network size: 0, avg network size: 0, si_in_serializable: 0 0 %, local: 0 %
I0911 19:32:38.688652 2790998 Coordinator.h:126] commit: 1748852 abort: 1164 (0/1164/0), network size: 0, avg network size: 0, si_in_serializable: 0 0 %, local: 0 %
I0911 19:32:39.688751 2790998 Coordinator.h:126] commit: 1714027 abort: 1173 (0/1173/0), network size: 0, avg network size: 0, si_in_serializable: 0 0 %, local: 0 %
I0911 19:32:40.688831 2790998 Coordinator.h:126] commit: 1750964 abort: 1100 (0/1100/0), network size: 0, avg network size: 0, si_in_serializable: 0 0 %, local: 0 %
I0911 19:32:41.688915 2790998 Coordinator.h:126] commit: 1756019 abort: 1165 (0/1165/0), network size: 0, avg network size: 0, si_in_serializable: 0 0 %, local: 0 %
I0911 19:32:42.689008 2790998 Coordinator.h:126] commit: 1723281 abort: 1135 (0/1135/0), network size: 0, avg network size: 0, si_in_serializable: 0 0 %, local: 0 %
I0911 19:32:43.689100 2790998 Coordinator.h:126] commit: 1641417 abort: 1079 (0/1079/0), network size: 0, avg network size: 0, si_in_serializable: 0 0 %, local: 0 %
I0911 19:32:44.689193 2790998 Coordinator.h:126] commit: 1724283 abort: 1157 (0/1157/0), network size: 0, avg network size: 0, si_in_serializable: 0 0 %, local: 0 %
I0911 19:32:45.689289 2790998 Coordinator.h:126] commit: 1752038 abort: 1050 (0/1050/0), network size: 0, avg network size: 0, si_in_serializable: 0 0 %, local: 0 %
I0911 19:32:46.689378 2790998 Coordinator.h:126] commit: 1723287 abort: 1129 (0/1129/0), network size: 0, avg network size: 0, si_in_serializable: 0 0 %, local: 0 %
I0911 19:32:47.689479 2790998 Coordinator.h:126] commit: 1734529 abort: 1151 (0/1151/0), network size: 0, avg network size: 0, si_in_serializable: 0 0 %, local: 0 %
I0911 19:32:48.689586 2790998 Coordinator.h:126] commit: 1665029 abort: 1019 (0/1019/0), network size: 0, avg network size: 0, si_in_serializable: 0 0 %, local: 0 %
I0911 19:32:48.689621 2790998 Coordinator.h:152] average commit: 1.72093e+06 abort: 1129.2 (0/1129.2/0), network size: 0, avg network size: 0, si_in_serializable: 0 0 %, local: 0 %
I0911 19:32:48.690078 2791030 AriaExecutor.h:94] AriaExecutor 12 exits. 
I0911 19:32:48.690084 2791024 AriaExecutor.h:94] AriaExecutor 6 exits. 
I0911 19:32:48.690086 2791026 AriaExecutor.h:94] AriaExecutor 8 exits. 
I0911 19:32:48.690081 2791028 AriaExecutor.h:94] AriaExecutor 10 exits. 
I0911 19:32:48.690080 2791034 Manager.h:227] Manager(worker id = 16) on the coordinator node exits.
I0911 19:32:48.690088 2791018 AriaExecutor.h:94] AriaExecutor 0 exits. 
I0911 19:32:48.690097 2791023 AriaExecutor.h:94] AriaExecutor 5 exits. 
I0911 19:32:48.690097 2791029 AriaExecutor.h:94] AriaExecutor 11 exits. 
I0911 19:32:48.690099 2791027 AriaExecutor.h:94] AriaExecutor 9 exits. 
I0911 19:32:48.690097 2791025 AriaExecutor.h:94] AriaExecutor 7 exits. 
I0911 19:32:48.690099 2791021 AriaExecutor.h:94] AriaExecutor 3 exits. 
I0911 19:32:48.690078 2791032 AriaExecutor.h:94] AriaExecutor 14 exits. 
I0911 19:32:48.690099 2791019 AriaExecutor.h:94] AriaExecutor 1 exits. 
I0911 19:32:48.690086 2791022 AriaExecutor.h:94] AriaExecutor 4 exits. 
I0911 19:32:48.690088 2791020 AriaExecutor.h:94] AriaExecutor 2 exits. 
I0911 19:32:48.690099 2791031 AriaExecutor.h:94] AriaExecutor 13 exits. 
I0911 19:32:48.690100 2791033 AriaExecutor.h:94] AriaExecutor 15 exits. 
I0911 19:32:48.689632 2790998 AriaExecutor.h:535] Worker 0 latency: 349 us (50%) 453 us (75%) 538 us (95%) 593 us (99%).
I0911 19:32:48.789765 2790998 AriaExecutor.h:535] Worker 1 latency: 350 us (50%) 454 us (75%) 539 us (95%) 607 us (99%).
I0911 19:32:48.887717 2790998 AriaExecutor.h:535] Worker 2 latency: 353 us (50%) 456 us (75%) 539 us (95%) 607 us (99%).
I0911 19:32:48.983819 2790998 AriaExecutor.h:535] Worker 3 latency: 348 us (50%) 452 us (75%) 538 us (95%) 605 us (99%).
I0911 19:32:49.081739 2790998 AriaExecutor.h:535] Worker 4 latency: 352 us (50%) 455 us (75%) 539 us (95%) 608 us (99%).
I0911 19:32:49.180058 2790998 AriaExecutor.h:535] Worker 5 latency: 350 us (50%) 454 us (75%) 539 us (95%) 607 us (99%).
I0911 19:32:49.279453 2790998 AriaExecutor.h:535] Worker 6 latency: 353 us (50%) 456 us (75%) 540 us (95%) 611 us (99%).
I0911 19:32:49.380890 2790998 AriaExecutor.h:535] Worker 7 latency: 351 us (50%) 454 us (75%) 539 us (95%) 607 us (99%).
I0911 19:32:49.493161 2790998 AriaExecutor.h:535] Worker 8 latency: 352 us (50%) 455 us (75%) 539 us (95%) 607 us (99%).
I0911 19:32:49.589154 2790998 AriaExecutor.h:535] Worker 9 latency: 348 us (50%) 453 us (75%) 538 us (95%) 605 us (99%).
I0911 19:32:49.703361 2790998 AriaExecutor.h:535] Worker 10 latency: 353 us (50%) 456 us (75%) 539 us (95%) 610 us (99%).
I0911 19:32:49.799698 2790998 AriaExecutor.h:535] Worker 11 latency: 350 us (50%) 453 us (75%) 538 us (95%) 606 us (99%).
I0911 19:32:49.899179 2790998 AriaExecutor.h:535] Worker 12 latency: 349 us (50%) 452 us (75%) 538 us (95%) 607 us (99%).
I0911 19:32:49.995711 2790998 AriaExecutor.h:535] Worker 13 latency: 348 us (50%) 453 us (75%) 538 us (95%) 605 us (99%).
I0911 19:32:50.093863 2790998 AriaExecutor.h:535] Worker 14 latency: 354 us (50%) 456 us (75%) 539 us (95%) 610 us (99%).
I0911 19:32:50.190855 2790998 AriaExecutor.h:535] Worker 15 latency: 350 us (50%) 454 us (75%) 539 us (95%) 606 us (99%).
I0911 19:32:50.290191 2790998 Coordinator.h:177] total commit: 1.72093e+06
I0911 19:32:51.290318 2790998 Coordinator.h:192] Coordinator exits.
