I0911 19:47:54.593535 2807800 Database.h:65] ycsb initialization finished in 151 milliseconds.
I0911 19:47:54.593660 2807800 Coordinator.h:30] Coordinator initializes 16 workers.
I0911 19:47:54.601037 2807800 Coordinator.h:77] Coordinator starts to run 17 workers.
I0911 19:47:54.601096 2807820 AriaExecutor.h:82] AriaExecutor 0 started. 
I0911 19:47:54.601132 2807821 AriaExecutor.h:82] AriaExecutor 1 started. 
I0911 19:47:54.601173 2807822 AriaExecutor.h:82] AriaExecutor 2 started. 
I0911 19:47:54.601236 2807823 AriaExecutor.h:82] AriaExecutor 3 started. 
I0911 19:47:54.601258 2807824 AriaExecutor.h:82] AriaExecutor 4 started. 
I0911 19:47:54.601317 2807825 AriaExecutor.h:82] AriaExecutor 5 started. 
I0911 19:47:54.601351 2807826 AriaExecutor.h:82] AriaExecutor 6 started. 
I0911 19:47:54.601400 2807827 AriaExecutor.h:82] AriaExecutor 7 started. 
I0911 19:47:54.601424 2807828 AriaExecutor.h:82] AriaExecutor 8 started. 
I0911 19:47:54.601476 2807829 AriaExecutor.h:82] AriaExecutor 9 started. 
I0911 19:47:54.601514 2807830 AriaExecutor.h:82] AriaExecutor 10 started. 
I0911 19:47:54.601550 2807831 AriaExecutor.h:82] AriaExecutor 11 started. 
I0911 19:47:54.601588 2807832 AriaExecutor.h:82] AriaExecutor 12 started. 
I0911 19:47:54.601636 2807833 AriaExecutor.h:82] AriaExecutor 13 started. 
I0911 19:47:54.601668 2807834 AriaExecutor.h:82] AriaExecutor 14 started. 
I0911 19:47:54.601722 2807835 AriaExecutor.h:82] AriaExecutor 15 started. 
I0911 19:47:54.601758 2807836 Manager.h:224] Manager(worker id = 16) on the coordinator node started.
I0911 19:47:55.601811 2807800 Coordinator.h:126] commit: 784966 abort: 329149 (0/329149/0), network size: 0, avg network size: 0, si_in_serializable: 0 0 %, local: 0 %
I0911 19:47:56.601934 2807800 Coordinator.h:126] commit: 776960 abort: 326909 (0/326909/0), network size: 0, avg network size: 0, si_in_serializable: 0 0 %, local: 0 %
I0911 19:47:57.602027 2807800 Coordinator.h:126] commit: 749990 abort: 314946 (0/314946/0), network size: 0, avg network size: 0, si_in_serializable: 0 0 %, local: 0 %
I0911 19:47:58.602135 2807800 Coordinator.h:126] commit: 765254 abort: 321234 (0/321234/0), network size: 0, avg network size: 0, si_in_serializable: 0 0 %, local: 0 %
I0911 19:47:59.602265 2807800 Coordinator.h:126] commit: 789438 abort: 330818 (0/330818/0), network size: 0, avg network size: 0, si_in_serializable: 0 0 %, local: 0 %
I0911 19:48:00.602370 2807800 Coordinator.h:126] commit: 780199 abort: 326745 (0/326745/0), network size: 0, avg network size: 0, si_in_serializable: 0 0 %, local: 0 %
I0911 19:48:01.602463 2807800 Coordinator.h:126] commit: 791401 abort: 331927 (0/331927/0), network size: 0, avg network size: 0, si_in_serializable: 0 0 %, local: 0 %
I0911 19:48:02.602545 2807800 Coordinator.h:126] commit: 791634 abort: 332718 (0/332718/0), network size: 0, avg network size: 0, si_in_serializable: 0 0 %, local: 0 %
I0911 19:48:03.602629 2807800 Coordinator.h:126] commit: 793055 abort: 333345 (0/333345/0), network size: 0, avg network size: 0, si_in_serializable: 0 0 %, local: 0 %
I0911 19:48:04.602718 2807800 Coordinator.h:126] commit: 775619 abort: 325181 (0/325181/0), network size: 0, avg network size: 0, si_in_serializable: 0 0 %, local: 0 %
I0911 19:48:05.602815 2807800 Coordinator.h:126] commit: 731150 abort: 307186 (0/307186/0), network size: 0, avg network size: 0, si_in_serializable: 0 0 %, local: 0 %
I0911 19:48:06.602907 2807800 Coordinator.h:126] commit: 777177 abort: 326695 (0/326695/0), network size: 0, avg network size: 0, si_in_serializable: 0 0 %, local: 0 %
I0911 19:48:07.603019 2807800 Coordinator.h:126] commit: 791025 abort: 333327 (0/333327/0), network size: 0, avg network size: 0, si_in_serializable: 0 0 %, local: 0 %
I0911 19:48:08.603111 2807800 Coordinator.h:126] commit: 790228 abort: 332076 (0/332076/0), network size: 0, avg network size: 0, si_in_serializable: 0 0 %, local: 0 %
I0911 19:48:09.603194 2807800 Coordinator.h:126] commit: 793496 abort: 331880 (0/331880/0), network size: 0, avg network size: 0, si_in_serializable: 0 0 %, local: 0 %
I0911 19:48:10.603274 2807800 Coordinator.h:126] commit: 790361 abort: 331064 (0/331064/0), network size: 0, avg network size: 0, si_in_serializable: 0 0 %, local: 0 %
I0911 19:48:11.603358 2807800 Coordinator.h:126] commit: 791301 abort: 332905 (0/332905/0), network size: 0, avg network size: 0, si_in_serializable: 0 0 %, local: 0 %
I0911 19:48:12.603438 2807800 Coordinator.h:126] commit: 787430 abort: 331802 (0/331802/0), network size: 0, avg network size: 0, si_in_serializable: 0 0 %, local: 0 %
I0911 19:48:13.603520 2807800 Coordinator.h:126] commit: 791093 abort: 333259 (0/333259/0), network size: 0, avg network size: 0, si_in_serializable: 0 0 %, local: 0 %
I0911 19:48:14.603597 2807800 Coordinator.h:126] commit: 790454 abort: 331850 (0/331850/0), network size: 0, avg network size: 0, si_in_serializable: 0 0 %, local: 0 %
I0911 19:48:15.603688 2807800 Coordinator.h:126] commit: 791259 abort: 333103 (0/333103/0), network size: 0, avg network size: 0, si_in_serializable: 0 0 %, local: 0 %
I0911 19:48:16.603771 2807800 Coordinator.h:126] commit: 705695 abort: 296791 (0/296791/0), network size: 0, avg network size: 0, si_in_serializable: 0 0 %, local: 0 %
I0911 19:48:17.603847 2807800 Coordinator.h:126] commit: 790871 abort: 332457 (0/332457/0), network size: 0, avg network size: 0, si_in_serializable: 0 0 %, local: 0 %
I0911 19:48:18.603922 2807800 Coordinator.h:126] commit: 787762 abort: 331470 (0/331470/0), network size: 0, avg network size: 0, si_in_serializable: 0 0 %, local: 0 %
I0911 19:48:19.604010 2807800 Coordinator.h:126] commit: 791277 abort: 332139 (0/332139/0), network size: 0, avg network size: 0, si_in_serializable: 0 0 %, local: 0 %
I0911 19:48:19.604027 2807800 Coordinator.h:152] average commit: 783372 abort: 329204 (0/329204/0), network size: 0, avg network size: 0, si_in_serializable: 0 0 %, local: 0 %
I0911 19:48:19.604051 2807822 AriaExecutor.h:94] AriaExecutor 2 exits. 
I0911 19:48:19.604054 2807824 AriaExecutor.h:94] AriaExecutor 4 exits. 
I0911 19:48:19.604074 2807831 AriaExecutor.h:94] AriaExecutor 11 exits. 
I0911 19:48:19.604068 2807823 AriaExecutor.h:94] AriaExecutor 3 exits. 
I0911 19:48:19.604074 2807833 AriaExecutor.h:94] AriaExecutor 13 exits. 
I0911 19:48:19.604072 2807821 AriaExecutor.h:94] AriaExecutor 1 exits. 
I0911 19:48:19.604074 2807829 AriaExecutor.h:94] AriaExecutor 9 exits. 
I0911 19:48:19.604074 2807825 AriaExecutor.h:94] AriaExecutor 5 exits. 
I0911 19:48:19.604077 2807827 AriaExecutor.h:94] AriaExecutor 7 exits. 
I0911 19:48:19.604059 2807830 AriaExecutor.h:94] AriaExecutor 10 exits. 
I0911 19:48:19.604058 2807826 AriaExecutor.h:94] AriaExecutor 6 exits. 
I0911 19:48:19.604055 2807820 AriaExecutor.h:94] AriaExecutor 0 exits. 
I0911 19:48:19.604072 2807835 AriaExecutor.h:94] AriaExecutor 15 exits. 
I0911 19:48:19.604058 2807832 AriaExecutor.h:94] AriaExecutor 12 exits. 
I0911 19:48:19.604055 2807828 AriaExecutor.h:94] AriaExecutor 8 exits. 
I0911 19:48:19.604058 2807834 AriaExecutor.h:94] AriaExecutor 14 exits. 
I0911 19:48:19.604058 2807836 Manager.h:227] Manager(worker id = 16) on the coordinator node exits.
I0911 19:48:19.604036 2807800 AriaExecutor.h:535] Worker 0 latency: 617 us (50%) 758 us (75%) 853 us (95%) 877 us (99%).
I0911 19:48:19.651510 2807800 AriaExecutor.h:535] Worker 1 latency: 616 us (50%) 757 us (75%) 853 us (95%) 876 us (99%).
I0911 19:48:19.699863 2807800 AriaExecutor.h:535] Worker 2 latency: 620 us (50%) 759 us (75%) 854 us (95%) 877 us (99%).
I0911 19:48:19.747769 2807800 AriaExecutor.h:535] Worker 3 latency: 616 us (50%) 757 us (75%) 853 us (95%) 876 us (99%).
I0911 19:48:19.795986 2807800 AriaExecutor.h:535] Worker 4 latency: 618 us (50%) 758 us (75%) 854 us (95%) 877 us (99%).
I0911 19:48:19.844151 2807800 AriaExecutor.h:535] Worker 5 latency: 615 us (50%) 756 us (75%) 853 us (95%) 876 us (99%).
I0911 19:48:19.891876 2807800 AriaExecutor.h:535] Worker 6 latency: 619 us (50%) 759 us (75%) 853 us (95%) 877 us (99%).
I0911 19:48:19.939374 2807800 AriaExecutor.h:535] Worker 7 latency: 615 us (50%) 756 us (75%) 853 us (95%) 876 us (99%).
I0911 19:48:19.987504 2807800 AriaExecutor.h:535] Worker 8 latency: 617 us (50%) 757 us (75%) 853 us (95%) 877 us (99%).
I0911 19:48:20.035084 2807800 AriaExecutor.h:535] Worker 9 latency: 614 us (50%) 755 us (75%) 852 us (95%) 876 us (99%).
I0911 19:48:20.083226 2807800 AriaExecutor.h:535] Worker 10 latency: 618 us (50%) 758 us (75%) 853 us (95%) 877 us (99%).
I0911 19:48:20.130729 2807800 AriaExecutor.h:535] Worker 11 latency: 614 us (50%) 755 us (75%) 852 us (95%) 876 us (99%).
I0911 19:48:20.179037 2807800 AriaExecutor.h:535] Worker 12 latency: 617 us (50%) 757 us (75%) 853 us (95%) 877 us (99%).
I0911 19:48:20.226207 2807800 AriaExecutor.h:535] Worker 13 latency: 613 us (50%) 754 us (75%) 852 us (95%) 876 us (99%).
I0911 19:48:20.273823 2807800 AriaExecutor.h:535] Worker 14 latency: 618 us (50%) 757 us (75%) 853 us (95%) 877 us (99%).
I0911 19:48:20.321630 2807800 AriaExecutor.h:535] Worker 15 latency: 614 us (50%) 755 us (75%) 852 us (95%) 876 us (99%).
I0911 19:48:20.371501 2807800 Coordinator.h:177] total commit: 783372
I0911 19:48:21.371615 2807800 Coordinator.h:192] Coordinator exits.
