I0911 19:33:18.971493 2792064 Database.h:65] ycsb initialization finished in 148 milliseconds.
I0911 19:33:18.971606 2792064 Coordinator.h:30] Coordinator initializes 16 workers.
I0911 19:33:18.979058 2792064 Coordinator.h:77] Coordinator starts to run 17 workers.
I0911 19:33:18.979125 2792085 AriaExecutor.h:82] AriaExecutor 0 started. 
I0911 19:33:18.979157 2792086 AriaExecutor.h:82] AriaExecutor 1 started. 
I0911 19:33:18.979208 2792087 AriaExecutor.h:82] AriaExecutor 2 started. 
I0911 19:33:18.979256 2792088 AriaExecutor.h:82] AriaExecutor 3 started. 
I0911 19:33:18.979285 2792089 AriaExecutor.h:82] AriaExecutor 4 started. 
I0911 19:33:18.979327 2792090 AriaExecutor.h:82] AriaExecutor 5 started. 
I0911 19:33:18.979362 2792091 AriaExecutor.h:82] AriaExecutor 6 started. 
I0911 19:33:18.979403 2792092 AriaExecutor.h:82] AriaExecutor 7 started. 
I0911 19:33:18.979436 2792093 AriaExecutor.h:82] AriaExecutor 8 started. 
I0911 19:33:18.979477 2792094 AriaExecutor.h:82] AriaExecutor 9 started. 
I0911 19:33:18.979503 2792095 AriaExecutor.h:82] AriaExecutor 10 started. 
I0911 19:33:18.979561 2792096 AriaExecutor.h:82] AriaExecutor 11 started. 
I0911 19:33:18.979591 2792097 AriaExecutor.h:82] AriaExecutor 12 started. 
I0911 19:33:18.979633 2792098 AriaExecutor.h:82] AriaExecutor 13 started. 
I0911 19:33:18.979673 2792099 AriaExecutor.h:82] AriaExecutor 14 started. 
I0911 19:33:18.979725 2792100 AriaExecutor.h:82] AriaExecutor 15 started. 
I0911 19:33:18.979758 2792101 Manager.h:224] Manager(worker id = 16) on the coordinator node started.
I0911 19:33:19.979809 2792064 Coordinator.h:126] commit: 1395101 abort: 5731 (0/5731/0), network size: 0, avg network size: 0, si_in_serializable: 0 0 %, local: 0 %
I0911 19:33:20.979920 2792064 Coordinator.h:126] commit: 1387138 abort: 5502 (0/5502/0), network size: 0, avg network size: 0, si_in_serializable: 0 0 %, local: 0 %
I0911 19:33:21.980007 2792064 Coordinator.h:126] commit: 1347265 abort: 5439 (0/5439/0), network size: 0, avg network size: 0, si_in_serializable: 0 0 %, local: 0 %
I0911 19:33:22.980098 2792064 Coordinator.h:126] commit: 1355568 abort: 5328 (0/5328/0), network size: 0, avg network size: 0, si_in_serializable: 0 0 %, local: 0 %
I0911 19:33:23.980204 2792064 Coordinator.h:126] commit: 1407523 abort: 5597 (0/5597/0), network size: 0, avg network size: 0, si_in_serializable: 0 0 %, local: 0 %
I0911 19:33:24.980296 2792064 Coordinator.h:126] commit: 1414593 abort: 5695 (0/5695/0), network size: 0, avg network size: 0, si_in_serializable: 0 0 %, local: 0 %
I0911 19:33:25.980391 2792064 Coordinator.h:126] commit: 1396138 abort: 5725 (0/5725/0), network size: 0, avg network size: 0, si_in_serializable: 0 0 %, local: 0 %
I0911 19:33:26.980494 2792064 Coordinator.h:126] commit: 1417620 abort: 5733 (0/5733/0), network size: 0, avg network size: 0, si_in_serializable: 0 0 %, local: 0 %
I0911 19:33:27.980585 2792064 Coordinator.h:126] commit: 1417652 abort: 5708 (0/5708/0), network size: 0, avg network size: 0, si_in_serializable: 0 0 %, local: 0 %
I0911 19:33:28.980665 2792064 Coordinator.h:126] commit: 1416742 abort: 5594 (0/5594/0), network size: 0, avg network size: 0, si_in_serializable: 0 0 %, local: 0 %
I0911 19:33:29.980752 2792064 Coordinator.h:126] commit: 1422754 abort: 5726 (0/5726/0), network size: 0, avg network size: 0, si_in_serializable: 0 0 %, local: 0 %
I0911 19:33:30.980844 2792064 Coordinator.h:126] commit: 1378943 abort: 5505 (0/5505/0), network size: 0, avg network size: 0, si_in_serializable: 0 0 %, local: 0 %
I0911 19:33:31.980942 2792064 Coordinator.h:126] commit: 1369763 abort: 5469 (0/5469/0), network size: 0, avg network size: 0, si_in_serializable: 0 0 %, local: 0 %
I0911 19:33:32.981040 2792064 Coordinator.h:126] commit: 1354381 abort: 5491 (0/5491/0), network size: 0, avg network size: 0, si_in_serializable: 0 0 %, local: 0 %
I0911 19:33:33.981132 2792064 Coordinator.h:126] commit: 1422629 abort: 5851 (0/5851/0), network size: 0, avg network size: 0, si_in_serializable: 0 0 %, local: 0 %
I0911 19:33:34.981240 2792064 Coordinator.h:126] commit: 1408408 abort: 5736 (0/5736/0), network size: 0, avg network size: 0, si_in_serializable: 0 0 %, local: 0 %
I0911 19:33:35.981325 2792064 Coordinator.h:126] commit: 1419760 abort: 5648 (0/5648/0), network size: 0, avg network size: 0, si_in_serializable: 0 0 %, local: 0 %
I0911 19:33:36.981406 2792064 Coordinator.h:126] commit: 1417626 abort: 5734 (0/5734/0), network size: 0, avg network size: 0, si_in_serializable: 0 0 %, local: 0 %
I0911 19:33:37.981491 2792064 Coordinator.h:126] commit: 1425891 abort: 5661 (0/5661/0), network size: 0, avg network size: 0, si_in_serializable: 0 0 %, local: 0 %
I0911 19:33:38.981580 2792064 Coordinator.h:126] commit: 1418629 abort: 5755 (0/5755/0), network size: 0, avg network size: 0, si_in_serializable: 0 0 %, local: 0 %
I0911 19:33:39.981663 2792064 Coordinator.h:126] commit: 1412470 abort: 5770 (0/5770/0), network size: 0, avg network size: 0, si_in_serializable: 0 0 %, local: 0 %
I0911 19:33:40.981763 2792064 Coordinator.h:126] commit: 1415665 abort: 5647 (0/5647/0), network size: 0, avg network size: 0, si_in_serializable: 0 0 %, local: 0 %
I0911 19:33:41.981859 2792064 Coordinator.h:126] commit: 1416633 abort: 5703 (0/5703/0), network size: 0, avg network size: 0, si_in_serializable: 0 0 %, local: 0 %
I0911 19:33:42.981958 2792064 Coordinator.h:126] commit: 1317573 abort: 5285 (0/5285/0), network size: 0, avg network size: 0, si_in_serializable: 0 0 %, local: 0 %
I0911 19:33:43.982052 2792064 Coordinator.h:126] commit: 1356570 abort: 5500 (0/5500/0), network size: 0, avg network size: 0, si_in_serializable: 0 0 %, local: 0 %
I0911 19:33:43.982082 2792064 Coordinator.h:152] average commit: 1.40388e+06 abort: 5657.6 (0/5657.6/0), network size: 0, avg network size: 0, si_in_serializable: 0 0 %, local: 0 %
I0911 19:33:43.982576 2792097 AriaExecutor.h:94] AriaExecutor 12 exits. 
I0911 19:33:43.982582 2792093 AriaExecutor.h:94] AriaExecutor 8 exits. 
I0911 19:33:43.982586 2792091 AriaExecutor.h:94] AriaExecutor 6 exits. 
I0911 19:33:43.982583 2792095 AriaExecutor.h:94] AriaExecutor 10 exits. 
I0911 19:33:43.982597 2792088 AriaExecutor.h:94] AriaExecutor 3 exits. 
I0911 19:33:43.982585 2792085 AriaExecutor.h:94] AriaExecutor 0 exits. 
I0911 19:33:43.982586 2792087 AriaExecutor.h:94] AriaExecutor 2 exits. 
I0911 19:33:43.982607 2792092 AriaExecutor.h:94] AriaExecutor 7 exits. 
I0911 19:33:43.982599 2792096 AriaExecutor.h:94] AriaExecutor 11 exits. 
I0911 19:33:43.982587 2792089 AriaExecutor.h:94] AriaExecutor 4 exits. 
I0911 19:33:43.982601 2792100 AriaExecutor.h:94] AriaExecutor 15 exits. 
I0911 19:33:43.982601 2792094 AriaExecutor.h:94] AriaExecutor 9 exits. 
I0911 19:33:43.982604 2792098 AriaExecutor.h:94] AriaExecutor 13 exits. 
I0911 19:33:43.982584 2792101 Manager.h:227] Manager(worker id = 16) on the coordinator node exits.
I0911 19:33:43.982601 2792090 AriaExecutor.h:94] AriaExecutor 5 exits. 
I0911 19:33:43.982602 2792086 AriaExecutor.h:94] AriaExecutor 1 exits. 
I0911 19:33:43.982583 2792099 AriaExecutor.h:94] AriaExecutor 14 exits. 
I0911 19:33:43.982090 2792064 AriaExecutor.h:535] Worker 0 latency: 475 us (50%) 577 us (75%) 658 us (95%) 700 us (99%).
I0911 19:33:44.060130 2792064 AriaExecutor.h:535] Worker 1 latency: 474 us (50%) 575 us (75%) 657 us (95%) 699 us (99%).
I0911 19:33:44.139974 2792064 AriaExecutor.h:535] Worker 2 latency: 477 us (50%) 577 us (75%) 658 us (95%) 699 us (99%).
I0911 19:33:44.219401 2792064 AriaExecutor.h:535] Worker 3 latency: 474 us (50%) 575 us (75%) 657 us (95%) 699 us (99%).
I0911 19:33:44.300081 2792064 AriaExecutor.h:535] Worker 4 latency: 474 us (50%) 576 us (75%) 658 us (95%) 700 us (99%).
I0911 19:33:44.378101 2792064 AriaExecutor.h:535] Worker 5 latency: 473 us (50%) 575 us (75%) 657 us (95%) 699 us (99%).
I0911 19:33:44.458977 2792064 AriaExecutor.h:535] Worker 6 latency: 475 us (50%) 577 us (75%) 658 us (95%) 700 us (99%).
I0911 19:33:44.536978 2792064 AriaExecutor.h:535] Worker 7 latency: 474 us (50%) 575 us (75%) 657 us (95%) 699 us (99%).
I0911 19:33:44.618269 2792064 AriaExecutor.h:535] Worker 8 latency: 475 us (50%) 576 us (75%) 658 us (95%) 700 us (99%).
I0911 19:33:44.698025 2792064 AriaExecutor.h:535] Worker 9 latency: 473 us (50%) 574 us (75%) 657 us (95%) 699 us (99%).
I0911 19:33:44.777871 2792064 AriaExecutor.h:535] Worker 10 latency: 477 us (50%) 577 us (75%) 658 us (95%) 700 us (99%).
I0911 19:33:44.858207 2792064 AriaExecutor.h:535] Worker 11 latency: 473 us (50%) 575 us (75%) 657 us (95%) 699 us (99%).
I0911 19:33:44.939178 2792064 AriaExecutor.h:535] Worker 12 latency: 476 us (50%) 577 us (75%) 658 us (95%) 700 us (99%).
I0911 19:33:45.017619 2792064 AriaExecutor.h:535] Worker 13 latency: 472 us (50%) 574 us (75%) 657 us (95%) 699 us (99%).
I0911 19:33:45.095959 2792064 AriaExecutor.h:535] Worker 14 latency: 477 us (50%) 577 us (75%) 658 us (95%) 700 us (99%).
I0911 19:33:45.173480 2792064 AriaExecutor.h:535] Worker 15 latency: 473 us (50%) 575 us (75%) 657 us (95%) 698 us (99%).
I0911 19:33:45.253517 2792064 Coordinator.h:177] total commit: 1.40388e+06
I0911 19:33:46.253623 2792064 Coordinator.h:192] Coordinator exits.
