I0911 19:36:58.317595 2795905 Database.h:65] ycsb initialization finished in 177 milliseconds.
I0911 19:36:58.317715 2795905 Coordinator.h:30] Coordinator initializes 16 workers.
I0911 19:36:58.325276 2795905 Coordinator.h:77] Coordinator starts to run 17 workers.
I0911 19:36:58.325335 2795925 AriaExecutor.h:82] AriaExecutor 0 started. 
I0911 19:36:58.325364 2795926 AriaExecutor.h:82] AriaExecutor 1 started. 
I0911 19:36:58.325410 2795927 AriaExecutor.h:82] AriaExecutor 2 started. 
I0911 19:36:58.325474 2795928 AriaExecutor.h:82] AriaExecutor 3 started. 
I0911 19:36:58.325496 2795929 AriaExecutor.h:82] AriaExecutor 4 started. 
I0911 19:36:58.325554 2795930 AriaExecutor.h:82] AriaExecutor 5 started. 
I0911 19:36:58.325567 2795931 AriaExecutor.h:82] AriaExecutor 6 started. 
I0911 19:36:58.325620 2795932 AriaExecutor.h:82] AriaExecutor 7 started. 
I0911 19:36:58.325645 2795933 AriaExecutor.h:82] AriaExecutor 8 started. 
I0911 19:36:58.325690 2795934 AriaExecutor.h:82] AriaExecutor 9 started. 
I0911 19:36:58.325739 2795935 AriaExecutor.h:82] AriaExecutor 10 started. 
I0911 19:36:58.325784 2795936 AriaExecutor.h:82] AriaExecutor 11 started. 
I0911 19:36:58.325825 2795937 AriaExecutor.h:82] AriaExecutor 12 started. 
I0911 19:36:58.325872 2795938 AriaExecutor.h:82] AriaExecutor 13 started. 
I0911 19:36:58.325902 2795939 AriaExecutor.h:82] AriaExecutor 14 started. 
I0911 19:36:58.325963 2795940 AriaExecutor.h:82] AriaExecutor 15 started. 
I0911 19:36:58.326016 2795941 Manager.h:224] Manager(worker id = 16) on the coordinator node started.
I0911 19:36:59.326062 2795905 Coordinator.h:126] commit: 1114413 abort: 4819 (0/4819/0), network size: 0, avg network size: 0, si_in_serializable: 0 0 %, local: 0 %
I0911 19:37:00.326174 2795905 Coordinator.h:126] commit: 1102249 abort: 4695 (0/4695/0), network size: 0, avg network size: 0, si_in_serializable: 0 0 %, local: 0 %
I0911 19:37:01.326278 2795905 Coordinator.h:126] commit: 1070537 abort: 4663 (0/4663/0), network size: 0, avg network size: 0, si_in_serializable: 0 0 %, local: 0 %
I0911 19:37:02.326363 2795905 Coordinator.h:126] commit: 1077704 abort: 4664 (0/4664/0), network size: 0, avg network size: 0, si_in_serializable: 0 0 %, local: 0 %
I0911 19:37:03.326488 2795905 Coordinator.h:126] commit: 1112364 abort: 4820 (0/4820/0), network size: 0, avg network size: 0, si_in_serializable: 0 0 %, local: 0 %
I0911 19:37:04.326586 2795905 Coordinator.h:126] commit: 1118545 abort: 4783 (0/4783/0), network size: 0, avg network size: 0, si_in_serializable: 0 0 %, local: 0 %
I0911 19:37:05.326684 2795905 Coordinator.h:126] commit: 1124613 abort: 4859 (0/4859/0), network size: 0, avg network size: 0, si_in_serializable: 0 0 %, local: 0 %
I0911 19:37:06.326771 2795905 Coordinator.h:126] commit: 1097230 abort: 4594 (0/4594/0), network size: 0, avg network size: 0, si_in_serializable: 0 0 %, local: 0 %
I0911 19:37:07.326855 2795905 Coordinator.h:126] commit: 1125654 abort: 4842 (0/4842/0), network size: 0, avg network size: 0, si_in_serializable: 0 0 %, local: 0 %
I0911 19:37:08.326937 2795905 Coordinator.h:126] commit: 1101130 abort: 4790 (0/4790/0), network size: 0, avg network size: 0, si_in_serializable: 0 0 %, local: 0 %
I0911 19:37:09.327011 2795905 Coordinator.h:126] commit: 1091063 abort: 4617 (0/4617/0), network size: 0, avg network size: 0, si_in_serializable: 0 0 %, local: 0 %
I0911 19:37:10.327086 2795905 Coordinator.h:126] commit: 1108377 abort: 4711 (0/4711/0), network size: 0, avg network size: 0, si_in_serializable: 0 0 %, local: 0 %
I0911 19:37:11.327193 2795905 Coordinator.h:126] commit: 1121477 abort: 4807 (0/4807/0), network size: 0, avg network size: 0, si_in_serializable: 0 0 %, local: 0 %
I0911 19:37:12.327294 2795905 Coordinator.h:126] commit: 1124769 abort: 4819 (0/4819/0), network size: 0, avg network size: 0, si_in_serializable: 0 0 %, local: 0 %
I0911 19:37:13.327370 2795905 Coordinator.h:126] commit: 1117657 abort: 4647 (0/4647/0), network size: 0, avg network size: 0, si_in_serializable: 0 0 %, local: 0 %
I0911 19:37:14.327464 2795905 Coordinator.h:126] commit: 1077742 abort: 4626 (0/4626/0), network size: 0, avg network size: 0, si_in_serializable: 0 0 %, local: 0 %
I0911 19:37:15.327548 2795905 Coordinator.h:126] commit: 1119505 abort: 4847 (0/4847/0), network size: 0, avg network size: 0, si_in_serializable: 0 0 %, local: 0 %
I0911 19:37:16.327632 2795905 Coordinator.h:126] commit: 1124671 abort: 4801 (0/4801/0), network size: 0, avg network size: 0, si_in_serializable: 0 0 %, local: 0 %
I0911 19:37:17.327713 2795905 Coordinator.h:126] commit: 1118485 abort: 4843 (0/4843/0), network size: 0, avg network size: 0, si_in_serializable: 0 0 %, local: 0 %
I0911 19:37:18.327787 2795905 Coordinator.h:126] commit: 1123672 abort: 4776 (0/4776/0), network size: 0, avg network size: 0, si_in_serializable: 0 0 %, local: 0 %
I0911 19:37:19.327862 2795905 Coordinator.h:126] commit: 1118588 abort: 4740 (0/4740/0), network size: 0, avg network size: 0, si_in_serializable: 0 0 %, local: 0 %
I0911 19:37:20.327943 2795905 Coordinator.h:126] commit: 1123790 abort: 4658 (0/4658/0), network size: 0, avg network size: 0, si_in_serializable: 0 0 %, local: 0 %
I0911 19:37:21.328028 2795905 Coordinator.h:126] commit: 1096145 abort: 4655 (0/4655/0), network size: 0, avg network size: 0, si_in_serializable: 0 0 %, local: 0 %
I0911 19:37:22.328135 2795905 Coordinator.h:126] commit: 1122795 abort: 4629 (0/4629/0), network size: 0, avg network size: 0, si_in_serializable: 0 0 %, local: 0 %
I0911 19:37:23.328224 2795905 Coordinator.h:126] commit: 1119638 abort: 4714 (0/4714/0), network size: 0, avg network size: 0, si_in_serializable: 0 0 %, local: 0 %
I0911 19:37:23.328248 2795905 Coordinator.h:152] average commit: 1.11274e+06 abort: 4749.4 (0/4749.4/0), network size: 0, avg network size: 0, si_in_serializable: 0 0 %, local: 0 %
I0911 19:37:23.329138 2795925 AriaExecutor.h:94] AriaExecutor 0 exits. 
I0911 19:37:23.329135 2795935 AriaExecutor.h:94] AriaExecutor 10 exits. 
I0911 19:37:23.329134 2795937 AriaExecutor.h:94] AriaExecutor 12 exits. 
I0911 19:37:23.329156 2795936 AriaExecutor.h:94] AriaExecutor 11 exits. 
I0911 19:37:23.329138 2795929 AriaExecutor.h:94] AriaExecutor 4 exits. 
I0911 19:37:23.329156 2795934 AriaExecutor.h:94] AriaExecutor 9 exits. 
I0911 19:37:23.329140 2795927 AriaExecutor.h:94] AriaExecutor 2 exits. 
I0911 19:37:23.329136 2795939 AriaExecutor.h:94] AriaExecutor 14 exits. 
I0911 19:37:23.329157 2795926 AriaExecutor.h:94] AriaExecutor 1 exits. 
I0911 19:37:23.329138 2795933 AriaExecutor.h:94] AriaExecutor 8 exits. 
I0911 19:37:23.329157 2795940 AriaExecutor.h:94] AriaExecutor 15 exits. 
I0911 19:37:23.329138 2795931 AriaExecutor.h:94] AriaExecutor 6 exits. 
I0911 19:37:23.329157 2795928 AriaExecutor.h:94] AriaExecutor 3 exits. 
I0911 19:37:23.329157 2795932 AriaExecutor.h:94] AriaExecutor 7 exits. 
I0911 19:37:23.329136 2795941 Manager.h:227] Manager(worker id = 16) on the coordinator node exits.
I0911 19:37:23.329157 2795930 AriaExecutor.h:94] AriaExecutor 5 exits. 
I0911 19:37:23.329157 2795938 AriaExecutor.h:94] AriaExecutor 13 exits. 
I0911 19:37:23.328256 2795905 AriaExecutor.h:535] Worker 0 latency: 568 us (50%) 717 us (75%) 838 us (95%) 867 us (99%).
I0911 19:37:23.395323 2795905 AriaExecutor.h:535] Worker 1 latency: 566 us (50%) 716 us (75%) 837 us (95%) 866 us (99%).
I0911 19:37:23.461232 2795905 AriaExecutor.h:535] Worker 2 latency: 570 us (50%) 719 us (75%) 838 us (95%) 867 us (99%).
I0911 19:37:23.525369 2795905 AriaExecutor.h:535] Worker 3 latency: 566 us (50%) 716 us (75%) 837 us (95%) 866 us (99%).
I0911 19:37:23.591297 2795905 AriaExecutor.h:535] Worker 4 latency: 568 us (50%) 718 us (75%) 838 us (95%) 867 us (99%).
I0911 19:37:23.657292 2795905 AriaExecutor.h:535] Worker 5 latency: 566 us (50%) 715 us (75%) 837 us (95%) 866 us (99%).
I0911 19:37:23.723239 2795905 AriaExecutor.h:535] Worker 6 latency: 570 us (50%) 719 us (75%) 838 us (95%) 867 us (99%).
I0911 19:37:23.787254 2795905 AriaExecutor.h:535] Worker 7 latency: 566 us (50%) 715 us (75%) 837 us (95%) 866 us (99%).
I0911 19:37:23.853960 2795905 AriaExecutor.h:535] Worker 8 latency: 567 us (50%) 716 us (75%) 837 us (95%) 866 us (99%).
I0911 19:37:23.920200 2795905 AriaExecutor.h:535] Worker 9 latency: 564 us (50%) 714 us (75%) 837 us (95%) 866 us (99%).
I0911 19:37:23.985044 2795905 AriaExecutor.h:535] Worker 10 latency: 569 us (50%) 718 us (75%) 838 us (95%) 866 us (99%).
I0911 19:37:24.051745 2795905 AriaExecutor.h:535] Worker 11 latency: 565 us (50%) 715 us (75%) 837 us (95%) 866 us (99%).
I0911 19:37:24.118119 2795905 AriaExecutor.h:535] Worker 12 latency: 568 us (50%) 717 us (75%) 837 us (95%) 867 us (99%).
I0911 19:37:24.182911 2795905 AriaExecutor.h:535] Worker 13 latency: 564 us (50%) 714 us (75%) 837 us (95%) 866 us (99%).
I0911 19:37:24.249413 2795905 AriaExecutor.h:535] Worker 14 latency: 570 us (50%) 718 us (75%) 838 us (95%) 867 us (99%).
I0911 19:37:24.314298 2795905 AriaExecutor.h:535] Worker 15 latency: 565 us (50%) 715 us (75%) 837 us (95%) 866 us (99%).
I0911 19:37:24.380923 2795905 Coordinator.h:177] total commit: 1.11274e+06
I0911 19:37:25.381055 2795905 Coordinator.h:192] Coordinator exits.
