I0911 19:58:24.429781 2819676 Database.h:65] ycsb initialization finished in 186 milliseconds.
I0911 19:58:24.429912 2819676 Coordinator.h:30] Coordinator initializes 16 workers.
I0911 19:58:24.437609 2819676 Coordinator.h:77] Coordinator starts to run 17 workers.
I0911 19:58:24.437671 2819696 AriaExecutor.h:82] AriaExecutor 0 started. 
I0911 19:58:24.437709 2819697 AriaExecutor.h:82] AriaExecutor 1 started. 
I0911 19:58:24.437758 2819698 AriaExecutor.h:82] AriaExecutor 2 started. 
I0911 19:58:24.437821 2819699 AriaExecutor.h:82] AriaExecutor 3 started. 
I0911 19:58:24.437844 2819700 AriaExecutor.h:82] AriaExecutor 4 started. 
I0911 19:58:24.437903 2819701 AriaExecutor.h:82] AriaExecutor 5 started. 
I0911 19:58:24.437934 2819702 AriaExecutor.h:82] AriaExecutor 6 started. 
I0911 19:58:24.437978 2819703 AriaExecutor.h:82] AriaExecutor 7 started. 
I0911 19:58:24.438014 2819704 AriaExecutor.h:82] AriaExecutor 8 started. 
I0911 19:58:24.438057 2819705 AriaExecutor.h:82] AriaExecutor 9 started. 
I0911 19:58:24.438100 2819706 AriaExecutor.h:82] AriaExecutor 10 started. 
I0911 19:58:24.438138 2819707 AriaExecutor.h:82] AriaExecutor 11 started. 
I0911 19:58:24.438182 2819708 AriaExecutor.h:82] AriaExecutor 12 started. 
I0911 19:58:24.438225 2819709 AriaExecutor.h:82] AriaExecutor 13 started. 
I0911 19:58:24.438258 2819710 AriaExecutor.h:82] AriaExecutor 14 started. 
I0911 19:58:24.438303 2819711 AriaExecutor.h:82] AriaExecutor 15 started. 
I0911 19:58:24.438341 2819712 Manager.h:224] Manager(worker id = 16) on the coordinator node started.
I0911 19:58:25.438385 2819676 Coordinator.h:126] commit: 206597 abort: 49403 (0/49403/0), network size: 0, avg network size: 0, si_in_serializable: 0 0 %, local: 0 %
I0911 19:58:26.438489 2819676 Coordinator.h:126] commit: 207094 abort: 49930 (0/49930/0), network size: 0, avg network size: 0, si_in_serializable: 0 0 %, local: 0 %
I0911 19:58:27.438578 2819676 Coordinator.h:126] commit: 199607 abort: 48201 (0/48201/0), network size: 0, avg network size: 0, si_in_serializable: 0 0 %, local: 0 %
I0911 19:58:28.438663 2819676 Coordinator.h:126] commit: 203168 abort: 48736 (0/48736/0), network size: 0, avg network size: 0, si_in_serializable: 0 0 %, local: 0 %
I0911 19:58:29.438782 2819676 Coordinator.h:126] commit: 210952 abort: 51189 (0/51189/0), network size: 0, avg network size: 0, si_in_serializable: 0 0 %, local: 0 %
I0911 19:58:30.438905 2819676 Coordinator.h:126] commit: 211634 abort: 51537 (0/51537/0), network size: 0, avg network size: 0, si_in_serializable: 0 0 %, local: 0 %
I0911 19:58:31.439033 2819676 Coordinator.h:126] commit: 212026 abort: 51142 (0/51142/0), network size: 0, avg network size: 0, si_in_serializable: 0 0 %, local: 0 %
I0911 19:58:32.439152 2819676 Coordinator.h:126] commit: 210421 abort: 50699 (0/50699/0), network size: 0, avg network size: 0, si_in_serializable: 0 0 %, local: 0 %
I0911 19:58:33.439260 2819676 Coordinator.h:126] commit: 207036 abort: 49988 (0/49988/0), network size: 0, avg network size: 0, si_in_serializable: 0 0 %, local: 0 %
I0911 19:58:34.439376 2819676 Coordinator.h:126] commit: 205554 abort: 49422 (0/49422/0), network size: 0, avg network size: 0, si_in_serializable: 0 0 %, local: 0 %
I0911 19:58:35.439505 2819676 Coordinator.h:126] commit: 205423 abort: 49553 (0/49553/0), network size: 0, avg network size: 0, si_in_serializable: 0 0 %, local: 0 %
I0911 19:58:36.439641 2819676 Coordinator.h:126] commit: 211199 abort: 50945 (0/50945/0), network size: 0, avg network size: 0, si_in_serializable: 0 0 %, local: 0 %
I0911 19:58:37.439728 2819676 Coordinator.h:126] commit: 212308 abort: 51884 (0/51884/0), network size: 0, avg network size: 0, si_in_serializable: 0 0 %, local: 0 %
I0911 19:58:38.439803 2819676 Coordinator.h:126] commit: 211605 abort: 51563 (0/51563/0), network size: 0, avg network size: 0, si_in_serializable: 0 0 %, local: 0 %
I0911 19:58:39.439886 2819676 Coordinator.h:126] commit: 212987 abort: 51205 (0/51205/0), network size: 0, avg network size: 0, si_in_serializable: 0 0 %, local: 0 %
I0911 19:58:40.439960 2819676 Coordinator.h:126] commit: 212659 abort: 51533 (0/51533/0), network size: 0, avg network size: 0, si_in_serializable: 0 0 %, local: 0 %
I0911 19:58:41.440040 2819676 Coordinator.h:126] commit: 212555 abort: 51637 (0/51637/0), network size: 0, avg network size: 0, si_in_serializable: 0 0 %, local: 0 %
I0911 19:58:42.440130 2819676 Coordinator.h:126] commit: 211902 abort: 51266 (0/51266/0), network size: 0, avg network size: 0, si_in_serializable: 0 0 %, local: 0 %
I0911 19:58:43.440225 2819676 Coordinator.h:126] commit: 211556 abort: 51612 (0/51612/0), network size: 0, avg network size: 0, si_in_serializable: 0 0 %, local: 0 %
I0911 19:58:44.440327 2819676 Coordinator.h:126] commit: 210214 abort: 50906 (0/50906/0), network size: 0, avg network size: 0, si_in_serializable: 0 0 %, local: 0 %
I0911 19:58:45.440428 2819676 Coordinator.h:126] commit: 208392 abort: 50680 (0/50680/0), network size: 0, avg network size: 0, si_in_serializable: 0 0 %, local: 0 %
I0911 19:58:46.440531 2819676 Coordinator.h:126] commit: 211692 abort: 51476 (0/51476/0), network size: 0, avg network size: 0, si_in_serializable: 0 0 %, local: 0 %
I0911 19:58:47.440625 2819676 Coordinator.h:126] commit: 208000 abort: 50508 (0/50508/0), network size: 0, avg network size: 0, si_in_serializable: 0 0 %, local: 0 %
I0911 19:58:48.440712 2819676 Coordinator.h:126] commit: 206282 abort: 50282 (0/50282/0), network size: 0, avg network size: 0, si_in_serializable: 0 0 %, local: 0 %
I0911 19:58:49.440790 2819676 Coordinator.h:126] commit: 212898 abort: 51294 (0/51294/0), network size: 0, avg network size: 0, si_in_serializable: 0 0 %, local: 0 %
I0911 19:58:49.440806 2819676 Coordinator.h:152] average commit: 211241 abort: 51210.4 (0/51210.4/0), network size: 0, avg network size: 0, si_in_serializable: 0 0 %, local: 0 %
I0911 19:58:49.443303 2819696 AriaExecutor.h:94] AriaExecutor 0 exits. 
I0911 19:58:49.443313 2819712 Manager.h:227] Manager(worker id = 16) on the coordinator node exits.
I0911 19:58:49.443306 2819710 AriaExecutor.h:94] AriaExecutor 14 exits. 
I0911 19:58:49.443311 2819708 AriaExecutor.h:94] AriaExecutor 12 exits. 
I0911 19:58:49.443322 2819707 AriaExecutor.h:94] AriaExecutor 11 exits. 
I0911 19:58:49.443310 2819704 AriaExecutor.h:94] AriaExecutor 8 exits. 
I0911 19:58:49.443308 2819702 AriaExecutor.h:94] AriaExecutor 6 exits. 
I0911 19:58:49.443323 2819705 AriaExecutor.h:94] AriaExecutor 9 exits. 
I0911 19:58:49.443312 2819700 AriaExecutor.h:94] AriaExecutor 4 exits. 
I0911 19:58:49.443323 2819699 AriaExecutor.h:94] AriaExecutor 3 exits. 
I0911 19:58:49.443324 2819711 AriaExecutor.h:94] AriaExecutor 15 exits. 
I0911 19:58:49.443323 2819703 AriaExecutor.h:94] AriaExecutor 7 exits. 
I0911 19:58:49.443324 2819701 AriaExecutor.h:94] AriaExecutor 5 exits. 
I0911 19:58:49.443323 2819709 AriaExecutor.h:94] AriaExecutor 13 exits. 
I0911 19:58:49.443323 2819697 AriaExecutor.h:94] AriaExecutor 1 exits. 
I0911 19:58:49.443306 2819698 AriaExecutor.h:94] AriaExecutor 2 exits. 
I0911 19:58:49.443310 2819706 AriaExecutor.h:94] AriaExecutor 10 exits. 
I0911 19:58:49.440817 2819676 AriaExecutor.h:641] Worker 0 latency: 2756 us (50%) 3286 us (75%) 3671 us (95%) 3817 us (99%).
I0911 19:58:49.456316 2819676 AriaExecutor.h:641] Worker 1 latency: 2739 us (50%) 3277 us (75%) 3669 us (95%) 3812 us (99%).
I0911 19:58:49.472157 2819676 AriaExecutor.h:641] Worker 2 latency: 2768 us (50%) 3292 us (75%) 3673 us (95%) 3818 us (99%).
I0911 19:58:49.487691 2819676 AriaExecutor.h:641] Worker 3 latency: 2743 us (50%) 3278 us (75%) 3668 us (95%) 3810 us (99%).
I0911 19:58:49.503031 2819676 AriaExecutor.h:641] Worker 4 latency: 2753 us (50%) 3284 us (75%) 3671 us (95%) 3815 us (99%).
I0911 19:58:49.518533 2819676 AriaExecutor.h:641] Worker 5 latency: 2734 us (50%) 3275 us (75%) 3668 us (95%) 3809 us (99%).
I0911 19:58:49.533792 2819676 AriaExecutor.h:641] Worker 6 latency: 2769 us (50%) 3292 us (75%) 3673 us (95%) 3818 us (99%).
I0911 19:58:49.548982 2819676 AriaExecutor.h:641] Worker 7 latency: 2740 us (50%) 3277 us (75%) 3667 us (95%) 3800 us (99%).
I0911 19:58:49.564446 2819676 AriaExecutor.h:641] Worker 8 latency: 2753 us (50%) 3283 us (75%) 3671 us (95%) 3817 us (99%).
I0911 19:58:49.579681 2819676 AriaExecutor.h:641] Worker 9 latency: 2742 us (50%) 3277 us (75%) 3668 us (95%) 3809 us (99%).
I0911 19:58:49.595191 2819676 AriaExecutor.h:641] Worker 10 latency: 2768 us (50%) 3291 us (75%) 3672 us (95%) 3818 us (99%).
I0911 19:58:49.610464 2819676 AriaExecutor.h:641] Worker 11 latency: 2752 us (50%) 3283 us (75%) 3670 us (95%) 3813 us (99%).
I0911 19:58:49.626158 2819676 AriaExecutor.h:641] Worker 12 latency: 2762 us (50%) 3287 us (75%) 3671 us (95%) 3812 us (99%).
I0911 19:58:49.641166 2819676 AriaExecutor.h:641] Worker 13 latency: 2727 us (50%) 3272 us (75%) 3667 us (95%) 3807 us (99%).
I0911 19:58:49.656621 2819676 AriaExecutor.h:641] Worker 14 latency: 2771 us (50%) 3292 us (75%) 3671 us (95%) 3819 us (99%).
I0911 19:58:49.671656 2819676 AriaExecutor.h:641] Worker 15 latency: 2751 us (50%) 3281 us (75%) 3669 us (95%) 3809 us (99%).
I0911 19:58:49.687274 2819676 Coordinator.h:177] total commit: 211241
I0911 19:58:50.687386 2819676 Coordinator.h:192] Coordinator exits.
