I0911 19:54:45.070043 2815459 Database.h:65] ycsb initialization finished in 191 milliseconds.
I0911 19:54:45.070152 2815459 Coordinator.h:30] Coordinator initializes 16 workers.
I0911 19:54:45.077679 2815459 Coordinator.h:77] Coordinator starts to run 17 workers.
I0911 19:54:45.077740 2815479 AriaExecutor.h:82] AriaExecutor 0 started. 
I0911 19:54:45.077771 2815480 AriaExecutor.h:82] AriaExecutor 1 started. 
I0911 19:54:45.077812 2815481 AriaExecutor.h:82] AriaExecutor 2 started. 
I0911 19:54:45.077874 2815482 AriaExecutor.h:82] AriaExecutor 3 started. 
I0911 19:54:45.077894 2815483 AriaExecutor.h:82] AriaExecutor 4 started. 
I0911 19:54:45.077966 2815484 AriaExecutor.h:82] AriaExecutor 5 started. 
I0911 19:54:45.077970 2815485 AriaExecutor.h:82] AriaExecutor 6 started. 
I0911 19:54:45.078032 2815486 AriaExecutor.h:82] AriaExecutor 7 started. 
I0911 19:54:45.078049 2815487 AriaExecutor.h:82] AriaExecutor 8 started. 
I0911 19:54:45.078110 2815488 AriaExecutor.h:82] AriaExecutor 9 started. 
I0911 19:54:45.078130 2815489 AriaExecutor.h:82] AriaExecutor 10 started. 
I0911 19:54:45.078181 2815490 AriaExecutor.h:82] AriaExecutor 11 started. 
I0911 19:54:45.078210 2815491 AriaExecutor.h:82] AriaExecutor 12 started. 
I0911 19:54:45.078258 2815492 AriaExecutor.h:82] AriaExecutor 13 started. 
I0911 19:54:45.078294 2815493 AriaExecutor.h:82] AriaExecutor 14 started. 
I0911 19:54:45.078341 2815494 AriaExecutor.h:82] AriaExecutor 15 started. 
I0911 19:54:45.078383 2815495 Manager.h:224] Manager(worker id = 16) on the coordinator node started.
I0911 19:54:46.078437 2815459 Coordinator.h:126] commit: 219693 abort: 30163 (0/30163/0), network size: 0, avg network size: 0, si_in_serializable: 0 0 %, local: 0 %
I0911 19:54:47.078567 2815459 Coordinator.h:126] commit: 223229 abort: 30723 (0/30723/0), network size: 0, avg network size: 0, si_in_serializable: 0 0 %, local: 0 %
I0911 19:54:48.078657 2815459 Coordinator.h:126] commit: 208098 abort: 28446 (0/28446/0), network size: 0, avg network size: 0, si_in_serializable: 0 0 %, local: 0 %
I0911 19:54:49.078763 2815459 Coordinator.h:126] commit: 220595 abort: 30285 (0/30285/0), network size: 0, avg network size: 0, si_in_serializable: 0 0 %, local: 0 %
I0911 19:54:50.078869 2815459 Coordinator.h:126] commit: 226171 abort: 30853 (0/30853/0), network size: 0, avg network size: 0, si_in_serializable: 0 0 %, local: 0 %
I0911 19:54:51.078953 2815459 Coordinator.h:126] commit: 230613 abort: 31531 (0/31531/0), network size: 0, avg network size: 0, si_in_serializable: 0 0 %, local: 0 %
I0911 19:54:52.079041 2815459 Coordinator.h:126] commit: 228647 abort: 31449 (0/31449/0), network size: 0, avg network size: 0, si_in_serializable: 0 0 %, local: 0 %
I0911 19:54:53.079161 2815459 Coordinator.h:126] commit: 228727 abort: 31369 (0/31369/0), network size: 0, avg network size: 0, si_in_serializable: 0 0 %, local: 0 %
I0911 19:54:54.079245 2815459 Coordinator.h:126] commit: 229830 abort: 31290 (0/31290/0), network size: 0, avg network size: 0, si_in_serializable: 0 0 %, local: 0 %
I0911 19:54:55.079326 2815459 Coordinator.h:126] commit: 221534 abort: 30370 (0/30370/0), network size: 0, avg network size: 0, si_in_serializable: 0 0 %, local: 0 %
I0911 19:54:56.079409 2815459 Coordinator.h:126] commit: 229789 abort: 31331 (0/31331/0), network size: 0, avg network size: 0, si_in_serializable: 0 0 %, local: 0 %
I0911 19:54:57.079494 2815459 Coordinator.h:126] commit: 224907 abort: 31093 (0/31093/0), network size: 0, avg network size: 0, si_in_serializable: 0 0 %, local: 0 %
I0911 19:54:58.079574 2815459 Coordinator.h:126] commit: 229642 abort: 31478 (0/31478/0), network size: 0, avg network size: 0, si_in_serializable: 0 0 %, local: 0 %
I0911 19:54:59.079696 2815459 Coordinator.h:126] commit: 229528 abort: 31592 (0/31592/0), network size: 0, avg network size: 0, si_in_serializable: 0 0 %, local: 0 %
I0911 19:55:00.079818 2815459 Coordinator.h:126] commit: 228719 abort: 31377 (0/31377/0), network size: 0, avg network size: 0, si_in_serializable: 0 0 %, local: 0 %
I0911 19:55:01.079900 2815459 Coordinator.h:126] commit: 230456 abort: 31688 (0/31688/0), network size: 0, avg network size: 0, si_in_serializable: 0 0 %, local: 0 %
I0911 19:55:02.079978 2815459 Coordinator.h:126] commit: 228663 abort: 31433 (0/31433/0), network size: 0, avg network size: 0, si_in_serializable: 0 0 %, local: 0 %
I0911 19:55:03.080082 2815459 Coordinator.h:126] commit: 228604 abort: 31492 (0/31492/0), network size: 0, avg network size: 0, si_in_serializable: 0 0 %, local: 0 %
I0911 19:55:04.080189 2815459 Coordinator.h:126] commit: 226360 abort: 30664 (0/30664/0), network size: 0, avg network size: 0, si_in_serializable: 0 0 %, local: 0 %
I0911 19:55:05.080299 2815459 Coordinator.h:126] commit: 228631 abort: 31465 (0/31465/0), network size: 0, avg network size: 0, si_in_serializable: 0 0 %, local: 0 %
I0911 19:55:06.080420 2815459 Coordinator.h:126] commit: 224165 abort: 30811 (0/30811/0), network size: 0, avg network size: 0, si_in_serializable: 0 0 %, local: 0 %
I0911 19:55:07.080511 2815459 Coordinator.h:126] commit: 223389 abort: 30563 (0/30563/0), network size: 0, avg network size: 0, si_in_serializable: 0 0 %, local: 0 %
I0911 19:55:08.080648 2815459 Coordinator.h:126] commit: 228606 abort: 31490 (0/31490/0), network size: 0, avg network size: 0, si_in_serializable: 0 0 %, local: 0 %
I0911 19:55:09.080757 2815459 Coordinator.h:126] commit: 227744 abort: 31328 (0/31328/0), network size: 0, avg network size: 0, si_in_serializable: 0 0 %, local: 0 %
I0911 19:55:10.080842 2815459 Coordinator.h:126] commit: 229481 abort: 31639 (0/31639/0), network size: 0, avg network size: 0, si_in_serializable: 0 0 %, local: 0 %
I0911 19:55:10.080859 2815459 Coordinator.h:152] average commit: 228530 abort: 31361.3 (0/31361.3/0), network size: 0, avg network size: 0, si_in_serializable: 0 0 %, local: 0 %
I0911 19:55:10.082908 2815495 Manager.h:227] Manager(worker id = 16) on the coordinator node exits.
I0911 19:55:10.082914 2815485 AriaExecutor.h:94] AriaExecutor 6 exits. 
I0911 19:55:10.082921 2815489 AriaExecutor.h:94] AriaExecutor 10 exits. 
I0911 19:55:10.082917 2815493 AriaExecutor.h:94] AriaExecutor 14 exits. 
I0911 19:55:10.082927 2815481 AriaExecutor.h:94] AriaExecutor 2 exits. 
I0911 19:55:10.082923 2815483 AriaExecutor.h:94] AriaExecutor 4 exits. 
I0911 19:55:10.082926 2815479 AriaExecutor.h:94] AriaExecutor 0 exits. 
I0911 19:55:10.082916 2815491 AriaExecutor.h:94] AriaExecutor 12 exits. 
I0911 19:55:10.082926 2815487 AriaExecutor.h:94] AriaExecutor 8 exits. 
I0911 19:55:10.082926 2815480 AriaExecutor.h:94] AriaExecutor 1 exits. 
I0911 19:55:10.082928 2815488 AriaExecutor.h:94] AriaExecutor 9 exits. 
I0911 19:55:10.082929 2815494 AriaExecutor.h:94] AriaExecutor 15 exits. 
I0911 19:55:10.082924 2815482 AriaExecutor.h:94] AriaExecutor 3 exits. 
I0911 19:55:10.082926 2815484 AriaExecutor.h:94] AriaExecutor 5 exits. 
I0911 19:55:10.082924 2815492 AriaExecutor.h:94] AriaExecutor 13 exits. 
I0911 19:55:10.082924 2815486 AriaExecutor.h:94] AriaExecutor 7 exits. 
I0911 19:55:10.082926 2815490 AriaExecutor.h:94] AriaExecutor 11 exits. 
I0911 19:55:10.080876 2815459 AriaExecutor.h:641] Worker 0 latency: 2703 us (50%) 3266 us (75%) 3692 us (95%) 3858 us (99%).
I0911 19:55:10.097879 2815459 AriaExecutor.h:641] Worker 1 latency: 2691 us (50%) 3260 us (75%) 3688 us (95%) 3845 us (99%).
I0911 19:55:10.114871 2815459 AriaExecutor.h:641] Worker 2 latency: 2717 us (50%) 3272 us (75%) 3692 us (95%) 3855 us (99%).
I0911 19:55:10.131553 2815459 AriaExecutor.h:641] Worker 3 latency: 2706 us (50%) 3266 us (75%) 3689 us (95%) 3847 us (99%).
I0911 19:55:10.148138 2815459 AriaExecutor.h:641] Worker 4 latency: 2702 us (50%) 3265 us (75%) 3691 us (95%) 3853 us (99%).
I0911 19:55:10.164932 2815459 AriaExecutor.h:641] Worker 5 latency: 2697 us (50%) 3263 us (75%) 3689 us (95%) 3848 us (99%).
I0911 19:55:10.181406 2815459 AriaExecutor.h:641] Worker 6 latency: 2714 us (50%) 3270 us (75%) 3691 us (95%) 3853 us (99%).
I0911 19:55:10.198073 2815459 AriaExecutor.h:641] Worker 7 latency: 2709 us (50%) 3268 us (75%) 3691 us (95%) 3842 us (99%).
I0911 19:55:10.214635 2815459 AriaExecutor.h:641] Worker 8 latency: 2705 us (50%) 3268 us (75%) 3692 us (95%) 3855 us (99%).
I0911 19:55:10.231241 2815459 AriaExecutor.h:641] Worker 9 latency: 2702 us (50%) 3265 us (75%) 3691 us (95%) 3848 us (99%).
I0911 19:55:10.247723 2815459 AriaExecutor.h:641] Worker 10 latency: 2719 us (50%) 3274 us (75%) 3691 us (95%) 3856 us (99%).
I0911 19:55:10.264195 2815459 AriaExecutor.h:641] Worker 11 latency: 2711 us (50%) 3268 us (75%) 3691 us (95%) 3848 us (99%).
I0911 19:55:10.281181 2815459 AriaExecutor.h:641] Worker 12 latency: 2716 us (50%) 3273 us (75%) 3691 us (95%) 3854 us (99%).
I0911 19:55:10.297538 2815459 AriaExecutor.h:641] Worker 13 latency: 2695 us (50%) 3263 us (75%) 3689 us (95%) 3848 us (99%).
I0911 19:55:10.313925 2815459 AriaExecutor.h:641] Worker 14 latency: 2721 us (50%) 3274 us (75%) 3691 us (95%) 3855 us (99%).
I0911 19:55:10.330402 2815459 AriaExecutor.h:641] Worker 15 latency: 2717 us (50%) 3271 us (75%) 3690 us (95%) 3851 us (99%).
I0911 19:55:10.347213 2815459 Coordinator.h:177] total commit: 228530
I0911 19:55:11.347328 2815459 Coordinator.h:192] Coordinator exits.
