I0911 19:32:52.024500 2791550 Database.h:65] ycsb initialization finished in 198 milliseconds.
I0911 19:32:52.024607 2791550 Coordinator.h:30] Coordinator initializes 16 workers.
I0911 19:32:52.032059 2791550 Coordinator.h:77] Coordinator starts to run 17 workers.
I0911 19:32:52.032114 2791571 AriaExecutor.h:82] AriaExecutor 0 started. 
I0911 19:32:52.032145 2791572 AriaExecutor.h:82] AriaExecutor 1 started. 
I0911 19:32:52.032186 2791573 AriaExecutor.h:82] AriaExecutor 2 started. 
I0911 19:32:52.032253 2791574 AriaExecutor.h:82] AriaExecutor 3 started. 
I0911 19:32:52.032267 2791575 AriaExecutor.h:82] AriaExecutor 4 started. 
I0911 19:32:52.032327 2791576 AriaExecutor.h:82] AriaExecutor 5 started. 
I0911 19:32:52.032342 2791577 AriaExecutor.h:82] AriaExecutor 6 started. 
I0911 19:32:52.032411 2791579 AriaExecutor.h:82] AriaExecutor 8 started. 
I0911 19:32:52.032467 2791580 AriaExecutor.h:82] AriaExecutor 9 started. 
I0911 19:32:52.032510 2791581 AriaExecutor.h:82] AriaExecutor 10 started. 
I0911 19:32:52.032569 2791582 AriaExecutor.h:82] AriaExecutor 11 started. 
I0911 19:32:52.032616 2791583 AriaExecutor.h:82] AriaExecutor 12 started. 
I0911 19:32:52.032670 2791584 AriaExecutor.h:82] AriaExecutor 13 started. 
I0911 19:32:52.032721 2791585 AriaExecutor.h:82] AriaExecutor 14 started. 
I0911 19:32:52.032722 2791578 AriaExecutor.h:82] AriaExecutor 7 started. 
I0911 19:32:52.032773 2791586 AriaExecutor.h:82] AriaExecutor 15 started. 
I0911 19:32:52.032804 2791587 Manager.h:224] Manager(worker id = 16) on the coordinator node started.
I0911 19:32:53.032866 2791550 Coordinator.h:126] commit: 237059 abort: 31229 (0/31229/0), network size: 0, avg network size: 0, si_in_serializable: 0 0 %, local: 0 %
I0911 19:32:54.033028 2791550 Coordinator.h:126] commit: 238053 abort: 31259 (0/31259/0), network size: 0, avg network size: 0, si_in_serializable: 0 0 %, local: 0 %
I0911 19:32:55.033144 2791550 Coordinator.h:126] commit: 229872 abort: 30224 (0/30224/0), network size: 0, avg network size: 0, si_in_serializable: 0 0 %, local: 0 %
I0911 19:32:56.033239 2791550 Coordinator.h:126] commit: 235574 abort: 30666 (0/30666/0), network size: 0, avg network size: 0, si_in_serializable: 0 0 %, local: 0 %
I0911 19:32:57.033358 2791550 Coordinator.h:126] commit: 240027 abort: 31333 (0/31333/0), network size: 0, avg network size: 0, si_in_serializable: 0 0 %, local: 0 %
I0911 19:32:58.033475 2791550 Coordinator.h:126] commit: 243769 abort: 31687 (0/31687/0), network size: 0, avg network size: 0, si_in_serializable: 0 0 %, local: 0 %
I0911 19:32:59.033573 2791550 Coordinator.h:126] commit: 244485 abort: 31980 (0/31980/0), network size: 0, avg network size: 0, si_in_serializable: 0 0 %, local: 0 %
I0911 19:33:00.033694 2791550 Coordinator.h:126] commit: 241650 abort: 31773 (0/31773/0), network size: 0, avg network size: 0, si_in_serializable: 0 0 %, local: 0 %
I0911 19:33:01.033793 2791550 Coordinator.h:126] commit: 241580 abort: 31828 (0/31828/0), network size: 0, avg network size: 0, si_in_serializable: 0 0 %, local: 0 %
I0911 19:33:02.033917 2791550 Coordinator.h:126] commit: 235431 abort: 30809 (0/30809/0), network size: 0, avg network size: 0, si_in_serializable: 0 0 %, local: 0 %
I0911 19:33:03.034032 2791550 Coordinator.h:126] commit: 243504 abort: 31952 (0/31952/0), network size: 0, avg network size: 0, si_in_serializable: 0 0 %, local: 0 %
I0911 19:33:04.034161 2791550 Coordinator.h:126] commit: 238062 abort: 31250 (0/31250/0), network size: 0, avg network size: 0, si_in_serializable: 0 0 %, local: 0 %
I0911 19:33:05.034278 2791550 Coordinator.h:126] commit: 243304 abort: 32152 (0/32152/0), network size: 0, avg network size: 0, si_in_serializable: 0 0 %, local: 0 %
I0911 19:33:06.034389 2791550 Coordinator.h:126] commit: 241758 abort: 31650 (0/31650/0), network size: 0, avg network size: 0, si_in_serializable: 0 0 %, local: 0 %
I0911 19:33:07.034471 2791550 Coordinator.h:126] commit: 243361 abort: 32095 (0/32095/0), network size: 0, avg network size: 0, si_in_serializable: 0 0 %, local: 0 %
I0911 19:33:08.034559 2791550 Coordinator.h:126] commit: 243547 abort: 31909 (0/31909/0), network size: 0, avg network size: 0, si_in_serializable: 0 0 %, local: 0 %
I0911 19:33:09.034646 2791550 Coordinator.h:126] commit: 242220 abort: 31188 (0/31188/0), network size: 0, avg network size: 0, si_in_serializable: 0 0 %, local: 0 %
I0911 19:33:10.034734 2791550 Coordinator.h:126] commit: 237154 abort: 31134 (0/31134/0), network size: 0, avg network size: 0, si_in_serializable: 0 0 %, local: 0 %
I0911 19:33:11.034826 2791550 Coordinator.h:126] commit: 243623 abort: 31833 (0/31833/0), network size: 0, avg network size: 0, si_in_serializable: 0 0 %, local: 0 %
I0911 19:33:12.034917 2791550 Coordinator.h:126] commit: 242766 abort: 31666 (0/31666/0), network size: 0, avg network size: 0, si_in_serializable: 0 0 %, local: 0 %
I0911 19:33:13.035028 2791550 Coordinator.h:126] commit: 236343 abort: 30921 (0/30921/0), network size: 0, avg network size: 0, si_in_serializable: 0 0 %, local: 0 %
I0911 19:33:14.035142 2791550 Coordinator.h:126] commit: 242729 abort: 31703 (0/31703/0), network size: 0, avg network size: 0, si_in_serializable: 0 0 %, local: 0 %
I0911 19:33:15.035248 2791550 Coordinator.h:126] commit: 242000 abort: 31408 (0/31408/0), network size: 0, avg network size: 0, si_in_serializable: 0 0 %, local: 0 %
I0911 19:33:16.035331 2791550 Coordinator.h:126] commit: 243490 abort: 31966 (0/31966/0), network size: 0, avg network size: 0, si_in_serializable: 0 0 %, local: 0 %
I0911 19:33:17.035419 2791550 Coordinator.h:126] commit: 237337 abort: 30951 (0/30951/0), network size: 0, avg network size: 0, si_in_serializable: 0 0 %, local: 0 %
I0911 19:33:17.035445 2791550 Coordinator.h:152] average commit: 241930 abort: 31682.9 (0/31682.9/0), network size: 0, avg network size: 0, si_in_serializable: 0 0 %, local: 0 %
I0911 19:33:17.037366 2791581 AriaExecutor.h:94] AriaExecutor 10 exits. 
I0911 19:33:17.037367 2791571 AriaExecutor.h:94] AriaExecutor 0 exits. 
I0911 19:33:17.037371 2791573 AriaExecutor.h:94] AriaExecutor 2 exits. 
I0911 19:33:17.037386 2791582 AriaExecutor.h:94] AriaExecutor 11 exits. 
I0911 19:33:17.037369 2791575 AriaExecutor.h:94] AriaExecutor 4 exits. 
I0911 19:33:17.037370 2791579 AriaExecutor.h:94] AriaExecutor 8 exits. 
I0911 19:33:17.037374 2791587 Manager.h:227] Manager(worker id = 16) on the coordinator node exits.
I0911 19:33:17.037369 2791583 AriaExecutor.h:94] AriaExecutor 12 exits. 
I0911 19:33:17.037369 2791585 AriaExecutor.h:94] AriaExecutor 14 exits. 
I0911 19:33:17.037386 2791578 AriaExecutor.h:94] AriaExecutor 7 exits. 
I0911 19:33:17.037386 2791580 AriaExecutor.h:94] AriaExecutor 9 exits. 
I0911 19:33:17.037386 2791586 AriaExecutor.h:94] AriaExecutor 15 exits. 
I0911 19:33:17.037386 2791584 AriaExecutor.h:94] AriaExecutor 13 exits. 
I0911 19:33:17.037386 2791574 AriaExecutor.h:94] AriaExecutor 3 exits. 
I0911 19:33:17.037386 2791572 AriaExecutor.h:94] AriaExecutor 1 exits. 
I0911 19:33:17.037389 2791576 AriaExecutor.h:94] AriaExecutor 5 exits. 
I0911 19:33:17.037369 2791577 AriaExecutor.h:94] AriaExecutor 6 exits. 
I0911 19:33:17.035459 2791550 AriaExecutor.h:535] Worker 0 latency: 2582 us (50%) 3104 us (75%) 3496 us (95%) 3598 us (99%).
I0911 19:33:17.052934 2791550 AriaExecutor.h:535] Worker 1 latency: 2578 us (50%) 3102 us (75%) 3494 us (95%) 3596 us (99%).
I0911 19:33:17.069980 2791550 AriaExecutor.h:535] Worker 2 latency: 2597 us (50%) 3113 us (75%) 3498 us (95%) 3600 us (99%).
I0911 19:33:17.086771 2791550 AriaExecutor.h:535] Worker 3 latency: 2585 us (50%) 3106 us (75%) 3496 us (95%) 3597 us (99%).
I0911 19:33:17.103976 2791550 AriaExecutor.h:535] Worker 4 latency: 2580 us (50%) 3103 us (75%) 3496 us (95%) 3598 us (99%).
I0911 19:33:17.121006 2791550 AriaExecutor.h:535] Worker 5 latency: 2573 us (50%) 3101 us (75%) 3495 us (95%) 3596 us (99%).
I0911 19:33:17.138131 2791550 AriaExecutor.h:535] Worker 6 latency: 2596 us (50%) 3110 us (75%) 3498 us (95%) 3600 us (99%).
I0911 19:33:17.155045 2791550 AriaExecutor.h:535] Worker 7 latency: 2582 us (50%) 3105 us (75%) 3496 us (95%) 3598 us (99%).
I0911 19:33:17.172623 2791550 AriaExecutor.h:535] Worker 8 latency: 2583 us (50%) 3105 us (75%) 3496 us (95%) 3598 us (99%).
I0911 19:33:17.189838 2791550 AriaExecutor.h:535] Worker 9 latency: 2577 us (50%) 3100 us (75%) 3494 us (95%) 3596 us (99%).
I0911 19:33:17.207089 2791550 AriaExecutor.h:535] Worker 10 latency: 2598 us (50%) 3112 us (75%) 3496 us (95%) 3598 us (99%).
I0911 19:33:17.224380 2791550 AriaExecutor.h:535] Worker 11 latency: 2584 us (50%) 3104 us (75%) 3495 us (95%) 3596 us (99%).
I0911 19:33:17.241451 2791550 AriaExecutor.h:535] Worker 12 latency: 2595 us (50%) 3110 us (75%) 3496 us (95%) 3598 us (99%).
I0911 19:33:17.258639 2791550 AriaExecutor.h:535] Worker 13 latency: 2573 us (50%) 3101 us (75%) 3496 us (95%) 3598 us (99%).
I0911 19:33:17.275669 2791550 AriaExecutor.h:535] Worker 14 latency: 2607 us (50%) 3118 us (75%) 3499 us (95%) 3601 us (99%).
I0911 19:33:17.292914 2791550 AriaExecutor.h:535] Worker 15 latency: 2582 us (50%) 3102 us (75%) 3493 us (95%) 3596 us (99%).
I0911 19:33:17.310254 2791550 Coordinator.h:177] total commit: 241930
I0911 19:33:18.310360 2791550 Coordinator.h:192] Coordinator exits.
