I0911 19:52:55.280900 2813370 Database.h:65] ycsb initialization finished in 146 milliseconds.
I0911 19:52:55.281020 2813370 Coordinator.h:30] Coordinator initializes 16 workers.
I0911 19:52:55.288560 2813370 Coordinator.h:77] Coordinator starts to run 17 workers.
I0911 19:52:55.288635 2813390 AriaExecutor.h:82] AriaExecutor 0 started. 
I0911 19:52:55.288679 2813391 AriaExecutor.h:82] AriaExecutor 1 started. 
I0911 19:52:55.288720 2813392 AriaExecutor.h:82] AriaExecutor 2 started. 
I0911 19:52:55.288781 2813393 AriaExecutor.h:82] AriaExecutor 3 started. 
I0911 19:52:55.288800 2813394 AriaExecutor.h:82] AriaExecutor 4 started. 
I0911 19:52:55.288853 2813395 AriaExecutor.h:82] AriaExecutor 5 started. 
I0911 19:52:55.288869 2813396 AriaExecutor.h:82] AriaExecutor 6 started. 
I0911 19:52:55.288925 2813397 AriaExecutor.h:82] AriaExecutor 7 started. 
I0911 19:52:55.288959 2813398 AriaExecutor.h:82] AriaExecutor 8 started. 
I0911 19:52:55.289023 2813399 AriaExecutor.h:82] AriaExecutor 9 started. 
I0911 19:52:55.289057 2813400 AriaExecutor.h:82] AriaExecutor 10 started. 
I0911 19:52:55.289098 2813401 AriaExecutor.h:82] AriaExecutor 11 started. 
I0911 19:52:55.289131 2813402 AriaExecutor.h:82] AriaExecutor 12 started. 
I0911 19:52:55.289181 2813403 AriaExecutor.h:82] AriaExecutor 13 started. 
I0911 19:52:55.289216 2813404 AriaExecutor.h:82] AriaExecutor 14 started. 
I0911 19:52:55.289263 2813405 AriaExecutor.h:82] AriaExecutor 15 started. 
I0911 19:52:55.289294 2813406 Manager.h:224] Manager(worker id = 16) on the coordinator node started.
I0911 19:52:56.289355 2813370 Coordinator.h:126] commit: 223168 abort: 28736 (0/28736/0), network size: 0, avg network size: 0, si_in_serializable: 0 0 %, local: 0 %
I0911 19:52:57.289490 2813370 Coordinator.h:126] commit: 224359 abort: 28569 (0/28569/0), network size: 0, avg network size: 0, si_in_serializable: 0 0 %, local: 0 %
I0911 19:52:58.289608 2813370 Coordinator.h:126] commit: 216079 abort: 27633 (0/27633/0), network size: 0, avg network size: 0, si_in_serializable: 0 0 %, local: 0 %
I0911 19:52:59.289731 2813370 Coordinator.h:126] commit: 220703 abort: 28129 (0/28129/0), network size: 0, avg network size: 0, si_in_serializable: 0 0 %, local: 0 %
I0911 19:53:00.289860 2813370 Coordinator.h:126] commit: 230499 abort: 29597 (0/29597/0), network size: 0, avg network size: 0, si_in_serializable: 0 0 %, local: 0 %
I0911 19:53:01.289963 2813370 Coordinator.h:126] commit: 231409 abort: 29711 (0/29711/0), network size: 0, avg network size: 0, si_in_serializable: 0 0 %, local: 0 %
I0911 19:53:02.290072 2813370 Coordinator.h:126] commit: 232427 abort: 29717 (0/29717/0), network size: 0, avg network size: 0, si_in_serializable: 0 0 %, local: 0 %
I0911 19:53:03.290172 2813370 Coordinator.h:126] commit: 229781 abort: 29291 (0/29291/0), network size: 0, avg network size: 0, si_in_serializable: 0 0 %, local: 0 %
I0911 19:53:04.290264 2813370 Coordinator.h:126] commit: 232484 abort: 29660 (0/29660/0), network size: 0, avg network size: 0, si_in_serializable: 0 0 %, local: 0 %
I0911 19:53:05.290367 2813370 Coordinator.h:126] commit: 220698 abort: 28134 (0/28134/0), network size: 0, avg network size: 0, si_in_serializable: 0 0 %, local: 0 %
I0911 19:53:06.290480 2813370 Coordinator.h:126] commit: 226834 abort: 29166 (0/29166/0), network size: 0, avg network size: 0, si_in_serializable: 0 0 %, local: 0 %
I0911 19:53:07.290596 2813370 Coordinator.h:126] commit: 229759 abort: 29313 (0/29313/0), network size: 0, avg network size: 0, si_in_serializable: 0 0 %, local: 0 %
I0911 19:53:08.290704 2813370 Coordinator.h:126] commit: 233148 abort: 30020 (0/30020/0), network size: 0, avg network size: 0, si_in_serializable: 0 0 %, local: 0 %
I0911 19:53:09.290803 2813370 Coordinator.h:126] commit: 230409 abort: 29687 (0/29687/0), network size: 0, avg network size: 0, si_in_serializable: 0 0 %, local: 0 %
I0911 19:53:10.290890 2813370 Coordinator.h:126] commit: 232210 abort: 29934 (0/29934/0), network size: 0, avg network size: 0, si_in_serializable: 0 0 %, local: 0 %
I0911 19:53:11.290982 2813370 Coordinator.h:126] commit: 231271 abort: 29849 (0/29849/0), network size: 0, avg network size: 0, si_in_serializable: 0 0 %, local: 0 %
I0911 19:53:12.291103 2813370 Coordinator.h:126] commit: 230523 abort: 29573 (0/29573/0), network size: 0, avg network size: 0, si_in_serializable: 0 0 %, local: 0 %
I0911 19:53:13.291216 2813370 Coordinator.h:126] commit: 230646 abort: 29450 (0/29450/0), network size: 0, avg network size: 0, si_in_serializable: 0 0 %, local: 0 %
I0911 19:53:14.291325 2813370 Coordinator.h:126] commit: 227748 abort: 29276 (0/29276/0), network size: 0, avg network size: 0, si_in_serializable: 0 0 %, local: 0 %
I0911 19:53:15.291399 2813370 Coordinator.h:126] commit: 231364 abort: 29756 (0/29756/0), network size: 0, avg network size: 0, si_in_serializable: 0 0 %, local: 0 %
I0911 19:53:16.291486 2813370 Coordinator.h:126] commit: 226668 abort: 29332 (0/29332/0), network size: 0, avg network size: 0, si_in_serializable: 0 0 %, local: 0 %
I0911 19:53:17.291603 2813370 Coordinator.h:126] commit: 232450 abort: 29694 (0/29694/0), network size: 0, avg network size: 0, si_in_serializable: 0 0 %, local: 0 %
I0911 19:53:18.291697 2813370 Coordinator.h:126] commit: 226744 abort: 29256 (0/29256/0), network size: 0, avg network size: 0, si_in_serializable: 0 0 %, local: 0 %
I0911 19:53:19.291822 2813370 Coordinator.h:126] commit: 231458 abort: 29662 (0/29662/0), network size: 0, avg network size: 0, si_in_serializable: 0 0 %, local: 0 %
I0911 19:53:20.291925 2813370 Coordinator.h:126] commit: 230605 abort: 29491 (0/29491/0), network size: 0, avg network size: 0, si_in_serializable: 0 0 %, local: 0 %
I0911 19:53:20.291970 2813370 Coordinator.h:152] average commit: 230391 abort: 29602.4 (0/29602.4/0), network size: 0, avg network size: 0, si_in_serializable: 0 0 %, local: 0 %
I0911 19:53:20.295367 2813406 Manager.h:227] Manager(worker id = 16) on the coordinator node exits.
I0911 19:53:20.295389 2813394 AriaExecutor.h:94] AriaExecutor 4 exits. 
I0911 19:53:20.295380 2813405 AriaExecutor.h:94] AriaExecutor 15 exits. 
I0911 19:53:20.295367 2813392 AriaExecutor.h:94] AriaExecutor 2 exits. 
I0911 19:53:20.295398 2813397 AriaExecutor.h:94] AriaExecutor 7 exits. 
I0911 19:53:20.295368 2813402 AriaExecutor.h:94] AriaExecutor 12 exits. 
I0911 19:53:20.295367 2813400 AriaExecutor.h:94] AriaExecutor 10 exits. 
I0911 19:53:20.295372 2813404 AriaExecutor.h:94] AriaExecutor 14 exits. 
I0911 19:53:20.295380 2813393 AriaExecutor.h:94] AriaExecutor 3 exits. 
I0911 19:53:20.295382 2813401 AriaExecutor.h:94] AriaExecutor 11 exits. 
I0911 19:53:20.295383 2813403 AriaExecutor.h:94] AriaExecutor 13 exits. 
I0911 19:53:20.295385 2813395 AriaExecutor.h:94] AriaExecutor 5 exits. 
I0911 19:53:20.295387 2813391 AriaExecutor.h:94] AriaExecutor 1 exits. 
I0911 19:53:20.295389 2813398 AriaExecutor.h:94] AriaExecutor 8 exits. 
I0911 19:53:20.295390 2813399 AriaExecutor.h:94] AriaExecutor 9 exits. 
I0911 19:53:20.295367 2813390 AriaExecutor.h:94] AriaExecutor 0 exits. 
I0911 19:53:20.295368 2813396 AriaExecutor.h:94] AriaExecutor 6 exits. 
I0911 19:53:20.291985 2813370 AriaExecutor.h:641] Worker 0 latency: 2687 us (50%) 3252 us (75%) 3681 us (95%) 3807 us (99%).
I0911 19:53:20.309011 2813370 AriaExecutor.h:641] Worker 1 latency: 2690 us (50%) 3253 us (75%) 3680 us (95%) 3804 us (99%).
I0911 19:53:20.325685 2813370 AriaExecutor.h:641] Worker 2 latency: 2701 us (50%) 3258 us (75%) 3681 us (95%) 3805 us (99%).
I0911 19:53:20.342121 2813370 AriaExecutor.h:641] Worker 3 latency: 2695 us (50%) 3254 us (75%) 3680 us (95%) 3803 us (99%).
I0911 19:53:20.359124 2813370 AriaExecutor.h:641] Worker 4 latency: 2683 us (50%) 3250 us (75%) 3681 us (95%) 3805 us (99%).
I0911 19:53:20.375638 2813370 AriaExecutor.h:641] Worker 5 latency: 2680 us (50%) 3248 us (75%) 3679 us (95%) 3800 us (99%).
I0911 19:53:20.392244 2813370 AriaExecutor.h:641] Worker 6 latency: 2698 us (50%) 3257 us (75%) 3681 us (95%) 3807 us (99%).
I0911 19:53:20.408913 2813370 AriaExecutor.h:641] Worker 7 latency: 2695 us (50%) 3256 us (75%) 3681 us (95%) 3804 us (99%).
I0911 19:53:20.425606 2813370 AriaExecutor.h:641] Worker 8 latency: 2688 us (50%) 3253 us (75%) 3681 us (95%) 3805 us (99%).
I0911 19:53:20.442262 2813370 AriaExecutor.h:641] Worker 9 latency: 2690 us (50%) 3253 us (75%) 3679 us (95%) 3802 us (99%).
I0911 19:53:20.458990 2813370 AriaExecutor.h:641] Worker 10 latency: 2700 us (50%) 3258 us (75%) 3682 us (95%) 3808 us (99%).
I0911 19:53:20.475381 2813370 AriaExecutor.h:641] Worker 11 latency: 2699 us (50%) 3257 us (75%) 3679 us (95%) 3802 us (99%).
I0911 19:53:20.492120 2813370 AriaExecutor.h:641] Worker 12 latency: 2696 us (50%) 3255 us (75%) 3681 us (95%) 3806 us (99%).
I0911 19:53:20.508667 2813370 AriaExecutor.h:641] Worker 13 latency: 2681 us (50%) 3250 us (75%) 3679 us (95%) 3802 us (99%).
I0911 19:53:20.525116 2813370 AriaExecutor.h:641] Worker 14 latency: 2703 us (50%) 3259 us (75%) 3681 us (95%) 3805 us (99%).
I0911 19:53:20.541651 2813370 AriaExecutor.h:641] Worker 15 latency: 2699 us (50%) 3258 us (75%) 3681 us (95%) 3804 us (99%).
I0911 19:53:20.558171 2813370 Coordinator.h:177] total commit: 230391
I0911 19:53:21.558295 2813370 Coordinator.h:192] Coordinator exits.
