I0911 20:04:47.353152 2827173 Database.h:65] ycsb initialization finished in 146 milliseconds.
I0911 20:04:47.353262 2827173 Coordinator.h:30] Coordinator initializes 16 workers.
I0911 20:04:47.360875 2827173 Coordinator.h:77] Coordinator starts to run 17 workers.
I0911 20:04:47.360934 2827193 AriaExecutor.h:82] AriaExecutor 0 started. 
I0911 20:04:47.360977 2827194 AriaExecutor.h:82] AriaExecutor 1 started. 
I0911 20:04:47.361009 2827195 AriaExecutor.h:82] AriaExecutor 2 started. 
I0911 20:04:47.361086 2827196 AriaExecutor.h:82] AriaExecutor 3 started. 
I0911 20:04:47.361092 2827197 AriaExecutor.h:82] AriaExecutor 4 started. 
I0911 20:04:47.361159 2827198 AriaExecutor.h:82] AriaExecutor 5 started. 
I0911 20:04:47.361169 2827199 AriaExecutor.h:82] AriaExecutor 6 started. 
I0911 20:04:47.361224 2827200 AriaExecutor.h:82] AriaExecutor 7 started. 
I0911 20:04:47.361241 2827201 AriaExecutor.h:82] AriaExecutor 8 started. 
I0911 20:04:47.361292 2827202 AriaExecutor.h:82] AriaExecutor 9 started. 
I0911 20:04:47.361320 2827203 AriaExecutor.h:82] AriaExecutor 10 started. 
I0911 20:04:47.361366 2827204 AriaExecutor.h:82] AriaExecutor 11 started. 
I0911 20:04:47.361397 2827205 AriaExecutor.h:82] AriaExecutor 12 started. 
I0911 20:04:47.361444 2827206 AriaExecutor.h:82] AriaExecutor 13 started. 
I0911 20:04:47.361479 2827207 AriaExecutor.h:82] AriaExecutor 14 started. 
I0911 20:04:47.361512 2827208 AriaExecutor.h:82] AriaExecutor 15 started. 
I0911 20:04:47.361562 2827209 Manager.h:224] Manager(worker id = 16) on the coordinator node started.
I0911 20:04:48.361601 2827173 Coordinator.h:126] commit: 12042 abort: 202998 (0/202998/0), network size: 0, avg network size: 0, si_in_serializable: 0 0 %, local: 0 %
I0911 20:04:49.361694 2827173 Coordinator.h:126] commit: 12116 abort: 203948 (0/203948/0), network size: 0, avg network size: 0, si_in_serializable: 0 0 %, local: 0 %
I0911 20:04:50.361769 2827173 Coordinator.h:126] commit: 11680 abort: 197216 (0/197216/0), network size: 0, avg network size: 0, si_in_serializable: 0 0 %, local: 0 %
I0911 20:04:51.361851 2827173 Coordinator.h:126] commit: 11823 abort: 200145 (0/200145/0), network size: 0, avg network size: 0, si_in_serializable: 0 0 %, local: 0 %
I0911 20:04:52.361954 2827173 Coordinator.h:126] commit: 12323 abort: 206813 (0/206813/0), network size: 0, avg network size: 0, si_in_serializable: 0 0 %, local: 0 %
I0911 20:04:53.362031 2827173 Coordinator.h:126] commit: 12327 abort: 207833 (0/207833/0), network size: 0, avg network size: 0, si_in_serializable: 0 0 %, local: 0 %
I0911 20:04:54.362114 2827173 Coordinator.h:126] commit: 12394 abort: 207766 (0/207766/0), network size: 0, avg network size: 0, si_in_serializable: 0 0 %, local: 0 %
I0911 20:04:55.362200 2827173 Coordinator.h:126] commit: 12286 abort: 206850 (0/206850/0), network size: 0, avg network size: 0, si_in_serializable: 0 0 %, local: 0 %
I0911 20:04:56.362275 2827173 Coordinator.h:126] commit: 12111 abort: 202929 (0/202929/0), network size: 0, avg network size: 0, si_in_serializable: 0 0 %, local: 0 %
I0911 20:04:57.362347 2827173 Coordinator.h:126] commit: 12121 abort: 203943 (0/203943/0), network size: 0, avg network size: 0, si_in_serializable: 0 0 %, local: 0 %
I0911 20:04:58.362419 2827173 Coordinator.h:126] commit: 12340 abort: 207820 (0/207820/0), network size: 0, avg network size: 0, si_in_serializable: 0 0 %, local: 0 %
I0911 20:04:59.362521 2827173 Coordinator.h:126] commit: 12239 abort: 206897 (0/206897/0), network size: 0, avg network size: 0, si_in_serializable: 0 0 %, local: 0 %
I0911 20:05:00.362609 2827173 Coordinator.h:126] commit: 12438 abort: 208746 (0/208746/0), network size: 0, avg network size: 0, si_in_serializable: 0 0 %, local: 0 %
I0911 20:05:01.362690 2827173 Coordinator.h:126] commit: 12403 abort: 207757 (0/207757/0), network size: 0, avg network size: 0, si_in_serializable: 0 0 %, local: 0 %
I0911 20:05:02.362788 2827173 Coordinator.h:126] commit: 12407 abort: 208777 (0/208777/0), network size: 0, avg network size: 0, si_in_serializable: 0 0 %, local: 0 %
I0911 20:05:03.362895 2827173 Coordinator.h:126] commit: 12430 abort: 207730 (0/207730/0), network size: 0, avg network size: 0, si_in_serializable: 0 0 %, local: 0 %
I0911 20:05:04.362965 2827173 Coordinator.h:126] commit: 12484 abort: 208700 (0/208700/0), network size: 0, avg network size: 0, si_in_serializable: 0 0 %, local: 0 %
I0911 20:05:05.363041 2827173 Coordinator.h:126] commit: 12455 abort: 208729 (0/208729/0), network size: 0, avg network size: 0, si_in_serializable: 0 0 %, local: 0 %
I0911 20:05:06.363116 2827173 Coordinator.h:126] commit: 12415 abort: 208769 (0/208769/0), network size: 0, avg network size: 0, si_in_serializable: 0 0 %, local: 0 %
I0911 20:05:07.363195 2827173 Coordinator.h:126] commit: 12290 abort: 205822 (0/205822/0), network size: 0, avg network size: 0, si_in_serializable: 0 0 %, local: 0 %
I0911 20:05:08.363266 2827173 Coordinator.h:126] commit: 12446 abort: 208738 (0/208738/0), network size: 0, avg network size: 0, si_in_serializable: 0 0 %, local: 0 %
I0911 20:05:09.363337 2827173 Coordinator.h:126] commit: 12504 abort: 208680 (0/208680/0), network size: 0, avg network size: 0, si_in_serializable: 0 0 %, local: 0 %
I0911 20:05:10.363404 2827173 Coordinator.h:126] commit: 12229 abort: 207931 (0/207931/0), network size: 0, avg network size: 0, si_in_serializable: 0 0 %, local: 0 %
I0911 20:05:11.363478 2827173 Coordinator.h:126] commit: 12087 abort: 203977 (0/203977/0), network size: 0, avg network size: 0, si_in_serializable: 0 0 %, local: 0 %
I0911 20:05:12.363557 2827173 Coordinator.h:126] commit: 12288 abort: 207872 (0/207872/0), network size: 0, avg network size: 0, si_in_serializable: 0 0 %, local: 0 %
I0911 20:05:12.363587 2827173 Coordinator.h:152] average commit: 12390.1 abort: 207975 (0/207975/0), network size: 0, avg network size: 0, si_in_serializable: 0 0 %, local: 0 %
I0911 20:05:12.364583 2827199 AriaExecutor.h:94] AriaExecutor 6 exits. 
I0911 20:05:12.364590 2827197 AriaExecutor.h:94] AriaExecutor 4 exits. 
I0911 20:05:12.364586 2827207 AriaExecutor.h:94] AriaExecutor 14 exits. 
I0911 20:05:12.364585 2827195 AriaExecutor.h:94] AriaExecutor 2 exits. 
I0911 20:05:12.364586 2827209 Manager.h:227] Manager(worker id = 16) on the coordinator node exits.
I0911 20:05:12.364606 2827202 AriaExecutor.h:94] AriaExecutor 9 exits. 
I0911 20:05:12.364589 2827201 AriaExecutor.h:94] AriaExecutor 8 exits. 
I0911 20:05:12.364589 2827203 AriaExecutor.h:94] AriaExecutor 10 exits. 
I0911 20:05:12.364603 2827196 AriaExecutor.h:94] AriaExecutor 3 exits. 
I0911 20:05:12.364603 2827204 AriaExecutor.h:94] AriaExecutor 11 exits. 
I0911 20:05:12.364603 2827198 AriaExecutor.h:94] AriaExecutor 5 exits. 
I0911 20:05:12.363595 2827173 AriaExecutor.h:641] Worker 0 latency: 4518 us (50%) 4577 us (75%) 4663 us (95%) 4830 us (99%).
I0911 20:05:12.364604 2827200 AriaExecutor.h:94] AriaExecutor 7 exits. 
I0911 20:05:12.364603 2827208 AriaExecutor.h:94] AriaExecutor 15 exits. 
I0911 20:05:12.364589 2827193 AriaExecutor.h:94] AriaExecutor 0 exits. 
I0911 20:05:12.364603 2827194 AriaExecutor.h:94] AriaExecutor 1 exits. 
I0911 20:05:12.364609 2827206 AriaExecutor.h:94] AriaExecutor 13 exits. 
I0911 20:05:12.364585 2827205 AriaExecutor.h:94] AriaExecutor 12 exits. 
I0911 20:05:12.364976 2827173 AriaExecutor.h:641] Worker 1 latency: 4517 us (50%) 4576 us (75%) 4660 us (95%) 4825 us (99%).
I0911 20:05:12.366043 2827173 AriaExecutor.h:641] Worker 2 latency: 4517 us (50%) 4577 us (75%) 4662 us (95%) 4849 us (99%).
I0911 20:05:12.367075 2827173 AriaExecutor.h:641] Worker 3 latency: 4514 us (50%) 4575 us (75%) 4659 us (95%) 4824 us (99%).
I0911 20:05:12.368063 2827173 AriaExecutor.h:641] Worker 4 latency: 4514 us (50%) 4575 us (75%) 4658 us (95%) 4808 us (99%).
I0911 20:05:12.369072 2827173 AriaExecutor.h:641] Worker 5 latency: 4512 us (50%) 4574 us (75%) 4659 us (95%) 4838 us (99%).
I0911 20:05:12.370034 2827173 AriaExecutor.h:641] Worker 6 latency: 4514 us (50%) 4575 us (75%) 4661 us (95%) 4862 us (99%).
I0911 20:05:12.370992 2827173 AriaExecutor.h:641] Worker 7 latency: 4508 us (50%) 4571 us (75%) 4655 us (95%) 4794 us (99%).
I0911 20:05:12.371953 2827173 AriaExecutor.h:641] Worker 8 latency: 4508 us (50%) 4572 us (75%) 4658 us (95%) 4816 us (99%).
I0911 20:05:12.372889 2827173 AriaExecutor.h:641] Worker 9 latency: 4507 us (50%) 4572 us (75%) 4656 us (95%) 4825 us (99%).
I0911 20:05:12.373787 2827173 AriaExecutor.h:641] Worker 10 latency: 4509 us (50%) 4572 us (75%) 4659 us (95%) 4826 us (99%).
I0911 20:05:12.374675 2827173 AriaExecutor.h:641] Worker 11 latency: 4507 us (50%) 4570 us (75%) 4654 us (95%) 4824 us (99%).
I0911 20:05:12.375553 2827173 AriaExecutor.h:641] Worker 12 latency: 4507 us (50%) 4571 us (75%) 4655 us (95%) 4793 us (99%).
I0911 20:05:12.376410 2827173 AriaExecutor.h:641] Worker 13 latency: 4503 us (50%) 4569 us (75%) 4655 us (95%) 4828 us (99%).
I0911 20:05:12.377278 2827173 AriaExecutor.h:641] Worker 14 latency: 4503 us (50%) 4571 us (75%) 4656 us (95%) 4857 us (99%).
I0911 20:05:12.378113 2827173 AriaExecutor.h:641] Worker 15 latency: 4502 us (50%) 4570 us (75%) 4655 us (95%) 4849 us (99%).
I0911 20:05:12.378961 2827173 Coordinator.h:177] total commit: 12390.1
I0911 20:05:13.379071 2827173 Coordinator.h:192] Coordinator exits.
