I0911 20:02:03.631632 2824076 Database.h:65] ycsb initialization finished in 187 milliseconds.
I0911 20:02:03.631757 2824076 Coordinator.h:30] Coordinator initializes 16 workers.
I0911 20:02:03.639493 2824076 Coordinator.h:77] Coordinator starts to run 17 workers.
I0911 20:02:03.639551 2824096 AriaExecutor.h:82] AriaExecutor 0 started. 
I0911 20:02:03.639593 2824097 AriaExecutor.h:82] AriaExecutor 1 started. 
I0911 20:02:03.639640 2824098 AriaExecutor.h:82] AriaExecutor 2 started. 
I0911 20:02:03.639705 2824099 AriaExecutor.h:82] AriaExecutor 3 started. 
I0911 20:02:03.639714 2824100 AriaExecutor.h:82] AriaExecutor 4 started. 
I0911 20:02:03.639779 2824101 AriaExecutor.h:82] AriaExecutor 5 started. 
I0911 20:02:03.639791 2824102 AriaExecutor.h:82] AriaExecutor 6 started. 
I0911 20:02:03.639840 2824103 AriaExecutor.h:82] AriaExecutor 7 started. 
I0911 20:02:03.639870 2824104 AriaExecutor.h:82] AriaExecutor 8 started. 
I0911 20:02:03.639915 2824105 AriaExecutor.h:82] AriaExecutor 9 started. 
I0911 20:02:03.639958 2824106 AriaExecutor.h:82] AriaExecutor 10 started. 
I0911 20:02:03.639993 2824107 AriaExecutor.h:82] AriaExecutor 11 started. 
I0911 20:02:03.640043 2824108 AriaExecutor.h:82] AriaExecutor 12 started. 
I0911 20:02:03.640074 2824109 AriaExecutor.h:82] AriaExecutor 13 started. 
I0911 20:02:03.640107 2824110 AriaExecutor.h:82] AriaExecutor 14 started. 
I0911 20:02:03.640154 2824111 AriaExecutor.h:82] AriaExecutor 15 started. 
I0911 20:02:03.640192 2824112 Manager.h:224] Manager(worker id = 16) on the coordinator node started.
I0911 20:02:04.640246 2824076 Coordinator.h:126] commit: 117731 abort: 155677 (0/155677/0), network size: 0, avg network size: 0, si_in_serializable: 0 0 %, local: 0 %
I0911 20:02:05.640376 2824076 Coordinator.h:126] commit: 117861 abort: 155547 (0/155547/0), network size: 0, avg network size: 0, si_in_serializable: 0 0 %, local: 0 %
I0911 20:02:06.640475 2824076 Coordinator.h:126] commit: 113485 abort: 150707 (0/150707/0), network size: 0, avg network size: 0, si_in_serializable: 0 0 %, local: 0 %
I0911 20:02:07.640594 2824076 Coordinator.h:126] commit: 114742 abort: 151498 (0/151498/0), network size: 0, avg network size: 0, si_in_serializable: 0 0 %, local: 0 %
I0911 20:02:08.640725 2824076 Coordinator.h:126] commit: 119502 abort: 158002 (0/158002/0), network size: 0, avg network size: 0, si_in_serializable: 0 0 %, local: 0 %
I0911 20:02:09.640810 2824076 Coordinator.h:126] commit: 120588 abort: 159988 (0/159988/0), network size: 0, avg network size: 0, si_in_serializable: 0 0 %, local: 0 %
I0911 20:02:10.640890 2824076 Coordinator.h:126] commit: 121493 abort: 159083 (0/159083/0), network size: 0, avg network size: 0, si_in_serializable: 0 0 %, local: 0 %
I0911 20:02:11.640971 2824076 Coordinator.h:126] commit: 120166 abort: 158362 (0/158362/0), network size: 0, avg network size: 0, si_in_serializable: 0 0 %, local: 0 %
I0911 20:02:12.641057 2824076 Coordinator.h:126] commit: 116121 abort: 153191 (0/153191/0), network size: 0, avg network size: 0, si_in_serializable: 0 0 %, local: 0 %
I0911 20:02:13.641140 2824076 Coordinator.h:126] commit: 118011 abort: 156421 (0/156421/0), network size: 0, avg network size: 0, si_in_serializable: 0 0 %, local: 0 %
I0911 20:02:14.641228 2824076 Coordinator.h:126] commit: 120571 abort: 158981 (0/158981/0), network size: 0, avg network size: 0, si_in_serializable: 0 0 %, local: 0 %
I0911 20:02:15.641336 2824076 Coordinator.h:126] commit: 120668 abort: 158884 (0/158884/0), network size: 0, avg network size: 0, si_in_serializable: 0 0 %, local: 0 %
I0911 20:02:16.641427 2824076 Coordinator.h:126] commit: 120315 abort: 160261 (0/160261/0), network size: 0, avg network size: 0, si_in_serializable: 0 0 %, local: 0 %
I0911 20:02:17.641506 2824076 Coordinator.h:126] commit: 120784 abort: 159792 (0/159792/0), network size: 0, avg network size: 0, si_in_serializable: 0 0 %, local: 0 %
I0911 20:02:18.641582 2824076 Coordinator.h:126] commit: 121385 abort: 159191 (0/159191/0), network size: 0, avg network size: 0, si_in_serializable: 0 0 %, local: 0 %
I0911 20:02:19.641659 2824076 Coordinator.h:126] commit: 121053 abort: 159523 (0/159523/0), network size: 0, avg network size: 0, si_in_serializable: 0 0 %, local: 0 %
I0911 20:02:20.641739 2824076 Coordinator.h:126] commit: 121414 abort: 160186 (0/160186/0), network size: 0, avg network size: 0, si_in_serializable: 0 0 %, local: 0 %
I0911 20:02:21.641819 2824076 Coordinator.h:126] commit: 118376 abort: 156056 (0/156056/0), network size: 0, avg network size: 0, si_in_serializable: 0 0 %, local: 0 %
I0911 20:02:22.641897 2824076 Coordinator.h:126] commit: 118147 abort: 156285 (0/156285/0), network size: 0, avg network size: 0, si_in_serializable: 0 0 %, local: 0 %
I0911 20:02:23.641976 2824076 Coordinator.h:126] commit: 120349 abort: 158179 (0/158179/0), network size: 0, avg network size: 0, si_in_serializable: 0 0 %, local: 0 %
I0911 20:02:24.642059 2824076 Coordinator.h:126] commit: 118702 abort: 156754 (0/156754/0), network size: 0, avg network size: 0, si_in_serializable: 0 0 %, local: 0 %
I0911 20:02:25.642163 2824076 Coordinator.h:126] commit: 120735 abort: 158817 (0/158817/0), network size: 0, avg network size: 0, si_in_serializable: 0 0 %, local: 0 %
I0911 20:02:26.642256 2824076 Coordinator.h:126] commit: 120584 abort: 158968 (0/158968/0), network size: 0, avg network size: 0, si_in_serializable: 0 0 %, local: 0 %
I0911 20:02:27.642330 2824076 Coordinator.h:126] commit: 120363 abort: 159189 (0/159189/0), network size: 0, avg network size: 0, si_in_serializable: 0 0 %, local: 0 %
I0911 20:02:28.642405 2824076 Coordinator.h:126] commit: 121306 abort: 159270 (0/159270/0), network size: 0, avg network size: 0, si_in_serializable: 0 0 %, local: 0 %
I0911 20:02:28.642418 2824076 Coordinator.h:152] average commit: 120306 abort: 158734 (0/158734/0), network size: 0, avg network size: 0, si_in_serializable: 0 0 %, local: 0 %
I0911 20:02:28.645447 2824100 AriaExecutor.h:94] AriaExecutor 4 exits. 
I0911 20:02:28.645447 2824112 Manager.h:227] Manager(worker id = 16) on the coordinator node exits.
I0911 20:02:28.645464 2824107 AriaExecutor.h:94] AriaExecutor 11 exits. 
I0911 20:02:28.645452 2824096 AriaExecutor.h:94] AriaExecutor 0 exits. 
I0911 20:02:28.645452 2824106 AriaExecutor.h:94] AriaExecutor 10 exits. 
I0911 20:02:28.645462 2824101 AriaExecutor.h:94] AriaExecutor 5 exits. 
I0911 20:02:28.645452 2824098 AriaExecutor.h:94] AriaExecutor 2 exits. 
I0911 20:02:28.645457 2824102 AriaExecutor.h:94] AriaExecutor 6 exits. 
I0911 20:02:28.645454 2824104 AriaExecutor.h:94] AriaExecutor 8 exits. 
I0911 20:02:28.645462 2824097 AriaExecutor.h:94] AriaExecutor 1 exits. 
I0911 20:02:28.645462 2824099 AriaExecutor.h:94] AriaExecutor 3 exits. 
I0911 20:02:28.645463 2824103 AriaExecutor.h:94] AriaExecutor 7 exits. 
I0911 20:02:28.645462 2824111 AriaExecutor.h:94] AriaExecutor 15 exits. 
I0911 20:02:28.645449 2824110 AriaExecutor.h:94] AriaExecutor 14 exits. 
I0911 20:02:28.645450 2824108 AriaExecutor.h:94] AriaExecutor 12 exits. 
I0911 20:02:28.645462 2824105 AriaExecutor.h:94] AriaExecutor 9 exits. 
I0911 20:02:28.645466 2824109 AriaExecutor.h:94] AriaExecutor 13 exits. 
I0911 20:02:28.642428 2824076 AriaExecutor.h:641] Worker 0 latency: 2937 us (50%) 3316 us (75%) 3537 us (95%) 3640 us (99%).
I0911 20:02:28.652004 2824076 AriaExecutor.h:641] Worker 1 latency: 2935 us (50%) 3312 us (75%) 3535 us (95%) 3636 us (99%).
I0911 20:02:28.662138 2824076 AriaExecutor.h:641] Worker 2 latency: 2947 us (50%) 3319 us (75%) 3538 us (95%) 3640 us (99%).
I0911 20:02:28.671751 2824076 AriaExecutor.h:641] Worker 3 latency: 2936 us (50%) 3314 us (75%) 3536 us (95%) 3638 us (99%).
I0911 20:02:28.681954 2824076 AriaExecutor.h:641] Worker 4 latency: 2936 us (50%) 3313 us (75%) 3537 us (95%) 3637 us (99%).
I0911 20:02:28.691395 2824076 AriaExecutor.h:641] Worker 5 latency: 2927 us (50%) 3311 us (75%) 3536 us (95%) 3638 us (99%).
I0911 20:02:28.701429 2824076 AriaExecutor.h:641] Worker 6 latency: 2943 us (50%) 3315 us (75%) 3537 us (95%) 3638 us (99%).
I0911 20:02:28.710424 2824076 AriaExecutor.h:641] Worker 7 latency: 2932 us (50%) 3313 us (75%) 3535 us (95%) 3638 us (99%).
I0911 20:02:28.719620 2824076 AriaExecutor.h:641] Worker 8 latency: 2933 us (50%) 3311 us (75%) 3537 us (95%) 3638 us (99%).
I0911 20:02:28.728749 2824076 AriaExecutor.h:641] Worker 9 latency: 2931 us (50%) 3312 us (75%) 3535 us (95%) 3636 us (99%).
I0911 20:02:28.737934 2824076 AriaExecutor.h:641] Worker 10 latency: 2942 us (50%) 3315 us (75%) 3537 us (95%) 3640 us (99%).
I0911 20:02:28.747149 2824076 AriaExecutor.h:641] Worker 11 latency: 2935 us (50%) 3314 us (75%) 3536 us (95%) 3636 us (99%).
I0911 20:02:28.756232 2824076 AriaExecutor.h:641] Worker 12 latency: 2933 us (50%) 3312 us (75%) 3536 us (95%) 3636 us (99%).
I0911 20:02:28.765357 2824076 AriaExecutor.h:641] Worker 13 latency: 2923 us (50%) 3308 us (75%) 3535 us (95%) 3637 us (99%).
I0911 20:02:28.774453 2824076 AriaExecutor.h:641] Worker 14 latency: 2945 us (50%) 3317 us (75%) 3537 us (95%) 3640 us (99%).
I0911 20:02:28.783382 2824076 AriaExecutor.h:641] Worker 15 latency: 2934 us (50%) 3311 us (75%) 3535 us (95%) 3636 us (99%).
I0911 20:02:28.792578 2824076 Coordinator.h:177] total commit: 120306
I0911 20:02:29.792691 2824076 Coordinator.h:192] Coordinator exits.
