I0911 19:40:37.452050 2799984 Database.h:65] ycsb initialization finished in 147 milliseconds.
I0911 19:40:37.452163 2799984 Coordinator.h:30] Coordinator initializes 16 workers.
I0911 19:40:37.459959 2799984 Coordinator.h:77] Coordinator starts to run 17 workers.
I0911 19:40:37.460040 2800011 AriaExecutor.h:82] AriaExecutor 0 started. 
I0911 19:40:37.460052 2800012 AriaExecutor.h:82] AriaExecutor 1 started. 
I0911 19:40:37.460089 2800013 AriaExecutor.h:82] AriaExecutor 2 started. 
I0911 19:40:37.460153 2800014 AriaExecutor.h:82] AriaExecutor 3 started. 
I0911 19:40:37.460177 2800015 AriaExecutor.h:82] AriaExecutor 4 started. 
I0911 19:40:37.460232 2800016 AriaExecutor.h:82] AriaExecutor 5 started. 
I0911 19:40:37.460261 2800017 AriaExecutor.h:82] AriaExecutor 6 started. 
I0911 19:40:37.460314 2800018 AriaExecutor.h:82] AriaExecutor 7 started. 
I0911 19:40:37.460341 2800019 AriaExecutor.h:82] AriaExecutor 8 started. 
I0911 19:40:37.460395 2800020 AriaExecutor.h:82] AriaExecutor 9 started. 
I0911 19:40:37.460431 2800021 AriaExecutor.h:82] AriaExecutor 10 started. 
I0911 19:40:37.460469 2800022 AriaExecutor.h:82] AriaExecutor 11 started. 
I0911 19:40:37.460511 2800023 AriaExecutor.h:82] AriaExecutor 12 started. 
I0911 19:40:37.460561 2800024 AriaExecutor.h:82] AriaExecutor 13 started. 
I0911 19:40:37.460592 2800025 AriaExecutor.h:82] AriaExecutor 14 started. 
I0911 19:40:37.460637 2800026 AriaExecutor.h:82] AriaExecutor 15 started. 
I0911 19:40:37.460676 2800027 Manager.h:224] Manager(worker id = 16) on the coordinator node started.
I0911 19:40:38.460722 2799984 Coordinator.h:126] commit: 1098663 abort: 7257 (0/7257/0), network size: 0, avg network size: 0, si_in_serializable: 0 0 %, local: 0 %
I0911 19:40:39.460829 2799984 Coordinator.h:126] commit: 1085369 abort: 7239 (0/7239/0), network size: 0, avg network size: 0, si_in_serializable: 0 0 %, local: 0 %
I0911 19:40:40.460916 2799984 Coordinator.h:126] commit: 1057934 abort: 7026 (0/7026/0), network size: 0, avg network size: 0, si_in_serializable: 0 0 %, local: 0 %
I0911 19:40:41.461031 2799984 Coordinator.h:126] commit: 1066054 abort: 7098 (0/7098/0), network size: 0, avg network size: 0, si_in_serializable: 0 0 %, local: 0 %
I0911 19:40:42.461154 2799984 Coordinator.h:126] commit: 1102649 abort: 7367 (0/7367/0), network size: 0, avg network size: 0, si_in_serializable: 0 0 %, local: 0 %
I0911 19:40:43.461254 2799984 Coordinator.h:126] commit: 1110570 abort: 7638 (0/7638/0), network size: 0, avg network size: 0, si_in_serializable: 0 0 %, local: 0 %
I0911 19:40:44.461340 2799984 Coordinator.h:126] commit: 1110589 abort: 7619 (0/7619/0), network size: 0, avg network size: 0, si_in_serializable: 0 0 %, local: 0 %
I0911 19:40:45.461418 2799984 Coordinator.h:126] commit: 1089489 abort: 7215 (0/7215/0), network size: 0, avg network size: 0, si_in_serializable: 0 0 %, local: 0 %
I0911 19:40:46.461496 2799984 Coordinator.h:126] commit: 1108618 abort: 7542 (0/7542/0), network size: 0, avg network size: 0, si_in_serializable: 0 0 %, local: 0 %
I0911 19:40:47.461580 2799984 Coordinator.h:126] commit: 1090452 abort: 7276 (0/7276/0), network size: 0, avg network size: 0, si_in_serializable: 0 0 %, local: 0 %
I0911 19:40:48.461673 2799984 Coordinator.h:126] commit: 1109680 abort: 7504 (0/7504/0), network size: 0, avg network size: 0, si_in_serializable: 0 0 %, local: 0 %
I0911 19:40:49.461763 2799984 Coordinator.h:126] commit: 1079320 abort: 7144 (0/7144/0), network size: 0, avg network size: 0, si_in_serializable: 0 0 %, local: 0 %
I0911 19:40:50.461861 2799984 Coordinator.h:126] commit: 1107702 abort: 7434 (0/7434/0), network size: 0, avg network size: 0, si_in_serializable: 0 0 %, local: 0 %
I0911 19:40:51.461956 2799984 Coordinator.h:126] commit: 1096496 abort: 7376 (0/7376/0), network size: 0, avg network size: 0, si_in_serializable: 0 0 %, local: 0 %
I0911 19:40:52.462038 2799984 Coordinator.h:126] commit: 1109789 abort: 7395 (0/7395/0), network size: 0, avg network size: 0, si_in_serializable: 0 0 %, local: 0 %
I0911 19:40:53.462150 2799984 Coordinator.h:126] commit: 1077145 abort: 7271 (0/7271/0), network size: 0, avg network size: 0, si_in_serializable: 0 0 %, local: 0 %
I0911 19:40:54.462232 2799984 Coordinator.h:126] commit: 1111812 abort: 7420 (0/7420/0), network size: 0, avg network size: 0, si_in_serializable: 0 0 %, local: 0 %
I0911 19:40:55.462308 2799984 Coordinator.h:126] commit: 1112841 abort: 7415 (0/7415/0), network size: 0, avg network size: 0, si_in_serializable: 0 0 %, local: 0 %
I0911 19:40:56.462379 2799984 Coordinator.h:126] commit: 1111667 abort: 7565 (0/7565/0), network size: 0, avg network size: 0, si_in_serializable: 0 0 %, local: 0 %
I0911 19:40:57.462445 2799984 Coordinator.h:126] commit: 1112846 abort: 7410 (0/7410/0), network size: 0, avg network size: 0, si_in_serializable: 0 0 %, local: 0 %
I0911 19:40:58.462510 2799984 Coordinator.h:126] commit: 1111685 abort: 7547 (0/7547/0), network size: 0, avg network size: 0, si_in_serializable: 0 0 %, local: 0 %
I0911 19:40:59.462589 2799984 Coordinator.h:126] commit: 1110676 abort: 7532 (0/7532/0), network size: 0, avg network size: 0, si_in_serializable: 0 0 %, local: 0 %
I0911 19:41:00.462664 2799984 Coordinator.h:126] commit: 1112794 abort: 7462 (0/7462/0), network size: 0, avg network size: 0, si_in_serializable: 0 0 %, local: 0 %
I0911 19:41:01.462739 2799984 Coordinator.h:126] commit: 1113978 abort: 7302 (0/7302/0), network size: 0, avg network size: 0, si_in_serializable: 0 0 %, local: 0 %
I0911 19:41:02.462813 2799984 Coordinator.h:126] commit: 1111671 abort: 7561 (0/7561/0), network size: 0, avg network size: 0, si_in_serializable: 0 0 %, local: 0 %
I0911 19:41:02.462826 2799984 Coordinator.h:152] average commit: 1.10293e+06 abort: 7393.4 (0/7393.4/0), network size: 0, avg network size: 0, si_in_serializable: 0 0 %, local: 0 %
I0911 19:41:02.463642 2800021 AriaExecutor.h:94] AriaExecutor 10 exits. 
I0911 19:41:02.463654 2800027 Manager.h:227] Manager(worker id = 16) on the coordinator node exits.
I0911 19:41:02.463660 2800022 AriaExecutor.h:94] AriaExecutor 11 exits. 
I0911 19:41:02.463650 2800011 AriaExecutor.h:94] AriaExecutor 0 exits. 
I0911 19:41:02.463647 2800015 AriaExecutor.h:94] AriaExecutor 4 exits. 
I0911 19:41:02.463646 2800013 AriaExecutor.h:94] AriaExecutor 2 exits. 
I0911 19:41:02.463645 2800025 AriaExecutor.h:94] AriaExecutor 14 exits. 
I0911 19:41:02.463642 2800019 AriaExecutor.h:94] AriaExecutor 8 exits. 
I0911 19:41:02.463670 2800026 AriaExecutor.h:94] AriaExecutor 15 exits. 
I0911 19:41:02.463668 2800018 AriaExecutor.h:94] AriaExecutor 7 exits. 
I0911 19:41:02.463670 2800014 AriaExecutor.h:94] AriaExecutor 3 exits. 
I0911 19:41:02.463647 2800017 AriaExecutor.h:94] AriaExecutor 6 exits. 
I0911 19:41:02.463645 2800023 AriaExecutor.h:94] AriaExecutor 12 exits. 
I0911 19:41:02.463668 2800020 AriaExecutor.h:94] AriaExecutor 9 exits. 
I0911 19:41:02.463666 2800024 AriaExecutor.h:94] AriaExecutor 13 exits. 
I0911 19:41:02.463670 2800012 AriaExecutor.h:94] AriaExecutor 1 exits. 
I0911 19:41:02.463666 2800016 AriaExecutor.h:94] AriaExecutor 5 exits. 
I0911 19:41:02.462836 2799984 AriaExecutor.h:535] Worker 0 latency: 572 us (50%) 722 us (75%) 843 us (95%) 871 us (99%).
I0911 19:41:02.530961 2799984 AriaExecutor.h:535] Worker 1 latency: 569 us (50%) 720 us (75%) 842 us (95%) 870 us (99%).
I0911 19:41:02.605574 2799984 AriaExecutor.h:535] Worker 2 latency: 574 us (50%) 724 us (75%) 843 us (95%) 871 us (99%).
I0911 19:41:02.672185 2799984 AriaExecutor.h:535] Worker 3 latency: 570 us (50%) 721 us (75%) 842 us (95%) 871 us (99%).
I0911 19:41:02.746637 2799984 AriaExecutor.h:535] Worker 4 latency: 573 us (50%) 723 us (75%) 843 us (95%) 871 us (99%).
I0911 19:41:02.813316 2799984 AriaExecutor.h:535] Worker 5 latency: 568 us (50%) 719 us (75%) 842 us (95%) 870 us (99%).
I0911 19:41:02.877959 2799984 AriaExecutor.h:535] Worker 6 latency: 574 us (50%) 723 us (75%) 843 us (95%) 871 us (99%).
I0911 19:41:02.944155 2799984 AriaExecutor.h:535] Worker 7 latency: 569 us (50%) 720 us (75%) 842 us (95%) 870 us (99%).
I0911 19:41:03.018636 2799984 AriaExecutor.h:535] Worker 8 latency: 572 us (50%) 722 us (75%) 843 us (95%) 871 us (99%).
I0911 19:41:03.085245 2799984 AriaExecutor.h:535] Worker 9 latency: 567 us (50%) 718 us (75%) 841 us (95%) 870 us (99%).
I0911 19:41:03.149926 2799984 AriaExecutor.h:535] Worker 10 latency: 574 us (50%) 723 us (75%) 843 us (95%) 871 us (99%).
I0911 19:41:03.217175 2799984 AriaExecutor.h:535] Worker 11 latency: 569 us (50%) 719 us (75%) 842 us (95%) 870 us (99%).
I0911 19:41:03.283289 2799984 AriaExecutor.h:535] Worker 12 latency: 572 us (50%) 721 us (75%) 843 us (95%) 871 us (99%).
I0911 19:41:03.347900 2799984 AriaExecutor.h:535] Worker 13 latency: 567 us (50%) 718 us (75%) 841 us (95%) 870 us (99%).
I0911 19:41:03.413529 2799984 AriaExecutor.h:535] Worker 14 latency: 575 us (50%) 723 us (75%) 843 us (95%) 871 us (99%).
I0911 19:41:03.481240 2799984 AriaExecutor.h:535] Worker 15 latency: 568 us (50%) 719 us (75%) 842 us (95%) 870 us (99%).
I0911 19:41:03.555721 2799984 Coordinator.h:177] total commit: 1.10293e+06
I0911 19:41:04.555840 2799984 Coordinator.h:192] Coordinator exits.
