I0911 20:06:36.051363 2829144 Database.h:65] ycsb initialization finished in 147 milliseconds.
I0911 20:06:36.051476 2829144 Coordinator.h:30] Coordinator initializes 16 workers.
I0911 20:06:36.059006 2829144 Coordinator.h:77] Coordinator starts to run 17 workers.
I0911 20:06:36.059062 2829164 AriaExecutor.h:82] AriaExecutor 0 started. 
I0911 20:06:36.059100 2829165 AriaExecutor.h:82] AriaExecutor 1 started. 
I0911 20:06:36.059149 2829166 AriaExecutor.h:82] AriaExecutor 2 started. 
I0911 20:06:36.059194 2829167 AriaExecutor.h:82] AriaExecutor 3 started. 
I0911 20:06:36.059226 2829168 AriaExecutor.h:82] AriaExecutor 4 started. 
I0911 20:06:36.059295 2829169 AriaExecutor.h:82] AriaExecutor 5 started. 
I0911 20:06:36.059304 2829170 AriaExecutor.h:82] AriaExecutor 6 started. 
I0911 20:06:36.059361 2829171 AriaExecutor.h:82] AriaExecutor 7 started. 
I0911 20:06:36.059391 2829172 AriaExecutor.h:82] AriaExecutor 8 started. 
I0911 20:06:36.059434 2829173 AriaExecutor.h:82] AriaExecutor 9 started. 
I0911 20:06:36.059468 2829174 AriaExecutor.h:82] AriaExecutor 10 started. 
I0911 20:06:36.059520 2829175 AriaExecutor.h:82] AriaExecutor 11 started. 
I0911 20:06:36.059551 2829176 AriaExecutor.h:82] AriaExecutor 12 started. 
I0911 20:06:36.059593 2829177 AriaExecutor.h:82] AriaExecutor 13 started. 
I0911 20:06:36.059630 2829178 AriaExecutor.h:82] AriaExecutor 14 started. 
I0911 20:06:36.059674 2829179 AriaExecutor.h:82] AriaExecutor 15 started. 
I0911 20:06:36.059710 2829180 Manager.h:224] Manager(worker id = 16) on the coordinator node started.
I0911 20:06:37.059765 2829144 Coordinator.h:126] commit: 4806 abort: 215354 (0/215354/0), network size: 0, avg network size: 0, si_in_serializable: 0 0 %, local: 0 %
I0911 20:06:38.059885 2829144 Coordinator.h:126] commit: 4802 abort: 216382 (0/216382/0), network size: 0, avg network size: 0, si_in_serializable: 0 0 %, local: 0 %
I0911 20:06:39.059995 2829144 Coordinator.h:126] commit: 4618 abort: 211446 (0/211446/0), network size: 0, avg network size: 0, si_in_serializable: 0 0 %, local: 0 %
I0911 20:06:40.060106 2829144 Coordinator.h:126] commit: 4578 abort: 208414 (0/208414/0), network size: 0, avg network size: 0, si_in_serializable: 0 0 %, local: 0 %
I0911 20:06:41.060235 2829144 Coordinator.h:126] commit: 4949 abort: 223403 (0/223403/0), network size: 0, avg network size: 0, si_in_serializable: 0 0 %, local: 0 %
I0911 20:06:42.060329 2829144 Coordinator.h:126] commit: 4926 abort: 224450 (0/224450/0), network size: 0, avg network size: 0, si_in_serializable: 0 0 %, local: 0 %
I0911 20:06:43.060407 2829144 Coordinator.h:126] commit: 5007 abort: 225393 (0/225393/0), network size: 0, avg network size: 0, si_in_serializable: 0 0 %, local: 0 %
I0911 20:06:44.060499 2829144 Coordinator.h:126] commit: 4890 abort: 222438 (0/222438/0), network size: 0, avg network size: 0, si_in_serializable: 0 0 %, local: 0 %
I0911 20:06:45.060601 2829144 Coordinator.h:126] commit: 4933 abort: 224443 (0/224443/0), network size: 0, avg network size: 0, si_in_serializable: 0 0 %, local: 0 %
I0911 20:06:46.060691 2829144 Coordinator.h:126] commit: 4804 abort: 219452 (0/219452/0), network size: 0, avg network size: 0, si_in_serializable: 0 0 %, local: 0 %
I0911 20:06:47.060791 2829144 Coordinator.h:126] commit: 4971 abort: 224405 (0/224405/0), network size: 0, avg network size: 0, si_in_serializable: 0 0 %, local: 0 %
I0911 20:06:48.060875 2829144 Coordinator.h:126] commit: 4864 abort: 220416 (0/220416/0), network size: 0, avg network size: 0, si_in_serializable: 0 0 %, local: 0 %
I0911 20:06:49.060942 2829144 Coordinator.h:126] commit: 4975 abort: 225425 (0/225425/0), network size: 0, avg network size: 0, si_in_serializable: 0 0 %, local: 0 %
I0911 20:06:50.061065 2829144 Coordinator.h:126] commit: 4948 abort: 224428 (0/224428/0), network size: 0, avg network size: 0, si_in_serializable: 0 0 %, local: 0 %
I0911 20:06:51.061182 2829144 Coordinator.h:126] commit: 5082 abort: 225318 (0/225318/0), network size: 0, avg network size: 0, si_in_serializable: 0 0 %, local: 0 %
I0911 20:06:52.061270 2829144 Coordinator.h:126] commit: 5023 abort: 224353 (0/224353/0), network size: 0, avg network size: 0, si_in_serializable: 0 0 %, local: 0 %
I0911 20:06:53.061379 2829144 Coordinator.h:126] commit: 4978 abort: 225422 (0/225422/0), network size: 0, avg network size: 0, si_in_serializable: 0 0 %, local: 0 %
I0911 20:06:54.061478 2829144 Coordinator.h:126] commit: 4990 abort: 225410 (0/225410/0), network size: 0, avg network size: 0, si_in_serializable: 0 0 %, local: 0 %
I0911 20:06:55.061578 2829144 Coordinator.h:126] commit: 5027 abort: 225127 (0/225127/0), network size: 0, avg network size: 0, si_in_serializable: 0 0 %, local: 0 %
I0911 20:06:56.061666 2829144 Coordinator.h:126] commit: 5021 abort: 225625 (0/225625/0), network size: 0, avg network size: 0, si_in_serializable: 0 0 %, local: 0 %
I0911 20:06:57.061761 2829144 Coordinator.h:126] commit: 4979 abort: 223373 (0/223373/0), network size: 0, avg network size: 0, si_in_serializable: 0 0 %, local: 0 %
I0911 20:06:58.061856 2829144 Coordinator.h:126] commit: 4896 abort: 225504 (0/225504/0), network size: 0, avg network size: 0, si_in_serializable: 0 0 %, local: 0 %
I0911 20:06:59.061960 2829144 Coordinator.h:126] commit: 5049 abort: 224327 (0/224327/0), network size: 0, avg network size: 0, si_in_serializable: 0 0 %, local: 0 %
I0911 20:07:00.062068 2829144 Coordinator.h:126] commit: 5058 abort: 226366 (0/226366/0), network size: 0, avg network size: 0, si_in_serializable: 0 0 %, local: 0 %
I0911 20:07:01.062170 2829144 Coordinator.h:126] commit: 4886 abort: 219370 (0/219370/0), network size: 0, avg network size: 0, si_in_serializable: 0 0 %, local: 0 %
I0911 20:07:01.062187 2829144 Coordinator.h:152] average commit: 4987.9 abort: 224593 (0/224593/0), network size: 0, avg network size: 0, si_in_serializable: 0 0 %, local: 0 %
I0911 20:07:01.062197 2829144 AriaExecutor.h:641] Worker 0 latency: 4405 us (50%) 4452 us (75%) 4572 us (95%) 5032 us (99%).
I0911 20:07:01.064404 2829180 Manager.h:227] Manager(worker id = 16) on the coordinator node exits.
I0911 20:07:01.064417 2829179 AriaExecutor.h:94] AriaExecutor 15 exits. 
I0911 20:07:01.064407 2829170 AriaExecutor.h:94] AriaExecutor 6 exits. 
I0911 20:07:01.064407 2829174 AriaExecutor.h:94] AriaExecutor 10 exits. 
I0911 20:07:01.064407 2829166 AriaExecutor.h:94] AriaExecutor 2 exits. 
I0911 20:07:01.064404 2829176 AriaExecutor.h:94] AriaExecutor 12 exits. 
I0911 20:07:01.064409 2829168 AriaExecutor.h:94] AriaExecutor 4 exits. 
I0911 20:07:01.064409 2829164 AriaExecutor.h:94] AriaExecutor 0 exits. 
I0911 20:07:01.064404 2829178 AriaExecutor.h:94] AriaExecutor 14 exits. 
I0911 20:07:01.064417 2829175 AriaExecutor.h:94] AriaExecutor 11 exits. 
I0911 20:07:01.064419 2829173 AriaExecutor.h:94] AriaExecutor 9 exits. 
I0911 20:07:01.064409 2829172 AriaExecutor.h:94] AriaExecutor 8 exits. 
I0911 20:07:01.064417 2829177 AriaExecutor.h:94] AriaExecutor 13 exits. 
I0911 20:07:01.064417 2829171 AriaExecutor.h:94] AriaExecutor 7 exits. 
I0911 20:07:01.064417 2829165 AriaExecutor.h:94] AriaExecutor 1 exits. 
I0911 20:07:01.064417 2829167 AriaExecutor.h:94] AriaExecutor 3 exits. 
I0911 20:07:01.064417 2829169 AriaExecutor.h:94] AriaExecutor 5 exits. 
I0911 20:07:01.064709 2829144 AriaExecutor.h:641] Worker 1 latency: 4404 us (50%) 4450 us (75%) 4572 us (95%) 4920 us (99%).
I0911 20:07:01.065217 2829144 AriaExecutor.h:641] Worker 2 latency: 4404 us (50%) 4451 us (75%) 4571 us (95%) 4998 us (99%).
I0911 20:07:01.065665 2829144 AriaExecutor.h:641] Worker 3 latency: 4403 us (50%) 4450 us (75%) 4572 us (95%) 4960 us (99%).
I0911 20:07:01.066088 2829144 AriaExecutor.h:641] Worker 4 latency: 4404 us (50%) 4450 us (75%) 4570 us (95%) 4874 us (99%).
I0911 20:07:01.066510 2829144 AriaExecutor.h:641] Worker 5 latency: 4402 us (50%) 4449 us (75%) 4569 us (95%) 5103 us (99%).
I0911 20:07:01.066906 2829144 AriaExecutor.h:641] Worker 6 latency: 4402 us (50%) 4448 us (75%) 4570 us (95%) 5215 us (99%).
I0911 20:07:01.067281 2829144 AriaExecutor.h:641] Worker 7 latency: 4402 us (50%) 4449 us (75%) 4570 us (95%) 5212 us (99%).
I0911 20:07:01.067677 2829144 AriaExecutor.h:641] Worker 8 latency: 4401 us (50%) 4447 us (75%) 4564 us (95%) 4944 us (99%).
I0911 20:07:01.068018 2829144 AriaExecutor.h:641] Worker 9 latency: 4402 us (50%) 4449 us (75%) 4567 us (95%) 4997 us (99%).
I0911 20:07:01.068354 2829144 AriaExecutor.h:641] Worker 10 latency: 4401 us (50%) 4447 us (75%) 4565 us (95%) 5098 us (99%).
I0911 20:07:01.068679 2829144 AriaExecutor.h:641] Worker 11 latency: 4400 us (50%) 4448 us (75%) 4572 us (95%) 4876 us (99%).
I0911 20:07:01.068993 2829144 AriaExecutor.h:641] Worker 12 latency: 4400 us (50%) 4447 us (75%) 4568 us (95%) 5203 us (99%).
I0911 20:07:01.069275 2829144 AriaExecutor.h:641] Worker 13 latency: 4399 us (50%) 4445 us (75%) 4564 us (95%) 4834 us (99%).
I0911 20:07:01.069554 2829144 AriaExecutor.h:641] Worker 14 latency: 4400 us (50%) 4446 us (75%) 4566 us (95%) 4944 us (99%).
I0911 20:07:01.069799 2829144 AriaExecutor.h:641] Worker 15 latency: 4397 us (50%) 4444 us (75%) 4562 us (95%) 4959 us (99%).
I0911 20:07:01.070070 2829144 Coordinator.h:177] total commit: 4987.9
I0911 20:07:02.070179 2829144 Coordinator.h:192] Coordinator exits.
