I0911 19:42:26.993269 2801517 Database.h:65] ycsb initialization finished in 147 milliseconds.
I0911 19:42:26.993382 2801517 Coordinator.h:30] Coordinator initializes 16 workers.
I0911 19:42:27.001109 2801517 Coordinator.h:77] Coordinator starts to run 17 workers.
I0911 19:42:27.001173 2801537 AriaExecutor.h:82] AriaExecutor 0 started. 
I0911 19:42:27.001195 2801538 AriaExecutor.h:82] AriaExecutor 1 started. 
I0911 19:42:27.001240 2801539 AriaExecutor.h:82] AriaExecutor 2 started. 
I0911 19:42:27.001305 2801540 AriaExecutor.h:82] AriaExecutor 3 started. 
I0911 19:42:27.001323 2801541 AriaExecutor.h:82] AriaExecutor 4 started. 
I0911 19:42:27.001387 2801542 AriaExecutor.h:82] AriaExecutor 5 started. 
I0911 19:42:27.001411 2801543 AriaExecutor.h:82] AriaExecutor 6 started. 
I0911 19:42:27.001452 2801544 AriaExecutor.h:82] AriaExecutor 7 started. 
I0911 19:42:27.001487 2801545 AriaExecutor.h:82] AriaExecutor 8 started. 
I0911 19:42:27.001541 2801546 AriaExecutor.h:82] AriaExecutor 9 started. 
I0911 19:42:27.001574 2801547 AriaExecutor.h:82] AriaExecutor 10 started. 
I0911 19:42:27.001623 2801548 AriaExecutor.h:82] AriaExecutor 11 started. 
I0911 19:42:27.001662 2801549 AriaExecutor.h:82] AriaExecutor 12 started. 
I0911 19:42:27.001708 2801550 AriaExecutor.h:82] AriaExecutor 13 started. 
I0911 19:42:27.001739 2801551 AriaExecutor.h:82] AriaExecutor 14 started. 
I0911 19:42:27.001786 2801552 AriaExecutor.h:82] AriaExecutor 15 started. 
I0911 19:42:27.001829 2801553 Manager.h:224] Manager(worker id = 16) on the coordinator node started.
I0911 19:42:28.001878 2801517 Coordinator.h:126] commit: 1105066 abort: 14166 (0/14166/0), network size: 0, avg network size: 0, si_in_serializable: 0 0 %, local: 0 %
I0911 19:42:29.001991 2801517 Coordinator.h:126] commit: 1095858 abort: 14158 (0/14158/0), network size: 0, avg network size: 0, si_in_serializable: 0 0 %, local: 0 %
I0911 19:42:30.002069 2801517 Coordinator.h:126] commit: 1063408 abort: 13840 (0/13840/0), network size: 0, avg network size: 0, si_in_serializable: 0 0 %, local: 0 %
I0911 19:42:31.002141 2801517 Coordinator.h:126] commit: 1071447 abort: 13993 (0/13993/0), network size: 0, avg network size: 0, si_in_serializable: 0 0 %, local: 0 %
I0911 19:42:32.002244 2801517 Coordinator.h:126] commit: 1108124 abort: 14180 (0/14180/0), network size: 0, avg network size: 0, si_in_serializable: 0 0 %, local: 0 %
I0911 19:42:33.002354 2801517 Coordinator.h:126] commit: 1115691 abort: 14717 (0/14717/0), network size: 0, avg network size: 0, si_in_serializable: 0 0 %, local: 0 %
I0911 19:42:34.002451 2801517 Coordinator.h:126] commit: 1114096 abort: 14440 (0/14440/0), network size: 0, avg network size: 0, si_in_serializable: 0 0 %, local: 0 %
I0911 19:42:35.002554 2801517 Coordinator.h:126] commit: 1079723 abort: 13909 (0/13909/0), network size: 0, avg network size: 0, si_in_serializable: 0 0 %, local: 0 %
I0911 19:42:36.002652 2801517 Coordinator.h:126] commit: 1117166 abort: 14354 (0/14354/0), network size: 0, avg network size: 0, si_in_serializable: 0 0 %, local: 0 %
I0911 19:42:37.002750 2801517 Coordinator.h:126] commit: 1094715 abort: 14277 (0/14277/0), network size: 0, avg network size: 0, si_in_serializable: 0 0 %, local: 0 %
I0911 19:42:38.002851 2801517 Coordinator.h:126] commit: 1084794 abort: 13958 (0/13958/0), network size: 0, avg network size: 0, si_in_serializable: 0 0 %, local: 0 %
I0911 19:42:39.002948 2801517 Coordinator.h:126] commit: 1099758 abort: 14354 (0/14354/0), network size: 0, avg network size: 0, si_in_serializable: 0 0 %, local: 0 %
I0911 19:42:40.003057 2801517 Coordinator.h:126] commit: 1115983 abort: 14513 (0/14513/0), network size: 0, avg network size: 0, si_in_serializable: 0 0 %, local: 0 %
I0911 19:42:41.003154 2801517 Coordinator.h:126] commit: 1117085 abort: 14435 (0/14435/0), network size: 0, avg network size: 0, si_in_serializable: 0 0 %, local: 0 %
I0911 19:42:42.003242 2801517 Coordinator.h:126] commit: 1116206 abort: 14290 (0/14290/0), network size: 0, avg network size: 0, si_in_serializable: 0 0 %, local: 0 %
I0911 19:42:43.003351 2801517 Coordinator.h:126] commit: 1066488 abort: 13832 (0/13832/0), network size: 0, avg network size: 0, si_in_serializable: 0 0 %, local: 0 %
I0911 19:42:44.003448 2801517 Coordinator.h:126] commit: 1116776 abort: 14744 (0/14744/0), network size: 0, avg network size: 0, si_in_serializable: 0 0 %, local: 0 %
I0911 19:42:45.003537 2801517 Coordinator.h:126] commit: 1116022 abort: 14474 (0/14474/0), network size: 0, avg network size: 0, si_in_serializable: 0 0 %, local: 0 %
I0911 19:42:46.003628 2801517 Coordinator.h:126] commit: 1117175 abort: 14345 (0/14345/0), network size: 0, avg network size: 0, si_in_serializable: 0 0 %, local: 0 %
I0911 19:42:47.003732 2801517 Coordinator.h:126] commit: 1113238 abort: 14186 (0/14186/0), network size: 0, avg network size: 0, si_in_serializable: 0 0 %, local: 0 %
I0911 19:42:48.003834 2801517 Coordinator.h:126] commit: 1115032 abort: 14440 (0/14440/0), network size: 0, avg network size: 0, si_in_serializable: 0 0 %, local: 0 %
I0911 19:42:49.003935 2801517 Coordinator.h:126] commit: 1116124 abort: 14372 (0/14372/0), network size: 0, avg network size: 0, si_in_serializable: 0 0 %, local: 0 %
I0911 19:42:50.004024 2801517 Coordinator.h:126] commit: 1117009 abort: 14511 (0/14511/0), network size: 0, avg network size: 0, si_in_serializable: 0 0 %, local: 0 %
I0911 19:42:51.004108 2801517 Coordinator.h:126] commit: 1116036 abort: 14460 (0/14460/0), network size: 0, avg network size: 0, si_in_serializable: 0 0 %, local: 0 %
I0911 19:42:52.004199 2801517 Coordinator.h:126] commit: 1116826 abort: 14694 (0/14694/0), network size: 0, avg network size: 0, si_in_serializable: 0 0 %, local: 0 %
I0911 19:42:52.004235 2801517 Coordinator.h:152] average commit: 1.10635e+06 abort: 14313.1 (0/14313.1/0), network size: 0, avg network size: 0, si_in_serializable: 0 0 %, local: 0 %
I0911 19:42:52.004742 2801551 AriaExecutor.h:94] AriaExecutor 14 exits. 
I0911 19:42:52.004746 2801537 AriaExecutor.h:94] AriaExecutor 0 exits. 
I0911 19:42:52.004755 2801545 AriaExecutor.h:94] AriaExecutor 8 exits. 
I0911 19:42:52.004756 2801550 AriaExecutor.h:94] AriaExecutor 13 exits. 
I0911 19:42:52.004750 2801548 AriaExecutor.h:94] AriaExecutor 11 exits. 
I0911 19:42:52.004760 2801538 AriaExecutor.h:94] AriaExecutor 1 exits. 
I0911 19:42:52.004770 2801544 AriaExecutor.h:94] AriaExecutor 7 exits. 
I0911 19:42:52.004760 2801541 AriaExecutor.h:94] AriaExecutor 4 exits. 
I0911 19:42:52.004747 2801547 AriaExecutor.h:94] AriaExecutor 10 exits. 
I0911 19:42:52.004747 2801543 AriaExecutor.h:94] AriaExecutor 6 exits. 
I0911 19:42:52.004750 2801553 Manager.h:227] Manager(worker id = 16) on the coordinator node exits.
I0911 19:42:52.004756 2801542 AriaExecutor.h:94] AriaExecutor 5 exits. 
I0911 19:42:52.004786 2801552 AriaExecutor.h:94] AriaExecutor 15 exits. 
I0911 19:42:52.004794 2801546 AriaExecutor.h:94] AriaExecutor 9 exits. 
I0911 19:42:52.004743 2801539 AriaExecutor.h:94] AriaExecutor 2 exits. 
I0911 19:42:52.004763 2801540 AriaExecutor.h:94] AriaExecutor 3 exits. 
I0911 19:42:52.004745 2801549 AriaExecutor.h:94] AriaExecutor 12 exits. 
I0911 19:42:52.004244 2801517 AriaExecutor.h:535] Worker 0 latency: 568 us (50%) 716 us (75%) 835 us (95%) 863 us (99%).
I0911 19:42:52.070991 2801517 AriaExecutor.h:535] Worker 1 latency: 567 us (50%) 715 us (75%) 834 us (95%) 862 us (99%).
I0911 19:42:52.146127 2801517 AriaExecutor.h:535] Worker 2 latency: 571 us (50%) 718 us (75%) 836 us (95%) 863 us (99%).
I0911 19:42:52.212965 2801517 AriaExecutor.h:535] Worker 3 latency: 566 us (50%) 715 us (75%) 834 us (95%) 862 us (99%).
I0911 19:42:52.289330 2801517 AriaExecutor.h:535] Worker 4 latency: 569 us (50%) 717 us (75%) 835 us (95%) 863 us (99%).
I0911 19:42:52.357280 2801517 AriaExecutor.h:535] Worker 5 latency: 566 us (50%) 714 us (75%) 834 us (95%) 862 us (99%).
I0911 19:42:52.432338 2801517 AriaExecutor.h:535] Worker 6 latency: 571 us (50%) 718 us (75%) 836 us (95%) 863 us (99%).
I0911 19:42:52.499866 2801517 AriaExecutor.h:535] Worker 7 latency: 567 us (50%) 715 us (75%) 835 us (95%) 862 us (99%).
I0911 19:42:52.574707 2801517 AriaExecutor.h:535] Worker 8 latency: 567 us (50%) 715 us (75%) 835 us (95%) 862 us (99%).
I0911 19:42:52.642445 2801517 AriaExecutor.h:535] Worker 9 latency: 565 us (50%) 713 us (75%) 834 us (95%) 862 us (99%).
I0911 19:42:52.715860 2801517 AriaExecutor.h:535] Worker 10 latency: 570 us (50%) 717 us (75%) 835 us (95%) 863 us (99%).
I0911 19:42:52.783310 2801517 AriaExecutor.h:535] Worker 11 latency: 566 us (50%) 714 us (75%) 834 us (95%) 862 us (99%).
I0911 19:42:52.857863 2801517 AriaExecutor.h:535] Worker 12 latency: 569 us (50%) 716 us (75%) 835 us (95%) 863 us (99%).
I0911 19:42:52.926581 2801517 AriaExecutor.h:535] Worker 13 latency: 565 us (50%) 713 us (75%) 834 us (95%) 862 us (99%).
I0911 19:42:53.000813 2801517 AriaExecutor.h:535] Worker 14 latency: 570 us (50%) 717 us (75%) 835 us (95%) 862 us (99%).
I0911 19:42:53.067862 2801517 AriaExecutor.h:535] Worker 15 latency: 566 us (50%) 714 us (75%) 834 us (95%) 862 us (99%).
I0911 19:42:53.141144 2801517 Coordinator.h:177] total commit: 1.10635e+06
I0911 19:42:54.141261 2801517 Coordinator.h:192] Coordinator exits.
