I0911 19:50:37.100322 2810924 Database.h:65] ycsb initialization finished in 149 milliseconds.
I0911 19:50:37.100430 2810924 Coordinator.h:30] Coordinator initializes 16 workers.
I0911 19:50:37.108148 2810924 Coordinator.h:77] Coordinator starts to run 17 workers.
I0911 19:50:37.108191 2810944 AriaExecutor.h:82] AriaExecutor 0 started. 
I0911 19:50:37.108227 2810945 AriaExecutor.h:82] AriaExecutor 1 started. 
I0911 19:50:37.108268 2810946 AriaExecutor.h:82] AriaExecutor 2 started. 
I0911 19:50:37.108332 2810947 AriaExecutor.h:82] AriaExecutor 3 started. 
I0911 19:50:37.108350 2810948 AriaExecutor.h:82] AriaExecutor 4 started. 
I0911 19:50:37.108413 2810949 AriaExecutor.h:82] AriaExecutor 5 started. 
I0911 19:50:37.108420 2810950 AriaExecutor.h:82] AriaExecutor 6 started. 
I0911 19:50:37.108476 2810951 AriaExecutor.h:82] AriaExecutor 7 started. 
I0911 19:50:37.108496 2810952 AriaExecutor.h:82] AriaExecutor 8 started. 
I0911 19:50:37.108551 2810953 AriaExecutor.h:82] AriaExecutor 9 started. 
I0911 19:50:37.108577 2810954 AriaExecutor.h:82] AriaExecutor 10 started. 
I0911 19:50:37.108625 2810955 AriaExecutor.h:82] AriaExecutor 11 started. 
I0911 19:50:37.108667 2810956 AriaExecutor.h:82] AriaExecutor 12 started. 
I0911 19:50:37.108716 2810957 AriaExecutor.h:82] AriaExecutor 13 started. 
I0911 19:50:37.108749 2810958 AriaExecutor.h:82] AriaExecutor 14 started. 
I0911 19:50:37.108799 2810959 AriaExecutor.h:82] AriaExecutor 15 started. 
I0911 19:50:37.108824 2810960 Manager.h:224] Manager(worker id = 16) on the coordinator node started.
I0911 19:50:38.108877 2810924 Coordinator.h:126] commit: 1726451 abort: 1037 (0/1037/0), network size: 0, avg network size: 0, si_in_serializable: 0 0 %, local: 0 %
I0911 19:50:39.108984 2810924 Coordinator.h:126] commit: 1704925 abort: 1059 (0/1059/0), network size: 0, avg network size: 0, si_in_serializable: 0 0 %, local: 0 %
I0911 19:50:40.109064 2810924 Coordinator.h:126] commit: 1646523 abort: 1093 (0/1093/0), network size: 0, avg network size: 0, si_in_serializable: 0 0 %, local: 0 %
I0911 19:50:41.109148 2810924 Coordinator.h:126] commit: 1680357 abort: 1051 (0/1051/0), network size: 0, avg network size: 0, si_in_serializable: 0 0 %, local: 0 %
I0911 19:50:42.109257 2810924 Coordinator.h:126] commit: 1719254 abort: 1066 (0/1066/0), network size: 0, avg network size: 0, si_in_serializable: 0 0 %, local: 0 %
I0911 19:50:43.109354 2810924 Coordinator.h:126] commit: 1733524 abort: 1132 (0/1132/0), network size: 0, avg network size: 0, si_in_serializable: 0 0 %, local: 0 %
I0911 19:50:44.109447 2810924 Coordinator.h:126] commit: 1750966 abort: 1098 (0/1098/0), network size: 0, avg network size: 0, si_in_serializable: 0 0 %, local: 0 %
I0911 19:50:45.109555 2810924 Coordinator.h:126] commit: 1742732 abort: 1140 (0/1140/0), network size: 0, avg network size: 0, si_in_serializable: 0 0 %, local: 0 %
I0911 19:50:46.109649 2810924 Coordinator.h:126] commit: 1748859 abort: 1157 (0/1157/0), network size: 0, avg network size: 0, si_in_serializable: 0 0 %, local: 0 %
I0911 19:50:47.109738 2810924 Coordinator.h:126] commit: 1659821 abort: 1107 (0/1107/0), network size: 0, avg network size: 0, si_in_serializable: 0 0 %, local: 0 %
I0911 19:50:48.109836 2810924 Coordinator.h:126] commit: 1755006 abort: 1154 (0/1154/0), network size: 0, avg network size: 0, si_in_serializable: 0 0 %, local: 0 %
I0911 19:50:49.109925 2810924 Coordinator.h:126] commit: 1698781 abort: 1059 (0/1059/0), network size: 0, avg network size: 0, si_in_serializable: 0 0 %, local: 0 %
I0911 19:50:50.110028 2810924 Coordinator.h:126] commit: 1746790 abort: 1178 (0/1178/0), network size: 0, avg network size: 0, si_in_serializable: 0 0 %, local: 0 %
I0911 19:50:51.110119 2810924 Coordinator.h:126] commit: 1685397 abort: 1131 (0/1131/0), network size: 0, avg network size: 0, si_in_serializable: 0 0 %, local: 0 %
I0911 19:50:52.110204 2810924 Coordinator.h:126] commit: 1743785 abort: 1111 (0/1111/0), network size: 0, avg network size: 0, si_in_serializable: 0 0 %, local: 0 %
I0911 19:50:53.110307 2810924 Coordinator.h:126] commit: 1715138 abort: 1086 (0/1086/0), network size: 0, avg network size: 0, si_in_serializable: 0 0 %, local: 0 %
I0911 19:50:54.110388 2810924 Coordinator.h:126] commit: 1739671 abort: 1129 (0/1129/0), network size: 0, avg network size: 0, si_in_serializable: 0 0 %, local: 0 %
I0911 19:50:55.110464 2810924 Coordinator.h:126] commit: 1737579 abort: 1173 (0/1173/0), network size: 0, avg network size: 0, si_in_serializable: 0 0 %, local: 0 %
I0911 19:50:56.110548 2810924 Coordinator.h:126] commit: 1729425 abort: 1135 (0/1135/0), network size: 0, avg network size: 0, si_in_serializable: 0 0 %, local: 0 %
I0911 19:50:57.110651 2810924 Coordinator.h:126] commit: 1632212 abort: 1068 (0/1068/0), network size: 0, avg network size: 0, si_in_serializable: 0 0 %, local: 0 %
I0911 19:50:58.110736 2810924 Coordinator.h:126] commit: 1738693 abort: 1083 (0/1083/0), network size: 0, avg network size: 0, si_in_serializable: 0 0 %, local: 0 %
I0911 19:50:59.110823 2810924 Coordinator.h:126] commit: 1746814 abort: 1154 (0/1154/0), network size: 0, avg network size: 0, si_in_serializable: 0 0 %, local: 0 %
I0911 19:51:00.110925 2810924 Coordinator.h:126] commit: 1730421 abort: 1163 (0/1163/0), network size: 0, avg network size: 0, si_in_serializable: 0 0 %, local: 0 %
I0911 19:51:01.111007 2810924 Coordinator.h:126] commit: 1741750 abort: 1098 (0/1098/0), network size: 0, avg network size: 0, si_in_serializable: 0 0 %, local: 0 %
I0911 19:51:02.111084 2810924 Coordinator.h:126] commit: 1738707 abort: 1069 (0/1069/0), network size: 0, avg network size: 0, si_in_serializable: 0 0 %, local: 0 %
I0911 19:51:02.111097 2810924 Coordinator.h:152] average commit: 1.71838e+06 abort: 1122.4 (0/1122.4/0), network size: 0, avg network size: 0, si_in_serializable: 0 0 %, local: 0 %
I0911 19:51:02.111238 2810956 AriaExecutor.h:94] AriaExecutor 12 exits. 
I0911 19:51:02.111238 2810950 AriaExecutor.h:94] AriaExecutor 6 exits. 
I0911 19:51:02.111253 2810955 AriaExecutor.h:94] AriaExecutor 11 exits. 
I0911 19:51:02.111243 2810948 AriaExecutor.h:94] AriaExecutor 4 exits. 
I0911 19:51:02.111238 2810958 AriaExecutor.h:94] AriaExecutor 14 exits. 
I0911 19:51:02.111239 2810944 AriaExecutor.h:94] AriaExecutor 0 exits. 
I0911 19:51:02.111254 2810959 AriaExecutor.h:94] AriaExecutor 15 exits. 
I0911 19:51:02.111259 2810949 AriaExecutor.h:94] AriaExecutor 5 exits. 
I0911 19:51:02.111254 2810957 AriaExecutor.h:94] AriaExecutor 13 exits. 
I0911 19:51:02.111254 2810953 AriaExecutor.h:94] AriaExecutor 9 exits. 
I0911 19:51:02.111243 2810960 Manager.h:227] Manager(worker id = 16) on the coordinator node exits.
I0911 19:51:02.111258 2810951 AriaExecutor.h:94] AriaExecutor 7 exits. 
I0911 19:51:02.111239 2810946 AriaExecutor.h:94] AriaExecutor 2 exits. 
I0911 19:51:02.111254 2810945 AriaExecutor.h:94] AriaExecutor 1 exits. 
I0911 19:51:02.111260 2810947 AriaExecutor.h:94] AriaExecutor 3 exits. 
I0911 19:51:02.111238 2810954 AriaExecutor.h:94] AriaExecutor 10 exits. 
I0911 19:51:02.111240 2810952 AriaExecutor.h:94] AriaExecutor 8 exits. 
I0911 19:51:02.111107 2810924 AriaExecutor.h:641] Worker 0 latency: 354 us (50%) 457 us (75%) 540 us (95%) 583 us (99%).
I0911 19:51:02.209594 2810924 AriaExecutor.h:641] Worker 1 latency: 351 us (50%) 454 us (75%) 538 us (95%) 581 us (99%).
I0911 19:51:02.310211 2810924 AriaExecutor.h:641] Worker 2 latency: 355 us (50%) 457 us (75%) 540 us (95%) 583 us (99%).
I0911 19:51:02.407253 2810924 AriaExecutor.h:641] Worker 3 latency: 351 us (50%) 455 us (75%) 538 us (95%) 581 us (99%).
I0911 19:51:02.521852 2810924 AriaExecutor.h:641] Worker 4 latency: 354 us (50%) 457 us (75%) 540 us (95%) 583 us (99%).
I0911 19:51:02.624392 2810924 AriaExecutor.h:641] Worker 5 latency: 350 us (50%) 454 us (75%) 538 us (95%) 581 us (99%).
I0911 19:51:02.724570 2810924 AriaExecutor.h:641] Worker 6 latency: 355 us (50%) 457 us (75%) 540 us (95%) 583 us (99%).
I0911 19:51:02.827265 2810924 AriaExecutor.h:641] Worker 7 latency: 351 us (50%) 454 us (75%) 538 us (95%) 581 us (99%).
I0911 19:51:02.928135 2810924 AriaExecutor.h:641] Worker 8 latency: 353 us (50%) 456 us (75%) 540 us (95%) 583 us (99%).
I0911 19:51:03.031296 2810924 AriaExecutor.h:641] Worker 9 latency: 349 us (50%) 453 us (75%) 538 us (95%) 581 us (99%).
I0911 19:51:03.131521 2810924 AriaExecutor.h:641] Worker 10 latency: 355 us (50%) 457 us (75%) 540 us (95%) 583 us (99%).
I0911 19:51:03.231783 2810924 AriaExecutor.h:641] Worker 11 latency: 351 us (50%) 454 us (75%) 538 us (95%) 581 us (99%).
I0911 19:51:03.332834 2810924 AriaExecutor.h:641] Worker 12 latency: 355 us (50%) 457 us (75%) 540 us (95%) 583 us (99%).
I0911 19:51:03.431413 2810924 AriaExecutor.h:641] Worker 13 latency: 350 us (50%) 454 us (75%) 538 us (95%) 581 us (99%).
I0911 19:51:03.530959 2810924 AriaExecutor.h:641] Worker 14 latency: 356 us (50%) 457 us (75%) 540 us (95%) 583 us (99%).
I0911 19:51:03.629122 2810924 AriaExecutor.h:641] Worker 15 latency: 351 us (50%) 454 us (75%) 538 us (95%) 581 us (99%).
I0911 19:51:03.732625 2810924 Coordinator.h:177] total commit: 1.71838e+06
I0911 19:51:04.732743 2810924 Coordinator.h:192] Coordinator exits.
