I0911 20:01:35.576749 2823638 Database.h:65] ycsb initialization finished in 149 milliseconds.
I0911 20:01:35.576872 2823638 Coordinator.h:30] Coordinator initializes 16 workers.
I0911 20:01:35.584815 2823638 Coordinator.h:77] Coordinator starts to run 17 workers.
I0911 20:01:35.584878 2823658 AriaExecutor.h:82] AriaExecutor 0 started. 
I0911 20:01:35.584919 2823659 AriaExecutor.h:82] AriaExecutor 1 started. 
I0911 20:01:35.584978 2823660 AriaExecutor.h:82] AriaExecutor 2 started. 
I0911 20:01:35.585037 2823661 AriaExecutor.h:82] AriaExecutor 3 started. 
I0911 20:01:35.585071 2823662 AriaExecutor.h:82] AriaExecutor 4 started. 
I0911 20:01:35.585117 2823663 AriaExecutor.h:82] AriaExecutor 5 started. 
I0911 20:01:35.585152 2823664 AriaExecutor.h:82] AriaExecutor 6 started. 
I0911 20:01:35.585194 2823665 AriaExecutor.h:82] AriaExecutor 7 started. 
I0911 20:01:35.585230 2823666 AriaExecutor.h:82] AriaExecutor 8 started. 
I0911 20:01:35.585278 2823667 AriaExecutor.h:82] AriaExecutor 9 started. 
I0911 20:01:35.585328 2823668 AriaExecutor.h:82] AriaExecutor 10 started. 
I0911 20:01:35.585371 2823669 AriaExecutor.h:82] AriaExecutor 11 started. 
I0911 20:01:35.585410 2823670 AriaExecutor.h:82] AriaExecutor 12 started. 
I0911 20:01:35.585458 2823671 AriaExecutor.h:82] AriaExecutor 13 started. 
I0911 20:01:35.585503 2823672 AriaExecutor.h:82] AriaExecutor 14 started. 
I0911 20:01:35.585543 2823673 AriaExecutor.h:82] AriaExecutor 15 started. 
I0911 20:01:35.585587 2823674 Manager.h:224] Manager(worker id = 16) on the coordinator node started.
I0911 20:01:36.585640 2823638 Coordinator.h:126] commit: 1298360 abort: 8264 (0/8264/0), network size: 0, avg network size: 0, si_in_serializable: 0 0 %, local: 0 %
I0911 20:01:37.585762 2823638 Coordinator.h:126] commit: 1259503 abort: 8209 (0/8209/0), network size: 0, avg network size: 0, si_in_serializable: 0 0 %, local: 0 %
I0911 20:01:38.585844 2823638 Coordinator.h:126] commit: 1246213 abort: 8187 (0/8187/0), network size: 0, avg network size: 0, si_in_serializable: 0 0 %, local: 0 %
I0911 20:01:39.585919 2823638 Coordinator.h:126] commit: 1231002 abort: 8038 (0/8038/0), network size: 0, avg network size: 0, si_in_serializable: 0 0 %, local: 0 %
I0911 20:01:40.586020 2823638 Coordinator.h:126] commit: 1299303 abort: 8345 (0/8345/0), network size: 0, avg network size: 0, si_in_serializable: 0 0 %, local: 0 %
I0911 20:01:41.586112 2823638 Coordinator.h:126] commit: 1268779 abort: 8149 (0/8149/0), network size: 0, avg network size: 0, si_in_serializable: 0 0 %, local: 0 %
I0911 20:01:42.586190 2823638 Coordinator.h:126] commit: 1241367 abort: 7913 (0/7913/0), network size: 0, avg network size: 0, si_in_serializable: 0 0 %, local: 0 %
I0911 20:01:43.586287 2823638 Coordinator.h:126] commit: 1300184 abort: 8488 (0/8488/0), network size: 0, avg network size: 0, si_in_serializable: 0 0 %, local: 0 %
I0911 20:01:44.586365 2823638 Coordinator.h:126] commit: 1286876 abort: 8484 (0/8484/0), network size: 0, avg network size: 0, si_in_serializable: 0 0 %, local: 0 %
I0911 20:01:45.586441 2823638 Coordinator.h:126] commit: 1307216 abort: 8624 (0/8624/0), network size: 0, avg network size: 0, si_in_serializable: 0 0 %, local: 0 %
I0911 20:01:46.586526 2823638 Coordinator.h:126] commit: 1266616 abort: 8264 (0/8264/0), network size: 0, avg network size: 0, si_in_serializable: 0 0 %, local: 0 %
I0911 20:01:47.586608 2823638 Coordinator.h:126] commit: 1267732 abort: 8172 (0/8172/0), network size: 0, avg network size: 0, si_in_serializable: 0 0 %, local: 0 %
I0911 20:01:48.586709 2823638 Coordinator.h:126] commit: 1297131 abort: 8469 (0/8469/0), network size: 0, avg network size: 0, si_in_serializable: 0 0 %, local: 0 %
I0911 20:01:49.586800 2823638 Coordinator.h:126] commit: 1246250 abort: 8150 (0/8150/0), network size: 0, avg network size: 0, si_in_serializable: 0 0 %, local: 0 %
I0911 20:01:50.586880 2823638 Coordinator.h:126] commit: 1301242 abort: 8454 (0/8454/0), network size: 0, avg network size: 0, si_in_serializable: 0 0 %, local: 0 %
I0911 20:01:51.586968 2823638 Coordinator.h:126] commit: 1300226 abort: 8446 (0/8446/0), network size: 0, avg network size: 0, si_in_serializable: 0 0 %, local: 0 %
I0911 20:01:52.587071 2823638 Coordinator.h:126] commit: 1304238 abort: 8530 (0/8530/0), network size: 0, avg network size: 0, si_in_serializable: 0 0 %, local: 0 %
I0911 20:01:53.587172 2823638 Coordinator.h:126] commit: 1300973 abort: 8438 (0/8438/0), network size: 0, avg network size: 0, si_in_serializable: 0 0 %, local: 0 %
I0911 20:01:54.587260 2823638 Coordinator.h:126] commit: 1300643 abort: 8499 (0/8499/0), network size: 0, avg network size: 0, si_in_serializable: 0 0 %, local: 0 %
I0911 20:01:55.587343 2823638 Coordinator.h:126] commit: 1270520 abort: 8271 (0/8271/0), network size: 0, avg network size: 0, si_in_serializable: 0 0 %, local: 0 %
I0911 20:01:56.587428 2823638 Coordinator.h:126] commit: 1268704 abort: 8224 (0/8224/0), network size: 0, avg network size: 0, si_in_serializable: 0 0 %, local: 0 %
I0911 20:01:57.587548 2823638 Coordinator.h:126] commit: 1301116 abort: 8580 (0/8580/0), network size: 0, avg network size: 0, si_in_serializable: 0 0 %, local: 0 %
I0911 20:01:58.587631 2823638 Coordinator.h:126] commit: 1301287 abort: 8409 (0/8409/0), network size: 0, avg network size: 0, si_in_serializable: 0 0 %, local: 0 %
I0911 20:01:59.587716 2823638 Coordinator.h:126] commit: 1307468 abort: 8372 (0/8372/0), network size: 0, avg network size: 0, si_in_serializable: 0 0 %, local: 0 %
I0911 20:02:00.587800 2823638 Coordinator.h:126] commit: 1298164 abort: 8460 (0/8460/0), network size: 0, avg network size: 0, si_in_serializable: 0 0 %, local: 0 %
I0911 20:02:00.587817 2823638 Coordinator.h:152] average commit: 1.28556e+06 abort: 8369.3 (0/8369.3/0), network size: 0, avg network size: 0, si_in_serializable: 0 0 %, local: 0 %
I0911 20:02:00.588315 2823666 AriaExecutor.h:94] AriaExecutor 8 exits. 
I0911 20:02:00.588322 2823664 AriaExecutor.h:94] AriaExecutor 6 exits. 
I0911 20:02:00.588317 2823658 AriaExecutor.h:94] AriaExecutor 0 exits. 
I0911 20:02:00.588318 2823662 AriaExecutor.h:94] AriaExecutor 4 exits. 
I0911 20:02:00.588330 2823660 AriaExecutor.h:94] AriaExecutor 2 exits. 
I0911 20:02:00.588341 2823659 AriaExecutor.h:94] AriaExecutor 1 exits. 
I0911 20:02:00.588339 2823665 AriaExecutor.h:94] AriaExecutor 7 exits. 
I0911 20:02:00.588339 2823661 AriaExecutor.h:94] AriaExecutor 3 exits. 
I0911 20:02:00.588337 2823669 AriaExecutor.h:94] AriaExecutor 11 exits. 
I0911 20:02:00.588337 2823663 AriaExecutor.h:94] AriaExecutor 5 exits. 
I0911 20:02:00.588335 2823674 Manager.h:227] Manager(worker id = 16) on the coordinator node exits.
I0911 20:02:00.588320 2823672 AriaExecutor.h:94] AriaExecutor 14 exits. 
I0911 20:02:00.588320 2823668 AriaExecutor.h:94] AriaExecutor 10 exits. 
I0911 20:02:00.588320 2823670 AriaExecutor.h:94] AriaExecutor 12 exits. 
I0911 20:02:00.588337 2823667 AriaExecutor.h:94] AriaExecutor 9 exits. 
I0911 20:02:00.588339 2823673 AriaExecutor.h:94] AriaExecutor 15 exits. 
I0911 20:02:00.588343 2823671 AriaExecutor.h:94] AriaExecutor 13 exits. 
I0911 20:02:00.587827 2823638 AriaExecutor.h:641] Worker 0 latency: 453 us (50%) 604 us (75%) 725 us (95%) 791 us (99%).
I0911 20:02:00.668486 2823638 AriaExecutor.h:641] Worker 1 latency: 451 us (50%) 602 us (75%) 725 us (95%) 784 us (99%).
I0911 20:02:00.757028 2823638 AriaExecutor.h:641] Worker 2 latency: 455 us (50%) 605 us (75%) 725 us (95%) 790 us (99%).
I0911 20:02:00.835937 2823638 AriaExecutor.h:641] Worker 3 latency: 454 us (50%) 604 us (75%) 725 us (95%) 787 us (99%).
I0911 20:02:00.921850 2823638 AriaExecutor.h:641] Worker 4 latency: 454 us (50%) 604 us (75%) 725 us (95%) 791 us (99%).
I0911 20:02:01.001210 2823638 AriaExecutor.h:641] Worker 5 latency: 452 us (50%) 602 us (75%) 724 us (95%) 785 us (99%).
I0911 20:02:01.086573 2823638 AriaExecutor.h:641] Worker 6 latency: 455 us (50%) 604 us (75%) 725 us (95%) 791 us (99%).
I0911 20:02:01.166249 2823638 AriaExecutor.h:641] Worker 7 latency: 453 us (50%) 603 us (75%) 725 us (95%) 780 us (99%).
I0911 20:02:01.254827 2823638 AriaExecutor.h:641] Worker 8 latency: 453 us (50%) 603 us (75%) 725 us (95%) 790 us (99%).
I0911 20:02:01.335093 2823638 AriaExecutor.h:641] Worker 9 latency: 451 us (50%) 602 us (75%) 725 us (95%) 786 us (99%).
I0911 20:02:01.422238 2823638 AriaExecutor.h:641] Worker 10 latency: 454 us (50%) 604 us (75%) 725 us (95%) 792 us (99%).
I0911 20:02:01.502871 2823638 AriaExecutor.h:641] Worker 11 latency: 452 us (50%) 603 us (75%) 725 us (95%) 787 us (99%).
I0911 20:02:01.588487 2823638 AriaExecutor.h:641] Worker 12 latency: 454 us (50%) 604 us (75%) 725 us (95%) 790 us (99%).
I0911 20:02:01.668162 2823638 AriaExecutor.h:641] Worker 13 latency: 451 us (50%) 602 us (75%) 724 us (95%) 786 us (99%).
I0911 20:02:01.753871 2823638 AriaExecutor.h:641] Worker 14 latency: 453 us (50%) 603 us (75%) 724 us (95%) 771 us (99%).
I0911 20:02:01.832731 2823638 AriaExecutor.h:641] Worker 15 latency: 452 us (50%) 603 us (75%) 725 us (95%) 787 us (99%).
I0911 20:02:01.918157 2823638 Coordinator.h:177] total commit: 1.28556e+06
I0911 20:02:02.918274 2823638 Coordinator.h:192] Coordinator exits.
