I0911 20:02:58.185235 2824929 Database.h:65] ycsb initialization finished in 147 milliseconds.
I0911 20:02:58.185349 2824929 Coordinator.h:30] Coordinator initializes 16 workers.
I0911 20:02:58.192960 2824929 Coordinator.h:77] Coordinator starts to run 17 workers.
I0911 20:02:58.193058 2824950 AriaExecutor.h:82] AriaExecutor 0 started. 
I0911 20:02:58.193095 2824951 AriaExecutor.h:82] AriaExecutor 1 started. 
I0911 20:02:58.193151 2824952 AriaExecutor.h:82] AriaExecutor 2 started. 
I0911 20:02:58.193187 2824953 AriaExecutor.h:82] AriaExecutor 3 started. 
I0911 20:02:58.193223 2824954 AriaExecutor.h:82] AriaExecutor 4 started. 
I0911 20:02:58.193260 2824955 AriaExecutor.h:82] AriaExecutor 5 started. 
I0911 20:02:58.193286 2824956 AriaExecutor.h:82] AriaExecutor 6 started. 
I0911 20:02:58.193331 2824957 AriaExecutor.h:82] AriaExecutor 7 started. 
I0911 20:02:58.193351 2824958 AriaExecutor.h:82] AriaExecutor 8 started. 
I0911 20:02:58.193389 2824959 AriaExecutor.h:82] AriaExecutor 9 started. 
I0911 20:02:58.193418 2824960 AriaExecutor.h:82] AriaExecutor 10 started. 
I0911 20:02:58.193452 2824961 AriaExecutor.h:82] AriaExecutor 11 started. 
I0911 20:02:58.193496 2824962 AriaExecutor.h:82] AriaExecutor 12 started. 
I0911 20:02:58.193532 2824963 AriaExecutor.h:82] AriaExecutor 13 started. 
I0911 20:02:58.193583 2824964 AriaExecutor.h:82] AriaExecutor 14 started. 
I0911 20:02:58.193598 2824965 AriaExecutor.h:82] AriaExecutor 15 started. 
I0911 20:02:58.193651 2824966 Manager.h:224] Manager(worker id = 16) on the coordinator node started.
I0911 20:02:59.193692 2824929 Coordinator.h:126] commit: 33570 abort: 166110 (0/166110/0), network size: 0, avg network size: 0, si_in_serializable: 0 0 %, local: 0 %
I0911 20:03:00.193840 2824929 Coordinator.h:126] commit: 33770 abort: 167958 (0/167958/0), network size: 0, avg network size: 0, si_in_serializable: 0 0 %, local: 0 %
I0911 20:03:01.193945 2824929 Coordinator.h:126] commit: 32476 abort: 161060 (0/161060/0), network size: 0, avg network size: 0, si_in_serializable: 0 0 %, local: 0 %
I0911 20:03:02.194093 2824929 Coordinator.h:126] commit: 33218 abort: 165438 (0/165438/0), network size: 0, avg network size: 0, si_in_serializable: 0 0 %, local: 0 %
I0911 20:03:03.194317 2824929 Coordinator.h:126] commit: 34637 abort: 172211 (0/172211/0), network size: 0, avg network size: 0, si_in_serializable: 0 0 %, local: 0 %
I0911 20:03:04.194474 2824929 Coordinator.h:126] commit: 34828 abort: 173044 (0/173044/0), network size: 0, avg network size: 0, si_in_serializable: 0 0 %, local: 0 %
I0911 20:03:05.194602 2824929 Coordinator.h:126] commit: 34323 abort: 170477 (0/170477/0), network size: 0, avg network size: 0, si_in_serializable: 0 0 %, local: 0 %
I0911 20:03:06.194736 2824929 Coordinator.h:126] commit: 34671 abort: 172177 (0/172177/0), network size: 0, avg network size: 0, si_in_serializable: 0 0 %, local: 0 %
I0911 20:03:07.194875 2824929 Coordinator.h:126] commit: 34912 abort: 172960 (0/172960/0), network size: 0, avg network size: 0, si_in_serializable: 0 0 %, local: 0 %
I0911 20:03:08.194998 2824929 Coordinator.h:126] commit: 33499 abort: 168229 (0/168229/0), network size: 0, avg network size: 0, si_in_serializable: 0 0 %, local: 0 %
I0911 20:03:09.195132 2824929 Coordinator.h:126] commit: 35033 abort: 173863 (0/173863/0), network size: 0, avg network size: 0, si_in_serializable: 0 0 %, local: 0 %
I0911 20:03:10.195258 2824929 Coordinator.h:126] commit: 34051 abort: 169725 (0/169725/0), network size: 0, avg network size: 0, si_in_serializable: 0 0 %, local: 0 %
I0911 20:03:11.195362 2824929 Coordinator.h:126] commit: 34944 abort: 173952 (0/173952/0), network size: 0, avg network size: 0, si_in_serializable: 0 0 %, local: 0 %
I0911 20:03:12.195508 2824929 Coordinator.h:126] commit: 35080 abort: 173816 (0/173816/0), network size: 0, avg network size: 0, si_in_serializable: 0 0 %, local: 0 %
I0911 20:03:13.195681 2824929 Coordinator.h:126] commit: 34734 abort: 174162 (0/174162/0), network size: 0, avg network size: 0, si_in_serializable: 0 0 %, local: 0 %
I0911 20:03:14.195817 2824929 Coordinator.h:126] commit: 35066 abort: 174854 (0/174854/0), network size: 0, avg network size: 0, si_in_serializable: 0 0 %, local: 0 %
I0911 20:03:15.195948 2824929 Coordinator.h:126] commit: 34033 abort: 170767 (0/170767/0), network size: 0, avg network size: 0, si_in_serializable: 0 0 %, local: 0 %
I0911 20:03:16.196079 2824929 Coordinator.h:126] commit: 35241 abort: 174679 (0/174679/0), network size: 0, avg network size: 0, si_in_serializable: 0 0 %, local: 0 %
I0911 20:03:17.196188 2824929 Coordinator.h:126] commit: 35045 abort: 172827 (0/172827/0), network size: 0, avg network size: 0, si_in_serializable: 0 0 %, local: 0 %
I0911 20:03:18.196305 2824929 Coordinator.h:126] commit: 33978 abort: 168774 (0/168774/0), network size: 0, avg network size: 0, si_in_serializable: 0 0 %, local: 0 %
I0911 20:03:19.196422 2824929 Coordinator.h:126] commit: 34499 abort: 171325 (0/171325/0), network size: 0, avg network size: 0, si_in_serializable: 0 0 %, local: 0 %
I0911 20:03:20.196542 2824929 Coordinator.h:126] commit: 35059 abort: 173837 (0/173837/0), network size: 0, avg network size: 0, si_in_serializable: 0 0 %, local: 0 %
I0911 20:03:21.196648 2824929 Coordinator.h:126] commit: 35220 abort: 174700 (0/174700/0), network size: 0, avg network size: 0, si_in_serializable: 0 0 %, local: 0 %
I0911 20:03:22.196743 2824929 Coordinator.h:126] commit: 34802 abort: 174094 (0/174094/0), network size: 0, avg network size: 0, si_in_serializable: 0 0 %, local: 0 %
I0911 20:03:23.196849 2824929 Coordinator.h:126] commit: 35129 abort: 174791 (0/174791/0), network size: 0, avg network size: 0, si_in_serializable: 0 0 %, local: 0 %
I0911 20:03:23.196897 2824929 Coordinator.h:152] average commit: 34720.5 abort: 172742 (0/172742/0), network size: 0, avg network size: 0, si_in_serializable: 0 0 %, local: 0 %
I0911 20:03:23.196906 2824929 AriaExecutor.h:641] Worker 0 latency: 4552 us (50%) 4716 us (75%) 4872 us (95%) 5459 us (99%).
I0911 20:03:23.200372 2824965 AriaExecutor.h:94] AriaExecutor 15 exits. 
I0911 20:03:23.200374 2824950 AriaExecutor.h:94] AriaExecutor 0 exits. 
I0911 20:03:23.200376 2824953 AriaExecutor.h:94] AriaExecutor 3 exits. 
I0911 20:03:23.200376 2824957 AriaExecutor.h:94] AriaExecutor 7 exits. 
I0911 20:03:23.200377 2824961 AriaExecutor.h:94] AriaExecutor 11 exits. 
I0911 20:03:23.200372 2824959 AriaExecutor.h:94] AriaExecutor 9 exits. 
I0911 20:03:23.200381 2824952 AriaExecutor.h:94] AriaExecutor 2 exits. 
I0911 20:03:23.200382 2824954 AriaExecutor.h:94] AriaExecutor 4 exits. 
I0911 20:03:23.200388 2824956 AriaExecutor.h:94] AriaExecutor 6 exits. 
I0911 20:03:23.200377 2824955 AriaExecutor.h:94] AriaExecutor 5 exits. 
I0911 20:03:23.200389 2824962 AriaExecutor.h:94] AriaExecutor 12 exits. 
I0911 20:03:23.200376 2824963 AriaExecutor.h:94] AriaExecutor 13 exits. 
I0911 20:03:23.200387 2824958 AriaExecutor.h:94] AriaExecutor 8 exits. 
I0911 20:03:23.200387 2824951 AriaExecutor.h:94] AriaExecutor 1 exits. 
I0911 20:03:23.200388 2824966 Manager.h:227] Manager(worker id = 16) on the coordinator node exits.
I0911 20:03:23.200380 2824960 AriaExecutor.h:94] AriaExecutor 10 exits. 
I0911 20:03:23.200389 2824964 AriaExecutor.h:94] AriaExecutor 14 exits. 
I0911 20:03:23.200798 2824929 AriaExecutor.h:641] Worker 1 latency: 4545 us (50%) 4713 us (75%) 4871 us (95%) 5438 us (99%).
I0911 20:03:23.203730 2824929 AriaExecutor.h:641] Worker 2 latency: 4550 us (50%) 4716 us (75%) 4874 us (95%) 5407 us (99%).
I0911 20:03:23.206848 2824929 AriaExecutor.h:641] Worker 3 latency: 4542 us (50%) 4713 us (75%) 4870 us (95%) 5453 us (99%).
I0911 20:03:23.209755 2824929 AriaExecutor.h:641] Worker 4 latency: 4543 us (50%) 4714 us (75%) 4869 us (95%) 5391 us (99%).
I0911 20:03:23.212858 2824929 AriaExecutor.h:641] Worker 5 latency: 4539 us (50%) 4711 us (75%) 4868 us (95%) 5401 us (99%).
I0911 20:03:23.215720 2824929 AriaExecutor.h:641] Worker 6 latency: 4544 us (50%) 4714 us (75%) 4869 us (95%) 5407 us (99%).
I0911 20:03:23.218792 2824929 AriaExecutor.h:641] Worker 7 latency: 4543 us (50%) 4713 us (75%) 4868 us (95%) 5398 us (99%).
I0911 20:03:23.221606 2824929 AriaExecutor.h:641] Worker 8 latency: 4534 us (50%) 4710 us (75%) 4868 us (95%) 5425 us (99%).
I0911 20:03:23.224658 2824929 AriaExecutor.h:641] Worker 9 latency: 4536 us (50%) 4710 us (75%) 4867 us (95%) 5377 us (99%).
I0911 20:03:23.227463 2824929 AriaExecutor.h:641] Worker 10 latency: 4536 us (50%) 4711 us (75%) 4868 us (95%) 5475 us (99%).
I0911 20:03:23.230517 2824929 AriaExecutor.h:641] Worker 11 latency: 4536 us (50%) 4710 us (75%) 4868 us (95%) 5413 us (99%).
I0911 20:03:23.233301 2824929 AriaExecutor.h:641] Worker 12 latency: 4541 us (50%) 4711 us (75%) 4868 us (95%) 5405 us (99%).
I0911 20:03:23.236255 2824929 AriaExecutor.h:641] Worker 13 latency: 4533 us (50%) 4709 us (75%) 4867 us (95%) 5368 us (99%).
I0911 20:03:23.238970 2824929 AriaExecutor.h:641] Worker 14 latency: 4537 us (50%) 4710 us (75%) 4867 us (95%) 5381 us (99%).
I0911 20:03:23.241909 2824929 AriaExecutor.h:641] Worker 15 latency: 4534 us (50%) 4708 us (75%) 4865 us (95%) 5366 us (99%).
I0911 20:03:23.244621 2824929 Coordinator.h:177] total commit: 34720.5
I0911 20:03:24.244756 2824929 Coordinator.h:192] Coordinator exits.
