I0911 20:05:14.034765 2827587 Database.h:65] ycsb initialization finished in 147 milliseconds.
I0911 20:05:14.034893 2827587 Coordinator.h:30] Coordinator initializes 16 workers.
I0911 20:05:14.042532 2827587 Coordinator.h:77] Coordinator starts to run 17 workers.
I0911 20:05:14.042584 2827613 AriaExecutor.h:82] AriaExecutor 0 started. 
I0911 20:05:14.042625 2827614 AriaExecutor.h:82] AriaExecutor 1 started. 
I0911 20:05:14.042673 2827615 AriaExecutor.h:82] AriaExecutor 2 started. 
I0911 20:05:14.042728 2827616 AriaExecutor.h:82] AriaExecutor 3 started. 
I0911 20:05:14.042749 2827617 AriaExecutor.h:82] AriaExecutor 4 started. 
I0911 20:05:14.042805 2827618 AriaExecutor.h:82] AriaExecutor 5 started. 
I0911 20:05:14.042829 2827619 AriaExecutor.h:82] AriaExecutor 6 started. 
I0911 20:05:14.042877 2827620 AriaExecutor.h:82] AriaExecutor 7 started. 
I0911 20:05:14.042907 2827621 AriaExecutor.h:82] AriaExecutor 8 started. 
I0911 20:05:14.042960 2827622 AriaExecutor.h:82] AriaExecutor 9 started. 
I0911 20:05:14.042994 2827623 AriaExecutor.h:82] AriaExecutor 10 started. 
I0911 20:05:14.043043 2827624 AriaExecutor.h:82] AriaExecutor 11 started. 
I0911 20:05:14.043076 2827625 AriaExecutor.h:82] AriaExecutor 12 started. 
I0911 20:05:14.043125 2827626 AriaExecutor.h:82] AriaExecutor 13 started. 
I0911 20:05:14.043159 2827627 AriaExecutor.h:82] AriaExecutor 14 started. 
I0911 20:05:14.043206 2827628 AriaExecutor.h:82] AriaExecutor 15 started. 
I0911 20:05:14.043246 2827629 Manager.h:224] Manager(worker id = 16) on the coordinator node started.
I0911 20:05:15.043303 2827587 Coordinator.h:126] commit: 1172373 abort: 113771 (0/113771/0), network size: 0, avg network size: 0, si_in_serializable: 0 0 %, local: 0 %
I0911 20:05:16.043403 2827587 Coordinator.h:126] commit: 1161705 abort: 114199 (0/114199/0), network size: 0, avg network size: 0, si_in_serializable: 0 0 %, local: 0 %
I0911 20:05:17.043483 2827587 Coordinator.h:126] commit: 1127225 abort: 109767 (0/109767/0), network size: 0, avg network size: 0, si_in_serializable: 0 0 %, local: 0 %
I0911 20:05:18.043561 2827587 Coordinator.h:126] commit: 1126626 abort: 110366 (0/110366/0), network size: 0, avg network size: 0, si_in_serializable: 0 0 %, local: 0 %
I0911 20:05:19.043660 2827587 Coordinator.h:126] commit: 1173770 abort: 114422 (0/114422/0), network size: 0, avg network size: 0, si_in_serializable: 0 0 %, local: 0 %
I0911 20:05:20.043746 2827587 Coordinator.h:126] commit: 1184883 abort: 115597 (0/115597/0), network size: 0, avg network size: 0, si_in_serializable: 0 0 %, local: 0 %
I0911 20:05:21.043830 2827587 Coordinator.h:126] commit: 1182698 abort: 115734 (0/115734/0), network size: 0, avg network size: 0, si_in_serializable: 0 0 %, local: 0 %
I0911 20:05:22.043907 2827587 Coordinator.h:126] commit: 1124538 abort: 109382 (0/109382/0), network size: 0, avg network size: 0, si_in_serializable: 0 0 %, local: 0 %
I0911 20:05:23.043987 2827587 Coordinator.h:126] commit: 1179649 abort: 114687 (0/114687/0), network size: 0, avg network size: 0, si_in_serializable: 0 0 %, local: 0 %
I0911 20:05:24.044076 2827587 Coordinator.h:126] commit: 1164129 abort: 113823 (0/113823/0), network size: 0, avg network size: 0, si_in_serializable: 0 0 %, local: 0 %
I0911 20:05:25.044157 2827587 Coordinator.h:126] commit: 1150458 abort: 112134 (0/112134/0), network size: 0, avg network size: 0, si_in_serializable: 0 0 %, local: 0 %
I0911 20:05:26.044250 2827587 Coordinator.h:126] commit: 1169354 abort: 114742 (0/114742/0), network size: 0, avg network size: 0, si_in_serializable: 0 0 %, local: 0 %
I0911 20:05:27.044351 2827587 Coordinator.h:126] commit: 1183104 abort: 115328 (0/115328/0), network size: 0, avg network size: 0, si_in_serializable: 0 0 %, local: 0 %
I0911 20:05:28.044440 2827587 Coordinator.h:126] commit: 1185259 abort: 115221 (0/115221/0), network size: 0, avg network size: 0, si_in_serializable: 0 0 %, local: 0 %
I0911 20:05:29.044517 2827587 Coordinator.h:126] commit: 1054910 abort: 103234 (0/103234/0), network size: 0, avg network size: 0, si_in_serializable: 0 0 %, local: 0 %
I0911 20:05:30.044612 2827587 Coordinator.h:126] commit: 1181344 abort: 115040 (0/115040/0), network size: 0, avg network size: 0, si_in_serializable: 0 0 %, local: 0 %
I0911 20:05:31.044689 2827587 Coordinator.h:126] commit: 1183575 abort: 115881 (0/115881/0), network size: 0, avg network size: 0, si_in_serializable: 0 0 %, local: 0 %
I0911 20:05:32.044771 2827587 Coordinator.h:126] commit: 1183754 abort: 115702 (0/115702/0), network size: 0, avg network size: 0, si_in_serializable: 0 0 %, local: 0 %
I0911 20:05:33.044854 2827587 Coordinator.h:126] commit: 1159413 abort: 113419 (0/113419/0), network size: 0, avg network size: 0, si_in_serializable: 0 0 %, local: 0 %
I0911 20:05:34.044961 2827587 Coordinator.h:126] commit: 1179199 abort: 115137 (0/115137/0), network size: 0, avg network size: 0, si_in_serializable: 0 0 %, local: 0 %
I0911 20:05:35.045075 2827587 Coordinator.h:126] commit: 1155276 abort: 112436 (0/112436/0), network size: 0, avg network size: 0, si_in_serializable: 0 0 %, local: 0 %
I0911 20:05:36.045181 2827587 Coordinator.h:126] commit: 1155425 abort: 113311 (0/113311/0), network size: 0, avg network size: 0, si_in_serializable: 0 0 %, local: 0 %
I0911 20:05:37.045264 2827587 Coordinator.h:126] commit: 1182891 abort: 115541 (0/115541/0), network size: 0, avg network size: 0, si_in_serializable: 0 0 %, local: 0 %
I0911 20:05:38.045389 2827587 Coordinator.h:126] commit: 1174311 abort: 114905 (0/114905/0), network size: 0, avg network size: 0, si_in_serializable: 0 0 %, local: 0 %
I0911 20:05:39.045491 2827587 Coordinator.h:126] commit: 1183286 abort: 115146 (0/115146/0), network size: 0, avg network size: 0, si_in_serializable: 0 0 %, local: 0 %
I0911 20:05:39.045524 2827587 Coordinator.h:152] average commit: 1.16304e+06 abort: 113584 (0/113584/0), network size: 0, avg network size: 0, si_in_serializable: 0 0 %, local: 0 %
I0911 20:05:39.046157 2827621 AriaExecutor.h:94] AriaExecutor 8 exits. 
I0911 20:05:39.046164 2827617 AriaExecutor.h:94] AriaExecutor 4 exits. 
I0911 20:05:39.046160 2827619 AriaExecutor.h:94] AriaExecutor 6 exits. 
I0911 20:05:39.046161 2827625 AriaExecutor.h:94] AriaExecutor 12 exits. 
I0911 20:05:39.046160 2827613 AriaExecutor.h:94] AriaExecutor 0 exits. 
I0911 20:05:39.046157 2827629 Manager.h:227] Manager(worker id = 16) on the coordinator node exits.
I0911 20:05:39.046175 2827616 AriaExecutor.h:94] AriaExecutor 3 exits. 
I0911 20:05:39.046178 2827620 AriaExecutor.h:94] AriaExecutor 7 exits. 
I0911 20:05:39.046180 2827626 AriaExecutor.h:94] AriaExecutor 13 exits. 
I0911 20:05:39.046180 2827622 AriaExecutor.h:94] AriaExecutor 9 exits. 
I0911 20:05:39.046178 2827624 AriaExecutor.h:94] AriaExecutor 11 exits. 
I0911 20:05:39.046180 2827623 AriaExecutor.h:94] AriaExecutor 10 exits. 
I0911 20:05:39.046164 2827627 AriaExecutor.h:94] AriaExecutor 14 exits. 
I0911 20:05:39.046162 2827615 AriaExecutor.h:94] AriaExecutor 2 exits. 
I0911 20:05:39.046185 2827628 AriaExecutor.h:94] AriaExecutor 15 exits. 
I0911 20:05:39.046175 2827614 AriaExecutor.h:94] AriaExecutor 1 exits. 
I0911 20:05:39.046176 2827618 AriaExecutor.h:94] AriaExecutor 5 exits. 
I0911 20:05:39.045533 2827587 AriaExecutor.h:641] Worker 0 latency: 470 us (50%) 618 us (75%) 733 us (95%) 766 us (99%).
I0911 20:05:39.116390 2827587 AriaExecutor.h:641] Worker 1 latency: 471 us (50%) 618 us (75%) 733 us (95%) 765 us (99%).
I0911 20:05:39.188020 2827587 AriaExecutor.h:641] Worker 2 latency: 474 us (50%) 620 us (75%) 733 us (95%) 766 us (99%).
I0911 20:05:39.257962 2827587 AriaExecutor.h:641] Worker 3 latency: 471 us (50%) 618 us (75%) 733 us (95%) 765 us (99%).
I0911 20:05:39.330986 2827587 AriaExecutor.h:641] Worker 4 latency: 472 us (50%) 619 us (75%) 733 us (95%) 766 us (99%).
I0911 20:05:39.401988 2827587 AriaExecutor.h:641] Worker 5 latency: 470 us (50%) 618 us (75%) 733 us (95%) 765 us (99%).
I0911 20:05:39.473416 2827587 AriaExecutor.h:641] Worker 6 latency: 473 us (50%) 620 us (75%) 733 us (95%) 766 us (99%).
I0911 20:05:39.544945 2827587 AriaExecutor.h:641] Worker 7 latency: 470 us (50%) 618 us (75%) 732 us (95%) 764 us (99%).
I0911 20:05:39.615801 2827587 AriaExecutor.h:641] Worker 8 latency: 470 us (50%) 618 us (75%) 733 us (95%) 766 us (99%).
I0911 20:05:39.685834 2827587 AriaExecutor.h:641] Worker 9 latency: 469 us (50%) 617 us (75%) 732 us (95%) 764 us (99%).
I0911 20:05:39.757189 2827587 AriaExecutor.h:641] Worker 10 latency: 472 us (50%) 619 us (75%) 733 us (95%) 766 us (99%).
I0911 20:05:39.829118 2827587 AriaExecutor.h:641] Worker 11 latency: 470 us (50%) 617 us (75%) 732 us (95%) 765 us (99%).
I0911 20:05:39.899590 2827587 AriaExecutor.h:641] Worker 12 latency: 471 us (50%) 619 us (75%) 733 us (95%) 766 us (99%).
I0911 20:05:39.970014 2827587 AriaExecutor.h:641] Worker 13 latency: 469 us (50%) 617 us (75%) 732 us (95%) 764 us (99%).
I0911 20:05:40.040743 2827587 AriaExecutor.h:641] Worker 14 latency: 473 us (50%) 619 us (75%) 733 us (95%) 766 us (99%).
I0911 20:05:40.110992 2827587 AriaExecutor.h:641] Worker 15 latency: 470 us (50%) 618 us (75%) 732 us (95%) 765 us (99%).
I0911 20:05:40.183632 2827587 Coordinator.h:177] total commit: 1.16304e+06
I0911 20:05:41.183763 2827587 Coordinator.h:192] Coordinator exits.
