I0911 20:08:24.372550 2830760 Database.h:65] ycsb initialization finished in 198 milliseconds.
I0911 20:08:24.372684 2830760 Coordinator.h:30] Coordinator initializes 16 workers.
I0911 20:08:24.380366 2830760 Coordinator.h:77] Coordinator starts to run 17 workers.
I0911 20:08:24.380422 2830781 AriaExecutor.h:82] AriaExecutor 0 started. 
I0911 20:08:24.380457 2830782 AriaExecutor.h:82] AriaExecutor 1 started. 
I0911 20:08:24.380508 2830783 AriaExecutor.h:82] AriaExecutor 2 started. 
I0911 20:08:24.380568 2830784 AriaExecutor.h:82] AriaExecutor 3 started. 
I0911 20:08:24.380589 2830785 AriaExecutor.h:82] AriaExecutor 4 started. 
I0911 20:08:24.380650 2830786 AriaExecutor.h:82] AriaExecutor 5 started. 
I0911 20:08:24.380663 2830787 AriaExecutor.h:82] AriaExecutor 6 started. 
I0911 20:08:24.380717 2830788 AriaExecutor.h:82] AriaExecutor 7 started. 
I0911 20:08:24.380748 2830789 AriaExecutor.h:82] AriaExecutor 8 started. 
I0911 20:08:24.380788 2830790 AriaExecutor.h:82] AriaExecutor 9 started. 
I0911 20:08:24.380828 2830791 AriaExecutor.h:82] AriaExecutor 10 started. 
I0911 20:08:24.380867 2830792 AriaExecutor.h:82] AriaExecutor 11 started. 
I0911 20:08:24.380904 2830793 AriaExecutor.h:82] AriaExecutor 12 started. 
I0911 20:08:24.380980 2830794 AriaExecutor.h:82] AriaExecutor 13 started. 
I0911 20:08:24.381026 2830795 AriaExecutor.h:82] AriaExecutor 14 started. 
I0911 20:08:24.381072 2830796 AriaExecutor.h:82] AriaExecutor 15 started. 
I0911 20:08:24.381106 2830797 Manager.h:224] Manager(worker id = 16) on the coordinator node started.
I0911 20:08:25.381152 2830760 Coordinator.h:126] commit: 3754 abort: 229718 (0/229718/0), network size: 0, avg network size: 0, si_in_serializable: 0 0 %, local: 0 %
I0911 20:08:26.381266 2830760 Coordinator.h:126] commit: 3694 abort: 226706 (0/226706/0), network size: 0, avg network size: 0, si_in_serializable: 0 0 %, local: 0 %
I0911 20:08:27.381346 2830760 Coordinator.h:126] commit: 3619 abort: 221661 (0/221661/0), network size: 0, avg network size: 0, si_in_serializable: 0 0 %, local: 0 %
I0911 20:08:28.381435 2830760 Coordinator.h:126] commit: 3620 abort: 222684 (0/222684/0), network size: 0, avg network size: 0, si_in_serializable: 0 0 %, local: 0 %
I0911 20:08:29.381561 2830760 Coordinator.h:126] commit: 3780 abort: 231740 (0/231740/0), network size: 0, avg network size: 0, si_in_serializable: 0 0 %, local: 0 %
I0911 20:08:30.381657 2830760 Coordinator.h:126] commit: 3777 abort: 231743 (0/231743/0), network size: 0, avg network size: 0, si_in_serializable: 0 0 %, local: 0 %
I0911 20:08:31.381757 2830760 Coordinator.h:126] commit: 3805 abort: 233763 (0/233763/0), network size: 0, avg network size: 0, si_in_serializable: 0 0 %, local: 0 %
I0911 20:08:32.381836 2830760 Coordinator.h:126] commit: 3746 abort: 229726 (0/229726/0), network size: 0, avg network size: 0, si_in_serializable: 0 0 %, local: 0 %
I0911 20:08:33.381918 2830760 Coordinator.h:126] commit: 3808 abort: 233760 (0/233760/0), network size: 0, avg network size: 0, si_in_serializable: 0 0 %, local: 0 %
I0911 20:08:34.382014 2830760 Coordinator.h:126] commit: 3657 abort: 224695 (0/224695/0), network size: 0, avg network size: 0, si_in_serializable: 0 0 %, local: 0 %
I0911 20:08:35.382133 2830760 Coordinator.h:126] commit: 3729 abort: 227695 (0/227695/0), network size: 0, avg network size: 0, si_in_serializable: 0 0 %, local: 0 %
I0911 20:08:36.382270 2830760 Coordinator.h:126] commit: 3680 abort: 226720 (0/226720/0), network size: 0, avg network size: 0, si_in_serializable: 0 0 %, local: 0 %
I0911 20:08:37.382381 2830760 Coordinator.h:126] commit: 3807 abort: 232737 (0/232737/0), network size: 0, avg network size: 0, si_in_serializable: 0 0 %, local: 0 %
I0911 20:08:38.382478 2830760 Coordinator.h:126] commit: 3768 abort: 232776 (0/232776/0), network size: 0, avg network size: 0, si_in_serializable: 0 0 %, local: 0 %
I0911 20:08:39.382577 2830760 Coordinator.h:126] commit: 3803 abort: 232741 (0/232741/0), network size: 0, avg network size: 0, si_in_serializable: 0 0 %, local: 0 %
I0911 20:08:40.382650 2830760 Coordinator.h:126] commit: 3803 abort: 233765 (0/233765/0), network size: 0, avg network size: 0, si_in_serializable: 0 0 %, local: 0 %
I0911 20:08:41.382721 2830760 Coordinator.h:126] commit: 3781 abort: 232763 (0/232763/0), network size: 0, avg network size: 0, si_in_serializable: 0 0 %, local: 0 %
I0911 20:08:42.382797 2830760 Coordinator.h:126] commit: 3775 abort: 232769 (0/232769/0), network size: 0, avg network size: 0, si_in_serializable: 0 0 %, local: 0 %
I0911 20:08:43.382876 2830760 Coordinator.h:126] commit: 3787 abort: 232757 (0/232757/0), network size: 0, avg network size: 0, si_in_serializable: 0 0 %, local: 0 %
I0911 20:08:44.382947 2830760 Coordinator.h:126] commit: 3772 abort: 231748 (0/231748/0), network size: 0, avg network size: 0, si_in_serializable: 0 0 %, local: 0 %
I0911 20:08:45.383019 2830760 Coordinator.h:126] commit: 3793 abort: 232751 (0/232751/0), network size: 0, avg network size: 0, si_in_serializable: 0 0 %, local: 0 %
I0911 20:08:46.383086 2830760 Coordinator.h:126] commit: 3809 abort: 233759 (0/233759/0), network size: 0, avg network size: 0, si_in_serializable: 0 0 %, local: 0 %
I0911 20:08:47.383169 2830760 Coordinator.h:126] commit: 3761 abort: 230735 (0/230735/0), network size: 0, avg network size: 0, si_in_serializable: 0 0 %, local: 0 %
I0911 20:08:48.383261 2830760 Coordinator.h:126] commit: 3716 abort: 227708 (0/227708/0), network size: 0, avg network size: 0, si_in_serializable: 0 0 %, local: 0 %
I0911 20:08:49.383338 2830760 Coordinator.h:126] commit: 3793 abort: 232751 (0/232751/0), network size: 0, avg network size: 0, si_in_serializable: 0 0 %, local: 0 %
I0911 20:08:49.383356 2830760 Coordinator.h:152] average commit: 3770.5 abort: 231647 (0/231647/0), network size: 0, avg network size: 0, si_in_serializable: 0 0 %, local: 0 %
I0911 20:08:49.383365 2830760 AriaExecutor.h:641] Worker 0 latency: 4289 us (50%) 4328 us (75%) 4423 us (95%) 4954 us (99%).
I0911 20:08:49.384918 2830791 AriaExecutor.h:94] AriaExecutor 10 exits. 
I0911 20:08:49.384936 2830790 AriaExecutor.h:94] AriaExecutor 9 exits. 
I0911 20:08:49.384919 2830789 AriaExecutor.h:94] AriaExecutor 8 exits. 
I0911 20:08:49.384927 2830785 AriaExecutor.h:94] AriaExecutor 4 exits. 
I0911 20:08:49.384922 2830781 AriaExecutor.h:94] AriaExecutor 0 exits. 
I0911 20:08:49.384922 2830787 AriaExecutor.h:94] AriaExecutor 6 exits. 
I0911 20:08:49.384943 2830794 AriaExecutor.h:94] AriaExecutor 13 exits. 
I0911 20:08:49.384922 2830797 Manager.h:227] Manager(worker id = 16) on the coordinator node exits.
I0911 20:08:49.384922 2830783 AriaExecutor.h:94] AriaExecutor 2 exits. 
I0911 20:08:49.384918 2830795 AriaExecutor.h:94] AriaExecutor 14 exits. 
I0911 20:08:49.384939 2830796 AriaExecutor.h:94] AriaExecutor 15 exits. 
I0911 20:08:49.384939 2830788 AriaExecutor.h:94] AriaExecutor 7 exits. 
I0911 20:08:49.384938 2830782 AriaExecutor.h:94] AriaExecutor 1 exits. 
I0911 20:08:49.384939 2830784 AriaExecutor.h:94] AriaExecutor 3 exits. 
I0911 20:08:49.384940 2830786 AriaExecutor.h:94] AriaExecutor 5 exits. 
I0911 20:08:49.384944 2830792 AriaExecutor.h:94] AriaExecutor 11 exits. 
I0911 20:08:49.384922 2830793 AriaExecutor.h:94] AriaExecutor 12 exits. 
I0911 20:08:49.385221 2830760 AriaExecutor.h:641] Worker 1 latency: 4288 us (50%) 4326 us (75%) 4420 us (95%) 4806 us (99%).
I0911 20:08:49.385648 2830760 AriaExecutor.h:641] Worker 2 latency: 4288 us (50%) 4327 us (75%) 4421 us (95%) 4818 us (99%).
I0911 20:08:49.386010 2830760 AriaExecutor.h:641] Worker 3 latency: 4287 us (50%) 4326 us (75%) 4418 us (95%) 4816 us (99%).
I0911 20:08:49.386391 2830760 AriaExecutor.h:641] Worker 4 latency: 4288 us (50%) 4326 us (75%) 4420 us (95%) 5057 us (99%).
I0911 20:08:49.386729 2830760 AriaExecutor.h:641] Worker 5 latency: 4288 us (50%) 4326 us (75%) 4420 us (95%) 4831 us (99%).
I0911 20:08:49.387039 2830760 AriaExecutor.h:641] Worker 6 latency: 4288 us (50%) 4326 us (75%) 4414 us (95%) 4755 us (99%).
I0911 20:08:49.387310 2830760 AriaExecutor.h:641] Worker 7 latency: 4287 us (50%) 4326 us (75%) 4413 us (95%) 5057 us (99%).
I0911 20:08:49.387580 2830760 AriaExecutor.h:641] Worker 8 latency: 4287 us (50%) 4327 us (75%) 4417 us (95%) 4986 us (99%).
I0911 20:08:49.387828 2830760 AriaExecutor.h:641] Worker 9 latency: 4286 us (50%) 4326 us (75%) 4422 us (95%) 4903 us (99%).
I0911 20:08:49.388059 2830760 AriaExecutor.h:641] Worker 10 latency: 4287 us (50%) 4326 us (75%) 4414 us (95%) 4978 us (99%).
I0911 20:08:49.388274 2830760 AriaExecutor.h:641] Worker 11 latency: 4285 us (50%) 4324 us (75%) 4413 us (95%) 4757 us (99%).
I0911 20:08:49.388484 2830760 AriaExecutor.h:641] Worker 12 latency: 4289 us (50%) 4327 us (75%) 4420 us (95%) 4976 us (99%).
I0911 20:08:49.388681 2830760 AriaExecutor.h:641] Worker 13 latency: 4285 us (50%) 4325 us (75%) 4418 us (95%) 4911 us (99%).
I0911 20:08:49.388887 2830760 AriaExecutor.h:641] Worker 14 latency: 4287 us (50%) 4323 us (75%) 4411 us (95%) 4906 us (99%).
I0911 20:08:49.389077 2830760 AriaExecutor.h:641] Worker 15 latency: 4287 us (50%) 4325 us (75%) 4421 us (95%) 5191 us (99%).
I0911 20:08:49.389257 2830760 Coordinator.h:177] total commit: 3770.5
I0911 20:08:50.389364 2830760 Coordinator.h:192] Coordinator exits.
