I0911 19:56:34.729815 2817692 Database.h:65] ycsb initialization finished in 167 milliseconds.
I0911 19:56:34.729940 2817692 Coordinator.h:30] Coordinator initializes 16 workers.
I0911 19:56:34.737610 2817692 Coordinator.h:77] Coordinator starts to run 17 workers.
I0911 19:56:34.737661 2817712 AriaExecutor.h:82] AriaExecutor 0 started. 
I0911 19:56:34.737696 2817713 AriaExecutor.h:82] AriaExecutor 1 started. 
I0911 19:56:34.737741 2817714 AriaExecutor.h:82] AriaExecutor 2 started. 
I0911 19:56:34.737802 2817715 AriaExecutor.h:82] AriaExecutor 3 started. 
I0911 19:56:34.737818 2817716 AriaExecutor.h:82] AriaExecutor 4 started. 
I0911 19:56:34.737883 2817717 AriaExecutor.h:82] AriaExecutor 5 started. 
I0911 19:56:34.737891 2817718 AriaExecutor.h:82] AriaExecutor 6 started. 
I0911 19:56:34.737952 2817719 AriaExecutor.h:82] AriaExecutor 7 started. 
I0911 19:56:34.737965 2817720 AriaExecutor.h:82] AriaExecutor 8 started. 
I0911 19:56:34.738029 2817721 AriaExecutor.h:82] AriaExecutor 9 started. 
I0911 19:56:34.738055 2817722 AriaExecutor.h:82] AriaExecutor 10 started. 
I0911 19:56:34.738098 2817723 AriaExecutor.h:82] AriaExecutor 11 started. 
I0911 19:56:34.738135 2817724 AriaExecutor.h:82] AriaExecutor 12 started. 
I0911 19:56:34.738191 2817725 AriaExecutor.h:82] AriaExecutor 13 started. 
I0911 19:56:34.738220 2817726 AriaExecutor.h:82] AriaExecutor 14 started. 
I0911 19:56:34.738267 2817727 AriaExecutor.h:82] AriaExecutor 15 started. 
I0911 19:56:34.738297 2817728 Manager.h:224] Manager(worker id = 16) on the coordinator node started.
I0911 19:56:35.738370 2817692 Coordinator.h:126] commit: 217304 abort: 35624 (0/35624/0), network size: 0, avg network size: 0, si_in_serializable: 0 0 %, local: 0 %
I0911 19:56:36.738512 2817692 Coordinator.h:126] commit: 216317 abort: 35587 (0/35587/0), network size: 0, avg network size: 0, si_in_serializable: 0 0 %, local: 0 %
I0911 19:56:37.738605 2817692 Coordinator.h:126] commit: 209581 abort: 34131 (0/34131/0), network size: 0, avg network size: 0, si_in_serializable: 0 0 %, local: 0 %
I0911 19:56:38.738703 2817692 Coordinator.h:126] commit: 213630 abort: 35202 (0/35202/0), network size: 0, avg network size: 0, si_in_serializable: 0 0 %, local: 0 %
I0911 19:56:39.738823 2817692 Coordinator.h:126] commit: 223580 abort: 36516 (0/36516/0), network size: 0, avg network size: 0, si_in_serializable: 0 0 %, local: 0 %
I0911 19:56:40.738916 2817692 Coordinator.h:126] commit: 222963 abort: 36292 (0/36292/0), network size: 0, avg network size: 0, si_in_serializable: 0 0 %, local: 0 %
I0911 19:56:41.739017 2817692 Coordinator.h:126] commit: 224713 abort: 37248 (0/37248/0), network size: 0, avg network size: 0, si_in_serializable: 0 0 %, local: 0 %
I0911 19:56:42.739109 2817692 Coordinator.h:126] commit: 221667 abort: 36381 (0/36381/0), network size: 0, avg network size: 0, si_in_serializable: 0 0 %, local: 0 %
I0911 19:56:43.739189 2817692 Coordinator.h:126] commit: 217986 abort: 35966 (0/35966/0), network size: 0, avg network size: 0, si_in_serializable: 0 0 %, local: 0 %
I0911 19:56:44.739271 2817692 Coordinator.h:126] commit: 216662 abort: 35242 (0/35242/0), network size: 0, avg network size: 0, si_in_serializable: 0 0 %, local: 0 %
I0911 19:56:45.739359 2817692 Coordinator.h:126] commit: 224176 abort: 36944 (0/36944/0), network size: 0, avg network size: 0, si_in_serializable: 0 0 %, local: 0 %
I0911 19:56:46.739468 2817692 Coordinator.h:126] commit: 219282 abort: 35694 (0/35694/0), network size: 0, avg network size: 0, si_in_serializable: 0 0 %, local: 0 %
I0911 19:56:47.739570 2817692 Coordinator.h:126] commit: 225873 abort: 37295 (0/37295/0), network size: 0, avg network size: 0, si_in_serializable: 0 0 %, local: 0 %
I0911 19:56:48.739656 2817692 Coordinator.h:126] commit: 225213 abort: 36931 (0/36931/0), network size: 0, avg network size: 0, si_in_serializable: 0 0 %, local: 0 %
I0911 19:56:49.739743 2817692 Coordinator.h:126] commit: 223381 abort: 36715 (0/36715/0), network size: 0, avg network size: 0, si_in_serializable: 0 0 %, local: 0 %
I0911 19:56:50.739821 2817692 Coordinator.h:126] commit: 225309 abort: 36835 (0/36835/0), network size: 0, avg network size: 0, si_in_serializable: 0 0 %, local: 0 %
I0911 19:56:51.739897 2817692 Coordinator.h:126] commit: 224847 abort: 37297 (0/37297/0), network size: 0, avg network size: 0, si_in_serializable: 0 0 %, local: 0 %
I0911 19:56:52.739971 2817692 Coordinator.h:126] commit: 225471 abort: 36673 (0/36673/0), network size: 0, avg network size: 0, si_in_serializable: 0 0 %, local: 0 %
I0911 19:56:53.740043 2817692 Coordinator.h:126] commit: 219692 abort: 36254 (0/36254/0), network size: 0, avg network size: 0, si_in_serializable: 0 0 %, local: 0 %
I0911 19:56:54.740108 2817692 Coordinator.h:126] commit: 224617 abort: 36557 (0/36557/0), network size: 0, avg network size: 0, si_in_serializable: 0 0 %, local: 0 %
I0911 19:56:55.740187 2817692 Coordinator.h:126] commit: 224746 abort: 36374 (0/36374/0), network size: 0, avg network size: 0, si_in_serializable: 0 0 %, local: 0 %
I0911 19:56:56.740260 2817692 Coordinator.h:126] commit: 220902 abort: 36122 (0/36122/0), network size: 0, avg network size: 0, si_in_serializable: 0 0 %, local: 0 %
I0911 19:56:57.740336 2817692 Coordinator.h:126] commit: 224098 abort: 37022 (0/37022/0), network size: 0, avg network size: 0, si_in_serializable: 0 0 %, local: 0 %
I0911 19:56:58.740407 2817692 Coordinator.h:126] commit: 221555 abort: 36493 (0/36493/0), network size: 0, avg network size: 0, si_in_serializable: 0 0 %, local: 0 %
I0911 19:56:59.740504 2817692 Coordinator.h:126] commit: 222720 abort: 36352 (0/36352/0), network size: 0, avg network size: 0, si_in_serializable: 0 0 %, local: 0 %
I0911 19:56:59.740543 2817692 Coordinator.h:152] average commit: 223786 abort: 36719.5 (0/36719.5/0), network size: 0, avg network size: 0, si_in_serializable: 0 0 %, local: 0 %
I0911 19:56:59.741624 2817722 AriaExecutor.h:94] AriaExecutor 10 exits. 
I0911 19:56:59.741628 2817716 AriaExecutor.h:94] AriaExecutor 4 exits. 
I0911 19:56:59.741636 2817715 AriaExecutor.h:94] AriaExecutor 3 exits. 
I0911 19:56:59.741626 2817724 AriaExecutor.h:94] AriaExecutor 12 exits. 
I0911 19:56:59.741627 2817714 AriaExecutor.h:94] AriaExecutor 2 exits. 
I0911 19:56:59.741628 2817718 AriaExecutor.h:94] AriaExecutor 6 exits. 
I0911 19:56:59.741626 2817728 Manager.h:227] Manager(worker id = 16) on the coordinator node exits.
I0911 19:56:59.741626 2817712 AriaExecutor.h:94] AriaExecutor 0 exits. 
I0911 19:56:59.741636 2817723 AriaExecutor.h:94] AriaExecutor 11 exits. 
I0911 19:56:59.741638 2817725 AriaExecutor.h:94] AriaExecutor 13 exits. 
I0911 19:56:59.741626 2817726 AriaExecutor.h:94] AriaExecutor 14 exits. 
I0911 19:56:59.741638 2817719 AriaExecutor.h:94] AriaExecutor 7 exits. 
I0911 19:56:59.741639 2817721 AriaExecutor.h:94] AriaExecutor 9 exits. 
I0911 19:56:59.741628 2817720 AriaExecutor.h:94] AriaExecutor 8 exits. 
I0911 19:56:59.741640 2817713 AriaExecutor.h:94] AriaExecutor 1 exits. 
I0911 19:56:59.741636 2817727 AriaExecutor.h:94] AriaExecutor 15 exits. 
I0911 19:56:59.741639 2817717 AriaExecutor.h:94] AriaExecutor 5 exits. 
I0911 19:56:59.740554 2817692 AriaExecutor.h:641] Worker 0 latency: 2722 us (50%) 3275 us (75%) 3688 us (95%) 3840 us (99%).
I0911 19:56:59.756909 2817692 AriaExecutor.h:641] Worker 1 latency: 2712 us (50%) 3268 us (75%) 3685 us (95%) 3832 us (99%).
I0911 19:56:59.773253 2817692 AriaExecutor.h:641] Worker 2 latency: 2732 us (50%) 3279 us (75%) 3688 us (95%) 3841 us (99%).
I0911 19:56:59.789194 2817692 AriaExecutor.h:641] Worker 3 latency: 2716 us (50%) 3269 us (75%) 3685 us (95%) 3834 us (99%).
I0911 19:56:59.805584 2817692 AriaExecutor.h:641] Worker 4 latency: 2722 us (50%) 3274 us (75%) 3688 us (95%) 3839 us (99%).
I0911 19:56:59.821758 2817692 AriaExecutor.h:641] Worker 5 latency: 2699 us (50%) 3264 us (75%) 3684 us (95%) 3832 us (99%).
I0911 19:56:59.838044 2817692 AriaExecutor.h:641] Worker 6 latency: 2735 us (50%) 3282 us (75%) 3688 us (95%) 3842 us (99%).
I0911 19:56:59.854177 2817692 AriaExecutor.h:641] Worker 7 latency: 2716 us (50%) 3270 us (75%) 3685 us (95%) 3829 us (99%).
I0911 19:56:59.870507 2817692 AriaExecutor.h:641] Worker 8 latency: 2724 us (50%) 3275 us (75%) 3688 us (95%) 3841 us (99%).
I0911 19:56:59.886580 2817692 AriaExecutor.h:641] Worker 9 latency: 2713 us (50%) 3270 us (75%) 3686 us (95%) 3836 us (99%).
I0911 19:56:59.903065 2817692 AriaExecutor.h:641] Worker 10 latency: 2738 us (50%) 3280 us (75%) 3688 us (95%) 3840 us (99%).
I0911 19:56:59.919081 2817692 AriaExecutor.h:641] Worker 11 latency: 2721 us (50%) 3272 us (75%) 3686 us (95%) 3834 us (99%).
I0911 19:56:59.935495 2817692 AriaExecutor.h:641] Worker 12 latency: 2733 us (50%) 3278 us (75%) 3688 us (95%) 3842 us (99%).
I0911 19:56:59.951683 2817692 AriaExecutor.h:641] Worker 13 latency: 2710 us (50%) 3268 us (75%) 3686 us (95%) 3835 us (99%).
I0911 19:56:59.967975 2817692 AriaExecutor.h:641] Worker 14 latency: 2738 us (50%) 3282 us (75%) 3688 us (95%) 3840 us (99%).
I0911 19:56:59.984244 2817692 AriaExecutor.h:641] Worker 15 latency: 2724 us (50%) 3274 us (75%) 3687 us (95%) 3836 us (99%).
I0911 19:57:00.000602 2817692 Coordinator.h:177] total commit: 223786
I0911 19:57:01.000720 2817692 Coordinator.h:192] Coordinator exits.
