I0911 19:38:47.907047 2797979 Database.h:65] ycsb initialization finished in 148 milliseconds.
I0911 19:38:47.907169 2797979 Coordinator.h:30] Coordinator initializes 16 workers.
I0911 19:38:47.915061 2797979 Coordinator.h:77] Coordinator starts to run 17 workers.
I0911 19:38:47.915112 2797999 AriaExecutor.h:82] AriaExecutor 0 started. 
I0911 19:38:47.915158 2798000 AriaExecutor.h:82] AriaExecutor 1 started. 
I0911 19:38:47.915201 2798001 AriaExecutor.h:82] AriaExecutor 2 started. 
I0911 19:38:47.915273 2798002 AriaExecutor.h:82] AriaExecutor 3 started. 
I0911 19:38:47.915285 2798003 AriaExecutor.h:82] AriaExecutor 4 started. 
I0911 19:38:47.915354 2798004 AriaExecutor.h:82] AriaExecutor 5 started. 
I0911 19:38:47.915407 2798005 AriaExecutor.h:82] AriaExecutor 6 started. 
I0911 19:38:47.915448 2798006 AriaExecutor.h:82] AriaExecutor 7 started. 
I0911 19:38:47.915484 2798007 AriaExecutor.h:82] AriaExecutor 8 started. 
I0911 19:38:47.915542 2798008 AriaExecutor.h:82] AriaExecutor 9 started. 
I0911 19:38:47.915580 2798009 AriaExecutor.h:82] AriaExecutor 10 started. 
I0911 19:38:47.915629 2798010 AriaExecutor.h:82] AriaExecutor 11 started. 
I0911 19:38:47.915674 2798011 AriaExecutor.h:82] AriaExecutor 12 started. 
I0911 19:38:47.915716 2798012 AriaExecutor.h:82] AriaExecutor 13 started. 
I0911 19:38:47.915751 2798013 AriaExecutor.h:82] AriaExecutor 14 started. 
I0911 19:38:47.915794 2798014 AriaExecutor.h:82] AriaExecutor 15 started. 
I0911 19:38:47.915833 2798015 Manager.h:224] Manager(worker id = 16) on the coordinator node started.
I0911 19:38:48.915889 2797979 Coordinator.h:126] commit: 1109632 abort: 5504 (0/5504/0), network size: 0, avg network size: 0, si_in_serializable: 0 0 %, local: 0 %
I0911 19:38:49.915997 2797979 Coordinator.h:126] commit: 1100568 abort: 5352 (0/5352/0), network size: 0, avg network size: 0, si_in_serializable: 0 0 %, local: 0 %
I0911 19:38:50.916074 2797979 Coordinator.h:126] commit: 1064713 abort: 5367 (0/5367/0), network size: 0, avg network size: 0, si_in_serializable: 0 0 %, local: 0 %
I0911 19:38:51.916157 2797979 Coordinator.h:126] commit: 1073025 abort: 5247 (0/5247/0), network size: 0, avg network size: 0, si_in_serializable: 0 0 %, local: 0 %
I0911 19:38:52.916261 2797979 Coordinator.h:126] commit: 1112709 abort: 5499 (0/5499/0), network size: 0, avg network size: 0, si_in_serializable: 0 0 %, local: 0 %
I0911 19:38:53.916348 2797979 Coordinator.h:126] commit: 1120919 abort: 5481 (0/5481/0), network size: 0, avg network size: 0, si_in_serializable: 0 0 %, local: 0 %
I0911 19:38:54.916430 2797979 Coordinator.h:126] commit: 1120707 abort: 5693 (0/5693/0), network size: 0, avg network size: 0, si_in_serializable: 0 0 %, local: 0 %
I0911 19:38:55.916507 2797979 Coordinator.h:126] commit: 1100559 abort: 5361 (0/5361/0), network size: 0, avg network size: 0, si_in_serializable: 0 0 %, local: 0 %
I0911 19:38:56.916585 2797979 Coordinator.h:126] commit: 1119906 abort: 5470 (0/5470/0), network size: 0, avg network size: 0, si_in_serializable: 0 0 %, local: 0 %
I0911 19:38:57.916663 2797979 Coordinator.h:126] commit: 1098407 abort: 5465 (0/5465/0), network size: 0, avg network size: 0, si_in_serializable: 0 0 %, local: 0 %
I0911 19:38:58.916744 2797979 Coordinator.h:126] commit: 1122924 abort: 5524 (0/5524/0), network size: 0, avg network size: 0, si_in_serializable: 0 0 %, local: 0 %
I0911 19:38:59.916826 2797979 Coordinator.h:126] commit: 1086203 abort: 5381 (0/5381/0), network size: 0, avg network size: 0, si_in_serializable: 0 0 %, local: 0 %
I0911 19:39:00.916935 2797979 Coordinator.h:126] commit: 1122619 abort: 5602 (0/5602/0), network size: 0, avg network size: 0, si_in_serializable: 0 0 %, local: 0 %
I0911 19:39:01.917025 2797979 Coordinator.h:126] commit: 1095757 abort: 5270 (0/5270/0), network size: 0, avg network size: 0, si_in_serializable: 0 0 %, local: 0 %
I0911 19:39:02.917135 2797979 Coordinator.h:126] commit: 1122869 abort: 5579 (0/5579/0), network size: 0, avg network size: 0, si_in_serializable: 0 0 %, local: 0 %
I0911 19:39:03.917220 2797979 Coordinator.h:126] commit: 1081059 abort: 5405 (0/5405/0), network size: 0, avg network size: 0, si_in_serializable: 0 0 %, local: 0 %
I0911 19:39:04.917306 2797979 Coordinator.h:126] commit: 1123948 abort: 5524 (0/5524/0), network size: 0, avg network size: 0, si_in_serializable: 0 0 %, local: 0 %
I0911 19:39:05.917392 2797979 Coordinator.h:126] commit: 1119799 abort: 5577 (0/5577/0), network size: 0, avg network size: 0, si_in_serializable: 0 0 %, local: 0 %
I0911 19:39:06.917484 2797979 Coordinator.h:126] commit: 1121799 abort: 5625 (0/5625/0), network size: 0, avg network size: 0, si_in_serializable: 0 0 %, local: 0 %
I0911 19:39:07.917562 2797979 Coordinator.h:126] commit: 1121978 abort: 5446 (0/5446/0), network size: 0, avg network size: 0, si_in_serializable: 0 0 %, local: 0 %
I0911 19:39:08.917650 2797979 Coordinator.h:126] commit: 1124030 abort: 5442 (0/5442/0), network size: 0, avg network size: 0, si_in_serializable: 0 0 %, local: 0 %
I0911 19:39:09.917734 2797979 Coordinator.h:126] commit: 1121950 abort: 5474 (0/5474/0), network size: 0, avg network size: 0, si_in_serializable: 0 0 %, local: 0 %
I0911 19:39:10.917820 2797979 Coordinator.h:126] commit: 1123967 abort: 5505 (0/5505/0), network size: 0, avg network size: 0, si_in_serializable: 0 0 %, local: 0 %
I0911 19:39:11.917901 2797979 Coordinator.h:126] commit: 1119935 abort: 5441 (0/5441/0), network size: 0, avg network size: 0, si_in_serializable: 0 0 %, local: 0 %
I0911 19:39:12.917994 2797979 Coordinator.h:126] commit: 1121874 abort: 5550 (0/5550/0), network size: 0, avg network size: 0, si_in_serializable: 0 0 %, local: 0 %
I0911 19:39:12.918020 2797979 Coordinator.h:152] average commit: 1.1119e+06 abort: 5493.3 (0/5493.3/0), network size: 0, avg network size: 0, si_in_serializable: 0 0 %, local: 0 %
I0911 19:39:12.918110 2798007 AriaExecutor.h:94] AriaExecutor 8 exits. 
I0911 19:39:12.918119 2798013 AriaExecutor.h:94] AriaExecutor 14 exits. 
I0911 19:39:12.918131 2798010 AriaExecutor.h:94] AriaExecutor 11 exits. 
I0911 19:39:12.918119 2798005 AriaExecutor.h:94] AriaExecutor 6 exits. 
I0911 19:39:12.918119 2798011 AriaExecutor.h:94] AriaExecutor 12 exits. 
I0911 19:39:12.918113 2797999 AriaExecutor.h:94] AriaExecutor 0 exits. 
I0911 19:39:12.918112 2798001 AriaExecutor.h:94] AriaExecutor 2 exits. 
I0911 19:39:12.918143 2798012 AriaExecutor.h:94] AriaExecutor 13 exits. 
I0911 19:39:12.918133 2798000 AriaExecutor.h:94] AriaExecutor 1 exits. 
I0911 19:39:12.918133 2798014 AriaExecutor.h:94] AriaExecutor 15 exits. 
I0911 19:39:12.918115 2798009 AriaExecutor.h:94] AriaExecutor 10 exits. 
I0911 19:39:12.918134 2798004 AriaExecutor.h:94] AriaExecutor 5 exits. 
I0911 19:39:12.918118 2798015 Manager.h:227] Manager(worker id = 16) on the coordinator node exits.
I0911 19:39:12.918133 2798006 AriaExecutor.h:94] AriaExecutor 7 exits. 
I0911 19:39:12.918154 2798002 AriaExecutor.h:94] AriaExecutor 3 exits. 
I0911 19:39:12.918112 2798003 AriaExecutor.h:94] AriaExecutor 4 exits. 
I0911 19:39:12.918161 2798008 AriaExecutor.h:94] AriaExecutor 9 exits. 
I0911 19:39:12.918030 2797979 AriaExecutor.h:535] Worker 0 latency: 568 us (50%) 718 us (75%) 838 us (95%) 866 us (99%).
I0911 19:39:12.986172 2797979 AriaExecutor.h:535] Worker 1 latency: 566 us (50%) 716 us (75%) 838 us (95%) 866 us (99%).
I0911 19:39:13.059760 2797979 AriaExecutor.h:535] Worker 2 latency: 570 us (50%) 718 us (75%) 838 us (95%) 866 us (99%).
I0911 19:39:13.127166 2797979 AriaExecutor.h:535] Worker 3 latency: 566 us (50%) 716 us (75%) 838 us (95%) 866 us (99%).
I0911 19:39:13.193157 2797979 AriaExecutor.h:535] Worker 4 latency: 569 us (50%) 718 us (75%) 838 us (95%) 866 us (99%).
I0911 19:39:13.257347 2797979 AriaExecutor.h:535] Worker 5 latency: 566 us (50%) 716 us (75%) 838 us (95%) 866 us (99%).
I0911 19:39:13.330264 2797979 AriaExecutor.h:535] Worker 6 latency: 570 us (50%) 719 us (75%) 838 us (95%) 866 us (99%).
I0911 19:39:13.396349 2797979 AriaExecutor.h:535] Worker 7 latency: 566 us (50%) 716 us (75%) 838 us (95%) 866 us (99%).
I0911 19:39:13.470592 2797979 AriaExecutor.h:535] Worker 8 latency: 567 us (50%) 716 us (75%) 838 us (95%) 866 us (99%).
I0911 19:39:13.536334 2797979 AriaExecutor.h:535] Worker 9 latency: 565 us (50%) 715 us (75%) 837 us (95%) 866 us (99%).
I0911 19:39:13.611729 2797979 AriaExecutor.h:535] Worker 10 latency: 569 us (50%) 718 us (75%) 838 us (95%) 866 us (99%).
I0911 19:39:13.677323 2797979 AriaExecutor.h:535] Worker 11 latency: 566 us (50%) 715 us (75%) 837 us (95%) 866 us (99%).
I0911 19:39:13.753178 2797979 AriaExecutor.h:535] Worker 12 latency: 570 us (50%) 718 us (75%) 838 us (95%) 866 us (99%).
I0911 19:39:13.820255 2797979 AriaExecutor.h:535] Worker 13 latency: 565 us (50%) 715 us (75%) 837 us (95%) 866 us (99%).
I0911 19:39:13.886029 2797979 AriaExecutor.h:535] Worker 14 latency: 570 us (50%) 718 us (75%) 838 us (95%) 866 us (99%).
I0911 19:39:13.951918 2797979 AriaExecutor.h:535] Worker 15 latency: 566 us (50%) 716 us (75%) 837 us (95%) 866 us (99%).
I0911 19:39:14.017004 2797979 Coordinator.h:177] total commit: 1.1119e+06
I0911 19:39:15.017115 2797979 Coordinator.h:192] Coordinator exits.
