I0911 19:44:16.445292 2803597 Database.h:65] ycsb initialization finished in 150 milliseconds.
I0911 19:44:16.445406 2803597 Coordinator.h:30] Coordinator initializes 16 workers.
I0911 19:44:16.453192 2803597 Coordinator.h:77] Coordinator starts to run 17 workers.
I0911 19:44:16.453263 2803632 AriaExecutor.h:82] AriaExecutor 0 started. 
I0911 19:44:16.453305 2803633 AriaExecutor.h:82] AriaExecutor 1 started. 
I0911 19:44:16.453356 2803634 AriaExecutor.h:82] AriaExecutor 2 started. 
I0911 19:44:16.453415 2803635 AriaExecutor.h:82] AriaExecutor 3 started. 
I0911 19:44:16.453447 2803636 AriaExecutor.h:82] AriaExecutor 4 started. 
I0911 19:44:16.453487 2803637 AriaExecutor.h:82] AriaExecutor 5 started. 
I0911 19:44:16.453539 2803638 AriaExecutor.h:82] AriaExecutor 6 started. 
I0911 19:44:16.453583 2803639 AriaExecutor.h:82] AriaExecutor 7 started. 
I0911 19:44:16.453624 2803640 AriaExecutor.h:82] AriaExecutor 8 started. 
I0911 19:44:16.453667 2803641 AriaExecutor.h:82] AriaExecutor 9 started. 
I0911 19:44:16.453699 2803642 AriaExecutor.h:82] AriaExecutor 10 started. 
I0911 19:44:16.453740 2803643 AriaExecutor.h:82] AriaExecutor 11 started. 
I0911 19:44:16.453788 2803644 AriaExecutor.h:82] AriaExecutor 12 started. 
I0911 19:44:16.453827 2803645 AriaExecutor.h:82] AriaExecutor 13 started. 
I0911 19:44:16.453869 2803646 AriaExecutor.h:82] AriaExecutor 14 started. 
I0911 19:44:16.453912 2803647 AriaExecutor.h:82] AriaExecutor 15 started. 
I0911 19:44:16.453948 2803648 Manager.h:224] Manager(worker id = 16) on the coordinator node started.
I0911 19:44:17.454000 2803597 Coordinator.h:126] commit: 1080352 abort: 39904 (0/39904/0), network size: 0, avg network size: 0, si_in_serializable: 0 0 %, local: 0 %
I0911 19:44:18.454107 2803597 Coordinator.h:126] commit: 1066166 abort: 39754 (0/39754/0), network size: 0, avg network size: 0, si_in_serializable: 0 0 %, local: 0 %
I0911 19:44:19.454198 2803597 Coordinator.h:126] commit: 1037738 abort: 38486 (0/38486/0), network size: 0, avg network size: 0, si_in_serializable: 0 0 %, local: 0 %
I0911 19:44:20.454283 2803597 Coordinator.h:126] commit: 1042736 abort: 38608 (0/38608/0), network size: 0, avg network size: 0, si_in_serializable: 0 0 %, local: 0 %
I0911 19:44:21.454396 2803597 Coordinator.h:126] commit: 1081280 abort: 40000 (0/40000/0), network size: 0, avg network size: 0, si_in_serializable: 0 0 %, local: 0 %
I0911 19:44:22.454505 2803597 Coordinator.h:126] commit: 1090938 abort: 40582 (0/40582/0), network size: 0, avg network size: 0, si_in_serializable: 0 0 %, local: 0 %
I0911 19:44:23.454602 2803597 Coordinator.h:126] commit: 1088716 abort: 40756 (0/40756/0), network size: 0, avg network size: 0, si_in_serializable: 0 0 %, local: 0 %
I0911 19:44:24.454682 2803597 Coordinator.h:126] commit: 1043555 abort: 38813 (0/38813/0), network size: 0, avg network size: 0, si_in_serializable: 0 0 %, local: 0 %
I0911 19:44:25.454766 2803597 Coordinator.h:126] commit: 1088018 abort: 40430 (0/40430/0), network size: 0, avg network size: 0, si_in_serializable: 0 0 %, local: 0 %
I0911 19:44:26.454846 2803597 Coordinator.h:126] commit: 1069581 abort: 39411 (0/39411/0), network size: 0, avg network size: 0, si_in_serializable: 0 0 %, local: 0 %
I0911 19:44:27.454922 2803597 Coordinator.h:126] commit: 1066380 abort: 39540 (0/39540/0), network size: 0, avg network size: 0, si_in_serializable: 0 0 %, local: 0 %
I0911 19:44:28.455001 2803597 Coordinator.h:126] commit: 1058672 abort: 39056 (0/39056/0), network size: 0, avg network size: 0, si_in_serializable: 0 0 %, local: 0 %
I0911 19:44:29.455077 2803597 Coordinator.h:126] commit: 1089962 abort: 40534 (0/40534/0), network size: 0, avg network size: 0, si_in_serializable: 0 0 %, local: 0 %
I0911 19:44:30.455158 2803597 Coordinator.h:126] commit: 1077239 abort: 39945 (0/39945/0), network size: 0, avg network size: 0, si_in_serializable: 0 0 %, local: 0 %
I0911 19:44:31.455263 2803597 Coordinator.h:126] commit: 1086954 abort: 40470 (0/40470/0), network size: 0, avg network size: 0, si_in_serializable: 0 0 %, local: 0 %
I0911 19:44:32.455353 2803597 Coordinator.h:126] commit: 1023100 abort: 37764 (0/37764/0), network size: 0, avg network size: 0, si_in_serializable: 0 0 %, local: 0 %
I0911 19:44:33.455433 2803597 Coordinator.h:126] commit: 1089273 abort: 40199 (0/40199/0), network size: 0, avg network size: 0, si_in_serializable: 0 0 %, local: 0 %
I0911 19:44:34.455513 2803597 Coordinator.h:126] commit: 1076438 abort: 39722 (0/39722/0), network size: 0, avg network size: 0, si_in_serializable: 0 0 %, local: 0 %
I0911 19:44:35.455626 2803597 Coordinator.h:126] commit: 1086092 abort: 40308 (0/40308/0), network size: 0, avg network size: 0, si_in_serializable: 0 0 %, local: 0 %
I0911 19:44:36.455731 2803597 Coordinator.h:126] commit: 1090422 abort: 40074 (0/40074/0), network size: 0, avg network size: 0, si_in_serializable: 0 0 %, local: 0 %
I0911 19:44:37.455833 2803597 Coordinator.h:126] commit: 1088133 abort: 40315 (0/40315/0), network size: 0, avg network size: 0, si_in_serializable: 0 0 %, local: 0 %
I0911 19:44:38.455927 2803597 Coordinator.h:126] commit: 1089929 abort: 40567 (0/40567/0), network size: 0, avg network size: 0, si_in_serializable: 0 0 %, local: 0 %
I0911 19:44:39.456007 2803597 Coordinator.h:126] commit: 1089204 abort: 40268 (0/40268/0), network size: 0, avg network size: 0, si_in_serializable: 0 0 %, local: 0 %
I0911 19:44:40.456085 2803597 Coordinator.h:126] commit: 1088983 abort: 40489 (0/40489/0), network size: 0, avg network size: 0, si_in_serializable: 0 0 %, local: 0 %
I0911 19:44:41.456162 2803597 Coordinator.h:126] commit: 1087271 abort: 40153 (0/40153/0), network size: 0, avg network size: 0, si_in_serializable: 0 0 %, local: 0 %
I0911 19:44:41.456182 2803597 Coordinator.h:152] average commit: 1.07445e+06 abort: 39761.2 (0/39761.2/0), network size: 0, avg network size: 0, si_in_serializable: 0 0 %, local: 0 %
I0911 19:44:41.456442 2803632 AriaExecutor.h:94] AriaExecutor 0 exits. 
I0911 19:44:41.456451 2803634 AriaExecutor.h:94] AriaExecutor 2 exits. 
I0911 19:44:41.456454 2803648 Manager.h:227] Manager(worker id = 16) on the coordinator node exits.
I0911 19:44:41.456466 2803635 AriaExecutor.h:94] AriaExecutor 3 exits. 
I0911 19:44:41.456454 2803638 AriaExecutor.h:94] AriaExecutor 6 exits. 
I0911 19:44:41.456467 2803637 AriaExecutor.h:94] AriaExecutor 5 exits. 
I0911 19:44:41.456457 2803633 AriaExecutor.h:94] AriaExecutor 1 exits. 
I0911 19:44:41.456458 2803645 AriaExecutor.h:94] AriaExecutor 13 exits. 
I0911 19:44:41.456476 2803647 AriaExecutor.h:94] AriaExecutor 15 exits. 
I0911 19:44:41.456444 2803646 AriaExecutor.h:94] AriaExecutor 14 exits. 
I0911 19:44:41.456458 2803643 AriaExecutor.h:94] AriaExecutor 11 exits. 
I0911 19:44:41.456467 2803641 AriaExecutor.h:94] AriaExecutor 9 exits. 
I0911 19:44:41.456456 2803642 AriaExecutor.h:94] AriaExecutor 10 exits. 
I0911 19:44:41.456470 2803639 AriaExecutor.h:94] AriaExecutor 7 exits. 
I0911 19:44:41.456444 2803640 AriaExecutor.h:94] AriaExecutor 8 exits. 
I0911 19:44:41.456455 2803644 AriaExecutor.h:94] AriaExecutor 12 exits. 
I0911 19:44:41.456452 2803636 AriaExecutor.h:94] AriaExecutor 4 exits. 
I0911 19:44:41.456190 2803597 AriaExecutor.h:535] Worker 0 latency: 575 us (50%) 722 us (75%) 838 us (95%) 867 us (99%).
I0911 19:44:41.518822 2803597 AriaExecutor.h:535] Worker 1 latency: 572 us (50%) 719 us (75%) 837 us (95%) 866 us (99%).
I0911 19:44:41.582309 2803597 AriaExecutor.h:535] Worker 2 latency: 577 us (50%) 723 us (75%) 838 us (95%) 867 us (99%).
I0911 19:44:41.650364 2803597 AriaExecutor.h:535] Worker 3 latency: 573 us (50%) 720 us (75%) 837 us (95%) 866 us (99%).
I0911 19:44:41.725097 2803597 AriaExecutor.h:535] Worker 4 latency: 575 us (50%) 722 us (75%) 838 us (95%) 867 us (99%).
I0911 19:44:41.790287 2803597 AriaExecutor.h:535] Worker 5 latency: 571 us (50%) 719 us (75%) 837 us (95%) 866 us (99%).
I0911 19:44:41.854063 2803597 AriaExecutor.h:535] Worker 6 latency: 576 us (50%) 723 us (75%) 838 us (95%) 867 us (99%).
I0911 19:44:41.921202 2803597 AriaExecutor.h:535] Worker 7 latency: 572 us (50%) 719 us (75%) 837 us (95%) 865 us (99%).
I0911 19:44:41.995721 2803597 AriaExecutor.h:535] Worker 8 latency: 573 us (50%) 720 us (75%) 838 us (95%) 867 us (99%).
I0911 19:44:42.063241 2803597 AriaExecutor.h:535] Worker 9 latency: 571 us (50%) 719 us (75%) 837 us (95%) 866 us (99%).
I0911 19:44:42.128585 2803597 AriaExecutor.h:535] Worker 10 latency: 576 us (50%) 722 us (75%) 838 us (95%) 867 us (99%).
I0911 19:44:42.194144 2803597 AriaExecutor.h:535] Worker 11 latency: 572 us (50%) 719 us (75%) 837 us (95%) 866 us (99%).
I0911 19:44:42.269896 2803597 AriaExecutor.h:535] Worker 12 latency: 576 us (50%) 722 us (75%) 838 us (95%) 867 us (99%).
I0911 19:44:42.333096 2803597 AriaExecutor.h:535] Worker 13 latency: 571 us (50%) 719 us (75%) 837 us (95%) 866 us (99%).
I0911 19:44:42.407275 2803597 AriaExecutor.h:535] Worker 14 latency: 576 us (50%) 722 us (75%) 838 us (95%) 867 us (99%).
I0911 19:44:42.472329 2803597 AriaExecutor.h:535] Worker 15 latency: 572 us (50%) 719 us (75%) 837 us (95%) 866 us (99%).
I0911 19:44:42.537362 2803597 Coordinator.h:177] total commit: 1.07445e+06
I0911 19:44:43.537480 2803597 Coordinator.h:192] Coordinator exits.
