I0911 19:56:06.658963 2817239 Database.h:65] ycsb initialization finished in 197 milliseconds.
I0911 19:56:06.659080 2817239 Coordinator.h:30] Coordinator initializes 16 workers.
I0911 19:56:06.666733 2817239 Coordinator.h:77] Coordinator starts to run 17 workers.
I0911 19:56:06.666792 2817260 AriaExecutor.h:82] AriaExecutor 0 started. 
I0911 19:56:06.666839 2817261 AriaExecutor.h:82] AriaExecutor 1 started. 
I0911 19:56:06.666879 2817262 AriaExecutor.h:82] AriaExecutor 2 started. 
I0911 19:56:06.666953 2817263 AriaExecutor.h:82] AriaExecutor 3 started. 
I0911 19:56:06.666966 2817264 AriaExecutor.h:82] AriaExecutor 4 started. 
I0911 19:56:06.667032 2817265 AriaExecutor.h:82] AriaExecutor 5 started. 
I0911 19:56:06.667047 2817266 AriaExecutor.h:82] AriaExecutor 6 started. 
I0911 19:56:06.667104 2817267 AriaExecutor.h:82] AriaExecutor 7 started. 
I0911 19:56:06.667119 2817268 AriaExecutor.h:82] AriaExecutor 8 started. 
I0911 19:56:06.667177 2817269 AriaExecutor.h:82] AriaExecutor 9 started. 
I0911 19:56:06.667213 2817270 AriaExecutor.h:82] AriaExecutor 10 started. 
I0911 19:56:06.667274 2817271 AriaExecutor.h:82] AriaExecutor 11 started. 
I0911 19:56:06.667309 2817272 AriaExecutor.h:82] AriaExecutor 12 started. 
I0911 19:56:06.667354 2817273 AriaExecutor.h:82] AriaExecutor 13 started. 
I0911 19:56:06.667385 2817274 AriaExecutor.h:82] AriaExecutor 14 started. 
I0911 19:56:06.667428 2817275 AriaExecutor.h:82] AriaExecutor 15 started. 
I0911 19:56:06.667465 2817276 Manager.h:224] Manager(worker id = 16) on the coordinator node started.
I0911 19:56:07.667518 2817239 Coordinator.h:126] commit: 1305615 abort: 1009 (0/1009/0), network size: 0, avg network size: 0, si_in_serializable: 0 0 %, local: 0 %
I0911 19:56:08.667629 2817239 Coordinator.h:126] commit: 1301458 abort: 1070 (0/1070/0), network size: 0, avg network size: 0, si_in_serializable: 0 0 %, local: 0 %
I0911 19:56:09.667704 2817239 Coordinator.h:126] commit: 1251402 abort: 950 (0/950/0), network size: 0, avg network size: 0, si_in_serializable: 0 0 %, local: 0 %
I0911 19:56:10.667771 2817239 Coordinator.h:126] commit: 1265979 abort: 966 (0/966/0), network size: 0, avg network size: 0, si_in_serializable: 0 0 %, local: 0 %
I0911 19:56:11.667867 2817239 Coordinator.h:126] commit: 1300262 abort: 985 (0/985/0), network size: 0, avg network size: 0, si_in_serializable: 0 0 %, local: 0 %
I0911 19:56:12.667943 2817239 Coordinator.h:126] commit: 1319964 abort: 996 (0/996/0), network size: 0, avg network size: 0, si_in_serializable: 0 0 %, local: 0 %
I0911 19:56:13.668028 2817239 Coordinator.h:126] commit: 1301486 abort: 1042 (0/1042/0), network size: 0, avg network size: 0, si_in_serializable: 0 0 %, local: 0 %
I0911 19:56:14.668102 2817239 Coordinator.h:126] commit: 1314794 abort: 1046 (0/1046/0), network size: 0, avg network size: 0, si_in_serializable: 0 0 %, local: 0 %
I0911 19:56:15.668175 2817239 Coordinator.h:126] commit: 1316776 abort: 1112 (0/1112/0), network size: 0, avg network size: 0, si_in_serializable: 0 0 %, local: 0 %
I0911 19:56:16.668247 2817239 Coordinator.h:126] commit: 1319887 abort: 1073 (0/1073/0), network size: 0, avg network size: 0, si_in_serializable: 0 0 %, local: 0 %
I0911 19:56:17.668323 2817239 Coordinator.h:126] commit: 1314794 abort: 1046 (0/1046/0), network size: 0, avg network size: 0, si_in_serializable: 0 0 %, local: 0 %
I0911 19:56:18.668396 2817239 Coordinator.h:126] commit: 1287159 abort: 1033 (0/1033/0), network size: 0, avg network size: 0, si_in_serializable: 0 0 %, local: 0 %
I0911 19:56:19.668476 2817239 Coordinator.h:126] commit: 1275895 abort: 1033 (0/1033/0), network size: 0, avg network size: 0, si_in_serializable: 0 0 %, local: 0 %
I0911 19:56:20.668561 2817239 Coordinator.h:126] commit: 1282043 abort: 1029 (0/1029/0), network size: 0, avg network size: 0, si_in_serializable: 0 0 %, local: 0 %
I0911 19:56:21.668629 2817239 Coordinator.h:126] commit: 1316828 abort: 1060 (0/1060/0), network size: 0, avg network size: 0, si_in_serializable: 0 0 %, local: 0 %
I0911 19:56:22.668725 2817239 Coordinator.h:126] commit: 1308654 abort: 1042 (0/1042/0), network size: 0, avg network size: 0, si_in_serializable: 0 0 %, local: 0 %
I0911 19:56:23.668804 2817239 Coordinator.h:126] commit: 1319955 abort: 1005 (0/1005/0), network size: 0, avg network size: 0, si_in_serializable: 0 0 %, local: 0 %
I0911 19:56:24.668875 2817239 Coordinator.h:126] commit: 1315826 abort: 1038 (0/1038/0), network size: 0, avg network size: 0, si_in_serializable: 0 0 %, local: 0 %
I0911 19:56:25.668953 2817239 Coordinator.h:126] commit: 1319915 abort: 1045 (0/1045/0), network size: 0, avg network size: 0, si_in_serializable: 0 0 %, local: 0 %
I0911 19:56:26.669030 2817239 Coordinator.h:126] commit: 1315792 abort: 1072 (0/1072/0), network size: 0, avg network size: 0, si_in_serializable: 0 0 %, local: 0 %
I0911 19:56:27.669123 2817239 Coordinator.h:126] commit: 1319884 abort: 1076 (0/1076/0), network size: 0, avg network size: 0, si_in_serializable: 0 0 %, local: 0 %
I0911 19:56:28.669200 2817239 Coordinator.h:126] commit: 1290229 abort: 1035 (0/1035/0), network size: 0, avg network size: 0, si_in_serializable: 0 0 %, local: 0 %
I0911 19:56:29.669292 2817239 Coordinator.h:126] commit: 1320883 abort: 1101 (0/1101/0), network size: 0, avg network size: 0, si_in_serializable: 0 0 %, local: 0 %
I0911 19:56:30.669365 2817239 Coordinator.h:126] commit: 1316801 abort: 1087 (0/1087/0), network size: 0, avg network size: 0, si_in_serializable: 0 0 %, local: 0 %
I0911 19:56:31.669437 2817239 Coordinator.h:126] commit: 1289197 abort: 1043 (0/1043/0), network size: 0, avg network size: 0, si_in_serializable: 0 0 %, local: 0 %
I0911 19:56:31.669450 2817239 Coordinator.h:152] average commit: 1.30569e+06 abort: 1040.3 (0/1040.3/0), network size: 0, avg network size: 0, si_in_serializable: 0 0 %, local: 0 %
I0911 19:56:31.670215 2817276 Manager.h:227] Manager(worker id = 16) on the coordinator node exits.
I0911 19:56:31.670220 2817260 AriaExecutor.h:94] AriaExecutor 0 exits. 
I0911 19:56:31.670217 2817268 AriaExecutor.h:94] AriaExecutor 8 exits. 
I0911 19:56:31.670215 2817274 AriaExecutor.h:94] AriaExecutor 14 exits. 
I0911 19:56:31.670231 2817273 AriaExecutor.h:94] AriaExecutor 13 exits. 
I0911 19:56:31.670219 2817272 AriaExecutor.h:94] AriaExecutor 12 exits. 
I0911 19:56:31.670223 2817262 AriaExecutor.h:94] AriaExecutor 2 exits. 
I0911 19:56:31.670233 2817269 AriaExecutor.h:94] AriaExecutor 9 exits. 
I0911 19:56:31.670233 2817263 AriaExecutor.h:94] AriaExecutor 3 exits. 
I0911 19:56:31.670220 2817264 AriaExecutor.h:94] AriaExecutor 4 exits. 
I0911 19:56:31.670215 2817270 AriaExecutor.h:94] AriaExecutor 10 exits. 
I0911 19:56:31.670236 2817265 AriaExecutor.h:94] AriaExecutor 5 exits. 
I0911 19:56:31.670221 2817266 AriaExecutor.h:94] AriaExecutor 6 exits. 
I0911 19:56:31.670236 2817271 AriaExecutor.h:94] AriaExecutor 11 exits. 
I0911 19:56:31.670240 2817267 AriaExecutor.h:94] AriaExecutor 7 exits. 
I0911 19:56:31.670234 2817261 AriaExecutor.h:94] AriaExecutor 1 exits. 
I0911 19:56:31.670236 2817275 AriaExecutor.h:94] AriaExecutor 15 exits. 
I0911 19:56:31.669459 2817239 AriaExecutor.h:641] Worker 0 latency: 446 us (50%) 598 us (75%) 720 us (95%) 749 us (99%).
I0911 19:56:31.751824 2817239 AriaExecutor.h:641] Worker 1 latency: 444 us (50%) 596 us (75%) 719 us (95%) 748 us (99%).
I0911 19:56:31.840111 2817239 AriaExecutor.h:641] Worker 2 latency: 449 us (50%) 600 us (75%) 720 us (95%) 749 us (99%).
I0911 19:56:31.920979 2817239 AriaExecutor.h:641] Worker 3 latency: 444 us (50%) 596 us (75%) 719 us (95%) 748 us (99%).
I0911 19:56:32.010602 2817239 AriaExecutor.h:641] Worker 4 latency: 447 us (50%) 599 us (75%) 720 us (95%) 749 us (99%).
I0911 19:56:32.091326 2817239 AriaExecutor.h:641] Worker 5 latency: 443 us (50%) 596 us (75%) 719 us (95%) 748 us (99%).
I0911 19:56:32.181386 2817239 AriaExecutor.h:641] Worker 6 latency: 449 us (50%) 600 us (75%) 720 us (95%) 749 us (99%).
I0911 19:56:32.262948 2817239 AriaExecutor.h:641] Worker 7 latency: 443 us (50%) 596 us (75%) 719 us (95%) 748 us (99%).
I0911 19:56:32.352922 2817239 AriaExecutor.h:641] Worker 8 latency: 446 us (50%) 598 us (75%) 720 us (95%) 749 us (99%).
I0911 19:56:32.433729 2817239 AriaExecutor.h:641] Worker 9 latency: 443 us (50%) 595 us (75%) 718 us (95%) 748 us (99%).
I0911 19:56:32.523895 2817239 AriaExecutor.h:641] Worker 10 latency: 449 us (50%) 600 us (75%) 720 us (95%) 749 us (99%).
I0911 19:56:32.605511 2817239 AriaExecutor.h:641] Worker 11 latency: 444 us (50%) 596 us (75%) 719 us (95%) 748 us (99%).
I0911 19:56:32.695271 2817239 AriaExecutor.h:641] Worker 12 latency: 448 us (50%) 599 us (75%) 720 us (95%) 749 us (99%).
I0911 19:56:32.775653 2817239 AriaExecutor.h:641] Worker 13 latency: 443 us (50%) 595 us (75%) 718 us (95%) 748 us (99%).
I0911 19:56:32.866154 2817239 AriaExecutor.h:641] Worker 14 latency: 449 us (50%) 600 us (75%) 720 us (95%) 749 us (99%).
I0911 19:56:32.947844 2817239 AriaExecutor.h:641] Worker 15 latency: 445 us (50%) 596 us (75%) 719 us (95%) 748 us (99%).
I0911 19:56:33.038223 2817239 Coordinator.h:177] total commit: 1.30569e+06
I0911 19:56:34.038344 2817239 Coordinator.h:192] Coordinator exits.
