I0911 19:59:45.961009 2821488 Database.h:65] ycsb initialization finished in 146 milliseconds.
I0911 19:59:45.961125 2821488 Coordinator.h:30] Coordinator initializes 16 workers.
I0911 19:59:45.968775 2821488 Coordinator.h:77] Coordinator starts to run 17 workers.
I0911 19:59:45.968844 2821508 AriaExecutor.h:82] AriaExecutor 0 started. 
I0911 19:59:45.968879 2821509 AriaExecutor.h:82] AriaExecutor 1 started. 
I0911 19:59:45.968922 2821510 AriaExecutor.h:82] AriaExecutor 2 started. 
I0911 19:59:45.969003 2821511 AriaExecutor.h:82] AriaExecutor 3 started. 
I0911 19:59:45.969007 2821512 AriaExecutor.h:82] AriaExecutor 4 started. 
I0911 19:59:45.969082 2821513 AriaExecutor.h:82] AriaExecutor 5 started. 
I0911 19:59:45.969086 2821514 AriaExecutor.h:82] AriaExecutor 6 started. 
I0911 19:59:45.969143 2821515 AriaExecutor.h:82] AriaExecutor 7 started. 
I0911 19:59:45.969162 2821516 AriaExecutor.h:82] AriaExecutor 8 started. 
I0911 19:59:45.969213 2821517 AriaExecutor.h:82] AriaExecutor 9 started. 
I0911 19:59:45.969252 2821518 AriaExecutor.h:82] AriaExecutor 10 started. 
I0911 19:59:45.969302 2821519 AriaExecutor.h:82] AriaExecutor 11 started. 
I0911 19:59:45.969336 2821520 AriaExecutor.h:82] AriaExecutor 12 started. 
I0911 19:59:45.969393 2821521 AriaExecutor.h:82] AriaExecutor 13 started. 
I0911 19:59:45.969429 2821522 AriaExecutor.h:82] AriaExecutor 14 started. 
I0911 19:59:45.969467 2821523 AriaExecutor.h:82] AriaExecutor 15 started. 
I0911 19:59:45.969503 2821524 Manager.h:224] Manager(worker id = 16) on the coordinator node started.
I0911 19:59:46.969554 2821488 Coordinator.h:126] commit: 1300849 abort: 2703 (0/2703/0), network size: 0, avg network size: 0, si_in_serializable: 0 0 %, local: 0 %
I0911 19:59:47.969657 2821488 Coordinator.h:126] commit: 1291632 abort: 2704 (0/2704/0), network size: 0, avg network size: 0, si_in_serializable: 0 0 %, local: 0 %
I0911 19:59:48.969740 2821488 Coordinator.h:126] commit: 1243526 abort: 2682 (0/2682/0), network size: 0, avg network size: 0, si_in_serializable: 0 0 %, local: 0 %
I0911 19:59:49.969827 2821488 Coordinator.h:126] commit: 1263979 abort: 2709 (0/2709/0), network size: 0, avg network size: 0, si_in_serializable: 0 0 %, local: 0 %
I0911 19:59:50.969928 2821488 Coordinator.h:126] commit: 1304844 abort: 2804 (0/2804/0), network size: 0, avg network size: 0, si_in_serializable: 0 0 %, local: 0 %
I0911 19:59:51.970029 2821488 Coordinator.h:126] commit: 1317074 abort: 2862 (0/2862/0), network size: 0, avg network size: 0, si_in_serializable: 0 0 %, local: 0 %
I0911 19:59:52.970121 2821488 Coordinator.h:126] commit: 1297737 abort: 2743 (0/2743/0), network size: 0, avg network size: 0, si_in_serializable: 0 0 %, local: 0 %
I0911 19:59:53.970214 2821488 Coordinator.h:126] commit: 1313037 abort: 2803 (0/2803/0), network size: 0, avg network size: 0, si_in_serializable: 0 0 %, local: 0 %
I0911 19:59:54.970289 2821488 Coordinator.h:126] commit: 1312944 abort: 2896 (0/2896/0), network size: 0, avg network size: 0, si_in_serializable: 0 0 %, local: 0 %
I0911 19:59:55.970371 2821488 Coordinator.h:126] commit: 1318230 abort: 2730 (0/2730/0), network size: 0, avg network size: 0, si_in_serializable: 0 0 %, local: 0 %
I0911 19:59:56.970443 2821488 Coordinator.h:126] commit: 1276241 abort: 2735 (0/2735/0), network size: 0, avg network size: 0, si_in_serializable: 0 0 %, local: 0 %
I0911 19:59:57.970525 2821488 Coordinator.h:126] commit: 1316140 abort: 2772 (0/2772/0), network size: 0, avg network size: 0, si_in_serializable: 0 0 %, local: 0 %
I0911 19:59:58.970633 2821488 Coordinator.h:126] commit: 1231316 abort: 2604 (0/2604/0), network size: 0, avg network size: 0, si_in_serializable: 0 0 %, local: 0 %
I0911 19:59:59.970736 2821488 Coordinator.h:126] commit: 1315097 abort: 2791 (0/2791/0), network size: 0, avg network size: 0, si_in_serializable: 0 0 %, local: 0 %
I0911 20:00:00.970842 2821488 Coordinator.h:126] commit: 1302813 abort: 2787 (0/2787/0), network size: 0, avg network size: 0, si_in_serializable: 0 0 %, local: 0 %
I0911 20:00:01.970927 2821488 Coordinator.h:126] commit: 1318046 abort: 2914 (0/2914/0), network size: 0, avg network size: 0, si_in_serializable: 0 0 %, local: 0 %
I0911 20:00:02.971009 2821488 Coordinator.h:126] commit: 1316112 abort: 2800 (0/2800/0), network size: 0, avg network size: 0, si_in_serializable: 0 0 %, local: 0 %
I0911 20:00:03.971093 2821488 Coordinator.h:126] commit: 1315038 abort: 2850 (0/2850/0), network size: 0, avg network size: 0, si_in_serializable: 0 0 %, local: 0 %
I0911 20:00:04.971169 2821488 Coordinator.h:126] commit: 1317173 abort: 2763 (0/2763/0), network size: 0, avg network size: 0, si_in_serializable: 0 0 %, local: 0 %
I0911 20:00:05.971246 2821488 Coordinator.h:126] commit: 1315178 abort: 2710 (0/2710/0), network size: 0, avg network size: 0, si_in_serializable: 0 0 %, local: 0 %
I0911 20:00:06.971341 2821488 Coordinator.h:126] commit: 1318115 abort: 2845 (0/2845/0), network size: 0, avg network size: 0, si_in_serializable: 0 0 %, local: 0 %
I0911 20:00:07.971421 2821488 Coordinator.h:126] commit: 1310945 abort: 2847 (0/2847/0), network size: 0, avg network size: 0, si_in_serializable: 0 0 %, local: 0 %
I0911 20:00:08.971518 2821488 Coordinator.h:126] commit: 1313026 abort: 2814 (0/2814/0), network size: 0, avg network size: 0, si_in_serializable: 0 0 %, local: 0 %
I0911 20:00:09.971594 2821488 Coordinator.h:126] commit: 1289640 abort: 2648 (0/2648/0), network size: 0, avg network size: 0, si_in_serializable: 0 0 %, local: 0 %
I0911 20:00:10.971669 2821488 Coordinator.h:126] commit: 1319204 abort: 2780 (0/2780/0), network size: 0, avg network size: 0, si_in_serializable: 0 0 %, local: 0 %
I0911 20:00:10.971680 2821488 Coordinator.h:152] average commit: 1.30232e+06 abort: 2772.6 (0/2772.6/0), network size: 0, avg network size: 0, si_in_serializable: 0 0 %, local: 0 %
I0911 20:00:10.972450 2821520 AriaExecutor.h:94] AriaExecutor 12 exits. 
I0911 20:00:10.972457 2821518 AriaExecutor.h:94] AriaExecutor 10 exits. 
I0911 20:00:10.972455 2821516 AriaExecutor.h:94] AriaExecutor 8 exits. 
I0911 20:00:10.972452 2821522 AriaExecutor.h:94] AriaExecutor 14 exits. 
I0911 20:00:10.972456 2821508 AriaExecutor.h:94] AriaExecutor 0 exits. 
I0911 20:00:10.972460 2821512 AriaExecutor.h:94] AriaExecutor 4 exits. 
I0911 20:00:10.972479 2821509 AriaExecutor.h:94] AriaExecutor 1 exits. 
I0911 20:00:10.972470 2821519 AriaExecutor.h:94] AriaExecutor 11 exits. 
I0911 20:00:10.972455 2821524 Manager.h:227] Manager(worker id = 16) on the coordinator node exits.
I0911 20:00:10.972476 2821517 AriaExecutor.h:94] AriaExecutor 9 exits. 
I0911 20:00:10.972476 2821513 AriaExecutor.h:94] AriaExecutor 5 exits. 
I0911 20:00:10.972471 2821521 AriaExecutor.h:94] AriaExecutor 13 exits. 
I0911 20:00:10.972460 2821510 AriaExecutor.h:94] AriaExecutor 2 exits. 
I0911 20:00:10.972478 2821515 AriaExecutor.h:94] AriaExecutor 7 exits. 
I0911 20:00:10.972473 2821523 AriaExecutor.h:94] AriaExecutor 15 exits. 
I0911 20:00:10.972481 2821511 AriaExecutor.h:94] AriaExecutor 3 exits. 
I0911 20:00:10.972458 2821514 AriaExecutor.h:94] AriaExecutor 6 exits. 
I0911 20:00:10.971689 2821488 AriaExecutor.h:641] Worker 0 latency: 447 us (50%) 598 us (75%) 720 us (95%) 750 us (99%).
I0911 20:00:11.052505 2821488 AriaExecutor.h:641] Worker 1 latency: 446 us (50%) 597 us (75%) 719 us (95%) 749 us (99%).
I0911 20:00:11.142563 2821488 AriaExecutor.h:641] Worker 2 latency: 451 us (50%) 600 us (75%) 721 us (95%) 750 us (99%).
I0911 20:00:11.223060 2821488 AriaExecutor.h:641] Worker 3 latency: 446 us (50%) 597 us (75%) 719 us (95%) 749 us (99%).
I0911 20:00:11.313555 2821488 AriaExecutor.h:641] Worker 4 latency: 449 us (50%) 599 us (75%) 720 us (95%) 750 us (99%).
I0911 20:00:11.394810 2821488 AriaExecutor.h:641] Worker 5 latency: 445 us (50%) 596 us (75%) 719 us (95%) 749 us (99%).
I0911 20:00:11.486128 2821488 AriaExecutor.h:641] Worker 6 latency: 450 us (50%) 599 us (75%) 720 us (95%) 750 us (99%).
I0911 20:00:11.568696 2821488 AriaExecutor.h:641] Worker 7 latency: 445 us (50%) 597 us (75%) 719 us (95%) 749 us (99%).
I0911 20:00:11.658280 2821488 AriaExecutor.h:641] Worker 8 latency: 448 us (50%) 599 us (75%) 720 us (95%) 750 us (99%).
I0911 20:00:11.740312 2821488 AriaExecutor.h:641] Worker 9 latency: 446 us (50%) 596 us (75%) 719 us (95%) 749 us (99%).
I0911 20:00:11.830156 2821488 AriaExecutor.h:641] Worker 10 latency: 450 us (50%) 600 us (75%) 720 us (95%) 750 us (99%).
I0911 20:00:11.910599 2821488 AriaExecutor.h:641] Worker 11 latency: 446 us (50%) 597 us (75%) 719 us (95%) 749 us (99%).
I0911 20:00:11.999831 2821488 AriaExecutor.h:641] Worker 12 latency: 450 us (50%) 600 us (75%) 720 us (95%) 750 us (99%).
I0911 20:00:12.081279 2821488 AriaExecutor.h:641] Worker 13 latency: 444 us (50%) 596 us (75%) 719 us (95%) 749 us (99%).
I0911 20:00:12.171747 2821488 AriaExecutor.h:641] Worker 14 latency: 451 us (50%) 600 us (75%) 720 us (95%) 750 us (99%).
I0911 20:00:12.253532 2821488 AriaExecutor.h:641] Worker 15 latency: 446 us (50%) 596 us (75%) 719 us (95%) 749 us (99%).
I0911 20:00:12.343482 2821488 Coordinator.h:177] total commit: 1.30232e+06
I0911 20:00:13.343585 2821488 Coordinator.h:192] Coordinator exits.
