I0911 19:58:51.347930 2820595 Database.h:65] ycsb initialization finished in 145 milliseconds.
I0911 19:58:51.348052 2820595 Coordinator.h:30] Coordinator initializes 16 workers.
I0911 19:58:51.355787 2820595 Coordinator.h:77] Coordinator starts to run 17 workers.
I0911 19:58:51.355840 2820622 AriaExecutor.h:82] AriaExecutor 0 started. 
I0911 19:58:51.355902 2820624 AriaExecutor.h:82] AriaExecutor 2 started. 
I0911 19:58:51.355959 2820625 AriaExecutor.h:82] AriaExecutor 3 started. 
I0911 19:58:51.355991 2820626 AriaExecutor.h:82] AriaExecutor 4 started. 
I0911 19:58:51.356060 2820627 AriaExecutor.h:82] AriaExecutor 5 started. 
I0911 19:58:51.356074 2820628 AriaExecutor.h:82] AriaExecutor 6 started. 
I0911 19:58:51.356127 2820629 AriaExecutor.h:82] AriaExecutor 7 started. 
I0911 19:58:51.356151 2820630 AriaExecutor.h:82] AriaExecutor 8 started. 
I0911 19:58:51.356201 2820631 AriaExecutor.h:82] AriaExecutor 9 started. 
I0911 19:58:51.356233 2820632 AriaExecutor.h:82] AriaExecutor 10 started. 
I0911 19:58:51.356276 2820633 AriaExecutor.h:82] AriaExecutor 11 started. 
I0911 19:58:51.356309 2820634 AriaExecutor.h:82] AriaExecutor 12 started. 
I0911 19:58:51.356355 2820635 AriaExecutor.h:82] AriaExecutor 13 started. 
I0911 19:58:51.356388 2820636 AriaExecutor.h:82] AriaExecutor 14 started. 
I0911 19:58:51.356432 2820637 AriaExecutor.h:82] AriaExecutor 15 started. 
I0911 19:58:51.356468 2820638 Manager.h:224] Manager(worker id = 16) on the coordinator node started.
I0911 19:58:51.356771 2820623 AriaExecutor.h:82] AriaExecutor 1 started. 
I0911 19:58:52.356518 2820595 Coordinator.h:126] commit: 1093567 abort: 7233 (0/7233/0), network size: 0, avg network size: 0, si_in_serializable: 0 0 %, local: 0 %
I0911 19:58:53.356621 2820595 Coordinator.h:126] commit: 1089365 abort: 7339 (0/7339/0), network size: 0, avg network size: 0, si_in_serializable: 0 0 %, local: 0 %
I0911 19:58:54.356701 2820595 Coordinator.h:126] commit: 1052820 abort: 7020 (0/7020/0), network size: 0, avg network size: 0, si_in_serializable: 0 0 %, local: 0 %
I0911 19:58:55.356791 2820595 Coordinator.h:126] commit: 1062894 abort: 7186 (0/7186/0), network size: 0, avg network size: 0, si_in_serializable: 0 0 %, local: 0 %
I0911 19:58:56.356896 2820595 Coordinator.h:126] commit: 1094515 abort: 7309 (0/7309/0), network size: 0, avg network size: 0, si_in_serializable: 0 0 %, local: 0 %
I0911 19:58:57.356999 2820595 Coordinator.h:126] commit: 1106686 abort: 7426 (0/7426/0), network size: 0, avg network size: 0, si_in_serializable: 0 0 %, local: 0 %
I0911 19:58:58.357084 2820595 Coordinator.h:126] commit: 1107698 abort: 7438 (0/7438/0), network size: 0, avg network size: 0, si_in_serializable: 0 0 %, local: 0 %
I0911 19:58:59.357175 2820595 Coordinator.h:126] commit: 1084376 abort: 7208 (0/7208/0), network size: 0, avg network size: 0, si_in_serializable: 0 0 %, local: 0 %
I0911 19:59:00.357259 2820595 Coordinator.h:126] commit: 1106841 abort: 7271 (0/7271/0), network size: 0, avg network size: 0, si_in_serializable: 0 0 %, local: 0 %
I0911 19:59:01.357343 2820595 Coordinator.h:126] commit: 1082475 abort: 7061 (0/7061/0), network size: 0, avg network size: 0, si_in_serializable: 0 0 %, local: 0 %
I0911 19:59:02.357455 2820595 Coordinator.h:126] commit: 1106833 abort: 7279 (0/7279/0), network size: 0, avg network size: 0, si_in_serializable: 0 0 %, local: 0 %
I0911 19:59:03.357554 2820595 Coordinator.h:126] commit: 1072075 abort: 7221 (0/7221/0), network size: 0, avg network size: 0, si_in_serializable: 0 0 %, local: 0 %
I0911 19:59:04.357628 2820595 Coordinator.h:126] commit: 1109748 abort: 7436 (0/7436/0), network size: 0, avg network size: 0, si_in_serializable: 0 0 %, local: 0 %
I0911 19:59:05.357699 2820595 Coordinator.h:126] commit: 1089383 abort: 7321 (0/7321/0), network size: 0, avg network size: 0, si_in_serializable: 0 0 %, local: 0 %
I0911 19:59:06.357815 2820595 Coordinator.h:126] commit: 1108697 abort: 7463 (0/7463/0), network size: 0, avg network size: 0, si_in_serializable: 0 0 %, local: 0 %
I0911 19:59:07.357894 2820595 Coordinator.h:126] commit: 1067030 abort: 7146 (0/7146/0), network size: 0, avg network size: 0, si_in_serializable: 0 0 %, local: 0 %
I0911 19:59:08.357964 2820595 Coordinator.h:126] commit: 1107721 abort: 7415 (0/7415/0), network size: 0, avg network size: 0, si_in_serializable: 0 0 %, local: 0 %
I0911 19:59:09.358031 2820595 Coordinator.h:126] commit: 1103637 abort: 7403 (0/7403/0), network size: 0, avg network size: 0, si_in_serializable: 0 0 %, local: 0 %
I0911 19:59:10.358108 2820595 Coordinator.h:126] commit: 1108698 abort: 7462 (0/7462/0), network size: 0, avg network size: 0, si_in_serializable: 0 0 %, local: 0 %
I0911 19:59:11.358177 2820595 Coordinator.h:126] commit: 1103721 abort: 7319 (0/7319/0), network size: 0, avg network size: 0, si_in_serializable: 0 0 %, local: 0 %
I0911 19:59:12.358250 2820595 Coordinator.h:126] commit: 1106631 abort: 7481 (0/7481/0), network size: 0, avg network size: 0, si_in_serializable: 0 0 %, local: 0 %
I0911 19:59:13.358335 2820595 Coordinator.h:126] commit: 1101572 abort: 7420 (0/7420/0), network size: 0, avg network size: 0, si_in_serializable: 0 0 %, local: 0 %
I0911 19:59:14.358417 2820595 Coordinator.h:126] commit: 1107794 abort: 7342 (0/7342/0), network size: 0, avg network size: 0, si_in_serializable: 0 0 %, local: 0 %
I0911 19:59:15.358490 2820595 Coordinator.h:126] commit: 1103569 abort: 7471 (0/7471/0), network size: 0, avg network size: 0, si_in_serializable: 0 0 %, local: 0 %
I0911 19:59:16.358562 2820595 Coordinator.h:126] commit: 1104649 abort: 7415 (0/7415/0), network size: 0, avg network size: 0, si_in_serializable: 0 0 %, local: 0 %
I0911 19:59:16.358574 2820595 Coordinator.h:152] average commit: 1.09775e+06 abort: 7346.5 (0/7346.5/0), network size: 0, avg network size: 0, si_in_serializable: 0 0 %, local: 0 %
I0911 19:59:16.358875 2820630 AriaExecutor.h:94] AriaExecutor 8 exits. 
I0911 19:59:16.358886 2820636 AriaExecutor.h:94] AriaExecutor 14 exits. 
I0911 19:59:16.358881 2820624 AriaExecutor.h:94] AriaExecutor 2 exits. 
I0911 19:59:16.358894 2820633 AriaExecutor.h:94] AriaExecutor 11 exits. 
I0911 19:59:16.358882 2820634 AriaExecutor.h:94] AriaExecutor 12 exits. 
I0911 19:59:16.358879 2820626 AriaExecutor.h:94] AriaExecutor 4 exits. 
I0911 19:59:16.358883 2820628 AriaExecutor.h:94] AriaExecutor 6 exits. 
I0911 19:59:16.358898 2820635 AriaExecutor.h:94] AriaExecutor 13 exits. 
I0911 19:59:16.358898 2820637 AriaExecutor.h:94] AriaExecutor 15 exits. 
I0911 19:59:16.358877 2820622 AriaExecutor.h:94] AriaExecutor 0 exits. 
I0911 19:59:16.358903 2820631 AriaExecutor.h:94] AriaExecutor 9 exits. 
I0911 19:59:16.358886 2820638 Manager.h:227] Manager(worker id = 16) on the coordinator node exits.
I0911 19:59:16.358896 2820623 AriaExecutor.h:94] AriaExecutor 1 exits. 
I0911 19:59:16.358896 2820629 AriaExecutor.h:94] AriaExecutor 7 exits. 
I0911 19:59:16.358882 2820632 AriaExecutor.h:94] AriaExecutor 10 exits. 
I0911 19:59:16.358912 2820625 AriaExecutor.h:94] AriaExecutor 3 exits. 
I0911 19:59:16.358919 2820627 AriaExecutor.h:94] AriaExecutor 5 exits. 
I0911 19:59:16.358583 2820595 AriaExecutor.h:641] Worker 0 latency: 579 us (50%) 729 us (75%) 849 us (95%) 878 us (99%).
I0911 19:59:16.427441 2820595 AriaExecutor.h:641] Worker 1 latency: 577 us (50%) 727 us (75%) 848 us (95%) 877 us (99%).
I0911 19:59:16.495564 2820595 AriaExecutor.h:641] Worker 2 latency: 582 us (50%) 731 us (75%) 850 us (95%) 878 us (99%).
I0911 19:59:16.565323 2820595 AriaExecutor.h:641] Worker 3 latency: 578 us (50%) 728 us (75%) 848 us (95%) 877 us (99%).
I0911 19:59:16.632426 2820595 AriaExecutor.h:641] Worker 4 latency: 581 us (50%) 730 us (75%) 849 us (95%) 878 us (99%).
I0911 19:59:16.701347 2820595 AriaExecutor.h:641] Worker 5 latency: 577 us (50%) 727 us (75%) 848 us (95%) 877 us (99%).
I0911 19:59:16.777319 2820595 AriaExecutor.h:641] Worker 6 latency: 581 us (50%) 730 us (75%) 849 us (95%) 878 us (99%).
I0911 19:59:16.845793 2820595 AriaExecutor.h:641] Worker 7 latency: 578 us (50%) 728 us (75%) 848 us (95%) 877 us (99%).
I0911 19:59:16.922355 2820595 AriaExecutor.h:641] Worker 8 latency: 580 us (50%) 729 us (75%) 849 us (95%) 878 us (99%).
I0911 19:59:16.987775 2820595 AriaExecutor.h:641] Worker 9 latency: 577 us (50%) 727 us (75%) 848 us (95%) 877 us (99%).
I0911 19:59:17.063951 2820595 AriaExecutor.h:641] Worker 10 latency: 581 us (50%) 730 us (75%) 849 us (95%) 878 us (99%).
I0911 19:59:17.131887 2820595 AriaExecutor.h:641] Worker 11 latency: 578 us (50%) 728 us (75%) 848 us (95%) 877 us (99%).
I0911 19:59:17.208446 2820595 AriaExecutor.h:641] Worker 12 latency: 581 us (50%) 730 us (75%) 849 us (95%) 878 us (99%).
I0911 19:59:17.276657 2820595 AriaExecutor.h:641] Worker 13 latency: 577 us (50%) 726 us (75%) 848 us (95%) 877 us (99%).
I0911 19:59:17.354662 2820595 AriaExecutor.h:641] Worker 14 latency: 582 us (50%) 730 us (75%) 849 us (95%) 878 us (99%).
I0911 19:59:17.423748 2820595 AriaExecutor.h:641] Worker 15 latency: 579 us (50%) 728 us (75%) 848 us (95%) 877 us (99%).
I0911 19:59:17.500501 2820595 Coordinator.h:177] total commit: 1.09775e+06
I0911 19:59:18.500607 2820595 Coordinator.h:192] Coordinator exits.
