I0911 19:51:05.445318 2811263 Database.h:65] ycsb initialization finished in 174 milliseconds.
I0911 19:51:05.445447 2811263 Coordinator.h:30] Coordinator initializes 16 workers.
I0911 19:51:05.453167 2811263 Coordinator.h:77] Coordinator starts to run 17 workers.
I0911 19:51:05.453223 2811283 AriaExecutor.h:82] AriaExecutor 0 started. 
I0911 19:51:05.453263 2811284 AriaExecutor.h:82] AriaExecutor 1 started. 
I0911 19:51:05.453299 2811285 AriaExecutor.h:82] AriaExecutor 2 started. 
I0911 19:51:05.453380 2811286 AriaExecutor.h:82] AriaExecutor 3 started. 
I0911 19:51:05.453393 2811287 AriaExecutor.h:82] AriaExecutor 4 started. 
I0911 19:51:05.453450 2811288 AriaExecutor.h:82] AriaExecutor 5 started. 
I0911 19:51:05.453477 2811289 AriaExecutor.h:82] AriaExecutor 6 started. 
I0911 19:51:05.453523 2811290 AriaExecutor.h:82] AriaExecutor 7 started. 
I0911 19:51:05.453558 2811291 AriaExecutor.h:82] AriaExecutor 8 started. 
I0911 19:51:05.453609 2811292 AriaExecutor.h:82] AriaExecutor 9 started. 
I0911 19:51:05.453639 2811293 AriaExecutor.h:82] AriaExecutor 10 started. 
I0911 19:51:05.453687 2811294 AriaExecutor.h:82] AriaExecutor 11 started. 
I0911 19:51:05.453725 2811295 AriaExecutor.h:82] AriaExecutor 12 started. 
I0911 19:51:05.453773 2811296 AriaExecutor.h:82] AriaExecutor 13 started. 
I0911 19:51:05.453810 2811297 AriaExecutor.h:82] AriaExecutor 14 started. 
I0911 19:51:05.453850 2811298 AriaExecutor.h:82] AriaExecutor 15 started. 
I0911 19:51:05.453888 2811299 Manager.h:224] Manager(worker id = 16) on the coordinator node started.
I0911 19:51:06.453953 2811263 Coordinator.h:126] commit: 236322 abort: 29918 (0/29918/0), network size: 0, avg network size: 0, si_in_serializable: 0 0 %, local: 0 %
I0911 19:51:07.454104 2811263 Coordinator.h:126] commit: 237378 abort: 29886 (0/29886/0), network size: 0, avg network size: 0, si_in_serializable: 0 0 %, local: 0 %
I0911 19:51:08.454219 2811263 Coordinator.h:126] commit: 228050 abort: 28974 (0/28974/0), network size: 0, avg network size: 0, si_in_serializable: 0 0 %, local: 0 %
I0911 19:51:09.454346 2811263 Coordinator.h:126] commit: 233010 abort: 29134 (0/29134/0), network size: 0, avg network size: 0, si_in_serializable: 0 0 %, local: 0 %
I0911 19:51:10.454481 2811263 Coordinator.h:126] commit: 239146 abort: 30166 (0/30166/0), network size: 0, avg network size: 0, si_in_serializable: 0 0 %, local: 0 %
I0911 19:51:11.454583 2811263 Coordinator.h:126] commit: 242992 abort: 30416 (0/30416/0), network size: 0, avg network size: 0, si_in_serializable: 0 0 %, local: 0 %
I0911 19:51:12.454680 2811263 Coordinator.h:126] commit: 242789 abort: 30619 (0/30619/0), network size: 0, avg network size: 0, si_in_serializable: 0 0 %, local: 0 %
I0911 19:51:13.454782 2811263 Coordinator.h:126] commit: 240992 abort: 30368 (0/30368/0), network size: 0, avg network size: 0, si_in_serializable: 0 0 %, local: 0 %
I0911 19:51:14.454891 2811263 Coordinator.h:126] commit: 231125 abort: 28971 (0/28971/0), network size: 0, avg network size: 0, si_in_serializable: 0 0 %, local: 0 %
I0911 19:51:15.455008 2811263 Coordinator.h:126] commit: 236419 abort: 29821 (0/29821/0), network size: 0, avg network size: 0, si_in_serializable: 0 0 %, local: 0 %
I0911 19:51:16.455111 2811263 Coordinator.h:126] commit: 240979 abort: 30381 (0/30381/0), network size: 0, avg network size: 0, si_in_serializable: 0 0 %, local: 0 %
I0911 19:51:17.455265 2811263 Coordinator.h:126] commit: 241688 abort: 30696 (0/30696/0), network size: 0, avg network size: 0, si_in_serializable: 0 0 %, local: 0 %
I0911 19:51:18.455389 2811263 Coordinator.h:126] commit: 240876 abort: 30484 (0/30484/0), network size: 0, avg network size: 0, si_in_serializable: 0 0 %, local: 0 %
I0911 19:51:19.455503 2811263 Coordinator.h:126] commit: 243731 abort: 30701 (0/30701/0), network size: 0, avg network size: 0, si_in_serializable: 0 0 %, local: 0 %
I0911 19:51:20.455612 2811263 Coordinator.h:126] commit: 240889 abort: 30471 (0/30471/0), network size: 0, avg network size: 0, si_in_serializable: 0 0 %, local: 0 %
I0911 19:51:21.455730 2811263 Coordinator.h:126] commit: 241815 abort: 30569 (0/30569/0), network size: 0, avg network size: 0, si_in_serializable: 0 0 %, local: 0 %
I0911 19:51:22.455837 2811263 Coordinator.h:126] commit: 241832 abort: 30552 (0/30552/0), network size: 0, avg network size: 0, si_in_serializable: 0 0 %, local: 0 %
I0911 19:51:23.455957 2811263 Coordinator.h:126] commit: 239003 abort: 30309 (0/30309/0), network size: 0, avg network size: 0, si_in_serializable: 0 0 %, local: 0 %
I0911 19:51:24.456080 2811263 Coordinator.h:126] commit: 242896 abort: 30512 (0/30512/0), network size: 0, avg network size: 0, si_in_serializable: 0 0 %, local: 0 %
I0911 19:51:25.456193 2811263 Coordinator.h:126] commit: 238384 abort: 29904 (0/29904/0), network size: 0, avg network size: 0, si_in_serializable: 0 0 %, local: 0 %
I0911 19:51:26.456300 2811263 Coordinator.h:126] commit: 235595 abort: 29621 (0/29621/0), network size: 0, avg network size: 0, si_in_serializable: 0 0 %, local: 0 %
I0911 19:51:27.456409 2811263 Coordinator.h:126] commit: 236959 abort: 30305 (0/30305/0), network size: 0, avg network size: 0, si_in_serializable: 0 0 %, local: 0 %
I0911 19:51:28.456560 2811263 Coordinator.h:126] commit: 242673 abort: 30735 (0/30735/0), network size: 0, avg network size: 0, si_in_serializable: 0 0 %, local: 0 %
I0911 19:51:29.456681 2811263 Coordinator.h:126] commit: 241020 abort: 30340 (0/30340/0), network size: 0, avg network size: 0, si_in_serializable: 0 0 %, local: 0 %
I0911 19:51:30.456800 2811263 Coordinator.h:126] commit: 243030 abort: 30378 (0/30378/0), network size: 0, avg network size: 0, si_in_serializable: 0 0 %, local: 0 %
I0911 19:51:30.456825 2811263 Coordinator.h:152] average commit: 241209 abort: 30457.9 (0/30457.9/0), network size: 0, avg network size: 0, si_in_serializable: 0 0 %, local: 0 %
I0911 19:51:30.460296 2811297 AriaExecutor.h:94] AriaExecutor 14 exits. 
I0911 19:51:30.460302 2811291 AriaExecutor.h:94] AriaExecutor 8 exits. 
I0911 19:51:30.460297 2811289 AriaExecutor.h:94] AriaExecutor 6 exits. 
I0911 19:51:30.460302 2811293 AriaExecutor.h:94] AriaExecutor 10 exits. 
I0911 19:51:30.460304 2811287 AriaExecutor.h:94] AriaExecutor 4 exits. 
I0911 19:51:30.460299 2811285 AriaExecutor.h:94] AriaExecutor 2 exits. 
I0911 19:51:30.460330 2811290 AriaExecutor.h:94] AriaExecutor 7 exits. 
I0911 19:51:30.460299 2811295 AriaExecutor.h:94] AriaExecutor 12 exits. 
I0911 19:51:30.460314 2811294 AriaExecutor.h:94] AriaExecutor 11 exits. 
I0911 19:51:30.460315 2811298 AriaExecutor.h:94] AriaExecutor 15 exits. 
I0911 19:51:30.460315 2811286 AriaExecutor.h:94] AriaExecutor 3 exits. 
I0911 19:51:30.460315 2811288 AriaExecutor.h:94] AriaExecutor 5 exits. 
I0911 19:51:30.460315 2811292 AriaExecutor.h:94] AriaExecutor 9 exits. 
I0911 19:51:30.460315 2811296 AriaExecutor.h:94] AriaExecutor 13 exits. 
I0911 19:51:30.460317 2811284 AriaExecutor.h:94] AriaExecutor 1 exits. 
I0911 19:51:30.460299 2811283 AriaExecutor.h:94] AriaExecutor 0 exits. 
I0911 19:51:30.460299 2811299 Manager.h:227] Manager(worker id = 16) on the coordinator node exits.
I0911 19:51:30.456835 2811263 AriaExecutor.h:641] Worker 0 latency: 2604 us (50%) 3128 us (75%) 3522 us (95%) 3634 us (99%).
I0911 19:51:30.474685 2811263 AriaExecutor.h:641] Worker 1 latency: 2592 us (50%) 3122 us (75%) 3521 us (95%) 3631 us (99%).
I0911 19:51:30.493860 2811263 AriaExecutor.h:641] Worker 2 latency: 2617 us (50%) 3134 us (75%) 3522 us (95%) 3634 us (99%).
I0911 19:51:30.511416 2811263 AriaExecutor.h:641] Worker 3 latency: 2600 us (50%) 3125 us (75%) 3521 us (95%) 3632 us (99%).
I0911 19:51:30.530638 2811263 AriaExecutor.h:641] Worker 4 latency: 2600 us (50%) 3126 us (75%) 3522 us (95%) 3633 us (99%).
I0911 19:51:30.548377 2811263 AriaExecutor.h:641] Worker 5 latency: 2589 us (50%) 3120 us (75%) 3521 us (95%) 3633 us (99%).
I0911 19:51:30.567524 2811263 AriaExecutor.h:641] Worker 6 latency: 2613 us (50%) 3133 us (75%) 3523 us (95%) 3634 us (99%).
I0911 19:51:30.585122 2811263 AriaExecutor.h:641] Worker 7 latency: 2597 us (50%) 3125 us (75%) 3522 us (95%) 3633 us (99%).
I0911 19:51:30.604211 2811263 AriaExecutor.h:641] Worker 8 latency: 2606 us (50%) 3129 us (75%) 3522 us (95%) 3634 us (99%).
I0911 19:51:30.621727 2811263 AriaExecutor.h:641] Worker 9 latency: 2595 us (50%) 3124 us (75%) 3521 us (95%) 3632 us (99%).
I0911 19:51:30.640797 2811263 AriaExecutor.h:641] Worker 10 latency: 2619 us (50%) 3135 us (75%) 3523 us (95%) 3634 us (99%).
I0911 19:51:30.658818 2811263 AriaExecutor.h:641] Worker 11 latency: 2606 us (50%) 3130 us (75%) 3522 us (95%) 3634 us (99%).
I0911 19:51:30.677858 2811263 AriaExecutor.h:641] Worker 12 latency: 2615 us (50%) 3133 us (75%) 3523 us (95%) 3634 us (99%).
I0911 19:51:30.695600 2811263 AriaExecutor.h:641] Worker 13 latency: 2591 us (50%) 3122 us (75%) 3520 us (95%) 3632 us (99%).
I0911 19:51:30.714398 2811263 AriaExecutor.h:641] Worker 14 latency: 2624 us (50%) 3138 us (75%) 3524 us (95%) 3636 us (99%).
I0911 19:51:30.731756 2811263 AriaExecutor.h:641] Worker 15 latency: 2602 us (50%) 3126 us (75%) 3521 us (95%) 3632 us (99%).
I0911 19:51:30.750710 2811263 Coordinator.h:177] total commit: 241209
I0911 19:51:31.750837 2811263 Coordinator.h:192] Coordinator exits.
