I0911 19:37:26.094151 2796236 Database.h:65] ycsb initialization finished in 191 milliseconds.
I0911 19:37:26.094271 2796236 Coordinator.h:30] Coordinator initializes 16 workers.
I0911 19:37:26.102010 2796236 Coordinator.h:77] Coordinator starts to run 17 workers.
I0911 19:37:26.102106 2796256 AriaExecutor.h:82] AriaExecutor 0 started. 
I0911 19:37:26.102128 2796257 AriaExecutor.h:82] AriaExecutor 1 started. 
I0911 19:37:26.102197 2796258 AriaExecutor.h:82] AriaExecutor 2 started. 
I0911 19:37:26.102226 2796259 AriaExecutor.h:82] AriaExecutor 3 started. 
I0911 19:37:26.102267 2796260 AriaExecutor.h:82] AriaExecutor 4 started. 
I0911 19:37:26.102301 2796261 AriaExecutor.h:82] AriaExecutor 5 started. 
I0911 19:37:26.102339 2796262 AriaExecutor.h:82] AriaExecutor 6 started. 
I0911 19:37:26.102365 2796263 AriaExecutor.h:82] AriaExecutor 7 started. 
I0911 19:37:26.102412 2796264 AriaExecutor.h:82] AriaExecutor 8 started. 
I0911 19:37:26.102447 2796265 AriaExecutor.h:82] AriaExecutor 9 started. 
I0911 19:37:26.102484 2796266 AriaExecutor.h:82] AriaExecutor 10 started. 
I0911 19:37:26.102514 2796267 AriaExecutor.h:82] AriaExecutor 11 started. 
I0911 19:37:26.102569 2796268 AriaExecutor.h:82] AriaExecutor 12 started. 
I0911 19:37:26.102598 2796269 AriaExecutor.h:82] AriaExecutor 13 started. 
I0911 19:37:26.102632 2796270 AriaExecutor.h:82] AriaExecutor 14 started. 
I0911 19:37:26.102669 2796271 AriaExecutor.h:82] AriaExecutor 15 started. 
I0911 19:37:26.102711 2796272 Manager.h:224] Manager(worker id = 16) on the coordinator node started.
I0911 19:37:27.102769 2796236 Coordinator.h:126] commit: 111634 abort: 73710 (0/73710/0), network size: 0, avg network size: 0, si_in_serializable: 0 0 %, local: 0 %
I0911 19:37:28.102901 2796236 Coordinator.h:126] commit: 113026 abort: 74366 (0/74366/0), network size: 0, avg network size: 0, si_in_serializable: 0 0 %, local: 0 %
I0911 19:37:29.102999 2796236 Coordinator.h:126] commit: 108327 abort: 71897 (0/71897/0), network size: 0, avg network size: 0, si_in_serializable: 0 0 %, local: 0 %
I0911 19:37:30.103104 2796236 Coordinator.h:126] commit: 109833 abort: 72439 (0/72439/0), network size: 0, avg network size: 0, si_in_serializable: 0 0 %, local: 0 %
I0911 19:37:31.103305 2796236 Coordinator.h:126] commit: 112109 abort: 74259 (0/74259/0), network size: 0, avg network size: 0, si_in_serializable: 0 0 %, local: 0 %
I0911 19:37:32.103428 2796236 Coordinator.h:126] commit: 113810 abort: 74910 (0/74910/0), network size: 0, avg network size: 0, si_in_serializable: 0 0 %, local: 0 %
I0911 19:37:33.103564 2796236 Coordinator.h:126] commit: 114693 abort: 75467 (0/75467/0), network size: 0, avg network size: 0, si_in_serializable: 0 0 %, local: 0 %
I0911 19:37:34.103685 2796236 Coordinator.h:126] commit: 111149 abort: 73171 (0/73171/0), network size: 0, avg network size: 0, si_in_serializable: 0 0 %, local: 0 %
I0911 19:37:35.103807 2796236 Coordinator.h:126] commit: 114637 abort: 75827 (0/75827/0), network size: 0, avg network size: 0, si_in_serializable: 0 0 %, local: 0 %
I0911 19:37:36.103915 2796236 Coordinator.h:126] commit: 108503 abort: 71721 (0/71721/0), network size: 0, avg network size: 0, si_in_serializable: 0 0 %, local: 0 %
I0911 19:37:37.104028 2796236 Coordinator.h:126] commit: 111491 abort: 73853 (0/73853/0), network size: 0, avg network size: 0, si_in_serializable: 0 0 %, local: 0 %
I0911 19:37:38.104169 2796236 Coordinator.h:126] commit: 113086 abort: 74306 (0/74306/0), network size: 0, avg network size: 0, si_in_serializable: 0 0 %, local: 0 %
I0911 19:37:39.104300 2796236 Coordinator.h:126] commit: 114348 abort: 76116 (0/76116/0), network size: 0, avg network size: 0, si_in_serializable: 0 0 %, local: 0 %
I0911 19:37:40.104401 2796236 Coordinator.h:126] commit: 113431 abort: 74985 (0/74985/0), network size: 0, avg network size: 0, si_in_serializable: 0 0 %, local: 0 %
I0911 19:37:41.104519 2796236 Coordinator.h:126] commit: 114242 abort: 75198 (0/75198/0), network size: 0, avg network size: 0, si_in_serializable: 0 0 %, local: 0 %
I0911 19:37:42.104624 2796236 Coordinator.h:126] commit: 113890 abort: 74526 (0/74526/0), network size: 0, avg network size: 0, si_in_serializable: 0 0 %, local: 0 %
I0911 19:37:43.104741 2796236 Coordinator.h:126] commit: 113645 abort: 74771 (0/74771/0), network size: 0, avg network size: 0, si_in_serializable: 0 0 %, local: 0 %
I0911 19:37:44.104862 2796236 Coordinator.h:126] commit: 113655 abort: 74761 (0/74761/0), network size: 0, avg network size: 0, si_in_serializable: 0 0 %, local: 0 %
I0911 19:37:45.105010 2796236 Coordinator.h:126] commit: 113262 abort: 74130 (0/74130/0), network size: 0, avg network size: 0, si_in_serializable: 0 0 %, local: 0 %
I0911 19:37:46.105127 2796236 Coordinator.h:126] commit: 113671 abort: 74745 (0/74745/0), network size: 0, avg network size: 0, si_in_serializable: 0 0 %, local: 0 %
I0911 19:37:47.105249 2796236 Coordinator.h:126] commit: 110751 abort: 73569 (0/73569/0), network size: 0, avg network size: 0, si_in_serializable: 0 0 %, local: 0 %
I0911 19:37:48.105351 2796236 Coordinator.h:126] commit: 113617 abort: 74799 (0/74799/0), network size: 0, avg network size: 0, si_in_serializable: 0 0 %, local: 0 %
I0911 19:37:49.105464 2796236 Coordinator.h:126] commit: 114160 abort: 75280 (0/75280/0), network size: 0, avg network size: 0, si_in_serializable: 0 0 %, local: 0 %
I0911 19:37:50.105548 2796236 Coordinator.h:126] commit: 114162 abort: 75278 (0/75278/0), network size: 0, avg network size: 0, si_in_serializable: 0 0 %, local: 0 %
I0911 19:37:51.105635 2796236 Coordinator.h:126] commit: 111814 abort: 74554 (0/74554/0), network size: 0, avg network size: 0, si_in_serializable: 0 0 %, local: 0 %
I0911 19:37:51.105690 2796236 Coordinator.h:152] average commit: 113472 abort: 74739.1 (0/74739.1/0), network size: 0, avg network size: 0, si_in_serializable: 0 0 %, local: 0 %
I0911 19:37:51.107739 2796263 AriaExecutor.h:94] AriaExecutor 7 exits. 
I0911 19:37:51.107738 2796269 AriaExecutor.h:94] AriaExecutor 13 exits. 
I0911 19:37:51.107764 2796261 AriaExecutor.h:94] AriaExecutor 5 exits. 
I0911 19:37:51.107764 2796272 Manager.h:227] Manager(worker id = 16) on the coordinator node exits.
I0911 19:37:51.107753 2796260 AriaExecutor.h:94] AriaExecutor 4 exits. 
I0911 19:37:51.107753 2796257 AriaExecutor.h:94] AriaExecutor 1 exits. 
I0911 19:37:51.107741 2796271 AriaExecutor.h:94] AriaExecutor 15 exits. 
I0911 19:37:51.107754 2796266 AriaExecutor.h:94] AriaExecutor 10 exits. 
I0911 19:37:51.107755 2796258 AriaExecutor.h:94] AriaExecutor 2 exits. 
I0911 19:37:51.107756 2796262 AriaExecutor.h:94] AriaExecutor 6 exits. 
I0911 19:37:51.107739 2796267 AriaExecutor.h:94] AriaExecutor 11 exits. 
I0911 19:37:51.107753 2796264 AriaExecutor.h:94] AriaExecutor 8 exits. 
I0911 19:37:51.107753 2796270 AriaExecutor.h:94] AriaExecutor 14 exits. 
I0911 19:37:51.107735 2796265 AriaExecutor.h:94] AriaExecutor 9 exits. 
I0911 19:37:51.107758 2796259 AriaExecutor.h:94] AriaExecutor 3 exits. 
I0911 19:37:51.107753 2796268 AriaExecutor.h:94] AriaExecutor 12 exits. 
I0911 19:37:51.107738 2796256 AriaExecutor.h:94] AriaExecutor 0 exits. 
I0911 19:37:51.105697 2796236 AriaExecutor.h:535] Worker 0 latency: 4368 us (50%) 4799 us (75%) 5084 us (95%) 5316 us (99%).
I0911 19:37:51.114408 2796236 AriaExecutor.h:535] Worker 1 latency: 4364 us (50%) 4794 us (75%) 5080 us (95%) 5314 us (99%).
I0911 19:37:51.122932 2796236 AriaExecutor.h:535] Worker 2 latency: 4367 us (50%) 4795 us (75%) 5080 us (95%) 5307 us (99%).
I0911 19:37:51.131479 2796236 AriaExecutor.h:535] Worker 3 latency: 4371 us (50%) 4798 us (75%) 5081 us (95%) 5316 us (99%).
I0911 19:37:51.139798 2796236 AriaExecutor.h:535] Worker 4 latency: 4358 us (50%) 4792 us (75%) 5079 us (95%) 5299 us (99%).
I0911 19:37:51.148357 2796236 AriaExecutor.h:535] Worker 5 latency: 4356 us (50%) 4792 us (75%) 5080 us (95%) 5316 us (99%).
I0911 19:37:51.156685 2796236 AriaExecutor.h:535] Worker 6 latency: 4369 us (50%) 4799 us (75%) 5081 us (95%) 5316 us (99%).
I0911 19:37:51.165179 2796236 AriaExecutor.h:535] Worker 7 latency: 4372 us (50%) 4798 us (75%) 5081 us (95%) 5313 us (99%).
I0911 19:37:51.173604 2796236 AriaExecutor.h:535] Worker 8 latency: 4364 us (50%) 4793 us (75%) 5079 us (95%) 5298 us (99%).
I0911 19:37:51.182089 2796236 AriaExecutor.h:535] Worker 9 latency: 4356 us (50%) 4790 us (75%) 5077 us (95%) 5309 us (99%).
I0911 19:37:51.190608 2796236 AriaExecutor.h:535] Worker 10 latency: 4367 us (50%) 4795 us (75%) 5081 us (95%) 5315 us (99%).
I0911 19:37:51.199067 2796236 AriaExecutor.h:535] Worker 11 latency: 4365 us (50%) 4794 us (75%) 5079 us (95%) 5310 us (99%).
I0911 19:37:51.207511 2796236 AriaExecutor.h:535] Worker 12 latency: 4364 us (50%) 4790 us (75%) 5077 us (95%) 5299 us (99%).
I0911 19:37:51.215992 2796236 AriaExecutor.h:535] Worker 13 latency: 4360 us (50%) 4793 us (75%) 5079 us (95%) 5315 us (99%).
I0911 19:37:51.224427 2796236 AriaExecutor.h:535] Worker 14 latency: 4362 us (50%) 4790 us (75%) 5077 us (95%) 5309 us (99%).
I0911 19:37:51.232903 2796236 AriaExecutor.h:535] Worker 15 latency: 4368 us (50%) 4798 us (75%) 5081 us (95%) 5313 us (99%).
I0911 19:37:51.241375 2796236 Coordinator.h:177] total commit: 113472
I0911 19:37:52.241516 2796236 Coordinator.h:192] Coordinator exits.
