I0911 19:55:12.019309 2815792 Database.h:65] ycsb initialization finished in 145 milliseconds.
I0911 19:55:12.019428 2815792 Coordinator.h:30] Coordinator initializes 16 workers.
I0911 19:55:12.027125 2815792 Coordinator.h:77] Coordinator starts to run 17 workers.
I0911 19:55:12.027235 2815812 AriaExecutor.h:82] AriaExecutor 0 started. 
I0911 19:55:12.027256 2815813 AriaExecutor.h:82] AriaExecutor 1 started. 
I0911 19:55:12.027318 2815814 AriaExecutor.h:82] AriaExecutor 2 started. 
I0911 19:55:12.027354 2815815 AriaExecutor.h:82] AriaExecutor 3 started. 
I0911 19:55:12.027387 2815816 AriaExecutor.h:82] AriaExecutor 4 started. 
I0911 19:55:12.027436 2815817 AriaExecutor.h:82] AriaExecutor 5 started. 
I0911 19:55:12.027464 2815818 AriaExecutor.h:82] AriaExecutor 6 started. 
I0911 19:55:12.027501 2815819 AriaExecutor.h:82] AriaExecutor 7 started. 
I0911 19:55:12.027532 2815820 AriaExecutor.h:82] AriaExecutor 8 started. 
I0911 19:55:12.027559 2815821 AriaExecutor.h:82] AriaExecutor 9 started. 
I0911 19:55:12.027624 2815823 AriaExecutor.h:82] AriaExecutor 11 started. 
I0911 19:55:12.027626 2815822 AriaExecutor.h:82] AriaExecutor 10 started. 
I0911 19:55:12.027660 2815824 AriaExecutor.h:82] AriaExecutor 12 started. 
I0911 19:55:12.027697 2815825 AriaExecutor.h:82] AriaExecutor 13 started. 
I0911 19:55:12.027729 2815826 AriaExecutor.h:82] AriaExecutor 14 started. 
I0911 19:55:12.027760 2815827 AriaExecutor.h:82] AriaExecutor 15 started. 
I0911 19:55:12.027797 2815828 Manager.h:224] Manager(worker id = 16) on the coordinator node started.
I0911 19:55:13.027850 2815792 Coordinator.h:126] commit: 1095160 abort: 4616 (0/4616/0), network size: 0, avg network size: 0, si_in_serializable: 0 0 %, local: 0 %
I0911 19:55:14.027979 2815792 Coordinator.h:126] commit: 1091062 abort: 4618 (0/4618/0), network size: 0, avg network size: 0, si_in_serializable: 0 0 %, local: 0 %
I0911 19:55:15.028071 2815792 Coordinator.h:126] commit: 1049205 abort: 4491 (0/4491/0), network size: 0, avg network size: 0, si_in_serializable: 0 0 %, local: 0 %
I0911 19:55:16.028185 2815792 Coordinator.h:126] commit: 1066419 abort: 4685 (0/4685/0), network size: 0, avg network size: 0, si_in_serializable: 0 0 %, local: 0 %
I0911 19:55:17.028340 2815792 Coordinator.h:126] commit: 1098083 abort: 4765 (0/4765/0), network size: 0, avg network size: 0, si_in_serializable: 0 0 %, local: 0 %
I0911 19:55:18.028476 2815792 Coordinator.h:126] commit: 1112465 abort: 4719 (0/4719/0), network size: 0, avg network size: 0, si_in_serializable: 0 0 %, local: 0 %
I0911 19:55:19.028595 2815792 Coordinator.h:126] commit: 1106375 abort: 4665 (0/4665/0), network size: 0, avg network size: 0, si_in_serializable: 0 0 %, local: 0 %
I0911 19:55:20.028704 2815792 Coordinator.h:126] commit: 1090024 abort: 4632 (0/4632/0), network size: 0, avg network size: 0, si_in_serializable: 0 0 %, local: 0 %
I0911 19:55:21.028786 2815792 Coordinator.h:126] commit: 1107300 abort: 4764 (0/4764/0), network size: 0, avg network size: 0, si_in_serializable: 0 0 %, local: 0 %
I0911 19:55:22.028890 2815792 Coordinator.h:126] commit: 1089032 abort: 4580 (0/4580/0), network size: 0, avg network size: 0, si_in_serializable: 0 0 %, local: 0 %
I0911 19:55:23.029006 2815792 Coordinator.h:126] commit: 1110406 abort: 4749 (0/4749/0), network size: 0, avg network size: 0, si_in_serializable: 0 0 %, local: 0 %
I0911 19:55:24.029107 2815792 Coordinator.h:126] commit: 1073730 abort: 4542 (0/4542/0), network size: 0, avg network size: 0, si_in_serializable: 0 0 %, local: 0 %
I0911 19:55:25.029204 2815792 Coordinator.h:126] commit: 1109307 abort: 4805 (0/4805/0), network size: 0, avg network size: 0, si_in_serializable: 0 0 %, local: 0 %
I0911 19:55:26.029326 2815792 Coordinator.h:126] commit: 1087909 abort: 4699 (0/4699/0), network size: 0, avg network size: 0, si_in_serializable: 0 0 %, local: 0 %
I0911 19:55:27.029446 2815792 Coordinator.h:126] commit: 1110337 abort: 4799 (0/4799/0), network size: 0, avg network size: 0, si_in_serializable: 0 0 %, local: 0 %
I0911 19:55:28.029572 2815792 Coordinator.h:126] commit: 1071757 abort: 4467 (0/4467/0), network size: 0, avg network size: 0, si_in_serializable: 0 0 %, local: 0 %
I0911 19:55:29.029688 2815792 Coordinator.h:126] commit: 1112472 abort: 4712 (0/4712/0), network size: 0, avg network size: 0, si_in_serializable: 0 0 %, local: 0 %
I0911 19:55:30.029772 2815792 Coordinator.h:126] commit: 1108278 abort: 4810 (0/4810/0), network size: 0, avg network size: 0, si_in_serializable: 0 0 %, local: 0 %
I0911 19:55:31.029876 2815792 Coordinator.h:126] commit: 1112515 abort: 4669 (0/4669/0), network size: 0, avg network size: 0, si_in_serializable: 0 0 %, local: 0 %
I0911 19:55:32.029958 2815792 Coordinator.h:126] commit: 1105373 abort: 4643 (0/4643/0), network size: 0, avg network size: 0, si_in_serializable: 0 0 %, local: 0 %
I0911 19:55:33.030076 2815792 Coordinator.h:126] commit: 1112119 abort: 4718 (0/4718/0), network size: 0, avg network size: 0, si_in_serializable: 0 0 %, local: 0 %
I0911 19:55:34.030189 2815792 Coordinator.h:126] commit: 1104610 abort: 4729 (0/4729/0), network size: 0, avg network size: 0, si_in_serializable: 0 0 %, local: 0 %
I0911 19:55:35.030304 2815792 Coordinator.h:126] commit: 949444 abort: 3900 (0/3900/0), network size: 0, avg network size: 0, si_in_serializable: 0 0 %, local: 0 %
I0911 19:55:36.030411 2815792 Coordinator.h:126] commit: 957410 abort: 4126 (0/4126/0), network size: 0, avg network size: 0, si_in_serializable: 0 0 %, local: 0 %
I0911 19:55:37.030503 2815792 Coordinator.h:126] commit: 1112554 abort: 4630 (0/4630/0), network size: 0, avg network size: 0, si_in_serializable: 0 0 %, local: 0 %
I0911 19:55:37.030516 2815792 Coordinator.h:152] average commit: 1.10021e+06 abort: 4689.5 (0/4689.5/0), network size: 0, avg network size: 0, si_in_serializable: 0 0 %, local: 0 %
I0911 19:55:37.030954 2815825 AriaExecutor.h:94] AriaExecutor 13 exits. 
I0911 19:55:37.030962 2815812 AriaExecutor.h:94] AriaExecutor 0 exits. 
I0911 19:55:37.030964 2815816 AriaExecutor.h:94] AriaExecutor 4 exits. 
I0911 19:55:37.030954 2815817 AriaExecutor.h:94] AriaExecutor 5 exits. 
I0911 19:55:37.030954 2815819 AriaExecutor.h:94] AriaExecutor 7 exits. 
I0911 19:55:37.030968 2815826 AriaExecutor.h:94] AriaExecutor 14 exits. 
I0911 19:55:37.030978 2815828 Manager.h:227] Manager(worker id = 16) on the coordinator node exits.
I0911 19:55:37.030970 2815824 AriaExecutor.h:94] AriaExecutor 12 exits. 
I0911 19:55:37.030972 2815827 AriaExecutor.h:94] AriaExecutor 15 exits. 
I0911 19:55:37.030966 2815821 AriaExecutor.h:94] AriaExecutor 9 exits. 
I0911 19:55:37.030972 2815815 AriaExecutor.h:94] AriaExecutor 3 exits. 
I0911 19:55:37.030963 2815820 AriaExecutor.h:94] AriaExecutor 8 exits. 
I0911 19:55:37.030970 2815814 AriaExecutor.h:94] AriaExecutor 2 exits. 
I0911 19:55:37.030974 2815823 AriaExecutor.h:94] AriaExecutor 11 exits. 
I0911 19:55:37.030974 2815818 AriaExecutor.h:94] AriaExecutor 6 exits. 
I0911 19:55:37.030982 2815813 AriaExecutor.h:94] AriaExecutor 1 exits. 
I0911 19:55:37.030966 2815822 AriaExecutor.h:94] AriaExecutor 10 exits. 
I0911 19:55:37.030527 2815792 AriaExecutor.h:641] Worker 0 latency: 588 us (50%) 740 us (75%) 861 us (95%) 1090 us (99%).
I0911 19:55:37.097553 2815792 AriaExecutor.h:641] Worker 1 latency: 584 us (50%) 737 us (75%) 859 us (95%) 1085 us (99%).
I0911 19:55:37.163161 2815792 AriaExecutor.h:641] Worker 2 latency: 590 us (50%) 741 us (75%) 861 us (95%) 1091 us (99%).
I0911 19:55:37.230119 2815792 AriaExecutor.h:641] Worker 3 latency: 585 us (50%) 737 us (75%) 859 us (95%) 1084 us (99%).
I0911 19:55:37.298084 2815792 AriaExecutor.h:641] Worker 4 latency: 588 us (50%) 741 us (75%) 861 us (95%) 1090 us (99%).
I0911 19:55:37.364571 2815792 AriaExecutor.h:641] Worker 5 latency: 584 us (50%) 737 us (75%) 859 us (95%) 1084 us (99%).
I0911 19:55:37.431468 2815792 AriaExecutor.h:641] Worker 6 latency: 590 us (50%) 741 us (75%) 861 us (95%) 1092 us (99%).
I0911 19:55:37.498694 2815792 AriaExecutor.h:641] Worker 7 latency: 585 us (50%) 737 us (75%) 859 us (95%) 1083 us (99%).
I0911 19:55:37.564661 2815792 AriaExecutor.h:641] Worker 8 latency: 588 us (50%) 740 us (75%) 861 us (95%) 1088 us (99%).
I0911 19:55:37.631374 2815792 AriaExecutor.h:641] Worker 9 latency: 581 us (50%) 733 us (75%) 856 us (95%) 1027 us (99%).
I0911 19:55:37.697968 2815792 AriaExecutor.h:641] Worker 10 latency: 590 us (50%) 741 us (75%) 861 us (95%) 1091 us (99%).
I0911 19:55:37.764065 2815792 AriaExecutor.h:641] Worker 11 latency: 585 us (50%) 737 us (75%) 859 us (95%) 1085 us (99%).
I0911 19:55:37.829166 2815792 AriaExecutor.h:641] Worker 12 latency: 588 us (50%) 740 us (75%) 861 us (95%) 1091 us (99%).
I0911 19:55:37.896193 2815792 AriaExecutor.h:641] Worker 13 latency: 584 us (50%) 737 us (75%) 859 us (95%) 1084 us (99%).
I0911 19:55:37.963277 2815792 AriaExecutor.h:641] Worker 14 latency: 590 us (50%) 741 us (75%) 861 us (95%) 1090 us (99%).
I0911 19:55:38.031044 2815792 AriaExecutor.h:641] Worker 15 latency: 585 us (50%) 738 us (75%) 859 us (95%) 1086 us (99%).
I0911 19:55:38.096769 2815792 Coordinator.h:177] total commit: 1.10021e+06
I0911 19:55:39.096899 2815792 Coordinator.h:192] Coordinator exits.
