I0911 19:48:22.101403 2808136 Database.h:65] ycsb initialization finished in 196 milliseconds.
I0911 19:48:22.101519 2808136 Coordinator.h:30] Coordinator initializes 16 workers.
I0911 19:48:22.109236 2808136 Coordinator.h:77] Coordinator starts to run 17 workers.
I0911 19:48:22.109287 2808157 AriaExecutor.h:82] AriaExecutor 0 started. 
I0911 19:48:22.109330 2808158 AriaExecutor.h:82] AriaExecutor 1 started. 
I0911 19:48:22.109361 2808159 AriaExecutor.h:82] AriaExecutor 2 started. 
I0911 19:48:22.109445 2808160 AriaExecutor.h:82] AriaExecutor 3 started. 
I0911 19:48:22.109449 2808161 AriaExecutor.h:82] AriaExecutor 4 started. 
I0911 19:48:22.109519 2808162 AriaExecutor.h:82] AriaExecutor 5 started. 
I0911 19:48:22.109534 2808163 AriaExecutor.h:82] AriaExecutor 6 started. 
I0911 19:48:22.109587 2808164 AriaExecutor.h:82] AriaExecutor 7 started. 
I0911 19:48:22.109602 2808165 AriaExecutor.h:82] AriaExecutor 8 started. 
I0911 19:48:22.109656 2808166 AriaExecutor.h:82] AriaExecutor 9 started. 
I0911 19:48:22.109687 2808167 AriaExecutor.h:82] AriaExecutor 10 started. 
I0911 19:48:22.109738 2808168 AriaExecutor.h:82] AriaExecutor 11 started. 
I0911 19:48:22.109771 2808169 AriaExecutor.h:82] AriaExecutor 12 started. 
I0911 19:48:22.109819 2808170 AriaExecutor.h:82] AriaExecutor 13 started. 
I0911 19:48:22.109853 2808171 AriaExecutor.h:82] AriaExecutor 14 started. 
I0911 19:48:22.109892 2808172 AriaExecutor.h:82] AriaExecutor 15 started. 
I0911 19:48:22.109926 2808173 Manager.h:224] Manager(worker id = 16) on the coordinator node started.
I0911 19:48:23.109980 2808136 Coordinator.h:126] commit: 4273 abort: 207695 (0/207695/0), network size: 0, avg network size: 0, si_in_serializable: 0 0 %, local: 0 %
I0911 19:48:24.110090 2808136 Coordinator.h:126] commit: 4306 abort: 209710 (0/209710/0), network size: 0, avg network size: 0, si_in_serializable: 0 0 %, local: 0 %
I0911 19:48:25.110196 2808136 Coordinator.h:126] commit: 4133 abort: 201691 (0/201691/0), network size: 0, avg network size: 0, si_in_serializable: 0 0 %, local: 0 %
I0911 19:48:26.110294 2808136 Coordinator.h:126] commit: 4135 abort: 203737 (0/203737/0), network size: 0, avg network size: 0, si_in_serializable: 0 0 %, local: 0 %
I0911 19:48:27.110406 2808136 Coordinator.h:126] commit: 4178 abort: 204718 (0/204718/0), network size: 0, avg network size: 0, si_in_serializable: 0 0 %, local: 0 %
I0911 19:48:28.110494 2808136 Coordinator.h:126] commit: 4327 abort: 212761 (0/212761/0), network size: 0, avg network size: 0, si_in_serializable: 0 0 %, local: 0 %
I0911 19:48:29.110574 2808136 Coordinator.h:126] commit: 4320 abort: 212768 (0/212768/0), network size: 0, avg network size: 0, si_in_serializable: 0 0 %, local: 0 %
I0911 19:48:30.110651 2808136 Coordinator.h:126] commit: 4294 abort: 211770 (0/211770/0), network size: 0, avg network size: 0, si_in_serializable: 0 0 %, local: 0 %
I0911 19:48:31.110754 2808136 Coordinator.h:126] commit: 4259 abort: 206685 (0/206685/0), network size: 0, avg network size: 0, si_in_serializable: 0 0 %, local: 0 %
I0911 19:48:32.110877 2808136 Coordinator.h:126] commit: 4244 abort: 208748 (0/208748/0), network size: 0, avg network size: 0, si_in_serializable: 0 0 %, local: 0 %
I0911 19:48:33.110993 2808136 Coordinator.h:126] commit: 4282 abort: 211782 (0/211782/0), network size: 0, avg network size: 0, si_in_serializable: 0 0 %, local: 0 %
I0911 19:48:34.111140 2808136 Coordinator.h:126] commit: 4342 abort: 211722 (0/211722/0), network size: 0, avg network size: 0, si_in_serializable: 0 0 %, local: 0 %
I0911 19:48:35.111272 2808136 Coordinator.h:126] commit: 4355 abort: 212733 (0/212733/0), network size: 0, avg network size: 0, si_in_serializable: 0 0 %, local: 0 %
I0911 19:48:36.111384 2808136 Coordinator.h:126] commit: 4405 abort: 213707 (0/213707/0), network size: 0, avg network size: 0, si_in_serializable: 0 0 %, local: 0 %
I0911 19:48:37.111486 2808136 Coordinator.h:126] commit: 4387 abort: 213725 (0/213725/0), network size: 0, avg network size: 0, si_in_serializable: 0 0 %, local: 0 %
I0911 19:48:38.111577 2808136 Coordinator.h:126] commit: 4377 abort: 212711 (0/212711/0), network size: 0, avg network size: 0, si_in_serializable: 0 0 %, local: 0 %
I0911 19:48:39.111658 2808136 Coordinator.h:126] commit: 4332 abort: 213780 (0/213780/0), network size: 0, avg network size: 0, si_in_serializable: 0 0 %, local: 0 %
I0911 19:48:40.111739 2808136 Coordinator.h:126] commit: 4416 abort: 213696 (0/213696/0), network size: 0, avg network size: 0, si_in_serializable: 0 0 %, local: 0 %
I0911 19:48:41.111819 2808136 Coordinator.h:126] commit: 4354 abort: 213758 (0/213758/0), network size: 0, avg network size: 0, si_in_serializable: 0 0 %, local: 0 %
I0911 19:48:42.111903 2808136 Coordinator.h:126] commit: 4331 abort: 211733 (0/211733/0), network size: 0, avg network size: 0, si_in_serializable: 0 0 %, local: 0 %
I0911 19:48:43.112000 2808136 Coordinator.h:126] commit: 4385 abort: 214751 (0/214751/0), network size: 0, avg network size: 0, si_in_serializable: 0 0 %, local: 0 %
I0911 19:48:44.112083 2808136 Coordinator.h:126] commit: 4252 abort: 207716 (0/207716/0), network size: 0, avg network size: 0, si_in_serializable: 0 0 %, local: 0 %
I0911 19:48:45.112164 2808136 Coordinator.h:126] commit: 4360 abort: 209656 (0/209656/0), network size: 0, avg network size: 0, si_in_serializable: 0 0 %, local: 0 %
I0911 19:48:46.112237 2808136 Coordinator.h:126] commit: 4371 abort: 212717 (0/212717/0), network size: 0, avg network size: 0, si_in_serializable: 0 0 %, local: 0 %
I0911 19:48:47.112341 2808136 Coordinator.h:126] commit: 4297 abort: 212791 (0/212791/0), network size: 0, avg network size: 0, si_in_serializable: 0 0 %, local: 0 %
I0911 19:48:47.112360 2808136 Coordinator.h:152] average commit: 4358.1 abort: 212935 (0/212935/0), network size: 0, avg network size: 0, si_in_serializable: 0 0 %, local: 0 %
I0911 19:48:47.112370 2808136 AriaExecutor.h:535] Worker 0 latency: 4663 us (50%) 4701 us (75%) 4805 us (95%) 5319 us (99%).
I0911 19:48:47.113695 2808173 Manager.h:227] Manager(worker id = 16) on the coordinator node exits.
I0911 19:48:47.113695 2808157 AriaExecutor.h:94] AriaExecutor 0 exits. 
I0911 19:48:47.113706 2808169 AriaExecutor.h:94] AriaExecutor 12 exits. 
I0911 19:48:47.113708 2808159 AriaExecutor.h:94] AriaExecutor 2 exits. 
I0911 19:48:47.113708 2808163 AriaExecutor.h:94] AriaExecutor 6 exits. 
I0911 19:48:47.113715 2808172 AriaExecutor.h:94] AriaExecutor 15 exits. 
I0911 19:48:47.113708 2808165 AriaExecutor.h:94] AriaExecutor 8 exits. 
I0911 19:48:47.113708 2808161 AriaExecutor.h:94] AriaExecutor 4 exits. 
I0911 19:48:47.113714 2808160 AriaExecutor.h:94] AriaExecutor 3 exits. 
I0911 19:48:47.113714 2808170 AriaExecutor.h:94] AriaExecutor 13 exits. 
I0911 19:48:47.113715 2808168 AriaExecutor.h:94] AriaExecutor 11 exits. 
I0911 19:48:47.113716 2808158 AriaExecutor.h:94] AriaExecutor 1 exits. 
I0911 19:48:47.113718 2808162 AriaExecutor.h:94] AriaExecutor 5 exits. 
I0911 19:48:47.113699 2808171 AriaExecutor.h:94] AriaExecutor 14 exits. 
I0911 19:48:47.113720 2808164 AriaExecutor.h:94] AriaExecutor 7 exits. 
I0911 19:48:47.113724 2808166 AriaExecutor.h:94] AriaExecutor 9 exits. 
I0911 19:48:47.113708 2808167 AriaExecutor.h:94] AriaExecutor 10 exits. 
I0911 19:48:47.113966 2808136 AriaExecutor.h:535] Worker 1 latency: 4657 us (50%) 4697 us (75%) 4795 us (95%) 5326 us (99%).
I0911 19:48:47.114432 2808136 AriaExecutor.h:535] Worker 2 latency: 4660 us (50%) 4700 us (75%) 4799 us (95%) 5263 us (99%).
I0911 19:48:47.114816 2808136 AriaExecutor.h:535] Worker 3 latency: 4659 us (50%) 4699 us (75%) 4805 us (95%) 5448 us (99%).
I0911 19:48:47.115183 2808136 AriaExecutor.h:535] Worker 4 latency: 4659 us (50%) 4700 us (75%) 4805 us (95%) 5285 us (99%).
I0911 19:48:47.115561 2808136 AriaExecutor.h:535] Worker 5 latency: 4657 us (50%) 4697 us (75%) 4794 us (95%) 5233 us (99%).
I0911 19:48:47.115949 2808136 AriaExecutor.h:535] Worker 6 latency: 4659 us (50%) 4699 us (75%) 4798 us (95%) 5340 us (99%).
I0911 19:48:47.116271 2808136 AriaExecutor.h:535] Worker 7 latency: 4658 us (50%) 4698 us (75%) 4797 us (95%) 5390 us (99%).
I0911 19:48:47.116578 2808136 AriaExecutor.h:535] Worker 8 latency: 4659 us (50%) 4697 us (75%) 4793 us (95%) 5276 us (99%).
I0911 19:48:47.116870 2808136 AriaExecutor.h:535] Worker 9 latency: 4658 us (50%) 4696 us (75%) 4795 us (95%) 5545 us (99%).
I0911 19:48:47.117167 2808136 AriaExecutor.h:535] Worker 10 latency: 4659 us (50%) 4698 us (75%) 4799 us (95%) 5520 us (99%).
I0911 19:48:47.117430 2808136 AriaExecutor.h:535] Worker 11 latency: 4656 us (50%) 4696 us (75%) 4795 us (95%) 5283 us (99%).
I0911 19:48:47.117678 2808136 AriaExecutor.h:535] Worker 12 latency: 4657 us (50%) 4697 us (75%) 4793 us (95%) 5368 us (99%).
I0911 19:48:47.117913 2808136 AriaExecutor.h:535] Worker 13 latency: 4656 us (50%) 4695 us (75%) 4800 us (95%) 5127 us (99%).
I0911 19:48:47.118142 2808136 AriaExecutor.h:535] Worker 14 latency: 4657 us (50%) 4697 us (75%) 4787 us (95%) 5706 us (99%).
I0911 19:48:47.118359 2808136 AriaExecutor.h:535] Worker 15 latency: 4656 us (50%) 4697 us (75%) 4808 us (95%) 5403 us (99%).
I0911 19:48:47.118574 2808136 Coordinator.h:177] total commit: 4358.1
I0911 19:48:48.118682 2808136 Coordinator.h:192] Coordinator exits.
