I0318 17:56:43.350121 4010889 Database.h:65] ycsb initialization finished in 102 milliseconds.
I0318 17:56:43.350340 4010889 Coordinator.h:30] Coordinator initializes 36 workers.
I0318 17:56:43.388346 4010889 Coordinator.h:77] Coordinator starts to run 37 workers.
I0318 17:56:43.388438 4010929 AriaExecutor.h:94] AriaExecutor 0 started. 
I0318 17:56:43.388474 4010930 AriaExecutor.h:94] AriaExecutor 1 started. 
I0318 17:56:43.388561 4010931 AriaExecutor.h:94] AriaExecutor 2 started. 
I0318 17:56:43.388633 4010932 AriaExecutor.h:94] AriaExecutor 3 started. 
I0318 17:56:43.388752 4010933 AriaExecutor.h:94] AriaExecutor 4 started. 
I0318 17:56:43.388883 4010934 AriaExecutor.h:94] AriaExecutor 5 started. 
I0318 17:56:43.388906 4010935 AriaExecutor.h:94] AriaExecutor 6 started. 
I0318 17:56:43.389020 4010936 AriaExecutor.h:94] AriaExecutor 7 started. 
I0318 17:56:43.389135 4010937 AriaExecutor.h:94] AriaExecutor 8 started. 
I0318 17:56:43.389251 4010938 AriaExecutor.h:94] AriaExecutor 9 started. 
I0318 17:56:43.389364 4010939 AriaExecutor.h:94] AriaExecutor 10 started. 
I0318 17:56:43.389478 4010940 AriaExecutor.h:94] AriaExecutor 11 started. 
I0318 17:56:43.389595 4010941 AriaExecutor.h:94] AriaExecutor 12 started. 
I0318 17:56:43.389710 4010942 AriaExecutor.h:94] AriaExecutor 13 started. 
I0318 17:56:43.391019 4010943 AriaExecutor.h:94] AriaExecutor 14 started. 
I0318 17:56:43.391172 4010944 AriaExecutor.h:94] AriaExecutor 15 started. 
I0318 17:56:43.391374 4010946 AriaExecutor.h:94] AriaExecutor 17 started. 
I0318 17:56:43.391508 4010947 AriaExecutor.h:94] AriaExecutor 18 started. 
I0318 17:56:43.391633 4010948 AriaExecutor.h:94] AriaExecutor 19 started. 
I0318 17:56:43.391710 4010949 AriaExecutor.h:94] AriaExecutor 20 started. 
I0318 17:56:43.391812 4010950 AriaExecutor.h:94] AriaExecutor 21 started. 
I0318 17:56:43.391939 4010951 AriaExecutor.h:94] AriaExecutor 22 started. 
I0318 17:56:43.392002 4010952 AriaExecutor.h:94] AriaExecutor 23 started. 
I0318 17:56:43.392082 4010953 AriaExecutor.h:94] AriaExecutor 24 started. 
I0318 17:56:43.392189 4010954 AriaExecutor.h:94] AriaExecutor 25 started. 
I0318 17:56:43.392355 4010955 AriaExecutor.h:94] AriaExecutor 26 started. 
I0318 17:56:43.392395 4010956 AriaExecutor.h:94] AriaExecutor 27 started. 
I0318 17:56:43.392509 4010957 AriaExecutor.h:94] AriaExecutor 28 started. 
I0318 17:56:43.392630 4010958 AriaExecutor.h:94] AriaExecutor 29 started. 
I0318 17:56:43.392726 4010959 AriaExecutor.h:94] AriaExecutor 30 started. 
I0318 17:56:43.392864 4010960 AriaExecutor.h:94] AriaExecutor 31 started. 
I0318 17:56:43.392943 4010961 AriaExecutor.h:94] AriaExecutor 32 started. 
I0318 17:56:43.393072 4010962 AriaExecutor.h:94] AriaExecutor 33 started. 
I0318 17:56:43.393184 4010963 AriaExecutor.h:94] AriaExecutor 34 started. 
I0318 17:56:43.393278 4010964 AriaExecutor.h:94] AriaExecutor 35 started. 
I0318 17:56:43.393708 4010965 Manager.h:224] Manager(worker id = 36) on the coordinator node started.
I0318 17:56:43.395445 4010945 AriaExecutor.h:94] AriaExecutor 16 started. 
I0318 17:56:44.393618 4010889 Coordinator.h:126] commit: 350 abort: 227650 (0/227650/0), network size: 0, avg network size: 0, si_in_serializable: 0 0 %, local: 0 %
I0318 17:56:45.393785 4010889 Coordinator.h:126] commit: 398 abort: 230602 (0/230602/0), network size: 0, avg network size: 0, si_in_serializable: 0 0 %, local: 0 %
I0318 17:56:46.393931 4010889 Coordinator.h:126] commit: 359 abort: 229641 (0/229641/0), network size: 0, avg network size: 0, si_in_serializable: 0 0 %, local: 0 %
I0318 17:56:47.394196 4010889 Coordinator.h:126] commit: 352 abort: 227648 (0/227648/0), network size: 0, avg network size: 0, si_in_serializable: 0 0 %, local: 0 %
I0318 17:56:48.394366 4010889 Coordinator.h:126] commit: 350 abort: 227650 (0/227650/0), network size: 0, avg network size: 0, si_in_serializable: 0 0 %, local: 0 %
I0318 17:56:49.394515 4010889 Coordinator.h:126] commit: 361 abort: 227639 (0/227639/0), network size: 0, avg network size: 0, si_in_serializable: 0 0 %, local: 0 %
I0318 17:56:50.394666 4010889 Coordinator.h:126] commit: 337 abort: 225663 (0/225663/0), network size: 0, avg network size: 0, si_in_serializable: 0 0 %, local: 0 %
I0318 17:56:51.394804 4010889 Coordinator.h:126] commit: 366 abort: 226634 (0/226634/0), network size: 0, avg network size: 0, si_in_serializable: 0 0 %, local: 0 %
I0318 17:56:52.394953 4010889 Coordinator.h:126] commit: 363 abort: 225637 (0/225637/0), network size: 0, avg network size: 0, si_in_serializable: 0 0 %, local: 0 %
I0318 17:56:53.395103 4010889 Coordinator.h:126] commit: 361 abort: 225639 (0/225639/0), network size: 0, avg network size: 0, si_in_serializable: 0 0 %, local: 0 %
I0318 17:56:54.395298 4010889 Coordinator.h:126] commit: 355 abort: 225645 (0/225645/0), network size: 0, avg network size: 0, si_in_serializable: 0 0 %, local: 0 %
I0318 17:56:55.395490 4010889 Coordinator.h:126] commit: 371 abort: 225629 (0/225629/0), network size: 0, avg network size: 0, si_in_serializable: 0 0 %, local: 0 %
I0318 17:56:56.395643 4010889 Coordinator.h:126] commit: 342 abort: 226658 (0/226658/0), network size: 0, avg network size: 0, si_in_serializable: 0 0 %, local: 0 %
I0318 17:56:57.395787 4010889 Coordinator.h:126] commit: 367 abort: 225633 (0/225633/0), network size: 0, avg network size: 0, si_in_serializable: 0 0 %, local: 0 %
I0318 17:56:58.395937 4010889 Coordinator.h:126] commit: 344 abort: 223656 (0/223656/0), network size: 0, avg network size: 0, si_in_serializable: 0 0 %, local: 0 %
I0318 17:56:59.396086 4010889 Coordinator.h:126] commit: 350 abort: 223650 (0/223650/0), network size: 0, avg network size: 0, si_in_serializable: 0 0 %, local: 0 %
I0318 17:57:00.396247 4010889 Coordinator.h:126] commit: 354 abort: 225646 (0/225646/0), network size: 0, avg network size: 0, si_in_serializable: 0 0 %, local: 0 %
I0318 17:57:01.396384 4010889 Coordinator.h:126] commit: 347 abort: 224653 (0/224653/0), network size: 0, avg network size: 0, si_in_serializable: 0 0 %, local: 0 %
I0318 17:57:02.396524 4010889 Coordinator.h:126] commit: 361 abort: 225639 (0/225639/0), network size: 0, avg network size: 0, si_in_serializable: 0 0 %, local: 0 %
I0318 17:57:03.396675 4010889 Coordinator.h:126] commit: 340 abort: 224660 (0/224660/0), network size: 0, avg network size: 0, si_in_serializable: 0 0 %, local: 0 %
I0318 17:57:04.396868 4010889 Coordinator.h:126] commit: 360 abort: 224640 (0/224640/0), network size: 0, avg network size: 0, si_in_serializable: 0 0 %, local: 0 %
I0318 17:57:05.397023 4010889 Coordinator.h:126] commit: 355 abort: 224645 (0/224645/0), network size: 0, avg network size: 0, si_in_serializable: 0 0 %, local: 0 %
I0318 17:57:06.397176 4010889 Coordinator.h:126] commit: 352 abort: 224648 (0/224648/0), network size: 0, avg network size: 0, si_in_serializable: 0 0 %, local: 0 %
I0318 17:57:07.397320 4010889 Coordinator.h:126] commit: 353 abort: 223647 (0/223647/0), network size: 0, avg network size: 0, si_in_serializable: 0 0 %, local: 0 %
I0318 17:57:08.397466 4010889 Coordinator.h:126] commit: 348 abort: 224652 (0/224652/0), network size: 0, avg network size: 0, si_in_serializable: 0 0 %, local: 0 %
I0318 17:57:08.397521 4010889 Coordinator.h:152] average commit: 353.1 abort: 225147 (0/225147/0), network size: 0, avg network size: 0, si_in_serializable: 0 0 %, local: 0 %
I0318 17:57:08.397539 4010889 AriaExecutor.h:646] Worker 0 latency: 4380 us (50%) 4439 us (75%) 4531 us (95%) 4611 us (99%).
I0318 17:57:08.398866 4010934 AriaExecutor.h:106] AriaExecutor 5 exits. 
I0318 17:57:08.398881 4010949 AriaExecutor.h:106] AriaExecutor 20 exits. 
I0318 17:57:08.398876 4010953 AriaExecutor.h:106] AriaExecutor 24 exits. 
I0318 17:57:08.398866 4010963 AriaExecutor.h:106] AriaExecutor 34 exits. 
I0318 17:57:08.398916 4010962 AriaExecutor.h:106] AriaExecutor 33 exits. 
I0318 17:57:08.398871 4010933 AriaExecutor.h:106] AriaExecutor 4 exits. 
I0318 17:57:08.398923 4010958 AriaExecutor.h:106] AriaExecutor 29 exits. 
I0318 17:57:08.398878 4010955 AriaExecutor.h:106] AriaExecutor 26 exits. 
I0318 17:57:08.398869 4010939 AriaExecutor.h:106] AriaExecutor 10 exits. 
I0318 17:57:08.398881 4010961 AriaExecutor.h:106] AriaExecutor 32 exits. 
I0318 17:57:08.398878 4010952 AriaExecutor.h:106] AriaExecutor 23 exits. 
I0318 17:57:08.398866 4010929 AriaExecutor.h:106] AriaExecutor 0 exits. 
I0318 17:57:08.398880 4010954 AriaExecutor.h:106] AriaExecutor 25 exits. 
I0318 17:57:08.398876 4010956 AriaExecutor.h:106] AriaExecutor 27 exits. 
I0318 17:57:08.398883 4010957 AriaExecutor.h:106] AriaExecutor 28 exits. 
I0318 17:57:08.398880 4010944 AriaExecutor.h:106] AriaExecutor 15 exits. 
I0318 17:57:08.398880 4010945 AriaExecutor.h:106] AriaExecutor 16 exits. 
I0318 17:57:08.398866 4010938 AriaExecutor.h:106] AriaExecutor 9 exits. 
I0318 17:57:08.398880 4010930 AriaExecutor.h:106] AriaExecutor 1 exits. 
I0318 17:57:08.398900 4010960 AriaExecutor.h:106] AriaExecutor 31 exits. 
I0318 17:57:08.398883 4010948 AriaExecutor.h:106] AriaExecutor 19 exits. 
I0318 17:57:08.398876 4010950 AriaExecutor.h:106] AriaExecutor 21 exits. 
I0318 17:57:08.398866 4010942 AriaExecutor.h:106] AriaExecutor 13 exits. 
I0318 17:57:08.398890 4010937 AriaExecutor.h:106] AriaExecutor 8 exits. 
I0318 17:57:08.398893 4010931 AriaExecutor.h:106] AriaExecutor 2 exits. 
I0318 17:57:08.398893 4010965 Manager.h:227] Manager(worker id = 36) on the coordinator node exits.
I0318 17:57:08.398867 4010940 AriaExecutor.h:106] AriaExecutor 11 exits. 
I0318 17:57:08.398866 4010936 AriaExecutor.h:106] AriaExecutor 7 exits. 
I0318 17:57:08.398916 4010951 AriaExecutor.h:106] AriaExecutor 22 exits. 
I0318 17:57:08.398919 4010943 AriaExecutor.h:106] AriaExecutor 14 exits. 
I0318 17:57:08.398876 4010946 AriaExecutor.h:106] AriaExecutor 17 exits. 
I0318 17:57:08.398892 4010932 AriaExecutor.h:106] AriaExecutor 3 exits. 
I0318 17:57:08.398890 4010935 AriaExecutor.h:106] AriaExecutor 6 exits. 
I0318 17:57:08.398866 4010964 AriaExecutor.h:106] AriaExecutor 35 exits. 
I0318 17:57:08.398877 4010947 AriaExecutor.h:106] AriaExecutor 18 exits. 
I0318 17:57:08.398907 4010941 AriaExecutor.h:106] AriaExecutor 12 exits. 
I0318 17:57:08.398900 4010959 AriaExecutor.h:106] AriaExecutor 30 exits. 
I0318 17:57:08.399343 4010889 AriaExecutor.h:646] Worker 1 latency: 4380 us (50%) 4440 us (75%) 4536 us (95%) 4611 us (99%).
I0318 17:57:08.399402 4010889 AriaExecutor.h:646] Worker 2 latency: 4381 us (50%) 4450 us (75%) 4523 us (95%) 4620 us (99%).
I0318 17:57:08.399425 4010889 AriaExecutor.h:646] Worker 3 latency: 4361 us (50%) 4422 us (75%) 4519 us (95%) 4577 us (99%).
I0318 17:57:08.399441 4010889 AriaExecutor.h:646] Worker 4 latency: 4356 us (50%) 4417 us (75%) 4513 us (95%) 4594 us (99%).
I0318 17:57:08.399489 4010889 AriaExecutor.h:646] Worker 5 latency: 4347 us (50%) 4396 us (75%) 4488 us (95%) 4523 us (99%).
I0318 17:57:08.399519 4010889 AriaExecutor.h:646] Worker 6 latency: 4365 us (50%) 4429 us (75%) 4502 us (95%) 4639 us (99%).
I0318 17:57:08.399549 4010889 AriaExecutor.h:646] Worker 7 latency: 4352 us (50%) 4427 us (75%) 4527 us (95%) 4617 us (99%).
I0318 17:57:08.399577 4010889 AriaExecutor.h:646] Worker 8 latency: 4354 us (50%) 4425 us (75%) 4511 us (95%) 4538 us (99%).
I0318 17:57:08.399601 4010889 AriaExecutor.h:646] Worker 9 latency: 4374 us (50%) 4435 us (75%) 4536 us (95%) 4639 us (99%).
I0318 17:57:08.399627 4010889 AriaExecutor.h:646] Worker 10 latency: 4365 us (50%) 4427 us (75%) 4528 us (95%) 4622 us (99%).
I0318 17:57:08.399652 4010889 AriaExecutor.h:646] Worker 11 latency: 4344 us (50%) 4411 us (75%) 4506 us (95%) 4527 us (99%).
I0318 17:57:08.399677 4010889 AriaExecutor.h:646] Worker 12 latency: 4338 us (50%) 4410 us (75%) 4495 us (95%) 4566 us (99%).
I0318 17:57:08.399703 4010889 AriaExecutor.h:646] Worker 13 latency: 4352 us (50%) 4395 us (75%) 4545 us (95%) 5272 us (99%).
I0318 17:57:08.399724 4010889 AriaExecutor.h:646] Worker 14 latency: 4326 us (50%) 4394 us (75%) 4507 us (95%) 4635 us (99%).
I0318 17:57:08.399747 4010889 AriaExecutor.h:646] Worker 15 latency: 4341 us (50%) 4413 us (75%) 4516 us (95%) 4578 us (99%).
I0318 17:57:08.399770 4010889 AriaExecutor.h:646] Worker 16 latency: 4347 us (50%) 4421 us (75%) 4493 us (95%) 4500 us (99%).
I0318 17:57:08.399792 4010889 AriaExecutor.h:646] Worker 17 latency: 4340 us (50%) 4431 us (75%) 4540 us (95%) 5702 us (99%).
I0318 17:57:08.399816 4010889 AriaExecutor.h:646] Worker 18 latency: 4362 us (50%) 4446 us (75%) 4600 us (95%) 4605 us (99%).
I0318 17:57:08.399838 4010889 AriaExecutor.h:646] Worker 19 latency: 4339 us (50%) 4424 us (75%) 4518 us (95%) 4580 us (99%).
I0318 17:57:08.399859 4010889 AriaExecutor.h:646] Worker 20 latency: 4341 us (50%) 4396 us (75%) 4459 us (95%) 4524 us (99%).
I0318 17:57:08.399883 4010889 AriaExecutor.h:646] Worker 21 latency: 4301 us (50%) 4378 us (75%) 4531 us (95%) 4601 us (99%).
I0318 17:57:08.399904 4010889 AriaExecutor.h:646] Worker 22 latency: 4341 us (50%) 4439 us (75%) 4513 us (95%) 4518 us (99%).
I0318 17:57:08.399923 4010889 AriaExecutor.h:646] Worker 23 latency: 4312 us (50%) 4383 us (75%) 4440 us (95%) 6677 us (99%).
I0318 17:57:08.399945 4010889 AriaExecutor.h:646] Worker 24 latency: 4356 us (50%) 4413 us (75%) 4523 us (95%) 4536 us (99%).
I0318 17:57:08.399966 4010889 AriaExecutor.h:646] Worker 25 latency: 4318 us (50%) 4407 us (75%) 4515 us (95%) 4542 us (99%).
I0318 17:57:08.399988 4010889 AriaExecutor.h:646] Worker 26 latency: 4315 us (50%) 4402 us (75%) 4593 us (95%) 5435 us (99%).
I0318 17:57:08.400009 4010889 AriaExecutor.h:646] Worker 27 latency: 4311 us (50%) 4373 us (75%) 4543 us (95%) 4633 us (99%).
I0318 17:57:08.400032 4010889 AriaExecutor.h:646] Worker 28 latency: 4355 us (50%) 4427 us (75%) 4476 us (95%) 4512 us (99%).
I0318 17:57:08.400053 4010889 AriaExecutor.h:646] Worker 29 latency: 4343 us (50%) 4380 us (75%) 4479 us (95%) 4490 us (99%).
I0318 17:57:08.400074 4010889 AriaExecutor.h:646] Worker 30 latency: 4286 us (50%) 4448 us (75%) 4519 us (95%) 4540 us (99%).
I0318 17:57:08.400094 4010889 AriaExecutor.h:646] Worker 31 latency: 4315 us (50%) 4395 us (75%) 4497 us (95%) 4513 us (99%).
I0318 17:57:08.400115 4010889 AriaExecutor.h:646] Worker 32 latency: 4305 us (50%) 4426 us (75%) 4507 us (95%) 4662 us (99%).
I0318 17:57:08.400138 4010889 AriaExecutor.h:646] Worker 33 latency: 4342 us (50%) 4418 us (75%) 4527 us (95%) 4576 us (99%).
I0318 17:57:08.400158 4010889 AriaExecutor.h:646] Worker 34 latency: 4323 us (50%) 4367 us (75%) 4423 us (95%) 4445 us (99%).
I0318 17:57:08.400179 4010889 AriaExecutor.h:646] Worker 35 latency: 4338 us (50%) 4389 us (75%) 4498 us (95%) 4498 us (99%).
I0318 17:57:08.400216 4010889 Coordinator.h:177] total commit: 353.1
I0318 17:57:09.400460 4010889 Coordinator.h:192] Coordinator exits.
