I0318 17:43:52.696535 4001554 Database.h:65] ycsb initialization finished in 101 milliseconds.
I0318 17:43:52.696748 4001554 Coordinator.h:30] Coordinator initializes 44 workers.
I0318 17:43:52.734223 4001554 Coordinator.h:77] Coordinator starts to run 45 workers.
I0318 17:43:52.734304 4001602 AriaExecutor.h:82] AriaExecutor 0 started. 
I0318 17:43:52.734333 4001603 AriaExecutor.h:82] AriaExecutor 1 started. 
I0318 17:43:52.734419 4001604 AriaExecutor.h:82] AriaExecutor 2 started. 
I0318 17:43:52.734474 4001605 AriaExecutor.h:82] AriaExecutor 3 started. 
I0318 17:43:52.734597 4001606 AriaExecutor.h:82] AriaExecutor 4 started. 
I0318 17:43:52.734674 4001607 AriaExecutor.h:82] AriaExecutor 5 started. 
I0318 17:43:52.734750 4001608 AriaExecutor.h:82] AriaExecutor 6 started. 
I0318 17:43:52.734817 4001609 AriaExecutor.h:82] AriaExecutor 7 started. 
I0318 17:43:52.734897 4001610 AriaExecutor.h:82] AriaExecutor 8 started. 
I0318 17:43:52.735004 4001611 AriaExecutor.h:82] AriaExecutor 9 started. 
I0318 17:43:52.735109 4001612 AriaExecutor.h:82] AriaExecutor 10 started. 
I0318 17:43:52.735206 4001613 AriaExecutor.h:82] AriaExecutor 11 started. 
I0318 17:43:52.735306 4001614 AriaExecutor.h:82] AriaExecutor 12 started. 
I0318 17:43:52.735402 4001615 AriaExecutor.h:82] AriaExecutor 13 started. 
I0318 17:43:52.735504 4001616 AriaExecutor.h:82] AriaExecutor 14 started. 
I0318 17:43:52.735648 4001617 AriaExecutor.h:82] AriaExecutor 15 started. 
I0318 17:43:52.735775 4001618 AriaExecutor.h:82] AriaExecutor 16 started. 
I0318 17:43:52.735895 4001619 AriaExecutor.h:82] AriaExecutor 17 started. 
I0318 17:43:52.736014 4001620 AriaExecutor.h:82] AriaExecutor 18 started. 
I0318 17:43:52.736133 4001621 AriaExecutor.h:82] AriaExecutor 19 started. 
I0318 17:43:52.736191 4001622 AriaExecutor.h:82] AriaExecutor 20 started. 
I0318 17:43:52.736296 4001623 AriaExecutor.h:82] AriaExecutor 21 started. 
I0318 17:43:52.736423 4001624 AriaExecutor.h:82] AriaExecutor 22 started. 
I0318 17:43:52.736545 4001625 AriaExecutor.h:82] AriaExecutor 23 started. 
I0318 17:43:52.736668 4001626 AriaExecutor.h:82] AriaExecutor 24 started. 
I0318 17:43:52.736795 4001627 AriaExecutor.h:82] AriaExecutor 25 started. 
I0318 17:43:52.736922 4001628 AriaExecutor.h:82] AriaExecutor 26 started. 
I0318 17:43:52.737041 4001629 AriaExecutor.h:82] AriaExecutor 27 started. 
I0318 17:43:52.737164 4001630 AriaExecutor.h:82] AriaExecutor 28 started. 
I0318 17:43:52.737295 4001631 AriaExecutor.h:82] AriaExecutor 29 started. 
I0318 17:43:52.737412 4001632 AriaExecutor.h:82] AriaExecutor 30 started. 
I0318 17:43:52.737548 4001633 AriaExecutor.h:82] AriaExecutor 31 started. 
I0318 17:43:52.737685 4001634 AriaExecutor.h:82] AriaExecutor 32 started. 
I0318 17:43:52.737715 4001635 AriaExecutor.h:82] AriaExecutor 33 started. 
I0318 17:43:52.737833 4001636 AriaExecutor.h:82] AriaExecutor 34 started. 
I0318 17:43:52.737937 4001638 AriaExecutor.h:82] AriaExecutor 36 started. 
I0318 17:43:52.738049 4001639 AriaExecutor.h:82] AriaExecutor 37 started. 
I0318 17:43:52.738123 4001637 AriaExecutor.h:82] AriaExecutor 35 started. 
I0318 17:43:52.738190 4001641 AriaExecutor.h:82] AriaExecutor 39 started. 
I0318 17:43:52.738395 4001642 AriaExecutor.h:82] AriaExecutor 40 started. 
I0318 17:43:52.738605 4001643 AriaExecutor.h:82] AriaExecutor 41 started. 
I0318 17:43:52.738799 4001644 AriaExecutor.h:82] AriaExecutor 42 started. 
I0318 17:43:52.738981 4001645 AriaExecutor.h:82] AriaExecutor 43 started. 
I0318 17:43:52.739216 4001646 Manager.h:224] Manager(worker id = 44) on the coordinator node started.
I0318 17:43:52.740466 4001640 AriaExecutor.h:82] AriaExecutor 38 started. 
I0318 17:43:53.739270 4001554 Coordinator.h:126] commit: 384399 abort: 635601 (0/635601/0), network size: 0, avg network size: 0, si_in_serializable: 0 0 %, local: 0 %
I0318 17:43:54.739413 4001554 Coordinator.h:126] commit: 385569 abort: 640431 (0/640431/0), network size: 0, avg network size: 0, si_in_serializable: 0 0 %, local: 0 %
I0318 17:43:55.739538 4001554 Coordinator.h:126] commit: 378254 abort: 624746 (0/624746/0), network size: 0, avg network size: 0, si_in_serializable: 0 0 %, local: 0 %
I0318 17:43:56.739696 4001554 Coordinator.h:126] commit: 374549 abort: 619451 (0/619451/0), network size: 0, avg network size: 0, si_in_serializable: 0 0 %, local: 0 %
I0318 17:43:57.739833 4001554 Coordinator.h:126] commit: 381692 abort: 630308 (0/630308/0), network size: 0, avg network size: 0, si_in_serializable: 0 0 %, local: 0 %
I0318 17:43:58.739959 4001554 Coordinator.h:126] commit: 381084 abort: 629916 (0/629916/0), network size: 0, avg network size: 0, si_in_serializable: 0 0 %, local: 0 %
I0318 17:43:59.740084 4001554 Coordinator.h:126] commit: 379823 abort: 627177 (0/627177/0), network size: 0, avg network size: 0, si_in_serializable: 0 0 %, local: 0 %
I0318 17:44:00.740206 4001554 Coordinator.h:126] commit: 369785 abort: 614194 (0/614194/0), network size: 0, avg network size: 0, si_in_serializable: 0 0 %, local: 0 %
I0318 17:44:01.740337 4001554 Coordinator.h:126] commit: 373153 abort: 616868 (0/616868/0), network size: 0, avg network size: 0, si_in_serializable: 0 0 %, local: 0 %
I0318 17:44:02.740497 4001554 Coordinator.h:126] commit: 378440 abort: 626560 (0/626560/0), network size: 0, avg network size: 0, si_in_serializable: 0 0 %, local: 0 %
I0318 17:44:03.740633 4001554 Coordinator.h:126] commit: 379484 abort: 629516 (0/629516/0), network size: 0, avg network size: 0, si_in_serializable: 0 0 %, local: 0 %
I0318 17:44:04.740767 4001554 Coordinator.h:126] commit: 379957 abort: 629043 (0/629043/0), network size: 0, avg network size: 0, si_in_serializable: 0 0 %, local: 0 %
I0318 17:44:05.740893 4001554 Coordinator.h:126] commit: 379487 abort: 630513 (0/630513/0), network size: 0, avg network size: 0, si_in_serializable: 0 0 %, local: 0 %
I0318 17:44:06.741017 4001554 Coordinator.h:126] commit: 379754 abort: 627246 (0/627246/0), network size: 0, avg network size: 0, si_in_serializable: 0 0 %, local: 0 %
I0318 17:44:07.741142 4001554 Coordinator.h:126] commit: 371614 abort: 616386 (0/616386/0), network size: 0, avg network size: 0, si_in_serializable: 0 0 %, local: 0 %
I0318 17:44:08.741268 4001554 Coordinator.h:126] commit: 368683 abort: 610317 (0/610317/0), network size: 0, avg network size: 0, si_in_serializable: 0 0 %, local: 0 %
I0318 17:44:09.741394 4001554 Coordinator.h:126] commit: 373534 abort: 619466 (0/619466/0), network size: 0, avg network size: 0, si_in_serializable: 0 0 %, local: 0 %
I0318 17:44:10.741554 4001554 Coordinator.h:126] commit: 377366 abort: 626634 (0/626634/0), network size: 0, avg network size: 0, si_in_serializable: 0 0 %, local: 0 %
I0318 17:44:11.741720 4001554 Coordinator.h:126] commit: 375997 abort: 622003 (0/622003/0), network size: 0, avg network size: 0, si_in_serializable: 0 0 %, local: 0 %
I0318 17:44:12.741844 4001554 Coordinator.h:126] commit: 380601 abort: 626399 (0/626399/0), network size: 0, avg network size: 0, si_in_serializable: 0 0 %, local: 0 %
I0318 17:44:13.741968 4001554 Coordinator.h:126] commit: 380649 abort: 628351 (0/628351/0), network size: 0, avg network size: 0, si_in_serializable: 0 0 %, local: 0 %
I0318 17:44:14.742092 4001554 Coordinator.h:126] commit: 380181 abort: 628819 (0/628819/0), network size: 0, avg network size: 0, si_in_serializable: 0 0 %, local: 0 %
I0318 17:44:15.742215 4001554 Coordinator.h:126] commit: 379909 abort: 628091 (0/628091/0), network size: 0, avg network size: 0, si_in_serializable: 0 0 %, local: 0 %
I0318 17:44:16.742339 4001554 Coordinator.h:126] commit: 376607 abort: 624393 (0/624393/0), network size: 0, avg network size: 0, si_in_serializable: 0 0 %, local: 0 %
I0318 17:44:17.742465 4001554 Coordinator.h:126] commit: 380348 abort: 628652 (0/628652/0), network size: 0, avg network size: 0, si_in_serializable: 0 0 %, local: 0 %
I0318 17:44:17.742506 4001554 Coordinator.h:152] average commit: 376648 abort: 623752 (0/623752/0), network size: 0, avg network size: 0, si_in_serializable: 0 0 %, local: 0 %
I0318 17:44:17.756347 4001605 AriaExecutor.h:94] AriaExecutor 3 exits. 
I0318 17:44:17.756352 4001640 AriaExecutor.h:94] AriaExecutor 38 exits. 
I0318 17:44:17.756354 4001633 AriaExecutor.h:94] AriaExecutor 31 exits. 
I0318 17:44:17.756356 4001638 AriaExecutor.h:94] AriaExecutor 36 exits. 
I0318 17:44:17.756349 4001607 AriaExecutor.h:94] AriaExecutor 5 exits. 
I0318 17:44:17.756356 4001615 AriaExecutor.h:94] AriaExecutor 13 exits. 
I0318 17:44:17.756394 4001623 AriaExecutor.h:94] AriaExecutor 21 exits. 
I0318 17:44:17.756361 4001621 AriaExecutor.h:94] AriaExecutor 19 exits. 
I0318 17:44:17.756410 4001626 AriaExecutor.h:94] AriaExecutor 24 exits. 
I0318 17:44:17.756349 4001645 AriaExecutor.h:94] AriaExecutor 43 exits. 
I0318 17:44:17.756349 4001610 AriaExecutor.h:94] AriaExecutor 8 exits. 
I0318 17:44:17.756354 4001646 Manager.h:227] Manager(worker id = 44) on the coordinator node exits.
I0318 17:44:17.756356 4001632 AriaExecutor.h:94] AriaExecutor 30 exits. 
I0318 17:44:17.756402 4001613 AriaExecutor.h:94] AriaExecutor 11 exits. 
I0318 17:44:17.756359 4001618 AriaExecutor.h:94] AriaExecutor 16 exits. 
I0318 17:44:17.756407 4001622 AriaExecutor.h:94] AriaExecutor 20 exits. 
I0318 17:44:17.756356 4001602 AriaExecutor.h:94] AriaExecutor 0 exits. 
I0318 17:44:17.756356 4001636 AriaExecutor.h:94] AriaExecutor 34 exits. 
I0318 17:44:17.756383 4001637 AriaExecutor.h:94] AriaExecutor 35 exits. 
I0318 17:44:17.756366 4001625 AriaExecutor.h:94] AriaExecutor 23 exits. 
I0318 17:44:17.756368 4001627 AriaExecutor.h:94] AriaExecutor 25 exits. 
I0318 17:44:17.756368 4001624 AriaExecutor.h:94] AriaExecutor 22 exits. 
I0318 17:44:17.756356 4001634 AriaExecutor.h:94] AriaExecutor 32 exits. 
I0318 17:44:17.756350 4001604 AriaExecutor.h:94] AriaExecutor 2 exits. 
I0318 17:44:17.756348 4001609 AriaExecutor.h:94] AriaExecutor 7 exits. 
I0318 17:44:17.756381 4001620 AriaExecutor.h:94] AriaExecutor 18 exits. 
I0318 17:44:17.756367 4001616 AriaExecutor.h:94] AriaExecutor 14 exits. 
I0318 17:44:17.756361 4001630 AriaExecutor.h:94] AriaExecutor 28 exits. 
I0318 17:44:17.756351 4001603 AriaExecutor.h:94] AriaExecutor 1 exits. 
I0318 17:44:17.756349 4001606 AriaExecutor.h:94] AriaExecutor 4 exits. 
I0318 17:44:17.756357 4001642 AriaExecutor.h:94] AriaExecutor 40 exits. 
I0318 17:44:17.756349 4001611 AriaExecutor.h:94] AriaExecutor 9 exits. 
I0318 17:44:17.756367 4001628 AriaExecutor.h:94] AriaExecutor 26 exits. 
I0318 17:44:17.756398 4001639 AriaExecutor.h:94] AriaExecutor 37 exits. 
I0318 17:44:17.756414 4001619 AriaExecutor.h:94] AriaExecutor 17 exits. 
I0318 17:44:17.756400 4001635 AriaExecutor.h:94] AriaExecutor 33 exits. 
I0318 17:44:17.756354 4001643 AriaExecutor.h:94] AriaExecutor 41 exits. 
I0318 17:44:17.756371 4001631 AriaExecutor.h:94] AriaExecutor 29 exits. 
I0318 17:44:17.756410 4001617 AriaExecutor.h:94] AriaExecutor 15 exits. 
I0318 17:44:17.756394 4001629 AriaExecutor.h:94] AriaExecutor 27 exits. 
I0318 17:44:17.756400 4001614 AriaExecutor.h:94] AriaExecutor 12 exits. 
I0318 17:44:17.756356 4001641 AriaExecutor.h:94] AriaExecutor 39 exits. 
I0318 17:44:17.756349 4001644 AriaExecutor.h:94] AriaExecutor 42 exits. 
I0318 17:44:17.756349 4001612 AriaExecutor.h:94] AriaExecutor 10 exits. 
I0318 17:44:17.756348 4001608 AriaExecutor.h:94] AriaExecutor 6 exits. 
I0318 17:44:17.742522 4001554 AriaExecutor.h:535] Worker 0 latency: 765 us (50%) 886 us (75%) 963 us (95%) 995 us (99%).
I0318 17:44:17.756916 4001554 AriaExecutor.h:535] Worker 1 latency: 767 us (50%) 885 us (75%) 963 us (95%) 994 us (99%).
I0318 17:44:17.767462 4001554 AriaExecutor.h:535] Worker 2 latency: 766 us (50%) 884 us (75%) 962 us (95%) 994 us (99%).
I0318 17:44:17.777736 4001554 AriaExecutor.h:535] Worker 3 latency: 765 us (50%) 883 us (75%) 962 us (95%) 993 us (99%).
I0318 17:44:17.788173 4001554 AriaExecutor.h:535] Worker 4 latency: 762 us (50%) 880 us (75%) 961 us (95%) 993 us (99%).
I0318 17:44:17.798642 4001554 AriaExecutor.h:535] Worker 5 latency: 761 us (50%) 879 us (75%) 960 us (95%) 992 us (99%).
I0318 17:44:17.809002 4001554 AriaExecutor.h:535] Worker 6 latency: 762 us (50%) 879 us (75%) 960 us (95%) 992 us (99%).
I0318 17:44:17.819314 4001554 AriaExecutor.h:535] Worker 7 latency: 759 us (50%) 878 us (75%) 959 us (95%) 992 us (99%).
I0318 17:44:17.829560 4001554 AriaExecutor.h:535] Worker 8 latency: 760 us (50%) 877 us (75%) 959 us (95%) 992 us (99%).
I0318 17:44:17.839851 4001554 AriaExecutor.h:535] Worker 9 latency: 759 us (50%) 876 us (75%) 958 us (95%) 991 us (99%).
I0318 17:44:17.850041 4001554 AriaExecutor.h:535] Worker 10 latency: 758 us (50%) 875 us (75%) 958 us (95%) 991 us (99%).
I0318 17:44:17.860148 4001554 AriaExecutor.h:535] Worker 11 latency: 758 us (50%) 875 us (75%) 958 us (95%) 991 us (99%).
I0318 17:44:17.870317 4001554 AriaExecutor.h:535] Worker 12 latency: 645 us (50%) 832 us (75%) 954 us (95%) 991 us (99%).
I0318 17:44:17.880909 4001554 AriaExecutor.h:535] Worker 13 latency: 767 us (50%) 878 us (75%) 957 us (95%) 990 us (99%).
I0318 17:44:17.890944 4001554 AriaExecutor.h:535] Worker 14 latency: 769 us (50%) 879 us (75%) 958 us (95%) 991 us (99%).
I0318 17:44:17.901039 4001554 AriaExecutor.h:535] Worker 15 latency: 768 us (50%) 878 us (75%) 957 us (95%) 990 us (99%).
I0318 17:44:17.911199 4001554 AriaExecutor.h:535] Worker 16 latency: 769 us (50%) 878 us (75%) 958 us (95%) 991 us (99%).
I0318 17:44:17.921375 4001554 AriaExecutor.h:535] Worker 17 latency: 768 us (50%) 878 us (75%) 957 us (95%) 990 us (99%).
I0318 17:44:17.931587 4001554 AriaExecutor.h:535] Worker 18 latency: 768 us (50%) 877 us (75%) 957 us (95%) 989 us (99%).
I0318 17:44:17.941730 4001554 AriaExecutor.h:535] Worker 19 latency: 767 us (50%) 877 us (75%) 956 us (95%) 990 us (99%).
I0318 17:44:17.951761 4001554 AriaExecutor.h:535] Worker 20 latency: 767 us (50%) 877 us (75%) 957 us (95%) 990 us (99%).
I0318 17:44:17.961848 4001554 AriaExecutor.h:535] Worker 21 latency: 767 us (50%) 876 us (75%) 956 us (95%) 989 us (99%).
I0318 17:44:17.971915 4001554 AriaExecutor.h:535] Worker 22 latency: 766 us (50%) 876 us (75%) 956 us (95%) 989 us (99%).
I0318 17:44:17.982071 4001554 AriaExecutor.h:535] Worker 23 latency: 766 us (50%) 875 us (75%) 956 us (95%) 989 us (99%).
I0318 17:44:17.992157 4001554 AriaExecutor.h:535] Worker 24 latency: 765 us (50%) 875 us (75%) 956 us (95%) 989 us (99%).
I0318 17:44:18.002228 4001554 AriaExecutor.h:535] Worker 25 latency: 766 us (50%) 875 us (75%) 956 us (95%) 989 us (99%).
I0318 17:44:18.012174 4001554 AriaExecutor.h:535] Worker 26 latency: 766 us (50%) 875 us (75%) 955 us (95%) 989 us (99%).
I0318 17:44:18.022269 4001554 AriaExecutor.h:535] Worker 27 latency: 766 us (50%) 875 us (75%) 955 us (95%) 989 us (99%).
I0318 17:44:18.032236 4001554 AriaExecutor.h:535] Worker 28 latency: 765 us (50%) 874 us (75%) 955 us (95%) 989 us (99%).
I0318 17:44:18.042354 4001554 AriaExecutor.h:535] Worker 29 latency: 765 us (50%) 874 us (75%) 955 us (95%) 989 us (99%).
I0318 17:44:18.052371 4001554 AriaExecutor.h:535] Worker 30 latency: 761 us (50%) 872 us (75%) 954 us (95%) 988 us (99%).
I0318 17:44:18.062322 4001554 AriaExecutor.h:535] Worker 31 latency: 762 us (50%) 872 us (75%) 954 us (95%) 988 us (99%).
I0318 17:44:18.072149 4001554 AriaExecutor.h:535] Worker 32 latency: 758 us (50%) 871 us (75%) 954 us (95%) 988 us (99%).
I0318 17:44:18.081643 4001554 AriaExecutor.h:535] Worker 33 latency: 761 us (50%) 871 us (75%) 954 us (95%) 988 us (99%).
I0318 17:44:18.091176 4001554 AriaExecutor.h:535] Worker 34 latency: 760 us (50%) 871 us (75%) 954 us (95%) 988 us (99%).
I0318 17:44:18.100687 4001554 AriaExecutor.h:535] Worker 35 latency: 761 us (50%) 871 us (75%) 954 us (95%) 989 us (99%).
I0318 17:44:18.110198 4001554 AriaExecutor.h:535] Worker 36 latency: 759 us (50%) 870 us (75%) 953 us (95%) 988 us (99%).
I0318 17:44:18.119628 4001554 AriaExecutor.h:535] Worker 37 latency: 759 us (50%) 870 us (75%) 954 us (95%) 988 us (99%).
I0318 17:44:18.129055 4001554 AriaExecutor.h:535] Worker 38 latency: 760 us (50%) 870 us (75%) 954 us (95%) 988 us (99%).
I0318 17:44:18.138453 4001554 AriaExecutor.h:535] Worker 39 latency: 757 us (50%) 869 us (75%) 953 us (95%) 988 us (99%).
I0318 17:44:18.148001 4001554 AriaExecutor.h:535] Worker 40 latency: 759 us (50%) 870 us (75%) 954 us (95%) 988 us (99%).
I0318 17:44:18.157447 4001554 AriaExecutor.h:535] Worker 41 latency: 760 us (50%) 870 us (75%) 953 us (95%) 988 us (99%).
I0318 17:44:18.166874 4001554 AriaExecutor.h:535] Worker 42 latency: 760 us (50%) 870 us (75%) 953 us (95%) 987 us (99%).
I0318 17:44:18.176420 4001554 AriaExecutor.h:535] Worker 43 latency: 759 us (50%) 870 us (75%) 953 us (95%) 988 us (99%).
I0318 17:44:18.185835 4001554 Coordinator.h:177] total commit: 376648
I0318 17:44:19.186054 4001554 Coordinator.h:192] Coordinator exits.
