I0318 17:41:40.292534 3999936 Database.h:65] ycsb initialization finished in 100 milliseconds.
I0318 17:41:40.292764 3999936 Coordinator.h:30] Coordinator initializes 32 workers.
I0318 17:41:40.329897 3999936 Coordinator.h:77] Coordinator starts to run 33 workers.
I0318 17:41:40.329986 3999972 AriaExecutor.h:82] AriaExecutor 0 started. 
I0318 17:41:40.330031 3999973 AriaExecutor.h:82] AriaExecutor 1 started. 
I0318 17:41:40.330127 3999974 AriaExecutor.h:82] AriaExecutor 2 started. 
I0318 17:41:40.330204 3999975 AriaExecutor.h:82] AriaExecutor 3 started. 
I0318 17:41:40.330317 3999976 AriaExecutor.h:82] AriaExecutor 4 started. 
I0318 17:41:40.330402 3999977 AriaExecutor.h:82] AriaExecutor 5 started. 
I0318 17:41:40.330520 3999978 AriaExecutor.h:82] AriaExecutor 6 started. 
I0318 17:41:40.330613 3999979 AriaExecutor.h:82] AriaExecutor 7 started. 
I0318 17:41:40.330708 3999980 AriaExecutor.h:82] AriaExecutor 8 started. 
I0318 17:41:40.330809 3999981 AriaExecutor.h:82] AriaExecutor 9 started. 
I0318 17:41:40.330914 3999982 AriaExecutor.h:82] AriaExecutor 10 started. 
I0318 17:41:40.331009 3999983 AriaExecutor.h:82] AriaExecutor 11 started. 
I0318 17:41:40.331107 3999984 AriaExecutor.h:82] AriaExecutor 12 started. 
I0318 17:41:40.331204 3999985 AriaExecutor.h:82] AriaExecutor 13 started. 
I0318 17:41:40.331314 3999986 AriaExecutor.h:82] AriaExecutor 14 started. 
I0318 17:41:40.331458 3999987 AriaExecutor.h:82] AriaExecutor 15 started. 
I0318 17:41:40.331589 3999988 AriaExecutor.h:82] AriaExecutor 16 started. 
I0318 17:41:40.331638 3999989 AriaExecutor.h:82] AriaExecutor 17 started. 
I0318 17:41:40.331745 3999990 AriaExecutor.h:82] AriaExecutor 18 started. 
I0318 17:41:40.331876 3999991 AriaExecutor.h:82] AriaExecutor 19 started. 
I0318 17:41:40.331916 3999992 AriaExecutor.h:82] AriaExecutor 20 started. 
I0318 17:41:40.332020 3999993 AriaExecutor.h:82] AriaExecutor 21 started. 
I0318 17:41:40.332084 3999994 AriaExecutor.h:82] AriaExecutor 22 started. 
I0318 17:41:40.332161 3999995 AriaExecutor.h:82] AriaExecutor 23 started. 
I0318 17:41:40.332327 3999996 AriaExecutor.h:82] AriaExecutor 24 started. 
I0318 17:41:40.332384 3999997 AriaExecutor.h:82] AriaExecutor 25 started. 
I0318 17:41:40.332512 3999998 AriaExecutor.h:82] AriaExecutor 26 started. 
I0318 17:41:40.332607 3999999 AriaExecutor.h:82] AriaExecutor 27 started. 
I0318 17:41:40.332732 4000000 AriaExecutor.h:82] AriaExecutor 28 started. 
I0318 17:41:40.332864 4000001 AriaExecutor.h:82] AriaExecutor 29 started. 
I0318 17:41:40.332973 4000002 AriaExecutor.h:82] AriaExecutor 30 started. 
I0318 17:41:40.333101 4000003 AriaExecutor.h:82] AriaExecutor 31 started. 
I0318 17:41:40.333248 4000004 Manager.h:224] Manager(worker id = 32) on the coordinator node started.
I0318 17:41:41.333284 3999936 Coordinator.h:126] commit: 240 abort: 189760 (0/189760/0), network size: 0, avg network size: 0, si_in_serializable: 0 0 %, local: 0 %
I0318 17:41:42.333429 3999936 Coordinator.h:126] commit: 240 abort: 189760 (0/189760/0), network size: 0, avg network size: 0, si_in_serializable: 0 0 %, local: 0 %
I0318 17:41:43.333611 3999936 Coordinator.h:126] commit: 248 abort: 190752 (0/190752/0), network size: 0, avg network size: 0, si_in_serializable: 0 0 %, local: 0 %
I0318 17:41:44.333760 3999936 Coordinator.h:126] commit: 237 abort: 191763 (0/191763/0), network size: 0, avg network size: 0, si_in_serializable: 0 0 %, local: 0 %
I0318 17:41:45.333890 3999936 Coordinator.h:126] commit: 229 abort: 189771 (0/189771/0), network size: 0, avg network size: 0, si_in_serializable: 0 0 %, local: 0 %
I0318 17:41:46.334028 3999936 Coordinator.h:126] commit: 236 abort: 187764 (0/187764/0), network size: 0, avg network size: 0, si_in_serializable: 0 0 %, local: 0 %
I0318 17:41:47.334199 3999936 Coordinator.h:126] commit: 239 abort: 187761 (0/187761/0), network size: 0, avg network size: 0, si_in_serializable: 0 0 %, local: 0 %
I0318 17:41:48.334347 3999936 Coordinator.h:126] commit: 240 abort: 188760 (0/188760/0), network size: 0, avg network size: 0, si_in_serializable: 0 0 %, local: 0 %
I0318 17:41:49.334484 3999936 Coordinator.h:126] commit: 232 abort: 188768 (0/188768/0), network size: 0, avg network size: 0, si_in_serializable: 0 0 %, local: 0 %
I0318 17:41:50.334630 3999936 Coordinator.h:126] commit: 233 abort: 188767 (0/188767/0), network size: 0, avg network size: 0, si_in_serializable: 0 0 %, local: 0 %
I0318 17:41:51.334764 3999936 Coordinator.h:126] commit: 230 abort: 187770 (0/187770/0), network size: 0, avg network size: 0, si_in_serializable: 0 0 %, local: 0 %
I0318 17:41:52.334892 3999936 Coordinator.h:126] commit: 221 abort: 188779 (0/188779/0), network size: 0, avg network size: 0, si_in_serializable: 0 0 %, local: 0 %
I0318 17:41:53.335024 3999936 Coordinator.h:126] commit: 237 abort: 188763 (0/188763/0), network size: 0, avg network size: 0, si_in_serializable: 0 0 %, local: 0 %
I0318 17:41:54.335157 3999936 Coordinator.h:126] commit: 233 abort: 186767 (0/186767/0), network size: 0, avg network size: 0, si_in_serializable: 0 0 %, local: 0 %
I0318 17:41:55.335289 3999936 Coordinator.h:126] commit: 241 abort: 188759 (0/188759/0), network size: 0, avg network size: 0, si_in_serializable: 0 0 %, local: 0 %
I0318 17:41:56.335440 3999936 Coordinator.h:126] commit: 237 abort: 187763 (0/187763/0), network size: 0, avg network size: 0, si_in_serializable: 0 0 %, local: 0 %
I0318 17:41:57.335608 3999936 Coordinator.h:126] commit: 247 abort: 186753 (0/186753/0), network size: 0, avg network size: 0, si_in_serializable: 0 0 %, local: 0 %
I0318 17:41:58.335752 3999936 Coordinator.h:126] commit: 237 abort: 187763 (0/187763/0), network size: 0, avg network size: 0, si_in_serializable: 0 0 %, local: 0 %
I0318 17:41:59.335893 3999936 Coordinator.h:126] commit: 241 abort: 188759 (0/188759/0), network size: 0, avg network size: 0, si_in_serializable: 0 0 %, local: 0 %
I0318 17:42:00.336036 3999936 Coordinator.h:126] commit: 237 abort: 188763 (0/188763/0), network size: 0, avg network size: 0, si_in_serializable: 0 0 %, local: 0 %
I0318 17:42:01.336170 3999936 Coordinator.h:126] commit: 232 abort: 187768 (0/187768/0), network size: 0, avg network size: 0, si_in_serializable: 0 0 %, local: 0 %
I0318 17:42:02.336308 3999936 Coordinator.h:126] commit: 242 abort: 187758 (0/187758/0), network size: 0, avg network size: 0, si_in_serializable: 0 0 %, local: 0 %
I0318 17:42:03.336442 3999936 Coordinator.h:126] commit: 233 abort: 187767 (0/187767/0), network size: 0, avg network size: 0, si_in_serializable: 0 0 %, local: 0 %
I0318 17:42:04.336573 3999936 Coordinator.h:126] commit: 240 abort: 187760 (0/187760/0), network size: 0, avg network size: 0, si_in_serializable: 0 0 %, local: 0 %
I0318 17:42:05.336714 3999936 Coordinator.h:126] commit: 249 abort: 188751 (0/188751/0), network size: 0, avg network size: 0, si_in_serializable: 0 0 %, local: 0 %
I0318 17:42:05.336757 3999936 Coordinator.h:152] average commit: 236.1 abort: 188064 (0/188064/0), network size: 0, avg network size: 0, si_in_serializable: 0 0 %, local: 0 %
I0318 17:42:05.336771 3999936 AriaExecutor.h:535] Worker 0 latency: 5258 us (50%) 5319 us (75%) 5407 us (95%) 5484 us (99%).
I0318 17:42:05.339521 3999977 AriaExecutor.h:94] AriaExecutor 5 exits. 
I0318 17:42:05.339522 3999979 AriaExecutor.h:94] AriaExecutor 7 exits. 
I0318 17:42:05.339531 3999980 AriaExecutor.h:94] AriaExecutor 8 exits. 
I0318 17:42:05.339522 4000003 AriaExecutor.h:94] AriaExecutor 31 exits. 
I0318 17:42:05.339524 3999976 AriaExecutor.h:94] AriaExecutor 4 exits. 
I0318 17:42:05.339524 3999975 AriaExecutor.h:94] AriaExecutor 3 exits. 
I0318 17:42:05.339553 3999996 AriaExecutor.h:94] AriaExecutor 24 exits. 
I0318 17:42:05.339531 3999978 AriaExecutor.h:94] AriaExecutor 6 exits. 
I0318 17:42:05.339531 3999973 AriaExecutor.h:94] AriaExecutor 1 exits. 
I0318 17:42:05.339533 3999984 AriaExecutor.h:94] AriaExecutor 12 exits. 
I0318 17:42:05.339526 3999985 AriaExecutor.h:94] AriaExecutor 13 exits. 
I0318 17:42:05.339550 3999993 AriaExecutor.h:94] AriaExecutor 21 exits. 
I0318 17:42:05.339550 3999995 AriaExecutor.h:94] AriaExecutor 23 exits. 
I0318 17:42:05.339526 4000004 Manager.h:227] Manager(worker id = 32) on the coordinator node exits.
I0318 17:42:05.339533 3999974 AriaExecutor.h:94] AriaExecutor 2 exits. 
I0318 17:42:05.339550 4000000 AriaExecutor.h:94] AriaExecutor 28 exits. 
I0318 17:42:05.339550 3999998 AriaExecutor.h:94] AriaExecutor 26 exits. 
I0318 17:42:05.339530 3999972 AriaExecutor.h:94] AriaExecutor 0 exits. 
I0318 17:42:05.339550 3999986 AriaExecutor.h:94] AriaExecutor 14 exits. 
I0318 17:42:05.339552 3999987 AriaExecutor.h:94] AriaExecutor 15 exits. 
I0318 17:42:05.339522 3999983 AriaExecutor.h:94] AriaExecutor 11 exits. 
I0318 17:42:05.339522 3999981 AriaExecutor.h:94] AriaExecutor 9 exits. 
I0318 17:42:05.339555 3999988 AriaExecutor.h:94] AriaExecutor 16 exits. 
I0318 17:42:05.339555 3999994 AriaExecutor.h:94] AriaExecutor 22 exits. 
I0318 17:42:05.339555 3999989 AriaExecutor.h:94] AriaExecutor 17 exits. 
I0318 17:42:05.339553 3999999 AriaExecutor.h:94] AriaExecutor 27 exits. 
I0318 17:42:05.339525 4000002 AriaExecutor.h:94] AriaExecutor 30 exits. 
I0318 17:42:05.339550 3999991 AriaExecutor.h:94] AriaExecutor 19 exits. 
I0318 17:42:05.339550 3999990 AriaExecutor.h:94] AriaExecutor 18 exits. 
I0318 17:42:05.339550 3999992 AriaExecutor.h:94] AriaExecutor 20 exits. 
I0318 17:42:05.339563 4000001 AriaExecutor.h:94] AriaExecutor 29 exits. 
I0318 17:42:05.339532 3999982 AriaExecutor.h:94] AriaExecutor 10 exits. 
I0318 17:42:05.339550 3999997 AriaExecutor.h:94] AriaExecutor 25 exits. 
I0318 17:42:05.339867 3999936 AriaExecutor.h:535] Worker 1 latency: 5228 us (50%) 5293 us (75%) 5389 us (95%) 5502 us (99%).
I0318 17:42:05.339941 3999936 AriaExecutor.h:535] Worker 2 latency: 5230 us (50%) 5289 us (75%) 5403 us (95%) 5516 us (99%).
I0318 17:42:05.339965 3999936 AriaExecutor.h:535] Worker 3 latency: 5242 us (50%) 5304 us (75%) 5404 us (95%) 11266 us (99%).
I0318 17:42:05.339983 3999936 AriaExecutor.h:535] Worker 4 latency: 5217 us (50%) 5320 us (75%) 5412 us (95%) 5475 us (99%).
I0318 17:42:05.340021 3999936 AriaExecutor.h:535] Worker 5 latency: 5184 us (50%) 5239 us (75%) 5386 us (95%) 5400 us (99%).
I0318 17:42:05.340045 3999936 AriaExecutor.h:535] Worker 6 latency: 5260 us (50%) 5338 us (75%) 5423 us (95%) 5511 us (99%).
I0318 17:42:05.340067 3999936 AriaExecutor.h:535] Worker 7 latency: 5177 us (50%) 5225 us (75%) 5272 us (95%) 5272 us (99%).
I0318 17:42:05.340087 3999936 AriaExecutor.h:535] Worker 8 latency: 5214 us (50%) 5331 us (75%) 11075 us (95%) 11075 us (99%).
I0318 17:42:05.340111 3999936 AriaExecutor.h:535] Worker 9 latency: 5226 us (50%) 5259 us (75%) 5335 us (95%) 5335 us (99%).
I0318 17:42:05.340129 3999936 AriaExecutor.h:535] Worker 10 latency: 5193 us (50%) 5263 us (75%) 5494 us (95%) 5494 us (99%).
I0318 17:42:05.340149 3999936 AriaExecutor.h:535] Worker 11 latency: 5218 us (50%) 5270 us (75%) 5381 us (95%) 5381 us (99%).
I0318 17:42:05.340169 3999936 AriaExecutor.h:535] Worker 12 latency: 5230 us (50%) 5270 us (75%) 5339 us (95%) 5339 us (99%).
I0318 17:42:05.340189 3999936 AriaExecutor.h:535] Worker 13 latency: 5192 us (50%) 5276 us (75%) 5288 us (95%) 5288 us (99%).
I0318 17:42:05.340210 3999936 AriaExecutor.h:535] Worker 14 latency: 5178 us (50%) 5291 us (75%) 5385 us (95%) 5385 us (99%).
I0318 17:42:05.340231 3999936 AriaExecutor.h:535] Worker 15 latency: 5270 us (50%) 5300 us (75%) 5300 us (95%) 5300 us (99%).
I0318 17:42:05.340263 3999936 AriaExecutor.h:535] Worker 16 latency: 5133 us (50%) 5177 us (75%) 5181 us (95%) 5181 us (99%).
I0318 17:42:05.340286 3999936 AriaExecutor.h:535] Worker 17 latency: 5184 us (50%) 5254 us (75%) 5254 us (95%) 5254 us (99%).
I0318 17:42:05.340305 3999936 AriaExecutor.h:535] Worker 18 latency: 5189 us (50%) 5205 us (75%) 5205 us (95%) 5205 us (99%).
I0318 17:42:05.340328 3999936 AriaExecutor.h:535] Worker 19 latency: 5260 us (50%) 5267 us (75%) 5293 us (95%) 5293 us (99%).
I0318 17:42:05.340353 3999936 AriaExecutor.h:535] Worker 20 latency: 5218 us (50%) 5238 us (75%) 5361 us (95%) 5361 us (99%).
I0318 17:42:05.340375 3999936 AriaExecutor.h:535] Worker 21 latency: 5078 us (50%) 5341 us (75%) 5341 us (95%) 5341 us (99%).
I0318 17:42:05.340399 3999936 AriaExecutor.h:535] Worker 22 latency: 4991 us (50%) 5222 us (75%) 5222 us (95%) 5222 us (99%).
I0318 17:42:05.340422 3999936 AriaExecutor.h:535] Worker 23 latency: 5104 us (50%) 5167 us (75%) 5323 us (95%) 5323 us (99%).
I0318 17:42:05.340445 3999936 AriaExecutor.h:535] Worker 24 latency: 5261 us (50%) 5263 us (75%) 5269 us (95%) 5269 us (99%).
I0318 17:42:05.340469 3999936 AriaExecutor.h:535] Worker 25 latency: 5279 us (50%) 5281 us (75%) 5281 us (95%) 5281 us (99%).
I0318 17:42:05.340493 3999936 AriaExecutor.h:535] Worker 26 latency: 5026 us (50%) 5209 us (75%) 5209 us (95%) 5209 us (99%).
I0318 17:42:05.340515 3999936 AriaExecutor.h:535] Worker 27 latency: 0 us (50%) 0 us (75%) 0 us (95%) 0 us (99%).
I0318 17:42:05.340538 3999936 AriaExecutor.h:535] Worker 28 latency: 5064 us (50%) 5064 us (75%) 5064 us (95%) 5064 us (99%).
I0318 17:42:05.340569 3999936 AriaExecutor.h:535] Worker 29 latency: 5120 us (50%) 5120 us (75%) 5120 us (95%) 5120 us (99%).
I0318 17:42:05.340613 3999936 AriaExecutor.h:535] Worker 30 latency: 5286 us (50%) 5311 us (75%) 5311 us (95%) 5311 us (99%).
I0318 17:42:05.340636 3999936 AriaExecutor.h:535] Worker 31 latency: 5198 us (50%) 5202 us (75%) 5274 us (95%) 5274 us (99%).
I0318 17:42:05.340673 3999936 Coordinator.h:177] total commit: 236.1
I0318 17:42:06.340869 3999936 Coordinator.h:192] Coordinator exits.
