I0318 17:42:06.591960 4000238 Database.h:65] ycsb initialization finished in 102 milliseconds.
I0318 17:42:06.592163 4000238 Coordinator.h:30] Coordinator initializes 36 workers.
I0318 17:42:06.629729 4000238 Coordinator.h:77] Coordinator starts to run 37 workers.
I0318 17:42:06.629817 4000280 AriaExecutor.h:82] AriaExecutor 0 started. 
I0318 17:42:06.629865 4000281 AriaExecutor.h:82] AriaExecutor 1 started. 
I0318 17:42:06.630024 4000283 AriaExecutor.h:82] AriaExecutor 3 started. 
I0318 17:42:06.630061 4000282 AriaExecutor.h:82] AriaExecutor 2 started. 
I0318 17:42:06.630116 4000284 AriaExecutor.h:82] AriaExecutor 4 started. 
I0318 17:42:06.630330 4000285 AriaExecutor.h:82] AriaExecutor 5 started. 
I0318 17:42:06.630517 4000286 AriaExecutor.h:82] AriaExecutor 6 started. 
I0318 17:42:06.630685 4000287 AriaExecutor.h:82] AriaExecutor 7 started. 
I0318 17:42:06.630851 4000288 AriaExecutor.h:82] AriaExecutor 8 started. 
I0318 17:42:06.630993 4000289 AriaExecutor.h:82] AriaExecutor 9 started. 
I0318 17:42:06.631161 4000290 AriaExecutor.h:82] AriaExecutor 10 started. 
I0318 17:42:06.631312 4000291 AriaExecutor.h:82] AriaExecutor 11 started. 
I0318 17:42:06.631455 4000292 AriaExecutor.h:82] AriaExecutor 12 started. 
I0318 17:42:06.631603 4000293 AriaExecutor.h:82] AriaExecutor 13 started. 
I0318 17:42:06.631759 4000294 AriaExecutor.h:82] AriaExecutor 14 started. 
I0318 17:42:06.631899 4000295 AriaExecutor.h:82] AriaExecutor 15 started. 
I0318 17:42:06.632041 4000296 AriaExecutor.h:82] AriaExecutor 16 started. 
I0318 17:42:06.632185 4000297 AriaExecutor.h:82] AriaExecutor 17 started. 
I0318 17:42:06.632340 4000298 AriaExecutor.h:82] AriaExecutor 18 started. 
I0318 17:42:06.632485 4000299 AriaExecutor.h:82] AriaExecutor 19 started. 
I0318 17:42:06.632632 4000300 AriaExecutor.h:82] AriaExecutor 20 started. 
I0318 17:42:06.632768 4000301 AriaExecutor.h:82] AriaExecutor 21 started. 
I0318 17:42:06.632932 4000302 AriaExecutor.h:82] AriaExecutor 22 started. 
I0318 17:42:06.633075 4000303 AriaExecutor.h:82] AriaExecutor 23 started. 
I0318 17:42:06.633212 4000304 AriaExecutor.h:82] AriaExecutor 24 started. 
I0318 17:42:06.633364 4000305 AriaExecutor.h:82] AriaExecutor 25 started. 
I0318 17:42:06.633512 4000306 AriaExecutor.h:82] AriaExecutor 26 started. 
I0318 17:42:06.633684 4000307 AriaExecutor.h:82] AriaExecutor 27 started. 
I0318 17:42:06.633882 4000308 AriaExecutor.h:82] AriaExecutor 28 started. 
I0318 17:42:06.634068 4000309 AriaExecutor.h:82] AriaExecutor 29 started. 
I0318 17:42:06.634253 4000310 AriaExecutor.h:82] AriaExecutor 30 started. 
I0318 17:42:06.634428 4000311 AriaExecutor.h:82] AriaExecutor 31 started. 
I0318 17:42:06.634601 4000312 AriaExecutor.h:82] AriaExecutor 32 started. 
I0318 17:42:06.634760 4000313 AriaExecutor.h:82] AriaExecutor 33 started. 
I0318 17:42:06.634958 4000314 AriaExecutor.h:82] AriaExecutor 34 started. 
I0318 17:42:06.635666 4000315 AriaExecutor.h:82] AriaExecutor 35 started. 
I0318 17:42:06.635852 4000316 Manager.h:224] Manager(worker id = 36) on the coordinator node started.
I0318 17:42:07.635923 4000238 Coordinator.h:126] commit: 319672 abort: 528328 (0/528328/0), network size: 0, avg network size: 0, si_in_serializable: 0 0 %, local: 0 %
I0318 17:42:08.636089 4000238 Coordinator.h:126] commit: 321005 abort: 531995 (0/531995/0), network size: 0, avg network size: 0, si_in_serializable: 0 0 %, local: 0 %
I0318 17:42:09.636222 4000238 Coordinator.h:126] commit: 321204 abort: 531796 (0/531796/0), network size: 0, avg network size: 0, si_in_serializable: 0 0 %, local: 0 %
I0318 17:42:10.636466 4000238 Coordinator.h:126] commit: 319480 abort: 528520 (0/528520/0), network size: 0, avg network size: 0, si_in_serializable: 0 0 %, local: 0 %
I0318 17:42:11.636636 4000238 Coordinator.h:126] commit: 322852 abort: 533148 (0/533148/0), network size: 0, avg network size: 0, si_in_serializable: 0 0 %, local: 0 %
I0318 17:42:12.636765 4000238 Coordinator.h:126] commit: 321298 abort: 532702 (0/532702/0), network size: 0, avg network size: 0, si_in_serializable: 0 0 %, local: 0 %
I0318 17:42:13.636897 4000238 Coordinator.h:126] commit: 316621 abort: 523379 (0/523379/0), network size: 0, avg network size: 0, si_in_serializable: 0 0 %, local: 0 %
I0318 17:42:14.637029 4000238 Coordinator.h:126] commit: 314527 abort: 519473 (0/519473/0), network size: 0, avg network size: 0, si_in_serializable: 0 0 %, local: 0 %
I0318 17:42:15.637157 4000238 Coordinator.h:126] commit: 319762 abort: 529238 (0/529238/0), network size: 0, avg network size: 0, si_in_serializable: 0 0 %, local: 0 %
I0318 17:42:16.637290 4000238 Coordinator.h:126] commit: 321837 abort: 532163 (0/532163/0), network size: 0, avg network size: 0, si_in_serializable: 0 0 %, local: 0 %
I0318 17:42:17.637462 4000238 Coordinator.h:126] commit: 320882 abort: 531118 (0/531118/0), network size: 0, avg network size: 0, si_in_serializable: 0 0 %, local: 0 %
I0318 17:42:18.637626 4000238 Coordinator.h:126] commit: 319893 abort: 529107 (0/529107/0), network size: 0, avg network size: 0, si_in_serializable: 0 0 %, local: 0 %
I0318 17:42:19.637766 4000238 Coordinator.h:126] commit: 321723 abort: 531348 (0/531348/0), network size: 0, avg network size: 0, si_in_serializable: 0 0 %, local: 0 %
I0318 17:42:20.637902 4000238 Coordinator.h:126] commit: 321995 abort: 531934 (0/531934/0), network size: 0, avg network size: 0, si_in_serializable: 0 0 %, local: 0 %
I0318 17:42:21.638024 4000238 Coordinator.h:126] commit: 312261 abort: 516739 (0/516739/0), network size: 0, avg network size: 0, si_in_serializable: 0 0 %, local: 0 %
I0318 17:42:22.638157 4000238 Coordinator.h:126] commit: 319736 abort: 527264 (0/527264/0), network size: 0, avg network size: 0, si_in_serializable: 0 0 %, local: 0 %
I0318 17:42:23.638288 4000238 Coordinator.h:126] commit: 320953 abort: 533047 (0/533047/0), network size: 0, avg network size: 0, si_in_serializable: 0 0 %, local: 0 %
I0318 17:42:24.638419 4000238 Coordinator.h:126] commit: 321537 abort: 532463 (0/532463/0), network size: 0, avg network size: 0, si_in_serializable: 0 0 %, local: 0 %
I0318 17:42:25.638552 4000238 Coordinator.h:126] commit: 320556 abort: 532444 (0/532444/0), network size: 0, avg network size: 0, si_in_serializable: 0 0 %, local: 0 %
I0318 17:42:26.638679 4000238 Coordinator.h:126] commit: 321238 abort: 529762 (0/529762/0), network size: 0, avg network size: 0, si_in_serializable: 0 0 %, local: 0 %
I0318 17:42:27.638813 4000238 Coordinator.h:126] commit: 320040 abort: 528960 (0/528960/0), network size: 0, avg network size: 0, si_in_serializable: 0 0 %, local: 0 %
I0318 17:42:28.638981 4000238 Coordinator.h:126] commit: 320308 abort: 531692 (0/531692/0), network size: 0, avg network size: 0, si_in_serializable: 0 0 %, local: 0 %
I0318 17:42:29.639119 4000238 Coordinator.h:126] commit: 320614 abort: 530386 (0/530386/0), network size: 0, avg network size: 0, si_in_serializable: 0 0 %, local: 0 %
I0318 17:42:30.639254 4000238 Coordinator.h:126] commit: 321599 abort: 530401 (0/530401/0), network size: 0, avg network size: 0, si_in_serializable: 0 0 %, local: 0 %
I0318 17:42:31.639391 4000238 Coordinator.h:126] commit: 321537 abort: 531362 (0/531362/0), network size: 0, avg network size: 0, si_in_serializable: 0 0 %, local: 0 %
I0318 17:42:31.639433 4000238 Coordinator.h:152] average commit: 320077 abort: 529523 (0/529523/0), network size: 0, avg network size: 0, si_in_serializable: 0 0 %, local: 0 %
I0318 17:42:31.640652 4000286 AriaExecutor.h:94] AriaExecutor 6 exits. 
I0318 17:42:31.640673 4000292 AriaExecutor.h:94] AriaExecutor 12 exits. 
I0318 17:42:31.640646 4000296 AriaExecutor.h:94] AriaExecutor 16 exits. 
I0318 17:42:31.640661 4000291 AriaExecutor.h:94] AriaExecutor 11 exits. 
I0318 17:42:31.640697 4000285 AriaExecutor.h:94] AriaExecutor 5 exits. 
I0318 17:42:31.640650 4000295 AriaExecutor.h:94] AriaExecutor 15 exits. 
I0318 17:42:31.640647 4000302 AriaExecutor.h:94] AriaExecutor 22 exits. 
I0318 17:42:31.640647 4000309 AriaExecutor.h:94] AriaExecutor 29 exits. 
I0318 17:42:31.640662 4000289 AriaExecutor.h:94] AriaExecutor 9 exits. 
I0318 17:42:31.640647 4000299 AriaExecutor.h:94] AriaExecutor 19 exits. 
I0318 17:42:31.640645 4000280 AriaExecutor.h:94] AriaExecutor 0 exits. 
I0318 17:42:31.640646 4000308 AriaExecutor.h:94] AriaExecutor 28 exits. 
I0318 17:42:31.640693 4000287 AriaExecutor.h:94] AriaExecutor 7 exits. 
I0318 17:42:31.640646 4000294 AriaExecutor.h:94] AriaExecutor 14 exits. 
I0318 17:42:31.640648 4000283 AriaExecutor.h:94] AriaExecutor 3 exits. 
I0318 17:42:31.640702 4000290 AriaExecutor.h:94] AriaExecutor 10 exits. 
I0318 17:42:31.640645 4000281 AriaExecutor.h:94] AriaExecutor 1 exits. 
I0318 17:42:31.640650 4000305 AriaExecutor.h:94] AriaExecutor 25 exits. 
I0318 17:42:31.640648 4000303 AriaExecutor.h:94] AriaExecutor 23 exits. 
I0318 17:42:31.640654 4000288 AriaExecutor.h:94] AriaExecutor 8 exits. 
I0318 17:42:31.640679 4000293 AriaExecutor.h:94] AriaExecutor 13 exits. 
I0318 17:42:31.640666 4000316 Manager.h:227] Manager(worker id = 36) on the coordinator node exits.
I0318 17:42:31.640726 4000310 AriaExecutor.h:94] AriaExecutor 30 exits. 
I0318 17:42:31.640710 4000307 AriaExecutor.h:94] AriaExecutor 27 exits. 
I0318 17:42:31.640715 4000313 AriaExecutor.h:94] AriaExecutor 33 exits. 
I0318 17:42:31.640647 4000298 AriaExecutor.h:94] AriaExecutor 18 exits. 
I0318 17:42:31.640653 4000315 AriaExecutor.h:94] AriaExecutor 35 exits. 
I0318 17:42:31.640697 4000312 AriaExecutor.h:94] AriaExecutor 32 exits. 
I0318 17:42:31.640653 4000314 AriaExecutor.h:94] AriaExecutor 34 exits. 
I0318 17:42:31.640650 4000306 AriaExecutor.h:94] AriaExecutor 26 exits. 
I0318 17:42:31.640704 4000300 AriaExecutor.h:94] AriaExecutor 20 exits. 
I0318 17:42:31.640658 4000311 AriaExecutor.h:94] AriaExecutor 31 exits. 
I0318 17:42:31.640709 4000301 AriaExecutor.h:94] AriaExecutor 21 exits. 
I0318 17:42:31.640648 4000297 AriaExecutor.h:94] AriaExecutor 17 exits. 
I0318 17:42:31.640651 4000304 AriaExecutor.h:94] AriaExecutor 24 exits. 
I0318 17:42:31.640681 4000284 AriaExecutor.h:94] AriaExecutor 4 exits. 
I0318 17:42:31.640645 4000282 AriaExecutor.h:94] AriaExecutor 2 exits. 
I0318 17:42:31.639448 4000238 AriaExecutor.h:535] Worker 0 latency: 914 us (50%) 1053 us (75%) 1140 us (95%) 1171 us (99%).
I0318 17:42:31.652597 4000238 AriaExecutor.h:535] Worker 1 latency: 915 us (50%) 1052 us (75%) 1139 us (95%) 1171 us (99%).
I0318 17:42:31.665076 4000238 AriaExecutor.h:535] Worker 2 latency: 913 us (50%) 1050 us (75%) 1139 us (95%) 1170 us (99%).
I0318 17:42:31.677460 4000238 AriaExecutor.h:535] Worker 3 latency: 907 us (50%) 1047 us (75%) 1137 us (95%) 1169 us (99%).
I0318 17:42:31.689710 4000238 AriaExecutor.h:535] Worker 4 latency: 775 us (50%) 999 us (75%) 1136 us (95%) 1171 us (99%).
I0318 17:42:31.702579 4000238 AriaExecutor.h:535] Worker 5 latency: 916 us (50%) 1049 us (75%) 1137 us (95%) 1168 us (99%).
I0318 17:42:31.714912 4000238 AriaExecutor.h:535] Worker 6 latency: 916 us (50%) 1048 us (75%) 1136 us (95%) 1168 us (99%).
I0318 17:42:31.727213 4000238 AriaExecutor.h:535] Worker 7 latency: 916 us (50%) 1048 us (75%) 1136 us (95%) 1168 us (99%).
I0318 17:42:31.739506 4000238 AriaExecutor.h:535] Worker 8 latency: 914 us (50%) 1046 us (75%) 1135 us (95%) 1167 us (99%).
I0318 17:42:31.751525 4000238 AriaExecutor.h:535] Worker 9 latency: 913 us (50%) 1046 us (75%) 1135 us (95%) 1167 us (99%).
I0318 17:42:31.763768 4000238 AriaExecutor.h:535] Worker 10 latency: 913 us (50%) 1045 us (75%) 1134 us (95%) 1167 us (99%).
I0318 17:42:31.775904 4000238 AriaExecutor.h:535] Worker 11 latency: 913 us (50%) 1045 us (75%) 1134 us (95%) 1167 us (99%).
I0318 17:42:31.787919 4000238 AriaExecutor.h:535] Worker 12 latency: 910 us (50%) 1042 us (75%) 1134 us (95%) 1166 us (99%).
I0318 17:42:31.799988 4000238 AriaExecutor.h:535] Worker 13 latency: 909 us (50%) 1042 us (75%) 1133 us (95%) 1166 us (99%).
I0318 17:42:31.812059 4000238 AriaExecutor.h:535] Worker 14 latency: 907 us (50%) 1041 us (75%) 1133 us (95%) 1166 us (99%).
I0318 17:42:31.822784 4000238 AriaExecutor.h:535] Worker 15 latency: 908 us (50%) 1041 us (75%) 1133 us (95%) 1166 us (99%).
I0318 17:42:31.833483 4000238 AriaExecutor.h:535] Worker 16 latency: 907 us (50%) 1041 us (75%) 1133 us (95%) 1166 us (99%).
I0318 17:42:31.844127 4000238 AriaExecutor.h:535] Worker 17 latency: 907 us (50%) 1041 us (75%) 1133 us (95%) 1165 us (99%).
I0318 17:42:31.854770 4000238 AriaExecutor.h:535] Worker 18 latency: 907 us (50%) 1040 us (75%) 1132 us (95%) 1165 us (99%).
I0318 17:42:31.865468 4000238 AriaExecutor.h:535] Worker 19 latency: 906 us (50%) 1039 us (75%) 1132 us (95%) 1165 us (99%).
I0318 17:42:31.876132 4000238 AriaExecutor.h:535] Worker 20 latency: 906 us (50%) 1040 us (75%) 1132 us (95%) 1165 us (99%).
I0318 17:42:31.886886 4000238 AriaExecutor.h:535] Worker 21 latency: 906 us (50%) 1039 us (75%) 1132 us (95%) 1165 us (99%).
I0318 17:42:31.897598 4000238 AriaExecutor.h:535] Worker 22 latency: 906 us (50%) 1039 us (75%) 1131 us (95%) 1164 us (99%).
I0318 17:42:31.908301 4000238 AriaExecutor.h:535] Worker 23 latency: 905 us (50%) 1038 us (75%) 1131 us (95%) 1165 us (99%).
I0318 17:42:31.918905 4000238 AriaExecutor.h:535] Worker 24 latency: 905 us (50%) 1038 us (75%) 1131 us (95%) 1164 us (99%).
I0318 17:42:31.929564 4000238 AriaExecutor.h:535] Worker 25 latency: 904 us (50%) 1037 us (75%) 1131 us (95%) 1164 us (99%).
I0318 17:42:31.940075 4000238 AriaExecutor.h:535] Worker 26 latency: 905 us (50%) 1038 us (75%) 1131 us (95%) 1164 us (99%).
I0318 17:42:31.950809 4000238 AriaExecutor.h:535] Worker 27 latency: 904 us (50%) 1038 us (75%) 1131 us (95%) 1164 us (99%).
I0318 17:42:31.961419 4000238 AriaExecutor.h:535] Worker 28 latency: 912 us (50%) 1040 us (75%) 1131 us (95%) 1164 us (99%).
I0318 17:42:31.971609 4000238 AriaExecutor.h:535] Worker 29 latency: 910 us (50%) 1040 us (75%) 1131 us (95%) 1164 us (99%).
I0318 17:42:31.981725 4000238 AriaExecutor.h:535] Worker 30 latency: 912 us (50%) 1040 us (75%) 1131 us (95%) 1165 us (99%).
I0318 17:42:31.993186 4000238 AriaExecutor.h:535] Worker 31 latency: 913 us (50%) 1040 us (75%) 1130 us (95%) 1164 us (99%).
I0318 17:42:32.004786 4000238 AriaExecutor.h:535] Worker 32 latency: 906 us (50%) 1036 us (75%) 1130 us (95%) 1164 us (99%).
I0318 17:42:32.016613 4000238 AriaExecutor.h:535] Worker 33 latency: 905 us (50%) 1036 us (75%) 1130 us (95%) 1164 us (99%).
I0318 17:42:32.028064 4000238 AriaExecutor.h:535] Worker 34 latency: 906 us (50%) 1036 us (75%) 1130 us (95%) 1164 us (99%).
I0318 17:42:32.039458 4000238 AriaExecutor.h:535] Worker 35 latency: 902 us (50%) 1034 us (75%) 1130 us (95%) 1164 us (99%).
I0318 17:42:32.050881 4000238 Coordinator.h:177] total commit: 320077
I0318 17:42:33.051126 4000238 Coordinator.h:192] Coordinator exits.
