I0318 18:02:02.371722 4015175 Database.h:65] ycsb initialization finished in 104 milliseconds.
I0318 18:02:02.371945 4015175 Coordinator.h:30] Coordinator initializes 60 workers.
I0318 18:02:02.408979 4015175 Coordinator.h:77] Coordinator starts to run 61 workers.
I0318 18:02:02.409065 4015240 AriaExecutor.h:94] AriaExecutor 0 started. 
I0318 18:02:02.409111 4015241 AriaExecutor.h:94] AriaExecutor 1 started. 
I0318 18:02:02.409200 4015242 AriaExecutor.h:94] AriaExecutor 2 started. 
I0318 18:02:02.409279 4015243 AriaExecutor.h:94] AriaExecutor 3 started. 
I0318 18:02:02.409399 4015244 AriaExecutor.h:94] AriaExecutor 4 started. 
I0318 18:02:02.409494 4015245 AriaExecutor.h:94] AriaExecutor 5 started. 
I0318 18:02:02.409602 4015246 AriaExecutor.h:94] AriaExecutor 6 started. 
I0318 18:02:02.409706 4015247 AriaExecutor.h:94] AriaExecutor 7 started. 
I0318 18:02:02.409801 4015248 AriaExecutor.h:94] AriaExecutor 8 started. 
I0318 18:02:02.409907 4015249 AriaExecutor.h:94] AriaExecutor 9 started. 
I0318 18:02:02.410027 4015250 AriaExecutor.h:94] AriaExecutor 10 started. 
I0318 18:02:02.410133 4015251 AriaExecutor.h:94] AriaExecutor 11 started. 
I0318 18:02:02.410243 4015252 AriaExecutor.h:94] AriaExecutor 12 started. 
I0318 18:02:02.410352 4015253 AriaExecutor.h:94] AriaExecutor 13 started. 
I0318 18:02:02.410458 4015254 AriaExecutor.h:94] AriaExecutor 14 started. 
I0318 18:02:02.410596 4015255 AriaExecutor.h:94] AriaExecutor 15 started. 
I0318 18:02:02.411648 4015256 AriaExecutor.h:94] AriaExecutor 16 started. 
I0318 18:02:02.411751 4015257 AriaExecutor.h:94] AriaExecutor 17 started. 
I0318 18:02:02.411868 4015258 AriaExecutor.h:94] AriaExecutor 18 started. 
I0318 18:02:02.411917 4015259 AriaExecutor.h:94] AriaExecutor 19 started. 
I0318 18:02:02.412017 4015260 AriaExecutor.h:94] AriaExecutor 20 started. 
I0318 18:02:02.412137 4015261 AriaExecutor.h:94] AriaExecutor 21 started. 
I0318 18:02:02.412269 4015262 AriaExecutor.h:94] AriaExecutor 22 started. 
I0318 18:02:02.412391 4015263 AriaExecutor.h:94] AriaExecutor 23 started. 
I0318 18:02:02.412451 4015264 AriaExecutor.h:94] AriaExecutor 24 started. 
I0318 18:02:02.412547 4015265 AriaExecutor.h:94] AriaExecutor 25 started. 
I0318 18:02:02.412667 4015266 AriaExecutor.h:94] AriaExecutor 26 started. 
I0318 18:02:02.412794 4015267 AriaExecutor.h:94] AriaExecutor 27 started. 
I0318 18:02:02.412920 4015268 AriaExecutor.h:94] AriaExecutor 28 started. 
I0318 18:02:02.413041 4015269 AriaExecutor.h:94] AriaExecutor 29 started. 
I0318 18:02:02.413144 4015270 AriaExecutor.h:94] AriaExecutor 30 started. 
I0318 18:02:02.413285 4015271 AriaExecutor.h:94] AriaExecutor 31 started. 
I0318 18:02:02.413314 4015272 AriaExecutor.h:94] AriaExecutor 32 started. 
I0318 18:02:02.413455 4015273 AriaExecutor.h:94] AriaExecutor 33 started. 
I0318 18:02:02.413501 4015274 AriaExecutor.h:94] AriaExecutor 34 started. 
I0318 18:02:02.413652 4015276 AriaExecutor.h:94] AriaExecutor 36 started. 
I0318 18:02:02.413772 4015277 AriaExecutor.h:94] AriaExecutor 37 started. 
I0318 18:02:02.413805 4015278 AriaExecutor.h:94] AriaExecutor 38 started. 
I0318 18:02:02.413916 4015279 AriaExecutor.h:94] AriaExecutor 39 started. 
I0318 18:02:02.413940 4015275 AriaExecutor.h:94] AriaExecutor 35 started. 
I0318 18:02:02.414037 4015280 AriaExecutor.h:94] AriaExecutor 40 started. 
I0318 18:02:02.414294 4015281 AriaExecutor.h:94] AriaExecutor 41 started. 
I0318 18:02:02.414481 4015282 AriaExecutor.h:94] AriaExecutor 42 started. 
I0318 18:02:02.414686 4015283 AriaExecutor.h:94] AriaExecutor 43 started. 
I0318 18:02:02.414871 4015284 AriaExecutor.h:94] AriaExecutor 44 started. 
I0318 18:02:02.415056 4015285 AriaExecutor.h:94] AriaExecutor 45 started. 
I0318 18:02:02.415249 4015286 AriaExecutor.h:94] AriaExecutor 46 started. 
I0318 18:02:02.415439 4015287 AriaExecutor.h:94] AriaExecutor 47 started. 
I0318 18:02:02.415613 4015288 AriaExecutor.h:94] AriaExecutor 48 started. 
I0318 18:02:02.415858 4015289 AriaExecutor.h:94] AriaExecutor 49 started. 
I0318 18:02:02.416047 4015290 AriaExecutor.h:94] AriaExecutor 50 started. 
I0318 18:02:02.416277 4015291 AriaExecutor.h:94] AriaExecutor 51 started. 
I0318 18:02:02.416496 4015292 AriaExecutor.h:94] AriaExecutor 52 started. 
I0318 18:02:02.416682 4015293 AriaExecutor.h:94] AriaExecutor 53 started. 
I0318 18:02:02.416916 4015294 AriaExecutor.h:94] AriaExecutor 54 started. 
I0318 18:02:02.417112 4015295 AriaExecutor.h:94] AriaExecutor 55 started. 
I0318 18:02:02.417308 4015296 AriaExecutor.h:94] AriaExecutor 56 started. 
I0318 18:02:02.417477 4015297 AriaExecutor.h:94] AriaExecutor 57 started. 
I0318 18:02:02.417640 4015298 AriaExecutor.h:94] AriaExecutor 58 started. 
I0318 18:02:02.417840 4015299 AriaExecutor.h:94] AriaExecutor 59 started. 
I0318 18:02:02.417961 4015300 Manager.h:224] Manager(worker id = 60) on the coordinator node started.
I0318 18:02:03.418023 4015175 Coordinator.h:126] commit: 570 abort: 358430 (0/358430/0), network size: 0, avg network size: 0, si_in_serializable: 0 0 %, local: 0 %
I0318 18:02:04.418206 4015175 Coordinator.h:126] commit: 581 abort: 361419 (0/361419/0), network size: 0, avg network size: 0, si_in_serializable: 0 0 %, local: 0 %
I0318 18:02:05.418358 4015175 Coordinator.h:126] commit: 578 abort: 357422 (0/357422/0), network size: 0, avg network size: 0, si_in_serializable: 0 0 %, local: 0 %
I0318 18:02:06.418509 4015175 Coordinator.h:126] commit: 555 abort: 355445 (0/355445/0), network size: 0, avg network size: 0, si_in_serializable: 0 0 %, local: 0 %
I0318 18:02:07.418803 4015175 Coordinator.h:126] commit: 546 abort: 357454 (0/357454/0), network size: 0, avg network size: 0, si_in_serializable: 0 0 %, local: 0 %
I0318 18:02:08.418974 4015175 Coordinator.h:126] commit: 535 abort: 359465 (0/359465/0), network size: 0, avg network size: 0, si_in_serializable: 0 0 %, local: 0 %
I0318 18:02:09.419131 4015175 Coordinator.h:126] commit: 570 abort: 359430 (0/359430/0), network size: 0, avg network size: 0, si_in_serializable: 0 0 %, local: 0 %
I0318 18:02:10.419294 4015175 Coordinator.h:126] commit: 520 abort: 358096 (0/358096/0), network size: 0, avg network size: 0, si_in_serializable: 0 0 %, local: 0 %
I0318 18:02:11.419450 4015175 Coordinator.h:126] commit: 555 abort: 359829 (0/359829/0), network size: 0, avg network size: 0, si_in_serializable: 0 0 %, local: 0 %
I0318 18:02:12.419600 4015175 Coordinator.h:126] commit: 553 abort: 358447 (0/358447/0), network size: 0, avg network size: 0, si_in_serializable: 0 0 %, local: 0 %
I0318 18:02:13.419749 4015175 Coordinator.h:126] commit: 558 abort: 362442 (0/362442/0), network size: 0, avg network size: 0, si_in_serializable: 0 0 %, local: 0 %
I0318 18:02:14.419904 4015175 Coordinator.h:126] commit: 602 abort: 359398 (0/359398/0), network size: 0, avg network size: 0, si_in_serializable: 0 0 %, local: 0 %
I0318 18:02:15.420055 4015175 Coordinator.h:126] commit: 580 abort: 362420 (0/362420/0), network size: 0, avg network size: 0, si_in_serializable: 0 0 %, local: 0 %
I0318 18:02:16.420221 4015175 Coordinator.h:126] commit: 566 abort: 362434 (0/362434/0), network size: 0, avg network size: 0, si_in_serializable: 0 0 %, local: 0 %
I0318 18:02:17.420377 4015175 Coordinator.h:126] commit: 582 abort: 363418 (0/363418/0), network size: 0, avg network size: 0, si_in_serializable: 0 0 %, local: 0 %
I0318 18:02:18.420519 4015175 Coordinator.h:126] commit: 562 abort: 362438 (0/362438/0), network size: 0, avg network size: 0, si_in_serializable: 0 0 %, local: 0 %
I0318 18:02:19.420662 4015175 Coordinator.h:126] commit: 572 abort: 363428 (0/363428/0), network size: 0, avg network size: 0, si_in_serializable: 0 0 %, local: 0 %
I0318 18:02:20.420806 4015175 Coordinator.h:126] commit: 575 abort: 363425 (0/363425/0), network size: 0, avg network size: 0, si_in_serializable: 0 0 %, local: 0 %
I0318 18:02:21.420946 4015175 Coordinator.h:126] commit: 548 abort: 363452 (0/363452/0), network size: 0, avg network size: 0, si_in_serializable: 0 0 %, local: 0 %
I0318 18:02:22.421083 4015175 Coordinator.h:126] commit: 581 abort: 362419 (0/362419/0), network size: 0, avg network size: 0, si_in_serializable: 0 0 %, local: 0 %
I0318 18:02:23.421218 4015175 Coordinator.h:126] commit: 581 abort: 362419 (0/362419/0), network size: 0, avg network size: 0, si_in_serializable: 0 0 %, local: 0 %
I0318 18:02:24.421357 4015175 Coordinator.h:126] commit: 573 abort: 363427 (0/363427/0), network size: 0, avg network size: 0, si_in_serializable: 0 0 %, local: 0 %
I0318 18:02:25.421494 4015175 Coordinator.h:126] commit: 571 abort: 363429 (0/363429/0), network size: 0, avg network size: 0, si_in_serializable: 0 0 %, local: 0 %
I0318 18:02:26.421638 4015175 Coordinator.h:126] commit: 597 abort: 364403 (0/364403/0), network size: 0, avg network size: 0, si_in_serializable: 0 0 %, local: 0 %
I0318 18:02:27.421777 4015175 Coordinator.h:126] commit: 574 abort: 363426 (0/363426/0), network size: 0, avg network size: 0, si_in_serializable: 0 0 %, local: 0 %
I0318 18:02:27.421825 4015175 Coordinator.h:152] average commit: 572.6 abort: 362527 (0/362527/0), network size: 0, avg network size: 0, si_in_serializable: 0 0 %, local: 0 %
I0318 18:02:27.421842 4015175 AriaExecutor.h:646] Worker 0 latency: 2725 us (50%) 2770 us (75%) 2835 us (95%) 2889 us (99%).
I0318 18:02:27.422510 4015297 AriaExecutor.h:106] AriaExecutor 57 exits. 
I0318 18:02:27.422521 4015265 AriaExecutor.h:106] AriaExecutor 25 exits. 
I0318 18:02:27.422596 4015273 AriaExecutor.h:106] AriaExecutor 33 exits. 
I0318 18:02:27.422539 4015254 AriaExecutor.h:106] AriaExecutor 14 exits. 
I0318 18:02:27.422519 4015287 AriaExecutor.h:106] AriaExecutor 47 exits. 
I0318 18:02:27.422595 4015293 AriaExecutor.h:106] AriaExecutor 53 exits. 
I0318 18:02:27.422596 4015300 Manager.h:227] Manager(worker id = 60) on the coordinator node exits.
I0318 18:02:27.422526 4015249 AriaExecutor.h:106] AriaExecutor 9 exits. 
I0318 18:02:27.422510 4015298 AriaExecutor.h:106] AriaExecutor 58 exits. 
I0318 18:02:27.422537 4015277 AriaExecutor.h:106] AriaExecutor 37 exits. 
I0318 18:02:27.422519 4015294 AriaExecutor.h:106] AriaExecutor 54 exits. 
I0318 18:02:27.422564 4015286 AriaExecutor.h:106] AriaExecutor 46 exits. 
I0318 18:02:27.422521 4015242 AriaExecutor.h:106] AriaExecutor 2 exits. 
I0318 18:02:27.422578 4015283 AriaExecutor.h:106] AriaExecutor 43 exits. 
I0318 18:02:27.422515 4015278 AriaExecutor.h:106] AriaExecutor 38 exits. 
I0318 18:02:27.422523 4015246 AriaExecutor.h:106] AriaExecutor 6 exits. 
I0318 18:02:27.422524 4015251 AriaExecutor.h:106] AriaExecutor 11 exits. 
I0318 18:02:27.422524 4015263 AriaExecutor.h:106] AriaExecutor 23 exits. 
I0318 18:02:27.422595 4015271 AriaExecutor.h:106] AriaExecutor 31 exits. 
I0318 18:02:27.422598 4015285 AriaExecutor.h:106] AriaExecutor 45 exits. 
I0318 18:02:27.422605 4015268 AriaExecutor.h:106] AriaExecutor 28 exits. 
I0318 18:02:27.422602 4015257 AriaExecutor.h:106] AriaExecutor 17 exits. 
I0318 18:02:27.422605 4015291 AriaExecutor.h:106] AriaExecutor 51 exits. 
I0318 18:02:27.422605 4015259 AriaExecutor.h:106] AriaExecutor 19 exits. 
I0318 18:02:27.422526 4015248 AriaExecutor.h:106] AriaExecutor 8 exits. 
I0318 18:02:27.422530 4015269 AriaExecutor.h:106] AriaExecutor 29 exits. 
I0318 18:02:27.422534 4015247 AriaExecutor.h:106] AriaExecutor 7 exits. 
I0318 18:02:27.422535 4015245 AriaExecutor.h:106] AriaExecutor 5 exits. 
I0318 18:02:27.422536 4015262 AriaExecutor.h:106] AriaExecutor 22 exits. 
I0318 18:02:27.422538 4015274 AriaExecutor.h:106] AriaExecutor 34 exits. 
I0318 18:02:27.422533 4015253 AriaExecutor.h:106] AriaExecutor 13 exits. 
I0318 18:02:27.422514 4015295 AriaExecutor.h:106] AriaExecutor 55 exits. 
I0318 18:02:27.422534 4015264 AriaExecutor.h:106] AriaExecutor 24 exits. 
I0318 18:02:27.422515 4015288 AriaExecutor.h:106] AriaExecutor 48 exits. 
I0318 18:02:27.422516 4015290 AriaExecutor.h:106] AriaExecutor 50 exits. 
I0318 18:02:27.422515 4015250 AriaExecutor.h:106] AriaExecutor 10 exits. 
I0318 18:02:27.422519 4015299 AriaExecutor.h:106] AriaExecutor 59 exits. 
I0318 18:02:27.422537 4015261 AriaExecutor.h:106] AriaExecutor 21 exits. 
I0318 18:02:27.422578 4015281 AriaExecutor.h:106] AriaExecutor 41 exits. 
I0318 18:02:27.422523 4015270 AriaExecutor.h:106] AriaExecutor 30 exits. 
I0318 18:02:27.422593 4015296 AriaExecutor.h:106] AriaExecutor 56 exits. 
I0318 18:02:27.422526 4015256 AriaExecutor.h:106] AriaExecutor 16 exits. 
I0318 18:02:27.422531 4015276 AriaExecutor.h:106] AriaExecutor 36 exits. 
I0318 18:02:27.422593 4015289 AriaExecutor.h:106] AriaExecutor 49 exits. 
I0318 18:02:27.422596 4015292 AriaExecutor.h:106] AriaExecutor 52 exits. 
I0318 18:02:27.422535 4015266 AriaExecutor.h:106] AriaExecutor 26 exits. 
I0318 18:02:27.422597 4015272 AriaExecutor.h:106] AriaExecutor 32 exits. 
I0318 18:02:27.422597 4015240 AriaExecutor.h:106] AriaExecutor 0 exits. 
I0318 18:02:27.422600 4015282 AriaExecutor.h:106] AriaExecutor 42 exits. 
I0318 18:02:27.422539 4015284 AriaExecutor.h:106] AriaExecutor 44 exits. 
I0318 18:02:27.422596 4015241 AriaExecutor.h:106] AriaExecutor 1 exits. 
I0318 18:02:27.422602 4015275 AriaExecutor.h:106] AriaExecutor 35 exits. 
I0318 18:02:27.422602 4015267 AriaExecutor.h:106] AriaExecutor 27 exits. 
I0318 18:02:27.422530 4015243 AriaExecutor.h:106] AriaExecutor 3 exits. 
I0318 18:02:27.422531 4015244 AriaExecutor.h:106] AriaExecutor 4 exits. 
I0318 18:02:27.422528 4015252 AriaExecutor.h:106] AriaExecutor 12 exits. 
I0318 18:02:27.422602 4015260 AriaExecutor.h:106] AriaExecutor 20 exits. 
I0318 18:02:27.422535 4015255 AriaExecutor.h:106] AriaExecutor 15 exits. 
I0318 18:02:27.422534 4015279 AriaExecutor.h:106] AriaExecutor 39 exits. 
I0318 18:02:27.422537 4015258 AriaExecutor.h:106] AriaExecutor 18 exits. 
I0318 18:02:27.422516 4015280 AriaExecutor.h:106] AriaExecutor 40 exits. 
I0318 18:02:27.424628 4015175 AriaExecutor.h:646] Worker 1 latency: 2725 us (50%) 2766 us (75%) 2832 us (95%) 2894 us (99%).
I0318 18:02:27.424739 4015175 AriaExecutor.h:646] Worker 2 latency: 2724 us (50%) 2773 us (75%) 2829 us (95%) 2899 us (99%).
I0318 18:02:27.424769 4015175 AriaExecutor.h:646] Worker 3 latency: 2732 us (50%) 2771 us (75%) 2838 us (95%) 2889 us (99%).
I0318 18:02:27.424790 4015175 AriaExecutor.h:646] Worker 4 latency: 2724 us (50%) 2766 us (75%) 2838 us (95%) 2877 us (99%).
I0318 18:02:27.424839 4015175 AriaExecutor.h:646] Worker 5 latency: 2718 us (50%) 2767 us (75%) 2836 us (95%) 2886 us (99%).
I0318 18:02:27.424872 4015175 AriaExecutor.h:646] Worker 6 latency: 2703 us (50%) 2741 us (75%) 2813 us (95%) 2877 us (99%).
I0318 18:02:27.424903 4015175 AriaExecutor.h:646] Worker 7 latency: 2715 us (50%) 2767 us (75%) 2840 us (95%) 2916 us (99%).
I0318 18:02:27.424933 4015175 AriaExecutor.h:646] Worker 8 latency: 2723 us (50%) 2757 us (75%) 2833 us (95%) 2867 us (99%).
I0318 18:02:27.424958 4015175 AriaExecutor.h:646] Worker 9 latency: 2708 us (50%) 2749 us (75%) 2841 us (95%) 2885 us (99%).
I0318 18:02:27.424985 4015175 AriaExecutor.h:646] Worker 10 latency: 2711 us (50%) 2770 us (75%) 2847 us (95%) 2872 us (99%).
I0318 18:02:27.425011 4015175 AriaExecutor.h:646] Worker 11 latency: 2719 us (50%) 2763 us (75%) 2834 us (95%) 2889 us (99%).
I0318 18:02:27.425040 4015175 AriaExecutor.h:646] Worker 12 latency: 2713 us (50%) 2749 us (75%) 2824 us (95%) 2885 us (99%).
I0318 18:02:27.425063 4015175 AriaExecutor.h:646] Worker 13 latency: 2731 us (50%) 2766 us (75%) 2821 us (95%) 2849 us (99%).
I0318 18:02:27.425088 4015175 AriaExecutor.h:646] Worker 14 latency: 2713 us (50%) 2772 us (75%) 2842 us (95%) 2892 us (99%).
I0318 18:02:27.425112 4015175 AriaExecutor.h:646] Worker 15 latency: 2703 us (50%) 2749 us (75%) 2805 us (95%) 2865 us (99%).
I0318 18:02:27.425137 4015175 AriaExecutor.h:646] Worker 16 latency: 2720 us (50%) 2754 us (75%) 2833 us (95%) 2857 us (99%).
I0318 18:02:27.425159 4015175 AriaExecutor.h:646] Worker 17 latency: 2710 us (50%) 2756 us (75%) 2806 us (95%) 2860 us (99%).
I0318 18:02:27.425184 4015175 AriaExecutor.h:646] Worker 18 latency: 2700 us (50%) 2760 us (75%) 2850 us (95%) 4855 us (99%).
I0318 18:02:27.425205 4015175 AriaExecutor.h:646] Worker 19 latency: 2712 us (50%) 2759 us (75%) 2797 us (95%) 2906 us (99%).
I0318 18:02:27.425228 4015175 AriaExecutor.h:646] Worker 20 latency: 2687 us (50%) 2755 us (75%) 2832 us (95%) 2868 us (99%).
I0318 18:02:27.425251 4015175 AriaExecutor.h:646] Worker 21 latency: 2704 us (50%) 2760 us (75%) 2849 us (95%) 2901 us (99%).
I0318 18:02:27.425273 4015175 AriaExecutor.h:646] Worker 22 latency: 2707 us (50%) 2749 us (75%) 2808 us (95%) 2833 us (99%).
I0318 18:02:27.425295 4015175 AriaExecutor.h:646] Worker 23 latency: 2713 us (50%) 2766 us (75%) 2850 us (95%) 3026 us (99%).
I0318 18:02:27.425318 4015175 AriaExecutor.h:646] Worker 24 latency: 2709 us (50%) 2760 us (75%) 2823 us (95%) 2840 us (99%).
I0318 18:02:27.425340 4015175 AriaExecutor.h:646] Worker 25 latency: 2707 us (50%) 2749 us (75%) 2779 us (95%) 2820 us (99%).
I0318 18:02:27.425362 4015175 AriaExecutor.h:646] Worker 26 latency: 2693 us (50%) 2734 us (75%) 2856 us (95%) 2865 us (99%).
I0318 18:02:27.425382 4015175 AriaExecutor.h:646] Worker 27 latency: 2693 us (50%) 2745 us (75%) 2864 us (95%) 2881 us (99%).
I0318 18:02:27.425405 4015175 AriaExecutor.h:646] Worker 28 latency: 2665 us (50%) 2720 us (75%) 2834 us (95%) 2919 us (99%).
I0318 18:02:27.425426 4015175 AriaExecutor.h:646] Worker 29 latency: 2705 us (50%) 2748 us (75%) 2852 us (95%) 2877 us (99%).
I0318 18:02:27.425446 4015175 AriaExecutor.h:646] Worker 30 latency: 2680 us (50%) 2750 us (75%) 2818 us (95%) 2831 us (99%).
I0318 18:02:27.425467 4015175 AriaExecutor.h:646] Worker 31 latency: 2702 us (50%) 2742 us (75%) 2781 us (95%) 2833 us (99%).
I0318 18:02:27.425489 4015175 AriaExecutor.h:646] Worker 32 latency: 2701 us (50%) 2746 us (75%) 2838 us (95%) 2840 us (99%).
I0318 18:02:27.425511 4015175 AriaExecutor.h:646] Worker 33 latency: 2654 us (50%) 2692 us (75%) 2768 us (95%) 2805 us (99%).
I0318 18:02:27.425532 4015175 AriaExecutor.h:646] Worker 34 latency: 2680 us (50%) 2758 us (75%) 2839 us (95%) 3019 us (99%).
I0318 18:02:27.425555 4015175 AriaExecutor.h:646] Worker 35 latency: 2691 us (50%) 2715 us (75%) 2799 us (95%) 2811 us (99%).
I0318 18:02:27.425578 4015175 AriaExecutor.h:646] Worker 36 latency: 2680 us (50%) 2733 us (75%) 2803 us (95%) 2874 us (99%).
I0318 18:02:27.425601 4015175 AriaExecutor.h:646] Worker 37 latency: 2692 us (50%) 2733 us (75%) 2819 us (95%) 2834 us (99%).
I0318 18:02:27.425623 4015175 AriaExecutor.h:646] Worker 38 latency: 2744 us (50%) 2797 us (75%) 2830 us (95%) 2830 us (99%).
I0318 18:02:27.425647 4015175 AriaExecutor.h:646] Worker 39 latency: 2676 us (50%) 2736 us (75%) 2773 us (95%) 2828 us (99%).
I0318 18:02:27.425668 4015175 AriaExecutor.h:646] Worker 40 latency: 2658 us (50%) 2726 us (75%) 2792 us (95%) 2893 us (99%).
I0318 18:02:27.425690 4015175 AriaExecutor.h:646] Worker 41 latency: 2689 us (50%) 2752 us (75%) 2834 us (95%) 2843 us (99%).
I0318 18:02:27.425711 4015175 AriaExecutor.h:646] Worker 42 latency: 2742 us (50%) 2768 us (75%) 2785 us (95%) 2785 us (99%).
I0318 18:02:27.425732 4015175 AriaExecutor.h:646] Worker 43 latency: 2660 us (50%) 2730 us (75%) 2806 us (95%) 2834 us (99%).
I0318 18:02:27.425753 4015175 AriaExecutor.h:646] Worker 44 latency: 2678 us (50%) 2709 us (75%) 2834 us (95%) 2848 us (99%).
I0318 18:02:27.425776 4015175 AriaExecutor.h:646] Worker 45 latency: 2661 us (50%) 2706 us (75%) 2738 us (95%) 2738 us (99%).
I0318 18:02:27.425799 4015175 AriaExecutor.h:646] Worker 46 latency: 2668 us (50%) 2730 us (75%) 2795 us (95%) 2797 us (99%).
I0318 18:02:27.425822 4015175 AriaExecutor.h:646] Worker 47 latency: 2729 us (50%) 2771 us (75%) 2801 us (95%) 2802 us (99%).
I0318 18:02:27.425843 4015175 AriaExecutor.h:646] Worker 48 latency: 2615 us (50%) 2716 us (75%) 2806 us (95%) 2806 us (99%).
I0318 18:02:27.425865 4015175 AriaExecutor.h:646] Worker 49 latency: 2692 us (50%) 2764 us (75%) 2817 us (95%) 2832 us (99%).
I0318 18:02:27.425887 4015175 AriaExecutor.h:646] Worker 50 latency: 2633 us (50%) 2747 us (75%) 2824 us (95%) 2824 us (99%).
I0318 18:02:27.425907 4015175 AriaExecutor.h:646] Worker 51 latency: 2676 us (50%) 2759 us (75%) 2831 us (95%) 2831 us (99%).
I0318 18:02:27.425926 4015175 AriaExecutor.h:646] Worker 52 latency: 2711 us (50%) 2758 us (75%) 2812 us (95%) 2815 us (99%).
I0318 18:02:27.425945 4015175 AriaExecutor.h:646] Worker 53 latency: 2701 us (50%) 2766 us (75%) 2813 us (95%) 2871 us (99%).
I0318 18:02:27.425966 4015175 AriaExecutor.h:646] Worker 54 latency: 2676 us (50%) 2711 us (75%) 2765 us (95%) 2978 us (99%).
I0318 18:02:27.425985 4015175 AriaExecutor.h:646] Worker 55 latency: 2656 us (50%) 2720 us (75%) 2843 us (95%) 2843 us (99%).
I0318 18:02:27.426005 4015175 AriaExecutor.h:646] Worker 56 latency: 2621 us (50%) 2693 us (75%) 2801 us (95%) 2801 us (99%).
I0318 18:02:27.426024 4015175 AriaExecutor.h:646] Worker 57 latency: 2651 us (50%) 2717 us (75%) 2753 us (95%) 2753 us (99%).
I0318 18:02:27.426043 4015175 AriaExecutor.h:646] Worker 58 latency: 2671 us (50%) 2723 us (75%) 2766 us (95%) 2766 us (99%).
I0318 18:02:27.426064 4015175 AriaExecutor.h:646] Worker 59 latency: 2666 us (50%) 2733 us (75%) 2817 us (95%) 2817 us (99%).
I0318 18:02:27.426096 4015175 Coordinator.h:177] total commit: 572.6
I0318 18:02:28.426312 4015175 Coordinator.h:192] Coordinator exits.
