I0319 21:32:33.453500 153309 Database.h:65] ycsb initialization finished in 98 milliseconds.
I0319 21:32:33.453706 153309 Coordinator.h:30] Coordinator initializes 12 workers.
I0319 21:32:33.491149 153309 Coordinator.h:77] Coordinator starts to run 13 workers.
I0319 21:32:33.491266 153330 AriaExecutor.h:94] AriaExecutor 1 started. 
I0319 21:32:33.491261 153329 AriaExecutor.h:94] AriaExecutor 0 started. 
I0319 21:32:33.491518 153331 AriaExecutor.h:94] AriaExecutor 2 started. 
I0319 21:32:33.491721 153332 AriaExecutor.h:94] AriaExecutor 3 started. 
I0319 21:32:33.491909 153333 AriaExecutor.h:94] AriaExecutor 4 started. 
I0319 21:32:33.492158 153334 AriaExecutor.h:94] AriaExecutor 5 started. 
I0319 21:32:33.492388 153335 AriaExecutor.h:94] AriaExecutor 6 started. 
I0319 21:32:33.492594 153336 AriaExecutor.h:94] AriaExecutor 7 started. 
I0319 21:32:33.492787 153337 AriaExecutor.h:94] AriaExecutor 8 started. 
I0319 21:32:33.492976 153338 AriaExecutor.h:94] AriaExecutor 9 started. 
I0319 21:32:33.493160 153339 AriaExecutor.h:94] AriaExecutor 10 started. 
I0319 21:32:33.493371 153340 AriaExecutor.h:94] AriaExecutor 11 started. 
I0319 21:32:33.493592 153341 Manager.h:224] Manager(worker id = 12) on the coordinator node started.
I0319 21:32:34.493636 153309 Coordinator.h:126] commit: 511 abort: 136489 (0/136489/0), network size: 0, avg network size: 0, si_in_serializable: 0 0 %, local: 0 %
I0319 21:32:35.493789 153309 Coordinator.h:126] commit: 536 abort: 140464 (0/140464/0), network size: 0, avg network size: 0, si_in_serializable: 0 0 %, local: 0 %
I0319 21:32:36.493968 153309 Coordinator.h:126] commit: 541 abort: 141459 (0/141459/0), network size: 0, avg network size: 0, si_in_serializable: 0 0 %, local: 0 %
I0319 21:32:37.494108 153309 Coordinator.h:126] commit: 531 abort: 142469 (0/142469/0), network size: 0, avg network size: 0, si_in_serializable: 0 0 %, local: 0 %
I0319 21:32:38.494243 153309 Coordinator.h:126] commit: 555 abort: 141445 (0/141445/0), network size: 0, avg network size: 0, si_in_serializable: 0 0 %, local: 0 %
I0319 21:32:39.494385 153309 Coordinator.h:126] commit: 566 abort: 141434 (0/141434/0), network size: 0, avg network size: 0, si_in_serializable: 0 0 %, local: 0 %
I0319 21:32:40.494510 153309 Coordinator.h:126] commit: 540 abort: 141460 (0/141460/0), network size: 0, avg network size: 0, si_in_serializable: 0 0 %, local: 0 %
I0319 21:32:41.494683 153309 Coordinator.h:126] commit: 536 abort: 142464 (0/142464/0), network size: 0, avg network size: 0, si_in_serializable: 0 0 %, local: 0 %
I0319 21:32:42.494820 153309 Coordinator.h:126] commit: 524 abort: 141476 (0/141476/0), network size: 0, avg network size: 0, si_in_serializable: 0 0 %, local: 0 %
I0319 21:32:43.494949 153309 Coordinator.h:126] commit: 558 abort: 142442 (0/142442/0), network size: 0, avg network size: 0, si_in_serializable: 0 0 %, local: 0 %
I0319 21:32:44.495081 153309 Coordinator.h:126] commit: 580 abort: 141420 (0/141420/0), network size: 0, avg network size: 0, si_in_serializable: 0 0 %, local: 0 %
I0319 21:32:45.495218 153309 Coordinator.h:126] commit: 568 abort: 142432 (0/142432/0), network size: 0, avg network size: 0, si_in_serializable: 0 0 %, local: 0 %
I0319 21:32:46.495349 153309 Coordinator.h:126] commit: 534 abort: 141466 (0/141466/0), network size: 0, avg network size: 0, si_in_serializable: 0 0 %, local: 0 %
I0319 21:32:47.495481 153309 Coordinator.h:126] commit: 541 abort: 142459 (0/142459/0), network size: 0, avg network size: 0, si_in_serializable: 0 0 %, local: 0 %
I0319 21:32:48.495610 153309 Coordinator.h:126] commit: 543 abort: 140457 (0/140457/0), network size: 0, avg network size: 0, si_in_serializable: 0 0 %, local: 0 %
I0319 21:32:49.495745 153309 Coordinator.h:126] commit: 544 abort: 141456 (0/141456/0), network size: 0, avg network size: 0, si_in_serializable: 0 0 %, local: 0 %
I0319 21:32:50.495869 153309 Coordinator.h:126] commit: 552 abort: 142448 (0/142448/0), network size: 0, avg network size: 0, si_in_serializable: 0 0 %, local: 0 %
I0319 21:32:51.496001 153309 Coordinator.h:126] commit: 555 abort: 141445 (0/141445/0), network size: 0, avg network size: 0, si_in_serializable: 0 0 %, local: 0 %
I0319 21:32:52.496167 153309 Coordinator.h:126] commit: 552 abort: 141448 (0/141448/0), network size: 0, avg network size: 0, si_in_serializable: 0 0 %, local: 0 %
I0319 21:32:53.496306 153309 Coordinator.h:126] commit: 539 abort: 141461 (0/141461/0), network size: 0, avg network size: 0, si_in_serializable: 0 0 %, local: 0 %
I0319 21:32:54.496439 153309 Coordinator.h:126] commit: 551 abort: 142449 (0/142449/0), network size: 0, avg network size: 0, si_in_serializable: 0 0 %, local: 0 %
I0319 21:32:55.496569 153309 Coordinator.h:126] commit: 512 abort: 141488 (0/141488/0), network size: 0, avg network size: 0, si_in_serializable: 0 0 %, local: 0 %
I0319 21:32:56.496696 153309 Coordinator.h:126] commit: 533 abort: 141467 (0/141467/0), network size: 0, avg network size: 0, si_in_serializable: 0 0 %, local: 0 %
I0319 21:32:57.496825 153309 Coordinator.h:126] commit: 533 abort: 142467 (0/142467/0), network size: 0, avg network size: 0, si_in_serializable: 0 0 %, local: 0 %
I0319 21:32:58.496954 153309 Coordinator.h:126] commit: 571 abort: 141429 (0/141429/0), network size: 0, avg network size: 0, si_in_serializable: 0 0 %, local: 0 %
I0319 21:32:58.496999 153309 Coordinator.h:152] average commit: 550.8 abort: 141649 (0/141649/0), network size: 0, avg network size: 0, si_in_serializable: 0 0 %, local: 0 %
I0319 21:32:58.497013 153309 AriaExecutor.h:646] Worker 0 latency: 7003 us (50%) 7038 us (75%) 7114 us (95%) 7222 us (99%).
I0319 21:32:58.499204 153341 AriaManager.h:112] average batch time: 7.0398 ms, batch count: 3552
I0319 21:32:58.499225 153341 Manager.h:227] Manager(worker id = 12) on the coordinator node exits.
I0319 21:32:58.499233 153340 AriaExecutor.h:106] AriaExecutor 11 exits. 
I0319 21:32:58.499236 153337 AriaExecutor.h:106] AriaExecutor 8 exits. 
I0319 21:32:58.499239 153332 AriaExecutor.h:106] AriaExecutor 3 exits. 
I0319 21:32:58.499235 153329 AriaExecutor.h:106] AriaExecutor 0 exits. 
I0319 21:32:58.499239 153334 AriaExecutor.h:106] AriaExecutor 5 exits. 
I0319 21:32:58.499238 153331 AriaExecutor.h:106] AriaExecutor 2 exits. 
I0319 21:32:58.499238 153333 AriaExecutor.h:106] AriaExecutor 4 exits. 
I0319 21:32:58.499238 153335 AriaExecutor.h:106] AriaExecutor 6 exits. 
I0319 21:32:58.499239 153338 AriaExecutor.h:106] AriaExecutor 9 exits. 
I0319 21:32:58.499233 153339 AriaExecutor.h:106] AriaExecutor 10 exits. 
I0319 21:32:58.499238 153336 AriaExecutor.h:106] AriaExecutor 7 exits. 
I0319 21:32:58.499238 153330 AriaExecutor.h:106] AriaExecutor 1 exits. 
I0319 21:32:58.499405 153309 AriaExecutor.h:646] Worker 1 latency: 6991 us (50%) 7029 us (75%) 7103 us (95%) 7214 us (99%).
I0319 21:32:58.499528 153309 AriaExecutor.h:646] Worker 2 latency: 6972 us (50%) 7016 us (75%) 7093 us (95%) 7180 us (99%).
I0319 21:32:58.499590 153309 AriaExecutor.h:646] Worker 3 latency: 6957 us (50%) 7011 us (75%) 7091 us (95%) 7198 us (99%).
I0319 21:32:58.499637 153309 AriaExecutor.h:646] Worker 4 latency: 6941 us (50%) 7003 us (75%) 7085 us (95%) 7161 us (99%).
I0319 21:32:58.499711 153309 AriaExecutor.h:646] Worker 5 latency: 6922 us (50%) 6992 us (75%) 7079 us (95%) 7190 us (99%).
I0319 21:32:58.499768 153309 AriaExecutor.h:646] Worker 6 latency: 6924 us (50%) 7000 us (75%) 7080 us (95%) 7163 us (99%).
I0319 21:32:58.499820 153309 AriaExecutor.h:646] Worker 7 latency: 6901 us (50%) 6985 us (75%) 7066 us (95%) 7138 us (99%).
I0319 21:32:58.499867 153309 AriaExecutor.h:646] Worker 8 latency: 6886 us (50%) 6988 us (75%) 7077 us (95%) 7134 us (99%).
I0319 21:32:58.499912 153309 AriaExecutor.h:646] Worker 9 latency: 6884 us (50%) 6979 us (75%) 7070 us (95%) 7212 us (99%).
I0319 21:32:58.499956 153309 AriaExecutor.h:646] Worker 10 latency: 6871 us (50%) 6987 us (75%) 7069 us (95%) 7181 us (99%).
I0319 21:32:58.500003 153309 AriaExecutor.h:646] Worker 11 latency: 6880 us (50%) 6973 us (75%) 7068 us (95%) 7188 us (99%).
I0319 21:32:58.500061 153309 Coordinator.h:177] total commit: 550.8
I0319 21:32:59.500267 153309 Coordinator.h:192] Coordinator exits.
