I0331 22:07:38.925190 1049219 Database.h:137] creating hash tables for database...
I0331 22:07:38.930997 1049219 Database.h:119] warehouse initialization finished in 1 milliseconds.
I0331 22:07:38.932590 1049219 Database.h:119] district initialization finished in 1 milliseconds.
I0331 22:07:39.190409 1049219 Database.h:119] customer initialization finished in 257 milliseconds.
I0331 22:07:39.224421 1049219 Database.h:119] customer_name_idx initialization finished in 33 milliseconds.
I0331 22:07:39.364779 1049219 Database.h:119] item initialization finished in 140 milliseconds.
I0331 22:07:39.927183 1049219 Database.h:119] stock initialization finished in 562 milliseconds.
I0331 22:07:39.927227 1049219 Coordinator.h:30] Coordinator initializes 12 workers.
I0331 22:07:39.950594 1049219 Coordinator.h:77] Coordinator starts to run 13 workers.
I0331 22:07:39.950706 1049293 AriaExecutor.h:82] AriaExecutor 0 started. 
I0331 22:07:39.950765 1049294 AriaExecutor.h:82] AriaExecutor 1 started. 
I0331 22:07:39.950884 1049295 AriaExecutor.h:82] AriaExecutor 2 started. 
I0331 22:07:39.951014 1049296 AriaExecutor.h:82] AriaExecutor 3 started. 
I0331 22:07:39.951133 1049297 AriaExecutor.h:82] AriaExecutor 4 started. 
I0331 22:07:39.951251 1049298 AriaExecutor.h:82] AriaExecutor 5 started. 
I0331 22:07:39.951375 1049299 AriaExecutor.h:82] AriaExecutor 6 started. 
I0331 22:07:39.951494 1049300 AriaExecutor.h:82] AriaExecutor 7 started. 
I0331 22:07:39.951611 1049301 AriaExecutor.h:82] AriaExecutor 8 started. 
I0331 22:07:39.951730 1049302 AriaExecutor.h:82] AriaExecutor 9 started. 
I0331 22:07:39.951843 1049303 AriaExecutor.h:82] AriaExecutor 10 started. 
I0331 22:07:39.951967 1049304 AriaExecutor.h:82] AriaExecutor 11 started. 
I0331 22:07:39.952092 1049305 Manager.h:224] Manager(worker id = 12) on the coordinator node started.
I0331 22:07:40.952149 1049219 Coordinator.h:126] commit: 15628 abort: 3891372 (0/3891372/0), network size: 0, avg network size: 0, si_in_serializable: 0 0 %, local: 0 %
I0331 22:07:41.952308 1049219 Coordinator.h:126] commit: 15824 abort: 3941176 (0/3941176/0), network size: 0, avg network size: 0, si_in_serializable: 0 0 %, local: 0 %
I0331 22:07:42.952497 1049219 Coordinator.h:126] commit: 15948 abort: 3971052 (0/3971052/0), network size: 0, avg network size: 0, si_in_serializable: 0 0 %, local: 0 %
I0331 22:07:43.952661 1049219 Coordinator.h:126] commit: 16344 abort: 4069656 (0/4069656/0), network size: 0, avg network size: 0, si_in_serializable: 0 0 %, local: 0 %
I0331 22:07:44.952831 1049219 Coordinator.h:126] commit: 16351 abort: 4071649 (0/4071649/0), network size: 0, avg network size: 0, si_in_serializable: 0 0 %, local: 0 %
I0331 22:07:45.952983 1049219 Coordinator.h:126] commit: 16319 abort: 4063681 (0/4063681/0), network size: 0, avg network size: 0, si_in_serializable: 0 0 %, local: 0 %
I0331 22:07:46.953132 1049219 Coordinator.h:126] commit: 16356 abort: 4072644 (0/4072644/0), network size: 0, avg network size: 0, si_in_serializable: 0 0 %, local: 0 %
I0331 22:07:47.953336 1049219 Coordinator.h:126] commit: 16283 abort: 4054717 (0/4054717/0), network size: 0, avg network size: 0, si_in_serializable: 0 0 %, local: 0 %
I0331 22:07:48.953486 1049219 Coordinator.h:126] commit: 16359 abort: 4073641 (0/4073641/0), network size: 0, avg network size: 0, si_in_serializable: 0 0 %, local: 0 %
I0331 22:07:49.953650 1049219 Coordinator.h:126] commit: 16355 abort: 4072645 (0/4072645/0), network size: 0, avg network size: 0, si_in_serializable: 0 0 %, local: 0 %
I0331 22:07:50.953810 1049219 Coordinator.h:126] commit: 16342 abort: 4069658 (0/4069658/0), network size: 0, avg network size: 0, si_in_serializable: 0 0 %, local: 0 %
I0331 22:07:51.953969 1049219 Coordinator.h:126] commit: 16359 abort: 4073641 (0/4073641/0), network size: 0, avg network size: 0, si_in_serializable: 0 0 %, local: 0 %
I0331 22:07:52.954099 1049219 Coordinator.h:126] commit: 16352 abort: 4071648 (0/4071648/0), network size: 0, avg network size: 0, si_in_serializable: 0 0 %, local: 0 %
I0331 22:07:53.954244 1049219 Coordinator.h:126] commit: 16352 abort: 4071648 (0/4071648/0), network size: 0, avg network size: 0, si_in_serializable: 0 0 %, local: 0 %
I0331 22:07:54.954398 1049219 Coordinator.h:126] commit: 16359 abort: 4073641 (0/4073641/0), network size: 0, avg network size: 0, si_in_serializable: 0 0 %, local: 0 %
I0331 22:07:55.954551 1049219 Coordinator.h:126] commit: 16340 abort: 4068660 (0/4068660/0), network size: 0, avg network size: 0, si_in_serializable: 0 0 %, local: 0 %
I0331 22:07:56.954687 1049219 Coordinator.h:126] commit: 16324 abort: 4064676 (0/4064676/0), network size: 0, avg network size: 0, si_in_serializable: 0 0 %, local: 0 %
I0331 22:07:57.954872 1049219 Coordinator.h:126] commit: 16282 abort: 4054718 (0/4054718/0), network size: 0, avg network size: 0, si_in_serializable: 0 0 %, local: 0 %
I0331 22:07:58.955008 1049219 Coordinator.h:126] commit: 16347 abort: 4070653 (0/4070653/0), network size: 0, avg network size: 0, si_in_serializable: 0 0 %, local: 0 %
I0331 22:07:59.955148 1049219 Coordinator.h:126] commit: 16359 abort: 4073641 (0/4073641/0), network size: 0, avg network size: 0, si_in_serializable: 0 0 %, local: 0 %
I0331 22:08:00.955294 1049219 Coordinator.h:126] commit: 16333 abort: 4067667 (0/4067667/0), network size: 0, avg network size: 0, si_in_serializable: 0 0 %, local: 0 %
I0331 22:08:01.955442 1049219 Coordinator.h:126] commit: 16354 abort: 4072646 (0/4072646/0), network size: 0, avg network size: 0, si_in_serializable: 0 0 %, local: 0 %
I0331 22:08:02.955579 1049219 Coordinator.h:126] commit: 16353 abort: 4072647 (0/4072647/0), network size: 0, avg network size: 0, si_in_serializable: 0 0 %, local: 0 %
I0331 22:08:03.955716 1049219 Coordinator.h:126] commit: 16353 abort: 4072647 (0/4072647/0), network size: 0, avg network size: 0, si_in_serializable: 0 0 %, local: 0 %
I0331 22:08:04.955858 1049219 Coordinator.h:126] commit: 16345 abort: 4070655 (0/4070655/0), network size: 0, avg network size: 0, si_in_serializable: 0 0 %, local: 0 %
I0331 22:08:04.955922 1049219 Coordinator.h:152] average commit: 16341.6 abort: 4.06926e+06 (0/4.06926e+06/0), network size: 0, avg network size: 0, si_in_serializable: 0 0 %, local: 0 %
I0331 22:08:04.956023 1049302 AriaExecutor.h:94] AriaExecutor 9 exits. 
I0331 22:08:04.956045 1049304 AriaExecutor.h:94] AriaExecutor 11 exits. 
I0331 22:08:04.956023 1049299 AriaExecutor.h:94] AriaExecutor 6 exits. 
I0331 22:08:04.956023 1049301 AriaExecutor.h:94] AriaExecutor 8 exits. 
I0331 22:08:04.956048 1049305 Manager.h:227] Manager(worker id = 12) on the coordinator node exits.
I0331 22:08:04.956025 1049293 AriaExecutor.h:94] AriaExecutor 0 exits. 
I0331 22:08:04.956025 1049297 AriaExecutor.h:94] AriaExecutor 4 exits. 
I0331 22:08:04.956023 1049300 AriaExecutor.h:94] AriaExecutor 7 exits. 
I0331 22:08:04.956025 1049294 AriaExecutor.h:94] AriaExecutor 1 exits. 
I0331 22:08:04.956043 1049303 AriaExecutor.h:94] AriaExecutor 10 exits. 
I0331 22:08:04.956046 1049296 AriaExecutor.h:94] AriaExecutor 3 exits. 
I0331 22:08:04.956045 1049295 AriaExecutor.h:94] AriaExecutor 2 exits. 
I0331 22:08:04.956045 1049298 AriaExecutor.h:94] AriaExecutor 5 exits. 
I0331 22:08:04.955966 1049219 AriaExecutor.h:535] Worker 0 latency: 233 us (50%) 236 us (75%) 242 us (95%) 249 us (99%).
I0331 22:08:04.966023 1049219 AriaExecutor.h:535] Worker 1 latency: 233 us (50%) 236 us (75%) 242 us (95%) 249 us (99%).
I0331 22:08:04.971239 1049219 AriaExecutor.h:535] Worker 2 latency: 233 us (50%) 236 us (75%) 242 us (95%) 249 us (99%).
I0331 22:08:04.975449 1049219 AriaExecutor.h:535] Worker 3 latency: 233 us (50%) 236 us (75%) 242 us (95%) 249 us (99%).
I0331 22:08:04.977461 1049219 AriaExecutor.h:535] Worker 4 latency: 233 us (50%) 236 us (75%) 242 us (95%) 249 us (99%).
I0331 22:08:04.978965 1049219 AriaExecutor.h:535] Worker 5 latency: 233 us (50%) 236 us (75%) 242 us (95%) 250 us (99%).
I0331 22:08:04.980276 1049219 AriaExecutor.h:535] Worker 6 latency: 233 us (50%) 236 us (75%) 242 us (95%) 250 us (99%).
I0331 22:08:04.981092 1049219 AriaExecutor.h:535] Worker 7 latency: 233 us (50%) 236 us (75%) 242 us (95%) 250 us (99%).
I0331 22:08:04.981807 1049219 AriaExecutor.h:535] Worker 8 latency: 233 us (50%) 236 us (75%) 241 us (95%) 247 us (99%).
I0331 22:08:04.982285 1049219 AriaExecutor.h:535] Worker 9 latency: 233 us (50%) 236 us (75%) 242 us (95%) 250 us (99%).
I0331 22:08:04.982654 1049219 AriaExecutor.h:535] Worker 10 latency: 233 us (50%) 236 us (75%) 242 us (95%) 251 us (99%).
I0331 22:08:04.982936 1049219 AriaExecutor.h:535] Worker 11 latency: 233 us (50%) 236 us (75%) 242 us (95%) 249 us (99%).
I0331 22:08:04.983176 1049219 Coordinator.h:177] total commit: 16341.6
I0331 22:08:05.983400 1049219 Coordinator.h:192] Coordinator exits.
