I0313 11:18:43.120288 1403843 Database.h:65] ycsb initialization finished in 104 milliseconds.
I0313 11:18:43.120505 1403843 Coordinator.h:30] Coordinator initializes 48 workers.
I0313 11:18:43.157610 1403843 Coordinator.h:77] Coordinator starts to run 49 workers.
I0313 11:18:43.157703 1403895 AriaExecutor.h:94] AriaExecutor 0 started. 
I0313 11:18:43.157732 1403896 AriaExecutor.h:94] AriaExecutor 1 started. 
I0313 11:18:43.157822 1403897 AriaExecutor.h:94] AriaExecutor 2 started. 
I0313 11:18:43.157898 1403898 AriaExecutor.h:94] AriaExecutor 3 started. 
I0313 11:18:43.157958 1403899 AriaExecutor.h:94] AriaExecutor 4 started. 
I0313 11:18:43.158025 1403900 AriaExecutor.h:94] AriaExecutor 5 started. 
I0313 11:18:43.158087 1403901 AriaExecutor.h:94] AriaExecutor 6 started. 
I0313 11:18:43.158164 1403902 AriaExecutor.h:94] AriaExecutor 7 started. 
I0313 11:18:43.158281 1403903 AriaExecutor.h:94] AriaExecutor 8 started. 
I0313 11:18:43.158363 1403904 AriaExecutor.h:94] AriaExecutor 9 started. 
I0313 11:18:43.158596 1403905 AriaExecutor.h:94] AriaExecutor 10 started. 
I0313 11:18:43.158767 1403906 AriaExecutor.h:94] AriaExecutor 11 started. 
I0313 11:18:43.158926 1403907 AriaExecutor.h:94] AriaExecutor 12 started. 
I0313 11:18:43.159077 1403908 AriaExecutor.h:94] AriaExecutor 13 started. 
I0313 11:18:43.159232 1403909 AriaExecutor.h:94] AriaExecutor 14 started. 
I0313 11:18:43.159381 1403910 AriaExecutor.h:94] AriaExecutor 15 started. 
I0313 11:18:43.159518 1403911 AriaExecutor.h:94] AriaExecutor 16 started. 
I0313 11:18:43.159672 1403912 AriaExecutor.h:94] AriaExecutor 17 started. 
I0313 11:18:43.159819 1403913 AriaExecutor.h:94] AriaExecutor 18 started. 
I0313 11:18:43.159965 1403914 AriaExecutor.h:94] AriaExecutor 19 started. 
I0313 11:18:43.160106 1403915 AriaExecutor.h:94] AriaExecutor 20 started. 
I0313 11:18:43.160284 1403916 AriaExecutor.h:94] AriaExecutor 21 started. 
I0313 11:18:43.160422 1403917 AriaExecutor.h:94] AriaExecutor 22 started. 
I0313 11:18:43.160598 1403918 AriaExecutor.h:94] AriaExecutor 23 started. 
I0313 11:18:43.160782 1403919 AriaExecutor.h:94] AriaExecutor 24 started. 
I0313 11:18:43.160943 1403920 AriaExecutor.h:94] AriaExecutor 25 started. 
I0313 11:18:43.161131 1403921 AriaExecutor.h:94] AriaExecutor 26 started. 
I0313 11:18:43.161314 1403922 AriaExecutor.h:94] AriaExecutor 27 started. 
I0313 11:18:43.161510 1403923 AriaExecutor.h:94] AriaExecutor 28 started. 
I0313 11:18:43.161700 1403924 AriaExecutor.h:94] AriaExecutor 29 started. 
I0313 11:18:43.161887 1403925 AriaExecutor.h:94] AriaExecutor 30 started. 
I0313 11:18:43.162048 1403926 AriaExecutor.h:94] AriaExecutor 31 started. 
I0313 11:18:43.162235 1403927 AriaExecutor.h:94] AriaExecutor 32 started. 
I0313 11:18:43.162418 1403928 AriaExecutor.h:94] AriaExecutor 33 started. 
I0313 11:18:43.162590 1403929 AriaExecutor.h:94] AriaExecutor 34 started. 
I0313 11:18:43.162770 1403930 AriaExecutor.h:94] AriaExecutor 35 started. 
I0313 11:18:43.162951 1403931 AriaExecutor.h:94] AriaExecutor 36 started. 
I0313 11:18:43.163123 1403932 AriaExecutor.h:94] AriaExecutor 37 started. 
I0313 11:18:43.163307 1403933 AriaExecutor.h:94] AriaExecutor 38 started. 
I0313 11:18:43.163489 1403934 AriaExecutor.h:94] AriaExecutor 39 started. 
I0313 11:18:43.163661 1403935 AriaExecutor.h:94] AriaExecutor 40 started. 
I0313 11:18:43.163828 1403936 AriaExecutor.h:94] AriaExecutor 41 started. 
I0313 11:18:43.164014 1403937 AriaExecutor.h:94] AriaExecutor 42 started. 
I0313 11:18:43.164191 1403938 AriaExecutor.h:94] AriaExecutor 43 started. 
I0313 11:18:43.164395 1403939 AriaExecutor.h:94] AriaExecutor 44 started. 
I0313 11:18:43.164584 1403940 AriaExecutor.h:94] AriaExecutor 45 started. 
I0313 11:18:43.164757 1403941 AriaExecutor.h:94] AriaExecutor 46 started. 
I0313 11:18:43.164924 1403942 AriaExecutor.h:94] AriaExecutor 47 started. 
I0313 11:18:43.165107 1403943 Manager.h:224] Manager(worker id = 48) on the coordinator node started.
I0313 11:18:44.165186 1403843 Coordinator.h:126] commit: 63640 abort: 164360 (0/164360/0), network size: 0, avg network size: 0, si_in_serializable: 0 0 %, local: 0 %
I0313 11:18:45.165346 1403843 Coordinator.h:126] commit: 64470 abort: 165530 (0/165530/0), network size: 0, avg network size: 0, si_in_serializable: 0 0 %, local: 0 %
I0313 11:18:46.165489 1403843 Coordinator.h:126] commit: 63631 abort: 164369 (0/164369/0), network size: 0, avg network size: 0, si_in_serializable: 0 0 %, local: 0 %
I0313 11:18:47.165750 1403843 Coordinator.h:126] commit: 64487 abort: 166513 (0/166513/0), network size: 0, avg network size: 0, si_in_serializable: 0 0 %, local: 0 %
I0313 11:18:48.165922 1403843 Coordinator.h:126] commit: 65402 abort: 167598 (0/167598/0), network size: 0, avg network size: 0, si_in_serializable: 0 0 %, local: 0 %
I0313 11:18:49.166065 1403843 Coordinator.h:126] commit: 64744 abort: 167256 (0/167256/0), network size: 0, avg network size: 0, si_in_serializable: 0 0 %, local: 0 %
I0313 11:18:50.166206 1403843 Coordinator.h:126] commit: 64961 abort: 167039 (0/167039/0), network size: 0, avg network size: 0, si_in_serializable: 0 0 %, local: 0 %
I0313 11:18:51.166352 1403843 Coordinator.h:126] commit: 65088 abort: 166912 (0/166912/0), network size: 0, avg network size: 0, si_in_serializable: 0 0 %, local: 0 %
I0313 11:18:52.166500 1403843 Coordinator.h:126] commit: 64688 abort: 167312 (0/167312/0), network size: 0, avg network size: 0, si_in_serializable: 0 0 %, local: 0 %
I0313 11:18:53.166638 1403843 Coordinator.h:126] commit: 65568 abort: 168432 (0/168432/0), network size: 0, avg network size: 0, si_in_serializable: 0 0 %, local: 0 %
I0313 11:18:54.166829 1403843 Coordinator.h:126] commit: 65183 abort: 167817 (0/167817/0), network size: 0, avg network size: 0, si_in_serializable: 0 0 %, local: 0 %
I0313 11:18:55.166982 1403843 Coordinator.h:126] commit: 65724 abort: 168276 (0/168276/0), network size: 0, avg network size: 0, si_in_serializable: 0 0 %, local: 0 %
I0313 11:18:56.167128 1403843 Coordinator.h:126] commit: 64262 abort: 165738 (0/165738/0), network size: 0, avg network size: 0, si_in_serializable: 0 0 %, local: 0 %
I0313 11:18:57.167268 1403843 Coordinator.h:126] commit: 65816 abort: 169184 (0/169184/0), network size: 0, avg network size: 0, si_in_serializable: 0 0 %, local: 0 %
I0313 11:18:58.167409 1403843 Coordinator.h:126] commit: 65286 abort: 168714 (0/168714/0), network size: 0, avg network size: 0, si_in_serializable: 0 0 %, local: 0 %
I0313 11:18:59.167550 1403843 Coordinator.h:126] commit: 65599 abort: 168401 (0/168401/0), network size: 0, avg network size: 0, si_in_serializable: 0 0 %, local: 0 %
I0313 11:19:00.167694 1403843 Coordinator.h:126] commit: 65480 abort: 169520 (0/169520/0), network size: 0, avg network size: 0, si_in_serializable: 0 0 %, local: 0 %
I0313 11:19:01.167835 1403843 Coordinator.h:126] commit: 64597 abort: 166403 (0/166403/0), network size: 0, avg network size: 0, si_in_serializable: 0 0 %, local: 0 %
I0313 11:19:02.167975 1403843 Coordinator.h:126] commit: 66091 abort: 168909 (0/168909/0), network size: 0, avg network size: 0, si_in_serializable: 0 0 %, local: 0 %
I0313 11:19:03.168120 1403843 Coordinator.h:126] commit: 65759 abort: 169241 (0/169241/0), network size: 0, avg network size: 0, si_in_serializable: 0 0 %, local: 0 %
I0313 11:19:04.168341 1403843 Coordinator.h:126] commit: 65474 abort: 168526 (0/168526/0), network size: 0, avg network size: 0, si_in_serializable: 0 0 %, local: 0 %
I0313 11:19:05.168495 1403843 Coordinator.h:126] commit: 65347 abort: 168653 (0/168653/0), network size: 0, avg network size: 0, si_in_serializable: 0 0 %, local: 0 %
I0313 11:19:06.168643 1403843 Coordinator.h:126] commit: 65406 abort: 168594 (0/168594/0), network size: 0, avg network size: 0, si_in_serializable: 0 0 %, local: 0 %
I0313 11:19:07.168789 1403843 Coordinator.h:126] commit: 65818 abort: 168182 (0/168182/0), network size: 0, avg network size: 0, si_in_serializable: 0 0 %, local: 0 %
I0313 11:19:08.168926 1403843 Coordinator.h:126] commit: 65705 abort: 168295 (0/168295/0), network size: 0, avg network size: 0, si_in_serializable: 0 0 %, local: 0 %
I0313 11:19:08.168980 1403843 Coordinator.h:152] average commit: 65379.7 abort: 168220 (0/168220/0), network size: 0, avg network size: 0, si_in_serializable: 0 0 %, local: 0 %
I0313 11:19:08.171190 1403942 AriaExecutor.h:106] AriaExecutor 47 exits. 
I0313 11:19:08.171193 1403916 AriaExecutor.h:106] AriaExecutor 21 exits. 
I0313 11:19:08.171196 1403914 AriaExecutor.h:106] AriaExecutor 19 exits. 
I0313 11:19:08.171200 1403895 AriaExecutor.h:106] AriaExecutor 0 exits. 
I0313 11:19:08.171221 1403931 AriaExecutor.h:106] AriaExecutor 36 exits. 
I0313 11:19:08.171193 1403909 AriaExecutor.h:106] AriaExecutor 14 exits. 
I0313 11:19:08.171257 1403910 AriaExecutor.h:106] AriaExecutor 15 exits. 
I0313 11:19:08.171226 1403925 AriaExecutor.h:106] AriaExecutor 30 exits. 
I0313 11:19:08.171202 1403918 AriaExecutor.h:106] AriaExecutor 23 exits. 
I0313 11:19:08.171200 1403898 AriaExecutor.h:106] AriaExecutor 3 exits. 
I0313 11:19:08.171200 1403904 AriaExecutor.h:106] AriaExecutor 9 exits. 
I0313 11:19:08.171190 1403919 AriaExecutor.h:106] AriaExecutor 24 exits. 
I0313 11:19:08.171200 1403901 AriaExecutor.h:106] AriaExecutor 6 exits. 
I0313 11:19:08.171193 1403924 AriaExecutor.h:106] AriaExecutor 29 exits. 
I0313 11:19:08.171203 1403900 AriaExecutor.h:106] AriaExecutor 5 exits. 
I0313 11:19:08.171253 1403922 AriaExecutor.h:106] AriaExecutor 27 exits. 
I0313 11:19:08.171221 1403930 AriaExecutor.h:106] AriaExecutor 35 exits. 
I0313 11:19:08.171200 1403917 AriaExecutor.h:106] AriaExecutor 22 exits. 
I0313 11:19:08.171190 1403920 AriaExecutor.h:106] AriaExecutor 25 exits. 
I0313 11:19:08.171191 1403915 AriaExecutor.h:106] AriaExecutor 20 exits. 
I0313 11:19:08.171218 1403933 AriaExecutor.h:106] AriaExecutor 38 exits. 
I0313 11:19:08.171203 1403896 AriaExecutor.h:106] AriaExecutor 1 exits. 
I0313 11:19:08.171218 1403927 AriaExecutor.h:106] AriaExecutor 32 exits. 
I0313 11:19:08.171221 1403936 AriaExecutor.h:106] AriaExecutor 41 exits. 
I0313 11:19:08.171221 1403907 AriaExecutor.h:106] AriaExecutor 12 exits. 
I0313 11:19:08.171223 1403906 AriaExecutor.h:106] AriaExecutor 11 exits. 
I0313 11:19:08.171223 1403905 AriaExecutor.h:106] AriaExecutor 10 exits. 
I0313 11:19:08.171196 1403943 Manager.h:227] Manager(worker id = 48) on the coordinator node exits.
I0313 11:19:08.171223 1403908 AriaExecutor.h:106] AriaExecutor 13 exits. 
I0313 11:19:08.171202 1403903 AriaExecutor.h:106] AriaExecutor 8 exits. 
I0313 11:19:08.171205 1403897 AriaExecutor.h:106] AriaExecutor 2 exits. 
I0313 11:19:08.171221 1403939 AriaExecutor.h:106] AriaExecutor 44 exits. 
I0313 11:19:08.171190 1403921 AriaExecutor.h:106] AriaExecutor 26 exits. 
I0313 11:19:08.168995 1403843 AriaExecutor.h:625] Worker 0 latency: 3951 us (50%) 4105 us (75%) 4245 us (95%) 4331 us (99%).
I0313 11:19:08.171223 1403938 AriaExecutor.h:106] AriaExecutor 43 exits. 
I0313 11:19:08.171208 1403941 AriaExecutor.h:106] AriaExecutor 46 exits. 
I0313 11:19:08.171223 1403940 AriaExecutor.h:106] AriaExecutor 45 exits. 
I0313 11:19:08.171219 1403935 AriaExecutor.h:106] AriaExecutor 40 exits. 
I0313 11:19:08.171221 1403932 AriaExecutor.h:106] AriaExecutor 37 exits. 
I0313 11:19:08.171202 1403902 AriaExecutor.h:106] AriaExecutor 7 exits. 
I0313 11:19:08.171223 1403934 AriaExecutor.h:106] AriaExecutor 39 exits. 
I0313 11:19:08.171217 1403926 AriaExecutor.h:106] AriaExecutor 31 exits. 
I0313 11:19:08.171223 1403937 AriaExecutor.h:106] AriaExecutor 42 exits. 
I0313 11:19:08.171192 1403911 AriaExecutor.h:106] AriaExecutor 16 exits. 
I0313 11:19:08.171201 1403899 AriaExecutor.h:106] AriaExecutor 4 exits. 
I0313 11:19:08.171193 1403913 AriaExecutor.h:106] AriaExecutor 18 exits. 
I0313 11:19:08.171195 1403912 AriaExecutor.h:106] AriaExecutor 17 exits. 
I0313 11:19:08.171218 1403928 AriaExecutor.h:106] AriaExecutor 33 exits. 
I0313 11:19:08.171262 1403929 AriaExecutor.h:106] AriaExecutor 34 exits. 
I0313 11:19:08.171190 1403923 AriaExecutor.h:106] AriaExecutor 28 exits. 
I0313 11:19:08.171752 1403843 AriaExecutor.h:625] Worker 1 latency: 3947 us (50%) 4105 us (75%) 4245 us (95%) 4328 us (99%).
I0313 11:19:08.173796 1403843 AriaExecutor.h:625] Worker 2 latency: 3950 us (50%) 4105 us (75%) 4245 us (95%) 4328 us (99%).
I0313 11:19:08.175673 1403843 AriaExecutor.h:625] Worker 3 latency: 3950 us (50%) 4106 us (75%) 4244 us (95%) 4329 us (99%).
I0313 11:19:08.177515 1403843 AriaExecutor.h:625] Worker 4 latency: 3946 us (50%) 4105 us (75%) 4244 us (95%) 4327 us (99%).
I0313 11:19:08.179394 1403843 AriaExecutor.h:625] Worker 5 latency: 3947 us (50%) 4105 us (75%) 4245 us (95%) 4326 us (99%).
I0313 11:19:08.181270 1403843 AriaExecutor.h:625] Worker 6 latency: 3951 us (50%) 4105 us (75%) 4243 us (95%) 4327 us (99%).
I0313 11:19:08.183118 1403843 AriaExecutor.h:625] Worker 7 latency: 3949 us (50%) 4106 us (75%) 4244 us (95%) 4328 us (99%).
I0313 11:19:08.184958 1403843 AriaExecutor.h:625] Worker 8 latency: 3949 us (50%) 4106 us (75%) 4245 us (95%) 4329 us (99%).
I0313 11:19:08.186793 1403843 AriaExecutor.h:625] Worker 9 latency: 3948 us (50%) 4106 us (75%) 4245 us (95%) 4329 us (99%).
I0313 11:19:08.188623 1403843 AriaExecutor.h:625] Worker 10 latency: 3946 us (50%) 4104 us (75%) 4243 us (95%) 4324 us (99%).
I0313 11:19:08.190433 1403843 AriaExecutor.h:625] Worker 11 latency: 3946 us (50%) 4103 us (75%) 4244 us (95%) 4329 us (99%).
I0313 11:19:08.192265 1403843 AriaExecutor.h:625] Worker 12 latency: 3948 us (50%) 4106 us (75%) 4245 us (95%) 4328 us (99%).
I0313 11:19:08.194056 1403843 AriaExecutor.h:625] Worker 13 latency: 3945 us (50%) 4104 us (75%) 4244 us (95%) 4326 us (99%).
I0313 11:19:08.195878 1403843 AriaExecutor.h:625] Worker 14 latency: 3953 us (50%) 4109 us (75%) 4248 us (95%) 4330 us (99%).
I0313 11:19:08.197690 1403843 AriaExecutor.h:625] Worker 15 latency: 3955 us (50%) 4110 us (75%) 4248 us (95%) 4331 us (99%).
I0313 11:19:08.199481 1403843 AriaExecutor.h:625] Worker 16 latency: 3857 us (50%) 4090 us (75%) 4259 us (95%) 4346 us (99%).
I0313 11:19:08.201365 1403843 AriaExecutor.h:625] Worker 17 latency: 3974 us (50%) 4118 us (75%) 4251 us (95%) 4331 us (99%).
I0313 11:19:08.203145 1403843 AriaExecutor.h:625] Worker 18 latency: 3973 us (50%) 4118 us (75%) 4251 us (95%) 4332 us (99%).
I0313 11:19:08.204916 1403843 AriaExecutor.h:625] Worker 19 latency: 3975 us (50%) 4117 us (75%) 4250 us (95%) 4330 us (99%).
I0313 11:19:08.206676 1403843 AriaExecutor.h:625] Worker 20 latency: 3974 us (50%) 4118 us (75%) 4251 us (95%) 4332 us (99%).
I0313 11:19:08.208427 1403843 AriaExecutor.h:625] Worker 21 latency: 3974 us (50%) 4118 us (75%) 4250 us (95%) 4333 us (99%).
I0313 11:19:08.210129 1403843 AriaExecutor.h:625] Worker 22 latency: 3977 us (50%) 4119 us (75%) 4251 us (95%) 4331 us (99%).
I0313 11:19:08.211848 1403843 AriaExecutor.h:625] Worker 23 latency: 3976 us (50%) 4118 us (75%) 4249 us (95%) 4330 us (99%).
I0313 11:19:08.213569 1403843 AriaExecutor.h:625] Worker 24 latency: 3975 us (50%) 4118 us (75%) 4249 us (95%) 4331 us (99%).
I0313 11:19:08.215291 1403843 AriaExecutor.h:625] Worker 25 latency: 3974 us (50%) 4117 us (75%) 4251 us (95%) 4332 us (99%).
I0313 11:19:08.216996 1403843 AriaExecutor.h:625] Worker 26 latency: 3973 us (50%) 4116 us (75%) 4248 us (95%) 4330 us (99%).
I0313 11:19:08.218719 1403843 AriaExecutor.h:625] Worker 27 latency: 3976 us (50%) 4118 us (75%) 4250 us (95%) 4330 us (99%).
I0313 11:19:08.220410 1403843 AriaExecutor.h:625] Worker 28 latency: 3968 us (50%) 4116 us (75%) 4250 us (95%) 4332 us (99%).
I0313 11:19:08.222131 1403843 AriaExecutor.h:625] Worker 29 latency: 3972 us (50%) 4118 us (75%) 4250 us (95%) 4332 us (99%).
I0313 11:19:08.223816 1403843 AriaExecutor.h:625] Worker 30 latency: 3968 us (50%) 4114 us (75%) 4247 us (95%) 4331 us (99%).
I0313 11:19:08.225517 1403843 AriaExecutor.h:625] Worker 31 latency: 3971 us (50%) 4114 us (75%) 4247 us (95%) 4330 us (99%).
I0313 11:19:08.227223 1403843 AriaExecutor.h:625] Worker 32 latency: 3946 us (50%) 4104 us (75%) 4244 us (95%) 4328 us (99%).
I0313 11:19:08.228946 1403843 AriaExecutor.h:625] Worker 33 latency: 3947 us (50%) 4105 us (75%) 4244 us (95%) 4324 us (99%).
I0313 11:19:08.230640 1403843 AriaExecutor.h:625] Worker 34 latency: 3946 us (50%) 4105 us (75%) 4244 us (95%) 4326 us (99%).
I0313 11:19:08.232338 1403843 AriaExecutor.h:625] Worker 35 latency: 3947 us (50%) 4106 us (75%) 4244 us (95%) 4326 us (99%).
I0313 11:19:08.234172 1403843 AriaExecutor.h:625] Worker 36 latency: 3945 us (50%) 4104 us (75%) 4243 us (95%) 4326 us (99%).
I0313 11:19:08.236047 1403843 AriaExecutor.h:625] Worker 37 latency: 3941 us (50%) 4103 us (75%) 4243 us (95%) 4325 us (99%).
I0313 11:19:08.237900 1403843 AriaExecutor.h:625] Worker 38 latency: 3946 us (50%) 4104 us (75%) 4243 us (95%) 4324 us (99%).
I0313 11:19:08.239737 1403843 AriaExecutor.h:625] Worker 39 latency: 3947 us (50%) 4105 us (75%) 4244 us (95%) 4327 us (99%).
I0313 11:19:08.241575 1403843 AriaExecutor.h:625] Worker 40 latency: 3951 us (50%) 4106 us (75%) 4244 us (95%) 4325 us (99%).
I0313 11:19:08.243391 1403843 AriaExecutor.h:625] Worker 41 latency: 3946 us (50%) 4104 us (75%) 4243 us (95%) 4326 us (99%).
I0313 11:19:08.245154 1403843 AriaExecutor.h:625] Worker 42 latency: 3946 us (50%) 4104 us (75%) 4244 us (95%) 4326 us (99%).
I0313 11:19:08.246934 1403843 AriaExecutor.h:625] Worker 43 latency: 3948 us (50%) 4105 us (75%) 4243 us (95%) 4325 us (99%).
I0313 11:19:08.248762 1403843 AriaExecutor.h:625] Worker 44 latency: 3947 us (50%) 4105 us (75%) 4244 us (95%) 4327 us (99%).
I0313 11:19:08.250522 1403843 AriaExecutor.h:625] Worker 45 latency: 3943 us (50%) 4103 us (75%) 4244 us (95%) 4326 us (99%).
I0313 11:19:08.252368 1403843 AriaExecutor.h:625] Worker 46 latency: 3954 us (50%) 4111 us (75%) 4247 us (95%) 4329 us (99%).
I0313 11:19:08.254015 1403843 AriaExecutor.h:625] Worker 47 latency: 3951 us (50%) 4111 us (75%) 4247 us (95%) 4330 us (99%).
I0313 11:19:08.255666 1403843 Coordinator.h:177] total commit: 65379.7
I0313 11:19:09.255887 1403843 Coordinator.h:192] Coordinator exits.
