I0313 11:01:11.653285 1393380 Database.h:65] ycsb initialization finished in 100 milliseconds.
I0313 11:01:11.653501 1393380 Coordinator.h:30] Coordinator initializes 48 workers.
I0313 11:01:11.762122 1393380 Coordinator.h:77] Coordinator starts to run 49 workers.
I0313 11:01:11.762221 1393432 AriaExecutor.h:82] AriaExecutor 0 started. 
I0313 11:01:11.762269 1393433 AriaExecutor.h:82] AriaExecutor 1 started. 
I0313 11:01:11.762357 1393434 AriaExecutor.h:82] AriaExecutor 2 started. 
I0313 11:01:11.762432 1393435 AriaExecutor.h:82] AriaExecutor 3 started. 
I0313 11:01:11.762526 1393436 AriaExecutor.h:82] AriaExecutor 4 started. 
I0313 11:01:11.762619 1393437 AriaExecutor.h:82] AriaExecutor 5 started. 
I0313 11:01:11.762812 1393439 AriaExecutor.h:82] AriaExecutor 7 started. 
I0313 11:01:11.762885 1393438 AriaExecutor.h:82] AriaExecutor 6 started. 
I0313 11:01:11.762897 1393440 AriaExecutor.h:82] AriaExecutor 8 started. 
I0313 11:01:11.763063 1393441 AriaExecutor.h:82] AriaExecutor 9 started. 
I0313 11:01:11.763149 1393442 AriaExecutor.h:82] AriaExecutor 10 started. 
I0313 11:01:11.763269 1393443 AriaExecutor.h:82] AriaExecutor 11 started. 
I0313 11:01:11.763398 1393444 AriaExecutor.h:82] AriaExecutor 12 started. 
I0313 11:01:11.763590 1393445 AriaExecutor.h:82] AriaExecutor 13 started. 
I0313 11:01:11.763703 1393446 AriaExecutor.h:82] AriaExecutor 14 started. 
I0313 11:01:11.763856 1393447 AriaExecutor.h:82] AriaExecutor 15 started. 
I0313 11:01:11.763989 1393448 AriaExecutor.h:82] AriaExecutor 16 started. 
I0313 11:01:11.764118 1393449 AriaExecutor.h:82] AriaExecutor 17 started. 
I0313 11:01:11.764254 1393450 AriaExecutor.h:82] AriaExecutor 18 started. 
I0313 11:01:11.764389 1393451 AriaExecutor.h:82] AriaExecutor 19 started. 
I0313 11:01:11.764516 1393452 AriaExecutor.h:82] AriaExecutor 20 started. 
I0313 11:01:11.764640 1393453 AriaExecutor.h:82] AriaExecutor 21 started. 
I0313 11:01:11.764762 1393454 AriaExecutor.h:82] AriaExecutor 22 started. 
I0313 11:01:11.764885 1393455 AriaExecutor.h:82] AriaExecutor 23 started. 
I0313 11:01:11.765010 1393456 AriaExecutor.h:82] AriaExecutor 24 started. 
I0313 11:01:11.765137 1393457 AriaExecutor.h:82] AriaExecutor 25 started. 
I0313 11:01:11.765261 1393458 AriaExecutor.h:82] AriaExecutor 26 started. 
I0313 11:01:11.765386 1393459 AriaExecutor.h:82] AriaExecutor 27 started. 
I0313 11:01:11.765513 1393460 AriaExecutor.h:82] AriaExecutor 28 started. 
I0313 11:01:11.765615 1393461 AriaExecutor.h:82] AriaExecutor 29 started. 
I0313 11:01:11.765707 1393462 AriaExecutor.h:82] AriaExecutor 30 started. 
I0313 11:01:11.765807 1393463 AriaExecutor.h:82] AriaExecutor 31 started. 
I0313 11:01:11.765954 1393464 AriaExecutor.h:82] AriaExecutor 32 started. 
I0313 11:01:11.766088 1393465 AriaExecutor.h:82] AriaExecutor 33 started. 
I0313 11:01:11.766181 1393466 AriaExecutor.h:82] AriaExecutor 34 started. 
I0313 11:01:11.766281 1393467 AriaExecutor.h:82] AriaExecutor 35 started. 
I0313 11:01:11.766672 1393468 AriaExecutor.h:82] AriaExecutor 36 started. 
I0313 11:01:11.766788 1393469 AriaExecutor.h:82] AriaExecutor 37 started. 
I0313 11:01:11.766937 1393470 AriaExecutor.h:82] AriaExecutor 38 started. 
I0313 11:01:11.767046 1393471 AriaExecutor.h:82] AriaExecutor 39 started. 
I0313 11:01:11.767206 1393472 AriaExecutor.h:82] AriaExecutor 40 started. 
I0313 11:01:11.767319 1393473 AriaExecutor.h:82] AriaExecutor 41 started. 
I0313 11:01:11.767406 1393474 AriaExecutor.h:82] AriaExecutor 42 started. 
I0313 11:01:11.768082 1393475 AriaExecutor.h:82] AriaExecutor 43 started. 
I0313 11:01:11.768316 1393476 AriaExecutor.h:82] AriaExecutor 44 started. 
I0313 11:01:11.768541 1393477 AriaExecutor.h:82] AriaExecutor 45 started. 
I0313 11:01:11.768805 1393478 AriaExecutor.h:82] AriaExecutor 46 started. 
I0313 11:01:11.768980 1393479 AriaExecutor.h:82] AriaExecutor 47 started. 
I0313 11:01:11.769214 1393480 Manager.h:224] Manager(worker id = 48) on the coordinator node started.
I0313 11:01:12.769304 1393380 Coordinator.h:126] commit: 388 abort: 235612 (0/235612/0), network size: 0, avg network size: 0, si_in_serializable: 0 0 %, local: 0 %
I0313 11:01:13.769470 1393380 Coordinator.h:126] commit: 375 abort: 242463 (0/242463/0), network size: 0, avg network size: 0, si_in_serializable: 0 0 %, local: 0 %
I0313 11:01:14.769608 1393380 Coordinator.h:126] commit: 379 abort: 240781 (0/240781/0), network size: 0, avg network size: 0, si_in_serializable: 0 0 %, local: 0 %
I0313 11:01:15.769758 1393380 Coordinator.h:126] commit: 415 abort: 247585 (0/247585/0), network size: 0, avg network size: 0, si_in_serializable: 0 0 %, local: 0 %
I0313 11:01:16.770025 1393380 Coordinator.h:126] commit: 386 abort: 243614 (0/243614/0), network size: 0, avg network size: 0, si_in_serializable: 0 0 %, local: 0 %
I0313 11:01:17.770205 1393380 Coordinator.h:126] commit: 406 abort: 247594 (0/247594/0), network size: 0, avg network size: 0, si_in_serializable: 0 0 %, local: 0 %
I0313 11:01:18.770356 1393380 Coordinator.h:126] commit: 377 abort: 243623 (0/243623/0), network size: 0, avg network size: 0, si_in_serializable: 0 0 %, local: 0 %
I0313 11:01:19.770504 1393380 Coordinator.h:126] commit: 394 abort: 243606 (0/243606/0), network size: 0, avg network size: 0, si_in_serializable: 0 0 %, local: 0 %
I0313 11:01:20.770648 1393380 Coordinator.h:126] commit: 410 abort: 243590 (0/243590/0), network size: 0, avg network size: 0, si_in_serializable: 0 0 %, local: 0 %
I0313 11:01:21.770799 1393380 Coordinator.h:126] commit: 387 abort: 247613 (0/247613/0), network size: 0, avg network size: 0, si_in_serializable: 0 0 %, local: 0 %
I0313 11:01:22.770949 1393380 Coordinator.h:126] commit: 376 abort: 243624 (0/243624/0), network size: 0, avg network size: 0, si_in_serializable: 0 0 %, local: 0 %
I0313 11:01:23.771143 1393380 Coordinator.h:126] commit: 429 abort: 247571 (0/247571/0), network size: 0, avg network size: 0, si_in_serializable: 0 0 %, local: 0 %
I0313 11:01:24.771310 1393380 Coordinator.h:126] commit: 404 abort: 247596 (0/247596/0), network size: 0, avg network size: 0, si_in_serializable: 0 0 %, local: 0 %
I0313 11:01:25.771466 1393380 Coordinator.h:126] commit: 418 abort: 247582 (0/247582/0), network size: 0, avg network size: 0, si_in_serializable: 0 0 %, local: 0 %
I0313 11:01:26.771620 1393380 Coordinator.h:126] commit: 362 abort: 247638 (0/247638/0), network size: 0, avg network size: 0, si_in_serializable: 0 0 %, local: 0 %
I0313 11:01:27.771775 1393380 Coordinator.h:126] commit: 429 abort: 247571 (0/247571/0), network size: 0, avg network size: 0, si_in_serializable: 0 0 %, local: 0 %
I0313 11:01:28.771925 1393380 Coordinator.h:126] commit: 396 abort: 247604 (0/247604/0), network size: 0, avg network size: 0, si_in_serializable: 0 0 %, local: 0 %
I0313 11:01:29.772080 1393380 Coordinator.h:126] commit: 414 abort: 247586 (0/247586/0), network size: 0, avg network size: 0, si_in_serializable: 0 0 %, local: 0 %
I0313 11:01:30.772249 1393380 Coordinator.h:126] commit: 420 abort: 247580 (0/247580/0), network size: 0, avg network size: 0, si_in_serializable: 0 0 %, local: 0 %
I0313 11:01:31.772397 1393380 Coordinator.h:126] commit: 396 abort: 247604 (0/247604/0), network size: 0, avg network size: 0, si_in_serializable: 0 0 %, local: 0 %
I0313 11:01:32.772555 1393380 Coordinator.h:126] commit: 386 abort: 247614 (0/247614/0), network size: 0, avg network size: 0, si_in_serializable: 0 0 %, local: 0 %
I0313 11:01:33.772708 1393380 Coordinator.h:126] commit: 408 abort: 243592 (0/243592/0), network size: 0, avg network size: 0, si_in_serializable: 0 0 %, local: 0 %
I0313 11:01:34.772898 1393380 Coordinator.h:126] commit: 383 abort: 243617 (0/243617/0), network size: 0, avg network size: 0, si_in_serializable: 0 0 %, local: 0 %
I0313 11:01:35.773065 1393380 Coordinator.h:126] commit: 392 abort: 251608 (0/251608/0), network size: 0, avg network size: 0, si_in_serializable: 0 0 %, local: 0 %
I0313 11:01:36.773222 1393380 Coordinator.h:126] commit: 412 abort: 251588 (0/251588/0), network size: 0, avg network size: 0, si_in_serializable: 0 0 %, local: 0 %
I0313 11:01:36.773280 1393380 Coordinator.h:152] average commit: 404.4 abort: 247196 (0/247196/0), network size: 0, avg network size: 0, si_in_serializable: 0 0 %, local: 0 %
I0313 11:01:36.773300 1393380 AriaExecutor.h:535] Worker 0 latency: 16081 us (50%) 16223 us (75%) 16499 us (95%) 16884 us (99%).
I0313 11:01:36.781217 1393441 AriaExecutor.h:94] AriaExecutor 9 exits. 
I0313 11:01:36.781242 1393468 AriaExecutor.h:94] AriaExecutor 36 exits. 
I0313 11:01:36.781217 1393437 AriaExecutor.h:94] AriaExecutor 5 exits. 
I0313 11:01:36.781270 1393471 AriaExecutor.h:94] AriaExecutor 39 exits. 
I0313 11:01:36.781225 1393452 AriaExecutor.h:94] AriaExecutor 20 exits. 
I0313 11:01:36.781244 1393472 AriaExecutor.h:94] AriaExecutor 40 exits. 
I0313 11:01:36.781219 1393442 AriaExecutor.h:94] AriaExecutor 10 exits. 
I0313 11:01:36.781227 1393450 AriaExecutor.h:94] AriaExecutor 18 exits. 
I0313 11:01:36.781245 1393443 AriaExecutor.h:94] AriaExecutor 11 exits. 
I0313 11:01:36.781252 1393454 AriaExecutor.h:94] AriaExecutor 22 exits. 
I0313 11:01:36.781217 1393435 AriaExecutor.h:94] AriaExecutor 3 exits. 
I0313 11:01:36.781217 1393436 AriaExecutor.h:94] AriaExecutor 4 exits. 
I0313 11:01:36.781225 1393453 AriaExecutor.h:94] AriaExecutor 21 exits. 
I0313 11:01:36.781276 1393465 AriaExecutor.h:94] AriaExecutor 33 exits. 
I0313 11:01:36.781278 1393463 AriaExecutor.h:94] AriaExecutor 31 exits. 
I0313 11:01:36.781279 1393476 AriaExecutor.h:94] AriaExecutor 44 exits. 
I0313 11:01:36.781227 1393446 AriaExecutor.h:94] AriaExecutor 14 exits. 
I0313 11:01:36.781231 1393451 AriaExecutor.h:94] AriaExecutor 19 exits. 
I0313 11:01:36.781293 1393448 AriaExecutor.h:94] AriaExecutor 16 exits. 
I0313 11:01:36.781227 1393444 AriaExecutor.h:94] AriaExecutor 12 exits. 
I0313 11:01:36.781232 1393479 AriaExecutor.h:94] AriaExecutor 47 exits. 
I0313 11:01:36.781242 1393477 AriaExecutor.h:94] AriaExecutor 45 exits. 
I0313 11:01:36.781242 1393447 AriaExecutor.h:94] AriaExecutor 15 exits. 
I0313 11:01:36.781217 1393433 AriaExecutor.h:94] AriaExecutor 1 exits. 
I0313 11:01:36.781230 1393455 AriaExecutor.h:94] AriaExecutor 23 exits. 
I0313 11:01:36.781244 1393439 AriaExecutor.h:94] AriaExecutor 7 exits. 
I0313 11:01:36.781246 1393478 AriaExecutor.h:94] AriaExecutor 46 exits. 
I0313 11:01:36.781247 1393432 AriaExecutor.h:94] AriaExecutor 0 exits. 
I0313 11:01:36.781247 1393480 Manager.h:227] Manager(worker id = 48) on the coordinator node exits.
I0313 11:01:36.781248 1393434 AriaExecutor.h:94] AriaExecutor 2 exits. 
I0313 11:01:36.781245 1393470 AriaExecutor.h:94] AriaExecutor 38 exits. 
I0313 11:01:36.781245 1393438 AriaExecutor.h:94] AriaExecutor 6 exits. 
I0313 11:01:36.781234 1393449 AriaExecutor.h:94] AriaExecutor 17 exits. 
I0313 11:01:36.781220 1393445 AriaExecutor.h:94] AriaExecutor 13 exits. 
I0313 11:01:36.781270 1393473 AriaExecutor.h:94] AriaExecutor 41 exits. 
I0313 11:01:36.781270 1393469 AriaExecutor.h:94] AriaExecutor 37 exits. 
I0313 11:01:36.781217 1393440 AriaExecutor.h:94] AriaExecutor 8 exits. 
I0313 11:01:36.781229 1393460 AriaExecutor.h:94] AriaExecutor 28 exits. 
I0313 11:01:36.781272 1393467 AriaExecutor.h:94] AriaExecutor 35 exits. 
I0313 11:01:36.781272 1393466 AriaExecutor.h:94] AriaExecutor 34 exits. 
I0313 11:01:36.781275 1393462 AriaExecutor.h:94] AriaExecutor 30 exits. 
I0313 11:01:36.781276 1393464 AriaExecutor.h:94] AriaExecutor 32 exits. 
I0313 11:01:36.781280 1393458 AriaExecutor.h:94] AriaExecutor 26 exits. 
I0313 11:01:36.781219 1393474 AriaExecutor.h:94] AriaExecutor 42 exits. 
I0313 11:01:36.781286 1393461 AriaExecutor.h:94] AriaExecutor 29 exits. 
I0313 11:01:36.781226 1393459 AriaExecutor.h:94] AriaExecutor 27 exits. 
I0313 11:01:36.781231 1393457 AriaExecutor.h:94] AriaExecutor 25 exits. 
I0313 11:01:36.781237 1393456 AriaExecutor.h:94] AriaExecutor 24 exits. 
I0313 11:01:36.781261 1393475 AriaExecutor.h:94] AriaExecutor 43 exits. 
I0313 11:01:36.782023 1393380 AriaExecutor.h:535] Worker 1 latency: 16067 us (50%) 16209 us (75%) 16471 us (95%) 16839 us (99%).
I0313 11:01:36.782433 1393380 AriaExecutor.h:535] Worker 2 latency: 16070 us (50%) 16215 us (75%) 16477 us (95%) 16879 us (99%).
I0313 11:01:36.782514 1393380 AriaExecutor.h:535] Worker 3 latency: 16070 us (50%) 16228 us (75%) 16457 us (95%) 16759 us (99%).
I0313 11:01:36.782550 1393380 AriaExecutor.h:535] Worker 4 latency: 16054 us (50%) 16202 us (75%) 16488 us (95%) 16840 us (99%).
I0313 11:01:36.782616 1393380 AriaExecutor.h:535] Worker 5 latency: 16071 us (50%) 16210 us (75%) 16479 us (95%) 16682 us (99%).
I0313 11:01:36.782660 1393380 AriaExecutor.h:535] Worker 6 latency: 16051 us (50%) 16197 us (75%) 16455 us (95%) 16610 us (99%).
I0313 11:01:36.782698 1393380 AriaExecutor.h:535] Worker 7 latency: 16044 us (50%) 16176 us (75%) 16496 us (95%) 17086 us (99%).
I0313 11:01:36.782733 1393380 AriaExecutor.h:535] Worker 8 latency: 16075 us (50%) 16202 us (75%) 16452 us (95%) 16594 us (99%).
I0313 11:01:36.782766 1393380 AriaExecutor.h:535] Worker 9 latency: 16037 us (50%) 16189 us (75%) 16513 us (95%) 17017 us (99%).
I0313 11:01:36.782797 1393380 AriaExecutor.h:535] Worker 10 latency: 16057 us (50%) 16179 us (75%) 16421 us (95%) 16631 us (99%).
I0313 11:01:36.782828 1393380 AriaExecutor.h:535] Worker 11 latency: 16008 us (50%) 16177 us (75%) 16463 us (95%) 16604 us (99%).
I0313 11:01:36.782856 1393380 AriaExecutor.h:535] Worker 12 latency: 16065 us (50%) 16226 us (75%) 16453 us (95%) 17592 us (99%).
I0313 11:01:36.782886 1393380 AriaExecutor.h:535] Worker 13 latency: 16052 us (50%) 16179 us (75%) 16457 us (95%) 22275 us (99%).
I0313 11:01:36.782912 1393380 AriaExecutor.h:535] Worker 14 latency: 16061 us (50%) 16187 us (75%) 16521 us (95%) 23320 us (99%).
I0313 11:01:36.782939 1393380 AriaExecutor.h:535] Worker 15 latency: 16057 us (50%) 16197 us (75%) 16473 us (95%) 19288 us (99%).
I0313 11:01:36.782965 1393380 AriaExecutor.h:535] Worker 16 latency: 16022 us (50%) 16172 us (75%) 16511 us (95%) 17762 us (99%).
I0313 11:01:36.782990 1393380 AriaExecutor.h:535] Worker 17 latency: 16003 us (50%) 16196 us (75%) 16433 us (95%) 16940 us (99%).
I0313 11:01:36.783025 1393380 AriaExecutor.h:535] Worker 18 latency: 16019 us (50%) 16133 us (75%) 16393 us (95%) 17498 us (99%).
I0313 11:01:36.783051 1393380 AriaExecutor.h:535] Worker 19 latency: 16002 us (50%) 16182 us (75%) 16446 us (95%) 16727 us (99%).
I0313 11:01:36.783075 1393380 AriaExecutor.h:535] Worker 20 latency: 16035 us (50%) 16193 us (75%) 16332 us (95%) 16705 us (99%).
I0313 11:01:36.783099 1393380 AriaExecutor.h:535] Worker 21 latency: 15996 us (50%) 16138 us (75%) 16361 us (95%) 27969 us (99%).
I0313 11:01:36.783124 1393380 AriaExecutor.h:535] Worker 22 latency: 16014 us (50%) 16173 us (75%) 16506 us (95%) 31906 us (99%).
I0313 11:01:36.783147 1393380 AriaExecutor.h:535] Worker 23 latency: 15988 us (50%) 16107 us (75%) 16506 us (95%) 16648 us (99%).
I0313 11:01:36.783171 1393380 AriaExecutor.h:535] Worker 24 latency: 16010 us (50%) 16171 us (75%) 16410 us (95%) 16580 us (99%).
I0313 11:01:36.783195 1393380 AriaExecutor.h:535] Worker 25 latency: 16031 us (50%) 16169 us (75%) 16505 us (95%) 18053 us (99%).
I0313 11:01:36.783217 1393380 AriaExecutor.h:535] Worker 26 latency: 16038 us (50%) 16188 us (75%) 16432 us (95%) 16805 us (99%).
I0313 11:01:36.783241 1393380 AriaExecutor.h:535] Worker 27 latency: 15940 us (50%) 16073 us (75%) 16290 us (95%) 16533 us (99%).
I0313 11:01:36.783262 1393380 AriaExecutor.h:535] Worker 28 latency: 15983 us (50%) 16177 us (75%) 16462 us (95%) 16966 us (99%).
I0313 11:01:36.783284 1393380 AriaExecutor.h:535] Worker 29 latency: 16001 us (50%) 16140 us (75%) 16377 us (95%) 16789 us (99%).
I0313 11:01:36.783306 1393380 AriaExecutor.h:535] Worker 30 latency: 15971 us (50%) 16197 us (75%) 16483 us (95%) 27144 us (99%).
I0313 11:01:36.783329 1393380 AriaExecutor.h:535] Worker 31 latency: 16012 us (50%) 16177 us (75%) 16462 us (95%) 17559 us (99%).
I0313 11:01:36.783352 1393380 AriaExecutor.h:535] Worker 32 latency: 16059 us (50%) 16187 us (75%) 16500 us (95%) 26419 us (99%).
I0313 11:01:36.783375 1393380 AriaExecutor.h:535] Worker 33 latency: 16075 us (50%) 16190 us (75%) 16419 us (95%) 16898 us (99%).
I0313 11:01:36.783396 1393380 AriaExecutor.h:535] Worker 34 latency: 15974 us (50%) 16193 us (75%) 16452 us (95%) 16840 us (99%).
I0313 11:01:36.783421 1393380 AriaExecutor.h:535] Worker 35 latency: 16013 us (50%) 16173 us (75%) 16391 us (95%) 17000 us (99%).
I0313 11:01:36.783443 1393380 AriaExecutor.h:535] Worker 36 latency: 15990 us (50%) 16209 us (75%) 16383 us (95%) 36468 us (99%).
I0313 11:01:36.783469 1393380 AriaExecutor.h:535] Worker 37 latency: 15974 us (50%) 16159 us (75%) 16325 us (95%) 16456 us (99%).
I0313 11:01:36.783492 1393380 AriaExecutor.h:535] Worker 38 latency: 16036 us (50%) 16158 us (75%) 16413 us (95%) 16484 us (99%).
I0313 11:01:36.783531 1393380 AriaExecutor.h:535] Worker 39 latency: 16099 us (50%) 16251 us (75%) 16908 us (95%) 27124 us (99%).
I0313 11:01:36.783555 1393380 AriaExecutor.h:535] Worker 40 latency: 16021 us (50%) 16175 us (75%) 16520 us (95%) 16781 us (99%).
I0313 11:01:36.783577 1393380 AriaExecutor.h:535] Worker 41 latency: 16026 us (50%) 16144 us (75%) 16418 us (95%) 16500 us (99%).
I0313 11:01:36.783601 1393380 AriaExecutor.h:535] Worker 42 latency: 15966 us (50%) 16203 us (75%) 16375 us (95%) 16668 us (99%).
I0313 11:01:36.783623 1393380 AriaExecutor.h:535] Worker 43 latency: 16036 us (50%) 16173 us (75%) 16406 us (95%) 16570 us (99%).
I0313 11:01:36.783646 1393380 AriaExecutor.h:535] Worker 44 latency: 15947 us (50%) 16152 us (75%) 16764 us (95%) 31904 us (99%).
I0313 11:01:36.783668 1393380 AriaExecutor.h:535] Worker 45 latency: 15979 us (50%) 16143 us (75%) 16451 us (95%) 16528 us (99%).
I0313 11:01:36.783691 1393380 AriaExecutor.h:535] Worker 46 latency: 16001 us (50%) 16182 us (75%) 16329 us (95%) 16507 us (99%).
I0313 11:01:36.783712 1393380 AriaExecutor.h:535] Worker 47 latency: 15959 us (50%) 16164 us (75%) 16357 us (95%) 16501 us (99%).
I0313 11:01:36.783751 1393380 Coordinator.h:177] total commit: 404.4
I0313 11:01:37.783985 1393380 Coordinator.h:192] Coordinator exits.
