I0313 11:06:35.476843 1396733 Database.h:65] ycsb initialization finished in 101 milliseconds.
I0313 11:06:35.477077 1396733 Coordinator.h:30] Coordinator initializes 48 workers.
I0313 11:06:35.582222 1396733 Coordinator.h:77] Coordinator starts to run 49 workers.
I0313 11:06:35.582335 1396794 AriaExecutor.h:91] AriaExecutor 0 started. 
I0313 11:06:35.582369 1396795 AriaExecutor.h:91] AriaExecutor 1 started. 
I0313 11:06:35.582460 1396796 AriaExecutor.h:91] AriaExecutor 2 started. 
I0313 11:06:35.582532 1396797 AriaExecutor.h:91] AriaExecutor 3 started. 
I0313 11:06:35.582605 1396798 AriaExecutor.h:91] AriaExecutor 4 started. 
I0313 11:06:35.582712 1396799 AriaExecutor.h:91] AriaExecutor 5 started. 
I0313 11:06:35.582818 1396800 AriaExecutor.h:91] AriaExecutor 6 started. 
I0313 11:06:35.582895 1396801 AriaExecutor.h:91] AriaExecutor 7 started. 
I0313 11:06:35.582995 1396802 AriaExecutor.h:91] AriaExecutor 8 started. 
I0313 11:06:35.583097 1396803 AriaExecutor.h:91] AriaExecutor 9 started. 
I0313 11:06:35.583166 1396804 AriaExecutor.h:91] AriaExecutor 10 started. 
I0313 11:06:35.583417 1396805 AriaExecutor.h:91] AriaExecutor 11 started. 
I0313 11:06:35.583593 1396806 AriaExecutor.h:91] AriaExecutor 12 started. 
I0313 11:06:35.583765 1396807 AriaExecutor.h:91] AriaExecutor 13 started. 
I0313 11:06:35.583932 1396808 AriaExecutor.h:91] AriaExecutor 14 started. 
I0313 11:06:35.584080 1396809 AriaExecutor.h:91] AriaExecutor 15 started. 
I0313 11:06:35.584226 1396810 AriaExecutor.h:91] AriaExecutor 16 started. 
I0313 11:06:35.584391 1396811 AriaExecutor.h:91] AriaExecutor 17 started. 
I0313 11:06:35.584549 1396812 AriaExecutor.h:91] AriaExecutor 18 started. 
I0313 11:06:35.584707 1396813 AriaExecutor.h:91] AriaExecutor 19 started. 
I0313 11:06:35.584844 1396814 AriaExecutor.h:91] AriaExecutor 20 started. 
I0313 11:06:35.584981 1396815 AriaExecutor.h:91] AriaExecutor 21 started. 
I0313 11:06:35.585129 1396816 AriaExecutor.h:91] AriaExecutor 22 started. 
I0313 11:06:35.585304 1396817 AriaExecutor.h:91] AriaExecutor 23 started. 
I0313 11:06:35.585475 1396818 AriaExecutor.h:91] AriaExecutor 24 started. 
I0313 11:06:35.585638 1396819 AriaExecutor.h:91] AriaExecutor 25 started. 
I0313 11:06:35.585798 1396820 AriaExecutor.h:91] AriaExecutor 26 started. 
I0313 11:06:35.585963 1396821 AriaExecutor.h:91] AriaExecutor 27 started. 
I0313 11:06:35.586154 1396822 AriaExecutor.h:91] AriaExecutor 28 started. 
I0313 11:06:35.586333 1396823 AriaExecutor.h:91] AriaExecutor 29 started. 
I0313 11:06:35.586522 1396824 AriaExecutor.h:91] AriaExecutor 30 started. 
I0313 11:06:35.586687 1396825 AriaExecutor.h:91] AriaExecutor 31 started. 
I0313 11:06:35.586887 1396826 AriaExecutor.h:91] AriaExecutor 32 started. 
I0313 11:06:35.587052 1396827 AriaExecutor.h:91] AriaExecutor 33 started. 
I0313 11:06:35.587221 1396828 AriaExecutor.h:91] AriaExecutor 34 started. 
I0313 11:06:35.587389 1396829 AriaExecutor.h:91] AriaExecutor 35 started. 
I0313 11:06:35.587589 1396830 AriaExecutor.h:91] AriaExecutor 36 started. 
I0313 11:06:35.587963 1396832 AriaExecutor.h:91] AriaExecutor 38 started. 
I0313 11:06:35.588052 1396831 AriaExecutor.h:91] AriaExecutor 37 started. 
I0313 11:06:35.588140 1396833 AriaExecutor.h:91] AriaExecutor 39 started. 
I0313 11:06:35.588346 1396834 AriaExecutor.h:91] AriaExecutor 40 started. 
I0313 11:06:35.588532 1396835 AriaExecutor.h:91] AriaExecutor 41 started. 
I0313 11:06:35.588693 1396836 AriaExecutor.h:91] AriaExecutor 42 started. 
I0313 11:06:35.588884 1396837 AriaExecutor.h:91] AriaExecutor 43 started. 
I0313 11:06:35.589244 1396839 AriaExecutor.h:91] AriaExecutor 45 started. 
I0313 11:06:35.589546 1396840 AriaExecutor.h:91] AriaExecutor 46 started. 
I0313 11:06:35.589658 1396841 AriaExecutor.h:91] AriaExecutor 47 started. 
I0313 11:06:35.589807 1396842 Manager.h:224] Manager(worker id = 48) on the coordinator node started.
I0313 11:06:35.590580 1396838 AriaExecutor.h:91] AriaExecutor 44 started. 
I0313 11:06:36.589843 1396733 Coordinator.h:126] commit: 24027 abort: 199973 (0/199973/0), network size: 0, avg network size: 0, si_in_serializable: 0 0 %, local: 0 %
I0313 11:06:37.590015 1396733 Coordinator.h:126] commit: 24941 abort: 207059 (0/207059/0), network size: 0, avg network size: 0, si_in_serializable: 0 0 %, local: 0 %
I0313 11:06:38.590166 1396733 Coordinator.h:126] commit: 24820 abort: 207180 (0/207180/0), network size: 0, avg network size: 0, si_in_serializable: 0 0 %, local: 0 %
I0313 11:06:39.590315 1396733 Coordinator.h:126] commit: 25109 abort: 210891 (0/210891/0), network size: 0, avg network size: 0, si_in_serializable: 0 0 %, local: 0 %
I0313 11:06:40.590567 1396733 Coordinator.h:126] commit: 24815 abort: 207185 (0/207185/0), network size: 0, avg network size: 0, si_in_serializable: 0 0 %, local: 0 %
I0313 11:06:41.590742 1396733 Coordinator.h:126] commit: 25205 abort: 210795 (0/210795/0), network size: 0, avg network size: 0, si_in_serializable: 0 0 %, local: 0 %
I0313 11:06:42.590888 1396733 Coordinator.h:126] commit: 25104 abort: 210896 (0/210896/0), network size: 0, avg network size: 0, si_in_serializable: 0 0 %, local: 0 %
I0313 11:06:43.591044 1396733 Coordinator.h:126] commit: 25227 abort: 210773 (0/210773/0), network size: 0, avg network size: 0, si_in_serializable: 0 0 %, local: 0 %
I0313 11:06:44.591204 1396733 Coordinator.h:126] commit: 25361 abort: 210639 (0/210639/0), network size: 0, avg network size: 0, si_in_serializable: 0 0 %, local: 0 %
I0313 11:06:45.591359 1396733 Coordinator.h:126] commit: 24938 abort: 207062 (0/207062/0), network size: 0, avg network size: 0, si_in_serializable: 0 0 %, local: 0 %
I0313 11:06:46.591547 1396733 Coordinator.h:126] commit: 25255 abort: 210745 (0/210745/0), network size: 0, avg network size: 0, si_in_serializable: 0 0 %, local: 0 %
I0313 11:06:47.591728 1396733 Coordinator.h:126] commit: 25198 abort: 210802 (0/210802/0), network size: 0, avg network size: 0, si_in_serializable: 0 0 %, local: 0 %
I0313 11:06:48.591867 1396733 Coordinator.h:126] commit: 25836 abort: 214164 (0/214164/0), network size: 0, avg network size: 0, si_in_serializable: 0 0 %, local: 0 %
I0313 11:06:49.592020 1396733 Coordinator.h:126] commit: 25291 abort: 210709 (0/210709/0), network size: 0, avg network size: 0, si_in_serializable: 0 0 %, local: 0 %
I0313 11:06:50.592159 1396733 Coordinator.h:126] commit: 25252 abort: 210748 (0/210748/0), network size: 0, avg network size: 0, si_in_serializable: 0 0 %, local: 0 %
I0313 11:06:51.592276 1396733 Coordinator.h:126] commit: 25201 abort: 210799 (0/210799/0), network size: 0, avg network size: 0, si_in_serializable: 0 0 %, local: 0 %
I0313 11:06:52.592427 1396733 Coordinator.h:126] commit: 25698 abort: 214302 (0/214302/0), network size: 0, avg network size: 0, si_in_serializable: 0 0 %, local: 0 %
I0313 11:06:53.592590 1396733 Coordinator.h:126] commit: 25322 abort: 210678 (0/210678/0), network size: 0, avg network size: 0, si_in_serializable: 0 0 %, local: 0 %
I0313 11:06:54.592733 1396733 Coordinator.h:126] commit: 25228 abort: 210772 (0/210772/0), network size: 0, avg network size: 0, si_in_serializable: 0 0 %, local: 0 %
I0313 11:06:55.592882 1396733 Coordinator.h:126] commit: 25665 abort: 214335 (0/214335/0), network size: 0, avg network size: 0, si_in_serializable: 0 0 %, local: 0 %
I0313 11:06:56.593035 1396733 Coordinator.h:126] commit: 25251 abort: 210749 (0/210749/0), network size: 0, avg network size: 0, si_in_serializable: 0 0 %, local: 0 %
I0313 11:06:57.593192 1396733 Coordinator.h:126] commit: 25367 abort: 210633 (0/210633/0), network size: 0, avg network size: 0, si_in_serializable: 0 0 %, local: 0 %
I0313 11:06:58.593376 1396733 Coordinator.h:126] commit: 25261 abort: 210739 (0/210739/0), network size: 0, avg network size: 0, si_in_serializable: 0 0 %, local: 0 %
I0313 11:06:59.593554 1396733 Coordinator.h:126] commit: 24856 abort: 207144 (0/207144/0), network size: 0, avg network size: 0, si_in_serializable: 0 0 %, local: 0 %
I0313 11:07:00.593725 1396733 Coordinator.h:126] commit: 25631 abort: 214369 (0/214369/0), network size: 0, avg network size: 0, si_in_serializable: 0 0 %, local: 0 %
I0313 11:07:00.593782 1396733 Coordinator.h:152] average commit: 25394.6 abort: 211805 (0/211805/0), network size: 0, avg network size: 0, si_in_serializable: 0 0 %, local: 0 %
I0313 11:07:00.593798 1396733 AriaExecutor.h:649] Worker 0 latency: 16317 us (50%) 16576 us (75%) 16915 us (95%) 17354 us (99%).
I0313 11:07:00.598919 1396822 AriaExecutor.h:103] AriaExecutor 28 exits. 
I0313 11:07:00.598927 1396823 AriaExecutor.h:103] AriaExecutor 29 exits. 
I0313 11:07:00.598925 1396813 AriaExecutor.h:103] AriaExecutor 19 exits. 
I0313 11:07:00.598933 1396803 AriaExecutor.h:103] AriaExecutor 9 exits. 
I0313 11:07:00.598959 1396808 AriaExecutor.h:103] AriaExecutor 14 exits. 
I0313 11:07:00.598966 1396799 AriaExecutor.h:103] AriaExecutor 5 exits. 
I0313 11:07:00.598984 1396833 AriaExecutor.h:103] AriaExecutor 39 exits. 
I0313 11:07:00.598937 1396825 AriaExecutor.h:103] AriaExecutor 31 exits. 
I0313 11:07:00.598946 1396826 AriaExecutor.h:103] AriaExecutor 32 exits. 
I0313 11:07:00.598925 1396816 AriaExecutor.h:103] AriaExecutor 22 exits. 
I0313 11:07:00.599011 1396815 AriaExecutor.h:103] AriaExecutor 21 exits. 
I0313 11:07:00.599014 1396797 AriaExecutor.h:103] AriaExecutor 3 exits. 
I0313 11:07:00.598964 1396796 AriaExecutor.h:103] AriaExecutor 2 exits. 
I0313 11:07:00.598956 1396810 AriaExecutor.h:103] AriaExecutor 16 exits. 
I0313 11:07:00.598925 1396818 AriaExecutor.h:103] AriaExecutor 24 exits. 
I0313 11:07:00.598963 1396842 Manager.h:227] Manager(worker id = 48) on the coordinator node exits.
I0313 11:07:00.598963 1396840 AriaExecutor.h:103] AriaExecutor 46 exits. 
I0313 11:07:00.598928 1396821 AriaExecutor.h:103] AriaExecutor 27 exits. 
I0313 11:07:00.599009 1396819 AriaExecutor.h:103] AriaExecutor 25 exits. 
I0313 11:07:00.598964 1396801 AriaExecutor.h:103] AriaExecutor 7 exits. 
I0313 11:07:00.598965 1396804 AriaExecutor.h:103] AriaExecutor 10 exits. 
I0313 11:07:00.599020 1396829 AriaExecutor.h:103] AriaExecutor 35 exits. 
I0313 11:07:00.599020 1396828 AriaExecutor.h:103] AriaExecutor 34 exits. 
I0313 11:07:00.598948 1396837 AriaExecutor.h:103] AriaExecutor 43 exits. 
I0313 11:07:00.598971 1396832 AriaExecutor.h:103] AriaExecutor 38 exits. 
I0313 11:07:00.598943 1396806 AriaExecutor.h:103] AriaExecutor 12 exits. 
I0313 11:07:00.598973 1396836 AriaExecutor.h:103] AriaExecutor 42 exits. 
I0313 11:07:00.598980 1396839 AriaExecutor.h:103] AriaExecutor 45 exits. 
I0313 11:07:00.598971 1396831 AriaExecutor.h:103] AriaExecutor 37 exits. 
I0313 11:07:00.598933 1396798 AriaExecutor.h:103] AriaExecutor 4 exits. 
I0313 11:07:00.598933 1396802 AriaExecutor.h:103] AriaExecutor 8 exits. 
I0313 11:07:00.598943 1396838 AriaExecutor.h:103] AriaExecutor 44 exits. 
I0313 11:07:00.598968 1396834 AriaExecutor.h:103] AriaExecutor 40 exits. 
I0313 11:07:00.598929 1396812 AriaExecutor.h:103] AriaExecutor 18 exits. 
I0313 11:07:00.599023 1396824 AriaExecutor.h:103] AriaExecutor 30 exits. 
I0313 11:07:00.599009 1396820 AriaExecutor.h:103] AriaExecutor 26 exits. 
I0313 11:07:00.598948 1396805 AriaExecutor.h:103] AriaExecutor 11 exits. 
I0313 11:07:00.599016 1396827 AriaExecutor.h:103] AriaExecutor 33 exits. 
I0313 11:07:00.598948 1396835 AriaExecutor.h:103] AriaExecutor 41 exits. 
I0313 11:07:00.598925 1396814 AriaExecutor.h:103] AriaExecutor 20 exits. 
I0313 11:07:00.598958 1396795 AriaExecutor.h:103] AriaExecutor 1 exits. 
I0313 11:07:00.598959 1396794 AriaExecutor.h:103] AriaExecutor 0 exits. 
I0313 11:07:00.598925 1396811 AriaExecutor.h:103] AriaExecutor 17 exits. 
I0313 11:07:00.598980 1396807 AriaExecutor.h:103] AriaExecutor 13 exits. 
I0313 11:07:00.598963 1396841 AriaExecutor.h:103] AriaExecutor 47 exits. 
I0313 11:07:00.598930 1396817 AriaExecutor.h:103] AriaExecutor 23 exits. 
I0313 11:07:00.599009 1396809 AriaExecutor.h:103] AriaExecutor 15 exits. 
I0313 11:07:00.598970 1396830 AriaExecutor.h:103] AriaExecutor 36 exits. 
I0313 11:07:00.598959 1396800 AriaExecutor.h:103] AriaExecutor 6 exits. 
I0313 11:07:00.599476 1396733 AriaExecutor.h:649] Worker 1 latency: 16313 us (50%) 16576 us (75%) 16918 us (95%) 17378 us (99%).
I0313 11:07:00.600412 1396733 AriaExecutor.h:649] Worker 2 latency: 16316 us (50%) 16574 us (75%) 16918 us (95%) 17389 us (99%).
I0313 11:07:00.601300 1396733 AriaExecutor.h:649] Worker 3 latency: 16324 us (50%) 16579 us (75%) 16921 us (95%) 17359 us (99%).
I0313 11:07:00.602157 1396733 AriaExecutor.h:649] Worker 4 latency: 16316 us (50%) 16573 us (75%) 16918 us (95%) 17350 us (99%).
I0313 11:07:00.603034 1396733 AriaExecutor.h:649] Worker 5 latency: 16322 us (50%) 16574 us (75%) 16910 us (95%) 17349 us (99%).
I0313 11:07:00.603901 1396733 AriaExecutor.h:649] Worker 6 latency: 16310 us (50%) 16572 us (75%) 16908 us (95%) 17306 us (99%).
I0313 11:07:00.604771 1396733 AriaExecutor.h:649] Worker 7 latency: 16316 us (50%) 16572 us (75%) 16903 us (95%) 17299 us (99%).
I0313 11:07:00.605619 1396733 AriaExecutor.h:649] Worker 8 latency: 16312 us (50%) 16574 us (75%) 16920 us (95%) 17399 us (99%).
I0313 11:07:00.606400 1396733 AriaExecutor.h:649] Worker 9 latency: 16310 us (50%) 16571 us (75%) 16910 us (95%) 17323 us (99%).
I0313 11:07:00.607268 1396733 AriaExecutor.h:649] Worker 10 latency: 16318 us (50%) 16574 us (75%) 16911 us (95%) 17362 us (99%).
I0313 11:07:00.608124 1396733 AriaExecutor.h:649] Worker 11 latency: 16314 us (50%) 16572 us (75%) 16915 us (95%) 17343 us (99%).
I0313 11:07:00.608981 1396733 AriaExecutor.h:649] Worker 12 latency: 16310 us (50%) 16574 us (75%) 16913 us (95%) 17368 us (99%).
I0313 11:07:00.609833 1396733 AriaExecutor.h:649] Worker 13 latency: 16315 us (50%) 16571 us (75%) 16912 us (95%) 17320 us (99%).
I0313 11:07:00.610680 1396733 AriaExecutor.h:649] Worker 14 latency: 16304 us (50%) 16570 us (75%) 16905 us (95%) 17346 us (99%).
I0313 11:07:00.611466 1396733 AriaExecutor.h:649] Worker 15 latency: 16303 us (50%) 16568 us (75%) 16910 us (95%) 17335 us (99%).
I0313 11:07:00.612260 1396733 AriaExecutor.h:649] Worker 16 latency: 16137 us (50%) 16524 us (75%) 16895 us (95%) 17313 us (99%).
I0313 11:07:00.613065 1396733 AriaExecutor.h:649] Worker 17 latency: 16325 us (50%) 16578 us (75%) 16918 us (95%) 17327 us (99%).
I0313 11:07:00.613835 1396733 AriaExecutor.h:649] Worker 18 latency: 16325 us (50%) 16578 us (75%) 16912 us (95%) 17334 us (99%).
I0313 11:07:00.614619 1396733 AriaExecutor.h:649] Worker 19 latency: 16322 us (50%) 16578 us (75%) 16914 us (95%) 17323 us (99%).
I0313 11:07:00.615396 1396733 AriaExecutor.h:649] Worker 20 latency: 16323 us (50%) 16576 us (75%) 16907 us (95%) 17350 us (99%).
I0313 11:07:00.616183 1396733 AriaExecutor.h:649] Worker 21 latency: 16321 us (50%) 16577 us (75%) 16917 us (95%) 17369 us (99%).
I0313 11:07:00.616961 1396733 AriaExecutor.h:649] Worker 22 latency: 16323 us (50%) 16578 us (75%) 16914 us (95%) 17354 us (99%).
I0313 11:07:00.617739 1396733 AriaExecutor.h:649] Worker 23 latency: 16326 us (50%) 16579 us (75%) 16917 us (95%) 17319 us (99%).
I0313 11:07:00.618503 1396733 AriaExecutor.h:649] Worker 24 latency: 16322 us (50%) 16575 us (75%) 16907 us (95%) 17352 us (99%).
I0313 11:07:00.619272 1396733 AriaExecutor.h:649] Worker 25 latency: 16331 us (50%) 16579 us (75%) 16918 us (95%) 17346 us (99%).
I0313 11:07:00.620025 1396733 AriaExecutor.h:649] Worker 26 latency: 16317 us (50%) 16575 us (75%) 16914 us (95%) 17338 us (99%).
I0313 11:07:00.620786 1396733 AriaExecutor.h:649] Worker 27 latency: 16323 us (50%) 16574 us (75%) 16910 us (95%) 17353 us (99%).
I0313 11:07:00.621574 1396733 AriaExecutor.h:649] Worker 28 latency: 16322 us (50%) 16575 us (75%) 16908 us (95%) 17316 us (99%).
I0313 11:07:00.622330 1396733 AriaExecutor.h:649] Worker 29 latency: 16320 us (50%) 16574 us (75%) 16903 us (95%) 17324 us (99%).
I0313 11:07:00.623101 1396733 AriaExecutor.h:649] Worker 30 latency: 16338 us (50%) 16585 us (75%) 16915 us (95%) 17306 us (99%).
I0313 11:07:00.623956 1396733 AriaExecutor.h:649] Worker 31 latency: 16341 us (50%) 16585 us (75%) 16924 us (95%) 17354 us (99%).
I0313 11:07:00.624778 1396733 AriaExecutor.h:649] Worker 32 latency: 16311 us (50%) 16571 us (75%) 16909 us (95%) 17364 us (99%).
I0313 11:07:00.625587 1396733 AriaExecutor.h:649] Worker 33 latency: 16318 us (50%) 16579 us (75%) 16921 us (95%) 17321 us (99%).
I0313 11:07:00.626415 1396733 AriaExecutor.h:649] Worker 34 latency: 16314 us (50%) 16571 us (75%) 16910 us (95%) 17374 us (99%).
I0313 11:07:00.627246 1396733 AriaExecutor.h:649] Worker 35 latency: 16309 us (50%) 16568 us (75%) 16902 us (95%) 17312 us (99%).
I0313 11:07:00.628046 1396733 AriaExecutor.h:649] Worker 36 latency: 16310 us (50%) 16571 us (75%) 16912 us (95%) 17342 us (99%).
I0313 11:07:00.628865 1396733 AriaExecutor.h:649] Worker 37 latency: 16313 us (50%) 16567 us (75%) 16912 us (95%) 17354 us (99%).
I0313 11:07:00.629657 1396733 AriaExecutor.h:649] Worker 38 latency: 16320 us (50%) 16576 us (75%) 16919 us (95%) 17379 us (99%).
I0313 11:07:00.630443 1396733 AriaExecutor.h:649] Worker 39 latency: 16313 us (50%) 16571 us (75%) 16899 us (95%) 17317 us (99%).
I0313 11:07:00.631224 1396733 AriaExecutor.h:649] Worker 40 latency: 16313 us (50%) 16571 us (75%) 16910 us (95%) 17356 us (99%).
I0313 11:07:00.632019 1396733 AriaExecutor.h:649] Worker 41 latency: 16309 us (50%) 16569 us (75%) 16904 us (95%) 17352 us (99%).
I0313 11:07:00.632829 1396733 AriaExecutor.h:649] Worker 42 latency: 16311 us (50%) 16572 us (75%) 16920 us (95%) 17356 us (99%).
I0313 11:07:00.633641 1396733 AriaExecutor.h:649] Worker 43 latency: 16317 us (50%) 16577 us (75%) 16917 us (95%) 17368 us (99%).
I0313 11:07:00.634423 1396733 AriaExecutor.h:649] Worker 44 latency: 16311 us (50%) 16570 us (75%) 16916 us (95%) 17316 us (99%).
I0313 11:07:00.635201 1396733 AriaExecutor.h:649] Worker 45 latency: 16308 us (50%) 16571 us (75%) 16914 us (95%) 17311 us (99%).
I0313 11:07:00.635993 1396733 AriaExecutor.h:649] Worker 46 latency: 16304 us (50%) 16567 us (75%) 16901 us (95%) 17303 us (99%).
I0313 11:07:00.636742 1396733 AriaExecutor.h:649] Worker 47 latency: 16300 us (50%) 16568 us (75%) 16908 us (95%) 17409 us (99%).
I0313 11:07:00.637492 1396733 Coordinator.h:177] total commit: 25394.6
I0313 11:07:01.637742 1396733 Coordinator.h:192] Coordinator exits.
