I0313 11:07:57.027236 1397572 Database.h:65] ycsb initialization finished in 99 milliseconds.
I0313 11:07:57.027462 1397572 Coordinator.h:30] Coordinator initializes 48 workers.
I0313 11:07:57.065212 1397572 Coordinator.h:77] Coordinator starts to run 49 workers.
I0313 11:07:57.065326 1397624 AriaExecutor.h:91] AriaExecutor 0 started. 
I0313 11:07:57.065351 1397625 AriaExecutor.h:91] AriaExecutor 1 started. 
I0313 11:07:57.065440 1397626 AriaExecutor.h:91] AriaExecutor 2 started. 
I0313 11:07:57.065495 1397627 AriaExecutor.h:91] AriaExecutor 3 started. 
I0313 11:07:57.065555 1397628 AriaExecutor.h:91] AriaExecutor 4 started. 
I0313 11:07:57.065646 1397629 AriaExecutor.h:91] AriaExecutor 5 started. 
I0313 11:07:57.065724 1397630 AriaExecutor.h:91] AriaExecutor 6 started. 
I0313 11:07:57.065804 1397631 AriaExecutor.h:91] AriaExecutor 7 started. 
I0313 11:07:57.065872 1397632 AriaExecutor.h:91] AriaExecutor 8 started. 
I0313 11:07:57.065930 1397633 AriaExecutor.h:91] AriaExecutor 9 started. 
I0313 11:07:57.065982 1397634 AriaExecutor.h:91] AriaExecutor 10 started. 
I0313 11:07:57.066095 1397635 AriaExecutor.h:91] AriaExecutor 11 started. 
I0313 11:07:57.066216 1397636 AriaExecutor.h:91] AriaExecutor 12 started. 
I0313 11:07:57.066331 1397637 AriaExecutor.h:91] AriaExecutor 13 started. 
I0313 11:07:57.066453 1397638 AriaExecutor.h:91] AriaExecutor 14 started. 
I0313 11:07:57.066589 1397639 AriaExecutor.h:91] AriaExecutor 15 started. 
I0313 11:07:57.066715 1397640 AriaExecutor.h:91] AriaExecutor 16 started. 
I0313 11:07:57.066828 1397641 AriaExecutor.h:91] AriaExecutor 17 started. 
I0313 11:07:57.066957 1397642 AriaExecutor.h:91] AriaExecutor 18 started. 
I0313 11:07:57.067015 1397643 AriaExecutor.h:91] AriaExecutor 19 started. 
I0313 11:07:57.067111 1397644 AriaExecutor.h:91] AriaExecutor 20 started. 
I0313 11:07:57.067234 1397645 AriaExecutor.h:91] AriaExecutor 21 started. 
I0313 11:07:57.067315 1397646 AriaExecutor.h:91] AriaExecutor 22 started. 
I0313 11:07:57.067413 1397647 AriaExecutor.h:91] AriaExecutor 23 started. 
I0313 11:07:57.067541 1397648 AriaExecutor.h:91] AriaExecutor 24 started. 
I0313 11:07:57.067603 1397649 AriaExecutor.h:91] AriaExecutor 25 started. 
I0313 11:07:57.067705 1397650 AriaExecutor.h:91] AriaExecutor 26 started. 
I0313 11:07:57.067811 1397651 AriaExecutor.h:91] AriaExecutor 27 started. 
I0313 11:07:57.067939 1397652 AriaExecutor.h:91] AriaExecutor 28 started. 
I0313 11:07:57.068074 1397653 AriaExecutor.h:91] AriaExecutor 29 started. 
I0313 11:07:57.068182 1397654 AriaExecutor.h:91] AriaExecutor 30 started. 
I0313 11:07:57.068364 1397655 AriaExecutor.h:91] AriaExecutor 31 started. 
I0313 11:07:57.068389 1397656 AriaExecutor.h:91] AriaExecutor 32 started. 
I0313 11:07:57.068501 1397657 AriaExecutor.h:91] AriaExecutor 33 started. 
I0313 11:07:57.068626 1397659 AriaExecutor.h:91] AriaExecutor 35 started. 
I0313 11:07:57.068671 1397658 AriaExecutor.h:91] AriaExecutor 34 started. 
I0313 11:07:57.068765 1397660 AriaExecutor.h:91] AriaExecutor 36 started. 
I0313 11:07:57.068836 1397661 AriaExecutor.h:91] AriaExecutor 37 started. 
I0313 11:07:57.068888 1397662 AriaExecutor.h:91] AriaExecutor 38 started. 
I0313 11:07:57.069031 1397663 AriaExecutor.h:91] AriaExecutor 39 started. 
I0313 11:07:57.069125 1397664 AriaExecutor.h:91] AriaExecutor 40 started. 
I0313 11:07:57.069268 1397665 AriaExecutor.h:91] AriaExecutor 41 started. 
I0313 11:07:57.069365 1397666 AriaExecutor.h:91] AriaExecutor 42 started. 
I0313 11:07:57.069630 1397667 AriaExecutor.h:91] AriaExecutor 43 started. 
I0313 11:07:57.069832 1397668 AriaExecutor.h:91] AriaExecutor 44 started. 
I0313 11:07:57.070042 1397669 AriaExecutor.h:91] AriaExecutor 45 started. 
I0313 11:07:57.070227 1397670 AriaExecutor.h:91] AriaExecutor 46 started. 
I0313 11:07:57.070412 1397671 AriaExecutor.h:91] AriaExecutor 47 started. 
I0313 11:07:57.070600 1397672 Manager.h:224] Manager(worker id = 48) on the coordinator node started.
I0313 11:07:58.070691 1397572 Coordinator.h:126] commit: 65483 abort: 168517 (0/168517/0), network size: 0, avg network size: 0, si_in_serializable: 0 0 %, local: 0 %
I0313 11:07:59.070864 1397572 Coordinator.h:126] commit: 65711 abort: 168289 (0/168289/0), network size: 0, avg network size: 0, si_in_serializable: 0 0 %, local: 0 %
I0313 11:08:00.071025 1397572 Coordinator.h:126] commit: 66682 abort: 172102 (0/172102/0), network size: 0, avg network size: 0, si_in_serializable: 0 0 %, local: 0 %
I0313 11:08:01.071291 1397572 Coordinator.h:126] commit: 66348 abort: 169867 (0/169867/0), network size: 0, avg network size: 0, si_in_serializable: 0 0 %, local: 0 %
I0313 11:08:02.071470 1397572 Coordinator.h:126] commit: 66651 abort: 172349 (0/172349/0), network size: 0, avg network size: 0, si_in_serializable: 0 0 %, local: 0 %
I0313 11:08:03.071609 1397572 Coordinator.h:126] commit: 66694 abort: 172306 (0/172306/0), network size: 0, avg network size: 0, si_in_serializable: 0 0 %, local: 0 %
I0313 11:08:04.071738 1397572 Coordinator.h:126] commit: 66739 abort: 171261 (0/171261/0), network size: 0, avg network size: 0, si_in_serializable: 0 0 %, local: 0 %
I0313 11:08:05.071889 1397572 Coordinator.h:126] commit: 65384 abort: 167616 (0/167616/0), network size: 0, avg network size: 0, si_in_serializable: 0 0 %, local: 0 %
I0313 11:08:06.072042 1397572 Coordinator.h:126] commit: 67419 abort: 173581 (0/173581/0), network size: 0, avg network size: 0, si_in_serializable: 0 0 %, local: 0 %
I0313 11:08:07.072234 1397572 Coordinator.h:126] commit: 66794 abort: 172206 (0/172206/0), network size: 0, avg network size: 0, si_in_serializable: 0 0 %, local: 0 %
I0313 11:08:08.072422 1397572 Coordinator.h:126] commit: 67603 abort: 173383 (0/173383/0), network size: 0, avg network size: 0, si_in_serializable: 0 0 %, local: 0 %
I0313 11:08:09.072563 1397572 Coordinator.h:126] commit: 66650 abort: 172364 (0/172364/0), network size: 0, avg network size: 0, si_in_serializable: 0 0 %, local: 0 %
I0313 11:08:10.072712 1397572 Coordinator.h:126] commit: 66281 abort: 170719 (0/170719/0), network size: 0, avg network size: 0, si_in_serializable: 0 0 %, local: 0 %
I0313 11:08:11.072860 1397572 Coordinator.h:126] commit: 67058 abort: 172942 (0/172942/0), network size: 0, avg network size: 0, si_in_serializable: 0 0 %, local: 0 %
I0313 11:08:12.073000 1397572 Coordinator.h:126] commit: 67325 abort: 171675 (0/171675/0), network size: 0, avg network size: 0, si_in_serializable: 0 0 %, local: 0 %
I0313 11:08:13.073155 1397572 Coordinator.h:126] commit: 67068 abort: 172932 (0/172932/0), network size: 0, avg network size: 0, si_in_serializable: 0 0 %, local: 0 %
I0313 11:08:14.073304 1397572 Coordinator.h:126] commit: 66464 abort: 171536 (0/171536/0), network size: 0, avg network size: 0, si_in_serializable: 0 0 %, local: 0 %
I0313 11:08:15.073446 1397572 Coordinator.h:126] commit: 66718 abort: 172282 (0/172282/0), network size: 0, avg network size: 0, si_in_serializable: 0 0 %, local: 0 %
I0313 11:08:16.073632 1397572 Coordinator.h:126] commit: 67232 abort: 171768 (0/171768/0), network size: 0, avg network size: 0, si_in_serializable: 0 0 %, local: 0 %
I0313 11:08:17.073786 1397572 Coordinator.h:126] commit: 67297 abort: 172703 (0/172703/0), network size: 0, avg network size: 0, si_in_serializable: 0 0 %, local: 0 %
I0313 11:08:18.073922 1397572 Coordinator.h:126] commit: 67644 abort: 173356 (0/173356/0), network size: 0, avg network size: 0, si_in_serializable: 0 0 %, local: 0 %
I0313 11:08:19.074067 1397572 Coordinator.h:126] commit: 67415 abort: 173585 (0/173585/0), network size: 0, avg network size: 0, si_in_serializable: 0 0 %, local: 0 %
I0313 11:08:20.074213 1397572 Coordinator.h:126] commit: 66305 abort: 171695 (0/171695/0), network size: 0, avg network size: 0, si_in_serializable: 0 0 %, local: 0 %
I0313 11:08:21.074368 1397572 Coordinator.h:126] commit: 67144 abort: 171856 (0/171856/0), network size: 0, avg network size: 0, si_in_serializable: 0 0 %, local: 0 %
I0313 11:08:22.074517 1397572 Coordinator.h:126] commit: 67729 abort: 173271 (0/173271/0), network size: 0, avg network size: 0, si_in_serializable: 0 0 %, local: 0 %
I0313 11:08:22.074572 1397572 Coordinator.h:152] average commit: 66969.6 abort: 172230 (0/172230/0), network size: 0, avg network size: 0, si_in_serializable: 0 0 %, local: 0 %
I0313 11:08:22.074589 1397572 AriaExecutor.h:649] Worker 0 latency: 3846 us (50%) 4001 us (75%) 4135 us (95%) 4221 us (99%).
I0313 11:08:22.077739 1397655 AriaExecutor.h:103] AriaExecutor 31 exits. 
I0313 11:08:22.077750 1397651 AriaExecutor.h:103] AriaExecutor 27 exits. 
I0313 11:08:22.077749 1397650 AriaExecutor.h:103] AriaExecutor 26 exits. 
I0313 11:08:22.077754 1397646 AriaExecutor.h:103] AriaExecutor 22 exits. 
I0313 11:08:22.077755 1397666 AriaExecutor.h:103] AriaExecutor 42 exits. 
I0313 11:08:22.077770 1397654 AriaExecutor.h:103] AriaExecutor 30 exits. 
I0313 11:08:22.077775 1397633 AriaExecutor.h:103] AriaExecutor 9 exits. 
I0313 11:08:22.077757 1397640 AriaExecutor.h:103] AriaExecutor 16 exits. 
I0313 11:08:22.077756 1397652 AriaExecutor.h:103] AriaExecutor 28 exits. 
I0313 11:08:22.077788 1397669 AriaExecutor.h:103] AriaExecutor 45 exits. 
I0313 11:08:22.077740 1397625 AriaExecutor.h:103] AriaExecutor 1 exits. 
I0313 11:08:22.077800 1397668 AriaExecutor.h:103] AriaExecutor 44 exits. 
I0313 11:08:22.077775 1397637 AriaExecutor.h:103] AriaExecutor 13 exits. 
I0313 11:08:22.077786 1397662 AriaExecutor.h:103] AriaExecutor 38 exits. 
I0313 11:08:22.077744 1397671 AriaExecutor.h:103] AriaExecutor 47 exits. 
I0313 11:08:22.077824 1397645 AriaExecutor.h:103] AriaExecutor 21 exits. 
I0313 11:08:22.077826 1397648 AriaExecutor.h:103] AriaExecutor 24 exits. 
I0313 11:08:22.077826 1397639 AriaExecutor.h:103] AriaExecutor 15 exits. 
I0313 11:08:22.077741 1397627 AriaExecutor.h:103] AriaExecutor 3 exits. 
I0313 11:08:22.077749 1397653 AriaExecutor.h:103] AriaExecutor 29 exits. 
I0313 11:08:22.077754 1397647 AriaExecutor.h:103] AriaExecutor 23 exits. 
I0313 11:08:22.077764 1397667 AriaExecutor.h:103] AriaExecutor 43 exits. 
I0313 11:08:22.077755 1397642 AriaExecutor.h:103] AriaExecutor 18 exits. 
I0313 11:08:22.077754 1397644 AriaExecutor.h:103] AriaExecutor 20 exits. 
I0313 11:08:22.077740 1397631 AriaExecutor.h:103] AriaExecutor 7 exits. 
I0313 11:08:22.077787 1397632 AriaExecutor.h:103] AriaExecutor 8 exits. 
I0313 11:08:22.077741 1397643 AriaExecutor.h:103] AriaExecutor 19 exits. 
I0313 11:08:22.077740 1397657 AriaExecutor.h:103] AriaExecutor 33 exits. 
I0313 11:08:22.077740 1397659 AriaExecutor.h:103] AriaExecutor 35 exits. 
I0313 11:08:22.077740 1397660 AriaExecutor.h:103] AriaExecutor 36 exits. 
I0313 11:08:22.077740 1397628 AriaExecutor.h:103] AriaExecutor 4 exits. 
I0313 11:08:22.077773 1397629 AriaExecutor.h:103] AriaExecutor 5 exits. 
I0313 11:08:22.077772 1397661 AriaExecutor.h:103] AriaExecutor 37 exits. 
I0313 11:08:22.077772 1397665 AriaExecutor.h:103] AriaExecutor 41 exits. 
I0313 11:08:22.077741 1397626 AriaExecutor.h:103] AriaExecutor 2 exits. 
I0313 11:08:22.077740 1397663 AriaExecutor.h:103] AriaExecutor 39 exits. 
I0313 11:08:22.077785 1397624 AriaExecutor.h:103] AriaExecutor 0 exits. 
I0313 11:08:22.077787 1397630 AriaExecutor.h:103] AriaExecutor 6 exits. 
I0313 11:08:22.077742 1397635 AriaExecutor.h:103] AriaExecutor 11 exits. 
I0313 11:08:22.077787 1397664 AriaExecutor.h:103] AriaExecutor 40 exits. 
I0313 11:08:22.077742 1397670 AriaExecutor.h:103] AriaExecutor 46 exits. 
I0313 11:08:22.077741 1397658 AriaExecutor.h:103] AriaExecutor 34 exits. 
I0313 11:08:22.077817 1397636 AriaExecutor.h:103] AriaExecutor 12 exits. 
I0313 11:08:22.077821 1397649 AriaExecutor.h:103] AriaExecutor 25 exits. 
I0313 11:08:22.077822 1397641 AriaExecutor.h:103] AriaExecutor 17 exits. 
I0313 11:08:22.077823 1397638 AriaExecutor.h:103] AriaExecutor 14 exits. 
I0313 11:08:22.077741 1397656 AriaExecutor.h:103] AriaExecutor 32 exits. 
I0313 11:08:22.077744 1397672 Manager.h:227] Manager(worker id = 48) on the coordinator node exits.
I0313 11:08:22.077740 1397634 AriaExecutor.h:103] AriaExecutor 10 exits. 
I0313 11:08:22.078860 1397572 AriaExecutor.h:649] Worker 1 latency: 3850 us (50%) 4002 us (75%) 4135 us (95%) 4221 us (99%).
I0313 11:08:22.080971 1397572 AriaExecutor.h:649] Worker 2 latency: 3850 us (50%) 4003 us (75%) 4136 us (95%) 4222 us (99%).
I0313 11:08:22.083016 1397572 AriaExecutor.h:649] Worker 3 latency: 3850 us (50%) 4002 us (75%) 4136 us (95%) 4220 us (99%).
I0313 11:08:22.085003 1397572 AriaExecutor.h:649] Worker 4 latency: 3849 us (50%) 4001 us (75%) 4136 us (95%) 4223 us (99%).
I0313 11:08:22.087055 1397572 AriaExecutor.h:649] Worker 5 latency: 3847 us (50%) 4002 us (75%) 4135 us (95%) 4220 us (99%).
I0313 11:08:22.089061 1397572 AriaExecutor.h:649] Worker 6 latency: 3850 us (50%) 4003 us (75%) 4135 us (95%) 4220 us (99%).
I0313 11:08:22.091054 1397572 AriaExecutor.h:649] Worker 7 latency: 3850 us (50%) 4002 us (75%) 4137 us (95%) 4223 us (99%).
I0313 11:08:22.093072 1397572 AriaExecutor.h:649] Worker 8 latency: 3852 us (50%) 4003 us (75%) 4136 us (95%) 4220 us (99%).
I0313 11:08:22.095060 1397572 AriaExecutor.h:649] Worker 9 latency: 3849 us (50%) 4002 us (75%) 4135 us (95%) 4223 us (99%).
I0313 11:08:22.097065 1397572 AriaExecutor.h:649] Worker 10 latency: 3850 us (50%) 4003 us (75%) 4136 us (95%) 4221 us (99%).
I0313 11:08:22.099036 1397572 AriaExecutor.h:649] Worker 11 latency: 3850 us (50%) 4002 us (75%) 4135 us (95%) 4221 us (99%).
I0313 11:08:22.101017 1397572 AriaExecutor.h:649] Worker 12 latency: 3846 us (50%) 4001 us (75%) 4135 us (95%) 4222 us (99%).
I0313 11:08:22.102955 1397572 AriaExecutor.h:649] Worker 13 latency: 3849 us (50%) 4002 us (75%) 4134 us (95%) 4219 us (99%).
I0313 11:08:22.104935 1397572 AriaExecutor.h:649] Worker 14 latency: 3852 us (50%) 4005 us (75%) 4139 us (95%) 4223 us (99%).
I0313 11:08:22.106891 1397572 AriaExecutor.h:649] Worker 15 latency: 3852 us (50%) 4006 us (75%) 4138 us (95%) 4225 us (99%).
I0313 11:08:22.108829 1397572 AriaExecutor.h:649] Worker 16 latency: 3764 us (50%) 3989 us (75%) 4151 us (95%) 4239 us (99%).
I0313 11:08:22.110818 1397572 AriaExecutor.h:649] Worker 17 latency: 3869 us (50%) 4013 us (75%) 4141 us (95%) 4226 us (99%).
I0313 11:08:22.112735 1397572 AriaExecutor.h:649] Worker 18 latency: 3869 us (50%) 4013 us (75%) 4140 us (95%) 4226 us (99%).
I0313 11:08:22.114614 1397572 AriaExecutor.h:649] Worker 19 latency: 3871 us (50%) 4013 us (75%) 4141 us (95%) 4226 us (99%).
I0313 11:08:22.116513 1397572 AriaExecutor.h:649] Worker 20 latency: 3868 us (50%) 4012 us (75%) 4141 us (95%) 4228 us (99%).
I0313 11:08:22.118394 1397572 AriaExecutor.h:649] Worker 21 latency: 3868 us (50%) 4012 us (75%) 4141 us (95%) 4228 us (99%).
I0313 11:08:22.120267 1397572 AriaExecutor.h:649] Worker 22 latency: 3871 us (50%) 4012 us (75%) 4141 us (95%) 4225 us (99%).
I0313 11:08:22.122129 1397572 AriaExecutor.h:649] Worker 23 latency: 3868 us (50%) 4012 us (75%) 4141 us (95%) 4224 us (99%).
I0313 11:08:22.124042 1397572 AriaExecutor.h:649] Worker 24 latency: 3870 us (50%) 4012 us (75%) 4140 us (95%) 4227 us (99%).
I0313 11:08:22.125919 1397572 AriaExecutor.h:649] Worker 25 latency: 3869 us (50%) 4012 us (75%) 4139 us (95%) 4225 us (99%).
I0313 11:08:22.127789 1397572 AriaExecutor.h:649] Worker 26 latency: 3870 us (50%) 4012 us (75%) 4140 us (95%) 4224 us (99%).
I0313 11:08:22.129637 1397572 AriaExecutor.h:649] Worker 27 latency: 3866 us (50%) 4012 us (75%) 4141 us (95%) 4228 us (99%).
I0313 11:08:22.131497 1397572 AriaExecutor.h:649] Worker 28 latency: 3868 us (50%) 4012 us (75%) 4140 us (95%) 4224 us (99%).
I0313 11:08:22.133369 1397572 AriaExecutor.h:649] Worker 29 latency: 3865 us (50%) 4011 us (75%) 4140 us (95%) 4227 us (99%).
I0313 11:08:22.135215 1397572 AriaExecutor.h:649] Worker 30 latency: 3863 us (50%) 4008 us (75%) 4137 us (95%) 4224 us (99%).
I0313 11:08:22.137064 1397572 AriaExecutor.h:649] Worker 31 latency: 3866 us (50%) 4009 us (75%) 4138 us (95%) 4221 us (99%).
I0313 11:08:22.138913 1397572 AriaExecutor.h:649] Worker 32 latency: 3847 us (50%) 4002 us (75%) 4135 us (95%) 4218 us (99%).
I0313 11:08:22.140770 1397572 AriaExecutor.h:649] Worker 33 latency: 3848 us (50%) 4001 us (75%) 4135 us (95%) 4219 us (99%).
I0313 11:08:22.142621 1397572 AriaExecutor.h:649] Worker 34 latency: 3847 us (50%) 4001 us (75%) 4135 us (95%) 4218 us (99%).
I0313 11:08:22.144448 1397572 AriaExecutor.h:649] Worker 35 latency: 3849 us (50%) 4002 us (75%) 4135 us (95%) 4222 us (99%).
I0313 11:08:22.146261 1397572 AriaExecutor.h:649] Worker 36 latency: 3846 us (50%) 4002 us (75%) 4135 us (95%) 4220 us (99%).
I0313 11:08:22.148108 1397572 AriaExecutor.h:649] Worker 37 latency: 3846 us (50%) 4001 us (75%) 4135 us (95%) 4220 us (99%).
I0313 11:08:22.149957 1397572 AriaExecutor.h:649] Worker 38 latency: 3848 us (50%) 4002 us (75%) 4135 us (95%) 4221 us (99%).
I0313 11:08:22.151765 1397572 AriaExecutor.h:649] Worker 39 latency: 3848 us (50%) 4002 us (75%) 4135 us (95%) 4222 us (99%).
I0313 11:08:22.153589 1397572 AriaExecutor.h:649] Worker 40 latency: 3848 us (50%) 4003 us (75%) 4136 us (95%) 4220 us (99%).
I0313 11:08:22.155530 1397572 AriaExecutor.h:649] Worker 41 latency: 3847 us (50%) 4002 us (75%) 4134 us (95%) 4219 us (99%).
I0313 11:08:22.157450 1397572 AriaExecutor.h:649] Worker 42 latency: 3849 us (50%) 4002 us (75%) 4135 us (95%) 4223 us (99%).
I0313 11:08:22.159386 1397572 AriaExecutor.h:649] Worker 43 latency: 3847 us (50%) 4001 us (75%) 4136 us (95%) 4226 us (99%).
I0313 11:08:22.161338 1397572 AriaExecutor.h:649] Worker 44 latency: 3850 us (50%) 4003 us (75%) 4135 us (95%) 4221 us (99%).
I0313 11:08:22.163257 1397572 AriaExecutor.h:649] Worker 45 latency: 3846 us (50%) 4002 us (75%) 4135 us (95%) 4221 us (99%).
I0313 11:08:22.165181 1397572 AriaExecutor.h:649] Worker 46 latency: 3848 us (50%) 4004 us (75%) 4138 us (95%) 4223 us (99%).
I0313 11:08:22.166971 1397572 AriaExecutor.h:649] Worker 47 latency: 3852 us (50%) 4005 us (75%) 4137 us (95%) 4222 us (99%).
I0313 11:08:22.168756 1397572 Coordinator.h:177] total commit: 66969.6
I0313 11:08:23.168993 1397572 Coordinator.h:192] Coordinator exits.
