I0313 11:07:01.895200 1397004 Database.h:65] ycsb initialization finished in 101 milliseconds.
I0313 11:07:01.895423 1397004 Coordinator.h:30] Coordinator initializes 48 workers.
I0313 11:07:01.932518 1397004 Coordinator.h:77] Coordinator starts to run 49 workers.
I0313 11:07:01.932595 1397056 AriaExecutor.h:91] AriaExecutor 0 started. 
I0313 11:07:01.932641 1397057 AriaExecutor.h:91] AriaExecutor 1 started. 
I0313 11:07:01.932762 1397058 AriaExecutor.h:91] AriaExecutor 2 started. 
I0313 11:07:01.932847 1397059 AriaExecutor.h:91] AriaExecutor 3 started. 
I0313 11:07:01.932928 1397060 AriaExecutor.h:91] AriaExecutor 4 started. 
I0313 11:07:01.933001 1397061 AriaExecutor.h:91] AriaExecutor 5 started. 
I0313 11:07:01.933085 1397062 AriaExecutor.h:91] AriaExecutor 6 started. 
I0313 11:07:01.933168 1397063 AriaExecutor.h:91] AriaExecutor 7 started. 
I0313 11:07:01.933238 1397064 AriaExecutor.h:91] AriaExecutor 8 started. 
I0313 11:07:01.933324 1397065 AriaExecutor.h:91] AriaExecutor 9 started. 
I0313 11:07:01.933418 1397066 AriaExecutor.h:91] AriaExecutor 10 started. 
I0313 11:07:01.933518 1397067 AriaExecutor.h:91] AriaExecutor 11 started. 
I0313 11:07:01.933616 1397068 AriaExecutor.h:91] AriaExecutor 12 started. 
I0313 11:07:01.933743 1397069 AriaExecutor.h:91] AriaExecutor 13 started. 
I0313 11:07:01.933863 1397070 AriaExecutor.h:91] AriaExecutor 14 started. 
I0313 11:07:01.934005 1397071 AriaExecutor.h:91] AriaExecutor 15 started. 
I0313 11:07:01.934142 1397072 AriaExecutor.h:91] AriaExecutor 16 started. 
I0313 11:07:01.934214 1397073 AriaExecutor.h:91] AriaExecutor 17 started. 
I0313 11:07:01.934317 1397074 AriaExecutor.h:91] AriaExecutor 18 started. 
I0313 11:07:01.934443 1397075 AriaExecutor.h:91] AriaExecutor 19 started. 
I0313 11:07:01.934505 1397076 AriaExecutor.h:91] AriaExecutor 20 started. 
I0313 11:07:01.934589 1397077 AriaExecutor.h:91] AriaExecutor 21 started. 
I0313 11:07:01.934726 1397078 AriaExecutor.h:91] AriaExecutor 22 started. 
I0313 11:07:01.934759 1397079 AriaExecutor.h:91] AriaExecutor 23 started. 
I0313 11:07:01.934878 1397080 AriaExecutor.h:91] AriaExecutor 24 started. 
I0313 11:07:01.934931 1397081 AriaExecutor.h:91] AriaExecutor 25 started. 
I0313 11:07:01.935037 1397082 AriaExecutor.h:91] AriaExecutor 26 started. 
I0313 11:07:01.935174 1397083 AriaExecutor.h:91] AriaExecutor 27 started. 
I0313 11:07:01.935212 1397084 AriaExecutor.h:91] AriaExecutor 28 started. 
I0313 11:07:01.935323 1397085 AriaExecutor.h:91] AriaExecutor 29 started. 
I0313 11:07:01.935433 1397086 AriaExecutor.h:91] AriaExecutor 30 started. 
I0313 11:07:01.935570 1397087 AriaExecutor.h:91] AriaExecutor 31 started. 
I0313 11:07:01.935699 1397088 AriaExecutor.h:91] AriaExecutor 32 started. 
I0313 11:07:01.935813 1397089 AriaExecutor.h:91] AriaExecutor 33 started. 
I0313 11:07:01.935928 1397090 AriaExecutor.h:91] AriaExecutor 34 started. 
I0313 11:07:01.936023 1397091 AriaExecutor.h:91] AriaExecutor 35 started. 
I0313 11:07:01.936120 1397092 AriaExecutor.h:91] AriaExecutor 36 started. 
I0313 11:07:01.936192 1397093 AriaExecutor.h:91] AriaExecutor 37 started. 
I0313 11:07:01.936267 1397094 AriaExecutor.h:91] AriaExecutor 38 started. 
I0313 11:07:01.936419 1397096 AriaExecutor.h:91] AriaExecutor 40 started. 
I0313 11:07:01.936421 1397095 AriaExecutor.h:91] AriaExecutor 39 started. 
I0313 11:07:01.936599 1397097 AriaExecutor.h:91] AriaExecutor 41 started. 
I0313 11:07:01.936669 1397099 AriaExecutor.h:91] AriaExecutor 43 started. 
I0313 11:07:01.936725 1397098 AriaExecutor.h:91] AriaExecutor 42 started. 
I0313 11:07:01.937412 1397100 AriaExecutor.h:91] AriaExecutor 44 started. 
I0313 11:07:01.937847 1397102 AriaExecutor.h:91] AriaExecutor 46 started. 
I0313 11:07:01.937920 1397101 AriaExecutor.h:91] AriaExecutor 45 started. 
I0313 11:07:01.938040 1397103 AriaExecutor.h:91] AriaExecutor 47 started. 
I0313 11:07:01.938719 1397104 Manager.h:224] Manager(worker id = 48) on the coordinator node started.
I0313 11:07:02.938314 1397004 Coordinator.h:126] commit: 1062746 abort: 8254 (0/8254/0), network size: 0, avg network size: 0, si_in_serializable: 0 0 %, local: 0 %
I0313 11:07:03.938465 1397004 Coordinator.h:126] commit: 1077580 abort: 8420 (0/8420/0), network size: 0, avg network size: 0, si_in_serializable: 0 0 %, local: 0 %
I0313 11:07:04.938597 1397004 Coordinator.h:126] commit: 1060833 abort: 8167 (0/8167/0), network size: 0, avg network size: 0, si_in_serializable: 0 0 %, local: 0 %
I0313 11:07:05.938833 1397004 Coordinator.h:126] commit: 1073692 abort: 8308 (0/8308/0), network size: 0, avg network size: 0, si_in_serializable: 0 0 %, local: 0 %
I0313 11:07:06.939002 1397004 Coordinator.h:126] commit: 1080850 abort: 8150 (0/8150/0), network size: 0, avg network size: 0, si_in_serializable: 0 0 %, local: 0 %
I0313 11:07:07.939147 1397004 Coordinator.h:126] commit: 1066836 abort: 8164 (0/8164/0), network size: 0, avg network size: 0, si_in_serializable: 0 0 %, local: 0 %
I0313 11:07:08.939288 1397004 Coordinator.h:126] commit: 1069862 abort: 8138 (0/8138/0), network size: 0, avg network size: 0, si_in_serializable: 0 0 %, local: 0 %
I0313 11:07:09.939431 1397004 Coordinator.h:126] commit: 1083698 abort: 8302 (0/8302/0), network size: 0, avg network size: 0, si_in_serializable: 0 0 %, local: 0 %
I0313 11:07:10.939575 1397004 Coordinator.h:126] commit: 1068704 abort: 8296 (0/8296/0), network size: 0, avg network size: 0, si_in_serializable: 0 0 %, local: 0 %
I0313 11:07:11.939698 1397004 Coordinator.h:126] commit: 1078589 abort: 8411 (0/8411/0), network size: 0, avg network size: 0, si_in_serializable: 0 0 %, local: 0 %
I0313 11:07:12.939833 1397004 Coordinator.h:126] commit: 1078695 abort: 8305 (0/8305/0), network size: 0, avg network size: 0, si_in_serializable: 0 0 %, local: 0 %
I0313 11:07:13.939970 1397004 Coordinator.h:126] commit: 1043906 abort: 8094 (0/8094/0), network size: 0, avg network size: 0, si_in_serializable: 0 0 %, local: 0 %
I0313 11:07:14.940145 1397004 Coordinator.h:126] commit: 1065689 abort: 8311 (0/8311/0), network size: 0, avg network size: 0, si_in_serializable: 0 0 %, local: 0 %
I0313 11:07:15.940313 1397004 Coordinator.h:126] commit: 1082727 abort: 8326 (0/8326/0), network size: 0, avg network size: 0, si_in_serializable: 0 0 %, local: 0 %
I0313 11:07:16.940446 1397004 Coordinator.h:126] commit: 1079767 abort: 8179 (0/8179/0), network size: 0, avg network size: 0, si_in_serializable: 0 0 %, local: 0 %
I0313 11:07:17.940577 1397004 Coordinator.h:126] commit: 1074803 abort: 8197 (0/8197/0), network size: 0, avg network size: 0, si_in_serializable: 0 0 %, local: 0 %
I0313 11:07:18.940709 1397004 Coordinator.h:126] commit: 1082619 abort: 8381 (0/8381/0), network size: 0, avg network size: 0, si_in_serializable: 0 0 %, local: 0 %
I0313 11:07:19.940838 1397004 Coordinator.h:126] commit: 1085559 abort: 8441 (0/8441/0), network size: 0, avg network size: 0, si_in_serializable: 0 0 %, local: 0 %
I0313 11:07:20.940966 1397004 Coordinator.h:126] commit: 1081732 abort: 8268 (0/8268/0), network size: 0, avg network size: 0, si_in_serializable: 0 0 %, local: 0 %
I0313 11:07:21.941090 1397004 Coordinator.h:126] commit: 1072608 abort: 8392 (0/8392/0), network size: 0, avg network size: 0, si_in_serializable: 0 0 %, local: 0 %
I0313 11:07:22.941217 1397004 Coordinator.h:126] commit: 1076593 abort: 8407 (0/8407/0), network size: 0, avg network size: 0, si_in_serializable: 0 0 %, local: 0 %
I0313 11:07:23.941354 1397004 Coordinator.h:126] commit: 1068801 abort: 8199 (0/8199/0), network size: 0, avg network size: 0, si_in_serializable: 0 0 %, local: 0 %
I0313 11:07:24.941490 1397004 Coordinator.h:126] commit: 1083544 abort: 8456 (0/8456/0), network size: 0, avg network size: 0, si_in_serializable: 0 0 %, local: 0 %
I0313 11:07:25.941628 1397004 Coordinator.h:126] commit: 959688 abort: 7312 (0/7312/0), network size: 0, avg network size: 0, si_in_serializable: 0 0 %, local: 0 %
I0313 11:07:26.941766 1397004 Coordinator.h:126] commit: 1044026 abort: 7974 (0/7974/0), network size: 0, avg network size: 0, si_in_serializable: 0 0 %, local: 0 %
I0313 11:07:26.941818 1397004 Coordinator.h:152] average commit: 1.07481e+06 abort: 8289.4 (0/8289.4/0), network size: 0, avg network size: 0, si_in_serializable: 0 0 %, local: 0 %
I0313 11:07:26.942023 1397102 AriaExecutor.h:103] AriaExecutor 46 exits. 
I0313 11:07:26.942028 1397094 AriaExecutor.h:103] AriaExecutor 38 exits. 
I0313 11:07:26.942037 1397083 AriaExecutor.h:103] AriaExecutor 27 exits. 
I0313 11:07:26.942036 1397072 AriaExecutor.h:103] AriaExecutor 16 exits. 
I0313 11:07:26.942044 1397076 AriaExecutor.h:103] AriaExecutor 20 exits. 
I0313 11:07:26.942032 1397099 AriaExecutor.h:103] AriaExecutor 43 exits. 
I0313 11:07:26.942052 1397101 AriaExecutor.h:103] AriaExecutor 45 exits. 
I0313 11:07:26.942025 1397056 AriaExecutor.h:103] AriaExecutor 0 exits. 
I0313 11:07:26.942037 1397084 AriaExecutor.h:103] AriaExecutor 28 exits. 
I0313 11:07:26.942024 1397103 AriaExecutor.h:103] AriaExecutor 47 exits. 
I0313 11:07:26.942025 1397064 AriaExecutor.h:103] AriaExecutor 8 exits. 
I0313 11:07:26.942034 1397090 AriaExecutor.h:103] AriaExecutor 34 exits. 
I0313 11:07:26.942039 1397071 AriaExecutor.h:103] AriaExecutor 15 exits. 
I0313 11:07:26.942029 1397098 AriaExecutor.h:103] AriaExecutor 42 exits. 
I0313 11:07:26.942028 1397065 AriaExecutor.h:103] AriaExecutor 9 exits. 
I0313 11:07:26.942041 1397080 AriaExecutor.h:103] AriaExecutor 24 exits. 
I0313 11:07:26.942026 1397063 AriaExecutor.h:103] AriaExecutor 7 exits. 
I0313 11:07:26.942031 1397100 AriaExecutor.h:103] AriaExecutor 44 exits. 
I0313 11:07:26.942029 1397096 AriaExecutor.h:103] AriaExecutor 40 exits. 
I0313 11:07:26.942032 1397092 AriaExecutor.h:103] AriaExecutor 36 exits. 
I0313 11:07:26.942034 1397095 AriaExecutor.h:103] AriaExecutor 39 exits. 
I0313 11:07:26.942026 1397059 AriaExecutor.h:103] AriaExecutor 3 exits. 
I0313 11:07:26.942035 1397086 AriaExecutor.h:103] AriaExecutor 30 exits. 
I0313 11:07:26.942026 1397057 AriaExecutor.h:103] AriaExecutor 1 exits. 
I0313 11:07:26.942037 1397082 AriaExecutor.h:103] AriaExecutor 26 exits. 
I0313 11:07:26.942040 1397078 AriaExecutor.h:103] AriaExecutor 22 exits. 
I0313 11:07:26.942041 1397077 AriaExecutor.h:103] AriaExecutor 21 exits. 
I0313 11:07:26.942041 1397074 AriaExecutor.h:103] AriaExecutor 18 exits. 
I0313 11:07:26.942029 1397088 AriaExecutor.h:103] AriaExecutor 32 exits. 
I0313 11:07:26.942026 1397068 AriaExecutor.h:103] AriaExecutor 12 exits. 
I0313 11:07:26.942032 1397093 AriaExecutor.h:103] AriaExecutor 37 exits. 
I0313 11:07:26.942034 1397081 AriaExecutor.h:103] AriaExecutor 25 exits. 
I0313 11:07:26.942026 1397058 AriaExecutor.h:103] AriaExecutor 2 exits. 
I0313 11:07:26.942036 1397070 AriaExecutor.h:103] AriaExecutor 14 exits. 
I0313 11:07:26.942026 1397062 AriaExecutor.h:103] AriaExecutor 6 exits. 
I0313 11:07:26.942027 1397104 Manager.h:227] Manager(worker id = 48) on the coordinator node exits.
I0313 11:07:26.942076 1397087 AriaExecutor.h:103] AriaExecutor 31 exits. 
I0313 11:07:26.942035 1397091 AriaExecutor.h:103] AriaExecutor 35 exits. 
I0313 11:07:26.942026 1397066 AriaExecutor.h:103] AriaExecutor 10 exits. 
I0313 11:07:26.942027 1397067 AriaExecutor.h:103] AriaExecutor 11 exits. 
I0313 11:07:26.942050 1397075 AriaExecutor.h:103] AriaExecutor 19 exits. 
I0313 11:07:26.942026 1397069 AriaExecutor.h:103] AriaExecutor 13 exits. 
I0313 11:07:26.942085 1397085 AriaExecutor.h:103] AriaExecutor 29 exits. 
I0313 11:07:26.942086 1397073 AriaExecutor.h:103] AriaExecutor 17 exits. 
I0313 11:07:26.942029 1397089 AriaExecutor.h:103] AriaExecutor 33 exits. 
I0313 11:07:26.942026 1397060 AriaExecutor.h:103] AriaExecutor 4 exits. 
I0313 11:07:26.942034 1397079 AriaExecutor.h:103] AriaExecutor 23 exits. 
I0313 11:07:26.942035 1397097 AriaExecutor.h:103] AriaExecutor 41 exits. 
I0313 11:07:26.942032 1397061 AriaExecutor.h:103] AriaExecutor 5 exits. 
I0313 11:07:26.941834 1397004 AriaExecutor.h:649] Worker 0 latency: 675 us (50%) 777 us (75%) 862 us (95%) 895 us (99%).
I0313 11:07:26.967375 1397004 AriaExecutor.h:649] Worker 1 latency: 675 us (50%) 777 us (75%) 862 us (95%) 895 us (99%).
I0313 11:07:26.992231 1397004 AriaExecutor.h:649] Worker 2 latency: 675 us (50%) 777 us (75%) 862 us (95%) 895 us (99%).
I0313 11:07:27.017078 1397004 AriaExecutor.h:649] Worker 3 latency: 675 us (50%) 777 us (75%) 862 us (95%) 895 us (99%).
I0313 11:07:27.041982 1397004 AriaExecutor.h:649] Worker 4 latency: 675 us (50%) 777 us (75%) 862 us (95%) 895 us (99%).
I0313 11:07:27.067242 1397004 AriaExecutor.h:649] Worker 5 latency: 674 us (50%) 777 us (75%) 862 us (95%) 895 us (99%).
I0313 11:07:27.092643 1397004 AriaExecutor.h:649] Worker 6 latency: 674 us (50%) 777 us (75%) 862 us (95%) 895 us (99%).
I0313 11:07:27.117779 1397004 AriaExecutor.h:649] Worker 7 latency: 675 us (50%) 777 us (75%) 862 us (95%) 895 us (99%).
I0313 11:07:27.142890 1397004 AriaExecutor.h:649] Worker 8 latency: 675 us (50%) 777 us (75%) 862 us (95%) 895 us (99%).
I0313 11:07:27.168465 1397004 AriaExecutor.h:649] Worker 9 latency: 674 us (50%) 777 us (75%) 862 us (95%) 895 us (99%).
I0313 11:07:27.193938 1397004 AriaExecutor.h:649] Worker 10 latency: 674 us (50%) 777 us (75%) 862 us (95%) 895 us (99%).
I0313 11:07:27.219121 1397004 AriaExecutor.h:649] Worker 11 latency: 674 us (50%) 777 us (75%) 862 us (95%) 895 us (99%).
I0313 11:07:27.244236 1397004 AriaExecutor.h:649] Worker 12 latency: 674 us (50%) 777 us (75%) 862 us (95%) 896 us (99%).
I0313 11:07:27.269197 1397004 AriaExecutor.h:649] Worker 13 latency: 674 us (50%) 777 us (75%) 862 us (95%) 895 us (99%).
I0313 11:07:27.294287 1397004 AriaExecutor.h:649] Worker 14 latency: 673 us (50%) 776 us (75%) 862 us (95%) 895 us (99%).
I0313 11:07:27.319344 1397004 AriaExecutor.h:649] Worker 15 latency: 674 us (50%) 776 us (75%) 862 us (95%) 895 us (99%).
I0313 11:07:27.344334 1397004 AriaExecutor.h:649] Worker 16 latency: 558 us (50%) 725 us (75%) 858 us (95%) 897 us (99%).
I0313 11:07:27.370177 1397004 AriaExecutor.h:649] Worker 17 latency: 681 us (50%) 780 us (75%) 863 us (95%) 896 us (99%).
I0313 11:07:27.395131 1397004 AriaExecutor.h:649] Worker 18 latency: 681 us (50%) 780 us (75%) 863 us (95%) 896 us (99%).
I0313 11:07:27.420136 1397004 AriaExecutor.h:649] Worker 19 latency: 681 us (50%) 780 us (75%) 863 us (95%) 896 us (99%).
I0313 11:07:27.444896 1397004 AriaExecutor.h:649] Worker 20 latency: 681 us (50%) 780 us (75%) 863 us (95%) 896 us (99%).
I0313 11:07:27.469506 1397004 AriaExecutor.h:649] Worker 21 latency: 681 us (50%) 780 us (75%) 863 us (95%) 896 us (99%).
I0313 11:07:27.494189 1397004 AriaExecutor.h:649] Worker 22 latency: 681 us (50%) 780 us (75%) 863 us (95%) 896 us (99%).
I0313 11:07:27.518776 1397004 AriaExecutor.h:649] Worker 23 latency: 681 us (50%) 780 us (75%) 863 us (95%) 896 us (99%).
I0313 11:07:27.543848 1397004 AriaExecutor.h:649] Worker 24 latency: 680 us (50%) 780 us (75%) 863 us (95%) 896 us (99%).
I0313 11:07:27.568679 1397004 AriaExecutor.h:649] Worker 25 latency: 680 us (50%) 780 us (75%) 863 us (95%) 896 us (99%).
I0313 11:07:27.593370 1397004 AriaExecutor.h:649] Worker 26 latency: 681 us (50%) 780 us (75%) 863 us (95%) 896 us (99%).
I0313 11:07:27.618127 1397004 AriaExecutor.h:649] Worker 27 latency: 680 us (50%) 780 us (75%) 863 us (95%) 896 us (99%).
I0313 11:07:27.642868 1397004 AriaExecutor.h:649] Worker 28 latency: 680 us (50%) 780 us (75%) 863 us (95%) 896 us (99%).
I0313 11:07:27.667757 1397004 AriaExecutor.h:649] Worker 29 latency: 679 us (50%) 780 us (75%) 863 us (95%) 896 us (99%).
I0313 11:07:27.692304 1397004 AriaExecutor.h:649] Worker 30 latency: 679 us (50%) 779 us (75%) 863 us (95%) 896 us (99%).
I0313 11:07:27.716955 1397004 AriaExecutor.h:649] Worker 31 latency: 679 us (50%) 779 us (75%) 863 us (95%) 896 us (99%).
I0313 11:07:27.742074 1397004 AriaExecutor.h:649] Worker 32 latency: 675 us (50%) 777 us (75%) 862 us (95%) 895 us (99%).
I0313 11:07:27.767128 1397004 AriaExecutor.h:649] Worker 33 latency: 675 us (50%) 777 us (75%) 862 us (95%) 895 us (99%).
I0313 11:07:27.792445 1397004 AriaExecutor.h:649] Worker 34 latency: 675 us (50%) 777 us (75%) 862 us (95%) 895 us (99%).
I0313 11:07:27.817322 1397004 AriaExecutor.h:649] Worker 35 latency: 675 us (50%) 777 us (75%) 862 us (95%) 895 us (99%).
I0313 11:07:27.842931 1397004 AriaExecutor.h:649] Worker 36 latency: 674 us (50%) 777 us (75%) 862 us (95%) 895 us (99%).
I0313 11:07:27.867799 1397004 AriaExecutor.h:649] Worker 37 latency: 673 us (50%) 776 us (75%) 862 us (95%) 895 us (99%).
I0313 11:07:27.893157 1397004 AriaExecutor.h:649] Worker 38 latency: 674 us (50%) 777 us (75%) 862 us (95%) 895 us (99%).
I0313 11:07:27.918452 1397004 AriaExecutor.h:649] Worker 39 latency: 675 us (50%) 777 us (75%) 862 us (95%) 896 us (99%).
I0313 11:07:27.943296 1397004 AriaExecutor.h:649] Worker 40 latency: 684 us (50%) 781 us (75%) 863 us (95%) 896 us (99%).
I0313 11:07:27.967046 1397004 AriaExecutor.h:649] Worker 41 latency: 684 us (50%) 782 us (75%) 863 us (95%) 896 us (99%).
I0313 11:07:27.990695 1397004 AriaExecutor.h:649] Worker 42 latency: 684 us (50%) 781 us (75%) 863 us (95%) 896 us (99%).
I0313 11:07:28.014737 1397004 AriaExecutor.h:649] Worker 43 latency: 683 us (50%) 781 us (75%) 863 us (95%) 896 us (99%).
I0313 11:07:28.038394 1397004 AriaExecutor.h:649] Worker 44 latency: 683 us (50%) 781 us (75%) 863 us (95%) 896 us (99%).
I0313 11:07:28.062098 1397004 AriaExecutor.h:649] Worker 45 latency: 683 us (50%) 781 us (75%) 863 us (95%) 896 us (99%).
I0313 11:07:28.085908 1397004 AriaExecutor.h:649] Worker 46 latency: 683 us (50%) 781 us (75%) 863 us (95%) 896 us (99%).
I0313 11:07:28.109449 1397004 AriaExecutor.h:649] Worker 47 latency: 683 us (50%) 781 us (75%) 863 us (95%) 896 us (99%).
I0313 11:07:28.133036 1397004 Coordinator.h:177] total commit: 1.07481e+06
I0313 11:07:29.133276 1397004 Coordinator.h:192] Coordinator exits.
