I0313 11:23:37.589785 1406585 Database.h:65] ycsb initialization finished in 102 milliseconds.
I0313 11:23:37.590008 1406585 Coordinator.h:30] Coordinator initializes 48 workers.
I0313 11:23:37.695995 1406585 Coordinator.h:77] Coordinator starts to run 49 workers.
I0313 11:23:37.696125 1406637 AriaExecutor.h:94] AriaExecutor 0 started. 
I0313 11:23:37.696195 1406638 AriaExecutor.h:94] AriaExecutor 1 started. 
I0313 11:23:37.696307 1406639 AriaExecutor.h:94] AriaExecutor 2 started. 
I0313 11:23:37.696373 1406640 AriaExecutor.h:94] AriaExecutor 3 started. 
I0313 11:23:37.696435 1406641 AriaExecutor.h:94] AriaExecutor 4 started. 
I0313 11:23:37.696499 1406642 AriaExecutor.h:94] AriaExecutor 5 started. 
I0313 11:23:37.696581 1406643 AriaExecutor.h:94] AriaExecutor 6 started. 
I0313 11:23:37.696703 1406644 AriaExecutor.h:94] AriaExecutor 7 started. 
I0313 11:23:37.696803 1406645 AriaExecutor.h:94] AriaExecutor 8 started. 
I0313 11:23:37.696897 1406646 AriaExecutor.h:94] AriaExecutor 9 started. 
I0313 11:23:37.696995 1406647 AriaExecutor.h:94] AriaExecutor 10 started. 
I0313 11:23:37.697086 1406648 AriaExecutor.h:94] AriaExecutor 11 started. 
I0313 11:23:37.697181 1406649 AriaExecutor.h:94] AriaExecutor 12 started. 
I0313 11:23:37.697299 1406650 AriaExecutor.h:94] AriaExecutor 13 started. 
I0313 11:23:37.697395 1406651 AriaExecutor.h:94] AriaExecutor 14 started. 
I0313 11:23:37.697557 1406652 AriaExecutor.h:94] AriaExecutor 15 started. 
I0313 11:23:37.697690 1406653 AriaExecutor.h:94] AriaExecutor 16 started. 
I0313 11:23:37.697744 1406654 AriaExecutor.h:94] AriaExecutor 17 started. 
I0313 11:23:37.697844 1406655 AriaExecutor.h:94] AriaExecutor 18 started. 
I0313 11:23:37.697901 1406656 AriaExecutor.h:94] AriaExecutor 19 started. 
I0313 11:23:37.697988 1406657 AriaExecutor.h:94] AriaExecutor 20 started. 
I0313 11:23:37.698065 1406658 AriaExecutor.h:94] AriaExecutor 21 started. 
I0313 11:23:37.698174 1406659 AriaExecutor.h:94] AriaExecutor 22 started. 
I0313 11:23:37.698274 1406660 AriaExecutor.h:94] AriaExecutor 23 started. 
I0313 11:23:37.698367 1406661 AriaExecutor.h:94] AriaExecutor 24 started. 
I0313 11:23:37.698472 1406662 AriaExecutor.h:94] AriaExecutor 25 started. 
I0313 11:23:37.698576 1406663 AriaExecutor.h:94] AriaExecutor 26 started. 
I0313 11:23:37.698683 1406664 AriaExecutor.h:94] AriaExecutor 27 started. 
I0313 11:23:37.698779 1406665 AriaExecutor.h:94] AriaExecutor 28 started. 
I0313 11:23:37.698875 1406666 AriaExecutor.h:94] AriaExecutor 29 started. 
I0313 11:23:37.698920 1406667 AriaExecutor.h:94] AriaExecutor 30 started. 
I0313 11:23:37.699087 1406669 AriaExecutor.h:94] AriaExecutor 32 started. 
I0313 11:23:37.699136 1406670 AriaExecutor.h:94] AriaExecutor 33 started. 
I0313 11:23:37.699218 1406671 AriaExecutor.h:94] AriaExecutor 34 started. 
I0313 11:23:37.699288 1406672 AriaExecutor.h:94] AriaExecutor 35 started. 
I0313 11:23:37.699360 1406673 AriaExecutor.h:94] AriaExecutor 36 started. 
I0313 11:23:37.699432 1406674 AriaExecutor.h:94] AriaExecutor 37 started. 
I0313 11:23:37.699501 1406668 AriaExecutor.h:94] AriaExecutor 31 started. 
I0313 11:23:37.699548 1406675 AriaExecutor.h:94] AriaExecutor 38 started. 
I0313 11:23:37.699806 1406676 AriaExecutor.h:94] AriaExecutor 39 started. 
I0313 11:23:37.700017 1406677 AriaExecutor.h:94] AriaExecutor 40 started. 
I0313 11:23:37.700212 1406678 AriaExecutor.h:94] AriaExecutor 41 started. 
I0313 11:23:37.700434 1406679 AriaExecutor.h:94] AriaExecutor 42 started. 
I0313 11:23:37.700615 1406680 AriaExecutor.h:94] AriaExecutor 43 started. 
I0313 11:23:37.700801 1406681 AriaExecutor.h:94] AriaExecutor 44 started. 
I0313 11:23:37.700975 1406682 AriaExecutor.h:94] AriaExecutor 45 started. 
I0313 11:23:37.701159 1406683 AriaExecutor.h:94] AriaExecutor 46 started. 
I0313 11:23:37.701327 1406684 AriaExecutor.h:94] AriaExecutor 47 started. 
I0313 11:23:37.701500 1406685 Manager.h:224] Manager(worker id = 48) on the coordinator node started.
I0313 11:23:38.701578 1406585 Coordinator.h:126] commit: 471203 abort: 580797 (0/580797/0), network size: 0, avg network size: 0, si_in_serializable: 0 0 %, local: 0 %
I0313 11:23:39.701743 1406585 Coordinator.h:126] commit: 478596 abort: 589404 (0/589404/0), network size: 0, avg network size: 0, si_in_serializable: 0 0 %, local: 0 %
I0313 11:23:40.701879 1406585 Coordinator.h:126] commit: 468576 abort: 575424 (0/575424/0), network size: 0, avg network size: 0, si_in_serializable: 0 0 %, local: 0 %
I0313 11:23:41.702009 1406585 Coordinator.h:126] commit: 467407 abort: 576593 (0/576593/0), network size: 0, avg network size: 0, si_in_serializable: 0 0 %, local: 0 %
I0313 11:23:42.702278 1406585 Coordinator.h:126] commit: 472749 abort: 581259 (0/581259/0), network size: 0, avg network size: 0, si_in_serializable: 0 0 %, local: 0 %
I0313 11:23:43.702459 1406585 Coordinator.h:126] commit: 477354 abort: 588631 (0/588631/0), network size: 0, avg network size: 0, si_in_serializable: 0 0 %, local: 0 %
I0313 11:23:44.702594 1406585 Coordinator.h:126] commit: 469920 abort: 578080 (0/578080/0), network size: 0, avg network size: 0, si_in_serializable: 0 0 %, local: 0 %
I0313 11:23:45.702729 1406585 Coordinator.h:126] commit: 478035 abort: 589965 (0/589965/0), network size: 0, avg network size: 0, si_in_serializable: 0 0 %, local: 0 %
I0313 11:23:46.702857 1406585 Coordinator.h:126] commit: 477383 abort: 586617 (0/586617/0), network size: 0, avg network size: 0, si_in_serializable: 0 0 %, local: 0 %
I0313 11:23:47.702989 1406585 Coordinator.h:126] commit: 472809 abort: 583191 (0/583191/0), network size: 0, avg network size: 0, si_in_serializable: 0 0 %, local: 0 %
I0313 11:23:48.703125 1406585 Coordinator.h:126] commit: 471323 abort: 580677 (0/580677/0), network size: 0, avg network size: 0, si_in_serializable: 0 0 %, local: 0 %
I0313 11:23:49.703289 1406585 Coordinator.h:126] commit: 476047 abort: 587953 (0/587953/0), network size: 0, avg network size: 0, si_in_serializable: 0 0 %, local: 0 %
I0313 11:23:50.703428 1406585 Coordinator.h:126] commit: 479424 abort: 592576 (0/592576/0), network size: 0, avg network size: 0, si_in_serializable: 0 0 %, local: 0 %
I0313 11:23:51.703562 1406585 Coordinator.h:126] commit: 452098 abort: 555902 (0/555902/0), network size: 0, avg network size: 0, si_in_serializable: 0 0 %, local: 0 %
I0313 11:23:52.703699 1406585 Coordinator.h:126] commit: 477593 abort: 586407 (0/586407/0), network size: 0, avg network size: 0, si_in_serializable: 0 0 %, local: 0 %
I0313 11:23:53.703838 1406585 Coordinator.h:126] commit: 478381 abort: 589619 (0/589619/0), network size: 0, avg network size: 0, si_in_serializable: 0 0 %, local: 0 %
I0313 11:23:54.703977 1406585 Coordinator.h:126] commit: 479362 abort: 592638 (0/592638/0), network size: 0, avg network size: 0, si_in_serializable: 0 0 %, local: 0 %
I0313 11:23:55.704116 1406585 Coordinator.h:126] commit: 478633 abort: 589367 (0/589367/0), network size: 0, avg network size: 0, si_in_serializable: 0 0 %, local: 0 %
I0313 11:23:56.704259 1406585 Coordinator.h:126] commit: 477708 abort: 590292 (0/590292/0), network size: 0, avg network size: 0, si_in_serializable: 0 0 %, local: 0 %
I0313 11:23:57.704418 1406585 Coordinator.h:126] commit: 478386 abort: 589614 (0/589614/0), network size: 0, avg network size: 0, si_in_serializable: 0 0 %, local: 0 %
I0313 11:23:58.704550 1406585 Coordinator.h:126] commit: 471427 abort: 580573 (0/580573/0), network size: 0, avg network size: 0, si_in_serializable: 0 0 %, local: 0 %
I0313 11:23:59.704720 1406585 Coordinator.h:126] commit: 477031 abort: 586969 (0/586969/0), network size: 0, avg network size: 0, si_in_serializable: 0 0 %, local: 0 %
I0313 11:24:00.704879 1406585 Coordinator.h:126] commit: 480198 abort: 591802 (0/591802/0), network size: 0, avg network size: 0, si_in_serializable: 0 0 %, local: 0 %
I0313 11:24:01.705016 1406585 Coordinator.h:126] commit: 479268 abort: 588732 (0/588732/0), network size: 0, avg network size: 0, si_in_serializable: 0 0 %, local: 0 %
I0313 11:24:02.705156 1406585 Coordinator.h:126] commit: 480420 abort: 591580 (0/591580/0), network size: 0, avg network size: 0, si_in_serializable: 0 0 %, local: 0 %
I0313 11:24:02.705210 1406585 Coordinator.h:152] average commit: 474896 abort: 585504 (0/585504/0), network size: 0, avg network size: 0, si_in_serializable: 0 0 %, local: 0 %
I0313 11:24:02.707958 1406638 AriaExecutor.h:106] AriaExecutor 1 exits. 
I0313 11:24:02.707979 1406685 Manager.h:227] Manager(worker id = 48) on the coordinator node exits.
I0313 11:24:02.707974 1406672 AriaExecutor.h:106] AriaExecutor 35 exits. 
I0313 11:24:02.707965 1406674 AriaExecutor.h:106] AriaExecutor 37 exits. 
I0313 11:24:02.707973 1406683 AriaExecutor.h:106] AriaExecutor 46 exits. 
I0313 11:24:02.707996 1406681 AriaExecutor.h:106] AriaExecutor 44 exits. 
I0313 11:24:02.707983 1406656 AriaExecutor.h:106] AriaExecutor 19 exits. 
I0313 11:24:02.707999 1406652 AriaExecutor.h:106] AriaExecutor 15 exits. 
I0313 11:24:02.707995 1406662 AriaExecutor.h:106] AriaExecutor 25 exits. 
I0313 11:24:02.708000 1406673 AriaExecutor.h:106] AriaExecutor 36 exits. 
I0313 11:24:02.707965 1406671 AriaExecutor.h:106] AriaExecutor 34 exits. 
I0313 11:24:02.707966 1406667 AriaExecutor.h:106] AriaExecutor 30 exits. 
I0313 11:24:02.708000 1406651 AriaExecutor.h:106] AriaExecutor 14 exits. 
I0313 11:24:02.707998 1406660 AriaExecutor.h:106] AriaExecutor 23 exits. 
I0313 11:24:02.708000 1406659 AriaExecutor.h:106] AriaExecutor 22 exits. 
I0313 11:24:02.707962 1406639 AriaExecutor.h:106] AriaExecutor 2 exits. 
I0313 11:24:02.707962 1406644 AriaExecutor.h:106] AriaExecutor 7 exits. 
I0313 11:24:02.707962 1406646 AriaExecutor.h:106] AriaExecutor 9 exits. 
I0313 11:24:02.707962 1406641 AriaExecutor.h:106] AriaExecutor 4 exits. 
I0313 11:24:02.707969 1406650 AriaExecutor.h:106] AriaExecutor 13 exits. 
I0313 11:24:02.707968 1406675 AriaExecutor.h:106] AriaExecutor 38 exits. 
I0313 11:24:02.707983 1406648 AriaExecutor.h:106] AriaExecutor 11 exits. 
I0313 11:24:02.708050 1406658 AriaExecutor.h:106] AriaExecutor 21 exits. 
I0313 11:24:02.707978 1406637 AriaExecutor.h:106] AriaExecutor 0 exits. 
I0313 11:24:02.708046 1406663 AriaExecutor.h:106] AriaExecutor 26 exits. 
I0313 11:24:02.707979 1406653 AriaExecutor.h:106] AriaExecutor 16 exits. 
I0313 11:24:02.708061 1406676 AriaExecutor.h:106] AriaExecutor 39 exits. 
I0313 11:24:02.707995 1406655 AriaExecutor.h:106] AriaExecutor 18 exits. 
I0313 11:24:02.707983 1406668 AriaExecutor.h:106] AriaExecutor 31 exits. 
I0313 11:24:02.707995 1406657 AriaExecutor.h:106] AriaExecutor 20 exits. 
I0313 11:24:02.707981 1406661 AriaExecutor.h:106] AriaExecutor 24 exits. 
I0313 11:24:02.707986 1406678 AriaExecutor.h:106] AriaExecutor 41 exits. 
I0313 11:24:02.707998 1406654 AriaExecutor.h:106] AriaExecutor 17 exits. 
I0313 11:24:02.707998 1406682 AriaExecutor.h:106] AriaExecutor 45 exits. 
I0313 11:24:02.707993 1406680 AriaExecutor.h:106] AriaExecutor 43 exits. 
I0313 11:24:02.708003 1406666 AriaExecutor.h:106] AriaExecutor 29 exits. 
I0313 11:24:02.707968 1406643 AriaExecutor.h:106] AriaExecutor 6 exits. 
I0313 11:24:02.707973 1406684 AriaExecutor.h:106] AriaExecutor 47 exits. 
I0313 11:24:02.707962 1406642 AriaExecutor.h:106] AriaExecutor 5 exits. 
I0313 11:24:02.707998 1406677 AriaExecutor.h:106] AriaExecutor 40 exits. 
I0313 11:24:02.708043 1406664 AriaExecutor.h:106] AriaExecutor 27 exits. 
I0313 11:24:02.707983 1406670 AriaExecutor.h:106] AriaExecutor 33 exits. 
I0313 11:24:02.707975 1406665 AriaExecutor.h:106] AriaExecutor 28 exits. 
I0313 11:24:02.708034 1406669 AriaExecutor.h:106] AriaExecutor 32 exits. 
I0313 11:24:02.707980 1406649 AriaExecutor.h:106] AriaExecutor 12 exits. 
I0313 11:24:02.707971 1406640 AriaExecutor.h:106] AriaExecutor 3 exits. 
I0313 11:24:02.707988 1406679 AriaExecutor.h:106] AriaExecutor 42 exits. 
I0313 11:24:02.707962 1406647 AriaExecutor.h:106] AriaExecutor 10 exits. 
I0313 11:24:02.707978 1406645 AriaExecutor.h:106] AriaExecutor 8 exits. 
I0313 11:24:02.705225 1406585 AriaExecutor.h:625] Worker 0 latency: 2863 us (50%) 3307 us (75%) 3603 us (95%) 3691 us (99%).
I0313 11:24:02.719621 1406585 AriaExecutor.h:625] Worker 1 latency: 2862 us (50%) 3307 us (75%) 3603 us (95%) 3691 us (99%).
I0313 11:24:02.733542 1406585 AriaExecutor.h:625] Worker 2 latency: 2862 us (50%) 3306 us (75%) 3603 us (95%) 3690 us (99%).
I0313 11:24:02.747339 1406585 AriaExecutor.h:625] Worker 3 latency: 2863 us (50%) 3305 us (75%) 3602 us (95%) 3690 us (99%).
I0313 11:24:02.763373 1406585 AriaExecutor.h:625] Worker 4 latency: 2861 us (50%) 3305 us (75%) 3602 us (95%) 3691 us (99%).
I0313 11:24:02.777004 1406585 AriaExecutor.h:625] Worker 5 latency: 2857 us (50%) 3302 us (75%) 3602 us (95%) 3690 us (99%).
I0313 11:24:02.790753 1406585 AriaExecutor.h:625] Worker 6 latency: 2860 us (50%) 3304 us (75%) 3601 us (95%) 3689 us (99%).
I0313 11:24:02.804348 1406585 AriaExecutor.h:625] Worker 7 latency: 2860 us (50%) 3304 us (75%) 3601 us (95%) 3690 us (99%).
I0313 11:24:02.818349 1406585 AriaExecutor.h:625] Worker 8 latency: 2856 us (50%) 3302 us (75%) 3601 us (95%) 3689 us (99%).
I0313 11:24:02.831923 1406585 AriaExecutor.h:625] Worker 9 latency: 2858 us (50%) 3302 us (75%) 3601 us (95%) 3690 us (99%).
I0313 11:24:02.845798 1406585 AriaExecutor.h:625] Worker 10 latency: 2856 us (50%) 3302 us (75%) 3600 us (95%) 3689 us (99%).
I0313 11:24:02.859697 1406585 AriaExecutor.h:625] Worker 11 latency: 2855 us (50%) 3300 us (75%) 3600 us (95%) 3688 us (99%).
I0313 11:24:02.873342 1406585 AriaExecutor.h:625] Worker 12 latency: 2854 us (50%) 3300 us (75%) 3600 us (95%) 3688 us (99%).
I0313 11:24:02.886976 1406585 AriaExecutor.h:625] Worker 13 latency: 2853 us (50%) 3299 us (75%) 3600 us (95%) 3688 us (99%).
I0313 11:24:02.900751 1406585 AriaExecutor.h:625] Worker 14 latency: 2868 us (50%) 3306 us (75%) 3601 us (95%) 3688 us (99%).
I0313 11:24:02.913141 1406585 AriaExecutor.h:625] Worker 15 latency: 2868 us (50%) 3305 us (75%) 3601 us (95%) 3688 us (99%).
I0313 11:24:02.925706 1406585 AriaExecutor.h:625] Worker 16 latency: 2400 us (50%) 3112 us (75%) 3582 us (95%) 3685 us (99%).
I0313 11:24:02.938510 1406585 AriaExecutor.h:625] Worker 17 latency: 2953 us (50%) 3344 us (75%) 3608 us (95%) 3691 us (99%).
I0313 11:24:02.950570 1406585 AriaExecutor.h:625] Worker 18 latency: 2959 us (50%) 3347 us (75%) 3608 us (95%) 3692 us (99%).
I0313 11:24:02.962627 1406585 AriaExecutor.h:625] Worker 19 latency: 2953 us (50%) 3344 us (75%) 3608 us (95%) 3693 us (99%).
I0313 11:24:02.974766 1406585 AriaExecutor.h:625] Worker 20 latency: 2954 us (50%) 3345 us (75%) 3608 us (95%) 3691 us (99%).
I0313 11:24:02.986936 1406585 AriaExecutor.h:625] Worker 21 latency: 2956 us (50%) 3345 us (75%) 3608 us (95%) 3694 us (99%).
I0313 11:24:02.998966 1406585 AriaExecutor.h:625] Worker 22 latency: 2956 us (50%) 3344 us (75%) 3608 us (95%) 3692 us (99%).
I0313 11:24:03.011029 1406585 AriaExecutor.h:625] Worker 23 latency: 2954 us (50%) 3343 us (75%) 3607 us (95%) 3691 us (99%).
I0313 11:24:03.023388 1406585 AriaExecutor.h:625] Worker 24 latency: 2954 us (50%) 3344 us (75%) 3607 us (95%) 3691 us (99%).
I0313 11:24:03.035437 1406585 AriaExecutor.h:625] Worker 25 latency: 2953 us (50%) 3344 us (75%) 3607 us (95%) 3691 us (99%).
I0313 11:24:03.047446 1406585 AriaExecutor.h:625] Worker 26 latency: 2955 us (50%) 3344 us (75%) 3607 us (95%) 3692 us (99%).
I0313 11:24:03.059603 1406585 AriaExecutor.h:625] Worker 27 latency: 2955 us (50%) 3344 us (75%) 3607 us (95%) 3692 us (99%).
I0313 11:24:03.071745 1406585 AriaExecutor.h:625] Worker 28 latency: 2953 us (50%) 3342 us (75%) 3606 us (95%) 3690 us (99%).
I0313 11:24:03.083824 1406585 AriaExecutor.h:625] Worker 29 latency: 2948 us (50%) 3340 us (75%) 3606 us (95%) 3692 us (99%).
I0313 11:24:03.095930 1406585 AriaExecutor.h:625] Worker 30 latency: 2936 us (50%) 3336 us (75%) 3605 us (95%) 3691 us (99%).
I0313 11:24:03.109333 1406585 AriaExecutor.h:625] Worker 31 latency: 2937 us (50%) 3335 us (75%) 3605 us (95%) 3691 us (99%).
I0313 11:24:03.122608 1406585 AriaExecutor.h:625] Worker 32 latency: 2860 us (50%) 3297 us (75%) 3596 us (95%) 3685 us (99%).
I0313 11:24:03.136118 1406585 AriaExecutor.h:625] Worker 33 latency: 2862 us (50%) 3298 us (75%) 3596 us (95%) 3685 us (99%).
I0313 11:24:03.149602 1406585 AriaExecutor.h:625] Worker 34 latency: 2862 us (50%) 3298 us (75%) 3597 us (95%) 3686 us (99%).
I0313 11:24:03.162883 1406585 AriaExecutor.h:625] Worker 35 latency: 2860 us (50%) 3297 us (75%) 3595 us (95%) 3685 us (99%).
I0313 11:24:03.176313 1406585 AriaExecutor.h:625] Worker 36 latency: 2860 us (50%) 3297 us (75%) 3596 us (95%) 3685 us (99%).
I0313 11:24:03.189711 1406585 AriaExecutor.h:625] Worker 37 latency: 2856 us (50%) 3295 us (75%) 3596 us (95%) 3685 us (99%).
I0313 11:24:03.203028 1406585 AriaExecutor.h:625] Worker 38 latency: 2858 us (50%) 3296 us (75%) 3595 us (95%) 3685 us (99%).
I0313 11:24:03.218631 1406585 AriaExecutor.h:625] Worker 39 latency: 2861 us (50%) 3298 us (75%) 3596 us (95%) 3685 us (99%).
I0313 11:24:03.231984 1406585 AriaExecutor.h:625] Worker 40 latency: 2856 us (50%) 3296 us (75%) 3595 us (95%) 3686 us (99%).
I0313 11:24:03.245476 1406585 AriaExecutor.h:625] Worker 41 latency: 2862 us (50%) 3296 us (75%) 3595 us (95%) 3686 us (99%).
I0313 11:24:03.258882 1406585 AriaExecutor.h:625] Worker 42 latency: 2857 us (50%) 3295 us (75%) 3595 us (95%) 3685 us (99%).
I0313 11:24:03.272192 1406585 AriaExecutor.h:625] Worker 43 latency: 2857 us (50%) 3294 us (75%) 3595 us (95%) 3685 us (99%).
I0313 11:24:03.285571 1406585 AriaExecutor.h:625] Worker 44 latency: 2859 us (50%) 3295 us (75%) 3595 us (95%) 3685 us (99%).
I0313 11:24:03.298864 1406585 AriaExecutor.h:625] Worker 45 latency: 2857 us (50%) 3294 us (75%) 3595 us (95%) 3686 us (99%).
I0313 11:24:03.312463 1406585 AriaExecutor.h:625] Worker 46 latency: 2867 us (50%) 3299 us (75%) 3596 us (95%) 3686 us (99%).
I0313 11:24:03.324674 1406585 AriaExecutor.h:625] Worker 47 latency: 2870 us (50%) 3302 us (75%) 3597 us (95%) 3685 us (99%).
I0313 11:24:03.336921 1406585 Coordinator.h:177] total commit: 474896
I0313 11:24:04.337178 1406585 Coordinator.h:192] Coordinator exits.
