I0313 11:02:05.011289 1393846 Database.h:65] ycsb initialization finished in 103 milliseconds.
I0313 11:02:05.011536 1393846 Coordinator.h:30] Coordinator initializes 48 workers.
I0313 11:02:05.119477 1393846 Coordinator.h:77] Coordinator starts to run 49 workers.
I0313 11:02:05.119562 1393898 AriaExecutor.h:82] AriaExecutor 0 started. 
I0313 11:02:05.119608 1393899 AriaExecutor.h:82] AriaExecutor 1 started. 
I0313 11:02:05.119691 1393900 AriaExecutor.h:82] AriaExecutor 2 started. 
I0313 11:02:05.119756 1393901 AriaExecutor.h:82] AriaExecutor 3 started. 
I0313 11:02:05.119848 1393902 AriaExecutor.h:82] AriaExecutor 4 started. 
I0313 11:02:05.120111 1393903 AriaExecutor.h:82] AriaExecutor 5 started. 
I0313 11:02:05.120276 1393905 AriaExecutor.h:82] AriaExecutor 7 started. 
I0313 11:02:05.120342 1393906 AriaExecutor.h:82] AriaExecutor 8 started. 
I0313 11:02:05.120349 1393904 AriaExecutor.h:82] AriaExecutor 6 started. 
I0313 11:02:05.120453 1393908 AriaExecutor.h:82] AriaExecutor 10 started. 
I0313 11:02:05.120502 1393907 AriaExecutor.h:82] AriaExecutor 9 started. 
I0313 11:02:05.120563 1393909 AriaExecutor.h:82] AriaExecutor 11 started. 
I0313 11:02:05.120695 1393910 AriaExecutor.h:82] AriaExecutor 12 started. 
I0313 11:02:05.120886 1393911 AriaExecutor.h:82] AriaExecutor 13 started. 
I0313 11:02:05.120994 1393912 AriaExecutor.h:82] AriaExecutor 14 started. 
I0313 11:02:05.121129 1393913 AriaExecutor.h:82] AriaExecutor 15 started. 
I0313 11:02:05.121255 1393914 AriaExecutor.h:82] AriaExecutor 16 started. 
I0313 11:02:05.121378 1393915 AriaExecutor.h:82] AriaExecutor 17 started. 
I0313 11:02:05.121500 1393916 AriaExecutor.h:82] AriaExecutor 18 started. 
I0313 11:02:05.121623 1393917 AriaExecutor.h:82] AriaExecutor 19 started. 
I0313 11:02:05.121749 1393918 AriaExecutor.h:82] AriaExecutor 20 started. 
I0313 11:02:05.121884 1393919 AriaExecutor.h:82] AriaExecutor 21 started. 
I0313 11:02:05.122011 1393920 AriaExecutor.h:82] AriaExecutor 22 started. 
I0313 11:02:05.122078 1393921 AriaExecutor.h:82] AriaExecutor 23 started. 
I0313 11:02:05.122171 1393922 AriaExecutor.h:82] AriaExecutor 24 started. 
I0313 11:02:05.122233 1393923 AriaExecutor.h:82] AriaExecutor 25 started. 
I0313 11:02:05.122329 1393924 AriaExecutor.h:82] AriaExecutor 26 started. 
I0313 11:02:05.122454 1393925 AriaExecutor.h:82] AriaExecutor 27 started. 
I0313 11:02:05.122574 1393926 AriaExecutor.h:82] AriaExecutor 28 started. 
I0313 11:02:05.122726 1393927 AriaExecutor.h:82] AriaExecutor 29 started. 
I0313 11:02:05.122825 1393928 AriaExecutor.h:82] AriaExecutor 30 started. 
I0313 11:02:05.122920 1393929 AriaExecutor.h:82] AriaExecutor 31 started. 
I0313 11:02:05.123073 1393930 AriaExecutor.h:82] AriaExecutor 32 started. 
I0313 11:02:05.123205 1393931 AriaExecutor.h:82] AriaExecutor 33 started. 
I0313 11:02:05.123342 1393932 AriaExecutor.h:82] AriaExecutor 34 started. 
I0313 11:02:05.123435 1393933 AriaExecutor.h:82] AriaExecutor 35 started. 
I0313 11:02:05.123520 1393934 AriaExecutor.h:82] AriaExecutor 36 started. 
I0313 11:02:05.123589 1393935 AriaExecutor.h:82] AriaExecutor 37 started. 
I0313 11:02:05.123684 1393936 AriaExecutor.h:82] AriaExecutor 38 started. 
I0313 11:02:05.123833 1393937 AriaExecutor.h:82] AriaExecutor 39 started. 
I0313 11:02:05.123950 1393938 AriaExecutor.h:82] AriaExecutor 40 started. 
I0313 11:02:05.124089 1393939 AriaExecutor.h:82] AriaExecutor 41 started. 
I0313 11:02:05.124174 1393940 AriaExecutor.h:82] AriaExecutor 42 started. 
I0313 11:02:05.124512 1393941 AriaExecutor.h:82] AriaExecutor 43 started. 
I0313 11:02:05.124722 1393942 AriaExecutor.h:82] AriaExecutor 44 started. 
I0313 11:02:05.124922 1393943 AriaExecutor.h:82] AriaExecutor 45 started. 
I0313 11:02:05.125113 1393944 AriaExecutor.h:82] AriaExecutor 46 started. 
I0313 11:02:05.125295 1393945 AriaExecutor.h:82] AriaExecutor 47 started. 
I0313 11:02:05.125478 1393946 Manager.h:224] Manager(worker id = 48) on the coordinator node started.
I0313 11:02:06.125553 1393846 Coordinator.h:126] commit: 476963 abort: 675037 (0/675037/0), network size: 0, avg network size: 0, si_in_serializable: 0 0 %, local: 0 %
I0313 11:02:07.125717 1393846 Coordinator.h:126] commit: 478598 abort: 677402 (0/677402/0), network size: 0, avg network size: 0, si_in_serializable: 0 0 %, local: 0 %
I0313 11:02:08.125847 1393846 Coordinator.h:126] commit: 475428 abort: 672572 (0/672572/0), network size: 0, avg network size: 0, si_in_serializable: 0 0 %, local: 0 %
I0313 11:02:09.125984 1393846 Coordinator.h:126] commit: 473874 abort: 670126 (0/670126/0), network size: 0, avg network size: 0, si_in_serializable: 0 0 %, local: 0 %
I0313 11:02:10.126233 1393846 Coordinator.h:126] commit: 475258 abort: 672742 (0/672742/0), network size: 0, avg network size: 0, si_in_serializable: 0 0 %, local: 0 %
I0313 11:02:11.126400 1393846 Coordinator.h:126] commit: 480999 abort: 679001 (0/679001/0), network size: 0, avg network size: 0, si_in_serializable: 0 0 %, local: 0 %
I0313 11:02:12.126536 1393846 Coordinator.h:126] commit: 472495 abort: 667505 (0/667505/0), network size: 0, avg network size: 0, si_in_serializable: 0 0 %, local: 0 %
I0313 11:02:13.126668 1393846 Coordinator.h:126] commit: 480548 abort: 679452 (0/679452/0), network size: 0, avg network size: 0, si_in_serializable: 0 0 %, local: 0 %
I0313 11:02:14.126801 1393846 Coordinator.h:126] commit: 480587 abort: 679413 (0/679413/0), network size: 0, avg network size: 0, si_in_serializable: 0 0 %, local: 0 %
I0313 11:02:15.126932 1393846 Coordinator.h:126] commit: 476652 abort: 675348 (0/675348/0), network size: 0, avg network size: 0, si_in_serializable: 0 0 %, local: 0 %
I0313 11:02:16.127066 1393846 Coordinator.h:126] commit: 481576 abort: 678424 (0/678424/0), network size: 0, avg network size: 0, si_in_serializable: 0 0 %, local: 0 %
I0313 11:02:17.127247 1393846 Coordinator.h:126] commit: 478711 abort: 677289 (0/677289/0), network size: 0, avg network size: 0, si_in_serializable: 0 0 %, local: 0 %
I0313 11:02:18.127405 1393846 Coordinator.h:126] commit: 477875 abort: 674045 (0/674045/0), network size: 0, avg network size: 0, si_in_serializable: 0 0 %, local: 0 %
I0313 11:02:19.127538 1393846 Coordinator.h:126] commit: 459561 abort: 648519 (0/648519/0), network size: 0, avg network size: 0, si_in_serializable: 0 0 %, local: 0 %
I0313 11:02:20.127671 1393846 Coordinator.h:126] commit: 477486 abort: 674514 (0/674514/0), network size: 0, avg network size: 0, si_in_serializable: 0 0 %, local: 0 %
I0313 11:02:21.127803 1393846 Coordinator.h:126] commit: 480401 abort: 679599 (0/679599/0), network size: 0, avg network size: 0, si_in_serializable: 0 0 %, local: 0 %
I0313 11:02:22.127934 1393846 Coordinator.h:126] commit: 480770 abort: 679230 (0/679230/0), network size: 0, avg network size: 0, si_in_serializable: 0 0 %, local: 0 %
I0313 11:02:23.128059 1393846 Coordinator.h:126] commit: 478843 abort: 677157 (0/677157/0), network size: 0, avg network size: 0, si_in_serializable: 0 0 %, local: 0 %
I0313 11:02:24.128192 1393846 Coordinator.h:126] commit: 481693 abort: 682307 (0/682307/0), network size: 0, avg network size: 0, si_in_serializable: 0 0 %, local: 0 %
I0313 11:02:25.128335 1393846 Coordinator.h:126] commit: 481943 abort: 678057 (0/678057/0), network size: 0, avg network size: 0, si_in_serializable: 0 0 %, local: 0 %
I0313 11:02:26.128470 1393846 Coordinator.h:126] commit: 477223 abort: 674777 (0/674777/0), network size: 0, avg network size: 0, si_in_serializable: 0 0 %, local: 0 %
I0313 11:02:27.128641 1393846 Coordinator.h:126] commit: 479225 abort: 676775 (0/676775/0), network size: 0, avg network size: 0, si_in_serializable: 0 0 %, local: 0 %
I0313 11:02:28.128782 1393846 Coordinator.h:126] commit: 481797 abort: 678203 (0/678203/0), network size: 0, avg network size: 0, si_in_serializable: 0 0 %, local: 0 %
I0313 11:02:29.128921 1393846 Coordinator.h:126] commit: 484329 abort: 683671 (0/683671/0), network size: 0, avg network size: 0, si_in_serializable: 0 0 %, local: 0 %
I0313 11:02:30.129051 1393846 Coordinator.h:126] commit: 480480 abort: 679520 (0/679520/0), network size: 0, avg network size: 0, si_in_serializable: 0 0 %, local: 0 %
I0313 11:02:30.129096 1393846 Coordinator.h:152] average commit: 477886 abort: 674914 (0/674914/0), network size: 0, avg network size: 0, si_in_serializable: 0 0 %, local: 0 %
I0313 11:02:30.130127 1393944 AriaExecutor.h:94] AriaExecutor 46 exits. 
I0313 11:02:30.130132 1393930 AriaExecutor.h:94] AriaExecutor 32 exits. 
I0313 11:02:30.130151 1393917 AriaExecutor.h:94] AriaExecutor 19 exits. 
I0313 11:02:30.130152 1393898 AriaExecutor.h:94] AriaExecutor 0 exits. 
I0313 11:02:30.130148 1393915 AriaExecutor.h:94] AriaExecutor 17 exits. 
I0313 11:02:30.130152 1393926 AriaExecutor.h:94] AriaExecutor 28 exits. 
I0313 11:02:30.130155 1393928 AriaExecutor.h:94] AriaExecutor 30 exits. 
I0313 11:02:30.130169 1393918 AriaExecutor.h:94] AriaExecutor 20 exits. 
I0313 11:02:30.130170 1393936 AriaExecutor.h:94] AriaExecutor 38 exits. 
I0313 11:02:30.130133 1393940 AriaExecutor.h:94] AriaExecutor 42 exits. 
I0313 11:02:30.130172 1393919 AriaExecutor.h:94] AriaExecutor 21 exits. 
I0313 11:02:30.130129 1393903 AriaExecutor.h:94] AriaExecutor 5 exits. 
I0313 11:02:30.130169 1393938 AriaExecutor.h:94] AriaExecutor 40 exits. 
I0313 11:02:30.130172 1393929 AriaExecutor.h:94] AriaExecutor 31 exits. 
I0313 11:02:30.130172 1393934 AriaExecutor.h:94] AriaExecutor 36 exits. 
I0313 11:02:30.130142 1393932 AriaExecutor.h:94] AriaExecutor 34 exits. 
I0313 11:02:30.130138 1393911 AriaExecutor.h:94] AriaExecutor 13 exits. 
I0313 11:02:30.130142 1393924 AriaExecutor.h:94] AriaExecutor 26 exits. 
I0313 11:02:30.130146 1393920 AriaExecutor.h:94] AriaExecutor 22 exits. 
I0313 11:02:30.130200 1393913 AriaExecutor.h:94] AriaExecutor 15 exits. 
I0313 11:02:30.130144 1393906 AriaExecutor.h:94] AriaExecutor 8 exits. 
I0313 11:02:30.130149 1393910 AriaExecutor.h:94] AriaExecutor 12 exits. 
I0313 11:02:30.130201 1393916 AriaExecutor.h:94] AriaExecutor 18 exits. 
I0313 11:02:30.130206 1393922 AriaExecutor.h:94] AriaExecutor 24 exits. 
I0313 11:02:30.130144 1393902 AriaExecutor.h:94] AriaExecutor 4 exits. 
I0313 11:02:30.130151 1393899 AriaExecutor.h:94] AriaExecutor 1 exits. 
I0313 11:02:30.130142 1393905 AriaExecutor.h:94] AriaExecutor 7 exits. 
I0313 11:02:30.130131 1393909 AriaExecutor.h:94] AriaExecutor 11 exits. 
I0313 11:02:30.130152 1393901 AriaExecutor.h:94] AriaExecutor 3 exits. 
I0313 11:02:30.130168 1393912 AriaExecutor.h:94] AriaExecutor 14 exits. 
I0313 11:02:30.130169 1393925 AriaExecutor.h:94] AriaExecutor 27 exits. 
I0313 11:02:30.130158 1393945 AriaExecutor.h:94] AriaExecutor 47 exits. 
I0313 11:02:30.130162 1393942 AriaExecutor.h:94] AriaExecutor 44 exits. 
I0313 11:02:30.130167 1393939 AriaExecutor.h:94] AriaExecutor 41 exits. 
I0313 11:02:30.130172 1393931 AriaExecutor.h:94] AriaExecutor 33 exits. 
I0313 11:02:30.130177 1393927 AriaExecutor.h:94] AriaExecutor 29 exits. 
I0313 11:02:30.130177 1393921 AriaExecutor.h:94] AriaExecutor 23 exits. 
I0313 11:02:30.130169 1393937 AriaExecutor.h:94] AriaExecutor 39 exits. 
I0313 11:02:30.130134 1393946 Manager.h:227] Manager(worker id = 48) on the coordinator node exits.
I0313 11:02:30.130192 1393933 AriaExecutor.h:94] AriaExecutor 35 exits. 
I0313 11:02:30.130146 1393904 AriaExecutor.h:94] AriaExecutor 6 exits. 
I0313 11:02:30.130144 1393943 AriaExecutor.h:94] AriaExecutor 45 exits. 
I0313 11:02:30.130208 1393923 AriaExecutor.h:94] AriaExecutor 25 exits. 
I0313 11:02:30.130218 1393914 AriaExecutor.h:94] AriaExecutor 16 exits. 
I0313 11:02:30.130129 1393907 AriaExecutor.h:94] AriaExecutor 9 exits. 
I0313 11:02:30.130157 1393941 AriaExecutor.h:94] AriaExecutor 43 exits. 
I0313 11:02:30.130129 1393908 AriaExecutor.h:94] AriaExecutor 10 exits. 
I0313 11:02:30.130142 1393900 AriaExecutor.h:94] AriaExecutor 2 exits. 
I0313 11:02:30.130129 1393935 AriaExecutor.h:94] AriaExecutor 37 exits. 
I0313 11:02:30.129110 1393846 AriaExecutor.h:535] Worker 0 latency: 2650 us (50%) 3050 us (75%) 3309 us (95%) 3386 us (99%).
I0313 11:02:30.143555 1393846 AriaExecutor.h:535] Worker 1 latency: 2651 us (50%) 3048 us (75%) 3309 us (95%) 3385 us (99%).
I0313 11:02:30.157511 1393846 AriaExecutor.h:535] Worker 2 latency: 2653 us (50%) 3048 us (75%) 3308 us (95%) 3385 us (99%).
I0313 11:02:30.171444 1393846 AriaExecutor.h:535] Worker 3 latency: 2653 us (50%) 3049 us (75%) 3308 us (95%) 3384 us (99%).
I0313 11:02:30.185230 1393846 AriaExecutor.h:535] Worker 4 latency: 2649 us (50%) 3047 us (75%) 3307 us (95%) 3384 us (99%).
I0313 11:02:30.198926 1393846 AriaExecutor.h:535] Worker 5 latency: 2647 us (50%) 3046 us (75%) 3307 us (95%) 3385 us (99%).
I0313 11:02:30.215096 1393846 AriaExecutor.h:535] Worker 6 latency: 2647 us (50%) 3045 us (75%) 3307 us (95%) 3383 us (99%).
I0313 11:02:30.228945 1393846 AriaExecutor.h:535] Worker 7 latency: 2649 us (50%) 3046 us (75%) 3306 us (95%) 3385 us (99%).
I0313 11:02:30.242877 1393846 AriaExecutor.h:535] Worker 8 latency: 2646 us (50%) 3045 us (75%) 3306 us (95%) 3383 us (99%).
I0313 11:02:30.256628 1393846 AriaExecutor.h:535] Worker 9 latency: 2643 us (50%) 3043 us (75%) 3305 us (95%) 3383 us (99%).
I0313 11:02:30.270478 1393846 AriaExecutor.h:535] Worker 10 latency: 2644 us (50%) 3043 us (75%) 3305 us (95%) 3384 us (99%).
I0313 11:02:30.284332 1393846 AriaExecutor.h:535] Worker 11 latency: 2646 us (50%) 3043 us (75%) 3305 us (95%) 3382 us (99%).
I0313 11:02:30.298127 1393846 AriaExecutor.h:535] Worker 12 latency: 2646 us (50%) 3043 us (75%) 3305 us (95%) 3382 us (99%).
I0313 11:02:30.311898 1393846 AriaExecutor.h:535] Worker 13 latency: 2645 us (50%) 3043 us (75%) 3304 us (95%) 3382 us (99%).
I0313 11:02:30.325505 1393846 AriaExecutor.h:535] Worker 14 latency: 2652 us (50%) 3047 us (75%) 3306 us (95%) 3384 us (99%).
I0313 11:02:30.338116 1393846 AriaExecutor.h:535] Worker 15 latency: 2644 us (50%) 3043 us (75%) 3306 us (95%) 3384 us (99%).
I0313 11:02:30.350584 1393846 AriaExecutor.h:535] Worker 16 latency: 2257 us (50%) 2889 us (75%) 3295 us (95%) 3386 us (99%).
I0313 11:02:30.363634 1393846 AriaExecutor.h:535] Worker 17 latency: 2695 us (50%) 3066 us (75%) 3310 us (95%) 3385 us (99%).
I0313 11:02:30.375980 1393846 AriaExecutor.h:535] Worker 18 latency: 2695 us (50%) 3068 us (75%) 3311 us (95%) 3385 us (99%).
I0313 11:02:30.388450 1393846 AriaExecutor.h:535] Worker 19 latency: 2694 us (50%) 3066 us (75%) 3309 us (95%) 3384 us (99%).
I0313 11:02:30.400847 1393846 AriaExecutor.h:535] Worker 20 latency: 2692 us (50%) 3065 us (75%) 3310 us (95%) 3384 us (99%).
I0313 11:02:30.413101 1393846 AriaExecutor.h:535] Worker 21 latency: 2690 us (50%) 3064 us (75%) 3309 us (95%) 3384 us (99%).
I0313 11:02:30.425285 1393846 AriaExecutor.h:535] Worker 22 latency: 2693 us (50%) 3065 us (75%) 3309 us (95%) 3384 us (99%).
I0313 11:02:30.437584 1393846 AriaExecutor.h:535] Worker 23 latency: 2693 us (50%) 3065 us (75%) 3309 us (95%) 3385 us (99%).
I0313 11:02:30.449784 1393846 AriaExecutor.h:535] Worker 24 latency: 2691 us (50%) 3061 us (75%) 3308 us (95%) 3383 us (99%).
I0313 11:02:30.461843 1393846 AriaExecutor.h:535] Worker 25 latency: 2689 us (50%) 3063 us (75%) 3309 us (95%) 3384 us (99%).
I0313 11:02:30.474267 1393846 AriaExecutor.h:535] Worker 26 latency: 2691 us (50%) 3064 us (75%) 3308 us (95%) 3384 us (99%).
I0313 11:02:30.486498 1393846 AriaExecutor.h:535] Worker 27 latency: 2690 us (50%) 3063 us (75%) 3308 us (95%) 3382 us (99%).
I0313 11:02:30.498688 1393846 AriaExecutor.h:535] Worker 28 latency: 2686 us (50%) 3062 us (75%) 3308 us (95%) 3383 us (99%).
I0313 11:02:30.510875 1393846 AriaExecutor.h:535] Worker 29 latency: 2685 us (50%) 3060 us (75%) 3307 us (95%) 3383 us (99%).
I0313 11:02:30.523309 1393846 AriaExecutor.h:535] Worker 30 latency: 2670 us (50%) 3053 us (75%) 3305 us (95%) 3381 us (99%).
I0313 11:02:30.537225 1393846 AriaExecutor.h:535] Worker 31 latency: 2671 us (50%) 3054 us (75%) 3304 us (95%) 3380 us (99%).
I0313 11:02:30.550714 1393846 AriaExecutor.h:535] Worker 32 latency: 2645 us (50%) 3039 us (75%) 3300 us (95%) 3379 us (99%).
I0313 11:02:30.564404 1393846 AriaExecutor.h:535] Worker 33 latency: 2652 us (50%) 3041 us (75%) 3302 us (95%) 3381 us (99%).
I0313 11:02:30.577807 1393846 AriaExecutor.h:535] Worker 34 latency: 2649 us (50%) 3041 us (75%) 3301 us (95%) 3380 us (99%).
I0313 11:02:30.591506 1393846 AriaExecutor.h:535] Worker 35 latency: 2650 us (50%) 3040 us (75%) 3301 us (95%) 3380 us (99%).
I0313 11:02:30.605194 1393846 AriaExecutor.h:535] Worker 36 latency: 2648 us (50%) 3040 us (75%) 3301 us (95%) 3380 us (99%).
I0313 11:02:30.618602 1393846 AriaExecutor.h:535] Worker 37 latency: 2647 us (50%) 3038 us (75%) 3301 us (95%) 3379 us (99%).
I0313 11:02:30.632429 1393846 AriaExecutor.h:535] Worker 38 latency: 2646 us (50%) 3039 us (75%) 3300 us (95%) 3379 us (99%).
I0313 11:02:30.645924 1393846 AriaExecutor.h:535] Worker 39 latency: 2650 us (50%) 3039 us (75%) 3300 us (95%) 3380 us (99%).
I0313 11:02:30.659389 1393846 AriaExecutor.h:535] Worker 40 latency: 2646 us (50%) 3038 us (75%) 3300 us (95%) 3379 us (99%).
I0313 11:02:30.674965 1393846 AriaExecutor.h:535] Worker 41 latency: 2646 us (50%) 3038 us (75%) 3300 us (95%) 3379 us (99%).
I0313 11:02:30.688483 1393846 AriaExecutor.h:535] Worker 42 latency: 2645 us (50%) 3037 us (75%) 3300 us (95%) 3378 us (99%).
I0313 11:02:30.701933 1393846 AriaExecutor.h:535] Worker 43 latency: 2641 us (50%) 3037 us (75%) 3300 us (95%) 3380 us (99%).
I0313 11:02:30.715312 1393846 AriaExecutor.h:535] Worker 44 latency: 2646 us (50%) 3038 us (75%) 3300 us (95%) 3379 us (99%).
I0313 11:02:30.728703 1393846 AriaExecutor.h:535] Worker 45 latency: 2645 us (50%) 3036 us (75%) 3299 us (95%) 3378 us (99%).
I0313 11:02:30.742233 1393846 AriaExecutor.h:535] Worker 46 latency: 2658 us (50%) 3044 us (75%) 3303 us (95%) 3381 us (99%).
I0313 11:02:30.754546 1393846 AriaExecutor.h:535] Worker 47 latency: 2644 us (50%) 3038 us (75%) 3301 us (95%) 3379 us (99%).
I0313 11:02:30.766839 1393846 Coordinator.h:177] total commit: 477886
I0313 11:02:31.767107 1393846 Coordinator.h:192] Coordinator exits.
