I0313 11:11:05.090255 1399297 Database.h:65] ycsb initialization finished in 102 milliseconds.
I0313 11:11:05.090476 1399297 Coordinator.h:30] Coordinator initializes 48 workers.
I0313 11:11:05.197858 1399297 Coordinator.h:77] Coordinator starts to run 49 workers.
I0313 11:11:05.197953 1399349 AriaExecutor.h:91] AriaExecutor 0 started. 
I0313 11:11:05.197990 1399350 AriaExecutor.h:91] AriaExecutor 1 started. 
I0313 11:11:05.198072 1399351 AriaExecutor.h:91] AriaExecutor 2 started. 
I0313 11:11:05.198163 1399352 AriaExecutor.h:91] AriaExecutor 3 started. 
I0313 11:11:05.198253 1399353 AriaExecutor.h:91] AriaExecutor 4 started. 
I0313 11:11:05.198354 1399354 AriaExecutor.h:91] AriaExecutor 5 started. 
I0313 11:11:05.198446 1399355 AriaExecutor.h:91] AriaExecutor 6 started. 
I0313 11:11:05.198546 1399356 AriaExecutor.h:91] AriaExecutor 7 started. 
I0313 11:11:05.198638 1399357 AriaExecutor.h:91] AriaExecutor 8 started. 
I0313 11:11:05.198773 1399358 AriaExecutor.h:91] AriaExecutor 9 started. 
I0313 11:11:05.198844 1399359 AriaExecutor.h:91] AriaExecutor 10 started. 
I0313 11:11:05.198937 1399360 AriaExecutor.h:91] AriaExecutor 11 started. 
I0313 11:11:05.199069 1399361 AriaExecutor.h:91] AriaExecutor 12 started. 
I0313 11:11:05.199173 1399362 AriaExecutor.h:91] AriaExecutor 13 started. 
I0313 11:11:05.199278 1399363 AriaExecutor.h:91] AriaExecutor 14 started. 
I0313 11:11:05.199429 1399364 AriaExecutor.h:91] AriaExecutor 15 started. 
I0313 11:11:05.199482 1399365 AriaExecutor.h:91] AriaExecutor 16 started. 
I0313 11:11:05.199579 1399366 AriaExecutor.h:91] AriaExecutor 17 started. 
I0313 11:11:05.199702 1399367 AriaExecutor.h:91] AriaExecutor 18 started. 
I0313 11:11:05.199834 1399368 AriaExecutor.h:91] AriaExecutor 19 started. 
I0313 11:11:05.199959 1399369 AriaExecutor.h:91] AriaExecutor 20 started. 
I0313 11:11:05.200973 1399370 AriaExecutor.h:91] AriaExecutor 21 started. 
I0313 11:11:05.201082 1399371 AriaExecutor.h:91] AriaExecutor 22 started. 
I0313 11:11:05.201207 1399372 AriaExecutor.h:91] AriaExecutor 23 started. 
I0313 11:11:05.201320 1399373 AriaExecutor.h:91] AriaExecutor 24 started. 
I0313 11:11:05.201445 1399374 AriaExecutor.h:91] AriaExecutor 25 started. 
I0313 11:11:05.201565 1399375 AriaExecutor.h:91] AriaExecutor 26 started. 
I0313 11:11:05.201685 1399376 AriaExecutor.h:91] AriaExecutor 27 started. 
I0313 11:11:05.201817 1399377 AriaExecutor.h:91] AriaExecutor 28 started. 
I0313 11:11:05.201965 1399378 AriaExecutor.h:91] AriaExecutor 29 started. 
I0313 11:11:05.202061 1399379 AriaExecutor.h:91] AriaExecutor 30 started. 
I0313 11:11:05.202144 1399380 AriaExecutor.h:91] AriaExecutor 31 started. 
I0313 11:11:05.202287 1399381 AriaExecutor.h:91] AriaExecutor 32 started. 
I0313 11:11:05.202319 1399382 AriaExecutor.h:91] AriaExecutor 33 started. 
I0313 11:11:05.202431 1399383 AriaExecutor.h:91] AriaExecutor 34 started. 
I0313 11:11:05.202463 1399384 AriaExecutor.h:91] AriaExecutor 35 started. 
I0313 11:11:05.202570 1399385 AriaExecutor.h:91] AriaExecutor 36 started. 
I0313 11:11:05.202682 1399386 AriaExecutor.h:91] AriaExecutor 37 started. 
I0313 11:11:05.202700 1399387 AriaExecutor.h:91] AriaExecutor 38 started. 
I0313 11:11:05.202802 1399388 AriaExecutor.h:91] AriaExecutor 39 started. 
I0313 11:11:05.202922 1399389 AriaExecutor.h:91] AriaExecutor 40 started. 
I0313 11:11:05.203042 1399390 AriaExecutor.h:91] AriaExecutor 41 started. 
I0313 11:11:05.203135 1399391 AriaExecutor.h:91] AriaExecutor 42 started. 
I0313 11:11:05.203404 1399392 AriaExecutor.h:91] AriaExecutor 43 started. 
I0313 11:11:05.203601 1399393 AriaExecutor.h:91] AriaExecutor 44 started. 
I0313 11:11:05.203806 1399394 AriaExecutor.h:91] AriaExecutor 45 started. 
I0313 11:11:05.203986 1399395 AriaExecutor.h:91] AriaExecutor 46 started. 
I0313 11:11:05.204185 1399396 AriaExecutor.h:91] AriaExecutor 47 started. 
I0313 11:11:05.204468 1399397 Manager.h:224] Manager(worker id = 48) on the coordinator node started.
I0313 11:11:06.204541 1399297 Coordinator.h:126] commit: 681161 abort: 454839 (0/454839/0), network size: 0, avg network size: 0, si_in_serializable: 0 0 %, local: 0 %
I0313 11:11:07.204710 1399297 Coordinator.h:126] commit: 688942 abort: 459058 (0/459058/0), network size: 0, avg network size: 0, si_in_serializable: 0 0 %, local: 0 %
I0313 11:11:08.204874 1399297 Coordinator.h:126] commit: 671923 abort: 448077 (0/448077/0), network size: 0, avg network size: 0, si_in_serializable: 0 0 %, local: 0 %
I0313 11:11:09.205113 1399297 Coordinator.h:126] commit: 680974 abort: 455026 (0/455026/0), network size: 0, avg network size: 0, si_in_serializable: 0 0 %, local: 0 %
I0313 11:11:10.205312 1399297 Coordinator.h:126] commit: 679163 abort: 452837 (0/452837/0), network size: 0, avg network size: 0, si_in_serializable: 0 0 %, local: 0 %
I0313 11:11:11.205451 1399297 Coordinator.h:126] commit: 688945 abort: 459055 (0/459055/0), network size: 0, avg network size: 0, si_in_serializable: 0 0 %, local: 0 %
I0313 11:11:12.205582 1399297 Coordinator.h:126] commit: 688120 abort: 459880 (0/459880/0), network size: 0, avg network size: 0, si_in_serializable: 0 0 %, local: 0 %
I0313 11:11:13.205713 1399297 Coordinator.h:126] commit: 689138 abort: 458862 (0/458862/0), network size: 0, avg network size: 0, si_in_serializable: 0 0 %, local: 0 %
I0313 11:11:14.205848 1399297 Coordinator.h:126] commit: 678891 abort: 453109 (0/453109/0), network size: 0, avg network size: 0, si_in_serializable: 0 0 %, local: 0 %
I0313 11:11:15.205981 1399297 Coordinator.h:126] commit: 649953 abort: 434047 (0/434047/0), network size: 0, avg network size: 0, si_in_serializable: 0 0 %, local: 0 %
I0313 11:11:16.206118 1399297 Coordinator.h:126] commit: 688415 abort: 459585 (0/459585/0), network size: 0, avg network size: 0, si_in_serializable: 0 0 %, local: 0 %
I0313 11:11:17.206259 1399297 Coordinator.h:126] commit: 685488 abort: 458512 (0/458512/0), network size: 0, avg network size: 0, si_in_serializable: 0 0 %, local: 0 %
I0313 11:11:18.206390 1399297 Coordinator.h:126] commit: 690923 abort: 461077 (0/461077/0), network size: 0, avg network size: 0, si_in_serializable: 0 0 %, local: 0 %
I0313 11:11:19.206565 1399297 Coordinator.h:126] commit: 688919 abort: 459081 (0/459081/0), network size: 0, avg network size: 0, si_in_serializable: 0 0 %, local: 0 %
I0313 11:11:20.206713 1399297 Coordinator.h:126] commit: 691093 abort: 460907 (0/460907/0), network size: 0, avg network size: 0, si_in_serializable: 0 0 %, local: 0 %
I0313 11:11:21.206849 1399297 Coordinator.h:126] commit: 694459 abort: 461541 (0/461541/0), network size: 0, avg network size: 0, si_in_serializable: 0 0 %, local: 0 %
I0313 11:11:22.206991 1399297 Coordinator.h:126] commit: 689137 abort: 458863 (0/458863/0), network size: 0, avg network size: 0, si_in_serializable: 0 0 %, local: 0 %
I0313 11:11:23.207145 1399297 Coordinator.h:126] commit: 691038 abort: 460962 (0/460962/0), network size: 0, avg network size: 0, si_in_serializable: 0 0 %, local: 0 %
I0313 11:11:24.207279 1399297 Coordinator.h:126] commit: 639446 abort: 428554 (0/428554/0), network size: 0, avg network size: 0, si_in_serializable: 0 0 %, local: 0 %
I0313 11:11:25.207419 1399297 Coordinator.h:126] commit: 689882 abort: 462118 (0/462118/0), network size: 0, avg network size: 0, si_in_serializable: 0 0 %, local: 0 %
I0313 11:11:26.207557 1399297 Coordinator.h:126] commit: 687800 abort: 460200 (0/460200/0), network size: 0, avg network size: 0, si_in_serializable: 0 0 %, local: 0 %
I0313 11:11:27.207706 1399297 Coordinator.h:126] commit: 690244 abort: 461756 (0/461756/0), network size: 0, avg network size: 0, si_in_serializable: 0 0 %, local: 0 %
I0313 11:11:28.207844 1399297 Coordinator.h:126] commit: 690572 abort: 461428 (0/461428/0), network size: 0, avg network size: 0, si_in_serializable: 0 0 %, local: 0 %
I0313 11:11:29.207984 1399297 Coordinator.h:126] commit: 690759 abort: 461241 (0/461241/0), network size: 0, avg network size: 0, si_in_serializable: 0 0 %, local: 0 %
I0313 11:11:30.208127 1399297 Coordinator.h:126] commit: 691059 abort: 460941 (0/460941/0), network size: 0, avg network size: 0, si_in_serializable: 0 0 %, local: 0 %
I0313 11:11:30.208181 1399297 Coordinator.h:152] average commit: 684880 abort: 457120 (0/457120/0), network size: 0, avg network size: 0, si_in_serializable: 0 0 %, local: 0 %
I0313 11:11:30.210565 1399395 AriaExecutor.h:103] AriaExecutor 46 exits. 
I0313 11:11:30.210565 1399396 AriaExecutor.h:103] AriaExecutor 47 exits. 
I0313 11:11:30.210587 1399366 AriaExecutor.h:103] AriaExecutor 17 exits. 
I0313 11:11:30.210590 1399373 AriaExecutor.h:103] AriaExecutor 24 exits. 
I0313 11:11:30.210569 1399354 AriaExecutor.h:103] AriaExecutor 5 exits. 
I0313 11:11:30.210590 1399377 AriaExecutor.h:103] AriaExecutor 28 exits. 
I0313 11:11:30.210588 1399369 AriaExecutor.h:103] AriaExecutor 20 exits. 
I0313 11:11:30.210595 1399392 AriaExecutor.h:103] AriaExecutor 43 exits. 
I0313 11:11:30.210568 1399379 AriaExecutor.h:103] AriaExecutor 30 exits. 
I0313 11:11:30.210572 1399389 AriaExecutor.h:103] AriaExecutor 40 exits. 
I0313 11:11:30.210587 1399368 AriaExecutor.h:103] AriaExecutor 19 exits. 
I0313 11:11:30.210610 1399355 AriaExecutor.h:103] AriaExecutor 6 exits. 
I0313 11:11:30.210570 1399358 AriaExecutor.h:103] AriaExecutor 9 exits. 
I0313 11:11:30.210569 1399360 AriaExecutor.h:103] AriaExecutor 11 exits. 
I0313 11:11:30.210628 1399388 AriaExecutor.h:103] AriaExecutor 39 exits. 
I0313 11:11:30.210569 1399357 AriaExecutor.h:103] AriaExecutor 8 exits. 
I0313 11:11:30.210636 1399382 AriaExecutor.h:103] AriaExecutor 33 exits. 
I0313 11:11:30.210640 1399365 AriaExecutor.h:103] AriaExecutor 16 exits. 
I0313 11:11:30.210573 1399397 Manager.h:227] Manager(worker id = 48) on the coordinator node exits.
I0313 11:11:30.210569 1399352 AriaExecutor.h:103] AriaExecutor 3 exits. 
I0313 11:11:30.210587 1399367 AriaExecutor.h:103] AriaExecutor 18 exits. 
I0313 11:11:30.210572 1399362 AriaExecutor.h:103] AriaExecutor 13 exits. 
I0313 11:11:30.210632 1399380 AriaExecutor.h:103] AriaExecutor 31 exits. 
I0313 11:11:30.210572 1399350 AriaExecutor.h:103] AriaExecutor 1 exits. 
I0313 11:11:30.210577 1399390 AriaExecutor.h:103] AriaExecutor 41 exits. 
I0313 11:11:30.210632 1399383 AriaExecutor.h:103] AriaExecutor 34 exits. 
I0313 11:11:30.210588 1399370 AriaExecutor.h:103] AriaExecutor 21 exits. 
I0313 11:11:30.210569 1399349 AriaExecutor.h:103] AriaExecutor 0 exits. 
I0313 11:11:30.210575 1399374 AriaExecutor.h:103] AriaExecutor 25 exits. 
I0313 11:11:30.210608 1399361 AriaExecutor.h:103] AriaExecutor 12 exits. 
I0313 11:11:30.210585 1399364 AriaExecutor.h:103] AriaExecutor 15 exits. 
I0313 11:11:30.210610 1399356 AriaExecutor.h:103] AriaExecutor 7 exits. 
I0313 11:11:30.210570 1399359 AriaExecutor.h:103] AriaExecutor 10 exits. 
I0313 11:11:30.210631 1399384 AriaExecutor.h:103] AriaExecutor 35 exits. 
I0313 11:11:30.210618 1399363 AriaExecutor.h:103] AriaExecutor 14 exits. 
I0313 11:11:30.210625 1399385 AriaExecutor.h:103] AriaExecutor 36 exits. 
I0313 11:11:30.210577 1399381 AriaExecutor.h:103] AriaExecutor 32 exits. 
I0313 11:11:30.210628 1399387 AriaExecutor.h:103] AriaExecutor 38 exits. 
I0313 11:11:30.210590 1399376 AriaExecutor.h:103] AriaExecutor 27 exits. 
I0313 11:11:30.210577 1399391 AriaExecutor.h:103] AriaExecutor 42 exits. 
I0313 11:11:30.210578 1399375 AriaExecutor.h:103] AriaExecutor 26 exits. 
I0313 11:11:30.210573 1399351 AriaExecutor.h:103] AriaExecutor 2 exits. 
I0313 11:11:30.210595 1399394 AriaExecutor.h:103] AriaExecutor 45 exits. 
I0313 11:11:30.210638 1399372 AriaExecutor.h:103] AriaExecutor 23 exits. 
I0313 11:11:30.210573 1399386 AriaExecutor.h:103] AriaExecutor 37 exits. 
I0313 11:11:30.210588 1399371 AriaExecutor.h:103] AriaExecutor 22 exits. 
I0313 11:11:30.210645 1399378 AriaExecutor.h:103] AriaExecutor 29 exits. 
I0313 11:11:30.210597 1399393 AriaExecutor.h:103] AriaExecutor 44 exits. 
I0313 11:11:30.210610 1399353 AriaExecutor.h:103] AriaExecutor 4 exits. 
I0313 11:11:30.208197 1399297 AriaExecutor.h:649] Worker 0 latency: 2657 us (50%) 3047 us (75%) 3316 us (95%) 3397 us (99%).
I0313 11:11:30.229641 1399297 AriaExecutor.h:649] Worker 1 latency: 2658 us (50%) 3046 us (75%) 3316 us (95%) 3397 us (99%).
I0313 11:11:30.250309 1399297 AriaExecutor.h:649] Worker 2 latency: 2660 us (50%) 3048 us (75%) 3316 us (95%) 3396 us (99%).
I0313 11:11:30.270803 1399297 AriaExecutor.h:649] Worker 3 latency: 2660 us (50%) 3047 us (75%) 3316 us (95%) 3397 us (99%).
I0313 11:11:30.291481 1399297 AriaExecutor.h:649] Worker 4 latency: 2656 us (50%) 3045 us (75%) 3316 us (95%) 3396 us (99%).
I0313 11:11:30.314128 1399297 AriaExecutor.h:649] Worker 5 latency: 2659 us (50%) 3047 us (75%) 3315 us (95%) 3396 us (99%).
I0313 11:11:30.334872 1399297 AriaExecutor.h:649] Worker 6 latency: 2660 us (50%) 3047 us (75%) 3316 us (95%) 3397 us (99%).
I0313 11:11:30.355548 1399297 AriaExecutor.h:649] Worker 7 latency: 2659 us (50%) 3047 us (75%) 3316 us (95%) 3397 us (99%).
I0313 11:11:30.375938 1399297 AriaExecutor.h:649] Worker 8 latency: 2657 us (50%) 3045 us (75%) 3315 us (95%) 3397 us (99%).
I0313 11:11:30.396778 1399297 AriaExecutor.h:649] Worker 9 latency: 2655 us (50%) 3044 us (75%) 3315 us (95%) 3397 us (99%).
I0313 11:11:30.417308 1399297 AriaExecutor.h:649] Worker 10 latency: 2656 us (50%) 3045 us (75%) 3315 us (95%) 3396 us (99%).
I0313 11:11:30.437954 1399297 AriaExecutor.h:649] Worker 11 latency: 2656 us (50%) 3044 us (75%) 3315 us (95%) 3396 us (99%).
I0313 11:11:30.458564 1399297 AriaExecutor.h:649] Worker 12 latency: 2654 us (50%) 3043 us (75%) 3315 us (95%) 3395 us (99%).
I0313 11:11:30.479106 1399297 AriaExecutor.h:649] Worker 13 latency: 2654 us (50%) 3044 us (75%) 3315 us (95%) 3396 us (99%).
I0313 11:11:30.499835 1399297 AriaExecutor.h:649] Worker 14 latency: 2661 us (50%) 3048 us (75%) 3317 us (95%) 3397 us (99%).
I0313 11:11:30.518283 1399297 AriaExecutor.h:649] Worker 15 latency: 2661 us (50%) 3048 us (75%) 3317 us (95%) 3396 us (99%).
I0313 11:11:30.536618 1399297 AriaExecutor.h:649] Worker 16 latency: 2245 us (50%) 2876 us (75%) 3302 us (95%) 3399 us (99%).
I0313 11:11:30.555820 1399297 AriaExecutor.h:649] Worker 17 latency: 2703 us (50%) 3069 us (75%) 3322 us (95%) 3398 us (99%).
I0313 11:11:30.573982 1399297 AriaExecutor.h:649] Worker 18 latency: 2702 us (50%) 3069 us (75%) 3322 us (95%) 3399 us (99%).
I0313 11:11:30.592051 1399297 AriaExecutor.h:649] Worker 19 latency: 2703 us (50%) 3069 us (75%) 3322 us (95%) 3400 us (99%).
I0313 11:11:30.610507 1399297 AriaExecutor.h:649] Worker 20 latency: 2701 us (50%) 3068 us (75%) 3322 us (95%) 3400 us (99%).
I0313 11:11:30.628518 1399297 AriaExecutor.h:649] Worker 21 latency: 2700 us (50%) 3068 us (75%) 3322 us (95%) 3400 us (99%).
I0313 11:11:30.646780 1399297 AriaExecutor.h:649] Worker 22 latency: 2702 us (50%) 3068 us (75%) 3322 us (95%) 3399 us (99%).
I0313 11:11:30.664906 1399297 AriaExecutor.h:649] Worker 23 latency: 2703 us (50%) 3069 us (75%) 3322 us (95%) 3399 us (99%).
I0313 11:11:30.683183 1399297 AriaExecutor.h:649] Worker 24 latency: 2700 us (50%) 3068 us (75%) 3321 us (95%) 3399 us (99%).
I0313 11:11:30.701421 1399297 AriaExecutor.h:649] Worker 25 latency: 2701 us (50%) 3068 us (75%) 3322 us (95%) 3399 us (99%).
I0313 11:11:30.719597 1399297 AriaExecutor.h:649] Worker 26 latency: 2700 us (50%) 3067 us (75%) 3321 us (95%) 3399 us (99%).
I0313 11:11:30.737828 1399297 AriaExecutor.h:649] Worker 27 latency: 2699 us (50%) 3067 us (75%) 3322 us (95%) 3400 us (99%).
I0313 11:11:30.755751 1399297 AriaExecutor.h:649] Worker 28 latency: 2698 us (50%) 3066 us (75%) 3321 us (95%) 3399 us (99%).
I0313 11:11:30.773797 1399297 AriaExecutor.h:649] Worker 29 latency: 2694 us (50%) 3065 us (75%) 3321 us (95%) 3398 us (99%).
I0313 11:11:30.792115 1399297 AriaExecutor.h:649] Worker 30 latency: 2685 us (50%) 3060 us (75%) 3319 us (95%) 3397 us (99%).
I0313 11:11:30.814543 1399297 AriaExecutor.h:649] Worker 31 latency: 2689 us (50%) 3061 us (75%) 3319 us (95%) 3397 us (99%).
I0313 11:11:30.834739 1399297 AriaExecutor.h:649] Worker 32 latency: 2663 us (50%) 3046 us (75%) 3314 us (95%) 3395 us (99%).
I0313 11:11:30.854903 1399297 AriaExecutor.h:649] Worker 33 latency: 2664 us (50%) 3046 us (75%) 3315 us (95%) 3395 us (99%).
I0313 11:11:30.875367 1399297 AriaExecutor.h:649] Worker 34 latency: 2663 us (50%) 3047 us (75%) 3314 us (95%) 3396 us (99%).
I0313 11:11:30.895489 1399297 AriaExecutor.h:649] Worker 35 latency: 2665 us (50%) 3047 us (75%) 3314 us (95%) 3396 us (99%).
I0313 11:11:30.915676 1399297 AriaExecutor.h:649] Worker 36 latency: 2663 us (50%) 3046 us (75%) 3314 us (95%) 3395 us (99%).
I0313 11:11:30.936039 1399297 AriaExecutor.h:649] Worker 37 latency: 2661 us (50%) 3045 us (75%) 3314 us (95%) 3395 us (99%).
I0313 11:11:30.956393 1399297 AriaExecutor.h:649] Worker 38 latency: 2664 us (50%) 3046 us (75%) 3314 us (95%) 3396 us (99%).
I0313 11:11:30.976711 1399297 AriaExecutor.h:649] Worker 39 latency: 2662 us (50%) 3045 us (75%) 3314 us (95%) 3395 us (99%).
I0313 11:11:30.996896 1399297 AriaExecutor.h:649] Worker 40 latency: 2662 us (50%) 3045 us (75%) 3313 us (95%) 3394 us (99%).
I0313 11:11:31.017066 1399297 AriaExecutor.h:649] Worker 41 latency: 2659 us (50%) 3044 us (75%) 3313 us (95%) 3394 us (99%).
I0313 11:11:31.039281 1399297 AriaExecutor.h:649] Worker 42 latency: 2662 us (50%) 3044 us (75%) 3313 us (95%) 3395 us (99%).
I0313 11:11:31.059242 1399297 AriaExecutor.h:649] Worker 43 latency: 2661 us (50%) 3044 us (75%) 3313 us (95%) 3394 us (99%).
I0313 11:11:31.079452 1399297 AriaExecutor.h:649] Worker 44 latency: 2658 us (50%) 3043 us (75%) 3313 us (95%) 3394 us (99%).
I0313 11:11:31.099382 1399297 AriaExecutor.h:649] Worker 45 latency: 2657 us (50%) 3042 us (75%) 3313 us (95%) 3394 us (99%).
I0313 11:11:31.119875 1399297 AriaExecutor.h:649] Worker 46 latency: 2666 us (50%) 3047 us (75%) 3315 us (95%) 3395 us (99%).
I0313 11:11:31.137888 1399297 AriaExecutor.h:649] Worker 47 latency: 2664 us (50%) 3048 us (75%) 3315 us (95%) 3396 us (99%).
I0313 11:11:31.155822 1399297 Coordinator.h:177] total commit: 684880
I0313 11:11:32.156050 1399297 Coordinator.h:192] Coordinator exits.
