I0314 16:31:04.501206 1945173 Database.h:65] ycsb initialization finished in 41 milliseconds.
I0314 16:31:04.501411 1945173 Coordinator.h:30] Coordinator initializes 12 workers.
I0314 16:31:04.610430 1945173 Coordinator.h:77] Coordinator starts to run 13 workers.
I0314 16:31:04.610517 1945189 AriaExecutor.h:91] AriaExecutor 0 started. 
I0314 16:31:04.610562 1945190 AriaExecutor.h:91] AriaExecutor 1 started. 
I0314 16:31:04.610689 1945191 AriaExecutor.h:91] AriaExecutor 2 started. 
I0314 16:31:04.610730 1945192 AriaExecutor.h:91] AriaExecutor 3 started. 
I0314 16:31:04.610836 1945193 AriaExecutor.h:91] AriaExecutor 4 started. 
I0314 16:31:04.610952 1945194 AriaExecutor.h:91] AriaExecutor 5 started. 
I0314 16:31:04.611069 1945195 AriaExecutor.h:91] AriaExecutor 6 started. 
I0314 16:31:04.611114 1945196 AriaExecutor.h:91] AriaExecutor 7 started. 
I0314 16:31:04.611204 1945197 AriaExecutor.h:91] AriaExecutor 8 started. 
I0314 16:31:04.611320 1945198 AriaExecutor.h:91] AriaExecutor 9 started. 
I0314 16:31:04.611373 1945199 AriaExecutor.h:91] AriaExecutor 10 started. 
I0314 16:31:04.611464 1945200 AriaExecutor.h:91] AriaExecutor 11 started. 
I0314 16:31:04.611586 1945201 Manager.h:224] Manager(worker id = 12) on the coordinator node started.
I0314 16:31:05.611605 1945173 Coordinator.h:126] commit: 646268 abort: 109732 (0/109732/0), network size: 0, avg network size: 0, si_in_serializable: 0 0 %, local: 0 %
I0314 16:31:06.611763 1945173 Coordinator.h:126] commit: 663577 abort: 112423 (0/112423/0), network size: 0, avg network size: 0, si_in_serializable: 0 0 %, local: 0 %
I0314 16:31:07.611958 1945173 Coordinator.h:126] commit: 694305 abort: 117695 (0/117695/0), network size: 0, avg network size: 0, si_in_serializable: 0 0 %, local: 0 %
I0314 16:31:08.612115 1945173 Coordinator.h:126] commit: 698025 abort: 117975 (0/117975/0), network size: 0, avg network size: 0, si_in_serializable: 0 0 %, local: 0 %
I0314 16:31:09.612282 1945173 Coordinator.h:126] commit: 690974 abort: 117026 (0/117026/0), network size: 0, avg network size: 0, si_in_serializable: 0 0 %, local: 0 %
I0314 16:31:10.612406 1945173 Coordinator.h:126] commit: 693947 abort: 118053 (0/118053/0), network size: 0, avg network size: 0, si_in_serializable: 0 0 %, local: 0 %
I0314 16:31:11.612531 1945173 Coordinator.h:126] commit: 697570 abort: 118430 (0/118430/0), network size: 0, avg network size: 0, si_in_serializable: 0 0 %, local: 0 %
I0314 16:31:12.612733 1945173 Coordinator.h:126] commit: 694281 abort: 117719 (0/117719/0), network size: 0, avg network size: 0, si_in_serializable: 0 0 %, local: 0 %
I0314 16:31:13.612888 1945173 Coordinator.h:126] commit: 700191 abort: 119809 (0/119809/0), network size: 0, avg network size: 0, si_in_serializable: 0 0 %, local: 0 %
I0314 16:31:14.613014 1945173 Coordinator.h:126] commit: 676633 abort: 115367 (0/115367/0), network size: 0, avg network size: 0, si_in_serializable: 0 0 %, local: 0 %
I0314 16:31:15.613137 1945173 Coordinator.h:126] commit: 697883 abort: 118117 (0/118117/0), network size: 0, avg network size: 0, si_in_serializable: 0 0 %, local: 0 %
I0314 16:31:16.613260 1945173 Coordinator.h:126] commit: 697915 abort: 118085 (0/118085/0), network size: 0, avg network size: 0, si_in_serializable: 0 0 %, local: 0 %
I0314 16:31:17.613413 1945173 Coordinator.h:126] commit: 697022 abort: 118978 (0/118978/0), network size: 0, avg network size: 0, si_in_serializable: 0 0 %, local: 0 %
I0314 16:31:18.613552 1945173 Coordinator.h:126] commit: 690942 abort: 117058 (0/117058/0), network size: 0, avg network size: 0, si_in_serializable: 0 0 %, local: 0 %
I0314 16:31:19.613742 1945173 Coordinator.h:126] commit: 701506 abort: 118494 (0/118494/0), network size: 0, avg network size: 0, si_in_serializable: 0 0 %, local: 0 %
I0314 16:31:20.613876 1945173 Coordinator.h:126] commit: 697863 abort: 118137 (0/118137/0), network size: 0, avg network size: 0, si_in_serializable: 0 0 %, local: 0 %
I0314 16:31:21.613987 1945173 Coordinator.h:126] commit: 698340 abort: 117660 (0/117660/0), network size: 0, avg network size: 0, si_in_serializable: 0 0 %, local: 0 %
I0314 16:31:22.614133 1945173 Coordinator.h:126] commit: 697945 abort: 118055 (0/118055/0), network size: 0, avg network size: 0, si_in_serializable: 0 0 %, local: 0 %
I0314 16:31:23.614269 1945173 Coordinator.h:126] commit: 633382 abort: 106618 (0/106618/0), network size: 0, avg network size: 0, si_in_serializable: 0 0 %, local: 0 %
I0314 16:31:24.614379 1945173 Coordinator.h:126] commit: 701065 abort: 118935 (0/118935/0), network size: 0, avg network size: 0, si_in_serializable: 0 0 %, local: 0 %
I0314 16:31:25.614492 1945173 Coordinator.h:126] commit: 698089 abort: 117911 (0/117911/0), network size: 0, avg network size: 0, si_in_serializable: 0 0 %, local: 0 %
I0314 16:31:26.614601 1945173 Coordinator.h:126] commit: 697679 abort: 118321 (0/118321/0), network size: 0, avg network size: 0, si_in_serializable: 0 0 %, local: 0 %
I0314 16:31:27.614723 1945173 Coordinator.h:126] commit: 701446 abort: 118554 (0/118554/0), network size: 0, avg network size: 0, si_in_serializable: 0 0 %, local: 0 %
I0314 16:31:28.614869 1945173 Coordinator.h:126] commit: 695491 abort: 118235 (0/118235/0), network size: 0, avg network size: 0, si_in_serializable: 0 0 %, local: 0 %
I0314 16:31:29.614998 1945173 Coordinator.h:126] commit: 695871 abort: 118400 (0/118400/0), network size: 0, avg network size: 0, si_in_serializable: 0 0 %, local: 0 %
I0314 16:31:29.615037 1945173 Coordinator.h:152] average commit: 691386 abort: 117014 (0/117014/0), network size: 0, avg network size: 0, si_in_serializable: 0 0 %, local: 0 %
I0314 16:31:29.618122 1945200 AriaExecutor.h:103] AriaExecutor 11 exits. 
I0314 16:31:29.618147 1945201 Manager.h:227] Manager(worker id = 12) on the coordinator node exits.
I0314 16:31:29.618139 1945190 AriaExecutor.h:103] AriaExecutor 1 exits. 
I0314 16:31:29.618122 1945193 AriaExecutor.h:103] AriaExecutor 4 exits. 
I0314 16:31:29.618141 1945196 AriaExecutor.h:103] AriaExecutor 7 exits. 
I0314 16:31:29.618150 1945197 AriaExecutor.h:103] AriaExecutor 8 exits. 
I0314 16:31:29.618144 1945195 AriaExecutor.h:103] AriaExecutor 6 exits. 
I0314 16:31:29.618126 1945189 AriaExecutor.h:103] AriaExecutor 0 exits. 
I0314 16:31:29.618141 1945198 AriaExecutor.h:103] AriaExecutor 9 exits. 
I0314 16:31:29.618144 1945194 AriaExecutor.h:103] AriaExecutor 5 exits. 
I0314 16:31:29.618141 1945199 AriaExecutor.h:103] AriaExecutor 10 exits. 
I0314 16:31:29.618122 1945191 AriaExecutor.h:103] AriaExecutor 2 exits. 
I0314 16:31:29.618140 1945192 AriaExecutor.h:103] AriaExecutor 3 exits. 
I0314 16:31:29.615082 1945173 AriaExecutor.h:649] Worker 0 latency: 3601 us (50%) 4344 us (75%) 8285 us (95%) 12271 us (99%).
I0314 16:31:29.707849 1945173 AriaExecutor.h:649] Worker 1 latency: 3611 us (50%) 4348 us (75%) 8274 us (95%) 12194 us (99%).
I0314 16:31:29.789922 1945173 AriaExecutor.h:649] Worker 2 latency: 3608 us (50%) 4346 us (75%) 8267 us (95%) 12144 us (99%).
I0314 16:31:29.874289 1945173 AriaExecutor.h:649] Worker 3 latency: 3611 us (50%) 4347 us (75%) 8260 us (95%) 12106 us (99%).
I0314 16:31:29.955881 1945173 AriaExecutor.h:649] Worker 4 latency: 3608 us (50%) 4345 us (75%) 8254 us (95%) 12068 us (99%).
I0314 16:31:30.039242 1945173 AriaExecutor.h:649] Worker 5 latency: 3601 us (50%) 4342 us (75%) 8253 us (95%) 12050 us (99%).
I0314 16:31:30.120548 1945173 AriaExecutor.h:649] Worker 6 latency: 3607 us (50%) 4345 us (75%) 8247 us (95%) 12029 us (99%).
I0314 16:31:30.202041 1945173 AriaExecutor.h:649] Worker 7 latency: 3605 us (50%) 4343 us (75%) 8241 us (95%) 11975 us (99%).
I0314 16:31:30.285423 1945173 AriaExecutor.h:649] Worker 8 latency: 3607 us (50%) 4344 us (75%) 8236 us (95%) 11945 us (99%).
I0314 16:31:30.366325 1945173 AriaExecutor.h:649] Worker 9 latency: 3593 us (50%) 4337 us (75%) 8228 us (95%) 11911 us (99%).
I0314 16:31:30.449445 1945173 AriaExecutor.h:649] Worker 10 latency: 3610 us (50%) 4344 us (75%) 8224 us (95%) 11883 us (99%).
I0314 16:31:30.531275 1945173 AriaExecutor.h:649] Worker 11 latency: 3602 us (50%) 4340 us (75%) 8215 us (95%) 11844 us (99%).
I0314 16:31:30.614830 1945173 Coordinator.h:177] total commit: 691386
I0314 16:31:31.615044 1945173 Coordinator.h:192] Coordinator exits.
