I0314 17:02:38.643702 1958771 Database.h:65] ycsb initialization finished in 40 milliseconds.
I0314 17:02:38.643898 1958771 Coordinator.h:30] Coordinator initializes 12 workers.
I0314 17:02:38.679595 1958771 Coordinator.h:77] Coordinator starts to run 13 workers.
I0314 17:02:38.679688 1958787 AriaExecutor.h:94] AriaExecutor 0 started. 
I0314 17:02:38.679740 1958788 AriaExecutor.h:94] AriaExecutor 1 started. 
I0314 17:02:38.679843 1958789 AriaExecutor.h:94] AriaExecutor 2 started. 
I0314 17:02:38.679965 1958790 AriaExecutor.h:94] AriaExecutor 3 started. 
I0314 17:02:38.680086 1958791 AriaExecutor.h:94] AriaExecutor 4 started. 
I0314 17:02:38.680150 1958792 AriaExecutor.h:94] AriaExecutor 5 started. 
I0314 17:02:38.680227 1958793 AriaExecutor.h:94] AriaExecutor 6 started. 
I0314 17:02:38.680302 1958794 AriaExecutor.h:94] AriaExecutor 7 started. 
I0314 17:02:38.680371 1958795 AriaExecutor.h:94] AriaExecutor 8 started. 
I0314 17:02:38.680445 1958796 AriaExecutor.h:94] AriaExecutor 9 started. 
I0314 17:02:38.680528 1958797 AriaExecutor.h:94] AriaExecutor 10 started. 
I0314 17:02:38.680600 1958798 AriaExecutor.h:94] AriaExecutor 11 started. 
I0314 17:02:38.680676 1958799 Manager.h:224] Manager(worker id = 12) on the coordinator node started.
I0314 17:02:39.680720 1958771 Coordinator.h:126] commit: 285465 abort: 713535 (0/713535/0), network size: 0, avg network size: 0, si_in_serializable: 0 0 %, local: 0 %
I0314 17:02:40.680886 1958771 Coordinator.h:126] commit: 282771 abort: 734229 (0/734229/0), network size: 0, avg network size: 0, si_in_serializable: 0 0 %, local: 0 %
I0314 17:02:41.681095 1958771 Coordinator.h:126] commit: 284663 abort: 736337 (0/736337/0), network size: 0, avg network size: 0, si_in_serializable: 0 0 %, local: 0 %
I0314 17:02:42.681263 1958771 Coordinator.h:126] commit: 281383 abort: 757617 (0/757617/0), network size: 0, avg network size: 0, si_in_serializable: 0 0 %, local: 0 %
I0314 17:02:43.681394 1958771 Coordinator.h:126] commit: 281296 abort: 754704 (0/754704/0), network size: 0, avg network size: 0, si_in_serializable: 0 0 %, local: 0 %
I0314 17:02:44.681511 1958771 Coordinator.h:126] commit: 279405 abort: 731595 (0/731595/0), network size: 0, avg network size: 0, si_in_serializable: 0 0 %, local: 0 %
I0314 17:02:45.681625 1958771 Coordinator.h:126] commit: 283626 abort: 746374 (0/746374/0), network size: 0, avg network size: 0, si_in_serializable: 0 0 %, local: 0 %
I0314 17:02:46.681751 1958771 Coordinator.h:126] commit: 282865 abort: 752112 (0/752112/0), network size: 0, avg network size: 0, si_in_serializable: 0 0 %, local: 0 %
I0314 17:02:47.681941 1958771 Coordinator.h:126] commit: 282572 abort: 745450 (0/745450/0), network size: 0, avg network size: 0, si_in_serializable: 0 0 %, local: 0 %
I0314 17:02:48.682104 1958771 Coordinator.h:126] commit: 282615 abort: 749385 (0/749385/0), network size: 0, avg network size: 0, si_in_serializable: 0 0 %, local: 0 %
I0314 17:02:49.682229 1958771 Coordinator.h:126] commit: 279765 abort: 746235 (0/746235/0), network size: 0, avg network size: 0, si_in_serializable: 0 0 %, local: 0 %
I0314 17:02:50.682351 1958771 Coordinator.h:126] commit: 276808 abort: 732192 (0/732192/0), network size: 0, avg network size: 0, si_in_serializable: 0 0 %, local: 0 %
I0314 17:02:51.682508 1958771 Coordinator.h:126] commit: 276187 abort: 757813 (0/757813/0), network size: 0, avg network size: 0, si_in_serializable: 0 0 %, local: 0 %
I0314 17:02:52.682660 1958771 Coordinator.h:126] commit: 282451 abort: 744549 (0/744549/0), network size: 0, avg network size: 0, si_in_serializable: 0 0 %, local: 0 %
I0314 17:02:53.682863 1958771 Coordinator.h:126] commit: 284686 abort: 734314 (0/734314/0), network size: 0, avg network size: 0, si_in_serializable: 0 0 %, local: 0 %
I0314 17:02:54.683028 1958771 Coordinator.h:126] commit: 284256 abort: 741744 (0/741744/0), network size: 0, avg network size: 0, si_in_serializable: 0 0 %, local: 0 %
I0314 17:02:55.683164 1958771 Coordinator.h:126] commit: 285161 abort: 734839 (0/734839/0), network size: 0, avg network size: 0, si_in_serializable: 0 0 %, local: 0 %
I0314 17:02:56.683310 1958771 Coordinator.h:126] commit: 281191 abort: 751809 (0/751809/0), network size: 0, avg network size: 0, si_in_serializable: 0 0 %, local: 0 %
I0314 17:02:57.683455 1958771 Coordinator.h:126] commit: 282605 abort: 752395 (0/752395/0), network size: 0, avg network size: 0, si_in_serializable: 0 0 %, local: 0 %
I0314 17:02:58.683600 1958771 Coordinator.h:126] commit: 287426 abort: 730574 (0/730574/0), network size: 0, avg network size: 0, si_in_serializable: 0 0 %, local: 0 %
I0314 17:02:59.683744 1958771 Coordinator.h:126] commit: 281725 abort: 749275 (0/749275/0), network size: 0, avg network size: 0, si_in_serializable: 0 0 %, local: 0 %
I0314 17:03:00.683880 1958771 Coordinator.h:126] commit: 280230 abort: 728770 (0/728770/0), network size: 0, avg network size: 0, si_in_serializable: 0 0 %, local: 0 %
I0314 17:03:01.684023 1958771 Coordinator.h:126] commit: 267212 abort: 715788 (0/715788/0), network size: 0, avg network size: 0, si_in_serializable: 0 0 %, local: 0 %
I0314 17:03:02.684172 1958771 Coordinator.h:126] commit: 278693 abort: 751307 (0/751307/0), network size: 0, avg network size: 0, si_in_serializable: 0 0 %, local: 0 %
I0314 17:03:03.684268 1958771 Coordinator.h:126] commit: 279413 abort: 734587 (0/734587/0), network size: 0, avg network size: 0, si_in_serializable: 0 0 %, local: 0 %
I0314 17:03:03.684320 1958771 Coordinator.h:152] average commit: 282054 abort: 742646 (0/742646/0), network size: 0, avg network size: 0, si_in_serializable: 0 0 %, local: 0 %
I0314 17:03:03.684624 1958789 AriaExecutor.h:106] AriaExecutor 2 exits. 
I0314 17:03:03.684624 1958788 AriaExecutor.h:106] AriaExecutor 1 exits. 
I0314 17:03:03.684635 1958797 AriaExecutor.h:106] AriaExecutor 10 exits. 
I0314 17:03:03.684639 1958787 AriaExecutor.h:106] AriaExecutor 0 exits. 
I0314 17:03:03.684639 1958793 AriaExecutor.h:106] AriaExecutor 6 exits. 
I0314 17:03:03.684646 1958799 Manager.h:227] Manager(worker id = 12) on the coordinator node exits.
I0314 17:03:03.684624 1958796 AriaExecutor.h:106] AriaExecutor 9 exits. 
I0314 17:03:03.684624 1958790 AriaExecutor.h:106] AriaExecutor 3 exits. 
I0314 17:03:03.684639 1958791 AriaExecutor.h:106] AriaExecutor 4 exits. 
I0314 17:03:03.684640 1958798 AriaExecutor.h:106] AriaExecutor 11 exits. 
I0314 17:03:03.684624 1958795 AriaExecutor.h:106] AriaExecutor 8 exits. 
I0314 17:03:03.684638 1958792 AriaExecutor.h:106] AriaExecutor 5 exits. 
I0314 17:03:03.684638 1958794 AriaExecutor.h:106] AriaExecutor 7 exits. 
I0314 17:03:03.684363 1958771 AriaExecutor.h:646] Worker 0 latency: 673 us (50%) 813 us (75%) 48642 us (95%) 78488 us (99%).
I0314 17:03:03.733148 1958771 AriaExecutor.h:646] Worker 1 latency: 665 us (50%) 791 us (75%) 19036 us (95%) 52829 us (99%).
I0314 17:03:03.768877 1958771 AriaExecutor.h:646] Worker 2 latency: 664 us (50%) 790 us (75%) 19184 us (95%) 50702 us (99%).
I0314 17:03:03.802683 1958771 AriaExecutor.h:646] Worker 3 latency: 664 us (50%) 790 us (75%) 18833 us (95%) 50087 us (99%).
I0314 17:03:03.836870 1958771 AriaExecutor.h:646] Worker 4 latency: 668 us (50%) 790 us (75%) 18002 us (95%) 48453 us (99%).
I0314 17:03:03.869719 1958771 AriaExecutor.h:646] Worker 5 latency: 665 us (50%) 788 us (75%) 17757 us (95%) 48041 us (99%).
I0314 17:03:03.902742 1958771 AriaExecutor.h:646] Worker 6 latency: 665 us (50%) 788 us (75%) 17571 us (95%) 47558 us (99%).
I0314 17:03:03.935694 1958771 AriaExecutor.h:646] Worker 7 latency: 666 us (50%) 789 us (75%) 17492 us (95%) 47493 us (99%).
I0314 17:03:03.970770 1958771 AriaExecutor.h:646] Worker 8 latency: 667 us (50%) 790 us (75%) 17323 us (95%) 46914 us (99%).
I0314 17:03:04.003453 1958771 AriaExecutor.h:646] Worker 9 latency: 665 us (50%) 788 us (75%) 17178 us (95%) 46468 us (99%).
I0314 17:03:04.036353 1958771 AriaExecutor.h:646] Worker 10 latency: 666 us (50%) 789 us (75%) 17007 us (95%) 46097 us (99%).
I0314 17:03:04.069449 1958771 AriaExecutor.h:646] Worker 11 latency: 662 us (50%) 786 us (75%) 17127 us (95%) 46533 us (99%).
I0314 17:03:04.102555 1958771 Coordinator.h:177] total commit: 282054
I0314 17:03:05.102766 1958771 Coordinator.h:192] Coordinator exits.
