I0314 16:18:39.339098 1940588 Database.h:65] ycsb initialization finished in 39 milliseconds.
I0314 16:18:39.339318 1940588 Coordinator.h:30] Coordinator initializes 12 workers.
I0314 16:18:39.445865 1940588 Coordinator.h:77] Coordinator starts to run 13 workers.
I0314 16:18:39.445962 1940605 AriaExecutor.h:82] AriaExecutor 0 started. 
I0314 16:18:39.446013 1940606 AriaExecutor.h:82] AriaExecutor 1 started. 
I0314 16:18:39.446118 1940607 AriaExecutor.h:82] AriaExecutor 2 started. 
I0314 16:18:39.446166 1940608 AriaExecutor.h:82] AriaExecutor 3 started. 
I0314 16:18:39.446259 1940609 AriaExecutor.h:82] AriaExecutor 4 started. 
I0314 16:18:39.446381 1940610 AriaExecutor.h:82] AriaExecutor 5 started. 
I0314 16:18:39.446415 1940611 AriaExecutor.h:82] AriaExecutor 6 started. 
I0314 16:18:39.446518 1940612 AriaExecutor.h:82] AriaExecutor 7 started. 
I0314 16:18:39.446564 1940613 AriaExecutor.h:82] AriaExecutor 8 started. 
I0314 16:18:39.446655 1940614 AriaExecutor.h:82] AriaExecutor 9 started. 
I0314 16:18:39.446712 1940615 AriaExecutor.h:82] AriaExecutor 10 started. 
I0314 16:18:39.446798 1940616 AriaExecutor.h:82] AriaExecutor 11 started. 
I0314 16:18:39.446918 1940617 Manager.h:224] Manager(worker id = 12) on the coordinator node started.
I0314 16:18:40.446909 1940588 Coordinator.h:126] commit: 91567 abort: 716433 (0/716433/0), network size: 0, avg network size: 0, si_in_serializable: 0 0 %, local: 0 %
I0314 16:18:41.447082 1940588 Coordinator.h:126] commit: 87693 abort: 736307 (0/736307/0), network size: 0, avg network size: 0, si_in_serializable: 0 0 %, local: 0 %
I0314 16:18:42.447268 1940588 Coordinator.h:126] commit: 90002 abort: 737998 (0/737998/0), network size: 0, avg network size: 0, si_in_serializable: 0 0 %, local: 0 %
I0314 16:18:43.447404 1940588 Coordinator.h:126] commit: 87575 abort: 756425 (0/756425/0), network size: 0, avg network size: 0, si_in_serializable: 0 0 %, local: 0 %
I0314 16:18:44.447517 1940588 Coordinator.h:126] commit: 83272 abort: 760728 (0/760728/0), network size: 0, avg network size: 0, si_in_serializable: 0 0 %, local: 0 %
I0314 16:18:45.447635 1940588 Coordinator.h:126] commit: 85010 abort: 750990 (0/750990/0), network size: 0, avg network size: 0, si_in_serializable: 0 0 %, local: 0 %
I0314 16:18:46.447752 1940588 Coordinator.h:126] commit: 86290 abort: 757710 (0/757710/0), network size: 0, avg network size: 0, si_in_serializable: 0 0 %, local: 0 %
I0314 16:18:47.447937 1940588 Coordinator.h:126] commit: 83926 abort: 764074 (0/764074/0), network size: 0, avg network size: 0, si_in_serializable: 0 0 %, local: 0 %
I0314 16:18:48.448096 1940588 Coordinator.h:126] commit: 88467 abort: 751533 (0/751533/0), network size: 0, avg network size: 0, si_in_serializable: 0 0 %, local: 0 %
I0314 16:18:49.448228 1940588 Coordinator.h:126] commit: 89675 abort: 750325 (0/750325/0), network size: 0, avg network size: 0, si_in_serializable: 0 0 %, local: 0 %
I0314 16:18:50.448374 1940588 Coordinator.h:126] commit: 86897 abort: 757103 (0/757103/0), network size: 0, avg network size: 0, si_in_serializable: 0 0 %, local: 0 %
I0314 16:18:51.448513 1940588 Coordinator.h:126] commit: 83451 abort: 764549 (0/764549/0), network size: 0, avg network size: 0, si_in_serializable: 0 0 %, local: 0 %
I0314 16:18:52.448632 1940588 Coordinator.h:126] commit: 88872 abort: 755128 (0/755128/0), network size: 0, avg network size: 0, si_in_serializable: 0 0 %, local: 0 %
I0314 16:18:53.448752 1940588 Coordinator.h:126] commit: 78916 abort: 769084 (0/769084/0), network size: 0, avg network size: 0, si_in_serializable: 0 0 %, local: 0 %
I0314 16:18:54.448880 1940588 Coordinator.h:126] commit: 90360 abort: 749640 (0/749640/0), network size: 0, avg network size: 0, si_in_serializable: 0 0 %, local: 0 %
I0314 16:18:55.449090 1940588 Coordinator.h:126] commit: 87065 abort: 752935 (0/752935/0), network size: 0, avg network size: 0, si_in_serializable: 0 0 %, local: 0 %
I0314 16:18:56.449215 1940588 Coordinator.h:126] commit: 91272 abort: 748728 (0/748728/0), network size: 0, avg network size: 0, si_in_serializable: 0 0 %, local: 0 %
I0314 16:18:57.449333 1940588 Coordinator.h:126] commit: 84255 abort: 759745 (0/759745/0), network size: 0, avg network size: 0, si_in_serializable: 0 0 %, local: 0 %
I0314 16:18:58.449461 1940588 Coordinator.h:126] commit: 83065 abort: 756935 (0/756935/0), network size: 0, avg network size: 0, si_in_serializable: 0 0 %, local: 0 %
I0314 16:18:59.449615 1940588 Coordinator.h:126] commit: 85130 abort: 762870 (0/762870/0), network size: 0, avg network size: 0, si_in_serializable: 0 0 %, local: 0 %
I0314 16:19:00.449731 1940588 Coordinator.h:126] commit: 88188 abort: 751812 (0/751812/0), network size: 0, avg network size: 0, si_in_serializable: 0 0 %, local: 0 %
I0314 16:19:01.449836 1940588 Coordinator.h:126] commit: 85867 abort: 758133 (0/758133/0), network size: 0, avg network size: 0, si_in_serializable: 0 0 %, local: 0 %
I0314 16:19:02.449947 1940588 Coordinator.h:126] commit: 85306 abort: 758694 (0/758694/0), network size: 0, avg network size: 0, si_in_serializable: 0 0 %, local: 0 %
I0314 16:19:03.450067 1940588 Coordinator.h:126] commit: 89357 abort: 750643 (0/750643/0), network size: 0, avg network size: 0, si_in_serializable: 0 0 %, local: 0 %
I0314 16:19:04.450186 1940588 Coordinator.h:126] commit: 89361 abort: 754639 (0/754639/0), network size: 0, avg network size: 0, si_in_serializable: 0 0 %, local: 0 %
I0314 16:19:04.450220 1940588 Coordinator.h:152] average commit: 85928.3 abort: 757672 (0/757672/0), network size: 0, avg network size: 0, si_in_serializable: 0 0 %, local: 0 %
I0314 16:19:04.455101 1940606 AriaExecutor.h:94] AriaExecutor 1 exits. 
I0314 16:19:04.455119 1940608 AriaExecutor.h:94] AriaExecutor 3 exits. 
I0314 16:19:04.455101 1940605 AriaExecutor.h:94] AriaExecutor 0 exits. 
I0314 16:19:04.455101 1940613 AriaExecutor.h:94] AriaExecutor 8 exits. 
I0314 16:19:04.455102 1940614 AriaExecutor.h:94] AriaExecutor 9 exits. 
I0314 16:19:04.455106 1940610 AriaExecutor.h:94] AriaExecutor 5 exits. 
I0314 16:19:04.455120 1940616 AriaExecutor.h:94] AriaExecutor 11 exits. 
I0314 16:19:04.455121 1940611 AriaExecutor.h:94] AriaExecutor 6 exits. 
I0314 16:19:04.455121 1940609 AriaExecutor.h:94] AriaExecutor 4 exits. 
I0314 16:19:04.455119 1940612 AriaExecutor.h:94] AriaExecutor 7 exits. 
I0314 16:19:04.455113 1940617 Manager.h:227] Manager(worker id = 12) on the coordinator node exits.
I0314 16:19:04.455102 1940615 AriaExecutor.h:94] AriaExecutor 10 exits. 
I0314 16:19:04.455101 1940607 AriaExecutor.h:94] AriaExecutor 2 exits. 
I0314 16:19:04.450263 1940588 AriaExecutor.h:535] Worker 0 latency: 41963 us (50%) 69528 us (75%) 125703 us (95%) 186194 us (99%).
I0314 16:19:04.474215 1940588 AriaExecutor.h:535] Worker 1 latency: 40690 us (50%) 66139 us (75%) 112132 us (95%) 157373 us (99%).
I0314 16:19:04.486888 1940588 AriaExecutor.h:535] Worker 2 latency: 40694 us (50%) 66213 us (75%) 111512 us (95%) 152117 us (99%).
I0314 16:19:04.498472 1940588 AriaExecutor.h:535] Worker 3 latency: 39854 us (50%) 65723 us (75%) 109485 us (95%) 148457 us (99%).
I0314 16:19:04.510075 1940588 AriaExecutor.h:535] Worker 4 latency: 40774 us (50%) 65863 us (75%) 109426 us (95%) 146978 us (99%).
I0314 16:19:04.521567 1940588 AriaExecutor.h:535] Worker 5 latency: 40955 us (50%) 66221 us (75%) 110046 us (95%) 146698 us (99%).
I0314 16:19:04.533049 1940588 AriaExecutor.h:535] Worker 6 latency: 40857 us (50%) 66033 us (75%) 109658 us (95%) 145578 us (99%).
I0314 16:19:04.544574 1940588 AriaExecutor.h:535] Worker 7 latency: 40536 us (50%) 65854 us (75%) 109100 us (95%) 144861 us (99%).
I0314 16:19:04.556108 1940588 AriaExecutor.h:535] Worker 8 latency: 40223 us (50%) 65787 us (75%) 108947 us (95%) 144136 us (99%).
I0314 16:19:04.567603 1940588 AriaExecutor.h:535] Worker 9 latency: 40462 us (50%) 65727 us (75%) 108298 us (95%) 143011 us (99%).
I0314 16:19:04.579262 1940588 AriaExecutor.h:535] Worker 10 latency: 39731 us (50%) 65565 us (75%) 107952 us (95%) 142041 us (99%).
I0314 16:19:04.590657 1940588 AriaExecutor.h:535] Worker 11 latency: 40514 us (50%) 65930 us (75%) 108380 us (95%) 141161 us (99%).
I0314 16:19:04.602226 1940588 Coordinator.h:177] total commit: 85928.3
I0314 16:19:05.602429 1940588 Coordinator.h:192] Coordinator exits.
