I0314 16:25:44.400487 1943203 Database.h:65] ycsb initialization finished in 40 milliseconds.
I0314 16:25:44.400691 1943203 Coordinator.h:30] Coordinator initializes 12 workers.
I0314 16:25:44.507407 1943203 Coordinator.h:77] Coordinator starts to run 13 workers.
I0314 16:25:44.507493 1943219 AriaExecutor.h:82] AriaExecutor 0 started. 
I0314 16:25:44.507530 1943220 AriaExecutor.h:82] AriaExecutor 1 started. 
I0314 16:25:44.507658 1943221 AriaExecutor.h:82] AriaExecutor 2 started. 
I0314 16:25:44.507678 1943222 AriaExecutor.h:82] AriaExecutor 3 started. 
I0314 16:25:44.507804 1943223 AriaExecutor.h:82] AriaExecutor 4 started. 
I0314 16:25:44.507824 1943224 AriaExecutor.h:82] AriaExecutor 5 started. 
I0314 16:25:44.507944 1943225 AriaExecutor.h:82] AriaExecutor 6 started. 
I0314 16:25:44.507980 1943226 AriaExecutor.h:82] AriaExecutor 7 started. 
I0314 16:25:44.508082 1943227 AriaExecutor.h:82] AriaExecutor 8 started. 
I0314 16:25:44.508129 1943228 AriaExecutor.h:82] AriaExecutor 9 started. 
I0314 16:25:44.508220 1943229 AriaExecutor.h:82] AriaExecutor 10 started. 
I0314 16:25:44.508381 1943230 AriaExecutor.h:82] AriaExecutor 11 started. 
I0314 16:25:44.508502 1943231 Manager.h:224] Manager(worker id = 12) on the coordinator node started.
I0314 16:25:45.508517 1943203 Coordinator.h:126] commit: 16343 abort: 955657 (0/955657/0), network size: 0, avg network size: 0, si_in_serializable: 0 0 %, local: 0 %
I0314 16:25:46.508679 1943203 Coordinator.h:126] commit: 21537 abort: 934463 (0/934463/0), network size: 0, avg network size: 0, si_in_serializable: 0 0 %, local: 0 %
I0314 16:25:47.508857 1943203 Coordinator.h:126] commit: 23700 abort: 940300 (0/940300/0), network size: 0, avg network size: 0, si_in_serializable: 0 0 %, local: 0 %
I0314 16:25:48.509013 1943203 Coordinator.h:126] commit: 23112 abort: 936888 (0/936888/0), network size: 0, avg network size: 0, si_in_serializable: 0 0 %, local: 0 %
I0314 16:25:49.509142 1943203 Coordinator.h:126] commit: 23211 abort: 932789 (0/932789/0), network size: 0, avg network size: 0, si_in_serializable: 0 0 %, local: 0 %
I0314 16:25:50.509249 1943203 Coordinator.h:126] commit: 23027 abort: 928973 (0/928973/0), network size: 0, avg network size: 0, si_in_serializable: 0 0 %, local: 0 %
I0314 16:25:51.509358 1943203 Coordinator.h:126] commit: 23403 abort: 936597 (0/936597/0), network size: 0, avg network size: 0, si_in_serializable: 0 0 %, local: 0 %
I0314 16:25:52.509531 1943203 Coordinator.h:126] commit: 23094 abort: 932906 (0/932906/0), network size: 0, avg network size: 0, si_in_serializable: 0 0 %, local: 0 %
I0314 16:25:53.509691 1943203 Coordinator.h:126] commit: 23528 abort: 932472 (0/932472/0), network size: 0, avg network size: 0, si_in_serializable: 0 0 %, local: 0 %
I0314 16:25:54.509814 1943203 Coordinator.h:126] commit: 22523 abort: 929477 (0/929477/0), network size: 0, avg network size: 0, si_in_serializable: 0 0 %, local: 0 %
I0314 16:25:55.509936 1943203 Coordinator.h:126] commit: 23326 abort: 928674 (0/928674/0), network size: 0, avg network size: 0, si_in_serializable: 0 0 %, local: 0 %
I0314 16:25:56.510042 1943203 Coordinator.h:126] commit: 23129 abort: 928871 (0/928871/0), network size: 0, avg network size: 0, si_in_serializable: 0 0 %, local: 0 %
I0314 16:25:57.510159 1943203 Coordinator.h:126] commit: 22753 abort: 929247 (0/929247/0), network size: 0, avg network size: 0, si_in_serializable: 0 0 %, local: 0 %
I0314 16:25:58.510293 1943203 Coordinator.h:126] commit: 23020 abort: 924980 (0/924980/0), network size: 0, avg network size: 0, si_in_serializable: 0 0 %, local: 0 %
I0314 16:25:59.510419 1943203 Coordinator.h:126] commit: 23319 abort: 916681 (0/916681/0), network size: 0, avg network size: 0, si_in_serializable: 0 0 %, local: 0 %
I0314 16:26:00.510531 1943203 Coordinator.h:126] commit: 23229 abort: 928771 (0/928771/0), network size: 0, avg network size: 0, si_in_serializable: 0 0 %, local: 0 %
I0314 16:26:01.510640 1943203 Coordinator.h:126] commit: 23382 abort: 924618 (0/924618/0), network size: 0, avg network size: 0, si_in_serializable: 0 0 %, local: 0 %
I0314 16:26:02.510769 1943203 Coordinator.h:126] commit: 22783 abort: 929217 (0/929217/0), network size: 0, avg network size: 0, si_in_serializable: 0 0 %, local: 0 %
I0314 16:26:03.510993 1943203 Coordinator.h:126] commit: 22863 abort: 921137 (0/921137/0), network size: 0, avg network size: 0, si_in_serializable: 0 0 %, local: 0 %
I0314 16:26:04.511157 1943203 Coordinator.h:126] commit: 22904 abort: 925096 (0/925096/0), network size: 0, avg network size: 0, si_in_serializable: 0 0 %, local: 0 %
I0314 16:26:05.511271 1943203 Coordinator.h:126] commit: 23096 abort: 920904 (0/920904/0), network size: 0, avg network size: 0, si_in_serializable: 0 0 %, local: 0 %
I0314 16:26:06.511381 1943203 Coordinator.h:126] commit: 23576 abort: 924424 (0/924424/0), network size: 0, avg network size: 0, si_in_serializable: 0 0 %, local: 0 %
I0314 16:26:07.511498 1943203 Coordinator.h:126] commit: 22895 abort: 921105 (0/921105/0), network size: 0, avg network size: 0, si_in_serializable: 0 0 %, local: 0 %
I0314 16:26:08.511636 1943203 Coordinator.h:126] commit: 23447 abort: 924553 (0/924553/0), network size: 0, avg network size: 0, si_in_serializable: 0 0 %, local: 0 %
I0314 16:26:09.511762 1943203 Coordinator.h:126] commit: 22733 abort: 921267 (0/921267/0), network size: 0, avg network size: 0, si_in_serializable: 0 0 %, local: 0 %
I0314 16:26:09.511808 1943203 Coordinator.h:152] average commit: 23070.8 abort: 925729 (0/925729/0), network size: 0, avg network size: 0, si_in_serializable: 0 0 %, local: 0 %
I0314 16:26:09.514438 1943227 AriaExecutor.h:94] AriaExecutor 8 exits. 
I0314 16:26:09.514439 1943226 AriaExecutor.h:94] AriaExecutor 7 exits. 
I0314 16:26:09.514441 1943221 AriaExecutor.h:94] AriaExecutor 2 exits. 
I0314 16:26:09.514439 1943229 AriaExecutor.h:94] AriaExecutor 10 exits. 
I0314 16:26:09.514443 1943231 Manager.h:227] Manager(worker id = 12) on the coordinator node exits.
I0314 16:26:09.514453 1943225 AriaExecutor.h:94] AriaExecutor 6 exits. 
I0314 16:26:09.514453 1943228 AriaExecutor.h:94] AriaExecutor 9 exits. 
I0314 16:26:09.514454 1943230 AriaExecutor.h:94] AriaExecutor 11 exits. 
I0314 16:26:09.514454 1943224 AriaExecutor.h:94] AriaExecutor 5 exits. 
I0314 16:26:09.514454 1943223 AriaExecutor.h:94] AriaExecutor 4 exits. 
I0314 16:26:09.514456 1943222 AriaExecutor.h:94] AriaExecutor 3 exits. 
I0314 16:26:09.514456 1943219 AriaExecutor.h:94] AriaExecutor 0 exits. 
I0314 16:26:09.514456 1943220 AriaExecutor.h:94] AriaExecutor 1 exits. 
I0314 16:26:09.511854 1943203 AriaExecutor.h:535] Worker 0 latency: 158981 us (50%) 340570 us (75%) 529651 us (95%) 581120 us (99%).
I0314 16:26:09.524948 1943203 AriaExecutor.h:535] Worker 1 latency: 116552 us (50%) 268987 us (75%) 515919 us (95%) 563536 us (99%).
I0314 16:26:09.531513 1943203 AriaExecutor.h:535] Worker 2 latency: 117157 us (50%) 258793 us (75%) 503648 us (95%) 557061 us (99%).
I0314 16:26:09.536754 1943203 AriaExecutor.h:535] Worker 3 latency: 112680 us (50%) 244651 us (75%) 499310 us (95%) 550851 us (99%).
I0314 16:26:09.540807 1943203 AriaExecutor.h:535] Worker 4 latency: 111605 us (50%) 243181 us (75%) 494920 us (95%) 548234 us (99%).
I0314 16:26:09.544128 1943203 AriaExecutor.h:535] Worker 5 latency: 119805 us (50%) 254130 us (75%) 487095 us (95%) 546341 us (99%).
I0314 16:26:09.547930 1943203 AriaExecutor.h:535] Worker 6 latency: 116877 us (50%) 247217 us (75%) 485085 us (95%) 541053 us (99%).
I0314 16:26:09.551261 1943203 AriaExecutor.h:535] Worker 7 latency: 108269 us (50%) 231689 us (75%) 485481 us (95%) 540929 us (99%).
I0314 16:26:09.554065 1943203 AriaExecutor.h:535] Worker 8 latency: 106941 us (50%) 231747 us (75%) 485326 us (95%) 540292 us (99%).
I0314 16:26:09.556792 1943203 AriaExecutor.h:535] Worker 9 latency: 107917 us (50%) 229274 us (75%) 477486 us (95%) 533176 us (99%).
I0314 16:26:09.559650 1943203 AriaExecutor.h:535] Worker 10 latency: 104834 us (50%) 229506 us (75%) 480315 us (95%) 535540 us (99%).
I0314 16:26:09.562368 1943203 AriaExecutor.h:535] Worker 11 latency: 112864 us (50%) 238467 us (75%) 472817 us (95%) 531033 us (99%).
I0314 16:26:09.565495 1943203 Coordinator.h:177] total commit: 23070.8
I0314 16:26:10.565687 1943203 Coordinator.h:192] Coordinator exits.
