I0314 16:45:44.801491 1950945 Database.h:65] ycsb initialization finished in 42 milliseconds.
I0314 16:45:44.801695 1950945 Coordinator.h:30] Coordinator initializes 12 workers.
I0314 16:45:44.840209 1950945 Coordinator.h:77] Coordinator starts to run 13 workers.
I0314 16:45:44.840312 1950961 AriaExecutor.h:91] AriaExecutor 0 started. 
I0314 16:45:44.840364 1950962 AriaExecutor.h:91] AriaExecutor 1 started. 
I0314 16:45:44.840477 1950963 AriaExecutor.h:91] AriaExecutor 2 started. 
I0314 16:45:44.840608 1950964 AriaExecutor.h:91] AriaExecutor 3 started. 
I0314 16:45:44.840734 1950965 AriaExecutor.h:91] AriaExecutor 4 started. 
I0314 16:45:44.840801 1950966 AriaExecutor.h:91] AriaExecutor 5 started. 
I0314 16:45:44.840907 1950967 AriaExecutor.h:91] AriaExecutor 6 started. 
I0314 16:45:44.841030 1950968 AriaExecutor.h:91] AriaExecutor 7 started. 
I0314 16:45:44.841154 1950969 AriaExecutor.h:91] AriaExecutor 8 started. 
I0314 16:45:44.841279 1950970 AriaExecutor.h:91] AriaExecutor 9 started. 
I0314 16:45:44.841338 1950971 AriaExecutor.h:91] AriaExecutor 10 started. 
I0314 16:45:44.841423 1950972 AriaExecutor.h:91] AriaExecutor 11 started. 
I0314 16:45:44.841490 1950973 Manager.h:224] Manager(worker id = 12) on the coordinator node started.
I0314 16:45:45.841548 1950945 Coordinator.h:126] commit: 2077 abort: 184923 (0/184923/0), network size: 0, avg network size: 0, si_in_serializable: 0 0 %, local: 0 %
I0314 16:45:46.841715 1950945 Coordinator.h:126] commit: 3114 abort: 184886 (0/184886/0), network size: 0, avg network size: 0, si_in_serializable: 0 0 %, local: 0 %
I0314 16:45:47.841918 1950945 Coordinator.h:126] commit: 4547 abort: 184453 (0/184453/0), network size: 0, avg network size: 0, si_in_serializable: 0 0 %, local: 0 %
I0314 16:45:48.842069 1950945 Coordinator.h:126] commit: 4836 abort: 186164 (0/186164/0), network size: 0, avg network size: 0, si_in_serializable: 0 0 %, local: 0 %
I0314 16:45:49.842196 1950945 Coordinator.h:126] commit: 4815 abort: 184185 (0/184185/0), network size: 0, avg network size: 0, si_in_serializable: 0 0 %, local: 0 %
I0314 16:45:50.842342 1950945 Coordinator.h:126] commit: 4637 abort: 184363 (0/184363/0), network size: 0, avg network size: 0, si_in_serializable: 0 0 %, local: 0 %
I0314 16:45:51.842490 1950945 Coordinator.h:126] commit: 4751 abort: 182249 (0/182249/0), network size: 0, avg network size: 0, si_in_serializable: 0 0 %, local: 0 %
I0314 16:45:52.842620 1950945 Coordinator.h:126] commit: 4665 abort: 183335 (0/183335/0), network size: 0, avg network size: 0, si_in_serializable: 0 0 %, local: 0 %
I0314 16:45:53.842828 1950945 Coordinator.h:126] commit: 4842 abort: 183158 (0/183158/0), network size: 0, avg network size: 0, si_in_serializable: 0 0 %, local: 0 %
I0314 16:45:54.842986 1950945 Coordinator.h:126] commit: 4731 abort: 183269 (0/183269/0), network size: 0, avg network size: 0, si_in_serializable: 0 0 %, local: 0 %
I0314 16:45:55.843115 1950945 Coordinator.h:126] commit: 4661 abort: 182339 (0/182339/0), network size: 0, avg network size: 0, si_in_serializable: 0 0 %, local: 0 %
I0314 16:45:56.843263 1950945 Coordinator.h:126] commit: 4595 abort: 182405 (0/182405/0), network size: 0, avg network size: 0, si_in_serializable: 0 0 %, local: 0 %
I0314 16:45:57.843402 1950945 Coordinator.h:126] commit: 4676 abort: 181324 (0/181324/0), network size: 0, avg network size: 0, si_in_serializable: 0 0 %, local: 0 %
I0314 16:45:58.843534 1950945 Coordinator.h:126] commit: 4589 abort: 179411 (0/179411/0), network size: 0, avg network size: 0, si_in_serializable: 0 0 %, local: 0 %
I0314 16:45:59.843739 1950945 Coordinator.h:126] commit: 4608 abort: 182392 (0/182392/0), network size: 0, avg network size: 0, si_in_serializable: 0 0 %, local: 0 %
I0314 16:46:00.843892 1950945 Coordinator.h:126] commit: 4782 abort: 181218 (0/181218/0), network size: 0, avg network size: 0, si_in_serializable: 0 0 %, local: 0 %
I0314 16:46:01.844020 1950945 Coordinator.h:126] commit: 4672 abort: 181328 (0/181328/0), network size: 0, avg network size: 0, si_in_serializable: 0 0 %, local: 0 %
I0314 16:46:02.844161 1950945 Coordinator.h:126] commit: 4732 abort: 181268 (0/181268/0), network size: 0, avg network size: 0, si_in_serializable: 0 0 %, local: 0 %
I0314 16:46:03.844298 1950945 Coordinator.h:126] commit: 4600 abort: 180400 (0/180400/0), network size: 0, avg network size: 0, si_in_serializable: 0 0 %, local: 0 %
I0314 16:46:04.844436 1950945 Coordinator.h:126] commit: 4709 abort: 180291 (0/180291/0), network size: 0, avg network size: 0, si_in_serializable: 0 0 %, local: 0 %
I0314 16:46:05.844563 1950945 Coordinator.h:126] commit: 4572 abort: 179428 (0/179428/0), network size: 0, avg network size: 0, si_in_serializable: 0 0 %, local: 0 %
I0314 16:46:06.844698 1950945 Coordinator.h:126] commit: 4702 abort: 180298 (0/180298/0), network size: 0, avg network size: 0, si_in_serializable: 0 0 %, local: 0 %
I0314 16:46:07.844852 1950945 Coordinator.h:126] commit: 4620 abort: 180380 (0/180380/0), network size: 0, avg network size: 0, si_in_serializable: 0 0 %, local: 0 %
I0314 16:46:08.845010 1950945 Coordinator.h:126] commit: 4609 abort: 179391 (0/179391/0), network size: 0, avg network size: 0, si_in_serializable: 0 0 %, local: 0 %
I0314 16:46:09.845141 1950945 Coordinator.h:126] commit: 4590 abort: 176410 (0/176410/0), network size: 0, avg network size: 0, si_in_serializable: 0 0 %, local: 0 %
I0314 16:46:09.845187 1950945 Coordinator.h:152] average commit: 4662.4 abort: 181238 (0/181238/0), network size: 0, avg network size: 0, si_in_serializable: 0 0 %, local: 0 %
I0314 16:46:09.846364 1950968 AriaExecutor.h:103] AriaExecutor 7 exits. 
I0314 16:46:09.846377 1950963 AriaExecutor.h:103] AriaExecutor 2 exits. 
I0314 16:46:09.846364 1950967 AriaExecutor.h:103] AriaExecutor 6 exits. 
I0314 16:46:09.846364 1950970 AriaExecutor.h:103] AriaExecutor 9 exits. 
I0314 16:46:09.846381 1950971 AriaExecutor.h:103] AriaExecutor 10 exits. 
I0314 16:46:09.846364 1950972 AriaExecutor.h:103] AriaExecutor 11 exits. 
I0314 16:46:09.846367 1950973 Manager.h:227] Manager(worker id = 12) on the coordinator node exits.
I0314 16:46:09.846379 1950966 AriaExecutor.h:103] AriaExecutor 5 exits. 
I0314 16:46:09.846379 1950962 AriaExecutor.h:103] AriaExecutor 1 exits. 
I0314 16:46:09.846380 1950964 AriaExecutor.h:103] AriaExecutor 3 exits. 
I0314 16:46:09.846380 1950961 AriaExecutor.h:103] AriaExecutor 0 exits. 
I0314 16:46:09.846364 1950969 AriaExecutor.h:103] AriaExecutor 8 exits. 
I0314 16:46:09.846364 1950965 AriaExecutor.h:103] AriaExecutor 4 exits. 
I0314 16:46:09.845233 1950945 AriaExecutor.h:649] Worker 0 latency: 257695 us (50%) 319866 us (75%) 353048 us (95%) 1751855 us (99%).
I0314 16:46:09.848551 1950945 AriaExecutor.h:649] Worker 1 latency: 243380 us (50%) 309163 us (75%) 341615 us (95%) 638777 us (99%).
I0314 16:46:09.850721 1950945 AriaExecutor.h:649] Worker 2 latency: 231365 us (50%) 297265 us (75%) 335274 us (95%) 412152 us (99%).
I0314 16:46:09.852716 1950945 AriaExecutor.h:649] Worker 3 latency: 225758 us (50%) 288952 us (75%) 329993 us (95%) 377736 us (99%).
I0314 16:46:09.854389 1950945 AriaExecutor.h:649] Worker 4 latency: 223119 us (50%) 283801 us (75%) 328071 us (95%) 372494 us (99%).
I0314 16:46:09.856122 1950945 AriaExecutor.h:649] Worker 5 latency: 218671 us (50%) 277221 us (75%) 323648 us (95%) 345737 us (99%).
I0314 16:46:09.857964 1950945 AriaExecutor.h:649] Worker 6 latency: 215253 us (50%) 276594 us (75%) 321636 us (95%) 346939 us (99%).
I0314 16:46:09.859637 1950945 AriaExecutor.h:649] Worker 7 latency: 215529 us (50%) 275418 us (75%) 319884 us (95%) 344654 us (99%).
I0314 16:46:09.860626 1950945 AriaExecutor.h:649] Worker 8 latency: 210430 us (50%) 272682 us (75%) 318778 us (95%) 339336 us (99%).
I0314 16:46:09.861583 1950945 AriaExecutor.h:649] Worker 9 latency: 208668 us (50%) 269857 us (75%) 315271 us (95%) 337917 us (99%).
I0314 16:46:09.862565 1950945 AriaExecutor.h:649] Worker 10 latency: 208007 us (50%) 269356 us (75%) 314445 us (95%) 334750 us (99%).
I0314 16:46:09.863456 1950945 AriaExecutor.h:649] Worker 11 latency: 208876 us (50%) 266287 us (75%) 311328 us (95%) 334140 us (99%).
I0314 16:46:09.864465 1950945 Coordinator.h:177] total commit: 4662.4
I0314 16:46:10.864681 1950945 Coordinator.h:192] Coordinator exits.
