I0314 16:47:04.460157 1951532 Database.h:65] ycsb initialization finished in 40 milliseconds.
I0314 16:47:04.460382 1951532 Coordinator.h:30] Coordinator initializes 12 workers.
I0314 16:47:04.567075 1951532 Coordinator.h:77] Coordinator starts to run 13 workers.
I0314 16:47:04.567175 1951548 AriaExecutor.h:91] AriaExecutor 0 started. 
I0314 16:47:04.567229 1951549 AriaExecutor.h:91] AriaExecutor 1 started. 
I0314 16:47:04.567327 1951550 AriaExecutor.h:91] AriaExecutor 2 started. 
I0314 16:47:04.567389 1951551 AriaExecutor.h:91] AriaExecutor 3 started. 
I0314 16:47:04.567489 1951552 AriaExecutor.h:91] AriaExecutor 4 started. 
I0314 16:47:04.567608 1951553 AriaExecutor.h:91] AriaExecutor 5 started. 
I0314 16:47:04.567728 1951554 AriaExecutor.h:91] AriaExecutor 6 started. 
I0314 16:47:04.567766 1951555 AriaExecutor.h:91] AriaExecutor 7 started. 
I0314 16:47:04.567868 1951556 AriaExecutor.h:91] AriaExecutor 8 started. 
I0314 16:47:04.567914 1951557 AriaExecutor.h:91] AriaExecutor 9 started. 
I0314 16:47:04.568009 1951558 AriaExecutor.h:91] AriaExecutor 10 started. 
I0314 16:47:04.568132 1951559 AriaExecutor.h:91] AriaExecutor 11 started. 
I0314 16:47:04.568183 1951560 Manager.h:224] Manager(worker id = 12) on the coordinator node started.
I0314 16:47:05.568253 1951532 Coordinator.h:126] commit: 19385 abort: 996615 (0/996615/0), network size: 0, avg network size: 0, si_in_serializable: 0 0 %, local: 0 %
I0314 16:47:06.568444 1951532 Coordinator.h:126] commit: 26716 abort: 985284 (0/985284/0), network size: 0, avg network size: 0, si_in_serializable: 0 0 %, local: 0 %
I0314 16:47:07.568643 1951532 Coordinator.h:126] commit: 27882 abort: 984118 (0/984118/0), network size: 0, avg network size: 0, si_in_serializable: 0 0 %, local: 0 %
I0314 16:47:08.568796 1951532 Coordinator.h:126] commit: 27690 abort: 984310 (0/984310/0), network size: 0, avg network size: 0, si_in_serializable: 0 0 %, local: 0 %
I0314 16:47:09.568920 1951532 Coordinator.h:126] commit: 27258 abort: 980742 (0/980742/0), network size: 0, avg network size: 0, si_in_serializable: 0 0 %, local: 0 %
I0314 16:47:10.569036 1951532 Coordinator.h:126] commit: 26958 abort: 973042 (0/973042/0), network size: 0, avg network size: 0, si_in_serializable: 0 0 %, local: 0 %
I0314 16:47:11.569156 1951532 Coordinator.h:126] commit: 27517 abort: 980483 (0/980483/0), network size: 0, avg network size: 0, si_in_serializable: 0 0 %, local: 0 %
I0314 16:47:12.569329 1951532 Coordinator.h:126] commit: 27471 abort: 976529 (0/976529/0), network size: 0, avg network size: 0, si_in_serializable: 0 0 %, local: 0 %
I0314 16:47:13.569459 1951532 Coordinator.h:126] commit: 27509 abort: 980491 (0/980491/0), network size: 0, avg network size: 0, si_in_serializable: 0 0 %, local: 0 %
I0314 16:47:14.569571 1951532 Coordinator.h:126] commit: 27332 abort: 976668 (0/976668/0), network size: 0, avg network size: 0, si_in_serializable: 0 0 %, local: 0 %
I0314 16:47:15.569689 1951532 Coordinator.h:126] commit: 27497 abort: 976503 (0/976503/0), network size: 0, avg network size: 0, si_in_serializable: 0 0 %, local: 0 %
I0314 16:47:16.569825 1951532 Coordinator.h:126] commit: 27523 abort: 984477 (0/984477/0), network size: 0, avg network size: 0, si_in_serializable: 0 0 %, local: 0 %
I0314 16:47:17.569948 1951532 Coordinator.h:126] commit: 26940 abort: 965060 (0/965060/0), network size: 0, avg network size: 0, si_in_serializable: 0 0 %, local: 0 %
I0314 16:47:18.570060 1951532 Coordinator.h:126] commit: 27242 abort: 972758 (0/972758/0), network size: 0, avg network size: 0, si_in_serializable: 0 0 %, local: 0 %
I0314 16:47:19.570168 1951532 Coordinator.h:126] commit: 27234 abort: 972766 (0/972766/0), network size: 0, avg network size: 0, si_in_serializable: 0 0 %, local: 0 %
I0314 16:47:20.570343 1951532 Coordinator.h:126] commit: 26749 abort: 973251 (0/973251/0), network size: 0, avg network size: 0, si_in_serializable: 0 0 %, local: 0 %
I0314 16:47:21.570473 1951532 Coordinator.h:126] commit: 27249 abort: 968751 (0/968751/0), network size: 0, avg network size: 0, si_in_serializable: 0 0 %, local: 0 %
I0314 16:47:22.570587 1951532 Coordinator.h:126] commit: 27078 abort: 972922 (0/972922/0), network size: 0, avg network size: 0, si_in_serializable: 0 0 %, local: 0 %
I0314 16:47:23.570698 1951532 Coordinator.h:126] commit: 26960 abort: 977040 (0/977040/0), network size: 0, avg network size: 0, si_in_serializable: 0 0 %, local: 0 %
I0314 16:47:24.570808 1951532 Coordinator.h:126] commit: 27069 abort: 968931 (0/968931/0), network size: 0, avg network size: 0, si_in_serializable: 0 0 %, local: 0 %
I0314 16:47:25.570930 1951532 Coordinator.h:126] commit: 27371 abort: 972629 (0/972629/0), network size: 0, avg network size: 0, si_in_serializable: 0 0 %, local: 0 %
I0314 16:47:26.571058 1951532 Coordinator.h:126] commit: 27227 abort: 972773 (0/972773/0), network size: 0, avg network size: 0, si_in_serializable: 0 0 %, local: 0 %
I0314 16:47:27.571179 1951532 Coordinator.h:126] commit: 26926 abort: 969074 (0/969074/0), network size: 0, avg network size: 0, si_in_serializable: 0 0 %, local: 0 %
I0314 16:47:28.571295 1951532 Coordinator.h:126] commit: 26873 abort: 969127 (0/969127/0), network size: 0, avg network size: 0, si_in_serializable: 0 0 %, local: 0 %
I0314 16:47:29.571412 1951532 Coordinator.h:126] commit: 27176 abort: 968824 (0/968824/0), network size: 0, avg network size: 0, si_in_serializable: 0 0 %, local: 0 %
I0314 16:47:29.571450 1951532 Coordinator.h:152] average commit: 27154.1 abort: 973246 (0/973246/0), network size: 0, avg network size: 0, si_in_serializable: 0 0 %, local: 0 %
I0314 16:47:29.574874 1951556 AriaExecutor.h:103] AriaExecutor 8 exits. 
I0314 16:47:29.574892 1951550 AriaExecutor.h:103] AriaExecutor 2 exits. 
I0314 16:47:29.574874 1951548 AriaExecutor.h:103] AriaExecutor 0 exits. 
I0314 16:47:29.574896 1951560 Manager.h:227] Manager(worker id = 12) on the coordinator node exits.
I0314 16:47:29.574888 1951557 AriaExecutor.h:103] AriaExecutor 9 exits. 
I0314 16:47:29.574874 1951558 AriaExecutor.h:103] AriaExecutor 10 exits. 
I0314 16:47:29.574890 1951549 AriaExecutor.h:103] AriaExecutor 1 exits. 
I0314 16:47:29.574890 1951559 AriaExecutor.h:103] AriaExecutor 11 exits. 
I0314 16:47:29.574889 1951555 AriaExecutor.h:103] AriaExecutor 7 exits. 
I0314 16:47:29.574889 1951552 AriaExecutor.h:103] AriaExecutor 4 exits. 
I0314 16:47:29.574892 1951554 AriaExecutor.h:103] AriaExecutor 6 exits. 
I0314 16:47:29.574899 1951551 AriaExecutor.h:103] AriaExecutor 3 exits. 
I0314 16:47:29.574874 1951553 AriaExecutor.h:103] AriaExecutor 5 exits. 
I0314 16:47:29.571506 1951532 AriaExecutor.h:649] Worker 0 latency: 119234 us (50%) 290281 us (75%) 544860 us (95%) 605465 us (99%).
I0314 16:47:29.586146 1951532 AriaExecutor.h:649] Worker 1 latency: 89019 us (50%) 202584 us (75%) 515772 us (95%) 580033 us (99%).
I0314 16:47:29.593922 1951532 AriaExecutor.h:649] Worker 2 latency: 89871 us (50%) 203262 us (75%) 502172 us (95%) 570168 us (99%).
I0314 16:47:29.600426 1951532 AriaExecutor.h:649] Worker 3 latency: 86143 us (50%) 191660 us (75%) 490138 us (95%) 559144 us (99%).
I0314 16:47:29.604755 1951532 AriaExecutor.h:649] Worker 4 latency: 87403 us (50%) 195831 us (75%) 487115 us (95%) 555059 us (99%).
I0314 16:47:29.608960 1951532 AriaExecutor.h:649] Worker 5 latency: 95806 us (50%) 211011 us (75%) 475758 us (95%) 547094 us (99%).
I0314 16:47:29.614128 1951532 AriaExecutor.h:649] Worker 6 latency: 88947 us (50%) 196775 us (75%) 476999 us (95%) 549488 us (99%).
I0314 16:47:29.618475 1951532 AriaExecutor.h:649] Worker 7 latency: 83322 us (50%) 186209 us (75%) 473604 us (95%) 545116 us (99%).
I0314 16:47:29.622572 1951532 AriaExecutor.h:649] Worker 8 latency: 83370 us (50%) 185916 us (75%) 469676 us (95%) 541392 us (99%).
I0314 16:47:29.626586 1951532 AriaExecutor.h:649] Worker 9 latency: 83611 us (50%) 185539 us (75%) 464018 us (95%) 538870 us (99%).
I0314 16:47:29.630829 1951532 AriaExecutor.h:649] Worker 10 latency: 83698 us (50%) 186245 us (75%) 467713 us (95%) 542018 us (99%).
I0314 16:47:29.634846 1951532 AriaExecutor.h:649] Worker 11 latency: 87525 us (50%) 194517 us (75%) 458665 us (95%) 535710 us (99%).
I0314 16:47:29.639252 1951532 Coordinator.h:177] total commit: 27154.1
I0314 16:47:30.639452 1951532 Coordinator.h:192] Coordinator exits.
