I0314 16:28:50.656279 1944346 Database.h:65] ycsb initialization finished in 37 milliseconds.
I0314 16:28:50.656471 1944346 Coordinator.h:30] Coordinator initializes 12 workers.
I0314 16:28:50.695147 1944346 Coordinator.h:77] Coordinator starts to run 13 workers.
I0314 16:28:50.695263 1944363 AriaExecutor.h:82] AriaExecutor 0 started. 
I0314 16:28:50.695312 1944364 AriaExecutor.h:82] AriaExecutor 1 started. 
I0314 16:28:50.695417 1944365 AriaExecutor.h:82] AriaExecutor 2 started. 
I0314 16:28:50.695541 1944367 AriaExecutor.h:82] AriaExecutor 3 started. 
I0314 16:28:50.695601 1944369 AriaExecutor.h:82] AriaExecutor 4 started. 
I0314 16:28:50.695703 1944370 AriaExecutor.h:82] AriaExecutor 5 started. 
I0314 16:28:50.695820 1944371 AriaExecutor.h:82] AriaExecutor 6 started. 
I0314 16:28:50.695875 1944372 AriaExecutor.h:82] AriaExecutor 7 started. 
I0314 16:28:50.695978 1944373 AriaExecutor.h:82] AriaExecutor 8 started. 
I0314 16:28:50.696100 1944374 AriaExecutor.h:82] AriaExecutor 9 started. 
I0314 16:28:50.696147 1944375 AriaExecutor.h:82] AriaExecutor 10 started. 
I0314 16:28:50.696271 1944376 AriaExecutor.h:82] AriaExecutor 11 started. 
I0314 16:28:50.696316 1944377 Manager.h:224] Manager(worker id = 12) on the coordinator node started.
I0314 16:28:51.696370 1944346 Coordinator.h:126] commit: 40423 abort: 859577 (0/859577/0), network size: 0, avg network size: 0, si_in_serializable: 0 0 %, local: 0 %
I0314 16:28:52.696540 1944346 Coordinator.h:126] commit: 42316 abort: 854684 (0/854684/0), network size: 0, avg network size: 0, si_in_serializable: 0 0 %, local: 0 %
I0314 16:28:53.696749 1944346 Coordinator.h:126] commit: 43264 abort: 863736 (0/863736/0), network size: 0, avg network size: 0, si_in_serializable: 0 0 %, local: 0 %
I0314 16:28:54.696894 1944346 Coordinator.h:126] commit: 42787 abort: 862213 (0/862213/0), network size: 0, avg network size: 0, si_in_serializable: 0 0 %, local: 0 %
I0314 16:28:55.697012 1944346 Coordinator.h:126] commit: 42545 abort: 865455 (0/865455/0), network size: 0, avg network size: 0, si_in_serializable: 0 0 %, local: 0 %
I0314 16:28:56.697136 1944346 Coordinator.h:126] commit: 42588 abort: 855412 (0/855412/0), network size: 0, avg network size: 0, si_in_serializable: 0 0 %, local: 0 %
I0314 16:28:57.697268 1944346 Coordinator.h:126] commit: 43025 abort: 864975 (0/864975/0), network size: 0, avg network size: 0, si_in_serializable: 0 0 %, local: 0 %
I0314 16:28:58.697467 1944346 Coordinator.h:126] commit: 43001 abort: 860999 (0/860999/0), network size: 0, avg network size: 0, si_in_serializable: 0 0 %, local: 0 %
I0314 16:28:59.697606 1944346 Coordinator.h:126] commit: 42746 abort: 864254 (0/864254/0), network size: 0, avg network size: 0, si_in_serializable: 0 0 %, local: 0 %
I0314 16:29:00.697714 1944346 Coordinator.h:126] commit: 42889 abort: 862111 (0/862111/0), network size: 0, avg network size: 0, si_in_serializable: 0 0 %, local: 0 %
I0314 16:29:01.697844 1944346 Coordinator.h:126] commit: 42540 abort: 860460 (0/860460/0), network size: 0, avg network size: 0, si_in_serializable: 0 0 %, local: 0 %
I0314 16:29:02.697976 1944346 Coordinator.h:126] commit: 42282 abort: 847718 (0/847718/0), network size: 0, avg network size: 0, si_in_serializable: 0 0 %, local: 0 %
I0314 16:29:03.698115 1944346 Coordinator.h:126] commit: 41981 abort: 859019 (0/859019/0), network size: 0, avg network size: 0, si_in_serializable: 0 0 %, local: 0 %
I0314 16:29:04.698302 1944346 Coordinator.h:126] commit: 42019 abort: 860981 (0/860981/0), network size: 0, avg network size: 0, si_in_serializable: 0 0 %, local: 0 %
I0314 16:29:05.698439 1944346 Coordinator.h:126] commit: 42675 abort: 860325 (0/860325/0), network size: 0, avg network size: 0, si_in_serializable: 0 0 %, local: 0 %
I0314 16:29:06.698565 1944346 Coordinator.h:126] commit: 42564 abort: 861436 (0/861436/0), network size: 0, avg network size: 0, si_in_serializable: 0 0 %, local: 0 %
I0314 16:29:07.698704 1944346 Coordinator.h:126] commit: 41556 abort: 857444 (0/857444/0), network size: 0, avg network size: 0, si_in_serializable: 0 0 %, local: 0 %
I0314 16:29:08.698840 1944346 Coordinator.h:126] commit: 42585 abort: 856415 (0/856415/0), network size: 0, avg network size: 0, si_in_serializable: 0 0 %, local: 0 %
I0314 16:29:09.698978 1944346 Coordinator.h:126] commit: 42523 abort: 859477 (0/859477/0), network size: 0, avg network size: 0, si_in_serializable: 0 0 %, local: 0 %
I0314 16:29:10.699116 1944346 Coordinator.h:126] commit: 42129 abort: 843871 (0/843871/0), network size: 0, avg network size: 0, si_in_serializable: 0 0 %, local: 0 %
I0314 16:29:11.699277 1944346 Coordinator.h:126] commit: 42060 abort: 851940 (0/851940/0), network size: 0, avg network size: 0, si_in_serializable: 0 0 %, local: 0 %
I0314 16:29:12.699421 1944346 Coordinator.h:126] commit: 42432 abort: 856568 (0/856568/0), network size: 0, avg network size: 0, si_in_serializable: 0 0 %, local: 0 %
I0314 16:29:13.699563 1944346 Coordinator.h:126] commit: 42307 abort: 856693 (0/856693/0), network size: 0, avg network size: 0, si_in_serializable: 0 0 %, local: 0 %
I0314 16:29:14.699690 1944346 Coordinator.h:126] commit: 42227 abort: 855773 (0/855773/0), network size: 0, avg network size: 0, si_in_serializable: 0 0 %, local: 0 %
I0314 16:29:15.699808 1944346 Coordinator.h:126] commit: 42368 abort: 856632 (0/856632/0), network size: 0, avg network size: 0, si_in_serializable: 0 0 %, local: 0 %
I0314 16:29:15.699849 1944346 Coordinator.h:152] average commit: 42285.4 abort: 856715 (0/856715/0), network size: 0, avg network size: 0, si_in_serializable: 0 0 %, local: 0 %
I0314 16:29:15.700990 1944372 AriaExecutor.h:94] AriaExecutor 7 exits. 
I0314 16:29:15.701005 1944363 AriaExecutor.h:94] AriaExecutor 0 exits. 
I0314 16:29:15.700990 1944375 AriaExecutor.h:94] AriaExecutor 10 exits. 
I0314 16:29:15.701012 1944365 AriaExecutor.h:94] AriaExecutor 2 exits. 
I0314 16:29:15.701004 1944373 AriaExecutor.h:94] AriaExecutor 8 exits. 
I0314 16:29:15.700990 1944371 AriaExecutor.h:94] AriaExecutor 6 exits. 
I0314 16:29:15.701006 1944369 AriaExecutor.h:94] AriaExecutor 4 exits. 
I0314 16:29:15.701004 1944364 AriaExecutor.h:94] AriaExecutor 1 exits. 
I0314 16:29:15.701004 1944367 AriaExecutor.h:94] AriaExecutor 3 exits. 
I0314 16:29:15.701005 1944376 AriaExecutor.h:94] AriaExecutor 11 exits. 
I0314 16:29:15.701013 1944374 AriaExecutor.h:94] AriaExecutor 9 exits. 
I0314 16:29:15.700996 1944377 Manager.h:227] Manager(worker id = 12) on the coordinator node exits.
I0314 16:29:15.701006 1944370 AriaExecutor.h:94] AriaExecutor 5 exits. 
I0314 16:29:15.699893 1944346 AriaExecutor.h:535] Worker 0 latency: 25018 us (50%) 49568 us (75%) 65205 us (95%) 71184 us (99%).
I0314 16:29:15.721937 1944346 AriaExecutor.h:535] Worker 1 latency: 20568 us (50%) 41736 us (75%) 62548 us (95%) 68786 us (99%).
I0314 16:29:15.731096 1944346 AriaExecutor.h:535] Worker 2 latency: 19782 us (50%) 38867 us (75%) 60687 us (95%) 67111 us (99%).
I0314 16:29:15.739194 1944346 AriaExecutor.h:535] Worker 3 latency: 18754 us (50%) 37249 us (75%) 59550 us (95%) 66164 us (99%).
I0314 16:29:15.746435 1944346 AriaExecutor.h:535] Worker 4 latency: 16592 us (50%) 34205 us (75%) 59244 us (95%) 65609 us (99%).
I0314 16:29:15.751654 1944346 AriaExecutor.h:535] Worker 5 latency: 17338 us (50%) 33384 us (75%) 57921 us (95%) 64705 us (99%).
I0314 16:29:15.757157 1944346 AriaExecutor.h:535] Worker 6 latency: 16531 us (50%) 33059 us (75%) 57301 us (95%) 64171 us (99%).
I0314 16:29:15.762357 1944346 AriaExecutor.h:535] Worker 7 latency: 16180 us (50%) 31899 us (75%) 56813 us (95%) 63714 us (99%).
I0314 16:29:15.767364 1944346 AriaExecutor.h:535] Worker 8 latency: 16134 us (50%) 31581 us (75%) 56359 us (95%) 63198 us (99%).
I0314 16:29:15.772290 1944346 AriaExecutor.h:535] Worker 9 latency: 16267 us (50%) 31095 us (75%) 55273 us (95%) 62272 us (99%).
I0314 16:29:15.777503 1944346 AriaExecutor.h:535] Worker 10 latency: 15287 us (50%) 30593 us (75%) 55208 us (95%) 62137 us (99%).
I0314 16:29:15.782409 1944346 AriaExecutor.h:535] Worker 11 latency: 16045 us (50%) 30826 us (75%) 54336 us (95%) 61544 us (99%).
I0314 16:29:15.787539 1944346 Coordinator.h:177] total commit: 42285.4
I0314 16:29:16.787731 1944346 Coordinator.h:192] Coordinator exits.
