I0314 16:15:59.211905 1939591 Database.h:65] ycsb initialization finished in 38 milliseconds.
I0314 16:15:59.212111 1939591 Coordinator.h:30] Coordinator initializes 12 workers.
I0314 16:15:59.319996 1939591 Coordinator.h:77] Coordinator starts to run 13 workers.
I0314 16:15:59.320082 1939607 AriaExecutor.h:82] AriaExecutor 0 started. 
I0314 16:15:59.320127 1939608 AriaExecutor.h:82] AriaExecutor 1 started. 
I0314 16:15:59.320236 1939609 AriaExecutor.h:82] AriaExecutor 2 started. 
I0314 16:15:59.320395 1939610 AriaExecutor.h:82] AriaExecutor 3 started. 
I0314 16:15:59.320413 1939611 AriaExecutor.h:82] AriaExecutor 4 started. 
I0314 16:15:59.320531 1939612 AriaExecutor.h:82] AriaExecutor 5 started. 
I0314 16:15:59.320648 1939613 AriaExecutor.h:82] AriaExecutor 6 started. 
I0314 16:15:59.320686 1939614 AriaExecutor.h:82] AriaExecutor 7 started. 
I0314 16:15:59.320786 1939615 AriaExecutor.h:82] AriaExecutor 8 started. 
I0314 16:15:59.320905 1939616 AriaExecutor.h:82] AriaExecutor 9 started. 
I0314 16:15:59.320932 1939617 AriaExecutor.h:82] AriaExecutor 10 started. 
I0314 16:15:59.321044 1939618 AriaExecutor.h:82] AriaExecutor 11 started. 
I0314 16:15:59.321105 1939619 Manager.h:224] Manager(worker id = 12) on the coordinator node started.
I0314 16:16:00.321163 1939591 Coordinator.h:126] commit: 330 abort: 87670 (0/87670/0), network size: 0, avg network size: 0, si_in_serializable: 0 0 %, local: 0 %
I0314 16:16:01.321317 1939591 Coordinator.h:126] commit: 425 abort: 87575 (0/87575/0), network size: 0, avg network size: 0, si_in_serializable: 0 0 %, local: 0 %
I0314 16:16:02.321512 1939591 Coordinator.h:126] commit: 364 abort: 95636 (0/95636/0), network size: 0, avg network size: 0, si_in_serializable: 0 0 %, local: 0 %
I0314 16:16:03.321671 1939591 Coordinator.h:126] commit: 377 abort: 91623 (0/91623/0), network size: 0, avg network size: 0, si_in_serializable: 0 0 %, local: 0 %
I0314 16:16:04.321810 1939591 Coordinator.h:126] commit: 394 abort: 87606 (0/87606/0), network size: 0, avg network size: 0, si_in_serializable: 0 0 %, local: 0 %
I0314 16:16:05.321957 1939591 Coordinator.h:126] commit: 437 abort: 91563 (0/91563/0), network size: 0, avg network size: 0, si_in_serializable: 0 0 %, local: 0 %
I0314 16:16:06.322100 1939591 Coordinator.h:126] commit: 398 abort: 87602 (0/87602/0), network size: 0, avg network size: 0, si_in_serializable: 0 0 %, local: 0 %
I0314 16:16:07.322293 1939591 Coordinator.h:126] commit: 367 abort: 91633 (0/91633/0), network size: 0, avg network size: 0, si_in_serializable: 0 0 %, local: 0 %
I0314 16:16:08.322433 1939591 Coordinator.h:126] commit: 389 abort: 87611 (0/87611/0), network size: 0, avg network size: 0, si_in_serializable: 0 0 %, local: 0 %
I0314 16:16:09.322570 1939591 Coordinator.h:126] commit: 467 abort: 87533 (0/87533/0), network size: 0, avg network size: 0, si_in_serializable: 0 0 %, local: 0 %
I0314 16:16:10.322702 1939591 Coordinator.h:126] commit: 794 abort: 87206 (0/87206/0), network size: 0, avg network size: 0, si_in_serializable: 0 0 %, local: 0 %
I0314 16:16:11.322855 1939591 Coordinator.h:126] commit: 1194 abort: 90806 (0/90806/0), network size: 0, avg network size: 0, si_in_serializable: 0 0 %, local: 0 %
I0314 16:16:12.322993 1939591 Coordinator.h:126] commit: 1092 abort: 86908 (0/86908/0), network size: 0, avg network size: 0, si_in_serializable: 0 0 %, local: 0 %
I0314 16:16:13.323122 1939591 Coordinator.h:126] commit: 1097 abort: 90903 (0/90903/0), network size: 0, avg network size: 0, si_in_serializable: 0 0 %, local: 0 %
I0314 16:16:14.323256 1939591 Coordinator.h:126] commit: 826 abort: 91174 (0/91174/0), network size: 0, avg network size: 0, si_in_serializable: 0 0 %, local: 0 %
I0314 16:16:15.323385 1939591 Coordinator.h:126] commit: 722 abort: 91278 (0/91278/0), network size: 0, avg network size: 0, si_in_serializable: 0 0 %, local: 0 %
I0314 16:16:16.323524 1939591 Coordinator.h:126] commit: 721 abort: 91279 (0/91279/0), network size: 0, avg network size: 0, si_in_serializable: 0 0 %, local: 0 %
I0314 16:16:17.323663 1939591 Coordinator.h:126] commit: 673 abort: 87327 (0/87327/0), network size: 0, avg network size: 0, si_in_serializable: 0 0 %, local: 0 %
I0314 16:16:18.323791 1939591 Coordinator.h:126] commit: 764 abort: 91236 (0/91236/0), network size: 0, avg network size: 0, si_in_serializable: 0 0 %, local: 0 %
I0314 16:16:19.323940 1939591 Coordinator.h:126] commit: 883 abort: 91117 (0/91117/0), network size: 0, avg network size: 0, si_in_serializable: 0 0 %, local: 0 %
I0314 16:16:20.324126 1939591 Coordinator.h:126] commit: 927 abort: 87073 (0/87073/0), network size: 0, avg network size: 0, si_in_serializable: 0 0 %, local: 0 %
I0314 16:16:21.324287 1939591 Coordinator.h:126] commit: 947 abort: 91053 (0/91053/0), network size: 0, avg network size: 0, si_in_serializable: 0 0 %, local: 0 %
I0314 16:16:22.324429 1939591 Coordinator.h:126] commit: 921 abort: 87079 (0/87079/0), network size: 0, avg network size: 0, si_in_serializable: 0 0 %, local: 0 %
I0314 16:16:23.324568 1939591 Coordinator.h:126] commit: 819 abort: 91181 (0/91181/0), network size: 0, avg network size: 0, si_in_serializable: 0 0 %, local: 0 %
I0314 16:16:24.324710 1939591 Coordinator.h:126] commit: 836 abort: 91164 (0/91164/0), network size: 0, avg network size: 0, si_in_serializable: 0 0 %, local: 0 %
I0314 16:16:24.324760 1939591 Coordinator.h:152] average commit: 876.6 abort: 89923.4 (0/89923.4/0), network size: 0, avg network size: 0, si_in_serializable: 0 0 %, local: 0 %
I0314 16:16:24.324803 1939591 AriaExecutor.h:535] Worker 0 latency: 4816189 us (50%) 5833764 us (75%) 9438061 us (95%) 10293698 us (99%).
I0314 16:16:24.345978 1939612 AriaExecutor.h:94] AriaExecutor 5 exits. 
I0314 16:16:24.345978 1939614 AriaExecutor.h:94] AriaExecutor 7 exits. 
I0314 16:16:24.345978 1939615 AriaExecutor.h:94] AriaExecutor 8 exits. 
I0314 16:16:24.345988 1939617 AriaExecutor.h:94] AriaExecutor 10 exits. 
I0314 16:16:24.345988 1939616 AriaExecutor.h:94] AriaExecutor 9 exits. 
I0314 16:16:24.345988 1939607 AriaExecutor.h:94] AriaExecutor 0 exits. 
I0314 16:16:24.345979 1939619 Manager.h:227] Manager(worker id = 12) on the coordinator node exits.
I0314 16:16:24.345991 1939608 AriaExecutor.h:94] AriaExecutor 1 exits. 
I0314 16:16:24.345985 1939609 AriaExecutor.h:94] AriaExecutor 2 exits. 
I0314 16:16:24.345988 1939611 AriaExecutor.h:94] AriaExecutor 4 exits. 
I0314 16:16:24.345978 1939610 AriaExecutor.h:94] AriaExecutor 3 exits. 
I0314 16:16:24.345988 1939618 AriaExecutor.h:94] AriaExecutor 11 exits. 
I0314 16:16:24.345978 1939613 AriaExecutor.h:94] AriaExecutor 6 exits. 
I0314 16:16:24.346333 1939591 AriaExecutor.h:535] Worker 1 latency: 4931135 us (50%) 5834099 us (75%) 9542019 us (95%) 10473878 us (99%).
I0314 16:16:24.346515 1939591 AriaExecutor.h:535] Worker 2 latency: 4971506 us (50%) 6261868 us (75%) 9425075 us (95%) 10383889 us (99%).
I0314 16:16:24.346693 1939591 AriaExecutor.h:535] Worker 3 latency: 4934507 us (50%) 6187067 us (75%) 9482959 us (95%) 10338497 us (99%).
I0314 16:16:24.346833 1939591 AriaExecutor.h:535] Worker 4 latency: 4963227 us (50%) 6186755 us (75%) 9505713 us (95%) 10338302 us (99%).
I0314 16:16:24.347059 1939591 AriaExecutor.h:535] Worker 5 latency: 4755665 us (50%) 5519548 us (75%) 9257745 us (95%) 10128381 us (99%).
I0314 16:16:24.347340 1939591 AriaExecutor.h:535] Worker 6 latency: 4835297 us (50%) 5833797 us (75%) 9425114 us (95%) 10390468 us (99%).
I0314 16:16:24.347568 1939591 AriaExecutor.h:535] Worker 7 latency: 4889611 us (50%) 6132489 us (75%) 9420372 us (95%) 10383890 us (99%).
I0314 16:16:24.347736 1939591 AriaExecutor.h:535] Worker 8 latency: 4887053 us (50%) 5954552 us (75%) 9393025 us (95%) 10260310 us (99%).
I0314 16:16:24.347888 1939591 AriaExecutor.h:535] Worker 9 latency: 4837680 us (50%) 5641146 us (75%) 9303996 us (95%) 10301308 us (99%).
I0314 16:16:24.348057 1939591 AriaExecutor.h:535] Worker 10 latency: 4858810 us (50%) 5820607 us (75%) 9483374 us (95%) 10258519 us (99%).
I0314 16:16:24.348214 1939591 AriaExecutor.h:535] Worker 11 latency: 4806755 us (50%) 5551736 us (75%) 9078682 us (95%) 10113185 us (99%).
I0314 16:16:24.348466 1939591 Coordinator.h:177] total commit: 876.6
I0314 16:16:25.348697 1939591 Coordinator.h:192] Coordinator exits.
