I0314 16:19:58.925886 1941083 Database.h:65] ycsb initialization finished in 39 milliseconds.
I0314 16:19:58.926095 1941083 Coordinator.h:30] Coordinator initializes 12 workers.
I0314 16:19:58.963090 1941083 Coordinator.h:77] Coordinator starts to run 13 workers.
I0314 16:19:58.963178 1941099 AriaExecutor.h:82] AriaExecutor 0 started. 
I0314 16:19:58.963241 1941100 AriaExecutor.h:82] AriaExecutor 1 started. 
I0314 16:19:58.963337 1941101 AriaExecutor.h:82] AriaExecutor 2 started. 
I0314 16:19:58.963430 1941102 AriaExecutor.h:82] AriaExecutor 3 started. 
I0314 16:19:58.963521 1941103 AriaExecutor.h:82] AriaExecutor 4 started. 
I0314 16:19:58.963644 1941104 AriaExecutor.h:82] AriaExecutor 5 started. 
I0314 16:19:58.963742 1941105 AriaExecutor.h:82] AriaExecutor 6 started. 
I0314 16:19:58.963833 1941106 AriaExecutor.h:82] AriaExecutor 7 started. 
I0314 16:19:58.963907 1941107 AriaExecutor.h:82] AriaExecutor 8 started. 
I0314 16:19:58.963982 1941108 AriaExecutor.h:82] AriaExecutor 9 started. 
I0314 16:19:58.964054 1941109 AriaExecutor.h:82] AriaExecutor 10 started. 
I0314 16:19:58.964146 1941110 AriaExecutor.h:82] AriaExecutor 11 started. 
I0314 16:19:58.964217 1941111 Manager.h:224] Manager(worker id = 12) on the coordinator node started.
I0314 16:19:59.964267 1941083 Coordinator.h:126] commit: 248936 abort: 763064 (0/763064/0), network size: 0, avg network size: 0, si_in_serializable: 0 0 %, local: 0 %
I0314 16:20:00.964432 1941083 Coordinator.h:126] commit: 249720 abort: 764280 (0/764280/0), network size: 0, avg network size: 0, si_in_serializable: 0 0 %, local: 0 %
I0314 16:20:01.964612 1941083 Coordinator.h:126] commit: 249298 abort: 778702 (0/778702/0), network size: 0, avg network size: 0, si_in_serializable: 0 0 %, local: 0 %
I0314 16:20:02.964767 1941083 Coordinator.h:126] commit: 248703 abort: 779297 (0/779297/0), network size: 0, avg network size: 0, si_in_serializable: 0 0 %, local: 0 %
I0314 16:20:03.964903 1941083 Coordinator.h:126] commit: 248477 abort: 788523 (0/788523/0), network size: 0, avg network size: 0, si_in_serializable: 0 0 %, local: 0 %
I0314 16:20:04.965027 1941083 Coordinator.h:126] commit: 253068 abort: 758932 (0/758932/0), network size: 0, avg network size: 0, si_in_serializable: 0 0 %, local: 0 %
I0314 16:20:05.965142 1941083 Coordinator.h:126] commit: 250817 abort: 763183 (0/763183/0), network size: 0, avg network size: 0, si_in_serializable: 0 0 %, local: 0 %
I0314 16:20:06.965320 1941083 Coordinator.h:126] commit: 249490 abort: 786510 (0/786510/0), network size: 0, avg network size: 0, si_in_serializable: 0 0 %, local: 0 %
I0314 16:20:07.965489 1941083 Coordinator.h:126] commit: 245485 abort: 797515 (0/797515/0), network size: 0, avg network size: 0, si_in_serializable: 0 0 %, local: 0 %
I0314 16:20:08.965626 1941083 Coordinator.h:126] commit: 247985 abort: 790015 (0/790015/0), network size: 0, avg network size: 0, si_in_serializable: 0 0 %, local: 0 %
I0314 16:20:09.965754 1941083 Coordinator.h:126] commit: 251134 abort: 780866 (0/780866/0), network size: 0, avg network size: 0, si_in_serializable: 0 0 %, local: 0 %
I0314 16:20:10.965900 1941083 Coordinator.h:126] commit: 253797 abort: 769203 (0/769203/0), network size: 0, avg network size: 0, si_in_serializable: 0 0 %, local: 0 %
I0314 16:20:11.966009 1941083 Coordinator.h:126] commit: 240418 abort: 774582 (0/774582/0), network size: 0, avg network size: 0, si_in_serializable: 0 0 %, local: 0 %
I0314 16:20:12.966127 1941083 Coordinator.h:126] commit: 252203 abort: 759797 (0/759797/0), network size: 0, avg network size: 0, si_in_serializable: 0 0 %, local: 0 %
I0314 16:20:13.966270 1941083 Coordinator.h:126] commit: 248771 abort: 782229 (0/782229/0), network size: 0, avg network size: 0, si_in_serializable: 0 0 %, local: 0 %
I0314 16:20:14.966466 1941083 Coordinator.h:126] commit: 252338 abort: 772662 (0/772662/0), network size: 0, avg network size: 0, si_in_serializable: 0 0 %, local: 0 %
I0314 16:20:15.966604 1941083 Coordinator.h:126] commit: 247411 abort: 790589 (0/790589/0), network size: 0, avg network size: 0, si_in_serializable: 0 0 %, local: 0 %
I0314 16:20:16.966714 1941083 Coordinator.h:126] commit: 248879 abort: 786121 (0/786121/0), network size: 0, avg network size: 0, si_in_serializable: 0 0 %, local: 0 %
I0314 16:20:17.966835 1941083 Coordinator.h:126] commit: 251902 abort: 776098 (0/776098/0), network size: 0, avg network size: 0, si_in_serializable: 0 0 %, local: 0 %
I0314 16:20:18.966984 1941083 Coordinator.h:126] commit: 248129 abort: 787871 (0/787871/0), network size: 0, avg network size: 0, si_in_serializable: 0 0 %, local: 0 %
I0314 16:20:19.967123 1941083 Coordinator.h:126] commit: 251495 abort: 775505 (0/775505/0), network size: 0, avg network size: 0, si_in_serializable: 0 0 %, local: 0 %
I0314 16:20:20.967250 1941083 Coordinator.h:126] commit: 247953 abort: 787047 (0/787047/0), network size: 0, avg network size: 0, si_in_serializable: 0 0 %, local: 0 %
I0314 16:20:21.967367 1941083 Coordinator.h:126] commit: 254733 abort: 767267 (0/767267/0), network size: 0, avg network size: 0, si_in_serializable: 0 0 %, local: 0 %
I0314 16:20:22.967485 1941083 Coordinator.h:126] commit: 247094 abort: 770906 (0/770906/0), network size: 0, avg network size: 0, si_in_serializable: 0 0 %, local: 0 %
I0314 16:20:23.967622 1941083 Coordinator.h:126] commit: 245121 abort: 766879 (0/766879/0), network size: 0, avg network size: 0, si_in_serializable: 0 0 %, local: 0 %
I0314 16:20:23.967679 1941083 Coordinator.h:152] average commit: 249498 abort: 778002 (0/778002/0), network size: 0, avg network size: 0, si_in_serializable: 0 0 %, local: 0 %
I0314 16:20:23.968187 1941109 AriaExecutor.h:94] AriaExecutor 10 exits. 
I0314 16:20:23.968209 1941099 AriaExecutor.h:94] AriaExecutor 0 exits. 
I0314 16:20:23.968202 1941100 AriaExecutor.h:94] AriaExecutor 1 exits. 
I0314 16:20:23.968189 1941101 AriaExecutor.h:94] AriaExecutor 2 exits. 
I0314 16:20:23.968189 1941103 AriaExecutor.h:94] AriaExecutor 4 exits. 
I0314 16:20:23.968204 1941108 AriaExecutor.h:94] AriaExecutor 9 exits. 
I0314 16:20:23.968189 1941106 AriaExecutor.h:94] AriaExecutor 7 exits. 
I0314 16:20:23.968204 1941104 AriaExecutor.h:94] AriaExecutor 5 exits. 
I0314 16:20:23.968204 1941107 AriaExecutor.h:94] AriaExecutor 8 exits. 
I0314 16:20:23.968206 1941110 AriaExecutor.h:94] AriaExecutor 11 exits. 
I0314 16:20:23.968214 1941111 Manager.h:227] Manager(worker id = 12) on the coordinator node exits.
I0314 16:20:23.968205 1941105 AriaExecutor.h:94] AriaExecutor 6 exits. 
I0314 16:20:23.968189 1941102 AriaExecutor.h:94] AriaExecutor 3 exits. 
I0314 16:20:23.967720 1941083 AriaExecutor.h:535] Worker 0 latency: 712 us (50%) 2651 us (75%) 37694 us (95%) 52944 us (99%).
I0314 16:20:24.017511 1941083 AriaExecutor.h:535] Worker 1 latency: 701 us (50%) 1466 us (75%) 20811 us (95%) 38394 us (99%).
I0314 16:20:24.044559 1941083 AriaExecutor.h:535] Worker 2 latency: 699 us (50%) 1483 us (75%) 20501 us (95%) 36555 us (99%).
I0314 16:20:24.072158 1941083 AriaExecutor.h:535] Worker 3 latency: 700 us (50%) 1457 us (75%) 20368 us (95%) 36190 us (99%).
I0314 16:20:24.098975 1941083 AriaExecutor.h:535] Worker 4 latency: 701 us (50%) 1396 us (75%) 19940 us (95%) 35276 us (99%).
I0314 16:20:24.129541 1941083 AriaExecutor.h:535] Worker 5 latency: 700 us (50%) 1422 us (75%) 19974 us (95%) 35271 us (99%).
I0314 16:20:24.160396 1941083 AriaExecutor.h:535] Worker 6 latency: 699 us (50%) 1382 us (75%) 19661 us (95%) 34584 us (99%).
I0314 16:20:24.193200 1941083 AriaExecutor.h:535] Worker 7 latency: 700 us (50%) 922 us (75%) 19419 us (95%) 34150 us (99%).
I0314 16:20:24.223917 1941083 AriaExecutor.h:535] Worker 8 latency: 700 us (50%) 920 us (75%) 19494 us (95%) 34138 us (99%).
I0314 16:20:24.254767 1941083 AriaExecutor.h:535] Worker 9 latency: 700 us (50%) 917 us (75%) 19397 us (95%) 33984 us (99%).
I0314 16:20:24.285590 1941083 AriaExecutor.h:535] Worker 10 latency: 699 us (50%) 901 us (75%) 19215 us (95%) 33542 us (99%).
I0314 16:20:24.316576 1941083 AriaExecutor.h:535] Worker 11 latency: 698 us (50%) 924 us (75%) 19344 us (95%) 33596 us (99%).
I0314 16:20:24.347883 1941083 Coordinator.h:177] total commit: 249498
I0314 16:20:25.348099 1941083 Coordinator.h:192] Coordinator exits.
