I0314 16:48:50.888228 1952302 Database.h:65] ycsb initialization finished in 38 milliseconds.
I0314 16:48:50.888458 1952302 Coordinator.h:30] Coordinator initializes 12 workers.
I0314 16:48:50.994856 1952302 Coordinator.h:77] Coordinator starts to run 13 workers.
I0314 16:48:50.994939 1952318 AriaExecutor.h:91] AriaExecutor 0 started. 
I0314 16:48:50.994995 1952319 AriaExecutor.h:91] AriaExecutor 1 started. 
I0314 16:48:50.995098 1952320 AriaExecutor.h:91] AriaExecutor 2 started. 
I0314 16:48:50.995216 1952321 AriaExecutor.h:91] AriaExecutor 3 started. 
I0314 16:48:50.995347 1952322 AriaExecutor.h:91] AriaExecutor 4 started. 
I0314 16:48:50.995379 1952323 AriaExecutor.h:91] AriaExecutor 5 started. 
I0314 16:48:50.995488 1952324 AriaExecutor.h:91] AriaExecutor 6 started. 
I0314 16:48:50.995529 1952325 AriaExecutor.h:91] AriaExecutor 7 started. 
I0314 16:48:50.995627 1952326 AriaExecutor.h:91] AriaExecutor 8 started. 
I0314 16:48:50.995748 1952327 AriaExecutor.h:91] AriaExecutor 9 started. 
I0314 16:48:50.995797 1952328 AriaExecutor.h:91] AriaExecutor 10 started. 
I0314 16:48:50.995893 1952329 AriaExecutor.h:91] AriaExecutor 11 started. 
I0314 16:48:50.995945 1952330 Manager.h:224] Manager(worker id = 12) on the coordinator node started.
I0314 16:48:51.996006 1952302 Coordinator.h:126] commit: 59008 abort: 1608992 (0/1608992/0), network size: 0, avg network size: 0, si_in_serializable: 0 0 %, local: 0 %
I0314 16:48:52.996174 1952302 Coordinator.h:126] commit: 71262 abort: 1588738 (0/1588738/0), network size: 0, avg network size: 0, si_in_serializable: 0 0 %, local: 0 %
I0314 16:48:53.996385 1952302 Coordinator.h:126] commit: 70522 abort: 1589478 (0/1589478/0), network size: 0, avg network size: 0, si_in_serializable: 0 0 %, local: 0 %
I0314 16:48:54.996548 1952302 Coordinator.h:126] commit: 70956 abort: 1597044 (0/1597044/0), network size: 0, avg network size: 0, si_in_serializable: 0 0 %, local: 0 %
I0314 16:48:55.996690 1952302 Coordinator.h:126] commit: 71052 abort: 1588948 (0/1588948/0), network size: 0, avg network size: 0, si_in_serializable: 0 0 %, local: 0 %
I0314 16:48:56.996807 1952302 Coordinator.h:126] commit: 69563 abort: 1562437 (0/1562437/0), network size: 0, avg network size: 0, si_in_serializable: 0 0 %, local: 0 %
I0314 16:48:57.996955 1952302 Coordinator.h:126] commit: 70144 abort: 1585856 (0/1585856/0), network size: 0, avg network size: 0, si_in_serializable: 0 0 %, local: 0 %
I0314 16:48:58.997182 1952302 Coordinator.h:126] commit: 70652 abort: 1573348 (0/1573348/0), network size: 0, avg network size: 0, si_in_serializable: 0 0 %, local: 0 %
I0314 16:48:59.997354 1952302 Coordinator.h:126] commit: 69594 abort: 1570406 (0/1570406/0), network size: 0, avg network size: 0, si_in_serializable: 0 0 %, local: 0 %
I0314 16:49:00.997469 1952302 Coordinator.h:126] commit: 70386 abort: 1569614 (0/1569614/0), network size: 0, avg network size: 0, si_in_serializable: 0 0 %, local: 0 %
I0314 16:49:01.997578 1952302 Coordinator.h:126] commit: 69630 abort: 1570370 (0/1570370/0), network size: 0, avg network size: 0, si_in_serializable: 0 0 %, local: 0 %
I0314 16:49:02.997687 1952302 Coordinator.h:126] commit: 69660 abort: 1558340 (0/1558340/0), network size: 0, avg network size: 0, si_in_serializable: 0 0 %, local: 0 %
I0314 16:49:03.997818 1952302 Coordinator.h:126] commit: 69867 abort: 1570133 (0/1570133/0), network size: 0, avg network size: 0, si_in_serializable: 0 0 %, local: 0 %
I0314 16:49:04.997957 1952302 Coordinator.h:126] commit: 69550 abort: 1550450 (0/1550450/0), network size: 0, avg network size: 0, si_in_serializable: 0 0 %, local: 0 %
I0314 16:49:05.998070 1952302 Coordinator.h:126] commit: 69365 abort: 1570635 (0/1570635/0), network size: 0, avg network size: 0, si_in_serializable: 0 0 %, local: 0 %
I0314 16:49:06.998179 1952302 Coordinator.h:126] commit: 69771 abort: 1570229 (0/1570229/0), network size: 0, avg network size: 0, si_in_serializable: 0 0 %, local: 0 %
I0314 16:49:07.998378 1952302 Coordinator.h:126] commit: 69599 abort: 1566401 (0/1566401/0), network size: 0, avg network size: 0, si_in_serializable: 0 0 %, local: 0 %
I0314 16:49:08.998508 1952302 Coordinator.h:126] commit: 70338 abort: 1565662 (0/1565662/0), network size: 0, avg network size: 0, si_in_serializable: 0 0 %, local: 0 %
I0314 16:49:09.998624 1952302 Coordinator.h:126] commit: 70801 abort: 1573199 (0/1573199/0), network size: 0, avg network size: 0, si_in_serializable: 0 0 %, local: 0 %
I0314 16:49:10.998739 1952302 Coordinator.h:126] commit: 70802 abort: 1573198 (0/1573198/0), network size: 0, avg network size: 0, si_in_serializable: 0 0 %, local: 0 %
I0314 16:49:11.998844 1952302 Coordinator.h:126] commit: 69904 abort: 1570096 (0/1570096/0), network size: 0, avg network size: 0, si_in_serializable: 0 0 %, local: 0 %
I0314 16:49:12.998968 1952302 Coordinator.h:126] commit: 70671 abort: 1573329 (0/1573329/0), network size: 0, avg network size: 0, si_in_serializable: 0 0 %, local: 0 %
I0314 16:49:13.999081 1952302 Coordinator.h:126] commit: 68912 abort: 1547088 (0/1547088/0), network size: 0, avg network size: 0, si_in_serializable: 0 0 %, local: 0 %
I0314 16:49:14.999214 1952302 Coordinator.h:126] commit: 70297 abort: 1561703 (0/1561703/0), network size: 0, avg network size: 0, si_in_serializable: 0 0 %, local: 0 %
I0314 16:49:15.999346 1952302 Coordinator.h:126] commit: 69945 abort: 1562055 (0/1562055/0), network size: 0, avg network size: 0, si_in_serializable: 0 0 %, local: 0 %
I0314 16:49:15.999401 1952302 Coordinator.h:152] average commit: 69938.3 abort: 1.56686e+06 (0/1.56686e+06/0), network size: 0, avg network size: 0, si_in_serializable: 0 0 %, local: 0 %
I0314 16:49:15.999833 1952322 AriaExecutor.h:103] AriaExecutor 4 exits. 
I0314 16:49:15.999833 1952318 AriaExecutor.h:103] AriaExecutor 0 exits. 
I0314 16:49:15.999840 1952320 AriaExecutor.h:103] AriaExecutor 2 exits. 
I0314 16:49:15.999841 1952329 AriaExecutor.h:103] AriaExecutor 11 exits. 
I0314 16:49:15.999841 1952323 AriaExecutor.h:103] AriaExecutor 5 exits. 
I0314 16:49:15.999843 1952321 AriaExecutor.h:103] AriaExecutor 3 exits. 
I0314 16:49:15.999847 1952330 Manager.h:227] Manager(worker id = 12) on the coordinator node exits.
I0314 16:49:15.999836 1952327 AriaExecutor.h:103] AriaExecutor 9 exits. 
I0314 16:49:15.999833 1952324 AriaExecutor.h:103] AriaExecutor 6 exits. 
I0314 16:49:15.999851 1952326 AriaExecutor.h:103] AriaExecutor 8 exits. 
I0314 16:49:15.999842 1952319 AriaExecutor.h:103] AriaExecutor 1 exits. 
I0314 16:49:15.999840 1952328 AriaExecutor.h:103] AriaExecutor 10 exits. 
I0314 16:49:15.999833 1952325 AriaExecutor.h:103] AriaExecutor 7 exits. 
I0314 16:49:15.999444 1952302 AriaExecutor.h:649] Worker 0 latency: 28577 us (50%) 106080 us (75%) 360883 us (95%) 396312 us (99%).
I0314 16:49:16.021770 1952302 AriaExecutor.h:649] Worker 1 latency: 18491 us (50%) 72416 us (75%) 248031 us (95%) 366110 us (99%).
I0314 16:49:16.032475 1952302 AriaExecutor.h:649] Worker 2 latency: 18605 us (50%) 73728 us (75%) 241122 us (95%) 356883 us (99%).
I0314 16:49:16.041623 1952302 AriaExecutor.h:649] Worker 3 latency: 18176 us (50%) 71258 us (75%) 229959 us (95%) 349325 us (99%).
I0314 16:49:16.050727 1952302 AriaExecutor.h:649] Worker 4 latency: 20730 us (50%) 75325 us (75%) 237628 us (95%) 348789 us (99%).
I0314 16:49:16.059736 1952302 AriaExecutor.h:649] Worker 5 latency: 23063 us (50%) 79556 us (75%) 244143 us (95%) 347782 us (99%).
I0314 16:49:16.069253 1952302 AriaExecutor.h:649] Worker 6 latency: 20760 us (50%) 74642 us (75%) 233031 us (95%) 345652 us (99%).
I0314 16:49:16.078361 1952302 AriaExecutor.h:649] Worker 7 latency: 18672 us (50%) 72046 us (75%) 225631 us (95%) 341023 us (99%).
I0314 16:49:16.087294 1952302 AriaExecutor.h:649] Worker 8 latency: 18719 us (50%) 72652 us (75%) 227644 us (95%) 340494 us (99%).
I0314 16:49:16.096346 1952302 AriaExecutor.h:649] Worker 9 latency: 18730 us (50%) 71980 us (75%) 226442 us (95%) 338111 us (99%).
I0314 16:49:16.105410 1952302 AriaExecutor.h:649] Worker 10 latency: 18509 us (50%) 70770 us (75%) 222940 us (95%) 334596 us (99%).
I0314 16:49:16.114511 1952302 AriaExecutor.h:649] Worker 11 latency: 18785 us (50%) 74086 us (75%) 230679 us (95%) 336207 us (99%).
I0314 16:49:16.123756 1952302 Coordinator.h:177] total commit: 69938.3
I0314 16:49:17.123956 1952302 Coordinator.h:192] Coordinator exits.
