I0314 17:11:56.806876 1962949 Database.h:65] ycsb initialization finished in 38 milliseconds.
I0314 17:11:56.807067 1962949 Coordinator.h:30] Coordinator initializes 12 workers.
I0314 17:11:56.912969 1962949 Coordinator.h:77] Coordinator starts to run 13 workers.
I0314 17:11:56.913074 1962965 AriaExecutor.h:94] AriaExecutor 0 started. 
I0314 17:11:56.913101 1962966 AriaExecutor.h:94] AriaExecutor 1 started. 
I0314 17:11:56.913228 1962967 AriaExecutor.h:94] AriaExecutor 2 started. 
I0314 17:11:56.913262 1962968 AriaExecutor.h:94] AriaExecutor 3 started. 
I0314 17:11:56.913368 1962969 AriaExecutor.h:94] AriaExecutor 4 started. 
I0314 17:11:56.913424 1962970 AriaExecutor.h:94] AriaExecutor 5 started. 
I0314 17:11:56.913514 1962971 AriaExecutor.h:94] AriaExecutor 6 started. 
I0314 17:11:56.913632 1962972 AriaExecutor.h:94] AriaExecutor 7 started. 
I0314 17:11:56.913750 1962973 AriaExecutor.h:94] AriaExecutor 8 started. 
I0314 17:11:56.913806 1962974 AriaExecutor.h:94] AriaExecutor 9 started. 
I0314 17:11:56.913892 1962975 AriaExecutor.h:94] AriaExecutor 10 started. 
I0314 17:11:56.914021 1962976 AriaExecutor.h:94] AriaExecutor 11 started. 
I0314 17:11:56.914048 1962977 Manager.h:224] Manager(worker id = 12) on the coordinator node started.
I0314 17:11:57.914095 1962949 Coordinator.h:126] commit: 12438 abort: 1035562 (0/1035562/0), network size: 0, avg network size: 0, si_in_serializable: 0 0 %, local: 0 %
I0314 17:11:58.914259 1962949 Coordinator.h:126] commit: 18028 abort: 1013972 (0/1013972/0), network size: 0, avg network size: 0, si_in_serializable: 0 0 %, local: 0 %
I0314 17:11:59.914458 1962949 Coordinator.h:126] commit: 20344 abort: 1007656 (0/1007656/0), network size: 0, avg network size: 0, si_in_serializable: 0 0 %, local: 0 %
I0314 17:12:00.914610 1962949 Coordinator.h:126] commit: 20886 abort: 995114 (0/995114/0), network size: 0, avg network size: 0, si_in_serializable: 0 0 %, local: 0 %
I0314 17:12:01.914745 1962949 Coordinator.h:126] commit: 21003 abort: 990997 (0/990997/0), network size: 0, avg network size: 0, si_in_serializable: 0 0 %, local: 0 %
I0314 17:12:02.914870 1962949 Coordinator.h:126] commit: 20314 abort: 983686 (0/983686/0), network size: 0, avg network size: 0, si_in_serializable: 0 0 %, local: 0 %
I0314 17:12:03.914994 1962949 Coordinator.h:126] commit: 20718 abort: 987282 (0/987282/0), network size: 0, avg network size: 0, si_in_serializable: 0 0 %, local: 0 %
I0314 17:12:04.915187 1962949 Coordinator.h:126] commit: 20713 abort: 987287 (0/987287/0), network size: 0, avg network size: 0, si_in_serializable: 0 0 %, local: 0 %
I0314 17:12:05.915338 1962949 Coordinator.h:126] commit: 20498 abort: 987502 (0/987502/0), network size: 0, avg network size: 0, si_in_serializable: 0 0 %, local: 0 %
I0314 17:12:06.915452 1962949 Coordinator.h:126] commit: 20933 abort: 991067 (0/991067/0), network size: 0, avg network size: 0, si_in_serializable: 0 0 %, local: 0 %
I0314 17:12:07.915570 1962949 Coordinator.h:126] commit: 20562 abort: 983438 (0/983438/0), network size: 0, avg network size: 0, si_in_serializable: 0 0 %, local: 0 %
I0314 17:12:08.915700 1962949 Coordinator.h:126] commit: 20573 abort: 987427 (0/987427/0), network size: 0, avg network size: 0, si_in_serializable: 0 0 %, local: 0 %
I0314 17:12:09.915820 1962949 Coordinator.h:126] commit: 20956 abort: 971044 (0/971044/0), network size: 0, avg network size: 0, si_in_serializable: 0 0 %, local: 0 %
I0314 17:12:10.915970 1962949 Coordinator.h:126] commit: 20553 abort: 987447 (0/987447/0), network size: 0, avg network size: 0, si_in_serializable: 0 0 %, local: 0 %
I0314 17:12:11.916080 1962949 Coordinator.h:126] commit: 20280 abort: 983720 (0/983720/0), network size: 0, avg network size: 0, si_in_serializable: 0 0 %, local: 0 %
I0314 17:12:12.916261 1962949 Coordinator.h:126] commit: 20932 abort: 983068 (0/983068/0), network size: 0, avg network size: 0, si_in_serializable: 0 0 %, local: 0 %
I0314 17:12:13.916409 1962949 Coordinator.h:126] commit: 20573 abort: 979427 (0/979427/0), network size: 0, avg network size: 0, si_in_serializable: 0 0 %, local: 0 %
I0314 17:12:14.916538 1962949 Coordinator.h:126] commit: 20638 abort: 983362 (0/983362/0), network size: 0, avg network size: 0, si_in_serializable: 0 0 %, local: 0 %
I0314 17:12:15.916682 1962949 Coordinator.h:126] commit: 20969 abort: 979031 (0/979031/0), network size: 0, avg network size: 0, si_in_serializable: 0 0 %, local: 0 %
I0314 17:12:16.916831 1962949 Coordinator.h:126] commit: 21131 abort: 986869 (0/986869/0), network size: 0, avg network size: 0, si_in_serializable: 0 0 %, local: 0 %
I0314 17:12:17.916962 1962949 Coordinator.h:126] commit: 21272 abort: 986728 (0/986728/0), network size: 0, avg network size: 0, si_in_serializable: 0 0 %, local: 0 %
I0314 17:12:18.917088 1962949 Coordinator.h:126] commit: 21080 abort: 986920 (0/986920/0), network size: 0, avg network size: 0, si_in_serializable: 0 0 %, local: 0 %
I0314 17:12:19.917258 1962949 Coordinator.h:126] commit: 20776 abort: 983224 (0/983224/0), network size: 0, avg network size: 0, si_in_serializable: 0 0 %, local: 0 %
I0314 17:12:20.917402 1962949 Coordinator.h:126] commit: 21062 abort: 978938 (0/978938/0), network size: 0, avg network size: 0, si_in_serializable: 0 0 %, local: 0 %
I0314 17:12:21.917543 1962949 Coordinator.h:126] commit: 21107 abort: 970893 (0/970893/0), network size: 0, avg network size: 0, si_in_serializable: 0 0 %, local: 0 %
I0314 17:12:21.917598 1962949 Coordinator.h:152] average commit: 20716.7 abort: 982483 (0/982483/0), network size: 0, avg network size: 0, si_in_serializable: 0 0 %, local: 0 %
I0314 17:12:21.919657 1962975 AriaExecutor.h:106] AriaExecutor 10 exits. 
I0314 17:12:21.919657 1962966 AriaExecutor.h:106] AriaExecutor 1 exits. 
I0314 17:12:21.919657 1962974 AriaExecutor.h:106] AriaExecutor 9 exits. 
I0314 17:12:21.919675 1962967 AriaExecutor.h:106] AriaExecutor 2 exits. 
I0314 17:12:21.919677 1962972 AriaExecutor.h:106] AriaExecutor 7 exits. 
I0314 17:12:21.919657 1962971 AriaExecutor.h:106] AriaExecutor 6 exits. 
I0314 17:12:21.919674 1962965 AriaExecutor.h:106] AriaExecutor 0 exits. 
I0314 17:12:21.919674 1962968 AriaExecutor.h:106] AriaExecutor 3 exits. 
I0314 17:12:21.919672 1962976 AriaExecutor.h:106] AriaExecutor 11 exits. 
I0314 17:12:21.919679 1962970 AriaExecutor.h:106] AriaExecutor 5 exits. 
I0314 17:12:21.919683 1962977 Manager.h:227] Manager(worker id = 12) on the coordinator node exits.
I0314 17:12:21.919657 1962969 AriaExecutor.h:106] AriaExecutor 4 exits. 
I0314 17:12:21.919674 1962973 AriaExecutor.h:106] AriaExecutor 8 exits. 
I0314 17:12:21.917641 1962949 AriaExecutor.h:646] Worker 0 latency: 181241 us (50%) 394768 us (75%) 664887 us (95%) 1325369 us (99%).
I0314 17:12:21.929224 1962949 AriaExecutor.h:646] Worker 1 latency: 129165 us (50%) 272991 us (75%) 636115 us (95%) 733359 us (99%).
I0314 17:12:21.935634 1962949 AriaExecutor.h:646] Worker 2 latency: 128632 us (50%) 269301 us (75%) 612674 us (95%) 700490 us (99%).
I0314 17:12:21.940477 1962949 AriaExecutor.h:646] Worker 3 latency: 126063 us (50%) 259441 us (75%) 592884 us (95%) 684608 us (99%).
I0314 17:12:21.944658 1962949 AriaExecutor.h:646] Worker 4 latency: 122854 us (50%) 256482 us (75%) 590857 us (95%) 684382 us (99%).
I0314 17:12:21.948446 1962949 AriaExecutor.h:646] Worker 5 latency: 127297 us (50%) 261485 us (75%) 575240 us (95%) 670555 us (99%).
I0314 17:12:21.951649 1962949 AriaExecutor.h:646] Worker 6 latency: 126346 us (50%) 259882 us (75%) 568046 us (95%) 664933 us (99%).
I0314 17:12:21.954787 1962949 AriaExecutor.h:646] Worker 7 latency: 122016 us (50%) 248006 us (75%) 567696 us (95%) 666735 us (99%).
I0314 17:12:21.957706 1962949 AriaExecutor.h:646] Worker 8 latency: 118704 us (50%) 243898 us (75%) 558526 us (95%) 660873 us (99%).
I0314 17:12:21.960645 1962949 AriaExecutor.h:646] Worker 9 latency: 118423 us (50%) 243683 us (75%) 551379 us (95%) 659101 us (99%).
I0314 17:12:21.963560 1962949 AriaExecutor.h:646] Worker 10 latency: 117812 us (50%) 238085 us (75%) 544076 us (95%) 655722 us (99%).
I0314 17:12:21.966436 1962949 AriaExecutor.h:646] Worker 11 latency: 122526 us (50%) 247696 us (75%) 541316 us (95%) 654307 us (99%).
I0314 17:12:21.969564 1962949 Coordinator.h:177] total commit: 20716.7
I0314 17:12:22.969776 1962949 Coordinator.h:192] Coordinator exits.
