I0314 16:34:38.807338 1946515 Database.h:65] ycsb initialization finished in 39 milliseconds.
I0314 16:34:38.807529 1946515 Coordinator.h:30] Coordinator initializes 12 workers.
I0314 16:34:38.914191 1946515 Coordinator.h:77] Coordinator starts to run 13 workers.
I0314 16:34:38.914301 1946531 AriaExecutor.h:91] AriaExecutor 0 started. 
I0314 16:34:38.914335 1946532 AriaExecutor.h:91] AriaExecutor 1 started. 
I0314 16:34:38.914456 1946533 AriaExecutor.h:91] AriaExecutor 2 started. 
I0314 16:34:38.914515 1946534 AriaExecutor.h:91] AriaExecutor 3 started. 
I0314 16:34:38.914598 1946535 AriaExecutor.h:91] AriaExecutor 4 started. 
I0314 16:34:38.914669 1946536 AriaExecutor.h:91] AriaExecutor 5 started. 
I0314 16:34:38.914743 1946537 AriaExecutor.h:91] AriaExecutor 6 started. 
I0314 16:34:38.914813 1946538 AriaExecutor.h:91] AriaExecutor 7 started. 
I0314 16:34:38.914887 1946539 AriaExecutor.h:91] AriaExecutor 8 started. 
I0314 16:34:38.914973 1946540 AriaExecutor.h:91] AriaExecutor 9 started. 
I0314 16:34:38.915048 1946541 AriaExecutor.h:91] AriaExecutor 10 started. 
I0314 16:34:38.915122 1946542 AriaExecutor.h:91] AriaExecutor 11 started. 
I0314 16:34:38.915196 1946543 Manager.h:224] Manager(worker id = 12) on the coordinator node started.
I0314 16:34:39.915247 1946515 Coordinator.h:126] commit: 435380 abort: 80620 (0/80620/0), network size: 0, avg network size: 0, si_in_serializable: 0 0 %, local: 0 %
I0314 16:34:40.915403 1946515 Coordinator.h:126] commit: 447835 abort: 84165 (0/84165/0), network size: 0, avg network size: 0, si_in_serializable: 0 0 %, local: 0 %
I0314 16:34:41.915575 1946515 Coordinator.h:126] commit: 461245 abort: 86755 (0/86755/0), network size: 0, avg network size: 0, si_in_serializable: 0 0 %, local: 0 %
I0314 16:34:42.915721 1946515 Coordinator.h:126] commit: 461074 abort: 86926 (0/86926/0), network size: 0, avg network size: 0, si_in_serializable: 0 0 %, local: 0 %
I0314 16:34:43.915866 1946515 Coordinator.h:126] commit: 464955 abort: 87045 (0/87045/0), network size: 0, avg network size: 0, si_in_serializable: 0 0 %, local: 0 %
I0314 16:34:44.915995 1946515 Coordinator.h:126] commit: 458121 abort: 85879 (0/85879/0), network size: 0, avg network size: 0, si_in_serializable: 0 0 %, local: 0 %
I0314 16:34:45.916110 1946515 Coordinator.h:126] commit: 458246 abort: 85754 (0/85754/0), network size: 0, avg network size: 0, si_in_serializable: 0 0 %, local: 0 %
I0314 16:34:46.916303 1946515 Coordinator.h:126] commit: 462362 abort: 85638 (0/85638/0), network size: 0, avg network size: 0, si_in_serializable: 0 0 %, local: 0 %
I0314 16:34:47.916469 1946515 Coordinator.h:126] commit: 464878 abort: 87122 (0/87122/0), network size: 0, avg network size: 0, si_in_serializable: 0 0 %, local: 0 %
I0314 16:34:48.916616 1946515 Coordinator.h:126] commit: 461882 abort: 86118 (0/86118/0), network size: 0, avg network size: 0, si_in_serializable: 0 0 %, local: 0 %
I0314 16:34:49.916751 1946515 Coordinator.h:126] commit: 465146 abort: 86854 (0/86854/0), network size: 0, avg network size: 0, si_in_serializable: 0 0 %, local: 0 %
I0314 16:34:50.916862 1946515 Coordinator.h:126] commit: 457590 abort: 86410 (0/86410/0), network size: 0, avg network size: 0, si_in_serializable: 0 0 %, local: 0 %
I0314 16:34:51.916975 1946515 Coordinator.h:126] commit: 465344 abort: 86656 (0/86656/0), network size: 0, avg network size: 0, si_in_serializable: 0 0 %, local: 0 %
I0314 16:34:52.917169 1946515 Coordinator.h:126] commit: 441633 abort: 82367 (0/82367/0), network size: 0, avg network size: 0, si_in_serializable: 0 0 %, local: 0 %
I0314 16:34:53.917339 1946515 Coordinator.h:126] commit: 462859 abort: 85382 (0/85382/0), network size: 0, avg network size: 0, si_in_serializable: 0 0 %, local: 0 %
I0314 16:34:54.917471 1946515 Coordinator.h:126] commit: 464991 abort: 86767 (0/86767/0), network size: 0, avg network size: 0, si_in_serializable: 0 0 %, local: 0 %
I0314 16:34:55.917578 1946515 Coordinator.h:126] commit: 465636 abort: 86364 (0/86364/0), network size: 0, avg network size: 0, si_in_serializable: 0 0 %, local: 0 %
I0314 16:34:56.917693 1946515 Coordinator.h:126] commit: 464308 abort: 87692 (0/87692/0), network size: 0, avg network size: 0, si_in_serializable: 0 0 %, local: 0 %
I0314 16:34:57.917826 1946515 Coordinator.h:126] commit: 464841 abort: 87159 (0/87159/0), network size: 0, avg network size: 0, si_in_serializable: 0 0 %, local: 0 %
I0314 16:34:58.917963 1946515 Coordinator.h:126] commit: 465162 abort: 86838 (0/86838/0), network size: 0, avg network size: 0, si_in_serializable: 0 0 %, local: 0 %
I0314 16:34:59.918085 1946515 Coordinator.h:126] commit: 464506 abort: 87494 (0/87494/0), network size: 0, avg network size: 0, si_in_serializable: 0 0 %, local: 0 %
I0314 16:35:00.918196 1946515 Coordinator.h:126] commit: 461962 abort: 86038 (0/86038/0), network size: 0, avg network size: 0, si_in_serializable: 0 0 %, local: 0 %
I0314 16:35:01.918303 1946515 Coordinator.h:126] commit: 464779 abort: 87221 (0/87221/0), network size: 0, avg network size: 0, si_in_serializable: 0 0 %, local: 0 %
I0314 16:35:02.918421 1946515 Coordinator.h:126] commit: 461530 abort: 86470 (0/86470/0), network size: 0, avg network size: 0, si_in_serializable: 0 0 %, local: 0 %
I0314 16:35:03.918558 1946515 Coordinator.h:126] commit: 465641 abort: 86359 (0/86359/0), network size: 0, avg network size: 0, si_in_serializable: 0 0 %, local: 0 %
I0314 16:35:03.918614 1946515 Coordinator.h:152] average commit: 461751 abort: 86248.9 (0/86248.9/0), network size: 0, avg network size: 0, si_in_serializable: 0 0 %, local: 0 %
I0314 16:35:03.925439 1946537 AriaExecutor.h:103] AriaExecutor 6 exits. 
I0314 16:35:03.925439 1946539 AriaExecutor.h:103] AriaExecutor 8 exits. 
I0314 16:35:03.925439 1946541 AriaExecutor.h:103] AriaExecutor 10 exits. 
I0314 16:35:03.925439 1946533 AriaExecutor.h:103] AriaExecutor 2 exits. 
I0314 16:35:03.925439 1946534 AriaExecutor.h:103] AriaExecutor 3 exits. 
I0314 16:35:03.925463 1946543 Manager.h:227] Manager(worker id = 12) on the coordinator node exits.
I0314 16:35:03.925439 1946532 AriaExecutor.h:103] AriaExecutor 1 exits. 
I0314 16:35:03.925439 1946531 AriaExecutor.h:103] AriaExecutor 0 exits. 
I0314 16:35:03.925439 1946540 AriaExecutor.h:103] AriaExecutor 9 exits. 
I0314 16:35:03.925457 1946535 AriaExecutor.h:103] AriaExecutor 4 exits. 
I0314 16:35:03.925457 1946538 AriaExecutor.h:103] AriaExecutor 7 exits. 
I0314 16:35:03.925457 1946542 AriaExecutor.h:103] AriaExecutor 11 exits. 
I0314 16:35:03.925458 1946536 AriaExecutor.h:103] AriaExecutor 5 exits. 
I0314 16:35:03.918658 1946515 AriaExecutor.h:649] Worker 0 latency: 5130 us (50%) 6544 us (75%) 12292 us (95%) 18110 us (99%).
I0314 16:35:03.991024 1946515 AriaExecutor.h:649] Worker 1 latency: 5137 us (50%) 6548 us (75%) 12257 us (95%) 17894 us (99%).
I0314 16:35:04.050585 1946515 AriaExecutor.h:649] Worker 2 latency: 5136 us (50%) 6546 us (75%) 12246 us (95%) 17823 us (99%).
I0314 16:35:04.107443 1946515 AriaExecutor.h:649] Worker 3 latency: 5136 us (50%) 6546 us (75%) 12234 us (95%) 17758 us (99%).
I0314 16:35:04.164330 1946515 AriaExecutor.h:649] Worker 4 latency: 5137 us (50%) 6544 us (75%) 12227 us (95%) 17690 us (99%).
I0314 16:35:04.221061 1946515 AriaExecutor.h:649] Worker 5 latency: 5128 us (50%) 6539 us (75%) 12217 us (95%) 17644 us (99%).
I0314 16:35:04.277909 1946515 AriaExecutor.h:649] Worker 6 latency: 5131 us (50%) 6541 us (75%) 12208 us (95%) 17573 us (99%).
I0314 16:35:04.336826 1946515 AriaExecutor.h:649] Worker 7 latency: 5129 us (50%) 6539 us (75%) 12189 us (95%) 17523 us (99%).
I0314 16:35:04.393244 1946515 AriaExecutor.h:649] Worker 8 latency: 5132 us (50%) 6540 us (75%) 12183 us (95%) 17472 us (99%).
I0314 16:35:04.449944 1946515 AriaExecutor.h:649] Worker 9 latency: 5118 us (50%) 6533 us (75%) 12171 us (95%) 17406 us (99%).
I0314 16:35:04.506204 1946515 AriaExecutor.h:649] Worker 10 latency: 5133 us (50%) 6538 us (75%) 12161 us (95%) 17351 us (99%).
I0314 16:35:04.564834 1946515 AriaExecutor.h:649] Worker 11 latency: 5121 us (50%) 6532 us (75%) 12149 us (95%) 17294 us (99%).
I0314 16:35:04.621055 1946515 Coordinator.h:177] total commit: 461751
I0314 16:35:05.621264 1946515 Coordinator.h:192] Coordinator exits.
